2025-12-16 13:15:05.043 17820-17849 WorkPolicyManager       com.cdccreditsmart.app               I     âœ… Monitor de desinstalaÃ§Ã£o registrado via broadcast
2025-12-16 13:15:05.043 17820-17849 WorkPolicyManager       com.cdccreditsmart.app               I     âœ… Monitor de pacotes registrado
2025-12-16 13:15:05.043 17820-17849 WorkPolicyManager       com.cdccreditsmart.app               I  
2025-12-16 13:15:05.043 17820-17849 WorkPolicyManager       com.cdccreditsmart.app               I  âš¡ [4/4] PROTEÃ‡Ã•ES ALTERNATIVAS
2025-12-16 13:15:05.043 17820-17849 WorkPolicyManager       com.cdccreditsmart.app               I  â”€â”€â”€â”€â”€â”€â”€â”€â”€â”€â”€â”€â”€â”€â”€â”€â”€â”€â”€â”€â”€â”€â”€â”€â”€â”€â”€â”€â”€â”€â”€â”€â”€â”€â”€â”€â”€â”€â”€â”€â”€â”€â”€â”€â”€â”€â”€â”€â”€â”€â”€â”€â”€â”€â”€â”€â”€â”€â”€â”€â”€â”€â”€
2025-12-16 13:15:05.043 17820-17849 WorkPolicyManager       com.cdccreditsmart.app               I     âœ… Device Admin ativo e funcionando
2025-12-16 13:15:05.047 17820-17849 WorkPolicyManager       com.cdccreditsmart.app               I  
2025-12-16 13:15:05.047 17820-17849 WorkPolicyManager       com.cdccreditsmart.app               I  â•”â•â•â•â•â•â•â•â•â•â•â•â•â•â•â•â•â•â•â•â•â•â•â•â•â•â•â•â•â•â•â•â•â•â•â•â•â•â•â•â•â•â•â•â•â•â•â•â•â•â•â•â•â•â•â•â•â•â•â•â•â•â•â•â•â•—
2025-12-16 13:15:05.047 17820-17849 WorkPolicyManager       com.cdccreditsmart.app               I  â•‘  ğŸ“Š RESUMO DAS POLÃTICAS DE TRABALHO                           â•‘
2025-12-16 13:15:05.047 17820-17849 WorkPolicyManager       com.cdccreditsmart.app               I  â• â•â•â•â•â•â•â•â•â•â•â•â•â•â•â•â•â•â•â•â•â•â•â•â•â•â•â•â•â•â•â•â•â•â•â•â•â•â•â•â•â•â•â•â•â•â•â•â•â•â•â•â•â•â•â•â•â•â•â•â•â•â•â•â•â•£
2025-12-16 13:15:05.047 17820-17849 WorkPolicyManager       com.cdccreditsmart.app               I  â•‘  ğŸ” NÃ­vel de proteÃ§Ã£o: DEVICE ADMIN
2025-12-16 13:15:05.047 17820-17849 WorkPolicyManager       com.cdccreditsmart.app               I  â•‘  ğŸ“‹ PolÃ­ticas aplicadas: 7
2025-12-16 13:15:05.047 17820-17849 WorkPolicyManager       com.cdccreditsmart.app               I  â• â•â•â•â•â•â•â•â•â•â•â•â•â•â•â•â•â•â•â•â•â•â•â•â•â•â•â•â•â•â•â•â•â•â•â•â•â•â•â•â•â•â•â•â•â•â•â•â•â•â•â•â•â•â•â•â•â•â•â•â•â•â•â•â•â•£
2025-12-16 13:15:05.047 17820-17849 WorkPolicyManager       com.cdccreditsmart.app               I  â•‘  âœ… PROTEÃ‡Ã•ES ATIVAS:
2025-12-16 13:15:05.047 17820-17849 WorkPolicyManager       com.cdccreditsmart.app               I  â•‘     âœ… PolÃ­ticas de senha configuradas
2025-12-16 13:15:05.047 17820-17849 WorkPolicyManager       com.cdccreditsmart.app               I  â•‘     âœ… IsenÃ§Ã£o de otimizaÃ§Ã£o de bateria
2025-12-16 13:15:05.047 17820-17849 WorkPolicyManager       com.cdccreditsmart.app               I  â•‘     âœ… Foreground Service persistente ativado
2025-12-16 13:15:05.047 17820-17849 WorkPolicyManager       com.cdccreditsmart.app               I  â•‘     âœ… VerificaÃ§Ã£o periÃ³dica de saÃºde agendada
2025-12-16 13:15:05.047 17820-17849 WorkPolicyManager       com.cdccreditsmart.app               I  â•‘     âœ… Monitor de desinstalaÃ§Ã£o ativado
2025-12-16 13:15:05.047 17820-17849 WorkPolicyManager       com.cdccreditsmart.app               I  â•‘     âœ… Monitor de mudanÃ§as de pacotes ativado
2025-12-16 13:15:05.047 17820-17849 WorkPolicyManager       com.cdccreditsmart.app               I  â•‘     âœ… PolÃ­ticas de Device Admin aplicadas
2025-12-16 13:15:05.047 17820-17849 WorkPolicyManager       com.cdccreditsmart.app               I  â• â•â•â•â•â•â•â•â•â•â•â•â•â•â•â•â•â•â•â•â•â•â•â•â•â•â•â•â•â•â•â•â•â•â•â•â•â•â•â•â•â•â•â•â•â•â•â•â•â•â•â•â•â•â•â•â•â•â•â•â•â•â•â•â•â•£
2025-12-16 13:15:05.047 17820-17849 WorkPolicyManager       com.cdccreditsmart.app               I  â•‘  âš ï¸ AVISOS:
2025-12-16 13:15:05.047 17820-17849 WorkPolicyManager       com.cdccreditsmart.app               W  â•‘     âš ï¸ DesinstalaÃ§Ã£o: UsuÃ¡rio pode desinstalar (Device Admin nÃ£o bloqueia)
2025-12-16 13:15:05.047 17820-17849 WorkPolicyManager       com.cdccreditsmart.app               W  â•‘     âš ï¸ Factory Reset: NÃ£o bloqueÃ¡vel sem Device Owner
2025-12-16 13:15:05.047 17820-17849 WorkPolicyManager       com.cdccreditsmart.app               W  â•‘     âš ï¸ RecomendaÃ§Ã£o: Ativar Device Owner para proteÃ§Ã£o mÃ¡xima
2025-12-16 13:15:05.047 17820-17849 WorkPolicyManager       com.cdccreditsmart.app               I  â•šâ•â•â•â•â•â•â•â•â•â•â•â•â•â•â•â•â•â•â•â•â•â•â•â•â•â•â•â•â•â•â•â•â•â•â•â•â•â•â•â•â•â•â•â•â•â•â•â•â•â•â•â•â•â•â•â•â•â•â•â•â•â•â•â•â•
2025-12-16 13:15:05.047 17820-17849 WorkPolicyManager       com.cdccreditsmart.app               I  
2025-12-16 13:15:05.047 17820-17849 CdcForegroundService    com.cdccreditsmart.app               I  ğŸ¢ Resultado: DEVICE_ADMIN
2025-12-16 13:15:05.047 17820-17849 CdcForegroundService    com.cdccreditsmart.app               I  ğŸ¢ PolÃ­ticas aplicadas: 7/10
2025-12-16 13:15:05.047 17820-17849 CdcForegroundService    com.cdccreditsmart.app               W  ğŸ¢ âš ï¸ DesinstalaÃ§Ã£o: UsuÃ¡rio pode desinstalar (Device Admin nÃ£o bloqueia)
2025-12-16 13:15:05.047 17820-17849 CdcForegroundService    com.cdccreditsmart.app               W  ğŸ¢ âš ï¸ Factory Reset: NÃ£o bloqueÃ¡vel sem Device Owner
2025-12-16 13:15:05.047 17820-17849 CdcForegroundService    com.cdccreditsmart.app               W  ğŸ¢ âš ï¸ RecomendaÃ§Ã£o: Ativar Device Owner para proteÃ§Ã£o mÃ¡xima
2025-12-16 13:15:05.047 17820-17849 CdcForegroundService    com.cdccreditsmart.app               I  ğŸ¢ ========================================
2025-12-16 13:15:05.047 17820-17849 CdcForegroundService    com.cdccreditsmart.app               W  ğŸ›¡ï¸ ========================================
2025-12-16 13:15:05.047 17820-17849 CdcForegroundService    com.cdccreditsmart.app               W  ğŸ›¡ï¸ GUARD NÃƒO INICIADO - PROVISIONAMENTO NÃƒO COMPLETO
2025-12-16 13:15:05.047 17820-17849 CdcForegroundService    com.cdccreditsmart.app               W  ğŸ›¡ï¸ Guard serÃ¡ iniciado apÃ³s provisionamento
2025-12-16 13:15:05.047 17820-17849 CdcForegroundService    com.cdccreditsmart.app               W  ğŸ›¡ï¸ ========================================
2025-12-16 13:15:05.047 17820-17849 OfflineEnf...mentWorker com.cdccreditsmart.app               I  âœ… OfflineEnforcementWorker agendado
2025-12-16 13:15:05.047 17820-17849 CdcForegroundService    com.cdccreditsmart.app               I  âœ… OfflineEnforcementWorker agendado
2025-12-16 13:15:05.047 17820-17849 PeriodicOverlayWorker   com.cdccreditsmart.app               I  ğŸ“… Agendando overlay automÃ¡tico
2025-12-16 13:15:05.047 17820-17849 PeriodicOverlayWorker   com.cdccreditsmart.app               I     WorkManager interval: 15 minutos (mÃ­nimo obrigatÃ³rio)
2025-12-16 13:15:05.047 17820-17849 PeriodicOverlayWorker   com.cdccreditsmart.app               I     Cooldowns progressivos controlados internamente pelo worker
2025-12-16 13:15:05.047 17820-17849 PeriodicOverlayWorker   com.cdccreditsmart.app               I  âœ… Overlay automÃ¡tico agendado com sucesso
2025-12-16 13:15:05.048 17820-17849 CdcForegroundService    com.cdccreditsmart.app               I  âœ… PeriodicOverlayWorker agendado
2025-12-16 13:15:05.051 17820-17820 FactoryResetRecovery    com.cdccreditsmart.app               I  ========================================
2025-12-16 13:15:05.051 17820-17820 FactoryResetRecovery    com.cdccreditsmart.app               I  ğŸ”„ BOOT DETECTADO (android.intent.action.BOOT_COMPLETED) - Verificando recuperaÃ§Ã£o
2025-12-16 13:15:05.051 17820-17820 FactoryResetRecovery    com.cdccreditsmart.app               I  ========================================
2025-12-16 13:15:05.051 17820-17849 ContractCodeStorage     com.cdccreditsmart.app               D  Retrieving contract code from storage
2025-12-16 13:15:05.074 17820-17820 BootReceiver            com.cdccreditsmart.app               I  ğŸ“± Boot completed - iniciando serviÃ§os...
2025-12-16 13:15:05.074 17820-17820 FactoryResetRecovery    com.cdccreditsmart.app               I  Initializing Factory Reset Recovery system
2025-12-16 13:15:05.091 17820-17820 FactoryResetRecovery    com.cdccreditsmart.app               W  Cannot read device serial: getSerial: The uid 10220 does not meet the requirements to access device identifiers.
2025-12-16 13:15:05.126 17820-17820 SecureTokenStorage      com.cdccreditsmart.app               D  EncryptedSharedPreferences initialized successfully
2025-12-16 13:15:05.129 17820-17820 ContractCodeStorage     com.cdccreditsmart.app               D  Retrieving contract code from storage
2025-12-16 13:15:05.168 17820-17849 ContractCodeStorage     com.cdccreditsmart.app               D  Storage verification: 0 valid, 0 tampered, 7 missing
2025-12-16 13:15:05.168 17820-17849 ContractCodeStorage     com.cdccreditsmart.app               W  No valid contract code found in any location
2025-12-16 13:15:05.203 17820-17849 SecureTokenStorage      com.cdccreditsmart.app               D  EncryptedSharedPreferences initialized successfully
2025-12-16 13:15:05.207 17820-17849 ApkPreloadManager       com.cdccreditsmart.app               I  ğŸ“± Fabricante genÃ©rico - usando caminhos AOSP
2025-12-16 13:15:05.207 17820-17849 FactoryResetRecovery    com.cdccreditsmart.app               I  â„¹ï¸ Sem manifesto de enrollment - app iniciarÃ¡ normalmente
2025-12-16 13:15:05.231 17820-17820 ContractCodeStorage     com.cdccreditsmart.app               D  Storage verification: 0 valid, 0 tampered, 7 missing
2025-12-16 13:15:05.231 17820-17820 ContractCodeStorage     com.cdccreditsmart.app               W  No valid contract code found in any location
2025-12-16 13:15:05.231 17820-17820 FactoryResetRecovery    com.cdccreditsmart.app               W  No enrollment data available to save
2025-12-16 13:15:05.231 17820-17820 FactoryResetRecovery    com.cdccreditsmart.app               I  Factory Reset Recovery initialized
2025-12-16 13:15:05.235 17820-17820 CdcForegroundService    com.cdccreditsmart.app               I  âœ… ServiÃ§o iniciado via startService()
2025-12-16 13:15:05.235 17820-17820 OfflineEnf...mentWorker com.cdccreditsmart.app               I  âœ… OfflineEnforcementWorker agendado
2025-12-16 13:15:05.235 17820-17820 BootReceiver            com.cdccreditsmart.app               I  âœ… OfflineEnforcementWorker agendado apÃ³s boot
2025-12-16 13:15:05.235 17820-17820 PeriodicOverlayWorker   com.cdccreditsmart.app               I  ğŸ“… Agendando overlay automÃ¡tico
2025-12-16 13:15:05.235 17820-17820 PeriodicOverlayWorker   com.cdccreditsmart.app               I     WorkManager interval: 15 minutos (mÃ­nimo obrigatÃ³rio)
2025-12-16 13:15:05.235 17820-17820 PeriodicOverlayWorker   com.cdccreditsmart.app               I     Cooldowns progressivos controlados internamente pelo worker
2025-12-16 13:15:05.235 17820-17820 PeriodicOverlayWorker   com.cdccreditsmart.app               I  âœ… Overlay automÃ¡tico agendado com sucesso
2025-12-16 13:15:05.235 17820-17820 BootReceiver            com.cdccreditsmart.app               I  âœ… PeriodicOverlayWorker agendado apÃ³s boot
2025-12-16 13:15:05.235 17820-17820 BootReceiver            com.cdccreditsmart.app               I  âœ… ServiÃ§os iniciados apÃ³s boot
2025-12-16 13:15:05.243 17820-17820 CdcForegroundService    com.cdccreditsmart.app               D  ğŸš€ ServiÃ§o onStartCommand() - Action: com.cdccreditsmart.app.START_SERVICE
2025-12-16 13:15:05.256 17820-17820 CdcForegroundService    com.cdccreditsmart.app               I  âœ… Foreground Service ativo (Android 12+)
2025-12-16 13:15:05.259 17820-17849 CdcForegroundService    com.cdccreditsmart.app               I  ğŸ”§ ========================================
2025-12-16 13:15:05.263 17820-17849 CdcForegroundService    com.cdccreditsmart.app               I  ğŸ”§ INICIANDO initializeServices()...
2025-12-16 13:15:05.263 17820-17849 CdcForegroundService    com.cdccreditsmart.app               I  ğŸ”§ ========================================
2025-12-16 13:15:05.263 17820-17849 CdcForegroundService    com.cdccreditsmart.app               D  âœ… ServiÃ§os base jÃ¡ inicializados
2025-12-16 13:15:05.263 17820-17849 CdcForegroundService    com.cdccreditsmart.app               I  ğŸ¢ ========================================
2025-12-16 13:15:05.263 17820-17849 CdcForegroundService    com.cdccreditsmart.app               I  ğŸ¢ APLICANDO POLÃTICAS DE AMBIENTE DE TRABALHO
2025-12-16 13:15:05.263 17820-17849 CdcForegroundService    com.cdccreditsmart.app               I  ğŸ¢ ========================================
2025-12-16 13:15:05.263 17820-17849 WorkPolicyManager       com.cdccreditsmart.app               I  
2025-12-16 13:15:05.263 17820-17849 WorkPolicyManager       com.cdccreditsmart.app               I  â•”â•â•â•â•â•â•â•â•â•â•â•â•â•â•â•â•â•â•â•â•â•â•â•â•â•â•â•â•â•â•â•â•â•â•â•â•â•â•â•â•â•â•â•â•â•â•â•â•â•â•â•â•â•â•â•â•â•â•â•â•â•â•â•â•â•—
2025-12-16 13:15:05.263 17820-17849 WorkPolicyManager       com.cdccreditsmart.app               I  â•‘  ğŸ¢ APLICANDO POLÃTICAS DE AMBIENTE DE TRABALHO                â•‘
2025-12-16 13:15:05.263 17820-17849 WorkPolicyManager       com.cdccreditsmart.app               I  â•‘     CDC CREDIT SMART - PROTEÃ‡ÃƒO EMPRESARIAL                    â•‘
2025-12-16 13:15:05.263 17820-17849 WorkPolicyManager       com.cdccreditsmart.app               I  â•šâ•â•â•â•â•â•â•â•â•â•â•â•â•â•â•â•â•â•â•â•â•â•â•â•â•â•â•â•â•â•â•â•â•â•â•â•â•â•â•â•â•â•â•â•â•â•â•â•â•â•â•â•â•â•â•â•â•â•â•â•â•â•â•â•â•
2025-12-16 13:15:05.263 17820-17849 WorkPolicyManager       com.cdccreditsmart.app               I  
2025-12-16 13:15:05.266 17820-17820 BootInterceptor         com.cdccreditsmart.app               I  ========================================
2025-12-16 13:15:05.266 17820-17820 BootInterceptor         com.cdccreditsmart.app               I  ğŸ”„ BOOT EVENT DETECTADO
2025-12-16 13:15:05.266 17820-17820 BootInterceptor         com.cdccreditsmart.app               I  ========================================
2025-12-16 13:15:05.266 17820-17820 BootInterceptor         com.cdccreditsmart.app               I  âœ… BOOT COMPLETO DETECTADO
2025-12-16 13:15:05.266 17820-17820 BootInterceptor         com.cdccreditsmart.app               I     Sistema Android iniciado com sucesso
2025-12-16 13:15:05.267 17820-17849 WorkPolicyManager       com.cdccreditsmart.app               I  ğŸ“‹ STATUS DO DISPOSITIVO:
2025-12-16 13:15:05.267 17820-17849 WorkPolicyManager       com.cdccreditsmart.app               I     Device Owner: âŒ NÃƒO
2025-12-16 13:15:05.267 17820-17849 WorkPolicyManager       com.cdccreditsmart.app               I     Device Admin: âœ… SIM
2025-12-16 13:15:05.267 17820-17849 WorkPolicyManager       com.cdccreditsmart.app               I  
2025-12-16 13:15:05.267 17820-17849 WorkPolicyManager       com.cdccreditsmart.app               I  â•â•â•â•â•â•â•â•â•â•â•â•â•â•â•â•â•â•â•â•â•â•â•â•â•â•â•â•â•â•â•â•â•â•â•â•â•â•â•â•â•â•â•â•â•â•â•â•â•â•â•â•â•â•â•â•â•â•â•â•â•â•â•
2025-12-16 13:15:05.267 17820-17849 WorkPolicyManager       com.cdccreditsmart.app               I  ğŸ›¡ï¸ MODO DEVICE ADMIN - PROTEÃ‡ÃƒO PARCIAL
2025-12-16 13:15:05.267 17820-17849 WorkPolicyManager       com.cdccreditsmart.app               I  â•â•â•â•â•â•â•â•â•â•â•â•â•â•â•â•â•â•â•â•â•â•â•â•â•â•â•â•â•â•â•â•â•â•â•â•â•â•â•â•â•â•â•â•â•â•â•â•â•â•â•â•â•â•â•â•â•â•â•â•â•â•â•
2025-12-16 13:15:05.267 17820-17849 WorkPolicyManager       com.cdccreditsmart.app               I  
2025-12-16 13:15:05.267 17820-17849 WorkPolicyManager       com.cdccreditsmart.app               W  âš ï¸ LIMITAÃ‡Ã•ES DO DEVICE ADMIN:
2025-12-16 13:15:05.267 17820-17849 WorkPolicyManager       com.cdccreditsmart.app               W     â€¢ NÃ£o pode bloquear desinstalaÃ§Ã£o completamente
2025-12-16 13:15:05.267 17820-17849 WorkPolicyManager       com.cdccreditsmart.app               W     â€¢ NÃ£o pode bloquear Factory Reset via Settings
2025-12-16 13:15:05.267 17820-17849 WorkPolicyManager       com.cdccreditsmart.app               W     â€¢ NÃ£o pode desativar controles do usuÃ¡rio
2025-12-16 13:15:05.267 17820-17849 WorkPolicyManager       com.cdccreditsmart.app               W     â€¢ ProteÃ§Ãµes limitadas Ã s APIs de Device Admin
2025-12-16 13:15:05.267 17820-17849 WorkPolicyManager       com.cdccreditsmart.app               I  
2025-12-16 13:15:05.267 17820-17849 WorkPolicyManager       com.cdccreditsmart.app               I  ğŸ” [1/4] POLÃTICAS DE SENHA
2025-12-16 13:15:05.267 17820-17849 WorkPolicyManager       com.cdccreditsmart.app               I  â”€â”€â”€â”€â”€â”€â”€â”€â”€â”€â”€â”€â”€â”€â”€â”€â”€â”€â”€â”€â”€â”€â”€â”€â”€â”€â”€â”€â”€â”€â”€â”€â”€â”€â”€â”€â”€â”€â”€â”€â”€â”€â”€â”€â”€â”€â”€â”€â”€â”€â”€â”€â”€â”€â”€â”€â”€â”€â”€â”€â”€â”€â”€
2025-12-16 13:15:05.267 17820-17849 WorkPolicyManager       com.cdccreditsmart.app               I     âœ… PolÃ­ticas de senha configuradas (Device Admin)
2025-12-16 13:15:05.267 17820-17849 WorkPolicyManager       com.cdccreditsmart.app               I  
2025-12-16 13:15:05.267 17820-17849 WorkPolicyManager       com.cdccreditsmart.app               I  ğŸ“± [2/4] PROTEÃ‡Ã•ES DE PERSISTÃŠNCIA
2025-12-16 13:15:05.267 17820-17849 WorkPolicyManager       com.cdccreditsmart.app               I  â”€â”€â”€â”€â”€â”€â”€â”€â”€â”€â”€â”€â”€â”€â”€â”€â”€â”€â”€â”€â”€â”€â”€â”€â”€â”€â”€â”€â”€â”€â”€â”€â”€â”€â”€â”€â”€â”€â”€â”€â”€â”€â”€â”€â”€â”€â”€â”€â”€â”€â”€â”€â”€â”€â”€â”€â”€â”€â”€â”€â”€â”€â”€
2025-12-16 13:15:05.267 17820-17849 WorkPolicyManager       com.cdccreditsmart.app               I     âœ… JÃ¡ isento de otimizaÃ§Ã£o de bateria
2025-12-16 13:15:05.267 17820-17849 WorkPolicyManager       com.cdccreditsmart.app               I     âœ… Foreground Service configurado via CdcForegroundService
2025-12-16 13:15:05.267 17820-17849 WorkPolicyManager       com.cdccreditsmart.app               I     âœ… WorkManager health check agendado
2025-12-16 13:15:05.267 17820-17849 WorkPolicyManager       com.cdccreditsmart.app               I  
2025-12-16 13:15:05.267 17820-17849 WorkPolicyManager       com.cdccreditsmart.app               I  ğŸ”” [3/4] MONITORAMENTO
2025-12-16 13:15:05.267 17820-17849 WorkPolicyManager       com.cdccreditsmart.app               I  â”€â”€â”€â”€â”€â”€â”€â”€â”€â”€â”€â”€â”€â”€â”€â”€â”€â”€â”€â”€â”€â”€â”€â”€â”€â”€â”€â”€â”€â”€â”€â”€â”€â”€â”€â”€â”€â”€â”€â”€â”€â”€â”€â”€â”€â”€â”€â”€â”€â”€â”€â”€â”€â”€â”€â”€â”€â”€â”€â”€â”€â”€â”€
2025-12-16 13:15:05.267 17820-17849 WorkPolicyManager       com.cdccreditsmart.app               I     âœ… Monitor de desinstalaÃ§Ã£o registrado via broadcast
2025-12-16 13:15:05.267 17820-17849 WorkPolicyManager       com.cdccreditsmart.app               I     âœ… Monitor de pacotes registrado
2025-12-16 13:15:05.267 17820-17849 WorkPolicyManager       com.cdccreditsmart.app               I  
2025-12-16 13:15:05.267 17820-17849 WorkPolicyManager       com.cdccreditsmart.app               I  âš¡ [4/4] PROTEÃ‡Ã•ES ALTERNATIVAS
2025-12-16 13:15:05.267 17820-17849 WorkPolicyManager       com.cdccreditsmart.app               I  â”€â”€â”€â”€â”€â”€â”€â”€â”€â”€â”€â”€â”€â”€â”€â”€â”€â”€â”€â”€â”€â”€â”€â”€â”€â”€â”€â”€â”€â”€â”€â”€â”€â”€â”€â”€â”€â”€â”€â”€â”€â”€â”€â”€â”€â”€â”€â”€â”€â”€â”€â”€â”€â”€â”€â”€â”€â”€â”€â”€â”€â”€â”€
2025-12-16 13:15:05.267 17820-17849 WorkPolicyManager       com.cdccreditsmart.app               I     âœ… Device Admin ativo e funcionando
2025-12-16 13:15:05.267 17820-17849 WorkPolicyManager       com.cdccreditsmart.app               I  
2025-12-16 13:15:05.267 17820-17849 WorkPolicyManager       com.cdccreditsmart.app               I  â•”â•â•â•â•â•â•â•â•â•â•â•â•â•â•â•â•â•â•â•â•â•â•â•â•â•â•â•â•â•â•â•â•â•â•â•â•â•â•â•â•â•â•â•â•â•â•â•â•â•â•â•â•â•â•â•â•â•â•â•â•â•â•â•â•â•—
2025-12-16 13:15:05.267 17820-17849 WorkPolicyManager       com.cdccreditsmart.app               I  â•‘  ğŸ“Š RESUMO DAS POLÃTICAS DE TRABALHO                           â•‘
2025-12-16 13:15:05.267 17820-17849 WorkPolicyManager       com.cdccreditsmart.app               I  â• â•â•â•â•â•â•â•â•â•â•â•â•â•â•â•â•â•â•â•â•â•â•â•â•â•â•â•â•â•â•â•â•â•â•â•â•â•â•â•â•â•â•â•â•â•â•â•â•â•â•â•â•â•â•â•â•â•â•â•â•â•â•â•â•â•£
2025-12-16 13:15:05.270 17820-17820 BootInterceptor         com.cdccreditsmart.app               I     Device Fingerprint: CDC_-1601365****
2025-12-16 13:15:05.271 17820-17849 WorkPolicyManager       com.cdccreditsmart.app               I  â•‘  ğŸ” NÃ­vel de proteÃ§Ã£o: DEVICE ADMIN
2025-12-16 13:15:05.271 17820-17849 WorkPolicyManager       com.cdccreditsmart.app               I  â•‘  ğŸ“‹ PolÃ­ticas aplicadas: 7
2025-12-16 13:15:05.271 17820-17849 WorkPolicyManager       com.cdccreditsmart.app               I  â• â•â•â•â•â•â•â•â•â•â•â•â•â•â•â•â•â•â•â•â•â•â•â•â•â•â•â•â•â•â•â•â•â•â•â•â•â•â•â•â•â•â•â•â•â•â•â•â•â•â•â•â•â•â•â•â•â•â•â•â•â•â•â•â•â•£
2025-12-16 13:15:05.271 17820-17849 WorkPolicyManager       com.cdccreditsmart.app               I  â•‘  âœ… PROTEÃ‡Ã•ES ATIVAS:
2025-12-16 13:15:05.271 17820-17849 WorkPolicyManager       com.cdccreditsmart.app               I  â•‘     âœ… PolÃ­ticas de senha configuradas
2025-12-16 13:15:05.271 17820-17849 WorkPolicyManager       com.cdccreditsmart.app               I  â•‘     âœ… IsenÃ§Ã£o de otimizaÃ§Ã£o de bateria
2025-12-16 13:15:05.271 17820-17849 WorkPolicyManager       com.cdccreditsmart.app               I  â•‘     âœ… Foreground Service persistente ativado
2025-12-16 13:15:05.271 17820-17849 WorkPolicyManager       com.cdccreditsmart.app               I  â•‘     âœ… VerificaÃ§Ã£o periÃ³dica de saÃºde agendada
2025-12-16 13:15:05.271 17820-17849 WorkPolicyManager       com.cdccreditsmart.app               I  â•‘     âœ… Monitor de desinstalaÃ§Ã£o ativado
2025-12-16 13:15:05.271 17820-17849 WorkPolicyManager       com.cdccreditsmart.app               I  â•‘     âœ… Monitor de mudanÃ§as de pacotes ativado
2025-12-16 13:15:05.271 17820-17849 WorkPolicyManager       com.cdccreditsmart.app               I  â•‘     âœ… PolÃ­ticas de Device Admin aplicadas
2025-12-16 13:15:05.271 17820-17849 WorkPolicyManager       com.cdccreditsmart.app               I  â• â•â•â•â•â•â•â•â•â•â•â•â•â•â•â•â•â•â•â•â•â•â•â•â•â•â•â•â•â•â•â•â•â•â•â•â•â•â•â•â•â•â•â•â•â•â•â•â•â•â•â•â•â•â•â•â•â•â•â•â•â•â•â•â•â•£
2025-12-16 13:15:05.271 17820-17849 WorkPolicyManager       com.cdccreditsmart.app               I  â•‘  âš ï¸ AVISOS:
2025-12-16 13:15:05.271 17820-17849 WorkPolicyManager       com.cdccreditsmart.app               W  â•‘     âš ï¸ DesinstalaÃ§Ã£o: UsuÃ¡rio pode desinstalar (Device Admin nÃ£o bloqueia)
2025-12-16 13:15:05.271 17820-17849 WorkPolicyManager       com.cdccreditsmart.app               W  â•‘     âš ï¸ Factory Reset: NÃ£o bloqueÃ¡vel sem Device Owner
2025-12-16 13:15:05.271 17820-17849 WorkPolicyManager       com.cdccreditsmart.app               W  â•‘     âš ï¸ RecomendaÃ§Ã£o: Ativar Device Owner para proteÃ§Ã£o mÃ¡xima
2025-12-16 13:15:05.271 17820-17849 WorkPolicyManager       com.cdccreditsmart.app               I  â•šâ•â•â•â•â•â•â•â•â•â•â•â•â•â•â•â•â•â•â•â•â•â•â•â•â•â•â•â•â•â•â•â•â•â•â•â•â•â•â•â•â•â•â•â•â•â•â•â•â•â•â•â•â•â•â•â•â•â•â•â•â•â•â•â•â•
2025-12-16 13:15:05.271 17820-17849 WorkPolicyManager       com.cdccreditsmart.app               I  
2025-12-16 13:15:05.271 17820-17849 CdcForegroundService    com.cdccreditsmart.app               I  ğŸ¢ Resultado: DEVICE_ADMIN
2025-12-16 13:15:05.271 17820-17849 CdcForegroundService    com.cdccreditsmart.app               I  ğŸ¢ PolÃ­ticas aplicadas: 7/10
2025-12-16 13:15:05.271 17820-17849 CdcForegroundService    com.cdccreditsmart.app               W  ğŸ¢ âš ï¸ DesinstalaÃ§Ã£o: UsuÃ¡rio pode desinstalar (Device Admin nÃ£o bloqueia)
2025-12-16 13:15:05.271 17820-17849 CdcForegroundService    com.cdccreditsmart.app               W  ğŸ¢ âš ï¸ Factory Reset: NÃ£o bloqueÃ¡vel sem Device Owner
2025-12-16 13:15:05.271 17820-17849 CdcForegroundService    com.cdccreditsmart.app               W  ğŸ¢ âš ï¸ RecomendaÃ§Ã£o: Ativar Device Owner para proteÃ§Ã£o mÃ¡xima
2025-12-16 13:15:05.271 17820-17849 CdcForegroundService    com.cdccreditsmart.app               I  ğŸ¢ ========================================
2025-12-16 13:15:05.271 17820-17849 CdcForegroundService    com.cdccreditsmart.app               W  ğŸ›¡ï¸ ========================================
2025-12-16 13:15:05.271 17820-17849 CdcForegroundService    com.cdccreditsmart.app               W  ğŸ›¡ï¸ GUARD NÃƒO INICIADO - PROVISIONAMENTO NÃƒO COMPLETO
2025-12-16 13:15:05.271 17820-17849 CdcForegroundService    com.cdccreditsmart.app               W  ğŸ›¡ï¸ Guard serÃ¡ iniciado apÃ³s provisionamento
2025-12-16 13:15:05.271 17820-17849 CdcForegroundService    com.cdccreditsmart.app               W  ğŸ›¡ï¸ ========================================
2025-12-16 13:15:05.271 17820-17849 OfflineEnf...mentWorker com.cdccreditsmart.app               I  âœ… OfflineEnforcementWorker agendado
2025-12-16 13:15:05.271 17820-17849 CdcForegroundService    com.cdccreditsmart.app               I  âœ… OfflineEnforcementWorker agendado
2025-12-16 13:15:05.271 17820-17849 PeriodicOverlayWorker   com.cdccreditsmart.app               I  ğŸ“… Agendando overlay automÃ¡tico
2025-12-16 13:15:05.271 17820-17849 PeriodicOverlayWorker   com.cdccreditsmart.app               I     WorkManager interval: 15 minutos (mÃ­nimo obrigatÃ³rio)
2025-12-16 13:15:05.271 17820-17849 PeriodicOverlayWorker   com.cdccreditsmart.app               I     Cooldowns progressivos controlados internamente pelo worker
2025-12-16 13:15:05.271 17820-17849 PeriodicOverlayWorker   com.cdccreditsmart.app               I  âœ… Overlay automÃ¡tico agendado com sucesso
2025-12-16 13:15:05.271 17820-17849 CdcForegroundService    com.cdccreditsmart.app               I  âœ… PeriodicOverlayWorker agendado
2025-12-16 13:15:05.299 17820-17820 SecureTokenStorage      com.cdccreditsmart.app               D  EncryptedSharedPreferences initialized successfully
2025-12-16 13:15:05.304 17820-17820 TamperDetection         com.cdccreditsmart.app               I  
2025-12-16 13:15:05.304 17820-17820 TamperDetection         com.cdccreditsmart.app               I  â•”â•â•â•â•â•â•â•â•â•â•â•â•â•â•â•â•â•â•â•â•â•â•â•â•â•â•â•â•â•â•â•â•â•â•â•â•â•â•â•â•â•â•â•â•â•â•â•â•â•â•â•â•â•â•â•â•â•—
2025-12-16 13:15:05.304 17820-17820 TamperDetection         com.cdccreditsmart.app               I  â•‘    ğŸ“¡ BOOT REPORT ADIADO - AGUARDANDO PAREAMENTO      â•‘
2025-12-16 13:15:05.304 17820-17820 TamperDetection         com.cdccreditsmart.app               I  â• â•â•â•â•â•â•â•â•â•â•â•â•â•â•â•â•â•â•â•â•â•â•â•â•â•â•â•â•â•â•â•â•â•â•â•â•â•â•â•â•â•â•â•â•â•â•â•â•â•â•â•â•â•â•â•â•â•£
2025-12-16 13:15:05.304 17820-17820 TamperDetection         com.cdccreditsmart.app               I  â•‘  â³ Device ainda nÃ£o pareado com contrato              â•‘
2025-12-16 13:15:05.304 17820-17820 TamperDetection         com.cdccreditsmart.app               I  â•‘  â³ Boot serÃ¡ reportado apÃ³s autenticaÃ§Ã£o              â•‘
2025-12-16 13:15:05.304 17820-17820 TamperDetection         com.cdccreditsmart.app               I  â•‘  â„¹ï¸  Isso Ã© comportamento NORMAL antes do pareamento   â•‘
2025-12-16 13:15:05.304 17820-17820 TamperDetection         com.cdccreditsmart.app               I  â•šâ•â•â•â•â•â•â•â•â•â•â•â•â•â•â•â•â•â•â•â•â•â•â•â•â•â•â•â•â•â•â•â•â•â•â•â•â•â•â•â•â•â•â•â•â•â•â•â•â•â•â•â•â•â•â•â•â•
2025-12-16 13:15:05.304 17820-17820 TamperDetection         com.cdccreditsmart.app               I  
2025-12-16 13:15:05.304 17820-17820 BootInterceptor         com.cdccreditsmart.app               I  ========================================
2025-12-16 13:15:05.326 17820-17820 SettingsGuardStartRcv   com.cdccreditsmart.app               I  ğŸ›¡ï¸ ========================================
2025-12-16 13:15:05.326 17820-17820 SettingsGuardStartRcv   com.cdccreditsmart.app               I  ğŸ›¡ï¸ RECEIVER: android.intent.action.BOOT_COMPLETED
2025-12-16 13:15:05.326 17820-17820 SettingsGuardStartRcv   com.cdccreditsmart.app               I  ğŸ›¡ï¸ ========================================
2025-12-16 13:15:05.326 17820-17820 SettingsGuardStartRcv   com.cdccreditsmart.app               D  â¸ï¸ NÃ£o Ã© Device Owner - guard nÃ£o serÃ¡ iniciado
2025-12-16 13:15:05.355 17820-17820 Choreographer           com.cdccreditsmart.app               W  Frame time is 2.221272 ms in the future!  Check that graphics HAL is generating vsync timestamps using the correct timebase.
2025-12-16 13:15:05.397 17820-17826 creditsmart.app         com.cdccreditsmart.app               I  Compiler allocated 5042KB to compile void android.view.ViewRootImpl.performTraversals()
2025-12-16 13:15:05.507 17820-17820 Choreographer           com.cdccreditsmart.app               W  Frame time is 0.221266 ms in the future!  Check that graphics HAL is generating vsync timestamps using the correct timebase.
2025-12-16 13:15:05.566 17820-17849 SecureTokenStorage      com.cdccreditsmart.app               D  EncryptedSharedPreferences initialized successfully
2025-12-16 13:15:05.567 17820-17849 ContractCodeStorage     com.cdccreditsmart.app               D  Retrieving contract code from storage
2025-12-16 13:15:05.607 17820-17820 Choreographer           com.cdccreditsmart.app               W  Frame time is 0.221262 ms in the future!  Check that graphics HAL is generating vsync timestamps using the correct timebase.
2025-12-16 13:15:05.618 17820-17849 ContractCodeStorage     com.cdccreditsmart.app               D  Storage verification: 0 valid, 0 tampered, 7 missing
2025-12-16 13:15:05.618 17820-17849 ContractCodeStorage     com.cdccreditsmart.app               W  No valid contract code found in any location
2025-12-16 13:15:05.621 17820-17849 SecureTokenStorage      com.cdccreditsmart.app               E  âŒ Nenhum identificador MDM disponÃ­vel!
2025-12-16 13:15:05.621 17820-17849 CdcForegroundService    com.cdccreditsmart.app               I  ğŸ” AuthToken presente: false
2025-12-16 13:15:05.621 17820-17849 CdcForegroundService    com.cdccreditsmart.app               I  ğŸ” AuthToken length: 0
2025-12-16 13:15:05.621 17820-17849 CdcForegroundService    com.cdccreditsmart.app               I  ğŸ” ContractCode presente: false
2025-12-16 13:15:05.621 17820-17849 CdcForegroundService    com.cdccreditsmart.app               I  ğŸ” ContractCode value: null****
2025-12-16 13:15:05.621 17820-17849 CdcForegroundService    com.cdccreditsmart.app               I  ğŸ” MDM SerialNumber presente: false
2025-12-16 13:15:05.621 17820-17849 CdcForegroundService    com.cdccreditsmart.app               I  ğŸ” MDM SerialNumber value: ......
2025-12-16 13:15:05.621 17820-17849 CdcForegroundService    com.cdccreditsmart.app               I  ğŸ“± ========================================
2025-12-16 13:15:05.621 17820-17849 CdcForegroundService    com.cdccreditsmart.app               I  ğŸ“± AGUARDANDO PAIRING - MDM EM STANDBY
2025-12-16 13:15:05.621 17820-17849 CdcForegroundService    com.cdccreditsmart.app               I  ğŸ“± O usuÃ¡rio ainda nÃ£o fez o pareamento inicial
2025-12-16 13:15:05.621 17820-17849 CdcForegroundService    com.cdccreditsmart.app               I  ğŸ“± ServiÃ§os MDM serÃ£o ativados apÃ³s inserir cÃ³digo do contrato
2025-12-16 13:15:05.621 17820-17849 CdcForegroundService    com.cdccreditsmart.app               I  ğŸ“± NOTA: isMdmInitialized permanece FALSE para permitir reinicializaÃ§Ã£o
2025-12-16 13:15:05.621 17820-17849 CdcForegroundService    com.cdccreditsmart.app               I  ğŸ“± ========================================
2025-12-16 13:15:05.623 17820-17820 Choreographer           com.cdccreditsmart.app               W  Frame time is 0.887928 ms in the future!  Check that graphics HAL is generating vsync timestamps using the correct timebase.
2025-12-16 13:15:05.638 17820-17820 Choreographer           com.cdccreditsmart.app               W  Frame time is 2.497436 ms in the future!  Check that graphics HAL is generating vsync timestamps using the correct timebase.
2025-12-16 13:15:05.655 17820-17820 Choreographer           com.cdccreditsmart.app               W  Frame time is 1.9002349 ms in the future!  Check that graphics HAL is generating vsync timestamps using the correct timebase.
2025-12-16 13:15:05.671 17820-17820 Choreographer           com.cdccreditsmart.app               W  Frame time is 2.241415 ms in the future!  Check that graphics HAL is generating vsync timestamps using the correct timebase.
2025-12-16 13:15:05.707 17820-17820 Choreographer           com.cdccreditsmart.app               W  Frame time is 0.221258 ms in the future!  Check that graphics HAL is generating vsync timestamps using the correct timebase.
2025-12-16 13:15:05.771 17820-17820 Choreographer           com.cdccreditsmart.app               W  Frame time is 2.887922 ms in the future!  Check that graphics HAL is generating vsync timestamps using the correct timebase.
2025-12-16 13:15:05.792 17820-17849 SecureTokenStorage      com.cdccreditsmart.app               D  EncryptedSharedPreferences initialized successfully
2025-12-16 13:15:05.792 17820-17849 ContractCodeStorage     com.cdccreditsmart.app               D  Retrieving contract code from storage
2025-12-16 13:15:05.807 17820-17820 Choreographer           com.cdccreditsmart.app               W  Frame time is 0.221254 ms in the future!  Check that graphics HAL is generating vsync timestamps using the correct timebase.
2025-12-16 13:15:05.837 17820-17849 ContractCodeStorage     com.cdccreditsmart.app               D  Storage verification: 0 valid, 0 tampered, 7 missing
2025-12-16 13:15:05.837 17820-17849 ContractCodeStorage     com.cdccreditsmart.app               W  No valid contract code found in any location
2025-12-16 13:15:05.838 17820-17849 SecureTokenStorage      com.cdccreditsmart.app               E  âŒ Nenhum identificador MDM disponÃ­vel!
2025-12-16 13:15:05.838 17820-17849 CdcForegroundService    com.cdccreditsmart.app               I  ğŸ” AuthToken presente: false
2025-12-16 13:15:05.838 17820-17849 CdcForegroundService    com.cdccreditsmart.app               I  ğŸ” AuthToken length: 0
2025-12-16 13:15:05.838 17820-17849 CdcForegroundService    com.cdccreditsmart.app               I  ğŸ” ContractCode presente: false
2025-12-16 13:15:05.838 17820-17849 CdcForegroundService    com.cdccreditsmart.app               I  ğŸ” ContractCode value: null****
2025-12-16 13:15:05.838 17820-17849 CdcForegroundService    com.cdccreditsmart.app               I  ğŸ” MDM SerialNumber presente: false
2025-12-16 13:15:05.838 17820-17849 CdcForegroundService    com.cdccreditsmart.app               I  ğŸ” MDM SerialNumber value: ......
2025-12-16 13:15:05.838 17820-17849 CdcForegroundService    com.cdccreditsmart.app               I  ğŸ“± ========================================
2025-12-16 13:15:05.838 17820-17849 CdcForegroundService    com.cdccreditsmart.app               I  ğŸ“± AGUARDANDO PAIRING - MDM EM STANDBY
2025-12-16 13:15:05.838 17820-17849 CdcForegroundService    com.cdccreditsmart.app               I  ğŸ“± O usuÃ¡rio ainda nÃ£o fez o pareamento inicial
2025-12-16 13:15:05.838 17820-17849 CdcForegroundService    com.cdccreditsmart.app               I  ğŸ“± ServiÃ§os MDM serÃ£o ativados apÃ³s inserir cÃ³digo do contrato
2025-12-16 13:15:05.838 17820-17849 CdcForegroundService    com.cdccreditsmart.app               I  ğŸ“± NOTA: isMdmInitialized permanece FALSE para permitir reinicializaÃ§Ã£o
2025-12-16 13:15:05.838 17820-17849 CdcForegroundService    com.cdccreditsmart.app               I  ğŸ“± ========================================
2025-12-16 13:15:05.839 17820-17820 Choreographer           com.cdccreditsmart.app               W  Frame time is 1.554586 ms in the future!  Check that graphics HAL is generating vsync timestamps using the correct timebase.
2025-12-16 13:15:05.871 17820-17820 Choreographer           com.cdccreditsmart.app               W  Frame time is 2.887918 ms in the future!  Check that graphics HAL is generating vsync timestamps using the correct timebase.
2025-12-16 13:15:05.907 17820-17820 Choreographer           com.cdccreditsmart.app               W  Frame time is 0.22125 ms in the future!  Check that graphics HAL is generating vsync timestamps using the correct timebase.
2025-12-16 13:15:05.923 17820-17820 Choreographer           com.cdccreditsmart.app               W  Frame time is 0.88791597 ms in the future!  Check that graphics HAL is generating vsync timestamps using the correct timebase.
2025-12-16 13:15:05.939 17820-17820 Choreographer           com.cdccreditsmart.app               W  Frame time is 1.554582 ms in the future!  Check that graphics HAL is generating vsync timestamps using the correct timebase.
2025-12-16 13:15:05.955 17820-17820 Choreographer           com.cdccreditsmart.app               W  Frame time is 2.221248 ms in the future!  Check that graphics HAL is generating vsync timestamps using the correct timebase.
2025-12-16 13:15:06.007 17820-17820 Choreographer           com.cdccreditsmart.app               W  Frame time is 0.221245 ms in the future!  Check that graphics HAL is generating vsync timestamps using the correct timebase.
2025-12-16 13:15:06.023 17820-17820 Choreographer           com.cdccreditsmart.app               W  Frame time is 0.887911 ms in the future!  Check that graphics HAL is generating vsync timestamps using the correct timebase.
2025-12-16 13:15:06.039 17820-17820 Choreographer           com.cdccreditsmart.app               W  Frame time is 1.554577 ms in the future!  Check that graphics HAL is generating vsync timestamps using the correct timebase.
2025-12-16 13:15:06.055 17820-17820 Choreographer           com.cdccreditsmart.app               W  Frame time is 2.221243 ms in the future!  Check that graphics HAL is generating vsync timestamps using the correct timebase.
2025-12-16 13:15:06.071 17820-17820 Choreographer           com.cdccreditsmart.app               W  Frame time is 2.806219 ms in the future!  Check that graphics HAL is generating vsync timestamps using the correct timebase.
2025-12-16 13:15:06.107 17820-17820 Choreographer           com.cdccreditsmart.app               W  Frame time is 0.221241 ms in the future!  Check that graphics HAL is generating vsync timestamps using the correct timebase.
2025-12-16 13:15:06.123 17820-17820 Choreographer           com.cdccreditsmart.app               W  Frame time is 0.88790697 ms in the future!  Check that graphics HAL is generating vsync timestamps using the correct timebase.
2025-12-16 13:15:06.139 17820-17820 Choreographer           com.cdccreditsmart.app               W  Frame time is 1.5545729 ms in the future!  Check that graphics HAL is generating vsync timestamps using the correct timebase.
2025-12-16 13:15:06.155 17820-17820 Choreographer           com.cdccreditsmart.app               W  Frame time is 2.221239 ms in the future!  Check that graphics HAL is generating vsync timestamps using the correct timebase.
2025-12-16 13:15:06.171 17820-17820 Choreographer           com.cdccreditsmart.app               W  Frame time is 2.887905 ms in the future!  Check that graphics HAL is generating vsync timestamps using the correct timebase.
2025-12-16 13:15:06.187 17820-17820 Choreographer           com.cdccreditsmart.app               W  Frame time is 3.554571 ms in the future!  Check that graphics HAL is generating vsync timestamps using the correct timebase.
2025-12-16 13:15:06.207 17820-17820 Choreographer           com.cdccreditsmart.app               W  Frame time is 0.221237 ms in the future!  Check that graphics HAL is generating vsync timestamps using the correct timebase.
2025-12-16 13:15:06.223 17820-17820 Choreographer           com.cdccreditsmart.app               W  Frame time is 0.887903 ms in the future!  Check that graphics HAL is generating vsync timestamps using the correct timebase.
2025-12-16 13:15:06.239 17820-17820 Choreographer           com.cdccreditsmart.app               W  Frame time is 1.554569 ms in the future!  Check that graphics HAL is generating vsync timestamps using the correct timebase.
2025-12-16 13:15:06.255 17820-17820 Choreographer           com.cdccreditsmart.app               W  Frame time is 2.221235 ms in the future!  Check that graphics HAL is generating vsync timestamps using the correct timebase.
2025-12-16 13:15:06.271 17820-17820 Choreographer           com.cdccreditsmart.app               W  Frame time is 2.887901 ms in the future!  Check that graphics HAL is generating vsync timestamps using the correct timebase.
2025-12-16 13:15:06.307 17820-17820 Choreographer           com.cdccreditsmart.app               W  Frame time is 0.221233 ms in the future!  Check that graphics HAL is generating vsync timestamps using the correct timebase.
2025-12-16 13:15:06.407 17820-17820 Choreographer           com.cdccreditsmart.app               W  Frame time is 0.221229 ms in the future!  Check that graphics HAL is generating vsync timestamps using the correct timebase.
