2026-01-29 15:37:00.262 25880-25880 DeviceUtils             com.cdccreditsmart.app               D  Device Owner check: true
2026-01-29 15:37:00.262 25880-25880 DeviceUtils             com.cdccreditsmart.app               D  Samsung device: false (Manufacturer: realme)
2026-01-29 15:37:00.262 25880-25880 DeviceOwnerCheckVM      com.cdccreditsmart.app               I  âœ… Dispositivo Ã© Device Owner - permitindo acesso ao app
2026-01-29 15:37:00.262 25880-25880 DeviceOwnerCheckVM      com.cdccreditsmart.app               I  ========================================
2026-01-29 15:37:00.300 25880-25880 RouterViewModel         com.cdccreditsmart.app               D  ğŸš€ Iniciando verificaÃ§Ã£o de autenticaÃ§Ã£o...
2026-01-29 15:37:00.302 25880-26025 AuthOrchestrator        com.cdccreditsmart.app               D  ğŸ” Verificando autenticaÃ§Ã£o...
2026-01-29 15:37:00.306 25880-26025 AuthOrchestrator        com.cdccreditsmart.app               D  ğŸŒ Conectividade: ONLINE
2026-01-29 15:37:00.306 25880-26025 AuthOrchestrator        com.cdccreditsmart.app               D  ğŸ”„ ========== AUTO-DISCOVERY INICIADO ==========
2026-01-29 15:37:00.322 25880-26025 DeviceUtils             com.cdccreditsmart.app               D  IMEI retrieved successfully: 8608***
2026-01-29 15:37:00.322 25880-26025 AuthOrchestrator        com.cdccreditsmart.app               D  ğŸ“± IMEI obtido: 8608***718
2026-01-29 15:37:00.323 25880-26025 AuthOrchestrator        com.cdccreditsmart.app               D  ğŸ” Tentando auto-discovery...
2026-01-29 15:37:00.323 25880-26025 AuthOrchestrator        com.cdccreditsmart.app               D     Endpoint: GET /api/apk/discover/860875074339718
2026-01-29 15:37:00.345 25880-29517 okhttp.OkHttpClient     com.cdccreditsmart.app               I  --> GET https://cdccreditsmart.com/api/apk/discover/860875074339718
2026-01-29 15:37:00.345 25880-29517 okhttp.OkHttpClient     com.cdccreditsmart.app               I  --> END GET
2026-01-29 15:37:01.942 25880-29517 okhttp.OkHttpClient     com.cdccreditsmart.app               I  <-- 200 https://cdccreditsmart.com/api/apk/discover/860875074339718 (1595ms)
2026-01-29 15:37:01.942 25880-29517 okhttp.OkHttpClient     com.cdccreditsmart.app               I  access-control-allow-credentials: true
2026-01-29 15:37:01.942 25880-29517 okhttp.OkHttpClient     com.cdccreditsmart.app               I  access-control-allow-headers: Origin, X-Requested-With, Content-Type, Accept, Authorization, x-client-key, x-client-token, x-client-secret, cache-control
2026-01-29 15:37:01.942 25880-29517 okhttp.OkHttpClient     com.cdccreditsmart.app               I  access-control-allow-methods: GET, POST, PUT, PATCH, DELETE, OPTIONS
2026-01-29 15:37:01.942 25880-29517 okhttp.OkHttpClient     com.cdccreditsmart.app               I  access-control-allow-origin: *
2026-01-29 15:37:01.942 25880-29517 okhttp.OkHttpClient     com.cdccreditsmart.app               I  access-control-max-age: 86400
2026-01-29 15:37:01.942 25880-29517 okhttp.OkHttpClient     com.cdccreditsmart.app               I  content-length: 577
2026-01-29 15:37:01.943 25880-29517 okhttp.OkHttpClient     com.cdccreditsmart.app               I  content-security-policy: default-src 'self'; script-src 'self' 'unsafe-inline' 'unsafe-eval' https://replit.com; style-src 'self' 'unsafe-inline' https://replit.com; img-src 'self' data: https:; font-src 'self' data: https://replit.com; connect-src 'self';
2026-01-29 15:37:01.943 25880-29517 okhttp.OkHttpClient     com.cdccreditsmart.app               I  content-type: application/json; charset=utf-8
2026-01-29 15:37:01.943 25880-29517 okhttp.OkHttpClient     com.cdccreditsmart.app               I  date: Thu, 29 Jan 2026 18:36:59 GMT
2026-01-29 15:37:01.943 25880-29517 okhttp.OkHttpClient     com.cdccreditsmart.app               I  etag: W/"241-zscYL9TAS6Nc8gLmxqzHKgV8Bqk"
2026-01-29 15:37:01.943 25880-29517 okhttp.OkHttpClient     com.cdccreditsmart.app               I  permissions-policy: geolocation=(), microphone=(), camera=()
2026-01-29 15:37:01.943 25880-29517 okhttp.OkHttpClient     com.cdccreditsmart.app               I  referrer-policy: strict-origin-when-cross-origin
2026-01-29 15:37:01.943 25880-29517 okhttp.OkHttpClient     com.cdccreditsmart.app               I  strict-transport-security: max-age=63072000; includeSubDomains
2026-01-29 15:37:01.944 25880-29517 okhttp.OkHttpClient     com.cdccreditsmart.app               I  strict-transport-security: max-age=31536000; includeSubDomains
2026-01-29 15:37:01.944 25880-29517 okhttp.OkHttpClient     com.cdccreditsmart.app               I  x-anti-fraud-protection: active
2026-01-29 15:37:01.944 25880-29517 okhttp.OkHttpClient     com.cdccreditsmart.app               I  x-certificate-pinning-enabled: false
2026-01-29 15:37:01.944 25880-29517 okhttp.OkHttpClient     com.cdccreditsmart.app               I  x-certificate-pinning-status: disabled-for-stability
2026-01-29 15:37:01.944 25880-29517 okhttp.OkHttpClient     com.cdccreditsmart.app               I  x-content-type-options: nosniff
2026-01-29 15:37:01.944 25880-29517 okhttp.OkHttpClient     com.cdccreditsmart.app               I  x-financial-data-protection: enabled
2026-01-29 15:37:01.944 25880-29517 okhttp.OkHttpClient     com.cdccreditsmart.app               I  x-frame-options: DENY
2026-01-29 15:37:01.944 25880-29517 okhttp.OkHttpClient     com.cdccreditsmart.app               I  x-transaction-security-level: maximum
2026-01-29 15:37:01.945 25880-29517 okhttp.OkHttpClient     com.cdccreditsmart.app               I  x-xss-protection: 1; mode=block
2026-01-29 15:37:01.945 25880-29517 okhttp.OkHttpClient     com.cdccreditsmart.app               I  via: 1.1 google
2026-01-29 15:37:01.945 25880-29517 okhttp.OkHttpClient     com.cdccreditsmart.app               I  alt-svc: h3=":443"; ma=2592000,h3-29=":443"; ma=2592000
2026-01-29 15:37:01.947 25880-29517 okhttp.OkHttpClient     com.cdccreditsmart.app               I  {"success":true,"device":{"id":"device_1769137280282_l7srjesg25","name":"REALME Note 60x","serialNumber":"QJ3H4MKG","imei":"860875074339718","imeiList":["860875074339718"],"meid":null,"meidList":null,"simSlotCount":1,"model":"Note 60x","brand":"REALME","status":"active","isBlocked":false,"blockReason":null},"customer":{"id":"f854a5cf-8b7e-4a66-a55f-a9f41948eb34","name":"Marcos Antunes","cpf":"06452784323","phone":"85981888810"},"connection":{"matchType":"imei_exact","useImei":"860875074339718","useSerialNumber":"QJ3H4MKG","useDeviceId":"device_1769137280282_l7srjesg25"}}
2026-01-29 15:37:01.947 25880-29517 okhttp.OkHttpClient     com.cdccreditsmart.app               I  <-- END HTTP (577-byte body)
2026-01-29 15:37:01.950 25880-26025 AuthOrchestrator        com.cdccreditsmart.app               D  âœ… ========== AUTO-DISCOVERY BEM-SUCEDIDO ==========
2026-01-29 15:37:01.950 25880-26025 AuthOrchestrator        com.cdccreditsmart.app               D  âœ… Dispositivo encontrado:
2026-01-29 15:37:01.951 25880-26025 AuthOrchestrator        com.cdccreditsmart.app               D     - Nome: REALME Note 60x
2026-01-29 15:37:01.951 25880-26025 AuthOrchestrator        com.cdccreditsmart.app               D     - DeviceId: device_17691372...
2026-01-29 15:37:01.951 25880-26025 AuthOrchestrator        com.cdccreditsmart.app               D     - SerialNumber: QJ3H4MKG
2026-01-29 15:37:01.951 25880-26025 AuthOrchestrator        com.cdccreditsmart.app               D     - IMEI: 8608***718
2026-01-29 15:37:01.951 25880-26025 AuthOrchestrator        com.cdccreditsmart.app               D     - Status: active
2026-01-29 15:37:01.951 25880-26025 AuthOrchestrator        com.cdccreditsmart.app               D     - Bloqueado: false
2026-01-29 15:37:01.951 25880-26025 AuthOrchestrator        com.cdccreditsmart.app               D  âœ… Cliente:
2026-01-29 15:37:01.951 25880-26025 AuthOrchestrator        com.cdccreditsmart.app               D     - Nome: Marcos Antunes
2026-01-29 15:37:01.951 25880-26025 AuthOrchestrator        com.cdccreditsmart.app               D     - CPF: 064***
2026-01-29 15:37:01.951 25880-26025 AuthOrchestrator        com.cdccreditsmart.app               D  âœ… ConexÃ£o:
2026-01-29 15:37:01.951 25880-26025 AuthOrchestrator        com.cdccreditsmart.app               D     - Usar IMEI: 860875074339718
2026-01-29 15:37:01.951 25880-26025 AuthOrchestrator        com.cdccreditsmart.app               D     - Usar SerialNumber: QJ3H4MKG
2026-01-29 15:37:01.951 25880-26025 AuthOrchestrator        com.cdccreditsmart.app               D     - Usar DeviceId: device_1769137280282_l7srjesg25
2026-01-29 15:37:01.951 25880-26025 ContractCodeStorage     com.cdccreditsmart.app               D  Saving contract code to redundant storage
2026-01-29 15:37:02.095 25880-26025 ContractCodeStorage     com.cdccreditsmart.app               D  Saved to EncryptedPrefs
2026-01-29 15:37:02.211 25880-25898 creditsmart.app         com.cdccreditsmart.app               I  Background concurrent mark compact GC freed 352120(15MB) AllocSpace objects, 78(3084KB) LOS objects, 64% free, 13MB/37MB, paused 968us,3.669ms total 103.505ms
2026-01-29 15:37:02.228 25880-26025 ContractCodeStorage     com.cdccreditsmart.app               D  Deleted existing file: .cdc_protected_code.enc
2026-01-29 15:37:02.282 25880-26025 ContractCodeStorage     com.cdccreditsmart.app               D  Successfully saved to file: .cdc_protected_code.enc
2026-01-29 15:37:02.282 25880-26025 ContractCodeStorage     com.cdccreditsmart.app               D  Saved to Protected Storage
2026-01-29 15:37:02.282 25880-26025 ContractCodeStorage     com.cdccreditsmart.app               D  Deleted existing file: .cdc_contract_b1.enc
2026-01-29 15:37:02.331 25880-26025 ContractCodeStorage     com.cdccreditsmart.app               D  Successfully saved to file: .cdc_contract_b1.enc
2026-01-29 15:37:02.332 25880-26025 ContractCodeStorage     com.cdccreditsmart.app               D  Deleted existing file: .sys_device_cfg.enc
2026-01-29 15:37:02.381 25880-26025 ContractCodeStorage     com.cdccreditsmart.app               D  Successfully saved to file: .sys_device_cfg.enc
2026-01-29 15:37:02.382 25880-26025 ContractCodeStorage     com.cdccreditsmart.app               D  Deleted existing file: .android_secure.enc
2026-01-29 15:37:02.434 25880-26025 ContractCodeStorage     com.cdccreditsmart.app               D  Successfully saved to file: .android_secure.enc
2026-01-29 15:37:02.481 25880-26025 ContractCodeStorage     com.cdccreditsmart.app               D  Contract code saved to ALL storage locations
2026-01-29 15:37:02.800 25880-26025 ContractCodeStorage     com.cdccreditsmart.app               D  Verification complete: 7/7 locations valid
2026-01-29 15:37:02.822 25880-26025 ContractCodeStorage     com.cdccreditsmart.app               D  Saving contract code to redundant storage
2026-01-29 15:37:02.842 25880-26025 ContractCodeStorage     com.cdccreditsmart.app               D  Saved to EncryptedPrefs
2026-01-29 15:37:02.849 25880-26025 ContractCodeStorage     com.cdccreditsmart.app               D  Deleted existing file: .cdc_protected_code.enc
2026-01-29 15:37:02.898 25880-26025 ContractCodeStorage     com.cdccreditsmart.app               D  Successfully saved to file: .cdc_protected_code.enc
2026-01-29 15:37:02.898 25880-26025 ContractCodeStorage     com.cdccreditsmart.app               D  Saved to Protected Storage
2026-01-29 15:37:02.899 25880-26025 ContractCodeStorage     com.cdccreditsmart.app               D  Deleted existing file: .cdc_contract_b1.enc
2026-01-29 15:37:02.949 25880-26025 ContractCodeStorage     com.cdccreditsmart.app               D  Successfully saved to file: .cdc_contract_b1.enc
2026-01-29 15:37:02.949 25880-26025 ContractCodeStorage     com.cdccreditsmart.app               D  Deleted existing file: .sys_device_cfg.enc
2026-01-29 15:37:03.000 25880-26025 ContractCodeStorage     com.cdccreditsmart.app               D  Successfully saved to file: .sys_device_cfg.enc
2026-01-29 15:37:03.000 25880-26025 ContractCodeStorage     com.cdccreditsmart.app               D  Deleted existing file: .android_secure.enc
2026-01-29 15:37:03.056 25880-26025 ContractCodeStorage     com.cdccreditsmart.app               D  Successfully saved to file: .android_secure.enc
2026-01-29 15:37:03.104 25880-26025 ContractCodeStorage     com.cdccreditsmart.app               D  Contract code saved to ALL storage locations
2026-01-29 15:37:03.420 25880-26025 ContractCodeStorage     com.cdccreditsmart.app               D  Verification complete: 7/7 locations valid
2026-01-29 15:37:03.420 25880-26025 SecureTokenStorage      com.cdccreditsmart.app               D  Device info saved successfully from auto-discovery
2026-01-29 15:37:03.420 25880-26025 SecureTokenStorage      com.cdccreditsmart.app               D    - DeviceId: device_17691372...
2026-01-29 15:37:03.420 25880-26025 SecureTokenStorage      com.cdccreditsmart.app               D    - SerialNumber: QJ3H4MKG
2026-01-29 15:37:03.420 25880-26025 SecureTokenStorage      com.cdccreditsmart.app               D    - IMEI: 8608***
2026-01-29 15:37:03.420 25880-26025 SecureTokenStorage      com.cdccreditsmart.app               D    - ContractCode: QJ3H4MKG
2026-01-29 15:37:03.420 25880-26025 AuthOrchestrator        com.cdccreditsmart.app               D  ğŸ’¾ Dados salvos:
2026-01-29 15:37:03.420 25880-26025 AuthOrchestrator        com.cdccreditsmart.app               D     - ContractCode: QJ3H4MKG
2026-01-29 15:37:03.420 25880-26025 AuthOrchestrator        com.cdccreditsmart.app               D     - DeviceId: device_17691372...
2026-01-29 15:37:03.420 25880-26025 AuthOrchestrator        com.cdccreditsmart.app               D     - IMEI: 8608***718
2026-01-29 15:37:03.420 25880-26025 AuthOrchestrator        com.cdccreditsmart.app               W  âš ï¸ [6/7] Discovery nÃ£o retornou token - headers IMEI serÃ£o usados como fallback
2026-01-29 15:37:03.421 25880-26025 AuthOrchestrator        com.cdccreditsmart.app               D  ğŸ‰ ========== AUTO-DISCOVERY CONCLUÃDO ==========
2026-01-29 15:37:03.421 25880-26025 AuthOrchestrator        com.cdccreditsmart.app               D  âœ… Auto-conexÃ£o bem-sucedida - autenticaÃ§Ã£o OK!
2026-01-29 15:37:03.421 25880-26025 AuthOrchestrator        com.cdccreditsmart.app               I  ğŸ”§ Garantindo que CdcForegroundService estÃ¡ rodando...
2026-01-29 15:37:03.421 25880-25985 AuthOrchestrator        com.cdccreditsmart.app               D  ğŸ”” Registrando FCM token apÃ³s auto-discovery...
2026-01-29 15:37:03.428 25880-26025 CdcForegroundService    com.cdccreditsmart.app               I  âœ… ServiÃ§o iniciado via startService()
2026-01-29 15:37:03.428 25880-26025 AuthOrchestrator        com.cdccreditsmart.app               I  âœ… CdcForegroundService iniciado apÃ³s autenticaÃ§Ã£o
2026-01-29 15:37:03.429 25880-25880 RouterViewModel         com.cdccreditsmart.app               D  âœ… Autenticado com sucesso
2026-01-29 15:37:03.435 25880-25985 FcmTokenManager         com.cdccreditsmart.app               D  ========== REGISTERING FCM TOKEN WITH BACKEND ==========
2026-01-29 15:37:03.440 25880-25985 FcmTokenManager         com.cdccreditsmart.app               D  Current FCM token retrieved: eaOkixBvT8ueACb96xv9...
2026-01-29 15:37:03.648 25880-25880 TermsAcceptanceStorage  com.cdccreditsmart.app               D  hasAcceptedTermsForContract(QJ3H4MKG): true (saved: QJ3H4MKG)
2026-01-29 15:37:03.648 25880-25880 RouterViewModel         com.cdccreditsmart.app               D  âœ… Termos jÃ¡ aceitos - Ir para HOME
2026-01-29 15:37:03.649 25880-25880 CdcForegroundService    com.cdccreditsmart.app               D  ğŸš€ ServiÃ§o onStartCommand() - Action: com.cdccreditsmart.app.START_SERVICE
2026-01-29 15:37:03.660 25880-25880 CdcForegroundService    com.cdccreditsmart.app               I  âœ… Foreground Service ativo (Android 12+)
2026-01-29 15:37:03.661 25880-26025 CdcForegroundService    com.cdccreditsmart.app               I  ğŸ”§ ========================================
2026-01-29 15:37:03.661 25880-26025 CdcForegroundService    com.cdccreditsmart.app               I  ğŸ”§ INICIANDO initializeServices()...
2026-01-29 15:37:03.661 25880-26025 CdcForegroundService    com.cdccreditsmart.app               I  ğŸ”§ ========================================
2026-01-29 15:37:03.661 25880-26025 CdcForegroundService    com.cdccreditsmart.app               D  âœ… ServiÃ§os base jÃ¡ inicializados
2026-01-29 15:37:03.695 25880-25985 FcmTokenManager         com.cdccreditsmart.app               E  Cannot register: Auth token not available
2026-01-29 15:37:03.696 25880-25985 AuthOrchestrator        com.cdccreditsmart.app               W  âš ï¸ Erro ao registrar FCM token: User not authenticated
2026-01-29 15:37:03.707 25880-25880 SimpleHomeViewModel     com.cdccreditsmart.app               W  â³ Throttling ativo - aguarde 25s antes de tentar novamente
2026-01-29 15:37:03.729 25880-25880 SecureTokenStorage      com.cdccreditsmart.app               D  ğŸ“– Lendo customerName: Marcos Antunes
2026-01-29 15:37:03.733 25880-25880 SecureTokenStorage      com.cdccreditsmart.app               D  ğŸ“– Lendo deviceModel: Note 60x
2026-01-29 15:37:04.113 25880-25985 SupportRepository       com.cdccreditsmart.app               I  ğŸ“¡ Buscando dados de contato do servidor...
2026-01-29 15:37:04.153 25880-29517 okhttp.OkHttpClient     com.cdccreditsmart.app               I  --> GET https://cdccreditsmart.com/v1/support/contact
2026-01-29 15:37:04.153 25880-29517 okhttp.OkHttpClient     com.cdccreditsmart.app               I  --> END GET
2026-01-29 15:37:04.169 25880-25985 SecureTokenStorage      com.cdccreditsmart.app               D  âœ… Usando IMEI para MDM: 8608***718
2026-01-29 15:37:04.170 25880-25985 CdcForegroundService    com.cdccreditsmart.app               I  ğŸ” AuthToken presente: false
2026-01-29 15:37:04.170 25880-25985 CdcForegroundService    com.cdccreditsmart.app               I  ğŸ” AuthToken length: 0
2026-01-29 15:37:04.170 25880-25985 CdcForegroundService    com.cdccreditsmart.app               I  ğŸ” ContractCode presente: true
2026-01-29 15:37:04.170 25880-25985 CdcForegroundService    com.cdccreditsmart.app               I  ğŸ” ContractCode value: QJ3H****
2026-01-29 15:37:04.170 25880-25985 CdcForegroundService    com.cdccreditsmart.app               I  ğŸ” MDM SerialNumber presente: true
2026-01-29 15:37:04.170 25880-25985 CdcForegroundService    com.cdccreditsmart.app               I  ğŸ” MDM SerialNumber value: 86087507...
2026-01-29 15:37:04.170 25880-25985 CdcForegroundService    com.cdccreditsmart.app               I  ğŸ“± ========================================
2026-01-29 15:37:04.170 25880-25985 CdcForegroundService    com.cdccreditsmart.app               I  ğŸ“± AGUARDANDO PAIRING - MDM EM STANDBY
2026-01-29 15:37:04.170 25880-25985 CdcForegroundService    com.cdccreditsmart.app               I  ğŸ“± O usuÃ¡rio ainda nÃ£o fez o pareamento inicial
2026-01-29 15:37:04.170 25880-25985 CdcForegroundService    com.cdccreditsmart.app               I  ğŸ“± ServiÃ§os MDM serÃ£o ativados apÃ³s inserir cÃ³digo do contrato
2026-01-29 15:37:04.170 25880-25985 CdcForegroundService    com.cdccreditsmart.app               I  ğŸ“± NOTA: isMdmInitialized permanece FALSE para permitir reinicializaÃ§Ã£o
2026-01-29 15:37:04.170 25880-25985 CdcForegroundService    com.cdccreditsmart.app               I  ğŸ“± ========================================
2026-01-29 15:37:05.051 25880-29517 okhttp.OkHttpClient     com.cdccreditsmart.app               I  <-- 200 https://cdccreditsmart.com/v1/support/contact (896ms)
2026-01-29 15:37:05.051 25880-29517 okhttp.OkHttpClient     com.cdccreditsmart.app               I  access-control-allow-credentials: true
2026-01-29 15:37:05.051 25880-29517 okhttp.OkHttpClient     com.cdccreditsmart.app               I  access-control-allow-headers: Origin, X-Requested-With, Content-Type, Accept, Authorization, x-client-key, x-client-token, x-client-secret, cache-control
2026-01-29 15:37:05.051 25880-29517 okhttp.OkHttpClient     com.cdccreditsmart.app               I  access-control-allow-methods: GET, POST, PUT, PATCH, DELETE, OPTIONS
2026-01-29 15:37:05.051 25880-29517 okhttp.OkHttpClient     com.cdccreditsmart.app               I  access-control-allow-origin: *
2026-01-29 15:37:05.051 25880-29517 okhttp.OkHttpClient     com.cdccreditsmart.app               I  access-control-max-age: 86400
2026-01-29 15:37:05.052 25880-29517 okhttp.OkHttpClient     com.cdccreditsmart.app               I  content-length: 111
2026-01-29 15:37:05.052 25880-29517 okhttp.OkHttpClient     com.cdccreditsmart.app               I  content-security-policy: default-src 'self'; script-src 'self' 'unsafe-inline' 'unsafe-eval' https://replit.com; style-src 'self' 'unsafe-inline' https://replit.com; img-src 'self' data: https:; font-src 'self' data: https://replit.com; connect-src 'self';
2026-01-29 15:37:05.052 25880-29517 okhttp.OkHttpClient     com.cdccreditsmart.app               I  content-type: application/json; charset=utf-8
2026-01-29 15:37:05.052 25880-29517 okhttp.OkHttpClient     com.cdccreditsmart.app               I  date: Thu, 29 Jan 2026 18:37:03 GMT
2026-01-29 15:37:05.052 25880-29517 okhttp.OkHttpClient     com.cdccreditsmart.app               I  etag: W/"6f-ar1ZGdhbShZ7SAODOF+BTA5O768"
2026-01-29 15:37:05.052 25880-29517 okhttp.OkHttpClient     com.cdccreditsmart.app               I  permissions-policy: geolocation=(), microphone=(), camera=()
2026-01-29 15:37:05.052 25880-29517 okhttp.OkHttpClient     com.cdccreditsmart.app               I  referrer-policy: strict-origin-when-cross-origin
2026-01-29 15:37:05.052 25880-29517 okhttp.OkHttpClient     com.cdccreditsmart.app               I  strict-transport-security: max-age=63072000; includeSubDomains
2026-01-29 15:37:05.053 25880-29517 okhttp.OkHttpClient     com.cdccreditsmart.app               I  strict-transport-security: max-age=31536000; includeSubDomains
2026-01-29 15:37:05.053 25880-29517 okhttp.OkHttpClient     com.cdccreditsmart.app               I  x-anti-fraud-protection: active
2026-01-29 15:37:05.053 25880-29517 okhttp.OkHttpClient     com.cdccreditsmart.app               I  x-certificate-pinning-enabled: false
2026-01-29 15:37:05.053 25880-29517 okhttp.OkHttpClient     com.cdccreditsmart.app               I  x-certificate-pinning-status: disabled-for-stability
2026-01-29 15:37:05.053 25880-29517 okhttp.OkHttpClient     com.cdccreditsmart.app               I  x-content-type-options: nosniff
2026-01-29 15:37:05.053 25880-29517 okhttp.OkHttpClient     com.cdccreditsmart.app               I  x-financial-data-protection: enabled
2026-01-29 15:37:05.053 25880-29517 okhttp.OkHttpClient     com.cdccreditsmart.app               I  x-frame-options: DENY
2026-01-29 15:37:05.053 25880-29517 okhttp.OkHttpClient     com.cdccreditsmart.app               I  x-transaction-security-level: maximum
2026-01-29 15:37:05.053 25880-29517 okhttp.OkHttpClient     com.cdccreditsmart.app               I  x-xss-protection: 1; mode=block
2026-01-29 15:37:05.054 25880-29517 okhttp.OkHttpClient     com.cdccreditsmart.app               I  via: 1.1 google
2026-01-29 15:37:05.054 25880-29517 okhttp.OkHttpClient     com.cdccreditsmart.app               I  alt-svc: h3=":443"; ma=2592000,h3-29=":443"; ma=2592000
2026-01-29 15:37:05.055 25880-29517 okhttp.OkHttpClient     com.cdccreditsmart.app               I  {"phone":"(85) 98188-8810","whatsapp":"(85) 98188-8810","contactLink":"https://www.cdccreditsmart.com/contato"}
2026-01-29 15:37:05.055 25880-29517 okhttp.OkHttpClient     com.cdccreditsmart.app               I  <-- END HTTP (111-byte body)
2026-01-29 15:37:05.058 25880-25985 SupportRepository       com.cdccreditsmart.app               I  âœ… Dados de contato atualizados: phone=true, whatsapp=true, link=true
2026-01-29 15:37:10.697 25880-25987 mali_gralloc            com.cdccreditsmart.app               D  unregister: id=33700000244, handle=0xb400007756027290, base=0x0, importpid=25880, count:0
2026-01-29 15:37:10.700 25880-25987 mali_gralloc            com.cdccreditsmart.app               D  unregister: id=33700000245, handle=0xb40000775601fb50, base=0x0, importpid=25880, count:0
2026-01-29 15:37:10.714 25880-25880 mali_gralloc            com.cdccreditsmart.app               D  unregister: id=33700000246, handle=0xb400007755ff6390, base=0x0, importpid=25880, count:0
2026-01-29 15:37:10.714 25880-25880 mali_gralloc            com.cdccreditsmart.app               D  unregister: id=33700000247, handle=0xb400007756021890, base=0x0, importpid=25880, count:0
2026-01-29 15:37:12.044 25880-25987 OpenGLRenderer          com.cdccreditsmart.app               E  Unable to match the desired swap behavior.
2026-01-29 15:37:12.046 25880-29554 mali_gralloc            com.cdccreditsmart.app               D  register: id=3370000025a, handle=0xb400007756026990, importpid=-1, gRegisteredHandles=0
2026-01-29 15:37:12.047 25880-29554 mali_gralloc            com.cdccreditsmart.app               D  register: id=3370000025b, handle=0xb400007756011390, importpid=-1, gRegisteredHandles=1
2026-01-29 15:37:12.051 25880-29554 mali_gralloc            com.cdccreditsmart.app               D  register: id=3370000025c, handle=0xb400007755ff8c10, importpid=-1, gRegisteredHandles=2
2026-01-29 15:37:12.054 25880-29554 mali_gralloc            com.cdccreditsmart.app               D  register: id=3370000025d, handle=0xb40000775600b090, importpid=-1, gRegisteredHandles=3
2026-01-29 15:37:13.998 25880-25880 CdcForegroundService    com.cdccreditsmart.app               W  âš ï¸ Task removida - mantendo serviÃ§o ativo
2026-01-29 15:37:14.057 25880-25880 MainActivity            com.cdccreditsmart.app               D  ğŸ“ BroadcastReceiver de localizaÃ§Ã£o desregistrado
2026-01-29 15:37:14.058 25880-25880 WindowOnBackDispatcher  com.cdccreditsmart.app               W  sendCancelIfRunning: isInProgress=falsecallback=android.app.Activity$$ExternalSyntheticLambda0@9cc4528
2026-01-29 15:37:14.066 25880-25987 mali_gralloc            com.cdccreditsmart.app               D  unregister: id=3370000025a, handle=0xb400007756026990, base=0x0, importpid=25880, count:0
2026-01-29 15:37:14.066 25880-25987 mali_gralloc            com.cdccreditsmart.app               D  unregister: id=3370000025b, handle=0xb400007756011390, base=0x0, importpid=25880, count:0
2026-01-29 15:37:14.067 25880-25987 mali_gralloc            com.cdccreditsmart.app               D  unregister: id=3370000025c, handle=0xb400007755ff8c10, base=0x0, importpid=25880, count:0
2026-01-29 15:37:14.067 25880-25987 mali_gralloc            com.cdccreditsmart.app               D  unregister: id=3370000025d, handle=0xb40000775600b090, base=0x0, importpid=25880, count:0
2026-01-29 15:37:16.001 25880-29293 FA                      com.cdccreditsmart.app               I  Application backgrounded at: timestamp_millis: 1769711833998
2026-01-29 15:37:16.695 25880-25880 MainActivity            com.cdccreditsmart.app               I  âœ… Brilho da tela definido para MÃXIMO
2026-01-29 15:37:16.697 25880-25880 MainActivity            com.cdccreditsmart.app               D  ğŸ“ BroadcastReceiver de localizaÃ§Ã£o registrado
2026-01-29 15:37:16.700 25880-25985 PersistentStateManager  com.cdccreditsmart.app               D  Nenhum estado local encontrado
2026-01-29 15:37:16.700 25880-25985 PersistentStateManager  com.cdccreditsmart.app               D  ğŸ†• Sem estado local - device novo ou pÃ³s factory reset
2026-01-29 15:37:16.700 25880-25985 MainActivity            com.cdccreditsmart.app               I  ğŸ†• Device nunca foi provisionado
2026-01-29 15:37:16.702 25880-25880 MainActivity            com.cdccreditsmart.app               I  âœ… App Ã© Device Owner - permissÃµes serÃ£o concedidas automaticamente
2026-01-29 15:37:16.819 25880-25880 PermissionGateScreen    com.cdccreditsmart.app               I  ğŸ” DEVICE OWNER DETECTADO - tentando concessÃ£o automÃ¡tica IMEDIATA
2026-01-29 15:37:16.820 25880-25880 AutoPermissionManager   com.cdccreditsmart.app               I  ğŸš€ ========================================
2026-01-29 15:37:16.820 25880-25880 AutoPermissionManager   com.cdccreditsmart.app               I  ğŸš€ CONCESSÃƒO RÃPIDA DE PERMISSÃ•ES (Device Owner)
2026-01-29 15:37:16.820 25880-25880 AutoPermissionManager   com.cdccreditsmart.app               I  ğŸš€ ========================================
2026-01-29 15:37:16.821 25880-25880 AutoPermissionManager   com.cdccreditsmart.app               D    â© JÃ¡ concedida: android.permission.READ_PHONE_STATE
2026-01-29 15:37:16.891 25880-25880 AutoPermissionManager   com.cdccreditsmart.app               I    âœ… Concedida: android.permission.READ_CALL_LOG
2026-01-29 15:37:16.935 25880-25880 AutoPermissionManager   com.cdccreditsmart.app               I    âœ… Concedida: android.permission.CALL_PHONE
2026-01-29 15:37:16.977 25880-25880 AutoPermissionManager   com.cdccreditsmart.app               I    âœ… Concedida: android.permission.READ_CONTACTS
2026-01-29 15:37:16.978 25880-25880 AutoPermissionManager   com.cdccreditsmart.app               D    â© JÃ¡ concedida: android.permission.ACCESS_FINE_LOCATION
2026-01-29 15:37:16.978 25880-25880 AutoPermissionManager   com.cdccreditsmart.app               D    â© JÃ¡ concedida: android.permission.ACCESS_COARSE_LOCATION
2026-01-29 15:37:17.038 25880-25880 AutoPermissionManager   com.cdccreditsmart.app               I    âœ… Concedida: android.permission.ANSWER_PHONE_CALLS
2026-01-29 15:37:17.087 25880-25880 AutoPermissionManager   com.cdccreditsmart.app               I    âœ… Concedida: android.permission.READ_PHONE_NUMBERS
2026-01-29 15:37:17.088 25880-25880 AutoPermissionManager   com.cdccreditsmart.app               D    â© JÃ¡ concedida: android.permission.ACCESS_BACKGROUND_LOCATION
2026-01-29 15:37:17.089 25880-25880 AutoPermissionManager   com.cdccreditsmart.app               D    â© JÃ¡ concedida: android.permission.POST_NOTIFICATIONS
2026-01-29 15:37:17.089 25880-25880 AutoPermissionManager   com.cdccreditsmart.app               I  ğŸš€ ========================================
2026-01-29 15:37:17.089 25880-25880 AutoPermissionManager   com.cdccreditsmart.app               I  ğŸš€ RESUMO DA CONCESSÃƒO RÃPIDA:
2026-01-29 15:37:17.089 25880-25880 AutoPermissionManager   com.cdccreditsmart.app               I    âœ… Novas permissÃµes concedidas: 5
2026-01-29 15:37:17.089 25880-25880 AutoPermissionManager   com.cdccreditsmart.app               I    â© JÃ¡ estavam concedidas: 5
2026-01-29 15:37:17.089 25880-25880 AutoPermissionManager   com.cdccreditsmart.app               I    âŒ Erros/Falhas: 0
2026-01-29 15:37:17.089 25880-25880 AutoPermissionManager   com.cdccreditsmart.app               I    ğŸ“‹ Total processadas: 10
2026-01-29 15:37:17.089 25880-25880 AutoPermissionManager   com.cdccreditsmart.app               I  ğŸš€ ========================================
2026-01-29 15:37:17.089 25880-25880 PermissionGateScreen    com.cdccreditsmart.app               I  âœ… Runtime permissions concedidas automaticamente
2026-01-29 15:37:17.097 25880-25880 PermissionGateManager   com.cdccreditsmart.app               I  âœ… Device Owner: Todas as permissÃµes especiais concedidas!
2026-01-29 15:37:17.141 25880-25987 OpenGLRenderer          com.cdccreditsmart.app               E  Unable to match the desired swap behavior.
2026-01-29 15:37:17.143 25880-29569 mali_gralloc            com.cdccreditsmart.app               D  register: id=3370000026c, handle=0xb400007756021ad0, importpid=-1, gRegisteredHandles=0
2026-01-29 15:37:17.144 25880-29569 mali_gralloc            com.cdccreditsmart.app               D  register: id=3370000026d, handle=0xb4000077560236f0, importpid=-1, gRegisteredHandles=1
2026-01-29 15:37:17.145 25880-29569 mali_gralloc            com.cdccreditsmart.app               D  register: id=3370000026e, handle=0xb400007756022070, importpid=-1, gRegisteredHandles=2
2026-01-29 15:37:17.147 25880-29569 mali_gralloc            com.cdccreditsmart.app               D  register: id=3370000026f, handle=0xb40000775600af70, importpid=-1, gRegisteredHandles=3
2026-01-29 15:37:17.166 25880-25880 PermissionGateScreen    com.cdccreditsmart.app               I  ğŸ” VERIFICAÃ‡ÃƒO INICIAL DE PERMISSÃ•ES:
2026-01-29 15:37:17.166 25880-25880 PermissionGateScreen    com.cdccreditsmart.app               I     NÃ­vel: DEVICE_OWNER
2026-01-29 15:37:17.166 25880-25880 PermissionGateScreen    com.cdccreditsmart.app               I     Todas concedidas: true
2026-01-29 15:37:17.167 25880-25880 PermissionGateScreen    com.cdccreditsmart.app               I     Bateria isenta: true
2026-01-29 15:37:17.167 25880-25880 PermissionGateScreen    com.cdccreditsmart.app               I     âœ… OK: PermissÃµes BÃ¡sicas
2026-01-29 15:37:17.167 25880-25880 PermissionGateScreen    com.cdccreditsmart.app               I     âœ… OK: Monitoramento de Apps
2026-01-29 15:37:17.167 25880-25880 PermissionGateScreen    com.cdccreditsmart.app               I     âœ… OK: Mostrar Alertas
2026-01-29 15:37:17.167 25880-25880 PermissionGateScreen    com.cdccreditsmart.app               I     âœ… OK: ExecuÃ§Ã£o em Segundo Plano
2026-01-29 15:37:17.168 25880-25880 PermissionGateScreen    com.cdccreditsmart.app               I  âœ… TODAS AS PERMISSÃ•ES JÃ CONCEDIDAS - navegando imediatamente
2026-01-29 15:37:17.168 25880-25880 SettingsGuardService    com.cdccreditsmart.app               I  â–¶ï¸ Guard RETOMADO apÃ³s fluxo de permissÃµes
2026-01-29 15:37:17.168 25880-25985 AutoPermissionManager   com.cdccreditsmart.app               I  ========================================
2026-01-29 15:37:17.169 25880-25985 AutoPermissionManager   com.cdccreditsmart.app               I  ğŸ” INICIANDO CONCESSÃƒO AUTOMÃTICA DE PERMISSÃ•ES
2026-01-29 15:37:17.169 25880-25985 AutoPermissionManager   com.cdccreditsmart.app               I  ========================================
2026-01-29 15:37:17.172 25880-25985 AutoPermissionManager   com.cdccreditsmart.app               I  ğŸ“‹ Status: Device Owner=true, Profile Owner=false
2026-01-29 15:37:17.172 25880-25985 AutoPermissionManager   com.cdccreditsmart.app               I  âœ… App Ã© Device Owner - concedendo permissÃµes automaticamente...
2026-01-29 15:37:17.175 25880-25985 AutoPermissionManager   com.cdccreditsmart.app               I  ğŸš€ ========================================
2026-01-29 15:37:17.175 25880-25985 AutoPermissionManager   com.cdccreditsmart.app               I  ğŸš€ CONCESSÃƒO RÃPIDA DE PERMISSÃ•ES (Device Owner)
2026-01-29 15:37:17.175 25880-25985 AutoPermissionManager   com.cdccreditsmart.app               I  ğŸš€ ========================================
2026-01-29 15:37:17.176 25880-25985 AutoPermissionManager   com.cdccreditsmart.app               D    â© JÃ¡ concedida: android.permission.READ_PHONE_STATE
2026-01-29 15:37:17.202 25880-25880 Choreographer           com.cdccreditsmart.app               I  Skipped 42 frames!  The application may be doing too much work on its main thread.
2026-01-29 15:37:17.259 25880-25880 DeviceOwnerCheckVM      com.cdccreditsmart.app               I  ========================================
2026-01-29 15:37:17.259 25880-25880 DeviceOwnerCheckVM      com.cdccreditsmart.app               I  ğŸ” Verificando status de Device Owner...
2026-01-29 15:37:17.264 25880-25985 AutoPermissionManager   com.cdccreditsmart.app               I    âœ… Concedida: android.permission.READ_CALL_LOG
2026-01-29 15:37:17.328 25880-25985 AutoPermissionManager   com.cdccreditsmart.app               I    âœ… Concedida: android.permission.CALL_PHONE
2026-01-29 15:37:17.396 25880-25985 AutoPermissionManager   com.cdccreditsmart.app               I    âœ… Concedida: android.permission.READ_CONTACTS
2026-01-29 15:37:17.397 25880-25985 AutoPermissionManager   com.cdccreditsmart.app               D    â© JÃ¡ concedida: android.permission.ACCESS_FINE_LOCATION
2026-01-29 15:37:17.398 25880-25985 AutoPermissionManager   com.cdccreditsmart.app               D    â© JÃ¡ concedida: android.permission.ACCESS_COARSE_LOCATION
2026-01-29 15:37:17.458 25880-25985 AutoPermissionManager   com.cdccreditsmart.app               I    âœ… Concedida: android.permission.ANSWER_PHONE_CALLS
2026-01-29 15:37:17.514 25880-25985 AutoPermissionManager   com.cdccreditsmart.app               I    âœ… Concedida: android.permission.READ_PHONE_NUMBERS
2026-01-29 15:37:17.515 25880-25985 AutoPermissionManager   com.cdccreditsmart.app               D    â© JÃ¡ concedida: android.permission.ACCESS_BACKGROUND_LOCATION
2026-01-29 15:37:17.516 25880-25985 AutoPermissionManager   com.cdccreditsmart.app               D    â© JÃ¡ concedida: android.permission.POST_NOTIFICATIONS
2026-01-29 15:37:17.517 25880-25985 AutoPermissionManager   com.cdccreditsmart.app               I  ğŸš€ ========================================
2026-01-29 15:37:17.517 25880-25985 AutoPermissionManager   com.cdccreditsmart.app               I  ğŸš€ RESUMO DA CONCESSÃƒO RÃPIDA:
2026-01-29 15:37:17.517 25880-25985 AutoPermissionManager   com.cdccreditsmart.app               I    âœ… Novas permissÃµes concedidas: 5
2026-01-29 15:37:17.517 25880-25985 AutoPermissionManager   com.cdccreditsmart.app               I    â© JÃ¡ estavam concedidas: 5
2026-01-29 15:37:17.518 25880-25985 AutoPermissionManager   com.cdccreditsmart.app               I    âŒ Erros/Falhas: 0
2026-01-29 15:37:17.518 25880-25985 AutoPermissionManager   com.cdccreditsmart.app               I    ğŸ“‹ Total processadas: 10
2026-01-29 15:37:17.518 25880-25985 AutoPermissionManager   com.cdccreditsmart.app               I  ğŸš€ ========================================
2026-01-29 15:37:17.518 25880-25985 AutoPermissionManager   com.cdccreditsmart.app               I  ğŸ” Verificando status final de todas as permissÃµes...
2026-01-29 15:37:17.519 25880-25985 AutoPermissionManager   com.cdccreditsmart.app               D    âœ… CONCEDIDA - android.permission.READ_PHONE_STATE
2026-01-29 15:37:17.521 25880-25985 AutoPermissionManager   com.cdccreditsmart.app               D    âŒ NEGADA - android.permission.READ_CALL_LOG
2026-01-29 15:37:17.523 25880-25985 AutoPermissionManager   com.cdccreditsmart.app               D    âŒ NEGADA - android.permission.CALL_PHONE
2026-01-29 15:37:17.524 25880-25985 AutoPermissionManager   com.cdccreditsmart.app               D    âŒ NEGADA - android.permission.READ_CONTACTS
2026-01-29 15:37:17.525 25880-25985 AutoPermissionManager   com.cdccreditsmart.app               D    âœ… CONCEDIDA - android.permission.ACCESS_FINE_LOCATION
2026-01-29 15:37:17.526 25880-25985 AutoPermissionManager   com.cdccreditsmart.app               D    âœ… CONCEDIDA - android.permission.ACCESS_COARSE_LOCATION
2026-01-29 15:37:17.527 25880-25985 AutoPermissionManager   com.cdccreditsmart.app               D    âŒ NEGADA - android.permission.ANSWER_PHONE_CALLS
2026-01-29 15:37:17.529 25880-25985 AutoPermissionManager   com.cdccreditsmart.app               D    âŒ NEGADA - android.permission.READ_PHONE_NUMBERS
2026-01-29 15:37:17.530 25880-25985 AutoPermissionManager   com.cdccreditsmart.app               D    âœ… CONCEDIDA - android.permission.ACCESS_BACKGROUND_LOCATION
2026-01-29 15:37:17.531 25880-25985 AutoPermissionManager   com.cdccreditsmart.app               D    âœ… CONCEDIDA - android.permission.POST_NOTIFICATIONS
2026-01-29 15:37:17.531 25880-25985 AutoPermissionManager   com.cdccreditsmart.app               W  âš ï¸ Algumas permissÃµes ainda nÃ£o foram concedidas
2026-01-29 15:37:17.531 25880-25985 AutoPermissionManager   com.cdccreditsmart.app               I  ========================================
2026-01-29 15:37:17.531 25880-25985 AutoPermissionManager   com.cdccreditsmart.app               I  ğŸ” CONFIGURANDO PERMISSÃ•ES ESPECIAIS (Device Owner)
2026-01-29 15:37:17.531 25880-25985 AutoPermissionManager   com.cdccreditsmart.app               I  ========================================
2026-01-29 15:37:17.532 25880-25985 AutoPermissionManager   com.cdccreditsmart.app               I  ğŸ“Š ========================================
2026-01-29 15:37:17.533 25880-25985 AutoPermissionManager   com.cdccreditsmart.app               I  ğŸ“Š CONCEDENDO PACKAGE_USAGE_STATS (Usage Access)
2026-01-29 15:37:17.533 25880-25985 AutoPermissionManager   com.cdccreditsmart.app               I  ğŸ“Š ========================================
2026-01-29 15:37:17.535 25880-25985 AutoPermissionManager   com.cdccreditsmart.app               I  ğŸ“Š âœ… PACKAGE_USAGE_STATS jÃ¡ estÃ¡ concedida!
2026-01-29 15:37:17.535 25880-25985 AutoPermissionManager   com.cdccreditsmart.app               I  ğŸªŸ ========================================
2026-01-29 15:37:17.535 25880-25985 AutoPermissionManager   com.cdccreditsmart.app               I  ğŸªŸ CONCEDENDO SYSTEM_ALERT_WINDOW (Overlay)
2026-01-29 15:37:17.535 25880-25985 AutoPermissionManager   com.cdccreditsmart.app               I  ğŸªŸ ========================================
2026-01-29 15:37:17.538 25880-25985 AutoPermissionManager   com.cdccreditsmart.app               I  ğŸªŸ âœ… SYSTEM_ALERT_WINDOW jÃ¡ estÃ¡ concedida!
2026-01-29 15:37:17.538 25880-25985 AutoPermissionManager   com.cdccreditsmart.app               I  ğŸ”‹ ========================================
2026-01-29 15:37:17.538 25880-25985 AutoPermissionManager   com.cdccreditsmart.app               I  ğŸ”‹ VERIFICANDO ISENÃ‡ÃƒO DE OTIMIZAÃ‡ÃƒO DE BATERIA
2026-01-29 15:37:17.538 25880-25985 AutoPermissionManager   com.cdccreditsmart.app               I  ğŸ”‹ ========================================
2026-01-29 15:37:17.539 25880-25985 AutoPermissionManager   com.cdccreditsmart.app               I  ğŸ”‹ âœ… App JÃ estÃ¡ isento de otimizaÃ§Ã£o de bateria
2026-01-29 15:37:17.539 25880-25985 AutoPermissionManager   com.cdccreditsmart.app               I  ğŸ”‹ ========================================
2026-01-29 15:37:17.539 25880-25985 AutoPermissionManager   com.cdccreditsmart.app               I  ğŸ“ ForÃ§ando GPS/LocalizaÃ§Ã£o sempre ativo...
2026-01-29 15:37:17.543 25880-25985 AutoPermissionManager   com.cdccreditsmart.app               I  âœ… LocalizaÃ§Ã£o forÃ§ada via setLocationEnabled (Android 9+)
2026-01-29 15:37:17.549 25880-25985 AutoPermissionManager   com.cdccreditsmart.app               I  ğŸ“ Sem bloqueio ativo - usuÃ¡rio pode controlar GPS normalmente
2026-01-29 15:37:17.553 25880-25985 AutoPermissionManager   com.cdccreditsmart.app               I  ğŸ“ Status atual - GPS: true, Network: true
2026-01-29 15:37:17.553 25880-25985 AutoPermissionManager   com.cdccreditsmart.app               I  ğŸ“ ConfiguraÃ§Ã£o de localizaÃ§Ã£o concluÃ­da
2026-01-29 15:37:17.555 25880-25985 AutoPermissionManager   com.cdccreditsmart.app               I  âœ… PolÃ­tica de permissÃµes configurada para AUTO_GRANT
2026-01-29 15:37:17.555 25880-25985 AutoPermissionManager   com.cdccreditsmart.app               I  ğŸ“Š ========================================
2026-01-29 15:37:17.555 25880-25985 AutoPermissionManager   com.cdccreditsmart.app               I  ğŸ“Š VERIFICAÃ‡ÃƒO FINAL: PACKAGE_USAGE_STATS
2026-01-29 15:37:17.555 25880-25985 AutoPermissionManager   com.cdccreditsmart.app               I  ğŸ“Š ========================================
2026-01-29 15:37:17.556 25880-25985 AutoPermissionManager   com.cdccreditsmart.app               I  ğŸ“Š âœ… PACKAGE_USAGE_STATS estÃ¡ ATIVA!
2026-01-29 15:37:17.556 25880-25985 AutoPermissionManager   com.cdccreditsmart.app               I  ğŸ“Š    SettingsGuard pode monitorar activities precisamente
2026-01-29 15:37:17.556 25880-25985 AutoPermissionManager   com.cdccreditsmart.app               I  ğŸ“Š ========================================
2026-01-29 15:37:17.556 25880-25985 AutoPermissionManager   com.cdccreditsmart.app               I  ========================================
2026-01-29 15:37:17.760 25880-25880 DeviceUtils             com.cdccreditsmart.app               D  Device Owner check: true
2026-01-29 15:37:17.760 25880-25880 DeviceUtils             com.cdccreditsmart.app               D  Samsung device: false (Manufacturer: realme)
2026-01-29 15:37:17.760 25880-25880 DeviceOwnerCheckVM      com.cdccreditsmart.app               I  âœ… Dispositivo Ã© Device Owner - permitindo acesso ao app
2026-01-29 15:37:17.761 25880-25880 DeviceOwnerCheckVM      com.cdccreditsmart.app               I  ========================================
2026-01-29 15:37:17.800 25880-25880 RouterViewModel         com.cdccreditsmart.app               D  ğŸš€ Iniciando verificaÃ§Ã£o de autenticaÃ§Ã£o...
2026-01-29 15:37:17.801 25880-25985 AuthOrchestrator        com.cdccreditsmart.app               D  ğŸ” Verificando autenticaÃ§Ã£o...
2026-01-29 15:37:17.804 25880-25985 AuthOrchestrator        com.cdccreditsmart.app               D  ğŸŒ Conectividade: ONLINE
2026-01-29 15:37:17.804 25880-25985 AuthOrchestrator        com.cdccreditsmart.app               D  ğŸ”„ ========== AUTO-DISCOVERY INICIADO ==========
2026-01-29 15:37:17.824 25880-25985 DeviceUtils             com.cdccreditsmart.app               D  IMEI retrieved successfully: 8608***
2026-01-29 15:37:17.824 25880-25985 AuthOrchestrator        com.cdccreditsmart.app               D  ğŸ“± IMEI obtido: 8608***718
2026-01-29 15:37:17.824 25880-25985 AuthOrchestrator        com.cdccreditsmart.app               D  ğŸ” Tentando auto-discovery...
2026-01-29 15:37:17.824 25880-25985 AuthOrchestrator        com.cdccreditsmart.app               D     Endpoint: GET /api/apk/discover/860875074339718
2026-01-29 15:37:17.836 25880-29517 okhttp.OkHttpClient     com.cdccreditsmart.app               I  --> GET https://cdccreditsmart.com/api/apk/discover/860875074339718
2026-01-29 15:37:17.836 25880-29517 okhttp.OkHttpClient     com.cdccreditsmart.app               I  --> END GET
2026-01-29 15:37:18.404 25880-29517 okhttp.OkHttpClient     com.cdccreditsmart.app               I  <-- 200 https://cdccreditsmart.com/api/apk/discover/860875074339718 (567ms)
2026-01-29 15:37:18.404 25880-29517 okhttp.OkHttpClient     com.cdccreditsmart.app               I  access-control-allow-credentials: true
2026-01-29 15:37:18.404 25880-29517 okhttp.OkHttpClient     com.cdccreditsmart.app               I  access-control-allow-headers: Origin, X-Requested-With, Content-Type, Accept, Authorization, x-client-key, x-client-token, x-client-secret, cache-control
2026-01-29 15:37:18.404 25880-29517 okhttp.OkHttpClient     com.cdccreditsmart.app               I  access-control-allow-methods: GET, POST, PUT, PATCH, DELETE, OPTIONS
2026-01-29 15:37:18.404 25880-29517 okhttp.OkHttpClient     com.cdccreditsmart.app               I  access-control-allow-origin: *
2026-01-29 15:37:18.404 25880-29517 okhttp.OkHttpClient     com.cdccreditsmart.app               I  access-control-max-age: 86400
2026-01-29 15:37:18.404 25880-29517 okhttp.OkHttpClient     com.cdccreditsmart.app               I  content-length: 577
2026-01-29 15:37:18.405 25880-29517 okhttp.OkHttpClient     com.cdccreditsmart.app               I  content-security-policy: default-src 'self'; script-src 'self' 'unsafe-inline' 'unsafe-eval' https://replit.com; style-src 'self' 'unsafe-inline' https://replit.com; img-src 'self' data: https:; font-src 'self' data: https://replit.com; connect-src 'self';
2026-01-29 15:37:18.405 25880-29517 okhttp.OkHttpClient     com.cdccreditsmart.app               I  content-type: application/json; charset=utf-8
2026-01-29 15:37:18.405 25880-29517 okhttp.OkHttpClient     com.cdccreditsmart.app               I  date: Thu, 29 Jan 2026 18:37:16 GMT
2026-01-29 15:37:18.405 25880-29517 okhttp.OkHttpClient     com.cdccreditsmart.app               I  etag: W/"241-zscYL9TAS6Nc8gLmxqzHKgV8Bqk"
2026-01-29 15:37:18.405 25880-29517 okhttp.OkHttpClient     com.cdccreditsmart.app               I  permissions-policy: geolocation=(), microphone=(), camera=()
2026-01-29 15:37:18.405 25880-29517 okhttp.OkHttpClient     com.cdccreditsmart.app               I  referrer-policy: strict-origin-when-cross-origin
2026-01-29 15:37:18.405 25880-29517 okhttp.OkHttpClient     com.cdccreditsmart.app               I  strict-transport-security: max-age=63072000; includeSubDomains
2026-01-29 15:37:18.405 25880-29517 okhttp.OkHttpClient     com.cdccreditsmart.app               I  strict-transport-security: max-age=31536000; includeSubDomains
2026-01-29 15:37:18.405 25880-29517 okhttp.OkHttpClient     com.cdccreditsmart.app               I  x-anti-fraud-protection: active
2026-01-29 15:37:18.405 25880-29517 okhttp.OkHttpClient     com.cdccreditsmart.app               I  x-certificate-pinning-enabled: false
2026-01-29 15:37:18.406 25880-29517 okhttp.OkHttpClient     com.cdccreditsmart.app               I  x-certificate-pinning-status: disabled-for-stability
2026-01-29 15:37:18.406 25880-29517 okhttp.OkHttpClient     com.cdccreditsmart.app               I  x-content-type-options: nosniff
2026-01-29 15:37:18.406 25880-29517 okhttp.OkHttpClient     com.cdccreditsmart.app               I  x-financial-data-protection: enabled
2026-01-29 15:37:18.406 25880-29517 okhttp.OkHttpClient     com.cdccreditsmart.app               I  x-frame-options: DENY
2026-01-29 15:37:18.406 25880-29517 okhttp.OkHttpClient     com.cdccreditsmart.app               I  x-transaction-security-level: maximum
2026-01-29 15:37:18.406 25880-29517 okhttp.OkHttpClient     com.cdccreditsmart.app               I  x-xss-protection: 1; mode=block
2026-01-29 15:37:18.406 25880-29517 okhttp.OkHttpClient     com.cdccreditsmart.app               I  via: 1.1 google
2026-01-29 15:37:18.406 25880-29517 okhttp.OkHttpClient     com.cdccreditsmart.app               I  alt-svc: h3=":443"; ma=2592000,h3-29=":443"; ma=2592000
