2026-01-29 15:37:18.408 25880-29517 okhttp.OkHttpClient     com.cdccreditsmart.app               I  {"success":true,"device":{"id":"device_1769137280282_l7srjesg25","name":"REALME Note 60x","serialNumber":"QJ3H4MKG","imei":"860875074339718","imeiList":["860875074339718"],"meid":null,"meidList":null,"simSlotCount":1,"model":"Note 60x","brand":"REALME","status":"active","isBlocked":false,"blockReason":null},"customer":{"id":"f854a5cf-8b7e-4a66-a55f-a9f41948eb34","name":"Marcos Antunes","cpf":"06452784323","phone":"85981888810"},"connection":{"matchType":"imei_exact","useImei":"860875074339718","useSerialNumber":"QJ3H4MKG","useDeviceId":"device_1769137280282_l7srjesg25"}}
2026-01-29 15:37:18.408 25880-29517 okhttp.OkHttpClient     com.cdccreditsmart.app               I  <-- END HTTP (577-byte body)
2026-01-29 15:37:18.411 25880-25985 AuthOrchestrator        com.cdccreditsmart.app               D  âœ… ========== AUTO-DISCOVERY BEM-SUCEDIDO ==========
2026-01-29 15:37:18.411 25880-25985 AuthOrchestrator        com.cdccreditsmart.app               D  âœ… Dispositivo encontrado:
2026-01-29 15:37:18.411 25880-25985 AuthOrchestrator        com.cdccreditsmart.app               D     - Nome: REALME Note 60x
2026-01-29 15:37:18.411 25880-25985 AuthOrchestrator        com.cdccreditsmart.app               D     - DeviceId: device_17691372...
2026-01-29 15:37:18.411 25880-25985 AuthOrchestrator        com.cdccreditsmart.app               D     - SerialNumber: QJ3H4MKG
2026-01-29 15:37:18.411 25880-25985 AuthOrchestrator        com.cdccreditsmart.app               D     - IMEI: 8608***718
2026-01-29 15:37:18.411 25880-25985 AuthOrchestrator        com.cdccreditsmart.app               D     - Status: active
2026-01-29 15:37:18.411 25880-25985 AuthOrchestrator        com.cdccreditsmart.app               D     - Bloqueado: false
2026-01-29 15:37:18.411 25880-25985 AuthOrchestrator        com.cdccreditsmart.app               D  âœ… Cliente:
2026-01-29 15:37:18.411 25880-25985 AuthOrchestrator        com.cdccreditsmart.app               D     - Nome: Marcos Antunes
2026-01-29 15:37:18.411 25880-25985 AuthOrchestrator        com.cdccreditsmart.app               D     - CPF: 064***
2026-01-29 15:37:18.411 25880-25985 AuthOrchestrator        com.cdccreditsmart.app               D  âœ… ConexÃ£o:
2026-01-29 15:37:18.411 25880-25985 AuthOrchestrator        com.cdccreditsmart.app               D     - Usar IMEI: 860875074339718
2026-01-29 15:37:18.411 25880-25985 AuthOrchestrator        com.cdccreditsmart.app               D     - Usar SerialNumber: QJ3H4MKG
2026-01-29 15:37:18.411 25880-25985 AuthOrchestrator        com.cdccreditsmart.app               D     - Usar DeviceId: device_1769137280282_l7srjesg25
2026-01-29 15:37:18.411 25880-25985 ContractCodeStorage     com.cdccreditsmart.app               D  Saving contract code to redundant storage
2026-01-29 15:37:18.535 25880-25985 ContractCodeStorage     com.cdccreditsmart.app               D  Saved to EncryptedPrefs
2026-01-29 15:37:18.631 25880-25985 ContractCodeStorage     com.cdccreditsmart.app               D  Deleted existing file: .cdc_protected_code.enc
2026-01-29 15:37:18.668 25880-25985 ContractCodeStorage     com.cdccreditsmart.app               D  Successfully saved to file: .cdc_protected_code.enc
2026-01-29 15:37:18.668 25880-25985 ContractCodeStorage     com.cdccreditsmart.app               D  Saved to Protected Storage
2026-01-29 15:37:18.669 25880-25985 ContractCodeStorage     com.cdccreditsmart.app               D  Deleted existing file: .cdc_contract_b1.enc
2026-01-29 15:37:18.704 25880-25985 ContractCodeStorage     com.cdccreditsmart.app               D  Successfully saved to file: .cdc_contract_b1.enc
2026-01-29 15:37:18.704 25880-25985 ContractCodeStorage     com.cdccreditsmart.app               D  Deleted existing file: .sys_device_cfg.enc
2026-01-29 15:37:18.742 25880-25985 ContractCodeStorage     com.cdccreditsmart.app               D  Successfully saved to file: .sys_device_cfg.enc
2026-01-29 15:37:18.742 25880-25985 ContractCodeStorage     com.cdccreditsmart.app               D  Deleted existing file: .android_secure.enc
2026-01-29 15:37:18.778 25880-25985 ContractCodeStorage     com.cdccreditsmart.app               D  Successfully saved to file: .android_secure.enc
2026-01-29 15:37:18.811 25880-25985 ContractCodeStorage     com.cdccreditsmart.app               D  Contract code saved to ALL storage locations
2026-01-29 15:37:19.007 25880-25880 CdcForegroundService    com.cdccreditsmart.app               D  ğŸš€ ServiÃ§o onStartCommand() - Action: com.cdccreditsmart.app.START_SERVICE
2026-01-29 15:37:19.015 25880-25880 CdcForegroundService    com.cdccreditsmart.app               I  âœ… Foreground Service ativo (Android 12+)
2026-01-29 15:37:19.016 25880-26025 CdcForegroundService    com.cdccreditsmart.app               I  ğŸ”§ ========================================
2026-01-29 15:37:19.016 25880-26025 CdcForegroundService    com.cdccreditsmart.app               I  ğŸ”§ INICIANDO initializeServices()...
2026-01-29 15:37:19.016 25880-26025 CdcForegroundService    com.cdccreditsmart.app               I  ğŸ”§ ========================================
2026-01-29 15:37:19.016 25880-26025 CdcForegroundService    com.cdccreditsmart.app               D  âœ… ServiÃ§os base jÃ¡ inicializados
2026-01-29 15:37:19.045 25880-25985 ContractCodeStorage     com.cdccreditsmart.app               D  Verification complete: 7/7 locations valid
2026-01-29 15:37:19.062 25880-25985 ContractCodeStorage     com.cdccreditsmart.app               D  Saving contract code to redundant storage
2026-01-29 15:37:19.081 25880-25985 ContractCodeStorage     com.cdccreditsmart.app               D  Saved to EncryptedPrefs
2026-01-29 15:37:19.089 25880-25985 ContractCodeStorage     com.cdccreditsmart.app               D  Deleted existing file: .cdc_protected_code.enc
2026-01-29 15:37:19.126 25880-25985 ContractCodeStorage     com.cdccreditsmart.app               D  Successfully saved to file: .cdc_protected_code.enc
2026-01-29 15:37:19.126 25880-25985 ContractCodeStorage     com.cdccreditsmart.app               D  Saved to Protected Storage
2026-01-29 15:37:19.127 25880-25985 ContractCodeStorage     com.cdccreditsmart.app               D  Deleted existing file: .cdc_contract_b1.enc
2026-01-29 15:37:19.160 25880-25985 ContractCodeStorage     com.cdccreditsmart.app               D  Successfully saved to file: .cdc_contract_b1.enc
2026-01-29 15:37:19.160 25880-25985 ContractCodeStorage     com.cdccreditsmart.app               D  Deleted existing file: .sys_device_cfg.enc
2026-01-29 15:37:19.198 25880-25985 ContractCodeStorage     com.cdccreditsmart.app               D  Successfully saved to file: .sys_device_cfg.enc
2026-01-29 15:37:19.198 25880-25985 ContractCodeStorage     com.cdccreditsmart.app               D  Deleted existing file: .android_secure.enc
2026-01-29 15:37:19.235 25880-25985 ContractCodeStorage     com.cdccreditsmart.app               D  Successfully saved to file: .android_secure.enc
2026-01-29 15:37:19.271 25880-25985 ContractCodeStorage     com.cdccreditsmart.app               D  Contract code saved to ALL storage locations
2026-01-29 15:37:19.471 25880-25985 ContractCodeStorage     com.cdccreditsmart.app               D  Verification complete: 7/7 locations valid
2026-01-29 15:37:19.471 25880-25985 SecureTokenStorage      com.cdccreditsmart.app               D  Device info saved successfully from auto-discovery
2026-01-29 15:37:19.471 25880-25985 SecureTokenStorage      com.cdccreditsmart.app               D    - DeviceId: device_17691372...
2026-01-29 15:37:19.471 25880-25985 SecureTokenStorage      com.cdccreditsmart.app               D    - SerialNumber: QJ3H4MKG
2026-01-29 15:37:19.472 25880-25985 SecureTokenStorage      com.cdccreditsmart.app               D    - IMEI: 8608***
2026-01-29 15:37:19.472 25880-25985 SecureTokenStorage      com.cdccreditsmart.app               D    - ContractCode: QJ3H4MKG
2026-01-29 15:37:19.472 25880-25985 AuthOrchestrator        com.cdccreditsmart.app               D  ğŸ’¾ Dados salvos:
2026-01-29 15:37:19.472 25880-25985 AuthOrchestrator        com.cdccreditsmart.app               D     - ContractCode: QJ3H4MKG
2026-01-29 15:37:19.472 25880-25985 AuthOrchestrator        com.cdccreditsmart.app               D     - DeviceId: device_17691372...
2026-01-29 15:37:19.472 25880-25985 AuthOrchestrator        com.cdccreditsmart.app               D     - IMEI: 8608***718
2026-01-29 15:37:19.472 25880-25985 AuthOrchestrator        com.cdccreditsmart.app               W  âš ï¸ [6/7] Discovery nÃ£o retornou token - headers IMEI serÃ£o usados como fallback
2026-01-29 15:37:19.472 25880-25985 AuthOrchestrator        com.cdccreditsmart.app               D  ğŸ‰ ========== AUTO-DISCOVERY CONCLUÃDO ==========
2026-01-29 15:37:19.472 25880-25985 AuthOrchestrator        com.cdccreditsmart.app               D  âœ… Auto-conexÃ£o bem-sucedida - autenticaÃ§Ã£o OK!
2026-01-29 15:37:19.472 25880-25985 AuthOrchestrator        com.cdccreditsmart.app               I  ğŸ”§ Garantindo que CdcForegroundService estÃ¡ rodando...
2026-01-29 15:37:19.473 25880-26025 AuthOrchestrator        com.cdccreditsmart.app               D  ğŸ”” Registrando FCM token apÃ³s auto-discovery...
2026-01-29 15:37:19.475 25880-26025 FcmTokenManager         com.cdccreditsmart.app               D  ========== REGISTERING FCM TOKEN WITH BACKEND ==========
2026-01-29 15:37:19.476 25880-25985 CdcForegroundService    com.cdccreditsmart.app               I  âœ… ServiÃ§o iniciado via startService()
2026-01-29 15:37:19.476 25880-25985 AuthOrchestrator        com.cdccreditsmart.app               I  âœ… CdcForegroundService iniciado apÃ³s autenticaÃ§Ã£o
2026-01-29 15:37:19.476 25880-25880 CdcForegroundService    com.cdccreditsmart.app               D  ğŸš€ ServiÃ§o onStartCommand() - Action: com.cdccreditsmart.app.START_SERVICE
2026-01-29 15:37:19.478 25880-26025 FcmTokenManager         com.cdccreditsmart.app               D  Current FCM token retrieved: eaOkixBvT8ueACb96xv9...
2026-01-29 15:37:19.484 25880-25880 CdcForegroundService    com.cdccreditsmart.app               I  âœ… Foreground Service ativo (Android 12+)
2026-01-29 15:37:19.486 25880-25985 CdcForegroundService    com.cdccreditsmart.app               I  ğŸ”§ ========================================
2026-01-29 15:37:19.486 25880-25985 CdcForegroundService    com.cdccreditsmart.app               I  ğŸ”§ INICIANDO initializeServices()...
2026-01-29 15:37:19.486 25880-25985 CdcForegroundService    com.cdccreditsmart.app               I  ğŸ”§ ========================================
2026-01-29 15:37:19.486 25880-25985 CdcForegroundService    com.cdccreditsmart.app               D  âœ… ServiÃ§os base jÃ¡ inicializados
2026-01-29 15:37:19.486 25880-25880 RouterViewModel         com.cdccreditsmart.app               D  âœ… Autenticado com sucesso
2026-01-29 15:37:19.533 25880-25983 SecureTokenStorage      com.cdccreditsmart.app               D  âœ… Usando IMEI para MDM: 8608***718
2026-01-29 15:37:19.533 25880-25983 CdcForegroundService    com.cdccreditsmart.app               I  ğŸ” AuthToken presente: false
2026-01-29 15:37:19.533 25880-25983 CdcForegroundService    com.cdccreditsmart.app               I  ğŸ” AuthToken length: 0
2026-01-29 15:37:19.533 25880-25983 CdcForegroundService    com.cdccreditsmart.app               I  ğŸ” ContractCode presente: true
2026-01-29 15:37:19.533 25880-25983 CdcForegroundService    com.cdccreditsmart.app               I  ğŸ” ContractCode value: QJ3H****
2026-01-29 15:37:19.533 25880-25983 CdcForegroundService    com.cdccreditsmart.app               I  ğŸ” MDM SerialNumber presente: true
2026-01-29 15:37:19.533 25880-25983 CdcForegroundService    com.cdccreditsmart.app               I  ğŸ” MDM SerialNumber value: 86087507...
2026-01-29 15:37:19.533 25880-25983 CdcForegroundService    com.cdccreditsmart.app               I  ğŸ“± ========================================
2026-01-29 15:37:19.533 25880-25983 CdcForegroundService    com.cdccreditsmart.app               I  ğŸ“± AGUARDANDO PAIRING - MDM EM STANDBY
2026-01-29 15:37:19.533 25880-25983 CdcForegroundService    com.cdccreditsmart.app               I  ğŸ“± O usuÃ¡rio ainda nÃ£o fez o pareamento inicial
2026-01-29 15:37:19.533 25880-25983 CdcForegroundService    com.cdccreditsmart.app               I  ğŸ“± ServiÃ§os MDM serÃ£o ativados apÃ³s inserir cÃ³digo do contrato
2026-01-29 15:37:19.533 25880-25983 CdcForegroundService    com.cdccreditsmart.app               I  ğŸ“± NOTA: isMdmInitialized permanece FALSE para permitir reinicializaÃ§Ã£o
2026-01-29 15:37:19.533 25880-25983 CdcForegroundService    com.cdccreditsmart.app               I  ğŸ“± ========================================
2026-01-29 15:37:19.627 25880-26025 FcmTokenManager         com.cdccreditsmart.app               E  Cannot register: Auth token not available
2026-01-29 15:37:19.627 25880-26025 AuthOrchestrator        com.cdccreditsmart.app               W  âš ï¸ Erro ao registrar FCM token: User not authenticated
2026-01-29 15:37:19.657 25880-25880 TermsAcceptanceStorage  com.cdccreditsmart.app               D  hasAcceptedTermsForContract(QJ3H4MKG): true (saved: QJ3H4MKG)
2026-01-29 15:37:19.657 25880-25880 RouterViewModel         com.cdccreditsmart.app               D  âœ… Termos jÃ¡ aceitos - Ir para HOME
2026-01-29 15:37:19.693 25880-25880 SimpleHomeViewModel     com.cdccreditsmart.app               W  â³ Throttling ativo - aguarde 9s antes de tentar novamente
2026-01-29 15:37:19.803 25880-25880 SecureTokenStorage      com.cdccreditsmart.app               D  ğŸ“– Lendo customerName: Marcos Antunes
2026-01-29 15:37:19.806 25880-25880 SecureTokenStorage      com.cdccreditsmart.app               D  ğŸ“– Lendo deviceModel: Note 60x
2026-01-29 15:37:19.825 25880-25898 creditsmart.app         com.cdccreditsmart.app               I  Background concurrent mark compact GC freed 249218(10MB) AllocSpace objects, 361(13MB) LOS objects, 64% free, 13MB/37MB, paused 843us,3.628ms total 125.175ms
2026-01-29 15:37:19.964 25880-25897 creditsmart.app         com.cdccreditsmart.app               I  Compiler allocated 4998KB to compile kotlin.Unit com.cdccreditsmart.app.presentation.screens.home.ModernHomeScreenKt.HeroHeaderCard$lambda$0(android.content.Context, java.lang.String, boolean, kotlin.jvm.functions.Function0, com.cdccreditsmart.app.support.SupportContactData, java.lang.String, java.lang.String, kotlin.jvm.functions.Function0, kotlin.jvm.functions.Function0, kotlin.jvm.functions.Function0, androidx.compose.foundation.layout.ColumnScope, androidx.compose.runtime.Composer, int)
2026-01-29 15:37:19.994 25880-26025 SecureTokenStorage      com.cdccreditsmart.app               D  âœ… Usando IMEI para MDM: 8608***718
2026-01-29 15:37:19.994 25880-26025 CdcForegroundService    com.cdccreditsmart.app               I  ğŸ” AuthToken presente: false
2026-01-29 15:37:19.994 25880-26025 CdcForegroundService    com.cdccreditsmart.app               I  ğŸ” AuthToken length: 0
2026-01-29 15:37:19.994 25880-26025 CdcForegroundService    com.cdccreditsmart.app               I  ğŸ” ContractCode presente: true
2026-01-29 15:37:19.994 25880-26025 CdcForegroundService    com.cdccreditsmart.app               I  ğŸ” ContractCode value: QJ3H****
2026-01-29 15:37:19.995 25880-26025 CdcForegroundService    com.cdccreditsmart.app               I  ğŸ” MDM SerialNumber presente: true
2026-01-29 15:37:19.995 25880-26025 CdcForegroundService    com.cdccreditsmart.app               I  ğŸ” MDM SerialNumber value: 86087507...
2026-01-29 15:37:19.995 25880-26025 CdcForegroundService    com.cdccreditsmart.app               I  ğŸ“± ========================================
2026-01-29 15:37:19.995 25880-26025 CdcForegroundService    com.cdccreditsmart.app               I  ğŸ“± AGUARDANDO PAIRING - MDM EM STANDBY
2026-01-29 15:37:19.995 25880-26025 CdcForegroundService    com.cdccreditsmart.app               I  ğŸ“± O usuÃ¡rio ainda nÃ£o fez o pareamento inicial
2026-01-29 15:37:19.995 25880-26025 CdcForegroundService    com.cdccreditsmart.app               I  ğŸ“± ServiÃ§os MDM serÃ£o ativados apÃ³s inserir cÃ³digo do contrato
2026-01-29 15:37:19.995 25880-26025 CdcForegroundService    com.cdccreditsmart.app               I  ğŸ“± NOTA: isMdmInitialized permanece FALSE para permitir reinicializaÃ§Ã£o
2026-01-29 15:37:19.995 25880-26025 CdcForegroundService    com.cdccreditsmart.app               I  ğŸ“± ========================================
2026-01-29 15:37:20.104 25880-26025 SupportRepository       com.cdccreditsmart.app               D  âœ… Retornando contato do cache local
