2025-12-09 15:27:13.062   990-23483 AudioFlinger            pid-990                              I  -mAudioHwDevs(r_submix)->setParameters(): app_in_recents=true
2025-12-09 15:27:13.062   990-23483 TranFlinger             pid-990                              E  setPareters is is 0
2025-12-09 15:27:13.062   990-23483 TranFlinger             pid-990                              D  Audioflinger app_in_recents = true
2025-12-09 15:27:13.062   990-23483 TranFlinger             pid-990                              D  Audioflinger app_in_recents  is 1
2025-12-09 15:27:13.062   955-1039  libPowerHal             pid-955                              I  [thermal ux] update cluster0 to freqToSet:1800000 maxToSet:2000000
2025-12-09 15:27:13.062  1556-1655  WindowManager           pid-1556                             V  Finish Transition (#198): created at 12-09 15:27:12.394 collect-started=0.15ms started=0.192ms ready=8.74ms sent=84.092ms finished=656.04ms
2025-12-09 15:27:13.062  1556-1876  TranCPUBooster          pid-1556                             E  Failed to setThreadAffinity:
                                                                                                    java.lang.IllegalArgumentException: Invalid argument: 23137
2025-12-09 15:27:13.062   955-1039  libPowerHal             pid-955                              I  [thermal ux] update cluster1 to freqToSet:2000000 maxToSet:2200000
2025-12-09 15:27:13.062   955-1039  libPowerHal             pid-955                              I  [setClusterFreq] LAUNCH: sysfs_freq set cpu freq: 1800000 -1 2000000 -1 
2025-12-09 15:27:13.062   955-1039  libPowerHal             pid-955                              I  [unsetGPUFreq] current min:0, max:0; scn_gpu_min:0, scn_gpu_max:-1; scn_gpu_min(HL):-1, scn_gpu_max(HL):-1
2025-12-09 15:27:13.062   955-1039  libPowerHal             pid-955                              I  LAUNCH: set gpu opp level: 15
2025-12-09 15:27:13.062  1013-1013  BufferQueueDebug        pid-1013                             I  [Transition Root: Task=1#2291](this:0xb400007184e7ab98,id:-1,api:0,p:-1,c:1013) onDestructor()
2025-12-09 15:27:13.062   955-1039  libPowerHal             pid-955                              I  LAUNCH: set gpu opp level max: 0
2025-12-09 15:27:13.062  3568-3568  BaseLaunch...eUpHandler pid-3568                             D  endRunningWindowAnim: false  com.android.quickstep.AbsSwipeUpHandler.invalidateHandler:37 com.android.quickstep.AbsSwipeUpHandler.T:0 com.android.quickstep.u0.run:52 com.android.quickstep.MultiStateCallback.setState:82 com.android.quickstep.MultiStateCallback.setStateOnUiThread:10 com.android.quickstep.AbsSwipeUpHandler.reset:9 com.android.quickstep.u0.run:72 com.android.quickstep.MultiStateCallback.setState:82 com.android.quickstep.MultiStateCallback.setStateOnUiThread:10 com.android.quickstep.AbsSwipeUpHandler.lambda$finishCurrentTransitionToHome$36:23 com.android.quickstep.AbsSwipeUpHandler.u:0 com.android.quickstep.d.run:60 
2025-12-09 15:27:13.062   955-1039  libPowerHal             pid-955                              I  [setGPUFreq] Soft min/max = (15, 0); Hard min/max = (44, 0)
2025-12-09 15:27:13.062   955-1039  libPowerHal             pid-955                              I  [setGPUFreq] final min/max = (15, 0)
2025-12-09 15:27:13.062   955-1039  libPowerHal             pid-955                              I  LAUNCH: set gpu opp level: 15
2025-12-09 15:27:13.062  3568-3568  ActivityTracker         pid-3568                             D  Unregistering callback: com.android.launcher3.LauncherInitListener, reason=AbsSwipeUpHandler.invalidateHandler
2025-12-09 15:27:13.062   955-1039  libPowerHal             pid-955                              I  LAUNCH: set gpu opp level max: 0
2025-12-09 15:27:13.062   955-1039  libPowerHal             pid-955                              I  [PD] LAUNCH update cmd:1408700, param:100
2025-12-09 15:27:13.063  1556-1658  ScnModule               pid-1556                             I  [GameDetection] packname: com.cdccreditsmart.app, apkSize: 88027498. 
2025-12-09 15:27:13.063  1556-1658  mtkpower_client         pid-1556                             I  [PowerHal_Wrap_notifyAppState] com.cdccreditsmart.app/com.cdccreditsmart.app.presentation.MainActivity pid=27009 activityId:87642409 state:0
2025-12-09 15:27:13.063  1556-1658  mtkpower_client         pid-1556                             I  [Legacy][PowerHal_Wrap_notifyAppState] com.cdccreditsmart.app/com.cdccreditsmart.app.presentation.MainActivity pid=27009 state:87642409
2025-12-09 15:27:13.065   955-1039  libPowerHal             pid-955                              I  [PD] LAUNCH update cmd:1000000 param:2
2025-12-09 15:27:13.065   955-1039  libPowerHal             pid-955                              I  [perfNotifyAppState] pack:com.cdccreditsmart.app, act:com.cdccreditsmart.app.presentation.MainActivity, state:0, pid:27009, uid:10287, fps:120
2025-12-09 15:27:13.067  1556-3841  Hiber/fastState         pid-1556                             I  fastUnFreeze reason=cpuboost size=12 uids=[10104, 10107, 10132, 10145, 10208, 10209, 10229, 10232, 10247, 10248, 10249, 10250] about costTime=3ms
2025-12-09 15:27:13.067  1556-1876  Hiber/fastState         pid-1556                             I  do fastUnfreeze reason=cpuboost delay=0
2025-12-09 15:27:13.068  1556-3027  system_server           pid-1556                             E  == MALI DEBUG ===eglp_winsys_populate_image_templates ==12288
2025-12-09 15:27:13.068  1556-1658  PowerHalWrapper         pid-1556                             I  amsBoostNotify AMS_BOOST_PROCESS_CREATE_BOOST:false 
2025-12-09 15:27:13.068  1556-1658  MagellanHandle          pid-1556                             D  updateRefreshRateForSceneVsyncs what = 23
2025-12-09 15:27:13.071  4987-14063 ScenesManager           pid-4987                             I  put createTaskId 
2025-12-09 15:27:13.072  4987-4987  SmartPanelRepository    pid-4987                             I  hasLoadData true  data size = 11
2025-12-09 15:27:13.072  1556-1658  WindowManager           pid-1556                             V  Unknown focus tokens, dropping reportFocusChanged
2025-12-09 15:27:13.076  4987-4987  SceneController         pid-4987                             D  checkCanShow canShow: true  changed false 
2025-12-09 15:27:13.077  1556-3639  UserManagerService      pid-1556                             W  Requested status bar icon for non-badged user 0
2025-12-09 15:27:13.087  1556-3432  UserManagerService      pid-1556                             W  Requested status bar icon for non-badged user 0
2025-12-09 15:27:13.089 27009-27009 BLASTBufferQueue        pid-27009                            D  [VRI[MainActivity]#15](f:0,a:1) destructor()
2025-12-09 15:27:13.089  4987-14063 THubApi                 pid-4987                             D  getWindowingMode TaskInfo{userId=0 taskId=7 displayId=0 isRunning=true baseIntent=Intent { act=android.intent.action.MAIN cat=[android.intent.category.HOME] flg=0x10208000 cmp=com.transsion.XOSLauncher/com.android.launcher3.uioverrides.QuickstepLauncher } baseActivity=ComponentInfo{com.transsion.XOSLauncher/com.android.launcher3.uioverrides.QuickstepLauncher} topActivity=ComponentInfo{com.transsion.XOSLauncher/com.android.launcher3.uioverrides.QuickstepLauncher} origActivity=null realActivity=ComponentInfo{com.transsion.XOSLauncher/com.android.launcher3.uioverrides.QuickstepLauncher} numActivities=1 lastActiveTime=879604 supportsMultiWindow=false resizeMode=2 isResizeable=true minWidth=-1 minHeight=-1 defaultMinSize=110 token=WCT{android.window.IWindowContainerToken$Stub$Proxy@6ad7b4f} topActivityType=2 pictureInPictureParams=null shouldDockBigOverlays=false launchIntoPipHostTaskId=-1 lastParentTaskIdBeforePip=-1 displayCutoutSafeInsets=null topActivityInfo=ActivityInfo{189c2dc com.android.launcher3.uioverrides.QuickstepLauncher} launchCookies=[] positionInParent=Point(0, 0) parentTaskId=-1 isFocused=true isVisible=true isVisibleRequested=true isSleeping=false locusId=LocusId[17_chars] displayAreaFeatureId=1 isTopActivityTransparent=false appCompatTaskInfo=AppCompatTaskInfo { topActivityInSizeCompat=false topActivityEligibleForLetterboxEducation= falseisLetterboxEducationEnabled= false isLetterboxDoubleTapEnabled= false topActivityEligibleForUserAspectRatioButton= false topActivityBoundsLetterboxed= false isFromLetterboxDoubleTap= false topActivityLetterboxVerticalPosition= -1 topActivityLetterboxHorizontalPosition= -1 topActivityLetterboxWidth=1080 topActivityLetterboxHeight=2436 isUserFullscreenOverrideEnabled=false isSystemFullscreenOverrideEnabled=false cameraCompatTaskInfo=CameraCompatTaskInfo { cameraCompatControlState=hidden freeformCameraCompatMode=inactive}}}
2025-12-09 15:27:13.089 27009-27009 BufferQueueConsumer     pid-27009                            D  [VRI[MainActivity]#15(BLAST Consumer)15](id:69810000000f,api:0,p:-1,c:27009) disconnect
2025-12-09 15:27:13.089  1556-1659  SurfaceComposerClient   pid-1556                             D  Transaction::apply InputWindowCommands.focusRequests timestamp=879598585590, windowName=978a5ab com.transsion.XOSLauncher/com.android.launcher3.uioverrides.QuickstepLauncher
2025-12-09 15:27:13.091  1556-1656  ApplicationHelper       pid-1556                             E  Fail to get PackageManager
2025-12-09 15:27:13.091  1556-1656  ApplicationHelper       pid-1556                             E  Fail to get PackageManager
2025-12-09 15:27:13.091  1556-1656  ApplicationHelper       pid-1556                             E  Fail to get PackageManager
2025-12-09 15:27:13.091  1556-1656  ApplicationHelper       pid-1556                             E  Fail to get PackageManager
2025-12-09 15:27:13.091  1556-1656  ApplicationHelper       pid-1556                             E  Fail to get PackageManager
2025-12-09 15:27:13.091  1556-1656  ApplicationHelper       pid-1556                             E  Fail to get PackageManager
2025-12-09 15:27:13.091  1556-1656  ApplicationHelper       pid-1556                             E  Fail to get PackageManager
2025-12-09 15:27:13.094  1556-1658  DisplayDeviceRepository pid-1556                             I  Display device changed: DisplayDeviceInfo{"Built-in Screen": uniqueId="local:0", 1080 x 2436, modeId 1, renderFrameRate 120.00001, defaultModeId 1, userPreferredModeId -1, supportedModes [{id=1, width=1080, height=2436, fps=120.00001, vsync=120.00001, synthetic=false, alternativeRefreshRates=[60.0], supportedHdrTypes=[]}, {id=2, width=1080, height=2436, fps=60.0, vsync=60.0, synthetic=false, alternativeRefreshRates=[120.00001], supportedHdrTypes=[]}], colorMode 0, supportedColorModes [0, 7, 9], hdrCapabilities HdrCapabilities{mSupportedHdrTypes=[], mMaxLuminance=500.0, mMaxAverageLuminance=500.0, mMinLuminance=0.0}, allmSupported false, gameContentTypeSupported false, density 440, 392.783 x 392.828 dpi, appVsyncOff 2399998, presDeadline 11933334, cutout DisplayCutout{insets=Rect(0, 99 - 0, 0) waterfall=Insets{left=0, top=0, right=0, bottom=0} boundingRect={Bounds=[Rect(0, 0 - 0, 0), Rect(474, 0 - 606, 99), Rect(0, 0 - 0, 0), Rect(0, 0 - 0, 0)]} cutoutPathParserInfo={CutoutPathParserInfo{displayWidth=1080 displayHeight=2436 physicalDisplayWidth=1080 physicalDisplayHeight=2436 density={2.75} cutoutSpec={M -24,0 L -24,36 L 24,36 L 24,0 Z @dp} rotation={0} scale={1.0} physicalPixelDisplaySizeRatio={1.0}}} sideOverrides={}}, touch INTERNAL, rotation 0, type INTERNAL, address {port=0}, deviceProductInfo null, state ON, committedState ON, frameRateOverride {uid=1000 frameRateHz=60.000004} {uid=10168 frameRateHz=120.00001} {uid=10169 frameRateHz=120.00001} , brightnessMinimum 0.0, brightnessMaximum 1.0, brightnessDefault 0.2, hdrSdrRatio NaN, FLAG_ALLOWED_TO_BE_DEFAULT_DISPLAY, FLAG_ROTATES_WITH_CONTENT, FLAG_SECURE, FLAG_SUPPORTS_PROTECTED_BUFFERS, FLAG_TRUSTED, installOrientation 0, displayShape DisplayShape{ spec=596679847 displayWidth=1080 displayHeight=2436 physicalPixelDisplaySizeRatio=1.0 rotation=0 offsetX=0 offsetY=0 scale=1.0}}
2025-12-09 15:27:13.095  1556-1658  Griffin/DeviceState     pid-1556                             I  virtualDisplayPackageName :{}
2025-12-09 15:27:13.095  1556-2973  AudioSystem             pid-1556                             D  +setParameters(): screen_state=on 
2025-12-09 15:27:13.096  1013-1013  SurfaceFlinger          pid-1013                             D  Focus addInputWindowCommands timestamp=879598585590, windowName=978a5ab com.transsion.XOSLauncher/com.android.launcher3.uioverrides.QuickstepLauncher
2025-12-09 15:27:13.096  1013-1013  SurfaceFlinger          pid-1013                             I  onHandleDestroyed: name=ed83cae ActivityRecordInputSink com.cdccreditsmart.app/.presentation.MainActivity#2285, layerId=2285, parentId=0
2025-12-09 15:27:13.096   990-23483 AudioFlinger            pid-990                              I  setParameters: filtered keyvalue screen_state=on
2025-12-09 15:27:13.097   990-23483 AudioFlinger            pid-990                              I  +mAudioHwDevs(primary)->setParameters(): screen_state=on
2025-12-09 15:27:13.097   913-3688  AudioALSAHardware       pid-913                              D  +setParameters(): screen_state=on
2025-12-09 15:27:13.097   913-3688  AudioALSAStreamOut      pid-913                              D  +setScreenState(), flag 2, mode 1
2025-12-09 15:27:13.097   913-3688  AudioALSAStreamOut      pid-913                              D  +setScreenState(), flag 8, mode 1
2025-12-09 15:27:13.097   913-3688  AudioALSAStreamOut      pid-913                              D  +setScreenState(), flag 4, mode 1
2025-12-09 15:27:13.097   913-3688  AudioALSAStreamOut      pid-913                              D  +setScreenState(), flag 32768, mode 1
2025-12-09 15:27:13.097   913-3688  AudioALSAStreamOut      pid-913                              D  +setScreenState(), flag 65536, mode 1
2025-12-09 15:27:13.097   913-3688  AudioALSAHardware       pid-913                              D  -setParameters(): screen_state=on
2025-12-09 15:27:13.097   990-23483 AudioFlinger            pid-990                              I  -mAudioHwDevs(primary)->setParameters(): screen_state=on
2025-12-09 15:27:13.097   990-23483 AudioFlinger            pid-990                              I  +mAudioHwDevs(bluetooth)->setParameters(): screen_state=on
2025-12-09 15:27:13.098   990-23483 AudioFlinger            pid-990                              I  -mAudioHwDevs(bluetooth)->setParameters(): screen_state=on
2025-12-09 15:27:13.098   990-23483 AudioFlinger            pid-990                              I  +mAudioHwDevs(usb)->setParameters(): screen_state=on
2025-12-09 15:27:13.099   990-23483 AudioFlinger            pid-990                              I  -mAudioHwDevs(usb)->setParameters(): screen_state=on
2025-12-09 15:27:13.099   990-23483 AudioFlinger            pid-990                              I  +mAudioHwDevs(r_submix)->setParameters(): screen_state=on
2025-12-09 15:27:13.099   614-614   VideoListener           pid-614                              D  mDisplayListener onDisplayChanged
2025-12-09 15:27:13.099  1013-2022  SurfaceFlinger          pid-1013                             D  updateWinowInfo=1, setFocusedWindow timestamp=879598585590, windowName=978a5ab com.transsion.XOSLauncher/com.android.launcher3.uioverrides.QuickstepLauncher
2025-12-09 15:27:13.099   990-23483 AudioFlinger            pid-990                              I  -mAudioHwDevs(r_submix)->setParameters(): screen_state=on
2025-12-09 15:27:13.100  4987-14063 THubApi                 pid-4987                             I  isTheMainScreen classname: com.android.launcher3.uioverrides.QuickstepLauncher  pkg:com.transsion.XOSLauncher
2025-12-09 15:27:13.100  3568-3568  SuggestionExtraAppMgr   pid-3568                             I  SuggestionExtraAppMgr onWindowFocusChanged call mHasFocus:false, hasFocus:true
2025-12-09 15:27:13.100  3568-3568  SuggestionExtraAppMgr   pid-3568                             I  SuggestionExtraAppMgr loadAdBySuggest skipped, interval not met.
2025-12-09 15:27:13.100  3568-3568  LauncherAdsMgr          pid-3568                             I  loadAdByAz call 
2025-12-09 15:27:13.100  3568-3568  LauncherAdsMgr          pid-3568                             D  isMiDataValid call true, false,mIsSwitchOn:false,mCloudConfig:true
2025-12-09 15:27:13.100  4987-4987  SmartPanelService       pid-4987                             I  mDisplayListener onDisplayChanged
2025-12-09 15:27:13.100  3568-3568  LauncherAdsMgr          pid-3568                             I  loadAdByAz return for data invalid
2025-12-09 15:27:13.100  3568-3568  BaseAdsAppMgr           pid-3568                             I  a onError TaErrorCode{errorCode=-1, errorMessage='not support'}, mTaNativeInfoList.size:0
2025-12-09 15:27:13.100  3568-3568  Smart_BaseWidget        pid-3568                             I  onScreenVisibleChanged: screenPage:0, widgetId:21
2025-12-09 15:27:13.100  3568-3568  Smart_BaseWidget        pid-3568                             I  onWidgetExposed : mWidgetId = 21, reason: onScreenVisibleChanged
2025-12-09 15:27:13.100  3568-3568  LauncherPreAnalytics    pid-3568                             I  postAthenaEvent tid = 9461 eventName = Aitips_widget_exposure bundle = Bundle[{widget_trigger=0, widget_name=Aitips_First_Sight, widget_size=2*2, widget_ID=21}]
2025-12-09 15:27:13.100   990-23483 TranFlinger             pid-990                              E  setPareters is is 0
2025-12-09 15:27:13.102  1556-1704  Magellan                pid-1556                             D  fallbackReportThrottlingIfNeeded return. 
2025-12-09 15:27:13.102  1556-4689  TranActivi...gerService pid-1556                             D  isTheMainScreen, displayId = 0, classname = com.android.launcher3.uioverrides.QuickstepLauncher
2025-12-09 15:27:13.103  4987-14063 THubApi                 pid-4987                             D  getUserId TaskInfo{userId=0 taskId=7 displayId=0 isRunning=true baseIntent=Intent { act=android.intent.action.MAIN cat=[android.intent.category.HOME] flg=0x10208000 cmp=com.transsion.XOSLauncher/com.android.launcher3.uioverrides.QuickstepLauncher } baseActivity=ComponentInfo{com.transsion.XOSLauncher/com.android.launcher3.uioverrides.QuickstepLauncher} topActivity=ComponentInfo{com.transsion.XOSLauncher/com.android.launcher3.uioverrides.QuickstepLauncher} origActivity=null realActivity=ComponentInfo{com.transsion.XOSLauncher/com.android.launcher3.uioverrides.QuickstepLauncher} numActivities=1 lastActiveTime=879604 supportsMultiWindow=false resizeMode=2 isResizeable=true minWidth=-1 minHeight=-1 defaultMinSize=110 token=WCT{android.window.IWindowContainerToken$Stub$Proxy@6ad7b4f} topActivityType=2 pictureInPictureParams=null shouldDockBigOverlays=false launchIntoPipHostTaskId=-1 lastParentTaskIdBeforePip=-1 displayCutoutSafeInsets=null topActivityInfo=ActivityInfo{189c2dc com.android.launcher3.uioverrides.QuickstepLauncher} launchCookies=[] positionInParent=Point(0, 0) parentTaskId=-1 isFocused=true isVisible=true isVisibleRequested=true isSleeping=false locusId=LocusId[17_chars] displayAreaFeatureId=1 isTopActivityTransparent=false appCompatTaskInfo=AppCompatTaskInfo { topActivityInSizeCompat=false topActivityEligibleForLetterboxEducation= falseisLetterboxEducationEnabled= false isLetterboxDoubleTapEnabled= false topActivityEligibleForUserAspectRatioButton= false topActivityBoundsLetterboxed= false isFromLetterboxDoubleTap= false topActivityLetterboxVerticalPosition= -1 topActivityLetterboxHorizontalPosition= -1 topActivityLetterboxWidth=1080 topActivityLetterboxHeight=2436 isUserFullscreenOverrideEnabled=false isSystemFullscreenOverrideEnabled=false cameraCompatTaskInfo=CameraCompatTaskInfo { cameraCompatControlState=hidden freeformCameraCompatMode=inactive}}}
2025-12-09 15:27:13.103  1556-2046  ImeTracker              pid-1556                             I  com.transsion.XOSLauncher:2dda7d13: onRequestHide at ORIGIN_SERVER reason HIDE_UNSPECIFIED_WINDOW fromUser false
2025-12-09 15:27:13.103  1556-2046  ImeTracker              pid-1556                             I  com.transsion.XOSLauncher:2dda7d13: onCancelled at PHASE_SERVER_SHOULD_HIDE
2025-12-09 15:27:13.104  1556-2046  TranWindow...erviceImpl pid-1556                             D  hookIMEVisibleChanged(), show:false
2025-12-09 15:27:13.104  1556-2046  TranMultiW...ponentImpl pid-1556                             I  hookInputMethodShown inputShown: false, connected:false, unbd:false
2025-12-09 15:27:13.104  1013-1013  BufferQueueDebug        pid-1013                             I  [ed83cae ActivityRecordInputSink com.cdccreditsmart.app/.presentation.MainActivity#2285](this:0xb400007184f2b478,id:-1,api:0,p:-1,c:1013) onDestructor()
2025-12-09 15:27:13.104  1556-2046  TranSCSour...anagerImpl pid-1556                             I  hookInputMethodShown inputShown: false
2025-12-09 15:27:13.104  1556-2046  TranSecure...anagerImpl pid-1556                             D  hookInputShowFromIMMS inputShow= false , mVisible = false , mNeedShow = false
2025-12-09 15:27:13.104  1556-2046  input_debug             pid-1556                             I  package: com.transsion.XOSLauncher mNeedShowSafeInput: false inputType: 0 methodMap: true isKeyguardShowing: false enable: 0 isSplitScreen: false
2025-12-09 15:27:13.106  4185-4185  GoogleInpu...hodService pid-4185                             I  GoogleInputMethodService.onFinishInput():1984 
2025-12-09 15:27:13.107  4185-4185  Module                  pid-4185                             I  DeviceLockedStatusModuleProvider$Module.updateDeviceLockedStatus():100 repeatCheckTimes = 0, locked = false
2025-12-09 15:27:13.107  4185-4185  GoogleInpu...hodService pid-4185                             I  GoogleInputMethodService.onStartInput():1248 onStartInput(EditorInfo{EditorInfo{packageName=com.transsion.XOSLauncher, inputType=0, inputTypeString=NULL, enableLearning=false, autoCorrection=false, autoComplete=false, imeOptions=0, privateImeOptions=null, actionName=UNSPECIFIED, actionLabel=null, initialSelStart=-1, initialSelEnd=-1, initialCapsMode=0, label=null, fieldId=0, fieldName=null, extras=null, hintText=null, hintLocales=[]}}, false)
2025-12-09 15:27:13.108  1013-3092  BufferQueueDebug        pid-1013                             I  [Surface(name=552bd60 InputMethod)/@0xb9ed878 - animation-leash of insets_animation#2298](this:0xb400007184f782a8,id:-1,api:0,p:-1,c:-1) BufferQueue core=(1013:/system/bin/surfaceflinger)
2025-12-09 15:27:13.109  4185-4185  Module                  pid-4185                             I  DeviceLockedStatusModuleProvider$Module.updateDeviceLockedStatus():100 repeatCheckTimes = 1, locked = false
2025-12-09 15:27:13.110  1556-4338  PackageConfigPersister  pid-1556                             W  App-specific configuration not found for packageName: com.transsion.XOSLauncher and userId: 0
2025-12-09 15:27:13.111  1556-4902  MagellanHandle          pid-1556                             D  updateRefreshRateForSceneVsyncs what = 23
2025-12-09 15:27:13.112 26847-26930 SimpleEventAdapt        pid-26847                            I  onAppStartEvent get com.cdccreditsmart.app,start false
2025-12-09 15:27:13.119  1556-1656  ApplicationHelper       pid-1556                             E  Fail to get PackageManager
2025-12-09 15:27:13.129  1013-1013  SurfaceFlinger          pid-1013                             I  onHandleDestroyed: name=Surface(name=552bd60 InputMethod)/@0xb9ed878 - animation-leash of insets_animation#2288, layerId=2288, parentId=0
2025-12-09 15:27:13.129  1013-1013  SurfaceFlinger          pid-1013                             I  onHandleDestroyed: name=com.cdccreditsmart.app/com.cdccreditsmart.app.presentation.MainActivity#2279, layerId=2279, parentId=0
2025-12-09 15:27:13.137  1013-1013  BufferQueueDebug        pid-1013                             I  [Surface(name=552bd60 InputMethod)/@0xb9ed878 - animation-leash of insets_animation#2288](this:0xb400007184f091b8,id:-1,api:0,p:-1,c:1013) onDestructor()
2025-12-09 15:27:13.137  1013-1013  BufferQueueDebug        pid-1013                             I  [com.cdccreditsmart.app/com.cdccreditsmart.app.presentation.MainActivity#2279](this:0xb400007184fa8938,id:-1,api:0,p:-1,c:1013) onDestructor()
2025-12-09 15:27:13.397  1556-2949  TranWifiTputMonitor     pid-1556                             D  top app: com.transsion.XOSLauncher in white list: false
2025-12-09 15:27:13.408  3456-3985  TLinkBrush_DATA         pid-3456                             D  [TranSST0] checkTopApp: [com.transsion.XOSLauncher],
2025-12-09 15:27:13.408  1556-2965  ActivityManager         pid-1556                             W  Receiver with filter android.content.IntentFilter@e7ead0c already registered for pid 1556, callerPackage is android
2025-12-09 15:27:13.408  1556-2965  ActivityManager         pid-1556                             W  Receiver with filter android.content.IntentFilter@7f18655 already registered for pid 1556, callerPackage is android
2025-12-09 15:27:13.413   926-1196  hwcomposer              pid-926                              I  [HWCDisplay] [Display_0 (type:1)] fps:113.720207,dur:1002.46,max:18.13,min:6.36  
2025-12-09 15:27:13.420 27009-27064 SettingsGuardService    pid-27009                            D  📋 Activity check - Full: com.android.launcher3.uioverrides.QuickstepLauncher, Simple: QuickstepLauncher
2025-12-09 15:27:13.436 27009-27064 SettingsGuardService    pid-27009                            D  📋 Activity check - Full: com.android.launcher3.uioverrides.QuickstepLauncher, Simple: QuickstepLauncher
2025-12-09 15:27:13.479  1013-1013  BufferQueueProducer     pid-1013                             I  [com.transsion.XOSLauncher/com.android.launcher3.uioverrides.QuickstepLauncher#2290](this:0xb400007184ec1ea8,id:-1,api:0,p:-1,c:1013) queueBuffer: fps=108.74 dur=1002.44 max=50.48 min=7.68
2025-12-09 15:27:13.503  1556-2951  TranWifiSm...Controller pid-1556                             I  top app: com.transsion.XOSLauncher in white list: false ,Landscape screen: false
2025-12-09 15:27:13.504   903-1151  OemNetd                 pid-903                              E  transmitAppUidToNetwork uid=(0)
2025-12-09 15:27:13.573   955-1022  libPerfCtl              pid-955                              I  xgfGetFPS pid:3568 fps:109
2025-12-09 15:27:13.573   955-1022  AppThermalMode          pid-955                              I  [perfNotifyThermalState] hdl:0
2025-12-09 15:27:13.573   955-1022  AppThermalMode          pid-955                              I  [findAppThermalIdx] Fail: appThermalModeEnable: 0,currentFPS: 120,fg->pid:3568
2025-12-09 15:27:13.573   955-1022  AppThermalMode          pid-955                              I  [perfNotifyThermalState] appThermalIdx -1:
2025-12-09 15:27:13.573   955-1022  libPerfCtl              pid-955                              I  xgfGetFPS pid:22568 fps:115
2025-12-09 15:27:13.573   955-1022  AppThermalMode          pid-955                              I  [perfNotifyThermalState] hdl:0
2025-12-09 15:27:13.573   955-1022  AppThermalMode          pid-955                              I  [findAppThermalIdx] Fail: appThermalModeEnable: 0,currentFPS: 120,fg->pid:3568
2025-12-09 15:27:13.573   955-1022  AppThermalMode          pid-955                              I  [perfNotifyThermalState] appThermalIdx -1:
2025-12-09 15:27:13.573   955-1022  libPerfCtl              pid-955                              I  xgfGetFPS pid:23345 fps:-1
2025-12-09 15:27:13.573   955-1022  AppThermalMode          pid-955                              I  [perfNotifyThermalState] hdl:0
2025-12-09 15:27:13.573   955-1022  AppThermalMode          pid-955                              I  [findAppThermalIdx] Fail: appThermalModeEnable: 0,currentFPS: 120,fg->pid:3568
2025-12-09 15:27:13.573   955-1022  AppThermalMode          pid-955                              I  [perfNotifyThermalState] appThermalIdx -1:
2025-12-09 15:27:13.573   955-1022  libPerfCtl              pid-955                              I  xgfGetFPS pid:27009 fps:-1
2025-12-09 15:27:13.573   955-1022  AppThermalMode          pid-955                              I  [perfNotifyThermalState] hdl:0
2025-12-09 15:27:13.573   955-1022  AppThermalMode          pid-955                              I  [findAppThermalIdx] Fail: appThermalModeEnable: 0,currentFPS: 120,fg->pid:3568
2025-12-09 15:27:13.573   955-1022  AppThermalMode          pid-955                              I  [perfNotifyThermalState] appThermalIdx -1:
2025-12-09 15:27:13.654  1556-2955  InetDiagMessage         pid-1556                             D  Destroyed 0 sockets, proto=IPPROTO_TCP, family=AF_INET, states=14
2025-12-09 15:27:13.655  1556-2955  InetDiagMessage         pid-1556                             D  Destroyed 0 sockets, proto=IPPROTO_TCP, family=AF_INET6, states=14
2025-12-09 15:27:13.655  1556-2955  InetDiagMessage         pid-1556                             D  Destroyed live tcp sockets for uids={10114} in 3ms
2025-12-09 15:27:13.656  1556-2955  InetDiagMessage         pid-1556                             D  Destroyed 0 sockets, proto=IPPROTO_TCP, family=AF_INET, states=14
2025-12-09 15:27:13.657  1556-2955  InetDiagMessage         pid-1556                             D  Destroyed 0 sockets, proto=IPPROTO_TCP, family=AF_INET6, states=14
2025-12-09 15:27:13.657  1556-2955  InetDiagMessage         pid-1556                             D  Destroyed live tcp sockets for uids={20114} in 2ms
2025-12-09 15:27:13.659  1556-2955  InetDiagMessage         pid-1556                             D  Destroyed 0 sockets, proto=IPPROTO_TCP, family=AF_INET, states=14
2025-12-09 15:27:13.660  1556-2955  InetDiagMessage         pid-1556                             D  Destroyed 0 sockets, proto=IPPROTO_TCP, family=AF_INET6, states=14
2025-12-09 15:27:13.660  1556-2955  InetDiagMessage         pid-1556                             D  Destroyed live tcp sockets for uids={1010114} in 2ms
2025-12-09 15:27:13.661  1556-2955  InetDiagMessage         pid-1556                             D  Destroyed 0 sockets, proto=IPPROTO_TCP, family=AF_INET, states=14
2025-12-09 15:27:13.662  1556-2955  InetDiagMessage         pid-1556                             D  Destroyed 0 sockets, proto=IPPROTO_TCP, family=AF_INET6, states=14
2025-12-09 15:27:13.662  1556-2955  InetDiagMessage         pid-1556                             D  Destroyed live tcp sockets for uids={1020114} in 2ms
2025-12-09 15:27:13.992   955-1039  mtkpower@impl           pid-955                              I  [powerd_req] TIMER_MSG_PERF_LOCK_TIMEOUT hdl:2923
2025-12-09 15:27:13.992   955-1039  libPowerHal             pid-955                              I  [PD] MTKPOWER_HINT_EXT_LAUNCH update cmd:2020000 param:0
2025-12-09 15:27:13.992   955-1039  libPowerHal             pid-955                              I  [PD] MTKPOWER_HINT_EXT_LAUNCH update cmd:1404300 param:0
2025-12-09 15:27:13.993   955-1039  libPowerHal             pid-955                              I  [PD] MTKPOWER_HINT_EXT_LAUNCH update cmd:2054400, param:1
2025-12-09 15:27:13.993   955-1039  libPowerHal             pid-955                              I  [PD] MTKPOWER_HINT_EXT_LAUNCH update cmd:1000000 param:-1
2025-12-09 15:27:13.999   955-1039  mtkpower@impl           pid-955                              I  [powerd_req] TIMER_MSG_PERF_LOCK_TIMEOUT hdl:2924
2025-12-09 15:27:14.000   955-1039  libPowerHal             pid-955                              I  [setClusterFreq] INTERACTION: sysfs_freq set cpu freq: -1 1800000 -1 1900000 
2025-12-09 15:27:14.000   955-1039  libPowerHal             pid-955                              I  [setClusterHardFreq] INTERACTION: hard userlimit set cpu freq: -1 1800000 -1 1900000
2025-12-09 15:27:14.000   955-1039  libPowerHal             pid-955                              I  [setClusterFreq] INTERACTION: sysfs_freq set cpu freq: -1 1800000 -1 1900000 
2025-12-09 15:27:14.000   955-1039  libPowerHal             pid-955                              I  [unsetGPUFreq] current min:15, max:0; scn_gpu_min:15, scn_gpu_max:-1; scn_gpu_min(HL):-1, scn_gpu_max(HL):-1
2025-12-09 15:27:14.000   955-1039  libPowerHal             pid-955                              I  INTERACTION: set gpu opp level: 44
2025-12-09 15:27:14.000   955-1039  libPowerHal             pid-955                              I  INTERACTION: set gpu opp level max: 0
2025-12-09 15:27:14.000   955-1039  libPowerHal             pid-955                              I  [setGPUFreq] Soft min/max = (44, 0); Hard min/max = (44, 0)
2025-12-09 15:27:14.000   955-1039  libPowerHal             pid-955                              I  [setGPUFreq] final min/max = (44, 0)
2025-12-09 15:27:14.000   955-1039  libPowerHal             pid-955                              I  INTERACTION: set gpu opp level: 44
2025-12-09 15:27:14.000   955-1039  libPowerHal             pid-955                              I  INTERACTION: set gpu opp level max: 0
2025-12-09 15:27:14.000   955-1039  libPowerHal             pid-955                              I  [PD] INTERACTION update cmd:1408100 param:0
2025-12-09 15:27:14.002   955-1039  libPowerHal             pid-955                              I  [PD] INTERACTION update cmd:1408300 param:0
2025-12-09 15:27:14.003   955-1039  libPowerHal             pid-955                              I  [PD] INTERACTION update cmd:300c000 param:0
2025-12-09 15:27:14.003   955-1039  libPowerHal             pid-955                              I  [PD] INTERACTION update cmd:2050000 param:1
2025-12-09 15:27:14.023 27009-27064 SettingsGuardService    pid-27009                            D  📋 Activity check - Full: com.android.launcher3.uioverrides.QuickstepLauncher, Simple: QuickstepLauncher
2025-12-09 15:27:14.038 27009-27064 SettingsGuardService    pid-27009                            D  📋 Activity check - Full: com.android.launcher3.uioverrides.QuickstepLauncher, Simple: QuickstepLauncher
2025-12-09 15:27:14.213  1013-1221  DisplayModeController   pid-1013                             D  setDesiredMode 0 {mode={fps=60.00 Hz, modePtr={id=1, vsyncRate=60.00 Hz, peakRefreshRate=60.00 Hz}}, emitEvent=false, force=false}
2025-12-09 15:27:14.214  1013-1221  Scheduler               pid-1013                             D  MtkOverrideDuration: update vsync 60
2025-12-09 15:27:14.214  1013-1221  SurfaceFlinger          pid-1013                             E  MtkDuration override mode is disabled
2025-12-09 15:27:14.214  1013-1221  Scheduler               pid-1013                             D  MtkOverrideDuration: reset override duration
2025-12-09 15:27:14.214  1013-1221  PowerHalWrapper         pid-1013                             I  updateFps(): 60
2025-12-09 15:27:14.221   926-1196  hwcomposer              pid-926                              I  [HWC] (0) displaySetActiveConfig config:1  
2025-12-09 15:27:14.229  1013-1013  PowerHalWrapper         pid-1013                             I  updateFps(): 60
2025-12-09 15:27:14.229  1013-1013  PowerHalWrapper         pid-1013                             I  updateFps(): 60
2025-12-09 15:27:14.559 27009-2385  FA                      pid-27009                            I  Application backgrounded at: timestamp_millis: 1765304832557
2025-12-09 15:27:14.573   955-1022  libPerfCtl              pid-955                              I  xgfGetFPS pid:3568 fps:-1
2025-12-09 15:27:14.573   955-1022  AppThermalMode          pid-955                              I  [perfNotifyThermalState] hdl:0
2025-12-09 15:27:14.573   955-1022  AppThermalMode          pid-955                              I  [findAppThermalIdx] Fail: appThermalModeEnable: 0,currentFPS: 120,fg->pid:3568
2025-12-09 15:27:14.573   955-1022  AppThermalMode          pid-955                              I  [perfNotifyThermalState] appThermalIdx -1:
2025-12-09 15:27:14.573   955-1022  libPowerHal             pid-955                              I  [updateFPS] pid(3568) : 120 => -1
2025-12-09 15:27:14.574   955-1039  libPowerHal             pid-955                              I  [perfNotifyAppState] pack:com.transsion.XOSLauncher, act:com.android.launcher3.uioverrides.QuickstepLauncher, state:5, pid:3568, uid:10168, fps:-1
2025-12-09 15:27:14.574   955-1039  UxUtility               pid-955                              I  notifyForegroundApp pack:com.transsion.XOSLauncher, uid:10168
2025-12-09 15:27:14.574   955-1039  TouchUtility            pid-955                              I  notifyAppState error = NULL
2025-12-09 15:27:14.574   955-1022  libPerfCtl              pid-955                              I  xgfGetFPS pid:22568 fps:-1
2025-12-09 15:27:14.574   955-1022  AppThermalMode          pid-955                              I  [perfNotifyThermalState] hdl:0
2025-12-09 15:27:14.574   955-1022  AppThermalMode          pid-955                              I  [findAppThermalIdx] Fail: appThermalModeEnable: 0,currentFPS: -1,fg->pid:3568
2025-12-09 15:27:14.574   955-1022  AppThermalMode          pid-955                              I  [perfNotifyThermalState] appThermalIdx -1:
2025-12-09 15:27:14.574   955-1022  libPerfCtl              pid-955                              I  xgfGetFPS pid:23345 fps:-1
2025-12-09 15:27:14.574   955-1022  AppThermalMode          pid-955                              I  [perfNotifyThermalState] hdl:0
2025-12-09 15:27:14.574   955-1022  AppThermalMode          pid-955                              I  [findAppThermalIdx] Fail: appThermalModeEnable: 0,currentFPS: -1,fg->pid:3568
2025-12-09 15:27:14.574   955-1022  AppThermalMode          pid-955                              I  [perfNotifyThermalState] appThermalIdx -1:
2025-12-09 15:27:14.574   955-1022  libPerfCtl              pid-955                              I  xgfGetFPS pid:27009 fps:-1
2025-12-09 15:27:14.574   955-1022  AppThermalMode          pid-955                              I  [perfNotifyThermalState] hdl:0
2025-12-09 15:27:14.574   955-1022  AppThermalMode          pid-955                              I  [findAppThermalIdx] Fail: appThermalModeEnable: 0,currentFPS: -1,fg->pid:3568
2025-12-09 15:27:14.575   955-1022  AppThermalMode          pid-955                              I  [perfNotifyThermalState] appThermalIdx -1:
2025-12-09 15:27:14.628  1013-1221  DisplayModeController   pid-1013                             D  setDesiredMode 0 {mode={fps=120.00 Hz, modePtr={id=0, vsyncRate=120.00 Hz, peakRefreshRate=120.00 Hz}}, emitEvent=true, force=false}
2025-12-09 15:27:14.628  1013-1221  Scheduler               pid-1013                             D  MtkOverrideDuration: update vsync 120
2025-12-09 15:27:14.628  1013-1221  SurfaceFlinger          pid-1013                             E  MtkDuration override mode is disabled
2025-12-09 15:27:14.628  1013-1221  Scheduler               pid-1013                             D  MtkOverrideDuration: reset override duration
2025-12-09 15:27:14.628  1013-1221  PowerHalWrapper         pid-1013                             I  updateFps(): 120
2025-12-09 15:27:14.639  1013-1013  BufferQueueProducer     pid-1013                             I  [com.transsion.XOSLauncher/com.android.launcher3.uioverrides.QuickstepLauncher#2290](this:0xb400007184ec1ea8,id:-1,api:0,p:-1,c:1013) queueBuffer: fps=15.51 dur=1160.18 max=1018.26 min=8.09
2025-12-09 15:27:14.640   926-1196  hwcomposer              pid-926                              I  [HWC] (0) displaySetActiveConfig config:0  
2025-12-09 15:27:14.643   926-1196  hwcomposer              pid-926                              I  [HWCDisplay] [Display_0 (type:1)] fps:22.759680,dur:1230.25,max:601.95,min:5.77  
2025-12-09 15:27:14.655  1013-1013  PowerHalWrapper         pid-1013                             I  updateFps(): 120
2025-12-09 15:27:14.657  1013-1013  PowerHalWrapper         pid-1013                             I  updateFps(): 120
2025-12-09 15:27:14.693  1556-2002  ActivityManager         pid-1556                             I  Killing 14015:com.sh.smart.caller/u10a161 (adj 985): empty #49
2025-12-09 15:27:14.694  1556-2002  Process                 pid-1556                             I  Sending signal quietly. PID: 14015 SIG: 9
2025-12-09 15:27:14.694  1556-2002  ActivityManager         pid-1556                             I  Killing 12707:android.process.acore/u10a54 (adj 600): empty #50
2025-12-09 15:27:14.695  1556-2002  Process                 pid-1556                             I  Sending signal quietly. PID: 12707 SIG: 9
2025-12-09 15:27:14.695  1556-2002  ActivityManager         pid-1556                             I  Killing 31969:com.google.android.rkpdapp/u0a249 (adj 985): empty #51
2025-12-09 15:27:14.696  1556-2002  Process                 pid-1556                             I  Sending signal quietly. PID: 31969 SIG: 9
2025-12-09 15:27:14.696  1556-2002  ActivityManager         pid-1556                             I  Killing 18439:com.google.android.partnersetup/u10a100 (adj 985): empty #52
2025-12-09 15:27:14.697  1556-2002  Process                 pid-1556                             I  Sending signal quietly. PID: 18439 SIG: 9
2025-12-09 15:27:14.697  1556-2002  ActivityManager         pid-1556                             I  Killing 32099:com.google.android.partnersetup/u0a100 (adj 985): empty #53
2025-12-09 15:27:14.698  1556-2002  Process                 pid-1556                             I  Sending signal quietly. PID: 32099 SIG: 9
2025-12-09 15:27:14.698  1556-2002  ActivityManager         pid-1556                             I  Killing 32047:com.google.android.federatedcompute/u0a248 (adj 995): empty #54
2025-12-09 15:27:14.699  1556-2002  Process                 pid-1556                             I  Sending signal quietly. PID: 32047 SIG: 9
2025-12-09 15:27:14.700  1556-2002  ActivityManager         pid-1556                             I  Killing 22437:android.process.media/u0a59 (adj 600): empty #55
2025-12-09 15:27:14.700  1556-2002  Process                 pid-1556                             I  Sending signal quietly. PID: 22437 SIG: 9
2025-12-09 15:27:14.701  4987-15821 SmartPanelService       pid-4987                             I  processKill processName = com.sh.smart.caller packages = [com.sh.smart.caller]
2025-12-09 15:27:14.701  4987-15821 ScenesManager           pid-4987                             I  [com.sh.smart.caller]
2025-12-09 15:27:14.701  1556-2002  ActivityManager         pid-1556                             I  Killing 31709:com.google.android.apps.nbu.files/u0a102 (adj 995): empty #56
2025-12-09 15:27:14.701  4987-15821 SmartPanelService       pid-4987                             I  processKill processName = android.process.acore packages = [com.android.providers.contactkeys, com.android.providers.blockednumber, com.android.providers.userdictionary, com.android.providers.contacts]
2025-12-09 15:27:14.701  4987-15821 ScenesManager           pid-4987                             I  [com.android.providers.contactkeys, com.android.providers.blockednumber, com.android.providers.userdictionary, com.android.providers.contacts]
2025-12-09 15:27:14.702  4987-15821 SmartPanelService       pid-4987                             I  processKill processName = com.google.android.rkpdapp packages = [com.google.android.rkpdapp]
2025-12-09 15:27:14.702  4987-15821 ScenesManager           pid-4987                             I  [com.google.android.rkpdapp]
2025-12-09 15:27:14.702  4987-15821 SmartPanelService       pid-4987                             I  processKill processName = com.google.android.partnersetup packages = [com.google.android.partnersetup]
2025-12-09 15:27:14.702  4987-15821 ScenesManager           pid-4987                             I  [com.google.android.partnersetup]
2025-12-09 15:27:14.702  1556-2002  Process                 pid-1556                             I  Sending signal quietly. PID: 31709 SIG: 9
2025-12-09 15:27:14.702  4987-15821 SmartPanelService       pid-4987                             I  processKill processName = com.google.android.partnersetup packages = [com.google.android.partnersetup]
2025-12-09 15:27:14.702  4987-15821 ScenesManager           pid-4987                             I  [com.google.android.partnersetup]
2025-12-09 15:27:14.702  4987-15821 SmartPanelService       pid-4987                             I  processKill processName = com.google.android.federatedcompute packages = [com.google.android.federatedcompute]
2025-12-09 15:27:14.704  4987-4987  SmartPanelRepository    pid-4987                             I  hasLoadData true  data size = 11
2025-12-09 15:27:14.705  1556-2002  ActivityManager         pid-1556                             I  Killing 29679:com.facebook.system/u10a208 (adj 995): empty #57
2025-12-09 15:27:14.706  1556-2002  Process                 pid-1556                             I  Sending signal quietly. PID: 29679 SIG: 9
2025-12-09 15:27:14.706  1556-2002  ActivityManager         pid-1556                             I  Killing 5532:com.android.keychain/1000 (adj 905): empty #58
2025-12-09 15:27:14.707  1556-2002  Process                 pid-1556                             I  Sending signal quietly. PID: 5532 SIG: 9
2025-12-09 15:27:14.708  1556-2002  ActivityManager         pid-1556                             I  Killing 30501:com.facebook.services/u0a209 (adj 995): empty #59
2025-12-09 15:27:14.708  4987-4987  SceneController         pid-4987                             D  checkCanShow canShow: true  changed false 
2025-12-09 15:27:14.708  1556-2002  Process                 pid-1556                             I  Sending signal quietly. PID: 30501 SIG: 9
2025-12-09 15:27:14.708  4987-15821 ScenesManager           pid-4987                             I  [com.google.android.federatedcompute]
2025-12-09 15:27:14.708  4987-15821 SmartPanelService       pid-4987                             I  processKill processName = android.process.media packages = [com.android.providers.media, com.android.providers.downloads, com.android.mtp]
2025-12-09 15:27:14.708  4987-15821 ScenesManager           pid-4987                             I  [com.android.providers.media, com.android.providers.downloads, com.android.mtp]
2025-12-09 15:27:14.708  1556-2002  ActivityManager         pid-1556                             I  Killing 25083:com.transsion.magazineservice.xos/u0a190 (adj 999): empty #60
2025-12-09 15:27:14.709  4987-15821 SmartPanelService       pid-4987                             I  processKill processName = com.google.android.apps.nbu.files packages = [com.google.android.apps.nbu.files]
2025-12-09 15:27:14.709  4987-15821 ScenesManager           pid-4987                             I  [com.google.android.apps.nbu.files]
2025-12-09 15:27:14.709  4987-15821 SmartPanelService       pid-4987                             I  processKill processName = com.facebook.system packages = [com.facebook.system]
2025-12-09 15:27:14.709  4987-15821 ScenesManager           pid-4987                             I  [com.facebook.system]
2025-12-09 15:27:14.709  4987-18217 SmartPanelService       pid-4987                             I  processKill processName = com.android.keychain packages = [com.android.keychain]
2025-12-09 15:27:14.709  4987-18217 ScenesManager           pid-4987                             I  [com.android.keychain]
2025-12-09 15:27:14.709  4987-18217 SmartPanelService       pid-4987                             I  processKill processName = com.facebook.services packages = [com.facebook.services]
2025-12-09 15:27:14.709  4987-18217 ScenesManager           pid-4987                             I  [com.facebook.services]
2025-12-09 15:27:14.709  1556-2002  Process                 pid-1556                             I  Sending signal quietly. PID: 25083 SIG: 9
2025-12-09 15:27:14.710  1556-2002  ActivityManager         pid-1556                             I  Killing 25713:com.android.imsserviceentitlement/u0a104 (adj 999): empty #61
2025-12-09 15:27:14.710  4987-4987  SmartPanelRepository    pid-4987                             I  hasLoadData true  data size = 11
2025-12-09 15:27:14.710  1556-2002  Process                 pid-1556                             I  Sending signal quietly. PID: 25713 SIG: 9
2025-12-09 15:27:14.710  1556-2002  ActivityManager         pid-1556                             I  Killing 16069:com.android.imsserviceentitlement/u10a104 (adj 999): empty #62
2025-12-09 15:27:14.711  1556-2002  Process                 pid-1556                             I  Sending signal quietly. PID: 16069 SIG: 9
2025-12-09 15:27:14.711  1556-2002  ActivityManager         pid-1556                             I  Killing 31438:com.mediatek.engineermode/u0a178 (adj 999): empty #63
2025-12-09 15:27:14.712  4987-4987  SceneController         pid-4987                             D  checkCanShow canShow: true  changed false 
2025-12-09 15:27:14.712  4987-15821 SmartPanelService       pid-4987                             I  processKill processName = com.transsion.magazineservice.xos packages = [com.transsion.magazineservice.xos]
2025-12-09 15:27:14.712  4987-15821 ScenesManager           pid-4987                             I  [com.transsion.magazineservice.xos]
2025-12-09 15:27:14.714  1556-2002  Process                 pid-1556                             I  Sending signal quietly. PID: 31438 SIG: 9
2025-12-09 15:27:14.714  4987-17833 SmartPanelService       pid-4987                             I  processKill processName = com.android.imsserviceentitlement packages = [com.android.imsserviceentitlement]
2025-12-09 15:27:14.714  4987-17833 ScenesManager           pid-4987                             I  [com.android.imsserviceentitlement]
2025-12-09 15:27:14.715  4987-17833 SmartPanelService       pid-4987                             I  processKill processName = com.android.imsserviceentitlement packages = [com.android.imsserviceentitlement]
