2025-12-09 15:27:16.063   904-904   Zygote                  pid-904                              I  Process 16301 exited due to signal 9 (Killed)
2025-12-09 15:27:16.064  1556-3432  ActivityManager         pid-1556                             V  Death received in com.android.server.am.ActivityManagerService$AppDeathRecipient@674f34a for thread android.os.BinderProxy@72852bb
2025-12-09 15:27:16.065   904-904   Zygote                  pid-904                              I  Process 12515 exited due to signal 9 (Killed)
2025-12-09 15:27:16.065   904-904   Zygote                  pid-904                              I  Process 16081 exited due to signal 9 (Killed)
2025-12-09 15:27:16.065  1556-3432  os.Activit...erviceLice pid-1556                             D  make process inactive com.android.providers.calendar(16301)
2025-12-09 15:27:16.065  1556-3246  ActivityManager         pid-1556                             V  Death received in com.android.server.am.ActivityManagerService$AppDeathRecipient@ce7773 for thread android.os.BinderProxy@6401630
2025-12-09 15:27:16.066 28353-28353 adbd                    pid-28353                            I  Remote process closed the socket (on MSG_PEEK)
2025-12-09 15:27:16.066   904-904   Zygote                  pid-904                              I  Process 14015 exited due to signal 9 (Killed)
2025-12-09 15:27:16.065  1556-4461  ActivityManager         pid-1556                             V  Death received in com.android.server.am.ActivityManagerService$AppDeathRecipient@bd850b for thread android.os.BinderProxy@bd2fe8
2025-12-09 15:27:16.067  1556-1656  DisplayManagerService   pid-1556                             D  Drop pending events for gone uid 1010065
2025-12-09 15:27:16.067  1556-3432  mtkpower_client         pid-1556                             I  [PowerHal_Wrap_notifyAppState] com.android.providers.calendar/com.android.providers.calendar pid=16301 activityId:16301 state:3
2025-12-09 15:27:16.068  1556-3432  mtkpower_client         pid-1556                             I  [Legacy][PowerHal_Wrap_notifyAppState] com.android.providers.calendar/com.android.providers.calendar pid=16301 state:16301
2025-12-09 15:27:16.068   955-1039  libPowerHal             pid-955                              I  [perfNotifyAppState] pack:com.android.providers.calendar, act:com.android.providers.calendar, state:3, pid:16301, uid:1010065, fps:120
2025-12-09 15:27:16.068   955-1039  libPowerHal             pid-955                              I  [perfNotifyAppState] pack:com.android.providers.calendar, pid:16301, STATE_DEAD
2025-12-09 15:27:16.068   955-1039  RilUtility              pid-955                              D  notify_rild_crash_pid_set certPid:-1, crash:16301, scn:0x0
2025-12-09 15:27:16.068  1556-1826  libprocessgroup         pid-1556                             I  Removed cgroup /sys/fs/cgroup/uid_1010161/pid_14015
2025-12-09 15:27:16.068  1556-4406  ActivityManager         pid-1556                             V  Death received in com.android.server.am.ActivityManagerService$AppDeathRecipient@83f0306 for thread android.os.BinderProxy@2644dc7
2025-12-09 15:27:16.069  1556-1826  libprocessgroup         pid-1556                             I  Removed cgroup /sys/fs/cgroup/uid_1010054/pid_12707
2025-12-09 15:27:16.071  1556-3246  os.Activit...erviceLice pid-1556                             D  make process inactive com.transsion.aod(12515)
2025-12-09 15:27:16.072  1556-3246  mtkpower_client         pid-1556                             I  [PowerHal_Wrap_notifyAppState] com.transsion.aod/com.transsion.aod pid=12515 activityId:12515 state:3
2025-12-09 15:27:16.073  1556-3246  mtkpower_client         pid-1556                             I  [Legacy][PowerHal_Wrap_notifyAppState] com.transsion.aod/com.transsion.aod pid=12515 state:12515
2025-12-09 15:27:16.073   955-1039  libPowerHal             pid-955                              I  [perfNotifyAppState] pack:com.transsion.aod, act:com.transsion.aod, state:3, pid:12515, uid:1001000, fps:120
2025-12-09 15:27:16.073   955-1039  libPowerHal             pid-955                              I  [perfNotifyAppState] pack:com.transsion.aod, pid:12515, STATE_DEAD
2025-12-09 15:27:16.073   955-1039  RilUtility              pid-955                              D  notify_rild_crash_pid_set certPid:-1, crash:12515, scn:0x0
2025-12-09 15:27:16.074   904-904   Zygote                  pid-904                              I  Process 24858 exited due to signal 9 (Killed)
2025-12-09 15:27:16.075   904-904   Zygote                  pid-904                              I  Process 24774 exited due to signal 9 (Killed)
2025-12-09 15:27:16.075  1556-4406  os.Activit...erviceLice pid-1556                             D  make process inactive com.sh.smart.caller(14015)
2025-12-09 15:27:16.075  1556-1826  libprocessgroup         pid-1556                             I  Removed cgroup /sys/fs/cgroup/uid_10249/pid_31969
2025-12-09 15:27:16.076  1556-1826  libprocessgroup         pid-1556                             I  Removed cgroup /sys/fs/cgroup/uid_1010100/pid_18439
2025-12-09 15:27:16.076  1556-1826  libprocessgroup         pid-1556                             I  Removed cgroup /sys/fs/cgroup/uid_10100/pid_32099
2025-12-09 15:27:16.077  1556-1826  libprocessgroup         pid-1556                             I  Removed cgroup /sys/fs/cgroup/uid_10248/pid_32047
2025-12-09 15:27:16.077  1556-1826  libprocessgroup         pid-1556                             I  Removed cgroup /sys/fs/cgroup/uid_10059/pid_22437
2025-12-09 15:27:16.077  1556-4406  ActivityManager         pid-1556                             W  Scheduling restart of crashed service com.sh.smart.caller/com.transsion.athena.aidl.AthenaTrackService in 1000ms for connection
2025-12-09 15:27:16.079  1556-3246  ActivityManager         pid-1556                             V  Death received in com.android.server.am.ActivityManagerService$AppDeathRecipient@bfdef91 for thread android.os.BinderProxy@5435ef6
2025-12-09 15:27:16.079  1556-4902  ActivityManager         pid-1556                             V  Death received in com.android.server.am.ActivityManagerService$AppDeathRecipient@1a55552 for thread android.os.BinderProxy@2d08023
2025-12-09 15:27:16.080  1556-3693  ActivityManager         pid-1556                             V  Death received in com.android.server.am.ActivityManagerService$AppDeathRecipient@3a19518 for thread android.os.BinderProxy@fc9fb71
2025-12-09 15:27:16.080  1556-4406  mtkpower_client         pid-1556                             I  [PowerHal_Wrap_notifyAppState] com.sh.smart.caller/com.sh.smart.caller pid=14015 activityId:14015 state:3
2025-12-09 15:27:16.080  1556-4405  ActivityManager         pid-1556                             V  Death received in com.android.server.am.ActivityManagerService$AppDeathRecipient@47af36e for thread android.os.BinderProxy@3995a0f
2025-12-09 15:27:16.080  1556-4406  mtkpower_client         pid-1556                             I  [Legacy][PowerHal_Wrap_notifyAppState] com.sh.smart.caller/com.sh.smart.caller pid=14015 state:14015
2025-12-09 15:27:16.080   904-904   Zygote                  pid-904                              I  Process 16300 exited due to signal 9 (Killed)
2025-12-09 15:27:16.080  1556-4407  TranCloudEngine_F       pid-1556                             D  This key = 1008000025call back died, remove it from mCallbacks.
2025-12-09 15:27:16.081   955-1039  libPowerHal             pid-955                              I  [perfNotifyAppState] pack:com.sh.smart.caller, act:com.sh.smart.caller, state:3, pid:14015, uid:1010161, fps:120
2025-12-09 15:27:16.081   955-1039  libPowerHal             pid-955                              I  [perfNotifyAppState] pack:com.sh.smart.caller, pid:14015, STATE_DEAD
2025-12-09 15:27:16.081   955-1039  RilUtility              pid-955                              D  notify_rild_crash_pid_set certPid:-1, crash:14015, scn:0x0
2025-12-09 15:27:16.081   904-2395  Zygote                  pid-904                              I  Process 31969 exited due to signal 9 (Killed)
2025-12-09 15:27:16.083  1556-4461  os.Activit...erviceLice pid-1556                             D  make process inactive com.transsion.aicore.main(16081)
2025-12-09 15:27:16.084  1556-1656  DisplayManagerService   pid-1556                             D  Drop pending events for gone uid 1010118
2025-12-09 15:27:16.086  1556-4461  mtkpower_client         pid-1556                             I  [PowerHal_Wrap_notifyAppState] com.transsion.aicore.main/com.transsion.aicore.main pid=16081 activityId:16081 state:3
2025-12-09 15:27:16.087  1556-4461  mtkpower_client         pid-1556                             I  [Legacy][PowerHal_Wrap_notifyAppState] com.transsion.aicore.main/com.transsion.aicore.main pid=16081 state:16081
2025-12-09 15:27:16.087   955-1039  libPowerHal             pid-955                              I  [perfNotifyAppState] pack:com.transsion.aicore.main, act:com.transsion.aicore.main, state:3, pid:16081, uid:1010118, fps:120
2025-12-09 15:27:16.087   955-1039  libPowerHal             pid-955                              I  [perfNotifyAppState] pack:com.transsion.aicore.main, pid:16081, STATE_DEAD
2025-12-09 15:27:16.087   955-1039  RilUtility              pid-955                              D  notify_rild_crash_pid_set certPid:-1, crash:16081, scn:0x0
2025-12-09 15:27:16.089  1556-3246  os.Activit...erviceLice pid-1556                             D  make process inactive com.android.nfc(16300)
2025-12-09 15:27:16.090  1556-1656  DisplayManagerService   pid-1556                             D  Drop pending events for gone uid 1001027
2025-12-09 15:27:16.092  1556-3246  mtkpower_client         pid-1556                             I  [PowerHal_Wrap_notifyAppState] com.android.nfc/com.android.nfc pid=16300 activityId:16300 state:3
2025-12-09 15:27:16.093  1556-3246  mtkpower_client         pid-1556                             I  [Legacy][PowerHal_Wrap_notifyAppState] com.android.nfc/com.android.nfc pid=16300 state:16300
2025-12-09 15:27:16.093   955-1039  libPowerHal             pid-955                              I  [perfNotifyAppState] pack:com.android.nfc, act:com.android.nfc, state:3, pid:16300, uid:1001027, fps:120
2025-12-09 15:27:16.093   955-1039  libPowerHal             pid-955                              I  [perfNotifyAppState] pack:com.android.nfc, pid:16300, STATE_DEAD
2025-12-09 15:27:16.093   955-1039  RilUtility              pid-955                              D  notify_rild_crash_pid_set certPid:-1, crash:16300, scn:0x0
2025-12-09 15:27:16.095  1556-4902  os.Activit...erviceLice pid-1556                             D  make process inactive com.google.android.rkpdapp(31969)
2025-12-09 15:27:16.096  1556-1656  DisplayManagerService   pid-1556                             D  Drop pending events for gone uid 10249
2025-12-09 15:27:16.097   904-904   Zygote                  pid-904                              I  Process 17788 exited due to signal 9 (Killed)
2025-12-09 15:27:16.098  1556-4902  mtkpower_client         pid-1556                             I  [PowerHal_Wrap_notifyAppState] com.google.android.rkpdapp/com.google.android.rkpdapp pid=31969 activityId:31969 state:3
2025-12-09 15:27:16.099  1556-4902  mtkpower_client         pid-1556                             I  [Legacy][PowerHal_Wrap_notifyAppState] com.google.android.rkpdapp/com.google.android.rkpdapp pid=31969 state:31969
2025-12-09 15:27:16.099   955-1039  libPowerHal             pid-955                              I  [perfNotifyAppState] pack:com.google.android.rkpdapp, act:com.google.android.rkpdapp, state:3, pid:31969, uid:10249, fps:120
2025-12-09 15:27:16.099   955-1039  libPowerHal             pid-955                              I  [perfNotifyAppState] pack:com.google.android.rkpdapp, pid:31969, STATE_DEAD
2025-12-09 15:27:16.099   955-1039  RilUtility              pid-955                              D  notify_rild_crash_pid_set certPid:-1, crash:31969, scn:0x0
2025-12-09 15:27:16.101  1556-3693  os.Activit...erviceLice pid-1556                             D  make process inactive com.transsion.ossettingsext(24774)
2025-12-09 15:27:16.101  1556-4338  ActivityManager         pid-1556                             V  Death received in com.android.server.am.ActivityManagerService$AppDeathRecipient@cb078fd for thread android.os.BinderProxy@caec9f2
2025-12-09 15:27:16.104  1556-3693  mtkpower_client         pid-1556                             I  [PowerHal_Wrap_notifyAppState] com.transsion.ossettingsext/com.transsion.ossettingsext pid=24774 activityId:24774 state:3
2025-12-09 15:27:16.105  1556-3693  mtkpower_client         pid-1556                             I  [Legacy][PowerHal_Wrap_notifyAppState] com.transsion.ossettingsext/com.transsion.ossettingsext pid=24774 state:24774
2025-12-09 15:27:16.105   955-1039  libPowerHal             pid-955                              I  [perfNotifyAppState] pack:com.transsion.ossettingsext, act:com.transsion.ossettingsext, state:3, pid:24774, uid:1000, fps:120
2025-12-09 15:27:16.105   955-1039  libPowerHal             pid-955                              I  [perfNotifyAppState] pack:com.transsion.ossettingsext, pid:24774, STATE_DEAD
2025-12-09 15:27:16.105   955-1039  RilUtility              pid-955                              D  notify_rild_crash_pid_set certPid:-1, crash:24774, scn:0x0
2025-12-09 15:27:16.107  1556-4405  os.Activit...erviceLice pid-1556                             D  make process inactive com.transsion.settings.bluetooth(24858)
2025-12-09 15:27:16.109  1556-4405  mtkpower_client         pid-1556                             I  [PowerHal_Wrap_notifyAppState] com.transsion.settings.bluetooth/com.transsion.settings.bluetooth pid=24858 activityId:24858 state:3
2025-12-09 15:27:16.109  1556-4405  mtkpower_client         pid-1556                             I  [Legacy][PowerHal_Wrap_notifyAppState] com.transsion.settings.bluetooth/com.transsion.settings.bluetooth pid=24858 state:24858
2025-12-09 15:27:16.110   955-1039  libPowerHal             pid-955                              I  [perfNotifyAppState] pack:com.transsion.settings.bluetooth, act:com.transsion.settings.bluetooth, state:3, pid:24858, uid:1000, fps:120
2025-12-09 15:27:16.110   955-1039  libPowerHal             pid-955                              I  [perfNotifyAppState] pack:com.transsion.settings.bluetooth, pid:24858, STATE_DEAD
2025-12-09 15:27:16.110   955-1039  RilUtility              pid-955                              D  notify_rild_crash_pid_set certPid:-1, crash:24858, scn:0x0
2025-12-09 15:27:16.112  1556-4338  os.Activit...erviceLice pid-1556                             D  make process inactive com.scorpio.securitycom(17788)
2025-12-09 15:27:16.113  1556-1656  DisplayManagerService   pid-1556                             D  Drop pending events for gone uid 1010108
2025-12-09 15:27:16.114  1556-4338  mtkpower_client         pid-1556                             I  [PowerHal_Wrap_notifyAppState] com.scorpio.securitycom/com.scorpio.securitycom pid=17788 activityId:17788 state:3
2025-12-09 15:27:16.114  1556-4338  mtkpower_client         pid-1556                             I  [Legacy][PowerHal_Wrap_notifyAppState] com.scorpio.securitycom/com.scorpio.securitycom pid=17788 state:17788
2025-12-09 15:27:16.115   955-1039  libPowerHal             pid-955                              I  [perfNotifyAppState] pack:com.scorpio.securitycom, act:com.scorpio.securitycom, state:3, pid:17788, uid:1010108, fps:120
2025-12-09 15:27:16.115   955-1039  libPowerHal             pid-955                              I  [perfNotifyAppState] pack:com.scorpio.securitycom, pid:17788, STATE_DEAD
2025-12-09 15:27:16.115   955-1039  RilUtility              pid-955                              D  notify_rild_crash_pid_set certPid:-1, crash:17788, scn:0x0
2025-12-09 15:27:16.125  1556-1824  BroadcastQueue          pid-1556                             D  Hiber/broadcast restricted queue.uid=10285 action=BroadcastRecord{9a52b0d android.net.wifi.RSSI_CHANGED/u-1}
2025-12-09 15:27:16.125   904-2395  Zygote                  pid-904                              I  Process 17049 exited due to signal 9 (Killed)
2025-12-09 15:27:16.125   904-904   Zygote                  pid-904                              I  Process 20283 exited due to signal 9 (Killed)
2025-12-09 15:27:16.126  1556-5623  ActivityManager         pid-1556                             V  Death received in com.android.server.am.ActivityManagerService$AppDeathRecipient@226e36f for thread android.os.BinderProxy@ab4d87c
2025-12-09 15:27:16.126  1556-4338  ActivityManager         pid-1556                             V  Death received in com.android.server.am.ActivityManagerService$AppDeathRecipient@e06bd2 for thread android.os.BinderProxy@6d414a3
2025-12-09 15:27:16.126  1556-3432  ActivityManager         pid-1556                             V  Death received in com.android.server.am.ActivityManagerService$AppDeathRecipient@753732d for thread android.os.BinderProxy@d6df062
2025-12-09 15:27:16.127   904-904   Zygote                  pid-904                              I  Process 5532 exited due to signal 9 (Killed)
2025-12-09 15:27:16.127  1556-3432  os.Activit...erviceLice pid-1556                             D  make process inactive com.android.keychain(5532)
2025-12-09 15:27:16.128  1556-4687  ActivityManager         pid-1556                             V  Death received in com.android.server.am.ActivityManagerService$AppDeathRecipient@914f4bb for thread android.os.BinderProxy@41f5dd8
2025-12-09 15:27:16.129  1556-3432  mtkpower_client         pid-1556                             I  [PowerHal_Wrap_notifyAppState] com.android.keychain/com.android.keychain pid=5532 activityId:5532 state:3
2025-12-09 15:27:16.129  1556-3432  mtkpower_client         pid-1556                             I  [Legacy][PowerHal_Wrap_notifyAppState] com.android.keychain/com.android.keychain pid=5532 state:5532
2025-12-09 15:27:16.130   955-1039  libPowerHal             pid-955                              I  [perfNotifyAppState] pack:com.android.keychain, act:com.android.keychain, state:3, pid:5532, uid:1000, fps:120
2025-12-09 15:27:16.130   955-1039  libPowerHal             pid-955                              I  [perfNotifyAppState] pack:com.android.keychain, pid:5532, STATE_DEAD
2025-12-09 15:27:16.130   955-1039  RilUtility              pid-955                              D  notify_rild_crash_pid_set certPid:-1, crash:5532, scn:0x0
2025-12-09 15:27:16.132  1556-5623  os.Activit...erviceLice pid-1556                             D  make process inactive com.google.android.onetimeinitializer(20283)
2025-12-09 15:27:16.133  1556-1656  DisplayManagerService   pid-1556                             D  Drop pending events for gone uid 10099
2025-12-09 15:27:16.134   904-904   Zygote                  pid-904                              I  Process 13920 exited due to signal 9 (Killed)
2025-12-09 15:27:16.135  1556-5623  mtkpower_client         pid-1556                             I  [PowerHal_Wrap_notifyAppState] com.google.android.onetimeinitializer/com.google.android.onetimeinitializer pid=20283 activityId:20283 state:3
2025-12-09 15:27:16.136  1556-5623  mtkpower_client         pid-1556                             I  [Legacy][PowerHal_Wrap_notifyAppState] com.google.android.onetimeinitializer/com.google.android.onetimeinitializer pid=20283 state:20283
2025-12-09 15:27:16.136   955-1039  libPowerHal             pid-955                              I  [perfNotifyAppState] pack:com.google.android.onetimeinitializer, act:com.google.android.onetimeinitializer, state:3, pid:20283, uid:10099, fps:120
2025-12-09 15:27:16.136   955-1039  libPowerHal             pid-955                              I  [perfNotifyAppState] pack:com.google.android.onetimeinitializer, pid:20283, STATE_DEAD
2025-12-09 15:27:16.136   955-1039  RilUtility              pid-955                              D  notify_rild_crash_pid_set certPid:-1, crash:20283, scn:0x0
2025-12-09 15:27:16.138  1556-4338  os.Activit...erviceLice pid-1556                             D  make process inactive com.transsion.kolun.assistant(17049)
2025-12-09 15:27:16.140  1556-1656  DisplayManagerService   pid-1556                             D  Drop pending events for gone uid 1010194
2025-12-09 15:27:16.143  1556-4338  mtkpower_client         pid-1556                             I  [PowerHal_Wrap_notifyAppState] com.transsion.kolun.assistant/com.transsion.kolun.assistant pid=17049 activityId:17049 state:3
2025-12-09 15:27:16.143  1556-4338  mtkpower_client         pid-1556                             I  [Legacy][PowerHal_Wrap_notifyAppState] com.transsion.kolun.assistant/com.transsion.kolun.assistant pid=17049 state:17049
2025-12-09 15:27:16.143   955-1039  libPowerHal             pid-955                              I  [perfNotifyAppState] pack:com.transsion.kolun.assistant, act:com.transsion.kolun.assistant, state:3, pid:17049, uid:1010194, fps:120
2025-12-09 15:27:16.143   955-1039  libPowerHal             pid-955                              I  [perfNotifyAppState] pack:com.transsion.kolun.assistant, pid:17049, STATE_DEAD
2025-12-09 15:27:16.144   955-1039  RilUtility              pid-955                              D  notify_rild_crash_pid_set certPid:-1, crash:17049, scn:0x0
2025-12-09 15:27:16.146  1556-4687  os.Activit...erviceLice pid-1556                             D  make process inactive tech.palm.id(13920)
2025-12-09 15:27:16.147  1556-1656  DisplayManagerService   pid-1556                             D  Drop pending events for gone uid 10207
2025-12-09 15:27:16.150  1556-4687  mtkpower_client         pid-1556                             I  [PowerHal_Wrap_notifyAppState] tech.palm.id/tech.palm.id pid=13920 activityId:13920 state:3
2025-12-09 15:27:16.150  1556-4687  mtkpower_client         pid-1556                             I  [Legacy][PowerHal_Wrap_notifyAppState] tech.palm.id/tech.palm.id pid=13920 state:13920
2025-12-09 15:27:16.151   955-1039  libPowerHal             pid-955                              I  [perfNotifyAppState] pack:tech.palm.id, act:tech.palm.id, state:3, pid:13920, uid:10207, fps:120
2025-12-09 15:27:16.151   955-1039  libPowerHal             pid-955                              I  [perfNotifyAppState] pack:tech.palm.id, pid:13920, STATE_DEAD
2025-12-09 15:27:16.151   955-1039  RilUtility              pid-955                              D  notify_rild_crash_pid_set certPid:-1, crash:13920, scn:0x0
2025-12-09 15:27:16.153  2221-2221  dex2oat32               pid-2221                             I  dex2oat took 38.413s (97.629s cpu) (threads: 8) arena alloc=29MB (30879560B) java alloc=6700KB (6861224B) native alloc=11MB (12563152B) free=19MB (20215072B) swap=64MB (67108864B)
2025-12-09 15:27:16.167   904-904   Zygote                  pid-904                              I  Process 22043 exited due to signal 9 (Killed)
2025-12-09 15:27:16.167  1556-4687  ActivityManager         pid-1556                             V  Death received in com.android.server.am.ActivityManagerService$AppDeathRecipient@54b42ef for thread android.os.BinderProxy@34a81fc
2025-12-09 15:27:16.169  1556-4687  os.Activit...erviceLice pid-1556                             D  make process inactive com.mediatek.omacp(22043)
2025-12-09 15:27:16.172  1556-4687  mtkpower_client         pid-1556                             I  [PowerHal_Wrap_notifyAppState] com.mediatek.omacp/com.mediatek.omacp pid=22043 activityId:22043 state:3
2025-12-09 15:27:16.172  1556-4687  mtkpower_client         pid-1556                             I  [Legacy][PowerHal_Wrap_notifyAppState] com.mediatek.omacp/com.mediatek.omacp pid=22043 state:22043
2025-12-09 15:27:16.173   955-1039  libPowerHal             pid-955                              I  [perfNotifyAppState] pack:com.mediatek.omacp, act:com.mediatek.omacp, state:3, pid:22043, uid:1000, fps:120
2025-12-09 15:27:16.173   955-1039  libPowerHal             pid-955                              I  [perfNotifyAppState] pack:com.mediatek.omacp, pid:22043, STATE_DEAD
2025-12-09 15:27:16.173   955-1039  RilUtility              pid-955                              D  notify_rild_crash_pid_set certPid:-1, crash:22043, scn:0x0
2025-12-09 15:27:16.180   904-904   Zygote                  pid-904                              I  Process 31438 exited due to signal 9 (Killed)
2025-12-09 15:27:16.180  1556-4687  ActivityManager         pid-1556                             V  Death received in com.android.server.am.ActivityManagerService$AppDeathRecipient@b49c1f1 for thread android.os.BinderProxy@8e531d6
2025-12-09 15:27:16.181  1556-4687  os.Activit...erviceLice pid-1556                             D  make process inactive com.mediatek.engineermode(31438)
2025-12-09 15:27:16.182  1556-1656  DisplayManagerService   pid-1556                             D  Drop pending events for gone uid 10178
2025-12-09 15:27:16.183  1556-4687  mtkpower_client         pid-1556                             I  [PowerHal_Wrap_notifyAppState] com.mediatek.engineermode/com.mediatek.engineermode pid=31438 activityId:31438 state:3
2025-12-09 15:27:16.183  1556-4687  mtkpower_client         pid-1556                             I  [Legacy][PowerHal_Wrap_notifyAppState] com.mediatek.engineermode/com.mediatek.engineermode pid=31438 state:31438
2025-12-09 15:27:16.184   955-1039  libPowerHal             pid-955                              I  [perfNotifyAppState] pack:com.mediatek.engineermode, act:com.mediatek.engineermode, state:3, pid:31438, uid:10178, fps:120
2025-12-09 15:27:16.184   955-1039  libPowerHal             pid-955                              I  [perfNotifyAppState] pack:com.mediatek.engineermode, pid:31438, STATE_DEAD
2025-12-09 15:27:16.184   955-1039  RilUtility              pid-955                              D  notify_rild_crash_pid_set certPid:-1, crash:31438, scn:0x0
2025-12-09 15:27:16.185   904-904   Zygote                  pid-904                              I  Process 13181 exited due to signal 9 (Killed)
2025-12-09 15:27:16.186   904-904   Zygote                  pid-904                              I  Process 12913 exited due to signal 9 (Killed)
2025-12-09 15:27:16.187  1556-4407  ActivityManager         pid-1556                             V  Death received in com.android.server.am.ActivityManagerService$AppDeathRecipient@b063906 for thread android.os.BinderProxy@7aa4bc7
2025-12-09 15:27:16.188  1556-3246  ActivityManager         pid-1556                             V  Death received in com.android.server.am.ActivityManagerService$AppDeathRecipient@6a466c2 for thread android.os.BinderProxy@75b0cd3
2025-12-09 15:27:16.188  1556-4407  os.Activit...erviceLice pid-1556                             D  make process inactive com.google.android.devicelockcontroller(12913)
2025-12-09 15:27:16.190  1556-1656  DisplayManagerService   pid-1556                             D  Drop pending events for gone uid 1010231
2025-12-09 15:27:16.191  1556-4407  mtkpower_client         pid-1556                             I  [PowerHal_Wrap_notifyAppState] com.google.android.devicelockcontroller/com.google.android.devicelockcontroller pid=12913 activityId:12913 state:3
2025-12-09 15:27:16.192  1556-4407  mtkpower_client         pid-1556                             I  [Legacy][PowerHal_Wrap_notifyAppState] com.google.android.devicelockcontroller/com.google.android.devicelockcontroller pid=12913 state:12913
2025-12-09 15:27:16.192   955-1039  libPowerHal             pid-955                              I  [perfNotifyAppState] pack:com.google.android.devicelockcontroller, act:com.google.android.devicelockcontroller, state:3, pid:12913, uid:1010231, fps:120
2025-12-09 15:27:16.192   955-1039  libPowerHal             pid-955                              I  [perfNotifyAppState] pack:com.google.android.devicelockcontroller, pid:12913, STATE_DEAD
2025-12-09 15:27:16.192   955-1039  RilUtility              pid-955                              D  notify_rild_crash_pid_set certPid:-1, crash:12913, scn:0x0
2025-12-09 15:27:16.194  1556-3246  os.Activit...erviceLice pid-1556                             D  make process inactive com.transsion.smartpanel(13181)
2025-12-09 15:27:16.197  1556-3246  mtkpower_client         pid-1556                             I  [PowerHal_Wrap_notifyAppState] com.transsion.smartpanel/com.transsion.smartpanel pid=13181 activityId:13181 state:3
2025-12-09 15:27:16.197  1556-3246  mtkpower_client         pid-1556                             I  [Legacy][PowerHal_Wrap_notifyAppState] com.transsion.smartpanel/com.transsion.smartpanel pid=13181 state:13181
2025-12-09 15:27:16.197   955-1039  libPowerHal             pid-955                              I  [perfNotifyAppState] pack:com.transsion.smartpanel, act:com.transsion.smartpanel, state:3, pid:13181, uid:1001000, fps:120
2025-12-09 15:27:16.197   955-1039  libPowerHal             pid-955                              I  [perfNotifyAppState] pack:com.transsion.smartpanel, pid:13181, STATE_DEAD
2025-12-09 15:27:16.197   955-1039  RilUtility              pid-955                              D  notify_rild_crash_pid_set certPid:-1, crash:13181, scn:0x0
2025-12-09 15:27:16.215   904-904   Zygote                  pid-904                              I  Process 30501 exited due to signal 9 (Killed)
2025-12-09 15:27:16.215  1556-4338  ActivityManager         pid-1556                             V  Death received in com.android.server.am.ActivityManagerService$AppDeathRecipient@f71a3fb for thread android.os.BinderProxy@27b7c18
2025-12-09 15:27:16.217  1556-4338  os.Activit...erviceLice pid-1556                             D  make process inactive com.facebook.services(30501)
2025-12-09 15:27:16.218  1556-1656  DisplayManagerService   pid-1556                             D  Drop pending events for gone uid 10209
2025-12-09 15:27:16.219  1556-3641  ActivityManager         pid-1556                             V  Death received in com.android.server.am.ActivityManagerService$AppDeathRecipient@5b24050 for thread android.os.BinderProxy@a5df249
2025-12-09 15:27:16.222   904-904   Zygote                  pid-904                              I  Process 17220 exited due to signal 9 (Killed)
2025-12-09 15:27:16.222  1556-1644  ActivityManager         pid-1556                             V  Death received in com.android.server.am.ActivityManagerService$AppDeathRecipient@581ef11 for thread android.os.BinderProxy@7502876
2025-12-09 15:27:16.222  1556-4338  mtkpower_client         pid-1556                             I  [PowerHal_Wrap_notifyAppState] com.facebook.services/com.facebook.services pid=30501 activityId:30501 state:3
2025-12-09 15:27:16.223  1556-4338  mtkpower_client         pid-1556                             I  [Legacy][PowerHal_Wrap_notifyAppState] com.facebook.services/com.facebook.services pid=30501 state:30501
2025-12-09 15:27:16.223   955-1039  libPowerHal             pid-955                              I  [perfNotifyAppState] pack:com.facebook.services, act:com.facebook.services, state:3, pid:30501, uid:10209, fps:120
2025-12-09 15:27:16.223   955-1039  libPowerHal             pid-955                              I  [perfNotifyAppState] pack:com.facebook.services, pid:30501, STATE_DEAD
2025-12-09 15:27:16.223   955-1039  RilUtility              pid-955                              D  notify_rild_crash_pid_set certPid:-1, crash:30501, scn:0x0
2025-12-09 15:27:16.225  1556-3641  os.Activit...erviceLice pid-1556                             D  make process inactive com.transsion.airtransfer(22495)
2025-12-09 15:27:16.226   904-904   Zygote                  pid-904                              I  Process 22495 exited due to signal 9 (Killed)
2025-12-09 15:27:16.226  1556-1656  DisplayManagerService   pid-1556                             D  Drop pending events for gone uid 10120
2025-12-09 15:27:16.229  1556-3641  mtkpower_client         pid-1556                             I  [PowerHal_Wrap_notifyAppState] com.transsion.airtransfer/com.transsion.airtransfer pid=22495 activityId:22495 state:3
2025-12-09 15:27:16.229  1556-3831  Hiber/stateManager      pid-1556                             I  unfreeze uid: 10120 com.transsion.airtransfer pids:[22495]  reason:MSG_UID_GONE   cpninfo: costTime=0ms ,last freeze 113s ago
2025-12-09 15:27:16.229  1556-3641  mtkpower_client         pid-1556                             I  [Legacy][PowerHal_Wrap_notifyAppState] com.transsion.airtransfer/com.transsion.airtransfer pid=22495 state:22495
2025-12-09 15:27:16.229   955-1039  libPowerHal             pid-955                              I  [perfNotifyAppState] pack:com.transsion.airtransfer, act:com.transsion.airtransfer, state:3, pid:22495, uid:10120, fps:120
2025-12-09 15:27:16.229   955-1039  libPowerHal             pid-955                              I  [perfNotifyAppState] pack:com.transsion.airtransfer, pid:22495, STATE_DEAD
2025-12-09 15:27:16.229   955-1039  RilUtility              pid-955                              D  notify_rild_crash_pid_set certPid:-1, crash:22495, scn:0x0
2025-12-09 15:27:16.229  1556-3167  Hiber/appStateMachine   pid-1556                             I  uid=10120, pkg=com.transsion.airtransfer, transition from Frozen to Running, reason=MSG_UID_GONE
2025-12-09 15:27:16.229  1556-3167  Hiber/appStateMachine   pid-1556                             I  uid:10120 exit FrozenState
2025-12-09 15:27:16.230  1556-3168  Hiber/proxyManager      pid-1556                             I  up_service: 10120
2025-12-09 15:27:16.230  1556-3168  Hiber/proxyManager      pid-1556                             I  un_job: 10120
2025-12-09 15:27:16.230  1556-3831  Hiber/proxyWakeLock     pid-1556                             D  remove uid: 10120 wiht all pids from wakelockUidInfo list
2025-12-09 15:27:16.230  1556-3168  Hiber/alar...iceExtImpl pid-1556                             D  unproxyAlarms leave, uid=10120, packageName=drop
2025-12-09 15:27:16.230  1556-3167  Hiber/appStateMachine   pid-1556                             I  uid:10120 exit RunningState
2025-12-09 15:27:16.230  1556-3168  Hiber/proxyManager      pid-1556                             I  up_sensor: uid=10120, pkgName=com.transsion.airtransfer
2025-12-09 15:27:16.231  1556-3641  ActivityTaskManager     pid-1556                             D  TaskProcess findExitInfoForRecentProcess mLastIndex#=-1 mTrackPid= 22495
2025-12-09 15:27:16.232   904-904   Zygote                  pid-904                              I  Process 17920 exited due to signal 9 (Killed)
2025-12-09 15:27:16.232  1556-3641  ActivityManager         pid-1556                             V  Death received in com.android.server.am.ActivityManagerService$AppDeathRecipient@e7f5c03 for thread android.os.BinderProxy@7954780
2025-12-09 15:27:16.233  1556-1644  os.Activit...erviceLice pid-1556                             D  make process inactive com.mediatek.omacp(17220)
2025-12-09 15:27:16.236  1556-1644  mtkpower_client         pid-1556                             I  [PowerHal_Wrap_notifyAppState] com.mediatek.omacp/com.mediatek.omacp pid=17220 activityId:17220 state:3
2025-12-09 15:27:16.236  1556-1644  mtkpower_client         pid-1556                             I  [Legacy][PowerHal_Wrap_notifyAppState] com.mediatek.omacp/com.mediatek.omacp pid=17220 state:17220
2025-12-09 15:27:16.236   955-1039  libPowerHal             pid-955                              I  [perfNotifyAppState] pack:com.mediatek.omacp, act:com.mediatek.omacp, state:3, pid:17220, uid:1001000, fps:120
2025-12-09 15:27:16.236   955-1039  libPowerHal             pid-955                              I  [perfNotifyAppState] pack:com.mediatek.omacp, pid:17220, STATE_DEAD
2025-12-09 15:27:16.236   955-1039  RilUtility              pid-955                              D  notify_rild_crash_pid_set certPid:-1, crash:17220, scn:0x0
2025-12-09 15:27:16.239  1556-3641  os.Activit...erviceLice pid-1556                             D  make process inactive com.transsion.iotservice(17920)
2025-12-09 15:27:16.241  1556-4338  ActivityManager         pid-1556                             V  Death received in com.android.server.am.ActivityManagerService$AppDeathRecipient@ede2355 for thread android.os.BinderProxy@c17216a
2025-12-09 15:27:16.241   904-904   Zygote                  pid-904                              I  Process 25008 exited due to signal 9 (Killed)
2025-12-09 15:27:16.243  1556-3641  mtkpower_client         pid-1556                             I  [PowerHal_Wrap_notifyAppState] com.transsion.iotservice/com.transsion.iotservice pid=17920 activityId:17920 state:3
2025-12-09 15:27:16.243  1556-3641  mtkpower_client         pid-1556                             I  [Legacy][PowerHal_Wrap_notifyAppState] com.transsion.iotservice/com.transsion.iotservice pid=17920 state:17920
2025-12-09 15:27:16.244   955-1039  libPowerHal             pid-955                              I  [perfNotifyAppState] pack:com.transsion.iotservice, act:com.transsion.iotservice, state:3, pid:17920, uid:1001000, fps:120
2025-12-09 15:27:16.244   955-1039  libPowerHal             pid-955                              I  [perfNotifyAppState] pack:com.transsion.iotservice, pid:17920, STATE_DEAD
2025-12-09 15:27:16.244   955-1039  RilUtility              pid-955                              D  notify_rild_crash_pid_set certPid:-1, crash:17920, scn:0x0
2025-12-09 15:27:16.244   904-904   Zygote                  pid-904                              I  Process 17417 exited due to signal 9 (Killed)
2025-12-09 15:27:16.244  1556-3639  ActivityManager         pid-1556                             V  Death received in com.android.server.am.ActivityManagerService$AppDeathRecipient@22c6d9e for thread android.os.BinderProxy@c85007f
2025-12-09 15:27:16.246  1556-4338  os.Activit...erviceLice pid-1556                             D  make process inactive com.xui.xhide(25008)
2025-12-09 15:27:16.250  1556-4338  mtkpower_client         pid-1556                             I  [PowerHal_Wrap_notifyAppState] com.xui.xhide/com.xui.xhide pid=25008 activityId:25008 state:3
2025-12-09 15:27:16.250  1556-4338  mtkpower_client         pid-1556                             I  [Legacy][PowerHal_Wrap_notifyAppState] com.xui.xhide/com.xui.xhide pid=25008 state:25008
2025-12-09 15:27:16.250   955-1039  libPowerHal             pid-955                              I  [perfNotifyAppState] pack:com.xui.xhide, act:com.xui.xhide, state:3, pid:25008, uid:1000, fps:120
2025-12-09 15:27:16.250   955-1039  libPowerHal             pid-955                              I  [perfNotifyAppState] pack:com.xui.xhide, pid:25008, STATE_DEAD
2025-12-09 15:27:16.250   955-1039  RilUtility              pid-955                              D  notify_rild_crash_pid_set certPid:-1, crash:25008, scn:0x0
2025-12-09 15:27:16.253  1556-3639  os.Activit...erviceLice pid-1556                             D  make process inactive com.transsion.settings.bluetooth(17417)
2025-12-09 15:27:16.256  1556-3639  mtkpower_client         pid-1556                             I  [PowerHal_Wrap_notifyAppState] com.transsion.settings.bluetooth/com.transsion.settings.bluetooth pid=17417 activityId:17417 state:3
2025-12-09 15:27:16.256  1556-3639  mtkpower_client         pid-1556                             I  [Legacy][PowerHal_Wrap_notifyAppState] com.transsion.settings.bluetooth/com.transsion.settings.bluetooth pid=17417 state:17417
2025-12-09 15:27:16.256   955-1039  libPowerHal             pid-955                              I  [perfNotifyAppState] pack:com.transsion.settings.bluetooth, act:com.transsion.settings.bluetooth, state:3, pid:17417, uid:1001000, fps:120
2025-12-09 15:27:16.256   955-1039  libPowerHal             pid-955                              I  [perfNotifyAppState] pack:com.transsion.settings.bluetooth, pid:17417, STATE_DEAD
2025-12-09 15:27:16.256   955-1039  RilUtility              pid-955                              D  notify_rild_crash_pid_set certPid:-1, crash:17417, scn:0x0
2025-12-09 15:27:16.268   904-904   Zygote                  pid-904                              I  Process 27453 exited due to signal 9 (Killed)
2025-12-09 15:27:16.268   904-2395  Zygote                  pid-904                              I  Process 12997 exited due to signal 9 (Killed)
2025-12-09 15:27:16.268  1556-3639  ActivityManager         pid-1556                             V  Death received in com.android.server.am.ActivityManagerService$AppDeathRecipient@d452cb9 for thread android.os.BinderProxy@a2a98fe
2025-12-09 15:27:16.269  1556-1644  ActivityManager         pid-1556                             V  Death received in com.android.server.am.ActivityManagerService$AppDeathRecipient@be8a91f for thread android.os.BinderProxy@291a46c
2025-12-09 15:27:16.269   904-904   Zygote                  pid-904                              I  Process 7783 exited due to signal 9 (Killed)
2025-12-09 15:27:16.269  1556-3311  ActivityManager         pid-1556                             V  Death received in com.android.server.am.ActivityManagerService$AppDeathRecipient@f9495fc for thread android.os.BinderProxy@4ded485
2025-12-09 15:27:16.272   904-904   Zygote                  pid-904                              I  Process 16624 exited due to signal 9 (Killed)
2025-12-09 15:27:16.273  1556-3639  os.Activit...erviceLice pid-1556                             D  make process inactive com.android.settings(12997)
2025-12-09 15:27:16.275  1556-3246  ActivityManager         pid-1556                             V  Death received in com.android.server.am.ActivityManagerService$AppDeathRecipient@4e14925 for thread android.os.BinderProxy@fd39afa
2025-12-09 15:27:16.278  1556-3639  mtkpower_client         pid-1556                             I  [PowerHal_Wrap_notifyAppState] com.android.settings/com.android.settings pid=12997 activityId:12997 state:3
2025-12-09 15:27:16.278  1556-3639  mtkpower_client         pid-1556                             I  [Legacy][PowerHal_Wrap_notifyAppState] com.android.settings/com.android.settings pid=12997 state:12997
2025-12-09 15:27:16.279   955-1039  libPowerHal             pid-955                              I  [perfNotifyAppState] pack:com.android.settings, act:com.android.settings, state:3, pid:12997, uid:1001000, fps:120
2025-12-09 15:27:16.279   955-1039  libPowerHal             pid-955                              I  [perfNotifyAppState] pack:com.android.settings, pid:12997, STATE_DEAD
2025-12-09 15:27:16.279   955-1039  RilUtility              pid-955                              D  notify_rild_crash_pid_set certPid:-1, crash:12997, scn:0x0
2025-12-09 15:27:16.281  1556-1644  os.Activit...erviceLice pid-1556                             D  make process inactive com.google.android.packageinstaller(7783)
2025-12-09 15:27:16.281  1556-1656  DisplayManagerService   pid-1556                             D  Drop pending events for gone uid 10153
2025-12-09 15:27:16.282  1556-1644  mtkpower_client         pid-1556                             I  [PowerHal_Wrap_notifyAppState] com.google.android.packageinstaller/com.google.android.packageinstaller pid=7783 activityId:7783 state:3
2025-12-09 15:27:16.283  1556-1644  mtkpower_client         pid-1556                             I  [Legacy][PowerHal_Wrap_notifyAppState] com.google.android.packageinstaller/com.google.android.packageinstaller pid=7783 state:7783
2025-12-09 15:27:16.284   955-1039  libPowerHal             pid-955                              I  [perfNotifyAppState] pack:com.google.android.packageinstaller, act:com.google.android.packageinstaller, state:3, pid:7783, uid:10153, fps:120
2025-12-09 15:27:16.284   955-1039  libPowerHal             pid-955                              I  [perfNotifyAppState] pack:com.google.android.packageinstaller, pid:7783, STATE_DEAD
2025-12-09 15:27:16.284   955-1039  RilUtility              pid-955                              D  notify_rild_crash_pid_set certPid:-1, crash:7783, scn:0x0
2025-12-09 15:27:16.285  1556-3311  os.Activit...erviceLice pid-1556                             D  make process inactive com.android.dynsystem(27453)
2025-12-09 15:27:16.287  1556-3311  mtkpower_client         pid-1556                             I  [PowerHal_Wrap_notifyAppState] com.android.dynsystem/com.android.dynsystem pid=27453 activityId:27453 state:3
2025-12-09 15:27:16.287  1556-3311  mtkpower_client         pid-1556                             I  [Legacy][PowerHal_Wrap_notifyAppState] com.android.dynsystem/com.android.dynsystem pid=27453 state:27453
2025-12-09 15:27:16.288   955-1039  libPowerHal             pid-955                              I  [perfNotifyAppState] pack:com.android.dynsystem, act:com.android.dynsystem, state:3, pid:27453, uid:1001000, fps:120
2025-12-09 15:27:16.288   955-1039  libPowerHal             pid-955                              I  [perfNotifyAppState] pack:com.android.dynsystem, pid:27453, STATE_DEAD
2025-12-09 15:27:16.288   955-1039  RilUtility              pid-955                              D  notify_rild_crash_pid_set certPid:-1, crash:27453, scn:0x0
2025-12-09 15:27:16.290  1556-3246  os.Activit...erviceLice pid-1556                             D  make process inactive com.android.traceur(16624)
2025-12-09 15:27:16.291  1556-1656  DisplayManagerService   pid-1556                             D  Drop pending events for gone uid 1010087
2025-12-09 15:27:16.293  1556-3246  mtkpower_client         pid-1556                             I  [PowerHal_Wrap_notifyAppState] com.android.traceur/com.android.traceur pid=16624 activityId:16624 state:3
2025-12-09 15:27:16.293  1556-3246  mtkpower_client         pid-1556                             I  [Legacy][PowerHal_Wrap_notifyAppState] com.android.traceur/com.android.traceur pid=16624 state:16624
2025-12-09 15:27:16.293   955-1039  libPowerHal             pid-955                              I  [perfNotifyAppState] pack:com.android.traceur, act:com.android.traceur, state:3, pid:16624, uid:1010087, fps:120
2025-12-09 15:27:16.293   955-1039  libPowerHal             pid-955                              I  [perfNotifyAppState] pack:com.android.traceur, pid:16624, STATE_DEAD
2025-12-09 15:27:16.293   955-1039  RilUtility              pid-955                              D  notify_rild_crash_pid_set certPid:-1, crash:16624, scn:0x0
2025-12-09 15:27:16.296 12567-13024 ServiceWatchdogWorker   pid-12567                            I  🔍 ========================================
2025-12-09 15:27:16.296 12567-13024 ServiceWatchdogWorker   pid-12567                            I  🔍 WATCHDOG: Verificando CdcForegroundService
2025-12-09 15:27:16.296 12567-13024 ServiceWatchdogWorker   pid-12567                            I  🔍 ========================================
2025-12-09 15:27:16.297 12567-13024 KeepAliveManager        pid-12567                            D  ✅ CdcForegroundService está ativo
2025-12-09 15:27:16.297   904-904   Zygote                  pid-904                              I  Process 17558 exited due to signal 9 (Killed)
2025-12-09 15:27:16.298  1556-3246  ActivityManager         pid-1556                             V  Death received in com.android.server.am.ActivityManagerService$AppDeathRecipient@5cdf245 for thread android.os.BinderProxy@edf5d9a
2025-12-09 15:27:16.299  1556-3246  os.Activit...erviceLice pid-1556                             D  make process inactive com.xui.xhide(17558)
2025-12-09 15:27:16.301  1556-3246  mtkpower_client         pid-1556                             I  [PowerHal_Wrap_notifyAppState] com.xui.xhide/com.xui.xhide pid=17558 activityId:17558 state:3
2025-12-09 15:27:16.301  1556-3246  mtkpower_client         pid-1556                             I  [Legacy][PowerHal_Wrap_notifyAppState] com.xui.xhide/com.xui.xhide pid=17558 state:17558
2025-12-09 15:27:16.301   955-1039  libPowerHal             pid-955                              I  [perfNotifyAppState] pack:com.xui.xhide, act:com.xui.xhide, state:3, pid:17558, uid:1001000, fps:120
2025-12-09 15:27:16.301   955-1039  libPowerHal             pid-955                              I  [perfNotifyAppState] pack:com.xui.xhide, pid:17558, STATE_DEAD
2025-12-09 15:27:16.301   955-1039  RilUtility              pid-955                              D  notify_rild_crash_pid_set certPid:-1, crash:17558, scn:0x0
2025-12-09 15:27:16.303 12567-13024 ServiceWatchdogWorker   pid-12567                            I  📊 Estatísticas Keep Alive:
2025-12-09 15:27:16.303 12567-13024 ServiceWatchdogWorker   pid-12567                            I     - Serviço ativo: true
2025-12-09 15:27:16.303 12567-13024 ServiceWatchdogWorker   pid-12567                            I     - Restarts: 0
2025-12-09 15:27:16.303 12567-13024 ServiceWatchdogWorker   pid-12567                            I     - Otimização bateria: NÃO (bom)
2025-12-09 15:27:16.303 12567-13024 ServiceWatchdogWorker   pid-12567                            I  🔍 ========================================
2025-12-09 15:27:16.303 12567-13024 ServiceWatchdogWorker   pid-12567                            I  ✅ WATCHDOG: Serviço verificado/reiniciado com sucesso
2025-12-09 15:27:16.307 12567-12823 WM-WorkerWrapper        pid-12567                            I  Worker result SUCCESS for Work [ id=27366f06-77f9-47fc-b18b-f8089ce9209a, tags={ com.cdccreditsmart.app.keepalive.ServiceWatchdogWorker, service_watchdog } ]
2025-12-09 15:27:16.327  2214-2214  artd                    pid-2214                             I  dex2oat returned code 0
2025-12-09 15:27:16.329   904-904   Zygote                  pid-904                              I  Process 27205 exited due to signal 9 (Killed)
2025-12-09 15:27:16.330  1556-3246  ActivityManager         pid-1556                             V  Death received in com.android.server.am.ActivityManagerService$AppDeathRecipient@8db7dad for thread android.os.BinderProxy@68d68e2
