2025-12-08 05:41:06.257  6691-7017  okhttp.OkHttpClient     com.cdccreditsmart.app               I  permissions-policy: geolocation=(), microphone=(), camera=()
2025-12-08 05:41:06.257  6691-7017  okhttp.OkHttpClient     com.cdccreditsmart.app               I  referrer-policy: strict-origin-when-cross-origin
2025-12-08 05:41:06.257  6691-7017  okhttp.OkHttpClient     com.cdccreditsmart.app               I  strict-transport-security: max-age=63072000; includeSubDomains
2025-12-08 05:41:06.257  6691-7017  okhttp.OkHttpClient     com.cdccreditsmart.app               I  strict-transport-security: max-age=31536000; includeSubDomains
2025-12-08 05:41:06.257  6691-7017  okhttp.OkHttpClient     com.cdccreditsmart.app               I  x-anti-fraud-protection: active
2025-12-08 05:41:06.257  6691-7017  okhttp.OkHttpClient     com.cdccreditsmart.app               I  x-certificate-pinning-enabled: false
2025-12-08 05:41:06.257  6691-7017  okhttp.OkHttpClient     com.cdccreditsmart.app               I  x-certificate-pinning-status: disabled-for-stability
2025-12-08 05:41:06.257  6691-7017  okhttp.OkHttpClient     com.cdccreditsmart.app               I  x-content-type-options: nosniff
2025-12-08 05:41:06.257  6691-7017  okhttp.OkHttpClient     com.cdccreditsmart.app               I  x-financial-data-protection: enabled
2025-12-08 05:41:06.257  6691-7017  okhttp.OkHttpClient     com.cdccreditsmart.app               I  x-frame-options: DENY
2025-12-08 05:41:06.258  6691-7017  okhttp.OkHttpClient     com.cdccreditsmart.app               I  x-transaction-security-level: maximum
2025-12-08 05:41:06.258  6691-7017  okhttp.OkHttpClient     com.cdccreditsmart.app               I  x-xss-protection: 1; mode=block
2025-12-08 05:41:06.258  6691-7017  okhttp.OkHttpClient     com.cdccreditsmart.app               I  via: 1.1 google
2025-12-08 05:41:06.258  6691-7017  okhttp.OkHttpClient     com.cdccreditsmart.app               I  alt-svc: h3=":443"; ma=2592000,h3-29=":443"; ma=2592000
2025-12-08 05:41:06.259  6691-7017  okhttp.OkHttpClient     com.cdccreditsmart.app               I  {"error":"API endpoint not found","message":"Rota APK não encontrada","path":"/","method":"POST","timestamp":"2025-12-08T08:41:07.106Z","available_endpoints":["GET /api/apk/device/{serial}/status","POST /api/apk/device/{fingerprint}/sync","POST /api/apk/device/{fingerprint}/register-info","POST /api/apk/auth","GET /api/apk/device/{identifier}/commands","POST /api/apk/device/commands/{commandId}/status","POST /api/apk/device/{identifier}/command-response","GET /api/apk/device/commands/test"]}
2025-12-08 05:41:06.259  6691-7017  okhttp.OkHttpClient     com.cdccreditsmart.app               I  <-- END HTTP (497-byte body)
2025-12-08 05:41:06.260  6691-6829  MdmCommandReceiver      com.cdccreditsmart.app               W  ⚠️ Novo endpoint ACK falhou (404), tentando legado...
2025-12-08 05:41:06.267  6691-6829  SecureTokenStorage      com.cdccreditsmart.app               D  ⚠️ Usando Serial Number para MDM (IMEI indisponível): XV8W57...
2025-12-08 05:41:06.267  6691-6829  MdmCommandReceiver      com.cdccreditsmart.app               D  📡 [LEGADO] Enviando ACK usando identifier: XV8W5766****
2025-12-08 05:41:06.286  6691-7017  okhttp.OkHttpClient     com.cdccreditsmart.app               I  --> POST https://cdccreditsmart.com/api/apk/device/XV8W5766/command-response
2025-12-08 05:41:06.286  6691-7017  okhttp.OkHttpClient     com.cdccreditsmart.app               I  Content-Type: application/json; charset=UTF-8
2025-12-08 05:41:06.286  6691-7017  okhttp.OkHttpClient     com.cdccreditsmart.app               I  Content-Length: 76
2025-12-08 05:41:06.286  6691-7017  okhttp.OkHttpClient     com.cdccreditsmart.app               I  {"commandId":"a9dbee54-b0f6-402f-be10-1b54f9f43de8","status":"acknowledged"}
2025-12-08 05:41:06.286  6691-7017  okhttp.OkHttpClient     com.cdccreditsmart.app               I  --> END POST (76-byte body)
2025-12-08 05:41:06.288  6691-6691  WindowOnBackDispatcher  com.cdccreditsmart.app               W  sendCancelIfRunning: isInProgress=false callback=androidx.activity.OnBackPressedDispatcher$Api34Impl$createOnBackAnimationCallback$1@20f3e05
2025-12-08 05:41:06.319  6691-6829  SettingsGuardService    com.cdccreditsmart.app               D  📋 Activity check - Full: com.android.launcher3.dragndrop.AddItemActivity, Simple: AddItemActivity
2025-12-08 05:41:06.334  6691-7017  SecureTokenStorage      com.cdccreditsmart.app               D  EncryptedSharedPreferences initialized successfully
2025-12-08 05:41:06.766  6691-7017  okhttp.OkHttpClient     com.cdccreditsmart.app               I  <-- 200 https://cdccreditsmart.com/api/apk/device/XV8W5766/command-response (479ms)
2025-12-08 05:41:06.766  6691-7017  okhttp.OkHttpClient     com.cdccreditsmart.app               I  access-control-allow-credentials: true
2025-12-08 05:41:06.766  6691-7017  okhttp.OkHttpClient     com.cdccreditsmart.app               I  access-control-allow-headers: Origin, X-Requested-With, Content-Type, Accept, Authorization, x-client-key, x-client-token, x-client-secret, cache-control
2025-12-08 05:41:06.766  6691-7017  okhttp.OkHttpClient     com.cdccreditsmart.app               I  access-control-allow-methods: GET, POST, PUT, PATCH, DELETE, OPTIONS
2025-12-08 05:41:06.766  6691-7017  okhttp.OkHttpClient     com.cdccreditsmart.app               I  access-control-allow-origin: *
2025-12-08 05:41:06.766  6691-7017  okhttp.OkHttpClient     com.cdccreditsmart.app               I  access-control-max-age: 86400
2025-12-08 05:41:06.766  6691-7017  okhttp.OkHttpClient     com.cdccreditsmart.app               I  content-length: 59
2025-12-08 05:41:06.766  6691-7017  okhttp.OkHttpClient     com.cdccreditsmart.app               I  content-security-policy: default-src 'self'; script-src 'self' 'unsafe-inline' 'unsafe-eval' https://replit.com; style-src 'self' 'unsafe-inline' https://replit.com; img-src 'self' data: https:; font-src 'self' data: https://replit.com; connect-src 'self';
2025-12-08 05:41:06.766  6691-7017  okhttp.OkHttpClient     com.cdccreditsmart.app               I  content-type: application/json; charset=utf-8
2025-12-08 05:41:06.766  6691-7017  okhttp.OkHttpClient     com.cdccreditsmart.app               I  date: Mon, 08 Dec 2025 08:41:07 GMT
2025-12-08 05:41:06.766  6691-7017  okhttp.OkHttpClient     com.cdccreditsmart.app               I  etag: W/"3b-9gCHwmPb8p6jYm5WExczQnIIdAU"
2025-12-08 05:41:06.766  6691-7017  okhttp.OkHttpClient     com.cdccreditsmart.app               I  permissions-policy: geolocation=(), microphone=(), camera=()
2025-12-08 05:41:06.766  6691-7017  okhttp.OkHttpClient     com.cdccreditsmart.app               I  referrer-policy: strict-origin-when-cross-origin
2025-12-08 05:41:06.766  6691-7017  okhttp.OkHttpClient     com.cdccreditsmart.app               I  strict-transport-security: max-age=63072000; includeSubDomains
2025-12-08 05:41:06.766  6691-7017  okhttp.OkHttpClient     com.cdccreditsmart.app               I  strict-transport-security: max-age=31536000; includeSubDomains
2025-12-08 05:41:06.766  6691-7017  okhttp.OkHttpClient     com.cdccreditsmart.app               I  x-anti-fraud-protection: active
2025-12-08 05:41:06.766  6691-7017  okhttp.OkHttpClient     com.cdccreditsmart.app               I  x-certificate-pinning-enabled: false
2025-12-08 05:41:06.766  6691-7017  okhttp.OkHttpClient     com.cdccreditsmart.app               I  x-certificate-pinning-status: disabled-for-stability
2025-12-08 05:41:06.766  6691-7017  okhttp.OkHttpClient     com.cdccreditsmart.app               I  x-content-type-options: nosniff
2025-12-08 05:41:06.766  6691-7017  okhttp.OkHttpClient     com.cdccreditsmart.app               I  x-financial-data-protection: enabled
2025-12-08 05:41:06.766  6691-7017  okhttp.OkHttpClient     com.cdccreditsmart.app               I  x-frame-options: DENY
2025-12-08 05:41:06.766  6691-7017  okhttp.OkHttpClient     com.cdccreditsmart.app               I  x-transaction-security-level: maximum
2025-12-08 05:41:06.766  6691-7017  okhttp.OkHttpClient     com.cdccreditsmart.app               I  x-xss-protection: 1; mode=block
2025-12-08 05:41:06.766  6691-7017  okhttp.OkHttpClient     com.cdccreditsmart.app               I  via: 1.1 google
2025-12-08 05:41:06.766  6691-7017  okhttp.OkHttpClient     com.cdccreditsmart.app               I  alt-svc: h3=":443"; ma=2592000,h3-29=":443"; ma=2592000
2025-12-08 05:41:06.766  6691-7017  okhttp.OkHttpClient     com.cdccreditsmart.app               I  {"success":true,"message":"Resposta do comando registrada"}
2025-12-08 05:41:06.766  6691-7017  okhttp.OkHttpClient     com.cdccreditsmart.app               I  <-- END HTTP (59-byte body)
2025-12-08 05:41:06.783  6691-6829  MdmCommandReceiver      com.cdccreditsmart.app               I  ✅ [LEGADO] ACK enviado para comando a9dbee54-b0f6-402f-be10-1b54f9f43de8
2025-12-08 05:41:06.783  6691-6829  MdmCommandReceiver      com.cdccreditsmart.app               I  ⚙️ Processando comando sem parâmetros: LOCK_SCREEN
2025-12-08 05:41:06.783  6691-6829  MdmCommandReceiver      com.cdccreditsmart.app               W  ⚠️ Comando vazio não implementado: LOCK_SCREEN
2025-12-08 05:41:06.783  6691-6829  MdmCommandReceiver      com.cdccreditsmart.app               D  📡 Enviando response para comando: a9dbee54-b0f6-402f-be10-1b54f9f43de8
2025-12-08 05:41:06.783  6691-6829  MdmCommandReceiver      com.cdccreditsmart.app               D  📡 Usando endpoint: POST /api/apk/device/commands/a9dbee54-b0f6-402f-be10-1b54f9f43de8/status
2025-12-08 05:41:06.783  6691-6829  MdmCommandReceiver      com.cdccreditsmart.app               D  📡 Status: failed
2025-12-08 05:41:06.788  6691-7017  okhttp.OkHttpClient     com.cdccreditsmart.app               I  --> POST https://cdccreditsmart.com/api/apk/device/commands/a9dbee54-b0f6-402f-be10-1b54f9f43de8/status
2025-12-08 05:41:06.788  6691-7017  okhttp.OkHttpClient     com.cdccreditsmart.app               I  Content-Type: application/json; charset=UTF-8
2025-12-08 05:41:06.788  6691-7017  okhttp.OkHttpClient     com.cdccreditsmart.app               I  Content-Length: 128
2025-12-08 05:41:06.789  6691-7017  okhttp.OkHttpClient     com.cdccreditsmart.app               I  {"status":"failed","result":{"success":false,"errorMessage":"Comando não implementado: LOCK_SCREEN","timestamp":1765183266783}}
2025-12-08 05:41:06.789  6691-7017  okhttp.OkHttpClient     com.cdccreditsmart.app               I  --> END POST (128-byte body)
2025-12-08 05:41:06.809  6691-7017  SecureTokenStorage      com.cdccreditsmart.app               D  EncryptedSharedPreferences initialized successfully
2025-12-08 05:41:06.923  6691-6829  SettingsGuardService    com.cdccreditsmart.app               D  📋 Activity check - Full: com.android.launcher3.dragndrop.AddItemActivity, Simple: AddItemActivity
2025-12-08 05:41:07.131  6691-7017  okhttp.OkHttpClient     com.cdccreditsmart.app               I  <-- 404 https://cdccreditsmart.com/api/apk/device/commands/a9dbee54-b0f6-402f-be10-1b54f9f43de8/status (341ms)
2025-12-08 05:41:07.131  6691-7017  okhttp.OkHttpClient     com.cdccreditsmart.app               I  access-control-allow-credentials: true
2025-12-08 05:41:07.131  6691-7017  okhttp.OkHttpClient     com.cdccreditsmart.app               I  access-control-allow-headers: Origin, X-Requested-With, Content-Type, Accept, Authorization, x-client-key, x-client-token, x-client-secret, cache-control
2025-12-08 05:41:07.131  6691-7017  okhttp.OkHttpClient     com.cdccreditsmart.app               I  access-control-allow-methods: GET, POST, PUT, PATCH, DELETE, OPTIONS
2025-12-08 05:41:07.131  6691-7017  okhttp.OkHttpClient     com.cdccreditsmart.app               I  access-control-allow-origin: *
2025-12-08 05:41:07.131  6691-7017  okhttp.OkHttpClient     com.cdccreditsmart.app               I  access-control-max-age: 86400
2025-12-08 05:41:07.131  6691-7017  okhttp.OkHttpClient     com.cdccreditsmart.app               I  content-length: 497
2025-12-08 05:41:07.131  6691-7017  okhttp.OkHttpClient     com.cdccreditsmart.app               I  content-security-policy: default-src 'self'; script-src 'self' 'unsafe-inline' 'unsafe-eval' https://replit.com; style-src 'self' 'unsafe-inline' https://replit.com; img-src 'self' data: https:; font-src 'self' data: https://replit.com; connect-src 'self';
2025-12-08 05:41:07.131  6691-7017  okhttp.OkHttpClient     com.cdccreditsmart.app               I  content-type: application/json; charset=utf-8
2025-12-08 05:41:07.131  6691-7017  okhttp.OkHttpClient     com.cdccreditsmart.app               I  date: Mon, 08 Dec 2025 08:41:07 GMT
2025-12-08 05:41:07.131  6691-7017  okhttp.OkHttpClient     com.cdccreditsmart.app               I  etag: W/"1f1-a8iumiXsSCRVCMSDeOfEOvgPf2Y"
2025-12-08 05:41:07.131  6691-7017  okhttp.OkHttpClient     com.cdccreditsmart.app               I  permissions-policy: geolocation=(), microphone=(), camera=()
2025-12-08 05:41:07.131  6691-7017  okhttp.OkHttpClient     com.cdccreditsmart.app               I  referrer-policy: strict-origin-when-cross-origin
2025-12-08 05:41:07.131  6691-7017  okhttp.OkHttpClient     com.cdccreditsmart.app               I  strict-transport-security: max-age=63072000; includeSubDomains
2025-12-08 05:41:07.131  6691-7017  okhttp.OkHttpClient     com.cdccreditsmart.app               I  strict-transport-security: max-age=31536000; includeSubDomains
2025-12-08 05:41:07.131  6691-7017  okhttp.OkHttpClient     com.cdccreditsmart.app               I  x-anti-fraud-protection: active
2025-12-08 05:41:07.131  6691-7017  okhttp.OkHttpClient     com.cdccreditsmart.app               I  x-certificate-pinning-enabled: false
2025-12-08 05:41:07.131  6691-7017  okhttp.OkHttpClient     com.cdccreditsmart.app               I  x-certificate-pinning-status: disabled-for-stability
2025-12-08 05:41:07.131  6691-7017  okhttp.OkHttpClient     com.cdccreditsmart.app               I  x-content-type-options: nosniff
2025-12-08 05:41:07.131  6691-7017  okhttp.OkHttpClient     com.cdccreditsmart.app               I  x-financial-data-protection: enabled
2025-12-08 05:41:07.131  6691-7017  okhttp.OkHttpClient     com.cdccreditsmart.app               I  x-frame-options: DENY
2025-12-08 05:41:07.131  6691-7017  okhttp.OkHttpClient     com.cdccreditsmart.app               I  x-transaction-security-level: maximum
2025-12-08 05:41:07.131  6691-7017  okhttp.OkHttpClient     com.cdccreditsmart.app               I  x-xss-protection: 1; mode=block
2025-12-08 05:41:07.131  6691-7017  okhttp.OkHttpClient     com.cdccreditsmart.app               I  via: 1.1 google
2025-12-08 05:41:07.131  6691-7017  okhttp.OkHttpClient     com.cdccreditsmart.app               I  alt-svc: h3=":443"; ma=2592000,h3-29=":443"; ma=2592000
2025-12-08 05:41:07.131  6691-7017  okhttp.OkHttpClient     com.cdccreditsmart.app               I  {"error":"API endpoint not found","message":"Rota APK não encontrada","path":"/","method":"POST","timestamp":"2025-12-08T08:41:07.982Z","available_endpoints":["GET /api/apk/device/{serial}/status","POST /api/apk/device/{fingerprint}/sync","POST /api/apk/device/{fingerprint}/register-info","POST /api/apk/auth","GET /api/apk/device/{identifier}/commands","POST /api/apk/device/commands/{commandId}/status","POST /api/apk/device/{identifier}/command-response","GET /api/apk/device/commands/test"]}
2025-12-08 05:41:07.131  6691-7017  okhttp.OkHttpClient     com.cdccreditsmart.app               I  <-- END HTTP (497-byte body)
2025-12-08 05:41:07.132  6691-6829  MdmCommandReceiver      com.cdccreditsmart.app               W  ⚠️ Novo endpoint falhou (404), tentando endpoint legado...
2025-12-08 05:41:07.132  6691-6829  SecureTokenStorage      com.cdccreditsmart.app               D  ⚠️ Usando Serial Number para MDM (IMEI indisponível): XV8W57...
2025-12-08 05:41:07.132  6691-6829  MdmCommandReceiver      com.cdccreditsmart.app               D  📡 [LEGADO] Enviando response usando identifier: XV8W5766****
2025-12-08 05:41:07.134  6691-7017  okhttp.OkHttpClient     com.cdccreditsmart.app               I  --> POST https://cdccreditsmart.com/api/apk/device/XV8W5766/command-response
2025-12-08 05:41:07.134  6691-7017  okhttp.OkHttpClient     com.cdccreditsmart.app               I  Content-Type: application/json; charset=UTF-8
2025-12-08 05:41:07.134  6691-7017  okhttp.OkHttpClient     com.cdccreditsmart.app               I  Content-Length: 126
2025-12-08 05:41:07.134  6691-7017  okhttp.OkHttpClient     com.cdccreditsmart.app               I  {"commandId":"a9dbee54-b0f6-402f-be10-1b54f9f43de8","status":"failed","errorMessage":"Comando não implementado: LOCK_SCREEN"}
2025-12-08 05:41:07.134  6691-7017  okhttp.OkHttpClient     com.cdccreditsmart.app               I  --> END POST (126-byte body)
2025-12-08 05:41:07.163  6691-7017  SecureTokenStorage      com.cdccreditsmart.app               D  EncryptedSharedPreferences initialized successfully
2025-12-08 05:41:07.314  6691-6691  InsetsController        com.cdccreditsmart.app               D  hide(ime(), fromIme=false)
2025-12-08 05:41:07.315  6691-6691  ImeTracker              com.cdccreditsmart.app               I  com.cdccreditsmart.app:d9a3f315: onCancelled at PHASE_CLIENT_ALREADY_HIDDEN
2025-12-08 05:41:07.530  6691-6829  SettingsGuardService    com.cdccreditsmart.app               D  📋 Activity check - Full: com.cdccreditsmart.app.presentation.MainActivity, Simple: MainActivity
2025-12-08 05:41:07.671  6691-7017  okhttp.OkHttpClient     com.cdccreditsmart.app               I  <-- 200 https://cdccreditsmart.com/api/apk/device/XV8W5766/command-response (537ms)
2025-12-08 05:41:07.671  6691-7017  okhttp.OkHttpClient     com.cdccreditsmart.app               I  access-control-allow-credentials: true
2025-12-08 05:41:07.671  6691-7017  okhttp.OkHttpClient     com.cdccreditsmart.app               I  access-control-allow-headers: Origin, X-Requested-With, Content-Type, Accept, Authorization, x-client-key, x-client-token, x-client-secret, cache-control
2025-12-08 05:41:07.671  6691-7017  okhttp.OkHttpClient     com.cdccreditsmart.app               I  access-control-allow-methods: GET, POST, PUT, PATCH, DELETE, OPTIONS
2025-12-08 05:41:07.671  6691-7017  okhttp.OkHttpClient     com.cdccreditsmart.app               I  access-control-allow-origin: *
2025-12-08 05:41:07.671  6691-7017  okhttp.OkHttpClient     com.cdccreditsmart.app               I  access-control-max-age: 86400
2025-12-08 05:41:07.671  6691-7017  okhttp.OkHttpClient     com.cdccreditsmart.app               I  content-length: 59
2025-12-08 05:41:07.671  6691-7017  okhttp.OkHttpClient     com.cdccreditsmart.app               I  content-security-policy: default-src 'self'; script-src 'self' 'unsafe-inline' 'unsafe-eval' https://replit.com; style-src 'self' 'unsafe-inline' https://replit.com; img-src 'self' data: https:; font-src 'self' data: https://replit.com; connect-src 'self';
2025-12-08 05:41:07.671  6691-7017  okhttp.OkHttpClient     com.cdccreditsmart.app               I  content-type: application/json; charset=utf-8
2025-12-08 05:41:07.671  6691-7017  okhttp.OkHttpClient     com.cdccreditsmart.app               I  date: Mon, 08 Dec 2025 08:41:08 GMT
2025-12-08 05:41:07.671  6691-7017  okhttp.OkHttpClient     com.cdccreditsmart.app               I  etag: W/"3b-9gCHwmPb8p6jYm5WExczQnIIdAU"
2025-12-08 05:41:07.671  6691-7017  okhttp.OkHttpClient     com.cdccreditsmart.app               I  permissions-policy: geolocation=(), microphone=(), camera=()
2025-12-08 05:41:07.671  6691-7017  okhttp.OkHttpClient     com.cdccreditsmart.app               I  referrer-policy: strict-origin-when-cross-origin
2025-12-08 05:41:07.671  6691-7017  okhttp.OkHttpClient     com.cdccreditsmart.app               I  strict-transport-security: max-age=63072000; includeSubDomains
2025-12-08 05:41:07.671  6691-7017  okhttp.OkHttpClient     com.cdccreditsmart.app               I  strict-transport-security: max-age=31536000; includeSubDomains
2025-12-08 05:41:07.671  6691-7017  okhttp.OkHttpClient     com.cdccreditsmart.app               I  x-anti-fraud-protection: active
2025-12-08 05:41:07.671  6691-7017  okhttp.OkHttpClient     com.cdccreditsmart.app               I  x-certificate-pinning-enabled: false
2025-12-08 05:41:07.671  6691-7017  okhttp.OkHttpClient     com.cdccreditsmart.app               I  x-certificate-pinning-status: disabled-for-stability
2025-12-08 05:41:07.671  6691-7017  okhttp.OkHttpClient     com.cdccreditsmart.app               I  x-content-type-options: nosniff
2025-12-08 05:41:07.671  6691-7017  okhttp.OkHttpClient     com.cdccreditsmart.app               I  x-financial-data-protection: enabled
2025-12-08 05:41:07.671  6691-7017  okhttp.OkHttpClient     com.cdccreditsmart.app               I  x-frame-options: DENY
2025-12-08 05:41:07.671  6691-7017  okhttp.OkHttpClient     com.cdccreditsmart.app               I  x-transaction-security-level: maximum
2025-12-08 05:41:07.671  6691-7017  okhttp.OkHttpClient     com.cdccreditsmart.app               I  x-xss-protection: 1; mode=block
2025-12-08 05:41:07.671  6691-7017  okhttp.OkHttpClient     com.cdccreditsmart.app               I  via: 1.1 google
2025-12-08 05:41:07.671  6691-7017  okhttp.OkHttpClient     com.cdccreditsmart.app               I  alt-svc: h3=":443"; ma=2592000,h3-29=":443"; ma=2592000
2025-12-08 05:41:07.671  6691-7017  okhttp.OkHttpClient     com.cdccreditsmart.app               I  {"success":true,"message":"Resposta do comando registrada"}
2025-12-08 05:41:07.672  6691-7017  okhttp.OkHttpClient     com.cdccreditsmart.app               I  <-- END HTTP (59-byte body)
2025-12-08 05:41:07.672  6691-6829  MdmCommandReceiver      com.cdccreditsmart.app               I  ✅ [LEGADO] Response enviado para comando a9dbee54-b0f6-402f-be10-1b54f9f43de8: failed
2025-12-08 05:41:07.673  6691-6829  MdmCommandReceiver      com.cdccreditsmart.app               I  📋 [1] ID: 184a3f31-c185-4ea9-8844-3773afb0f77c
2025-12-08 05:41:07.673  6691-6829  MdmCommandReceiver      com.cdccreditsmart.app               I  📋 [1] Tipo: UNBLOCK_APPS_PROGRESSIVE
2025-12-08 05:41:07.673  6691-6829  MdmCommandReceiver      com.cdccreditsmart.app               I  📋 [1] Status: pending
2025-12-08 05:41:07.673  6691-6829  MdmCommandReceiver      com.cdccreditsmart.app               I  📋 [1] Prioridade: high
2025-12-08 05:41:07.673  6691-6829  MdmCommandReceiver      com.cdccreditsmart.app               I  📋 [1] Parameters class: BlockParameters
2025-12-08 05:41:07.673  6691-6829  MdmCommandReceiver      com.cdccreditsmart.app               I  📋 Processando comando (timeout: 60s)...
2025-12-08 05:41:07.673  6691-6829  MdmCommandReceiver      com.cdccreditsmart.app               I  ⚙️ Processando comando 184a3f31-c185-4ea9-8844-3773afb0f77c (tipo: UNBLOCK_APPS_PROGRESSIVE)
2025-12-08 05:41:07.673  6691-6829  CdcForegroundService    com.cdccreditsmart.app               D  🔋 WakeLock já está held - ignorando acquire
2025-12-08 05:41:07.673  6691-6829  MdmCommandReceiver      com.cdccreditsmart.app               D  🔋 WakeLock adquirido para comando MDM 184a3f31-c185-4ea9-8844-3773afb0f77c
2025-12-08 05:41:07.673  6691-6829  MdmCommandReceiver      com.cdccreditsmart.app               D  📡 Enviando ACK para comando: 184a3f31-c185-4ea9-8844-3773afb0f77c
2025-12-08 05:41:07.673  6691-6829  MdmCommandReceiver      com.cdccreditsmart.app               D  📡 Usando endpoint: POST /api/apk/device/commands/184a3f31-c185-4ea9-8844-3773afb0f77c/status
2025-12-08 05:41:07.674  6691-7017  okhttp.OkHttpClient     com.cdccreditsmart.app               I  --> POST https://cdccreditsmart.com/api/apk/device/commands/184a3f31-c185-4ea9-8844-3773afb0f77c/status
2025-12-08 05:41:07.674  6691-7017  okhttp.OkHttpClient     com.cdccreditsmart.app               I  Content-Type: application/json; charset=UTF-8
2025-12-08 05:41:07.674  6691-7017  okhttp.OkHttpClient     com.cdccreditsmart.app               I  Content-Length: 25
2025-12-08 05:41:07.675  6691-7017  okhttp.OkHttpClient     com.cdccreditsmart.app               I  {"status":"acknowledged"}
2025-12-08 05:41:07.675  6691-7017  okhttp.OkHttpClient     com.cdccreditsmart.app               I  --> END POST (25-byte body)
2025-12-08 05:41:07.695  6691-7017  SecureTokenStorage      com.cdccreditsmart.app               D  EncryptedSharedPreferences initialized successfully
2025-12-08 05:41:07.928  6691-7017  okhttp.OkHttpClient     com.cdccreditsmart.app               I  <-- 404 https://cdccreditsmart.com/api/apk/device/commands/184a3f31-c185-4ea9-8844-3773afb0f77c/status (252ms)
2025-12-08 05:41:07.928  6691-7017  okhttp.OkHttpClient     com.cdccreditsmart.app               I  access-control-allow-credentials: true
2025-12-08 05:41:07.928  6691-7017  okhttp.OkHttpClient     com.cdccreditsmart.app               I  access-control-allow-headers: Origin, X-Requested-With, Content-Type, Accept, Authorization, x-client-key, x-client-token, x-client-secret, cache-control
2025-12-08 05:41:07.928  6691-7017  okhttp.OkHttpClient     com.cdccreditsmart.app               I  access-control-allow-methods: GET, POST, PUT, PATCH, DELETE, OPTIONS
2025-12-08 05:41:07.928  6691-7017  okhttp.OkHttpClient     com.cdccreditsmart.app               I  access-control-allow-origin: *
2025-12-08 05:41:07.928  6691-7017  okhttp.OkHttpClient     com.cdccreditsmart.app               I  access-control-max-age: 86400
2025-12-08 05:41:07.928  6691-7017  okhttp.OkHttpClient     com.cdccreditsmart.app               I  content-length: 497
2025-12-08 05:41:07.929  6691-7017  okhttp.OkHttpClient     com.cdccreditsmart.app               I  content-security-policy: default-src 'self'; script-src 'self' 'unsafe-inline' 'unsafe-eval' https://replit.com; style-src 'self' 'unsafe-inline' https://replit.com; img-src 'self' data: https:; font-src 'self' data: https://replit.com; connect-src 'self';
2025-12-08 05:41:07.929  6691-7017  okhttp.OkHttpClient     com.cdccreditsmart.app               I  content-type: application/json; charset=utf-8
2025-12-08 05:41:07.929  6691-7017  okhttp.OkHttpClient     com.cdccreditsmart.app               I  date: Mon, 08 Dec 2025 08:41:08 GMT
2025-12-08 05:41:07.929  6691-7017  okhttp.OkHttpClient     com.cdccreditsmart.app               I  etag: W/"1f1-LXLiFpYPdZJ7dpu2i/wqgj1bCUQ"
2025-12-08 05:41:07.929  6691-7017  okhttp.OkHttpClient     com.cdccreditsmart.app               I  permissions-policy: geolocation=(), microphone=(), camera=()
2025-12-08 05:41:07.929  6691-7017  okhttp.OkHttpClient     com.cdccreditsmart.app               I  referrer-policy: strict-origin-when-cross-origin
2025-12-08 05:41:07.929  6691-7017  okhttp.OkHttpClient     com.cdccreditsmart.app               I  strict-transport-security: max-age=63072000; includeSubDomains
2025-12-08 05:41:07.929  6691-7017  okhttp.OkHttpClient     com.cdccreditsmart.app               I  strict-transport-security: max-age=31536000; includeSubDomains
2025-12-08 05:41:07.929  6691-7017  okhttp.OkHttpClient     com.cdccreditsmart.app               I  x-anti-fraud-protection: active
2025-12-08 05:41:07.929  6691-7017  okhttp.OkHttpClient     com.cdccreditsmart.app               I  x-certificate-pinning-enabled: false
2025-12-08 05:41:07.929  6691-7017  okhttp.OkHttpClient     com.cdccreditsmart.app               I  x-certificate-pinning-status: disabled-for-stability
2025-12-08 05:41:07.929  6691-7017  okhttp.OkHttpClient     com.cdccreditsmart.app               I  x-content-type-options: nosniff
2025-12-08 05:41:07.929  6691-7017  okhttp.OkHttpClient     com.cdccreditsmart.app               I  x-financial-data-protection: enabled
2025-12-08 05:41:07.929  6691-7017  okhttp.OkHttpClient     com.cdccreditsmart.app               I  x-frame-options: DENY
2025-12-08 05:41:07.929  6691-7017  okhttp.OkHttpClient     com.cdccreditsmart.app               I  x-transaction-security-level: maximum
2025-12-08 05:41:07.929  6691-7017  okhttp.OkHttpClient     com.cdccreditsmart.app               I  x-xss-protection: 1; mode=block
2025-12-08 05:41:07.929  6691-7017  okhttp.OkHttpClient     com.cdccreditsmart.app               I  via: 1.1 google
2025-12-08 05:41:07.929  6691-7017  okhttp.OkHttpClient     com.cdccreditsmart.app               I  alt-svc: h3=":443"; ma=2592000,h3-29=":443"; ma=2592000
2025-12-08 05:41:07.929  6691-7017  okhttp.OkHttpClient     com.cdccreditsmart.app               I  {"error":"API endpoint not found","message":"Rota APK não encontrada","path":"/","method":"POST","timestamp":"2025-12-08T08:41:08.768Z","available_endpoints":["GET /api/apk/device/{serial}/status","POST /api/apk/device/{fingerprint}/sync","POST /api/apk/device/{fingerprint}/register-info","POST /api/apk/auth","GET /api/apk/device/{identifier}/commands","POST /api/apk/device/commands/{commandId}/status","POST /api/apk/device/{identifier}/command-response","GET /api/apk/device/commands/test"]}
2025-12-08 05:41:07.929  6691-7017  okhttp.OkHttpClient     com.cdccreditsmart.app               I  <-- END HTTP (497-byte body)
2025-12-08 05:41:07.930  6691-6829  MdmCommandReceiver      com.cdccreditsmart.app               W  ⚠️ Novo endpoint ACK falhou (404), tentando legado...
2025-12-08 05:41:07.931  6691-6829  SecureTokenStorage      com.cdccreditsmart.app               D  ⚠️ Usando Serial Number para MDM (IMEI indisponível): XV8W57...
2025-12-08 05:41:07.931  6691-6829  MdmCommandReceiver      com.cdccreditsmart.app               D  📡 [LEGADO] Enviando ACK usando identifier: XV8W5766****
2025-12-08 05:41:07.932  6691-7017  okhttp.OkHttpClient     com.cdccreditsmart.app               I  --> POST https://cdccreditsmart.com/api/apk/device/XV8W5766/command-response
2025-12-08 05:41:07.932  6691-7017  okhttp.OkHttpClient     com.cdccreditsmart.app               I  Content-Type: application/json; charset=UTF-8
2025-12-08 05:41:07.932  6691-7017  okhttp.OkHttpClient     com.cdccreditsmart.app               I  Content-Length: 76
2025-12-08 05:41:07.932  6691-7017  okhttp.OkHttpClient     com.cdccreditsmart.app               I  {"commandId":"184a3f31-c185-4ea9-8844-3773afb0f77c","status":"acknowledged"}
2025-12-08 05:41:07.932  6691-7017  okhttp.OkHttpClient     com.cdccreditsmart.app               I  --> END POST (76-byte body)
2025-12-08 05:41:07.941  6691-7017  SecureTokenStorage      com.cdccreditsmart.app               D  EncryptedSharedPreferences initialized successfully
2025-12-08 05:41:08.134  6691-6691  NavController           com.cdccreditsmart.app               I  Ignoring popBackStack to route pairing/qr_scanner as it was not found on the current back stack
2025-12-08 05:41:08.137  6691-6829  SettingsGuardService    com.cdccreditsmart.app               D  📋 Activity check - Full: com.cdccreditsmart.app.presentation.MainActivity, Simple: MainActivity
2025-12-08 05:41:08.189  6691-6829  NetworkConnectivity     com.cdccreditsmart.app               D  ✅ Conectado via WiFi com internet
2025-12-08 05:41:08.189  6691-6829  SupportRepository       com.cdccreditsmart.app               I  📡 Buscando termos do servidor (version=latest)...
2025-12-08 05:41:08.207  6691-7162  okhttp.OkHttpClient     com.cdccreditsmart.app               I  --> GET https://cdccreditsmart.com/v1/contract/terms?version=latest
2025-12-08 05:41:08.207  6691-7162  okhttp.OkHttpClient     com.cdccreditsmart.app               I  --> END GET
2025-12-08 05:41:08.407  6691-7017  okhttp.OkHttpClient     com.cdccreditsmart.app               I  <-- 200 https://cdccreditsmart.com/api/apk/device/XV8W5766/command-response (474ms)
2025-12-08 05:41:08.407  6691-7017  okhttp.OkHttpClient     com.cdccreditsmart.app               I  access-control-allow-credentials: true
2025-12-08 05:41:08.407  6691-7017  okhttp.OkHttpClient     com.cdccreditsmart.app               I  access-control-allow-headers: Origin, X-Requested-With, Content-Type, Accept, Authorization, x-client-key, x-client-token, x-client-secret, cache-control
2025-12-08 05:41:08.407  6691-7017  okhttp.OkHttpClient     com.cdccreditsmart.app               I  access-control-allow-methods: GET, POST, PUT, PATCH, DELETE, OPTIONS
2025-12-08 05:41:08.407  6691-7017  okhttp.OkHttpClient     com.cdccreditsmart.app               I  access-control-allow-origin: *
2025-12-08 05:41:08.407  6691-7017  okhttp.OkHttpClient     com.cdccreditsmart.app               I  access-control-max-age: 86400
2025-12-08 05:41:08.407  6691-7017  okhttp.OkHttpClient     com.cdccreditsmart.app               I  content-length: 59
2025-12-08 05:41:08.407  6691-7017  okhttp.OkHttpClient     com.cdccreditsmart.app               I  content-security-policy: default-src 'self'; script-src 'self' 'unsafe-inline' 'unsafe-eval' https://replit.com; style-src 'self' 'unsafe-inline' https://replit.com; img-src 'self' data: https:; font-src 'self' data: https://replit.com; connect-src 'self';
2025-12-08 05:41:08.407  6691-7017  okhttp.OkHttpClient     com.cdccreditsmart.app               I  content-type: application/json; charset=utf-8
2025-12-08 05:41:08.407  6691-7017  okhttp.OkHttpClient     com.cdccreditsmart.app               I  date: Mon, 08 Dec 2025 08:41:09 GMT
2025-12-08 05:41:08.407  6691-7017  okhttp.OkHttpClient     com.cdccreditsmart.app               I  etag: W/"3b-9gCHwmPb8p6jYm5WExczQnIIdAU"
2025-12-08 05:41:08.407  6691-7017  okhttp.OkHttpClient     com.cdccreditsmart.app               I  permissions-policy: geolocation=(), microphone=(), camera=()
2025-12-08 05:41:08.407  6691-7017  okhttp.OkHttpClient     com.cdccreditsmart.app               I  referrer-policy: strict-origin-when-cross-origin
2025-12-08 05:41:08.407  6691-7017  okhttp.OkHttpClient     com.cdccreditsmart.app               I  strict-transport-security: max-age=63072000; includeSubDomains
2025-12-08 05:41:08.408  6691-7017  okhttp.OkHttpClient     com.cdccreditsmart.app               I  strict-transport-security: max-age=31536000; includeSubDomains
2025-12-08 05:41:08.408  6691-7017  okhttp.OkHttpClient     com.cdccreditsmart.app               I  x-anti-fraud-protection: active
2025-12-08 05:41:08.408  6691-7017  okhttp.OkHttpClient     com.cdccreditsmart.app               I  x-certificate-pinning-enabled: false
2025-12-08 05:41:08.408  6691-7017  okhttp.OkHttpClient     com.cdccreditsmart.app               I  x-certificate-pinning-status: disabled-for-stability
2025-12-08 05:41:08.408  6691-7017  okhttp.OkHttpClient     com.cdccreditsmart.app               I  x-content-type-options: nosniff
2025-12-08 05:41:08.408  6691-7017  okhttp.OkHttpClient     com.cdccreditsmart.app               I  x-financial-data-protection: enabled
2025-12-08 05:41:08.408  6691-7017  okhttp.OkHttpClient     com.cdccreditsmart.app               I  x-frame-options: DENY
2025-12-08 05:41:08.408  6691-7017  okhttp.OkHttpClient     com.cdccreditsmart.app               I  x-transaction-security-level: maximum
2025-12-08 05:41:08.408  6691-7017  okhttp.OkHttpClient     com.cdccreditsmart.app               I  x-xss-protection: 1; mode=block
2025-12-08 05:41:08.408  6691-7017  okhttp.OkHttpClient     com.cdccreditsmart.app               I  via: 1.1 google
2025-12-08 05:41:08.408  6691-7017  okhttp.OkHttpClient     com.cdccreditsmart.app               I  alt-svc: h3=":443"; ma=2592000,h3-29=":443"; ma=2592000
2025-12-08 05:41:08.408  6691-7017  okhttp.OkHttpClient     com.cdccreditsmart.app               I  {"success":true,"message":"Resposta do comando registrada"}
2025-12-08 05:41:08.408  6691-7017  okhttp.OkHttpClient     com.cdccreditsmart.app               I  <-- END HTTP (59-byte body)
2025-12-08 05:41:08.410  6691-6829  MdmCommandReceiver      com.cdccreditsmart.app               I  ✅ [LEGADO] ACK enviado para comando 184a3f31-c185-4ea9-8844-3773afb0f77c
2025-12-08 05:41:08.410  6691-6829  MdmCommandReceiver      com.cdccreditsmart.app               I  ⚙️ Level: 4, Days: 0
2025-12-08 05:41:08.411  6691-6829  MdmCommandReceiver      com.cdccreditsmart.app               I  🔒 Aplicando bloqueio progressivo...
2025-12-08 05:41:08.412  6691-6829  AppBlockingManager      com.cdccreditsmart.app               I  🔒 Aplicando bloqueio progressivo - Nível 4
2025-12-08 05:41:08.412  6691-6829  AppBlockingManager      com.cdccreditsmart.app               D  Dias de atraso: 0
2025-12-08 05:41:08.412  6691-6829  AppBlockingManager      com.cdccreditsmart.app               D  Razão: Bloqueio manual forçado para nível 4 pelo administrador
2025-12-08 05:41:08.412  6691-6829  AppBlockingManager      com.cdccreditsmart.app               D  Categorias recebidas: [photos, gallery, video_players, web_browsers, youtube, music_players, play_store, games, social_media, all_apps_except_whatsapp]
2025-12-08 05:41:08.413  6691-6829  AppBlockingManager      com.cdccreditsmart.app               E  ❌ App não é Device Owner - não pode bloquear apps
2025-12-08 05:41:08.413  6691-6829  MdmCommandReceiver      com.cdccreditsmart.app               I  ✅ Bloqueio aplicado - Success: false, Apps: 0
2025-12-08 05:41:08.413  6691-6829  MdmCommandReceiver      com.cdccreditsmart.app               D  📡 Enviando response para comando: 184a3f31-c185-4ea9-8844-3773afb0f77c
2025-12-08 05:41:08.414  6691-6829  MdmCommandReceiver      com.cdccreditsmart.app               D  📡 Usando endpoint: POST /api/apk/device/commands/184a3f31-c185-4ea9-8844-3773afb0f77c/status
2025-12-08 05:41:08.414  6691-6829  MdmCommandReceiver      com.cdccreditsmart.app               D  📡 Status: failed
2025-12-08 05:41:08.416  6691-7017  okhttp.OkHttpClient     com.cdccreditsmart.app               I  --> POST https://cdccreditsmart.com/api/apk/device/commands/184a3f31-c185-4ea9-8844-3773afb0f77c/status
2025-12-08 05:41:08.416  6691-7017  okhttp.OkHttpClient     com.cdccreditsmart.app               I  Content-Type: application/json; charset=UTF-8
2025-12-08 05:41:08.416  6691-7017  okhttp.OkHttpClient     com.cdccreditsmart.app               I  Content-Length: 140
2025-12-08 05:41:08.416  6691-7017  okhttp.OkHttpClient     com.cdccreditsmart.app               I  {"status":"failed","result":{"success":false,"errorMessage":"App não é Device Owner - não pode bloquear apps","timestamp":1765183268414}}
2025-12-08 05:41:08.416  6691-7017  okhttp.OkHttpClient     com.cdccreditsmart.app               I  --> END POST (140-byte body)
2025-12-08 05:41:08.435  6691-7017  SecureTokenStorage      com.cdccreditsmart.app               D  EncryptedSharedPreferences initialized successfully
2025-12-08 05:41:08.583  6691-7162  okhttp.OkHttpClient     com.cdccreditsmart.app               I  <-- 200 https://cdccreditsmart.com/v1/contract/terms?version=latest (375ms)
2025-12-08 05:41:08.583  6691-7162  okhttp.OkHttpClient     com.cdccreditsmart.app               I  access-control-allow-credentials: true
2025-12-08 05:41:08.583  6691-7162  okhttp.OkHttpClient     com.cdccreditsmart.app               I  access-control-allow-headers: Origin, X-Requested-With, Content-Type, Accept, Authorization, x-client-key, x-client-token, x-client-secret, cache-control
2025-12-08 05:41:08.583  6691-7162  okhttp.OkHttpClient     com.cdccreditsmart.app               I  access-control-allow-methods: GET, POST, PUT, PATCH, DELETE, OPTIONS
2025-12-08 05:41:08.583  6691-7162  okhttp.OkHttpClient     com.cdccreditsmart.app               I  access-control-allow-origin: *
2025-12-08 05:41:08.583  6691-7162  okhttp.OkHttpClient     com.cdccreditsmart.app               I  access-control-max-age: 86400
2025-12-08 05:41:08.583  6691-7162  okhttp.OkHttpClient     com.cdccreditsmart.app               I  content-length: 44554
2025-12-08 05:41:08.583  6691-7162  okhttp.OkHttpClient     com.cdccreditsmart.app               I  content-security-policy: default-src 'self'; script-src 'self' 'unsafe-inline' 'unsafe-eval' https://replit.com; style-src 'self' 'unsafe-inline' https://replit.com; img-src 'self' data: https:; font-src 'self' data: https://replit.com; connect-src 'self';
2025-12-08 05:41:08.583  6691-7162  okhttp.OkHttpClient     com.cdccreditsmart.app               I  content-type: application/json; charset=utf-8
2025-12-08 05:41:08.583  6691-7162  okhttp.OkHttpClient     com.cdccreditsmart.app               I  date: Mon, 08 Dec 2025 08:41:09 GMT
2025-12-08 05:41:08.583  6691-7162  okhttp.OkHttpClient     com.cdccreditsmart.app               I  etag: W/"ae0a-le6yW/ZqQJvxrk2ukKu8dB/cTTE"
2025-12-08 05:41:08.583  6691-7162  okhttp.OkHttpClient     com.cdccreditsmart.app               I  permissions-policy: geolocation=(), microphone=(), camera=()
2025-12-08 05:41:08.583  6691-7162  okhttp.OkHttpClient     com.cdccreditsmart.app               I  referrer-policy: strict-origin-when-cross-origin
2025-12-08 05:41:08.583  6691-7162  okhttp.OkHttpClient     com.cdccreditsmart.app               I  strict-transport-security: max-age=63072000; includeSubDomains
2025-12-08 05:41:08.584  6691-7162  okhttp.OkHttpClient     com.cdccreditsmart.app               I  strict-transport-security: max-age=31536000; includeSubDomains
2025-12-08 05:41:08.584  6691-7162  okhttp.OkHttpClient     com.cdccreditsmart.app               I  x-anti-fraud-protection: active
2025-12-08 05:41:08.584  6691-7162  okhttp.OkHttpClient     com.cdccreditsmart.app               I  x-certificate-pinning-enabled: false
2025-12-08 05:41:08.584  6691-7162  okhttp.OkHttpClient     com.cdccreditsmart.app               I  x-certificate-pinning-status: disabled-for-stability
2025-12-08 05:41:08.584  6691-7162  okhttp.OkHttpClient     com.cdccreditsmart.app               I  x-content-type-options: nosniff
2025-12-08 05:41:08.584  6691-7162  okhttp.OkHttpClient     com.cdccreditsmart.app               I  x-financial-data-protection: enabled
2025-12-08 05:41:08.584  6691-7162  okhttp.OkHttpClient     com.cdccreditsmart.app               I  x-frame-options: DENY
2025-12-08 05:41:08.584  6691-7162  okhttp.OkHttpClient     com.cdccreditsmart.app               I  x-transaction-security-level: maximum
2025-12-08 05:41:08.584  6691-7162  okhttp.OkHttpClient     com.cdccreditsmart.app               I  x-xss-protection: 1; mode=block
2025-12-08 05:41:08.584  6691-7162  okhttp.OkHttpClient     com.cdccreditsmart.app               I  via: 1.1 google
2025-12-08 05:41:08.584  6691-7162  okhttp.OkHttpClient     com.cdccreditsmart.app               I  alt-svc: h3=":443"; ma=2592000,h3-29=":443"; ma=2592000
2025-12-08 05:41:08.665  6691-7162  okhttp.OkHttpClient     com.cdccreditsmart.app               I  {"id":"54a62376-e9dd-4b7c-b474-8ecaa4c26cfc","success":true,"version":"v2.1","hash":"7483075c4bb2d28284b9b45fee2c4927d032014a3cadf1115e13c3d766577796","text":"# CONTRATO DE FINANCIAMENTO DE DISPOSITIVO MÓVEL COM ALIENAÇÃO FIDUCIÁRIA\n\n## CDC CREDITSMART - SISTEMA DE CRÉDITO INTELIGENTE\n\n**Data de vigência:** 04/12/2025\n\n---\n\n## PARTES CONTRATANTES\n\n**FINANCIADORA (CREDORA FIDUCIÁRIA):** CDC CreditSmart LTDA, pessoa jurídica de direito privado, inscrita no CNPJ sob nº [informar], com sede na [endereço completo], especializada em soluções de crédito e financiamento de dispositivos eletrônicos.\n\n**CLIENTE (DEVEDOR FIDUCIANTE):** Pessoa física identificada através de biometria facial, documentação oficial (CPF/RG) e análise de crédito, doravante denominado simplesmente \"CLIENTE\".\n\n---\n\n## CLÁUSULA PRIMEIRA - OBJETO DO CONTRATO\n\n**1.1. FINANCIAMENTO**  \nO presente instrumento tem por objeto o **FINANCIAMENTO** para aquisição de dispositivo móvel (smartphone/tablet), conforme especificações técnicas constantes no pedido, com garantia mediante **ALIENAÇÃO FIDUCIÁRIA** em favor da FINANCIADORA.\n\n**1.2. PROPRIEDADE FIDUCIÁRIA**  \nA propriedade do dispositivo é transferida ao CLIENTE em caráter **FIDUCIÁRIO**, permanecendo como **GARANTIA** do financiamento. A FINANCIADORA detém a **PROPRIEDADE FIDUCIÁRIA RESOLÚVEL** até integral quitação do débito, momento em que ocorre a **CONSOLIDAÇÃO DA PROPRIEDADE PLENA** em favor do CLIENTE.\n\n**1.3. POSSE E USO**  \nO CLIENTE recebe a **POSSE DIRETA** do dispositivo desde a entrega, podendo utilizá-lo normalmente, observadas as obrigações contratuais.\n\n**1.4. CONSOLIDAÇÃO DA PROPRIEDADE**  \nMediante **QUITAÇÃO INTEGRAL** de todas as parcelas, a propriedade fiduciária se consolida automaticamente em favor do CLIENTE, livre de quaisquer ônus, sem custos adicionais.\n\n---\n\n## CLÁUSULA SEGUNDA - REGIME JURÍDICO E LEGISLAÇÃO APLICÁVEL\n\n**2.1. LEGISLAÇÃO**  \nEste contrato rege-se pelas seguintes normas:\n- **Lei nº 8.078/1990** - Código de Defesa do Consumidor (CDC)\n- **Lei nº 9.514/1997** - Alienação Fiduciária de Bens Móveis\n- **Decreto-Lei nº 911/1969** - Alienação Fiduciária em Garantia\n- **Lei nº 13.709/2018** - Lei Geral de Proteção de Dados Pessoais (LGPD)\n- **Lei nº 14.063/2020** - Assinaturas Eletrônicas\n- **Código Civil Brasileiro** (Lei 10.406/2002)\n- **Precedentes do TJMG** sobre proporcionalidade em restrições de dispositivos\n\n**2.2. INTERPRETAÇÃO PRÓ-CONSUMIDOR**  \nTodas as cláusulas devem ser interpretadas de forma mais favorável ao consumidor, conforme art. 47 do CDC.\n\n---\n\n## CLÁUSULA TERCEIRA - CONDIÇÕES FINANCEIRAS\n\n**3.1. VALOR TOTAL FINANCIADO**\n- Valor do dispositivo: [valor conforme pedido]\n- Entrada (down payment): [valor pago no ato]\n- Valor financiado: [valor total - entrada]\n- Taxa de juros: [% ao mês]\n- CET (Custo Efetivo Total): [% ao ano]\n\n**3.2. FORMA DE PAGAMENTO**\n- **Parcelas:** pagamentos **QUINZENAIS** (a cada 15 dias)\n- **Quantidade:** conforme cronograma fornecido\n- **Vencimento:** a cada 15 dias a partir da data da contratação\n- **Meios de pagamento:** PIX, boleto bancário ou outros disponibilizados\n\n**3.3. CRONOGRAMA**  \nO CLIENTE recebe cronograma completo com:\n- Data de vencimento de cada parcela\n- Valor de cada parcela\n- Saldo devedor após cada pagamento\n- Data prevista para quitação total\n\n**3.4. ENCARGOS MORATÓRIOS**  \nEm caso de atraso no pagamento, serão aplicados:\n- **Juros de mora:** 1% ao mês (pro rata die)\n- **Multa moratória:** 2% sobre o valor da parcela em atraso\n- **Atualização monetária:** IPCA ou índice oficial que vier a substituí-lo\n- **Negativação:** inclusão em cadastros de proteção ao crédito após 10 dias de atraso\n\n**3.5. QUITAÇÃO ANTECIPADA**  \nO CLIENTE pode quitar antecipadamente o saldo devedor a qualquer momento, tendo direito a:\n- Desconto proporcional dos juros futuros (art. 52, §2º do CDC)\n
