2025-11-17 20:18:28.121  6547-6702  SP                      com...gle.android.inputmethod.latin  I  Syncing emoji (2025011518) with slices: [{2b8bc459159046c494d928dec1c678ff, m:*:*:*}], metadata: false
2025-11-17 20:18:28.126  6547-8384  MDDSuperpacks           com...gle.android.inputmethod.latin  E  MDDSuperpacks.parseManifest():476 cannot find metadata for delight_overrides
2025-11-17 20:18:28.131  6547-8385  SuperDelight            com...gle.android.inputmethod.latin  I  SuperDelightBundledMetadataParser.addSystemLms():202 system lm dir /system/usr/share/ime/google/d3_lms does not exist or is not readable
2025-11-17 20:18:28.132  6547-8385  SuperDelight            com...gle.android.inputmethod.latin  I  SuperDelightBundledMetadataParser.parse():192 SuperDelightBundledMetadataParser#parse(): manifest parsed with 1 packs
2025-11-17 20:18:28.133  6547-8323  SuperDelight            com...gle.android.inputmethod.latin  I  SuperDelightManager.syncOverridesLanguageModels():687 SuperDelightManager#syncOverridesLanguageModels(): Superpack delight_overrides not found or negative version provided
2025-11-17 20:18:28.134  6547-8323  MDDSuperpacks           com...gle.android.inputmethod.latin  I  MDDSuperpacks.getPacks():548 getting packs for superpack: delight_overrides
2025-11-17 20:18:28.136  6547-6718  EmojiShortcutsLoader    com...gle.android.inputmethod.latin  I  EmojiShortcutsLoader.call():71 1 emoji shortcut maps loaded.
2025-11-17 20:18:28.141  6547-6547  TooltipLifecycleManager com...gle.android.inputmethod.latin  W  TooltipLifecycleManager.dismissTooltips():154 Tooltip with id spell_check_add_to_dictionary not found in tooltipManager.
2025-11-17 20:18:28.143   721-906   CompatChangeReporter    system_server                        D  Compat change id reported: 311208629; UID 10159; state: ENABLED
2025-11-17 20:18:28.145   721-906   JobScheduler            system_server                        W  Job didn't exist in JobStore: 80931c #u0a159/0 com.google.android.inputmethod.latin/com.google.android.apps.inputmethod.libs.dataservice.superpacks.SuperpacksBackgroundJobService
2025-11-17 20:18:28.145  6547-6547  GoogleInpu...hodService com...gle.android.inputmethod.latin  I  GoogleInputMethodService$1.onKeyboardViewShown():312 onKeyboardViewShown: keyboardType=accessory, keyboardViewType=HEADER keyboardView=null
2025-11-17 20:18:28.146  6547-6547  GoogleInpu...hodService com...gle.android.inputmethod.latin  I  GoogleInputMethodService$1.onKeyboardViewShown():312 onKeyboardViewShown: keyboardType=accessory, keyboardViewType=BODY keyboardView=null
2025-11-17 20:18:28.146  6547-6547  SP                      com...gle.android.inputmethod.latin  I  <<<<< Stopping job {m:b:u:l, bg}, 399 ms. elapsed since start
2025-11-17 20:18:28.149   721-906   JobScheduler            system_server                        W  Job didn't exist in JobStore: d1cfb4c {androidx.work.systemjobscheduler} #u0a159/28 @androidx.work.systemjobscheduler@com.google.android.inputmethod.latin/androidx.work.impl.background.systemjob.SystemJobService
2025-11-17 20:18:28.197  6547-6718  EmojiShortcutsLoader    com...gle.android.inputmethod.latin  I  EmojiShortcutsLoader.call():82 Finished loading emoji shortcuts
2025-11-17 20:18:28.199  6547-6718  Delight5Facilitator     com...gle.android.inputmethod.latin  I  EmailLanguageModelLoader.call():32 Running email language model loader
2025-11-17 20:18:28.200  6547-6718  Delight5Facilitator     com...gle.android.inputmethod.latin  I  KeyCorrectionTfliteModelLoader.call():31 Running Key Correction Tflite Model loader
2025-11-17 20:18:28.201  6547-6718  MDDSuperpacks           com...gle.android.inputmethod.latin  I  MDDSuperpacks.getPacks():548 getting packs for superpack: next-word-predictor
2025-11-17 20:18:28.213  6547-6558  putmethod.latin         com...gle.android.inputmethod.latin  W  Missing inline cache for mxu dmp.h(nla)
2025-11-17 20:18:28.213  6547-6558  putmethod.latin         com...gle.android.inputmethod.latin  W  Missing inline cache for mxu dmp.h(nla)
2025-11-17 20:18:28.213  6547-6558  putmethod.latin         com...gle.android.inputmethod.latin  W  Missing inline cache for mxu dmp.h(nla)
2025-11-17 20:18:28.213  6547-6558  putmethod.latin         com...gle.android.inputmethod.latin  W  Missing inline cache for mxu dmp.h(nla)
2025-11-17 20:18:28.213  6547-6558  putmethod.latin         com...gle.android.inputmethod.latin  W  Missing inline cache for mxu dmp.h(nla)
2025-11-17 20:18:28.214  6547-6558  putmethod.latin         com...gle.android.inputmethod.latin  W  Missing inline cache for mxu dmp.h(nla)
2025-11-17 20:18:28.214  6547-6558  putmethod.latin         com...gle.android.inputmethod.latin  W  Missing inline cache for mxu dmp.h(nla)
2025-11-17 20:18:28.214  6547-6558  putmethod.latin         com...gle.android.inputmethod.latin  W  Missing inline cache for mxu dmp.h(nla)
2025-11-17 20:18:28.214  6547-8342  DownloadManager         com...gle.android.inputmethod.latin  I  DownloadManager$3.onProgress():514 Downloading __SP_kc_tflite_model with size 54047
2025-11-17 20:18:28.331  6547-6547  TooltipLifecycleManager com...gle.android.inputmethod.latin  W  TooltipLifecycleManager.dismissTooltips():154 Tooltip with id spell_check_add_to_dictionary not found in tooltipManager.
2025-11-17 20:18:28.335  6547-6702  SP                      com...gle.android.inputmethod.latin  I  GC for 'emoji' (10) with ttl of 0 ms took 0 ms (0/0/0)
2025-11-17 20:18:28.335  6547-6702  AbstractSy...ltCallback com...gle.android.inputmethod.latin  I  AbstractSyncResultCallback.onFailure():38 onFailure(): emoji.sync cancelled; expected if new request supersedes pending one.
2025-11-17 20:18:28.384  6547-8304  DownloadManager         com...gle.android.inputmethod.latin  I  DownloadManager$4.onSuccess():564 download for __SP_kc_tflite_model is finished with files # mxp@69da1828
2025-11-17 20:18:28.384  6547-8384  MDDSuperpacks           com...gle.android.inputmethod.latin  I  MDDSuperpacks.getPacks():548 getting packs for superpack: kc_tflite_model
2025-11-17 20:18:28.384  6547-8304  Foreground...TaskWorker com...gle.android.inputmethod.latin  I  ForegroundDownloadTaskWorker$1.onSuccess():69 onSuccess
2025-11-17 20:18:28.384  6547-8305  MDDSuperpacks           com...gle.android.inputmethod.latin  I  MDDSuperpacks.getPacks():548 getting packs for superpack: kc_tflite_model
2025-11-17 20:18:28.393  6547-8306  MDDSuperpacks           com...gle.android.inputmethod.latin  I  MDDSuperpacks.getPacks():548 getting packs for superpack: kc_tflite_model
2025-11-17 20:18:28.396  6547-8035  WM-WorkerWrapper        com...gle.android.inputmethod.latin  I  Worker result SUCCESS for Work [ id=b0e9d404-4272-4749-9a9f-65ad6c803ce5, tags={ com.google.android.libraries.inputmethod.mdd.ForegroundDownloadTaskWorker,foreground_download_work } ]
2025-11-17 20:18:28.412  6547-6702  SP                      com...gle.android.inputmethod.latin  I  Sync for emoji succeeded in 292 ms: {added: [2b8bc459159046c494d928dec1c678ff], metadata: false
2025-11-17 20:18:28.433  6547-8340  DownloadManager         com...gle.android.inputmethod.latin  I  DownloadManager$3.onProgress():514 Downloading __SP_expressive_concepts_triggering with size 1097741
2025-11-17 20:18:28.440  6547-6702  SP                      com...gle.android.inputmethod.latin  I  GC for 'emoji' (10) with ttl of 0 ms took 1 ms (0/1/0)
2025-11-17 20:18:28.441  6547-8340  EmojiSuperpacksManager  com...gle.android.inputmethod.latin  I  EmojiSuperpacksManager.processPackSet():503 processPackSet() : isBundled = false
2025-11-17 20:18:28.529  6547-8304  DownloadManager         com...gle.android.inputmethod.latin  I  DownloadManager$4.onSuccess():564 download for __SP_expressive_concepts_triggering is finished with files # mxp@69ab9f99
2025-11-17 20:18:28.533  6547-8304  DownloadManager         com...gle.android.inputmethod.latin  I  DownloadManager.downloadInternal():412 Download for __SP_MANIFEST_bundled_delight scheduled with params DownloadParams{allowMetered=true, requireCharging=false, foreground=false, immediately=true, priority=0}
2025-11-17 20:18:28.533  6547-8304  DownloadManager         com...gle.android.inputmethod.latin  I  DownloadManager.startDownload():495 start download of __SP_MANIFEST_bundled_delight
2025-11-17 20:18:28.534  6547-8385  MDDSuperpacks           com...gle.android.inputmethod.latin  I  MDDSuperpacks.getPacks():548 getting packs for superpack: expressive_concepts
2025-11-17 20:18:28.535  6547-8384  MDDSuperpacks           com...gle.android.inputmethod.latin  I  MDDSuperpacks.getPacks():548 getting packs for superpack: expressive_concepts_triggering
2025-11-17 20:18:28.536  6547-8325  SuperDelight            com...gle.android.inputmethod.latin  I  SuperDelightManager.syncOverridesLanguageModels():687 SuperDelightManager#syncOverridesLanguageModels(): Superpack delight_overrides not found or negative version provided
2025-11-17 20:18:28.536  6547-8304  DownloadManager         com...gle.android.inputmethod.latin  I  DownloadManager.downloadInternal():412 Download for __KLP_manifest_delight__en-840 scheduled with params DownloadParams{allowMetered=true, requireCharging=false, foreground=false, immediately=true, priority=0}
2025-11-17 20:18:28.536  6547-8304  DownloadManager         com...gle.android.inputmethod.latin  I  DownloadManager.startDownload():495 start download of __KLP_manifest_delight__en-840
2025-11-17 20:18:28.537  6547-8323  MDDSuperpacks           com...gle.android.inputmethod.latin  I  MDDSuperpacks.getPacks():548 getting packs for superpack: delight_overrides
2025-11-17 20:18:28.539  6547-8384  MDDSuperpacks           com...gle.android.inputmethod.latin  W  MDDSuperpacks.constructPackSet():578 file group is empty
2025-11-17 20:18:28.539  6547-8340  MDDSuperpacks           com...gle.android.inputmethod.latin  I  MDDSuperpacks$3.onSuccess():558 packs [] got for superpack: delight_overrides
2025-11-17 20:18:28.546  6547-8323  SuperDelight            com...gle.android.inputmethod.latin  I  SuperDelightManager$2.onSuccess():635 delight_overrides sync success, adding to data file manager
2025-11-17 20:18:28.552  6547-8383  MDDSuperpacks           com...gle.android.inputmethod.latin  E  MDDSuperpacks.parseManifest():476 cannot find metadata for delight_overrides
2025-11-17 20:18:28.553  6547-8340  SuperDelight            com...gle.android.inputmethod.latin  I  SuperDelightBundledMetadataParser.addSystemLms():202 system lm dir /system/usr/share/ime/google/d3_lms does not exist or is not readable
2025-11-17 20:18:28.553  6547-8340  SuperDelight            com...gle.android.inputmethod.latin  I  SuperDelightBundledMetadataParser.parse():192 SuperDelightBundledMetadataParser#parse(): manifest parsed with 1 packs
2025-11-17 20:18:28.555  6547-8383  MDDSuperpacks           com...gle.android.inputmethod.latin  W  MDDSuperpacks.constructPackSet():578 file group is empty
2025-11-17 20:18:28.556  6547-6718  CrankEngineLocales      com...gle.android.inputmethod.latin  I  CrankEngineLocales.getLocaleToUseForCrankEngine():66 Using locale en_US for emoji prediction
2025-11-17 20:18:28.558  6547-6718  CrankEngineLocales      com...gle.android.inputmethod.latin  I  CrankEngineLocales.getLocaleToUseForCrankEngine():66 Using locale en_US for emoji prediction
2025-11-17 20:18:28.566  6547-6718  CrankEngineLocales      com...gle.android.inputmethod.latin  I  CrankEngineLocales.getLocaleToUseForCrankEngine():66 Using locale en_US for emoji prediction
2025-11-17 20:18:28.566  6547-6718  MDDSuperpacks           com...gle.android.inputmethod.latin  I  MDDSuperpacks.getPacks():548 getting packs for superpack: transformer_expression
2025-11-17 20:18:28.569  6547-8304  DownloadManager         com...gle.android.inputmethod.latin  I  DownloadManager$4.onFailure():573 download for __SP_MANIFEST_bundled_delight is cancelled
2025-11-17 20:18:28.570  6547-8304  DownloadManager         com...gle.android.inputmethod.latin  I  DownloadManager.downloadInternal():410 Previous download for __SP_MANIFEST_bundled_delight is cancelled
2025-11-17 20:18:28.570  6547-8304  DownloadManager         com...gle.android.inputmethod.latin  I  DownloadManager.downloadInternal():412 Download for __SP_MANIFEST_bundled_delight scheduled with params DownloadParams{allowMetered=true, requireCharging=false, foreground=false, immediately=true, priority=0}
2025-11-17 20:18:28.570  6547-8304  DownloadManager         com...gle.android.inputmethod.latin  I  DownloadManager.startDownload():495 start download of __SP_MANIFEST_bundled_delight
2025-11-17 20:18:28.570  6547-8384  MDDSuperpacks           com...gle.android.inputmethod.latin  I  MDDSuperpacks$3.onSuccess():558 packs [] got for superpack: next-word-predictor
2025-11-17 20:18:28.570  6547-8035  MDDSuperpacks           com...gle.android.inputmethod.latin  I  MDDSuperpacks.getPacks():548 getting packs for superpack: kc_tflite_model
2025-11-17 20:18:28.570  6547-8385  MDDSuperpacks           com...gle.android.inputmethod.latin  I  MDDSuperpacks$2.onSuccess():274 Sync success for kc_tflite_model with result: {old=[], new=[tflite-kc-en_us_key_pair-20240423_102657], metadata=false, last batch=true}
2025-11-17 20:18:28.571  6547-8383  MDDSuperpacks           com...gle.android.inputmethod.latin  I  MDDSuperpacks$3.onSuccess():558 packs [tflite-kc-en_us_key_pair-20240423_102657] got for superpack: kc_tflite_model
2025-11-17 20:18:28.571  6547-8304  DownloadManager         com...gle.android.inputmethod.latin  I  DownloadManager$4.onFailure():573 download for __KLP_manifest_delight__en-840 is cancelled
2025-11-17 20:18:28.571  6547-8304  DownloadManager         com...gle.android.inputmethod.latin  I  DownloadManager.downloadInternal():410 Previous download for __KLP_manifest_delight__en-840 is cancelled
2025-11-17 20:18:28.571  6547-8304  DownloadManager         com...gle.android.inputmethod.latin  I  DownloadManager.downloadInternal():412 Download for __KLP_manifest_delight__en-840 scheduled with params DownloadParams{allowMetered=true, requireCharging=false, foreground=false, immediately=true, priority=0}
2025-11-17 20:18:28.571  6547-8304  DownloadManager         com...gle.android.inputmethod.latin  I  DownloadManager.startDownload():495 start download of __KLP_manifest_delight__en-840
2025-11-17 20:18:28.581  6547-8305  MDDSuperpacks           com...gle.android.inputmethod.latin  I  MDDSuperpacks$3.onSuccess():558 packs [tflite-kc-en_us_key_pair-20240423_102657] got for superpack: kc_tflite_model
2025-11-17 20:18:28.581  6547-8037  MDDSuperpacks           com...gle.android.inputmethod.latin  I  MDDSuperpacks$2.onSuccess():274 getting packs for superpack: kc_tflite_model
2025-11-17 20:18:28.581  6547-8340  MDDSuperpacks           com...gle.android.inputmethod.latin  I  MDDSuperpacks$2.onSuccess():274 Sync success for kc_tflite_model with result: {old=[], new=[tflite-kc-en_us_key_pair-20240423_102657], metadata=false, last batch=true}
2025-11-17 20:18:28.582  6547-8340  MDDSuperpacks           com...gle.android.inputmethod.latin  W  MDDSuperpacks.constructPackSet():578 file group is empty
2025-11-17 20:18:28.588  6547-8339  MDDSuperpacks           com...gle.android.inputmethod.latin  W  MDDSuperpacks.constructPackSet():578 file group is empty
2025-11-17 20:18:28.588  6547-8384  MDDSuperpacks           com...gle.android.inputmethod.latin  I  MDDSuperpacks$3.onSuccess():558 packs [tflite-kc-en_us_key_pair-20240423_102657] got for superpack: kc_tflite_model
2025-11-17 20:18:28.588  6547-8385  MDDSuperpacks           com...gle.android.inputmethod.latin  I  MDDSuperpacks$3.onSuccess():558 packs [] got for superpack: expressive_concepts
2025-11-17 20:18:28.596  6547-8334  MDDSuperpacks           com...gle.android.inputmethod.latin  I  MDDSuperpacks$3.onSuccess():558 packs [2022011819_en] got for superpack: expressive_concepts_triggering
2025-11-17 20:18:28.601  6547-8404  MDDSuperpacks           com...gle.android.inputmethod.latin  I  MDDSuperpacks$3.onSuccess():558 packs [] got for superpack: delight_overrides
2025-11-17 20:18:28.602  6547-8338  LocaleSlicingStrategy   com...gle.android.inputmethod.latin  I  LocaleSlicingStrategy.getSlices():55 Found queries pack for locale: en
2025-11-17 20:18:28.602  6547-8338  MDDSuperpacks           com...gle.android.inputmethod.latin  I  MDDSuperpacks.downloadSlices():370 start download __SP_expressive_concepts
2025-11-17 20:18:28.602  6547-8304  DownloadManager         com...gle.android.inputmethod.latin  I  DownloadManager.downloadInternal():412 Download for __SP_MANIFEST_kc_tflite_model scheduled with params DownloadParams{allowMetered=true, requireCharging=false, foreground=false, immediately=true, priority=0}
2025-11-17 20:18:28.602  6547-8304  DownloadManager         com...gle.android.inputmethod.latin  I  DownloadManager.startDownload():495 start download of __SP_MANIFEST_kc_tflite_model
2025-11-17 20:18:28.602  6547-8402  MDDSuperpacks           com...gle.android.inputmethod.latin  I  MDDSuperpacks$2.onSuccess():274 Sync success for kc_tflite_model with result: {old=[], new=[tflite-kc-en_us_key_pair-20240423_102657], metadata=false, last batch=true}
2025-11-17 20:18:28.615  6547-8384  MDDSuperpacks           com...gle.android.inputmethod.latin  I  MDDSuperpacks.getPacks():548 getting packs for superpack: expressive_concepts_triggering
2025-11-17 20:18:28.615  6547-8323  SuperDelight            com...gle.android.inputmethod.latin  I  SuperDelightManager$2.onSuccess():635 delight_overrides sync success, adding to data file manager
2025-11-17 20:18:28.616  6547-8305  MDDSuperpacks           com...gle.android.inputmethod.latin  E  MDDSuperpacks.parseManifest():476 cannot find metadata for delight_overrides
2025-11-17 20:18:28.617  6547-8404  MDDSuperpacks           com...gle.android.inputmethod.latin  I  MDDSuperpacks$2.onSuccess():274 Sync success for expressive_concepts_triggering with result: {old=[], new=[2022011819_en], metadata=false, last batch=true}
2025-11-17 20:18:28.624  6547-8403  SuperDelight            com...gle.android.inputmethod.latin  I  SuperDelightBundledMetadataParser.addSystemLms():202 system lm dir /system/usr/share/ime/google/d3_lms does not exist or is not readable
2025-11-17 20:18:28.626  6547-8304  DownloadManager         com...gle.android.inputmethod.latin  I  DownloadManager$4.onFailure():573 download for __SP_MANIFEST_kc_tflite_model is cancelled
2025-11-17 20:18:28.627  6547-8304  DownloadManager         com...gle.android.inputmethod.latin  I  DownloadManager.downloadInternal():410 Previous download for __SP_MANIFEST_kc_tflite_model is cancelled
2025-11-17 20:18:28.628  6547-8304  DownloadManager         com...gle.android.inputmethod.latin  I  DownloadManager.downloadInternal():412 Download for __SP_MANIFEST_kc_tflite_model scheduled with params DownloadParams{allowMetered=true, requireCharging=false, foreground=false, immediately=true, priority=0}
2025-11-17 20:18:28.629  6547-8304  DownloadManager         com...gle.android.inputmethod.latin  I  DownloadManager.startDownload():495 start download of __SP_MANIFEST_kc_tflite_model
2025-11-17 20:18:28.631  6547-8403  SuperDelight            com...gle.android.inputmethod.latin  I  SuperDelightBundledMetadataParser.parse():192 SuperDelightBundledMetadataParser#parse(): manifest parsed with 1 packs
2025-11-17 20:18:28.633  6547-8309  MDDSuperpacks           com...gle.android.inputmethod.latin  I  MDDSuperpacks.getPacks():548 getting packs for superpack: kc_tflite_model
2025-11-17 20:18:28.635  6547-8304  DownloadManager         com...gle.android.inputmethod.latin  I  DownloadManager$4.onFailure():573 download for __SP_MANIFEST_kc_tflite_model is cancelled
2025-11-17 20:18:28.636  6547-8304  DownloadManager         com...gle.android.inputmethod.latin  I  DownloadManager.downloadInternal():410 Previous download for __SP_MANIFEST_kc_tflite_model is cancelled
2025-11-17 20:18:28.637  6547-8304  DownloadManager         com...gle.android.inputmethod.latin  I  DownloadManager.downloadInternal():412 Download for __SP_MANIFEST_kc_tflite_model scheduled with params DownloadParams{allowMetered=true, requireCharging=false, foreground=false, immediately=true, priority=0}
2025-11-17 20:18:28.638  6547-8304  DownloadManager         com...gle.android.inputmethod.latin  I  DownloadManager.startDownload():495 start download of __SP_MANIFEST_kc_tflite_model
2025-11-17 20:18:28.648  6547-8304  DownloadManager         com...gle.android.inputmethod.latin  I  DownloadManager$4.onFailure():573 download for __SP_MANIFEST_kc_tflite_model is cancelled
2025-11-17 20:18:28.648  6547-8304  DownloadManager         com...gle.android.inputmethod.latin  I  DownloadManager.downloadInternal():410 Previous download for __SP_MANIFEST_kc_tflite_model is cancelled
2025-11-17 20:18:28.649  6547-8304  DownloadManager         com...gle.android.inputmethod.latin  I  DownloadManager.downloadInternal():412 Download for __SP_MANIFEST_kc_tflite_model scheduled with params DownloadParams{allowMetered=true, requireCharging=false, foreground=false, immediately=true, priority=0}
2025-11-17 20:18:28.649  6547-8304  DownloadManager         com...gle.android.inputmethod.latin  I  DownloadManager.startDownload():495 start download of __SP_MANIFEST_kc_tflite_model
2025-11-17 20:18:28.653  6547-8304  DownloadManager         com...gle.android.inputmethod.latin  I  DownloadManager$4.onFailure():573 download for __SP_MANIFEST_kc_tflite_model is cancelled
2025-11-17 20:18:28.653  6547-8304  DownloadManager         com...gle.android.inputmethod.latin  I  DownloadManager.downloadInternal():410 Previous download for __SP_MANIFEST_kc_tflite_model is cancelled
2025-11-17 20:18:28.654  6547-8304  DownloadManager         com...gle.android.inputmethod.latin  I  DownloadManager.downloadInternal():412 Download for __SP_MANIFEST_kc_tflite_model scheduled with params DownloadParams{allowMetered=true, requireCharging=false, foreground=false, immediately=true, priority=0}
2025-11-17 20:18:28.654  6547-8304  DownloadManager         com...gle.android.inputmethod.latin  I  DownloadManager.startDownload():495 start download of __SP_MANIFEST_kc_tflite_model
2025-11-17 20:18:28.656  6547-8402  MDDSuperpacks           com...gle.android.inputmethod.latin  W  MDDSuperpacks.constructPackSet():578 file group is empty
2025-11-17 20:18:28.657  6547-8403  MDDSuperpacks           com...gle.android.inputmethod.latin  I  MDDSuperpacks$3.onSuccess():558 packs [] got for superpack: transformer_expression
2025-11-17 20:18:28.664  6547-6718  MDDSuperpacks           com...gle.android.inputmethod.latin  I  MDDSuperpacks.getPacks():548 getting packs for superpack: expressive_concepts_triggering
2025-11-17 20:18:28.670  6547-8304  DownloadManager         com...gle.android.inputmethod.latin  I  DownloadManager$4.onSuccess():564 download for __SP_MANIFEST_bundled_delight is finished with files # mxp@c6a9cd6d
2025-11-17 20:18:28.672  6547-8402  SuperDelight            com...gle.android.inputmethod.latin  I  SuperDelightBundledMetadataParser.addSystemLms():202 system lm dir /system/usr/share/ime/google/d3_lms does not exist or is not readable
2025-11-17 20:18:28.674  6547-8404  MDDSuperpacks           com...gle.android.inputmethod.latin  I  MDDSuperpacks$3.onSuccess():558 packs [tflite-kc-en_us_key_pair-20240423_102657] got for superpack: kc_tflite_model
2025-11-17 20:18:28.674  6547-8402  SuperDelight            com...gle.android.inputmethod.latin  I  SuperDelightBundledMetadataParser.parse():192 SuperDelightBundledMetadataParser#parse(): manifest parsed with 1 packs
2025-11-17 20:18:28.675  6547-8304  DownloadManager         com...gle.android.inputmethod.latin  I  DownloadManager$4.onSuccess():564 download for __KLP_manifest_delight__en-840 is finished with files # mxp@5e9d6233
2025-11-17 20:18:28.685  6547-8305  SuperDelight            com...gle.android.inputmethod.latin  I  SuperDelightBundledMetadataParser.addSystemLms():202 system lm dir /system/usr/share/ime/google/d3_lms does not exist or is not readable
2025-11-17 20:18:28.687  6547-8305  SuperDelight            com...gle.android.inputmethod.latin  I  SuperDelightBundledMetadataParser.parse():192 SuperDelightBundledMetadataParser#parse(): manifest parsed with 1 packs
2025-11-17 20:18:28.693  6547-8305  MDDSuperpacks           com...gle.android.inputmethod.latin  I  MDDSuperpacks$3.onSuccess():558 packs [tflite-kc-en_us_key_pair-20240423_102657] got for superpack: kc_tflite_model
2025-11-17 20:18:28.717  6547-8304  DownloadManager         com...gle.android.inputmethod.latin  I  DownloadManager$4.onSuccess():564 download for __SP_MANIFEST_kc_tflite_model is finished with files # mxp@2a091f20
2025-11-17 20:18:28.720  6547-8037  MDDSuperpacks           com...gle.android.inputmethod.latin  I  MDDSuperpacks.sync():223 sync requested for kc_tflite_model
2025-11-17 20:18:28.720  6547-8309  MDDSuperpacks           com...gle.android.inputmethod.latin  I  MDDSuperpacks.sync():223 sync requested for kc_tflite_model
2025-11-17 20:18:28.723  6547-8309  MDDSuperpacks           com...gle.android.inputmethod.latin  I  MDDSuperpacks.sync():223 sync requested for kc_tflite_model
2025-11-17 20:18:28.725  6547-8037  Manifested...Downloader com...gle.android.inputmethod.latin  I  ManifestedDataDownloader.checkVersionAndDownload():91 filegroup __KLP_delight__en-840 with version 2025031300 is already downloaded
2025-11-17 20:18:28.726  6547-8037  Manifested...Downloader com...gle.android.inputmethod.latin  I  ManifestedDataDownloader.checkVersionAndDownload():91 filegroup __KLP_delight__en-840 with version 2025031300 is already downloaded
2025-11-17 20:18:28.726  6547-8323  SuperDelight            com...gle.android.inputmethod.latin  I  SuperDelightManager.syncBundledLanguageModels():773 SuperDelightManager#syncBundledLanguageModels(): Syncing for version 2025021100
2025-11-17 20:18:28.726  6547-8323  MDDSuperpacks           com...gle.android.inputmethod.latin  I  MDDSuperpacks.sync():223 sync requested for bundled_delight
2025-11-17 20:18:28.729  6547-8304  DownloadManager         com...gle.android.inputmethod.latin  I  DownloadManager.downloadInternal():412 Download for __SP_expressive_concepts scheduled with params DownloadParams{allowMetered=false, requireCharging=false, foreground=false, immediately=false, priority=300}
2025-11-17 20:18:28.730  6547-8035  DelightKLPDownloader    com...gle.android.inputmethod.latin  I  DelightKLPDownloader$2.onSuccess():222 klp en_840 downloaded with version 2025031300
2025-11-17 20:18:28.743  6547-8035  MDDSuperpacks           com...gle.android.inputmethod.latin  I  MDDSuperpacks.sync():223 sync requested for kc_tflite_model
2025-11-17 20:18:28.744  6547-8339  MDDSuperpacks           com...gle.android.inputmethod.latin  I  MDDSuperpacks$3.onSuccess():558 packs [tflite-kc-en_us_key_pair-20240423_102657] got for superpack: kc_tflite_model
2025-11-17 20:18:28.745  6547-8339  MDDSuperpacks           com...gle.android.inputmethod.latin  E  MDDSuperpacks.parseManifest():476 cannot find metadata for delight_overrides
2025-11-17 20:18:28.746  6547-8334  MDDSuperpacks           com...gle.android.inputmethod.latin  E  MDDSuperpacks.parseManifest():476 cannot find metadata for delight_overrides
2025-11-17 20:18:28.746  6547-8339  SuperDelight            com...gle.android.inputmethod.latin  I  SuperDelightBundledMetadataParser.addSystemLms():202 system lm dir /system/usr/share/ime/google/d3_lms does not exist or is not readable
2025-11-17 20:18:28.748  6547-8406  MDDSuperpacks           com...gle.android.inputmethod.latin  I  MDDSuperpacks$3.onSuccess():558 packs [2022011819_en] got for superpack: expressive_concepts_triggering
2025-11-17 20:18:28.748  6547-8037  DelightKLPDownloader    com...gle.android.inputmethod.latin  I  DelightKLPDownloader$2.onSuccess():222 klp en_840 downloaded with version 2025031300
2025-11-17 20:18:28.749  6547-8339  SuperDelight            com...gle.android.inputmethod.latin  I  SuperDelightBundledMetadataParser.parse():192 SuperDelightBundledMetadataParser#parse(): manifest parsed with 1 packs
2025-11-17 20:18:28.749  6547-8334  MDDSuperpacks           com...gle.android.inputmethod.latin  I  MDDSuperpacks.getPacks():548 getting packs for superpack: kc_tflite_model
2025-11-17 20:18:28.750  6547-8406  SuperDelight            com...gle.android.inputmethod.latin  I  SuperDelightBundledMetadataParser.addSystemLms():202 system lm dir /system/usr/share/ime/google/d3_lms does not exist or is not readable
2025-11-17 20:18:28.751  6547-8406  SuperDelight            com...gle.android.inputmethod.latin  I  SuperDelightBundledMetadataParser.parse():192 SuperDelightBundledMetadataParser#parse(): manifest parsed with 1 packs
2025-11-17 20:18:28.751  6547-8325  SuperDelight            com...gle.android.inputmethod.latin  I  SuperDelightManager.syncBundledLanguageModels():773 SuperDelightManager#syncBundledLanguageModels(): Syncing for version 2025021100
2025-11-17 20:18:28.751  6547-8334  MDDSuperpacks           com...gle.android.inputmethod.latin  I  MDDSuperpacks.getPacks():548 getting packs for superpack: bundled_delight
2025-11-17 20:18:28.751  6547-8309  MDDTaskScheduler        com...gle.android.inputmethod.latin  I  MDDTaskScheduler$Worker.onStopped():78 work mdd_download_work stopped
2025-11-17 20:18:28.754  6547-8334  MDDSuperpacks           com...gle.android.inputmethod.latin  I  MDDSuperpacks$3.onSuccess():558 packs [tflite-kc-en_us_key_pair-20240423_102657] got for superpack: kc_tflite_model
2025-11-17 20:18:28.757  6547-8309  DownloadManager         com...gle.android.inputmethod.latin  I  DownloadManager$4.onFailure():573 download for __SP_transformer_expression is cancelled
2025-11-17 20:18:28.758  6547-8309  DownloadManager         com...gle.android.inputmethod.latin  I  DownloadManager$4.onFailure():573 download for __SP_next-word-predictor is cancelled
2025-11-17 20:18:28.758  6547-8309  DownloadManager         com...gle.android.inputmethod.latin  I  DownloadManager.startDownload():495 start download of __SP_expressive_concepts
2025-11-17 20:18:28.758  6547-8309  DownloadManager         com...gle.android.inputmethod.latin  I  DownloadManager.startDownload():495 start download of __SP_transformer_expression
2025-11-17 20:18:28.759  6547-8405  MDDSuperpacks           com...gle.android.inputmethod.latin  I  MDDSuperpacks$3.onSuccess():558 packs [2022011819_en] got for superpack: expressive_concepts_triggering
2025-11-17 20:18:28.760  6547-8305  MDD                     com...gle.android.inputmethod.latin  E  LogUtil.e():151 DownloadListener: onFailure (Ask Gemini)
                                                                                                    java.util.concurrent.CancellationException: Task was cancelled.
                                                                                                    	at qcq.r(PG:33)
                                                                                                    	at qcq.get(PG:3)
                                                                                                    	at qeg.get(PG:1)
                                                                                                    	at a.k(PG:2)
                                                                                                    	at pqu.E(PG:10)
                                                                                                    	at qek.run(PG:88)
                                                                                                    	at qfj.run(PG:74)
                                                                                                    	at jab.run(PG:51)
                                                                                                    	at java.util.concurrent.ThreadPoolExecutor.runWorker(ThreadPoolExecutor.java:1156)
                                                                                                    	at java.util.concurrent.ThreadPoolExecutor$Worker.run(ThreadPoolExecutor.java:651)
                                                                                                    	at java.lang.Thread.run(Thread.java:1119)
                                                                                                    	at izq.run(PG:8)
2025-11-17 20:18:28.760  6547-8339  MDDSuperpacks           com...gle.android.inputmethod.latin  I  MDDSuperpacks$3.onSuccess():558 packs [main_en_us_2024102000_2] got for superpack: bundled_delight
2025-11-17 20:18:28.760  6547-8305  MDD                     com...gle.android.inputmethod.latin  E  LogUtil.e():151 DownloadListener: onFailure (Ask Gemini)
                                                                                                    java.util.concurrent.CancellationException: Task was cancelled.
                                                                                                    	at qcq.r(PG:33)
                                                                                                    	at qcq.get(PG:3)
                                                                                                    	at qeg.get(PG:1)
                                                                                                    	at a.k(PG:2)
                                                                                                    	at pqu.E(PG:10)
                                                                                                    	at qek.run(PG:88)
                                                                                                    	at qfj.run(PG:74)
                                                                                                    	at jab.run(PG:51)
                                                                                                    	at java.util.concurrent.ThreadPoolExecutor.runWorker(ThreadPoolExecutor.java:1156)
                                                                                                    	at java.util.concurrent.ThreadPoolExecutor$Worker.run(ThreadPoolExecutor.java:651)
                                                                                                    	at java.lang.Thread.run(Thread.java:1119)
                                                                                                    	at izq.run(PG:8)
2025-11-17 20:18:28.761  6547-8309  DownloadManager         com...gle.android.inputmethod.latin  I  DownloadManager$4.onFailure():573 download for __SP_expressive_concepts is cancelled
2025-11-17 20:18:28.761  6547-8340  SuperDelight            com...gle.android.inputmethod.latin  I  SuperDelightBundledMetadataParser.addSystemLms():202 system lm dir /system/usr/share/ime/google/d3_lms does not exist or is not readable
2025-11-17 20:18:28.761  6547-8036  MDDSuperpacks           com...gle.android.inputmethod.latin  I  MDDSuperpacks$3.onSuccess():558 sync requested for kc_tflite_model
2025-11-17 20:18:28.762  6547-8309  DownloadManager         com...gle.android.inputmethod.latin  I  DownloadManager$4.onFailure():573 download for __SP_transformer_expression is cancelled
2025-11-17 20:18:28.762  6547-8325  MDDSuperpacks           com...gle.android.inputmethod.latin  I  MDDSuperpacks.getPacks():548 sync requested for bundled_delight
2025-11-17 20:18:28.762  6547-8323  MDDSuperpacks           com...gle.android.inputmethod.latin  I  MDDSuperpacks.getPacks():548 getting packs for superpack: bundled_delight
2025-11-17 20:18:28.763  6547-8405  MDDSuperpacks           com...gle.android.inputmethod.latin  I  MDDSuperpacks$2.onFailure():281 Sync for bundled_delight cancelled
2025-11-17 20:18:28.763  6547-8334  MDDSuperpacks           com...gle.android.inputmethod.latin  I  MDDSuperpacks.getPacks():548 getting packs for superpack: kc_tflite_model
2025-11-17 20:18:28.763  6547-8341  SuperDelight            com...gle.android.inputmethod.latin  I  SuperDelightBundledSlicingStrategy.getSlices():41 BundledSlicing#getSlices() : Locale = [en_US]
2025-11-17 20:18:28.763  6547-8325  LmManager               com...gle.android.inputmethod.latin  I  LmManager$1.onFailure():87 Bundled delight sync failed (Ask Gemini)
                                                                                                    java.util.concurrent.CancellationException: Task was cancelled.
                                                                                                    	at qcq.r(PG:33)
                                                                                                    	at qcq.get(PG:3)
                                                                                                    	at a.k(PG:2)
                                                                                                    	at pqu.E(PG:10)
                                                                                                    	at qek.run(PG:88)
                                                                                                    	at qds.execute(PG:1)
                                                                                                    	at qcq.h(PG:1)
                                                                                                    	at qcq.k(PG:101)
                                                                                                    	at qcq.cancel(PG:53)
                                                                                                    	at dmp.g(PG:37)
                                                                                                    	at dga.apply(PG:328)
                                                                                                    	at l$$ExternalSyntheticApiModelOutline0.m(D8$$SyntheticClass:42)
                                                                                                    	at dmt.x(PG:16)
                                                                                                    	at dmt.k(PG:14)
                                                                                                    	at djw.a(PG:504)
                                                                                                    	at qcs.e(PG:3)
                                                                                                    	at qcu.run(PG:38)
                                                                                                    	at jab.run(PG:51)
                                                                                                    	at java.util.concurrent.ThreadPoolExecutor.runWorker(ThreadPoolExecutor.java:1156)
                                                                                                    	at java.util.concurrent.ThreadPoolExecutor$Worker.run(ThreadPoolExecutor.java:651)
                                                                                                    	at java.lang.Thread.run(Thread.java:1119)
                                                                                                    	at izq.run(PG:8)
2025-11-17 20:18:28.763  6547-6718  CrankEngineLocales      com...gle.android.inputmethod.latin  I  CrankEngineLocales.getLocaleToUseForCrankEngine():66 Using locale en_US for emoji prediction
2025-11-17 20:18:28.763  6547-6718  CrankEngineLocales      com...gle.android.inputmethod.latin  I  CrankEngineLocales.getLocaleToUseForCrankEngine():66 Using locale en_US for emoji prediction
2025-11-17 20:18:28.763  6547-6718  MDDSuperpacks           com...gle.android.inputmethod.latin  I  MDDSuperpacks.getPacks():548 getting packs for superpack: transformer_expression
2025-11-17 20:18:28.763  6547-8340  SuperDelight            com...gle.android.inputmethod.latin  I  SuperDelightBundledMetadataParser.parse():192 SuperDelightBundledMetadataParser#parse(): manifest parsed with 1 packs
2025-11-17 20:18:28.764  6547-8341  SuperDelight            com...gle.android.inputmethod.latin  I  SuperDelightBundledSlicingStrategy.getSlices():67 BundledSlicing#getSlices(): result {slices=[bundled_delight:main_en_us_2024102000_2], last batch=true, sync metadata=false}
2025-11-17 20:18:28.766  6547-8341  MDDSuperpacks           com...gle.android.inputmethod.latin  I  MDDSuperpacks$2.onFailure():281 Sync for kc_tflite_model cancelled
2025-11-17 20:18:28.766  6547-8383  MDDSuperpacks           com...gle.android.inputmethod.latin  I  MDDSuperpacks$2.onFailure():281 Sync for kc_tflite_model cancelled
2025-11-17 20:18:28.767  6547-8339  MDDSuperpacks           com...gle.android.inputmethod.latin  W  MDDSuperpacks.constructPackSet():578 file group is empty
2025-11-17 20:18:28.767  6547-8405  MDDSuperpacks           com...gle.android.inputmethod.latin  I  MDDSuperpacks$3.onSuccess():558 packs [] got for superpack: transformer_expression
2025-11-17 20:18:28.767  6547-8341  MDDSuperpacks           com...gle.android.inputmethod.latin  I  MDDSuperpacks.getPacks():548 getting packs for superpack: kc_tflite_model
2025-11-17 20:18:28.768  6547-6718  MDDSuperpacks           com...gle.android.inputmethod.latin  I  MDDSuperpacks.getPacks():548 getting packs for superpack: transformer_concept
2025-11-17 20:18:28.771   721-2310  JobScheduler            system_server                        W  Job didn't exist in JobStore: 2746768 {androidx.work.systemjobscheduler} #u0a159/34 @androidx.work.systemjobscheduler@com.google.android.inputmethod.latin/androidx.work.impl.background.systemjob.SystemJobService
2025-11-17 20:18:28.773  6547-8309  JobInfo                 com...gle.android.inputmethod.latin  W  Requested important-while-foreground flag for job35 is ignored and takes no effect
2025-11-17 20:18:28.776  6547-8304  SuperDelight            com...gle.android.inputmethod.latin  I  SuperDelightBundledMetadataParser.addSystemLms():202 system lm dir /system/usr/share/ime/google/d3_lms does not exist or is not readable
2025-11-17 20:18:28.777  6547-8304  SuperDelight            com...gle.android.inputmethod.latin  I  SuperDelightBundledMetadataParser.parse():192 SuperDelightBundledMetadataParser#parse(): manifest parsed with 1 packs
2025-11-17 20:18:28.777  6547-8306  MDDSuperpacks           com...gle.android.inputmethod.latin  I  MDDSuperpacks.getPacks():548 getting packs for superpack: kc_tflite_model
2025-11-17 20:18:28.778  6547-8383  MDDSuperpacks           com...gle.android.inputmethod.latin  I  MDDSuperpacks.getPacks():548 getting packs for superpack: bundled_delight
2025-11-17 20:18:28.780  6547-8341  MDDSuperpacks           com...gle.android.inputmethod.latin  I  MDDSuperpacks$3.onSuccess():558 packs [2023011913_en] got for superpack: transformer_concept
2025-11-17 20:18:28.781  6547-8383  MDDSuperpacks           com...gle.android.inputmethod.latin  I  MDDSuperpacks$3.onSuccess():558 packs [tflite-kc-en_us_key_pair-20240423_102657] got for superpack: kc_tflite_model
2025-11-17 20:18:28.784  6547-8340  MDDSuperpacks           com...gle.android.inputmethod.latin  I  MDDSuperpacks$2.onSuccess():274 Sync success for kc_tflite_model with result: {old=[tflite-kc-en_us_key_pair-20240423_102657], new=[tflite-kc-en_us_key_pair-20240423_102657], metadata=false, last batch=true}
2025-11-17 20:18:28.784  6547-8306  MDDSuperpacks           com...gle.android.inputmethod.latin  I  MDDSuperpacks$3.onSuccess():558 packs [main_en_us_2024102000_2] got for superpack: bundled_delight
2025-11-17 20:18:28.785  6547-8339  MDDSuperpacks           com...gle.android.inputmethod.latin  I  MDDSuperpacks$3.onSuccess():558 packs [tflite-kc-en_us_key_pair-20240423_102657] got for superpack: kc_tflite_model
2025-11-17 20:18:28.785  6547-8323  SuperDelight            com...gle.android.inputmethod.latin  I  SuperDelightManager$2.onSuccess():635 bundled_delight sync success, adding to data file manager
2025-11-17 20:18:28.785  6547-8323  DataFileManager         com...gle.android.inputmethod.latin  I  DataFileManager.addDataWithoutNotify():181 data en-US already exists
2025-11-17 20:18:28.785  6547-8304  MDDSuperpacks           com...gle.android.inputmethod.latin  I  MDDSuperpacks.getPacks():548 getting packs for superpack: kc_tflite_model
2025-11-17 20:18:28.794  6547-8340  SuperDelight            com...gle.android.inputmethod.latin  I  SuperDelightBundledSlicingStrategy.getSlices():41 BundledSlicing#getSlices() : Locale = [en_US]
2025-11-17 20:18:28.794  6547-8306  MDDSuperpacks           com...gle.android.inputmethod.latin  I  MDDSuperpacks$3.onSuccess():558 packs [main_en_us_2024102000_2] got for superpack: bundled_delight
2025-11-17 20:18:28.795  6547-8306  MDDSuperpacks           com...gle.android.inputmethod.latin  I  MDDSuperpacks$3.onSuccess():558 packs [tflite-kc-en_us_key_pair-20240423_102657] got for superpack: kc_tflite_model
2025-11-17 20:18:28.795  6547-8340  SuperDelight            com...gle.android.inputmethod.latin  I  SuperDelightBundledSlicingStrategy.getSlices():67 BundledSlicing#getSlices(): result {slices=[bundled_delight:main_en_us_2024102000_2], last batch=true, sync metadata=false}
2025-11-17 20:18:28.796  6547-8304  MDDSuperpacks           com...gle.android.inputmethod.latin  I  MDDSuperpacks.getPacks():548 getting packs for superpack: bundled_delight
2025-11-17 20:18:28.797  6547-8340  MDDSuperpacks           com...gle.android.inputmethod.latin  I  MDDSuperpacks$3.onSuccess():558 packs [tflite-kc-en_us_key_pair-20240423_102657] got for superpack: kc_tflite_model
2025-11-17 20:18:28.798  6547-8309  JobInfo                 com...gle.android.inputmethod.latin  W  Requested important-while-foreground flag for job36 is ignored and takes no effect
2025-11-17 20:18:28.799  6547-8339  MDDSuperpacks           com...gle.android.inputmethod.latin  I  MDDSuperpacks.getPacks():548 getting packs for superpack: kc_tflite_model
2025-11-17 20:18:28.801  6547-8339  MDDSuperpacks           com...gle.android.inputmethod.latin  I  MDDSuperpacks$2.onSuccess():274 Sync success for kc_tflite_model with result: {old=[tflite-kc-en_us_key_pair-20240423_102657], new=[tflite-kc-en_us_key_pair-20240423_102657], metadata=false, last batch=true}
2025-11-17 20:18:28.804  6547-6718  CrankEngineLocales      com...gle.android.inputmethod.latin  I  CrankEngineLocales.getLocaleToUseForCrankEngine():66 Using locale en_US for emoji prediction
2025-11-17 20:18:28.805  6547-6718  MDDSuperpacks           com...gle.android.inputmethod.latin  I  MDDSuperpacks.getPacks():548 getting packs for superpack: transformer_expression
2025-11-17 20:18:28.808  6547-8339  MDDSuperpacks           com...gle.android.inputmethod.latin  I  MDDSuperpacks$3.onSuccess():558 packs [main_en_us_2024102000_2] got for superpack: bundled_delight
2025-11-17 20:18:28.808  6547-8339  MDDSuperpacks           com...gle.android.inputmethod.latin  I  MDDSuperpacks$3.onSuccess():558 packs [tflite-kc-en_us_key_pair-20240423_102657] got for superpack: kc_tflite_model
2025-11-17 20:18:28.808  6547-8306  MDDSuperpacks           com...gle.android.inputmethod.latin  I  MDDSuperpacks$2.onSuccess():274 Sync success for kc_tflite_model with result: {old=[tflite-kc-en_us_key_pair-20240423_102657], new=[tflite-kc-en_us_key_pair-20240423_102657], metadata=false, last batch=true}
2025-11-17 20:18:28.809  6547-8306  MDDSuperpacks           com...gle.android.inputmethod.latin  W  MDDSuperpacks.constructPackSet():578 file group is empty
2025-11-17 20:18:28.809  6547-8305  MDDSuperpacks           com...gle.android.inputmethod.latin  I  MDDSuperpacks$3.onSuccess():558 packs [] got for superpack: transformer_expression
2025-11-17 20:18:28.809  6547-6718  CrankEngineLocales      com...gle.android.inputmethod.latin  I  CrankEngineLocales.getLocaleToUseForCrankEngine():66 Using locale en_US for emoji prediction
2025-11-17 20:18:28.809   721-750   JobScheduler            system_server                        W  Job didn't exist in JobStore: 752a844 {androidx.work.systemjobscheduler} #u0a159/35 @androidx.work.systemjobscheduler@com.google.android.inputmethod.latin/androidx.work.impl.background.systemjob.SystemJobService
2025-11-17 20:18:28.810  6547-6718  EmojiShortcutsLoader    com...gle.android.inputmethod.latin  I  EmojiShortcutsLoader.getEmojiShortcuts():135 Reading en_US emoji shortcuts
2025-11-17 20:18:28.815  6547-8304  MDDSuperpacks           com...gle.android.inputmethod.latin  I  MDDSuperpacks$2.onSuccess():274 Sync success for bundled_delight with result: {old=[main_en_us_2024102000_2], new=[main_en_us_2024102000_2], metadata=false, last batch=true}
2025-11-17 20:18:28.818  6547-8305  LmManager               com...gle.android.inputmethod.latin  I  LmManager$1.onSuccess():82 Bundled delight sync success
2025-11-17 20:18:28.818  6547-8325  MDDSuperpacks           com...gle.android.inputmethod.latin  I  MDDSuperpacks.getPacks():548 getting packs for superpack: bundled_delight
2025-11-17 20:18:28.823  6547-8325  SuperDelight            com...gle.android.inputmethod.latin  I  SuperDelightManager$2.onSuccess():635 bundled_delight sync success, adding to data file manager
2025-11-17 20:18:28.823  6547-8325  DataFileManager         com...gle.android.inputmethod.latin  I  DataFileManager.addDataWithoutNotify():181 data en-US already exists
2025-11-17 20:18:28.824  6547-8309  WM-WorkerWrapper        com...gle.android.inputmethod.latin  I  Work [ id=9aeb60e5-33b5-423b-991c-0febe71cd861, tags={ com.google.android.libraries.inputmethod.mdd.MDDTaskScheduler$Worker,mdd_download_task_unmetered_battery } ] was cancelled (Ask Gemini)
                                                                                                    bun
                                                                                                    	at btm.f(PG:5)
                                                                                                    	at ata.C(PG:146)
