2025-11-17 20:19:25.729  1448-1448  Telephony               com.android.phone                    D  isEmergencyPreferredAccount: Device does not require preference.
2025-11-17 20:19:25.729  1448-1448  Telephony               com.android.phone                    W  registerMmTelCapabilityCallback: registration failed, no ImsService available. Exception: code: 1
2025-11-17 20:19:25.729  1448-1448  Telephony               com.android.phone                    I  isRttCurrentlySupported -- regular acct, hasVoiceAvailability: false
                                                                                                     isRttSupported: false
                                                                                                     alwaysAllowWhileRoaming: false
                                                                                                     isRoaming: false
                                                                                                     isOnWfc: false
2025-11-17 20:19:25.848  1448-1448  Telephony               com.android.phone                    I  TelecomAccountRegistry$AccountEntry: registerPstnPhoneAccount: Registering account=[[ ] PhoneAccount: ComponentInfo{com.android.phone/com.android.services.telephony.TelephonyConnectionService}, 1, UserHandle{0} Capabilities: CallProvider MultiUser PlaceEmerg SimSub  Audio Routes: BESW Schemes: tel voicemail  Extras: Bundle[{android.telecom.extra.SUPPORTS_VIDEO_CALLING_FALLBACK=true}] GroupId: *** SC Restrictions: [ ]] with Telecom. subId=1
2025-11-17 20:19:25.889   721-750   Telecom                 system_server                        I  TelecomServiceImpl$1: registerPhoneAccount: account=[[ ] PhoneAccount: ComponentInfo{com.android.phone/com.android.services.telephony.TelephonyConnectionService}, 1, UserHandle{0} Capabilities: CallProvider MultiUser PlaceEmerg SimSub  Audio Routes: BESW Schemes: tel voicemail  Extras: Bundle[{android.telecom.extra.SUPPORTS_VIDEO_CALLING_FALLBACK=true}] GroupId: *** SC Restrictions: [ ]]: TSI.rPA(cap)@AXU
2025-11-17 20:19:25.918   721-750   Telecom                 system_server                        I  PhoneAccountRegistrar: Modify account: [ComponentInfo{com.android.phone/com.android.services.telephony.TelephonyConnectionService}, 1, UserHandle{0}]: TSI.rPA(cap)@AXU
2025-11-17 20:19:25.922  4383-4412  .apps.safetyhub         com.google.android.apps.safetyhub    W  Reducing the number of considered missed Gc histogram windows from 1134 to 100
2025-11-17 20:19:25.925   721-750   Telecom                 system_server                        I  CallsManager: handlePhoneAccountChanged: phoneAccount=[[X] PhoneAccount: ComponentInfo{com.android.phone/com.android.services.telephony.TelephonyConnectionService}, 1, UserHandle{0} Capabilities: CallProvider MultiUser PlaceEmerg SimSub  Audio Routes: BESW Schemes: tel voicemail  Extras: Bundle[{android.telecom.extra.SUPPORTS_VIDEO_CALLING_FALLBACK=true}] GroupId: *** SC Restrictions: [ ]]: TSI.rPA(cap)@AXU
2025-11-17 20:19:25.938   721-750   Telecom                 system_server                        I  PhoneAccountRegistrar: getSimCallManager: SimCallManager for subId 1 queried, returning: null: TSI.rPA(cap)@AXU
2025-11-17 20:19:25.938   721-750   Telecom                 system_server                        I  PhoneAccountRegistrar: Notifying telephony of voice service override change for 1 SIMs, hasService = false: TSI.rPA(cap)@AXU
2025-11-17 20:19:25.940  1448-1448  PhoneInterfaceManager   com.android.phone                    I  setVoiceServiceStateOverride: subId=1, phone=Handler (com.android.internal.telephony.GsmCdmaPhone) {1bf870b}, hasService=false, callingPackage=com.android.server.telecom
2025-11-17 20:19:25.941  1448-1448  Simultaneo...ingTracker com.android.phone                    V  Received EVENT 101
2025-11-17 20:19:25.941  1448-1448  Simultaneo...ingTracker com.android.phone                    D  Ignoring updatePhoneMapAndSimultaneousCallSupportMap since device is not DSDA capable.
2025-11-17 20:19:25.949   721-750   Foreground...ggerModule system_server                        W  FGS stop call for: 10148 has no types!
2025-11-17 20:19:25.952   721-1213  Background...rolService system_server                        D  Package event received: 0
2025-11-17 20:19:25.959   721-1213  Background...rolService system_server                        D  Package event received: 0
2025-11-17 20:19:25.959   721-1213  Background...rolService system_server                        D  Package event received: 0
2025-11-17 20:19:26.010   721-745   system_server           system_server                        I  Background concurrent mark compact GC freed 33MB AllocSpace bytes, 46(1264KB) LOS objects, 43% free, 31MB/55MB, paused 741us,3.599ms total 2.698s
2025-11-17 20:19:26.011   721-746   BpBinder                system_server                        I  onLastStrongRef automatically unlinking death recipients: 
2025-11-17 20:19:26.011   721-746   BpBinder                system_server                        I  onLastStrongRef automatically unlinking death recipients: 
2025-11-17 20:19:26.017   721-746   BpBinder                system_server                        I  onLastStrongRef automatically unlinking death recipients: 
2025-11-17 20:19:26.019  1855-1855  AiAiTextClassifier      com.google.android.as                I  onDestroyTextClassificationSession = TextClassificationSessionId {daf12763-6977-4d1a-b2f1-558b16f8a7ef}
2025-11-17 20:19:26.050   721-747   System                  system_server                        W  A resource failed to call release. 
2025-11-17 20:19:26.051   721-747   System                  system_server                        W  A resource failed to call HardwareBuffer.close. 
2025-11-17 20:19:26.124  6636-6688  id.gms.unstable         com.google.android.gms.unstable      I  Explicit concurrent mark compact GC freed 588KB AllocSpace bytes, 1(84KB) LOS objects, 24% free, 3334KB/4446KB, paused 412us,3.050ms total 2.197s
2025-11-17 20:19:26.124  6636-6688  id.gms.unstable         com.google.android.gms.unstable      W  Reducing the number of considered missed Gc histogram windows from 310 to 100
2025-11-17 20:19:27.189  6370-6370  BoundBrokerSvc          com.google.android.gms               D  onUnbind: Intent { act=com.google.firebase.dynamiclinks.service.START xflg=0x4 pkg=com.google.android.gms }
2025-11-17 20:19:27.259  8049-8050  AidlLazySe...eRegistrar artd                                 I  Process has 0 (of 1 available) client(s) in use after notification artd has clients: 0
2025-11-17 20:19:27.259  8049-8050  AidlLazySe...eRegistrar artd                                 I  Trying to shut down the service. No clients in use for any service in process.
2025-11-17 20:19:27.261  8049-8050  AidlLazySe...eRegistrar artd                                 I  Unregistered all clients and exiting
2025-11-17 20:19:30.238  6858-8194  BugleDataModel          com.google.android.apps.messaging    I  ExecuteActionRunnable: running action CountryCodeDetectorAction
2025-11-17 20:19:30.239  6858-6858  BugleDataModel          com.google.android.apps.messaging    I  ActionExecutorImpl: ACTION_EXECUTE_QUEUED_CountryCodeDetectorAction
2025-11-17 20:19:30.239  6858-8194  BugleDataModel          com.google.android.apps.messaging    I  ActionExecutorImpl: ACTION_BACKGROUND_QUEUED_CountryCodeDetectorAction
2025-11-17 20:19:30.240  6858-6858  BugleDataModel          com.google.android.apps.messaging    I  ActionExecutorImpl: ACTION_EXECUTE_QUEUED_SelfParticipantsRefreshAction
2025-11-17 20:19:30.240  6858-8194  BugleDataModel          com.google.android.apps.messaging    I  ExecuteActionRunnable: running action SelfParticipantsRefreshAction
2025-11-17 20:19:30.242  6858-8194  BugleDataModel          com.google.android.apps.messaging    I  ActionExecutorImpl: ACTION_BACKGROUND_QUEUED_SelfParticipantsRefreshAction
2025-11-17 20:19:30.245  6858-8172  Bugle                   com.google.android.apps.messaging    I  CountryCodeDetector: updateSmsNetworkCountry from default subscription network country. detected country: us
2025-11-17 20:19:30.245  6858-8172  BugleDataModel          com.google.android.apps.messaging    I  ActionExecutorImpl: ACTION_RESPONSE_QUEUED_CountryCodeDetectorAction
2025-11-17 20:19:30.250  6858-8172  BugleDataModel          com.google.android.apps.messaging    I  ParticipantFullRefresh: Start participant refresh. refreshMode: SELF_ONLY
2025-11-17 20:19:30.257  6858-8172  BugleDataModel          com.google.android.apps.messaging    I  SubscriptionsTracker#refreshSelfParticipantList([1])
2025-11-17 20:19:30.271  6858-8172  Bugle                   com.google.android.apps.messaging    I  getRawTelephonyPhoneNumber redacted-pii[12-chars] [CONTEXT sub_id=1 ]
2025-11-17 20:19:30.272  6858-8172  Bugle                   com.google.android.apps.messaging    I  SubscriptionUtils.getCanonicalForSelf: self=redacted-pii[12-chars], country=US [CONTEXT sub_id=1 ]
2025-11-17 20:19:30.286  6858-8172  Bugle                   com.google.android.apps.messaging    I  getRawTelephonyPhoneNumber redacted-pii[12-chars] [CONTEXT sub_id=1 ]
2025-11-17 20:19:30.293  6858-8172  Bugle                   com.google.android.apps.messaging    I  getRawTelephonyPhoneNumber redacted-pii[12-chars] [CONTEXT sub_id=1 ]
2025-11-17 20:19:30.294  6858-8172  Bugle                   com.google.android.apps.messaging    I  SubscriptionUtils.getCanonicalForSelf: self=redacted-pii[12-chars], country=US [CONTEXT sub_id=1 ]
2025-11-17 20:19:30.299  6858-8172  BugleSelfIdentity       com.google.android.apps.messaging    I  Phone number for MyIdentity 3cc18bdf-c1b9-4533-92b0-10b136741790 does not change [CONTEXT sub_id=1 icc_id="89860318640220133897" messaging_identity="redacted-pii[12-chars]" rcs_provisioning_id="redacted-pii[0-chars]" ]
2025-11-17 20:19:30.303  6858-8172  Bugle                   com.google.android.apps.messaging    I  getRawTelephonyPhoneNumber redacted-pii[12-chars] [CONTEXT sub_id=1 ]
2025-11-17 20:19:30.309  6858-8172  BugleDataModel          com.google.android.apps.messaging    I  SubscriptionsTracker bindToTrackingMap bound participants: [ParticipantId=1 subId=-1, ParticipantId=2 subId=1]
2025-11-17 20:19:30.309  6858-8172  BugleDataModel          com.google.android.apps.messaging    I  set orderedRowIdAndTokenPairs: [rowId=2 subId= 1 token=3cc18bdf-c1b9-4533-92b0-10b136741790, rowId=1 subId= -1 token=c653a315-1900-4786-a946-25a13bd9658e]
2025-11-17 20:19:30.316  6858-8172  Bugle                   com.google.android.apps.messaging    I  getRawTelephonyPhoneNumber redacted-pii[12-chars] [CONTEXT sub_id=1 ]
2025-11-17 20:19:30.317  6858-8172  Bugle                   com.google.android.apps.messaging    I  SubscriptionUtils.getCanonicalForSelf: self=redacted-pii[12-chars], country=US [CONTEXT sub_id=1 ]
2025-11-17 20:19:30.366  6858-8172  Bugle                   com.google.android.apps.messaging    I  getRawTelephonyPhoneNumber redacted-pii[12-chars] [CONTEXT sub_id=1 ]
2025-11-17 20:19:30.366  6858-8172  Bugle                   com.google.android.apps.messaging    I  SubscriptionUtils.getCanonicalForSelf: self=redacted-pii[12-chars], country=US [CONTEXT sub_id=1 ]
2025-11-17 20:19:30.385  6858-8172  BugleDataModel          com.google.android.apps.messaging    I  ParticipantFullRefresh: Number of participants refreshed: 0
2025-11-17 20:19:30.399  6858-8172  BugleDataModel          com.google.android.apps.messaging    I  ActionExecutorImpl: ACTION_RESPONSE_QUEUED_SelfParticipantsRefreshAction
2025-11-17 20:19:30.403  6858-8175  Bugle                   com.google.android.apps.messaging    I  getRawTelephonyPhoneNumber redacted-pii[12-chars] [CONTEXT sub_id=1 ]
2025-11-17 20:19:30.404  6858-8175  Bugle                   com.google.android.apps.messaging    I  SubscriptionUtils.getCanonicalForSelf: self=redacted-pii[12-chars], country=US [CONTEXT sub_id=1 ]
2025-11-17 20:19:30.408  6858-8175  BugleSelfIdentity       com.google.android.apps.messaging    I  Phone number for MyIdentity 3cc18bdf-c1b9-4533-92b0-10b136741790 does not change [CONTEXT sub_id=1 icc_id="89860318640220133897" messaging_identity="redacted-pii[12-chars]" rcs_provisioning_id="redacted-pii[0-chars]" ]
2025-11-17 20:19:31.361  1448-1684  SatelliteController     com.android.phone                    D  iisInCarrierRoamingNbIotNtn: satellite is disabled
2025-11-17 20:19:32.116  6547-6547  VoiceInput...gerWrapper com...gle.android.inputmethod.latin  I  VoiceInputManagerWrapper.shutdownVoiceInternal():139 shutdownVoiceInternal()
2025-11-17 20:19:35.102   721-930   ActivityManager         system_server                        D  freezing 2949 com.google.android.cellbroadcastreceiver
2025-11-17 20:19:35.104   721-1167  InetDiagMessage         system_server                        D  Destroyed 0 sockets, proto=IPPROTO_TCP, family=AF_INET, states=14
2025-11-17 20:19:35.104   721-1167  InetDiagMessage         system_server                        D  Destroyed 0 sockets, proto=IPPROTO_TCP, family=AF_INET6, states=14
2025-11-17 20:19:35.104   721-1167  InetDiagMessage         system_server                        D  Destroyed live tcp sockets for uids={10212} in 0ms
2025-11-17 20:19:36.903  6972-7028  IPCThreadState          com...d.googlequicksearchbox:search  I  oneway function results for code 2 on binder at 0x70e65cead950 will be dropped but finished with status UNKNOWN_TRANSACTION
2025-11-17 20:19:38.638  1258-1403  ControlsLi...rollerImpl com.android.systemui                 D  Subscribing callback, service count: 0
2025-11-17 20:19:38.640  1258-1403  ControlsLi...rollerImpl com.android.systemui                 D  Unsubscribing callback
2025-11-17 20:19:38.997  6348-6348  BoundBrokerSvc          com.google.android.gms.persistent    D  onUnbind: Intent { act=com.google.android.gms.clearcut.bootcount.service.START dat=chimera-action:/... xflg=0x4 cmp=com.google.android.gms/.chimera.PersistentBoundBrokerService }
2025-11-17 20:19:39.176  1258-1403  QuickAccessWalletTile   com.android.systemui                 I  QAW service is unavailable, recreating the wallet client.
2025-11-17 20:19:40.336  6348-6348  BoundBrokerSvc          com.google.android.gms.persistent    D  onUnbind: Intent { act=com.google.android.gms.libs.gmscorelogger.service.START dat=chimera-action:/... xflg=0x4 cmp=com.google.android.gms/.chimera.PersistentDirectBootAwareApiService }
2025-11-17 20:19:41.360  1448-1684  SatelliteController     com.android.phone                    D  iisInCarrierRoamingNbIotNtn: satellite is disabled
2025-11-17 20:19:43.381  6858-6879  ForwardSyncCache        com.google.android.apps.messaging    I  reclaimMemory: Clearing caches
2025-11-17 20:19:43.382  6858-6879  BugleSpam               com.google.android.apps.messaging    W  trimming memory: closing msg model.
2025-11-17 20:19:43.382  6858-6879  Bugle                   com.google.android.apps.messaging    W  TextClassifierLibManagerImpl: Reclaiming memory at level: 40
2025-11-17 20:19:43.410   721-921   system_server           system_server                        I  AssetManager2(0x70e5ece8cc38) locale list changing from [] to [en-US]
2025-11-17 20:19:43.412   721-921   JobScheduler.JobStatus  system_server                        E  App com.google.android.apps.photos became active but still in NEVER bucket
2025-11-17 20:19:43.413   721-1167  InetDiagMessage         system_server                        D  Destroyed 0 sockets, proto=IPPROTO_TCP, family=AF_INET, states=14
2025-11-17 20:19:43.415   721-1167  InetDiagMessage         system_server                        D  Destroyed 0 sockets, proto=IPPROTO_TCP, family=AF_INET6, states=14
2025-11-17 20:19:43.415   721-1167  InetDiagMessage         system_server                        D  Destroyed live tcp sockets for uids={10170} in 2ms
2025-11-17 20:19:43.415   721-1167  InetDiagMessage         system_server                        D  Destroyed 0 sockets, proto=IPPROTO_TCP, family=AF_INET, states=14
2025-11-17 20:19:43.416   721-921   JobScheduler.JobStatus  system_server                        E  App com.google.android.apps.photos became active but still in NEVER bucket
2025-11-17 20:19:43.416   721-1167  InetDiagMessage         system_server                        D  Destroyed 0 sockets, proto=IPPROTO_TCP, family=AF_INET6, states=14
2025-11-17 20:19:43.416   721-1167  InetDiagMessage         system_server                        D  Destroyed live tcp sockets for uids={20170} in 1ms
2025-11-17 20:19:43.416   721-921   JobScheduler.JobStatus  system_server                        E  App com.google.android.apps.photos became active but still in NEVER bucket
2025-11-17 20:19:43.417   721-921   JobScheduler.JobStatus  system_server                        E  App com.google.android.apps.photos became active but still in NEVER bucket
2025-11-17 20:19:43.417   721-921   JobScheduler.JobStatus  system_server                        E  App com.google.android.apps.photos became active but still in NEVER bucket
2025-11-17 20:19:43.417   721-921   JobScheduler.JobStatus  system_server                        E  App com.google.android.apps.photos became active but still in NEVER bucket
2025-11-17 20:19:43.417   721-921   JobScheduler.JobStatus  system_server                        E  App com.google.android.dialer became active but still in NEVER bucket
2025-11-17 20:19:43.417   721-921   JobScheduler.JobStatus  system_server                        E  App com.google.android.dialer became active but still in NEVER bucket
2025-11-17 20:19:43.418   721-921   JobScheduler.JobStatus  system_server                        E  App com.google.android.dialer became active but still in NEVER bucket
2025-11-17 20:19:43.418   721-921   JobScheduler.JobStatus  system_server                        E  App com.google.android.dialer became active but still in NEVER bucket
2025-11-17 20:19:43.418   721-921   JobScheduler.JobStatus  system_server                        E  App com.google.android.dialer became active but still in NEVER bucket
2025-11-17 20:19:43.418   721-921   JobScheduler.JobStatus  system_server                        E  App com.google.android.dialer became active but still in NEVER bucket
2025-11-17 20:19:43.418   721-921   JobScheduler.JobStatus  system_server                        E  App com.google.android.dialer became active but still in NEVER bucket
2025-11-17 20:19:43.418   721-921   JobScheduler.JobStatus  system_server                        E  App com.google.android.dialer became active but still in NEVER bucket
2025-11-17 20:19:43.418   721-921   JobScheduler.JobStatus  system_server                        E  App com.google.android.dialer became active but still in NEVER bucket
2025-11-17 20:19:43.418   721-921   JobScheduler.JobStatus  system_server                        E  App com.google.android.dialer became active but still in NEVER bucket
2025-11-17 20:19:43.418   721-921   JobScheduler.JobStatus  system_server                        E  App com.google.android.dialer became active but still in NEVER bucket
2025-11-17 20:19:43.418   721-921   JobScheduler.JobStatus  system_server                        E  App com.google.android.dialer became active but still in NEVER bucket
2025-11-17 20:19:43.418   721-921   JobScheduler.JobStatus  system_server                        E  App com.google.android.dialer became active but still in NEVER bucket
2025-11-17 20:19:43.419   721-921   JobScheduler.JobStatus  system_server                        E  App com.google.android.dialer became active but still in NEVER bucket
2025-11-17 20:19:43.419   721-921   JobScheduler.JobStatus  system_server                        E  App com.google.android.dialer became active but still in NEVER bucket
2025-11-17 20:19:43.419   721-921   JobScheduler.JobStatus  system_server                        E  App com.google.android.dialer became active but still in NEVER bucket
2025-11-17 20:19:43.419   721-921   JobScheduler.JobStatus  system_server                        E  App com.google.android.dialer became active but still in NEVER bucket
2025-11-17 20:19:43.419   721-921   JobScheduler.JobStatus  system_server                        E  App com.google.android.dialer became active but still in NEVER bucket
2025-11-17 20:19:43.548   721-1167  InetDiagMessage         system_server                        D  Destroyed 0 sockets, proto=IPPROTO_TCP, family=AF_INET, states=14
2025-11-17 20:19:43.549   721-1167  InetDiagMessage         system_server                        D  Destroyed 0 sockets, proto=IPPROTO_TCP, family=AF_INET6, states=14
2025-11-17 20:19:43.549   721-1167  InetDiagMessage         system_server                        D  Destroyed live tcp sockets for uids={10142} in 1ms
2025-11-17 20:19:43.550   721-1167  InetDiagMessage         system_server                        D  Destroyed 0 sockets, proto=IPPROTO_TCP, family=AF_INET, states=14
2025-11-17 20:19:43.550   721-1167  InetDiagMessage         system_server                        D  Destroyed 0 sockets, proto=IPPROTO_TCP, family=AF_INET6, states=14
2025-11-17 20:19:43.550   721-1167  InetDiagMessage         system_server                        D  Destroyed live tcp sockets for uids={20142} in 1ms
2025-11-17 20:19:43.973   721-1167  InetDiagMessage         system_server                        D  Destroyed 0 sockets, proto=IPPROTO_TCP, family=AF_INET, states=14
2025-11-17 20:19:43.973   721-1167  InetDiagMessage         system_server                        D  Destroyed 0 sockets, proto=IPPROTO_TCP, family=AF_INET6, states=14
2025-11-17 20:19:43.973   721-1167  InetDiagMessage         system_server                        D  Destroyed live tcp sockets for uids={10146} in 2ms
2025-11-17 20:19:43.974   721-1167  InetDiagMessage         system_server                        D  Destroyed 0 sockets, proto=IPPROTO_TCP, family=AF_INET, states=14
2025-11-17 20:19:43.975   721-1167  InetDiagMessage         system_server                        D  Destroyed 0 sockets, proto=IPPROTO_TCP, family=AF_INET6, states=14
2025-11-17 20:19:43.975   721-1167  InetDiagMessage         system_server                        D  Destroyed live tcp sockets for uids={20146} in 1ms
2025-11-17 20:19:44.217   721-1167  InetDiagMessage         system_server                        D  Destroyed 0 sockets, proto=IPPROTO_TCP, family=AF_INET, states=14
2025-11-17 20:19:44.220   721-1167  InetDiagMessage         system_server                        D  Destroyed 0 sockets, proto=IPPROTO_TCP, family=AF_INET6, states=14
2025-11-17 20:19:44.220   721-1167  InetDiagMessage         system_server                        D  Destroyed live tcp sockets for uids={10152} in 3ms
2025-11-17 20:19:44.221   721-1167  InetDiagMessage         system_server                        D  Destroyed 0 sockets, proto=IPPROTO_TCP, family=AF_INET, states=14
2025-11-17 20:19:44.221   721-1167  InetDiagMessage         system_server                        D  Destroyed 0 sockets, proto=IPPROTO_TCP, family=AF_INET6, states=14
2025-11-17 20:19:44.221   721-1167  InetDiagMessage         system_server                        D  Destroyed live tcp sockets for uids={20152} in 1ms
2025-11-17 20:19:46.437   721-930   ActivityManager         system_server                        D  freezing 2034 android.process.acore
2025-11-17 20:19:46.442   721-1167  InetDiagMessage         system_server                        D  Destroyed 0 sockets, proto=IPPROTO_TCP, family=AF_INET, states=14
2025-11-17 20:19:46.443   721-1167  InetDiagMessage         system_server                        D  Destroyed 0 sockets, proto=IPPROTO_TCP, family=AF_INET6, states=14
2025-11-17 20:19:46.443   721-1167  InetDiagMessage         system_server                        D  Destroyed live tcp sockets for uids={10095} in 3ms
2025-11-17 20:19:48.153   721-1228  androidtc               system_server                        D  Initializing SystemTextClassifier, type = System
2025-11-17 20:19:48.155  1855-1855  AiAiTextClassifier      com.google.android.as                I  onCreateTextClassificationSession = TextClassificationSessionId {f24188b9-d534-4379-8444-170c7632ccd5}
2025-11-17 20:19:48.158  1258-1258  ClipboardListener       com.android.systemui                 I  Clipboard overlay suppressed.
2025-11-17 20:19:48.159  1855-2031  AiAiTranslate           com.google.android.as                I  C2T - not in a conversation
2025-11-17 20:19:48.241  1258-1258  ClipboardListener       com.android.systemui                 I  Clipboard overlay suppressed.
2025-11-17 20:19:51.361  1448-1684  SatelliteController     com.android.phone                    D  iisInCarrierRoamingNbIotNtn: satellite is disabled
2025-11-17 20:19:53.388   721-930   ActivityManager         system_server                        D  freezing 1502 com.android.settings
2025-11-17 20:19:53.390   721-930   ActivityManager         system_server                        D  freezing 5626 com.android.keychain
2025-11-17 20:19:53.390   721-930   ActivityManager         system_server                        D  freezing 3886 com.android.dynsystem:dynsystem
2025-11-17 20:19:53.391   721-930   ActivityManager         system_server                        D  freezing 3866 com.android.dynsystem
2025-11-17 20:19:53.391   721-930   ActivityManager         system_server                        D  freezing 3379 com.android.providers.calendar
2025-11-17 20:19:53.391   721-930   ActivityManager         system_server                        D  freezing 4383 com.google.android.apps.safetyhub
2025-11-17 20:19:53.393   721-930   ActivityManager         system_server                        D  freezing 6858 com.google.android.apps.messaging
2025-11-17 20:19:53.395   721-930   ActivityManager         system_server                        D  freezing 6236 com.google.android.apps.photos
2025-11-17 20:19:53.400   721-1167  InetDiagMessage         system_server                        D  Destroyed 0 sockets, proto=IPPROTO_TCP, family=AF_INET, states=14
2025-11-17 20:19:53.404   721-1167  InetDiagMessage         system_server                        D  Destroyed 0 sockets, proto=IPPROTO_TCP, family=AF_INET6, states=14
2025-11-17 20:19:53.404   721-1167  InetDiagMessage         system_server                        D  Destroyed live tcp sockets for uids={10096} in 5ms
2025-11-17 20:19:53.407   721-1167  InetDiagMessage         system_server                        D  Destroyed 0 sockets, proto=IPPROTO_TCP, family=AF_INET, states=14
2025-11-17 20:19:53.409   721-1167  InetDiagMessage         system_server                        D  Destroyed 0 sockets, proto=IPPROTO_TCP, family=AF_INET6, states=14
2025-11-17 20:19:53.409   721-1167  InetDiagMessage         system_server                        D  Destroyed live tcp sockets for uids={10143} in 5ms
2025-11-17 20:19:53.590   721-930   ActivityManager         system_server                        D  freezing 3419 com.google.android.dialer
2025-11-17 20:19:53.590   721-1167  InetDiagMessage         system_server                        D  Destroyed 0 sockets, proto=IPPROTO_TCP, family=AF_INET, states=14
2025-11-17 20:19:53.590   721-1167  InetDiagMessage         system_server                        D  Destroyed 0 sockets, proto=IPPROTO_TCP, family=AF_INET6, states=14
2025-11-17 20:19:53.590   721-1167  InetDiagMessage         system_server                        D  Destroyed live tcp sockets for uids={10170} in 0ms
2025-11-17 20:19:53.590   721-1167  InetDiagMessage         system_server                        D  Destroyed 0 sockets, proto=IPPROTO_TCP, family=AF_INET, states=14
2025-11-17 20:19:53.590   721-1167  InetDiagMessage         system_server                        D  Destroyed 0 sockets, proto=IPPROTO_TCP, family=AF_INET6, states=14
2025-11-17 20:19:53.590   721-1167  InetDiagMessage         system_server                        D  Destroyed live tcp sockets for uids={10142} in 1ms
2025-11-17 20:19:53.675   721-930   ActivityManager         system_server                        D  freezing 6370 com.google.android.gms
2025-11-17 20:19:53.677   721-930   ActivityManager         system_server                        D  freezing 8308 com.google.android.gms.ui
2025-11-17 20:19:53.678   721-930   ActivityManager         system_server                        D  freezing 6636 com.google.android.gms.unstable
2025-11-17 20:19:54.028   721-930   ActivityManager         system_server                        D  freezing 6972 com.google.android.googlequicksearchbox:search
2025-11-17 20:19:54.029   721-930   ActivityManager         system_server                        D  freezing 1261 com.google.android.permissioncontroller
2025-11-17 20:19:54.030   721-930   ActivityManager         system_server                        D  freezing 5286 com.google.android.settings.intelligence
2025-11-17 20:19:54.031   721-930   ActivityManager         system_server                        D  freezing 3300 com.google.android.rkpdapp
2025-11-17 20:19:54.062   721-1167  InetDiagMessage         system_server                        D  Destroyed 0 sockets, proto=IPPROTO_TCP, family=AF_INET, states=14
2025-11-17 20:19:54.063   721-1167  InetDiagMessage         system_server                        D  Destroyed 0 sockets, proto=IPPROTO_TCP, family=AF_INET6, states=14
2025-11-17 20:19:54.063   721-1167  InetDiagMessage         system_server                        D  Destroyed live tcp sockets for uids={10216} in 1ms
2025-11-17 20:19:54.063   721-1167  InetDiagMessage         system_server                        D  Destroyed 0 sockets, proto=IPPROTO_TCP, family=AF_INET, states=14
2025-11-17 20:19:54.064   721-1167  InetDiagMessage         system_server                        D  Destroyed 0 sockets, proto=IPPROTO_TCP, family=AF_INET6, states=14
2025-11-17 20:19:54.065   721-1167  InetDiagMessage         system_server                        D  Destroyed live tcp sockets for uids={10146} in 2ms
2025-11-17 20:19:54.065   721-1167  InetDiagMessage         system_server                        D  Destroyed 0 sockets, proto=IPPROTO_TCP, family=AF_INET, states=14
2025-11-17 20:19:54.066   721-1167  InetDiagMessage         system_server                        D  Destroyed 0 sockets, proto=IPPROTO_TCP, family=AF_INET6, states=14
2025-11-17 20:19:54.066   721-1167  InetDiagMessage         system_server                        D  Destroyed live tcp sockets for uids={10193} in 1ms
2025-11-17 20:19:54.215   721-930   ActivityManager         system_server                        D  freezing 2736 com.google.android.tts
2025-11-17 20:19:54.218   721-1167  InetDiagMessage         system_server                        D  Destroyed 0 sockets, proto=IPPROTO_TCP, family=AF_INET, states=14
2025-11-17 20:19:54.219   721-1167  InetDiagMessage         system_server                        D  Destroyed 0 sockets, proto=IPPROTO_TCP, family=AF_INET6, states=14
2025-11-17 20:19:54.219   721-1167  InetDiagMessage         system_server                        D  Destroyed live tcp sockets for uids={10152} in 1ms
2025-11-17 20:19:59.344  8038-8038  abb                     abb                                  I  StartCommandInProcess(7061636b61676500696e7374616c6c2d package.install- [truncated])
2025-11-17 20:19:59.351   721-903   IPCThreadState          system_server                        W  Sending oneway calls to frozen process.
2025-11-17 20:19:59.348   721-721   binder:721_10           system_server                        W  type=1400 audit(0.0:70): avc:  denied  { getopt } for  scontext=u:r:system_server:s0 tcontext=u:r:shell:s0 tclass=unix_stream_socket permissive=0
2025-11-17 20:19:59.348   721-721   binder:721_10           system_server                        W  type=1400 audit(0.0:71): avc:  denied  { getopt } for  scontext=u:r:system_server:s0 tcontext=u:r:shell:s0 tclass=unix_stream_socket permissive=0
2025-11-17 20:19:59.364  8038-8038  abb                     abb                                  I  StartCommandInProcess(7061636b61676500696e7374616c6c2d package.install- [truncated])
2025-11-17 20:19:59.348   721-721   binder:721_10           system_server                        W  type=1400 audit(0.0:72): avc:  denied  { getopt } for  scontext=u:r:system_server:s0 tcontext=u:r:shell:s0 tclass=unix_stream_socket permissive=0
2025-11-17 20:19:59.372   721-903   IPCThreadState          system_server                        W  Sending oneway calls to frozen process.
2025-11-17 20:19:59.394   721-903   IPCThreadState          system_server                        W  Sending oneway calls to frozen process.
2025-11-17 20:19:59.409   721-903   IPCThreadState          system_server                        W  Sending oneway calls to frozen process.
2025-11-17 20:19:59.416   721-903   IPCThreadState          system_server                        W  Sending oneway calls to frozen process.
2025-11-17 20:19:59.426   721-903   IPCThreadState          system_server                        W  Sending oneway calls to frozen process.
2025-11-17 20:19:59.440   721-903   IPCThreadState          system_server                        W  Sending oneway calls to frozen process.
2025-11-17 20:19:59.456   721-903   IPCThreadState          system_server                        W  Sending oneway calls to frozen process.
2025-11-17 20:19:59.473   721-903   IPCThreadState          system_server                        W  Sending oneway calls to frozen process.
2025-11-17 20:19:59.477   721-903   IPCThreadState          system_server                        W  Sending oneway calls to frozen process.
2025-11-17 20:19:59.499   721-903   IPCThreadState          system_server                        W  Sending oneway calls to frozen process.
2025-11-17 20:19:59.500   721-903   IPCThreadState          system_server                        W  Sending oneway calls to frozen process.
2025-11-17 20:19:59.512   721-903   IPCThreadState          system_server                        W  Sending oneway calls to frozen process.
2025-11-17 20:19:59.523   721-903   IPCThreadState          system_server                        W  Sending oneway calls to frozen process.
2025-11-17 20:19:59.539   721-903   IPCThreadState          system_server                        W  Sending oneway calls to frozen process.
2025-11-17 20:19:59.553   721-903   IPCThreadState          system_server                        W  Sending oneway calls to frozen process.
2025-11-17 20:19:59.563   721-903   IPCThreadState          system_server                        W  Sending oneway calls to frozen process.
2025-11-17 20:19:59.572   721-903   IPCThreadState          system_server                        W  Sending oneway calls to frozen process.
2025-11-17 20:19:59.576   721-903   IPCThreadState          system_server                        W  Sending oneway calls to frozen process.
2025-11-17 20:19:59.582   721-903   IPCThreadState          system_server                        W  Sending oneway calls to frozen process.
2025-11-17 20:19:59.587   721-903   IPCThreadState          system_server                        W  Sending oneway calls to frozen process.
2025-11-17 20:19:59.598   721-903   IPCThreadState          system_server                        W  Sending oneway calls to frozen process.
2025-11-17 20:19:59.613   721-903   IPCThreadState          system_server                        W  Sending oneway calls to frozen process.
2025-11-17 20:19:59.621   721-903   IPCThreadState          system_server                        W  Sending oneway calls to frozen process.
2025-11-17 20:19:59.624   721-903   IPCThreadState          system_server                        W  Sending oneway calls to frozen process.
2025-11-17 20:19:59.627   721-903   IPCThreadState          system_server                        W  Sending oneway calls to frozen process.
2025-11-17 20:19:59.629   721-903   IPCThreadState          system_server                        W  Sending oneway calls to frozen process.
2025-11-17 20:19:59.634   721-903   IPCThreadState          system_server                        W  Sending oneway calls to frozen process.
2025-11-17 20:19:59.644   721-903   IPCThreadState          system_server                        W  Sending oneway calls to frozen process.
2025-11-17 20:19:59.647   721-903   IPCThreadState          system_server                        W  Sending oneway calls to frozen process.
2025-11-17 20:19:59.653   721-903   IPCThreadState          system_server                        W  Sending oneway calls to frozen process.
2025-11-17 20:19:59.654   721-903   IPCThreadState          system_server                        W  Sending oneway calls to frozen process.
2025-11-17 20:19:59.659   721-903   IPCThreadState          system_server                        W  Sending oneway calls to frozen process.
2025-11-17 20:19:59.660   721-903   IPCThreadState          system_server                        W  Sending oneway calls to frozen process.
2025-11-17 20:19:59.665   721-903   IPCThreadState          system_server                        W  Sending oneway calls to frozen process.
2025-11-17 20:19:59.667   721-903   IPCThreadState          system_server                        W  Sending oneway calls to frozen process.
2025-11-17 20:19:59.671   721-903   IPCThreadState          system_server                        W  Sending oneway calls to frozen process.
2025-11-17 20:19:59.676   721-903   IPCThreadState          system_server                        W  Sending oneway calls to frozen process.
2025-11-17 20:19:59.686   721-903   IPCThreadState          system_server                        W  Sending oneway calls to frozen process.
2025-11-17 20:19:59.695   721-903   IPCThreadState          system_server                        W  Sending oneway calls to frozen process.
2025-11-17 20:19:59.705   721-903   IPCThreadState          system_server                        W  Sending oneway calls to frozen process.
2025-11-17 20:19:59.720   721-903   IPCThreadState          system_server                        W  Sending oneway calls to frozen process.
2025-11-17 20:19:59.731   721-903   IPCThreadState          system_server                        W  Sending oneway calls to frozen process.
2025-11-17 20:19:59.734   721-903   IPCThreadState          system_server                        W  Sending oneway calls to frozen process.
2025-11-17 20:19:59.734   721-903   IPCThreadState          system_server                        W  Sending oneway calls to frozen process.
2025-11-17 20:19:59.728   721-721   binder:721_2            system_server                        W  type=1400 audit(0.0:73): avc:  denied  { getopt } for  scontext=u:r:system_server:s0 tcontext=u:r:shell:s0 tclass=unix_stream_socket permissive=0
2025-11-17 20:19:59.732   721-721   binder:721_2            system_server                        W  type=1400 audit(0.0:74): avc:  denied  { getopt } for  scontext=u:r:system_server:s0 tcontext=u:r:shell:s0 tclass=unix_stream_socket permissive=0
2025-11-17 20:19:59.732   721-721   binder:721_2            system_server                        W  type=1400 audit(0.0:75): avc:  denied  { getopt } for  scontext=u:r:system_server:s0 tcontext=u:r:shell:s0 tclass=unix_stream_socket permissive=0
2025-11-17 20:19:59.746  8038-8038  abb                     abb                                  I  StartCommandInProcess(7061636b61676500696e7374616c6c2d package.install- [truncated])
2025-11-17 20:19:59.750   721-903   IPCThreadState          system_server                        W  Sending oneway calls to frozen process.
2025-11-17 20:19:59.751   721-750   SystemServiceRegistry   system_server                        E  No service published for: persistent_data_block (Ask Gemini)
                                                                                                    android.os.ServiceManager$ServiceNotFoundException: No service published for: persistent_data_block
                                                                                                    	at android.os.ServiceManager.getServiceOrThrow(ServiceManager.java:203)
                                                                                                    	at android.app.SystemServiceRegistry$82.createService(SystemServiceRegistry.java:1110)
                                                                                                    	at android.app.SystemServiceRegistry$82.createService(SystemServiceRegistry.java:1107)
                                                                                                    	at android.app.SystemServiceRegistry$StaticServiceFetcher.getService(SystemServiceRegistry.java:2405)
                                                                                                    	at android.app.SystemServiceRegistry.getSystemService(SystemServiceRegistry.java:1918)
                                                                                                    	at android.app.ContextImpl.getSystemService(ContextImpl.java:2315)
                                                                                                    	at android.content.Context.getSystemService(Context.java:4630)
                                                                                                    	at com.android.server.pm.PackageInstallerSession.markAsSealed(PackageInstallerSession.java:2449)
                                                                                                    	at com.android.server.pm.PackageInstallerSession.commit(PackageInstallerSession.java:2198)
                                                                                                    	at android.content.pm.PackageInstaller$Session.commit(PackageInstaller.java:1988)
                                                                                                    	at com.android.server.pm.PackageManagerShellCommand.doCommitSession(PackageManagerShellCommand.java:4316)
                                                                                                    	at com.android.server.pm.PackageManagerShellCommand.runInstallCommit(PackageManagerShellCommand.java:1726)
                                                                                                    	at com.android.server.pm.PackageManagerShellCommand.onCommand(PackageManagerShellCommand.java:255)
                                                                                                    	at com.android.modules.utils.BasicShellCommandHandler.exec(BasicShellCommandHandler.java:97)
                                                                                                    	at android.os.ShellCommand.exec(ShellCommand.java:38)
                                                                                                    	at com.android.server.pm.PackageManagerService$IPackageManagerImpl.onShellCommand(PackageManagerService.java:6684)
                                                                                                    	at android.os.Binder.shellCommand(Binder.java:1151)
                                                                                                    	at android.os.Binder.onTransact(Binder.java:953)
                                                                                                    	at android.content.pm.IPackageManager$Stub.onTransact(IPackageManager.java:4729)
                                                                                                    	at com.android.server.pm.PackageManagerService$IPackageManagerImpl.onTransact(PackageManagerService.java:6668)
                                                                                                    	at android.os.Binder.execTransactInternal(Binder.java:1426)
                                                                                                    	at android.os.Binder.execTransact(Binder.java:1365)
2025-11-17 20:19:59.752   721-750   SystemServiceRegistry   system_server                        E  Manager wrapper not available: persistent_data_block
2025-11-17 20:19:59.783   721-903   IPCThreadState          system_server                        W  Sending oneway calls to frozen process.
2025-11-17 20:19:59.787   721-761   FileSystemUtils         system_server                        D  Total number of LOAD segments 4
2025-11-17 20:19:59.787   721-761   FileSystemUtils         system_server                        D  Size before punching holes st_blocks: 44456, st_blksize: 4096, st_size: 22756387
2025-11-17 20:19:59.788   721-761   FileSystemUtils         system_server                        D  Punching holes for length:5108 content which should be zero: 00000000000000000000000000000000000000000000000000000000000000000000000000000000000000000000000000000000000000000000000000000000000000000000000000000000000000000000000000000000000000000000000000000000000000000000000000000000000000000000000000000000000000000000000000000000000000000000000000000000000000000000000000000000000000000000000000000000000000000000000000000000000000000000000000000000000000000000000000000000000000000000000000000000000000000000000000000000000000000000000000000000000000000000000000000000000000000000000000000000000000000000000000000000000000000000000000000000000000000000000000000000000000000000000000000000000000000000000000000000000000000000000000000000000000000000000000000000000000000000000000000000000000000000000000000000000000000000000000000000000000000000000000000000000000000000000000000000000000000000000000000000000000000000000000000000000000000000000000000000000000000000000000000000000000000000000000000000000000000000000000
2025-11-17 20:19:59.788   721-761   FileSystemUtils         system_server                        D  Punching hole in file - start: 12546048 len:4096
2025-11-17 20:19:59.789   721-761   FileSystemUtils         system_server                        D  Punching holes for length:5200 content which should be zero: 00000000000000000000000000000000000000000000000000000000000000000000000000000000000000000000000000000000000000000000000000000000000000000000000000000000000000000000000000000000000000000000000000000000000000000000000000000000000000000000000000000000000000000000000000000000000000000000000000000000000000000000000000000000000000000000000000000000000000000000000000000000000000000000000000000000000000000000000000000000000000000000000000000000000000000000000000000000000000000000000000000000000000000000000000000000000000000000000000000000000000000000000000000000000000000000000000000000000000000000000000000000000000000000000000000000000000000000000000000000000000000000000000000000000000000000000000000000000000000000000000000000000000000000000000000000000000000000000000000000000000000000000000000000000000000000000000000000000000000000000000000000000000000000000000000000000000000000000000000000000000000000000000000000000000000000000000000000000000000000000000
2025-11-17 20:19:59.789   721-761   FileSystemUtils         system_server                        D  Punching hole in file - start: 13299712 len:4096
2025-11-17 20:19:59.791   721-761   FileSystemUtils         system_server                        D  Punching holes for length:15656 content which should be zero: 0000000000000000000000000000000000000000000000000000000000000000000000000000000000000000000000000000000000000000000000000000000000000000000000000000000000000000000000000000000000000000000000000000000000000000000000000000000000000000000000000000000000000000000000000000000000000000000000000000000000000000000000000000000000000000000000000000000000000000000000000000000000000000000000000000000000000000000000000000000000000000000000000000000000000000000000000000000000000000000000000000000000000000000000000000000000000000000000000000000000000000000000000000000000000000000000000000000000000000000000000000000000000000000000000000000000000000000000000000000000000000000000000000000000000000000000000000000000000000000000000000000000000000000000000000000000000000000000000000000000000000000000000000000000000000000000000000000000000000000000000000000000000000000000000000000000000000000000000000000000000000000000000000000000000000000000000000000000000000000000000
2025-11-17 20:19:59.792   721-761   FileSystemUtils         system_server                        D  Punching hole in file - start: 13307904 len:12288
2025-11-17 20:19:59.793   721-761   FileSystemUtils         system_server                        D  Size after punching holes st_blocks: 44424, st_blksize: 4096, st_size: 22756387
2025-11-17 20:19:59.793   721-761   FileSystemUtils         system_server                        D  Extra field length: 14866,  Size before punching holes st_blocks: 44424, st_blksize: 4096, st_size: 22756387
2025-11-17 20:19:59.793   721-761   FileSystemUtils         system_server                        D  Extra field length: 14866 content near offset: 000000000000000000000000