2025-12-09 12:42:27.245   662-21497 keystore2               pid-662                              I  system/security/keystore2/src/security_level.rs:345 - unwrap_key_if_required start
2025-12-09 12:42:27.245   662-21497 keystore2               pid-662                              I  system/security/keystore2/src/security_level.rs:353 - unwrap_key_if_required end
2025-12-09 12:42:27.245   662-21497 keystore2               pid-662                              I  system/security/keystore2/src/security_level.rs:354 - upgrade_keyblob_if_required_with start
2025-12-09 12:42:27.245   664-664   TlcKM                   pid-664                              D  TEE_Begin 5.0
2025-12-09 12:42:27.245   664-664   TlcKM                   pid-664                              D  purpose = 0x00000001
2025-12-09 12:42:27.246 20756-20784 dex2oat32               pid-20756                            W  Compilation of java.lang.Object ayqz.a(java.lang.Object, java.lang.Object) took 117.560ms
2025-12-09 12:42:27.247   664-664   TlcKM                   pid-664                              D  find_spare_operation_slot: allocate op 0x56241d5df0c0909c to slot #0 (1 ops live)
2025-12-09 12:42:27.249   664-664   TlcKM                   pid-664                              D  TEE_Begin exiting with 0
2025-12-09 12:42:27.249   662-21497 keystore2               pid-662                              I  system/security/keystore2/src/security_level.rs:395 - upgrade_keyblob_if_required_with end
2025-12-09 12:42:27.249   662-21497 keystore2               pid-662                              I  system/security/keystore2/src/enforcements.rs:249 - finalize_create_authorization self.state=NoAuthRequired
2025-12-09 12:42:27.249   662-21497 keystore2               pid-662                              I  system/security/keystore2/src/security_level.rs:401 - operation_db.create_operation start
2025-12-09 12:42:27.249   662-21497 keystore2               pid-662                              I  system/security/keystore2/src/security_level.rs:419 - operation_db.create_operation end
2025-12-09 12:42:27.250   664-664   TlcKM                   pid-664                              D  TEE_Update
2025-12-09 12:42:27.250   664-664   TlcKM                   pid-664                              D  split_update_chunks
2025-12-09 12:42:27.252   664-664   TlcKM                   pid-664                              D  TEE_Update exiting with 0
2025-12-09 12:42:27.253   664-664   TlcKM                   pid-664                              D  TEE_Finish
2025-12-09 12:42:27.253   664-664   TlcKM                   pid-664                              D  split_update_chunks
2025-12-09 12:42:27.254 14508-16050 acel                    pid-14508                            W  Abort, client detached.
2025-12-09 12:42:27.255   664-664   TlcKM                   pid-664                              D  release_operation_slot: release op slot #0 (handle 0x56241d5df0c0909c; 0 ops live)
2025-12-09 12:42:27.255   664-664   TlcKM                   pid-664                              D  TEE_Finish exiting with 0
2025-12-09 12:42:27.255   664-664   TlcKM                   pid-664                              D  TEE_Abort
2025-12-09 12:42:27.255   664-664   TlcKM                   pid-664                              E  lookup_operation: op 0x56241d5df0c0909c not found
2025-12-09 12:42:27.255   664-664   TlcKM                   pid-664                              E  lookup_operation(session, operation_handle, &op) == -28
2025-12-09 12:42:27.255   664-664   TlcKM                   pid-664                              D  TEE_Abort exiting with -28
2025-12-09 12:42:27.256 14508-16050 acel                    pid-14508                            W  Abort, client detached.
2025-12-09 12:42:27.256   662-21497 keystore2               pid-662                              I  system/security/keystore2/src/security_level.rs:235 - create_operation start
2025-12-09 12:42:27.256   662-21497 keystore2               pid-662                              I  system/security/keystore2/src/security_level.rs:237 - caller_pid=12440
2025-12-09 12:42:27.256   662-21497 keystore2               pid-662                              I  system/security/keystore2/src/security_level.rs:238 - caller_uid=10287
2025-12-09 12:42:27.256   662-21497 keystore2               pid-662                              I  system/security/keystore2/src/security_level.rs:239 - forced=false
2025-12-09 12:42:27.256   662-21497 keystore2               pid-662                              I  system/security/keystore2/src/security_level.rs:240 - key.domain=r#KEY_ID
2025-12-09 12:42:27.256   662-21497 keystore2               pid-662                              I  system/security/keystore2/src/security_level.rs:241 - key.alias=None
2025-12-09 12:42:27.256   662-21497 keystore2               pid-662                              I  system/security/keystore2/src/security_level.rs:277 - with_try_import start
2025-12-09 12:42:27.256 14508-16050 acel                    pid-14508                            W  Abort, client detached.
2025-12-09 12:42:27.256 14508-16050 acel                    pid-14508                            W  Abort, client detached.
2025-12-09 12:42:27.257   662-21497 keystore2               pid-662                              I  system/security/keystore2/src/security_level.rs:299 - with_try_import end
2025-12-09 12:42:27.257   662-21497 keystore2               pid-662                              I  system/security/keystore2/src/security_level.rs:333 - authorize_create start
2025-12-09 12:42:27.257   662-21497 keystore2               pid-662                              I  system/security/keystore2/src/security_level.rs:344 - authorize_create end
2025-12-09 12:42:27.257   662-21497 keystore2               pid-662                              I  system/security/keystore2/src/security_level.rs:345 - unwrap_key_if_required start
2025-12-09 12:42:27.257   662-21497 keystore2               pid-662                              I  system/security/keystore2/src/security_level.rs:353 - unwrap_key_if_required end
2025-12-09 12:42:27.257   662-21497 keystore2               pid-662                              I  system/security/keystore2/src/security_level.rs:354 - upgrade_keyblob_if_required_with start
2025-12-09 12:42:27.257 14508-16050 acel                    pid-14508                            W  Abort, client detached.
2025-12-09 12:42:27.257   664-664   TlcKM                   pid-664                              D  TEE_Begin 5.0
2025-12-09 12:42:27.257   664-664   TlcKM                   pid-664                              D  purpose = 0x00000001
2025-12-09 12:42:27.257 14508-20237 sfe                     pid-14508                            I  Uploading hotword settings to server.
2025-12-09 12:42:27.257 14508-16050 acel                    pid-14508                            W  Abort, client detached.
2025-12-09 12:42:27.259 14508-16050 acel                    pid-14508                            W  Abort, client detached.
2025-12-09 12:42:27.259   664-664   TlcKM                   pid-664                              D  find_spare_operation_slot: allocate op 0x6c9d493d99322435 to slot #0 (1 ops live)
2025-12-09 12:42:27.260 14508-16050 acel                    pid-14508                            W  Abort, client detached.
2025-12-09 12:42:27.260 14508-16050 acel                    pid-14508                            W  Abort, client detached.
2025-12-09 12:42:27.261   664-664   TlcKM                   pid-664                              D  TEE_Begin exiting with 0
2025-12-09 12:42:27.262   662-21497 keystore2               pid-662                              I  system/security/keystore2/src/security_level.rs:395 - upgrade_keyblob_if_required_with end
2025-12-09 12:42:27.262   662-21497 keystore2               pid-662                              I  system/security/keystore2/src/enforcements.rs:249 - finalize_create_authorization self.state=NoAuthRequired
2025-12-09 12:42:27.262   662-21497 keystore2               pid-662                              I  system/security/keystore2/src/security_level.rs:401 - operation_db.create_operation start
2025-12-09 12:42:27.262   662-21497 keystore2               pid-662                              I  system/security/keystore2/src/security_level.rs:419 - operation_db.create_operation end
2025-12-09 12:42:27.262   664-664   TlcKM                   pid-664                              D  TEE_Update
2025-12-09 12:42:27.262   664-664   TlcKM                   pid-664                              D  split_update_chunks
2025-12-09 12:42:27.263  1566-5065  JobScheduler.JobStatus  pid-1566                             W  Exempted app com.android.vending considered buggy
2025-12-09 12:42:27.263  1566-5065  JobScheduler.JobStatus  pid-1566                             W  Exempted app com.android.vending considered buggy
2025-12-09 12:42:27.264   664-664   TlcKM                   pid-664                              D  TEE_Update exiting with 0
2025-12-09 12:42:27.264 14508-20901 sgk                     pid-14508                            I  Canceling restore - user account is null
2025-12-09 12:42:27.264  1566-5065  JobScheduler.JobStatus  pid-1566                             W  Exempted app com.android.vending considered buggy
2025-12-09 12:42:27.264   664-664   TlcKM                   pid-664                              D  TEE_Finish
2025-12-09 12:42:27.264   664-664   TlcKM                   pid-664                              D  split_update_chunks
2025-12-09 12:42:27.265   664-664   TlcKM                   pid-664                              D  release_operation_slot: release op slot #0 (handle 0x6c9d493d99322435; 0 ops live)
2025-12-09 12:42:27.265   664-664   TlcKM                   pid-664                              D  TEE_Finish exiting with 0
2025-12-09 12:42:27.265   664-664   TlcKM                   pid-664                              D  TEE_Abort
2025-12-09 12:42:27.265   664-664   TlcKM                   pid-664                              E  lookup_operation: op 0x6c9d493d99322435 not found
2025-12-09 12:42:27.265   664-664   TlcKM                   pid-664                              E  lookup_operation(session, operation_handle, &op) == -28
2025-12-09 12:42:27.265   664-664   TlcKM                   pid-664                              D  TEE_Abort exiting with -28
2025-12-09 12:42:27.268 12440-12440 TermsAcceptanceStorage  pid-12440                            D  hasAcceptedTermsForContract(XV8W5766): true (saved: XV8W5766)
2025-12-09 12:42:27.268 12440-12440 RouterViewModel         pid-12440                            D  âœ… Termos jÃ¡ aceitos - Ir para HOME
2025-12-09 12:42:27.268 12440-12440 CdcForegroundService    pid-12440                            D  ðŸš€ ServiÃ§o onStartCommand() - Action: com.cdccreditsmart.app.START_SERVICE
2025-12-09 12:42:27.273 12440-12440 CdcForegroundService    pid-12440                            I  âœ… Foreground Service ativo (Android 12+)
2025-12-09 12:42:27.273  1566-1829  os.notification         pid-1566                             V  onFixNotification  start, notification= Notification(channel=cdc_service_channel shortcut=null contentView=null vibrate=null sound=null defaults=0 flags=ONGOING_EVENT|FOREGROUND_SERVICE|NO_DISMISS color=0x00000000 category=service vis=PRIVATE)
2025-12-09 12:42:27.273  1566-1829  os.notification         pid-1566                             V  onFixNotification  end, notification= Notification(channel=cdc_service_channel shortcut=null contentView=null vibrate=null sound=null defaults=0 flags=ONGOING_EVENT|FOREGROUND_SERVICE|NO_DISMISS color=0x00000000 category=service vis=PRIVATE)
2025-12-09 12:42:27.274 12440-13006 CdcForegroundService    pid-12440                            I  ðŸ”§ ========================================
2025-12-09 12:42:27.274 12440-13006 CdcForegroundService    pid-12440                            I  ðŸ”§ INICIANDO initializeServices()...
2025-12-09 12:42:27.274 12440-13006 CdcForegroundService    pid-12440                            I  ðŸ”§ ========================================
2025-12-09 12:42:27.275 12440-13006 CdcForegroundService    pid-12440                            D  âœ… ServiÃ§os base jÃ¡ inicializados
2025-12-09 12:42:27.275 12440-13006 CdcForegroundService    pid-12440                            D  âœ… MDM jÃ¡ inicializado - ignorando chamada duplicada
2025-12-09 12:42:27.274  1566-1829  os.notification         pid-1566                             V  no need to update importance since is low importance, pkg -> com.cdccreditsmart.app
2025-12-09 12:42:27.282  1566-1829  os.notification.pre     pid-1566                             D   add StatusBarNotification 229900346 current size 1
2025-12-09 12:42:27.282  1566-1829  os.notification         pid-1566                             D  onEnqueueNotificationInternal wait before
2025-12-09 12:42:27.283 20756-20786 dex2oat32               pid-20756                            W  Compilation of java.lang.Object ayre.a(java.lang.Object, java.lang.Object) took 145.655ms
2025-12-09 12:42:27.288  1566-2027  os.notific...JobManager pid-1566                             D  create job  com.transsion.util.SuspendJobManager$JobInfo@3871248 key:NotificationRecord(0x0491f4eb: pkg=com.cdccreditsmart.app user=UserHandle{0} id=1001 tag=null importance=2 key=0|com.cdccreditsmart.app|1001|null|10287: Notification(channel=cdc_service_channel shortcut=null contentView=null vibrate=null sound=null defaults=0 flags=ONGOING_EVENT|FOREGROUND_SERVICE|NO_DISMISS color=0x00000000 category=service vis=PRIVATE)) data:com.android.server.notification.NotificationManagerService$$ExternalSyntheticLambda1@3c4e8e1 sn:-1 owner:{}
2025-12-09 12:42:27.289   662-21497 keystore2               pid-662                              I  system/security/keystore2/src/security_level.rs:235 - create_operation start
2025-12-09 12:42:27.289   662-21497 keystore2               pid-662                              I  system/security/keystore2/src/security_level.rs:237 - caller_pid=12440
2025-12-09 12:42:27.289   662-21497 keystore2               pid-662                              I  system/security/keystore2/src/security_level.rs:238 - caller_uid=10287
2025-12-09 12:42:27.289   662-21497 keystore2               pid-662                              I  system/security/keystore2/src/security_level.rs:239 - forced=false
2025-12-09 12:42:27.289   662-21497 keystore2               pid-662                              I  system/security/keystore2/src/security_level.rs:240 - key.domain=r#KEY_ID
2025-12-09 12:42:27.289   662-21497 keystore2               pid-662                              I  system/security/keystore2/src/security_level.rs:241 - key.alias=None
2025-12-09 12:42:27.289   662-21497 keystore2               pid-662                              I  system/security/keystore2/src/security_level.rs:277 - with_try_import start
2025-12-09 12:42:27.290   662-21497 keystore2               pid-662                              I  system/security/keystore2/src/security_level.rs:299 - with_try_import end
2025-12-09 12:42:27.290   662-21497 keystore2               pid-662                              I  system/security/keystore2/src/security_level.rs:333 - authorize_create start
2025-12-09 12:42:27.290   662-21497 keystore2               pid-662                              I  system/security/keystore2/src/security_level.rs:344 - authorize_create end
2025-12-09 12:42:27.290   662-21497 keystore2               pid-662                              I  system/security/keystore2/src/security_level.rs:345 - unwrap_key_if_required start
2025-12-09 12:42:27.290   662-21497 keystore2               pid-662                              I  system/security/keystore2/src/security_level.rs:353 - unwrap_key_if_required end
2025-12-09 12:42:27.290   662-21497 keystore2               pid-662                              I  system/security/keystore2/src/security_level.rs:354 - upgrade_keyblob_if_required_with start
2025-12-09 12:42:27.291   664-664   TlcKM                   pid-664                              D  TEE_Begin 5.0
2025-12-09 12:42:27.291   664-664   TlcKM                   pid-664                              D  purpose = 0x00000000
2025-12-09 12:42:27.291  4924-13979 os.notification         pid-4924                             D  onNotifyNotification StatusBarNotification:StatusBarNotification(pkg=com.cdccreditsmart.app user=UserHandle{0} id=1001 tag=null key=0|com.cdccreditsmart.app|1001|null|10287: Notification(channel=null shortcut=null contentView=null vibrate=null sound=null defaults=0 flags=ONGOING_EVENT|FOREGROUND_SERVICE|NO_DISMISS color=0x00000000 category=service vis=PRIVATE)) callingUid:10287 NotificationChannel:NotificationChannel{mId='cdc_service_channel', mName=Credit Smart - ProteÃ§Ã£o, mDescription=hasDescription , mImportance=2, mBypassDnd=false, mLockscreenVisibility=-1000, mSound=null, mLights=false, mLightColor=0, mVibrationPattern=null, mVibrationEffect=null, mUserLockedFields=0, mUserVisibleTaskShown=true, mVibrationEnabled=false, mShowBadge=false, mDeleted=false, mDeletedTimeMs=-1, mGroup='null', mAudioAttributes=null, mBlockableSystem=false, mAllowBubbles=-1, mImportanceLockedDefaultApp=true, mOriginalImp=2, mParent=null, mConversationId=null, mDemoted=false, mImportantConvo=false, mLastNotificationUpdateTimeMs=0} receipt:com.transsion.app.IEnqueueNotificationReceipt$Stub$Proxy@9f8df07 sn:45
2025-12-09 12:42:27.292  4924-13979 os_noti_center_rule     pid-4924                             D  setNotiRule: chCursor = android.database.sqlite.SQLiteCursor@9554834, count --= 0, pkgAndCh = com.cdccreditsmart.app##cdc_service_channel, cloum = 3
2025-12-09 12:42:27.293  4924-13979 os.notification         pid-4924                             D  handleNotifyNotification notification:Notification(channel=null shortcut=null contentView=null vibrate=null sound=null defaults=0 flags=ONGOING_EVENT|FOREGROUND_SERVICE|NO_DISMISS color=0x00000000 category=service vis=PRIVATE)
2025-12-09 12:42:27.293   664-664   TlcKM                   pid-664                              D  find_spare_operation_slot: allocate op 0x3dee72def1208181 to slot #0 (1 ops live)
2025-12-09 12:42:27.294  1566-2027  os.notification.pre     pid-1566                             D   add Runnable 147973638 with StatusBarNotification 229900346 current size 1
2025-12-09 12:42:27.294  1566-2027  os.notific...JobManager pid-1566                             D  done  com.transsion.util.SuspendJobManager$JobInfo@3871248 key:NotificationRecord(0x0491f4eb: pkg=com.cdccreditsmart.app user=UserHandle{0} id=1001 tag=null importance=2 key=0|com.cdccreditsmart.app|1001|null|10287: Notification(channel=cdc_service_channel shortcut=null contentView=null vibrate=null sound=null defaults=0 flags=ONGOING_EVENT|FOREGROUND_SERVICE|NO_DISMISS color=0x00000000 category=service vis=PRIVATE)) data:com.android.server.notification.NotificationManagerService$$ExternalSyntheticLambda1@3c4e8e1 sn:45 owner:{4924} for  app-4924-request
2025-12-09 12:42:27.294  1566-2027  os.notification         pid-1566                             D  onEnqueueNotificationInternal notifyAll
2025-12-09 12:42:27.294  1566-1829  os.notification         pid-1566                             D  onEnqueueNotificationInternal wait after
2025-12-09 12:42:27.295  1566-1829  os.notification         pid-1566                             D  onEnqueueNotificationInternal StatusBarNotification:StatusBarNotification(pkg=com.cdccreditsmart.app user=UserHandle{0} id=1001 tag=null key=0|com.cdccreditsmart.app|1001|null|10287: Notification(channel=cdc_service_channel shortcut=null contentView=null vibrate=null sound=null defaults=0 flags=ONGOING_EVENT|FOREGROUND_SERVICE|NO_DISMISS color=0x00000000 category=service vis=PRIVATE)) callingUid:10287 sn:45 res:true
2025-12-09 12:42:27.295   664-664   TlcKM                   pid-664                              D  TEE_Begin exiting with 0
2025-12-09 12:42:27.296   662-21497 keystore2               pid-662                              I  system/security/keystore2/src/security_level.rs:395 - upgrade_keyblob_if_required_with end
2025-12-09 12:42:27.296   662-21497 keystore2               pid-662                              I  system/security/keystore2/src/enforcements.rs:249 - finalize_create_authorization self.state=NoAuthRequired
2025-12-09 12:42:27.296   662-21497 keystore2               pid-662                              I  system/security/keystore2/src/security_level.rs:401 - operation_db.create_operation start
2025-12-09 12:42:27.296   662-21497 keystore2               pid-662                              I  system/security/keystore2/src/security_level.rs:419 - operation_db.create_operation end
2025-12-09 12:42:27.297   664-664   TlcKM                   pid-664                              D  TEE_Update
2025-12-09 12:42:27.297   664-664   TlcKM                   pid-664                              D  split_update_chunks
2025-12-09 12:42:27.299   664-664   TlcKM                   pid-664                              D  TEE_Update exiting with 0
2025-12-09 12:42:27.300   664-664   TlcKM                   pid-664                              D  TEE_Finish
2025-12-09 12:42:27.300   664-664   TlcKM                   pid-664                              D  split_update_chunks
2025-12-09 12:42:27.301   664-664   TlcKM                   pid-664                              D  release_operation_slot: release op slot #0 (handle 0x3dee72def1208181; 0 ops live)
2025-12-09 12:42:27.301   664-664   TlcKM                   pid-664                              D  TEE_Finish exiting with 0
2025-12-09 12:42:27.302   664-664   TlcKM                   pid-664                              D  TEE_Abort
2025-12-09 12:42:27.302   664-664   TlcKM                   pid-664                              E  lookup_operation: op 0x3dee72def1208181 not found
2025-12-09 12:42:27.302   664-664   TlcKM                   pid-664                              E  lookup_operation(session, operation_handle, &op) == -28
2025-12-09 12:42:27.302   664-664   TlcKM                   pid-664                              D  TEE_Abort exiting with -28
2025-12-09 12:42:27.306 12440-12440 SimpleHomeViewModel     pid-12440                            I  âœ… Usando cache vÃ¡lido (13s < 300s)
2025-12-09 12:42:27.306 12440-12440 SimpleHomeViewModel     pid-12440                            I     ðŸ“Š 24 parcelas em cache
2025-12-09 12:42:27.314  1566-1566  os.notification.pre     pid-1566                             D   remove Runnable 147973638 with StatusBarNotification 229900346 for puppet run current size 0
2025-12-09 12:42:27.326   662-21497 keystore2               pid-662                              I  system/security/keystore2/src/security_level.rs:235 - create_operation start
2025-12-09 12:42:27.326   662-21497 keystore2               pid-662                              I  system/security/keystore2/src/security_level.rs:237 - caller_pid=12440
2025-12-09 12:42:27.326   662-21497 keystore2               pid-662                              I  system/security/keystore2/src/security_level.rs:238 - caller_uid=10287
2025-12-09 12:42:27.326   662-21497 keystore2               pid-662                              I  system/security/keystore2/src/security_level.rs:239 - forced=false
2025-12-09 12:42:27.326   662-21497 keystore2               pid-662                              I  system/security/keystore2/src/security_level.rs:240 - key.domain=r#KEY_ID
2025-12-09 12:42:27.326   662-21497 keystore2               pid-662                              I  system/security/keystore2/src/security_level.rs:241 - key.alias=None
2025-12-09 12:42:27.326   662-21497 keystore2               pid-662                              I  system/security/keystore2/src/security_level.rs:277 - with_try_import start
2025-12-09 12:42:27.326   662-21497 keystore2               pid-662                              I  system/security/keystore2/src/security_level.rs:299 - with_try_import end
2025-12-09 12:42:27.326   662-21497 keystore2               pid-662                              I  system/security/keystore2/src/security_level.rs:333 - authorize_create start
2025-12-09 12:42:27.326   662-21497 keystore2               pid-662                              I  system/security/keystore2/src/security_level.rs:344 - authorize_create end
2025-12-09 12:42:27.326   662-21497 keystore2               pid-662                              I  system/security/keystore2/src/security_level.rs:345 - unwrap_key_if_required start
2025-12-09 12:42:27.326   662-21497 keystore2               pid-662                              I  system/security/keystore2/src/security_level.rs:353 - unwrap_key_if_required end
2025-12-09 12:42:27.326   662-21497 keystore2               pid-662                              I  system/security/keystore2/src/security_level.rs:354 - upgrade_keyblob_if_required_with start
2025-12-09 12:42:27.327   664-664   TlcKM                   pid-664                              D  TEE_Begin 5.0
2025-12-09 12:42:27.327   664-664   TlcKM                   pid-664                              D  purpose = 0x00000001
2025-12-09 12:42:27.329   664-664   TlcKM                   pid-664                              D  find_spare_operation_slot: allocate op 0xaa690be9d4fd5773 to slot #0 (1 ops live)
2025-12-09 12:42:27.330   664-664   TlcKM                   pid-664                              D  TEE_Begin exiting with 0
2025-12-09 12:42:27.330   662-21497 keystore2               pid-662                              I  system/security/keystore2/src/security_level.rs:395 - upgrade_keyblob_if_required_with end
2025-12-09 12:42:27.330  1566-5065  JobScheduler.JobStatus  pid-1566                             W  Exempted app com.android.vending considered buggy
2025-12-09 12:42:27.330   662-21497 keystore2               pid-662                              I  system/security/keystore2/src/enforcements.rs:249 - finalize_create_authorization self.state=NoAuthRequired
2025-12-09 12:42:27.330   662-21497 keystore2               pid-662                              I  system/security/keystore2/src/security_level.rs:401 - operation_db.create_operation start
2025-12-09 12:42:27.330   662-21497 keystore2               pid-662                              I  system/security/keystore2/src/security_level.rs:419 - operation_db.create_operation end
2025-12-09 12:42:27.331   664-664   TlcKM                   pid-664                              D  TEE_Update
2025-12-09 12:42:27.331   664-664   TlcKM                   pid-664                              D  split_update_chunks
2025-12-09 12:42:27.331  1566-5065  JobScheduler.JobStatus  pid-1566                             W  Exempted app com.android.vending considered buggy
2025-12-09 12:42:27.331  1566-5065  JobScheduler.JobStatus  pid-1566                             W  Exempted app com.android.vending considered buggy
2025-12-09 12:42:27.334   664-664   TlcKM                   pid-664                              D  TEE_Update exiting with 0
2025-12-09 12:42:27.335   664-664   TlcKM                   pid-664                              D  TEE_Finish
2025-12-09 12:42:27.335   664-664   TlcKM                   pid-664                              D  split_update_chunks
2025-12-09 12:42:27.336   664-664   TlcKM                   pid-664                              D  release_operation_slot: release op slot #0 (handle 0xaa690be9d4fd5773; 0 ops live)
2025-12-09 12:42:27.336   664-664   TlcKM                   pid-664                              D  TEE_Finish exiting with 0
2025-12-09 12:42:27.336   664-664   TlcKM                   pid-664                              D  TEE_Abort
2025-12-09 12:42:27.336   664-664   TlcKM                   pid-664                              E  lookup_operation: op 0xaa690be9d4fd5773 not found
2025-12-09 12:42:27.336   664-664   TlcKM                   pid-664                              E  lookup_operation(session, operation_handle, &op) == -28
2025-12-09 12:42:27.336   664-664   TlcKM                   pid-664                              D  TEE_Abort exiting with -28
2025-12-09 12:42:27.339   662-21497 keystore2               pid-662                              I  system/security/keystore2/src/security_level.rs:235 - create_operation start
2025-12-09 12:42:27.339   662-21497 keystore2               pid-662                              I  system/security/keystore2/src/security_level.rs:237 - caller_pid=12440
2025-12-09 12:42:27.339   662-21497 keystore2               pid-662                              I  system/security/keystore2/src/security_level.rs:238 - caller_uid=10287
2025-12-09 12:42:27.339   662-21497 keystore2               pid-662                              I  system/security/keystore2/src/security_level.rs:239 - forced=false
2025-12-09 12:42:27.339   662-21497 keystore2               pid-662                              I  system/security/keystore2/src/security_level.rs:240 - key.domain=r#KEY_ID
2025-12-09 12:42:27.339   662-21497 keystore2               pid-662                              I  system/security/keystore2/src/security_level.rs:241 - key.alias=None
2025-12-09 12:42:27.339   662-21497 keystore2               pid-662                              I  system/security/keystore2/src/security_level.rs:277 - with_try_import start
2025-12-09 12:42:27.340   662-21497 keystore2               pid-662                              I  system/security/keystore2/src/security_level.rs:299 - with_try_import end
2025-12-09 12:42:27.340   662-21497 keystore2               pid-662                              I  system/security/keystore2/src/security_level.rs:333 - authorize_create start
2025-12-09 12:42:27.340   662-21497 keystore2               pid-662                              I  system/security/keystore2/src/security_level.rs:344 - authorize_create end
2025-12-09 12:42:27.340   662-21497 keystore2               pid-662                              I  system/security/keystore2/src/security_level.rs:345 - unwrap_key_if_required start
2025-12-09 12:42:27.340   662-21497 keystore2               pid-662                              I  system/security/keystore2/src/security_level.rs:353 - unwrap_key_if_required end
2025-12-09 12:42:27.340   662-21497 keystore2               pid-662                              I  system/security/keystore2/src/security_level.rs:354 - upgrade_keyblob_if_required_with start
2025-12-09 12:42:27.341   664-664   TlcKM                   pid-664                              D  TEE_Begin 5.0
2025-12-09 12:42:27.341   664-664   TlcKM                   pid-664                              D  purpose = 0x00000001
2025-12-09 12:42:27.343   664-664   TlcKM                   pid-664                              D  find_spare_operation_slot: allocate op 0x169cbab085ce691e to slot #0 (1 ops live)
2025-12-09 12:42:27.343   664-664   TlcKM                   pid-664                              D  TEE_Begin exiting with 0
2025-12-09 12:42:27.344   662-21497 keystore2               pid-662                              I  system/security/keystore2/src/security_level.rs:395 - upgrade_keyblob_if_required_with end
2025-12-09 12:42:27.344   662-21497 keystore2               pid-662                              I  system/security/keystore2/src/enforcements.rs:249 - finalize_create_authorization self.state=NoAuthRequired
2025-12-09 12:42:27.344   662-21497 keystore2               pid-662                              I  system/security/keystore2/src/security_level.rs:401 - operation_db.create_operation start
2025-12-09 12:42:27.344   662-21497 keystore2               pid-662                              I  system/security/keystore2/src/security_level.rs:419 - operation_db.create_operation end
2025-12-09 12:42:27.345   664-664   TlcKM                   pid-664                              D  TEE_Update
2025-12-09 12:42:27.345   664-664   TlcKM                   pid-664                              D  split_update_chunks
2025-12-09 12:42:27.348   664-664   TlcKM                   pid-664                              D  TEE_Update exiting with 0
2025-12-09 12:42:27.348   664-664   TlcKM                   pid-664                              D  TEE_Finish
2025-12-09 12:42:27.348   664-664   TlcKM                   pid-664                              D  split_update_chunks
2025-12-09 12:42:27.349   664-664   TlcKM                   pid-664                              D  release_operation_slot: release op slot #0 (handle 0x169cbab085ce691e; 0 ops live)
2025-12-09 12:42:27.349   664-664   TlcKM                   pid-664                              D  TEE_Finish exiting with 0
2025-12-09 12:42:27.350   664-664   TlcKM                   pid-664                              D  TEE_Abort
2025-12-09 12:42:27.350   664-664   TlcKM                   pid-664                              E  lookup_operation: op 0x169cbab085ce691e not found
2025-12-09 12:42:27.350   664-664   TlcKM                   pid-664                              E  lookup_operation(session, operation_handle, &op) == -28
2025-12-09 12:42:27.350   664-664   TlcKM                   pid-664                              D  TEE_Abort exiting with -28
2025-12-09 12:42:27.352   662-21497 keystore2               pid-662                              I  system/security/keystore2/src/security_level.rs:235 - create_operation start
2025-12-09 12:42:27.353   662-21497 keystore2               pid-662                              I  system/security/keystore2/src/security_level.rs:237 - caller_pid=12440
2025-12-09 12:42:27.353   662-21497 keystore2               pid-662                              I  system/security/keystore2/src/security_level.rs:238 - caller_uid=10287
2025-12-09 12:42:27.353   662-21497 keystore2               pid-662                              I  system/security/keystore2/src/security_level.rs:239 - forced=false
2025-12-09 12:42:27.353   662-21497 keystore2               pid-662                              I  system/security/keystore2/src/security_level.rs:240 - key.domain=r#KEY_ID
2025-12-09 12:42:27.353   662-21497 keystore2               pid-662                              I  system/security/keystore2/src/security_level.rs:241 - key.alias=None
2025-12-09 12:42:27.353   662-21497 keystore2               pid-662                              I  system/security/keystore2/src/security_level.rs:277 - with_try_import start
2025-12-09 12:42:27.353   662-21497 keystore2               pid-662                              I  system/security/keystore2/src/security_level.rs:299 - with_try_import end
2025-12-09 12:42:27.353   662-21497 keystore2               pid-662                              I  system/security/keystore2/src/security_level.rs:333 - authorize_create start
2025-12-09 12:42:27.353   662-21497 keystore2               pid-662                              I  system/security/keystore2/src/security_level.rs:344 - authorize_create end
2025-12-09 12:42:27.353   662-21497 keystore2               pid-662                              I  system/security/keystore2/src/security_level.rs:345 - unwrap_key_if_required start
2025-12-09 12:42:27.353   662-21497 keystore2               pid-662                              I  system/security/keystore2/src/security_level.rs:353 - unwrap_key_if_required end
2025-12-09 12:42:27.353   662-21497 keystore2               pid-662                              I  system/security/keystore2/src/security_level.rs:354 - upgrade_keyblob_if_required_with start
2025-12-09 12:42:27.353   664-664   TlcKM                   pid-664                              D  TEE_Begin 5.0
2025-12-09 12:42:27.353   664-664   TlcKM                   pid-664                              D  purpose = 0x00000000
2025-12-09 12:42:27.357   664-664   TlcKM                   pid-664                              D  find_spare_operation_slot: allocate op 0xad34da1c3127b6ef to slot #0 (1 ops live)
2025-12-09 12:42:27.358   664-664   TlcKM                   pid-664                              D  TEE_Begin exiting with 0
2025-12-09 12:42:27.358   662-21497 keystore2               pid-662                              I  system/security/keystore2/src/security_level.rs:395 - upgrade_keyblob_if_required_with end
2025-12-09 12:42:27.358   662-21497 keystore2               pid-662                              I  system/security/keystore2/src/enforcements.rs:249 - finalize_create_authorization self.state=NoAuthRequired
2025-12-09 12:42:27.358   662-21497 keystore2               pid-662                              I  system/security/keystore2/src/security_level.rs:401 - operation_db.create_operation start
2025-12-09 12:42:27.358   662-21497 keystore2               pid-662                              I  system/security/keystore2/src/security_level.rs:419 - operation_db.create_operation end
2025-12-09 12:42:27.359   664-664   TlcKM                   pid-664                              D  TEE_Update
2025-12-09 12:42:27.359   664-664   TlcKM                   pid-664                              D  split_update_chunks
2025-12-09 12:42:27.361   664-664   TlcKM                   pid-664                              D  TEE_Update exiting with 0
2025-12-09 12:42:27.361   664-664   TlcKM                   pid-664                              D  TEE_Finish
2025-12-09 12:42:27.361   664-664   TlcKM                   pid-664                              D  split_update_chunks
2025-12-09 12:42:27.362 12440-12995 FcmTokenManager         pid-12440                            D  Token already registered and cache is valid, skipping...
2025-12-09 12:42:27.362 12440-12995 AuthOrchestrator        pid-12440                            D  âœ… FCM token registrado apÃ³s validaÃ§Ã£o
2025-12-09 12:42:27.362   664-664   TlcKM                   pid-664                              D  release_operation_slot: release op slot #0 (handle 0xad34da1c3127b6ef; 0 ops live)
2025-12-09 12:42:27.362   664-664   TlcKM                   pid-664                              D  TEE_Finish exiting with 0
2025-12-09 12:42:27.363   664-664   TlcKM                   pid-664                              D  TEE_Abort
2025-12-09 12:42:27.364   662-21498 keystore2               pid-662                              I  system/security/keystore2/src/security_level.rs:235 - create_operation start
2025-12-09 12:42:27.364   662-21498 keystore2               pid-662                              I  system/security/keystore2/src/security_level.rs:237 - caller_pid=12440
2025-12-09 12:42:27.364   662-21498 keystore2               pid-662                              I  system/security/keystore2/src/security_level.rs:238 - caller_uid=10287
2025-12-09 12:42:27.364   662-21498 keystore2               pid-662                              I  system/security/keystore2/src/security_level.rs:239 - forced=false
2025-12-09 12:42:27.364   662-21498 keystore2               pid-662                              I  system/security/keystore2/src/security_level.rs:240 - key.domain=r#KEY_ID
2025-12-09 12:42:27.364   662-21498 keystore2               pid-662                              I  system/security/keystore2/src/security_level.rs:241 - key.alias=None
2025-12-09 12:42:27.364   662-21498 keystore2               pid-662                              I  system/security/keystore2/src/security_level.rs:277 - with_try_import start
2025-12-09 12:42:27.363   664-664   TlcKM                   pid-664                              E  lookup_operation: op 0xad34da1c3127b6ef not found
2025-12-09 12:42:27.364   664-664   TlcKM                   pid-664                              E  lookup_operation(session, operation_handle, &op) == -28
2025-12-09 12:42:27.364   664-664   TlcKM                   pid-664                              D  TEE_Abort exiting with -28
2025-12-09 12:42:27.364   662-21498 keystore2               pid-662                              I  system/security/keystore2/src/security_level.rs:299 - with_try_import end
2025-12-09 12:42:27.364   662-21498 keystore2               pid-662                              I  system/security/keystore2/src/security_level.rs:333 - authorize_create start
2025-12-09 12:42:27.364   662-21498 keystore2               pid-662                              I  system/security/keystore2/src/security_level.rs:344 - authorize_create end
2025-12-09 12:42:27.364   662-21498 keystore2               pid-662                              I  system/security/keystore2/src/security_level.rs:345 - unwrap_key_if_required start
2025-12-09 12:42:27.364   662-21498 keystore2               pid-662                              I  system/security/keystore2/src/security_level.rs:353 - unwrap_key_if_required end
2025-12-09 12:42:27.364   662-21498 keystore2               pid-662                              I  system/security/keystore2/src/security_level.rs:354 - upgrade_keyblob_if_required_with start
2025-12-09 12:42:27.364   664-664   TlcKM                   pid-664                              D  TEE_Begin 5.0
2025-12-09 12:42:27.364   664-664   TlcKM                   pid-664                              D  purpose = 0x00000001
2025-12-09 12:42:27.366   664-664   TlcKM                   pid-664                              D  find_spare_operation_slot: allocate op 0x742523ad4d5f2564 to slot #0 (1 ops live)
2025-12-09 12:42:27.367   664-664   TlcKM                   pid-664                              D  TEE_Begin exiting with 0
2025-12-09 12:42:27.367   662-21498 keystore2               pid-662                              I  system/security/keystore2/src/security_level.rs:395 - upgrade_keyblob_if_required_with end
2025-12-09 12:42:27.367   662-21498 keystore2               pid-662                              I  system/security/keystore2/src/enforcements.rs:249 - finalize_create_authorization self.state=NoAuthRequired
2025-12-09 12:42:27.367   662-21498 keystore2               pid-662                              I  system/security/keystore2/src/security_level.rs:401 - operation_db.create_operation start
2025-12-09 12:42:27.367   662-21498 keystore2               pid-662                              I  system/security/keystore2/src/security_level.rs:419 - operation_db.create_operation end
2025-12-09 12:42:27.368   664-664   TlcKM                   pid-664                              D  TEE_Update
2025-12-09 12:42:27.368   664-664   TlcKM                   pid-664                              D  split_update_chunks
2025-12-09 12:42:27.369 14508-14508 avqs                    pid-14508                            I  (REDACTED) Starting %s background task %s.
2025-12-09 12:42:27.372   664-664   TlcKM                   pid-664                              D  TEE_Update exiting with 0
2025-12-09 12:42:27.372   664-664   TlcKM                   pid-664                              D  TEE_Finish
2025-12-09 12:42:27.372   664-664   TlcKM                   pid-664                              D  split_update_chunks
2025-12-09 12:42:27.373   664-664   TlcKM                   pid-664                              D  release_operation_slot: release op slot #0 (handle 0x742523ad4d5f2564; 0 ops live)
2025-12-09 12:42:27.373   664-664   TlcKM                   pid-664                              D  TEE_Finish exiting with 0
2025-12-09 12:42:27.374   664-664   TlcKM                   pid-664                              D  TEE_Abort
2025-12-09 12:42:27.374   664-664   TlcKM                   pid-664                              E  lookup_operation: op 0x742523ad4d5f2564 not found
2025-12-09 12:42:27.374   664-664   TlcKM                   pid-664                              E  lookup_operation(session, operation_handle, &op) == -28
2025-12-09 12:42:27.374   664-664   TlcKM                   pid-664                              D  TEE_Abort exiting with -28
2025-12-09 12:42:27.374 11791-20493 CCTFlatFileLogStore     pid-11791                            W  Excessive logging: 1024 events, 185306 bytes from log source LATIN_IME last 44s
2025-12-09 12:42:27.375   662-21498 keystore2               pid-662                              I  system/security/keystore2/src/security_level.rs:235 - create_operation start
2025-12-09 12:42:27.375   662-21498 keystore2               pid-662                              I  system/security/keystore2/src/security_level.rs:237 - caller_pid=12440
2025-12-09 12:42:27.375   662-21498 keystore2               pid-662                              I  system/security/keystore2/src/security_level.rs:238 - caller_uid=10287
2025-12-09 12:42:27.375   662-21498 keystore2               pid-662                              I  system/security/keystore2/src/security_level.rs:239 - forced=false
2025-12-09 12:42:27.375   662-21498 keystore2               pid-662                              I  system/security/keystore2/src/security_level.rs:240 - key.domain=r#KEY_ID
2025-12-09 12:42:27.375   662-21498 keystore2               pid-662                              I  system/security/keystore2/src/security_level.rs:241 - key.alias=None
2025-12-09 12:42:27.375   662-21498 keystore2               pid-662                              I  system/security/keystore2/src/security_level.rs:277 - with_try_import start
2025-12-09 12:42:27.376   662-21498 keystore2               pid-662                              I  system/security/keystore2/src/security_level.rs:299 - with_try_import end
2025-12-09 12:42:27.376   662-21498 keystore2               pid-662                              I  system/security/keystore2/src/security_level.rs:333 - authorize_create start
2025-12-09 12:42:27.376   662-21498 keystore2               pid-662                              I  system/security/keystore2/src/security_level.rs:344 - authorize_create end
2025-12-09 12:42:27.376   662-21498 keystore2               pid-662                              I  system/security/keystore2/src/security_level.rs:345 - unwrap_key_if_required start
2025-12-09 12:42:27.376   662-21498 keystore2               pid-662                              I  system/security/keystore2/src/security_level.rs:353 - unwrap_key_if_required end
2025-12-09 12:42:27.376   662-21498 keystore2               pid-662                              I  system/security/keystore2/src/security_level.rs:354 - upgrade_keyblob_if_required_with start
2025-12-09 12:42:27.376   664-664   TlcKM                   pid-664                              D  TEE_Begin 5.0
2025-12-09 12:42:27.376   664-664   TlcKM                   pid-664                              D  purpose = 0x00000001
2025-12-09 12:42:27.377   664-664   TlcKM                   pid-664                              D  find_spare_operation_slot: allocate op 0x72b85ac9840a32cc to slot #0 (1 ops live)
2025-12-09 12:42:27.378   664-664   TlcKM                   pid-664                              D  TEE_Begin exiting with 0
2025-12-09 12:42:27.378 14508-16050 acel                    pid-14508                            W  Abort, client detached.
2025-12-09 12:42:27.378 14508-16050 acel                    pid-14508                            W  Abort, client detached.
2025-12-09 12:42:27.378   662-21498 keystore2               pid-662                              I  system/security/keystore2/src/security_level.rs:395 - upgrade_keyblob_if_required_with end
2025-12-09 12:42:27.378   662-21498 keystore2               pid-662                              I  system/security/keystore2/src/enforcements.rs:249 - finalize_create_authorization self.state=NoAuthRequired
2025-12-09 12:42:27.378   662-21498 keystore2               pid-662                              I  system/security/keystore2/src/security_level.rs:401 - operation_db.create_operation start
2025-12-09 12:42:27.378   662-21498 keystore2               pid-662                              I  system/security/keystore2/src/security_level.rs:419 - operation_db.create_operation end
2025-12-09 12:42:27.378 14508-16050 acel                    pid-14508                            W  Abort, client detached.
2025-12-09 12:42:27.379   664-664   TlcKM                   pid-664                              D  TEE_Update
2025-12-09 12:42:27.379   664-664   TlcKM                   pid-664                              D  split_update_chunks
2025-12-09 12:42:27.379 14508-16050 acel                    pid-14508                            W  Abort, client detached.
2025-12-09 12:42:27.379 14508-16050 acel                    pid-14508                            W  Abort, client detached.
2025-12-09 12:42:27.380 14508-16050 acel                    pid-14508                            W  Abort, client detached.
2025-12-09 12:42:27.384   664-664   TlcKM                   pid-664                              D  TEE_Update exiting with 0
2025-12-09 12:42:27.384   664-664   TlcKM                   pid-664                              D  TEE_Finish
2025-12-09 12:42:27.384   664-664   TlcKM                   pid-664                              D  split_update_chunks
2025-12-09 12:42:27.386   664-664   TlcKM                   pid-664                              D  release_operation_slot: release op slot #0 (handle 0x72b85ac9840a32cc; 0 ops live)
2025-12-09 12:42:27.386   664-664   TlcKM                   pid-664                              D  TEE_Finish exiting with 0
2025-12-09 12:42:27.387   664-664   TlcKM                   pid-664                              D  TEE_Abort
2025-12-09 12:42:27.387   664-664   TlcKM                   pid-664                              E  lookup_operation: op 0x72b85ac9840a32cc not found
2025-12-09 12:42:27.387   664-664   TlcKM                   pid-664                              E  lookup_operation(session, operation_handle, &op) == -28
2025-12-09 12:42:27.387   664-664   TlcKM                   pid-664                              D  TEE_Abort exiting with -28
2025-12-09 12:42:27.390   662-21497 keystore2               pid-662                              I  system/security/keystore2/src/security_level.rs:235 - create_operation start
