2026-02-04 22:02:15.171  6908-6931  creditsmart.app         com.cdccreditsmart.app               I  Background concurrent mark compact GC freed 12MB AllocSpace bytes, 90(3352KB) LOS objects, 62% free, 14MB/38MB, paused 1.320ms,5.374ms total 136.545ms
2026-02-04 22:02:15.196  6908-7727  WebSocketManager        com.cdccreditsmart.app               D  Message received: {"type":"subscribed","contractId":"TUV3TAPS","success":true,"message":"Subscribed to flow status","t...
2026-02-04 22:02:15.196  6908-7727  WebSocketManager        com.cdccreditsmart.app               D  Received message type: subscribed
2026-02-04 22:02:15.197  6908-7727  WebSocketManager        com.cdccreditsmart.app               W  Unknown message type: subscribed
2026-02-04 22:02:15.237  6908-7702  okhttp.OkHttpClient     com.cdccreditsmart.app               I  --> GET https://cdccreditsmart.com/api/apk/device/353104906953198/commands
2026-02-04 22:02:15.237  6908-7702  okhttp.OkHttpClient     com.cdccreditsmart.app               I  --> END GET
2026-02-04 22:02:15.530  6908-7737  WebSocketManager        com.cdccreditsmart.app               D  WebSocket connection opened
2026-02-04 22:02:15.531  6908-7737  WebSocketManager        com.cdccreditsmart.app               D  WebSocket connected, sending authentication for contract: TUV3TAPS
2026-02-04 22:02:15.533  6908-7737  WebSocketManager        com.cdccreditsmart.app               I  ðŸ“¤ Authentication message sent: type=authenticate, contractId=TUV3TAPS
2026-02-04 22:02:15.534  6908-7737  WebSocketManager        com.cdccreditsmart.app               I  ðŸ“¤ Subscribe message sent to server
2026-02-04 22:02:15.534  6908-7737  WebSocketManager        com.cdccreditsmart.app               D  Starting heartbeat
2026-02-04 22:02:15.534  6908-7736  MdmCommandReceiver      com.cdccreditsmart.app               I  âœ… WebSocket MDM CONECTADO COM SUCESSO!
2026-02-04 22:02:15.535  6908-7736  MdmCommandReceiver      com.cdccreditsmart.app               D  âœ… Response code: 101
2026-02-04 22:02:15.535  6908-7736  MdmCommandReceiver      com.cdccreditsmart.app               I  ðŸ” Enviando autenticaÃ§Ã£o WebSocket imediatamente (v2.5)...
2026-02-04 22:02:15.537  6908-7732  MdmCommandReceiver      com.cdccreditsmart.app               D  â° Watchdog cancelado (conexÃ£o resolvida)
2026-02-04 22:02:15.546  6908-7736  SecureTokenStorage      com.cdccreditsmart.app               D  âœ… Usando IMEI para MDM: 3531***198
2026-02-04 22:02:15.548  6908-7736  MdmCommandReceiver      com.cdccreditsmart.app               I  ðŸ” ========================================
2026-02-04 22:02:15.548  6908-7736  MdmCommandReceiver      com.cdccreditsmart.app               I  ðŸ” ENVIANDO AUTENTICAÃ‡ÃƒO WEBSOCKET
2026-02-04 22:02:15.548  6908-7736  MdmCommandReceiver      com.cdccreditsmart.app               I  ðŸ” ========================================
2026-02-04 22:02:15.548  6908-7736  MdmCommandReceiver      com.cdccreditsmart.app               I  ðŸ” serialNumber (contractCode): TUV3TAPS
2026-02-04 22:02:15.549  6908-7736  MdmCommandReceiver      com.cdccreditsmart.app               I  ðŸ” deviceToken: eyJhbGciOiJIUzI1NiIs...
2026-02-04 22:02:15.549  6908-7736  MdmCommandReceiver      com.cdccreditsmart.app               I  ðŸ” deviceFingerprint: N/A...
2026-02-04 22:02:15.549  6908-7736  MdmCommandReceiver      com.cdccreditsmart.app               I  ðŸ” imei: 3531***
2026-02-04 22:02:15.549  6908-7736  MdmCommandReceiver      com.cdccreditsmart.app               I  ðŸ” androidId: 46cfde82...
2026-02-04 22:02:15.549  6908-7736  MdmCommandReceiver      com.cdccreditsmart.app               I  ðŸ” apkVersion: 1.0.0-debug
2026-02-04 22:02:15.549  6908-7736  MdmCommandReceiver      com.cdccreditsmart.app               I  âœ… Mensagem de autenticaÃ§Ã£o enviada com sucesso (7 campos)
2026-02-04 22:02:15.552  6908-7736  MdmCommandReceiver      com.cdccreditsmart.app               D  â³ Polling jÃ¡ estÃ¡ ativo - ignorando chamada duplicada
2026-02-04 22:02:15.552  6908-7732  MdmCommandReceiver      com.cdccreditsmart.app               I  ðŸ’“ Iniciando ping manual JSON (intervalo: 40s)
2026-02-04 22:02:15.553  6908-7736  MdmCommandReceiver      com.cdccreditsmart.app               D  ðŸ“¥ Mensagem MDM recebida: {"type":"welcome","message":"Connected to unified WebSocket server","connectionId":"5c5bf176-e17f-4b79-899e-459bcff893d8","path":"/ws/mdm-policies","routerKey":"mdm-policies","timestamp":"2026-02-05T01:02:15.425Z","serverTime":"2026-02-05T01:02:15.425Z"}
2026-02-04 22:02:15.563  6908-7732  MdmCommandReceiver      com.cdccreditsmart.app               D  ðŸ“¥ JSON recebido: {"type":"welcome","message":"Connected to unified WebSocket server","connectionId":"5c5bf176-e17f-4b79-899e-459bcff893d8","path":"/ws/mdm-policies","routerKey":"mdm-policies","timestamp":"2026-02-05T01:02:15.425Z","serverTime":"2026-02-05T01:02:15.425Z"}
2026-02-04 22:02:15.564  6908-7702  okhttp.OkHttpClient     com.cdccreditsmart.app               I  <-- 404 https://cdccreditsmart.com/api/apk/device/353104906953198/commands (325ms)
2026-02-04 22:02:15.564  6908-7702  okhttp.OkHttpClient     com.cdccreditsmart.app               I  access-control-allow-credentials: true
2026-02-04 22:02:15.565  6908-7736  MdmCommandReceiver      com.cdccreditsmart.app               D  ðŸ“¥ Mensagem MDM recebida: {"type":"auth_error","message":"Serial number or device fingerprint required for MDM connections","timestamp":"2026-02-05T01:02:15.426Z"}
2026-02-04 22:02:15.566  6908-7702  okhttp.OkHttpClient     com.cdccreditsmart.app               I  access-control-allow-headers: Origin, X-Requested-With, Content-Type, Accept, Authorization, x-client-key, x-client-token, x-client-secret, cache-control
2026-02-04 22:02:15.568  6908-7702  okhttp.OkHttpClient     com.cdccreditsmart.app               I  access-control-allow-methods: GET, POST, PUT, PATCH, DELETE, OPTIONS
2026-02-04 22:02:15.569  6908-7733  MdmCommandReceiver      com.cdccreditsmart.app               D  ðŸ“¥ JSON recebido: {"type":"auth_error","message":"Serial number or device fingerprint required for MDM connections","timestamp":"2026-02-05T01:02:15.426Z"}
2026-02-04 22:02:15.569  6908-7702  okhttp.OkHttpClient     com.cdccreditsmart.app               I  access-control-allow-origin: *
2026-02-04 22:02:15.569  6908-7702  okhttp.OkHttpClient     com.cdccreditsmart.app               I  access-control-max-age: 86400
2026-02-04 22:02:15.569  6908-7702  okhttp.OkHttpClient     com.cdccreditsmart.app               I  content-length: 108
2026-02-04 22:02:15.569  6908-7702  okhttp.OkHttpClient     com.cdccreditsmart.app               I  content-security-policy: default-src 'self'; script-src 'self' 'unsafe-inline' 'unsafe-eval' https://replit.com; style-src 'self' 'unsafe-inline' https://replit.com; img-src 'self' data: https:; font-src 'self' data: https://replit.com; connect-src 'self';
2026-02-04 22:02:15.569  6908-7736  MdmCommandReceiver      com.cdccreditsmart.app               W  âš ï¸ WebSocket MDM fechando (code=4001)
2026-02-04 22:02:15.570  6908-7702  okhttp.OkHttpClient     com.cdccreditsmart.app               I  content-type: application/json; charset=utf-8
2026-02-04 22:02:15.570  6908-7702  okhttp.OkHttpClient     com.cdccreditsmart.app               I  date: Thu, 05 Feb 2026 01:02:15 GMT
2026-02-04 22:02:15.570  6908-7702  okhttp.OkHttpClient     com.cdccreditsmart.app               I  etag: W/"6c-vuuciI00e6Pw0rqSTJRUmUCYNYs"
2026-02-04 22:02:15.570  6908-7702  okhttp.OkHttpClient     com.cdccreditsmart.app               I  permissions-policy: geolocation=(), microphone=(), camera=()
2026-02-04 22:02:15.570  6908-7702  okhttp.OkHttpClient     com.cdccreditsmart.app               I  referrer-policy: strict-origin-when-cross-origin
2026-02-04 22:02:15.570  6908-7702  okhttp.OkHttpClient     com.cdccreditsmart.app               I  strict-transport-security: max-age=63072000; includeSubDomains
2026-02-04 22:02:15.570  6908-7702  okhttp.OkHttpClient     com.cdccreditsmart.app               I  strict-transport-security: max-age=31536000; includeSubDomains
2026-02-04 22:02:15.570  6908-7702  okhttp.OkHttpClient     com.cdccreditsmart.app               I  x-anti-fraud-protection: active
2026-02-04 22:02:15.570  6908-7702  okhttp.OkHttpClient     com.cdccreditsmart.app               I  x-certificate-pinning-enabled: false
2026-02-04 22:02:15.570  6908-7702  okhttp.OkHttpClient     com.cdccreditsmart.app               I  x-certificate-pinning-status: disabled-for-stability
2026-02-04 22:02:15.570  6908-7702  okhttp.OkHttpClient     com.cdccreditsmart.app               I  x-content-type-options: nosniff
2026-02-04 22:02:15.571  6908-7702  okhttp.OkHttpClient     com.cdccreditsmart.app               I  x-financial-data-protection: enabled
2026-02-04 22:02:15.571  6908-7702  okhttp.OkHttpClient     com.cdccreditsmart.app               I  x-frame-options: DENY
2026-02-04 22:02:15.571  6908-7702  okhttp.OkHttpClient     com.cdccreditsmart.app               I  x-transaction-security-level: maximum
2026-02-04 22:02:15.571  6908-7702  okhttp.OkHttpClient     com.cdccreditsmart.app               I  x-xss-protection: 1; mode=block
2026-02-04 22:02:15.571  6908-7702  okhttp.OkHttpClient     com.cdccreditsmart.app               I  via: 1.1 google
2026-02-04 22:02:15.571  6908-7702  okhttp.OkHttpClient     com.cdccreditsmart.app               I  alt-svc: h3=":443"; ma=2592000,h3-29=":443"; ma=2592000
2026-02-04 22:02:15.574  6908-7702  okhttp.OkHttpClient     com.cdccreditsmart.app               I  {"error":"Dispositivo nÃ£o encontrado","hint":"Use IMEI, Serial Number ou Device ID do aparelho cadastrado"}
2026-02-04 22:02:15.574  6908-7702  okhttp.OkHttpClient     com.cdccreditsmart.app               I  <-- END HTTP (108-byte body)
2026-02-04 22:02:15.579  6908-7735  MdmCommandReceiver      com.cdccreditsmart.app               I  ðŸ” HTTP Response code: 404
2026-02-04 22:02:15.579  6908-7735  MdmCommandReceiver      com.cdccreditsmart.app               I  ðŸ” HTTP isSuccessful: false
2026-02-04 22:02:15.579  6908-7735  MdmCommandReceiver      com.cdccreditsmart.app               E  âŒ ========================================
2026-02-04 22:02:15.579  6908-7735  MdmCommandReceiver      com.cdccreditsmart.app               E  âŒ ERRO AO BUSCAR COMANDOS PENDENTES
2026-02-04 22:02:15.580  6908-7735  MdmCommandReceiver      com.cdccreditsmart.app               E  âŒ ========================================
2026-02-04 22:02:15.580  6908-7735  MdmCommandReceiver      com.cdccreditsmart.app               E  âŒ HTTP Status: 404
2026-02-04 22:02:15.580  6908-7735  MdmCommandReceiver      com.cdccreditsmart.app               E  âŒ HTTP Message: 
2026-02-04 22:02:15.580  6908-7735  MdmCommandReceiver      com.cdccreditsmart.app               E  âŒ Error body: {"error":"Dispositivo nÃ£o encontrado","hint":"Use IMEI, Serial Number ou Device ID do aparelho cadastrado"}
2026-02-04 22:02:15.580  6908-7735  MdmCommandReceiver      com.cdccreditsmart.app               E  âŒ ========================================
2026-02-04 22:02:15.580  6908-7735  MdmCommandReceiver      com.cdccreditsmart.app               E  âŒ Device nÃ£o encontrado no backend!
2026-02-04 22:02:15.581  6908-7735  MdmCommandReceiver      com.cdccreditsmart.app               E  âŒ Identifier usado: 353104906953198
2026-02-04 22:02:15.581  6908-7735  MdmCommandReceiver      com.cdccreditsmart.app               I  ðŸ” [Polling #1] Verificando comandos pendentes...
2026-02-04 22:02:15.588  6908-7735  SecureTokenStorage      com.cdccreditsmart.app               D  âœ… Usando IMEI para MDM: 3531***198
2026-02-04 22:02:15.588  6908-7735  MdmCommandReceiver      com.cdccreditsmart.app               I  ðŸ” ========================================
2026-02-04 22:02:15.588  6908-7735  MdmCommandReceiver      com.cdccreditsmart.app               I  ðŸ” BUSCANDO COMANDOS PENDENTES
2026-02-04 22:02:15.588  6908-7735  MdmCommandReceiver      com.cdccreditsmart.app               I  ðŸ” ========================================
2026-02-04 22:02:15.588  6908-7735  MdmCommandReceiver      com.cdccreditsmart.app               I  ðŸ” Identifier: 353104906953198
2026-02-04 22:02:15.588  6908-7735  MdmCommandReceiver      com.cdccreditsmart.app               I  ðŸ” Endpoint: GET /api/apk/device/353104906953198/commands
2026-02-04 22:02:15.593  6908-7735  MdmCommandReceiver      com.cdccreditsmart.app               D  ðŸ” Executando requisiÃ§Ã£o HTTP (timeout: 15s)...
2026-02-04 22:02:15.607  6908-7702  okhttp.OkHttpClient     com.cdccreditsmart.app               I  --> GET https://cdccreditsmart.com/api/apk/device/353104906953198/commands
2026-02-04 22:02:15.608  6908-7702  okhttp.OkHttpClient     com.cdccreditsmart.app               I  --> END GET
2026-02-04 22:02:15.661  6908-7738  okhttp.OkHttpClient     com.cdccreditsmart.app               I  --> POST https://cdccreditsmart.com/api/apk/device/heartbeat
2026-02-04 22:02:15.661  6908-7738  okhttp.OkHttpClient     com.cdccreditsmart.app               I  Content-Type: application/json; charset=UTF-8
2026-02-04 22:02:15.662  6908-7738  okhttp.OkHttpClient     com.cdccreditsmart.app               I  Content-Length: 519
2026-02-04 22:02:15.662  6908-7738  okhttp.OkHttpClient     com.cdccreditsmart.app               I  Authorization: Bearer eyJhbGciOiJIUzI1NiIsInR5cCI6IkpXVCJ9.eyJkZXZpY2VJZCI6IjM1MzEwNDkwNjk1MzE5OCIsInNlcmlhbE51bWJlciI6IlpGNTI1R1JDUDgiLCJmaW5nZXJwcmludCI6IjE4YmQ2YWRiMmM2N2RhYzc1NjQ0YWU0ODkzOTc5NTAxOGI5ODVhMmVhMzA3ZDNiNDc2ODBjMGY0YzEzNWIzMTAiLCJ0eXBlIjoiYXBrIiwic2NvcGVzIjpbImRldmljZTpyZWFkIiwiZGV2aWNlOnN5bmMiXSwiaWF0IjoxNzcwMjUzMzMzLCJleHAiOjE4MDE3ODkzMzN9.MRqN9NRjDzkrnwZonxAv_Bo9JQ9BrhCWamsTB9d9GCY
2026-02-04 22:02:15.664  6908-7738  okhttp.OkHttpClient     com.cdccreditsmart.app               I  {"deviceToken":"eyJhbGciOiJIUzI1NiIsInR5cCI6IkpXVCJ9.eyJkZXZpY2VJZCI6IjM1MzEwNDkwNjk1MzE5OCIsInNlcmlhbE51bWJlciI6IlpGNTI1R1JDUDgiLCJmaW5nZXJwcmludCI6IjE4YmQ2YWRiMmM2N2RhYzc1NjQ0YWU0ODkzOTc5NTAxOGI5ODVhMmVhMzA3ZDNiNDc2ODBjMGY0YzEzNWIzMTAiLCJ0eXBlIjoiYXBrIiwic2NvcGVzIjpbImRldmljZTpyZWFkIiwiZGV2aWNlOnN5bmMiXSwiaWF0IjoxNzcwMjUzMzMzLCJleHAiOjE4MDE3ODkzMzN9.MRqN9NRjDzkrnwZonxAv_Bo9JQ9BrhCWamsTB9d9GCY","currentBlockLevel":0,"batteryLevel":100,"isCharging":true,"currentSimImei":"353104906953198","timestamp":1770253335006}
2026-02-04 22:02:15.666  6908-7738  okhttp.OkHttpClient     com.cdccreditsmart.app               I  --> END POST (519-byte body)
2026-02-04 22:02:15.730  6908-7737  WebSocketManager        com.cdccreditsmart.app               D  Message received: {"type":"authenticated","contractId":"TUV3TAPS","success":true,"message":"Conectado ao sistema","tim...
2026-02-04 22:02:15.730  6908-7737  WebSocketManager        com.cdccreditsmart.app               D  Received message type: authenticated
2026-02-04 22:02:15.730  6908-7737  WebSocketManager        com.cdccreditsmart.app               D  Successfully authenticated
2026-02-04 22:02:15.731  6908-7737  WebSocketManager        com.cdccreditsmart.app               D  Starting heartbeat
2026-02-04 22:02:15.765  6908-7739  okhttp.OkHttpClient     com.cdccreditsmart.app               I  --> POST https://cdccreditsmart.com/api/apk/device/heartbeat
2026-02-04 22:02:15.766  6908-7739  okhttp.OkHttpClient     com.cdccreditsmart.app               I  Content-Type: application/json; charset=UTF-8
2026-02-04 22:02:15.766  6908-7739  okhttp.OkHttpClient     com.cdccreditsmart.app               I  Content-Length: 160
2026-02-04 22:02:15.766  6908-7739  okhttp.OkHttpClient     com.cdccreditsmart.app               I  Authorization: Bearer eyJhbGciOiJIUzI1NiIsInR5cCI6IkpXVCJ9.eyJkZXZpY2VJZCI6IjM1MzEwNDkwNjk1MzE5OCIsInNlcmlhbE51bWJlciI6IlpGNTI1R1JDUDgiLCJmaW5nZXJwcmludCI6IjE4YmQ2YWRiMmM2N2RhYzc1NjQ0YWU0ODkzOTc5NTAxOGI5ODVhMmVhMzA3ZDNiNDc2ODBjMGY0YzEzNWIzMTAiLCJ0eXBlIjoiYXBrIiwic2NvcGVzIjpbImRldmljZTpyZWFkIiwiZGV2aWNlOnN5bmMiXSwiaWF0IjoxNzcwMjUzMzMzLCJleHAiOjE4MDE3ODkzMzN9.MRqN9NRjDzkrnwZonxAv_Bo9JQ9BrhCWamsTB9d9GCY
2026-02-04 22:02:15.768  6908-7739  okhttp.OkHttpClient     com.cdccreditsmart.app               I  {"timestamp":1770253335073,"status":"active","batteryLevel":100,"currentBlockLevel":0,"blockedAppsCount":0,"progressiveBlockActive":false,"isManualBlock":false}
2026-02-04 22:02:15.768  6908-7739  okhttp.OkHttpClient     com.cdccreditsmart.app               I  --> END POST (160-byte body)
2026-02-04 22:02:15.771  6908-7737  WebSocketManager        com.cdccreditsmart.app               D  Message received: {"type":"subscribed","contractId":"TUV3TAPS","success":true,"message":"Subscribed to flow status","t...
2026-02-04 22:02:15.771  6908-7737  WebSocketManager        com.cdccreditsmart.app               D  Received message type: subscribed
2026-02-04 22:02:15.771  6908-7737  WebSocketManager        com.cdccreditsmart.app               W  Unknown message type: subscribed
2026-02-04 22:02:15.783  6908-7732  MdmCommandReceiver      com.cdccreditsmart.app               D  ðŸ“¨ Tipo de mensagem: welcome
2026-02-04 22:02:15.784  6908-7732  MdmCommandReceiver      com.cdccreditsmart.app               D  ðŸ‘‹ Mensagem de boas-vindas do servidor
2026-02-04 22:02:15.785  6908-7733  MdmCommandReceiver      com.cdccreditsmart.app               D  ðŸ“¨ Tipo de mensagem: auth_error
2026-02-04 22:02:15.785  6908-7733  MdmCommandReceiver      com.cdccreditsmart.app               E  âŒ ========================================
2026-02-04 22:02:15.785  6908-7733  MdmCommandReceiver      com.cdccreditsmart.app               E  âŒ ERRO DE AUTENTICAÃ‡ÃƒO WEBSOCKET!
2026-02-04 22:02:15.785  6908-7733  MdmCommandReceiver      com.cdccreditsmart.app               E  âŒ ========================================
2026-02-04 22:02:15.785  6908-7733  MdmCommandReceiver      com.cdccreditsmart.app               E  âŒ Erro: Serial number or device fingerprint required for MDM connections
2026-02-04 22:02:15.785  6908-7733  MdmCommandReceiver      com.cdccreditsmart.app               E  âŒ CÃ³digo: 
2026-02-04 22:02:15.935  6908-7702  okhttp.OkHttpClient     com.cdccreditsmart.app               I  <-- 404 https://cdccreditsmart.com/api/apk/device/353104906953198/commands (327ms)
2026-02-04 22:02:15.935  6908-7702  okhttp.OkHttpClient     com.cdccreditsmart.app               I  access-control-allow-credentials: true
2026-02-04 22:02:15.936  6908-7702  okhttp.OkHttpClient     com.cdccreditsmart.app               I  access-control-allow-headers: Origin, X-Requested-With, Content-Type, Accept, Authorization, x-client-key, x-client-token, x-client-secret, cache-control
2026-02-04 22:02:15.936  6908-7702  okhttp.OkHttpClient     com.cdccreditsmart.app               I  access-control-allow-methods: GET, POST, PUT, PATCH, DELETE, OPTIONS
2026-02-04 22:02:15.936  6908-7702  okhttp.OkHttpClient     com.cdccreditsmart.app               I  access-control-allow-origin: *
2026-02-04 22:02:15.936  6908-7702  okhttp.OkHttpClient     com.cdccreditsmart.app               I  access-control-max-age: 86400
2026-02-04 22:02:15.936  6908-7702  okhttp.OkHttpClient     com.cdccreditsmart.app               I  content-length: 108
2026-02-04 22:02:15.936  6908-7702  okhttp.OkHttpClient     com.cdccreditsmart.app               I  content-security-policy: default-src 'self'; script-src 'self' 'unsafe-inline' 'unsafe-eval' https://replit.com; style-src 'self' 'unsafe-inline' https://replit.com; img-src 'self' data: https:; font-src 'self' data: https://replit.com; connect-src 'self';
2026-02-04 22:02:15.936  6908-7702  okhttp.OkHttpClient     com.cdccreditsmart.app               I  content-type: application/json; charset=utf-8
2026-02-04 22:02:15.936  6908-7702  okhttp.OkHttpClient     com.cdccreditsmart.app               I  date: Thu, 05 Feb 2026 01:02:15 GMT
2026-02-04 22:02:15.936  6908-7702  okhttp.OkHttpClient     com.cdccreditsmart.app               I  etag: W/"6c-vuuciI00e6Pw0rqSTJRUmUCYNYs"
2026-02-04 22:02:15.937  6908-7702  okhttp.OkHttpClient     com.cdccreditsmart.app               I  permissions-policy: geolocation=(), microphone=(), camera=()
2026-02-04 22:02:15.937  6908-7702  okhttp.OkHttpClient     com.cdccreditsmart.app               I  referrer-policy: strict-origin-when-cross-origin
2026-02-04 22:02:15.937  6908-7702  okhttp.OkHttpClient     com.cdccreditsmart.app               I  strict-transport-security: max-age=63072000; includeSubDomains
2026-02-04 22:02:15.937  6908-7702  okhttp.OkHttpClient     com.cdccreditsmart.app               I  strict-transport-security: max-age=31536000; includeSubDomains
2026-02-04 22:02:15.937  6908-7702  okhttp.OkHttpClient     com.cdccreditsmart.app               I  x-anti-fraud-protection: active
2026-02-04 22:02:15.937  6908-7702  okhttp.OkHttpClient     com.cdccreditsmart.app               I  x-certificate-pinning-enabled: false
2026-02-04 22:02:15.937  6908-7702  okhttp.OkHttpClient     com.cdccreditsmart.app               I  x-certificate-pinning-status: disabled-for-stability
2026-02-04 22:02:15.937  6908-7702  okhttp.OkHttpClient     com.cdccreditsmart.app               I  x-content-type-options: nosniff
2026-02-04 22:02:15.938  6908-7702  okhttp.OkHttpClient     com.cdccreditsmart.app               I  x-financial-data-protection: enabled
2026-02-04 22:02:15.938  6908-7702  okhttp.OkHttpClient     com.cdccreditsmart.app               I  x-frame-options: DENY
2026-02-04 22:02:15.938  6908-7702  okhttp.OkHttpClient     com.cdccreditsmart.app               I  x-transaction-security-level: maximum
2026-02-04 22:02:15.938  6908-7702  okhttp.OkHttpClient     com.cdccreditsmart.app               I  x-xss-protection: 1; mode=block
2026-02-04 22:02:15.938  6908-7702  okhttp.OkHttpClient     com.cdccreditsmart.app               I  via: 1.1 google
2026-02-04 22:02:15.938  6908-7702  okhttp.OkHttpClient     com.cdccreditsmart.app               I  alt-svc: h3=":443"; ma=2592000,h3-29=":443"; ma=2592000
2026-02-04 22:02:15.939  6908-7702  okhttp.OkHttpClient     com.cdccreditsmart.app               I  {"error":"Dispositivo nÃ£o encontrado","hint":"Use IMEI, Serial Number ou Device ID do aparelho cadastrado"}
2026-02-04 22:02:15.940  6908-7702  okhttp.OkHttpClient     com.cdccreditsmart.app               I  <-- END HTTP (108-byte body)
2026-02-04 22:02:15.942  6908-7733  MdmCommandReceiver      com.cdccreditsmart.app               I  ðŸ” HTTP Response code: 404
2026-02-04 22:02:15.942  6908-7733  MdmCommandReceiver      com.cdccreditsmart.app               I  ðŸ” HTTP isSuccessful: false
2026-02-04 22:02:15.942  6908-7733  MdmCommandReceiver      com.cdccreditsmart.app               E  âŒ ========================================
2026-02-04 22:02:15.942  6908-7733  MdmCommandReceiver      com.cdccreditsmart.app               E  âŒ ERRO AO BUSCAR COMANDOS PENDENTES
2026-02-04 22:02:15.942  6908-7733  MdmCommandReceiver      com.cdccreditsmart.app               E  âŒ ========================================
2026-02-04 22:02:15.942  6908-7733  MdmCommandReceiver      com.cdccreditsmart.app               E  âŒ HTTP Status: 404
2026-02-04 22:02:15.942  6908-7733  MdmCommandReceiver      com.cdccreditsmart.app               E  âŒ HTTP Message: 
2026-02-04 22:02:15.942  6908-7733  MdmCommandReceiver      com.cdccreditsmart.app               E  âŒ Error body: {"error":"Dispositivo nÃ£o encontrado","hint":"Use IMEI, Serial Number ou Device ID do aparelho cadastrado"}
2026-02-04 22:02:15.942  6908-7733  MdmCommandReceiver      com.cdccreditsmart.app               E  âŒ ========================================
2026-02-04 22:02:15.942  6908-7733  MdmCommandReceiver      com.cdccreditsmart.app               E  âŒ Device nÃ£o encontrado no backend!
2026-02-04 22:02:15.943  6908-7733  MdmCommandReceiver      com.cdccreditsmart.app               E  âŒ Identifier usado: 353104906953198
2026-02-04 22:02:16.114  6908-7738  okhttp.OkHttpClient     com.cdccreditsmart.app               I  <-- 401 https://cdccreditsmart.com/api/apk/device/heartbeat (447ms)
2026-02-04 22:02:16.114  6908-7738  okhttp.OkHttpClient     com.cdccreditsmart.app               I  access-control-allow-credentials: true
2026-02-04 22:02:16.114  6908-7738  okhttp.OkHttpClient     com.cdccreditsmart.app               I  access-control-allow-headers: Origin, X-Requested-With, Content-Type, Accept, Authorization, x-client-key, x-client-token, x-client-secret, cache-control
2026-02-04 22:02:16.114  6908-7738  okhttp.OkHttpClient     com.cdccreditsmart.app               I  access-control-allow-methods: GET, POST, PUT, PATCH, DELETE, OPTIONS
2026-02-04 22:02:16.114  6908-7738  okhttp.OkHttpClient     com.cdccreditsmart.app               I  access-control-allow-origin: *
2026-02-04 22:02:16.114  6908-7738  okhttp.OkHttpClient     com.cdccreditsmart.app               I  access-control-max-age: 86400
2026-02-04 22:02:16.114  6908-7738  okhttp.OkHttpClient     com.cdccreditsmart.app               I  content-length: 39
2026-02-04 22:02:16.114  6908-7738  okhttp.OkHttpClient     com.cdccreditsmart.app               I  content-security-policy: default-src 'self'; script-src 'self' 'unsafe-inline' 'unsafe-eval' https://replit.com; style-src 'self' 'unsafe-inline' https://replit.com; img-src 'self' data: https:; font-src 'self' data: https://replit.com; connect-src 'self';
2026-02-04 22:02:16.114  6908-7738  okhttp.OkHttpClient     com.cdccreditsmart.app               I  content-type: application/json; charset=utf-8
2026-02-04 22:02:16.115  6908-7738  okhttp.OkHttpClient     com.cdccreditsmart.app               I  date: Thu, 05 Feb 2026 01:02:16 GMT
2026-02-04 22:02:16.115  6908-7738  okhttp.OkHttpClient     com.cdccreditsmart.app               I  etag: W/"27-FwBkW9YKwguewb0o8Te74FSQZ6A"
2026-02-04 22:02:16.115  6908-7738  okhttp.OkHttpClient     com.cdccreditsmart.app               I  permissions-policy: geolocation=(), microphone=(), camera=()
2026-02-04 22:02:16.115  6908-7738  okhttp.OkHttpClient     com.cdccreditsmart.app               I  referrer-policy: strict-origin-when-cross-origin
2026-02-04 22:02:16.115  6908-7738  okhttp.OkHttpClient     com.cdccreditsmart.app               I  strict-transport-security: max-age=63072000; includeSubDomains
2026-02-04 22:02:16.115  6908-7738  okhttp.OkHttpClient     com.cdccreditsmart.app               I  strict-transport-security: max-age=31536000; includeSubDomains
2026-02-04 22:02:16.115  6908-7738  okhttp.OkHttpClient     com.cdccreditsmart.app               I  x-anti-fraud-protection: active
2026-02-04 22:02:16.115  6908-7738  okhttp.OkHttpClient     com.cdccreditsmart.app               I  x-certificate-pinning-enabled: false
2026-02-04 22:02:16.115  6908-7738  okhttp.OkHttpClient     com.cdccreditsmart.app               I  x-certificate-pinning-status: disabled-for-stability
2026-02-04 22:02:16.115  6908-7738  okhttp.OkHttpClient     com.cdccreditsmart.app               I  x-content-type-options: nosniff
2026-02-04 22:02:16.115  6908-7738  okhttp.OkHttpClient     com.cdccreditsmart.app               I  x-financial-data-protection: enabled
2026-02-04 22:02:16.115  6908-7738  okhttp.OkHttpClient     com.cdccreditsmart.app               I  x-frame-options: DENY
2026-02-04 22:02:16.115  6908-7738  okhttp.OkHttpClient     com.cdccreditsmart.app               I  x-transaction-security-level: maximum
2026-02-04 22:02:16.115  6908-7738  okhttp.OkHttpClient     com.cdccreditsmart.app               I  x-xss-protection: 1; mode=block
2026-02-04 22:02:16.116  6908-7738  okhttp.OkHttpClient     com.cdccreditsmart.app               I  via: 1.1 google
2026-02-04 22:02:16.116  6908-7738  okhttp.OkHttpClient     com.cdccreditsmart.app               I  alt-svc: h3=":443"; ma=2592000,h3-29=":443"; ma=2592000
2026-02-04 22:02:16.116  6908-7738  okhttp.OkHttpClient     com.cdccreditsmart.app               I  {"error":"Token invÃ¡lido ou expirado"}
2026-02-04 22:02:16.117  6908-7738  okhttp.OkHttpClient     com.cdccreditsmart.app               I  <-- END HTTP (39-byte body)
2026-02-04 22:02:16.118  6908-7733  HeartbeatManager        com.cdccreditsmart.app               E  âŒ Erro ao enviar heartbeat: HTTP 401
2026-02-04 22:02:16.118  6908-7733  HeartbeatManager        com.cdccreditsmart.app               E     Resposta: {"error":"Token invÃ¡lido ou expirado"}
2026-02-04 22:02:16.184  6908-7739  okhttp.OkHttpClient     com.cdccreditsmart.app               I  <-- 401 https://cdccreditsmart.com/api/apk/device/heartbeat (415ms)
2026-02-04 22:02:16.184  6908-7739  okhttp.OkHttpClient     com.cdccreditsmart.app               I  access-control-allow-credentials: true
2026-02-04 22:02:16.184  6908-7739  okhttp.OkHttpClient     com.cdccreditsmart.app               I  access-control-allow-headers: Origin, X-Requested-With, Content-Type, Accept, Authorization, x-client-key, x-client-token, x-client-secret, cache-control
2026-02-04 22:02:16.184  6908-7739  okhttp.OkHttpClient     com.cdccreditsmart.app               I  access-control-allow-methods: GET, POST, PUT, PATCH, DELETE, OPTIONS
2026-02-04 22:02:16.185  6908-7739  okhttp.OkHttpClient     com.cdccreditsmart.app               I  access-control-allow-origin: *
2026-02-04 22:02:16.185  6908-7739  okhttp.OkHttpClient     com.cdccreditsmart.app               I  access-control-max-age: 86400
2026-02-04 22:02:16.185  6908-7739  okhttp.OkHttpClient     com.cdccreditsmart.app               I  content-length: 39
2026-02-04 22:02:16.185  6908-7739  okhttp.OkHttpClient     com.cdccreditsmart.app               I  content-security-policy: default-src 'self'; script-src 'self' 'unsafe-inline' 'unsafe-eval' https://replit.com; style-src 'self' 'unsafe-inline' https://replit.com; img-src 'self' data: https:; font-src 'self' data: https://replit.com; connect-src 'self';
2026-02-04 22:02:16.185  6908-7739  okhttp.OkHttpClient     com.cdccreditsmart.app               I  content-type: application/json; charset=utf-8
2026-02-04 22:02:16.185  6908-7739  okhttp.OkHttpClient     com.cdccreditsmart.app               I  date: Thu, 05 Feb 2026 01:02:16 GMT
2026-02-04 22:02:16.185  6908-7739  okhttp.OkHttpClient     com.cdccreditsmart.app               I  etag: W/"27-FwBkW9YKwguewb0o8Te74FSQZ6A"
2026-02-04 22:02:16.185  6908-7739  okhttp.OkHttpClient     com.cdccreditsmart.app               I  permissions-policy: geolocation=(), microphone=(), camera=()
2026-02-04 22:02:16.185  6908-7739  okhttp.OkHttpClient     com.cdccreditsmart.app               I  referrer-policy: strict-origin-when-cross-origin
2026-02-04 22:02:16.185  6908-7739  okhttp.OkHttpClient     com.cdccreditsmart.app               I  strict-transport-security: max-age=63072000; includeSubDomains
2026-02-04 22:02:16.185  6908-7739  okhttp.OkHttpClient     com.cdccreditsmart.app               I  strict-transport-security: max-age=31536000; includeSubDomains
2026-02-04 22:02:16.185  6908-7739  okhttp.OkHttpClient     com.cdccreditsmart.app               I  x-anti-fraud-protection: active
2026-02-04 22:02:16.186  6908-7739  okhttp.OkHttpClient     com.cdccreditsmart.app               I  x-certificate-pinning-enabled: false
2026-02-04 22:02:16.186  6908-7739  okhttp.OkHttpClient     com.cdccreditsmart.app               I  x-certificate-pinning-status: disabled-for-stability
2026-02-04 22:02:16.186  6908-7739  okhttp.OkHttpClient     com.cdccreditsmart.app               I  x-content-type-options: nosniff
2026-02-04 22:02:16.186  6908-7739  okhttp.OkHttpClient     com.cdccreditsmart.app               I  x-financial-data-protection: enabled
2026-02-04 22:02:16.186  6908-7739  okhttp.OkHttpClient     com.cdccreditsmart.app               I  x-frame-options: DENY
2026-02-04 22:02:16.186  6908-7739  okhttp.OkHttpClient     com.cdccreditsmart.app               I  x-transaction-security-level: maximum
2026-02-04 22:02:16.186  6908-7739  okhttp.OkHttpClient     com.cdccreditsmart.app               I  x-xss-protection: 1; mode=block
2026-02-04 22:02:16.186  6908-7739  okhttp.OkHttpClient     com.cdccreditsmart.app               I  via: 1.1 google
2026-02-04 22:02:16.186  6908-7739  okhttp.OkHttpClient     com.cdccreditsmart.app               I  alt-svc: h3=":443"; ma=2592000,h3-29=":443"; ma=2592000
2026-02-04 22:02:16.187  6908-7739  okhttp.OkHttpClient     com.cdccreditsmart.app               I  {"error":"Token invÃ¡lido ou expirado"}
2026-02-04 22:02:16.188  6908-7739  okhttp.OkHttpClient     com.cdccreditsmart.app               I  <-- END HTTP (39-byte body)
2026-02-04 22:02:16.190  6908-7733  CdcForegroundService    com.cdccreditsmart.app               E  ðŸ”„ âŒ Erro no heartbeat de sincronizaÃ§Ã£o: HTTP 401
2026-02-04 22:02:16.190  6908-7733  CdcForegroundService    com.cdccreditsmart.app               E  ðŸ”„    {"error":"Token invÃ¡lido ou expirado"}
2026-02-04 22:02:16.190  6908-7733  CdcForegroundService    com.cdccreditsmart.app               I  ðŸ”„ ========================================
2026-02-04 22:02:16.190  6908-7733  CdcForegroundService    com.cdccreditsmart.app               I  âœ… Todos os serviÃ§os MDM inicializados com sucesso
2026-02-04 22:02:16.415  6908-6908  PairingViewModel        com.cdccreditsmart.app               I  ðŸ’¾ Salvando dados no fallback (apÃ³s 2s) - CustomerName: 'Marcos Antunes', DeviceModel: 'moto g15'
2026-02-04 22:02:16.415  6908-6908  SecureTokenStorage      com.cdccreditsmart.app               D  ðŸ’¾ Salvando customer info - Name: Marcos Antunes, Device: moto g15
2026-02-04 22:02:16.418  6908-6908  SecureTokenStorage      com.cdccreditsmart.app               D  âœ… CustomerName salvo: Marcos Antunes
2026-02-04 22:02:16.420  6908-6908  SecureTokenStorage      com.cdccreditsmart.app               D  âœ… DeviceModel salvo: moto g15
2026-02-04 22:02:16.421  6908-6908  SecureTokenStorage      com.cdccreditsmart.app               I  âœ… Customer info saved successfully!
2026-02-04 22:02:16.422  6908-6908  PairingViewModel        com.cdccreditsmart.app               I  ðŸ“… ========================================
2026-02-04 22:02:16.422  6908-6908  PairingViewModel        com.cdccreditsmart.app               I  ðŸ“… AGENDANDO WORKERS PÃ“S-PAREAMENTO
2026-02-04 22:02:16.422  6908-6908  PairingViewModel        com.cdccreditsmart.app               I  ðŸ“… ========================================
2026-02-04 22:02:16.425  6908-6908  AutoBlockingWorker      com.cdccreditsmart.app               I  âœ… VerificaÃ§Ã£o automÃ¡tica de bloqueio agendada (diariamente Ã s 00:00)
2026-02-04 22:02:16.425  6908-6908  AutoBlockingWorker      com.cdccreditsmart.app               I     PrÃ³xima execuÃ§Ã£o em: 117 minutos
2026-02-04 22:02:16.425  6908-6908  PairingViewModel        com.cdccreditsmart.app               I  ðŸ“… âœ… AutoBlockingWorker agendado
2026-02-04 22:02:16.425  6908-6908  PeriodicOverlayWorker   com.cdccreditsmart.app               I  ðŸ“… Agendando overlay automÃ¡tico
2026-02-04 22:02:16.425  6908-6908  PeriodicOverlayWorker   com.cdccreditsmart.app               I     WorkManager interval: 15 minutos (mÃ­nimo obrigatÃ³rio)
2026-02-04 22:02:16.425  6908-6908  PeriodicOverlayWorker   com.cdccreditsmart.app               I     Cooldowns progressivos controlados internamente pelo worker
2026-02-04 22:02:16.426  6908-6908  PeriodicOverlayWorker   com.cdccreditsmart.app               I  âœ… Overlay automÃ¡tico agendado com sucesso
2026-02-04 22:02:16.426  6908-6908  PairingViewModel        com.cdccreditsmart.app               I  ðŸ“… âœ… PeriodicOverlayWorker agendado
2026-02-04 22:02:16.426  6908-6908  PairingViewModel        com.cdccreditsmart.app               I  ðŸ“… ========================================
2026-02-04 22:02:16.426  6908-6908  PairingViewModel        com.cdccreditsmart.app               I  ðŸ“… âœ… WORKERS AGENDADOS COM SUCESSO
2026-02-04 22:02:16.426  6908-6908  PairingViewModel        com.cdccreditsmart.app               I  ðŸ“… ========================================
2026-02-04 22:02:16.468  6908-6908  WindowOnBackDispatcher  com.cdccreditsmart.app               W  sendCancelIfRunning: isInProgress=false callback=androidx.activity.OnBackPressedDispatcher$Api34Impl$createOnBackAnimationCallback$1@47c71db
2026-02-04 22:02:22.328  6908-6908  NavController           com.cdccreditsmart.app               I  Ignoring popBackStack to route pairing/qr_scanner as it was not found on the current back stack
2026-02-04 22:02:22.373  6908-6908  TermsScreen             com.cdccreditsmart.app               I  ðŸš€ TermsAcceptanceScreen INICIANDO - contractCode=TUV3TAPS
2026-02-04 22:02:22.373  6908-6908  TermsScreen             com.cdccreditsmart.app               I  âœ… Context obtido
2026-02-04 22:02:22.373  6908-6908  TermsScreen             com.cdccreditsmart.app               I  âœ… Scope criado
2026-02-04 22:02:22.386  6908-6908  TermsScreen             com.cdccreditsmart.app               I  âœ… Estados inicializados, preparando LaunchedEffect
2026-02-04 22:02:22.444  6908-6908  TermsScreen             com.cdccreditsmart.app               I  ðŸ”„ LaunchedEffect INICIANDO
2026-02-04 22:02:22.444  6908-6908  TermsScreen             com.cdccreditsmart.app               I  ðŸ“„ Iniciando carregamento de termos...
2026-02-04 22:02:22.445  6908-7733  TermsScreen             com.cdccreditsmart.app               I  ðŸ”§ Criando SupportRepository...
2026-02-04 22:02:22.458  6908-7733  TermsScreen             com.cdccreditsmart.app               I  âœ… SupportRepository criado
2026-02-04 22:02:22.464  6908-6908  TermsScreen             com.cdccreditsmart.app               I  ðŸ“¡ Chamando getContractTerms...
2026-02-04 22:02:22.472  6908-7733  NetworkConnectivity     com.cdccreditsmart.app               D  âœ… Conectado via WiFi com internet
2026-02-04 22:02:22.473  6908-7733  SupportRepository       com.cdccreditsmart.app               I  ðŸ“¡ Buscando termos do servidor (version=latest)...
2026-02-04 22:02:22.542  6908-7739  okhttp.OkHttpClient     com.cdccreditsmart.app               I  --> GET https://cdccreditsmart.com/v1/contract/terms?version=latest
2026-02-04 22:02:22.542  6908-7739  okhttp.OkHttpClient     com.cdccreditsmart.app               I  --> END GET
2026-02-04 22:02:22.926  6908-7739  okhttp.OkHttpClient     com.cdccreditsmart.app               I  <-- 200 https://cdccreditsmart.com/v1/contract/terms?version=latest (383ms)
2026-02-04 22:02:22.926  6908-7739  okhttp.OkHttpClient     com.cdccreditsmart.app               I  access-control-allow-credentials: true
2026-02-04 22:02:22.926  6908-7739  okhttp.OkHttpClient     com.cdccreditsmart.app               I  access-control-allow-headers: Origin, X-Requested-With, Content-Type, Accept, Authorization, x-client-key, x-client-token, x-client-secret, cache-control
2026-02-04 22:02:22.926  6908-7739  okhttp.OkHttpClient     com.cdccreditsmart.app               I  access-control-allow-methods: GET, POST, PUT, PATCH, DELETE, OPTIONS
2026-02-04 22:02:22.926  6908-7739  okhttp.OkHttpClient     com.cdccreditsmart.app               I  access-control-allow-origin: *
2026-02-04 22:02:22.926  6908-7739  okhttp.OkHttpClient     com.cdccreditsmart.app               I  access-control-max-age: 86400
2026-02-04 22:02:22.926  6908-7739  okhttp.OkHttpClient     com.cdccreditsmart.app               I  content-length: 6438
2026-02-04 22:02:22.927  6908-7739  okhttp.OkHttpClient     com.cdccreditsmart.app               I  content-security-policy: default-src 'self'; script-src 'self' 'unsafe-inline' 'unsafe-eval' https://replit.com; style-src 'self' 'unsafe-inline' https://replit.com; img-src 'self' data: https:; font-src 'self' data: https://replit.com; connect-src 'self';
2026-02-04 22:02:22.927  6908-7739  okhttp.OkHttpClient     com.cdccreditsmart.app               I  content-type: application/json; charset=utf-8
2026-02-04 22:02:22.927  6908-7739  okhttp.OkHttpClient     com.cdccreditsmart.app               I  date: Thu, 05 Feb 2026 01:02:22 GMT
2026-02-04 22:02:22.927  6908-7739  okhttp.OkHttpClient     com.cdccreditsmart.app               I  etag: W/"1926-n/zQQzqVGQMCmWBdldsM5HoDANo"
2026-02-04 22:02:22.927  6908-7739  okhttp.OkHttpClient     com.cdccreditsmart.app               I  permissions-policy: geolocation=(), microphone=(), camera=()
2026-02-04 22:02:22.927  6908-7739  okhttp.OkHttpClient     com.cdccreditsmart.app               I  referrer-policy: strict-origin-when-cross-origin
2026-02-04 22:02:22.927  6908-7739  okhttp.OkHttpClient     com.cdccreditsmart.app               I  strict-transport-security: max-age=63072000; includeSubDomains
2026-02-04 22:02:22.927  6908-7739  okhttp.OkHttpClient     com.cdccreditsmart.app               I  strict-transport-security: max-age=31536000; includeSubDomains
2026-02-04 22:02:22.928  6908-7739  okhttp.OkHttpClient     com.cdccreditsmart.app               I  x-anti-fraud-protection: active
2026-02-04 22:02:22.928  6908-7739  okhttp.OkHttpClient     com.cdccreditsmart.app               I  x-certificate-pinning-enabled: false
2026-02-04 22:02:22.928  6908-7739  okhttp.OkHttpClient     com.cdccreditsmart.app               I  x-certificate-pinning-status: disabled-for-stability
2026-02-04 22:02:22.928  6908-7739  okhttp.OkHttpClient     com.cdccreditsmart.app               I  x-content-type-options: nosniff
2026-02-04 22:02:22.928  6908-7739  okhttp.OkHttpClient     com.cdccreditsmart.app               I  x-financial-data-protection: enabled
2026-02-04 22:02:22.928  6908-7739  okhttp.OkHttpClient     com.cdccreditsmart.app               I  x-frame-options: DENY
2026-02-04 22:02:22.928  6908-7739  okhttp.OkHttpClient     com.cdccreditsmart.app               I  x-transaction-security-level: maximum
2026-02-04 22:02:22.928  6908-7739  okhttp.OkHttpClient     com.cdccreditsmart.app               I  x-xss-protection: 1; mode=block
2026-02-04 22:02:22.929  6908-7739  okhttp.OkHttpClient     com.cdccreditsmart.app               I  via: 1.1 google
2026-02-04 22:02:22.929  6908-7739  okhttp.OkHttpClient     com.cdccreditsmart.app               I  alt-svc: h3=":443"; ma=2592000,h3-29=":443"; ma=2592000
2026-02-04 22:02:22.936  6908-7739  okhttp.OkHttpClient     com.cdccreditsmart.app               I  {"id":"6068397f-11c5-4640-817f-e86e5ddcee8d","success":true,"version":"v5.0","hash":"eecbb739c2ee7d044be83c16b9c788d828c2908f20c23f5e0c6e59e7eb1773b2","text":"CONTRATO DE VENDA A PRAZO (CREDIÃRIO)\n\nDE DISPOSITIVO MÃ“VEL COM ALIENAÃ‡ÃƒO FIDUCIÃRIA\n\nCREDIT SMART â€“ SISTEMA DE CRÃ‰DITO INTELIGENTE\n\nData de vigÃªncia: 03/02/2026\nVersÃ£o: v5.0 â€“ CrediÃ¡rio com LimitaÃ§Ã£o TÃ©cnica Progressiva\n\nPARTES CONTRATANTES\n\nVENDEDORA (CREDORA FIDUCIÃRIA):\nCredit Smart LTDA, pessoa jurÃ­dica de direito privado, inscrita no CNPJ nÂº [informar], com sede em [endereÃ§o completo], doravante denominada CREDIT SMART.\n\nCLIENTE (DEVEDOR FIDUCIANTE):\nPessoa fÃ­sica identificada por documentaÃ§Ã£o oficial e biometria facial, doravante denominada CLIENTE.\n\nCLÃUSULA PRIMEIRA â€“ NATUREZA DA OPERAÃ‡ÃƒO\n\n1.1. A CREDIT SMART NÃƒO Ã© instituiÃ§Ã£o financeira.\n\n1.2. O presente contrato refere-se exclusivamente Ã  VENDA DIRETA A PRAZO (CREDIÃRIO) de dispositivo mÃ³vel, nÃ£o constituindo financiamento, operaÃ§Ã£o bancÃ¡ria, concessÃ£o profissional de crÃ©dito ou intermediaÃ§Ã£o financeira.\n\n1.3. O parcelamento Ã© condiÃ§Ã£o comercial de venda do prÃ³prio produto.\n\nCLÃUSULA SEGUNDA â€“ OBJETO\n\n2.1. Venda de dispositivo mÃ³vel (smartphone ou tablet), conforme pedido do CLIENTE.\n\n2.2. O pagamento serÃ¡ realizado de forma parcelada, nos termos deste contrato.\n\n2.3. O bem Ã© dado em ALIENAÃ‡ÃƒO FIDUCIÃRIA, permanecendo a propriedade com a CREDIT SMART atÃ© a quitaÃ§Ã£o integral.\n\n2.4. O CLIENTE recebe a posse direta desde a entrega.\n\nCLÃUSULA TERCEIRA â€“ PROPRIEDADE FIDUCIÃRIA\n\n3.1. A propriedade fiduciÃ¡ria Ã© resolÃºvel e se consolida automaticamente no CLIENTE apÃ³s a quitaÃ§Ã£o total.\n\n3.2. AtÃ© a quitaÃ§Ã£o, Ã© vedada a venda, cessÃ£o, doaÃ§Ã£o ou transferÃªncia do dispositivo.\n\nCLÃUSULA QUARTA â€“ PREÃ‡O E PAGAMENTO\n\nPreÃ§o Ã  vista: [valor]\n\nPreÃ§o a prazo (crediÃ¡rio): [valor]\n\nEntrada: [valor]\n\nValor parcelado: [valor]\n\nParcelas: [quantidade]\n\nPeriodicidade: quinzenal (a cada 15 dias)\n\nMeios de pagamento: PIX, boleto ou outros autorizados\n\n4.1. Encargos\n\nO preÃ§o a prazo poderÃ¡ incluir encargos pelo parcelamento, devidamente informados, conforme o CÃ³digo de Defesa do Consumidor.\n\n4.2. Atraso\n\nJuros de mora: 1% ao mÃªs\n\nMulta: 2%\n\nNegativaÃ§Ã£o apÃ³s 10 dias\n\n4.3. QuitaÃ§Ã£o antecipada\n\nPermitida a qualquer tempo, com reduÃ§Ã£o proporcional dos encargos futuros.\n\nCLÃUSULA QUINTA â€“ LIMITAÃ‡ÃƒO TÃ‰CNICA DE APLICAÃ‡Ã•ES\n5.1. PrincÃ­pio TÃ©cnico\n\nA CREDIT SMART NÃƒO BLOQUEIA O DISPOSITIVO.\nEm caso de inadimplemento, poderÃ¡ aplicar LIMITAÃ‡ÃƒO TÃ‰CNICA, REMOTA, PROGRESSIVA E REVERSÃVEL DE APLICAÃ‡Ã•ES, como mecanismo de garantia do crediÃ¡rio.\n\nA limitaÃ§Ã£o ocorre no nÃ­vel de aplicativo, sem inutilizar o aparelho.\n\n5.2. Funcionalidades Sempre AcessÃ­veis\n\nJamais serÃ£o limitados:\n\nChamadas telefÃ´nicas\n\nSMS\n\nServiÃ§os de emergÃªncia\n\nAcesso bÃ¡sico ao sistema operacional\n\nDocumentos digitais oficiais, incluindo aplicativos governamentais de identificaÃ§Ã£o civil, previdenciÃ¡ria, saÃºde, trÃ¢nsito ou equivalentes reconhecidos pelo sistema operacional\n\n5.3. AplicaÃ§Ãµes Sujeitas Ã  LimitaÃ§Ã£o\n\nPoderÃ£o ser total ou parcialmente limitadas:\n\nAplicaÃ§Ãµes de comunicaÃ§Ã£o\n\nAplicaÃ§Ãµes de redes sociais\n\nAplicaÃ§Ãµes de trabalho, produtividade ou geraÃ§Ã£o de renda\n\nAplicaÃ§Ãµes de entretenimento e streaming\n\nAplicaÃ§Ãµes financeiras e bancÃ¡rias\n\nQualquer outro aplicativo instalado no dispositivo\n\nA classificaÃ§Ã£o Ã© tÃ©cnica e sistÃªmica, nÃ£o individualizada por nome de aplicativo.\n\n5.4. Progressividade\n\nA limitaÃ§Ã£o poderÃ¡ evoluir conforme dias de atraso, podendo chegar Ã  restriÃ§Ã£o da maioria dos aplicativos, mantendo apenas as funcionalidades essenciais descritas na clÃ¡usula 5.2.\n\n5.5. NotificaÃ§Ã£o e Restabelecimento\n\nO CLIENTE serÃ¡ previamente notificado\n\nApÃ³s o pagamento, o acesso Ã© restabelecido automaticamente\n\nNÃ£o hÃ¡ cobranÃ§a de taxa de desbloqu
2026-02-04 22:02:22.936  6908-7739  okhttp.OkHttpClient     com.cdccreditsmart.app               I  Ã§Ãµes de aplicativos\n\nProteger a garantia fiduciÃ¡ria\n\nVerificar integridade do sistema\n\nLocalizar o dispositivo em casos excepcionais\n\n6.2. O aplicativo NÃƒO acessa:\n\nConteÃºdo de mensagens\n\nArquivos pessoais\n\nFotos, vÃ­deos ou histÃ³rico de navegaÃ§Ã£o\n\nSenhas ou credenciais bancÃ¡rias\n\n6.3. ApÃ³s a quitaÃ§Ã£o integral:\n\nO aplicativo Ã© removido\n\nO monitoramento Ã© encerrado\n\nDados tÃ©cnicos sÃ£o excluÃ­dos\n\nCLÃUSULA SÃ‰TIMA â€“ PROTEÃ‡ÃƒO DE DADOS PESSOAIS\n\nTratamento de dados em conformidade com a Lei Geral de ProteÃ§Ã£o de Dados Pessoais, incluindo:\n\nDados cadastrais\n\nDados contratuais\n\nBiometria facial (prevenÃ§Ã£o Ã  fraude)\n\nDados tÃ©cnicos do dispositivo\n\nCanal do encarregado: dpo@creditsmart.com.br\n\nCLÃUSULA OITAVA â€“ INADIMPLÃŠNCIA\n\nO inadimplemento poderÃ¡ resultar em:\n\nLimitaÃ§Ã£o tÃ©cnica de aplicaÃ§Ãµes\n\nNegativaÃ§Ã£o\n\nCobranÃ§a extrajudicial\n\nApÃ³s 60 dias: vencimento antecipado e busca e apreensÃ£o, conforme Decreto-Lei nÂº 911/1969\n\nCLÃUSULA NONA â€“ FURTO, ROUBO OU PERDA\n\n9.1. ComunicaÃ§Ã£o obrigatÃ³ria em atÃ© 24 horas, com Boletim de OcorrÃªncia.\n\n9.2. O evento nÃ£o extingue a obrigaÃ§Ã£o de pagamento, salvo seguro contratado.\n\nCLÃUSULA DÃ‰CIMA â€“ DIREITO DE ARREPENDIMENTO\n\nO CLIENTE poderÃ¡ desistir no prazo de 7 dias, conforme o CÃ³digo de Defesa do Consumidor, mediante devoluÃ§Ã£o do dispositivo em perfeito estado.\n\nCLÃUSULA DÃ‰CIMA PRIMEIRA â€“ ASSINATURA ELETRÃ”NICA\n\nContrato firmado por biometria facial, IP, data, hora e hash criptogrÃ¡fico, com plena validade jurÃ­dica.\n\nCLÃUSULA DÃ‰CIMA SEGUNDA â€“ FORO\n\nFica eleito o foro da comarca de residÃªncia do CLIENTE, nos termos do CÃ³digo de Defesa do Consumidor.\n\nDECLARAÃ‡ÃƒO FINAL DO CLIENTE\n\nO CLIENTE declara que:\n\nCompreendeu que se trata de VENDA A PRAZO (CREDIÃRIO)\n\nEstÃ¡ ciente da limitaÃ§Ã£o tÃ©cnica de aplicaÃ§Ãµes em caso de atraso\n\nReconhece que o dispositivo nÃ£o Ã© bloqueado integralmente\n\nAutoriza o uso do aplicativo de controle\n\nRecebeu cÃ³pia do contrato\n\nCredit Smart LTDA\nSistema de CrÃ©dito Inteligente\n\nContrato assinado eletronicamente\nHash criptogrÃ¡fico: [automÃ¡tico]\nData/Hora: [timestamp]","effectiveDate":"2026-02-04T00:00:00.000Z"}
2026-02-04 22:02:22.936  6908-7739  okhttp.OkHttpClient     com.cdccreditsmart.app               I  <-- END HTTP (6438-byte body)
2026-02-04 22:02:22.953  6908-7733  SupportRepository       com.cdccreditsmart.app               I  âœ… Hash dos termos validado com sucesso
2026-02-04 22:02:22.954  6908-7733  SupportRepository       com.cdccreditsmart.app               I  âœ… Termos atualizados: vv5.0 (id=6068397f-11c5-4640-817f-e86e5ddcee8d)
2026-02-04 22:02:22.955  6908-6908  TermsScreen             com.cdccreditsmart.app               I  ðŸ“¥ Resposta recebida do getContractTerms
2026-02-04 22:02:22.955  6908-6908  TermsScreen             com.cdccreditsmart.app               I  âœ… Termos carregados: vv5.0
2026-02-04 22:02:22.963  6908-6908  TermsScreen             com.cdccreditsmart.app               I  ðŸš€ TermsAcceptanceScreen INICIANDO - contractCode=TUV3TAPS
2026-02-04 22:02:22.963  6908-6908  TermsScreen             com.cdccreditsmart.app               I  âœ… Context obtido
2026-02-04 22:02:22.963  6908-6908  TermsScreen             com.cdccreditsmart.app               I  âœ… Scope criado
2026-02-04 22:02:22.966  6908-6908  TermsScreen             com.cdccreditsmart.app               I  âœ… Estados inicializados, preparando LaunchedEffect
2026-02-04 22:02:24.394  6908-6908  TermsScreen             com.cdccreditsmart.app               I  ðŸ“¤ Enviando aceitaÃ§Ã£o de termos para o backend...
2026-02-04 22:02:24.394  6908-6908  TermsScreen             com.cdccreditsmart.app               I     IMEI: 353104****
