2025-12-09 15:58:19.676  1565-1887  mtkpower_client         pid-1565                             I  perf_lock_acq, hdl:1485, dur:5000, num:2, pid:1565, tid:1887
2025-12-09 15:58:19.677  1565-1887  mtkpower_client         pid-1565                             I  ret_hdl:1562
2025-12-09 15:58:19.677  1565-1887  PowerHalMgrImpl         pid-1565                             I  hdl:1562, pid:1565 
2025-12-09 15:58:19.680  1565-1660  TranStartingSurface     pid-1565                             I  onAnimationFinished remove com.android.server.wm.TranStartingSurface@2544c5c
2025-12-09 15:58:19.680  1565-1660  TranStartingSurface     pid-1565                             D  removeStartingSurface mSurfaceControl=Surface(name=TranStartingSurface)/@0x4e3acf transaction=android.view.SurfaceControl$Transaction@4e760f6
2025-12-09 15:58:19.680   956-1025  mtkpower@impl           pid-956                              I  [powerd_req] TIMER_MSG_PERF_LOCK_TIMEOUT hdl:1561
2025-12-09 15:58:19.680   956-1025  libPowerHal             pid-956                              I  [unsetGPUFreq] current min:0, max:0; scn_gpu_min:0, scn_gpu_max:-1; scn_gpu_min(HL):-1, scn_gpu_max(HL):-1
2025-12-09 15:58:19.680   956-1025  libPowerHal             pid-956                              I  [setGPUFreq] Soft min/max = (0, 0); Hard min/max = (44, 0)
2025-12-09 15:58:19.680   956-1025  libPowerHal             pid-956                              I  [setGPUFreq] final min/max = (0, 0)
2025-12-09 15:58:19.680   956-1025  libPowerHal             pid-956                              I  MTKPOWER_HINT_LAUNCHER_ANIMA: set gpu opp level: 0
2025-12-09 15:58:19.681   956-1025  libPowerHal             pid-956                              I  MTKPOWER_HINT_LAUNCHER_ANIMA: set gpu opp level max: 0
2025-12-09 15:58:19.681  3459-5186  TranTele/T...aceManager pid-3459                             I  [onReceive] action: android.net.wifi.RSSI_CHANGED
2025-12-09 15:58:19.685  1565-3064  TranAppBri...Controller pid-1565                             D  [handleMessage] msg type: 1001 isCloudEnabled: true
2025-12-09 15:58:19.689  1565-3064  WindowManager           pid-1565                             D  getTopPackages# topPackages = []
2025-12-09 15:58:19.691  1565-5259  TranActivi...gerService pid-1565                             D  getIsFloatingWindow mode = 1
2025-12-09 15:58:19.692  1565-1565  MBrainLocalService      pid-1565                             D  isVendorFreezeConditionPass is false
2025-12-09 15:58:19.692  1565-1565  MBrainLocalService      pid-1565                             D  notifyNetworkChange failed
2025-12-09 15:58:19.693  1565-3064  TranAppBri...Controller pid-1565                             D  [onForegroundAppchange] ForegroundPackage: com.android.chrome splitScreen: false multiWindow: false mIsPinned:false
2025-12-09 15:58:19.693  5656-15192 TurboSceneManager       pid-5656                             D  checkTurboMode : 1
2025-12-09 15:58:19.694  5656-15192 AppBlackList            pid-5656                             D  checkInBlackList isGuidePage= false isSmartPanelGesture= false
2025-12-09 15:58:19.696  5656-15192 AppBlackList            pid-5656                             D  checkInBlackList inBlackList= false pkgAndCls= com.android.chrome/org.chromium.chrome.browser.ChromeTabbedActivity
2025-12-09 15:58:19.697  5656-15192 SmartPanelRepository    pid-5656                             I  hasLoadData true  data size = 10
2025-12-09 15:58:19.699  5656-15192 SceneController         pid-5656                             D  checkCanShow canShow: true  changed false 
2025-12-09 15:58:19.699  1565-1705  CredentialManager       pid-1565                             I  CredentialManagerServiceImpl constructed for: com.google.android.gms/.auth.api.credentials.credman.service.PasswordAndPasskeyService
2025-12-09 15:58:19.700  1565-1705  CredentialManager       pid-1565                             I  newServiceInfoLocked, mInfo null, com.google.android.gms/com.google.android.gms.auth.api.credentials.credman.service.PasswordAndPasskeyService
2025-12-09 15:58:19.700  5656-5656  HandleModeManager       pid-5656                             D  onScenesChange : false
2025-12-09 15:58:19.702  1022-1022  SurfaceFlinger          pid-1022                             I  onHandleDestroyed: name=Surface(name=TranStartingSurface)/@0x4e3acf - animation-leash of window_animation#1115, layerId=1115, parentId=0
2025-12-09 15:58:19.706 11025-11262 VASDK-NetworkState      pid-11025                            D  onCapabilitiesChanged, init time:1765306284414 cellular:false wifi:true
2025-12-09 15:58:19.711  1022-1022  BufferQueueDebug        pid-1022                             I  [Surface(name=TranStartingSurface)/@0x4e3acf - animation-leash of window_animation#1115](this:0xb400007b7aaae558,id:-1,api:0,p:-1,c:1022) onDestructor()
2025-12-09 15:58:19.726  1565-1657  ApplicationHelper       pid-1565                             E  Fail to get PackageManager
2025-12-09 15:58:19.726  1565-1657  ApplicationHelper       pid-1565                             E  Fail to get PackageManager
2025-12-09 15:58:19.727  1022-1022  BufferQueueProducer     pid-1022                             I  [SmartPanel_handleView#1007](this:0xb400007b7aaf5868,id:-1,api:0,p:-1,c:1022) queueBuffer: fps=0.17 dur=5788.00 max=5788.00 min=5788.00
2025-12-09 15:58:19.727  1079-1079  FPSGO                   pid-1079                             I  fpsgo_boost_sched_idle_prefer:1
2025-12-09 15:58:19.727  1079-1079  mtkpower_client         pid-1079                             I  perf_lock_acq, hdl:0, dur:0, num:2, tid:1079
2025-12-09 15:58:19.728  5656-5656  ScenesManager           pid-5656                             I  MSG_ACTIVITY_CHECK
2025-12-09 15:58:19.728  1079-1079  mtkpower_client         pid-1079                             I  ret_hdl:1563
2025-12-09 15:58:19.728  1079-1079  FPSGO                   pid-1079                             I  perfLockAcq hdl:1563
2025-12-09 15:58:19.728  1079-1079  FPSGO                   pid-1079                             I  fpsgo_boost_sched_rate_ns:0
2025-12-09 15:58:19.728  1079-1079  mtkpower_client         pid-1079                             I  perf_lock_acq, hdl:0, dur:0, num:12, tid:1079
2025-12-09 15:58:19.728  6822-6915  BugleRcsEngine          pid-6822                             I  handleMessage processing message:[NOTIFY_UPTIME_IGNORE_STATE_CHANGED] with [non-null]:RcsEngineImpl reference [CONTEXT log_prefix="RcsEngineImpl[DUAL_REG]:[3957dc96-4ec7]>Handler" thread_id=429 ]
2025-12-09 15:58:19.729  1079-1079  mtkpower_client         pid-1079                             I  ret_hdl:1564
2025-12-09 15:58:19.729  1079-1079  FPSGO                   pid-1079                             I  perfLockAcq hdl:1564
2025-12-09 15:58:19.730   956-1025  libPowerHal             pid-956                              I  cmdSetting - unknown cmd:1438500, scmd:(null) ,param_1:0
2025-12-09 15:58:19.730   956-1025  libPowerHal             pid-956                              I  cmdSetting - unknown cmd:1438800, scmd:(null) ,param_1:0
2025-12-09 15:58:19.730  1565-1657  ApplicationHelper       pid-1565                             E  Fail to get PackageManager
2025-12-09 15:58:19.731  1565-1657  ApplicationHelper       pid-1565                             E  Fail to get PackageManager
2025-12-09 15:58:19.731 20405-20405 cr_MultiInstance        pid-20405                            I  New Instance - unused Id allocated: 0. Task data during instance allocation: Task with id: 28 has base activity: org.chromium.chrome.browser.ChromeTabbedActivity.
2025-12-09 15:58:19.731 20405-20405 cr_MultiInstance        pid-20405                            I  Intent routed via ChromeLauncherActivity: false
                                                                                                    Activity referrer: android-app://com.transsion.XOSLauncher
                                                                                                    Intent referrer extra: null
                                                                                                    Intent contains LAUNCHER category: true
                                                                                                    Intent contains FLAG_ACTIVITY_MULTIPLE_TASK: false
                                                                                                    Intent contains FLAG_ACTIVITY_NEW_TASK: true
                                                                                                    Intent component: com.google.android.apps.chrome.Main
                                                                                                    Intent hash: 92730072
2025-12-09 15:58:19.732 20405-20405 cr_MultiInstance        pid-20405                            I  Window ID allocated: 0, instance-task map: {}
2025-12-09 15:58:19.732  6822-6908  BugleRcsEngine          pid-6822                             I  Connected state: [1], networkType: [WIFI] [CONTEXT thread_id=427 ]
2025-12-09 15:58:19.733 20405-20405 cr_ActivityDispatcher   pid-20405                            W  CustomTabsIntent#shouldAlwaysUseBrowserUI() = false
2025-12-09 15:58:19.736 14482-14781 WM-NetworkStateTracker  pid-14482                            D  Network capabilities changed: [ Transports: WIFI Capabilities: NOT_METERED&INTERNET&NOT_RESTRICTED&TRUSTED&NOT_VPN&VALIDATED&NOT_ROAMING&FOREGROUND&NOT_CONGESTED&NOT_SUSPENDED&NOT_VCN_MANAGED&NOT_BANDWIDTH_CONSTRAINED LinkUpBandwidth>=12000Kbps LinkDnBandwidth>=60000Kbps TransportInfo: <SSID: <unknown ssid>, BSSID: 02:00:00:00:00:00, MAC: 02:00:00:00:00:00, IP: /192.168.40.199, Security type: 2, Supplicant state: COMPLETED, Wi-Fi standard: 11ac, RSSI: -68, Link speed: 263Mbps, Tx Link speed: 263Mbps, Max Supported Tx Link speed: 433Mbps, Rx Link speed: 6Mbps, Max Supported Rx Link speed: 433Mbps, Frequency: 5180MHz, Net ID: -1, Metered hint: false, score: 60, isUsable: true, CarrierMerged: false, SubscriptionId: -1, IsPrimary: -1, Trusted: true, Restricted: false, Ephemeral: false, OEM paid: false, OEM private: false, OSU AP: false, FQDN: <none>, Provider friendly name: <none>, Requesting package name: <none><none>MLO Information: , Is TID-To-Link negotiation supported by the AP: false, AP MLD Address: <none>, AP MLO Link Id: <none>, AP MLO Affiliated links: <none>, Vendor Data: <none>> SignalStrength: -68 UnderlyingNetworks: Null]
2025-12-09 15:58:19.737  1565-1657  ApplicationHelper       pid-1565                             E  Fail to get PackageManager
2025-12-09 15:58:19.739 13697-23990 ModuleInitIntentOp      pid-13697                            W  Dropping unexpected action com.google.android.gms.phenotype.COMMITTED
2025-12-09 15:58:19.743 13697-23469 ModuleInitIntentOp      pid-13697                            W  Dropping unexpected action com.google.android.gms.phenotype.COMMITTED
2025-12-09 15:58:19.743 20405-20405 cr_ActivityDispatcher   pid-20405                            W  CustomTabsIntent#shouldAlwaysUseBrowserUI() = false
2025-12-09 15:58:19.743 20405-24405 cr_AppResProvider       pid-20405                            I  #getApplicationRestrictionsFromUserManager() Bundle[EMPTY_PARCEL]
2025-12-09 15:58:19.744  1565-1657  ApplicationHelper       pid-1565                             E  Fail to get PackageManager
2025-12-09 15:58:19.745 13697-23988 ModuleInitIntentOp      pid-13697                            W  Dropping unexpected action com.google.android.gms.phenotype.COMMITTED
2025-12-09 15:58:19.746 18443-18715 VASDK-NetworkState      pid-18443                            D  onCapabilitiesChanged, init time:1765306514602 cellular:false wifi:true
2025-12-09 15:58:19.747  1565-5247  ActivityTaskManager     pid-1565                             D  ActivityTaskManagerService setSimplifyAnimByLauncherType packageName: com.android.chrome
2025-12-09 15:58:19.747  1565-5247  TranDynami...rollerImpl pid-1565                             E  TranDynamicBarAnimControllerImpl setSimplifyAnimByLauncherType pkgName:com.android.chrome
2025-12-09 15:58:19.747  1565-5247  TranDynami...rollerImpl pid-1565                             E  end setSimplifyAnimByLauncherType mSimplifyAnimOpenPkgName:com.android.chrome simplifyAnimByLauncherType:0
2025-12-09 15:58:19.748  1565-5247  os.WindowM...erviceLice pid-1565                             D  onStartActivityAsUser, isPreloadIntent =  false
2025-12-09 15:58:19.748  1565-1708  mtkpower_client         pid-1565                             I  perf_cus_lock_hint hint:105, dur:150, pid:1565
2025-12-09 15:58:19.748  1565-5247  ActivityTaskManager     pid-1565                             E  agaresPreload error: activityInfo is null
2025-12-09 15:58:19.748   956-974   AppFlingMode            pid-956                              D  [CheckAppFlingHint] 105 com.android.chrome 120
2025-12-09 15:58:19.748  1565-5247  SystemBind...oreFeature pid-1565                             W  [setAffinity] Pid:5247 mask:192
2025-12-09 15:58:19.749  1565-1708  mtkpower_client         pid-1565                             I  perf_cus_lock_hint, ret_hdl:1565
2025-12-09 15:58:19.749  1565-5247  ActivityTaskManager     pid-1565                             I  floatWindow: multiWindowId = 0
2025-12-09 15:58:19.749  1565-1708  PowerHalMgrImpl         pid-1565                             I  hdl:1565, pid:1565 
2025-12-09 15:58:19.749  1565-5247  ActivityTaskManager     pid-1565                             I  TaskLaunchParamsModifier: pkgName = null, isMultiWindowTaskDisplayArea  = false
2025-12-09 15:58:19.749  1565-5247  ActivityTaskManager     pid-1565                             D  TaskLaunchParamsModifier:task=null activity=null display-area-from-source=DefaultTaskDisplayArea@232118585 display-id=0 task-display-area-windowing-mode=1 suggested-display-area=DefaultTaskDisplayArea@232118585
2025-12-09 15:58:19.749  1565-5247  AppLockLice             pid-1565                             D  onActivityStarterIntercept: callingPackage = com.android.chrome, aInfo.packageName:com.android.chrome,mComeLockPkgList =[]
2025-12-09 15:58:19.750  1565-5247  OptProp                 pid-1565                             W  Cannot read opt property android.window.PROPERTY_COMPAT_ALLOW_ORIENTATION_OVERRIDE
2025-12-09 15:58:19.750  1565-5247  MagellanHandle          pid-1565                             D  updateRefreshRateForSceneVsyncs what = 23
2025-12-09 15:58:19.751  1565-5247  Grammatica...ctionUtils pid-1565                             V  AttributionSource: android.content.AttributionSource@1cc35ad1 does not have READ_SYSTEM_GRAMMATICAL_GENDER permission.
2025-12-09 15:58:19.751  1565-5247  OptProp                 pid-1565                             W  Cannot read opt property android.window.PROPERTY_COMPAT_ALLOW_RESIZEABLE_ACTIVITY_OVERRIDES
2025-12-09 15:58:19.751  1565-5247  OptProp                 pid-1565                             W  Cannot read opt property android.window.PROPERTY_COMPAT_ALLOW_MIN_ASPECT_RATIO_OVERRIDE
2025-12-09 15:58:19.751 18492-18949 AI_CORE_SERVICE_        pid-18492                            D  AI_ELLA_AppNetworkManager onCapabilitiesChanged 100 ,[ Transports: WIFI Capabilities: NOT_METERED&INTERNET&NOT_RESTRICTED&TRUSTED&NOT_VPN&VALIDATED&NOT_ROAMING&FOREGROUND&NOT_CONGESTED&NOT_SUSPENDED&NOT_VCN_MANAGED&NOT_BANDWIDTH_CONSTRAINED LinkUpBandwidth>=12000Kbps LinkDnBandwidth>=60000Kbps TransportInfo: <SSID: <unknown ssid>, BSSID: 02:00:00:00:00:00, MAC: 02:00:00:00:00:00, IP: /192.168.40.199, Security type: 2, Supplicant state: COMPLETED, Wi-Fi standard: 11ac, RSSI: -68, Link speed: 263Mbps, Tx Link speed: 263Mbps, Max Supported Tx Link speed: 433Mbps, Rx Link speed: 6Mbps, Max Supported Rx Link speed: 433Mbps, Frequency: 5180MHz, Net ID: -1, Metered hint: false, score: 60, isUsable: true, CarrierMerged: false, SubscriptionId: -1, IsPrimary: 1, Trusted: true, Restricted: false, Ephemeral: false, OEM paid: false, OEM private: false, OSU AP: false, FQDN: <none>, Provider friendly name: <none>, Requesting package name: <none><none>MLO Information: , Is TID-To-Link negotiation supported by the AP: false, AP MLD Address: <none>, AP MLO Link Id: <none>, AP MLO Affiliated links: <none>, Vendor Data: <none>> SignalStrength: -68 AdminUids: [10157] SSID: "Orion B_5G" UnderlyingNetworks: Null]
2025-12-09 15:58:19.752  1565-5247  TranStarti...Controller pid-1565                             D  hookStartActivity isStartingFromLauncher=false callingPackage=com.android.chrome
2025-12-09 15:58:19.752  1565-5247  ActivityTaskManager     pid-1565                             I  TaskLaunchParamsModifier: pkgName = null, isMultiWindowTaskDisplayArea  = false
2025-12-09 15:58:19.752  1565-5247  ActivityTaskManager     pid-1565                             I  TaskLaunchParamsModifier: pkgName = null
2025-12-09 15:58:19.752  1565-5247  ActivityTaskManager     pid-1565                             D  TaskLaunchParamsModifier:task=null activity=ActivityRecord{62df42f u0 com.android.chrome/org.chromium.chrome.browser.firstrun.FirstRunActivity display-area-from-source=DefaultTaskDisplayArea@232118585 display-id=0 task-display-area-windowing-mode=1 suggested-display-area=DefaultTaskDisplayArea@232118585
2025-12-09 15:58:19.752  1565-5247  ActivityTaskManager     pid-1565                             I  TaskLaunchParamsModifier: pkgName = null, isMultiWindowTaskDisplayArea  = false
2025-12-09 15:58:19.752  1565-5247  ActivityTaskManager     pid-1565                             I  TaskLaunchParamsModifier: pkgName = null
2025-12-09 15:58:19.753 19091-19432 AI_CORE_SERVICE_        pid-19091                            D  AI_ELLA_AppNetworkManager onCapabilitiesChanged 100 ,[ Transports: WIFI Capabilities: NOT_METERED&INTERNET&NOT_RESTRICTED&TRUSTED&NOT_VPN&VALIDATED&NOT_ROAMING&FOREGROUND&NOT_CONGESTED&NOT_SUSPENDED&NOT_VCN_MANAGED&NOT_BANDWIDTH_CONSTRAINED LinkUpBandwidth>=12000Kbps LinkDnBandwidth>=60000Kbps TransportInfo: <SSID: <unknown ssid>, BSSID: 02:00:00:00:00:00, MAC: 02:00:00:00:00:00, IP: /192.168.40.199, Security type: 2, Supplicant state: COMPLETED, Wi-Fi standard: 11ac, RSSI: -68, Link speed: 263Mbps, Tx Link speed: 263Mbps, Max Supported Tx Link speed: 433Mbps, Rx Link speed: 6Mbps, Max Supported Rx Link speed: 433Mbps, Frequency: 5180MHz, Net ID: -1, Metered hint: false, score: 60, isUsable: true, CarrierMerged: false, SubscriptionId: -1, IsPrimary: -1, Trusted: true, Restricted: false, Ephemeral: false, OEM paid: false, OEM private: false, OSU AP: false, FQDN: <none>, Provider friendly name: <none>, Requesting package name: <none><none>MLO Information: , Is TID-To-Link negotiation supported by the AP: false, AP MLD Address: <none>, AP MLO Link Id: <none>, AP MLO Affiliated links: <none>, Vendor Data: <none>> SignalStrength: -68 UnderlyingNetworks: Null]
2025-12-09 15:58:19.753  1565-5247  ActivityTaskManager     pid-1565                             D  TaskLaunchParamsModifier:task=Task{85b728d #28 type=standard A=10126:com.android.chrome} activity=ActivityRecord{62df42f u0 com.android.chrome/org.chromium.chrome.browser.firstrun.FirstRunActivity t-1} display-area-from-source=DefaultTaskDisplayArea@232118585 display-id=0 task-display-area-windowing-mode=1 suggested-display-area=DefaultTaskDisplayArea@232118585 inherit-from-source=fullscreen non-freeform-task-display-area display-area=DefaultTaskDisplayArea@232118585 default-portrait freeform-size-mismatch=Rect(286, 705 - 794, 1785)
2025-12-09 15:58:19.753  1565-5247  ActivityTaskManager     pid-1565                             I  needHookReparentToDefaultDisplay: sourceRecord = ActivityRecord{addc3b7 u0 com.android.chrome/com.google.android.apps.chrome.Main t28},r = ActivityRecord{62df42f u0 com.android.chrome/org.chromium.chrome.browser.firstrun.FirstRunActivity t-1}, tda = DefaultTaskDisplayArea@232118585
2025-12-09 15:58:19.753 21807-23999 PTCommittedOperation    pid-21807                            I  Receive new configuration for com.google.android.gms.findmydevice
2025-12-09 15:58:19.755  1022-4133  BufferQueueDebug        pid-1022                             I  [ActivityRecord{62df42f u0 com.android.chrome/org.chromium.chrome.browser.firstrun.FirstRunActivity t28}#1116](this:0xb400007b7aa9d3f8,id:-1,api:0,p:-1,c:-1) BufferQueue core=(1022:/system/bin/surfaceflinger)
2025-12-09 15:58:19.756 13697-24136 SyncIntentOperation     pid-13697                            I  (REDACTED) Handling the intent: %s.
2025-12-09 15:58:19.756  1565-5247  TranStarti...Controller pid-1565                             D  hookAddStartingWindow activityRecord=ActivityRecord{62df42f u0 com.android.chrome/org.chromium.chrome.browser.firstrun.FirstRunActivity t28} snapshot=null type=0
2025-12-09 15:58:19.757  1565-5247  MagellanHandle          pid-1565                             D  updateRefreshRateForSceneVsyncs what = 23
2025-12-09 15:58:19.758  1565-5247  PowerHalWrapper         pid-1565                             I  amsBoostNotify pid:20405,activity:com.google.android.apps.chrome.Main, package:com.android.chrome, mProcessCreatePackcom.google.android.apps.maps 
2025-12-09 15:58:19.758  1565-5247  PowerHalWrapper         pid-1565                             I  state: 0 
2025-12-09 15:58:19.758 13697-23463 MdiSyncModule           pid-13697                            I  flag handling is skipping irrelevant intent.
2025-12-09 15:58:19.758  1565-5247  mtkpower_client         pid-1565                             I  [PowerHal_Wrap_notifyAppState] com.android.chrome/com.google.android.apps.chrome.Main pid=20405 activityId:182305719 state:0
2025-12-09 15:58:19.758  1565-5247  mtkpower_client         pid-1565                             I  [Legacy][PowerHal_Wrap_notifyAppState] com.android.chrome/com.google.android.apps.chrome.Main pid=20405 state:182305719
2025-12-09 15:58:19.759   956-1025  libPowerHal             pid-956                              I  [perfNotifyAppState] pack:com.android.chrome, act:com.google.android.apps.chrome.Main, state:0, pid:20405, uid:10126, fps:120
2025-12-09 15:58:19.759   956-1025  libPowerHal             pid-956                              I  [PD] scn:322 pack:com.android.chrome
2025-12-09 15:58:19.759   956-1025  libPowerHal             pid-956                              I  [PD] com.android.chrome update cmd:203c400 param:0
2025-12-09 15:58:19.759  1565-5247  PowerHalWrapper         pid-1565                             I  amsBoostNotify AMS_BOOST_PROCESS_CREATE_BOOST:false 
2025-12-09 15:58:19.759   956-1025  libPowerHal             pid-956                              I  [PD] com.android.chrome update cmd:203ca00 param:1
2025-12-09 15:58:19.759  1565-1565  MBrainLocalService      pid-1565                             D  isVendorFreezeConditionPass is false
2025-12-09 15:58:19.759  1565-1565  MBrainLocalService      pid-1565                             E  notifyAppSwitch failed
2025-12-09 15:58:19.759   956-1025  libPowerHal             pid-956                              I  [PD] com.android.chrome update cmd:2064400 param:0
2025-12-09 15:58:19.759   956-1025  libPowerHal             pid-956                              I  [PD] com.android.chrome update cmd:2068000 param:1
2025-12-09 15:58:19.759   956-1025  libPowerHal             pid-956                              I  [PD] com.android.chrome update cmd:206c000 param:1
2025-12-09 15:58:19.759  1565-5247  PowerHalWrapper         pid-1565                             I  <amsBoostResume> last:com.android.chrome, next:com.android.chromehasATProcess:false 
2025-12-09 15:58:19.759   956-1025  libPowerHal             pid-956                              I  [PD] com.android.chrome update cmd:2040000 param:0
2025-12-09 15:58:19.759   956-1025  libPowerHal             pid-956                              I  [PD] com.android.chrome update cmd:207c000 param:1
2025-12-09 15:58:19.759  1565-5247  PowerHalWrapper         pid-1565                             I   mIsColdLaunch :false 
2025-12-09 15:58:19.760   956-1025  libPowerHal             pid-956                              I  [PD] scn:391 pack:com.android.chrome
2025-12-09 15:58:19.760   956-1025  libPowerHal             pid-956                              I  [unsetGPUFreq] current min:0, max:0; scn_gpu_min:25, scn_gpu_max:-1; scn_gpu_min(HL):-1, scn_gpu_max(HL):-1
2025-12-09 15:58:19.760   956-1025  libPowerHal             pid-956                              I  [setGPUFreq] Soft min/max = (0, 0); Hard min/max = (44, 0)
2025-12-09 15:58:19.760   956-1025  libPowerHal             pid-956                              I  [setGPUFreq] final min/max = (0, 0)
2025-12-09 15:58:19.760   956-1025  libPowerHal             pid-956                              I  com.android.chrome: set gpu opp level: 0
2025-12-09 15:58:19.760   956-1025  libPowerHal             pid-956                              I  com.android.chrome: set gpu opp level max: 0
2025-12-09 15:58:19.760   956-974   AppFlingMode            pid-956                              D  [CheckAppFlingHint] 23 com.android.chrome 120
2025-12-09 15:58:19.761  1565-1708  mtkpower_client         pid-1565                             I  perf_cus_lock_hint hint:101, dur:1000, pid:1565
2025-12-09 15:58:19.761   956-974   AppFlingMode            pid-956                              D  [CheckAppFlingHint] 101 com.android.chrome 120
2025-12-09 15:58:19.762  1565-5247  ActivityTaskManager     pid-1565                             I  START u0 {cmp=com.android.chrome/org.chromium.chrome.browser.firstrun.FirstRunActivity (has extras)} with LAUNCH_SINGLE_TOP from uid 10126 (BAL_ALLOW_VISIBLE_WINDOW) result code=0
2025-12-09 15:58:19.762  1565-5247  ActivityTaskManager     pid-1565                             I  Add pending draw ActivityRecord{62df42f u0 com.android.chrome/org.chromium.chrome.browser.firstrun.FirstRunActivity t28}
2025-12-09 15:58:19.762  1565-1708  mtkpower_client         pid-1565                             I  perf_cus_lock_hint, ret_hdl:1567
2025-12-09 15:58:19.762  1565-1708  PowerHalMgrImpl         pid-1565                             I  hdl:1567, pid:1565 
2025-12-09 15:58:19.763   956-1025  libPowerHal             pid-956                              I  [setGPUFreq] MTKPOWER_HINT_LAUNCHER_ANIMA user set gpu freq min:0, max:-1
2025-12-09 15:58:19.763   956-1025  libPowerHal             pid-956                              I  MTKPOWER_HINT_LAUNCHER_ANIMA: set gpu opp level max: 0
2025-12-09 15:58:19.763   956-1025  libPowerHal             pid-956                              I  [setGPUFreq] Soft min/max = (0, 0); Hard min/max = (44, 0)
2025-12-09 15:58:19.763   956-1025  libPowerHal             pid-956                              I  [setGPUFreq] final min/max = (0, 0)
2025-12-09 15:58:19.763   956-1025  libPowerHal             pid-956                              I  MTKPOWER_HINT_LAUNCHER_ANIMA: set gpu opp level: 0
2025-12-09 15:58:19.763   956-1025  libPowerHal             pid-956                              I  MTKPOWER_HINT_LAUNCHER_ANIMA: set gpu opp level max: 0
2025-12-09 15:58:19.763  1565-1829  tranpm/BehaviorManager  pid-1565                             D  onMemPressureChange : level 0
2025-12-09 15:58:19.764  5656-6841  SmartPanelService       pid-5656                             I  activityCheck pkgName: com.android.chrome, className: org.chromium.chrome.browser.firstrun.FirstRunActivity isResume=false isDrawn = false
2025-12-09 15:58:19.764  5656-6841  MultiWindowUtils        pid-5656                             I  pkg in multi window
2025-12-09 15:58:19.765 13697-23463 MlBenchmarkInstaller    pid-13697                            I  (REDACTED) Intent: %s
2025-12-09 15:58:19.765 13697-23463 MlBenchmarkInstaller    pid-13697                            I  (REDACTED) COMMITTED Extra package name: %s
2025-12-09 15:58:19.765  1565-1859  Process                 pid-1565                             I  String at 0: 0x7baa296601 = ProcessCapacityNormal
2025-12-09 15:58:19.765  1022-4133  BufferQueueDebug        pid-1022                             I  [55783c5 ActivityRecordInputSink com.android.chrome/org.chromium.chrome.browser.firstrun.FirstRunActivity#1117](this:0xb400007b7aa80c58,id:-1,api:0,p:-1,c:-1) BufferQueue core=(1022:/system/bin/surfaceflinger)
2025-12-09 15:58:19.765  5656-6841  SmartEventManager       pid-5656                             D  dispatchEvent event: SmartEvent(action=activity_check, extras=Bundle[{is_activity_check=true}])
2025-12-09 15:58:19.766  5656-5656  SmartPanelRepository    pid-5656                             I  hasLoadData true  data size = 10
2025-12-09 15:58:19.767  1565-1906  libtrancpufreqtime      pid-1565                             D  [doPollPsi:227] cpu psi is high, 500ms at 1s window
2025-12-09 15:58:19.767  1565-1859  TranCPUBooster          pid-1565                             D  [setAffinity] Pid:1022 mask:6-7
2025-12-09 15:58:19.767  5656-5656  SceneController         pid-5656                             D  checkCanShow canShow: true  changed false 
2025-12-09 15:58:19.767  1565-1859  Process                 pid-1565                             I  String at 0: 0x7baa296601 = ProcessCapacityNormal
2025-12-09 15:58:19.767  1565-1859  TranCPUBooster          pid-1565                             D  [setAffinity] Pid:1088 mask:5-7
2025-12-09 15:58:19.767  1565-1859  TranCPUBooster          pid-1565                             E  setTranSchedUxTags fail tid: 22265 threadName: wmshell.anim
2025-12-09 15:58:19.768  1565-1859  TranCPUBooster          pid-1565                             E  setTranSchedUxTags fail tid: 22263 threadName: ux_exact_wmshell.main
2025-12-09 15:58:19.768  1203-1227  uas-service             pid-1203                             D  set scene=0x80000004 success
2025-12-09 15:58:19.769 22223-22263 WindowManagerShell      pid-22223                            V  Transition requested (#88): android.os.BinderProxy@27258ed TransitionRequestInfo { type = OPEN, triggerTask = TaskInfo{userId=0 taskId=28 displayId=0 isRunning=true baseIntent=Intent { act=android.intent.action.MAIN cat=[android.intent.category.LAUNCHER] flg=0x10200000 pkg=com.android.chrome cmp=com.android.chrome/com.google.android.apps.chrome.Main } baseActivity=ComponentInfo{com.android.chrome/org.chromium.chrome.browser.ChromeTabbedActivity} topActivity=ComponentInfo{com.android.chrome/org.chromium.chrome.browser.firstrun.FirstRunActivity} origActivity=ComponentInfo{com.android.chrome/com.google.android.apps.chrome.Main} realActivity=ComponentInfo{com.android.chrome/org.chromium.chrome.browser.ChromeTabbedActivity} numActivities=2 lastActiveTime=1178295 supportsMultiWindow=true resizeMode=2 isResizeable=true minWidth=-1 minHeight=-1 defaultMinSize=110 token=WCT{android.window.IWindowContainerToken$Stub$Proxy@6164322} topActivityType=1 pictureInPictureParams=null shouldDockBigOverlays=false launchIntoPipHostTaskId=-1 lastParentTaskIdBeforePip=-1 displayCutoutSafeInsets=Rect(0, 99 - 0, 0) topActivityInfo=ActivityInfo{e3b21b3 org.chromium.chrome.browser.firstrun.FirstRunActivity} launchCookies=[android.os.BinderProxy@265696a] positionInParent=Point(0, 0) parentTaskId=-1 isFocused=true isVisible=true isVisibleRequested=true isSleeping=false locusId=null displayAreaFeatureId=1 isTopActivityTransparent=false appCompatTaskInfo=AppCompatTaskInfo { topActivityInSizeCompat=false topActivityEligibleForLetterboxEducation= falseisLetterboxEducationEnabled= false isLetterboxDoubleTapEnabled= false topActivityEligibleForUserAspectRatioButton= false topActivityBoundsLetterboxed= false isFromLetterboxDoubleTap= false topActivityLetterboxVerticalPosition= -1 topActivityLetterboxHorizontalPosition= -1 topActivityLetterboxWidth=1080 topActivityLetterboxHeight=2436 isUserFullscreenOverrideEnabled=false isSystemFullscreenOverrideEnabled=false cameraCompatTaskInfo=CameraCompatTaskInfo { cameraCompatControlState=hidden freeformCameraCompatMode=inactive}}}, pipTask = null, remoteTransition = null, displayChange = null, flags = 0, debugId = 88 }
2025-12-09 15:58:19.771 22223-22263 ShellEventHandler       pid-22223                            D  onPostRequestStartTransition OPEN token=android.os.BinderProxy@27258ed
2025-12-09 15:58:19.771 22223-22263 ShellEventHandler       pid-22223                            W  onPostRequestStartTransition last token is not null android.os.BinderProxy@7b42d3f, there is a bug here, please check logcat
2025-12-09 15:58:19.775  1203-1227  uas-service             pid-1203                             D  set scene=0x4 success
2025-12-09 15:58:19.775  6822-6915  BugleRcsEngine          pid-6822                             I  RCS Configuration storage in Bugle is disabled by p/h flag, using ProvisioningEngineStateCache.getProvisioningConfigurationForGivenSimIfExist() [CONTEXT log_prefix="ProvisioningEngineDataRetriever" thread_id=429 ]
2025-12-09 15:58:19.775  1565-1657  ApplicationHelper       pid-1565                             E  Fail to get PackageManager
2025-12-09 15:58:19.775 13697-23159 ModuleInitIntentOp      pid-13697                            W  Dropping unexpected action com.google.android.gms.phenotype.COMMITTED
2025-12-09 15:58:19.777 13697-23469 ModuleInitIntentOp      pid-13697                            W  Dropping unexpected action com.google.android.gms.phenotype.COMMITTED
2025-12-09 15:58:19.778 13697-23469 LocationHistory         pid-13697                            I  (REDACTED) [IntentOperation] Handling action %s
2025-12-09 15:58:19.778 22223-22263 ShellTrans..._interrupt pid-22223                            D  finish handler: com.android.wm.shell.transition.DefaultTransitionHandler@fbeb90f
2025-12-09 15:58:19.778 22223-22263 ShellTrans..._interrupt pid-22223                            D  onFinish: isLauncherReUseLeash = false
2025-12-09 15:58:19.778 22223-22263 WindowManagerShell      pid-22223                            V  Transition animation finished (aborted=false), notifying core (#87) android.os.BinderProxy@7b42d3f@0
2025-12-09 15:58:19.779 22223-22263 ShellTransitions        pid-22223                            D  Applied finish transaction
2025-12-09 15:58:19.779 22223-22263 ShellTrans..._interrupt pid-22223                            D  onFinish finish apply
2025-12-09 15:58:19.779  1565-3273  WindowOrga...Controller pid-1565                             D  WCT isInterrupt: false
2025-12-09 15:58:19.780  1079-1079  FPSGO                   pid-1079                             I  fpsgo_boost_sched_idle_prefer:0
2025-12-09 15:58:19.780  1079-1079  mtkpower_client         pid-1079                             I  perf_lock_rel, hdl:1563, tid:1079
2025-12-09 15:58:19.781  1022-4133  SurfaceFlinger          pid-1022                             I  onHandleDestroyed: name=TranStartingSurface#1108, layerId=1108, parentId=0
2025-12-09 15:58:19.781  1565-1705  PhoneCloneServiceFinder pid-1565                             D  getTargetPackage() userId=0, services=[]
2025-12-09 15:58:19.781  1079-1079  FPSGO                   pid-1079                             I  perfLockRel hdl:1563
2025-12-09 15:58:19.781  1079-1079  FPSGO                   pid-1079                             I  fpsgo_boost_sched_rate_ns:-1
2025-12-09 15:58:19.781  1079-1079  mtkpower_client         pid-1079                             I  perf_lock_rel, hdl:1564, tid:1079
2025-12-09 15:58:19.781  1565-3273  WindowManager           pid-1565                             I    isAnimating=false  okToAnimate=true  win=Window{5adbf7a u0 com.transsion.XOSLauncher/com.android.launcher3.uioverrides.QuickstepLauncher}
2025-12-09 15:58:19.781   956-1025  libPowerHal             pid-956                              I  [PD] fpsgo update cmd:1404500 param:0
2025-12-09 15:58:19.782  1203-1227  uas-service             pid-1203                             D  set scene=0x80000004 success
2025-12-09 15:58:19.782   956-1025  libPowerHal             pid-956                              I  [PD] fpsgo update cmd:1438300, param:1000
2025-12-09 15:58:19.782   956-1025  libPowerHal             pid-956                              I  [PD] fpsgo update cmd:1438400, param:1000
2025-12-09 15:58:19.782   956-1025  libPowerHal             pid-956                              I  [PD] fpsgo update cmd:1438600 param:1000
2025-12-09 15:58:19.782   956-1025  libPowerHal             pid-956                              I  [PD] fpsgo update cmd:1438700 param:1000
2025-12-09 15:58:19.783  1565-3273  MagellanHandle          pid-1565                             D  updateRefreshRateForSceneVsyncs what = 21
2025-12-09 15:58:19.784 22223-22263 ShellEventHandler       pid-22223                            D  onTransitionFinished NONE token=android.os.BinderProxy@7b42d3f
2025-12-09 15:58:19.784 22223-22263 WindowManagerShell      pid-22223                            V  Track 0 became idle
2025-12-09 15:58:19.784  1079-1079  FPSGO                   pid-1079                             I  perfLockRel hdl:1564
2025-12-09 15:58:19.785  1565-1705  PackageManager          pid-1565                             W  Unable to load service info ResolveInfo{c48140b com.transsion.faceid/.TestAuthService m=0x108000 userHandle=null} (Ask Gemini)
                                                                                                    org.xmlpull.v1.XmlPullParserException: No android.accounts.AccountAuthenticator meta-data
                                                                                                    	at android.content.pm.RegisteredServicesCache.parseServiceInfo(RegisteredServicesCache.java:652)
                                                                                                    	at android.content.pm.RegisteredServicesCache.generateServicesMap(RegisteredServicesCache.java:493)
                                                                                                    	at android.content.pm.RegisteredServicesCache.handlePackageEvent(RegisteredServicesCache.java:219)
                                                                                                    	at android.content.pm.RegisteredServicesCache.-$$Nest$mhandlePackageEvent(Unknown Source:0)
                                                                                                    	at android.content.pm.RegisteredServicesCache$1.onReceive(RegisteredServicesCache.java:228)
                                                                                                    	at android.app.LoadedApk$ReceiverDispatcher$Args.lambda$getRunnable$0(LoadedApk.java:1851)
                                                                                                    	at android.app.LoadedApk$ReceiverDispatcher$Args.$r8$lambda$mcNAAl1SQ4MyJPyDg8TJ2x2h0Rk(Unknown Source:0)
                                                                                                    	at android.app.LoadedApk$ReceiverDispatcher$Args$$ExternalSyntheticLambda0.run(D8$$SyntheticClass:0)
                                                                                                    	at android.os.Handler.handleCallback(Handler.java:959)
                                                                                                    	at android.os.Handler.dispatchMessage(Handler.java:100)
                                                                                                    	at android.os.Looper.loopOnce(Looper.java:311)
                                                                                                    	at android.os.Looper.loop(Looper.java:408)
                                                                                                    	at android.os.HandlerThread.run(HandlerThread.java:85)
2025-12-09 15:58:19.785  1565-1708  mtkpower_client         pid-1565                             I  perf_lock_rel, hdl:1567, tid:1708
2025-12-09 15:58:19.786   956-1025  libPowerHal             pid-956                              I  [unsetGPUFreq] current min:0, max:0; scn_gpu_min:0, scn_gpu_max:-1; scn_gpu_min(HL):-1, scn_gpu_max(HL):-1
2025-12-09 15:58:19.786   956-1025  libPowerHal             pid-956                              I  [setGPUFreq] Soft min/max = (0, 0); Hard min/max = (44, 0)
2025-12-09 15:58:19.786   956-1025  libPowerHal             pid-956                              I  [setGPUFreq] final min/max = (0, 0)
2025-12-09 15:58:19.786   956-1025  libPowerHal             pid-956                              I  MTKPOWER_HINT_LAUNCHER_ANIMA: set gpu opp level: 0
2025-12-09 15:58:19.786  1022-1022  BufferQueueDebug        pid-1022                             I  [TranStartingSurface#1108](this:0xb400007b7aab6e08,id:-1,api:0,p:-1,c:1022) onDestructor()
2025-12-09 15:58:19.786   956-1025  libPowerHal             pid-956                              I  MTKPOWER_HINT_LAUNCHER_ANIMA: set gpu opp level max: 0
2025-12-09 15:58:19.786  1565-2973  AudioSystem             pid-1565                             D  +setParameters(): app_in_recents=false 
2025-12-09 15:58:19.787  1004-20422 AudioFlinger            pid-1004                             I  setParameters: filtered keyvalue app_in_recents=false
2025-12-09 15:58:19.787  1004-20422 AudioFlinger            pid-1004                             I  +mAudioHwDevs(primary)->setParameters(): app_in_recents=false
2025-12-09 15:58:19.787   914-19113 AudioALSAHardware       pid-914                              D  +setParameters(): app_in_recents=false
2025-12-09 15:58:19.787   914-19113 AudioALSAHardware       pid-914                              D  -setParameters(): app_in_recents=false
2025-12-09 15:58:19.787  1004-20422 AudioFlinger            pid-1004                             I  -mAudioHwDevs(primary)->setParameters(): app_in_recents=false
2025-12-09 15:58:19.787  1004-20422 AudioFlinger            pid-1004                             I  +mAudioHwDevs(bluetooth)->setParameters(): app_in_recents=false
2025-12-09 15:58:19.787  1565-1656  WindowManager           pid-1565                             V  Finish Transition (#87): created at 12-09 15:58:19.441 collect-started=0.064ms request-sent=21.77ms started=56.803ms ready=56.774ms sent=73.018ms finished=339.358ms
2025-12-09 15:58:19.787  1004-20422 AudioFlinger            pid-1004                             I  -mAudioHwDevs(bluetooth)->setParameters(): app_in_recents=false
2025-12-09 15:58:19.787  1004-20422 AudioFlinger            pid-1004                             I  +mAudioHwDevs(usb)->setParameters(): app_in_recents=false
2025-12-09 15:58:19.788  1004-20422 AudioFlinger            pid-1004                             I  -mAudioHwDevs(usb)->setParameters(): app_in_recents=false
2025-12-09 15:58:19.788  1004-20422 AudioFlinger            pid-1004                             I  +mAudioHwDevs(r_submix)->setParameters(): app_in_recents=false
2025-12-09 15:58:19.788  1004-20422 AudioFlinger            pid-1004                             I  -mAudioHwDevs(r_submix)->setParameters(): app_in_recents=false
2025-12-09 15:58:19.788  1004-20422 TranFlinger             pid-1004                             E  setPareters is is 0
2025-12-09 15:58:19.788  1004-20422 TranFlinger             pid-1004                             D  Audioflinger app_in_recents = false
2025-12-09 15:58:19.788  1004-20422 TranFlinger             pid-1004                             D  Audioflinger sec app_in_recents  is 0
2025-12-09 15:58:19.793  3576-3576  VRI[QuickstepLauncher]  pid-3576                             D  visibilityChanged oldVisibility=true newVisibility=false
2025-12-09 15:58:19.793 13697-23159 GmsSyncPolicyEngine     pid-13697                            I  (REDACTED) Periodic sync %d disabled by policy, cancelled.
2025-12-09 15:58:19.794  1022-1022  SurfaceFlinger          pid-1022                             I  onHandleDestroyed: name=c073fd2 ActivityRecordInputSink com.transsion.XOSLauncher/com.android.launcher3.uioverrides.QuickstepLauncher#1043, layerId=1043, parentId=0
2025-12-09 15:58:19.794  1022-1022  SurfaceFlinger          pid-1022                             I  onHandleDestroyed: name=Transition Root: Task=28#1109, layerId=1109, parentId=0
2025-12-09 15:58:19.794 20405-24403 DynamiteModule          pid-20405                            W  Local module descriptor class for com.google.android.gms.googlecertificates not found.
2025-12-09 15:58:19.797   956-975   mtkpower@impl           pid-956                              I  [setMode] type:6, enabled:0
2025-12-09 15:58:19.797  1565-3273  UserManagerService      pid-1565                             W  Requested status bar icon for non-badged user 0
2025-12-09 15:58:19.797   956-975   mtkpower@impl           pid-956                              E  [setMode] unknown type
2025-12-09 15:58:19.799 13697-23159 GmsSyncPolicyEngine     pid-13697                            I  (REDACTED) Periodic sync %d disabled by policy, cancelled.
2025-12-09 15:58:19.799  1565-5265  UserManagerService      pid-1565                             W  Requested status bar icon for non-badged user 0
2025-12-09 15:58:19.801 13697-23463 SystemUpdate            pid-13697                            I  [Installation,ReceiverIntentOperation] System update management not enabled in this context. Ignoring intent: Intent { act=com.google.android.gms.phenotype.COMMITTED pkg=com.google.android.gms cmp=com.google.android.gms/.chimera.GmsIntentOperationService (has extras) }
2025-12-09 15:58:19.802  1022-1022  BufferQueueDebug        pid-1022                             I  [Transition Root: Task=28#1109](this:0xb400007b7ab17b28,id:-1,api:0,p:-1,c:1022) onDestructor()
2025-12-09 15:58:19.802  1022-1022  BufferQueueDebug        pid-1022                             I  [c073fd2 ActivityRecordInputSink com.transsion.XOSLauncher/com.android.launcher3.uioverrides.QuickstepLauncher#1043](this:0xb400007b7ab56588,id:-1,api:0,p:-1,c:1022) onDestructor()
2025-12-09 15:58:19.803 13697-23159 GmsSyncPolicyEngine     pid-13697                            I  (REDACTED) Periodic sync %d disabled by policy, cancelled.
2025-12-09 15:58:19.809  3576-3576  BLASTBufferQueue        pid-3576                             D  [VRI[QuickstepLauncher]#10](f:0,a:1) destructor()
2025-12-09 15:58:19.809  3576-3576  BufferQueueConsumer     pid-3576                             D  [VRI[QuickstepLauncher]#10(BLAST Consumer)10](id:df80000000e,api:0,p:-1,c:3576) disconnect
2025-12-09 15:58:19.811 20405-20416 ActivityThreadLice      pid-20405                            D  received OSMessage 110001
2025-12-09 15:58:19.813 12084-12244 NullBinder              pid-12084                            I  NullBinder for android.net.action.RECOMMEND_NETWORKS triggering remote TransactionTooLargeException due to Service without Chimera impl
2025-12-09 15:58:19.813 12084-12244 .gms.persistent         pid-12084                            W  Large reply transaction of 1056768 bytes, interface descriptor , code 1
2025-12-09 15:58:19.817 20405-20416 ActivityThreadLice      pid-20405                            D  send OSMessage 110001 to [-1]
2025-12-09 15:58:19.822  1565-5247  os.WindowM...erviceLice pid-1565                             D  received send OSMessage 110001 request from 20405 to [-1]
2025-12-09 15:58:19.823  1565-5247  os.CommonLice           pid-1565                             D  onOSServerMessage 110001
2025-12-09 15:58:19.824 20405-20416 OSServiceManager        pid-20405                            D  update local os service os.activity from null to android.os.BinderProxy@122081
2025-12-09 15:58:19.825  1565-1823  ActivityManager         pid-1565                             I  Test idle failed due to d6bd807 12084:com.google.android.gms.persistent/u0a113 not runnable because EMPTY
2025-12-09 15:58:19.827 20405-20405 TranClassInfo           pid-20405                            D  instance suc