2025-12-06 11:52:27.530 25097-25097 WebSocketManager        com.cdccreditsmart.app               D  Heartbeat ping sent
2025-12-06 11:52:27.532 25097-31171 WebSocketManager        com.cdccreditsmart.app               E  WebSocket failure: Software caused connection abort (Ask Gemini)
                                                                                                    java.net.SocketException: Software caused connection abort
                                                                                                    	at java.net.SocketInputStream.socketRead0(Native Method)
                                                                                                    	at java.net.SocketInputStream.socketRead(SocketInputStream.java:118)
                                                                                                    	at java.net.SocketInputStream.read(SocketInputStream.java:173)
                                                                                                    	at java.net.SocketInputStream.read(SocketInputStream.java:143)
                                                                                                    	at com.android.org.conscrypt.ConscryptEngineSocket$SSLInputStream.readFromSocket(ConscryptEngineSocket.java:994)
                                                                                                    	at com.android.org.conscrypt.ConscryptEngineSocket$SSLInputStream.processDataFromSocket(ConscryptEngineSocket.java:958)
                                                                                                    	at com.android.org.conscrypt.ConscryptEngineSocket$SSLInputStream.readUntilDataAvailable(ConscryptEngineSocket.java:873)
                                                                                                    	at com.android.org.conscrypt.ConscryptEngineSocket$SSLInputStream.read(ConscryptEngineSocket.java:846)
                                                                                                    	at okio.InputStreamSource.read(JvmOkio.kt:93)
                                                                                                    	at okio.AsyncTimeout$source$1.read(AsyncTimeout.kt:153)
                                                                                                    	at okio.RealBufferedSource.request(RealBufferedSource.kt:209)
                                                                                                    	at okio.RealBufferedSource.require(RealBufferedSource.kt:202)
                                                                                                    	at okio.RealBufferedSource.readByte(RealBufferedSource.kt:212)
                                                                                                    	at okhttp3.internal.ws.WebSocketReader.readHeader(WebSocketReader.kt:119)
                                                                                                    	at okhttp3.internal.ws.WebSocketReader.processNextFrame(WebSocketReader.kt:102)
                                                                                                    	at okhttp3.internal.ws.RealWebSocket.loopReader(RealWebSocket.kt:293)
                                                                                                    	at okhttp3.internal.ws.RealWebSocket$connect$1.onResponse(RealWebSocket.kt:195)
                                                                                                    	at okhttp3.internal.connection.RealCall$AsyncCall.run(RealCall.kt:519)
                                                                                                    	at java.util.concurrent.ThreadPoolExecutor.runWorker(ThreadPoolExecutor.java:1156)
                                                                                                    	at java.util.concurrent.ThreadPoolExecutor$Worker.run(ThreadPoolExecutor.java:651)
                                                                                                    	at java.lang.Thread.run(Thread.java:1119)
2025-12-06 11:52:27.532 25097-31171 CdcForegroundService    com.cdccreditsmart.app               E  âŒ Erro no WebSocket Flow: Connection failed: Software caused connection abort
2025-12-06 11:52:27.533 25097-31171 WebSocketManager        com.cdccreditsmart.app               D  Scheduling reconnection in 5000ms
2025-12-06 11:52:27.535 25097-31102 MdmCommandReceiver      com.cdccreditsmart.app               I  ðŸ” [Polling #6] Verificando comandos pendentes...
2025-12-06 11:52:27.539 25097-32714 MdmCommandReceiver      com.cdccreditsmart.app               E  âŒ WebSocket MDM FALHOU!
2025-12-06 11:52:27.539 25097-32714 MdmCommandReceiver      com.cdccreditsmart.app               W  âš ï¸ Erro WebSocket: Software caused connection abort...
2025-12-06 11:52:27.541 25097-32714 MdmCommandReceiver      com.cdccreditsmart.app               D  â³ Polling jÃ¡ estÃ¡ ativo - ignorando chamada duplicada
---------------------------- PROCESS ENDED (25097) for package com.cdccreditsmart.app ----------------------------
---------------------------- PROCESS STARTED (31466) for package com.cdccreditsmart.app ----------------------------
2025-12-06 11:52:30.623 31466-31466 nativeloader            com.cdccreditsmart.app               D  Configuring clns-7 for other apk /data/app/~~qJkv27Tfm6SQ9V1fpLiPCA==/com.cdccreditsmart.app-Dcm9gFBCt8YNi1J6wXKpLw==/base.apk. target_sdk_version=35, uses_libraries=, library_path=/data/app/~~qJkv27Tfm6SQ9V1fpLiPCA==/com.cdccreditsmart.app-Dcm9gFBCt8YNi1J6wXKpLw==/lib/arm64:/data/app/~~qJkv27Tfm6SQ9V1fpLiPCA==/com.cdccreditsmart.app-Dcm9gFBCt8YNi1J6wXKpLw==/base.apk!/lib/arm64-v8a, permitted_path=/data:/mnt/expand:/data/user/0/com.cdccreditsmart.app
2025-12-06 11:52:30.638 31466-31466 CompatChangeReporter    com.cdccreditsmart.app               D  Compat change id reported: 279646685; UID 10301; state: ENABLED
2025-12-06 11:52:30.639 31466-31466 GraphicsEnvironment     com.cdccreditsmart.app               V  Currently set values for:
2025-12-06 11:52:30.639 31466-31466 GraphicsEnvironment     com.cdccreditsmart.app               V    angle_gl_driver_selection_pkgs=[]
2025-12-06 11:52:30.640 31466-31466 GraphicsEnvironment     com.cdccreditsmart.app               V    angle_gl_driver_selection_values=[]
2025-12-06 11:52:30.640 31466-31466 GraphicsEnvironment     com.cdccreditsmart.app               V  Global.Settings values are invalid: number of packages: 0, number of values: 0
2025-12-06 11:52:30.640 31466-31466 GraphicsEnvironment     com.cdccreditsmart.app               V  Neither updatable production driver nor prerelease driver is supported.
2025-12-06 11:52:30.645 31466-31466 LoadedApk               com.cdccreditsmart.app               I  No resource references to update in package com.transsion.theme.icon
2025-12-06 11:52:30.663 31466-31466 os.SingleLiceFactory    com.cdccreditsmart.app               D  using android.app.IActivityThreadLice$DefaultImpl@be697b3 instead of com.transsion.activityembedding.ActivityEmbeddingLiceFactory  from android.app.IActivityThreadLice
2025-12-06 11:52:30.688 31466-31466 FirebaseApp             com.cdccreditsmart.app               I  Device unlocked: initializing all Firebase APIs for app [DEFAULT]
2025-12-06 11:52:30.702 31466-31466 FirebaseInitProvider    com.cdccreditsmart.app               I  FirebaseApp initialization successful
2025-12-06 11:52:30.710 31466-31466 WM-WrkMgrInitializer    com.cdccreditsmart.app               D  Initializing WorkManager with default configuration.
2025-12-06 11:52:30.727 31466-31466 WM-PackageManagerHelper com.cdccreditsmart.app               D  Skipping component enablement for androidx.work.impl.background.systemjob.SystemJobService
2025-12-06 11:52:30.727 31466-31466 WM-Schedulers           com.cdccreditsmart.app               D  Created SystemJobScheduler and enabled SystemJobService
2025-12-06 11:52:30.731 31466-31466 MbrainDebugManagerImpl  com.cdccreditsmart.app               D  getService failed
2025-12-06 11:52:30.739 31466-31466 CrashHandler            com.cdccreditsmart.app               I  âœ… Global crash handler instalado
2025-12-06 11:52:30.739 31466-31466 CDCApplication          com.cdccreditsmart.app               I  ðŸš€ CDC Credit Smart Application iniciando...
2025-12-06 11:52:30.739 31466-31466 CDCApplication          com.cdccreditsmart.app               I  ========================================
2025-12-06 11:52:30.739 31466-31466 CDCApplication          com.cdccreditsmart.app               I  ðŸ” Verificando status de Device Owner...
2025-12-06 11:52:30.742 31466-31466 CompatChangeReporter    com.cdccreditsmart.app               D  Compat change id reported: 307233716; UID 10301; state: ENABLED
2025-12-06 11:52:30.743 31466-31466 CDCApplication          com.cdccreditsmart.app               I  Device Owner Status: âŒ NÃƒO
2025-12-06 11:52:30.743 31466-31466 CDCApplication          com.cdccreditsmart.app               I  Package Name: com.cdccreditsmart.app
2025-12-06 11:52:30.743 31466-31466 CDCApplication          com.cdccreditsmart.app               E  
2025-12-06 11:52:30.743 31466-31466 CDCApplication          com.cdccreditsmart.app               E  â•”â•â•â•â•â•â•â•â•â•â•â•â•â•â•â•â•â•â•â•â•â•â•â•â•â•â•â•â•â•â•â•â•â•â•â•â•â•â•â•â•â•â•â•â•â•â•â•â•â•â•â•â•â•â•â•â•â•—
2025-12-06 11:52:30.743 31466-31466 CDCApplication          com.cdccreditsmart.app               E  â•‘  âš ï¸  APP NÃƒO ESTÃ PROVISIONADO COMO DEVICE OWNER  âš ï¸   â•‘
2025-12-06 11:52:30.743 31466-31466 CDCApplication          com.cdccreditsmart.app               E  â• â•â•â•â•â•â•â•â•â•â•â•â•â•â•â•â•â•â•â•â•â•â•â•â•â•â•â•â•â•â•â•â•â•â•â•â•â•â•â•â•â•â•â•â•â•â•â•â•â•â•â•â•â•â•â•â•â•£
2025-12-06 11:52:30.743 31466-31466 CDCApplication          com.cdccreditsmart.app               E  â•‘  O app precisa ser provisionado como Device Owner      â•‘
2025-12-06 11:52:30.743 31466-31466 CDCApplication          com.cdccreditsmart.app               E  â•‘  ANTES de poder conceder permissÃµes automaticamente.   â•‘
2025-12-06 11:52:30.743 31466-31466 CDCApplication          com.cdccreditsmart.app               E  â•‘                                                        â•‘
2025-12-06 11:52:30.743 31466-31466 CDCApplication          com.cdccreditsmart.app               E  â•‘  Provisione o dispositivo usando um dos mÃ©todos:       â•‘
2025-12-06 11:52:30.743 31466-31466 CDCApplication          com.cdccreditsmart.app               E  â•‘  1. ADB: adb shell dpm set-device-owner ...           â•‘
2025-12-06 11:52:30.743 31466-31466 CDCApplication          com.cdccreditsmart.app               E  â•‘  2. QR Code durante setup inicial                      â•‘
2025-12-06 11:52:30.743 31466-31466 CDCApplication          com.cdccreditsmart.app               E  â•‘  3. NFC durante setup inicial                          â•‘
2025-12-06 11:52:30.743 31466-31466 CDCApplication          com.cdccreditsmart.app               E  â•‘  4. Samsung Knox Mobile Enrollment                     â•‘
2025-12-06 11:52:30.743 31466-31466 CDCApplication          com.cdccreditsmart.app               E  â•šâ•â•â•â•â•â•â•â•â•â•â•â•â•â•â•â•â•â•â•â•â•â•â•â•â•â•â•â•â•â•â•â•â•â•â•â•â•â•â•â•â•â•â•â•â•â•â•â•â•â•â•â•â•â•â•â•â•
2025-12-06 11:52:30.743 31466-31466 CDCApplication          com.cdccreditsmart.app               E  
2025-12-06 11:52:30.743 31466-31466 CDCApplication          com.cdccreditsmart.app               I  ========================================
2025-12-06 11:52:30.747 31466-31466 AppProtectionManager    com.cdccreditsmart.app               I  
2025-12-06 11:52:30.747 31466-31466 AppProtectionManager    com.cdccreditsmart.app               I  â•”â•â•â•â•â•â•â•â•â•â•â•â•â•â•â•â•â•â•â•â•â•â•â•â•â•â•â•â•â•â•â•â•â•â•â•â•â•â•â•â•â•â•â•â•â•â•â•â•â•â•â•â•â•â•â•â•â•â•â•â•â•â•â•â•â•—
2025-12-06 11:52:30.747 31466-31466 AppProtectionManager    com.cdccreditsmart.app               I  â•‘     ðŸ›¡ï¸ APLICANDO MELHOR PROTEÃ‡ÃƒO DISPONÃVEL                    â•‘
2025-12-06 11:52:30.747 31466-31466 AppProtectionManager    com.cdccreditsmart.app               I  â•‘           CDC CREDIT SMART - PROTEÃ‡ÃƒO EM CAMADAS              â•‘
2025-12-06 11:52:30.747 31466-31466 AppProtectionManager    com.cdccreditsmart.app               I  â•šâ•â•â•â•â•â•â•â•â•â•â•â•â•â•â•â•â•â•â•â•â•â•â•â•â•â•â•â•â•â•â•â•â•â•â•â•â•â•â•â•â•â•â•â•â•â•â•â•â•â•â•â•â•â•â•â•â•â•â•â•â•â•â•â•â•
2025-12-06 11:52:30.747 31466-31466 AppProtectionManager    com.cdccreditsmart.app               I  
2025-12-06 11:52:30.749 31466-31466 AppProtectionManager    com.cdccreditsmart.app               I  ðŸ“‹ STATUS ATUAL:
2025-12-06 11:52:30.749 31466-31466 AppProtectionManager    com.cdccreditsmart.app               I     Device Owner: NÃƒO
2025-12-06 11:52:30.749 31466-31466 AppProtectionManager    com.cdccreditsmart.app               I     Device Admin: SIM
2025-12-06 11:52:30.749 31466-31466 AppProtectionManager    com.cdccreditsmart.app               I  
2025-12-06 11:52:30.749 31466-31466 AppProtectionManager    com.cdccreditsmart.app               I  ðŸ” NÃVEL: DEVICE ADMIN (ProteÃ§Ã£o Parcial)
2025-12-06 11:52:30.749 31466-31466 AppProtectionManager    com.cdccreditsmart.app               I  ========================================
2025-12-06 11:52:30.749 31466-31466 AppProtectionManager    com.cdccreditsmart.app               I  ðŸ” APLICANDO PROTEÃ‡Ã•ES DE DEVICE ADMIN
2025-12-06 11:52:30.749 31466-31466 AppProtectionManager    com.cdccreditsmart.app               I  ========================================
2025-12-06 11:52:30.749 31466-31466 AppProtectionManager    com.cdccreditsmart.app               I  [1/3] Device Admin ativo - desinstalaÃ§Ã£o requer desativar admin primeiro
2025-12-06 11:52:30.749 31466-31466 AppProtectionManager    com.cdccreditsmart.app               I        â†’ UsuÃ¡rio precisa ir em Settings > Security > Device Admins
2025-12-06 11:52:30.749 31466-31466 AppProtectionManager    com.cdccreditsmart.app               I        â†’ Desativar 'CDC Credit Smart' antes de desinstalar
2025-12-06 11:52:30.749 31466-31466 AppProtectionManager    com.cdccreditsmart.app               I  
2025-12-06 11:52:30.749 31466-31466 AppProtectionManager    com.cdccreditsmart.app               I  [2/3] Aplicando persistÃªncia bÃ¡sica...
2025-12-06 11:52:30.749 31466-31466 AppProtectionManager    com.cdccreditsmart.app               I     Iniciando serviÃ§os de persistÃªncia...
2025-12-06 11:52:30.752 31466-31466 AppProtectionManager    com.cdccreditsmart.app               I     âœ… Foreground Service iniciado
2025-12-06 11:52:30.757 31466-31466 AppProtectionManager    com.cdccreditsmart.app               I     âœ… ServiceWatchdog agendado (15 min)
2025-12-06 11:52:30.757 31466-31466 AppProtectionManager    com.cdccreditsmart.app               I  
2025-12-06 11:52:30.757 31466-31466 AppProtectionManager    com.cdccreditsmart.app               I  [3/3] ProteÃ§Ãµes de Device Admin limitadas:
2025-12-06 11:52:30.757 31466-31466 AppProtectionManager    com.cdccreditsmart.app               I        âŒ setUninstallBlocked: Requer Device Owner
2025-12-06 11:52:30.757 31466-31466 AppProtectionManager    com.cdccreditsmart.app               I        âŒ setUserControlDisabledPackages: Requer Device Owner
2025-12-06 11:52:30.757 31466-31466 AppProtectionManager    com.cdccreditsmart.app               I        âŒ addUserRestriction: Requer Device Owner
2025-12-06 11:52:30.757 31466-31466 AppProtectionManager    com.cdccreditsmart.app               I        âœ… DesinstalaÃ§Ã£o requer desativar admin primeiro
2025-12-06 11:52:30.757 31466-31466 AppProtectionManager    com.cdccreditsmart.app               I        âœ… Foreground Service mantÃ©m app ativo
2025-12-06 11:52:30.757 31466-31466 AppProtectionManager    com.cdccreditsmart.app               I        âœ… WorkManager mantÃ©m tarefas executando
2025-12-06 11:52:30.757 31466-31466 AppProtectionManager    com.cdccreditsmart.app               I  ========================================
2025-12-06 11:52:30.757 31466-31466 AppProtectionManager    com.cdccreditsmart.app               I  ðŸ“Š RESUMO: Device Admin ativo com proteÃ§Ãµes parciais
2025-12-06 11:52:30.757 31466-31466 AppProtectionManager    com.cdccreditsmart.app               I  ========================================
2025-12-06 11:52:30.757 31466-31466 AppProtectionManager    com.cdccreditsmart.app               I  
2025-12-06 11:52:30.757 31466-31466 CDCApplication          com.cdccreditsmart.app               I  
2025-12-06 11:52:30.757 31466-31466 CDCApplication          com.cdccreditsmart.app               I  â•”â•â•â•â•â•â•â•â•â•â•â•â•â•â•â•â•â•â•â•â•â•â•â•â•â•â•â•â•â•â•â•â•â•â•â•â•â•â•â•â•â•â•â•â•â•â•â•â•â•â•â•â•â•â•â•â•â•â•â•â•â•—
2025-12-06 11:52:30.757 31466-31466 CDCApplication          com.cdccreditsmart.app               I  â•‘     RESULTADO DA APLICAÃ‡ÃƒO DE PROTEÃ‡Ã•ES                    â•‘
2025-12-06 11:52:30.757 31466-31466 CDCApplication          com.cdccreditsmart.app               I  â•šâ•â•â•â•â•â•â•â•â•â•â•â•â•â•â•â•â•â•â•â•â•â•â•â•â•â•â•â•â•â•â•â•â•â•â•â•â•â•â•â•â•â•â•â•â•â•â•â•â•â•â•â•â•â•â•â•â•â•â•â•â•
2025-12-06 11:52:30.757 31466-31466 CDCApplication          com.cdccreditsmart.app               I     NÃ­vel: DEVICE_ADMIN
2025-12-06 11:52:30.757 31466-31466 CDCApplication          com.cdccreditsmart.app               I     ProteÃ§Ãµes aplicadas: 2
2025-12-06 11:52:30.757 31466-31466 CDCApplication          com.cdccreditsmart.app               I     Status: PROTEÃ‡ÃƒO PARCIAL (Device Admin)
2025-12-06 11:52:30.757 31466-31466 CDCApplication          com.cdccreditsmart.app               I     DesinstalaÃ§Ã£o requer desativar admin primeiro
2025-12-06 11:52:30.757 31466-31466 CDCApplication          com.cdccreditsmart.app               I  â•šâ•â•â•â•â•â•â•â•â•â•â•â•â•â•â•â•â•â•â•â•â•â•â•â•â•â•â•â•â•â•â•â•â•â•â•â•â•â•â•â•â•â•â•â•â•â•â•â•â•â•â•â•â•â•â•â•â•â•â•â•â•
2025-12-06 11:52:30.757 31466-31466 CDCApplication          com.cdccreditsmart.app               I  
2025-12-06 11:52:30.763 31466-1184  creditsmart.app         com.cdccreditsmart.app               W  ClassLoaderContext classpath size mismatch. expected=1, found=0 (DLC[];PCL[base.apk*1653684527]{PCL[/system/framework/org.apache.http.legacy.jar*437079508]#PCL[/system/framework/com.android.media.remotedisplay.jar*2042759013]#PCL[/system/framework/com.android.location.provider.jar*3414091812]#PCL[/system_ext/framework/androidx.window.extensions.jar*982563657]#PCL[/system_ext/framework/androidx.window.sidecar.jar*391518838]} | DLC[];PCL[])
2025-12-06 11:52:30.764 31466-31466 TamperDetection         com.cdccreditsmart.app               I  ========================================
2025-12-06 11:52:30.764 31466-31466 TamperDetection         com.cdccreditsmart.app               I  ðŸ” VERIFICANDO INTEGRIDADE DO DISPOSITIVO
2025-12-06 11:52:30.764 31466-31466 TamperDetection         com.cdccreditsmart.app               I  ========================================
2025-12-06 11:52:30.782 31466-1190  CDCApplication          com.cdccreditsmart.app               D  ðŸ‘¤ App nÃ£o Ã© Device Owner - pulando criaÃ§Ã£o de usuÃ¡rio secundÃ¡rio
2025-12-06 11:52:30.794 31466-1188  TranClassInfo           com.cdccreditsmart.app               D  instance successfully. com.transsion.hubcore.database.sqlite.TranSQLiteDatabaseImpl@5c82b36 from com.transsion.hubcore.database.sqlite.ITranSQLiteDatabase
2025-12-06 11:52:30.795 31466-1188  TranClassInfo           com.cdccreditsmart.app               D  instance successfully. com.transsion.hubcore.spdopts.others.implement.TranSQLiteDatabaseComponentImpl@5290a37 from com.transsion.hubcore.spdcomponent.ITranSQLiteDatabaseComponent
2025-12-06 11:52:30.803 31466-1184  DynamiteModule          com.cdccreditsmart.app               I  Considering local module com.google.android.gms.measurement.dynamite:127 and remote module com.google.android.gms.measurement.dynamite:167
2025-12-06 11:52:30.804 31466-1184  DynamiteModule          com.cdccreditsmart.app               I  Selected remote version of com.google.android.gms.measurement.dynamite, version >= 167
2025-12-06 11:52:30.805 31466-1184  DynamiteModule          com.cdccreditsmart.app               V  Dynamite loader version >= 2, using loadModule2NoCrashUtils
2025-12-06 11:52:30.858 31466-1184  System                  com.cdccreditsmart.app               W  ClassLoader referenced unknown path: 
2025-12-06 11:52:30.858 31466-1184  nativeloader            com.cdccreditsmart.app               D  Configuring clns-8 for other apk . target_sdk_version=36, uses_libraries=, library_path=/data/app/~~Vy2q4UVBTGGfjmyq3j_-SQ==/com.google.android.gms-95BWGBdBs06teY1kmvy6nA==/lib/arm64:/data/app/~~Vy2q4UVBTGGfjmyq3j_-SQ==/com.google.android.gms-95BWGBdBs06teY1kmvy6nA==/base.apk!/lib/arm64-v8a, permitted_path=/data:/mnt/expand:/data/user/0/com.google.android.gms
2025-12-06 11:52:30.920 31466-1184  creditsmart.app         com.cdccreditsmart.app               W  ClassLoaderContext classpath size mismatch. expected=1, found=3 (DLC[];PCL[base.apk*1653684527]{PCL[/system/framework/org.apache.http.legacy.jar*437079508]#PCL[/system/framework/com.android.media.remotedisplay.jar*2042759013]#PCL[/system/framework/com.android.location.provider.jar*3414091812]#PCL[/system_ext/framework/androidx.window.extensions.jar*982563657]#PCL[/system_ext/framework/androidx.window.sidecar.jar*391518838]} | DLC[];PCL[/data/data/com.cdccreditsmart.app/code_cache/.overlay/base.apk/classes28.dex*1524000728:/data/data/com.cdccreditsmart.app/code_cache/.overlay/base.apk/classes19.dex*880909500:/data/app/~~qJkv27Tfm6SQ9V1fpLiPCA==/com.cdccreditsmart.app-Dcm9gFBCt8YNi1J6wXKpLw==/base.apk*3688725052])
2025-12-06 11:52:30.998 31466-1188  CompatChangeReporter    com.cdccreditsmart.app               D  Compat change id reported: 311402873; UID 10301; state: ENABLED
2025-12-06 11:52:30.999 31466-1188  CompatChangeReporter    com.cdccreditsmart.app               D  Compat change id reported: 323349338; UID 10301; state: ENABLED
2025-12-06 11:52:31.046 31466-31466 TamperDetection         com.cdccreditsmart.app               I  âœ… Integridade OK - app pareado e tokens vÃ¡lidos
2025-12-06 11:52:31.046 31466-31466 TamperDetection         com.cdccreditsmart.app               I  ========================================
2025-12-06 11:52:31.049 31466-31466 TamperDetection         com.cdccreditsmart.app               I  
2025-12-06 11:52:31.049 31466-31466 TamperDetection         com.cdccreditsmart.app               I  â•”â•â•â•â•â•â•â•â•â•â•â•â•â•â•â•â•â•â•â•â•â•â•â•â•â•â•â•â•â•â•â•â•â•â•â•â•â•â•â•â•â•â•â•â•â•â•â•â•â•â•â•â•â•â•â•â•â•—
2025-12-06 11:52:31.049 31466-31466 TamperDetection         com.cdccreditsmart.app               I  â•‘    ðŸ“¡ REPORTAR BOOT AO BACKEND                        â•‘
2025-12-06 11:52:31.049 31466-31466 TamperDetection         com.cdccreditsmart.app               I  â• â•â•â•â•â•â•â•â•â•â•â•â•â•â•â•â•â•â•â•â•â•â•â•â•â•â•â•â•â•â•â•â•â•â•â•â•â•â•â•â•â•â•â•â•â•â•â•â•â•â•â•â•â•â•â•â•â•£
2025-12-06 11:52:31.050 31466-31466 TamperDetection         com.cdccreditsmart.app               I  â•‘  Device Fingerprint: CDC_45331707****      â•‘
2025-12-06 11:52:31.050 31466-31466 TamperDetection         com.cdccreditsmart.app               I  â•‘  Boot Timestamp: 1765032751050          â•‘
2025-12-06 11:52:31.050 31466-31466 TamperDetection         com.cdccreditsmart.app               I  â•‘                                                        â•‘
2025-12-06 11:52:31.050 31466-31466 TamperDetection         com.cdccreditsmart.app               I  â•‘  Backend detectarÃ¡ factory reset comparando:          â•‘
2025-12-06 11:52:31.050 31466-31466 TamperDetection         com.cdccreditsmart.app               I  â•‘  â€¢ Fingerprint histÃ³rico vs atual                     â•‘
2025-12-06 11:52:31.050 31466-31466 TamperDetection         com.cdccreditsmart.app               I  â•‘  â€¢ Timestamp do Ãºltimo boot vs agora                  â•‘
2025-12-06 11:52:31.050 31466-31466 TamperDetection         com.cdccreditsmart.app               I  â•‘  â€¢ Token vÃ¡lido vs ausente                            â•‘
2025-12-06 11:52:31.050 31466-31466 TamperDetection         com.cdccreditsmart.app               I  â•šâ•â•â•â•â•â•â•â•â•â•â•â•â•â•â•â•â•â•â•â•â•â•â•â•â•â•â•â•â•â•â•â•â•â•â•â•â•â•â•â•â•â•â•â•â•â•â•â•â•â•â•â•â•â•â•â•â•
2025-12-06 11:52:31.050 31466-31466 TamperDetection         com.cdccreditsmart.app               I  
2025-12-06 11:52:31.050 31466-31466 TamperDetection         com.cdccreditsmart.app               I  âš ï¸ TODO: Implementar POST /api/security/device-boot
2025-12-06 11:52:31.051 31466-1191  CDCApplication          com.cdccreditsmart.app               I  ðŸ”’ Verificando status do SIM no boot da aplicaÃ§Ã£o...
2025-12-06 11:52:31.052 31466-1191  SimSwapManager          com.cdccreditsmart.app               I  ========================================
2025-12-06 11:52:31.052 31466-1191  SimSwapManager          com.cdccreditsmart.app               I  ðŸ”’ SIM SWAP: Iniciando verificaÃ§Ã£o de status do SIM
2025-12-06 11:52:31.052 31466-1191  SimSwapManager          com.cdccreditsmart.app               I  ========================================
2025-12-06 11:52:31.098 31466-1191  SimSwapDetector         com.cdccreditsmart.app               W  ðŸ”’ SIM SWAP: ICCID vazio no SubscriptionInfo
2025-12-06 11:52:31.114 31466-1191  SimSwapDetector         com.cdccreditsmart.app               E  ðŸ”’ SIM SWAP: SecurityException no fallback (Ask Gemini)
                                                                                                    java.lang.SecurityException: getIccSerialNumber: The uid 10301 does not meet the requirements to access device identifiers.
                                                                                                    	at android.os.Parcel.createExceptionOrNull(Parcel.java:3252)
                                                                                                    	at android.os.Parcel.createException(Parcel.java:3236)
                                                                                                    	at android.os.Parcel.readException(Parcel.java:3219)
                                                                                                    	at android.os.Parcel.readException(Parcel.java:3161)
                                                                                                    	at com.android.internal.telephony.IPhoneSubInfo$Stub$Proxy.getIccSerialNumberForSubscriber(IPhoneSubInfo.java:1255)
                                                                                                    	at android.telephony.TelephonyManager.getSimSerialNumber(TelephonyManager.java:4256)
                                                                                                    	at android.telephony.TelephonyManager.getSimSerialNumber(TelephonyManager.java:4213)
                                                                                                    	at com.cdccreditsmart.app.security.SimSwapDetector.getSimSerialFallback(SimSwapDetector.kt:123)
                                                                                                    	at com.cdccreditsmart.app.security.SimSwapDetector.getCurrentSimSerial(SimSwapDetector.kt:95)
                                                                                                    	at com.cdccreditsmart.app.security.SimSwapDetector.getSimInfo(SimSwapDetector.kt:256)
                                                                                                    	at com.cdccreditsmart.app.security.SimSwapManager$checkSimStatus$2.invokeSuspend(SimSwapManager.kt:143)
                                                                                                    	at kotlin.coroutines.jvm.internal.BaseContinuationImpl.resumeWith(ContinuationImpl.kt:34)
                                                                                                    	at kotlinx.coroutines.DispatchedTask.run(DispatchedTask.kt:108)
                                                                                                    	at kotlinx.coroutines.internal.LimitedDispatcher$Worker.run(LimitedDispatcher.kt:115)
                                                                                                    	at kotlinx.coroutines.scheduling.TaskImpl.run(Tasks.kt:103)
                                                                                                    	at kotlinx.coroutines.scheduling.CoroutineScheduler.runSafely(CoroutineScheduler.kt:584)
                                                                                                    	at kotlinx.coroutines.scheduling.CoroutineScheduler$Worker.executeTask(CoroutineScheduler.kt:793)
                                                                                                    	at kotlinx.coroutines.scheduling.CoroutineScheduler$Worker.runWorker(CoroutineScheduler.kt:697)
                                                                                                    	at kotlinx.coroutines.scheduling.CoroutineScheduler$Worker.run(CoroutineScheduler.kt:684)
2025-12-06 11:52:31.117 31466-1199  creditsmart.app         com.cdccreditsmart.app               I  hiddenapi: Accessing hidden method Ldalvik/system/VMStack;->getStackClass2()Ljava/lang/Class; (runtime_flags=0, domain=core-platform, api=unsupported) from Lm7/aox; (domain=app) using reflection: allowed
2025-12-06 11:52:31.126 31466-1191  SimSwapDetector         com.cdccreditsmart.app               D  ðŸ”’ SIM SWAP: Operadora: Apenas chamadas de emergÃªncia
2025-12-06 11:52:31.127 31466-1191  SimSwapDetector         com.cdccreditsmart.app               I  ðŸ”’ SIM SWAP: InformaÃ§Ãµes do SIM coletadas:
2025-12-06 11:52:31.127 31466-1191  SimSwapDetector         com.cdccreditsmart.app               I     Serial: nÃ£o disponÃ­vel...
2025-12-06 11:52:31.128 31466-1191  SimSwapDetector         com.cdccreditsmart.app               I     Operadora: Apenas chamadas de emergÃªncia
2025-12-06 11:52:31.128 31466-1191  SimSwapDetector         com.cdccreditsmart.app               I     SIM ativo: false
2025-12-06 11:52:31.128 31466-1191  SimSwapManager          com.cdccreditsmart.app               W  ðŸ”’ SIM SWAP: Nenhum SIM ativo detectado - sem aÃ§Ã£o necessÃ¡ria
2025-12-06 11:52:31.128 31466-1191  SimSwapManager          com.cdccreditsmart.app               I  ========================================
2025-12-06 11:52:31.129 31466-1192  CDCApplication          com.cdccreditsmart.app               I  âœ… VerificaÃ§Ã£o de SIM swap concluÃ­da com sucesso
2025-12-06 11:52:31.183 31466-31466 ContractCodeStorage     com.cdccreditsmart.app               D  Retrieving contract code from storage
2025-12-06 11:52:31.251 31466-1198  creditsmart.app         com.cdccreditsmart.app               E  No package ID 6a found for resource ID 0x6a0b0013.
2025-12-06 11:52:31.255 31466-1198  FA                      com.cdccreditsmart.app               I  App measurement initialized, version: 145001
2025-12-06 11:52:31.255 31466-1198  FA                      com.cdccreditsmart.app               I  To enable debug logging run: adb shell setprop log.tag.FA VERBOSE
2025-12-06 11:52:31.256 31466-1198  FA                      com.cdccreditsmart.app               I  To enable faster debug mode event logging run:
                                                                                                      adb shell setprop debug.firebase.analytics.app com.cdccreditsmart.app
2025-12-06 11:52:31.770 31466-31466 ContractCodeStorage     com.cdccreditsmart.app               D  Storage verification: 7 valid, 0 tampered, 0 missing
2025-12-06 11:52:31.771 31466-31466 ContractCodeStorage     com.cdccreditsmart.app               D  Contract code retrieved successfully
2025-12-06 11:52:31.771 31466-31466 CDCApplication          com.cdccreditsmart.app               I  âœ… Tokens encontrados - iniciando CdcForegroundService
2025-12-06 11:52:31.776 31466-31466 CdcForegroundService    com.cdccreditsmart.app               I  âœ… ServiÃ§o iniciado via startService()
2025-12-06 11:52:31.778 31466-31466 AutoBlockingWorker      com.cdccreditsmart.app               I  âœ… VerificaÃ§Ã£o automÃ¡tica de bloqueio agendada (diariamente Ã s 00:00)
2025-12-06 11:52:31.778 31466-31466 AutoBlockingWorker      com.cdccreditsmart.app               I     PrÃ³xima execuÃ§Ã£o em: 727 minutos
2025-12-06 11:52:31.778 31466-31466 CDCApplication          com.cdccreditsmart.app               I  ðŸ“… Agendando overlay automÃ¡tico com intervalo progressivo...
2025-12-06 11:52:31.779 31466-31466 PeriodicOverlayWorker   com.cdccreditsmart.app               I  ðŸ“… Agendando overlay automÃ¡tico com INTERVALO PROGRESSIVO
2025-12-06 11:52:31.779 31466-31466 PeriodicOverlayWorker   com.cdccreditsmart.app               I     1-4 dias de atraso: a cada 10 minutos
2025-12-06 11:52:31.779 31466-31466 PeriodicOverlayWorker   com.cdccreditsmart.app               I     5-14 dias de atraso: a cada 5 minutos
2025-12-06 11:52:31.779 31466-31466 PeriodicOverlayWorker   com.cdccreditsmart.app               I     15+ dias de atraso: a cada 3 minutos
2025-12-06 11:52:31.779 31466-31466 WM-WorkSpec             com.cdccreditsmart.app               W  Interval duration lesser than minimum allowed value; Changed to 900000
2025-12-06 11:52:31.779 31466-31466 WM-WorkSpec             com.cdccreditsmart.app               W  Flex duration lesser than minimum allowed value; Changed to 300000
2025-12-06 11:52:31.779 31466-31466 PeriodicOverlayWorker   com.cdccreditsmart.app               I  âœ… Overlay automÃ¡tico agendado com sucesso
2025-12-06 11:52:31.780 31466-31466 CDCApplication          com.cdccreditsmart.app               I  ðŸ”’ Iniciando sistema Keep Alive...
2025-12-06 11:52:31.784 31466-31466 KeepAliveManager        com.cdccreditsmart.app               I  ðŸ”’ ========================================
2025-12-06 11:52:31.784 31466-31466 KeepAliveManager        com.cdccreditsmart.app               I  ðŸ”’ INICIANDO SISTEMA KEEP ALIVE
2025-12-06 11:52:31.784 31466-31466 KeepAliveManager        com.cdccreditsmart.app               I  ðŸ”’ ========================================
2025-12-06 11:52:31.784 31466-31466 KeepAliveManager        com.cdccreditsmart.app               I  âœ… ServiceWatchdogWorker agendado (15min)
2025-12-06 11:52:31.787 31466-31466 KeepAliveManager        com.cdccreditsmart.app               I  âœ… AlarmManager wakeup agendado (10min)
2025-12-06 11:52:31.789 31466-31466 KeepAliveManager        com.cdccreditsmart.app               I  âœ… App isento de otimizaÃ§Ã£o de bateria
2025-12-06 11:52:31.789 31466-31466 KeepAliveManager        com.cdccreditsmart.app               I  ðŸ”’ Sistema Keep Alive ativo
2025-12-06 11:52:31.789 31466-31466 KeepAliveManager        com.cdccreditsmart.app               I  ðŸ”’ - WorkManager: verificaÃ§Ã£o a cada 15min
2025-12-06 11:52:31.789 31466-31466 KeepAliveManager        com.cdccreditsmart.app               I  ðŸ”’ - AlarmManager: wakeup a cada 10min
2025-12-06 11:52:31.789 31466-31466 KeepAliveManager        com.cdccreditsmart.app               I  ðŸ”’ ========================================
2025-12-06 11:52:31.791 31466-31466 CDCApplication          com.cdccreditsmart.app               I  ðŸ“Š Keep Alive Stats:
2025-12-06 11:52:31.791 31466-31466 CDCApplication          com.cdccreditsmart.app               I     - Restarts anteriores: 0
2025-12-06 11:52:31.791 31466-31466 CDCApplication          com.cdccreditsmart.app               I     - OtimizaÃ§Ã£o bateria: NÃƒO (bom)
2025-12-06 11:52:31.813 31466-31466 nativeloader            com.cdccreditsmart.app               D  Load libpowerhalwrap_jni.so using system ns (caller=/system_ext/framework/mediatek-framework.jar): ok
2025-12-06 11:52:31.813 31466-31466 PowerHalWrapper         com.cdccreditsmart.app               I  PowerHalWrapper.getInstance 
2025-12-06 11:52:31.813 31466-31466 M-ProMotion             com.cdccreditsmart.app               I  M-ProMotion is disabled
2025-12-06 11:52:31.817 31466-31466 TranVersion             com.cdccreditsmart.app               I  TranVersion static initializer: default = 35.3.9.1
                                                                                                     debug = false, debug_version = 35.3.9.1
2025-12-06 11:52:31.823 31466-31466 BootReceiver            com.cdccreditsmart.app               I  Dispositivo iniciado - starting CdcForegroundService
2025-12-06 11:52:31.823 31466-31466 FactoryResetRecovery    com.cdccreditsmart.app               I  Initializing Factory Reset Recovery system
2025-12-06 11:52:31.838 31466-31466 ApkSignatureVerifier    com.cdccreditsmart.app               I  Added trusted signature hash: 7aeb48763df1ebeb...
2025-12-06 11:52:31.838 31466-31466 ApkSignatureVerifier    com.cdccreditsmart.app               I  Loaded persisted signature hash: 7aeb48763df1ebeb...
2025-12-06 11:52:31.979 31466-31466 FactoryResetRecovery    com.cdccreditsmart.app               W  Cannot read device serial: getSerial: The uid 10301 does not meet the requirements to access device identifiers.
2025-12-06 11:52:31.981 31466-31466 ContractCodeStorage     com.cdccreditsmart.app               D  Retrieving contract code from storage
2025-12-06 11:52:32.494 31466-31466 ContractCodeStorage     com.cdccreditsmart.app               D  Storage verification: 7 valid, 0 tampered, 0 missing
2025-12-06 11:52:32.496 31466-31466 ContractCodeStorage     com.cdccreditsmart.app               D  Contract code retrieved successfully
2025-12-06 11:52:32.698 31466-31466 StubAppPreferences      com.cdccreditsmart.app               I  Enrollment data saved for factory reset recovery
2025-12-06 11:52:32.698 31466-31466 FactoryResetRecovery    com.cdccreditsmart.app               I  Enrollment data saved for recovery: serial=false, enrollment=true, contract=true
2025-12-06 11:52:32.699 31466-31466 FactoryResetRecovery    com.cdccreditsmart.app               I  Factory Reset Recovery initialized
2025-12-06 11:52:32.703 31466-31466 CdcForegroundService    com.cdccreditsmart.app               I  âœ… ServiÃ§o iniciado via startService()
2025-12-06 11:52:32.705 31466-31466 Choreographer           com.cdccreditsmart.app               I  Skipped 236 frames!  The application may be doing too much work on its main thread.
2025-12-06 11:52:32.713 31466-1223  libMEOW                 com.cdccreditsmart.app               D  meow new tls: 0xb400007672b830f0
2025-12-06 11:52:32.713 31466-1223  libMEOW                 com.cdccreditsmart.app               D  meow reload base cfg path: na
2025-12-06 11:52:32.713 31466-1223  libMEOW                 com.cdccreditsmart.app               D  meow reload overlay cfg path: na
2025-12-06 11:52:32.713 31466-1223  QT                      com.cdccreditsmart.app               W  qt_process_init() called
2025-12-06 11:52:32.713 31466-1223  QT                      com.cdccreditsmart.app               E  [QT]file does not exist
2025-12-06 11:52:32.713 31466-1223  QT                      com.cdccreditsmart.app               W  Support!!
2025-12-06 11:52:32.715 31466-1223  libMEOW_gift            com.cdccreditsmart.app               I  open /data/performance/gift/arc.ini
2025-12-06 11:52:32.715 31466-1223  QT                      com.cdccreditsmart.app               E  [QT]file does not exist
2025-12-06 11:52:32.716 31466-1223  libMEOW                 com.cdccreditsmart.app               D  applied 1 plugins for [com.cdccreditsmart.app]:
2025-12-06 11:52:32.716 31466-1223  libMEOW                 com.cdccreditsmart.app               D    plugin 1: [libMEOW_gift.so]: 0xb400007592aab840
2025-12-06 11:52:32.716 31466-1223  libMEOW                 com.cdccreditsmart.app               D  rebuild call chain: 0xb400007672b530c0
2025-12-06 11:52:32.717 31466-1223  libMEOW                 com.cdccreditsmart.app               D  meow delete tls: 0xb400007672b830f0
2025-12-06 11:52:32.723 31466-31466 ActivityThread          com.cdccreditsmart.app               D  ++ activityComponent:com.cdccreditsmart.app/com.cdccreditsmart.app.presentation.MainActivity counts:1 ALEAK_CLEAR_SUPPORT:true
2025-12-06 11:52:32.739 31466-31466 CompatChangeReporter    com.cdccreditsmart.app               D  Compat change id reported: 309578419; UID 10301; state: ENABLED
2025-12-06 11:52:32.740 31466-31466 TranClassInfo           com.cdccreditsmart.app               D  instance successfully. com.transsion.hubcore.internal.TranInternalViewImpl@9efdb08 from com.transsion.hubcore.internal.ITranInternalView
2025-12-06 11:52:32.740 31466-31466 os.SingleLice           com.cdccreditsmart.app               D  instance successfully. com.transsion.whitenavigation.v1.WhiteNavigationLice@ce2a1 from com.transsion.whitenavigation.WhiteNavigationLiceFactory
2025-12-06 11:52:32.740 31466-31466 os.SingleLiceFactory    com.cdccreditsmart.app               D  instance successfully. com.transsion.whitenavigation.v1.WhiteNavigationLice@ce2a1 from com.android.internal.IInternalViewLice
2025-12-06 11:52:32.741 31466-31466 os.SingleLice           com.cdccreditsmart.app               D  instance successfully. com.transsion.screenshothelper.v1.ScreenShotHelperImplLice@c0fbcc6 from com.transsion.screenshothelper.ScreenShotHelperImplLiceFactory
2025-12-06 11:52:32.741 31466-31466 os.SingleLiceFactory    com.cdccreditsmart.app               D  instance successfully. com.transsion.screenshothelper.v1.ScreenShotHelperImplLice@c0fbcc6 from com.android.internal.IInternalViewLice
2025-12-06 11:52:32.741 31466-31466 os.SingleLiceFactory    com.cdccreditsmart.app               D  using com.android.internal.IInternalViewLice$DefaultImpl@55be487 instead of com.transsion.flamboyant.FlamboyantLiceFactory  from com.android.internal.IInternalViewLice
2025-12-06 11:52:32.741 31466-31466 os.LiceInfo             com.cdccreditsmart.app               D  instance successfully. com.transsion.internal.InternalViewLice@f2b9fb4 from com.android.internal.IInternalViewLice
2025-12-06 11:52:32.753 31466-31466 MainActivity            com.cdccreditsmart.app               I  ========================================
2025-12-06 11:52:32.753 31466-31466 MainActivity            com.cdccreditsmart.app               I  ðŸ“± SOLICITANDO PERMISSÃ•ES (NÃƒO DEVICE OWNER)
2025-12-06 11:52:32.753 31466-31466 MainActivity            com.cdccreditsmart.app               I  ========================================
2025-12-06 11:52:32.754 31466-1191  PersistentStateManager  com.cdccreditsmart.app               D  Nenhum estado local encontrado
2025-12-06 11:52:32.754 31466-1191  PersistentStateManager  com.cdccreditsmart.app               D  ðŸ†• Sem estado local - device novo ou pÃ³s factory reset
2025-12-06 11:52:32.754 31466-1191  MainActivity            com.cdccreditsmart.app               I  ðŸ†• Device nunca foi provisionado
2025-12-06 11:52:32.756 31466-31466 MainActivity            com.cdccreditsmart.app               I  âœ… Todas as runtime permissions jÃ¡ foram concedidas!
2025-12-06 11:52:32.757 31466-31466 SpecialPermissionReq    com.cdccreditsmart.app               I  ========================================
2025-12-06 11:52:32.757 31466-31466 SpecialPermissionReq    com.cdccreditsmart.app               I  ðŸ“Š STATUS DAS PERMISSÃ•ES ESPECIAIS
2025-12-06 11:52:32.757 31466-31466 SpecialPermissionReq    com.cdccreditsmart.app               I  ========================================
2025-12-06 11:52:32.758 31466-31466 SpecialPermissionReq    com.cdccreditsmart.app               I    USAGE_STATS: âœ… CONCEDIDA
2025-12-06 11:52:32.759 31466-31466 SpecialPermissionReq    com.cdccreditsmart.app               I    OVERLAY: âœ… CONCEDIDA
2025-12-06 11:52:32.760 31466-31466 SpecialPermissionReq    com.cdccreditsmart.app               I  
2025-12-06 11:52:32.760 31466-31466 SpecialPermissionReq    com.cdccreditsmart.app               I  âœ… Todas as permissÃµes especiais concedidas!
2025-12-06 11:52:32.760 31466-31466 SpecialPermissionReq    com.cdccreditsmart.app               I     ProteÃ§Ã£o anti-desinstalaÃ§Ã£o ativa.
2025-12-06 11:52:32.760 31466-31466 SpecialPermissionReq    com.cdccreditsmart.app               I  ========================================
2025-12-06 11:52:32.760 31466-31466 MainActivity            com.cdccreditsmart.app               I  âœ… Todas as permissÃµes especiais jÃ¡ foram concedidas!
2025-12-06 11:52:32.765 31466-1178  ActivityThreadLice      com.cdccreditsmart.app               D  received OSMessage 110001
2025-12-06 11:52:32.765 31466-1178  ActivityThreadLice      com.cdccreditsmart.app               D  send OSMessage 110001 to [-1]
2025-12-06 11:52:32.768 31466-1178  OSServiceManager        com.cdccreditsmart.app               D  update local os service os.activity from null to android.os.BinderProxy@93d54d6
2025-12-06 11:52:32.774 31466-31466 TranClassInfo           com.cdccreditsmart.app               D  instance successfully. com.transsion.connectivity.linkbooming.TranMultilinkComponentImpl@835ab0 from com.transsion.hubcore.linkbooming.ITranMultilinkComponent
2025-12-06 11:52:32.774 31466-1209  PowerHalWrapper         com.cdccreditsmart.app               I  PowerHalWrapper.getInstance 
2025-12-06 11:52:32.777 31466-31466 ActivityThread          com.cdccreditsmart.app               D  handleResumeActivity#3 r.window=nulla.mFinished = falsewillBeVisible = true
2025-12-06 11:52:32.778 31466-31466 ActivityThread          com.cdccreditsmart.app               D  handleResumeActivity#4 addView a.mVisibleFromClient=truea.mWindowAdded=falsedecor=DecorView@26c864f[]
2025-12-06 11:52:32.778 31466-31466 ActivityThread          com.cdccreditsmart.app               D  handleResumeActivity#5 addView decor=DecorView@26c864f[]
2025-12-06 11:52:32.778 31466-1198  FA                      com.cdccreditsmart.app               I  Tag Manager is not found and thus will not be used
2025-12-06 11:52:32.783 31466-31466 libc                    com.cdccreditsmart.app               W  Access denied finding property "ro.vendor.tgpa_resolution_tuner"
2025-12-06 11:52:32.786 31466-31466 libc                    com.cdccreditsmart.app               W  Access denied finding property "ro.vendor.scaler_version"
2025-12-06 11:52:32.787 31466-31466 libc                    com.cdccreditsmart.app               W  Access denied finding property "ro.vendor.scaler_version"
2025-12-06 11:52:32.797 31466-31466 VRI[MainActivity]       com.cdccreditsmart.app               D  hardware acceleration = true, forceHwAccelerated = false
2025-12-06 11:52:32.799 31466-31466 ViewRootImpl            com.cdccreditsmart.app               D  setView appearance:24 com.cdccreditsmart.app/com.cdccreditsmart.app.presentation.MainActivity
2025-12-06 11:52:32.805 31466-31466 os.SingleLiceFactory    com.cdccreditsmart.app               D  instance successfully. com.transsion.widget.v3.FloatingToolbarLice@af8a904 from com.android.internal.IInternalViewLice
2025-12-06 11:52:32.805 31466-31466 InputEventReceiver      com.cdccreditsmart.app               D  Input log is disabled in InputEventReceiver.
2025-12-06 11:52:33.063 31466-31466 os.FrameworkDoorMan     com.cdccreditsmart.app               D  add field mTypefaceNative to class android.graphics.Paint by source-modified.
2025-12-06 11:52:33.063 31466-31466 os.FrameworkDoorMan     com.cdccreditsmart.app               D  add field mOSTypefaceFlag to class android.graphics.Paint by source-modified.
2025-12-06 11:52:33.105 31466-31466 BufferQueueConsumer     com.cdccreditsmart.app               D  [](id:7aea00000000,api:0,p:-1,c:31466) connect: controlledByApp=false
2025-12-06 11:52:33.106 31466-31466 BLASTBufferQueue        com.cdccreditsmart.app               D  [VRI[MainActivity]#0](f:0,a:0) constructor()
2025-12-06 11:52:33.107 31466-31466 BLASTBufferQueue        com.cdccreditsmart.app               D  [VRI[MainActivity]#0](f:0,a:0) update width=1080 height=2436 format=-3 mTransformHint=0
2025-12-06 11:52:33.111 31466-1221  libMEOW                 com.cdccreditsmart.app               D  meow new tls: 0xb400007672b93100
2025-12-06 11:52:33.111 31466-1221  libMEOW                 com.cdccreditsmart.app               D  applied 1 plugins for [com.cdccreditsmart.app]:
2025-12-06 11:52:33.111 31466-1221  libMEOW                 com.cdccreditsmart.app               D    plugin 1: [libMEOW_gift.so]: 0xb400007592aab840
2025-12-06 11:52:33.111 31466-1221  libMEOW                 com.cdccreditsmart.app               D  rebuild call chain: 0xb400007672bb3120
2025-12-06 11:52:33.145 31466-1221  MAGT_SYNC_FRAME         com.cdccreditsmart.app               D  MAGT Sync: MAGT is not supported. Disabling Sync.
2025-12-06 11:52:33.145 31466-1221  libc                    com.cdccreditsmart.app               W  Access denied finding property "vendor.mbrain.enabled"
2025-12-06 11:52:33.145 31466-1221  creditsmart.app         com.cdccreditsmart.app               D  MBrain is disabled
2025-12-06 11:52:33.145 31466-1221  creditsmart.app         com.cdccreditsmart.app               D  initMbrain failed
2025-12-06 11:52:33.165 31466-1221  GrallocExtra            com.cdccreditsmart.app               I  gralloc_extra_query:is_SW3D 0
2025-12-06 11:52:33.166 31466-1221  BLASTBufferQueue        com.cdccreditsmart.app               D  [VRI[MainActivity]#0](f:0,a:1) acquireNextBufferLocked size=1080x2436 mFrameNumber=1 applyTransaction=true mTimestamp=108036214898516(auto) mPendingTransactions.size=0 graphicBufferId=135145440935937 transform=0
2025-12-06 11:52:33.166 31466-1221  BLASTBufferQueue        com.cdccreditsmart.app               D  MS: debug.sf.msleep=0, bufferCount=2, ratio=0.900000
2025-12-06 11:52:33.166 31466-1221  libc                    com.cdccreditsmart.app               W  Access denied finding property "vendor.mbrain.enabled"
