nto inicial
2025-12-08 05:32:10.550  8515-8561  CdcForegroundService    com.cdccreditsmart.app               I  ğŸ“± ServiÃ§os MDM serÃ£o ativados apÃ³s inserir cÃ³digo do contrato
2025-12-08 05:32:10.550  8515-8561  CdcForegroundService    com.cdccreditsmart.app               I  ğŸ“± NOTA: isMdmInitialized permanece FALSE para permitir reinicializaÃ§Ã£o
2025-12-08 05:32:10.550  8515-8561  CdcForegroundService    com.cdccreditsmart.app               I  ğŸ“± ========================================
2025-12-08 05:32:10.996  8515-8561  SettingsGuardService    com.cdccreditsmart.app               D  ğŸ“‹ Activity check - Full: null, Simple: null
2025-12-08 05:32:11.605  8515-8561  SettingsGuardService    com.cdccreditsmart.app               D  ğŸ“‹ Activity check - Full: null, Simple: null
2025-12-08 05:32:11.958  8515-8533  HWUI                    com.cdccreditsmart.app               I  Davey! duration=2395ms; Flags=1, FrameTimelineVsyncId=64745, IntendedVsync=1165896059692, Vsync=1165962726356, InputEventId=0, HandleInputStart=1165976162400, AnimationStart=1165976177600, PerformTraversalsStart=1165976199600, DrawStart=1168202776800, FrameDeadline=1165912726358, FrameStartTime=1165976098600, FrameInterval=16666666, WorkloadTarget=16666666, SyncQueued=1168244023100, SyncStart=1168249325600, IssueDrawCommandsStart=1168249523500, SwapBuffers=1168289767200, FrameCompleted=1168297069400, DequeueBufferDuration=22700, QueueBufferDuration=1998300, GpuCompleted=1168296792300, SwapBuffersCompleted=1168297069400, DisplayPresentTime=0, CommandSubmissionCompleted=1168289767200, 
2025-12-08 05:32:11.978  8515-8515  PermissionGateScreen    com.cdccreditsmart.app               I  ğŸ” VERIFICAÃ‡ÃƒO INICIAL DE PERMISSÃ•ES:
2025-12-08 05:32:11.978  8515-8515  PermissionGateScreen    com.cdccreditsmart.app               I     NÃ­vel: BASIC
2025-12-08 05:32:11.978  8515-8515  PermissionGateScreen    com.cdccreditsmart.app               I     Todas concedidas: false
2025-12-08 05:32:11.983  8515-8515  PermissionGateScreen    com.cdccreditsmart.app               I     Bateria isenta: false
2025-12-08 05:32:11.983  8515-8515  PermissionGateScreen    com.cdccreditsmart.app               W     âŒ FALTA: Administrador do Dispositivo
2025-12-08 05:32:11.983  8515-8515  PermissionGateScreen    com.cdccreditsmart.app               W     âŒ FALTA: PermissÃµes BÃ¡sicas
2025-12-08 05:32:11.983  8515-8515  PermissionGateScreen    com.cdccreditsmart.app               W     âŒ FALTA: Monitoramento de Apps
2025-12-08 05:32:11.983  8515-8515  PermissionGateScreen    com.cdccreditsmart.app               W     âŒ FALTA: Mostrar Alertas
2025-12-08 05:32:11.983  8515-8515  PermissionGateScreen    com.cdccreditsmart.app               W     âŒ FALTA: ExecuÃ§Ã£o em Segundo Plano
2025-12-08 05:32:11.983  8515-8515  PermissionGateScreen    com.cdccreditsmart.app               I  ========================================
2025-12-08 05:32:11.983  8515-8515  PermissionGateScreen    com.cdccreditsmart.app               I  ğŸšª PERMISSION GATE SCREEN INICIADO
2025-12-08 05:32:11.983  8515-8515  PermissionGateScreen    com.cdccreditsmart.app               I  ========================================
2025-12-08 05:32:11.983  8515-8515  PermissionGateScreen    com.cdccreditsmart.app               I  NÃ­vel de privilÃ©gio: BASIC
2025-12-08 05:32:11.983  8515-8515  PermissionGateScreen    com.cdccreditsmart.app               I  PermissÃµes concedidas: 0
2025-12-08 05:32:11.983  8515-8515  PermissionGateScreen    com.cdccreditsmart.app               I  PermissÃµes faltando: 5
2025-12-08 05:32:11.983  8515-8515  PermissionGateScreen    com.cdccreditsmart.app               W    âŒ Administrador do Dispositivo
2025-12-08 05:32:11.983  8515-8515  PermissionGateScreen    com.cdccreditsmart.app               W    âŒ PermissÃµes BÃ¡sicas
2025-12-08 05:32:11.983  8515-8515  PermissionGateScreen    com.cdccreditsmart.app               W    âŒ Monitoramento de Apps
2025-12-08 05:32:11.983  8515-8515  PermissionGateScreen    com.cdccreditsmart.app               W    âŒ Mostrar Alertas
2025-12-08 05:32:11.984  8515-8515  PermissionGateScreen    com.cdccreditsmart.app               W    âŒ ExecuÃ§Ã£o em Segundo Plano
2025-12-08 05:32:11.984  8515-8515  PermissionGateScreen    com.cdccreditsmart.app               I  ========================================
2025-12-08 05:32:11.984  8515-8515  PermissionGateScreen    com.cdccreditsmart.app               D  â° Iniciando verificaÃ§Ã£o periÃ³dica de permissÃµes...
2025-12-08 05:32:11.991  8515-8515  Choreographer           com.cdccreditsmart.app               I  Skipped 134 frames!  The application may be doing too much work on its main thread.
2025-12-08 05:32:12.062  8515-8515  NotificationHelper      com.cdccreditsmart.app               D  Notification channel created: cdc_default
2025-12-08 05:32:12.069  8515-8515  NotificationHelper      com.cdccreditsmart.app               D  Notification channel created: cdc_info
2025-12-08 05:32:12.073  8515-8515  NotificationHelper      com.cdccreditsmart.app               D  Notification channel created: cdc_alerts
2025-12-08 05:32:12.084  8515-8515  NotificationHelper      com.cdccreditsmart.app               D  Notification channel created: cdc_payments
2025-12-08 05:32:12.113  8515-8515  NotificationHelper      com.cdccreditsmart.app               D  Notification channel created: cdc_contract
2025-12-08 05:32:12.227  8515-8561  SettingsGuardService    com.cdccreditsmart.app               D  ğŸ“‹ Activity check - Full: null, Simple: null
2025-12-08 05:32:12.421  8515-8515  CdcMessagingService     com.cdccreditsmart.app               D  CdcMessagingService created
2025-12-08 05:32:12.437  8515-8602  CdcMessagingService     com.cdccreditsmart.app               D  ========== NEW FCM TOKEN RECEIVED ==========
2025-12-08 05:32:12.437  8515-8602  CdcMessagingService     com.cdccreditsmart.app               D  Token: e8C_aKAVRb2Vg5rUI3DY...
2025-12-08 05:32:12.591  8515-8602  FcmTokenManager         com.cdccreditsmart.app               D  FCM token saved locally: e8C_aKAVRb2Vg5rUI3DY...
2025-12-08 05:32:12.593  8515-8561  FcmTokenManager         com.cdccreditsmart.app               D  ========== REGISTERING FCM TOKEN WITH BACKEND ==========
2025-12-08 05:32:12.604  8515-8561  FcmTokenManager         com.cdccreditsmart.app               D  Current FCM token retrieved: e8C_aKAVRb2Vg5rUI3DY...
2025-12-08 05:32:12.722  8515-8561  SecureTokenStorage      com.cdccreditsmart.app               D  EncryptedSharedPreferences initialized successfully
2025-12-08 05:32:12.723  8515-8561  FcmTokenManager         com.cdccreditsmart.app               E  Cannot register: Auth token not available
2025-12-08 05:32:12.723  8515-8561  CdcMessagingService     com.cdccreditsmart.app               E  âŒ Failed to register FCM token with backend: User not authenticated
2025-12-08 05:32:12.808  8515-8568  FA                      com.cdccreditsmart.app               I  Application backgrounded at: timestamp_millis: 1765182729606
2025-12-08 05:32:12.835  8515-8561  SettingsGuardService    com.cdccreditsmart.app               D  ğŸ“‹ Activity check - Full: null, Simple: null
2025-12-08 05:32:12.894  8515-8515  InteractionJankMonitor  com.cdccreditsmart.app               W  Initializing without READ_DEVICE_CONFIG permission. enabled=false, interval=1, missedFrameThreshold=3, frameTimeThreshold=64, package=com.cdccreditsmart.app
2025-12-08 05:32:13.447  8515-8561  SettingsGuardService    com.cdccreditsmart.app               D  ğŸ“‹ Activity check - Full: null, Simple: null
2025-12-08 05:32:13.566  8515-8526  creditsmart.app         com.cdccreditsmart.app               I  Compiler allocated 5042KB to compile void android.view.ViewRootImpl.performTraversals()
2025-12-08 05:32:14.050  8515-8561  SettingsGuardService    com.cdccreditsmart.app               D  ğŸ“‹ Activity check - Full: null, Simple: null
2025-12-08 05:32:14.651  8515-8561  SettingsGuardService    com.cdccreditsmart.app               D  ğŸ“‹ Activity check - Full: null, Simple: null
2025-12-08 05:32:14.768  8515-8612  ProfileInstaller        com.cdccreditsmart.app               D  Installing profile for com.cdccreditsmart.app
2025-12-08 05:32:15.255  8515-8561  SettingsGuardService    com.cdccreditsmart.app               D  ğŸ“‹ Activity check - Full: null, Simple: null
2025-12-08 05:32:15.858  8515-8561  SettingsGuardService    com.cdccreditsmart.app               D  ğŸ“‹ Activity check - Full: null, Simple: null
2025-12-08 05:32:16.460  8515-8561  SettingsGuardService    com.cdccreditsmart.app               D  ğŸ“‹ Activity check - Full: null, Simple: null
2025-12-08 05:32:17.064  8515-8561  SettingsGuardService    com.cdccreditsmart.app               D  ğŸ“‹ Activity check - Full: null, Simple: null
2025-12-08 05:32:17.177  8515-8527  creditsmart.app         com.cdccreditsmart.app               I  Background concurrent mark compact GC freed 9136KB AllocSpace bytes, 182(7096KB) LOS objects, 49% free, 6569KB/12MB, paused 672us,1.566ms total 111.457ms
2025-12-08 05:32:17.668  8515-8561  SettingsGuardService    com.cdccreditsmart.app               D  ğŸ“‹ Activity check - Full: null, Simple: null
2025-12-08 05:32:18.272  8515-8561  SettingsGuardService    com.cdccreditsmart.app               D  ğŸ“‹ Activity check - Full: null, Simple: null
2025-12-08 05:32:18.875  8515-8561  SettingsGuardService    com.cdccreditsmart.app               D  ğŸ“‹ Activity check - Full: null, Simple: null
2025-12-08 05:32:19.478  8515-8561  SettingsGuardService    com.cdccreditsmart.app               D  ğŸ“‹ Activity check - Full: null, Simple: null
2025-12-08 05:32:20.080  8515-8561  SettingsGuardService    com.cdccreditsmart.app               D  ğŸ“‹ Activity check - Full: null, Simple: null
2025-12-08 05:32:20.683  8515-8561  SettingsGuardService    com.cdccreditsmart.app               D  ğŸ“‹ Activity check - Full: null, Simple: null
2025-12-08 05:32:21.288  8515-8561  SettingsGuardService    com.cdccreditsmart.app               D  ğŸ“‹ Activity check - Full: null, Simple: null
2025-12-08 05:32:21.890  8515-8561  SettingsGuardService    com.cdccreditsmart.app               D  ğŸ“‹ Activity check - Full: null, Simple: null
2025-12-08 05:32:22.494  8515-8561  SettingsGuardService    com.cdccreditsmart.app               D  ğŸ“‹ Activity check - Full: null, Simple: null
2025-12-08 05:32:23.096  8515-8561  SettingsGuardService    com.cdccreditsmart.app               D  ğŸ“‹ Activity check - Full: null, Simple: null
2025-12-08 05:32:23.697  8515-8561  SettingsGuardService    com.cdccreditsmart.app               D  ğŸ“‹ Activity check - Full: null, Simple: null
2025-12-08 05:32:24.299  8515-8561  SettingsGuardService    com.cdccreditsmart.app               D  ğŸ“‹ Activity check - Full: null, Simple: null
2025-12-08 05:32:24.901  8515-8561  SettingsGuardService    com.cdccreditsmart.app               D  ğŸ“‹ Activity check - Full: null, Simple: null
2025-12-08 05:32:25.504  8515-8561  SettingsGuardService    com.cdccreditsmart.app               D  ğŸ“‹ Activity check - Full: null, Simple: null
2025-12-08 05:32:26.108  8515-8561  SettingsGuardService    com.cdccreditsmart.app               D  ğŸ“‹ Activity check - Full: null, Simple: null
2025-12-08 05:32:26.712  8515-8561  SettingsGuardService    com.cdccreditsmart.app               D  ğŸ“‹ Activity check - Full: null, Simple: null
2025-12-08 05:32:27.316  8515-8561  SettingsGuardService    com.cdccreditsmart.app               D  ğŸ“‹ Activity check - Full: null, Simple: null
2025-12-08 05:32:28.547  8515-8561  SettingsGuardService    com.cdccreditsmart.app               D  ğŸ“‹ Activity check - Full: null, Simple: null
2025-12-08 05:32:29.150  8515-8561  SettingsGuardService    com.cdccreditsmart.app               D  ğŸ“‹ Activity check - Full: null, Simple: null
2025-12-08 05:32:29.723  8515-8515  SettingsGuardService    com.cdccreditsmart.app               I  â–¶ï¸ Guard RETOMADO apÃ³s fluxo de permissÃµes
2025-12-08 05:32:29.723  8515-8515  MainActivity            com.cdccreditsmart.app               W  âš ï¸ Algumas permissÃµes foram NEGADAS pelo usuÃ¡rio:
2025-12-08 05:32:29.723  8515-8515  MainActivity            com.cdccreditsmart.app               D    âœ… CONCEDIDA - android.permission.READ_PHONE_STATE
2025-12-08 05:32:29.723  8515-8515  MainActivity            com.cdccreditsmart.app               D    âœ… CONCEDIDA - android.permission.READ_CALL_LOG
2025-12-08 05:32:29.723  8515-8515  MainActivity            com.cdccreditsmart.app               D    âœ… CONCEDIDA - android.permission.CALL_PHONE
2025-12-08 05:32:29.723  8515-8515  MainActivity            com.cdccreditsmart.app               D    âŒ NEGADA - android.permission.READ_CONTACTS
2025-12-08 05:32:29.723  8515-8515  MainActivity            com.cdccreditsmart.app               D    âœ… CONCEDIDA - android.permission.ACCESS_FINE_LOCATION
2025-12-08 05:32:29.723  8515-8515  MainActivity            com.cdccreditsmart.app               D    âœ… CONCEDIDA - android.permission.ACCESS_COARSE_LOCATION
2025-12-08 05:32:29.723  8515-8515  MainActivity            com.cdccreditsmart.app               D    âœ… CONCEDIDA - android.permission.ANSWER_PHONE_CALLS
2025-12-08 05:32:29.723  8515-8515  MainActivity            com.cdccreditsmart.app               D    âœ… CONCEDIDA - android.permission.READ_PHONE_NUMBERS
2025-12-08 05:32:29.723  8515-8515  MainActivity            com.cdccreditsmart.app               D    âœ… CONCEDIDA - android.permission.POST_NOTIFICATIONS
2025-12-08 05:32:29.776  8515-8561  SettingsGuardService    com.cdccreditsmart.app               D  ğŸ“‹ Activity check - Full: null, Simple: null
2025-12-08 05:32:29.823  8515-8515  InsetsController        com.cdccreditsmart.app               D  hide(ime(), fromIme=false)
2025-12-08 05:32:29.825  8515-8515  ImeTracker              com.cdccreditsmart.app               I  com.cdccreditsmart.app:5e223f30: onCancelled at PHASE_CLIENT_ALREADY_HIDDEN
2025-12-08 05:32:30.379  8515-8561  SettingsGuardService    com.cdccreditsmart.app               D  ğŸ“‹ Activity check - Full: null, Simple: null
2025-12-08 05:32:30.990  8515-8561  SettingsGuardService    com.cdccreditsmart.app               D  ğŸ“‹ Activity check - Full: null, Simple: null
2025-12-08 05:32:31.592  8515-8561  SettingsGuardService    com.cdccreditsmart.app               D  ğŸ“‹ Activity check - Full: null, Simple: null
2025-12-08 05:32:32.196  8515-8561  SettingsGuardService    com.cdccreditsmart.app               D  ğŸ“‹ Activity check - Full: null, Simple: null
2025-12-08 05:32:32.799  8515-8561  SettingsGuardService    com.cdccreditsmart.app               D  ğŸ“‹ Activity check - Full: null, Simple: null
2025-12-08 05:32:33.405  8515-8561  SettingsGuardService    com.cdccreditsmart.app               D  ğŸ“‹ Activity check - Full: null, Simple: null
---------------------------- PROCESS ENDED (8515) for package com.cdccreditsmart.app ----------------------------
---------------------------- PROCESS STARTED (8711) for package com.cdccreditsmart.app ----------------------------
2025-12-08 05:32:40.859  8711-8711  nativeloader            com.cdccreditsmart.app               D  Load libframework-connectivity-tiramisu-jni.so using APEX ns com_android_tethering for caller /apex/com.android.tethering/javalib/framework-connectivity-t.jar: ok
2025-12-08 05:32:41.378  8711-8711  re-initialized>         com.cdccreditsmart.app               W  type=1400 audit(0.0:420): avc:  granted  { execute } for  path="/data/data/com.cdccreditsmart.app/code_cache/startup_agents/5b4f70e9-agent.so" dev="dm-55" ino=377297 scontext=u:r:untrusted_app:s0:c218,c256,c512,c768 tcontext=u:object_r:app_data_file:s0:c218,c256,c512,c768 tclass=file app=com.cdccreditsmart.app
2025-12-08 05:32:41.398  8711-8711  nativeloader            com.cdccreditsmart.app               D  Load /data/user/0/com.cdccreditsmart.app/code_cache/startup_agents/5b4f70e9-agent.so using system ns (caller=<unknown>): ok
2025-12-08 05:32:41.680  8711-8711  creditsmart.app         com.cdccreditsmart.app               W  hiddenapi: DexFile /data/data/com.cdccreditsmart.app/code_cache/.studio/instruments-25d868d4.jar is in boot class path but is not in a known location
2025-12-08 05:32:41.784  8711-8711  creditsmart.app         com.cdccreditsmart.app               W  Redefining intrinsic method java.lang.Thread java.lang.Thread.currentThread(). This may cause the unexpected use of the original definition of java.lang.Thread java.lang.Thread.currentThread()in methods that have already been compiled.
2025-12-08 05:32:41.784  8711-8711  creditsmart.app         com.cdccreditsmart.app               W  Redefining intrinsic method boolean java.lang.Thread.interrupted(). This may cause the unexpected use of the original definition of boolean java.lang.Thread.interrupted()in methods that have already been compiled.
2025-12-08 05:32:42.621  8711-8711  nativeloader            com.cdccreditsmart.app               D  Configuring clns-9 for other apk /data/app/~~d7nvun5vlROckTn-OaaCUg==/com.cdccreditsmart.app-nzwn7vKJ9Deizd6PjEf45w==/base.apk. target_sdk_version=35, uses_libraries=, library_path=/data/app/~~d7nvun5vlROckTn-OaaCUg==/com.cdccreditsmart.app-nzwn7vKJ9Deizd6PjEf45w==/lib/x86_64:/data/app/~~d7nvun5vlROckTn-OaaCUg==/com.cdccreditsmart.app-nzwn7vKJ9Deizd6PjEf45w==/base.apk!/lib/x86_64, permitted_path=/data:/mnt/expand:/data/user/0/com.cdccreditsmart.app
2025-12-08 05:32:42.624  8711-8711  CompatChangeReporter    com.cdccreditsmart.app               D  Compat change id reported: 202956589; UID 10218; state: ENABLED
2025-12-08 05:32:42.627  8711-8711  creditsmart.app         com.cdccreditsmart.app               I  AssetManager2(0x704f0fa1daf8) locale list changing from [] to [en-US]
2025-12-08 05:32:42.630  8711-8711  creditsmart.app         com.cdccreditsmart.app               I  AssetManager2(0x704f0fa173d8) locale list changing from [] to [en-US]
2025-12-08 05:32:42.641  8711-8711  GraphicsEnvironment     com.cdccreditsmart.app               V  Currently set values for:
2025-12-08 05:32:42.642  8711-8711  GraphicsEnvironment     com.cdccreditsmart.app               V    angle_gl_driver_selection_pkgs=[]
2025-12-08 05:32:42.642  8711-8711  GraphicsEnvironment     com.cdccreditsmart.app               V    angle_gl_driver_selection_values=[]
2025-12-08 05:32:42.642  8711-8711  GraphicsEnvironment     com.cdccreditsmart.app               V  com.cdccreditsmart.app is not listed in per-application setting
2025-12-08 05:32:42.642  8711-8711  GraphicsEnvironment     com.cdccreditsmart.app               V  ANGLE allowlist from config: com.dreamgames.royalmatch com.dts.freefiremax com.dxx.firenow com.gramgames.mergedragons com.ludo.king com.mojang.minecraftpe com.my.defense com.nintendo.zaka com.os.airforce com.playrix.fishdomdd.gplay io.teslatech.callbreak jp.konami.prospia net.peakgames.toonblast
2025-12-08 05:32:42.642  8711-8711  GraphicsEnvironment     com.cdccreditsmart.app               V  com.cdccreditsmart.app is not listed in ANGLE allowlist or settings, returning default
2025-12-08 05:32:42.642  8711-8711  GraphicsEnvironment     com.cdccreditsmart.app               V  Neither updatable production driver nor prerelease driver is supported.
2025-12-08 05:32:42.646  8711-8711  ActivityThread          com.cdccreditsmart.app               W  Application com.cdccreditsmart.app is suspending. Debugger needs to resume to continue.
2025-12-08 05:32:42.647  8711-8711  System.out              com.cdccreditsmart.app               I  Sending WAIT chunk
2025-12-08 05:32:42.647  8711-8711  System.out              com.cdccreditsmart.app               I  Waiting for debugger first packet
---------------------------- PROCESS ENDED (8711) for package com.cdccreditsmart.app ----------------------------
---------------------------- PROCESS STARTED (8737) for package com.cdccreditsmart.app ----------------------------
---------------------------- PROCESS ENDED (8737) for package com.cdccreditsmart.app ----------------------------
---------------------------- PROCESS STARTED (8816) for package com.cdccreditsmart.app ----------------------------
---------------------------- PROCESS ENDED (8816) for package com.cdccreditsmart.app ----------------------------
---------------------------- PROCESS STARTED (8838) for package com.cdccreditsmart.app ----------------------------
2025-12-08 05:33:02.622  8838-8838  nativeloader            com.cdccreditsmart.app               D  Load libframework-connectivity-tiramisu-jni.so using APEX ns com_android_tethering for caller /apex/com.android.tethering/javalib/framework-connectivity-t.jar: ok
2025-12-08 05:33:05.277  8838-8838  nativeloader            com.cdccreditsmart.app               D  Configuring clns-9 for other apk /data/app/~~sMmPfVySjg1f8zZMOQcteg==/com.cdccreditsmart.app-ducWrnnf93dTAJjGbjQPpw==/base.apk. target_sdk_version=35, uses_libraries=, library_path=/data/app/~~sMmPfVySjg1f8zZMOQcteg==/com.cdccreditsmart.app-ducWrnnf93dTAJjGbjQPpw==/lib/x86_64:/data/app/~~sMmPfVySjg1f8zZMOQcteg==/com.cdccreditsmart.app-ducWrnnf93dTAJjGbjQPpw==/base.apk!/lib/x86_64, permitted_path=/data:/mnt/expand:/data/user/0/com.cdccreditsmart.app
2025-12-08 05:33:05.415  8838-8838  CompatChangeReporter    com.cdccreditsmart.app               D  Compat change id reported: 202956589; UID 10218; state: ENABLED
2025-12-08 05:33:05.420  8838-8838  creditsmart.app         com.cdccreditsmart.app               I  AssetManager2(0x704f0fa1daf8) locale list changing from [] to [en-US]
2025-12-08 05:33:05.444  8838-8838  GraphicsEnvironment     com.cdccreditsmart.app               V  Currently set values for:
2025-12-08 05:33:05.444  8838-8838  GraphicsEnvironment     com.cdccreditsmart.app               V    angle_gl_driver_selection_pkgs=[]
2025-12-08 05:33:05.444  8838-8838  GraphicsEnvironment     com.cdccreditsmart.app               V    angle_gl_driver_selection_values=[]
2025-12-08 05:33:05.444  8838-8838  GraphicsEnvironment     com.cdccreditsmart.app               V  com.cdccreditsmart.app is not listed in per-application setting
2025-12-08 05:33:05.444  8838-8838  GraphicsEnvironment     com.cdccreditsmart.app               V  ANGLE allowlist from config: com.dreamgames.royalmatch com.dts.freefiremax com.dxx.firenow com.gramgames.mergedragons com.ludo.king com.mojang.minecraftpe com.my.defense com.nintendo.zaka com.os.airforce com.playrix.fishdomdd.gplay io.teslatech.callbreak jp.konami.prospia net.peakgames.toonblast
2025-12-08 05:33:05.445  8838-8838  GraphicsEnvironment     com.cdccreditsmart.app               V  com.cdccreditsmart.app is not listed in ANGLE allowlist or settings, returning default
2025-12-08 05:33:05.445  8838-8838  GraphicsEnvironment     com.cdccreditsmart.app               V  Neither updatable production driver nor prerelease driver is supported.
2025-12-08 05:33:05.690  8838-8838  FirebaseApp             com.cdccreditsmart.app               I  Device unlocked: initializing all Firebase APIs for app [DEFAULT]
2025-12-08 05:33:05.736  8838-8838  FirebaseInitProvider    com.cdccreditsmart.app               I  FirebaseApp initialization successful
2025-12-08 05:33:05.758  8838-8838  CompatChangeReporter    com.cdccreditsmart.app               D  Compat change id reported: 279646685; UID 10218; state: ENABLED
2025-12-08 05:33:05.768  8838-8838  WM-WrkMgrInitializer    com.cdccreditsmart.app               D  Initializing WorkManager with default configuration.
2025-12-08 05:33:05.793  8838-8862  creditsmart.app         com.cdccreditsmart.app               W  ClassLoaderContext classpath size mismatch. expected=1, found=0 (DLC[];PCL[base.apk*630649996]{PCL[/system/framework/org.apache.http.legacy.jar*4247870504]#PCL[/system/framework/com.android.media.remotedisplay.jar*487574312]#PCL[/system/framework/com.android.location.provider.jar*1570284764]#PCL[/system_ext/framework/androidx.window.extensions.jar*1030441313]#PCL[/system_ext/framework/androidx.window.sidecar.jar*3860983653]} | DLC[];PCL[])
2025-12-08 05:33:05.797  8838-8862  DynamiteModule          com.cdccreditsmart.app               I  Considering local module com.google.android.gms.measurement.dynamite:127 and remote module com.google.android.gms.measurement.dynamite:170
2025-12-08 05:33:05.797  8838-8862  DynamiteModule          com.cdccreditsmart.app               I  Selected remote version of com.google.android.gms.measurement.dynamite, version >= 170
2025-12-08 05:33:05.797  8838-8862  DynamiteModule          com.cdccreditsmart.app               V  Dynamite loader version >= 2, using loadModule2NoCrashUtils
2025-12-08 05:33:05.818  8838-8862  System                  com.cdccreditsmart.app               W  ClassLoader referenced unknown path: 
2025-12-08 05:33:05.818  8838-8862  nativeloader            com.cdccreditsmart.app               D  Configuring clns-10 for other apk . target_sdk_version=36, uses_libraries=, library_path=/data/app/~~ZfauhO7qI3pXtLPgYuAHzw==/com.google.android.gms-U7Q0sEaqgVAIKmbcLuMBhw==/lib/x86_64:/data/app/~~ZfauhO7qI3pXtLPgYuAHzw==/com.google.android.gms-U7Q0sEaqgVAIKmbcLuMBhw==/base.apk!/lib/x86_64, permitted_path=/data:/mnt/expand:/data/user/0/com.google.android.gms
2025-12-08 05:33:05.827  8838-8862  creditsmart.app         com.cdccreditsmart.app               I  AssetManager2(0x704f0fa14818) locale list changing from [] to [en-US]
2025-12-08 05:33:05.841  8838-8862  creditsmart.app         com.cdccreditsmart.app               W  ClassLoaderContext classpath element checksum mismatch. expected=630649996, found=3707552053 (DLC[];PCL[base.apk*630649996]{PCL[/system/framework/org.apache.http.legacy.jar*4247870504]#PCL[/system/framework/com.android.media.remotedisplay.jar*487574312]#PCL[/system/framework/com.android.location.provider.jar*1570284764]#PCL[/system_ext/framework/androidx.window.extensions.jar*1030441313]#PCL[/system_ext/framework/androidx.window.sidecar.jar*3860983653]} | DLC[];PCL[/data/app/~~sMmPfVySjg1f8zZMOQcteg==/com.cdccreditsmart.app-ducWrnnf93dTAJjGbjQPpw==/base.apk*3707552053])
2025-12-08 05:33:05.850  8838-8862  creditsmart.app         com.cdccreditsmart.app               I  AssetManager2(0x704f0fa17a18) locale list changing from [] to [en-US]
2025-12-08 05:33:05.851  8838-8862  creditsmart.app         com.cdccreditsmart.app               I  AssetManager2(0x704f0fa1cb58) locale list changing from [] to [en-US]
2025-12-08 05:33:05.897  8838-8838  WM-PackageManagerHelper com.cdccreditsmart.app               D  Skipping component enablement for androidx.work.impl.background.systemjob.SystemJobService
2025-12-08 05:33:05.897  8838-8838  WM-Schedulers           com.cdccreditsmart.app               D  Created SystemJobScheduler and enabled SystemJobService
2025-12-08 05:33:05.905  8838-8869  creditsmart.app         com.cdccreditsmart.app               I  hiddenapi: Accessing hidden method Ldalvik/system/VMStack;->getStackClass2()Ljava/lang/Class; (runtime_flags=0, domain=core-platform, api=unsupported) from Lm7/aox; (domain=app) using reflection: allowed
2025-12-08 05:33:05.908  8838-8838  CrashHandler            com.cdccreditsmart.app               I  âœ… Global crash handler instalado
2025-12-08 05:33:05.908  8838-8838  CDCApplication          com.cdccreditsmart.app               I  ğŸš€ CDC Credit Smart Application iniciando...
2025-12-08 05:33:05.914  8838-8838  CDCApplication          com.cdccreditsmart.app               I  ========================================
2025-12-08 05:33:05.914  8838-8838  CDCApplication          com.cdccreditsmart.app               I  ğŸ” Verificando status de Device Owner...
2025-12-08 05:33:05.916  8838-8838  CompatChangeReporter    com.cdccreditsmart.app               D  Compat change id reported: 307233716; UID 10218; state: ENABLED
2025-12-08 05:33:05.918  8838-8838  CDCApplication          com.cdccreditsmart.app               I  Device Owner Status: âŒ NÃƒO
2025-12-08 05:33:05.918  8838-8838  CDCApplication          com.cdccreditsmart.app               I  Package Name: com.cdccreditsmart.app
2025-12-08 05:33:05.918  8838-8838  CDCApplication          com.cdccreditsmart.app               E  
2025-12-08 05:33:05.918  8838-8838  CDCApplication          com.cdccreditsmart.app               E  â•”â•â•â•â•â•â•â•â•â•â•â•â•â•â•â•â•â•â•â•â•â•â•â•â•â•â•â•â•â•â•â•â•â•â•â•â•â•â•â•â•â•â•â•â•â•â•â•â•â•â•â•â•â•â•â•â•â•—
2025-12-08 05:33:05.918  8838-8838  CDCApplication          com.cdccreditsmart.app               E  â•‘  âš ï¸  APP NÃƒO ESTÃ PROVISIONADO COMO DEVICE OWNER  âš ï¸   â•‘
2025-12-08 05:33:05.918  8838-8838  CDCApplication          com.cdccreditsmart.app               E  â• â•â•â•â•â•â•â•â•â•â•â•â•â•â•â•â•â•â•â•â•â•â•â•â•â•â•â•â•â•â•â•â•â•â•â•â•â•â•â•â•â•â•â•â•â•â•â•â•â•â•â•â•â•â•â•â•â•£
2025-12-08 05:33:05.918  8838-8838  CDCApplication          com.cdccreditsmart.app               E  â•‘  O app precisa ser provisionado como Device Owner      â•‘
2025-12-08 05:33:05.918  8838-8838  CDCApplication          com.cdccreditsmart.app               E  â•‘  ANTES de poder conceder permissÃµes automaticamente.   â•‘
2025-12-08 05:33:05.918  8838-8838  CDCApplication          com.cdccreditsmart.app               E  â•‘                                                        â•‘
2025-12-08 05:33:05.918  8838-8838  CDCApplication          com.cdccreditsmart.app               E  â•‘  Provisione o dispositivo usando um dos mÃ©todos:       â•‘
2025-12-08 05:33:05.918  8838-8838  CDCApplication          com.cdccreditsmart.app               E  â•‘  1. ADB: adb shell dpm set-device-owner ...           â•‘
2025-12-08 05:33:05.918  8838-8838  CDCApplication          com.cdccreditsmart.app               E  â•‘  2. QR Code durante setup inicial                      â•‘
2025-12-08 05:33:05.918  8838-8838  CDCApplication          com.cdccreditsmart.app               E  â•‘  3. NFC durante setup inicial                          â•‘
2025-12-08 05:33:05.918  8838-8838  CDCApplication          com.cdccreditsmart.app               E  â•‘  4. Samsung Knox Mobile Enrollment                     â•‘
2025-12-08 05:33:05.919  8838-8838  CDCApplication          com.cdccreditsmart.app               E  â•šâ•â•â•â•â•â•â•â•â•â•â•â•â•â•â•â•â•â•â•â•â•â•â•â•â•â•â•â•â•â•â•â•â•â•â•â•â•â•â•â•â•â•â•â•â•â•â•â•â•â•â•â•â•â•â•â•â•
2025-12-08 05:33:05.919  8838-8838  CDCApplication          com.cdccreditsmart.app               E  
2025-12-08 05:33:05.919  8838-8838  CDCApplication          com.cdccreditsmart.app               I  ========================================
2025-12-08 05:33:05.924  8838-8838  AppProtectionManager    com.cdccreditsmart.app               I  
2025-12-08 05:33:05.924  8838-8838  AppProtectionManager    com.cdccreditsmart.app               I  â•”â•â•â•â•â•â•â•â•â•â•â•â•â•â•â•â•â•â•â•â•â•â•â•â•â•â•â•â•â•â•â•â•â•â•â•â•â•â•â•â•â•â•â•â•â•â•â•â•â•â•â•â•â•â•â•â•â•â•â•â•â•â•â•â•â•—
2025-12-08 05:33:05.924  8838-8838  AppProtectionManager    com.cdccreditsmart.app               I  â•‘     ğŸ›¡ï¸ APLICANDO MELHOR PROTEÃ‡ÃƒO DISPONÃVEL                    â•‘
2025-12-08 05:33:05.924  8838-8838  AppProtectionManager    com.cdccreditsmart.app               I  â•‘           CDC CREDIT SMART - PROTEÃ‡ÃƒO EM CAMADAS              â•‘
2025-12-08 05:33:05.924  8838-8838  AppProtectionManager    com.cdccreditsmart.app               I  â•šâ•â•â•â•â•â•â•â•â•â•â•â•â•â•â•â•â•â•â•â•â•â•â•â•â•â•â•â•â•â•â•â•â•â•â•â•â•â•â•â•â•â•â•â•â•â•â•â•â•â•â•â•â•â•â•â•â•â•â•â•â•â•â•â•â•
2025-12-08 05:33:05.924  8838-8838  AppProtectionManager    com.cdccreditsmart.app               I  
2025-12-08 05:33:05.927  8838-8838  AppProtectionManager    com.cdccreditsmart.app               I  ğŸ“‹ STATUS ATUAL:
2025-12-08 05:33:05.928  8838-8838  AppProtectionManager    com.cdccreditsmart.app               I     Device Owner: NÃƒO
2025-12-08 05:33:05.928  8838-8838  AppProtectionManager    com.cdccreditsmart.app               I     Device Admin: NÃƒO
2025-12-08 05:33:05.928  8838-8838  AppProtectionManager    com.cdccreditsmart.app               I  
2025-12-08 05:33:05.928  8838-8838  AppProtectionManager    com.cdccreditsmart.app               W  âš ï¸ NÃVEL: SEM PRIVILÃ‰GIOS
2025-12-08 05:33:05.928  8838-8838  AppProtectionManager    com.cdccreditsmart.app               W     App precisa ser ativado como Device Admin ou Device Owner
2025-12-08 05:33:05.928  8838-8838  AppProtectionManager    com.cdccreditsmart.app               W     para aplicar proteÃ§Ãµes contra desinstalaÃ§Ã£o.
2025-12-08 05:33:05.928  8838-8838  AppProtectionManager    com.cdccreditsmart.app               W  
2025-12-08 05:33:05.928  8838-8838  AppProtectionManager    com.cdccreditsmart.app               I     Iniciando serviÃ§os de persistÃªncia...
2025-12-08 05:33:05.929  8838-8870  ashmem                  com.cdccreditsmart.app               E  Pinning is deprecated since Android Q. Please use trim or other methods.
2025-12-08 05:33:05.940  8838-8838  AppProtectionManager    com.cdccreditsmart.app               I     âœ… Foreground Service iniciado
2025-12-08 05:33:05.948  8838-8869  PhClient                com.cdccreditsmart.app               I  Unable to retrieve flag snapshot for com.google.android.gms.measurement#com.cdccreditsmart.app, using defaults.
2025-12-08 05:33:05.956  8838-8868  creditsmart.app         com.cdccreditsmart.app               E  No package ID 6a found for resource ID 0x6a0b0013.
2025-12-08 05:33:05.963  8838-8868  FA                      com.cdccreditsmart.app               I  App measurement initialized, version: 146007
2025-12-08 05:33:05.964  8838-8868  FA                      com.cdccreditsmart.app               I  To enable debug logging run: adb shell setprop log.tag.FA VERBOSE
2025-12-08 05:33:05.964  8838-8868  FA                      com.cdccreditsmart.app               I  To enable faster debug mode event logging run:
                                                                                                      adb shell setprop debug.firebase.analytics.app com.cdccreditsmart.app
2025-12-08 05:33:06.009  8838-8870  CompatChangeReporter    com.cdccreditsmart.app               D  Compat change id reported: 311402873; UID 10218; state: ENABLED
2025-12-08 05:33:06.009  8838-8870  CompatChangeReporter    com.cdccreditsmart.app               D  Compat change id reported: 323349338; UID 10218; state: ENABLED
2025-12-08 05:33:06.011  8838-8838  AppProtectionManager    com.cdccreditsmart.app               I     âœ… ServiceWatchdog agendado (15 min)
2025-12-08 05:33:06.012  8838-8838  CDCApplication          com.cdccreditsmart.app               I  
2025-12-08 05:33:06.012  8838-8838  CDCApplication          com.cdccreditsmart.app               I  â•”â•â•â•â•â•â•â•â•â•â•â•â•â•â•â•â•â•â•â•â•â•â•â•â•â•â•â•â•â•â•â•â•â•â•â•â•â•â•â•â•â•â•â•â•â•â•â•â•â•â•â•â•â•â•â•â•â•â•â•â•â•—
2025-12-08 05:33:06.012  8838-8838  CDCApplication          com.cdccreditsmart.app               I  â•‘     RESULTADO DA APLICAÃ‡ÃƒO DE PROTEÃ‡Ã•ES                    â•‘
2025-12-08 05:33:06.012  8838-8838  CDCApplication          com.cdccreditsmart.app               I  â•šâ•â•â•â•â•â•â•â•â•â•â•â•â•â•â•â•â•â•â•â•â•â•â•â•â•â•â•â•â•â•â•â•â•â•â•â•â•â•â•â•â•â•â•â•â•â•â•â•â•â•â•â•â•â•â•â•â•â•â•â•â•
2025-12-08 05:33:06.012  8838-8838  CDCApplication          com.cdccreditsmart.app               I     NÃ­vel: NONE
2025-12-08 05:33:06.012  8838-8838  CDCApplication          com.cdccreditsmart.app               I     ProteÃ§Ãµes aplicadas: 0
2025-12-08 05:33:06.012  8838-8838  CDCApplication          com.cdccreditsmart.app               E     Status: SEM PROTEÃ‡ÃƒO
2025-12-08 05:33:06.012  8838-8838  CDCApplication          com.cdccreditsmart.app               E     App precisa ser provisionado como Device Owner
2025-12-08 05:33:06.012  8838-8838  CDCApplication          com.cdccreditsmart.app               E  
2025-12-08 05:33:06.012  8838-8838  CDCApplication          com.cdccreditsmart.app               E     Provisione o dispositivo usando:
2025-12-08 05:33:06.012  8838-8838  CDCApplication          com.cdccreditsmart.app               E     1. QR Code durante setup inicial
2025-12-08 05:33:06.012  8838-8838  CDCApplication          com.cdccreditsmart.app               E     2. ADB: adb shell dpm set-device-owner ...
2025-12-08 05:33:06.012  8838-8838  CDCApplication          com.cdccreditsmart.app               E     3. Samsung Knox Mobile Enrollment
2025-12-08 05:33:06.012  8838-8838  CDCApplication          com.cdccreditsmart.app               I  â•šâ•â•â•â•â•â•â•â•â•â•â•â•â•â•â•â•â•â•â•â•â•â•â•â•â•â•â•â•â•â•â•â•â•â•â•â•â•â•â•â•â•â•â•â•â•â•â•â•â•â•â•â•â•â•â•â•â•â•â•â•â•
2025-12-08 05:33:06.012  8838-8838  CDCApplication          com.cdccreditsmart.app               I  
2025-12-08 05:33:06.039  8838-8876  CDCApplication          com.cdccreditsmart.app               D  ğŸ‘¤ App nÃ£o Ã© Device Owner - pulando criaÃ§Ã£o de usuÃ¡rio secundÃ¡rio
2025-12-08 05:33:06.039  8838-8838  TamperDetection         com.cdccreditsmart.app               I  ========================================
2025-12-08 05:33:06.040  8838-8838  TamperDetection         com.cdccreditsmart.app               I  ğŸ” VERIFICANDO INTEGRIDADE DO DISPOSITIVO
2025-12-08 05:33:06.040  8838-8838  TamperDetection         com.cdccreditsmart.app               I  ========================================
2025-12-08 05:33:06.257  8838-8838  SecureTokenStorage      com.cdccreditsmart.app               D  EncryptedSharedPreferences initialized successfully
2025-12-08 05:33:06.261  8838-8838  TamperDetection         com.cdccreditsmart.app               I  âœ… Primeira instalaÃ§Ã£o detectada
2025-12-08 05:33:06.261  8838-8838  TamperDetection         com.cdccreditsmart.app               I     Token e deviceId nÃ£o existem - app nunca foi pareado
2025-12-08 05:33:06.261  8838-8838  TamperDetection         com.cdccreditsmart.app               I  ========================================
2025-12-08 05:33:06.269  8838-8838  TamperDetection         com.cdccreditsmart.app               I  
2025-12-08 05:33:06.270  8838-8838  TamperDetection         com.cdccreditsmart.app               I  â•”â•â•â•â•â•â•â•â•â•â•â•â•â•â•â•â•â•â•â•â•â•â•â•â•â•â•â•â•â•â•â•â•â•â•â•â•â•â•â•â•â•â•â•â•â•â•â•â•â•â•â•â•â•â•â•â•â•—
2025-12-08 05:33:06.270  8838-8838  TamperDetection         com.cdccreditsmart.app               I  â•‘    ğŸ“¡ REPORTAR BOOT AO BACKEND                        â•‘
2025-12-08 05:33:06.270  8838-8838  TamperDetection         com.cdccreditsmart.app               I  â• â•â•â•â•â•â•â•â•â•â•â•â•â•â•â•â•â•â•â•â•â•â•â•â•â•â•â•â•â•â•â•â•â•â•â•â•â•â•â•â•â•â•â•â•â•â•â•â•â•â•â•â•â•â•â•â•â•£
2025-12-08 05:33:06.275  8838-8838  TamperDetection         com.cdccreditsmart.app               I  â•‘  Device Fingerprint: CDC_18432861****      â•‘
2025-12-08 05:33:06.275  8838-8838  TamperDetection         com.cdccreditsmart.app               I  â•‘  Boot Timestamp: 1765182786275          â•‘
2025-12-08 05:33:06.275  8838-8838  TamperDetection         com.cdccreditsmart.app               I  â•‘                                                        â•‘
2025-12-08 05:33:06.275  8838-8838  TamperDetection         com.cdccreditsmart.app               I  â•‘  Backend detectarÃ¡ factory reset comparando:          â•‘
2025-12-08 05:33:06.275  8838-8838  TamperDetection         com.cdccreditsmart.app               I  â•‘  â€¢ Fingerprint histÃ³rico vs atual                     â•‘
2025-12-08 05:33:06.275  8838-8838  TamperDetection         com.cdccreditsmart.app               I  â•‘  â€¢ Timestamp do Ãºltimo boot vs agora                  â•‘
2025-12-08 05:33:06.275  8838-8838  TamperDetection         com.cdccreditsmart.app               I  â•‘  â€¢ Token vÃ¡lido vs ausente                            â•‘
2025-12-08 05:33:06.275  8838-8838  TamperDetection         com.cdccreditsmart.app               I  â•šâ•â•â•â•â•â•â•â•â•â•â•â•â•â•â•â•â•â•â•â•â•â•â•â•â•â•â•â•â•â•â•â•â•â•â•â•â•â•â•â•â•â•â•â•â•â•â•â•â•â•â•â•â•â•â•â•â•
2025-12-08 05:33:06.275  8838-8838  TamperDetection         com.cdccreditsmart.app               I  
2025-12-08 05:33:06.275  8838-8838  TamperDetection         com.cdccreditsmart.app               I  âš ï¸ TODO: Implementar POST /api/security/device-boot
2025-12-08 05:33:06.276  8838-8876  CDCApplication          com.cdccreditsmart.app               I  ğŸ”’ Verificando status do SIM no boot da aplicaÃ§Ã£o...
2025-12-08 05:33:06.288  8838-8876  SimSwapManager          com.cdccreditsmart.app               I  ========================================
2025-12-08 05:33:06.288  8838-8876  SimSwapManager          com.cdccreditsmart.app               I  ğŸ”’ SIM SWAP: Iniciando verificaÃ§Ã£o de status do SIM
2025-12-08 05:33:06.288  8838-8876  SimSwapManager          com.cdccreditsmart.app               I  ========================================
2025-12-08 05:33:06.326  8838-8876  SimSwapDetector         com.cdccreditsmart.app               W  ğŸ”’ SIM SWAP: ICCID vazio no SubscriptionInfo
2025-12-08 05:33:06.343  8838-8876  SimSwapDetector         com.cdccreditsmart.app               E  ğŸ”’ SIM SWAP: SecurityException no fallback (Ask Gemini)
                                                                                                    java.lang.SecurityException: getIccSerialNumber: The uid 10218 does not meet the requirements to access device identifiers.
                                                                                                    	at android.os.Parcel.createExceptionOrNull(Parcel.java:3340)
                                                                                                    	at android.os.Parcel.createException(Parcel.java:3324)
                                                                                                    	at android.os.Parcel.readException(Parcel.java:3307)
                                                                                                    	at android.os.Parcel.readException(Parcel.java:3249)
                                                                                                    	at com.android.internal.telephony.IPhoneSubInfo$Stub$Proxy.getIccSerialNumberForSubscriber(IPhoneSubInfo.java:1331)
                                                                                                    	at android.telephony.TelephonyManager.getSimSerialNumber(TelephonyManager.java:4332)
                                                                                                    	at android.telephony.TelephonyManager.getSimSerialNumber(TelephonyManager.java:4289)
                                                                                                    	at com.cdccreditsmart.app.security.SimSwapDetector.getSimSerialFallback(SimSwapDetector.kt:123)
                                                                                                    	at com.cdccreditsmart.app.security.SimSwapDetector.getCurrentSimSerial(SimSwapDetector.kt:95)
                                                                                                    	at com.cdccreditsmart.app.security.SimSwapDetector.getSimInfo(SimSwapDetector.kt:256)
                                                                                                    	at com.cdccreditsmart.app.security.SimSwapManager$checkSimStatus$2.invokeSuspend(SimSwapManager.kt:143)
                                                                                                    	at kotlin.coroutines.jvm.internal.BaseContinuationImpl.resumeWith(ContinuationImpl.kt:34)
                                                                                                    	at kotlinx.coroutines.DispatchedTask.run(DispatchedTask.kt:108)
                                                                                                    	at kotlinx.coroutines.internal.LimitedDispatcher$Worker.run(LimitedDispatcher.kt:115)
                                                                                                    	at kotlinx.coroutines.scheduling.TaskImpl.run(Tasks.kt:103)
                                                                                                    	at kotlinx.coroutines.scheduling.CoroutineScheduler.runSafely(CoroutineScheduler.kt:584)
                                                                                                    	at kotlinx.coroutines.scheduling.CoroutineScheduler$Worker.executeTask(CoroutineScheduler.kt:793)
                                                                                                    	at kotlinx.coroutines.scheduling.CoroutineScheduler$Worker.runWorker(CoroutineScheduler.kt:697)
                                                                                                    	at kotlinx.coroutines.scheduling.CoroutineScheduler$Worker.run(CoroutineScheduler.kt:684)
2025-12-08 05:33:06.349  8838-8876  SimSwapDetector         com.cdccreditsmart.app               D  ğŸ”’ SIM SWAP: Operadora: T-Mobile
2025-12-08 05:33:06.349  8838-8876  SimSwapDetector         com.cdccreditsmart.app               I  ğŸ”’ SIM SWAP: InformaÃ§Ãµes do SIM coletadas:
2025-12-08 05:33:06.349  8838-8876  SimSwapDetector         com.cdccreditsmart.app               I     Serial: nÃ£o disponÃ­vel...
2025-12-08 05:33:06.349  8838-8876  SimSwapDetector         com.cdccreditsmart.app               I     Operadora: T-Mobile
2025-12-08 05:33:06.349  8838-8876  SimSwapDetector         com.cdccreditsmart.app               I     SIM ativo: false
2025-12-08 05:33:06.349  8838-8876  SimSwapManager          com.cdccreditsmart.app               W  ğŸ”’ SIM SWAP: Nenhum SIM ativo detectado - sem aÃ§Ã£o necessÃ¡ria
2025-12-08 05:33:06.349  8838-8876  SimSwapManager          com.cdccreditsmart.app               I  ========================================
2025-12-08 05:33:06.350  8838-8876  CDCApplication          com.cdccreditsmart.app               I  âœ… VerificaÃ§Ã£o de SIM swap concluÃ­da com sucesso
2025-12-08 05:33:06.355  8838-8838  SecureTokenStorage      com.cdccreditsmart.app               D  EncryptedSharedPreferences initialized successfully
2025-12-08 05:33:06.358  8838-8838  ContractCodeStorage     com.cdccreditsmart.app               D  Retrieving contract code from storage
2025-12-08 05:33:06.446  8838-8838  ContractCodeStorage     com.cdccreditsmart.app               D  Storage verification: 0 valid, 0 tampered, 7 missing
2025-12-08 05:33:06.446  8838-8838  ContractCodeStorage     com.cdccreditsmart.app               W  No valid contract code found in any location
2025-12-08 05:33:06.447  8838-8838  CDCApplication          com.cdccreditsmart.app               I  â¸ï¸ Sem tokens - aguardando pairing para iniciar serviÃ§o MDM
2025-12-08 05:33:06.454  8838-8838  AutoBlockingWorker      com.cdccreditsmart.app               I  âœ… VerificaÃ§Ã£o automÃ¡tica de bloqueio agendada (diariamente Ã s 00:00)
2025-12-08 05:33:06.454  8838-8838  AutoBlockingWorker      com.cdccreditsmart.app               I     PrÃ³xima execuÃ§Ã£o em: 926 minutos
2025-12-08 05:33:06.454  8838-8838  CDCApplication          com.cdccreditsmart.app               I  ğŸ“… Agendando overlay automÃ¡tico com intervalo progressivo...
2025-12-08 05:33:06.457  8838-8838  PeriodicOverlayWorker   com.cdccreditsmart.app               I  ğŸ“… Agendando overlay automÃ¡tico com INTERVALO PROGRESSIVO
2025-12-08 05:33:06.458  8838-8838  PeriodicOverlayWorker   com.cdccreditsmart.app               I     1-4 dias de atraso: a cada 10 minutos
2025-12-08 05:33:06.458  8838-8838  PeriodicOverlayWorker   com.cdccreditsmart.app               I     5-14 dias de atraso: a cada 5 minutos
2025-12-08 05:33:06.458  8838-8838  PeriodicOverlayWorker   com.cdccreditsmart.app               I     15+ dias de atraso: a cada 3 minutos
2025-12-08 05:33:06.458  8838-8838  WM-WorkSpec             com.cdccreditsmart.app               W  Interval duration lesser than minimum allowed value; Changed to 900000
2025-12-08 05:33:06.458  8838-8838  WM-WorkSpec             com.cdccreditsmart.app               W  Flex duration lesser than minimum allowed value; Changed to 300000
2025-12-08 05:33:06.459  8838-8838  PeriodicOverlayWorker   com.cdccreditsmart.app               I  âœ… Overlay automÃ¡tico agendado com sucesso
2025-12-08 05:33:06.461  8838-8838  CDCApplication          com.cdccreditsmart.app               I  ğŸ”’ Iniciando sistema Keep Alive...
2025-12-08 05:33:06.464  8838-8838  KeepAliveManager        com.cdccreditsmart.app               I  ğŸ”’ ========================================
2025-12-08 05:33:06.464  8838-8838  KeepAliveManager        com.cdccreditsmart.app               I  ğŸ”’ INICIANDO SISTEMA KEEP ALIVE
2025-12-08 05:33:06.464  8838-8838  KeepAliveManager        com.cdccreditsmart.app               I  ğŸ”’ ========================================
2025-12-08 05:33:06.464  8838-8838  KeepAliveManager        com.cdccreditsmart.app               I  âœ… ServiceWatchdogWorker agendado (15min)
2025-12-08 05:33:06.467  8838-8838  KeepAliveManager        com.cdccreditsmart.app               I  âœ… AlarmManager wakeup agendado (10min)
2025-12-08 05:33:06.470  8838-8838  KeepAliveManager        com.cdccreditsmart.app               I  ğŸ”‹ App NÃƒO Ã© Device Owner - permissÃ£o serÃ¡ solicitada na tela de permissÃµes
2025-12-08 05:33:06.470  8838-8838  KeepAliveManager        com.cdccreditsmart.app               I  ğŸ”’ Sistema Keep Alive ativo
2025-12-08 05:33:06.470  8838-8838  KeepAliveManager        com.cdccreditsmart.app               I  ğŸ”’ - WorkManager: verificaÃ§Ã£o a cada 15min
2025-12-08 05:33:06.470  8838-8838  KeepAliveManager        com.cdccreditsmart.app               I  ğŸ”’ - AlarmManager: wakeup a cada 10min
2025-12-08 05:33:06.470  8838-8838  KeepAliveManager        com.cdccreditsmart.app               I  ğŸ”’ ========================================
2025-12-08 05:33:06.474  8838-8838  CDCApplication          com.cdccreditsmart.app               I  ğŸ“Š Keep Alive Stats:
