2026-01-27 17:30:19.388 23255-28194 okhttp.OkHttpClient     com.cdccreditsmart.app               I  x-xss-protection: 1; mode=block
2026-01-27 17:30:19.388 23255-28194 okhttp.OkHttpClient     com.cdccreditsmart.app               I  via: 1.1 google
2026-01-27 17:30:19.389 23255-28194 okhttp.OkHttpClient     com.cdccreditsmart.app               I  alt-svc: h3=":443"; ma=2592000,h3-29=":443"; ma=2592000
2026-01-27 17:30:19.392 23255-28194 okhttp.OkHttpClient     com.cdccreditsmart.app               I  {"success":true,"requiresBackendRevalidation":false,"phoneNumbersProcessed":false,"complianceStatus":"OK","expectedBlockLevel":0,"message":"Device compliant","complianceConfig":{"maxComplianceCorrections":3,"correctionWindowMinutes":30,"autoBlockOnLimitReached":true,"enableDetailedTelemetry":true,"telemetryIntervalMinutes":5}}
2026-01-27 17:30:19.392 23255-28194 okhttp.OkHttpClient     com.cdccreditsmart.app               I  <-- END HTTP (328-byte body)
2026-01-27 17:30:19.398 23255-23357 HeartbeatManager        com.cdccreditsmart.app               I  âœ… Dispositivo CONFORME - NÃ­vel 0
2026-01-27 17:30:19.399 23255-23357 CdcForegroundService    com.cdccreditsmart.app               I  ğŸ”„ Resposta do backend:
2026-01-27 17:30:19.400 23255-23357 CdcForegroundService    com.cdccreditsmart.app               I  ğŸ”„    complianceStatus: OK
2026-01-27 17:30:19.400 23255-23357 CdcForegroundService    com.cdccreditsmart.app               I  ğŸ”„    expectedBlockLevel: 0
2026-01-27 17:30:19.400 23255-23357 CdcForegroundService    com.cdccreditsmart.app               I  ğŸ”„    currentLocalLevel: 0
2026-01-27 17:30:19.402 23255-23357 CdcForegroundService    com.cdccreditsmart.app               I  ğŸ”„ âœ… Dispositivo CONFORME - nÃ­vel correto (0)
2026-01-27 17:30:19.402 23255-23357 CdcForegroundService    com.cdccreditsmart.app               I  ğŸ”„ ========================================
2026-01-27 17:30:19.402 23255-23357 CdcForegroundService    com.cdccreditsmart.app               I  âœ… Todos os serviÃ§os MDM inicializados com sucesso
2026-01-27 17:30:20.375 23255-26495 okhttp.OkHttpClient     com.cdccreditsmart.app               I  <-- 200 https://cdccreditsmart.com/api/apk/device/860875074339718/commands (2618ms)
2026-01-27 17:30:20.375 23255-26495 okhttp.OkHttpClient     com.cdccreditsmart.app               I  access-control-allow-credentials: true
2026-01-27 17:30:20.375 23255-26495 okhttp.OkHttpClient     com.cdccreditsmart.app               I  access-control-allow-headers: Origin, X-Requested-With, Content-Type, Accept, Authorization, x-client-key, x-client-token, x-client-secret, cache-control
2026-01-27 17:30:20.376 23255-26495 okhttp.OkHttpClient     com.cdccreditsmart.app               I  access-control-allow-methods: GET, POST, PUT, PATCH, DELETE, OPTIONS
2026-01-27 17:30:20.376 23255-26495 okhttp.OkHttpClient     com.cdccreditsmart.app               I  access-control-allow-origin: *
2026-01-27 17:30:20.376 23255-26495 okhttp.OkHttpClient     com.cdccreditsmart.app               I  access-control-max-age: 86400
2026-01-27 17:30:20.376 23255-26495 okhttp.OkHttpClient     com.cdccreditsmart.app               I  content-length: 104
2026-01-27 17:30:20.376 23255-26495 okhttp.OkHttpClient     com.cdccreditsmart.app               I  content-security-policy: default-src 'self'; script-src 'self' 'unsafe-inline' 'unsafe-eval' https://replit.com; style-src 'self' 'unsafe-inline' https://replit.com; img-src 'self' data: https:; font-src 'self' data: https://replit.com; connect-src 'self';
2026-01-27 17:30:20.377 23255-26495 okhttp.OkHttpClient     com.cdccreditsmart.app               I  content-type: application/json; charset=utf-8
2026-01-27 17:30:20.378 23255-26495 okhttp.OkHttpClient     com.cdccreditsmart.app               I  date: Tue, 27 Jan 2026 20:30:18 GMT
2026-01-27 17:30:20.378 23255-26495 okhttp.OkHttpClient     com.cdccreditsmart.app               I  etag: W/"68-1BzkVNqHEsu0XlMenwYbbDRd04w"
2026-01-27 17:30:20.378 23255-26495 okhttp.OkHttpClient     com.cdccreditsmart.app               I  permissions-policy: geolocation=(), microphone=(), camera=()
2026-01-27 17:30:20.378 23255-26495 okhttp.OkHttpClient     com.cdccreditsmart.app               I  referrer-policy: strict-origin-when-cross-origin
2026-01-27 17:30:20.379 23255-26495 okhttp.OkHttpClient     com.cdccreditsmart.app               I  strict-transport-security: max-age=63072000; includeSubDomains
2026-01-27 17:30:20.379 23255-26495 okhttp.OkHttpClient     com.cdccreditsmart.app               I  strict-transport-security: max-age=31536000; includeSubDomains
2026-01-27 17:30:20.379 23255-26495 okhttp.OkHttpClient     com.cdccreditsmart.app               I  x-anti-fraud-protection: active
2026-01-27 17:30:20.379 23255-26495 okhttp.OkHttpClient     com.cdccreditsmart.app               I  x-certificate-pinning-enabled: false
2026-01-27 17:30:20.379 23255-26495 okhttp.OkHttpClient     com.cdccreditsmart.app               I  x-certificate-pinning-status: disabled-for-stability
2026-01-27 17:30:20.379 23255-26495 okhttp.OkHttpClient     com.cdccreditsmart.app               I  x-content-type-options: nosniff
2026-01-27 17:30:20.380 23255-26495 okhttp.OkHttpClient     com.cdccreditsmart.app               I  x-financial-data-protection: enabled
2026-01-27 17:30:20.380 23255-26495 okhttp.OkHttpClient     com.cdccreditsmart.app               I  x-frame-options: DENY
2026-01-27 17:30:20.380 23255-26495 okhttp.OkHttpClient     com.cdccreditsmart.app               I  x-transaction-security-level: maximum
2026-01-27 17:30:20.380 23255-26495 okhttp.OkHttpClient     com.cdccreditsmart.app               I  x-xss-protection: 1; mode=block
2026-01-27 17:30:20.380 23255-26495 okhttp.OkHttpClient     com.cdccreditsmart.app               I  via: 1.1 google
2026-01-27 17:30:20.381 23255-26495 okhttp.OkHttpClient     com.cdccreditsmart.app               I  alt-svc: h3=":443"; ma=2592000,h3-29=":443"; ma=2592000
2026-01-27 17:30:20.487 25624-26236 creditsmart.app         com.cdccreditsmart.app               W  Verification of com.google.firebase.installations.remote.TokenResult$Builder com.google.firebase.installations.remote.TokenResult.builder() took 612.713ms (19.59 bytecodes/s) (1608B approximate peak alloc)
2026-01-27 17:30:20.493 23255-26495 okhttp.OkHttpClient     com.cdccreditsmart.app               I  {"deviceId":"device_1769137280282_l7srjesg25","serialNumber":"QJ3H4MKG","commandsCount":0,"commands":[]}
2026-01-27 17:30:20.493 23255-26495 okhttp.OkHttpClient     com.cdccreditsmart.app               I  <-- END HTTP (104-byte body)
2026-01-27 17:30:20.517 23255-23359 MdmCommandReceiver      com.cdccreditsmart.app               I  ğŸ” HTTP Response code: 200
2026-01-27 17:30:20.517 23255-23359 MdmCommandReceiver      com.cdccreditsmart.app               I  ğŸ” HTTP isSuccessful: true
2026-01-27 17:30:20.517 23255-23359 MdmCommandReceiver      com.cdccreditsmart.app               I  ğŸ” Response body deviceId: device_1769137280282_l7srjesg25
2026-01-27 17:30:20.517 23255-23359 MdmCommandReceiver      com.cdccreditsmart.app               I  ğŸ” Response body serialNumber: QJ3H4MKG
2026-01-27 17:30:20.517 23255-23359 MdmCommandReceiver      com.cdccreditsmart.app               I  ğŸ” Total de comandos: 0
2026-01-27 17:30:20.517 23255-23359 MdmCommandReceiver      com.cdccreditsmart.app               D  âœ… Nenhum comando pendente no servidor
2026-01-27 17:30:20.517 23255-23359 MdmCommandReceiver      com.cdccreditsmart.app               D  ğŸ“Š Fetch duration: 2882ms
2026-01-27 17:30:20.520 23255-23357 SupportRepository       com.cdccreditsmart.app               I  âœ… Hash dos termos validado com sucesso
2026-01-27 17:30:20.534 23255-23357 SupportRepository       com.cdccreditsmart.app               I  âœ… Termos atualizados: vv2.1 (id=54a62376-e9dd-4b7c-b474-8ecaa4c26cfc)
2026-01-27 17:30:21.879 23255-23255 creditsmart.app         com.cdccreditsmart.app               W  Verification of int androidx.compose.foundation.layout.Arrangement$SpacedAligned.hashCode() took 174.283ms (177.87 bytecodes/s) (1920B approximate peak alloc)
2026-01-27 17:30:24.168 23255-23255 Choreographer           com.cdccreditsmart.app               I  Skipped 217 frames!  The application may be doing too much work on its main thread.
2026-01-27 17:30:24.313 23255-23936 OpenGLRenderer          com.cdccreditsmart.app               I  Davey! duration=3755ms; Flags=0, FrameTimelineVsyncId=246592, IntendedVsync=704505987353, Vsync=704505987353, InputEventId=0, HandleInputStart=704518297111, AnimationStart=704518306534, PerformTraversalsStart=706208820648, DrawStart=706209329802, FrameDeadline=704589275673, FrameInterval=704518254495, FrameStartTime=16653185, SyncQueued=708114879954, SyncStart=708127971416, IssueDrawCommandsStart=708128267224, SwapBuffers=708218007377, FrameCompleted=708274804108, DequeueBufferDuration=90538, QueueBufferDuration=531962, GpuCompleted=708274804108, SwapBuffersCompleted=708270992493, DisplayPresentTime=700568585806, CommandSubmissionCompleted=708218007377, 
2026-01-27 17:30:26.243 23255-23255 TermsAcceptanceStorage  com.cdccreditsmart.app               I  Salvando aceitaÃ§Ã£o de termos vv2.1 para contrato QJ3H4MKG
2026-01-27 17:30:26.254 23255-23266 creditsmart.app         com.cdccreditsmart.app               I  Compiler allocated 6332KB to compile void com.cdccreditsmart.app.presentation.screens.terms.TermsAcceptanceScreenKt.TermsAcceptanceScreen(java.lang.String, kotlin.jvm.functions.Function0, androidx.compose.runtime.Composer, int)
2026-01-27 17:30:27.008 23255-23255 TermsAcceptanceStorage  com.cdccreditsmart.app               I  Salvando aceitaÃ§Ã£o de termos vv2.1 para contrato QJ3H4MKG
2026-01-27 17:30:27.037 23255-23255 NavController           com.cdccreditsmart.app               I  Ignoring popBackStack to route terms/acceptance/{contractCode} as it was not found on the current back stack
2026-01-27 17:30:27.137 23255-23255 Choreographer           com.cdccreditsmart.app               I  Skipped 57 frames!  The application may be doing too much work on its main thread.
2026-01-27 17:30:27.931 23255-28350 OpenGLRenderer          com.cdccreditsmart.app               I  Davey! duration=1718ms; Flags=0, FrameTimelineVsyncId=247011, IntendedVsync=710151713005, Vsync=711101004001, InputEventId=860580597, HandleInputStart=711192539106, AnimationStart=711192550529, PerformTraversalsStart=711509038144, DrawStart=711510688183, FrameDeadline=710168379672, FrameInterval=711115113606, FrameStartTime=16654228, SyncQueued=711792683221, SyncStart=711816281875, IssueDrawCommandsStart=711816403759, SwapBuffers=711820362990, FrameCompleted=711894300913, DequeueBufferDuration=21654, QueueBufferDuration=551269, GpuCompleted=711894300913, SwapBuffersCompleted=711890327106, DisplayPresentTime=700590797806, CommandSubmissionCompleted=711820362990, 
2026-01-27 17:30:27.998 23255-23255 creditsmart.app         com.cdccreditsmart.app               W  Verification of java.lang.Object com.cdccreditsmart.app.presentation.screens.home.ModernHomeScreenKt.$r8$lambda$-vwz-gZMSeD3VwjBX-oe8meHtNU(com.cdccreditsmart.network.dto.cdc.InstallmentItem) took 100.747ms (49.63 bytecodes/s) (1328B approximate peak alloc)
2026-01-27 17:30:28.260 23255-23255 SecureTokenStorage      com.cdccreditsmart.app               D  âœ… Usando IMEI para MDM: 8608***718
2026-01-27 17:30:28.266 23255-23255 NetworkConnectivity     com.cdccreditsmart.app               D  âœ… Conectado via WiFi com internet
2026-01-27 17:30:28.266 23255-23255 SimpleHomeViewModel     com.cdccreditsmart.app               D  ğŸ“¡ Fetching device installments from /api/apk/device/installments...
2026-01-27 17:30:30.213 23255-28964 SimpleHomeViewModel     com.cdccreditsmart.app               D  âœ… Added Authorization header with token
2026-01-27 17:30:30.334 23255-23267 creditsmart.app         com.cdccreditsmart.app               W  Suspending all threads took: 15.253ms
2026-01-27 17:30:30.529 23255-23255 creditsmart.app         com.cdccreditsmart.app               W  Weak pointer dereference blocked for 113 milliseconds.
2026-01-27 17:30:30.530 23255-28964 creditsmart.app         com.cdccreditsmart.app               W  Weak pointer dereference blocked for 136 milliseconds.
2026-01-27 17:30:30.657 23255-28964 SecureTokenStorage      com.cdccreditsmart.app               D  âœ… Usando IMEI para MDM: 8608***718
2026-01-27 17:30:30.666 23255-28964 SimpleHomeViewModel     com.cdccreditsmart.app               D  ğŸ“± Added X-Device-IMEI header
2026-01-27 17:30:30.672 23255-28964 SimpleHomeViewModel     com.cdccreditsmart.app               D  ğŸ“± Added X-Device-SerialNumber header
2026-01-27 17:30:30.673 23255-28964 SimpleHomeViewModel     com.cdccreditsmart.app               D  ğŸ“± Added X-Device-ID header
2026-01-27 17:30:30.674 23255-28964 SimpleHomeViewModel     com.cdccreditsmart.app               D  ğŸ“¤ Request URL: https://cdccreditsmart.com/api/apk/device/installments
2026-01-27 17:30:30.723 23255-23255 Choreographer           com.cdccreditsmart.app               I  Skipped 171 frames!  The application may be doing too much work on its main thread.
2026-01-27 17:30:30.946 23255-28964 TrafficStats            com.cdccreditsmart.app               D  tagSocket(149) with statsTag=0xffffffff, statsUid=-1
2026-01-27 17:30:31.578 23255-23267 creditsmart.app         com.cdccreditsmart.app               I  Background concurrent mark compact GC freed 378577(17MB) AllocSpace objects, 35(1728KB) LOS objects, 62% free, 14MB/38MB, paused 16.674ms,83.415ms total 2.539s
2026-01-27 17:30:33.168 23255-28964 SimpleHomeViewModel     com.cdccreditsmart.app               D  ğŸ“¥ Response Code: 200
2026-01-27 17:30:33.379 23255-23255 SimpleHomeViewModel     com.cdccreditsmart.app               D  âœ… Successfully fetched installments data
2026-01-27 17:30:33.379 23255-23255 SimpleHomeViewModel     com.cdccreditsmart.app               D  ğŸ“Š Device: REALME Note 60x
2026-01-27 17:30:33.379 23255-23255 SimpleHomeViewModel     com.cdccreditsmart.app               D  ğŸ“Š Total installments: 4
2026-01-27 17:30:33.380 23255-23255 SimpleHomeViewModel     com.cdccreditsmart.app               D  ğŸ“Š Paid: 0
2026-01-27 17:30:33.380 23255-23255 SimpleHomeViewModel     com.cdccreditsmart.app               D  ğŸ“Š Overdue: 0
2026-01-27 17:30:33.380 23255-23255 SimpleHomeViewModel     com.cdccreditsmart.app               D  ğŸ“Š All installments count: 4
2026-01-27 17:30:33.380 23255-23255 SimpleHomeViewModel     com.cdccreditsmart.app               D  ğŸ“‹ Parcela #1: status=pending, isPaid=false, dueDate=2026-02-07T03:01:36.146Z
2026-01-27 17:30:33.380 23255-23255 SimpleHomeViewModel     com.cdccreditsmart.app               D  ğŸ“‹ Parcela #2: status=pending, isPaid=false, dueDate=2026-02-22T03:01:36.146Z
2026-01-27 17:30:33.380 23255-23255 SimpleHomeViewModel     com.cdccreditsmart.app               D  ğŸ“‹ Parcela #3: status=pending, isPaid=false, dueDate=2026-03-09T03:01:36.146Z
2026-01-27 17:30:33.380 23255-23255 SimpleHomeViewModel     com.cdccreditsmart.app               D  ğŸ“‹ Parcela #4: status=pending, isPaid=false, dueDate=2026-03-24T03:01:36.146Z
2026-01-27 17:30:33.381 23255-23255 SimpleHomeViewModel     com.cdccreditsmart.app               I  ğŸ’¾ Salvando dados do cliente no storage - CustomerName: 'null', DeviceModel: 'REALME Note 60x'
2026-01-27 17:30:33.387 23255-23255 SecureTokenStorage      com.cdccreditsmart.app               D  ğŸ’¾ Salvando customer info - Name: null, Device: REALME Note 60x
2026-01-27 17:30:33.388 23255-23255 SecureTokenStorage      com.cdccreditsmart.app               W  âš ï¸ CustomerName vazio/null - nÃ£o salvando
2026-01-27 17:30:33.401 23255-23255 SecureTokenStorage      com.cdccreditsmart.app               D  âœ… DeviceModel salvo: REALME Note 60x
2026-01-27 17:30:33.401 23255-23255 SecureTokenStorage      com.cdccreditsmart.app               I  âœ… Customer info saved successfully!
2026-01-27 17:30:34.149 23255-23255 LocalInstallmentStorage com.cdccreditsmart.app               I  âœ… 4 parcelas salvas localmente (contrato: QJ3H4MKG)
2026-01-27 17:30:34.149 23255-23255 SimpleHomeViewModel     com.cdccreditsmart.app               I  âœ… 4 parcelas salvas localmente
2026-01-27 17:30:34.149 23255-23255 SimpleHomeViewModel     com.cdccreditsmart.app               I     â†’ 0 pagas
2026-01-27 17:30:34.149 23255-23255 SimpleHomeViewModel     com.cdccreditsmart.app               I     â†’ 4 pendentes
2026-01-27 17:30:34.149 23255-23255 SimpleHomeViewModel     com.cdccreditsmart.app               I     â†’ 0 em atraso
2026-01-27 17:30:34.149 23255-23255 SimpleHomeViewModel     com.cdccreditsmart.app               I     â†’ Dados disponÃ­veis para overlay e offline blocking
2026-01-27 17:30:34.153 23255-23255 SimpleHomeViewModel     com.cdccreditsmart.app               I  ğŸ’¾ Cache atualizado - prÃ³ximo acesso usarÃ¡ cache por 900s
2026-01-27 17:30:34.156 23255-23255 Choreographer           com.cdccreditsmart.app               I  Skipped 46 frames!  The application may be doing too much work on its main thread.
2026-01-27 17:30:34.424 23255-23255 SecureTokenStorage      com.cdccreditsmart.app               D  ğŸ“– Lendo customerName: Marcos Antunes
2026-01-27 17:30:34.440 23255-23255 SecureTokenStorage      com.cdccreditsmart.app               D  ğŸ“– Lendo deviceModel: REALME Note 60x
2026-01-27 17:30:35.237 23255-23255 Choreographer           com.cdccreditsmart.app               I  Skipped 64 frames!  The application may be doing too much work on its main thread.
2026-01-27 17:30:35.826 23255-23255 Choreographer           com.cdccreditsmart.app               I  Skipped 34 frames!  The application may be doing too much work on its main thread.
2026-01-27 17:30:35.842 23255-28350 OpenGLRenderer          com.cdccreditsmart.app               I  Davey! duration=2442ms; Flags=0, FrameTimelineVsyncId=249011, IntendedVsync=717363017599, Vsync=718129139227, InputEventId=0, HandleInputStart=718134645716, AnimationStart=718134657870, PerformTraversalsStart=718339038101, DrawStart=718339315409, FrameDeadline=717396331082, FrameInterval=718133726563, FrameStartTime=16654818, SyncQueued=719179228639, SyncStart=719179377177, IssueDrawCommandsStart=719179831485, SwapBuffers=719793257023, FrameCompleted=719805491715, DequeueBufferDuration=41307, QueueBufferDuration=2002192, GpuCompleted=719805491715, SwapBuffersCompleted=719802130600, DisplayPresentTime=713897989296, CommandSubmissionCompleted=719793257023, 
2026-01-27 17:30:38.584 23255-23357 MdmCommandReceiver      com.cdccreditsmart.app               D  ğŸ’“ WebSocket desconectado, parando ping
2026-01-27 17:30:38.584 23255-23357 MdmCommandReceiver      com.cdccreditsmart.app               D  ğŸ’“ Ping job encerrado
--------- beginning of crash
2026-01-27 17:30:43.545 23255-23255 WebSocketManager        com.cdccreditsmart.app               D  Heartbeat ping sent
2026-01-27 17:30:43.802 23255-27595 WebSocketManager        com.cdccreditsmart.app               D  Message received: {"type":"pong","timestamp":"2026-01-27T20:30:43.082Z"}...
2026-01-27 17:30:43.805 23255-27595 WebSocketManager        com.cdccreditsmart.app               D  Received message type: pong
2026-01-27 17:30:43.805 23255-27595 WebSocketManager        com.cdccreditsmart.app               D  Pong received
2026-01-27 17:30:45.925 25624-25624 FactoryResetRecovery    com.cdccreditsmart.app               I  ========================================
2026-01-27 17:30:45.926 25624-25624 FactoryResetRecovery    com.cdccreditsmart.app               I  ğŸ”„ BOOT DETECTADO (android.intent.action.BOOT_COMPLETED) - Verificando recuperaÃ§Ã£o
2026-01-27 17:30:45.926 25624-25624 FactoryResetRecovery    com.cdccreditsmart.app               I  ========================================
2026-01-27 17:30:45.971 25624-25624 CheckTime               com.cdccreditsmart.app               W  App running slow: Executing com.cdccreditsmart.app.recovery.FactoryResetRecoveryReceiver scheduleReceive took 213ms
2026-01-27 17:30:45.978 25624-26343 ContractCodeStorage     com.cdccreditsmart.app               D  Retrieving contract code from storage
2026-01-27 17:30:46.280 25624-26343 ContractCodeStorage     com.cdccreditsmart.app               D  Storage verification: 0 valid, 0 tampered, 7 missing
2026-01-27 17:30:46.287 25624-26343 ContractCodeStorage     com.cdccreditsmart.app               W  No valid contract code found in any location
2026-01-27 17:30:46.316 25624-26343 ApkPreloadManager       com.cdccreditsmart.app               I  ğŸ“± Fabricante detectado: realme
2026-01-27 17:30:46.334 25624-26343 FactoryResetRecovery    com.cdccreditsmart.app               I  â„¹ï¸ Sem manifesto de enrollment - app iniciarÃ¡ normalmente
2026-01-27 17:30:47.532 23255-23357 MdmCommandReceiver      com.cdccreditsmart.app               I  ğŸ” [Polling #2] Verificando comandos pendentes...
2026-01-27 17:30:47.568 23255-23357 SecureTokenStorage      com.cdccreditsmart.app               D  âœ… Usando IMEI para MDM: 8608***718
2026-01-27 17:30:47.568 23255-23357 MdmCommandReceiver      com.cdccreditsmart.app               I  ğŸ” ========================================
2026-01-27 17:30:47.568 23255-23357 MdmCommandReceiver      com.cdccreditsmart.app               I  ğŸ” BUSCANDO COMANDOS PENDENTES
2026-01-27 17:30:47.568 23255-23357 MdmCommandReceiver      com.cdccreditsmart.app               I  ğŸ” ========================================
2026-01-27 17:30:47.568 23255-23357 MdmCommandReceiver      com.cdccreditsmart.app               I  ğŸ” Identifier: 860875074339718
2026-01-27 17:30:47.568 23255-23357 MdmCommandReceiver      com.cdccreditsmart.app               I  ğŸ” Endpoint: GET /api/apk/device/860875074339718/commands
2026-01-27 17:30:47.644 23255-23357 MdmCommandReceiver      com.cdccreditsmart.app               D  ğŸ” Executando requisiÃ§Ã£o HTTP (timeout: 15s)...
2026-01-27 17:30:47.696 23255-26495 okhttp.OkHttpClient     com.cdccreditsmart.app               I  --> GET https://cdccreditsmart.com/api/apk/device/860875074339718/commands
2026-01-27 17:30:47.696 23255-26495 okhttp.OkHttpClient     com.cdccreditsmart.app               I  --> END GET
2026-01-27 17:30:48.339 23255-26495 okhttp.OkHttpClient     com.cdccreditsmart.app               I  <-- 200 https://cdccreditsmart.com/api/apk/device/860875074339718/commands (642ms)
2026-01-27 17:30:48.339 23255-26495 okhttp.OkHttpClient     com.cdccreditsmart.app               I  access-control-allow-credentials: true
2026-01-27 17:30:48.340 23255-26495 okhttp.OkHttpClient     com.cdccreditsmart.app               I  access-control-allow-headers: Origin, X-Requested-With, Content-Type, Accept, Authorization, x-client-key, x-client-token, x-client-secret, cache-control
2026-01-27 17:30:48.340 23255-26495 okhttp.OkHttpClient     com.cdccreditsmart.app               I  access-control-allow-methods: GET, POST, PUT, PATCH, DELETE, OPTIONS
2026-01-27 17:30:48.340 23255-26495 okhttp.OkHttpClient     com.cdccreditsmart.app               I  access-control-allow-origin: *
2026-01-27 17:30:48.340 23255-26495 okhttp.OkHttpClient     com.cdccreditsmart.app               I  access-control-max-age: 86400
2026-01-27 17:30:48.341 23255-26495 okhttp.OkHttpClient     com.cdccreditsmart.app               I  content-length: 104
2026-01-27 17:30:48.341 23255-26495 okhttp.OkHttpClient     com.cdccreditsmart.app               I  content-security-policy: default-src 'self'; script-src 'self' 'unsafe-inline' 'unsafe-eval' https://replit.com; style-src 'self' 'unsafe-inline' https://replit.com; img-src 'self' data: https:; font-src 'self' data: https://replit.com; connect-src 'self';
2026-01-27 17:30:48.341 23255-26495 okhttp.OkHttpClient     com.cdccreditsmart.app               I  content-type: application/json; charset=utf-8
2026-01-27 17:30:48.342 23255-26495 okhttp.OkHttpClient     com.cdccreditsmart.app               I  date: Tue, 27 Jan 2026 20:30:47 GMT
2026-01-27 17:30:48.342 23255-26495 okhttp.OkHttpClient     com.cdccreditsmart.app               I  etag: W/"68-1BzkVNqHEsu0XlMenwYbbDRd04w"
2026-01-27 17:30:48.342 23255-26495 okhttp.OkHttpClient     com.cdccreditsmart.app               I  permissions-policy: geolocation=(), microphone=(), camera=()
2026-01-27 17:30:48.342 23255-26495 okhttp.OkHttpClient     com.cdccreditsmart.app               I  referrer-policy: strict-origin-when-cross-origin
2026-01-27 17:30:48.342 23255-26495 okhttp.OkHttpClient     com.cdccreditsmart.app               I  strict-transport-security: max-age=63072000; includeSubDomains
2026-01-27 17:30:48.343 23255-26495 okhttp.OkHttpClient     com.cdccreditsmart.app               I  strict-transport-security: max-age=31536000; includeSubDomains
2026-01-27 17:30:48.343 23255-26495 okhttp.OkHttpClient     com.cdccreditsmart.app               I  x-anti-fraud-protection: active
2026-01-27 17:30:48.343 23255-26495 okhttp.OkHttpClient     com.cdccreditsmart.app               I  x-certificate-pinning-enabled: false
2026-01-27 17:30:48.343 23255-26495 okhttp.OkHttpClient     com.cdccreditsmart.app               I  x-certificate-pinning-status: disabled-for-stability
2026-01-27 17:30:48.343 23255-26495 okhttp.OkHttpClient     com.cdccreditsmart.app               I  x-content-type-options: nosniff
2026-01-27 17:30:48.343 23255-26495 okhttp.OkHttpClient     com.cdccreditsmart.app               I  x-financial-data-protection: enabled
2026-01-27 17:30:48.344 23255-26495 okhttp.OkHttpClient     com.cdccreditsmart.app               I  x-frame-options: DENY
2026-01-27 17:30:48.344 23255-26495 okhttp.OkHttpClient     com.cdccreditsmart.app               I  x-transaction-security-level: maximum
2026-01-27 17:30:48.344 23255-26495 okhttp.OkHttpClient     com.cdccreditsmart.app               I  x-xss-protection: 1; mode=block
2026-01-27 17:30:48.344 23255-26495 okhttp.OkHttpClient     com.cdccreditsmart.app               I  via: 1.1 google
2026-01-27 17:30:48.344 23255-26495 okhttp.OkHttpClient     com.cdccreditsmart.app               I  alt-svc: h3=":443"; ma=2592000,h3-29=":443"; ma=2592000
2026-01-27 17:30:48.346 23255-26495 okhttp.OkHttpClient     com.cdccreditsmart.app               I  {"deviceId":"device_1769137280282_l7srjesg25","serialNumber":"QJ3H4MKG","commandsCount":0,"commands":[]}
2026-01-27 17:30:48.347 23255-26495 okhttp.OkHttpClient     com.cdccreditsmart.app               I  <-- END HTTP (104-byte body)
2026-01-27 17:30:48.367 23255-23357 MdmCommandReceiver      com.cdccreditsmart.app               I  ğŸ” HTTP Response code: 200
2026-01-27 17:30:48.367 23255-23357 MdmCommandReceiver      com.cdccreditsmart.app               I  ğŸ” HTTP isSuccessful: true
2026-01-27 17:30:48.367 23255-23357 MdmCommandReceiver      com.cdccreditsmart.app               I  ğŸ” Response body deviceId: device_1769137280282_l7srjesg25
2026-01-27 17:30:48.367 23255-23357 MdmCommandReceiver      com.cdccreditsmart.app               I  ğŸ” Response body serialNumber: QJ3H4MKG
2026-01-27 17:30:48.367 23255-23357 MdmCommandReceiver      com.cdccreditsmart.app               I  ğŸ” Total de comandos: 0
2026-01-27 17:30:48.367 23255-23357 MdmCommandReceiver      com.cdccreditsmart.app               D  âœ… Nenhum comando pendente no servidor
2026-01-27 17:30:48.367 23255-23357 MdmCommandReceiver      com.cdccreditsmart.app               D  ğŸ“Š Fetch duration: 799ms
