2025-12-08 07:51:29.183 10189-10241 MdmCommandReceiver      com.cdccreditsmart.app               I  🔄 ========================================
2025-12-08 07:51:29.183 10189-10241 MdmCommandReceiver      com.cdccreditsmart.app               I  🔄 Tentativa #1
2025-12-08 07:51:29.183 10189-10241 MdmCommandReceiver      com.cdccreditsmart.app               I  🔄 Delay: 2s (backoff exponencial)
2025-12-08 07:51:29.183 10189-10241 MdmCommandReceiver      com.cdccreditsmart.app               I  🔄 Máximo delay: 120s
2025-12-08 07:51:29.183 10189-10241 MdmCommandReceiver      com.cdccreditsmart.app               I  🔄 ========================================
2025-12-08 07:51:29.183 10189-10220 MdmCommandReceiver      com.cdccreditsmart.app               I  🔄 ========================================
2025-12-08 07:51:29.183 10189-10237 okhttp.OkHttpClient     com.cdccreditsmart.app               I  <-- HTTP FAILED: java.io.IOException: Canceled
2025-12-08 07:51:29.184 10189-10220 MdmCommandReceiver      com.cdccreditsmart.app               I  🔄 INICIANDO POLLING FALLBACK MDM
2025-12-08 07:51:29.184 10189-10220 MdmCommandReceiver      com.cdccreditsmart.app               I  🔄 ========================================
2025-12-08 07:51:29.184 10189-10220 MdmCommandReceiver      com.cdccreditsmart.app               I  🔄 Intervalo: 30 segundos
2025-12-08 07:51:29.184 10189-10220 MdmCommandReceiver      com.cdccreditsmart.app               I  🔄 Endpoint: GET /api/apk/device/{identifier}/commands
2025-12-08 07:51:29.184 10189-10220 MdmCommandReceiver      com.cdccreditsmart.app               I  🔄 Executando verificação IMEDIATA de comandos...
2025-12-08 07:51:29.185 10189-10220 SecureTokenStorage      com.cdccreditsmart.app               D  ⚠️ Usando Serial Number para MDM (IMEI indisponível): XV8W57...
2025-12-08 07:51:29.185 10189-10220 MdmCommandReceiver      com.cdccreditsmart.app               I  🔍 ========================================
2025-12-08 07:51:29.185 10189-10220 MdmCommandReceiver      com.cdccreditsmart.app               I  🔍 BUSCANDO COMANDOS PENDENTES
2025-12-08 07:51:29.185 10189-10220 MdmCommandReceiver      com.cdccreditsmart.app               I  🔍 ========================================
2025-12-08 07:51:29.185 10189-10220 MdmCommandReceiver      com.cdccreditsmart.app               I  🔍 Identifier: XV8W5766
2025-12-08 07:51:29.185 10189-10220 MdmCommandReceiver      com.cdccreditsmart.app               I  🔍 Endpoint: GET /api/apk/device/XV8W5766/commands
2025-12-08 07:51:29.186 10189-10220 MdmCommandReceiver      com.cdccreditsmart.app               D  🔍 Executando requisição HTTP (timeout: 15s)...
2025-12-08 07:51:29.188 10189-10237 okhttp.OkHttpClient     com.cdccreditsmart.app               I  --> GET https://cdccreditsmart.com/api/apk/device/XV8W5766/commands
2025-12-08 07:51:29.188 10189-10237 okhttp.OkHttpClient     com.cdccreditsmart.app               I  --> END GET
2025-12-08 07:51:29.194 10189-10244 SecureTokenStorage      com.cdccreditsmart.app               D  EncryptedSharedPreferences initialized successfully
2025-12-08 07:51:29.195 10189-10244 okhttp.OkHttpClient     com.cdccreditsmart.app               I  <-- HTTP FAILED: java.io.IOException: Canceled
2025-12-08 07:51:29.207 10189-10237 SecureTokenStorage      com.cdccreditsmart.app               D  EncryptedSharedPreferences initialized successfully
2025-12-08 07:51:29.583 10189-10237 okhttp.OkHttpClient     com.cdccreditsmart.app               I  <-- 200 https://cdccreditsmart.com/api/apk/device/XV8W5766/commands (394ms)
2025-12-08 07:51:29.583 10189-10237 okhttp.OkHttpClient     com.cdccreditsmart.app               I  access-control-allow-credentials: true
2025-12-08 07:51:29.583 10189-10237 okhttp.OkHttpClient     com.cdccreditsmart.app               I  access-control-allow-headers: Origin, X-Requested-With, Content-Type, Accept, Authorization, x-client-key, x-client-token, x-client-secret, cache-control
2025-12-08 07:51:29.583 10189-10237 okhttp.OkHttpClient     com.cdccreditsmart.app               I  access-control-allow-methods: GET, POST, PUT, PATCH, DELETE, OPTIONS
2025-12-08 07:51:29.584 10189-10237 okhttp.OkHttpClient     com.cdccreditsmart.app               I  access-control-allow-origin: *
2025-12-08 07:51:29.585 10189-10237 okhttp.OkHttpClient     com.cdccreditsmart.app               I  access-control-max-age: 86400
2025-12-08 07:51:29.585 10189-10237 okhttp.OkHttpClient     com.cdccreditsmart.app               I  content-length: 105
2025-12-08 07:51:29.585 10189-10237 okhttp.OkHttpClient     com.cdccreditsmart.app               I  content-security-policy: default-src 'self'; script-src 'self' 'unsafe-inline' 'unsafe-eval' https://replit.com; style-src 'self' 'unsafe-inline' https://replit.com; img-src 'self' data: https:; font-src 'self' data: https://replit.com; connect-src 'self';
2025-12-08 07:51:29.585 10189-10237 okhttp.OkHttpClient     com.cdccreditsmart.app               I  content-type: application/json; charset=utf-8
2025-12-08 07:51:29.585 10189-10237 okhttp.OkHttpClient     com.cdccreditsmart.app               I  date: Mon, 08 Dec 2025 10:51:29 GMT
2025-12-08 07:51:29.585 10189-10237 okhttp.OkHttpClient     com.cdccreditsmart.app               I  etag: W/"69-JnxUXIkeOJE9HbxGWOIXIkjIGm0"
2025-12-08 07:51:29.585 10189-10237 okhttp.OkHttpClient     com.cdccreditsmart.app               I  permissions-policy: geolocation=(), microphone=(), camera=()
2025-12-08 07:51:29.586 10189-10237 okhttp.OkHttpClient     com.cdccreditsmart.app               I  referrer-policy: strict-origin-when-cross-origin
2025-12-08 07:51:29.586 10189-10237 okhttp.OkHttpClient     com.cdccreditsmart.app               I  strict-transport-security: max-age=63072000; includeSubDomains
2025-12-08 07:51:29.586 10189-10237 okhttp.OkHttpClient     com.cdccreditsmart.app               I  strict-transport-security: max-age=31536000; includeSubDomains
2025-12-08 07:51:29.586 10189-10237 okhttp.OkHttpClient     com.cdccreditsmart.app               I  x-anti-fraud-protection: active
2025-12-08 07:51:29.586 10189-10237 okhttp.OkHttpClient     com.cdccreditsmart.app               I  x-certificate-pinning-enabled: false
2025-12-08 07:51:29.586 10189-10237 okhttp.OkHttpClient     com.cdccreditsmart.app               I  x-certificate-pinning-status: disabled-for-stability
2025-12-08 07:51:29.586 10189-10237 okhttp.OkHttpClient     com.cdccreditsmart.app               I  x-content-type-options: nosniff
2025-12-08 07:51:29.586 10189-10237 okhttp.OkHttpClient     com.cdccreditsmart.app               I  x-financial-data-protection: enabled
2025-12-08 07:51:29.586 10189-10237 okhttp.OkHttpClient     com.cdccreditsmart.app               I  x-frame-options: DENY
2025-12-08 07:51:29.587 10189-10237 okhttp.OkHttpClient     com.cdccreditsmart.app               I  x-transaction-security-level: maximum
2025-12-08 07:51:29.587 10189-10237 okhttp.OkHttpClient     com.cdccreditsmart.app               I  x-xss-protection: 1; mode=block
2025-12-08 07:51:29.587 10189-10237 okhttp.OkHttpClient     com.cdccreditsmart.app               I  via: 1.1 google
2025-12-08 07:51:29.587 10189-10237 okhttp.OkHttpClient     com.cdccreditsmart.app               I  alt-svc: h3=":443"; ma=2592000,h3-29=":443"; ma=2592000
2025-12-08 07:51:29.588 10189-10237 okhttp.OkHttpClient     com.cdccreditsmart.app               I  {"deviceId":"device_1765148771462_4teww42p114","serialNumber":"XV8W5766","commandsCount":0,"commands":[]}
2025-12-08 07:51:29.588 10189-10237 okhttp.OkHttpClient     com.cdccreditsmart.app               I  <-- END HTTP (105-byte body)
2025-12-08 07:51:29.591 10189-10220 MdmCommandReceiver      com.cdccreditsmart.app               I  🔍 HTTP Response code: 200
2025-12-08 07:51:29.591 10189-10220 MdmCommandReceiver      com.cdccreditsmart.app               I  🔍 HTTP isSuccessful: true
2025-12-08 07:51:29.591 10189-10220 MdmCommandReceiver      com.cdccreditsmart.app               I  🔍 Response body deviceId: device_1765148771462_4teww42p114
2025-12-08 07:51:29.591 10189-10220 MdmCommandReceiver      com.cdccreditsmart.app               I  🔍 Response body serialNumber: XV8W5766
2025-12-08 07:51:29.591 10189-10220 MdmCommandReceiver      com.cdccreditsmart.app               I  🔍 Total de comandos: 0
2025-12-08 07:51:29.591 10189-10220 MdmCommandReceiver      com.cdccreditsmart.app               D  ✅ Nenhum comando pendente no servidor
2025-12-08 07:51:29.591 10189-10220 MdmCommandReceiver      com.cdccreditsmart.app               D  📊 Fetch duration: 405ms
2025-12-08 07:51:29.591 10189-10220 MdmCommandReceiver      com.cdccreditsmart.app               I  🔍 [Polling #1] Verificando comandos pendentes...
2025-12-08 07:51:29.592 10189-10220 SecureTokenStorage      com.cdccreditsmart.app               D  ⚠️ Usando Serial Number para MDM (IMEI indisponível): XV8W57...
2025-12-08 07:51:29.592 10189-10220 MdmCommandReceiver      com.cdccreditsmart.app               I  🔍 ========================================
2025-12-08 07:51:29.592 10189-10220 MdmCommandReceiver      com.cdccreditsmart.app               I  🔍 BUSCANDO COMANDOS PENDENTES
2025-12-08 07:51:29.592 10189-10220 MdmCommandReceiver      com.cdccreditsmart.app               I  🔍 ========================================
2025-12-08 07:51:29.592 10189-10220 MdmCommandReceiver      com.cdccreditsmart.app               I  🔍 Identifier: XV8W5766
2025-12-08 07:51:29.592 10189-10220 MdmCommandReceiver      com.cdccreditsmart.app               I  🔍 Endpoint: GET /api/apk/device/XV8W5766/commands
2025-12-08 07:51:29.592 10189-10220 MdmCommandReceiver      com.cdccreditsmart.app               D  🔍 Executando requisição HTTP (timeout: 15s)...
2025-12-08 07:51:29.594 10189-10237 okhttp.OkHttpClient     com.cdccreditsmart.app               I  --> GET https://cdccreditsmart.com/api/apk/device/XV8W5766/commands
2025-12-08 07:51:29.595 10189-10237 okhttp.OkHttpClient     com.cdccreditsmart.app               I  --> END GET
2025-12-08 07:51:29.610 10189-10237 SecureTokenStorage      com.cdccreditsmart.app               D  EncryptedSharedPreferences initialized successfully
2025-12-08 07:51:29.987 10189-10237 okhttp.OkHttpClient     com.cdccreditsmart.app               I  <-- 200 https://cdccreditsmart.com/api/apk/device/XV8W5766/commands (392ms)
2025-12-08 07:51:29.987 10189-10237 okhttp.OkHttpClient     com.cdccreditsmart.app               I  access-control-allow-credentials: true
2025-12-08 07:51:29.987 10189-10237 okhttp.OkHttpClient     com.cdccreditsmart.app               I  access-control-allow-headers: Origin, X-Requested-With, Content-Type, Accept, Authorization, x-client-key, x-client-token, x-client-secret, cache-control
2025-12-08 07:51:29.987 10189-10237 okhttp.OkHttpClient     com.cdccreditsmart.app               I  access-control-allow-methods: GET, POST, PUT, PATCH, DELETE, OPTIONS
2025-12-08 07:51:29.987 10189-10237 okhttp.OkHttpClient     com.cdccreditsmart.app               I  access-control-allow-origin: *
2025-12-08 07:51:29.987 10189-10237 okhttp.OkHttpClient     com.cdccreditsmart.app               I  access-control-max-age: 86400
2025-12-08 07:51:29.987 10189-10237 okhttp.OkHttpClient     com.cdccreditsmart.app               I  content-length: 105
2025-12-08 07:51:29.987 10189-10237 okhttp.OkHttpClient     com.cdccreditsmart.app               I  content-security-policy: default-src 'self'; script-src 'self' 'unsafe-inline' 'unsafe-eval' https://replit.com; style-src 'self' 'unsafe-inline' https://replit.com; img-src 'self' data: https:; font-src 'self' data: https://replit.com; connect-src 'self';
2025-12-08 07:51:29.987 10189-10237 okhttp.OkHttpClient     com.cdccreditsmart.app               I  content-type: application/json; charset=utf-8
2025-12-08 07:51:29.987 10189-10237 okhttp.OkHttpClient     com.cdccreditsmart.app               I  date: Mon, 08 Dec 2025 10:51:30 GMT
2025-12-08 07:51:29.988 10189-10237 okhttp.OkHttpClient     com.cdccreditsmart.app               I  etag: W/"69-JnxUXIkeOJE9HbxGWOIXIkjIGm0"
2025-12-08 07:51:29.988 10189-10237 okhttp.OkHttpClient     com.cdccreditsmart.app               I  permissions-policy: geolocation=(), microphone=(), camera=()
2025-12-08 07:51:29.988 10189-10237 okhttp.OkHttpClient     com.cdccreditsmart.app               I  referrer-policy: strict-origin-when-cross-origin
2025-12-08 07:51:29.988 10189-10237 okhttp.OkHttpClient     com.cdccreditsmart.app               I  strict-transport-security: max-age=63072000; includeSubDomains
2025-12-08 07:51:29.988 10189-10237 okhttp.OkHttpClient     com.cdccreditsmart.app               I  strict-transport-security: max-age=31536000; includeSubDomains
2025-12-08 07:51:29.988 10189-10237 okhttp.OkHttpClient     com.cdccreditsmart.app               I  x-anti-fraud-protection: active
2025-12-08 07:51:29.988 10189-10237 okhttp.OkHttpClient     com.cdccreditsmart.app               I  x-certificate-pinning-enabled: false
2025-12-08 07:51:29.988 10189-10237 okhttp.OkHttpClient     com.cdccreditsmart.app               I  x-certificate-pinning-status: disabled-for-stability
2025-12-08 07:51:29.988 10189-10237 okhttp.OkHttpClient     com.cdccreditsmart.app               I  x-content-type-options: nosniff
2025-12-08 07:51:29.989 10189-10237 okhttp.OkHttpClient     com.cdccreditsmart.app               I  x-financial-data-protection: enabled
2025-12-08 07:51:29.989 10189-10237 okhttp.OkHttpClient     com.cdccreditsmart.app               I  x-frame-options: DENY
2025-12-08 07:51:29.989 10189-10237 okhttp.OkHttpClient     com.cdccreditsmart.app               I  x-transaction-security-level: maximum
2025-12-08 07:51:29.989 10189-10237 okhttp.OkHttpClient     com.cdccreditsmart.app               I  x-xss-protection: 1; mode=block
2025-12-08 07:51:29.989 10189-10237 okhttp.OkHttpClient     com.cdccreditsmart.app               I  via: 1.1 google
2025-12-08 07:51:29.989 10189-10237 okhttp.OkHttpClient     com.cdccreditsmart.app               I  alt-svc: h3=":443"; ma=2592000,h3-29=":443"; ma=2592000
2025-12-08 07:51:29.990 10189-10237 okhttp.OkHttpClient     com.cdccreditsmart.app               I  {"deviceId":"device_1765148771462_4teww42p114","serialNumber":"XV8W5766","commandsCount":0,"commands":[]}
2025-12-08 07:51:29.990 10189-10237 okhttp.OkHttpClient     com.cdccreditsmart.app               I  <-- END HTTP (105-byte body)
2025-12-08 07:51:29.991 10189-10220 MdmCommandReceiver      com.cdccreditsmart.app               I  🔍 HTTP Response code: 200
2025-12-08 07:51:29.992 10189-10220 MdmCommandReceiver      com.cdccreditsmart.app               I  🔍 HTTP isSuccessful: true
2025-12-08 07:51:29.992 10189-10220 MdmCommandReceiver      com.cdccreditsmart.app               I  🔍 Response body deviceId: device_1765148771462_4teww42p114
2025-12-08 07:51:29.992 10189-10220 MdmCommandReceiver      com.cdccreditsmart.app               I  🔍 Response body serialNumber: XV8W5766
2025-12-08 07:51:29.992 10189-10220 MdmCommandReceiver      com.cdccreditsmart.app               I  🔍 Total de comandos: 0
2025-12-08 07:51:29.992 10189-10220 MdmCommandReceiver      com.cdccreditsmart.app               D  ✅ Nenhum comando pendente no servidor
2025-12-08 07:51:29.992 10189-10220 MdmCommandReceiver      com.cdccreditsmart.app               D  📊 Fetch duration: 400ms
2025-12-08 07:51:31.185 10189-10220 MdmCommandReceiver      com.cdccreditsmart.app               I  🔄 Tentando reconectar WebSocket MDM (tentativa #1)...
2025-12-08 07:51:31.187 10189-10220 SecureTokenStorage      com.cdccreditsmart.app               D  ⚠️ Usando Serial Number para MDM (IMEI indisponível): XV8W57...
2025-12-08 07:51:31.188 10189-10220 MdmCommandReceiver      com.cdccreditsmart.app               I  🔗 ========================================
2025-12-08 07:51:31.188 10189-10220 MdmCommandReceiver      com.cdccreditsmart.app               I  🔗 INICIANDO CONEXÃO WEBSOCKET MDM
2025-12-08 07:51:31.188 10189-10220 MdmCommandReceiver      com.cdccreditsmart.app               I  🔗 ========================================
2025-12-08 07:51:31.188 10189-10220 MdmCommandReceiver      com.cdccreditsmart.app               I  🔗 URL base: wss://cdccreditsmart.com/ws/mdm-policies
2025-12-08 07:51:31.188 10189-10220 MdmCommandReceiver      com.cdccreditsmart.app               I  🔗 JWT Token presente: true
2025-12-08 07:51:31.188 10189-10220 MdmCommandReceiver      com.cdccreditsmart.app               I  🔗 JWT Token length: 260
2025-12-08 07:51:31.188 10189-10220 MdmCommandReceiver      com.cdccreditsmart.app               I  🔗 JWT Token preview: eyJhbGciOiJIUzI1NiIsInR5cCI6Ik...
2025-12-08 07:51:31.188 10189-10220 MdmCommandReceiver      com.cdccreditsmart.app               I  🔗 Device identifier: XV8W5766
2025-12-08 07:51:31.189 10189-10220 MdmCommandReceiver      com.cdccreditsmart.app               D  🔗 Criando WebSocket OkHttp...
2025-12-08 07:51:31.190 10189-10220 MdmCommandReceiver      com.cdccreditsmart.app               I  🔄 Iniciando polling IMEDIATAMENTE (não esperar WebSocket)
2025-12-08 07:51:31.190 10189-10220 MdmCommandReceiver      com.cdccreditsmart.app               D  ⏳ Polling já está ativo - ignorando chamada duplicada
2025-12-08 07:51:31.192 10189-10220 MdmCommandReceiver      com.cdccreditsmart.app               D  🔗 WebSocket request enviado - aguardando resposta...
2025-12-08 07:51:31.669 10189-10242 MdmCommandReceiver      com.cdccreditsmart.app               I  ✅ WebSocket MDM CONECTADO COM SUCESSO!
2025-12-08 07:51:31.669 10189-10242 MdmCommandReceiver      com.cdccreditsmart.app               D  ✅ Response code: 101
2025-12-08 07:51:31.669 10189-10242 MdmCommandReceiver      com.cdccreditsmart.app               I  ⏳ Aguardando 'auth_required' do servidor...
2025-12-08 07:51:31.669 10189-10220 MdmCommandReceiver      com.cdccreditsmart.app               D  ⏰ Watchdog cancelado (conexão resolvida)
2025-12-08 07:51:31.670 10189-10242 MdmCommandReceiver      com.cdccreditsmart.app               D  ⏳ Polling já está ativo - ignorando chamada duplicada
2025-12-08 07:51:31.670 10189-10241 MdmCommandReceiver      com.cdccreditsmart.app               I  💓 Iniciando ping manual JSON (intervalo: 25s)
2025-12-08 07:51:31.670 10189-10242 MdmCommandReceiver      com.cdccreditsmart.app               D  📥 Mensagem MDM recebida: {"type":"welcome","message":"Connected to unified WebSocket server","connectionId":"c496984a-d4bb-4d43-9810-c03d2ef3989b","path":"/ws/mdm-policies","routerKey":"mdm-policies","timestamp":"2025-12-08T10:51:31.920Z","serverTime":"2025-12-08T10:51:31.920Z"}
2025-12-08 07:51:31.670 10189-10242 MdmCommandReceiver      com.cdccreditsmart.app               D  📥 Mensagem MDM recebida: {"type":"auth_required","message":"Please authenticate via message with serialNumber, deviceFingerprint or androidId","timeout":60,"timestamp":"2025-12-08T10:51:31.920Z"}
2025-12-08 07:51:31.670 10189-10241 MdmCommandReceiver      com.cdccreditsmart.app               D  📥 JSON recebido: {"type":"welcome","message":"Connected to unified WebSocket server","connectionId":"c496984a-d4bb-4d43-9810-c03d2ef3989b","path":"/ws/mdm-policies","routerKey":"mdm-policies","timestamp":"2025-12-08T10:51:31.920Z","serverTime":"2025-12-08T10:51:31.920Z"}
2025-12-08 07:51:31.670 10189-10229 MdmCommandReceiver      com.cdccreditsmart.app               D  📥 JSON recebido: {"type":"auth_required","message":"Please authenticate via message with serialNumber, deviceFingerprint or androidId","timeout":60,"timestamp":"2025-12-08T10:51:31.920Z"}
2025-12-08 07:51:31.671 10189-10229 MdmCommandReceiver      com.cdccreditsmart.app               D  📨 Tipo de mensagem: auth_required
2025-12-08 07:51:31.671 10189-10229 MdmCommandReceiver      com.cdccreditsmart.app               W  ⚠️ ========================================
2025-12-08 07:51:31.671 10189-10229 MdmCommandReceiver      com.cdccreditsmart.app               W  ⚠️ AUTENTICAÇÃO REQUERIDA PELO SERVIDOR
2025-12-08 07:51:31.671 10189-10229 MdmCommandReceiver      com.cdccreditsmart.app               W  ⚠️ ========================================
2025-12-08 07:51:31.671 10189-10229 MdmCommandReceiver      com.cdccreditsmart.app               W  ⚠️ Reenviando mensagem de autenticação...
2025-12-08 07:51:31.671 10189-10241 MdmCommandReceiver      com.cdccreditsmart.app               D  📨 Tipo de mensagem: welcome
2025-12-08 07:51:31.671 10189-10241 MdmCommandReceiver      com.cdccreditsmart.app               D  👋 Mensagem de boas-vindas do servidor
2025-12-08 07:51:31.672 10189-10229 SecureTokenStorage      com.cdccreditsmart.app               D  ⚠️ Usando Serial Number para MDM (IMEI indisponível): XV8W57...
2025-12-08 07:51:31.673 10189-10229 MdmCommandReceiver      com.cdccreditsmart.app               I  🔐 ========================================
2025-12-08 07:51:31.673 10189-10229 MdmCommandReceiver      com.cdccreditsmart.app               I  🔐 ENVIANDO AUTENTICAÇÃO WEBSOCKET
2025-12-08 07:51:31.673 10189-10229 MdmCommandReceiver      com.cdccreditsmart.app               I  🔐 ========================================
2025-12-08 07:51:31.673 10189-10229 MdmCommandReceiver      com.cdccreditsmart.app               I  🔐 serialNumber: XV8W5766...
2025-12-08 07:51:31.673 10189-10229 MdmCommandReceiver      com.cdccreditsmart.app               I  🔐 deviceToken: eyJhbGciOiJIUzI1NiIs...
2025-12-08 07:51:31.674 10189-10229 MdmCommandReceiver      com.cdccreditsmart.app               I  🔐 deviceFingerprint: N/A...
2025-12-08 07:51:31.674 10189-10229 MdmCommandReceiver      com.cdccreditsmart.app               I  🔐 imei: N/A***
2025-12-08 07:51:31.674 10189-10229 MdmCommandReceiver      com.cdccreditsmart.app               I  🔐 androidId: 555298e3...
2025-12-08 07:51:31.674 10189-10229 MdmCommandReceiver      com.cdccreditsmart.app               I  🔐 apkVersion: 1.0.0-debug
2025-12-08 07:51:31.674 10189-10229 MdmCommandReceiver      com.cdccreditsmart.app               I  ✅ Mensagem de autenticação enviada com sucesso (7 campos)
2025-12-08 07:51:31.951 10189-10242 MdmCommandReceiver      com.cdccreditsmart.app               D  📥 Mensagem MDM recebida: {"type":"authenticated","deviceId":"device_1765148771462_4teww42p114","serialNumber":"XV8W5766","message":"Device authenticated successfully","timestamp":"2025-12-08T10:51:32.203Z"}
2025-12-08 07:51:31.952 10189-10229 MdmCommandReceiver      com.cdccreditsmart.app               D  📥 JSON recebido: {"type":"authenticated","deviceId":"device_1765148771462_4teww42p114","serialNumber":"XV8W5766","message":"Device authenticated successfully","timestamp":"2025-12-08T10:51:32.203Z"}
2025-12-08 07:51:31.952 10189-10229 MdmCommandReceiver      com.cdccreditsmart.app               D  📨 Tipo de mensagem: authenticated
2025-12-08 07:51:31.952 10189-10229 MdmCommandReceiver      com.cdccreditsmart.app               I  ✅ ========================================
2025-12-08 07:51:31.952 10189-10229 MdmCommandReceiver      com.cdccreditsmart.app               I  ✅ AUTENTICAÇÃO WEBSOCKET CONFIRMADA! (v2.5)
2025-12-08 07:51:31.952 10189-10229 MdmCommandReceiver      com.cdccreditsmart.app               I  ✅ ========================================
2025-12-08 07:51:31.952 10189-10229 MdmCommandReceiver      com.cdccreditsmart.app               I  ✅ Device ID: device_1765148771462_4teww42p114
2025-12-08 07:51:31.952 10189-10229 MdmCommandReceiver      com.cdccreditsmart.app               I  ✅ Serial Number: XV8W5766
2025-12-08 07:51:31.952 10189-10229 MdmCommandReceiver      com.cdccreditsmart.app               I  ✅ Mensagem: Device authenticated successfully
2025-12-08 07:51:31.953 10189-10229 MdmCommandReceiver      com.cdccreditsmart.app               I  ✅ Timestamp: 2025-12-08T10:51:32.203Z
2025-12-08 07:51:33.989 10189-10189 CdcForegroundService    com.cdccreditsmart.app               D  📱 Serviço onCreate()
2025-12-08 07:51:33.991 10189-10189 CdcForegroundService    com.cdccreditsmart.app               D  ✅ Canal de notificação criado
2025-12-08 07:51:34.002 10189-10189 CdcForegroundService    com.cdccreditsmart.app               I  ✅ ScreenStateReceiver registrado
2025-12-08 07:51:34.003 10189-10189 CdcForegroundService    com.cdccreditsmart.app               D  🚀 Serviço onStartCommand() - Action: com.cdccreditsmart.app.START_SERVICE
2025-12-08 07:51:34.020 10189-10189 CdcForegroundService    com.cdccreditsmart.app               I  ✅ Foreground Service ativo (Android 12+)
2025-12-08 07:51:34.021 10189-10229 CdcForegroundService    com.cdccreditsmart.app               I  🔧 ========================================
2025-12-08 07:51:34.021 10189-10229 CdcForegroundService    com.cdccreditsmart.app               I  🔧 INICIANDO initializeServices()...
2025-12-08 07:51:34.021 10189-10229 CdcForegroundService    com.cdccreditsmart.app               I  🔧 ========================================
2025-12-08 07:51:34.021 10189-10229 CdcForegroundService    com.cdccreditsmart.app               I  🔧 Inicializando serviços base (SettingsGuard, WorkPolicies)...
2025-12-08 07:51:34.021 10189-10229 CdcForegroundService    com.cdccreditsmart.app               I  🏢 ========================================
2025-12-08 07:51:34.021 10189-10229 CdcForegroundService    com.cdccreditsmart.app               I  🏢 APLICANDO POLÍTICAS DE AMBIENTE DE TRABALHO
2025-12-08 07:51:34.021 10189-10229 CdcForegroundService    com.cdccreditsmart.app               I  🏢 ========================================
2025-12-08 07:51:34.021 10189-10229 WorkPolicyManager       com.cdccreditsmart.app               I  
2025-12-08 07:51:34.021 10189-10229 WorkPolicyManager       com.cdccreditsmart.app               I  ╔════════════════════════════════════════════════════════════════╗
2025-12-08 07:51:34.022 10189-10229 WorkPolicyManager       com.cdccreditsmart.app               I  ║  🏢 APLICANDO POLÍTICAS DE AMBIENTE DE TRABALHO                ║
2025-12-08 07:51:34.022 10189-10229 WorkPolicyManager       com.cdccreditsmart.app               I  ║     CDC CREDIT SMART - PROTEÇÃO EMPRESARIAL                    ║
2025-12-08 07:51:34.022 10189-10229 WorkPolicyManager       com.cdccreditsmart.app               I  ╚════════════════════════════════════════════════════════════════╝
2025-12-08 07:51:34.022 10189-10229 WorkPolicyManager       com.cdccreditsmart.app               I  
2025-12-08 07:51:34.025 10189-10229 WorkPolicyManager       com.cdccreditsmart.app               I  📋 STATUS DO DISPOSITIVO:
2025-12-08 07:51:34.025 10189-10229 WorkPolicyManager       com.cdccreditsmart.app               I     Device Owner: ❌ NÃO
2025-12-08 07:51:34.025 10189-10229 WorkPolicyManager       com.cdccreditsmart.app               I     Device Admin: ❌ NÃO
2025-12-08 07:51:34.025 10189-10229 WorkPolicyManager       com.cdccreditsmart.app               I  
2025-12-08 07:51:34.025 10189-10229 WorkPolicyManager       com.cdccreditsmart.app               I  ═══════════════════════════════════════════════════════════════
2025-12-08 07:51:34.025 10189-10229 WorkPolicyManager       com.cdccreditsmart.app               I  ⚠️ MODO BÁSICO - PROTEÇÃO MÍNIMA
2025-12-08 07:51:34.025 10189-10229 WorkPolicyManager       com.cdccreditsmart.app               I  ═══════════════════════════════════════════════════════════════
2025-12-08 07:51:34.025 10189-10229 WorkPolicyManager       com.cdccreditsmart.app               I  
2025-12-08 07:51:34.026 10189-10229 WorkPolicyManager       com.cdccreditsmart.app               E  ❌ ATENÇÃO: App NÃO é Device Owner nem Device Admin!
2025-12-08 07:51:34.026 10189-10229 WorkPolicyManager       com.cdccreditsmart.app               E     • Proteções MDM não disponíveis
2025-12-08 07:51:34.026 10189-10229 WorkPolicyManager       com.cdccreditsmart.app               E     • Usuário pode desinstalar o app livremente
2025-12-08 07:51:34.026 10189-10229 WorkPolicyManager       com.cdccreditsmart.app               E     • Factory Reset não é bloqueável
2025-12-08 07:51:34.026 10189-10229 WorkPolicyManager       com.cdccreditsmart.app               E     • Aplicando proteções alternativas mínimas...
2025-12-08 07:51:34.026 10189-10229 WorkPolicyManager       com.cdccreditsmart.app               I  
2025-12-08 07:51:34.026 10189-10229 WorkPolicyManager       com.cdccreditsmart.app               I  🔄 [1/3] PERSISTÊNCIA DO APP
2025-12-08 07:51:34.026 10189-10229 WorkPolicyManager       com.cdccreditsmart.app               I  ───────────────────────────────────────────────────────────────
2025-12-08 07:51:34.026 10189-10229 WorkPolicyManager       com.cdccreditsmart.app               I     ✅ Já isento de otimização de bateria
2025-12-08 07:51:34.026 10189-10229 WorkPolicyManager       com.cdccreditsmart.app               I     ✅ Foreground Service configurado via CdcForegroundService
2025-12-08 07:51:34.026 10189-10229 WorkPolicyManager       com.cdccreditsmart.app               I  
2025-12-08 07:51:34.026 10189-10229 WorkPolicyManager       com.cdccreditsmart.app               I  📊 [2/3] MONITORAMENTO BÁSICO
2025-12-08 07:51:34.026 10189-10229 WorkPolicyManager       com.cdccreditsmart.app               I  ───────────────────────────────────────────────────────────────
2025-12-08 07:51:34.026 10189-10229 WorkPolicyManager       com.cdccreditsmart.app               I     ✅ WorkManager health check agendado
2025-12-08 07:51:34.027 10189-10229 WorkPolicyManager       com.cdccreditsmart.app               I  
2025-12-08 07:51:34.027 10189-10229 WorkPolicyManager       com.cdccreditsmart.app               I  🔔 [3/3] NOTIFICAÇÕES
2025-12-08 07:51:34.027 10189-10229 WorkPolicyManager       com.cdccreditsmart.app               I  ───────────────────────────────────────────────────────────────
2025-12-08 07:51:34.027 10189-10229 WorkPolicyManager       com.cdccreditsmart.app               I     ✅ Canal de notificação persistente criado
2025-12-08 07:51:34.027 10189-10229 WorkPolicyManager       com.cdccreditsmart.app               I  
2025-12-08 07:51:34.027 10189-10229 WorkPolicyManager       com.cdccreditsmart.app               I  ╔════════════════════════════════════════════════════════════════╗
2025-12-08 07:51:34.027 10189-10229 WorkPolicyManager       com.cdccreditsmart.app               I  ║  📊 RESUMO DAS POLÍTICAS DE TRABALHO                           ║
2025-12-08 07:51:34.027 10189-10229 WorkPolicyManager       com.cdccreditsmart.app               I  ╠════════════════════════════════════════════════════════════════╣
2025-12-08 07:51:34.027 10189-10229 WorkPolicyManager       com.cdccreditsmart.app               I  ║  ⚠️ Nível de proteção: BASIC
2025-12-08 07:51:34.027 10189-10229 WorkPolicyManager       com.cdccreditsmart.app               I  ║  📋 Políticas aplicadas: 4
2025-12-08 07:51:34.027 10189-10229 WorkPolicyManager       com.cdccreditsmart.app               I  ╠════════════════════════════════════════════════════════════════╣
2025-12-08 07:51:34.027 10189-10229 WorkPolicyManager       com.cdccreditsmart.app               I  ║  ✅ PROTEÇÕES ATIVAS:
2025-12-08 07:51:34.027 10189-10229 WorkPolicyManager       com.cdccreditsmart.app               I  ║     ✅ Isenção de otimização de bateria
2025-12-08 07:51:34.027 10189-10229 WorkPolicyManager       com.cdccreditsmart.app               I  ║     ✅ Foreground Service persistente
2025-12-08 07:51:34.027 10189-10229 WorkPolicyManager       com.cdccreditsmart.app               I  ║     ✅ Health check periódico agendado
2025-12-08 07:51:34.027 10189-10229 WorkPolicyManager       com.cdccreditsmart.app               I  ║     ✅ Canal de notificação persistente criado
2025-12-08 07:51:34.027 10189-10229 WorkPolicyManager       com.cdccreditsmart.app               I  ╠════════════════════════════════════════════════════════════════╣
2025-12-08 07:51:34.027 10189-10229 WorkPolicyManager       com.cdccreditsmart.app               I  ║  ⚠️ AVISOS:
2025-12-08 07:51:34.027 10189-10229 WorkPolicyManager       com.cdccreditsmart.app               W  ║     ❌ CRÍTICO: Desinstalação NÃO bloqueável
2025-12-08 07:51:34.027 10189-10229 WorkPolicyManager       com.cdccreditsmart.app               W  ║     ❌ CRÍTICO: Factory Reset NÃO bloqueável
2025-12-08 07:51:34.027 10189-10229 WorkPolicyManager       com.cdccreditsmart.app               W  ║     ❌ CRÍTICO: Force Stop NÃO bloqueável
2025-12-08 07:51:34.027 10189-10229 WorkPolicyManager       com.cdccreditsmart.app               W  ║     ❌ CRÍTICO: Clear Data NÃO bloqueável
2025-12-08 07:51:34.027 10189-10229 WorkPolicyManager       com.cdccreditsmart.app               W  ║     ⚠️ Recomendação: Configurar como Device Owner via QR Code ou ADB
2025-12-08 07:51:34.028 10189-10229 WorkPolicyManager       com.cdccreditsmart.app               I  ╚════════════════════════════════════════════════════════════════╝
2025-12-08 07:51:34.028 10189-10229 WorkPolicyManager       com.cdccreditsmart.app               I  
2025-12-08 07:51:34.028 10189-10229 CdcForegroundService    com.cdccreditsmart.app               I  🏢 Resultado: BASIC
2025-12-08 07:51:34.028 10189-10229 CdcForegroundService    com.cdccreditsmart.app               I  🏢 Políticas aplicadas: 4/5
2025-12-08 07:51:34.028 10189-10229 CdcForegroundService    com.cdccreditsmart.app               W  🏢 ❌ CRÍTICO: Desinstalação NÃO bloqueável
2025-12-08 07:51:34.028 10189-10229 CdcForegroundService    com.cdccreditsmart.app               W  🏢 ❌ CRÍTICO: Factory Reset NÃO bloqueável
2025-12-08 07:51:34.028 10189-10229 CdcForegroundService    com.cdccreditsmart.app               W  🏢 ❌ CRÍTICO: Force Stop NÃO bloqueável
2025-12-08 07:51:34.028 10189-10229 CdcForegroundService    com.cdccreditsmart.app               W  🏢 ❌ CRÍTICO: Clear Data NÃO bloqueável
2025-12-08 07:51:34.028 10189-10229 CdcForegroundService    com.cdccreditsmart.app               W  🏢 ⚠️ Recomendação: Configurar como Device Owner via QR Code ou ADB
2025-12-08 07:51:34.028 10189-10229 CdcForegroundService    com.cdccreditsmart.app               I  🏢 ========================================
2025-12-08 07:51:34.028 10189-10229 CdcForegroundService    com.cdccreditsmart.app               I  🛡️ ========================================
2025-12-08 07:51:34.028 10189-10229 CdcForegroundService    com.cdccreditsmart.app               I  🛡️ INICIANDO SETTINGS GUARD (PROTEÇÃO AGRESSIVA)
2025-12-08 07:51:34.028 10189-10229 CdcForegroundService    com.cdccreditsmart.app               I  🛡️ ========================================
2025-12-08 07:51:34.028 10189-10229 AutoPermissionManager   com.cdccreditsmart.app               W  ⚠️ Não é Device Owner - não pode conceder permissões especiais
2025-12-08 07:51:34.028 10189-10229 SettingsGuardService    com.cdccreditsmart.app               I  🛡️ SettingsGuard INICIADO
2025-12-08 07:51:34.029 10189-10229 SettingsGuardService    com.cdccreditsmart.app               I     Modo de proteção: BASIC
2025-12-08 07:51:34.029 10189-10229 SettingsGuardService    com.cdccreditsmart.app               I     ⚠️ Sem privilégios: Proteção AGRESSIVA ativada
2025-12-08 07:51:34.029 10189-10229 SettingsGuardService    com.cdccreditsmart.app               I     📡 Monitorando Settings a cada 600ms
2025-12-08 07:51:34.029 10189-10229 SettingsGuardService    com.cdccreditsmart.app               I  🔍 Iniciando monitoramento ativo de Settings...
2025-12-08 07:51:34.030 10189-10229 SettingsGuardService    com.cdccreditsmart.app               I  📢 Notificação de permissão USAGE_STATS cancelada
2025-12-08 07:51:34.031 10189-10229 CdcForegroundService    com.cdccreditsmart.app               I  🛡️ Guard ativo: true
2025-12-08 07:51:34.031 10189-10229 CdcForegroundService    com.cdccreditsmart.app               I  🛡️ Modo proteção: BASIC
2025-12-08 07:51:34.031 10189-10229 CdcForegroundService    com.cdccreditsmart.app               I  🛡️ Modo agressivo: false
2025-12-08 07:51:34.031 10189-10229 CdcForegroundService    com.cdccreditsmart.app               I  🛡️ UsageStats: ✅ ATIVO
2025-12-08 07:51:34.031 10189-10229 CdcForegroundService    com.cdccreditsmart.app               I  🛡️ Overlay: ✅ ATIVO
2025-12-08 07:51:34.031 10189-10229 CdcForegroundService    com.cdccreditsmart.app               I  🛡️ ========================================
2025-12-08 07:51:34.602 10189-10229 SecureTokenStorage      com.cdccreditsmart.app               D  EncryptedSharedPreferences initialized successfully
2025-12-08 07:51:34.603 10189-10229 ContractCodeStorage     com.cdccreditsmart.app               D  Retrieving contract code from storage
2025-12-08 07:51:34.692 10189-10229 ContractCodeStorage     com.cdccreditsmart.app               D  Storage verification: 7 valid, 0 tampered, 0 missing
2025-12-08 07:51:34.692 10189-10229 ContractCodeStorage     com.cdccreditsmart.app               D  Contract code retrieved successfully
2025-12-08 07:51:34.693 10189-10229 SecureTokenStorage      com.cdccreditsmart.app               D  ⚠️ Usando Serial Number para MDM (IMEI indisponível): XV8W57...
2025-12-08 07:51:34.693 10189-10229 CdcForegroundService    com.cdccreditsmart.app               I  🔐 AuthToken presente: true
2025-12-08 07:51:34.693 10189-10229 CdcForegroundService    com.cdccreditsmart.app               I  🔐 AuthToken length: 260
2025-12-08 07:51:34.693 10189-10229 CdcForegroundService    com.cdccreditsmart.app               I  🔐 ContractCode presente: true
2025-12-08 07:51:34.693 10189-10229 CdcForegroundService    com.cdccreditsmart.app               I  🔐 ContractCode value: XV8W****
2025-12-08 07:51:34.693 10189-10229 CdcForegroundService    com.cdccreditsmart.app               I  🔐 MDM SerialNumber presente: true
2025-12-08 07:51:34.693 10189-10229 CdcForegroundService    com.cdccreditsmart.app               I  🔐 MDM SerialNumber value: XV8W5766...
2025-12-08 07:51:34.693 10189-10229 CdcForegroundService    com.cdccreditsmart.app               I  🔧 ========================================
2025-12-08 07:51:34.693 10189-10229 CdcForegroundService    com.cdccreditsmart.app               I  🔧 INICIALIZANDO MDM COM SERIAL NUMBER: XV8W5766...
2025-12-08 07:51:34.693 10189-10229 CdcForegroundService    com.cdccreditsmart.app               I  🔧 ========================================
2025-12-08 07:51:34.694 10189-10229 CdcForegroundService    com.cdccreditsmart.app               I  🔐 Tokens encontrados - inicializando serviços MDM
2025-12-08 07:51:34.694 10189-10229 CdcForegroundService    com.cdccreditsmart.app               D  📡 Criando MdmCommandReceiver (usando serialNumber do SecureTokenStorage)...
2025-12-08 07:51:34.694 10189-10229 MdmCommandReceiver      com.cdccreditsmart.app               D  ✅ Foreground service reference set for WakeLock management
2025-12-08 07:51:34.694 10189-10229 CdcForegroundService    com.cdccreditsmart.app               D  🔋 Foreground service reference passada para MdmCommandReceiver
2025-12-08 07:51:34.694 10189-10229 CdcForegroundService    com.cdccreditsmart.app               I  💓 ========================================
2025-12-08 07:51:34.694 10189-10229 CdcForegroundService    com.cdccreditsmart.app               I  💓 INICIANDO HEARTBEAT MANAGER (60s)
2025-12-08 07:51:34.694 10189-10229 CdcForegroundService    com.cdccreditsmart.app               I  💓 ========================================
2025-12-08 07:51:34.694 10189-10229 HeartbeatManager        com.cdccreditsmart.app               I  💓 ========================================
2025-12-08 07:51:34.694 10189-10229 HeartbeatManager        com.cdccreditsmart.app               I  💓 INICIANDO HEARTBEAT MANAGER (60s)
2025-12-08 07:51:34.694 10189-10229 HeartbeatManager        com.cdccreditsmart.app               I  💓 ========================================
2025-12-08 07:51:34.694 10189-10229 HeartbeatManager        com.cdccreditsmart.app               I  💓 Intervalo: 60 segundos
2025-12-08 07:51:34.694 10189-10229 HeartbeatManager        com.cdccreditsmart.app               I  💓 Endpoint: POST /api/apk/device/heartbeat
2025-12-08 07:51:34.694 10189-10229 CdcForegroundService    com.cdccreditsmart.app               I  💓 HeartbeatManager iniciado ANTES do WebSocket
2025-12-08 07:51:34.694 10189-10229 CdcForegroundService    com.cdccreditsmart.app               I  📡 ========================================
2025-12-08 07:51:34.694 10189-10229 CdcForegroundService    com.cdccreditsmart.app               I  📡 CONECTANDO WebSocket MDM...
2025-12-08 07:51:34.694 10189-10229 CdcForegroundService    com.cdccreditsmart.app               I  📡 ========================================
2025-12-08 07:51:34.694 10189-10229 CdcForegroundService    com.cdccreditsmart.app               I  📡 AuthToken length: 260 caracteres
2025-12-08 07:51:34.694 10189-10229 CdcForegroundService    com.cdccreditsmart.app               I  📡 AuthToken preview: eyJhbGciOiJIUzI1NiIs...
2025-12-08 07:51:34.694 10189-10229 CdcForegroundService    com.cdccreditsmart.app               I  📡 Contract code: XV8W5766
2025-12-08 07:51:34.694 10189-10229 CdcForegroundService    com.cdccreditsmart.app               I  📡 Chamando mdmReceiver.connectMdmWebSocket()...
2025-12-08 07:51:34.695 10189-10241 HeartbeatManager        com.cdccreditsmart.app               I  💓 Enviando heartbeat IMEDIATO...
2025-12-08 07:51:34.723 10189-10241 SecureTokenStorage      com.cdccreditsmart.app               D  EncryptedSharedPreferences initialized successfully
2025-12-08 07:51:34.724 10189-10241 HeartbeatManager        com.cdccreditsmart.app               D  💓 Usando authToken (fallback)
2025-12-08 07:51:34.724 10189-10241 HeartbeatManager        com.cdccreditsmart.app               D  💓 Payload do heartbeat:
2025-12-08 07:51:34.724 10189-10241 HeartbeatManager        com.cdccreditsmart.app               D     deviceToken: eyJhbGciOiJIUzI1NiIs...
2025-12-08 07:51:34.724 10189-10241 HeartbeatManager        com.cdccreditsmart.app               D     currentBlockLevel: 0
2025-12-08 07:51:34.724 10189-10241 HeartbeatManager        com.cdccreditsmart.app               D     batteryLevel: 100
2025-12-08 07:51:34.724 10189-10241 HeartbeatManager        com.cdccreditsmart.app               D     isCharging: false
2025-12-08 07:51:34.724 10189-10241 HeartbeatManager        com.cdccreditsmart.app               D     currentSimImei: N/A...
2025-12-08 07:51:34.730 10189-10237 okhttp.OkHttpClient     com.cdccreditsmart.app               I  --> POST https://cdccreditsmart.com/api/apk/device/heartbeat
2025-12-08 07:51:34.731 10189-10237 okhttp.OkHttpClient     com.cdccreditsmart.app               I  Content-Type: application/json; charset=UTF-8
2025-12-08 07:51:34.731 10189-10237 okhttp.OkHttpClient     com.cdccreditsmart.app               I  Content-Length: 364
2025-12-08 07:51:34.731 10189-10237 okhttp.OkHttpClient     com.cdccreditsmart.app               I  Authorization: Bearer eyJhbGciOiJIUzI1NiIsInR5cCI6IkpXVCJ9.eyJkZXZpY2VJZCI6ImRldmljZV8xNzY1MTQ4NzcxNDYyXzR0ZXd3NDJwMTE0IiwiYXBrVG9rZW4iOiJYVjhXNTc2NiIsInR5cGUiOiJhcGsiLCJleHBpcmVzSW4iOiIyNGgiLCJpYXQiOjE3NjUxODg5ODMsImV4cCI6MTc2NTI3NTM4M30.muLfUOtUV3uQb4dj2-L5ojkEN6Jt4v2gQtGjUtDe1-Y
2025-12-08 07:51:34.733 10189-10237 okhttp.OkHttpClient     com.cdccreditsmart.app               I  {"deviceToken":"eyJhbGciOiJIUzI1NiIsInR5cCI6IkpXVCJ9.eyJkZXZpY2VJZCI6ImRldmljZV8xNzY1MTQ4NzcxNDYyXzR0ZXd3NDJwMTE0IiwiYXBrVG9rZW4iOiJYVjhXNTc2NiIsInR5cGUiOiJhcGsiLCJleHBpcmVzSW4iOiIyNGgiLCJpYXQiOjE3NjUxODg5ODMsImV4cCI6MTc2NTI3NTM4M30.muLfUOtUV3uQb4dj2-L5ojkEN6Jt4v2gQtGjUtDe1-Y","currentBlockLevel":0,"batteryLevel":100,"isCharging":false,"timestamp":1765191094724}
2025-12-08 07:51:34.733 10189-10237 okhttp.OkHttpClient     com.cdccreditsmart.app               I  --> END POST (364-byte body)
2025-12-08 07:51:34.739 10189-10229 SecureTokenStorage      com.cdccreditsmart.app               D  EncryptedSharedPreferences initialized successfully
2025-12-08 07:51:34.740 10189-10229 SecureTokenStorage      com.cdccreditsmart.app               D  ⚠️ Usando Serial Number para MDM (IMEI indisponível): XV8W57...
2025-12-08 07:51:34.740 10189-10229 MdmCommandReceiver      com.cdccreditsmart.app               I  🔗 ========================================
2025-12-08 07:51:34.740 10189-10229 MdmCommandReceiver      com.cdccreditsmart.app               I  🔗 INICIANDO CONEXÃO WEBSOCKET MDM
2025-12-08 07:51:34.740 10189-10229 MdmCommandReceiver      com.cdccreditsmart.app               I  🔗 ========================================
2025-12-08 07:51:34.740 10189-10229 MdmCommandReceiver      com.cdccreditsmart.app               I  🔗 URL base: wss://cdccreditsmart.com/ws/mdm-policies
2025-12-08 07:51:34.740 10189-10229 MdmCommandReceiver      com.cdccreditsmart.app               I  🔗 JWT Token presente: true
2025-12-08 07:51:34.740 10189-10229 MdmCommandReceiver      com.cdccreditsmart.app               I  🔗 JWT Token length: 260
2025-12-08 07:51:34.741 10189-10229 MdmCommandReceiver      com.cdccreditsmart.app               I  🔗 JWT Token preview: eyJhbGciOiJIUzI1NiIsInR5cCI6Ik...
2025-12-08 07:51:34.741 10189-10229 MdmCommandReceiver      com.cdccreditsmart.app               I  🔗 Device identifier: XV8W5766
2025-12-08 07:51:34.741 10189-10229 MdmCommandReceiver      com.cdccreditsmart.app               D  🔗 Criando WebSocket OkHttp...
2025-12-08 07:51:34.741 10189-10229 MdmCommandReceiver      com.cdccreditsmart.app               I  🔄 Iniciando polling IMEDIATAMENTE (não esperar WebSocket)
2025-12-08 07:51:34.742 10189-10241 MdmCommandReceiver      com.cdccreditsmart.app               I  🔄 ========================================
2025-12-08 07:51:34.742 10189-10241 MdmCommandReceiver      com.cdccreditsmart.app               I  🔄 INICIANDO POLLING FALLBACK MDM
2025-12-08 07:51:34.742 10189-10241 MdmCommandReceiver      com.cdccreditsmart.app               I  🔄 ========================================
2025-12-08 07:51:34.742 10189-10241 MdmCommandReceiver      com.cdccreditsmart.app               I  🔄 Intervalo: 30 segundos
2025-12-08 07:51:34.742 10189-10241 MdmCommandReceiver      com.cdccreditsmart.app               I  🔄 Endpoint: GET /api/apk/device/{identifier}/commands
2025-12-08 07:51:34.742 10189-10241 MdmCommandReceiver      com.cdccreditsmart.app               I  🔄 Executando verificação IMEDIATA de comandos...
2025-12-08 07:51:34.743 10189-10229 MdmCommandReceiver      com.cdccreditsmart.app               D  🔗 WebSocket request enviado - aguardando resposta...
2025-12-08 07:51:34.743 10189-10229 CdcForegroundService    com.cdccreditsmart.app               I  📡 ========================================
2025-12-08 07:51:34.743 10189-10229 CdcForegroundService    com.cdccreditsmart.app               I  📡 connectMdmWebSocket() CHAMADO - Aguardando conexão...
2025-12-08 07:51:34.743 10189-10229 CdcForegroundService    com.cdccreditsmart.app               I  📡 Próximo log esperado: '✅ WebSocket MDM CONECTADO'
2025-12-08 07:51:34.743 10189-10229 CdcForegroundService    com.cdccreditsmart.app               I  📡 ========================================
2025-12-08 07:51:34.743 10189-10229 CdcForegroundService    com.cdccreditsmart.app               D  📡 Criando WebSocketManager (flow-status)...
2025-12-08 07:51:34.743 10189-10229 WebSocketManager        com.cdccreditsmart.app               D  Connecting to WebSocket: wss://cdccreditsmart.com/ws/flow-status
2025-12-08 07:51:34.744 10189-10241 SecureTokenStorage      com.cdccreditsmart.app               D  ⚠️ Usando Serial Number para MDM (IMEI indisponível): XV8W57...
2025-12-08 07:51:34.744 10189-10241 MdmCommandReceiver      com.cdccreditsmart.app               I  🔍 ========================================
2025-12-08 07:51:34.744 10189-10241 MdmCommandReceiver      com.cdccreditsmart.app               I  🔍 BUSCANDO COMANDOS PENDENTES
2025-12-08 07:51:34.744 10189-10241 MdmCommandReceiver      com.cdccreditsmart.app               I  🔍 ========================================
2025-12-08 07:51:34.745 10189-10241 MdmCommandReceiver      com.cdccreditsmart.app               I  🔍 Identifier: XV8W5766
2025-12-08 07:51:34.745 10189-10241 MdmCommandReceiver      com.cdccreditsmart.app               I  🔍 Endpoint: GET /api/apk/device/XV8W5766/commands
2025-12-08 07:51:34.745 10189-10241 MdmCommandReceiver      com.cdccreditsmart.app               D  🔍 Executando requisição HTTP (timeout: 15s)...
2025-12-08 07:51:34.746 10189-10229 CdcForegroundService    com.cdccreditsmart.app               I  📡 WebSocketManager inicializado
2025-12-08 07:51:34.746 10189-10229 CdcForegroundService    com.cdccreditsmart.app               I  💡 Overlay automático: PeriodicOverlayWorker (a cada 10min)
2025-12-08 07:51:34.747 10189-10229 HeartbeatWorker         com.cdccreditsmart.app               I  ✅ Heartbeat OTIMIZADO agendado via WorkManager
2025-12-08 07:51:34.747 10189-10229 HeartbeatWorker         com.cdccreditsmart.app               I     📊 Intervalo: 60min (redução de 75% vs 15min)
2025-12-08 07:51:34.747 10189-10229 HeartbeatWorker         com.cdccreditsmart.app               I     🎯 Economia: ~72 requisições/dia por dispositivo
2025-12-08 07:51:34.747 10189-10229 IconProtectionWorker    com.cdccreditsmart.app               I  📌 IconProtectionWorker agendado (15 min)
2025-12-08 07:51:34.749 10189-10229 IconProtectionWorker    com.cdccreditsmart.app               I  📌 IconProtectionWorker executando agora
2025-12-08 07:51:34.749 10189-10229 CdcForegroundService    com.cdccreditsmart.app               I  📌 Worker de proteção do ícone agendado e executando
2025-12-08 07:51:34.749 10189-10229 BlockingNotifWorker     com.cdccreditsmart.app               I  📅 Agendando verificação de notificações de bloqueio...
2025-12-08 07:51:34.750 10189-10229 BlockingNotifWorker     com.cdccreditsmart.app               I  ✅ Worker agendado para executar a cada 6h
2025-12-08 07:51:34.750 10189-10229 CdcForegroundService    com.cdccreditsmart.app               I  📱 Worker de notificações de bloqueio agendado
2025-12-08 07:51:34.750 10189-10229 CdcForegroundService    com.cdccreditsmart.app               I  🔒 ========================================
