2025-11-17 22:41:44.232   721-767   LauncherAppsService     system_server                        D  onPackageRemoved: triggering onPackageRemoved for user=UserHandle{0}, packageName=com.payjoy.status
2025-11-17 22:41:44.232   721-767   LauncherAppsService     system_server                        D  onPackageRemoved: triggering onPackageRemoved for user=UserHandle{0}, packageName=com.payjoy.status
2025-11-17 22:41:44.234   721-767   CredentialManager       system_server                        I  CredentialManagerServiceImpl constructed for: com.google.android.gms/com.google.android.gms.auth.api.credentials.credman.service.PasswordAndPasskeyService
2025-11-17 22:41:44.234   721-767   CredentialManager       system_server                        I  newServiceInfoLocked, mInfo null, com.google.android.gms/com.google.android.gms.auth.api.credentials.credman.service.PasswordAndPasskeyService
2025-11-17 22:41:44.239  1557-1603  LauncherAp...llbackImpl com...le.android.apps.nexuslauncher  D  onPackageRemoved triggered for packageName=com.payjoy.status, user=UserHandle{0}
2025-11-17 22:41:44.241  1557-1603  PackageUpdatedTask      com...le.android.apps.nexuslauncher  D  Package updated: mOp=REMOVE packages=[com.payjoy.status], user=UserHandle{0}
2025-11-17 22:41:44.274 10708-10708 nativeloader            com.android.externalstorage          D  Configuring clns-shared-9 for other apk /system/priv-app/ExternalStorageProvider/ExternalStorageProvider.apk. target_sdk_version=36, uses_libraries=, library_path=/system/priv-app/ExternalStorageProvider/lib/x86_64:/system/lib64:/system_ext/lib64, permitted_path=/data:/mnt/expand:/data/user/0/com.android.externalstorage:/system/priv-app/ExternalStorageProvider:/system/lib64:/system_ext/lib64
2025-11-17 22:41:44.278 10708-10708 externalstorage         com.android.externalstorage          I  AssetManager2(0x70e5ece81a18) locale list changing from [] to [en-US]
2025-11-17 22:41:44.279  1855-3241  AiAiEcho                com.google.android.as                I  Settings changed for uri: content://settings/secure/credential_service
2025-11-17 22:41:44.280   721-749   ImeTracker              system_server                        I  system_server:1aa4194b: onRequestHide at ORIGIN_SERVER reason IME_REQUESTED_CHANGED_LISTENER fromUser false
2025-11-17 22:41:44.283   721-762   ImeTracker              system_server                        I  system_server:1aa4194b: onCancelled at PHASE_SERVER_SHOULD_HIDE
2025-11-17 22:41:44.288  1855-1991  AiAiEcho                com.google.android.as                I  Predicting[0]:  [CONTEXT sampling_count=5 ]
2025-11-17 22:41:44.288  1855-1991  AiAiEcho                com.google.android.as                I  EchoTargets: 
                                                                                                    Filtered by AiAi flag check: 
                                                                                                    [CONTEXT ratelimit_period="10 SECONDS" ]
2025-11-17 22:41:44.315  1557-1603  PackageUpdatedTask      com...le.android.apps.nexuslauncher  D  REMOVE: removing package=com.payjoy.status
2025-11-17 22:41:44.315  1557-1557  AllAppsStore            com...le.android.apps.nexuslauncher  D  setApps: apps.length=20
2025-11-17 22:41:44.315  1557-1557  AllAppsStore            com...le.android.apps.nexuslauncher  D  notifyUpdate: notifying listeners
2025-11-17 22:41:44.316  1557-1557  ActivityAl...tainerView com...le.android.apps.nexuslauncher  D  onAppsUpdated; number of apps: 20
2025-11-17 22:41:44.316  1557-1557  ActivityAl...tainerView com...le.android.apps.nexuslauncher  D  rebindAdapters: force: false
2025-11-17 22:41:44.315  1557-1603  PackageUpdatedTask      com...le.android.apps.nexuslauncher  D  OP_REMOVE: removing packages=[com.payjoy.status]
2025-11-17 22:41:44.316  1557-1557  ActivityAl...tainerView com...le.android.apps.nexuslauncher  D  rebindAdapters: Not needed.
2025-11-17 22:41:44.316  1557-1557  StatsLog                com...le.android.apps.nexuslauncher  D  LAUNCHER_ALLAPPS_COUNT
2025-11-17 22:41:44.315  1557-1603  ModelWriter             com...le.android.apps.nexuslauncher  D  removing items from db . Reason: [removed because the corresponding package or component is removed. mOp=3 removedPackages=[com.payjoy.status] removedComponents=[]]
2025-11-17 22:41:44.316  1557-1557  AlphabeticalAppsList    com...le.android.apps.nexuslauncher  D  Clearing FastScrollerSections.
2025-11-17 22:41:44.316  1557-1557  AlphabeticalAppsList    com...le.android.apps.nexuslauncher  D  Adding apps with sections. HasPrivateApps: false
2025-11-17 22:41:44.316  1557-1557  AlphabeticalAppsList    com...le.android.apps.nexuslauncher  D  addAppsWithSections: adding sectionName: C with appInfoTitle: Calendar
2025-11-17 22:41:44.316  1557-1557  AlphabeticalAppsList    com...le.android.apps.nexuslauncher  D  addAppsWithSections: adding sectionName: D with appInfoTitle: Drive
2025-11-17 22:41:44.316  1557-1557  AlphabeticalAppsList    com...le.android.apps.nexuslauncher  D  addAppsWithSections: adding sectionName: F with appInfoTitle: Files
2025-11-17 22:41:44.316  1557-1557  AlphabeticalAppsList    com...le.android.apps.nexuslauncher  D  addAppsWithSections: adding sectionName: G with appInfoTitle: Gmail
2025-11-17 22:41:44.316  1557-1557  AlphabeticalAppsList    com...le.android.apps.nexuslauncher  D  addAppsWithSections: adding sectionName: M with appInfoTitle: Maps
2025-11-17 22:41:44.316  1557-1557  AlphabeticalAppsList    com...le.android.apps.nexuslauncher  D  addAppsWithSections: adding sectionName: P with appInfoTitle: Phone
2025-11-17 22:41:44.316  1557-1557  AlphabeticalAppsList    com...le.android.apps.nexuslauncher  D  addAppsWithSections: adding sectionName: S with appInfoTitle: Safety
2025-11-17 22:41:44.316  1557-1557  AlphabeticalAppsList    com...le.android.apps.nexuslauncher  D  addAppsWithSections: adding sectionName: T with appInfoTitle: TMoble
2025-11-17 22:41:44.316  1557-1557  AlphabeticalAppsList    com...le.android.apps.nexuslauncher  D  addAppsWithSections: adding sectionName: Y with appInfoTitle: YouTube
2025-11-17 22:41:44.316  1557-1557  AlphabeticalAppsList    com...le.android.apps.nexuslauncher  D  Adding FastScrollSection duplicate to scroll to the bottom.
2025-11-17 22:41:44.316 10708-10708 GraphicsEnvironment     com.android.externalstorage          V  Currently set values for:
2025-11-17 22:41:44.316 10708-10708 GraphicsEnvironment     com.android.externalstorage          V    angle_gl_driver_selection_pkgs=[]
2025-11-17 22:41:44.316 10708-10708 GraphicsEnvironment     com.android.externalstorage          V    angle_gl_driver_selection_values=[]
2025-11-17 22:41:44.316 10708-10708 GraphicsEnvironment     com.android.externalstorage          V  com.android.externalstorage is not listed in per-application setting
2025-11-17 22:41:44.316 10708-10708 GraphicsEnvironment     com.android.externalstorage          V  ANGLE allowlist from config: com.dreamgames.royalmatch com.dts.freefiremax com.dxx.firenow com.gramgames.mergedragons com.ludo.king com.mojang.minecraftpe com.my.defense com.nintendo.zaka com.os.airforce com.playrix.fishdomdd.gplay io.teslatech.callbreak jp.konami.prospia net.peakgames.toonblast
2025-11-17 22:41:44.316 10708-10708 GraphicsEnvironment     com.android.externalstorage          V  com.android.externalstorage is not listed in ANGLE allowlist or settings, returning default
2025-11-17 22:41:44.316 10708-10708 GraphicsEnvironment     com.android.externalstorage          V  Neither updatable production driver nor prerelease driver is supported.
2025-11-17 22:41:44.316  1557-1557  AlphabeticalAppsList    com...le.android.apps.nexuslauncher  D  Clearing FastScrollerSections.
2025-11-17 22:41:44.316  1557-1557  AlphabeticalAppsList    com...le.android.apps.nexuslauncher  D  Adding apps with sections. HasPrivateApps: false
2025-11-17 22:41:44.316  1557-1557  AlphabeticalAppsList    com...le.android.apps.nexuslauncher  D  addAppsWithSections: adding sectionName: C with appInfoTitle: Calendar
2025-11-17 22:41:44.316  1557-1557  AlphabeticalAppsList    com...le.android.apps.nexuslauncher  D  addAppsWithSections: adding sectionName: D with appInfoTitle: Drive
2025-11-17 22:41:44.316  1557-1557  AlphabeticalAppsList    com...le.android.apps.nexuslauncher  D  addAppsWithSections: adding sectionName: F with appInfoTitle: Files
2025-11-17 22:41:44.316  1557-1557  AlphabeticalAppsList    com...le.android.apps.nexuslauncher  D  addAppsWithSections: adding sectionName: G with appInfoTitle: Gmail
2025-11-17 22:41:44.316  1557-1557  AlphabeticalAppsList    com...le.android.apps.nexuslauncher  D  addAppsWithSections: adding sectionName: M with appInfoTitle: Maps
2025-11-17 22:41:44.316  1557-1557  AlphabeticalAppsList    com...le.android.apps.nexuslauncher  D  addAppsWithSections: adding sectionName: P with appInfoTitle: Phone
2025-11-17 22:41:44.316  1557-1557  AlphabeticalAppsList    com...le.android.apps.nexuslauncher  D  addAppsWithSections: adding sectionName: S with appInfoTitle: Safety
2025-11-17 22:41:44.316  1557-1557  AlphabeticalAppsList    com...le.android.apps.nexuslauncher  D  addAppsWithSections: adding sectionName: T with appInfoTitle: TMoble
2025-11-17 22:41:44.316  1557-1557  AlphabeticalAppsList    com...le.android.apps.nexuslauncher  D  addAppsWithSections: adding sectionName: Y with appInfoTitle: YouTube
2025-11-17 22:41:44.316  1557-1557  AlphabeticalAppsList    com...le.android.apps.nexuslauncher  D  Adding FastScrollSection duplicate to scroll to the bottom.
2025-11-17 22:41:44.336  1557-1557  b/387844520             com...le.android.apps.nexuslauncher  D  getOutlineOffsetX: measured width = 198, mNormalizedIconSize = 182, last updated width = 198
2025-11-17 22:41:44.339  1557-1557  b/387844520             com...le.android.apps.nexuslauncher  D  getOutlineOffsetX: measured width = 0, mNormalizedIconSize = 182, last updated width = 0
2025-11-17 22:41:44.339  1557-1557  Launcher.Workspace      com...le.android.apps.nexuslauncher  D  addInScreenFromBind: hotseat inflation with x = 3 and y = 0
2025-11-17 22:41:44.339  1557-1557  CellLayout              com...le.android.apps.nexuslauncher  D  Adding view to ShortcutsAndWidgetsContainer: com.android.launcher3.uioverrides.PredictedAppIcon{70a092c VFED..C.. ......ID 0,0-0,0}
2025-11-17 22:41:44.341  1557-1557  BaseAllAppsAdapter      com...le.android.apps.nexuslauncher  D  onBindViewHolder: isPrivateSpaceItem: false isStateTransitioning: false isScrolling: false readyToAnimate: false currentState: 0 currentAlpha: 1.0
2025-11-17 22:41:44.341  1557-1557  BaseAllAppsAdapter      com...le.android.apps.nexuslauncher  D  onBindViewHolder: isPrivateSpaceItem: false isStateTransitioning: false isScrolling: false readyToAnimate: false currentState: 0 currentAlpha: 1.0
2025-11-17 22:41:44.341  1557-1557  BaseAllAppsAdapter      com...le.android.apps.nexuslauncher  D  onBindViewHolder: isPrivateSpaceItem: false isStateTransitioning: false isScrolling: false readyToAnimate: false currentState: 0 currentAlpha: 1.0
2025-11-17 22:41:44.341  1557-1557  BaseAllAppsAdapter      com...le.android.apps.nexuslauncher  D  onBindViewHolder: isPrivateSpaceItem: false isStateTransitioning: false isScrolling: false readyToAnimate: false currentState: 0 currentAlpha: 1.0
2025-11-17 22:41:44.341  1557-1557  BaseAllAppsAdapter      com...le.android.apps.nexuslauncher  D  onBindViewHolder: isPrivateSpaceItem: false isStateTransitioning: false isScrolling: false readyToAnimate: false currentState: 0 currentAlpha: 1.0
2025-11-17 22:41:44.341  1557-1557  BaseAllAppsAdapter      com...le.android.apps.nexuslauncher  D  onBindViewHolder: isPrivateSpaceItem: false isStateTransitioning: false isScrolling: false readyToAnimate: false currentState: 0 currentAlpha: 1.0
2025-11-17 22:41:44.342  1557-1557  BaseAllAppsAdapter      com...le.android.apps.nexuslauncher  D  onBindViewHolder: isPrivateSpaceItem: false isStateTransitioning: false isScrolling: false readyToAnimate: false currentState: 0 currentAlpha: 1.0
2025-11-17 22:41:44.342  1557-1557  BaseAllAppsAdapter      com...le.android.apps.nexuslauncher  D  onBindViewHolder: isPrivateSpaceItem: false isStateTransitioning: false isScrolling: false readyToAnimate: false currentState: 0 currentAlpha: 1.0
2025-11-17 22:41:44.342  1557-1557  BaseAllAppsAdapter      com...le.android.apps.nexuslauncher  D  onBindViewHolder: isPrivateSpaceItem: false isStateTransitioning: false isScrolling: false readyToAnimate: false currentState: 0 currentAlpha: 1.0
2025-11-17 22:41:44.342  1557-1557  BaseAllAppsAdapter      com...le.android.apps.nexuslauncher  D  onBindViewHolder: isPrivateSpaceItem: false isStateTransitioning: false isScrolling: false readyToAnimate: false currentState: 0 currentAlpha: 1.0
2025-11-17 22:41:44.342  1557-1557  BaseAllAppsAdapter      com...le.android.apps.nexuslauncher  D  onBindViewHolder: isPrivateSpaceItem: false isStateTransitioning: false isScrolling: false readyToAnimate: false currentState: 0 currentAlpha: 1.0
2025-11-17 22:41:44.342  1557-1557  BaseAllAppsAdapter      com...le.android.apps.nexuslauncher  D  onBindViewHolder: isPrivateSpaceItem: false isStateTransitioning: false isScrolling: false readyToAnimate: false currentState: 0 currentAlpha: 1.0
2025-11-17 22:41:44.342  1557-1557  BaseAllAppsAdapter      com...le.android.apps.nexuslauncher  D  onBindViewHolder: isPrivateSpaceItem: false isStateTransitioning: false isScrolling: false readyToAnimate: false currentState: 0 currentAlpha: 1.0
2025-11-17 22:41:44.342  1557-1557  BaseAllAppsAdapter      com...le.android.apps.nexuslauncher  D  onBindViewHolder: isPrivateSpaceItem: false isStateTransitioning: false isScrolling: false readyToAnimate: false currentState: 0 currentAlpha: 1.0
2025-11-17 22:41:44.342  1557-1557  BaseAllAppsAdapter      com...le.android.apps.nexuslauncher  D  onBindViewHolder: isPrivateSpaceItem: false isStateTransitioning: false isScrolling: false readyToAnimate: false currentState: 0 currentAlpha: 1.0
2025-11-17 22:41:44.342  1557-1557  BaseAllAppsAdapter      com...le.android.apps.nexuslauncher  D  onBindViewHolder: isPrivateSpaceItem: false isStateTransitioning: false isScrolling: false readyToAnimate: false currentState: 0 currentAlpha: 1.0
2025-11-17 22:41:44.342  1557-1557  BaseAllAppsAdapter      com...le.android.apps.nexuslauncher  D  onBindViewHolder: isPrivateSpaceItem: false isStateTransitioning: false isScrolling: false readyToAnimate: false currentState: 0 currentAlpha: 1.0
2025-11-17 22:41:44.342  1557-1557  BaseAllAppsAdapter      com...le.android.apps.nexuslauncher  D  onBindViewHolder: isPrivateSpaceItem: false isStateTransitioning: false isScrolling: false readyToAnimate: false currentState: 0 currentAlpha: 1.0
2025-11-17 22:41:44.342  1557-1557  BaseAllAppsAdapter      com...le.android.apps.nexuslauncher  D  onBindViewHolder: isPrivateSpaceItem: false isStateTransitioning: false isScrolling: false readyToAnimate: false currentState: 0 currentAlpha: 1.0
2025-11-17 22:41:44.343  1557-1557  BaseAllAppsAdapter      com...le.android.apps.nexuslauncher  D  onBindViewHolder: isPrivateSpaceItem: false isStateTransitioning: false isScrolling: false readyToAnimate: false currentState: 0 currentAlpha: 1.0
2025-11-17 22:41:44.345  1557-1557  b/387844520             com...le.android.apps.nexuslauncher  D  calling updateRingPath from onSizeChanged
2025-11-17 22:41:44.345  1557-1557  b/387844520             com...le.android.apps.nexuslauncher  D  getOutlineOffsetX: measured width = 198, mNormalizedIconSize = 182, last updated width = 198
2025-11-17 22:41:44.350  1557-1557  b/387844520             com...le.android.apps.nexuslauncher  D  getOutlineOffsetX: measured width = 198, mNormalizedIconSize = 182, last updated width = 198
2025-11-17 22:41:44.289  1855-1991  AiAiEcho                com.google.android.as                I  #remoteViewsTwiddler: feature disabled.
2025-11-17 22:41:44.356  1855-1991  AiAiEcho                com.google.android.as                I  Predicting[0]:  [CONTEXT sampling_count=5 ]
2025-11-17 22:41:44.356  1855-1991  AiAiEcho                com.google.android.as                I  EchoTargets: 
                                                                                                    Filtered by AiAi flag check: 
                                                                                                    [CONTEXT ratelimit_period="10 SECONDS" ]
2025-11-17 22:41:44.356  1855-1991  AiAiEcho                com.google.android.as                I  #remoteViewsTwiddler: feature disabled.
2025-11-17 22:41:44.356  1855-1991  AiAiEcho                com.google.android.as                I  Predicting[0]:  [CONTEXT sampling_count=5 ]
2025-11-17 22:41:44.357  1855-1991  AiAiEcho                com.google.android.as                I  EchoTargets: 
                                                                                                    Filtered by AiAi flag check: 
                                                                                                    [CONTEXT ratelimit_period="10 SECONDS" ]
2025-11-17 22:41:44.357  1855-1991  AiAiEcho                com.google.android.as                I  #remoteViewsTwiddler: feature disabled.
2025-11-17 22:41:44.417 10708-10708 ashmem                  com.android.externalstorage          E  Pinning is deprecated since Android Q. Please use trim or other methods.
2025-11-17 22:41:44.418  5683-10721 Finsky:background       com.android.vending:background       I  [158] Frosting DB delete succeeded: true
2025-11-17 22:41:44.440   721-721   Looper                  system_server                        W  Slow delivery took 366ms main app=system_server main=true group=FOREGROUND h=android.app.ActivityThread$H c=android.app.LoadedApk$ReceiverDispatcher$Args$$ExternalSyntheticLambda0@c1b5b26 m=0
2025-11-17 22:41:44.459   721-932   RoleService             system_server                        I  Granting default roles...
2025-11-17 22:41:44.475  1855-1991  AiAiEcho                com.google.android.as                I  Predicting[0]:  [CONTEXT sampling_count=5 ]
2025-11-17 22:41:44.475  1855-1991  AiAiEcho                com.google.android.as                I  EchoTargets: 
                                                                                                    Filtered by AiAi flag check: 
                                                                                                    [CONTEXT ratelimit_period="10 SECONDS" ]
2025-11-17 22:41:44.475  1855-1991  AiAiEcho                com.google.android.as                I  #remoteViewsTwiddler: feature disabled.
2025-11-17 22:41:44.475  1855-1991  AiAiEcho                com.google.android.as                I  Predicting[0]:  [CONTEXT sampling_count=5 ]
2025-11-17 22:41:44.475  1855-1991  AiAiEcho                com.google.android.as                I  EchoTargets: 
                                                                                                    Filtered by AiAi flag check: 
                                                                                                    [CONTEXT ratelimit_period="10 SECONDS" ]
2025-11-17 22:41:44.475  1855-1991  AiAiEcho                com.google.android.as                I  #remoteViewsTwiddler: feature disabled.
2025-11-17 22:41:44.479  1855-1855  AiAiEcho                com.google.android.as                I  AppFetcherImplV2 onPackageRemoved com.payjoy.status.
2025-11-17 22:41:44.486  1258-1331  WindowManagerShell      com.android.systemui                 V  Transition animation finished (aborted=false), notifying core (#82) android.os.BinderProxy@977aaa6@0
2025-11-17 22:41:44.510  5683-5683  Finsky:background       com.android.vending:background       I  [2] IQ: onPackageRemoved com.payjoy.status, replacing=false, uninstallingFromPlay=false
2025-11-17 22:41:44.520   721-759   WindowManager           system_server                        V  Finish Transition (#82): created at 11-18 01:41:43.857 collect-started=0.405ms request-sent=0.472ms started=13.601ms ready=49.688ms sent=247.814ms commit=58.699ms finished=660.764ms
2025-11-17 22:41:44.520   721-721   Telecom                 system_server                        I  CarModeTracker: Package com.payjoy.status is not tracked.: SSH.oR@AYU
2025-11-17 22:41:44.523  1502-1502  VRI[SpaActivity]        com.android.settings                 D  visibilityChanged oldVisibility=true newVisibility=false
2025-11-17 22:41:44.537  1258-1331  WindowManagerShell      com.android.systemui                 V  Track 0 became idle
2025-11-17 22:41:44.537  1258-1331  WindowManagerShell      com.android.systemui                 V  All active transition animations finished
2025-11-17 22:41:44.544   721-762   IPCThreadState          system_server                        W  Sending oneway calls to frozen process.
2025-11-17 22:41:44.563  5683-5683  Finsky:background       com.android.vending:background       I  [2] Package no longer installed: com.payjoy.status
2025-11-17 22:41:44.566   721-721   Telecom                 system_server                        I  InCallController: updateCarModeForConnections: car mode apps: : SSH.oR@AYU
2025-11-17 22:41:44.570 10708-10708 ExternalStorage         com.android.externalstorage          D  After updating volumes, found 2 active roots
2025-11-17 22:41:44.581  1855-1991  AiAiEcho                com.google.android.as                I  #postPredictionTargets: Sending updates to UISurface home with targets# 0 (types=[])
2025-11-17 22:41:44.595  5683-10721 Finsky:background       com.android.vending:background       I  [158] Frosting DB delete succeeded: false
2025-11-17 22:41:44.597  1855-1991  AiAiEcho                com.google.android.as                I  #postPredictionTargets: Sending updates to UISurface lockscreen with targets# 0 (types=[])
2025-11-17 22:41:44.597   721-721   Telecom                 system_server                        I  InCallController: update carmode current:UserHandle{0} parent:null: SSH.oR@AYU
2025-11-17 22:41:44.597  1855-1991  AiAiEcho                com.google.android.as                I  #postPredictionTargets: Sending updates to UISurface home with targets# 0 (types=[])
2025-11-17 22:41:44.597  1557-1557  SsBaseTemplateCard      com...le.android.apps.nexuslauncher  D  No text view can be set up
2025-11-17 22:41:44.597  1557-1557  SsBaseTemplateCard      com...le.android.apps.nexuslauncher  D  Passed-in item info is null
2025-11-17 22:41:44.597  1557-1557  SsBaseTemplateCard      com...le.android.apps.nexuslauncher  D  Passed-in item info is null
2025-11-17 22:41:44.597  1557-1557  SsBaseTemplateCard      com...le.android.apps.nexuslauncher  D  Passed-in item info is null
2025-11-17 22:41:44.597  1557-1557  SsBaseTemplateCard      com...le.android.apps.nexuslauncher  I  Secondary card pane is null
2025-11-17 22:41:44.598  1557-1557  SsBaseTemplateCard      com...le.android.apps.nexuslauncher  D  No text view can be set up
2025-11-17 22:41:44.598  1557-1557  SsBaseTemplateCard      com...le.android.apps.nexuslauncher  D  Passed-in item info is null
2025-11-17 22:41:44.598  1557-1557  SsBaseTemplateCard      com...le.android.apps.nexuslauncher  D  Passed-in item info is null
2025-11-17 22:41:44.598  1557-1557  SsBaseTemplateCard      com...le.android.apps.nexuslauncher  D  Passed-in item info is null
2025-11-17 22:41:44.598  1557-1557  SsBaseTemplateCard      com...le.android.apps.nexuslauncher  I  Secondary card pane is null
2025-11-17 22:41:44.604  5683-10738 Finsky:background       com.android.vending:background       I  [160] IQ: handled package removed
2025-11-17 22:41:44.615   721-721   Looper                  system_server                        W  Slow dispatch took 148ms main app=system_server main=true group=FOREGROUND h=android.app.ActivityThread$H c=android.app.LoadedApk$ReceiverDispatcher$Args$$ExternalSyntheticLambda0@95fccc8 m=0
2025-11-17 22:41:44.621  1855-1991  AiAiEcho                com.google.android.as                I  #postPredictionTargets: Sending updates to UISurface home with targets# 0 (types=[])
2025-11-17 22:41:44.621  1855-1991  AiAiEcho                com.google.android.as                I  #postPredictionTargets: Sending updates to UISurface lockscreen with targets# 0 (types=[])
2025-11-17 22:41:44.627  1502-1502  SpaLogMetricsProvider   com.android.settings                 D  PAGE_LEAVE page 0
2025-11-17 22:41:44.633  1557-1557  SsBaseTemplateCard      com...le.android.apps.nexuslauncher  D  No text view can be set up
2025-11-17 22:41:44.633  1557-1557  SsBaseTemplateCard      com...le.android.apps.nexuslauncher  D  Passed-in item info is null
2025-11-17 22:41:44.633  1557-1557  SsBaseTemplateCard      com...le.android.apps.nexuslauncher  D  Passed-in item info is null
2025-11-17 22:41:44.633  1557-1557  SsBaseTemplateCard      com...le.android.apps.nexuslauncher  D  Passed-in item info is null
2025-11-17 22:41:44.633  1557-1557  SsBaseTemplateCard      com...le.android.apps.nexuslauncher  I  Secondary card pane is null
2025-11-17 22:41:44.695   721-2304  CompatChangeReporter    system_server                        D  Compat change id reported: 261072174; UID 10150; state: ENABLED
2025-11-17 22:41:44.697  1502-1502  WindowOnBackDispatcher  com.android.settings                 W  sendCancelIfRunning: isInProgress=false callback=android.app.Activity$$ExternalSyntheticLambda0@e029dd7
2025-11-17 22:41:44.702   721-750   CoreBackPreview         system_server                        D  Window{79905b1 u0 com.android.settings/com.android.settings.spa.SpaActivity}: Setting back callback null
2025-11-17 22:41:44.704  1502-1502  ViewRootImpl            com.android.settings                 D  Skipping stats log for color mode
2025-11-17 22:41:44.730  1855-2188  ogle.android.as         com.google.android.as                I  AssetManager2(0x70e5ecec2158) locale list changing from [] to [en-US]
2025-11-17 22:41:44.813   721-2310  ParceledListSlice       system_server                        W  Element #26 is 19572 bytes.
2025-11-17 22:41:44.813   721-2310  ParceledListSlice       system_server                        W  Element #27 is 19608 bytes.
2025-11-17 22:41:44.825  5683-5683  Finsky:background       com.android.vending:background       I  [2] agod - Received: android.intent.action.PACKAGE_FULLY_REMOVED, [SdYZjM52e638qd9Dy-jcxmFkjSpr_BGFKQ7x6hYiqfc]
2025-11-17 22:41:44.826   721-2310  ParceledListSlice       system_server                        W  Element #28 is 19448 bytes.
2025-11-17 22:41:44.826   721-2310  ParceledListSlice       system_server                        W  Element #29 is 19536 bytes.
2025-11-17 22:41:44.826   721-2310  ParceledListSlice       system_server                        W  Element #30 is 19472 bytes.
2025-11-17 22:41:44.840   721-1377  SignedPackage           system_server                        W  Package doesn't have required signing certificate: com.google.android.retaildemo
2025-11-17 22:41:44.840   721-1377  RoleContro...erviceImpl system_server                        E  Default/fallback role holder package doesn't qualify for the role, package: com.google.android.gms.supervision, role: android.app.role.SYSTEM_SUPERVISION
2025-11-17 22:41:44.841   721-1377  SignedPackage           system_server                        W  Package doesn't have required signing certificate: com.google.android.apps.work.clouddpc
2025-11-17 22:41:44.846   721-1213  Background...rolService system_server                        D  Package event received: 0
2025-11-17 22:41:44.847   721-1213  Background...rolService system_server                        D  Package event received: 0
2025-11-17 22:41:44.877  1557-1557  b/387844520             com...le.android.apps.nexuslauncher  D  getOutlineOffsetX: measured width = 198, mNormalizedIconSize = 182, last updated width = 198
2025-11-17 22:41:44.893  1258-1258  PageIndicator           com.android.systemui                 W  Total number of pages invalid: 0. Assuming 1 page.
2025-11-17 22:41:44.893  1258-1258  PageIndicator           com.android.systemui                 W  Total number of pages invalid: 0. Assuming 1 page.
2025-11-17 22:41:44.896  5683-5683  Finsky:background       com.android.vending:background       I  [2] Package no longer installed: com.payjoy.status
2025-11-17 22:41:44.896  5683-5683  Finsky:background       com.android.vending:background       I  [2] agod - Deduping intent android.intent.action.PACKAGE_FULLY_REMOVED
2025-11-17 22:41:44.900  1855-2188  ogle.android.as         com.google.android.as                I  AssetManager2(0x70e5ecef0918) locale list changing from [] to [en-US]
2025-11-17 22:41:44.911   721-1213  Background...rolService system_server                        D  Package event received: 0
2025-11-17 22:41:44.912  1557-1557  RecentsView             com...le.android.apps.nexuslauncher  D  onTaskRemoved: 12, not handling task stack changes
2025-11-17 22:41:44.912  1557-1557  RecentsView             com...le.android.apps.nexuslauncher  D  onTaskRemoved: 12, not handling task stack changes
2025-11-17 22:41:44.941  5683-5783  Finsky:background       com.android.vending:background       I  [61] RECEIVER_PACKAGE_MONITOR_BACKGROUND#logWorkEndAndFinishGoAsync: SUCCESS
2025-11-17 22:41:44.947  5683-10721 Finsky:background       com.android.vending:background       I  [158] Frosting DB delete succeeded: false
2025-11-17 22:41:45.025   721-1377  Role                    system_server                        I  com.google.android.gms not qualified for android.app.role.SYSTEM_DEPENDENCY_INSTALLER due to missing RequiredComponent{mIntentFilterData=IntentFilterData{mAction='android.content.pm.action.INSTALL_DEPENDENCY', mCategories='[]', mDataScheme='null', mDataType='null'}, mMinTargetSdkVersion=1, mFlags='0', mPermission='android.permission.BIND_DEPENDENCY_INSTALLER', mQueryFlags=0, mMetaData=[]}
2025-11-17 22:41:45.025   721-1377  RoleContro...erviceImpl system_server                        E  Default/fallback role holder package doesn't qualify for the role, package: com.google.android.gms, role: android.app.role.SYSTEM_DEPENDENCY_INSTALLER
2025-11-17 22:41:45.064  1855-1991  AiAiEcho                com.google.android.as                I  [pnb-agg] Reload pnb aggregation on events deleted
2025-11-17 22:41:45.064  1855-1991  AiAiEcho                com.google.android.as                I  [pnb-agg] pnb aggregation disabled.
2025-11-17 22:41:45.068   235-235   lowmemorykiller         lmkd                                 I  Kill 'com.google.android.federatedcompute' (3966), uid 10203, oom_score_adj 985 to free 69596kB rss, 30848kB swap; reason: device is not responding
2025-11-17 22:41:45.176  6482-10741 Finsky                  com.android.vending                  I  [226] SCH: Received scheduling request: Id: 12-1, Constraints: [{ L: 15000, D: 86400000, C: CHARGING_NONE, I: IDLE_NONE, N: NET_ANY, B: BATTERY_ANY }]
2025-11-17 22:41:45.186  6482-6553  Finsky                  com.android.vending                  I  [69] AIM: AppInfoManager-Perf > OnDeviceAppInfo > cacheHitCount=0, cacheMissCount=1. Missed  in cache (limit 10) : [com.payjoy.status]
2025-11-17 22:41:45.189   721-749   Grammatica...ctionUtils system_server                        V  AttributionSource: android.content.AttributionSource@7643cfe8 does not have READ_SYSTEM_GRAMMATICAL_GENDER permission.
2025-11-17 22:41:45.192   721-721   Looper                  system_server                        W  Slow dispatch took 432ms main app=system_server main=true group=FOREGROUND h=android.app.ActivityThread$H c=android.app.LoadedApk$ReceiverDispatcher$Args$$ExternalSyntheticLambda0@8562c1f m=0
2025-11-17 22:41:45.196  6482-6553  Finsky                  com.android.vending                  I  [69] AIM: Got app ownership map. App counts: . Unique apps: 0
2025-11-17 22:41:45.197  6482-6553  Finsky                  com.android.vending                  E  [69] [Counters] attempted to use a non-positive increment for: 4752
2025-11-17 22:41:45.198  1855-2188  ogle.android.as         com.google.android.as                I  AssetManager2(0x70e5ecef1bd8) locale list changing from [] to [en-US]
2025-11-17 22:41:45.199   721-721   AppSearchA...erManagerS system_server                        D  userid in package receiver: 10218
2025-11-17 22:41:45.203   721-762   IPCThreadState          system_server                        W  Sending oneway calls to frozen process.
2025-11-17 22:41:45.203   721-762   IPCThreadState          system_server                        W  Sending oneway calls to frozen process.
2025-11-17 22:41:45.203   721-762   IPCThreadState          system_server                        W  Sending oneway calls to frozen process.
2025-11-17 22:41:45.203   721-762   IPCThreadState          system_server                        W  Sending oneway calls to frozen process.
2025-11-17 22:41:45.203   721-762   IPCThreadState          system_server                        W  Sending oneway calls to frozen process.
2025-11-17 22:41:45.203   721-762   IPCThreadState          system_server                        W  Sending oneway calls to frozen process.
2025-11-17 22:41:45.203   721-762   IPCThreadState          system_server                        W  Sending oneway calls to frozen process.
2025-11-17 22:41:45.203   721-762   IPCThreadState          system_server                        W  Sending oneway calls to frozen process.
2025-11-17 22:41:45.203   721-762   IPCThreadState          system_server                        W  Sending oneway calls to frozen process.
2025-11-17 22:41:45.203   721-762   IPCThreadState          system_server                        W  Sending oneway calls to frozen process.
2025-11-17 22:41:45.203   721-762   IPCThreadState          system_server                        W  Sending oneway calls to frozen process.
2025-11-17 22:41:45.203   721-762   IPCThreadState          system_server                        W  Sending oneway calls to frozen process.
2025-11-17 22:41:45.203   721-762   IPCThreadState          system_server                        W  Sending oneway calls to frozen process.
2025-11-17 22:41:45.203   721-762   IPCThreadState          system_server                        W  Sending oneway calls to frozen process.
2025-11-17 22:41:45.203   721-762   IPCThreadState          system_server                        W  Sending oneway calls to frozen process.
2025-11-17 22:41:45.203   721-762   IPCThreadState          system_server                        W  Sending oneway calls to frozen process.
2025-11-17 22:41:45.203   721-762   IPCThreadState          system_server                        W  Sending oneway calls to frozen process.
2025-11-17 22:41:45.203   721-762   IPCThreadState          system_server                        W  Sending oneway calls to frozen process.
2025-11-17 22:41:45.203   721-762   IPCThreadState          system_server                        W  Sending oneway calls to frozen process.
2025-11-17 22:41:45.203   721-762   IPCThreadState          system_server                        W  Sending oneway calls to frozen process.
2025-11-17 22:41:45.203   721-762   IPCThreadState          system_server                        W  Sending oneway calls to frozen process.
2025-11-17 22:41:45.203   721-762   IPCThreadState          system_server                        W  Sending oneway calls to frozen process.
2025-11-17 22:41:45.203   721-762   IPCThreadState          system_server                        W  Sending oneway calls to frozen process.
2025-11-17 22:41:45.203   721-762   IPCThreadState          system_server                        W  Sending oneway calls to frozen process.
2025-11-17 22:41:45.203   721-762   IPCThreadState          system_server                        W  Sending oneway calls to frozen process.
2025-11-17 22:41:45.204   721-762   IPCThreadState          system_server                        W  Sending oneway calls to frozen process.
2025-11-17 22:41:45.209 10631-10631 Zygote                  com.android.chrome_zygote            D  Forked child process 10747
2025-11-17 22:41:45.215   721-762   IPCThreadState          system_server                        E  Binder transaction failure. id: 2506882, BR_*: 29189, error: -3 (No such process)
2025-11-17 22:41:45.216   721-762   ActivityManager         system_server                        W  pid 721 system sent binder code 31 with flags 1 to frozen apps and got error -32
2025-11-17 22:41:45.227   721-762   IPCThreadState          system_server                        W  Sending oneway calls to frozen process.
2025-11-17 22:41:45.235   721-762   IPCThreadState          system_server                        E  Binder transaction failure. id: 2506890, BR_*: 29189, error: -3 (No such process)
2025-11-17 22:41:45.235   721-762   ActivityManager         system_server                        W  pid 721 system sent binder code 31 with flags 1 to frozen apps and got error -32
2025-11-17 22:41:45.236   721-762   ActivityManager         system_server                        D  Too many transaction errors, throttling freezer binder callback.
2025-11-17 22:41:45.247 10747-10747 cessService0:10         com.android.chrome_zygote            I  Using CollectorTypeCMC GC.
2025-11-17 22:41:45.262 10747-10747 cessService0:10         com.android.chrome_zygote            W  Unexpected CPU variant for x86: x86_64.
                                                                                                    Known variants: atom, sandybridge, silvermont, goldmont, goldmont-plus, goldmont-without-sha-xsaves, tremont, kabylake, alderlake, default
2025-11-17 22:41:45.296 10747-10747 cessService0:10         com.android.chrome_zygote            E  Not starting debugger since process cannot load the jdwp agent.
2025-11-17 22:41:45.328 10747-10747 nativeloader            com.android.chrome_zygote            D  Load libframework-connectivity-tiramisu-jni.so using APEX ns com_android_tethering for caller /apex/com.android.tethering/javalib/framework-connectivity-t.jar: ok
2025-11-17 22:41:45.341   721-769   ActivityManager         system_server                        W  Slow operation: 152ms so far, now at startProcess: returned from zygote!
2025-11-17 22:41:45.414   721-760   Looper                  system_server                        W  Slow dispatch took 176ms android.ui app=system_server main=false group=TOP_APP h=com.android.server.am.ActivityManagerService$UiHandler c=com.android.server.am.UidObserverController$$ExternalSyntheticLambda0@e928fb1 m=0
2025-11-17 22:41:45.416  1258-1633  Looper                  com.android.systemui                 W  Slow dispatch took 1078ms NotifInflation app=com.android.systemui main=false group=FOREGROUND h=android.os.Handler c=android.os.AsyncTask$4@883c28c[Completed normally] m=0
2025-11-17 22:41:45.439   721-2310  ActivityManager         system_server                        W  Slow operation: 250ms so far, now at startProcess: done updating battery stats
2025-11-17 22:41:45.440   721-2310  ActivityManager         system_server                        W  Slow operation: 250ms so far, now at startProcess: building log message
2025-11-17 22:41:45.440   721-2310  ActivityManager         system_server                        I  Start proc 10747:com.android.chrome:sandboxed_process0:org.chromium.content.app.SandboxedProcessService0:10/u0ai2 for  {com.android.chrome/org.chromium.content.app.SandboxedProcessService0:10}
2025-11-17 22:41:45.440   721-2310  ActivityManager         system_server                        W  Slow operation: 251ms so far, now at startProcess: starting to update pids map
2025-11-17 22:41:45.440   721-2310  ActivityManager         system_server                        I  ProcessObserver broadcast disabled
2025-11-17 22:41:45.440   721-2310  ActivityManager         system_server                        W  Slow operation: 251ms so far, now at startProcess: done updating pids map
2025-11-17 22:41:45.482 10747-10747 CompatChangeReporter    com.android.chrome_zygote            D  Compat change id reported: 242716250; UID 90002; state: ENABLED
2025-11-17 22:41:45.529  6482-6482  Finsky                  com.android.vending                  I  [2] Do not start WearSupportService due to Wear service optimization
2025-11-17 22:41:45.536  1261-1351  LightPacka...foLiveData com....android.permissioncontroller  W  Package "com.payjoy.status" not found for user UserHandle{0}
2025-11-17 22:41:45.538  1855-2188  ogle.android.as         com.google.android.as                I  AssetManager2(0x70e5ecef6098) locale list changing from [] to [en-US]
2025-11-17 22:41:45.567   721-721   Looper                  system_server                        W  Slow dispatch took 215ms main app=system_server main=true group=FOREGROUND h=android.app.ActivityThread$H c=null m=113
2025-11-17 22:41:45.569   235-242   lowmemorykiller         lmkd                                 E  process_mrelease 3966 failed: No such process
2025-11-17 22:41:45.578   721-721   ConditionProviders      system_server                        I  Disallowing condition provider com.payjoy.status (userSet: true)
2025-11-17 22:41:45.584   487-487   Zygote                  zygote64                             I  Process 3966 exited due to signal 9 (Killed)
2025-11-17 22:41:45.586   721-721   ConditionProviders      system_server                        V  enabling condition provider for 0: ComponentInfo{com.google.android.apps.wellbeing/com.google.android.apps.wellbeing.azr.impl.AzrConditionProviderService}
2025-11-17 22:41:45.586   721-721   ConditionProviders      system_server                        V  Not registering ComponentInfo{com.google.android.apps.wellbeing/com.google.android.apps.wellbeing.azr.impl.AzrConditionProviderService} is already bound
2025-11-17 22:41:45.591   487-487   Zygote                  zygote64                             I  Process 4120 exited due to signal 9 (Killed)
2025-11-17 22:41:45.592  1557-1557  NotificationListener    com...le.android.apps.nexuslauncher  I  received notification removed event - com.google.android.packageinstaller#UserHandle{0},category=-1
2025-11-17 22:41:45.593   721-721   Looper                  system_server                        W  Drained
2025-11-17 22:41:45.606 10747-10747 cessService0:10         com.android.chrome_zygote            I  AssetManager2(0x70e5ece84f38) locale list changing from [] to [en-US]
2025-11-17 22:41:45.606  6482-6540  Finsky                  com.android.vending                  I  [58] AIM: AppInfoManager-Perf > ItemModel > CacheSize=0, cacheHitCount=0, cacheMissCount=1, total appsWithNoServerDataCount=0. Missed  in cache (limit 10) : [com.payjoy.status]
2025-11-17 22:41:45.624  1855-2188  ogle.android.as         com.google.android.as                I  AssetManager2(0x70e5eceb6f38) locale list changing from [] to [en-US]
2025-11-17 22:41:45.625 10747-10747 LoadedApk               com.android.chrome_zygote            I  No resource references to update in package com.google.android.trichromelibrary
2025-11-17 22:41:45.633   721-1377  RoleContro...erviceImpl system_server                        E  Default/fallback role holder package doesn't qualify for the role, package: com.google.android.gms, role: android.app.role.WALLET
2025-11-17 22:41:45.661  1855-2188  ogle.android.as         com.google.android.as                I  AssetManager2(0x70e5ecef2b78) locale list changing from [] to [en-US]
2025-11-17 22:41:45.671  1844-1844  MediaProvider           com...ndroid.providers.media.module  W  WorkProfileOwnerApps cache is empty
2025-11-17 22:41:45.678   721-2148  ActivityManager         system_server                        I  Process com.google.android.federatedcompute (pid 3966) has died: cch+85 CEM 
2025-11-17 22:41:45.680   721-770   libprocessgroup         system_server                        I  Removed cgroup /sys/fs/cgroup/apps/uid_10203/pid_3966
2025-11-17 22:41:45.682   721-2310  ActivityManager         system_server                        I  Process com.google.android.ondevicepersonalization.services (pid 4120) has died: cch+75 CEM 
2025-11-17 22:41:45.690  1844-1844  PickerSyncLockManager   com...ndroid.providers.media.module  D  Trying to acquire lock com.android.providers.media.photopicker.sync.CloseableReentrantLock@86b8024[Unlocked]. Lock Name = CLOUD_PROVIDER_LOCK. Threads that may be waiting to acquire this lock = []
2025-11-17 22:41:45.692  1844-1844  CloseableReentrantLock  com...ndroid.providers.media.module  D  Successfully acquired lock com.android.providers.media.photopicker.sync.CloseableReentrantLock@86b8024[Locked by thread main]. Lock Name = CLOUD_PROVIDER_LOCK. Threads that may be waiting to acquire this lock = []
2025-11-17 22:41:45.701 10747-10747 cr_SplitCompatApp       com.android.chrome_zygote            I  version=133.0.6943.137 (694313738) minSdkVersion=29 isBundle=false processName=com.android.chrome:sandboxed_process0:org.chromium.content.app.SandboxedProcessService0:10 isIsolatedProcess=true
2025-11-17 22:41:45.703  1844-1844  CloseableReentrantLock  com...ndroid.providers.media.module  D  Successfully released lock com.android.providers.media.photopicker.sync.CloseableReentrantLock@86b8024[Unlocked]. Lock Name = CLOUD_PROVIDER_LOCK. Threads that may be waiting to acquire this lock = []
2025-11-17 22:41:45.710  1855-2188  ogle.android.as         com.google.android.as                I  AssetManager2(0x70e5eceef658) locale list changing from [] to [en-US]
2025-11-17 22:41:45.730  1855-2188  ogle.android.as         com.google.android.as                I  AssetManager2(0x70e5eceb36f8) locale list changing from [] to [en-US]
2025-11-17 22:41:45.741   721-770   libprocessgroup         system_server                        I  Removed cgroup /sys/fs/cgroup/apps/uid_10202/pid_4120
2025-11-17 22:41:45.743  6482-6540  Finsky                  com.android.vending                  I  [58] AIM: AppInfoManager-Perf > ItemModel > ItemStore Called 1 apps cacheOptions = USE_CACHE
2025-11-17 22:41:45.773   721-1377  system_server           system_server                        I  AssetManager2(0x70e5ed00bf78) locale list changing from [] to [en-US]
2025-11-17 22:41:45.780 10747-10747 cr_ChildProcessService  com.android.chrome_zygote            I  Creating new ChildProcessService pid=10747
2025-11-17 22:41:45.781   721-1377  SignedPackage           system_server                        W  Cannot get ApplicationInfo for package: com.google.android.devicelockcontroller
2025-11-17 22:41:45.785  1855-2188  ogle.android.as         com.google.android.as                I  AssetManager2(0x70e5ecef02d8) locale list changing from [] to [en-US]
2025-11-17 22:41:45.845  6482-6540  Finsky                  com.android.vending                  I  [58] AIM: ItemModel fetch - unauth(1), auth()
2025-11-17 22:41:45.953  6547-6547  GoogleInpu...hodService com...gle.android.inputmethod.latin  I  GoogleInputMethodService.onFinishInput():2043 
2025-11-17 22:41:45.956  6547-6547  Module                  com...gle.android.inputmethod.latin  I  DeviceLockedStatusModuleProvider$Module.updateDeviceLockedStatus():100 repeatCheckTimes = 0, locked = false
2025-11-17 22:41:45.958  6547-6547  GoogleInpu...hodService com...gle.android.inputmethod.latin  I  GoogleInputMethodService.onStartInput():1293 onStartInput(EditorInfo{EditorInfo{packageName=com.google.android.apps.nexuslauncher, inputType=0, inputTypeString=NULL, enableLearning=false, autoCorrection=false, autoComplete=false, imeOptions=0, privateImeOptions=null, actionName=UNSPECIFIED, actionLabel=null, initialSelStart=-1, initialSelEnd=-1, initialCapsMode=0, label=null, fieldId=0, fieldName=null, extras=null, hintText=null, hintLocales=[]}}, false)
2025-11-17 22:41:45.965  6547-6547  Module                  com...gle.android.inputmethod.latin  I  DeviceLockedStatusModuleProvider$Module.updateDeviceLockedStatus():100 repeatCheckTimes = 1, locked = false
2025-11-17 22:41:45.966   721-750   PackageConfigPersister  system_server                        W  App-specific configuration not found for packageName: com.google.android.apps.nexuslauncher and userId: 0
2025-11-17 22:41:46.057   721-750   JobInfo                 system_server                        W  Job 'com.google.android.providers.media.module/com.android.providers.media.MediaService#-300' has a deadline with no functional constraints. The deadline won't improve job execution latency. Consider removing the deadline.
2025-11-17 22:41:46.073  1855-2188  ogle.android.as         com.google.android.as                I  AssetManager2(0x70e5eceb1498) locale list changing from [] to [en-US]
2025-11-17 22:41:46.092  1557-1557  StatsLog                com...le.android.apps.nexuslauncher  D  LAUNCHER_ALLAPPS_SCROLLED_UNKNOWN_DIRECTION
2025-11-17 22:41:46.122   498-8156  android.ha...mpl.ranchu android.hardware.audio.service       D  threadLoop: entering standby, frames: 33786752
2025-11-17 22:41:46.122   498-8156  android.ha...mpl.ranchu android.hardware.audio.service       D  ~TinyalsaSink: joining consumeThread
2025-11-17 22:41:46.132   498-10689 android.ha...mpl.ranchu android.hardware.audio.service       D  consumeThread: exiting
2025-11-17 22:41:46.132   498-8156  android.ha...mpl.ranchu android.hardware.audio.service       D  ~TinyalsaSink: stopping PCM stream
2025-11-17 22:41:46.148   235-235   lowmemorykiller         lmkd                                 I  Kill 'com.android.imsserviceentitlement' (3347), uid 10136, oom_score_adj 985 to free 72316kB rss, 30936kB swap; reason: device is not responding
2025-11-17 22:41:46.173  6370-6370  BoundBrokerSvc          com.google.android.gms               D  onBind: Intent { act=com.google.android.gms.common.BIND_SHARED_PREFS xflg=0x4 pkg=com.google.android.gms }
