2025-12-08 07:51:34.750 10189-10229 CdcForegroundService    com.cdccreditsmart.app               I  🔒 VERIFICANDO STUB PARA PERSISTÊNCIA
2025-12-08 07:51:34.750 10189-10229 CdcForegroundService    com.cdccreditsmart.app               I  🔒 ========================================
2025-12-08 07:51:34.752 10189-10229 StubManager             com.cdccreditsmart.app               D  Stub is NOT installed
2025-12-08 07:51:34.755 10189-10229 ContractCodeStorage     com.cdccreditsmart.app               D  Retrieving contract code from storage
2025-12-08 07:51:34.756 10189-10244 okhttp.OkHttpClient     com.cdccreditsmart.app               I  --> GET https://cdccreditsmart.com/api/apk/device/XV8W5766/commands
2025-12-08 07:51:34.756 10189-10244 okhttp.OkHttpClient     com.cdccreditsmart.app               I  --> END GET
2025-12-08 07:51:34.771 10189-10237 SecureTokenStorage      com.cdccreditsmart.app               D  EncryptedSharedPreferences initialized successfully
2025-12-08 07:51:34.786 10189-10227 JobInfo                 com.cdccreditsmart.app               W  Requested important-while-foreground flag for job46 is ignored and takes no effect
2025-12-08 07:51:34.792 10189-10244 SecureTokenStorage      com.cdccreditsmart.app               D  EncryptedSharedPreferences initialized successfully
2025-12-08 07:51:34.827 10189-10301 IconProtectionWorker    com.cdccreditsmart.app               D  🔍 Verificando proteção do ícone...
2025-12-08 07:51:34.829 10189-10301 LauncherIconProtector   com.cdccreditsmart.app               D  ✅ Atalho já existe na home screen
2025-12-08 07:51:34.829 10189-10301 IconProtectionWorker    com.cdccreditsmart.app               I  📊 Estatísticas: ícone restaurado 1 vezes
2025-12-08 07:51:34.829 10189-10301 IconProtectionWorker    com.cdccreditsmart.app               D  ✅ Verificação de ícone concluída
2025-12-08 07:51:34.830 10189-10226 WM-WorkerWrapper        com.cdccreditsmart.app               I  Worker result SUCCESS for Work [ id=05165fda-edc3-4964-8fb1-9e0702864319, tags={ com.cdccreditsmart.app.workers.IconProtectionWorker } ]
2025-12-08 07:51:34.911 10189-10229 ContractCodeStorage     com.cdccreditsmart.app               D  Storage verification: 7 valid, 0 tampered, 0 missing
2025-12-08 07:51:34.911 10189-10229 ContractCodeStorage     com.cdccreditsmart.app               D  Contract code retrieved successfully
2025-12-08 07:51:34.911 10189-10229 StubManager             com.cdccreditsmart.app               D  Enrollment complete: true (deviceId=device_176..., contractCode=XV8W57...)
2025-12-08 07:51:34.911 10189-10229 StubManager             com.cdccreditsmart.app               D  Stub APK not found in assets: cdc_stub.apk
2025-12-08 07:51:34.912 10189-10229 CdcForegroundService    com.cdccreditsmart.app               I  🔒 Stub instalado: false
2025-12-08 07:51:34.912 10189-10229 CdcForegroundService    com.cdccreditsmart.app               I  🔒 Enrollment completo: true
2025-12-08 07:51:34.912 10189-10229 CdcForegroundService    com.cdccreditsmart.app               I  🔒 APK em assets: false
2025-12-08 07:51:34.912 10189-10229 CdcForegroundService    com.cdccreditsmart.app               I  🔒 Device Owner: false
2025-12-08 07:51:34.912 10189-10229 CdcForegroundService    com.cdccreditsmart.app               I  🔒 Pode instalar: false
2025-12-08 07:51:34.912 10189-10229 ContractCodeStorage     com.cdccreditsmart.app               D  Retrieving contract code from storage
2025-12-08 07:51:34.970 10189-10229 ContractCodeStorage     com.cdccreditsmart.app               D  Storage verification: 7 valid, 0 tampered, 0 missing
2025-12-08 07:51:34.971 10189-10229 ContractCodeStorage     com.cdccreditsmart.app               D  Contract code retrieved successfully
2025-12-08 07:51:34.971 10189-10229 StubManager             com.cdccreditsmart.app               D  Enrollment complete: true (deviceId=device_176..., contractCode=XV8W57...)
2025-12-08 07:51:34.971 10189-10229 StubManager             com.cdccreditsmart.app               D  Stub is NOT installed
2025-12-08 07:51:34.971 10189-10229 StubManager             com.cdccreditsmart.app               D  Stub APK not found in assets: cdc_stub.apk
2025-12-08 07:51:34.971 10189-10229 StubManager             com.cdccreditsmart.app               W  Stub APK not found in assets - skipping installation
2025-12-08 07:51:34.971 10189-10229 CdcForegroundService    com.cdccreditsmart.app               W  🔒 ⚠️ Stub APK não encontrado em assets/
2025-12-08 07:51:34.971 10189-10229 CdcForegroundService    com.cdccreditsmart.app               I  🔒 ========================================
2025-12-08 07:51:34.971 10189-10229 CdcForegroundService    com.cdccreditsmart.app               I  📦 ========================================
2025-12-08 07:51:34.971 10189-10229 CdcForegroundService    com.cdccreditsmart.app               I  📦 APK PRELOAD PARA FACTORY RESET (Multi-Fabricante)
2025-12-08 07:51:34.971 10189-10229 CdcForegroundService    com.cdccreditsmart.app               I  📦 ========================================
2025-12-08 07:51:34.971 10189-10229 ApkPreloadManager       com.cdccreditsmart.app               I  📱 Fabricante genérico - usando caminhos AOSP
2025-12-08 07:51:34.971 10189-10229 CdcForegroundService    com.cdccreditsmart.app               I  📦 APK em preload: false
2025-12-08 07:51:34.971 10189-10229 CdcForegroundService    com.cdccreditsmart.app               I  📦 ⏳ Não é Device Owner - preload não disponível
2025-12-08 07:51:34.971 10189-10229 CdcForegroundService    com.cdccreditsmart.app               I  📦 ========================================
2025-12-08 07:51:34.971 10189-10229 CdcForegroundService    com.cdccreditsmart.app               I  ✅ Todos os serviços MDM inicializados com sucesso
2025-12-08 07:51:35.237 10189-10294 WebSocketManager        com.cdccreditsmart.app               D  WebSocket connection opened
2025-12-08 07:51:35.237 10189-10294 WebSocketManager        com.cdccreditsmart.app               D  WebSocket connected for contract: XV8W5766
2025-12-08 07:51:35.237 10189-10294 WebSocketManager        com.cdccreditsmart.app               D  Starting heartbeat
2025-12-08 07:51:35.238 10189-10292 MdmCommandReceiver      com.cdccreditsmart.app               I  ✅ WebSocket MDM CONECTADO COM SUCESSO!
2025-12-08 07:51:35.238 10189-10292 MdmCommandReceiver      com.cdccreditsmart.app               D  ✅ Response code: 101
2025-12-08 07:51:35.238 10189-10292 MdmCommandReceiver      com.cdccreditsmart.app               I  ⏳ Aguardando 'auth_required' do servidor...
2025-12-08 07:51:35.238 10189-10229 MdmCommandReceiver      com.cdccreditsmart.app               D  ⏰ Watchdog cancelado (conexão resolvida)
2025-12-08 07:51:35.239 10189-10292 MdmCommandReceiver      com.cdccreditsmart.app               D  ⏳ Polling já está ativo - ignorando chamada duplicada
2025-12-08 07:51:35.239 10189-10292 MdmCommandReceiver      com.cdccreditsmart.app               D  📥 Mensagem MDM recebida: {"type":"welcome","message":"Connected to unified WebSocket server","connectionId":"92af3863-6719-49f7-865b-5b54a7b1b9d5","path":"/ws/mdm-policies","routerKey":"mdm-policies","timestamp":"2025-12-08T10:51:35.488Z","serverTime":"2025-12-08T10:51:35.488Z"}
2025-12-08 07:51:35.240 10189-10241 MdmCommandReceiver      com.cdccreditsmart.app               I  💓 Iniciando ping manual JSON (intervalo: 25s)
2025-12-08 07:51:35.241 10189-10241 MdmCommandReceiver      com.cdccreditsmart.app               D  📥 JSON recebido: {"type":"welcome","message":"Connected to unified WebSocket server","connectionId":"92af3863-6719-49f7-865b-5b54a7b1b9d5","path":"/ws/mdm-policies","routerKey":"mdm-policies","timestamp":"2025-12-08T10:51:35.488Z","serverTime":"2025-12-08T10:51:35.488Z"}
2025-12-08 07:51:35.242 10189-10241 MdmCommandReceiver      com.cdccreditsmart.app               D  📨 Tipo de mensagem: welcome
2025-12-08 07:51:35.242 10189-10241 MdmCommandReceiver      com.cdccreditsmart.app               D  👋 Mensagem de boas-vindas do servidor
2025-12-08 07:51:35.242 10189-10292 MdmCommandReceiver      com.cdccreditsmart.app               D  📥 Mensagem MDM recebida: {"type":"auth_required","message":"Please authenticate via message with serialNumber, deviceFingerprint or androidId","timeout":60,"timestamp":"2025-12-08T10:51:35.488Z"}
2025-12-08 07:51:35.242 10189-10229 MdmCommandReceiver      com.cdccreditsmart.app               D  📥 JSON recebido: {"type":"auth_required","message":"Please authenticate via message with serialNumber, deviceFingerprint or androidId","timeout":60,"timestamp":"2025-12-08T10:51:35.488Z"}
2025-12-08 07:51:35.243 10189-10229 MdmCommandReceiver      com.cdccreditsmart.app               D  📨 Tipo de mensagem: auth_required
2025-12-08 07:51:35.243 10189-10229 MdmCommandReceiver      com.cdccreditsmart.app               W  ⚠️ ========================================
2025-12-08 07:51:35.243 10189-10229 MdmCommandReceiver      com.cdccreditsmart.app               W  ⚠️ AUTENTICAÇÃO REQUERIDA PELO SERVIDOR
2025-12-08 07:51:35.243 10189-10229 MdmCommandReceiver      com.cdccreditsmart.app               W  ⚠️ ========================================
2025-12-08 07:51:35.243 10189-10229 MdmCommandReceiver      com.cdccreditsmart.app               W  ⚠️ Reenviando mensagem de autenticação...
2025-12-08 07:51:35.243 10189-10229 SecureTokenStorage      com.cdccreditsmart.app               D  ⚠️ Usando Serial Number para MDM (IMEI indisponível): XV8W57...
2025-12-08 07:51:35.244 10189-10229 MdmCommandReceiver      com.cdccreditsmart.app               I  🔐 ========================================
2025-12-08 07:51:35.244 10189-10229 MdmCommandReceiver      com.cdccreditsmart.app               I  🔐 ENVIANDO AUTENTICAÇÃO WEBSOCKET
2025-12-08 07:51:35.244 10189-10229 MdmCommandReceiver      com.cdccreditsmart.app               I  🔐 ========================================
2025-12-08 07:51:35.244 10189-10229 MdmCommandReceiver      com.cdccreditsmart.app               I  🔐 serialNumber: XV8W5766...
2025-12-08 07:51:35.244 10189-10229 MdmCommandReceiver      com.cdccreditsmart.app               I  🔐 deviceToken: eyJhbGciOiJIUzI1NiIs...
2025-12-08 07:51:35.244 10189-10229 MdmCommandReceiver      com.cdccreditsmart.app               I  🔐 deviceFingerprint: N/A...
2025-12-08 07:51:35.244 10189-10229 MdmCommandReceiver      com.cdccreditsmart.app               I  🔐 imei: N/A***
2025-12-08 07:51:35.244 10189-10229 MdmCommandReceiver      com.cdccreditsmart.app               I  🔐 androidId: 555298e3...
2025-12-08 07:51:35.244 10189-10229 MdmCommandReceiver      com.cdccreditsmart.app               I  🔐 apkVersion: 1.0.0-debug
2025-12-08 07:51:35.244 10189-10229 MdmCommandReceiver      com.cdccreditsmart.app               I  ✅ Mensagem de autenticação enviada com sucesso (7 campos)
2025-12-08 07:51:35.429 10189-10244 okhttp.OkHttpClient     com.cdccreditsmart.app               I  <-- 200 https://cdccreditsmart.com/api/apk/device/XV8W5766/commands (673ms)
2025-12-08 07:51:35.430 10189-10244 okhttp.OkHttpClient     com.cdccreditsmart.app               I  access-control-allow-credentials: true
2025-12-08 07:51:35.430 10189-10244 okhttp.OkHttpClient     com.cdccreditsmart.app               I  access-control-allow-headers: Origin, X-Requested-With, Content-Type, Accept, Authorization, x-client-key, x-client-token, x-client-secret, cache-control
2025-12-08 07:51:35.430 10189-10244 okhttp.OkHttpClient     com.cdccreditsmart.app               I  access-control-allow-methods: GET, POST, PUT, PATCH, DELETE, OPTIONS
2025-12-08 07:51:35.430 10189-10244 okhttp.OkHttpClient     com.cdccreditsmart.app               I  access-control-allow-origin: *
2025-12-08 07:51:35.430 10189-10244 okhttp.OkHttpClient     com.cdccreditsmart.app               I  access-control-max-age: 86400
2025-12-08 07:51:35.430 10189-10244 okhttp.OkHttpClient     com.cdccreditsmart.app               I  content-length: 105
2025-12-08 07:51:35.430 10189-10244 okhttp.OkHttpClient     com.cdccreditsmart.app               I  content-security-policy: default-src 'self'; script-src 'self' 'unsafe-inline' 'unsafe-eval' https://replit.com; style-src 'self' 'unsafe-inline' https://replit.com; img-src 'self' data: https:; font-src 'self' data: https://replit.com; connect-src 'self';
2025-12-08 07:51:35.430 10189-10244 okhttp.OkHttpClient     com.cdccreditsmart.app               I  content-type: application/json; charset=utf-8
2025-12-08 07:51:35.430 10189-10244 okhttp.OkHttpClient     com.cdccreditsmart.app               I  date: Mon, 08 Dec 2025 10:51:35 GMT
2025-12-08 07:51:35.430 10189-10244 okhttp.OkHttpClient     com.cdccreditsmart.app               I  etag: W/"69-JnxUXIkeOJE9HbxGWOIXIkjIGm0"
2025-12-08 07:51:35.430 10189-10244 okhttp.OkHttpClient     com.cdccreditsmart.app               I  permissions-policy: geolocation=(), microphone=(), camera=()
2025-12-08 07:51:35.430 10189-10244 okhttp.OkHttpClient     com.cdccreditsmart.app               I  referrer-policy: strict-origin-when-cross-origin
2025-12-08 07:51:35.431 10189-10244 okhttp.OkHttpClient     com.cdccreditsmart.app               I  strict-transport-security: max-age=63072000; includeSubDomains
2025-12-08 07:51:35.431 10189-10244 okhttp.OkHttpClient     com.cdccreditsmart.app               I  strict-transport-security: max-age=31536000; includeSubDomains
2025-12-08 07:51:35.431 10189-10244 okhttp.OkHttpClient     com.cdccreditsmart.app               I  x-anti-fraud-protection: active
2025-12-08 07:51:35.431 10189-10244 okhttp.OkHttpClient     com.cdccreditsmart.app               I  x-certificate-pinning-enabled: false
2025-12-08 07:51:35.431 10189-10244 okhttp.OkHttpClient     com.cdccreditsmart.app               I  x-certificate-pinning-status: disabled-for-stability
2025-12-08 07:51:35.431 10189-10244 okhttp.OkHttpClient     com.cdccreditsmart.app               I  x-content-type-options: nosniff
2025-12-08 07:51:35.431 10189-10244 okhttp.OkHttpClient     com.cdccreditsmart.app               I  x-financial-data-protection: enabled
2025-12-08 07:51:35.431 10189-10244 okhttp.OkHttpClient     com.cdccreditsmart.app               I  x-frame-options: DENY
2025-12-08 07:51:35.431 10189-10244 okhttp.OkHttpClient     com.cdccreditsmart.app               I  x-transaction-security-level: maximum
2025-12-08 07:51:35.431 10189-10244 okhttp.OkHttpClient     com.cdccreditsmart.app               I  x-xss-protection: 1; mode=block
2025-12-08 07:51:35.431 10189-10244 okhttp.OkHttpClient     com.cdccreditsmart.app               I  via: 1.1 google
2025-12-08 07:51:35.431 10189-10244 okhttp.OkHttpClient     com.cdccreditsmart.app               I  alt-svc: h3=":443"; ma=2592000,h3-29=":443"; ma=2592000
2025-12-08 07:51:35.431 10189-10244 okhttp.OkHttpClient     com.cdccreditsmart.app               I  {"deviceId":"device_1765148771462_4teww42p114","serialNumber":"XV8W5766","commandsCount":0,"commands":[]}
2025-12-08 07:51:35.431 10189-10244 okhttp.OkHttpClient     com.cdccreditsmart.app               I  <-- END HTTP (105-byte body)
2025-12-08 07:51:35.432 10189-10229 MdmCommandReceiver      com.cdccreditsmart.app               I  🔍 HTTP Response code: 200
2025-12-08 07:51:35.432 10189-10229 MdmCommandReceiver      com.cdccreditsmart.app               I  🔍 HTTP isSuccessful: true
2025-12-08 07:51:35.432 10189-10229 MdmCommandReceiver      com.cdccreditsmart.app               I  🔍 Response body deviceId: device_1765148771462_4teww42p114
2025-12-08 07:51:35.432 10189-10229 MdmCommandReceiver      com.cdccreditsmart.app               I  🔍 Response body serialNumber: XV8W5766
2025-12-08 07:51:35.432 10189-10229 MdmCommandReceiver      com.cdccreditsmart.app               I  🔍 Total de comandos: 0
2025-12-08 07:51:35.432 10189-10229 MdmCommandReceiver      com.cdccreditsmart.app               D  ✅ Nenhum comando pendente no servidor
2025-12-08 07:51:35.432 10189-10229 MdmCommandReceiver      com.cdccreditsmart.app               D  📊 Fetch duration: 687ms
2025-12-08 07:51:35.432 10189-10229 MdmCommandReceiver      com.cdccreditsmart.app               I  🔍 [Polling #1] Verificando comandos pendentes...
2025-12-08 07:51:35.434 10189-10229 SecureTokenStorage      com.cdccreditsmart.app               D  ⚠️ Usando Serial Number para MDM (IMEI indisponível): XV8W57...
2025-12-08 07:51:35.434 10189-10229 MdmCommandReceiver      com.cdccreditsmart.app               I  🔍 ========================================
2025-12-08 07:51:35.434 10189-10229 MdmCommandReceiver      com.cdccreditsmart.app               I  🔍 BUSCANDO COMANDOS PENDENTES
2025-12-08 07:51:35.434 10189-10229 MdmCommandReceiver      com.cdccreditsmart.app               I  🔍 ========================================
2025-12-08 07:51:35.434 10189-10229 MdmCommandReceiver      com.cdccreditsmart.app               I  🔍 Identifier: XV8W5766
2025-12-08 07:51:35.434 10189-10229 MdmCommandReceiver      com.cdccreditsmart.app               I  🔍 Endpoint: GET /api/apk/device/XV8W5766/commands
2025-12-08 07:51:35.434 10189-10229 MdmCommandReceiver      com.cdccreditsmart.app               D  🔍 Executando requisição HTTP (timeout: 15s)...
2025-12-08 07:51:35.435 10189-10244 okhttp.OkHttpClient     com.cdccreditsmart.app               I  --> GET https://cdccreditsmart.com/api/apk/device/XV8W5766/commands
2025-12-08 07:51:35.435 10189-10244 okhttp.OkHttpClient     com.cdccreditsmart.app               I  --> END GET
2025-12-08 07:51:35.452 10189-10237 okhttp.OkHttpClient     com.cdccreditsmart.app               I  <-- 200 https://cdccreditsmart.com/api/apk/device/heartbeat (718ms)
2025-12-08 07:51:35.452 10189-10237 okhttp.OkHttpClient     com.cdccreditsmart.app               I  access-control-allow-credentials: true
2025-12-08 07:51:35.452 10189-10237 okhttp.OkHttpClient     com.cdccreditsmart.app               I  access-control-allow-headers: Origin, X-Requested-With, Content-Type, Accept, Authorization, x-client-key, x-client-token, x-client-secret, cache-control
2025-12-08 07:51:35.453 10189-10237 okhttp.OkHttpClient     com.cdccreditsmart.app               I  access-control-allow-methods: GET, POST, PUT, PATCH, DELETE, OPTIONS
2025-12-08 07:51:35.453 10189-10237 okhttp.OkHttpClient     com.cdccreditsmart.app               I  access-control-allow-origin: *
2025-12-08 07:51:35.453 10189-10237 okhttp.OkHttpClient     com.cdccreditsmart.app               I  access-control-max-age: 86400
2025-12-08 07:51:35.453 10189-10237 okhttp.OkHttpClient     com.cdccreditsmart.app               I  content-length: 328
2025-12-08 07:51:35.453 10189-10237 okhttp.OkHttpClient     com.cdccreditsmart.app               I  content-security-policy: default-src 'self'; script-src 'self' 'unsafe-inline' 'unsafe-eval' https://replit.com; style-src 'self' 'unsafe-inline' https://replit.com; img-src 'self' data: https:; font-src 'self' data: https://replit.com; connect-src 'self';
2025-12-08 07:51:35.453 10189-10237 okhttp.OkHttpClient     com.cdccreditsmart.app               I  content-type: application/json; charset=utf-8
2025-12-08 07:51:35.453 10189-10237 okhttp.OkHttpClient     com.cdccreditsmart.app               I  date: Mon, 08 Dec 2025 10:51:35 GMT
2025-12-08 07:51:35.453 10189-10237 okhttp.OkHttpClient     com.cdccreditsmart.app               I  etag: W/"148-W5J1oUTiXm4EEqWTCSllQ09Pt1c"
2025-12-08 07:51:35.453 10189-10237 okhttp.OkHttpClient     com.cdccreditsmart.app               I  permissions-policy: geolocation=(), microphone=(), camera=()
2025-12-08 07:51:35.453 10189-10237 okhttp.OkHttpClient     com.cdccreditsmart.app               I  referrer-policy: strict-origin-when-cross-origin
2025-12-08 07:51:35.453 10189-10237 okhttp.OkHttpClient     com.cdccreditsmart.app               I  strict-transport-security: max-age=63072000; includeSubDomains
2025-12-08 07:51:35.453 10189-10237 okhttp.OkHttpClient     com.cdccreditsmart.app               I  strict-transport-security: max-age=31536000; includeSubDomains
2025-12-08 07:51:35.454 10189-10237 okhttp.OkHttpClient     com.cdccreditsmart.app               I  x-anti-fraud-protection: active
2025-12-08 07:51:35.454 10189-10237 okhttp.OkHttpClient     com.cdccreditsmart.app               I  x-certificate-pinning-enabled: false
2025-12-08 07:51:35.454 10189-10237 okhttp.OkHttpClient     com.cdccreditsmart.app               I  x-certificate-pinning-status: disabled-for-stability
2025-12-08 07:51:35.454 10189-10237 okhttp.OkHttpClient     com.cdccreditsmart.app               I  x-content-type-options: nosniff
2025-12-08 07:51:35.455 10189-10237 okhttp.OkHttpClient     com.cdccreditsmart.app               I  x-financial-data-protection: enabled
2025-12-08 07:51:35.455 10189-10237 okhttp.OkHttpClient     com.cdccreditsmart.app               I  x-frame-options: DENY
2025-12-08 07:51:35.455 10189-10237 okhttp.OkHttpClient     com.cdccreditsmart.app               I  x-transaction-security-level: maximum
2025-12-08 07:51:35.455 10189-10237 okhttp.OkHttpClient     com.cdccreditsmart.app               I  x-xss-protection: 1; mode=block
2025-12-08 07:51:35.455 10189-10237 okhttp.OkHttpClient     com.cdccreditsmart.app               I  via: 1.1 google
2025-12-08 07:51:35.455 10189-10237 okhttp.OkHttpClient     com.cdccreditsmart.app               I  alt-svc: h3=":443"; ma=2592000,h3-29=":443"; ma=2592000
2025-12-08 07:51:35.456 10189-10237 okhttp.OkHttpClient     com.cdccreditsmart.app               I  {"success":true,"requiresBackendRevalidation":false,"phoneNumbersProcessed":false,"complianceStatus":"OK","expectedBlockLevel":0,"message":"Device compliant","complianceConfig":{"maxComplianceCorrections":3,"correctionWindowMinutes":30,"autoBlockOnLimitReached":true,"enableDetailedTelemetry":true,"telemetryIntervalMinutes":5}}
2025-12-08 07:51:35.456 10189-10237 okhttp.OkHttpClient     com.cdccreditsmart.app               I  <-- END HTTP (328-byte body)
2025-12-08 07:51:35.459 10189-10229 HeartbeatManager        com.cdccreditsmart.app               I  ✅ Heartbeat aceito pelo backend (HTTP 200)
2025-12-08 07:51:35.459 10189-10229 HeartbeatManager        com.cdccreditsmart.app               D  📊 Resposta do heartbeat:
2025-12-08 07:51:35.459 10189-10229 HeartbeatManager        com.cdccreditsmart.app               D     success: true
2025-12-08 07:51:35.459 10189-10229 HeartbeatManager        com.cdccreditsmart.app               D     complianceStatus: OK
2025-12-08 07:51:35.459 10189-10229 HeartbeatManager        com.cdccreditsmart.app               D     expectedBlockLevel: 0
2025-12-08 07:51:35.459 10189-10229 HeartbeatManager        com.cdccreditsmart.app               D     requiresBackendRevalidation: false
2025-12-08 07:51:35.459 10189-10229 HeartbeatManager        com.cdccreditsmart.app               I  ✅ Dispositivo CONFORME - Nível 0
2025-12-08 07:51:35.483 10189-10244 SecureTokenStorage      com.cdccreditsmart.app               D  EncryptedSharedPreferences initialized successfully
2025-12-08 07:51:35.513 10189-10292 MdmCommandReceiver      com.cdccreditsmart.app               D  📥 Mensagem MDM recebida: {"type":"authenticated","deviceId":"device_1765148771462_4teww42p114","serialNumber":"XV8W5766","message":"Device authenticated successfully","timestamp":"2025-12-08T10:51:35.766Z"}
2025-12-08 07:51:35.514 10189-10229 MdmCommandReceiver      com.cdccreditsmart.app               D  📥 JSON recebido: {"type":"authenticated","deviceId":"device_1765148771462_4teww42p114","serialNumber":"XV8W5766","message":"Device authenticated successfully","timestamp":"2025-12-08T10:51:35.766Z"}
2025-12-08 07:51:35.514 10189-10229 MdmCommandReceiver      com.cdccreditsmart.app               D  📨 Tipo de mensagem: authenticated
2025-12-08 07:51:35.514 10189-10229 MdmCommandReceiver      com.cdccreditsmart.app               I  ✅ ========================================
2025-12-08 07:51:35.514 10189-10229 MdmCommandReceiver      com.cdccreditsmart.app               I  ✅ AUTENTICAÇÃO WEBSOCKET CONFIRMADA! (v2.5)
2025-12-08 07:51:35.514 10189-10229 MdmCommandReceiver      com.cdccreditsmart.app               I  ✅ ========================================
2025-12-08 07:51:35.514 10189-10229 MdmCommandReceiver      com.cdccreditsmart.app               I  ✅ Device ID: device_1765148771462_4teww42p114
2025-12-08 07:51:35.514 10189-10229 MdmCommandReceiver      com.cdccreditsmart.app               I  ✅ Serial Number: XV8W5766
2025-12-08 07:51:35.514 10189-10229 MdmCommandReceiver      com.cdccreditsmart.app               I  ✅ Mensagem: Device authenticated successfully
2025-12-08 07:51:35.514 10189-10229 MdmCommandReceiver      com.cdccreditsmart.app               I  ✅ Timestamp: 2025-12-08T10:51:35.766Z
2025-12-08 07:51:35.964 10189-10244 okhttp.OkHttpClient     com.cdccreditsmart.app               I  <-- 200 https://cdccreditsmart.com/api/apk/device/XV8W5766/commands (528ms)
2025-12-08 07:51:35.964 10189-10244 okhttp.OkHttpClient     com.cdccreditsmart.app               I  access-control-allow-credentials: true
2025-12-08 07:51:35.964 10189-10244 okhttp.OkHttpClient     com.cdccreditsmart.app               I  access-control-allow-headers: Origin, X-Requested-With, Content-Type, Accept, Authorization, x-client-key, x-client-token, x-client-secret, cache-control
2025-12-08 07:51:35.964 10189-10244 okhttp.OkHttpClient     com.cdccreditsmart.app               I  access-control-allow-methods: GET, POST, PUT, PATCH, DELETE, OPTIONS
2025-12-08 07:51:35.964 10189-10244 okhttp.OkHttpClient     com.cdccreditsmart.app               I  access-control-allow-origin: *
2025-12-08 07:51:35.964 10189-10244 okhttp.OkHttpClient     com.cdccreditsmart.app               I  access-control-max-age: 86400
2025-12-08 07:51:35.964 10189-10244 okhttp.OkHttpClient     com.cdccreditsmart.app               I  content-length: 105
2025-12-08 07:51:35.964 10189-10244 okhttp.OkHttpClient     com.cdccreditsmart.app               I  content-security-policy: default-src 'self'; script-src 'self' 'unsafe-inline' 'unsafe-eval' https://replit.com; style-src 'self' 'unsafe-inline' https://replit.com; img-src 'self' data: https:; font-src 'self' data: https://replit.com; connect-src 'self';
2025-12-08 07:51:35.964 10189-10244 okhttp.OkHttpClient     com.cdccreditsmart.app               I  content-type: application/json; charset=utf-8
2025-12-08 07:51:35.965 10189-10244 okhttp.OkHttpClient     com.cdccreditsmart.app               I  date: Mon, 08 Dec 2025 10:51:36 GMT
2025-12-08 07:51:35.965 10189-10244 okhttp.OkHttpClient     com.cdccreditsmart.app               I  etag: W/"69-JnxUXIkeOJE9HbxGWOIXIkjIGm0"
2025-12-08 07:51:35.966 10189-10244 okhttp.OkHttpClient     com.cdccreditsmart.app               I  permissions-policy: geolocation=(), microphone=(), camera=()
2025-12-08 07:51:35.966 10189-10244 okhttp.OkHttpClient     com.cdccreditsmart.app               I  referrer-policy: strict-origin-when-cross-origin
2025-12-08 07:51:35.966 10189-10244 okhttp.OkHttpClient     com.cdccreditsmart.app               I  strict-transport-security: max-age=63072000; includeSubDomains
2025-12-08 07:51:35.966 10189-10244 okhttp.OkHttpClient     com.cdccreditsmart.app               I  strict-transport-security: max-age=31536000; includeSubDomains
2025-12-08 07:51:35.966 10189-10244 okhttp.OkHttpClient     com.cdccreditsmart.app               I  x-anti-fraud-protection: active
2025-12-08 07:51:35.966 10189-10244 okhttp.OkHttpClient     com.cdccreditsmart.app               I  x-certificate-pinning-enabled: false
2025-12-08 07:51:35.966 10189-10244 okhttp.OkHttpClient     com.cdccreditsmart.app               I  x-certificate-pinning-status: disabled-for-stability
2025-12-08 07:51:35.966 10189-10244 okhttp.OkHttpClient     com.cdccreditsmart.app               I  x-content-type-options: nosniff
2025-12-08 07:51:35.966 10189-10244 okhttp.OkHttpClient     com.cdccreditsmart.app               I  x-financial-data-protection: enabled
2025-12-08 07:51:35.966 10189-10244 okhttp.OkHttpClient     com.cdccreditsmart.app               I  x-frame-options: DENY
2025-12-08 07:51:35.966 10189-10244 okhttp.OkHttpClient     com.cdccreditsmart.app               I  x-transaction-security-level: maximum
2025-12-08 07:51:35.966 10189-10244 okhttp.OkHttpClient     com.cdccreditsmart.app               I  x-xss-protection: 1; mode=block
2025-12-08 07:51:35.966 10189-10244 okhttp.OkHttpClient     com.cdccreditsmart.app               I  via: 1.1 google
2025-12-08 07:51:35.966 10189-10244 okhttp.OkHttpClient     com.cdccreditsmart.app               I  alt-svc: h3=":443"; ma=2592000,h3-29=":443"; ma=2592000
2025-12-08 07:51:35.968 10189-10244 okhttp.OkHttpClient     com.cdccreditsmart.app               I  {"deviceId":"device_1765148771462_4teww42p114","serialNumber":"XV8W5766","commandsCount":0,"commands":[]}
2025-12-08 07:51:35.968 10189-10244 okhttp.OkHttpClient     com.cdccreditsmart.app               I  <-- END HTTP (105-byte body)
2025-12-08 07:51:35.970 10189-10229 MdmCommandReceiver      com.cdccreditsmart.app               I  🔍 HTTP Response code: 200
2025-12-08 07:51:35.970 10189-10229 MdmCommandReceiver      com.cdccreditsmart.app               I  🔍 HTTP isSuccessful: true
2025-12-08 07:51:35.970 10189-10229 MdmCommandReceiver      com.cdccreditsmart.app               I  🔍 Response body deviceId: device_1765148771462_4teww42p114
2025-12-08 07:51:35.970 10189-10229 MdmCommandReceiver      com.cdccreditsmart.app               I  🔍 Response body serialNumber: XV8W5766
2025-12-08 07:51:35.970 10189-10229 MdmCommandReceiver      com.cdccreditsmart.app               I  🔍 Total de comandos: 0
2025-12-08 07:51:35.970 10189-10229 MdmCommandReceiver      com.cdccreditsmart.app               D  ✅ Nenhum comando pendente no servidor
2025-12-08 07:51:35.970 10189-10229 MdmCommandReceiver      com.cdccreditsmart.app               D  📊 Fetch duration: 536ms
