                                                                                                    java.lang.SecurityException: Calling identity is not authorized
                                                                                                    	at android.os.Parcel.createExceptionOrNull(Parcel.java:3340)
                                                                                                    	at android.os.Parcel.createException(Parcel.java:3324)
                                                                                                    	at android.os.Parcel.readException(Parcel.java:3307)
                                                                                                    	at android.os.Parcel.readException(Parcel.java:3249)
                                                                                                    	at android.app.admin.IDevicePolicyManager$Stub$Proxy.getPermissionGrantState(IDevicePolicyManager.java:11082)
                                                                                                    	at android.app.admin.DevicePolicyManager.getPermissionGrantState(DevicePolicyManager.java:14317)
                                                                                                    	at com.cdccreditsmart.device.CDCDeviceAdminReceiver.logDeviceCapabilities(CDCDeviceAdminReceiver.kt:821)
                                                                                                    	at com.cdccreditsmart.device.CDCDeviceAdminReceiver.onEnabled(CDCDeviceAdminReceiver.kt:383)
                                                                                                    	at android.app.admin.DeviceAdminReceiver.onReceive(DeviceAdminReceiver.java:1195)
                                                                                                    	at android.app.ActivityThread.handleReceiver(ActivityThread.java:5029)
                                                                                                    	at android.app.ActivityThread.-$$Nest$mhandleReceiver(Unknown Source:0)
                                                                                                    	at android.app.ActivityThread$H.handleMessage(ActivityThread.java:2577)
                                                                                                    	at android.os.Handler.dispatchMessage(Handler.java:110)
                                                                                                    	at android.os.Looper.loopOnce(Looper.java:248)
                                                                                                    	at android.os.Looper.loop(Looper.java:338)
                                                                                                    	at android.app.ActivityThread.main(ActivityThread.java:9067)
                                                                                                    	at java.lang.reflect.Method.invoke(Native Method)
                                                                                                    	at com.android.internal.os.RuntimeInit$MethodAndArgsCaller.run(RuntimeInit.java:593)
                                                                                                    	at com.android.internal.os.ZygoteInit.main(ZygoteInit.java:932)
                                                                                                    Caused by: android.os.RemoteException: Remote stack trace:
                                                                                                    	at com.android.internal.util.Preconditions.checkCallAuthorization(Preconditions.java:254)
                                                                                                    	at com.android.server.devicepolicy.DevicePolicyManagerService.getPermissionGrantState(DevicePolicyManagerService.java:17004)
                                                                                                    	at android.app.admin.IDevicePolicyManager$Stub.onTransact$getPermissionGrantState$(IDevicePolicyManager.java:15758)
                                                                                                    	at android.app.admin.IDevicePolicyManager$Stub.onTransact(IDevicePolicyManager.java:5121)
                                                                                                    	at android.os.Binder.execTransactInternal(Binder.java:1421)
                                                                                                    
2025-12-04 06:03:07.002 10654-10654 CDCDeviceAdminReceiver  com.cdccreditsmart.app               W  [2025-12-04 09:03:07.001] [PID:10654] [TID:2|main]    ğŸ”’ Could not check lock task packages
2025-12-04 06:03:07.002 10654-10654 CDCDeviceAdminReceiver  com.cdccreditsmart.app               W  Exception details: (Ask Gemini)
                                                                                                    java.lang.SecurityException: Caller does not have the required permissions for this user. Permission required: android.permission.MANAGE_DEVICE_POLICY_LOCK_TASK.
                                                                                                    	at android.os.Parcel.createExceptionOrNull(Parcel.java:3340)
                                                                                                    	at android.os.Parcel.createException(Parcel.java:3324)
                                                                                                    	at android.os.Parcel.readException(Parcel.java:3307)
                                                                                                    	at android.os.Parcel.readException(Parcel.java:3249)
                                                                                                    	at android.app.admin.IDevicePolicyManager$Stub$Proxy.getLockTaskPackages(IDevicePolicyManager.java:9915)
                                                                                                    	at android.app.admin.DevicePolicyManager.getLockTaskPackages(DevicePolicyManager.java:13097)
                                                                                                    	at com.cdccreditsmart.device.CDCDeviceAdminReceiver.logDeviceCapabilities(CDCDeviceAdminReceiver.kt:834)
                                                                                                    	at com.cdccreditsmart.device.CDCDeviceAdminReceiver.onEnabled(CDCDeviceAdminReceiver.kt:383)
                                                                                                    	at android.app.admin.DeviceAdminReceiver.onReceive(DeviceAdminReceiver.java:1195)
                                                                                                    	at android.app.ActivityThread.handleReceiver(ActivityThread.java:5029)
                                                                                                    	at android.app.ActivityThread.-$$Nest$mhandleReceiver(Unknown Source:0)
                                                                                                    	at android.app.ActivityThread$H.handleMessage(ActivityThread.java:2577)
                                                                                                    	at android.os.Handler.dispatchMessage(Handler.java:110)
                                                                                                    	at android.os.Looper.loopOnce(Looper.java:248)
                                                                                                    	at android.os.Looper.loop(Looper.java:338)
                                                                                                    	at android.app.ActivityThread.main(ActivityThread.java:9067)
                                                                                                    	at java.lang.reflect.Method.invoke(Native Method)
                                                                                                    	at com.android.internal.os.RuntimeInit$MethodAndArgsCaller.run(RuntimeInit.java:593)
                                                                                                    	at com.android.internal.os.ZygoteInit.main(ZygoteInit.java:932)
2025-12-04 06:03:07.014 10654-10654 CDCDeviceAdminReceiver  com.cdccreditsmart.app               I  [2025-12-04 09:03:07.013] [PID:10654] [TID:2|main]    ğŸ’¾ Storage encryption status: false
2025-12-04 06:03:07.014 10654-10654 CDCDeviceAdminReceiver  com.cdccreditsmart.app               I  [2025-12-04 09:03:07.014] [PID:10654] [TID:2|main] âœ… Device capabilities analysis completed
2025-12-04 06:03:07.015 10654-10654 CDC_PROVISIONING_DEBUG  com.cdccreditsmart.app               I  [2025-12-04 09:03:07.015] [PID:10654] [TID:2|main] ğŸ“‹ CALLBACK SEQUENCE (1 callbacks):
2025-12-04 06:03:07.015 10654-10654 CDC_PROVISIONING_DEBUG  com.cdccreditsmart.app               I  [2025-12-04 09:03:07.015] [PID:10654] [TID:2|main]    1. 2025-12-04 09:03:06.946 - onEnabled
2025-12-04 06:03:07.015 10654-10654 CDC_PROVISIONING_DEBUG  com.cdccreditsmart.app               I  [2025-12-04 09:03:07.015] [PID:10654] [TID:2|main] ğŸ” HANG DETECTION CHECK:
2025-12-04 06:03:07.015 10654-10654 CDC_PROVISIONING_DEBUG  com.cdccreditsmart.app               I  [2025-12-04 09:03:07.015] [PID:10654] [TID:2|main]    â±ï¸ Time since provisioning start: 69ms
2025-12-04 06:03:07.016 10654-10654 CDC_PROVISIONING_DEBUG  com.cdccreditsmart.app               I  [2025-12-04 09:03:07.016] [PID:10654] [TID:2|main]    â±ï¸ Time since last callback: 69ms
2025-12-04 06:03:07.018 10654-10654 CDCDeviceAdminReceiver  com.cdccreditsmart.app               I  [2025-12-04 09:03:07.017] [PID:10654] [TID:2|main] âœ… Admin enablement verification completed successfully
2025-12-04 06:03:07.018 10654-10654 CDCDeviceAdminReceiver  com.cdccreditsmart.app               I  [2025-12-04 09:03:07.018] [PID:10654] [TID:2|main] ğŸ onEnabled callback completed - work profile preparation should continue
2025-12-04 06:03:07.018 10654-10654 CDCDeviceAdminReceiver  com.cdccreditsmart.app               I  [2025-12-04 09:03:07.018] [PID:10654] [TID:2|main] ğŸ”‘ =================================================================
2025-12-04 06:03:07.019 10654-10654 VRI[MainActivity]       com.cdccreditsmart.app               D  visibilityChanged oldVisibility=false newVisibility=true
2025-12-04 06:03:07.025 10654-10654 ViewRootImpl            com.cdccreditsmart.app               D  Skipping stats log for color mode
2025-12-04 06:03:07.495 10654-10654 InsetsController        com.cdccreditsmart.app               D  hide(ime(), fromIme=false)
2025-12-04 06:03:07.495 10654-10654 ImeTracker              com.cdccreditsmart.app               I  com.cdccreditsmart.app:416ae092: onCancelled at PHASE_CLIENT_ALREADY_HIDDEN
2025-12-04 06:03:08.933 10654-10654 WindowOnBackDispatcher  com.cdccreditsmart.app               W  sendCancelIfRunning: isInProgress=false callback=androidx.activity.OnBackPressedDispatcher$Api34Impl$createOnBackAnimationCallback$1@680f78
2025-12-04 06:03:08.942 10654-10699 HWUI                    com.cdccreditsmart.app               D  endAllActiveAnimators on 0x797915ec9870 (UnprojectedRipple) with handle 0x797855ee68f0
2025-12-04 06:03:09.044 10654-10654 InsetsController        com.cdccreditsmart.app               D  hide(ime(), fromIme=false)
2025-12-04 06:03:09.044 10654-10654 ImeTracker              com.cdccreditsmart.app               I  com.cdccreditsmart.app:9b3221e8: onCancelled at PHASE_CLIENT_ALREADY_HIDDEN
2025-12-04 06:03:10.350 10654-10654 PermissionGateScreen    com.cdccreditsmart.app               W  âš ï¸ Mostrando dialog insistente para: PermissÃµes do Sistema (tentativa 2)
2025-12-04 06:03:10.578 10654-10654 InsetsController        com.cdccreditsmart.app               D  hide(ime(), fromIme=false)
2025-12-04 06:03:10.578 10654-10654 ImeTracker              com.cdccreditsmart.app               I  com.cdccreditsmart.app:1c4bbaca: onCancelled at PHASE_CLIENT_ALREADY_HIDDEN
2025-12-04 06:03:11.663 10654-10654 WindowOnBackDispatcher  com.cdccreditsmart.app               W  sendCancelIfRunning: isInProgress=false callback=androidx.activity.OnBackPressedDispatcher$Api34Impl$createOnBackAnimationCallback$1@27da0cc
2025-12-04 06:03:11.687 10654-10699 HWUI                    com.cdccreditsmart.app               D  endAllActiveAnimators on 0x797915eda060 (UnprojectedRipple) with handle 0x797855ed1350
2025-12-04 06:03:11.732 10654-10654 InsetsController        com.cdccreditsmart.app               D  hide(ime(), fromIme=false)
2025-12-04 06:03:11.732 10654-10654 ImeTracker              com.cdccreditsmart.app               I  com.cdccreditsmart.app:f256250: onCancelled at PHASE_CLIENT_ALREADY_HIDDEN
2025-12-04 06:03:12.082 10654-10654 InsetsController        com.cdccreditsmart.app               D  hide(ime(), fromIme=false)
2025-12-04 06:03:12.082 10654-10654 ImeTracker              com.cdccreditsmart.app               I  com.cdccreditsmart.app:77142b29: onCancelled at PHASE_CLIENT_ALREADY_HIDDEN
2025-12-04 06:03:12.875 10654-10654 WindowOnBackDispatcher  com.cdccreditsmart.app               W  sendCancelIfRunning: isInProgress=false callback=androidx.activity.OnBackPressedDispatcher$Api34Impl$createOnBackAnimationCallback$1@5bb5311
2025-12-04 06:03:12.882 10654-10699 HWUI                    com.cdccreditsmart.app               D  endAllActiveAnimators on 0x797915ee2e00 (UnprojectedRipple) with handle 0x797855ecf370
2025-12-04 06:03:13.223 10654-10654 InsetsController        com.cdccreditsmart.app               D  hide(ime(), fromIme=false)
2025-12-04 06:03:13.223 10654-10654 ImeTracker              com.cdccreditsmart.app               I  com.cdccreditsmart.app:d34514cd: onCancelled at PHASE_CLIENT_ALREADY_HIDDEN
2025-12-04 06:03:13.797 10654-10654 WindowOnBackDispatcher  com.cdccreditsmart.app               W  sendCancelIfRunning: isInProgress=false callback=androidx.activity.OnBackPressedDispatcher$Api34Impl$createOnBackAnimationCallback$1@d1850ef
2025-12-04 06:03:13.808 10654-10699 HWUI                    com.cdccreditsmart.app               D  endAllActiveAnimators on 0x797915ee5b10 (UnprojectedRipple) with handle 0x797855ecc700
2025-12-04 06:03:14.197 10654-10654 InsetsController        com.cdccreditsmart.app               D  hide(ime(), fromIme=false)
2025-12-04 06:03:14.197 10654-10654 ImeTracker              com.cdccreditsmart.app               I  com.cdccreditsmart.app:53066d4f: onCancelled at PHASE_CLIENT_ALREADY_HIDDEN
2025-12-04 06:03:15.317 10654-10654 WindowOnBackDispatcher  com.cdccreditsmart.app               W  sendCancelIfRunning: isInProgress=false callback=androidx.activity.OnBackPressedDispatcher$Api34Impl$createOnBackAnimationCallback$1@ac74205
2025-12-04 06:03:15.329 10654-10699 HWUI                    com.cdccreditsmart.app               D  endAllActiveAnimators on 0x797915ef2910 (UnprojectedRipple) with handle 0x797855ec68b0
2025-12-04 06:03:15.715 10654-10654 InsetsController        com.cdccreditsmart.app               D  hide(ime(), fromIme=false)
2025-12-04 06:03:15.715 10654-10654 ImeTracker              com.cdccreditsmart.app               I  com.cdccreditsmart.app:1e86859c: onCancelled at PHASE_CLIENT_ALREADY_HIDDEN
2025-12-04 06:03:23.516 10654-10654 WindowOnBackDispatcher  com.cdccreditsmart.app               W  sendCancelIfRunning: isInProgress=false callback=androidx.activity.OnBackPressedDispatcher$Api34Impl$createOnBackAnimationCallback$1@4277032
2025-12-04 06:03:23.530 10654-10699 HWUI                    com.cdccreditsmart.app               D  endAllActiveAnimators on 0x797915efb040 (UnprojectedRipple) with handle 0x797855ebe630
2025-12-04 06:03:23.567 10654-10654 InsetsController        com.cdccreditsmart.app               D  hide(ime(), fromIme=false)
2025-12-04 06:03:23.567 10654-10654 ImeTracker              com.cdccreditsmart.app               I  com.cdccreditsmart.app:c6d5dfcf: onCancelled at PHASE_CLIENT_ALREADY_HIDDEN
2025-12-04 06:03:23.911 10654-10654 InsetsController        com.cdccreditsmart.app               D  hide(ime(), fromIme=false)
2025-12-04 06:03:23.911 10654-10654 ImeTracker              com.cdccreditsmart.app               I  com.cdccreditsmart.app:4941af33: onCancelled at PHASE_CLIENT_ALREADY_HIDDEN
2025-12-04 06:03:31.857 10654-10654 WindowOnBackDispatcher  com.cdccreditsmart.app               W  sendCancelIfRunning: isInProgress=false callback=androidx.activity.OnBackPressedDispatcher$Api34Impl$createOnBackAnimationCallback$1@a1743d6
2025-12-04 06:03:32.236 10654-10654 InsetsController        com.cdccreditsmart.app               D  hide(ime(), fromIme=false)
2025-12-04 06:03:32.236 10654-10654 ImeTracker              com.cdccreditsmart.app               I  com.cdccreditsmart.app:d8dfd5a3: onCancelled at PHASE_CLIENT_ALREADY_HIDDEN
2025-12-04 06:03:40.195 10654-10654 WindowOnBackDispatcher  com.cdccreditsmart.app               W  sendCancelIfRunning: isInProgress=false callback=androidx.activity.OnBackPressedDispatcher$Api34Impl$createOnBackAnimationCallback$1@943a771
2025-12-04 06:03:40.564 10654-10654 InsetsController        com.cdccreditsmart.app               D  hide(ime(), fromIme=false)
2025-12-04 06:03:40.565 10654-10654 ImeTracker              com.cdccreditsmart.app               I  com.cdccreditsmart.app:4ac9801a: onCancelled at PHASE_CLIENT_ALREADY_HIDDEN
2025-12-04 06:03:48.524 10654-10654 WindowOnBackDispatcher  com.cdccreditsmart.app               W  sendCancelIfRunning: isInProgress=false callback=androidx.activity.OnBackPressedDispatcher$Api34Impl$createOnBackAnimationCallback$1@72a3a98
2025-12-04 06:03:48.882 10654-10654 InsetsController        com.cdccreditsmart.app               D  hide(ime(), fromIme=false)
2025-12-04 06:03:48.882 10654-10654 ImeTracker              com.cdccreditsmart.app               I  com.cdccreditsmart.app:a97d873a: onCancelled at PHASE_CLIENT_ALREADY_HIDDEN
2025-12-04 06:03:56.828 10654-10654 WindowOnBackDispatcher  com.cdccreditsmart.app               W  sendCancelIfRunning: isInProgress=false callback=androidx.activity.OnBackPressedDispatcher$Api34Impl$createOnBackAnimationCallback$1@6ba80df
2025-12-04 06:03:57.134 10654-10654 InsetsController        com.cdccreditsmart.app               D  hide(ime(), fromIme=false)
2025-12-04 06:03:57.134 10654-10654 ImeTracker              com.cdccreditsmart.app               I  com.cdccreditsmart.app:5b0d5de4: onCancelled at PHASE_CLIENT_ALREADY_HIDDEN
2025-12-04 06:04:05.095 10654-10654 WindowOnBackDispatcher  com.cdccreditsmart.app               W  sendCancelIfRunning: isInProgress=false callback=androidx.activity.OnBackPressedDispatcher$Api34Impl$createOnBackAnimationCallback$1@71681bd
2025-12-04 06:04:05.397 10654-10654 InsetsController        com.cdccreditsmart.app               D  hide(ime(), fromIme=false)
2025-12-04 06:04:05.397 10654-10654 ImeTracker              com.cdccreditsmart.app               I  com.cdccreditsmart.app:a4bf54bd: onCancelled at PHASE_CLIENT_ALREADY_HIDDEN
2025-12-04 06:04:13.369 10654-10654 WindowOnBackDispatcher  com.cdccreditsmart.app               W  sendCancelIfRunning: isInProgress=false callback=androidx.activity.OnBackPressedDispatcher$Api34Impl$createOnBackAnimationCallback$1@20f63e8
2025-12-04 06:04:13.668 10654-10654 InsetsController        com.cdccreditsmart.app               D  hide(ime(), fromIme=false)
2025-12-04 06:04:13.668 10654-10654 ImeTracker              com.cdccreditsmart.app               I  com.cdccreditsmart.app:4a9d1706: onCancelled at PHASE_CLIENT_ALREADY_HIDDEN
2025-12-04 06:04:21.631 10654-10654 WindowOnBackDispatcher  com.cdccreditsmart.app               W  sendCancelIfRunning: isInProgress=false callback=androidx.activity.OnBackPressedDispatcher$Api34Impl$createOnBackAnimationCallback$1@5d5bb4e
2025-12-04 06:04:21.982 10654-10654 InsetsController        com.cdccreditsmart.app               D  hide(ime(), fromIme=false)
2025-12-04 06:04:21.982 10654-10654 ImeTracker              com.cdccreditsmart.app               I  com.cdccreditsmart.app:51e19feb: onCancelled at PHASE_CLIENT_ALREADY_HIDDEN
2025-12-04 06:04:29.943 10654-10654 WindowOnBackDispatcher  com.cdccreditsmart.app               W  sendCancelIfRunning: isInProgress=false callback=androidx.activity.OnBackPressedDispatcher$Api34Impl$createOnBackAnimationCallback$1@da021c9
2025-12-04 06:04:30.351 10654-10654 InsetsController        com.cdccreditsmart.app               D  hide(ime(), fromIme=false)
2025-12-04 06:04:30.351 10654-10654 ImeTracker              com.cdccreditsmart.app               I  com.cdccreditsmart.app:d50739c4: onCancelled at PHASE_CLIENT_ALREADY_HIDDEN
2025-12-04 06:04:38.318 10654-10654 WindowOnBackDispatcher  com.cdccreditsmart.app               W  sendCancelIfRunning: isInProgress=false callback=androidx.activity.OnBackPressedDispatcher$Api34Impl$createOnBackAnimationCallback$1@86f0e4
2025-12-04 06:04:38.680 10654-10654 InsetsController        com.cdccreditsmart.app               D  hide(ime(), fromIme=false)
2025-12-04 06:04:38.680 10654-10654 ImeTracker              com.cdccreditsmart.app               I  com.cdccreditsmart.app:180b6bae: onCancelled at PHASE_CLIENT_ALREADY_HIDDEN
2025-12-04 06:04:43.263 10654-10654 WindowOnBackDispatcher  com.cdccreditsmart.app               W  sendCancelIfRunning: isInProgress=false callback=androidx.activity.OnBackPressedDispatcher$Api34Impl$createOnBackAnimationCallback$1@9e0b3f7
2025-12-04 06:04:43.271 10654-10699 HWUI                    com.cdccreditsmart.app               D  endAllActiveAnimators on 0x797915f138f0 (UnprojectedRipple) with handle 0x797855ebdeb0
2025-12-04 06:04:43.683 10654-10654 InsetsController        com.cdccreditsmart.app               D  hide(ime(), fromIme=false)
2025-12-04 06:04:43.683 10654-10654 ImeTracker              com.cdccreditsmart.app               I  com.cdccreditsmart.app:d2fdfa0: onCancelled at PHASE_CLIENT_ALREADY_HIDDEN
2025-12-04 06:04:44.127 10654-10654 WindowOnBackDispatcher  com.cdccreditsmart.app               W  sendCancelIfRunning: isInProgress=false callback=androidx.activity.OnBackPressedDispatcher$Api34Impl$createOnBackAnimationCallback$1@72bac05
2025-12-04 06:04:44.139 10654-10699 HWUI                    com.cdccreditsmart.app               D  endAllActiveAnimators on 0x797915f1e050 (UnprojectedRipple) with handle 0x797855ea8250
2025-12-04 06:04:44.414 10654-10654 InsetsController        com.cdccreditsmart.app               D  hide(ime(), fromIme=false)
2025-12-04 06:04:44.414 10654-10654 ImeTracker              com.cdccreditsmart.app               I  com.cdccreditsmart.app:de5ce8f2: onCancelled at PHASE_CLIENT_ALREADY_HIDDEN
2025-12-04 06:04:45.049 10654-10654 WindowOnBackDispatcher  com.cdccreditsmart.app               W  sendCancelIfRunning: isInProgress=false callback=androidx.activity.OnBackPressedDispatcher$Api34Impl$createOnBackAnimationCallback$1@e89c60b
2025-12-04 06:04:45.058 10654-10699 HWUI                    com.cdccreditsmart.app               D  endAllActiveAnimators on 0x797915f24750 (UnprojectedRipple) with handle 0x797855ec6eb0
2025-12-04 06:04:45.423 10654-10654 InsetsController        com.cdccreditsmart.app               D  hide(ime(), fromIme=false)
2025-12-04 06:04:45.423 10654-10654 ImeTracker              com.cdccreditsmart.app               I  com.cdccreditsmart.app:5af6941c: onCancelled at PHASE_CLIENT_ALREADY_HIDDEN
2025-12-04 06:04:45.876 10654-10654 WindowOnBackDispatcher  com.cdccreditsmart.app               W  sendCancelIfRunning: isInProgress=false callback=androidx.activity.OnBackPressedDispatcher$Api34Impl$createOnBackAnimationCallback$1@5674668
2025-12-04 06:04:45.881 10654-10699 HWUI                    com.cdccreditsmart.app               D  endAllActiveAnimators on 0x797915f2bb30 (UnprojectedRipple) with handle 0x797855ebdeb0
2025-12-04 06:04:45.915 10654-10654 InsetsController        com.cdccreditsmart.app               D  hide(ime(), fromIme=false)
2025-12-04 06:04:45.915 10654-10654 ImeTracker              com.cdccreditsmart.app               I  com.cdccreditsmart.app:98e013b1: onCancelled at PHASE_CLIENT_ALREADY_HIDDEN
2025-12-04 06:04:46.252 10654-10654 InsetsController        com.cdccreditsmart.app               D  hide(ime(), fromIme=false)
2025-12-04 06:04:46.252 10654-10654 ImeTracker              com.cdccreditsmart.app               I  com.cdccreditsmart.app:d99b9532: onCancelled at PHASE_CLIENT_ALREADY_HIDDEN
2025-12-04 06:04:54.202 10654-10654 WindowOnBackDispatcher  com.cdccreditsmart.app               W  sendCancelIfRunning: isInProgress=false callback=androidx.activity.OnBackPressedDispatcher$Api34Impl$createOnBackAnimationCallback$1@60bcca6
2025-12-04 06:04:54.597 10654-10654 InsetsController        com.cdccreditsmart.app               D  hide(ime(), fromIme=false)
2025-12-04 06:04:54.597 10654-10654 ImeTracker              com.cdccreditsmart.app               I  com.cdccreditsmart.app:c66cf1eb: onCancelled at PHASE_CLIENT_ALREADY_HIDDEN
2025-12-04 06:05:02.556 10654-10654 WindowOnBackDispatcher  com.cdccreditsmart.app               W  sendCancelIfRunning: isInProgress=false callback=androidx.activity.OnBackPressedDispatcher$Api34Impl$createOnBackAnimationCallback$1@1511968
2025-12-04 06:05:03.111 10654-10654 InsetsController        com.cdccreditsmart.app               D  hide(ime(), fromIme=false)
2025-12-04 06:05:03.111 10654-10654 ImeTracker              com.cdccreditsmart.app               I  com.cdccreditsmart.app:c015ce35: onCancelled at PHASE_CLIENT_ALREADY_HIDDEN
2025-12-04 06:05:05.253 10654-10654 InsetsController        com.cdccreditsmart.app               D  hide(ime(), fromIme=false)
2025-12-04 06:05:05.254 10654-10654 ImeTracker              com.cdccreditsmart.app               I  com.cdccreditsmart.app:cd52487c: onCancelled at PHASE_CLIENT_ALREADY_HIDDEN
2025-12-04 06:05:08.209 10654-10654 InsetsController        com.cdccreditsmart.app               D  hide(ime(), fromIme=false)
2025-12-04 06:05:08.209 10654-10654 ImeTracker              com.cdccreditsmart.app               I  com.cdccreditsmart.app:9cd8269d: onCancelled at PHASE_CLIENT_ALREADY_HIDDEN
2025-12-04 06:05:11.042 10654-10654 WindowOnBackDispatcher  com.cdccreditsmart.app               W  sendCancelIfRunning: isInProgress=false callback=androidx.activity.OnBackPressedDispatcher$Api34Impl$createOnBackAnimationCallback$1@6c440b
2025-12-04 06:05:11.074 10654-10654 PermissionGateScreen    com.cdccreditsmart.app               W  âš ï¸ Mostrando dialog insistente para: PermissÃµes do Sistema (tentativa 23)
2025-12-04 06:05:11.742 10654-10654 VRI[MainActivity]       com.cdccreditsmart.app               D  visibilityChanged oldVisibility=true newVisibility=false
2025-12-04 06:05:11.744 10654-10654 VRI[MainActivity]       com.cdccreditsmart.app               D  visibilityChanged oldVisibility=true newVisibility=false
2025-12-04 06:05:12.970 10654-10689 FA                      com.cdccreditsmart.app               I  Application backgrounded at: timestamp_millis: 1764839110968
2025-12-04 06:05:15.750 10654-10654 CDCDeviceAdminReceiver  com.cdccreditsmart.app               W  âŒ ==================== DEVICE ADMIN DISABLED ====================
2025-12-04 06:05:15.750 10654-10654 CDCDeviceAdminReceiver  com.cdccreditsmart.app               W  âŒ Device Admin has been disabled
2025-12-04 06:05:15.750 10654-10654 CDCDeviceAdminReceiver  com.cdccreditsmart.app               W  â° Timestamp: 1764839115750
2025-12-04 06:05:15.750 10654-10654 CDCDeviceAdminReceiver  com.cdccreditsmart.app               W  âš ï¸ This should not happen during normal provisioning!
2025-12-04 06:05:15.750 10654-10654 CDCDeviceAdminReceiver  com.cdccreditsmart.app               W  âŒ =================================================================
---------------------------- PROCESS ENDED (10654) for package com.cdccreditsmart.app ----------------------------
---------------------------- PROCESS STARTED (11139) for package com.cdccreditsmart.app ----------------------------
2025-12-04 06:13:05.369 11139-11139 creditsmart.app         com.cdccreditsmart.app               I  Using CollectorTypeCMC GC.
2025-12-04 06:13:05.371 11139-11139 creditsmart.app         com.cdccreditsmart.app               W  Unexpected CPU variant for x86: x86_64.
                                                                                                    Known variants: atom, sandybridge, silvermont, goldmont, goldmont-plus, goldmont-without-sha-xsaves, tremont, kabylake, alderlake, default
2025-12-04 06:13:05.385 11139-11139 nativeloader            com.cdccreditsmart.app               D  Load libframework-connectivity-tiramisu-jni.so using APEX ns com_android_tethering for caller /apex/com.android.tethering/javalib/framework-connectivity-t.jar: ok
2025-12-04 06:13:05.778 11139-11139 nativeloader            com.cdccreditsmart.app               D  Configuring clns-9 for other apk /data/app/~~zB1uoj73hRV5ZLldS7DiFQ==/com.cdccreditsmart.app-sy9-4RJVhQDsje2sR0uI9g==/base.apk. target_sdk_version=35, uses_libraries=, library_path=/data/app/~~zB1uoj73hRV5ZLldS7DiFQ==/com.cdccreditsmart.app-sy9-4RJVhQDsje2sR0uI9g==/lib/x86_64:/data/app/~~zB1uoj73hRV5ZLldS7DiFQ==/com.cdccreditsmart.app-sy9-4RJVhQDsje2sR0uI9g==/base.apk!/lib/x86_64, permitted_path=/data:/mnt/expand:/data/user/0/com.cdccreditsmart.app
2025-12-04 06:13:05.779 11139-11139 CompatChangeReporter    com.cdccreditsmart.app               D  Compat change id reported: 202956589; UID 10223; state: ENABLED
2025-12-04 06:13:05.783 11139-11139 creditsmart.app         com.cdccreditsmart.app               I  AssetManager2(0x7978a5e9d6f8) locale list changing from [] to [en-US]
2025-12-04 06:13:05.789 11139-11139 GraphicsEnvironment     com.cdccreditsmart.app               V  Currently set values for:
2025-12-04 06:13:05.789 11139-11139 GraphicsEnvironment     com.cdccreditsmart.app               V    angle_gl_driver_selection_pkgs=[]
2025-12-04 06:13:05.789 11139-11139 GraphicsEnvironment     com.cdccreditsmart.app               V    angle_gl_driver_selection_values=[]
2025-12-04 06:13:05.789 11139-11139 GraphicsEnvironment     com.cdccreditsmart.app               V  com.cdccreditsmart.app is not listed in per-application setting
2025-12-04 06:13:05.790 11139-11139 GraphicsEnvironment     com.cdccreditsmart.app               V  ANGLE allowlist from config: com.dreamgames.royalmatch com.dts.freefiremax com.dxx.firenow com.gramgames.mergedragons com.ludo.king com.mojang.minecraftpe com.my.defense com.nintendo.zaka com.os.airforce com.playrix.fishdomdd.gplay io.teslatech.callbreak jp.konami.prospia net.peakgames.toonblast
2025-12-04 06:13:05.790 11139-11139 GraphicsEnvironment     com.cdccreditsmart.app               V  com.cdccreditsmart.app is not listed in ANGLE allowlist or settings, returning default
2025-12-04 06:13:05.790 11139-11139 GraphicsEnvironment     com.cdccreditsmart.app               V  Neither updatable production driver nor prerelease driver is supported.
2025-12-04 06:13:05.847 11139-11139 FirebaseApp             com.cdccreditsmart.app               I  Device unlocked: initializing all Firebase APIs for app [DEFAULT]
2025-12-04 06:13:05.874 11139-11139 FirebaseInitProvider    com.cdccreditsmart.app               I  FirebaseApp initialization successful
2025-12-04 06:13:05.894 11139-11139 WM-WrkMgrInitializer    com.cdccreditsmart.app               D  Initializing WorkManager with default configuration.
2025-12-04 06:13:05.925 11139-11159 creditsmart.app         com.cdccreditsmart.app               W  ClassLoaderContext classpath size mismatch. expected=1, found=0 (DLC[];PCL[base.apk*630649996]{PCL[/system/framework/org.apache.http.legacy.jar*4247870504]#PCL[/system/framework/com.android.media.remotedisplay.jar*487574312]#PCL[/system/framework/com.android.location.provider.jar*1570284764]#PCL[/system_ext/framework/androidx.window.extensions.jar*1030441313]#PCL[/system_ext/framework/androidx.window.sidecar.jar*3860983653]} | DLC[];PCL[])
2025-12-04 06:13:05.933 11139-11159 DynamiteModule          com.cdccreditsmart.app               I  Considering local module com.google.android.gms.measurement.dynamite:127 and remote module com.google.android.gms.measurement.dynamite:170
2025-12-04 06:13:05.933 11139-11159 DynamiteModule          com.cdccreditsmart.app               I  Selected remote version of com.google.android.gms.measurement.dynamite, version >= 170
2025-12-04 06:13:05.933 11139-11159 DynamiteModule          com.cdccreditsmart.app               V  Dynamite loader version >= 2, using loadModule2NoCrashUtils
2025-12-04 06:13:05.955 11139-11139 WM-PackageManagerHelper com.cdccreditsmart.app               D  androidx.work.impl.background.systemjob.SystemJobService enabled
2025-12-04 06:13:05.956 11139-11139 WM-Schedulers           com.cdccreditsmart.app               D  Created SystemJobScheduler and enabled SystemJobService
2025-12-04 06:13:05.958 11139-11159 System                  com.cdccreditsmart.app               W  ClassLoader referenced unknown path: 
2025-12-04 06:13:05.958 11139-11159 nativeloader            com.cdccreditsmart.app               D  Configuring clns-10 for other apk . target_sdk_version=36, uses_libraries=, library_path=/data/app/~~OZFgWq-3ZTplMt5BWJR_Yg==/com.google.android.gms-ZLGr-dbkpzH3--pe6z9XBA==/lib/x86_64:/data/app/~~OZFgWq-3ZTplMt5BWJR_Yg==/com.google.android.gms-ZLGr-dbkpzH3--pe6z9XBA==/base.apk!/lib/x86_64, permitted_path=/data:/mnt/expand:/data/user/0/com.google.android.gms
2025-12-04 06:13:05.959 11139-11139 CompatChangeReporter    com.cdccreditsmart.app               D  Compat change id reported: 279646685; UID 10223; state: ENABLED
2025-12-04 06:13:05.961 11139-11168 CompatChangeReporter    com.cdccreditsmart.app               D  Compat change id reported: 312399441; UID 10223; state: ENABLED
2025-12-04 06:13:05.963 11139-11139 CrashHandler            com.cdccreditsmart.app               I  âœ… Global crash handler instalado
2025-12-04 06:13:05.963 11139-11139 CDCApplication          com.cdccreditsmart.app               I  ğŸš€ CDC Credit Smart Application iniciando...
2025-12-04 06:13:05.963 11139-11139 CDCApplication          com.cdccreditsmart.app               I  ========================================
2025-12-04 06:13:05.963 11139-11139 CDCApplication          com.cdccreditsmart.app               I  ğŸ” Verificando status de Device Owner...
2025-12-04 06:13:05.965 11139-11139 CompatChangeReporter    com.cdccreditsmart.app               D  Compat change id reported: 307233716; UID 10223; state: ENABLED
2025-12-04 06:13:05.965 11139-11139 CDCApplication          com.cdccreditsmart.app               I  Device Owner Status: âŒ NÃƒO
2025-12-04 06:13:05.965 11139-11139 CDCApplication          com.cdccreditsmart.app               I  Package Name: com.cdccreditsmart.app
2025-12-04 06:13:05.965 11139-11139 CDCApplication          com.cdccreditsmart.app               E  
2025-12-04 06:13:05.965 11139-11139 CDCApplication          com.cdccreditsmart.app               E  â•”â•â•â•â•â•â•â•â•â•â•â•â•â•â•â•â•â•â•â•â•â•â•â•â•â•â•â•â•â•â•â•â•â•â•â•â•â•â•â•â•â•â•â•â•â•â•â•â•â•â•â•â•â•â•â•â•â•—
2025-12-04 06:13:05.965 11139-11139 CDCApplication          com.cdccreditsmart.app               E  â•‘  âš ï¸  APP NÃƒO ESTÃ PROVISIONADO COMO DEVICE OWNER  âš ï¸   â•‘
2025-12-04 06:13:05.965 11139-11139 CDCApplication          com.cdccreditsmart.app               E  â• â•â•â•â•â•â•â•â•â•â•â•â•â•â•â•â•â•â•â•â•â•â•â•â•â•â•â•â•â•â•â•â•â•â•â•â•â•â•â•â•â•â•â•â•â•â•â•â•â•â•â•â•â•â•â•â•â•£
2025-12-04 06:13:05.965 11139-11139 CDCApplication          com.cdccreditsmart.app               E  â•‘  O app precisa ser provisionado como Device Owner      â•‘
2025-12-04 06:13:05.965 11139-11139 CDCApplication          com.cdccreditsmart.app               E  â•‘  ANTES de poder conceder permissÃµes automaticamente.   â•‘
2025-12-04 06:13:05.965 11139-11139 CDCApplication          com.cdccreditsmart.app               E  â•‘                                                        â•‘
2025-12-04 06:13:05.965 11139-11139 CDCApplication          com.cdccreditsmart.app               E  â•‘  Provisione o dispositivo usando um dos mÃ©todos:       â•‘
2025-12-04 06:13:05.965 11139-11139 CDCApplication          com.cdccreditsmart.app               E  â•‘  1. ADB: adb shell dpm set-device-owner ...           â•‘
2025-12-04 06:13:05.965 11139-11139 CDCApplication          com.cdccreditsmart.app               E  â•‘  2. QR Code durante setup inicial                      â•‘
2025-12-04 06:13:05.965 11139-11139 CDCApplication          com.cdccreditsmart.app               E  â•‘  3. NFC durante setup inicial                          â•‘
2025-12-04 06:13:05.965 11139-11139 CDCApplication          com.cdccreditsmart.app               E  â•‘  4. Samsung Knox Mobile Enrollment                     â•‘
2025-12-04 06:13:05.965 11139-11139 CDCApplication          com.cdccreditsmart.app               E  â•šâ•â•â•â•â•â•â•â•â•â•â•â•â•â•â•â•â•â•â•â•â•â•â•â•â•â•â•â•â•â•â•â•â•â•â•â•â•â•â•â•â•â•â•â•â•â•â•â•â•â•â•â•â•â•â•â•â•
2025-12-04 06:13:05.965 11139-11139 CDCApplication          com.cdccreditsmart.app               E  
2025-12-04 06:13:05.965 11139-11139 CDCApplication          com.cdccreditsmart.app               I  ========================================
2025-12-04 06:13:05.968 11139-11139 AppProtectionManager    com.cdccreditsmart.app               I  
2025-12-04 06:13:05.968 11139-11139 AppProtectionManager    com.cdccreditsmart.app               I  â•”â•â•â•â•â•â•â•â•â•â•â•â•â•â•â•â•â•â•â•â•â•â•â•â•â•â•â•â•â•â•â•â•â•â•â•â•â•â•â•â•â•â•â•â•â•â•â•â•â•â•â•â•â•â•â•â•â•â•â•â•â•â•â•â•â•—
2025-12-04 06:13:05.968 11139-11139 AppProtectionManager    com.cdccreditsmart.app               I  â•‘     ğŸ›¡ï¸ APLICANDO MELHOR PROTEÃ‡ÃƒO DISPONÃVEL                    â•‘
2025-12-04 06:13:05.968 11139-11139 AppProtectionManager    com.cdccreditsmart.app               I  â•‘           CDC CREDIT SMART - PROTEÃ‡ÃƒO EM CAMADAS              â•‘
2025-12-04 06:13:05.968 11139-11139 AppProtectionManager    com.cdccreditsmart.app               I  â•šâ•â•â•â•â•â•â•â•â•â•â•â•â•â•â•â•â•â•â•â•â•â•â•â•â•â•â•â•â•â•â•â•â•â•â•â•â•â•â•â•â•â•â•â•â•â•â•â•â•â•â•â•â•â•â•â•â•â•â•â•â•â•â•â•â•
2025-12-04 06:13:05.968 11139-11139 AppProtectionManager    com.cdccreditsmart.app               I  
2025-12-04 06:13:05.970 11139-11168 ashmem                  com.cdccreditsmart.app               E  Pinning is deprecated since Android Q. Please use trim or other methods.
2025-12-04 06:13:05.971 11139-11139 AppProtectionManager    com.cdccreditsmart.app               I  ğŸ“‹ STATUS ATUAL:
2025-12-04 06:13:05.971 11139-11139 AppProtectionManager    com.cdccreditsmart.app               I     Device Owner: NÃƒO
2025-12-04 06:13:05.971 11139-11139 AppProtectionManager    com.cdccreditsmart.app               I     Device Admin: NÃƒO
2025-12-04 06:13:05.971 11139-11139 AppProtectionManager    com.cdccreditsmart.app               I  
2025-12-04 06:13:05.971 11139-11139 AppProtectionManager    com.cdccreditsmart.app               W  âš ï¸ NÃVEL: SEM PRIVILÃ‰GIOS
2025-12-04 06:13:05.971 11139-11139 AppProtectionManager    com.cdccreditsmart.app               W     App precisa ser ativado como Device Admin ou Device Owner
2025-12-04 06:13:05.971 11139-11139 AppProtectionManager    com.cdccreditsmart.app               W     para aplicar proteÃ§Ãµes contra desinstalaÃ§Ã£o.
2025-12-04 06:13:05.971 11139-11139 AppProtectionManager    com.cdccreditsmart.app               W  
2025-12-04 06:13:05.972 11139-11139 AppProtectionManager    com.cdccreditsmart.app               I     Iniciando serviÃ§os de persistÃªncia...
2025-12-04 06:13:05.974 11139-11139 AppProtectionManager    com.cdccreditsmart.app               I     âœ… Foreground Service iniciado
2025-12-04 06:13:05.976 11139-11159 creditsmart.app         com.cdccreditsmart.app               I  AssetManager2(0x7978a5e99238) locale list changing from [] to [en-US]
2025-12-04 06:13:05.989 11139-11159 creditsmart.app         com.cdccreditsmart.app               W  ClassLoaderContext classpath element checksum mismatch. expected=630649996, found=1200994396 (DLC[];PCL[base.apk*630649996]{PCL[/system/framework/org.apache.http.legacy.jar*4247870504]#PCL[/system/framework/com.android.media.remotedisplay.jar*487574312]#PCL[/system/framework/com.android.location.provider.jar*1570284764]#PCL[/system_ext/framework/androidx.window.extensions.jar*1030441313]#PCL[/system_ext/framework/androidx.window.sidecar.jar*3860983653]} | DLC[];PCL[/data/app/~~zB1uoj73hRV5ZLldS7DiFQ==/com.cdccreditsmart.app-sy9-4RJVhQDsje2sR0uI9g==/base.apk*1200994396])
2025-12-04 06:13:05.996 11139-11139 AppProtectionManager    com.cdccreditsmart.app               I     âœ… ServiceWatchdog agendado (15 min)
2025-12-04 06:13:05.996 11139-11139 CDCApplication          com.cdccreditsmart.app               I  
2025-12-04 06:13:05.996 11139-11139 CDCApplication          com.cdccreditsmart.app               I  â•”â•â•â•â•â•â•â•â•â•â•â•â•â•â•â•â•â•â•â•â•â•â•â•â•â•â•â•â•â•â•â•â•â•â•â•â•â•â•â•â•â•â•â•â•â•â•â•â•â•â•â•â•â•â•â•â•â•â•â•â•â•—
2025-12-04 06:13:05.996 11139-11139 CDCApplication          com.cdccreditsmart.app               I  â•‘     RESULTADO DA APLICAÃ‡ÃƒO DE PROTEÃ‡Ã•ES                    â•‘
2025-12-04 06:13:05.996 11139-11139 CDCApplication          com.cdccreditsmart.app               I  â•šâ•â•â•â•â•â•â•â•â•â•â•â•â•â•â•â•â•â•â•â•â•â•â•â•â•â•â•â•â•â•â•â•â•â•â•â•â•â•â•â•â•â•â•â•â•â•â•â•â•â•â•â•â•â•â•â•â•â•â•â•â•
2025-12-04 06:13:05.996 11139-11139 CDCApplication          com.cdccreditsmart.app               I     NÃ­vel: NONE
2025-12-04 06:13:05.996 11139-11139 CDCApplication          com.cdccreditsmart.app               I     ProteÃ§Ãµes aplicadas: 0
2025-12-04 06:13:05.996 11139-11139 CDCApplication          com.cdccreditsmart.app               E     Status: SEM PROTEÃ‡ÃƒO
2025-12-04 06:13:05.996 11139-11139 CDCApplication          com.cdccreditsmart.app               E     App precisa ser provisionado como Device Owner
2025-12-04 06:13:05.996 11139-11139 CDCApplication          com.cdccreditsmart.app               E  
2025-12-04 06:13:05.996 11139-11139 CDCApplication          com.cdccreditsmart.app               E     Provisione o dispositivo usando:
2025-12-04 06:13:05.996 11139-11139 CDCApplication          com.cdccreditsmart.app               E     1. QR Code durante setup inicial
2025-12-04 06:13:05.996 11139-11139 CDCApplication          com.cdccreditsmart.app               E     2. ADB: adb shell dpm set-device-owner ...
2025-12-04 06:13:05.996 11139-11139 CDCApplication          com.cdccreditsmart.app               E     3. Samsung Knox Mobile Enrollment
2025-12-04 06:13:05.996 11139-11139 CDCApplication          com.cdccreditsmart.app               I  â•šâ•â•â•â•â•â•â•â•â•â•â•â•â•â•â•â•â•â•â•â•â•â•â•â•â•â•â•â•â•â•â•â•â•â•â•â•â•â•â•â•â•â•â•â•â•â•â•â•â•â•â•â•â•â•â•â•â•â•â•â•â•
2025-12-04 06:13:05.996 11139-11139 CDCApplication          com.cdccreditsmart.app               I  
2025-12-04 06:13:05.997 11139-11139 TamperDetection         com.cdccreditsmart.app               I  ========================================
2025-12-04 06:13:05.997 11139-11139 TamperDetection         com.cdccreditsmart.app               I  ğŸ” VERIFICANDO INTEGRIDADE DO DISPOSITIVO
2025-12-04 06:13:05.997 11139-11139 TamperDetection         com.cdccreditsmart.app               I  ========================================
2025-12-04 06:13:06.000 11139-11159 creditsmart.app         com.cdccreditsmart.app               I  AssetManager2(0x7978a5e9c438) locale list changing from [] to [en-US]
2025-12-04 06:13:06.000 11139-11159 creditsmart.app         com.cdccreditsmart.app               I  AssetManager2(0x7978a5e9e058) locale list changing from [] to [en-US]
2025-12-04 06:13:06.100 11139-11168 creditsmart.app         com.cdccreditsmart.app               W  JNI critical lock held for 22.416ms on Thread[26,tid=11168,Runnable,Thread*=0x797935ece950,peer=0x2354740,"WM.task-1"]
2025-12-04 06:13:06.174 11139-11176 creditsmart.app         com.cdccreditsmart.app               I  hiddenapi: Accessing hidden method Ldalvik/system/VMStack;->getStackClass2()Ljava/lang/Class; (runtime_flags=0, domain=core-platform, api=unsupported) from Lm7/aox; (domain=app) using reflection: allowed
2025-12-04 06:13:06.185 11139-11175 creditsmart.app         com.cdccreditsmart.app               E  No package ID 6a found for resource ID 0x6a0b0013.
2025-12-04 06:13:06.185 11139-11173 JobInfo                 com.cdccreditsmart.app               W  Requested important-while-foreground flag for job0 is ignored and takes no effect
2025-12-04 06:13:06.186 11139-11173 CompatChangeReporter    com.cdccreditsmart.app               D  Compat change id reported: 311402873; UID 10223; state: ENABLED
2025-12-04 06:13:06.186 11139-11173 CompatChangeReporter    com.cdccreditsmart.app               D  Compat change id reported: 323349338; UID 10223; state: ENABLED
2025-12-04 06:13:06.186 11139-11175 FA                      com.cdccreditsmart.app               I  App measurement initialized, version: 146007
2025-12-04 06:13:06.186 11139-11175 FA                      com.cdccreditsmart.app               I  To enable debug logging run: adb shell setprop log.tag.FA VERBOSE
2025-12-04 06:13:06.186 11139-11175 FA                      com.cdccreditsmart.app               I  To enable faster debug mode event logging run:
                                                                                                      adb shell setprop debug.firebase.analytics.app com.cdccreditsmart.app
2025-12-04 06:13:06.193 11139-11176 PhClient                com.cdccreditsmart.app               I  Unable to retrieve flag snapshot for com.google.android.gms.measurement#com.cdccreditsmart.app, using defaults.
2025-12-04 06:13:06.285 11139-11139 TamperDetection         com.cdccreditsmart.app               I  âœ… Primeira instalaÃ§Ã£o detectada
2025-12-04 06:13:06.285 11139-11139 TamperDetection         com.cdccreditsmart.app               I     Token e deviceId nÃ£o existem - app nunca foi pareado
2025-12-04 06:13:06.285 11139-11139 TamperDetection         com.cdccreditsmart.app               I  ========================================
2025-12-04 06:13:06.298 11139-11139 TamperDetection         com.cdccreditsmart.app               I  âœ… Device fingerprint criado: CDC_-124****
2025-12-04 06:13:06.299 11139-11139 TamperDetection         com.cdccreditsmart.app               I  
2025-12-04 06:13:06.299 11139-11139 TamperDetection         com.cdccreditsmart.app               I  â•”â•â•â•â•â•â•â•â•â•â•â•â•â•â•â•â•â•â•â•â•â•â•â•â•â•â•â•â•â•â•â•â•â•â•â•â•â•â•â•â•â•â•â•â•â•â•â•â•â•â•â•â•â•â•â•â•â•—
2025-12-04 06:13:06.299 11139-11139 TamperDetection         com.cdccreditsmart.app               I  â•‘    ğŸ“¡ REPORTAR BOOT AO BACKEND                        â•‘
2025-12-04 06:13:06.299 11139-11139 TamperDetection         com.cdccreditsmart.app               I  â• â•â•â•â•â•â•â•â•â•â•â•â•â•â•â•â•â•â•â•â•â•â•â•â•â•â•â•â•â•â•â•â•â•â•â•â•â•â•â•â•â•â•â•â•â•â•â•â•â•â•â•â•â•â•â•â•â•£
2025-12-04 06:13:06.299 11139-11139 TamperDetection         com.cdccreditsmart.app               I  â•‘  Device Fingerprint: CDC_-1244237****      â•‘
2025-12-04 06:13:06.299 11139-11139 TamperDetection         com.cdccreditsmart.app               I  â•‘  Boot Timestamp: 1764839586299          â•‘
2025-12-04 06:13:06.299 11139-11139 TamperDetection         com.cdccreditsmart.app               I  â•‘                                                        â•‘
2025-12-04 06:13:06.299 11139-11139 TamperDetection         com.cdccreditsmart.app               I  â•‘  Backend detectarÃ¡ factory reset comparando:          â•‘
2025-12-04 06:13:06.299 11139-11139 TamperDetection         com.cdccreditsmart.app               I  â•‘  â€¢ Fingerprint histÃ³rico vs atual                     â•‘
2025-12-04 06:13:06.299 11139-11139 TamperDetection         com.cdccreditsmart.app               I  â•‘  â€¢ Timestamp do Ãºltimo boot vs agora                  â•‘
2025-12-04 06:13:06.299 11139-11139 TamperDetection         com.cdccreditsmart.app               I  â•‘  â€¢ Token vÃ¡lido vs ausente                            â•‘
2025-12-04 06:13:06.299 11139-11139 TamperDetection         com.cdccreditsmart.app               I  â•šâ•â•â•â•â•â•â•â•â•â•â•â•â•â•â•â•â•â•â•â•â•â•â•â•â•â•â•â•â•â•â•â•â•â•â•â•â•â•â•â•â•â•â•â•â•â•â•â•â•â•â•â•â•â•â•â•â•
2025-12-04 06:13:06.299 11139-11139 TamperDetection         com.cdccreditsmart.app               I  
2025-12-04 06:13:06.299 11139-11139 TamperDetection         com.cdccreditsmart.app               I  âš ï¸ TODO: Implementar POST /api/security/device-boot
2025-12-04 06:13:06.305 11139-11180 CDCApplication          com.cdccreditsmart.app               I  ğŸ”’ Verificando status do SIM no boot da aplicaÃ§Ã£o...
2025-12-04 06:13:06.307 11139-11180 SimSwapManager          com.cdccreditsmart.app               I  ========================================
2025-12-04 06:13:06.307 11139-11180 SimSwapManager          com.cdccreditsmart.app               I  ğŸ”’ SIM SWAP: Iniciando verificaÃ§Ã£o de status do SIM
2025-12-04 06:13:06.307 11139-11180 SimSwapManager          com.cdccreditsmart.app               I  ========================================
2025-12-04 06:13:06.310 11139-11180 SimSwapDetector         com.cdccreditsmart.app               E  ğŸ”’ SIM SWAP: PermissÃ£o READ_PHONE_STATE NÃƒO CONCEDIDA!
2025-12-04 06:13:06.310 11139-11180 SimSwapManager          com.cdccreditsmart.app               E  ğŸ”’ SIM SWAP: Sem permissÃ£o READ_PHONE_STATE - verificaÃ§Ã£o cancelada
2025-12-04 06:13:06.310 11139-11180 SimSwapManager          com.cdccreditsmart.app               I  ========================================
