                                                                                                    	at android.os.Looper.loop(Looper.java:338)
                                                                                                    	at android.app.ActivityThread.main(ActivityThread.java:9067)
                                                                                                    	at java.lang.reflect.Method.invoke(Native Method)
                                                                                                    	at com.android.internal.os.RuntimeInit$MethodAndArgsCaller.run(RuntimeInit.java:593)
                                                                                                    	at com.android.internal.os.ZygoteInit.main(ZygoteInit.java:932)
2025-12-04 06:14:08.915 11139-11139 CDCDeviceAdminReceiver  com.cdccreditsmart.app               I  [2025-12-04 09:14:08.915] [PID:11139] [TID:2|main]    ğŸ’¾ Storage encryption status: false
2025-12-04 06:14:08.917 11139-11139 CDCDeviceAdminReceiver  com.cdccreditsmart.app               I  [2025-12-04 09:14:08.916] [PID:11139] [TID:2|main] âœ… Device capabilities analysis completed
2025-12-04 06:14:08.918 11139-11139 CDC_PROVISIONING_DEBUG  com.cdccreditsmart.app               I  [2025-12-04 09:14:08.917] [PID:11139] [TID:2|main] ğŸ“‹ CALLBACK SEQUENCE (1 callbacks):
2025-12-04 06:14:08.918 11139-11139 CDC_PROVISIONING_DEBUG  com.cdccreditsmart.app               I  [2025-12-04 09:14:08.918] [PID:11139] [TID:2|main]    1. 2025-12-04 09:14:08.867 - onEnabled
2025-12-04 06:14:08.918 11139-11139 CDC_PROVISIONING_DEBUG  com.cdccreditsmart.app               I  [2025-12-04 09:14:08.918] [PID:11139] [TID:2|main] ğŸ” HANG DETECTION CHECK:
2025-12-04 06:14:08.919 11139-11139 CDC_PROVISIONING_DEBUG  com.cdccreditsmart.app               I  [2025-12-04 09:14:08.918] [PID:11139] [TID:2|main]    â±ï¸ Time since provisioning start: 51ms
2025-12-04 06:14:08.920 11139-11139 CDC_PROVISIONING_DEBUG  com.cdccreditsmart.app               I  [2025-12-04 09:14:08.919] [PID:11139] [TID:2|main]    â±ï¸ Time since last callback: 51ms
2025-12-04 06:14:08.921 11139-11139 CDCDeviceAdminReceiver  com.cdccreditsmart.app               I  [2025-12-04 09:14:08.920] [PID:11139] [TID:2|main] âœ… Admin enablement verification completed successfully
2025-12-04 06:14:08.921 11139-11139 CDCDeviceAdminReceiver  com.cdccreditsmart.app               I  [2025-12-04 09:14:08.921] [PID:11139] [TID:2|main] ğŸ onEnabled callback completed - work profile preparation should continue
2025-12-04 06:14:08.921 11139-11139 CDCDeviceAdminReceiver  com.cdccreditsmart.app               I  [2025-12-04 09:14:08.921] [PID:11139] [TID:2|main] ğŸ”‘ =================================================================
2025-12-04 06:14:08.926 11139-11139 PermissionGateScreen    com.cdccreditsmart.app               I  âœ… Device Admin status atualizado
2025-12-04 06:14:09.152 11139-11139 InsetsController        com.cdccreditsmart.app               D  hide(ime(), fromIme=false)
2025-12-04 06:14:09.152 11139-11139 ImeTracker              com.cdccreditsmart.app               I  com.cdccreditsmart.app:cd912cf0: onCancelled at PHASE_CLIENT_ALREADY_HIDDEN
2025-12-04 06:14:11.418 11139-11139 PermissionGateScreen    com.cdccreditsmart.app               I  âœ… Runtime permissions atualizadas
2025-12-04 06:14:11.454 11139-11139 InsetsController        com.cdccreditsmart.app               D  hide(ime(), fromIme=false)
2025-12-04 06:14:11.454 11139-11139 ImeTracker              com.cdccreditsmart.app               I  com.cdccreditsmart.app:2dc101a0: onCancelled at PHASE_CLIENT_ALREADY_HIDDEN
2025-12-04 06:14:13.213 11139-11139 PermissionGateScreen    com.cdccreditsmart.app               I  âœ… Runtime permissions atualizadas
2025-12-04 06:14:13.242 11139-11139 InsetsController        com.cdccreditsmart.app               D  hide(ime(), fromIme=false)
2025-12-04 06:14:13.242 11139-11139 ImeTracker              com.cdccreditsmart.app               I  com.cdccreditsmart.app:1bab274d: onCancelled at PHASE_CLIENT_ALREADY_HIDDEN
2025-12-04 06:14:15.276 11139-11139 VRI[MainActivity]       com.cdccreditsmart.app               D  visibilityChanged oldVisibility=true newVisibility=false
2025-12-04 06:14:15.294 11139-11186 HWUI                    com.cdccreditsmart.app               D  endAllActiveAnimators on 0x797915ecec20 (UnprojectedRipple) with handle 0x797855eda080
2025-12-04 06:14:16.561 11139-11227 FA                      com.cdccreditsmart.app               I  Application backgrounded at: timestamp_millis: 1764839654560
2025-12-04 06:14:20.802 11139-11191 SettingsGuardService    com.cdccreditsmart.app               W  ğŸš¨ SETTINGS DETECTADO! (count: 2)
2025-12-04 06:14:20.802 11139-11191 SettingsGuardService    com.cdccreditsmart.app               W     Pacote: com.android.settings
2025-12-04 06:14:20.802 11139-11191 SettingsGuardService    com.cdccreditsmart.app               W     Modo AGRESSIVO ativado!
2025-12-04 06:14:20.816 11139-11139 SettingsGuardService    com.cdccreditsmart.app               I  âœ… App trazido para foreground
2025-12-04 06:14:20.816 11139-11139 SettingsGuardService    com.cdccreditsmart.app               W  âš ï¸ Sem permissÃ£o SYSTEM_ALERT_WINDOW
2025-12-04 06:14:21.221 11139-11191 SettingsGuardService    com.cdccreditsmart.app               W  ğŸš¨ SETTINGS DETECTADO! (count: 3)
2025-12-04 06:14:21.221 11139-11191 SettingsGuardService    com.cdccreditsmart.app               W     Pacote: com.android.settings
2025-12-04 06:14:21.221 11139-11191 SettingsGuardService    com.cdccreditsmart.app               W     Modo AGRESSIVO ativado!
2025-12-04 06:14:21.225 11139-11139 SettingsGuardService    com.cdccreditsmart.app               I  âœ… App trazido para foreground
2025-12-04 06:14:21.225 11139-11139 SettingsGuardService    com.cdccreditsmart.app               W  âš ï¸ Sem permissÃ£o SYSTEM_ALERT_WINDOW
2025-12-04 06:14:21.629 11139-11191 SettingsGuardService    com.cdccreditsmart.app               W  ğŸš¨ SETTINGS DETECTADO! (count: 4)
2025-12-04 06:14:21.629 11139-11191 SettingsGuardService    com.cdccreditsmart.app               W     Pacote: com.android.settings
2025-12-04 06:14:21.629 11139-11191 SettingsGuardService    com.cdccreditsmart.app               W     Modo AGRESSIVO ativado!
2025-12-04 06:14:21.632 11139-11139 SettingsGuardService    com.cdccreditsmart.app               I  âœ… App trazido para foreground
2025-12-04 06:14:21.632 11139-11139 SettingsGuardService    com.cdccreditsmart.app               W  âš ï¸ Sem permissÃ£o SYSTEM_ALERT_WINDOW
2025-12-04 06:14:22.030 11139-11139 ViewRootImpl            com.cdccreditsmart.app               D  Skipping stats log for color mode
2025-12-04 06:14:22.031 11139-11139 MainActivity            com.cdccreditsmart.app               D  ========== NEW INTENT RECEIVED ==========
2025-12-04 06:14:22.031 11139-11139 MainActivity            com.cdccreditsmart.app               D  ========== NEW INTENT RECEIVED ==========
2025-12-04 06:14:22.032 11139-11139 MainActivity            com.cdccreditsmart.app               D  ========== NEW INTENT RECEIVED ==========
2025-12-04 06:14:22.043 11139-11191 SettingsGuardService    com.cdccreditsmart.app               I  âœ… App CDC em foreground - resetando contador
2025-12-04 06:14:22.360 11139-11139 InsetsController        com.cdccreditsmart.app               D  hide(ime(), fromIme=false)
2025-12-04 06:14:22.361 11139-11139 ImeTracker              com.cdccreditsmart.app               I  com.cdccreditsmart.app:5b1321cc: onCancelled at PHASE_CLIENT_ALREADY_HIDDEN
2025-12-04 06:14:24.027 11139-11139 PermissionGateScreen    com.cdccreditsmart.app               I  âœ… Runtime permissions atualizadas
2025-12-04 06:14:24.033 11139-11139 InsetsController        com.cdccreditsmart.app               D  hide(ime(), fromIme=false)
2025-12-04 06:14:24.034 11139-11139 ImeTracker              com.cdccreditsmart.app               I  com.cdccreditsmart.app:b602121f: onCancelled at PHASE_CLIENT_ALREADY_HIDDEN
2025-12-04 06:14:25.051 11139-11139 PermissionGateScreen    com.cdccreditsmart.app               I  âœ… Runtime permissions atualizadas
2025-12-04 06:14:25.101 11139-11139 InsetsController        com.cdccreditsmart.app               D  hide(ime(), fromIme=false)
2025-12-04 06:14:25.101 11139-11139 ImeTracker              com.cdccreditsmart.app               I  com.cdccreditsmart.app:844e22a3: onCancelled at PHASE_CLIENT_ALREADY_HIDDEN
2025-12-04 06:14:27.521 11139-11191 SettingsGuardService    com.cdccreditsmart.app               W  ğŸš¨ SETTINGS DETECTADO! (count: 2)
2025-12-04 06:14:27.522 11139-11191 SettingsGuardService    com.cdccreditsmart.app               W     Pacote: com.android.settings
2025-12-04 06:14:27.522 11139-11191 SettingsGuardService    com.cdccreditsmart.app               W     Modo AGRESSIVO ativado!
2025-12-04 06:14:27.533 11139-11139 SettingsGuardService    com.cdccreditsmart.app               I  âœ… App trazido para foreground
2025-12-04 06:14:27.534 11139-11139 SettingsGuardService    com.cdccreditsmart.app               W  âš ï¸ Sem permissÃ£o SYSTEM_ALERT_WINDOW
2025-12-04 06:14:27.534 11139-11139 MainActivity            com.cdccreditsmart.app               D  ========== NEW INTENT RECEIVED ==========
2025-12-04 06:14:27.718 11139-11139 InsetsController        com.cdccreditsmart.app               D  hide(ime(), fromIme=false)
2025-12-04 06:14:27.718 11139-11139 ImeTracker              com.cdccreditsmart.app               I  com.cdccreditsmart.app:daae9282: onCancelled at PHASE_CLIENT_ALREADY_HIDDEN
2025-12-04 06:14:27.937 11139-11191 SettingsGuardService    com.cdccreditsmart.app               I  âœ… App CDC em foreground - resetando contador
2025-12-04 06:14:29.414 11139-11139 PermissionGateScreen    com.cdccreditsmart.app               I  âœ… Runtime permissions atualizadas
2025-12-04 06:14:29.508 11139-11139 InsetsController        com.cdccreditsmart.app               D  hide(ime(), fromIme=false)
2025-12-04 06:14:29.508 11139-11139 ImeTracker              com.cdccreditsmart.app               I  com.cdccreditsmart.app:b686121a: onCancelled at PHASE_CLIENT_ALREADY_HIDDEN
2025-12-04 06:14:32.660 11139-11139 PermissionGateScreen    com.cdccreditsmart.app               I  âœ… Runtime permissions atualizadas
2025-12-04 06:14:32.706 11139-11139 InsetsController        com.cdccreditsmart.app               D  hide(ime(), fromIme=false)
2025-12-04 06:14:32.706 11139-11139 ImeTracker              com.cdccreditsmart.app               I  com.cdccreditsmart.app:b979d799: onCancelled at PHASE_CLIENT_ALREADY_HIDDEN
2025-12-04 06:14:34.300 11139-11139 PermissionGateScreen    com.cdccreditsmart.app               I  âœ… Runtime permissions atualizadas
2025-12-04 06:14:34.349 11139-11139 InsetsController        com.cdccreditsmart.app               D  hide(ime(), fromIme=false)
2025-12-04 06:14:34.349 11139-11139 ImeTracker              com.cdccreditsmart.app               I  com.cdccreditsmart.app:e7a4d53a: onCancelled at PHASE_CLIENT_ALREADY_HIDDEN
2025-12-04 06:14:35.586 11139-11139 PermissionGateScreen    com.cdccreditsmart.app               I  âœ… Runtime permissions atualizadas
2025-12-04 06:14:35.595 11139-11139 InsetsController        com.cdccreditsmart.app               D  hide(ime(), fromIme=false)
2025-12-04 06:14:35.595 11139-11139 ImeTracker              com.cdccreditsmart.app               I  com.cdccreditsmart.app:4c104a46: onCancelled at PHASE_CLIENT_ALREADY_HIDDEN
2025-12-04 06:14:36.059 11139-11139 PermissionGateScreen    com.cdccreditsmart.app               I  âœ… Runtime permissions atualizadas
2025-12-04 06:14:36.064 11139-11139 InsetsController        com.cdccreditsmart.app               D  hide(ime(), fromIme=false)
2025-12-04 06:14:36.064 11139-11139 ImeTracker              com.cdccreditsmart.app               I  com.cdccreditsmart.app:c12a99dc: onCancelled at PHASE_CLIENT_ALREADY_HIDDEN
2025-12-04 06:14:36.369 11139-11139 PermissionGateScreen    com.cdccreditsmart.app               I  âœ… Runtime permissions atualizadas
2025-12-04 06:14:36.407 11139-11139 InsetsController        com.cdccreditsmart.app               D  hide(ime(), fromIme=false)
2025-12-04 06:14:36.407 11139-11139 ImeTracker              com.cdccreditsmart.app               I  com.cdccreditsmart.app:be4b3615: onCancelled at PHASE_CLIENT_ALREADY_HIDDEN
2025-12-04 06:14:37.456 11139-11139 VRI[MainActivity]       com.cdccreditsmart.app               D  visibilityChanged oldVisibility=true newVisibility=false
2025-12-04 06:14:37.525 11139-11186 HWUI                    com.cdccreditsmart.app               D  endAllActiveAnimators on 0x797915ec44c0 (UnprojectedRipple) with handle 0x797855ed98d0
2025-12-04 06:14:37.588 11139-11191 SettingsGuardService    com.cdccreditsmart.app               W  ğŸš¨ SETTINGS DETECTADO! (count: 2)
2025-12-04 06:14:37.588 11139-11191 SettingsGuardService    com.cdccreditsmart.app               W     Pacote: com.android.settings
2025-12-04 06:14:37.588 11139-11191 SettingsGuardService    com.cdccreditsmart.app               W     Modo AGRESSIVO ativado!
2025-12-04 06:14:37.600 11139-11139 SettingsGuardService    com.cdccreditsmart.app               I  âœ… App trazido para foreground
2025-12-04 06:14:37.600 11139-11139 SettingsGuardService    com.cdccreditsmart.app               W  âš ï¸ Sem permissÃ£o SYSTEM_ALERT_WINDOW
2025-12-04 06:14:37.625 11139-11139 ViewRootImpl            com.cdccreditsmart.app               D  Skipping stats log for color mode
2025-12-04 06:14:37.625 11139-11139 MainActivity            com.cdccreditsmart.app               D  ========== NEW INTENT RECEIVED ==========
2025-12-04 06:14:37.898 11139-11139 InsetsController        com.cdccreditsmart.app               D  hide(ime(), fromIme=false)
2025-12-04 06:14:37.899 11139-11139 ImeTracker              com.cdccreditsmart.app               I  com.cdccreditsmart.app:8e5c1d2e: onCancelled at PHASE_CLIENT_ALREADY_HIDDEN
2025-12-04 06:14:38.009 11139-11191 SettingsGuardService    com.cdccreditsmart.app               I  âœ… App CDC em foreground - resetando contador
2025-12-04 06:14:39.171 11139-11139 PermissionGateScreen    com.cdccreditsmart.app               I  âœ… Runtime permissions atualizadas
2025-12-04 06:14:39.210 11139-11139 InsetsController        com.cdccreditsmart.app               D  hide(ime(), fromIme=false)
2025-12-04 06:14:39.210 11139-11139 ImeTracker              com.cdccreditsmart.app               I  com.cdccreditsmart.app:b3c90f4c: onCancelled at PHASE_CLIENT_ALREADY_HIDDEN
2025-12-04 06:14:49.605 11139-11139 VRI[MainActivity]       com.cdccreditsmart.app               D  visibilityChanged oldVisibility=true newVisibility=false
2025-12-04 06:14:49.643 11139-11186 HWUI                    com.cdccreditsmart.app               D  endAllActiveAnimators on 0x797915ec44c0 (UnprojectedRipple) with handle 0x797855eaf210
2025-12-04 06:14:50.067 11139-11191 SettingsGuardService    com.cdccreditsmart.app               W  ğŸš¨ SETTINGS DETECTADO! (count: 2)
2025-12-04 06:14:50.067 11139-11191 SettingsGuardService    com.cdccreditsmart.app               W     Pacote: com.android.settings
2025-12-04 06:14:50.067 11139-11191 SettingsGuardService    com.cdccreditsmart.app               W     Modo AGRESSIVO ativado!
2025-12-04 06:14:50.073 11139-11139 SettingsGuardService    com.cdccreditsmart.app               I  âœ… App trazido para foreground
2025-12-04 06:14:50.073 11139-11139 SettingsGuardService    com.cdccreditsmart.app               W  âš ï¸ Sem permissÃ£o SYSTEM_ALERT_WINDOW
2025-12-04 06:14:50.077 11139-11139 ViewRootImpl            com.cdccreditsmart.app               D  Skipping stats log for color mode
2025-12-04 06:14:50.081 11139-11139 MainActivity            com.cdccreditsmart.app               D  ========== NEW INTENT RECEIVED ==========
2025-12-04 06:14:50.311 11139-11139 InsetsController        com.cdccreditsmart.app               D  hide(ime(), fromIme=false)
2025-12-04 06:14:50.311 11139-11139 ImeTracker              com.cdccreditsmart.app               I  com.cdccreditsmart.app:a2ffc121: onCancelled at PHASE_CLIENT_ALREADY_HIDDEN
2025-12-04 06:14:50.480 11139-11191 SettingsGuardService    com.cdccreditsmart.app               I  âœ… App CDC em foreground - resetando contador
2025-12-04 06:14:52.174 11139-11139 VRI[MainActivity]       com.cdccreditsmart.app               D  visibilityChanged oldVisibility=true newVisibility=false
2025-12-04 06:14:52.195 11139-11186 HWUI                    com.cdccreditsmart.app               D  endAllActiveAnimators on 0x797915ec44c0 (UnprojectedRipple) with handle 0x797855ec5e60
2025-12-04 06:14:52.293 11139-11191 SettingsGuardService    com.cdccreditsmart.app               W  ğŸš¨ SETTINGS DETECTADO! (count: 2)
2025-12-04 06:14:52.293 11139-11191 SettingsGuardService    com.cdccreditsmart.app               W     Pacote: com.android.settings
2025-12-04 06:14:52.293 11139-11191 SettingsGuardService    com.cdccreditsmart.app               W     Modo AGRESSIVO ativado!
2025-12-04 06:14:52.298 11139-11139 SettingsGuardService    com.cdccreditsmart.app               I  âœ… App trazido para foreground
2025-12-04 06:14:52.298 11139-11139 SettingsGuardService    com.cdccreditsmart.app               W  âš ï¸ Sem permissÃ£o SYSTEM_ALERT_WINDOW
2025-12-04 06:14:52.345 11139-11139 ViewRootImpl            com.cdccreditsmart.app               D  Skipping stats log for color mode
2025-12-04 06:14:52.346 11139-11139 MainActivity            com.cdccreditsmart.app               D  ========== NEW INTENT RECEIVED ==========
2025-12-04 06:14:52.571 11139-11139 InsetsController        com.cdccreditsmart.app               D  hide(ime(), fromIme=false)
2025-12-04 06:14:52.571 11139-11139 ImeTracker              com.cdccreditsmart.app               I  com.cdccreditsmart.app:6dd1b924: onCancelled at PHASE_CLIENT_ALREADY_HIDDEN
2025-12-04 06:14:52.701 11139-11191 SettingsGuardService    com.cdccreditsmart.app               I  âœ… App CDC em foreground - resetando contador
2025-12-04 06:14:54.011 11139-11139 PermissionGateScreen    com.cdccreditsmart.app               I  âœ… Runtime permissions atualizadas
2025-12-04 06:14:54.039 11139-11139 InsetsController        com.cdccreditsmart.app               D  hide(ime(), fromIme=false)
2025-12-04 06:14:54.040 11139-11139 ImeTracker              com.cdccreditsmart.app               I  com.cdccreditsmart.app:a48479e4: onCancelled at PHASE_CLIENT_ALREADY_HIDDEN
2025-12-04 06:14:56.398 11139-11139 PermissionGateScreen    com.cdccreditsmart.app               I  âœ… Runtime permissions atualizadas
2025-12-04 06:14:56.443 11139-11139 InsetsController        com.cdccreditsmart.app               D  hide(ime(), fromIme=false)
2025-12-04 06:14:56.443 11139-11139 ImeTracker              com.cdccreditsmart.app               I  com.cdccreditsmart.app:2b405ea8: onCancelled at PHASE_CLIENT_ALREADY_HIDDEN
2025-12-04 06:14:57.221 11139-11139 PermissionGateScreen    com.cdccreditsmart.app               I  âœ… Runtime permissions atualizadas
2025-12-04 06:14:57.269 11139-11139 InsetsController        com.cdccreditsmart.app               D  hide(ime(), fromIme=false)
2025-12-04 06:14:57.269 11139-11139 ImeTracker              com.cdccreditsmart.app               I  com.cdccreditsmart.app:672be65b: onCancelled at PHASE_CLIENT_ALREADY_HIDDEN
2025-12-04 06:14:58.380 11139-11139 VRI[MainActivity]       com.cdccreditsmart.app               D  visibilityChanged oldVisibility=true newVisibility=false
2025-12-04 06:14:58.410 11139-11186 HWUI                    com.cdccreditsmart.app               D  endAllActiveAnimators on 0x797915ec44c0 (UnprojectedRipple) with handle 0x797855ee7dc0
2025-12-04 06:14:58.757 11139-11191 SettingsGuardService    com.cdccreditsmart.app               W  ğŸš¨ SETTINGS DETECTADO! (count: 2)
2025-12-04 06:14:58.757 11139-11191 SettingsGuardService    com.cdccreditsmart.app               W     Pacote: com.android.settings
2025-12-04 06:14:58.757 11139-11191 SettingsGuardService    com.cdccreditsmart.app               W     Modo AGRESSIVO ativado!
2025-12-04 06:14:58.764 11139-11139 SettingsGuardService    com.cdccreditsmart.app               I  âœ… App trazido para foreground
2025-12-04 06:14:58.764 11139-11139 SettingsGuardService    com.cdccreditsmart.app               W  âš ï¸ Sem permissÃ£o SYSTEM_ALERT_WINDOW
2025-12-04 06:14:58.793 11139-11139 MainActivity            com.cdccreditsmart.app               D  ========== NEW INTENT RECEIVED ==========
2025-12-04 06:14:59.097 11139-11139 InsetsController        com.cdccreditsmart.app               D  hide(ime(), fromIme=false)
2025-12-04 06:14:59.097 11139-11139 ImeTracker              com.cdccreditsmart.app               I  com.cdccreditsmart.app:b59cf107: onCancelled at PHASE_CLIENT_ALREADY_HIDDEN
2025-12-04 06:14:59.166 11139-11191 SettingsGuardService    com.cdccreditsmart.app               I  âœ… App CDC em foreground - resetando contador
2025-12-04 06:15:00.288 11139-11139 PermissionGateScreen    com.cdccreditsmart.app               I  âœ… Runtime permissions atualizadas
2025-12-04 06:15:00.335 11139-11139 InsetsController        com.cdccreditsmart.app               D  hide(ime(), fromIme=false)
2025-12-04 06:15:00.336 11139-11139 ImeTracker              com.cdccreditsmart.app               I  com.cdccreditsmart.app:87d16067: onCancelled at PHASE_CLIENT_ALREADY_HIDDEN
2025-12-04 06:15:04.234 11139-11139 PermissionGateScreen    com.cdccreditsmart.app               I  âœ… Runtime permissions atualizadas
2025-12-04 06:15:04.310 11139-11139 InsetsController        com.cdccreditsmart.app               D  hide(ime(), fromIme=false)
2025-12-04 06:15:04.310 11139-11139 ImeTracker              com.cdccreditsmart.app               I  com.cdccreditsmart.app:36f3bb05: onCancelled at PHASE_CLIENT_ALREADY_HIDDEN
2025-12-04 06:15:05.757 11139-11139 VRI[MainActivity]       com.cdccreditsmart.app               D  visibilityChanged oldVisibility=true newVisibility=false
2025-12-04 06:15:05.786 11139-11186 HWUI                    com.cdccreditsmart.app               D  endAllActiveAnimators on 0x797915ec44c0 (UnprojectedRipple) with handle 0x797855ee5e70
2025-12-04 06:15:05.836 11139-11191 SettingsGuardService    com.cdccreditsmart.app               W  ğŸš¨ SETTINGS DETECTADO! (count: 2)
2025-12-04 06:15:05.836 11139-11191 SettingsGuardService    com.cdccreditsmart.app               W     Pacote: com.android.settings
2025-12-04 06:15:05.836 11139-11191 SettingsGuardService    com.cdccreditsmart.app               W     Modo AGRESSIVO ativado!
2025-12-04 06:15:05.846 11139-11139 SettingsGuardService    com.cdccreditsmart.app               I  âœ… App trazido para foreground
2025-12-04 06:15:05.846 11139-11139 SettingsGuardService    com.cdccreditsmart.app               W  âš ï¸ Sem permissÃ£o SYSTEM_ALERT_WINDOW
2025-12-04 06:15:05.875 11139-11139 ViewRootImpl            com.cdccreditsmart.app               D  Skipping stats log for color mode
2025-12-04 06:15:05.876 11139-11139 MainActivity            com.cdccreditsmart.app               D  ========== NEW INTENT RECEIVED ==========
2025-12-04 06:15:06.075 11139-11139 InsetsController        com.cdccreditsmart.app               D  hide(ime(), fromIme=false)
2025-12-04 06:15:06.075 11139-11139 ImeTracker              com.cdccreditsmart.app               I  com.cdccreditsmart.app:4cdfa99: onCancelled at PHASE_CLIENT_ALREADY_HIDDEN
2025-12-04 06:15:06.253 11139-11191 SettingsGuardService    com.cdccreditsmart.app               I  âœ… App CDC em foreground - resetando contador
