2026-01-23 01:57:05.745 30877-31151 HeartbeatManager        com.cdccreditsmart.app               D  ðŸ’“ Usando authToken (fallback)
2026-01-23 01:57:06.090 30877-3530  SecureTokenStorage      com.cdccreditsmart.app               D  âœ… Usando IMEI para MDM: 8608***718
2026-01-23 01:57:06.091 30877-3530  MdmCommandReceiver      com.cdccreditsmart.app               I  ðŸ” ========================================
2026-01-23 01:57:06.091 30877-3530  MdmCommandReceiver      com.cdccreditsmart.app               I  ðŸ” BUSCANDO COMANDOS PENDENTES
2026-01-23 01:57:06.091 30877-3530  MdmCommandReceiver      com.cdccreditsmart.app               I  ðŸ” ========================================
2026-01-23 01:57:06.091 30877-3530  MdmCommandReceiver      com.cdccreditsmart.app               I  ðŸ” Identifier: 860875074339718
2026-01-23 01:57:06.091 30877-3530  MdmCommandReceiver      com.cdccreditsmart.app               I  ðŸ” Endpoint: GET /api/apk/device/860875074339718/commands
2026-01-23 01:57:06.111 30877-31151 HeartbeatManager        com.cdccreditsmart.app               D  ðŸ’“ Payload do heartbeat:
2026-01-23 01:57:06.111 30877-31151 HeartbeatManager        com.cdccreditsmart.app               D     deviceToken: eyJhbGciOiJIUzI1NiIs...
2026-01-23 01:57:06.111 30877-31151 HeartbeatManager        com.cdccreditsmart.app               D     currentBlockLevel: 0
2026-01-23 01:57:06.111 30877-31151 HeartbeatManager        com.cdccreditsmart.app               D     batteryLevel: 44
2026-01-23 01:57:06.112 30877-31151 HeartbeatManager        com.cdccreditsmart.app               D     isCharging: true
2026-01-23 01:57:06.112 30877-31151 HeartbeatManager        com.cdccreditsmart.app               D     currentSimImei: 860875...
2026-01-23 01:57:06.610 30877-3530  MdmCommandReceiver      com.cdccreditsmart.app               D  ðŸ” Executando requisiÃ§Ã£o HTTP (timeout: 15s)...
2026-01-23 01:57:06.912 30877-3781  okhttp.OkHttpClient     com.cdccreditsmart.app               I  --> GET https://cdccreditsmart.com/api/apk/device/860875074339718/commands
2026-01-23 01:57:06.912 30877-3781  okhttp.OkHttpClient     com.cdccreditsmart.app               I  --> END GET
2026-01-23 01:57:06.933 30877-7598  okhttp.OkHttpClient     com.cdccreditsmart.app               I  --> POST https://cdccreditsmart.com/api/apk/device/heartbeat
2026-01-23 01:57:06.933 30877-7598  okhttp.OkHttpClient     com.cdccreditsmart.app               I  Content-Type: application/json; charset=UTF-8
2026-01-23 01:57:06.933 30877-7598  okhttp.OkHttpClient     com.cdccreditsmart.app               I  Content-Length: 410
2026-01-23 01:57:06.933 30877-7598  okhttp.OkHttpClient     com.cdccreditsmart.app               I  Authorization: Bearer eyJhbGciOiJIUzI1NiIsInR5cCI6IkpXVCJ9.eyJ0eXBlIjoiYXBrIiwiZGV2aWNlSWQiOiJkZXZpY2VfMTc2OTEzNzI4MDI4Ml9sN3NyamVzZzI1IiwiaW1laSI6Ijg2MDg3NTA3NDMzOTcxOCIsInNlcmlhbE51bWJlciI6IlFKM0g0TUtHIiwiaWF0IjoxNzY5MTQ0MTUxLCJleHAiOjE3NzY5MjAxNTF9.OFznrE5jG2wy5AXOmgBGgV0PNe1KFr_QYBzBSiWyY3c
2026-01-23 01:57:06.934 30877-7598  okhttp.OkHttpClient     com.cdccreditsmart.app               I  {"deviceToken":"eyJhbGciOiJIUzI1NiIsInR5cCI6IkpXVCJ9.eyJ0eXBlIjoiYXBrIiwiZGV2aWNlSWQiOiJkZXZpY2VfMTc2OTEzNzI4MDI4Ml9sN3NyamVzZzI1IiwiaW1laSI6Ijg2MDg3NTA3NDMzOTcxOCIsInNlcmlhbE51bWJlciI6IlFKM0g0TUtHIiwiaWF0IjoxNzY5MTQ0MTUxLCJleHAiOjE3NzY5MjAxNTF9.OFznrE5jG2wy5AXOmgBGgV0PNe1KFr_QYBzBSiWyY3c","currentBlockLevel":0,"batteryLevel":44,"isCharging":true,"currentSimImei":"860875074339718","timestamp":1769144226111}
2026-01-23 01:57:06.934 30877-7598  okhttp.OkHttpClient     com.cdccreditsmart.app               I  --> END POST (410-byte body)
2026-01-23 01:57:09.736 30877-31151 SettingsGuardService    com.cdccreditsmart.app               D  ðŸ“‹ Activity check - Full: com.android.searchlauncher.SearchLauncher, Simple: SearchLauncher
2026-01-23 01:57:11.590 30877-3781  okhttp.OkHttpClient     com.cdccreditsmart.app               I  <-- 200 https://cdccreditsmart.com/api/apk/device/860875074339718/commands (4644ms)
2026-01-23 01:57:11.591 30877-7598  okhttp.OkHttpClient     com.cdccreditsmart.app               I  <-- 200 https://cdccreditsmart.com/api/apk/device/heartbeat (4623ms)
2026-01-23 01:57:11.591 30877-7598  okhttp.OkHttpClient     com.cdccreditsmart.app               I  access-control-allow-credentials: true
2026-01-23 01:57:11.591 30877-3781  okhttp.OkHttpClient     com.cdccreditsmart.app               I  access-control-allow-credentials: true
2026-01-23 01:57:11.591 30877-3781  okhttp.OkHttpClient     com.cdccreditsmart.app               I  access-control-allow-headers: Origin, X-Requested-With, Content-Type, Accept, Authorization, x-client-key, x-client-token, x-client-secret, cache-control
2026-01-23 01:57:11.591 30877-7598  okhttp.OkHttpClient     com.cdccreditsmart.app               I  access-control-allow-headers: Origin, X-Requested-With, Content-Type, Accept, Authorization, x-client-key, x-client-token, x-client-secret, cache-control
2026-01-23 01:57:11.591 30877-3781  okhttp.OkHttpClient     com.cdccreditsmart.app               I  access-control-allow-methods: GET, POST, PUT, PATCH, DELETE, OPTIONS
2026-01-23 01:57:11.592 30877-7598  okhttp.OkHttpClient     com.cdccreditsmart.app               I  access-control-allow-methods: GET, POST, PUT, PATCH, DELETE, OPTIONS
2026-01-23 01:57:11.592 30877-3781  okhttp.OkHttpClient     com.cdccreditsmart.app               I  access-control-allow-origin: *
2026-01-23 01:57:11.592 30877-7598  okhttp.OkHttpClient     com.cdccreditsmart.app               I  access-control-allow-origin: *
2026-01-23 01:57:11.592 30877-7598  okhttp.OkHttpClient     com.cdccreditsmart.app               I  access-control-max-age: 86400
2026-01-23 01:57:11.592 30877-7598  okhttp.OkHttpClient     com.cdccreditsmart.app               I  content-length: 328
2026-01-23 01:57:11.592 30877-7598  okhttp.OkHttpClient     com.cdccreditsmart.app               I  content-security-policy: default-src 'self'; script-src 'self' 'unsafe-inline' 'unsafe-eval' https://replit.com; style-src 'self' 'unsafe-inline' https://replit.com; img-src 'self' data: https:; font-src 'self' data: https://replit.com; connect-src 'self';
2026-01-23 01:57:11.593 30877-3781  okhttp.OkHttpClient     com.cdccreditsmart.app               I  access-control-max-age: 86400
2026-01-23 01:57:11.593 30877-7598  okhttp.OkHttpClient     com.cdccreditsmart.app               I  content-type: application/json; charset=utf-8
2026-01-23 01:57:11.593 30877-7598  okhttp.OkHttpClient     com.cdccreditsmart.app               I  date: Fri, 23 Jan 2026 04:57:08 GMT
2026-01-23 01:57:11.593 30877-3781  okhttp.OkHttpClient     com.cdccreditsmart.app               I  content-length: 104
2026-01-23 01:57:11.596 30877-3781  okhttp.OkHttpClient     com.cdccreditsmart.app               I  content-security-policy: default-src 'self'; script-src 'self' 'unsafe-inline' 'unsafe-eval' https://replit.com; style-src 'self' 'unsafe-inline' https://replit.com; img-src 'self' data: https:; font-src 'self' data: https://replit.com; connect-src 'self';
2026-01-23 01:57:11.598 30877-3781  okhttp.OkHttpClient     com.cdccreditsmart.app               I  content-type: application/json; charset=utf-8
2026-01-23 01:57:11.599 30877-3781  okhttp.OkHttpClient     com.cdccreditsmart.app               I  date: Fri, 23 Jan 2026 04:57:08 GMT
2026-01-23 01:57:11.599 30877-3781  okhttp.OkHttpClient     com.cdccreditsmart.app               I  etag: W/"68-1BzkVNqHEsu0XlMenwYbbDRd04w"
2026-01-23 01:57:11.599 30877-3781  okhttp.OkHttpClient     com.cdccreditsmart.app               I  permissions-policy: geolocation=(), microphone=(), camera=()
2026-01-23 01:57:11.599 30877-3781  okhttp.OkHttpClient     com.cdccreditsmart.app               I  referrer-policy: strict-origin-when-cross-origin
2026-01-23 01:57:11.600 30877-3781  okhttp.OkHttpClient     com.cdccreditsmart.app               I  strict-transport-security: max-age=63072000; includeSubDomains
2026-01-23 01:57:11.600 30877-3781  okhttp.OkHttpClient     com.cdccreditsmart.app               I  strict-transport-security: max-age=31536000; includeSubDomains
2026-01-23 01:57:11.600 30877-3781  okhttp.OkHttpClient     com.cdccreditsmart.app               I  x-anti-fraud-protection: active
2026-01-23 01:57:11.600 30877-3781  okhttp.OkHttpClient     com.cdccreditsmart.app               I  x-certificate-pinning-enabled: false
2026-01-23 01:57:11.612 30877-7598  okhttp.OkHttpClient     com.cdccreditsmart.app               I  etag: W/"148-W5J1oUTiXm4EEqWTCSllQ09Pt1c"
2026-01-23 01:57:11.613 30877-7598  okhttp.OkHttpClient     com.cdccreditsmart.app               I  permissions-policy: geolocation=(), microphone=(), camera=()
2026-01-23 01:57:11.613 30877-7598  okhttp.OkHttpClient     com.cdccreditsmart.app               I  referrer-policy: strict-origin-when-cross-origin
2026-01-23 01:57:11.614 30877-7598  okhttp.OkHttpClient     com.cdccreditsmart.app               I  strict-transport-security: max-age=63072000; includeSubDomains
2026-01-23 01:57:11.614 30877-7598  okhttp.OkHttpClient     com.cdccreditsmart.app               I  strict-transport-security: max-age=31536000; includeSubDomains
2026-01-23 01:57:11.614 30877-7598  okhttp.OkHttpClient     com.cdccreditsmart.app               I  x-anti-fraud-protection: active
2026-01-23 01:57:11.614 30877-7598  okhttp.OkHttpClient     com.cdccreditsmart.app               I  x-certificate-pinning-enabled: false
2026-01-23 01:57:11.615 30877-7598  okhttp.OkHttpClient     com.cdccreditsmart.app               I  x-certificate-pinning-status: disabled-for-stability
2026-01-23 01:57:11.615 30877-7598  okhttp.OkHttpClient     com.cdccreditsmart.app               I  x-content-type-options: nosniff
2026-01-23 01:57:11.615 30877-7598  okhttp.OkHttpClient     com.cdccreditsmart.app               I  x-financial-data-protection: enabled
2026-01-23 01:57:11.615 30877-7598  okhttp.OkHttpClient     com.cdccreditsmart.app               I  x-frame-options: DENY
2026-01-23 01:57:11.615 30877-7598  okhttp.OkHttpClient     com.cdccreditsmart.app               I  x-transaction-security-level: maximum
2026-01-23 01:57:11.616 30877-7598  okhttp.OkHttpClient     com.cdccreditsmart.app               I  x-xss-protection: 1; mode=block
2026-01-23 01:57:11.616 30877-7598  okhttp.OkHttpClient     com.cdccreditsmart.app               I  via: 1.1 google
2026-01-23 01:57:11.616 30877-7598  okhttp.OkHttpClient     com.cdccreditsmart.app               I  alt-svc: h3=":443"; ma=2592000,h3-29=":443"; ma=2592000
2026-01-23 01:57:11.647 30877-3781  okhttp.OkHttpClient     com.cdccreditsmart.app               I  x-certificate-pinning-status: disabled-for-stability
2026-01-23 01:57:11.647 30877-3781  okhttp.OkHttpClient     com.cdccreditsmart.app               I  x-content-type-options: nosniff
2026-01-23 01:57:11.648 30877-3781  okhttp.OkHttpClient     com.cdccreditsmart.app               I  x-financial-data-protection: enabled
2026-01-23 01:57:11.648 30877-3781  okhttp.OkHttpClient     com.cdccreditsmart.app               I  x-frame-options: DENY
2026-01-23 01:57:11.648 30877-3781  okhttp.OkHttpClient     com.cdccreditsmart.app               I  x-transaction-security-level: maximum
2026-01-23 01:57:11.648 30877-3781  okhttp.OkHttpClient     com.cdccreditsmart.app               I  x-xss-protection: 1; mode=block
2026-01-23 01:57:11.649 30877-3781  okhttp.OkHttpClient     com.cdccreditsmart.app               I  via: 1.1 google
2026-01-23 01:57:11.649 30877-3781  okhttp.OkHttpClient     com.cdccreditsmart.app               I  alt-svc: h3=":443"; ma=2592000,h3-29=":443"; ma=2592000
2026-01-23 01:57:11.785 30877-7598  okhttp.OkHttpClient     com.cdccreditsmart.app               I  {"success":true,"requiresBackendRevalidation":false,"phoneNumbersProcessed":false,"complianceStatus":"OK","expectedBlockLevel":0,"message":"Device compliant","complianceConfig":{"maxComplianceCorrections":3,"correctionWindowMinutes":30,"autoBlockOnLimitReached":true,"enableDetailedTelemetry":true,"telemetryIntervalMinutes":5}}
2026-01-23 01:57:11.785 30877-7598  okhttp.OkHttpClient     com.cdccreditsmart.app               I  <-- END HTTP (328-byte body)
2026-01-23 01:57:11.786 30877-3781  okhttp.OkHttpClient     com.cdccreditsmart.app               I  {"deviceId":"device_1769137280282_l7srjesg25","serialNumber":"QJ3H4MKG","commandsCount":0,"commands":[]}
2026-01-23 01:57:11.786 30877-3781  okhttp.OkHttpClient     com.cdccreditsmart.app               I  <-- END HTTP (104-byte body)
2026-01-23 01:57:11.877 30877-31151 MdmCommandReceiver      com.cdccreditsmart.app               I  ðŸ” HTTP Response code: 200
2026-01-23 01:57:11.888 30877-31151 MdmCommandReceiver      com.cdccreditsmart.app               I  ðŸ” HTTP isSuccessful: true
2026-01-23 01:57:11.888 30877-31151 MdmCommandReceiver      com.cdccreditsmart.app               I  ðŸ” Response body deviceId: device_1769137280282_l7srjesg25
2026-01-23 01:57:11.888 30877-31151 MdmCommandReceiver      com.cdccreditsmart.app               I  ðŸ” Response body serialNumber: QJ3H4MKG
2026-01-23 01:57:11.888 30877-31151 MdmCommandReceiver      com.cdccreditsmart.app               I  ðŸ” Total de comandos: 0
2026-01-23 01:57:11.888 30877-31151 MdmCommandReceiver      com.cdccreditsmart.app               D  âœ… Nenhum comando pendente no servidor
2026-01-23 01:57:11.888 30877-31151 MdmCommandReceiver      com.cdccreditsmart.app               D  ðŸ“Š Fetch duration: 5797ms
2026-01-23 01:57:11.944 30877-31151 HeartbeatManager        com.cdccreditsmart.app               I  âœ… Heartbeat aceito pelo backend (HTTP 200)
2026-01-23 01:57:11.944 30877-31151 HeartbeatManager        com.cdccreditsmart.app               D  ðŸ“Š Resposta do heartbeat:
2026-01-23 01:57:11.944 30877-31151 HeartbeatManager        com.cdccreditsmart.app               D     success: true
2026-01-23 01:57:11.944 30877-31151 HeartbeatManager        com.cdccreditsmart.app               D     complianceStatus: OK
2026-01-23 01:57:11.944 30877-31151 HeartbeatManager        com.cdccreditsmart.app               D     expectedBlockLevel: 0
2026-01-23 01:57:11.944 30877-31151 HeartbeatManager        com.cdccreditsmart.app               D     requiresBackendRevalidation: false
2026-01-23 01:57:11.944 30877-31151 HeartbeatManager        com.cdccreditsmart.app               I  âœ… Dispositivo CONFORME - NÃ­vel 0
2026-01-23 01:57:13.765 30877-30877 Choreographer           com.cdccreditsmart.app               I  Skipped 40 frames!  The application may be doing too much work on its main thread.
2026-01-23 01:57:13.960 30877-31154 OpenGLRenderer          com.cdccreditsmart.app               E  Unable to match the desired swap behavior.
2026-01-23 01:57:13.963 30877-7874  mali_gralloc            com.cdccreditsmart.app               D  register: id=22b00000ca6, handle=0xb400006ee5606630, importpid=-1, gRegisteredHandles=0
2026-01-23 01:57:13.965 30877-7874  mali_gralloc            com.cdccreditsmart.app               D  register: id=22b00000ca7, handle=0xb400006ee5607ef0, importpid=-1, gRegisteredHandles=1
2026-01-23 01:57:13.967 30877-7874  mali_gralloc            com.cdccreditsmart.app               D  register: id=22b00000ca8, handle=0xb400006ee5605d30, importpid=-1, gRegisteredHandles=2
2026-01-23 01:57:13.968 30877-7874  mali_gralloc            com.cdccreditsmart.app               D  register: id=22b00000ca9, handle=0xb400006ee55fb110, importpid=-1, gRegisteredHandles=3
2026-01-23 01:57:14.434 30877-4107  OpenGLRenderer          com.cdccreditsmart.app               I  Davey! duration=1088ms; Flags=1, FrameTimelineVsyncId=868790, IntendedVsync=4286286717680, Vsync=4286730962480, InputEventId=0, HandleInputStart=4286760981433, AnimationStart=4286760990740, PerformTraversalsStart=4286760994702, DrawStart=4287066691663, FrameDeadline=4286298828791, FrameInterval=4286741763279, FrameStartTime=11106120, SyncQueued=4287344897932, SyncStart=4287345393086, IssueDrawCommandsStart=4287346606317, SwapBuffers=4287364592625, FrameCompleted=4287375517932, DequeueBufferDuration=27616, QueueBufferDuration=633846, GpuCompleted=4287375517932, SwapBuffersCompleted=4287371105086, DisplayPresentTime=4256632534224, CommandSubmissionCompleted=4287364592625, 
2026-01-23 01:57:26.614 30877-30877 SecureTokenStorage      com.cdccreditsmart.app               D  ðŸ“– Lendo customerName: Marcos Antunes
2026-01-23 01:57:26.619 30877-30877 SecureTokenStorage      com.cdccreditsmart.app               D  ðŸ“– Lendo deviceModel: REALME Note 60x
2026-01-23 01:57:26.623 30877-30877 ContractCodeStorage     com.cdccreditsmart.app               D  Retrieving contract code from storage
2026-01-23 01:57:27.086 30877-30877 ContractCodeStorage     com.cdccreditsmart.app               D  Storage verification: 7 valid, 0 tampered, 0 missing
2026-01-23 01:57:27.096 30877-30877 ContractCodeStorage     com.cdccreditsmart.app               D  Contract code retrieved successfully
2026-01-23 01:57:27.308 30877-31643 OpenGLRenderer          com.cdccreditsmart.app               I  Davey! duration=902ms; Flags=0, FrameTimelineVsyncId=870424, IntendedVsync=4299376636748, Vsync=4299476567888, InputEventId=817187775, HandleInputStart=4299483142924, AnimationStart=4299483198693, PerformTraversalsStart=4300229019269, DrawStart=4300229344500, FrameDeadline=4299413093180, FrameInterval=4299482372462, FrameStartTime=16655190, SyncQueued=4300257328885, SyncStart=4300257465923, IssueDrawCommandsStart=4300257667039, SwapBuffers=4300267258808, FrameCompleted=4300279227462, DequeueBufferDuration=22807, QueueBufferDuration=773846, GpuCompleted=4300279227462, SwapBuffersCompleted=4300275960577, DisplayPresentTime=4258131419876, CommandSubmissionCompleted=4300267258808, 
2026-01-23 01:57:29.198 30877-30877 WebSocketManager        com.cdccreditsmart.app               D  Heartbeat ping sent
2026-01-23 01:57:29.517 30877-3555  WebSocketManager        com.cdccreditsmart.app               D  Message received: {"type":"pong","timestamp":"2026-01-23T04:57:29.503Z"}...
2026-01-23 01:57:29.517 30877-3555  WebSocketManager        com.cdccreditsmart.app               D  Received message type: pong
2026-01-23 01:57:29.517 30877-3555  WebSocketManager        com.cdccreditsmart.app               D  Pong received
