2025-12-04 07:23:02.104 14845-14886 SettingsGuardService    com.cdccreditsmart.app               W  ğŸš¨ SETTINGS DETECTADO! (count: 2, dangerous: false)
2025-12-04 07:23:02.108 14845-14886 SettingsGuardService    com.cdccreditsmart.app               W     Pacote: com.android.settings
2025-12-04 07:23:02.108 14845-14886 SettingsGuardService    com.cdccreditsmart.app               W     Chamando app para foreground...
2025-12-04 07:23:02.349 14845-14845 SettingsGuardService    com.cdccreditsmart.app               I  âœ… App trazido para foreground
2025-12-04 07:23:02.442 14845-14886 SettingsGuardService    com.cdccreditsmart.app               W  ğŸš¨ SETTINGS DETECTADO! (count: 3, dangerous: false)
2025-12-04 07:23:02.442 14845-14886 SettingsGuardService    com.cdccreditsmart.app               W     Pacote: com.android.settings
2025-12-04 07:23:02.442 14845-14886 SettingsGuardService    com.cdccreditsmart.app               W     Chamando app para foreground...
2025-12-04 07:23:02.500 14845-14845 SettingsGuardService    com.cdccreditsmart.app               I  âœ… App trazido para foreground
2025-12-04 07:23:02.714 14845-14845 PermissionGateScreen    com.cdccreditsmart.app               I  âœ… Device Admin status atualizado
2025-12-04 07:23:02.771 14845-14886 SettingsGuardService    com.cdccreditsmart.app               I  âœ… App CDC em foreground - resetando contador
2025-12-04 07:23:02.989 14845-14845 ImeTracker              com.cdccreditsmart.app               I  com.cdccreditsmart.app:ee451452: onCancelled at PHASE_CLIENT_ALREADY_HIDDEN
2025-12-04 07:23:04.582 14845-14886 SettingsGuardService    com.cdccreditsmart.app               W  ğŸš¨ SETTINGS DETECTADO! (count: 2, dangerous: false)
2025-12-04 07:23:04.582 14845-14886 SettingsGuardService    com.cdccreditsmart.app               W     Pacote: com.android.settings
2025-12-04 07:23:04.582 14845-14886 SettingsGuardService    com.cdccreditsmart.app               W     Chamando app para foreground...
2025-12-04 07:23:04.595 14845-14845 SettingsGuardService    com.cdccreditsmart.app               I  âœ… App trazido para foreground
2025-12-04 07:23:04.749 14845-14886 SettingsGuardService    com.cdccreditsmart.app               W  ğŸš¨ SETTINGS DETECTADO! (count: 3, dangerous: false)
2025-12-04 07:23:04.749 14845-14886 SettingsGuardService    com.cdccreditsmart.app               W     Pacote: com.android.settings
2025-12-04 07:23:04.750 14845-14886 SettingsGuardService    com.cdccreditsmart.app               W     Chamando app para foreground...
2025-12-04 07:23:04.754 14845-14845 SettingsGuardService    com.cdccreditsmart.app               I  âœ… App trazido para foreground
2025-12-04 07:23:04.866 14845-14845 PermissionGateScreen    com.cdccreditsmart.app               I  âœ… Device Admin status atualizado
2025-12-04 07:23:05.010 14845-14886 SettingsGuardService    com.cdccreditsmart.app               I  âœ… App CDC em foreground - resetando contador
2025-12-04 07:23:05.231 14845-14845 ImeTracker              com.cdccreditsmart.app               I  com.cdccreditsmart.app:d351cffd: onCancelled at PHASE_CLIENT_ALREADY_HIDDEN
2025-12-04 07:23:06.370 14845-14886 SettingsGuardService    com.cdccreditsmart.app               W  ğŸš¨ SETTINGS DETECTADO! (count: 2, dangerous: false)
2025-12-04 07:23:06.370 14845-14886 SettingsGuardService    com.cdccreditsmart.app               W     Pacote: com.android.settings
2025-12-04 07:23:06.370 14845-14886 SettingsGuardService    com.cdccreditsmart.app               W     Chamando app para foreground...
2025-12-04 07:23:06.523 14845-14845 SettingsGuardService    com.cdccreditsmart.app               I  âœ… App trazido para foreground
2025-12-04 07:23:06.821 14845-14886 SettingsGuardService    com.cdccreditsmart.app               W  ğŸš¨ SETTINGS DETECTADO! (count: 3, dangerous: false)
2025-12-04 07:23:06.821 14845-14886 SettingsGuardService    com.cdccreditsmart.app               W     Pacote: com.android.settings
2025-12-04 07:23:06.821 14845-14886 SettingsGuardService    com.cdccreditsmart.app               W     Chamando app para foreground...
2025-12-04 07:23:06.826 14845-14845 SettingsGuardService    com.cdccreditsmart.app               I  âœ… App trazido para foreground
2025-12-04 07:23:06.864 14845-14845 PermissionGateScreen    com.cdccreditsmart.app               I  âœ… Device Admin status atualizado
2025-12-04 07:23:06.928 14845-14886 SettingsGuardService    com.cdccreditsmart.app               I  âœ… App CDC em foreground - resetando contador
2025-12-04 07:23:07.047 14845-14845 ImeTracker              com.cdccreditsmart.app               I  com.cdccreditsmart.app:37e540cc: onCancelled at PHASE_CLIENT_ALREADY_HIDDEN
---------------------------- PROCESS ENDED (14845) for package com.cdccreditsmart.app ----------------------------
---------------------------- PROCESS STARTED (14996) for package com.cdccreditsmart.app ----------------------------
2025-12-04 07:26:15.272 14996-14996 re-initialized>         com.cdccreditsmart.app               W  type=1400 audit(0.0:2050): avc:  granted  { execute } for  path="/data/data/com.cdccreditsmart.app/code_cache/startup_agents/5b4f70e9-agent.so" dev="dm-55" ino=360503 scontext=u:r:untrusted_app:s0:c229,c256,c512,c768 tcontext=u:object_r:app_data_file:s0:c229,c256,c512,c768 tclass=file app=com.cdccreditsmart.app
2025-12-04 07:26:15.379 14996-14996 creditsmart.app         com.cdccreditsmart.app               W  Redefining intrinsic method java.lang.Thread java.lang.Thread.currentThread(). This may cause the unexpected use of the original definition of java.lang.Thread java.lang.Thread.currentThread()in methods that have already been compiled.
2025-12-04 07:26:15.379 14996-14996 creditsmart.app         com.cdccreditsmart.app               W  Redefining intrinsic method boolean java.lang.Thread.interrupted(). This may cause the unexpected use of the original definition of boolean java.lang.Thread.interrupted()in methods that have already been compiled.
2025-12-04 07:26:15.903 14996-14996 creditsmart.app         com.cdccreditsmart.app               I  AssetManager2(0x7978a5e9b7b8) locale list changing from [] to [en-US]
2025-12-04 07:26:15.907 14996-14996 creditsmart.app         com.cdccreditsmart.app               I  AssetManager2(0x7978a5e972f8) locale list changing from [] to [en-US]
2025-12-04 07:26:16.014 14996-14996 FirebaseApp             com.cdccreditsmart.app               I  Device unlocked: initializing all Firebase APIs for app [DEFAULT]
2025-12-04 07:26:16.056 14996-14996 FirebaseInitProvider    com.cdccreditsmart.app               I  FirebaseApp initialization successful
2025-12-04 07:26:16.113 14996-15012 creditsmart.app         com.cdccreditsmart.app               W  ClassLoaderContext classpath size mismatch. expected=1, found=0 (DLC[];PCL[base.apk*630649996]{PCL[/system/framework/org.apache.http.legacy.jar*4247870504]#PCL[/system/framework/com.android.media.remotedisplay.jar*487574312]#PCL[/system/framework/com.android.location.provider.jar*1570284764]#PCL[/system_ext/framework/androidx.window.extensions.jar*1030441313]#PCL[/system_ext/framework/androidx.window.sidecar.jar*3860983653]} | DLC[];PCL[])
2025-12-04 07:26:16.116 14996-15012 DynamiteModule          com.cdccreditsmart.app               I  Considering local module com.google.android.gms.measurement.dynamite:127 and remote module com.google.android.gms.measurement.dynamite:170
2025-12-04 07:26:16.117 14996-15012 DynamiteModule          com.cdccreditsmart.app               I  Selected remote version of com.google.android.gms.measurement.dynamite, version >= 170
2025-12-04 07:26:16.140 14996-15012 System                  com.cdccreditsmart.app               W  ClassLoader referenced unknown path: 
2025-12-04 07:26:16.150 14996-15012 creditsmart.app         com.cdccreditsmart.app               I  AssetManager2(0x7978a5e9e058) locale list changing from [] to [en-US]
2025-12-04 07:26:16.163 14996-15012 creditsmart.app         com.cdccreditsmart.app               W  ClassLoaderContext classpath size mismatch. expected=1, found=4 (DLC[];PCL[base.apk*630649996]{PCL[/system/framework/org.apache.http.legacy.jar*4247870504]#PCL[/system/framework/com.android.media.remotedisplay.jar*487574312]#PCL[/system/framework/com.android.location.provider.jar*1570284764]#PCL[/system_ext/framework/androidx.window.extensions.jar*1030441313]#PCL[/system_ext/framework/androidx.window.sidecar.jar*3860983653]} | DLC[];PCL[/data/data/com.cdccreditsmart.app/code_cache/.overlay/base.apk/classes19.dex*3731760029:/data/data/com.cdccreditsmart.app/code_cache/.overlay/base.apk/classes28.dex*3563307222:/data/data/com.cdccreditsmart.app/code_cache/.overlay/base.apk/classes29.dex*481315545:/data/app/~~_dsVVpQnOgaY_oGwlFx3NA==/com.cdccreditsmart.app-HRo0-s5xIm-hmSth_Ei4Fw==/base.apk*1313724985])
2025-12-04 07:26:16.166 14996-14996 CrashHandler            com.cdccreditsmart.app               I  âœ… Global crash handler instalado
2025-12-04 07:26:16.166 14996-14996 CDCApplication          com.cdccreditsmart.app               I  ğŸš€ CDC Credit Smart Application iniciando...
2025-12-04 07:26:16.166 14996-14996 CDCApplication          com.cdccreditsmart.app               I  ========================================
2025-12-04 07:26:16.166 14996-14996 CDCApplication          com.cdccreditsmart.app               I  ğŸ” Verificando status de Device Owner...
2025-12-04 07:26:16.171 14996-14996 CDCApplication          com.cdccreditsmart.app               I  Device Owner Status: âŒ NÃƒO
2025-12-04 07:26:16.172 14996-14996 CDCApplication          com.cdccreditsmart.app               I  Package Name: com.cdccreditsmart.app
2025-12-04 07:26:16.172 14996-14996 CDCApplication          com.cdccreditsmart.app               E  
2025-12-04 07:26:16.173 14996-14996 CDCApplication          com.cdccreditsmart.app               E  â•”â•â•â•â•â•â•â•â•â•â•â•â•â•â•â•â•â•â•â•â•â•â•â•â•â•â•â•â•â•â•â•â•â•â•â•â•â•â•â•â•â•â•â•â•â•â•â•â•â•â•â•â•â•â•â•â•â•—
2025-12-04 07:26:16.173 14996-14996 CDCApplication          com.cdccreditsmart.app               E  â•‘  âš ï¸  APP NÃƒO ESTÃ PROVISIONADO COMO DEVICE OWNER  âš ï¸   â•‘
2025-12-04 07:26:16.173 14996-14996 CDCApplication          com.cdccreditsmart.app               E  â• â•â•â•â•â•â•â•â•â•â•â•â•â•â•â•â•â•â•â•â•â•â•â•â•â•â•â•â•â•â•â•â•â•â•â•â•â•â•â•â•â•â•â•â•â•â•â•â•â•â•â•â•â•â•â•â•â•£
2025-12-04 07:26:16.173 14996-14996 CDCApplication          com.cdccreditsmart.app               E  â•‘  O app precisa ser provisionado como Device Owner      â•‘
2025-12-04 07:26:16.173 14996-14996 CDCApplication          com.cdccreditsmart.app               E  â•‘  ANTES de poder conceder permissÃµes automaticamente.   â•‘
2025-12-04 07:26:16.173 14996-14996 CDCApplication          com.cdccreditsmart.app               E  â•‘                                                        â•‘
2025-12-04 07:26:16.173 14996-14996 CDCApplication          com.cdccreditsmart.app               E  â•‘  Provisione o dispositivo usando um dos mÃ©todos:       â•‘
2025-12-04 07:26:16.173 14996-14996 CDCApplication          com.cdccreditsmart.app               E  â•‘  1. ADB: adb shell dpm set-device-owner ...           â•‘
2025-12-04 07:26:16.173 14996-14996 CDCApplication          com.cdccreditsmart.app               E  â•‘  2. QR Code durante setup inicial                      â•‘
2025-12-04 07:26:16.173 14996-14996 CDCApplication          com.cdccreditsmart.app               E  â•‘  3. NFC durante setup inicial                          â•‘
2025-12-04 07:26:16.173 14996-14996 CDCApplication          com.cdccreditsmart.app               E  â•‘  4. Samsung Knox Mobile Enrollment                     â•‘
2025-12-04 07:26:16.173 14996-14996 CDCApplication          com.cdccreditsmart.app               E  â•šâ•â•â•â•â•â•â•â•â•â•â•â•â•â•â•â•â•â•â•â•â•â•â•â•â•â•â•â•â•â•â•â•â•â•â•â•â•â•â•â•â•â•â•â•â•â•â•â•â•â•â•â•â•â•â•â•â•
2025-12-04 07:26:16.173 14996-14996 CDCApplication          com.cdccreditsmart.app               E  
2025-12-04 07:26:16.173 14996-14996 CDCApplication          com.cdccreditsmart.app               I  ========================================
2025-12-04 07:26:16.177 14996-14996 AppProtectionManager    com.cdccreditsmart.app               I  
2025-12-04 07:26:16.178 14996-14996 AppProtectionManager    com.cdccreditsmart.app               I  â•”â•â•â•â•â•â•â•â•â•â•â•â•â•â•â•â•â•â•â•â•â•â•â•â•â•â•â•â•â•â•â•â•â•â•â•â•â•â•â•â•â•â•â•â•â•â•â•â•â•â•â•â•â•â•â•â•â•â•â•â•â•â•â•â•â•—
2025-12-04 07:26:16.178 14996-14996 AppProtectionManager    com.cdccreditsmart.app               I  â•‘     ğŸ›¡ï¸ APLICANDO MELHOR PROTEÃ‡ÃƒO DISPONÃVEL                    â•‘
2025-12-04 07:26:16.178 14996-14996 AppProtectionManager    com.cdccreditsmart.app               I  â•‘           CDC CREDIT SMART - PROTEÃ‡ÃƒO EM CAMADAS              â•‘
2025-12-04 07:26:16.178 14996-14996 AppProtectionManager    com.cdccreditsmart.app               I  â•šâ•â•â•â•â•â•â•â•â•â•â•â•â•â•â•â•â•â•â•â•â•â•â•â•â•â•â•â•â•â•â•â•â•â•â•â•â•â•â•â•â•â•â•â•â•â•â•â•â•â•â•â•â•â•â•â•â•â•â•â•â•â•â•â•â•
2025-12-04 07:26:16.178 14996-14996 AppProtectionManager    com.cdccreditsmart.app               I  
2025-12-04 07:26:16.183 14996-14996 AppProtectionManager    com.cdccreditsmart.app               I  ğŸ“‹ STATUS ATUAL:
2025-12-04 07:26:16.184 14996-14996 AppProtectionManager    com.cdccreditsmart.app               I     Device Owner: NÃƒO
2025-12-04 07:26:16.184 14996-14996 AppProtectionManager    com.cdccreditsmart.app               I     Device Admin: NÃƒO
2025-12-04 07:26:16.184 14996-14996 AppProtectionManager    com.cdccreditsmart.app               I  
2025-12-04 07:26:16.184 14996-14996 AppProtectionManager    com.cdccreditsmart.app               W  âš ï¸ NÃVEL: SEM PRIVILÃ‰GIOS
2025-12-04 07:26:16.184 14996-14996 AppProtectionManager    com.cdccreditsmart.app               W     App precisa ser ativado como Device Admin ou Device Owner
2025-12-04 07:26:16.184 14996-14996 AppProtectionManager    com.cdccreditsmart.app               W     para aplicar proteÃ§Ãµes contra desinstalaÃ§Ã£o.
2025-12-04 07:26:16.184 14996-14996 AppProtectionManager    com.cdccreditsmart.app               W  
2025-12-04 07:26:16.184 14996-14996 AppProtectionManager    com.cdccreditsmart.app               I     Iniciando serviÃ§os de persistÃªncia...
2025-12-04 07:26:16.201 14996-14996 AppProtectionManager    com.cdccreditsmart.app               I     âœ… Foreground Service iniciado
2025-12-04 07:26:16.213 14996-15012 creditsmart.app         com.cdccreditsmart.app               I  AssetManager2(0x7978a5e9f958) locale list changing from [] to [en-US]
2025-12-04 07:26:16.215 14996-15012 creditsmart.app         com.cdccreditsmart.app               I  AssetManager2(0x7978a5ea0c18) locale list changing from [] to [en-US]
2025-12-04 07:26:16.231 14996-14996 AppProtectionManager    com.cdccreditsmart.app               I     âœ… ServiceWatchdog agendado (15 min)
2025-12-04 07:26:16.231 14996-14996 CDCApplication          com.cdccreditsmart.app               I  
2025-12-04 07:26:16.231 14996-14996 CDCApplication          com.cdccreditsmart.app               I  â•”â•â•â•â•â•â•â•â•â•â•â•â•â•â•â•â•â•â•â•â•â•â•â•â•â•â•â•â•â•â•â•â•â•â•â•â•â•â•â•â•â•â•â•â•â•â•â•â•â•â•â•â•â•â•â•â•â•â•â•â•â•—
2025-12-04 07:26:16.231 14996-14996 CDCApplication          com.cdccreditsmart.app               I  â•‘     RESULTADO DA APLICAÃ‡ÃƒO DE PROTEÃ‡Ã•ES                    â•‘
2025-12-04 07:26:16.231 14996-14996 CDCApplication          com.cdccreditsmart.app               I  â•šâ•â•â•â•â•â•â•â•â•â•â•â•â•â•â•â•â•â•â•â•â•â•â•â•â•â•â•â•â•â•â•â•â•â•â•â•â•â•â•â•â•â•â•â•â•â•â•â•â•â•â•â•â•â•â•â•â•â•â•â•â•
2025-12-04 07:26:16.231 14996-14996 CDCApplication          com.cdccreditsmart.app               I     NÃ­vel: NONE
2025-12-04 07:26:16.231 14996-14996 CDCApplication          com.cdccreditsmart.app               I     ProteÃ§Ãµes aplicadas: 0
2025-12-04 07:26:16.231 14996-14996 CDCApplication          com.cdccreditsmart.app               E     Status: SEM PROTEÃ‡ÃƒO
2025-12-04 07:26:16.231 14996-14996 CDCApplication          com.cdccreditsmart.app               E     App precisa ser provisionado como Device Owner
2025-12-04 07:26:16.231 14996-14996 CDCApplication          com.cdccreditsmart.app               E  
2025-12-04 07:26:16.231 14996-14996 CDCApplication          com.cdccreditsmart.app               E     Provisione o dispositivo usando:
2025-12-04 07:26:16.231 14996-14996 CDCApplication          com.cdccreditsmart.app               E     1. QR Code durante setup inicial
2025-12-04 07:26:16.231 14996-14996 CDCApplication          com.cdccreditsmart.app               E     2. ADB: adb shell dpm set-device-owner ...
2025-12-04 07:26:16.231 14996-14996 CDCApplication          com.cdccreditsmart.app               E     3. Samsung Knox Mobile Enrollment
2025-12-04 07:26:16.231 14996-14996 CDCApplication          com.cdccreditsmart.app               I  â•šâ•â•â•â•â•â•â•â•â•â•â•â•â•â•â•â•â•â•â•â•â•â•â•â•â•â•â•â•â•â•â•â•â•â•â•â•â•â•â•â•â•â•â•â•â•â•â•â•â•â•â•â•â•â•â•â•â•â•â•â•â•
2025-12-04 07:26:16.231 14996-14996 CDCApplication          com.cdccreditsmart.app               I  
2025-12-04 07:26:16.231 14996-14996 TamperDetection         com.cdccreditsmart.app               I  ========================================
2025-12-04 07:26:16.231 14996-14996 TamperDetection         com.cdccreditsmart.app               I  ğŸ” VERIFICANDO INTEGRIDADE DO DISPOSITIVO
2025-12-04 07:26:16.231 14996-14996 TamperDetection         com.cdccreditsmart.app               I  ========================================
2025-12-04 07:26:16.255 14996-15019 ashmem                  com.cdccreditsmart.app               E  Pinning is deprecated since Android Q. Please use trim or other methods.
2025-12-04 07:26:16.312 14996-15023 creditsmart.app         com.cdccreditsmart.app               I  hiddenapi: Accessing hidden method Ldalvik/system/VMStack;->getStackClass2()Ljava/lang/Class; (runtime_flags=0, domain=core-platform, api=unsupported) from Lm7/aox; (domain=app) using reflection: allowed
2025-12-04 07:26:16.326 14996-15023 PhClient                com.cdccreditsmart.app               I  Unable to retrieve flag snapshot for com.google.android.gms.measurement#com.cdccreditsmart.app, using defaults.
2025-12-04 07:26:16.333 14996-15022 creditsmart.app         com.cdccreditsmart.app               E  No package ID 6a found for resource ID 0x6a0b0013.
2025-12-04 07:26:16.334 14996-15022 FA                      com.cdccreditsmart.app               I  App measurement initialized, version: 146007
2025-12-04 07:26:16.335 14996-15022 FA                      com.cdccreditsmart.app               I  To enable debug logging run: adb shell setprop log.tag.FA VERBOSE
2025-12-04 07:26:16.335 14996-15022 FA                      com.cdccreditsmart.app               I  To enable faster debug mode event logging run:
                                                                                                      adb shell setprop debug.firebase.analytics.app com.cdccreditsmart.app
2025-12-04 07:26:16.387 14996-15019 JobInfo                 com.cdccreditsmart.app               W  Requested important-while-foreground flag for job5 is ignored and takes no effect
2025-12-04 07:26:16.439 14996-14996 TamperDetection         com.cdccreditsmart.app               I  âœ… Primeira instalaÃ§Ã£o detectada
2025-12-04 07:26:16.439 14996-14996 TamperDetection         com.cdccreditsmart.app               I     Token e deviceId nÃ£o existem - app nunca foi pareado
2025-12-04 07:26:16.439 14996-14996 TamperDetection         com.cdccreditsmart.app               I  ========================================
2025-12-04 07:26:16.441 14996-14996 TamperDetection         com.cdccreditsmart.app               I  
2025-12-04 07:26:16.441 14996-14996 TamperDetection         com.cdccreditsmart.app               I  â•”â•â•â•â•â•â•â•â•â•â•â•â•â•â•â•â•â•â•â•â•â•â•â•â•â•â•â•â•â•â•â•â•â•â•â•â•â•â•â•â•â•â•â•â•â•â•â•â•â•â•â•â•â•â•â•â•â•—
2025-12-04 07:26:16.441 14996-14996 TamperDetection         com.cdccreditsmart.app               I  â•‘    ğŸ“¡ REPORTAR BOOT AO BACKEND                        â•‘
2025-12-04 07:26:16.441 14996-14996 TamperDetection         com.cdccreditsmart.app               I  â• â•â•â•â•â•â•â•â•â•â•â•â•â•â•â•â•â•â•â•â•â•â•â•â•â•â•â•â•â•â•â•â•â•â•â•â•â•â•â•â•â•â•â•â•â•â•â•â•â•â•â•â•â•â•â•â•â•£
2025-12-04 07:26:16.442 14996-14996 TamperDetection         com.cdccreditsmart.app               I  â•‘  Device Fingerprint: CDC_-1244237****      â•‘
2025-12-04 07:26:16.442 14996-14996 TamperDetection         com.cdccreditsmart.app               I  â•‘  Boot Timestamp: 1764843976442          â•‘
2025-12-04 07:26:16.442 14996-14996 TamperDetection         com.cdccreditsmart.app               I  â•‘                                                        â•‘
2025-12-04 07:26:16.443 14996-14996 TamperDetection         com.cdccreditsmart.app               I  â•‘  Backend detectarÃ¡ factory reset comparando:          â•‘
2025-12-04 07:26:16.443 14996-14996 TamperDetection         com.cdccreditsmart.app               I  â•‘  â€¢ Fingerprint histÃ³rico vs atual                     â•‘
2025-12-04 07:26:16.443 14996-14996 TamperDetection         com.cdccreditsmart.app               I  â•‘  â€¢ Timestamp do Ãºltimo boot vs agora                  â•‘
2025-12-04 07:26:16.443 14996-14996 TamperDetection         com.cdccreditsmart.app               I  â•‘  â€¢ Token vÃ¡lido vs ausente                            â•‘
2025-12-04 07:26:16.443 14996-14996 TamperDetection         com.cdccreditsmart.app               I  â•šâ•â•â•â•â•â•â•â•â•â•â•â•â•â•â•â•â•â•â•â•â•â•â•â•â•â•â•â•â•â•â•â•â•â•â•â•â•â•â•â•â•â•â•â•â•â•â•â•â•â•â•â•â•â•â•â•â•
2025-12-04 07:26:16.443 14996-14996 TamperDetection         com.cdccreditsmart.app               I  
2025-12-04 07:26:16.443 14996-14996 TamperDetection         com.cdccreditsmart.app               I  âš ï¸ TODO: Implementar POST /api/security/device-boot
2025-12-04 07:26:16.447 14996-15029 CDCApplication          com.cdccreditsmart.app               I  ğŸ”’ Verificando status do SIM no boot da aplicaÃ§Ã£o...
2025-12-04 07:26:16.462 14996-15029 SimSwapManager          com.cdccreditsmart.app               I  ========================================
2025-12-04 07:26:16.462 14996-15029 SimSwapManager          com.cdccreditsmart.app               I  ğŸ”’ SIM SWAP: Iniciando verificaÃ§Ã£o de status do SIM
2025-12-04 07:26:16.462 14996-15029 SimSwapManager          com.cdccreditsmart.app               I  ========================================
2025-12-04 07:26:16.513 14996-15029 SimSwapDetector         com.cdccreditsmart.app               W  ğŸ”’ SIM SWAP: ICCID vazio no SubscriptionInfo
2025-12-04 07:26:16.524 14996-15029 SimSwapDetector         com.cdccreditsmart.app               E  ğŸ”’ SIM SWAP: SecurityException no fallback (Ask Gemini)
                                                                                                    java.lang.SecurityException: getIccSerialNumber: The uid 10229 does not meet the requirements to access device identifiers.
                                                                                                    	at android.os.Parcel.createExceptionOrNull(Parcel.java:3340)
                                                                                                    	at android.os.Parcel.createException(Parcel.java:3324)
                                                                                                    	at android.os.Parcel.readException(Parcel.java:3307)
                                                                                                    	at android.os.Parcel.readException(Parcel.java:3249)
                                                                                                    	at com.android.internal.telephony.IPhoneSubInfo$Stub$Proxy.getIccSerialNumberForSubscriber(IPhoneSubInfo.java:1331)
                                                                                                    	at android.telephony.TelephonyManager.getSimSerialNumber(TelephonyManager.java:4332)
                                                                                                    	at android.telephony.TelephonyManager.getSimSerialNumber(TelephonyManager.java:4289)
                                                                                                    	at com.cdccreditsmart.app.security.SimSwapDetector.getSimSerialFallback(SimSwapDetector.kt:123)
                                                                                                    	at com.cdccreditsmart.app.security.SimSwapDetector.getCurrentSimSerial(SimSwapDetector.kt:95)
                                                                                                    	at com.cdccreditsmart.app.security.SimSwapDetector.getSimInfo(SimSwapDetector.kt:256)
                                                                                                    	at com.cdccreditsmart.app.security.SimSwapManager$checkSimStatus$2.invokeSuspend(SimSwapManager.kt:143)
                                                                                                    	at kotlin.coroutines.jvm.internal.BaseContinuationImpl.resumeWith(ContinuationImpl.kt:34)
                                                                                                    	at kotlinx.coroutines.DispatchedTask.run(DispatchedTask.kt:108)
                                                                                                    	at kotlinx.coroutines.internal.LimitedDispatcher$Worker.run(LimitedDispatcher.kt:115)
                                                                                                    	at kotlinx.coroutines.scheduling.TaskImpl.run(Tasks.kt:103)
                                                                                                    	at kotlinx.coroutines.scheduling.CoroutineScheduler.runSafely(CoroutineScheduler.kt:584)
                                                                                                    	at kotlinx.coroutines.scheduling.CoroutineScheduler$Worker.executeTask(CoroutineScheduler.kt:793)
                                                                                                    	at kotlinx.coroutines.scheduling.CoroutineScheduler$Worker.runWorker(CoroutineScheduler.kt:697)
                                                                                                    	at kotlinx.coroutines.scheduling.CoroutineScheduler$Worker.run(CoroutineScheduler.kt:684)
2025-12-04 07:26:16.533 14996-15029 SimSwapDetector         com.cdccreditsmart.app               I  ğŸ”’ SIM SWAP: InformaÃ§Ãµes do SIM coletadas:
2025-12-04 07:26:16.533 14996-15029 SimSwapDetector         com.cdccreditsmart.app               I     Serial: nÃ£o disponÃ­vel...
2025-12-04 07:26:16.533 14996-15029 SimSwapDetector         com.cdccreditsmart.app               I     Operadora: T-Mobile
2025-12-04 07:26:16.533 14996-15029 SimSwapDetector         com.cdccreditsmart.app               I     SIM ativo: false
2025-12-04 07:26:16.533 14996-15029 SimSwapManager          com.cdccreditsmart.app               W  ğŸ”’ SIM SWAP: Nenhum SIM ativo detectado - sem aÃ§Ã£o necessÃ¡ria
2025-12-04 07:26:16.533 14996-15029 SimSwapManager          com.cdccreditsmart.app               I  ========================================
2025-12-04 07:26:16.533 14996-15029 CDCApplication          com.cdccreditsmart.app               I  âœ… VerificaÃ§Ã£o de SIM swap concluÃ­da com sucesso
2025-12-04 07:26:16.626 14996-14996 ContractCodeStorage     com.cdccreditsmart.app               W  No valid contract code found in any location
2025-12-04 07:26:16.627 14996-14996 CDCApplication          com.cdccreditsmart.app               I  â¸ï¸ Sem tokens - aguardando pairing para iniciar serviÃ§o MDM
2025-12-04 07:26:16.631 14996-14996 AutoBlockingWorker      com.cdccreditsmart.app               I  âœ… VerificaÃ§Ã£o automÃ¡tica de bloqueio agendada (diariamente Ã s 00:00)
2025-12-04 07:26:16.632 14996-14996 AutoBlockingWorker      com.cdccreditsmart.app               I     PrÃ³xima execuÃ§Ã£o em: 813 minutos
2025-12-04 07:26:16.632 14996-14996 CDCApplication          com.cdccreditsmart.app               I  ğŸ“… Agendando overlay automÃ¡tico com intervalo progressivo...
2025-12-04 07:26:16.633 14996-14996 PeriodicOverlayWorker   com.cdccreditsmart.app               I  ğŸ“… Agendando overlay automÃ¡tico com INTERVALO PROGRESSIVO
2025-12-04 07:26:16.633 14996-14996 PeriodicOverlayWorker   com.cdccreditsmart.app               I     1-4 dias de atraso: a cada 10 minutos
2025-12-04 07:26:16.633 14996-14996 PeriodicOverlayWorker   com.cdccreditsmart.app               I     5-14 dias de atraso: a cada 5 minutos
2025-12-04 07:26:16.633 14996-14996 PeriodicOverlayWorker   com.cdccreditsmart.app               I     15+ dias de atraso: a cada 3 minutos
2025-12-04 07:26:16.634 14996-14996 WM-WorkSpec             com.cdccreditsmart.app               W  Interval duration lesser than minimum allowed value; Changed to 900000
2025-12-04 07:26:16.634 14996-14996 WM-WorkSpec             com.cdccreditsmart.app               W  Flex duration lesser than minimum allowed value; Changed to 300000
2025-12-04 07:26:16.637 14996-14996 PeriodicOverlayWorker   com.cdccreditsmart.app               I  âœ… Overlay automÃ¡tico agendado com sucesso
2025-12-04 07:26:16.637 14996-14996 CDCApplication          com.cdccreditsmart.app               I  ğŸ”’ Iniciando sistema Keep Alive...
2025-12-04 07:26:16.638 14996-14996 KeepAliveManager        com.cdccreditsmart.app               I  ğŸ”’ ========================================
2025-12-04 07:26:16.639 14996-14996 KeepAliveManager        com.cdccreditsmart.app               I  ğŸ”’ INICIANDO SISTEMA KEEP ALIVE
2025-12-04 07:26:16.639 14996-14996 KeepAliveManager        com.cdccreditsmart.app               I  ğŸ”’ ========================================
2025-12-04 07:26:16.640 14996-14996 KeepAliveManager        com.cdccreditsmart.app               I  âœ… ServiceWatchdogWorker agendado (15min)
2025-12-04 07:26:16.641 14996-14996 KeepAliveManager        com.cdccreditsmart.app               I  âœ… AlarmManager wakeup agendado (10min)
2025-12-04 07:26:16.642 14996-14996 KeepAliveManager        com.cdccreditsmart.app               I  ğŸ”‹ Tentando desativar otimizaÃ§Ã£o de bateria automaticamente...
2025-12-04 07:26:16.642 14996-14996 KeepAliveManager        com.cdccreditsmart.app               I  ğŸ”‹ App NÃƒO Ã© Device Owner - abrindo configuraÃ§Ãµes do sistema
2025-12-04 07:26:16.659 14996-14996 KeepAliveManager        com.cdccreditsmart.app               I  âœ… Tela de isenÃ§Ã£o de bateria aberta para o usuÃ¡rio
2025-12-04 07:26:16.659 14996-14996 KeepAliveManager        com.cdccreditsmart.app               I  ğŸ”’ Sistema Keep Alive ativo
2025-12-04 07:26:16.662 14996-14996 KeepAliveManager        com.cdccreditsmart.app               I  ğŸ”’ - WorkManager: verificaÃ§Ã£o a cada 15min
2025-12-04 07:26:16.662 14996-14996 KeepAliveManager        com.cdccreditsmart.app               I  ğŸ”’ - AlarmManager: wakeup a cada 10min
2025-12-04 07:26:16.662 14996-14996 KeepAliveManager        com.cdccreditsmart.app               I  ğŸ”’ ========================================
2025-12-04 07:26:16.662 14996-14996 CDCApplication          com.cdccreditsmart.app               I  ğŸ“Š Keep Alive Stats:
2025-12-04 07:26:16.663 14996-14996 CDCApplication          com.cdccreditsmart.app               I     - Restarts anteriores: 0
2025-12-04 07:26:16.663 14996-14996 CDCApplication          com.cdccreditsmart.app               I     - OtimizaÃ§Ã£o bateria: SIM (ruim)
2025-12-04 07:26:16.678 14996-14996 BootReceiver            com.cdccreditsmart.app               I  ğŸš€ Dispositivo iniciado - starting CdcForegroundService
2025-12-04 07:26:16.681 14996-14996 CdcForegroundService    com.cdccreditsmart.app               I  âœ… ServiÃ§o iniciado via startService()
2025-12-04 07:26:16.690 14996-15034 DisplayManager          com.cdccreditsmart.app               I  Choreographer implicitly registered for the refresh rate.
2025-12-04 07:26:16.703 14996-14996 creditsmart.app         com.cdccreditsmart.app               I  AssetManager2(0x7978a5ea3198) locale list changing from [] to [en-US]
2025-12-04 07:26:16.769 14996-15034 EGL_emulation           com.cdccreditsmart.app               I  Opening libGLESv1_CM_emulation.so
2025-12-04 07:26:16.770 14996-15034 EGL_emulation           com.cdccreditsmart.app               I  Opening libGLESv2_emulation.so
2025-12-04 07:26:16.789 14996-15034 HWUI                    com.cdccreditsmart.app               W  Failed to choose config with EGL_SWAP_BEHAVIOR_PRESERVED, retrying without...
2025-12-04 07:26:16.798 14996-15034 HWUI                    com.cdccreditsmart.app               W  Failed to initialize 101010-2 format, error = EGL_SUCCESS
2025-12-04 07:26:16.798 14996-15030 MainActivity            com.cdccreditsmart.app               I  ğŸ†• Device nunca foi provisionado
2025-12-04 07:26:16.802 14996-14996 MainActivity            com.cdccreditsmart.app               I  ========================================
2025-12-04 07:26:16.802 14996-14996 MainActivity            com.cdccreditsmart.app               I  ğŸ“± SOLICITANDO PERMISSÃ•ES (NÃƒO DEVICE OWNER)
2025-12-04 07:26:16.802 14996-14996 MainActivity            com.cdccreditsmart.app               I  ========================================
2025-12-04 07:26:16.807 14996-14996 MainActivity            com.cdccreditsmart.app               I  âœ… Todas as runtime permissions jÃ¡ foram concedidas!
2025-12-04 07:26:16.807 14996-14996 SpecialPermissionReq    com.cdccreditsmart.app               I  ========================================
2025-12-04 07:26:16.807 14996-14996 SpecialPermissionReq    com.cdccreditsmart.app               I  ğŸ“Š STATUS DAS PERMISSÃ•ES ESPECIAIS
2025-12-04 07:26:16.807 14996-14996 SpecialPermissionReq    com.cdccreditsmart.app               I  ========================================
2025-12-04 07:26:16.808 14996-14996 SpecialPermissionReq    com.cdccreditsmart.app               I    USAGE_STATS: âœ… CONCEDIDA
2025-12-04 07:26:16.809 14996-14996 SpecialPermissionReq    com.cdccreditsmart.app               I    OVERLAY: âœ… CONCEDIDA
2025-12-04 07:26:16.809 14996-14996 SpecialPermissionReq    com.cdccreditsmart.app               I  
2025-12-04 07:26:16.809 14996-14996 SpecialPermissionReq    com.cdccreditsmart.app               I  âœ… Todas as permissÃµes especiais concedidas!
2025-12-04 07:26:16.809 14996-14996 SpecialPermissionReq    com.cdccreditsmart.app               I     ProteÃ§Ã£o anti-desinstalaÃ§Ã£o ativa.
2025-12-04 07:26:16.809 14996-14996 SpecialPermissionReq    com.cdccreditsmart.app               I  ========================================
2025-12-04 07:26:16.809 14996-14996 MainActivity            com.cdccreditsmart.app               I  âœ… Todas as permissÃµes especiais jÃ¡ foram concedidas!
2025-12-04 07:26:16.851 14996-14996 HWUI                    com.cdccreditsmart.app               W  Unknown dataspace 0
2025-12-04 07:26:16.863 14996-15022 FA                      com.cdccreditsmart.app               I  Tag Manager is not found and thus will not be used
2025-12-04 07:26:17.493 14996-14996 Choreographer           com.cdccreditsmart.app               I  Skipped 85 frames!  The application may be doing too much work on its main thread.
2025-12-04 07:26:17.953 14996-15000 creditsmart.app         com.cdccreditsmart.app               I  Compiler allocated 5042KB to compile void android.view.ViewRootImpl.performTraversals()
2025-12-04 07:26:18.079 14996-14996 creditsmart.app         com.cdccreditsmart.app               W  Verification of boolean androidx.navigation.NavController.handleDeepLink(android.content.Intent) took 152.240ms (4013.39 bytecodes/s) (0B arena alloc)
2025-12-04 07:26:19.390 14996-14996 CdcForegroundService    com.cdccreditsmart.app               I  âœ… ScreenStateReceiver registrado
2025-12-04 07:26:19.421 14996-14996 CdcForegroundService    com.cdccreditsmart.app               I  âœ… Foreground Service ativo (Android 12+)
2025-12-04 07:26:19.430 14996-15029 CdcForegroundService    com.cdccreditsmart.app               I  ğŸ”§ ========================================
2025-12-04 07:26:19.430 14996-15029 CdcForegroundService    com.cdccreditsmart.app               I  ğŸ”§ INICIANDO initializeServices()...
2025-12-04 07:26:19.430 14996-15029 CdcForegroundService    com.cdccreditsmart.app               I  ğŸ”§ ========================================
2025-12-04 07:26:19.430 14996-15029 CdcForegroundService    com.cdccreditsmart.app               I  ğŸ¢ ========================================
2025-12-04 07:26:19.430 14996-15029 CdcForegroundService    com.cdccreditsmart.app               I  ğŸ¢ APLICANDO POLÃTICAS DE AMBIENTE DE TRABALHO
2025-12-04 07:26:19.430 14996-15029 CdcForegroundService    com.cdccreditsmart.app               I  ğŸ¢ ========================================
2025-12-04 07:26:19.430 14996-15029 WorkPolicyManager       com.cdccreditsmart.app               I  
2025-12-04 07:26:19.430 14996-15029 WorkPolicyManager       com.cdccreditsmart.app               I  â•”â•â•â•â•â•â•â•â•â•â•â•â•â•â•â•â•â•â•â•â•â•â•â•â•â•â•â•â•â•â•â•â•â•â•â•â•â•â•â•â•â•â•â•â•â•â•â•â•â•â•â•â•â•â•â•â•â•â•â•â•â•â•â•â•â•—
2025-12-04 07:26:19.430 14996-15029 WorkPolicyManager       com.cdccreditsmart.app               I  â•‘  ğŸ¢ APLICANDO POLÃTICAS DE AMBIENTE DE TRABALHO                â•‘
2025-12-04 07:26:19.430 14996-15029 WorkPolicyManager       com.cdccreditsmart.app               I  â•‘     CDC CREDIT SMART - PROTEÃ‡ÃƒO EMPRESARIAL                    â•‘
2025-12-04 07:26:19.430 14996-15029 WorkPolicyManager       com.cdccreditsmart.app               I  â•šâ•â•â•â•â•â•â•â•â•â•â•â•â•â•â•â•â•â•â•â•â•â•â•â•â•â•â•â•â•â•â•â•â•â•â•â•â•â•â•â•â•â•â•â•â•â•â•â•â•â•â•â•â•â•â•â•â•â•â•â•â•â•â•â•â•
2025-12-04 07:26:19.430 14996-15029 WorkPolicyManager       com.cdccreditsmart.app               I  
2025-12-04 07:26:19.432 14996-15029 WorkPolicyManager       com.cdccreditsmart.app               I  ğŸ“‹ STATUS DO DISPOSITIVO:
2025-12-04 07:26:19.432 14996-15029 WorkPolicyManager       com.cdccreditsmart.app               I     Device Owner: âŒ NÃƒO
2025-12-04 07:26:19.432 14996-15029 WorkPolicyManager       com.cdccreditsmart.app               I     Device Admin: âŒ NÃƒO
2025-12-04 07:26:19.432 14996-15029 WorkPolicyManager       com.cdccreditsmart.app               I  
2025-12-04 07:26:19.432 14996-15029 WorkPolicyManager       com.cdccreditsmart.app               I  â•â•â•â•â•â•â•â•â•â•â•â•â•â•â•â•â•â•â•â•â•â•â•â•â•â•â•â•â•â•â•â•â•â•â•â•â•â•â•â•â•â•â•â•â•â•â•â•â•â•â•â•â•â•â•â•â•â•â•â•â•â•â•
2025-12-04 07:26:19.432 14996-15029 WorkPolicyManager       com.cdccreditsmart.app               I  âš ï¸ MODO BÃSICO - PROTEÃ‡ÃƒO MÃNIMA
2025-12-04 07:26:19.432 14996-15029 WorkPolicyManager       com.cdccreditsmart.app               I  â•â•â•â•â•â•â•â•â•â•â•â•â•â•â•â•â•â•â•â•â•â•â•â•â•â•â•â•â•â•â•â•â•â•â•â•â•â•â•â•â•â•â•â•â•â•â•â•â•â•â•â•â•â•â•â•â•â•â•â•â•â•â•
2025-12-04 07:26:19.432 14996-15029 WorkPolicyManager       com.cdccreditsmart.app               I  
2025-12-04 07:26:19.432 14996-15029 WorkPolicyManager       com.cdccreditsmart.app               E  âŒ ATENÃ‡ÃƒO: App NÃƒO Ã© Device Owner nem Device Admin!
2025-12-04 07:26:19.432 14996-15029 WorkPolicyManager       com.cdccreditsmart.app               E     â€¢ ProteÃ§Ãµes MDM nÃ£o disponÃ­veis
2025-12-04 07:26:19.432 14996-15029 WorkPolicyManager       com.cdccreditsmart.app               E     â€¢ UsuÃ¡rio pode desinstalar o app livremente
2025-12-04 07:26:19.432 14996-15029 WorkPolicyManager       com.cdccreditsmart.app               E     â€¢ Factory Reset nÃ£o Ã© bloqueÃ¡vel
2025-12-04 07:26:19.432 14996-15029 WorkPolicyManager       com.cdccreditsmart.app               E     â€¢ Aplicando proteÃ§Ãµes alternativas mÃ­nimas...
2025-12-04 07:26:19.432 14996-15029 WorkPolicyManager       com.cdccreditsmart.app               I  
2025-12-04 07:26:19.432 14996-15029 WorkPolicyManager       com.cdccreditsmart.app               I  ğŸ”„ [1/3] PERSISTÃŠNCIA DO APP
2025-12-04 07:26:19.432 14996-15029 WorkPolicyManager       com.cdccreditsmart.app               I  â”€â”€â”€â”€â”€â”€â”€â”€â”€â”€â”€â”€â”€â”€â”€â”€â”€â”€â”€â”€â”€â”€â”€â”€â”€â”€â”€â”€â”€â”€â”€â”€â”€â”€â”€â”€â”€â”€â”€â”€â”€â”€â”€â”€â”€â”€â”€â”€â”€â”€â”€â”€â”€â”€â”€â”€â”€â”€â”€â”€â”€â”€â”€
2025-12-04 07:26:19.433 14996-15029 WorkPolicyManager       com.cdccreditsmart.app               I     â„¹ï¸ Solicitando isenÃ§Ã£o de otimizaÃ§Ã£o de bateria...
2025-12-04 07:26:19.433 14996-15029 WorkPolicyManager       com.cdccreditsmart.app               I     â„¹ï¸ UsuÃ¡rio precisa conceder manualmente em Settings
2025-12-04 07:26:19.433 14996-15029 WorkPolicyManager       com.cdccreditsmart.app               I     âœ… Foreground Service configurado via CdcForegroundService
2025-12-04 07:26:19.433 14996-15029 WorkPolicyManager       com.cdccreditsmart.app               I  
2025-12-04 07:26:19.433 14996-15029 WorkPolicyManager       com.cdccreditsmart.app               I  ğŸ“Š [2/3] MONITORAMENTO BÃSICO
2025-12-04 07:26:19.433 14996-15029 WorkPolicyManager       com.cdccreditsmart.app               I  â”€â”€â”€â”€â”€â”€â”€â”€â”€â”€â”€â”€â”€â”€â”€â”€â”€â”€â”€â”€â”€â”€â”€â”€â”€â”€â”€â”€â”€â”€â”€â”€â”€â”€â”€â”€â”€â”€â”€â”€â”€â”€â”€â”€â”€â”€â”€â”€â”€â”€â”€â”€â”€â”€â”€â”€â”€â”€â”€â”€â”€â”€â”€
2025-12-04 07:26:19.433 14996-15029 WorkPolicyManager       com.cdccreditsmart.app               I     âœ… WorkManager health check agendado
2025-12-04 07:26:19.433 14996-15029 WorkPolicyManager       com.cdccreditsmart.app               I  
2025-12-04 07:26:19.433 14996-15029 WorkPolicyManager       com.cdccreditsmart.app               I  ğŸ”” [3/3] NOTIFICAÃ‡Ã•ES
2025-12-04 07:26:19.433 14996-15029 WorkPolicyManager       com.cdccreditsmart.app               I  â”€â”€â”€â”€â”€â”€â”€â”€â”€â”€â”€â”€â”€â”€â”€â”€â”€â”€â”€â”€â”€â”€â”€â”€â”€â”€â”€â”€â”€â”€â”€â”€â”€â”€â”€â”€â”€â”€â”€â”€â”€â”€â”€â”€â”€â”€â”€â”€â”€â”€â”€â”€â”€â”€â”€â”€â”€â”€â”€â”€â”€â”€â”€
2025-12-04 07:26:19.433 14996-15029 WorkPolicyManager       com.cdccreditsmart.app               I     âœ… Canal de notificaÃ§Ã£o persistente criado
2025-12-04 07:26:19.445 14996-15029 WorkPolicyManager       com.cdccreditsmart.app               I  
2025-12-04 07:26:19.445 14996-15029 WorkPolicyManager       com.cdccreditsmart.app               I  â•”â•â•â•â•â•â•â•â•â•â•â•â•â•â•â•â•â•â•â•â•â•â•â•â•â•â•â•â•â•â•â•â•â•â•â•â•â•â•â•â•â•â•â•â•â•â•â•â•â•â•â•â•â•â•â•â•â•â•â•â•â•â•â•â•â•—
2025-12-04 07:26:19.445 14996-15029 WorkPolicyManager       com.cdccreditsmart.app               I  â•‘  ğŸ“Š RESUMO DAS POLÃTICAS DE TRABALHO                           â•‘
2025-12-04 07:26:19.445 14996-15029 WorkPolicyManager       com.cdccreditsmart.app               I  â• â•â•â•â•â•â•â•â•â•â•â•â•â•â•â•â•â•â•â•â•â•â•â•â•â•â•â•â•â•â•â•â•â•â•â•â•â•â•â•â•â•â•â•â•â•â•â•â•â•â•â•â•â•â•â•â•â•â•â•â•â•â•â•â•â•£
2025-12-04 07:26:19.445 14996-15029 WorkPolicyManager       com.cdccreditsmart.app               I  â•‘  âš ï¸ NÃ­vel de proteÃ§Ã£o: BASIC
2025-12-04 07:26:19.445 14996-15029 WorkPolicyManager       com.cdccreditsmart.app               I  â•‘  ğŸ“‹ PolÃ­ticas aplicadas: 4
2025-12-04 07:26:19.445 14996-15029 WorkPolicyManager       com.cdccreditsmart.app               I  â• â•â•â•â•â•â•â•â•â•â•â•â•â•â•â•â•â•â•â•â•â•â•â•â•â•â•â•â•â•â•â•â•â•â•â•â•â•â•â•â•â•â•â•â•â•â•â•â•â•â•â•â•â•â•â•â•â•â•â•â•â•â•â•â•â•£
2025-12-04 07:26:19.445 14996-15029 WorkPolicyManager       com.cdccreditsmart.app               I  â•‘  âœ… PROTEÃ‡Ã•ES ATIVAS:
2025-12-04 07:26:19.445 14996-15029 WorkPolicyManager       com.cdccreditsmart.app               I  â•‘     âœ… IsenÃ§Ã£o de otimizaÃ§Ã£o de bateria
2025-12-04 07:26:19.445 14996-15029 WorkPolicyManager       com.cdccreditsmart.app               I  â•‘     âœ… Foreground Service persistente
2025-12-04 07:26:19.445 14996-15029 WorkPolicyManager       com.cdccreditsmart.app               I  â•‘     âœ… Health check periÃ³dico agendado
2025-12-04 07:26:19.445 14996-15029 WorkPolicyManager       com.cdccreditsmart.app               I  â•‘     âœ… Canal de notificaÃ§Ã£o persistente criado
2025-12-04 07:26:19.445 14996-15029 WorkPolicyManager       com.cdccreditsmart.app               I  â• â•â•â•â•â•â•â•â•â•â•â•â•â•â•â•â•â•â•â•â•â•â•â•â•â•â•â•â•â•â•â•â•â•â•â•â•â•â•â•â•â•â•â•â•â•â•â•â•â•â•â•â•â•â•â•â•â•â•â•â•â•â•â•â•â•£
2025-12-04 07:26:19.445 14996-15029 WorkPolicyManager       com.cdccreditsmart.app               I  â•‘  âš ï¸ AVISOS:
2025-12-04 07:26:19.445 14996-15029 WorkPolicyManager       com.cdccreditsmart.app               W  â•‘     âŒ CRÃTICO: DesinstalaÃ§Ã£o NÃƒO bloqueÃ¡vel
2025-12-04 07:26:19.445 14996-15029 WorkPolicyManager       com.cdccreditsmart.app               W  â•‘     âŒ CRÃTICO: Factory Reset NÃƒO bloqueÃ¡vel
2025-12-04 07:26:19.445 14996-15029 WorkPolicyManager       com.cdccreditsmart.app               W  â•‘     âŒ CRÃTICO: Force Stop NÃƒO bloqueÃ¡vel
2025-12-04 07:26:19.445 14996-15029 WorkPolicyManager       com.cdccreditsmart.app               W  â•‘     âŒ CRÃTICO: Clear Data NÃƒO bloqueÃ¡vel
2025-12-04 07:26:19.445 14996-15029 WorkPolicyManager       com.cdccreditsmart.app               W  â•‘     âš ï¸ RecomendaÃ§Ã£o: Configurar como Device Owner via QR Code ou ADB
2025-12-04 07:26:19.445 14996-15029 WorkPolicyManager       com.cdccreditsmart.app               I  â•šâ•â•â•â•â•â•â•â•â•â•â•â•â•â•â•â•â•â•â•â•â•â•â•â•â•â•â•â•â•â•â•â•â•â•â•â•â•â•â•â•â•â•â•â•â•â•â•â•â•â•â•â•â•â•â•â•â•â•â•â•â•â•â•â•â•
2025-12-04 07:26:19.445 14996-15029 WorkPolicyManager       com.cdccreditsmart.app               I  
2025-12-04 07:26:19.446 14996-15029 CdcForegroundService    com.cdccreditsmart.app               I  ğŸ¢ Resultado: BASIC
2025-12-04 07:26:19.446 14996-15029 CdcForegroundService    com.cdccreditsmart.app               I  ğŸ¢ PolÃ­ticas aplicadas: 4/5
2025-12-04 07:26:19.446 14996-15029 CdcForegroundService    com.cdccreditsmart.app               W  ğŸ¢ âŒ CRÃTICO: DesinstalaÃ§Ã£o NÃƒO bloqueÃ¡vel
2025-12-04 07:26:19.446 14996-15029 CdcForegroundService    com.cdccreditsmart.app               W  ğŸ¢ âŒ CRÃTICO: Factory Reset NÃƒO bloqueÃ¡vel
2025-12-04 07:26:19.446 14996-15029 CdcForegroundService    com.cdccreditsmart.app               W  ğŸ¢ âŒ CRÃTICO: Force Stop NÃƒO bloqueÃ¡vel
2025-12-04 07:26:19.446 14996-15029 CdcForegroundService    com.cdccreditsmart.app               W  ğŸ¢ âŒ CRÃTICO: Clear Data NÃƒO bloqueÃ¡vel
2025-12-04 07:26:19.446 14996-15029 CdcForegroundService    com.cdccreditsmart.app               W  ğŸ¢ âš ï¸ RecomendaÃ§Ã£o: Configurar como Device Owner via QR Code ou ADB
2025-12-04 07:26:19.446 14996-15029 CdcForegroundService    com.cdccreditsmart.app               I  ğŸ¢ ========================================
2025-12-04 07:26:19.446 14996-15029 CdcForegroundService    com.cdccreditsmart.app               I  ğŸ›¡ï¸ ========================================
2025-12-04 07:26:19.446 14996-15029 CdcForegroundService    com.cdccreditsmart.app               I  ğŸ›¡ï¸ INICIANDO SETTINGS GUARD (PROTEÃ‡ÃƒO AGRESSIVA)
2025-12-04 07:26:19.446 14996-15029 CdcForegroundService    com.cdccreditsmart.app               I  ğŸ›¡ï¸ ========================================
2025-12-04 07:26:19.447 14996-15029 SettingsGuardService    com.cdccreditsmart.app               I  ğŸ›¡ï¸ SettingsGuard INICIADO
2025-12-04 07:26:19.447 14996-15029 SettingsGuardService    com.cdccreditsmart.app               I     Modo de proteÃ§Ã£o: BASIC
2025-12-04 07:26:19.447 14996-15029 SettingsGuardService    com.cdccreditsmart.app               I     âš ï¸ Sem privilÃ©gios: ProteÃ§Ã£o AGRESSIVA ativada
2025-12-04 07:26:19.447 14996-15029 SettingsGuardService    com.cdccreditsmart.app               I     ğŸ“¡ Monitorando Settings a cada 600ms
2025-12-04 07:26:19.450 14996-15029 CdcForegroundService    com.cdccreditsmart.app               I  ğŸ›¡ï¸ Guard ativo: true
2025-12-04 07:26:19.450 14996-15029 CdcForegroundService    com.cdccreditsmart.app               I  ğŸ›¡ï¸ Modo proteÃ§Ã£o: BASIC
2025-12-04 07:26:19.450 14996-15029 CdcForegroundService    com.cdccreditsmart.app               I  ğŸ›¡ï¸ Modo agressivo: false
2025-12-04 07:26:19.450 14996-15029 CdcForegroundService    com.cdccreditsmart.app               I  ğŸ›¡ï¸ UsageStats: âœ… ATIVO
2025-12-04 07:26:19.450 14996-15029 CdcForegroundService    com.cdccreditsmart.app               I  ğŸ›¡ï¸ Overlay: âœ… ATIVO
2025-12-04 07:26:19.450 14996-15029 CdcForegroundService    com.cdccreditsmart.app               I  ğŸ›¡ï¸ ========================================
2025-12-04 07:26:19.542 14996-14996 CdcForegroundService    com.cdccreditsmart.app               I  âœ… Foreground Service ativo (Android 12+)
2025-12-04 07:26:19.549 14996-15029 CdcForegroundService    com.cdccreditsmart.app               I  ğŸ”§ ========================================
2025-12-04 07:26:19.550 14996-15029 CdcForegroundService    com.cdccreditsmart.app               I  ğŸ”§ INICIANDO initializeServices()...
2025-12-04 07:26:19.550 14996-15029 CdcForegroundService    com.cdccreditsmart.app               I  ğŸ”§ ========================================
2025-12-04 07:26:19.550 14996-15029 CdcForegroundService    com.cdccreditsmart.app               I  ğŸ¢ ========================================
2025-12-04 07:26:19.550 14996-15029 CdcForegroundService    com.cdccreditsmart.app               I  ğŸ¢ APLICANDO POLÃTICAS DE AMBIENTE DE TRABALHO
2025-12-04 07:26:19.550 14996-15029 CdcForegroundService    com.cdccreditsmart.app               I  ğŸ¢ ========================================
2025-12-04 07:26:19.550 14996-15029 WorkPolicyManager       com.cdccreditsmart.app               I  
