2025-11-10 21:27:05.015 19724-19761 BLASTBufferQueue        com.cdccreditsmart.app               D  [VRI[MainActivity]#1](f:0,a:1) destructor()
2025-11-10 21:27:05.015 19724-19761 BufferQueueConsumer     com.cdccreditsmart.app               D  [VRI[MainActivity]#1(BLAST Consumer)1](id:4d0c00000001,api:0,p:-1,c:19724) disconnect
2025-11-10 21:27:05.206 19724-19724 WindowOnBackDispatcher  com.cdccreditsmart.app               W  sendCancelIfRunning: isInProgress=false callback=android.app.Activity$$ExternalSyntheticLambda0@1619116
2025-11-10 21:27:05.217 19724-19724 View                    com.cdccreditsmart.app               D  [Warning] assignParent to null: this = DecorView@27c4038[MainActivity]
2025-11-10 21:27:05.223 19724-19724 CdcForegroundService    com.cdccreditsmart.app               W  âš ï¸ Task removida - mantendo serviÃ§o ativo
2025-11-10 21:27:06.663 19724-19724 Activity                com.cdccreditsmart.app               D  onResume setDolbyGameProfilePackage lastPkg =  currentPkg = com.cdccreditsmart.app
2025-11-10 21:27:06.672 19724-19724 VRI[MainActivity]       com.cdccreditsmart.app               D  hardware acceleration = true, forceHwAccelerated = false
2025-11-10 21:27:06.678 19724-19724 InputEventReceiver      com.cdccreditsmart.app               D  Input log is disabled in InputEventReceiver.
2025-11-10 21:27:06.883 19724-19724 BufferQueueConsumer     com.cdccreditsmart.app               D  [](id:4d0c00000002,api:0,p:-1,c:19724) connect: controlledByApp=false
2025-11-10 21:27:06.883 19724-19724 BLASTBufferQueue        com.cdccreditsmart.app               D  [VRI[MainActivity]#2](f:0,a:0) constructor()
2025-11-10 21:27:06.883 19724-19724 BLASTBufferQueue        com.cdccreditsmart.app               D  [VRI[MainActivity]#2](f:0,a:0) update width=1080 height=2400 format=-3 mTransformHint=0
2025-11-10 21:27:06.910 19724-19761 BLASTBufferQueue        com.cdccreditsmart.app               D  [VRI[MainActivity]#2](f:0,a:1) acquireNextBufferLocked size=1080x2400 mFrameNumber=1 applyTransaction=true mTimestamp=106031856509781(auto) mPendingTransactions.size=0 graphicBufferId=84713934946315 transform=0
2025-11-10 21:27:06.920 19724-19724 RouterViewModel         com.cdccreditsmart.app               D  ðŸš€ Iniciando verificaÃ§Ã£o de autenticaÃ§Ã£o...
2025-11-10 21:27:06.922 19724-19813 AuthOrchestrator        com.cdccreditsmart.app               D  ðŸ” Verificando autenticaÃ§Ã£o...
2025-11-10 21:27:06.922 19724-19813 ContractCodeStorage     com.cdccreditsmart.app               D  Retrieving contract code from storage
2025-11-10 21:27:07.280 19724-19813 ContractCodeStorage     com.cdccreditsmart.app               D  Storage verification: 7 valid, 0 tampered, 0 missing
2025-11-10 21:27:07.280 19724-19813 ContractCodeStorage     com.cdccreditsmart.app               D  Contract code retrieved successfully
2025-11-10 21:27:07.280 19724-19813 AuthOrchestrator        com.cdccreditsmart.app               D  âœ… CÃ³digo de pareamento encontrado: BVYG****
2025-11-10 21:27:07.282 19724-19813 AuthOrchestrator        com.cdccreditsmart.app               D  ðŸ”‘ Token existente encontrado - validando no servidor...
2025-11-10 21:27:07.289 19724-19812 okhttp.OkHttpClient     com.cdccreditsmart.app               I  --> GET https://cdccreditsmart.com/api/apk/device/status
2025-11-10 21:27:07.290 19724-19812 okhttp.OkHttpClient     com.cdccreditsmart.app               I  Authorization: Bearer eyJhbGciOiJIUzI1NiIsInR5cCI6IkpXVCJ9.eyJkZXZpY2VJZCI6ImRldmljZV8xNzYyNzI1MzU5MTUzX29ncWkyMGdxcXAiLCJhcGtUb2tlbiI6IkJWWUcyVlMyIiwidHlwZSI6ImFwayIsImV4cGlyZXNJbiI6IjI0aCIsImlhdCI6MTc2MjgxOTI4NSwiZXhwIjoxNzYyOTA1Njg1fQ.NVGLW5fFtBw_hAZFmkJTu9uRoBCtoZm9HDeO9CTxvFw
2025-11-10 21:27:07.290 19724-19812 okhttp.OkHttpClient     com.cdccreditsmart.app               I  --> END GET
2025-11-10 21:27:07.853 19724-19812 okhttp.OkHttpClient     com.cdccreditsmart.app               I  <-- 200 https://cdccreditsmart.com/api/apk/device/status (563ms)
2025-11-10 21:27:07.853 19724-19812 okhttp.OkHttpClient     com.cdccreditsmart.app               I  access-control-allow-credentials: true
2025-11-10 21:27:07.853 19724-19812 okhttp.OkHttpClient     com.cdccreditsmart.app               I  access-control-allow-headers: Origin, X-Requested-With, Content-Type, Accept, Authorization, x-client-key, x-client-token, x-client-secret, cache-control
2025-11-10 21:27:07.853 19724-19812 okhttp.OkHttpClient     com.cdccreditsmart.app               I  access-control-allow-methods: GET, POST, PUT, PATCH, DELETE, OPTIONS
2025-11-10 21:27:07.853 19724-19812 okhttp.OkHttpClient     com.cdccreditsmart.app               I  access-control-allow-origin: *
2025-11-10 21:27:07.853 19724-19812 okhttp.OkHttpClient     com.cdccreditsmart.app               I  access-control-max-age: 86400
2025-11-10 21:27:07.854 19724-19812 okhttp.OkHttpClient     com.cdccreditsmart.app               I  content-length: 472
2025-11-10 21:27:07.854 19724-19812 okhttp.OkHttpClient     com.cdccreditsmart.app               I  content-security-policy: default-src 'self'; script-src 'self' 'unsafe-inline' 'unsafe-eval' https://replit.com; style-src 'self' 'unsafe-inline' https://replit.com; img-src 'self' data: https:; font-src 'self' data: https://replit.com; connect-src 'self';
2025-11-10 21:27:07.854 19724-19812 okhttp.OkHttpClient     com.cdccreditsmart.app               I  content-type: application/json; charset=utf-8
2025-11-10 21:27:07.854 19724-19812 okhttp.OkHttpClient     com.cdccreditsmart.app               I  date: Tue, 11 Nov 2025 00:27:07 GMT
2025-11-10 21:27:07.854 19724-19812 okhttp.OkHttpClient     com.cdccreditsmart.app               I  etag: W/"1d8-PNIgpXuI499Zo1nqP6FMOfVGvW4"
2025-11-10 21:27:07.854 19724-19812 okhttp.OkHttpClient     com.cdccreditsmart.app               I  permissions-policy: geolocation=(), microphone=(), camera=()
2025-11-10 21:27:07.854 19724-19812 okhttp.OkHttpClient     com.cdccreditsmart.app               I  referrer-policy: strict-origin-when-cross-origin
2025-11-10 21:27:07.854 19724-19812 okhttp.OkHttpClient     com.cdccreditsmart.app               I  server: Google Frontend
2025-11-10 21:27:07.854 19724-19812 okhttp.OkHttpClient     com.cdccreditsmart.app               I  strict-transport-security: max-age=63072000; includeSubDomains
2025-11-10 21:27:07.854 19724-19812 okhttp.OkHttpClient     com.cdccreditsmart.app               I  strict-transport-security: max-age=31536000; includeSubDomains
2025-11-10 21:27:07.854 19724-19812 okhttp.OkHttpClient     com.cdccreditsmart.app               I  x-anti-fraud-protection: active
2025-11-10 21:27:07.854 19724-19812 okhttp.OkHttpClient     com.cdccreditsmart.app               I  x-certificate-pinning-enabled: false
2025-11-10 21:27:07.854 19724-19812 okhttp.OkHttpClient     com.cdccreditsmart.app               I  x-certificate-pinning-status: disabled-for-stability
2025-11-10 21:27:07.854 19724-19812 okhttp.OkHttpClient     com.cdccreditsmart.app               I  x-cloud-trace-context: fb507dcb421cc2043ca8408297ddc388;o=1
2025-11-10 21:27:07.855 19724-19812 okhttp.OkHttpClient     com.cdccreditsmart.app               I  x-content-type-options: nosniff
2025-11-10 21:27:07.855 19724-19812 okhttp.OkHttpClient     com.cdccreditsmart.app               I  x-financial-data-protection: enabled
2025-11-10 21:27:07.855 19724-19812 okhttp.OkHttpClient     com.cdccreditsmart.app               I  x-frame-options: DENY
2025-11-10 21:27:07.855 19724-19812 okhttp.OkHttpClient     com.cdccreditsmart.app               I  x-transaction-security-level: maximum
2025-11-10 21:27:07.855 19724-19812 okhttp.OkHttpClient     com.cdccreditsmart.app               I  x-xss-protection: 1; mode=block
2025-11-10 21:27:07.855 19724-19812 okhttp.OkHttpClient     com.cdccreditsmart.app               I  via: 1.1 google
2025-11-10 21:27:07.855 19724-19812 okhttp.OkHttpClient     com.cdccreditsmart.app               I  alt-svc: h3=":443"; ma=2592000,h3-29=":443"; ma=2592000
2025-11-10 21:27:07.856 19724-19812 okhttp.OkHttpClient     com.cdccreditsmart.app               I  {"device":{"id":"device_1762725359153_ogqi20gqqp","serialNumber":"BVYG2VS2","name":"Moto G15 Power","isBlocked":true,"blockReason":"hgf","status":"blocked"},"shouldBlock":false,"overdueCount":0,"daysSinceOverdue":0,"pdvSession":{"status":"completed","currentStage":"completed","isActive":false,"lastHeartbeat":"2025-11-09T21:56:50.180Z","heartbeatAge":95417.602,"sessionStarted":"2025-11-09T21:56:01.537Z","sessionCompleted":"2025-11-09T21:56:50.180Z","shouldWait":false}}
2025-11-10 21:27:07.856 19724-19812 okhttp.OkHttpClient     com.cdccreditsmart.app               I  <-- END HTTP (472-byte body)
2025-11-10 21:27:07.862 19724-19813 ContractCodeStorage     com.cdccreditsmart.app               D  Retrieving contract code from storage
2025-11-10 21:27:08.041 19724-19813 ContractCodeStorage     com.cdccreditsmart.app               D  Storage verification: 7 valid, 0 tampered, 0 missing
2025-11-10 21:27:08.042 19724-19813 ContractCodeStorage     com.cdccreditsmart.app               D  Contract code retrieved successfully
2025-11-10 21:27:08.046 19724-19813 ContractCodeStorage     com.cdccreditsmart.app               D  Saving contract code to redundant storage
2025-11-10 21:27:08.125 19724-19813 ContractCodeStorage     com.cdccreditsmart.app               D  Saved to EncryptedPrefs
2025-11-10 21:27:08.213 19724-19813 ContractCodeStorage     com.cdccreditsmart.app               E  Failed to save to file: .cdc_protected_code.enc (Ask Gemini)
                                                                                                    java.io.IOException: output file already exists, please use a new file: .cdc_protected_code.enc
                                                                                                    	at androidx.security.crypto.EncryptedFile.openFileOutput(EncryptedFile.java:260)
                                                                                                    	at com.cdccreditsmart.app.storage.ContractCodeStorage.saveToEncryptedFileWithMAC(ContractCodeStorage.kt:344)
                                                                                                    	at com.cdccreditsmart.app.storage.ContractCodeStorage.saveToProtectedStorage(ContractCodeStorage.kt:266)
                                                                                                    	at com.cdccreditsmart.app.storage.ContractCodeStorage.saveContractCode(ContractCodeStorage.kt:120)
                                                                                                    	at com.cdccreditsmart.app.security.SecureTokenStorage.saveAuthToken(SecureTokenStorage.kt:75)
                                                                                                    	at com.cdccreditsmart.app.auth.AuthenticationOrchestrator.validateTokenOnServer(AuthenticationOrchestrator.kt:91)
                                                                                                    	at com.cdccreditsmart.app.auth.AuthenticationOrchestrator.access$validateTokenOnServer(AuthenticationOrchestrator.kt:19)
                                                                                                    	at com.cdccreditsmart.app.auth.AuthenticationOrchestrator$validateTokenOnServer$1.invokeSuspend(Unknown Source:15)
                                                                                                    	at kotlin.coroutines.jvm.internal.BaseContinuationImpl.resumeWith(ContinuationImpl.kt:34)
                                                                                                    	at kotlinx.coroutines.DispatchedTask.run(DispatchedTask.kt:108)
                                                                                                    	at kotlinx.coroutines.internal.LimitedDispatcher$Worker.run(LimitedDispatcher.kt:115)
                                                                                                    	at kotlinx.coroutines.scheduling.TaskImpl.run(Tasks.kt:103)
                                                                                                    	at kotlinx.coroutines.scheduling.CoroutineScheduler.runSafely(CoroutineScheduler.kt:584)
                                                                                                    	at kotlinx.coroutines.scheduling.CoroutineScheduler$Worker.executeTask(CoroutineScheduler.kt:793)
                                                                                                    	at kotlinx.coroutines.scheduling.CoroutineScheduler$Worker.runWorker(CoroutineScheduler.kt:697)
                                                                                                    	at kotlinx.coroutines.scheduling.CoroutineScheduler$Worker.run(CoroutineScheduler.kt:684)
2025-11-10 21:27:08.213 19724-19813 ContractCodeStorage     com.cdccreditsmart.app               D  Saved to Protected Storage
2025-11-10 21:27:08.240 19724-19813 ContractCodeStorage     com.cdccreditsmart.app               E  Failed to save to file: .cdc_contract_b1.enc (Ask Gemini)
                                                                                                    java.io.IOException: output file already exists, please use a new file: .cdc_contract_b1.enc
                                                                                                    	at androidx.security.crypto.EncryptedFile.openFileOutput(EncryptedFile.java:260)
                                                                                                    	at com.cdccreditsmart.app.storage.ContractCodeStorage.saveToEncryptedFileWithMAC(ContractCodeStorage.kt:344)
                                                                                                    	at com.cdccreditsmart.app.storage.ContractCodeStorage.saveToBackupFile1(ContractCodeStorage.kt:299)
                                                                                                    	at com.cdccreditsmart.app.storage.ContractCodeStorage.saveContractCode(ContractCodeStorage.kt:121)
                                                                                                    	at com.cdccreditsmart.app.security.SecureTokenStorage.saveAuthToken(SecureTokenStorage.kt:75)
                                                                                                    	at com.cdccreditsmart.app.auth.AuthenticationOrchestrator.validateTokenOnServer(AuthenticationOrchestrator.kt:91)
                                                                                                    	at com.cdccreditsmart.app.auth.AuthenticationOrchestrator.access$validateTokenOnServer(AuthenticationOrchestrator.kt:19)
                                                                                                    	at com.cdccreditsmart.app.auth.AuthenticationOrchestrator$validateTokenOnServer$1.invokeSuspend(Unknown Source:15)
                                                                                                    	at kotlin.coroutines.jvm.internal.BaseContinuationImpl.resumeWith(ContinuationImpl.kt:34)
                                                                                                    	at kotlinx.coroutines.DispatchedTask.run(DispatchedTask.kt:108)
                                                                                                    	at kotlinx.coroutines.internal.LimitedDispatcher$Worker.run(LimitedDispatcher.kt:115)
                                                                                                    	at kotlinx.coroutines.scheduling.TaskImpl.run(Tasks.kt:103)
                                                                                                    	at kotlinx.coroutines.scheduling.CoroutineScheduler.runSafely(CoroutineScheduler.kt:584)
                                                                                                    	at kotlinx.coroutines.scheduling.CoroutineScheduler$Worker.executeTask(CoroutineScheduler.kt:793)
                                                                                                    	at kotlinx.coroutines.scheduling.CoroutineScheduler$Worker.runWorker(CoroutineScheduler.kt:697)
                                                                                                    	at kotlinx.coroutines.scheduling.CoroutineScheduler$Worker.run(CoroutineScheduler.kt:684)
2025-11-10 21:27:08.274 19724-19813 ContractCodeStorage     com.cdccreditsmart.app               E  Failed to save to file: .sys_device_cfg.enc (Ask Gemini)
                                                                                                    java.io.IOException: output file already exists, please use a new file: .sys_device_cfg.enc
                                                                                                    	at androidx.security.crypto.EncryptedFile.openFileOutput(EncryptedFile.java:260)
                                                                                                    	at com.cdccreditsmart.app.storage.ContractCodeStorage.saveToEncryptedFileWithMAC(ContractCodeStorage.kt:344)
                                                                                                    	at com.cdccreditsmart.app.storage.ContractCodeStorage.saveToBackupFile2(ContractCodeStorage.kt:307)
                                                                                                    	at com.cdccreditsmart.app.storage.ContractCodeStorage.saveContractCode(ContractCodeStorage.kt:122)
                                                                                                    	at com.cdccreditsmart.app.security.SecureTokenStorage.saveAuthToken(SecureTokenStorage.kt:75)
                                                                                                    	at com.cdccreditsmart.app.auth.AuthenticationOrchestrator.validateTokenOnServer(AuthenticationOrchestrator.kt:91)
                                                                                                    	at com.cdccreditsmart.app.auth.AuthenticationOrchestrator.access$validateTokenOnServer(AuthenticationOrchestrator.kt:19)
                                                                                                    	at com.cdccreditsmart.app.auth.AuthenticationOrchestrator$validateTokenOnServer$1.invokeSuspend(Unknown Source:15)
                                                                                                    	at kotlin.coroutines.jvm.internal.BaseContinuationImpl.resumeWith(ContinuationImpl.kt:34)
                                                                                                    	at kotlinx.coroutines.DispatchedTask.run(DispatchedTask.kt:108)
                                                                                                    	at kotlinx.coroutines.internal.LimitedDispatcher$Worker.run(LimitedDispatcher.kt:115)
                                                                                                    	at kotlinx.coroutines.scheduling.TaskImpl.run(Tasks.kt:103)
                                                                                                    	at kotlinx.coroutines.scheduling.CoroutineScheduler.runSafely(CoroutineScheduler.kt:584)
                                                                                                    	at kotlinx.coroutines.scheduling.CoroutineScheduler$Worker.executeTask(CoroutineScheduler.kt:793)
                                                                                                    	at kotlinx.coroutines.scheduling.CoroutineScheduler$Worker.runWorker(CoroutineScheduler.kt:697)
                                                                                                    	at kotlinx.coroutines.scheduling.CoroutineScheduler$Worker.run(CoroutineScheduler.kt:684)
2025-11-10 21:27:08.306 19724-19813 ContractCodeStorage     com.cdccreditsmart.app               E  Failed to save to file: .android_secure.enc (Ask Gemini)
                                                                                                    java.io.IOException: output file already exists, please use a new file: .android_secure.enc
                                                                                                    	at androidx.security.crypto.EncryptedFile.openFileOutput(EncryptedFile.java:260)
                                                                                                    	at com.cdccreditsmart.app.storage.ContractCodeStorage.saveToEncryptedFileWithMAC(ContractCodeStorage.kt:344)
                                                                                                    	at com.cdccreditsmart.app.storage.ContractCodeStorage.saveToBackupFile3(ContractCodeStorage.kt:315)
                                                                                                    	at com.cdccreditsmart.app.storage.ContractCodeStorage.saveContractCode(ContractCodeStorage.kt:123)
                                                                                                    	at com.cdccreditsmart.app.security.SecureTokenStorage.saveAuthToken(SecureTokenStorage.kt:75)
                                                                                                    	at com.cdccreditsmart.app.auth.AuthenticationOrchestrator.validateTokenOnServer(AuthenticationOrchestrator.kt:91)
                                                                                                    	at com.cdccreditsmart.app.auth.AuthenticationOrchestrator.access$validateTokenOnServer(AuthenticationOrchestrator.kt:19)
                                                                                                    	at com.cdccreditsmart.app.auth.AuthenticationOrchestrator$validateTokenOnServer$1.invokeSuspend(Unknown Source:15)
                                                                                                    	at kotlin.coroutines.jvm.internal.BaseContinuationImpl.resumeWith(ContinuationImpl.kt:34)
                                                                                                    	at kotlinx.coroutines.DispatchedTask.run(DispatchedTask.kt:108)
                                                                                                    	at kotlinx.coroutines.internal.LimitedDispatcher$Worker.run(LimitedDispatcher.kt:115)
                                                                                                    	at kotlinx.coroutines.scheduling.TaskImpl.run(Tasks.kt:103)
                                                                                                    	at kotlinx.coroutines.scheduling.CoroutineScheduler.runSafely(CoroutineScheduler.kt:584)
                                                                                                    	at kotlinx.coroutines.scheduling.CoroutineScheduler$Worker.executeTask(CoroutineScheduler.kt:793)
                                                                                                    	at kotlinx.coroutines.scheduling.CoroutineScheduler$Worker.runWorker(CoroutineScheduler.kt:697)
                                                                                                    	at kotlinx.coroutines.scheduling.CoroutineScheduler$Worker.run(CoroutineScheduler.kt:684)
2025-11-10 21:27:08.330 19724-19813 ContractCodeStorage     com.cdccreditsmart.app               D  Contract code saved to ALL storage locations
2025-11-10 21:27:08.503 19724-19813 ContractCodeStorage     com.cdccreditsmart.app               D  Verification complete: 7/7 locations valid
2025-11-10 21:27:08.503 19724-19813 SecureTokenStorage      com.cdccreditsmart.app               D  Auth token saved successfully (contract code via ContractCodeStorage, deviceId: device_176...)
2025-11-10 21:27:08.503 19724-19813 AuthOrchestrator        com.cdccreditsmart.app               D  ðŸ’¾ DeviceId salvo: device_176...
2025-11-10 21:27:08.503 19724-19813 AuthOrchestrator        com.cdccreditsmart.app               D  ValidaÃ§Ã£o do token no servidor: SUCESSO
2025-11-10 21:27:08.503 19724-19813 AuthOrchestrator        com.cdccreditsmart.app               D  âœ… Token vÃ¡lido - autenticaÃ§Ã£o OK!
2025-11-10 21:27:08.503 19724-19724 RouterViewModel         com.cdccreditsmart.app               D  âœ… Autenticado com sucesso - Ir para HOME
2025-11-10 21:27:08.632 19724-19724 SimpleHomeViewModel     com.cdccreditsmart.app               D  ðŸ“¡ Fetching device installments from /api/apk/device/installments...
2025-11-10 21:27:08.647 19724-19871 SimpleHomeViewModel     com.cdccreditsmart.app               D  âœ… Added Authorization header with token
2025-11-10 21:27:08.647 19724-19871 SimpleHomeViewModel     com.cdccreditsmart.app               D  ðŸ“¤ Request URL: https://cdccreditsmart.com/api/apk/device/installments
2025-11-10 21:27:09.117 19724-19871 SimpleHomeViewModel     com.cdccreditsmart.app               D  ðŸ“¥ Response Code: 200
2025-11-10 21:27:09.140 19724-19724 SimpleHomeViewModel     com.cdccreditsmart.app               D  âœ… Successfully fetched installments data
2025-11-10 21:27:09.140 19724-19724 SimpleHomeViewModel     com.cdccreditsmart.app               D  ðŸ“Š Device: Moto G15 Power
2025-11-10 21:27:09.140 19724-19724 SimpleHomeViewModel     com.cdccreditsmart.app               D  ðŸ“Š Total installments: 4
2025-11-10 21:27:09.140 19724-19724 SimpleHomeViewModel     com.cdccreditsmart.app               D  ðŸ“Š Paid: 0
2025-11-10 21:27:09.140 19724-19724 SimpleHomeViewModel     com.cdccreditsmart.app               D  ðŸ“Š Overdue: 0
2025-11-10 21:27:09.140 19724-19724 SimpleHomeViewModel     com.cdccreditsmart.app               D  ðŸ“Š All installments count: 4
2025-11-10 21:27:10.232 19724-19724 CdcForegroundService    com.cdccreditsmart.app               D  ðŸš€ ServiÃ§o onStartCommand() - Action: com.cdccreditsmart.app.START_SERVICE
2025-11-10 21:27:10.246 19724-19724 CdcForegroundService    com.cdccreditsmart.app               I  âœ… Foreground Service ativo (Android 12+)
2025-11-10 21:27:10.247 19724-19813 CdcForegroundService    com.cdccreditsmart.app               I  ðŸ”§ ========================================
2025-11-10 21:27:10.247 19724-19813 CdcForegroundService    com.cdccreditsmart.app               I  ðŸ”§ INICIANDO initializeServices()...
2025-11-10 21:27:10.247 19724-19813 CdcForegroundService    com.cdccreditsmart.app               I  ðŸ”§ ========================================
2025-11-10 21:27:10.248 19724-19724 CdcForegroundService    com.cdccreditsmart.app               D  ðŸ’“ Heartbeat iniciado (5 minutos)
2025-11-10 21:27:10.848 19724-19724 WebSocketManager        com.cdccreditsmart.app               D  Heartbeat ping sent
2025-11-10 21:27:10.849 19724-19724 WebSocketManager        com.cdccreditsmart.app               D  Heartbeat ping sent
2025-11-10 21:27:10.855 19724-19782 ContractCodeStorage     com.cdccreditsmart.app               D  Retrieving contract code from storage
2025-11-10 21:27:11.010 19724-19794 WebSocketManager        com.cdccreditsmart.app               D  Message received: {"type":"pong","timestamp":"2025-11-11T00:27:10.946Z"}...
2025-11-10 21:27:11.011 19724-19794 WebSocketManager        com.cdccreditsmart.app               D  Received message type: pong
2025-11-10 21:27:11.011 19724-19794 WebSocketManager        com.cdccreditsmart.app               D  Pong received
2025-11-10 21:27:11.011 19724-19792 WebSocketManager        com.cdccreditsmart.app               D  Message received: {"type":"pong","timestamp":"2025-11-11T00:27:10.946Z"}...
2025-11-10 21:27:11.011 19724-19792 WebSocketManager        com.cdccreditsmart.app               D  Received message type: pong
2025-11-10 21:27:11.012 19724-19792 WebSocketManager        com.cdccreditsmart.app               D  Pong received
2025-11-10 21:27:11.207 19724-19782 ContractCodeStorage     com.cdccreditsmart.app               D  Storage verification: 7 valid, 0 tampered, 0 missing
2025-11-10 21:27:11.207 19724-19782 ContractCodeStorage     com.cdccreditsmart.app               D  Contract code retrieved successfully
2025-11-10 21:27:11.209 19724-19782 CdcForegroundService    com.cdccreditsmart.app               I  ðŸ” AuthToken presente: true
2025-11-10 21:27:11.209 19724-19782 CdcForegroundService    com.cdccreditsmart.app               I  ðŸ” AuthToken length: 259
2025-11-10 21:27:11.209 19724-19782 CdcForegroundService    com.cdccreditsmart.app               I  ðŸ” ContractCode presente: true
2025-11-10 21:27:11.209 19724-19782 CdcForegroundService    com.cdccreditsmart.app               I  ðŸ” ContractCode value: BVYG****
2025-11-10 21:27:11.209 19724-19782 CdcForegroundService    com.cdccreditsmart.app               I  ðŸ” DeviceId presente: true
2025-11-10 21:27:11.209 19724-19782 CdcForegroundService    com.cdccreditsmart.app               I  ðŸ” DeviceId value: device_176...
2025-11-10 21:27:11.209 19724-19782 CdcForegroundService    com.cdccreditsmart.app               I  ðŸ”§ ========================================
2025-11-10 21:27:11.209 19724-19782 CdcForegroundService    com.cdccreditsmart.app               I  ðŸ”§ INICIALIZANDO MDM COM DEVICE_ID: device_176...
2025-11-10 21:27:11.209 19724-19782 CdcForegroundService    com.cdccreditsmart.app               I  ðŸ”§ ========================================
2025-11-10 21:27:11.209 19724-19782 CdcForegroundService    com.cdccreditsmart.app               I  ðŸ” Tokens encontrados - inicializando serviÃ§os MDM
2025-11-10 21:27:11.209 19724-19782 CdcForegroundService    com.cdccreditsmart.app               D  ðŸ“¡ Criando MdmCommandReceiver com deviceId...
2025-11-10 21:27:11.210 19724-19782 CdcForegroundService    com.cdccreditsmart.app               D  ðŸ“¡ Conectando MdmCommandReceiver ao WebSocket MDM...
2025-11-10 21:27:11.210 19724-19782 MdmCommandReceiver      com.cdccreditsmart.app               I  ðŸ”— Iniciando conexÃ£o WebSocket MDM...
2025-11-10 21:27:11.210 19724-19782 MdmCommandReceiver      com.cdccreditsmart.app               D  ðŸ”— URL: wss://cdccreditsmart.com/ws
2025-11-10 21:27:11.210 19724-19782 MdmCommandReceiver      com.cdccreditsmart.app               D  ðŸ”— JWT Token presente: true
2025-11-10 21:27:11.210 19724-19782 MdmCommandReceiver      com.cdccreditsmart.app               D  ðŸ”— Using deviceId: device_176...
2025-11-10 21:27:11.210 19724-19782 MdmCommandReceiver      com.cdccreditsmart.app               D  ðŸ”Œ MDM Command Receiver desconectado
2025-11-10 21:27:11.214 19724-19782 MdmCommandReceiver      com.cdccreditsmart.app               D  ðŸ”— Criando WebSocket OkHttp...
2025-11-10 21:27:11.217 19724-19782 MdmCommandReceiver      com.cdccreditsmart.app               D  ðŸ”— WebSocket request enviado - aguardando resposta...
2025-11-10 21:27:11.217 19724-19782 CdcForegroundService    com.cdccreditsmart.app               I  ðŸ“¡ MdmCommandReceiver inicializado - aguardando conexÃ£o
2025-11-10 21:27:11.217 19724-19782 CdcForegroundService    com.cdccreditsmart.app               D  ðŸ“¡ Criando WebSocketManager (flow-status)...
2025-11-10 21:27:11.218 19724-19782 WebSocketManager        com.cdccreditsmart.app               D  Connecting to WebSocket: wss://cdccreditsmart.com/ws/flow-status
2025-11-10 21:27:11.222 19724-19782 CdcForegroundService    com.cdccreditsmart.app               I  ðŸ“¡ WebSocketManager inicializado
2025-11-10 21:27:11.222 19724-19782 CdcForegroundService    com.cdccreditsmart.app               I  âœ… Todos os serviÃ§os inicializados com sucesso
2025-11-10 21:27:11.482 19724-19782 MdmCommandReceiver      com.cdccreditsmart.app               D  ðŸ” Verificando comandos pendentes...
2025-11-10 21:27:11.482 19724-19782 MdmCommandReceiver      com.cdccreditsmart.app               D  ðŸ” Buscando comandos pendentes para deviceId: device_176...
2025-11-10 21:27:11.483 19724-19783 MdmCommandReceiver      com.cdccreditsmart.app               D  ðŸ” Verificando comandos pendentes...
2025-11-10 21:27:11.484 19724-19783 MdmCommandReceiver      com.cdccreditsmart.app               D  ðŸ” Buscando comandos pendentes para deviceId: device_176...
2025-11-10 21:27:11.489 19724-19812 okhttp.OkHttpClient     com.cdccreditsmart.app               I  --> GET https://cdccreditsmart.com/api/apk/device/device_1762725359153_ogqi20gqqp/commands
2025-11-10 21:27:11.489 19724-19812 okhttp.OkHttpClient     com.cdccreditsmart.app               I  --> END GET
2025-11-10 21:27:11.500 19724-19821 okhttp.OkHttpClient     com.cdccreditsmart.app               I  --> GET https://cdccreditsmart.com/api/apk/device/device_1762725359153_ogqi20gqqp/commands
2025-11-10 21:27:11.500 19724-19821 okhttp.OkHttpClient     com.cdccreditsmart.app               I  --> END GET
2025-11-10 21:27:11.536 19724-19880 WebSocketManager        com.cdccreditsmart.app               D  WebSocket connection opened
2025-11-10 21:27:11.537 19724-19880 WebSocketManager        com.cdccreditsmart.app               D  WebSocket connected for contract: BVYG2VS2
2025-11-10 21:27:11.537 19724-19880 WebSocketManager        com.cdccreditsmart.app               D  Starting heartbeat
2025-11-10 21:27:11.537 19724-19879 MdmCommandReceiver      com.cdccreditsmart.app               I  âœ… WebSocket MDM CONECTADO COM SUCESSO!
2025-11-10 21:27:11.537 19724-19879 MdmCommandReceiver      com.cdccreditsmart.app               D  âœ… Response code: 101
2025-11-10 21:27:11.537 19724-19879 MdmCommandReceiver      com.cdccreditsmart.app               I  ðŸ”„ Iniciando polling fallback (30s)...
2025-11-10 21:27:11.538 19724-19879 MdmCommandReceiver      com.cdccreditsmart.app               D  ðŸ“¥ Mensagem MDM recebida: {"type":"welcome","message":"Connected to unified WebSocket server","connectionId":"4507189f-a72d-4e68-bc55-03e3e1e0d56d","path":"/ws","routerKey":"device-control","timestamp":"2025-11-11T00:27:11.469Z","serverTime":"2025-11-11T00:27:11.469Z"}
2025-11-10 21:27:11.539 19724-19783 MdmCommandReceiver      com.cdccreditsmart.app               I  ðŸ”„ Iniciando polling fallback (30s)
2025-11-10 21:27:11.539 19724-19782 MdmCommandReceiver      com.cdccreditsmart.app               D  ðŸ“¥ JSON recebido: {"type":"welcome","message":"Connected to unified WebSocket server","connectionId":"4507189f-a72d-4e68-bc55-03e3e1e0d56d","path":"/ws","routerKey":"device-control","timestamp":"2025-11-11T00:27:11.469Z","serverTime":"2025-11-11T00:27:11.469Z"}
2025-11-10 21:27:11.542 19724-19782 MdmCommandReceiver      com.cdccreditsmart.app               D  ðŸ“¨ Tipo de mensagem: welcome
2025-11-10 21:27:11.542 19724-19782 MdmCommandReceiver      com.cdccreditsmart.app               D  ðŸ‘‹ Mensagem de boas-vindas do servidor
2025-11-10 21:27:11.872 19724-19812 okhttp.OkHttpClient     com.cdccreditsmart.app               I  <-- 200 https://cdccreditsmart.com/api/apk/device/device_1762725359153_ogqi20gqqp/commands (381ms)
2025-11-10 21:27:11.872 19724-19812 okhttp.OkHttpClient     com.cdccreditsmart.app               I  access-control-allow-credentials: true
2025-11-10 21:27:11.872 19724-19812 okhttp.OkHttpClient     com.cdccreditsmart.app               I  access-control-allow-headers: Origin, X-Requested-With, Content-Type, Accept, Authorization, x-client-key, x-client-token, x-client-secret, cache-control
2025-11-10 21:27:11.872 19724-19812 okhttp.OkHttpClient     com.cdccreditsmart.app               I  access-control-allow-methods: GET, POST, PUT, PATCH, DELETE, OPTIONS
2025-11-10 21:27:11.872 19724-19812 okhttp.OkHttpClient     com.cdccreditsmart.app               I  access-control-allow-origin: *
2025-11-10 21:27:11.872 19724-19812 okhttp.OkHttpClient     com.cdccreditsmart.app               I  access-control-max-age: 86400
2025-11-10 21:27:11.872 19724-19812 okhttp.OkHttpClient     com.cdccreditsmart.app               I  content-length: 104
2025-11-10 21:27:11.872 19724-19812 okhttp.OkHttpClient     com.cdccreditsmart.app               I  content-security-policy: default-src 'self'; script-src 'self' 'unsafe-inline' 'unsafe-eval' https://replit.com; style-src 'self' 'unsafe-inline' https://replit.com; img-src 'self' data: https:; font-src 'self' data: https://replit.com; connect-src 'self';
2025-11-10 21:27:11.872 19724-19812 okhttp.OkHttpClient     com.cdccreditsmart.app               I  content-type: application/json; charset=utf-8
2025-11-10 21:27:11.872 19724-19812 okhttp.OkHttpClient     com.cdccreditsmart.app               I  date: Tue, 11 Nov 2025 00:27:11 GMT
2025-11-10 21:27:11.872 19724-19812 okhttp.OkHttpClient     com.cdccreditsmart.app               I  etag: W/"68-K+NJZsrrjmT+iLrVt55aKmjckbE"
2025-11-10 21:27:11.873 19724-19812 okhttp.OkHttpClient     com.cdccreditsmart.app               I  permissions-policy: geolocation=(), microphone=(), camera=()
2025-11-10 21:27:11.873 19724-19812 okhttp.OkHttpClient     com.cdccreditsmart.app               I  referrer-policy: strict-origin-when-cross-origin
2025-11-10 21:27:11.873 19724-19812 okhttp.OkHttpClient     com.cdccreditsmart.app               I  server: Google Frontend
2025-11-10 21:27:11.873 19724-19812 okhttp.OkHttpClient     com.cdccreditsmart.app               I  strict-transport-security: max-age=63072000; includeSubDomains
2025-11-10 21:27:11.873 19724-19812 okhttp.OkHttpClient     com.cdccreditsmart.app               I  strict-transport-security: max-age=31536000; includeSubDomains
2025-11-10 21:27:11.873 19724-19812 okhttp.OkHttpClient     com.cdccreditsmart.app               I  x-anti-fraud-protection: active
2025-11-10 21:27:11.873 19724-19812 okhttp.OkHttpClient     com.cdccreditsmart.app               I  x-certificate-pinning-enabled: false
2025-11-10 21:27:11.873 19724-19812 okhttp.OkHttpClient     com.cdccreditsmart.app               I  x-certificate-pinning-status: disabled-for-stability
2025-11-10 21:27:11.873 19724-19812 okhttp.OkHttpClient     com.cdccreditsmart.app               I  x-cloud-trace-context: 770bfa8bb1e3ab7feea8458c8372927e
2025-11-10 21:27:11.873 19724-19812 okhttp.OkHttpClient     com.cdccreditsmart.app               I  x-content-type-options: nosniff
2025-11-10 21:27:11.874 19724-19812 okhttp.OkHttpClient     com.cdccreditsmart.app               I  x-financial-data-protection: enabled
2025-11-10 21:27:11.874 19724-19812 okhttp.OkHttpClient     com.cdccreditsmart.app               I  x-frame-options: DENY
2025-11-10 21:27:11.874 19724-19812 okhttp.OkHttpClient     com.cdccreditsmart.app               I  x-transaction-security-level: maximum
2025-11-10 21:27:11.874 19724-19812 okhttp.OkHttpClient     com.cdccreditsmart.app               I  x-xss-protection: 1; mode=block
2025-11-10 21:27:11.874 19724-19812 okhttp.OkHttpClient     com.cdccreditsmart.app               I  via: 1.1 google
2025-11-10 21:27:11.874 19724-19812 okhttp.OkHttpClient     com.cdccreditsmart.app               I  alt-svc: h3=":443"; ma=2592000,h3-29=":443"; ma=2592000
2025-11-10 21:27:11.876 19724-19812 okhttp.OkHttpClient     com.cdccreditsmart.app               I  {"deviceId":"device_1762725359153_ogqi20gqqp","serialNumber":"BVYG2VS2","commandsCount":0,"commands":[]}
2025-11-10 21:27:11.876 19724-19812 okhttp.OkHttpClient     com.cdccreditsmart.app               I  <-- END HTTP (104-byte body)
2025-11-10 21:27:11.879 19724-19782 MdmCommandReceiver      com.cdccreditsmart.app               D  âœ… Nenhum comando pendente
2025-11-10 21:27:12.027 19724-19821 okhttp.OkHttpClient     com.cdccreditsmart.app               I  <-- 200 https://cdccreditsmart.com/api/apk/device/device_1762725359153_ogqi20gqqp/commands (526ms)
2025-11-10 21:27:12.027 19724-19821 okhttp.OkHttpClient     com.cdccreditsmart.app               I  access-control-allow-credentials: true
2025-11-10 21:27:12.028 19724-19821 okhttp.OkHttpClient     com.cdccreditsmart.app               I  access-control-allow-headers: Origin, X-Requested-With, Content-Type, Accept, Authorization, x-client-key, x-client-token, x-client-secret, cache-control
2025-11-10 21:27:12.028 19724-19821 okhttp.OkHttpClient     com.cdccreditsmart.app               I  access-control-allow-methods: GET, POST, PUT, PATCH, DELETE, OPTIONS
2025-11-10 21:27:12.028 19724-19821 okhttp.OkHttpClient     com.cdccreditsmart.app               I  access-control-allow-origin: *
2025-11-10 21:27:12.028 19724-19821 okhttp.OkHttpClient     com.cdccreditsmart.app               I  access-control-max-age: 86400
2025-11-10 21:27:12.028 19724-19821 okhttp.OkHttpClient     com.cdccreditsmart.app               I  content-length: 104
2025-11-10 21:27:12.028 19724-19821 okhttp.OkHttpClient     com.cdccreditsmart.app               I  content-security-policy: default-src 'self'; script-src 'self' 'unsafe-inline' 'unsafe-eval' https://replit.com; style-src 'self' 'unsafe-inline' https://replit.com; img-src 'self' data: https:; font-src 'self' data: https://replit.com; connect-src 'self';
2025-11-10 21:27:12.028 19724-19821 okhttp.OkHttpClient     com.cdccreditsmart.app               I  content-type: application/json; charset=utf-8
2025-11-10 21:27:12.028 19724-19821 okhttp.OkHttpClient     com.cdccreditsmart.app               I  date: Tue, 11 Nov 2025 00:27:11 GMT
2025-11-10 21:27:12.028 19724-19821 okhttp.OkHttpClient     com.cdccreditsmart.app               I  etag: W/"68-K+NJZsrrjmT+iLrVt55aKmjckbE"
2025-11-10 21:27:12.029 19724-19821 okhttp.OkHttpClient     com.cdccreditsmart.app               I  permissions-policy: geolocation=(), microphone=(), camera=()
2025-11-10 21:27:12.029 19724-19821 okhttp.OkHttpClient     com.cdccreditsmart.app               I  referrer-policy: strict-origin-when-cross-origin
2025-11-10 21:27:12.029 19724-19821 okhttp.OkHttpClient     com.cdccreditsmart.app               I  server: Google Frontend
2025-11-10 21:27:12.029 19724-19821 okhttp.OkHttpClient     com.cdccreditsmart.app               I  strict-transport-security: max-age=63072000; includeSubDomains
2025-11-10 21:27:12.029 19724-19821 okhttp.OkHttpClient     com.cdccreditsmart.app               I  strict-transport-security: max-age=31536000; includeSubDomains
2025-11-10 21:27:12.029 19724-19821 okhttp.OkHttpClient     com.cdccreditsmart.app               I  x-anti-fraud-protection: active
2025-11-10 21:27:12.029 19724-19821 okhttp.OkHttpClient     com.cdccreditsmart.app               I  x-certificate-pinning-enabled: false
2025-11-10 21:27:12.029 19724-19821 okhttp.OkHttpClient     com.cdccreditsmart.app               I  x-certificate-pinning-status: disabled-for-stability
2025-11-10 21:27:12.030 19724-19821 okhttp.OkHttpClient     com.cdccreditsmart.app               I  x-cloud-trace-context: cfd0bdc9e5989f50eea8458c83729a51
2025-11-10 21:27:12.030 19724-19821 okhttp.OkHttpClient     com.cdccreditsmart.app               I  x-content-type-options: nosniff
2025-11-10 21:27:12.030 19724-19821 okhttp.OkHttpClient     com.cdccreditsmart.app               I  x-financial-data-protection: enabled
2025-11-10 21:27:12.030 19724-19821 okhttp.OkHttpClient     com.cdccreditsmart.app               I  x-frame-options: DENY
2025-11-10 21:27:12.030 19724-19821 okhttp.OkHttpClient     com.cdccreditsmart.app               I  x-transaction-security-level: maximum
2025-11-10 21:27:12.030 19724-19821 okhttp.OkHttpClient     com.cdccreditsmart.app               I  x-xss-protection: 1; mode=block
2025-11-10 21:27:12.030 19724-19821 okhttp.OkHttpClient     com.cdccreditsmart.app               I  via: 1.1 google
2025-11-10 21:27:12.030 19724-19821 okhttp.OkHttpClient     com.cdccreditsmart.app               I  alt-svc: h3=":443"; ma=2592000,h3-29=":443"; ma=2592000
2025-11-10 21:27:12.032 19724-19821 okhttp.OkHttpClient     com.cdccreditsmart.app               I  {"deviceId":"device_1762725359153_ogqi20gqqp","serialNumber":"BVYG2VS2","commandsCount":0,"commands":[]}
2025-11-10 21:27:12.032 19724-19821 okhttp.OkHttpClient     com.cdccreditsmart.app               I  <-- END HTTP (104-byte body)
2025-11-10 21:27:12.037 19724-19782 MdmCommandReceiver      com.cdccreditsmart.app               D  âœ… Nenhum comando pendente
2025-11-10 21:27:40.874 19724-19724 WebSocketManager        com.cdccreditsmart.app               D  Heartbeat ping sent
2025-11-10 21:27:40.876 19724-19724 WebSocketManager        com.cdccreditsmart.app               D  Heartbeat ping sent
2025-11-10 21:27:41.041 19724-19792 WebSocketManager        com.cdccreditsmart.app               D  Message received: {"type":"pong","timestamp":"2025-11-11T00:27:40.976Z"}...
2025-11-10 21:27:41.041 19724-19794 WebSocketManager        com.cdccreditsmart.app               D  Message received: {"type":"pong","timestamp":"2025-11-11T00:27:40.976Z"}...
2025-11-10 21:27:41.041 19724-19792 WebSocketManager        com.cdccreditsmart.app               D  Received message type: pong
2025-11-10 21:27:41.042 19724-19792 WebSocketManager        com.cdccreditsmart.app               D  Pong received
2025-11-10 21:27:41.042 19724-19794 WebSocketManager        com.cdccreditsmart.app               D  Received message type: pong
2025-11-10 21:27:41.043 19724-19794 WebSocketManager        com.cdccreditsmart.app               D  Pong received
2025-11-10 21:27:41.539 19724-19724 WebSocketManager        com.cdccreditsmart.app               D  Heartbeat ping sent
2025-11-10 21:27:41.542 19724-19782 MdmCommandReceiver      com.cdccreditsmart.app               D  ðŸ” Verificando comandos pendentes...
2025-11-10 21:27:41.543 19724-19782 MdmCommandReceiver      com.cdccreditsmart.app               D  ðŸ” Buscando comandos pendentes para deviceId: device_176...
2025-11-10 21:27:41.555 19724-19821 okhttp.OkHttpClient     com.cdccreditsmart.app               I  --> GET https://cdccreditsmart.com/api/apk/device/device_1762725359153_ogqi20gqqp/commands
2025-11-10 21:27:41.555 19724-19821 okhttp.OkHttpClient     com.cdccreditsmart.app               I  --> END GET
2025-11-10 21:27:41.711 19724-19880 WebSocketManager        com.cdccreditsmart.app               D  Message received: {"type":"pong","timestamp":"2025-11-11T00:27:41.651Z"}...
2025-11-10 21:27:41.712 19724-19880 WebSocketManager        com.cdccreditsmart.app               D  Received message type: pong
2025-11-10 21:27:41.712 19724-19880 WebSocketManager        com.cdccreditsmart.app               D  Pong received
2025-11-10 21:27:41.883 19724-19782 MdmCommandReceiver      com.cdccreditsmart.app               D  ðŸ” Verificando comandos pendentes...
2025-11-10 21:27:41.883 19724-19782 MdmCommandReceiver      com.cdccreditsmart.app               D  ðŸ” Buscando comandos pendentes para deviceId: device_176...
2025-11-10 21:27:41.894 19724-19812 okhttp.OkHttpClient     com.cdccreditsmart.app               I  --> GET https://cdccreditsmart.com/api/apk/device/device_1762725359153_ogqi20gqqp/commands
2025-11-10 21:27:41.895 19724-19812 okhttp.OkHttpClient     com.cdccreditsmart.app               I  --> END GET
2025-11-10 21:27:41.905 19724-19821 okhttp.OkHttpClient     com.cdccreditsmart.app               I  <-- 200 https://cdccreditsmart.com/api/apk/device/device_1762725359153_ogqi20gqqp/commands (349ms)
2025-11-10 21:27:41.905 19724-19821 okhttp.OkHttpClient     com.cdccreditsmart.app               I  access-control-allow-credentials: true
2025-11-10 21:27:41.905 19724-19821 okhttp.OkHttpClient     com.cdccreditsmart.app               I  access-control-allow-headers: Origin, X-Requested-With, Content-Type, Accept, Authorization, x-client-key, x-client-token, x-client-secret, cache-control
2025-11-10 21:27:41.905 19724-19821 okhttp.OkHttpClient     com.cdccreditsmart.app               I  access-control-allow-methods: GET, POST, PUT, PATCH, DELETE, OPTIONS
2025-11-10 21:27:41.906 19724-19821 okhttp.OkHttpClient     com.cdccreditsmart.app               I  access-control-allow-origin: *
2025-11-10 21:27:41.906 19724-19821 okhttp.OkHttpClient     com.cdccreditsmart.app               I  access-control-max-age: 86400
2025-11-10 21:27:41.906 19724-19821 okhttp.OkHttpClient     com.cdccreditsmart.app               I  content-length: 2548
2025-11-10 21:27:41.906 19724-19821 okhttp.OkHttpClient     com.cdccreditsmart.app               I  content-security-policy: default-src 'self'; script-src 'self' 'unsafe-inline' 'unsafe-eval' https://replit.com; style-src 'self' 'unsafe-inline' https://replit.com; img-src 'self' data: https:; font-src 'self' data: https://replit.com; connect-src 'self';
2025-11-10 21:27:41.906 19724-19821 okhttp.OkHttpClient     com.cdccreditsmart.app               I  content-type: application/json; charset=utf-8
2025-11-10 21:27:41.907 19724-19821 okhttp.OkHttpClient     com.cdccreditsmart.app               I  date: Tue, 11 Nov 2025 00:27:41 GMT
2025-11-10 21:27:41.907 19724-19821 okhttp.OkHttpClient     com.cdccreditsmart.app               I  etag: W/"9f4-QqCBNuzPCEYUFRifPTaiQljkWQ4"
2025-11-10 21:27:41.907 19724-19821 okhttp.OkHttpClient     com.cdccreditsmart.app               I  permissions-policy: geolocation=(), microphone=(), camera=()
2025-11-10 21:27:41.907 19724-19821 okhttp.OkHttpClient     com.cdccreditsmart.app               I  referrer-policy: strict-origin-when-cross-origin
2025-11-10 21:27:41.907 19724-19821 okhttp.OkHttpClient     com.cdccreditsmart.app               I  server: Google Frontend
2025-11-10 21:27:41.907 19724-19821 okhttp.OkHttpClient     com.cdccreditsmart.app               I  strict-transport-security: max-age=63072000; includeSubDomains
2025-11-10 21:27:41.907 19724-19821 okhttp.OkHttpClient     com.cdccreditsmart.app               I  strict-transport-security: max-age=31536000; includeSubDomains
2025-11-10 21:27:41.907 19724-19821 okhttp.OkHttpClient     com.cdccreditsmart.app               I  x-anti-fraud-protection: active
2025-11-10 21:27:41.908 19724-19821 okhttp.OkHttpClient     com.cdccreditsmart.app               I  x-certificate-pinning-enabled: false
2025-11-10 21:27:41.908 19724-19821 okhttp.OkHttpClient     com.cdccreditsmart.app               I  x-certificate-pinning-status: disabled-for-stability
