2026-01-27 18:19:26.569 15614-15614 CDCDeviceAdminReceiver  com.cdccreditsmart.app               I  [2026-01-27 18:19:26.566] [PID:15614] [TID:2|main] âœ… Device capabilities analysis completed
2026-01-27 18:19:26.571 15614-15614 CDC_PROVISIONING_DEBUG  com.cdccreditsmart.app               I  [2026-01-27 18:19:26.569] [PID:15614] [TID:2|main] ðŸ“‹ CALLBACK SEQUENCE (1 callbacks):
2026-01-27 18:19:26.573 15614-15614 CDC_PROVISIONING_DEBUG  com.cdccreditsmart.app               I  [2026-01-27 18:19:26.571] [PID:15614] [TID:2|main]    1. 2026-01-27 18:19:26.437 - onEnabled
2026-01-27 18:19:26.575 15614-15614 CDC_PROVISIONING_DEBUG  com.cdccreditsmart.app               I  [2026-01-27 18:19:26.573] [PID:15614] [TID:2|main] ðŸ” HANG DETECTION CHECK:
2026-01-27 18:19:26.576 15614-15614 CDC_PROVISIONING_DEBUG  com.cdccreditsmart.app               I  [2026-01-27 18:19:26.575] [PID:15614] [TID:2|main]    â±ï¸ Time since provisioning start: 136ms
2026-01-27 18:19:26.578 15614-15614 CDC_PROVISIONING_DEBUG  com.cdccreditsmart.app               I  [2026-01-27 18:19:26.576] [PID:15614] [TID:2|main]    â±ï¸ Time since last callback: 136ms
2026-01-27 18:19:26.580 15614-15614 CDCDeviceAdminReceiver  com.cdccreditsmart.app               I  [2026-01-27 18:19:26.578] [PID:15614] [TID:2|main] âœ… Admin enablement verification completed successfully
2026-01-27 18:19:26.581 15614-16119 Compatibil...geReporter com.cdccreditsmart.app               D  Compat change id reported: 263076149; UID 1410263; state: ENABLED
2026-01-27 18:19:26.582 15614-15614 CDCDeviceAdminReceiver  com.cdccreditsmart.app               I  [2026-01-27 18:19:26.580] [PID:15614] [TID:2|main] ðŸ onEnabled callback completed - work profile preparation should continue
2026-01-27 18:19:26.584 15614-15614 CDCDeviceAdminReceiver  com.cdccreditsmart.app               I  [2026-01-27 18:19:26.582] [PID:15614] [TID:2|main] ðŸ”‘ =================================================================
2026-01-27 18:19:26.584 15614-15614 CheckTime               com.cdccreditsmart.app               W  App running slow: Executing com.cdccreditsmart.device.CDCDeviceAdminReceiver scheduleReceive took 210ms
2026-01-27 18:19:26.615 15614-15614 BootReceiver            com.cdccreditsmart.app               I  Boot completed - iniciando servicos...
2026-01-27 18:19:26.617 15614-15614 PlayProtectManager      com.cdccreditsmart.app               D  App nao e Device Owner - pulando desabilitacao do Play Protect
2026-01-27 18:19:26.626 15614-15614 CdcForegroundService    com.cdccreditsmart.app               I  âœ… ServiÃ§o iniciado via startService()
2026-01-27 18:19:26.629 15614-15614 OfflineEnf...mentWorker com.cdccreditsmart.app               I  âœ… OfflineEnforcementWorker agendado
2026-01-27 18:19:26.629 15614-15614 BootReceiver            com.cdccreditsmart.app               I  OfflineEnforcementWorker agendado apos boot
2026-01-27 18:19:26.635 15614-15614 PeriodicOverlayWorker   com.cdccreditsmart.app               I  ðŸ“… Agendando overlay automÃ¡tico
2026-01-27 18:19:26.635 15614-15614 PeriodicOverlayWorker   com.cdccreditsmart.app               I     WorkManager interval: 15 minutos (mÃ­nimo obrigatÃ³rio)
2026-01-27 18:19:26.635 15614-15614 PeriodicOverlayWorker   com.cdccreditsmart.app               I     Cooldowns progressivos controlados internamente pelo worker
2026-01-27 18:19:26.636 15614-15614 PeriodicOverlayWorker   com.cdccreditsmart.app               I  âœ… Overlay automÃ¡tico agendado com sucesso
2026-01-27 18:19:26.636 15614-15614 BootReceiver            com.cdccreditsmart.app               I  PeriodicOverlayWorker agendado apos boot
2026-01-27 18:19:26.636 15614-15614 BootReceiver            com.cdccreditsmart.app               I  Servicos iniciados apos boot
2026-01-27 18:19:26.639 15614-15614 CdcForegroundService    com.cdccreditsmart.app               D  ðŸš€ ServiÃ§o onStartCommand() - Action: com.cdccreditsmart.app.START_SERVICE
2026-01-27 18:19:26.656 15614-15614 CdcForegroundService    com.cdccreditsmart.app               I  âœ… Foreground Service ativo (Android 12+)
2026-01-27 18:19:26.657 15614-16120 CdcForegroundService    com.cdccreditsmart.app               I  ðŸ”§ ========================================
2026-01-27 18:19:26.657 15614-16120 CdcForegroundService    com.cdccreditsmart.app               I  ðŸ”§ INICIANDO initializeServices()...
2026-01-27 18:19:26.657 15614-16120 CdcForegroundService    com.cdccreditsmart.app               I  ðŸ”§ ========================================
2026-01-27 18:19:26.657 15614-16120 CdcForegroundService    com.cdccreditsmart.app               I  ðŸ“± Rodando em usuÃ¡rio secundÃ¡rio gerenciado (User ID: 14)
2026-01-27 18:19:26.657 15614-16120 CdcForegroundService    com.cdccreditsmart.app               I  ðŸ“± Dados de enrollment existem apenas no usuÃ¡rio primÃ¡rio
2026-01-27 18:19:26.657 15614-16120 CdcForegroundService    com.cdccreditsmart.app               I  ðŸ“± ServiÃ§o MDM nÃ£o serÃ¡ inicializado neste usuÃ¡rio
2026-01-27 18:19:26.657 15614-16120 CdcForegroundService    com.cdccreditsmart.app               I  ðŸ”§ ========================================
2026-01-27 18:19:26.659 15614-15614 FactoryResetRecovery    com.cdccreditsmart.app               I  ========================================
2026-01-27 18:19:26.659 15614-15614 FactoryResetRecovery    com.cdccreditsmart.app               I  ðŸ”„ BOOT DETECTADO (android.intent.action.BOOT_COMPLETED) - Verificando recuperaÃ§Ã£o
2026-01-27 18:19:26.659 15614-15614 FactoryResetRecovery    com.cdccreditsmart.app               I  ========================================
2026-01-27 18:19:26.661 15614-16115 ContractCodeStorage     com.cdccreditsmart.app               D  Retrieving contract code from storage
2026-01-27 18:19:26.662 15614-16120 ServiceWatchdogWorker   com.cdccreditsmart.app               I  ðŸ” ========================================
2026-01-27 18:19:26.662 15614-16120 ServiceWatchdogWorker   com.cdccreditsmart.app               I  ðŸ” WATCHDOG: Verificando CdcForegroundService
2026-01-27 18:19:26.662 15614-16120 ServiceWatchdogWorker   com.cdccreditsmart.app               I  ðŸ” ========================================
2026-01-27 18:19:26.685 15614-16120 KeepAliveManager        com.cdccreditsmart.app               D  âœ… CdcForegroundService estÃ¡ ativo
2026-01-27 18:19:26.705 15614-16120 ServiceWatchdogWorker   com.cdccreditsmart.app               I  ðŸ“Š EstatÃ­sticas Keep Alive:
2026-01-27 18:19:26.705 15614-16120 ServiceWatchdogWorker   com.cdccreditsmart.app               I     - ServiÃ§o ativo: true
2026-01-27 18:19:26.705 15614-16120 ServiceWatchdogWorker   com.cdccreditsmart.app               I     - Restarts: 0
2026-01-27 18:19:26.705 15614-16120 ServiceWatchdogWorker   com.cdccreditsmart.app               I     - OtimizaÃ§Ã£o bateria: NÃƒO (bom)
2026-01-27 18:19:26.705 15614-16120 ServiceWatchdogWorker   com.cdccreditsmart.app               I  ðŸ” ========================================
2026-01-27 18:19:26.705 15614-16120 ServiceWatchdogWorker   com.cdccreditsmart.app               I  âœ… WATCHDOG: ServiÃ§o verificado/reiniciado com sucesso
2026-01-27 18:19:26.735 15614-16115 ContractCodeStorage     com.cdccreditsmart.app               D  Storage verification: 0 valid, 0 tampered, 7 missing
2026-01-27 18:19:26.735 15614-16115 ContractCodeStorage     com.cdccreditsmart.app               W  No valid contract code found in any location
2026-01-27 18:19:26.739 15614-16115 ApkPreloadManager       com.cdccreditsmart.app               I  ðŸ“± Fabricante detectado: realme
2026-01-27 18:19:26.743 15614-16115 FactoryResetRecovery    com.cdccreditsmart.app               I  â„¹ï¸ Sem manifesto de enrollment - app iniciarÃ¡ normalmente
2026-01-27 18:19:26.771 15614-16119 WM-WorkerWrapper        com.cdccreditsmart.app               I  Worker result SUCCESS for Work [ id=cb838cd7-1db8-4884-b5c9-c061861a7860, tags={ com.cdccreditsmart.app.keepalive.ServiceWatchdogWorker } ]
2026-01-27 18:19:26.788 15614-16115 OfflineEnf...mentWorker com.cdccreditsmart.app               I  ðŸ”„ ========================================
2026-01-27 18:19:26.788 15614-16115 OfflineEnf...mentWorker com.cdccreditsmart.app               I  ðŸ”„ OFFLINE ENFORCEMENT - EXECUTANDO
2026-01-27 18:19:26.788 15614-16115 OfflineEnf...mentWorker com.cdccreditsmart.app               I  ðŸ”„ ========================================
2026-01-27 18:19:27.292 15614-16115 OfflineEnf...mentWorker com.cdccreditsmart.app               I  â„¹ï¸ Sem dados offline - nada a fazer
2026-01-27 18:19:27.296 15614-16041 WM-WorkerWrapper        com.cdccreditsmart.app               I  Worker result SUCCESS for Work [ id=b7b424cb-fdef-45da-831d-872927c260b5, tags={ com.cdccreditsmart.app.offline.OfflineEnforcementWorker } ]
2026-01-27 18:19:27.923 15614-15614 CDCDeviceAdminService   com.cdccreditsmart.app               I  Device Admin Service destroyed
2026-01-27 18:19:27.939 15614-15614 CDCDeviceAdminService   com.cdccreditsmart.app               I  âœ… Device Admin Service created - System is communicating with CDC DPC
2026-01-27 18:19:28.837 15614-15913 ziparchive              com.cdccreditsmart.app               W  Unable to open '/data/user_de/14/com.google.android.gms/app_chimera/m/00000002/DynamiteLoader.uncompressed.dm': No such file or directory
2026-01-27 18:19:28.837 15614-15913 ziparchive              com.cdccreditsmart.app               W  Unable to open '/data/user_de/14/com.google.android.gms/app_chimera/m/00000002/DynamiteLoader.uncompressed.dm': No such file or directory
2026-01-27 18:19:28.860 15614-15913 DynamiteModule          com.cdccreditsmart.app               I  Considering local module com.google.android.gms.measurement.dynamite:127 and remote module com.google.android.gms.measurement.dynamite:120
2026-01-27 18:19:28.860 15614-15913 DynamiteModule          com.cdccreditsmart.app               I  Selected local version of com.google.android.gms.measurement.dynamite
2026-01-27 18:19:29.004 15614-15913 ConfigurationContentLdr com.cdccreditsmart.app               W  ContentProvider query returned null cursor, using default values
2026-01-27 18:19:29.268 15614-16346 FA                      com.cdccreditsmart.app               I  App measurement initialized, version: 106000
2026-01-27 18:19:29.268 15614-16346 FA                      com.cdccreditsmart.app               I  To enable debug logging run: adb shell setprop log.tag.FA VERBOSE
2026-01-27 18:19:29.269 15614-16346 FA                      com.cdccreditsmart.app               I  To enable faster debug mode event logging run:
                                                                                                      adb shell setprop debug.firebase.analytics.app com.cdccreditsmart.app
2026-01-27 18:19:30.073 15614-15614 BootReceiver            com.cdccreditsmart.app               I  Boot completed - iniciando servicos...
2026-01-27 18:19:30.075 15614-15614 PlayProtectManager      com.cdccreditsmart.app               D  App nao e Device Owner - pulando desabilitacao do Play Protect
2026-01-27 18:19:30.081 15614-15614 CdcForegroundService    com.cdccreditsmart.app               I  âœ… ServiÃ§o iniciado via startService()
2026-01-27 18:19:30.083 15614-15614 OfflineEnf...mentWorker com.cdccreditsmart.app               I  âœ… OfflineEnforcementWorker agendado
2026-01-27 18:19:30.089 15614-15614 BootReceiver            com.cdccreditsmart.app               I  OfflineEnforcementWorker agendado apos boot
2026-01-27 18:19:30.089 15614-15614 PeriodicOverlayWorker   com.cdccreditsmart.app               I  ðŸ“… Agendando overlay automÃ¡tico
2026-01-27 18:19:30.090 15614-15614 PeriodicOverlayWorker   com.cdccreditsmart.app               I     WorkManager interval: 15 minutos (mÃ­nimo obrigatÃ³rio)
2026-01-27 18:19:30.094 15614-15614 PeriodicOverlayWorker   com.cdccreditsmart.app               I     Cooldowns progressivos controlados internamente pelo worker
2026-01-27 18:19:30.103 15614-15614 PeriodicOverlayWorker   com.cdccreditsmart.app               I  âœ… Overlay automÃ¡tico agendado com sucesso
2026-01-27 18:19:30.103 15614-15614 BootReceiver            com.cdccreditsmart.app               I  PeriodicOverlayWorker agendado apos boot
2026-01-27 18:19:30.103 15614-15614 BootReceiver            com.cdccreditsmart.app               I  Servicos iniciados apos boot
2026-01-27 18:19:30.106 15614-15614 CdcForegroundService    com.cdccreditsmart.app               D  ðŸš€ ServiÃ§o onStartCommand() - Action: com.cdccreditsmart.app.START_SERVICE
2026-01-27 18:19:30.153 15614-15614 CdcForegroundService    com.cdccreditsmart.app               I  âœ… Foreground Service ativo (Android 12+)
2026-01-27 18:19:30.154 15614-16115 CdcForegroundService    com.cdccreditsmart.app               I  ðŸ”§ ========================================
2026-01-27 18:19:30.154 15614-16115 CdcForegroundService    com.cdccreditsmart.app               I  ðŸ”§ INICIANDO initializeServices()...
2026-01-27 18:19:30.154 15614-16115 CdcForegroundService    com.cdccreditsmart.app               I  ðŸ”§ ========================================
2026-01-27 18:19:30.154 15614-16115 CdcForegroundService    com.cdccreditsmart.app               I  ðŸ“± Rodando em usuÃ¡rio secundÃ¡rio gerenciado (User ID: 14)
2026-01-27 18:19:30.155 15614-16115 CdcForegroundService    com.cdccreditsmart.app               I  ðŸ“± Dados de enrollment existem apenas no usuÃ¡rio primÃ¡rio
2026-01-27 18:19:30.155 15614-16115 CdcForegroundService    com.cdccreditsmart.app               I  ðŸ“± ServiÃ§o MDM nÃ£o serÃ¡ inicializado neste usuÃ¡rio
2026-01-27 18:19:30.155 15614-16115 CdcForegroundService    com.cdccreditsmart.app               I  ðŸ”§ ========================================
2026-01-27 18:19:30.168 15614-15614 BootInterceptor         com.cdccreditsmart.app               I  ========================================
2026-01-27 18:19:30.168 15614-15614 BootInterceptor         com.cdccreditsmart.app               I  ðŸ”„ BOOT EVENT DETECTADO
2026-01-27 18:19:30.168 15614-15614 BootInterceptor         com.cdccreditsmart.app               I  ========================================
2026-01-27 18:19:30.168 15614-15614 BootInterceptor         com.cdccreditsmart.app               I  âœ… BOOT COMPLETO DETECTADO
2026-01-27 18:19:30.168 15614-15614 BootInterceptor         com.cdccreditsmart.app               I     Sistema Android iniciado com sucesso
2026-01-27 18:19:30.168 15614-15614 BootInterceptor         com.cdccreditsmart.app               I     Device Fingerprint: CDC_-1750541****
2026-01-27 18:19:30.176 15614-15614 TamperDetection         com.cdccreditsmart.app               I  
2026-01-27 18:19:30.176 15614-15614 TamperDetection         com.cdccreditsmart.app               I  â•”â•â•â•â•â•â•â•â•â•â•â•â•â•â•â•â•â•â•â•â•â•â•â•â•â•â•â•â•â•â•â•â•â•â•â•â•â•â•â•â•â•â•â•â•â•â•â•â•â•â•â•â•â•â•â•â•â•—
2026-01-27 18:19:30.176 15614-15614 TamperDetection         com.cdccreditsmart.app               I  â•‘    ðŸ“¡ BOOT REPORT ADIADO - AGUARDANDO PAREAMENTO      â•‘
2026-01-27 18:19:30.176 15614-15614 TamperDetection         com.cdccreditsmart.app               I  â• â•â•â•â•â•â•â•â•â•â•â•â•â•â•â•â•â•â•â•â•â•â•â•â•â•â•â•â•â•â•â•â•â•â•â•â•â•â•â•â•â•â•â•â•â•â•â•â•â•â•â•â•â•â•â•â•â•£
2026-01-27 18:19:30.176 15614-15614 TamperDetection         com.cdccreditsmart.app               I  â•‘  â³ Device ainda nÃ£o pareado com contrato              â•‘
2026-01-27 18:19:30.176 15614-15614 TamperDetection         com.cdccreditsmart.app               I  â•‘  â³ Boot serÃ¡ reportado apÃ³s autenticaÃ§Ã£o              â•‘
2026-01-27 18:19:30.176 15614-15614 TamperDetection         com.cdccreditsmart.app               I  â•‘  â„¹ï¸  Isso Ã© comportamento NORMAL antes do pareamento   â•‘
2026-01-27 18:19:30.176 15614-15614 TamperDetection         com.cdccreditsmart.app               I  â•šâ•â•â•â•â•â•â•â•â•â•â•â•â•â•â•â•â•â•â•â•â•â•â•â•â•â•â•â•â•â•â•â•â•â•â•â•â•â•â•â•â•â•â•â•â•â•â•â•â•â•â•â•â•â•â•â•â•
2026-01-27 18:19:30.176 15614-15614 TamperDetection         com.cdccreditsmart.app               I  
2026-01-27 18:19:30.176 15614-15614 BootInterceptor         com.cdccreditsmart.app               I  ========================================
2026-01-27 18:19:30.434 14631-14775 OpenGLRenderer          com.cdccreditsmart.app               E  Unable to match the desired swap behavior.
2026-01-27 18:19:30.448 14631-16465 mali_gralloc            com.cdccreditsmart.app               D  register: id=33500000770, handle=0xb4000078dc59f9f0, importpid=-1, gRegisteredHandles=0
2026-01-27 18:19:30.451 14631-16465 mali_gralloc            com.cdccreditsmart.app               D  register: id=33500000771, handle=0xb4000078dc5d1790, importpid=-1, gRegisteredHandles=1
2026-01-27 18:19:30.458 14631-16465 mali_gralloc            com.cdccreditsmart.app               D  register: id=33500000772, handle=0xb4000078dc5b44b0, importpid=-1, gRegisteredHandles=2
2026-01-27 18:19:30.484 14631-16465 mali_gralloc            com.cdccreditsmart.app               D  register: id=33500000773, handle=0xb4000078dc5a3e90, importpid=-1, gRegisteredHandles=3
2026-01-27 18:19:30.523 14631-14631 PermissionGateManager   com.cdccreditsmart.app               W  âš ï¸ Device Owner: 1 permissÃ£o(Ãµes) pendente(s)
2026-01-27 18:19:30.524 14631-14631 PermissionGateManager   com.cdccreditsmart.app               W     â†’ Falta: Acesso ao Uso de Apps
2026-01-27 18:19:30.770 15614-15614 CDCDeviceAdminService   com.cdccreditsmart.app               I  Device Admin Service destroyed
2026-01-27 18:19:30.794 15614-15614 CDCDeviceAdminService   com.cdccreditsmart.app               I  âœ… Device Admin Service created - System is communicating with CDC DPC
2026-01-27 18:19:31.285 14631-14772 SettingsGuardService    com.cdccreditsmart.app               D  ðŸ“‹ Activity check - Full: null, Simple: null
2026-01-27 18:19:31.764 14631-14631 SettingsGuardService    com.cdccreditsmart.app               I  â¸ï¸ Guard PAUSADO para fluxo de permissÃµes (timeout: 30s)
2026-01-27 18:19:32.193 15614-16636 ProfileInstaller        com.cdccreditsmart.app               D  Installing profile for com.cdccreditsmart.app
2026-01-27 18:19:32.344 15614-15645 creditsmart.app         com.cdccreditsmart.app               W  Suspending all threads took: 5.105ms
2026-01-27 18:19:32.549 15614-15645 creditsmart.app         com.cdccreditsmart.app               I  Background concurrent mark compact GC freed 95915(8509KB) AllocSpace objects, 104(4320KB) LOS objects, 86% free, 3871KB/27MB, paused 11.681ms,2.455ms total 394.191ms
2026-01-27 18:19:32.715 14631-14775 mali_gralloc            com.cdccreditsmart.app               D  unregister: id=33500000773, handle=0xb4000078dc5a3e90, base=0x0, importpid=14631, count:0
2026-01-27 18:19:32.719 14631-14775 OpenGLRenderer          com.cdccreditsmart.app               D  endAllActiveAnimators on 0xb4000079ec5ab9e0 (UnprojectedRipple) with handle 0xb40000795c5ef1f0
2026-01-27 18:19:32.730 14631-14657 mali_gralloc            com.cdccreditsmart.app               D  unregister: id=33500000772, handle=0xb4000078dc5b44b0, base=0x0, importpid=14631, count:0
2026-01-27 18:19:32.731 14631-14657 mali_gralloc            com.cdccreditsmart.app               D  unregister: id=33500000771, handle=0xb4000078dc5d1790, base=0x0, importpid=14631, count:0
2026-01-27 18:19:32.777 14631-14631 mali_gralloc            com.cdccreditsmart.app               D  unregister: id=33500000770, handle=0xb4000078dc59f9f0, base=0x0, importpid=14631, count:0
2026-01-27 18:19:35.237 14631-14758 FA                      com.cdccreditsmart.app               I  Application backgrounded at: timestamp_millis: 1769548773222
2026-01-27 18:19:36.115 15614-15614 NotificationHelper      com.cdccreditsmart.app               D  Notification channel created: cdc_default
2026-01-27 18:19:36.120 15614-15614 NotificationHelper      com.cdccreditsmart.app               D  Notification channel created: cdc_info
2026-01-27 18:19:36.123 15614-15614 NotificationHelper      com.cdccreditsmart.app               D  Notification channel created: cdc_alerts
2026-01-27 18:19:36.127 15614-15614 NotificationHelper      com.cdccreditsmart.app               D  Notification channel created: cdc_payments
2026-01-27 18:19:36.134 15614-15614 NotificationHelper      com.cdccreditsmart.app               D  Notification channel created: cdc_contract
2026-01-27 18:19:36.413 15614-15614 CdcMessagingService     com.cdccreditsmart.app               D  CdcMessagingService created
2026-01-27 18:19:36.458 15614-16929 CdcMessagingService     com.cdccreditsmart.app               D  ========== NEW FCM TOKEN RECEIVED ==========
2026-01-27 18:19:36.458 15614-16929 CdcMessagingService     com.cdccreditsmart.app               D  Token: c-ZysouSQxaGG0M048t8...
2026-01-27 18:19:36.579 14631-14631 PermissionGateManager   com.cdccreditsmart.app               I  âœ… Device Owner: Todas as permissÃµes especiais concedidas!
2026-01-27 18:19:36.579 14631-14631 PermissionGateScreen    com.cdccreditsmart.app               I  âœ… TODAS AS PERMISSÃ•ES CONCEDIDAS! Prosseguindo para o app...
2026-01-27 18:19:36.579 14631-14631 SettingsGuardService    com.cdccreditsmart.app               I  â–¶ï¸ Guard RETOMADO apÃ³s fluxo de permissÃµes
2026-01-27 18:19:37.384 14631-14631 Choreographer           com.cdccreditsmart.app               I  Skipped 40 frames!  The application may be doing too much work on its main thread.
2026-01-27 18:19:37.626 15614-16929 FcmTokenManager         com.cdccreditsmart.app               D  FCM token saved locally: c-ZysouSQxaGG0M048t8...
2026-01-27 18:19:37.631 15614-16115 FcmTokenManager         com.cdccreditsmart.app               D  ========== REGISTERING FCM TOKEN WITH BACKEND ==========
2026-01-27 18:19:37.636 15614-16115 FcmTokenManager         com.cdccreditsmart.app               D  Current FCM token retrieved: c-ZysouSQxaGG0M048t8...
2026-01-27 18:19:37.738 15614-16115 FcmTokenManager         com.cdccreditsmart.app               E  Cannot register: Auth token not available
2026-01-27 18:19:37.739 15614-16115 CdcMessagingService     com.cdccreditsmart.app               E  âŒ Failed to register FCM token with backend: User not authenticated
2026-01-27 18:19:37.973 14631-14631 DeviceOwnerCheckVM      com.cdccreditsmart.app               I  ========================================
2026-01-27 18:19:37.973 14631-14631 DeviceOwnerCheckVM      com.cdccreditsmart.app               I  ðŸ” Verificando status de Device Owner...
2026-01-27 18:19:38.482 14631-14631 DeviceUtils             com.cdccreditsmart.app               D  Device Owner check: true
2026-01-27 18:19:38.482 14631-14631 DeviceUtils             com.cdccreditsmart.app               D  Samsung device: false (Manufacturer: realme)
2026-01-27 18:19:38.482 14631-14631 DeviceOwnerCheckVM      com.cdccreditsmart.app               I  âœ… Dispositivo Ã© Device Owner - permitindo acesso ao app
2026-01-27 18:19:38.482 14631-14631 DeviceOwnerCheckVM      com.cdccreditsmart.app               I  ========================================
2026-01-27 18:19:38.627 14631-14631 RouterViewModel         com.cdccreditsmart.app               D  ðŸš€ Iniciando verificaÃ§Ã£o de autenticaÃ§Ã£o...
2026-01-27 18:19:38.647 14631-14772 AuthOrchestrator        com.cdccreditsmart.app               D  ðŸ” Verificando autenticaÃ§Ã£o...
2026-01-27 18:19:38.654 14631-14772 AuthOrchestrator        com.cdccreditsmart.app               D  ðŸŒ Conectividade: ONLINE
2026-01-27 18:19:38.654 14631-14772 AuthOrchestrator        com.cdccreditsmart.app               D  ðŸ”„ ========== AUTO-DISCOVERY INICIADO ==========
2026-01-27 18:19:38.747 14631-14772 DeviceUtils             com.cdccreditsmart.app               D  IMEI retrieved successfully: 8608***
2026-01-27 18:19:38.747 14631-14772 AuthOrchestrator        com.cdccreditsmart.app               D  ðŸ“± IMEI obtido: 8608***718
2026-01-27 18:19:38.747 14631-14772 AuthOrchestrator        com.cdccreditsmart.app               D  ðŸ” Tentando auto-discovery...
2026-01-27 18:19:38.747 14631-14772 AuthOrchestrator        com.cdccreditsmart.app               D     Endpoint: GET /api/apk/discover/860875074339718
2026-01-27 18:19:38.928 14631-17220 okhttp.OkHttpClient     com.cdccreditsmart.app               I  --> GET https://cdccreditsmart.com/api/apk/discover/860875074339718
2026-01-27 18:19:38.928 14631-17220 okhttp.OkHttpClient     com.cdccreditsmart.app               I  --> END GET
2026-01-27 18:19:39.398 14631-17220 TrafficStats            com.cdccreditsmart.app               D  tagSocket(129) with statsTag=0xffffffff, statsUid=-1
2026-01-27 18:19:40.361 14631-14772 SettingsGuardService    com.cdccreditsmart.app               I  âœ… USAGE_STATS concedida
2026-01-27 18:19:40.367 14631-14772 SettingsGuardService    com.cdccreditsmart.app               I  ðŸ“¢ NotificaÃ§Ã£o de permissÃ£o USAGE_STATS cancelada
2026-01-27 18:19:41.169 14631-14775 OpenGLRenderer          com.cdccreditsmart.app               E  Unable to match the desired swap behavior.
2026-01-27 18:19:41.171 14631-17443 mali_gralloc            com.cdccreditsmart.app               D  register: id=33500000798, handle=0xb4000078dc5d4010, importpid=-1, gRegisteredHandles=0
2026-01-27 18:19:41.172 14631-17443 mali_gralloc            com.cdccreditsmart.app               D  register: id=33500000799, handle=0xb4000078dc5d3830, importpid=-1, gRegisteredHandles=1
2026-01-27 18:19:41.176 14631-17443 mali_gralloc            com.cdccreditsmart.app               D  register: id=3350000079a, handle=0xb4000078dc5d7070, importpid=-1, gRegisteredHandles=2
2026-01-27 18:19:41.177 14631-17443 mali_gralloc            com.cdccreditsmart.app               D  register: id=3350000079b, handle=0xb4000078dc5d8150, importpid=-1, gRegisteredHandles=3
2026-01-27 18:19:41.623 14631-14631 Choreographer           com.cdccreditsmart.app               I  Skipped 46 frames!  The application may be doing too much work on its main thread.
2026-01-27 18:19:41.868 14631-17220 okhttp.OkHttpClient     com.cdccreditsmart.app               I  <-- 200 https://cdccreditsmart.com/api/apk/discover/860875074339718 (2939ms)
2026-01-27 18:19:41.868 14631-17220 okhttp.OkHttpClient     com.cdccreditsmart.app               I  access-control-allow-credentials: true
2026-01-27 18:19:41.868 14631-17220 okhttp.OkHttpClient     com.cdccreditsmart.app               I  access-control-allow-headers: Origin, X-Requested-With, Content-Type, Accept, Authorization, x-client-key, x-client-token, x-client-secret, cache-control
2026-01-27 18:19:41.869 14631-17220 okhttp.OkHttpClient     com.cdccreditsmart.app               I  access-control-allow-methods: GET, POST, PUT, PATCH, DELETE, OPTIONS
2026-01-27 18:19:41.869 14631-17220 okhttp.OkHttpClient     com.cdccreditsmart.app               I  access-control-allow-origin: *
2026-01-27 18:19:41.869 14631-17220 okhttp.OkHttpClient     com.cdccreditsmart.app               I  access-control-max-age: 86400
2026-01-27 18:19:41.869 14631-17220 okhttp.OkHttpClient     com.cdccreditsmart.app               I  content-length: 861
2026-01-27 18:19:41.869 14631-17220 okhttp.OkHttpClient     com.cdccreditsmart.app               I  content-security-policy: default-src 'self'; script-src 'self' 'unsafe-inline' 'unsafe-eval' https://replit.com; style-src 'self' 'unsafe-inline' https://replit.com; img-src 'self' data: https:; font-src 'self' data: https://replit.com; connect-src 'self';
2026-01-27 18:19:41.869 14631-17220 okhttp.OkHttpClient     com.cdccreditsmart.app               I  content-type: application/json; charset=utf-8
2026-01-27 18:19:41.869 14631-17220 okhttp.OkHttpClient     com.cdccreditsmart.app               I  date: Tue, 27 Jan 2026 21:19:40 GMT
2026-01-27 18:19:41.869 14631-17220 okhttp.OkHttpClient     com.cdccreditsmart.app               I  etag: W/"35d-rucUbZH0APb+TDTJSUC79Ian+7k"
2026-01-27 18:19:41.873 14631-17220 okhttp.OkHttpClient     com.cdccreditsmart.app               I  permissions-policy: geolocation=(), microphone=(), camera=()
2026-01-27 18:19:41.873 14631-17220 okhttp.OkHttpClient     com.cdccreditsmart.app               I  referrer-policy: strict-origin-when-cross-origin
2026-01-27 18:19:41.873 14631-17220 okhttp.OkHttpClient     com.cdccreditsmart.app               I  strict-transport-security: max-age=63072000; includeSubDomains
2026-01-27 18:19:41.873 14631-17220 okhttp.OkHttpClient     com.cdccreditsmart.app               I  strict-transport-security: max-age=31536000; includeSubDomains
2026-01-27 18:19:41.876 14631-17220 okhttp.OkHttpClient     com.cdccreditsmart.app               I  x-anti-fraud-protection: active
2026-01-27 18:19:41.877 14631-17220 okhttp.OkHttpClient     com.cdccreditsmart.app               I  x-certificate-pinning-enabled: false
2026-01-27 18:19:41.877 14631-17220 okhttp.OkHttpClient     com.cdccreditsmart.app               I  x-certificate-pinning-status: disabled-for-stability
2026-01-27 18:19:41.877 14631-17220 okhttp.OkHttpClient     com.cdccreditsmart.app               I  x-content-type-options: nosniff
2026-01-27 18:19:41.877 14631-17220 okhttp.OkHttpClient     com.cdccreditsmart.app               I  x-financial-data-protection: enabled
2026-01-27 18:19:41.877 14631-17220 okhttp.OkHttpClient     com.cdccreditsmart.app               I  x-frame-options: DENY
2026-01-27 18:19:41.877 14631-17220 okhttp.OkHttpClient     com.cdccreditsmart.app               I  x-transaction-security-level: maximum
2026-01-27 18:19:41.877 14631-17220 okhttp.OkHttpClient     com.cdccreditsmart.app               I  x-xss-protection: 1; mode=block
2026-01-27 18:19:41.877 14631-17220 okhttp.OkHttpClient     com.cdccreditsmart.app               I  via: 1.1 google
2026-01-27 18:19:41.877 14631-17220 okhttp.OkHttpClient     com.cdccreditsmart.app               I  alt-svc: h3=":443"; ma=2592000,h3-29=":443"; ma=2592000
2026-01-27 18:19:41.879 14631-17220 okhttp.OkHttpClient     com.cdccreditsmart.app               I  {"success":true,"device":{"id":"device_1769137280282_l7srjesg25","name":"REALME Note 60x","serialNumber":"QJ3H4MKG","imei":"860875074339718","imeiList":["860875074339718"],"meid":null,"meidList":null,"simSlotCount":1,"model":"Note 60x","brand":"REALME","status":"active","isBlocked":false,"blockReason":null},"customer":{"id":"f854a5cf-8b7e-4a66-a55f-a9f41948eb34","name":"Marcos Antunes","cpf":"06452784323","phone":"85981888810"},"connection":{"matchType":"imei_exact","useImei":"860875074339718","useSerialNumber":"QJ3H4MKG","useDeviceId":"device_1769137280282_l7srjesg25"},"token":"eyJhbGciOiJIUzI1NiIsInR5cCI6IkpXVCJ9.eyJ0eXBlIjoiYXBrIiwiZGV2aWNlSWQiOiJkZXZpY2VfMTc2OTEzNzI4MDI4Ml9sN3NyamVzZzI1IiwiaW1laSI6Ijg2MDg3NTA3NDMzOTcxOCIsInNlcmlhbE51bWJlciI6IlFKM0g0TUtHIiwiaWF0IjoxNzY5NTQ4NzgwLCJleHAiOjE3NzczMjQ3ODB9.SRDNwUlG1AXLCB1wxqAneEyZXA0NphpirJn2F9dglCo"}
2026-01-27 18:19:41.880 14631-17220 okhttp.OkHttpClient     com.cdccreditsmart.app               I  <-- END HTTP (861-byte body)
2026-01-27 18:19:41.931 14631-14772 AuthOrchestrator        com.cdccreditsmart.app               D  âœ… ========== AUTO-DISCOVERY BEM-SUCEDIDO ==========
2026-01-27 18:19:41.932 14631-14772 AuthOrchestrator        com.cdccreditsmart.app               D  âœ… Dispositivo encontrado:
2026-01-27 18:19:41.932 14631-14772 AuthOrchestrator        com.cdccreditsmart.app               D     - Nome: REALME Note 60x
2026-01-27 18:19:41.932 14631-14772 AuthOrchestrator        com.cdccreditsmart.app               D     - DeviceId: device_17691372...
2026-01-27 18:19:41.932 14631-14772 AuthOrchestrator        com.cdccreditsmart.app               D     - SerialNumber: QJ3H4MKG
2026-01-27 18:19:41.932 14631-14772 AuthOrchestrator        com.cdccreditsmart.app               D     - IMEI: 8608***718
2026-01-27 18:19:41.932 14631-14772 AuthOrchestrator        com.cdccreditsmart.app               D     - Status: active
2026-01-27 18:19:41.932 14631-14772 AuthOrchestrator        com.cdccreditsmart.app               D     - Bloqueado: false
2026-01-27 18:19:41.932 14631-14772 AuthOrchestrator        com.cdccreditsmart.app               D  âœ… Cliente:
2026-01-27 18:19:41.932 14631-14772 AuthOrchestrator        com.cdccreditsmart.app               D     - Nome: Marcos Antunes
2026-01-27 18:19:41.932 14631-14772 AuthOrchestrator        com.cdccreditsmart.app               D     - CPF: 064***
2026-01-27 18:19:41.932 14631-14772 AuthOrchestrator        com.cdccreditsmart.app               D  âœ… ConexÃ£o:
2026-01-27 18:19:41.932 14631-14772 AuthOrchestrator        com.cdccreditsmart.app               D     - Usar IMEI: 860875074339718
2026-01-27 18:19:41.932 14631-14772 AuthOrchestrator        com.cdccreditsmart.app               D     - Usar SerialNumber: QJ3H4MKG
2026-01-27 18:19:41.932 14631-14772 AuthOrchestrator        com.cdccreditsmart.app               D     - Usar DeviceId: device_1769137280282_l7srjesg25
2026-01-27 18:19:41.933 14631-14772 ContractCodeStorage     com.cdccreditsmart.app               D  Saving contract code to redundant storage
2026-01-27 18:19:42.483 14631-14772 ContractCodeStorage     com.cdccreditsmart.app               D  Saved to EncryptedPrefs
2026-01-27 18:19:42.681 14631-14631 Choreographer           com.cdccreditsmart.app               I  Skipped 54 frames!  The application may be doing too much work on its main thread.
2026-01-27 18:19:42.683 14631-14657 OpenGLRenderer          com.cdccreditsmart.app               I  Davey! duration=1560ms; Flags=0, FrameTimelineVsyncId=749927, IntendedVsync=3665088037916, Vsync=3665598969760, InputEventId=0, HandleInputStart=3665628254454, AnimationStart=3665628266070, PerformTraversalsStart=3665662818685, DrawStart=3665663333377, FrameDeadline=3665544425446, FrameInterval=3665601243224, FrameStartTime=11107214, SyncQueued=3665689077031, SyncStart=3665690005300, IssueDrawCommandsStart=3665690266377, SwapBuffers=3666637286184, FrameCompleted=3666649010492, DequeueBufferDuration=21692, QueueBufferDuration=681730, GpuCompleted=3666642212223, SwapBuffersCompleted=3666649010492, DisplayPresentTime=3644323528662, CommandSubmissionCompleted=3666637286184, 
2026-01-27 18:19:42.853 14631-14657 OpenGLRenderer          com.cdccreditsmart.app               I  Davey! duration=998ms; Flags=0, FrameTimelineVsyncId=750557, IntendedVsync=3665753996002, Vsync=3666653505808, InputEventId=0, HandleInputStart=3666659550992, AnimationStart=3666659559415, PerformTraversalsStart=3666677825684, DrawStart=3666678090992, FrameDeadline=3666687294021, FrameInterval=3666658771261, FrameStartTime=16657589, SyncQueued=3666704518031, SyncStart=3666761101800, IssueDrawCommandsStart=3666761508992, SwapBuffers=3666796907338, FrameCompleted=3666809373992, DequeueBufferDuration=32385, QueueBufferDuration=731885, GpuCompleted=3666809373992, SwapBuffersCompleted=3666808362607, DisplayPresentTime=3644356807047, CommandSubmissionCompleted=3666796907338, 
2026-01-27 18:19:42.885 14631-14631 SettingsGuardService    com.cdccreditsmart.app               I  â–¶ï¸ Guard RETOMADO apÃ³s fluxo de permissÃµes
2026-01-27 18:19:43.012 14631-14772 ContractCodeStorage     com.cdccreditsmart.app               D  Successfully saved to file: .cdc_protected_code.enc
2026-01-27 18:19:43.015 14631-14772 ContractCodeStorage     com.cdccreditsmart.app               D  Saved to Protected Storage
2026-01-27 18:19:43.166 14631-14772 ContractCodeStorage     com.cdccreditsmart.app               D  Successfully saved to file: .cdc_contract_b1.enc
2026-01-27 18:19:43.272 14631-14772 ContractCodeStorage     com.cdccreditsmart.app               D  Successfully saved to file: .sys_device_cfg.enc
2026-01-27 18:19:43.360 14631-14772 ContractCodeStorage     com.cdccreditsmart.app               D  Successfully saved to file: .android_secure.enc
2026-01-27 18:19:43.483 14631-14772 ContractCodeStorage     com.cdccreditsmart.app               D  Contract code saved to ALL storage locations
2026-01-27 18:19:44.451 14631-14772 ContractCodeStorage     com.cdccreditsmart.app               D  Verification complete: 7/7 locations valid
2026-01-27 18:19:44.663 14631-14772 ContractCodeStorage     com.cdccreditsmart.app               D  Saving contract code to redundant storage
2026-01-27 18:19:44.692 14631-14772 ContractCodeStorage     com.cdccreditsmart.app               D  Saved to EncryptedPrefs
2026-01-27 18:19:44.708 14631-14772 ContractCodeStorage     com.cdccreditsmart.app               D  Deleted existing file: .cdc_protected_code.enc
2026-01-27 18:19:44.851 14631-14772 ContractCodeStorage     com.cdccreditsmart.app               D  Successfully saved to file: .cdc_protected_code.enc
2026-01-27 18:19:44.851 14631-14772 ContractCodeStorage     com.cdccreditsmart.app               D  Saved to Protected Storage
2026-01-27 18:19:44.852 14631-14772 ContractCodeStorage     com.cdccreditsmart.app               D  Deleted existing file: .cdc_contract_b1.enc
2026-01-27 18:19:44.945 14631-14772 ContractCodeStorage     com.cdccreditsmart.app               D  Successfully saved to file: .cdc_contract_b1.enc
2026-01-27 18:19:44.946 14631-14772 ContractCodeStorage     com.cdccreditsmart.app               D  Deleted existing file: .sys_device_cfg.enc
2026-01-27 18:19:45.054 14631-14772 ContractCodeStorage     com.cdccreditsmart.app               D  Successfully saved to file: .sys_device_cfg.enc
2026-01-27 18:19:45.054 14631-14772 ContractCodeStorage     com.cdccreditsmart.app               D  Deleted existing file: .android_secure.enc
2026-01-27 18:19:45.217 14631-14772 ContractCodeStorage     com.cdccreditsmart.app               D  Successfully saved to file: .android_secure.enc
2026-01-27 18:19:45.318 14631-14772 ContractCodeStorage     com.cdccreditsmart.app               D  Contract code saved to ALL storage locations
2026-01-27 18:19:45.948 14631-14772 ContractCodeStorage     com.cdccreditsmart.app               D  Verification complete: 7/7 locations valid
2026-01-27 18:19:45.948 14631-14772 SecureTokenStorage      com.cdccreditsmart.app               D  Device info saved successfully from auto-discovery
2026-01-27 18:19:45.957 14631-14772 SecureTokenStorage      com.cdccreditsmart.app               D    - DeviceId: device_17691372...
2026-01-27 18:19:45.957 14631-14772 SecureTokenStorage      com.cdccreditsmart.app               D    - SerialNumber: QJ3H4MKG
2026-01-27 18:19:45.957 14631-14772 SecureTokenStorage      com.cdccreditsmart.app               D    - IMEI: 8608***
2026-01-27 18:19:45.957 14631-14772 SecureTokenStorage      com.cdccreditsmart.app               D    - ContractCode: QJ3H4MKG
2026-01-27 18:19:45.957 14631-14772 AuthOrchestrator        com.cdccreditsmart.app               D  ðŸ’¾ Dados salvos:
2026-01-27 18:19:45.958 14631-14772 AuthOrchestrator        com.cdccreditsmart.app               D     - ContractCode: QJ3H4MKG
2026-01-27 18:19:45.958 14631-14772 AuthOrchestrator        com.cdccreditsmart.app               D     - DeviceId: device_17691372...
2026-01-27 18:19:45.958 14631-14772 AuthOrchestrator        com.cdccreditsmart.app               D     - IMEI: 8608***718
2026-01-27 18:19:45.973 14631-14772 SecureTokenStorage      com.cdccreditsmart.app               D  Auth token saved successfully (contract code via ContractCodeStorage, deviceId: null...)
2026-01-27 18:19:45.973 14631-14772 AuthOrchestrator        com.cdccreditsmart.app               D  âœ… [6/7] Token JWT obtido do discovery e salvo!
2026-01-27 18:19:45.973 14631-14772 AuthOrchestrator        com.cdccreditsmart.app               D     - Token: eyJhbGciOiJIUzI1NiIs...
2026-01-27 18:19:45.975 14631-14772 AuthOrchestrator        com.cdccreditsmart.app               D  ðŸŽ‰ ========== AUTO-DISCOVERY CONCLUÃDO ==========
2026-01-27 18:19:45.976 14631-14771 AuthOrchestrator        com.cdccreditsmart.app               D  ðŸ”” Registrando FCM token apÃ³s auto-discovery...
2026-01-27 18:19:45.977 14631-14772 AuthOrchestrator        com.cdccreditsmart.app               D  âœ… Auto-conexÃ£o bem-sucedida - autenticaÃ§Ã£o OK!
2026-01-27 18:19:45.977 14631-14772 AuthOrchestrator        com.cdccreditsmart.app               I  ðŸ”§ Garantindo que CdcForegroundService estÃ¡ rodando...
2026-01-27 18:19:45.991 14631-14771 FcmTokenManager         com.cdccreditsmart.app               D  ========== REGISTERING FCM TOKEN WITH BACKEND ==========
2026-01-27 18:19:45.994 14631-14772 CdcForegroundService    com.cdccreditsmart.app               I  âœ… ServiÃ§o iniciado via startService()
2026-01-27 18:19:45.994 14631-14772 AuthOrchestrator        com.cdccreditsmart.app               I  âœ… CdcForegroundService iniciado apÃ³s autenticaÃ§Ã£o
2026-01-27 18:19:45.999 14631-14631 RouterViewModel         com.cdccreditsmart.app               D  âœ… Autenticado com sucesso
2026-01-27 18:19:46.014 14631-14771 FcmTokenManager         com.cdccreditsmart.app               D  Current FCM token retrieved: fv0kINVPSbmV6Dvb3Gcu...
2026-01-27 18:19:46.472 14631-14771 FcmTokenManager         com.cdccreditsmart.app               D  Sending FCM token to backend (payload: {"fcmToken": "fv0kINVPSbmV6Dvb3Gcu..."})
2026-01-27 18:19:46.523 14631-14771 FcmTokenManager         com.cdccreditsmart.app               D  Sending POST https://cdccreditsmart.com/api/apk/device/fcm-token...
2026-01-27 18:19:46.550 14631-14631 TermsAcceptanceStorage  com.cdccreditsmart.app               D  hasAcceptedTermsForContract(QJ3H4MKG): false (saved: null)
2026-01-27 18:19:46.550 14631-14631 RouterViewModel         com.cdccreditsmart.app               D  ðŸ“„ Termos NÃƒO aceitos - Ir para TERMS_ACCEPTANCE
2026-01-27 18:19:46.552 14631-14631 CdcForegroundService    com.cdccreditsmart.app               D  ðŸš€ ServiÃ§o onStartCommand() - Action: com.cdccreditsmart.app.START_SERVICE
2026-01-27 18:19:46.566 14631-14631 CdcForegroundService    com.cdccreditsmart.app               I  âœ… Foreground Service ativo (Android 12+)
2026-01-27 18:19:46.568 14631-14772 CdcForegroundService    com.cdccreditsmart.app               I  ðŸ”§ ========================================
2026-01-27 18:19:46.568 14631-14772 CdcForegroundService    com.cdccreditsmart.app               I  ðŸ”§ INICIANDO initializeServices()...
2026-01-27 18:19:46.568 14631-14772 CdcForegroundService    com.cdccreditsmart.app               I  ðŸ”§ ========================================
2026-01-27 18:19:46.568 14631-14772 CdcForegroundService    com.cdccreditsmart.app               D  âœ… ServiÃ§os base jÃ¡ inicializados
2026-01-27 18:19:46.569 14631-14631 Choreographer           com.cdccreditsmart.app               I  Skipped 33 frames!  The application may be doing too much work on its main thread.
2026-01-27 18:19:46.576 14631-14771 TrafficStats            com.cdccreditsmart.app               D  tagSocket(139) with statsTag=0xffffffff, statsUid=-1
2026-01-27 18:19:46.948 14631-14773 NetworkConnectivity     com.cdccreditsmart.app               D  âœ… Conectado via WiFi com internet
2026-01-27 18:19:46.948 14631-14773 SupportRepository       com.cdccreditsmart.app               I  ðŸ“¡ Buscando termos do servidor (version=latest)...
2026-01-27 18:19:47.163 14631-14772 SecureTokenStorage      com.cdccreditsmart.app               D  âœ… Usando IMEI para MDM: 8608***718
2026-01-27 18:19:47.163 14631-14772 CdcForegroundService    com.cdccreditsmart.app               I  ðŸ” AuthToken presente: true
2026-01-27 18:19:47.164 14631-14772 CdcForegroundService    com.cdccreditsmart.app               I  ðŸ” AuthToken length: 273
2026-01-27 18:19:47.164 14631-14772 CdcForegroundService    com.cdccreditsmart.app               I  ðŸ” ContractCode presente: true
2026-01-27 18:19:47.164 14631-14772 CdcForegroundService    com.cdccreditsmart.app               I  ðŸ” ContractCode value: QJ3H****
2026-01-27 18:19:47.164 14631-14772 CdcForegroundService    com.cdccreditsmart.app               I  ðŸ” MDM SerialNumber presente: true
2026-01-27 18:19:47.164 14631-14772 CdcForegroundService    com.cdccreditsmart.app               I  ðŸ” MDM SerialNumber value: 86087507...
2026-01-27 18:19:47.164 14631-14772 CdcForegroundService    com.cdccreditsmart.app               I  ðŸ”§ ========================================
2026-01-27 18:19:47.164 14631-14772 CdcForegroundService    com.cdccreditsmart.app               I  ðŸ”§ INICIALIZANDO MDM COM SERIAL NUMBER: 86087507...
2026-01-27 18:19:47.164 14631-14772 CdcForegroundService    com.cdccreditsmart.app               I  ðŸ”§ ========================================
2026-01-27 18:19:47.164 14631-14772 CdcForegroundService    com.cdccreditsmart.app               I  ðŸ” Tokens encontrados - inicializando serviÃ§os MDM
2026-01-27 18:19:47.164 14631-14772 CdcForegroundService    com.cdccreditsmart.app               D  ðŸ“¡ Criando MdmCommandReceiver (usando serialNumber do SecureTokenStorage)...
2026-01-27 18:19:47.227 14631-14772 MdmCommandReceiver      com.cdccreditsmart.app               D  âœ… Foreground service reference set for WakeLock management
2026-01-27 18:19:47.227 14631-14772 CdcForegroundService    com.cdccreditsmart.app               D  ðŸ”‹ Foreground service reference passada para MdmCommandReceiver
2026-01-27 18:19:47.227 14631-14772 CdcForegroundService    com.cdccreditsmart.app               I  ðŸ’“ ========================================
2026-01-27 18:19:47.227 14631-14772 CdcForegroundService    com.cdccreditsmart.app               I  ðŸ’“ INICIANDO HEARTBEAT MANAGER (60s)
2026-01-27 18:19:47.227 14631-14772 CdcForegroundService    com.cdccreditsmart.app               I  ðŸ’“ ========================================
2026-01-27 18:19:47.231 14631-14772 HeartbeatManager        com.cdccreditsmart.app               I  ðŸ’“ ========================================
2026-01-27 18:19:47.231 14631-14772 HeartbeatManager        com.cdccreditsmart.app               I  ðŸ’“ INICIANDO HEARTBEAT MANAGER (60s)
2026-01-27 18:19:47.231 14631-14772 HeartbeatManager        com.cdccreditsmart.app               I  ðŸ’“ ========================================
2026-01-27 18:19:47.232 14631-14772 HeartbeatManager        com.cdccreditsmart.app               I  ðŸ’“ Intervalo: 60 segundos
2026-01-27 18:19:47.232 14631-14772 HeartbeatManager        com.cdccreditsmart.app               I  ðŸ’“ Endpoint: POST /api/apk/device/heartbeat
2026-01-27 18:19:47.233 14631-14772 CdcForegroundService    com.cdccreditsmart.app               I  ðŸ’“ HeartbeatManager iniciado ANTES do WebSocket
2026-01-27 18:19:47.233 14631-14772 CdcForegroundService    com.cdccreditsmart.app               I  ðŸ“¡ ========================================
2026-01-27 18:19:47.233 14631-14772 CdcForegroundService    com.cdccreditsmart.app               I  ðŸ“¡ CONECTANDO WebSocket MDM...
2026-01-27 18:19:47.233 14631-14772 CdcForegroundService    com.cdccreditsmart.app               I  ðŸ“¡ ========================================
2026-01-27 18:19:47.233 14631-14772 CdcForegroundService    com.cdccreditsmart.app               I  ðŸ“¡ AuthToken length: 273 caracteres
2026-01-27 18:19:47.234 14631-14772 CdcForegroundService    com.cdccreditsmart.app               I  ðŸ“¡ AuthToken preview: eyJhbGciOiJIUzI1NiIs...
2026-01-27 18:19:47.234 14631-14772 CdcForegroundService    com.cdccreditsmart.app               I  ðŸ“¡ Contract code: QJ3H4MKG
2026-01-27 18:19:47.234 14631-14772 CdcForegroundService    com.cdccreditsmart.app               I  ðŸ“¡ Chamando mdmReceiver.connectMdmWebSocket()...
2026-01-27 18:19:47.239 14631-14772 SecureTokenStorage      com.cdccreditsmart.app               D  âœ… Usando IMEI para MDM: 8608***718
2026-01-27 18:19:47.239 14631-14772 MdmCommandReceiver      com.cdccreditsmart.app               I  ðŸ”— ========================================
2026-01-27 18:19:47.239 14631-14772 MdmCommandReceiver      com.cdccreditsmart.app               I  ðŸ”— INICIANDO CONEXÃƒO WEBSOCKET MDM
2026-01-27 18:19:47.239 14631-14772 MdmCommandReceiver      com.cdccreditsmart.app               I  ðŸ”— ========================================
2026-01-27 18:19:47.239 14631-14772 MdmCommandReceiver      com.cdccreditsmart.app               I  ðŸ”— URL base: wss://cdccreditsmart.com/ws/mdm-policies
2026-01-27 18:19:47.239 14631-14772 MdmCommandReceiver      com.cdccreditsmart.app               I  ðŸ”— JWT Token presente: true
2026-01-27 18:19:47.239 14631-14772 MdmCommandReceiver      com.cdccreditsmart.app               I  ðŸ”— JWT Token length: 273
2026-01-27 18:19:47.239 14631-14772 MdmCommandReceiver      com.cdccreditsmart.app               I  ðŸ”— JWT Token preview: eyJhbGciOiJIUzI1NiIsInR5cCI6Ik...
2026-01-27 18:19:47.239 14631-14772 MdmCommandReceiver      com.cdccreditsmart.app               I  ðŸ”— Device identifier: 860875074339718
2026-01-27 18:19:47.241 14631-14772 MdmCommandReceiver      com.cdccreditsmart.app               D  ðŸ”— Criando WebSocket OkHttp...
2026-01-27 18:19:47.242 14631-14772 MdmCommandReceiver      com.cdccreditsmart.app               I  ðŸ”„ Iniciando polling IMEDIATAMENTE (nÃ£o esperar WebSocket)
2026-01-27 18:19:47.446 14631-14825 HeartbeatManager        com.cdccreditsmart.app               I  ðŸ’“ Enviando heartbeat IMEDIATO...
2026-01-27 18:19:47.452 14631-18065 MdmCommandReceiver      com.cdccreditsmart.app               I  ðŸ”„ ========================================
2026-01-27 18:19:47.452 14631-18065 MdmCommandReceiver      com.cdccreditsmart.app               I  ðŸ”„ INICIANDO POLLING FALLBACK MDM
2026-01-27 18:19:47.452 14631-18065 MdmCommandReceiver      com.cdccreditsmart.app               I  ðŸ”„ ========================================
2026-01-27 18:19:47.452 14631-18065 MdmCommandReceiver      com.cdccreditsmart.app               I  ðŸ”„ Intervalo: 30 segundos
2026-01-27 18:19:47.452 14631-18065 MdmCommandReceiver      com.cdccreditsmart.app               I  ðŸ”„ Endpoint: GET /api/apk/device/{identifier}/commands
2026-01-27 18:19:47.452 14631-18065 MdmCommandReceiver      com.cdccreditsmart.app               I  ðŸ”„ Executando verificaÃ§Ã£o IMEDIATA de comandos...
