                                                                                                    	at androidx.compose.runtime.CompositionImpl.setContent(Composition.kt:635)
                                                                                                    	at androidx.compose.ui.platform.WrappedComposition$setContent$1.invoke(Wrapper.android.kt:133)
                                                                                                    	at androidx.compose.ui.platform.WrappedComposition$setContent$1.invoke(Wrapper.android.kt:124)
                                                                                                    	at androidx.compose.ui.platform.AndroidComposeView.setOnViewTreeOwnersAvailable(AndroidComposeView.android.kt:1626)
                                                                                                    	at androidx.compose.ui.platform.WrappedComposition.setContent(Wrapper.android.kt:124)
                                                                                                    	at androidx.compose.ui.platform.WrappedComposition.onStateChanged(Wrapper.android.kt:180)
                                                                                                    	at androidx.lifecycle.LifecycleRegistry$ObserverWithState.dispatchEvent(LifecycleRegistry.jvm.kt:320)
                                                                                                    	at androidx.lifecycle.LifecycleRegistry.addObserver(LifecycleRegistry.jvm.kt:198)
                                                                                                    	at androidx.compose.ui.platform.WrappedComposition$setContent$1.invoke(Wrapper.android.kt:131)
                                                                                                    	at androidx.compose.ui.platform.WrappedComposition$setContent$1.invoke(Wrapper.android.kt:124)
                                                                                                    	at androidx.compose.ui.platform.AndroidComposeView.onAttachedToWindow(AndroidComposeView.android.kt:1707)
                                                                                                    	at android.view.View.dispatchAttachedToWindow(View.java:22941)
                                                                                                    	at android.view.ViewGroup.dispatchAttachedToWindow(ViewGroup.java:3569)
                                                                                                    	at android.view.ViewGroup.dispatchAttachedToWindow(ViewGroup.java:3576)
                                                                                                    	at android.view.ViewGroup.dispatchAttachedToWindow(ViewGroup.java:3576)
                                                                                                    	at android.view.ViewGroup.dispatchAttachedToWindow(ViewGroup.java:3576)
                                                                                                    	at android.view.ViewGroup.dispatchAttachedToWindow(ViewGroup.java:3576)
                                                                                                    	at android.view.ViewRootImpl.performTraversals(ViewRootImpl.java:3723)
                                                                                                    	at android.view.ViewRootImpl.doTraversal(ViewRootImpl.java:3174)
                                                                                                    	at android.view.ViewRootImpl$TraversalRunnable.run(ViewRootImpl.java:10889)
                                                                                                    	at android.view.Choreographer$CallbackRecord.run(Choreographer.java:1610)
                                                                                                    	at android.view.Choreographer$CallbackRecord.run(Choreographer.java:1619)
                                                                                                    	at android.view.Choreographer.doCallbacks(Choreographer.java:1159)
                                                                                                    	at android.view.Choreographer.doFrame(Choreographer.java:1051)
                                                                                                    	at android.view.Choreographer$FrameDisplayEventReceiver.triggerInsetFirstVsync(Choreographer.java:1591)
                                                                                                    	at android.view.Choreographer$FrameDisplayEventReceiver.onVsync(Choreographer.java:1564)
                                                                                                    	at android.view.DisplayEventReceiver.dispatchVsync(DisplayEventReceiver.java:358)
                                                                                                    	at android.os.MessageQueue.nativePollOnce(Native Method)
                                                                                                    	at android.os.MessageQueue.next(MessageQueue.java:348)
                                                                                                    	at android.os.Looper.loopOnce(Looper.java:246)
                                                                                                    	at android.os.Looper.loop(Looper.java:408)
2025-12-09 16:00:16.698  1565-4504  TranSuccCrashMgr        pid-1565                             I  	at android.app.ActivityThread.main(ActivityThread.java:9119) (Ask Gemini)
                                                                                                    	at java.lang.reflect.Method.invoke(Native Method)
                                                                                                    	at com.android.internal.os.RuntimeInit$MethodAndArgsCaller.run(RuntimeInit.java:627)
                                                                                                    	at com.android.internal.os.ZygoteInit.main(ZygoteInit.java:970)
2025-12-09 16:00:16.698  1565-4504  TABE.AppPermissionProof pid-1565                             D  permission proof speed of 0 mm
2025-12-09 16:00:16.698  1565-4504  ScnModule               pid-1565                             I  [GameDetection] packname: com.cdccreditsmart.app, apkSize: 88027506. 
2025-12-09 16:00:16.698  1565-4504  mtkpower_client         pid-1565                             I  [PowerHal_Wrap_notifyAppState] com.cdccreditsmart.app/com.cdccreditsmart.app pid=26393 activityId:26393 state:3
2025-12-09 16:00:16.699  1565-4504  mtkpower_client         pid-1565                             I  [Legacy][PowerHal_Wrap_notifyAppState] com.cdccreditsmart.app/com.cdccreditsmart.app pid=26393 state:26393
2025-12-09 16:00:16.699   956-1025  libPowerHal             pid-956                              I  [perfNotifyAppState] pack:com.cdccreditsmart.app, act:com.cdccreditsmart.app, state:3, pid:26393, uid:10287, fps:-1
2025-12-09 16:00:16.699   956-1025  libPowerHal             pid-956                              I  [perfNotifyAppState] pack:com.cdccreditsmart.app, pid:26393, STATE_DEAD
2025-12-09 16:00:16.699   956-1025  RilUtility              pid-956                              D  notify_rild_crash_pid_set certPid:-1, crash:26393, scn:0x0
2025-12-09 16:00:16.699  1565-4504  TranExcept...ponentImpl pid-1565                             E  init: ro.product.succ.bbcollect.log.support==1
2025-12-09 16:00:16.699  1565-4504  TranExcept...ponentImpl pid-1565                             E  init: ro.product.succ.bbcollect.log.support==1
2025-12-09 16:00:16.700 21777-21868 TABE.Detec...Controller pid-21777                            I  notifyExitAppWork
2025-12-09 16:00:16.700 21777-21868 TABE.TABE-MainService   pid-21777                            I  handleIncomingMsgAppAprData
2025-12-09 16:00:16.701  1565-4504  TABE.TranA...eryManager pid-1565                             D  checkCanRecoveryWhenError: com.cdccreditsmart.app expType: crash
2025-12-09 16:00:16.701  1565-4504  TABE.TranA...eryManager pid-1565                             I  ActivityRecord{e904e65 u0 com.cdccreditsmart.app/.blocking.BlockedAppExplanationActivity t34} unsupported recovery
2025-12-09 16:00:16.701  1565-26568 DropBoxManagerService   pid-1565                             I  add tag=data_app_crash isTagEnabled=true flags=0x2
2025-12-09 16:00:16.701  1565-4504  ActivityTaskManager     pid-1565                             W    Force finishing activity com.cdccreditsmart.app/.blocking.BlockedAppExplanationActivity
2025-12-09 16:00:16.702  1565-1708  mtkpower_client         pid-1565                             I  perf_cus_lock_hint hint:101, dur:1000, pid:1565
2025-12-09 16:00:16.702  1203-1203  uas-service             pid-1203                             D  set scene=0x4 success
2025-12-09 16:00:16.702   956-974   AppFlingMode            pid-956                              D  [CheckAppFlingHint] 101 com.cdccreditsmart.app -1
2025-12-09 16:00:16.702  1565-1859  TranCPUBooster          pid-1565                             E  boostscene6 get uas mask= 95
2025-12-09 16:00:16.703  1565-26568 AES                     pid-1565                             W  Exception Log handling...data_app_crash
2025-12-09 16:00:16.702 22223-22263 WindowManagerShell      pid-22223                            V  Transition requested (#110): android.os.BinderProxy@22b0c12 TransitionRequestInfo { type = CLOSE, triggerTask = null, pipTask = null, remoteTransition = null, displayChange = null, flags = 16, debugId = 110 }
2025-12-09 16:00:16.703   956-1025  libPowerHal             pid-956                              I  [setGPUFreq] MTKPOWER_HINT_LAUNCHER_ANIMA user set gpu freq min:0, max:-1
2025-12-09 16:00:16.703   956-1025  libPowerHal             pid-956                              I  MTKPOWER_HINT_LAUNCHER_ANIMA: set gpu opp level max: 0
2025-12-09 16:00:16.703  1565-26568 AES                     pid-1565                             W  Exception Log handling...
2025-12-09 16:00:16.703  1565-1705  TABE-TranT...ponentImpl pid-1565                             D  Send message to TABE: pkg=com.cdccreditsmart.app,des=force-crash, adj = -1
2025-12-09 16:00:16.703   956-1025  libPowerHal             pid-956                              I  [setGPUFreq] Soft min/max = (0, 0); Hard min/max = (44, 0)
2025-12-09 16:00:16.703   956-1025  libPowerHal             pid-956                              I  [setGPUFreq] final min/max = (0, 0)
2025-12-09 16:00:16.703   956-1025  libPowerHal             pid-956                              I  MTKPOWER_HINT_LAUNCHER_ANIMA: set gpu opp level: 0
2025-12-09 16:00:16.703   956-1025  libPowerHal             pid-956                              I  MTKPOWER_HINT_LAUNCHER_ANIMA: set gpu opp level max: 0
2025-12-09 16:00:16.703  1565-4504  os.fingerprint          pid-1565                             D  onTaskMovedToFront Task{48c7f59 #7 type=home I=com.transsion.XOSLauncher/com.android.launcher3.uioverrides.QuickstepLauncher}
2025-12-09 16:00:16.703  1565-4504  os.fingerprint          pid-1565                             D  activityComponent = ComponentInfo{com.transsion.XOSLauncher/com.android.launcher3.uioverrides.QuickstepLauncher} inMultiWindow = false
2025-12-09 16:00:16.703  1565-1859  Process                 pid-1565                             I  String at 0: 0x7baa296601 = ProcessCapacityNormal
2025-12-09 16:00:16.703  1565-1708  mtkpower_client         pid-1565                             I  perf_cus_lock_hint, ret_hdl:2022
2025-12-09 16:00:16.704  1565-1708  PowerHalMgrImpl         pid-1565                             I  hdl:2022, pid:1565 
2025-12-09 16:00:16.704  1565-1859  TranCPUBooster          pid-1565                             D  [setAffinity] Pid:1022 mask:6-7
2025-12-09 16:00:16.704  1565-1859  Process                 pid-1565                             I  String at 0: 0x7baa296601 = ProcessCapacityNormal
2025-12-09 16:00:16.704  1565-4504  MagellanHandle          pid-1565                             D  updateRefreshRateForSceneVsyncs what = 23
2025-12-09 16:00:16.704  1565-1859  TranCPUBooster          pid-1565                             D  [setAffinity] Pid:1088 mask:6-7
2025-12-09 16:00:16.704  1565-4504  PowerHalWrapper         pid-1565                             I  amsBoostNotify pid:26393,activity:com.cdccreditsmart.app.blocking.BlockedAppExplanationActivity, package:com.cdccreditsmart.app, mProcessCreatePackcom.cdccreditsmart.app 
2025-12-09 16:00:16.704  1565-4504  PowerHalWrapper         pid-1565                             I  state: 0 
2025-12-09 16:00:16.704  1565-1859  TranCPUBooster          pid-1565                             D  [setAffinity] Pid:5656 mask:0-5
2025-12-09 16:00:16.704  1565-26568 AES                     pid-1565                             D  ExceptionLog: notify aed, process:com.cdccreditsmart.app pid:26393 cause:data_app_crash 
2025-12-09 16:00:16.705  1203-1203  uas-service             pid-1203                             D  thread(pid=1660) ux_exact_android.anim is uxtag 0x100420 ref 0x1
2025-12-09 16:00:16.705  1565-26568 AES                     pid-1565                             W  skip for Exp level 0
2025-12-09 16:00:16.705  1565-4504  ScnModule               pid-1565                             I  [GameDetection] packname: com.cdccreditsmart.app, apkSize: 88027506. 
2025-12-09 16:00:16.705  1565-4504  mtkpower_client         pid-1565                             I  [PowerHal_Wrap_notifyAppState] com.cdccreditsmart.app/com.cdccreditsmart.app.blocking.BlockedAppExplanationActivity pid=26393 activityId:244338277 state:0
2025-12-09 16:00:16.705  1565-4504  mtkpower_client         pid-1565                             I  [Legacy][PowerHal_Wrap_notifyAppState] com.cdccreditsmart.app/com.cdccreditsmart.app.blocking.BlockedAppExplanationActivity pid=26393 state:244338277
2025-12-09 16:00:16.705   956-1025  libPowerHal             pid-956                              I  [perfNotifyAppState] pack:com.cdccreditsmart.app, act:com.cdccreditsmart.app.blocking.BlockedAppExplanationActivity, state:0, pid:26393, uid:10287, fps:-1
2025-12-09 16:00:16.706  1565-4504  PowerHalWrapper         pid-1565                             I  amsBoostNotify AMS_BOOST_PROCESS_CREATE_BOOST:false 
2025-12-09 16:00:16.706  1565-1565  MBrainLocalService      pid-1565                             D  isVendorFreezeConditionPass is false
2025-12-09 16:00:16.706  1565-1565  MBrainLocalService      pid-1565                             E  notifyAppSwitch failed
2025-12-09 16:00:16.707 21777-21868 TABE.AppAprController   pid-21777                            I  JE summary = java.time.format.DateTimeParseException Text could not parsed unparsed text found at index[A1.ie:26,27;A3.ie:32,33;At.Ps:37;At.ie:47;Aw.se:56;B1.ie:8;B2.ie:22;Bt.Mn:5;By.$Q:7;By.$Y:21;By.o0:6,20;Cl.ce:49;Cl.cl:52;Cl.ct:50;Cl.de:48;Cl.ie:9,10,15,16,23,24,28,29,34,35,40,41,45,46;Cl.st:53;Ct.Cr:11,17,30,36,42;Ct.Ps:31;Cw.Ct:25;Dr.p0:1;Dr.pe:2;Le.cs:4;Le.dt:59;Le.pe:3;M1.ie:13,14;Mt.Me:18;Rr.ce:51;Tt.Ce:19;Tt.Pe:12;W1.ie:43,44,54,55;W3.ie:38,39;Wn.od:58;Wn.st:57;]
2025-12-09 16:00:16.707  3576-3576  VRI[QuickstepLauncher]  pid-3576                             D  visibilityChanged oldVisibility=false newVisibility=true
2025-12-09 16:00:16.710 21777-21868 TABE.AppAprController   pid-21777                            I  AppAprEntity{mPkgName='com.cdccreditsmart.app', mPkgVer='1.0.0', mPkgInstaller='sys|shell', mExpType='JE', mExpSummary='java.time.format.DateTimeParseException Text could not parsed unparsed text found at index[A1.ie:26,27;A3.ie:32,33;At.Ps:37;At.ie:47;Aw.se:56;B1.ie:8;B2.ie:22;Bt.Mn:5;By.$Q:7;By.$Y:21;By.o0:6,20;Cl.ce:49;Cl.cl:52;Cl.ct:50;Cl.de:48;Cl.ie:9,10,15,16,23,24,28,29,34,35,40,41,45,46;Cl.st:53;Ct.Cr:11,17,30,36,42;Ct.Ps:31;Cw.Ct:25;Dr.p0:1;Dr.pe:2;Le.cs:4;Le.dt:59;Le.pe:3;M1.ie:13,14;Mt.Me:18;Rr.ce:51;Tt.Ce:19;Tt.Pe:12;W1.ie:43,44,54,55;W3.ie:38,39;Wn.od:58;Wn.st:57;]', mExpCount=1, mExpTime='2025-12-09 16:00:16', mIsContExp=false, mIsOpenExp=false, mIsBack=false, mTestType='official', mIsNativeProcess='false', mExpFilePath='', mSessionId='fa3b7efa2ad20fe1a2f649ecc30306d8', mTotalExpCount='1'}
2025-12-09 16:00:16.710 22223-22263 ShellEventHandler       pid-22223                            D  onPostRequestStartTransition CLOSE token=android.os.BinderProxy@22b0c12
2025-12-09 16:00:16.710 26393-26393 Process                 pid-26393                            I  Sending signal. PID: 26393 SIG: 9
2025-12-09 16:00:16.711 21777-21868 TABE                    pid-21777                            E  startLog: APP_STABILITY_APR_TID not enable
2025-12-09 16:00:16.711  1565-3237  ActivityTa...er_Recents pid-1565                             D  	excludeFromRecents=true, taskIndex = 1, isOnHomeDisplay: true, isAnimatingByRecents: false
2025-12-09 16:00:16.711  1565-3237  ActivityTa...er_Recents pid-1565                             D  Skipping, not in visible range taskId: 34
2025-12-09 16:00:16.713  1203-1203  uas-service             pid-1203                             D  set scene=0x80000001 success
2025-12-09 16:00:16.720 21777-21818 TABE.CrashHandler       pid-21777                            I  FGTag[0,3]
2025-12-09 16:00:16.722  1565-5259  WindowManager           pid-1565                             D  currentFocusId -1 newFocusId: 0 currentFocusIsMultiWindow: false newFocusIsMultiWindow: false
2025-12-09 16:00:16.723  1022-1022  BpBinder                pid-1022                             I  onLastStrongRef automatically unlinking death recipients: 
2025-12-09 16:00:16.723  1565-5259  WindowManager           pid-1565                             W  Changing focus from null to Window{5adbf7a u0 com.transsion.XOSLauncher/com.android.launcher3.uioverrides.QuickstepLauncher} displayId=0 Callers=com.android.server.wm.RootWindowContainer.updateFocusedWindowLocked:528 com.android.server.wm.WindowManagerService.updateFocusedWindowLocked:6847 com.android.server.wm.WindowManagerService.relayoutWindowInner:2854 com.android.server.wm.WindowManagerService.relayoutWindow:2515 
2025-12-09 16:00:16.723  1022-4133  BufferQueueDebug        pid-1022                             I  [Surface(name=54dbd6b NavigationBar0)/@0x19cf1dd - animation-leash of insets_animation#1368](this:0xb400007b7ab6d208,id:-1,api:0,p:-1,c:-1) BufferQueue core=(1022:/system/bin/surfaceflinger)
2025-12-09 16:00:16.724  1565-1659  DisplayDeviceRepository pid-1565                             I  Display device changed: DisplayDeviceInfo{"Built-in Screen": uniqueId="local:0", 1080 x 2436, modeId 2, renderFrameRate 60.000004, defaultModeId 1, userPreferredModeId -1, supportedModes [{id=1, width=1080, height=2436, fps=120.00001, vsync=120.00001, synthetic=false, alternativeRefreshRates=[60.0], supportedHdrTypes=[]}, {id=2, width=1080, height=2436, fps=60.0, vsync=60.0, synthetic=false, alternativeRefreshRates=[120.00001], supportedHdrTypes=[]}], colorMode 0, supportedColorModes [0, 7, 9], hdrCapabilities HdrCapabilities{mSupportedHdrTypes=[], mMaxLuminance=500.0, mMaxAverageLuminance=500.0, mMinLuminance=0.0}, allmSupported false, gameContentTypeSupported false, density 440, 392.783 x 392.828 dpi, appVsyncOff 2400001, presDeadline 28600000, cutout DisplayCutout{insets=Rect(0, 99 - 0, 0) waterfall=Insets{left=0, top=0, right=0, bottom=0} boundingRect={Bounds=[Rect(0, 0 - 0, 0), Rect(474, 0 - 606, 99), Rect(0, 0 - 0, 0), Rect(0, 0 - 0, 0)]} cutoutPathParserInfo={CutoutPathParserInfo{displayWidth=1080 displayHeight=2436 physicalDisplayWidth=1080 physicalDisplayHeight=2436 density={2.75} cutoutSpec={M -24,0 L -24,36 L 24,36 L 24,0 Z @dp} rotation={0} scale={1.0} physicalPixelDisplaySizeRatio={1.0}}} sideOverrides={}}, touch INTERNAL, rotation 0, type INTERNAL, address {port=0}, deviceProductInfo null, state ON, committedState ON, frameRateOverride , brightnessMinimum 0.0, brightnessMaximum 1.0, brightnessDefault 0.2, hdrSdrRatio NaN, FLAG_ALLOWED_TO_BE_DEFAULT_DISPLAY, FLAG_ROTATES_WITH_CONTENT, FLAG_SECURE, FLAG_SUPPORTS_PROTECTED_BUFFERS, FLAG_TRUSTED, installOrientation 0, displayShape DisplayShape{ spec=596679847 displayWidth=1080 displayHeight=2436 physicalPixelDisplaySizeRatio=1.0 rotation=0 offsetX=0 offsetY=0 scale=1.0}}
2025-12-09 16:00:16.725  1022-4133  BufferQueueDebug        pid-1022                             I  [Surface(name=8331ee7 StatusBar)/@0xe943c23 - animation-leash of insets_animation#1369](this:0xb400007b7aab4078,id:-1,api:0,p:-1,c:-1) BufferQueue core=(1022:/system/bin/surfaceflinger)
2025-12-09 16:00:16.726  1565-5259  WindowManager           pid-1565                             D  updateSystemBarAttributes appearance:0, win appearance:0, opaqueAppearance:0, win:Window{5adbf7a u0 com.transsion.XOSLauncher/com.android.launcher3.uioverrides.QuickstepLauncher}, appearanceRegions=[AppearanceRegion{ bounds=[0,0][1080,2436]}]
2025-12-09 16:00:16.726  1565-1659  Griffin/DeviceState     pid-1565                             I  virtualDisplayPackageName :{}
2025-12-09 16:00:16.726  1565-5259  TranDisplayJamMonitor   pid-1565                             D  starting window overlay on focus window. WindowInfo:Window{a78b41c u0 Splash Screen com.cdccreditsmart.app}
2025-12-09 16:00:16.726  1565-5259  TranDisplayJamMonitor   pid-1565                             D  checkExceptionWindowResult = 1040
2025-12-09 16:00:16.726  1565-5259  TranDisplayJamMonitor   pid-1565                             D  check display window jam detection:Window{5adbf7a u0 com.transsion.XOSLauncher/com.android.launcher3.uioverrides.QuickstepLauncher}
2025-12-09 16:00:16.726  1565-5259  TranDisplayJamMonitor   pid-1565                             D  remove screen rotation animation detection
2025-12-09 16:00:16.727  1565-5259  WindowManager           pid-1565                             I  Relayout Window{5adbf7a u0 com.transsion.XOSLauncher/com.android.launcher3.uioverrides.QuickstepLauncher}: oldVis=8 newVis=0 focusMayChange = true requestedWidth = 1080 requestedHeight = 2436 outFrames = ClientWindowFrames{frame=[0,0][1080,2436] display=[0,0][1080,2436] parentFrame=[0,0][0,0]} outSurfaceControl = Surface(name=com.transsion.XOSLauncher/com.android.launcher3.uioverrides.QuickstepLauncher)/@0x39ab1d1
2025-12-09 16:00:16.727 22223-22223 StatusBarM...Repository pid-22223                            I  isInFullscreenMode:false com.transsion.XOSLauncher
2025-12-09 16:00:16.728  1565-1660  SurfaceComposerClient   pid-1565                             D  Transaction::apply InputWindowCommands.focusRequests timestamp=831149424510, windowName=5adbf7a com.transsion.XOSLauncher/com.android.launcher3.uioverrides.QuickstepLauncher
2025-12-09 16:00:16.729 21777-21868 NotificationUtil        pid-21777                            D  data = CriticalCrashModel{, appPackageName='com.cdccreditsmart.app', appVersionName='1.0.0', crashSummary='r=UNKNOWN sr=UNKNOWN im=FOREGROUND d=force-crash', timeStamp='1765306816702', firstTimeStamp='1765306633834', appInstaller='com.google.android.apps.work.clouddpc', appInstallTime='1765306418475', adjInfo='null', exceptionType='exit', extraInformation='null', reservedOne='null', reservedTwo='null', crashFrequency=3, crashAverageTime=0, causeByApp=1} adj = -1
2025-12-09 16:00:16.729  3576-3576  BufferQueueConsumer     pid-3576                             D  [](id:df80000001b,api:0,p:-1,c:3576) connect: controlledByApp=false
2025-12-09 16:00:16.729  3576-3576  BLASTBufferQueue        pid-3576                             D  [VRI[QuickstepLauncher]#19](f:0,a:0) constructor()
2025-12-09 16:00:16.729  3576-3576  BLASTBufferQueue        pid-3576                             D  [VRI[QuickstepLauncher]#19](f:0,a:0) update width=1080 height=2436 format=-2 mTransformHint=0
2025-12-09 16:00:16.739  3576-3832  BLASTBufferQueue        pid-3576                             D  [VRI[QuickstepLauncher]#19](f:0,a:1) acquireNextBufferLocked size=1080x2436 mFrameNumber=1 applyTransaction=true mTimestamp=831160938741(auto) mPendingTransactions.size=0 graphicBufferId=15358803050682 transform=0
2025-12-09 16:00:16.740  1022-1088  surfaceflinger          pid-1022                             E  == MALI DEBUG ===eglp_winsys_populate_image_templates ==12288
2025-12-09 16:00:16.740  1022-1022  BufferQueueProducer     pid-1022                             I  [com.transsion.XOSLauncher/com.android.launcher3.uioverrides.QuickstepLauncher#1353](this:0xb400007b7ab78848,id:-1,api:0,p:-1,c:1022) queueBuffer: fps=21.30 dur=2722.81 max=2154.67 min=6.77
2025-12-09 16:00:16.740  1022-1022  SurfaceFlinger          pid-1022                             D  Focus addInputWindowCommands timestamp=831149424510, windowName=5adbf7a com.transsion.XOSLauncher/com.android.launcher3.uioverrides.QuickstepLauncher
2025-12-09 16:00:16.741  3576-3576  TopTaskTracker          pid-3576                             I  onTaskMovedToFront: (moved taskInfo to front) taskId=7, baseIntent=Intent { act=android.intent.action.MAIN cat=[android.intent.category.HOME] flg=0x10208000 cmp=com.transsion.XOSLauncher/com.android.launcher3.uioverrides.QuickstepLauncher }
2025-12-09 16:00:16.741  1022-4133  SurfaceFlinger          pid-1022                             I  onHandleDestroyed: name=Surface(name=54dbd6b NavigationBar0)/@0x19cf1dd - animation-leash of insets_animation#1364, layerId=1364, parentId=0
2025-12-09 16:00:16.741  1565-5125  WindowManager           pid-1565                             D  System monitor finishDrawingWindow w: Window{5adbf7a u0 com.transsion.XOSLauncher/com.android.launcher3.uioverrides.QuickstepLauncher}; mDrawState = DRAW_PENDING
2025-12-09 16:00:16.742  1022-4133  SurfaceFlinger          pid-1022                             I  onHandleDestroyed: name=Surface(name=8331ee7 StatusBar)/@0xe943c23 - animation-leash of insets_animation#1365, layerId=1365, parentId=0
2025-12-09 16:00:16.742 21777-21818 TABE                    pid-21777                            I  NOT trigger : User version NOT TOP or Internal App:com.cdccreditsmart.app
2025-12-09 16:00:16.742  3576-21450 FrameEvents             pid-3576                             E  addRelease: Did not find frame.
2025-12-09 16:00:16.742  1022-2019  SurfaceFlinger          pid-1022                             D  updateWinowInfo=1, setFocusedWindow timestamp=831149424510, windowName=5adbf7a com.transsion.XOSLauncher/com.android.launcher3.uioverrides.QuickstepLauncher
2025-12-09 16:00:16.745 21777-21818 TABE.CrashHandler       pid-21777                            I  Exception Info{Name='Credit Smart', Pkg='com.cdccreditsmart.app', EType='crash', ProcessType='data_app', EClassName='java.time.format.DateTimeParseException', EMessage='Text '2025-12-22T23:10:29.071Z' could not be parsed, unparsed text found at index 10', IsFG=1, TimeStamp='2025-12-09 16:00:16', Version='1.0.0', Installer='com.google.android.apps.work.clouddpc', LastUpdate=2025-12-09 15:53, Abi='arm64-v8a'} ,isApp=true ,crashsplit=false
2025-12-09 16:00:16.747  5656-20388 SmartPanelService       pid-5656                             I  onWindowsDrawn pkgName: com.transsion.XOSLauncher, className: com.android.launcher3.uioverrides.QuickstepLauncher launchState=0 windowsDrawnDelayMs =-1
2025-12-09 16:00:16.747  5656-5656  SmartPanelRepository    pid-5656                             I  hasLoadData true  data size = 10
2025-12-09 16:00:16.748  5656-5656  SceneController         pid-5656                             D  checkCanShow canShow: true  changed false 
2025-12-09 16:00:16.749  1565-5125  ActivityManager         pid-1565                             V  Death received in com.android.server.am.ActivityManagerService$AppDeathRecipient@895b5fc for thread android.os.BinderProxy@2197485
2025-12-09 16:00:16.749  1022-4133  SurfaceFlinger          pid-1022                             D  [SF client] REMOVE (0xb400007aaa930d60) for (26393:com.cdccreditsmart.app)
2025-12-09 16:00:16.749  1565-3895  WindowManager           pid-1565                             I  WIN DEATH: Window{61f9079 u0 com.cdccreditsmart.app/com.cdccreditsmart.app.blocking.BlockedAppExplanationActivity}
2025-12-09 16:00:16.749  1565-5125  ActivityManager         pid-1565                             I  Process com.cdccreditsmart.app (pid 26393) has died: fg  TOP 
2025-12-09 16:00:16.749  1565-5125  ActivityManager         pid-1565                             I  need getLruProcesses
2025-12-09 16:00:16.749   905-905   Zygote                  pid-905                              I  Process 26393 exited due to signal 9 (Killed)
2025-12-09 16:00:16.749  1565-3895  InputManager-JNI        pid-1565                             W  Input channel object '61f9079 com.cdccreditsmart.app/com.cdccreditsmart.app.blocking.BlockedAppExplanationActivity (client)' was disposed without first being removed with the input manager!
2025-12-09 16:00:16.750  1565-5125  Usf/appStateManager     pid-1565                             I  updateAppCrash, uid=10287, pkg=com.cdccreditsmart.app, crash=false, reason=procDied
2025-12-09 16:00:16.750  1565-5125  os.Activit...erviceLice pid-1565                             D  make process inactive com.cdccreditsmart.app(26393)
2025-12-09 16:00:16.751  1565-3895  WindowManager           pid-1565                             D  setParent old=ActivityRecord{e904e65 u0 com.cdccreditsmart.app/.blocking.BlockedAppExplanationActivity t34 f}},new=null,this window=Window{61f9079 u0 com.cdccreditsmart.app/com.cdccreditsmart.app.blocking.BlockedAppExplanationActivity},callers=com.android.server.wm.WindowContainer.removeChild:862 com.android.server.wm.ActivityRecord.removeChild:5351 com.android.server.wm.ActivityRecord.removeChild:482 com.android.server.wm.WindowContainer.removeImmediately:932 com.android.server.wm.WindowState.removeImmediately:2565 com.android.server.wm.WindowState.removeIfPossible:2754 
2025-12-09 16:00:16.751  1565-3895  WindowManager           pid-1565                             D  removeImmediately mActivityRecord: ActivityRecord{e904e65 u0 com.cdccreditsmart.app/.blocking.BlockedAppExplanationActivity t34 f}} type: 1
2025-12-09 16:00:16.752  1565-3895  WindowManager           pid-1565                             D  postWindowRemoveCleanupLocked: token:ActivityRecord{e904e65 u0 com.cdccreditsmart.app/.blocking.BlockedAppExplanationActivity t34 f}} win:Window{61f9079 u0 com.cdccreditsmart.app/com.cdccreditsmart.app.blocking.BlockedAppExplanationActivity} token.isEmpty:false token.mPersistOnEmpty:true
2025-12-09 16:00:16.752  1565-1825  libprocessgroup         pid-1565                             I  Removed cgroup /sys/fs/cgroup/uid_10287/pid_26393
2025-12-09 16:00:16.754  1565-5268  WindowManager           pid-1565                             D  System monitor finishDrawingWindow w: Window{5adbf7a u0 com.transsion.XOSLauncher/com.android.launcher3.uioverrides.QuickstepLauncher}; mDrawState = READY_TO_SHOW
2025-12-09 16:00:16.755  1565-5125  MagellanHandle          pid-1565                             D  updateRefreshRateForSceneVsyncs what = 15
2025-12-09 16:00:16.756  1022-1022  BufferQueueDebug        pid-1022                             I  [Surface(name=54dbd6b NavigationBar0)/@0x19cf1dd - animation-leash of insets_animation#1364](this:0xb400007b7ab537f8,id:-1,api:0,p:-1,c:1022) onDestructor()
2025-12-09 16:00:16.756  1022-1022  BufferQueueDebug        pid-1022                             I  [Surface(name=8331ee7 StatusBar)/@0xe943c23 - animation-leash of insets_animation#1365](this:0xb400007b7ab92258,id:-1,api:0,p:-1,c:1022) onDestructor()
2025-12-09 16:00:16.757  1565-5125  ActivityManager         pid-1565                             W  Scheduling restart of crashed service com.cdccreditsmart.app/androidx.work.impl.background.systemjob.SystemJobService in 1000ms for connection
2025-12-09 16:00:16.758  1565-5125  ActivityManager         pid-1565                             W  Scheduling restart of crashed service com.cdccreditsmart.app/.service.CdcForegroundService in 10999ms for start-requested
2025-12-09 16:00:16.759  1565-5125  OomAdjuster             pid-1565                             D  Not killing cached processes
2025-12-09 16:00:16.761  1565-1657  ApplicationHelper       pid-1565                             E  Fail to get PackageManager
2025-12-09 16:00:16.763  1565-1657  DisplayManagerService   pid-1565                             D  Drop pending events for gone uid 10287
2025-12-09 16:00:16.764  1565-5125  ScnModule               pid-1565                             I  [GameDetection] packname: com.cdccreditsmart.app, apkSize: 88027506. 
2025-12-09 16:00:16.764  1565-5125  mtkpower_client         pid-1565                             I  [PowerHal_Wrap_notifyAppState] com.cdccreditsmart.app/com.cdccreditsmart.app pid=26393 activityId:26393 state:3
2025-12-09 16:00:16.764  1565-5125  mtkpower_client         pid-1565                             I  [Legacy][PowerHal_Wrap_notifyAppState] com.cdccreditsmart.app/com.cdccreditsmart.app pid=26393 state:26393
2025-12-09 16:00:16.764   956-1025  libPowerHal             pid-956                              I  [perfNotifyAppState] pack:com.cdccreditsmart.app, act:com.cdccreditsmart.app, state:3, pid:26393, uid:10287, fps:-1
2025-12-09 16:00:16.764   956-1025  libPowerHal             pid-956                              I  [perfNotifyAppState] pack:com.cdccreditsmart.app, pid:26393, STATE_DEAD
2025-12-09 16:00:16.764   956-1025  RilUtility              pid-956                              D  notify_rild_crash_pid_set certPid:-1, crash:26393, scn:0x0
2025-12-09 16:00:16.765  1565-5125  MagellanHandle          pid-1565                             D  updateRefreshRateForSceneVsyncs what = 23
2025-12-09 16:00:16.765  1565-5125  ActivityTaskManager     pid-1565                             V  mRemoveAfterTransaction = AFTER_TRANSACTION_REMOVE_DIRECTLYActivityRecord{e904e65 u0 com.cdccreditsmart.app/.blocking.BlockedAppExplanationActivity t34 f}} startingWindow=Window{a78b41c u0 Splash Screen com.cdccreditsmart.app} Callers=com.android.server.wm.ActivityRecord.removeStartingWindow:3469 com.android.server.wm.ActivityRecord.onRemovedFromDisplay:5249 com.android.server.wm.DisplayContent.removeAppToken:1644 com.android.server.wm.ActivityRecord.removeFromHistory:4863 com.android.server.wm.ActivityRecord.handleAppDied:5153 
2025-12-09 16:00:16.765  1565-5125  os.fingerprint          pid-1565                             D  onUpdateFocusedApp oldPackageName:null oldComponent:null newPackageName:null newComponent:null mFm :android.hardware.fingerprint.FingerprintManager@3388724
2025-12-09 16:00:16.766  5656-20388 SmartPanelService       pid-5656                             I  onTaskFocusChanged taskId: 34  focused: false
2025-12-09 16:00:16.766  1565-5125  PowerHalWrapper         pid-1565                             I  <amsBoostResume> last:null, next:com.transsion.XOSLauncherhasATProcess:true 
2025-12-09 16:00:16.766   956-974   AppFlingMode            pid-956                              D  [CheckAppFlingHint] 22 com.cdccreditsmart.app -1
2025-12-09 16:00:16.766  1565-5125  os.fingerprint          pid-1565                             D  onActivityResume next:ActivityRecord{ebb9307 u0 com.transsion.XOSLauncher/com.android.launcher3.uioverrides.QuickstepLauncher t7}
2025-12-09 16:00:16.766  1565-5125  os.fingerprint          pid-1565                             D  activityComponent = ComponentInfo{com.transsion.XOSLauncher/com.android.launcher3.uioverrides.QuickstepLauncher} inMultiWindow = false
2025-12-09 16:00:16.766  1565-5125  AppLockLice             pid-1565                             D  onActivityResume: packageName = com.transsion.XOSLauncher,mComeLockPkgList =[],mPreLockPkgList =[]
2025-12-09 16:00:16.766  1565-5125  AppLockLice             pid-1565                             D  onActivityResume:isAwake = true ,isKeyguardLocked = false
2025-12-09 16:00:16.767  1565-5125  os.fingerprint          pid-1565                             D  onUpdateFocusedApp oldPackageName:null oldComponent:null newPackageName:com.transsion.XOSLauncher newComponent:ComponentInfo{com.transsion.XOSLauncher/com.android.launcher3.uioverrides.QuickstepLauncher} mFm :android.hardware.fingerprint.FingerprintManager@3388724
2025-12-09 16:00:16.767  1565-5125  TranSCSour...anagerImpl pid-1565                             I  hookDisplayResumedActivityChanged displayId: 0 packageName: com.transsion.XOSLauncher
2025-12-09 16:00:16.767  5656-20388 SmartPanelService       pid-5656                             I  onTaskFocusChanged taskId: 7  focused: true
2025-12-09 16:00:16.767  1565-1899  Usf/appStateManager     pid-1565                             I  handleUpdateTaskOverLap uid: 10169    packageName:com.transsion.XOSLauncher remove
2025-12-09 16:00:16.767  1565-5125  System.out              pid-1565                             I  [scale_ufs_gear] pakname is not antutu: com.transsion.XOSLauncher, file is not exist: false
2025-12-09 16:00:16.768  1565-5125  MagellanHandle          pid-1565                             D  updateRefreshRateForSceneVsyncs what = 23
2025-12-09 16:00:16.768  1565-5125  os.fingerprint          pid-1565                             D  onActivityResume next:ActivityRecord{ebb9307 u0 com.transsion.XOSLauncher/com.android.launcher3.uioverrides.QuickstepLauncher t7}
2025-12-09 16:00:16.768  1565-5125  os.fingerprint          pid-1565                             D  activityComponent = ComponentInfo{com.transsion.XOSLauncher/com.android.launcher3.uioverrides.QuickstepLauncher} inMultiWindow = false
2025-12-09 16:00:16.768  5656-20388 SmartPanelService       pid-5656                             I  activityCheck pkgName: com.transsion.XOSLauncher, className: com.android.launcher3.uioverrides.QuickstepLauncher isResume=true isDrawn = true
2025-12-09 16:00:16.768  5656-20388 MultiWindowUtils        pid-5656                             I  pkg in multi window
2025-12-09 16:00:16.770  1565-5125  tranpm/BehaviorManager  pid-1565                             D   onAppLaunch nextPackName = com.transsion.XOSLauncher currPackName = com.cdccreditsmart.app
2025-12-09 16:00:16.770  1565-4347  TranTp/Tra...anagerImpl pid-1565                             I  Set [com.transsion.XOSLauncher] is tp rate as default.
2025-12-09 16:00:16.770  1565-4347  TranTp/Tra...anagerImpl pid-1565                             D  sendCommand: rate=0, cmd=echo 0 > /proc/report_rate_switch.
2025-12-09 16:00:16.771  1565-4347  System.err              pid-1565                             W  java.io.FileNotFoundException: /proc/report_rate_switch: open failed: ENOENT (No such file or directory)
2025-12-09 16:00:16.771  1565-4347  System.err              pid-1565                             W  	at libcore.io.IoBridge.open(IoBridge.java:574)
2025-12-09 16:00:16.771  1565-4347  System.err              pid-1565                             W  	at java.io.FileOutputStream.<init>(FileOutputStream.java:259)
2025-12-09 16:00:16.771  1565-4347  System.err              pid-1565                             W  	at java.io.FileOutputStream.<init>(FileOutputStream.java:147)
2025-12-09 16:00:16.771  1565-4347  System.err              pid-1565                             W  	at com.transsion.server.tpswitch.TranTpSwitchManagerImpl.sendCommand(TranTpSwitchManagerImpl.java:311)
2025-12-09 16:00:16.771  1565-4347  System.err              pid-1565                             W  	at com.transsion.server.tpswitch.TranTpSwitchManagerImpl.setDefaultTpRate(TranTpSwitchManagerImpl.java:267)
2025-12-09 16:00:16.771  1565-4347  System.err              pid-1565                             W  	at com.transsion.server.tpswitch.TranTpSwitchManagerImpl.setTpRate(TranTpSwitchManagerImpl.java:293)
2025-12-09 16:00:16.771  1565-4347  System.err              pid-1565                             W  	at com.transsion.server.tpswitch.TranTpSwitchManagerImpl.-$$Nest$msetTpRate(TranTpSwitchManagerImpl.java:0)
2025-12-09 16:00:16.771  1565-4347  System.err              pid-1565                             W  	at com.transsion.server.tpswitch.TranTpSwitchManagerImpl$1.onAppLaunch(TranTpSwitchManagerImpl.java:93)
2025-12-09 16:00:16.771  1565-4347  System.err              pid-1565                             W  	at com.transsion.griffin.core.HookerImpl$b.run(SourceFile:1)
2025-12-09 16:00:16.771  1565-4347  System.err              pid-1565                             W  	at android.os.Handler.handleCallback(Handler.java:959)
2025-12-09 16:00:16.771  1565-4347  System.err              pid-1565                             W  	at android.os.Handler.dispatchMessage(Handler.java:100)
2025-12-09 16:00:16.771  1565-4347  System.err              pid-1565                             W  	at android.os.Looper.loopOnce(Looper.java:311)
2025-12-09 16:00:16.771  1565-4347  System.err              pid-1565                             W  	at android.os.Looper.loop(Looper.java:408)
2025-12-09 16:00:16.771  1565-4347  System.err              pid-1565                             W  	at android.os.HandlerThread.run(HandlerThread.java:85)
2025-12-09 16:00:16.771  1565-4347  System.err              pid-1565                             W  Caused by: android.system.ErrnoException: open failed: ENOENT (No such file or directory)
2025-12-09 16:00:16.771  1565-4347  System.err              pid-1565                             W  	at libcore.io.Linux.open(Native Method)
2025-12-09 16:00:16.771  1565-4347  System.err              pid-1565                             W  	at libcore.io.ForwardingOs.open(ForwardingOs.java:563)
2025-12-09 16:00:16.771  1565-4347  System.err              pid-1565                             W  	at libcore.io.BlockGuardOs.open(BlockGuardOs.java:274)
2025-12-09 16:00:16.771  1565-4347  System.err              pid-1565                             W  	at libcore.io.IoBridge.open(IoBridge.java:560)
2025-12-09 16:00:16.771  1565-4347  System.err              pid-1565                             W  	... 13 more
2025-12-09 16:00:16.771  1565-5125  TranSCSour...anagerImpl pid-1565                             I  hookDisplayResumedActivityChanged displayId: 0 packageName: com.transsion.XOSLauncher
2025-12-09 16:00:16.771  1565-5125  TranPhoneW...erInternal pid-1565                             D  onActivityResume false
2025-12-09 16:00:16.772  1565-5125  PayJoyActivityRecord    pid-1565                             E  activity resuming com.transsion.XOSLauncher
2025-12-09 16:00:16.772  1565-5125  PayJoyAccessService     pid-1565                             E  activity resuming com.transsion.XOSLauncher
2025-12-09 16:00:16.772  1565-1664  TranSuccCrashMgr        pid-1565                             I  Post key event: type=0, event=wm_resume_activity0,0,com.transsion.XOSLauncher/com.android.launcher3.uioverrides.QuickstepLauncher, ext=null
2025-12-09 16:00:16.772  1565-1565  PayJoyAccessService     pid-1565                             D  new package going to top com.transsion.XOSLauncher
2025-12-09 16:00:16.772  1565-3058  PowerManagerService     pid-1565                             D  onAppLaunch: currentPackage=com.cdccreditsmart.app, nextPackage=com.transsion.XOSLauncher.
2025-12-09 16:00:16.773  3576-3576  TrLauncher              pid-3576                             D  onResume: -----
2025-12-09 16:00:16.773  1565-3143  aegean_Tra...TasksProxy pid-1565                             D  FW_getTasks=3
2025-12-09 16:00:16.773  3576-3688  ClockWakeHelper         pid-3576                             D  tryWakeClock, LastClockWakeTime: 1765306472980
2025-12-09 16:00:16.773  1565-3143  aegean_Tra...TasksProxy pid-1565                             D  FW_getTasks=3
2025-12-09 16:00:16.774  3576-3576  ActivityThread          pid-3576                             D  handleResumeActivity#3 r.window=com.android.internal.policy.PhoneWindow@c950e44a.mFinished = falsewillBeVisible = true
2025-12-09 16:00:16.774  3576-3576  StatsLog                pid-3576                             I  LAUNCHER_ONRESUME
2025-12-09 16:00:16.774  1565-5125  DreamAnimation          pid-1565                             I   hookAppTransitSuccess called,  mState=7 and doUnlockAnimation=0
2025-12-09 16:00:16.775  1565-5125  BLASTSyncEngine         pid-1565                             D  transition TransitionRecord{4ea6e61 id=110 type=CLOSE flags=0x10} isAuthenticateSucceed false
2025-12-09 16:00:16.775 22223-22263 PictureInPicture        pid-22223                            D  setLauncherKeepClearAreaHeight: visible=true, height=240
2025-12-09 16:00:16.776  1565-5125  Transition              pid-1565                             I  ignoreThunderbackTransition back= false change= false
2025-12-09 16:00:16.776  1565-3143  tranpm/Preloader        pid-1565                             I  pkg already running = com.cdccreditsmart.app
2025-12-09 16:00:16.776  1565-3143  tranpm/Preloader        pid-1565                             I  preload consume=2
2025-12-09 16:00:16.776  1565-3143  tranpm/Preloader        pid-1565                             I  preload start activity result: successList=[],failList=[]
2025-12-09 16:00:16.776  1022-4133  BufferQueueDebug        pid-1022                             I  [Transition Root: Task=1#1370](this:0xb400007b7ab0c4e8,id:-1,api:0,p:-1,c:-1) BufferQueue core=(1022:/system/bin/surfaceflinger)
2025-12-09 16:00:16.776  1565-3156  TranAppm/SystemMonitor  pid-1565                             D  mTidEnabled not enabled, not to get game track data.
2025-12-09 16:00:16.776  1565-3156  TranAppm/T...gineModule pid-1565                             D   AppSwitchListener from com.cdccreditsmart.app to com.transsion.XOSLauncher
2025-12-09 16:00:16.777  1565-5125  TranDynami...rollerImpl pid-1565                             D  updateFlagsFromDynamicIslandToWindow pkgName:com.transsion.XOSLauncher mStartFromDynamicIsland:false mDynamicIslandPkgName:com.android.settings
2025-12-09 16:00:16.777  1565-5125  Transition              pid-1565                             I  updateFlagsFromDynamicIslandToWindow pkgName = com.transsion.XOSLauncher flagsArr[0] = 0
2025-12-09 16:00:16.777  1565-5125  TranDynami...rollerImpl pid-1565                             D  updateFlagsSimplifyAnimByLauncher pkgName:com.transsion.XOSLauncher mSimplifyAnimType:0 mSimplifyAnimOpenPkgName:com.cdccreditsmart.app
2025-12-09 16:00:16.777  1565-5125  Transition              pid-1565                             I  updateFlagsSimplifyAnimByLauncher pkgName = com.transsion.XOSLauncher flagsArr[0] = 0 mSimplifyAnimLaunchBounds: Rect(339, 1389 - 501, 1551)
2025-12-09 16:00:16.778  1565-5125  TranDynami...rollerImpl pid-1565                             D  updateFlagsFromDynamicIslandToWindow pkgName:null mStartFromDynamicIsland:false mDynamicIslandPkgName:com.android.settings
2025-12-09 16:00:16.778  1565-5125  Transition              pid-1565                             I  updateFlagsFromDynamicIslandToWindow pkgName = null flagsArr[0] = 0
2025-12-09 16:00:16.778  1565-5125  TranDynami...rollerImpl pid-1565                             D  updateFlagsSimplifyAnimByLauncher pkgName:null mSimplifyAnimType:0 mSimplifyAnimOpenPkgName:com.cdccreditsmart.app
2025-12-09 16:00:16.778  1565-5125  Transition              pid-1565                             I  updateFlagsSimplifyAnimByLauncher pkgName = null flagsArr[0] = 0 mSimplifyAnimLaunchBounds: Rect(339, 1389 - 501, 1551)
2025-12-09 16:00:16.778  1565-2951  TranWifiSm...Controller pid-1565                             I  start current network monitor 
2025-12-09 16:00:16.778  1565-5125  TranDynami...rollerImpl pid-1565                             D  updateFlagsFromDynamicIslandToWindow pkgName:null mStartFromDynamicIsland:false mDynamicIslandPkgName:com.android.settings
2025-12-09 16:00:16.778  1565-5125  Transition              pid-1565                             I  updateFlagsFromDynamicIslandToWindow pkgName = null flagsArr[0] = 0
2025-12-09 16:00:16.778  1565-5125  TranDynami...rollerImpl pid-1565                             D  updateFlagsSimplifyAnimByLauncher pkgName:null mSimplifyAnimType:0 mSimplifyAnimOpenPkgName:com.cdccreditsmart.app
2025-12-09 16:00:16.778  1565-2951  TranWifiSm...Controller pid-1565                             I  userIgnored :false isScoredCurrentNetwork :true
2025-12-09 16:00:16.779  1565-2951  TranWifiSm...Controller pid-1565                             I  mCurrentNetwork :100 SSID :"Orion B_5G"
2025-12-09 16:00:16.779  1565-5125  Transition              pid-1565                             I  updateFlagsSimplifyAnimByLauncher pkgName = null flagsArr[0] = 0 mSimplifyAnimLaunchBounds: Rect(339, 1389 - 501, 1551)
2025-12-09 16:00:16.780  1565-5125  MagellanHandle          pid-1565                             D  updateRefreshRateForSceneVsyncs what = 21
2025-12-09 16:00:16.781  1565-2951  WifiNetworkQuality      pid-1565                             I  current rssi is sufficient
2025-12-09 16:00:16.781  1565-2951  TranWifiSm...Controller pid-1565                             I  mNoCandidateCount : 14
2025-12-09 16:00:16.781 22223-22436 WindowManagerShell      pid-22223                            V  onTransitionReady(transaction=6721623824525)
2025-12-09 16:00:16.782  1565-2951  TranWifiSm...Controller pid-1565                             I  ====>>rssi :-64
