2026-01-27 20:03:09.487 22335-23011 OpenGLRenderer          com.cdccreditsmart.app               I  Davey! duration=954ms; Flags=0, FrameTimelineVsyncId=1731708, IntendedVsync=9872494947226, Vsync=9872561556770, InputEventId=303477327, HandleInputStart=9872576681246, AnimationStart=9872576685823, PerformTraversalsStart=9872588370438, DrawStart=9872588766515, FrameDeadline=9872511613893, FrameInterval=9872576646361, FrameStartTime=16652386, SyncQueued=9872683295015, SyncStart=9872683899592, IssueDrawCommandsStart=9872684264438, SwapBuffers=9873437832630, FrameCompleted=9873449919937, DequeueBufferDuration=35230, QueueBufferDuration=563808, GpuCompleted=9873449919937, SwapBuffersCompleted=9873449573514, DisplayPresentTime=288234774265332736, CommandSubmissionCompleted=9873437832630, 
2026-01-27 20:03:09.511 23440-24620 CdcMessagingService     com.cdccreditsmart.app               D  ========== NEW FCM TOKEN RECEIVED ==========
2026-01-27 20:03:09.511 23440-24620 CdcMessagingService     com.cdccreditsmart.app               D  Token: fUjK784DRYis7UBNBUGk...
2026-01-27 20:03:09.611 22335-22481 mali_gralloc            com.cdccreditsmart.app               D  unregister: id=33500001351, handle=0xb4000078dc5b8290, base=0x0, importpid=22335, count:0
2026-01-27 20:03:09.611 22335-22481 OpenGLRenderer          com.cdccreditsmart.app               D  endAllActiveAnimators on 0xb4000079ec624b90 (UnprojectedRipple) with handle 0xb40000795c5d7e80
2026-01-27 20:03:09.615 23440-24619 ProfileInstaller        com.cdccreditsmart.app               D  Installing profile for com.cdccreditsmart.app
2026-01-27 20:03:09.622 22335-23011 mali_gralloc            com.cdccreditsmart.app               D  unregister: id=33500001350, handle=0xb4000078dc5ba570, base=0x0, importpid=22335, count:0
2026-01-27 20:03:09.724 22335-22335 mali_gralloc            com.cdccreditsmart.app               D  unregister: id=3350000134e, handle=0xb4000078dc5d0c50, base=0x0, importpid=22335, count:0
2026-01-27 20:03:09.725 22335-22335 mali_gralloc            com.cdccreditsmart.app               D  unregister: id=3350000134f, handle=0xb4000078dc5bb1d0, base=0x0, importpid=22335, count:0
2026-01-27 20:03:10.338 23440-23440 CDCDeviceAdminService   com.cdccreditsmart.app               I  Device Admin Service destroyed
2026-01-27 20:03:10.371 23440-23440 CDCDeviceAdminService   com.cdccreditsmart.app               I  âœ… Device Admin Service created - System is communicating with CDC DPC
2026-01-27 20:03:10.812 23440-24620 FcmTokenManager         com.cdccreditsmart.app               D  FCM token saved locally: fUjK784DRYis7UBNBUGk...
2026-01-27 20:03:10.829 23440-24049 FcmTokenManager         com.cdccreditsmart.app               D  ========== REGISTERING FCM TOKEN WITH BACKEND ==========
2026-01-27 20:03:10.847 23440-24049 FcmTokenManager         com.cdccreditsmart.app               D  Current FCM token retrieved: fUjK784DRYis7UBNBUGk...
2026-01-27 20:03:10.929 23440-24049 FcmTokenManager         com.cdccreditsmart.app               E  Cannot register: Auth token not available
2026-01-27 20:03:10.929 23440-24049 CdcMessagingService     com.cdccreditsmart.app               E  âŒ Failed to register FCM token with backend: User not authenticated
2026-01-27 20:03:11.371 22335-22464 FA                      com.cdccreditsmart.app               I  Application backgrounded at: timestamp_millis: 1769554989341
2026-01-27 20:03:13.126 22335-22481 OpenGLRenderer          com.cdccreditsmart.app               E  Unable to match the desired swap behavior.
2026-01-27 20:03:13.129 22335-24860 mali_gralloc            com.cdccreditsmart.app               D  register: id=33500001360, handle=0xb4000078dc5b71b0, importpid=-1, gRegisteredHandles=0
2026-01-27 20:03:13.131 22335-24860 mali_gralloc            com.cdccreditsmart.app               D  register: id=33500001361, handle=0xb4000078dc5d0470, importpid=-1, gRegisteredHandles=1
2026-01-27 20:03:13.137 22335-24860 mali_gralloc            com.cdccreditsmart.app               D  register: id=33500001362, handle=0xb4000078dc5cfb70, importpid=-1, gRegisteredHandles=2
2026-01-27 20:03:13.140 22335-24860 mali_gralloc            com.cdccreditsmart.app               D  register: id=33500001363, handle=0xb4000078dc5d3050, importpid=-1, gRegisteredHandles=3
2026-01-27 20:03:14.075 22335-22479 SettingsGuardService    com.cdccreditsmart.app               I  â–¶ï¸ App CDC em foreground - fluxo de permissÃ£o concluÃ­do
2026-01-27 20:03:14.075 22335-22479 SettingsGuardService    com.cdccreditsmart.app               I  â–¶ï¸ Guard RETOMADO apÃ³s fluxo de permissÃµes
2026-01-27 20:03:14.330 22335-22335 Compatibil...geReporter com.cdccreditsmart.app               D  Compat change id reported: 171228096; UID 10269; state: ENABLED
2026-01-27 20:03:15.308 22335-22335 SettingsGuardService    com.cdccreditsmart.app               I  â¸ï¸ Guard PAUSADO para fluxo de permissÃµes (timeout: 30s)
2026-01-27 20:03:16.191 22335-22481 mali_gralloc            com.cdccreditsmart.app               D  unregister: id=33500001361, handle=0xb4000078dc5d0470, base=0x0, importpid=22335, count:0
2026-01-27 20:03:16.191 22335-22481 mali_gralloc            com.cdccreditsmart.app               D  unregister: id=33500001362, handle=0xb4000078dc5cfb70, base=0x0, importpid=22335, count:0
2026-01-27 20:03:16.218 23440-23440 FactoryResetRecovery    com.cdccreditsmart.app               I  ========================================
2026-01-27 20:03:16.218 23440-23440 FactoryResetRecovery    com.cdccreditsmart.app               I  ğŸ”„ BOOT DETECTADO (android.intent.action.BOOT_COMPLETED) - Verificando recuperaÃ§Ã£o
2026-01-27 20:03:16.218 23440-23440 FactoryResetRecovery    com.cdccreditsmart.app               I  ========================================
2026-01-27 20:03:16.223 23440-24049 ContractCodeStorage     com.cdccreditsmart.app               D  Retrieving contract code from storage
2026-01-27 20:03:16.261 22335-22335 mali_gralloc            com.cdccreditsmart.app               D  unregister: id=33500001363, handle=0xb4000078dc5d3050, base=0x0, importpid=22335, count:0
2026-01-27 20:03:16.261 22335-22335 mali_gralloc            com.cdccreditsmart.app               D  unregister: id=33500001360, handle=0xb4000078dc5b71b0, base=0x0, importpid=22335, count:0
2026-01-27 20:03:16.401 23440-24049 ContractCodeStorage     com.cdccreditsmart.app               D  Storage verification: 0 valid, 0 tampered, 7 missing
2026-01-27 20:03:16.401 23440-24049 ContractCodeStorage     com.cdccreditsmart.app               W  No valid contract code found in any location
2026-01-27 20:03:16.409 23440-24049 ApkPreloadManager       com.cdccreditsmart.app               I  ğŸ“± Fabricante detectado: realme
2026-01-27 20:03:16.423 23440-24049 FactoryResetRecovery    com.cdccreditsmart.app               I  â„¹ï¸ Sem manifesto de enrollment - app iniciarÃ¡ normalmente
2026-01-27 20:03:17.137 23440-23440 BootReceiver            com.cdccreditsmart.app               I  Boot completed - iniciando servicos...
2026-01-27 20:03:17.139 23440-23440 PlayProtectManager      com.cdccreditsmart.app               D  App nao e Device Owner - pulando desabilitacao do Play Protect
2026-01-27 20:03:17.145 23440-23440 CdcForegroundService    com.cdccreditsmart.app               I  âœ… ServiÃ§o iniciado via startService()
2026-01-27 20:03:17.156 23440-23440 OfflineEnf...mentWorker com.cdccreditsmart.app               I  âœ… OfflineEnforcementWorker agendado
2026-01-27 20:03:17.156 23440-23440 BootReceiver            com.cdccreditsmart.app               I  OfflineEnforcementWorker agendado apos boot
2026-01-27 20:03:17.158 23440-23440 PeriodicOverlayWorker   com.cdccreditsmart.app               I  ğŸ“… Agendando overlay automÃ¡tico
2026-01-27 20:03:17.158 23440-23440 PeriodicOverlayWorker   com.cdccreditsmart.app               I     WorkManager interval: 15 minutos (mÃ­nimo obrigatÃ³rio)
2026-01-27 20:03:17.158 23440-23440 PeriodicOverlayWorker   com.cdccreditsmart.app               I     Cooldowns progressivos controlados internamente pelo worker
2026-01-27 20:03:17.159 23440-23440 PeriodicOverlayWorker   com.cdccreditsmart.app               I  âœ… Overlay automÃ¡tico agendado com sucesso
2026-01-27 20:03:17.159 23440-23440 BootReceiver            com.cdccreditsmart.app               I  PeriodicOverlayWorker agendado apos boot
2026-01-27 20:03:17.159 23440-23440 BootReceiver            com.cdccreditsmart.app               I  Servicos iniciados apos boot
2026-01-27 20:03:17.160 23440-23440 CdcForegroundService    com.cdccreditsmart.app               D  ğŸš€ ServiÃ§o onStartCommand() - Action: com.cdccreditsmart.app.START_SERVICE
2026-01-27 20:03:17.180 23440-23440 CdcForegroundService    com.cdccreditsmart.app               I  âœ… Foreground Service ativo (Android 12+)
2026-01-27 20:03:17.181 23440-24049 CdcForegroundService    com.cdccreditsmart.app               I  ğŸ”§ ========================================
2026-01-27 20:03:17.181 23440-24049 CdcForegroundService    com.cdccreditsmart.app               I  ğŸ”§ INICIANDO initializeServices()...
2026-01-27 20:03:17.181 23440-24049 CdcForegroundService    com.cdccreditsmart.app               I  ğŸ”§ ========================================
2026-01-27 20:03:17.181 23440-24049 CdcForegroundService    com.cdccreditsmart.app               I  ğŸ“± Rodando em usuÃ¡rio secundÃ¡rio gerenciado (User ID: 19)
2026-01-27 20:03:17.181 23440-24049 CdcForegroundService    com.cdccreditsmart.app               I  ğŸ“± Dados de enrollment existem apenas no usuÃ¡rio primÃ¡rio
2026-01-27 20:03:17.181 23440-24049 CdcForegroundService    com.cdccreditsmart.app               I  ğŸ“± ServiÃ§o MDM nÃ£o serÃ¡ inicializado neste usuÃ¡rio
2026-01-27 20:03:17.181 23440-24049 CdcForegroundService    com.cdccreditsmart.app               I  ğŸ”§ ========================================
2026-01-27 20:03:17.197 23440-23440 BootInterceptor         com.cdccreditsmart.app               I  ========================================
2026-01-27 20:03:17.199 23440-23440 BootInterceptor         com.cdccreditsmart.app               I  ğŸ”„ BOOT EVENT DETECTADO
2026-01-27 20:03:17.199 23440-23440 BootInterceptor         com.cdccreditsmart.app               I  ========================================
2026-01-27 20:03:17.199 23440-23440 BootInterceptor         com.cdccreditsmart.app               I  âœ… BOOT COMPLETO DETECTADO
2026-01-27 20:03:17.204 23440-23440 BootInterceptor         com.cdccreditsmart.app               I     Sistema Android iniciado com sucesso
2026-01-27 20:03:17.208 23440-23440 BootInterceptor         com.cdccreditsmart.app               I     Device Fingerprint: CDC_-9781457****
2026-01-27 20:03:17.232 23440-23440 TamperDetection         com.cdccreditsmart.app               I  
2026-01-27 20:03:17.232 23440-23440 TamperDetection         com.cdccreditsmart.app               I  â•”â•â•â•â•â•â•â•â•â•â•â•â•â•â•â•â•â•â•â•â•â•â•â•â•â•â•â•â•â•â•â•â•â•â•â•â•â•â•â•â•â•â•â•â•â•â•â•â•â•â•â•â•â•â•â•â•â•—
2026-01-27 20:03:17.232 23440-23440 TamperDetection         com.cdccreditsmart.app               I  â•‘    ğŸ“¡ BOOT REPORT ADIADO - AGUARDANDO PAREAMENTO      â•‘
2026-01-27 20:03:17.232 23440-23440 TamperDetection         com.cdccreditsmart.app               I  â• â•â•â•â•â•â•â•â•â•â•â•â•â•â•â•â•â•â•â•â•â•â•â•â•â•â•â•â•â•â•â•â•â•â•â•â•â•â•â•â•â•â•â•â•â•â•â•â•â•â•â•â•â•â•â•â•â•£
2026-01-27 20:03:17.232 23440-23440 TamperDetection         com.cdccreditsmart.app               I  â•‘  â³ Device ainda nÃ£o pareado com contrato              â•‘
2026-01-27 20:03:17.232 23440-23440 TamperDetection         com.cdccreditsmart.app               I  â•‘  â³ Boot serÃ¡ reportado apÃ³s autenticaÃ§Ã£o              â•‘
2026-01-27 20:03:17.232 23440-23440 TamperDetection         com.cdccreditsmart.app               I  â•‘  â„¹ï¸  Isso Ã© comportamento NORMAL antes do pareamento   â•‘
2026-01-27 20:03:17.232 23440-23440 TamperDetection         com.cdccreditsmart.app               I  â•šâ•â•â•â•â•â•â•â•â•â•â•â•â•â•â•â•â•â•â•â•â•â•â•â•â•â•â•â•â•â•â•â•â•â•â•â•â•â•â•â•â•â•â•â•â•â•â•â•â•â•â•â•â•â•â•â•â•
2026-01-27 20:03:17.232 23440-23440 TamperDetection         com.cdccreditsmart.app               I  
2026-01-27 20:03:17.232 23440-23440 BootInterceptor         com.cdccreditsmart.app               I  ========================================
2026-01-27 20:03:18.258 22335-22464 FA                      com.cdccreditsmart.app               I  Application backgrounded at: timestamp_millis: 1769554996220
2026-01-27 20:03:18.577 22335-22479 PermissionGateManager   com.cdccreditsmart.app               W  âš ï¸ Device Owner: 2 permissÃ£o(Ãµes) pendente(s)
2026-01-27 20:03:18.577 22335-22479 PermissionGateManager   com.cdccreditsmart.app               W     â†’ Falta: Exibir sobre outros apps
2026-01-27 20:03:18.577 22335-22479 PermissionGateManager   com.cdccreditsmart.app               W     â†’ Falta: ExecuÃ§Ã£o em Segundo Plano
2026-01-27 20:03:20.553 22335-22481 OpenGLRenderer          com.cdccreditsmart.app               E  Unable to match the desired swap behavior.
2026-01-27 20:03:20.610 22335-25489 mali_gralloc            com.cdccreditsmart.app               D  register: id=33500001382, handle=0xb4000078dc5d8270, importpid=-1, gRegisteredHandles=0
2026-01-27 20:03:20.618 22335-25489 mali_gralloc            com.cdccreditsmart.app               D  register: id=33500001383, handle=0xb4000078dc5d2090, importpid=-1, gRegisteredHandles=1
2026-01-27 20:03:20.619 22335-25489 mali_gralloc            com.cdccreditsmart.app               D  register: id=33500001384, handle=0xb4000078dc5d4370, importpid=-1, gRegisteredHandles=2
2026-01-27 20:03:20.625 22335-25489 mali_gralloc            com.cdccreditsmart.app               D  register: id=33500001385, handle=0xb4000078dc5a52d0, importpid=-1, gRegisteredHandles=3
2026-01-27 20:03:21.590 22335-22335 SettingsGuardService    com.cdccreditsmart.app               I  â¸ï¸ Guard PAUSADO para fluxo de permissÃµes (timeout: 30s)
2026-01-27 20:03:23.094 22335-22479 SettingsGuardService    com.cdccreditsmart.app               I  âœ… USAGE_STATS concedida
2026-01-27 20:03:23.097 22335-22479 SettingsGuardService    com.cdccreditsmart.app               I  ğŸ“¢ NotificaÃ§Ã£o de permissÃ£o USAGE_STATS cancelada
2026-01-27 20:03:23.134 22335-22479 SettingsGuardService    com.cdccreditsmart.app               I  â–¶ï¸ App CDC em foreground - fluxo de permissÃ£o concluÃ­do
2026-01-27 20:03:23.134 22335-22479 SettingsGuardService    com.cdccreditsmart.app               I  â–¶ï¸ Guard RETOMADO apÃ³s fluxo de permissÃµes
2026-01-27 20:03:23.922 22335-22335 SettingsGuardService    com.cdccreditsmart.app               I  â¸ï¸ Guard PAUSADO para fluxo de permissÃµes (timeout: 30s)
2026-01-27 20:03:24.626 22335-22479 PermissionGateManager   com.cdccreditsmart.app               W  âš ï¸ Device Owner: 1 permissÃ£o(Ãµes) pendente(s)
2026-01-27 20:03:24.627 22335-22479 PermissionGateManager   com.cdccreditsmart.app               W     â†’ Falta: Exibir sobre outros apps
2026-01-27 20:03:25.260 22335-22481 mali_gralloc            com.cdccreditsmart.app               D  unregister: id=33500001383, handle=0xb4000078dc5d2090, base=0x0, importpid=22335, count:0
2026-01-27 20:03:25.262 22335-22481 mali_gralloc            com.cdccreditsmart.app               D  unregister: id=33500001384, handle=0xb4000078dc5d4370, base=0x0, importpid=22335, count:0
2026-01-27 20:03:25.265 22335-22481 mali_gralloc            com.cdccreditsmart.app               D  unregister: id=33500001385, handle=0xb4000078dc5a52d0, base=0x0, importpid=22335, count:0
2026-01-27 20:03:25.267 22335-22481 OpenGLRenderer          com.cdccreditsmart.app               D  endAllActiveAnimators on 0xb4000079ec624b90 (UnprojectedRipple) with handle 0xb40000795c5cd2f0
2026-01-27 20:03:25.280 22335-22335 mali_gralloc            com.cdccreditsmart.app               D  unregister: id=33500001382, handle=0xb4000078dc5d8270, base=0x0, importpid=22335, count:0
2026-01-27 20:03:26.835 22335-22464 FA                      com.cdccreditsmart.app               I  Application backgrounded at: timestamp_millis: 1769555004829
2026-01-27 20:03:30.799 22335-22479 PermissionGateManager   com.cdccreditsmart.app               I  âœ… Device Owner: Todas as permissÃµes especiais concedidas!
2026-01-27 20:03:30.804 22335-22335 PermissionGateScreen    com.cdccreditsmart.app               I  âœ… TODAS AS PERMISSÃ•ES CONCEDIDAS! Prosseguindo para o app...
2026-01-27 20:03:30.804 22335-22335 SettingsGuardService    com.cdccreditsmart.app               I  â–¶ï¸ Guard RETOMADO apÃ³s fluxo de permissÃµes
2026-01-27 20:03:32.087 22335-22335 Choreographer           com.cdccreditsmart.app               I  Skipped 35 frames!  The application may be doing too much work on its main thread.
2026-01-27 20:03:32.333 22335-22335 DeviceOwnerCheckVM      com.cdccreditsmart.app               I  ========================================
2026-01-27 20:03:32.333 22335-22335 DeviceOwnerCheckVM      com.cdccreditsmart.app               I  ğŸ” Verificando status de Device Owner...
2026-01-27 20:03:32.347 22335-22479 SettingsGuardService    com.cdccreditsmart.app               D  ğŸ“‹ Activity check - Full: com.cdccreditsmart.app.presentation.MainActivity, Simple: MainActivity
2026-01-27 20:03:32.679 22335-22481 OpenGLRenderer          com.cdccreditsmart.app               E  Unable to match the desired swap behavior.
2026-01-27 20:03:32.689 22335-26374 mali_gralloc            com.cdccreditsmart.app               D  register: id=33500001398, handle=0xb4000078dc5d3cb0, importpid=-1, gRegisteredHandles=0
2026-01-27 20:03:32.708 22335-26374 mali_gralloc            com.cdccreditsmart.app               D  register: id=33500001399, handle=0xb4000078dc5d3830, importpid=-1, gRegisteredHandles=1
2026-01-27 20:03:32.713 22335-26374 mali_gralloc            com.cdccreditsmart.app               D  register: id=3350000139a, handle=0xb4000078dc5d4010, importpid=-1, gRegisteredHandles=2
2026-01-27 20:03:32.872 22335-26374 mali_gralloc            com.cdccreditsmart.app               D  register: id=3350000139b, handle=0xb4000078dc5d3ef0, importpid=-1, gRegisteredHandles=3
2026-01-27 20:03:33.000 22335-22335 Choreographer           com.cdccreditsmart.app               I  Skipped 39 frames!  The application may be doing too much work on its main thread.
2026-01-27 20:03:33.057 22335-22335 DeviceUtils             com.cdccreditsmart.app               D  Device Owner check: true
2026-01-27 20:03:33.057 22335-22335 DeviceUtils             com.cdccreditsmart.app               D  Samsung device: false (Manufacturer: realme)
2026-01-27 20:03:33.057 22335-22335 DeviceOwnerCheckVM      com.cdccreditsmart.app               I  âœ… Dispositivo Ã© Device Owner - permitindo acesso ao app
2026-01-27 20:03:33.057 22335-22335 DeviceOwnerCheckVM      com.cdccreditsmart.app               I  ========================================
2026-01-27 20:03:33.330 22335-22359 OpenGLRenderer          com.cdccreditsmart.app               I  Davey! duration=761ms; Flags=0, FrameTimelineVsyncId=1746553, IntendedVsync=9896539960757, Vsync=9896973115154, InputEventId=0, HandleInputStart=9896982505920, AnimationStart=9896982524536, PerformTraversalsStart=9897003684190, DrawStart=9897005427228, FrameDeadline=9896951906696, FrameInterval=9896977457420, FrameStartTime=11106523, SyncQueued=9897007903190, SyncStart=9897008187497, IssueDrawCommandsStart=9897008532882, SwapBuffers=9897281856689, FrameCompleted=9897302015613, DequeueBufferDuration=36923, QueueBufferDuration=591846, GpuCompleted=9897290636113, SwapBuffersCompleted=9897302015613, DisplayPresentTime=9884738029506, CommandSubmissionCompleted=9897281856689, 
2026-01-27 20:03:33.455 22335-22335 RouterViewModel         com.cdccreditsmart.app               D  ğŸš€ Iniciando verificaÃ§Ã£o de autenticaÃ§Ã£o...
2026-01-27 20:03:33.487 22335-22479 AuthOrchestrator        com.cdccreditsmart.app               D  ğŸ” Verificando autenticaÃ§Ã£o...
2026-01-27 20:03:33.489 22335-22335 Choreographer           com.cdccreditsmart.app               I  Skipped 37 frames!  The application may be doing too much work on its main thread.
2026-01-27 20:03:33.566 22335-22479 AuthOrchestrator        com.cdccreditsmart.app               D  ğŸŒ Conectividade: ONLINE
2026-01-27 20:03:33.566 22335-22479 AuthOrchestrator        com.cdccreditsmart.app               D  ğŸ”„ ========== AUTO-DISCOVERY INICIADO ==========
2026-01-27 20:03:33.758 22335-22479 DeviceUtils             com.cdccreditsmart.app               D  IMEI retrieved successfully: 8608***
2026-01-27 20:03:33.759 22335-22479 AuthOrchestrator        com.cdccreditsmart.app               D  ğŸ“± IMEI obtido: 8608***718
2026-01-27 20:03:33.759 22335-22479 AuthOrchestrator        com.cdccreditsmart.app               D  ğŸ” Tentando auto-discovery...
2026-01-27 20:03:33.759 22335-22479 AuthOrchestrator        com.cdccreditsmart.app               D     Endpoint: GET /api/apk/discover/860875074339718
2026-01-27 20:03:33.848 22335-22335 SettingsGuardService    com.cdccreditsmart.app               I  â–¶ï¸ Guard RETOMADO apÃ³s fluxo de permissÃµes
2026-01-27 20:03:34.314 22335-26498 okhttp.OkHttpClient     com.cdccreditsmart.app               I  --> GET https://cdccreditsmart.com/api/apk/discover/860875074339718
2026-01-27 20:03:34.314 22335-26498 okhttp.OkHttpClient     com.cdccreditsmart.app               I  --> END GET
