2025-12-09 15:24:41.414  1556-4410  ActivityTaskManager     pid-1556                             I  Add pending draw ActivityRecord{8d194d5 u0 com.cdccreditsmart.app/.presentation.MainActivity t36}
2025-12-09 15:24:41.414   662-662   TlcKM                   pid-662                              D  TEE_Begin 5.0
2025-12-09 15:24:41.414   662-662   TlcKM                   pid-662                              D  purpose = 0x00000001
2025-12-09 15:24:41.414  1210-1244  uas-service             pid-1210                             D  set scene=0x1 success
2025-12-09 15:24:41.415  1013-3854  SurfaceFlinger          pid-1013                             I  onHandleDestroyed: name=Surface(name=689eff3 NavigationBar0)/@0xd4379b2 - animation-leash of insets_animation#2156, layerId=2156, parentId=0
2025-12-09 15:24:41.415 27009-27009 SettingsGuardService    pid-27009                            I  âœ… App trazido para foreground
2025-12-09 15:24:41.416  1013-3854  SurfaceFlinger          pid-1013                             I  onHandleDestroyed: name=Surface(name=c2730e8 StatusBar)/@0x213f8ac - animation-leash of insets_animation#2157, layerId=2157, parentId=0
2025-12-09 15:24:41.417 27009-27009 PermissionGateScreen    pid-27009                            I  ðŸ” VERIFICAÃ‡ÃƒO INICIAL DE PERMISSÃ•ES:
2025-12-09 15:24:41.417 27009-27009 PermissionGateScreen    pid-27009                            I     NÃ­vel: DEVICE_OWNER
2025-12-09 15:24:41.417 27009-27009 PermissionGateScreen    pid-27009                            I     Todas concedidas: true
2025-12-09 15:24:41.418 27009-27009 PermissionGateScreen    pid-27009                            I     Bateria isenta: true
2025-12-09 15:24:41.418 27009-27009 PermissionGateScreen    pid-27009                            I     âœ… OK: PermissÃµes BÃ¡sicas
2025-12-09 15:24:41.418 27009-27009 PermissionGateScreen    pid-27009                            I     âœ… OK: Monitoramento de Apps
2025-12-09 15:24:41.418  3568-3568  SplitSelectStateCtor    pid-3568                             W  Missing session instanceIds
2025-12-09 15:24:41.418 27009-27009 PermissionGateScreen    pid-27009                            I     âœ… OK: Mostrar Alertas
2025-12-09 15:24:41.418 27009-27009 PermissionGateScreen    pid-27009                            I     âœ… OK: ExecuÃ§Ã£o em Segundo Plano
2025-12-09 15:24:41.418  3568-3568  StatsLog                pid-3568                             I  LAUNCHER_SPLIT_SELECTION_EXIT_INTERRUPTED
2025-12-09 15:24:41.418 27009-27009 PermissionGateScreen    pid-27009                            I  âœ… TODAS AS PERMISSÃ•ES JÃ CONCEDIDAS - navegando imediatamente
2025-12-09 15:24:41.418 27009-27009 SettingsGuardService    pid-27009                            I  â–¶ï¸ Guard RETOMADO apÃ³s fluxo de permissÃµes
2025-12-09 15:24:41.419 22568-22592 PictureInPicture        pid-22568                            D  setLauncherKeepClearAreaHeight: visible=false, height=240
2025-12-09 15:24:41.421  1013-1013  BufferQueueDebug        pid-1013                             I  [Surface(name=689eff3 NavigationBar0)/@0xd4379b2 - animation-leash of insets_animation#2156](this:0xb400007184ee9c88,id:-1,api:0,p:-1,c:1013) onDestructor()
2025-12-09 15:24:41.421  1013-1013  BufferQueueDebug        pid-1013                             I  [Surface(name=c2730e8 StatusBar)/@0x213f8ac - animation-leash of insets_animation#2157](this:0xb400007184ef2538,id:-1,api:0,p:-1,c:1013) onDestructor()
2025-12-09 15:24:41.422  1556-1656  ApplicationHelper       pid-1556                             E  Fail to get PackageManager
2025-12-09 15:24:41.428  1013-1086  surfaceflinger          pid-1013                             E  == MALI DEBUG ===eglp_winsys_populate_image_templates ==12288
2025-12-09 15:24:41.432 27009-27009 DeviceOwnerCheckVM      pid-27009                            I  ========================================
2025-12-09 15:24:41.432 27009-27009 DeviceOwnerCheckVM      pid-27009                            I  ðŸ” Verificando status de Device Owner...
2025-12-09 15:24:41.433   662-662   TlcKM                   pid-662                              D  find_spare_operation_slot: allocate op 0x2efff6c0b6c4b421 to slot #0 (1 ops live)
2025-12-09 15:24:41.435   662-662   TlcKM                   pid-662                              D  TEE_Begin exiting with 0
2025-12-09 15:24:41.435   660-24972 keystore2               pid-660                              I  system/security/keystore2/src/security_level.rs:395 - upgrade_keyblob_if_required_with end
2025-12-09 15:24:41.436   660-24972 keystore2               pid-660                              I  system/security/keystore2/src/enforcements.rs:249 - finalize_create_authorization self.state=NoAuthRequired
2025-12-09 15:24:41.436   660-24972 keystore2               pid-660                              I  system/security/keystore2/src/security_level.rs:401 - operation_db.create_operation start
2025-12-09 15:24:41.436   660-24972 keystore2               pid-660                              I  system/security/keystore2/src/security_level.rs:419 - operation_db.create_operation end
2025-12-09 15:24:41.436   662-662   TlcKM                   pid-662                              D  TEE_Update
2025-12-09 15:24:41.436   662-662   TlcKM                   pid-662                              D  split_update_chunks
2025-12-09 15:24:41.438   662-662   TlcKM                   pid-662                              D  TEE_Update exiting with 0
2025-12-09 15:24:41.441  1013-1086  surfaceflinger          pid-1013                             E  == MALI DEBUG ===eglp_winsys_populate_image_templates ==12288
2025-12-09 15:24:41.444   662-662   TlcKM                   pid-662                              D  TEE_Finish
2025-12-09 15:24:41.444   662-662   TlcKM                   pid-662                              D  split_update_chunks
2025-12-09 15:24:41.445   662-662   TlcKM                   pid-662                              D  release_operation_slot: release op slot #0 (handle 0x2efff6c0b6c4b421; 0 ops live)
2025-12-09 15:24:41.445   662-662   TlcKM                   pid-662                              D  TEE_Finish exiting with 0
2025-12-09 15:24:41.445   662-662   TlcKM                   pid-662                              D  TEE_Abort
2025-12-09 15:24:41.445   662-662   TlcKM                   pid-662                              E  lookup_operation: op 0x2efff6c0b6c4b421 not found
2025-12-09 15:24:41.445   662-662   TlcKM                   pid-662                              E  lookup_operation(session, operation_handle, &op) == -28
2025-12-09 15:24:41.445   662-662   TlcKM                   pid-662                              D  TEE_Abort exiting with -28
2025-12-09 15:24:41.449   660-24972 keystore2               pid-660                              I  system/security/keystore2/src/security_level.rs:235 - create_operation start
2025-12-09 15:24:41.449   660-24972 keystore2               pid-660                              I  system/security/keystore2/src/security_level.rs:237 - caller_pid=27009
2025-12-09 15:24:41.449   660-24972 keystore2               pid-660                              I  system/security/keystore2/src/security_level.rs:238 - caller_uid=10287
2025-12-09 15:24:41.449   660-24972 keystore2               pid-660                              I  system/security/keystore2/src/security_level.rs:239 - forced=false
2025-12-09 15:24:41.449   660-24972 keystore2               pid-660                              I  system/security/keystore2/src/security_level.rs:240 - key.domain=r#KEY_ID
2025-12-09 15:24:41.449   660-24972 keystore2               pid-660                              I  system/security/keystore2/src/security_level.rs:241 - key.alias=None
2025-12-09 15:24:41.449   660-24972 keystore2               pid-660                              I  system/security/keystore2/src/security_level.rs:277 - with_try_import start
2025-12-09 15:24:41.452   660-24972 keystore2               pid-660                              I  system/security/keystore2/src/security_level.rs:299 - with_try_import end
2025-12-09 15:24:41.452   660-24972 keystore2               pid-660                              I  system/security/keystore2/src/security_level.rs:333 - authorize_create start
2025-12-09 15:24:41.452   660-24972 keystore2               pid-660                              I  system/security/keystore2/src/security_level.rs:344 - authorize_create end
2025-12-09 15:24:41.452   660-24972 keystore2               pid-660                              I  system/security/keystore2/src/security_level.rs:345 - unwrap_key_if_required start
2025-12-09 15:24:41.452   660-24972 keystore2               pid-660                              I  system/security/keystore2/src/security_level.rs:353 - unwrap_key_if_required end
2025-12-09 15:24:41.452   660-24972 keystore2               pid-660                              I  system/security/keystore2/src/security_level.rs:354 - upgrade_keyblob_if_required_with start
2025-12-09 15:24:41.453   662-662   TlcKM                   pid-662                              D  TEE_Begin 5.0
2025-12-09 15:24:41.453   662-662   TlcKM                   pid-662                              D  purpose = 0x00000001
2025-12-09 15:24:41.455   662-662   TlcKM                   pid-662                              D  find_spare_operation_slot: allocate op 0xbdd8132bcc55a780 to slot #0 (1 ops live)
2025-12-09 15:24:41.459   662-662   TlcKM                   pid-662                              D  TEE_Begin exiting with 0
2025-12-09 15:24:41.460   660-24972 keystore2               pid-660                              I  system/security/keystore2/src/security_level.rs:395 - upgrade_keyblob_if_required_with end
2025-12-09 15:24:41.460   660-24972 keystore2               pid-660                              I  system/security/keystore2/src/enforcements.rs:249 - finalize_create_authorization self.state=NoAuthRequired
2025-12-09 15:24:41.460   660-24972 keystore2               pid-660                              I  system/security/keystore2/src/security_level.rs:401 - operation_db.create_operation start
2025-12-09 15:24:41.460   660-24972 keystore2               pid-660                              I  system/security/keystore2/src/security_level.rs:419 - operation_db.create_operation end
2025-12-09 15:24:41.461 22568-22592 ShellTrans..._interrupt pid-22568                            D  finish handler: com.android.wm.shell.transition.DefaultTransitionHandler@9e52a1b
2025-12-09 15:24:41.461 22568-22592 ShellTrans..._interrupt pid-22568                            D  onFinish: isLauncherReUseLeash = false
2025-12-09 15:24:41.461 29520-29520 BLASTBufferQueue        pid-29520                            D  [VRI[StubInstallActivity]#7](f:0,a:1) destructor()
2025-12-09 15:24:41.461 22568-22592 WindowManagerShell      pid-22568                            V  Transition animation finished (aborted=false), notifying core (#184) android.os.BinderProxy@b3654c7@0
2025-12-09 15:24:41.461 29520-29520 BufferQueueConsumer     pid-29520                            D  [VRI[StubInstallActivity]#7(BLAST Consumer)7](id:735000000007,api:0,p:-1,c:29520) disconnect
2025-12-09 15:24:41.462 22568-22592 ShellTransitions        pid-22568                            D  Applied finish transaction
2025-12-09 15:24:41.462 22568-22592 ShellTrans..._interrupt pid-22568                            D  onFinish finish apply
2025-12-09 15:24:41.462   662-662   TlcKM                   pid-662                              D  TEE_Update
2025-12-09 15:24:41.462   662-662   TlcKM                   pid-662                              D  split_update_chunks
2025-12-09 15:24:41.466   662-662   TlcKM                   pid-662                              D  TEE_Update exiting with 0
2025-12-09 15:24:41.468   662-662   TlcKM                   pid-662                              D  TEE_Finish
2025-12-09 15:24:41.468   955-1039  mtkpower@impl           pid-955                              I  [powerd_req] TIMER_MSG_PERF_LOCK_TIMEOUT hdl:2730
2025-12-09 15:24:41.468   662-662   TlcKM                   pid-662                              D  split_update_chunks
2025-12-09 15:24:41.470 26104-26104 IslandView....02.02.088 pid-26104                            I  onWindowStateChanged: isKeyguardShowing=false, mIsKeyguardShowing=false, isKeyguardLocked=false, isFullscreen=false, mIsFullscreen=true, isOccluded=false, mIsOccluded=false
2025-12-09 15:24:41.470 26104-26104 IslandView....02.02.088 pid-26104                            I  isPortrait: mOrientation=1, orientation=1
2025-12-09 15:24:41.471 26104-26136 IslandDataControl       pid-26104                            I  removeIsland sourceType: 2 changed:false priorityQueue size 0
2025-12-09 15:24:41.471  1556-4406  TranActivi...gerService pid-1556                             D  isTheMainScreen, displayId = 0, classname = com.cdccreditsmart.app.presentation.MainActivity
2025-12-09 15:24:41.471 26104-26104 IslandDisplayRule       pid-26104                            I  requestPreShowingBuffer: mPreShowingIslandList is empty
2025-12-09 15:24:41.471 26104-26104 IslandView....02.02.088 pid-26104                            I  onUpdateIslandVisible: no island
2025-12-09 15:24:41.471 26104-26143 IslandSharedController  pid-26104                            I  onIslandDataChanged: isEmpty true
2025-12-09 15:24:41.472 26104-26136 IslandDataControl       pid-26104                            I  checkKillSelf isEmpty force true
2025-12-09 15:24:41.472 22568-22583 IslandSharedService     pid-22568                            I  onIslandDataChanged isEmpty true
2025-12-09 15:24:41.472 22568-22583 VersionsUtils           pid-22568                            I   getVersion mCurrentVersion 20202088
2025-12-09 15:24:41.472 22568-22583 IslandControlImpl       pid-22568                            I  disconnectIsland mPkg com.android.systemui
2025-12-09 15:24:41.472   662-662   TlcKM                   pid-662                              D  release_operation_slot: release op slot #0 (handle 0xbdd8132bcc55a780; 0 ops live)
2025-12-09 15:24:41.472   662-662   TlcKM                   pid-662                              D  TEE_Finish exiting with 0
2025-12-09 15:24:41.473   955-976   mtkpower@impl           pid-955                              I  [setMode] type:6, enabled:0
2025-12-09 15:24:41.473   955-976   mtkpower@impl           pid-955                              E  [setMode] unknown type
2025-12-09 15:24:41.474   662-662   TlcKM                   pid-662                              D  TEE_Abort
2025-12-09 15:24:41.474   662-662   TlcKM                   pid-662                              E  lookup_operation: op 0xbdd8132bcc55a780 not found
2025-12-09 15:24:41.474   662-662   TlcKM                   pid-662                              E  lookup_operation(session, operation_handle, &op) == -28
2025-12-09 15:24:41.474   662-662   TlcKM                   pid-662                              D  TEE_Abort exiting with -28
2025-12-09 15:24:41.474  4987-15821 SmartEventManager       pid-4987                             D  dispatchEvent event: SmartEvent(action=activity_check, extras=Bundle[{is_activity_check=true}])
2025-12-09 15:24:41.475  4987-15821 SmartPanelService       pid-4987                             I  onWindowsDrawn pkgName: com.cdccreditsmart.app, className: com.cdccreditsmart.app.presentation.MainActivity launchState=0 windowsDrawnDelayMs =-1
2025-12-09 15:24:41.475  4987-15821 SmartPanelService       pid-4987                             I  activityCheck pkgName: com.cdccreditsmart.app, className: com.cdccreditsmart.app.presentation.MainActivity isResume=false isDrawn = false
2025-12-09 15:24:41.475  4987-15821 MultiWindowUtils        pid-4987                             I  pkg in multi window
2025-12-09 15:24:41.475  4987-4987  SmartPanelRepository    pid-4987                             I  hasLoadData true  data size = 11
2025-12-09 15:24:41.475  4987-14063 THubApi                 pid-4987                             D  getUserId TaskInfo{userId=0 taskId=36 displayId=0 isRunning=true baseIntent=Intent { flg=0x34008000 cmp=com.cdccreditsmart.app/.presentation.MainActivity } baseActivity=ComponentInfo{com.cdccreditsmart.app/com.cdccreditsmart.app.presentation.MainActivity} topActivity=ComponentInfo{com.cdccreditsmart.app/com.cdccreditsmart.app.presentation.MainActivity} origActivity=null realActivity=ComponentInfo{com.cdccreditsmart.app/com.cdccreditsmart.app.presentation.MainActivity} numActivities=1 lastActiveTime=727704 supportsMultiWindow=true resizeMode=1 isResizeable=true minWidth=-1 minHeight=-1 defaultMinSize=110 token=WCT{android.window.IWindowContainerToken$Stub$Proxy@2987ef0} topActivityType=1 pictureInPictureParams=null shouldDockBigOverlays=false launchIntoPipHostTaskId=-1 lastParentTaskIdBeforePip=-1 displayCutoutSafeInsets=null topActivityInfo=ActivityInfo{f3b5c69 com.cdccreditsmart.app.presentation.MainActivity} launchCookies=[] positionInParent=Point(0, 0) parentTaskId=-1 isFocused=true isVisible=true isVisibleRequested=true isSleeping=false locusId=null displayAreaFeatureId=1 isTopActivityTransparent=false appCompatTaskInfo=AppCompatTaskInfo { topActivityInSizeCompat=false topActivityEligibleForLetterboxEducation= falseisLetterboxEducationEnabled= false isLetterboxDoubleTapEnabled= false topActivityEligibleForUserAspectRatioButton= false topActivityBoundsLetterboxed= false isFromLetterboxDoubleTap= false topActivityLetterboxVerticalPosition= -1 topActivityLetterboxHorizontalPosition= -1 topActivityLetterboxWidth=1080 topActivityLetterboxHeight=2436 isUserFullscreenOverrideEnabled=false isSystemFullscreenOverrideEnabled=false cameraCompatTaskInfo=CameraCompatTaskInfo { cameraCompatControlState=hidden freeformCameraCompatMode=inactive}}}
2025-12-09 15:24:41.476  1556-4690  MagellanHandle          pid-1556                             D  updateRefreshRateForSceneVsyncs what = 23
2025-12-09 15:24:41.476  1556-4690  os.fingerprint          pid-1556                             D  onActivityResume next:ActivityRecord{8d194d5 u0 com.cdccreditsmart.app/.presentation.MainActivity t36}
2025-12-09 15:24:41.476  1556-4690  os.fingerprint          pid-1556                             D  activityComponent = ComponentInfo{com.cdccreditsmart.app/com.cdccreditsmart.app.presentation.MainActivity} inMultiWindow = false
2025-12-09 15:24:41.476  1556-4690  AppLockLice             pid-1556                             D  onActivityResume: packageName = com.cdccreditsmart.app,mComeLockPkgList =[],mPreLockPkgList =[]
2025-12-09 15:24:41.476  1556-4690  AppLockLice             pid-1556                             D  onActivityResume:isAwake = true ,isKeyguardLocked = false
2025-12-09 15:24:41.476  1556-4690  TranMemcgComponentImpl  pid-1556                             D  over recent repeated process pid=27009
2025-12-09 15:24:41.477  1556-1899  Usf/appStateManager     pid-1556                             I  handleUpdateTaskOverLap uid: 10287    packageName:com.cdccreditsmart.app remove
2025-12-09 15:24:41.478 23137-23137 VideoListener           pid-23137                            D  mDisplayListener onDisplayChanged
2025-12-09 15:24:41.479  4987-4987  SceneController         pid-4987                             D  checkCanShow canShow: true  changed false 
2025-12-09 15:24:41.479  1556-4690  os.fingerprint          pid-1556                             D  onRealStartActivityLocked next:ActivityRecord{8d194d5 u0 com.cdccreditsmart.app/.presentation.MainActivity t36} isKeyguardShowing:false
2025-12-09 15:24:41.479  1556-4690  os.fingerprint          pid-1556                             D  activityComponent = ComponentInfo{com.cdccreditsmart.app/com.cdccreditsmart.app.presentation.MainActivity} inMultiWindow = false
2025-12-09 15:24:41.479  4987-4987  SmartPanelService       pid-4987                             I  mDisplayListener onDisplayChanged
2025-12-09 15:24:41.479  1556-4690  os.fingerprint          pid-1556                             D  onUpdateFocusedApp oldPackageName:com.transsion.XOSLauncher oldComponent:ComponentInfo{com.transsion.XOSLauncher/com.android.launcher3.uioverrides.QuickstepLauncher} newPackageName:com.cdccreditsmart.app newComponent:ComponentInfo{com.cdccreditsmart.app/com.cdccreditsmart.app.presentation.MainActivity} mFm :android.hardware.fingerprint.FingerprintManager@27d5a21
2025-12-09 15:24:41.480   660-24972 keystore2               pid-660                              I  system/security/keystore2/src/security_level.rs:235 - create_operation start
2025-12-09 15:24:41.480   660-24972 keystore2               pid-660                              I  system/security/keystore2/src/security_level.rs:237 - caller_pid=27009
2025-12-09 15:24:41.480   660-24972 keystore2               pid-660                              I  system/security/keystore2/src/security_level.rs:238 - caller_uid=10287
2025-12-09 15:24:41.480   660-24972 keystore2               pid-660                              I  system/security/keystore2/src/security_level.rs:239 - forced=false
2025-12-09 15:24:41.480   660-24972 keystore2               pid-660                              I  system/security/keystore2/src/security_level.rs:240 - key.domain=r#KEY_ID
2025-12-09 15:24:41.480   660-24972 keystore2               pid-660                              I  system/security/keystore2/src/security_level.rs:241 - key.alias=None
2025-12-09 15:24:41.480  1556-4690  WindowManager           pid-1556                             W  Changing focus from Window{978a5ab u0 com.transsion.XOSLauncher/com.android.launcher3.uioverrides.QuickstepLauncher} to null displayId=0 Callers=com.android.server.wm.RootWindowContainer.updateFocusedWindowLocked:528 com.android.server.wm.WindowManagerService.updateFocusedWindowLocked:6847 com.android.server.wm.ActivityTaskManagerService.setLastResumedActivityUncheckLocked:5680 com.android.server.wm.ActivityTaskSupervisor.updateTopResumedActivityIfNeeded:2511 
2025-12-09 15:24:41.480   660-24972 keystore2               pid-660                              I  system/security/keystore2/src/security_level.rs:277 - with_try_import start
2025-12-09 15:24:41.480  1556-4690  WindowManager           pid-1556                             D  notifyAppOnFocusChange focusedWindow = null mFocusChangeCallback = android.window.IFocusChangeCallback$Stub$Proxy@145ef15
2025-12-09 15:24:41.481   660-24972 keystore2               pid-660                              I  system/security/keystore2/src/security_level.rs:299 - with_try_import end
2025-12-09 15:24:41.481   660-24972 keystore2               pid-660                              I  system/security/keystore2/src/security_level.rs:333 - authorize_create start
2025-12-09 15:24:41.481   660-24972 keystore2               pid-660                              I  system/security/keystore2/src/security_level.rs:344 - authorize_create end
2025-12-09 15:24:41.481   660-24972 keystore2               pid-660                              I  system/security/keystore2/src/security_level.rs:345 - unwrap_key_if_required start
2025-12-09 15:24:41.481   660-24972 keystore2               pid-660                              I  system/security/keystore2/src/security_level.rs:353 - unwrap_key_if_required end
2025-12-09 15:24:41.481   660-24972 keystore2               pid-660                              I  system/security/keystore2/src/security_level.rs:354 - upgrade_keyblob_if_required_with start
2025-12-09 15:24:41.481  1013-3854  BufferQueueDebug        pid-1013                             I  [Surface(name=689eff3 NavigationBar0)/@0xd4379b2 - animation-leash of insets_animation#2174](this:0xb400007184f420f8,id:-1,api:0,p:-1,c:-1) BufferQueue core=(1013:/system/bin/surfaceflinger)
2025-12-09 15:24:41.481   662-662   TlcKM                   pid-662                              D  TEE_Begin 5.0
2025-12-09 15:24:41.481   662-662   TlcKM                   pid-662                              D  purpose = 0x00000002
2025-12-09 15:24:41.483  1556-3167  Hiber/appStateMachine   pid-1556                             I  uid:10287 exit RunningState
2025-12-09 15:24:41.483  1013-3854  BufferQueueDebug        pid-1013                             I  [Surface(name=c2730e8 StatusBar)/@0x213f8ac - animation-leash of insets_animation#2175](this:0xb400007184f44e88,id:-1,api:0,p:-1,c:-1) BufferQueue core=(1013:/system/bin/surfaceflinger)
2025-12-09 15:24:41.484  4987-14063 ScenesManager           pid-4987                             I  put createTaskId 
2025-12-09 15:24:41.484  4987-13778 ScenesManager           pid-4987                             I  ScenesInfo(isInSplitScreenMode=false, screenMode=0, oldTopPackage=, oldTopClass=, oldRelPackage=, oldRelClass=, topPackage=com.cdccreditsmart.app, topClass=com.cdccreditsmart.app.presentation.MainActivity, relPackage=com.cdccreditsmart.app, relClass=com.cdccreditsmart.app.presentation.MainActivity, taskId=36, userId=0, isTwinApp=false, isActivityChange=true, isResume=true, killPackages=[], isPersonalizedFlipScreen=false, timeStamp=1765304681484)
2025-12-09 15:24:41.484  4987-13778 SmartEventManager       pid-4987                             D  dispatchEvent event: SmartEvent(action=key_scenes_change, extras=null)
2025-12-09 15:24:41.484  4987-13778 GameSceneManager        pid-4987                             I  currentPackage   it.isResume true
2025-12-09 15:24:41.484  4987-13778 GameSceneManager        pid-4987                             I  handlerActivityStart isResume = true  pkgName = com.cdccreditsmart.app
2025-12-09 15:24:41.484  4987-13778 GameSceneManager        pid-4987                             I  exitSceneInMain false
2025-12-09 15:24:41.485  4987-4987  GameSceneManager        pid-4987                             I  checkAndHandleAPP cursor: count = 0
2025-12-09 15:24:41.485  4987-4987  GameSceneManager        pid-4987                             I  exitSceneInMain false
2025-12-09 15:24:41.486  1556-4690  WindowManager           pid-1556                             D  updateSystemBarAttributes appearance:0, win appearance:0, opaqueAppearance:0, win:Window{3c1ccac u0 Splash Screen com.cdccreditsmart.app}, appearanceRegions=[AppearanceRegion{ bounds=[0,0][1080,2436]}]
2025-12-09 15:24:41.486  1556-4690  TranSCSour...anagerImpl pid-1556                             I  hookDisplayResumedActivityChanged displayId: 0 packageName: com.cdccreditsmart.app
2025-12-09 15:24:41.487  1556-4690  System.out              pid-1556                             I  [scale_ufs_gear] pakname is not antutu: com.cdccreditsmart.app, file is not exist: false
2025-12-09 15:24:41.487  1556-4690  MagellanHandle          pid-1556                             D  updateRefreshRateForSceneVsyncs what = 23
2025-12-09 15:24:41.488  1556-4690  PayJoyActivityRecord    pid-1556                             E  activity resuming com.cdccreditsmart.app
2025-12-09 15:24:41.488  1556-4690  PayJoyAccessService     pid-1556                             E  activity resuming com.cdccreditsmart.app
2025-12-09 15:24:41.488  1556-4690  os.fingerprint          pid-1556                             D  onActivityResume next:ActivityRecord{8d194d5 u0 com.cdccreditsmart.app/.presentation.MainActivity t36}
2025-12-09 15:24:41.488  1556-4690  os.fingerprint          pid-1556                             D  activityComponent = ComponentInfo{com.cdccreditsmart.app/com.cdccreditsmart.app.presentation.MainActivity} inMultiWindow = false
2025-12-09 15:24:41.488   662-662   TlcKM                   pid-662                              D  find_spare_operation_slot: allocate op 0xacdf692689c4f642 to slot #0 (1 ops live)
2025-12-09 15:24:41.489  1556-4690  tranpm/BehaviorManager  pid-1556                             D   onAppLaunch nextPackName = com.cdccreditsmart.app currPackName = com.transsion.XOSLauncher
2025-12-09 15:24:41.489  1556-4690  TranPhoneW...erInternal pid-1556                             D  onActivityResume false
2025-12-09 15:24:41.489  1556-4356  TranTp/Tra...anagerImpl pid-1556                             I  Set [com.cdccreditsmart.app] is tp rate as default.
2025-12-09 15:24:41.489 22568-22568 StatusBarM...Repository pid-22568                            I  isInFullscreenMode:false com.cdccreditsmart.app
2025-12-09 15:24:41.489  1556-4356  TranTp/Tra...anagerImpl pid-1556                             D  sendCommand: rate=0, cmd=echo 0 > /proc/report_rate_switch.
2025-12-09 15:24:41.490  1556-4356  System.err              pid-1556                             W  java.io.FileNotFoundException: /proc/report_rate_switch: open failed: ENOENT (No such file or directory)
2025-12-09 15:24:41.490  1556-4356  System.err              pid-1556                             W  	at libcore.io.IoBridge.open(IoBridge.java:574)
2025-12-09 15:24:41.490  1556-4356  System.err              pid-1556                             W  	at java.io.FileOutputStream.<init>(FileOutputStream.java:259)
2025-12-09 15:24:41.490  1556-4356  System.err              pid-1556                             W  	at java.io.FileOutputStream.<init>(FileOutputStream.java:147)
2025-12-09 15:24:41.490  1556-4356  System.err              pid-1556                             W  	at com.transsion.server.tpswitch.TranTpSwitchManagerImpl.sendCommand(TranTpSwitchManagerImpl.java:311)
2025-12-09 15:24:41.490  1556-4356  System.err              pid-1556                             W  	at com.transsion.server.tpswitch.TranTpSwitchManagerImpl.setDefaultTpRate(TranTpSwitchManagerImpl.java:267)
2025-12-09 15:24:41.490  1556-4356  System.err              pid-1556                             W  	at com.transsion.server.tpswitch.TranTpSwitchManagerImpl.setTpRate(TranTpSwitchManagerImpl.java:293)
2025-12-09 15:24:41.490  1556-4356  System.err              pid-1556                             W  	at com.transsion.server.tpswitch.TranTpSwitchManagerImpl.-$$Nest$msetTpRate(TranTpSwitchManagerImpl.java:0)
2025-12-09 15:24:41.490  1556-4356  System.err              pid-1556                             W  	at com.transsion.server.tpswitch.TranTpSwitchManagerImpl$1.onAppLaunch(TranTpSwitchManagerImpl.java:93)
2025-12-09 15:24:41.490  1556-4356  System.err              pid-1556                             W  	at com.transsion.griffin.core.HookerImpl$b.run(SourceFile:1)
2025-12-09 15:24:41.490  1556-4356  System.err              pid-1556                             W  	at android.os.Handler.handleCallback(Handler.java:959)
2025-12-09 15:24:41.490  1556-4356  System.err              pid-1556                             W  	at android.os.Handler.dispatchMessage(Handler.java:100)
2025-12-09 15:24:41.490  1556-4356  System.err              pid-1556                             W  	at android.os.Looper.loopOnce(Looper.java:311)
2025-12-09 15:24:41.490  1556-4356  System.err              pid-1556                             W  	at android.os.Looper.loop(Looper.java:408)
2025-12-09 15:24:41.490  1556-4356  System.err              pid-1556                             W  	at android.os.HandlerThread.run(HandlerThread.java:85)
2025-12-09 15:24:41.490  1556-4356  System.err              pid-1556                             W  Caused by: android.system.ErrnoException: open failed: ENOENT (No such file or directory)
2025-12-09 15:24:41.490  1556-4356  System.err              pid-1556                             W  	at libcore.io.Linux.open(Native Method)
2025-12-09 15:24:41.490  1556-4356  System.err              pid-1556                             W  	at libcore.io.ForwardingOs.open(ForwardingOs.java:563)
2025-12-09 15:24:41.490  1556-4356  System.err              pid-1556                             W  	at libcore.io.BlockGuardOs.open(BlockGuardOs.java:274)
2025-12-09 15:24:41.490  1556-4356  System.err              pid-1556                             W  	at libcore.io.IoBridge.open(IoBridge.java:560)
2025-12-09 15:24:41.490  1556-4356  System.err              pid-1556                             W  	... 13 more
2025-12-09 15:24:41.491  1556-3159  TranAppm/SystemMonitor  pid-1556                             D  mTidEnabled not enabled, not to get game track data.
2025-12-09 15:24:41.491  1556-3159  TranAppm/T...gineModule pid-1556                             D   AppSwitchListener from com.transsion.XOSLauncher to com.cdccreditsmart.app
2025-12-09 15:24:41.491  1556-3056  PowerManagerService     pid-1556                             D  onAppLaunch: currentPackage=com.transsion.XOSLauncher, nextPackage=com.cdccreditsmart.app.
2025-12-09 15:24:41.492  1556-4690  DreamAnimation          pid-1556                             I   hookAppTransitSuccess called,  mState=7 and doUnlockAnimation=0
2025-12-09 15:24:41.492  1556-4690  BLASTSyncEngine         pid-1556                             D  transition TransitionRecord{9249fe2 id=185 type=OPEN flags=0x0} isAuthenticateSucceed false
2025-12-09 15:24:41.492  1556-4690  Transition              pid-1556                             I  ignoreThunderbackTransition back= false change= false
2025-12-09 15:24:41.492  1556-4690  Transition              pid-1556                             I  keep target for wallpaper animation 
2025-12-09 15:24:41.492  1013-3854  BufferQueueDebug        pid-1013                             I  [Transition Root: ActivityRecord{8d194d5 u0 com.cdccreditsmart.app/.presentation.MainActivity t36}#2176](this:0xb400007184ef2538,id:-1,api:0,p:-1,c:-1) BufferQueue core=(1013:/system/bin/surfaceflinger)
2025-12-09 15:24:41.493  4987-4987  SmartPanelService       pid-4987                             I  MSG_TASK_FOCUS
2025-12-09 15:24:41.493  4987-4987  ScenesManager           pid-4987                             I  handlerTaskChange new TaskId  old TaskId 
2025-12-09 15:24:41.493  4987-13778 VideoSceneManager       pid-4987                             I  handlerVideoStart isResume = true  currentPackage =   pkgName = com.cdccreditsmart.app
2025-12-09 15:24:41.493  4987-13778 TurboSceneManager       pid-4987                             D  handlerActivityStart: pkg = com.cdccreditsmart.app
2025-12-09 15:24:41.493  4987-13778 TurboSceneManager       pid-4987                             D  handlerTurboStart  currentPackage = com.transsion.XOSLauncher  pkgName = com.cdccreditsmart.app  className = com.cdccreditsmart.app.presentation.MainActivity
2025-12-09 15:24:41.493  4987-4987  VideoDataRepository     pid-4987                             I  checkVideoApp curosr: count = 0
2025-12-09 15:24:41.494  1556-4690  TranDynami...rollerImpl pid-1556                             D  updateFlagsFromDynamicIslandToWindow pkgName:com.cdccreditsmart.app mStartFromDynamicIsland:false mDynamicIslandPkgName:com.google.android.gms
2025-12-09 15:24:41.494  1556-4690  Transition              pid-1556                             I  updateFlagsFromDynamicIslandToWindow pkgName = com.cdccreditsmart.app flagsArr[0] = 0
2025-12-09 15:24:41.494  1556-4690  TranDynami...rollerImpl pid-1556                             D  updateFlagsSimplifyAnimByLauncher pkgName:com.cdccreditsmart.app mSimplifyAnimType:0 mSimplifyAnimOpenPkgName:com.cdccreditsmart.app
2025-12-09 15:24:41.494  1556-4690  Transition              pid-1556                             I  updateFlagsSimplifyAnimByLauncher pkgName = com.cdccreditsmart.app flagsArr[0] = 0 mSimplifyAnimLaunchBounds: Rect(578, 1989 - 740, 2151)
2025-12-09 15:24:41.494  1556-4690  TranDynami...rollerImpl pid-1556                             D  updateFlagsFromDynamicIslandToWindow pkgName:com.cdccreditsmart.app mStartFromDynamicIsland:false mDynamicIslandPkgName:com.google.android.gms
2025-12-09 15:24:41.494  1556-4690  Transition              pid-1556                             I  updateFlagsFromDynamicIslandToWindow pkgName = com.cdccreditsmart.app flagsArr[0] = 0
2025-12-09 15:24:41.494  1556-4690  TranDynami...rollerImpl pid-1556                             D  updateFlagsSimplifyAnimByLauncher pkgName:com.cdccreditsmart.app mSimplifyAnimType:0 mSimplifyAnimOpenPkgName:com.cdccreditsmart.app
2025-12-09 15:24:41.494  1556-4690  Transition              pid-1556                             I  updateFlagsSimplifyAnimByLauncher pkgName = com.cdccreditsmart.app flagsArr[0] = 0 mSimplifyAnimLaunchBounds: Rect(578, 1989 - 740, 2151)
2025-12-09 15:24:41.495   662-662   TlcKM                   pid-662                              D  TEE_Begin exiting with 0
2025-12-09 15:24:41.495  1556-4690  MagellanHandle          pid-1556                             D  updateRefreshRateForSceneVsyncs what = 21
2025-12-09 15:24:41.495   660-24972 keystore2               pid-660                              I  system/security/keystore2/src/security_level.rs:395 - upgrade_keyblob_if_required_with end
2025-12-09 15:24:41.495   660-24972 keystore2               pid-660                              I  system/security/keystore2/src/enforcements.rs:249 - finalize_create_authorization self.state=NoAuthRequired
2025-12-09 15:24:41.495   660-24972 keystore2               pid-660                              I  system/security/keystore2/src/security_level.rs:401 - operation_db.create_operation start
2025-12-09 15:24:41.495   660-24972 keystore2               pid-660                              I  system/security/keystore2/src/security_level.rs:419 - operation_db.create_operation end
2025-12-09 15:24:41.496   662-662   TlcKM                   pid-662                              D  TEE_Finish
2025-12-09 15:24:41.496   662-662   TlcKM                   pid-662                              D  split_update_chunks
2025-12-09 15:24:41.496 22568-23270 WindowManagerShell      pid-22568                            V  onTransitionReady(transaction=6682969122522)
2025-12-09 15:24:41.497  1556-3432  PowerHalWrapper         pid-1556                             I  amsBoostNotify pid:27009,activity:com.cdccreditsmart.app.presentation.MainActivity, package:com.cdccreditsmart.app, mProcessCreatePackcom.instagram.android 
2025-12-09 15:24:41.497  1556-3432  PowerHalWrapper         pid-1556                             I  state: 1 
2025-12-09 15:24:41.497  1556-3432  ScnModule               pid-1556                             I  [GameDetection] packname: com.cdccreditsmart.app, apkSize: 88027498. 
2025-12-09 15:24:41.497  1556-3432  mtkpower_client         pid-1556                             I  [PowerHal_Wrap_notifyAppState] com.cdccreditsmart.app/com.cdccreditsmart.app.presentation.MainActivity pid=27009 activityId:147952853 state:1
2025-12-09 15:24:41.497  1556-3432  mtkpower_client         pid-1556                             I  [Legacy][PowerHal_Wrap_notifyAppState] com.cdccreditsmart.app/com.cdccreditsmart.app.presentation.MainActivity pid=27009 state:147952853
2025-12-09 15:24:41.498   955-1039  libPowerHal             pid-955                              I  [perfNotifyAppState] pack:com.cdccreditsmart.app, act:com.cdccreditsmart.app.presentation.MainActivity, state:1, pid:27009, uid:10287, fps:90
2025-12-09 15:24:41.498   955-975   mtkpower@impl           pid-955                              I  [notifyAppState] act com.android.launcher3.uioverrides.QuickstepLauncher => com.cdccreditsmart.app.presentation.MainActivity
2025-12-09 15:24:41.498  1556-3432  PowerHalWrapper         pid-1556                             I  amsBoostNotify AMS_BOOST_PROCESS_CREATE_BOOST:false 
2025-12-09 15:24:41.499   662-662   TlcKM                   pid-662                              D  release_operation_slot: release op slot #0 (handle 0xacdf692689c4f642; 0 ops live)
2025-12-09 15:24:41.499   662-662   TlcKM                   pid-662                              D  TEE_Finish exiting with 0
2025-12-09 15:24:41.500  1013-3854  BufferQueueDebug        pid-1013                             I  [e5374ea ActivityRecordInputSink com.cdccreditsmart.app/.presentation.MainActivity#2177](this:0xb400007184ee9c88,id:-1,api:0,p:-1,c:-1) BufferQueue core=(1013:/system/bin/surfaceflinger)
2025-12-09 15:24:41.501   662-662   TlcKM                   pid-662                              D  TEE_Abort
2025-12-09 15:24:41.501   662-662   TlcKM                   pid-662                              E  lookup_operation: op 0xacdf692689c4f642 not found
2025-12-09 15:24:41.501   662-662   TlcKM                   pid-662                              E  lookup_operation(session, operation_handle, &op) == -28
2025-12-09 15:24:41.501   662-662   TlcKM                   pid-662                              D  TEE_Abort exiting with -28
2025-12-09 15:24:41.502  1556-1659  SurfaceComposerClient   pid-1556                             D  Transaction::apply InputWindowCommands.focusRequests timestamp=727871791197, windowName=978a5ab com.transsion.XOSLauncher/com.android.launcher3.uioverrides.QuickstepLauncher
2025-12-09 15:24:41.503  1556-1823  TranMemcgComponentImpl  pid-1556                             D  diedProcNameList=[]
2025-12-09 15:24:41.503  1556-1823  TranMemcgComponentImpl  pid-1556                             D  getBufferSize=3; 3
2025-12-09 15:24:41.503  1556-1823  TranMemcgComponentImpl  pid-1556                             D  buffer not full, no need release
2025-12-09 15:24:41.505  1013-1013  SurfaceFlinger          pid-1013                             D  Focus addInputWindowCommands timestamp=727871791197, windowName=978a5ab com.transsion.XOSLauncher/com.android.launcher3.uioverrides.QuickstepLauncher
2025-12-09 15:24:41.506   660-24972 keystore2               pid-660                              I  system/security/keystore2/src/security_level.rs:235 - create_operation start
2025-12-09 15:24:41.506   660-24972 keystore2               pid-660                              I  system/security/keystore2/src/security_level.rs:237 - caller_pid=27009
2025-12-09 15:24:41.506   660-24972 keystore2               pid-660                              I  system/security/keystore2/src/security_level.rs:238 - caller_uid=10287
2025-12-09 15:24:41.506   660-24972 keystore2               pid-660                              I  system/security/keystore2/src/security_level.rs:239 - forced=false
2025-12-09 15:24:41.506   660-24972 keystore2               pid-660                              I  system/security/keystore2/src/security_level.rs:240 - key.domain=r#KEY_ID
2025-12-09 15:24:41.506   660-24972 keystore2               pid-660                              I  system/security/keystore2/src/security_level.rs:241 - key.alias=None
2025-12-09 15:24:41.506   660-24972 keystore2               pid-660                              I  system/security/keystore2/src/security_level.rs:277 - with_try_import start
2025-12-09 15:24:41.507  1013-2022  SurfaceFlinger          pid-1013                             D  updateWinowInfo=1, setFocusedWindow timestamp=727871791197, windowName=978a5ab com.transsion.XOSLauncher/com.android.launcher3.uioverrides.QuickstepLauncher
2025-12-09 15:24:41.507  1013-3854  SurfaceFlinger          pid-1013                             I  onHandleDestroyed: name=Surface(name=689eff3 NavigationBar0)/@0xd4379b2 - animation-leash of insets_animation#2171, layerId=2171, parentId=0
2025-12-09 15:24:41.507  1013-3854  SurfaceFlinger          pid-1013                             I  onHandleDestroyed: name=Surface(name=c2730e8 StatusBar)/@0x213f8ac - animation-leash of insets_animation#2172, layerId=2172, parentId=0
2025-12-09 15:24:41.508   660-24972 keystore2               pid-660                              I  system/security/keystore2/src/security_level.rs:299 - with_try_import end
2025-12-09 15:24:41.508   660-24972 keystore2               pid-660                              I  system/security/keystore2/src/security_level.rs:333 - authorize_create start
2025-12-09 15:24:41.508   660-24972 keystore2               pid-660                              I  system/security/keystore2/src/security_level.rs:344 - authorize_create end
2025-12-09 15:24:41.508   660-24972 keystore2               pid-660                              I  system/security/keystore2/src/security_level.rs:345 - unwrap_key_if_required start
2025-12-09 15:24:41.508   660-24972 keystore2               pid-660                              I  system/security/keystore2/src/security_level.rs:353 - unwrap_key_if_required end
2025-12-09 15:24:41.508   660-24972 keystore2               pid-660                              I  system/security/keystore2/src/security_level.rs:354 - upgrade_keyblob_if_required_with start
2025-12-09 15:24:41.508   662-662   TlcKM                   pid-662                              D  TEE_Begin 5.0
2025-12-09 15:24:41.508   662-662   TlcKM                   pid-662                              D  purpose = 0x00000001
2025-12-09 15:24:41.508  1013-1086  surfaceflinger          pid-1013                             E  == MALI DEBUG ===eglp_winsys_populate_image_templates ==12288
2025-12-09 15:24:41.512  1013-1086  surfaceflinger          pid-1013                             E  == MALI DEBUG ===eglp_winsys_populate_image_templates ==12288
2025-12-09 15:24:41.512   662-662   TlcKM                   pid-662                              D  find_spare_operation_slot: allocate op 0x514ea7f1060c398c to slot #0 (1 ops live)
2025-12-09 15:24:41.512  1556-3641  WindowOrga...Controller pid-1556                             D  WCT isInterrupt: false
2025-12-09 15:24:41.513 27009-31285 libMEOW                 pid-27009                            D  meow new tls: 0xb400007d33dd01c0
2025-12-09 15:24:41.513  1556-1790  mtkpower_client         pid-1556                             I  perf_lock_rel, hdl:2732, tid:1790
2025-12-09 15:24:41.513 27009-31285 libMEOW                 pid-27009                            D  applied 1 plugins for [com.cdccreditsmart.app]:
2025-12-09 15:24:41.513 27009-31285 libMEOW                 pid-27009                            D    plugin 1: [libMEOW_gift.so]: 0xb400007dd3c25030
2025-12-09 15:24:41.513   662-662   TlcKM                   pid-662                              D  TEE_Begin exiting with 0
2025-12-09 15:24:41.513  1013-1013  BufferQueueDebug        pid-1013                             I  [Surface(name=c2730e8 StatusBar)/@0x213f8ac - animation-leash of insets_animation#2172](this:0xb400007184f504c8,id:-1,api:0,p:-1,c:1013) onDestructor()
2025-12-09 15:24:41.513  1013-1080  SurfaceFlinger          pid-1013                             I  onHandleDestroyed: name=ActivityRecord{442b05a u0 com.cdccreditsmart.app/.presentation.MainActivity t36}#2115, layerId=2115, parentId=0
2025-12-09 15:24:41.513 27009-31285 libMEOW                 pid-27009                            D  rebuild call chain: 0xb400007d33da0190
2025-12-09 15:24:41.513  1013-1013  BufferQueueDebug        pid-1013                             I  [Surface(name=689eff3 NavigationBar0)/@0xd4379b2 - animation-leash of insets_animation#2171](this:0xb400007184f67148,id:-1,api:0,p:-1,c:1013) onDestructor()
2025-12-09 15:24:41.513 27009-31285 libMEOW                 pid-27009                            D  meow delete tls: 0xb400007d33dd01c0
2025-12-09 15:24:41.513   660-24972 keystore2               pid-660                              I  system/security/keystore2/src/security_level.rs:395 - upgrade_keyblob_if_required_with end
2025-12-09 15:24:41.513   660-24972 keystore2               pid-660                              I  system/security/keystore2/src/enforcements.rs:249 - finalize_create_authorization self.state=NoAuthRequired
2025-12-09 15:24:41.513   955-1039  libPowerHal             pid-955                              I  [unsetGPUFreq] current min:0, max:0; scn_gpu_min:0, scn_gpu_max:-1; scn_gpu_min(HL):-1, scn_gpu_max(HL):-1
2025-12-09 15:24:41.513   660-24972 keystore2               pid-660                              I  system/security/keystore2/src/security_level.rs:401 - operation_db.create_operation start
2025-12-09 15:24:41.513   660-24972 keystore2               pid-660                              I  system/security/keystore2/src/security_level.rs:419 - operation_db.create_operation end
2025-12-09 15:24:41.513   955-1039  libPowerHal             pid-955                              I  [setGPUFreq] Soft min/max = (0, 0); Hard min/max = (44, 0)
2025-12-09 15:24:41.513   955-1039  libPowerHal             pid-955                              I  [setGPUFreq] final min/max = (0, 0)
2025-12-09 15:24:41.513   955-1039  libPowerHal             pid-955                              I  MTKPOWER_HINT_LAUNCHER_ANIMA: set gpu opp level: 0
2025-12-09 15:24:41.514  1210-1244  uas-service             pid-1210                             D  set scene=0x80000004 success
2025-12-09 15:24:41.514   955-1039  libPowerHal             pid-955                              I  MTKPOWER_HINT_LAUNCHER_ANIMA: set gpu opp level max: 0
2025-12-09 15:24:41.514  1556-3641  WindowManager           pid-1556                             I    isAnimating=false  okToAnimate=true  win=Window{978a5ab u0 com.transsion.XOSLauncher/com.android.launcher3.uioverrides.QuickstepLauncher}
2025-12-09 15:24:41.514  1556-3641  WindowManager           pid-1556                             I    isAnimating=false  okToAnimate=true  win=Window{accd15b u0 ZeroScreen}
