                                                                                                    	at com.cdccreditsmart.app.auth.AuthenticationOrchestrator.access$validateTokenOnServer(AuthenticationOrchestrator.kt:19)
                                                                                                    	at com.cdccreditsmart.app.auth.AuthenticationOrchestrator$validateTokenOnServer$1.invokeSuspend(Unknown Source:15)
                                                                                                    	at kotlin.coroutines.jvm.internal.BaseContinuationImpl.resumeWith(ContinuationImpl.kt:34)
                                                                                                    	at kotlinx.coroutines.DispatchedTask.run(DispatchedTask.kt:108)
                                                                                                    	at kotlinx.coroutines.internal.LimitedDispatcher$Worker.run(LimitedDispatcher.kt:115)
                                                                                                    	at kotlinx.coroutines.scheduling.TaskImpl.run(Tasks.kt:103)
                                                                                                    	at kotlinx.coroutines.scheduling.CoroutineScheduler.runSafely(CoroutineScheduler.kt:584)
                                                                                                    	at kotlinx.coroutines.scheduling.CoroutineScheduler$Worker.executeTask(CoroutineScheduler.kt:793)
                                                                                                    	at kotlinx.coroutines.scheduling.CoroutineScheduler$Worker.runWorker(CoroutineScheduler.kt:697)
                                                                                                    	at kotlinx.coroutines.scheduling.CoroutineScheduler$Worker.run(CoroutineScheduler.kt:684)
2025-11-10 19:49:15.279 15674-15732 ContractCodeStorage     com.cdccreditsmart.app               D  Contract code saved to ALL storage locations
2025-11-10 19:49:15.427 15674-15732 ContractCodeStorage     com.cdccreditsmart.app               D  Verification complete: 7/7 locations valid
2025-11-10 19:49:15.427 15674-15732 SecureTokenStorage      com.cdccreditsmart.app               D  Auth token saved successfully (contract code via ContractCodeStorage, deviceId: device_176...)
2025-11-10 19:49:15.427 15674-15732 AuthOrchestrator        com.cdccreditsmart.app               D  ðŸ’¾ DeviceId salvo: device_176...
2025-11-10 19:49:15.427 15674-15732 AuthOrchestrator        com.cdccreditsmart.app               D  ValidaÃ§Ã£o do token no servidor: SUCESSO
2025-11-10 19:49:15.428 15674-15732 AuthOrchestrator        com.cdccreditsmart.app               D  âœ… Token vÃ¡lido - autenticaÃ§Ã£o OK!
2025-11-10 19:49:15.428 15674-15674 RouterViewModel         com.cdccreditsmart.app               D  âœ… Autenticado com sucesso - Ir para HOME
2025-11-10 19:49:15.628 15674-15674 SimpleHomeViewModel     com.cdccreditsmart.app               D  ðŸ“¡ Fetching device installments from /api/apk/device/installments...
2025-11-10 19:49:16.059 15674-15773 SimpleHomeViewModel     com.cdccreditsmart.app               D  âœ… Added Authorization header with token
2025-11-10 19:49:16.059 15674-15773 SimpleHomeViewModel     com.cdccreditsmart.app               D  ðŸ“¤ Request URL: https://cdccreditsmart.com/api/apk/device/installments
2025-11-10 19:49:16.091 15674-15776 ProfileInstaller        com.cdccreditsmart.app               D  Installing profile for com.cdccreditsmart.app
2025-11-10 19:49:16.647 15674-15773 SimpleHomeViewModel     com.cdccreditsmart.app               D  ðŸ“¥ Response Code: 200
2025-11-10 19:49:16.664 15674-15674 SimpleHomeViewModel     com.cdccreditsmart.app               D  âœ… Successfully fetched installments data
2025-11-10 19:49:16.664 15674-15674 SimpleHomeViewModel     com.cdccreditsmart.app               D  ðŸ“Š Device: Moto G15 Power
2025-11-10 19:49:16.664 15674-15674 SimpleHomeViewModel     com.cdccreditsmart.app               D  ðŸ“Š Total installments: 4
2025-11-10 19:49:16.664 15674-15674 SimpleHomeViewModel     com.cdccreditsmart.app               D  ðŸ“Š Paid: 0
2025-11-10 19:49:16.665 15674-15674 SimpleHomeViewModel     com.cdccreditsmart.app               D  ðŸ“Š Overdue: 0
2025-11-10 19:49:16.665 15674-15674 SimpleHomeViewModel     com.cdccreditsmart.app               D  ðŸ“Š All installments count: 4
2025-11-10 19:49:22.361 15674-15674 Activity                com.cdccreditsmart.app               D  onResume setDolbyGameProfilePackage lastPkg =  currentPkg = com.cdccreditsmart.app
2025-11-10 19:49:22.442 15674-15674 BufferQueueConsumer     com.cdccreditsmart.app               D  [](id:3d3a00000001,api:0,p:-1,c:15674) connect: controlledByApp=false
2025-11-10 19:49:22.443 15674-15674 BLASTBufferQueue        com.cdccreditsmart.app               D  [VRI[MainActivity]#1](f:0,a:0) constructor()
2025-11-10 19:49:22.444 15674-15674 BLASTBufferQueue        com.cdccreditsmart.app               D  [VRI[MainActivity]#1](f:0,a:0) update width=1080 height=2400 format=-3 mTransformHint=0
2025-11-10 19:49:22.719 15674-15679 creditsmart.app         com.cdccreditsmart.app               I  Background concurrent mark compact GC freed 24MB AllocSpace bytes, 417(14MB) LOS objects, 65% free, 12MB/36MB, paused 6.677ms,5.992ms total 352.864ms
2025-11-10 19:49:23.449 15674-15725 SurfaceSyncGroup        com.cdccreditsmart.app               E  Failed to receive transaction ready in 1000ms. Marking SurfaceSyncGroup(wmsSync-VRI[MainActivity]#2) as ready
2025-11-10 19:49:23.450 15674-15725 SurfaceSyncGroup        com.cdccreditsmart.app               E  Failed to receive transaction ready in 1000ms. Marking SurfaceSyncGroup(VRI[MainActivity]#3) as ready
2025-11-10 19:49:23.667 15674-15709 BLASTBufferQueue        com.cdccreditsmart.app               D  [VRI[MainActivity]#1](f:0,a:1) acquireNextBufferLocked size=1080x2400 mFrameNumber=1 applyTransaction=true mTimestamp=100168613370124(auto) mPendingTransactions.size=0 graphicBufferId=67319317397511 transform=0
2025-11-10 19:49:23.672 15674-15730 LibMBrainProxy          com.cdccreditsmart.app               D  Init Paramters
2025-11-10 19:49:23.678 15674-15674 Choreographer           com.cdccreditsmart.app               I  Skipped 76 frames!  The application may be doing too much work on its main thread.
2025-11-10 19:49:23.702 15674-15724 HWUI                    com.cdccreditsmart.app               I  Davey! duration=1318ms; Flags=1, FrameTimelineVsyncId=1745197, IntendedVsync=100167299091058, Vsync=100167315751925, InputEventId=0, HandleInputStart=100167319697816, AnimationStart=100167319702662, PerformTraversalsStart=100167355241123, DrawStart=100167395799277, FrameDeadline=100167319091058, FrameInterval=100167319658970, FrameStartTime=16660867, SyncQueued=100168610683354, SyncStart=100168610856893, IssueDrawCommandsStart=100168611086124, SwapBuffers=100168613320277, FrameCompleted=100168617483970, DequeueBufferDuration=19077, QueueBufferDuration=677923, GpuCompleted=100168617483970, SwapBuffersCompleted=100168614234970, DisplayPresentTime=144115222452437076, CommandSubmissionCompleted=100168613320277, 
2025-11-10 19:49:23.761 15674-15685 HWUI                    com.cdccreditsmart.app               I  Davey! duration=1350ms; Flags=0, FrameTimelineVsyncId=1745263, IntendedVsync=100167349049775, Vsync=100168615115307, InputEventId=0, HandleInputStart=100168625979585, AnimationStart=100168625983893, PerformTraversalsStart=100168638022124, DrawStart=100168638184277, FrameDeadline=100168651960418, FrameInterval=100168625278739, FrameStartTime=16658757, SyncQueued=100168643499662, SyncStart=100168643711662, IssueDrawCommandsStart=100168643834431, SwapBuffers=100168690157124, FrameCompleted=100168700191585, DequeueBufferDuration=15384, QueueBufferDuration=340308, GpuCompleted=100168700191585, SwapBuffersCompleted=100168690721431, DisplayPresentTime=0, CommandSubmissionCompleted=100168690157124, 
2025-11-10 19:49:24.208 15674-15674 InteractionJankMonitor  com.cdccreditsmart.app               W  Initializing without READ_DEVICE_CONFIG permission. enabled=false, interval=1, missedFrameThreshold=3, frameTimeThreshold=64, package=com.cdccreditsmart.app
2025-11-10 19:49:24.740 15674-15674 ScrollIdentify          com.cdccreditsmart.app               I  on fling
2025-11-10 19:49:25.213 15674-15674 ScrollIdentify          com.cdccreditsmart.app               I  on fling
2025-11-10 19:49:34.406 15674-15709 BLASTBufferQueue        com.cdccreditsmart.app               D  [VRI[MainActivity]#1](f:0,a:1) destructor()
2025-11-10 19:49:34.407 15674-15709 BufferQueueConsumer     com.cdccreditsmart.app               D  [VRI[MainActivity]#1(BLAST Consumer)1](id:3d3a00000001,api:0,p:-1,c:15674) disconnect
2025-11-10 19:49:34.590 15674-15674 WindowOnBackDispatcher  com.cdccreditsmart.app               W  sendCancelIfRunning: isInProgress=false callback=android.app.Activity$$ExternalSyntheticLambda0@1619116
2025-11-10 19:49:34.602 15674-15674 View                    com.cdccreditsmart.app               D  [Warning] assignParent to null: this = DecorView@27c4038[MainActivity]
2025-11-10 19:49:34.611 15674-15674 CdcForegroundService    com.cdccreditsmart.app               W  âš ï¸ Task removida - mantendo serviÃ§o ativo
2025-11-10 19:49:36.267 15674-15674 Activity                com.cdccreditsmart.app               D  onResume setDolbyGameProfilePackage lastPkg =  currentPkg = com.cdccreditsmart.app
2025-11-10 19:49:36.272 15674-15674 VRI[MainActivity]       com.cdccreditsmart.app               D  hardware acceleration = true, forceHwAccelerated = false
2025-11-10 19:49:36.278 15674-15674 InputEventReceiver      com.cdccreditsmart.app               D  Input log is disabled in InputEventReceiver.
2025-11-10 19:49:36.490 15674-15674 BufferQueueConsumer     com.cdccreditsmart.app               D  [](id:3d3a00000002,api:0,p:-1,c:15674) connect: controlledByApp=false
2025-11-10 19:49:36.491 15674-15674 BLASTBufferQueue        com.cdccreditsmart.app               D  [VRI[MainActivity]#2](f:0,a:0) constructor()
2025-11-10 19:49:36.491 15674-15674 BLASTBufferQueue        com.cdccreditsmart.app               D  [VRI[MainActivity]#2](f:0,a:0) update width=1080 height=2400 format=-3 mTransformHint=0
2025-11-10 19:49:36.523 15674-15709 BLASTBufferQueue        com.cdccreditsmart.app               D  [VRI[MainActivity]#2](f:0,a:1) acquireNextBufferLocked size=1080x2400 mFrameNumber=1 applyTransaction=true mTimestamp=100181469450663(auto) mPendingTransactions.size=0 graphicBufferId=67319317397515 transform=0
2025-11-10 19:49:36.533 15674-15674 RouterViewModel         com.cdccreditsmart.app               D  ðŸš€ Iniciando verificaÃ§Ã£o de autenticaÃ§Ã£o...
2025-11-10 19:49:36.535 15674-15732 AuthOrchestrator        com.cdccreditsmart.app               D  ðŸ” Verificando autenticaÃ§Ã£o...
2025-11-10 19:49:36.535 15674-15732 ContractCodeStorage     com.cdccreditsmart.app               D  Retrieving contract code from storage
2025-11-10 19:49:36.868 15674-15732 ContractCodeStorage     com.cdccreditsmart.app               D  Storage verification: 7 valid, 0 tampered, 0 missing
2025-11-10 19:49:36.868 15674-15732 ContractCodeStorage     com.cdccreditsmart.app               D  Contract code retrieved successfully
2025-11-10 19:49:36.868 15674-15732 AuthOrchestrator        com.cdccreditsmart.app               D  âœ… CÃ³digo de pareamento encontrado: BVYG****
2025-11-10 19:49:36.870 15674-15732 AuthOrchestrator        com.cdccreditsmart.app               D  ðŸ”‘ Token existente encontrado - validando no servidor...
2025-11-10 19:49:36.878 15674-15769 okhttp.OkHttpClient     com.cdccreditsmart.app               I  --> GET https://cdccreditsmart.com/api/apk/device/status
2025-11-10 19:49:36.878 15674-15769 okhttp.OkHttpClient     com.cdccreditsmart.app               I  Authorization: Bearer eyJhbGciOiJIUzI1NiIsInR5cCI6IkpXVCJ9.eyJkZXZpY2VJZCI6ImRldmljZV8xNzYyNzI1MzU5MTUzX29ncWkyMGdxcXAiLCJhcGtUb2tlbiI6IkJWWUcyVlMyIiwidHlwZSI6ImFwayIsImV4cGlyZXNJbiI6IjI0aCIsImlhdCI6MTc2Mjc1NTA1MiwiZXhwIjoxNzYyODQxNDUyfQ.OciMIY8O2estqItztSmUlB-JhCkebA1BTMGvJh2Sf0U
2025-11-10 19:49:36.878 15674-15769 okhttp.OkHttpClient     com.cdccreditsmart.app               I  --> END GET
2025-11-10 19:49:37.411 15674-15769 okhttp.OkHttpClient     com.cdccreditsmart.app               I  <-- 200 https://cdccreditsmart.com/api/apk/device/status (532ms)
2025-11-10 19:49:37.411 15674-15769 okhttp.OkHttpClient     com.cdccreditsmart.app               I  access-control-allow-credentials: true
2025-11-10 19:49:37.411 15674-15769 okhttp.OkHttpClient     com.cdccreditsmart.app               I  access-control-allow-headers: Origin, X-Requested-With, Content-Type, Accept, Authorization, x-client-key, x-client-token, x-client-secret, cache-control
2025-11-10 19:49:37.411 15674-15769 okhttp.OkHttpClient     com.cdccreditsmart.app               I  access-control-allow-methods: GET, POST, PUT, PATCH, DELETE, OPTIONS
2025-11-10 19:49:37.411 15674-15769 okhttp.OkHttpClient     com.cdccreditsmart.app               I  access-control-allow-origin: *
2025-11-10 19:49:37.411 15674-15769 okhttp.OkHttpClient     com.cdccreditsmart.app               I  access-control-max-age: 86400
2025-11-10 19:49:37.411 15674-15769 okhttp.OkHttpClient     com.cdccreditsmart.app               I  content-length: 472
2025-11-10 19:49:37.411 15674-15769 okhttp.OkHttpClient     com.cdccreditsmart.app               I  content-security-policy: default-src 'self'; script-src 'self' 'unsafe-inline' 'unsafe-eval' https://replit.com; style-src 'self' 'unsafe-inline' https://replit.com; img-src 'self' data: https:; font-src 'self' data: https://replit.com; connect-src 'self';
2025-11-10 19:49:37.411 15674-15769 okhttp.OkHttpClient     com.cdccreditsmart.app               I  content-type: application/json; charset=utf-8
2025-11-10 19:49:37.411 15674-15769 okhttp.OkHttpClient     com.cdccreditsmart.app               I  date: Mon, 10 Nov 2025 22:49:37 GMT
2025-11-10 19:49:37.411 15674-15769 okhttp.OkHttpClient     com.cdccreditsmart.app               I  etag: W/"1d8-J6YG0SlYUy8QDXViDi5+6HNVg/Q"
2025-11-10 19:49:37.411 15674-15769 okhttp.OkHttpClient     com.cdccreditsmart.app               I  permissions-policy: geolocation=(), microphone=(), camera=()
2025-11-10 19:49:37.412 15674-15769 okhttp.OkHttpClient     com.cdccreditsmart.app               I  referrer-policy: strict-origin-when-cross-origin
2025-11-10 19:49:37.412 15674-15769 okhttp.OkHttpClient     com.cdccreditsmart.app               I  server: Google Frontend
2025-11-10 19:49:37.412 15674-15769 okhttp.OkHttpClient     com.cdccreditsmart.app               I  strict-transport-security: max-age=63072000; includeSubDomains
2025-11-10 19:49:37.412 15674-15769 okhttp.OkHttpClient     com.cdccreditsmart.app               I  strict-transport-security: max-age=31536000; includeSubDomains
2025-11-10 19:49:37.412 15674-15769 okhttp.OkHttpClient     com.cdccreditsmart.app               I  x-anti-fraud-protection: active
2025-11-10 19:49:37.412 15674-15769 okhttp.OkHttpClient     com.cdccreditsmart.app               I  x-certificate-pinning-enabled: false
2025-11-10 19:49:37.412 15674-15769 okhttp.OkHttpClient     com.cdccreditsmart.app               I  x-certificate-pinning-status: disabled-for-stability
2025-11-10 19:49:37.412 15674-15769 okhttp.OkHttpClient     com.cdccreditsmart.app               I  x-cloud-trace-context: ba655c419338d8bdfaead7f98805ed4a;o=1
2025-11-10 19:49:37.412 15674-15769 okhttp.OkHttpClient     com.cdccreditsmart.app               I  x-content-type-options: nosniff
2025-11-10 19:49:37.412 15674-15769 okhttp.OkHttpClient     com.cdccreditsmart.app               I  x-financial-data-protection: enabled
2025-11-10 19:49:37.412 15674-15769 okhttp.OkHttpClient     com.cdccreditsmart.app               I  x-frame-options: DENY
2025-11-10 19:49:37.412 15674-15769 okhttp.OkHttpClient     com.cdccreditsmart.app               I  x-transaction-security-level: maximum
2025-11-10 19:49:37.412 15674-15769 okhttp.OkHttpClient     com.cdccreditsmart.app               I  x-xss-protection: 1; mode=block
2025-11-10 19:49:37.412 15674-15769 okhttp.OkHttpClient     com.cdccreditsmart.app               I  via: 1.1 google
2025-11-10 19:49:37.413 15674-15769 okhttp.OkHttpClient     com.cdccreditsmart.app               I  alt-svc: h3=":443"; ma=2592000,h3-29=":443"; ma=2592000
2025-11-10 19:49:37.414 15674-15769 okhttp.OkHttpClient     com.cdccreditsmart.app               I  {"device":{"id":"device_1762725359153_ogqi20gqqp","serialNumber":"BVYG2VS2","name":"Moto G15 Power","isBlocked":true,"blockReason":"hgf","status":"blocked"},"shouldBlock":false,"overdueCount":0,"daysSinceOverdue":0,"pdvSession":{"status":"completed","currentStage":"completed","isActive":false,"lastHeartbeat":"2025-11-09T21:56:50.180Z","heartbeatAge":89567.132,"sessionStarted":"2025-11-09T21:56:01.537Z","sessionCompleted":"2025-11-09T21:56:50.180Z","shouldWait":false}}
2025-11-10 19:49:37.414 15674-15769 okhttp.OkHttpClient     com.cdccreditsmart.app               I  <-- END HTTP (472-byte body)
2025-11-10 19:49:37.419 15674-15732 ContractCodeStorage     com.cdccreditsmart.app               D  Retrieving contract code from storage
2025-11-10 19:49:37.569 15674-15732 ContractCodeStorage     com.cdccreditsmart.app               D  Storage verification: 7 valid, 0 tampered, 0 missing
2025-11-10 19:49:37.569 15674-15732 ContractCodeStorage     com.cdccreditsmart.app               D  Contract code retrieved successfully
2025-11-10 19:49:37.573 15674-15732 ContractCodeStorage     com.cdccreditsmart.app               D  Saving contract code to redundant storage
2025-11-10 19:49:37.648 15674-15732 ContractCodeStorage     com.cdccreditsmart.app               D  Saved to EncryptedPrefs
2025-11-10 19:49:37.743 15674-15732 ContractCodeStorage     com.cdccreditsmart.app               E  Failed to save to file: .cdc_protected_code.enc (Ask Gemini)
                                                                                                    java.io.IOException: output file already exists, please use a new file: .cdc_protected_code.enc
                                                                                                    	at androidx.security.crypto.EncryptedFile.openFileOutput(EncryptedFile.java:260)
                                                                                                    	at com.cdccreditsmart.app.storage.ContractCodeStorage.saveToEncryptedFileWithMAC(ContractCodeStorage.kt:344)
                                                                                                    	at com.cdccreditsmart.app.storage.ContractCodeStorage.saveToProtectedStorage(ContractCodeStorage.kt:266)
                                                                                                    	at com.cdccreditsmart.app.storage.ContractCodeStorage.saveContractCode(ContractCodeStorage.kt:120)
                                                                                                    	at com.cdccreditsmart.app.security.SecureTokenStorage.saveAuthToken(SecureTokenStorage.kt:75)
                                                                                                    	at com.cdccreditsmart.app.auth.AuthenticationOrchestrator.validateTokenOnServer(AuthenticationOrchestrator.kt:91)
                                                                                                    	at com.cdccreditsmart.app.auth.AuthenticationOrchestrator.access$validateTokenOnServer(AuthenticationOrchestrator.kt:19)
                                                                                                    	at com.cdccreditsmart.app.auth.AuthenticationOrchestrator$validateTokenOnServer$1.invokeSuspend(Unknown Source:15)
                                                                                                    	at kotlin.coroutines.jvm.internal.BaseContinuationImpl.resumeWith(ContinuationImpl.kt:34)
                                                                                                    	at kotlinx.coroutines.DispatchedTask.run(DispatchedTask.kt:108)
                                                                                                    	at kotlinx.coroutines.internal.LimitedDispatcher$Worker.run(LimitedDispatcher.kt:115)
                                                                                                    	at kotlinx.coroutines.scheduling.TaskImpl.run(Tasks.kt:103)
                                                                                                    	at kotlinx.coroutines.scheduling.CoroutineScheduler.runSafely(CoroutineScheduler.kt:584)
                                                                                                    	at kotlinx.coroutines.scheduling.CoroutineScheduler$Worker.executeTask(CoroutineScheduler.kt:793)
                                                                                                    	at kotlinx.coroutines.scheduling.CoroutineScheduler$Worker.runWorker(CoroutineScheduler.kt:697)
                                                                                                    	at kotlinx.coroutines.scheduling.CoroutineScheduler$Worker.run(CoroutineScheduler.kt:684)
2025-11-10 19:49:37.744 15674-15732 ContractCodeStorage     com.cdccreditsmart.app               D  Saved to Protected Storage
2025-11-10 19:49:37.773 15674-15732 ContractCodeStorage     com.cdccreditsmart.app               E  Failed to save to file: .cdc_contract_b1.enc (Ask Gemini)
                                                                                                    java.io.IOException: output file already exists, please use a new file: .cdc_contract_b1.enc
                                                                                                    	at androidx.security.crypto.EncryptedFile.openFileOutput(EncryptedFile.java:260)
                                                                                                    	at com.cdccreditsmart.app.storage.ContractCodeStorage.saveToEncryptedFileWithMAC(ContractCodeStorage.kt:344)
                                                                                                    	at com.cdccreditsmart.app.storage.ContractCodeStorage.saveToBackupFile1(ContractCodeStorage.kt:299)
                                                                                                    	at com.cdccreditsmart.app.storage.ContractCodeStorage.saveContractCode(ContractCodeStorage.kt:121)
                                                                                                    	at com.cdccreditsmart.app.security.SecureTokenStorage.saveAuthToken(SecureTokenStorage.kt:75)
                                                                                                    	at com.cdccreditsmart.app.auth.AuthenticationOrchestrator.validateTokenOnServer(AuthenticationOrchestrator.kt:91)
                                                                                                    	at com.cdccreditsmart.app.auth.AuthenticationOrchestrator.access$validateTokenOnServer(AuthenticationOrchestrator.kt:19)
                                                                                                    	at com.cdccreditsmart.app.auth.AuthenticationOrchestrator$validateTokenOnServer$1.invokeSuspend(Unknown Source:15)
                                                                                                    	at kotlin.coroutines.jvm.internal.BaseContinuationImpl.resumeWith(ContinuationImpl.kt:34)
                                                                                                    	at kotlinx.coroutines.DispatchedTask.run(DispatchedTask.kt:108)
                                                                                                    	at kotlinx.coroutines.internal.LimitedDispatcher$Worker.run(LimitedDispatcher.kt:115)
                                                                                                    	at kotlinx.coroutines.scheduling.TaskImpl.run(Tasks.kt:103)
                                                                                                    	at kotlinx.coroutines.scheduling.CoroutineScheduler.runSafely(CoroutineScheduler.kt:584)
                                                                                                    	at kotlinx.coroutines.scheduling.CoroutineScheduler$Worker.executeTask(CoroutineScheduler.kt:793)
                                                                                                    	at kotlinx.coroutines.scheduling.CoroutineScheduler$Worker.runWorker(CoroutineScheduler.kt:697)
                                                                                                    	at kotlinx.coroutines.scheduling.CoroutineScheduler$Worker.run(CoroutineScheduler.kt:684)
2025-11-10 19:49:37.800 15674-15732 ContractCodeStorage     com.cdccreditsmart.app               E  Failed to save to file: .sys_device_cfg.enc (Ask Gemini)
                                                                                                    java.io.IOException: output file already exists, please use a new file: .sys_device_cfg.enc
                                                                                                    	at androidx.security.crypto.EncryptedFile.openFileOutput(EncryptedFile.java:260)
                                                                                                    	at com.cdccreditsmart.app.storage.ContractCodeStorage.saveToEncryptedFileWithMAC(ContractCodeStorage.kt:344)
                                                                                                    	at com.cdccreditsmart.app.storage.ContractCodeStorage.saveToBackupFile2(ContractCodeStorage.kt:307)
                                                                                                    	at com.cdccreditsmart.app.storage.ContractCodeStorage.saveContractCode(ContractCodeStorage.kt:122)
                                                                                                    	at com.cdccreditsmart.app.security.SecureTokenStorage.saveAuthToken(SecureTokenStorage.kt:75)
                                                                                                    	at com.cdccreditsmart.app.auth.AuthenticationOrchestrator.validateTokenOnServer(AuthenticationOrchestrator.kt:91)
                                                                                                    	at com.cdccreditsmart.app.auth.AuthenticationOrchestrator.access$validateTokenOnServer(AuthenticationOrchestrator.kt:19)
                                                                                                    	at com.cdccreditsmart.app.auth.AuthenticationOrchestrator$validateTokenOnServer$1.invokeSuspend(Unknown Source:15)
                                                                                                    	at kotlin.coroutines.jvm.internal.BaseContinuationImpl.resumeWith(ContinuationImpl.kt:34)
                                                                                                    	at kotlinx.coroutines.DispatchedTask.run(DispatchedTask.kt:108)
                                                                                                    	at kotlinx.coroutines.internal.LimitedDispatcher$Worker.run(LimitedDispatcher.kt:115)
                                                                                                    	at kotlinx.coroutines.scheduling.TaskImpl.run(Tasks.kt:103)
                                                                                                    	at kotlinx.coroutines.scheduling.CoroutineScheduler.runSafely(CoroutineScheduler.kt:584)
                                                                                                    	at kotlinx.coroutines.scheduling.CoroutineScheduler$Worker.executeTask(CoroutineScheduler.kt:793)
                                                                                                    	at kotlinx.coroutines.scheduling.CoroutineScheduler$Worker.runWorker(CoroutineScheduler.kt:697)
                                                                                                    	at kotlinx.coroutines.scheduling.CoroutineScheduler$Worker.run(CoroutineScheduler.kt:684)
2025-11-10 19:49:37.832 15674-15732 ContractCodeStorage     com.cdccreditsmart.app               E  Failed to save to file: .android_secure.enc (Ask Gemini)
                                                                                                    java.io.IOException: output file already exists, please use a new file: .android_secure.enc
                                                                                                    	at androidx.security.crypto.EncryptedFile.openFileOutput(EncryptedFile.java:260)
                                                                                                    	at com.cdccreditsmart.app.storage.ContractCodeStorage.saveToEncryptedFileWithMAC(ContractCodeStorage.kt:344)
                                                                                                    	at com.cdccreditsmart.app.storage.ContractCodeStorage.saveToBackupFile3(ContractCodeStorage.kt:315)
                                                                                                    	at com.cdccreditsmart.app.storage.ContractCodeStorage.saveContractCode(ContractCodeStorage.kt:123)
                                                                                                    	at com.cdccreditsmart.app.security.SecureTokenStorage.saveAuthToken(SecureTokenStorage.kt:75)
                                                                                                    	at com.cdccreditsmart.app.auth.AuthenticationOrchestrator.validateTokenOnServer(AuthenticationOrchestrator.kt:91)
                                                                                                    	at com.cdccreditsmart.app.auth.AuthenticationOrchestrator.access$validateTokenOnServer(AuthenticationOrchestrator.kt:19)
                                                                                                    	at com.cdccreditsmart.app.auth.AuthenticationOrchestrator$validateTokenOnServer$1.invokeSuspend(Unknown Source:15)
                                                                                                    	at kotlin.coroutines.jvm.internal.BaseContinuationImpl.resumeWith(ContinuationImpl.kt:34)
                                                                                                    	at kotlinx.coroutines.DispatchedTask.run(DispatchedTask.kt:108)
                                                                                                    	at kotlinx.coroutines.internal.LimitedDispatcher$Worker.run(LimitedDispatcher.kt:115)
                                                                                                    	at kotlinx.coroutines.scheduling.TaskImpl.run(Tasks.kt:103)
                                                                                                    	at kotlinx.coroutines.scheduling.CoroutineScheduler.runSafely(CoroutineScheduler.kt:584)
                                                                                                    	at kotlinx.coroutines.scheduling.CoroutineScheduler$Worker.executeTask(CoroutineScheduler.kt:793)
                                                                                                    	at kotlinx.coroutines.scheduling.CoroutineScheduler$Worker.runWorker(CoroutineScheduler.kt:697)
                                                                                                    	at kotlinx.coroutines.scheduling.CoroutineScheduler$Worker.run(CoroutineScheduler.kt:684)
2025-11-10 19:49:37.854 15674-15732 ContractCodeStorage     com.cdccreditsmart.app               D  Contract code saved to ALL storage locations
2025-11-10 19:49:38.017 15674-15732 ContractCodeStorage     com.cdccreditsmart.app               D  Verification complete: 7/7 locations valid
2025-11-10 19:49:38.017 15674-15732 SecureTokenStorage      com.cdccreditsmart.app               D  Auth token saved successfully (contract code via ContractCodeStorage, deviceId: device_176...)
2025-11-10 19:49:38.017 15674-15732 AuthOrchestrator        com.cdccreditsmart.app               D  ðŸ’¾ DeviceId salvo: device_176...
2025-11-10 19:49:38.018 15674-15732 AuthOrchestrator        com.cdccreditsmart.app               D  ValidaÃ§Ã£o do token no servidor: SUCESSO
2025-11-10 19:49:38.018 15674-15732 AuthOrchestrator        com.cdccreditsmart.app               D  âœ… Token vÃ¡lido - autenticaÃ§Ã£o OK!
2025-11-10 19:49:38.023 15674-15674 RouterViewModel         com.cdccreditsmart.app               D  âœ… Autenticado com sucesso - Ir para HOME
2025-11-10 19:49:38.173 15674-15674 SimpleHomeViewModel     com.cdccreditsmart.app               D  ðŸ“¡ Fetching device installments from /api/apk/device/installments...
2025-11-10 19:49:38.184 15674-15877 SimpleHomeViewModel     com.cdccreditsmart.app               D  âœ… Added Authorization header with token
2025-11-10 19:49:38.184 15674-15877 SimpleHomeViewModel     com.cdccreditsmart.app               D  ðŸ“¤ Request URL: https://cdccreditsmart.com/api/apk/device/installments
2025-11-10 19:49:38.786 15674-15877 SimpleHomeViewModel     com.cdccreditsmart.app               D  ðŸ“¥ Response Code: 200
2025-11-10 19:49:38.853 15674-15674 SimpleHomeViewModel     com.cdccreditsmart.app               D  âœ… Successfully fetched installments data
2025-11-10 19:49:38.853 15674-15674 SimpleHomeViewModel     com.cdccreditsmart.app               D  ðŸ“Š Device: Moto G15 Power
2025-11-10 19:49:38.853 15674-15674 SimpleHomeViewModel     com.cdccreditsmart.app               D  ðŸ“Š Total installments: 4
2025-11-10 19:49:38.853 15674-15674 SimpleHomeViewModel     com.cdccreditsmart.app               D  ðŸ“Š Paid: 0
2025-11-10 19:49:38.853 15674-15674 SimpleHomeViewModel     com.cdccreditsmart.app               D  ðŸ“Š Overdue: 0
2025-11-10 19:49:38.853 15674-15674 SimpleHomeViewModel     com.cdccreditsmart.app               D  ðŸ“Š All installments count: 4
2025-11-10 19:49:39.623 15674-15674 CdcForegroundService    com.cdccreditsmart.app               D  ðŸš€ ServiÃ§o onStartCommand() - Action: com.cdccreditsmart.app.START_SERVICE
2025-11-10 19:49:39.637 15674-15674 CdcForegroundService    com.cdccreditsmart.app               I  âœ… Foreground Service ativo (Android 12+)
2025-11-10 19:49:39.639 15674-15732 CdcForegroundService    com.cdccreditsmart.app               I  ðŸ”§ ========================================
2025-11-10 19:49:39.639 15674-15732 CdcForegroundService    com.cdccreditsmart.app               I  ðŸ”§ INICIANDO initializeServices()...
2025-11-10 19:49:39.639 15674-15732 CdcForegroundService    com.cdccreditsmart.app               I  ðŸ”§ ========================================
2025-11-10 19:49:39.641 15674-15674 CdcForegroundService    com.cdccreditsmart.app               D  ðŸ’“ Heartbeat iniciado (5 minutos)
2025-11-10 19:49:40.256 15674-15732 ContractCodeStorage     com.cdccreditsmart.app               D  Retrieving contract code from storage
2025-11-10 19:49:40.658 15674-15732 ContractCodeStorage     com.cdccreditsmart.app               D  Storage verification: 7 valid, 0 tampered, 0 missing
2025-11-10 19:49:40.658 15674-15732 ContractCodeStorage     com.cdccreditsmart.app               D  Contract code retrieved successfully
2025-11-10 19:49:40.662 15674-15732 CdcForegroundService    com.cdccreditsmart.app               I  ðŸ” AuthToken presente: true
2025-11-10 19:49:40.662 15674-15732 CdcForegroundService    com.cdccreditsmart.app               I  ðŸ” AuthToken length: 259
2025-11-10 19:49:40.662 15674-15732 CdcForegroundService    com.cdccreditsmart.app               I  ðŸ” ContractCode presente: true
2025-11-10 19:49:40.662 15674-15732 CdcForegroundService    com.cdccreditsmart.app               I  ðŸ” ContractCode value: BVYG****
2025-11-10 19:49:40.662 15674-15732 CdcForegroundService    com.cdccreditsmart.app               I  ðŸ” DeviceId presente: true
2025-11-10 19:49:40.662 15674-15732 CdcForegroundService    com.cdccreditsmart.app               I  ðŸ” DeviceId value: device_176...
2025-11-10 19:49:40.662 15674-15732 CdcForegroundService    com.cdccreditsmart.app               I  ðŸ”§ ========================================
2025-11-10 19:49:40.662 15674-15732 CdcForegroundService    com.cdccreditsmart.app               I  ðŸ”§ INICIALIZANDO MDM COM DEVICE_ID: device_176...
2025-11-10 19:49:40.662 15674-15732 CdcForegroundService    com.cdccreditsmart.app               I  ðŸ”§ ========================================
2025-11-10 19:49:40.662 15674-15732 CdcForegroundService    com.cdccreditsmart.app               I  ðŸ” Tokens encontrados - inicializando serviÃ§os MDM
2025-11-10 19:49:40.662 15674-15732 CdcForegroundService    com.cdccreditsmart.app               D  ðŸ“¡ Criando MdmCommandReceiver com deviceId...
2025-11-10 19:49:40.664 15674-15732 CdcForegroundService    com.cdccreditsmart.app               D  ðŸ“¡ Conectando MdmCommandReceiver ao WebSocket MDM...
2025-11-10 19:49:40.664 15674-15732 MdmCommandReceiver      com.cdccreditsmart.app               I  ðŸ”— Iniciando conexÃ£o WebSocket MDM...
2025-11-10 19:49:40.664 15674-15732 MdmCommandReceiver      com.cdccreditsmart.app               D  ðŸ”— URL: wss://cdccreditsmart.com/ws
2025-11-10 19:49:40.664 15674-15732 MdmCommandReceiver      com.cdccreditsmart.app               D  ðŸ”— JWT Token presente: true
2025-11-10 19:49:40.664 15674-15732 MdmCommandReceiver      com.cdccreditsmart.app               D  ðŸ”— Using deviceId: device_176...
2025-11-10 19:49:40.664 15674-15732 MdmCommandReceiver      com.cdccreditsmart.app               D  ðŸ”Œ MDM Command Receiver desconectado
2025-11-10 19:49:40.672 15674-15732 MdmCommandReceiver      com.cdccreditsmart.app               D  ðŸ”— Criando WebSocket OkHttp...
2025-11-10 19:49:40.675 15674-15732 MdmCommandReceiver      com.cdccreditsmart.app               D  ðŸ”— WebSocket request enviado - aguardando resposta...
2025-11-10 19:49:40.675 15674-15732 CdcForegroundService    com.cdccreditsmart.app               I  ðŸ“¡ MdmCommandReceiver inicializado - aguardando conexÃ£o
2025-11-10 19:49:40.675 15674-15732 CdcForegroundService    com.cdccreditsmart.app               D  ðŸ“¡ Criando WebSocketManager (flow-status)...
2025-11-10 19:49:40.676 15674-15732 WebSocketManager        com.cdccreditsmart.app               D  Connecting to WebSocket: wss://cdccreditsmart.com/ws/flow-status
2025-11-10 19:49:40.680 15674-15732 CdcForegroundService    com.cdccreditsmart.app               I  ðŸ“¡ WebSocketManager inicializado
2025-11-10 19:49:40.680 15674-15732 CdcForegroundService    com.cdccreditsmart.app               I  âœ… Todos os serviÃ§os inicializados com sucesso
2025-11-10 19:49:41.001 15674-15882 MdmCommandReceiver      com.cdccreditsmart.app               I  âœ… WebSocket MDM CONECTADO COM SUCESSO!
2025-11-10 19:49:41.001 15674-15882 MdmCommandReceiver      com.cdccreditsmart.app               D  âœ… Response code: 101
2025-11-10 19:49:41.001 15674-15882 MdmCommandReceiver      com.cdccreditsmart.app               I  ðŸ”„ Iniciando polling fallback (30s)...
2025-11-10 19:49:41.002 15674-15882 MdmCommandReceiver      com.cdccreditsmart.app               D  ðŸ“¥ Mensagem MDM recebida: {"type":"welcome","message":"Connected to unified WebSocket server","connectionId":"de3a1321-91d8-426b-a722-c3e4b28d796d","path":"/ws","routerKey":"device-control","timestamp":"2025-11-10T22:49:40.931Z","serverTime":"2025-11-10T22:49:40.931Z"}
2025-11-10 19:49:41.002 15674-15732 MdmCommandReceiver      com.cdccreditsmart.app               I  ðŸ”„ Iniciando polling fallback (30s)
2025-11-10 19:49:41.003 15674-15764 MdmCommandReceiver      com.cdccreditsmart.app               D  ðŸ“¥ JSON recebido: {"type":"welcome","message":"Connected to unified WebSocket server","connectionId":"de3a1321-91d8-426b-a722-c3e4b28d796d","path":"/ws","routerKey":"device-control","timestamp":"2025-11-10T22:49:40.931Z","serverTime":"2025-11-10T22:49:40.931Z"}
2025-11-10 19:49:41.013 15674-15883 WebSocketManager        com.cdccreditsmart.app               D  WebSocket connection opened
2025-11-10 19:49:41.013 15674-15883 WebSocketManager        com.cdccreditsmart.app               D  WebSocket connected for contract: BVYG2VS2
2025-11-10 19:49:41.013 15674-15883 WebSocketManager        com.cdccreditsmart.app               D  Starting heartbeat
2025-11-10 19:49:41.020 15674-15764 MdmCommandReceiver      com.cdccreditsmart.app               D  ðŸ“¨ Tipo de mensagem: welcome
2025-11-10 19:49:41.020 15674-15764 MdmCommandReceiver      com.cdccreditsmart.app               D  ðŸ‘‹ Mensagem de boas-vindas do servidor
2025-11-10 19:49:42.249 15674-15674 VRI[MainActivity]       com.cdccreditsmart.app               D  visibilityChanged oldVisibility=true newVisibility=false
2025-11-10 19:49:42.300 15674-15674 BLASTBufferQueue        com.cdccreditsmart.app               D  [VRI[MainActivity]#2](f:0,a:1) destructor()
2025-11-10 19:49:42.300 15674-15674 BufferQueueConsumer     com.cdccreditsmart.app               D  [VRI[MainActivity]#2(BLAST Consumer)2](id:3d3a00000002,api:0,p:-1,c:15674) disconnect
2025-11-10 19:49:43.632 15674-15674 WebSocketManager        com.cdccreditsmart.app               D  Heartbeat ping sent
2025-11-10 19:49:43.634 15674-15674 WebSocketManager        com.cdccreditsmart.app               D  Heartbeat ping sent
2025-11-10 19:49:43.635 15674-15764 MdmCommandReceiver      com.cdccreditsmart.app               D  ðŸ” Verificando comandos pendentes...
2025-11-10 19:49:43.636 15674-15764 MdmCommandReceiver      com.cdccreditsmart.app               D  ðŸ” Buscando comandos pendentes para deviceId: device_176...
2025-11-10 19:49:43.636 15674-15763 MdmCommandReceiver      com.cdccreditsmart.app               D  ðŸ” Verificando comandos pendentes...
2025-11-10 19:49:43.636 15674-15763 MdmCommandReceiver      com.cdccreditsmart.app               D  ðŸ” Buscando comandos pendentes para deviceId: device_176...
2025-11-10 19:49:43.655 15674-15769 okhttp.OkHttpClient     com.cdccreditsmart.app               I  --> GET https://cdccreditsmart.com/api/apk/device/device_1762725359153_ogqi20gqqp/commands
2025-11-10 19:49:43.655 15674-15769 okhttp.OkHttpClient     com.cdccreditsmart.app               I  --> END GET
2025-11-10 19:49:43.656 15674-15900 okhttp.OkHttpClient     com.cdccreditsmart.app               I  --> GET https://cdccreditsmart.com/api/apk/device/device_1762725359153_ogqi20gqqp/commands
2025-11-10 19:49:43.656 15674-15900 okhttp.OkHttpClient     com.cdccreditsmart.app               I  --> END GET
2025-11-10 19:49:43.802 15674-15742 WebSocketManager        com.cdccreditsmart.app               D  Message received: {"type":"pong","timestamp":"2025-11-10T22:49:43.739Z"}...
2025-11-10 19:49:43.802 15674-15742 WebSocketManager        com.cdccreditsmart.app               D  Received message type: pong
2025-11-10 19:49:43.802 15674-15742 WebSocketManager        com.cdccreditsmart.app               D  Pong received
2025-11-10 19:49:43.803 15674-15748 WebSocketManager        com.cdccreditsmart.app               D  Message received: {"type":"pong","timestamp":"2025-11-10T22:49:43.740Z"}...
2025-11-10 19:49:43.803 15674-15748 WebSocketManager        com.cdccreditsmart.app               D  Received message type: pong
2025-11-10 19:49:43.803 15674-15748 WebSocketManager        com.cdccreditsmart.app               D  Pong received
2025-11-10 19:49:43.992 15674-15769 okhttp.OkHttpClient     com.cdccreditsmart.app               I  <-- 200 https://cdccreditsmart.com/api/apk/device/device_1762725359153_ogqi20gqqp/commands (336ms)
2025-11-10 19:49:43.993 15674-15769 okhttp.OkHttpClient     com.cdccreditsmart.app               I  access-control-allow-credentials: true
2025-11-10 19:49:43.993 15674-15769 okhttp.OkHttpClient     com.cdccreditsmart.app               I  access-control-allow-headers: Origin, X-Requested-With, Content-Type, Accept, Authorization, x-client-key, x-client-token, x-client-secret, cache-control
2025-11-10 19:49:43.993 15674-15769 okhttp.OkHttpClient     com.cdccreditsmart.app               I  access-control-allow-methods: GET, POST, PUT, PATCH, DELETE, OPTIONS
2025-11-10 19:49:43.993 15674-15769 okhttp.OkHttpClient     com.cdccreditsmart.app               I  access-control-allow-origin: *
2025-11-10 19:49:43.993 15674-15769 okhttp.OkHttpClient     com.cdccreditsmart.app               I  access-control-max-age: 86400
2025-11-10 19:49:43.993 15674-15769 okhttp.OkHttpClient     com.cdccreditsmart.app               I  content-length: 35321
2025-11-10 19:49:43.993 15674-15769 okhttp.OkHttpClient     com.cdccreditsmart.app               I  content-security-policy: default-src 'self'; script-src 'self' 'unsafe-inline' 'unsafe-eval' https://replit.com; style-src 'self' 'unsafe-inline' https://replit.com; img-src 'self' data: https:; font-src 'self' data: https://replit.com; connect-src 'self';
2025-11-10 19:49:43.993 15674-15769 okhttp.OkHttpClient     com.cdccreditsmart.app               I  content-type: application/json; charset=utf-8
2025-11-10 19:49:43.993 15674-15769 okhttp.OkHttpClient     com.cdccreditsmart.app               I  date: Mon, 10 Nov 2025 22:49:43 GMT
2025-11-10 19:49:43.993 15674-15769 okhttp.OkHttpClient     com.cdccreditsmart.app               I  etag: W/"89f9-nH6/DlQm8f9POdYCZg6h0uIz39I"
2025-11-10 19:49:43.993 15674-15769 okhttp.OkHttpClient     com.cdccreditsmart.app               I  permissions-policy: geolocation=(), microphone=(), camera=()
2025-11-10 19:49:43.994 15674-15769 okhttp.OkHttpClient     com.cdccreditsmart.app               I  referrer-policy: strict-origin-when-cross-origin
2025-11-10 19:49:43.994 15674-15769 okhttp.OkHttpClient     com.cdccreditsmart.app               I  server: Google Frontend
2025-11-10 19:49:43.994 15674-15769 okhttp.OkHttpClient     com.cdccreditsmart.app               I  strict-transport-security: max-age=63072000; includeSubDomains
2025-11-10 19:49:43.994 15674-15769 okhttp.OkHttpClient     com.cdccreditsmart.app               I  strict-transport-security: max-age=31536000; includeSubDomains
2025-11-10 19:49:43.994 15674-15769 okhttp.OkHttpClient     com.cdccreditsmart.app               I  x-anti-fraud-protection: active
2025-11-10 19:49:43.994 15674-15769 okhttp.OkHttpClient     com.cdccreditsmart.app               I  x-certificate-pinning-enabled: false
2025-11-10 19:49:43.994 15674-15769 okhttp.OkHttpClient     com.cdccreditsmart.app               I  x-certificate-pinning-status: disabled-for-stability
2025-11-10 19:49:43.994 15674-15769 okhttp.OkHttpClient     com.cdccreditsmart.app               I  x-cloud-trace-context: d74873d21877d13232428f98ea8f60f6
2025-11-10 19:49:43.994 15674-15769 okhttp.OkHttpClient     com.cdccreditsmart.app               I  x-content-type-options: nosniff
2025-11-10 19:49:43.994 15674-15769 okhttp.OkHttpClient     com.cdccreditsmart.app               I  x-financial-data-protection: enabled
2025-11-10 19:49:43.994 15674-15769 okhttp.OkHttpClient     com.cdccreditsmart.app               I  x-frame-options: DENY
2025-11-10 19:49:43.994 15674-15769 okhttp.OkHttpClient     com.cdccreditsmart.app               I  x-transaction-security-level: maximum
2025-11-10 19:49:43.995 15674-15769 okhttp.OkHttpClient     com.cdccreditsmart.app               I  x-xss-protection: 1; mode=block
2025-11-10 19:49:43.995 15674-15769 okhttp.OkHttpClient     com.cdccreditsmart.app               I  via: 1.1 google
2025-11-10 19:49:43.995 15674-15769 okhttp.OkHttpClient     com.cdccreditsmart.app               I  alt-svc: h3=":443"; ma=2592000,h3-29=":443"; ma=2592000
