2025-12-04 06:13:06.310 11139-11180 CDCApplication          com.cdccreditsmart.app               W  âš ï¸ VerificaÃ§Ã£o de SIM swap falhou ou encontrou problemas
2025-12-04 06:13:06.332 11139-11175 FA                      com.cdccreditsmart.app               I  Tag Manager is not found and thus will not be used
2025-12-04 06:13:06.337 11139-11139 ContractCodeStorage     com.cdccreditsmart.app               D  Retrieving contract code from storage
2025-12-04 06:13:06.434 11139-11139 ContractCodeStorage     com.cdccreditsmart.app               D  Storage verification: 0 valid, 0 tampered, 7 missing
2025-12-04 06:13:06.434 11139-11139 ContractCodeStorage     com.cdccreditsmart.app               W  No valid contract code found in any location
2025-12-04 06:13:06.434 11139-11139 CDCApplication          com.cdccreditsmart.app               I  â¸ï¸ Sem tokens - aguardando pairing para iniciar serviÃ§o MDM
2025-12-04 06:13:06.436 11139-11139 AutoBlockingWorker      com.cdccreditsmart.app               I  âœ… VerificaÃ§Ã£o automÃ¡tica de bloqueio agendada (diariamente Ã s 00:00)
2025-12-04 06:13:06.437 11139-11139 AutoBlockingWorker      com.cdccreditsmart.app               I     PrÃ³xima execuÃ§Ã£o em: 886 minutos
2025-12-04 06:13:06.437 11139-11139 CDCApplication          com.cdccreditsmart.app               I  ğŸ“… Agendando overlay automÃ¡tico com intervalo progressivo...
2025-12-04 06:13:06.439 11139-11139 PeriodicOverlayWorker   com.cdccreditsmart.app               I  ğŸ“… Agendando overlay automÃ¡tico com INTERVALO PROGRESSIVO
2025-12-04 06:13:06.439 11139-11139 PeriodicOverlayWorker   com.cdccreditsmart.app               I     1-4 dias de atraso: a cada 10 minutos
2025-12-04 06:13:06.439 11139-11139 PeriodicOverlayWorker   com.cdccreditsmart.app               I     5-14 dias de atraso: a cada 5 minutos
2025-12-04 06:13:06.439 11139-11139 PeriodicOverlayWorker   com.cdccreditsmart.app               I     15+ dias de atraso: a cada 3 minutos
2025-12-04 06:13:06.439 11139-11139 WM-WorkSpec             com.cdccreditsmart.app               W  Interval duration lesser than minimum allowed value; Changed to 900000
2025-12-04 06:13:06.439 11139-11139 WM-WorkSpec             com.cdccreditsmart.app               W  Flex duration lesser than minimum allowed value; Changed to 300000
2025-12-04 06:13:06.440 11139-11139 PeriodicOverlayWorker   com.cdccreditsmart.app               I  âœ… Overlay automÃ¡tico agendado com sucesso
2025-12-04 06:13:06.440 11139-11139 CDCApplication          com.cdccreditsmart.app               I  ğŸ”’ Iniciando sistema Keep Alive...
2025-12-04 06:13:06.441 11139-11139 KeepAliveManager        com.cdccreditsmart.app               I  ğŸ”’ ========================================
2025-12-04 06:13:06.441 11139-11139 KeepAliveManager        com.cdccreditsmart.app               I  ğŸ”’ INICIANDO SISTEMA KEEP ALIVE
2025-12-04 06:13:06.441 11139-11139 KeepAliveManager        com.cdccreditsmart.app               I  ğŸ”’ ========================================
2025-12-04 06:13:06.441 11139-11139 KeepAliveManager        com.cdccreditsmart.app               I  âœ… ServiceWatchdogWorker agendado (15min)
2025-12-04 06:13:06.442 11139-11139 KeepAliveManager        com.cdccreditsmart.app               I  âœ… AlarmManager wakeup agendado (10min)
2025-12-04 06:13:06.444 11139-11139 KeepAliveManager        com.cdccreditsmart.app               I  ğŸ”‹ Tentando desativar otimizaÃ§Ã£o de bateria automaticamente...
2025-12-04 06:13:06.446 11139-11139 KeepAliveManager        com.cdccreditsmart.app               I  ğŸ”‹ App NÃƒO Ã© Device Owner - abrindo configuraÃ§Ãµes do sistema
2025-12-04 06:13:06.450 11139-11139 KeepAliveManager        com.cdccreditsmart.app               I  âœ… Tela de isenÃ§Ã£o de bateria aberta para o usuÃ¡rio
2025-12-04 06:13:06.450 11139-11139 KeepAliveManager        com.cdccreditsmart.app               I  ğŸ”’ Sistema Keep Alive ativo
2025-12-04 06:13:06.451 11139-11139 KeepAliveManager        com.cdccreditsmart.app               I  ğŸ”’ - WorkManager: verificaÃ§Ã£o a cada 15min
2025-12-04 06:13:06.451 11139-11139 KeepAliveManager        com.cdccreditsmart.app               I  ğŸ”’ - AlarmManager: wakeup a cada 10min
2025-12-04 06:13:06.451 11139-11139 KeepAliveManager        com.cdccreditsmart.app               I  ğŸ”’ ========================================
2025-12-04 06:13:06.452 11139-11139 CDCApplication          com.cdccreditsmart.app               I  ğŸ“Š Keep Alive Stats:
2025-12-04 06:13:06.452 11139-11139 CDCApplication          com.cdccreditsmart.app               I     - Restarts anteriores: 0
2025-12-04 06:13:06.452 11139-11139 CDCApplication          com.cdccreditsmart.app               I     - OtimizaÃ§Ã£o bateria: SIM (ruim)
2025-12-04 06:13:06.459 11139-11139 Choreographer           com.cdccreditsmart.app               I  Skipped 33 frames!  The application may be doing too much work on its main thread.
2025-12-04 06:13:06.464 11139-11186 DisplayManager          com.cdccreditsmart.app               I  Choreographer implicitly registered for the refresh rate.
2025-12-04 06:13:06.466 11139-11139 creditsmart.app         com.cdccreditsmart.app               I  AssetManager2(0x7978a5e99b98) locale list changing from [] to [en-US]
2025-12-04 06:13:06.515 11139-11186 EGL_emulation           com.cdccreditsmart.app               I  Opening libGLESv1_CM_emulation.so
2025-12-04 06:13:06.516 11139-11186 EGL_emulation           com.cdccreditsmart.app               I  Opening libGLESv2_emulation.so
2025-12-04 06:13:06.519 11139-11139 CompatChangeReporter    com.cdccreditsmart.app               D  Compat change id reported: 309578419; UID 10223; state: ENABLED
2025-12-04 06:13:06.521 11139-11139 DesktopModeFlags        com.cdccreditsmart.app               D  Toggle override initialized to: OVERRIDE_UNSET
2025-12-04 06:13:06.523 11139-11186 HWUI                    com.cdccreditsmart.app               W  Failed to choose config with EGL_SWAP_BEHAVIOR_PRESERVED, retrying without...
2025-12-04 06:13:06.523 11139-11186 HWUI                    com.cdccreditsmart.app               W  Failed to initialize 101010-2 format, error = EGL_SUCCESS
2025-12-04 06:13:06.535 11139-11139 MainActivity            com.cdccreditsmart.app               I  ========================================
2025-12-04 06:13:06.536 11139-11139 MainActivity            com.cdccreditsmart.app               I  ğŸ“± SOLICITANDO PERMISSÃ•ES (NÃƒO DEVICE OWNER)
2025-12-04 06:13:06.536 11139-11139 MainActivity            com.cdccreditsmart.app               I  ========================================
2025-12-04 06:13:06.538 11139-11182 PersistentStateManager  com.cdccreditsmart.app               D  Nenhum estado local encontrado
2025-12-04 06:13:06.538 11139-11182 PersistentStateManager  com.cdccreditsmart.app               D  ğŸ†• Sem estado local - device novo ou pÃ³s factory reset
2025-12-04 06:13:06.538 11139-11182 MainActivity            com.cdccreditsmart.app               I  ğŸ†• Device nunca foi provisionado
2025-12-04 06:13:06.541 11139-11139 MainActivity            com.cdccreditsmart.app               I  ğŸ“‹ Runtime permissions a solicitar: 9
2025-12-04 06:13:06.541 11139-11139 MainActivity            com.cdccreditsmart.app               D    â€¢ android.permission.READ_PHONE_STATE
2025-12-04 06:13:06.541 11139-11139 MainActivity            com.cdccreditsmart.app               D    â€¢ android.permission.READ_CALL_LOG
2025-12-04 06:13:06.541 11139-11139 MainActivity            com.cdccreditsmart.app               D    â€¢ android.permission.CALL_PHONE
2025-12-04 06:13:06.541 11139-11139 MainActivity            com.cdccreditsmart.app               D    â€¢ android.permission.RECEIVE_SMS
2025-12-04 06:13:06.541 11139-11139 MainActivity            com.cdccreditsmart.app               D    â€¢ android.permission.READ_SMS
2025-12-04 06:13:06.541 11139-11139 MainActivity            com.cdccreditsmart.app               D    â€¢ android.permission.READ_CONTACTS
2025-12-04 06:13:06.541 11139-11139 MainActivity            com.cdccreditsmart.app               D    â€¢ android.permission.ANSWER_PHONE_CALLS
2025-12-04 06:13:06.541 11139-11139 MainActivity            com.cdccreditsmart.app               D    â€¢ android.permission.READ_PHONE_NUMBERS
2025-12-04 06:13:06.541 11139-11139 MainActivity            com.cdccreditsmart.app               D    â€¢ android.permission.POST_NOTIFICATIONS
2025-12-04 06:13:06.549 11139-11139 SpecialPermissionReq    com.cdccreditsmart.app               I  ========================================
2025-12-04 06:13:06.549 11139-11139 SpecialPermissionReq    com.cdccreditsmart.app               I  ğŸ“Š STATUS DAS PERMISSÃ•ES ESPECIAIS
2025-12-04 06:13:06.549 11139-11139 SpecialPermissionReq    com.cdccreditsmart.app               I  ========================================
2025-12-04 06:13:06.550 11139-11139 SpecialPermissionReq    com.cdccreditsmart.app               I    USAGE_STATS: âŒ NÃƒO CONCEDIDA
2025-12-04 06:13:06.552 11139-11139 SpecialPermissionReq    com.cdccreditsmart.app               I    OVERLAY: âŒ NÃƒO CONCEDIDA
2025-12-04 06:13:06.552 11139-11139 SpecialPermissionReq    com.cdccreditsmart.app               W  
2025-12-04 06:13:06.552 11139-11139 SpecialPermissionReq    com.cdccreditsmart.app               W  âš ï¸ PROTEÃ‡ÃƒO ANTI-DESINSTALAÃ‡ÃƒO COMPROMETIDA!
2025-12-04 06:13:06.552 11139-11139 SpecialPermissionReq    com.cdccreditsmart.app               W     Sem essas permissÃµes, a proteÃ§Ã£o via overlay nÃ£o funciona.
2025-12-04 06:13:06.552 11139-11139 SpecialPermissionReq    com.cdccreditsmart.app               W     O usuÃ¡rio conseguirÃ¡ acessar App Info e desinstalar.
2025-12-04 06:13:06.552 11139-11139 SpecialPermissionReq    com.cdccreditsmart.app               I  ========================================
2025-12-04 06:13:06.553 11139-11139 MainActivity            com.cdccreditsmart.app               W  ========================================
2025-12-04 06:13:06.553 11139-11139 MainActivity            com.cdccreditsmart.app               W  âš ï¸ PERMISSÃ•ES ESPECIAIS NECESSÃRIAS
2025-12-04 06:13:06.553 11139-11139 MainActivity            com.cdccreditsmart.app               W  ========================================
2025-12-04 06:13:06.553 11139-11139 MainActivity            com.cdccreditsmart.app               W  Para proteÃ§Ã£o anti-desinstalaÃ§Ã£o funcionar:
2025-12-04 06:13:06.553 11139-11139 MainActivity            com.cdccreditsmart.app               W    âŒ Acesso ao Uso de Apps
2025-12-04 06:13:06.553 11139-11139 MainActivity            com.cdccreditsmart.app               W       Permite detectar quando vocÃª abre as ConfiguraÃ§Ãµes para aplicar proteÃ§Ã£o
2025-12-04 06:13:06.553 11139-11139 MainActivity            com.cdccreditsmart.app               W    âŒ Exibir sobre outros apps
2025-12-04 06:13:06.553 11139-11139 MainActivity            com.cdccreditsmart.app               W       Permite mostrar avisos de proteÃ§Ã£o sobre outros aplicativos
2025-12-04 06:13:06.553 11139-11139 MainActivity            com.cdccreditsmart.app               W  ========================================
2025-12-04 06:13:06.553 11139-11139 MainActivity            com.cdccreditsmart.app               W  O app solicitarÃ¡ essas permissÃµes na prÃ³xima interaÃ§Ã£o
2025-12-04 06:13:06.553 11139-11139 MainActivity            com.cdccreditsmart.app               W  ========================================
2025-12-04 06:13:06.590 11139-11139 CompatChangeReporter    com.cdccreditsmart.app               D  Compat change id reported: 352594277; UID 10223; state: ENABLED
2025-12-04 06:13:06.598 11139-11139 CompatChangeReporter    com.cdccreditsmart.app               D  Compat change id reported: 349153669; UID 10223; state: ENABLED
2025-12-04 06:13:06.606 11139-11139 HWUI                    com.cdccreditsmart.app               W  Unknown dataspace 0
2025-12-04 06:13:06.612 11139-11139 InsetsController        com.cdccreditsmart.app               D  Setting requestedVisibleTypes to -14 (was -9)
2025-12-04 06:13:06.638 11139-11139 CdcForegroundService    com.cdccreditsmart.app               D  ğŸ“± ServiÃ§o onCreate()
2025-12-04 06:13:06.642 11139-11139 CdcForegroundService    com.cdccreditsmart.app               D  âœ… Canal de notificaÃ§Ã£o criado
2025-12-04 06:13:06.643 11139-11139 CdcForegroundService    com.cdccreditsmart.app               I  âœ… ScreenStateReceiver registrado
2025-12-04 06:13:06.643 11139-11139 CdcForegroundService    com.cdccreditsmart.app               D  ğŸš€ ServiÃ§o onStartCommand() - Action: null
2025-12-04 06:13:06.651 11139-11139 CdcForegroundService    com.cdccreditsmart.app               I  âœ… Foreground Service ativo (Android 12+)
2025-12-04 06:13:06.654 11139-11182 CdcForegroundService    com.cdccreditsmart.app               I  ğŸ”§ ========================================
2025-12-04 06:13:06.654 11139-11182 CdcForegroundService    com.cdccreditsmart.app               I  ğŸ”§ INICIANDO initializeServices()...
2025-12-04 06:13:06.654 11139-11182 CdcForegroundService    com.cdccreditsmart.app               I  ğŸ”§ ========================================
2025-12-04 06:13:06.654 11139-11182 CdcForegroundService    com.cdccreditsmart.app               I  ğŸ¢ ========================================
2025-12-04 06:13:06.654 11139-11182 CdcForegroundService    com.cdccreditsmart.app               I  ğŸ¢ APLICANDO POLÃTICAS DE AMBIENTE DE TRABALHO
2025-12-04 06:13:06.654 11139-11182 CdcForegroundService    com.cdccreditsmart.app               I  ğŸ¢ ========================================
2025-12-04 06:13:06.655 11139-11182 WorkPolicyManager       com.cdccreditsmart.app               I  
2025-12-04 06:13:06.655 11139-11182 WorkPolicyManager       com.cdccreditsmart.app               I  â•”â•â•â•â•â•â•â•â•â•â•â•â•â•â•â•â•â•â•â•â•â•â•â•â•â•â•â•â•â•â•â•â•â•â•â•â•â•â•â•â•â•â•â•â•â•â•â•â•â•â•â•â•â•â•â•â•â•â•â•â•â•â•â•â•â•—
2025-12-04 06:13:06.655 11139-11182 WorkPolicyManager       com.cdccreditsmart.app               I  â•‘  ğŸ¢ APLICANDO POLÃTICAS DE AMBIENTE DE TRABALHO                â•‘
2025-12-04 06:13:06.655 11139-11182 WorkPolicyManager       com.cdccreditsmart.app               I  â•‘     CDC CREDIT SMART - PROTEÃ‡ÃƒO EMPRESARIAL                    â•‘
2025-12-04 06:13:06.655 11139-11182 WorkPolicyManager       com.cdccreditsmart.app               I  â•šâ•â•â•â•â•â•â•â•â•â•â•â•â•â•â•â•â•â•â•â•â•â•â•â•â•â•â•â•â•â•â•â•â•â•â•â•â•â•â•â•â•â•â•â•â•â•â•â•â•â•â•â•â•â•â•â•â•â•â•â•â•â•â•â•â•
2025-12-04 06:13:06.655 11139-11182 WorkPolicyManager       com.cdccreditsmart.app               I  
2025-12-04 06:13:06.656 11139-11182 WorkPolicyManager       com.cdccreditsmart.app               I  ğŸ“‹ STATUS DO DISPOSITIVO:
2025-12-04 06:13:06.656 11139-11182 WorkPolicyManager       com.cdccreditsmart.app               I     Device Owner: âŒ NÃƒO
2025-12-04 06:13:06.656 11139-11182 WorkPolicyManager       com.cdccreditsmart.app               I     Device Admin: âŒ NÃƒO
2025-12-04 06:13:06.656 11139-11182 WorkPolicyManager       com.cdccreditsmart.app               I  
2025-12-04 06:13:06.656 11139-11182 WorkPolicyManager       com.cdccreditsmart.app               I  â•â•â•â•â•â•â•â•â•â•â•â•â•â•â•â•â•â•â•â•â•â•â•â•â•â•â•â•â•â•â•â•â•â•â•â•â•â•â•â•â•â•â•â•â•â•â•â•â•â•â•â•â•â•â•â•â•â•â•â•â•â•â•
2025-12-04 06:13:06.656 11139-11182 WorkPolicyManager       com.cdccreditsmart.app               I  âš ï¸ MODO BÃSICO - PROTEÃ‡ÃƒO MÃNIMA
2025-12-04 06:13:06.656 11139-11182 WorkPolicyManager       com.cdccreditsmart.app               I  â•â•â•â•â•â•â•â•â•â•â•â•â•â•â•â•â•â•â•â•â•â•â•â•â•â•â•â•â•â•â•â•â•â•â•â•â•â•â•â•â•â•â•â•â•â•â•â•â•â•â•â•â•â•â•â•â•â•â•â•â•â•â•
2025-12-04 06:13:06.656 11139-11182 WorkPolicyManager       com.cdccreditsmart.app               I  
2025-12-04 06:13:06.656 11139-11182 WorkPolicyManager       com.cdccreditsmart.app               E  âŒ ATENÃ‡ÃƒO: App NÃƒO Ã© Device Owner nem Device Admin!
2025-12-04 06:13:06.656 11139-11182 WorkPolicyManager       com.cdccreditsmart.app               E     â€¢ ProteÃ§Ãµes MDM nÃ£o disponÃ­veis
2025-12-04 06:13:06.656 11139-11182 WorkPolicyManager       com.cdccreditsmart.app               E     â€¢ UsuÃ¡rio pode desinstalar o app livremente
2025-12-04 06:13:06.656 11139-11182 WorkPolicyManager       com.cdccreditsmart.app               E     â€¢ Factory Reset nÃ£o Ã© bloqueÃ¡vel
2025-12-04 06:13:06.656 11139-11182 WorkPolicyManager       com.cdccreditsmart.app               E     â€¢ Aplicando proteÃ§Ãµes alternativas mÃ­nimas...
2025-12-04 06:13:06.656 11139-11182 WorkPolicyManager       com.cdccreditsmart.app               I  
2025-12-04 06:13:06.656 11139-11182 WorkPolicyManager       com.cdccreditsmart.app               I  ğŸ”„ [1/3] PERSISTÃŠNCIA DO APP
2025-12-04 06:13:06.656 11139-11182 WorkPolicyManager       com.cdccreditsmart.app               I  â”€â”€â”€â”€â”€â”€â”€â”€â”€â”€â”€â”€â”€â”€â”€â”€â”€â”€â”€â”€â”€â”€â”€â”€â”€â”€â”€â”€â”€â”€â”€â”€â”€â”€â”€â”€â”€â”€â”€â”€â”€â”€â”€â”€â”€â”€â”€â”€â”€â”€â”€â”€â”€â”€â”€â”€â”€â”€â”€â”€â”€â”€â”€
2025-12-04 06:13:06.657 11139-11182 WorkPolicyManager       com.cdccreditsmart.app               I     â„¹ï¸ Solicitando isenÃ§Ã£o de otimizaÃ§Ã£o de bateria...
2025-12-04 06:13:06.657 11139-11182 WorkPolicyManager       com.cdccreditsmart.app               I     â„¹ï¸ UsuÃ¡rio precisa conceder manualmente em Settings
2025-12-04 06:13:06.657 11139-11182 WorkPolicyManager       com.cdccreditsmart.app               I     âœ… Foreground Service configurado via CdcForegroundService
2025-12-04 06:13:06.657 11139-11182 WorkPolicyManager       com.cdccreditsmart.app               I  
2025-12-04 06:13:06.657 11139-11182 WorkPolicyManager       com.cdccreditsmart.app               I  ğŸ“Š [2/3] MONITORAMENTO BÃSICO
2025-12-04 06:13:06.657 11139-11182 WorkPolicyManager       com.cdccreditsmart.app               I  â”€â”€â”€â”€â”€â”€â”€â”€â”€â”€â”€â”€â”€â”€â”€â”€â”€â”€â”€â”€â”€â”€â”€â”€â”€â”€â”€â”€â”€â”€â”€â”€â”€â”€â”€â”€â”€â”€â”€â”€â”€â”€â”€â”€â”€â”€â”€â”€â”€â”€â”€â”€â”€â”€â”€â”€â”€â”€â”€â”€â”€â”€â”€
2025-12-04 06:13:06.657 11139-11182 WorkPolicyManager       com.cdccreditsmart.app               I     âœ… WorkManager health check agendado
2025-12-04 06:13:06.657 11139-11182 WorkPolicyManager       com.cdccreditsmart.app               I  
2025-12-04 06:13:06.657 11139-11182 WorkPolicyManager       com.cdccreditsmart.app               I  ğŸ”” [3/3] NOTIFICAÃ‡Ã•ES
2025-12-04 06:13:06.657 11139-11182 WorkPolicyManager       com.cdccreditsmart.app               I  â”€â”€â”€â”€â”€â”€â”€â”€â”€â”€â”€â”€â”€â”€â”€â”€â”€â”€â”€â”€â”€â”€â”€â”€â”€â”€â”€â”€â”€â”€â”€â”€â”€â”€â”€â”€â”€â”€â”€â”€â”€â”€â”€â”€â”€â”€â”€â”€â”€â”€â”€â”€â”€â”€â”€â”€â”€â”€â”€â”€â”€â”€â”€
2025-12-04 06:13:06.657 11139-11182 WorkPolicyManager       com.cdccreditsmart.app               I     âœ… Canal de notificaÃ§Ã£o persistente criado
2025-12-04 06:13:06.660 11139-11182 WorkPolicyManager       com.cdccreditsmart.app               I  
2025-12-04 06:13:06.660 11139-11182 WorkPolicyManager       com.cdccreditsmart.app               I  â•”â•â•â•â•â•â•â•â•â•â•â•â•â•â•â•â•â•â•â•â•â•â•â•â•â•â•â•â•â•â•â•â•â•â•â•â•â•â•â•â•â•â•â•â•â•â•â•â•â•â•â•â•â•â•â•â•â•â•â•â•â•â•â•â•â•—
2025-12-04 06:13:06.660 11139-11182 WorkPolicyManager       com.cdccreditsmart.app               I  â•‘  ğŸ“Š RESUMO DAS POLÃTICAS DE TRABALHO                           â•‘
2025-12-04 06:13:06.660 11139-11182 WorkPolicyManager       com.cdccreditsmart.app               I  â• â•â•â•â•â•â•â•â•â•â•â•â•â•â•â•â•â•â•â•â•â•â•â•â•â•â•â•â•â•â•â•â•â•â•â•â•â•â•â•â•â•â•â•â•â•â•â•â•â•â•â•â•â•â•â•â•â•â•â•â•â•â•â•â•â•£
2025-12-04 06:13:06.660 11139-11182 WorkPolicyManager       com.cdccreditsmart.app               I  â•‘  âš ï¸ NÃ­vel de proteÃ§Ã£o: BASIC
2025-12-04 06:13:06.661 11139-11182 WorkPolicyManager       com.cdccreditsmart.app               I  â•‘  ğŸ“‹ PolÃ­ticas aplicadas: 4
2025-12-04 06:13:06.662 11139-11180 ServiceWatchdogWorker   com.cdccreditsmart.app               I  ğŸ” ========================================
2025-12-04 06:13:06.662 11139-11180 ServiceWatchdogWorker   com.cdccreditsmart.app               I  ğŸ” WATCHDOG: Verificando CdcForegroundService
2025-12-04 06:13:06.662 11139-11180 ServiceWatchdogWorker   com.cdccreditsmart.app               I  ğŸ” ========================================
2025-12-04 06:13:06.662 11139-11182 WorkPolicyManager       com.cdccreditsmart.app               I  â• â•â•â•â•â•â•â•â•â•â•â•â•â•â•â•â•â•â•â•â•â•â•â•â•â•â•â•â•â•â•â•â•â•â•â•â•â•â•â•â•â•â•â•â•â•â•â•â•â•â•â•â•â•â•â•â•â•â•â•â•â•â•â•â•â•£
2025-12-04 06:13:06.662 11139-11182 WorkPolicyManager       com.cdccreditsmart.app               I  â•‘  âœ… PROTEÃ‡Ã•ES ATIVAS:
2025-12-04 06:13:06.662 11139-11182 WorkPolicyManager       com.cdccreditsmart.app               I  â•‘     âœ… IsenÃ§Ã£o de otimizaÃ§Ã£o de bateria
2025-12-04 06:13:06.662 11139-11182 WorkPolicyManager       com.cdccreditsmart.app               I  â•‘     âœ… Foreground Service persistente
2025-12-04 06:13:06.662 11139-11182 WorkPolicyManager       com.cdccreditsmart.app               I  â•‘     âœ… Health check periÃ³dico agendado
2025-12-04 06:13:06.662 11139-11182 WorkPolicyManager       com.cdccreditsmart.app               I  â•‘     âœ… Canal de notificaÃ§Ã£o persistente criado
2025-12-04 06:13:06.662 11139-11182 WorkPolicyManager       com.cdccreditsmart.app               I  â• â•â•â•â•â•â•â•â•â•â•â•â•â•â•â•â•â•â•â•â•â•â•â•â•â•â•â•â•â•â•â•â•â•â•â•â•â•â•â•â•â•â•â•â•â•â•â•â•â•â•â•â•â•â•â•â•â•â•â•â•â•â•â•â•â•£
2025-12-04 06:13:06.662 11139-11182 WorkPolicyManager       com.cdccreditsmart.app               I  â•‘  âš ï¸ AVISOS:
2025-12-04 06:13:06.662 11139-11182 WorkPolicyManager       com.cdccreditsmart.app               W  â•‘     âŒ CRÃTICO: DesinstalaÃ§Ã£o NÃƒO bloqueÃ¡vel
2025-12-04 06:13:06.662 11139-11182 WorkPolicyManager       com.cdccreditsmart.app               W  â•‘     âŒ CRÃTICO: Factory Reset NÃƒO bloqueÃ¡vel
2025-12-04 06:13:06.662 11139-11182 WorkPolicyManager       com.cdccreditsmart.app               W  â•‘     âŒ CRÃTICO: Force Stop NÃƒO bloqueÃ¡vel
2025-12-04 06:13:06.662 11139-11182 WorkPolicyManager       com.cdccreditsmart.app               W  â•‘     âŒ CRÃTICO: Clear Data NÃƒO bloqueÃ¡vel
2025-12-04 06:13:06.662 11139-11182 WorkPolicyManager       com.cdccreditsmart.app               W  â•‘     âš ï¸ RecomendaÃ§Ã£o: Configurar como Device Owner via QR Code ou ADB
2025-12-04 06:13:06.662 11139-11182 WorkPolicyManager       com.cdccreditsmart.app               I  â•šâ•â•â•â•â•â•â•â•â•â•â•â•â•â•â•â•â•â•â•â•â•â•â•â•â•â•â•â•â•â•â•â•â•â•â•â•â•â•â•â•â•â•â•â•â•â•â•â•â•â•â•â•â•â•â•â•â•â•â•â•â•â•â•â•â•
2025-12-04 06:13:06.662 11139-11182 WorkPolicyManager       com.cdccreditsmart.app               I  
2025-12-04 06:13:06.663 11139-11182 CdcForegroundService    com.cdccreditsmart.app               I  ğŸ¢ Resultado: BASIC
2025-12-04 06:13:06.663 11139-11182 CdcForegroundService    com.cdccreditsmart.app               I  ğŸ¢ PolÃ­ticas aplicadas: 4/5
2025-12-04 06:13:06.663 11139-11182 CdcForegroundService    com.cdccreditsmart.app               W  ğŸ¢ âŒ CRÃTICO: DesinstalaÃ§Ã£o NÃƒO bloqueÃ¡vel
2025-12-04 06:13:06.663 11139-11182 CdcForegroundService    com.cdccreditsmart.app               W  ğŸ¢ âŒ CRÃTICO: Factory Reset NÃƒO bloqueÃ¡vel
2025-12-04 06:13:06.663 11139-11182 CdcForegroundService    com.cdccreditsmart.app               W  ğŸ¢ âŒ CRÃTICO: Force Stop NÃƒO bloqueÃ¡vel
2025-12-04 06:13:06.663 11139-11182 CdcForegroundService    com.cdccreditsmart.app               W  ğŸ¢ âŒ CRÃTICO: Clear Data NÃƒO bloqueÃ¡vel
2025-12-04 06:13:06.663 11139-11182 CdcForegroundService    com.cdccreditsmart.app               W  ğŸ¢ âš ï¸ RecomendaÃ§Ã£o: Configurar como Device Owner via QR Code ou ADB
2025-12-04 06:13:06.663 11139-11182 CdcForegroundService    com.cdccreditsmart.app               I  ğŸ¢ ========================================
2025-12-04 06:13:06.663 11139-11182 CdcForegroundService    com.cdccreditsmart.app               I  ğŸ›¡ï¸ ========================================
2025-12-04 06:13:06.663 11139-11182 CdcForegroundService    com.cdccreditsmart.app               I  ğŸ›¡ï¸ INICIANDO SETTINGS GUARD (PROTEÃ‡ÃƒO AGRESSIVA)
2025-12-04 06:13:06.663 11139-11182 CdcForegroundService    com.cdccreditsmart.app               I  ğŸ›¡ï¸ ========================================
2025-12-04 06:13:06.663 11139-11180 KeepAliveManager        com.cdccreditsmart.app               D  âœ… CdcForegroundService estÃ¡ ativo
2025-12-04 06:13:06.664 11139-11180 ServiceWatchdogWorker   com.cdccreditsmart.app               I  ğŸ“Š EstatÃ­sticas Keep Alive:
2025-12-04 06:13:06.664 11139-11180 ServiceWatchdogWorker   com.cdccreditsmart.app               I     - ServiÃ§o ativo: true
2025-12-04 06:13:06.664 11139-11180 ServiceWatchdogWorker   com.cdccreditsmart.app               I     - Restarts: 0
2025-12-04 06:13:06.664 11139-11180 ServiceWatchdogWorker   com.cdccreditsmart.app               I     - OtimizaÃ§Ã£o bateria: SIM (ruim)
2025-12-04 06:13:06.664 11139-11180 ServiceWatchdogWorker   com.cdccreditsmart.app               I  ğŸ” ========================================
2025-12-04 06:13:06.664 11139-11180 ServiceWatchdogWorker   com.cdccreditsmart.app               I  âœ… WATCHDOG: ServiÃ§o verificado/reiniciado com sucesso
2025-12-04 06:13:06.666 11139-11182 SettingsGuardService    com.cdccreditsmart.app               I  ğŸ›¡ï¸ SettingsGuard INICIADO
2025-12-04 06:13:06.666 11139-11182 SettingsGuardService    com.cdccreditsmart.app               I     Modo de proteÃ§Ã£o: BASIC
2025-12-04 06:13:06.666 11139-11182 SettingsGuardService    com.cdccreditsmart.app               I     âš ï¸ Sem privilÃ©gios: ProteÃ§Ã£o AGRESSIVA ativada
2025-12-04 06:13:06.666 11139-11182 SettingsGuardService    com.cdccreditsmart.app               I     ğŸ“¡ Monitorando Settings a cada 600ms
2025-12-04 06:13:06.666 11139-11182 SettingsGuardService    com.cdccreditsmart.app               W  âš ï¸ Sem permissÃ£o PACKAGE_USAGE_STATS
2025-12-04 06:13:06.667 11139-11182 SettingsGuardService    com.cdccreditsmart.app               W     Monitoramento via ActivityManager (menos preciso)
2025-12-04 06:13:06.667 11139-11182 SettingsGuardService    com.cdccreditsmart.app               W  âš ï¸ Sem permissÃ£o SYSTEM_ALERT_WINDOW
2025-12-04 06:13:06.667 11139-11182 SettingsGuardService    com.cdccreditsmart.app               W     Overlays de bloqueio nÃ£o funcionarÃ£o
2025-12-04 06:13:06.668 11139-11178 WM-WorkerWrapper        com.cdccreditsmart.app               I  Worker result SUCCESS for Work [ id=06c8e95c-bbc3-4efe-8c05-dc4c20c33c96, tags={ com.cdccreditsmart.app.keepalive.ServiceWatchdogWorker } ]
2025-12-04 06:13:06.669 11139-11182 CdcForegroundService    com.cdccreditsmart.app               I  ğŸ›¡ï¸ Guard ativo: true
2025-12-04 06:13:06.669 11139-11182 CdcForegroundService    com.cdccreditsmart.app               I  ğŸ›¡ï¸ Modo proteÃ§Ã£o: BASIC
2025-12-04 06:13:06.669 11139-11182 CdcForegroundService    com.cdccreditsmart.app               I  ğŸ›¡ï¸ Modo agressivo: false
2025-12-04 06:13:06.669 11139-11182 CdcForegroundService    com.cdccreditsmart.app               I  ğŸ›¡ï¸ UsageStats: âŒ INATIVO
2025-12-04 06:13:06.669 11139-11182 CdcForegroundService    com.cdccreditsmart.app               I  ğŸ›¡ï¸ Overlay: âŒ INATIVO
2025-12-04 06:13:06.669 11139-11182 CdcForegroundService    com.cdccreditsmart.app               W  ğŸ›¡ï¸ âš ï¸ UsageStats necessÃ¡rio para monitorar Settings!
2025-12-04 06:13:06.669 11139-11182 CdcForegroundService    com.cdccreditsmart.app               W  ğŸ›¡ï¸ âš ï¸ Overlay necessÃ¡rio para bloquear acesso!
2025-12-04 06:13:06.669 11139-11182 CdcForegroundService    com.cdccreditsmart.app               I  ğŸ›¡ï¸ ========================================
2025-12-04 06:13:07.206 11139-11191 ContractCodeStorage     com.cdccreditsmart.app               D  Retrieving contract code from storage
2025-12-04 06:13:07.295 11139-11191 ContractCodeStorage     com.cdccreditsmart.app               D  Storage verification: 0 valid, 0 tampered, 7 missing
2025-12-04 06:13:07.295 11139-11191 ContractCodeStorage     com.cdccreditsmart.app               W  No valid contract code found in any location
2025-12-04 06:13:07.297 11139-11191 SecureTokenStorage      com.cdccreditsmart.app               E  âŒ Nenhum identificador MDM disponÃ­vel!
2025-12-04 06:13:07.297 11139-11191 CdcForegroundService    com.cdccreditsmart.app               I  ğŸ” AuthToken presente: false
2025-12-04 06:13:07.297 11139-11191 CdcForegroundService    com.cdccreditsmart.app               I  ğŸ” AuthToken length: 0
2025-12-04 06:13:07.297 11139-11191 CdcForegroundService    com.cdccreditsmart.app               I  ğŸ” ContractCode presente: false
2025-12-04 06:13:07.297 11139-11191 CdcForegroundService    com.cdccreditsmart.app               I  ğŸ” ContractCode value: null****
2025-12-04 06:13:07.297 11139-11191 CdcForegroundService    com.cdccreditsmart.app               I  ğŸ” MDM SerialNumber presente: false
2025-12-04 06:13:07.297 11139-11191 CdcForegroundService    com.cdccreditsmart.app               I  ğŸ” MDM SerialNumber value: ......
2025-12-04 06:13:07.297 11139-11191 CdcForegroundService    com.cdccreditsmart.app               I  ğŸ“± ========================================
2025-12-04 06:13:07.297 11139-11191 CdcForegroundService    com.cdccreditsmart.app               I  ğŸ“± AGUARDANDO PAIRING - SERVIÃ‡O EM STANDBY
2025-12-04 06:13:07.297 11139-11191 CdcForegroundService    com.cdccreditsmart.app               I  ğŸ“± O usuÃ¡rio ainda nÃ£o fez o pareamento inicial
2025-12-04 06:13:07.297 11139-11191 CdcForegroundService    com.cdccreditsmart.app               I  ğŸ“± ServiÃ§os MDM serÃ£o ativados apÃ³s inserir cÃ³digo do contrato
2025-12-04 06:13:07.297 11139-11191 CdcForegroundService    com.cdccreditsmart.app               I  ğŸ“± ========================================
2025-12-04 06:13:07.504 11139-11151 HWUI                    com.cdccreditsmart.app               I  Davey! duration=844ms; Flags=1, FrameTimelineVsyncId=182743, IntendedVsync=11398139431079, Vsync=11398189431077, InputEventId=0, HandleInputStart=11398199787461, AnimationStart=11398199789160, PerformTraversalsStart=11398199790796, DrawStart=11398903901850, FrameDeadline=11398156097745, FrameStartTime=11398199762586, FrameInterval=16666666, WorkloadTarget=16666666, SyncQueued=11398950412776, SyncStart=11398973502612, IssueDrawCommandsStart=11398973570436, SwapBuffers=11398995055566, FrameCompleted=11399006561661, DequeueBufferDuration=2745, QueueBufferDuration=354141, GpuCompleted=11399006561661, SwapBuffersCompleted=11398996254350, DisplayPresentTime=0, CommandSubmissionCompleted=11398995055566, 
2025-12-04 06:13:07.508 11139-11139 PermissionGateScreen    com.cdccreditsmart.app               I  ========================================
2025-12-04 06:13:07.508 11139-11139 PermissionGateScreen    com.cdccreditsmart.app               I  ğŸšª PERMISSION GATE SCREEN INICIADO
2025-12-04 06:13:07.508 11139-11139 PermissionGateScreen    com.cdccreditsmart.app               I  ========================================
2025-12-04 06:13:07.508 11139-11139 PermissionGateScreen    com.cdccreditsmart.app               I  NÃ­vel de privilÃ©gio: BASIC
2025-12-04 06:13:07.508 11139-11139 PermissionGateScreen    com.cdccreditsmart.app               I  PermissÃµes concedidas: 0
2025-12-04 06:13:07.508 11139-11139 PermissionGateScreen    com.cdccreditsmart.app               I  PermissÃµes faltando: 4
2025-12-04 06:13:07.508 11139-11139 PermissionGateScreen    com.cdccreditsmart.app               W    âŒ Administrador do Dispositivo
2025-12-04 06:13:07.508 11139-11139 PermissionGateScreen    com.cdccreditsmart.app               W    âŒ PermissÃµes do Sistema
2025-12-04 06:13:07.508 11139-11139 PermissionGateScreen    com.cdccreditsmart.app               W    âŒ Acesso ao Uso de Apps
2025-12-04 06:13:07.508 11139-11139 PermissionGateScreen    com.cdccreditsmart.app               W    âŒ Exibir sobre outros apps
2025-12-04 06:13:07.508 11139-11139 PermissionGateScreen    com.cdccreditsmart.app               I  ========================================
2025-12-04 06:13:07.508 11139-11139 PermissionGateScreen    com.cdccreditsmart.app               D  â° Iniciando verificaÃ§Ã£o periÃ³dica de permissÃµes...
2025-12-04 06:13:07.514 11139-11139 Choreographer           com.cdccreditsmart.app               I  Skipped 46 frames!  The application may be doing too much work on its main thread.
2025-12-04 06:13:07.909 11139-11144 creditsmart.app         com.cdccreditsmart.app               I  Compiler allocated 5042KB to compile void android.view.ViewRootImpl.performTraversals()
2025-12-04 06:13:08.315 11139-11139 InteractionJankMonitor  com.cdccreditsmart.app               W  Initializing without READ_DEVICE_CONFIG permission. enabled=false, interval=1, missedFrameThreshold=3, frameTimeThreshold=64, package=com.cdccreditsmart.app
2025-12-04 06:13:08.674 11139-11175 FA                      com.cdccreditsmart.app               I  Application backgrounded at: timestamp_millis: 1764839586673
2025-12-04 06:13:08.758 11139-11139 NotificationHelper      com.cdccreditsmart.app               D  Notification channel created: cdc_default
2025-12-04 06:13:08.758 11139-11139 NotificationHelper      com.cdccreditsmart.app               D  Notification channel created: cdc_info
2025-12-04 06:13:08.759 11139-11139 NotificationHelper      com.cdccreditsmart.app               D  Notification channel created: cdc_alerts
2025-12-04 06:13:08.760 11139-11139 NotificationHelper      com.cdccreditsmart.app               D  Notification channel created: cdc_payments
2025-12-04 06:13:08.760 11139-11139 NotificationHelper      com.cdccreditsmart.app               D  Notification channel created: cdc_contract
2025-12-04 06:13:08.817 11139-11139 CdcMessagingService     com.cdccreditsmart.app               D  CdcMessagingService created
2025-12-04 06:13:08.819 11139-11216 CdcMessagingService     com.cdccreditsmart.app               D  ========== NEW FCM TOKEN RECEIVED ==========
2025-12-04 06:13:08.819 11139-11216 CdcMessagingService     com.cdccreditsmart.app               D  Token: fhnOW5QfQC2H7OaUrPGk...
2025-12-04 06:13:08.822 11139-11216 FcmTokenManager         com.cdccreditsmart.app               D  FCM token saved locally: fhnOW5QfQC2H7OaUrPGk...
2025-12-04 06:13:08.823 11139-11191 FcmTokenManager         com.cdccreditsmart.app               D  ========== REGISTERING FCM TOKEN WITH BACKEND ==========
2025-12-04 06:13:08.824 11139-11191 FcmTokenManager         com.cdccreditsmart.app               D  Current FCM token retrieved: fhnOW5QfQC2H7OaUrPGk...
2025-12-04 06:13:08.824 11139-11191 FcmTokenManager         com.cdccreditsmart.app               E  Cannot register: Auth token not available
2025-12-04 06:13:08.824 11139-11191 CdcMessagingService     com.cdccreditsmart.app               E  âŒ Failed to register FCM token with backend: User not authenticated
2025-12-04 06:13:12.286 11139-11217 ProfileInstaller        com.cdccreditsmart.app               D  Installing profile for com.cdccreditsmart.app
2025-12-04 06:14:04.532 11139-11139 MainActivity            com.cdccreditsmart.app               W  âš ï¸ Algumas permissÃµes foram NEGADAS pelo usuÃ¡rio:
2025-12-04 06:14:04.532 11139-11139 MainActivity            com.cdccreditsmart.app               D    âœ… CONCEDIDA - android.permission.READ_PHONE_STATE
2025-12-04 06:14:04.532 11139-11139 MainActivity            com.cdccreditsmart.app               D    âœ… CONCEDIDA - android.permission.READ_CALL_LOG
2025-12-04 06:14:04.532 11139-11139 MainActivity            com.cdccreditsmart.app               D    âœ… CONCEDIDA - android.permission.CALL_PHONE
2025-12-04 06:14:04.532 11139-11139 MainActivity            com.cdccreditsmart.app               D    âŒ NEGADA - android.permission.RECEIVE_SMS
2025-12-04 06:14:04.532 11139-11139 MainActivity            com.cdccreditsmart.app               D    âŒ NEGADA - android.permission.READ_SMS
2025-12-04 06:14:04.532 11139-11139 MainActivity            com.cdccreditsmart.app               D    âŒ NEGADA - android.permission.READ_CONTACTS
2025-12-04 06:14:04.532 11139-11139 MainActivity            com.cdccreditsmart.app               D    âœ… CONCEDIDA - android.permission.ANSWER_PHONE_CALLS
2025-12-04 06:14:04.532 11139-11139 MainActivity            com.cdccreditsmart.app               D    âœ… CONCEDIDA - android.permission.READ_PHONE_NUMBERS
2025-12-04 06:14:04.532 11139-11139 MainActivity            com.cdccreditsmart.app               D    âœ… CONCEDIDA - android.permission.POST_NOTIFICATIONS
2025-12-04 06:14:04.577 11139-11139 InsetsController        com.cdccreditsmart.app               D  hide(ime(), fromIme=false)
2025-12-04 06:14:04.578 11139-11139 ImeTracker              com.cdccreditsmart.app               I  com.cdccreditsmart.app:55dade46: onCancelled at PHASE_CLIENT_ALREADY_HIDDEN
2025-12-04 06:14:07.261 11139-11139 VRI[MainActivity]       com.cdccreditsmart.app               D  visibilityChanged oldVisibility=true newVisibility=false
2025-12-04 06:14:07.298 11139-11186 HWUI                    com.cdccreditsmart.app               D  endAllActiveAnimators on 0x797915ec44c0 (UnprojectedRipple) with handle 0x797855ee0050
2025-12-04 06:14:08.504 11139-11227 FA                      com.cdccreditsmart.app               I  Application backgrounded at: timestamp_millis: 1764839646502
2025-12-04 06:14:08.881 11139-11139 CDC_PROVISIONING_DEBUG  com.cdccreditsmart.app               I  [2025-12-04 09:14:08.880] [PID:11139] [TID:2|main] ğŸ PROVISIONING STARTED: Timer started for hang detection
2025-12-04 06:14:08.882 11139-11139 CDC_PROVISIONING_DEBUG  com.cdccreditsmart.app               I  [2025-12-04 09:14:08.881] [PID:11139] [TID:2|main] ğŸ“ˆ CALLBACK PROGRESS: 1/3 completed
2025-12-04 06:14:08.882 11139-11139 CDC_PROVISIONING_DEBUG  com.cdccreditsmart.app               I  [2025-12-04 09:14:08.882] [PID:11139] [TID:2|main] ğŸ“ˆ Completed: onEnabled
2025-12-04 06:14:08.882 11139-11139 CDC_PROVISIONING_DEBUG  com.cdccreditsmart.app               I  [2025-12-04 09:14:08.882] [PID:11139] [TID:2|main] â³ Remaining: onProfileProvisioningComplete, onReadyForUserInitialization
2025-12-04 06:14:08.882 11139-11139 CDCDeviceAdminReceiver  com.cdccreditsmart.app               I  [2025-12-04 09:14:08.882] [PID:11139] [TID:2|main] ğŸ”‘ ==================== DEVICE ADMIN ENABLED ====================
2025-12-04 06:14:08.883 11139-11139 CDCDeviceAdminReceiver  com.cdccreditsmart.app               I  [2025-12-04 09:14:08.882] [PID:11139] [TID:2|main] âœ… Device Admin enabled successfully - CRITICAL CALLBACK FOR WORK PROFILE PREPARATION
2025-12-04 06:14:08.884 11139-11139 CDCDeviceAdminReceiver  com.cdccreditsmart.app               I  [2025-12-04 09:14:08.883] [PID:11139] [TID:2|main] â° Raw timestamp: 1764839648883
2025-12-04 06:14:08.884 11139-11139 CDCDeviceAdminReceiver  com.cdccreditsmart.app               I  [2025-12-04 09:14:08.884] [PID:11139] [TID:2|main] ğŸ” Starting comprehensive admin enablement verification...
2025-12-04 06:14:08.885 11139-11139 CDCDeviceAdminReceiver  com.cdccreditsmart.app               I  [2025-12-04 09:14:08.884] [PID:11139] [TID:2|main] ğŸ“‹ Admin component: ComponentInfo{com.cdccreditsmart.app/com.cdccreditsmart.device.CDCDeviceAdminReceiver}
2025-12-04 06:14:08.887 11139-11139 CDCDeviceAdminReceiver  com.cdccreditsmart.app               I  [2025-12-04 09:14:08.885] [PID:11139] [TID:2|main] ğŸ“± Package name: com.cdccreditsmart.app
2025-12-04 06:14:08.888 11139-11139 CDCDeviceAdminReceiver  com.cdccreditsmart.app               I  [2025-12-04 09:14:08.887] [PID:11139] [TID:2|main] ğŸ‘¤ Current user: UserHandle{0}
2025-12-04 06:14:08.888 11139-11139 CDCDeviceAdminReceiver  com.cdccreditsmart.app               I  [2025-12-04 09:14:08.888] [PID:11139] [TID:2|main] ğŸ¯ Current user handle: UserHandle{0}
2025-12-04 06:14:08.895 11139-11139 CDCDeviceAdminReceiver  com.cdccreditsmart.app               I  [2025-12-04 09:14:08.894] [PID:11139] [TID:2|main] ğŸ”’ Device administration status:
2025-12-04 06:14:08.896 11139-11139 CDCDeviceAdminReceiver  com.cdccreditsmart.app               I  [2025-12-04 09:14:08.895] [PID:11139] [TID:2|main]    ğŸ”‘ Admin active: true
2025-12-04 06:14:08.897 11139-11139 CDCDeviceAdminReceiver  com.cdccreditsmart.app               I  [2025-12-04 09:14:08.896] [PID:11139] [TID:2|main]    ğŸ­ Device owner: false
2025-12-04 06:14:08.898 11139-11139 CDCDeviceAdminReceiver  com.cdccreditsmart.app               I  [2025-12-04 09:14:08.897] [PID:11139] [TID:2|main]    ğŸ“‹ Profile owner: false
2025-12-04 06:14:08.899 11139-11139 CDCDeviceAdminReceiver  com.cdccreditsmart.app               I  [2025-12-04 09:14:08.899] [PID:11139] [TID:2|main] ğŸ¢ Work Profile status (CRITICAL FOR PREPARATION):
2025-12-04 06:14:08.900 11139-11139 CDCDeviceAdminReceiver  com.cdccreditsmart.app               I  [2025-12-04 09:14:08.899] [PID:11139] [TID:2|main]    ğŸ¢ Is managed profile: false
2025-12-04 06:14:08.901 11139-11139 CDCDeviceAdminReceiver  com.cdccreditsmart.app               I  [2025-12-04 09:14:08.900] [PID:11139] [TID:2|main]    ğŸ”§ Is system user: true
2025-12-04 06:14:08.902 11139-11139 CDCDeviceAdminReceiver  com.cdccreditsmart.app               I  [2025-12-04 09:14:08.902] [PID:11139] [TID:2|main]    ğŸ”“ Is user unlocked: true
2025-12-04 06:14:08.904 11139-11139 CDCDeviceAdminReceiver  com.cdccreditsmart.app               I  [2025-12-04 09:14:08.903] [PID:11139] [TID:2|main]    ğŸ“± Device provisioned: true
2025-12-04 06:14:08.909 11139-11139 CDCDeviceAdminReceiver  com.cdccreditsmart.app               I  [2025-12-04 09:14:08.906] [PID:11139] [TID:2|main]    ğŸ‘¤ User setup complete: true
2025-12-04 06:14:08.909 11139-11139 CDCDeviceAdminReceiver  com.cdccreditsmart.app               I  [2025-12-04 09:14:08.909] [PID:11139] [TID:2|main] ğŸ” DEVICE CAPABILITIES ANALYSIS (Critical for work profile):
2025-12-04 06:14:08.911 11139-11139 CDCDeviceAdminReceiver  com.cdccreditsmart.app               W  [2025-12-04 09:14:08.910] [PID:11139] [TID:2|main]    ğŸ“· Could not check camera permission state
2025-12-04 06:14:08.912 11139-11139 CDCDeviceAdminReceiver  com.cdccreditsmart.app               W  Exception details: (Ask Gemini)
                                                                                                    java.lang.SecurityException: Calling identity is not authorized
                                                                                                    	at android.os.Parcel.createExceptionOrNull(Parcel.java:3340)
                                                                                                    	at android.os.Parcel.createException(Parcel.java:3324)
                                                                                                    	at android.os.Parcel.readException(Parcel.java:3307)
                                                                                                    	at android.os.Parcel.readException(Parcel.java:3249)
                                                                                                    	at android.app.admin.IDevicePolicyManager$Stub$Proxy.getPermissionGrantState(IDevicePolicyManager.java:11082)
                                                                                                    	at android.app.admin.DevicePolicyManager.getPermissionGrantState(DevicePolicyManager.java:14317)
                                                                                                    	at com.cdccreditsmart.device.CDCDeviceAdminReceiver.logDeviceCapabilities(CDCDeviceAdminReceiver.kt:821)
                                                                                                    	at com.cdccreditsmart.device.CDCDeviceAdminReceiver.onEnabled(CDCDeviceAdminReceiver.kt:383)
                                                                                                    	at android.app.admin.DeviceAdminReceiver.onReceive(DeviceAdminReceiver.java:1195)
                                                                                                    	at android.app.ActivityThread.handleReceiver(ActivityThread.java:5029)
                                                                                                    	at android.app.ActivityThread.-$$Nest$mhandleReceiver(Unknown Source:0)
                                                                                                    	at android.app.ActivityThread$H.handleMessage(ActivityThread.java:2577)
                                                                                                    	at android.os.Handler.dispatchMessage(Handler.java:110)
                                                                                                    	at android.os.Looper.loopOnce(Looper.java:248)
                                                                                                    	at android.os.Looper.loop(Looper.java:338)
                                                                                                    	at android.app.ActivityThread.main(ActivityThread.java:9067)
                                                                                                    	at java.lang.reflect.Method.invoke(Native Method)
                                                                                                    	at com.android.internal.os.RuntimeInit$MethodAndArgsCaller.run(RuntimeInit.java:593)
                                                                                                    	at com.android.internal.os.ZygoteInit.main(ZygoteInit.java:932)
                                                                                                    Caused by: android.os.RemoteException: Remote stack trace:
                                                                                                    	at com.android.internal.util.Preconditions.checkCallAuthorization(Preconditions.java:254)
                                                                                                    	at com.android.server.devicepolicy.DevicePolicyManagerService.getPermissionGrantState(DevicePolicyManagerService.java:17004)
                                                                                                    	at android.app.admin.IDevicePolicyManager$Stub.onTransact$getPermissionGrantState$(IDevicePolicyManager.java:15758)
                                                                                                    	at android.app.admin.IDevicePolicyManager$Stub.onTransact(IDevicePolicyManager.java:5121)
                                                                                                    	at android.os.Binder.execTransactInternal(Binder.java:1421)
                                                                                                    
2025-12-04 06:14:08.914 11139-11139 CDCDeviceAdminReceiver  com.cdccreditsmart.app               W  [2025-12-04 09:14:08.913] [PID:11139] [TID:2|main]    ğŸ”’ Could not check lock task packages
2025-12-04 06:14:08.914 11139-11139 CDCDeviceAdminReceiver  com.cdccreditsmart.app               W  Exception details: (Ask Gemini)
                                                                                                    java.lang.SecurityException: Caller does not have the required permissions for this user. Permission required: android.permission.MANAGE_DEVICE_POLICY_LOCK_TASK.
                                                                                                    	at android.os.Parcel.createExceptionOrNull(Parcel.java:3340)
                                                                                                    	at android.os.Parcel.createException(Parcel.java:3324)
                                                                                                    	at android.os.Parcel.readException(Parcel.java:3307)
                                                                                                    	at android.os.Parcel.readException(Parcel.java:3249)
                                                                                                    	at android.app.admin.IDevicePolicyManager$Stub$Proxy.getLockTaskPackages(IDevicePolicyManager.java:9915)
                                                                                                    	at android.app.admin.DevicePolicyManager.getLockTaskPackages(DevicePolicyManager.java:13097)
                                                                                                    	at com.cdccreditsmart.device.CDCDeviceAdminReceiver.logDeviceCapabilities(CDCDeviceAdminReceiver.kt:834)
                                                                                                    	at com.cdccreditsmart.device.CDCDeviceAdminReceiver.onEnabled(CDCDeviceAdminReceiver.kt:383)
                                                                                                    	at android.app.admin.DeviceAdminReceiver.onReceive(DeviceAdminReceiver.java:1195)
                                                                                                    	at android.app.ActivityThread.handleReceiver(ActivityThread.java:5029)
                                                                                                    	at android.app.ActivityThread.-$$Nest$mhandleReceiver(Unknown Source:0)
                                                                                                    	at android.app.ActivityThread$H.handleMessage(ActivityThread.java:2577)
                                                                                                    	at android.os.Handler.dispatchMessage(Handler.java:110)
                                                                                                    	at android.os.Looper.loopOnce(Looper.java:248)
