2025-12-08 18:00:27.491 13609-13659 ParentalControlBlocker  com.cdccreditsmart.app               I  
2025-12-08 18:00:27.495 13609-13659 ParentalControlBlocker  com.cdccreditsmart.app               I  âœ… Nenhum app de controle parental detectado
2025-12-08 18:00:27.495 13609-13659 EnhancedProtections     com.cdccreditsmart.app               I  âœ… Parental control bloqueado: Nenhum app de controle parental detectado
2025-12-08 18:00:27.495 13609-13659 EnhancedProtections     com.cdccreditsmart.app               I  
2025-12-08 18:00:27.495 13609-13659 EnhancedProtections     com.cdccreditsmart.app               I  â•â•â• BLOQUEIO DE SYSTEM UPDATES â•â•â•
2025-12-08 18:00:27.502 13609-13659 EnhancedProtections     com.cdccreditsmart.app               I  System updates ADIADOS
2025-12-08 18:00:27.502 13609-13659 EnhancedProtections     com.cdccreditsmart.app               I  âœ… System updates bloqueado
2025-12-08 18:00:27.502 13609-13659 EnhancedProtections     com.cdccreditsmart.app               I  
2025-12-08 18:00:27.502 13609-13659 EnhancedProtections     com.cdccreditsmart.app               I  â•â•â• CONFIGURAÃ‡ÃƒO POWER SAVING MODE â•â•â•
2025-12-08 18:00:27.516 13609-13659 EnhancedProtections     com.cdccreditsmart.app               I  ConfiguraÃ§Ã£o de brilho bloqueada
2025-12-08 18:00:27.516 13609-13659 EnhancedProtections     com.cdccreditsmart.app               I  âœ… Power saving configurado
2025-12-08 18:00:27.516 13609-13659 EnhancedProtections     com.cdccreditsmart.app               I  
2025-12-08 18:00:27.516 13609-13659 EnhancedProtections     com.cdccreditsmart.app               I  â•â•â• BLOQUEIO DE MULTI-WINDOW â•â•â•
2025-12-08 18:00:27.533 13609-13659 EnhancedProtections     com.cdccreditsmart.app               I  Multi-window BLOQUEADO
2025-12-08 18:00:27.533 13609-13659 EnhancedProtections     com.cdccreditsmart.app               I  âœ… Multi-window bloqueado
2025-12-08 18:00:27.587 13609-13609 LocalInstallmentStorage com.cdccreditsmart.app               I  âœ… 24 parcelas salvas localmente (contrato: XV8W5766)
2025-12-08 18:00:27.587 13609-13609 SimpleHomeViewModel     com.cdccreditsmart.app               I  âœ… 24 parcelas salvas localmente
2025-12-08 18:00:27.587 13609-13609 SimpleHomeViewModel     com.cdccreditsmart.app               I     â†’ 0 pagas
2025-12-08 18:00:27.587 13609-13609 SimpleHomeViewModel     com.cdccreditsmart.app               I     â†’ 24 pendentes
2025-12-08 18:00:27.587 13609-13609 SimpleHomeViewModel     com.cdccreditsmart.app               I     â†’ 0 em atraso
2025-12-08 18:00:27.587 13609-13609 SimpleHomeViewModel     com.cdccreditsmart.app               I     â†’ Dados disponÃ­veis para overlay e offline blocking
2025-12-08 18:00:27.588 13609-13609 SimpleHomeViewModel     com.cdccreditsmart.app               I  ðŸ’¾ Cache atualizado - prÃ³ximo acesso usarÃ¡ cache por 300s
2025-12-08 18:00:27.600 13609-13659 EnhancedProtections     com.cdccreditsmart.app               I  
2025-12-08 18:00:27.601 13609-13659 EnhancedProtections     com.cdccreditsmart.app               I  â•”â•â•â•â•â•â•â•â•â•â•â•â•â•â•â•â•â•â•â•â•â•â•â•â•â•â•â•â•â•â•â•â•â•â•â•â•â•â•â•â•â•â•â•â•â•â•â•â•â•â•â•â•â•â•â•â•â•â•â•â•â•â•â•â•â•—
2025-12-08 18:00:27.601 13609-13659 EnhancedProtections     com.cdccreditsmart.app               I  â•‘  ðŸ“Š RESUMO DAS PROTEÃ‡Ã•ES AVANÃ‡ADAS                             â•‘
2025-12-08 18:00:27.601 13609-13659 EnhancedProtections     com.cdccreditsmart.app               I  â• â•â•â•â•â•â•â•â•â•â•â•â•â•â•â•â•â•â•â•â•â•â•â•â•â•â•â•â•â•â•â•â•â•â•â•â•â•â•â•â•â•â•â•â•â•â•â•â•â•â•â•â•â•â•â•â•â•â•â•â•â•â•â•â•â•£
2025-12-08 18:00:27.601 13609-13659 EnhancedProtections     com.cdccreditsmart.app               I  â•‘  OperaÃ§Ã£o: ATIVAR                                          â•‘
2025-12-08 18:00:27.601 13609-13659 EnhancedProtections     com.cdccreditsmart.app               I  â•‘  Success: true                                              â•‘
2025-12-08 18:00:27.601 13609-13659 EnhancedProtections     com.cdccreditsmart.app               I  â•‘  PolÃ­ticas aplicadas: 4                                     â•‘
2025-12-08 18:00:27.601 13609-13659 EnhancedProtections     com.cdccreditsmart.app               I  â•‘  Apps de controle parental detectados: 0                  â•‘
2025-12-08 18:00:27.601 13609-13659 EnhancedProtections     com.cdccreditsmart.app               I  â• â•â•â•â•â•â•â•â•â•â•â•â•â•â•â•â•â•â•â•â•â•â•â•â•â•â•â•â•â•â•â•â•â•â•â•â•â•â•â•â•â•â•â•â•â•â•â•â•â•â•â•â•â•â•â•â•â•â•â•â•â•â•â•â•â•£
2025-12-08 18:00:27.601 13609-13659 EnhancedProtections     com.cdccreditsmart.app               I  â•‘  â†’ Parental: Nenhum app de controle parental detectado
2025-12-08 18:00:27.601 13609-13659 EnhancedProtections     com.cdccreditsmart.app               I  â•‘  â†’ System updates: bloqueado
2025-12-08 18:00:27.601 13609-13659 EnhancedProtections     com.cdccreditsmart.app               I  â•‘  â†’ Power saving: configurado
2025-12-08 18:00:27.601 13609-13659 EnhancedProtections     com.cdccreditsmart.app               I  â•‘  â†’ Multi-window: bloqueado
2025-12-08 18:00:27.601 13609-13659 EnhancedProtections     com.cdccreditsmart.app               I  â•šâ•â•â•â•â•â•â•â•â•â•â•â•â•â•â•â•â•â•â•â•â•â•â•â•â•â•â•â•â•â•â•â•â•â•â•â•â•â•â•â•â•â•â•â•â•â•â•â•â•â•â•â•â•â•â•â•â•â•â•â•â•â•â•â•â•
2025-12-08 18:00:27.601 13609-13659 EnhancedProtections     com.cdccreditsmart.app               I  
2025-12-08 18:00:27.650 13609-13609 PermissionGateScreen    com.cdccreditsmart.app               I  ðŸ” VERIFICAÃ‡ÃƒO INICIAL DE PERMISSÃ•ES:
2025-12-08 18:00:27.650 13609-13609 PermissionGateScreen    com.cdccreditsmart.app               I     NÃ­vel: DEVICE_OWNER
2025-12-08 18:00:27.651 13609-13609 PermissionGateScreen    com.cdccreditsmart.app               I     Todas concedidas: true
2025-12-08 18:00:27.651 13609-13609 PermissionGateScreen    com.cdccreditsmart.app               I     Bateria isenta: true
2025-12-08 18:00:27.651 13609-13609 PermissionGateScreen    com.cdccreditsmart.app               I     âœ… OK: Monitoramento de Apps
2025-12-08 18:00:27.651 13609-13609 PermissionGateScreen    com.cdccreditsmart.app               I     âœ… OK: Mostrar Alertas
2025-12-08 18:00:27.651 13609-13609 PermissionGateScreen    com.cdccreditsmart.app               I  âœ… TODAS AS PERMISSÃ•ES JÃ CONCEDIDAS - navegando imediatamente
2025-12-08 18:00:27.651 13609-13609 SettingsGuardService    com.cdccreditsmart.app               I  â–¶ï¸ Guard RETOMADO apÃ³s fluxo de permissÃµes
2025-12-08 18:00:27.667 13609-13659 WorkPolicyManager       com.cdccreditsmart.app               I     âœ… setLockTaskPackages: 4 apps permitidos
2025-12-08 18:00:27.675 13609-13659 WorkPolicyManager       com.cdccreditsmart.app               I     âœ… setLockTaskFeatures configurado (Android 9+)
2025-12-08 18:00:27.675 13609-13659 WorkPolicyManager       com.cdccreditsmart.app               I  
2025-12-08 18:00:27.675 13609-13659 WorkPolicyManager       com.cdccreditsmart.app               I  â•”â•â•â•â•â•â•â•â•â•â•â•â•â•â•â•â•â•â•â•â•â•â•â•â•â•â•â•â•â•â•â•â•â•â•â•â•â•â•â•â•â•â•â•â•â•â•â•â•â•â•â•â•â•â•â•â•â•â•â•â•â•â•â•â•â•—
2025-12-08 18:00:27.675 13609-13659 WorkPolicyManager       com.cdccreditsmart.app               I  â•‘  ðŸ“Š RESUMO DAS POLÃTICAS DE TRABALHO                           â•‘
2025-12-08 18:00:27.675 13609-13659 WorkPolicyManager       com.cdccreditsmart.app               I  â• â•â•â•â•â•â•â•â•â•â•â•â•â•â•â•â•â•â•â•â•â•â•â•â•â•â•â•â•â•â•â•â•â•â•â•â•â•â•â•â•â•â•â•â•â•â•â•â•â•â•â•â•â•â•â•â•â•â•â•â•â•â•â•â•â•£
2025-12-08 18:00:27.675 13609-13659 WorkPolicyManager       com.cdccreditsmart.app               I  â•‘  ðŸ‘‘ NÃ­vel de proteÃ§Ã£o: DEVICE OWNER FULL
2025-12-08 18:00:27.675 13609-13659 WorkPolicyManager       com.cdccreditsmart.app               I  â•‘  ðŸ“‹ PolÃ­ticas aplicadas: 21
2025-12-08 18:00:27.675 13609-13659 WorkPolicyManager       com.cdccreditsmart.app               I  â• â•â•â•â•â•â•â•â•â•â•â•â•â•â•â•â•â•â•â•â•â•â•â•â•â•â•â•â•â•â•â•â•â•â•â•â•â•â•â•â•â•â•â•â•â•â•â•â•â•â•â•â•â•â•â•â•â•â•â•â•â•â•â•â•â•£
2025-12-08 18:00:27.675 13609-13659 WorkPolicyManager       com.cdccreditsmart.app               I  â•‘  âœ… PROTEÃ‡Ã•ES ATIVAS:
2025-12-08 18:00:27.675 13609-13659 WorkPolicyManager       com.cdccreditsmart.app               I  â•‘     âœ… DesinstalaÃ§Ã£o bloqueada
2025-12-08 18:00:27.675 13609-13659 WorkPolicyManager       com.cdccreditsmart.app               I  â•‘     âœ… Force Stop bloqueado
2025-12-08 18:00:27.675 13609-13659 WorkPolicyManager       com.cdccreditsmart.app               I  â•‘     âœ… Clear Data bloqueado
2025-12-08 18:00:27.675 13609-13659 WorkPolicyManager       com.cdccreditsmart.app               I  â•‘     âœ… Controle do usuÃ¡rio desabilitado
2025-12-08 18:00:27.676 13609-13659 WorkPolicyManager       com.cdccreditsmart.app               I  â•‘     âœ… Wipe por senha incorreta desabilitado
2025-12-08 18:00:27.676 13609-13659 WorkPolicyManager       com.cdccreditsmart.app               I  â•‘     âœ… Safe Mode bloqueado
2025-12-08 18:00:27.676 13609-13659 WorkPolicyManager       com.cdccreditsmart.app               I  â•‘     âœ… AdiÃ§Ã£o de usuÃ¡rios bloqueada
2025-12-08 18:00:27.676 13609-13659 WorkPolicyManager       com.cdccreditsmart.app               I  â•‘     âœ… RemoÃ§Ã£o de usuÃ¡rios bloqueada
2025-12-08 18:00:27.676 13609-13659 WorkPolicyManager       com.cdccreditsmart.app               I  â•‘     âœ… Troca de usuÃ¡rios bloqueada
2025-12-08 18:00:27.676 13609-13659 WorkPolicyManager       com.cdccreditsmart.app               I  â•‘     âœ… ModificaÃ§Ã£o de contas bloqueada
2025-12-08 18:00:27.676 13609-13659 WorkPolicyManager       com.cdccreditsmart.app               I  â•‘     âœ… Network Reset bloqueado
2025-12-08 18:00:27.676 13609-13659 WorkPolicyManager       com.cdccreditsmart.app               I  â•‘     âœ… ConfiguraÃ§Ã£o de VPN bloqueada
2025-12-08 18:00:27.676 13609-13659 WorkPolicyManager       com.cdccreditsmart.app               I  â•‘     âœ… ConfiguraÃ§Ã£o de rede mÃ³vel bloqueada
2025-12-08 18:00:27.676 13609-13659 WorkPolicyManager       com.cdccreditsmart.app               I  â•‘     âœ… ConfiguraÃ§Ã£o de data/hora bloqueada
2025-12-08 18:00:27.676 13609-13659 WorkPolicyManager       com.cdccreditsmart.app               I  â•‘     âœ… Montagem de mÃ­dia externa bloqueada
2025-12-08 18:00:27.676 13609-13659 WorkPolicyManager       com.cdccreditsmart.app               I  â•‘     âœ… PolÃ­tica de atualizaÃ§Ãµes configurada
2025-12-08 18:00:27.676 13609-13659 WorkPolicyManager       com.cdccreditsmart.app               I  â•‘     âœ… ProteÃ§Ãµes avanÃ§adas aplicadas
2025-12-08 18:00:27.676 13609-13659 WorkPolicyManager       com.cdccreditsmart.app               I  â•‘     âœ… Lock Task Mode configurado (kiosk)
2025-12-08 18:00:27.676 13609-13659 WorkPolicyManager       com.cdccreditsmart.app               I  â• â•â•â•â•â•â•â•â•â•â•â•â•â•â•â•â•â•â•â•â•â•â•â•â•â•â•â•â•â•â•â•â•â•â•â•â•â•â•â•â•â•â•â•â•â•â•â•â•â•â•â•â•â•â•â•â•â•â•â•â•â•â•â•â•â•£
2025-12-08 18:00:27.676 13609-13659 WorkPolicyManager       com.cdccreditsmart.app               I  â•‘  âš ï¸ AVISOS:
2025-12-08 18:00:27.676 13609-13659 WorkPolicyManager       com.cdccreditsmart.app               W  â•‘     âš ï¸ Factory Reset via Recovery Mode nÃ£o Ã© bloqueÃ¡vel
2025-12-08 18:00:27.676 13609-13659 WorkPolicyManager       com.cdccreditsmart.app               W  â•‘     âš ï¸ USB Debugging ativo (modo debug)
2025-12-08 18:00:27.676 13609-13659 WorkPolicyManager       com.cdccreditsmart.app               I  â•šâ•â•â•â•â•â•â•â•â•â•â•â•â•â•â•â•â•â•â•â•â•â•â•â•â•â•â•â•â•â•â•â•â•â•â•â•â•â•â•â•â•â•â•â•â•â•â•â•â•â•â•â•â•â•â•â•â•â•â•â•â•â•â•â•â•
2025-12-08 18:00:27.676 13609-13659 WorkPolicyManager       com.cdccreditsmart.app               I  
2025-12-08 18:00:27.676 13609-13659 CdcForegroundService    com.cdccreditsmart.app               I  ðŸ¢ Resultado: DEVICE_OWNER_FULL
2025-12-08 18:00:27.676 13609-13659 CdcForegroundService    com.cdccreditsmart.app               I  ðŸ¢ PolÃ­ticas aplicadas: 21/20
2025-12-08 18:00:27.676 13609-13659 CdcForegroundService    com.cdccreditsmart.app               W  ðŸ¢ âš ï¸ Factory Reset via Recovery Mode nÃ£o Ã© bloqueÃ¡vel
2025-12-08 18:00:27.676 13609-13659 CdcForegroundService    com.cdccreditsmart.app               W  ðŸ¢ âš ï¸ USB Debugging ativo (modo debug)
2025-12-08 18:00:27.676 13609-13659 CdcForegroundService    com.cdccreditsmart.app               I  ðŸ¢ ========================================
2025-12-08 18:00:27.676 13609-13659 CdcForegroundService    com.cdccreditsmart.app               I  ðŸ›¡ï¸ ========================================
2025-12-08 18:00:27.676 13609-13659 CdcForegroundService    com.cdccreditsmart.app               I  ðŸ›¡ï¸ INICIANDO SETTINGS GUARD (PROTEÃ‡ÃƒO AGRESSIVA)
2025-12-08 18:00:27.676 13609-13659 CdcForegroundService    com.cdccreditsmart.app               I  ðŸ›¡ï¸ ========================================
2025-12-08 18:00:27.685 13609-13659 AutoPermissionManager   com.cdccreditsmart.app               I  ðŸ” ForÃ§ando concessÃ£o de permissÃµes especiais...
2025-12-08 18:00:27.704 13609-13659 SettingsGuardService    com.cdccreditsmart.app               I  
2025-12-08 18:00:27.704 13609-13659 SettingsGuardService    com.cdccreditsmart.app               I  â•”â•â•â•â•â•â•â•â•â•â•â•â•â•â•â•â•â•â•â•â•â•â•â•â•â•â•â•â•â•â•â•â•â•â•â•â•â•â•â•â•â•â•â•â•â•â•â•â•â•â•â•â•â•â•â•â•â•—
2025-12-08 18:00:27.704 13609-13659 SettingsGuardService    com.cdccreditsmart.app               I  â•‘   ðŸ›¡ï¸ SETTINGSGUARD - INICIALIZAÃ‡ÃƒO                    â•‘
2025-12-08 18:00:27.704 13609-13659 SettingsGuardService    com.cdccreditsmart.app               I  â• â•â•â•â•â•â•â•â•â•â•â•â•â•â•â•â•â•â•â•â•â•â•â•â•â•â•â•â•â•â•â•â•â•â•â•â•â•â•â•â•â•â•â•â•â•â•â•â•â•â•â•â•â•â•â•â•â•£
2025-12-08 18:00:27.704 13609-13659 SettingsGuardService    com.cdccreditsmart.app               I  â•‘   â„¹ï¸ Guard jÃ¡ estÃ¡ ativo - ignorando chamada         â•‘
2025-12-08 18:00:27.704 13609-13659 SettingsGuardService    com.cdccreditsmart.app               I  â•šâ•â•â•â•â•â•â•â•â•â•â•â•â•â•â•â•â•â•â•â•â•â•â•â•â•â•â•â•â•â•â•â•â•â•â•â•â•â•â•â•â•â•â•â•â•â•â•â•â•â•â•â•â•â•â•â•â•
2025-12-08 18:00:27.708 13609-13659 CdcForegroundService    com.cdccreditsmart.app               I  ðŸ›¡ï¸ Guard ativo: true
2025-12-08 18:00:27.708 13609-13659 CdcForegroundService    com.cdccreditsmart.app               I  ðŸ›¡ï¸ Modo proteÃ§Ã£o: DEVICE_OWNER
2025-12-08 18:00:27.708 13609-13659 CdcForegroundService    com.cdccreditsmart.app               I  ðŸ›¡ï¸ Modo agressivo: false
2025-12-08 18:00:27.708 13609-13659 CdcForegroundService    com.cdccreditsmart.app               I  ðŸ›¡ï¸ UsageStats: âœ… ATIVO
2025-12-08 18:00:27.713 13609-13659 CdcForegroundService    com.cdccreditsmart.app               I  ðŸ›¡ï¸ Overlay: âœ… ATIVO
2025-12-08 18:00:27.713 13609-13659 CdcForegroundService    com.cdccreditsmart.app               I  ðŸ›¡ï¸ ========================================
2025-12-08 18:00:27.734 13609-13609 Choreographer           com.cdccreditsmart.app               I  Skipped 152 frames!  The application may be doing too much work on its main thread.
2025-12-08 18:00:27.815 13609-13660 ContractCodeStorage     com.cdccreditsmart.app               D  Storage verification: 7 valid, 0 tampered, 0 missing
2025-12-08 18:00:27.815 13609-13660 ContractCodeStorage     com.cdccreditsmart.app               D  Contract code retrieved successfully
2025-12-08 18:00:27.821 13609-13660 SecureTokenStorage      com.cdccreditsmart.app               D  âš ï¸ Usando Serial Number para MDM (IMEI indisponÃ­vel): XV8W57...
2025-12-08 18:00:27.821 13609-13660 CdcForegroundService    com.cdccreditsmart.app               I  ðŸ” AuthToken presente: true
2025-12-08 18:00:27.821 13609-13660 CdcForegroundService    com.cdccreditsmart.app               I  ðŸ” AuthToken length: 260
2025-12-08 18:00:27.821 13609-13660 CdcForegroundService    com.cdccreditsmart.app               I  ðŸ” ContractCode presente: true
2025-12-08 18:00:27.821 13609-13660 CdcForegroundService    com.cdccreditsmart.app               I  ðŸ” ContractCode value: XV8W****
2025-12-08 18:00:27.821 13609-13660 CdcForegroundService    com.cdccreditsmart.app               I  ðŸ” MDM SerialNumber presente: true
2025-12-08 18:00:27.821 13609-13660 CdcForegroundService    com.cdccreditsmart.app               I  ðŸ” MDM SerialNumber value: XV8W5766...
2025-12-08 18:00:27.821 13609-13660 CdcForegroundService    com.cdccreditsmart.app               I  ðŸ”§ ========================================
2025-12-08 18:00:27.821 13609-13660 CdcForegroundService    com.cdccreditsmart.app               I  ðŸ”§ INICIALIZANDO MDM COM SERIAL NUMBER: XV8W5766...
2025-12-08 18:00:27.821 13609-13660 CdcForegroundService    com.cdccreditsmart.app               I  ðŸ”§ ========================================
2025-12-08 18:00:27.821 13609-13660 CdcForegroundService    com.cdccreditsmart.app               I  ðŸ” Tokens encontrados - inicializando serviÃ§os MDM
2025-12-08 18:00:27.821 13609-13660 CdcForegroundService    com.cdccreditsmart.app               D  ðŸ“¡ Criando MdmCommandReceiver (usando serialNumber do SecureTokenStorage)...
2025-12-08 18:00:27.844 13609-13660 MdmCommandReceiver      com.cdccreditsmart.app               D  âœ… Foreground service reference set for WakeLock management
2025-12-08 18:00:27.844 13609-13660 CdcForegroundService    com.cdccreditsmart.app               D  ðŸ”‹ Foreground service reference passada para MdmCommandReceiver
2025-12-08 18:00:27.844 13609-13660 CdcForegroundService    com.cdccreditsmart.app               I  ðŸ’“ ========================================
2025-12-08 18:00:27.844 13609-13660 CdcForegroundService    com.cdccreditsmart.app               I  ðŸ’“ INICIANDO HEARTBEAT MANAGER (60s)
2025-12-08 18:00:27.844 13609-13660 CdcForegroundService    com.cdccreditsmart.app               I  ðŸ’“ ========================================
2025-12-08 18:00:27.848 13609-13660 HeartbeatManager        com.cdccreditsmart.app               I  ðŸ’“ ========================================
2025-12-08 18:00:27.848 13609-13660 HeartbeatManager        com.cdccreditsmart.app               I  ðŸ’“ INICIANDO HEARTBEAT MANAGER (60s)
2025-12-08 18:00:27.848 13609-13660 HeartbeatManager        com.cdccreditsmart.app               I  ðŸ’“ ========================================
2025-12-08 18:00:27.848 13609-13660 HeartbeatManager        com.cdccreditsmart.app               I  ðŸ’“ Intervalo: 60 segundos
2025-12-08 18:00:27.848 13609-13660 HeartbeatManager        com.cdccreditsmart.app               I  ðŸ’“ Endpoint: POST /api/apk/device/heartbeat
2025-12-08 18:00:27.849 13609-13660 CdcForegroundService    com.cdccreditsmart.app               I  ðŸ’“ HeartbeatManager iniciado ANTES do WebSocket
2025-12-08 18:00:27.849 13609-13660 CdcForegroundService    com.cdccreditsmart.app               I  ðŸ“¡ ========================================
2025-12-08 18:00:27.849 13609-13660 CdcForegroundService    com.cdccreditsmart.app               I  ðŸ“¡ CONECTANDO WebSocket MDM...
2025-12-08 18:00:27.849 13609-13660 CdcForegroundService    com.cdccreditsmart.app               I  ðŸ“¡ ========================================
2025-12-08 18:00:27.849 13609-13660 CdcForegroundService    com.cdccreditsmart.app               I  ðŸ“¡ AuthToken length: 260 caracteres
2025-12-08 18:00:27.849 13609-13660 CdcForegroundService    com.cdccreditsmart.app               I  ðŸ“¡ AuthToken preview: eyJhbGciOiJIUzI1NiIs...
2025-12-08 18:00:27.849 13609-13660 CdcForegroundService    com.cdccreditsmart.app               I  ðŸ“¡ Contract code: XV8W5766
2025-12-08 18:00:27.849 13609-13660 CdcForegroundService    com.cdccreditsmart.app               I  ðŸ“¡ Chamando mdmReceiver.connectMdmWebSocket()...
2025-12-08 18:00:27.866 13609-13659 HeartbeatManager        com.cdccreditsmart.app               I  ðŸ’“ Enviando heartbeat IMEDIATO...
2025-12-08 18:00:27.932 13609-13609 CdcForegroundService    com.cdccreditsmart.app               D  ðŸš€ ServiÃ§o onStartCommand() - Action: com.cdccreditsmart.app.START_SERVICE
2025-12-08 18:00:27.939 13609-13621 HWUI                    com.cdccreditsmart.app               I  Davey! duration=2732ms; Flags=0, FrameTimelineVsyncId=162447, IntendedVsync=5397118506789, Vsync=5399651840021, InputEventId=0, HandleInputStart=5399653146190, AnimationStart=5399653146946, PerformTraversalsStart=5399843784437, DrawStart=5399844292721, FrameDeadline=5398251840077, FrameStartTime=5399652950750, FrameInterval=16666666, WorkloadTarget=16666666, SyncQueued=5399849384029, SyncStart=5399849808629, IssueDrawCommandsStart=5399849836338, SwapBuffers=5399849914194, FrameCompleted=5399851615375, DequeueBufferDuration=2326, QueueBufferDuration=1296585, GpuCompleted=5399851576462, SwapBuffersCompleted=5399851615375, DisplayPresentTime=28992399349842023, CommandSubmissionCompleted=5399849914194, 
2025-12-08 18:00:27.957 13609-13609 CdcForegroundService    com.cdccreditsmart.app               I  âœ… Foreground Service ativo (Android 12+)
2025-12-08 18:00:27.960 13609-13661 CdcForegroundService    com.cdccreditsmart.app               I  ðŸ”§ ========================================
2025-12-08 18:00:27.960 13609-13661 CdcForegroundService    com.cdccreditsmart.app               I  ðŸ”§ INICIANDO initializeServices()...
2025-12-08 18:00:27.960 13609-13661 CdcForegroundService    com.cdccreditsmart.app               I  ðŸ”§ ========================================
2025-12-08 18:00:27.960 13609-13661 CdcForegroundService    com.cdccreditsmart.app               D  âœ… ServiÃ§os base jÃ¡ inicializados
2025-12-08 18:00:27.960 13609-13609 FactoryResetRecovery    com.cdccreditsmart.app               I  ========================================
2025-12-08 18:00:27.961 13609-13609 FactoryResetRecovery    com.cdccreditsmart.app               I  ðŸ”„ BOOT DETECTADO (android.intent.action.BOOT_COMPLETED) - Verificando recuperaÃ§Ã£o
2025-12-08 18:00:27.961 13609-13609 FactoryResetRecovery    com.cdccreditsmart.app               I  ========================================
2025-12-08 18:00:27.971 13609-13690 ContractCodeStorage     com.cdccreditsmart.app               D  Retrieving contract code from storage
2025-12-08 18:00:27.972 13609-13661 CdcForegroundService    com.cdccreditsmart.app               D  âœ… MDM jÃ¡ inicializado - ignorando chamada duplicada
2025-12-08 18:00:27.976 13609-13660 SecureTokenStorage      com.cdccreditsmart.app               D  EncryptedSharedPreferences initialized successfully
2025-12-08 18:00:27.981 13609-13660 SecureTokenStorage      com.cdccreditsmart.app               D  âš ï¸ Usando Serial Number para MDM (IMEI indisponÃ­vel): XV8W57...
2025-12-08 18:00:27.981 13609-13660 MdmCommandReceiver      com.cdccreditsmart.app               I  ðŸ”— ========================================
2025-12-08 18:00:27.981 13609-13660 MdmCommandReceiver      com.cdccreditsmart.app               I  ðŸ”— INICIANDO CONEXÃƒO WEBSOCKET MDM
2025-12-08 18:00:27.981 13609-13660 MdmCommandReceiver      com.cdccreditsmart.app               I  ðŸ”— ========================================
2025-12-08 18:00:27.981 13609-13660 MdmCommandReceiver      com.cdccreditsmart.app               I  ðŸ”— URL base: wss://cdccreditsmart.com/ws/mdm-policies
2025-12-08 18:00:27.981 13609-13660 MdmCommandReceiver      com.cdccreditsmart.app               I  ðŸ”— JWT Token presente: true
2025-12-08 18:00:27.981 13609-13660 MdmCommandReceiver      com.cdccreditsmart.app               I  ðŸ”— JWT Token length: 260
2025-12-08 18:00:27.981 13609-13660 MdmCommandReceiver      com.cdccreditsmart.app               I  ðŸ”— JWT Token preview: eyJhbGciOiJIUzI1NiIsInR5cCI6Ik...
2025-12-08 18:00:27.981 13609-13660 MdmCommandReceiver      com.cdccreditsmart.app               I  ðŸ”— Device identifier: XV8W5766
2025-12-08 18:00:27.982 13609-13660 MdmCommandReceiver      com.cdccreditsmart.app               D  ðŸ”— Criando WebSocket OkHttp...
2025-12-08 18:00:27.982 13609-13660 MdmCommandReceiver      com.cdccreditsmart.app               I  ðŸ”„ Iniciando polling IMEDIATAMENTE (nÃ£o esperar WebSocket)
2025-12-08 18:00:27.982 13609-13962 MdmCommandReceiver      com.cdccreditsmart.app               I  ðŸ”„ ========================================
2025-12-08 18:00:27.983 13609-13962 MdmCommandReceiver      com.cdccreditsmart.app               I  ðŸ”„ INICIANDO POLLING FALLBACK MDM
2025-12-08 18:00:27.983 13609-13962 MdmCommandReceiver      com.cdccreditsmart.app               I  ðŸ”„ ========================================
2025-12-08 18:00:27.983 13609-13962 MdmCommandReceiver      com.cdccreditsmart.app               I  ðŸ”„ Intervalo: 30 segundos
2025-12-08 18:00:27.983 13609-13962 MdmCommandReceiver      com.cdccreditsmart.app               I  ðŸ”„ Endpoint: GET /api/apk/device/{identifier}/commands
2025-12-08 18:00:27.983 13609-13962 MdmCommandReceiver      com.cdccreditsmart.app               I  ðŸ”„ Executando verificaÃ§Ã£o IMEDIATA de comandos...
2025-12-08 18:00:27.991 13609-13962 SecureTokenStorage      com.cdccreditsmart.app               D  âš ï¸ Usando Serial Number para MDM (IMEI indisponÃ­vel): XV8W57...
2025-12-08 18:00:27.995 13609-13962 MdmCommandReceiver      com.cdccreditsmart.app               I  ðŸ” ========================================
2025-12-08 18:00:27.995 13609-13962 MdmCommandReceiver      com.cdccreditsmart.app               I  ðŸ” BUSCANDO COMANDOS PENDENTES
2025-12-08 18:00:27.995 13609-13962 MdmCommandReceiver      com.cdccreditsmart.app               I  ðŸ” ========================================
2025-12-08 18:00:27.995 13609-13962 MdmCommandReceiver      com.cdccreditsmart.app               I  ðŸ” Identifier: XV8W5766
2025-12-08 18:00:27.995 13609-13962 MdmCommandReceiver      com.cdccreditsmart.app               I  ðŸ” Endpoint: GET /api/apk/device/XV8W5766/commands
2025-12-08 18:00:27.996 13609-13660 MdmCommandReceiver      com.cdccreditsmart.app               D  ðŸ”— WebSocket request enviado - aguardando resposta...
2025-12-08 18:00:27.996 13609-13660 CdcForegroundService    com.cdccreditsmart.app               I  ðŸ“¡ ========================================
2025-12-08 18:00:27.996 13609-13660 CdcForegroundService    com.cdccreditsmart.app               I  ðŸ“¡ connectMdmWebSocket() CHAMADO - Aguardando conexÃ£o...
2025-12-08 18:00:27.996 13609-13660 CdcForegroundService    com.cdccreditsmart.app               I  ðŸ“¡ PrÃ³ximo log esperado: 'âœ… WebSocket MDM CONECTADO'
2025-12-08 18:00:27.996 13609-13660 CdcForegroundService    com.cdccreditsmart.app               I  ðŸ“¡ ========================================
2025-12-08 18:00:27.996 13609-13660 CdcForegroundService    com.cdccreditsmart.app               D  ðŸ“¡ Criando WebSocketManager (flow-status)...
2025-12-08 18:00:27.996 13609-13962 MdmCommandReceiver      com.cdccreditsmart.app               D  ðŸ” Executando requisiÃ§Ã£o HTTP (timeout: 15s)...
2025-12-08 18:00:27.997 13609-13660 WebSocketManager        com.cdccreditsmart.app               D  Connecting to WebSocket: wss://cdccreditsmart.com/ws/flow-status
2025-12-08 18:00:28.001 13609-13660 CdcForegroundService    com.cdccreditsmart.app               I  ðŸ“¡ WebSocketManager inicializado
2025-12-08 18:00:28.001 13609-13660 CdcForegroundService    com.cdccreditsmart.app               I  ðŸ’¡ Overlay automÃ¡tico: PeriodicOverlayWorker (a cada 10min)
2025-12-08 18:00:28.003 13609-13660 HeartbeatWorker         com.cdccreditsmart.app               I  âœ… Heartbeat OTIMIZADO agendado via WorkManager
2025-12-08 18:00:28.003 13609-13660 HeartbeatWorker         com.cdccreditsmart.app               I     ðŸ“Š Intervalo: 60min (reduÃ§Ã£o de 75% vs 15min)
2025-12-08 18:00:28.003 13609-13660 HeartbeatWorker         com.cdccreditsmart.app               I     ðŸŽ¯ Economia: ~72 requisiÃ§Ãµes/dia por dispositivo
2025-12-08 18:00:28.003 13609-13660 IconProtectionWorker    com.cdccreditsmart.app               I  ðŸ“Œ IconProtectionWorker agendado (15 min)
2025-12-08 18:00:28.005 13609-13609 WindowOnBackDispatcher  com.cdccreditsmart.app               W  sendCancelIfRunning: isInProgress=false callback=androidx.activity.OnBackPressedDispatcher$Api34Impl$createOnBackAnimationCallback$1@1d582d5
2025-12-08 18:00:28.006 13609-13660 IconProtectionWorker    com.cdccreditsmart.app               I  ðŸ“Œ IconProtectionWorker executando agora
2025-12-08 18:00:28.006 13609-13660 CdcForegroundService    com.cdccreditsmart.app               I  ðŸ“Œ Worker de proteÃ§Ã£o do Ã­cone agendado e executando
2025-12-08 18:00:28.007 13609-13660 BlockingNotifWorker     com.cdccreditsmart.app               I  ðŸ“… Agendando verificaÃ§Ã£o de notificaÃ§Ãµes de bloqueio...
2025-12-08 18:00:28.009 13609-13660 BlockingNotifWorker     com.cdccreditsmart.app               I  âœ… Worker agendado para executar a cada 6h
2025-12-08 18:00:28.009 13609-13660 CdcForegroundService    com.cdccreditsmart.app               I  ðŸ“± Worker de notificaÃ§Ãµes de bloqueio agendado
2025-12-08 18:00:28.009 13609-13660 CdcForegroundService    com.cdccreditsmart.app               I  ðŸ”’ ========================================
2025-12-08 18:00:28.009 13609-13660 CdcForegroundService    com.cdccreditsmart.app               I  ðŸ”’ VERIFICANDO STUB PARA PERSISTÃŠNCIA
2025-12-08 18:00:28.009 13609-13660 CdcForegroundService    com.cdccreditsmart.app               I  ðŸ”’ ========================================
2025-12-08 18:00:28.013 13609-13660 StubManager             com.cdccreditsmart.app               D  Stub is installed
2025-12-08 18:00:28.046 13609-13609 MainActivity            com.cdccreditsmart.app               D  ðŸ“ BroadcastReceiver de localizaÃ§Ã£o desregistrado
2025-12-08 18:00:28.048 13609-13609 WindowOnBackDispatcher  com.cdccreditsmart.app               W  sendCancelIfRunning: isInProgress=false callback=android.app.Activity$$ExternalSyntheticLambda0@c21e3e8
2025-12-08 18:00:28.059 13609-13609 ViewRootImpl            com.cdccreditsmart.app               D  Skipping stats log for color mode
2025-12-08 18:00:28.096 13609-13970 ProfileInstaller        com.cdccreditsmart.app               D  Installing profile for com.cdccreditsmart.app
2025-12-08 18:00:28.107 13609-13609 DeviceOwnerCheckVM      com.cdccreditsmart.app               I  ========================================
2025-12-08 18:00:28.107 13609-13609 DeviceOwnerCheckVM      com.cdccreditsmart.app               I  ðŸ” Verificando status de Device Owner...
2025-12-08 18:00:28.154 13609-13609 CDCDeviceAdminReceiver  com.cdccreditsmart.app               I  User started: UserHandle{10}
2025-12-08 18:00:28.155 13609-13609 InsetsController        com.cdccreditsmart.app               D  hide(ime(), fromIme=false)
2025-12-08 18:00:28.155 13609-13609 ImeTracker              com.cdccreditsmart.app               I  com.cdccreditsmart.app:5ff9ab7c: onCancelled at PHASE_CLIENT_ALREADY_HIDDEN
2025-12-08 18:00:28.183 13609-13609 BootReceiver            com.cdccreditsmart.app               I  Dispositivo iniciado - starting CdcForegroundService
2025-12-08 18:00:28.183 13609-13609 FactoryResetRecovery    com.cdccreditsmart.app               I  Initializing Factory Reset Recovery system
2025-12-08 18:00:28.269 13609-13659 SecureTokenStorage      com.cdccreditsmart.app               D  EncryptedSharedPreferences initialized successfully
2025-12-08 18:00:28.272 13609-13659 HeartbeatManager        com.cdccreditsmart.app               D  ðŸ’“ Usando authToken (fallback)
2025-12-08 18:00:28.310 13609-13609 SecureTokenStorage      com.cdccreditsmart.app               D  EncryptedSharedPreferences initialized successfully
2025-12-08 18:00:28.313 13609-13609 ContractCodeStorage     com.cdccreditsmart.app               D  Retrieving contract code from storage
2025-12-08 18:00:28.336 13609-13659 HeartbeatManager        com.cdccreditsmart.app               D  ðŸ’“ Payload do heartbeat:
2025-12-08 18:00:28.336 13609-13659 HeartbeatManager        com.cdccreditsmart.app               D     deviceToken: eyJhbGciOiJIUzI1NiIs...
2025-12-08 18:00:28.336 13609-13659 HeartbeatManager        com.cdccreditsmart.app               D     currentBlockLevel: 6
2025-12-08 18:00:28.336 13609-13659 HeartbeatManager        com.cdccreditsmart.app               D     batteryLevel: 100
2025-12-08 18:00:28.336 13609-13659 HeartbeatManager        com.cdccreditsmart.app               D     isCharging: false
2025-12-08 18:00:28.336 13609-13659 HeartbeatManager        com.cdccreditsmart.app               D     currentSimImei: N/A...
2025-12-08 18:00:28.341 13609-13647 JobInfo                 com.cdccreditsmart.app               W  Requested important-while-foreground flag for job15 is ignored and takes no effect
2025-12-08 18:00:28.379 13609-13961 InteractionJankMonitor  com.cdccreditsmart.app               W  Initializing without READ_DEVICE_CONFIG permission. enabled=false, interval=1, missedFrameThreshold=3, frameTimeThreshold=64, package=com.cdccreditsmart.app
2025-12-08 18:00:28.472 13609-13614 creditsmart.app         com.cdccreditsmart.app               I  Background concurrent mark compact GC freed 8652KB AllocSpace bytes, 340(12MB) LOS objects, 44% free, 29MB/53MB, paused 21.209ms,125.540ms total 3.416s
2025-12-08 18:00:28.519 13609-13815 okhttp.OkHttpClient     com.cdccreditsmart.app               I  --> GET https://cdccreditsmart.com/api/apk/device/XV8W5766/commands
2025-12-08 18:00:28.519 13609-13815 okhttp.OkHttpClient     com.cdccreditsmart.app               I  --> END GET
2025-12-08 18:00:28.630 13609-13964 MdmCommandReceiver      com.cdccreditsmart.app               I  âœ… WebSocket MDM CONECTADO COM SUCESSO!
2025-12-08 18:00:28.631 13609-13964 MdmCommandReceiver      com.cdccreditsmart.app               D  âœ… Response code: 101
2025-12-08 18:00:28.631 13609-13964 MdmCommandReceiver      com.cdccreditsmart.app               I  â³ Aguardando 'auth_required' do servidor...
2025-12-08 18:00:28.631 13609-13964 MdmCommandReceiver      com.cdccreditsmart.app               D  â³ Polling jÃ¡ estÃ¡ ativo - ignorando chamada duplicada
2025-12-08 18:00:28.631 13609-13964 MdmCommandReceiver      com.cdccreditsmart.app               D  ðŸ“¥ Mensagem MDM recebida: {"type":"welcome","message":"Connected to unified WebSocket server","connectionId":"dee185bd-f54e-4909-a082-32673e87687b","path":"/ws/mdm-policies","routerKey":"mdm-policies","timestamp":"2025-12-08T21:00:30.630Z","serverTime":"2025-12-08T21:00:30.630Z"}
2025-12-08 18:00:28.631 13609-13661 MdmCommandReceiver      com.cdccreditsmart.app               D  â° Watchdog cancelado (conexÃ£o resolvida)
2025-12-08 18:00:28.631 13609-13661 MdmCommandReceiver      com.cdccreditsmart.app               I  ðŸ’“ Iniciando ping manual JSON (intervalo: 25s)
2025-12-08 18:00:28.633 13609-13964 MdmCommandReceiver      com.cdccreditsmart.app               D  ðŸ“¥ Mensagem MDM recebida: {"type":"auth_required","message":"Please authenticate via message with serialNumber, deviceFingerprint or androidId","timeout":60,"timestamp":"2025-12-08T21:00:30.631Z"}
2025-12-08 18:00:28.637 13609-13661 MdmCommandReceiver      com.cdccreditsmart.app               D  ðŸ“¥ JSON recebido: {"type":"auth_required","message":"Please authenticate via message with serialNumber, deviceFingerprint or androidId","timeout":60,"timestamp":"2025-12-08T21:00:30.631Z"}
2025-12-08 18:00:28.638 13609-13975 MdmCommandReceiver      com.cdccreditsmart.app               D  ðŸ“¥ JSON recebido: {"type":"welcome","message":"Connected to unified WebSocket server","connectionId":"dee185bd-f54e-4909-a082-32673e87687b","path":"/ws/mdm-policies","routerKey":"mdm-policies","timestamp":"2025-12-08T21:00:30.630Z","serverTime":"2025-12-08T21:00:30.630Z"}
2025-12-08 18:00:28.683 13609-13660 SecureTokenStorage      com.cdccreditsmart.app               D  EncryptedSharedPreferences initialized successfully
2025-12-08 18:00:28.683 13609-13660 ContractCodeStorage     com.cdccreditsmart.app               D  Retrieving contract code from storage
2025-12-08 18:00:28.717 13609-13965 SecureTokenStorage      com.cdccreditsmart.app               D  EncryptedSharedPreferences initialized successfully
2025-12-08 18:00:28.718 13609-13965 ContractCodeStorage     com.cdccreditsmart.app               D  Retrieving contract code from storage
2025-12-08 18:00:28.749 13609-13966 WebSocketManager        com.cdccreditsmart.app               D  WebSocket connection opened
2025-12-08 18:00:28.750 13609-13966 WebSocketManager        com.cdccreditsmart.app               D  WebSocket connected for contract: XV8W5766
2025-12-08 18:00:28.750 13609-13966 WebSocketManager        com.cdccreditsmart.app               D  Starting heartbeat
2025-12-08 18:00:28.759 13609-13815 SecureTokenStorage      com.cdccreditsmart.app               D  EncryptedSharedPreferences initialized successfully
2025-12-08 18:00:29.054 13609-13661 MdmCommandReceiver      com.cdccreditsmart.app               D  ðŸ“¨ Tipo de mensagem: auth_required
2025-12-08 18:00:29.054 13609-13661 MdmCommandReceiver      com.cdccreditsmart.app               W  âš ï¸ ========================================
2025-12-08 18:00:29.054 13609-13661 MdmCommandReceiver      com.cdccreditsmart.app               W  âš ï¸ AUTENTICAÃ‡ÃƒO REQUERIDA PELO SERVIDOR
2025-12-08 18:00:29.054 13609-13661 MdmCommandReceiver      com.cdccreditsmart.app               W  âš ï¸ ========================================
2025-12-08 18:00:29.054 13609-13661 MdmCommandReceiver      com.cdccreditsmart.app               W  âš ï¸ Reenviando mensagem de autenticaÃ§Ã£o...
2025-12-08 18:00:29.055 13609-13975 MdmCommandReceiver      com.cdccreditsmart.app               D  ðŸ“¨ Tipo de mensagem: welcome
2025-12-08 18:00:29.055 13609-13975 MdmCommandReceiver      com.cdccreditsmart.app               D  ðŸ‘‹ Mensagem de boas-vindas do servidor
2025-12-08 18:00:29.060 13609-13661 SecureTokenStorage      com.cdccreditsmart.app               D  âš ï¸ Usando Serial Number para MDM (IMEI indisponÃ­vel): XV8W57...
2025-12-08 18:00:29.073 13609-13661 MdmCommandReceiver      com.cdccreditsmart.app               I  ðŸ” ========================================
2025-12-08 18:00:29.073 13609-13661 MdmCommandReceiver      com.cdccreditsmart.app               I  ðŸ” ENVIANDO AUTENTICAÃ‡ÃƒO WEBSOCKET
2025-12-08 18:00:29.073 13609-13661 MdmCommandReceiver      com.cdccreditsmart.app               I  ðŸ” ========================================
2025-12-08 18:00:29.073 13609-13661 MdmCommandReceiver      com.cdccreditsmart.app               I  ðŸ” serialNumber: XV8W5766...
2025-12-08 18:00:29.073 13609-13661 MdmCommandReceiver      com.cdccreditsmart.app               I  ðŸ” deviceToken: eyJhbGciOiJIUzI1NiIs...
2025-12-08 18:00:29.073 13609-13661 MdmCommandReceiver      com.cdccreditsmart.app               I  ðŸ” deviceFingerprint: N/A...
2025-12-08 18:00:29.073 13609-13661 MdmCommandReceiver      com.cdccreditsmart.app               I  ðŸ” imei: N/A***
2025-12-08 18:00:29.073 13609-13661 MdmCommandReceiver      com.cdccreditsmart.app               I  ðŸ” androidId: d2de3704...
2025-12-08 18:00:29.073 13609-13661 MdmCommandReceiver      com.cdccreditsmart.app               I  ðŸ” apkVersion: 1.0.0-debug
2025-12-08 18:00:29.080 13609-13661 MdmCommandReceiver      com.cdccreditsmart.app               I  âœ… Mensagem de autenticaÃ§Ã£o enviada com sucesso (7 campos)
2025-12-08 18:00:29.124 13609-13983 okhttp.OkHttpClient     com.cdccreditsmart.app               I  --> POST https://cdccreditsmart.com/api/apk/device/heartbeat
2025-12-08 18:00:29.125 13609-13983 okhttp.OkHttpClient     com.cdccreditsmart.app               I  Content-Type: application/json; charset=UTF-8
2025-12-08 18:00:29.125 13609-13983 okhttp.OkHttpClient     com.cdccreditsmart.app               I  Content-Length: 364
2025-12-08 18:00:29.125 13609-13983 okhttp.OkHttpClient     com.cdccreditsmart.app               I  Authorization: Bearer eyJhbGciOiJIUzI1NiIsInR5cCI6IkpXVCJ9.eyJkZXZpY2VJZCI6ImRldmljZV8xNzY1MTQ4NzcxNDYyXzR0ZXd3NDJwMTE0IiwiYXBrVG9rZW4iOiJYVjhXNTc2NiIsInR5cGUiOiJhcGsiLCJleHBpcmVzSW4iOiIyNGgiLCJpYXQiOjE3NjUyMjc1NTQsImV4cCI6MTc2NTMxMzk1NH0._U5IO56ieP1NSXFOf_rH4Z5TKT1EkGQK63t6Eq3TstM
2025-12-08 18:00:29.134 13609-13983 okhttp.OkHttpClient     com.cdccreditsmart.app               I  {"deviceToken":"eyJhbGciOiJIUzI1NiIsInR5cCI6IkpXVCJ9.eyJkZXZpY2VJZCI6ImRldmljZV8xNzY1MTQ4NzcxNDYyXzR0ZXd3NDJwMTE0IiwiYXBrVG9rZW4iOiJYVjhXNTc2NiIsInR5cGUiOiJhcGsiLCJleHBpcmVzSW4iOiIyNGgiLCJpYXQiOjE3NjUyMjc1NTQsImV4cCI6MTc2NTMxMzk1NH0._U5IO56ieP1NSXFOf_rH4Z5TKT1EkGQK63t6Eq3TstM","currentBlockLevel":6,"batteryLevel":100,"isCharging":false,"timestamp":1765227628336}
2025-12-08 18:00:29.134 13609-13983 okhttp.OkHttpClient     com.cdccreditsmart.app               I  --> END POST (364-byte body)
2025-12-08 18:00:29.269 13609-13983 SecureTokenStorage      com.cdccreditsmart.app               D  EncryptedSharedPreferences initialized successfully
2025-12-08 18:00:29.349 13609-13815 okhttp.OkHttpClient     com.cdccreditsmart.app               I  <-- 200 https://cdccreditsmart.com/api/apk/device/XV8W5766/commands (830ms)
2025-12-08 18:00:29.349 13609-13815 okhttp.OkHttpClient     com.cdccreditsmart.app               I  access-control-allow-credentials: true
2025-12-08 18:00:29.350 13609-13815 okhttp.OkHttpClient     com.cdccreditsmart.app               I  access-control-allow-headers: Origin, X-Requested-With, Content-Type, Accept, Authorization, x-client-key, x-client-token, x-client-secret, cache-control
2025-12-08 18:00:29.350 13609-13815 okhttp.OkHttpClient     com.cdccreditsmart.app               I  access-control-allow-methods: GET, POST, PUT, PATCH, DELETE, OPTIONS
2025-12-08 18:00:29.352 13609-13815 okhttp.OkHttpClient     com.cdccreditsmart.app               I  access-control-allow-origin: *
2025-12-08 18:00:29.352 13609-13815 okhttp.OkHttpClient     com.cdccreditsmart.app               I  access-control-max-age: 86400
2025-12-08 18:00:29.352 13609-13815 okhttp.OkHttpClient     com.cdccreditsmart.app               I  content-length: 13560
2025-12-08 18:00:29.352 13609-13815 okhttp.OkHttpClient     com.cdccreditsmart.app               I  content-security-policy: default-src 'self'; script-src 'self' 'unsafe-inline' 'unsafe-eval' https://replit.com; style-src 'self' 'unsafe-inline' https://replit.com; img-src 'self' data: https:; font-src 'self' data: https://replit.com; connect-src 'self';
2025-12-08 18:00:29.352 13609-13815 okhttp.OkHttpClient     com.cdccreditsmart.app               I  content-type: application/json; charset=utf-8
2025-12-08 18:00:29.352 13609-13815 okhttp.OkHttpClient     com.cdccreditsmart.app               I  date: Mon, 08 Dec 2025 21:00:31 GMT
2025-12-08 18:00:29.352 13609-13815 okhttp.OkHttpClient     com.cdccreditsmart.app               I  etag: W/"34f8-3FLdfIFFhCehn0KIgsykFVBWQ18"
2025-12-08 18:00:29.352 13609-13815 okhttp.OkHttpClient     com.cdccreditsmart.app               I  permissions-policy: geolocation=(), microphone=(), camera=()
2025-12-08 18:00:29.352 13609-13815 okhttp.OkHttpClient     com.cdccreditsmart.app               I  referrer-policy: strict-origin-when-cross-origin
2025-12-08 18:00:29.352 13609-13815 okhttp.OkHttpClient     com.cdccreditsmart.app               I  strict-transport-security: max-age=63072000; includeSubDomains
2025-12-08 18:00:29.352 13609-13815 okhttp.OkHttpClient     com.cdccreditsmart.app               I  strict-transport-security: max-age=31536000; includeSubDomains
2025-12-08 18:00:29.352 13609-13815 okhttp.OkHttpClient     com.cdccreditsmart.app               I  x-anti-fraud-protection: active
2025-12-08 18:00:29.353 13609-13815 okhttp.OkHttpClient     com.cdccreditsmart.app               I  x-certificate-pinning-enabled: false
2025-12-08 18:00:29.353 13609-13815 okhttp.OkHttpClient     com.cdccreditsmart.app               I  x-certificate-pinning-status: disabled-for-stability
2025-12-08 18:00:29.353 13609-13815 okhttp.OkHttpClient     com.cdccreditsmart.app               I  x-content-type-options: nosniff
2025-12-08 18:00:29.353 13609-13815 okhttp.OkHttpClient     com.cdccreditsmart.app               I  x-financial-data-protection: enabled
2025-12-08 18:00:29.353 13609-13815 okhttp.OkHttpClient     com.cdccreditsmart.app               I  x-frame-options: DENY
2025-12-08 18:00:29.353 13609-13815 okhttp.OkHttpClient     com.cdccreditsmart.app               I  x-transaction-security-level: maximum
2025-12-08 18:00:29.353 13609-13815 okhttp.OkHttpClient     com.cdccreditsmart.app               I  x-xss-protection: 1; mode=block
2025-12-08 18:00:29.353 13609-13815 okhttp.OkHttpClient     com.cdccreditsmart.app               I  via: 1.1 google
2025-12-08 18:00:29.353 13609-13815 okhttp.OkHttpClient     com.cdccreditsmart.app               I  alt-svc: h3=":443"; ma=2592000,h3-29=":443"; ma=2592000
2025-12-08 18:00:29.396 13609-13815 okhttp.OkHttpClient     com.cdccreditsmart.app               I  {"deviceId":"device_1765148771462_4teww42p114","serialNumber":"XV8W5766","commandsCount":2,"commands":[{"id":"4823646d-8f9d-49ae-9905-ef89c190b8d6","commandType":"UNBLOCK_APPS_PROGRESSIVE","parameters":{"rules":[{"days":0,"level":0,"categories":[],"exceptions":[],"message_body":"Seu dispositivo estÃ¡ funcionando normalmente. Todas as parcelas estÃ£o em dia.","message_title":"RestriÃ§Ãµes Removidas"},{"days":3,"level":1,"categories":["photos","gallery","video_players","web_browsers"],"exceptions":["com.android.dialer","com.android.phone","com.android.contacts","com.android.messaging","com.google.android.apps.messaging","com.whatsapp","com.whatsapp.w4b","com.ubercab","com.ubercab.driver","br.com.uberetudo","com.tappsi","com.rappibr","br.com.loggi","br.com.ifood","br.com.zdasapp","br.gov.datasus.cnsdigital","br.gov.governoeletronico.meugovbr","br.gov.previc.meuinss","br.gov.economia.caixatrabalhador","br.gov.dpf.carteiradetrabalho","br.gov.fazenda.receita.cpf","br.gov.tse.eleitoral.e_titulo","br.com.poupatempo","br.gov.serpro.cnhe","br.gov.datasus.conectesus","br.gov.datasus.sisrede","com.itau","com.bradesco","com.santander.app","br.com.bb.android","com.caixa","com.nu.production","com.inter.app","com.c6bank.app","br.com.intermedium","com.pagseguro.app","br.com.original.bank","br.com.digio","br.com.neon","com.mercadopago.wallet","br.com.picpay","br.com.recargapay","com.paypal.android","br.com.xpi.maisrica","br.com.rico.maisrico","com.clear.corretora","br.com.modalmais","br.com.binance.app","com.coinbase.android","br.com.mercadobitcoin","com.google.android.gm","com.microsoft.office.outlook"],"message_body":"Seu aparelho estÃ¡ com atraso de 3 dias. Aplicativos de fotos, galeria, vÃ­deos e navegadores foram temporariamente restritos. Apps essenciais (trabalho, bancos, governo, documentos) permanecem acessÃ­veis.","message_title":"AtenÃ§Ã£o: limite de apps reduzido"},{"days":6,"level":2,"categories":["youtube","music_players","play_store","games"],"exceptions":["com.android.dialer","com.android.phone","com.android.contacts","com.android.messaging","com.google.android.apps.messaging","com.whatsapp","com.whatsapp.w4b","com.ubercab","com.ubercab.driver","br.com.uberetudo","com.tappsi","com.rappibr","br.com.loggi","br.com.ifood","br.com.zdasapp","br.gov.datasus.cnsdigital","br.gov.governoeletronico.meugovbr","br.gov.previc.meuinss","br.gov.economia.caixatrabalhador","br.gov.dpf.carteiradetrabalho","br.gov.fazenda.receita.cpf","br.gov.tse.eleitoral.e_titulo","br.com.poupatempo","br.gov.serpro.cnhe","br.gov.datasus.conectesus","br.gov.datasus.sisrede","com.itau","com.bradesco","com.santander.app","br.com.bb.android","com.caixa","com.nu.production","com.inter.app","com.c6bank.app","br.com.intermedium","com.pagseguro.app","br.com.original.bank","br.com.digio","br.com.neon","com.mercadopago.wallet","br.com.picpay","br.com.recargapay","com.paypal.android","br.com.xpi.maisrica","br.com.rico.maisrico","com.clear.corretora","br.com.modalmais","br.com.binance.app","com.coinbase.android","br.com.mercadobitcoin","com.google.android.gm","com.microsoft.office.outlook"],"message_body":"Atraso de 6 dias. YouTube, apps de mÃºsica, Play Store e jogos foram restritos. Apps essenciais (trabalho, bancos, governo, documentos) permanecem acessÃ­veis.","message_title":"AtenÃ§Ã£o: restriÃ§Ã£o ampliada"},{"days":9,"level":3,"categories":["social_media"],"exceptions":["com.android.dialer","com.android.phone","com.android.contacts","com.android.messaging","com.google.android.apps.messaging","com.whatsapp","com.whatsapp.w4b","com.ubercab","com.ubercab.driver","br.com.uberetudo","com.tappsi","com.rappibr","br.com.loggi","br.com.ifood","br.com.zdasapp","br.gov.datasus.cnsdigital","br.gov.governoeletronico.meugovbr","br.gov.previc.meuinss","br.gov.economia.caixatrabalhador","br.gov.dpf.carteiradetrabalho","br.gov.fazenda.receita.cpf","br.gov.tse.eleitoral.e_titulo","br.com.poupatempo","br.gov.serpro.cnhe","br.gov.datasus.conectesus","br.gov.datasus.sisrede","com.itau","com.bradesco","
