2025-12-04 21:29:58.034 17631-24754 okhttp.OkHttpClient     com.cdccreditsmart.app               I  referrer-policy: strict-origin-when-cross-origin
2025-12-04 21:29:58.034 17631-24754 okhttp.OkHttpClient     com.cdccreditsmart.app               I  server: Google Frontend
2025-12-04 21:29:58.034 17631-24754 okhttp.OkHttpClient     com.cdccreditsmart.app               I  strict-transport-security: max-age=63072000; includeSubDomains
2025-12-04 21:29:58.034 17631-24754 okhttp.OkHttpClient     com.cdccreditsmart.app               I  strict-transport-security: max-age=31536000; includeSubDomains
2025-12-04 21:29:58.034 17631-24754 okhttp.OkHttpClient     com.cdccreditsmart.app               I  x-anti-fraud-protection: active
2025-12-04 21:29:58.034 17631-24754 okhttp.OkHttpClient     com.cdccreditsmart.app               I  x-certificate-pinning-enabled: false
2025-12-04 21:29:58.034 17631-24754 okhttp.OkHttpClient     com.cdccreditsmart.app               I  x-certificate-pinning-status: disabled-for-stability
2025-12-04 21:29:58.034 17631-24754 okhttp.OkHttpClient     com.cdccreditsmart.app               I  x-cloud-trace-context: 70b6c20f676ce1b11a8debe69eca0cb8
2025-12-04 21:29:58.034 17631-24754 okhttp.OkHttpClient     com.cdccreditsmart.app               I  x-content-type-options: nosniff
2025-12-04 21:29:58.034 17631-24754 okhttp.OkHttpClient     com.cdccreditsmart.app               I  x-financial-data-protection: enabled
2025-12-04 21:29:58.034 17631-24754 okhttp.OkHttpClient     com.cdccreditsmart.app               I  x-frame-options: DENY
2025-12-04 21:29:58.034 17631-24754 okhttp.OkHttpClient     com.cdccreditsmart.app               I  x-transaction-security-level: maximum
2025-12-04 21:29:58.034 17631-24754 okhttp.OkHttpClient     com.cdccreditsmart.app               I  x-xss-protection: 1; mode=block
2025-12-04 21:29:58.034 17631-24754 okhttp.OkHttpClient     com.cdccreditsmart.app               I  via: 1.1 google
2025-12-04 21:29:58.034 17631-24754 okhttp.OkHttpClient     com.cdccreditsmart.app               I  alt-svc: h3=":443"; ma=2592000,h3-29=":443"; ma=2592000
2025-12-04 21:29:58.035 17631-24754 okhttp.OkHttpClient     com.cdccreditsmart.app               I  {"deviceId":"device_1764893130549_6se9ihqrhok","serialNumber":"VY9DB9EC","commandsCount":0,"commands":[]}
2025-12-04 21:29:58.035 17631-24754 okhttp.OkHttpClient     com.cdccreditsmart.app               I  <-- END HTTP (105-byte body)
2025-12-04 21:29:58.036 17631-22958 MdmCommandReceiver      com.cdccreditsmart.app               D  ✅ Nenhum comando pendente
2025-12-04 21:29:58.036 17631-22958 MdmCommandReceiver      com.cdccreditsmart.app               D  📊 Fetch duration: 586ms
2025-12-04 21:29:58.036 17631-22958 MdmCommandReceiver      com.cdccreditsmart.app               D  ⏳ [Polling #1] Aguardando 29411ms até próxima verificação...
2025-12-04 21:29:58.070 17631-24907 okhttp.OkHttpClient     com.cdccreditsmart.app               I  <-- 200 https://cdccreditsmart.com/api/apk/device/VY9DB9EC/commands (611ms)
2025-12-04 21:29:58.070 17631-24907 okhttp.OkHttpClient     com.cdccreditsmart.app               I  access-control-allow-credentials: true
2025-12-04 21:29:58.070 17631-24907 okhttp.OkHttpClient     com.cdccreditsmart.app               I  access-control-allow-headers: Origin, X-Requested-With, Content-Type, Accept, Authorization, x-client-key, x-client-token, x-client-secret, cache-control
2025-12-04 21:29:58.070 17631-24907 okhttp.OkHttpClient     com.cdccreditsmart.app               I  access-control-allow-methods: GET, POST, PUT, PATCH, DELETE, OPTIONS
2025-12-04 21:29:58.070 17631-24907 okhttp.OkHttpClient     com.cdccreditsmart.app               I  access-control-allow-origin: *
2025-12-04 21:29:58.070 17631-24907 okhttp.OkHttpClient     com.cdccreditsmart.app               I  access-control-max-age: 86400
2025-12-04 21:29:58.071 17631-24907 okhttp.OkHttpClient     com.cdccreditsmart.app               I  content-length: 105
2025-12-04 21:29:58.071 17631-24907 okhttp.OkHttpClient     com.cdccreditsmart.app               I  content-security-policy: default-src 'self'; script-src 'self' 'unsafe-inline' 'unsafe-eval' https://replit.com; style-src 'self' 'unsafe-inline' https://replit.com; img-src 'self' data: https:; font-src 'self' data: https://replit.com; connect-src 'self';
2025-12-04 21:29:58.071 17631-24907 okhttp.OkHttpClient     com.cdccreditsmart.app               I  content-type: application/json; charset=utf-8
2025-12-04 21:29:58.071 17631-24907 okhttp.OkHttpClient     com.cdccreditsmart.app               I  date: Fri, 05 Dec 2025 00:29:58 GMT
2025-12-04 21:29:58.071 17631-24907 okhttp.OkHttpClient     com.cdccreditsmart.app               I  etag: W/"69-8PetbeOP93W4v5dDvyWeYZadaf8"
2025-12-04 21:29:58.071 17631-24907 okhttp.OkHttpClient     com.cdccreditsmart.app               I  permissions-policy: geolocation=(), microphone=(), camera=()
2025-12-04 21:29:58.071 17631-24907 okhttp.OkHttpClient     com.cdccreditsmart.app               I  referrer-policy: strict-origin-when-cross-origin
2025-12-04 21:29:58.071 17631-24907 okhttp.OkHttpClient     com.cdccreditsmart.app               I  server: Google Frontend
2025-12-04 21:29:58.071 17631-24907 okhttp.OkHttpClient     com.cdccreditsmart.app               I  strict-transport-security: max-age=63072000; includeSubDomains
2025-12-04 21:29:58.071 17631-24907 okhttp.OkHttpClient     com.cdccreditsmart.app               I  strict-transport-security: max-age=31536000; includeSubDomains
2025-12-04 21:29:58.071 17631-24907 okhttp.OkHttpClient     com.cdccreditsmart.app               I  x-anti-fraud-protection: active
2025-12-04 21:29:58.072 17631-24907 okhttp.OkHttpClient     com.cdccreditsmart.app               I  x-certificate-pinning-enabled: false
2025-12-04 21:29:58.072 17631-24907 okhttp.OkHttpClient     com.cdccreditsmart.app               I  x-certificate-pinning-status: disabled-for-stability
2025-12-04 21:29:58.072 17631-24907 okhttp.OkHttpClient     com.cdccreditsmart.app               I  x-cloud-trace-context: 5c7daf970698b4451a8debe69eca0939
2025-12-04 21:29:58.072 17631-24907 okhttp.OkHttpClient     com.cdccreditsmart.app               I  x-content-type-options: nosniff
2025-12-04 21:29:58.072 17631-24907 okhttp.OkHttpClient     com.cdccreditsmart.app               I  x-financial-data-protection: enabled
2025-12-04 21:29:58.072 17631-24907 okhttp.OkHttpClient     com.cdccreditsmart.app               I  x-frame-options: DENY
2025-12-04 21:29:58.072 17631-24907 okhttp.OkHttpClient     com.cdccreditsmart.app               I  x-transaction-security-level: maximum
2025-12-04 21:29:58.072 17631-24907 okhttp.OkHttpClient     com.cdccreditsmart.app               I  x-xss-protection: 1; mode=block
2025-12-04 21:29:58.072 17631-24907 okhttp.OkHttpClient     com.cdccreditsmart.app               I  via: 1.1 google
2025-12-04 21:29:58.072 17631-24907 okhttp.OkHttpClient     com.cdccreditsmart.app               I  alt-svc: h3=":443"; ma=2592000,h3-29=":443"; ma=2592000
2025-12-04 21:29:58.073 17631-24907 okhttp.OkHttpClient     com.cdccreditsmart.app               I  {"deviceId":"device_1764893130549_6se9ihqrhok","serialNumber":"VY9DB9EC","commandsCount":0,"commands":[]}
2025-12-04 21:29:58.073 17631-24907 okhttp.OkHttpClient     com.cdccreditsmart.app               I  <-- END HTTP (105-byte body)
2025-12-04 21:29:58.074 17631-22958 MdmCommandReceiver      com.cdccreditsmart.app               D  ✅ Nenhum comando pendente
2025-12-04 21:29:58.075 17631-22958 MdmCommandReceiver      com.cdccreditsmart.app               D  📊 Fetch duration: 622ms
2025-12-04 21:29:58.075 17631-22958 MdmCommandReceiver      com.cdccreditsmart.app               D  ⏳ [Polling #1] Aguardando 29374ms até próxima verificação...
2025-12-04 21:29:58.123 17631-24752 okhttp.OkHttpClient     com.cdccreditsmart.app               I  <-- 200 https://cdccreditsmart.com/api/apk/device/VY9DB9EC/commands (644ms)
2025-12-04 21:29:58.123 17631-24752 okhttp.OkHttpClient     com.cdccreditsmart.app               I  access-control-allow-credentials: true
2025-12-04 21:29:58.124 17631-24752 okhttp.OkHttpClient     com.cdccreditsmart.app               I  access-control-allow-headers: Origin, X-Requested-With, Content-Type, Accept, Authorization, x-client-key, x-client-token, x-client-secret, cache-control
2025-12-04 21:29:58.124 17631-24752 okhttp.OkHttpClient     com.cdccreditsmart.app               I  access-control-allow-methods: GET, POST, PUT, PATCH, DELETE, OPTIONS
2025-12-04 21:29:58.124 17631-24752 okhttp.OkHttpClient     com.cdccreditsmart.app               I  access-control-allow-origin: *
2025-12-04 21:29:58.124 17631-24752 okhttp.OkHttpClient     com.cdccreditsmart.app               I  access-control-max-age: 86400
2025-12-04 21:29:58.124 17631-24752 okhttp.OkHttpClient     com.cdccreditsmart.app               I  content-length: 105
2025-12-04 21:29:58.124 17631-24752 okhttp.OkHttpClient     com.cdccreditsmart.app               I  content-security-policy: default-src 'self'; script-src 'self' 'unsafe-inline' 'unsafe-eval' https://replit.com; style-src 'self' 'unsafe-inline' https://replit.com; img-src 'self' data: https:; font-src 'self' data: https://replit.com; connect-src 'self';
2025-12-04 21:29:58.124 17631-24752 okhttp.OkHttpClient     com.cdccreditsmart.app               I  content-type: application/json; charset=utf-8
2025-12-04 21:29:58.124 17631-24752 okhttp.OkHttpClient     com.cdccreditsmart.app               I  date: Fri, 05 Dec 2025 00:29:58 GMT
2025-12-04 21:29:58.125 17631-24752 okhttp.OkHttpClient     com.cdccreditsmart.app               I  etag: W/"69-8PetbeOP93W4v5dDvyWeYZadaf8"
2025-12-04 21:29:58.125 17631-24752 okhttp.OkHttpClient     com.cdccreditsmart.app               I  permissions-policy: geolocation=(), microphone=(), camera=()
2025-12-04 21:29:58.125 17631-24752 okhttp.OkHttpClient     com.cdccreditsmart.app               I  referrer-policy: strict-origin-when-cross-origin
2025-12-04 21:29:58.125 17631-24752 okhttp.OkHttpClient     com.cdccreditsmart.app               I  server: Google Frontend
2025-12-04 21:29:58.125 17631-24752 okhttp.OkHttpClient     com.cdccreditsmart.app               I  strict-transport-security: max-age=63072000; includeSubDomains
2025-12-04 21:29:58.125 17631-24752 okhttp.OkHttpClient     com.cdccreditsmart.app               I  strict-transport-security: max-age=31536000; includeSubDomains
2025-12-04 21:29:58.125 17631-24752 okhttp.OkHttpClient     com.cdccreditsmart.app               I  x-anti-fraud-protection: active
2025-12-04 21:29:58.125 17631-24752 okhttp.OkHttpClient     com.cdccreditsmart.app               I  x-certificate-pinning-enabled: false
2025-12-04 21:29:58.125 17631-24752 okhttp.OkHttpClient     com.cdccreditsmart.app               I  x-certificate-pinning-status: disabled-for-stability
2025-12-04 21:29:58.125 17631-24752 okhttp.OkHttpClient     com.cdccreditsmart.app               I  x-cloud-trace-context: 3e13eb66e0ec317d1a8debe69eca078d
2025-12-04 21:29:58.125 17631-24752 okhttp.OkHttpClient     com.cdccreditsmart.app               I  x-content-type-options: nosniff
2025-12-04 21:29:58.125 17631-24752 okhttp.OkHttpClient     com.cdccreditsmart.app               I  x-financial-data-protection: enabled
2025-12-04 21:29:58.125 17631-24752 okhttp.OkHttpClient     com.cdccreditsmart.app               I  x-frame-options: DENY
2025-12-04 21:29:58.125 17631-24752 okhttp.OkHttpClient     com.cdccreditsmart.app               I  x-transaction-security-level: maximum
2025-12-04 21:29:58.125 17631-24752 okhttp.OkHttpClient     com.cdccreditsmart.app               I  x-xss-protection: 1; mode=block
2025-12-04 21:29:58.125 17631-24752 okhttp.OkHttpClient     com.cdccreditsmart.app               I  via: 1.1 google
2025-12-04 21:29:58.125 17631-24752 okhttp.OkHttpClient     com.cdccreditsmart.app               I  alt-svc: h3=":443"; ma=2592000,h3-29=":443"; ma=2592000
2025-12-04 21:29:58.126 17631-24752 okhttp.OkHttpClient     com.cdccreditsmart.app               I  {"deviceId":"device_1764893130549_6se9ihqrhok","serialNumber":"VY9DB9EC","commandsCount":0,"commands":[]}
2025-12-04 21:29:58.126 17631-24752 okhttp.OkHttpClient     com.cdccreditsmart.app               I  <-- END HTTP (105-byte body)
2025-12-04 21:29:58.128 17631-22958 MdmCommandReceiver      com.cdccreditsmart.app               D  ✅ Nenhum comando pendente
2025-12-04 21:29:58.128 17631-22958 MdmCommandReceiver      com.cdccreditsmart.app               D  📊 Fetch duration: 655ms
2025-12-04 21:29:58.128 17631-22958 MdmCommandReceiver      com.cdccreditsmart.app               D  ⏳ [Polling #1] Aguardando 29341ms até próxima verificação...
---------------------------- PROCESS ENDED (17631) for package com.cdccreditsmart.app ----------------------------
---------------------------- PROCESS STARTED (18848) for package com.cdccreditsmart.app ----------------------------
2025-12-04 21:30:07.633 18848-18848 nativeloader            com.cdccreditsmart.app               D  Configuring clns-7 for other apk /data/app/~~4HkoE2TJ7yTOOl94AtwOcg==/com.cdccreditsmart.app-rTwqMjUMd4FEIiPatWt7jg==/base.apk. target_sdk_version=35, uses_libraries=, library_path=/data/app/~~4HkoE2TJ7yTOOl94AtwOcg==/com.cdccreditsmart.app-rTwqMjUMd4FEIiPatWt7jg==/lib/arm64:/data/app/~~4HkoE2TJ7yTOOl94AtwOcg==/com.cdccreditsmart.app-rTwqMjUMd4FEIiPatWt7jg==/base.apk!/lib/arm64-v8a, permitted_path=/data:/mnt/expand:/data/user/0/com.cdccreditsmart.app
2025-12-04 21:30:07.644 18848-18848 CompatChangeReporter    com.cdccreditsmart.app               D  Compat change id reported: 279646685; UID 10291; state: ENABLED
2025-12-04 21:30:07.645 18848-18848 GraphicsEnvironment     com.cdccreditsmart.app               V  Currently set values for:
2025-12-04 21:30:07.645 18848-18848 GraphicsEnvironment     com.cdccreditsmart.app               V    angle_gl_driver_selection_pkgs=[]
2025-12-04 21:30:07.645 18848-18848 GraphicsEnvironment     com.cdccreditsmart.app               V    angle_gl_driver_selection_values=[]
2025-12-04 21:30:07.645 18848-18848 GraphicsEnvironment     com.cdccreditsmart.app               V  Global.Settings values are invalid: number of packages: 0, number of values: 0
2025-12-04 21:30:07.645 18848-18848 GraphicsEnvironment     com.cdccreditsmart.app               V  Neither updatable production driver nor prerelease driver is supported.
2025-12-04 21:30:07.650 18848-18848 LoadedApk               com.cdccreditsmart.app               I  No resource references to update in package com.transsion.theme.icon
2025-12-04 21:30:07.683 18848-18848 os.SingleLiceFactory    com.cdccreditsmart.app               D  using android.app.IActivityThreadLice$DefaultImpl@be697b3 instead of com.transsion.activityembedding.ActivityEmbeddingLiceFactory  from android.app.IActivityThreadLice
2025-12-04 21:30:07.716 18848-18848 FirebaseApp             com.cdccreditsmart.app               I  Device unlocked: initializing all Firebase APIs for app [DEFAULT]
2025-12-04 21:30:07.742 18848-18848 FirebaseInitProvider    com.cdccreditsmart.app               I  FirebaseApp initialization successful
2025-12-04 21:30:07.749 18848-18848 MbrainDebugManagerImpl  com.cdccreditsmart.app               D  getService failed
2025-12-04 21:30:07.763 18848-18848 WM-WrkMgrInitializer    com.cdccreditsmart.app               D  Initializing WorkManager with default configuration.
2025-12-04 21:30:07.775 18848-25244 creditsmart.app         com.cdccreditsmart.app               W  ClassLoaderContext classpath size mismatch. expected=1, found=0 (DLC[];PCL[base.apk*1653684527]{PCL[/system/framework/org.apache.http.legacy.jar*437079508]#PCL[/system/framework/com.android.media.remotedisplay.jar*2042759013]#PCL[/system/framework/com.android.location.provider.jar*3414091812]#PCL[/system_ext/framework/androidx.window.extensions.jar*982563657]#PCL[/system_ext/framework/androidx.window.sidecar.jar*391518838]} | DLC[];PCL[])
2025-12-04 21:30:07.777 18848-25244 DynamiteModule          com.cdccreditsmart.app               I  Considering local module com.google.android.gms.measurement.dynamite:127 and remote module com.google.android.gms.measurement.dynamite:167
2025-12-04 21:30:07.777 18848-25244 DynamiteModule          com.cdccreditsmart.app               I  Selected remote version of com.google.android.gms.measurement.dynamite, version >= 167
2025-12-04 21:30:07.777 18848-25244 DynamiteModule          com.cdccreditsmart.app               V  Dynamite loader version >= 2, using loadModule2NoCrashUtils
2025-12-04 21:30:07.806 18848-25244 System                  com.cdccreditsmart.app               W  ClassLoader referenced unknown path: 
2025-12-04 21:30:07.807 18848-25244 nativeloader            com.cdccreditsmart.app               D  Configuring clns-8 for other apk . target_sdk_version=36, uses_libraries=, library_path=/data/app/~~Vy2q4UVBTGGfjmyq3j_-SQ==/com.google.android.gms-95BWGBdBs06teY1kmvy6nA==/lib/arm64:/data/app/~~Vy2q4UVBTGGfjmyq3j_-SQ==/com.google.android.gms-95BWGBdBs06teY1kmvy6nA==/base.apk!/lib/arm64-v8a, permitted_path=/data:/mnt/expand:/data/user/0/com.google.android.gms
2025-12-04 21:30:07.831 18848-18848 WM-PackageManagerHelper com.cdccreditsmart.app               D  Skipping component enablement for androidx.work.impl.background.systemjob.SystemJobService
2025-12-04 21:30:07.831 18848-18848 WM-Schedulers           com.cdccreditsmart.app               D  Created SystemJobScheduler and enabled SystemJobService
2025-12-04 21:30:07.832 18848-25244 creditsmart.app         com.cdccreditsmart.app               W  ClassLoaderContext classpath size mismatch. expected=1, found=9 (DLC[];PCL[base.apk*1653684527]{PCL[/system/framework/org.apache.http.legacy.jar*437079508]#PCL[/system/framework/com.android.media.remotedisplay.jar*2042759013]#PCL[/system/framework/com.android.location.provider.jar*3414091812]#PCL[/system_ext/framework/androidx.window.extensions.jar*982563657]#PCL[/system_ext/framework/androidx.window.sidecar.jar*391518838]} | DLC[];PCL[/data/data/com.cdccreditsmart.app/code_cache/.overlay/base.apk/classes13.dex*25470784:/data/data/com.cdccreditsmart.app/code_cache/.overlay/base.apk/classes2.dex*2130936414:/data/data/com.cdccreditsmart.app/code_cache/.overlay/base.apk/classes20.dex*2518380926:/data/data/com.cdccreditsmart.app/code_cache/.overlay/base.apk/classes26.dex*1707524380:/data/data/com.cdccreditsmart.app/code_cache/.overlay/base.apk/classes27.dex*270941274:/data/data/com.cdccreditsmart.app/code_cache/.overlay/base.apk/classes28.dex*2315984102:/data/data/com.cdccreditsmart.app/code_cache/.overlay/base.apk/classes29.dex*73521107:/data/data/com.cdccreditsmart.app/code_cache/.overlay/base.apk/classes9.dex*1032542234:/data/app/~~4HkoE2TJ7yTOOl94AtwOcg==/com.cdccreditsmart.app-rTwqMjUMd4FEIiPatWt7jg==/base.apk*4136200877])
2025-12-04 21:30:07.839 18848-18848 CrashHandler            com.cdccreditsmart.app               I  ✅ Global crash handler instalado
2025-12-04 21:30:07.839 18848-18848 CDCApplication          com.cdccreditsmart.app               I  🚀 CDC Credit Smart Application iniciando...
2025-12-04 21:30:07.839 18848-18848 CDCApplication          com.cdccreditsmart.app               I  ========================================
2025-12-04 21:30:07.839 18848-18848 CDCApplication          com.cdccreditsmart.app               I  🔐 Verificando status de Device Owner...
2025-12-04 21:30:07.841 18848-18848 CompatChangeReporter    com.cdccreditsmart.app               D  Compat change id reported: 307233716; UID 10291; state: ENABLED
2025-12-04 21:30:07.841 18848-18848 CDCApplication          com.cdccreditsmart.app               I  Device Owner Status: ❌ NÃO
2025-12-04 21:30:07.841 18848-18848 CDCApplication          com.cdccreditsmart.app               I  Package Name: com.cdccreditsmart.app
2025-12-04 21:30:07.841 18848-18848 CDCApplication          com.cdccreditsmart.app               E  
2025-12-04 21:30:07.841 18848-18848 CDCApplication          com.cdccreditsmart.app               E  ╔════════════════════════════════════════════════════════╗
2025-12-04 21:30:07.841 18848-18848 CDCApplication          com.cdccreditsmart.app               E  ║  ⚠️  APP NÃO ESTÁ PROVISIONADO COMO DEVICE OWNER  ⚠️   ║
2025-12-04 21:30:07.842 18848-18848 CDCApplication          com.cdccreditsmart.app               E  ╠════════════════════════════════════════════════════════╣
2025-12-04 21:30:07.842 18848-18848 CDCApplication          com.cdccreditsmart.app               E  ║  O app precisa ser provisionado como Device Owner      ║
2025-12-04 21:30:07.842 18848-18848 CDCApplication          com.cdccreditsmart.app               E  ║  ANTES de poder conceder permissões automaticamente.   ║
2025-12-04 21:30:07.842 18848-18848 CDCApplication          com.cdccreditsmart.app               E  ║                                                        ║
2025-12-04 21:30:07.842 18848-18848 CDCApplication          com.cdccreditsmart.app               E  ║  Provisione o dispositivo usando um dos métodos:       ║
2025-12-04 21:30:07.842 18848-18848 CDCApplication          com.cdccreditsmart.app               E  ║  1. ADB: adb shell dpm set-device-owner ...           ║
2025-12-04 21:30:07.842 18848-18848 CDCApplication          com.cdccreditsmart.app               E  ║  2. QR Code durante setup inicial                      ║
2025-12-04 21:30:07.842 18848-18848 CDCApplication          com.cdccreditsmart.app               E  ║  3. NFC durante setup inicial                          ║
2025-12-04 21:30:07.842 18848-18848 CDCApplication          com.cdccreditsmart.app               E  ║  4. Samsung Knox Mobile Enrollment                     ║
2025-12-04 21:30:07.842 18848-18848 CDCApplication          com.cdccreditsmart.app               E  ╚════════════════════════════════════════════════════════╝
2025-12-04 21:30:07.842 18848-18848 CDCApplication          com.cdccreditsmart.app               E  
2025-12-04 21:30:07.842 18848-18848 CDCApplication          com.cdccreditsmart.app               I  ========================================
2025-12-04 21:30:07.845 18848-18848 AppProtectionManager    com.cdccreditsmart.app               I  
2025-12-04 21:30:07.845 18848-18848 AppProtectionManager    com.cdccreditsmart.app               I  ╔════════════════════════════════════════════════════════════════╗
2025-12-04 21:30:07.845 18848-18848 AppProtectionManager    com.cdccreditsmart.app               I  ║     🛡️ APLICANDO MELHOR PROTEÇÃO DISPONÍVEL                    ║
2025-12-04 21:30:07.845 18848-18848 AppProtectionManager    com.cdccreditsmart.app               I  ║           CDC CREDIT SMART - PROTEÇÃO EM CAMADAS              ║
2025-12-04 21:30:07.845 18848-18848 AppProtectionManager    com.cdccreditsmart.app               I  ╚════════════════════════════════════════════════════════════════╝
2025-12-04 21:30:07.845 18848-18848 AppProtectionManager    com.cdccreditsmart.app               I  
2025-12-04 21:30:07.846 18848-18848 AppProtectionManager    com.cdccreditsmart.app               I  📋 STATUS ATUAL:
2025-12-04 21:30:07.846 18848-18848 AppProtectionManager    com.cdccreditsmart.app               I     Device Owner: NÃO
2025-12-04 21:30:07.846 18848-18848 AppProtectionManager    com.cdccreditsmart.app               I     Device Admin: SIM
2025-12-04 21:30:07.846 18848-18848 AppProtectionManager    com.cdccreditsmart.app               I  
2025-12-04 21:30:07.846 18848-18848 AppProtectionManager    com.cdccreditsmart.app               I  🔐 NÍVEL: DEVICE ADMIN (Proteção Parcial)
2025-12-04 21:30:07.846 18848-18848 AppProtectionManager    com.cdccreditsmart.app               I  ========================================
2025-12-04 21:30:07.846 18848-18848 AppProtectionManager    com.cdccreditsmart.app               I  🔐 APLICANDO PROTEÇÕES DE DEVICE ADMIN
2025-12-04 21:30:07.846 18848-18848 AppProtectionManager    com.cdccreditsmart.app               I  ========================================
2025-12-04 21:30:07.846 18848-18848 AppProtectionManager    com.cdccreditsmart.app               I  [1/3] Device Admin ativo - desinstalação requer desativar admin primeiro
2025-12-04 21:30:07.846 18848-18848 AppProtectionManager    com.cdccreditsmart.app               I        → Usuário precisa ir em Settings > Security > Device Admins
2025-12-04 21:30:07.846 18848-18848 AppProtectionManager    com.cdccreditsmart.app               I        → Desativar 'CDC Credit Smart' antes de desinstalar
2025-12-04 21:30:07.846 18848-18848 AppProtectionManager    com.cdccreditsmart.app               I  
2025-12-04 21:30:07.846 18848-18848 AppProtectionManager    com.cdccreditsmart.app               I  [2/3] Aplicando persistência básica...
2025-12-04 21:30:07.846 18848-18848 AppProtectionManager    com.cdccreditsmart.app               I     Iniciando serviços de persistência...
2025-12-04 21:30:07.848 18848-18848 AppProtectionManager    com.cdccreditsmart.app               I     ✅ Foreground Service iniciado
2025-12-04 21:30:07.861 18848-25254 TranClassInfo           com.cdccreditsmart.app               D  instance successfully. com.transsion.hubcore.database.sqlite.TranSQLiteDatabaseImpl@ade270c from com.transsion.hubcore.database.sqlite.ITranSQLiteDatabase
2025-12-04 21:30:07.861 18848-25254 TranClassInfo           com.cdccreditsmart.app               D  instance successfully. com.transsion.hubcore.spdopts.others.implement.TranSQLiteDatabaseComponentImpl@fc47855 from com.transsion.hubcore.spdcomponent.ITranSQLiteDatabaseComponent
2025-12-04 21:30:07.864 18848-18848 AppProtectionManager    com.cdccreditsmart.app               I     ✅ ServiceWatchdog agendado (15 min)
2025-12-04 21:30:07.864 18848-18848 AppProtectionManager    com.cdccreditsmart.app               I  
2025-12-04 21:30:07.864 18848-18848 AppProtectionManager    com.cdccreditsmart.app               I  [3/3] Proteções de Device Admin limitadas:
2025-12-04 21:30:07.864 18848-18848 AppProtectionManager    com.cdccreditsmart.app               I        ❌ setUninstallBlocked: Requer Device Owner
2025-12-04 21:30:07.864 18848-18848 AppProtectionManager    com.cdccreditsmart.app               I        ❌ setUserControlDisabledPackages: Requer Device Owner
2025-12-04 21:30:07.864 18848-18848 AppProtectionManager    com.cdccreditsmart.app               I        ❌ addUserRestriction: Requer Device Owner
2025-12-04 21:30:07.864 18848-18848 AppProtectionManager    com.cdccreditsmart.app               I        ✅ Desinstalação requer desativar admin primeiro
2025-12-04 21:30:07.864 18848-18848 AppProtectionManager    com.cdccreditsmart.app               I        ✅ Foreground Service mantém app ativo
2025-12-04 21:30:07.864 18848-18848 AppProtectionManager    com.cdccreditsmart.app               I        ✅ WorkManager mantém tarefas executando
2025-12-04 21:30:07.864 18848-18848 AppProtectionManager    com.cdccreditsmart.app               I  ========================================
2025-12-04 21:30:07.864 18848-18848 AppProtectionManager    com.cdccreditsmart.app               I  📊 RESUMO: Device Admin ativo com proteções parciais
2025-12-04 21:30:07.864 18848-18848 AppProtectionManager    com.cdccreditsmart.app               I  ========================================
2025-12-04 21:30:07.864 18848-18848 AppProtectionManager    com.cdccreditsmart.app               I  
2025-12-04 21:30:07.864 18848-18848 CDCApplication          com.cdccreditsmart.app               I  
2025-12-04 21:30:07.864 18848-18848 CDCApplication          com.cdccreditsmart.app               I  ╔════════════════════════════════════════════════════════════╗
2025-12-04 21:30:07.864 18848-18848 CDCApplication          com.cdccreditsmart.app               I  ║     RESULTADO DA APLICAÇÃO DE PROTEÇÕES                    ║
2025-12-04 21:30:07.864 18848-18848 CDCApplication          com.cdccreditsmart.app               I  ╚════════════════════════════════════════════════════════════╝
2025-12-04 21:30:07.864 18848-18848 CDCApplication          com.cdccreditsmart.app               I     Nível: DEVICE_ADMIN
2025-12-04 21:30:07.864 18848-18848 CDCApplication          com.cdccreditsmart.app               I     Proteções aplicadas: 2
2025-12-04 21:30:07.864 18848-18848 CDCApplication          com.cdccreditsmart.app               I     Status: PROTEÇÃO PARCIAL (Device Admin)
2025-12-04 21:30:07.864 18848-18848 CDCApplication          com.cdccreditsmart.app               I     Desinstalação requer desativar admin primeiro
2025-12-04 21:30:07.864 18848-18848 CDCApplication          com.cdccreditsmart.app               I  ╚════════════════════════════════════════════════════════════╝
2025-12-04 21:30:07.864 18848-18848 CDCApplication          com.cdccreditsmart.app               I  
2025-12-04 21:30:07.865 18848-18848 TamperDetection         com.cdccreditsmart.app               I  ========================================
2025-12-04 21:30:07.865 18848-18848 TamperDetection         com.cdccreditsmart.app               I  🔍 VERIFICANDO INTEGRIDADE DO DISPOSITIVO
2025-12-04 21:30:07.865 18848-18848 TamperDetection         com.cdccreditsmart.app               I  ========================================
2025-12-04 21:30:07.893 18848-25257 creditsmart.app         com.cdccreditsmart.app               I  hiddenapi: Accessing hidden method Ldalvik/system/VMStack;->getStackClass2()Ljava/lang/Class; (runtime_flags=0, domain=core-platform, api=unsupported) from Lm7/aox; (domain=app) using reflection: allowed
2025-12-04 21:30:07.911 18848-25256 creditsmart.app         com.cdccreditsmart.app               E  No package ID 6a found for resource ID 0x6a0b0013.
2025-12-04 21:30:07.912 18848-25256 FA                      com.cdccreditsmart.app               I  App measurement initialized, version: 145001
2025-12-04 21:30:07.913 18848-25256 FA                      com.cdccreditsmart.app               I  To enable debug logging run: adb shell setprop log.tag.FA VERBOSE
2025-12-04 21:30:07.913 18848-25256 FA                      com.cdccreditsmart.app               I  To enable faster debug mode event logging run:
                                                                                                      adb shell setprop debug.firebase.analytics.app com.cdccreditsmart.app
2025-12-04 21:30:07.917 18848-25254 CompatChangeReporter    com.cdccreditsmart.app               D  Compat change id reported: 311402873; UID 10291; state: ENABLED
2025-12-04 21:30:07.917 18848-25254 CompatChangeReporter    com.cdccreditsmart.app               D  Compat change id reported: 323349338; UID 10291; state: ENABLED
2025-12-04 21:30:08.083 18848-18848 TamperDetection         com.cdccreditsmart.app               I  ✅ Integridade OK - app pareado e tokens válidos
2025-12-04 21:30:08.083 18848-18848 TamperDetection         com.cdccreditsmart.app               I  ========================================
2025-12-04 21:30:08.085 18848-18848 TamperDetection         com.cdccreditsmart.app               I  
2025-12-04 21:30:08.085 18848-18848 TamperDetection         com.cdccreditsmart.app               I  ╔════════════════════════════════════════════════════════╗
2025-12-04 21:30:08.085 18848-18848 TamperDetection         com.cdccreditsmart.app               I  ║    📡 REPORTAR BOOT AO BACKEND                        ║
2025-12-04 21:30:08.085 18848-18848 TamperDetection         com.cdccreditsmart.app               I  ╠════════════════════════════════════════════════════════╣
2025-12-04 21:30:08.086 18848-18848 TamperDetection         com.cdccreditsmart.app               I  ║  Device Fingerprint: CDC_45331707****      ║
2025-12-04 21:30:08.086 18848-18848 TamperDetection         com.cdccreditsmart.app               I  ║  Boot Timestamp: 1764894608086          ║
2025-12-04 21:30:08.086 18848-18848 TamperDetection         com.cdccreditsmart.app               I  ║                                                        ║
2025-12-04 21:30:08.086 18848-18848 TamperDetection         com.cdccreditsmart.app               I  ║  Backend detectará factory reset comparando:          ║
2025-12-04 21:30:08.087 18848-18848 TamperDetection         com.cdccreditsmart.app               I  ║  • Fingerprint histórico vs atual                     ║
2025-12-04 21:30:08.087 18848-18848 TamperDetection         com.cdccreditsmart.app               I  ║  • Timestamp do último boot vs agora                  ║
2025-12-04 21:30:08.087 18848-18848 TamperDetection         com.cdccreditsmart.app               I  ║  • Token válido vs ausente                            ║
2025-12-04 21:30:08.087 18848-18848 TamperDetection         com.cdccreditsmart.app               I  ╚════════════════════════════════════════════════════════╝
2025-12-04 21:30:08.087 18848-18848 TamperDetection         com.cdccreditsmart.app               I  
2025-12-04 21:30:08.087 18848-18848 TamperDetection         com.cdccreditsmart.app               I  ⚠️ TODO: Implementar POST /api/security/device-boot
2025-12-04 21:30:08.090 18848-25265 CDCApplication          com.cdccreditsmart.app               I  🔒 Verificando status do SIM no boot da aplicação...
2025-12-04 21:30:08.096 18848-25265 SimSwapManager          com.cdccreditsmart.app               I  ========================================
2025-12-04 21:30:08.096 18848-25265 SimSwapManager          com.cdccreditsmart.app               I  🔒 SIM SWAP: Iniciando verificação de status do SIM
2025-12-04 21:30:08.096 18848-25265 SimSwapManager          com.cdccreditsmart.app               I  ========================================
2025-12-04 21:30:08.113 18848-25265 SimSwapDetector         com.cdccreditsmart.app               W  🔒 SIM SWAP: ICCID vazio no SubscriptionInfo
2025-12-04 21:30:08.123 18848-25265 SimSwapDetector         com.cdccreditsmart.app               E  🔒 SIM SWAP: SecurityException no fallback (Ask Gemini)
                                                                                                    java.lang.SecurityException: getIccSerialNumber: The uid 10291 does not meet the requirements to access device identifiers.
                                                                                                    	at android.os.Parcel.createExceptionOrNull(Parcel.java:3252)
                                                                                                    	at android.os.Parcel.createException(Parcel.java:3236)
                                                                                                    	at android.os.Parcel.readException(Parcel.java:3219)
                                                                                                    	at android.os.Parcel.readException(Parcel.java:3161)
                                                                                                    	at com.android.internal.telephony.IPhoneSubInfo$Stub$Proxy.getIccSerialNumberForSubscriber(IPhoneSubInfo.java:1255)
                                                                                                    	at android.telephony.TelephonyManager.getSimSerialNumber(TelephonyManager.java:4256)
                                                                                                    	at android.telephony.TelephonyManager.getSimSerialNumber(TelephonyManager.java:4213)
                                                                                                    	at com.cdccreditsmart.app.security.SimSwapDetector.getSimSerialFallback(SimSwapDetector.kt:123)
                                                                                                    	at com.cdccreditsmart.app.security.SimSwapDetector.getCurrentSimSerial(SimSwapDetector.kt:95)
                                                                                                    	at com.cdccreditsmart.app.security.SimSwapDetector.getSimInfo(SimSwapDetector.kt:256)
                                                                                                    	at com.cdccreditsmart.app.security.SimSwapManager$checkSimStatus$2.invokeSuspend(SimSwapManager.kt:143)
                                                                                                    	at kotlin.coroutines.jvm.internal.BaseContinuationImpl.resumeWith(ContinuationImpl.kt:34)
                                                                                                    	at kotlinx.coroutines.DispatchedTask.run(DispatchedTask.kt:108)
                                                                                                    	at kotlinx.coroutines.internal.LimitedDispatcher$Worker.run(LimitedDispatcher.kt:115)
                                                                                                    	at kotlinx.coroutines.scheduling.TaskImpl.run(Tasks.kt:103)
                                                                                                    	at kotlinx.coroutines.scheduling.CoroutineScheduler.runSafely(CoroutineScheduler.kt:584)
                                                                                                    	at kotlinx.coroutines.scheduling.CoroutineScheduler$Worker.executeTask(CoroutineScheduler.kt:793)
                                                                                                    	at kotlinx.coroutines.scheduling.CoroutineScheduler$Worker.runWorker(CoroutineScheduler.kt:697)
                                                                                                    	at kotlinx.coroutines.scheduling.CoroutineScheduler$Worker.run(CoroutineScheduler.kt:684)
2025-12-04 21:30:08.129 18848-25265 SimSwapDetector         com.cdccreditsmart.app               D  🔒 SIM SWAP: Operadora: Apenas chamadas de emergência
2025-12-04 21:30:08.130 18848-25265 SimSwapDetector         com.cdccreditsmart.app               I  🔒 SIM SWAP: Informações do SIM coletadas:
2025-12-04 21:30:08.130 18848-25265 SimSwapDetector         com.cdccreditsmart.app               I     Serial: não disponível...
2025-12-04 21:30:08.130 18848-25265 SimSwapDetector         com.cdccreditsmart.app               I     Operadora: Apenas chamadas de emergência
2025-12-04 21:30:08.130 18848-25265 SimSwapDetector         com.cdccreditsmart.app               I     SIM ativo: false
2025-12-04 21:30:08.130 18848-25265 SimSwapManager          com.cdccreditsmart.app               W  🔒 SIM SWAP: Nenhum SIM ativo detectado - sem ação necessária
2025-12-04 21:30:08.130 18848-25265 SimSwapManager          com.cdccreditsmart.app               I  ========================================
2025-12-04 21:30:08.131 18848-25267 CDCApplication          com.cdccreditsmart.app               I  ✅ Verificação de SIM swap concluída com sucesso
2025-12-04 21:30:08.139 18848-18848 ContractCodeStorage     com.cdccreditsmart.app               D  Retrieving contract code from storage
2025-12-04 21:30:08.373 18848-18848 ContractCodeStorage     com.cdccreditsmart.app               D  Storage verification: 7 valid, 0 tampered, 0 missing
2025-12-04 21:30:08.373 18848-18848 ContractCodeStorage     com.cdccreditsmart.app               D  Contract code retrieved successfully
2025-12-04 21:30:08.373 18848-18848 CDCApplication          com.cdccreditsmart.app               I  ✅ Tokens encontrados - iniciando CdcForegroundService
2025-12-04 21:30:08.376 18848-18848 CdcForegroundService    com.cdccreditsmart.app               I  ✅ Serviço iniciado via startService()
2025-12-04 21:30:08.379 18848-18848 AutoBlockingWorker      com.cdccreditsmart.app               I  ✅ Verificação automática de bloqueio agendada (diariamente às 00:00)
2025-12-04 21:30:08.379 18848-18848 AutoBlockingWorker      com.cdccreditsmart.app               I     Próxima execução em: 149 minutos
2025-12-04 21:30:08.379 18848-18848 CDCApplication          com.cdccreditsmart.app               I  📅 Agendando overlay automático com intervalo progressivo...
2025-12-04 21:30:08.382 18848-18848 PeriodicOverlayWorker   com.cdccreditsmart.app               I  📅 Agendando overlay automático com INTERVALO PROGRESSIVO
2025-12-04 21:30:08.382 18848-18848 PeriodicOverlayWorker   com.cdccreditsmart.app               I     1-4 dias de atraso: a cada 10 minutos
2025-12-04 21:30:08.382 18848-18848 PeriodicOverlayWorker   com.cdccreditsmart.app               I     5-14 dias de atraso: a cada 5 minutos
2025-12-04 21:30:08.382 18848-18848 PeriodicOverlayWorker   com.cdccreditsmart.app               I     15+ dias de atraso: a cada 3 minutos
2025-12-04 21:30:08.382 18848-18848 WM-WorkSpec             com.cdccreditsmart.app               W  Interval duration lesser than minimum allowed value; Changed to 900000
2025-12-04 21:30:08.382 18848-18848 WM-WorkSpec             com.cdccreditsmart.app               W  Flex duration lesser than minimum allowed value; Changed to 300000
2025-12-04 21:30:08.382 18848-18848 PeriodicOverlayWorker   com.cdccreditsmart.app               I  ✅ Overlay automático agendado com sucesso
2025-12-04 21:30:08.382 18848-18848 CDCApplication          com.cdccreditsmart.app               I  🔒 Iniciando sistema Keep Alive...
2025-12-04 21:30:08.384 18848-18848 KeepAliveManager        com.cdccreditsmart.app               I  🔒 ========================================
2025-12-04 21:30:08.384 18848-18848 KeepAliveManager        com.cdccreditsmart.app               I  🔒 INICIANDO SISTEMA KEEP ALIVE
2025-12-04 21:30:08.384 18848-18848 KeepAliveManager        com.cdccreditsmart.app               I  🔒 ========================================
2025-12-04 21:30:08.384 18848-18848 KeepAliveManager        com.cdccreditsmart.app               I  ✅ ServiceWatchdogWorker agendado (15min)
2025-12-04 21:30:08.386 18848-18848 KeepAliveManager        com.cdccreditsmart.app               I  ✅ AlarmManager wakeup agendado (10min)
2025-12-04 21:30:08.387 18848-18848 KeepAliveManager        com.cdccreditsmart.app               I  🔋 Tentando desativar otimização de bateria automaticamente...
2025-12-04 21:30:08.387 18848-18848 KeepAliveManager        com.cdccreditsmart.app               I  🔋 App NÃO é Device Owner - abrindo configurações do sistema
2025-12-04 21:30:08.415 18848-18848 KeepAliveManager        com.cdccreditsmart.app               I  ✅ Tela de isenção de bateria aberta para o usuário
2025-12-04 21:30:08.415 18848-18848 KeepAliveManager        com.cdccreditsmart.app               I  🔒 Sistema Keep Alive ativo
2025-12-04 21:30:08.415 18848-18848 KeepAliveManager        com.cdccreditsmart.app               I  🔒 - WorkManager: verificação a cada 15min
2025-12-04 21:30:08.415 18848-18848 KeepAliveManager        com.cdccreditsmart.app               I  🔒 - AlarmManager: wakeup a cada 10min
2025-12-04 21:30:08.415 18848-18848 KeepAliveManager        com.cdccreditsmart.app               I  🔒 ========================================
2025-12-04 21:30:08.418 18848-18848 CDCApplication          com.cdccreditsmart.app               I  📊 Keep Alive Stats:
2025-12-04 21:30:08.418 18848-18848 CDCApplication          com.cdccreditsmart.app               I     - Restarts anteriores: 0
2025-12-04 21:30:08.418 18848-18848 CDCApplication          com.cdccreditsmart.app               I     - Otimização bateria: SIM (ruim)
2025-12-04 21:30:08.443 18848-18848 nativeloader            com.cdccreditsmart.app               D  Load libpowerhalwrap_jni.so using system ns (caller=/system_ext/framework/mediatek-framework.jar): ok
2025-12-04 21:30:08.443 18848-18848 PowerHalWrapper         com.cdccreditsmart.app               I  PowerHalWrapper.getInstance 
2025-12-04 21:30:08.444 18848-18848 M-ProMotion             com.cdccreditsmart.app               I  M-ProMotion is disabled
2025-12-04 21:30:08.446 18848-18848 TranVersion             com.cdccreditsmart.app               I  TranVersion static initializer: default = 35.3.9.1
                                                                                                     debug = false, debug_version = 35.3.9.1
2025-12-04 21:30:08.449 18848-18848 BootReceiver            com.cdccreditsmart.app               I  🚀 Dispositivo iniciado - starting CdcForegroundService
2025-12-04 21:30:08.462 18848-18848 CdcForegroundService    com.cdccreditsmart.app               I  ✅ Serviço iniciado via startService()
2025-12-04 21:30:08.464 18848-18848 Choreographer           com.cdccreditsmart.app               I  Skipped 42 frames!  The application may be doing too much work on its main thread.
2025-12-04 21:30:08.467 18848-18848 CdcForegroundService    com.cdccreditsmart.app               D  📱 Serviço onCreate()
2025-12-04 21:30:08.468 18848-18848 CdcForegroundService    com.cdccreditsmart.app               D  ✅ Canal de notificação criado
2025-12-04 21:30:08.476 18848-18848 CdcForegroundService    com.cdccreditsmart.app               I  ✅ ScreenStateReceiver registrado
2025-12-04 21:30:08.476 18848-18848 CdcForegroundService    com.cdccreditsmart.app               D  🚀 Serviço onStartCommand() - Action: null
2025-12-04 21:30:08.495 18848-18848 CdcForegroundService    com.cdccreditsmart.app               I  ✅ Foreground Service ativo (Android 12+)
2025-12-04 21:30:08.497 18848-18848 CdcForegroundService    com.cdccreditsmart.app               D  🚀 Serviço onStartCommand() - Action: com.cdccreditsmart.app.START_SERVICE
2025-12-04 21:30:08.498 18848-25267 CdcForegroundService    com.cdccreditsmart.app               I  🔧 ========================================
2025-12-04 21:30:08.498 18848-25267 CdcForegroundService    com.cdccreditsmart.app               I  🔧 INICIANDO initializeServices()...
2025-12-04 21:30:08.498 18848-25267 CdcForegroundService    com.cdccreditsmart.app               I  🔧 ========================================
2025-12-04 21:30:08.498 18848-25267 CdcForegroundService    com.cdccreditsmart.app               I  🏢 ========================================
2025-12-04 21:30:08.498 18848-25267 CdcForegroundService    com.cdccreditsmart.app               I  🏢 APLICANDO POLÍTICAS DE AMBIENTE DE TRABALHO
2025-12-04 21:30:08.498 18848-25267 CdcForegroundService    com.cdccreditsmart.app               I  🏢 ========================================
2025-12-04 21:30:08.501 18848-25267 WorkPolicyManager       com.cdccreditsmart.app               I  
2025-12-04 21:30:08.501 18848-25267 WorkPolicyManager       com.cdccreditsmart.app               I  ╔════════════════════════════════════════════════════════════════╗
2025-12-04 21:30:08.501 18848-25267 WorkPolicyManager       com.cdccreditsmart.app               I  ║  🏢 APLICANDO POLÍTICAS DE AMBIENTE DE TRABALHO                ║
2025-12-04 21:30:08.501 18848-25267 WorkPolicyManager       com.cdccreditsmart.app               I  ║     CDC CREDIT SMART - PROTEÇÃO EMPRESARIAL                    ║
2025-12-04 21:30:08.501 18848-25267 WorkPolicyManager       com.cdccreditsmart.app               I  ╚════════════════════════════════════════════════════════════════╝
2025-12-04 21:30:08.501 18848-25267 WorkPolicyManager       com.cdccreditsmart.app               I  
2025-12-04 21:30:08.503 18848-25267 WorkPolicyManager       com.cdccreditsmart.app               I  📋 STATUS DO DISPOSITIVO:
2025-12-04 21:30:08.503 18848-25267 WorkPolicyManager       com.cdccreditsmart.app               I     Device Owner: ❌ NÃO
2025-12-04 21:30:08.503 18848-25267 WorkPolicyManager       com.cdccreditsmart.app               I     Device Admin: ✅ SIM
2025-12-04 21:30:08.503 18848-25267 WorkPolicyManager       com.cdccreditsmart.app               I  
2025-12-04 21:30:08.503 18848-25267 WorkPolicyManager       com.cdccreditsmart.app               I  ═══════════════════════════════════════════════════════════════
2025-12-04 21:30:08.503 18848-25267 WorkPolicyManager       com.cdccreditsmart.app               I  🛡️ MODO DEVICE ADMIN - PROTEÇÃO PARCIAL
2025-12-04 21:30:08.503 18848-25267 WorkPolicyManager       com.cdccreditsmart.app               I  ═══════════════════════════════════════════════════════════════
2025-12-04 21:30:08.503 18848-25267 WorkPolicyManager       com.cdccreditsmart.app               I  
2025-12-04 21:30:08.504 18848-25267 WorkPolicyManager       com.cdccreditsmart.app               W  ⚠️ LIMITAÇÕES DO DEVICE ADMIN:
2025-12-04 21:30:08.504 18848-25267 WorkPolicyManager       com.cdccreditsmart.app               W     • Não pode bloquear desinstalação completamente
2025-12-04 21:30:08.504 18848-25267 WorkPolicyManager       com.cdccreditsmart.app               W     • Não pode bloquear Factory Reset via Settings
2025-12-04 21:30:08.504 18848-25267 WorkPolicyManager       com.cdccreditsmart.app               W     • Não pode desativar controles do usuário
2025-12-04 21:30:08.504 18848-25267 WorkPolicyManager       com.cdccreditsmart.app               W     • Proteções limitadas às APIs de Device Admin
2025-12-04 21:30:08.504 18848-25267 WorkPolicyManager       com.cdccreditsmart.app               I  
2025-12-04 21:30:08.504 18848-25267 WorkPolicyManager       com.cdccreditsmart.app               I  🔐 [1/4] POLÍTICAS DE SENHA
2025-12-04 21:30:08.504 18848-25267 WorkPolicyManager       com.cdccreditsmart.app               I  ───────────────────────────────────────────────────────────────
2025-12-04 21:30:08.504 18848-25267 WorkPolicyManager       com.cdccreditsmart.app               I     ✅ Políticas de senha configuradas (Device Admin)
2025-12-04 21:30:08.504 18848-25267 WorkPolicyManager       com.cdccreditsmart.app               I  
2025-12-04 21:30:08.504 18848-25267 WorkPolicyManager       com.cdccreditsmart.app               I  📱 [2/4] PROTEÇÕES DE PERSISTÊNCIA
2025-12-04 21:30:08.504 18848-25267 WorkPolicyManager       com.cdccreditsmart.app               I  ───────────────────────────────────────────────────────────────
2025-12-04 21:30:08.506 18848-25267 WorkPolicyManager       com.cdccreditsmart.app               I     ℹ️ Solicitando isenção de otimização de bateria...
2025-12-04 21:30:08.506 18848-25267 WorkPolicyManager       com.cdccreditsmart.app               I     ℹ️ Usuário precisa conceder manualmente em Settings
