2025-12-04 07:26:19.550 14996-15029 WorkPolicyManager       com.cdccreditsmart.app               I  â•”â•â•â•â•â•â•â•â•â•â•â•â•â•â•â•â•â•â•â•â•â•â•â•â•â•â•â•â•â•â•â•â•â•â•â•â•â•â•â•â•â•â•â•â•â•â•â•â•â•â•â•â•â•â•â•â•â•â•â•â•â•â•â•â•â•—
2025-12-04 07:26:19.550 14996-15029 WorkPolicyManager       com.cdccreditsmart.app               I  â•‘  ğŸ¢ APLICANDO POLÃTICAS DE AMBIENTE DE TRABALHO                â•‘
2025-12-04 07:26:19.550 14996-15029 WorkPolicyManager       com.cdccreditsmart.app               I  â•‘     CDC CREDIT SMART - PROTEÃ‡ÃƒO EMPRESARIAL                    â•‘
2025-12-04 07:26:19.550 14996-15029 WorkPolicyManager       com.cdccreditsmart.app               I  â•šâ•â•â•â•â•â•â•â•â•â•â•â•â•â•â•â•â•â•â•â•â•â•â•â•â•â•â•â•â•â•â•â•â•â•â•â•â•â•â•â•â•â•â•â•â•â•â•â•â•â•â•â•â•â•â•â•â•â•â•â•â•â•â•â•â•
2025-12-04 07:26:19.550 14996-15029 WorkPolicyManager       com.cdccreditsmart.app               I  
2025-12-04 07:26:19.556 14996-14996 BootReceiver            com.cdccreditsmart.app               I  ğŸš€ Dispositivo iniciado - starting CdcForegroundService
2025-12-04 07:26:19.559 14996-15029 WorkPolicyManager       com.cdccreditsmart.app               I  ğŸ“‹ STATUS DO DISPOSITIVO:
2025-12-04 07:26:19.571 14996-14996 CdcForegroundService    com.cdccreditsmart.app               I  âœ… ServiÃ§o iniciado via startService()
2025-12-04 07:26:19.572 14996-15029 WorkPolicyManager       com.cdccreditsmart.app               I     Device Owner: âŒ NÃƒO
2025-12-04 07:26:19.573 14996-15029 WorkPolicyManager       com.cdccreditsmart.app               I     Device Admin: âŒ NÃƒO
2025-12-04 07:26:19.573 14996-15029 WorkPolicyManager       com.cdccreditsmart.app               I  
2025-12-04 07:26:19.573 14996-15029 WorkPolicyManager       com.cdccreditsmart.app               I  â•â•â•â•â•â•â•â•â•â•â•â•â•â•â•â•â•â•â•â•â•â•â•â•â•â•â•â•â•â•â•â•â•â•â•â•â•â•â•â•â•â•â•â•â•â•â•â•â•â•â•â•â•â•â•â•â•â•â•â•â•â•â•
2025-12-04 07:26:19.573 14996-15029 WorkPolicyManager       com.cdccreditsmart.app               I  âš ï¸ MODO BÃSICO - PROTEÃ‡ÃƒO MÃNIMA
2025-12-04 07:26:19.573 14996-15029 WorkPolicyManager       com.cdccreditsmart.app               I  â•â•â•â•â•â•â•â•â•â•â•â•â•â•â•â•â•â•â•â•â•â•â•â•â•â•â•â•â•â•â•â•â•â•â•â•â•â•â•â•â•â•â•â•â•â•â•â•â•â•â•â•â•â•â•â•â•â•â•â•â•â•â•
2025-12-04 07:26:19.573 14996-15029 WorkPolicyManager       com.cdccreditsmart.app               I  
2025-12-04 07:26:19.573 14996-15029 WorkPolicyManager       com.cdccreditsmart.app               E  âŒ ATENÃ‡ÃƒO: App NÃƒO Ã© Device Owner nem Device Admin!
2025-12-04 07:26:19.573 14996-15029 WorkPolicyManager       com.cdccreditsmart.app               E     â€¢ ProteÃ§Ãµes MDM nÃ£o disponÃ­veis
2025-12-04 07:26:19.573 14996-15029 WorkPolicyManager       com.cdccreditsmart.app               E     â€¢ UsuÃ¡rio pode desinstalar o app livremente
2025-12-04 07:26:19.573 14996-15029 WorkPolicyManager       com.cdccreditsmart.app               E     â€¢ Factory Reset nÃ£o Ã© bloqueÃ¡vel
2025-12-04 07:26:19.573 14996-15029 WorkPolicyManager       com.cdccreditsmart.app               E     â€¢ Aplicando proteÃ§Ãµes alternativas mÃ­nimas...
2025-12-04 07:26:19.573 14996-15029 WorkPolicyManager       com.cdccreditsmart.app               I  
2025-12-04 07:26:19.573 14996-15029 WorkPolicyManager       com.cdccreditsmart.app               I  ğŸ”„ [1/3] PERSISTÃŠNCIA DO APP
2025-12-04 07:26:19.573 14996-15029 WorkPolicyManager       com.cdccreditsmart.app               I  â”€â”€â”€â”€â”€â”€â”€â”€â”€â”€â”€â”€â”€â”€â”€â”€â”€â”€â”€â”€â”€â”€â”€â”€â”€â”€â”€â”€â”€â”€â”€â”€â”€â”€â”€â”€â”€â”€â”€â”€â”€â”€â”€â”€â”€â”€â”€â”€â”€â”€â”€â”€â”€â”€â”€â”€â”€â”€â”€â”€â”€â”€â”€
2025-12-04 07:26:19.583 14996-15029 WorkPolicyManager       com.cdccreditsmart.app               I     â„¹ï¸ Solicitando isenÃ§Ã£o de otimizaÃ§Ã£o de bateria...
2025-12-04 07:26:19.583 14996-15029 WorkPolicyManager       com.cdccreditsmart.app               I     â„¹ï¸ UsuÃ¡rio precisa conceder manualmente em Settings
2025-12-04 07:26:19.583 14996-15029 WorkPolicyManager       com.cdccreditsmart.app               I     âœ… Foreground Service configurado via CdcForegroundService
2025-12-04 07:26:19.583 14996-15029 WorkPolicyManager       com.cdccreditsmart.app               I  
2025-12-04 07:26:19.583 14996-15029 WorkPolicyManager       com.cdccreditsmart.app               I  ğŸ“Š [2/3] MONITORAMENTO BÃSICO
2025-12-04 07:26:19.583 14996-15029 WorkPolicyManager       com.cdccreditsmart.app               I  â”€â”€â”€â”€â”€â”€â”€â”€â”€â”€â”€â”€â”€â”€â”€â”€â”€â”€â”€â”€â”€â”€â”€â”€â”€â”€â”€â”€â”€â”€â”€â”€â”€â”€â”€â”€â”€â”€â”€â”€â”€â”€â”€â”€â”€â”€â”€â”€â”€â”€â”€â”€â”€â”€â”€â”€â”€â”€â”€â”€â”€â”€â”€
2025-12-04 07:26:19.583 14996-15029 WorkPolicyManager       com.cdccreditsmart.app               I     âœ… WorkManager health check agendado
2025-12-04 07:26:19.583 14996-15029 WorkPolicyManager       com.cdccreditsmart.app               I  
2025-12-04 07:26:19.583 14996-15029 WorkPolicyManager       com.cdccreditsmart.app               I  ğŸ”” [3/3] NOTIFICAÃ‡Ã•ES
2025-12-04 07:26:19.583 14996-15029 WorkPolicyManager       com.cdccreditsmart.app               I  â”€â”€â”€â”€â”€â”€â”€â”€â”€â”€â”€â”€â”€â”€â”€â”€â”€â”€â”€â”€â”€â”€â”€â”€â”€â”€â”€â”€â”€â”€â”€â”€â”€â”€â”€â”€â”€â”€â”€â”€â”€â”€â”€â”€â”€â”€â”€â”€â”€â”€â”€â”€â”€â”€â”€â”€â”€â”€â”€â”€â”€â”€â”€
2025-12-04 07:26:19.583 14996-15029 WorkPolicyManager       com.cdccreditsmart.app               I     âœ… Canal de notificaÃ§Ã£o persistente criado
2025-12-04 07:26:19.583 14996-15029 WorkPolicyManager       com.cdccreditsmart.app               I  
2025-12-04 07:26:19.583 14996-15029 WorkPolicyManager       com.cdccreditsmart.app               I  â•”â•â•â•â•â•â•â•â•â•â•â•â•â•â•â•â•â•â•â•â•â•â•â•â•â•â•â•â•â•â•â•â•â•â•â•â•â•â•â•â•â•â•â•â•â•â•â•â•â•â•â•â•â•â•â•â•â•â•â•â•â•â•â•â•â•—
2025-12-04 07:26:19.583 14996-15029 WorkPolicyManager       com.cdccreditsmart.app               I  â•‘  ğŸ“Š RESUMO DAS POLÃTICAS DE TRABALHO                           â•‘
2025-12-04 07:26:19.583 14996-15029 WorkPolicyManager       com.cdccreditsmart.app               I  â• â•â•â•â•â•â•â•â•â•â•â•â•â•â•â•â•â•â•â•â•â•â•â•â•â•â•â•â•â•â•â•â•â•â•â•â•â•â•â•â•â•â•â•â•â•â•â•â•â•â•â•â•â•â•â•â•â•â•â•â•â•â•â•â•â•£
2025-12-04 07:26:19.583 14996-15029 WorkPolicyManager       com.cdccreditsmart.app               I  â•‘  âš ï¸ NÃ­vel de proteÃ§Ã£o: BASIC
2025-12-04 07:26:19.583 14996-15029 WorkPolicyManager       com.cdccreditsmart.app               I  â•‘  ğŸ“‹ PolÃ­ticas aplicadas: 4
2025-12-04 07:26:19.583 14996-15029 WorkPolicyManager       com.cdccreditsmart.app               I  â• â•â•â•â•â•â•â•â•â•â•â•â•â•â•â•â•â•â•â•â•â•â•â•â•â•â•â•â•â•â•â•â•â•â•â•â•â•â•â•â•â•â•â•â•â•â•â•â•â•â•â•â•â•â•â•â•â•â•â•â•â•â•â•â•â•£
2025-12-04 07:26:19.583 14996-15029 WorkPolicyManager       com.cdccreditsmart.app               I  â•‘  âœ… PROTEÃ‡Ã•ES ATIVAS:
2025-12-04 07:26:19.583 14996-15029 WorkPolicyManager       com.cdccreditsmart.app               I  â•‘     âœ… IsenÃ§Ã£o de otimizaÃ§Ã£o de bateria
2025-12-04 07:26:19.583 14996-15029 WorkPolicyManager       com.cdccreditsmart.app               I  â•‘     âœ… Foreground Service persistente
2025-12-04 07:26:19.583 14996-15029 WorkPolicyManager       com.cdccreditsmart.app               I  â•‘     âœ… Health check periÃ³dico agendado
2025-12-04 07:26:19.583 14996-15029 WorkPolicyManager       com.cdccreditsmart.app               I  â•‘     âœ… Canal de notificaÃ§Ã£o persistente criado
2025-12-04 07:26:19.583 14996-15029 WorkPolicyManager       com.cdccreditsmart.app               I  â• â•â•â•â•â•â•â•â•â•â•â•â•â•â•â•â•â•â•â•â•â•â•â•â•â•â•â•â•â•â•â•â•â•â•â•â•â•â•â•â•â•â•â•â•â•â•â•â•â•â•â•â•â•â•â•â•â•â•â•â•â•â•â•â•â•£
2025-12-04 07:26:19.583 14996-15029 WorkPolicyManager       com.cdccreditsmart.app               I  â•‘  âš ï¸ AVISOS:
2025-12-04 07:26:19.583 14996-15029 WorkPolicyManager       com.cdccreditsmart.app               W  â•‘     âŒ CRÃTICO: DesinstalaÃ§Ã£o NÃƒO bloqueÃ¡vel
2025-12-04 07:26:19.583 14996-15029 WorkPolicyManager       com.cdccreditsmart.app               W  â•‘     âŒ CRÃTICO: Factory Reset NÃƒO bloqueÃ¡vel
2025-12-04 07:26:19.583 14996-15029 WorkPolicyManager       com.cdccreditsmart.app               W  â•‘     âŒ CRÃTICO: Force Stop NÃƒO bloqueÃ¡vel
2025-12-04 07:26:19.583 14996-15029 WorkPolicyManager       com.cdccreditsmart.app               W  â•‘     âŒ CRÃTICO: Clear Data NÃƒO bloqueÃ¡vel
2025-12-04 07:26:19.583 14996-15029 WorkPolicyManager       com.cdccreditsmart.app               W  â•‘     âš ï¸ RecomendaÃ§Ã£o: Configurar como Device Owner via QR Code ou ADB
2025-12-04 07:26:19.583 14996-15029 WorkPolicyManager       com.cdccreditsmart.app               I  â•šâ•â•â•â•â•â•â•â•â•â•â•â•â•â•â•â•â•â•â•â•â•â•â•â•â•â•â•â•â•â•â•â•â•â•â•â•â•â•â•â•â•â•â•â•â•â•â•â•â•â•â•â•â•â•â•â•â•â•â•â•â•â•â•â•â•
2025-12-04 07:26:19.583 14996-15029 WorkPolicyManager       com.cdccreditsmart.app               I  
2025-12-04 07:26:19.583 14996-15029 CdcForegroundService    com.cdccreditsmart.app               I  ğŸ¢ Resultado: BASIC
2025-12-04 07:26:19.583 14996-15029 CdcForegroundService    com.cdccreditsmart.app               I  ğŸ¢ PolÃ­ticas aplicadas: 4/5
2025-12-04 07:26:19.583 14996-15029 CdcForegroundService    com.cdccreditsmart.app               W  ğŸ¢ âŒ CRÃTICO: DesinstalaÃ§Ã£o NÃƒO bloqueÃ¡vel
2025-12-04 07:26:19.583 14996-15029 CdcForegroundService    com.cdccreditsmart.app               W  ğŸ¢ âŒ CRÃTICO: Factory Reset NÃƒO bloqueÃ¡vel
2025-12-04 07:26:19.583 14996-15029 CdcForegroundService    com.cdccreditsmart.app               W  ğŸ¢ âŒ CRÃTICO: Force Stop NÃƒO bloqueÃ¡vel
2025-12-04 07:26:19.583 14996-15029 CdcForegroundService    com.cdccreditsmart.app               W  ğŸ¢ âŒ CRÃTICO: Clear Data NÃƒO bloqueÃ¡vel
2025-12-04 07:26:19.583 14996-15029 CdcForegroundService    com.cdccreditsmart.app               W  ğŸ¢ âš ï¸ RecomendaÃ§Ã£o: Configurar como Device Owner via QR Code ou ADB
2025-12-04 07:26:19.583 14996-15029 CdcForegroundService    com.cdccreditsmart.app               I  ğŸ¢ ========================================
2025-12-04 07:26:19.583 14996-15029 CdcForegroundService    com.cdccreditsmart.app               I  ğŸ›¡ï¸ ========================================
2025-12-04 07:26:19.583 14996-15029 CdcForegroundService    com.cdccreditsmart.app               I  ğŸ›¡ï¸ INICIANDO SETTINGS GUARD (PROTEÃ‡ÃƒO AGRESSIVA)
2025-12-04 07:26:19.583 14996-15029 CdcForegroundService    com.cdccreditsmart.app               I  ğŸ›¡ï¸ ========================================
2025-12-04 07:26:19.596 14996-15029 CdcForegroundService    com.cdccreditsmart.app               I  ğŸ›¡ï¸ Guard ativo: true
2025-12-04 07:26:19.596 14996-15029 CdcForegroundService    com.cdccreditsmart.app               I  ğŸ›¡ï¸ Modo proteÃ§Ã£o: BASIC
2025-12-04 07:26:19.596 14996-15029 CdcForegroundService    com.cdccreditsmart.app               I  ğŸ›¡ï¸ Modo agressivo: false
2025-12-04 07:26:19.596 14996-15029 CdcForegroundService    com.cdccreditsmart.app               I  ğŸ›¡ï¸ UsageStats: âœ… ATIVO
2025-12-04 07:26:19.596 14996-15029 CdcForegroundService    com.cdccreditsmart.app               I  ğŸ›¡ï¸ Overlay: âœ… ATIVO
2025-12-04 07:26:19.596 14996-15029 CdcForegroundService    com.cdccreditsmart.app               I  ğŸ›¡ï¸ ========================================
2025-12-04 07:26:19.678 14996-14996 PermissionGateScreen    com.cdccreditsmart.app               I  ========================================
2025-12-04 07:26:19.679 14996-14996 PermissionGateScreen    com.cdccreditsmart.app               I  ğŸšª PERMISSION GATE SCREEN INICIADO
2025-12-04 07:26:19.679 14996-14996 PermissionGateScreen    com.cdccreditsmart.app               I  ========================================
2025-12-04 07:26:19.679 14996-14996 PermissionGateScreen    com.cdccreditsmart.app               I  NÃ­vel de privilÃ©gio: BASIC
2025-12-04 07:26:19.679 14996-14996 PermissionGateScreen    com.cdccreditsmart.app               I  PermissÃµes concedidas: 3
2025-12-04 07:26:19.679 14996-14996 PermissionGateScreen    com.cdccreditsmart.app               I  PermissÃµes faltando: 1
2025-12-04 07:26:19.680 14996-14996 PermissionGateScreen    com.cdccreditsmart.app               W    âŒ Administrador do Dispositivo
2025-12-04 07:26:19.680 14996-14996 PermissionGateScreen    com.cdccreditsmart.app               I    âœ… PermissÃµes do Sistema
2025-12-04 07:26:19.681 14996-14996 PermissionGateScreen    com.cdccreditsmart.app               I    âœ… Acesso ao Uso de Apps
2025-12-04 07:26:19.681 14996-14996 PermissionGateScreen    com.cdccreditsmart.app               I    âœ… Exibir sobre outros apps
2025-12-04 07:26:19.681 14996-14996 PermissionGateScreen    com.cdccreditsmart.app               I  ========================================
2025-12-04 07:26:19.694 14996-14996 Choreographer           com.cdccreditsmart.app               I  Skipped 126 frames!  The application may be doing too much work on its main thread.
2025-12-04 07:26:19.922 14996-15030 ServiceWatchdogWorker   com.cdccreditsmart.app               I  ğŸ” ========================================
2025-12-04 07:26:19.923 14996-15030 ServiceWatchdogWorker   com.cdccreditsmart.app               I  ğŸ” WATCHDOG: Verificando CdcForegroundService
2025-12-04 07:26:19.923 14996-15030 ServiceWatchdogWorker   com.cdccreditsmart.app               I  ğŸ” ========================================
2025-12-04 07:26:19.928 14996-15030 ServiceWatchdogWorker   com.cdccreditsmart.app               I  ğŸ“Š EstatÃ­sticas Keep Alive:
2025-12-04 07:26:19.928 14996-15030 ServiceWatchdogWorker   com.cdccreditsmart.app               I     - ServiÃ§o ativo: true
2025-12-04 07:26:19.929 14996-15030 ServiceWatchdogWorker   com.cdccreditsmart.app               I     - Restarts: 0
2025-12-04 07:26:19.929 14996-15030 ServiceWatchdogWorker   com.cdccreditsmart.app               I     - OtimizaÃ§Ã£o bateria: SIM (ruim)
2025-12-04 07:26:19.929 14996-15030 ServiceWatchdogWorker   com.cdccreditsmart.app               I  ğŸ” ========================================
2025-12-04 07:26:19.929 14996-15030 ServiceWatchdogWorker   com.cdccreditsmart.app               I  âœ… WATCHDOG: ServiÃ§o verificado/reiniciado com sucesso
2025-12-04 07:26:19.953 14996-15031 WM-WorkerWrapper        com.cdccreditsmart.app               I  Worker result SUCCESS for Work [ id=56f140b7-d0ea-4eec-a7fa-77b65dd38b74, tags={ com.cdccreditsmart.app.keepalive.ServiceWatchdogWorker } ]
2025-12-04 07:26:19.954 14996-14996 CdcForegroundService    com.cdccreditsmart.app               I  âœ… Foreground Service ativo (Android 12+)
2025-12-04 07:26:19.955 14996-15029 CdcForegroundService    com.cdccreditsmart.app               I  ğŸ”§ ========================================
2025-12-04 07:26:19.955 14996-15029 CdcForegroundService    com.cdccreditsmart.app               I  ğŸ”§ INICIANDO initializeServices()...
2025-12-04 07:26:19.955 14996-15029 CdcForegroundService    com.cdccreditsmart.app               I  ğŸ”§ ========================================
2025-12-04 07:26:19.955 14996-15029 CdcForegroundService    com.cdccreditsmart.app               I  ğŸ¢ ========================================
2025-12-04 07:26:19.955 14996-15029 CdcForegroundService    com.cdccreditsmart.app               I  ğŸ¢ APLICANDO POLÃTICAS DE AMBIENTE DE TRABALHO
2025-12-04 07:26:19.955 14996-15029 CdcForegroundService    com.cdccreditsmart.app               I  ğŸ¢ ========================================
2025-12-04 07:26:19.955 14996-15029 WorkPolicyManager       com.cdccreditsmart.app               I  
2025-12-04 07:26:19.955 14996-15029 WorkPolicyManager       com.cdccreditsmart.app               I  â•”â•â•â•â•â•â•â•â•â•â•â•â•â•â•â•â•â•â•â•â•â•â•â•â•â•â•â•â•â•â•â•â•â•â•â•â•â•â•â•â•â•â•â•â•â•â•â•â•â•â•â•â•â•â•â•â•â•â•â•â•â•â•â•â•â•—
2025-12-04 07:26:19.955 14996-15029 WorkPolicyManager       com.cdccreditsmart.app               I  â•‘  ğŸ¢ APLICANDO POLÃTICAS DE AMBIENTE DE TRABALHO                â•‘
2025-12-04 07:26:19.955 14996-15029 WorkPolicyManager       com.cdccreditsmart.app               I  â•‘     CDC CREDIT SMART - PROTEÃ‡ÃƒO EMPRESARIAL                    â•‘
2025-12-04 07:26:19.956 14996-15029 WorkPolicyManager       com.cdccreditsmart.app               I  â•šâ•â•â•â•â•â•â•â•â•â•â•â•â•â•â•â•â•â•â•â•â•â•â•â•â•â•â•â•â•â•â•â•â•â•â•â•â•â•â•â•â•â•â•â•â•â•â•â•â•â•â•â•â•â•â•â•â•â•â•â•â•â•â•â•â•
2025-12-04 07:26:19.956 14996-15029 WorkPolicyManager       com.cdccreditsmart.app               I  
2025-12-04 07:26:19.960 14996-15029 WorkPolicyManager       com.cdccreditsmart.app               I  ğŸ“‹ STATUS DO DISPOSITIVO:
2025-12-04 07:26:19.960 14996-15029 WorkPolicyManager       com.cdccreditsmart.app               I     Device Owner: âŒ NÃƒO
2025-12-04 07:26:19.960 14996-15029 WorkPolicyManager       com.cdccreditsmart.app               I     Device Admin: âŒ NÃƒO
2025-12-04 07:26:19.960 14996-15029 WorkPolicyManager       com.cdccreditsmart.app               I  
2025-12-04 07:26:19.960 14996-15029 WorkPolicyManager       com.cdccreditsmart.app               I  â•â•â•â•â•â•â•â•â•â•â•â•â•â•â•â•â•â•â•â•â•â•â•â•â•â•â•â•â•â•â•â•â•â•â•â•â•â•â•â•â•â•â•â•â•â•â•â•â•â•â•â•â•â•â•â•â•â•â•â•â•â•â•
2025-12-04 07:26:19.960 14996-15029 WorkPolicyManager       com.cdccreditsmart.app               I  âš ï¸ MODO BÃSICO - PROTEÃ‡ÃƒO MÃNIMA
2025-12-04 07:26:19.960 14996-15029 WorkPolicyManager       com.cdccreditsmart.app               I  â•â•â•â•â•â•â•â•â•â•â•â•â•â•â•â•â•â•â•â•â•â•â•â•â•â•â•â•â•â•â•â•â•â•â•â•â•â•â•â•â•â•â•â•â•â•â•â•â•â•â•â•â•â•â•â•â•â•â•â•â•â•â•
2025-12-04 07:26:19.960 14996-15029 WorkPolicyManager       com.cdccreditsmart.app               I  
2025-12-04 07:26:19.960 14996-15029 WorkPolicyManager       com.cdccreditsmart.app               E  âŒ ATENÃ‡ÃƒO: App NÃƒO Ã© Device Owner nem Device Admin!
2025-12-04 07:26:19.960 14996-15029 WorkPolicyManager       com.cdccreditsmart.app               E     â€¢ ProteÃ§Ãµes MDM nÃ£o disponÃ­veis
2025-12-04 07:26:19.960 14996-15029 WorkPolicyManager       com.cdccreditsmart.app               E     â€¢ UsuÃ¡rio pode desinstalar o app livremente
2025-12-04 07:26:19.960 14996-15029 WorkPolicyManager       com.cdccreditsmart.app               E     â€¢ Factory Reset nÃ£o Ã© bloqueÃ¡vel
2025-12-04 07:26:19.960 14996-15029 WorkPolicyManager       com.cdccreditsmart.app               E     â€¢ Aplicando proteÃ§Ãµes alternativas mÃ­nimas...
2025-12-04 07:26:19.960 14996-15029 WorkPolicyManager       com.cdccreditsmart.app               I  
2025-12-04 07:26:19.960 14996-15029 WorkPolicyManager       com.cdccreditsmart.app               I  ğŸ”„ [1/3] PERSISTÃŠNCIA DO APP
2025-12-04 07:26:19.960 14996-15029 WorkPolicyManager       com.cdccreditsmart.app               I  â”€â”€â”€â”€â”€â”€â”€â”€â”€â”€â”€â”€â”€â”€â”€â”€â”€â”€â”€â”€â”€â”€â”€â”€â”€â”€â”€â”€â”€â”€â”€â”€â”€â”€â”€â”€â”€â”€â”€â”€â”€â”€â”€â”€â”€â”€â”€â”€â”€â”€â”€â”€â”€â”€â”€â”€â”€â”€â”€â”€â”€â”€â”€
2025-12-04 07:26:19.961 14996-15029 WorkPolicyManager       com.cdccreditsmart.app               I     â„¹ï¸ Solicitando isenÃ§Ã£o de otimizaÃ§Ã£o de bateria...
2025-12-04 07:26:19.961 14996-15029 WorkPolicyManager       com.cdccreditsmart.app               I     â„¹ï¸ UsuÃ¡rio precisa conceder manualmente em Settings
2025-12-04 07:26:19.962 14996-15029 WorkPolicyManager       com.cdccreditsmart.app               I     âœ… Foreground Service configurado via CdcForegroundService
2025-12-04 07:26:19.962 14996-15029 WorkPolicyManager       com.cdccreditsmart.app               I  
2025-12-04 07:26:19.962 14996-15029 WorkPolicyManager       com.cdccreditsmart.app               I  ğŸ“Š [2/3] MONITORAMENTO BÃSICO
2025-12-04 07:26:19.962 14996-15029 WorkPolicyManager       com.cdccreditsmart.app               I  â”€â”€â”€â”€â”€â”€â”€â”€â”€â”€â”€â”€â”€â”€â”€â”€â”€â”€â”€â”€â”€â”€â”€â”€â”€â”€â”€â”€â”€â”€â”€â”€â”€â”€â”€â”€â”€â”€â”€â”€â”€â”€â”€â”€â”€â”€â”€â”€â”€â”€â”€â”€â”€â”€â”€â”€â”€â”€â”€â”€â”€â”€â”€
2025-12-04 07:26:19.962 14996-15029 WorkPolicyManager       com.cdccreditsmart.app               I     âœ… WorkManager health check agendado
2025-12-04 07:26:19.962 14996-15029 WorkPolicyManager       com.cdccreditsmart.app               I  
2025-12-04 07:26:19.962 14996-15029 WorkPolicyManager       com.cdccreditsmart.app               I  ğŸ”” [3/3] NOTIFICAÃ‡Ã•ES
2025-12-04 07:26:19.962 14996-15029 WorkPolicyManager       com.cdccreditsmart.app               I  â”€â”€â”€â”€â”€â”€â”€â”€â”€â”€â”€â”€â”€â”€â”€â”€â”€â”€â”€â”€â”€â”€â”€â”€â”€â”€â”€â”€â”€â”€â”€â”€â”€â”€â”€â”€â”€â”€â”€â”€â”€â”€â”€â”€â”€â”€â”€â”€â”€â”€â”€â”€â”€â”€â”€â”€â”€â”€â”€â”€â”€â”€â”€
2025-12-04 07:26:19.962 14996-15029 WorkPolicyManager       com.cdccreditsmart.app               I     âœ… Canal de notificaÃ§Ã£o persistente criado
2025-12-04 07:26:19.962 14996-15029 WorkPolicyManager       com.cdccreditsmart.app               I  
2025-12-04 07:26:19.962 14996-15029 WorkPolicyManager       com.cdccreditsmart.app               I  â•”â•â•â•â•â•â•â•â•â•â•â•â•â•â•â•â•â•â•â•â•â•â•â•â•â•â•â•â•â•â•â•â•â•â•â•â•â•â•â•â•â•â•â•â•â•â•â•â•â•â•â•â•â•â•â•â•â•â•â•â•â•â•â•â•â•—
2025-12-04 07:26:19.962 14996-15029 WorkPolicyManager       com.cdccreditsmart.app               I  â•‘  ğŸ“Š RESUMO DAS POLÃTICAS DE TRABALHO                           â•‘
2025-12-04 07:26:19.962 14996-15029 WorkPolicyManager       com.cdccreditsmart.app               I  â• â•â•â•â•â•â•â•â•â•â•â•â•â•â•â•â•â•â•â•â•â•â•â•â•â•â•â•â•â•â•â•â•â•â•â•â•â•â•â•â•â•â•â•â•â•â•â•â•â•â•â•â•â•â•â•â•â•â•â•â•â•â•â•â•â•£
2025-12-04 07:26:19.962 14996-15029 WorkPolicyManager       com.cdccreditsmart.app               I  â•‘  âš ï¸ NÃ­vel de proteÃ§Ã£o: BASIC
2025-12-04 07:26:19.962 14996-15029 WorkPolicyManager       com.cdccreditsmart.app               I  â•‘  ğŸ“‹ PolÃ­ticas aplicadas: 4
2025-12-04 07:26:19.962 14996-15029 WorkPolicyManager       com.cdccreditsmart.app               I  â• â•â•â•â•â•â•â•â•â•â•â•â•â•â•â•â•â•â•â•â•â•â•â•â•â•â•â•â•â•â•â•â•â•â•â•â•â•â•â•â•â•â•â•â•â•â•â•â•â•â•â•â•â•â•â•â•â•â•â•â•â•â•â•â•â•£
2025-12-04 07:26:19.962 14996-15029 WorkPolicyManager       com.cdccreditsmart.app               I  â•‘  âœ… PROTEÃ‡Ã•ES ATIVAS:
2025-12-04 07:26:19.962 14996-15029 WorkPolicyManager       com.cdccreditsmart.app               I  â•‘     âœ… IsenÃ§Ã£o de otimizaÃ§Ã£o de bateria
2025-12-04 07:26:19.962 14996-15029 WorkPolicyManager       com.cdccreditsmart.app               I  â•‘     âœ… Foreground Service persistente
2025-12-04 07:26:19.962 14996-15029 WorkPolicyManager       com.cdccreditsmart.app               I  â•‘     âœ… Health check periÃ³dico agendado
2025-12-04 07:26:19.962 14996-15029 WorkPolicyManager       com.cdccreditsmart.app               I  â•‘     âœ… Canal de notificaÃ§Ã£o persistente criado
2025-12-04 07:26:19.962 14996-15029 WorkPolicyManager       com.cdccreditsmart.app               I  â• â•â•â•â•â•â•â•â•â•â•â•â•â•â•â•â•â•â•â•â•â•â•â•â•â•â•â•â•â•â•â•â•â•â•â•â•â•â•â•â•â•â•â•â•â•â•â•â•â•â•â•â•â•â•â•â•â•â•â•â•â•â•â•â•â•£
2025-12-04 07:26:19.962 14996-15029 WorkPolicyManager       com.cdccreditsmart.app               I  â•‘  âš ï¸ AVISOS:
2025-12-04 07:26:19.962 14996-15029 WorkPolicyManager       com.cdccreditsmart.app               W  â•‘     âŒ CRÃTICO: DesinstalaÃ§Ã£o NÃƒO bloqueÃ¡vel
2025-12-04 07:26:19.962 14996-15029 WorkPolicyManager       com.cdccreditsmart.app               W  â•‘     âŒ CRÃTICO: Factory Reset NÃƒO bloqueÃ¡vel
2025-12-04 07:26:19.962 14996-15029 WorkPolicyManager       com.cdccreditsmart.app               W  â•‘     âŒ CRÃTICO: Force Stop NÃƒO bloqueÃ¡vel
2025-12-04 07:26:19.962 14996-15029 WorkPolicyManager       com.cdccreditsmart.app               W  â•‘     âŒ CRÃTICO: Clear Data NÃƒO bloqueÃ¡vel
2025-12-04 07:26:19.962 14996-15029 WorkPolicyManager       com.cdccreditsmart.app               W  â•‘     âš ï¸ RecomendaÃ§Ã£o: Configurar como Device Owner via QR Code ou ADB
2025-12-04 07:26:19.962 14996-15029 WorkPolicyManager       com.cdccreditsmart.app               I  â•šâ•â•â•â•â•â•â•â•â•â•â•â•â•â•â•â•â•â•â•â•â•â•â•â•â•â•â•â•â•â•â•â•â•â•â•â•â•â•â•â•â•â•â•â•â•â•â•â•â•â•â•â•â•â•â•â•â•â•â•â•â•â•â•â•â•
2025-12-04 07:26:19.962 14996-15029 WorkPolicyManager       com.cdccreditsmart.app               I  
2025-12-04 07:26:19.962 14996-15029 CdcForegroundService    com.cdccreditsmart.app               I  ğŸ¢ Resultado: BASIC
2025-12-04 07:26:19.962 14996-15029 CdcForegroundService    com.cdccreditsmart.app               I  ğŸ¢ PolÃ­ticas aplicadas: 4/5
2025-12-04 07:26:19.962 14996-15029 CdcForegroundService    com.cdccreditsmart.app               W  ğŸ¢ âŒ CRÃTICO: DesinstalaÃ§Ã£o NÃƒO bloqueÃ¡vel
2025-12-04 07:26:19.962 14996-15029 CdcForegroundService    com.cdccreditsmart.app               W  ğŸ¢ âŒ CRÃTICO: Factory Reset NÃƒO bloqueÃ¡vel
2025-12-04 07:26:19.962 14996-15029 CdcForegroundService    com.cdccreditsmart.app               W  ğŸ¢ âŒ CRÃTICO: Force Stop NÃƒO bloqueÃ¡vel
2025-12-04 07:26:19.962 14996-15029 CdcForegroundService    com.cdccreditsmart.app               W  ğŸ¢ âŒ CRÃTICO: Clear Data NÃƒO bloqueÃ¡vel
2025-12-04 07:26:19.962 14996-15029 CdcForegroundService    com.cdccreditsmart.app               W  ğŸ¢ âš ï¸ RecomendaÃ§Ã£o: Configurar como Device Owner via QR Code ou ADB
2025-12-04 07:26:19.962 14996-15029 CdcForegroundService    com.cdccreditsmart.app               I  ğŸ¢ ========================================
2025-12-04 07:26:19.962 14996-15029 CdcForegroundService    com.cdccreditsmart.app               I  ğŸ›¡ï¸ ========================================
2025-12-04 07:26:19.962 14996-15029 CdcForegroundService    com.cdccreditsmart.app               I  ğŸ›¡ï¸ INICIANDO SETTINGS GUARD (PROTEÃ‡ÃƒO AGRESSIVA)
2025-12-04 07:26:19.962 14996-15029 CdcForegroundService    com.cdccreditsmart.app               I  ğŸ›¡ï¸ ========================================
2025-12-04 07:26:19.982 14996-15029 CdcForegroundService    com.cdccreditsmart.app               I  ğŸ›¡ï¸ Guard ativo: true
2025-12-04 07:26:19.983 14996-15029 CdcForegroundService    com.cdccreditsmart.app               I  ğŸ›¡ï¸ Modo proteÃ§Ã£o: BASIC
2025-12-04 07:26:19.983 14996-15029 CdcForegroundService    com.cdccreditsmart.app               I  ğŸ›¡ï¸ Modo agressivo: false
2025-12-04 07:26:19.983 14996-15029 CdcForegroundService    com.cdccreditsmart.app               I  ğŸ›¡ï¸ UsageStats: âœ… ATIVO
2025-12-04 07:26:19.983 14996-15029 CdcForegroundService    com.cdccreditsmart.app               I  ğŸ›¡ï¸ Overlay: âœ… ATIVO
2025-12-04 07:26:19.983 14996-15029 CdcForegroundService    com.cdccreditsmart.app               I  ğŸ›¡ï¸ ========================================
2025-12-04 07:26:20.002 14996-14996 BootInterceptor         com.cdccreditsmart.app               I  ========================================
2025-12-04 07:26:20.002 14996-14996 BootInterceptor         com.cdccreditsmart.app               I  ğŸ”„ BOOT EVENT DETECTADO
2025-12-04 07:26:20.002 14996-14996 BootInterceptor         com.cdccreditsmart.app               I  ========================================
2025-12-04 07:26:20.002 14996-14996 BootInterceptor         com.cdccreditsmart.app               I  âœ… BOOT COMPLETO DETECTADO
2025-12-04 07:26:20.002 14996-14996 BootInterceptor         com.cdccreditsmart.app               I     Sistema Android iniciado com sucesso
2025-12-04 07:26:20.003 14996-14996 BootInterceptor         com.cdccreditsmart.app               I     Device Fingerprint: CDC_-1244237****
2025-12-04 07:26:20.003 14996-14996 TamperDetection         com.cdccreditsmart.app               I  
2025-12-04 07:26:20.003 14996-14996 TamperDetection         com.cdccreditsmart.app               I  â•”â•â•â•â•â•â•â•â•â•â•â•â•â•â•â•â•â•â•â•â•â•â•â•â•â•â•â•â•â•â•â•â•â•â•â•â•â•â•â•â•â•â•â•â•â•â•â•â•â•â•â•â•â•â•â•â•â•—
2025-12-04 07:26:20.003 14996-14996 TamperDetection         com.cdccreditsmart.app               I  â•‘    ğŸ“¡ REPORTAR BOOT AO BACKEND                        â•‘
2025-12-04 07:26:20.003 14996-14996 TamperDetection         com.cdccreditsmart.app               I  â• â•â•â•â•â•â•â•â•â•â•â•â•â•â•â•â•â•â•â•â•â•â•â•â•â•â•â•â•â•â•â•â•â•â•â•â•â•â•â•â•â•â•â•â•â•â•â•â•â•â•â•â•â•â•â•â•â•£
2025-12-04 07:26:20.003 14996-14996 TamperDetection         com.cdccreditsmart.app               I  â•‘  Device Fingerprint: CDC_-1244237****      â•‘
2025-12-04 07:26:20.003 14996-14996 TamperDetection         com.cdccreditsmart.app               I  â•‘  Boot Timestamp: 1764843980003          â•‘
2025-12-04 07:26:20.003 14996-14996 TamperDetection         com.cdccreditsmart.app               I  â•‘                                                        â•‘
2025-12-04 07:26:20.003 14996-14996 TamperDetection         com.cdccreditsmart.app               I  â•‘  Backend detectarÃ¡ factory reset comparando:          â•‘
2025-12-04 07:26:20.003 14996-14996 TamperDetection         com.cdccreditsmart.app               I  â•‘  â€¢ Fingerprint histÃ³rico vs atual                     â•‘
2025-12-04 07:26:20.003 14996-14996 TamperDetection         com.cdccreditsmart.app               I  â•‘  â€¢ Timestamp do Ãºltimo boot vs agora                  â•‘
2025-12-04 07:26:20.003 14996-14996 TamperDetection         com.cdccreditsmart.app               I  â•‘  â€¢ Token vÃ¡lido vs ausente                            â•‘
2025-12-04 07:26:20.003 14996-14996 TamperDetection         com.cdccreditsmart.app               I  â•šâ•â•â•â•â•â•â•â•â•â•â•â•â•â•â•â•â•â•â•â•â•â•â•â•â•â•â•â•â•â•â•â•â•â•â•â•â•â•â•â•â•â•â•â•â•â•â•â•â•â•â•â•â•â•â•â•â•
2025-12-04 07:26:20.003 14996-14996 TamperDetection         com.cdccreditsmart.app               I  
2025-12-04 07:26:20.003 14996-14996 TamperDetection         com.cdccreditsmart.app               I  âš ï¸ TODO: Implementar POST /api/security/device-boot
2025-12-04 07:26:20.003 14996-14996 BootInterceptor         com.cdccreditsmart.app               I  ========================================
2025-12-04 07:26:20.482 14996-15029 ContractCodeStorage     com.cdccreditsmart.app               W  No valid contract code found in any location
2025-12-04 07:26:20.483 14996-15029 SecureTokenStorage      com.cdccreditsmart.app               E  âŒ Nenhum identificador MDM disponÃ­vel!
2025-12-04 07:26:20.483 14996-15029 CdcForegroundService    com.cdccreditsmart.app               I  ğŸ” AuthToken presente: false
2025-12-04 07:26:20.484 14996-15029 CdcForegroundService    com.cdccreditsmart.app               I  ğŸ” AuthToken length: 0
2025-12-04 07:26:20.484 14996-15029 CdcForegroundService    com.cdccreditsmart.app               I  ğŸ” ContractCode presente: false
2025-12-04 07:26:20.484 14996-15029 CdcForegroundService    com.cdccreditsmart.app               I  ğŸ” ContractCode value: null****
2025-12-04 07:26:20.484 14996-15029 CdcForegroundService    com.cdccreditsmart.app               I  ğŸ” MDM SerialNumber presente: false
2025-12-04 07:26:20.484 14996-15029 CdcForegroundService    com.cdccreditsmart.app               I  ğŸ” MDM SerialNumber value: ......
2025-12-04 07:26:20.484 14996-15029 CdcForegroundService    com.cdccreditsmart.app               I  ğŸ“± ========================================
2025-12-04 07:26:20.484 14996-15029 CdcForegroundService    com.cdccreditsmart.app               I  ğŸ“± AGUARDANDO PAIRING - SERVIÃ‡O EM STANDBY
2025-12-04 07:26:20.484 14996-15029 CdcForegroundService    com.cdccreditsmart.app               I  ğŸ“± O usuÃ¡rio ainda nÃ£o fez o pareamento inicial
2025-12-04 07:26:20.484 14996-15029 CdcForegroundService    com.cdccreditsmart.app               I  ğŸ“± ServiÃ§os MDM serÃ£o ativados apÃ³s inserir cÃ³digo do contrato
2025-12-04 07:26:20.484 14996-15029 CdcForegroundService    com.cdccreditsmart.app               I  ğŸ“± ========================================
2025-12-04 07:26:20.559 14996-15030 ContractCodeStorage     com.cdccreditsmart.app               W  No valid contract code found in any location
2025-12-04 07:26:20.579 14996-15030 SecureTokenStorage      com.cdccreditsmart.app               E  âŒ Nenhum identificador MDM disponÃ­vel!
2025-12-04 07:26:20.588 14996-15030 CdcForegroundService    com.cdccreditsmart.app               I  ğŸ” AuthToken presente: false
2025-12-04 07:26:20.589 14996-15030 CdcForegroundService    com.cdccreditsmart.app               I  ğŸ” AuthToken length: 0
2025-12-04 07:26:20.589 14996-15030 CdcForegroundService    com.cdccreditsmart.app               I  ğŸ” ContractCode presente: false
2025-12-04 07:26:20.590 14996-15030 CdcForegroundService    com.cdccreditsmart.app               I  ğŸ” ContractCode value: null****
2025-12-04 07:26:20.590 14996-15030 CdcForegroundService    com.cdccreditsmart.app               I  ğŸ” MDM SerialNumber presente: false
2025-12-04 07:26:20.591 14996-15030 CdcForegroundService    com.cdccreditsmart.app               I  ğŸ” MDM SerialNumber value: ......
2025-12-04 07:26:20.591 14996-15030 CdcForegroundService    com.cdccreditsmart.app               I  ğŸ“± ========================================
2025-12-04 07:26:20.591 14996-15030 CdcForegroundService    com.cdccreditsmart.app               I  ğŸ“± AGUARDANDO PAIRING - SERVIÃ‡O EM STANDBY
2025-12-04 07:26:20.591 14996-15030 CdcForegroundService    com.cdccreditsmart.app               I  ğŸ“± O usuÃ¡rio ainda nÃ£o fez o pareamento inicial
2025-12-04 07:26:20.591 14996-15030 CdcForegroundService    com.cdccreditsmart.app               I  ğŸ“± ServiÃ§os MDM serÃ£o ativados apÃ³s inserir cÃ³digo do contrato
2025-12-04 07:26:20.591 14996-15030 CdcForegroundService    com.cdccreditsmart.app               I  ğŸ“± ========================================
2025-12-04 07:26:20.738 14996-15029 ContractCodeStorage     com.cdccreditsmart.app               W  No valid contract code found in any location
2025-12-04 07:26:20.738 14996-15029 SecureTokenStorage      com.cdccreditsmart.app               E  âŒ Nenhum identificador MDM disponÃ­vel!
2025-12-04 07:26:20.739 14996-15029 CdcForegroundService    com.cdccreditsmart.app               I  ğŸ” AuthToken presente: false
2025-12-04 07:26:20.739 14996-15029 CdcForegroundService    com.cdccreditsmart.app               I  ğŸ” AuthToken length: 0
2025-12-04 07:26:20.739 14996-15029 CdcForegroundService    com.cdccreditsmart.app               I  ğŸ” ContractCode presente: false
2025-12-04 07:26:20.739 14996-15029 CdcForegroundService    com.cdccreditsmart.app               I  ğŸ” ContractCode value: null****
2025-12-04 07:26:20.739 14996-15029 CdcForegroundService    com.cdccreditsmart.app               I  ğŸ” MDM SerialNumber presente: false
2025-12-04 07:26:20.739 14996-15029 CdcForegroundService    com.cdccreditsmart.app               I  ğŸ” MDM SerialNumber value: ......
2025-12-04 07:26:20.739 14996-15029 CdcForegroundService    com.cdccreditsmart.app               I  ğŸ“± ========================================
2025-12-04 07:26:20.739 14996-15029 CdcForegroundService    com.cdccreditsmart.app               I  ğŸ“± AGUARDANDO PAIRING - SERVIÃ‡O EM STANDBY
2025-12-04 07:26:20.739 14996-15029 CdcForegroundService    com.cdccreditsmart.app               I  ğŸ“± O usuÃ¡rio ainda nÃ£o fez o pareamento inicial
2025-12-04 07:26:20.739 14996-15029 CdcForegroundService    com.cdccreditsmart.app               I  ğŸ“± ServiÃ§os MDM serÃ£o ativados apÃ³s inserir cÃ³digo do contrato
2025-12-04 07:26:20.739 14996-15029 CdcForegroundService    com.cdccreditsmart.app               I  ğŸ“± ========================================
2025-12-04 07:26:21.398 14996-15022 FA                      com.cdccreditsmart.app               I  Application backgrounded at: timestamp_millis: 1764843979397
2025-12-04 07:26:24.411 14996-15030 SettingsGuardService    com.cdccreditsmart.app               W  ğŸš¨ SETTINGS DETECTADO! (count: 2, dangerous: false)
2025-12-04 07:26:24.414 14996-15030 SettingsGuardService    com.cdccreditsmart.app               W     Pacote: com.android.settings
2025-12-04 07:26:24.414 14996-15030 SettingsGuardService    com.cdccreditsmart.app               W     Chamando app para foreground...
2025-12-04 07:26:24.434 14996-14996 SettingsGuardService    com.cdccreditsmart.app               I  âœ… App trazido para foreground
2025-12-04 07:26:24.849 14996-15030 SettingsGuardService    com.cdccreditsmart.app               I  âœ… App CDC em foreground - resetando contador
2025-12-04 07:26:25.648 14996-15001 creditsmart.app         com.cdccreditsmart.app               I  Background concurrent mark compact GC freed 10MB AllocSpace bytes, 204(7088KB) LOS objects, 49% free, 6255KB/12MB, paused 188us,2.098ms total 147.912ms
2025-12-04 07:26:25.893 14996-15056 SurfaceSyncGroup        com.cdccreditsmart.app               E  Failed to receive transaction ready in 1000ms. Marking SurfaceSyncGroup(wmsSync-VRI[MainActivity]#0) as ready
2025-12-04 07:26:25.895 14996-15056 SurfaceSyncGroup        com.cdccreditsmart.app               E  Failed to receive transaction ready in 1000ms. Marking SurfaceSyncGroup(VRI[MainActivity]#1) as ready
2025-12-04 07:26:25.961 14996-14996 Choreographer           com.cdccreditsmart.app               I  Skipped 65 frames!  The application may be doing too much work on its main thread.
2025-12-04 07:26:26.269 14996-15007 HWUI                    com.cdccreditsmart.app               I  Davey! duration=1033ms; Flags=1, FrameTimelineVsyncId=487282, IntendedVsync=15796372588483, Vsync=15796372588483, InputEventId=0, HandleInputStart=15796374042292, AnimationStart=15796374043173, PerformTraversalsStart=15796374043740, DrawStart=15797011489078, FrameDeadline=15796389255149, FrameStartTime=15796374039740, FrameInterval=16666666, WorkloadTarget=16666666, SyncQueued=15797133993865, SyncStart=15797213275262, IssueDrawCommandsStart=15797213919405, SwapBuffers=15797447406576, FrameCompleted=15797485551167, DequeueBufferDuration=3537, QueueBufferDuration=177579, GpuCompleted=15797485551167, SwapBuffersCompleted=15797480745434, DisplayPresentTime=0, CommandSubmissionCompleted=15797447406576, 
2025-12-04 07:26:26.270 14996-15007 HWUI                    com.cdccreditsmart.app               I  Davey! duration=1192ms; Flags=0, FrameTimelineVsyncId=487324, IntendedVsync=15796389255149, Vsync=15797472588439, InputEventId=0, HandleInputStart=15797482733300, AnimationStart=15797482734003, PerformTraversalsStart=15797507911000, DrawStart=15797508013097, FrameDeadline=15797505921771, FrameStartTime=15797482471130, FrameInterval=16666666, WorkloadTarget=16666666, SyncQueued=15797518896715, SyncStart=15797518934512, IssueDrawCommandsStart=15797518986496, SwapBuffers=15797520196308, FrameCompleted=15797581767958, DequeueBufferDuration=2489, QueueBufferDuration=263496, GpuCompleted=15797581767958, SwapBuffersCompleted=15797543340372, DisplayPresentTime=0, CommandSubmissionCompleted=15797520196308, 
2025-12-04 07:26:26.733 14996-14996 ImeTracker              com.cdccreditsmart.app               I  com.cdccreditsmart.app:19529b3f: onCancelled at PHASE_CLIENT_ALREADY_HIDDEN
2025-12-04 07:26:26.757 14996-14996 InteractionJankMonitor  com.cdccreditsmart.app               W  Initializing without READ_DEVICE_CONFIG permission. enabled=false, interval=1, missedFrameThreshold=3, frameTimeThreshold=64, package=com.cdccreditsmart.app
2025-12-04 07:26:29.201 14996-15030 SettingsGuardService    com.cdccreditsmart.app               W  ğŸš¨ SETTINGS DETECTADO! (count: 2, dangerous: false)
2025-12-04 07:26:29.201 14996-15030 SettingsGuardService    com.cdccreditsmart.app               W     Pacote: com.android.settings
2025-12-04 07:26:29.201 14996-15030 SettingsGuardService    com.cdccreditsmart.app               W     Chamando app para foreground...
2025-12-04 07:26:29.359 14996-14996 SettingsGuardService    com.cdccreditsmart.app               I  âœ… App trazido para foreground
2025-12-04 07:26:29.617 14996-14996 PermissionGateScreen    com.cdccreditsmart.app               I  âœ… Device Admin status atualizado
2025-12-04 07:26:29.849 14996-15030 SettingsGuardService    com.cdccreditsmart.app               I  âœ… App CDC em foreground - resetando contador
2025-12-04 07:26:30.179 14996-15007 FrameEvents             com.cdccreditsmart.app               E  addRelease: Did not find frame.
2025-12-04 07:26:30.725 14996-14996 ImeTracker              com.cdccreditsmart.app               I  com.cdccreditsmart.app:71d33a26: onCancelled at PHASE_CLIENT_ALREADY_HIDDEN
2025-12-04 07:26:36.491 14996-15030 SettingsGuardService    com.cdccreditsmart.app               W  ğŸš¨ SETTINGS DETECTADO! (count: 2, dangerous: false)
2025-12-04 07:26:36.491 14996-15030 SettingsGuardService    com.cdccreditsmart.app               W     Pacote: com.android.settings
2025-12-04 07:26:36.491 14996-15030 SettingsGuardService    com.cdccreditsmart.app               W     Chamando app para foreground...
2025-12-04 07:26:36.549 14996-14996 SettingsGuardService    com.cdccreditsmart.app               I  âœ… App trazido para foreground
2025-12-04 07:26:36.652 14996-14996 PermissionGateScreen    com.cdccreditsmart.app               I  âœ… Device Admin status atualizado
2025-12-04 07:26:36.837 14996-14996 ImeTracker              com.cdccreditsmart.app               I  com.cdccreditsmart.app:2a725298: onCancelled at PHASE_CLIENT_ALREADY_HIDDEN
2025-12-04 07:26:36.978 14996-15030 SettingsGuardService    com.cdccreditsmart.app               I  âœ… App CDC em foreground - resetando contador
2025-12-04 07:26:38.797 14996-15030 SettingsGuardService    com.cdccreditsmart.app               W  ğŸš¨ SETTINGS DETECTADO! (count: 2, dangerous: false)
2025-12-04 07:26:38.797 14996-15030 SettingsGuardService    com.cdccreditsmart.app               W     Pacote: com.android.settings
2025-12-04 07:26:38.797 14996-15030 SettingsGuardService    com.cdccreditsmart.app               W     Chamando app para foreground...
2025-12-04 07:26:38.960 14996-14996 SettingsGuardService    com.cdccreditsmart.app               I  âœ… App trazido para foreground
2025-12-04 07:26:39.035 14996-14996 PermissionGateScreen    com.cdccreditsmart.app               I  âœ… Device Admin status atualizado
2025-12-04 07:26:39.358 14996-14996 ImeTracker              com.cdccreditsmart.app               I  com.cdccreditsmart.app:7ddb6c80: onCancelled at PHASE_CLIENT_ALREADY_HIDDEN
2025-12-04 07:26:39.365 14996-15030 SettingsGuardService    com.cdccreditsmart.app               I  âœ… App CDC em foreground - resetando contador
2025-12-04 07:26:41.810 14996-15030 SettingsGuardService    com.cdccreditsmart.app               W  ğŸš¨ SETTINGS DETECTADO! (count: 2, dangerous: false)
2025-12-04 07:26:41.810 14996-15030 SettingsGuardService    com.cdccreditsmart.app               W     Pacote: com.android.settings
2025-12-04 07:26:41.810 14996-15030 SettingsGuardService    com.cdccreditsmart.app               W     Chamando app para foreground...
2025-12-04 07:26:41.882 14996-14996 SettingsGuardService    com.cdccreditsmart.app               I  âœ… App trazido para foreground
2025-12-04 07:26:41.972 14996-14996 PermissionGateScreen    com.cdccreditsmart.app               I  âœ… Device Admin status atualizado
2025-12-04 07:26:42.285 14996-15030 SettingsGuardService    com.cdccreditsmart.app               I  âœ… App CDC em foreground - resetando contador
2025-12-04 07:26:42.571 14996-14996 ImeTracker              com.cdccreditsmart.app               I  com.cdccreditsmart.app:c3d0b304: onCancelled at PHASE_CLIENT_ALREADY_HIDDEN
