2025-12-08 07:17:40.213  8368-8408  MdmCommandReceiver      com.cdccreditsmart.app               D  ðŸ’“ Ping JSON enviado (timestamp: 1765189060213)
2025-12-08 07:17:40.428  8368-8451  MdmCommandReceiver      com.cdccreditsmart.app               D  ðŸ“¥ Mensagem MDM recebida: {"type":"pong","timestamp":"2025-12-08T10:17:40.569Z"}
2025-12-08 07:17:40.429  8368-8408  MdmCommandReceiver      com.cdccreditsmart.app               D  ðŸ“¥ JSON recebido: {"type":"pong","timestamp":"2025-12-08T10:17:40.569Z"}
2025-12-08 07:17:40.430  8368-8408  MdmCommandReceiver      com.cdccreditsmart.app               D  ðŸ“¨ Tipo de mensagem: pong
2025-12-08 07:17:40.430  8368-8408  MdmCommandReceiver      com.cdccreditsmart.app               D  ðŸ’“ Pong recebido (latency: N/A)
2025-12-08 07:17:54.524  8368-8368  WebSocketManager        com.cdccreditsmart.app               D  Heartbeat ping sent
2025-12-08 07:17:54.726  8368-8444  WebSocketManager        com.cdccreditsmart.app               D  Message received: {"type":"pong","timestamp":"2025-12-08T10:17:54.899Z"}...
2025-12-08 07:17:54.726  8368-8444  WebSocketManager        com.cdccreditsmart.app               D  Received message type: pong
2025-12-08 07:17:54.726  8368-8444  WebSocketManager        com.cdccreditsmart.app               D  Pong received
2025-12-08 07:17:55.233  8368-8368  WebSocketManager        com.cdccreditsmart.app               D  Heartbeat ping sent
2025-12-08 07:17:55.385  8368-8408  MdmCommandReceiver      com.cdccreditsmart.app               I  ðŸ” [Polling #4] Verificando comandos pendentes...
2025-12-08 07:17:55.386  8368-8408  SecureTokenStorage      com.cdccreditsmart.app               D  âš ï¸ Usando Serial Number para MDM (IMEI indisponÃ­vel): XV8W57...
2025-12-08 07:17:55.386  8368-8408  MdmCommandReceiver      com.cdccreditsmart.app               I  ðŸ” ========================================
2025-12-08 07:17:55.386  8368-8408  MdmCommandReceiver      com.cdccreditsmart.app               I  ðŸ” BUSCANDO COMANDOS PENDENTES
2025-12-08 07:17:55.386  8368-8408  MdmCommandReceiver      com.cdccreditsmart.app               I  ðŸ” ========================================
2025-12-08 07:17:55.386  8368-8408  MdmCommandReceiver      com.cdccreditsmart.app               I  ðŸ” Identifier: XV8W5766
2025-12-08 07:17:55.386  8368-8408  MdmCommandReceiver      com.cdccreditsmart.app               I  ðŸ” Endpoint: GET /api/apk/device/XV8W5766/commands
2025-12-08 07:17:55.386  8368-8408  MdmCommandReceiver      com.cdccreditsmart.app               D  ðŸ” Executando requisiÃ§Ã£o HTTP (timeout: 15s)...
2025-12-08 07:17:55.388  8368-8491  okhttp.OkHttpClient     com.cdccreditsmart.app               I  --> GET https://cdccreditsmart.com/api/apk/device/XV8W5766/commands
2025-12-08 07:17:55.388  8368-8491  okhttp.OkHttpClient     com.cdccreditsmart.app               I  --> END GET
2025-12-08 07:17:55.412  8368-8491  SecureTokenStorage      com.cdccreditsmart.app               D  EncryptedSharedPreferences initialized successfully
2025-12-08 07:17:55.430  8368-8452  WebSocketManager        com.cdccreditsmart.app               D  Message received: {"type":"pong","timestamp":"2025-12-08T10:17:55.605Z"}...
2025-12-08 07:17:55.430  8368-8452  WebSocketManager        com.cdccreditsmart.app               D  Received message type: pong
2025-12-08 07:17:55.430  8368-8452  WebSocketManager        com.cdccreditsmart.app               D  Pong received
2025-12-08 07:17:55.988  8368-8491  okhttp.OkHttpClient     com.cdccreditsmart.app               I  <-- 200 https://cdccreditsmart.com/api/apk/device/XV8W5766/commands (599ms)
2025-12-08 07:17:55.988  8368-8491  okhttp.OkHttpClient     com.cdccreditsmart.app               I  access-control-allow-credentials: true
2025-12-08 07:17:55.989  8368-8491  okhttp.OkHttpClient     com.cdccreditsmart.app               I  access-control-allow-headers: Origin, X-Requested-With, Content-Type, Accept, Authorization, x-client-key, x-client-token, x-client-secret, cache-control
2025-12-08 07:17:55.989  8368-8491  okhttp.OkHttpClient     com.cdccreditsmart.app               I  access-control-allow-methods: GET, POST, PUT, PATCH, DELETE, OPTIONS
2025-12-08 07:17:55.989  8368-8491  okhttp.OkHttpClient     com.cdccreditsmart.app               I  access-control-allow-origin: *
2025-12-08 07:17:55.989  8368-8491  okhttp.OkHttpClient     com.cdccreditsmart.app               I  access-control-max-age: 86400
2025-12-08 07:17:55.989  8368-8491  okhttp.OkHttpClient     com.cdccreditsmart.app               I  content-length: 454
2025-12-08 07:17:55.989  8368-8491  okhttp.OkHttpClient     com.cdccreditsmart.app               I  content-security-policy: default-src 'self'; script-src 'self' 'unsafe-inline' 'unsafe-eval' https://replit.com; style-src 'self' 'unsafe-inline' https://replit.com; img-src 'self' data: https:; font-src 'self' data: https://replit.com; connect-src 'self';
2025-12-08 07:17:55.990  8368-8491  okhttp.OkHttpClient     com.cdccreditsmart.app               I  content-type: application/json; charset=utf-8
2025-12-08 07:17:55.990  8368-8491  okhttp.OkHttpClient     com.cdccreditsmart.app               I  date: Mon, 08 Dec 2025 10:17:56 GMT
2025-12-08 07:17:55.991  8368-8491  okhttp.OkHttpClient     com.cdccreditsmart.app               I  etag: W/"1c6-qknmI07UPAyxdZrdaf2lbRioYjo"
2025-12-08 07:17:55.991  8368-8491  okhttp.OkHttpClient     com.cdccreditsmart.app               I  permissions-policy: geolocation=(), microphone=(), camera=()
2025-12-08 07:17:55.991  8368-8491  okhttp.OkHttpClient     com.cdccreditsmart.app               I  referrer-policy: strict-origin-when-cross-origin
2025-12-08 07:17:55.991  8368-8491  okhttp.OkHttpClient     com.cdccreditsmart.app               I  strict-transport-security: max-age=63072000; includeSubDomains
2025-12-08 07:17:55.991  8368-8491  okhttp.OkHttpClient     com.cdccreditsmart.app               I  strict-transport-security: max-age=31536000; includeSubDomains
2025-12-08 07:17:55.991  8368-8491  okhttp.OkHttpClient     com.cdccreditsmart.app               I  x-anti-fraud-protection: active
2025-12-08 07:17:55.991  8368-8491  okhttp.OkHttpClient     com.cdccreditsmart.app               I  x-certificate-pinning-enabled: false
2025-12-08 07:17:55.991  8368-8491  okhttp.OkHttpClient     com.cdccreditsmart.app               I  x-certificate-pinning-status: disabled-for-stability
2025-12-08 07:17:55.991  8368-8491  okhttp.OkHttpClient     com.cdccreditsmart.app               I  x-content-type-options: nosniff
2025-12-08 07:17:55.991  8368-8491  okhttp.OkHttpClient     com.cdccreditsmart.app               I  x-financial-data-protection: enabled
2025-12-08 07:17:55.991  8368-8491  okhttp.OkHttpClient     com.cdccreditsmart.app               I  x-frame-options: DENY
2025-12-08 07:17:55.992  8368-8491  okhttp.OkHttpClient     com.cdccreditsmart.app               I  x-transaction-security-level: maximum
2025-12-08 07:17:55.992  8368-8491  okhttp.OkHttpClient     com.cdccreditsmart.app               I  x-xss-protection: 1; mode=block
2025-12-08 07:17:55.992  8368-8491  okhttp.OkHttpClient     com.cdccreditsmart.app               I  via: 1.1 google
2025-12-08 07:17:55.992  8368-8491  okhttp.OkHttpClient     com.cdccreditsmart.app               I  alt-svc: h3=":443"; ma=2592000,h3-29=":443"; ma=2592000
2025-12-08 07:17:55.992  8368-8491  okhttp.OkHttpClient     com.cdccreditsmart.app               I  {"deviceId":"device_1765148771462_4teww42p114","serialNumber":"XV8W5766","commandsCount":1,"commands":[{"id":"1c151748-3964-44e3-8db0-fd940245b4cc","commandType":"UNINSTALL_APP","parameters":{"reason":"Admin requested uninstall","requestedAt":"2025-12-08T10:17:39.158Z","requestedBy":"admin@admin.com","uninstallCodeValidated":true},"priority":"critical","status":"pending","createdAt":"2025-12-08T10:17:39.272Z","expiresAt":"2025-12-09T10:17:39.158Z"}]}
2025-12-08 07:17:55.992  8368-8491  okhttp.OkHttpClient     com.cdccreditsmart.app               I  <-- END HTTP (454-byte body)
2025-12-08 07:17:55.998  8368-8408  MdmCommandReceiver      com.cdccreditsmart.app               I  ðŸ” HTTP Response code: 200
2025-12-08 07:17:55.998  8368-8408  MdmCommandReceiver      com.cdccreditsmart.app               I  ðŸ” HTTP isSuccessful: true
2025-12-08 07:17:55.998  8368-8408  MdmCommandReceiver      com.cdccreditsmart.app               I  ðŸ” Response body deviceId: device_1765148771462_4teww42p114
2025-12-08 07:17:55.998  8368-8408  MdmCommandReceiver      com.cdccreditsmart.app               I  ðŸ” Response body serialNumber: XV8W5766
2025-12-08 07:17:55.998  8368-8408  MdmCommandReceiver      com.cdccreditsmart.app               I  ðŸ” Total de comandos: 1
2025-12-08 07:17:55.998  8368-8408  MdmCommandReceiver      com.cdccreditsmart.app               I  ðŸ“‹ ========================================
2025-12-08 07:17:55.998  8368-8408  MdmCommandReceiver      com.cdccreditsmart.app               I  ðŸ“‹ 1 COMANDOS PENDENTES ENCONTRADOS!
2025-12-08 07:17:55.998  8368-8408  MdmCommandReceiver      com.cdccreditsmart.app               I  ðŸ“‹ ========================================
2025-12-08 07:17:55.998  8368-8408  MdmCommandReceiver      com.cdccreditsmart.app               I  ðŸ“‹ [0] ID: 1c151748-3964-44e3-8db0-fd940245b4cc
2025-12-08 07:17:55.998  8368-8408  MdmCommandReceiver      com.cdccreditsmart.app               I  ðŸ“‹ [0] Tipo: UNINSTALL_APP
2025-12-08 07:17:55.998  8368-8408  MdmCommandReceiver      com.cdccreditsmart.app               I  ðŸ“‹ [0] Status: pending
2025-12-08 07:17:55.998  8368-8408  MdmCommandReceiver      com.cdccreditsmart.app               I  ðŸ“‹ [0] Prioridade: critical
2025-12-08 07:17:55.999  8368-8408  MdmCommandReceiver      com.cdccreditsmart.app               I  ðŸ“‹ [0] Parameters class: UninstallAppParameters
2025-12-08 07:17:55.999  8368-8408  MdmCommandReceiver      com.cdccreditsmart.app               I  ðŸ“‹ Processando comando (timeout: 60s)...
2025-12-08 07:17:55.999  8368-8408  MdmCommandReceiver      com.cdccreditsmart.app               I  âš™ï¸ Processando comando 1c151748-3964-44e3-8db0-fd940245b4cc (tipo: UNINSTALL_APP)
2025-12-08 07:17:56.001  8368-8408  CdcForegroundService    com.cdccreditsmart.app               D  ðŸ”‹ WakeLock adquirido para comando (30s timeout)
2025-12-08 07:17:56.002  8368-8408  MdmCommandReceiver      com.cdccreditsmart.app               D  ðŸ”‹ WakeLock adquirido para comando MDM 1c151748-3964-44e3-8db0-fd940245b4cc
2025-12-08 07:17:56.002  8368-8408  MdmCommandReceiver      com.cdccreditsmart.app               D  ðŸ“¡ Tentando ACK via NOVO endpoint: POST /api/apk/commands/1c151748-3964-44e3-8db0-fd940245b4cc/ack
2025-12-08 07:17:56.008  8368-8491  okhttp.OkHttpClient     com.cdccreditsmart.app               I  --> POST https://cdccreditsmart.com/api/apk/commands/1c151748-3964-44e3-8db0-fd940245b4cc/ack
2025-12-08 07:17:56.009  8368-8491  okhttp.OkHttpClient     com.cdccreditsmart.app               I  Content-Type: application/json; charset=UTF-8
2025-12-08 07:17:56.009  8368-8491  okhttp.OkHttpClient     com.cdccreditsmart.app               I  Content-Length: 25
2025-12-08 07:17:56.009  8368-8491  okhttp.OkHttpClient     com.cdccreditsmart.app               I  Authorization: Bearer eyJhbGciOiJIUzI1NiIsInR5cCI6IkpXVCJ9.eyJkZXZpY2VJZCI6ImRldmljZV8xNzY1MTQ4NzcxNDYyXzR0ZXd3NDJwMTE0IiwiYXBrVG9rZW4iOiJYVjhXNTc2NiIsInR5cGUiOiJhcGsiLCJleHBpcmVzSW4iOiIyNGgiLCJpYXQiOjE3NjUxODg5ODMsImV4cCI6MTc2NTI3NTM4M30.muLfUOtUV3uQb4dj2-L5ojkEN6Jt4v2gQtGjUtDe1-Y
2025-12-08 07:17:56.009  8368-8491  okhttp.OkHttpClient     com.cdccreditsmart.app               I  {"status":"acknowledged"}
2025-12-08 07:17:56.009  8368-8491  okhttp.OkHttpClient     com.cdccreditsmart.app               I  --> END POST (25-byte body)
2025-12-08 07:17:56.028  8368-8491  SecureTokenStorage      com.cdccreditsmart.app               D  EncryptedSharedPreferences initialized successfully
2025-12-08 07:17:56.330  8368-8491  okhttp.OkHttpClient     com.cdccreditsmart.app               I  <-- 404 https://cdccreditsmart.com/api/apk/commands/1c151748-3964-44e3-8db0-fd940245b4cc/ack (320ms)
2025-12-08 07:17:56.330  8368-8491  okhttp.OkHttpClient     com.cdccreditsmart.app               I  access-control-allow-credentials: true
2025-12-08 07:17:56.330  8368-8491  okhttp.OkHttpClient     com.cdccreditsmart.app               I  access-control-allow-headers: Origin, X-Requested-With, Content-Type, Accept, Authorization, x-client-key, x-client-token, x-client-secret, cache-control
2025-12-08 07:17:56.330  8368-8491  okhttp.OkHttpClient     com.cdccreditsmart.app               I  access-control-allow-methods: GET, POST, PUT, PATCH, DELETE, OPTIONS
2025-12-08 07:17:56.331  8368-8491  okhttp.OkHttpClient     com.cdccreditsmart.app               I  access-control-allow-origin: *
2025-12-08 07:17:56.331  8368-8491  okhttp.OkHttpClient     com.cdccreditsmart.app               I  access-control-max-age: 86400
2025-12-08 07:17:56.331  8368-8491  okhttp.OkHttpClient     com.cdccreditsmart.app               I  content-length: 497
2025-12-08 07:17:56.331  8368-8491  okhttp.OkHttpClient     com.cdccreditsmart.app               I  content-security-policy: default-src 'self'; script-src 'self' 'unsafe-inline' 'unsafe-eval' https://replit.com; style-src 'self' 'unsafe-inline' https://replit.com; img-src 'self' data: https:; font-src 'self' data: https://replit.com; connect-src 'self';
2025-12-08 07:17:56.331  8368-8491  okhttp.OkHttpClient     com.cdccreditsmart.app               I  content-type: application/json; charset=utf-8
2025-12-08 07:17:56.331  8368-8491  okhttp.OkHttpClient     com.cdccreditsmart.app               I  date: Mon, 08 Dec 2025 10:17:56 GMT
2025-12-08 07:17:56.332  8368-8491  okhttp.OkHttpClient     com.cdccreditsmart.app               I  etag: W/"1f1-Nu78U6iqmLdZIHwonRHFhhi4/Qw"
2025-12-08 07:17:56.332  8368-8491  okhttp.OkHttpClient     com.cdccreditsmart.app               I  permissions-policy: geolocation=(), microphone=(), camera=()
2025-12-08 07:17:56.332  8368-8491  okhttp.OkHttpClient     com.cdccreditsmart.app               I  referrer-policy: strict-origin-when-cross-origin
2025-12-08 07:17:56.332  8368-8491  okhttp.OkHttpClient     com.cdccreditsmart.app               I  strict-transport-security: max-age=63072000; includeSubDomains
2025-12-08 07:17:56.332  8368-8491  okhttp.OkHttpClient     com.cdccreditsmart.app               I  strict-transport-security: max-age=31536000; includeSubDomains
2025-12-08 07:17:56.332  8368-8491  okhttp.OkHttpClient     com.cdccreditsmart.app               I  x-anti-fraud-protection: active
2025-12-08 07:17:56.332  8368-8491  okhttp.OkHttpClient     com.cdccreditsmart.app               I  x-certificate-pinning-enabled: false
2025-12-08 07:17:56.332  8368-8491  okhttp.OkHttpClient     com.cdccreditsmart.app               I  x-certificate-pinning-status: disabled-for-stability
2025-12-08 07:17:56.332  8368-8491  okhttp.OkHttpClient     com.cdccreditsmart.app               I  x-content-type-options: nosniff
2025-12-08 07:17:56.332  8368-8491  okhttp.OkHttpClient     com.cdccreditsmart.app               I  x-financial-data-protection: enabled
2025-12-08 07:17:56.332  8368-8491  okhttp.OkHttpClient     com.cdccreditsmart.app               I  x-frame-options: DENY
2025-12-08 07:17:56.332  8368-8491  okhttp.OkHttpClient     com.cdccreditsmart.app               I  x-transaction-security-level: maximum
2025-12-08 07:17:56.332  8368-8491  okhttp.OkHttpClient     com.cdccreditsmart.app               I  x-xss-protection: 1; mode=block
2025-12-08 07:17:56.332  8368-8491  okhttp.OkHttpClient     com.cdccreditsmart.app               I  via: 1.1 google
2025-12-08 07:17:56.333  8368-8491  okhttp.OkHttpClient     com.cdccreditsmart.app               I  alt-svc: h3=":443"; ma=2592000,h3-29=":443"; ma=2592000
2025-12-08 07:17:56.333  8368-8491  okhttp.OkHttpClient     com.cdccreditsmart.app               I  {"error":"API endpoint not found","message":"Rota APK nÃ£o encontrada","path":"/","method":"POST","timestamp":"2025-12-08T10:17:56.502Z","available_endpoints":["GET /api/apk/device/{serial}/status","POST /api/apk/device/{fingerprint}/sync","POST /api/apk/device/{fingerprint}/register-info","POST /api/apk/auth","GET /api/apk/device/{identifier}/commands","POST /api/apk/device/commands/{commandId}/status","POST /api/apk/device/{identifier}/command-response","GET /api/apk/device/commands/test"]}
2025-12-08 07:17:56.333  8368-8491  okhttp.OkHttpClient     com.cdccreditsmart.app               I  <-- END HTTP (497-byte body)
2025-12-08 07:17:56.334  8368-8408  MdmCommandReceiver      com.cdccreditsmart.app               W  âš ï¸ NOVO endpoint falhou (HTTP 404), tentando fallback...
2025-12-08 07:17:56.335  8368-8408  SecureTokenStorage      com.cdccreditsmart.app               D  âš ï¸ Usando Serial Number para MDM (IMEI indisponÃ­vel): XV8W57...
2025-12-08 07:17:56.335  8368-8408  MdmCommandReceiver      com.cdccreditsmart.app               D  ðŸ“¡ Fallback: Usando endpoint legado: POST /api/apk/device/XV8W5766/command-response
2025-12-08 07:17:56.337  8368-8491  okhttp.OkHttpClient     com.cdccreditsmart.app               I  --> POST https://cdccreditsmart.com/api/apk/device/XV8W5766/command-response
2025-12-08 07:17:56.337  8368-8491  okhttp.OkHttpClient     com.cdccreditsmart.app               I  Content-Type: application/json; charset=UTF-8
2025-12-08 07:17:56.338  8368-8491  okhttp.OkHttpClient     com.cdccreditsmart.app               I  Content-Length: 76
2025-12-08 07:17:56.338  8368-8491  okhttp.OkHttpClient     com.cdccreditsmart.app               I  {"commandId":"1c151748-3964-44e3-8db0-fd940245b4cc","status":"acknowledged"}
2025-12-08 07:17:56.338  8368-8491  okhttp.OkHttpClient     com.cdccreditsmart.app               I  --> END POST (76-byte body)
2025-12-08 07:17:56.353  8368-8491  SecureTokenStorage      com.cdccreditsmart.app               D  EncryptedSharedPreferences initialized successfully
2025-12-08 07:17:56.865  8368-8491  okhttp.OkHttpClient     com.cdccreditsmart.app               I  <-- 200 https://cdccreditsmart.com/api/apk/device/XV8W5766/command-response (526ms)
2025-12-08 07:17:56.865  8368-8491  okhttp.OkHttpClient     com.cdccreditsmart.app               I  access-control-allow-credentials: true
2025-12-08 07:17:56.865  8368-8491  okhttp.OkHttpClient     com.cdccreditsmart.app               I  access-control-allow-headers: Origin, X-Requested-With, Content-Type, Accept, Authorization, x-client-key, x-client-token, x-client-secret, cache-control
2025-12-08 07:17:56.865  8368-8491  okhttp.OkHttpClient     com.cdccreditsmart.app               I  access-control-allow-methods: GET, POST, PUT, PATCH, DELETE, OPTIONS
2025-12-08 07:17:56.865  8368-8491  okhttp.OkHttpClient     com.cdccreditsmart.app               I  access-control-allow-origin: *
2025-12-08 07:17:56.865  8368-8491  okhttp.OkHttpClient     com.cdccreditsmart.app               I  access-control-max-age: 86400
2025-12-08 07:17:56.865  8368-8491  okhttp.OkHttpClient     com.cdccreditsmart.app               I  content-length: 59
2025-12-08 07:17:56.866  8368-8491  okhttp.OkHttpClient     com.cdccreditsmart.app               I  content-security-policy: default-src 'self'; script-src 'self' 'unsafe-inline' 'unsafe-eval' https://replit.com; style-src 'self' 'unsafe-inline' https://replit.com; img-src 'self' data: https:; font-src 'self' data: https://replit.com; connect-src 'self';
2025-12-08 07:17:56.866  8368-8491  okhttp.OkHttpClient     com.cdccreditsmart.app               I  content-type: application/json; charset=utf-8
2025-12-08 07:17:56.866  8368-8491  okhttp.OkHttpClient     com.cdccreditsmart.app               I  date: Mon, 08 Dec 2025 10:17:57 GMT
2025-12-08 07:17:56.866  8368-8491  okhttp.OkHttpClient     com.cdccreditsmart.app               I  etag: W/"3b-9gCHwmPb8p6jYm5WExczQnIIdAU"
2025-12-08 07:17:56.866  8368-8491  okhttp.OkHttpClient     com.cdccreditsmart.app               I  permissions-policy: geolocation=(), microphone=(), camera=()
2025-12-08 07:17:56.866  8368-8491  okhttp.OkHttpClient     com.cdccreditsmart.app               I  referrer-policy: strict-origin-when-cross-origin
2025-12-08 07:17:56.866  8368-8491  okhttp.OkHttpClient     com.cdccreditsmart.app               I  strict-transport-security: max-age=63072000; includeSubDomains
2025-12-08 07:17:56.866  8368-8491  okhttp.OkHttpClient     com.cdccreditsmart.app               I  strict-transport-security: max-age=31536000; includeSubDomains
2025-12-08 07:17:56.866  8368-8491  okhttp.OkHttpClient     com.cdccreditsmart.app               I  x-anti-fraud-protection: active
2025-12-08 07:17:56.866  8368-8491  okhttp.OkHttpClient     com.cdccreditsmart.app               I  x-certificate-pinning-enabled: false
2025-12-08 07:17:56.866  8368-8491  okhttp.OkHttpClient     com.cdccreditsmart.app               I  x-certificate-pinning-status: disabled-for-stability
2025-12-08 07:17:56.866  8368-8491  okhttp.OkHttpClient     com.cdccreditsmart.app               I  x-content-type-options: nosniff
2025-12-08 07:17:56.866  8368-8491  okhttp.OkHttpClient     com.cdccreditsmart.app               I  x-financial-data-protection: enabled
2025-12-08 07:17:56.866  8368-8491  okhttp.OkHttpClient     com.cdccreditsmart.app               I  x-frame-options: DENY
2025-12-08 07:17:56.866  8368-8491  okhttp.OkHttpClient     com.cdccreditsmart.app               I  x-transaction-security-level: maximum
2025-12-08 07:17:56.866  8368-8491  okhttp.OkHttpClient     com.cdccreditsmart.app               I  x-xss-protection: 1; mode=block
2025-12-08 07:17:56.866  8368-8491  okhttp.OkHttpClient     com.cdccreditsmart.app               I  via: 1.1 google
2025-12-08 07:17:56.866  8368-8491  okhttp.OkHttpClient     com.cdccreditsmart.app               I  alt-svc: h3=":443"; ma=2592000,h3-29=":443"; ma=2592000
2025-12-08 07:17:56.867  8368-8491  okhttp.OkHttpClient     com.cdccreditsmart.app               I  {"success":true,"message":"Resposta do comando registrada"}
2025-12-08 07:17:56.867  8368-8491  okhttp.OkHttpClient     com.cdccreditsmart.app               I  <-- END HTTP (59-byte body)
2025-12-08 07:17:56.868  8368-8408  MdmCommandReceiver      com.cdccreditsmart.app               I  âœ… ACK enviado via fallback para comando 1c151748-3964-44e3-8db0-fd940245b4cc
2025-12-08 07:17:56.868  8368-8408  MdmCommandReceiver      com.cdccreditsmart.app               I  ðŸš¨ UNINSTALL_APP - Iniciando auto-destruiÃ§Ã£o
2025-12-08 07:17:56.868  8368-8408  MdmCommandReceiver      com.cdccreditsmart.app               I      Motivo: Admin requested uninstall
2025-12-08 07:17:56.868  8368-8408  MdmCommandReceiver      com.cdccreditsmart.app               I      Wipe data: true
2025-12-08 07:17:56.868  8368-8408  MdmCommandReceiver      com.cdccreditsmart.app               I      Confirmation code: ausente
2025-12-08 07:17:56.872  8368-8408  SelfDestructManager     com.cdccreditsmart.app               I  ========================================
2025-12-08 07:17:56.872  8368-8408  SelfDestructManager     com.cdccreditsmart.app               I  ðŸš¨ INICIANDO SEQUÃŠNCIA DE AUTO-DESTRUIÃ‡ÃƒO
2025-12-08 07:17:56.872  8368-8408  SelfDestructManager     com.cdccreditsmart.app               I  ========================================
2025-12-08 07:17:56.872  8368-8408  SelfDestructManager     com.cdccreditsmart.app               I  ðŸ“‹ Motivo: Admin requested uninstall
2025-12-08 07:17:56.872  8368-8408  SelfDestructManager     com.cdccreditsmart.app               I  ðŸ“‹ Wipe data: true
2025-12-08 07:17:56.872  8368-8408  SelfDestructManager     com.cdccreditsmart.app               I  ðŸ“‹ Confirmation code: ausente
2025-12-08 07:17:56.872  8368-8408  SelfDestructManager     com.cdccreditsmart.app               I  ðŸ‘‘ NÃ­vel de privilÃ©gio: DEVICE_ADMIN
2025-12-08 07:17:56.872  8368-8408  SelfDestructManager     com.cdccreditsmart.app               I  â¸ï¸ Pausando proteÃ§Ã£o do SettingsGuard...
2025-12-08 07:17:56.872  8368-8408  SettingsGuardService    com.cdccreditsmart.app               I  ðŸ—‘ï¸ Guard PAUSADO para desinstalaÃ§Ã£o voluntÃ¡ria
2025-12-08 07:17:56.872  8368-8408  SettingsGuardService    com.cdccreditsmart.app               I     ProteÃ§Ã£o desativada - usuÃ¡rio pode desinstalar
2025-12-08 07:17:56.872  8368-8408  SettingsGuardService    com.cdccreditsmart.app               I     Timeout: 120s para auto-recuperaÃ§Ã£o
2025-12-08 07:17:56.873  8368-8408  SelfDestructManager     com.cdccreditsmart.app               I  âœ… ProteÃ§Ã£o pausada - desinstalaÃ§Ã£o autorizada
2025-12-08 07:17:56.873  8368-8408  SelfDestructManager     com.cdccreditsmart.app               I  ðŸ” [1/11] Verificando autorizaÃ§Ã£o...
2025-12-08 07:17:56.873  8368-8408  SelfDestructManager     com.cdccreditsmart.app               I  âœ… [1/11] DesinstalaÃ§Ã£o autorizada pelo admin (validada no servidor)
2025-12-08 07:17:56.873  8368-8408  SelfDestructManager     com.cdccreditsmart.app               I  ðŸ“ [2/11] Registrando inÃ­cio da auto-destruiÃ§Ã£o...
2025-12-08 07:17:56.873  8368-8408  SelfDestructManager     com.cdccreditsmart.app               I  ðŸ“ AUDIT LOG: Self-destruct initiated
2025-12-08 07:17:56.873  8368-8408  SelfDestructManager     com.cdccreditsmart.app               I     Reason: Admin requested uninstall
2025-12-08 07:17:56.873  8368-8408  SelfDestructManager     com.cdccreditsmart.app               I     Timestamp: 1765189076873
2025-12-08 07:17:56.873  8368-8408  SelfDestructManager     com.cdccreditsmart.app               I     Package: com.cdccreditsmart.app
2025-12-08 07:17:56.873  8368-8408  SelfDestructManager     com.cdccreditsmart.app               I     Device: Google sdk_gphone64_x86_64
2025-12-08 07:17:56.873  8368-8408  SelfDestructManager     com.cdccreditsmart.app               I  âœ… [2/11] Log inicial registrado
2025-12-08 07:17:56.873  8368-8408  SelfDestructManager     com.cdccreditsmart.app               I  â¹ï¸ [3/11] Parando serviÃ§os de background...
2025-12-08 07:17:56.873  8368-8408  SelfDestructManager     com.cdccreditsmart.app               I  â¹ï¸ Parando serviÃ§os de background...
2025-12-08 07:17:56.874  8368-8408  SelfDestructManager     com.cdccreditsmart.app               I     âœ… CdcForegroundService parado
2025-12-08 07:17:56.875  8368-8408  SelfDestructManager     com.cdccreditsmart.app               I     â„¹ï¸ SettingsGuardService nÃ£o estava rodando
2025-12-08 07:17:56.875  8368-8368  CdcForegroundService    com.cdccreditsmart.app               W  âš ï¸ ServiÃ§o onDestroy() - limpando recursos e reiniciando automaticamente...
2025-12-08 07:17:56.875  8368-8368  CdcForegroundService    com.cdccreditsmart.app               I  ðŸ§¹ Iniciando cleanup seguro de todos os componentes...
2025-12-08 07:17:56.875  8368-8368  CdcForegroundService    com.cdccreditsmart.app               D  âœ… ScreenStateReceiver listener removido
2025-12-08 07:17:56.875  8368-8408  SelfDestructManager     com.cdccreditsmart.app               I     âœ… WorkManager jobs cancelados e limpos
2025-12-08 07:17:56.875  8368-8368  CdcForegroundService    com.cdccreditsmart.app               D  âœ… ScreenStateReceiver desregistrado
2025-12-08 07:17:56.875  8368-8368  HeartbeatWorker         com.cdccreditsmart.app               I  ðŸ›‘ Heartbeat cancelado
2025-12-08 07:17:56.876  8368-8368  CdcForegroundService    com.cdccreditsmart.app               D  âœ… HeartbeatWorker cancelado
2025-12-08 07:17:56.876  8368-8368  HeartbeatManager        com.cdccreditsmart.app               I  ðŸ›‘ Parando HeartbeatManager...
2025-12-08 07:17:56.876  8368-8368  HeartbeatManager        com.cdccreditsmart.app               I  âœ… HeartbeatManager parado
2025-12-08 07:17:56.876  8368-8368  CdcForegroundService    com.cdccreditsmart.app               D  âœ… HeartbeatManager parado
2025-12-08 07:17:56.876  8368-8368  MdmCommandReceiver      com.cdccreditsmart.app               I  ðŸ”Œ Desconectando MDM Command Receiver...
2025-12-08 07:17:56.876  8368-8408  SelfDestructManager     com.cdccreditsmart.app               I     âœ… 0 AlarmManager alarms cancelados
2025-12-08 07:17:56.876  8368-8408  SelfDestructManager     com.cdccreditsmart.app               I  â¹ï¸ ServiÃ§os de background: 2 parados, 0 falhas
2025-12-08 07:17:56.876  8368-8408  SelfDestructManager     com.cdccreditsmart.app               I  âœ… [3/11] ServiÃ§os de background parados
2025-12-08 07:17:56.876  8368-8408  SelfDestructManager     com.cdccreditsmart.app               I  ðŸ”“ [4/11] Removendo proteÃ§Ãµes avanÃ§adas...
2025-12-08 07:17:56.876  8368-8368  MdmCommandReceiver      com.cdccreditsmart.app               I  ðŸ”Œ MDM Command Receiver desconectado
2025-12-08 07:17:56.876  8368-8368  CdcForegroundService    com.cdccreditsmart.app               D  âœ… MDM Receiver desconectado
2025-12-08 07:17:56.876  8368-8368  WebSocketManager        com.cdccreditsmart.app               D  Disconnecting WebSocket
2025-12-08 07:17:56.876  8368-8368  CdcForegroundService    com.cdccreditsmart.app               D  âœ… WebSocket desconectado
2025-12-08 07:17:56.877  8368-8368  CdcForegroundService    com.cdccreditsmart.app               D  âœ… BlockedAppInterceptor destruÃ­do
2025-12-08 07:17:56.877  8368-8408  EnhancedProtections     com.cdccreditsmart.app               I  
2025-12-08 07:17:56.878  8368-8408  EnhancedProtections     com.cdccreditsmart.app               I  â•”â•â•â•â•â•â•â•â•â•â•â•â•â•â•â•â•â•â•â•â•â•â•â•â•â•â•â•â•â•â•â•â•â•â•â•â•â•â•â•â•â•â•â•â•â•â•â•â•â•â•â•â•â•â•â•â•â•â•â•â•â•â•â•â•â•—
2025-12-08 07:17:56.878  8368-8408  EnhancedProtections     com.cdccreditsmart.app               I  â•‘  ðŸš€ APLICANDO PROTEÃ‡Ã•ES AVANÃ‡ADAS CREDIT SMART                 â•‘
2025-12-08 07:17:56.879  8368-8408  EnhancedProtections     com.cdccreditsmart.app               I  â•šâ•â•â•â•â•â•â•â•â•â•â•â•â•â•â•â•â•â•â•â•â•â•â•â•â•â•â•â•â•â•â•â•â•â•â•â•â•â•â•â•â•â•â•â•â•â•â•â•â•â•â•â•â•â•â•â•â•â•â•â•â•â•â•â•â•
2025-12-08 07:17:56.879  8368-8408  EnhancedProtections     com.cdccreditsmart.app               I  
2025-12-08 07:17:56.879  8368-8408  EnhancedProtections     com.cdccreditsmart.app               E  âŒ App nÃ£o Ã© Device Owner - proteÃ§Ãµes nÃ£o podem ser aplicadas
2025-12-08 07:17:56.881  8368-8408  SelfDestructManager     com.cdccreditsmart.app               W  âš ï¸ [4/11] RemoÃ§Ã£o parcial de proteÃ§Ãµes avanÃ§adas: App nÃ£o Ã© Device Owner - proteÃ§Ãµes nÃ£o podem ser aplicadas
2025-12-08 07:17:56.881  8368-8368  SettingsGuardService    com.cdccreditsmart.app               I  ðŸ›‘ SettingsGuard PARADO
2025-12-08 07:17:56.882  8368-8368  CdcForegroundService    com.cdccreditsmart.app               D  âœ… SettingsGuard parado
2025-12-08 07:17:56.882  8368-8408  SelfDestructManager     com.cdccreditsmart.app               I  ðŸ”“ [5/11] Removendo proteÃ§Ãµes do AppProtectionManager...
2025-12-08 07:17:56.882  8368-8408  AppProtectionManager    com.cdccreditsmart.app               I  
2025-12-08 07:17:56.883  8368-8408  AppProtectionManager    com.cdccreditsmart.app               I  â•”â•â•â•â•â•â•â•â•â•â•â•â•â•â•â•â•â•â•â•â•â•â•â•â•â•â•â•â•â•â•â•â•â•â•â•â•â•â•â•â•â•â•â•â•â•â•â•â•â•â•â•â•â•â•â•â•â•â•â•â•â•â•â•â•â•—
2025-12-08 07:17:56.883  8368-8408  AppProtectionManager    com.cdccreditsmart.app               I  â•‘                                                                â•‘
2025-12-08 07:17:56.883  8368-8408  AppProtectionManager    com.cdccreditsmart.app               I  â•‘   ðŸ”“ REMOVENDO TODAS AS PROTEÃ‡Ã•ES PARA AUTO-DESINSTALAÃ‡ÃƒO     â•‘
2025-12-08 07:17:56.883  8368-8408  AppProtectionManager    com.cdccreditsmart.app               I  â•‘                                                                â•‘
2025-12-08 07:17:56.883  8368-8408  AppProtectionManager    com.cdccreditsmart.app               I  â•šâ•â•â•â•â•â•â•â•â•â•â•â•â•â•â•â•â•â•â•â•â•â•â•â•â•â•â•â•â•â•â•â•â•â•â•â•â•â•â•â•â•â•â•â•â•â•â•â•â•â•â•â•â•â•â•â•â•â•â•â•â•â•â•â•â•
2025-12-08 07:17:56.883  8368-8408  AppProtectionManager    com.cdccreditsmart.app               I  
2025-12-08 07:17:56.885  8368-8368  CdcForegroundService    com.cdccreditsmart.app               D  ðŸ”‹ WakeLock liberado
2025-12-08 07:17:56.886  8368-8408  AppProtectionManager    com.cdccreditsmart.app               W  âš ï¸ App nÃ£o Ã© Device Owner - proteÃ§Ãµes nÃ£o podem ser removidas
2025-12-08 07:17:56.886  8368-8368  CdcForegroundService    com.cdccreditsmart.app               D  âœ… WakeLock liberado
2025-12-08 07:17:56.886  8368-8368  CdcForegroundService    com.cdccreditsmart.app               D  âœ… CoroutineScope cancelado
2025-12-08 07:17:56.887  8368-8408  SelfDestructManager     com.cdccreditsmart.app               I  â„¹ï¸ [5/11] App nÃ£o Ã© Device Owner - proteÃ§Ãµes DPM nÃ£o aplicadas, continuando...
2025-12-08 07:17:56.887  8368-8408  SelfDestructManager     com.cdccreditsmart.app               I  ðŸ”“ [6/11] Removendo bloqueio de desinstalaÃ§Ã£o...
2025-12-08 07:17:56.888  8368-8368  CdcForegroundService    com.cdccreditsmart.app               D  âœ… Foreground notification removida
2025-12-08 07:17:56.888  8368-8368  CdcForegroundService    com.cdccreditsmart.app               I  âœ… Cleanup completo finalizado com sucesso
2025-12-08 07:17:56.889  8368-8408  SelfDestructManager     com.cdccreditsmart.app               W  âš ï¸ App nÃ£o Ã© Device Owner - bloqueio nÃ£o pode ser removido
2025-12-08 07:17:56.890  8368-8408  SelfDestructManager     com.cdccreditsmart.app               I  â„¹ï¸ [6/11] NÃ£o Ã© Device Owner - bloqueio DPM nÃ£o aplicado
2025-12-08 07:17:56.890  8368-8408  SelfDestructManager     com.cdccreditsmart.app               I  ðŸ‘‘ [7/11] Removendo privilÃ©gios de Device Owner/Admin...
2025-12-08 07:17:56.891  8368-8368  CdcForegroundService    com.cdccreditsmart.app               I  âœ… Restart agendado via AlarmManager (1 segundo)
2025-12-08 07:17:56.891  8368-8408  SelfDestructManager     com.cdccreditsmart.app               I  â­ï¸ [7/11] NÃ£o Ã© Device Owner - pulando para remoÃ§Ã£o de Device Admin
2025-12-08 07:17:56.891  8368-8408  SelfDestructManager     com.cdccreditsmart.app               I  ðŸ”“ [8/11] Verificando e removendo Device Admin...
2025-12-08 07:17:56.893  8368-8408  SelfDestructManager     com.cdccreditsmart.app               I  ðŸ”“ App ainda Ã© Device Admin - removendo...
2025-12-08 07:17:56.903  8368-8408  SelfDestructManager     com.cdccreditsmart.app               I  âœ… removeActiveAdmin() chamado - aguardando processamento...
2025-12-08 07:17:56.903  8368-8408  SelfDestructManager     com.cdccreditsmart.app               E  âŒ Erro ao remover Device Admin: StandaloneCoroutine was cancelled
                                                                                                    kotlinx.coroutines.JobCancellationException: StandaloneCoroutine was cancelled; job=StandaloneCoroutine{Cancelling}@fcf7eb3
2025-12-08 07:17:56.904  8368-8368  CDCDeviceAdminReceiver  com.cdccreditsmart.app               W  âŒ ==================== DEVICE ADMIN DISABLED ====================
2025-12-08 07:17:56.904  8368-8368  CDCDeviceAdminReceiver  com.cdccreditsmart.app               W  âŒ Device Admin has been disabled
2025-12-08 07:17:56.904  8368-8368  CDCDeviceAdminReceiver  com.cdccreditsmart.app               W  â° Timestamp: 1765189076904
2025-12-08 07:17:56.904  8368-8368  CDCDeviceAdminReceiver  com.cdccreditsmart.app               W  âš ï¸ This should not happen during normal provisioning!
2025-12-08 07:17:56.904  8368-8368  CDCDeviceAdminReceiver  com.cdccreditsmart.app               W  âŒ =================================================================
2025-12-08 07:17:56.904  8368-8408  SelfDestructManager     com.cdccreditsmart.app               E  âŒ [8/11] ERRO CRÃTICO - Falha ao remover Device Admin
2025-12-08 07:17:56.904  8368-8408  SelfDestructManager     com.cdccreditsmart.app               E  âŒ Erro ao remover Device Admin: StandaloneCoroutine was cancelled
2025-12-08 07:17:56.904  8368-8408  SelfDestructManager     com.cdccreditsmart.app               E  âŒ Auto-destruiÃ§Ã£o ABORTADA - desinstalaÃ§Ã£o falharÃ¡
2025-12-08 07:17:56.904  8368-8408  SelfDestructManager     com.cdccreditsmart.app               I  ðŸ“Š Enviando telemetria de FALHA ao backend...
2025-12-08 07:17:56.935  8368-8408  SecureTokenStorage      com.cdccreditsmart.app               D  EncryptedSharedPreferences initialized successfully
2025-12-08 07:17:56.935  8368-8408  ContractCodeStorage     com.cdccreditsmart.app               D  Retrieving contract code from storage
2025-12-08 07:17:57.039  8368-8408  ContractCodeStorage     com.cdccreditsmart.app               D  Storage verification: 7 valid, 0 tampered, 0 missing
2025-12-08 07:17:57.039  8368-8408  ContractCodeStorage     com.cdccreditsmart.app               D  Contract code retrieved successfully
2025-12-08 07:17:57.041  8368-8408  SelfDestructManager     com.cdccreditsmart.app               E  âŒ Erro ao enviar telemetria de falha
                                                                                                    kotlinx.coroutines.JobCancellationException: StandaloneCoroutine was cancelled; job=StandaloneCoroutine{Cancelling}@fcf7eb3
2025-12-08 07:17:57.041  8368-8408  SettingsGuardService    com.cdccreditsmart.app               I  â–¶ï¸ Guard RETOMADO apÃ³s desinstalaÃ§Ã£o cancelada
2025-12-08 07:17:57.041  8368-8408  SelfDestructManager     com.cdccreditsmart.app               I  â–¶ï¸ ProteÃ§Ã£o retomada apÃ³s erro
2025-12-08 07:17:57.042  8368-8408  MdmCommandReceiver      com.cdccreditsmart.app               E  âŒ Erro na auto-destruiÃ§Ã£o: Failed to remove Device Admin: Erro ao remover Device Admin: StandaloneCoroutine was cancelled
2025-12-08 07:17:57.042  8368-8408  MdmCommandReceiver      com.cdccreditsmart.app               D  ðŸ“¡ Enviando response para comando: 1c151748-3964-44e3-8db0-fd940245b4cc
2025-12-08 07:17:57.042  8368-8408  MdmCommandReceiver      com.cdccreditsmart.app               D  ðŸ“¡ Status: failed
2025-12-08 07:17:57.042  8368-8408  MdmCommandReceiver      com.cdccreditsmart.app               D  ðŸ“¡ Tentando via NOVO endpoint: POST /api/apk/commands/1c151748-3964-44e3-8db0-fd940245b4cc/ack
2025-12-08 07:17:57.046  8368-8491  okhttp.OkHttpClient     com.cdccreditsmart.app               I  --> POST https://cdccreditsmart.com/api/apk/commands/1c151748-3964-44e3-8db0-fd940245b4cc/ack
2025-12-08 07:17:57.046  8368-8491  okhttp.OkHttpClient     com.cdccreditsmart.app               I  Content-Type: application/json; charset=UTF-8
2025-12-08 07:17:57.046  8368-8506  MdmCommandReceiver      com.cdccreditsmart.app               W  âš ï¸ NOVO endpoint falhou (StandaloneCoroutine was cancelled), tentando fallback...
2025-12-08 07:17:57.046  8368-8491  okhttp.OkHttpClient     com.cdccreditsmart.app               I  Content-Length: 131
2025-12-08 07:17:57.046  8368-8491  okhttp.OkHttpClient     com.cdccreditsmart.app               I  Authorization: Bearer eyJhbGciOiJIUzI1NiIsInR5cCI6IkpXVCJ9.eyJkZXZpY2VJZCI6ImRldmljZV8xNzY1MTQ4NzcxNDYyXzR0ZXd3NDJwMTE0IiwiYXBrVG9rZW4iOiJYVjhXNTc2NiIsInR5cGUiOiJhcGsiLCJleHBpcmVzSW4iOiIyNGgiLCJpYXQiOjE3NjUxODg5ODMsImV4cCI6MTc2NTI3NTM4M30.muLfUOtUV3uQb4dj2-L5ojkEN6Jt4v2gQtGjUtDe1-Y
2025-12-08 07:17:57.047  8368-8491  okhttp.OkHttpClient     com.cdccreditsmart.app               I  {"status":"failed","errorMessage":"Failed to remove Device Admin: Erro ao remover Device Admin: StandaloneCoroutine was cancelled"}
2025-12-08 07:17:57.047  8368-8491  okhttp.OkHttpClient     com.cdccreditsmart.app               I  --> END POST (131-byte body)
2025-12-08 07:17:57.047  8368-8506  SecureTokenStorage      com.cdccreditsmart.app               D  âš ï¸ Usando Serial Number para MDM (IMEI indisponÃ­vel): XV8W57...
2025-12-08 07:17:57.049  8368-8506  MdmCommandReceiver      com.cdccreditsmart.app               D  ðŸ“¡ Fallback: Usando endpoint legado: POST /api/apk/device/XV8W5766/command-response
2025-12-08 07:17:57.051  8368-8438  okhttp.OkHttpClient     com.cdccreditsmart.app               I  --> POST https://cdccreditsmart.com/api/apk/device/XV8W5766/command-response
2025-12-08 07:17:57.051  8368-8506  MdmCommandReceiver      com.cdccreditsmart.app               E  âŒ Erro ao enviar command response: StandaloneCoroutine was cancelled
2025-12-08 07:17:57.051  8368-8438  okhttp.OkHttpClient     com.cdccreditsmart.app               I  Content-Type: application/json; charset=UTF-8
2025-12-08 07:17:57.051  8368-8438  okhttp.OkHttpClient     com.cdccreditsmart.app               I  Content-Length: 182
2025-12-08 07:17:57.051  8368-8506  MdmCommandReceiver      com.cdccreditsmart.app               I  ðŸ›‘ Polling encerrado apÃ³s 4 iteraÃ§Ãµes
2025-12-08 07:17:57.051  8368-8438  okhttp.OkHttpClient     com.cdccreditsmart.app               I  {"commandId":"1c151748-3964-44e3-8db0-fd940245b4cc","status":"failed","errorMessage":"Failed to remove Device Admin: Erro ao remover Device Admin: StandaloneCoroutine was cancelled"}
2025-12-08 07:17:57.051  8368-8438  okhttp.OkHttpClient     com.cdccreditsmart.app               I  --> END POST (182-byte body)
2025-12-08 07:17:57.075  8368-8438  SecureTokenStorage      com.cdccreditsmart.app               D  EncryptedSharedPreferences initialized successfully
2025-12-08 07:17:57.076  8368-8438  okhttp.OkHttpClient     com.cdccreditsmart.app               I  <-- HTTP FAILED: java.io.IOException: Canceled
2025-12-08 07:17:57.079  8368-8452  WebSocketManager        com.cdccreditsmart.app               E  WebSocket failure: null (Ask Gemini)
                                                                                                    java.io.EOFException
                                                                                                    	at okio.RealBufferedSource.require(RealBufferedSource.kt:202)
                                                                                                    	at okio.RealBufferedSource.readByte(RealBufferedSource.kt:212)
                                                                                                    	at okhttp3.internal.ws.WebSocketReader.readHeader(WebSocketReader.kt:119)
                                                                                                    	at okhttp3.internal.ws.WebSocketReader.processNextFrame(WebSocketReader.kt:102)
                                                                                                    	at okhttp3.internal.ws.RealWebSocket.loopReader(RealWebSocket.kt:293)
                                                                                                    	at okhttp3.internal.ws.RealWebSocket$connect$1.onResponse(RealWebSocket.kt:195)
                                                                                                    	at okhttp3.internal.connection.RealCall$AsyncCall.run(RealCall.kt:519)
                                                                                                    	at java.util.concurrent.ThreadPoolExecutor.runWorker(ThreadPoolExecutor.java:1156)
                                                                                                    	at java.util.concurrent.ThreadPoolExecutor$Worker.run(ThreadPoolExecutor.java:651)
                                                                                                    	at java.lang.Thread.run(Thread.java:1119)
2025-12-08 07:17:57.079  8368-8452  CdcForegroundService    com.cdccreditsmart.app               E  âŒ Erro no WebSocket Flow: Connection failed: null
2025-12-08 07:17:57.084  8368-8451  MdmCommandReceiver      com.cdccreditsmart.app               E  âŒ ========================================
2025-12-08 07:17:57.084  8368-8451  MdmCommandReceiver      com.cdccreditsmart.app               E  âŒ WEBSOCKET MDM FALHOU!
2025-12-08 07:17:57.084  8368-8451  MdmCommandReceiver      com.cdccreditsmart.app               E  âŒ ========================================
2025-12-08 07:17:57.084  8368-8451  MdmCommandReceiver      com.cdccreditsmart.app               E  âŒ ReconexÃµes anteriores: 0
2025-12-08 07:17:57.084  8368-8451  MdmCommandReceiver      com.cdccreditsmart.app               E  âŒ Tipo de erro: EOFException
2025-12-08 07:17:57.084  8368-8451  MdmCommandReceiver      com.cdccreditsmart.app               E  âŒ Mensagem: null
2025-12-08 07:17:57.084  8368-8451  MdmCommandReceiver      com.cdccreditsmart.app               E  âŒ Response code: null
2025-12-08 07:17:57.084  8368-8451  MdmCommandReceiver      com.cdccreditsmart.app               E  âŒ Response message: null
2025-12-08 07:17:57.084  8368-8451  MdmCommandReceiver      com.cdccreditsmart.app               E  âŒ ========================================
2025-12-08 07:17:57.085  8368-8506  MdmCommandReceiver      com.cdccreditsmart.app               I  ðŸ”„ ========================================
2025-12-08 07:17:57.086  8368-8506  MdmCommandReceiver      com.cdccreditsmart.app               I  ðŸ”„ AGENDANDO RECONEXÃƒO WEBSOCKET MDM
2025-12-08 07:17:57.086  8368-8506  MdmCommandReceiver      com.cdccreditsmart.app               I  ðŸ”„ ========================================
2025-12-08 07:17:57.086  8368-8506  MdmCommandReceiver      com.cdccreditsmart.app               I  ðŸ”„ Tentativa #1
2025-12-08 07:17:57.086  8368-8506  MdmCommandReceiver      com.cdccreditsmart.app               I  ðŸ”„ Delay: 2s (backoff exponencial)
2025-12-08 07:17:57.086  8368-8506  MdmCommandReceiver      com.cdccreditsmart.app               I  ðŸ”„ MÃ¡ximo delay: 120s
2025-12-08 07:17:57.086  8368-8506  MdmCommandReceiver      com.cdccreditsmart.app               I  ðŸ”„ ========================================
2025-12-08 07:17:57.086  8368-8408  MdmCommandReceiver      com.cdccreditsmart.app               I  ðŸ”„ ========================================
2025-12-08 07:17:57.087  8368-8408  MdmCommandReceiver      com.cdccreditsmart.app               I  ðŸ”„ INICIANDO POLLING FALLBACK MDM
2025-12-08 07:17:57.087  8368-8408  MdmCommandReceiver      com.cdccreditsmart.app               I  ðŸ”„ ========================================
2025-12-08 07:17:57.087  8368-8408  MdmCommandReceiver      com.cdccreditsmart.app               I  ðŸ”„ Intervalo: 30 segundos
2025-12-08 07:17:57.087  8368-8408  MdmCommandReceiver      com.cdccreditsmart.app               I  ðŸ”„ Endpoint: GET /api/apk/device/{identifier}/commands
2025-12-08 07:17:57.087  8368-8408  MdmCommandReceiver      com.cdccreditsmart.app               I  ðŸ”„ Executando verificaÃ§Ã£o IMEDIATA de comandos...
2025-12-08 07:17:57.087  8368-8491  SecureTokenStorage      com.cdccreditsmart.app               D  EncryptedSharedPreferences initialized successfully
2025-12-08 07:17:57.088  8368-8408  SecureTokenStorage      com.cdccreditsmart.app               D  âš ï¸ Usando Serial Number para MDM (IMEI indisponÃ­vel): XV8W57...
2025-12-08 07:17:57.088  8368-8408  MdmCommandReceiver      com.cdccreditsmart.app               I  ðŸ” ========================================
2025-12-08 07:17:57.088  8368-8408  MdmCommandReceiver      com.cdccreditsmart.app               I  ðŸ” BUSCANDO COMANDOS PENDENTES
2025-12-08 07:17:57.088  8368-8408  MdmCommandReceiver      com.cdccreditsmart.app               I  ðŸ” ========================================
2025-12-08 07:17:57.088  8368-8408  MdmCommandReceiver      com.cdccreditsmart.app               I  ðŸ” Identifier: XV8W5766
2025-12-08 07:17:57.088  8368-8408  MdmCommandReceiver      com.cdccreditsmart.app               I  ðŸ” Endpoint: GET /api/apk/device/XV8W5766/commands
2025-12-08 07:17:57.088  8368-8408  MdmCommandReceiver      com.cdccreditsmart.app               D  ðŸ” Executando requisiÃ§Ã£o HTTP (timeout: 15s)...
2025-12-08 07:17:57.088  8368-8491  okhttp.OkHttpClient     com.cdccreditsmart.app               I  <-- HTTP FAILED: java.io.IOException: Canceled
2025-12-08 07:17:57.090  8368-8491  okhttp.OkHttpClient     com.cdccreditsmart.app               I  --> GET https://cdccreditsmart.com/api/apk/device/XV8W5766/commands
2025-12-08 07:17:57.090  8368-8491  okhttp.OkHttpClient     com.cdccreditsmart.app               I  --> END GET
2025-12-08 07:17:57.106  8368-8491  SecureTokenStorage      com.cdccreditsmart.app               D  EncryptedSharedPreferences initialized successfully
2025-12-08 07:17:57.476  8368-8491  okhttp.OkHttpClient     com.cdccreditsmart.app               I  <-- 200 https://cdccreditsmart.com/api/apk/device/XV8W5766/commands (385ms)
2025-12-08 07:17:57.476  8368-8491  okhttp.OkHttpClient     com.cdccreditsmart.app               I  access-control-allow-credentials: true
2025-12-08 07:17:57.476  8368-8491  okhttp.OkHttpClient     com.cdccreditsmart.app               I  access-control-allow-headers: Origin, X-Requested-With, Content-Type, Accept, Authorization, x-client-key, x-client-token, x-client-secret, cache-control
2025-12-08 07:17:57.476  8368-8491  okhttp.OkHttpClient     com.cdccreditsmart.app               I  access-control-allow-methods: GET, POST, PUT, PATCH, DELETE, OPTIONS
2025-12-08 07:17:57.476  8368-8491  okhttp.OkHttpClient     com.cdccreditsmart.app               I  access-control-allow-origin: *
2025-12-08 07:17:57.476  8368-8491  okhttp.OkHttpClient     com.cdccreditsmart.app               I  access-control-max-age: 86400
2025-12-08 07:17:57.476  8368-8491  okhttp.OkHttpClient     com.cdccreditsmart.app               I  content-length: 105
2025-12-08 07:17:57.476  8368-8491  okhttp.OkHttpClient     com.cdccreditsmart.app               I  content-security-policy: default-src 'self'; script-src 'self' 'unsafe-inline' 'unsafe-eval' https://replit.com; style-src 'self' 'unsafe-inline' https://replit.com; img-src 'self' data: https:; font-src 'self' data: https://replit.com; connect-src 'self';
2025-12-08 07:17:57.476  8368-8491  okhttp.OkHttpClient     com.cdccreditsmart.app               I  content-type: application/json; charset=utf-8
