---------------------------- PROCESS ENDED (7916) for package com.cdccreditsmart.app ----------------------------
2025-11-16 23:15:09.303 11285-11285 nativeloader            com.cdccreditsmart.app               D  Load libframework-connectivity-tiramisu-jni.so using APEX ns com_android_tethering for caller /apex/com.android.tethering/javalib/framework-connectivity-t.jar: ok
---------------------------- PROCESS STARTED (11285) for package com.cdccreditsmart.app ----------------------------
2025-11-16 23:15:09.644 11285-11285 nativeloader            com.cdccreditsmart.app               D  Configuring clns-9 for other apk /data/app/~~IvlZntQik3tcqb3D6ngSig==/com.cdccreditsmart.app-t3lgFkyw70L7oNi68VP0rw==/base.apk. target_sdk_version=35, uses_libraries=, library_path=/data/app/~~IvlZntQik3tcqb3D6ngSig==/com.cdccreditsmart.app-t3lgFkyw70L7oNi68VP0rw==/lib/x86_64:/data/app/~~IvlZntQik3tcqb3D6ngSig==/com.cdccreditsmart.app-t3lgFkyw70L7oNi68VP0rw==/base.apk!/lib/x86_64, permitted_path=/data:/mnt/expand:/data/user/0/com.cdccreditsmart.app
2025-11-16 23:15:09.649 11285-11285 CompatChangeReporter    com.cdccreditsmart.app               D  Compat change id reported: 202956589; UID 10218; state: ENABLED
2025-11-16 23:15:09.657 11285-11285 creditsmart.app         com.cdccreditsmart.app               I  AssetManager2(0x797d7b7eb118) locale list changing from [] to [en-US]
2025-11-16 23:15:09.675 11285-11285 GraphicsEnvironment     com.cdccreditsmart.app               V  Currently set values for:
2025-11-16 23:15:09.675 11285-11285 GraphicsEnvironment     com.cdccreditsmart.app               V    angle_gl_driver_selection_pkgs=[]
2025-11-16 23:15:09.675 11285-11285 GraphicsEnvironment     com.cdccreditsmart.app               V    angle_gl_driver_selection_values=[]
2025-11-16 23:15:09.675 11285-11285 GraphicsEnvironment     com.cdccreditsmart.app               V  com.cdccreditsmart.app is not listed in per-application setting
2025-11-16 23:15:09.675 11285-11285 GraphicsEnvironment     com.cdccreditsmart.app               V  ANGLE allowlist from config: com.dreamgames.royalmatch com.dts.freefiremax com.dxx.firenow com.gramgames.mergedragons com.ludo.king com.mojang.minecraftpe com.my.defense com.nintendo.zaka com.os.airforce com.playrix.fishdomdd.gplay io.teslatech.callbreak jp.konami.prospia net.peakgames.toonblast
2025-11-16 23:15:09.675 11285-11285 GraphicsEnvironment     com.cdccreditsmart.app               V  com.cdccreditsmart.app is not listed in ANGLE allowlist or settings, returning default
2025-11-16 23:15:09.675 11285-11285 GraphicsEnvironment     com.cdccreditsmart.app               V  Neither updatable production driver nor prerelease driver is supported.
2025-11-16 23:15:09.715 11285-11285 FirebaseApp             com.cdccreditsmart.app               I  Device unlocked: initializing all Firebase APIs for app [DEFAULT]
2025-11-16 23:15:09.735 11285-11285 FirebaseInitProvider    com.cdccreditsmart.app               I  FirebaseApp initialization successful
2025-11-16 23:15:09.742 11285-11303 creditsmart.app         com.cdccreditsmart.app               W  ClassLoaderContext classpath size mismatch. expected=1, found=0 (DLC[];PCL[base.apk*1593685324]{PCL[/system/framework/org.apache.http.legacy.jar*4247870504]#PCL[/system/framework/com.android.media.remotedisplay.jar*487574312]#PCL[/system/framework/com.android.location.provider.jar*1570284764]#PCL[/system_ext/framework/androidx.window.extensions.jar*1030441313]#PCL[/system_ext/framework/androidx.window.sidecar.jar*3860983653]} | DLC[];PCL[])
2025-11-16 23:15:09.748 11285-11285 WM-WrkMgrInitializer    com.cdccreditsmart.app               D  Initializing WorkManager with default configuration.
2025-11-16 23:15:09.750 11285-11303 DynamiteModule          com.cdccreditsmart.app               I  Considering local module com.google.android.gms.measurement.dynamite:127 and remote module com.google.android.gms.measurement.dynamite:166
2025-11-16 23:15:09.750 11285-11303 DynamiteModule          com.cdccreditsmart.app               I  Selected remote version of com.google.android.gms.measurement.dynamite, version >= 166
2025-11-16 23:15:09.750 11285-11303 DynamiteModule          com.cdccreditsmart.app               V  Dynamite loader version >= 2, using loadModule2NoCrashUtils
2025-11-16 23:15:09.768 11285-11303 System                  com.cdccreditsmart.app               W  ClassLoader referenced unknown path: 
2025-11-16 23:15:09.769 11285-11303 nativeloader            com.cdccreditsmart.app               D  Configuring clns-10 for other apk . target_sdk_version=36, uses_libraries=, library_path=/data/app/~~T4OgCzmjl78Nt-YdETJO-A==/com.google.android.gms-yEMfeANemhKClysghlcisg==/lib/x86_64:/data/app/~~T4OgCzmjl78Nt-YdETJO-A==/com.google.android.gms-yEMfeANemhKClysghlcisg==/base.apk!/lib/x86_64, permitted_path=/data:/mnt/expand:/data/user/0/com.google.android.gms
2025-11-16 23:15:09.784 11285-11303 creditsmart.app         com.cdccreditsmart.app               I  AssetManager2(0x797d7b7f1518) locale list changing from [] to [en-US]
2025-11-16 23:15:09.794 11285-11303 creditsmart.app         com.cdccreditsmart.app               W  ClassLoaderContext classpath element checksum mismatch. expected=1593685324, found=3849521692 (DLC[];PCL[base.apk*1593685324]{PCL[/system/framework/org.apache.http.legacy.jar*4247870504]#PCL[/system/framework/com.android.media.remotedisplay.jar*487574312]#PCL[/system/framework/com.android.location.provider.jar*1570284764]#PCL[/system_ext/framework/androidx.window.extensions.jar*1030441313]#PCL[/system_ext/framework/androidx.window.sidecar.jar*3860983653]} | DLC[];PCL[/data/app/~~IvlZntQik3tcqb3D6ngSig==/com.cdccreditsmart.app-t3lgFkyw70L7oNi68VP0rw==/base.apk*3849521692])
2025-11-16 23:15:09.795 11285-11285 WM-PackageManagerHelper com.cdccreditsmart.app               D  androidx.work.impl.background.systemjob.SystemJobService enabled
2025-11-16 23:15:09.795 11285-11285 WM-Schedulers           com.cdccreditsmart.app               D  Created SystemJobScheduler and enabled SystemJobService
2025-11-16 23:15:09.798 11285-11285 CompatChangeReporter    com.cdccreditsmart.app               D  Compat change id reported: 279646685; UID 10218; state: ENABLED
2025-11-16 23:15:09.804 11285-11285 CrashHandler            com.cdccreditsmart.app               I  âœ… Global crash handler instalado
2025-11-16 23:15:09.804 11285-11285 CDCApplication          com.cdccreditsmart.app               I  ðŸš€ CDC Credit Smart Application iniciando...
2025-11-16 23:15:09.804 11285-11285 CDCApplication          com.cdccreditsmart.app               I  ========================================
2025-11-16 23:15:09.804 11285-11285 CDCApplication          com.cdccreditsmart.app               I  ðŸ” Verificando status de Device Owner...
2025-11-16 23:15:09.804 11285-11314 CompatChangeReporter    com.cdccreditsmart.app               D  Compat change id reported: 312399441; UID 10218; state: ENABLED
2025-11-16 23:15:09.807 11285-11285 CompatChangeReporter    com.cdccreditsmart.app               D  Compat change id reported: 307233716; UID 10218; state: ENABLED
2025-11-16 23:15:09.809 11285-11285 CDCApplication          com.cdccreditsmart.app               I  Device Owner Status: âŒ NÃƒO
2025-11-16 23:15:09.809 11285-11285 CDCApplication          com.cdccreditsmart.app               I  Package Name: com.cdccreditsmart.app
2025-11-16 23:15:09.809 11285-11285 CDCApplication          com.cdccreditsmart.app               E  
2025-11-16 23:15:09.809 11285-11285 CDCApplication          com.cdccreditsmart.app               E  â•”â•â•â•â•â•â•â•â•â•â•â•â•â•â•â•â•â•â•â•â•â•â•â•â•â•â•â•â•â•â•â•â•â•â•â•â•â•â•â•â•â•â•â•â•â•â•â•â•â•â•â•â•â•â•â•â•â•—
2025-11-16 23:15:09.809 11285-11285 CDCApplication          com.cdccreditsmart.app               E  â•‘  âš ï¸  APP NÃƒO ESTÃ PROVISIONADO COMO DEVICE OWNER  âš ï¸   â•‘
2025-11-16 23:15:09.809 11285-11285 CDCApplication          com.cdccreditsmart.app               E  â• â•â•â•â•â•â•â•â•â•â•â•â•â•â•â•â•â•â•â•â•â•â•â•â•â•â•â•â•â•â•â•â•â•â•â•â•â•â•â•â•â•â•â•â•â•â•â•â•â•â•â•â•â•â•â•â•â•£
2025-11-16 23:15:09.809 11285-11285 CDCApplication          com.cdccreditsmart.app               E  â•‘  O app precisa ser provisionado como Device Owner      â•‘
2025-11-16 23:15:09.809 11285-11285 CDCApplication          com.cdccreditsmart.app               E  â•‘  ANTES de poder conceder permissÃµes automaticamente.   â•‘
2025-11-16 23:15:09.809 11285-11285 CDCApplication          com.cdccreditsmart.app               E  â•‘                                                        â•‘
2025-11-16 23:15:09.809 11285-11285 CDCApplication          com.cdccreditsmart.app               E  â•‘  Provisione o dispositivo usando um dos mÃ©todos:       â•‘
2025-11-16 23:15:09.809 11285-11285 CDCApplication          com.cdccreditsmart.app               E  â•‘  1. ADB: adb shell dpm set-device-owner ...           â•‘
2025-11-16 23:15:09.809 11285-11285 CDCApplication          com.cdccreditsmart.app               E  â•‘  2. QR Code durante setup inicial                      â•‘
2025-11-16 23:15:09.809 11285-11285 CDCApplication          com.cdccreditsmart.app               E  â•‘  3. NFC durante setup inicial                          â•‘
2025-11-16 23:15:09.809 11285-11285 CDCApplication          com.cdccreditsmart.app               E  â•‘  4. Samsung Knox Mobile Enrollment                     â•‘
2025-11-16 23:15:09.809 11285-11285 CDCApplication          com.cdccreditsmart.app               E  â•šâ•â•â•â•â•â•â•â•â•â•â•â•â•â•â•â•â•â•â•â•â•â•â•â•â•â•â•â•â•â•â•â•â•â•â•â•â•â•â•â•â•â•â•â•â•â•â•â•â•â•â•â•â•â•â•â•â•
2025-11-16 23:15:09.809 11285-11285 CDCApplication          com.cdccreditsmart.app               E  
2025-11-16 23:15:09.809 11285-11285 CDCApplication          com.cdccreditsmart.app               I  ========================================
2025-11-16 23:15:09.810 11285-11285 CDCApplication          com.cdccreditsmart.app               E  
2025-11-16 23:15:09.810 11285-11285 CDCApplication          com.cdccreditsmart.app               E  â•”â•â•â•â•â•â•â•â•â•â•â•â•â•â•â•â•â•â•â•â•â•â•â•â•â•â•â•â•â•â•â•â•â•â•â•â•â•â•â•â•â•â•â•â•â•â•â•â•â•â•â•â•â•â•â•â•â•â•â•â•â•—
2025-11-16 23:15:09.811 11285-11285 CDCApplication          com.cdccreditsmart.app               E  â•‘  âš ï¸  CRÃTICO: APP NÃƒO Ã‰ DEVICE OWNER!                     â•‘
2025-11-16 23:15:09.811 11285-11285 CDCApplication          com.cdccreditsmart.app               E  â•‘  PROTEÃ‡Ã•ES NÃƒO SERÃƒO APLICADAS!                            â•‘
2025-11-16 23:15:09.811 11285-11285 CDCApplication          com.cdccreditsmart.app               E  â•‘  Factory reset, desinstalaÃ§Ã£o, etc DESBLOQUEADOS          â•‘
2025-11-16 23:15:09.811 11285-11285 CDCApplication          com.cdccreditsmart.app               E  â•šâ•â•â•â•â•â•â•â•â•â•â•â•â•â•â•â•â•â•â•â•â•â•â•â•â•â•â•â•â•â•â•â•â•â•â•â•â•â•â•â•â•â•â•â•â•â•â•â•â•â•â•â•â•â•â•â•â•â•â•â•â•
2025-11-16 23:15:09.811 11285-11285 CDCApplication          com.cdccreditsmart.app               E  
2025-11-16 23:15:09.812 11285-11285 TamperDetection         com.cdccreditsmart.app               I  ========================================
2025-11-16 23:15:09.812 11285-11285 TamperDetection         com.cdccreditsmart.app               I  ðŸ” VERIFICANDO INTEGRIDADE DO DISPOSITIVO
2025-11-16 23:15:09.812 11285-11285 TamperDetection         com.cdccreditsmart.app               I  ========================================
2025-11-16 23:15:09.816 11285-11314 ashmem                  com.cdccreditsmart.app               E  Pinning is deprecated since Android Q. Please use trim or other methods.
2025-11-16 23:15:09.839 11285-11303 creditsmart.app         com.cdccreditsmart.app               I  AssetManager2(0x797d7b7f0258) locale list changing from [] to [en-US]
2025-11-16 23:15:09.840 11285-11303 creditsmart.app         com.cdccreditsmart.app               I  AssetManager2(0x797d7b7f2e18) locale list changing from [] to [en-US]
2025-11-16 23:15:09.913 11285-11324 creditsmart.app         com.cdccreditsmart.app               I  hiddenapi: Accessing hidden method Ldalvik/system/VMStack;->getStackClass2()Ljava/lang/Class; (runtime_flags=0, domain=core-platform, api=unsupported) from Lm7/aoy; (domain=app) using reflection: allowed
2025-11-16 23:15:09.927 11285-11324 PhClient                com.cdccreditsmart.app               I  Unable to retrieve flag snapshot for com.google.android.gms.measurement#com.cdccreditsmart.app, using defaults.
2025-11-16 23:15:09.931 11285-11322 creditsmart.app         com.cdccreditsmart.app               E  No package ID 6a found for resource ID 0x6a0b0013.
2025-11-16 23:15:09.932 11285-11322 FA                      com.cdccreditsmart.app               I  App measurement initialized, version: 144000
2025-11-16 23:15:09.932 11285-11322 FA                      com.cdccreditsmart.app               I  To enable debug logging run: adb shell setprop log.tag.FA VERBOSE
2025-11-16 23:15:09.933 11285-11322 FA                      com.cdccreditsmart.app               I  To enable faster debug mode event logging run:
                                                                                                      adb shell setprop debug.firebase.analytics.app com.cdccreditsmart.app
2025-11-16 23:15:10.015 11285-11285 TamperDetection         com.cdccreditsmart.app               I  âœ… Primeira instalaÃ§Ã£o detectada
2025-11-16 23:15:10.015 11285-11285 TamperDetection         com.cdccreditsmart.app               I     Token e deviceId nÃ£o existem - app nunca foi pareado
2025-11-16 23:15:10.016 11285-11285 TamperDetection         com.cdccreditsmart.app               I  ========================================
2025-11-16 23:15:10.066 11285-11285 TamperDetection         com.cdccreditsmart.app               I  âœ… Device fingerprint criado: CDC_1049****
2025-11-16 23:15:10.067 11285-11285 TamperDetection         com.cdccreditsmart.app               I  
2025-11-16 23:15:10.067 11285-11285 TamperDetection         com.cdccreditsmart.app               I  â•”â•â•â•â•â•â•â•â•â•â•â•â•â•â•â•â•â•â•â•â•â•â•â•â•â•â•â•â•â•â•â•â•â•â•â•â•â•â•â•â•â•â•â•â•â•â•â•â•â•â•â•â•â•â•â•â•â•—
2025-11-16 23:15:10.067 11285-11285 TamperDetection         com.cdccreditsmart.app               I  â•‘    ðŸ“¡ REPORTAR BOOT AO BACKEND                        â•‘
2025-11-16 23:15:10.067 11285-11285 TamperDetection         com.cdccreditsmart.app               I  â• â•â•â•â•â•â•â•â•â•â•â•â•â•â•â•â•â•â•â•â•â•â•â•â•â•â•â•â•â•â•â•â•â•â•â•â•â•â•â•â•â•â•â•â•â•â•â•â•â•â•â•â•â•â•â•â•â•£
2025-11-16 23:15:10.067 11285-11285 TamperDetection         com.cdccreditsmart.app               I  â•‘  Device Fingerprint: CDC_10495401****      â•‘
2025-11-16 23:15:10.067 11285-11285 TamperDetection         com.cdccreditsmart.app               I  â•‘  Boot Timestamp: 1763345710067          â•‘
2025-11-16 23:15:10.067 11285-11285 TamperDetection         com.cdccreditsmart.app               I  â•‘                                                        â•‘
2025-11-16 23:15:10.067 11285-11285 TamperDetection         com.cdccreditsmart.app               I  â•‘  Backend detectarÃ¡ factory reset comparando:          â•‘
2025-11-16 23:15:10.067 11285-11285 TamperDetection         com.cdccreditsmart.app               I  â•‘  â€¢ Fingerprint histÃ³rico vs atual                     â•‘
2025-11-16 23:15:10.067 11285-11285 TamperDetection         com.cdccreditsmart.app               I  â•‘  â€¢ Timestamp do Ãºltimo boot vs agora                  â•‘
2025-11-16 23:15:10.067 11285-11285 TamperDetection         com.cdccreditsmart.app               I  â•‘  â€¢ Token vÃ¡lido vs ausente                            â•‘
2025-11-16 23:15:10.067 11285-11285 TamperDetection         com.cdccreditsmart.app               I  â•šâ•â•â•â•â•â•â•â•â•â•â•â•â•â•â•â•â•â•â•â•â•â•â•â•â•â•â•â•â•â•â•â•â•â•â•â•â•â•â•â•â•â•â•â•â•â•â•â•â•â•â•â•â•â•â•â•â•
2025-11-16 23:15:10.067 11285-11285 TamperDetection         com.cdccreditsmart.app               I  
2025-11-16 23:15:10.067 11285-11285 TamperDetection         com.cdccreditsmart.app               I  âš ï¸ TODO: Implementar POST /api/security/device-boot
2025-11-16 23:15:10.091 11285-11285 ContractCodeStorage     com.cdccreditsmart.app               D  Retrieving contract code from storage
2025-11-16 23:15:10.102 11285-11322 FA                      com.cdccreditsmart.app               I  Tag Manager is not found and thus will not be used
2025-11-16 23:15:10.165 11285-11285 ContractCodeStorage     com.cdccreditsmart.app               D  Storage verification: 0 valid, 0 tampered, 7 missing
2025-11-16 23:15:10.166 11285-11285 ContractCodeStorage     com.cdccreditsmart.app               W  No valid contract code found in any location
2025-11-16 23:15:10.167 11285-11285 CDCApplication          com.cdccreditsmart.app               I  â¸ï¸ Sem tokens - aguardando pairing para iniciar serviÃ§o MDM
2025-11-16 23:15:10.184 11285-11285 BlockingCheckWorker     com.cdccreditsmart.app               D  âœ… Scheduled periodic blocking check (every 15 minutes)
2025-11-16 23:15:10.186 11285-11285 AutoBlockingWorker      com.cdccreditsmart.app               I  âœ… VerificaÃ§Ã£o automÃ¡tica de bloqueio agendada (diariamente Ã s 00:00)
2025-11-16 23:15:10.187 11285-11285 AutoBlockingWorker      com.cdccreditsmart.app               I     PrÃ³xima execuÃ§Ã£o em: 1304 minutos
2025-11-16 23:15:10.217 11285-11329 DisplayManager          com.cdccreditsmart.app               I  Choreographer implicitly registered for the refresh rate.
2025-11-16 23:15:10.219 11285-11285 creditsmart.app         com.cdccreditsmart.app               I  AssetManager2(0x797d7b7f27d8) locale list changing from [] to [en-US]
2025-11-16 23:15:10.224 11285-11328 JobInfo                 com.cdccreditsmart.app               W  Requested important-while-foreground flag for job0 is ignored and takes no effect
2025-11-16 23:15:10.224 11285-11328 CompatChangeReporter    com.cdccreditsmart.app               D  Compat change id reported: 311402873; UID 10218; state: ENABLED
2025-11-16 23:15:10.224 11285-11328 CompatChangeReporter    com.cdccreditsmart.app               D  Compat change id reported: 323349338; UID 10218; state: ENABLED
2025-11-16 23:15:10.343 11285-11285 CompatChangeReporter    com.cdccreditsmart.app               D  Compat change id reported: 309578419; UID 10218; state: ENABLED
2025-11-16 23:15:10.346 11285-11285 DesktopModeFlags        com.cdccreditsmart.app               D  Toggle override initialized to: OVERRIDE_UNSET
2025-11-16 23:15:10.382 11285-11329 EGL_emulation           com.cdccreditsmart.app               I  Opening libGLESv1_CM_emulation.so
2025-11-16 23:15:10.386 11285-11329 EGL_emulation           com.cdccreditsmart.app               I  Opening libGLESv2_emulation.so
2025-11-16 23:15:10.439 11285-11285 CompatChangeReporter    com.cdccreditsmart.app               D  Compat change id reported: 352594277; UID 10218; state: ENABLED
2025-11-16 23:15:10.451 11285-11285 CompatChangeReporter    com.cdccreditsmart.app               D  Compat change id reported: 349153669; UID 10218; state: ENABLED
2025-11-16 23:15:10.459 11285-11285 HWUI                    com.cdccreditsmart.app               W  Unknown dataspace 0
2025-11-16 23:15:10.567 11285-11329 HWUI                    com.cdccreditsmart.app               W  Failed to choose config with EGL_SWAP_BEHAVIOR_PRESERVED, retrying without...
2025-11-16 23:15:10.567 11285-11329 HWUI                    com.cdccreditsmart.app               W  Failed to initialize 101010-2 format, error = EGL_SUCCESS
2025-11-16 23:15:10.617 11285-11285 InsetsController        com.cdccreditsmart.app               D  Setting requestedVisibleTypes to -14 (was -9)
2025-11-16 23:15:10.988 11285-11285 DeviceOwnerCheckVM      com.cdccreditsmart.app               I  ========================================
2025-11-16 23:15:10.988 11285-11285 DeviceOwnerCheckVM      com.cdccreditsmart.app               I  ðŸ” Verificando status de Device Owner...
2025-11-16 23:15:11.165 11285-11343 BlockingCheckWorker     com.cdccreditsmart.app               D  ðŸ”„ Starting blocking check...
2025-11-16 23:15:11.168 11285-11343 BlockingCheckWorker     com.cdccreditsmart.app               W  âš ï¸ Not Device Owner - skipping blocking check
2025-11-16 23:15:11.174 11285-11323 WM-WorkerWrapper        com.cdccreditsmart.app               I  Worker result SUCCESS for Work [ id=20c366a8-b3a2-4851-a854-8e0c5ad73138, tags={ com.cdccreditsmart.app.workers.BlockingCheckWorker } ]
2025-11-16 23:15:11.286 11285-11285 InsetsController        com.cdccreditsmart.app               D  hide(ime(), fromIme=false)
2025-11-16 23:15:11.286 11285-11285 ImeTracker              com.cdccreditsmart.app               I  com.cdccreditsmart.app:f5d928bf: onCancelled at PHASE_CLIENT_ALREADY_HIDDEN
2025-11-16 23:15:11.513 11285-11285 DeviceUtils             com.cdccreditsmart.app               D  Device Owner check: false
2025-11-16 23:15:11.513 11285-11285 DeviceUtils             com.cdccreditsmart.app               D  Samsung device: false (Manufacturer: Google)
2025-11-16 23:15:11.513 11285-11285 DeviceOwnerCheckVM      com.cdccreditsmart.app               W  âŒ Dispositivo NÃƒO Ã© Device Owner
2025-11-16 23:15:11.513 11285-11285 DeviceOwnerCheckVM      com.cdccreditsmart.app               W  Dispositivo: Google sdk_gphone64_x86_64 (Android 16)
2025-11-16 23:15:11.513 11285-11285 DeviceOwnerCheckVM      com.cdccreditsmart.app               W  Samsung: false
2025-11-16 23:15:11.513 11285-11285 DeviceOwnerCheckVM      com.cdccreditsmart.app               I  ========================================
2025-11-16 23:15:11.831 11285-11285 InteractionJankMonitor  com.cdccreditsmart.app               W  Initializing without READ_DEVICE_CONFIG permission. enabled=false, interval=1, missedFrameThreshold=3, frameTimeThreshold=64, package=com.cdccreditsmart.app
2025-11-16 23:15:12.050 11285-11285 NotificationHelper      com.cdccreditsmart.app               D  Notification channel created: cdc_default
2025-11-16 23:15:12.063 11285-11285 NotificationHelper      com.cdccreditsmart.app               D  Notification channel created: cdc_info
2025-11-16 23:15:12.065 11285-11285 NotificationHelper      com.cdccreditsmart.app               D  Notification channel created: cdc_alerts
2025-11-16 23:15:12.068 11285-11285 NotificationHelper      com.cdccreditsmart.app               D  Notification channel created: cdc_payments
2025-11-16 23:15:12.068 11285-11285 NotificationHelper      com.cdccreditsmart.app               D  Notification channel created: cdc_contract
2025-11-16 23:15:12.147 11285-11285 CdcMessagingService     com.cdccreditsmart.app               D  CdcMessagingService created
2025-11-16 23:15:12.149 11285-11360 CdcMessagingService     com.cdccreditsmart.app               D  ========== NEW FCM TOKEN RECEIVED ==========
2025-11-16 23:15:12.149 11285-11360 CdcMessagingService     com.cdccreditsmart.app               D  Token: e03a_XMWQ8COYFmYQkVw...
2025-11-16 23:15:12.154 11285-11360 FcmTokenManager         com.cdccreditsmart.app               D  FCM token saved locally: e03a_XMWQ8COYFmYQkVw...
2025-11-16 23:15:12.157 11285-11344 FcmTokenManager         com.cdccreditsmart.app               D  ========== REGISTERING FCM TOKEN WITH BACKEND ==========
2025-11-16 23:15:12.158 11285-11344 FcmTokenManager         com.cdccreditsmart.app               D  Current FCM token retrieved: e03a_XMWQ8COYFmYQkVw...
2025-11-16 23:15:12.161 11285-11344 FcmTokenManager         com.cdccreditsmart.app               E  Cannot register: Auth token not available
2025-11-16 23:15:12.161 11285-11344 CdcMessagingService     com.cdccreditsmart.app               E  âŒ Failed to register FCM token with backend: User not authenticated
2025-11-16 23:15:12.335 11285-11291 creditsmart.app         com.cdccreditsmart.app               I  Compiler allocated 5042KB to compile void android.view.ViewRootImpl.performTraversals()
2025-11-16 23:15:13.742 11285-11285 DeviceOwnerCheckVM      com.cdccreditsmart.app               W  âš ï¸ MODO DEBUG: Pulando verificaÃ§Ã£o de Device Owner
2025-11-16 23:15:13.742 11285-11285 DeviceOwnerCheckVM      com.cdccreditsmart.app               W  âš ï¸ ATENÃ‡ÃƒO: App pode nÃ£o funcionar corretamente sem Device Owner
2025-11-16 23:15:13.835 11285-11285 RouterViewModel         com.cdccreditsmart.app               D  ðŸš€ Iniciando verificaÃ§Ã£o de autenticaÃ§Ã£o...
2025-11-16 23:15:13.837 11285-11344 AuthOrchestrator        com.cdccreditsmart.app               D  ðŸ” Verificando autenticaÃ§Ã£o...
2025-11-16 23:15:13.837 11285-11344 AuthOrchestrator        com.cdccreditsmart.app               D  ðŸ”„ ========== AUTO-DISCOVERY INICIADO ==========
2025-11-16 23:15:13.838 11285-11344 DeviceUtils             com.cdccreditsmart.app               W  READ_PHONE_STATE permission not granted
2025-11-16 23:15:13.839 11285-11344 AuthOrchestrator        com.cdccreditsmart.app               W  âš ï¸ IMEI nÃ£o disponÃ­vel (permissÃ£o negada ou emulador)
2025-11-16 23:15:13.839 11285-11344 AuthOrchestrator        com.cdccreditsmart.app               D     â†’ Fallback para pareamento manual
2025-11-16 23:15:13.839 11285-11344 ContractCodeStorage     com.cdccreditsmart.app               D  Retrieving contract code from storage
2025-11-16 23:15:13.876 11285-11344 ContractCodeStorage     com.cdccreditsmart.app               D  Storage verification: 0 valid, 0 tampered, 7 missing
2025-11-16 23:15:13.876 11285-11344 ContractCodeStorage     com.cdccreditsmart.app               W  No valid contract code found in any location
2025-11-16 23:15:13.876 11285-11344 AuthOrchestrator        com.cdccreditsmart.app               D  âŒ CÃ³digo de pareamento nÃ£o encontrado - precisa de novo cÃ³digo
2025-11-16 23:15:13.877 11285-11285 RouterViewModel         com.cdccreditsmart.app               D  âŒ CÃ³digo de pareamento necessÃ¡rio - Ir para QR Scanner
2025-11-16 23:15:16.186 11285-11362 ProfileInstaller        com.cdccreditsmart.app               D  Installing profile for com.cdccreditsmart.app
2025-11-16 23:15:51.983 11285-11285 InsetsController        com.cdccreditsmart.app               D  show(ime(), fromIme=false)
2025-11-16 23:15:51.983 11285-11285 ImeTracker              com.cdccreditsmart.app               I  com.cdccreditsmart.app:415b13e7: onRequestShow at ORIGIN_CLIENT reason SHOW_SOFT_INPUT_BY_INSETS_API fromUser false
2025-11-16 23:15:51.985 11285-11285 InsetsController        com.cdccreditsmart.app               D  Setting requestedVisibleTypes to -6 (was -14)
2025-11-16 23:15:52.007 11285-11285 ImeTracker              com.cdccreditsmart.app               I  com.cdccreditsmart.app:7e65a736: onRequestShow at ORIGIN_CLIENT reason SHOW_SOFT_INPUT fromUser false
2025-11-16 23:15:52.007 11285-11285 InsetsController        com.cdccreditsmart.app               D  show(ime(), fromIme=false)
2025-11-16 23:15:52.008 11285-11285 ImeTracker              com.cdccreditsmart.app               I  com.cdccreditsmart.app:7e65a736: onCancelled at PHASE_CLIENT_REPORT_REQUESTED_VISIBLE_TYPES
2025-11-16 23:15:52.008 11285-11285 RemoteInpu...ectionImpl com.cdccreditsmart.app               W  requestCursorUpdates on inactive InputConnection
2025-11-16 23:15:53.181 11285-11285 ImeTracker              com.cdccreditsmart.app               I  com.cdccreditsmart.app:415b13e7: onShown
2025-11-16 23:15:54.833 11285-11285 PairingViewModel        com.cdccreditsmart.app               D  ðŸš€ Iniciando pareamento com cÃ³digo: AFD8****
2025-11-16 23:15:54.838 11285-11285 NetworkConnectivity     com.cdccreditsmart.app               D  âœ… Conectado via WiFi com internet
2025-11-16 23:15:54.838 11285-11285 PairingViewModel        com.cdccreditsmart.app               D  ðŸ“¶ Estado da rede: Conectado via WiFi
2025-11-16 23:15:54.838 11285-11285 PairingViewModel        com.cdccreditsmart.app               D  âœ… Usando autenticaÃ§Ã£o moderna: POST /api/apk/auth
2025-11-16 23:15:54.839 11285-11285 PairingViewModel        com.cdccreditsmart.app               D  ========== APK AUTHENTICATION ==========
2025-11-16 23:15:54.839 11285-11285 PairingViewModel        com.cdccreditsmart.app               D  Pairing Code: [REDACTED]
2025-11-16 23:15:54.839 11285-11285 PairingViewModel        com.cdccreditsmart.app               D  ðŸ” Tentando conceder permissÃ£o READ_PHONE_STATE antes de coletar IMEI...
2025-11-16 23:15:54.839 11285-11285 AutoPermissionManager   com.cdccreditsmart.app               E  âŒ App nÃ£o Ã© Device Owner - nÃ£o pode conceder permissÃ£o: android.permission.READ_PHONE_STATE
2025-11-16 23:15:54.839 11285-11285 PairingViewModel        com.cdccreditsmart.app               W  âš ï¸ NÃ£o foi possÃ­vel conceder READ_PHONE_STATE automaticamente
2025-11-16 23:15:54.839 11285-11285 PairingViewModel        com.cdccreditsmart.app               W     Isso pode ocorrer se o app nÃ£o estiver provisionado como Device Owner
2025-11-16 23:15:54.839 11285-11285 DeviceInfoManager       com.cdccreditsmart.app               I  ========================================
2025-11-16 23:15:54.839 11285-11285 DeviceInfoManager       com.cdccreditsmart.app               I  ðŸ“± Coletando informaÃ§Ãµes de IMEI do dispositivo
2025-11-16 23:15:54.839 11285-11285 DeviceInfoManager       com.cdccreditsmart.app               I  ========================================
2025-11-16 23:15:54.840 11285-11285 DeviceInfoManager       com.cdccreditsmart.app               W  âŒ PermissÃ£o READ_PHONE_STATE nÃ£o concedida
2025-11-16 23:15:54.840 11285-11285 PairingViewModel        com.cdccreditsmart.app               W  âš ï¸ MODO DEBUG: PermissÃ£o READ_PHONE_STATE nÃ£o concedida
2025-11-16 23:15:54.840 11285-11285 PairingViewModel        com.cdccreditsmart.app               W  âš ï¸ MODO DEBUG: Prosseguindo SEM IMEI (Device Owner nÃ£o configurado)
2025-11-16 23:15:54.840 11285-11285 PairingViewModel        com.cdccreditsmart.app               D  Sending POST /api/apk/auth...
2025-11-16 23:15:54.840 11285-11285 PairingViewModel        com.cdccreditsmart.app               D  Request - deviceImei: null
2025-11-16 23:15:54.840 11285-11285 PairingViewModel        com.cdccreditsmart.app               D  Request - additionalImeis count: 0
2025-11-16 23:15:54.840 11285-11285 PairingViewModel        com.cdccreditsmart.app               D  Request - imeiStatus: unavailable
2025-11-16 23:15:55.245 11285-11398 okhttp.OkHttpClient     com.cdccreditsmart.app               I  --> POST https://cdccreditsmart.com/api/apk/auth
2025-11-16 23:15:55.245 11285-11398 okhttp.OkHttpClient     com.cdccreditsmart.app               I  Content-Type: application/json; charset=UTF-8
2025-11-16 23:15:55.245 11285-11398 okhttp.OkHttpClient     com.cdccreditsmart.app               I  Content-Length: 46
2025-11-16 23:15:55.245 11285-11398 okhttp.OkHttpClient     com.cdccreditsmart.app               I  {"code":"AFD8YG79","imeiStatus":"unavailable"}
2025-11-16 23:15:55.246 11285-11398 okhttp.OkHttpClient     com.cdccreditsmart.app               I  --> END POST (46-byte body)
2025-11-16 23:15:55.484 11285-11285 InsetsController        com.cdccreditsmart.app               D  hide(ime(), fromIme=false)
2025-11-16 23:15:55.484 11285-11285 ImeTracker              com.cdccreditsmart.app               I  com.cdccreditsmart.app:aa78bc0f: onRequestHide at ORIGIN_CLIENT reason HIDE_SOFT_INPUT_BY_INSETS_API fromUser false
2025-11-16 23:15:55.485 11285-11285 InsetsController        com.cdccreditsmart.app               D  Setting requestedVisibleTypes to -14 (was -6)
2025-11-16 23:15:55.690 11285-11398 okhttp.OkHttpClient     com.cdccreditsmart.app               I  <-- 200 https://cdccreditsmart.com/api/apk/auth (444ms)
2025-11-16 23:15:55.691 11285-11398 okhttp.OkHttpClient     com.cdccreditsmart.app               I  access-control-allow-credentials: true
2025-11-16 23:15:55.691 11285-11398 okhttp.OkHttpClient     com.cdccreditsmart.app               I  access-control-allow-headers: Origin, X-Requested-With, Content-Type, Accept, Authorization, x-client-key, x-client-token, x-client-secret, cache-control
2025-11-16 23:15:55.691 11285-11398 okhttp.OkHttpClient     com.cdccreditsmart.app               I  access-control-allow-methods: GET, POST, PUT, PATCH, DELETE, OPTIONS
2025-11-16 23:15:55.691 11285-11398 okhttp.OkHttpClient     com.cdccreditsmart.app               I  access-control-allow-origin: *
2025-11-16 23:15:55.691 11285-11398 okhttp.OkHttpClient     com.cdccreditsmart.app               I  access-control-max-age: 86400
2025-11-16 23:15:55.691 11285-11398 okhttp.OkHttpClient     com.cdccreditsmart.app               I  content-length: 372
2025-11-16 23:15:55.691 11285-11398 okhttp.OkHttpClient     com.cdccreditsmart.app               I  content-security-policy: default-src 'self'; script-src 'self' 'unsafe-inline' 'unsafe-eval' https://replit.com; style-src 'self' 'unsafe-inline' https://replit.com; img-src 'self' data: https:; font-src 'self' data: https://replit.com; connect-src 'self';
2025-11-16 23:15:55.691 11285-11398 okhttp.OkHttpClient     com.cdccreditsmart.app               I  content-type: application/json; charset=utf-8
2025-11-16 23:15:55.691 11285-11398 okhttp.OkHttpClient     com.cdccreditsmart.app               I  date: Mon, 17 Nov 2025 02:15:57 GMT
2025-11-16 23:15:55.691 11285-11398 okhttp.OkHttpClient     com.cdccreditsmart.app               I  etag: W/"174-h/VjkuPfpAddkalXuM+Tg0TyUHU"
2025-11-16 23:15:55.691 11285-11398 okhttp.OkHttpClient     com.cdccreditsmart.app               I  permissions-policy: geolocation=(), microphone=(), camera=()
2025-11-16 23:15:55.691 11285-11398 okhttp.OkHttpClient     com.cdccreditsmart.app               I  referrer-policy: strict-origin-when-cross-origin
2025-11-16 23:15:55.691 11285-11398 okhttp.OkHttpClient     com.cdccreditsmart.app               I  server: Google Frontend
2025-11-16 23:15:55.691 11285-11398 okhttp.OkHttpClient     com.cdccreditsmart.app               I  strict-transport-security: max-age=63072000; includeSubDomains
2025-11-16 23:15:55.691 11285-11398 okhttp.OkHttpClient     com.cdccreditsmart.app               I  strict-transport-security: max-age=31536000; includeSubDomains
2025-11-16 23:15:55.691 11285-11398 okhttp.OkHttpClient     com.cdccreditsmart.app               I  x-anti-fraud-protection: active
2025-11-16 23:15:55.691 11285-11398 okhttp.OkHttpClient     com.cdccreditsmart.app               I  x-certificate-pinning-enabled: false
2025-11-16 23:15:55.691 11285-11398 okhttp.OkHttpClient     com.cdccreditsmart.app               I  x-certificate-pinning-status: disabled-for-stability
2025-11-16 23:15:55.691 11285-11398 okhttp.OkHttpClient     com.cdccreditsmart.app               I  x-cloud-trace-context: 344c4ed8c97834680065e2539cc0d618
2025-11-16 23:15:55.691 11285-11398 okhttp.OkHttpClient     com.cdccreditsmart.app               I  x-content-type-options: nosniff
2025-11-16 23:15:55.691 11285-11398 okhttp.OkHttpClient     com.cdccreditsmart.app               I  x-financial-data-protection: enabled
2025-11-16 23:15:55.691 11285-11398 okhttp.OkHttpClient     com.cdccreditsmart.app               I  x-frame-options: DENY
2025-11-16 23:15:55.691 11285-11398 okhttp.OkHttpClient     com.cdccreditsmart.app               I  x-transaction-security-level: maximum
2025-11-16 23:15:55.691 11285-11398 okhttp.OkHttpClient     com.cdccreditsmart.app               I  x-xss-protection: 1; mode=block
2025-11-16 23:15:55.691 11285-11398 okhttp.OkHttpClient     com.cdccreditsmart.app               I  via: 1.1 google
2025-11-16 23:15:55.691 11285-11398 okhttp.OkHttpClient     com.cdccreditsmart.app               I  alt-svc: h3=":443"; ma=2592000,h3-29=":443"; ma=2592000
2025-11-16 23:15:55.692 11285-11398 okhttp.OkHttpClient     com.cdccreditsmart.app               I  {"success":true,"authenticated":false,"pending":true,"stage":"awaiting-device","message":"Venda em andamento. Aguardando finalizaÃ§Ã£o no PDV.","validationId":"902ee4d0-c085-4d7a-a70c-3c56cd858d6a","saleId":"sale_1763345744228_up6oyi7w7o","expiresAt":"2025-11-18T02:15:44.228Z","hint":"O vendedor precisa clicar em \"Dispositivo Atestado\" no PDV para finalizar a venda."}
2025-11-16 23:15:55.692 11285-11398 okhttp.OkHttpClient     com.cdccreditsmart.app               I  <-- END HTTP (372-byte body)
2025-11-16 23:15:55.694 11285-11285 PairingViewModel        com.cdccreditsmart.app               D  Response code: 200
2025-11-16 23:15:55.694 11285-11285 PairingViewModel        com.cdccreditsmart.app               D  Response message: 
2025-11-16 23:15:55.694 11285-11285 PairingViewModel        com.cdccreditsmart.app               D  Response body received
2025-11-16 23:15:55.694 11285-11285 PairingViewModel        com.cdccreditsmart.app               D  â³ Sale pending - awaiting PDV completion
2025-11-16 23:15:55.694 11285-11285 PairingViewModel        com.cdccreditsmart.app               D  Message: Venda em andamento. Aguardando finalizaÃ§Ã£o no PDV.
2025-11-16 23:15:55.695 11285-11285 PairingViewModel        com.cdccreditsmart.app               D  Starting automatic polling for pending sale
2025-11-16 23:15:55.857 11285-11285 PairingViewModel        com.cdccreditsmart.app               D  Starting automatic polling for pending sale
2025-11-16 23:15:55.857 11285-11285 PairingViewModel        com.cdccreditsmart.app               D  Auto-polling stopped
2025-11-16 23:15:55.858 11285-11285 ImeTracker              com.cdccreditsmart.app               I  system_server:dc385070: onCancelled at PHASE_CLIENT_ON_CONTROLS_CHANGED
2025-11-16 23:15:57.696 11285-11285 PairingViewModel        com.cdccreditsmart.app               D  Auto-polling: Checking if sale was completed...
2025-11-16 23:15:57.697 11285-11398 okhttp.OkHttpClient     com.cdccreditsmart.app               I  --> POST https://cdccreditsmart.com/api/apk/auth
2025-11-16 23:15:57.697 11285-11398 okhttp.OkHttpClient     com.cdccreditsmart.app               I  Content-Type: application/json; charset=UTF-8
2025-11-16 23:15:57.697 11285-11398 okhttp.OkHttpClient     com.cdccreditsmart.app               I  Content-Length: 19
2025-11-16 23:15:57.697 11285-11398 okhttp.OkHttpClient     com.cdccreditsmart.app               I  {"code":"AFD8YG79"}
2025-11-16 23:15:57.697 11285-11398 okhttp.OkHttpClient     com.cdccreditsmart.app               I  --> END POST (19-byte body)
2025-11-16 23:15:57.995 11285-11398 okhttp.OkHttpClient     com.cdccreditsmart.app               I  <-- 200 https://cdccreditsmart.com/api/apk/auth (297ms)
2025-11-16 23:15:57.995 11285-11398 okhttp.OkHttpClient     com.cdccreditsmart.app               I  access-control-allow-credentials: true
2025-11-16 23:15:57.995 11285-11398 okhttp.OkHttpClient     com.cdccreditsmart.app               I  access-control-allow-headers: Origin, X-Requested-With, Content-Type, Accept, Authorization, x-client-key, x-client-token, x-client-secret, cache-control
2025-11-16 23:15:57.995 11285-11398 okhttp.OkHttpClient     com.cdccreditsmart.app               I  access-control-allow-methods: GET, POST, PUT, PATCH, DELETE, OPTIONS
2025-11-16 23:15:57.995 11285-11398 okhttp.OkHttpClient     com.cdccreditsmart.app               I  access-control-allow-origin: *
2025-11-16 23:15:57.995 11285-11398 okhttp.OkHttpClient     com.cdccreditsmart.app               I  access-control-max-age: 86400
2025-11-16 23:15:57.995 11285-11398 okhttp.OkHttpClient     com.cdccreditsmart.app               I  content-length: 372
2025-11-16 23:15:57.995 11285-11398 okhttp.OkHttpClient     com.cdccreditsmart.app               I  content-security-policy: default-src 'self'; script-src 'self' 'unsafe-inline' 'unsafe-eval' https://replit.com; style-src 'self' 'unsafe-inline' https://replit.com; img-src 'self' data: https:; font-src 'self' data: https://replit.com; connect-src 'self';
2025-11-16 23:15:57.995 11285-11398 okhttp.OkHttpClient     com.cdccreditsmart.app               I  content-type: application/json; charset=utf-8
2025-11-16 23:15:57.995 11285-11398 okhttp.OkHttpClient     com.cdccreditsmart.app               I  date: Mon, 17 Nov 2025 02:15:59 GMT
2025-11-16 23:15:57.995 11285-11398 okhttp.OkHttpClient     com.cdccreditsmart.app               I  etag: W/"174-h/VjkuPfpAddkalXuM+Tg0TyUHU"
2025-11-16 23:15:57.995 11285-11398 okhttp.OkHttpClient     com.cdccreditsmart.app               I  permissions-policy: geolocation=(), microphone=(), camera=()
2025-11-16 23:15:57.995 11285-11398 okhttp.OkHttpClient     com.cdccreditsmart.app               I  referrer-policy: strict-origin-when-cross-origin
2025-11-16 23:15:57.995 11285-11398 okhttp.OkHttpClient     com.cdccreditsmart.app               I  server: Google Frontend
2025-11-16 23:15:57.995 11285-11398 okhttp.OkHttpClient     com.cdccreditsmart.app               I  strict-transport-security: max-age=63072000; includeSubDomains
2025-11-16 23:15:57.995 11285-11398 okhttp.OkHttpClient     com.cdccreditsmart.app               I  strict-transport-security: max-age=31536000; includeSubDomains
2025-11-16 23:15:57.995 11285-11398 okhttp.OkHttpClient     com.cdccreditsmart.app               I  x-anti-fraud-protection: active
2025-11-16 23:15:57.995 11285-11398 okhttp.OkHttpClient     com.cdccreditsmart.app               I  x-certificate-pinning-enabled: false
2025-11-16 23:15:57.995 11285-11398 okhttp.OkHttpClient     com.cdccreditsmart.app               I  x-certificate-pinning-status: disabled-for-stability
2025-11-16 23:15:57.995 11285-11398 okhttp.OkHttpClient     com.cdccreditsmart.app               I  x-cloud-trace-context: dad4e7b677a8b5e50065e2539cc0db28
2025-11-16 23:15:57.995 11285-11398 okhttp.OkHttpClient     com.cdccreditsmart.app               I  x-content-type-options: nosniff
2025-11-16 23:15:57.995 11285-11398 okhttp.OkHttpClient     com.cdccreditsmart.app               I  x-financial-data-protection: enabled
2025-11-16 23:15:57.995 11285-11398 okhttp.OkHttpClient     com.cdccreditsmart.app               I  x-frame-options: DENY
2025-11-16 23:15:57.995 11285-11398 okhttp.OkHttpClient     com.cdccreditsmart.app               I  x-transaction-security-level: maximum
2025-11-16 23:15:57.995 11285-11398 okhttp.OkHttpClient     com.cdccreditsmart.app               I  x-xss-protection: 1; mode=block
2025-11-16 23:15:57.995 11285-11398 okhttp.OkHttpClient     com.cdccreditsmart.app               I  via: 1.1 google
2025-11-16 23:15:57.995 11285-11398 okhttp.OkHttpClient     com.cdccreditsmart.app               I  alt-svc: h3=":443"; ma=2592000,h3-29=":443"; ma=2592000
2025-11-16 23:15:57.996 11285-11398 okhttp.OkHttpClient     com.cdccreditsmart.app               I  {"success":true,"authenticated":false,"pending":true,"stage":"awaiting-device","message":"Venda em andamento. Aguardando finalizaÃ§Ã£o no PDV.","validationId":"902ee4d0-c085-4d7a-a70c-3c56cd858d6a","saleId":"sale_1763345744228_up6oyi7w7o","expiresAt":"2025-11-18T02:15:44.228Z","hint":"O vendedor precisa clicar em \"Dispositivo Atestado\" no PDV para finalizar a venda."}
2025-11-16 23:15:57.996 11285-11398 okhttp.OkHttpClient     com.cdccreditsmart.app               I  <-- END HTTP (372-byte body)
2025-11-16 23:15:58.003 11285-11285 PairingViewModel        com.cdccreditsmart.app               D  â³ Auto-polling: Sale still pending...
2025-11-16 23:16:00.018 11285-11285 PairingViewModel        com.cdccreditsmart.app               D  Auto-polling: Checking if sale was completed...
2025-11-16 23:16:00.019 11285-11398 okhttp.OkHttpClient     com.cdccreditsmart.app               I  --> POST https://cdccreditsmart.com/api/apk/auth
2025-11-16 23:16:00.019 11285-11398 okhttp.OkHttpClient     com.cdccreditsmart.app               I  Content-Type: application/json; charset=UTF-8
2025-11-16 23:16:00.019 11285-11398 okhttp.OkHttpClient     com.cdccreditsmart.app               I  Content-Length: 19
2025-11-16 23:16:00.019 11285-11398 okhttp.OkHttpClient     com.cdccreditsmart.app               I  {"code":"AFD8YG79"}
2025-11-16 23:16:00.019 11285-11398 okhttp.OkHttpClient     com.cdccreditsmart.app               I  --> END POST (19-byte body)
2025-11-16 23:16:00.292 11285-11398 okhttp.OkHttpClient     com.cdccreditsmart.app               I  <-- 200 https://cdccreditsmart.com/api/apk/auth (272ms)
2025-11-16 23:16:00.292 11285-11398 okhttp.OkHttpClient     com.cdccreditsmart.app               I  access-control-allow-credentials: true
2025-11-16 23:16:00.293 11285-11398 okhttp.OkHttpClient     com.cdccreditsmart.app               I  access-control-allow-headers: Origin, X-Requested-With, Content-Type, Accept, Authorization, x-client-key, x-client-token, x-client-secret, cache-control
2025-11-16 23:16:00.293 11285-11398 okhttp.OkHttpClient     com.cdccreditsmart.app               I  access-control-allow-methods: GET, POST, PUT, PATCH, DELETE, OPTIONS
2025-11-16 23:16:00.293 11285-11398 okhttp.OkHttpClient     com.cdccreditsmart.app               I  access-control-allow-origin: *
2025-11-16 23:16:00.293 11285-11398 okhttp.OkHttpClient     com.cdccreditsmart.app               I  access-control-max-age: 86400
2025-11-16 23:16:00.293 11285-11398 okhttp.OkHttpClient     com.cdccreditsmart.app               I  content-length: 372
2025-11-16 23:16:00.293 11285-11398 okhttp.OkHttpClient     com.cdccreditsmart.app               I  content-security-policy: default-src 'self'; script-src 'self' 'unsafe-inline' 'unsafe-eval' https://replit.com; style-src 'self' 'unsafe-inline' https://replit.com; img-src 'self' data: https:; font-src 'self' data: https://replit.com; connect-src 'self';
2025-11-16 23:16:00.293 11285-11398 okhttp.OkHttpClient     com.cdccreditsmart.app               I  content-type: application/json; charset=utf-8
2025-11-16 23:16:00.293 11285-11398 okhttp.OkHttpClient     com.cdccreditsmart.app               I  date: Mon, 17 Nov 2025 02:16:01 GMT
2025-11-16 23:16:00.293 11285-11398 okhttp.OkHttpClient     com.cdccreditsmart.app               I  etag: W/"174-h/VjkuPfpAddkalXuM+Tg0TyUHU"
2025-11-16 23:16:00.293 11285-11398 okhttp.OkHttpClient     com.cdccreditsmart.app               I  permissions-policy: geolocation=(), microphone=(), camera=()
2025-11-16 23:16:00.294 11285-11398 okhttp.OkHttpClient     com.cdccreditsmart.app               I  referrer-policy: strict-origin-when-cross-origin
2025-11-16 23:16:00.294 11285-11398 okhttp.OkHttpClient     com.cdccreditsmart.app               I  server: Google Frontend
2025-11-16 23:16:00.294 11285-11398 okhttp.OkHttpClient     com.cdccreditsmart.app               I  strict-transport-security: max-age=63072000; includeSubDomains
2025-11-16 23:16:00.294 11285-11398 okhttp.OkHttpClient     com.cdccreditsmart.app               I  strict-transport-security: max-age=31536000; includeSubDomains
2025-11-16 23:16:00.294 11285-11398 okhttp.OkHttpClient     com.cdccreditsmart.app               I  x-anti-fraud-protection: active
2025-11-16 23:16:00.294 11285-11398 okhttp.OkHttpClient     com.cdccreditsmart.app               I  x-certificate-pinning-enabled: false
2025-11-16 23:16:00.294 11285-11398 okhttp.OkHttpClient     com.cdccreditsmart.app               I  x-certificate-pinning-status: disabled-for-stability
2025-11-16 23:16:00.294 11285-11398 okhttp.OkHttpClient     com.cdccreditsmart.app               I  x-cloud-trace-context: 9963cb92b36643da0065e2539cc0dc24
2025-11-16 23:16:00.294 11285-11398 okhttp.OkHttpClient     com.cdccreditsmart.app               I  x-content-type-options: nosniff
2025-11-16 23:16:00.294 11285-11398 okhttp.OkHttpClient     com.cdccreditsmart.app               I  x-financial-data-protection: enabled
2025-11-16 23:16:00.294 11285-11398 okhttp.OkHttpClient     com.cdccreditsmart.app               I  x-frame-options: DENY
2025-11-16 23:16:00.294 11285-11398 okhttp.OkHttpClient     com.cdccreditsmart.app               I  x-transaction-security-level: maximum
2025-11-16 23:16:00.294 11285-11398 okhttp.OkHttpClient     com.cdccreditsmart.app               I  x-xss-protection: 1; mode=block
2025-11-16 23:16:00.294 11285-11398 okhttp.OkHttpClient     com.cdccreditsmart.app               I  via: 1.1 google
2025-11-16 23:16:00.294 11285-11398 okhttp.OkHttpClient     com.cdccreditsmart.app               I  alt-svc: h3=":443"; ma=2592000,h3-29=":443"; ma=2592000
2025-11-16 23:16:00.294 11285-11398 okhttp.OkHttpClient     com.cdccreditsmart.app               I  {"success":true,"authenticated":false,"pending":true,"stage":"awaiting-device","message":"Venda em andamento. Aguardando finalizaÃ§Ã£o no PDV.","validationId":"902ee4d0-c085-4d7a-a70c-3c56cd858d6a","saleId":"sale_1763345744228_up6oyi7w7o","expiresAt":"2025-11-18T02:15:44.228Z","hint":"O vendedor precisa clicar em \"Dispositivo Atestado\" no PDV para finalizar a venda."}
2025-11-16 23:16:00.294 11285-11398 okhttp.OkHttpClient     com.cdccreditsmart.app               I  <-- END HTTP (372-byte body)
2025-11-16 23:16:00.302 11285-11285 PairingViewModel        com.cdccreditsmart.app               D  â³ Auto-polling: Sale still pending...
2025-11-16 23:16:02.322 11285-11285 PairingViewModel        com.cdccreditsmart.app               D  Auto-polling: Checking if sale was completed...
2025-11-16 23:16:02.323 11285-11398 okhttp.OkHttpClient     com.cdccreditsmart.app               I  --> POST https://cdccreditsmart.com/api/apk/auth
2025-11-16 23:16:02.325 11285-11398 okhttp.OkHttpClient     com.cdccreditsmart.app               I  Content-Type: application/json; charset=UTF-8
2025-11-16 23:16:02.326 11285-11398 okhttp.OkHttpClient     com.cdccreditsmart.app               I  Content-Length: 19
2025-11-16 23:16:02.327 11285-11398 okhttp.OkHttpClient     com.cdccreditsmart.app               I  {"code":"AFD8YG79"}
2025-11-16 23:16:02.327 11285-11398 okhttp.OkHttpClient     com.cdccreditsmart.app               I  --> END POST (19-byte body)
2025-11-16 23:16:02.605 11285-11398 okhttp.OkHttpClient     com.cdccreditsmart.app               I  <-- 200 https://cdccreditsmart.com/api/apk/auth (278ms)
