2025-11-16 23:16:02.605 11285-11398 okhttp.OkHttpClient     com.cdccreditsmart.app               I  access-control-allow-credentials: true
2025-11-16 23:16:02.605 11285-11398 okhttp.OkHttpClient     com.cdccreditsmart.app               I  access-control-allow-headers: Origin, X-Requested-With, Content-Type, Accept, Authorization, x-client-key, x-client-token, x-client-secret, cache-control
2025-11-16 23:16:02.605 11285-11398 okhttp.OkHttpClient     com.cdccreditsmart.app               I  access-control-allow-methods: GET, POST, PUT, PATCH, DELETE, OPTIONS
2025-11-16 23:16:02.605 11285-11398 okhttp.OkHttpClient     com.cdccreditsmart.app               I  access-control-allow-origin: *
2025-11-16 23:16:02.605 11285-11398 okhttp.OkHttpClient     com.cdccreditsmart.app               I  access-control-max-age: 86400
2025-11-16 23:16:02.605 11285-11398 okhttp.OkHttpClient     com.cdccreditsmart.app               I  content-length: 372
2025-11-16 23:16:02.605 11285-11398 okhttp.OkHttpClient     com.cdccreditsmart.app               I  content-security-policy: default-src 'self'; script-src 'self' 'unsafe-inline' 'unsafe-eval' https://replit.com; style-src 'self' 'unsafe-inline' https://replit.com; img-src 'self' data: https:; font-src 'self' data: https://replit.com; connect-src 'self';
2025-11-16 23:16:02.605 11285-11398 okhttp.OkHttpClient     com.cdccreditsmart.app               I  content-type: application/json; charset=utf-8
2025-11-16 23:16:02.605 11285-11398 okhttp.OkHttpClient     com.cdccreditsmart.app               I  date: Mon, 17 Nov 2025 02:16:04 GMT
2025-11-16 23:16:02.605 11285-11398 okhttp.OkHttpClient     com.cdccreditsmart.app               I  etag: W/"174-h/VjkuPfpAddkalXuM+Tg0TyUHU"
2025-11-16 23:16:02.605 11285-11398 okhttp.OkHttpClient     com.cdccreditsmart.app               I  permissions-policy: geolocation=(), microphone=(), camera=()
2025-11-16 23:16:02.605 11285-11398 okhttp.OkHttpClient     com.cdccreditsmart.app               I  referrer-policy: strict-origin-when-cross-origin
2025-11-16 23:16:02.605 11285-11398 okhttp.OkHttpClient     com.cdccreditsmart.app               I  server: Google Frontend
2025-11-16 23:16:02.605 11285-11398 okhttp.OkHttpClient     com.cdccreditsmart.app               I  strict-transport-security: max-age=63072000; includeSubDomains
2025-11-16 23:16:02.605 11285-11398 okhttp.OkHttpClient     com.cdccreditsmart.app               I  strict-transport-security: max-age=31536000; includeSubDomains
2025-11-16 23:16:02.605 11285-11398 okhttp.OkHttpClient     com.cdccreditsmart.app               I  x-anti-fraud-protection: active
2025-11-16 23:16:02.605 11285-11398 okhttp.OkHttpClient     com.cdccreditsmart.app               I  x-certificate-pinning-enabled: false
2025-11-16 23:16:02.605 11285-11398 okhttp.OkHttpClient     com.cdccreditsmart.app               I  x-certificate-pinning-status: disabled-for-stability
2025-11-16 23:16:02.605 11285-11398 okhttp.OkHttpClient     com.cdccreditsmart.app               I  x-cloud-trace-context: 12cbb2eb87ccdcc50065e2539cc0d9b1
2025-11-16 23:16:02.605 11285-11398 okhttp.OkHttpClient     com.cdccreditsmart.app               I  x-content-type-options: nosniff
2025-11-16 23:16:02.605 11285-11398 okhttp.OkHttpClient     com.cdccreditsmart.app               I  x-financial-data-protection: enabled
2025-11-16 23:16:02.605 11285-11398 okhttp.OkHttpClient     com.cdccreditsmart.app               I  x-frame-options: DENY
2025-11-16 23:16:02.605 11285-11398 okhttp.OkHttpClient     com.cdccreditsmart.app               I  x-transaction-security-level: maximum
2025-11-16 23:16:02.605 11285-11398 okhttp.OkHttpClient     com.cdccreditsmart.app               I  x-xss-protection: 1; mode=block
2025-11-16 23:16:02.605 11285-11398 okhttp.OkHttpClient     com.cdccreditsmart.app               I  via: 1.1 google
2025-11-16 23:16:02.605 11285-11398 okhttp.OkHttpClient     com.cdccreditsmart.app               I  alt-svc: h3=":443"; ma=2592000,h3-29=":443"; ma=2592000
2025-11-16 23:16:02.606 11285-11398 okhttp.OkHttpClient     com.cdccreditsmart.app               I  {"success":true,"authenticated":false,"pending":true,"stage":"awaiting-device","message":"Venda em andamento. Aguardando finalizaÃ§Ã£o no PDV.","validationId":"902ee4d0-c085-4d7a-a70c-3c56cd858d6a","saleId":"sale_1763345744228_up6oyi7w7o","expiresAt":"2025-11-18T02:15:44.228Z","hint":"O vendedor precisa clicar em \"Dispositivo Atestado\" no PDV para finalizar a venda."}
2025-11-16 23:16:02.606 11285-11398 okhttp.OkHttpClient     com.cdccreditsmart.app               I  <-- END HTTP (372-byte body)
2025-11-16 23:16:02.619 11285-11285 PairingViewModel        com.cdccreditsmart.app               D  â³ Auto-polling: Sale still pending...
2025-11-16 23:16:04.635 11285-11285 PairingViewModel        com.cdccreditsmart.app               D  Auto-polling: Checking if sale was completed...
2025-11-16 23:16:04.636 11285-11398 okhttp.OkHttpClient     com.cdccreditsmart.app               I  --> POST https://cdccreditsmart.com/api/apk/auth
2025-11-16 23:16:04.636 11285-11398 okhttp.OkHttpClient     com.cdccreditsmart.app               I  Content-Type: application/json; charset=UTF-8
2025-11-16 23:16:04.636 11285-11398 okhttp.OkHttpClient     com.cdccreditsmart.app               I  Content-Length: 19
2025-11-16 23:16:04.636 11285-11398 okhttp.OkHttpClient     com.cdccreditsmart.app               I  {"code":"AFD8YG79"}
2025-11-16 23:16:04.636 11285-11398 okhttp.OkHttpClient     com.cdccreditsmart.app               I  --> END POST (19-byte body)
2025-11-16 23:16:04.974 11285-11398 okhttp.OkHttpClient     com.cdccreditsmart.app               I  <-- 200 https://cdccreditsmart.com/api/apk/auth (337ms)
2025-11-16 23:16:04.974 11285-11398 okhttp.OkHttpClient     com.cdccreditsmart.app               I  access-control-allow-credentials: true
2025-11-16 23:16:04.974 11285-11398 okhttp.OkHttpClient     com.cdccreditsmart.app               I  access-control-allow-headers: Origin, X-Requested-With, Content-Type, Accept, Authorization, x-client-key, x-client-token, x-client-secret, cache-control
2025-11-16 23:16:04.974 11285-11398 okhttp.OkHttpClient     com.cdccreditsmart.app               I  access-control-allow-methods: GET, POST, PUT, PATCH, DELETE, OPTIONS
2025-11-16 23:16:04.974 11285-11398 okhttp.OkHttpClient     com.cdccreditsmart.app               I  access-control-allow-origin: *
2025-11-16 23:16:04.974 11285-11398 okhttp.OkHttpClient     com.cdccreditsmart.app               I  access-control-max-age: 86400
2025-11-16 23:16:04.974 11285-11398 okhttp.OkHttpClient     com.cdccreditsmart.app               I  content-length: 999
2025-11-16 23:16:04.974 11285-11398 okhttp.OkHttpClient     com.cdccreditsmart.app               I  content-security-policy: default-src 'self'; script-src 'self' 'unsafe-inline' 'unsafe-eval' https://replit.com; style-src 'self' 'unsafe-inline' https://replit.com; img-src 'self' data: https:; font-src 'self' data: https://replit.com; connect-src 'self';
2025-11-16 23:16:04.974 11285-11398 okhttp.OkHttpClient     com.cdccreditsmart.app               I  content-type: application/json; charset=utf-8
2025-11-16 23:16:04.974 11285-11398 okhttp.OkHttpClient     com.cdccreditsmart.app               I  date: Mon, 17 Nov 2025 02:16:06 GMT
2025-11-16 23:16:04.975 11285-11398 okhttp.OkHttpClient     com.cdccreditsmart.app               I  etag: W/"3e7-+d5YGQPwwz9zta2ICcv90qWB6K8"
2025-11-16 23:16:04.975 11285-11398 okhttp.OkHttpClient     com.cdccreditsmart.app               I  permissions-policy: geolocation=(), microphone=(), camera=()
2025-11-16 23:16:04.975 11285-11398 okhttp.OkHttpClient     com.cdccreditsmart.app               I  referrer-policy: strict-origin-when-cross-origin
2025-11-16 23:16:04.975 11285-11398 okhttp.OkHttpClient     com.cdccreditsmart.app               I  server: Google Frontend
2025-11-16 23:16:04.975 11285-11398 okhttp.OkHttpClient     com.cdccreditsmart.app               I  strict-transport-security: max-age=63072000; includeSubDomains
2025-11-16 23:16:04.975 11285-11398 okhttp.OkHttpClient     com.cdccreditsmart.app               I  strict-transport-security: max-age=31536000; includeSubDomains
2025-11-16 23:16:04.975 11285-11398 okhttp.OkHttpClient     com.cdccreditsmart.app               I  x-anti-fraud-protection: active
2025-11-16 23:16:04.975 11285-11398 okhttp.OkHttpClient     com.cdccreditsmart.app               I  x-certificate-pinning-enabled: false
2025-11-16 23:16:04.975 11285-11398 okhttp.OkHttpClient     com.cdccreditsmart.app               I  x-certificate-pinning-status: disabled-for-stability
2025-11-16 23:16:04.975 11285-11398 okhttp.OkHttpClient     com.cdccreditsmart.app               I  x-cloud-trace-context: c0b95e6461868216101f4db141ec8699
2025-11-16 23:16:04.975 11285-11398 okhttp.OkHttpClient     com.cdccreditsmart.app               I  x-content-type-options: nosniff
2025-11-16 23:16:04.975 11285-11398 okhttp.OkHttpClient     com.cdccreditsmart.app               I  x-financial-data-protection: enabled
2025-11-16 23:16:04.975 11285-11398 okhttp.OkHttpClient     com.cdccreditsmart.app               I  x-frame-options: DENY
2025-11-16 23:16:04.975 11285-11398 okhttp.OkHttpClient     com.cdccreditsmart.app               I  x-transaction-security-level: maximum
2025-11-16 23:16:04.975 11285-11398 okhttp.OkHttpClient     com.cdccreditsmart.app               I  x-xss-protection: 1; mode=block
2025-11-16 23:16:04.975 11285-11398 okhttp.OkHttpClient     com.cdccreditsmart.app               I  via: 1.1 google
2025-11-16 23:16:04.975 11285-11398 okhttp.OkHttpClient     com.cdccreditsmart.app               I  alt-svc: h3=":443"; ma=2592000,h3-29=":443"; ma=2592000
2025-11-16 23:16:04.975 11285-11398 okhttp.OkHttpClient     com.cdccreditsmart.app               I  {"success":true,"authenticated":true,"authToken":"eyJhbGciOiJIUzI1NiIsInR5cCI6IkpXVCJ9.eyJkZXZpY2VJZCI6ImRldmljZV8xNzYzMzQ1NzQ0MjI4XzRmeXFwbWxtaDc1IiwiYXBrVG9rZW4iOiJBRkQ4WUc3OSIsInR5cGUiOiJhcGsiLCJleHBpcmVzSW4iOiIyNGgiLCJpYXQiOjE3NjMzNDU3NjYsImV4cCI6MTc2MzQzMjE2Nn0.ydP_n2YC6ziedVViBr6Fl_xRtNBQB0R35-RowOhIMOM","expiresIn":86400,"expiresAt":"2025-11-18T02:16:06.622Z","device":{"id":"device_1763345744228_4fyqpmlmh75","name":"Moto G15 Power","model":"G15 Power","brand":"Motorola","imei":"353104903560533","imeiList":["353104903560533"],"isBlocked":false,"status":"active","blockReason":null,"totalValue":"100.00","installmentValue":"8.99","installmentCount":24,"saleDate":"2025-11-17T02:16:05.000Z"},"customer":{"name":"Marcos Antunes","phone":"85981888810","cpf":"06452784323"},"store":{"name":"Loja Zona Sul","phone":"(11) 77777-9012","email":"zonasul@loja.com"},"paymentSummary":{"total":24,"paid":0,"pending":24,"overdue":0,"totalAmount":100,"paidAmount":0,"pendingAmount":215.76000000000005}}
2025-11-16 23:16:04.975 11285-11398 okhttp.OkHttpClient     com.cdccreditsmart.app               I  <-- END HTTP (999-byte body)
2025-11-16 23:16:04.985 11285-11285 PairingViewModel        com.cdccreditsmart.app               D  âœ… Auto-polling: Sale completed! Authenticating...
2025-11-16 23:16:04.985 11285-11285 PairingViewModel        com.cdccreditsmart.app               D  Device ID: device_1763345744228_4fyqpmlmh75
2025-11-16 23:16:04.986 11285-11285 ContractCodeStorage     com.cdccreditsmart.app               D  Saving contract code to redundant storage
2025-11-16 23:16:05.031 11285-11285 ContractCodeStorage     com.cdccreditsmart.app               D  Saved to EncryptedPrefs
2025-11-16 23:16:05.063 11285-11285 ContractCodeStorage     com.cdccreditsmart.app               D  Successfully saved to file: .cdc_protected_code.enc
2025-11-16 23:16:05.063 11285-11285 ContractCodeStorage     com.cdccreditsmart.app               D  Saved to Protected Storage
2025-11-16 23:16:05.070 11285-11285 ContractCodeStorage     com.cdccreditsmart.app               D  Successfully saved to file: .cdc_contract_b1.enc
2025-11-16 23:16:05.078 11285-11285 ContractCodeStorage     com.cdccreditsmart.app               D  Successfully saved to file: .sys_device_cfg.enc
2025-11-16 23:16:05.086 11285-11285 ContractCodeStorage     com.cdccreditsmart.app               D  Successfully saved to file: .android_secure.enc
2025-11-16 23:16:05.105 11285-11285 ContractCodeStorage     com.cdccreditsmart.app               D  Contract code saved to ALL storage locations
2025-11-16 23:16:05.138 11285-11285 ContractCodeStorage     com.cdccreditsmart.app               D  Verification complete: 7/7 locations valid
2025-11-16 23:16:05.139 11285-11285 SecureTokenStorage      com.cdccreditsmart.app               D  Auth token saved successfully (contract code via ContractCodeStorage, deviceId: device_176...)
2025-11-16 23:16:05.139 11285-11285 PairingViewModel        com.cdccreditsmart.app               I  ðŸš€ Iniciando CdcForegroundService para MDM...
2025-11-16 23:16:05.141 11285-11285 CdcForegroundService    com.cdccreditsmart.app               I  âœ… ServiÃ§o iniciado via startService()
2025-11-16 23:16:05.141 11285-11285 PairingViewModel        com.cdccreditsmart.app               D  ðŸ”Œ step3ConnectWebSocket chamado - CustomerName: 'Marcos Antunes', DeviceModel: 'G15 Power'
2025-11-16 23:16:05.141 11285-11285 PairingViewModel        com.cdccreditsmart.app               D  Registering FCM token with backend...
2025-11-16 23:16:05.142 11285-11344 FcmTokenManager         com.cdccreditsmart.app               D  ========== REGISTERING FCM TOKEN WITH BACKEND ==========
2025-11-16 23:16:05.142 11285-11285 WebSocketManager        com.cdccreditsmart.app               D  Connecting to WebSocket: wss://cdccreditsmart.com/ws/flow-status
2025-11-16 23:16:05.143 11285-11344 FcmTokenManager         com.cdccreditsmart.app               D  Current FCM token retrieved: e03a_XMWQ8COYFmYQkVw...
2025-11-16 23:16:05.144 11285-11285 PairingViewModel        com.cdccreditsmart.app               D  Auto-polling stopped
2025-11-16 23:16:05.145 11285-11344 FcmTokenManager         com.cdccreditsmart.app               D  Sending FCM token to backend (payload: {"fcmToken": "e03a_XMWQ8COYFmYQkVw..."})
2025-11-16 23:16:05.145 11285-11344 FcmTokenManager         com.cdccreditsmart.app               D  Sending POST https://cdccreditsmart.com/api/apk/device/fcm-token...
2025-11-16 23:16:05.150 11285-11285 CdcForegroundService    com.cdccreditsmart.app               D  ðŸ“± ServiÃ§o onCreate()
2025-11-16 23:16:05.152 11285-11285 CdcForegroundService    com.cdccreditsmart.app               D  âœ… Canal de notificaÃ§Ã£o criado
2025-11-16 23:16:05.153 11285-11285 CdcForegroundService    com.cdccreditsmart.app               I  âœ… ScreenStateReceiver registrado
2025-11-16 23:16:05.153 11285-11285 CdcForegroundService    com.cdccreditsmart.app               D  ðŸš€ ServiÃ§o onStartCommand() - Action: com.cdccreditsmart.app.START_SERVICE
2025-11-16 23:16:05.161 11285-11285 CdcForegroundService    com.cdccreditsmart.app               I  âœ… Foreground Service ativo (Android 12+)
2025-11-16 23:16:05.164 11285-11343 CdcForegroundService    com.cdccreditsmart.app               I  ðŸ”§ ========================================
2025-11-16 23:16:05.164 11285-11343 CdcForegroundService    com.cdccreditsmart.app               I  ðŸ”§ INICIANDO initializeServices()...
2025-11-16 23:16:05.164 11285-11343 CdcForegroundService    com.cdccreditsmart.app               I  ðŸ”§ ========================================
2025-11-16 23:16:05.548 11285-11344 FcmTokenManager         com.cdccreditsmart.app               D  Response code: 200
2025-11-16 23:16:05.548 11285-11344 FcmTokenManager         com.cdccreditsmart.app               D  âœ… FCM token registered successfully
2025-11-16 23:16:05.548 11285-11344 FcmTokenManager         com.cdccreditsmart.app               D  Response: {"success":true,"message":"FCM token registrado com sucesso"}
2025-11-16 23:16:05.549 11285-11344 PairingViewModel        com.cdccreditsmart.app               D  âœ… FCM token registered successfully
2025-11-16 23:16:05.677 11285-11344 ContractCodeStorage     com.cdccreditsmart.app               D  Retrieving contract code from storage
2025-11-16 23:16:05.704 11285-11417 WebSocketManager        com.cdccreditsmart.app               D  WebSocket connection opened
2025-11-16 23:16:05.704 11285-11417 WebSocketManager        com.cdccreditsmart.app               D  WebSocket connected for contract: AFD8YG79
2025-11-16 23:16:05.704 11285-11417 WebSocketManager        com.cdccreditsmart.app               D  Starting heartbeat
2025-11-16 23:16:05.761 11285-11344 ContractCodeStorage     com.cdccreditsmart.app               D  Storage verification: 7 valid, 0 tampered, 0 missing
2025-11-16 23:16:05.761 11285-11344 ContractCodeStorage     com.cdccreditsmart.app               D  Contract code retrieved successfully
2025-11-16 23:16:05.762 11285-11344 SecureTokenStorage      com.cdccreditsmart.app               W  âš ï¸ Usando Device ID para MDM (IMEI e SerialNumber indisponÃ­veis): device_17633457...
2025-11-16 23:16:05.762 11285-11344 CdcForegroundService    com.cdccreditsmart.app               I  ðŸ” AuthToken presente: true
2025-11-16 23:16:05.762 11285-11344 CdcForegroundService    com.cdccreditsmart.app               I  ðŸ” AuthToken length: 260
2025-11-16 23:16:05.762 11285-11344 CdcForegroundService    com.cdccreditsmart.app               I  ðŸ” ContractCode presente: true
2025-11-16 23:16:05.762 11285-11344 CdcForegroundService    com.cdccreditsmart.app               I  ðŸ” ContractCode value: AFD8****
2025-11-16 23:16:05.762 11285-11344 CdcForegroundService    com.cdccreditsmart.app               I  ðŸ” MDM SerialNumber presente: true
2025-11-16 23:16:05.762 11285-11344 CdcForegroundService    com.cdccreditsmart.app               I  ðŸ” MDM SerialNumber value: device_1...
2025-11-16 23:16:05.762 11285-11344 CdcForegroundService    com.cdccreditsmart.app               I  ðŸ”§ ========================================
2025-11-16 23:16:05.762 11285-11344 CdcForegroundService    com.cdccreditsmart.app               I  ðŸ”§ INICIALIZANDO MDM COM SERIAL NUMBER: device_1...
2025-11-16 23:16:05.762 11285-11344 CdcForegroundService    com.cdccreditsmart.app               I  ðŸ”§ ========================================
2025-11-16 23:16:05.762 11285-11344 CdcForegroundService    com.cdccreditsmart.app               I  ðŸ” Tokens encontrados - inicializando serviÃ§os MDM
2025-11-16 23:16:05.762 11285-11344 CdcForegroundService    com.cdccreditsmart.app               D  ðŸ“¡ Criando MdmCommandReceiver (usando serialNumber do SecureTokenStorage)...
2025-11-16 23:16:05.783 11285-11344 MdmCommandReceiver      com.cdccreditsmart.app               D  âœ… Foreground service reference set for WakeLock management
2025-11-16 23:16:05.783 11285-11344 CdcForegroundService    com.cdccreditsmart.app               D  ðŸ”‹ Foreground service reference passada para MdmCommandReceiver
2025-11-16 23:16:05.783 11285-11344 CdcForegroundService    com.cdccreditsmart.app               I  ðŸ“¡ ========================================
2025-11-16 23:16:05.783 11285-11344 CdcForegroundService    com.cdccreditsmart.app               I  ðŸ“¡ CONECTANDO WebSocket MDM...
2025-11-16 23:16:05.783 11285-11344 CdcForegroundService    com.cdccreditsmart.app               I  ðŸ“¡ ========================================
2025-11-16 23:16:05.783 11285-11344 CdcForegroundService    com.cdccreditsmart.app               I  ðŸ“¡ AuthToken length: 260 caracteres
2025-11-16 23:16:05.783 11285-11344 CdcForegroundService    com.cdccreditsmart.app               I  ðŸ“¡ AuthToken preview: eyJhbGciOiJIUzI1NiIs...
2025-11-16 23:16:05.783 11285-11344 CdcForegroundService    com.cdccreditsmart.app               I  ðŸ“¡ Contract code: AFD8YG79
2025-11-16 23:16:05.783 11285-11344 CdcForegroundService    com.cdccreditsmart.app               I  ðŸ“¡ Chamando mdmReceiver.connectMdmWebSocket()...
2025-11-16 23:16:05.784 11285-11344 SecureTokenStorage      com.cdccreditsmart.app               W  âš ï¸ Usando Device ID para MDM (IMEI e SerialNumber indisponÃ­veis): device_17633457...
2025-11-16 23:16:05.784 11285-11344 MdmCommandReceiver      com.cdccreditsmart.app               I  ðŸ”— Iniciando conexÃ£o WebSocket MDM...
2025-11-16 23:16:05.784 11285-11344 MdmCommandReceiver      com.cdccreditsmart.app               D  ðŸ”— URL: wss://cdccreditsmart.com/ws
2025-11-16 23:16:05.784 11285-11344 MdmCommandReceiver      com.cdccreditsmart.app               D  ðŸ”— JWT Token presente: true
2025-11-16 23:16:05.784 11285-11344 MdmCommandReceiver      com.cdccreditsmart.app               D  ðŸ”— Using serialNumber: device_176...
2025-11-16 23:16:05.784 11285-11344 MdmCommandReceiver      com.cdccreditsmart.app               D  ðŸ”Œ MDM Command Receiver desconectado
2025-11-16 23:16:05.784 11285-11344 MdmCommandReceiver      com.cdccreditsmart.app               D  ðŸ”— Criando WebSocket OkHttp...
2025-11-16 23:16:05.784 11285-11344 MdmCommandReceiver      com.cdccreditsmart.app               D  ðŸ”— WebSocket request enviado - aguardando resposta...
2025-11-16 23:16:05.785 11285-11344 CdcForegroundService    com.cdccreditsmart.app               I  ðŸ“¡ ========================================
2025-11-16 23:16:05.785 11285-11344 CdcForegroundService    com.cdccreditsmart.app               I  ðŸ“¡ connectMdmWebSocket() CHAMADO - Aguardando conexÃ£o...
2025-11-16 23:16:05.785 11285-11344 CdcForegroundService    com.cdccreditsmart.app               I  ðŸ“¡ PrÃ³ximo log esperado: 'âœ… WebSocket MDM CONECTADO'
2025-11-16 23:16:05.785 11285-11344 CdcForegroundService    com.cdccreditsmart.app               I  ðŸ“¡ ========================================
2025-11-16 23:16:05.785 11285-11344 CdcForegroundService    com.cdccreditsmart.app               D  ðŸ“¡ Criando WebSocketManager (flow-status)...
2025-11-16 23:16:05.785 11285-11344 WebSocketManager        com.cdccreditsmart.app               D  Connecting to WebSocket: wss://cdccreditsmart.com/ws/flow-status
2025-11-16 23:16:05.786 11285-11344 CdcForegroundService    com.cdccreditsmart.app               I  ðŸ“¡ WebSocketManager inicializado
2025-11-16 23:16:05.786 11285-11344 CdcForegroundService    com.cdccreditsmart.app               D  ðŸ” Criando BlockedAppInterceptor...
2025-11-16 23:16:05.787 11285-11344 BlockedAppInterceptor   com.cdccreditsmart.app               I  ðŸ” Iniciando monitoramento de apps bloqueados...
2025-11-16 23:16:05.787 11285-11344 CdcForegroundService    com.cdccreditsmart.app               I  ðŸ” BlockedAppInterceptor inicializado e monitorando
2025-11-16 23:16:05.788 11285-11344 HeartbeatWorker         com.cdccreditsmart.app               I  âœ… Heartbeat agendado via WorkManager (15min com flex 5min)
2025-11-16 23:16:05.788 11285-11344 CdcForegroundService    com.cdccreditsmart.app               I  âœ… Todos os serviÃ§os inicializados com sucesso
2025-11-16 23:16:05.789 11285-11343 BlockedAppInterceptor   com.cdccreditsmart.app               D  ðŸ”‹ OTIMIZAÃ‡ÃƒO: Sem apps bloqueados - pausando monitoramento (60s)
2025-11-16 23:16:06.057 11285-11422 WebSocketManager        com.cdccreditsmart.app               D  WebSocket connection opened
2025-11-16 23:16:06.057 11285-11422 WebSocketManager        com.cdccreditsmart.app               D  WebSocket connected for contract: AFD8YG79
2025-11-16 23:16:06.057 11285-11422 WebSocketManager        com.cdccreditsmart.app               D  Starting heartbeat
2025-11-16 23:16:06.067 11285-11421 MdmCommandReceiver      com.cdccreditsmart.app               I  âœ… WebSocket MDM CONECTADO COM SUCESSO!
2025-11-16 23:16:06.067 11285-11421 MdmCommandReceiver      com.cdccreditsmart.app               D  âœ… Response code: 101
2025-11-16 23:16:06.067 11285-11421 MdmCommandReceiver      com.cdccreditsmart.app               I  ðŸ”„ Iniciando polling fallback (30s)...
2025-11-16 23:16:06.067 11285-11421 MdmCommandReceiver      com.cdccreditsmart.app               D  ðŸ“¥ Mensagem MDM recebida: {"type":"welcome","message":"Connected to unified WebSocket server","connectionId":"183636d5-66d9-454d-97be-2d7bea1e6785","path":"/ws","routerKey":"device-control","timestamp":"2025-11-17T02:16:07.716Z","serverTime":"2025-11-17T02:16:07.716Z"}
2025-11-16 23:16:06.067 11285-11343 MdmCommandReceiver      com.cdccreditsmart.app               I  ðŸ”„ Iniciando polling fallback MDM (intervalo: 30s)
2025-11-16 23:16:06.068 11285-11343 MdmCommandReceiver      com.cdccreditsmart.app               I  ðŸ“Š Conforme especificaÃ§Ã£o: 30 segundos entre requests
2025-11-16 23:16:06.068 11285-11343 MdmCommandReceiver      com.cdccreditsmart.app               D  ðŸ” [Polling #1] Verificando comandos pendentes...
2025-11-16 23:16:06.068 11285-11344 MdmCommandReceiver      com.cdccreditsmart.app               D  ðŸ“¥ JSON recebido: {"type":"welcome","message":"Connected to unified WebSocket server","connectionId":"183636d5-66d9-454d-97be-2d7bea1e6785","path":"/ws","routerKey":"device-control","timestamp":"2025-11-17T02:16:07.716Z","serverTime":"2025-11-17T02:16:07.716Z"}
2025-11-16 23:16:06.070 11285-11343 SecureTokenStorage      com.cdccreditsmart.app               W  âš ï¸ Usando Device ID para MDM (IMEI e SerialNumber indisponÃ­veis): device_17633457...
2025-11-16 23:16:06.070 11285-11343 MdmCommandReceiver      com.cdccreditsmart.app               D  ðŸ” Buscando comandos pendentes com identifier: device_176...
2025-11-16 23:16:06.102 11285-11344 MdmCommandReceiver      com.cdccreditsmart.app               D  ðŸ“¨ Tipo de mensagem: welcome
2025-11-16 23:16:06.102 11285-11344 MdmCommandReceiver      com.cdccreditsmart.app               D  ðŸ‘‹ Mensagem de boas-vindas do servidor
2025-11-16 23:16:06.103 11285-11398 okhttp.OkHttpClient     com.cdccreditsmart.app               I  --> GET https://cdccreditsmart.com/api/apk/device/device_1763345744228_4fyqpmlmh75/commands
2025-11-16 23:16:06.103 11285-11398 okhttp.OkHttpClient     com.cdccreditsmart.app               I  --> END GET
2025-11-16 23:16:06.472 11285-11398 okhttp.OkHttpClient     com.cdccreditsmart.app               I  <-- 200 https://cdccreditsmart.com/api/apk/device/device_1763345744228_4fyqpmlmh75/commands (368ms)
2025-11-16 23:16:06.472 11285-11398 okhttp.OkHttpClient     com.cdccreditsmart.app               I  access-control-allow-credentials: true
2025-11-16 23:16:06.472 11285-11398 okhttp.OkHttpClient     com.cdccreditsmart.app               I  access-control-allow-headers: Origin, X-Requested-With, Content-Type, Accept, Authorization, x-client-key, x-client-token, x-client-secret, cache-control
2025-11-16 23:16:06.472 11285-11398 okhttp.OkHttpClient     com.cdccreditsmart.app               I  access-control-allow-methods: GET, POST, PUT, PATCH, DELETE, OPTIONS
2025-11-16 23:16:06.472 11285-11398 okhttp.OkHttpClient     com.cdccreditsmart.app               I  access-control-allow-origin: *
2025-11-16 23:16:06.472 11285-11398 okhttp.OkHttpClient     com.cdccreditsmart.app               I  access-control-max-age: 86400
2025-11-16 23:16:06.472 11285-11398 okhttp.OkHttpClient     com.cdccreditsmart.app               I  content-length: 105
2025-11-16 23:16:06.472 11285-11398 okhttp.OkHttpClient     com.cdccreditsmart.app               I  content-security-policy: default-src 'self'; script-src 'self' 'unsafe-inline' 'unsafe-eval' https://replit.com; style-src 'self' 'unsafe-inline' https://replit.com; img-src 'self' data: https:; font-src 'self' data: https://replit.com; connect-src 'self';
2025-11-16 23:16:06.472 11285-11398 okhttp.OkHttpClient     com.cdccreditsmart.app               I  content-type: application/json; charset=utf-8
2025-11-16 23:16:06.472 11285-11398 okhttp.OkHttpClient     com.cdccreditsmart.app               I  date: Mon, 17 Nov 2025 02:16:08 GMT
2025-11-16 23:16:06.472 11285-11398 okhttp.OkHttpClient     com.cdccreditsmart.app               I  etag: W/"69-H5UyKQcmxNYYA3rh8nPao1qiPuA"
2025-11-16 23:16:06.472 11285-11398 okhttp.OkHttpClient     com.cdccreditsmart.app               I  permissions-policy: geolocation=(), microphone=(), camera=()
2025-11-16 23:16:06.472 11285-11398 okhttp.OkHttpClient     com.cdccreditsmart.app               I  referrer-policy: strict-origin-when-cross-origin
2025-11-16 23:16:06.472 11285-11398 okhttp.OkHttpClient     com.cdccreditsmart.app               I  server: Google Frontend
2025-11-16 23:16:06.472 11285-11398 okhttp.OkHttpClient     com.cdccreditsmart.app               I  strict-transport-security: max-age=63072000; includeSubDomains
2025-11-16 23:16:06.472 11285-11398 okhttp.OkHttpClient     com.cdccreditsmart.app               I  strict-transport-security: max-age=31536000; includeSubDomains
2025-11-16 23:16:06.472 11285-11398 okhttp.OkHttpClient     com.cdccreditsmart.app               I  x-anti-fraud-protection: active
2025-11-16 23:16:06.472 11285-11398 okhttp.OkHttpClient     com.cdccreditsmart.app               I  x-certificate-pinning-enabled: false
2025-11-16 23:16:06.472 11285-11398 okhttp.OkHttpClient     com.cdccreditsmart.app               I  x-certificate-pinning-status: disabled-for-stability
2025-11-16 23:16:06.472 11285-11398 okhttp.OkHttpClient     com.cdccreditsmart.app               I  x-cloud-trace-context: 1c3d856e47879065101f4db141ec8e8e
2025-11-16 23:16:06.472 11285-11398 okhttp.OkHttpClient     com.cdccreditsmart.app               I  x-content-type-options: nosniff
2025-11-16 23:16:06.472 11285-11398 okhttp.OkHttpClient     com.cdccreditsmart.app               I  x-financial-data-protection: enabled
2025-11-16 23:16:06.472 11285-11398 okhttp.OkHttpClient     com.cdccreditsmart.app               I  x-frame-options: DENY
2025-11-16 23:16:06.472 11285-11398 okhttp.OkHttpClient     com.cdccreditsmart.app               I  x-transaction-security-level: maximum
2025-11-16 23:16:06.472 11285-11398 okhttp.OkHttpClient     com.cdccreditsmart.app               I  x-xss-protection: 1; mode=block
2025-11-16 23:16:06.472 11285-11398 okhttp.OkHttpClient     com.cdccreditsmart.app               I  via: 1.1 google
2025-11-16 23:16:06.472 11285-11398 okhttp.OkHttpClient     com.cdccreditsmart.app               I  alt-svc: h3=":443"; ma=2592000,h3-29=":443"; ma=2592000
2025-11-16 23:16:06.473 11285-11398 okhttp.OkHttpClient     com.cdccreditsmart.app               I  {"deviceId":"device_1763345744228_4fyqpmlmh75","serialNumber":"AFD8YG79","commandsCount":0,"commands":[]}
2025-11-16 23:16:06.473 11285-11398 okhttp.OkHttpClient     com.cdccreditsmart.app               I  <-- END HTTP (105-byte body)
2025-11-16 23:16:06.473 11285-11344 MdmCommandReceiver      com.cdccreditsmart.app               D  âœ… Nenhum comando pendente
2025-11-16 23:16:06.474 11285-11344 MdmCommandReceiver      com.cdccreditsmart.app               D  ðŸ“Š Fetch duration: 404ms
2025-11-16 23:16:06.474 11285-11344 MdmCommandReceiver      com.cdccreditsmart.app               D  â³ [Polling #1] Aguardando 29594ms atÃ© prÃ³xima verificaÃ§Ã£o...
2025-11-16 23:16:07.145 11285-11285 PairingViewModel        com.cdccreditsmart.app               I  ðŸ’¾ Salvando dados no fallback (apÃ³s 2s) - CustomerName: 'Marcos Antunes', DeviceModel: 'G15 Power'
2025-11-16 23:16:07.145 11285-11285 SecureTokenStorage      com.cdccreditsmart.app               D  ðŸ’¾ Salvando customer info - Name: Marcos Antunes, Device: G15 Power
2025-11-16 23:16:07.146 11285-11285 SecureTokenStorage      com.cdccreditsmart.app               D  âœ… CustomerName salvo: Marcos Antunes
2025-11-16 23:16:07.146 11285-11285 SecureTokenStorage      com.cdccreditsmart.app               D  âœ… DeviceModel salvo: G15 Power
2025-11-16 23:16:07.146 11285-11285 SecureTokenStorage      com.cdccreditsmart.app               I  âœ… Customer info saved successfully!
2025-11-16 23:16:09.012 11285-11285 PairingViewModel        com.cdccreditsmart.app               D  ðŸš€ Iniciando pareamento com cÃ³digo: AFD8****
2025-11-16 23:16:09.013 11285-11285 NetworkConnectivity     com.cdccreditsmart.app               D  âœ… Conectado via WiFi com internet
2025-11-16 23:16:09.014 11285-11285 PairingViewModel        com.cdccreditsmart.app               D  ðŸ“¶ Estado da rede: Conectado via WiFi
2025-11-16 23:16:09.014 11285-11285 PairingViewModel        com.cdccreditsmart.app               D  âœ… Usando autenticaÃ§Ã£o moderna: POST /api/apk/auth
2025-11-16 23:16:09.014 11285-11285 PairingViewModel        com.cdccreditsmart.app               D  ========== APK AUTHENTICATION ==========
2025-11-16 23:16:09.014 11285-11285 PairingViewModel        com.cdccreditsmart.app               D  Pairing Code: [REDACTED]
2025-11-16 23:16:09.014 11285-11285 PairingViewModel        com.cdccreditsmart.app               D  ðŸ” Tentando conceder permissÃ£o READ_PHONE_STATE antes de coletar IMEI...
2025-11-16 23:16:09.019 11285-11285 AutoPermissionManager   com.cdccreditsmart.app               E  âŒ App nÃ£o Ã© Device Owner - nÃ£o pode conceder permissÃ£o: android.permission.READ_PHONE_STATE
2025-11-16 23:16:09.019 11285-11285 PairingViewModel        com.cdccreditsmart.app               W  âš ï¸ NÃ£o foi possÃ­vel conceder READ_PHONE_STATE automaticamente
2025-11-16 23:16:09.019 11285-11285 PairingViewModel        com.cdccreditsmart.app               W     Isso pode ocorrer se o app nÃ£o estiver provisionado como Device Owner
2025-11-16 23:16:09.019 11285-11285 DeviceInfoManager       com.cdccreditsmart.app               I  ========================================
2025-11-16 23:16:09.019 11285-11285 DeviceInfoManager       com.cdccreditsmart.app               I  ðŸ“± Coletando informaÃ§Ãµes de IMEI do dispositivo
2025-11-16 23:16:09.019 11285-11285 DeviceInfoManager       com.cdccreditsmart.app               I  ========================================
2025-11-16 23:16:09.019 11285-11285 DeviceInfoManager       com.cdccreditsmart.app               W  âŒ PermissÃ£o READ_PHONE_STATE nÃ£o concedida
2025-11-16 23:16:09.019 11285-11285 PairingViewModel        com.cdccreditsmart.app               W  âš ï¸ MODO DEBUG: PermissÃ£o READ_PHONE_STATE nÃ£o concedida
2025-11-16 23:16:09.019 11285-11285 PairingViewModel        com.cdccreditsmart.app               W  âš ï¸ MODO DEBUG: Prosseguindo SEM IMEI (Device Owner nÃ£o configurado)
2025-11-16 23:16:09.019 11285-11285 PairingViewModel        com.cdccreditsmart.app               D  Sending POST /api/apk/auth...
2025-11-16 23:16:09.019 11285-11285 PairingViewModel        com.cdccreditsmart.app               D  Request - deviceImei: null
2025-11-16 23:16:09.019 11285-11285 PairingViewModel        com.cdccreditsmart.app               D  Request - additionalImeis count: 0
2025-11-16 23:16:09.019 11285-11285 PairingViewModel        com.cdccreditsmart.app               D  Request - imeiStatus: unavailable
2025-11-16 23:16:09.023 11285-11398 okhttp.OkHttpClient     com.cdccreditsmart.app               I  --> POST https://cdccreditsmart.com/api/apk/auth
2025-11-16 23:16:09.024 11285-11398 okhttp.OkHttpClient     com.cdccreditsmart.app               I  Content-Type: application/json; charset=UTF-8
2025-11-16 23:16:09.024 11285-11398 okhttp.OkHttpClient     com.cdccreditsmart.app               I  Content-Length: 46
2025-11-16 23:16:09.024 11285-11398 okhttp.OkHttpClient     com.cdccreditsmart.app               I  {"code":"AFD8YG79","imeiStatus":"unavailable"}
2025-11-16 23:16:09.024 11285-11398 okhttp.OkHttpClient     com.cdccreditsmart.app               I  --> END POST (46-byte body)
2025-11-16 23:16:09.326 11285-11398 okhttp.OkHttpClient     com.cdccreditsmart.app               I  <-- 200 https://cdccreditsmart.com/api/apk/auth (302ms)
2025-11-16 23:16:09.326 11285-11398 okhttp.OkHttpClient     com.cdccreditsmart.app               I  access-control-allow-credentials: true
2025-11-16 23:16:09.326 11285-11398 okhttp.OkHttpClient     com.cdccreditsmart.app               I  access-control-allow-headers: Origin, X-Requested-With, Content-Type, Accept, Authorization, x-client-key, x-client-token, x-client-secret, cache-control
2025-11-16 23:16:09.326 11285-11398 okhttp.OkHttpClient     com.cdccreditsmart.app               I  access-control-allow-methods: GET, POST, PUT, PATCH, DELETE, OPTIONS
2025-11-16 23:16:09.326 11285-11398 okhttp.OkHttpClient     com.cdccreditsmart.app               I  access-control-allow-origin: *
2025-11-16 23:16:09.326 11285-11398 okhttp.OkHttpClient     com.cdccreditsmart.app               I  access-control-max-age: 86400
2025-11-16 23:16:09.326 11285-11398 okhttp.OkHttpClient     com.cdccreditsmart.app               I  content-length: 999
2025-11-16 23:16:09.326 11285-11398 okhttp.OkHttpClient     com.cdccreditsmart.app               I  content-security-policy: default-src 'self'; script-src 'self' 'unsafe-inline' 'unsafe-eval' https://replit.com; style-src 'self' 'unsafe-inline' https://replit.com; img-src 'self' data: https:; font-src 'self' data: https://replit.com; connect-src 'self';
2025-11-16 23:16:09.326 11285-11398 okhttp.OkHttpClient     com.cdccreditsmart.app               I  content-type: application/json; charset=utf-8
2025-11-16 23:16:09.326 11285-11398 okhttp.OkHttpClient     com.cdccreditsmart.app               I  date: Mon, 17 Nov 2025 02:16:10 GMT
2025-11-16 23:16:09.326 11285-11398 okhttp.OkHttpClient     com.cdccreditsmart.app               I  etag: W/"3e7-IIj9Wg3TtAdp+vpHmfAVr4a/8XQ"
2025-11-16 23:16:09.326 11285-11398 okhttp.OkHttpClient     com.cdccreditsmart.app               I  permissions-policy: geolocation=(), microphone=(), camera=()
2025-11-16 23:16:09.326 11285-11398 okhttp.OkHttpClient     com.cdccreditsmart.app               I  referrer-policy: strict-origin-when-cross-origin
2025-11-16 23:16:09.326 11285-11398 okhttp.OkHttpClient     com.cdccreditsmart.app               I  server: Google Frontend
2025-11-16 23:16:09.326 11285-11398 okhttp.OkHttpClient     com.cdccreditsmart.app               I  strict-transport-security: max-age=63072000; includeSubDomains
2025-11-16 23:16:09.326 11285-11398 okhttp.OkHttpClient     com.cdccreditsmart.app               I  strict-transport-security: max-age=31536000; includeSubDomains
2025-11-16 23:16:09.326 11285-11398 okhttp.OkHttpClient     com.cdccreditsmart.app               I  x-anti-fraud-protection: active
2025-11-16 23:16:09.326 11285-11398 okhttp.OkHttpClient     com.cdccreditsmart.app               I  x-certificate-pinning-enabled: false
2025-11-16 23:16:09.326 11285-11398 okhttp.OkHttpClient     com.cdccreditsmart.app               I  x-certificate-pinning-status: disabled-for-stability
2025-11-16 23:16:09.326 11285-11398 okhttp.OkHttpClient     com.cdccreditsmart.app               I  x-cloud-trace-context: c1cb21c7a8b48398101f4db141ec8aae
2025-11-16 23:16:09.326 11285-11398 okhttp.OkHttpClient     com.cdccreditsmart.app               I  x-content-type-options: nosniff
2025-11-16 23:16:09.326 11285-11398 okhttp.OkHttpClient     com.cdccreditsmart.app               I  x-financial-data-protection: enabled
2025-11-16 23:16:09.326 11285-11398 okhttp.OkHttpClient     com.cdccreditsmart.app               I  x-frame-options: DENY
2025-11-16 23:16:09.326 11285-11398 okhttp.OkHttpClient     com.cdccreditsmart.app               I  x-transaction-security-level: maximum
2025-11-16 23:16:09.326 11285-11398 okhttp.OkHttpClient     com.cdccreditsmart.app               I  x-xss-protection: 1; mode=block
2025-11-16 23:16:09.326 11285-11398 okhttp.OkHttpClient     com.cdccreditsmart.app               I  via: 1.1 google
2025-11-16 23:16:09.327 11285-11398 okhttp.OkHttpClient     com.cdccreditsmart.app               I  alt-svc: h3=":443"; ma=2592000,h3-29=":443"; ma=2592000
2025-11-16 23:16:09.327 11285-11398 okhttp.OkHttpClient     com.cdccreditsmart.app               I  {"success":true,"authenticated":true,"authToken":"eyJhbGciOiJIUzI1NiIsInR5cCI6IkpXVCJ9.eyJkZXZpY2VJZCI6ImRldmljZV8xNzYzMzQ1NzQ0MjI4XzRmeXFwbWxtaDc1IiwiYXBrVG9rZW4iOiJBRkQ4WUc3OSIsInR5cGUiOiJhcGsiLCJleHBpcmVzSW4iOiIyNGgiLCJpYXQiOjE3NjMzNDU3NzAsImV4cCI6MTc2MzQzMjE3MH0.-nHaQzXOB5cmRRRabqjyp3IesfnvKMcehFVCkcySrMc","expiresIn":86400,"expiresAt":"2025-11-18T02:16:10.972Z","device":{"id":"device_1763345744228_4fyqpmlmh75","name":"Moto G15 Power","model":"G15 Power","brand":"Motorola","imei":"353104903560533","imeiList":["353104903560533"],"isBlocked":false,"status":"active","blockReason":null,"totalValue":"100.00","installmentValue":"8.99","installmentCount":24,"saleDate":"2025-11-17T02:16:05.000Z"},"customer":{"name":"Marcos Antunes","phone":"85981888810","cpf":"06452784323"},"store":{"name":"Loja Zona Sul","phone":"(11) 77777-9012","email":"zonasul@loja.com"},"paymentSummary":{"total":24,"paid":0,"pending":24,"overdue":0,"totalAmount":100,"paidAmount":0,"pendingAmount":215.76000000000005}}
2025-11-16 23:16:09.327 11285-11398 okhttp.OkHttpClient     com.cdccreditsmart.app               I  <-- END HTTP (999-byte body)
2025-11-16 23:16:09.328 11285-11285 PairingViewModel        com.cdccreditsmart.app               D  Response code: 200
2025-11-16 23:16:09.328 11285-11285 PairingViewModel        com.cdccreditsmart.app               D  Response message: 
2025-11-16 23:16:09.328 11285-11285 PairingViewModel        com.cdccreditsmart.app               D  Response body received
2025-11-16 23:16:09.328 11285-11285 PairingViewModel        com.cdccreditsmart.app               D  âœ… APK Authentication successful!
2025-11-16 23:16:09.328 11285-11285 PairingViewModel        com.cdccreditsmart.app               D  Auth token received, expires in 86400s
2025-11-16 23:16:09.328 11285-11285 PairingViewModel        com.cdccreditsmart.app               D  Device: Motorola G15 Power
2025-11-16 23:16:09.328 11285-11285 PairingViewModel        com.cdccreditsmart.app               D  Device ID: device_1763345744228_4fyqpmlmh75
2025-11-16 23:16:09.328 11285-11285 PairingViewModel        com.cdccreditsmart.app               D  Customer: Marcos Antunes
2025-11-16 23:16:09.328 11285-11285 PairingViewModel        com.cdccreditsmart.app               I  ðŸ“Š DADOS DO BACKEND - CustomerName: 'Marcos Antunes', DeviceModel: 'G15 Power'
2025-11-16 23:16:09.329 11285-11285 ContractCodeStorage     com.cdccreditsmart.app               D  Saving contract code to redundant storage
2025-11-16 23:16:09.354 11285-11285 ContractCodeStorage     com.cdccreditsmart.app               D  Saved to EncryptedPrefs
2025-11-16 23:16:09.377 11285-11285 ContractCodeStorage     com.cdccreditsmart.app               D  Deleted existing file: .cdc_protected_code.enc
2025-11-16 23:16:09.383 11285-11285 ContractCodeStorage     com.cdccreditsmart.app               D  Successfully saved to file: .cdc_protected_code.enc
2025-11-16 23:16:09.383 11285-11285 ContractCodeStorage     com.cdccreditsmart.app               D  Saved to Protected Storage
2025-11-16 23:16:09.384 11285-11285 ContractCodeStorage     com.cdccreditsmart.app               D  Deleted existing file: .cdc_contract_b1.enc
2025-11-16 23:16:09.392 11285-11285 ContractCodeStorage     com.cdccreditsmart.app               D  Successfully saved to file: .cdc_contract_b1.enc
2025-11-16 23:16:09.392 11285-11285 ContractCodeStorage     com.cdccreditsmart.app               D  Deleted existing file: .sys_device_cfg.enc
2025-11-16 23:16:09.403 11285-11285 ContractCodeStorage     com.cdccreditsmart.app               D  Successfully saved to file: .sys_device_cfg.enc
2025-11-16 23:16:09.403 11285-11285 ContractCodeStorage     com.cdccreditsmart.app               D  Deleted existing file: .android_secure.enc
2025-11-16 23:16:09.414 11285-11285 ContractCodeStorage     com.cdccreditsmart.app               D  Successfully saved to file: .android_secure.enc
2025-11-16 23:16:09.418 11285-11285 ContractCodeStorage     com.cdccreditsmart.app               D  Contract code saved to ALL storage locations
2025-11-16 23:16:09.444 11285-11285 ContractCodeStorage     com.cdccreditsmart.app               D  Verification complete: 7/7 locations valid
2025-11-16 23:16:09.444 11285-11285 SecureTokenStorage      com.cdccreditsmart.app               D  Auth token saved successfully (contract code via ContractCodeStorage, deviceId: device_176...)
2025-11-16 23:16:09.445 11285-11285 SecureTokenStorage      com.cdccreditsmart.app               D  Serial number saved: AFD8YG...
2025-11-16 23:16:09.445 11285-11285 PairingViewModel        com.cdccreditsmart.app               D  â„¹ï¸ Nenhum IMEI para armazenar (dispositivo sem telefonia ou erro)
2025-11-16 23:16:09.445 11285-11285 PairingViewModel        com.cdccreditsmart.app               I  ðŸš€ Iniciando CdcForegroundService para MDM...
2025-11-16 23:16:09.446 11285-11285 CdcForegroundService    com.cdccreditsmart.app               I  âœ… ServiÃ§o iniciado via startService()
2025-11-16 23:16:09.446 11285-11285 PairingViewModel        com.cdccreditsmart.app               I  ðŸ”„ Passando para step3 - CustomerName: 'Marcos Antunes', DeviceModel: 'G15 Power'
2025-11-16 23:16:09.446 11285-11285 PairingViewModel        com.cdccreditsmart.app               D  ðŸ”Œ step3ConnectWebSocket chamado - CustomerName: 'Marcos Antunes', DeviceModel: 'G15 Power'
2025-11-16 23:16:09.446 11285-11285 PairingViewModel        com.cdccreditsmart.app               D  Registering FCM token with backend...
2025-11-16 23:16:09.447 11285-11344 FcmTokenManager         com.cdccreditsmart.app               D  ========== REGISTERING FCM TOKEN WITH BACKEND ==========
2025-11-16 23:16:09.447 11285-11285 WebSocketManager        com.cdccreditsmart.app               D  Connecting to WebSocket: wss://cdccreditsmart.com/ws/flow-status
2025-11-16 23:16:09.449 11285-11344 FcmTokenManager         com.cdccreditsmart.app               D  Current FCM token retrieved: e03a_XMWQ8COYFmYQkVw...
2025-11-16 23:16:09.456 11285-11344 FcmTokenManager         com.cdccreditsmart.app               D  Token already registered and cache is valid, skipping...
2025-11-16 23:16:09.457 11285-11344 PairingViewModel        com.cdccreditsmart.app               D  âœ… FCM token registered successfully
2025-11-16 23:16:09.459 11285-11285 CdcForegroundService    com.cdccreditsmart.app               D  ðŸš€ ServiÃ§o onStartCommand() - Action: com.cdccreditsmart.app.START_SERVICE
2025-11-16 23:16:09.461 11285-11285 CdcForegroundService    com.cdccreditsmart.app               I  âœ… Foreground Service ativo (Android 12+)
2025-11-16 23:16:09.462 11285-11344 CdcForegroundService    com.cdccreditsmart.app               I  ðŸ”§ ========================================
2025-11-16 23:16:09.462 11285-11344 CdcForegroundService    com.cdccreditsmart.app               I  ðŸ”§ INICIANDO initializeServices()...
2025-11-16 23:16:09.462 11285-11344 CdcForegroundService    com.cdccreditsmart.app               I  ðŸ”§ ========================================
2025-11-16 23:16:09.727 11285-11428 WebSocketManager        com.cdccreditsmart.app               D  WebSocket connection opened
2025-11-16 23:16:09.727 11285-11428 WebSocketManager        com.cdccreditsmart.app               D  WebSocket connected for contract: AFD8YG79
2025-11-16 23:16:09.727 11285-11428 WebSocketManager        com.cdccreditsmart.app               D  Starting heartbeat
2025-11-16 23:16:09.976 11285-11343 ContractCodeStorage     com.cdccreditsmart.app               D  Retrieving contract code from storage
2025-11-16 23:16:10.069 11285-11343 ContractCodeStorage     com.cdccreditsmart.app               D  Storage verification: 7 valid, 0 tampered, 0 missing
2025-11-16 23:16:10.069 11285-11343 ContractCodeStorage     com.cdccreditsmart.app               D  Contract code retrieved successfully
2025-11-16 23:16:10.072 11285-11343 SecureTokenStorage      com.cdccreditsmart.app               D  âš ï¸ Usando Serial Number para MDM (IMEI indisponÃ­vel): AFD8YG...
2025-11-16 23:16:10.072 11285-11343 CdcForegroundService    com.cdccreditsmart.app               I  ðŸ” AuthToken presente: true
2025-11-16 23:16:10.072 11285-11343 CdcForegroundService    com.cdccreditsmart.app               I  ðŸ” AuthToken length: 260
2025-11-16 23:16:10.072 11285-11343 CdcForegroundService    com.cdccreditsmart.app               I  ðŸ” ContractCode presente: true
2025-11-16 23:16:10.072 11285-11343 CdcForegroundService    com.cdccreditsmart.app               I  ðŸ” ContractCode value: AFD8****
2025-11-16 23:16:10.072 11285-11343 CdcForegroundService    com.cdccreditsmart.app               I  ðŸ” MDM SerialNumber presente: true
2025-11-16 23:16:10.072 11285-11343 CdcForegroundService    com.cdccreditsmart.app               I  ðŸ” MDM SerialNumber value: AFD8YG79...
2025-11-16 23:16:10.073 11285-11343 CdcForegroundService    com.cdccreditsmart.app               I  ðŸ”§ ========================================
2025-11-16 23:16:10.073 11285-11343 CdcForegroundService    com.cdccreditsmart.app               I  ðŸ”§ INICIALIZANDO MDM COM SERIAL NUMBER: AFD8YG79...
2025-11-16 23:16:10.073 11285-11343 CdcForegroundService    com.cdccreditsmart.app               I  ðŸ”§ ========================================
2025-11-16 23:16:10.073 11285-11343 CdcForegroundService    com.cdccreditsmart.app               I  ðŸ” Tokens encontrados - inicializando serviÃ§os MDM
2025-11-16 23:16:10.073 11285-11343 CdcForegroundService    com.cdccreditsmart.app               D  ðŸ“¡ Criando MdmCommandReceiver (usando serialNumber do SecureTokenStorage)...
2025-11-16 23:16:10.101 11285-11343 MdmCommandReceiver      com.cdccreditsmart.app               D  âœ… Foreground service reference set for WakeLock management
2025-11-16 23:16:10.101 11285-11343 CdcForegroundService    com.cdccreditsmart.app               D  ðŸ”‹ Foreground service reference passada para MdmCommandReceiver
2025-11-16 23:16:10.101 11285-11343 CdcForegroundService    com.cdccreditsmart.app               I  ðŸ“¡ ========================================
2025-11-16 23:16:10.102 11285-11343 CdcForegroundService    com.cdccreditsmart.app               I  ðŸ“¡ CONECTANDO WebSocket MDM...
2025-11-16 23:16:10.102 11285-11343 CdcForegroundService    com.cdccreditsmart.app               I  ðŸ“¡ ========================================
