2025-12-09 14:29:56.864   666-23036 keystore2               pid-666                              I  system/security/keystore2/src/security_level.rs:237 - caller_pid=13971
2025-12-09 14:29:56.864   666-23036 keystore2               pid-666                              I  system/security/keystore2/src/security_level.rs:238 - caller_uid=10287
2025-12-09 14:29:56.864   666-23036 keystore2               pid-666                              I  system/security/keystore2/src/security_level.rs:239 - forced=false
2025-12-09 14:29:56.864   666-23036 keystore2               pid-666                              I  system/security/keystore2/src/security_level.rs:240 - key.domain=r#KEY_ID
2025-12-09 14:29:56.864   666-23036 keystore2               pid-666                              I  system/security/keystore2/src/security_level.rs:241 - key.alias=None
2025-12-09 14:29:56.864   666-23036 keystore2               pid-666                              I  system/security/keystore2/src/security_level.rs:277 - with_try_import start
2025-12-09 14:29:56.864   666-23036 keystore2               pid-666                              I  system/security/keystore2/src/security_level.rs:299 - with_try_import end
2025-12-09 14:29:56.864   666-23036 keystore2               pid-666                              I  system/security/keystore2/src/security_level.rs:333 - authorize_create start
2025-12-09 14:29:56.864   666-23036 keystore2               pid-666                              I  system/security/keystore2/src/security_level.rs:344 - authorize_create end
2025-12-09 14:29:56.864   666-23036 keystore2               pid-666                              I  system/security/keystore2/src/security_level.rs:345 - unwrap_key_if_required start
2025-12-09 14:29:56.864   666-23036 keystore2               pid-666                              I  system/security/keystore2/src/security_level.rs:353 - unwrap_key_if_required end
2025-12-09 14:29:56.864   666-23036 keystore2               pid-666                              I  system/security/keystore2/src/security_level.rs:354 - upgrade_keyblob_if_required_with start
2025-12-09 14:29:56.864   668-668   TlcKM                   pid-668                              D  TEE_Begin 5.0
2025-12-09 14:29:56.864   668-668   TlcKM                   pid-668                              D  purpose = 0x00000000
2025-12-09 14:29:56.866   668-668   TlcKM                   pid-668                              D  find_spare_operation_slot: allocate op 0x23aad5e5847bfc8c to slot #0 (1 ops live)
2025-12-09 14:29:56.867   668-668   TlcKM                   pid-668                              D  TEE_Begin exiting with 0
2025-12-09 14:29:56.868   666-23036 keystore2               pid-666                              I  system/security/keystore2/src/security_level.rs:395 - upgrade_keyblob_if_required_with end
2025-12-09 14:29:56.868   666-23036 keystore2               pid-666                              I  system/security/keystore2/src/enforcements.rs:249 - finalize_create_authorization self.state=NoAuthRequired
2025-12-09 14:29:56.868   666-23036 keystore2               pid-666                              I  system/security/keystore2/src/security_level.rs:401 - operation_db.create_operation start
2025-12-09 14:29:56.868   666-23036 keystore2               pid-666                              I  system/security/keystore2/src/security_level.rs:419 - operation_db.create_operation end
2025-12-09 14:29:56.868   668-668   TlcKM                   pid-668                              D  TEE_Update
2025-12-09 14:29:56.868   668-668   TlcKM                   pid-668                              D  split_update_chunks
2025-12-09 14:29:56.870   668-668   TlcKM                   pid-668                              D  TEE_Update exiting with 0
2025-12-09 14:29:56.870   668-668   TlcKM                   pid-668                              D  TEE_Finish
2025-12-09 14:29:56.870   668-668   TlcKM                   pid-668                              D  split_update_chunks
2025-12-09 14:29:56.871   668-668   TlcKM                   pid-668                              D  release_operation_slot: release op slot #0 (handle 0x23aad5e5847bfc8c; 0 ops live)
2025-12-09 14:29:56.871   668-668   TlcKM                   pid-668                              D  TEE_Finish exiting with 0
2025-12-09 14:29:56.871   668-668   TlcKM                   pid-668                              D  TEE_Abort
2025-12-09 14:29:56.871   668-668   TlcKM                   pid-668                              E  lookup_operation: op 0x23aad5e5847bfc8c not found
2025-12-09 14:29:56.871   668-668   TlcKM                   pid-668                              E  lookup_operation(session, operation_handle, &op) == -28
2025-12-09 14:29:56.871   668-668   TlcKM                   pid-668                              D  TEE_Abort exiting with -28
2025-12-09 14:29:56.872   666-23036 keystore2               pid-666                              I  system/security/keystore2/src/security_level.rs:235 - create_operation start
2025-12-09 14:29:56.872   666-23036 keystore2               pid-666                              I  system/security/keystore2/src/security_level.rs:237 - caller_pid=13971
2025-12-09 14:29:56.872   666-23036 keystore2               pid-666                              I  system/security/keystore2/src/security_level.rs:238 - caller_uid=10287
2025-12-09 14:29:56.872   666-23036 keystore2               pid-666                              I  system/security/keystore2/src/security_level.rs:239 - forced=false
2025-12-09 14:29:56.872   666-23036 keystore2               pid-666                              I  system/security/keystore2/src/security_level.rs:240 - key.domain=r#KEY_ID
2025-12-09 14:29:56.872   666-23036 keystore2               pid-666                              I  system/security/keystore2/src/security_level.rs:241 - key.alias=None
2025-12-09 14:29:56.872   666-23036 keystore2               pid-666                              I  system/security/keystore2/src/security_level.rs:277 - with_try_import start
2025-12-09 14:29:56.872   666-23036 keystore2               pid-666                              I  system/security/keystore2/src/security_level.rs:299 - with_try_import end
2025-12-09 14:29:56.872   666-23036 keystore2               pid-666                              I  system/security/keystore2/src/security_level.rs:333 - authorize_create start
2025-12-09 14:29:56.872   666-23036 keystore2               pid-666                              I  system/security/keystore2/src/security_level.rs:344 - authorize_create end
2025-12-09 14:29:56.872   666-23036 keystore2               pid-666                              I  system/security/keystore2/src/security_level.rs:345 - unwrap_key_if_required start
2025-12-09 14:29:56.872   666-23036 keystore2               pid-666                              I  system/security/keystore2/src/security_level.rs:353 - unwrap_key_if_required end
2025-12-09 14:29:56.872   666-23036 keystore2               pid-666                              I  system/security/keystore2/src/security_level.rs:354 - upgrade_keyblob_if_required_with start
2025-12-09 14:29:56.873   668-668   TlcKM                   pid-668                              D  TEE_Begin 5.0
2025-12-09 14:29:56.873   668-668   TlcKM                   pid-668                              D  purpose = 0x00000001
2025-12-09 14:29:56.874   668-668   TlcKM                   pid-668                              D  find_spare_operation_slot: allocate op 0xe8ecd8d3785ff09d to slot #0 (1 ops live)
2025-12-09 14:29:56.875   668-668   TlcKM                   pid-668                              D  TEE_Begin exiting with 0
2025-12-09 14:29:56.875   666-23036 keystore2               pid-666                              I  system/security/keystore2/src/security_level.rs:395 - upgrade_keyblob_if_required_with end
2025-12-09 14:29:56.875   666-23036 keystore2               pid-666                              I  system/security/keystore2/src/enforcements.rs:249 - finalize_create_authorization self.state=NoAuthRequired
2025-12-09 14:29:56.875   666-23036 keystore2               pid-666                              I  system/security/keystore2/src/security_level.rs:401 - operation_db.create_operation start
2025-12-09 14:29:56.875   666-23036 keystore2               pid-666                              I  system/security/keystore2/src/security_level.rs:419 - operation_db.create_operation end
2025-12-09 14:29:56.876   668-668   TlcKM                   pid-668                              D  TEE_Update
2025-12-09 14:29:56.876   668-668   TlcKM                   pid-668                              D  split_update_chunks
2025-12-09 14:29:56.877  8870-9417  Contacts-App            pid-8870                             D  getCachedList()-> read from cache cost 17ms
2025-12-09 14:29:56.877   668-668   TlcKM                   pid-668                              D  TEE_Update exiting with 0
2025-12-09 14:29:56.878   668-668   TlcKM                   pid-668                              D  TEE_Finish
2025-12-09 14:29:56.878   668-668   TlcKM                   pid-668                              D  split_update_chunks
2025-12-09 14:29:56.878   668-668   TlcKM                   pid-668                              D  release_operation_slot: release op slot #0 (handle 0xe8ecd8d3785ff09d; 0 ops live)
2025-12-09 14:29:56.879   668-668   TlcKM                   pid-668                              D  TEE_Finish exiting with 0
2025-12-09 14:29:56.879   668-668   TlcKM                   pid-668                              D  TEE_Abort
2025-12-09 14:29:56.879   668-668   TlcKM                   pid-668                              E  lookup_operation: op 0xe8ecd8d3785ff09d not found
2025-12-09 14:29:56.879   668-668   TlcKM                   pid-668                              E  lookup_operation(session, operation_handle, &op) == -28
2025-12-09 14:29:56.879   668-668   TlcKM                   pid-668                              D  TEE_Abort exiting with -28
2025-12-09 14:29:56.880   666-23036 keystore2               pid-666                              I  system/security/keystore2/src/security_level.rs:235 - create_operation start
2025-12-09 14:29:56.880   666-23036 keystore2               pid-666                              I  system/security/keystore2/src/security_level.rs:237 - caller_pid=13971
2025-12-09 14:29:56.880   666-23036 keystore2               pid-666                              I  system/security/keystore2/src/security_level.rs:238 - caller_uid=10287
2025-12-09 14:29:56.880   666-23036 keystore2               pid-666                              I  system/security/keystore2/src/security_level.rs:239 - forced=false
2025-12-09 14:29:56.880   666-23036 keystore2               pid-666                              I  system/security/keystore2/src/security_level.rs:240 - key.domain=r#KEY_ID
2025-12-09 14:29:56.880   666-23036 keystore2               pid-666                              I  system/security/keystore2/src/security_level.rs:241 - key.alias=None
2025-12-09 14:29:56.880   666-23036 keystore2               pid-666                              I  system/security/keystore2/src/security_level.rs:277 - with_try_import start
2025-12-09 14:29:56.880   666-23036 keystore2               pid-666                              I  system/security/keystore2/src/security_level.rs:299 - with_try_import end
2025-12-09 14:29:56.880   666-23036 keystore2               pid-666                              I  system/security/keystore2/src/security_level.rs:333 - authorize_create start
2025-12-09 14:29:56.880   666-23036 keystore2               pid-666                              I  system/security/keystore2/src/security_level.rs:344 - authorize_create end
2025-12-09 14:29:56.880   666-23036 keystore2               pid-666                              I  system/security/keystore2/src/security_level.rs:345 - unwrap_key_if_required start
2025-12-09 14:29:56.880   666-23036 keystore2               pid-666                              I  system/security/keystore2/src/security_level.rs:353 - unwrap_key_if_required end
2025-12-09 14:29:56.880   666-23036 keystore2               pid-666                              I  system/security/keystore2/src/security_level.rs:354 - upgrade_keyblob_if_required_with start
2025-12-09 14:29:56.880   668-668   TlcKM                   pid-668                              D  TEE_Begin 5.0
2025-12-09 14:29:56.880   668-668   TlcKM                   pid-668                              D  purpose = 0x00000001
2025-12-09 14:29:56.882   668-668   TlcKM                   pid-668                              D  find_spare_operation_slot: allocate op 0x3894dfa9a1fee426 to slot #0 (1 ops live)
2025-12-09 14:29:56.882   668-668   TlcKM                   pid-668                              D  TEE_Begin exiting with 0
2025-12-09 14:29:56.883   666-23036 keystore2               pid-666                              I  system/security/keystore2/src/security_level.rs:395 - upgrade_keyblob_if_required_with end
2025-12-09 14:29:56.883   666-23036 keystore2               pid-666                              I  system/security/keystore2/src/enforcements.rs:249 - finalize_create_authorization self.state=NoAuthRequired
2025-12-09 14:29:56.883   666-23036 keystore2               pid-666                              I  system/security/keystore2/src/security_level.rs:401 - operation_db.create_operation start
2025-12-09 14:29:56.883   666-23036 keystore2               pid-666                              I  system/security/keystore2/src/security_level.rs:419 - operation_db.create_operation end
2025-12-09 14:29:56.883   668-668   TlcKM                   pid-668                              D  TEE_Update
2025-12-09 14:29:56.883   668-668   TlcKM                   pid-668                              D  split_update_chunks
2025-12-09 14:29:56.885   668-668   TlcKM                   pid-668                              D  TEE_Update exiting with 0
2025-12-09 14:29:56.885  1584-3193  Hiber/importantScene    pid-1584                             I  isTrafficActive uid:10142 speed :0
2025-12-09 14:29:56.885 17711-17933 ayyr                    pid-17711                            W  IOException thrown while closing Closeable. (Ask Gemini)
                                                                                                    java.io.IOException: write failed: EBADF (Bad file descriptor)
                                                                                                    	at libcore.io.IoBridge.write(IoBridge.java:651)
                                                                                                    	at android.os.FileBridge$FileBridgeOutputStream.writeCommandAndBlock(FileBridge.java:169)
                                                                                                    	at android.os.FileBridge$FileBridgeOutputStream.close(FileBridge.java:157)
                                                                                                    	at java.io.FilterOutputStream.close(FilterOutputStream.java:188)
                                                                                                    	at ayyr.a(PG:4)
                                                                                                    	at ahjv.b(PG:334)
                                                                                                    	at ahjw.call(PG:68)
                                                                                                    	at azig.a(PG:3)
                                                                                                    	at azhm.run(PG:19)
                                                                                                    	at azih.run(PG:5)
                                                                                                    	at java.util.concurrent.ThreadPoolExecutor.runWorker(ThreadPoolExecutor.java:1145)
                                                                                                    	at java.util.concurrent.ThreadPoolExecutor$Worker.run(ThreadPoolExecutor.java:644)
                                                                                                    	at ndh.run(PG:1012)
                                                                                                    	at java.lang.Thread.run(Thread.java:1012)
                                                                                                    Caused by: android.system.ErrnoException: write failed: EBADF (Bad file descriptor)
                                                                                                    	at libcore.io.Linux.writeBytes(Native Method)
                                                                                                    	at libcore.io.Linux.write(Linux.java:296)
                                                                                                    	at libcore.io.ForwardingOs.write(ForwardingOs.java:943)
                                                                                                    	at libcore.io.BlockGuardOs.write(BlockGuardOs.java:448)
                                                                                                    	at libcore.io.ForwardingOs.write(ForwardingOs.java:943)
                                                                                                    	at libcore.io.IoBridge.write(IoBridge.java:646)
                                                                                                    	at android.os.FileBridge$FileBridgeOutputStream.writeCommandAndBlock(FileBridge.java:169)
                                                                                                    	at android.os.FileBridge$FileBridgeOutputStream.close(FileBridge.java:157)
                                                                                                    	at java.io.FilterOutputStream.close(FilterOutputStream.java:188)
                                                                                                    	at ayyr.a(PG:4)
                                                                                                    	at ahjv.b(PG:334)
                                                                                                    	at ahjw.call(PG:68)
                                                                                                    	at azig.a(PG:3)
                                                                                                    	at azhm.run(PG:19)
                                                                                                    	at azih.run(PG:5)
                                                                                                    	at java.util.concurrent.ThreadPoolExecutor.runWorker(ThreadPoolExecutor.java:1145)
                                                                                                    	at java.util.concurrent.ThreadPoolExecutor$Worker.run(ThreadPoolExecutor.java:644)
                                                                                                    	at ndh.run(PG:1012)
                                                                                                    	at java.lang.Thread.run(Thread.java:1012)
2025-12-09 14:29:56.886   668-668   TlcKM                   pid-668                              D  TEE_Finish
2025-12-09 14:29:56.886   668-668   TlcKM                   pid-668                              D  split_update_chunks
2025-12-09 14:29:56.886  1584-3193  Hiber/appStateMachine   pid-1584                             I  uid:10142 enter FrozenState
2025-12-09 14:29:56.886   668-668   TlcKM                   pid-668                              D  release_operation_slot: release op slot #0 (handle 0x3894dfa9a1fee426; 0 ops live)
2025-12-09 14:29:56.886   668-668   TlcKM                   pid-668                              D  TEE_Finish exiting with 0
2025-12-09 14:29:56.886   668-668   TlcKM                   pid-668                              D  TEE_Abort
2025-12-09 14:29:56.887   668-668   TlcKM                   pid-668                              E  lookup_operation: op 0x3894dfa9a1fee426 not found
2025-12-09 14:29:56.887   668-668   TlcKM                   pid-668                              E  lookup_operation(session, operation_handle, &op) == -28
2025-12-09 14:29:56.887   668-668   TlcKM                   pid-668                              D  TEE_Abort exiting with -28
2025-12-09 14:29:56.887  1584-3193  Hiber/stateManager      pid-1584                             I  freeze uid: 10142 com.transsion.livewallpaper.pictorial costTime=1ms ,last unfreeze 5s ago
2025-12-09 14:29:56.887  1584-3194  Hiber/hiber             pid-1584                             I  msg for start proxy frozen state
2025-12-09 14:29:56.887  1584-3194  ActivityManager         pid-1584                             D  Hiber try idle uid[10142] by hiber ,bgTime>0 ? true,isIdled before ? false ,isCurAllowListed ? false ,isProcStateBackground?true
2025-12-09 14:29:56.887  1584-3194  ActivityManager         pid-1584                             D  Hiber try idle uid[10142] by hiber
2025-12-09 14:29:56.888  1584-3194  Hiber/proxyManager      pid-1584                             I  p_service: 10142
2025-12-09 14:29:56.888  1584-3194  Hiber/proxyManager      pid-1584                             I  p_job: 10142 pkgName=com.transsion.livewallpaper.pictorial which=2
2025-12-09 14:29:56.888  1584-3194  Hiber/hiber             pid-1584                             I  proxy alarm (uid=10142, pkgName=com.transsion.livewallpaper.pictorial)
2025-12-09 14:29:56.888  1584-3194  Hiber/proxyManager      pid-1584                             I  p_alarm: uid=10142, pkgName=com.transsion.livewallpaper.pictorial
2025-12-09 14:29:56.888  1584-3194  Hiber/alar...iceExtImpl pid-1584                             D  proxyAlarms leave, uid=10142, packageName=com.transsion.livewallpaper.pictorial
2025-12-09 14:29:56.888  1584-3194  Hiber/proxyManager      pid-1584                             I  p_sensor: uid=10142, pkgName=com.transsion.livewallpaper.pictorial
2025-12-09 14:29:56.888  1584-1667  ApplicationHelper       pid-1584                             E  Fail to get PackageManager
2025-12-09 14:29:56.890  8870-9417  Contacts-App            pid-8870                             D  collectApps()-> has increase = false , has decrease = 2 , load 0 count app label , cost 13ms
2025-12-09 14:29:56.890   666-23036 keystore2               pid-666                              I  system/security/keystore2/src/security_level.rs:235 - create_operation start
2025-12-09 14:29:56.890   666-23036 keystore2               pid-666                              I  system/security/keystore2/src/security_level.rs:237 - caller_pid=13971
2025-12-09 14:29:56.890   666-23036 keystore2               pid-666                              I  system/security/keystore2/src/security_level.rs:238 - caller_uid=10287
2025-12-09 14:29:56.890   666-23036 keystore2               pid-666                              I  system/security/keystore2/src/security_level.rs:239 - forced=false
2025-12-09 14:29:56.890   666-23036 keystore2               pid-666                              I  system/security/keystore2/src/security_level.rs:240 - key.domain=r#KEY_ID
2025-12-09 14:29:56.890   666-23036 keystore2               pid-666                              I  system/security/keystore2/src/security_level.rs:241 - key.alias=None
2025-12-09 14:29:56.890   666-23036 keystore2               pid-666                              I  system/security/keystore2/src/security_level.rs:277 - with_try_import start
2025-12-09 14:29:56.890   666-23036 keystore2               pid-666                              I  system/security/keystore2/src/security_level.rs:299 - with_try_import end
2025-12-09 14:29:56.890   666-23036 keystore2               pid-666                              I  system/security/keystore2/src/security_level.rs:333 - authorize_create start
2025-12-09 14:29:56.890   666-23036 keystore2               pid-666                              I  system/security/keystore2/src/security_level.rs:344 - authorize_create end
2025-12-09 14:29:56.890   666-23036 keystore2               pid-666                              I  system/security/keystore2/src/security_level.rs:345 - unwrap_key_if_required start
2025-12-09 14:29:56.890   666-23036 keystore2               pid-666                              I  system/security/keystore2/src/security_level.rs:353 - unwrap_key_if_required end
2025-12-09 14:29:56.890   666-23036 keystore2               pid-666                              I  system/security/keystore2/src/security_level.rs:354 - upgrade_keyblob_if_required_with start
2025-12-09 14:29:56.890   668-668   TlcKM                   pid-668                              D  TEE_Begin 5.0
2025-12-09 14:29:56.890   668-668   TlcKM                   pid-668                              D  purpose = 0x00000002
2025-12-09 14:29:56.892   668-668   TlcKM                   pid-668                              D  find_spare_operation_slot: allocate op 0xa8fcd574c4c6e237 to slot #0 (1 ops live)
2025-12-09 14:29:56.892   668-668   TlcKM                   pid-668                              D  TEE_Begin exiting with 0
2025-12-09 14:29:56.892   666-23036 keystore2               pid-666                              I  system/security/keystore2/src/security_level.rs:395 - upgrade_keyblob_if_required_with end
2025-12-09 14:29:56.892   666-23036 keystore2               pid-666                              I  system/security/keystore2/src/enforcements.rs:249 - finalize_create_authorization self.state=NoAuthRequired
2025-12-09 14:29:56.892   666-23036 keystore2               pid-666                              I  system/security/keystore2/src/security_level.rs:401 - operation_db.create_operation start
2025-12-09 14:29:56.892   666-23036 keystore2               pid-666                              I  system/security/keystore2/src/security_level.rs:419 - operation_db.create_operation end
2025-12-09 14:29:56.893   668-668   TlcKM                   pid-668                              D  TEE_Finish
2025-12-09 14:29:56.893   668-668   TlcKM                   pid-668                              D  split_update_chunks
2025-12-09 14:29:56.894   668-668   TlcKM                   pid-668                              D  release_operation_slot: release op slot #0 (handle 0xa8fcd574c4c6e237; 0 ops live)
2025-12-09 14:29:56.894   668-668   TlcKM                   pid-668                              D  TEE_Finish exiting with 0
2025-12-09 14:29:56.895   668-668   TlcKM                   pid-668                              D  TEE_Abort
2025-12-09 14:29:56.895   668-668   TlcKM                   pid-668                              E  lookup_operation: op 0xa8fcd574c4c6e237 not found
2025-12-09 14:29:56.895   668-668   TlcKM                   pid-668                              E  lookup_operation(session, operation_handle, &op) == -28
2025-12-09 14:29:56.895   668-668   TlcKM                   pid-668                              D  TEE_Abort exiting with -28
2025-12-09 14:29:56.895 17711-17933 ayyr                    pid-17711                            W  IOException thrown while closing Closeable. (Ask Gemini)
                                                                                                    java.io.IOException: write failed: EBADF (Bad file descriptor)
                                                                                                    	at libcore.io.IoBridge.write(IoBridge.java:651)
                                                                                                    	at android.os.FileBridge$FileBridgeOutputStream.writeCommandAndBlock(FileBridge.java:169)
                                                                                                    	at android.os.FileBridge$FileBridgeOutputStream.close(FileBridge.java:157)
                                                                                                    	at java.io.FilterOutputStream.close(FilterOutputStream.java:188)
                                                                                                    	at ayyr.a(PG:4)
                                                                                                    	at ahjv.b(PG:334)
                                                                                                    	at ahjw.call(PG:68)
                                                                                                    	at azig.a(PG:3)
                                                                                                    	at azhm.run(PG:19)
                                                                                                    	at azih.run(PG:5)
                                                                                                    	at java.util.concurrent.ThreadPoolExecutor.runWorker(ThreadPoolExecutor.java:1145)
                                                                                                    	at java.util.concurrent.ThreadPoolExecutor$Worker.run(ThreadPoolExecutor.java:644)
                                                                                                    	at ndh.run(PG:1012)
                                                                                                    	at java.lang.Thread.run(Thread.java:1012)
                                                                                                    Caused by: android.system.ErrnoException: write failed: EBADF (Bad file descriptor)
                                                                                                    	at libcore.io.Linux.writeBytes(Native Method)
                                                                                                    	at libcore.io.Linux.write(Linux.java:296)
                                                                                                    	at libcore.io.ForwardingOs.write(ForwardingOs.java:943)
                                                                                                    	at libcore.io.BlockGuardOs.write(BlockGuardOs.java:448)
                                                                                                    	at libcore.io.ForwardingOs.write(ForwardingOs.java:943)
                                                                                                    	at libcore.io.IoBridge.write(IoBridge.java:646)
                                                                                                    	at android.os.FileBridge$FileBridgeOutputStream.writeCommandAndBlock(FileBridge.java:169)
                                                                                                    	at android.os.FileBridge$FileBridgeOutputStream.close(FileBridge.java:157)
                                                                                                    	at java.io.FilterOutputStream.close(FilterOutputStream.java:188)
                                                                                                    	at ayyr.a(PG:4)
                                                                                                    	at ahjv.b(PG:334)
                                                                                                    	at ahjw.call(PG:68)
                                                                                                    	at azig.a(PG:3)
                                                                                                    	at azhm.run(PG:19)
                                                                                                    	at azih.run(PG:5)
                                                                                                    	at java.util.concurrent.ThreadPoolExecutor.runWorker(ThreadPoolExecutor.java:1145)
                                                                                                    	at java.util.concurrent.ThreadPoolExecutor$Worker.run(ThreadPoolExecutor.java:644)
                                                                                                    	at ndh.run(PG:1012)
                                                                                                    	at java.lang.Thread.run(Thread.java:1012)
2025-12-09 14:29:56.897   666-23036 keystore2               pid-666                              I  system/security/keystore2/src/security_level.rs:235 - create_operation start
2025-12-09 14:29:56.897   666-23036 keystore2               pid-666                              I  system/security/keystore2/src/security_level.rs:237 - caller_pid=13971
2025-12-09 14:29:56.897   666-23036 keystore2               pid-666                              I  system/security/keystore2/src/security_level.rs:238 - caller_uid=10287
2025-12-09 14:29:56.898   666-23036 keystore2               pid-666                              I  system/security/keystore2/src/security_level.rs:239 - forced=false
2025-12-09 14:29:56.898   666-23036 keystore2               pid-666                              I  system/security/keystore2/src/security_level.rs:240 - key.domain=r#KEY_ID
2025-12-09 14:29:56.898   666-23036 keystore2               pid-666                              I  system/security/keystore2/src/security_level.rs:241 - key.alias=None
2025-12-09 14:29:56.898   666-23036 keystore2               pid-666                              I  system/security/keystore2/src/security_level.rs:277 - with_try_import start
2025-12-09 14:29:56.898   666-23036 keystore2               pid-666                              I  system/security/keystore2/src/security_level.rs:299 - with_try_import end
2025-12-09 14:29:56.898   666-23036 keystore2               pid-666                              I  system/security/keystore2/src/security_level.rs:333 - authorize_create start
2025-12-09 14:29:56.898   666-23036 keystore2               pid-666                              I  system/security/keystore2/src/security_level.rs:344 - authorize_create end
2025-12-09 14:29:56.898   666-23036 keystore2               pid-666                              I  system/security/keystore2/src/security_level.rs:345 - unwrap_key_if_required start
2025-12-09 14:29:56.898   666-23036 keystore2               pid-666                              I  system/security/keystore2/src/security_level.rs:353 - unwrap_key_if_required end
2025-12-09 14:29:56.898   666-23036 keystore2               pid-666                              I  system/security/keystore2/src/security_level.rs:354 - upgrade_keyblob_if_required_with start
2025-12-09 14:29:56.898   668-668   TlcKM                   pid-668                              D  TEE_Begin 5.0
2025-12-09 14:29:56.898   668-668   TlcKM                   pid-668                              D  purpose = 0x00000001
2025-12-09 14:29:56.899   668-668   TlcKM                   pid-668                              D  find_spare_operation_slot: allocate op 0xce42eb99c9f778bc to slot #0 (1 ops live)
2025-12-09 14:29:56.900   668-668   TlcKM                   pid-668                              D  TEE_Begin exiting with 0
2025-12-09 14:29:56.900   666-23036 keystore2               pid-666                              I  system/security/keystore2/src/security_level.rs:395 - upgrade_keyblob_if_required_with end
2025-12-09 14:29:56.900   666-23036 keystore2               pid-666                              I  system/security/keystore2/src/enforcements.rs:249 - finalize_create_authorization self.state=NoAuthRequired
2025-12-09 14:29:56.900   666-23036 keystore2               pid-666                              I  system/security/keystore2/src/security_level.rs:401 - operation_db.create_operation start
2025-12-09 14:29:56.900   666-23036 keystore2               pid-666                              I  system/security/keystore2/src/security_level.rs:419 - operation_db.create_operation end
2025-12-09 14:29:56.901   668-668   TlcKM                   pid-668                              D  TEE_Update
2025-12-09 14:29:56.901   668-668   TlcKM                   pid-668                              D  split_update_chunks
2025-12-09 14:29:56.902   668-668   TlcKM                   pid-668                              D  TEE_Update exiting with 0
2025-12-09 14:29:56.903   668-668   TlcKM                   pid-668                              D  TEE_Finish
2025-12-09 14:29:56.903   668-668   TlcKM                   pid-668                              D  split_update_chunks
2025-12-09 14:29:56.904   668-668   TlcKM                   pid-668                              D  release_operation_slot: release op slot #0 (handle 0xce42eb99c9f778bc; 0 ops live)
2025-12-09 14:29:56.904   668-668   TlcKM                   pid-668                              D  TEE_Finish exiting with 0
2025-12-09 14:29:56.904  8870-9417  Contacts-App            pid-8870                             D  cacheList()-> write to cache cost 13ms
2025-12-09 14:29:56.904   668-668   TlcKM                   pid-668                              D  TEE_Abort
2025-12-09 14:29:56.904   668-668   TlcKM                   pid-668                              E  lookup_operation: op 0xce42eb99c9f778bc not found
2025-12-09 14:29:56.904   668-668   TlcKM                   pid-668                              E  lookup_operation(session, operation_handle, &op) == -28
2025-12-09 14:29:56.904   668-668   TlcKM                   pid-668                              D  TEE_Abort exiting with -28
2025-12-09 14:29:56.904  8870-9417  Contacts-App            pid-8870                             D  appList = 58
2025-12-09 14:29:56.907   666-23036 keystore2               pid-666                              I  system/security/keystore2/src/security_level.rs:235 - create_operation start
2025-12-09 14:29:56.907   666-23036 keystore2               pid-666                              I  system/security/keystore2/src/security_level.rs:237 - caller_pid=13971
2025-12-09 14:29:56.907   666-23036 keystore2               pid-666                              I  system/security/keystore2/src/security_level.rs:238 - caller_uid=10287
2025-12-09 14:29:56.907   666-23036 keystore2               pid-666                              I  system/security/keystore2/src/security_level.rs:239 - forced=false
2025-12-09 14:29:56.907   666-23036 keystore2               pid-666                              I  system/security/keystore2/src/security_level.rs:240 - key.domain=r#KEY_ID
2025-12-09 14:29:56.907   666-23036 keystore2               pid-666                              I  system/security/keystore2/src/security_level.rs:241 - key.alias=None
2025-12-09 14:29:56.907   666-23036 keystore2               pid-666                              I  system/security/keystore2/src/security_level.rs:277 - with_try_import start
2025-12-09 14:29:56.907   666-23036 keystore2               pid-666                              I  system/security/keystore2/src/security_level.rs:299 - with_try_import end
2025-12-09 14:29:56.907   666-23036 keystore2               pid-666                              I  system/security/keystore2/src/security_level.rs:333 - authorize_create start
2025-12-09 14:29:56.907   666-23036 keystore2               pid-666                              I  system/security/keystore2/src/security_level.rs:344 - authorize_create end
2025-12-09 14:29:56.907   666-23036 keystore2               pid-666                              I  system/security/keystore2/src/security_level.rs:345 - unwrap_key_if_required start
2025-12-09 14:29:56.907   666-23036 keystore2               pid-666                              I  system/security/keystore2/src/security_level.rs:353 - unwrap_key_if_required end
2025-12-09 14:29:56.907   666-23036 keystore2               pid-666                              I  system/security/keystore2/src/security_level.rs:354 - upgrade_keyblob_if_required_with start
2025-12-09 14:29:56.907   668-668   TlcKM                   pid-668                              D  TEE_Begin 5.0
2025-12-09 14:29:56.907   668-668   TlcKM                   pid-668                              D  purpose = 0x00000001
2025-12-09 14:29:56.908  1584-4407  CompatChangeReporter    pid-1584                             D  Compat change id reported: 240618202; UID 1010111; state: ENABLED
2025-12-09 14:29:56.909   668-668   TlcKM                   pid-668                              D  find_spare_operation_slot: allocate op 0xef82274c91b6088a to slot #0 (1 ops live)
2025-12-09 14:29:56.910   668-668   TlcKM                   pid-668                              D  TEE_Begin exiting with 0
2025-12-09 14:29:56.910   666-23036 keystore2               pid-666                              I  system/security/keystore2/src/security_level.rs:395 - upgrade_keyblob_if_required_with end
2025-12-09 14:29:56.910   666-23036 keystore2               pid-666                              I  system/security/keystore2/src/enforcements.rs:249 - finalize_create_authorization self.state=NoAuthRequired
2025-12-09 14:29:56.910   666-23036 keystore2               pid-666                              I  system/security/keystore2/src/security_level.rs:401 - operation_db.create_operation start
2025-12-09 14:29:56.910   666-23036 keystore2               pid-666                              I  system/security/keystore2/src/security_level.rs:419 - operation_db.create_operation end
2025-12-09 14:29:56.911   668-668   TlcKM                   pid-668                              D  TEE_Update
2025-12-09 14:29:56.911   668-668   TlcKM                   pid-668                              D  split_update_chunks
2025-12-09 14:29:56.911  1584-1997  ziparchive              pid-1584                             W  Unable to open '/data/app/vmdl1981121511.tmp/base.apk': No such file or directory
2025-12-09 14:29:56.911  1584-1997  system_server           pid-1584                             E  Failed to open APK '/data/app/vmdl1981121511.tmp/base.apk': I/O error
2025-12-09 14:29:56.912   668-668   TlcKM                   pid-668                              D  TEE_Update exiting with 0
2025-12-09 14:29:56.913   668-668   TlcKM                   pid-668                              D  TEE_Finish
2025-12-09 14:29:56.913   668-668   TlcKM                   pid-668                              D  split_update_chunks
2025-12-09 14:29:56.913  1584-1997  TABE-TranT...ponentImpl pid-1584                             E  Fail to get package name form :java.io.IOException: Failed to load asset path /data/app/vmdl1981121511.tmp/base.apk
2025-12-09 14:29:56.914   668-668   TlcKM                   pid-668                              D  release_operation_slot: release op slot #0 (handle 0xef82274c91b6088a; 0 ops live)
2025-12-09 14:29:56.914   668-668   TlcKM                   pid-668                              D  TEE_Finish exiting with 0
2025-12-09 14:29:56.914   668-668   TlcKM                   pid-668                              D  TEE_Abort
2025-12-09 14:29:56.914   668-668   TlcKM                   pid-668                              E  lookup_operation: op 0xef82274c91b6088a not found
2025-12-09 14:29:56.914   668-668   TlcKM                   pid-668                              E  lookup_operation(session, operation_handle, &op) == -28
2025-12-09 14:29:56.914   668-668   TlcKM                   pid-668                              D  TEE_Abort exiting with -28
2025-12-09 14:29:56.914 13971-13971 ContractCodeStorage     pid-13971                            D  Storage verification: 7 valid, 0 tampered, 0 missing
2025-12-09 14:29:56.914 13971-13971 ContractCodeStorage     pid-13971                            D  Contract code retrieved successfully
2025-12-09 14:29:56.918  8870-9581  VASDK-AiCo...tionClient pid-8870                             I  send:{"business":"hw","function":"appsChanged","params":{"language":"en_US","apps":{"com.transsion.magicshow":"Visha Player","com.google.android.apps.youtu......stant","com.google.android.calendar":"Calendar"}}}
2025-12-09 14:29:56.919  8870-9581  VASDK-Service           pid-8870                             I  [4.6.0.140]message from [com.transsion.aivoiceassistant-4.6.0.140]:{"business":"hw","function":"appsChanged","params":{"language":"en_US","apps":{"com.transsion.magicshow":"Visha Player","com.google.android.apps.youtu......stant","com.google.android.calendar":"Calendar"}}}
2025-12-09 14:29:56.923  8870-9581  BusinessHandler         pid-8870                             D  business[hw] handleMessage
2025-12-09 14:29:56.934  1584-1839  tranpm/BehaviorManager  pid-1584                             D  onMemPressureChange : level 0
2025-12-09 14:29:56.935   666-23036 keystore2               pid-666                              I  system/security/keystore2/src/security_level.rs:235 - create_operation start
2025-12-09 14:29:56.935   666-23036 keystore2               pid-666                              I  system/security/keystore2/src/security_level.rs:237 - caller_pid=13971
2025-12-09 14:29:56.935   666-23036 keystore2               pid-666                              I  system/security/keystore2/src/security_level.rs:238 - caller_uid=10287
2025-12-09 14:29:56.935   666-23036 keystore2               pid-666                              I  system/security/keystore2/src/security_level.rs:239 - forced=false
2025-12-09 14:29:56.935   666-23036 keystore2               pid-666                              I  system/security/keystore2/src/security_level.rs:240 - key.domain=r#KEY_ID
2025-12-09 14:29:56.935   666-23036 keystore2               pid-666                              I  system/security/keystore2/src/security_level.rs:241 - key.alias=None
2025-12-09 14:29:56.935   666-23036 keystore2               pid-666                              I  system/security/keystore2/src/security_level.rs:277 - with_try_import start
2025-12-09 14:29:56.936   666-23036 keystore2               pid-666                              I  system/security/keystore2/src/security_level.rs:299 - with_try_import end
2025-12-09 14:29:56.936   666-23036 keystore2               pid-666                              I  system/security/keystore2/src/security_level.rs:333 - authorize_create start
2025-12-09 14:29:56.936   666-23036 keystore2               pid-666                              I  system/security/keystore2/src/security_level.rs:344 - authorize_create end
2025-12-09 14:29:56.936   666-23036 keystore2               pid-666                              I  system/security/keystore2/src/security_level.rs:345 - unwrap_key_if_required start
2025-12-09 14:29:56.936   666-23036 keystore2               pid-666                              I  system/security/keystore2/src/security_level.rs:353 - unwrap_key_if_required end
2025-12-09 14:29:56.936   666-23036 keystore2               pid-666                              I  system/security/keystore2/src/security_level.rs:354 - upgrade_keyblob_if_required_with start
2025-12-09 14:29:56.936   668-668   TlcKM                   pid-668                              D  TEE_Begin 5.0
2025-12-09 14:29:56.936   668-668   TlcKM                   pid-668                              D  purpose = 0x00000000
2025-12-09 14:29:56.938   668-668   TlcKM                   pid-668                              D  find_spare_operation_slot: allocate op 0x1e5dfdc46a7994c1 to slot #0 (1 ops live)
2025-12-09 14:29:56.938   668-668   TlcKM                   pid-668                              D  TEE_Begin exiting with 0
2025-12-09 14:29:56.939   666-23036 keystore2               pid-666                              I  system/security/keystore2/src/security_level.rs:395 - upgrade_keyblob_if_required_with end
2025-12-09 14:29:56.939   666-23036 keystore2               pid-666                              I  system/security/keystore2/src/enforcements.rs:249 - finalize_create_authorization self.state=NoAuthRequired
2025-12-09 14:29:56.939   666-23036 keystore2               pid-666            