2025-12-06 11:52:53.871 31466-31466 InputEventReceiver      com.cdccreditsmart.app               D  Input log is disabled in InputEventReceiver.
2025-12-06 11:52:54.006 31466-1191  SettingsGuardService    com.cdccreditsmart.app               I  âœ… App CDC em foreground - resetando contador
2025-12-06 11:52:54.015 31466-31466 BufferQueueConsumer     com.cdccreditsmart.app               D  [](id:7aea00000003,api:0,p:-1,c:31466) connect: controlledByApp=false
2025-12-06 11:52:54.015 31466-31466 BLASTBufferQueue        com.cdccreditsmart.app               D  [VRI[MainActivity]#3](f:0,a:0) constructor()
2025-12-06 11:52:54.015 31466-31466 BLASTBufferQueue        com.cdccreditsmart.app               D  [VRI[MainActivity]#3](f:0,a:0) update width=1080 height=2436 format=-3 mTransformHint=0
2025-12-06 11:52:54.042 31466-1221  BLASTBufferQueue        com.cdccreditsmart.app               D  [VRI[MainActivity]#3](f:0,a:1) acquireNextBufferLocked size=1080x2436 mFrameNumber=1 applyTransaction=true mTimestamp=108057091389517(auto) mPendingTransactions.size=0 graphicBufferId=135145440935959 transform=0
2025-12-06 11:52:54.044 31466-31466 Choreographer           com.cdccreditsmart.app               W  Already have a pending vsync event.  There should only be one at a time.
2025-12-06 11:52:54.050 31466-31466 PermissionGateScreen    com.cdccreditsmart.app               I  ðŸ” VERIFICAÃ‡ÃƒO INICIAL DE PERMISSÃ•ES:
2025-12-06 11:52:54.050 31466-31466 PermissionGateScreen    com.cdccreditsmart.app               I     NÃ­vel: DEVICE_ADMIN
2025-12-06 11:52:54.050 31466-31466 PermissionGateScreen    com.cdccreditsmart.app               I     Todas concedidas: true
2025-12-06 11:52:54.050 31466-31466 PermissionGateScreen    com.cdccreditsmart.app               I     Bateria isenta: true
2025-12-06 11:52:54.050 31466-31466 PermissionGateScreen    com.cdccreditsmart.app               I     âœ… OK: Administrador do Dispositivo
2025-12-06 11:52:54.050 31466-31466 PermissionGateScreen    com.cdccreditsmart.app               I     âœ… OK: PermissÃµes BÃ¡sicas
2025-12-06 11:52:54.050 31466-31466 PermissionGateScreen    com.cdccreditsmart.app               I     âœ… OK: Monitoramento de Apps
2025-12-06 11:52:54.050 31466-31466 PermissionGateScreen    com.cdccreditsmart.app               I     âœ… OK: Mostrar Alertas
2025-12-06 11:52:54.050 31466-31466 PermissionGateScreen    com.cdccreditsmart.app               I     âœ… OK: ExecuÃ§Ã£o em Segundo Plano
2025-12-06 11:52:54.051 31466-31466 PermissionGateScreen    com.cdccreditsmart.app               I  âœ… TODAS AS PERMISSÃ•ES JÃ CONCEDIDAS - navegando imediatamente
2025-12-06 11:52:54.051 31466-31466 SettingsGuardService    com.cdccreditsmart.app               I  â–¶ï¸ Guard RETOMADO apÃ³s fluxo de permissÃµes
2025-12-06 11:52:54.130 31466-31466 DeviceOwnerCheckVM      com.cdccreditsmart.app               I  ========================================
2025-12-06 11:52:54.130 31466-31466 DeviceOwnerCheckVM      com.cdccreditsmart.app               I  ðŸ” Verificando status de Device Owner...
2025-12-06 11:52:54.131 31466-1172  creditsmart.app         com.cdccreditsmart.app               W  Cleared Reference was only reachable from finalizer (only reported once)
2025-12-06 11:52:54.214 31466-31466 InsetsController        com.cdccreditsmart.app               I  Insets animation onAnimationStart mShow:false, mDurationMs:340, types:statusBars
2025-12-06 11:52:54.244 31466-1172  creditsmart.app         com.cdccreditsmart.app               I  Background concurrent mark compact GC freed 5924KB AllocSpace bytes, 150(5400KB) LOS objects, 49% free, 12MB/25MB, paused 1.845ms,4.797ms total 372.772ms
2025-12-06 11:52:54.584 31466-31466 InsetsController        com.cdccreditsmart.app               I  Insets animation onAnimationEnd
2025-12-06 11:52:54.640 31466-31466 DeviceUtils             com.cdccreditsmart.app               D  Device Owner check: false
2025-12-06 11:52:54.640 31466-31466 DeviceUtils             com.cdccreditsmart.app               D  Samsung device: false (Manufacturer: INFINIX)
2025-12-06 11:52:54.640 31466-31466 DeviceOwnerCheckVM      com.cdccreditsmart.app               W  âš ï¸ MODO DEBUG: UsuÃ¡rio jÃ¡ pulou provisionamento anteriormente
2025-12-06 11:52:54.640 31466-31466 DeviceOwnerCheckVM      com.cdccreditsmart.app               W  âš ï¸ Permitindo acesso sem Device Owner (decisÃ£o memorizada)
2025-12-06 11:52:54.640 31466-31466 DeviceOwnerCheckVM      com.cdccreditsmart.app               I  ========================================
2025-12-06 11:52:54.815 31466-31466 TextSelection           com.cdccreditsmart.app               D  onUseCache cache=false
2025-12-06 11:52:54.822 31466-31466 RouterViewModel         com.cdccreditsmart.app               D  ðŸš€ Iniciando verificaÃ§Ã£o de autenticaÃ§Ã£o...
2025-12-06 11:52:54.832 31466-1191  AuthOrchestrator        com.cdccreditsmart.app               D  ðŸ” Verificando autenticaÃ§Ã£o...
2025-12-06 11:52:54.836 31466-1191  AuthOrchestrator        com.cdccreditsmart.app               D  ðŸŒ Conectividade: ONLINE
2025-12-06 11:52:54.836 31466-1191  AuthOrchestrator        com.cdccreditsmart.app               D  ðŸ”„ ========== AUTO-DISCOVERY INICIADO ==========
2025-12-06 11:52:54.845 31466-1191  DeviceUtils             com.cdccreditsmart.app               E  SecurityException reading IMEI - permission denied (Ask Gemini)
                                                                                                    java.lang.SecurityException: getImeiForSlot: The uid 10301 does not meet the requirements to access device identifiers.
                                                                                                    	at android.os.Parcel.createExceptionOrNull(Parcel.java:3252)
                                                                                                    	at android.os.Parcel.createException(Parcel.java:3236)
                                                                                                    	at android.os.Parcel.readException(Parcel.java:3219)
                                                                                                    	at android.os.Parcel.readException(Parcel.java:3161)
                                                                                                    	at com.android.internal.telephony.ITelephony$Stub$Proxy.getImeiForSlot(ITelephony.java:12102)
                                                                                                    	at android.telephony.TelephonyManager.getImei(TelephonyManager.java:2356)
                                                                                                    	at android.telephony.TelephonyManager.getImei(TelephonyManager.java:2307)
                                                                                                    	at com.cdccreditsmart.app.utils.DeviceUtils.getDeviceImei(DeviceUtils.kt:106)
                                                                                                    	at com.cdccreditsmart.app.auth.AuthenticationOrchestrator.attemptAutoConnection(AuthenticationOrchestrator.kt:96)
                                                                                                    	at com.cdccreditsmart.app.auth.AuthenticationOrchestrator.access$attemptAutoConnection(AuthenticationOrchestrator.kt:28)
                                                                                                    	at com.cdccreditsmart.app.auth.AuthenticationOrchestrator$ensureAuthenticated$2.invokeSuspend(AuthenticationOrchestrator.kt:228)
                                                                                                    	at kotlin.coroutines.jvm.internal.BaseContinuationImpl.resumeWith(ContinuationImpl.kt:34)
                                                                                                    	at kotlinx.coroutines.DispatchedTask.run(DispatchedTask.kt:108)
                                                                                                    	at kotlinx.coroutines.internal.LimitedDispatcher$Worker.run(LimitedDispatcher.kt:115)
                                                                                                    	at kotlinx.coroutines.scheduling.TaskImpl.run(Tasks.kt:103)
                                                                                                    	at kotlinx.coroutines.scheduling.CoroutineScheduler.runSafely(CoroutineScheduler.kt:584)
                                                                                                    	at kotlinx.coroutines.scheduling.CoroutineScheduler$Worker.executeTask(CoroutineScheduler.kt:793)
                                                                                                    	at kotlinx.coroutines.scheduling.CoroutineScheduler$Worker.runWorker(CoroutineScheduler.kt:697)
                                                                                                    	at kotlinx.coroutines.scheduling.CoroutineScheduler$Worker.run(CoroutineScheduler.kt:684)
2025-12-06 11:52:54.845 31466-1191  AuthOrchestrator        com.cdccreditsmart.app               W  âš ï¸ IMEI nÃ£o disponÃ­vel (permissÃ£o negada ou emulador)
2025-12-06 11:52:54.845 31466-1191  AuthOrchestrator        com.cdccreditsmart.app               D     â†’ Fallback para pareamento manual
2025-12-06 11:52:54.845 31466-1191  ContractCodeStorage     com.cdccreditsmart.app               D  Retrieving contract code from storage
2025-12-06 11:52:55.493 31466-31466 VRI[MainActivity]       com.cdccreditsmart.app               D  visibilityChanged oldVisibility=true newVisibility=false
2025-12-06 11:52:55.521 31466-31466 BLASTBufferQueue        com.cdccreditsmart.app               D  [VRI[MainActivity]#3](f:0,a:1) destructor()
2025-12-06 11:52:55.521 31466-31466 BufferQueueConsumer     com.cdccreditsmart.app               D  [VRI[MainActivity]#3(BLAST Consumer)3](id:7aea00000003,api:0,p:-1,c:31466) disconnect
2025-12-06 11:52:55.871 31466-1348  SettingsGuardService    com.cdccreditsmart.app               D  ðŸ“‹ Activity em Settings (permitida): com.transsion.settings.homepage.SettingsHomeActivity
2025-12-06 11:52:55.871 31466-1348  SettingsGuardService    com.cdccreditsmart.app               D     Pacote: com.android.settings
2025-12-06 11:52:55.915 31466-1191  ContractCodeStorage     com.cdccreditsmart.app               D  Storage verification: 7 valid, 0 tampered, 0 missing
2025-12-06 11:52:55.915 31466-1191  ContractCodeStorage     com.cdccreditsmart.app               D  Contract code retrieved successfully
2025-12-06 11:52:55.915 31466-1191  AuthOrchestrator        com.cdccreditsmart.app               D  âœ… CÃ³digo de pareamento encontrado: VY9D****
2025-12-06 11:52:55.917 31466-1191  AuthOrchestrator        com.cdccreditsmart.app               D  ðŸ”‘ Token existente encontrado - validando no servidor...
2025-12-06 11:52:55.922 31466-1492  okhttp.OkHttpClient     com.cdccreditsmart.app               I  --> GET https://cdccreditsmart.com/api/apk/device/status
2025-12-06 11:52:55.922 31466-1492  okhttp.OkHttpClient     com.cdccreditsmart.app               I  Authorization: Bearer eyJhbGciOiJIUzI1NiIsInR5cCI6IkpXVCJ9.eyJkZXZpY2VJZCI6ImRldmljZV8xNzY0ODkzMTMwNTQ5XzZzZTlpaHFyaG9rIiwiYXBrVG9rZW4iOiJWWTlEQjlFQyIsInR5cGUiOiJhcGsiLCJleHBpcmVzSW4iOiIyNGgiLCJpYXQiOjE3NjUwMjgxMTUsImV4cCI6MTc2NTExNDUxNX0.Zs1ApE_ghWMSOnPsS-3zjgPVCpgd2_neKm4JY71uQb4
2025-12-06 11:52:55.922 31466-1492  okhttp.OkHttpClient     com.cdccreditsmart.app               I  --> END GET
2025-12-06 11:52:56.469 31466-1492  okhttp.OkHttpClient     com.cdccreditsmart.app               I  <-- 200 https://cdccreditsmart.com/api/apk/device/status (546ms)
2025-12-06 11:52:56.469 31466-1492  okhttp.OkHttpClient     com.cdccreditsmart.app               I  access-control-allow-credentials: true
2025-12-06 11:52:56.469 31466-1492  okhttp.OkHttpClient     com.cdccreditsmart.app               I  access-control-allow-headers: Origin, X-Requested-With, Content-Type, Accept, Authorization, x-client-key, x-client-token, x-client-secret, cache-control
2025-12-06 11:52:56.469 31466-1492  okhttp.OkHttpClient     com.cdccreditsmart.app               I  access-control-allow-methods: GET, POST, PUT, PATCH, DELETE, OPTIONS
2025-12-06 11:52:56.469 31466-1492  okhttp.OkHttpClient     com.cdccreditsmart.app               I  access-control-allow-origin: *
2025-12-06 11:52:56.469 31466-1492  okhttp.OkHttpClient     com.cdccreditsmart.app               I  access-control-max-age: 86400
2025-12-06 11:52:56.469 31466-1492  okhttp.OkHttpClient     com.cdccreditsmart.app               I  content-length: 625
2025-12-06 11:52:56.469 31466-1492  okhttp.OkHttpClient     com.cdccreditsmart.app               I  content-security-policy: default-src 'self'; script-src 'self' 'unsafe-inline' 'unsafe-eval' https://replit.com; style-src 'self' 'unsafe-inline' https://replit.com; img-src 'self' data: https:; font-src 'self' data: https://replit.com; connect-src 'self';
2025-12-06 11:52:56.470 31466-1492  okhttp.OkHttpClient     com.cdccreditsmart.app               I  content-type: application/json; charset=utf-8
2025-12-06 11:52:56.470 31466-1492  okhttp.OkHttpClient     com.cdccreditsmart.app               I  date: Sat, 06 Dec 2025 14:52:56 GMT
2025-12-06 11:52:56.470 31466-1492  okhttp.OkHttpClient     com.cdccreditsmart.app               I  etag: W/"271-6ypsRX//Kfi0PcWnobQ+CeoVFRk"
2025-12-06 11:52:56.470 31466-1492  okhttp.OkHttpClient     com.cdccreditsmart.app               I  permissions-policy: geolocation=(), microphone=(), camera=()
2025-12-06 11:52:56.470 31466-1492  okhttp.OkHttpClient     com.cdccreditsmart.app               I  referrer-policy: strict-origin-when-cross-origin
2025-12-06 11:52:56.470 31466-1492  okhttp.OkHttpClient     com.cdccreditsmart.app               I  server: Google Frontend
2025-12-06 11:52:56.470 31466-1492  okhttp.OkHttpClient     com.cdccreditsmart.app               I  strict-transport-security: max-age=63072000; includeSubDomains
2025-12-06 11:52:56.470 31466-1492  okhttp.OkHttpClient     com.cdccreditsmart.app               I  strict-transport-security: max-age=31536000; includeSubDomains
2025-12-06 11:52:56.470 31466-1492  okhttp.OkHttpClient     com.cdccreditsmart.app               I  x-anti-fraud-protection: active
2025-12-06 11:52:56.470 31466-1492  okhttp.OkHttpClient     com.cdccreditsmart.app               I  x-certificate-pinning-enabled: false
2025-12-06 11:52:56.470 31466-1492  okhttp.OkHttpClient     com.cdccreditsmart.app               I  x-certificate-pinning-status: disabled-for-stability
2025-12-06 11:52:56.470 31466-1492  okhttp.OkHttpClient     com.cdccreditsmart.app               I  x-cloud-trace-context: 3d38b2caa107f895267de382c198037b;o=1
2025-12-06 11:52:56.470 31466-1492  okhttp.OkHttpClient     com.cdccreditsmart.app               I  x-content-type-options: nosniff
2025-12-06 11:52:56.470 31466-1492  okhttp.OkHttpClient     com.cdccreditsmart.app               I  x-financial-data-protection: enabled
2025-12-06 11:52:56.470 31466-1492  okhttp.OkHttpClient     com.cdccreditsmart.app               I  x-frame-options: DENY
2025-12-06 11:52:56.470 31466-1492  okhttp.OkHttpClient     com.cdccreditsmart.app               I  x-transaction-security-level: maximum
2025-12-06 11:52:56.470 31466-1492  okhttp.OkHttpClient     com.cdccreditsmart.app               I  x-xss-protection: 1; mode=block
2025-12-06 11:52:56.470 31466-1492  okhttp.OkHttpClient     com.cdccreditsmart.app               I  via: 1.1 google
2025-12-06 11:52:56.470 31466-1492  okhttp.OkHttpClient     com.cdccreditsmart.app               I  alt-svc: h3=":443"; ma=2592000,h3-29=":443"; ma=2592000
2025-12-06 11:52:56.471 31466-1492  okhttp.OkHttpClient     com.cdccreditsmart.app               I  {"device":{"id":"device_1764893130549_6se9ihqrhok","serialNumber":"VY9DB9EC","name":"Moto G15 Power","isBlocked":false,"blockReason":null,"status":"active"},"shouldBlock":false,"overdueCount":0,"daysSinceOverdue":0,"pdvSession":{"status":"completed","currentStage":"completed","isActive":false,"lastHeartbeat":"2025-12-05T00:05:44.194Z","heartbeatAge":139632.631,"sessionStarted":"2025-12-05T00:05:32.879Z","sessionCompleted":"2025-12-05T00:05:44.194Z","shouldWait":false},"paymentInfo":{"totalInstallments":24,"paidInstallments":1,"remainingInstallments":23,"overdueInstallments":0,"allPaid":false,"canSelfUninstall":false}}
2025-12-06 11:52:56.472 31466-1492  okhttp.OkHttpClient     com.cdccreditsmart.app               I  <-- END HTTP (625-byte body)
2025-12-06 11:52:56.475 31466-1191  ContractCodeStorage     com.cdccreditsmart.app               D  Retrieving contract code from storage
2025-12-06 11:52:56.483 31466-1348  SettingsGuardService    com.cdccreditsmart.app               D  ðŸ“‹ Activity em Settings (permitida): com.transsion.settings.homepage.SettingsHomeActivity
2025-12-06 11:52:56.483 31466-1348  SettingsGuardService    com.cdccreditsmart.app               D     Pacote: com.android.settings
2025-12-06 11:52:56.628 31466-1191  ContractCodeStorage     com.cdccreditsmart.app               D  Storage verification: 7 valid, 0 tampered, 0 missing
2025-12-06 11:52:56.628 31466-1191  ContractCodeStorage     com.cdccreditsmart.app               D  Contract code retrieved successfully
2025-12-06 11:52:56.630 31466-1191  ContractCodeStorage     com.cdccreditsmart.app               D  Saving contract code to redundant storage
2025-12-06 11:52:56.695 31466-1191  ContractCodeStorage     com.cdccreditsmart.app               D  Saved to EncryptedPrefs
2025-12-06 11:52:56.752 31466-1191  ContractCodeStorage     com.cdccreditsmart.app               D  Deleted existing file: .cdc_protected_code.enc
2025-12-06 11:52:56.780 31466-1191  ContractCodeStorage     com.cdccreditsmart.app               D  Successfully saved to file: .cdc_protected_code.enc
2025-12-06 11:52:56.780 31466-1191  ContractCodeStorage     com.cdccreditsmart.app               D  Saved to Protected Storage
2025-12-06 11:52:56.780 31466-1191  ContractCodeStorage     com.cdccreditsmart.app               D  Deleted existing file: .cdc_contract_b1.enc
2025-12-06 11:52:56.806 31466-1191  ContractCodeStorage     com.cdccreditsmart.app               D  Successfully saved to file: .cdc_contract_b1.enc
2025-12-06 11:52:56.806 31466-1191  ContractCodeStorage     com.cdccreditsmart.app               D  Deleted existing file: .sys_device_cfg.enc
2025-12-06 11:52:56.834 31466-1191  ContractCodeStorage     com.cdccreditsmart.app               D  Successfully saved to file: .sys_device_cfg.enc
2025-12-06 11:52:56.834 31466-1191  ContractCodeStorage     com.cdccreditsmart.app               D  Deleted existing file: .android_secure.enc
2025-12-06 11:52:56.861 31466-1191  ContractCodeStorage     com.cdccreditsmart.app               D  Successfully saved to file: .android_secure.enc
2025-12-06 11:52:56.880 31466-1191  ContractCodeStorage     com.cdccreditsmart.app               D  Contract code saved to ALL storage locations
2025-12-06 11:52:57.100 31466-1198  FA                      com.cdccreditsmart.app               I  Application backgrounded at: timestamp_millis: 1765032775092
2025-12-06 11:52:57.124 31466-1191  ContractCodeStorage     com.cdccreditsmart.app               D  Verification complete: 7/7 locations valid
2025-12-06 11:52:57.124 31466-1191  SecureTokenStorage      com.cdccreditsmart.app               D  Auth token saved successfully (contract code via ContractCodeStorage, deviceId: device_176...)
2025-12-06 11:52:57.124 31466-1191  AuthOrchestrator        com.cdccreditsmart.app               D  ðŸ’¾ DeviceId salvo: device_176...
2025-12-06 11:52:57.125 31466-1191  AuthOrchestrator        com.cdccreditsmart.app               D  ValidaÃ§Ã£o do token no servidor: SUCESSO
2025-12-06 11:52:57.126 31466-1191  AuthOrchestrator        com.cdccreditsmart.app               D  âœ… Token vÃ¡lido - autenticaÃ§Ã£o OK!
2025-12-06 11:52:57.126 31466-1348  AuthOrchestrator        com.cdccreditsmart.app               D  ðŸ”” Registrando FCM token apÃ³s validaÃ§Ã£o de authToken...
2025-12-06 11:52:57.126 31466-1348  FcmTokenManager         com.cdccreditsmart.app               D  ========== REGISTERING FCM TOKEN WITH BACKEND ==========
2025-12-06 11:52:57.126 31466-31466 RouterViewModel         com.cdccreditsmart.app               D  âœ… Autenticado com sucesso
2025-12-06 11:52:57.128 31466-1348  FcmTokenManager         com.cdccreditsmart.app               D  Current FCM token retrieved: dAvz1R25RMO8E_jGWWoG...
2025-12-06 11:52:57.134 31466-1348  FcmTokenManager         com.cdccreditsmart.app               D  Token already registered and cache is valid, skipping...
2025-12-06 11:52:57.134 31466-1348  AuthOrchestrator        com.cdccreditsmart.app               D  âœ… FCM token registrado apÃ³s validaÃ§Ã£o
2025-12-06 11:52:57.256 31466-1172  creditsmart.app         com.cdccreditsmart.app               I  Background young concurrent mark compact GC freed 5042KB AllocSpace bytes, 212(7760KB) LOS objects, 48% free, 13MB/25MB, paused 578us,5.565ms total 76.958ms
2025-12-06 11:52:57.271 31466-31466 TermsAcceptanceStorage  com.cdccreditsmart.app               D  hasAcceptedTermsForContract(VY9DB9EC): true (saved: VY9DB9EC)
2025-12-06 11:52:57.271 31466-31466 RouterViewModel         com.cdccreditsmart.app               D  âœ… Termos jÃ¡ aceitos - Ir para HOME
2025-12-06 11:52:57.409 31466-31466 SimpleHomeViewModel     com.cdccreditsmart.app               D  ðŸ“¡ Fetching device installments from /api/apk/device/installments...
2025-12-06 11:52:57.419 31466-2670  SimpleHomeViewModel     com.cdccreditsmart.app               D  âœ… Added Authorization header with token
2025-12-06 11:52:57.420 31466-2670  SimpleHomeViewModel     com.cdccreditsmart.app               D  ðŸ“¤ Request URL: https://cdccreditsmart.com/api/apk/device/installments
2025-12-06 11:52:58.102 31466-2670  SimpleHomeViewModel     com.cdccreditsmart.app               D  ðŸ“¥ Response Code: 200
2025-12-06 11:52:58.142 31466-31466 SimpleHomeViewModel     com.cdccreditsmart.app               D  âœ… Successfully fetched installments data
2025-12-06 11:52:58.142 31466-31466 SimpleHomeViewModel     com.cdccreditsmart.app               D  ðŸ“Š Device: Moto G15 Power
2025-12-06 11:52:58.142 31466-31466 SimpleHomeViewModel     com.cdccreditsmart.app               D  ðŸ“Š Total installments: 24
2025-12-06 11:52:58.142 31466-31466 SimpleHomeViewModel     com.cdccreditsmart.app               D  ðŸ“Š Paid: 1
2025-12-06 11:52:58.143 31466-31466 SimpleHomeViewModel     com.cdccreditsmart.app               D  ðŸ“Š Overdue: 0
2025-12-06 11:52:58.143 31466-31466 SimpleHomeViewModel     com.cdccreditsmart.app               D  ðŸ“Š All installments count: 24
2025-12-06 11:52:58.143 31466-31466 SimpleHomeViewModel     com.cdccreditsmart.app               I  ðŸ’¾ Salvando dados do cliente no storage - CustomerName: 'null', DeviceModel: 'Moto G15 Power'
2025-12-06 11:52:58.143 31466-31466 SecureTokenStorage      com.cdccreditsmart.app               D  ðŸ’¾ Salvando customer info - Name: null, Device: Moto G15 Power
2025-12-06 11:52:58.143 31466-31466 SecureTokenStorage      com.cdccreditsmart.app               W  âš ï¸ CustomerName vazio/null - nÃ£o salvando
2025-12-06 11:52:58.145 31466-31466 SecureTokenStorage      com.cdccreditsmart.app               D  âœ… DeviceModel salvo: Moto G15 Power
2025-12-06 11:52:58.145 31466-31466 SecureTokenStorage      com.cdccreditsmart.app               I  âœ… Customer info saved successfully!
2025-12-06 11:52:58.146 31466-31466 ContractCodeStorage     com.cdccreditsmart.app               D  Retrieving contract code from storage
2025-12-06 11:52:58.416 31466-31466 ContractCodeStorage     com.cdccreditsmart.app               D  Storage verification: 7 valid, 0 tampered, 0 missing
2025-12-06 11:52:58.417 31466-31466 ContractCodeStorage     com.cdccreditsmart.app               D  Contract code retrieved successfully
2025-12-06 11:52:58.490 31466-31466 LocalInstallmentStorage com.cdccreditsmart.app               I  âœ… 24 parcelas salvas localmente (contrato: VY9DB9EC)
2025-12-06 11:52:58.490 31466-31466 SimpleHomeViewModel     com.cdccreditsmart.app               I  âœ… 24 parcelas salvas localmente
2025-12-06 11:52:58.490 31466-31466 SimpleHomeViewModel     com.cdccreditsmart.app               I     â†’ 0 em atraso
2025-12-06 11:52:58.490 31466-31466 SimpleHomeViewModel     com.cdccreditsmart.app               I     â†’ 1 pagas
2025-12-06 11:52:58.490 31466-31466 SimpleHomeViewModel     com.cdccreditsmart.app               I     â†’ Dados disponÃ­veis para overlay e offline blocking
2025-12-06 11:53:06.287 31466-31466 WebSocketManager        com.cdccreditsmart.app               D  Heartbeat ping sent
2025-12-06 11:53:06.546 31466-1355  WebSocketManager        com.cdccreditsmart.app               D  Message received: {"type":"pong","timestamp":"2025-12-06T14:53:06.924Z"}...
2025-12-06 11:53:06.546 31466-1355  WebSocketManager        com.cdccreditsmart.app               D  Received message type: pong
2025-12-06 11:53:06.546 31466-1355  WebSocketManager        com.cdccreditsmart.app               D  Pong received
2025-12-06 11:53:12.649 31466-1348  MdmCommandReceiver      com.cdccreditsmart.app               I  ðŸ” [Polling #2] Verificando comandos pendentes...
2025-12-06 11:53:12.653 31466-1348  SecureTokenStorage      com.cdccreditsmart.app               D  âš ï¸ Usando Serial Number para MDM (IMEI indisponÃ­vel): VY9DB9...
2025-12-06 11:53:12.653 31466-1348  MdmCommandReceiver      com.cdccreditsmart.app               I  ðŸ” ========================================
2025-12-06 11:53:12.653 31466-1348  MdmCommandReceiver      com.cdccreditsmart.app               I  ðŸ” BUSCANDO COMANDOS PENDENTES
2025-12-06 11:53:12.653 31466-1348  MdmCommandReceiver      com.cdccreditsmart.app               I  ðŸ” ========================================
2025-12-06 11:53:12.653 31466-1348  MdmCommandReceiver      com.cdccreditsmart.app               I  ðŸ” Identifier: VY9DB9EC
2025-12-06 11:53:12.653 31466-1348  MdmCommandReceiver      com.cdccreditsmart.app               I  ðŸ” Endpoint: GET /api/apk/device/VY9DB9EC/commands
2025-12-06 11:53:12.655 31466-1348  MdmCommandReceiver      com.cdccreditsmart.app               D  ðŸ” Executando requisiÃ§Ã£o HTTP (timeout: 15s)...
2025-12-06 11:53:12.661 31466-1492  okhttp.OkHttpClient     com.cdccreditsmart.app               I  --> GET https://cdccreditsmart.com/api/apk/device/VY9DB9EC/commands
2025-12-06 11:53:12.661 31466-1492  okhttp.OkHttpClient     com.cdccreditsmart.app               I  --> END GET
2025-12-06 11:53:13.250 31466-1492  okhttp.OkHttpClient     com.cdccreditsmart.app               I  <-- 200 https://cdccreditsmart.com/api/apk/device/VY9DB9EC/commands (588ms)
2025-12-06 11:53:13.250 31466-1492  okhttp.OkHttpClient     com.cdccreditsmart.app               I  access-control-allow-credentials: true
2025-12-06 11:53:13.250 31466-1492  okhttp.OkHttpClient     com.cdccreditsmart.app               I  access-control-allow-headers: Origin, X-Requested-With, Content-Type, Accept, Authorization, x-client-key, x-client-token, x-client-secret, cache-control
2025-12-06 11:53:13.250 31466-1492  okhttp.OkHttpClient     com.cdccreditsmart.app               I  access-control-allow-methods: GET, POST, PUT, PATCH, DELETE, OPTIONS
2025-12-06 11:53:13.250 31466-1492  okhttp.OkHttpClient     com.cdccreditsmart.app               I  access-control-allow-origin: *
2025-12-06 11:53:13.250 31466-1492  okhttp.OkHttpClient     com.cdccreditsmart.app               I  access-control-max-age: 86400
2025-12-06 11:53:13.250 31466-1492  okhttp.OkHttpClient     com.cdccreditsmart.app               I  content-length: 105
2025-12-06 11:53:13.251 31466-1492  okhttp.OkHttpClient     com.cdccreditsmart.app               I  content-security-policy: default-src 'self'; script-src 'self' 'unsafe-inline' 'unsafe-eval' https://replit.com; style-src 'self' 'unsafe-inline' https://replit.com; img-src 'self' data: https:; font-src 'self' data: https://replit.com; connect-src 'self';
2025-12-06 11:53:13.251 31466-1492  okhttp.OkHttpClient     com.cdccreditsmart.app               I  content-type: application/json; charset=utf-8
2025-12-06 11:53:13.251 31466-1492  okhttp.OkHttpClient     com.cdccreditsmart.app               I  date: Sat, 06 Dec 2025 14:53:13 GMT
2025-12-06 11:53:13.251 31466-1492  okhttp.OkHttpClient     com.cdccreditsmart.app               I  etag: W/"69-8PetbeOP93W4v5dDvyWeYZadaf8"
2025-12-06 11:53:13.251 31466-1492  okhttp.OkHttpClient     com.cdccreditsmart.app               I  permissions-policy: geolocation=(), microphone=(), camera=()
2025-12-06 11:53:13.251 31466-1492  okhttp.OkHttpClient     com.cdccreditsmart.app               I  referrer-policy: strict-origin-when-cross-origin
2025-12-06 11:53:13.251 31466-1492  okhttp.OkHttpClient     com.cdccreditsmart.app               I  server: Google Frontend
2025-12-06 11:53:13.251 31466-1492  okhttp.OkHttpClient     com.cdccreditsmart.app               I  strict-transport-security: max-age=63072000; includeSubDomains
2025-12-06 11:53:13.251 31466-1492  okhttp.OkHttpClient     com.cdccreditsmart.app               I  strict-transport-security: max-age=31536000; includeSubDomains
2025-12-06 11:53:13.251 31466-1492  okhttp.OkHttpClient     com.cdccreditsmart.app               I  x-anti-fraud-protection: active
2025-12-06 11:53:13.251 31466-1492  okhttp.OkHttpClient     com.cdccreditsmart.app               I  x-certificate-pinning-enabled: false
2025-12-06 11:53:13.251 31466-1492  okhttp.OkHttpClient     com.cdccreditsmart.app               I  x-certificate-pinning-status: disabled-for-stability
2025-12-06 11:53:13.251 31466-1492  okhttp.OkHttpClient     com.cdccreditsmart.app               I  x-cloud-trace-context: 5f092b33f7b69b68316942db0697fdf0;o=1
2025-12-06 11:53:13.251 31466-1492  okhttp.OkHttpClient     com.cdccreditsmart.app               I  x-content-type-options: nosniff
2025-12-06 11:53:13.251 31466-1492  okhttp.OkHttpClient     com.cdccreditsmart.app               I  x-financial-data-protection: enabled
2025-12-06 11:53:13.251 31466-1492  okhttp.OkHttpClient     com.cdccreditsmart.app               I  x-frame-options: DENY
2025-12-06 11:53:13.251 31466-1492  okhttp.OkHttpClient     com.cdccreditsmart.app               I  x-transaction-security-level: maximum
2025-12-06 11:53:13.251 31466-1492  okhttp.OkHttpClient     com.cdccreditsmart.app               I  x-xss-protection: 1; mode=block
2025-12-06 11:53:13.251 31466-1492  okhttp.OkHttpClient     com.cdccreditsmart.app               I  via: 1.1 google
2025-12-06 11:53:13.251 31466-1492  okhttp.OkHttpClient     com.cdccreditsmart.app               I  alt-svc: h3=":443"; ma=2592000,h3-29=":443"; ma=2592000
2025-12-06 11:53:13.252 31466-1492  okhttp.OkHttpClient     com.cdccreditsmart.app               I  {"deviceId":"device_1764893130549_6se9ihqrhok","serialNumber":"VY9DB9EC","commandsCount":0,"commands":[]}
2025-12-06 11:53:13.252 31466-1492  okhttp.OkHttpClient     com.cdccreditsmart.app               I  <-- END HTTP (105-byte body)
2025-12-06 11:53:13.254 31466-1348  MdmCommandReceiver      com.cdccreditsmart.app               I  ðŸ” HTTP Response code: 200
2025-12-06 11:53:13.254 31466-1348  MdmCommandReceiver      com.cdccreditsmart.app               I  ðŸ” HTTP isSuccessful: true
2025-12-06 11:53:13.254 31466-1348  MdmCommandReceiver      com.cdccreditsmart.app               I  ðŸ” Response body deviceId: device_1764893130549_6se9ihqrhok
2025-12-06 11:53:13.254 31466-1348  MdmCommandReceiver      com.cdccreditsmart.app               I  ðŸ” Response body serialNumber: VY9DB9EC
2025-12-06 11:53:13.254 31466-1348  MdmCommandReceiver      com.cdccreditsmart.app               I  ðŸ” Total de comandos: 0
2025-12-06 11:53:13.255 31466-1348  MdmCommandReceiver      com.cdccreditsmart.app               D  âœ… Nenhum comando pendente no servidor
2025-12-06 11:53:13.255 31466-1348  MdmCommandReceiver      com.cdccreditsmart.app               D  ðŸ“Š Fetch duration: 602ms
2025-12-06 11:53:15.237 31466-1348  SettingsGuardService    com.cdccreditsmart.app               D  ðŸŽ¯ Package perigoso detectado: com.google.android.permissioncontroller
2025-12-06 11:53:15.238 31466-1348  SettingsGuardService    com.cdccreditsmart.app               W  ðŸš¨ ÃREA PERIGOSA DETECTADA!
2025-12-06 11:53:15.238 31466-1348  SettingsGuardService    com.cdccreditsmart.app               W     Pacote: com.google.android.permissioncontroller
2025-12-06 11:53:15.239 31466-1348  SettingsGuardService    com.cdccreditsmart.app               W     Atividade: com.android.permissioncontroller.permission.ui.ManagePermissionsActivity
2025-12-06 11:53:15.239 31466-1348  SettingsGuardService    com.cdccreditsmart.app               W     Chamando app para foreground...
2025-12-06 11:53:15.307 31466-31466 SettingsGuardService    com.cdccreditsmart.app               D  ðŸ  Enviado para Home primeiro (fecha Settings)
2025-12-06 11:53:15.520 31466-31466 SettingsGuardService    com.cdccreditsmart.app               I  âœ… App trazido para foreground
2025-12-06 11:53:15.531 31466-31466 ActivityThread          com.cdccreditsmart.app               D  mToDestroying.remove:ActivityRecord{4aba898 token=android.os.BinderProxy@d953044 {com.cdccreditsmart.app/com.cdccreditsmart.app.presentation.MainActivity}}
2025-12-06 11:53:15.554 31466-31466 WindowOnBackDispatcher  com.cdccreditsmart.app               W  sendCancelIfRunning: isInProgress=false callback=android.app.Activity$$ExternalSyntheticLambda0@c512fc3
2025-12-06 11:53:15.557 31466-31466 View                    com.cdccreditsmart.app               D  [Warning] assignParent to null: this = DecorView@9d4fad4[MainActivity]
2025-12-06 11:53:15.566 31466-3206  libMEOW                 com.cdccreditsmart.app               D  meow new tls: 0xb400007672bd3140
2025-12-06 11:53:15.566 31466-3206  libMEOW                 com.cdccreditsmart.app               D  applied 1 plugins for [com.cdccreditsmart.app]:
2025-12-06 11:53:15.566 31466-3206  libMEOW                 com.cdccreditsmart.app               D    plugin 1: [libMEOW_gift.so]: 0xb400007592aab840
2025-12-06 11:53:15.566 31466-3206  libMEOW                 com.cdccreditsmart.app               D  rebuild call chain: 0xb400007672c831f0
2025-12-06 11:53:15.567 31466-3206  libMEOW                 com.cdccreditsmart.app               D  meow delete tls: 0xb400007672bd3140
2025-12-06 11:53:15.569 31466-31466 ActivityThread          com.cdccreditsmart.app               D  ++ activityComponent:com.cdccreditsmart.app/com.cdccreditsmart.app.presentation.MainActivity counts:1 ALEAK_CLEAR_SUPPORT:true
2025-12-06 11:53:15.588 31466-31466 MainActivity            com.cdccreditsmart.app               I  ========================================
2025-12-06 11:53:15.588 31466-31466 MainActivity            com.cdccreditsmart.app               I  ðŸ“± SOLICITANDO PERMISSÃ•ES (NÃƒO DEVICE OWNER)
2025-12-06 11:53:15.588 31466-31466 MainActivity            com.cdccreditsmart.app               I  ========================================
2025-12-06 11:53:15.589 31466-31466 MainActivity            com.cdccreditsmart.app               I  âœ… Todas as runtime permissions jÃ¡ foram concedidas!
2025-12-06 11:53:15.589 31466-31466 SpecialPermissionReq    com.cdccreditsmart.app               I  ========================================
2025-12-06 11:53:15.589 31466-31466 SpecialPermissionReq    com.cdccreditsmart.app               I  ðŸ“Š STATUS DAS PERMISSÃ•ES ESPECIAIS
2025-12-06 11:53:15.589 31466-31466 SpecialPermissionReq    com.cdccreditsmart.app               I  ========================================
2025-12-06 11:53:15.589 31466-31466 SpecialPermissionReq    com.cdccreditsmart.app               I    USAGE_STATS: âœ… CONCEDIDA
2025-12-06 11:53:15.590 31466-1348  PersistentStateManager  com.cdccreditsmart.app               D  Nenhum estado local encontrado
2025-12-06 11:53:15.590 31466-31466 SpecialPermissionReq    com.cdccreditsmart.app               I    OVERLAY: âœ… CONCEDIDA
2025-12-06 11:53:15.590 31466-1348  PersistentStateManager  com.cdccreditsmart.app               D  ðŸ†• Sem estado local - device novo ou pÃ³s factory reset
2025-12-06 11:53:15.590 31466-1348  MainActivity            com.cdccreditsmart.app               I  ðŸ†• Device nunca foi provisionado
2025-12-06 11:53:15.591 31466-31466 SpecialPermissionReq    com.cdccreditsmart.app               I  
2025-12-06 11:53:15.591 31466-31466 SpecialPermissionReq    com.cdccreditsmart.app               I  âœ… Todas as permissÃµes especiais concedidas!
2025-12-06 11:53:15.591 31466-31466 SpecialPermissionReq    com.cdccreditsmart.app               I     ProteÃ§Ã£o anti-desinstalaÃ§Ã£o ativa.
2025-12-06 11:53:15.591 31466-31466 SpecialPermissionReq    com.cdccreditsmart.app               I  ========================================
2025-12-06 11:53:15.592 31466-31466 MainActivity            com.cdccreditsmart.app               I  âœ… Todas as permissÃµes especiais jÃ¡ foram concedidas!
2025-12-06 11:53:15.600 31466-31466 ActivityThread          com.cdccreditsmart.app               D  handleResumeActivity#3 r.window=nulla.mFinished = falsewillBeVisible = true
2025-12-06 11:53:15.600 31466-31466 ActivityThread          com.cdccreditsmart.app               D  handleResumeActivity#4 addView a.mVisibleFromClient=truea.mWindowAdded=falsedecor=DecorView@51ddd1a[]
2025-12-06 11:53:15.600 31466-31466 ActivityThread          com.cdccreditsmart.app               D  handleResumeActivity#5 addView decor=DecorView@51ddd1a[]
2025-12-06 11:53:15.604 31466-31466 VRI[MainActivity]       com.cdccreditsmart.app               D  hardware acceleration = true, forceHwAccelerated = false
2025-12-06 11:53:15.605 31466-31466 ViewRootImpl            com.cdccreditsmart.app               D  setView appearance:24 com.cdccreditsmart.app/com.cdccreditsmart.app.presentation.MainActivity
2025-12-06 11:53:15.627 31466-31466 InputEventReceiver      com.cdccreditsmart.app               D  Input log is disabled in InputEventReceiver.
2025-12-06 11:53:15.731 31466-1348  SettingsGuardService    com.cdccreditsmart.app               I  âœ… App CDC em foreground - resetando contador
2025-12-06 11:53:15.764 31466-31466 BufferQueueConsumer     com.cdccreditsmart.app               D  [](id:7aea00000004,api:0,p:-1,c:31466) connect: controlledByApp=false
2025-12-06 11:53:15.765 31466-31466 BLASTBufferQueue        com.cdccreditsmart.app               D  [VRI[MainActivity]#4](f:0,a:0) constructor()
2025-12-06 11:53:15.765 31466-31466 BLASTBufferQueue        com.cdccreditsmart.app               D  [VRI[MainActivity]#4](f:0,a:0) update width=1080 height=2436 format=-3 mTransformHint=0
2025-12-06 11:53:15.788 31466-1221  BLASTBufferQueue        com.cdccreditsmart.app               D  [VRI[MainActivity]#4](f:0,a:1) acquireNextBufferLocked size=1080x2436 mFrameNumber=1 applyTransaction=true mTimestamp=108078837032364(auto) mPendingTransactions.size=0 graphicBufferId=135145440935961 transform=0
2025-12-06 11:53:15.795 31466-31466 PermissionGateScreen    com.cdccreditsmart.app               I  ðŸ” VERIFICAÃ‡ÃƒO INICIAL DE PERMISSÃ•ES:
2025-12-06 11:53:15.795 31466-31466 PermissionGateScreen    com.cdccreditsmart.app               I     NÃ­vel: DEVICE_ADMIN
2025-12-06 11:53:15.795 31466-31466 PermissionGateScreen    com.cdccreditsmart.app               I     Todas concedidas: true
2025-12-06 11:53:15.808 31466-31466 PermissionGateScreen    com.cdccreditsmart.app               I     Bateria isenta: true
2025-12-06 11:53:15.808 31466-31466 PermissionGateScreen    com.cdccreditsmart.app               I     âœ… OK: Administrador do Dispositivo
2025-12-06 11:53:15.808 31466-31466 PermissionGateScreen    com.cdccreditsmart.app               I     âœ… OK: PermissÃµes BÃ¡sicas
2025-12-06 11:53:15.808 31466-31466 PermissionGateScreen    com.cdccreditsmart.app               I     âœ… OK: Monitoramento de Apps
2025-12-06 11:53:15.808 31466-31466 PermissionGateScreen    com.cdccreditsmart.app               I     âœ… OK: Mostrar Alertas
2025-12-06 11:53:15.808 31466-31466 PermissionGateScreen    com.cdccreditsmart.app               I     âœ… OK: ExecuÃ§Ã£o em Segundo Plano
2025-12-06 11:53:15.808 31466-31466 PermissionGateScreen    com.cdccreditsmart.app               I  âœ… TODAS AS PERMISSÃ•ES JÃ CONCEDIDAS - navegando imediatamente
2025-12-06 11:53:15.808 31466-31466 SettingsGuardService    com.cdccreditsmart.app               I  â–¶ï¸ Guard RETOMADO apÃ³s fluxo de permissÃµes
2025-12-06 11:53:15.860 31466-31466 DeviceOwnerCheckVM      com.cdccreditsmart.app               I  ========================================
2025-12-06 11:53:15.861 31466-31466 DeviceOwnerCheckVM      com.cdccreditsmart.app               I  ðŸ” Verificando status de Device Owner...
2025-12-06 11:53:15.939 31466-31466 InsetsController        com.cdccreditsmart.app               I  Insets animation onAnimationStart mShow:false, mDurationMs:340, types:statusBars
2025-12-06 11:53:16.317 31466-31466 InsetsController        com.cdccreditsmart.app               I  Insets animation onAnimationEnd
2025-12-06 11:53:16.362 31466-31466 DeviceUtils             com.cdccreditsmart.app               D  Device Owner check: false
2025-12-06 11:53:16.362 31466-31466 DeviceUtils             com.cdccreditsmart.app               D  Samsung device: false (Manufacturer: INFINIX)
2025-12-06 11:53:16.362 31466-31466 DeviceOwnerCheckVM      com.cdccreditsmart.app               W  âš ï¸ MODO DEBUG: UsuÃ¡rio jÃ¡ pulou provisionamento anteriormente
2025-12-06 11:53:16.362 31466-31466 DeviceOwnerCheckVM      com.cdccreditsmart.app               W  âš ï¸ Permitindo acesso sem Device Owner (decisÃ£o memorizada)
2025-12-06 11:53:16.362 31466-31466 DeviceOwnerCheckVM      com.cdccreditsmart.app               I  ========================================
2025-12-06 11:53:16.550 31466-31466 RouterViewModel         com.cdccreditsmart.app               D  ðŸš€ Iniciando verificaÃ§Ã£o de autenticaÃ§Ã£o...
2025-12-06 11:53:16.550 31466-1348  AuthOrchestrator        com.cdccreditsmart.app               D  ðŸ” Verificando autenticaÃ§Ã£o...
2025-12-06 11:53:16.552 31466-1348  AuthOrchestrator        com.cdccreditsmart.app               D  ðŸŒ Conectividade: ONLINE
2025-12-06 11:53:16.552 31466-1348  AuthOrchestrator        com.cdccreditsmart.app               D  ðŸ”„ ========== AUTO-DISCOVERY INICIADO ==========
2025-12-06 11:53:16.556 31466-1348  DeviceUtils             com.cdccreditsmart.app               E  SecurityException reading IMEI - permission denied (Ask Gemini)
                                                                                                    java.lang.SecurityException: getImeiForSlot: The uid 10301 does not meet the requirements to access device identifiers.
                                                                                                    	at android.os.Parcel.createExceptionOrNull(Parcel.java:3252)
                                                                                                    	at android.os.Parcel.createException(Parcel.java:3236)
                                                                                                    	at android.os.Parcel.readException(Parcel.java:3219)
                                                                                                    	at android.os.Parcel.readException(Parcel.java:3161)
                                                                                                    	at com.android.internal.telephony.ITelephony$Stub$Proxy.getImeiForSlot(ITelephony.java:12102)
                                                                                                    	at android.telephony.TelephonyManager.getImei(TelephonyManager.java:2356)
                                                                                                    	at android.telephony.TelephonyManager.getImei(TelephonyManager.java:2307)
                                                                                                    	at com.cdccreditsmart.app.utils.DeviceUtils.getDeviceImei(DeviceUtils.kt:106)
                                                                                                    	at com.cdccreditsmart.app.auth.AuthenticationOrchestrator.attemptAutoConnection(AuthenticationOrchestrator.kt:96)
                                                                                                    	at com.cdccreditsmart.app.auth.AuthenticationOrchestrator.access$attemptAutoConnection(AuthenticationOrchestrator.kt:28)
                                                                                                    	at com.cdccreditsmart.app.auth.AuthenticationOrchestrator$ensureAuthenticated$2.invokeSuspend(AuthenticationOrchestrator.kt:228)
                                                                                                    	at kotlin.coroutines.jvm.internal.BaseContinuationImpl.resumeWith(ContinuationImpl.kt:34)
                                                                                                    	at kotlinx.coroutines.DispatchedTask.run(DispatchedTask.kt:108)
                                                                                                    	at kotlinx.coroutines.internal.LimitedDispatcher$Worker.run(LimitedDispatcher.kt:115)
                                                                                                    	at kotlinx.coroutines.scheduling.TaskImpl.run(Tasks.kt:103)
                                                                                                    	at kotlinx.coroutines.scheduling.CoroutineScheduler.runSafely(CoroutineScheduler.kt:584)
                                                                                                    	at kotlinx.coroutines.scheduling.CoroutineScheduler$Worker.executeTask(CoroutineScheduler.kt:793)
                                                                                                    	at kotlinx.coroutines.scheduling.CoroutineScheduler$Worker.runWorker(CoroutineScheduler.kt:697)
                                                                                                    	at kotlinx.coroutines.scheduling.CoroutineScheduler$Worker.run(CoroutineScheduler.kt:684)
2025-12-06 11:53:16.556 31466-1348  AuthOrchestrator        com.cdccreditsmart.app               W  âš ï¸ IMEI nÃ£o disponÃ­vel (permissÃ£o negada ou emulador)
2025-12-06 11:53:16.556 31466-1348  AuthOrchestrator        com.cdccreditsmart.app               D     â†’ Fallback para pareamento manual
2025-12-06 11:53:16.556 31466-1348  ContractCodeStorage     com.cdccreditsmart.app               D  Retrieving contract code from storage
2025-12-06 11:53:16.816 31466-31466 TextSelection           com.cdccreditsmart.app               D  onUseCache cache=false
2025-12-06 11:53:16.895 31466-1397  ScrollPolicy            com.cdccreditsmart.app               I  BOOST_KSWAPD; duration: 3000
2025-12-06 11:53:16.901 31466-1397  PowerHalMgrImpl         com.cdccreditsmart.app               I  hdl:67557, pid:31466 
2025-12-06 11:53:16.914 31466-1397  PowerHalMgrImpl         com.cdccreditsmart.app               I  hdl:67557, pid:31466 
2025-12-06 11:53:16.968 31466-1397  ScrollPolicy            com.cdccreditsmart.app               I  BOOST_SCENE_4; duration: 0
2025-12-06 11:53:16.974 31466-1397  PowerHalMgrImpl         com.cdccreditsmart.app               I  hdl:67560, pid:31466 
2025-12-06 11:53:17.064 31466-1172  creditsmart.app         com.cdccreditsmart.app               I  Background concurrent mark compact GC freed 6747KB AllocSpace bytes, 182(6608KB) LOS objects, 49% free, 13MB/26MB, paused 1.159ms,9.741ms total 284.359ms
2025-12-06 11:53:17.173 31466-1348  ContractCodeStorage     com.cdccreditsmart.app               D  Storage verification: 7 valid, 0 tampered, 0 missing
2025-12-06 11:53:17.173 31466-1348  ContractCodeStorage     com.cdccreditsmart.app               D  Contract code retrieved successfully
2025-12-06 11:53:17.174 31466-1348  AuthOrchestrator        com.cdccreditsmart.app               D  âœ… CÃ³digo de pareamento encontrado: VY9D****
2025-12-06 11:53:17.177 31466-1348  AuthOrchestrator        com.cdccreditsmart.app               D  ðŸ”‘ Token existente encontrado - validando no servidor...
2025-12-06 11:53:17.192 31466-1492  okhttp.OkHttpClient     com.cdccreditsmart.app               I  --> GET https://cdccreditsmart.com/api/apk/device/status
2025-12-06 11:53:17.192 31466-1492  okhttp.OkHttpClient     com.cdccreditsmart.app               I  Authorization: Bearer eyJhbGciOiJIUzI1NiIsInR5cCI6IkpXVCJ9.eyJkZXZpY2VJZCI6ImRldmljZV8xNzY0ODkzMTMwNTQ5XzZzZTlpaHFyaG9rIiwiYXBrVG9rZW4iOiJWWTlEQjlFQyIsInR5cGUiOiJhcGsiLCJleHBpcmVzSW4iOiIyNGgiLCJpYXQiOjE3NjUwMjgxMTUsImV4cCI6MTc2NTExNDUxNX0.Zs1ApE_ghWMSOnPsS-3zjgPVCpgd2_neKm4JY71uQb4
2025-12-06 11:53:17.192 31466-1492  okhttp.OkHttpClient     com.cdccreditsmart.app               I  --> END GET
2025-12-06 11:53:17.565 31466-31466 VRI[MainActivity]       com.cdccreditsmart.app               D  visibilityChanged oldVisibility=true newVisibility=false
2025-12-06 11:53:17.594 31466-31466 BLASTBufferQueue        com.cdccreditsmart.app               D  [VRI[MainActivity]#4](f:0,a:1) destructor()
2025-12-06 11:53:17.594 31466-31466 BufferQueueConsumer     com.cdccreditsmart.app               D  [VRI[MainActivity]#4(BLAST Consumer)4](id:7aea00000004,api:0,p:-1,c:31466) disconnect
2025-12-06 11:53:17.706 31466-1492  okhttp.OkHttpClient     com.cdccreditsmart.app               I  <-- 200 https://cdccreditsmart.com/api/apk/device/status (513ms)
2025-12-06 11:53:17.706 31466-1492  okhttp.OkHttpClient     com.cdccreditsmart.app               I  access-control-allow-credentials: true
