2025-12-09 10:19:46.654 16386-16386 SecureTokenStorage      com.cdccreditsmart.app               D  ğŸ’¾ Salvando customer info - Name: Marcos Antunes, Device: G15 Power
2025-12-09 10:19:46.655 16386-16386 SecureTokenStorage      com.cdccreditsmart.app               D  âœ… CustomerName salvo: Marcos Antunes
2025-12-09 10:19:46.655 16386-16386 SecureTokenStorage      com.cdccreditsmart.app               D  âœ… DeviceModel salvo: G15 Power
2025-12-09 10:19:46.655 16386-16386 SecureTokenStorage      com.cdccreditsmart.app               I  âœ… Customer info saved successfully!
2025-12-09 10:19:46.656 16386-16386 PairingViewModel        com.cdccreditsmart.app               I  ğŸ“… ========================================
2025-12-09 10:19:46.656 16386-16386 PairingViewModel        com.cdccreditsmart.app               I  ğŸ“… AGENDANDO WORKERS PÃ“S-PAREAMENTO
2025-12-09 10:19:46.656 16386-16386 PairingViewModel        com.cdccreditsmart.app               I  ğŸ“… ========================================
2025-12-09 10:19:46.656 16386-16386 AutoBlockingWorker      com.cdccreditsmart.app               I  âœ… VerificaÃ§Ã£o automÃ¡tica de bloqueio agendada (diariamente Ã s 00:00)
2025-12-09 10:19:46.656 16386-16386 AutoBlockingWorker      com.cdccreditsmart.app               I     PrÃ³xima execuÃ§Ã£o em: 820 minutos
2025-12-09 10:19:46.656 16386-16386 PairingViewModel        com.cdccreditsmart.app               I  ğŸ“… âœ… AutoBlockingWorker agendado
2025-12-09 10:19:46.656 16386-16386 PeriodicOverlayWorker   com.cdccreditsmart.app               I  ğŸ“… Agendando overlay automÃ¡tico
2025-12-09 10:19:46.656 16386-16386 PeriodicOverlayWorker   com.cdccreditsmart.app               I     WorkManager interval: 15 minutos (mÃ­nimo obrigatÃ³rio)
2025-12-09 10:19:46.656 16386-16386 PeriodicOverlayWorker   com.cdccreditsmart.app               I     Cooldowns progressivos controlados internamente pelo worker
2025-12-09 10:19:46.656 16386-16386 PeriodicOverlayWorker   com.cdccreditsmart.app               I  âœ… Overlay automÃ¡tico agendado com sucesso
2025-12-09 10:19:46.656 16386-16386 PairingViewModel        com.cdccreditsmart.app               I  ğŸ“… âœ… PeriodicOverlayWorker agendado
2025-12-09 10:19:46.656 16386-16386 PairingViewModel        com.cdccreditsmart.app               I  ğŸ“… ========================================
2025-12-09 10:19:46.656 16386-16386 PairingViewModel        com.cdccreditsmart.app               I  ğŸ“… âœ… WORKERS AGENDADOS COM SUCESSO
2025-12-09 10:19:46.656 16386-16386 PairingViewModel        com.cdccreditsmart.app               I  ğŸ“… ========================================
2025-12-09 10:19:46.684 16386-16386 WindowOnBackDispatcher  com.cdccreditsmart.app               W  sendCancelIfRunning: isInProgress=false callback=androidx.activity.OnBackPressedDispatcher$Api34Impl$createOnBackAnimationCallback$1@855f558
2025-12-09 10:19:46.767 16386-24839 MdmCommandReceiver      com.cdccreditsmart.app               D  ğŸ“¥ Mensagem MDM recebida: {"type":"auth_error","message":"Device not found in system","timestamp":"2025-12-09T13:19:47.298Z"}
2025-12-09 10:19:46.768 16386-24837 MdmCommandReceiver      com.cdccreditsmart.app               D  ğŸ“¥ JSON recebido: {"type":"auth_error","message":"Device not found in system","timestamp":"2025-12-09T13:19:47.298Z"}
2025-12-09 10:19:46.772 16386-24837 MdmCommandReceiver      com.cdccreditsmart.app               D  ğŸ“¨ Tipo de mensagem: auth_error
2025-12-09 10:19:46.779 16386-24820 SecureTokenStorage      com.cdccreditsmart.app               D  EncryptedSharedPreferences initialized successfully
2025-12-09 10:19:46.781 16386-24837 MdmCommandReceiver      com.cdccreditsmart.app               E  âŒ ========================================
2025-12-09 10:19:46.781 16386-24837 MdmCommandReceiver      com.cdccreditsmart.app               E  âŒ ERRO DE AUTENTICAÃ‡ÃƒO WEBSOCKET!
2025-12-09 10:19:46.781 16386-24837 MdmCommandReceiver      com.cdccreditsmart.app               E  âŒ ========================================
2025-12-09 10:19:46.781 16386-24837 MdmCommandReceiver      com.cdccreditsmart.app               E  âŒ Erro: Device not found in system
2025-12-09 10:19:46.781 16386-24837 MdmCommandReceiver      com.cdccreditsmart.app               E  âŒ CÃ³digo: 
2025-12-09 10:19:46.864 16386-24839 MdmCommandReceiver      com.cdccreditsmart.app               D  ğŸ“¥ Mensagem MDM recebida: {"type":"auth_error","message":"Device not found in system","timestamp":"2025-12-09T13:19:47.397Z"}
2025-12-09 10:19:46.867 16386-24837 MdmCommandReceiver      com.cdccreditsmart.app               D  ğŸ“¥ JSON recebido: {"type":"auth_error","message":"Device not found in system","timestamp":"2025-12-09T13:19:47.397Z"}
2025-12-09 10:19:46.868 16386-24837 MdmCommandReceiver      com.cdccreditsmart.app               D  ğŸ“¨ Tipo de mensagem: auth_error
2025-12-09 10:19:46.869 16386-24837 MdmCommandReceiver      com.cdccreditsmart.app               E  âŒ ========================================
2025-12-09 10:19:46.869 16386-24837 MdmCommandReceiver      com.cdccreditsmart.app               E  âŒ ERRO DE AUTENTICAÃ‡ÃƒO WEBSOCKET!
2025-12-09 10:19:46.869 16386-24837 MdmCommandReceiver      com.cdccreditsmart.app               E  âŒ ========================================
2025-12-09 10:19:46.869 16386-24837 MdmCommandReceiver      com.cdccreditsmart.app               E  âŒ Erro: Device not found in system
2025-12-09 10:19:46.869 16386-24837 MdmCommandReceiver      com.cdccreditsmart.app               E  âŒ CÃ³digo: 
2025-12-09 10:19:46.890 16386-24837 SettingsGuardService    com.cdccreditsmart.app               D  ğŸ“‹ Activity check - Full: null, Simple: null
2025-12-09 10:19:46.910 16386-16982 ContractCodeStorage     com.cdccreditsmart.app               D  Storage verification: 7 valid, 0 tampered, 0 missing
2025-12-09 10:19:46.910 16386-16982 ContractCodeStorage     com.cdccreditsmart.app               D  Contract code retrieved successfully
2025-12-09 10:19:46.910 16386-16982 StubManager             com.cdccreditsmart.app               D  Enrollment complete: true (deviceId=device_176..., contractCode=XV8W57...)
2025-12-09 10:19:46.911 16386-16982 StubManager             com.cdccreditsmart.app               D  Stub APK not found in assets: cdc_stub.apk
2025-12-09 10:19:46.911 16386-16982 CdcForegroundService    com.cdccreditsmart.app               I  ğŸ”’ Stub instalado: false
2025-12-09 10:19:46.912 16386-16982 CdcForegroundService    com.cdccreditsmart.app               I  ğŸ”’ Enrollment completo: true
2025-12-09 10:19:46.912 16386-16982 CdcForegroundService    com.cdccreditsmart.app               I  ğŸ”’ APK em assets: false
2025-12-09 10:19:46.912 16386-16982 CdcForegroundService    com.cdccreditsmart.app               I  ğŸ”’ Device Owner: true
2025-12-09 10:19:46.912 16386-16982 CdcForegroundService    com.cdccreditsmart.app               I  ğŸ”’ Pode instalar: false
2025-12-09 10:19:46.912 16386-16982 ContractCodeStorage     com.cdccreditsmart.app               D  Retrieving contract code from storage
2025-12-09 10:19:47.073 16386-16982 ContractCodeStorage     com.cdccreditsmart.app               D  Storage verification: 7 valid, 0 tampered, 0 missing
2025-12-09 10:19:47.073 16386-16982 ContractCodeStorage     com.cdccreditsmart.app               D  Contract code retrieved successfully
2025-12-09 10:19:47.073 16386-16982 StubManager             com.cdccreditsmart.app               D  Enrollment complete: true (deviceId=device_176..., contractCode=XV8W57...)
2025-12-09 10:19:47.074 16386-16982 StubManager             com.cdccreditsmart.app               D  Stub is NOT installed
2025-12-09 10:19:47.074 16386-16982 StubManager             com.cdccreditsmart.app               D  Stub APK not found in assets: cdc_stub.apk
2025-12-09 10:19:47.074 16386-16982 StubManager             com.cdccreditsmart.app               W  Stub APK not found in assets - skipping installation
2025-12-09 10:19:47.074 16386-16982 CdcForegroundService    com.cdccreditsmart.app               W  ğŸ”’ âš ï¸ Stub APK nÃ£o encontrado em assets/
2025-12-09 10:19:47.074 16386-16982 CdcForegroundService    com.cdccreditsmart.app               I  ğŸ”’ ========================================
2025-12-09 10:19:47.074 16386-16982 CdcForegroundService    com.cdccreditsmart.app               I  ğŸ“¦ ========================================
2025-12-09 10:19:47.074 16386-16982 CdcForegroundService    com.cdccreditsmart.app               I  ğŸ“¦ APK PRELOAD PARA FACTORY RESET (Multi-Fabricante)
2025-12-09 10:19:47.074 16386-16982 CdcForegroundService    com.cdccreditsmart.app               I  ğŸ“¦ ========================================
2025-12-09 10:19:47.075 16386-16982 ApkPreloadManager       com.cdccreditsmart.app               I  ğŸ“± Fabricante detectado: infinix
2025-12-09 10:19:47.078 16386-16982 CdcForegroundService    com.cdccreditsmart.app               I  ğŸ“¦ APK em preload: false
2025-12-09 10:19:47.078 16386-16982 ContractCodeStorage     com.cdccreditsmart.app               D  Retrieving contract code from storage
2025-12-09 10:19:47.194 16386-24837 MdmCommandReceiver      com.cdccreditsmart.app               I  ğŸ” HTTP Response code: 404
2025-12-09 10:19:47.194 16386-24837 MdmCommandReceiver      com.cdccreditsmart.app               I  ğŸ” HTTP isSuccessful: false
2025-12-09 10:19:47.194 16386-24837 MdmCommandReceiver      com.cdccreditsmart.app               E  âŒ ========================================
2025-12-09 10:19:47.195 16386-24837 MdmCommandReceiver      com.cdccreditsmart.app               E  âŒ ERRO AO BUSCAR COMANDOS PENDENTES
2025-12-09 10:19:47.195 16386-24837 MdmCommandReceiver      com.cdccreditsmart.app               E  âŒ ========================================
2025-12-09 10:19:47.195 16386-24837 MdmCommandReceiver      com.cdccreditsmart.app               E  âŒ HTTP Status: 404
2025-12-09 10:19:47.195 16386-24837 MdmCommandReceiver      com.cdccreditsmart.app               E  âŒ HTTP Message: 
2025-12-09 10:19:47.195 16386-24837 MdmCommandReceiver      com.cdccreditsmart.app               E  âŒ Error body: {"error":"Dispositivo nÃ£o encontrado","hint":"Use IMEI, Serial Number ou Device ID do aparelho cadastrado"}
2025-12-09 10:19:47.195 16386-24837 MdmCommandReceiver      com.cdccreditsmart.app               E  âŒ ========================================
2025-12-09 10:19:47.195 16386-24837 MdmCommandReceiver      com.cdccreditsmart.app               E  âŒ Device nÃ£o encontrado no backend!
2025-12-09 10:19:47.195 16386-24837 MdmCommandReceiver      com.cdccreditsmart.app               E  âŒ Identifier usado: 352096325698365
2025-12-09 10:19:47.225 16386-24837 HeartbeatManager        com.cdccreditsmart.app               I  âœ… Heartbeat aceito pelo backend (HTTP 200)
2025-12-09 10:19:47.225 16386-24837 HeartbeatManager        com.cdccreditsmart.app               D  ğŸ“Š Resposta do heartbeat:
2025-12-09 10:19:47.225 16386-24837 HeartbeatManager        com.cdccreditsmart.app               D     success: true
2025-12-09 10:19:47.225 16386-24837 HeartbeatManager        com.cdccreditsmart.app               D     complianceStatus: NON_COMPLIANT
2025-12-09 10:19:47.225 16386-24837 HeartbeatManager        com.cdccreditsmart.app               D     expectedBlockLevel: 6
2025-12-09 10:19:47.225 16386-24837 HeartbeatManager        com.cdccreditsmart.app               D     requiresBackendRevalidation: true
2025-12-09 10:19:47.225 16386-24837 HeartbeatManager        com.cdccreditsmart.app               W  âš ï¸ Backend exige revalidaÃ§Ã£o de IMEI!
2025-12-09 10:19:47.225 16386-24837 HeartbeatManager        com.cdccreditsmart.app               W  
2025-12-09 10:19:47.225 16386-24837 HeartbeatManager        com.cdccreditsmart.app               W  â•”â•â•â•â•â•â•â•â•â•â•â•â•â•â•â•â•â•â•â•â•â•â•â•â•â•â•â•â•â•â•â•â•â•â•â•â•â•â•â•â•â•â•â•â•â•â•â•â•â•â•â•â•â•—
2025-12-09 10:19:47.225 16386-24837 HeartbeatManager        com.cdccreditsmart.app               W  â•‘  âš ï¸ DISPOSITIVO NÃƒO-CONFORME DETECTADO!          â•‘
2025-12-09 10:19:47.225 16386-24837 HeartbeatManager        com.cdccreditsmart.app               W  â• â•â•â•â•â•â•â•â•â•â•â•â•â•â•â•â•â•â•â•â•â•â•â•â•â•â•â•â•â•â•â•â•â•â•â•â•â•â•â•â•â•â•â•â•â•â•â•â•â•â•â•â•â•£
2025-12-09 10:19:47.226 16386-24837 HeartbeatManager        com.cdccreditsmart.app               W  â•‘  NÃ­vel atual: 0                              â•‘
2025-12-09 10:19:47.226 16386-24837 HeartbeatManager        com.cdccreditsmart.app               W  â•‘  NÃ­vel esperado: 6                            â•‘
2025-12-09 10:19:47.226 16386-24837 HeartbeatManager        com.cdccreditsmart.app               W  â•‘  Tentativa: 1/3                         â•‘
2025-12-09 10:19:47.226 16386-24837 HeartbeatManager        com.cdccreditsmart.app               W  â•šâ•â•â•â•â•â•â•â•â•â•â•â•â•â•â•â•â•â•â•â•â•â•â•â•â•â•â•â•â•â•â•â•â•â•â•â•â•â•â•â•â•â•â•â•â•â•â•â•â•â•â•â•â•
2025-12-09 10:19:47.226 16386-24837 HeartbeatManager        com.cdccreditsmart.app               W  
2025-12-09 10:19:47.226 16386-24837 HeartbeatManager        com.cdccreditsmart.app               I  ğŸ”§ Chamando forceComplianceCorrection(6)...
2025-12-09 10:19:47.226 16386-24837 AppBlockingManager      com.cdccreditsmart.app               W  âš ï¸ NÃƒO-CONFORMIDADE DETECTADA pelo backend!
2025-12-09 10:19:47.226 16386-24837 AppBlockingManager      com.cdccreditsmart.app               W     NÃ­vel atual (SharedPrefs): 0
2025-12-09 10:19:47.226 16386-24837 AppBlockingManager      com.cdccreditsmart.app               W     NÃ­vel esperado: 6
2025-12-09 10:19:47.226 16386-24837 AppBlockingManager      com.cdccreditsmart.app               I  ğŸ”§ Iniciando correÃ§Ã£o para nÃ­vel 6...
2025-12-09 10:19:47.227 16386-24837 AppBlockingManager      com.cdccreditsmart.app               I  âœ… App Ã© Device Owner - prosseguindo com correÃ§Ã£o
2025-12-09 10:19:47.227 16386-24837 AppBlockingManager      com.cdccreditsmart.app               I     â†’ Categorias para nÃ­vel 6: []
2025-12-09 10:19:47.227 16386-24837 AppBlockingManager      com.cdccreditsmart.app               I     â†’ Chamando applyProgressiveBlock()...
2025-12-09 10:19:47.227 16386-24837 AppBlockingManager      com.cdccreditsmart.app               I  
2025-12-09 10:19:47.227 16386-24837 AppBlockingManager      com.cdccreditsmart.app               I  â•”â•â•â•â•â•â•â•â•â•â•â•â•â•â•â•â•â•â•â•â•â•â•â•â•â•â•â•â•â•â•â•â•â•â•â•â•â•â•â•â•â•â•â•â•â•â•â•â•â•â•â•â•â•â•â•â•â•â•â•â•â•â•â•â•â•—
2025-12-09 10:19:47.227 16386-24837 AppBlockingManager      com.cdccreditsmart.app               I  â•‘  ğŸ”’ APLICANDO BLOQUEIO PROGRESSIVO                             â•‘
2025-12-09 10:19:47.227 16386-24837 AppBlockingManager      com.cdccreditsmart.app               I  â• â•â•â•â•â•â•â•â•â•â•â•â•â•â•â•â•â•â•â•â•â•â•â•â•â•â•â•â•â•â•â•â•â•â•â•â•â•â•â•â•â•â•â•â•â•â•â•â•â•â•â•â•â•â•â•â•â•â•â•â•â•â•â•â•â•£
2025-12-09 10:19:47.228 16386-24837 AppBlockingManager      com.cdccreditsmart.app               I  â•‘  NÃ­vel efetivo: 6 (target=6, level=0)
2025-12-09 10:19:47.228 16386-24837 AppBlockingManager      com.cdccreditsmart.app               I  â•‘  NÃ­vel anterior: 0
2025-12-09 10:19:47.228 16386-24837 AppBlockingManager      com.cdccreditsmart.app               I  â•‘  TransiÃ§Ã£o: PRIMEIRO BLOQUEIO (0 â†’ 6)
2025-12-09 10:19:47.228 16386-24837 AppBlockingManager      com.cdccreditsmart.app               I  â•‘  Dias de atraso: 0
2025-12-09 10:19:47.228 16386-24837 AppBlockingManager      com.cdccreditsmart.app               I  â•‘  Formato: unknown
2025-12-09 10:19:47.228 16386-24837 AppBlockingManager      com.cdccreditsmart.app               I  â•šâ•â•â•â•â•â•â•â•â•â•â•â•â•â•â•â•â•â•â•â•â•â•â•â•â•â•â•â•â•â•â•â•â•â•â•â•â•â•â•â•â•â•â•â•â•â•â•â•â•â•â•â•â•â•â•â•â•â•â•â•â•â•â•â•â•
2025-12-09 10:19:47.228 16386-24837 AppBlockingManager      com.cdccreditsmart.app               I  ğŸ“‹ Formato detectado: Legacy (rules/categories)
2025-12-09 10:19:47.228 16386-24837 AppBlockingManager      com.cdccreditsmart.app               D     Legacy - rules: 0
2025-12-09 10:19:47.228 16386-24837 AppBlockingManager      com.cdccreditsmart.app               D     Legacy - categories: 0
2025-12-09 10:19:47.228 16386-24837 AppBlockingManager      com.cdccreditsmart.app               D     Legacy - exceptions: 0
2025-12-09 10:19:47.229 16386-24837 AppBlockingManager      com.cdccreditsmart.app               D  Estado anterior - NÃ­vel: 0, Categorias: 0
2025-12-09 10:19:47.229 16386-24837 AppBlockingManager      com.cdccreditsmart.app               D  ğŸ“Š [ReferÃªncia/Legacy] Categorias do getCategoriesForLevel(6): 10
2025-12-09 10:19:47.229 16386-24837 AppBlockingManager      com.cdccreditsmart.app               I  ğŸ“¦ MODO LEGACY: Usando extractCategoriesFromRules...
2025-12-09 10:19:47.229 16386-24837 AppBlockingManager      com.cdccreditsmart.app               I     ğŸ¯ Legacy: Usando TODAS as categorias do backend SEM filtro de nÃ­vel
2025-12-09 10:19:47.229 16386-24837 AppBlockingManager      com.cdccreditsmart.app               D  ğŸ“‹ Sem rules - usando categorias diretas do comando (backward compatibility)
2025-12-09 10:19:47.229 16386-24837 AppBlockingManager      com.cdccreditsmart.app               D  ğŸ“‹ Categorias diretas: 0
2025-12-09 10:19:47.229 16386-24837 AppBlockingManager      com.cdccreditsmart.app               D  ğŸ“‹ Exceptions diretas: 0
2025-12-09 10:19:47.229 16386-24837 AppBlockingManager      com.cdccreditsmart.app               I     ğŸ“‚ Categorias extraÃ­das: 0
2025-12-09 10:19:47.229 16386-24837 AppBlockingManager      com.cdccreditsmart.app               D     ğŸ“‚ Categorias: []
2025-12-09 10:19:47.229 16386-24837 AppBlockingManager      com.cdccreditsmart.app               I  â¬†ï¸ NÃ­vel AUMENTOU (0 â†’ 6): ACUMULANDO categorias
2025-12-09 10:19:47.229 16386-24837 AppBlockingManager      com.cdccreditsmart.app               D     ğŸ“Š Categorias acumuladas: 0
2025-12-09 10:19:47.261 16386-24837 CategoryMapper          com.cdccreditsmart.app               I  ğŸ” Processando 0 categorias para bloqueio
2025-12-09 10:19:47.261 16386-24837 CategoryMapper          com.cdccreditsmart.app               D  Categorias: []
2025-12-09 10:19:47.261 16386-24837 CategoryMapper          com.cdccreditsmart.app               D  ExceÃ§Ãµes: []
2025-12-09 10:19:47.268 16386-24837 CategoryMapper          com.cdccreditsmart.app               D  âœ… App bloqueÃ¡vel detectado: com.google.android.networkstack.tethering
2025-12-09 10:19:47.270 16386-24837 CategoryMapper          com.cdccreditsmart.app               D  âœ… App bloqueÃ¡vel detectado: com.mediatek.ims
2025-12-09 10:19:47.272 16386-24837 CategoryMapper          com.cdccreditsmart.app               D  âœ… App bloqueÃ¡vel detectado: com.android.cts.priv.ctsshim
2025-12-09 10:19:47.274 16386-24837 CategoryMapper          com.cdccreditsmart.app               D  âœ… App bloqueÃ¡vel detectado: com.google.android.youtube
2025-12-09 10:19:47.276 16386-24837 CategoryMapper          com.cdccreditsmart.app               D  âœ… App bloqueÃ¡vel detectado: com.transsion.statisticalsales
2025-12-09 10:19:47.278 16386-24837 CategoryMapper          com.cdccreditsmart.app               D  âœ… App bloqueÃ¡vel detectado: com.zaz.translate
2025-12-09 10:19:47.280 16386-24837 CategoryMapper          com.cdccreditsmart.app               D  âœ… App bloqueÃ¡vel detectado: com.android.internal.display.cutout.emulation.corner
2025-12-09 10:19:47.281 16386-24837 CategoryMapper          com.cdccreditsmart.app               D  ğŸ›¡ï¸ App protegido (nÃ£o bloqueia): com.google.android.ext.services
2025-12-09 10:19:47.285 16386-24837 CategoryMapper          com.cdccreditsmart.app               D  âœ… App bloqueÃ¡vel detectado: com.zhiliaoapp.musically.go
2025-12-09 10:19:47.287 16386-24837 CategoryMapper          com.cdccreditsmart.app               D  âœ… App bloqueÃ¡vel detectado: com.android.internal.display.cutout.emulation.double
2025-12-09 10:19:47.289 16386-24837 CategoryMapper          com.cdccreditsmart.app               D  âœ… App bloqueÃ¡vel detectado: com.transsion.inearmonitor
2025-12-09 10:19:47.289 16386-24837 CategoryMapper          com.cdccreditsmart.app               D  ğŸ›¡ï¸ App protegido (nÃ£o bloqueia): com.android.providers.telephony
2025-12-09 10:19:47.290 16386-24837 CategoryMapper          com.cdccreditsmart.app               D  âœ… App bloqueÃ¡vel detectado: com.android.dynsystem
2025-12-09 10:19:47.291 16386-24837 CategoryMapper          com.cdccreditsmart.app               D  âœ… App bloqueÃ¡vel detectado: com.transsion.plat.appupdate
2025-12-09 10:19:47.293 16386-24837 CategoryMapper          com.cdccreditsmart.app               D  âœ… App bloqueÃ¡vel detectado: com.google.android.googlequicksearchbox
2025-12-09 10:19:47.295 16386-24837 CategoryMapper          com.cdccreditsmart.app               D  âœ… App bloqueÃ¡vel detectado: com.talpa.hiservice
2025-12-09 10:19:47.295 16386-24837 LegalWhitelist          com.cdccreditsmart.app               D  âš–ï¸ App governamental protegido: com.google.android.cellbroadcastservice
2025-12-09 10:19:47.295 16386-24837 CategoryMapper          com.cdccreditsmart.app               D  âš–ï¸ App protegido por lei (TJMG): com.google.android.cellbroadcastservice - App governamental (TJMG)
2025-12-09 10:19:47.295 16386-24837 CategoryMapper          com.cdccreditsmart.app               D  ğŸ›¡ï¸ App protegido (nÃ£o bloqueia): com.google.android.cellbroadcastservice
2025-12-09 10:19:47.298 16386-24837 CategoryMapper          com.cdccreditsmart.app               D  âœ… App bloqueÃ¡vel detectado: com.transsion.phonemaster
2025-12-09 10:19:47.299 16386-24837 CategoryMapper          com.cdccreditsmart.app               D  âœ… App bloqueÃ¡vel detectado: com.transsion.spacesaversdk
2025-12-09 10:19:47.299 16386-24837 CategoryMapper          com.cdccreditsmart.app               D  ğŸ›¡ï¸ App protegido (nÃ£o bloqueia): com.android.providers.calendar
2025-12-09 10:19:47.301 16386-24837 CategoryMapper          com.cdccreditsmart.app               D  âœ… App bloqueÃ¡vel detectado: com.transsion.manualguide
2025-12-09 10:19:47.303 16386-24837 CategoryMapper          com.cdccreditsmart.app               D  âœ… App bloqueÃ¡vel detectado: com.google.android.apps.googleassistant
2025-12-09 10:19:47.304 16386-24837 CategoryMapper          com.cdccreditsmart.app               D  âœ… App bloqueÃ¡vel detectado: com.mediatek.telephony
2025-12-09 10:19:47.305 16386-24837 CategoryMapper          com.cdccreditsmart.app               D  âœ… App bloqueÃ¡vel detectado: com.transsion.airtransfer
2025-12-09 10:19:47.305 16386-24837 CategoryMapper          com.cdccreditsmart.app               D  ğŸ›¡ï¸ App protegido (nÃ£o bloqueia): com.android.providers.media
2025-12-09 10:19:47.306 16386-24837 CategoryMapper          com.cdccreditsmart.app               D  âœ… App bloqueÃ¡vel detectado: com.android.networkstack.tethering.overlay
2025-12-09 10:19:47.307 16386-24837 CategoryMapper          com.cdccreditsmart.app               D  âœ… App bloqueÃ¡vel detectado: com.google.android.onetimeinitializer
2025-12-09 10:19:47.308 16386-24837 CategoryMapper          com.cdccreditsmart.app               D  ğŸ›¡ï¸ App protegido (nÃ£o bloqueia): com.google.android.ext.shared
2025-12-09 10:19:47.309 16386-24837 CategoryMapper          com.cdccreditsmart.app               D  âœ… App bloqueÃ¡vel detectado: com.transsion.gamespace.app
2025-12-09 10:19:47.309 16386-24837 CategoryMapper          com.cdccreditsmart.app               D  âœ… App bloqueÃ¡vel detectado: com.mediatek.location.lppe.main
2025-12-09 10:19:47.310 16386-24837 CategoryMapper          com.cdccreditsmart.app               D  âœ… App bloqueÃ¡vel detectado: com.android.virtualmachine.res
2025-12-09 10:19:47.310 16386-24837 CategoryMapper          com.cdccreditsmart.app               D  âœ… App bloqueÃ¡vel detectado: com.transsion.aiwallpaper
2025-12-09 10:19:47.311 16386-24837 CategoryMapper          com.cdccreditsmart.app               D  âœ… App bloqueÃ¡vel detectado: com.android.wallpapercropper
2025-12-09 10:19:47.312 16386-24837 CategoryMapper          com.cdccreditsmart.app               D  âœ… App bloqueÃ¡vel detectado: com.google.android.federatedcompute
2025-12-09 10:19:47.314 16386-24837 CategoryMapper          com.cdccreditsmart.app               D  âœ… App bloqueÃ¡vel detectado: com.transsion.magicfont
2025-12-09 10:19:47.315 16386-24837 CategoryMapper          com.cdccreditsmart.app               D  âœ… App bloqueÃ¡vel detectado: com.transsion.magicshow
2025-12-09 10:19:47.316 16386-24837 CategoryMapper          com.cdccreditsmart.app               D  âœ… App bloqueÃ¡vel detectado: com.mediatek.schpwronoff
2025-12-09 10:19:47.318 16386-24837 CategoryMapper          com.cdccreditsmart.app               D  âœ… App bloqueÃ¡vel detectado: com.mediatek.SettingsProviderResOverlay
2025-12-09 10:19:47.319 16386-24837 CategoryMapper          com.cdccreditsmart.app               D  âœ… App bloqueÃ¡vel detectado: com.idea.questionnaire
2025-12-09 10:19:47.320 16386-24837 CategoryMapper          com.cdccreditsmart.app               D  âœ… App bloqueÃ¡vel detectado: com.mediatek.gnss.nonframeworklbs
2025-12-09 10:19:47.322 16386-24837 CategoryMapper          com.cdccreditsmart.app               D  âœ… App bloqueÃ¡vel detectado: com.transsion.dynamicbar
2025-12-09 10:19:47.324 16386-24837 CategoryMapper          com.cdccreditsmart.app               D  âœ… App bloqueÃ¡vel detectado: com.transsion.aivoiceassistant
2025-12-09 10:19:47.325 16386-24837 CategoryMapper          com.cdccreditsmart.app               D  âœ… App bloqueÃ¡vel detectado: com.google.android.server.deviceconfig.resources
2025-12-09 10:19:47.326 16386-24837 CategoryMapper          com.cdccreditsmart.app               D  âœ… App bloqueÃ¡vel detectado: com.android.networkstack.tethering.inprocess.overlay
2025-12-09 10:19:47.327 16386-24837 CategoryMapper          com.cdccreditsmart.app               D  âœ… App bloqueÃ¡vel detectado: com.android.wifi.resources.overlay
2025-12-09 10:19:47.327 16386-24837 CategoryMapper          com.cdccreditsmart.app               D  ğŸ›¡ï¸ App protegido (nÃ£o bloqueia): com.android.externalstorage
2025-12-09 10:19:47.328 16386-24837 CategoryMapper          com.cdccreditsmart.app               D  âœ… App bloqueÃ¡vel detectado: com.mediatek.ygps
2025-12-09 10:19:47.329 16386-24837 CategoryMapper          com.cdccreditsmart.app               D  âœ… App bloqueÃ¡vel detectado: com.mediatek.simprocessor
2025-12-09 10:19:47.330 16386-24837 CategoryMapper          com.cdccreditsmart.app               D  âœ… App bloqueÃ¡vel detectado: com.android.htmlviewer
2025-12-09 10:19:47.330 16386-24837 CategoryMapper          com.cdccreditsmart.app               D  âœ… App bloqueÃ¡vel detectado: com.android.companiondevicemanager
2025-12-09 10:19:47.332 16386-24837 CategoryMapper          com.cdccreditsmart.app               D  âœ… App bloqueÃ¡vel detectado: com.transsion.aichargeprovider
2025-12-09 10:19:47.337 16386-24837 CategoryMapper          com.cdccreditsmart.app               D  âœ… App bloqueÃ¡vel detectado: com.android.mms.service
2025-12-09 10:19:47.337 16386-24837 CategoryMapper          com.cdccreditsmart.app               D  ğŸ›¡ï¸ App protegido (nÃ£o bloqueia): com.android.providers.downloads
2025-12-09 10:19:47.338 16386-24837 CategoryMapper          com.cdccreditsmart.app               D  âœ… App bloqueÃ¡vel detectado: com.google.android.health.connect.backuprestore
2025-12-09 10:19:47.338 16386-24837 CategoryMapper          com.cdccreditsmart.app               D  âš–ï¸ App protegido por lei (TJMG): com.google.android.apps.messaging - Mensagens SMS (TJMG)
2025-12-09 10:19:47.338 16386-24837 CategoryMapper          com.cdccreditsmart.app               D  ğŸ›¡ï¸ App protegido (nÃ£o bloqueia): com.google.android.apps.messaging
2025-12-09 10:19:47.339 16386-24837 CategoryMapper          com.cdccreditsmart.app               D  âœ… App bloqueÃ¡vel detectado: com.google.android.networkstack.tethering.overlay
2025-12-09 10:19:47.340 16386-24837 CategoryMapper          com.cdccreditsmart.app               D  âœ… App bloqueÃ¡vel detectado: com.mediatek.engineermode
2025-12-09 10:19:47.341 16386-24837 CategoryMapper          com.cdccreditsmart.app               D  âœ… App bloqueÃ¡vel detectado: com.westalgo.factorycamera
2025-12-09 10:19:47.341 16386-24837 LegalWhitelist          com.cdccreditsmart.app               D  âš–ï¸ App governamental protegido: com.transsion.iotservice
2025-12-09 10:19:47.341 16386-24837 CategoryMapper          com.cdccreditsmart.app               D  âš–ï¸ App protegido por lei (TJMG): com.transsion.iotservice - App governamental (TJMG)
2025-12-09 10:19:47.341 16386-24837 CategoryMapper          com.cdccreditsmart.app               D  ğŸ›¡ï¸ App protegido (nÃ£o bloqueia): com.transsion.iotservice
2025-12-09 10:19:47.342 16386-24837 CategoryMapper          com.cdccreditsmart.app               D  âœ… App bloqueÃ¡vel detectado: com.android.connectivity.resources.overlay
2025-12-09 10:19:47.342 16386-24837 CategoryMapper          com.cdccreditsmart.app               D  âš–ï¸ App protegido por lei (TJMG): com.cdccreditsmart.app - App CDC Credit Smart
2025-12-09 10:19:47.342 16386-24837 CategoryMapper          com.cdccreditsmart.app               D  ğŸ›¡ï¸ App protegido (nÃ£o bloqueia): com.cdccreditsmart.app
2025-12-09 10:19:47.343 16386-24837 CategoryMapper          com.cdccreditsmart.app               D  âœ… App bloqueÃ¡vel detectado: com.mediatek.omacp
2025-12-09 10:19:47.344 16386-24837 CategoryMapper          com.cdccreditsmart.app               D  ğŸ›¡ï¸ App crÃ­tico do sistema detectado: com.android.systemui.os.overlay
2025-12-09 10:19:47.344 16386-24837 CategoryMapper          com.cdccreditsmart.app               D  ğŸ›¡ï¸ App protegido (nÃ£o bloqueia): com.android.systemui.os.overlay
2025-12-09 10:19:47.347 16386-24837 CategoryMapper          com.cdccreditsmart.app               D  âœ… App bloqueÃ¡vel detectado: com.transsion.overlaysuw.resoverlay
2025-12-09 10:19:47.348 16386-24837 CategoryMapper          com.cdccreditsmart.app               D  âœ… App bloqueÃ¡vel detectado: com.transsion.iotcard
2025-12-09 10:19:47.352 16386-24837 CategoryMapper          com.cdccreditsmart.app               D  âœ… App bloqueÃ¡vel detectado: com.google.android.configupdater
2025-12-09 10:19:47.358 16386-24837 CategoryMapper          com.cdccreditsmart.app               D  âœ… App bloqueÃ¡vel detectado: com.transsion.trproduct.overlaysuw.resoverlay
2025-12-09 10:19:47.359 16386-24837 CategoryMapper          com.cdccreditsmart.app               D  âœ… App bloqueÃ¡vel detectado: com.transsion.dualapp
2025-12-09 10:19:47.360 16386-24837 CategoryMapper          com.cdccreditsmart.app               D  ğŸ›¡ï¸ App crÃ­tico do sistema detectado: com.google.android.providers.media.module
2025-12-09 10:19:47.360 16386-24837 CategoryMapper          com.cdccreditsmart.app               D  ğŸ›¡ï¸ App protegido (nÃ£o bloqueia): com.google.android.providers.media.module
2025-12-09 10:19:47.361 16386-24837 CategoryMapper          com.cdccreditsmart.app               D  âœ… App bloqueÃ¡vel detectado: com.google.android.overlay.modules.permissioncontroller
2025-12-09 10:19:47.362 16386-24837 CategoryMapper          com.cdccreditsmart.app               D  âœ… App bloqueÃ¡vel detectado: com.google.android.apps.safetyhub
2025-12-09 10:19:47.363 16386-24837 CategoryMapper          com.cdccreditsmart.app               D  âœ… App bloqueÃ¡vel detectado: com.infinix
2025-12-09 10:19:47.365 16386-24837 CategoryMapper          com.cdccreditsmart.app               D  âœ… App bloqueÃ¡vel detectado: com.google.ar.core
2025-12-09 10:19:47.371 16386-24837 CategoryMapper          com.cdccreditsmart.app               D  ğŸ›¡ï¸ App crÃ­tico do sistema detectado: com.android.providers.downloads.ui
2025-12-09 10:19:47.371 16386-24837 CategoryMapper          com.cdccreditsmart.app               D  ğŸ›¡ï¸ App protegido (nÃ£o bloqueia): com.android.providers.downloads.ui
2025-12-09 10:19:47.372 16386-24837 CategoryMapper          com.cdccreditsmart.app               D  âœ… App bloqueÃ¡vel detectado: com.google.android.hotspot2.osulogin
2025-12-09 10:19:47.373 16386-24837 CategoryMapper          com.cdccreditsmart.app               D  âœ… App bloqueÃ¡vel detectado: com.android.vending
2025-12-09 10:19:47.374 16386-24837 CategoryMapper          com.cdccreditsmart.app               D  âœ… App bloqueÃ¡vel detectado: com.android.pacprocessor
2025-12-09 10:19:47.375 16386-24837 CategoryMapper          com.cdccreditsmart.app               D  âœ… App bloqueÃ¡vel detectado: com.android.simappdialog
2025-12-09 10:19:47.376 16386-24837 CategoryMapper          com.cdccreditsmart.app               D  âœ… App bloqueÃ¡vel detectado: com.jiiov.fingerprint_factorytest
2025-12-09 10:19:47.377 16386-24837 CategoryMapper          com.cdccreditsmart.app               D  âœ… App bloqueÃ¡vel detectado: com.transsion.settings.bluetooth
2025-12-09 10:19:47.379 16386-24837 CategoryMapper          com.cdccreditsmart.app               D  âœ… App bloqueÃ¡vel detectado: com.google.android.adservices.api
2025-12-09 10:19:47.379 16386-24837 CategoryMapper          com.cdccreditsmart.app               D  âœ… App bloqueÃ¡vel detectado: com.android.internal.display.cutout.emulation.hole
2025-12-09 10:19:47.379 16386-24837 CategoryMapper          com.cdccreditsmart.app               D  âœ… App bloqueÃ¡vel detectado: com.android.internal.display.cutout.emulation.tall
2025-12-09 10:19:47.380 16386-24837 CategoryMapper          com.cdccreditsmart.app               D  âœ… App bloqueÃ¡vel detectado: com.android.certinstaller
2025-12-09 10:19:47.381 16386-24837 CategoryMapper          com.cdccreditsmart.app               D  âœ… App bloqueÃ¡vel detectado: com.transsion.theme.icon
2025-12-09 10:19:47.382 16386-24837 CategoryMapper          com.cdccreditsmart.app               D  âœ… App bloqueÃ¡vel detectado: com.android.carrierconfig
2025-12-09 10:19:47.387 16386-24837 CategoryMapper          com.cdccreditsmart.app               D  âœ… App bloqueÃ¡vel detectado: com.google.android.marvin.talkback
2025-12-09 10:19:47.389 16386-24837 CategoryMapper          com.cdccreditsmart.app               D  âœ… App bloqueÃ¡vel detectado: com.mediatek.networkstack.inprocess.overlay
2025-12-09 10:19:47.389 16386-24837 CategoryMapper          com.cdccreditsmart.app               D  ğŸ›¡ï¸ App crÃ­tico do sistema detectado: com.android.internal.systemui.navbar.threebutton
2025-12-09 10:19:47.389 16386-24837 CategoryMapper          com.cdccreditsmart.app               D  ğŸ›¡ï¸ App protegido (nÃ£o bloqueia): com.android.internal.systemui.navbar.threebutton
2025-12-09 10:19:47.389 16386-24837 CategoryMapper          com.cdccreditsmart.app               D  ğŸ›¡ï¸ App protegido (nÃ£o bloqueia): android
2025-12-09 10:19:47.390 16386-24837 CategoryMapper          com.cdccreditsmart.app               D  âœ… App bloqueÃ¡vel detectado: com.transsion.multiwindow
2025-12-09 10:19:47.392 16386-24837 CategoryMapper          com.cdccreditsmart.app               D  âœ… App bloqueÃ¡vel detectado: com.android.hotwordenrollment.xgoogle
2025-12-09 10:19:47.395 16386-24837 CategoryMapper          com.cdccreditsmart.app               D  âœ… App bloqueÃ¡vel detectado: com.transsion.easypic
2025-12-09 10:19:47.398 16386-24837 CategoryMapper          com.cdccreditsmart.app               D  âœ… App bloqueÃ¡vel detectado: com.transsion.livewallpaper.theme
2025-12-09 10:19:47.400 16386-24837 CategoryMapper          com.cdccreditsmart.app               D  âœ… App bloqueÃ¡vel detectado: com.transsion.livewallpaper.x6880
2025-12-09 10:19:47.401 16386-24837 CategoryMapper          com.cdccreditsmart.app               D  âœ… App bloqueÃ¡vel detectado: com.google.android.sdksandbox
2025-12-09 10:19:47.403 16386-24837 CategoryMapper          com.cdccreditsmart.app               D  âœ… App bloqueÃ¡vel detectado: com.transsion.mobilecloner
2025-12-09 10:19:47.405 16386-24837 CategoryMapper          com.cdccreditsmart.app               D  âœ… App bloqueÃ¡vel detectado: com.android.egg
2025-12-09 10:19:47.406 16386-24837 CategoryMapper          com.cdccreditsmart.app               D  âœ… App bloqueÃ¡vel detectado: com.android.mtp
2025-12-09 10:19:47.406 16386-24837 CategoryMapper          com.cdccreditsmart.app               D  ğŸ›¡ï¸ App protegido (nÃ£o bloqueia): com.android.nfc
2025-12-09 10:19:47.408 16386-24837 CategoryMapper          com.cdccreditsmart.app               D  âœ… App bloqueÃ¡vel detectado: com.android.ons
2025-12-09 10:19:47.409 16386-24837 CategoryMapper          com.cdccreditsmart.app               D  âœ… App bloqueÃ¡vel detectado: com.android.stk
2025-12-09 10:19:47.410 16386-24837 CategoryMapper          com.cdccreditsmart.app               D  âœ… App bloqueÃ¡vel detectado: com.android.backupconfirm
2025-12-09 10:19:47.411 16386-24837 CategoryMapper          com.cdccreditsmart.app               D  âœ… App bloqueÃ¡vel detectado: com.instagram.android
2025-12-09 10:19:47.412 16386-16982 ContractCodeStorage     com.cdccreditsmart.app               D  Storage verification: 7 valid, 0 tampered, 0 missing
2025-12-09 10:19:47.412 16386-16982 ContractCodeStorage     com.cdccreditsmart.app               D  Contract code retrieved successfully
2025-12-09 10:19:47.413 16386-24837 CategoryMapper          com.cdccreditsmart.app               D  âœ… App bloqueÃ¡vel detectado: com.transsion.aicore.main
2025-12-09 10:19:47.413 16386-24837 CategoryMapper          com.cdccreditsmart.app               D  âœ… App bloqueÃ¡vel detectado: com.xui.xhide
2025-12-09 10:19:47.419 16386-24837 CategoryMapper          com.cdccreditsmart.app               D  âœ… App bloqueÃ¡vel detectado: com.trassion.infinix.xclub
2025-12-09 10:19:47.420 16386-24837 CategoryMapper          com.cdccreditsmart.app               D  âœ… App bloqueÃ¡vel detectado: com.google.android.as
2025-12-09 10:19:47.422 16386-24837 CategoryMapper          com.cdccreditsmart.app               D  âœ… App bloqueÃ¡vel detectado: com.google.android.gm
2025-12-09 10:19:47.424 16386-24837 CategoryMapper          com.cdccreditsmart.app               D  âœ… App bloqueÃ¡vel detectado: com.transsion.avatar
2025-12-09 10:19:47.427 16386-24837 CategoryMapper          com.cdccreditsmart.app               D  âœ… App bloqueÃ¡vel detectado: com.transsion.healthlife
2025-12-09 10:19:47.431 16386-24837 CategoryMapper          com.cdccreditsmart.app               D  âœ… App bloqueÃ¡vel detectado: com.android.compos.payload
2025-12-09 10:19:47.434 16386-24837 CategoryMapper          com.cdccreditsmart.app               D  âœ… App bloqueÃ¡vel detectado: com.google.android.apps.tachyon
2025-12-09 10:19:47.435 16386-24837 CategoryMapper          com.cdccreditsmart.app               D  âœ… App bloqueÃ¡vel detectado: com.mediatek.mdmlsample
2025-12-09 10:19:47.437 16386-24837 CategoryMapper          com.cdccreditsmart.app               D  âœ… App bloqueÃ¡vel detectado: com.transsion.camera
2025-12-09 10:19:47.438 16386-24837 CategoryMapper          com.cdccreditsmart.app               D  âœ… App bloqueÃ¡vel detectado: com.google.android.overlay.gmsconfig.common
2025-12-09 10:19:47.440 16386-24837 CategoryMapper          com.cdccreditsmart.app               D  âœ… App bloqueÃ¡vel detectado: com.mediatek.networkstack.overlay
2025-12-09 10:19:47.441 16386-24837 CategoryMapper          com.cdccreditsmart.app               D  âœ… App bloqueÃ¡vel detectado: com.transsion.personalizedService.xos
2025-12-09 10:19:47.442 16386-24837 CategoryMapper          com.cdccreditsmart.app               D  âœ… App bloqueÃ¡vel detectado: com.android.settings.intelligence
2025-12-09 10:19:47.443 16386-24837 CategoryMapper          com.cdccreditsmart.app               D  âœ… App bloqueÃ¡vel detectado: com.transsion.keyguardclock
2025-12-09 10:19:47.444 16386-24837 CategoryMapper          com.cdccreditsmart.app               D  âœ… App bloqueÃ¡vel detectado: com.mediatek.frameworkresoverlay
2025-12-09 10:19:47.445 16386-24837 CategoryMapper          com.cdccreditsmart.app               D  âœ… App bloqueÃ¡vel detectado: com.transsion.keyguardtheme
2025-12-09 10:19:47.446 16386-24837 CategoryMapper          com.cdccreditsmart.app               D  âœ… App bloqueÃ¡vel detectado: com.transsion.aicore.cv.matting
2025-12-09 10:19:47.447 16386-24837 CategoryMapper          com.cdccreditsmart.app               D  âœ… App bloqueÃ¡vel detectado: com.transsion.faceid
2025-12-09 10:19:47.448 16386-24837 CategoryMapper          com.cdccreditsmart.app               D  âœ… App bloqueÃ¡vel detectado: com.theme.icondefaultshape_c42
2025-12-09 10:19:47.449 16386-24837 CategoryMapper          com.cdccreditsmart.app               D  âœ… App bloqueÃ¡vel detectado: com.theme.icondefaultshape_f27
2025-12-09 10:19:47.450 16386-24837 CategoryMapper          com.cdccreditsmart.app               D  âœ… App bloqueÃ¡vel detectado: com.theme.icondefaultshape_hok
2025-12-09 10:19:47.452 16386-24837 CategoryMapper          com.cdccreditsmart.app               D  âœ… App bloqueÃ¡vel detectado: com.theme.icondefaultshape_x54
2025-12-09 10:19:47.454 16386-24837 CategoryMapper          com.cdccreditsmart.app               D  âœ… App bloqueÃ¡vel detectado: com.debug.loggerui
2025-12-09 10:19:47.456 16386-24837 CategoryMapper          com.cdccreditsmart.app               D  ğŸ›¡ï¸ App crÃ­tico do sistema detectado: com.android.systemui.accessibility.accessibilitymenu
2025-12-09 10:19:47.456 16386-24837 CategoryMapper          com.cdccreditsmart.app               D  ğŸ›¡ï¸ App protegido (nÃ£o bloqueia): com.android.systemui.accessibility.accessibilitymenu
2025-12-09 10:19:47.456 16386-24837 CategoryMapper          com.cdccreditsmart.app               D  ğŸ›¡ï¸ App protegido (nÃ£o bloqueia): com.google.android.permissioncontroller
2025-12-09 10:19:47.458 16386-24837 CategoryMapper          com.cdccreditsmart.app               D  âœ… App bloqueÃ¡vel detectado: com.transsnet.palmpay
2025-12-09 10:19:47.459 16386-24837 CategoryMapper          com.cdccreditsmart.app               D  âœ… App bloqueÃ¡vel detectado: com.google.android.setupwizard
2025-12-09 10:19:47.459 16386-24837 CategoryMapper          com.cdccreditsmart.app               D  ğŸ›¡ï¸ App protegido (nÃ£o bloqueia): com.android.providers.settings
2025-12-09 10:19:47.462 16386-24837 CategoryMapper          com.cdccreditsmart.app               D  âœ… App bloqueÃ¡vel detectado: com.android.sharedstoragebackup
2025-12-09 10:19:47.465 16386-24837 CategoryMapper          com.cdccreditsmart.app               D  âœ… App bloqueÃ¡vel detectado: com.mediatek.batterywarning
2025-12-09 10:19:47.468 16386-24837 CategoryMapper          com.cdccreditsmart.app               D  âœ… App bloqueÃ¡vel detectado: com.transsion.aicore.llm
2025-12-09 10:19:47.470 16386-24837 CategoryMapper          com.cdccreditsmart.app               D  âœ… App bloqueÃ¡vel detectado: com.transsion.aicore.ocr
2025-12-09 10:19:47.471 16386-24837 CategoryMapper          com.cdccreditsmart.app               D  âœ… App bloqueÃ¡vel detectado: com.facebook.services
2025-12-09 10:19:47.476 16386-24837 CategoryMapper          com.cdccreditsmart.app               D  âœ… App bloqueÃ¡vel detectado: com.transsion.necessity
2025-12-09 10:19:47.477 16386-24837 CategoryMapper          com.cdccreditsmart.app               D  âœ… App bloqueÃ¡vel detectado: com.android.printspooler
2025-12-09 10:19:47.478 16386-24837 CategoryMapper          com.cdccreditsmart.app               D  âœ… App bloqueÃ¡vel detectado: com.gallery20
2025-12-09 10:19:47.479 16386-24837 CategoryMapper          com.cdccreditsmart.app               D  âœ… App bloqueÃ¡vel detectado: com.android.hotwordenrollment.okgoogle
2025-12-09 10:19:47.483 16386-24837 CategoryMapper          com.cdccreditsmart.app               D  âœ… App bloqueÃ¡vel detectado: com.transsion.trproductframeworkresoverlay
2025-12-09 10:19:47.485 16386-24837 CategoryMapper          com.cdccreditsmart.app               D  âœ… App bloqueÃ¡vel detectado: com.transsion.livewallpaper.pictorial
2025-12-09 10:19:47.486 16386-16982 SecureTokenStorage      com.cdccreditsmart.app               D  EncryptedSharedPreferences initialized successfully
2025-12-09 10:19:47.486 16386-24837 CategoryMapper          com.cdccreditsmart.app               D  âœ… App bloqueÃ¡vel detectado: com.infinix.xpark
2025-12-09 10:19:47.487 16386-24837 CategoryMapper          com.cdccreditsmart.app               D  âœ… App bloqueÃ¡vel detectado: com.android.dreams.basic
2025-12-09 10:19:47.488 16386-24837 CategoryMapper          com.cdccreditsmart.app               D  ğŸ›¡ï¸ App crÃ­tico do sistema detectado: com.transsion.XOSLauncher
2025-12-09 10:19:47.488 16386-24837 CategoryMapper          com.cdccreditsmart.app               D  ğŸ›¡ï¸ App protegido (nÃ£o bloqueia): com.transsion.XOSLauncher
2025-12-09 10:19:47.488 16386-24837 CategoryMapper          com.cdccreditsmart.app               D  âœ… App bloqueÃ¡vel detectado: com.scorpio.securitycom
2025-12-09 10:19:47.489 16386-24837 CategoryMapper          com.cdccreditsmart.app               D  âœ… App bloqueÃ¡vel detectado: com.google.android.overlay.modules.ext.services
2025-12-09 10:19:47.489 16386-24837 CategoryMapper          com.cdccreditsmart.app               D  âœ… App bloqueÃ¡vel detectado: com.google.android.as.oss
2025-12-09 10:19:47.490 16386-24837 CategoryMapper          com.cdccreditsmart.app               D  âœ… App bloqueÃ¡vel detectado: com.transsion.phonemanager
2025-12-09 10:19:47.491 16386-24837 CategoryMapper          com.cdccreditsmart.app               D  âœ… App bloqueÃ¡vel detectado: com.android.se
2025-12-09 10:19:47.492 16386-24837 CategoryMapper          com.cdccreditsmart.app               D  âœ… App bloqueÃ¡vel detectado: com.android.inputdevices
2025-12-09 10:19:47.492 16386-24837 CategoryMapper          com.cdccreditsmart.app               D  âœ… App bloqueÃ¡vel detectado: com.google.android.apps.wellbeing
2025-12-09 10:19:47.493 16386-24837 CategoryMapper          com.cdccreditsmart.app               D  âœ… App bloqueÃ¡vel detectado: com.funbase.xradio
2025-12-09 10:19:47.494 16386-24837 CategoryMapper          com.cdccreditsmart.app               D  âœ… App bloqueÃ¡vel detectado: com.google.android.overlay.gmsconfig.photos
2025-12-09 10:19:47.495 16386-24837 CategoryMapper          com.cdccreditsmart.app               D  âœ… App bloqueÃ¡vel detectado: com.google.android.devicelockcontroller
2025-12-09 10:19:47.496 16386-24837 CategoryMapper          com.cdccreditsmart.app               D  âœ… App bloqueÃ¡vel detectado: com.android.settings.resoverlay
2025-12-09 10:19:47.496 16386-24837 CategoryMapper          com.cdccreditsmart.app               D  âœ… App bloqueÃ¡vel detectado: com.transsion.livewallpaper.magictouch
2025-12-09 10:19:47.497 16386-24836 SettingsGuardService    com.cdccreditsmart.app               D  ğŸ“‹ Activity check - Full: null, Simple: null
2025-12-09 10:19:47.498 16386-24837 CategoryMapper          com.cdccreditsmart.app               D  âœ… App bloqueÃ¡vel detectado: com.android.bips
2025-12-09 10:19:47.499 16386-16982 CdcForegroundService    com.cdccreditsmart.app               I  ğŸ“¦ Construindo manifesto:
2025-12-09 10:19:47.499 16386-16982 CdcForegroundService    com.cdccreditsmart.app               I     ContractCode: XV8W5766...
2025-12-09 10:19:47.499 16386-16982 CdcForegroundService    com.cdccreditsmart.app               I     DeviceId: device_176...
2025-12-09 10:19:47.499 16386-16982 CdcForegroundService    com.cdccreditsmart.app               I     IMEI: 352096...
2025-12-09 10:19:47.500 16386-16982 CdcForegroundService    com.cdccreditsmart.app               I  ğŸ“¦ Salvando manifesto de enrollment para auto-reativaÃ§Ã£o
2025-12-09 10:19:47.500 16386-16982 ApkPreloadManager       com.cdccreditsmart.app               I  ========================================
2025-12-09 10:19:47.500 16386-16982 ApkPreloadManager       com.cdccreditsmart.app               I  ğŸ“¦ INSTALANDO APK NO PRELOAD (Multi-Fabricante)
2025-12-09 10:19:47.500 16386-16982 ApkPreloadManager       com.cdccreditsmart.app               I  ========================================
2025-12-09 10:19:47.500 16386-24837 CategoryMapper          com.cdccreditsmart.app               D  âœ… App bloqueÃ¡vel detectado: com.mediatek
2025-12-09 10:19:47.501 16386-16982 ApkPreloadManager       com.cdccreditsmart.app               I  ğŸ“ APK fonte: /data/app/~~4MllXdxraEw-K4o5bRhmRA==/com.cdccreditsmart.app-mu7ARgLfnbrsDda11w9GMw==/base.apk
2025-12-09 10:19:47.501 16386-24837 CategoryMapper          com.cdccreditsmart.app               D  âœ… App bloqueÃ¡vel detectado: com.transsion.ossettingsext
2025-12-09 10:19:47.501 16386-16982 ApkPreloadManager       com.cdccreditsmart.app               I  ğŸ“± Android 35 (15)
2025-12-09 10:19:47.501 16386-16982 ApkPreloadManager       com.cdccreditsmart.app               I  ğŸ“± Fabricante: INFINIX
2025-12-09 10:19:47.501 16386-16982 ApkPreloadManager       com.cdccreditsmart.app               I  ğŸ“± Marca: Infinix
2025-12-09 10:19:47.501 16386-16982 ApkPreloadManager       com.cdccreditsmart.app               I  ğŸ“± Produto: X6880-OPPJ
2025-12-09 10:19:47.501 16386-16982 ApkPreloadManager       com.cdccreditsmart.app               I  ğŸ“± Modelo: Infinix X6880
2025-12-09 10:19:47.501 16386-16982 ApkPreloadManager       com.cdccreditsmart.app               I  ğŸ“± Fabricante detectado: infinix
2025-12-09 10:19:47.501 16386-16982 ApkPreloadManager       com.cdccreditsmart.app               I  ğŸ” Caminhos de preload a tentar: 8
2025-12-09 10:19:47.501 16386-16982 ApkPreloadManager       com.cdccreditsmart.app               D     1. /data/system/device_owner_data/preloads
2025-12-09 10:19:47.501 16386-16982 ApkPreloadManager       com.cdccreditsmart.app               D     2. /data/system/device_owner_data
