2026-02-06 14:01:15.702  2467-2540  AppProtectionManager    com.cdccreditsmart.app               I  âœ… [3/10] CLEAR DATA BLOQUEADO (Android 13+)
2026-02-06 14:01:15.702  2467-2540  AppProtectionManager    com.cdccreditsmart.app               I          â†’ BotÃ£o Clear Data DESABILITADO para app CDC
2026-02-06 14:01:15.711  2467-2540  AppProtectionManager    com.cdccreditsmart.app               I  âœ… [4/10] DISALLOW_FACTORY_RESET aplicado
2026-02-06 14:01:15.712  2467-2540  AppProtectionManager    com.cdccreditsmart.app               D     FRP: Depende de Google Account ou Knox Mobile Enrollment
2026-02-06 14:01:15.718  2467-2540  AppProtectionManager    com.cdccreditsmart.app               I          â†’ Montagem de mÃ­dia externa bloqueada
2026-02-06 14:01:15.723  2467-2540  AppProtectionManager    com.cdccreditsmart.app               W          â†’ DISALLOW_MODIFY_ACCOUNTS adiado (pareamento pendente ou direct-boot)
2026-02-06 14:01:15.729  2467-2540  AppProtectionManager    com.cdccreditsmart.app               I          â†’ Network reset bloqueado (proteÃ§Ã£o extra)
2026-02-06 14:01:15.735  2467-2540  AppProtectionManager    com.cdccreditsmart.app               I          â†’ Outgoing beam bloqueado (proteÃ§Ã£o extra)
2026-02-06 14:01:15.736  2467-2540  AppProtectionManager    com.cdccreditsmart.app               D     OEM unlock: Bloqueado via Knox Enhanced Protections
2026-02-06 14:01:15.736  2467-2540  AppProtectionManager    com.cdccreditsmart.app               W  
2026-02-06 14:01:15.736  2467-2540  AppProtectionManager    com.cdccreditsmart.app               W  ğŸ“‹ IMPORTANTE - LIMITAÃ‡Ã•ES DO ANDROID:
2026-02-06 14:01:15.736  2467-2540  AppProtectionManager    com.cdccreditsmart.app               W     âœ… Factory reset VIA SETTINGS: BLOQUEADO
2026-02-06 14:01:15.736  2467-2540  AppProtectionManager    com.cdccreditsmart.app               W     âŒ Factory reset VIA RECOVERY MODE (Volume+Power): NÃƒO BLOQUEÃVEL
2026-02-06 14:01:15.736  2467-2540  AppProtectionManager    com.cdccreditsmart.app               W     âŒ Fastboot/Bootloader: Operam ABAIXO do Android - NÃƒO BLOQUEÃVEL
2026-02-06 14:01:15.736  2467-2540  AppProtectionManager    com.cdccreditsmart.app               W  
2026-02-06 14:01:15.736  2467-2540  AppProtectionManager    com.cdccreditsmart.app               W     Dispositivos Motorola podem ter Settings customizados.
2026-02-06 14:01:15.736  2467-2540  AppProtectionManager    com.cdccreditsmart.app               W     Apps Settings da Motorola foram bloqueados como proteÃ§Ã£o extra.
2026-02-06 14:01:15.742  2467-2540  AppProtectionManager    com.cdccreditsmart.app               I  âœ… [5/10] HARD RESET BLOQUEADO (BotÃµes)
2026-02-06 14:01:15.742  2467-2540  AppProtectionManager    com.cdccreditsmart.app               I          â†’ Safe mode bloqueado
2026-02-06 14:01:15.748  2467-2540  AppProtectionManager    com.cdccreditsmart.app               I          â†’ System updates adiados (proteÃ§Ã£o reset)
2026-02-06 14:01:15.754  2467-2540  AppProtectionManager    com.cdccreditsmart.app               I          â†’ VPN config bloqueado
2026-02-06 14:01:15.759  2467-2540  AppProtectionManager    com.cdccreditsmart.app               I          â†’ Data/hora config bloqueado
2026-02-06 14:01:15.759  2467-2540  AppProtectionManager    com.cdccreditsmart.app               W  
2026-02-06 14:01:15.759  2467-2540  AppProtectionManager    com.cdccreditsmart.app               W  âš ï¸ LIMITAÃ‡ÃƒO: Hard reset via recovery mode pode nÃ£o ser bloqueado
2026-02-06 14:01:15.759  2467-2540  AppProtectionManager    com.cdccreditsmart.app               W     Dispositivos Samsung com Knox tÃªm proteÃ§Ã£o adicional
2026-02-06 14:01:15.759  2467-2540  AppProtectionManager    com.cdccreditsmart.app               I  âœ… [6/10] RECOVERY MODE - Redes mÃ³veis LIBERADAS
2026-02-06 14:01:15.759  2467-2540  AppProtectionManager    com.cdccreditsmart.app               I          â†’ UsuÃ¡rio pode controlar dados mÃ³veis
2026-02-06 14:01:15.760  2467-2540  AppProtectionManager    com.cdccreditsmart.app               W          â†’ ADB/Debug mantido ativo (debugging Device Owner)
2026-02-06 14:01:15.760  2467-2540  AppProtectionManager    com.cdccreditsmart.app               W          â†’ USB transfer mantido ativo (debugging Device Owner)
2026-02-06 14:01:15.760  2467-2540  AppProtectionManager    com.cdccreditsmart.app               I  âœ… [7/10] SETTINGS TOTALMENTE ACESSÃVEL (Android 13+)
2026-02-06 14:01:15.760  2467-2540  AppProtectionManager    com.cdccreditsmart.app               I          â†’ UsuÃ¡rio PODE acessar Settings > Apps normalmente
2026-02-06 14:01:15.760  2467-2540  AppProtectionManager    com.cdccreditsmart.app               I          â†’ BotÃµes Desinstalar/Force Stop/Clear Data desabilitados para CDC
2026-02-06 14:01:15.762  2467-2467  CompatChangeReporter    com.cdccreditsmart.app               D  Compat change id reported: 309578419; UID 10302; state: ENABLED
2026-02-06 14:01:15.766  2467-2540  AppProtectionManager    com.cdccreditsmart.app               I  âœ… [8/10] CONTROLE DE USUÃRIO BLOQUEADO
2026-02-06 14:01:15.766  2467-2540  AppProtectionManager    com.cdccreditsmart.app               I          â†’ CriaÃ§Ã£o de usuÃ¡rios bloqueada
2026-02-06 14:01:15.772  2467-2540  AppProtectionManager    com.cdccreditsmart.app               I          â†’ RemoÃ§Ã£o de usuÃ¡rios bloqueada
2026-02-06 14:01:15.779  2467-2540  AppProtectionManager    com.cdccreditsmart.app               I          â†’ Troca de usuÃ¡rios bloqueada
2026-02-06 14:01:15.781  2467-2467  MainActivity            com.cdccreditsmart.app               I  âœ… Brilho da tela definido para MÃXIMO
2026-02-06 14:01:15.782  2467-2467  MainActivity            com.cdccreditsmart.app               D  ğŸ“ BroadcastReceiver de localizaÃ§Ã£o registrado
2026-02-06 14:01:15.785  2467-2540  AppProtectionManager    com.cdccreditsmart.app               I  âœ… [9/10] TASK KILLING PREVENIDO
2026-02-06 14:01:15.785  2467-2540  AppProtectionManager    com.cdccreditsmart.app               I          â†’ Lock Task Mode configurado
2026-02-06 14:01:15.791  2467-2540  AppProtectionManager    com.cdccreditsmart.app               I          â†’ Lock Task features configuradas
2026-02-06 14:01:15.794  2467-2539  PersistentStateManager  com.cdccreditsmart.app               D  Nenhum estado local encontrado
2026-02-06 14:01:15.794  2467-2539  PersistentStateManager  com.cdccreditsmart.app               D  ğŸ†• Sem estado local - device novo ou pÃ³s factory reset
2026-02-06 14:01:15.794  2467-2564  MMUD                    com.cdccreditsmart.app               D  get_leak_baseline 3246391296
2026-02-06 14:01:15.795  2467-2539  MainActivity            com.cdccreditsmart.app               I  ğŸ†• Device nunca foi provisionado
2026-02-06 14:01:15.795  2467-2540  AppProtectionManager    com.cdccreditsmart.app               I  âœ… [10/10] WIPE DO SISTEMA BLOQUEADO
2026-02-06 14:01:15.796  2467-2540  AppProtectionManager    com.cdccreditsmart.app               I          â†’ Profile removal bloqueado
2026-02-06 14:01:15.796  2467-2467  MainActivity            com.cdccreditsmart.app               I  âœ… App Ã© Device Owner - permissÃµes serÃ£o concedidas automaticamente
2026-02-06 14:01:15.800  2467-2540  AppProtectionManager    com.cdccreditsmart.app               I          â†’ Config credentials bloqueado
2026-02-06 14:01:15.804  2467-2540  AppProtectionManager    com.cdccreditsmart.app               I          â†’ Keyguard protegido
2026-02-06 14:01:15.805  2467-2540  AppProtectionManager    com.cdccreditsmart.app               I  [11/10] RECOVERY BOOT - Dispositivo nÃ£o-Samsung
2026-02-06 14:01:15.805  2467-2540  AppProtectionManager    com.cdccreditsmart.app               W          âš ï¸ Recovery mode pode nÃ£o ser totalmente bloqueado
2026-02-06 14:01:15.805  2467-2540  AppProtectionManager    com.cdccreditsmart.app               W          â†’ ProteÃ§Ã£o limitada Ã s restriÃ§Ãµes padrÃ£o do Android
2026-02-06 14:01:15.805  2467-2540  AppProtectionManager    com.cdccreditsmart.app               I  ========================================
2026-02-06 14:01:15.805  2467-2540  AppProtectionManager    com.cdccreditsmart.app               I  ğŸ“± BLOQUEANDO APPS SETTINGS DA MOTOROLA
2026-02-06 14:01:15.805  2467-2540  AppProtectionManager    com.cdccreditsmart.app               I  ========================================
2026-02-06 14:01:15.806  2467-2540  AppProtectionManager    com.cdccreditsmart.app               W  âš ï¸ IMPORTANTE: NÃƒO bloqueamos com.android.settings (Settings padrÃ£o)
2026-02-06 14:01:15.806  2467-2540  AppProtectionManager    com.cdccreditsmart.app               W     Bloquear Settings padrÃ£o causa BOOTLOOP!
2026-02-06 14:01:15.806  2467-2540  AppProtectionManager    com.cdccreditsmart.app               W     Bloqueando APENAS apps Settings customizados da Motorola...
2026-02-06 14:01:15.820  2467-2540  AppProtectionManager    com.cdccreditsmart.app               I  âœ… SUSPENSO (API 24+): com.motorola.cn.settings
2026-02-06 14:01:15.832  2467-2540  AppProtectionManager    com.cdccreditsmart.app               D     App nÃ£o encontrado: com.motorola.motocare
2026-02-06 14:01:15.836  2467-2467  Activity                com.cdccreditsmart.app               D  onResume setDolbyGameProfilePackage lastPkg =  currentPkg = com.cdccreditsmart.app
2026-02-06 14:01:15.842  2467-2548  PowerHalWrapper         com.cdccreditsmart.app               I  PowerHalWrapper.getInstance 
2026-02-06 14:01:15.842  2467-2467  SurfaceFactory          com.cdccreditsmart.app               I  [static] sSurfaceFactory = com.mediatek.view.impl.SurfaceFactoryImpl@f6dd89a
2026-02-06 14:01:15.845  2467-2540  AppProtectionManager    com.cdccreditsmart.app               I  âœ… SUSPENSO (API 24+): com.motorola.launcher.settings
2026-02-06 14:01:15.845  2467-2540  AppProtectionManager    com.cdccreditsmart.app               I  ========================================
2026-02-06 14:01:15.845  2467-2540  AppProtectionManager    com.cdccreditsmart.app               I  âœ… [12/10] MOTOROLA SETTINGS BLOQUEADOS: 2/3 apps
2026-02-06 14:01:15.845  2467-2540  AppProtectionManager    com.cdccreditsmart.app               I     ProteÃ§Ã£o extra contra factory reset via Settings customizados da Motorola
2026-02-06 14:01:15.845  2467-2540  AppProtectionManager    com.cdccreditsmart.app               I     com.android.settings (padrÃ£o) NÃƒO foi bloqueado - sistema pode inicializar
2026-02-06 14:01:15.845  2467-2540  AppProtectionManager    com.cdccreditsmart.app               I  ========================================
2026-02-06 14:01:15.851  2467-2530  FA                      com.cdccreditsmart.app               I  Tag Manager is not found and thus will not be used
2026-02-06 14:01:15.853  2467-2467  HWUI                    com.cdccreditsmart.app               W  Unknown dataspace 0
2026-02-06 14:01:15.858  2467-2467  VRI[MainActivity]       com.cdccreditsmart.app               D  hardware acceleration = true, forceHwAccelerated = false
2026-02-06 14:01:15.863  2467-2540  AppInstallPolicy        com.cdccreditsmart.app               I  âœ… InstalaÃ§Ã£o de fontes desconhecidas BLOQUEADA
2026-02-06 14:01:15.863  2467-2540  AppInstallPolicy        com.cdccreditsmart.app               I     â†’ Apps sÃ³ podem ser instalados via Play Store
2026-02-06 14:01:15.863  2467-2540  AppProtectionManager    com.cdccreditsmart.app               I  âœ… [13/10] InstalaÃ§Ã£o de fontes desconhecidas bloqueada
2026-02-06 14:01:15.873  2467-2467  InputEventReceiver      com.cdccreditsmart.app               D  Input log is disabled in InputEventReceiver.
2026-02-06 14:01:15.882  2467-2467  Choreographer           com.cdccreditsmart.app               I  Skipped 66 frames!  The application may be doing too much work on its main thread.
2026-02-06 14:01:15.948  2467-2540  AppProtectionManager    com.cdccreditsmart.app               I  âœ… [14/10] Scan de apps perigosos: Nenhum app perigoso detectado
2026-02-06 14:01:15.951  2467-2540  FRPHelper               com.cdccreditsmart.app               W  âš ï¸ Device NÃƒO tem conta Google - FRP nÃ£o estÃ¡ ativo
2026-02-06 14:01:15.951  2467-2540  AppProtectionManager    com.cdccreditsmart.app               W  âš ï¸ [EXTRA] Google FRP nÃ£o disponÃ­vel - device sem conta Google
2026-02-06 14:01:15.951  2467-2540  AppProtectionManager    com.cdccreditsmart.app               I          â†’ Cliente pode adicionar conta Google manualmente em Settings
2026-02-06 14:01:15.951  2467-2540  AppProtectionManager    com.cdccreditsmart.app               I  ========================================
2026-02-06 14:01:15.951  2467-2540  AppProtectionManager    com.cdccreditsmart.app               I  ğŸ“Š RESUMO DA PROTEÃ‡ÃƒO ANTI-REMOÃ‡ÃƒO:
2026-02-06 14:01:15.951  2467-2540  AppProtectionManager    com.cdccreditsmart.app               I    âœ… ProteÃ§Ãµes aplicadas: 24
2026-02-06 14:01:15.951  2467-2540  AppProtectionManager    com.cdccreditsmart.app               I  
2026-02-06 14:01:15.951  2467-2540  AppProtectionManager    com.cdccreditsmart.app               W  âš ï¸ Tamper Detection:
2026-02-06 14:01:15.951  2467-2540  AppProtectionManager    com.cdccreditsmart.app               W     â€¢ Device fingerprint SERÃ coletado e reportado ao backend em cada boot
2026-02-06 14:01:15.951  2467-2540  AppProtectionManager    com.cdccreditsmart.app               W     â€¢ Backend detection: Requer implementaÃ§Ã£o POST /api/security/device-boot (TODO)
2026-02-06 14:01:15.951  2467-2540  AppProtectionManager    com.cdccreditsmart.app               W     â€¢ Local detection: Limitada (ambos token e fingerprint apagados em factory reset)
2026-02-06 14:01:15.951  2467-2540  AppProtectionManager    com.cdccreditsmart.app               W     â€¢ BootInterceptor: Detecta BOOT_COMPLETED e SHUTDOWN apenas
2026-02-06 14:01:15.951  2467-2540  AppProtectionManager    com.cdccreditsmart.app               W     â€¢ ACTION_REBOOT NÃƒO funciona (broadcast protegido do sistema)
2026-02-06 14:01:15.952  2467-2540  AppProtectionManager    com.cdccreditsmart.app               I    âœ… Android 13+: UsuÃ¡rio PODE acessar Settings normalmente!
2026-02-06 14:01:15.952  2467-2540  AppProtectionManager    com.cdccreditsmart.app               I  ========================================
2026-02-06 14:01:15.952  2467-2540  AppProtectionManager    com.cdccreditsmart.app               I  
2026-02-06 14:01:15.952  2467-2540  AppProtectionManager    com.cdccreditsmart.app               I  
2026-02-06 14:01:15.952  2467-2540  AppProtectionManager    com.cdccreditsmart.app               I  â•”â•â•â•â•â•â•â•â•â•â•â•â•â•â•â•â•â•â•â•â•â•â•â•â•â•â•â•â•â•â•â•â•â•â•â•â•â•â•â•â•â•â•â•â•â•â•â•â•â•â•â•â•â•â•â•â•â•â•â•â•â•â•â•â•â•—
2026-02-06 14:01:15.952  2467-2540  AppProtectionManager    com.cdccreditsmart.app               I  â•‘                                                                â•‘
2026-02-06 14:01:15.952  2467-2540  AppProtectionManager    com.cdccreditsmart.app               I  â•‘        ğŸ“‹ AÃ‡Ã•ES BLOQUEADAS PELAS POLÃTICAS DE TRABALHO         â•‘
2026-02-06 14:01:15.952  2467-2540  AppProtectionManager    com.cdccreditsmart.app               I  â•‘                                                                â•‘
2026-02-06 14:01:15.952  2467-2540  AppProtectionManager    com.cdccreditsmart.app               I  â•šâ•â•â•â•â•â•â•â•â•â•â•â•â•â•â•â•â•â•â•â•â•â•â•â•â•â•â•â•â•â•â•â•â•â•â•â•â•â•â•â•â•â•â•â•â•â•â•â•â•â•â•â•â•â•â•â•â•â•â•â•â•â•â•â•â•
2026-02-06 14:01:15.952  2467-2540  AppProtectionManager    com.cdccreditsmart.app               I  
2026-02-06 14:01:15.953  2467-2540  AppProtectionManager    com.cdccreditsmart.app               I  ğŸš« RESTAURAÃ‡ÃƒO E RESET (GARANTIDAS)
2026-02-06 14:01:15.954  2467-2540  AppProtectionManager    com.cdccreditsmart.app               I  â•â•â•â•â•â•â•â•â•â•â•â•â•â•â•â•â•â•â•â•â•â•â•â•â•â•â•â•â•â•â•â•â•â•â•â•â•â•â•â•â•â•â•â•â•â•â•â•â•â•â•â•â•â•â•â•â•â•â•â•â•â•â•â•
2026-02-06 14:01:15.954  2467-2540  AppProtectionManager    com.cdccreditsmart.app               I    âœ… Factory Reset via Settings (DISALLOW_FACTORY_RESET - crÃ­tica)
2026-02-06 14:01:15.954  2467-2540  AppProtectionManager    com.cdccreditsmart.app               I    âŒ Factory Reset via Recovery Mode (botÃµes Volume+Power) - NÃƒO BLOQUEÃVEL
2026-02-06 14:01:15.954  2467-2540  AppProtectionManager    com.cdccreditsmart.app               I    âŒ Factory Reset via Fastboot/Bootloader - NÃƒO BLOQUEÃVEL
2026-02-06 14:01:15.955  2467-2540  AppProtectionManager    com.cdccreditsmart.app               I  
2026-02-06 14:01:15.955  2467-2540  AppProtectionManager    com.cdccreditsmart.app               I  ğŸ›¡ï¸ PROTEÃ‡ÃƒO DO APP (GARANTIDAS)
2026-02-06 14:01:15.955  2467-2540  AppProtectionManager    com.cdccreditsmart.app               I  â•â•â•â•â•â•â•â•â•â•â•â•â•â•â•â•â•â•â•â•â•â•â•â•â•â•â•â•â•â•â•â•â•â•â•â•â•â•â•â•â•â•â•â•â•â•â•â•â•â•â•â•â•â•â•â•â•â•â•â•â•â•â•â•
2026-02-06 14:01:15.955  2467-2540  AppProtectionManager    com.cdccreditsmart.app               I    âœ… DesinstalaÃ§Ã£o do app (setUninstallBlocked)
2026-02-06 14:01:15.956  2467-2540  AppProtectionManager    com.cdccreditsmart.app               I    âœ… Force Stop (setUserControlDisabledPackages ou DISALLOW_APPS_CONTROL)
2026-02-06 14:01:15.956  2467-2540  AppProtectionManager    com.cdccreditsmart.app               I    âœ… Clear Data (setUserControlDisabledPackages ou DISALLOW_APPS_CONTROL)
2026-02-06 14:01:15.956  2467-2540  AppProtectionManager    com.cdccreditsmart.app               I    âœ… RemoÃ§Ã£o do Device Admin (Device Owner nÃ£o pode ser removido via Settings)
2026-02-06 14:01:15.956  2467-2540  AppProtectionManager    com.cdccreditsmart.app               I  
2026-02-06 14:01:15.956  2467-2540  AppProtectionManager    com.cdccreditsmart.app               I  ğŸ” SEGURANÃ‡A E ACESSO (GARANTIDAS)
2026-02-06 14:01:15.957  2467-2540  AppProtectionManager    com.cdccreditsmart.app               I  â•â•â•â•â•â•â•â•â•â•â•â•â•â•â•â•â•â•â•â•â•â•â•â•â•â•â•â•â•â•â•â•â•â•â•â•â•â•â•â•â•â•â•â•â•â•â•â•â•â•â•â•â•â•â•â•â•â•â•â•â•â•â•â•
2026-02-06 14:01:15.957  2467-2540  AppProtectionManager    com.cdccreditsmart.app               I    âœ… ModificaÃ§Ã£o de contas (DISALLOW_MODIFY_ACCOUNTS)
2026-02-06 14:01:15.957  2467-2540  AppProtectionManager    com.cdccreditsmart.app               I    âœ… AdiÃ§Ã£o de usuÃ¡rios (DISALLOW_ADD_USER)
2026-02-06 14:01:15.957  2467-2540  AppProtectionManager    com.cdccreditsmart.app               I    âœ… RemoÃ§Ã£o de usuÃ¡rios (DISALLOW_REMOVE_USER)
2026-02-06 14:01:15.957  2467-2540  AppProtectionManager    com.cdccreditsmart.app               I    âœ… Debug Features e USB Debugging (DISALLOW_DEBUGGING_FEATURES)
2026-02-06 14:01:15.957  2467-2540  AppProtectionManager    com.cdccreditsmart.app               I    âœ… USB File Transfer MTP/PTP (DISALLOW_USB_FILE_TRANSFER)
2026-02-06 14:01:15.957  2467-2540  AppProtectionManager    com.cdccreditsmart.app               I    âœ… Safe Boot Mode (DISALLOW_SAFE_BOOT)
2026-02-06 14:01:15.957  2467-2540  AppProtectionManager    com.cdccreditsmart.app               I  
2026-02-06 14:01:15.958  2467-2540  AppProtectionManager    com.cdccreditsmart.app               I  ğŸŒ REDE E SISTEMA (TENTADAS - podem falhar)
2026-02-06 14:01:15.958  2467-2540  AppProtectionManager    com.cdccreditsmart.app               I  â•â•â•â•â•â•â•â•â•â•â•â•â•â•â•â•â•â•â•â•â•â•â•â•â•â•â•â•â•â•â•â•â•â•â•â•â•â•â•â•â•â•â•â•â•â•â•â•â•â•â•â•â•â•â•â•â•â•â•â•â•â•â•â•
2026-02-06 14:01:15.958  2467-2540  AppProtectionManager    com.cdccreditsmart.app               I    âš ï¸ ConfiguraÃ§Ã£o de VPN (DISALLOW_CONFIG_VPN - pode falhar)
2026-02-06 14:01:15.958  2467-2540  AppProtectionManager    com.cdccreditsmart.app               I    âš ï¸ ConfiguraÃ§Ã£o de redes mÃ³veis (DISALLOW_CONFIG_MOBILE_NETWORKS - pode falhar)
2026-02-06 14:01:15.959  2467-2540  AppProtectionManager    com.cdccreditsmart.app               I    âš ï¸ ConfiguraÃ§Ã£o de data/hora (DISALLOW_CONFIG_DATE_TIME - pode falhar)
2026-02-06 14:01:15.959  2467-2540  AppProtectionManager    com.cdccreditsmart.app               I    âš ï¸ Network Reset (DISALLOW_NETWORK_RESET - pode falhar)
2026-02-06 14:01:15.959  2467-2540  AppProtectionManager    com.cdccreditsmart.app               I    âš ï¸ Montagem de mÃ­dia externa (DISALLOW_MOUNT_PHYSICAL_MEDIA - pode falhar)
2026-02-06 14:01:15.959  2467-2540  AppProtectionManager    com.cdccreditsmart.app               I    âš ï¸ Outgoing Beam/NFC (DISALLOW_OUTGOING_BEAM - pode falhar)
2026-02-06 14:01:15.959  2467-2540  AppProtectionManager    com.cdccreditsmart.app               I  
2026-02-06 14:01:15.959  2467-2540  AppProtectionManager    com.cdccreditsmart.app               I  ğŸ“± INSTALAÃ‡ÃƒO E APPS (TENTADAS)
2026-02-06 14:01:15.960  2467-2540  AppProtectionManager    com.cdccreditsmart.app               I  â•â•â•â•â•â•â•â•â•â•â•â•â•â•â•â•â•â•â•â•â•â•â•â•â•â•â•â•â•â•â•â•â•â•â•â•â•â•â•â•â•â•â•â•â•â•â•â•â•â•â•â•â•â•â•â•â•â•â•â•â•â•â•â•
2026-02-06 14:01:15.960  2467-2540  AppProtectionManager    com.cdccreditsmart.app               I    âš ï¸ Fontes desconhecidas (AppInstallPolicy, falha em Android moderno)
2026-02-06 14:01:15.960  2467-2540  AppProtectionManager    com.cdccreditsmart.app               I    âš ï¸ Apps perigosos (escaneados, remoÃ§Ã£o requer confirmaÃ§Ã£o do usuÃ¡rio)
2026-02-06 14:01:15.960  2467-2540  AppProtectionManager    com.cdccreditsmart.app               I    âš ï¸ Apps Settings Motorola (disabled for Play Protect compliance)
2026-02-06 14:01:15.960  2467-2540  AppProtectionManager    com.cdccreditsmart.app               I  
2026-02-06 14:01:15.960  2467-2540  AppProtectionManager    com.cdccreditsmart.app               I  âš™ï¸ SAMSUNG KNOX (se disponÃ­vel)
2026-02-06 14:01:15.961  2467-2540  AppProtectionManager    com.cdccreditsmart.app               I  â•â•â•â•â•â•â•â•â•â•â•â•â•â•â•â•â•â•â•â•â•â•â•â•â•â•â•â•â•â•â•â•â•â•â•â•â•â•â•â•â•â•â•â•â•â•â•â•â•â•â•â•â•â•â•â•â•â•â•â•â•â•â•â•
2026-02-06 14:01:15.961  2467-2540  AppProtectionManager    com.cdccreditsmart.app               I    âš ï¸ Knox Factory Reset Protection (requer Knox SDK)
2026-02-06 14:01:15.961  2467-2540  AppProtectionManager    com.cdccreditsmart.app               I    âš ï¸ Knox OEM Unlock bloqueado (requer Knox SDK)
2026-02-06 14:01:15.961  2467-2540  AppProtectionManager    com.cdccreditsmart.app               I    âš ï¸ Knox Recovery Mode bloqueado (requer Knox SDK)
2026-02-06 14:01:15.961  2467-2540  AppProtectionManager    com.cdccreditsmart.app               I  
2026-02-06 14:01:15.961  2467-2540  AppProtectionManager    com.cdccreditsmart.app               I  â„¹ï¸ OBSERVAÃ‡Ã•ES IMPORTANTES
2026-02-06 14:01:15.961  2467-2540  AppProtectionManager    com.cdccreditsmart.app               I  â•â•â•â•â•â•â•â•â•â•â•â•â•â•â•â•â•â•â•â•â•â•â•â•â•â•â•â•â•â•â•â•â•â•â•â•â•â•â•â•â•â•â•â•â•â•â•â•â•â•â•â•â•â•â•â•â•â•â•â•â•â•â•â•
2026-02-06 14:01:15.961  2467-2540  AppProtectionManager    com.cdccreditsmart.app               I    â€¢ ProteÃ§Ãµes âœ… sÃ£o GARANTIDAS pelo Device Owner
2026-02-06 14:01:15.961  2467-2540  AppProtectionManager    com.cdccreditsmart.app               I    â€¢ ProteÃ§Ãµes âš ï¸ sÃ£o TENTADAS, mas podem falhar silenciosamente
2026-02-06 14:01:15.961  2467-2540  AppProtectionManager    com.cdccreditsmart.app               I    â€¢ ProteÃ§Ãµes âŒ sÃ£o impossÃ­veis de bloquear (limitaÃ§Ã£o do Android)
2026-02-06 14:01:15.961  2467-2540  AppProtectionManager    com.cdccreditsmart.app               I    â€¢ WiFi, Bluetooth, Tethering NÃƒO sÃ£o bloqueados (usuÃ¡rio precisa)
2026-02-06 14:01:15.961  2467-2540  AppProtectionManager    com.cdccreditsmart.app               I    â€¢ Recovery Mode e Fastboot operam ANTES do Android iniciar
2026-02-06 14:01:15.961  2467-2540  AppProtectionManager    com.cdccreditsmart.app               I  
2026-02-06 14:01:15.961  2467-2540  AppProtectionManager    com.cdccreditsmart.app               I  â•”â•â•â•â•â•â•â•â•â•â•â•â•â•â•â•â•â•â•â•â•â•â•â•â•â•â•â•â•â•â•â•â•â•â•â•â•â•â•â•â•â•â•â•â•â•â•â•â•â•â•â•â•â•â•â•â•â•â•â•â•â•â•â•â•â•—
2026-02-06 14:01:15.961  2467-2540  AppProtectionManager    com.cdccreditsmart.app               I  â•‘  ğŸ”’ PROTEÃ‡ÃƒO MÃXIMA APLICADA - CDC CREDIT SMART PROTEGIDO      â•‘
2026-02-06 14:01:15.961  2467-2540  AppProtectionManager    com.cdccreditsmart.app               I  â•šâ•â•â•â•â•â•â•â•â•â•â•â•â•â•â•â•â•â•â•â•â•â•â•â•â•â•â•â•â•â•â•â•â•â•â•â•â•â•â•â•â•â•â•â•â•â•â•â•â•â•â•â•â•â•â•â•â•â•â•â•â•â•â•â•â•
2026-02-06 14:01:15.961  2467-2540  AppProtectionManager    com.cdccreditsmart.app               I  
2026-02-06 14:01:15.962  2467-2540  CDCApplication          com.cdccreditsmart.app               I  
2026-02-06 14:01:15.962  2467-2540  CDCApplication          com.cdccreditsmart.app               I  â•”â•â•â•â•â•â•â•â•â•â•â•â•â•â•â•â•â•â•â•â•â•â•â•â•â•â•â•â•â•â•â•â•â•â•â•â•â•â•â•â•â•â•â•â•â•â•â•â•â•â•â•â•â•â•â•â•â•â•â•â•â•—
2026-02-06 14:01:15.962  2467-2540  CDCApplication          com.cdccreditsmart.app               I  â•‘     RESULTADO DA APLICAÃ‡ÃƒO DE PROTEÃ‡Ã•ES                    â•‘
2026-02-06 14:01:15.962  2467-2540  CDCApplication          com.cdccreditsmart.app               I  â•šâ•â•â•â•â•â•â•â•â•â•â•â•â•â•â•â•â•â•â•â•â•â•â•â•â•â•â•â•â•â•â•â•â•â•â•â•â•â•â•â•â•â•â•â•â•â•â•â•â•â•â•â•â•â•â•â•â•â•â•â•â•
2026-02-06 14:01:15.962  2467-2540  CDCApplication          com.cdccreditsmart.app               I     NÃ­vel: DEVICE_OWNER
2026-02-06 14:01:15.962  2467-2540  CDCApplication          com.cdccreditsmart.app               I     ProteÃ§Ãµes aplicadas: 15
2026-02-06 14:01:15.963  2467-2540  CDCApplication          com.cdccreditsmart.app               I     Status: PROTEÃ‡ÃƒO MÃXIMA ATIVA
2026-02-06 14:01:15.963  2467-2540  AppProtectionManager    com.cdccreditsmart.app               I  ========================================
2026-02-06 14:01:15.963  2467-2540  AppProtectionManager    com.cdccreditsmart.app               I  ğŸ”’ TORNANDO APP PERSISTENTE
2026-02-06 14:01:15.963  2467-2540  AppProtectionManager    com.cdccreditsmart.app               I  ========================================
2026-02-06 14:01:15.965  2467-2540  AppProtectionManager    com.cdccreditsmart.app               I  âš ï¸ Feature disabled: isApplicationHidden/setApplicationHidden - Play Protect compliance
2026-02-06 14:01:15.965  2467-2540  AppProtectionManager    com.cdccreditsmart.app               I  âœ… App persistence check skipped
2026-02-06 14:01:15.976  2467-2540  AppProtectionManager    com.cdccreditsmart.app               I  âœ… AtualizaÃ§Ãµes de sistema adiadas (proteÃ§Ã£o contra reset)
2026-02-06 14:01:15.978  2467-2540  AppProtectionManager    com.cdccreditsmart.app               I  âœ… Tela permanece ligada quando conectado
2026-02-06 14:01:15.978  2467-2540  AppProtectionManager    com.cdccreditsmart.app               I  ========================================
2026-02-06 14:01:15.979  2467-2540  AppProtectionManager    com.cdccreditsmart.app               I  ğŸ¯ PERSISTÃŠNCIA APLICADA (3/3)
2026-02-06 14:01:15.979  2467-2540  AppProtectionManager    com.cdccreditsmart.app               I  ========================================
2026-02-06 14:01:15.980  2467-2540  AppProtectionManager    com.cdccreditsmart.app               I  ğŸ”‡ Suprimindo notificaÃ§Ãµes de localizaÃ§Ã£o do sistema...
2026-02-06 14:01:15.984  2467-2540  PolicyHelper            com.cdccreditsmart.app               W  setSecureSetting failed: null
2026-02-06 14:01:15.984  2467-2540  AppProtectionManager    com.cdccreditsmart.app               I  âœ… Indicador de localizaÃ§Ã£o desabilitado
2026-02-06 14:01:15.986  2467-2540  PolicyHelper            com.cdccreditsmart.app               W  setSecureSetting failed: null
2026-02-06 14:01:15.986  2467-2540  AppProtectionManager    com.cdccreditsmart.app               I  âœ… VerificaÃ§Ã£o de acesso Ã  localizaÃ§Ã£o desabilitada
2026-02-06 14:01:15.988  2467-2540  PolicyHelper            com.cdccreditsmart.app               W  setGlobalSetting failed: null
2026-02-06 14:01:15.988  2467-2540  AppProtectionManager    com.cdccreditsmart.app               I  âœ… Throttle de localizaÃ§Ã£o em background desabilitado
2026-02-06 14:01:15.991  2467-2540  PolicyHelper            com.cdccreditsmart.app               W  setSecureSetting failed: null
2026-02-06 14:01:15.993  2467-2540  PolicyHelper            com.cdccreditsmart.app               W  setGlobalSetting failed: null
2026-02-06 14:01:15.993  2467-2540  AppProtectionManager    com.cdccreditsmart.app               I  âœ… ConfiguraÃ§Ãµes de localizaÃ§Ã£o simplificadas
2026-02-06 14:01:15.993  2467-2540  AppProtectionManager    com.cdccreditsmart.app               I  ğŸ”‡ NotificaÃ§Ãµes de localizaÃ§Ã£o suprimidas para Device Owner
2026-02-06 14:01:15.993  2467-2540  AppProtectionManager    com.cdccreditsmart.app               I  ========================================
2026-02-06 14:01:15.993  2467-2540  AppProtectionManager    com.cdccreditsmart.app               I  ğŸ” VERIFICANDO PROTEÃ‡Ã•ES APLICADAS
2026-02-06 14:01:15.993  2467-2540  AppProtectionManager    com.cdccreditsmart.app               I  ========================================
2026-02-06 14:01:15.995  2467-2540  AppProtectionManager    com.cdccreditsmart.app               I    âœ… DesinstalaÃ§Ã£o bloqueada: true
2026-02-06 14:01:15.998  2467-2540  AppProtectionManager    com.cdccreditsmart.app               I    âŒ Force Stop bloqueado: false
2026-02-06 14:01:15.998  2467-2540  AppProtectionManager    com.cdccreditsmart.app               I    âœ… Factory Reset bloqueado: true
2026-02-06 14:01:16.002  2467-2540  AppProtectionManager    com.cdccreditsmart.app               I    âœ… Device Owner: true
2026-02-06 14:01:16.002  2467-2540  AppProtectionManager    com.cdccreditsmart.app               I  ========================================
2026-02-06 14:01:16.002  2467-2540  CDCApplication          com.cdccreditsmart.app               I     VerificaÃ§Ã£o: {uninstall_blocked=true, force_stop_blocked=false, factory_reset_blocked=true, is_device_owner=true}
2026-02-06 14:01:16.002  2467-2540  CDCApplication          com.cdccreditsmart.app               I  
2026-02-06 14:01:16.002  2467-2540  CDCApplication          com.cdccreditsmart.app               I  ğŸ” Executando diagnÃ³stico completo...
2026-02-06 14:01:16.004  2467-2540  ProtectionDiagnostics   com.cdccreditsmart.app               W  
2026-02-06 14:01:16.004  2467-2540  ProtectionDiagnostics   com.cdccreditsmart.app               W  â•”â•â•â•â•â•â•â•â•â•â•â•â•â•â•â•â•â•â•â•â•â•â•â•â•â•â•â•â•â•â•â•â•â•â•â•â•â•â•â•â•â•â•â•â•â•â•â•â•â•â•â•â•â•â•â•â•â•â•â•â•â•—
2026-02-06 14:01:16.004  2467-2540  ProtectionDiagnostics   com.cdccreditsmart.app               W  â•‘         DIAGNÃ“STICO COMPLETO DE PROTEÃ‡Ã•ES                 â•‘
2026-02-06 14:01:16.004  2467-2540  ProtectionDiagnostics   com.cdccreditsmart.app               W  â•šâ•â•â•â•â•â•â•â•â•â•â•â•â•â•â•â•â•â•â•â•â•â•â•â•â•â•â•â•â•â•â•â•â•â•â•â•â•â•â•â•â•â•â•â•â•â•â•â•â•â•â•â•â•â•â•â•â•â•â•â•â•
2026-02-06 14:01:16.004  2467-2540  ProtectionDiagnostics   com.cdccreditsmart.app               W  
2026-02-06 14:01:16.006  2467-2540  ProtectionDiagnostics   com.cdccreditsmart.app               W  â•â•â•â•â•â•â•â•â•â•â•â•â•â•â•â•â•â•â•â•â•â•â•â•â•â•â•â•â•â•â•â•â•â•â•â•â•â•â•â•â•â•â•â•â•â•â•â•â•â•â•â•â•â•â•â•â•â•â•
2026-02-06 14:01:16.006  2467-2540  ProtectionDiagnostics   com.cdccreditsmart.app               W  1. STATUS DEVICE OWNER
2026-02-06 14:01:16.006  2467-2540  ProtectionDiagnostics   com.cdccreditsmart.app               W  â•â•â•â•â•â•â•â•â•â•â•â•â•â•â•â•â•â•â•â•â•â•â•â•â•â•â•â•â•â•â•â•â•â•â•â•â•â•â•â•â•â•â•â•â•â•â•â•â•â•â•â•â•â•â•â•â•â•â•
2026-02-06 14:01:16.006  2467-2540  ProtectionDiagnostics   com.cdccreditsmart.app               W  âœ… Ã‰ DEVICE OWNER
2026-02-06 14:01:16.006  2467-2540  ProtectionDiagnostics   com.cdccreditsmart.app               W  Package Name: com.cdccreditsmart.app
2026-02-06 14:01:16.007  2467-2540  ProtectionDiagnostics   com.cdccreditsmart.app               W  Admin Component: com.cdccreditsmart.app.device.CdcDeviceAdminReceiver
2026-02-06 14:01:16.007  2467-2540  ProtectionDiagnostics   com.cdccreditsmart.app               W  
2026-02-06 14:01:16.009  2467-2540  ProtectionDiagnostics   com.cdccreditsmart.app               W  â•â•â•â•â•â•â•â•â•â•â•â•â•â•â•â•â•â•â•â•â•â•â•â•â•â•â•â•â•â•â•â•â•â•â•â•â•â•â•â•â•â•â•â•â•â•â•â•â•â•â•â•â•â•â•â•â•â•â•
2026-02-06 14:01:16.009  2467-2540  ProtectionDiagnostics   com.cdccreditsmart.app               W  2. ADMIN STATUS
2026-02-06 14:01:16.009  2467-2540  ProtectionDiagnostics   com.cdccreditsmart.app               W  â•â•â•â•â•â•â•â•â•â•â•â•â•â•â•â•â•â•â•â•â•â•â•â•â•â•â•â•â•â•â•â•â•â•â•â•â•â•â•â•â•â•â•â•â•â•â•â•â•â•â•â•â•â•â•â•â•â•â•
2026-02-06 14:01:16.009  2467-2540  ProtectionDiagnostics   com.cdccreditsmart.app               W  âŒ Admin INATIVO
2026-02-06 14:01:16.009  2467-2540  ProtectionDiagnostics   com.cdccreditsmart.app               W  
2026-02-06 14:01:16.011  2467-2540  PolicyHelper            com.cdccreditsmart.app               W  getUserRestrictions failed: null
2026-02-06 14:01:16.011  2467-2540  ProtectionDiagnostics   com.cdccreditsmart.app               W  â•â•â•â•â•â•â•â•â•â•â•â•â•â•â•â•â•â•â•â•â•â•â•â•â•â•â•â•â•â•â•â•â•â•â•â•â•â•â•â•â•â•â•â•â•â•â•â•â•â•â•â•â•â•â•â•â•â•â•
2026-02-06 14:01:16.011  2467-2540  ProtectionDiagnostics   com.cdccreditsmart.app               W  3. FACTORY RESET STATUS
2026-02-06 14:01:16.011  2467-2540  ProtectionDiagnostics   com.cdccreditsmart.app               W  â•â•â•â•â•â•â•â•â•â•â•â•â•â•â•â•â•â•â•â•â•â•â•â•â•â•â•â•â•â•â•â•â•â•â•â•â•â•â•â•â•â•â•â•â•â•â•â•â•â•â•â•â•â•â•â•â•â•â•
2026-02-06 14:01:16.011  2467-2540  ProtectionDiagnostics   com.cdccreditsmart.app               W  âŒ FACTORY RESET NÃƒO BLOQUEADO
2026-02-06 14:01:16.011  2467-2540  ProtectionDiagnostics   com.cdccreditsmart.app               E  
2026-02-06 14:01:16.011  2467-2540  ProtectionDiagnostics   com.cdccreditsmart.app               E  âš ï¸  CRÃTICO: DISALLOW_FACTORY_RESET NÃƒO FOI APLICADO!
2026-02-06 14:01:16.011  2467-2540  ProtectionDiagnostics   com.cdccreditsmart.app               E     UsuÃ¡rio PODE resetar via Settings
2026-02-06 14:01:16.011  2467-2540  ProtectionDiagnostics   com.cdccreditsmart.app               E  
2026-02-06 14:01:16.011  2467-2540  ProtectionDiagnostics   com.cdccreditsmart.app               W  
2026-02-06 14:01:16.011  2467-2540  ProtectionDiagnostics   com.cdccreditsmart.app               W  â•â•â•â•â•â•â•â•â•â•â•â•â•â•â•â•â•â•â•â•â•â•â•â•â•â•â•â•â•â•â•â•â•â•â•â•â•â•â•â•â•â•â•â•â•â•â•â•â•â•â•â•â•â•â•â•â•â•â•
2026-02-06 14:01:16.011  2467-2540  ProtectionDiagnostics   com.cdccreditsmart.app               W  4. OUTRAS PROTEÃ‡Ã•ES
2026-02-06 14:01:16.011  2467-2540  ProtectionDiagnostics   com.cdccreditsmart.app               W  â•â•â•â•â•â•â•â•â•â•â•â•â•â•â•â•â•â•â•â•â•â•â•â•â•â•â•â•â•â•â•â•â•â•â•â•â•â•â•â•â•â•â•â•â•â•â•â•â•â•â•â•â•â•â•â•â•â•â•
2026-02-06 14:01:16.013  2467-2540  PolicyHelper            com.cdccreditsmart.app               W  getUserRestrictions failed: null
2026-02-06 14:01:16.014  2467-2540  ProtectionDiagnostics   com.cdccreditsmart.app               W  
2026-02-06 14:01:16.014  2467-2540  ProtectionDiagnostics   com.cdccreditsmart.app               W  â•â•â•â•â•â•â•â•â•â•â•â•â•â•â•â•â•â•â•â•â•â•â•â•â•â•â•â•â•â•â•â•â•â•â•â•â•â•â•â•â•â•â•â•â•â•â•â•â•â•â•â•â•â•â•â•â•â•â•
2026-02-06 14:01:16.014  2467-2540  ProtectionDiagnostics   com.cdccreditsmart.app               W  5. RESUMO
2026-02-06 14:01:16.014  2467-2540  ProtectionDiagnostics   com.cdccreditsmart.app               W  â•â•â•â•â•â•â•â•â•â•â•â•â•â•â•â•â•â•â•â•â•â•â•â•â•â•â•â•â•â•â•â•â•â•â•â•â•â•â•â•â•â•â•â•â•â•â•â•â•â•â•â•â•â•â•â•â•â•â•
2026-02-06 14:01:16.014  2467-2540  ProtectionDiagnostics   com.cdccreditsmart.app               W  Device Owner: âœ… SIM
2026-02-06 14:01:16.014  2467-2540  ProtectionDiagnostics   com.cdccreditsmart.app               W  Admin Ativo: âŒ NÃƒO
2026-02-06 14:01:16.014  2467-2540  ProtectionDiagnostics   com.cdccreditsmart.app               W  Factory Reset Bloqueado: âŒ NÃƒO
2026-02-06 14:01:16.014  2467-2540  ProtectionDiagnostics   com.cdccreditsmart.app               W  ProteÃ§Ãµes Ativas: 0/0
2026-02-06 14:01:16.015  2467-2540  ProtectionDiagnostics   com.cdccreditsmart.app               W  
2026-02-06 14:01:16.015  2467-2540  ProtectionDiagnostics   com.cdccreditsmart.app               E  â•”â•â•â•â•â•â•â•â•â•â•â•â•â•â•â•â•â•â•â•â•â•â•â•â•â•â•â•â•â•â•â•â•â•â•â•â•â•â•â•â•â•â•â•â•â•â•â•â•â•â•â•â•â•â•â•â•â•â•â•â•â•—
2026-02-06 14:01:16.015  2467-2540  ProtectionDiagnostics   com.cdccreditsmart.app               E  â•‘  âš ï¸  ATENÃ‡ÃƒO: PROTEÃ‡Ã•ES NÃƒO APLICADAS!                    â•‘
2026-02-06 14:01:16.015  2467-2540  ProtectionDiagnostics   com.cdccreditsmart.app               E  â•‘                                                            â•‘
2026-02-06 14:01:16.015  2467-2540  ProtectionDiagnostics   com.cdccreditsmart.app               E  â•‘  App Ã‰ Device Owner mas proteÃ§Ãµes NÃƒO foram aplicadas.     â•‘
2026-02-06 14:01:16.015  2467-2540  ProtectionDiagnostics   com.cdccreditsmart.app               E  â•‘  AppProtectionManager.applyMaximumProtection() NÃƒO rodou! â•‘
2026-02-06 14:01:16.015  2467-2540  ProtectionDiagnostics   com.cdccreditsmart.app               E  â•‘                                                            â•‘
2026-02-06 14:01:16.015  2467-2540  ProtectionDiagnostics   com.cdccreditsmart.app               E  â•‘  VERIFIQUE:                                                â•‘
2026-02-06 14:01:16.015  2467-2540  ProtectionDiagnostics   com.cdccreditsmart.app               E  â•‘  - CDCApplication.onCreate() rodou?                        â•‘
2026-02-06 14:01:16.015  2467-2540  ProtectionDiagnostics   com.cdccreditsmart.app               E  â•‘  - Houve algum erro durante aplicaÃ§Ã£o?                    â•‘
2026-02-06 14:01:16.015  2467-2540  ProtectionDiagnostics   com.cdccreditsmart.app               E  â•‘  - Reinicie o app para reaplica as proteÃ§Ãµes              â•‘
2026-02-06 14:01:16.015  2467-2540  ProtectionDiagnostics   com.cdccreditsmart.app               E  â•šâ•â•â•â•â•â•â•â•â•â•â•â•â•â•â•â•â•â•â•â•â•â•â•â•â•â•â•â•â•â•â•â•â•â•â•â•â•â•â•â•â•â•â•â•â•â•â•â•â•â•â•â•â•â•â•â•â•â•â•â•â•
2026-02-06 14:01:16.015  2467-2540  ProtectionDiagnostics   com.cdccreditsmart.app               W  
2026-02-06 14:01:16.015  2467-2540  ProtectionDiagnostics   com.cdccreditsmart.app               W  â•”â•â•â•â•â•â•â•â•â•â•â•â•â•â•â•â•â•â•â•â•â•â•â•â•â•â•â•â•â•â•â•â•â•â•â•â•â•â•â•â•â•â•â•â•â•â•â•â•â•â•â•â•â•â•â•â•â•â•â•â•â•—
2026-02-06 14:01:16.015  2467-2540  ProtectionDiagnostics   com.cdccreditsmart.app               W  â•‘         FIM DO DIAGNÃ“STICO                                 â•‘
2026-02-06 14:01:16.015  2467-2540  ProtectionDiagnostics   com.cdccreditsmart.app               W  â•šâ•â•â•â•â•â•â•â•â•â•â•â•â•â•â•â•â•â•â•â•â•â•â•â•â•â•â•â•â•â•â•â•â•â•â•â•â•â•â•â•â•â•â•â•â•â•â•â•â•â•â•â•â•â•â•â•â•â•â•â•â•
2026-02-06 14:01:16.015  2467-2540  ProtectionDiagnostics   com.cdccreditsmart.app               W  
2026-02-06 14:01:16.016  2467-2540  CDCApplication          com.cdccreditsmart.app               E  âš ï¸ ISSUES CRÃTICOS ENCONTRADOS:
2026-02-06 14:01:16.017  2467-2540  CDCApplication          com.cdccreditsmart.app               E     - PROTEÃ‡Ã•ES NÃƒO APLICADAS
2026-02-06 14:01:16.020  2467-2540  KnoxEnhancedProtections com.cdccreditsmart.app               I  
2026-02-06 14:01:16.020  2467-2540  KnoxEnhancedProtections com.cdccreditsmart.app               I  â•”â•â•â•â•â•â•â•â•â•â•â•â•â•â•â•â•â•â•â•â•â•â•â•â•â•â•â•â•â•â•â•â•â•â•â•â•â•â•â•â•â•â•â•â•â•â•â•â•â•â•â•â•â•â•â•â•â•â•â•â•—
2026-02-06 14:01:16.020  2467-2540  KnoxEnhancedProtections com.cdccreditsmart.app               I  â•‘   ğŸ›¡ï¸ KNOX ENHANCED PROTECTIONS - INICIANDO             â•‘
2026-02-06 14:01:16.021  2467-2540  KnoxEnhancedProtections com.cdccreditsmart.app               I  â•šâ•â•â•â•â•â•â•â•â•â•â•â•â•â•â•â•â•â•â•â•â•â•â•â•â•â•â•â•â•â•â•â•â•â•â•â•â•â•â•â•â•â•â•â•â•â•â•â•â•â•â•â•â•â•â•â•â•â•â•â•
2026-02-06 14:01:16.021  2467-2540  KnoxEnhancedProtections com.cdccreditsmart.app               W  âŒ Dispositivo NÃƒO Ã© Samsung Knox
2026-02-06 14:01:16.022  2467-2540  KnoxEnhancedProtections com.cdccreditsmart.app               W     ProteÃ§Ãµes Knox Enhanced NÃƒO disponÃ­veis
2026-02-06 14:01:16.022  2467-2540  KnoxEnhancedProtections com.cdccreditsmart.app               W     Usando apenas proteÃ§Ãµes Android Device Owner padrÃ£o
2026-02-06 14:01:16.022  2467-2540  CDCApplication          com.cdccreditsmart.app               I  â•šâ•â•â•â•â•â•â•â•â•â•â•â•â•â•â•â•â•â•â•â•â•â•â•â•â•â•â•â•â•â•â•â•â•â•â•â•â•â•â•â•â•â•â•â•â•â•â•â•â•â•â•â•â•â•â•â•â•â•â•â•â•
2026-02-06 14:01:16.022  2467-2540  CDCApplication          com.cdccreditsmart.app               I  
2026-02-06 14:01:16.026  2467-2539  CDCApplication          com.cdccreditsmart.app               I  ğŸ‘¤ Verificando Managed Secondary User...
2026-02-06 14:01:16.026  2467-2540  TamperDetection         com.cdccreditsmart.app               I  ========================================
2026-02-06 14:01:16.026  2467-2540  TamperDetection         com.cdccreditsmart.app               I  ğŸ” VERIFICANDO INTEGRIDADE DO DISPOSITIVO
2026-02-06 14:01:16.026  2467-2540  TamperDetection         com.cdccreditsmart.app               I  ========================================
2026-02-06 14:01:16.030  2467-2540  TamperDetection         com.cdccreditsmart.app               I  âœ… Primeira instalaÃ§Ã£o detectada
2026-02-06 14:01:16.030  2467-2540  TamperDetection         com.cdccreditsmart.app               I     Token e deviceId nÃ£o existem - app nunca foi pareado
2026-02-06 14:01:16.030  2467-2540  TamperDetection         com.cdccreditsmart.app               I  ========================================
2026-02-06 14:01:16.036  2467-2539  WorkProfileManager      com.cdccreditsmart.app               W  âš ï¸ Erro ao usar getUserHandles: null
2026-02-06 14:01:16.037  2467-2539  creditsmart.app         com.cdccreditsmart.app               W  Accessing hidden method Landroid/os/UserManager;->getUsers()Ljava/util/List; (unsupported,test-api, reflection, allowed)
2026-02-06 14:01:16.038  2467-2539  WorkProfileManager      com.cdccreditsmart.app               W  âš ï¸ Erro ao usar getUsers: null
2026-02-06 14:01:16.038  2467-2539  CDCApplication          com.cdccreditsmart.app               I  ğŸ”§ Criando Managed Secondary User...
2026-02-06 14:01:16.039  2467-2539  WorkProfileManager      com.cdccreditsmart.app               I  
2026-02-06 14:01:16.039  2467-2539  WorkProfileManager      com.cdccreditsmart.app               I  ğŸ‘¤ ==================== CRIANDO USUÃRIO SECUNDÃRIO GERENCIADO ====================
2026-02-06 14:01:16.042  2467-2539  WorkProfileManager      com.cdccreditsmart.app               W  âš ï¸ Erro ao usar getUserHandles: null
2026-02-06 14:01:16.043  2467-2539  WorkProfileManager      com.cdccreditsmart.app               W  âš ï¸ Erro ao usar getUsers: null
2026-02-06 14:01:16.044  2467-2539  WorkProfileManager      com.cdccreditsmart.app               I  ğŸ“‹ [1/5] Affiliation ID: cdc-df0edf56-f0ce-407b-8975-7f386e4d24ea
2026-02-06 14:01:16.044  2467-2539  WorkProfileManager      com.cdccreditsmart.app               I  ğŸ“‹ [2/5] Extras preparados
2026-02-06 14:01:16.044  2467-2539  WorkProfileManager      com.cdccreditsmart.app               I  ğŸ”§ [3/5] Criando usuÃ¡rio secundÃ¡rio gerenciado...
2026-02-06 14:01:16.044  2467-2540  TamperDetection         com.cdccreditsmart.app               I  
2026-02-06 14:01:16.044  2467-2540  TamperDetection         com.cdccreditsmart.app               I  â•”â•â•â•â•â•â•â•â•â•â•â•â•â•â•â•â•â•â•â•â•â•â•â•â•â•â•â•â•â•â•â•â•â•â•â•â•â•â•â•â•â•â•â•â•â•â•â•â•â•â•â•â•â•â•â•â•â•—
2026-02-06 14:01:16.044  2467-2540  TamperDetection         com.cdccreditsmart.app               I  â•‘    ğŸ“¡ BOOT REPORT ADIADO - AGUARDANDO PAREAMENTO      â•‘
2026-02-06 14:01:16.044  2467-2540  TamperDetection         com.cdccreditsmart.app               I  â• â•â•â•â•â•â•â•â•â•â•â•â•â•â•â•â•â•â•â•â•â•â•â•â•â•â•â•â•â•â•â•â•â•â•â•â•â•â•â•â•â•â•â•â•â•â•â•â•â•â•â•â•â•â•â•â•â•£
2026-02-06 14:01:16.044  2467-2540  TamperDetection         com.cdccreditsmart.app               I  â•‘  â³ Device ainda nÃ£o pareado com contrato              â•‘
2026-02-06 14:01:16.044  2467-2540  TamperDetection         com.cdccreditsmart.app               I  â•‘  â³ Boot serÃ¡ reportado apÃ³s autenticaÃ§Ã£o              â•‘
2026-02-06 14:01:16.044  2467-2540  TamperDetection         com.cdccreditsmart.app               I  â•‘  â„¹ï¸  Isso Ã© comportamento NORMAL antes do pareamento   â•‘
2026-02-06 14:01:16.044  2467-2540  TamperDetection         com.cdccreditsmart.app               I  â•šâ•â•â•â•â•â•â•â•â•â•â•â•â•â•â•â•â•â•â•â•â•â•â•â•â•â•â•â•â•â•â•â•â•â•â•â•â•â•â•â•â•â•â•â•â•â•â•â•â•â•â•â•â•â•â•â•â•
2026-02-06 14:01:16.044  2467-2540  TamperDetection         com.cdccreditsmart.app               I  
2026-02-06 14:01:16.045  2467-2540  CDCApplication          com.cdccreditsmart.app               I  ğŸ”’ Verificando status do SIM no boot da aplicaÃ§Ã£o...
2026-02-06 14:01:16.049  2467-2540  SimSwapManager          com.cdccreditsmart.app               I  ========================================
2026-02-06 14:01:16.049  2467-2540  SimSwapManager          com.cdccreditsmart.app               I  ğŸ”’ SIM SWAP: Iniciando verificaÃ§Ã£o de status do SIM
2026-02-06 14:01:16.049  2467-2540  SimSwapManager          com.cdccreditsmart.app               I  ========================================
2026-02-06 14:01:16.054  2467-2539  WorkProfileManager      com.cdccreditsmart.app               E  âŒ Erro ao criar Work Profile - UserOperationException (Ask Gemini)
                                                                                                    android.os.UserManager$UserOperationException: user limit reached
                                                                                                    	at android.app.admin.DevicePolicyManager.createAndManageUser(DevicePolicyManager.java:11587)
                                                                                                    	at com.cdccreditsmart.app.compliance.WorkProfileManager.createWorkProfile(WorkProfileManager.kt:400)
                                                                                                    	at com.cdccreditsmart.app.CDCApplication$ensureManagedSecondaryUserExists$1.invokeSuspend(CDCApplication.kt:487)
                                                                                                    	at kotlin.coroutines.jvm.internal.BaseContinuationImpl.resumeWith(ContinuationImpl.kt:34)
                                                                                                    	at kotlinx.coroutines.DispatchedTask.run(DispatchedTask.kt:108)
                                                                                                    	at kotlinx.coroutines.internal.LimitedDispatcher$Worker.run(LimitedDispatcher.kt:115)
                                                                                                    	at kotlinx.coroutines.scheduling.TaskImpl.run(Tasks.kt:103)
                                                                                                    	at kotlinx.coroutines.scheduling.CoroutineScheduler.runSafely(CoroutineScheduler.kt:584)
                                                                                                    	at kotlinx.coroutines.scheduling.CoroutineScheduler$Worker.executeTask(CoroutineScheduler.kt:793)
                                                                                                    	at kotlinx.coroutines.scheduling.CoroutineScheduler$Worker.runWorker(CoroutineScheduler.kt:697)
                                                                                                    	at kotlinx.coroutines.scheduling.CoroutineScheduler$Worker.run(CoroutineScheduler.kt:68