---------------------------- PROCESS STARTED (7801) for package com.cdccreditsmart.app ----------------------------
2025-12-08 20:23:38.020  7801-7801  nativeloader            com.cdccreditsmart.app               D  Load libframework-connectivity-tiramisu-jni.so using APEX ns com_android_tethering for caller /apex/com.android.tethering/javalib/framework-connectivity-t.jar: ok
2025-12-08 20:23:38.401  7801-7801  nativeloader            com.cdccreditsmart.app               D  Configuring clns-9 for other apk /data/app/~~fgyX2nF_2TQnXdqf-euLWA==/com.cdccreditsmart.app-WDwOxm0aLx6JDf_cVAJmRw==/base.apk. target_sdk_version=35, uses_libraries=, library_path=/data/app/~~fgyX2nF_2TQnXdqf-euLWA==/com.cdccreditsmart.app-WDwOxm0aLx6JDf_cVAJmRw==/lib/x86_64:/data/app/~~fgyX2nF_2TQnXdqf-euLWA==/com.cdccreditsmart.app-WDwOxm0aLx6JDf_cVAJmRw==/base.apk!/lib/x86_64, permitted_path=/data:/mnt/expand:/data/user/0/com.cdccreditsmart.app
2025-12-08 20:23:38.403  7801-7801  CompatChangeReporter    com.cdccreditsmart.app               D  Compat change id reported: 202956589; UID 10217; state: ENABLED
2025-12-08 20:23:38.405  7801-7801  creditsmart.app         com.cdccreditsmart.app               I  AssetManager2(0x74cdc551d318) locale list changing from [] to [en-US]
2025-12-08 20:23:38.411  7801-7801  GraphicsEnvironment     com.cdccreditsmart.app               V  Currently set values for:
2025-12-08 20:23:38.411  7801-7801  GraphicsEnvironment     com.cdccreditsmart.app               V    angle_gl_driver_selection_pkgs=[]
2025-12-08 20:23:38.411  7801-7801  GraphicsEnvironment     com.cdccreditsmart.app               V    angle_gl_driver_selection_values=[]
2025-12-08 20:23:38.411  7801-7801  GraphicsEnvironment     com.cdccreditsmart.app               V  com.cdccreditsmart.app is not listed in per-application setting
2025-12-08 20:23:38.411  7801-7801  GraphicsEnvironment     com.cdccreditsmart.app               V  ANGLE allowlist from config: com.dreamgames.royalmatch com.dts.freefiremax com.dxx.firenow com.gramgames.mergedragons com.ludo.king com.mojang.minecraftpe com.my.defense com.nintendo.zaka com.os.airforce com.playrix.fishdomdd.gplay io.teslatech.callbreak jp.konami.prospia net.peakgames.toonblast
2025-12-08 20:23:38.411  7801-7801  GraphicsEnvironment     com.cdccreditsmart.app               V  com.cdccreditsmart.app is not listed in ANGLE allowlist or settings, returning default
2025-12-08 20:23:38.411  7801-7801  GraphicsEnvironment     com.cdccreditsmart.app               V  Neither updatable production driver nor prerelease driver is supported.
2025-12-08 20:23:38.479  7801-7801  FirebaseApp             com.cdccreditsmart.app               I  Device unlocked: initializing all Firebase APIs for app [DEFAULT]
2025-12-08 20:23:38.503  7801-7801  FirebaseInitProvider    com.cdccreditsmart.app               I  FirebaseApp initialization successful
2025-12-08 20:23:38.507  7801-7801  WM-WrkMgrInitializer    com.cdccreditsmart.app               D  Initializing WorkManager with default configuration.
2025-12-08 20:23:38.586  7801-7801  WM-PackageManagerHelper com.cdccreditsmart.app               D  androidx.work.impl.background.systemjob.SystemJobService enabled
2025-12-08 20:23:38.586  7801-7801  WM-Schedulers           com.cdccreditsmart.app               D  Created SystemJobScheduler and enabled SystemJobService
2025-12-08 20:23:38.590  7801-7845  creditsmart.app         com.cdccreditsmart.app               W  ClassLoaderContext classpath size mismatch. expected=1, found=0 (DLC[];PCL[base.apk*630649996]{PCL[/system/framework/org.apache.http.legacy.jar*4247870504]#PCL[/system/framework/com.android.media.remotedisplay.jar*487574312]#PCL[/system/framework/com.android.location.provider.jar*1570284764]#PCL[/system_ext/framework/androidx.window.extensions.jar*1030441313]#PCL[/system_ext/framework/androidx.window.sidecar.jar*3860983653]} | DLC[];PCL[])
2025-12-08 20:23:38.597  7801-7801  CompatChangeReporter    com.cdccreditsmart.app               D  Compat change id reported: 279646685; UID 10217; state: ENABLED
2025-12-08 20:23:38.598  7801-7855  CompatChangeReporter    com.cdccreditsmart.app               D  Compat change id reported: 312399441; UID 10217; state: ENABLED
2025-12-08 20:23:38.600  7801-7845  DynamiteModule          com.cdccreditsmart.app               I  Considering local module com.google.android.gms.measurement.dynamite:127 and remote module com.google.android.gms.measurement.dynamite:170
2025-12-08 20:23:38.600  7801-7845  DynamiteModule          com.cdccreditsmart.app               I  Selected remote version of com.google.android.gms.measurement.dynamite, version >= 170
2025-12-08 20:23:38.600  7801-7845  DynamiteModule          com.cdccreditsmart.app               V  Dynamite loader version >= 2, using loadModule2NoCrashUtils
2025-12-08 20:23:38.609  7801-7855  ashmem                  com.cdccreditsmart.app               E  Pinning is deprecated since Android Q. Please use trim or other methods.
2025-12-08 20:23:38.609  7801-7801  CrashHandler            com.cdccreditsmart.app               I  âœ… Global crash handler instalado
2025-12-08 20:23:38.609  7801-7801  CDCApplication          com.cdccreditsmart.app               I  ğŸš€ CDC Credit Smart Application iniciando...
2025-12-08 20:23:38.619  7801-7845  System                  com.cdccreditsmart.app               W  ClassLoader referenced unknown path: 
2025-12-08 20:23:38.621  7801-7845  nativeloader            com.cdccreditsmart.app               D  Configuring clns-10 for other apk . target_sdk_version=36, uses_libraries=, library_path=/data/app/~~1iaiyI3ni70pEfdcSo1KGQ==/com.google.android.gms-T0OHkmAjMyJFA0U1fHeAmA==/lib/x86_64:/data/app/~~1iaiyI3ni70pEfdcSo1KGQ==/com.google.android.gms-T0OHkmAjMyJFA0U1fHeAmA==/base.apk!/lib/x86_64, permitted_path=/data:/mnt/expand:/data/user/0/com.google.android.gms
2025-12-08 20:23:38.623  7801-7801  CDCApplication          com.cdccreditsmart.app               I  ========================================
2025-12-08 20:23:38.623  7801-7801  CDCApplication          com.cdccreditsmart.app               I  ğŸ” Verificando status de Device Owner...
2025-12-08 20:23:38.627  7801-7801  CompatChangeReporter    com.cdccreditsmart.app               D  Compat change id reported: 307233716; UID 10217; state: ENABLED
2025-12-08 20:23:38.628  7801-7801  CDCApplication          com.cdccreditsmart.app               I  Device Owner Status: âŒ NÃƒO
2025-12-08 20:23:38.628  7801-7801  CDCApplication          com.cdccreditsmart.app               I  Package Name: com.cdccreditsmart.app
2025-12-08 20:23:38.628  7801-7801  CDCApplication          com.cdccreditsmart.app               E  
2025-12-08 20:23:38.628  7801-7801  CDCApplication          com.cdccreditsmart.app               E  â•”â•â•â•â•â•â•â•â•â•â•â•â•â•â•â•â•â•â•â•â•â•â•â•â•â•â•â•â•â•â•â•â•â•â•â•â•â•â•â•â•â•â•â•â•â•â•â•â•â•â•â•â•â•â•â•â•â•—
2025-12-08 20:23:38.628  7801-7801  CDCApplication          com.cdccreditsmart.app               E  â•‘  âš ï¸  APP NÃƒO ESTÃ PROVISIONADO COMO DEVICE OWNER  âš ï¸   â•‘
2025-12-08 20:23:38.628  7801-7801  CDCApplication          com.cdccreditsmart.app               E  â• â•â•â•â•â•â•â•â•â•â•â•â•â•â•â•â•â•â•â•â•â•â•â•â•â•â•â•â•â•â•â•â•â•â•â•â•â•â•â•â•â•â•â•â•â•â•â•â•â•â•â•â•â•â•â•â•â•£
2025-12-08 20:23:38.628  7801-7801  CDCApplication          com.cdccreditsmart.app               E  â•‘  O app precisa ser provisionado como Device Owner      â•‘
2025-12-08 20:23:38.628  7801-7801  CDCApplication          com.cdccreditsmart.app               E  â•‘  ANTES de poder conceder permissÃµes automaticamente.   â•‘
2025-12-08 20:23:38.628  7801-7801  CDCApplication          com.cdccreditsmart.app               E  â•‘                                                        â•‘
2025-12-08 20:23:38.628  7801-7801  CDCApplication          com.cdccreditsmart.app               E  â•‘  Provisione o dispositivo usando um dos mÃ©todos:       â•‘
2025-12-08 20:23:38.628  7801-7801  CDCApplication          com.cdccreditsmart.app               E  â•‘  1. ADB: adb shell dpm set-device-owner ...           â•‘
2025-12-08 20:23:38.628  7801-7801  CDCApplication          com.cdccreditsmart.app               E  â•‘  2. QR Code durante setup inicial                      â•‘
2025-12-08 20:23:38.628  7801-7801  CDCApplication          com.cdccreditsmart.app               E  â•‘  3. NFC durante setup inicial                          â•‘
2025-12-08 20:23:38.628  7801-7801  CDCApplication          com.cdccreditsmart.app               E  â•‘  4. Samsung Knox Mobile Enrollment                     â•‘
2025-12-08 20:23:38.628  7801-7801  CDCApplication          com.cdccreditsmart.app               E  â•šâ•â•â•â•â•â•â•â•â•â•â•â•â•â•â•â•â•â•â•â•â•â•â•â•â•â•â•â•â•â•â•â•â•â•â•â•â•â•â•â•â•â•â•â•â•â•â•â•â•â•â•â•â•â•â•â•â•
2025-12-08 20:23:38.628  7801-7801  CDCApplication          com.cdccreditsmart.app               E  
2025-12-08 20:23:38.628  7801-7801  CDCApplication          com.cdccreditsmart.app               I  ========================================
2025-12-08 20:23:38.631  7801-7801  AppProtectionManager    com.cdccreditsmart.app               I  
2025-12-08 20:23:38.631  7801-7801  AppProtectionManager    com.cdccreditsmart.app               I  â•”â•â•â•â•â•â•â•â•â•â•â•â•â•â•â•â•â•â•â•â•â•â•â•â•â•â•â•â•â•â•â•â•â•â•â•â•â•â•â•â•â•â•â•â•â•â•â•â•â•â•â•â•â•â•â•â•â•â•â•â•â•â•â•â•â•—
2025-12-08 20:23:38.631  7801-7801  AppProtectionManager    com.cdccreditsmart.app               I  â•‘     ğŸ›¡ï¸ APLICANDO MELHOR PROTEÃ‡ÃƒO DISPONÃVEL                    â•‘
2025-12-08 20:23:38.631  7801-7801  AppProtectionManager    com.cdccreditsmart.app               I  â•‘           CDC CREDIT SMART - PROTEÃ‡ÃƒO EM CAMADAS              â•‘
2025-12-08 20:23:38.631  7801-7801  AppProtectionManager    com.cdccreditsmart.app               I  â•šâ•â•â•â•â•â•â•â•â•â•â•â•â•â•â•â•â•â•â•â•â•â•â•â•â•â•â•â•â•â•â•â•â•â•â•â•â•â•â•â•â•â•â•â•â•â•â•â•â•â•â•â•â•â•â•â•â•â•â•â•â•â•â•â•â•
2025-12-08 20:23:38.631  7801-7801  AppProtectionManager    com.cdccreditsmart.app               I  
2025-12-08 20:23:38.634  7801-7801  AppProtectionManager    com.cdccreditsmart.app               I  ğŸ“‹ STATUS ATUAL:
2025-12-08 20:23:38.634  7801-7845  creditsmart.app         com.cdccreditsmart.app               I  AssetManager2(0x74cdc5522458) locale list changing from [] to [en-US]
2025-12-08 20:23:38.634  7801-7801  AppProtectionManager    com.cdccreditsmart.app               I     Device Owner: NÃƒO
2025-12-08 20:23:38.634  7801-7801  AppProtectionManager    com.cdccreditsmart.app               I     Device Admin: NÃƒO
2025-12-08 20:23:38.634  7801-7801  AppProtectionManager    com.cdccreditsmart.app               I  
2025-12-08 20:23:38.634  7801-7801  AppProtectionManager    com.cdccreditsmart.app               W  âš ï¸ NÃVEL: SEM PRIVILÃ‰GIOS
2025-12-08 20:23:38.634  7801-7801  AppProtectionManager    com.cdccreditsmart.app               W     App precisa ser ativado como Device Admin ou Device Owner
2025-12-08 20:23:38.634  7801-7801  AppProtectionManager    com.cdccreditsmart.app               W     para aplicar proteÃ§Ãµes contra desinstalaÃ§Ã£o.
2025-12-08 20:23:38.634  7801-7801  AppProtectionManager    com.cdccreditsmart.app               W  
2025-12-08 20:23:38.634  7801-7801  AppProtectionManager    com.cdccreditsmart.app               I     Iniciando serviÃ§os de persistÃªncia...
2025-12-08 20:23:38.638  7801-7801  AppProtectionManager    com.cdccreditsmart.app               I     âœ… Foreground Service iniciado
2025-12-08 20:23:38.646  7801-7801  AppProtectionManager    com.cdccreditsmart.app               I     âœ… ServiceWatchdog agendado (15 min)
2025-12-08 20:23:38.646  7801-7801  CDCApplication          com.cdccreditsmart.app               I  
2025-12-08 20:23:38.646  7801-7801  CDCApplication          com.cdccreditsmart.app               I  â•”â•â•â•â•â•â•â•â•â•â•â•â•â•â•â•â•â•â•â•â•â•â•â•â•â•â•â•â•â•â•â•â•â•â•â•â•â•â•â•â•â•â•â•â•â•â•â•â•â•â•â•â•â•â•â•â•â•â•â•â•â•—
2025-12-08 20:23:38.646  7801-7801  CDCApplication          com.cdccreditsmart.app               I  â•‘     RESULTADO DA APLICAÃ‡ÃƒO DE PROTEÃ‡Ã•ES                    â•‘
2025-12-08 20:23:38.646  7801-7801  CDCApplication          com.cdccreditsmart.app               I  â•šâ•â•â•â•â•â•â•â•â•â•â•â•â•â•â•â•â•â•â•â•â•â•â•â•â•â•â•â•â•â•â•â•â•â•â•â•â•â•â•â•â•â•â•â•â•â•â•â•â•â•â•â•â•â•â•â•â•â•â•â•â•
2025-12-08 20:23:38.646  7801-7801  CDCApplication          com.cdccreditsmart.app               I     NÃ­vel: NONE
2025-12-08 20:23:38.646  7801-7801  CDCApplication          com.cdccreditsmart.app               I     ProteÃ§Ãµes aplicadas: 0
2025-12-08 20:23:38.647  7801-7801  CDCApplication          com.cdccreditsmart.app               E     Status: SEM PROTEÃ‡ÃƒO
2025-12-08 20:23:38.647  7801-7801  CDCApplication          com.cdccreditsmart.app               E     App precisa ser provisionado como Device Owner
2025-12-08 20:23:38.647  7801-7801  CDCApplication          com.cdccreditsmart.app               E  
2025-12-08 20:23:38.647  7801-7801  CDCApplication          com.cdccreditsmart.app               E     Provisione o dispositivo usando:
2025-12-08 20:23:38.647  7801-7801  CDCApplication          com.cdccreditsmart.app               E     1. QR Code durante setup inicial
2025-12-08 20:23:38.647  7801-7801  CDCApplication          com.cdccreditsmart.app               E     2. ADB: adb shell dpm set-device-owner ...
2025-12-08 20:23:38.647  7801-7801  CDCApplication          com.cdccreditsmart.app               E     3. Samsung Knox Mobile Enrollment
2025-12-08 20:23:38.647  7801-7801  CDCApplication          com.cdccreditsmart.app               I  â•šâ•â•â•â•â•â•â•â•â•â•â•â•â•â•â•â•â•â•â•â•â•â•â•â•â•â•â•â•â•â•â•â•â•â•â•â•â•â•â•â•â•â•â•â•â•â•â•â•â•â•â•â•â•â•â•â•â•â•â•â•â•
2025-12-08 20:23:38.647  7801-7801  CDCApplication          com.cdccreditsmart.app               I  
2025-12-08 20:23:38.663  7801-7801  TamperDetection         com.cdccreditsmart.app               I  ========================================
2025-12-08 20:23:38.663  7801-7801  TamperDetection         com.cdccreditsmart.app               I  ğŸ” VERIFICANDO INTEGRIDADE DO DISPOSITIVO
2025-12-08 20:23:38.663  7801-7801  TamperDetection         com.cdccreditsmart.app               I  ========================================
2025-12-08 20:23:38.665  7801-7857  CDCApplication          com.cdccreditsmart.app               D  ğŸ‘¤ App nÃ£o Ã© Device Owner - pulando criaÃ§Ã£o de usuÃ¡rio secundÃ¡rio
2025-12-08 20:23:38.678  7801-7845  creditsmart.app         com.cdccreditsmart.app               W  ClassLoaderContext classpath element checksum mismatch. expected=630649996, found=2215709538 (DLC[];PCL[base.apk*630649996]{PCL[/system/framework/org.apache.http.legacy.jar*4247870504]#PCL[/system/framework/com.android.media.remotedisplay.jar*487574312]#PCL[/system/framework/com.android.location.provider.jar*1570284764]#PCL[/system_ext/framework/androidx.window.extensions.jar*1030441313]#PCL[/system_ext/framework/androidx.window.sidecar.jar*3860983653]} | DLC[];PCL[/data/app/~~fgyX2nF_2TQnXdqf-euLWA==/com.cdccreditsmart.app-WDwOxm0aLx6JDf_cVAJmRw==/base.apk*2215709538])
2025-12-08 20:23:38.723  7801-7845  creditsmart.app         com.cdccreditsmart.app               I  AssetManager2(0x74cdc5515618) locale list changing from [] to [en-US]
2025-12-08 20:23:38.756  7801-7845  creditsmart.app         com.cdccreditsmart.app               I  AssetManager2(0x74cdc551f578) locale list changing from [] to [en-US]
2025-12-08 20:23:38.887  7801-7869  JobInfo                 com.cdccreditsmart.app               W  Requested important-while-foreground flag for job0 is ignored and takes no effect
2025-12-08 20:23:38.887  7801-7869  CompatChangeReporter    com.cdccreditsmart.app               D  Compat change id reported: 311402873; UID 10217; state: ENABLED
2025-12-08 20:23:38.888  7801-7869  CompatChangeReporter    com.cdccreditsmart.app               D  Compat change id reported: 323349338; UID 10217; state: ENABLED
2025-12-08 20:23:38.911  7801-7801  SecureTokenStorage      com.cdccreditsmart.app               D  EncryptedSharedPreferences initialized successfully
2025-12-08 20:23:38.913  7801-7801  TamperDetection         com.cdccreditsmart.app               I  âœ… Primeira instalaÃ§Ã£o detectada
2025-12-08 20:23:38.913  7801-7801  TamperDetection         com.cdccreditsmart.app               I     Token e deviceId nÃ£o existem - app nunca foi pareado
2025-12-08 20:23:38.913  7801-7801  TamperDetection         com.cdccreditsmart.app               I  ========================================
2025-12-08 20:23:38.920  7801-7874  creditsmart.app         com.cdccreditsmart.app               I  hiddenapi: Accessing hidden method Ldalvik/system/VMStack;->getStackClass2()Ljava/lang/Class; (runtime_flags=0, domain=core-platform, api=unsupported) from Lm7/aox; (domain=app) using reflection: allowed
2025-12-08 20:23:38.924  7801-7801  TamperDetection         com.cdccreditsmart.app               I  âœ… Device fingerprint criado: CDC_-160****
2025-12-08 20:23:38.927  7801-7801  TamperDetection         com.cdccreditsmart.app               I  
2025-12-08 20:23:38.927  7801-7801  TamperDetection         com.cdccreditsmart.app               I  â•”â•â•â•â•â•â•â•â•â•â•â•â•â•â•â•â•â•â•â•â•â•â•â•â•â•â•â•â•â•â•â•â•â•â•â•â•â•â•â•â•â•â•â•â•â•â•â•â•â•â•â•â•â•â•â•â•â•—
2025-12-08 20:23:38.927  7801-7801  TamperDetection         com.cdccreditsmart.app               I  â•‘    ğŸ“¡ BOOT REPORT ADIADO - AGUARDANDO PAREAMENTO      â•‘
2025-12-08 20:23:38.927  7801-7801  TamperDetection         com.cdccreditsmart.app               I  â• â•â•â•â•â•â•â•â•â•â•â•â•â•â•â•â•â•â•â•â•â•â•â•â•â•â•â•â•â•â•â•â•â•â•â•â•â•â•â•â•â•â•â•â•â•â•â•â•â•â•â•â•â•â•â•â•â•£
2025-12-08 20:23:38.927  7801-7801  TamperDetection         com.cdccreditsmart.app               I  â•‘  â³ Device ainda nÃ£o pareado com contrato              â•‘
2025-12-08 20:23:38.927  7801-7801  TamperDetection         com.cdccreditsmart.app               I  â•‘  â³ Boot serÃ¡ reportado apÃ³s autenticaÃ§Ã£o              â•‘
2025-12-08 20:23:38.927  7801-7801  TamperDetection         com.cdccreditsmart.app               I  â•‘  â„¹ï¸  Isso Ã© comportamento NORMAL antes do pareamento   â•‘
2025-12-08 20:23:38.927  7801-7801  TamperDetection         com.cdccreditsmart.app               I  â•šâ•â•â•â•â•â•â•â•â•â•â•â•â•â•â•â•â•â•â•â•â•â•â•â•â•â•â•â•â•â•â•â•â•â•â•â•â•â•â•â•â•â•â•â•â•â•â•â•â•â•â•â•â•â•â•â•â•
2025-12-08 20:23:38.927  7801-7801  TamperDetection         com.cdccreditsmart.app               I  
2025-12-08 20:23:38.930  7801-7857  CDCApplication          com.cdccreditsmart.app               I  ğŸ”’ Verificando status do SIM no boot da aplicaÃ§Ã£o...
2025-12-08 20:23:38.935  7801-7857  SimSwapManager          com.cdccreditsmart.app               I  ========================================
2025-12-08 20:23:38.935  7801-7857  SimSwapManager          com.cdccreditsmart.app               I  ğŸ”’ SIM SWAP: Iniciando verificaÃ§Ã£o de status do SIM
2025-12-08 20:23:38.935  7801-7857  SimSwapManager          com.cdccreditsmart.app               I  ========================================
2025-12-08 20:23:38.937  7801-7857  SimSwapDetector         com.cdccreditsmart.app               E  ğŸ”’ SIM SWAP: PermissÃ£o READ_PHONE_STATE NÃƒO CONCEDIDA!
2025-12-08 20:23:38.937  7801-7857  SimSwapManager          com.cdccreditsmart.app               E  ğŸ”’ SIM SWAP: Sem permissÃ£o READ_PHONE_STATE - verificaÃ§Ã£o cancelada
2025-12-08 20:23:38.937  7801-7857  SimSwapManager          com.cdccreditsmart.app               I  ========================================
2025-12-08 20:23:38.937  7801-7857  CDCApplication          com.cdccreditsmart.app               W  âš ï¸ VerificaÃ§Ã£o de SIM swap falhou ou encontrou problemas
2025-12-08 20:23:38.964  7801-7874  PhClient                com.cdccreditsmart.app               I  Unable to retrieve flag snapshot for com.google.android.gms.measurement#com.cdccreditsmart.app, using defaults.
2025-12-08 20:23:38.979  7801-7866  creditsmart.app         com.cdccreditsmart.app               E  No package ID 6a found for resource ID 0x6a0b0013.
2025-12-08 20:23:38.979  7801-7866  FA                      com.cdccreditsmart.app               I  App measurement initialized, version: 146007
2025-12-08 20:23:38.980  7801-7866  FA                      com.cdccreditsmart.app               I  To enable debug logging run: adb shell setprop log.tag.FA VERBOSE
2025-12-08 20:23:38.980  7801-7866  FA                      com.cdccreditsmart.app               I  To enable faster debug mode event logging run:
                                                                                                      adb shell setprop debug.firebase.analytics.app com.cdccreditsmart.app
2025-12-08 20:23:38.988  7801-7801  SecureTokenStorage      com.cdccreditsmart.app               D  EncryptedSharedPreferences initialized successfully
2025-12-08 20:23:38.990  7801-7801  ContractCodeStorage     com.cdccreditsmart.app               D  Retrieving contract code from storage
2025-12-08 20:23:39.112  7801-7801  ContractCodeStorage     com.cdccreditsmart.app               D  Storage verification: 0 valid, 0 tampered, 7 missing
2025-12-08 20:23:39.112  7801-7801  ContractCodeStorage     com.cdccreditsmart.app               W  No valid contract code found in any location
2025-12-08 20:23:39.112  7801-7801  CDCApplication          com.cdccreditsmart.app               I  â¸ï¸ Sem tokens - aguardando pairing para iniciar serviÃ§o MDM
2025-12-08 20:23:39.113  7801-7801  CDCApplication          com.cdccreditsmart.app               I  ğŸ”’ Iniciando sistema Keep Alive...
2025-12-08 20:23:39.113  7801-7801  KeepAliveManager        com.cdccreditsmart.app               I  ğŸ”’ ========================================
2025-12-08 20:23:39.113  7801-7801  KeepAliveManager        com.cdccreditsmart.app               I  ğŸ”’ INICIANDO SISTEMA KEEP ALIVE
2025-12-08 20:23:39.113  7801-7801  KeepAliveManager        com.cdccreditsmart.app               I  ğŸ”’ ========================================
2025-12-08 20:23:39.114  7801-7801  KeepAliveManager        com.cdccreditsmart.app               I  âœ… ServiceWatchdogWorker agendado (15min)
2025-12-08 20:23:39.115  7801-7801  KeepAliveManager        com.cdccreditsmart.app               I  âœ… AlarmManager wakeup agendado (10min)
2025-12-08 20:23:39.117  7801-7859  CDCApplication          com.cdccreditsmart.app               I  ğŸ§¹ ========================================
2025-12-08 20:23:39.117  7801-7859  CDCApplication          com.cdccreditsmart.app               I  ğŸ§¹ LIMPANDO ESTADO DE BLOQUEIO OBSOLETO
2025-12-08 20:23:39.117  7801-7859  CDCApplication          com.cdccreditsmart.app               I  ğŸ§¹ ========================================
2025-12-08 20:23:39.117  7801-7859  CDCApplication          com.cdccreditsmart.app               I  ğŸ§¹ Dispositivo nÃ£o estÃ¡ pareado - bloqueio anterior serÃ¡ removido
2025-12-08 20:23:39.117  7801-7801  KeepAliveManager        com.cdccreditsmart.app               I  ğŸ”‹ App NÃƒO Ã© Device Owner - permissÃ£o serÃ¡ solicitada na tela de permissÃµes
2025-12-08 20:23:39.117  7801-7801  KeepAliveManager        com.cdccreditsmart.app               I  ğŸ”’ Sistema Keep Alive ativo
2025-12-08 20:23:39.117  7801-7801  KeepAliveManager        com.cdccreditsmart.app               I  ğŸ”’ - WorkManager: verificaÃ§Ã£o a cada 15min
2025-12-08 20:23:39.117  7801-7801  KeepAliveManager        com.cdccreditsmart.app               I  ğŸ”’ - AlarmManager: wakeup a cada 10min
2025-12-08 20:23:39.117  7801-7801  KeepAliveManager        com.cdccreditsmart.app               I  ğŸ”’ ========================================
2025-12-08 20:23:39.118  7801-7801  CDCApplication          com.cdccreditsmart.app               I  ğŸ“Š Keep Alive Stats:
2025-12-08 20:23:39.118  7801-7801  CDCApplication          com.cdccreditsmart.app               I     - Restarts anteriores: 0
2025-12-08 20:23:39.118  7801-7801  CDCApplication          com.cdccreditsmart.app               I     - OtimizaÃ§Ã£o bateria: SIM (ruim)
2025-12-08 20:23:39.124  7801-7859  CDCApplication          com.cdccreditsmart.app               I  ğŸ§¹ Estado anterior encontrado:
2025-12-08 20:23:39.124  7801-7859  CDCApplication          com.cdccreditsmart.app               I     NÃ­vel: 0
2025-12-08 20:23:39.124  7801-7859  CDCApplication          com.cdccreditsmart.app               I     Bloqueio manual: false
2025-12-08 20:23:39.124  7801-7859  CDCApplication          com.cdccreditsmart.app               I  ğŸ§¹ Nenhum bloqueio ativo - nada a limpar
2025-12-08 20:23:39.124  7801-7859  CDCApplication          com.cdccreditsmart.app               I  ğŸ§¹ ========================================
2025-12-08 20:23:39.130  7801-7801  Choreographer           com.cdccreditsmart.app               I  Skipped 31 frames!  The application may be doing too much work on its main thread.
2025-12-08 20:23:39.137  7801-7890  DisplayManager          com.cdccreditsmart.app               I  Choreographer implicitly registered for the refresh rate.
2025-12-08 20:23:39.144  7801-7801  creditsmart.app         com.cdccreditsmart.app               I  AssetManager2(0x74cdc5520b58) locale list changing from [] to [en-US]
2025-12-08 20:23:39.196  7801-7801  CompatChangeReporter    com.cdccreditsmart.app               D  Compat change id reported: 309578419; UID 10217; state: ENABLED
2025-12-08 20:23:39.197  7801-7890  EGL_emulation           com.cdccreditsmart.app               I  Opening libGLESv1_CM_emulation.so
2025-12-08 20:23:39.197  7801-7890  EGL_emulation           com.cdccreditsmart.app               I  Opening libGLESv2_emulation.so
2025-12-08 20:23:39.199  7801-7801  DesktopModeFlags        com.cdccreditsmart.app               D  Toggle override initialized to: OVERRIDE_UNSET
2025-12-08 20:23:39.212  7801-7890  HWUI                    com.cdccreditsmart.app               W  Failed to choose config with EGL_SWAP_BEHAVIOR_PRESERVED, retrying without...
2025-12-08 20:23:39.212  7801-7890  HWUI                    com.cdccreditsmart.app               W  Failed to initialize 101010-2 format, error = EGL_SUCCESS
2025-12-08 20:23:39.214  7801-7801  MainActivity            com.cdccreditsmart.app               D  ğŸ“ BroadcastReceiver de localizaÃ§Ã£o registrado
2025-12-08 20:23:39.224  7801-7801  MainActivity            com.cdccreditsmart.app               I  ========================================
2025-12-08 20:23:39.224  7801-7801  MainActivity            com.cdccreditsmart.app               I  ğŸ“± SOLICITANDO PERMISSÃ•ES (NÃƒO DEVICE OWNER)
2025-12-08 20:23:39.224  7801-7801  MainActivity            com.cdccreditsmart.app               I  ========================================
2025-12-08 20:23:39.227  7801-7801  MainActivity            com.cdccreditsmart.app               I  ğŸ“‹ Runtime permissions a solicitar: 9
2025-12-08 20:23:39.227  7801-7801  MainActivity            com.cdccreditsmart.app               D    â€¢ android.permission.READ_PHONE_STATE
2025-12-08 20:23:39.227  7801-7801  MainActivity            com.cdccreditsmart.app               D    â€¢ android.permission.READ_CALL_LOG
2025-12-08 20:23:39.227  7801-7801  MainActivity            com.cdccreditsmart.app               D    â€¢ android.permission.CALL_PHONE
2025-12-08 20:23:39.227  7801-7801  MainActivity            com.cdccreditsmart.app               D    â€¢ android.permission.READ_CONTACTS
2025-12-08 20:23:39.227  7801-7801  MainActivity            com.cdccreditsmart.app               D    â€¢ android.permission.ACCESS_FINE_LOCATION
2025-12-08 20:23:39.227  7801-7801  MainActivity            com.cdccreditsmart.app               D    â€¢ android.permission.ACCESS_COARSE_LOCATION
2025-12-08 20:23:39.227  7801-7801  MainActivity            com.cdccreditsmart.app               D    â€¢ android.permission.ANSWER_PHONE_CALLS
2025-12-08 20:23:39.227  7801-7801  MainActivity            com.cdccreditsmart.app               D    â€¢ android.permission.READ_PHONE_NUMBERS
2025-12-08 20:23:39.227  7801-7801  MainActivity            com.cdccreditsmart.app               D    â€¢ android.permission.POST_NOTIFICATIONS
2025-12-08 20:23:39.227  7801-7801  SettingsGuardService    com.cdccreditsmart.app               I  â¸ï¸ Guard PAUSADO para fluxo de permissÃµes (timeout: 30s)
2025-12-08 20:23:39.230  7801-7859  PersistentStateManager  com.cdccreditsmart.app               D  Nenhum estado local encontrado
2025-12-08 20:23:39.230  7801-7859  PersistentStateManager  com.cdccreditsmart.app               D  ğŸ†• Sem estado local - device novo ou pÃ³s factory reset
2025-12-08 20:23:39.230  7801-7859  MainActivity            com.cdccreditsmart.app               I  ğŸ†• Device nunca foi provisionado
2025-12-08 20:23:39.252  7801-7801  SpecialPermissionReq    com.cdccreditsmart.app               I  ========================================
2025-12-08 20:23:39.252  7801-7801  SpecialPermissionReq    com.cdccreditsmart.app               I  ğŸ“Š STATUS DAS PERMISSÃ•ES ESPECIAIS
2025-12-08 20:23:39.252  7801-7801  SpecialPermissionReq    com.cdccreditsmart.app               I  ========================================
2025-12-08 20:23:39.253  7801-7801  SpecialPermissionReq    com.cdccreditsmart.app               I    USAGE_STATS: âŒ NÃƒO CONCEDIDA
2025-12-08 20:23:39.260  7801-7801  SpecialPermissionReq    com.cdccreditsmart.app               I    OVERLAY: âŒ NÃƒO CONCEDIDA
2025-12-08 20:23:39.260  7801-7801  SpecialPermissionReq    com.cdccreditsmart.app               W  
2025-12-08 20:23:39.260  7801-7801  SpecialPermissionReq    com.cdccreditsmart.app               W  âš ï¸ PROTEÃ‡ÃƒO ANTI-DESINSTALAÃ‡ÃƒO COMPROMETIDA!
2025-12-08 20:23:39.260  7801-7801  SpecialPermissionReq    com.cdccreditsmart.app               W     Sem essas permissÃµes, a proteÃ§Ã£o via overlay nÃ£o funciona.
2025-12-08 20:23:39.260  7801-7801  SpecialPermissionReq    com.cdccreditsmart.app               W     O usuÃ¡rio conseguirÃ¡ acessar App Info e desinstalar.
2025-12-08 20:23:39.260  7801-7801  SpecialPermissionReq    com.cdccreditsmart.app               I  ========================================
2025-12-08 20:23:39.261  7801-7801  MainActivity            com.cdccreditsmart.app               W  ========================================
2025-12-08 20:23:39.261  7801-7801  MainActivity            com.cdccreditsmart.app               W  âš ï¸ PERMISSÃ•ES ESPECIAIS NECESSÃRIAS
2025-12-08 20:23:39.261  7801-7801  MainActivity            com.cdccreditsmart.app               W  ========================================
2025-12-08 20:23:39.261  7801-7801  MainActivity            com.cdccreditsmart.app               W  Para proteÃ§Ã£o anti-desinstalaÃ§Ã£o funcionar:
2025-12-08 20:23:39.261  7801-7801  MainActivity            com.cdccreditsmart.app               W    âŒ Acesso ao Uso de Apps
2025-12-08 20:23:39.261  7801-7801  MainActivity            com.cdccreditsmart.app               W       Permite detectar quando vocÃª abre as ConfiguraÃ§Ãµes para aplicar proteÃ§Ã£o
2025-12-08 20:23:39.261  7801-7801  MainActivity            com.cdccreditsmart.app               W    âŒ Exibir sobre outros apps
2025-12-08 20:23:39.261  7801-7801  MainActivity            com.cdccreditsmart.app               W       Permite mostrar avisos de proteÃ§Ã£o sobre outros aplicativos
2025-12-08 20:23:39.261  7801-7801  MainActivity            com.cdccreditsmart.app               W  ========================================
2025-12-08 20:23:39.261  7801-7801  MainActivity            com.cdccreditsmart.app               W  O app solicitarÃ¡ essas permissÃµes na prÃ³xima interaÃ§Ã£o
2025-12-08 20:23:39.261  7801-7801  MainActivity            com.cdccreditsmart.app               W  ========================================
2025-12-08 20:23:39.299  7801-7801  CompatChangeReporter    com.cdccreditsmart.app               D  Compat change id reported: 352594277; UID 10217; state: ENABLED
2025-12-08 20:23:39.322  7801-7866  FA                      com.cdccreditsmart.app               I  Tag Manager is not found and thus will not be used
2025-12-08 20:23:39.325  7801-7801  CompatChangeReporter    com.cdccreditsmart.app               D  Compat change id reported: 349153669; UID 10217; state: ENABLED
2025-12-08 20:23:39.338  7801-7801  HWUI                    com.cdccreditsmart.app               W  Unknown dataspace 0
2025-12-08 20:23:39.345  7801-7801  InsetsController        com.cdccreditsmart.app               D  Setting requestedVisibleTypes to -14 (was -9)
2025-12-08 20:23:39.367  7801-7801  CdcForegroundService    com.cdccreditsmart.app               D  ğŸ“± ServiÃ§o onCreate()
2025-12-08 20:23:39.371  7801-7801  CdcForegroundService    com.cdccreditsmart.app               D  âœ… Canal de notificaÃ§Ã£o criado
2025-12-08 20:23:39.374  7801-7801  CdcForegroundService    com.cdccreditsmart.app               I  âœ… ScreenStateReceiver registrado
2025-12-08 20:23:39.374  7801-7801  CdcForegroundService    com.cdccreditsmart.app               D  ğŸš€ ServiÃ§o onStartCommand() - Action: null
2025-12-08 20:23:39.388  7801-7801  CdcForegroundService    com.cdccreditsmart.app               I  âœ… Foreground Service ativo (Android 12+)
2025-12-08 20:23:39.401  7801-7859  CdcForegroundService    com.cdccreditsmart.app               I  ğŸ”§ ========================================
2025-12-08 20:23:39.401  7801-7859  CdcForegroundService    com.cdccreditsmart.app               I  ğŸ”§ INICIANDO initializeServices()...
2025-12-08 20:23:39.401  7801-7859  CdcForegroundService    com.cdccreditsmart.app               I  ğŸ”§ ========================================
2025-12-08 20:23:39.401  7801-7859  CdcForegroundService    com.cdccreditsmart.app               I  ğŸ”§ Inicializando serviÃ§os base (SettingsGuard, WorkPolicies)...
2025-12-08 20:23:39.401  7801-7859  CdcForegroundService    com.cdccreditsmart.app               I  ğŸ¢ ========================================
2025-12-08 20:23:39.401  7801-7859  CdcForegroundService    com.cdccreditsmart.app               I  ğŸ¢ APLICANDO POLÃTICAS DE AMBIENTE DE TRABALHO
2025-12-08 20:23:39.401  7801-7859  CdcForegroundService    com.cdccreditsmart.app               I  ğŸ¢ ========================================
2025-12-08 20:23:39.410  7801-7859  WorkPolicyManager       com.cdccreditsmart.app               I  
2025-12-08 20:23:39.410  7801-7859  WorkPolicyManager       com.cdccreditsmart.app               I  â•”â•â•â•â•â•â•â•â•â•â•â•â•â•â•â•â•â•â•â•â•â•â•â•â•â•â•â•â•â•â•â•â•â•â•â•â•â•â•â•â•â•â•â•â•â•â•â•â•â•â•â•â•â•â•â•â•â•â•â•â•â•â•â•â•â•—
2025-12-08 20:23:39.410  7801-7859  WorkPolicyManager       com.cdccreditsmart.app               I  â•‘  ğŸ¢ APLICANDO POLÃTICAS DE AMBIENTE DE TRABALHO                â•‘
2025-12-08 20:23:39.410  7801-7859  WorkPolicyManager       com.cdccreditsmart.app               I  â•‘     CDC CREDIT SMART - PROTEÃ‡ÃƒO EMPRESARIAL                    â•‘
2025-12-08 20:23:39.410  7801-7859  WorkPolicyManager       com.cdccreditsmart.app               I  â•šâ•â•â•â•â•â•â•â•â•â•â•â•â•â•â•â•â•â•â•â•â•â•â•â•â•â•â•â•â•â•â•â•â•â•â•â•â•â•â•â•â•â•â•â•â•â•â•â•â•â•â•â•â•â•â•â•â•â•â•â•â•â•â•â•â•
2025-12-08 20:23:39.410  7801-7859  WorkPolicyManager       com.cdccreditsmart.app               I  
2025-12-08 20:23:39.417  7801-7859  WorkPolicyManager       com.cdccreditsmart.app               I  ğŸ“‹ STATUS DO DISPOSITIVO:
2025-12-08 20:23:39.417  7801-7859  WorkPolicyManager       com.cdccreditsmart.app               I     Device Owner: âŒ NÃƒO
2025-12-08 20:23:39.417  7801-7859  WorkPolicyManager       com.cdccreditsmart.app               I     Device Admin: âŒ NÃƒO
2025-12-08 20:23:39.417  7801-7859  WorkPolicyManager       com.cdccreditsmart.app               I  
2025-12-08 20:23:39.422  7801-7858  ServiceWatchdogWorker   com.cdccreditsmart.app               I  ğŸ” ========================================
2025-12-08 20:23:39.422  7801-7858  ServiceWatchdogWorker   com.cdccreditsmart.app               I  ğŸ” WATCHDOG: Verificando CdcForegroundService
2025-12-08 20:23:39.422  7801-7858  ServiceWatchdogWorker   com.cdccreditsmart.app               I  ğŸ” ========================================
2025-12-08 20:23:39.422  7801-7859  WorkPolicyManager       com.cdccreditsmart.app               I  â•â•â•â•â•â•â•â•â•â•â•â•â•â•â•â•â•â•â•â•â•â•â•â•â•â•â•â•â•â•â•â•â•â•â•â•â•â•â•â•â•â•â•â•â•â•â•â•â•â•â•â•â•â•â•â•â•â•â•â•â•â•â•
2025-12-08 20:23:39.422  7801-7859  WorkPolicyManager       com.cdccreditsmart.app               I  âš ï¸ MODO BÃSICO - PROTEÃ‡ÃƒO MÃNIMA
2025-12-08 20:23:39.422  7801-7859  WorkPolicyManager       com.cdccreditsmart.app               I  â•â•â•â•â•â•â•â•â•â•â•â•â•â•â•â•â•â•â•â•â•â•â•â•â•â•â•â•â•â•â•â•â•â•â•â•â•â•â•â•â•â•â•â•â•â•â•â•â•â•â•â•â•â•â•â•â•â•â•â•â•â•â•
2025-12-08 20:23:39.422  7801-7859  WorkPolicyManager       com.cdccreditsmart.app               I  
2025-12-08 20:23:39.422  7801-7859  WorkPolicyManager       com.cdccreditsmart.app               E  âŒ ATENÃ‡ÃƒO: App NÃƒO Ã© Device Owner nem Device Admin!
2025-12-08 20:23:39.422  7801-7859  WorkPolicyManager       com.cdccreditsmart.app               E     â€¢ ProteÃ§Ãµes MDM nÃ£o disponÃ­veis
2025-12-08 20:23:39.422  7801-7859  WorkPolicyManager       com.cdccreditsmart.app               E     â€¢ UsuÃ¡rio pode desinstalar o app livremente
2025-12-08 20:23:39.422  7801-7859  WorkPolicyManager       com.cdccreditsmart.app               E     â€¢ Factory Reset nÃ£o Ã© bloqueÃ¡vel
2025-12-08 20:23:39.422  7801-7859  WorkPolicyManager       com.cdccreditsmart.app               E     â€¢ Aplicando proteÃ§Ãµes alternativas mÃ­nimas...
2025-12-08 20:23:39.422  7801-7859  WorkPolicyManager       com.cdccreditsmart.app               I  
2025-12-08 20:23:39.422  7801-7859  WorkPolicyManager       com.cdccreditsmart.app               I  ğŸ”„ [1/3] PERSISTÃŠNCIA DO APP
2025-12-08 20:23:39.422  7801-7859  WorkPolicyManager       com.cdccreditsmart.app               I  â”€â”€â”€â”€â”€â”€â”€â”€â”€â”€â”€â”€â”€â”€â”€â”€â”€â”€â”€â”€â”€â”€â”€â”€â”€â”€â”€â”€â”€â”€â”€â”€â”€â”€â”€â”€â”€â”€â”€â”€â”€â”€â”€â”€â”€â”€â”€â”€â”€â”€â”€â”€â”€â”€â”€â”€â”€â”€â”€â”€â”€â”€â”€
2025-12-08 20:23:39.426  7801-7859  WorkPolicyManager       com.cdccreditsmart.app               I     â„¹ï¸ Solicitando isenÃ§Ã£o de otimizaÃ§Ã£o de bateria...
2025-12-08 20:23:39.426  7801-7859  WorkPolicyManager       com.cdccreditsmart.app               I     â„¹ï¸ UsuÃ¡rio precisa conceder manualmente em Settings
2025-12-08 20:23:39.426  7801-7859  WorkPolicyManager       com.cdccreditsmart.app               I     âœ… Foreground Service configurado via CdcForegroundService
2025-12-08 20:23:39.426  7801-7859  WorkPolicyManager       com.cdccreditsmart.app               I  
2025-12-08 20:23:39.426  7801-7859  WorkPolicyManager       com.cdccreditsmart.app               I  ğŸ“Š [2/3] MONITORAMENTO BÃSICO
2025-12-08 20:23:39.426  7801-7859  WorkPolicyManager       com.cdccreditsmart.app               I  â”€â”€â”€â”€â”€â”€â”€â”€â”€â”€â”€â”€â”€â”€â”€â”€â”€â”€â”€â”€â”€â”€â”€â”€â”€â”€â”€â”€â”€â”€â”€â”€â”€â”€â”€â”€â”€â”€â”€â”€â”€â”€â”€â”€â”€â”€â”€â”€â”€â”€â”€â”€â”€â”€â”€â”€â”€â”€â”€â”€â”€â”€â”€
2025-12-08 20:23:39.426  7801-7859  WorkPolicyManager       com.cdccreditsmart.app               I     âœ… WorkManager health check agendado
2025-12-08 20:23:39.426  7801-7859  WorkPolicyManager       com.cdccreditsmart.app               I  
2025-12-08 20:23:39.426  7801-7859  WorkPolicyManager       com.cdccreditsmart.app               I  ğŸ”” [3/3] NOTIFICAÃ‡Ã•ES
2025-12-08 20:23:39.426  7801-7859  WorkPolicyManager       com.cdccreditsmart.app               I  â”€â”€â”€â”€â”€â”€â”€â”€â”€â”€â”€â”€â”€â”€â”€â”€â”€â”€â”€â”€â”€â”€â”€â”€â”€â”€â”€â”€â”€â”€â”€â”€â”€â”€â”€â”€â”€â”€â”€â”€â”€â”€â”€â”€â”€â”€â”€â”€â”€â”€â”€â”€â”€â”€â”€â”€â”€â”€â”€â”€â”€â”€â”€
2025-12-08 20:23:39.426  7801-7859  WorkPolicyManager       com.cdccreditsmart.app               I     âœ… Canal de notificaÃ§Ã£o persistente criado
2025-12-08 20:23:39.428  7801-7858  KeepAliveManager        com.cdccreditsmart.app               D  âœ… CdcForegroundService estÃ¡ ativo
2025-12-08 20:23:39.439  7801-7858  ServiceWatchdogWorker   com.cdccreditsmart.app               I  ğŸ“Š EstatÃ­sticas Keep Alive:
2025-12-08 20:23:39.440  7801-7858  ServiceWatchdogWorker   com.cdccreditsmart.app               I     - ServiÃ§o ativo: true
2025-12-08 20:23:39.440  7801-7858  ServiceWatchdogWorker   com.cdccreditsmart.app               I     - Restarts: 0
2025-12-08 20:23:39.440  7801-7858  ServiceWatchdogWorker   com.cdccreditsmart.app               I     - OtimizaÃ§Ã£o bateria: SIM (ruim)
2025-12-08 20:23:39.440  7801-7858  ServiceWatchdogWorker   com.cdccreditsmart.app               I  ğŸ” ========================================
2025-12-08 20:23:39.440  7801-7858  ServiceWatchdogWorker   com.cdccreditsmart.app               I  âœ… WATCHDOG: ServiÃ§o verificado/reiniciado com sucesso
2025-12-08 20:23:39.451  7801-7870  WM-WorkerWrapper        com.cdccreditsmart.app               I  Worker result SUCCESS for Work [ id=15b3699b-7df4-455f-ba28-8161d70baa48, tags={ com.cdccreditsmart.app.keepalive.ServiceWatchdogWorker } ]
2025-12-08 20:23:39.474  7801-7859  WorkPolicyManager       com.cdccreditsmart.app               I  
2025-12-08 20:23:39.474  7801-7859  WorkPolicyManager       com.cdccreditsmart.app               I  â•”â•â•â•â•â•â•â•â•â•â•â•â•â•â•â•â•â•â•â•â•â•â•â•â•â•â•â•â•â•â•â•â•â•â•â•â•â•â•â•â•â•â•â•â•â•â•â•â•â•â•â•â•â•â•â•â•â•â•â•â•â•â•â•â•â•—
2025-12-08 20:23:39.474  7801-7859  WorkPolicyManager       com.cdccreditsmart.app               I  â•‘  ğŸ“Š RESUMO DAS POLÃTICAS DE TRABALHO                           â•‘
2025-12-08 20:23:39.474  7801-7859  WorkPolicyManager       com.cdccreditsmart.app               I  â• â•â•â•â•â•â•â•â•â•â•â•â•â•â•â•â•â•â•â•â•â•â•â•â•â•â•â•â•â•â•â•â•â•â•â•â•â•â•â•â•â•â•â•â•â•â•â•â•â•â•â•â•â•â•â•â•â•â•â•â•â•â•â•â•â•£
2025-12-08 20:23:39.488  7801-7859  WorkPolicyManager       com.cdccreditsmart.app               I  â•‘  âš ï¸ NÃ­vel de proteÃ§Ã£o: BASIC
2025-12-08 20:23:39.488  7801-7859  WorkPolicyManager       com.cdccreditsmart.app               I  â•‘  ğŸ“‹ PolÃ­ticas aplicadas: 4
2025-12-08 20:23:39.488  7801-7859  WorkPolicyManager       com.cdccreditsmart.app               I  â• â•â•â•â•â•â•â•â•â•â•â•â•â•â•â•â•â•â•â•â•â•â•â•â•â•â•â•â•â•â•â•â•â•â•â•â•â•â•â•â•â•â•â•â•â•â•â•â•â•â•â•â•â•â•â•â•â•â•â•â•â•â•â•â•â•£
2025-12-08 20:23:39.488  7801-7859  WorkPolicyManager       com.cdccreditsmart.app               I  â•‘  âœ… PROTEÃ‡Ã•ES ATIVAS:
2025-12-08 20:23:39.488  7801-7859  WorkPolicyManager       com.cdccreditsmart.app               I  â•‘     âœ… IsenÃ§Ã£o de otimizaÃ§Ã£o de bateria
2025-12-08 20:23:39.488  7801-7859  WorkPolicyManager       com.cdccreditsmart.app               I  â•‘     âœ… Foreground Service persistente
2025-12-08 20:23:39.488  7801-7859  WorkPolicyManager       com.cdccreditsmart.app               I  â•‘     âœ… Health check periÃ³dico agendado
2025-12-08 20:23:39.488  7801-7859  WorkPolicyManager       com.cdccreditsmart.app               I  â•‘     âœ… Canal de notificaÃ§Ã£o persistente criado
2025-12-08 20:23:39.488  7801-7859  WorkPolicyManager       com.cdccreditsmart.app               I  â• â•â•â•â•â•â•â•â•â•â•â•â•â•â•â•â•â•â•â•â•â•â•â•â•â•â•â•â•â•â•â•â•â•â•â•â•â•â•â•â•â•â•â•â•â•â•â•â•â•â•â•â•â•â•â•â•â•â•â•â•â•â•â•â•â•£
2025-12-08 20:23:39.488  7801-7859  WorkPolicyManager       com.cdccreditsmart.app               I  â•‘  âš ï¸ AVISOS:
2025-12-08 20:23:39.488  7801-7859  WorkPolicyManager       com.cdccreditsmart.app               W  â•‘     âŒ CRÃTICO: DesinstalaÃ§Ã£o NÃƒO bloqueÃ¡vel
2025-12-08 20:23:39.488  7801-7859  WorkPolicyManager       com.cdccreditsmart.app               W  â•‘     âŒ CRÃTICO: Factory Reset NÃƒO bloqueÃ¡vel
2025-12-08 20:23:39.488  7801-7859  WorkPolicyManager       com.cdccreditsmart.app               W  â•‘     âŒ CRÃTICO: Force Stop NÃƒO bloqueÃ¡vel
2025-12-08 20:23:39.488  7801-7859  WorkPolicyManager       com.cdccreditsmart.app               W  â•‘     âŒ CRÃTICO: Clear Data NÃƒO bloqueÃ¡vel
2025-12-08 20:23:39.488  7801-7859  WorkPolicyManager       com.cdccreditsmart.app               W  â•‘     âš ï¸ RecomendaÃ§Ã£o: Configurar como Device Owner via QR Code ou ADB
2025-12-08 20:23:39.488  7801-7859  WorkPolicyManager       com.cdccreditsmart.app               I  â•šâ•â•â•â•â•â•â•â•â•â•â•â•â•â•â•â•â•â•â•â•â•â•â•â•â•â•â•â•â•â•â•â•â•â•â•â•â•â•â•â•â•â•â•â•â•â•â•â•â•â•â•â•â•â•â•â•â•â•â•â•â•â•â•â•â•
2025-12-08 20:23:39.488  7801-7859  WorkPolicyManager       com.cdccreditsmart.app               I  
2025-12-08 20:23:39.488  7801-7859  CdcForegroundService    com.cdccreditsmart.app               I  ğŸ¢ Resultado: BASIC
2025-12-08 20:23:39.488  7801-7859  CdcForegroundService    com.cdccreditsmart.app               I  ğŸ¢ PolÃ­ticas aplicadas: 4/5
2025-12-08 20:23:39.488  7801-7859  CdcForegroundService    com.cdccreditsmart.app               W  ğŸ¢ âŒ CRÃTICO: DesinstalaÃ§Ã£o NÃƒO bloqueÃ¡vel
2025-12-08 20:23:39.488  7801-7859  CdcForegroundService    com.cdccreditsmart.app               W  ğŸ¢ âŒ CRÃTICO: Factory Reset NÃƒO bloqueÃ¡vel
2025-12-08 20:23:39.488  7801-7859  CdcForegroundService    com.cdccreditsmart.app               W  ğŸ¢ âŒ CRÃTICO: Force Stop NÃƒO bloqueÃ¡vel
2025-12-08 20:23:39.488  7801-7859  CdcForegroundService    com.cdccreditsmart.app               W  ğŸ¢ âŒ CRÃTICO: Clear Data NÃƒO bloqueÃ¡vel
2025-12-08 20:23:39.488  7801-7859  CdcForegroundService    com.cdccreditsmart.app               W  ğŸ¢ âš ï¸ RecomendaÃ§Ã£o: Configurar como Device Owner via QR Code ou ADB
2025-12-08 20:23:39.488  7801-7859  CdcForegroundService    com.cdccreditsmart.app               I  ğŸ¢ ========================================
2025-12-08 20:23:39.488  7801-7859  CdcForegroundService    com.cdccreditsmart.app               I  ğŸ›¡ï¸ ========================================
2025-12-08 20:23:39.488  7801-7859  CdcForegroundService    com.cdccreditsmart.app               I  ğŸ›¡ï¸ INICIANDO SETTINGS GUARD (PROTEÃ‡ÃƒO AGRESSIVA)
2025-12-08 20:23:39.488  7801-7859  CdcForegroundService    com.cdccreditsmart.app               I  ğŸ›¡ï¸ ========================================
2025-12-08 20:23:39.490  7801-7859  AutoPermissionManager   com.cdccreditsmart.app               W  âš ï¸ NÃ£o Ã© Device Owner - nÃ£o pode conceder permissÃµes especiais
2025-12-08 20:23:39.490  7801-7859  SettingsGuardService    com.cdccreditsmart.app               I  
2025-12-08 20:23:39.490  7801-7859  SettingsGuardService    com.cdccreditsmart.app               I  â•”â•â•â•â•â•â•â•â•â•â•â•â•â•â•â•â•â•â•â•â•â•â•â•â•â•â•â•â•â•â•â•â•â•â•â•â•â•â•â•â•â•â•â•â•â•â•â•â•â•â•â•â•â•â•â•â•â•—
2025-12-08 20:23:39.490  7801-7859  SettingsGuardService    com.cdccreditsmart.app               I  â•‘   ğŸ›¡ï¸ SETTINGSGUARD - INICIALIZAÃ‡ÃƒO                    â•‘
2025-12-08 20:23:39.490  7801-7859  SettingsGuardService    com.cdccreditsmart.app               I  â• â•â•â•â•â•â•â•â•â•â•â•â•â•â•â•â•â•â•â•â•â•â•â•â•â•â•â•â•â•â•â•â•â•â•â•â•â•â•â•â•â•â•â•â•â•â•â•â•â•â•â•â•â•â•â•â•â•£
2025-12-08 20:23:39.496  7801-7859  SettingsGuardService    com.cdccreditsmart.app               I  â•‘   ğŸ“± Modo proteÃ§Ã£o: BASIC                           â•‘
2025-12-08 20:23:39.496  7801-7859  SettingsGuardService    com.cdccreditsmart.app               I  â•‘   ğŸ“Š UsageStats: âŒ NEGADA                 â•‘
2025-12-08 20:23:39.496  7801-7859  SettingsGuardService    com.cdccreditsmart.app               I  â•‘   ğŸªŸ Overlay: âŒ NEGADA                    â•‘
2025-12-08 20:23:39.512  7801-7859  SettingsGuardService    com.cdccreditsmart.app               I  â•‘   ğŸ”’ Device Owner: âŒ NÃƒO                   â•‘
2025-12-08 20:23:39.517  7801-7859  SettingsGuardService    com.cdccreditsmart.app               I  â•‘   ğŸ” Device Admin: âŒ NÃƒO                   â•‘
2025-12-08 20:23:39.517  7801-7859  SettingsGuardService    com.cdccreditsmart.app               I  â•šâ•â•â•â•â•â•â•â•â•â•â•â•â•â•â•â•â•â•â•â•â•â•â•â•â•â•â•â•â•â•â•â•â•â•â•â•â•â•â•â•â•â•â•â•â•â•â•â•â•â•â•â•â•â•â•â•â•
2025-12-08 20:23:39.517  7801-7859  SettingsGuardService    com.cdccreditsmart.app               I  ğŸ›¡ï¸ SettingsGuard INICIADO
2025-12-08 20:23:39.517  7801-7859  SettingsGuardService    com.cdccreditsmart.app               I     Modo de proteÃ§Ã£o: BASIC
2025-12-08 20:23:39.517  7801-7859  SettingsGuardService    com.cdccreditsmart.app               I     âš ï¸ Sem privilÃ©gios: ProteÃ§Ã£o AGRESSIVA ativada
2025-12-08 20:23:39.517  7801-7859  SettingsGuardService    com.cdccreditsmart.app               I     ğŸ“¡ Monitorando Settings a cada 600ms
2025-12-08 20:23:39.517  7801-7859  SettingsGuardService    com.cdccreditsmart.app               I  ğŸ” ========================================
2025-12-08 20:23:39.517  7801-7859  SettingsGuardService    com.cdccreditsmart.app               I  ğŸ” INICIANDO MONITORAMENTO ATIVO DE SETTINGS
2025-12-08 20:23:39.517  7801-7859  SettingsGuardService    com.cdccreditsmart.app               I  ğŸ” ========================================
2025-12-08 20:23:39.517  7801-7859  SettingsGuardService    com.cdccreditsmart.app               W  âš ï¸ Sem permissÃ£o PACKAGE_USAGE_STATS
2025-12-08 20:23:39.517  7801-7859  SettingsGuardService    com.cdccreditsmart.app               W     Monitoramento via ActivityManager (menos preciso)
2025-12-08 20:23:39.517  7801-7859  SettingsGuardService    com.cdccreditsmart.app               W     IMPORTANTE: Conceda permissÃ£o em ConfiguraÃ§Ãµes > Apps > Credit Smart > Acesso especial > Acesso uso
2025-12-08 20:23:39.566  7801-7859  SettingsGuardService    com.cdccreditsmart.app               I  ğŸ“¢ NotificaÃ§Ã£o de permissÃ£o USAGE_STATS exibida
2025-12-08 20:23:39.566  7801-7859  SettingsGuardService    com.cdccreditsmart.app               W  âš ï¸ Sem permissÃ£o SYSTEM_ALERT_WINDOW
