2025-11-10 03:37:50.687  2941-3016  ContractCodeStorage     com.cdccreditsmart.app               E  Failed to save to file: .android_secure.enc (Ask Gemini)
                                                                                                    java.io.IOException: output file already exists, please use a new file: .android_secure.enc
                                                                                                    	at androidx.security.crypto.EncryptedFile.openFileOutput(EncryptedFile.java:260)
                                                                                                    	at com.cdccreditsmart.app.storage.ContractCodeStorage.saveToEncryptedFileWithMAC(ContractCodeStorage.kt:344)
                                                                                                    	at com.cdccreditsmart.app.storage.ContractCodeStorage.saveToBackupFile3(ContractCodeStorage.kt:315)
                                                                                                    	at com.cdccreditsmart.app.storage.ContractCodeStorage.saveContractCode(ContractCodeStorage.kt:123)
                                                                                                    	at com.cdccreditsmart.app.security.SecureTokenStorage.saveAuthToken(SecureTokenStorage.kt:75)
                                                                                                    	at com.cdccreditsmart.app.auth.AuthenticationOrchestrator.validateTokenOnServer(AuthenticationOrchestrator.kt:91)
                                                                                                    	at com.cdccreditsmart.app.auth.AuthenticationOrchestrator.access$validateTokenOnServer(AuthenticationOrchestrator.kt:19)
                                                                                                    	at com.cdccreditsmart.app.auth.AuthenticationOrchestrator$validateTokenOnServer$1.invokeSuspend(Unknown Source:15)
                                                                                                    	at kotlin.coroutines.jvm.internal.BaseContinuationImpl.resumeWith(ContinuationImpl.kt:34)
                                                                                                    	at kotlinx.coroutines.DispatchedTask.run(DispatchedTask.kt:108)
                                                                                                    	at kotlinx.coroutines.internal.LimitedDispatcher$Worker.run(LimitedDispatcher.kt:115)
                                                                                                    	at kotlinx.coroutines.scheduling.TaskImpl.run(Tasks.kt:103)
                                                                                                    	at kotlinx.coroutines.scheduling.CoroutineScheduler.runSafely(CoroutineScheduler.kt:584)
                                                                                                    	at kotlinx.coroutines.scheduling.CoroutineScheduler$Worker.executeTask(CoroutineScheduler.kt:793)
                                                                                                    	at kotlinx.coroutines.scheduling.CoroutineScheduler$Worker.runWorker(CoroutineScheduler.kt:697)
                                                                                                    	at kotlinx.coroutines.scheduling.CoroutineScheduler$Worker.run(CoroutineScheduler.kt:684)
2025-11-10 03:37:50.705  2941-3016  ContractCodeStorage     com.cdccreditsmart.app               D  Contract code saved to ALL storage locations
2025-11-10 03:37:50.838  2941-3016  ContractCodeStorage     com.cdccreditsmart.app               D  Verification complete: 7/7 locations valid
2025-11-10 03:37:50.838  2941-3016  SecureTokenStorage      com.cdccreditsmart.app               D  Auth token saved successfully (contract code via ContractCodeStorage, deviceId: device_176...)
2025-11-10 03:37:50.838  2941-3016  AuthOrchestrator        com.cdccreditsmart.app               D  ðŸ’¾ DeviceId salvo: device_176...
2025-11-10 03:37:50.838  2941-3016  AuthOrchestrator        com.cdccreditsmart.app               D  ValidaÃ§Ã£o do token no servidor: SUCESSO
2025-11-10 03:37:50.838  2941-3016  AuthOrchestrator        com.cdccreditsmart.app               D  âœ… Token vÃ¡lido - autenticaÃ§Ã£o OK!
2025-11-10 03:37:50.839  2941-2941  RouterViewModel         com.cdccreditsmart.app               D  âœ… Autenticado com sucesso - Ir para HOME
2025-11-10 03:37:50.991  2941-2941  SimpleHomeViewModel     com.cdccreditsmart.app               D  ðŸ“¡ Fetching device installments from /api/apk/device/installments...
2025-11-10 03:37:51.347  2941-3053  SimpleHomeViewModel     com.cdccreditsmart.app               D  âœ… Added Authorization header with token
2025-11-10 03:37:51.348  2941-3053  SimpleHomeViewModel     com.cdccreditsmart.app               D  ðŸ“¤ Request URL: https://cdccreditsmart.com/api/apk/device/installments
2025-11-10 03:37:51.540  2941-2941  Choreographer           com.cdccreditsmart.app               I  Skipped 39 frames!  The application may be doing too much work on its main thread.
2025-11-10 03:37:51.571  2941-3056  ProfileInstaller        com.cdccreditsmart.app               D  Installing profile for com.cdccreditsmart.app
2025-11-10 03:37:51.823  2941-3053  SimpleHomeViewModel     com.cdccreditsmart.app               D  ðŸ“¥ Response Code: 200
2025-11-10 03:37:51.841  2941-2941  SimpleHomeViewModel     com.cdccreditsmart.app               D  âœ… Successfully fetched installments data
2025-11-10 03:37:51.841  2941-2941  SimpleHomeViewModel     com.cdccreditsmart.app               D  ðŸ“Š Device: Moto G15 Power
2025-11-10 03:37:51.841  2941-2941  SimpleHomeViewModel     com.cdccreditsmart.app               D  ðŸ“Š Total installments: 4
2025-11-10 03:37:51.841  2941-2941  SimpleHomeViewModel     com.cdccreditsmart.app               D  ðŸ“Š Paid: 0
2025-11-10 03:37:51.841  2941-2941  SimpleHomeViewModel     com.cdccreditsmart.app               D  ðŸ“Š Overdue: 0
2025-11-10 03:37:51.841  2941-2941  SimpleHomeViewModel     com.cdccreditsmart.app               D  ðŸ“Š All installments count: 4
2025-11-10 03:37:52.393  2941-2941  Choreographer           com.cdccreditsmart.app               I  Skipped 32 frames!  The application may be doing too much work on its main thread.
2025-11-10 03:37:53.611  2941-2941  ScrollIdentify          com.cdccreditsmart.app               I  on fling
2025-11-10 03:37:53.856  2941-2948  creditsmart.app         com.cdccreditsmart.app               I  Background concurrent mark compact GC freed 26MB AllocSpace bytes, 411(14MB) LOS objects, 64% free, 13MB/37MB, paused 1.006ms,4.041ms total 104.790ms
2025-11-10 03:37:54.667  2941-2941  ScrollIdentify          com.cdccreditsmart.app               I  on fling
2025-11-10 03:38:17.396  2941-2941  ScrollIdentify          com.cdccreditsmart.app               I  on fling
2025-11-10 03:38:17.894  2941-2941  ScrollIdentify          com.cdccreditsmart.app               I  on fling
2025-11-10 03:38:18.861  2941-2941  WebSocketManager        com.cdccreditsmart.app               D  Heartbeat ping sent
2025-11-10 03:38:18.862  2941-2941  WebSocketManager        com.cdccreditsmart.app               D  Heartbeat ping sent
2025-11-10 03:38:18.865  2941-3049  MdmCommandReceiver      com.cdccreditsmart.app               D  ðŸ” Verificando comandos pendentes...
2025-11-10 03:38:18.865  2941-3049  MdmCommandReceiver      com.cdccreditsmart.app               D  ðŸ” Buscando comandos pendentes para deviceId: device_176...
2025-11-10 03:38:18.865  2941-3016  MdmCommandReceiver      com.cdccreditsmart.app               D  ðŸ” Verificando comandos pendentes...
2025-11-10 03:38:18.866  2941-3016  MdmCommandReceiver      com.cdccreditsmart.app               D  ðŸ” Buscando comandos pendentes para deviceId: device_176...
2025-11-10 03:38:18.884  2941-3050  okhttp.OkHttpClient     com.cdccreditsmart.app               I  --> GET https://cdccreditsmart.com/api/apk/device/device_1762725359153_ogqi20gqqp/commands
2025-11-10 03:38:18.884  2941-3063  okhttp.OkHttpClient     com.cdccreditsmart.app               I  --> GET https://cdccreditsmart.com/api/apk/device/device_1762725359153_ogqi20gqqp/commands
2025-11-10 03:38:18.884  2941-3050  okhttp.OkHttpClient     com.cdccreditsmart.app               I  --> END GET
2025-11-10 03:38:18.884  2941-3063  okhttp.OkHttpClient     com.cdccreditsmart.app               I  --> END GET
2025-11-10 03:38:19.026  2941-3033  WebSocketManager        com.cdccreditsmart.app               D  Message received: {"type":"pong","timestamp":"2025-11-10T06:38:18.965Z"}...
2025-11-10 03:38:19.026  2941-3033  WebSocketManager        com.cdccreditsmart.app               D  Received message type: pong
2025-11-10 03:38:19.026  2941-3033  WebSocketManager        com.cdccreditsmart.app               D  Pong received
2025-11-10 03:38:19.032  2941-3024  WebSocketManager        com.cdccreditsmart.app               D  Message received: {"type":"pong","timestamp":"2025-11-10T06:38:18.969Z"}...
2025-11-10 03:38:19.032  2941-3024  WebSocketManager        com.cdccreditsmart.app               D  Received message type: pong
2025-11-10 03:38:19.032  2941-3024  WebSocketManager        com.cdccreditsmart.app               D  Pong received
2025-11-10 03:38:19.102  2941-3050  okhttp.OkHttpClient     com.cdccreditsmart.app               I  <-- 404 https://cdccreditsmart.com/api/apk/device/device_1762725359153_ogqi20gqqp/commands (216ms)
2025-11-10 03:38:19.102  2941-3050  okhttp.OkHttpClient     com.cdccreditsmart.app               I  access-control-allow-credentials: true
2025-11-10 03:38:19.102  2941-3050  okhttp.OkHttpClient     com.cdccreditsmart.app               I  access-control-allow-headers: Origin, X-Requested-With, Content-Type, Accept, Authorization, x-client-key, x-client-token, x-client-secret, cache-control
2025-11-10 03:38:19.102  2941-3050  okhttp.OkHttpClient     com.cdccreditsmart.app               I  access-control-allow-methods: GET, POST, PUT, PATCH, DELETE, OPTIONS
2025-11-10 03:38:19.102  2941-3050  okhttp.OkHttpClient     com.cdccreditsmart.app               I  access-control-allow-origin: *
2025-11-10 03:38:19.102  2941-3050  okhttp.OkHttpClient     com.cdccreditsmart.app               I  access-control-max-age: 86400
2025-11-10 03:38:19.102  2941-3050  okhttp.OkHttpClient     com.cdccreditsmart.app               I  content-length: 312
2025-11-10 03:38:19.102  2941-3050  okhttp.OkHttpClient     com.cdccreditsmart.app               I  content-security-policy: default-src 'self'; script-src 'self' 'unsafe-inline' 'unsafe-eval' https://replit.com; style-src 'self' 'unsafe-inline' https://replit.com; img-src 'self' data: https:; font-src 'self' data: https://replit.com; connect-src 'self';
2025-11-10 03:38:19.103  2941-3050  okhttp.OkHttpClient     com.cdccreditsmart.app               I  content-type: application/json; charset=utf-8
2025-11-10 03:38:19.103  2941-3050  okhttp.OkHttpClient     com.cdccreditsmart.app               I  date: Mon, 10 Nov 2025 06:38:19 GMT
2025-11-10 03:38:19.103  2941-3050  okhttp.OkHttpClient     com.cdccreditsmart.app               I  etag: W/"138-vXkw3xyx4g/AbFlUbdVRiF5UhlQ"
2025-11-10 03:38:19.103  2941-3050  okhttp.OkHttpClient     com.cdccreditsmart.app               I  permissions-policy: geolocation=(), microphone=(), camera=()
2025-11-10 03:38:19.103  2941-3050  okhttp.OkHttpClient     com.cdccreditsmart.app               I  referrer-policy: strict-origin-when-cross-origin
2025-11-10 03:38:19.103  2941-3050  okhttp.OkHttpClient     com.cdccreditsmart.app               I  server: Google Frontend
2025-11-10 03:38:19.103  2941-3050  okhttp.OkHttpClient     com.cdccreditsmart.app               I  strict-transport-security: max-age=63072000; includeSubDomains
2025-11-10 03:38:19.103  2941-3050  okhttp.OkHttpClient     com.cdccreditsmart.app               I  strict-transport-security: max-age=31536000; includeSubDomains
2025-11-10 03:38:19.103  2941-3050  okhttp.OkHttpClient     com.cdccreditsmart.app               I  x-anti-fraud-protection: active
2025-11-10 03:38:19.103  2941-3050  okhttp.OkHttpClient     com.cdccreditsmart.app               I  x-certificate-pinning-enabled: false
2025-11-10 03:38:19.103  2941-3050  okhttp.OkHttpClient     com.cdccreditsmart.app               I  x-certificate-pinning-status: disabled-for-stability
2025-11-10 03:38:19.104  2941-3050  okhttp.OkHttpClient     com.cdccreditsmart.app               I  x-cloud-trace-context: fe8a5f717b86444489f45cc29330fc73;o=1
2025-11-10 03:38:19.104  2941-3050  okhttp.OkHttpClient     com.cdccreditsmart.app               I  x-content-type-options: nosniff
2025-11-10 03:38:19.104  2941-3050  okhttp.OkHttpClient     com.cdccreditsmart.app               I  x-financial-data-protection: enabled
2025-11-10 03:38:19.104  2941-3050  okhttp.OkHttpClient     com.cdccreditsmart.app               I  x-frame-options: DENY
2025-11-10 03:38:19.104  2941-3050  okhttp.OkHttpClient     com.cdccreditsmart.app               I  x-transaction-security-level: maximum
2025-11-10 03:38:19.104  2941-3050  okhttp.OkHttpClient     com.cdccreditsmart.app               I  x-xss-protection: 1; mode=block
2025-11-10 03:38:19.104  2941-3050  okhttp.OkHttpClient     com.cdccreditsmart.app               I  via: 1.1 google
2025-11-10 03:38:19.104  2941-3050  okhttp.OkHttpClient     com.cdccreditsmart.app               I  alt-svc: h3=":443"; ma=2592000,h3-29=":443"; ma=2592000
2025-11-10 03:38:19.106  2941-3050  okhttp.OkHttpClient     com.cdccreditsmart.app               I  {"error":"API endpoint not found","message":"Rota APK nÃ£o encontrada","path":"/","method":"GET","timestamp":"2025-11-10T06:38:19.032Z","available_endpoints":["GET /api/apk/device/{serial}/status","POST /api/apk/device/{fingerprint}/sync","POST /api/apk/device/{fingerprint}/register-info","POST /api/apk/auth"]}
2025-11-10 03:38:19.106  2941-3050  okhttp.OkHttpClient     com.cdccreditsmart.app               I  <-- END HTTP (312-byte body)
2025-11-10 03:38:19.107  2941-3049  MdmCommandReceiver      com.cdccreditsmart.app               E  âŒ Erro ao buscar comandos pendentes - HTTP 404
2025-11-10 03:38:19.108  2941-3049  MdmCommandReceiver      com.cdccreditsmart.app               E  âŒ Response body: {"error":"API endpoint not found","message":"Rota APK nÃ£o encontrada","path":"/","method":"GET","timestamp":"2025-11-10T06:38:19.032Z","available_endpoints":["GET /api/apk/device/{serial}/status","POST /api/apk/device/{fingerprint}/sync","POST /api/apk/device/{fingerprint}/register-info","POST /api/apk/auth"]}
2025-11-10 03:38:19.116  2941-3063  okhttp.OkHttpClient     com.cdccreditsmart.app               I  <-- 404 https://cdccreditsmart.com/api/apk/device/device_1762725359153_ogqi20gqqp/commands (231ms)
2025-11-10 03:38:19.116  2941-3063  okhttp.OkHttpClient     com.cdccreditsmart.app               I  access-control-allow-credentials: true
2025-11-10 03:38:19.116  2941-3063  okhttp.OkHttpClient     com.cdccreditsmart.app               I  access-control-allow-headers: Origin, X-Requested-With, Content-Type, Accept, Authorization, x-client-key, x-client-token, x-client-secret, cache-control
2025-11-10 03:38:19.116  2941-3063  okhttp.OkHttpClient     com.cdccreditsmart.app               I  access-control-allow-methods: GET, POST, PUT, PATCH, DELETE, OPTIONS
2025-11-10 03:38:19.116  2941-3063  okhttp.OkHttpClient     com.cdccreditsmart.app               I  access-control-allow-origin: *
2025-11-10 03:38:19.117  2941-3063  okhttp.OkHttpClient     com.cdccreditsmart.app               I  access-control-max-age: 86400
2025-11-10 03:38:19.117  2941-3063  okhttp.OkHttpClient     com.cdccreditsmart.app               I  content-length: 312
2025-11-10 03:38:19.117  2941-3063  okhttp.OkHttpClient     com.cdccreditsmart.app               I  content-security-policy: default-src 'self'; script-src 'self' 'unsafe-inline' 'unsafe-eval' https://replit.com; style-src 'self' 'unsafe-inline' https://replit.com; img-src 'self' data: https:; font-src 'self' data: https://replit.com; connect-src 'self';
2025-11-10 03:38:19.117  2941-3063  okhttp.OkHttpClient     com.cdccreditsmart.app               I  content-type: application/json; charset=utf-8
2025-11-10 03:38:19.117  2941-3063  okhttp.OkHttpClient     com.cdccreditsmart.app               I  date: Mon, 10 Nov 2025 06:38:19 GMT
2025-11-10 03:38:19.117  2941-3063  okhttp.OkHttpClient     com.cdccreditsmart.app               I  etag: W/"138-FIHf7v5mZV7K56lBgUNZchSVH98"
2025-11-10 03:38:19.117  2941-3063  okhttp.OkHttpClient     com.cdccreditsmart.app               I  permissions-policy: geolocation=(), microphone=(), camera=()
2025-11-10 03:38:19.117  2941-3063  okhttp.OkHttpClient     com.cdccreditsmart.app               I  referrer-policy: strict-origin-when-cross-origin
2025-11-10 03:38:19.117  2941-3063  okhttp.OkHttpClient     com.cdccreditsmart.app               I  server: Google Frontend
2025-11-10 03:38:19.118  2941-3063  okhttp.OkHttpClient     com.cdccreditsmart.app               I  strict-transport-security: max-age=63072000; includeSubDomains
2025-11-10 03:38:19.118  2941-3063  okhttp.OkHttpClient     com.cdccreditsmart.app               I  strict-transport-security: max-age=31536000; includeSubDomains
2025-11-10 03:38:19.118  2941-3063  okhttp.OkHttpClient     com.cdccreditsmart.app               I  x-anti-fraud-protection: active
2025-11-10 03:38:19.118  2941-3063  okhttp.OkHttpClient     com.cdccreditsmart.app               I  x-certificate-pinning-enabled: false
2025-11-10 03:38:19.118  2941-3063  okhttp.OkHttpClient     com.cdccreditsmart.app               I  x-certificate-pinning-status: disabled-for-stability
2025-11-10 03:38:19.118  2941-3063  okhttp.OkHttpClient     com.cdccreditsmart.app               I  x-cloud-trace-context: c675dbc19a6f365589f45cc29330f68f
2025-11-10 03:38:19.118  2941-3063  okhttp.OkHttpClient     com.cdccreditsmart.app               I  x-content-type-options: nosniff
2025-11-10 03:38:19.118  2941-3063  okhttp.OkHttpClient     com.cdccreditsmart.app               I  x-financial-data-protection: enabled
2025-11-10 03:38:19.118  2941-3063  okhttp.OkHttpClient     com.cdccreditsmart.app               I  x-frame-options: DENY
2025-11-10 03:38:19.118  2941-3063  okhttp.OkHttpClient     com.cdccreditsmart.app               I  x-transaction-security-level: maximum
2025-11-10 03:38:19.118  2941-3063  okhttp.OkHttpClient     com.cdccreditsmart.app               I  x-xss-protection: 1; mode=block
2025-11-10 03:38:19.119  2941-3063  okhttp.OkHttpClient     com.cdccreditsmart.app               I  via: 1.1 google
2025-11-10 03:38:19.119  2941-3063  okhttp.OkHttpClient     com.cdccreditsmart.app               I  alt-svc: h3=":443"; ma=2592000,h3-29=":443"; ma=2592000
2025-11-10 03:38:19.120  2941-3063  okhttp.OkHttpClient     com.cdccreditsmart.app               I  {"error":"API endpoint not found","message":"Rota APK nÃ£o encontrada","path":"/","method":"GET","timestamp":"2025-11-10T06:38:19.043Z","available_endpoints":["GET /api/apk/device/{serial}/status","POST /api/apk/device/{fingerprint}/sync","POST /api/apk/device/{fingerprint}/register-info","POST /api/apk/auth"]}
2025-11-10 03:38:19.120  2941-3063  okhttp.OkHttpClient     com.cdccreditsmart.app               I  <-- END HTTP (312-byte body)
2025-11-10 03:38:19.122  2941-3049  MdmCommandReceiver      com.cdccreditsmart.app               E  âŒ Erro ao buscar comandos pendentes - HTTP 404
2025-11-10 03:38:19.122  2941-3049  MdmCommandReceiver      com.cdccreditsmart.app               E  âŒ Response body: {"error":"API endpoint not found","message":"Rota APK nÃ£o encontrada","path":"/","method":"GET","timestamp":"2025-11-10T06:38:19.043Z","available_endpoints":["GET /api/apk/device/{serial}/status","POST /api/apk/device/{fingerprint}/sync","POST /api/apk/device/{fingerprint}/register-info","POST /api/apk/auth"]}
2025-11-10 03:38:22.744  2941-2941  ScrollIdentify          com.cdccreditsmart.app               I  on fling
2025-11-10 03:38:23.278  2941-2941  ScrollIdentify          com.cdccreditsmart.app               I  on fling
