2025-12-06 15:02:55.214 26943-29387 MdmCommandReceiver      com.cdccreditsmart.app               D  ðŸ“¥ JSON recebido: {"type":"welcome","message":"Connected to unified WebSocket server","connectionId":"b89a91a7-0321-4572-a1c3-42141f860659","path":"/ws","routerKey":"device-control","timestamp":"2025-12-06T18:02:55.588Z","serverTime":"2025-12-06T18:02:55.588Z"}
2025-12-06 15:02:55.216 26943-29387 MdmCommandReceiver      com.cdccreditsmart.app               D  ðŸ“¨ Tipo de mensagem: welcome
2025-12-06 15:02:55.217 26943-29387 MdmCommandReceiver      com.cdccreditsmart.app               D  ðŸ‘‹ Mensagem de boas-vindas do servidor
2025-12-06 15:02:55.339 26943-26943 VRI[MainActivity]       com.cdccreditsmart.app               D  visibilityChanged oldVisibility=true newVisibility=false
2025-12-06 15:02:55.346 26943-29345 HWUI                    com.cdccreditsmart.app               D  endAllActiveAnimators on 0xb4000074f2af4ef0 (UnprojectedRipple) with handle 0xb400007572b45190
2025-12-06 15:02:55.357 26943-26943 BLASTBufferQueue        com.cdccreditsmart.app               D  [VRI[MainActivity]#7](f:0,a:1) destructor()
2025-12-06 15:02:55.357 26943-26943 BufferQueueConsumer     com.cdccreditsmart.app               D  [VRI[MainActivity]#7(BLAST Consumer)7](id:693f00000007,api:0,p:-1,c:26943) disconnect
2025-12-06 15:02:55.411 26943-29387 SettingsGuardService    com.cdccreditsmart.app               D  ðŸ“‹ Activity check - Full: com.android.settings.applications.specialaccess.deviceadmin.DeviceAdminAdd, Simple: DeviceAdminAdd
2025-12-06 15:02:55.416 26943-29387 SettingsGuardService    com.cdccreditsmart.app               W  ðŸŽ¯ ATIVIDADE PERIGOSA DETECTADA!
2025-12-06 15:02:55.416 26943-29387 SettingsGuardService    com.cdccreditsmart.app               W     Pacote: com.android.settings
2025-12-06 15:02:55.416 26943-29387 SettingsGuardService    com.cdccreditsmart.app               W     Activity completa: com.android.settings.applications.specialaccess.deviceadmin.DeviceAdminAdd
2025-12-06 15:02:55.416 26943-29387 SettingsGuardService    com.cdccreditsmart.app               W     Activity simplificada: DeviceAdminAdd
2025-12-06 15:02:55.416 26943-29387 SettingsGuardService    com.cdccreditsmart.app               W     Match: DeviceAdminAdd
2025-12-06 15:02:55.416 26943-29387 SettingsGuardService    com.cdccreditsmart.app               W  ðŸš¨ ÃREA PERIGOSA DETECTADA!
2025-12-06 15:02:55.417 26943-29387 SettingsGuardService    com.cdccreditsmart.app               W     Pacote: com.android.settings
2025-12-06 15:02:55.417 26943-29387 SettingsGuardService    com.cdccreditsmart.app               W     Atividade: com.android.settings.applications.specialaccess.deviceadmin.DeviceAdminAdd
2025-12-06 15:02:55.417 26943-29387 SettingsGuardService    com.cdccreditsmart.app               W     Chamando app para foreground...
2025-12-06 15:02:55.447 26943-26943 SettingsGuardService    com.cdccreditsmart.app               D  ðŸ  Enviado para Home primeiro (fecha Settings)
2025-12-06 15:02:55.620 26943-26943 SettingsGuardService    com.cdccreditsmart.app               I  âœ… App trazido para foreground
2025-12-06 15:02:55.620 26943-26943 ActivityThread          com.cdccreditsmart.app               D  mToDestroying.remove:ActivityRecord{da02515 token=android.os.BinderProxy@366e108 {com.cdccreditsmart.app/com.cdccreditsmart.app.presentation.MainActivity}}
2025-12-06 15:02:55.640 26943-26943 SettingsGuardService    com.cdccreditsmart.app               I  â–¶ï¸ Guard RETOMADO apÃ³s fluxo de permissÃµes
2025-12-06 15:02:55.646 26943-26943 MainActivity            com.cdccreditsmart.app               D  ðŸ“ BroadcastReceiver de localizaÃ§Ã£o desregistrado
2025-12-06 15:02:55.647 26943-26943 WindowOnBackDispatcher  com.cdccreditsmart.app               W  sendCancelIfRunning: isInProgress=false callback=android.app.Activity$$ExternalSyntheticLambda0@87644b2
2025-12-06 15:02:55.650 26943-26943 View                    com.cdccreditsmart.app               D  [Warning] assignParent to null: this = DecorView@69c7067[MainActivity]
2025-12-06 15:02:55.659 26943-31650 libMEOW                 com.cdccreditsmart.app               D  meow new tls: 0xb400007672c531c0
2025-12-06 15:02:55.659 26943-31650 libMEOW                 com.cdccreditsmart.app               D  applied 1 plugins for [com.cdccreditsmart.app]:
2025-12-06 15:02:55.659 26943-31650 libMEOW                 com.cdccreditsmart.app               D    plugin 1: [libMEOW_gift.so]: 0xb400007592aab840
2025-12-06 15:02:55.660 26943-31650 libMEOW                 com.cdccreditsmart.app               D  rebuild call chain: 0xb400007672ce3250
2025-12-06 15:02:55.660 26943-31650 libMEOW                 com.cdccreditsmart.app               D  meow delete tls: 0xb400007672c531c0
2025-12-06 15:02:55.692 26943-26943 ActivityThread          com.cdccreditsmart.app               D  ++ activityComponent:com.cdccreditsmart.app/com.cdccreditsmart.app.presentation.MainActivity counts:1 ALEAK_CLEAR_SUPPORT:true
2025-12-06 15:02:55.701 26943-26943 MainActivity            com.cdccreditsmart.app               D  ðŸ“ BroadcastReceiver de localizaÃ§Ã£o registrado
2025-12-06 15:02:55.703 26943-26943 MainActivity            com.cdccreditsmart.app               I  ========================================
2025-12-06 15:02:55.703 26943-26943 MainActivity            com.cdccreditsmart.app               I  ðŸ“± SOLICITANDO PERMISSÃ•ES (NÃƒO DEVICE OWNER)
2025-12-06 15:02:55.703 26943-26943 MainActivity            com.cdccreditsmart.app               I  ========================================
2025-12-06 15:02:55.703 26943-26943 MainActivity            com.cdccreditsmart.app               I  âœ… Todas as runtime permissions jÃ¡ foram concedidas!
2025-12-06 15:02:55.703 26943-26943 SpecialPermissionReq    com.cdccreditsmart.app               I  ========================================
2025-12-06 15:02:55.703 26943-26943 SpecialPermissionReq    com.cdccreditsmart.app               I  ðŸ“Š STATUS DAS PERMISSÃ•ES ESPECIAIS
2025-12-06 15:02:55.703 26943-26943 SpecialPermissionReq    com.cdccreditsmart.app               I  ========================================
2025-12-06 15:02:55.704 26943-26943 SpecialPermissionReq    com.cdccreditsmart.app               I    USAGE_STATS: âœ… CONCEDIDA
2025-12-06 15:02:55.704 26943-26943 SpecialPermissionReq    com.cdccreditsmart.app               I    OVERLAY: âœ… CONCEDIDA
2025-12-06 15:02:55.704 26943-26943 SpecialPermissionReq    com.cdccreditsmart.app               I  
2025-12-06 15:02:55.704 26943-26943 SpecialPermissionReq    com.cdccreditsmart.app               I  âœ… Todas as permissÃµes especiais concedidas!
2025-12-06 15:02:55.704 26943-26943 SpecialPermissionReq    com.cdccreditsmart.app               I     ProteÃ§Ã£o anti-desinstalaÃ§Ã£o ativa.
2025-12-06 15:02:55.704 26943-26943 SpecialPermissionReq    com.cdccreditsmart.app               I  ========================================
2025-12-06 15:02:55.705 26943-29387 PersistentStateManager  com.cdccreditsmart.app               D  Nenhum estado local encontrado
2025-12-06 15:02:55.705 26943-29387 PersistentStateManager  com.cdccreditsmart.app               D  ðŸ†• Sem estado local - device novo ou pÃ³s factory reset
2025-12-06 15:02:55.705 26943-29387 MainActivity            com.cdccreditsmart.app               I  ðŸ†• Device nunca foi provisionado
2025-12-06 15:02:55.705 26943-26943 MainActivity            com.cdccreditsmart.app               I  âœ… Todas as permissÃµes especiais jÃ¡ foram concedidas!
2025-12-06 15:02:55.710 26943-26943 ActivityThread          com.cdccreditsmart.app               D  handleResumeActivity#3 r.window=nulla.mFinished = falsewillBeVisible = true
2025-12-06 15:02:55.710 26943-26943 ActivityThread          com.cdccreditsmart.app               D  handleResumeActivity#4 addView a.mVisibleFromClient=truea.mWindowAdded=falsedecor=DecorView@a750a2e[]
2025-12-06 15:02:55.710 26943-26943 ActivityThread          com.cdccreditsmart.app               D  handleResumeActivity#5 addView decor=DecorView@a750a2e[]
2025-12-06 15:02:55.713 26943-26943 VRI[MainActivity]       com.cdccreditsmart.app               D  hardware acceleration = true, forceHwAccelerated = false
2025-12-06 15:02:55.714 26943-26943 ViewRootImpl            com.cdccreditsmart.app               D  setView appearance:24 com.cdccreditsmart.app/com.cdccreditsmart.app.presentation.MainActivity
2025-12-06 15:02:55.718 26943-26943 InputEventReceiver      com.cdccreditsmart.app               D  Input log is disabled in InputEventReceiver.
2025-12-06 15:02:55.851 26943-29387 SettingsGuardService    com.cdccreditsmart.app               D  ðŸ“‹ Activity check - Full: com.cdccreditsmart.app.presentation.MainActivity, Simple: MainActivity
2025-12-06 15:02:55.853 26943-29387 SettingsGuardService    com.cdccreditsmart.app               I  âœ… App CDC em foreground - resetando contador
2025-12-06 15:02:55.897 26943-26943 BufferQueueConsumer     com.cdccreditsmart.app               D  [](id:693f00000008,api:0,p:-1,c:26943) connect: controlledByApp=false
2025-12-06 15:02:55.897 26943-26943 BLASTBufferQueue        com.cdccreditsmart.app               D  [VRI[MainActivity]#8](f:0,a:0) constructor()
2025-12-06 15:02:55.897 26943-26943 BLASTBufferQueue        com.cdccreditsmart.app               D  [VRI[MainActivity]#8](f:0,a:0) update width=1080 height=2436 format=-3 mTransformHint=0
2025-12-06 15:02:55.954 26943-29345 BLASTBufferQueue        com.cdccreditsmart.app               D  [VRI[MainActivity]#8](f:0,a:1) acquireNextBufferLocked size=1080x2436 mFrameNumber=1 applyTransaction=true mTimestamp=119459003781889(auto) mPendingTransactions.size=0 graphicBufferId=115719303856181 transform=0
2025-12-06 15:02:55.956 26943-26943 Choreographer           com.cdccreditsmart.app               W  Already have a pending vsync event.  There should only be one at a time.
2025-12-06 15:02:55.962 26943-26943 PermissionGateScreen    com.cdccreditsmart.app               I  ðŸ” VERIFICAÃ‡ÃƒO INICIAL DE PERMISSÃ•ES:
2025-12-06 15:02:55.962 26943-26943 PermissionGateScreen    com.cdccreditsmart.app               I     NÃ­vel: BASIC
2025-12-06 15:02:55.962 26943-26943 PermissionGateScreen    com.cdccreditsmart.app               I     Todas concedidas: false
2025-12-06 15:02:55.962 26943-26943 PermissionGateScreen    com.cdccreditsmart.app               I     Bateria isenta: true
2025-12-06 15:02:55.962 26943-26943 PermissionGateScreen    com.cdccreditsmart.app               W     âŒ FALTA: Administrador do Dispositivo
2025-12-06 15:02:55.962 26943-26943 PermissionGateScreen    com.cdccreditsmart.app               I     âœ… OK: PermissÃµes BÃ¡sicas
2025-12-06 15:02:55.962 26943-26943 PermissionGateScreen    com.cdccreditsmart.app               I     âœ… OK: Monitoramento de Apps
2025-12-06 15:02:55.962 26943-26943 PermissionGateScreen    com.cdccreditsmart.app               I     âœ… OK: Mostrar Alertas
2025-12-06 15:02:55.962 26943-26943 PermissionGateScreen    com.cdccreditsmart.app               I     âœ… OK: ExecuÃ§Ã£o em Segundo Plano
2025-12-06 15:02:55.963 26943-26943 PermissionGateScreen    com.cdccreditsmart.app               I  ========================================
2025-12-06 15:02:55.963 26943-26943 PermissionGateScreen    com.cdccreditsmart.app               I  ðŸšª PERMISSION GATE SCREEN INICIADO
2025-12-06 15:02:55.963 26943-26943 PermissionGateScreen    com.cdccreditsmart.app               I  ========================================
2025-12-06 15:02:55.963 26943-26943 PermissionGateScreen    com.cdccreditsmart.app               I  NÃ­vel de privilÃ©gio: BASIC
2025-12-06 15:02:55.963 26943-26943 PermissionGateScreen    com.cdccreditsmart.app               I  PermissÃµes concedidas: 4
2025-12-06 15:02:55.963 26943-26943 PermissionGateScreen    com.cdccreditsmart.app               I  PermissÃµes faltando: 1
2025-12-06 15:02:55.963 26943-26943 PermissionGateScreen    com.cdccreditsmart.app               W    âŒ Administrador do Dispositivo
2025-12-06 15:02:55.963 26943-26943 PermissionGateScreen    com.cdccreditsmart.app               I    âœ… PermissÃµes BÃ¡sicas
2025-12-06 15:02:55.963 26943-26943 PermissionGateScreen    com.cdccreditsmart.app               I    âœ… Monitoramento de Apps
2025-12-06 15:02:55.963 26943-26943 PermissionGateScreen    com.cdccreditsmart.app               I    âœ… Mostrar Alertas
2025-12-06 15:02:55.963 26943-26943 PermissionGateScreen    com.cdccreditsmart.app               I    âœ… ExecuÃ§Ã£o em Segundo Plano
2025-12-06 15:02:55.963 26943-26943 PermissionGateScreen    com.cdccreditsmart.app               I  ========================================
2025-12-06 15:02:55.963 26943-26943 PermissionGateScreen    com.cdccreditsmart.app               D  â° Iniciando verificaÃ§Ã£o periÃ³dica de permissÃµes...
2025-12-06 15:02:55.993 26943-26943 InsetsController        com.cdccreditsmart.app               I  Insets animation onAnimationStart mShow:false, mDurationMs:340, types:statusBars
2025-12-06 15:02:56.346 26943-26943 InsetsController        com.cdccreditsmart.app               I  Insets animation onAnimationEnd
2025-12-06 15:02:56.457 26943-29387 SettingsGuardService    com.cdccreditsmart.app               D  ðŸ“‹ Activity check - Full: com.cdccreditsmart.app.presentation.MainActivity, Simple: MainActivity
2025-12-06 15:02:56.490 26943-26943 TextSelection           com.cdccreditsmart.app               D  onUseCache cache=false
2025-12-06 15:02:57.063 26943-29387 SettingsGuardService    com.cdccreditsmart.app               D  ðŸ“‹ Activity check - Full: com.android.launcher3.uioverrides.QuickstepLauncher, Simple: QuickstepLauncher
2025-12-06 15:02:57.241 26943-26943 VRI[MainActivity]       com.cdccreditsmart.app               D  visibilityChanged oldVisibility=true newVisibility=false
2025-12-06 15:02:57.278 26943-26943 BLASTBufferQueue        com.cdccreditsmart.app               D  [VRI[MainActivity]#8](f:0,a:1) destructor()
2025-12-06 15:02:57.279 26943-26943 BufferQueueConsumer     com.cdccreditsmart.app               D  [VRI[MainActivity]#8(BLAST Consumer)8](id:693f00000008,api:0,p:-1,c:26943) disconnect
2025-12-06 15:02:57.668 26943-29387 SettingsGuardService    com.cdccreditsmart.app               D  ðŸ“‹ Activity check - Full: com.android.settings.applications.specialaccess.deviceadmin.DeviceAdminAdd, Simple: DeviceAdminAdd
2025-12-06 15:02:57.674 26943-29387 SettingsGuardService    com.cdccreditsmart.app               W  ðŸŽ¯ ATIVIDADE PERIGOSA DETECTADA!
2025-12-06 15:02:57.674 26943-29387 SettingsGuardService    com.cdccreditsmart.app               W     Pacote: com.android.settings
2025-12-06 15:02:57.674 26943-29387 SettingsGuardService    com.cdccreditsmart.app               W     Activity completa: com.android.settings.applications.specialaccess.deviceadmin.DeviceAdminAdd
2025-12-06 15:02:57.674 26943-29387 SettingsGuardService    com.cdccreditsmart.app               W     Activity simplificada: DeviceAdminAdd
2025-12-06 15:02:57.674 26943-29387 SettingsGuardService    com.cdccreditsmart.app               W     Match: DeviceAdminAdd
2025-12-06 15:02:57.674 26943-29387 SettingsGuardService    com.cdccreditsmart.app               W  ðŸš¨ ÃREA PERIGOSA DETECTADA!
2025-12-06 15:02:57.674 26943-29387 SettingsGuardService    com.cdccreditsmart.app               W     Pacote: com.android.settings
2025-12-06 15:02:57.675 26943-29387 SettingsGuardService    com.cdccreditsmart.app               W     Atividade: com.android.settings.applications.specialaccess.deviceadmin.DeviceAdminAdd
2025-12-06 15:02:57.675 26943-29387 SettingsGuardService    com.cdccreditsmart.app               W     Chamando app para foreground...
2025-12-06 15:02:57.704 26943-26943 SettingsGuardService    com.cdccreditsmart.app               D  ðŸ  Enviado para Home primeiro (fecha Settings)
2025-12-06 15:02:57.875 26943-26943 SettingsGuardService    com.cdccreditsmart.app               I  âœ… App trazido para foreground
2025-12-06 15:02:57.875 26943-26943 ActivityThread          com.cdccreditsmart.app               D  mToDestroying.remove:ActivityRecord{f55c066 token=android.os.BinderProxy@4eafd91 {com.cdccreditsmart.app/com.cdccreditsmart.app.presentation.MainActivity}}
2025-12-06 15:02:57.892 26943-26943 SettingsGuardService    com.cdccreditsmart.app               I  â–¶ï¸ Guard RETOMADO apÃ³s fluxo de permissÃµes
2025-12-06 15:02:57.911 26943-26943 MainActivity            com.cdccreditsmart.app               D  ðŸ“ BroadcastReceiver de localizaÃ§Ã£o desregistrado
2025-12-06 15:02:57.911 26943-26943 WindowOnBackDispatcher  com.cdccreditsmart.app               W  sendCancelIfRunning: isInProgress=false callback=android.app.Activity$$ExternalSyntheticLambda0@7b42265
2025-12-06 15:02:57.918 26943-26943 View                    com.cdccreditsmart.app               D  [Warning] assignParent to null: this = DecorView@a750a2e[MainActivity]
2025-12-06 15:02:57.934 26943-31663 libMEOW                 com.cdccreditsmart.app               D  meow new tls: 0xb400007672c531c0
2025-12-06 15:02:57.934 26943-31663 libMEOW                 com.cdccreditsmart.app               D  applied 1 plugins for [com.cdccreditsmart.app]:
2025-12-06 15:02:57.934 26943-31663 libMEOW                 com.cdccreditsmart.app               D    plugin 1: [libMEOW_gift.so]: 0xb400007592aab840
2025-12-06 15:02:57.934 26943-31663 libMEOW                 com.cdccreditsmart.app               D  rebuild call chain: 0xb400007672ce3250
2025-12-06 15:02:57.934 26943-31663 libMEOW                 com.cdccreditsmart.app               D  meow delete tls: 0xb400007672c531c0
2025-12-06 15:02:57.947 26943-26943 ActivityThread          com.cdccreditsmart.app               D  ++ activityComponent:com.cdccreditsmart.app/com.cdccreditsmart.app.presentation.MainActivity counts:1 ALEAK_CLEAR_SUPPORT:true
2025-12-06 15:02:57.962 26943-26943 MainActivity            com.cdccreditsmart.app               D  ðŸ“ BroadcastReceiver de localizaÃ§Ã£o registrado
2025-12-06 15:02:57.963 26943-26943 MainActivity            com.cdccreditsmart.app               I  ========================================
2025-12-06 15:02:57.963 26943-26943 MainActivity            com.cdccreditsmart.app               I  ðŸ“± SOLICITANDO PERMISSÃ•ES (NÃƒO DEVICE OWNER)
2025-12-06 15:02:57.963 26943-26943 MainActivity            com.cdccreditsmart.app               I  ========================================
2025-12-06 15:02:57.964 26943-26943 MainActivity            com.cdccreditsmart.app               I  âœ… Todas as runtime permissions jÃ¡ foram concedidas!
2025-12-06 15:02:57.964 26943-26943 SpecialPermissionReq    com.cdccreditsmart.app               I  ========================================
2025-12-06 15:02:57.964 26943-26943 SpecialPermissionReq    com.cdccreditsmart.app               I  ðŸ“Š STATUS DAS PERMISSÃ•ES ESPECIAIS
2025-12-06 15:02:57.964 26943-26943 SpecialPermissionReq    com.cdccreditsmart.app               I  ========================================
2025-12-06 15:02:57.964 26943-29387 PersistentStateManager  com.cdccreditsmart.app               D  Nenhum estado local encontrado
2025-12-06 15:02:57.964 26943-29387 PersistentStateManager  com.cdccreditsmart.app               D  ðŸ†• Sem estado local - device novo ou pÃ³s factory reset
2025-12-06 15:02:57.964 26943-29387 MainActivity            com.cdccreditsmart.app               I  ðŸ†• Device nunca foi provisionado
2025-12-06 15:02:57.964 26943-26943 SpecialPermissionReq    com.cdccreditsmart.app               I    USAGE_STATS: âœ… CONCEDIDA
2025-12-06 15:02:57.964 26943-26943 SpecialPermissionReq    com.cdccreditsmart.app               I    OVERLAY: âœ… CONCEDIDA
2025-12-06 15:02:57.965 26943-26943 SpecialPermissionReq    com.cdccreditsmart.app               I  
2025-12-06 15:02:57.965 26943-26943 SpecialPermissionReq    com.cdccreditsmart.app               I  âœ… Todas as permissÃµes especiais concedidas!
2025-12-06 15:02:57.965 26943-26943 SpecialPermissionReq    com.cdccreditsmart.app               I     ProteÃ§Ã£o anti-desinstalaÃ§Ã£o ativa.
2025-12-06 15:02:57.965 26943-26943 SpecialPermissionReq    com.cdccreditsmart.app               I  ========================================
2025-12-06 15:02:57.967 26943-26943 MainActivity            com.cdccreditsmart.app               I  âœ… Todas as permissÃµes especiais jÃ¡ foram concedidas!
2025-12-06 15:02:57.975 26943-26943 ActivityThread          com.cdccreditsmart.app               D  handleResumeActivity#3 r.window=nulla.mFinished = falsewillBeVisible = true
2025-12-06 15:02:57.976 26943-26943 ActivityThread          com.cdccreditsmart.app               D  handleResumeActivity#4 addView a.mVisibleFromClient=truea.mWindowAdded=falsedecor=DecorView@9127b23[]
2025-12-06 15:02:57.976 26943-26943 ActivityThread          com.cdccreditsmart.app               D  handleResumeActivity#5 addView decor=DecorView@9127b23[]
2025-12-06 15:02:57.980 26943-26943 VRI[MainActivity]       com.cdccreditsmart.app               D  hardware acceleration = true, forceHwAccelerated = false
2025-12-06 15:02:57.981 26943-26943 ViewRootImpl            com.cdccreditsmart.app               D  setView appearance:24 com.cdccreditsmart.app/com.cdccreditsmart.app.presentation.MainActivity
2025-12-06 15:02:57.985 26943-26943 InputEventReceiver      com.cdccreditsmart.app               D  Input log is disabled in InputEventReceiver.
2025-12-06 15:02:58.109 26943-29387 SettingsGuardService    com.cdccreditsmart.app               D  ðŸ“‹ Activity check - Full: com.cdccreditsmart.app.presentation.MainActivity, Simple: MainActivity
2025-12-06 15:02:58.111 26943-29387 SettingsGuardService    com.cdccreditsmart.app               I  âœ… App CDC em foreground - resetando contador
2025-12-06 15:02:58.152 26943-26943 BufferQueueConsumer     com.cdccreditsmart.app               D  [](id:693f00000009,api:0,p:-1,c:26943) connect: controlledByApp=false
2025-12-06 15:02:58.153 26943-26943 BLASTBufferQueue        com.cdccreditsmart.app               D  [VRI[MainActivity]#9](f:0,a:0) constructor()
2025-12-06 15:02:58.153 26943-26943 BLASTBufferQueue        com.cdccreditsmart.app               D  [VRI[MainActivity]#9](f:0,a:0) update width=1080 height=2436 format=-3 mTransformHint=0
2025-12-06 15:02:58.203 26943-29345 BLASTBufferQueue        com.cdccreditsmart.app               D  [VRI[MainActivity]#9](f:0,a:1) acquireNextBufferLocked size=1080x2436 mFrameNumber=1 applyTransaction=true mTimestamp=119461251982581(auto) mPendingTransactions.size=0 graphicBufferId=115719303856187 transform=0
2025-12-06 15:02:58.204 26943-26943 Choreographer           com.cdccreditsmart.app               W  Already have a pending vsync event.  There should only be one at a time.
2025-12-06 15:02:58.208 26943-26943 PermissionGateScreen    com.cdccreditsmart.app               I  ðŸ” VERIFICAÃ‡ÃƒO INICIAL DE PERMISSÃ•ES:
2025-12-06 15:02:58.208 26943-26943 PermissionGateScreen    com.cdccreditsmart.app               I     NÃ­vel: BASIC
2025-12-06 15:02:58.208 26943-26943 PermissionGateScreen    com.cdccreditsmart.app               I     Todas concedidas: false
2025-12-06 15:02:58.209 26943-26943 PermissionGateScreen    com.cdccreditsmart.app               I     Bateria isenta: true
2025-12-06 15:02:58.209 26943-26943 PermissionGateScreen    com.cdccreditsmart.app               W     âŒ FALTA: Administrador do Dispositivo
2025-12-06 15:02:58.209 26943-26943 PermissionGateScreen    com.cdccreditsmart.app               I     âœ… OK: PermissÃµes BÃ¡sicas
2025-12-06 15:02:58.209 26943-26943 PermissionGateScreen    com.cdccreditsmart.app               I     âœ… OK: Monitoramento de Apps
2025-12-06 15:02:58.209 26943-26943 PermissionGateScreen    com.cdccreditsmart.app               I     âœ… OK: Mostrar Alertas
2025-12-06 15:02:58.209 26943-26943 PermissionGateScreen    com.cdccreditsmart.app               I     âœ… OK: ExecuÃ§Ã£o em Segundo Plano
2025-12-06 15:02:58.209 26943-26943 PermissionGateScreen    com.cdccreditsmart.app               I  ========================================
2025-12-06 15:02:58.209 26943-26943 PermissionGateScreen    com.cdccreditsmart.app               I  ðŸšª PERMISSION GATE SCREEN INICIADO
2025-12-06 15:02:58.209 26943-26943 PermissionGateScreen    com.cdccreditsmart.app               I  ========================================
2025-12-06 15:02:58.209 26943-26943 PermissionGateScreen    com.cdccreditsmart.app               I  NÃ­vel de privilÃ©gio: BASIC
2025-12-06 15:02:58.209 26943-26943 PermissionGateScreen    com.cdccreditsmart.app               I  PermissÃµes concedidas: 4
2025-12-06 15:02:58.209 26943-26943 PermissionGateScreen    com.cdccreditsmart.app               I  PermissÃµes faltando: 1
2025-12-06 15:02:58.209 26943-26943 PermissionGateScreen    com.cdccreditsmart.app               W    âŒ Administrador do Dispositivo
2025-12-06 15:02:58.209 26943-26943 PermissionGateScreen    com.cdccreditsmart.app               I    âœ… PermissÃµes BÃ¡sicas
2025-12-06 15:02:58.209 26943-26943 PermissionGateScreen    com.cdccreditsmart.app               I    âœ… Monitoramento de Apps
2025-12-06 15:02:58.209 26943-26943 PermissionGateScreen    com.cdccreditsmart.app               I    âœ… Mostrar Alertas
2025-12-06 15:02:58.209 26943-26943 PermissionGateScreen    com.cdccreditsmart.app               I    âœ… ExecuÃ§Ã£o em Segundo Plano
2025-12-06 15:02:58.209 26943-26943 PermissionGateScreen    com.cdccreditsmart.app               I  ========================================
2025-12-06 15:02:58.209 26943-26943 PermissionGateScreen    com.cdccreditsmart.app               D  â° Iniciando verificaÃ§Ã£o periÃ³dica de permissÃµes...
2025-12-06 15:02:58.234 26943-26943 InsetsController        com.cdccreditsmart.app               I  Insets animation onAnimationStart mShow:false, mDurationMs:340, types:statusBars
2025-12-06 15:02:58.592 26943-26943 InsetsController        com.cdccreditsmart.app               I  Insets animation onAnimationEnd
2025-12-06 15:02:58.688 26943-26943 TextSelection           com.cdccreditsmart.app               D  onUseCache cache=false
2025-12-06 15:02:58.719 26943-29387 SettingsGuardService    com.cdccreditsmart.app               D  ðŸ“‹ Activity check - Full: com.android.launcher3.uioverrides.QuickstepLauncher, Simple: QuickstepLauncher
2025-12-06 15:02:58.797 26943-29554 ScrollPolicy            com.cdccreditsmart.app               I  BOOST_SCENE_4; duration: 0
2025-12-06 15:02:58.807 26943-29554 PowerHalMgrImpl         com.cdccreditsmart.app               I  hdl:73830, pid:26943 
2025-12-06 15:02:59.325 26943-29387 SettingsGuardService    com.cdccreditsmart.app               D  ðŸ“‹ Activity check - Full: com.android.launcher3.uioverrides.QuickstepLauncher, Simple: QuickstepLauncher
2025-12-06 15:02:59.496 26943-26943 VRI[MainActivity]       com.cdccreditsmart.app               D  visibilityChanged oldVisibility=true newVisibility=false
2025-12-06 15:02:59.535 26943-26943 BLASTBufferQueue        com.cdccreditsmart.app               D  [VRI[MainActivity]#9](f:0,a:1) destructor()
2025-12-06 15:02:59.535 26943-26943 BufferQueueConsumer     com.cdccreditsmart.app               D  [VRI[MainActivity]#9(BLAST Consumer)9](id:693f00000009,api:0,p:-1,c:26943) disconnect
2025-12-06 15:02:59.930 26943-29387 SettingsGuardService    com.cdccreditsmart.app               D  ðŸ“‹ Activity check - Full: com.android.launcher3.uioverrides.QuickstepLauncher, Simple: QuickstepLauncher
2025-12-06 15:03:00.443 26943-26943 CDC_PROVISIONING_DEBUG  com.cdccreditsmart.app               I  [2025-12-06 15:03:00.437] [PID:26943] [TID:2|main] ðŸ PROVISIONING STARTED: Timer started for hang detection
2025-12-06 15:03:00.446 26943-26943 CDC_PROVISIONING_DEBUG  com.cdccreditsmart.app               I  [2025-12-06 15:03:00.446] [PID:26943] [TID:2|main] ðŸ“ˆ CALLBACK PROGRESS: 1/3 completed
2025-12-06 15:03:00.446 26943-26943 CDC_PROVISIONING_DEBUG  com.cdccreditsmart.app               I  [2025-12-06 15:03:00.446] [PID:26943] [TID:2|main] ðŸ“ˆ Completed: onEnabled
2025-12-06 15:03:00.449 26943-26943 CDC_PROVISIONING_DEBUG  com.cdccreditsmart.app               I  [2025-12-06 15:03:00.448] [PID:26943] [TID:2|main] â³ Remaining: onProfileProvisioningComplete, onReadyForUserInitialization
2025-12-06 15:03:00.449 26943-26943 CDCDeviceAdminReceiver  com.cdccreditsmart.app               I  [2025-12-06 15:03:00.449] [PID:26943] [TID:2|main] ðŸ”‘ ==================== DEVICE ADMIN ENABLED ====================
2025-12-06 15:03:00.451 26943-26943 CDCDeviceAdminReceiver  com.cdccreditsmart.app               I  [2025-12-06 15:03:00.450] [PID:26943] [TID:2|main] âœ… Device Admin enabled successfully - CRITICAL CALLBACK FOR WORK PROFILE PREPARATION
2025-12-06 15:03:00.452 26943-26943 CDCDeviceAdminReceiver  com.cdccreditsmart.app               I  [2025-12-06 15:03:00.451] [PID:26943] [TID:2|main] â° Raw timestamp: 1765044180451
2025-12-06 15:03:00.452 26943-26943 CDCDeviceAdminReceiver  com.cdccreditsmart.app               I  [2025-12-06 15:03:00.452] [PID:26943] [TID:2|main] ðŸ” Starting comprehensive admin enablement verification...
2025-12-06 15:03:00.455 26943-26943 CDCDeviceAdminReceiver  com.cdccreditsmart.app               I  [2025-12-06 15:03:00.454] [PID:26943] [TID:2|main] ðŸ“‹ Admin component: ComponentInfo{com.cdccreditsmart.app/com.cdccreditsmart.device.CDCDeviceAdminReceiver}
2025-12-06 15:03:00.456 26943-26943 CDCDeviceAdminReceiver  com.cdccreditsmart.app               I  [2025-12-06 15:03:00.456] [PID:26943] [TID:2|main] ðŸ“± Package name: com.cdccreditsmart.app
2025-12-06 15:03:00.456 26943-26943 CDCDeviceAdminReceiver  com.cdccreditsmart.app               I  [2025-12-06 15:03:00.456] [PID:26943] [TID:2|main] ðŸ‘¤ Current user: UserHandle{0}
2025-12-06 15:03:00.456 26943-26943 CDCDeviceAdminReceiver  com.cdccreditsmart.app               I  [2025-12-06 15:03:00.456] [PID:26943] [TID:2|main] ðŸŽ¯ Current user handle: UserHandle{0}
2025-12-06 15:03:00.459 26943-26943 CDCDeviceAdminReceiver  com.cdccreditsmart.app               I  [2025-12-06 15:03:00.459] [PID:26943] [TID:2|main] ðŸ”’ Device administration status:
2025-12-06 15:03:00.461 26943-26943 CDCDeviceAdminReceiver  com.cdccreditsmart.app               I  [2025-12-06 15:03:00.460] [PID:26943] [TID:2|main]    ðŸ”‘ Admin active: true
2025-12-06 15:03:00.464 26943-26943 CDCDeviceAdminReceiver  com.cdccreditsmart.app               I  [2025-12-06 15:03:00.461] [PID:26943] [TID:2|main]    ðŸ­ Device owner: false
2025-12-06 15:03:00.464 26943-26943 CDCDeviceAdminReceiver  com.cdccreditsmart.app               I  [2025-12-06 15:03:00.464] [PID:26943] [TID:2|main]    ðŸ“‹ Profile owner: false
2025-12-06 15:03:00.468 26943-26943 CDCDeviceAdminReceiver  com.cdccreditsmart.app               I  [2025-12-06 15:03:00.468] [PID:26943] [TID:2|main] ðŸ¢ Work Profile status (CRITICAL FOR PREPARATION):
2025-12-06 15:03:00.469 26943-26943 CDCDeviceAdminReceiver  com.cdccreditsmart.app               I  [2025-12-06 15:03:00.468] [PID:26943] [TID:2|main]    ðŸ¢ Is managed profile: false
2025-12-06 15:03:00.469 26943-26943 CDCDeviceAdminReceiver  com.cdccreditsmart.app               I  [2025-12-06 15:03:00.469] [PID:26943] [TID:2|main]    ðŸ”§ Is system user: true
2025-12-06 15:03:00.470 26943-26943 CDCDeviceAdminReceiver  com.cdccreditsmart.app               I  [2025-12-06 15:03:00.469] [PID:26943] [TID:2|main]    ðŸ”“ Is user unlocked: true
2025-12-06 15:03:00.473 26943-26943 CDCDeviceAdminReceiver  com.cdccreditsmart.app               I  [2025-12-06 15:03:00.473] [PID:26943] [TID:2|main]    ðŸ“± Device provisioned: true
2025-12-06 15:03:00.479 26943-26943 CDCDeviceAdminReceiver  com.cdccreditsmart.app               I  [2025-12-06 15:03:00.475] [PID:26943] [TID:2|main]    ðŸ‘¤ User setup complete: true
2025-12-06 15:03:00.479 26943-26943 CDCDeviceAdminReceiver  com.cdccreditsmart.app               I  [2025-12-06 15:03:00.479] [PID:26943] [TID:2|main] ðŸ” DEVICE CAPABILITIES ANALYSIS (Critical for work profile):
2025-12-06 15:03:00.481 26943-26943 CDCDeviceAdminReceiver  com.cdccreditsmart.app               W  [2025-12-06 15:03:00.481] [PID:26943] [TID:2|main]    ðŸ“· Could not check camera permission state
2025-12-06 15:03:00.489 26943-26943 CDCDeviceAdminReceiver  com.cdccreditsmart.app               W  Exception details: (Ask Gemini)
                                                                                                    java.lang.SecurityException: Calling identity is not authorized
                                                                                                    	at android.os.Parcel.createExceptionOrNull(Parcel.java:3252)
                                                                                                    	at android.os.Parcel.createException(Parcel.java:3236)
                                                                                                    	at android.os.Parcel.readException(Parcel.java:3219)
                                                                                                    	at android.os.Parcel.readException(Parcel.java:3161)
                                                                                                    	at android.app.admin.IDevicePolicyManager$Stub$Proxy.getPermissionGrantState(IDevicePolicyManager.java:10808)
                                                                                                    	at android.app.admin.DevicePolicyManager.getPermissionGrantState(DevicePolicyManager.java:13917)
                                                                                                    	at com.cdccreditsmart.device.CDCDeviceAdminReceiver.logDeviceCapabilities(CDCDeviceAdminReceiver.kt:821)
                                                                                                    	at com.cdccreditsmart.device.CDCDeviceAdminReceiver.onEnabled(CDCDeviceAdminReceiver.kt:383)
                                                                                                    	at android.app.admin.DeviceAdminReceiver.onReceive(DeviceAdminReceiver.java:1195)
                                                                                                    	at android.app.ActivityThread.handleReceiver(ActivityThread.java:5045)
                                                                                                    	at android.app.ActivityThread.-$$Nest$mhandleReceiver(Unknown Source:0)
                                                                                                    	at android.app.ActivityThread$H.handleMessage(ActivityThread.java:2586)
                                                                                                    	at android.os.Handler.dispatchMessage(Handler.java:107)
                                                                                                    	at android.os.Looper.loopOnce(Looper.java:311)
                                                                                                    	at android.os.Looper.loop(Looper.java:408)
                                                                                                    	at android.app.ActivityThread.main(ActivityThread.java:9119)
                                                                                                    	at java.lang.reflect.Method.invoke(Native Method)
                                                                                                    	at com.android.internal.os.RuntimeInit$MethodAndArgsCaller.run(RuntimeInit.java:627)
                                                                                                    	at com.android.internal.os.ZygoteInit.main(ZygoteInit.java:970)
                                                                                                    Caused by: android.os.RemoteException: Remote stack trace:
                                                                                                    	at com.android.internal.util.Preconditions.checkCallAuthorization(Preconditions.java:254)
                                                                                                    	at com.android.server.devicepolicy.DevicePolicyManagerService.getPermissionGrantState(DevicePolicyManagerService.java:17032)
                                                                                                    	at android.app.admin.IDevicePolicyManager$Stub.onTransact$getPermissionGrantState$(IDevicePolicyManager.java:15329)
                                                                                                    	at android.app.admin.IDevicePolicyManager$Stub.onTransact(IDevicePolicyManager.java:4965)
                                                                                                    	at android.os.Binder.execTransactInternal(Binder.java:1529)
2025-12-06 15:03:00.499 26943-26943 CDCDeviceAdminReceiver  com.cdccreditsmart.app               W  [2025-12-06 15:03:00.497] [PID:26943] [TID:2|main]    ðŸ”’ Could not check lock task packages
2025-12-06 15:03:00.500 26943-26943 CDCDeviceAdminReceiver  com.cdccreditsmart.app               W  Exception details: (Ask Gemini)
                                                                                                    java.lang.SecurityException: Caller does not have the required permissions for this user. Permission required: android.permission.MANAGE_DEVICE_POLICY_LOCK_TASK.
                                                                                                    	at android.os.Parcel.createExceptionOrNull(Parcel.java:3252)
                                                                                                    	at android.os.Parcel.createException(Parcel.java:3236)
                                                                                                    	at android.os.Parcel.readException(Parcel.java:3219)
                                                                                                    	at android.os.Parcel.readException(Parcel.java:3161)
                                                                                                    	at android.app.admin.IDevicePolicyManager$Stub$Proxy.getLockTaskPackages(IDevicePolicyManager.java:9709)
                                                                                                    	at android.app.admin.DevicePolicyManager.getLockTaskPackages(DevicePolicyManager.java:12700)
                                                                                                    	at com.cdccreditsmart.device.CDCDeviceAdminReceiver.logDeviceCapabilities(CDCDeviceAdminReceiver.kt:834)
                                                                                                    	at com.cdccreditsmart.device.CDCDeviceAdminReceiver.onEnabled(CDCDeviceAdminReceiver.kt:383)
                                                                                                    	at android.app.admin.DeviceAdminReceiver.onReceive(DeviceAdminReceiver.java:1195)
                                                                                                    	at android.app.ActivityThread.handleReceiver(ActivityThread.java:5045)
                                                                                                    	at android.app.ActivityThread.-$$Nest$mhandleReceiver(Unknown Source:0)
                                                                                                    	at android.app.ActivityThread$H.handleMessage(ActivityThread.java:2586)
                                                                                                    	at android.os.Handler.dispatchMessage(Handler.java:107)
                                                                                                    	at android.os.Looper.loopOnce(Looper.java:311)
                                                                                                    	at android.os.Looper.loop(Looper.java:408)
                                                                                                    	at android.app.ActivityThread.main(ActivityThread.java:9119)
                                                                                                    	at java.lang.reflect.Method.invoke(Native Method)
                                                                                                    	at com.android.internal.os.RuntimeInit$MethodAndArgsCaller.run(RuntimeInit.java:627)
                                                                                                    	at com.android.internal.os.ZygoteInit.main(ZygoteInit.java:970)
2025-12-06 15:03:00.502 26943-26943 CDCDeviceAdminReceiver  com.cdccreditsmart.app               I  [2025-12-06 15:03:00.501] [PID:26943] [TID:2|main]    ðŸ’¾ Storage encryption status: false
2025-12-06 15:03:00.503 26943-26943 CDCDeviceAdminReceiver  com.cdccreditsmart.app               I  [2025-12-06 15:03:00.502] [PID:26943] [TID:2|main] âœ… Device capabilities analysis completed
2025-12-06 15:03:00.504 26943-26943 CDC_PROVISIONING_DEBUG  com.cdccreditsmart.app               I  [2025-12-06 15:03:00.503] [PID:26943] [TID:2|main] ðŸ“‹ CALLBACK SEQUENCE (1 callbacks):
2025-12-06 15:03:00.504 26943-26943 CDC_PROVISIONING_DEBUG  com.cdccreditsmart.app               I  [2025-12-06 15:03:00.504] [PID:26943] [TID:2|main]    1. 2025-12-06 15:03:00.435 - onEnabled
2025-12-06 15:03:00.506 26943-26943 CDC_PROVISIONING_DEBUG  com.cdccreditsmart.app               I  [2025-12-06 15:03:00.504] [PID:26943] [TID:2|main] ðŸ” HANG DETECTION CHECK:
2025-12-06 15:03:00.507 26943-26943 CDC_PROVISIONING_DEBUG  com.cdccreditsmart.app               I  [2025-12-06 15:03:00.506] [PID:26943] [TID:2|main]    â±ï¸ Time since provisioning start: 69ms
2025-12-06 15:03:00.507 26943-26943 CDC_PROVISIONING_DEBUG  com.cdccreditsmart.app               I  [2025-12-06 15:03:00.507] [PID:26943] [TID:2|main]    â±ï¸ Time since last callback: 69ms
2025-12-06 15:03:00.509 26943-26943 CDCDeviceAdminReceiver  com.cdccreditsmart.app               I  [2025-12-06 15:03:00.507] [PID:26943] [TID:2|main] âœ… Admin enablement verification completed successfully
2025-12-06 15:03:00.510 26943-26943 CDCDeviceAdminReceiver  com.cdccreditsmart.app               I  [2025-12-06 15:03:00.510] [PID:26943] [TID:2|main] ðŸ onEnabled callback completed - work profile preparation should continue
2025-12-06 15:03:00.510 26943-26943 CDCDeviceAdminReceiver  com.cdccreditsmart.app               I  [2025-12-06 15:03:00.510] [PID:26943] [TID:2|main] ðŸ”‘ =================================================================
2025-12-06 15:03:00.538 26943-29387 SettingsGuardService    com.cdccreditsmart.app               D  ðŸ“‹ Activity check - Full: com.android.settings.SubSettings, Simple: SubSettings
2025-12-06 15:03:00.540 26943-29387 SettingsGuardService    com.cdccreditsmart.app               D  ðŸ“‹ SubSettings detectado (navegaÃ§Ã£o permitida)
2025-12-06 15:03:00.540 26943-29387 SettingsGuardService    com.cdccreditsmart.app               D     Pacote: com.android.settings
2025-12-06 15:03:00.540 26943-29387 SettingsGuardService    com.cdccreditsmart.app               D     NOTA: NÃ£o veio de caminho perigoso
2025-12-06 15:03:00.540 26943-29387 SettingsGuardService    com.cdccreditsmart.app               D  ðŸ“‹ Activity em Settings (permitida): com.android.settings.SubSettings
2025-12-06 15:03:00.540 26943-29387 SettingsGuardService    com.cdccreditsmart.app               D     Pacote: com.android.settings
2025-12-06 15:03:00.787 26943-31498 FA                      com.cdccreditsmart.app               I  Application backgrounded at: timestamp_millis: 1765044178785
2025-12-06 15:03:01.143 26943-29387 SettingsGuardService    com.cdccreditsmart.app               D  ðŸ“‹ Activity check - Full: com.android.settings.SubSettings, Simple: SubSettings
2025-12-06 15:03:01.150 26943-29387 SettingsGuardService    com.cdccreditsmart.app               D  ðŸ“‹ SubSettings detectado (navegaÃ§Ã£o permitida)
2025-12-06 15:03:01.150 26943-29387 SettingsGuardService    com.cdccreditsmart.app               D     Pacote: com.android.settings
2025-12-06 15:03:01.150 26943-29387 SettingsGuardService    com.cdccreditsmart.app               D     NOTA: NÃ£o veio de caminho perigoso
2025-12-06 15:03:01.150 26943-29387 SettingsGuardService    com.cdccreditsmart.app               D  ðŸ“‹ Activity em Settings (permitida): com.android.settings.SubSettings
2025-12-06 15:03:01.150 26943-29387 SettingsGuardService    com.cdccreditsmart.app               D     Pacote: com.android.settings
2025-12-06 15:03:01.226 26943-26943 PermissionGateScreen    com.cdccreditsmart.app               I  âœ… TODAS AS PERMISSÃ•ES CONCEDIDAS! Prosseguindo para o app...
2025-12-06 15:03:01.226 26943-26943 SettingsGuardService    com.cdccreditsmart.app               I  â–¶ï¸ Guard RETOMADO apÃ³s fluxo de permissÃµes
2025-12-06 15:03:01.754 26943-29387 SettingsGuardService    com.cdccreditsmart.app               D  ðŸ“‹ Activity check - Full: com.android.settings.SubSettings, Simple: SubSettings
2025-12-06 15:03:01.756 26943-26943 DeviceOwnerCheckVM      com.cdccreditsmart.app               I  ========================================
2025-12-06 15:03:01.757 26943-26943 DeviceOwnerCheckVM      com.cdccreditsmart.app               I  ðŸ” Verificando status de Device Owner...
2025-12-06 15:03:01.761 26943-29387 SettingsGuardService    com.cdccreditsmart.app               D  ðŸ“‹ SubSettings detectado (navegaÃ§Ã£o permitida)
2025-12-06 15:03:01.761 26943-29387 SettingsGuardService    com.cdccreditsmart.app               D     Pacote: com.android.settings
2025-12-06 15:03:01.761 26943-29387 SettingsGuardService    com.cdccreditsmart.app               D     NOTA: NÃ£o veio de caminho perigoso
2025-12-06 15:03:01.761 26943-29387 SettingsGuardService    com.cdccreditsmart.app               D  ðŸ“‹ Activity em Settings (permitida): com.android.settings.SubSettings
2025-12-06 15:03:01.761 26943-29387 SettingsGuardService    com.cdccreditsmart.app               D     Pacote: com.android.settings
2025-12-06 15:03:02.258 26943-26943 DeviceUtils             com.cdccreditsmart.app               D  Device Owner check: false
2025-12-06 15:03:02.258 26943-26943 DeviceUtils             com.cdccreditsmart.app               D  Samsung device: false (Manufacturer: INFINIX)
2025-12-06 15:03:02.258 26943-26943 DeviceOwnerCheckVM      com.cdccreditsmart.app               W  âš ï¸ MODO DEBUG: UsuÃ¡rio jÃ¡ pulou provisionamento anteriormente
2025-12-06 15:03:02.258 26943-26943 DeviceOwnerCheckVM      com.cdccreditsmart.app               W  âš ï¸ Permitindo acesso sem Device Owner (decisÃ£o memorizada)
2025-12-06 15:03:02.258 26943-26943 DeviceOwnerCheckVM      com.cdccreditsmart.app               I  ========================================
2025-12-06 15:03:02.366 26943-29387 SettingsGuardService    com.cdccreditsmart.app               D  ðŸ“‹ Activity check - Full: com.android.settings.SubSettings, Simple: SubSettings
2025-12-06 15:03:02.372 26943-29387 SettingsGuardService    com.cdccreditsmart.app               D  ðŸ“‹ SubSettings detectado (navegaÃ§Ã£o permitida)
2025-12-06 15:03:02.373 26943-29387 SettingsGuardService    com.cdccreditsmart.app               D     Pacote: com.android.settings
2025-12-06 15:03:02.373 26943-29387 SettingsGuardService    com.cdccreditsmart.app               D     NOTA: NÃ£o veio de caminho perigoso
2025-12-06 15:03:02.374 26943-29387 SettingsGuardService    com.cdccreditsmart.app               D  ðŸ“‹ Activity em Settings (permitida): com.android.settings.SubSettings
2025-12-06 15:03:02.374 26943-29387 SettingsGuardService    com.cdccreditsmart.app               D     Pacote: com.android.settings
2025-12-06 15:03:02.505 26943-26943 RouterViewModel         com.cdccreditsmart.app               D  ðŸš€ Iniciando verificaÃ§Ã£o de autenticaÃ§Ã£o...
2025-12-06 15:03:02.506 26943-29387 AuthOrchestrator        com.cdccreditsmart.app               D  ðŸ” Verificando autenticaÃ§Ã£o...
2025-12-06 15:03:02.507 26943-29387 AuthOrchestrator        com.cdccreditsmart.app               D  ðŸŒ Conectividade: ONLINE
2025-12-06 15:03:02.507 26943-29387 AuthOrchestrator        com.cdccreditsmart.app               D  ðŸ”„ ========== AUTO-DISCOVERY INICIADO ==========
2025-12-06 15:03:02.512 26943-29387 DeviceUtils             com.cdccreditsmart.app               E  SecurityException reading IMEI - permission denied (Ask Gemini)
                                                                                                    java.lang.SecurityException: getImeiForSlot: The uid 10302 does not meet the requirements to access device identifiers.
                                                                                                    	at android.os.Parcel.createExceptionOrNull(Parcel.java:3252)
                                                                                                    	at android.os.Parcel.createException(Parcel.java:3236)
                                                                                                    	at android.os.Parcel.readException(Parcel.java:3219)
                                                                                                    	at android.os.Parcel.readException(Parcel.java:3161)
                                                                                                    	at com.android.internal.telephony.ITelephony$Stub$Proxy.getImeiForSlot(ITelephony.java:12102)
                                                                                                    	at android.telephony.TelephonyManager.getImei(TelephonyManager.java:2356)
                                                                                                    	at android.telephony.TelephonyManager.getImei(TelephonyManager.java:2307)
