2026-01-23 01:55:52.678 30877-2549  okhttp.OkHttpClient     com.cdccreditsmart.app               I  <-- 200 https://cdccreditsmart.com/api/apk/discover/860875074339718 (3544ms)
2026-01-23 01:55:52.679 30877-2549  okhttp.OkHttpClient     com.cdccreditsmart.app               I  access-control-allow-credentials: true
2026-01-23 01:55:52.679 30877-2549  okhttp.OkHttpClient     com.cdccreditsmart.app               I  access-control-allow-headers: Origin, X-Requested-With, Content-Type, Accept, Authorization, x-client-key, x-client-token, x-client-secret, cache-control
2026-01-23 01:55:52.679 30877-2549  okhttp.OkHttpClient     com.cdccreditsmart.app               I  access-control-allow-methods: GET, POST, PUT, PATCH, DELETE, OPTIONS
2026-01-23 01:55:52.679 30877-2549  okhttp.OkHttpClient     com.cdccreditsmart.app               I  access-control-allow-origin: *
2026-01-23 01:55:52.679 30877-2549  okhttp.OkHttpClient     com.cdccreditsmart.app               I  access-control-max-age: 86400
2026-01-23 01:55:52.679 30877-2549  okhttp.OkHttpClient     com.cdccreditsmart.app               I  content-length: 861
2026-01-23 01:55:52.680 30877-2549  okhttp.OkHttpClient     com.cdccreditsmart.app               I  content-security-policy: default-src 'self'; script-src 'self' 'unsafe-inline' 'unsafe-eval' https://replit.com; style-src 'self' 'unsafe-inline' https://replit.com; img-src 'self' data: https:; font-src 'self' data: https://replit.com; connect-src 'self';
2026-01-23 01:55:52.680 30877-2549  okhttp.OkHttpClient     com.cdccreditsmart.app               I  content-type: application/json; charset=utf-8
2026-01-23 01:55:52.680 30877-2549  okhttp.OkHttpClient     com.cdccreditsmart.app               I  date: Fri, 23 Jan 2026 04:55:51 GMT
2026-01-23 01:55:52.680 30877-2549  okhttp.OkHttpClient     com.cdccreditsmart.app               I  etag: W/"35d-b97SStFwt709LeUiPfzAwjB9qPI"
2026-01-23 01:55:52.680 30877-2549  okhttp.OkHttpClient     com.cdccreditsmart.app               I  permissions-policy: geolocation=(), microphone=(), camera=()
2026-01-23 01:55:52.680 30877-2549  okhttp.OkHttpClient     com.cdccreditsmart.app               I  referrer-policy: strict-origin-when-cross-origin
2026-01-23 01:55:52.680 30877-2549  okhttp.OkHttpClient     com.cdccreditsmart.app               I  strict-transport-security: max-age=63072000; includeSubDomains
2026-01-23 01:55:52.681 30877-2549  okhttp.OkHttpClient     com.cdccreditsmart.app               I  strict-transport-security: max-age=31536000; includeSubDomains
2026-01-23 01:55:52.681 30877-2549  okhttp.OkHttpClient     com.cdccreditsmart.app               I  x-anti-fraud-protection: active
2026-01-23 01:55:52.681 30877-2549  okhttp.OkHttpClient     com.cdccreditsmart.app               I  x-certificate-pinning-enabled: false
2026-01-23 01:55:52.681 30877-2549  okhttp.OkHttpClient     com.cdccreditsmart.app               I  x-certificate-pinning-status: disabled-for-stability
2026-01-23 01:55:52.681 30877-2549  okhttp.OkHttpClient     com.cdccreditsmart.app               I  x-content-type-options: nosniff
2026-01-23 01:55:52.681 30877-2549  okhttp.OkHttpClient     com.cdccreditsmart.app               I  x-financial-data-protection: enabled
2026-01-23 01:55:52.681 30877-2549  okhttp.OkHttpClient     com.cdccreditsmart.app               I  x-frame-options: DENY
2026-01-23 01:55:52.681 30877-2549  okhttp.OkHttpClient     com.cdccreditsmart.app               I  x-transaction-security-level: maximum
2026-01-23 01:55:52.681 30877-2549  okhttp.OkHttpClient     com.cdccreditsmart.app               I  x-xss-protection: 1; mode=block
2026-01-23 01:55:52.681 30877-2549  okhttp.OkHttpClient     com.cdccreditsmart.app               I  via: 1.1 google
2026-01-23 01:55:52.681 30877-2549  okhttp.OkHttpClient     com.cdccreditsmart.app               I  alt-svc: h3=":443"; ma=2592000,h3-29=":443"; ma=2592000
2026-01-23 01:55:52.683 30877-2549  okhttp.OkHttpClient     com.cdccreditsmart.app               I  {"success":true,"device":{"id":"device_1769137280282_l7srjesg25","name":"REALME Note 60x","serialNumber":"QJ3H4MKG","imei":"860875074339718","imeiList":["860875074339718"],"meid":null,"meidList":null,"simSlotCount":1,"model":"Note 60x","brand":"REALME","status":"active","isBlocked":false,"blockReason":null},"customer":{"id":"f854a5cf-8b7e-4a66-a55f-a9f41948eb34","name":"Marcos Antunes","cpf":"06452784323","phone":"85981888810"},"connection":{"matchType":"imei_exact","useImei":"860875074339718","useSerialNumber":"QJ3H4MKG","useDeviceId":"device_1769137280282_l7srjesg25"},"token":"eyJhbGciOiJIUzI1NiIsInR5cCI6IkpXVCJ9.eyJ0eXBlIjoiYXBrIiwiZGV2aWNlSWQiOiJkZXZpY2VfMTc2OTEzNzI4MDI4Ml9sN3NyamVzZzI1IiwiaW1laSI6Ijg2MDg3NTA3NDMzOTcxOCIsInNlcmlhbE51bWJlciI6IlFKM0g0TUtHIiwiaWF0IjoxNzY5MTQ0MTUxLCJleHAiOjE3NzY5MjAxNTF9.OFznrE5jG2wy5AXOmgBGgV0PNe1KFr_QYBzBSiWyY3c"}
2026-01-23 01:55:52.683 30877-2549  okhttp.OkHttpClient     com.cdccreditsmart.app               I  <-- END HTTP (861-byte body)
2026-01-23 01:55:52.695 30877-31152 AuthOrchestrator        com.cdccreditsmart.app               D  âœ… ========== AUTO-DISCOVERY BEM-SUCEDIDO ==========
2026-01-23 01:55:52.695 30877-31152 AuthOrchestrator        com.cdccreditsmart.app               D  âœ… Dispositivo encontrado:
2026-01-23 01:55:52.695 30877-31152 AuthOrchestrator        com.cdccreditsmart.app               D     - Nome: REALME Note 60x
2026-01-23 01:55:52.696 30877-31152 AuthOrchestrator        com.cdccreditsmart.app               D     - DeviceId: device_17691372...
2026-01-23 01:55:52.696 30877-31152 AuthOrchestrator        com.cdccreditsmart.app               D     - SerialNumber: QJ3H4MKG
2026-01-23 01:55:52.696 30877-31152 AuthOrchestrator        com.cdccreditsmart.app               D     - IMEI: 8608***718
2026-01-23 01:55:52.696 30877-31152 AuthOrchestrator        com.cdccreditsmart.app               D     - Status: active
2026-01-23 01:55:52.696 30877-31152 AuthOrchestrator        com.cdccreditsmart.app               D     - Bloqueado: false
2026-01-23 01:55:52.696 30877-31152 AuthOrchestrator        com.cdccreditsmart.app               D  âœ… Cliente:
2026-01-23 01:55:52.696 30877-31152 AuthOrchestrator        com.cdccreditsmart.app               D     - Nome: Marcos Antunes
2026-01-23 01:55:52.696 30877-31152 AuthOrchestrator        com.cdccreditsmart.app               D     - CPF: 064***
2026-01-23 01:55:52.696 30877-31152 AuthOrchestrator        com.cdccreditsmart.app               D  âœ… ConexÃ£o:
2026-01-23 01:55:52.696 30877-31152 AuthOrchestrator        com.cdccreditsmart.app               D     - Usar IMEI: 860875074339718
2026-01-23 01:55:52.696 30877-31152 AuthOrchestrator        com.cdccreditsmart.app               D     - Usar SerialNumber: QJ3H4MKG
2026-01-23 01:55:52.696 30877-31152 AuthOrchestrator        com.cdccreditsmart.app               D     - Usar DeviceId: device_1769137280282_l7srjesg25
2026-01-23 01:55:52.696 30877-31152 ContractCodeStorage     com.cdccreditsmart.app               D  Saving contract code to redundant storage
2026-01-23 01:55:53.097 30877-31152 ContractCodeStorage     com.cdccreditsmart.app               D  Saved to EncryptedPrefs
2026-01-23 01:55:53.641 30877-31152 ContractCodeStorage     com.cdccreditsmart.app               D  Successfully saved to file: .cdc_protected_code.enc
2026-01-23 01:55:53.642 30877-31152 ContractCodeStorage     com.cdccreditsmart.app               D  Saved to Protected Storage
2026-01-23 01:55:53.733 30877-31152 ContractCodeStorage     com.cdccreditsmart.app               D  Successfully saved to file: .cdc_contract_b1.enc
2026-01-23 01:55:53.872 30877-31152 ContractCodeStorage     com.cdccreditsmart.app               D  Successfully saved to file: .sys_device_cfg.enc
2026-01-23 01:55:53.965 30877-31152 ContractCodeStorage     com.cdccreditsmart.app               D  Successfully saved to file: .android_secure.enc
2026-01-23 01:55:54.052 30877-31152 ContractCodeStorage     com.cdccreditsmart.app               D  Contract code saved to ALL storage locations
2026-01-23 01:55:54.913 30877-31152 ContractCodeStorage     com.cdccreditsmart.app               D  Verification complete: 7/7 locations valid
2026-01-23 01:55:55.046 30877-31152 ContractCodeStorage     com.cdccreditsmart.app               D  Saving contract code to redundant storage
2026-01-23 01:55:55.156 30877-31152 ContractCodeStorage     com.cdccreditsmart.app               D  Saved to EncryptedPrefs
2026-01-23 01:55:55.178 30877-31152 ContractCodeStorage     com.cdccreditsmart.app               D  Deleted existing file: .cdc_protected_code.enc
2026-01-23 01:55:55.265 30877-31152 ContractCodeStorage     com.cdccreditsmart.app               D  Successfully saved to file: .cdc_protected_code.enc
2026-01-23 01:55:55.265 30877-31152 ContractCodeStorage     com.cdccreditsmart.app               D  Saved to Protected Storage
2026-01-23 01:55:55.281 30877-31152 ContractCodeStorage     com.cdccreditsmart.app               D  Deleted existing file: .cdc_contract_b1.enc
2026-01-23 01:55:55.404 30877-31152 ContractCodeStorage     com.cdccreditsmart.app               D  Successfully saved to file: .cdc_contract_b1.enc
2026-01-23 01:55:55.404 30877-31152 ContractCodeStorage     com.cdccreditsmart.app               D  Deleted existing file: .sys_device_cfg.enc
2026-01-23 01:55:55.525 30877-31152 ContractCodeStorage     com.cdccreditsmart.app               D  Successfully saved to file: .sys_device_cfg.enc
2026-01-23 01:55:55.526 30877-31152 ContractCodeStorage     com.cdccreditsmart.app               D  Deleted existing file: .android_secure.enc
2026-01-23 01:55:55.662 30877-31152 ContractCodeStorage     com.cdccreditsmart.app               D  Successfully saved to file: .android_secure.enc
2026-01-23 01:55:55.754 30877-31152 ContractCodeStorage     com.cdccreditsmart.app               D  Contract code saved to ALL storage locations
2026-01-23 01:55:56.450 30877-31152 ContractCodeStorage     com.cdccreditsmart.app               D  Verification complete: 7/7 locations valid
2026-01-23 01:55:56.450 30877-31152 SecureTokenStorage      com.cdccreditsmart.app               D  Device info saved successfully from auto-discovery
2026-01-23 01:55:56.450 30877-31152 SecureTokenStorage      com.cdccreditsmart.app               D    - DeviceId: device_17691372...
2026-01-23 01:55:56.450 30877-31152 SecureTokenStorage      com.cdccreditsmart.app               D    - SerialNumber: QJ3H4MKG
2026-01-23 01:55:56.450 30877-31152 SecureTokenStorage      com.cdccreditsmart.app               D    - IMEI: 8608***
2026-01-23 01:55:56.450 30877-31152 SecureTokenStorage      com.cdccreditsmart.app               D    - ContractCode: QJ3H4MKG
2026-01-23 01:55:56.451 30877-31152 AuthOrchestrator        com.cdccreditsmart.app               D  ðŸ’¾ Dados salvos:
2026-01-23 01:55:56.451 30877-31152 AuthOrchestrator        com.cdccreditsmart.app               D     - ContractCode: QJ3H4MKG
2026-01-23 01:55:56.451 30877-31152 AuthOrchestrator        com.cdccreditsmart.app               D     - DeviceId: device_17691372...
2026-01-23 01:55:56.451 30877-31152 AuthOrchestrator        com.cdccreditsmart.app               D     - IMEI: 8608***718
2026-01-23 01:55:56.455 30877-31152 SecureTokenStorage      com.cdccreditsmart.app               D  Auth token saved successfully (contract code via ContractCodeStorage, deviceId: null...)
2026-01-23 01:55:56.455 30877-31152 AuthOrchestrator        com.cdccreditsmart.app               D  âœ… [6/7] Token JWT obtido do discovery e salvo!
2026-01-23 01:55:56.456 30877-31152 AuthOrchestrator        com.cdccreditsmart.app               D     - Token: eyJhbGciOiJIUzI1NiIs...
2026-01-23 01:55:56.457 30877-31152 AuthOrchestrator        com.cdccreditsmart.app               D  ðŸŽ‰ ========== AUTO-DISCOVERY CONCLUÃDO ==========
2026-01-23 01:55:56.457 30877-31152 AuthOrchestrator        com.cdccreditsmart.app               D  âœ… Auto-conexÃ£o bem-sucedida - autenticaÃ§Ã£o OK!
2026-01-23 01:55:56.457 30877-31152 AuthOrchestrator        com.cdccreditsmart.app               I  ðŸ”§ Garantindo que CdcForegroundService estÃ¡ rodando...
2026-01-23 01:55:56.457 30877-31150 AuthOrchestrator        com.cdccreditsmart.app               D  ðŸ”” Registrando FCM token apÃ³s auto-discovery...
2026-01-23 01:55:56.461 30877-31150 FcmTokenManager         com.cdccreditsmart.app               D  ========== REGISTERING FCM TOKEN WITH BACKEND ==========
2026-01-23 01:55:56.510 30877-31152 CdcForegroundService    com.cdccreditsmart.app               I  âœ… ServiÃ§o iniciado via startService()
2026-01-23 01:55:56.510 30877-31152 AuthOrchestrator        com.cdccreditsmart.app               I  âœ… CdcForegroundService iniciado apÃ³s autenticaÃ§Ã£o
2026-01-23 01:55:56.512 30877-30877 RouterViewModel         com.cdccreditsmart.app               D  âœ… Autenticado com sucesso
2026-01-23 01:55:56.523 30877-31150 FcmTokenManager         com.cdccreditsmart.app               D  Current FCM token retrieved: eQuSrvWtT86-_3fq3J8O...
2026-01-23 01:55:56.742 30877-30877 TermsAcceptanceStorage  com.cdccreditsmart.app               D  hasAcceptedTermsForContract(QJ3H4MKG): false (saved: null)
2026-01-23 01:55:56.742 30877-30877 RouterViewModel         com.cdccreditsmart.app               D  ðŸ“„ Termos NÃƒO aceitos - Ir para TERMS_ACCEPTANCE
2026-01-23 01:55:56.751 30877-30877 CdcForegroundService    com.cdccreditsmart.app               D  ðŸš€ ServiÃ§o onStartCommand() - Action: com.cdccreditsmart.app.START_SERVICE
2026-01-23 01:55:56.775 30877-30877 CdcForegroundService    com.cdccreditsmart.app               I  âœ… Foreground Service ativo (Android 12+)
2026-01-23 01:55:56.776 30877-31152 CdcForegroundService    com.cdccreditsmart.app               I  ðŸ”§ ========================================
2026-01-23 01:55:56.777 30877-31152 CdcForegroundService    com.cdccreditsmart.app               I  ðŸ”§ INICIANDO initializeServices()...
2026-01-23 01:55:56.777 30877-31152 CdcForegroundService    com.cdccreditsmart.app               I  ðŸ”§ ========================================
2026-01-23 01:55:56.778 30877-31152 CdcForegroundService    com.cdccreditsmart.app               D  âœ… ServiÃ§os base jÃ¡ inicializados
2026-01-23 01:55:56.889 30877-31150 FcmTokenManager         com.cdccreditsmart.app               D  Sending FCM token to backend (payload: {"fcmToken": "eQuSrvWtT86-_3fq3J8O..."})
2026-01-23 01:55:56.912 30877-31150 FcmTokenManager         com.cdccreditsmart.app               D  Sending POST https://cdccreditsmart.com/api/apk/device/fcm-token...
2026-01-23 01:55:56.933 30877-31150 TrafficStats            com.cdccreditsmart.app               D  tagSocket(145) with statsTag=0xffffffff, statsUid=-1
2026-01-23 01:55:57.356 30877-31151 SecureTokenStorage      com.cdccreditsmart.app               D  âœ… Usando IMEI para MDM: 8608***718
2026-01-23 01:55:57.356 30877-31151 CdcForegroundService    com.cdccreditsmart.app               I  ðŸ” AuthToken presente: true
2026-01-23 01:55:57.356 30877-31151 CdcForegroundService    com.cdccreditsmart.app               I  ðŸ” AuthToken length: 273
2026-01-23 01:55:57.357 30877-31151 CdcForegroundService    com.cdccreditsmart.app               I  ðŸ” ContractCode presente: true
2026-01-23 01:55:57.357 30877-31151 CdcForegroundService    com.cdccreditsmart.app               I  ðŸ” ContractCode value: QJ3H****
2026-01-23 01:55:57.357 30877-31151 CdcForegroundService    com.cdccreditsmart.app               I  ðŸ” MDM SerialNumber presente: true
2026-01-23 01:55:57.357 30877-31151 CdcForegroundService    com.cdccreditsmart.app               I  ðŸ” MDM SerialNumber value: 86087507...
2026-01-23 01:55:57.357 30877-31151 CdcForegroundService    com.cdccreditsmart.app               I  ðŸ”§ ========================================
2026-01-23 01:55:57.357 30877-31151 CdcForegroundService    com.cdccreditsmart.app               I  ðŸ”§ INICIALIZANDO MDM COM SERIAL NUMBER: 86087507...
2026-01-23 01:55:57.357 30877-31151 CdcForegroundService    com.cdccreditsmart.app               I  ðŸ”§ ========================================
2026-01-23 01:55:57.357 30877-31151 CdcForegroundService    com.cdccreditsmart.app               I  ðŸ” Tokens encontrados - inicializando serviÃ§os MDM
2026-01-23 01:55:57.357 30877-31151 CdcForegroundService    com.cdccreditsmart.app               D  ðŸ“¡ Criando MdmCommandReceiver (usando serialNumber do SecureTokenStorage)...
2026-01-23 01:55:57.368 30877-31152 NetworkConnectivity     com.cdccreditsmart.app               D  âœ… Conectado via WiFi com internet
2026-01-23 01:55:57.368 30877-31152 SupportRepository       com.cdccreditsmart.app               I  ðŸ“¡ Buscando termos do servidor (version=latest)...
2026-01-23 01:55:57.414 30877-31151 MdmCommandReceiver      com.cdccreditsmart.app               D  âœ… Foreground service reference set for WakeLock management
2026-01-23 01:55:57.414 30877-31151 CdcForegroundService    com.cdccreditsmart.app               D  ðŸ”‹ Foreground service reference passada para MdmCommandReceiver
2026-01-23 01:55:57.414 30877-31151 CdcForegroundService    com.cdccreditsmart.app               I  ðŸ’“ ========================================
2026-01-23 01:55:57.415 30877-31151 CdcForegroundService    com.cdccreditsmart.app               I  ðŸ’“ INICIANDO HEARTBEAT MANAGER (60s)
2026-01-23 01:55:57.415 30877-31151 CdcForegroundService    com.cdccreditsmart.app               I  ðŸ’“ ========================================
2026-01-23 01:55:57.430 30877-31151 HeartbeatManager        com.cdccreditsmart.app               I  ðŸ’“ ========================================
2026-01-23 01:55:57.430 30877-31151 HeartbeatManager        com.cdccreditsmart.app               I  ðŸ’“ INICIANDO HEARTBEAT MANAGER (60s)
2026-01-23 01:55:57.430 30877-31151 HeartbeatManager        com.cdccreditsmart.app               I  ðŸ’“ ========================================
2026-01-23 01:55:57.430 30877-31151 HeartbeatManager        com.cdccreditsmart.app               I  ðŸ’“ Intervalo: 60 segundos
2026-01-23 01:55:57.430 30877-31151 HeartbeatManager        com.cdccreditsmart.app               I  ðŸ’“ Endpoint: POST /api/apk/device/heartbeat
2026-01-23 01:55:57.431 30877-31151 CdcForegroundService    com.cdccreditsmart.app               I  ðŸ’“ HeartbeatManager iniciado ANTES do WebSocket
2026-01-23 01:55:57.431 30877-31151 CdcForegroundService    com.cdccreditsmart.app               I  ðŸ“¡ ========================================
2026-01-23 01:55:57.431 30877-31151 CdcForegroundService    com.cdccreditsmart.app               I  ðŸ“¡ CONECTANDO WebSocket MDM...
2026-01-23 01:55:57.431 30877-31151 CdcForegroundService    com.cdccreditsmart.app               I  ðŸ“¡ ========================================
2026-01-23 01:55:57.432 30877-31151 CdcForegroundService    com.cdccreditsmart.app               I  ðŸ“¡ AuthToken length: 273 caracteres
2026-01-23 01:55:57.432 30877-31151 CdcForegroundService    com.cdccreditsmart.app               I  ðŸ“¡ AuthToken preview: eyJhbGciOiJIUzI1NiIs...
2026-01-23 01:55:57.432 30877-31151 CdcForegroundService    com.cdccreditsmart.app               I  ðŸ“¡ Contract code: QJ3H4MKG
2026-01-23 01:55:57.432 30877-31151 CdcForegroundService    com.cdccreditsmart.app               I  ðŸ“¡ Chamando mdmReceiver.connectMdmWebSocket()...
2026-01-23 01:55:57.432 30877-3530  HeartbeatManager        com.cdccreditsmart.app               I  ðŸ’“ Enviando heartbeat IMEDIATO...
2026-01-23 01:55:57.457 30877-31151 SecureTokenStorage      com.cdccreditsmart.app               D  âœ… Usando IMEI para MDM: 8608***718
2026-01-23 01:55:57.459 30877-31151 MdmCommandReceiver      com.cdccreditsmart.app               I  ðŸ”— ========================================
2026-01-23 01:55:57.459 30877-31151 MdmCommandReceiver      com.cdccreditsmart.app               I  ðŸ”— INICIANDO CONEXÃƒO WEBSOCKET MDM
2026-01-23 01:55:57.459 30877-31151 MdmCommandReceiver      com.cdccreditsmart.app               I  ðŸ”— ========================================
2026-01-23 01:55:57.459 30877-31151 MdmCommandReceiver      com.cdccreditsmart.app               I  ðŸ”— URL base: wss://cdccreditsmart.com/ws/mdm-policies
2026-01-23 01:55:57.459 30877-31151 MdmCommandReceiver      com.cdccreditsmart.app               I  ðŸ”— JWT Token presente: true
2026-01-23 01:55:57.459 30877-31151 MdmCommandReceiver      com.cdccreditsmart.app               I  ðŸ”— JWT Token length: 273
2026-01-23 01:55:57.459 30877-31151 MdmCommandReceiver      com.cdccreditsmart.app               I  ðŸ”— JWT Token preview: eyJhbGciOiJIUzI1NiIsInR5cCI6Ik...
2026-01-23 01:55:57.459 30877-31151 MdmCommandReceiver      com.cdccreditsmart.app               I  ðŸ”— Device identifier: 860875074339718
2026-01-23 01:55:57.462 30877-3530  HeartbeatManager        com.cdccreditsmart.app               D  ðŸ’“ Usando authToken (fallback)
2026-01-23 01:55:57.462 30877-31151 MdmCommandReceiver      com.cdccreditsmart.app               D  ðŸ”— Criando WebSocket OkHttp...
2026-01-23 01:55:57.468 30877-31151 MdmCommandReceiver      com.cdccreditsmart.app               I  ðŸ”„ Iniciando polling IMEDIATAMENTE (nÃ£o esperar WebSocket)
2026-01-23 01:55:57.507 30877-3529  MdmCommandReceiver      com.cdccreditsmart.app               I  ðŸ”„ ========================================
2026-01-23 01:55:57.507 30877-3529  MdmCommandReceiver      com.cdccreditsmart.app               I  ðŸ”„ INICIANDO POLLING FALLBACK MDM
2026-01-23 01:55:57.508 30877-3529  MdmCommandReceiver      com.cdccreditsmart.app               I  ðŸ”„ ========================================
2026-01-23 01:55:57.508 30877-3529  MdmCommandReceiver      com.cdccreditsmart.app               I  ðŸ”„ Intervalo: 30 segundos
2026-01-23 01:55:57.508 30877-3529  MdmCommandReceiver      com.cdccreditsmart.app               I  ðŸ”„ Endpoint: GET /api/apk/device/{identifier}/commands
2026-01-23 01:55:57.508 30877-3529  MdmCommandReceiver      com.cdccreditsmart.app               I  ðŸ”„ Executando verificaÃ§Ã£o IMEDIATA de comandos...
2026-01-23 01:55:57.508 30877-31151 MdmCommandReceiver      com.cdccreditsmart.app               D  ðŸ”— WebSocket request enviado - aguardando resposta...
2026-01-23 01:55:57.508 30877-31151 CdcForegroundService    com.cdccreditsmart.app               I  ðŸ“¡ ========================================
2026-01-23 01:55:57.508 30877-31151 CdcForegroundService    com.cdccreditsmart.app               I  ðŸ“¡ connectMdmWebSocket() CHAMADO - Aguardando conexÃ£o...
2026-01-23 01:55:57.508 30877-31151 CdcForegroundService    com.cdccreditsmart.app               I  ðŸ“¡ PrÃ³ximo log esperado: 'âœ… WebSocket MDM CONECTADO'
2026-01-23 01:55:57.508 30877-31151 CdcForegroundService    com.cdccreditsmart.app               I  ðŸ“¡ ========================================
2026-01-23 01:55:57.508 30877-31151 CdcForegroundService    com.cdccreditsmart.app               D  ðŸ“¡ Criando WebSocketManager (flow-status)...
2026-01-23 01:55:57.519 30877-3529  SecureTokenStorage      com.cdccreditsmart.app               D  âœ… Usando IMEI para MDM: 8608***718
2026-01-23 01:55:57.519 30877-3529  MdmCommandReceiver      com.cdccreditsmart.app               I  ðŸ” ========================================
2026-01-23 01:55:57.519 30877-3529  MdmCommandReceiver      com.cdccreditsmart.app               I  ðŸ” BUSCANDO COMANDOS PENDENTES
2026-01-23 01:55:57.519 30877-3529  MdmCommandReceiver      com.cdccreditsmart.app               I  ðŸ” ========================================
2026-01-23 01:55:57.519 30877-3529  MdmCommandReceiver      com.cdccreditsmart.app               I  ðŸ” Identifier: 860875074339718
2026-01-23 01:55:57.527 30877-3529  MdmCommandReceiver      com.cdccreditsmart.app               I  ðŸ” Endpoint: GET /api/apk/device/860875074339718/commands
2026-01-23 01:55:57.540 30877-3529  MdmCommandReceiver      com.cdccreditsmart.app               D  ðŸ” Executando requisiÃ§Ã£o HTTP (timeout: 15s)...
2026-01-23 01:55:57.542 30877-31151 WebSocketManager        com.cdccreditsmart.app               D  Connecting to WebSocket: wss://cdccreditsmart.com/ws/flow-status
2026-01-23 01:55:57.544 30877-3530  HeartbeatManager        com.cdccreditsmart.app               D  ðŸ’“ Payload do heartbeat:
2026-01-23 01:55:57.556 30877-3530  HeartbeatManager        com.cdccreditsmart.app               D     deviceToken: eyJhbGciOiJIUzI1NiIs...
2026-01-23 01:55:57.556 30877-3530  HeartbeatManager        com.cdccreditsmart.app               D     currentBlockLevel: 0
2026-01-23 01:55:57.557 30877-3530  HeartbeatManager        com.cdccreditsmart.app               D     batteryLevel: 44
2026-01-23 01:55:57.557 30877-31151 CdcForegroundService    com.cdccreditsmart.app               I  ðŸ“¡ WebSocketManager inicializado
2026-01-23 01:55:57.557 30877-31151 CdcForegroundService    com.cdccreditsmart.app               I  ðŸ’¡ Overlay automÃ¡tico: PeriodicOverlayWorker (a cada 10min)
2026-01-23 01:55:57.557 30877-3530  HeartbeatManager        com.cdccreditsmart.app               D     isCharging: true
2026-01-23 01:55:57.557 30877-3530  HeartbeatManager        com.cdccreditsmart.app               D     currentSimImei: 860875...
2026-01-23 01:55:57.576 30877-31151 HeartbeatWorker         com.cdccreditsmart.app               I  âœ… Heartbeat OTIMIZADO agendado via WorkManager
2026-01-23 01:55:57.577 30877-31151 HeartbeatWorker         com.cdccreditsmart.app               I     ðŸ“Š Intervalo: 60min (reduÃ§Ã£o de 75% vs 15min)
2026-01-23 01:55:57.577 30877-31151 HeartbeatWorker         com.cdccreditsmart.app               I     ðŸŽ¯ Economia: ~72 requisiÃ§Ãµes/dia por dispositivo
2026-01-23 01:55:57.577 30877-3555  TrafficStats            com.cdccreditsmart.app               D  tagSocket(193) with statsTag=0xffffffff, statsUid=-1
2026-01-23 01:55:57.579 30877-31151 IconProtectionWorker    com.cdccreditsmart.app               I  ðŸ“Œ IconProtectionWorker agendado (15 min)
2026-01-23 01:55:57.581 30877-31151 IconProtectionWorker    com.cdccreditsmart.app               I  ðŸ“Œ IconProtectionWorker executando agora
2026-01-23 01:55:57.582 30877-31151 CdcForegroundService    com.cdccreditsmart.app               I  ðŸ“Œ Worker de proteÃ§Ã£o do Ã­cone agendado e executando
2026-01-23 01:55:57.583 30877-31151 BlockingNotifWorker     com.cdccreditsmart.app               I  ðŸ“… Agendando verificaÃ§Ã£o de notificaÃ§Ãµes de bloqueio...
2026-01-23 01:55:57.592 30877-31151 BlockingNotifWorker     com.cdccreditsmart.app               I  âœ… Worker agendado para executar a cada 6h
2026-01-23 01:55:57.592 30877-31151 CdcForegroundService    com.cdccreditsmart.app               I  ðŸ“± Worker de notificaÃ§Ãµes de bloqueio agendado
2026-01-23 01:55:57.592 30877-31151 CdcForegroundService    com.cdccreditsmart.app               I  ðŸ“¦ ========================================
2026-01-23 01:55:57.592 30877-31151 CdcForegroundService    com.cdccreditsmart.app               I  ðŸ“¦ APK PRELOAD PARA FACTORY RESET (Multi-Fabricante)
2026-01-23 01:55:57.592 30877-31151 CdcForegroundService    com.cdccreditsmart.app               I  ðŸ“¦ ========================================
2026-01-23 01:55:57.601 30877-31151 ApkPreloadManager       com.cdccreditsmart.app               I  ðŸ“± Fabricante detectado: realme
2026-01-23 01:55:57.612 30877-3549  TrafficStats            com.cdccreditsmart.app               D  tagSocket(197) with statsTag=0xffffffff, statsUid=-1
2026-01-23 01:55:57.614 30877-31151 CdcForegroundService    com.cdccreditsmart.app               I  ðŸ“¦ APK em preload: false
2026-01-23 01:55:57.672 30877-30908 OpenGLRenderer          com.cdccreditsmart.app               I  Davey! duration=703ms; Flags=0, FrameTimelineVsyncId=838864, IntendedVsync=4209851074015, Vsync=4210167478260, InputEventId=0, HandleInputStart=4210173174872, AnimationStart=4210173185949, PerformTraversalsStart=4210193305718, DrawStart=4210193765103, FrameDeadline=4210284062057, FrameInterval=4210171716834, FrameStartTime=16652855, SyncQueued=4210206101257, SyncStart=4210265444795, IssueDrawCommandsStart=4210265684449, SwapBuffers=4210602734141, FrameCompleted=4210614060064, DequeueBufferDuration=27269, QueueBufferDuration=332384, GpuCompleted=4210614060064, SwapBuffersCompleted=4210608090295, DisplayPresentTime=4207252090644, CommandSubmissionCompleted=4210602734141, 
2026-01-23 01:55:57.724 30877-31151 CdcForegroundService    com.cdccreditsmart.app               I  ðŸ“¦ Construindo manifesto:
2026-01-23 01:55:57.724 30877-31151 CdcForegroundService    com.cdccreditsmart.app               I     ContractCode: QJ3H4MKG...
2026-01-23 01:55:57.724 30877-31151 CdcForegroundService    com.cdccreditsmart.app               I     DeviceId: device_176...
2026-01-23 01:55:57.724 30877-31151 CdcForegroundService    com.cdccreditsmart.app               I     IMEI: 860875...
2026-01-23 01:55:57.725 30877-31151 CdcForegroundService    com.cdccreditsmart.app               I  ðŸ“¦ Salvando manifesto de enrollment para auto-reativaÃ§Ã£o
2026-01-23 01:55:57.725 30877-31151 ApkPreloadManager       com.cdccreditsmart.app               I  ========================================
2026-01-23 01:55:57.725 30877-31151 ApkPreloadManager       com.cdccreditsmart.app               I  ðŸ“¦ INSTALANDO APK NO PRELOAD (Multi-Fabricante)
2026-01-23 01:55:57.725 30877-31151 ApkPreloadManager       com.cdccreditsmart.app               I  ========================================
2026-01-23 01:55:57.781 30877-31151 ApkPreloadManager       com.cdccreditsmart.app               I  ðŸ“ APK fonte: /data/app/~~Hi-bA_uab3g1CWb-bHQZEQ==/com.cdccreditsmart.app-Q5be7ue3d8tPEugrdnhKgg==/base.apk
2026-01-23 01:55:57.782 30877-31151 ApkPreloadManager       com.cdccreditsmart.app               I  ðŸ“± Android 34 (14)
2026-01-23 01:55:57.783 30877-31151 ApkPreloadManager       com.cdccreditsmart.app               I  ðŸ“± Fabricante: realme
2026-01-23 01:55:57.783 30877-31151 ApkPreloadManager       com.cdccreditsmart.app               I  ðŸ“± Marca: realme
2026-01-23 01:55:57.783 30877-31151 ApkPreloadManager       com.cdccreditsmart.app               I  ðŸ“± Produto: RMX3938
2026-01-23 01:55:57.783 30877-31151 ApkPreloadManager       com.cdccreditsmart.app               I  ðŸ“± Modelo: RMX3938
2026-01-23 01:55:57.783 30877-31151 ApkPreloadManager       com.cdccreditsmart.app               I  ðŸ“± Fabricante detectado: realme
2026-01-23 01:55:57.785 30877-31151 ApkPreloadManager       com.cdccreditsmart.app               I  ðŸ” Caminhos de preload a tentar: 6
2026-01-23 01:55:57.785 30877-31151 ApkPreloadManager       com.cdccreditsmart.app               D     1. /data/realme/preload/apps
2026-01-23 01:55:57.785 30877-31151 ApkPreloadManager       com.cdccreditsmart.app               D     2. /data/system/device_owner_data/preloads
2026-01-23 01:55:57.785 30877-31151 ApkPreloadManager       com.cdccreditsmart.app               D     3. /data/system/device_owner_data
2026-01-23 01:55:57.785 30877-31151 ApkPreloadManager       com.cdccreditsmart.app               D     4. /data/oppo_commonsys/preload
2026-01-23 01:55:57.785 30877-31151 ApkPreloadManager       com.cdccreditsmart.app               D     5. /data/preloads/apps
2026-01-23 01:55:57.785 30877-31151 ApkPreloadManager       com.cdccreditsmart.app               D     6. /data/preload/apps
2026-01-23 01:55:57.785 30877-31151 ApkPreloadManager       com.cdccreditsmart.app               I  
2026-01-23 01:55:57.786 30877-31151 ApkPreloadManager       com.cdccreditsmart.app               I  ðŸ“‚ Tentando: /data/realme/preload/apps
2026-01-23 01:55:57.786 30877-31151 ApkPreloadManager       com.cdccreditsmart.app               I     ðŸ“ DiretÃ³rio nÃ£o existe - tentando criar...
2026-01-23 01:55:57.800 30877-31151 ApkPreloadManager       com.cdccreditsmart.app               W     âš ï¸ NÃ£o foi possÃ­vel criar diretÃ³rio
2026-01-23 01:55:57.809 30877-31151 ApkPreloadManager       com.cdccreditsmart.app               I  
2026-01-23 01:55:57.816 30877-31151 ApkPreloadManager       com.cdccreditsmart.app               I  ðŸ“‚ Tentando: /data/system/device_owner_data/preloads
2026-01-23 01:55:57.816 30877-31151 ApkPreloadManager       com.cdccreditsmart.app               I     ðŸ“ DiretÃ³rio nÃ£o existe - tentando criar...
2026-01-23 01:55:57.822 30877-31151 ApkPreloadManager       com.cdccreditsmart.app               W     âš ï¸ NÃ£o foi possÃ­vel criar diretÃ³rio
2026-01-23 01:55:57.822 30877-31151 ApkPreloadManager       com.cdccreditsmart.app               I  
2026-01-23 01:55:57.822 30877-31151 ApkPreloadManager       com.cdccreditsmart.app               I  ðŸ“‚ Tentando: /data/system/device_owner_data
2026-01-23 01:55:57.826 30877-31151 ApkPreloadManager       com.cdccreditsmart.app               I     ðŸ“ DiretÃ³rio nÃ£o existe - tentando criar...
2026-01-23 01:55:57.836 30877-31151 ApkPreloadManager       com.cdccreditsmart.app               W     âš ï¸ NÃ£o foi possÃ­vel criar diretÃ³rio
2026-01-23 01:55:57.838 30877-31151 ApkPreloadManager       com.cdccreditsmart.app               I  
2026-01-23 01:55:57.838 30877-31151 ApkPreloadManager       com.cdccreditsmart.app               I  ðŸ“‚ Tentando: /data/oppo_commonsys/preload
2026-01-23 01:55:57.838 30877-31151 ApkPreloadManager       com.cdccreditsmart.app               I     ðŸ“ DiretÃ³rio nÃ£o existe - tentando criar...
2026-01-23 01:55:57.842 30877-31151 ApkPreloadManager       com.cdccreditsmart.app               W     âš ï¸ NÃ£o foi possÃ­vel criar diretÃ³rio
2026-01-23 01:55:57.850 30877-31151 ApkPreloadManager       com.cdccreditsmart.app               I  
2026-01-23 01:55:57.873 30877-31151 ApkPreloadManager       com.cdccreditsmart.app               I  ðŸ“‚ Tentando: /data/preloads/apps
2026-01-23 01:55:57.877 30877-31151 ApkPreloadManager       com.cdccreditsmart.app               I     ðŸ“ DiretÃ³rio nÃ£o existe - tentando criar...
2026-01-23 01:55:57.871 30877-30877 DefaultDispatch         com.cdccreditsmart.app               W  type=1400 audit(0.0:2945): avc:  denied  { getattr } for  path="/data/preloads" dev="dm-48" ino=98 scontext=u:r:untrusted_app:s0:c5,c257,c512,c768 tcontext=u:object_r:preloads_data_file:s0 tclass=dir permissive=0 app=com.cdccreditsmart.app
2026-01-23 01:55:57.888 30877-31151 ApkPreloadManager       com.cdccreditsmart.app               W     âš ï¸ NÃ£o foi possÃ­vel criar diretÃ³rio
2026-01-23 01:55:57.888 30877-31151 ApkPreloadManager       com.cdccreditsmart.app               I  
2026-01-23 01:55:57.888 30877-31151 ApkPreloadManager       com.cdccreditsmart.app               I  ðŸ“‚ Tentando: /data/preload/apps
2026-01-23 01:55:57.888 30877-31151 ApkPreloadManager       com.cdccreditsmart.app               I     ðŸ“ DiretÃ³rio nÃ£o existe - tentando criar...
2026-01-23 01:55:57.900 30877-31151 ApkPreloadManager       com.cdccreditsmart.app               W     âš ï¸ NÃ£o foi possÃ­vel criar diretÃ³rio
2026-01-23 01:55:57.900 30877-31151 ApkPreloadManager       com.cdccreditsmart.app               E  
2026-01-23 01:55:57.900 30877-31151 ApkPreloadManager       com.cdccreditsmart.app               E  âŒ FALHA: Nenhum caminho de preload acessÃ­vel
2026-01-23 01:55:57.900 30877-31151 ApkPreloadManager       com.cdccreditsmart.app               E     Fabricante: realme
2026-01-23 01:55:57.900 30877-31151 ApkPreloadManager       com.cdccreditsmart.app               E     O sistema de recuperaÃ§Ã£o via stub ainda funcionarÃ¡
2026-01-23 01:55:57.900 30877-31151 ApkPreloadManager       com.cdccreditsmart.app               I  ========================================
2026-01-23 01:55:57.910 30877-31151 CdcForegroundService    com.cdccreditsmart.app               W  ðŸ“¦ âš ï¸ Nenhum caminho de preload acessÃ­vel neste dispositivo
2026-01-23 01:55:57.913 30877-31151 CdcForegroundService    com.cdccreditsmart.app               W  ðŸ“¦    O sistema de recuperaÃ§Ã£o via stub ainda funcionarÃ¡
2026-01-23 01:55:57.913 30877-31151 CdcForegroundService    com.cdccreditsmart.app               I  ðŸ“¦ ========================================
2026-01-23 01:55:57.914 30877-31151 CdcForegroundService    com.cdccreditsmart.app               I  ðŸ”„ ========================================
2026-01-23 01:55:57.920 30877-31151 CdcForegroundService    com.cdccreditsmart.app               I  ðŸ”„ SINCRONIZAÃ‡ÃƒO IMEDIATA DE BLOQUEIO
2026-01-23 01:55:57.920 30877-31151 CdcForegroundService    com.cdccreditsmart.app               I  ðŸ”„ ========================================
2026-01-23 01:55:57.964 30877-31151 CdcForegroundService    com.cdccreditsmart.app               I  ðŸ”„ NÃ­vel de bloqueio LOCAL atual: 0
2026-01-23 01:55:58.100 30877-31150 FcmTokenManager         com.cdccreditsmart.app               D  Response code: 200
2026-01-23 01:55:58.115 30877-31150 FcmTokenManager         com.cdccreditsmart.app               D  âœ… FCM token registered successfully
2026-01-23 01:55:58.116 30877-31150 FcmTokenManager         com.cdccreditsmart.app               D  Response: {"success":true,"message":"FCM token registrado com sucesso"}
2026-01-23 01:55:58.173 30877-31150 AuthOrchestrator        com.cdccreditsmart.app               D  âœ… FCM token registrado
2026-01-23 01:55:58.494 30877-31151 CdcForegroundService    com.cdccreditsmart.app               I  ðŸ”„ Enviando heartbeat de sincronizaÃ§Ã£o...
2026-01-23 01:55:58.728 30877-3680  IconProtectionWorker    com.cdccreditsmart.app               D  ðŸ” Verificando proteÃ§Ã£o do Ã­cone...
2026-01-23 01:55:58.778 30877-3680  LauncherIconProtector   com.cdccreditsmart.app               I  ðŸ“Œ Atalho nÃ£o encontrado - criando novo...
2026-01-23 01:55:59.033 30877-3549  MdmCommandReceiver      com.cdccreditsmart.app               I  âœ… WebSocket MDM CONECTADO COM SUCESSO!
2026-01-23 01:55:59.033 30877-3549  MdmCommandReceiver      com.cdccreditsmart.app               D  âœ… Response code: 101
2026-01-23 01:55:59.033 30877-3549  MdmCommandReceiver      com.cdccreditsmart.app               I  ðŸ” Enviando autenticaÃ§Ã£o WebSocket imediatamente (v2.5)...
2026-01-23 01:55:59.033 30877-31150 MdmCommandReceiver      com.cdccreditsmart.app               D  â° Watchdog cancelado (conexÃ£o resolvida)
2026-01-23 01:55:59.041 30877-3549  SecureTokenStorage      com.cdccreditsmart.app               D  âœ… Usando IMEI para MDM: 8608***718
2026-01-23 01:55:59.087 30877-3549  MdmCommandReceiver      com.cdccreditsmart.app               I  ðŸ” ========================================
2026-01-23 01:55:59.087 30877-3549  MdmCommandReceiver      com.cdccreditsmart.app               I  ðŸ” ENVIANDO AUTENTICAÃ‡ÃƒO WEBSOCKET
2026-01-23 01:55:59.087 30877-3549  MdmCommandReceiver      com.cdccreditsmart.app               I  ðŸ” ========================================
2026-01-23 01:55:59.088 30877-3549  MdmCommandReceiver      com.cdccreditsmart.app               I  ðŸ” serialNumber: 86087507...
2026-01-23 01:55:59.088 30877-3549  MdmCommandReceiver      com.cdccreditsmart.app               I  ðŸ” deviceToken: eyJhbGciOiJIUzI1NiIs...
2026-01-23 01:55:59.088 30877-3549  MdmCommandReceiver      com.cdccreditsmart.app               I  ðŸ” deviceFingerprint: N/A...
2026-01-23 01:55:59.088 30877-3549  MdmCommandReceiver      com.cdccreditsmart.app               I  ðŸ” imei: 8608***
2026-01-23 01:55:59.088 30877-3549  MdmCommandReceiver      com.cdccreditsmart.app               I  ðŸ” androidId: 44319e44...
2026-01-23 01:55:59.088 30877-3549  MdmCommandReceiver      com.cdccreditsmart.app               I  ðŸ” apkVersion: 1.0.0-debug
2026-01-23 01:55:59.089 30877-3549  MdmCommandReceiver      com.cdccreditsmart.app               I  âœ… Mensagem de autenticaÃ§Ã£o enviada com sucesso (7 campos)
2026-01-23 01:55:59.092 30877-3549  MdmCommandReceiver      com.cdccreditsmart.app               D  â³ Polling jÃ¡ estÃ¡ ativo - ignorando chamada duplicada
2026-01-23 01:55:59.092 30877-3542  MdmCommandReceiver      com.cdccreditsmart.app               I  ðŸ’“ Iniciando ping manual JSON (intervalo: 25s)
2026-01-23 01:55:59.106 30877-3549  MdmCommandReceiver      com.cdccreditsmart.app               D  ðŸ“¥ Mensagem MDM recebida: {"type":"welcome","message":"Connected to unified WebSocket server","connectionId":"2e77bcdd-08c7-4edb-bd82-21ec64c04450","path":"/ws/mdm-policies","routerKey":"mdm-policies","timestamp":"2026-01-23T04:55:58.718Z","serverTime":"2026-01-23T04:55:58.718Z"}
2026-01-23 01:55:59.115 30877-3542  MdmCommandReceiver      com.cdccreditsmart.app               D  ðŸ“¥ JSON recebido: {"type":"welcome","message":"Connected to unified WebSocket server","connectionId":"2e77bcdd-08c7-4edb-bd82-21ec64c04450","path":"/ws/mdm-policies","routerKey":"mdm-policies","timestamp":"2026-01-23T04:55:58.718Z","serverTime":"2026-01-23T04:55:58.718Z"}
2026-01-23 01:55:59.116 30877-3549  MdmCommandReceiver      com.cdccreditsmart.app               D  ðŸ“¥ Mensagem MDM recebida: {"type":"auth_required","message":"Please authenticate via message with serialNumber, deviceFingerprint or androidId","timeout":60,"timestamp":"2026-01-23T04:55:58.719Z"}
2026-01-23 01:55:59.118 30877-31150 MdmCommandReceiver      com.cdccreditsmart.app               D  ðŸ“¥ JSON recebido: {"type":"auth_required","message":"Please authenticate via message with serialNumber, deviceFingerprint or androidId","timeout":60,"timestamp":"2026-01-23T04:55:58.719Z"}
2026-01-23 01:55:59.139 30877-3680  LauncherIconProtector   com.cdccreditsmart.app               I  âœ… SolicitaÃ§Ã£o de atalho enviada ao launcher
2026-01-23 01:55:59.140 30877-3680  LauncherIconProtector   com.cdccreditsmart.app               I  ðŸ“Š Ãcone restaurado 1 vezes
2026-01-23 01:55:59.146 30877-3680  IconProtectionWorker    com.cdccreditsmart.app               I  ðŸ“Š EstatÃ­sticas: Ã­cone restaurado 1 vezes
2026-01-23 01:55:59.146 30877-3680  IconProtectionWorker    com.cdccreditsmart.app               D  âœ… VerificaÃ§Ã£o de Ã­cone concluÃ­da
2026-01-23 01:55:59.163 30877-3555  WebSocketManager        com.cdccreditsmart.app               D  WebSocket connection opened
2026-01-23 01:55:59.163 30877-3555  WebSocketManager        com.cdccreditsmart.app               D  WebSocket connected for contract: QJ3H4MKG
2026-01-23 01:55:59.163 30877-3555  WebSocketManager        com.cdccreditsmart.app               D  Starting heartbeat
2026-01-23 01:55:59.170 30877-31144 WM-WorkerWrapper        com.cdccreditsmart.app               I  Worker result SUCCESS for Work [ id=562239a9-fb4a-47e7-8897-6f1bc7d45f08, tags={ com.cdccreditsmart.app.workers.IconProtectionWorker } ]
2026-01-23 01:55:59.380 30877-3543  SettingsGuardService    com.cdccreditsmart.app               D  ðŸ“‹ Activity check - Full: com.android.launcher3.dragndrop.AddItemActivity, Simple: AddItemActivity
2026-01-23 01:55:59.435 30877-3549  MdmCommandReceiver      com.cdccreditsmart.app               D  ðŸ“¥ Mensagem MDM recebida: {"type":"auth_error","message":"Device not found in system","timestamp":"2026-01-23T04:55:59.433Z"}
2026-01-23 01:55:59.443 30877-3543  MdmCommandReceiver      com.cdccreditsmart.app               D  ðŸ“¥ JSON recebido: {"type":"auth_error","message":"Device not found in system","timestamp":"2026-01-23T04:55:59.433Z"}
2026-01-23 01:55:59.509 30877-30896 creditsmart.app         com.cdccreditsmart.app               I  Background concurrent mark compact GC freed 306076(13MB) AllocSpace objects, 224(8928KB) LOS objects, 69% free, 10MB/34MB, paused 8.235ms,14.278ms total 486.007ms
2026-01-23 01:56:02.464 30877-3548  SettingsGuardService    com.cdccreditsmart.app               D  ðŸ“‹ Activity check - Full: com.cdccreditsmart.app.presentation.MainActivity, Simple: MainActivity
2026-01-23 01:56:02.766 30877-2549  okhttp.OkHttpClient     com.cdccreditsmart.app               I  --> GET https://cdccreditsmart.com/v1/contract/terms?version=latest
2026-01-23 01:56:02.767 30877-2549  okhttp.OkHttpClient     com.cdccreditsmart.app               I  --> END GET
2026-01-23 01:56:02.860 30877-3781  okhttp.OkHttpClient     com.cdccreditsmart.app               I  --> GET https://cdccreditsmart.com/api/apk/device/860875074339718/commands
2026-01-23 01:56:02.860 30877-3781  okhttp.OkHttpClient     com.cdccreditsmart.app               I  --> END GET
2026-01-23 01:56:02.869 30877-3542  MdmCommandReceiver      com.cdccreditsmart.app               D  ðŸ“¨ Tipo de mensagem: welcome
2026-01-23 01:56:02.869 30877-3542  MdmCommandReceiver      com.cdccreditsmart.app               D  ðŸ‘‹ Mensagem de boas-vindas do servidor
2026-01-23 01:56:02.872 30877-31150 MdmCommandReceiver      com.cdccreditsmart.app               D  ðŸ“¨ Tipo de mensagem: auth_required
2026-01-23 01:56:02.872 30877-31150 MdmCommandReceiver      com.cdccreditsmart.app               W  âš ï¸ ========================================
2026-01-23 01:56:02.872 30877-31150 MdmCommandReceiver      com.cdccreditsmart.app               W  âš ï¸ AUTENTICAÃ‡ÃƒO REQUERIDA PELO SERVIDOR
2026-01-23 01:56:02.872 30877-31150 MdmCommandReceiver      com.cdccreditsmart.app               W  âš ï¸ ========================================
2026-01-23 01:56:02.872 30877-31150 MdmCommandReceiver      com.cdccreditsmart.app               W  âš ï¸ Reenviando mensagem de autenticaÃ§Ã£o...
2026-01-23 01:56:02.881 30877-31150 SecureTokenStorage      com.cdccreditsmart.app               D  âœ… Usando IMEI para MDM: 8608***718
2026-01-23 01:56:02.917 30877-31150 MdmCommandReceiver      com.cdccreditsmart.app               I  ðŸ” ========================================
2026-01-23 01:56:02.918 30877-31150 MdmCommandReceiver      com.cdccreditsmart.app               I  ðŸ” ENVIANDO AUTENTICAÃ‡ÃƒO WEBSOCKET
2026-01-23 01:56:02.918 30877-31150 MdmCommandReceiver      com.cdccreditsmart.app               I  ðŸ” ========================================
2026-01-23 01:56:02.918 30877-31150 MdmCommandReceiver      com.cdccreditsmart.app               I  ðŸ” serialNumber: 86087507...
2026-01-23 01:56:02.918 30877-31150 MdmCommandReceiver      com.cdccreditsmart.app               I  ðŸ” deviceToken: eyJhbGciOiJIUzI1NiIs...
2026-01-23 01:56:02.918 30877-31150 MdmCommandReceiver      com.cdccreditsmart.app               I  ðŸ” deviceFingerprint: N/A...
2026-01-23 01:56:02.918 30877-31150 MdmCommandReceiver      com.cdccreditsmart.app               I  ðŸ” imei: 8608***
2026-01-23 01:56:02.918 30877-31150 MdmCommandReceiver      com.cdccreditsmart.app               I  ðŸ” androidId: 44319e44...
2026-01-23 01:56:02.918 30877-31150 MdmCommandReceiver      com.cdccreditsmart.app               I  ðŸ” apkVersion: 1.0.0-debug
2026-01-23 01:56:02.918 30877-31150 MdmCommandReceiver      com.cdccreditsmart.app               I  âœ… Mensagem de autenticaÃ§Ã£o enviada com sucesso (7 campos)
2026-01-23 01:56:02.962 30877-3543  MdmCommandReceiver      com.cdccreditsmart.app               D  ðŸ“¨ Tipo de mensagem: auth_error
2026-01-23 01:56:02.962 30877-3543  MdmCommandReceiver      com.cdccreditsmart.app               E  âŒ ========================================
2026-01-23 01:56:02.962 30877-3543  MdmCommandReceiver      com.cdccreditsmart.app               E  âŒ ERRO DE AUTENTICAÃ‡ÃƒO WEBSOCKET!
2026-01-23 01:56:02.962 30877-3543  MdmCommandReceiver      com.cdccreditsmart.app               E  âŒ ========================================
2026-01-23 01:56:02.962 30877-3543  MdmCommandReceiver      com.cdccreditsmart.app               E  âŒ Erro: Device not found in system
2026-01-23 01:56:02.962 30877-3543  MdmCommandReceiver      com.cdccreditsmart.app               E  âŒ CÃ³digo: 
2026-01-23 01:56:03.710 30877-3797  okhttp.OkHttpClient     com.cdccreditsmart.app               I  --> POST https://cdccreditsmart.com/api/apk/device/heartbeat
2026-01-23 01:56:03.710 30877-3797  okhttp.OkHttpClient     com.cdccreditsmart.app               I  Content-Type: application/json; charset=UTF-8
2026-01-23 01:56:03.710 30877-3797  okhttp.OkHttpClient     com.cdccreditsmart.app               I  Content-Length: 410
2026-01-23 01:56:03.711 30877-3797  okhttp.OkHttpClient     com.cdccreditsmart.app               I  Authorization: Bearer eyJhbGciOiJIUzI1NiIsInR5cCI6IkpXVCJ9.eyJ0eXBlIjoiYXBrIiwiZGV2aWNlSWQiOiJkZXZpY2VfMTc2OTEzNzI4MDI4Ml9sN3NyamVzZzI1IiwiaW1laSI6Ijg2MDg3NTA3NDMzOTcxOCIsInNlcmlhbE51bWJlciI6IlFKM0g0TUtHIiwiaWF0IjoxNzY5MTQ0MTUxLCJleHAiOjE3NzY5MjAxNTF9.OFznrE5jG2wy5AXOmgBGgV0PNe1KFr_QYBzBSiWyY3c
2026-01-23 01:56:03.712 30877-3797  okhttp.OkHttpClient     com.cdccreditsmart.app               I  {"deviceToken":"eyJhbGciOiJIUzI1NiIsInR5cCI6IkpXVCJ9.eyJ0eXBlIjoiYXBrIiwiZGV2aWNlSWQiOiJkZXZpY2VfMTc2OTEzNzI4MDI4Ml9sN3NyamVzZzI1IiwiaW1laSI6Ijg2MDg3NTA3NDMzOTcxOCIsInNlcmlhbE51bWJlciI6IlFKM0g0TUtHIiwiaWF0IjoxNzY5MTQ0MTUxLCJleHAiOjE3NzY5MjAxNTF9.OFznrE5jG2wy5AXOmgBGgV0PNe1KFr_QYBzBSiWyY3c","currentBlockLevel":0,"batteryLevel":44,"isCharging":true,"currentSimImei":"860875074339718","timestamp":1769144157544}
2026-01-23 01:56:03.712 30877-3797  okhttp.OkHttpClient     com.cdccreditsmart.app               I  --> END POST (410-byte body)
2026-01-23 01:56:03.801 30877-3799  okhttp.OkHttpClient     com.cdccreditsmart.app               I  --> POST https://cdccreditsmart.com/api/apk/device/heartbeat
2026-01-23 01:56:03.801 30877-3799  okhttp.OkHttpClient     com.cdccreditsmart.app               I  Content-Type: application/json; charset=UTF-8
2026-01-23 01:56:03.801 30877-3799  okhttp.OkHttpClient     com.cdccreditsmart.app               I  Content-Length: 159
2026-01-23 01:56:03.802 30877-3799  okhttp.OkHttpClient     com.cdccreditsmart.app               I  Authorization: Bearer eyJhbGciOiJIUzI1NiIsInR5cCI6IkpXVCJ9.eyJ0eXBlIjoiYXBrIiwiZGV2aWNlSWQiOiJkZXZpY2VfMTc2OTEzNzI4MDI4Ml9sN3NyamVzZzI1IiwiaW1laSI6Ijg2MDg3NTA3NDMzOTcxOCIsInNlcmlhbE51bWJlciI6IlFKM0g0TUtHIiwiaWF0IjoxNzY5MTQ0MTUxLCJleHAiOjE3NzY5MjAxNTF9.OFznrE5jG2wy5AXOmgBGgV0PNe1KFr_QYBzBSiWyY3c
