2026-01-29 17:32:19.010 10505-10716 ApkPreloadManager       com.cdccreditsmart.app               D     1. /data/system/device_owner_data/preloads
2026-01-29 17:32:19.010 10505-10716 ApkPreloadManager       com.cdccreditsmart.app               D     2. /data/system/device_owner_data
2026-01-29 17:32:19.010 10505-10716 ApkPreloadManager       com.cdccreditsmart.app               D     3. /data/preloads/apps
2026-01-29 17:32:19.010 10505-10716 ApkPreloadManager       com.cdccreditsmart.app               D     4. /data/preload/apps
2026-01-29 17:32:19.010 10505-10716 ApkPreloadManager       com.cdccreditsmart.app               I  
2026-01-29 17:32:19.010 10505-10716 ApkPreloadManager       com.cdccreditsmart.app               I  📂 Tentando: /data/system/device_owner_data/preloads
2026-01-29 17:32:19.011 10505-10716 ApkPreloadManager       com.cdccreditsmart.app               I     📁 Diretório não existe - tentando criar...
2026-01-29 17:32:19.012 10505-10716 ApkPreloadManager       com.cdccreditsmart.app               W     ⚠️ Não foi possível criar diretório
2026-01-29 17:32:19.012 10505-10716 ApkPreloadManager       com.cdccreditsmart.app               I  
2026-01-29 17:32:19.012 10505-10716 ApkPreloadManager       com.cdccreditsmart.app               I  📂 Tentando: /data/system/device_owner_data
2026-01-29 17:32:19.012 10505-10716 ApkPreloadManager       com.cdccreditsmart.app               I     📁 Diretório não existe - tentando criar...
2026-01-29 17:32:19.012 10505-10716 ApkPreloadManager       com.cdccreditsmart.app               W     ⚠️ Não foi possível criar diretório
2026-01-29 17:32:19.012 10505-10716 ApkPreloadManager       com.cdccreditsmart.app               I  
2026-01-29 17:32:19.012 10505-10716 ApkPreloadManager       com.cdccreditsmart.app               I  📂 Tentando: /data/preloads/apps
2026-01-29 17:32:19.012 10505-10716 ApkPreloadManager       com.cdccreditsmart.app               I     📁 Diretório não existe - tentando criar...
2026-01-29 17:32:19.013 10505-10716 ApkPreloadManager       com.cdccreditsmart.app               W     ⚠️ Não foi possível criar diretório
2026-01-29 17:32:19.013 10505-10716 ApkPreloadManager       com.cdccreditsmart.app               I  
2026-01-29 17:32:19.013 10505-10716 ApkPreloadManager       com.cdccreditsmart.app               I  📂 Tentando: /data/preload/apps
2026-01-29 17:32:19.013 10505-10716 ApkPreloadManager       com.cdccreditsmart.app               I     📁 Diretório não existe - tentando criar...
2026-01-29 17:32:19.013 10505-10716 ApkPreloadManager       com.cdccreditsmart.app               W     ⚠️ Não foi possível criar diretório
2026-01-29 17:32:19.013 10505-10716 ApkPreloadManager       com.cdccreditsmart.app               E  
2026-01-29 17:32:19.013 10505-10716 ApkPreloadManager       com.cdccreditsmart.app               E  ❌ FALHA: Nenhum caminho de preload acessível
2026-01-29 17:32:19.013 10505-10716 ApkPreloadManager       com.cdccreditsmart.app               E     Fabricante: motorola
2026-01-29 17:32:19.014 10505-10716 ApkPreloadManager       com.cdccreditsmart.app               E     O sistema de recuperação via stub ainda funcionará
2026-01-29 17:32:19.014 10505-10716 ApkPreloadManager       com.cdccreditsmart.app               I  ========================================
2026-01-29 17:32:19.014 10505-10716 CdcForegroundService    com.cdccreditsmart.app               W  📦 ⚠️ Nenhum caminho de preload acessível neste dispositivo
2026-01-29 17:32:19.014 10505-10716 CdcForegroundService    com.cdccreditsmart.app               W  📦    O sistema de recuperação via stub ainda funcionará
2026-01-29 17:32:19.014 10505-10716 CdcForegroundService    com.cdccreditsmart.app               I  📦 ========================================
2026-01-29 17:32:19.014 10505-10716 CdcForegroundService    com.cdccreditsmart.app               I  🔄 ========================================
2026-01-29 17:32:19.014 10505-10716 CdcForegroundService    com.cdccreditsmart.app               I  🔄 SINCRONIZAÇÃO IMEDIATA DE BLOQUEIO
2026-01-29 17:32:19.014 10505-10716 CdcForegroundService    com.cdccreditsmart.app               I  🔄 ========================================
2026-01-29 17:32:19.015 10505-10716 CdcForegroundService    com.cdccreditsmart.app               I  🔄 Nível de bloqueio LOCAL atual: 0
2026-01-29 17:32:19.076 10505-10716 CdcForegroundService    com.cdccreditsmart.app               I  🔄 Enviando heartbeat de sincronização...
2026-01-29 17:32:19.104 10505-11069 okhttp.OkHttpClient     com.cdccreditsmart.app               I  --> GET https://cdccreditsmart.com/api/apk/device/353104906953198/commands
2026-01-29 17:32:19.104 10505-11069 okhttp.OkHttpClient     com.cdccreditsmart.app               I  --> END GET
2026-01-29 17:32:19.234 10505-10702 FcmTokenManager         com.cdccreditsmart.app               D  Response code: 200
2026-01-29 17:32:19.235 10505-10702 FcmTokenManager         com.cdccreditsmart.app               D  ✅ FCM token registered successfully
2026-01-29 17:32:19.235 10505-10702 FcmTokenManager         com.cdccreditsmart.app               D  Response: {"success":true,"message":"FCM token registrado com sucesso"}
2026-01-29 17:32:19.238 10505-10702 PairingViewModel        com.cdccreditsmart.app               D  ✅ FCM token registered successfully
2026-01-29 17:32:19.413 10505-11069 okhttp.OkHttpClient     com.cdccreditsmart.app               I  <-- 404 https://cdccreditsmart.com/api/apk/device/353104906953198/commands (308ms)
2026-01-29 17:32:19.413 10505-11069 okhttp.OkHttpClient     com.cdccreditsmart.app               I  access-control-allow-credentials: true
2026-01-29 17:32:19.413 10505-11069 okhttp.OkHttpClient     com.cdccreditsmart.app               I  access-control-allow-headers: Origin, X-Requested-With, Content-Type, Accept, Authorization, x-client-key, x-client-token, x-client-secret, cache-control
2026-01-29 17:32:19.413 10505-11069 okhttp.OkHttpClient     com.cdccreditsmart.app               I  access-control-allow-methods: GET, POST, PUT, PATCH, DELETE, OPTIONS
2026-01-29 17:32:19.413 10505-11069 okhttp.OkHttpClient     com.cdccreditsmart.app               I  access-control-allow-origin: *
2026-01-29 17:32:19.413 10505-11069 okhttp.OkHttpClient     com.cdccreditsmart.app               I  access-control-max-age: 86400
2026-01-29 17:32:19.413 10505-11069 okhttp.OkHttpClient     com.cdccreditsmart.app               I  content-length: 108
2026-01-29 17:32:19.414 10505-11069 okhttp.OkHttpClient     com.cdccreditsmart.app               I  content-security-policy: default-src 'self'; script-src 'self' 'unsafe-inline' 'unsafe-eval' https://replit.com; style-src 'self' 'unsafe-inline' https://replit.com; img-src 'self' data: https:; font-src 'self' data: https://replit.com; connect-src 'self';
2026-01-29 17:32:19.414 10505-11069 okhttp.OkHttpClient     com.cdccreditsmart.app               I  content-type: application/json; charset=utf-8
2026-01-29 17:32:19.414 10505-11069 okhttp.OkHttpClient     com.cdccreditsmart.app               I  date: Thu, 29 Jan 2026 20:32:20 GMT
2026-01-29 17:32:19.414 10505-11069 okhttp.OkHttpClient     com.cdccreditsmart.app               I  etag: W/"6c-vuuciI00e6Pw0rqSTJRUmUCYNYs"
2026-01-29 17:32:19.414 10505-11069 okhttp.OkHttpClient     com.cdccreditsmart.app               I  permissions-policy: geolocation=(), microphone=(), camera=()
2026-01-29 17:32:19.414 10505-11069 okhttp.OkHttpClient     com.cdccreditsmart.app               I  referrer-policy: strict-origin-when-cross-origin
2026-01-29 17:32:19.414 10505-11069 okhttp.OkHttpClient     com.cdccreditsmart.app               I  strict-transport-security: max-age=63072000; includeSubDomains
2026-01-29 17:32:19.414 10505-11069 okhttp.OkHttpClient     com.cdccreditsmart.app               I  strict-transport-security: max-age=31536000; includeSubDomains
2026-01-29 17:32:19.414 10505-11069 okhttp.OkHttpClient     com.cdccreditsmart.app               I  x-anti-fraud-protection: active
2026-01-29 17:32:19.414 10505-11069 okhttp.OkHttpClient     com.cdccreditsmart.app               I  x-certificate-pinning-enabled: false
2026-01-29 17:32:19.414 10505-11069 okhttp.OkHttpClient     com.cdccreditsmart.app               I  x-certificate-pinning-status: disabled-for-stability
2026-01-29 17:32:19.414 10505-11069 okhttp.OkHttpClient     com.cdccreditsmart.app               I  x-content-type-options: nosniff
2026-01-29 17:32:19.414 10505-11069 okhttp.OkHttpClient     com.cdccreditsmart.app               I  x-financial-data-protection: enabled
2026-01-29 17:32:19.414 10505-11069 okhttp.OkHttpClient     com.cdccreditsmart.app               I  x-frame-options: DENY
2026-01-29 17:32:19.414 10505-11069 okhttp.OkHttpClient     com.cdccreditsmart.app               I  x-transaction-security-level: maximum
2026-01-29 17:32:19.414 10505-11069 okhttp.OkHttpClient     com.cdccreditsmart.app               I  x-xss-protection: 1; mode=block
2026-01-29 17:32:19.414 10505-11069 okhttp.OkHttpClient     com.cdccreditsmart.app               I  via: 1.1 google
2026-01-29 17:32:19.415 10505-11069 okhttp.OkHttpClient     com.cdccreditsmart.app               I  alt-svc: h3=":443"; ma=2592000,h3-29=":443"; ma=2592000
2026-01-29 17:32:19.416 10505-11069 okhttp.OkHttpClient     com.cdccreditsmart.app               I  {"error":"Dispositivo não encontrado","hint":"Use IMEI, Serial Number ou Device ID do aparelho cadastrado"}
2026-01-29 17:32:19.417 10505-11069 okhttp.OkHttpClient     com.cdccreditsmart.app               I  <-- END HTTP (108-byte body)
2026-01-29 17:32:19.419 10505-10702 MdmCommandReceiver      com.cdccreditsmart.app               I  🔍 HTTP Response code: 404
2026-01-29 17:32:19.420 10505-10702 MdmCommandReceiver      com.cdccreditsmart.app               I  🔍 HTTP isSuccessful: false
2026-01-29 17:32:19.420 10505-10702 MdmCommandReceiver      com.cdccreditsmart.app               E  ❌ ========================================
2026-01-29 17:32:19.420 10505-10702 MdmCommandReceiver      com.cdccreditsmart.app               E  ❌ ERRO AO BUSCAR COMANDOS PENDENTES
2026-01-29 17:32:19.420 10505-10702 MdmCommandReceiver      com.cdccreditsmart.app               E  ❌ ========================================
2026-01-29 17:32:19.420 10505-10702 MdmCommandReceiver      com.cdccreditsmart.app               E  ❌ HTTP Status: 404
2026-01-29 17:32:19.420 10505-10702 MdmCommandReceiver      com.cdccreditsmart.app               E  ❌ HTTP Message: 
2026-01-29 17:32:19.420 10505-10702 MdmCommandReceiver      com.cdccreditsmart.app               E  ❌ Error body: {"error":"Dispositivo não encontrado","hint":"Use IMEI, Serial Number ou Device ID do aparelho cadastrado"}
2026-01-29 17:32:19.420 10505-10702 MdmCommandReceiver      com.cdccreditsmart.app               E  ❌ ========================================
2026-01-29 17:32:19.420 10505-10702 MdmCommandReceiver      com.cdccreditsmart.app               E  ❌ Device não encontrado no backend!
2026-01-29 17:32:19.420 10505-10702 MdmCommandReceiver      com.cdccreditsmart.app               E  ❌ Identifier usado: 353104906953198
2026-01-29 17:32:19.421 10505-10702 MdmCommandReceiver      com.cdccreditsmart.app               I  🔍 [Polling #1] Verificando comandos pendentes...
2026-01-29 17:32:19.424 10505-10702 SecureTokenStorage      com.cdccreditsmart.app               D  ✅ Usando IMEI para MDM: 3531***198
2026-01-29 17:32:19.424 10505-10702 MdmCommandReceiver      com.cdccreditsmart.app               I  🔍 ========================================
2026-01-29 17:32:19.424 10505-10702 MdmCommandReceiver      com.cdccreditsmart.app               I  🔍 BUSCANDO COMANDOS PENDENTES
2026-01-29 17:32:19.425 10505-10702 MdmCommandReceiver      com.cdccreditsmart.app               I  🔍 ========================================
2026-01-29 17:32:19.425 10505-10702 MdmCommandReceiver      com.cdccreditsmart.app               I  🔍 Identifier: 353104906953198
2026-01-29 17:32:19.425 10505-10702 MdmCommandReceiver      com.cdccreditsmart.app               I  🔍 Endpoint: GET /api/apk/device/353104906953198/commands
2026-01-29 17:32:19.426 10505-10702 MdmCommandReceiver      com.cdccreditsmart.app               D  🔍 Executando requisição HTTP (timeout: 15s)...
2026-01-29 17:32:19.433 10505-11069 okhttp.OkHttpClient     com.cdccreditsmart.app               I  --> GET https://cdccreditsmart.com/api/apk/device/353104906953198/commands
2026-01-29 17:32:19.433 10505-11069 okhttp.OkHttpClient     com.cdccreditsmart.app               I  --> END GET
2026-01-29 17:32:19.504 10505-11105 okhttp.OkHttpClient     com.cdccreditsmart.app               I  --> POST https://cdccreditsmart.com/api/apk/device/heartbeat
2026-01-29 17:32:19.505 10505-11105 okhttp.OkHttpClient     com.cdccreditsmart.app               I  Content-Type: application/json; charset=UTF-8
2026-01-29 17:32:19.506 10505-11105 okhttp.OkHttpClient     com.cdccreditsmart.app               I  Content-Length: 396
2026-01-29 17:32:19.506 10505-11105 okhttp.OkHttpClient     com.cdccreditsmart.app               I  Authorization: Bearer eyJhbGciOiJIUzI1NiIsInR5cCI6IkpXVCJ9.eyJkZXZpY2VJZCI6ImRldmljZV8xNzY5MTM3MjgwMjgyX2w3c3JqZXNnMjUiLCJhcGtUb2tlbiI6IlFKM0g0TUtHIiwidHlwZSI6ImFwayIsImV4cGlyZXNJbiI6IjI0aCIsImlhdCI6MTc2OTcxODczOCwiZXhwIjoxNzY5ODA1MTM4fQ.9WfxOgwPUk6u2_WuY595FsdOGxl_Xa8WFrsxuSEifto
2026-01-29 17:32:19.507 10505-11105 okhttp.OkHttpClient     com.cdccreditsmart.app               I  {"deviceToken":"eyJhbGciOiJIUzI1NiIsInR5cCI6IkpXVCJ9.eyJkZXZpY2VJZCI6ImRldmljZV8xNzY5MTM3MjgwMjgyX2w3c3JqZXNnMjUiLCJhcGtUb2tlbiI6IlFKM0g0TUtHIiwidHlwZSI6ImFwayIsImV4cGlyZXNJbiI6IjI0aCIsImlhdCI6MTc2OTcxODczOCwiZXhwIjoxNzY5ODA1MTM4fQ.9WfxOgwPUk6u2_WuY595FsdOGxl_Xa8WFrsxuSEifto","currentBlockLevel":0,"batteryLevel":28,"isCharging":true,"currentSimImei":"353104906953198","timestamp":1769718738989}
2026-01-29 17:32:19.507 10505-11105 okhttp.OkHttpClient     com.cdccreditsmart.app               I  --> END POST (396-byte body)
2026-01-29 17:32:19.509 10505-11104 WebSocketManager        com.cdccreditsmart.app               D  WebSocket connection opened
2026-01-29 17:32:19.509 10505-11104 WebSocketManager        com.cdccreditsmart.app               D  WebSocket connected for contract: QJ3H4MKG
2026-01-29 17:32:19.509 10505-11104 WebSocketManager        com.cdccreditsmart.app               D  Starting heartbeat
2026-01-29 17:32:19.509 10505-11103 MdmCommandReceiver      com.cdccreditsmart.app               I  ✅ WebSocket MDM CONECTADO COM SUCESSO!
2026-01-29 17:32:19.509 10505-11103 MdmCommandReceiver      com.cdccreditsmart.app               D  ✅ Response code: 101
2026-01-29 17:32:19.509 10505-11103 MdmCommandReceiver      com.cdccreditsmart.app               I  🔐 Enviando autenticação WebSocket imediatamente (v2.5)...
2026-01-29 17:32:19.509 10505-10704 MdmCommandReceiver      com.cdccreditsmart.app               D  ⏰ Watchdog cancelado (conexão resolvida)
2026-01-29 17:32:19.512 10505-11103 SecureTokenStorage      com.cdccreditsmart.app               D  ✅ Usando IMEI para MDM: 3531***198
2026-01-29 17:32:19.516 10505-11103 MdmCommandReceiver      com.cdccreditsmart.app               I  🔐 ========================================
2026-01-29 17:32:19.517 10505-11103 MdmCommandReceiver      com.cdccreditsmart.app               I  🔐 ENVIANDO AUTENTICAÇÃO WEBSOCKET
2026-01-29 17:32:19.517 10505-11103 MdmCommandReceiver      com.cdccreditsmart.app               I  🔐 ========================================
2026-01-29 17:32:19.517 10505-11103 MdmCommandReceiver      com.cdccreditsmart.app               I  🔐 serialNumber (contractCode): QJ3H4MKG
2026-01-29 17:32:19.517 10505-11103 MdmCommandReceiver      com.cdccreditsmart.app               I  🔐 deviceToken: eyJhbGciOiJIUzI1NiIs...
2026-01-29 17:32:19.517 10505-11103 MdmCommandReceiver      com.cdccreditsmart.app               I  🔐 deviceFingerprint: N/A...
2026-01-29 17:32:19.517 10505-11103 MdmCommandReceiver      com.cdccreditsmart.app               I  🔐 imei: 3531***
2026-01-29 17:32:19.517 10505-11103 MdmCommandReceiver      com.cdccreditsmart.app               I  🔐 androidId: e147a607...
2026-01-29 17:32:19.517 10505-11103 MdmCommandReceiver      com.cdccreditsmart.app               I  🔐 apkVersion: 1.0.0-debug
2026-01-29 17:32:19.518 10505-11103 MdmCommandReceiver      com.cdccreditsmart.app               I  ✅ Mensagem de autenticação enviada com sucesso (7 campos)
2026-01-29 17:32:19.519 10505-11103 MdmCommandReceiver      com.cdccreditsmart.app               D  ⏳ Polling já está ativo - ignorando chamada duplicada
2026-01-29 17:32:19.520 10505-10704 MdmCommandReceiver      com.cdccreditsmart.app               I  💓 Iniciando ping manual JSON (intervalo: 40s)
2026-01-29 17:32:19.520 10505-11103 MdmCommandReceiver      com.cdccreditsmart.app               D  📥 Mensagem MDM recebida: {"type":"welcome","message":"Connected to unified WebSocket server","connectionId":"e4bc7638-e334-4cb9-a88e-e9b0f9617149","path":"/ws/mdm-policies","routerKey":"mdm-policies","timestamp":"2026-01-29T20:32:20.541Z","serverTime":"2026-01-29T20:32:20.541Z"}
2026-01-29 17:32:19.524 10505-10702 MdmCommandReceiver      com.cdccreditsmart.app               D  📥 JSON recebido: {"type":"welcome","message":"Connected to unified WebSocket server","connectionId":"e4bc7638-e334-4cb9-a88e-e9b0f9617149","path":"/ws/mdm-policies","routerKey":"mdm-policies","timestamp":"2026-01-29T20:32:20.541Z","serverTime":"2026-01-29T20:32:20.541Z"}
2026-01-29 17:32:19.524 10505-11103 MdmCommandReceiver      com.cdccreditsmart.app               D  📥 Mensagem MDM recebida: {"type":"auth_error","message":"Serial number or device fingerprint required for MDM connections","timestamp":"2026-01-29T20:32:20.542Z"}
2026-01-29 17:32:19.525 10505-11103 MdmCommandReceiver      com.cdccreditsmart.app               W  ⚠️ WebSocket MDM fechando (code=4001)
2026-01-29 17:32:19.525 10505-10704 MdmCommandReceiver      com.cdccreditsmart.app               D  📥 JSON recebido: {"type":"auth_error","message":"Serial number or device fingerprint required for MDM connections","timestamp":"2026-01-29T20:32:20.542Z"}
2026-01-29 17:32:19.573 10505-11106 okhttp.OkHttpClient     com.cdccreditsmart.app               I  --> POST https://cdccreditsmart.com/api/apk/device/heartbeat
2026-01-29 17:32:19.573 10505-11106 okhttp.OkHttpClient     com.cdccreditsmart.app               I  Content-Type: application/json; charset=UTF-8
2026-01-29 17:32:19.574 10505-11106 okhttp.OkHttpClient     com.cdccreditsmart.app               I  Content-Length: 159
2026-01-29 17:32:19.574 10505-11106 okhttp.OkHttpClient     com.cdccreditsmart.app               I  Authorization: Bearer eyJhbGciOiJIUzI1NiIsInR5cCI6IkpXVCJ9.eyJkZXZpY2VJZCI6ImRldmljZV8xNzY5MTM3MjgwMjgyX2w3c3JqZXNnMjUiLCJhcGtUb2tlbiI6IlFKM0g0TUtHIiwidHlwZSI6ImFwayIsImV4cGlyZXNJbiI6IjI0aCIsImlhdCI6MTc2OTcxODczOCwiZXhwIjoxNzY5ODA1MTM4fQ.9WfxOgwPUk6u2_WuY595FsdOGxl_Xa8WFrsxuSEifto
2026-01-29 17:32:19.576 10505-11106 okhttp.OkHttpClient     com.cdccreditsmart.app               I  {"timestamp":1769718739070,"status":"active","batteryLevel":28,"currentBlockLevel":0,"blockedAppsCount":0,"progressiveBlockActive":false,"isManualBlock":false}
2026-01-29 17:32:19.576 10505-11106 okhttp.OkHttpClient     com.cdccreditsmart.app               I  --> END POST (159-byte body)
2026-01-29 17:32:19.653 10505-10704 MdmCommandReceiver      com.cdccreditsmart.app               D  📨 Tipo de mensagem: auth_error
2026-01-29 17:32:19.654 10505-10702 MdmCommandReceiver      com.cdccreditsmart.app               D  📨 Tipo de mensagem: welcome
2026-01-29 17:32:19.656 10505-10702 MdmCommandReceiver      com.cdccreditsmart.app               D  👋 Mensagem de boas-vindas do servidor
2026-01-29 17:32:19.656 10505-10704 MdmCommandReceiver      com.cdccreditsmart.app               E  ❌ ========================================
2026-01-29 17:32:19.656 10505-10704 MdmCommandReceiver      com.cdccreditsmart.app               E  ❌ ERRO DE AUTENTICAÇÃO WEBSOCKET!
2026-01-29 17:32:19.656 10505-10704 MdmCommandReceiver      com.cdccreditsmart.app               E  ❌ ========================================
2026-01-29 17:32:19.657 10505-10704 MdmCommandReceiver      com.cdccreditsmart.app               E  ❌ Erro: Serial number or device fingerprint required for MDM connections
2026-01-29 17:32:19.657 10505-10704 MdmCommandReceiver      com.cdccreditsmart.app               E  ❌ Código: 
2026-01-29 17:32:19.680 10505-10519 creditsmart.app         com.cdccreditsmart.app               I  Background concurrent mark compact GC freed 13MB AllocSpace bytes, 87(3344KB) LOS objects, 62% free, 14MB/38MB, paused 1.400ms,6.974ms total 124.960ms
2026-01-29 17:32:19.830 10505-11069 okhttp.OkHttpClient     com.cdccreditsmart.app               I  <-- 404 https://cdccreditsmart.com/api/apk/device/353104906953198/commands (396ms)
2026-01-29 17:32:19.830 10505-11069 okhttp.OkHttpClient     com.cdccreditsmart.app               I  access-control-allow-credentials: true
2026-01-29 17:32:19.831 10505-11069 okhttp.OkHttpClient     com.cdccreditsmart.app               I  access-control-allow-headers: Origin, X-Requested-With, Content-Type, Accept, Authorization, x-client-key, x-client-token, x-client-secret, cache-control
2026-01-29 17:32:19.831 10505-11069 okhttp.OkHttpClient     com.cdccreditsmart.app               I  access-control-allow-methods: GET, POST, PUT, PATCH, DELETE, OPTIONS
2026-01-29 17:32:19.831 10505-11069 okhttp.OkHttpClient     com.cdccreditsmart.app               I  access-control-allow-origin: *
2026-01-29 17:32:19.831 10505-11069 okhttp.OkHttpClient     com.cdccreditsmart.app               I  access-control-max-age: 86400
2026-01-29 17:32:19.831 10505-11069 okhttp.OkHttpClient     com.cdccreditsmart.app               I  content-length: 108
2026-01-29 17:32:19.831 10505-11069 okhttp.OkHttpClient     com.cdccreditsmart.app               I  content-security-policy: default-src 'self'; script-src 'self' 'unsafe-inline' 'unsafe-eval' https://replit.com; style-src 'self' 'unsafe-inline' https://replit.com; img-src 'self' data: https:; font-src 'self' data: https://replit.com; connect-src 'self';
2026-01-29 17:32:19.831 10505-11069 okhttp.OkHttpClient     com.cdccreditsmart.app               I  content-type: application/json; charset=utf-8
2026-01-29 17:32:19.831 10505-11069 okhttp.OkHttpClient     com.cdccreditsmart.app               I  date: Thu, 29 Jan 2026 20:32:20 GMT
2026-01-29 17:32:19.831 10505-11069 okhttp.OkHttpClient     com.cdccreditsmart.app               I  etag: W/"6c-vuuciI00e6Pw0rqSTJRUmUCYNYs"
2026-01-29 17:32:19.831 10505-11069 okhttp.OkHttpClient     com.cdccreditsmart.app               I  permissions-policy: geolocation=(), microphone=(), camera=()
2026-01-29 17:32:19.831 10505-11069 okhttp.OkHttpClient     com.cdccreditsmart.app               I  referrer-policy: strict-origin-when-cross-origin
2026-01-29 17:32:19.832 10505-11069 okhttp.OkHttpClient     com.cdccreditsmart.app               I  strict-transport-security: max-age=63072000; includeSubDomains
2026-01-29 17:32:19.832 10505-11069 okhttp.OkHttpClient     com.cdccreditsmart.app               I  strict-transport-security: max-age=31536000; includeSubDomains
2026-01-29 17:32:19.832 10505-11069 okhttp.OkHttpClient     com.cdccreditsmart.app               I  x-anti-fraud-protection: active
2026-01-29 17:32:19.832 10505-11069 okhttp.OkHttpClient     com.cdccreditsmart.app               I  x-certificate-pinning-enabled: false
2026-01-29 17:32:19.832 10505-11069 okhttp.OkHttpClient     com.cdccreditsmart.app               I  x-certificate-pinning-status: disabled-for-stability
2026-01-29 17:32:19.832 10505-11069 okhttp.OkHttpClient     com.cdccreditsmart.app               I  x-content-type-options: nosniff
2026-01-29 17:32:19.832 10505-11069 okhttp.OkHttpClient     com.cdccreditsmart.app               I  x-financial-data-protection: enabled
2026-01-29 17:32:19.832 10505-11069 okhttp.OkHttpClient     com.cdccreditsmart.app               I  x-frame-options: DENY
2026-01-29 17:32:19.832 10505-11069 okhttp.OkHttpClient     com.cdccreditsmart.app               I  x-transaction-security-level: maximum
2026-01-29 17:32:19.832 10505-11069 okhttp.OkHttpClient     com.cdccreditsmart.app               I  x-xss-protection: 1; mode=block
2026-01-29 17:32:19.832 10505-11069 okhttp.OkHttpClient     com.cdccreditsmart.app               I  via: 1.1 google
2026-01-29 17:32:19.832 10505-11069 okhttp.OkHttpClient     com.cdccreditsmart.app               I  alt-svc: h3=":443"; ma=2592000,h3-29=":443"; ma=2592000
2026-01-29 17:32:19.834 10505-11069 okhttp.OkHttpClient     com.cdccreditsmart.app               I  {"error":"Dispositivo não encontrado","hint":"Use IMEI, Serial Number ou Device ID do aparelho cadastrado"}
2026-01-29 17:32:19.834 10505-11069 okhttp.OkHttpClient     com.cdccreditsmart.app               I  <-- END HTTP (108-byte body)
2026-01-29 17:32:19.836 10505-10704 MdmCommandReceiver      com.cdccreditsmart.app               I  🔍 HTTP Response code: 404
2026-01-29 17:32:19.836 10505-10704 MdmCommandReceiver      com.cdccreditsmart.app               I  🔍 HTTP isSuccessful: false
2026-01-29 17:32:19.836 10505-10704 MdmCommandReceiver      com.cdccreditsmart.app               E  ❌ ========================================
2026-01-29 17:32:19.836 10505-10704 MdmCommandReceiver      com.cdccreditsmart.app               E  ❌ ERRO AO BUSCAR COMANDOS PENDENTES
2026-01-29 17:32:19.836 10505-10704 MdmCommandReceiver      com.cdccreditsmart.app               E  ❌ ========================================
2026-01-29 17:32:19.836 10505-10704 MdmCommandReceiver      com.cdccreditsmart.app               E  ❌ HTTP Status: 404
2026-01-29 17:32:19.836 10505-10704 MdmCommandReceiver      com.cdccreditsmart.app               E  ❌ HTTP Message: 
2026-01-29 17:32:19.836 10505-10704 MdmCommandReceiver      com.cdccreditsmart.app               E  ❌ Error body: {"error":"Dispositivo não encontrado","hint":"Use IMEI, Serial Number ou Device ID do aparelho cadastrado"}
2026-01-29 17:32:19.836 10505-10704 MdmCommandReceiver      com.cdccreditsmart.app               E  ❌ ========================================
2026-01-29 17:32:19.836 10505-10704 MdmCommandReceiver      com.cdccreditsmart.app               E  ❌ Device não encontrado no backend!
2026-01-29 17:32:19.836 10505-10704 MdmCommandReceiver      com.cdccreditsmart.app               E  ❌ Identifier usado: 353104906953198
2026-01-29 17:32:20.195 10505-11106 okhttp.OkHttpClient     com.cdccreditsmart.app               I  <-- 200 https://cdccreditsmart.com/api/apk/device/heartbeat (618ms)
2026-01-29 17:32:20.196 10505-11106 okhttp.OkHttpClient     com.cdccreditsmart.app               I  access-control-allow-credentials: true
2026-01-29 17:32:20.196 10505-11106 okhttp.OkHttpClient     com.cdccreditsmart.app               I  access-control-allow-headers: Origin, X-Requested-With, Content-Type, Accept, Authorization, x-client-key, x-client-token, x-client-secret, cache-control
2026-01-29 17:32:20.196 10505-11106 okhttp.OkHttpClient     com.cdccreditsmart.app               I  access-control-allow-methods: GET, POST, PUT, PATCH, DELETE, OPTIONS
2026-01-29 17:32:20.196 10505-11106 okhttp.OkHttpClient     com.cdccreditsmart.app               I  access-control-allow-origin: *
2026-01-29 17:32:20.196 10505-11106 okhttp.OkHttpClient     com.cdccreditsmart.app               I  access-control-max-age: 86400
2026-01-29 17:32:20.196 10505-11106 okhttp.OkHttpClient     com.cdccreditsmart.app               I  content-length: 351
2026-01-29 17:32:20.196 10505-11106 okhttp.OkHttpClient     com.cdccreditsmart.app               I  content-security-policy: default-src 'self'; script-src 'self' 'unsafe-inline' 'unsafe-eval' https://replit.com; style-src 'self' 'unsafe-inline' https://replit.com; img-src 'self' data: https:; font-src 'self' data: https://replit.com; connect-src 'self';
2026-01-29 17:32:20.196 10505-11106 okhttp.OkHttpClient     com.cdccreditsmart.app               I  content-type: application/json; charset=utf-8
2026-01-29 17:32:20.196 10505-11106 okhttp.OkHttpClient     com.cdccreditsmart.app               I  date: Thu, 29 Jan 2026 20:32:21 GMT
2026-01-29 17:32:20.196 10505-11106 okhttp.OkHttpClient     com.cdccreditsmart.app               I  etag: W/"15f-WoomdNfiK/DuQJ5H0gkk/vgEvqU"
2026-01-29 17:32:20.196 10505-11106 okhttp.OkHttpClient     com.cdccreditsmart.app               I  permissions-policy: geolocation=(), microphone=(), camera=()
2026-01-29 17:32:20.196 10505-11106 okhttp.OkHttpClient     com.cdccreditsmart.app               I  referrer-policy: strict-origin-when-cross-origin
2026-01-29 17:32:20.197 10505-11106 okhttp.OkHttpClient     com.cdccreditsmart.app               I  strict-transport-security: max-age=63072000; includeSubDomains
2026-01-29 17:32:20.197 10505-11106 okhttp.OkHttpClient     com.cdccreditsmart.app               I  strict-transport-security: max-age=31536000; includeSubDomains
2026-01-29 17:32:20.197 10505-11106 okhttp.OkHttpClient     com.cdccreditsmart.app               I  x-anti-fraud-protection: active
2026-01-29 17:32:20.197 10505-11106 okhttp.OkHttpClient     com.cdccreditsmart.app               I  x-certificate-pinning-enabled: false
2026-01-29 17:32:20.197 10505-11106 okhttp.OkHttpClient     com.cdccreditsmart.app               I  x-certificate-pinning-status: disabled-for-stability
2026-01-29 17:32:20.197 10505-11106 okhttp.OkHttpClient     com.cdccreditsmart.app               I  x-content-type-options: nosniff
2026-01-29 17:32:20.197 10505-11106 okhttp.OkHttpClient     com.cdccreditsmart.app               I  x-financial-data-protection: enabled
2026-01-29 17:32:20.197 10505-11106 okhttp.OkHttpClient     com.cdccreditsmart.app               I  x-frame-options: DENY
2026-01-29 17:32:20.197 10505-11106 okhttp.OkHttpClient     com.cdccreditsmart.app               I  x-transaction-security-level: maximum
2026-01-29 17:32:20.197 10505-11106 okhttp.OkHttpClient     com.cdccreditsmart.app               I  x-xss-protection: 1; mode=block
2026-01-29 17:32:20.198 10505-11106 okhttp.OkHttpClient     com.cdccreditsmart.app               I  via: 1.1 google
2026-01-29 17:32:20.198 10505-11106 okhttp.OkHttpClient     com.cdccreditsmart.app               I  alt-svc: h3=":443"; ma=2592000,h3-29=":443"; ma=2592000
2026-01-29 17:32:20.199 10505-11106 okhttp.OkHttpClient     com.cdccreditsmart.app               I  {"success":true,"requiresBackendRevalidation":false,"phoneNumbersProcessed":false,"complianceStatus":"NON_COMPLIANT","expectedBlockLevel":5,"message":"Expected level 5, reported 0","complianceConfig":{"maxComplianceCorrections":3,"correctionWindowMinutes":30,"autoBlockOnLimitReached":true,"enableDetailedTelemetry":true,"telemetryIntervalMinutes":5}}
2026-01-29 17:32:20.199 10505-11106 okhttp.OkHttpClient     com.cdccreditsmart.app               I  <-- END HTTP (351-byte body)
2026-01-29 17:32:20.205 10505-11105 okhttp.OkHttpClient     com.cdccreditsmart.app               I  <-- 200 https://cdccreditsmart.com/api/apk/device/heartbeat (697ms)
2026-01-29 17:32:20.205 10505-11105 okhttp.OkHttpClient     com.cdccreditsmart.app               I  access-control-allow-credentials: true
2026-01-29 17:32:20.205 10505-11105 okhttp.OkHttpClient     com.cdccreditsmart.app               I  access-control-allow-headers: Origin, X-Requested-With, Content-Type, Accept, Authorization, x-client-key, x-client-token, x-client-secret, cache-control
2026-01-29 17:32:20.205 10505-11105 okhttp.OkHttpClient     com.cdccreditsmart.app               I  access-control-allow-methods: GET, POST, PUT, PATCH, DELETE, OPTIONS
2026-01-29 17:32:20.205 10505-11105 okhttp.OkHttpClient     com.cdccreditsmart.app               I  access-control-allow-origin: *
2026-01-29 17:32:20.205 10505-11105 okhttp.OkHttpClient     com.cdccreditsmart.app               I  access-control-max-age: 86400
2026-01-29 17:32:20.205 10505-11105 okhttp.OkHttpClient     com.cdccreditsmart.app               I  content-length: 350
2026-01-29 17:32:20.205 10505-11105 okhttp.OkHttpClient     com.cdccreditsmart.app               I  content-security-policy: default-src 'self'; script-src 'self' 'unsafe-inline' 'unsafe-eval' https://replit.com; style-src 'self' 'unsafe-inline' https://replit.com; img-src 'self' data: https:; font-src 'self' data: https://replit.com; connect-src 'self';
2026-01-29 17:32:20.205 10505-11105 okhttp.OkHttpClient     com.cdccreditsmart.app               I  content-type: application/json; charset=utf-8
2026-01-29 17:32:20.205 10505-11105 okhttp.OkHttpClient     com.cdccreditsmart.app               I  date: Thu, 29 Jan 2026 20:32:21 GMT
2026-01-29 17:32:20.205 10505-11105 okhttp.OkHttpClient     com.cdccreditsmart.app               I  etag: W/"15e-waj858YqA4KEG/1hzJa4Xk5snGs"
2026-01-29 17:32:20.206 10505-11105 okhttp.OkHttpClient     com.cdccreditsmart.app               I  permissions-policy: geolocation=(), microphone=(), camera=()
2026-01-29 17:32:20.206 10505-11105 okhttp.OkHttpClient     com.cdccreditsmart.app               I  referrer-policy: strict-origin-when-cross-origin
2026-01-29 17:32:20.206 10505-11105 okhttp.OkHttpClient     com.cdccreditsmart.app               I  strict-transport-security: max-age=63072000; includeSubDomains
2026-01-29 17:32:20.206 10505-11105 okhttp.OkHttpClient     com.cdccreditsmart.app               I  strict-transport-security: max-age=31536000; includeSubDomains
2026-01-29 17:32:20.206 10505-11105 okhttp.OkHttpClient     com.cdccreditsmart.app               I  x-anti-fraud-protection: active
2026-01-29 17:32:20.206 10505-11105 okhttp.OkHttpClient     com.cdccreditsmart.app               I  x-certificate-pinning-enabled: false
2026-01-29 17:32:20.206 10505-11105 okhttp.OkHttpClient     com.cdccreditsmart.app               I  x-certificate-pinning-status: disabled-for-stability
2026-01-29 17:32:20.206 10505-11105 okhttp.OkHttpClient     com.cdccreditsmart.app               I  x-content-type-options: nosniff
2026-01-29 17:32:20.206 10505-11105 okhttp.OkHttpClient     com.cdccreditsmart.app               I  x-financial-data-protection: enabled
2026-01-29 17:32:20.206 10505-11105 okhttp.OkHttpClient     com.cdccreditsmart.app               I  x-frame-options: DENY
2026-01-29 17:32:20.206 10505-11105 okhttp.OkHttpClient     com.cdccreditsmart.app               I  x-transaction-security-level: maximum
2026-01-29 17:32:20.206 10505-11105 okhttp.OkHttpClient     com.cdccreditsmart.app               I  x-xss-protection: 1; mode=block
2026-01-29 17:32:20.206 10505-11105 okhttp.OkHttpClient     com.cdccreditsmart.app               I  via: 1.1 google
2026-01-29 17:32:20.206 10505-11105 okhttp.OkHttpClient     com.cdccreditsmart.app               I  alt-svc: h3=":443"; ma=2592000,h3-29=":443"; ma=2592000
2026-01-29 17:32:20.207 10505-10704 CdcForegroundService    com.cdccreditsmart.app               I  🔄 Resposta do backend:
2026-01-29 17:32:20.207 10505-10704 CdcForegroundService    com.cdccreditsmart.app               I  🔄    complianceStatus: NON_COMPLIANT
2026-01-29 17:32:20.207 10505-10704 CdcForegroundService    com.cdccreditsmart.app               I  🔄    expectedBlockLevel: 5
2026-01-29 17:32:20.207 10505-10704 CdcForegroundService    com.cdccreditsmart.app               I  🔄    currentLocalLevel: 0
2026-01-29 17:32:20.207 10505-10704 CdcForegroundService    com.cdccreditsmart.app               W  🔄 ⚠️ DISCREPÂNCIA DETECTADA!
2026-01-29 17:32:20.207 10505-10704 CdcForegroundService    com.cdccreditsmart.app               W  🔄    Backend espera: 5, Local: 0
2026-01-29 17:32:20.207 10505-10704 CdcForegroundService    com.cdccreditsmart.app               I  🔄 📦 Aplicando bloqueio nível 5...
2026-01-29 17:32:20.208 10505-11105 okhttp.OkHttpClient     com.cdccreditsmart.app               I  {"success":true,"requiresBackendRevalidation":true,"phoneNumbersProcessed":false,"complianceStatus":"NON_COMPLIANT","expectedBlockLevel":5,"message":"Expected level 5, reported 0","complianceConfig":{"maxComplianceCorrections":3,"correctionWindowMinutes":30,"autoBlockOnLimitReached":true,"enableDetailedTelemetry":true,"telemetryIntervalMinutes":5}}
2026-01-29 17:32:20.208 10505-11105 okhttp.OkHttpClient     com.cdccreditsmart.app               I  <-- END HTTP (350-byte body)
2026-01-29 17:32:20.208 10505-10704 AppPolicyManager        com.cdccreditsmart.app               I  
2026-01-29 17:32:20.208 10505-10704 AppPolicyManager        com.cdccreditsmart.app               I  ╔════════════════════════════════════════════════════════════════╗
2026-01-29 17:32:20.208 10505-10704 AppPolicyManager        com.cdccreditsmart.app               I  ║  🔒 APLICANDO BLOQUEIO PROGRESSIVO                             ║
2026-01-29 17:32:20.208 10505-10704 AppPolicyManager        com.cdccreditsmart.app               I  ╠════════════════════════════════════════════════════════════════╣
2026-01-29 17:32:20.209 10505-10704 AppPolicyManager        com.cdccreditsmart.app               I  ║  Nível efetivo: 5 (target=5, level=0)
2026-01-29 17:32:20.209 10505-10704 AppPolicyManager        com.cdccreditsmart.app               I  ║  Nível anterior: 0
2026-01-29 17:32:20.209 10505-10704 AppPolicyManager        com.cdccreditsmart.app               I  ║  Transição: PRIMEIRO BLOQUEIO (0 → 5)
2026-01-29 17:32:20.209 10505-10704 AppPolicyManager        com.cdccreditsmart.app               I  ║  Dias de atraso: 0
2026-01-29 17:32:20.209 10505-10704 AppPolicyManager        com.cdccreditsmart.app               I  ║  Formato: legacy (categories)
2026-01-29 17:32:20.209 10505-10704 AppPolicyManager        com.cdccreditsmart.app               I  ╚════════════════════════════════════════════════════════════════╝
2026-01-29 17:32:20.209 10505-10704 AppPolicyManager        com.cdccreditsmart.app               I  📋 Formato detectado: Legacy (rules/categories)
2026-01-29 17:32:20.209 10505-10704 AppPolicyManager        com.cdccreditsmart.app               D     Legacy - rules: 0
2026-01-29 17:32:20.209 10505-10704 AppPolicyManager        com.cdccreditsmart.app               D     Legacy - categories: 5
2026-01-29 17:32:20.209 10505-10704 AppPolicyManager        com.cdccreditsmart.app               D     Legacy - exceptions: 0
2026-01-29 17:32:20.210 10505-10704 AppPolicyManager        com.cdccreditsmart.app               D  Estado anterior - Nível: 0, Categorias: 0
2026-01-29 17:32:20.210 10505-10704 AppPolicyManager        com.cdccreditsmart.app               D  📊 [Referência/Legacy] Categorias do getCategoriesForLevel(5): 10
2026-01-29 17:32:20.210 10505-10704 AppPolicyManager        com.cdccreditsmart.app               I  📦 MODO LEGACY: Usando extractCategoriesFromRules...
2026-01-29 17:32:20.210 10505-10704 AppPolicyManager        com.cdccreditsmart.app               I     🎯 Legacy: Usando TODAS as categorias do backend SEM filtro de nível
2026-01-29 17:32:20.210 10505-10704 AppPolicyManager        com.cdccreditsmart.app               D  📋 Sem rules - usando categorias diretas do comando (backward compatibility)
2026-01-29 17:32:20.210 10505-10704 AppPolicyManager        com.cdccreditsmart.app               D  📋 Categorias diretas: 5
2026-01-29 17:32:20.210 10505-10704 AppPolicyManager        com.cdccreditsmart.app               D  📋 Exceptions diretas: 0
2026-01-29 17:32:20.210 10505-10704 AppPolicyManager        com.cdccreditsmart.app               I     📂 Categorias extraídas: 5
2026-01-29 17:32:20.210 10505-10704 AppPolicyManager        com.cdccreditsmart.app               D     📂 Categorias: [games, streaming, social, shopping, productivity]
2026-01-29 17:32:20.211 10505-10704 AppPolicyManager        com.cdccreditsmart.app               I  ⬆️ Nível AUMENTOU (0 → 5): ACUMULANDO categorias
2026-01-29 17:32:20.211 10505-10704 AppPolicyManager        com.cdccreditsmart.app               D     📊 Categorias acumuladas: 5
2026-01-29 17:32:20.211 10505-10702 HeartbeatManager        com.cdccreditsmart.app               I  ✅ Heartbeat aceito pelo backend (HTTP 200)
2026-01-29 17:32:20.211 10505-10702 HeartbeatManager        com.cdccreditsmart.app               D  📊 Resposta do heartbeat:
2026-01-29 17:32:20.211 10505-10702 HeartbeatManager        com.cdccreditsmart.app               D     success: true
2026-01-29 17:32:20.211 10505-10702 HeartbeatManager        com.cdccreditsmart.app               D     complianceStatus: NON_COMPLIANT
2026-01-29 17:32:20.211 10505-10702 HeartbeatManager        com.cdccreditsmart.app               D     expectedBlockLevel: 5
2026-01-29 17:32:20.211 10505-10702 HeartbeatManager        com.cdccreditsmart.app               D     requiresBackendRevalidation: true
2026-01-29 17:32:20.211 10505-10702 HeartbeatManager        com.cdccreditsmart.app               W  ⚠️ Backend exige revalidação de IMEI!
2026-01-29 17:32:20.212 10505-10702 HeartbeatManager        com.cdccreditsmart.app               W  
2026-01-29 17:32:20.212 10505-10702 HeartbeatManager        com.cdccreditsmart.app               W  ╔════════════════════════════════════════════════════╗
2026-01-29 17:32:20.212 10505-10702 HeartbeatManager        com.cdccreditsmart.app               W  ║  ⚠️ DISPOSITIVO NÃO-CONFORME DETECTADO!          ║
2026-01-29 17:32:20.212 10505-10702 HeartbeatManager        com.cdccreditsmart.app               W  ╠════════════════════════════════════════════════════╣
2026-01-29 17:32:20.212 10505-10702 HeartbeatManager        com.cdccreditsmart.app               W  ║  Nível atual: 0                              ║
2026-01-29 17:32:20.212 10505-10702 HeartbeatManager        com.cdccreditsmart.app               W  ║  Nível esperado: 5                            ║
2026-01-29 17:32:20.212 10505-10702 HeartbeatManager        com.cdccreditsmart.app               W  ║  Tentativa: 1/3                         ║
2026-01-29 17:32:20.212 10505-10702 HeartbeatManager        com.cdccreditsmart.app               W  ╚════════════════════════════════════════════════════╝
2026-01-29 17:32:20.212 10505-10702 HeartbeatManager        com.cdccreditsmart.app               W  
2026-01-29 17:32:20.212 10505-10702 HeartbeatManager        com.cdccreditsmart.app               I  🔧 Chamando forceComplianceCorrection(5)...
2026-01-29 17:32:20.212 10505-10702 AppPolicyManager        com.cdccreditsmart.app               W  ⚠️ NÃO-CONFORMIDADE DETECTADA pelo backend!
2026-01-29 17:32:20.212 10505-10702 AppPolicyManager        com.cdccreditsmart.app               W     Nível atual (SharedPrefs): 0
2026-01-29 17:32:20.212 10505-10702 AppPolicyManager        com.cdccreditsmart.app               W     Nível esperado: 5
2026-01-29 17:32:20.212 10505-10702 AppPolicyManager        com.cdccreditsmart.app               I  🔧 Iniciando correção para nível 5...
2026-01-29 17:32:20.213 10505-10702 AppPolicyManager        com.cdccreditsmart.app               I  ✅ App é Device Owner - prosseguindo com correção
2026-01-29 17:32:20.213 10505-10702 AppPolicyManager        com.cdccreditsmart.app               I     → Categorias para nível 5: [gallery_photos, video_players, browsers, youtube_tiktok, music, play_store, games, social_media, non_essential_apps, all_apps]
2026-01-29 17:32:20.213 10505-10702 AppPolicyManager        com.cdccreditsmart.app               I     → Chamando applyProgressiveBlock()...
2026-01-29 17:32:20.213 10505-10702 AppPolicyManager        com.cdccreditsmart.app               I  
2026-01-29 17:32:20.213 10505-10702 AppPolicyManager        com.cdccreditsmart.app               I  ╔════════════════════════════════════════════════════════════════╗
2026-01-29 17:32:20.213 10505-10702 AppPolicyManager        com.cdccreditsmart.app               I  ║  🔒 APLICANDO BLOQUEIO PROGRESSIVO                             ║
2026-01-29 17:32:20.213 10505-10702 AppPolicyManager        com.cdccreditsmart.app               I  ╠════════════════════════════════════════════════════════════════╣
2026-01-29 17:32:20.213 10505-10702 AppPolicyManager        com.cdccreditsmart.app               I  ║  Nível efetivo: 5 (target=5, level=0)
2026-01-29 17:32:20.214 10505-10702 AppPolicyManager        com.cdccreditsmart.app               I  ║  Nível anterior: 0
2026-01-29 17:32:20.214 10505-10702 AppPolicyManager        com.cdccreditsmart.app               I  ║  Transição: PRIMEIRO BLOQUEIO (0 → 5)
2026-01-29 17:32:20.214 10505-10702 AppPolicyManager        com.cdccreditsmart.app               I  ║  Dias de atraso: 0
2026-01-29 17:32:20.214 10505-10702 AppPolicyManager        com.cdccreditsmart.app               I  ║  Formato: legacy (categories)
2026-01-29 17:32:20.214 10505-10702 AppPolicyManager        com.cdccreditsmart.app               I  ╚════════════════════════════════════════════════════════════════╝
2026-01-29 17:32:20.214 10505-10702 AppPolicyManager        com.cdccreditsmart.app               I  📋 Formato detectado: Legacy (rules/categories)
2026-01-29 17:32:20.214 10505-10702 AppPolicyManager        com.cdccreditsmart.app               D     Legacy - rules: 0
2026-01-29 17:32:20.214 10505-10702 AppPolicyManager        com.cdccreditsmart.app               D     Legacy - categories: 10
2026-01-29 17:32:20.214 10505-10702 AppPolicyManager        com.cdccreditsmart.app               D     Legacy - exceptions: 0
2026-01-29 17:32:20.215 10505-10702 AppPolicyManager        com.cdccreditsmart.app               D  Estado anterior - Nível: 0, Categorias: 0
2026-01-29 17:32:20.215 10505-10702 AppPolicyManager        com.cdccreditsmart.app               D  📊 [Referência/Legacy] Categorias do getCategoriesForLevel(5): 10
2026-01-29 17:32:20.215 10505-10702 AppPolicyManager        com.cdccreditsmart.app               I  📦 MODO LEGACY: Usando extractCategoriesFromRules...
2026-01-29 17:32:20.215 10505-10702 AppPolicyManager        com.cdccreditsmart.app               I     🎯 Legacy: Usando TODAS as categorias do backend SEM filtro de nível
2026-01-29 17:32:20.216 10505-10702 AppPolicyManager        com.cdccreditsmart.app               D  📋 Sem rules - usando categorias diretas do comando (backward compatibility)
2026-01-29 17:32:20.216 10505-10702 AppPolicyManager        com.cdccreditsmart.app               D  📋 Categorias diretas: 10
2026-01-29 17:32:20.216 10505-10702 AppPolicyManager        com.cdccreditsmart.app               D  📋 Exceptions diretas: 0
2026-01-29 17:32:20.216 10505-10702 AppPolicyManager        com.cdccreditsmart.app               I     📂 Categorias extraídas: 10
2026-01-29 17:32:20.216 10505-10702 AppPolicyManager        com.cdccreditsmart.app               D     📂 Categorias: [gallery_photos, video_players, browsers, youtube_tiktok, music, play_store, games, social_media, non_essential_apps, all_apps]
2026-01-29 17:32:20.216 10505-10702 AppPolicyManager        com.cdccreditsmart.app               I  ⬆️ Nível AUMENTOU (0 → 5): ACUMULANDO categorias
2026-01-29 17:32:20.216 10505-10702 AppPolicyManager        com.cdccreditsmart.app               D     📊 Categorias acumuladas: 10
2026-01-29 17:32:20.249 10505-10704 CategoryMapper          com.cdccreditsmart.app               I  🔍 Processando 5 categorias para bloqueio
2026-01-29 17:32:20.249 10505-10704 CategoryMapper          com.cdccreditsmart.app               D  Categorias: [games, streaming, social, shopping, productivity]
2026-01-29 17:32:20.249 10505-10704 CategoryMapper          com.cdccreditsmart.app               D  Exceções: []
2026-01-29 17:32:20.260 10505-10704 CategoryMapper          com.cdccreditsmart.app               D  ✅ App bloqueável detectado: com.google.android.networkstack.tethering
2026-01-29 17:32:20.262 10505-10702 CategoryMapper          com.cdccreditsmart.app               I  🔍 Processando 10 categorias para bloqueio
2026-01-29 17:32:20.262 10505-10702 CategoryMapper          com.cdccreditsmart.app               D  Categorias: [gallery_photos, video_players, browsers, youtube_tiktok, music, play_store, games, social_media, non_essential_apps, all_apps]
2026-01-29 17:32:20.262 10505-10702 CategoryMapper          com.cdccreditsmart.app               D  Exceções: []
2026-01-29 17:32:20.262 10505-10704 CategoryMapper          com.cdccreditsmart.app               W  ⚠️ Categoria desconhecida: streaming
2026-01-29 17:32:20.262 10505-10704 CategoryMapper          com.cdccreditsmart.app               W  ⚠️ Categoria desconhecida: social
2026-01-29 17:32:20.262 10505-10704 CategoryMapper          com.cdccreditsmart.app               W  ⚠️ Categoria desconhecida: shopping
2026-01-29 17:32:20.262 10505-10704 CategoryMapper          com.cdccreditsmart.app               W  ⚠️ Categoria desconhecida: productivity
2026-01-29 17:32:20.266 10505-10704 CategoryMapper          com.cdccreditsmart.app               D  ✅ App bloqueável detectado: com.mediatek.ims
2026-01-29 17:32:20.267 10505-10704 CategoryMapper          com.cdccreditsmart.app               W  ⚠️ Categoria desconhecida: streaming
2026-01-29 17:32:20.267 10505-10704 CategoryMapper          com.cdccreditsmart.app               W  ⚠️ Categoria desconhecida: social
2026-01-29 17:32:20.267 10505-10704 CategoryMapper          com.cdccreditsmart.app               W  ⚠️ Categoria desconhecida: shopping
2026-01-29 17:32:20.267 10505-10704 CategoryMapper          com.cdccreditsmart.app               W  ⚠️ Categoria desconhecida: productivity
2026-01-29 17:32:20.268 10505-10702 CategoryMapper          com.cdccreditsmart.app               D  ✅ App bloqueável detectado: com.google.android.networkstack.tethering
2026-01-29 17:32:20.272 10505-10704 CategoryMapper          com.cdccreditsmart.app               D  ✅ App bloqueável detectado: com.google.android.apps.subscriptions.red
2026-01-29 17:32:20.272 10505-10702 CategoryMapper          com.cdccreditsmart.app               D  ✅ Match: com.google.android.networkstack.tethering pertence à categoria 'non_essential_apps'
2026-01-29 17:32:20.272 10505-10702 CategoryMapper          com.cdccreditsmart.app               D  🔒 Marcado para bloqueio: com.google.android.networkstack.tethering
