2025-12-08 09:05:50.226 14117-14117 WebSocketManager        com.cdccreditsmart.app               D  Heartbeat ping sent
2025-12-08 09:05:50.432 14117-14176 WebSocketManager        com.cdccreditsmart.app               D  Message received: {"type":"pong","timestamp":"2025-12-08T12:05:50.728Z"}...
2025-12-08 09:05:50.432 14117-14176 WebSocketManager        com.cdccreditsmart.app               D  Received message type: pong
2025-12-08 09:05:50.432 14117-14176 WebSocketManager        com.cdccreditsmart.app               D  Pong received
2025-12-08 09:05:50.434 14117-14158 MdmCommandReceiver      com.cdccreditsmart.app               I  ğŸ” [Polling #14] Verificando comandos pendentes...
2025-12-08 09:05:50.434 14117-14158 SecureTokenStorage      com.cdccreditsmart.app               D  âš ï¸ Usando Serial Number para MDM (IMEI indisponÃ­vel): XV8W57...
2025-12-08 09:05:50.434 14117-14158 MdmCommandReceiver      com.cdccreditsmart.app               I  ğŸ” ========================================
2025-12-08 09:05:50.434 14117-14158 MdmCommandReceiver      com.cdccreditsmart.app               I  ğŸ” BUSCANDO COMANDOS PENDENTES
2025-12-08 09:05:50.434 14117-14158 MdmCommandReceiver      com.cdccreditsmart.app               I  ğŸ” ========================================
2025-12-08 09:05:50.434 14117-14158 MdmCommandReceiver      com.cdccreditsmart.app               I  ğŸ” Identifier: XV8W5766
2025-12-08 09:05:50.434 14117-14158 MdmCommandReceiver      com.cdccreditsmart.app               I  ğŸ” Endpoint: GET /api/apk/device/XV8W5766/commands
2025-12-08 09:05:50.435 14117-14158 MdmCommandReceiver      com.cdccreditsmart.app               D  ğŸ” Executando requisiÃ§Ã£o HTTP (timeout: 15s)...
2025-12-08 09:05:50.436 14117-14168 okhttp.OkHttpClient     com.cdccreditsmart.app               I  --> GET https://cdccreditsmart.com/api/apk/device/XV8W5766/commands
2025-12-08 09:05:50.436 14117-14168 okhttp.OkHttpClient     com.cdccreditsmart.app               I  --> END GET
2025-12-08 09:05:50.455 14117-14168 SecureTokenStorage      com.cdccreditsmart.app               D  EncryptedSharedPreferences initialized successfully
2025-12-08 09:05:51.029 14117-14168 okhttp.OkHttpClient     com.cdccreditsmart.app               I  <-- 200 https://cdccreditsmart.com/api/apk/device/XV8W5766/commands (592ms)
2025-12-08 09:05:51.029 14117-14168 okhttp.OkHttpClient     com.cdccreditsmart.app               I  access-control-allow-credentials: true
2025-12-08 09:05:51.029 14117-14168 okhttp.OkHttpClient     com.cdccreditsmart.app               I  access-control-allow-headers: Origin, X-Requested-With, Content-Type, Accept, Authorization, x-client-key, x-client-token, x-client-secret, cache-control
2025-12-08 09:05:51.030 14117-14168 okhttp.OkHttpClient     com.cdccreditsmart.app               I  access-control-allow-methods: GET, POST, PUT, PATCH, DELETE, OPTIONS
2025-12-08 09:05:51.030 14117-14168 okhttp.OkHttpClient     com.cdccreditsmart.app               I  access-control-allow-origin: *
2025-12-08 09:05:51.030 14117-14168 okhttp.OkHttpClient     com.cdccreditsmart.app               I  access-control-max-age: 86400
2025-12-08 09:05:51.030 14117-14168 okhttp.OkHttpClient     com.cdccreditsmart.app               I  content-length: 105
2025-12-08 09:05:51.030 14117-14168 okhttp.OkHttpClient     com.cdccreditsmart.app               I  content-security-policy: default-src 'self'; script-src 'self' 'unsafe-inline' 'unsafe-eval' https://replit.com; style-src 'self' 'unsafe-inline' https://replit.com; img-src 'self' data: https:; font-src 'self' data: https://replit.com; connect-src 'self';
2025-12-08 09:05:51.030 14117-14168 okhttp.OkHttpClient     com.cdccreditsmart.app               I  content-type: application/json; charset=utf-8
2025-12-08 09:05:51.031 14117-14168 okhttp.OkHttpClient     com.cdccreditsmart.app               I  date: Mon, 08 Dec 2025 12:05:51 GMT
2025-12-08 09:05:51.031 14117-14168 okhttp.OkHttpClient     com.cdccreditsmart.app               I  etag: W/"69-JnxUXIkeOJE9HbxGWOIXIkjIGm0"
2025-12-08 09:05:51.031 14117-14168 okhttp.OkHttpClient     com.cdccreditsmart.app               I  permissions-policy: geolocation=(), microphone=(), camera=()
2025-12-08 09:05:51.031 14117-14168 okhttp.OkHttpClient     com.cdccreditsmart.app               I  referrer-policy: strict-origin-when-cross-origin
2025-12-08 09:05:51.031 14117-14168 okhttp.OkHttpClient     com.cdccreditsmart.app               I  strict-transport-security: max-age=63072000; includeSubDomains
2025-12-08 09:05:51.031 14117-14168 okhttp.OkHttpClient     com.cdccreditsmart.app               I  strict-transport-security: max-age=31536000; includeSubDomains
2025-12-08 09:05:51.031 14117-14168 okhttp.OkHttpClient     com.cdccreditsmart.app               I  x-anti-fraud-protection: active
2025-12-08 09:05:51.031 14117-14168 okhttp.OkHttpClient     com.cdccreditsmart.app               I  x-certificate-pinning-enabled: false
2025-12-08 09:05:51.031 14117-14168 okhttp.OkHttpClient     com.cdccreditsmart.app               I  x-certificate-pinning-status: disabled-for-stability
2025-12-08 09:05:51.031 14117-14168 okhttp.OkHttpClient     com.cdccreditsmart.app               I  x-content-type-options: nosniff
2025-12-08 09:05:51.031 14117-14168 okhttp.OkHttpClient     com.cdccreditsmart.app               I  x-financial-data-protection: enabled
2025-12-08 09:05:51.031 14117-14168 okhttp.OkHttpClient     com.cdccreditsmart.app               I  x-frame-options: DENY
2025-12-08 09:05:51.031 14117-14168 okhttp.OkHttpClient     com.cdccreditsmart.app               I  x-transaction-security-level: maximum
2025-12-08 09:05:51.031 14117-14168 okhttp.OkHttpClient     com.cdccreditsmart.app               I  x-xss-protection: 1; mode=block
2025-12-08 09:05:51.031 14117-14168 okhttp.OkHttpClient     com.cdccreditsmart.app               I  via: 1.1 google
2025-12-08 09:05:51.031 14117-14168 okhttp.OkHttpClient     com.cdccreditsmart.app               I  alt-svc: h3=":443"; ma=2592000,h3-29=":443"; ma=2592000
2025-12-08 09:05:51.033 14117-14168 okhttp.OkHttpClient     com.cdccreditsmart.app               I  {"deviceId":"device_1765148771462_4teww42p114","serialNumber":"XV8W5766","commandsCount":0,"commands":[]}
2025-12-08 09:05:51.033 14117-14168 okhttp.OkHttpClient     com.cdccreditsmart.app               I  <-- END HTTP (105-byte body)
2025-12-08 09:05:51.035 14117-14158 MdmCommandReceiver      com.cdccreditsmart.app               I  ğŸ” HTTP Response code: 200
2025-12-08 09:05:51.035 14117-14158 MdmCommandReceiver      com.cdccreditsmart.app               I  ğŸ” HTTP isSuccessful: true
2025-12-08 09:05:51.035 14117-14158 MdmCommandReceiver      com.cdccreditsmart.app               I  ğŸ” Response body deviceId: device_1765148771462_4teww42p114
2025-12-08 09:05:51.035 14117-14158 MdmCommandReceiver      com.cdccreditsmart.app               I  ğŸ” Response body serialNumber: XV8W5766
2025-12-08 09:05:51.035 14117-14158 MdmCommandReceiver      com.cdccreditsmart.app               I  ğŸ” Total de comandos: 0
2025-12-08 09:05:51.035 14117-14158 MdmCommandReceiver      com.cdccreditsmart.app               D  âœ… Nenhum comando pendente no servidor
2025-12-08 09:05:51.035 14117-14158 MdmCommandReceiver      com.cdccreditsmart.app               D  ğŸ“Š Fetch duration: 601ms
2025-12-08 09:06:00.453 14117-14158 MdmCommandReceiver      com.cdccreditsmart.app               D  ğŸ’“ Ping JSON enviado (timestamp: 1765195560452)
2025-12-08 09:06:00.658 14117-14172 MdmCommandReceiver      com.cdccreditsmart.app               D  ğŸ“¥ Mensagem MDM recebida: {"type":"pong","timestamp":"2025-12-08T12:06:00.953Z"}
2025-12-08 09:06:00.661 14117-14152 MdmCommandReceiver      com.cdccreditsmart.app               D  ğŸ“¥ JSON recebido: {"type":"pong","timestamp":"2025-12-08T12:06:00.953Z"}
2025-12-08 09:06:00.662 14117-14152 MdmCommandReceiver      com.cdccreditsmart.app               D  ğŸ“¨ Tipo de mensagem: pong
2025-12-08 09:06:00.662 14117-14152 MdmCommandReceiver      com.cdccreditsmart.app               D  ğŸ’“ Pong recebido (latency: N/A)
2025-12-08 09:06:20.241 14117-14117 WebSocketManager        com.cdccreditsmart.app               D  Heartbeat ping sent
2025-12-08 09:06:20.436 14117-14152 MdmCommandReceiver      com.cdccreditsmart.app               I  ğŸ” [Polling #15] Verificando comandos pendentes...
2025-12-08 09:06:20.437 14117-14152 SecureTokenStorage      com.cdccreditsmart.app               D  âš ï¸ Usando Serial Number para MDM (IMEI indisponÃ­vel): XV8W57...
2025-12-08 09:06:20.437 14117-14152 MdmCommandReceiver      com.cdccreditsmart.app               I  ğŸ” ========================================
2025-12-08 09:06:20.437 14117-14152 MdmCommandReceiver      com.cdccreditsmart.app               I  ğŸ” BUSCANDO COMANDOS PENDENTES
2025-12-08 09:06:20.437 14117-14152 MdmCommandReceiver      com.cdccreditsmart.app               I  ğŸ” ========================================
2025-12-08 09:06:20.437 14117-14152 MdmCommandReceiver      com.cdccreditsmart.app               I  ğŸ” Identifier: XV8W5766
2025-12-08 09:06:20.437 14117-14152 MdmCommandReceiver      com.cdccreditsmart.app               I  ğŸ” Endpoint: GET /api/apk/device/XV8W5766/commands
2025-12-08 09:06:20.437 14117-14152 MdmCommandReceiver      com.cdccreditsmart.app               D  ğŸ” Executando requisiÃ§Ã£o HTTP (timeout: 15s)...
2025-12-08 09:06:20.439 14117-14168 okhttp.OkHttpClient     com.cdccreditsmart.app               I  --> GET https://cdccreditsmart.com/api/apk/device/XV8W5766/commands
2025-12-08 09:06:20.439 14117-14168 okhttp.OkHttpClient     com.cdccreditsmart.app               I  --> END GET
2025-12-08 09:06:20.451 14117-14176 WebSocketManager        com.cdccreditsmart.app               D  Message received: {"type":"pong","timestamp":"2025-12-08T12:06:20.744Z"}...
2025-12-08 09:06:20.451 14117-14176 WebSocketManager        com.cdccreditsmart.app               D  Received message type: pong
2025-12-08 09:06:20.451 14117-14176 WebSocketManager        com.cdccreditsmart.app               D  Pong received
2025-12-08 09:06:20.462 14117-14168 SecureTokenStorage      com.cdccreditsmart.app               D  EncryptedSharedPreferences initialized successfully
2025-12-08 09:06:21.076 14117-14168 okhttp.OkHttpClient     com.cdccreditsmart.app               I  <-- 200 https://cdccreditsmart.com/api/apk/device/XV8W5766/commands (636ms)
2025-12-08 09:06:21.076 14117-14168 okhttp.OkHttpClient     com.cdccreditsmart.app               I  access-control-allow-credentials: true
2025-12-08 09:06:21.076 14117-14168 okhttp.OkHttpClient     com.cdccreditsmart.app               I  access-control-allow-headers: Origin, X-Requested-With, Content-Type, Accept, Authorization, x-client-key, x-client-token, x-client-secret, cache-control
2025-12-08 09:06:21.077 14117-14168 okhttp.OkHttpClient     com.cdccreditsmart.app               I  access-control-allow-methods: GET, POST, PUT, PATCH, DELETE, OPTIONS
2025-12-08 09:06:21.077 14117-14168 okhttp.OkHttpClient     com.cdccreditsmart.app               I  access-control-allow-origin: *
2025-12-08 09:06:21.078 14117-14168 okhttp.OkHttpClient     com.cdccreditsmart.app               I  access-control-max-age: 86400
2025-12-08 09:06:21.078 14117-14168 okhttp.OkHttpClient     com.cdccreditsmart.app               I  content-length: 105
2025-12-08 09:06:21.078 14117-14168 okhttp.OkHttpClient     com.cdccreditsmart.app               I  content-security-policy: default-src 'self'; script-src 'self' 'unsafe-inline' 'unsafe-eval' https://replit.com; style-src 'self' 'unsafe-inline' https://replit.com; img-src 'self' data: https:; font-src 'self' data: https://replit.com; connect-src 'self';
2025-12-08 09:06:21.078 14117-14168 okhttp.OkHttpClient     com.cdccreditsmart.app               I  content-type: application/json; charset=utf-8
2025-12-08 09:06:21.078 14117-14168 okhttp.OkHttpClient     com.cdccreditsmart.app               I  date: Mon, 08 Dec 2025 12:06:21 GMT
2025-12-08 09:06:21.078 14117-14168 okhttp.OkHttpClient     com.cdccreditsmart.app               I  etag: W/"69-JnxUXIkeOJE9HbxGWOIXIkjIGm0"
2025-12-08 09:06:21.078 14117-14168 okhttp.OkHttpClient     com.cdccreditsmart.app               I  permissions-policy: geolocation=(), microphone=(), camera=()
2025-12-08 09:06:21.078 14117-14168 okhttp.OkHttpClient     com.cdccreditsmart.app               I  referrer-policy: strict-origin-when-cross-origin
2025-12-08 09:06:21.079 14117-14168 okhttp.OkHttpClient     com.cdccreditsmart.app               I  strict-transport-security: max-age=63072000; includeSubDomains
2025-12-08 09:06:21.079 14117-14168 okhttp.OkHttpClient     com.cdccreditsmart.app               I  strict-transport-security: max-age=31536000; includeSubDomains
2025-12-08 09:06:21.079 14117-14168 okhttp.OkHttpClient     com.cdccreditsmart.app               I  x-anti-fraud-protection: active
2025-12-08 09:06:21.079 14117-14168 okhttp.OkHttpClient     com.cdccreditsmart.app               I  x-certificate-pinning-enabled: false
2025-12-08 09:06:21.079 14117-14168 okhttp.OkHttpClient     com.cdccreditsmart.app               I  x-certificate-pinning-status: disabled-for-stability
2025-12-08 09:06:21.079 14117-14168 okhttp.OkHttpClient     com.cdccreditsmart.app               I  x-content-type-options: nosniff
2025-12-08 09:06:21.079 14117-14168 okhttp.OkHttpClient     com.cdccreditsmart.app               I  x-financial-data-protection: enabled
2025-12-08 09:06:21.079 14117-14168 okhttp.OkHttpClient     com.cdccreditsmart.app               I  x-frame-options: DENY
2025-12-08 09:06:21.079 14117-14168 okhttp.OkHttpClient     com.cdccreditsmart.app               I  x-transaction-security-level: maximum
2025-12-08 09:06:21.079 14117-14168 okhttp.OkHttpClient     com.cdccreditsmart.app               I  x-xss-protection: 1; mode=block
2025-12-08 09:06:21.079 14117-14168 okhttp.OkHttpClient     com.cdccreditsmart.app               I  via: 1.1 google
2025-12-08 09:06:21.079 14117-14168 okhttp.OkHttpClient     com.cdccreditsmart.app               I  alt-svc: h3=":443"; ma=2592000,h3-29=":443"; ma=2592000
2025-12-08 09:06:21.079 14117-14168 okhttp.OkHttpClient     com.cdccreditsmart.app               I  {"deviceId":"device_1765148771462_4teww42p114","serialNumber":"XV8W5766","commandsCount":0,"commands":[]}
2025-12-08 09:06:21.079 14117-14168 okhttp.OkHttpClient     com.cdccreditsmart.app               I  <-- END HTTP (105-byte body)
2025-12-08 09:06:21.080 14117-14152 MdmCommandReceiver      com.cdccreditsmart.app               I  ğŸ” HTTP Response code: 200
2025-12-08 09:06:21.081 14117-14152 MdmCommandReceiver      com.cdccreditsmart.app               I  ğŸ” HTTP isSuccessful: true
2025-12-08 09:06:21.081 14117-14152 MdmCommandReceiver      com.cdccreditsmart.app               I  ğŸ” Response body deviceId: device_1765148771462_4teww42p114
2025-12-08 09:06:21.081 14117-14152 MdmCommandReceiver      com.cdccreditsmart.app               I  ğŸ” Response body serialNumber: XV8W5766
2025-12-08 09:06:21.081 14117-14152 MdmCommandReceiver      com.cdccreditsmart.app               I  ğŸ” Total de comandos: 0
2025-12-08 09:06:21.081 14117-14152 MdmCommandReceiver      com.cdccreditsmart.app               D  âœ… Nenhum comando pendente no servidor
2025-12-08 09:06:21.081 14117-14152 MdmCommandReceiver      com.cdccreditsmart.app               D  ğŸ“Š Fetch duration: 644ms
2025-12-08 09:06:24.588 14117-14152 HeartbeatManager        com.cdccreditsmart.app               D  ğŸ’“ Usando authToken (fallback)
2025-12-08 09:06:24.589 14117-14152 HeartbeatManager        com.cdccreditsmart.app               D  ğŸ’“ Payload do heartbeat:
2025-12-08 09:06:24.589 14117-14152 HeartbeatManager        com.cdccreditsmart.app               D     deviceToken: eyJhbGciOiJIUzI1NiIs...
2025-12-08 09:06:24.589 14117-14152 HeartbeatManager        com.cdccreditsmart.app               D     currentBlockLevel: 0
2025-12-08 09:06:24.589 14117-14152 HeartbeatManager        com.cdccreditsmart.app               D     batteryLevel: 100
2025-12-08 09:06:24.589 14117-14152 HeartbeatManager        com.cdccreditsmart.app               D     isCharging: false
2025-12-08 09:06:24.589 14117-14152 HeartbeatManager        com.cdccreditsmart.app               D     currentSimImei: N/A...
2025-12-08 09:06:24.591 14117-14168 okhttp.OkHttpClient     com.cdccreditsmart.app               I  --> POST https://cdccreditsmart.com/api/apk/device/heartbeat
2025-12-08 09:06:24.591 14117-14168 okhttp.OkHttpClient     com.cdccreditsmart.app               I  Content-Type: application/json; charset=UTF-8
2025-12-08 09:06:24.591 14117-14168 okhttp.OkHttpClient     com.cdccreditsmart.app               I  Content-Length: 364
2025-12-08 09:06:24.591 14117-14168 okhttp.OkHttpClient     com.cdccreditsmart.app               I  Authorization: Bearer eyJhbGciOiJIUzI1NiIsInR5cCI6IkpXVCJ9.eyJkZXZpY2VJZCI6ImRldmljZV8xNzY1MTQ4NzcxNDYyXzR0ZXd3NDJwMTE0IiwiYXBrVG9rZW4iOiJYVjhXNTc2NiIsInR5cGUiOiJhcGsiLCJleHBpcmVzSW4iOiIyNGgiLCJpYXQiOjE3NjUxOTQwNzYsImV4cCI6MTc2NTI4MDQ3Nn0.ls9aMXKyIbifUwDJ2K3gFXFn750Dv9Swbrj1yl5ls5Y
2025-12-08 09:06:24.592 14117-14168 okhttp.OkHttpClient     com.cdccreditsmart.app               I  {"deviceToken":"eyJhbGciOiJIUzI1NiIsInR5cCI6IkpXVCJ9.eyJkZXZpY2VJZCI6ImRldmljZV8xNzY1MTQ4NzcxNDYyXzR0ZXd3NDJwMTE0IiwiYXBrVG9rZW4iOiJYVjhXNTc2NiIsInR5cGUiOiJhcGsiLCJleHBpcmVzSW4iOiIyNGgiLCJpYXQiOjE3NjUxOTQwNzYsImV4cCI6MTc2NTI4MDQ3Nn0.ls9aMXKyIbifUwDJ2K3gFXFn750Dv9Swbrj1yl5ls5Y","currentBlockLevel":0,"batteryLevel":100,"isCharging":false,"timestamp":1765195584589}
2025-12-08 09:06:24.592 14117-14168 okhttp.OkHttpClient     com.cdccreditsmart.app               I  --> END POST (364-byte body)
2025-12-08 09:06:24.609 14117-14168 SecureTokenStorage      com.cdccreditsmart.app               D  EncryptedSharedPreferences initialized successfully
2025-12-08 09:06:25.292 14117-14168 okhttp.OkHttpClient     com.cdccreditsmart.app               I  <-- 200 https://cdccreditsmart.com/api/apk/device/heartbeat (699ms)
2025-12-08 09:06:25.292 14117-14168 okhttp.OkHttpClient     com.cdccreditsmart.app               I  access-control-allow-credentials: true
2025-12-08 09:06:25.292 14117-14168 okhttp.OkHttpClient     com.cdccreditsmart.app               I  access-control-allow-headers: Origin, X-Requested-With, Content-Type, Accept, Authorization, x-client-key, x-client-token, x-client-secret, cache-control
2025-12-08 09:06:25.292 14117-14168 okhttp.OkHttpClient     com.cdccreditsmart.app               I  access-control-allow-methods: GET, POST, PUT, PATCH, DELETE, OPTIONS
2025-12-08 09:06:25.292 14117-14168 okhttp.OkHttpClient     com.cdccreditsmart.app               I  access-control-allow-origin: *
2025-12-08 09:06:25.292 14117-14168 okhttp.OkHttpClient     com.cdccreditsmart.app               I  access-control-max-age: 86400
2025-12-08 09:06:25.292 14117-14168 okhttp.OkHttpClient     com.cdccreditsmart.app               I  content-length: 351
2025-12-08 09:06:25.292 14117-14168 okhttp.OkHttpClient     com.cdccreditsmart.app               I  content-security-policy: default-src 'self'; script-src 'self' 'unsafe-inline' 'unsafe-eval' https://replit.com; style-src 'self' 'unsafe-inline' https://replit.com; img-src 'self' data: https:; font-src 'self' data: https://replit.com; connect-src 'self';
2025-12-08 09:06:25.292 14117-14168 okhttp.OkHttpClient     com.cdccreditsmart.app               I  content-type: application/json; charset=utf-8
2025-12-08 09:06:25.293 14117-14168 okhttp.OkHttpClient     com.cdccreditsmart.app               I  date: Mon, 08 Dec 2025 12:06:25 GMT
2025-12-08 09:06:25.293 14117-14168 okhttp.OkHttpClient     com.cdccreditsmart.app               I  etag: W/"15f-Wbr9yH8wHYYUuMDdNp6r7t+Mark"
2025-12-08 09:06:25.293 14117-14168 okhttp.OkHttpClient     com.cdccreditsmart.app               I  permissions-policy: geolocation=(), microphone=(), camera=()
2025-12-08 09:06:25.293 14117-14168 okhttp.OkHttpClient     com.cdccreditsmart.app               I  referrer-policy: strict-origin-when-cross-origin
2025-12-08 09:06:25.293 14117-14168 okhttp.OkHttpClient     com.cdccreditsmart.app               I  strict-transport-security: max-age=63072000; includeSubDomains
2025-12-08 09:06:25.293 14117-14168 okhttp.OkHttpClient     com.cdccreditsmart.app               I  strict-transport-security: max-age=31536000; includeSubDomains
2025-12-08 09:06:25.293 14117-14168 okhttp.OkHttpClient     com.cdccreditsmart.app               I  x-anti-fraud-protection: active
2025-12-08 09:06:25.293 14117-14168 okhttp.OkHttpClient     com.cdccreditsmart.app               I  x-certificate-pinning-enabled: false
2025-12-08 09:06:25.293 14117-14168 okhttp.OkHttpClient     com.cdccreditsmart.app               I  x-certificate-pinning-status: disabled-for-stability
2025-12-08 09:06:25.293 14117-14168 okhttp.OkHttpClient     com.cdccreditsmart.app               I  x-content-type-options: nosniff
2025-12-08 09:06:25.293 14117-14168 okhttp.OkHttpClient     com.cdccreditsmart.app               I  x-financial-data-protection: enabled
2025-12-08 09:06:25.293 14117-14168 okhttp.OkHttpClient     com.cdccreditsmart.app               I  x-frame-options: DENY
2025-12-08 09:06:25.293 14117-14168 okhttp.OkHttpClient     com.cdccreditsmart.app               I  x-transaction-security-level: maximum
2025-12-08 09:06:25.293 14117-14168 okhttp.OkHttpClient     com.cdccreditsmart.app               I  x-xss-protection: 1; mode=block
2025-12-08 09:06:25.293 14117-14168 okhttp.OkHttpClient     com.cdccreditsmart.app               I  via: 1.1 google
2025-12-08 09:06:25.293 14117-14168 okhttp.OkHttpClient     com.cdccreditsmart.app               I  alt-svc: h3=":443"; ma=2592000,h3-29=":443"; ma=2592000
2025-12-08 09:06:25.301 14117-14168 okhttp.OkHttpClient     com.cdccreditsmart.app               I  {"success":true,"requiresBackendRevalidation":false,"phoneNumbersProcessed":false,"complianceStatus":"NON_COMPLIANT","expectedBlockLevel":6,"message":"Expected level 6, reported 0","complianceConfig":{"maxComplianceCorrections":3,"correctionWindowMinutes":30,"autoBlockOnLimitReached":true,"enableDetailedTelemetry":true,"telemetryIntervalMinutes":5}}
2025-12-08 09:06:25.301 14117-14168 okhttp.OkHttpClient     com.cdccreditsmart.app               I  <-- END HTTP (351-byte body)
2025-12-08 09:06:25.302 14117-14152 HeartbeatManager        com.cdccreditsmart.app               I  âœ… Heartbeat aceito pelo backend (HTTP 200)
2025-12-08 09:06:25.302 14117-14152 HeartbeatManager        com.cdccreditsmart.app               D  ğŸ“Š Resposta do heartbeat:
2025-12-08 09:06:25.302 14117-14152 HeartbeatManager        com.cdccreditsmart.app               D     success: true
2025-12-08 09:06:25.302 14117-14152 HeartbeatManager        com.cdccreditsmart.app               D     complianceStatus: NON_COMPLIANT
2025-12-08 09:06:25.302 14117-14152 HeartbeatManager        com.cdccreditsmart.app               D     expectedBlockLevel: 6
2025-12-08 09:06:25.302 14117-14152 HeartbeatManager        com.cdccreditsmart.app               D     requiresBackendRevalidation: false
2025-12-08 09:06:25.302 14117-14152 HeartbeatManager        com.cdccreditsmart.app               E  âŒ LIMITE DE CORREÃ‡Ã•ES ATINGIDO (3 tentativas)
2025-12-08 09:06:25.302 14117-14152 HeartbeatManager        com.cdccreditsmart.app               E     Parando para evitar loop infinito
2025-12-08 09:06:25.456 14117-14152 MdmCommandReceiver      com.cdccreditsmart.app               D  ğŸ’“ Ping JSON enviado (timestamp: 1765195585455)
2025-12-08 09:06:25.690 14117-14172 MdmCommandReceiver      com.cdccreditsmart.app               D  ğŸ“¥ Mensagem MDM recebida: {"type":"pong","timestamp":"2025-12-08T12:06:25.958Z"}
2025-12-08 09:06:25.691 14117-14152 MdmCommandReceiver      com.cdccreditsmart.app               D  ğŸ“¥ JSON recebido: {"type":"pong","timestamp":"2025-12-08T12:06:25.958Z"}
2025-12-08 09:06:25.692 14117-14152 MdmCommandReceiver      com.cdccreditsmart.app               D  ğŸ“¨ Tipo de mensagem: pong
2025-12-08 09:06:25.692 14117-14152 MdmCommandReceiver      com.cdccreditsmart.app               D  ğŸ’“ Pong recebido (latency: N/A)
---------------------------- PROCESS ENDED (14117) for package com.cdccreditsmart.app ----------------------------
---------------------------- PROCESS STARTED (14598) for package com.cdccreditsmart.app ----------------------------
2025-12-08 09:06:34.324 14598-14598 nativeloader            com.cdccreditsmart.app               D  Load libframework-connectivity-tiramisu-jni.so using APEX ns com_android_tethering for caller /apex/com.android.tethering/javalib/framework-connectivity-t.jar: ok
2025-12-08 09:06:34.345 14598-14598 nativeloader            com.cdccreditsmart.app               D  Load /data/user/0/com.cdccreditsmart.app/code_cache/startup_agents/5b4f70e9-agent.so using system ns (caller=<unknown>): ok
2025-12-08 09:06:34.349 14598-14598 creditsmart.app         com.cdccreditsmart.app               W  hiddenapi: DexFile /data/data/com.cdccreditsmart.app/code_cache/.studio/instruments-25d868d4.jar is in boot class path but is not in a known location
2025-12-08 09:06:34.340 14598-14598 re-initialized>         com.cdccreditsmart.app               W  type=1400 audit(0.0:1428): avc:  granted  { execute } for  path="/data/data/com.cdccreditsmart.app/code_cache/startup_agents/5b4f70e9-agent.so" dev="dm-55" ino=369412 scontext=u:r:untrusted_app:s0:c219,c256,c512,c768 tcontext=u:object_r:app_data_file:s0:c219,c256,c512,c768 tclass=file app=com.cdccreditsmart.app
2025-12-08 09:06:34.479 14598-14598 creditsmart.app         com.cdccreditsmart.app               W  Redefining intrinsic method java.lang.Thread java.lang.Thread.currentThread(). This may cause the unexpected use of the original definition of java.lang.Thread java.lang.Thread.currentThread()in methods that have already been compiled.
2025-12-08 09:06:34.480 14598-14598 creditsmart.app         com.cdccreditsmart.app               W  Redefining intrinsic method boolean java.lang.Thread.interrupted(). This may cause the unexpected use of the original definition of boolean java.lang.Thread.interrupted()in methods that have already been compiled.
2025-12-08 09:06:34.800 14598-14598 nativeloader            com.cdccreditsmart.app               D  Configuring clns-9 for other apk /data/app/~~wRI9xydgMGkeB2zpXeRAkg==/com.cdccreditsmart.app-GBFFTPJKWSuFu9ItAjGxJQ==/base.apk. target_sdk_version=35, uses_libraries=, library_path=/data/app/~~wRI9xydgMGkeB2zpXeRAkg==/com.cdccreditsmart.app-GBFFTPJKWSuFu9ItAjGxJQ==/lib/x86_64:/data/app/~~wRI9xydgMGkeB2zpXeRAkg==/com.cdccreditsmart.app-GBFFTPJKWSuFu9ItAjGxJQ==/base.apk!/lib/x86_64, permitted_path=/data:/mnt/expand:/data/user/0/com.cdccreditsmart.app
2025-12-08 09:06:34.803 14598-14598 CompatChangeReporter    com.cdccreditsmart.app               D  Compat change id reported: 202956589; UID 10219; state: ENABLED
2025-12-08 09:06:34.807 14598-14598 creditsmart.app         com.cdccreditsmart.app               I  AssetManager2(0x7ee65a139f38) locale list changing from [] to [en-US]
2025-12-08 09:06:34.811 14598-14598 creditsmart.app         com.cdccreditsmart.app               I  AssetManager2(0x7ee65a134498) locale list changing from [] to [en-US]
2025-12-08 09:06:34.819 14598-14598 GraphicsEnvironment     com.cdccreditsmart.app               V  Currently set values for:
2025-12-08 09:06:34.820 14598-14598 GraphicsEnvironment     com.cdccreditsmart.app               V    angle_gl_driver_selection_pkgs=[]
2025-12-08 09:06:34.820 14598-14598 GraphicsEnvironment     com.cdccreditsmart.app               V    angle_gl_driver_selection_values=[]
2025-12-08 09:06:34.820 14598-14598 GraphicsEnvironment     com.cdccreditsmart.app               V  com.cdccreditsmart.app is not listed in per-application setting
2025-12-08 09:06:34.823 14598-14598 GraphicsEnvironment     com.cdccreditsmart.app               V  ANGLE allowlist from config: com.dreamgames.royalmatch com.dts.freefiremax com.dxx.firenow com.gramgames.mergedragons com.ludo.king com.mojang.minecraftpe com.my.defense com.nintendo.zaka com.os.airforce com.playrix.fishdomdd.gplay io.teslatech.callbreak jp.konami.prospia net.peakgames.toonblast
2025-12-08 09:06:34.824 14598-14598 GraphicsEnvironment     com.cdccreditsmart.app               V  com.cdccreditsmart.app is not listed in ANGLE allowlist or settings, returning default
2025-12-08 09:06:34.826 14598-14598 GraphicsEnvironment     com.cdccreditsmart.app               V  Neither updatable production driver nor prerelease driver is supported.
2025-12-08 09:06:34.938 14598-14598 FirebaseApp             com.cdccreditsmart.app               I  Device unlocked: initializing all Firebase APIs for app [DEFAULT]
2025-12-08 09:06:34.978 14598-14614 creditsmart.app         com.cdccreditsmart.app               W  ClassLoaderContext classpath size mismatch. expected=1, found=0 (DLC[];PCL[base.apk*630649996]{PCL[/system/framework/org.apache.http.legacy.jar*4247870504]#PCL[/system/framework/com.android.media.remotedisplay.jar*487574312]#PCL[/system/framework/com.android.location.provider.jar*1570284764]#PCL[/system_ext/framework/androidx.window.extensions.jar*1030441313]#PCL[/system_ext/framework/androidx.window.sidecar.jar*3860983653]} | DLC[];PCL[])
2025-12-08 09:06:34.984 14598-14614 DynamiteModule          com.cdccreditsmart.app               I  Considering local module com.google.android.gms.measurement.dynamite:127 and remote module com.google.android.gms.measurement.dynamite:170
2025-12-08 09:06:34.984 14598-14614 DynamiteModule          com.cdccreditsmart.app               I  Selected remote version of com.google.android.gms.measurement.dynamite, version >= 170
2025-12-08 09:06:34.984 14598-14614 DynamiteModule          com.cdccreditsmart.app               V  Dynamite loader version >= 2, using loadModule2NoCrashUtils
2025-12-08 09:06:34.988 14598-14598 FirebaseInitProvider    com.cdccreditsmart.app               I  FirebaseApp initialization successful
2025-12-08 09:06:34.998 14598-14614 System                  com.cdccreditsmart.app               W  ClassLoader referenced unknown path: 
2025-12-08 09:06:34.999 14598-14614 nativeloader            com.cdccreditsmart.app               D  Configuring clns-10 for other apk . target_sdk_version=36, uses_libraries=, library_path=/data/app/~~zx3jiJ5pisjeFTdNP-5opw==/com.google.android.gms-3nPWoadPDBB_93o_M0xFRQ==/lib/x86_64:/data/app/~~zx3jiJ5pisjeFTdNP-5opw==/com.google.android.gms-3nPWoadPDBB_93o_M0xFRQ==/base.apk!/lib/x86_64, permitted_path=/data:/mnt/expand:/data/user/0/com.google.android.gms
2025-12-08 09:06:35.007 14598-14614 creditsmart.app         com.cdccreditsmart.app               I  AssetManager2(0x7ee65a1379b8) locale list changing from [] to [en-US]
2025-12-08 09:06:35.014 14598-14614 creditsmart.app         com.cdccreditsmart.app               W  ClassLoaderContext classpath size mismatch. expected=1, found=2 (DLC[];PCL[base.apk*630649996]{PCL[/system/framework/org.apache.http.legacy.jar*4247870504]#PCL[/system/framework/com.android.media.remotedisplay.jar*487574312]#PCL[/system/framework/com.android.location.provider.jar*1570284764]#PCL[/system_ext/framework/androidx.window.extensions.jar*1030441313]#PCL[/system_ext/framework/androidx.window.sidecar.jar*3860983653]} | DLC[];PCL[/data/data/com.cdccreditsmart.app/code_cache/.overlay/base.apk/classes19.dex*643158001:/data/app/~~wRI9xydgMGkeB2zpXeRAkg==/com.cdccreditsmart.app-GBFFTPJKWSuFu9ItAjGxJQ==/base.apk*2552462915])
2025-12-08 09:06:35.017 14598-14598 CompatChangeReporter    com.cdccreditsmart.app               D  Compat change id reported: 279646685; UID 10219; state: ENABLED
2025-12-08 09:06:35.023 14598-14614 creditsmart.app         com.cdccreditsmart.app               I  AssetManager2(0x7ee65a137cd8) locale list changing from [] to [en-US]
2025-12-08 09:06:35.023 14598-14614 creditsmart.app         com.cdccreditsmart.app               I  AssetManager2(0x7ee65a137378) locale list changing from [] to [en-US]
2025-12-08 09:06:35.029 14598-14598 WM-WrkMgrInitializer    com.cdccreditsmart.app               D  Initializing WorkManager with default configuration.
2025-12-08 09:06:35.067 14598-14624 creditsmart.app         com.cdccreditsmart.app               I  hiddenapi: Accessing hidden method Ldalvik/system/VMStack;->getStackClass2()Ljava/lang/Class; (runtime_flags=0, domain=core-platform, api=unsupported) from Lm7/aox; (domain=app) using reflection: allowed
2025-12-08 09:06:35.076 14598-14624 PhClient                com.cdccreditsmart.app               I  Unable to retrieve flag snapshot for com.google.android.gms.measurement#com.cdccreditsmart.app, using defaults.
2025-12-08 09:06:35.078 14598-14622 creditsmart.app         com.cdccreditsmart.app               E  No package ID 6a found for resource ID 0x6a0b0013.
2025-12-08 09:06:35.079 14598-14622 FA                      com.cdccreditsmart.app               I  App measurement initialized, version: 146007
2025-12-08 09:06:35.080 14598-14622 FA                      com.cdccreditsmart.app               I  To enable debug logging run: adb shell setprop log.tag.FA VERBOSE
2025-12-08 09:06:35.080 14598-14622 FA                      com.cdccreditsmart.app               I  To enable faster debug mode event logging run:
                                                                                                      adb shell setprop debug.firebase.analytics.app com.cdccreditsmart.app
2025-12-08 09:06:35.099 14598-14622 ashmem                  com.cdccreditsmart.app               E  Pinning is deprecated since Android Q. Please use trim or other methods.
2025-12-08 09:06:35.150 14598-14598 WM-PackageManagerHelper com.cdccreditsmart.app               D  Skipping component enablement for androidx.work.impl.background.systemjob.SystemJobService
2025-12-08 09:06:35.150 14598-14598 WM-Schedulers           com.cdccreditsmart.app               D  Created SystemJobScheduler and enabled SystemJobService
2025-12-08 09:06:35.159 14598-14598 CrashHandler            com.cdccreditsmart.app               I  âœ… Global crash handler instalado
2025-12-08 09:06:35.159 14598-14598 CDCApplication          com.cdccreditsmart.app               I  ğŸš€ CDC Credit Smart Application iniciando...
2025-12-08 09:06:35.199 14598-14598 CDCApplication          com.cdccreditsmart.app               I  ========================================
2025-12-08 09:06:35.200 14598-14598 CDCApplication          com.cdccreditsmart.app               I  ğŸ” Verificando status de Device Owner...
2025-12-08 09:06:35.202 14598-14598 CompatChangeReporter    com.cdccreditsmart.app               D  Compat change id reported: 307233716; UID 10219; state: ENABLED
2025-12-08 09:06:35.202 14598-14598 CDCApplication          com.cdccreditsmart.app               I  Device Owner Status: âŒ NÃƒO
2025-12-08 09:06:35.202 14598-14598 CDCApplication          com.cdccreditsmart.app               I  Package Name: com.cdccreditsmart.app
2025-12-08 09:06:35.202 14598-14598 CDCApplication          com.cdccreditsmart.app               E  
2025-12-08 09:06:35.203 14598-14598 CDCApplication          com.cdccreditsmart.app               E  â•”â•â•â•â•â•â•â•â•â•â•â•â•â•â•â•â•â•â•â•â•â•â•â•â•â•â•â•â•â•â•â•â•â•â•â•â•â•â•â•â•â•â•â•â•â•â•â•â•â•â•â•â•â•â•â•â•â•—
2025-12-08 09:06:35.203 14598-14598 CDCApplication          com.cdccreditsmart.app               E  â•‘  âš ï¸  APP NÃƒO ESTÃ PROVISIONADO COMO DEVICE OWNER  âš ï¸   â•‘
2025-12-08 09:06:35.203 14598-14598 CDCApplication          com.cdccreditsmart.app               E  â• â•â•â•â•â•â•â•â•â•â•â•â•â•â•â•â•â•â•â•â•â•â•â•â•â•â•â•â•â•â•â•â•â•â•â•â•â•â•â•â•â•â•â•â•â•â•â•â•â•â•â•â•â•â•â•â•â•£
2025-12-08 09:06:35.203 14598-14598 CDCApplication          com.cdccreditsmart.app               E  â•‘  O app precisa ser provisionado como Device Owner      â•‘
2025-12-08 09:06:35.203 14598-14598 CDCApplication          com.cdccreditsmart.app               E  â•‘  ANTES de poder conceder permissÃµes automaticamente.   â•‘
2025-12-08 09:06:35.203 14598-14598 CDCApplication          com.cdccreditsmart.app               E  â•‘                                                        â•‘
2025-12-08 09:06:35.203 14598-14598 CDCApplication          com.cdccreditsmart.app               E  â•‘  Provisione o dispositivo usando um dos mÃ©todos:       â•‘
2025-12-08 09:06:35.203 14598-14598 CDCApplication          com.cdccreditsmart.app               E  â•‘  1. ADB: adb shell dpm set-device-owner ...           â•‘
2025-12-08 09:06:35.203 14598-14598 CDCApplication          com.cdccreditsmart.app               E  â•‘  2. QR Code durante setup inicial                      â•‘
2025-12-08 09:06:35.203 14598-14598 CDCApplication          com.cdccreditsmart.app               E  â•‘  3. NFC durante setup inicial                          â•‘
2025-12-08 09:06:35.203 14598-14598 CDCApplication          com.cdccreditsmart.app               E  â•‘  4. Samsung Knox Mobile Enrollment                     â•‘
2025-12-08 09:06:35.203 14598-14598 CDCApplication          com.cdccreditsmart.app               E  â•šâ•â•â•â•â•â•â•â•â•â•â•â•â•â•â•â•â•â•â•â•â•â•â•â•â•â•â•â•â•â•â•â•â•â•â•â•â•â•â•â•â•â•â•â•â•â•â•â•â•â•â•â•â•â•â•â•â•
2025-12-08 09:06:35.203 14598-14598 CDCApplication          com.cdccreditsmart.app               E  
2025-12-08 09:06:35.203 14598-14598 CDCApplication          com.cdccreditsmart.app               I  ========================================
2025-12-08 09:06:35.208 14598-14598 AppProtectionManager    com.cdccreditsmart.app               I  
2025-12-08 09:06:35.208 14598-14598 AppProtectionManager    com.cdccreditsmart.app               I  â•”â•â•â•â•â•â•â•â•â•â•â•â•â•â•â•â•â•â•â•â•â•â•â•â•â•â•â•â•â•â•â•â•â•â•â•â•â•â•â•â•â•â•â•â•â•â•â•â•â•â•â•â•â•â•â•â•â•â•â•â•â•â•â•â•â•—
2025-12-08 09:06:35.208 14598-14598 AppProtectionManager    com.cdccreditsmart.app               I  â•‘     ğŸ›¡ï¸ APLICANDO MELHOR PROTEÃ‡ÃƒO DISPONÃVEL                    â•‘
2025-12-08 09:06:35.208 14598-14598 AppProtectionManager    com.cdccreditsmart.app               I  â•‘           CDC CREDIT SMART - PROTEÃ‡ÃƒO EM CAMADAS              â•‘
2025-12-08 09:06:35.208 14598-14598 AppProtectionManager    com.cdccreditsmart.app               I  â•šâ•â•â•â•â•â•â•â•â•â•â•â•â•â•â•â•â•â•â•â•â•â•â•â•â•â•â•â•â•â•â•â•â•â•â•â•â•â•â•â•â•â•â•â•â•â•â•â•â•â•â•â•â•â•â•â•â•â•â•â•â•â•â•â•â•
2025-12-08 09:06:35.208 14598-14598 AppProtectionManager    com.cdccreditsmart.app               I  
2025-12-08 09:06:35.211 14598-14598 AppProtectionManager    com.cdccreditsmart.app               I  ğŸ“‹ STATUS ATUAL:
2025-12-08 09:06:35.211 14598-14598 AppProtectionManager    com.cdccreditsmart.app               I     Device Owner: NÃƒO
2025-12-08 09:06:35.211 14598-14598 AppProtectionManager    com.cdccreditsmart.app               I     Device Admin: SIM
2025-12-08 09:06:35.211 14598-14598 AppProtectionManager    com.cdccreditsmart.app               I  
2025-12-08 09:06:35.211 14598-14598 AppProtectionManager    com.cdccreditsmart.app               I  ğŸ” NÃVEL: DEVICE ADMIN (ProteÃ§Ã£o Parcial)
2025-12-08 09:06:35.211 14598-14598 AppProtectionManager    com.cdccreditsmart.app               I  ========================================
2025-12-08 09:06:35.211 14598-14598 AppProtectionManager    com.cdccreditsmart.app               I  ğŸ” APLICANDO PROTEÃ‡Ã•ES DE DEVICE ADMIN
2025-12-08 09:06:35.211 14598-14598 AppProtectionManager    com.cdccreditsmart.app               I  ========================================
2025-12-08 09:06:35.211 14598-14598 AppProtectionManager    com.cdccreditsmart.app               I  [1/3] Device Admin ativo - desinstalaÃ§Ã£o requer desativar admin primeiro
2025-12-08 09:06:35.211 14598-14598 AppProtectionManager    com.cdccreditsmart.app               I        â†’ UsuÃ¡rio precisa ir em Settings > Security > Device Admins
2025-12-08 09:06:35.211 14598-14598 AppProtectionManager    com.cdccreditsmart.app               I        â†’ Desativar 'CDC Credit Smart' antes de desinstalar
2025-12-08 09:06:35.211 14598-14598 AppProtectionManager    com.cdccreditsmart.app               I  
2025-12-08 09:06:35.211 14598-14598 AppProtectionManager    com.cdccreditsmart.app               I  [2/3] Aplicando persistÃªncia bÃ¡sica...
2025-12-08 09:06:35.212 14598-14598 AppProtectionManager    com.cdccreditsmart.app               I     Iniciando serviÃ§os de persistÃªncia...
2025-12-08 09:06:35.214 14598-14598 AppProtectionManager    com.cdccreditsmart.app               I     âœ… Foreground Service iniciado
2025-12-08 09:06:35.227 14598-14598 AppProtectionManager    com.cdccreditsmart.app               I     âœ… ServiceWatchdog agendado (15 min)
2025-12-08 09:06:35.227 14598-14598 AppProtectionManager    com.cdccreditsmart.app               I  
2025-12-08 09:06:35.227 14598-14598 AppProtectionManager    com.cdccreditsmart.app               I  [3/3] ProteÃ§Ãµes de Device Admin limitadas:
2025-12-08 09:06:35.227 14598-14598 AppProtectionManager    com.cdccreditsmart.app               I        âŒ setUninstallBlocked: Requer Device Owner
2025-12-08 09:06:35.227 14598-14598 AppProtectionManager    com.cdccreditsmart.app               I        âŒ setUserControlDisabledPackages: Requer Device Owner
2025-12-08 09:06:35.227 14598-14598 AppProtectionManager    com.cdccreditsmart.app               I        âŒ addUserRestriction: Requer Device Owner
2025-12-08 09:06:35.227 14598-14598 AppProtectionManager    com.cdccreditsmart.app               I        âœ… DesinstalaÃ§Ã£o requer desativar admin primeiro
2025-12-08 09:06:35.227 14598-14598 AppProtectionManager    com.cdccreditsmart.app               I        âœ… Foreground Service mantÃ©m app ativo
2025-12-08 09:06:35.227 14598-14598 AppProtectionManager    com.cdccreditsmart.app               I        âœ… WorkManager mantÃ©m tarefas executando
2025-12-08 09:06:35.227 14598-14598 AppProtectionManager    com.cdccreditsmart.app               I  ========================================
2025-12-08 09:06:35.227 14598-14598 AppProtectionManager    com.cdccreditsmart.app               I  ğŸ“Š RESUMO: Device Admin ativo com proteÃ§Ãµes parciais
2025-12-08 09:06:35.227 14598-14598 AppProtectionManager    com.cdccreditsmart.app               I  ========================================
2025-12-08 09:06:35.227 14598-14598 AppProtectionManager    com.cdccreditsmart.app               I  
2025-12-08 09:06:35.228 14598-14598 CDCApplication          com.cdccreditsmart.app               I  
2025-12-08 09:06:35.228 14598-14598 CDCApplication          com.cdccreditsmart.app               I  â•”â•â•â•â•â•â•â•â•â•â•â•â•â•â•â•â•â•â•â•â•â•â•â•â•â•â•â•â•â•â•â•â•â•â•â•â•â•â•â•â•â•â•â•â•â•â•â•â•â•â•â•â•â•â•â•â•â•â•â•â•â•—
2025-12-08 09:06:35.228 14598-14598 CDCApplication          com.cdccreditsmart.app               I  â•‘     RESULTADO DA APLICAÃ‡ÃƒO DE PROTEÃ‡Ã•ES                    â•‘
2025-12-08 09:06:35.228 14598-14598 CDCApplication          com.cdccreditsmart.app               I  â•šâ•â•â•â•â•â•â•â•â•â•â•â•â•â•â•â•â•â•â•â•â•â•â•â•â•â•â•â•â•â•â•â•â•â•â•â•â•â•â•â•â•â•â•â•â•â•â•â•â•â•â•â•â•â•â•â•â•â•â•â•â•
2025-12-08 09:06:35.228 14598-14598 CDCApplication          com.cdccreditsmart.app               I     NÃ­vel: DEVICE_ADMIN
2025-12-08 09:06:35.228 14598-14598 CDCApplication          com.cdccreditsmart.app               I     ProteÃ§Ãµes aplicadas: 2
2025-12-08 09:06:35.228 14598-14598 CDCApplication          com.cdccreditsmart.app               I     Status: PROTEÃ‡ÃƒO PARCIAL (Device Admin)
2025-12-08 09:06:35.229 14598-14598 CDCApplication          com.cdccreditsmart.app               I     DesinstalaÃ§Ã£o requer desativar admin primeiro
2025-12-08 09:06:35.229 14598-14598 CDCApplication          com.cdccreditsmart.app               I  â•šâ•â•â•â•â•â•â•â•â•â•â•â•â•â•â•â•â•â•â•â•â•â•â•â•â•â•â•â•â•â•â•â•â•â•â•â•â•â•â•â•â•â•â•â•â•â•â•â•â•â•â•â•â•â•â•â•â•â•â•â•â•
2025-12-08 09:06:35.229 14598-14598 CDCApplication          com.cdccreditsmart.app               I  
2025-12-08 09:06:35.234 14598-14631 CompatChangeReporter    com.cdccreditsmart.app               D  Compat change id reported: 311402873; UID 10219; state: ENABLED
2025-12-08 09:06:35.234 14598-14631 CompatChangeReporter    com.cdccreditsmart.app               D  Compat change id reported: 323349338; UID 10219; state: ENABLED
2025-12-08 09:06:35.239 14598-14632 CDCApplication          com.cdccreditsmart.app               D  ğŸ‘¤ App nÃ£o Ã© Device Owner - pulando criaÃ§Ã£o de usuÃ¡rio secundÃ¡rio
2025-12-08 09:06:35.241 14598-14598 TamperDetection         com.cdccreditsmart.app               I  ========================================
2025-12-08 09:06:35.241 14598-14598 TamperDetection         com.cdccreditsmart.app               I  ğŸ” VERIFICANDO INTEGRIDADE DO DISPOSITIVO
2025-12-08 09:06:35.241 14598-14598 TamperDetection         com.cdccreditsmart.app               I  ========================================
2025-12-08 09:06:35.405 14598-14598 SecureTokenStorage      com.cdccreditsmart.app               D  EncryptedSharedPreferences initialized successfully
2025-12-08 09:06:35.409 14598-14598 TamperDetection         com.cdccreditsmart.app               I  âœ… Integridade OK - app pareado e tokens vÃ¡lidos
2025-12-08 09:06:35.410 14598-14598 TamperDetection         com.cdccreditsmart.app               I  ========================================
2025-12-08 09:06:35.417 14598-14598 libc                    com.cdccreditsmart.app               W  Access denied finding property "ro.boot.bootreason"
2025-12-08 09:06:35.416 14598-14598 creditsmart.app         com.cdccreditsmart.app               W  type=1400 audit(0.0:1429): avc:  denied  { read } for  name="u:object_r:bootloader_boot_reason_prop:s0" dev="tmpfs" ino=83 scontext=u:r:untrusted_app:s0:c219,c256,c512,c768 tcontext=u:object_r:bootloader_boot_reason_prop:s0 tclass=file permissive=0 app=com.cdccreditsmart.app
2025-12-08 09:06:35.421 14598-14598 TamperDetection         com.cdccreditsmart.app               I  
2025-12-08 09:06:35.421 14598-14598 TamperDetection         com.cdccreditsmart.app               I  â•”â•â•â•â•â•â•â•â•â•â•â•â•â•â•â•â•â•â•â•â•â•â•â•â•â•â•â•â•â•â•â•â•â•â•â•â•â•â•â•â•â•â•â•â•â•â•â•â•â•â•â•â•â•â•â•â•â•—
2025-12-08 09:06:35.421 14598-14598 TamperDetection         com.cdccreditsmart.app               I  â•‘    ğŸ“¡ REPORTAR BOOT AO BACKEND (CAMPOS COMPLETOS)     â•‘
2025-12-08 09:06:35.421 14598-14598 TamperDetection         com.cdccreditsmart.app               I  â• â•â•â•â•â•â•â•â•â•â•â•â•â•â•â•â•â•â•â•â•â•â•â•â•â•â•â•â•â•â•â•â•â•â•â•â•â•â•â•â•â•â•â•â•â•â•â•â•â•â•â•â•â•â•â•â•â•£
2025-12-08 09:06:35.428 14598-14598 TamperDetection         com.cdccreditsmart.app               I  â•‘  Device Fingerprint: CDC_-1181676****
2025-12-08 09:06:35.428 14598-14598 TamperDetection         com.cdccreditsmart.app               I  â•‘  Boot Timestamp: 1765195595412
2025-12-08 09:06:35.428 14598-14598 TamperDetection         com.cdccreditsmart.app               I  â•‘  Boot Reason: power_on
2025-12-08 09:06:35.428 14598-14598 TamperDetection         com.cdccreditsmart.app               I  â•‘  Is First Boot After Install: false
2025-12-08 09:06:35.428 14598-14598 TamperDetection         com.cdccreditsmart.app               I  â•‘  Was Factory Reset: false
2025-12-08 09:06:35.428 14598-14598 TamperDetection         com.cdccreditsmart.app               I  â•‘  Android Version: 16
2025-12-08 09:06:35.428 14598-14598 TamperDetection         com.cdccreditsmart.app               I  â•‘  APK Version: 1.0.0-debug
2025-12-08 09:06:35.428 14598-14598 TamperDetection         com.cdccreditsmart.app               I  â•‘  Security Patch Level: 2025-07-05
2025-12-08 09:06:35.428 14598-14598 TamperDetection         com.cdccreditsmart.app               I  â•‘  Encryption Status: unknown
2025-12-08 09:06:35.428 14598-14598 TamperDetection         com.cdccreditsmart.app               I  â•‘  Device Owner Active: false
2025-12-08 09:06:35.429 14598-14598 TamperDetection         com.cdccreditsmart.app               I  â•‘  Has Auth Token: true
2025-12-08 09:06:35.429 14598-14598 TamperDetection         com.cdccreditsmart.app               I  â•‘  Has Device Token: false
2025-12-08 09:06:35.429 14598-14598 TamperDetection         com.cdccreditsmart.app               I  â•‘  IMEI: N/A***
2025-12-08 09:06:35.429 14598-14598 TamperDetection         com.cdccreditsmart.app               I  â•‘  Android ID: 555298e3...
2025-12-08 09:06:35.429 14598-14598 TamperDetection         com.cdccreditsmart.app               I  â•šâ•â•â•â•â•â•â•â•â•â•â•â•â•â•â•â•â•â•â•â•â•â•â•â•â•â•â•â•â•â•â•â•â•â•â•â•â•â•â•â•â•â•â•â•â•â•â•â•â•â•â•â•â•â•â•â•â•
2025-12-08 09:06:35.429 14598-14598 TamperDetection         com.cdccreditsmart.app               I  
2025-12-08 09:06:35.432 14598-14634 TamperDetection         com.cdccreditsmart.app               I  ğŸ“¡ Enviando POST /api/security/device-boot...
2025-12-08 09:06:35.435 14598-14632 CDCApplication          com.cdccreditsmart.app               I  ğŸ”’ Verificando status do SIM no boot da aplicaÃ§Ã£o...
2025-12-08 09:06:35.435 14598-14632 creditsmart.app         com.cdccreditsmart.app               I  Waiting for a blocking GC ClassLinker
2025-12-08 09:06:35.442 14598-14632 SimSwapManager          com.cdccreditsmart.app               I  ========================================
2025-12-08 09:06:35.446 14598-14632 SimSwapManager          com.cdccreditsmart.app               I  ğŸ”’ SIM SWAP: Iniciando verificaÃ§Ã£o de status do SIM
2025-12-08 09:06:35.446 14598-14632 SimSwapManager          com.cdccreditsmart.app               I  ========================================
2025-12-08 09:06:35.460 14598-14598 SecureTokenStorage      com.cdccreditsmart.app               D  EncryptedSharedPreferences initialized successfully
2025-12-08 09:06:35.467 14598-14598 ContractCodeStorage     com.cdccreditsmart.app               D  Retrieving contract code from storage
