2026-01-29 17:31:33.014 10505-10661 FA                      com.cdccreditsmart.app               I  Application backgrounded at: timestamp_millis: 1769718691012
2026-01-29 17:31:34.049 10505-10716 SettingsGuardService    com.cdccreditsmart.app               D  📋 Activity check - Full: null, Simple: null
2026-01-29 17:31:35.161 10505-10790 ProfileInstaller        com.cdccreditsmart.app               D  Installing profile for com.cdccreditsmart.app
2026-01-29 17:31:36.244 10505-10505 CDCDeviceAdminReceiver  com.cdccreditsmart.app               I  onEnabled: full path
2026-01-29 17:31:36.259 10505-10505 CDCDeviceAdminService   com.cdccreditsmart.app               I  ✅ Device Admin Service created - System is communicating with CDC DPC
2026-01-29 17:31:36.356 10505-10519 creditsmart.app         com.cdccreditsmart.app               I  Background concurrent mark compact GC freed 9944KB AllocSpace bytes, 144(5824KB) LOS objects, 66% free, 6909KB/20MB, paused 686us,5.409ms total 98.726ms
2026-01-29 17:31:37.058 10505-10716 SettingsGuardService    com.cdccreditsmart.app               D  📋 Activity check - Full: null, Simple: null
2026-01-29 17:31:37.063 10505-10702 PermissionGateManager   com.cdccreditsmart.app               W  ⚠️ Device Owner: 3 permissão(ões) pendente(s)
2026-01-29 17:31:37.063 10505-10702 PermissionGateManager   com.cdccreditsmart.app               W     → Falta: Acesso ao Uso de Apps
2026-01-29 17:31:37.063 10505-10702 PermissionGateManager   com.cdccreditsmart.app               W     → Falta: Exibir sobre outros apps
2026-01-29 17:31:37.063 10505-10702 PermissionGateManager   com.cdccreditsmart.app               W     → Falta: Execução em Segundo Plano
2026-01-29 17:31:37.299 10505-10505 SettingsGuardService    com.cdccreditsmart.app               I  ▶️ Guard RETOMADO após fluxo de permissões
2026-01-29 17:31:37.299 10505-10505 MainActivity            com.cdccreditsmart.app               W  ⚠️ Algumas permissões foram NEGADAS pelo usuário:
2026-01-29 17:31:37.300 10505-10505 MainActivity            com.cdccreditsmart.app               D    ✅ CONCEDIDA - android.permission.READ_PHONE_STATE
2026-01-29 17:31:37.300 10505-10505 MainActivity            com.cdccreditsmart.app               D    ❌ NEGADA - android.permission.READ_CALL_LOG
2026-01-29 17:31:37.300 10505-10505 MainActivity            com.cdccreditsmart.app               D    ❌ NEGADA - android.permission.CALL_PHONE
2026-01-29 17:31:37.300 10505-10505 MainActivity            com.cdccreditsmart.app               D    ❌ NEGADA - android.permission.READ_CONTACTS
2026-01-29 17:31:37.300 10505-10505 MainActivity            com.cdccreditsmart.app               D    ✅ CONCEDIDA - android.permission.ACCESS_FINE_LOCATION
2026-01-29 17:31:37.300 10505-10505 MainActivity            com.cdccreditsmart.app               D    ✅ CONCEDIDA - android.permission.ACCESS_COARSE_LOCATION
2026-01-29 17:31:37.300 10505-10505 MainActivity            com.cdccreditsmart.app               D    ❌ NEGADA - android.permission.ANSWER_PHONE_CALLS
2026-01-29 17:31:37.300 10505-10505 MainActivity            com.cdccreditsmart.app               D    ❌ NEGADA - android.permission.READ_PHONE_NUMBERS
2026-01-29 17:31:37.300 10505-10505 MainActivity            com.cdccreditsmart.app               D    ✅ CONCEDIDA - android.permission.POST_NOTIFICATIONS
2026-01-29 17:31:37.303 10505-10505 Activity                com.cdccreditsmart.app               D  onResume setDolbyGameProfilePackage lastPkg =  currentPkg = com.cdccreditsmart.app
2026-01-29 17:31:38.503 10505-10505 SettingsGuardService    com.cdccreditsmart.app               I  ⏸️ Guard PAUSADO para fluxo de permissões (timeout: 30s)
2026-01-29 17:31:39.246 10505-10505 VRI[MainActivity]       com.cdccreditsmart.app               D  visibilityChanged oldVisibility=true newVisibility=false
2026-01-29 17:31:39.262 10505-10708 HWUI                    com.cdccreditsmart.app               D  endAllActiveAnimators on 0xb400007627520930 (UnprojectedRipple) with handle 0xb4000076f753f320
2026-01-29 17:31:39.283 10505-10772 BLASTBufferQueue        com.cdccreditsmart.app               D  [VRI[MainActivity]#0](f:0,a:1) destructor()
2026-01-29 17:31:39.283 10505-10772 BufferQueueConsumer     com.cdccreditsmart.app               D  [VRI[MainActivity]#0(BLAST Consumer)0](id:290900000000,api:0,p:-1,c:10505) disconnect
2026-01-29 17:31:40.685 10505-10661 FA                      com.cdccreditsmart.app               I  Application backgrounded at: timestamp_millis: 1769718698685
2026-01-29 17:31:43.064 10505-10704 SettingsGuardService    com.cdccreditsmart.app               I  ✅ USAGE_STATS concedida
2026-01-29 17:31:43.066 10505-10704 SettingsGuardService    com.cdccreditsmart.app               I  📢 Notificação de permissão USAGE_STATS cancelada
2026-01-29 17:31:43.077 10505-10702 PermissionGateManager   com.cdccreditsmart.app               W  ⚠️ Device Owner: 2 permissão(ões) pendente(s)
2026-01-29 17:31:43.077 10505-10702 PermissionGateManager   com.cdccreditsmart.app               W     → Falta: Exibir sobre outros apps
2026-01-29 17:31:43.077 10505-10702 PermissionGateManager   com.cdccreditsmart.app               W     → Falta: Execução em Segundo Plano
2026-01-29 17:31:46.081 10505-10702 SettingsGuardService    com.cdccreditsmart.app               D  ✅ Atividade permitida durante fluxo de permissões: com.android.settings.Settings$UsageAccessSettingsActivity
2026-01-29 17:31:46.175 10505-10505 Activity                com.cdccreditsmart.app               D  onResume setDolbyGameProfilePackage lastPkg =  currentPkg = com.cdccreditsmart.app
2026-01-29 17:31:46.194 10505-10505 BufferQueueConsumer     com.cdccreditsmart.app               D  [](id:290900000001,api:0,p:-1,c:10505) connect: controlledByApp=false
2026-01-29 17:31:46.195 10505-10505 BLASTBufferQueue        com.cdccreditsmart.app               D  [VRI[MainActivity]#1](f:0,a:0) constructor()
2026-01-29 17:31:46.195 10505-10505 BLASTBufferQueue        com.cdccreditsmart.app               D  [VRI[MainActivity]#1](f:0,a:0) update width=1080 height=2400 format=-3 mTransformHint=0
2026-01-29 17:31:46.294 10505-10708 BLASTBufferQueue        com.cdccreditsmart.app               D  [VRI[MainActivity]#1](f:0,a:1) acquireNextBufferLocked size=1080x2400 mFrameNumber=1 applyTransaction=true mTimestamp=5117854585919(auto) mPendingTransactions.size=0 graphicBufferId=45118631444487 transform=0
2026-01-29 17:31:47.288 10505-10505 SettingsGuardService    com.cdccreditsmart.app               I  ⏸️ Guard PAUSADO para fluxo de permissões (timeout: 30s)
2026-01-29 17:31:48.290 10505-10505 Activity                com.cdccreditsmart.app               D  onResume setDolbyGameProfilePackage lastPkg =  currentPkg = com.cdccreditsmart.app
2026-01-29 17:31:49.084 10505-10702 SettingsGuardService    com.cdccreditsmart.app               I  ▶️ App CDC em foreground - fluxo de permissão concluído
2026-01-29 17:31:49.084 10505-10702 SettingsGuardService    com.cdccreditsmart.app               I  ▶️ Guard RETOMADO após fluxo de permissões
2026-01-29 17:31:49.117 10505-10702 PermissionGateManager   com.cdccreditsmart.app               W  ⚠️ Device Owner: 1 permissão(ões) pendente(s)
2026-01-29 17:31:49.117 10505-10702 PermissionGateManager   com.cdccreditsmart.app               W     → Falta: Exibir sobre outros apps
2026-01-29 17:31:49.216 10505-10505 SettingsGuardService    com.cdccreditsmart.app               I  ⏸️ Guard PAUSADO para fluxo de permissões (timeout: 30s)
2026-01-29 17:31:49.840 10505-10505 VRI[MainActivity]       com.cdccreditsmart.app               D  visibilityChanged oldVisibility=true newVisibility=false
2026-01-29 17:31:49.858 10505-10708 HWUI                    com.cdccreditsmart.app               D  endAllActiveAnimators on 0xb400007627512170 (UnprojectedRipple) with handle 0xb4000076f7536080
2026-01-29 17:31:49.878 10505-10848 BLASTBufferQueue        com.cdccreditsmart.app               D  [VRI[MainActivity]#1](f:0,a:1) destructor()
2026-01-29 17:31:49.878 10505-10848 BufferQueueConsumer     com.cdccreditsmart.app               D  [VRI[MainActivity]#1(BLAST Consumer)1](id:290900000001,api:0,p:-1,c:10505) disconnect
2026-01-29 17:31:51.267 10505-10661 FA                      com.cdccreditsmart.app               I  Application backgrounded at: timestamp_millis: 1769718709265
2026-01-29 17:31:52.124 10505-10702 PermissionGateManager   com.cdccreditsmart.app               I  ✅ Device Owner: Todas as permissões especiais concedidas!
2026-01-29 17:31:52.125 10505-10505 PermissionGateScreen    com.cdccreditsmart.app               I  ✅ TODAS AS PERMISSÕES CONCEDIDAS! Prosseguindo para o app...
2026-01-29 17:31:52.126 10505-10505 SettingsGuardService    com.cdccreditsmart.app               I  ▶️ Guard RETOMADO após fluxo de permissões
2026-01-29 17:31:52.697 10505-10505 DeviceOwnerCheckVM      com.cdccreditsmart.app               I  ========================================
2026-01-29 17:31:52.697 10505-10505 DeviceOwnerCheckVM      com.cdccreditsmart.app               I  🔐 Verificando status de Device Owner...
2026-01-29 17:31:52.956 10505-10505 Activity                com.cdccreditsmart.app               D  onResume setDolbyGameProfilePackage lastPkg =  currentPkg = com.cdccreditsmart.app
2026-01-29 17:31:52.976 10505-10505 BufferQueueConsumer     com.cdccreditsmart.app               D  [](id:290900000002,api:0,p:-1,c:10505) connect: controlledByApp=false
2026-01-29 17:31:52.976 10505-10505 BLASTBufferQueue        com.cdccreditsmart.app               D  [VRI[MainActivity]#2](f:0,a:0) constructor()
2026-01-29 17:31:52.976 10505-10505 BLASTBufferQueue        com.cdccreditsmart.app               D  [VRI[MainActivity]#2](f:0,a:0) update width=1080 height=2400 format=-3 mTransformHint=0
2026-01-29 17:31:53.063 10505-10708 BLASTBufferQueue        com.cdccreditsmart.app               D  [VRI[MainActivity]#2](f:0,a:1) acquireNextBufferLocked size=1080x2400 mFrameNumber=1 applyTransaction=true mTimestamp=5124623463227(auto) mPendingTransactions.size=0 graphicBufferId=45118631444491 transform=0
2026-01-29 17:31:53.223 10505-10505 DeviceUtils             com.cdccreditsmart.app               D  Device Owner check: true
2026-01-29 17:31:53.223 10505-10505 DeviceUtils             com.cdccreditsmart.app               D  Samsung device: false (Manufacturer: motorola)
2026-01-29 17:31:53.224 10505-10505 DeviceOwnerCheckVM      com.cdccreditsmart.app               I  ✅ Dispositivo é Device Owner - permitindo acesso ao app
2026-01-29 17:31:53.224 10505-10505 DeviceOwnerCheckVM      com.cdccreditsmart.app               I  ========================================
2026-01-29 17:31:53.282 10505-10505 RouterViewModel         com.cdccreditsmart.app               D  🚀 Iniciando verificação de autenticação...
2026-01-29 17:31:53.286 10505-10702 AuthOrchestrator        com.cdccreditsmart.app               D  🔐 Verificando autenticação...
2026-01-29 17:31:53.292 10505-10702 AuthOrchestrator        com.cdccreditsmart.app               D  🌐 Conectividade: ONLINE
2026-01-29 17:31:53.293 10505-10702 AuthOrchestrator        com.cdccreditsmart.app               D  🔄 ========== AUTO-DISCOVERY INICIADO ==========
2026-01-29 17:31:53.312 10505-10702 DeviceUtils             com.cdccreditsmart.app               D  IMEI retrieved successfully: 3531***
2026-01-29 17:31:53.312 10505-10702 AuthOrchestrator        com.cdccreditsmart.app               D  📱 IMEI obtido: 3531***198
2026-01-29 17:31:53.312 10505-10702 AuthOrchestrator        com.cdccreditsmart.app               D  🔍 Tentando auto-discovery...
2026-01-29 17:31:53.312 10505-10702 AuthOrchestrator        com.cdccreditsmart.app               D     Endpoint: GET /api/apk/discover/353104906953198
2026-01-29 17:31:53.379 10505-11069 okhttp.OkHttpClient     com.cdccreditsmart.app               I  --> GET https://cdccreditsmart.com/api/apk/discover/353104906953198
2026-01-29 17:31:53.379 10505-11069 okhttp.OkHttpClient     com.cdccreditsmart.app               I  --> END GET
2026-01-29 17:31:53.722 10505-10505 SettingsGuardService    com.cdccreditsmart.app               I  ▶️ Guard RETOMADO após fluxo de permissões
2026-01-29 17:31:54.473 10505-11069 okhttp.OkHttpClient     com.cdccreditsmart.app               I  <-- 404 https://cdccreditsmart.com/api/apk/discover/353104906953198 (1093ms)
2026-01-29 17:31:54.473 10505-11069 okhttp.OkHttpClient     com.cdccreditsmart.app               I  access-control-allow-credentials: true
2026-01-29 17:31:54.473 10505-11069 okhttp.OkHttpClient     com.cdccreditsmart.app               I  access-control-allow-headers: Origin, X-Requested-With, Content-Type, Accept, Authorization, x-client-key, x-client-token, x-client-secret, cache-control
2026-01-29 17:31:54.473 10505-11069 okhttp.OkHttpClient     com.cdccreditsmart.app               I  access-control-allow-methods: GET, POST, PUT, PATCH, DELETE, OPTIONS
2026-01-29 17:31:54.473 10505-11069 okhttp.OkHttpClient     com.cdccreditsmart.app               I  access-control-allow-origin: *
2026-01-29 17:31:54.474 10505-11069 okhttp.OkHttpClient     com.cdccreditsmart.app               I  access-control-max-age: 86400
2026-01-29 17:31:54.474 10505-11069 okhttp.OkHttpClient     com.cdccreditsmart.app               I  content-length: 135
2026-01-29 17:31:54.474 10505-11069 okhttp.OkHttpClient     com.cdccreditsmart.app               I  content-security-policy: default-src 'self'; script-src 'self' 'unsafe-inline' 'unsafe-eval' https://replit.com; style-src 'self' 'unsafe-inline' https://replit.com; img-src 'self' data: https:; font-src 'self' data: https://replit.com; connect-src 'self';
2026-01-29 17:31:54.474 10505-11069 okhttp.OkHttpClient     com.cdccreditsmart.app               I  content-type: application/json; charset=utf-8
2026-01-29 17:31:54.474 10505-11069 okhttp.OkHttpClient     com.cdccreditsmart.app               I  date: Thu, 29 Jan 2026 20:31:55 GMT
2026-01-29 17:31:54.474 10505-11069 okhttp.OkHttpClient     com.cdccreditsmart.app               I  etag: W/"87-WMi3emPyx8sd4D1rSTdlqG1WZek"
2026-01-29 17:31:54.474 10505-11069 okhttp.OkHttpClient     com.cdccreditsmart.app               I  permissions-policy: geolocation=(), microphone=(), camera=()
2026-01-29 17:31:54.474 10505-11069 okhttp.OkHttpClient     com.cdccreditsmart.app               I  referrer-policy: strict-origin-when-cross-origin
2026-01-29 17:31:54.474 10505-11069 okhttp.OkHttpClient     com.cdccreditsmart.app               I  strict-transport-security: max-age=63072000; includeSubDomains
2026-01-29 17:31:54.474 10505-11069 okhttp.OkHttpClient     com.cdccreditsmart.app               I  strict-transport-security: max-age=31536000; includeSubDomains
2026-01-29 17:31:54.474 10505-11069 okhttp.OkHttpClient     com.cdccreditsmart.app               I  x-anti-fraud-protection: active
2026-01-29 17:31:54.474 10505-11069 okhttp.OkHttpClient     com.cdccreditsmart.app               I  x-certificate-pinning-enabled: false
2026-01-29 17:31:54.474 10505-11069 okhttp.OkHttpClient     com.cdccreditsmart.app               I  x-certificate-pinning-status: disabled-for-stability
2026-01-29 17:31:54.474 10505-11069 okhttp.OkHttpClient     com.cdccreditsmart.app               I  x-content-type-options: nosniff
2026-01-29 17:31:54.474 10505-11069 okhttp.OkHttpClient     com.cdccreditsmart.app               I  x-financial-data-protection: enabled
2026-01-29 17:31:54.474 10505-11069 okhttp.OkHttpClient     com.cdccreditsmart.app               I  x-frame-options: DENY
2026-01-29 17:31:54.475 10505-11069 okhttp.OkHttpClient     com.cdccreditsmart.app               I  x-transaction-security-level: maximum
2026-01-29 17:31:54.475 10505-11069 okhttp.OkHttpClient     com.cdccreditsmart.app               I  x-xss-protection: 1; mode=block
2026-01-29 17:31:54.475 10505-11069 okhttp.OkHttpClient     com.cdccreditsmart.app               I  via: 1.1 google
2026-01-29 17:31:54.475 10505-11069 okhttp.OkHttpClient     com.cdccreditsmart.app               I  alt-svc: h3=":443"; ma=2592000,h3-29=":443"; ma=2592000
2026-01-29 17:31:54.477 10505-11069 okhttp.OkHttpClient     com.cdccreditsmart.app               I  {"error":"Dispositivo não cadastrado","hint":"Este aparelho não está cadastrado no sistema. Cadastre-o primeiro na plataforma web."}
2026-01-29 17:31:54.477 10505-11069 okhttp.OkHttpClient     com.cdccreditsmart.app               I  <-- END HTTP (135-byte body)
2026-01-29 17:31:54.480 10505-10702 AuthOrchestrator        com.cdccreditsmart.app               W  ❌ Dispositivo não cadastrado (404)
2026-01-29 17:31:54.480 10505-10702 AuthOrchestrator        com.cdccreditsmart.app               D     → Backend não encontrou este IMEI
2026-01-29 17:31:54.480 10505-10702 AuthOrchestrator        com.cdccreditsmart.app               D     → Será necessário pareamento manual
2026-01-29 17:31:54.480 10505-10702 ContractCodeStorage     com.cdccreditsmart.app               D  Retrieving contract code from storage
2026-01-29 17:31:54.630 10505-10702 ContractCodeStorage     com.cdccreditsmart.app               D  Storage verification: 0 valid, 0 tampered, 7 missing
2026-01-29 17:31:54.630 10505-10702 ContractCodeStorage     com.cdccreditsmart.app               W  No valid contract code found in any location
2026-01-29 17:31:54.630 10505-10702 AuthOrchestrator        com.cdccreditsmart.app               D  ❌ Código de pareamento não encontrado - precisa de novo código
2026-01-29 17:31:54.630 10505-10505 RouterViewModel         com.cdccreditsmart.app               D  ❌ Código de pareamento necessário - Ir para QR Scanner
2026-01-29 17:31:58.294 10505-10505 InsetsController        com.cdccreditsmart.app               D  show(ime(), fromIme=false)
2026-01-29 17:31:58.297 10505-10505 ImeTracker              com.cdccreditsmart.app               I  com.cdccreditsmart.app:32f8eda2: onRequestShow at ORIGIN_CLIENT reason SHOW_SOFT_INPUT_BY_INSETS_API fromUser false
2026-01-29 17:31:58.300 10505-10505 InputMethodManager      com.cdccreditsmart.app               D  showSoftInput() view=androidx.compose.ui.platform.AndroidComposeView{d56a8d VFED..... .F....ID 0,0-1080,2400 aid=1073741824} flags=0 reason=SHOW_SOFT_INPUT_BY_INSETS_API
2026-01-29 17:31:58.347 10505-10505 ImeTracker              com.cdccreditsmart.app               I  com.cdccreditsmart.app:7d09c0e3: onRequestShow at ORIGIN_CLIENT reason SHOW_SOFT_INPUT fromUser false
2026-01-29 17:31:58.348 10505-10505 InputMethodManager      com.cdccreditsmart.app               D  showSoftInput() view=androidx.compose.ui.platform.AndroidComposeView{d56a8d VFED..... .F...... 0,0-1080,2400 aid=1073741824} flags=0 reason=SHOW_SOFT_INPUT
2026-01-29 17:31:58.722 10505-10505 InsetsController        com.cdccreditsmart.app               D  show(ime(), fromIme=true)
2026-01-29 17:31:58.741 10505-10505 InsetsController        com.cdccreditsmart.app               D  show(ime(), fromIme=true)
2026-01-29 17:31:58.742 10505-10505 ImeTracker              com.cdccreditsmart.app               I  com.cdccreditsmart.app:7d09c0e3: onCancelled at PHASE_CLIENT_APPLY_ANIMATION
2026-01-29 17:31:59.048 10505-10505 ImeTracker              com.cdccreditsmart.app               I  com.cdccreditsmart.app:32f8eda2: onShown
2026-01-29 17:32:16.103 10505-10505 PairingViewModel        com.cdccreditsmart.app               D  🚀 Iniciando pareamento com código: QJ3H****
2026-01-29 17:32:16.105 10505-10505 NetworkConnectivity     com.cdccreditsmart.app               D  ✅ Conectado via WiFi com internet
2026-01-29 17:32:16.106 10505-10505 PairingViewModel        com.cdccreditsmart.app               D  📶 Estado da rede: Conectado via WiFi
2026-01-29 17:32:16.106 10505-10505 PairingViewModel        com.cdccreditsmart.app               D  ✅ Usando autenticação moderna: POST /api/apk/auth
2026-01-29 17:32:16.106 10505-10505 PairingViewModel        com.cdccreditsmart.app               D  ========== APK AUTHENTICATION ==========
2026-01-29 17:32:16.106 10505-10505 PairingViewModel        com.cdccreditsmart.app               D  Pairing Code: [REDACTED]
2026-01-29 17:32:16.106 10505-10505 PairingViewModel        com.cdccreditsmart.app               D  🔐 Tentando conceder permissão READ_PHONE_STATE antes de coletar IMEI...
2026-01-29 17:32:16.192 10505-10505 AutoPermissionManager   com.cdccreditsmart.app               I  ✅ Permissão concedida automaticamente: android.permission.READ_PHONE_STATE
2026-01-29 17:32:16.192 10505-10505 PairingViewModel        com.cdccreditsmart.app               I  ✅ Permissão READ_PHONE_STATE concedida com sucesso
2026-01-29 17:32:16.193 10505-10505 DeviceInfoManager       com.cdccreditsmart.app               I  ========================================
2026-01-29 17:32:16.193 10505-10505 DeviceInfoManager       com.cdccreditsmart.app               I  📱 Coletando informações de IMEI do dispositivo
2026-01-29 17:32:16.193 10505-10505 DeviceInfoManager       com.cdccreditsmart.app               I  ========================================
2026-01-29 17:32:16.195 10505-10505 DeviceInfoManager       com.cdccreditsmart.app               D  Número de SIMs detectados: 2
2026-01-29 17:32:16.200 10505-10505 DeviceInfoManager       com.cdccreditsmart.app               D  ✅ IMEI válido encontrado no slot 0
2026-01-29 17:32:16.203 10505-10505 DeviceInfoManager       com.cdccreditsmart.app               D  ✅ IMEI válido encontrado no slot 1
2026-01-29 17:32:16.203 10505-10505 DeviceInfoManager       com.cdccreditsmart.app               I  ✅ 2 IMEI(s) válido(s) coletado(s)
2026-01-29 17:32:16.204 10505-10505 DeviceInfoManager       com.cdccreditsmart.app               I  ========================================
2026-01-29 17:32:16.204 10505-10505 PairingViewModel        com.cdccreditsmart.app               D  ✅ IMEI capturado: 353104****
2026-01-29 17:32:16.204 10505-10505 PairingViewModel        com.cdccreditsmart.app               D  📱 Dual-SIM detectado: 1 IMEI(s) adicional(is)
2026-01-29 17:32:16.205 10505-10505 PairingViewModel        com.cdccreditsmart.app               D  Sending POST /api/apk/auth...
2026-01-29 17:32:16.205 10505-10505 PairingViewModel        com.cdccreditsmart.app               D  Request - deviceImei: 353104****
2026-01-29 17:32:16.205 10505-10505 PairingViewModel        com.cdccreditsmart.app               D  Request - additionalImeis count: 1
2026-01-29 17:32:16.205 10505-10505 PairingViewModel        com.cdccreditsmart.app               D  Request - imeiStatus: null
2026-01-29 17:32:16.875 10505-10519 creditsmart.app         com.cdccreditsmart.app               I  Background concurrent mark compact GC freed 9923KB AllocSpace bytes, 45(1872KB) LOS objects, 66% free, 10MB/31MB, paused 1.216ms,7.428ms total 112.609ms
2026-01-29 17:32:17.536 10505-11069 okhttp.OkHttpClient     com.cdccreditsmart.app               I  --> POST https://cdccreditsmart.com/api/apk/auth
2026-01-29 17:32:17.536 10505-11069 okhttp.OkHttpClient     com.cdccreditsmart.app               I  Content-Type: application/json; charset=UTF-8
2026-01-29 17:32:17.537 10505-11069 okhttp.OkHttpClient     com.cdccreditsmart.app               I  Content-Length: 88
2026-01-29 17:32:17.537 10505-11069 okhttp.OkHttpClient     com.cdccreditsmart.app               I  {"code":"QJ3H4MKG","deviceImei":"353104906953198","additionalImeis":["353104906953206"]}
2026-01-29 17:32:17.537 10505-11069 okhttp.OkHttpClient     com.cdccreditsmart.app               I  --> END POST (88-byte body)
2026-01-29 17:32:17.540 10505-10505 Choreographer           com.cdccreditsmart.app               I  Skipped 90 frames!  The application may be doing too much work on its main thread.
2026-01-29 17:32:17.619 10505-10505 InsetsController        com.cdccreditsmart.app               D  hide(ime(), fromIme=false)
2026-01-29 17:32:17.621 10505-10505 ImeTracker              com.cdccreditsmart.app               I  com.cdccreditsmart.app:ca8a4d53: onRequestHide at ORIGIN_CLIENT reason HIDE_SOFT_INPUT_BY_INSETS_API fromUser false
2026-01-29 17:32:17.622 10505-10505 ImeTracker              com.cdccreditsmart.app               I  com.cdccreditsmart.app:daff8108: onRequestHide at ORIGIN_CLIENT reason HIDE_SOFT_INPUT_REQUEST_HIDE_WITH_CONTROL fromUser false
2026-01-29 17:32:17.662 10505-10505 RemoteInpu...ectionImpl com.cdccreditsmart.app               W  requestCursorUpdates on inactive InputConnection
2026-01-29 17:32:17.663 10505-10505 InsetsController        com.cdccreditsmart.app               D  hide(ime(), fromIme=true)
2026-01-29 17:32:17.663 10505-10505 ImeTracker              com.cdccreditsmart.app               I  com.cdccreditsmart.app:daff8108: onCancelled at PHASE_CLIENT_APPLY_ANIMATION
2026-01-29 17:32:17.915 10505-11069 okhttp.OkHttpClient     com.cdccreditsmart.app               I  <-- 200 https://cdccreditsmart.com/api/apk/auth (377ms)
2026-01-29 17:32:17.916 10505-11069 okhttp.OkHttpClient     com.cdccreditsmart.app               I  access-control-allow-credentials: true
2026-01-29 17:32:17.916 10505-11069 okhttp.OkHttpClient     com.cdccreditsmart.app               I  access-control-allow-headers: Origin, X-Requested-With, Content-Type, Accept, Authorization, x-client-key, x-client-token, x-client-secret, cache-control
2026-01-29 17:32:17.916 10505-11069 okhttp.OkHttpClient     com.cdccreditsmart.app               I  access-control-allow-methods: GET, POST, PUT, PATCH, DELETE, OPTIONS
2026-01-29 17:32:17.916 10505-11069 okhttp.OkHttpClient     com.cdccreditsmart.app               I  access-control-allow-origin: *
2026-01-29 17:32:17.916 10505-11069 okhttp.OkHttpClient     com.cdccreditsmart.app               I  access-control-max-age: 86400
2026-01-29 17:32:17.916 10505-11069 okhttp.OkHttpClient     com.cdccreditsmart.app               I  content-length: 985
2026-01-29 17:32:17.916 10505-11069 okhttp.OkHttpClient     com.cdccreditsmart.app               I  content-security-policy: default-src 'self'; script-src 'self' 'unsafe-inline' 'unsafe-eval' https://replit.com; style-src 'self' 'unsafe-inline' https://replit.com; img-src 'self' data: https:; font-src 'self' data: https://replit.com; connect-src 'self';
2026-01-29 17:32:17.916 10505-11069 okhttp.OkHttpClient     com.cdccreditsmart.app               I  content-type: application/json; charset=utf-8
2026-01-29 17:32:17.917 10505-11069 okhttp.OkHttpClient     com.cdccreditsmart.app               I  date: Thu, 29 Jan 2026 20:32:18 GMT
2026-01-29 17:32:17.917 10505-11069 okhttp.OkHttpClient     com.cdccreditsmart.app               I  etag: W/"3d9-xhUce3/cxtMipJwLkfe9YRdH160"
2026-01-29 17:32:17.917 10505-11069 okhttp.OkHttpClient     com.cdccreditsmart.app               I  permissions-policy: geolocation=(), microphone=(), camera=()
2026-01-29 17:32:17.917 10505-11069 okhttp.OkHttpClient     com.cdccreditsmart.app               I  referrer-policy: strict-origin-when-cross-origin
2026-01-29 17:32:17.917 10505-11069 okhttp.OkHttpClient     com.cdccreditsmart.app               I  strict-transport-security: max-age=63072000; includeSubDomains
2026-01-29 17:32:17.917 10505-11069 okhttp.OkHttpClient     com.cdccreditsmart.app               I  strict-transport-security: max-age=31536000; includeSubDomains
2026-01-29 17:32:17.917 10505-11069 okhttp.OkHttpClient     com.cdccreditsmart.app               I  x-anti-fraud-protection: active
2026-01-29 17:32:17.917 10505-11069 okhttp.OkHttpClient     com.cdccreditsmart.app               I  x-certificate-pinning-enabled: false
2026-01-29 17:32:17.917 10505-11069 okhttp.OkHttpClient     com.cdccreditsmart.app               I  x-certificate-pinning-status: disabled-for-stability
2026-01-29 17:32:17.918 10505-11069 okhttp.OkHttpClient     com.cdccreditsmart.app               I  x-content-type-options: nosniff
2026-01-29 17:32:17.918 10505-11069 okhttp.OkHttpClient     com.cdccreditsmart.app               I  x-financial-data-protection: enabled
2026-01-29 17:32:17.918 10505-11069 okhttp.OkHttpClient     com.cdccreditsmart.app               I  x-frame-options: DENY
2026-01-29 17:32:17.918 10505-11069 okhttp.OkHttpClient     com.cdccreditsmart.app               I  x-transaction-security-level: maximum
2026-01-29 17:32:17.918 10505-11069 okhttp.OkHttpClient     com.cdccreditsmart.app               I  x-xss-protection: 1; mode=block
2026-01-29 17:32:17.918 10505-11069 okhttp.OkHttpClient     com.cdccreditsmart.app               I  via: 1.1 google
2026-01-29 17:32:17.918 10505-11069 okhttp.OkHttpClient     com.cdccreditsmart.app               I  alt-svc: h3=":443"; ma=2592000,h3-29=":443"; ma=2592000
2026-01-29 17:32:17.920 10505-11069 okhttp.OkHttpClient     com.cdccreditsmart.app               I  {"success":true,"authenticated":true,"authToken":"eyJhbGciOiJIUzI1NiIsInR5cCI6IkpXVCJ9.eyJkZXZpY2VJZCI6ImRldmljZV8xNzY5MTM3MjgwMjgyX2w3c3JqZXNnMjUiLCJhcGtUb2tlbiI6IlFKM0g0TUtHIiwidHlwZSI6ImFwayIsImV4cGlyZXNJbiI6IjI0aCIsImlhdCI6MTc2OTcxODczOCwiZXhwIjoxNzY5ODA1MTM4fQ.9WfxOgwPUk6u2_WuY595FsdOGxl_Xa8WFrsxuSEifto","expiresIn":86400,"expiresAt":"2026-01-30T20:32:18.950Z","device":{"id":"device_1769137280282_l7srjesg25","name":"REALME Note 60x","model":"Note 60x","brand":"REALME","imei":"860875074339718","imeiList":["860875074339718"],"isBlocked":false,"status":"active","blockReason":null,"totalValue":"1200.00","installmentValue":"276.56","installmentCount":4,"saleDate":"2026-01-23T03:01:36.081Z"},"customer":{"name":"Marcos Antunes","phone":"85981888810","cpf":"06452784323"},"store":{"name":"Loja Zona Sul","phone":"(11) 77777-9012","email":"zonasul@loja.com"},"paymentSummary":{"total":4,"paid":0,"pending":4,"overdue":0,"totalAmount":1200,"paidAmount":0,"pendingAmount":1106.24}}
2026-01-29 17:32:17.920 10505-11069 okhttp.OkHttpClient     com.cdccreditsmart.app               I  <-- END HTTP (985-byte body)
2026-01-29 17:32:17.941 10505-10505 ImeTracker              com.cdccreditsmart.app               I  com.cdccreditsmart.app:1f920a97: onRequestHide at ORIGIN_CLIENT reason HIDE_SOFT_INPUT_ON_ANIMATION_STATE_CHANGED fromUser false
2026-01-29 17:32:17.943 10505-10505 ImeTracker              com.cdccreditsmart.app               I  com.cdccreditsmart.app:ca8a4d53: onHidden
2026-01-29 17:32:17.950 10505-10505 PairingViewModel        com.cdccreditsmart.app               D  Response code: 200
2026-01-29 17:32:17.950 10505-10505 PairingViewModel        com.cdccreditsmart.app               D  Response message: 
2026-01-29 17:32:17.950 10505-10505 PairingViewModel        com.cdccreditsmart.app               D  Response body received
2026-01-29 17:32:17.950 10505-10505 PairingViewModel        com.cdccreditsmart.app               D  ✅ APK Authentication successful!
2026-01-29 17:32:17.950 10505-10505 PairingViewModel        com.cdccreditsmart.app               D  Auth token received, expires in 86400s
2026-01-29 17:32:17.950 10505-10505 PairingViewModel        com.cdccreditsmart.app               D  Device: REALME Note 60x
2026-01-29 17:32:17.950 10505-10505 PairingViewModel        com.cdccreditsmart.app               D  Device ID: device_1769137280282_l7srjesg25
2026-01-29 17:32:17.950 10505-10505 PairingViewModel        com.cdccreditsmart.app               D  Customer: Marcos Antunes
2026-01-29 17:32:17.950 10505-10505 PairingViewModel        com.cdccreditsmart.app               I  📊 DADOS DO BACKEND - CustomerName: 'Marcos Antunes', DeviceModel: 'Note 60x'
2026-01-29 17:32:17.955 10505-10505 ContractCodeStorage     com.cdccreditsmart.app               D  Saving contract code to redundant storage
2026-01-29 17:32:17.977 10505-10505 ContractCodeStorage     com.cdccreditsmart.app               D  Saved to EncryptedPrefs
2026-01-29 17:32:18.048 10505-10505 ContractCodeStorage     com.cdccreditsmart.app               D  Successfully saved to file: .cdc_protected_code.enc
2026-01-29 17:32:18.048 10505-10505 ContractCodeStorage     com.cdccreditsmart.app               D  Saved to Protected Storage
2026-01-29 17:32:18.081 10505-10505 ContractCodeStorage     com.cdccreditsmart.app               D  Successfully saved to file: .cdc_contract_b1.enc
2026-01-29 17:32:18.111 10505-10505 ContractCodeStorage     com.cdccreditsmart.app               D  Successfully saved to file: .sys_device_cfg.enc
2026-01-29 17:32:18.143 10505-10505 ContractCodeStorage     com.cdccreditsmart.app               D  Successfully saved to file: .android_secure.enc
2026-01-29 17:32:18.191 10505-10505 ContractCodeStorage     com.cdccreditsmart.app               D  Contract code saved to ALL storage locations
2026-01-29 17:32:18.376 10505-10505 ContractCodeStorage     com.cdccreditsmart.app               D  Verification complete: 7/7 locations valid
2026-01-29 17:32:18.376 10505-10505 SecureTokenStorage      com.cdccreditsmart.app               D  Auth token saved successfully (contract code via ContractCodeStorage, deviceId: device_176...)
2026-01-29 17:32:18.378 10505-10505 SecureTokenStorage      com.cdccreditsmart.app               D  Serial number saved: QJ3H4M...
2026-01-29 17:32:18.380 10505-10505 SecureTokenStorage      com.cdccreditsmart.app               I  ✅ IMEI salvo para MDM: 3531***198
2026-01-29 17:32:18.385 10505-10505 SecureTokenStorage      com.cdccreditsmart.app               I  ✅ 2 IMEI(s) validado(s) e armazenado(s) com hash SHA-256
2026-01-29 17:32:18.385 10505-10505 PairingViewModel        com.cdccreditsmart.app               I  ✅ 2 IMEI(s) validado(s) e armazenado(s) com segurança
2026-01-29 17:32:18.385 10505-10505 PairingViewModel        com.cdccreditsmart.app               I  🚀 Iniciando CdcForegroundService para MDM...
2026-01-29 17:32:18.388 10505-10505 CdcForegroundService    com.cdccreditsmart.app               I  ✅ Serviço iniciado via startService()
2026-01-29 17:32:18.388 10505-10505 PairingViewModel        com.cdccreditsmart.app               I  🔄 Passando para step3 - CustomerName: 'Marcos Antunes', DeviceModel: 'Note 60x'
2026-01-29 17:32:18.388 10505-10505 PairingViewModel        com.cdccreditsmart.app               D  🔌 step3ConnectWebSocket chamado - CustomerName: 'Marcos Antunes', DeviceModel: 'Note 60x'
2026-01-29 17:32:18.389 10505-10505 PairingViewModel        com.cdccreditsmart.app               D  Registering FCM token with backend...
2026-01-29 17:32:18.393 10505-10702 FcmTokenManager         com.cdccreditsmart.app               D  ========== REGISTERING FCM TOKEN WITH BACKEND ==========
2026-01-29 17:32:18.394 10505-10505 WebSocketManager        com.cdccreditsmart.app               D  Connecting to WebSocket: wss://cdccreditsmart.com/ws/flow-status
2026-01-29 17:32:18.397 10505-10702 FcmTokenManager         com.cdccreditsmart.app               D  Current FCM token retrieved: dzy1jNTRQS6gYTum-qYa...
2026-01-29 17:32:18.421 10505-10505 CdcForegroundService    com.cdccreditsmart.app               D  🚀 Serviço onStartCommand() - Action: com.cdccreditsmart.app.START_SERVICE
2026-01-29 17:32:18.431 10505-10505 CdcForegroundService    com.cdccreditsmart.app               I  ✅ Foreground Service ativo (Android 12+)
2026-01-29 17:32:18.432 10505-10716 CdcForegroundService    com.cdccreditsmart.app               I  🔧 ========================================
2026-01-29 17:32:18.432 10505-10716 CdcForegroundService    com.cdccreditsmart.app               I  🔧 INICIANDO initializeServices()...
2026-01-29 17:32:18.432 10505-10716 CdcForegroundService    com.cdccreditsmart.app               I  🔧 ========================================
2026-01-29 17:32:18.432 10505-10716 CdcForegroundService    com.cdccreditsmart.app               D  ✅ Serviços base já inicializados
2026-01-29 17:32:18.481 10505-10702 FcmTokenManager         com.cdccreditsmart.app               D  Sending FCM token to backend (payload: {"fcmToken": "dzy1jNTRQS6gYTum-qYa..."})
2026-01-29 17:32:18.483 10505-10702 FcmTokenManager         com.cdccreditsmart.app               D  Sending POST https://cdccreditsmart.com/api/apk/device/fcm-token...
2026-01-29 17:32:18.947 10505-11094 WebSocketManager        com.cdccreditsmart.app               D  WebSocket connection opened
2026-01-29 17:32:18.947 10505-11094 WebSocketManager        com.cdccreditsmart.app               D  WebSocket connected for contract: QJ3H4MKG
2026-01-29 17:32:18.948 10505-11094 WebSocketManager        com.cdccreditsmart.app               D  Starting heartbeat
2026-01-29 17:32:18.948 10505-10716 SecureTokenStorage      com.cdccreditsmart.app               D  ✅ Usando IMEI para MDM: 3531***198
2026-01-29 17:32:18.948 10505-10716 CdcForegroundService    com.cdccreditsmart.app               I  🔐 AuthToken presente: true
2026-01-29 17:32:18.948 10505-10716 CdcForegroundService    com.cdccreditsmart.app               I  🔐 AuthToken length: 259
2026-01-29 17:32:18.948 10505-10716 CdcForegroundService    com.cdccreditsmart.app               I  🔐 ContractCode presente: true
2026-01-29 17:32:18.948 10505-10716 CdcForegroundService    com.cdccreditsmart.app               I  🔐 ContractCode value: QJ3H****
2026-01-29 17:32:18.948 10505-10716 CdcForegroundService    com.cdccreditsmart.app               I  🔐 MDM SerialNumber presente: true
2026-01-29 17:32:18.949 10505-10716 CdcForegroundService    com.cdccreditsmart.app               I  🔐 MDM SerialNumber value: 35310490...
2026-01-29 17:32:18.949 10505-10716 CdcForegroundService    com.cdccreditsmart.app               I  🔧 ========================================
2026-01-29 17:32:18.949 10505-10716 CdcForegroundService    com.cdccreditsmart.app               I  🔧 INICIALIZANDO MDM COM SERIAL NUMBER: 35310490...
2026-01-29 17:32:18.949 10505-10716 CdcForegroundService    com.cdccreditsmart.app               I  🔧 ========================================
2026-01-29 17:32:18.949 10505-10716 CdcForegroundService    com.cdccreditsmart.app               I  🔐 Tokens encontrados - inicializando serviços MDM
2026-01-29 17:32:18.949 10505-10716 CdcForegroundService    com.cdccreditsmart.app               D  📡 Criando MdmCommandReceiver (usando serialNumber do SecureTokenStorage)...
2026-01-29 17:32:18.972 10505-10716 MdmCommandReceiver      com.cdccreditsmart.app               D  ✅ Foreground service reference set for WakeLock management
2026-01-29 17:32:18.972 10505-10716 CdcForegroundService    com.cdccreditsmart.app               D  🔋 Foreground service reference passada para MdmCommandReceiver
2026-01-29 17:32:18.972 10505-10716 CdcForegroundService    com.cdccreditsmart.app               I  💓 ========================================
2026-01-29 17:32:18.972 10505-10716 CdcForegroundService    com.cdccreditsmart.app               I  💓 INICIANDO HEARTBEAT MANAGER (60s)
2026-01-29 17:32:18.972 10505-10716 CdcForegroundService    com.cdccreditsmart.app               I  💓 ========================================
2026-01-29 17:32:18.974 10505-10716 HeartbeatManager        com.cdccreditsmart.app               I  💓 ========================================
2026-01-29 17:32:18.975 10505-10716 HeartbeatManager        com.cdccreditsmart.app               I  💓 INICIANDO HEARTBEAT MANAGER (60s)
2026-01-29 17:32:18.975 10505-10716 HeartbeatManager        com.cdccreditsmart.app               I  💓 ========================================
2026-01-29 17:32:18.975 10505-10716 HeartbeatManager        com.cdccreditsmart.app               I  💓 Intervalo: 60 segundos
2026-01-29 17:32:18.975 10505-10716 HeartbeatManager        com.cdccreditsmart.app               I  💓 Endpoint: POST /api/apk/device/heartbeat
2026-01-29 17:32:18.976 10505-10716 CdcForegroundService    com.cdccreditsmart.app               I  💓 HeartbeatManager iniciado ANTES do WebSocket
2026-01-29 17:32:18.976 10505-10716 CdcForegroundService    com.cdccreditsmart.app               I  📡 ========================================
2026-01-29 17:32:18.976 10505-10716 CdcForegroundService    com.cdccreditsmart.app               I  📡 CONECTANDO WebSocket MDM...
2026-01-29 17:32:18.976 10505-10716 CdcForegroundService    com.cdccreditsmart.app               I  📡 ========================================
2026-01-29 17:32:18.976 10505-10716 CdcForegroundService    com.cdccreditsmart.app               I  📡 AuthToken length: 259 caracteres
2026-01-29 17:32:18.976 10505-10716 CdcForegroundService    com.cdccreditsmart.app               I  📡 AuthToken preview: eyJhbGciOiJIUzI1NiIs...
2026-01-29 17:32:18.976 10505-10716 CdcForegroundService    com.cdccreditsmart.app               I  📡 Contract code: QJ3H4MKG
2026-01-29 17:32:18.976 10505-10716 CdcForegroundService    com.cdccreditsmart.app               I  📡 Chamando mdmReceiver.connectMdmWebSocket()...
2026-01-29 17:32:18.977 10505-10704 HeartbeatManager        com.cdccreditsmart.app               I  💓 Enviando heartbeat IMEDIATO...
2026-01-29 17:32:18.978 10505-10716 SecureTokenStorage      com.cdccreditsmart.app               D  ✅ Usando IMEI para MDM: 3531***198
2026-01-29 17:32:18.978 10505-10716 MdmCommandReceiver      com.cdccreditsmart.app               I  🔗 ========================================
2026-01-29 17:32:18.978 10505-10716 MdmCommandReceiver      com.cdccreditsmart.app               I  🔗 INICIANDO CONEXÃO WEBSOCKET MDM
2026-01-29 17:32:18.978 10505-10716 MdmCommandReceiver      com.cdccreditsmart.app               I  🔗 ========================================
2026-01-29 17:32:18.978 10505-10716 MdmCommandReceiver      com.cdccreditsmart.app               I  🔗 URL base: wss://cdccreditsmart.com/ws/mdm-policies
2026-01-29 17:32:18.978 10505-10716 MdmCommandReceiver      com.cdccreditsmart.app               I  🔗 JWT Token presente: true
2026-01-29 17:32:18.978 10505-10716 MdmCommandReceiver      com.cdccreditsmart.app               I  🔗 JWT Token length: 259
2026-01-29 17:32:18.978 10505-10716 MdmCommandReceiver      com.cdccreditsmart.app               I  🔗 JWT Token preview: eyJhbGciOiJIUzI1NiIsInR5cCI6Ik...
2026-01-29 17:32:18.978 10505-10716 MdmCommandReceiver      com.cdccreditsmart.app               I  🔗 Device identifier: 353104906953198
2026-01-29 17:32:18.980 10505-10716 MdmCommandReceiver      com.cdccreditsmart.app               D  🔗 Criando WebSocket OkHttp...
2026-01-29 17:32:18.980 10505-10716 MdmCommandReceiver      com.cdccreditsmart.app               I  🔄 Iniciando polling IMEDIATAMENTE (não esperar WebSocket)
2026-01-29 17:32:18.981 10505-10704 HeartbeatManager        com.cdccreditsmart.app               D  💓 Usando authToken (fallback)
2026-01-29 17:32:18.983 10505-10703 MdmCommandReceiver      com.cdccreditsmart.app               I  🔄 ========================================
2026-01-29 17:32:18.983 10505-10703 MdmCommandReceiver      com.cdccreditsmart.app               I  🔄 INICIANDO POLLING FALLBACK MDM
2026-01-29 17:32:18.983 10505-10703 MdmCommandReceiver      com.cdccreditsmart.app               I  🔄 ========================================
2026-01-29 17:32:18.983 10505-10703 MdmCommandReceiver      com.cdccreditsmart.app               I  🔄 Intervalo: 30 segundos
2026-01-29 17:32:18.983 10505-10703 MdmCommandReceiver      com.cdccreditsmart.app               I  🔄 Endpoint: GET /api/apk/device/{identifier}/commands
2026-01-29 17:32:18.984 10505-10703 MdmCommandReceiver      com.cdccreditsmart.app               I  🔄 Executando verificação IMEDIATA de comandos...
2026-01-29 17:32:18.986 10505-10716 MdmCommandReceiver      com.cdccreditsmart.app               D  🔗 WebSocket request enviado - aguardando resposta...
2026-01-29 17:32:18.986 10505-10716 CdcForegroundService    com.cdccreditsmart.app               I  📡 ========================================
2026-01-29 17:32:18.986 10505-10716 CdcForegroundService    com.cdccreditsmart.app               I  📡 connectMdmWebSocket() CHAMADO - Aguardando conexão...
2026-01-29 17:32:18.986 10505-10716 CdcForegroundService    com.cdccreditsmart.app               I  📡 Próximo log esperado: '✅ WebSocket MDM CONECTADO'
2026-01-29 17:32:18.986 10505-10716 CdcForegroundService    com.cdccreditsmart.app               I  📡 ========================================
2026-01-29 17:32:18.986 10505-10716 CdcForegroundService    com.cdccreditsmart.app               D  📡 Criando WebSocketManager (flow-status)...
2026-01-29 17:32:18.987 10505-10716 WebSocketManager        com.cdccreditsmart.app               D  Connecting to WebSocket: wss://cdccreditsmart.com/ws/flow-status
2026-01-29 17:32:18.988 10505-10703 SecureTokenStorage      com.cdccreditsmart.app               D  ✅ Usando IMEI para MDM: 3531***198
2026-01-29 17:32:18.988 10505-10703 MdmCommandReceiver      com.cdccreditsmart.app               I  🔍 ========================================
2026-01-29 17:32:18.988 10505-10703 MdmCommandReceiver      com.cdccreditsmart.app               I  🔍 BUSCANDO COMANDOS PENDENTES
2026-01-29 17:32:18.988 10505-10703 MdmCommandReceiver      com.cdccreditsmart.app               I  🔍 ========================================
2026-01-29 17:32:18.988 10505-10703 MdmCommandReceiver      com.cdccreditsmart.app               I  🔍 Identifier: 353104906953198
2026-01-29 17:32:18.988 10505-10703 MdmCommandReceiver      com.cdccreditsmart.app               I  🔍 Endpoint: GET /api/apk/device/353104906953198/commands
2026-01-29 17:32:18.989 10505-10716 CdcForegroundService    com.cdccreditsmart.app               I  📡 WebSocketManager inicializado
2026-01-29 17:32:18.989 10505-10716 CdcForegroundService    com.cdccreditsmart.app               I  💡 Overlay automático: PeriodicOverlayWorker (a cada 10min)
2026-01-29 17:32:18.990 10505-10704 HeartbeatManager        com.cdccreditsmart.app               D  Heartbeat payload:
2026-01-29 17:32:18.990 10505-10704 HeartbeatManager        com.cdccreditsmart.app               D     deviceToken: eyJhbGciOiJIUzI1NiIs...
2026-01-29 17:32:18.990 10505-10704 HeartbeatManager        com.cdccreditsmart.app               D     policyLevel: 0
2026-01-29 17:32:18.990 10505-10704 HeartbeatManager        com.cdccreditsmart.app               D     batteryLevel: 28
2026-01-29 17:32:18.990 10505-10704 HeartbeatManager        com.cdccreditsmart.app               D     isCharging: true
2026-01-29 17:32:18.990 10505-10704 HeartbeatManager        com.cdccreditsmart.app               D     currentSimImei: 353104...
2026-01-29 17:32:18.991 10505-10703 MdmCommandReceiver      com.cdccreditsmart.app               D  🔍 Executando requisição HTTP (timeout: 15s)...
2026-01-29 17:32:18.992 10505-10716 HeartbeatWorker         com.cdccreditsmart.app               I  ✅ Heartbeat OTIMIZADO agendado via WorkManager
2026-01-29 17:32:18.992 10505-10716 HeartbeatWorker         com.cdccreditsmart.app               I     📊 Intervalo: 60min (redução de 75% vs 15min)
2026-01-29 17:32:18.992 10505-10716 HeartbeatWorker         com.cdccreditsmart.app               I     🎯 Economia: ~72 requisições/dia por dispositivo
2026-01-29 17:32:18.993 10505-10716 BlockingNotifWorker     com.cdccreditsmart.app               I  📅 Agendando verificação de notificações de bloqueio...
2026-01-29 17:32:18.994 10505-10716 BlockingNotifWorker     com.cdccreditsmart.app               I  ✅ Worker agendado para executar a cada 6h
2026-01-29 17:32:18.994 10505-10716 CdcForegroundService    com.cdccreditsmart.app               I  📱 Worker de notificações de bloqueio agendado
2026-01-29 17:32:18.994 10505-10716 CdcForegroundService    com.cdccreditsmart.app               I  📦 ========================================
2026-01-29 17:32:18.994 10505-10716 CdcForegroundService    com.cdccreditsmart.app               I  📦 APK PRELOAD PARA FACTORY RESET (Multi-Fabricante)
2026-01-29 17:32:18.994 10505-10716 CdcForegroundService    com.cdccreditsmart.app               I  📦 ========================================
2026-01-29 17:32:18.994 10505-10716 ApkPreloadManager       com.cdccreditsmart.app               I  📱 Fabricante genérico - usando caminhos AOSP
2026-01-29 17:32:18.996 10505-10716 CdcForegroundService    com.cdccreditsmart.app               I  📦 APK em preload: false
2026-01-29 17:32:19.007 10505-10716 CdcForegroundService    com.cdccreditsmart.app               I  📦 Construindo manifesto:
2026-01-29 17:32:19.007 10505-10716 CdcForegroundService    com.cdccreditsmart.app               I     ContractCode: QJ3H4MKG...
2026-01-29 17:32:19.007 10505-10716 CdcForegroundService    com.cdccreditsmart.app               I     DeviceId: device_176...
2026-01-29 17:32:19.007 10505-10716 CdcForegroundService    com.cdccreditsmart.app               I     IMEI: 353104...
2026-01-29 17:32:19.007 10505-10716 CdcForegroundService    com.cdccreditsmart.app               I  📦 Salvando manifesto de enrollment para auto-reativação
2026-01-29 17:32:19.007 10505-10716 ApkPreloadManager       com.cdccreditsmart.app               I  ========================================
2026-01-29 17:32:19.007 10505-10716 ApkPreloadManager       com.cdccreditsmart.app               I  📦 INSTALANDO APK NO PRELOAD (Multi-Fabricante)
2026-01-29 17:32:19.007 10505-10716 ApkPreloadManager       com.cdccreditsmart.app               I  ========================================
2026-01-29 17:32:19.009 10505-10716 ApkPreloadManager       com.cdccreditsmart.app               I  📍 APK fonte: /data/app/~~3QGdu7DArEctjEfLf9huCg==/com.cdccreditsmart.app-W9zgNMXX1S-JUw6xXU6q3w==/base.apk
2026-01-29 17:32:19.009 10505-10716 ApkPreloadManager       com.cdccreditsmart.app               I  📱 Android 35 (15)
2026-01-29 17:32:19.009 10505-10716 ApkPreloadManager       com.cdccreditsmart.app               I  📱 Fabricante: motorola
2026-01-29 17:32:19.009 10505-10716 ApkPreloadManager       com.cdccreditsmart.app               I  📱 Marca: motorola
2026-01-29 17:32:19.009 10505-10716 ApkPreloadManager       com.cdccreditsmart.app               I  📱 Produto: lamu_g
2026-01-29 17:32:19.009 10505-10716 ApkPreloadManager       com.cdccreditsmart.app               I  📱 Modelo: moto g15
2026-01-29 17:32:19.010 10505-10716 ApkPreloadManager       com.cdccreditsmart.app               I  📱 Fabricante genérico - usando caminhos AOSP
2026-01-29 17:32:19.010 10505-10716 ApkPreloadManager       com.cdccreditsmart.app               I  🔍 Caminhos de preload a tentar: 4
