2025-12-08 18:00:20.510 13609-13609 TamperDetection         com.cdccreditsmart.app               I  â•”â•â•â•â•â•â•â•â•â•â•â•â•â•â•â•â•â•â•â•â•â•â•â•â•â•â•â•â•â•â•â•â•â•â•â•â•â•â•â•â•â•â•â•â•â•â•â•â•â•â•â•â•â•â•â•â•â•—
2025-12-08 18:00:20.510 13609-13609 TamperDetection         com.cdccreditsmart.app               I  â•‘    ðŸ“¡ REPORTAR BOOT AO BACKEND (CAMPOS COMPLETOS)     â•‘
2025-12-08 18:00:20.510 13609-13609 TamperDetection         com.cdccreditsmart.app               I  â• â•â•â•â•â•â•â•â•â•â•â•â•â•â•â•â•â•â•â•â•â•â•â•â•â•â•â•â•â•â•â•â•â•â•â•â•â•â•â•â•â•â•â•â•â•â•â•â•â•â•â•â•â•â•â•â•â•£
2025-12-08 18:00:20.495 13609-13609 creditsmart.app         com.cdccreditsmart.app               W  type=1400 audit(0.0:847): avc:  denied  { read } for  name="u:object_r:bootloader_boot_reason_prop:s0" dev="tmpfs" ino=83 scontext=u:r:untrusted_app:s0:c219,c256,c512,c768 tcontext=u:object_r:bootloader_boot_reason_prop:s0 tclass=file permissive=0 app=com.cdccreditsmart.app
2025-12-08 18:00:20.511 13609-13609 TamperDetection         com.cdccreditsmart.app               I  â•‘  Device Fingerprint: CDC_17161385****
2025-12-08 18:00:20.511 13609-13609 TamperDetection         com.cdccreditsmart.app               I  â•‘  Boot Timestamp: 1765227619429
2025-12-08 18:00:20.511 13609-13609 TamperDetection         com.cdccreditsmart.app               I  â•‘  Boot Reason: power_on
2025-12-08 18:00:20.511 13609-13609 TamperDetection         com.cdccreditsmart.app               I  â•‘  Is First Boot After Install: true
2025-12-08 18:00:20.511 13609-13609 TamperDetection         com.cdccreditsmart.app               I  â•‘  Was Factory Reset: false
2025-12-08 18:00:20.511 13609-13609 TamperDetection         com.cdccreditsmart.app               I  â•‘  Android Version: 16
2025-12-08 18:00:20.511 13609-13609 TamperDetection         com.cdccreditsmart.app               I  â•‘  APK Version: 1.0.0-debug
2025-12-08 18:00:20.511 13609-13609 TamperDetection         com.cdccreditsmart.app               I  â•‘  Security Patch Level: 2025-07-05
2025-12-08 18:00:20.511 13609-13609 TamperDetection         com.cdccreditsmart.app               I  â•‘  Encryption Status: unknown
2025-12-08 18:00:20.511 13609-13609 TamperDetection         com.cdccreditsmart.app               I  â•‘  Device Owner Active: true
2025-12-08 18:00:20.511 13609-13609 TamperDetection         com.cdccreditsmart.app               I  â•‘  Has Auth Token: true
2025-12-08 18:00:20.511 13609-13609 TamperDetection         com.cdccreditsmart.app               I  â•‘  Has Device Token: false
2025-12-08 18:00:20.511 13609-13609 TamperDetection         com.cdccreditsmart.app               I  â•‘  IMEI: N/A***
2025-12-08 18:00:20.511 13609-13609 TamperDetection         com.cdccreditsmart.app               I  â•‘  Android ID: d2de3704...
2025-12-08 18:00:20.511 13609-13609 TamperDetection         com.cdccreditsmart.app               I  â•šâ•â•â•â•â•â•â•â•â•â•â•â•â•â•â•â•â•â•â•â•â•â•â•â•â•â•â•â•â•â•â•â•â•â•â•â•â•â•â•â•â•â•â•â•â•â•â•â•â•â•â•â•â•â•â•â•â•
2025-12-08 18:00:20.511 13609-13609 TamperDetection         com.cdccreditsmart.app               I  
2025-12-08 18:00:20.516 13609-13659 CDCApplication          com.cdccreditsmart.app               I  ðŸ”’ Verificando status do SIM no boot da aplicaÃ§Ã£o...
2025-12-08 18:00:20.518 13609-13661 TamperDetection         com.cdccreditsmart.app               I  ðŸ“¡ Enviando POST /api/security/device-boot...
2025-12-08 18:00:20.529 13609-13659 SimSwapManager          com.cdccreditsmart.app               I  ========================================
2025-12-08 18:00:20.530 13609-13659 SimSwapManager          com.cdccreditsmart.app               I  ðŸ”’ SIM SWAP: Iniciando verificaÃ§Ã£o de status do SIM
2025-12-08 18:00:20.530 13609-13659 SimSwapManager          com.cdccreditsmart.app               I  ========================================
2025-12-08 18:00:20.575 13609-13609 SecureTokenStorage      com.cdccreditsmart.app               D  EncryptedSharedPreferences initialized successfully
2025-12-08 18:00:20.578 13609-13609 ContractCodeStorage     com.cdccreditsmart.app               D  Retrieving contract code from storage
2025-12-08 18:00:20.739 13609-13659 SimSwapDetector         com.cdccreditsmart.app               D  ðŸ”’ SIM SWAP: SIM serial obtido via SubscriptionManager
2025-12-08 18:00:20.739 13609-13659 SimSwapDetector         com.cdccreditsmart.app               D     ICCID: 8986031864... (20 dÃ­gitos)
2025-12-08 18:00:20.739 13609-13659 SimSwapDetector         com.cdccreditsmart.app               D     Slot: 0
2025-12-08 18:00:20.744 13609-13660 WorkProfileManager      com.cdccreditsmart.app               I  âœ… [3/5] UsuÃ¡rio secundÃ¡rio criado com sucesso!
2025-12-08 18:00:20.745 13609-13660 WorkProfileManager      com.cdccreditsmart.app               I     UserHandle: UserHandle{10}
2025-12-08 18:00:20.745 13609-13660 WorkProfileManager      com.cdccreditsmart.app               I     Tipo: UsuÃ¡rio secundÃ¡rio gerenciado (nÃ£o work profile tradicional)
2025-12-08 18:00:20.746 13609-13660 WorkProfileManager      com.cdccreditsmart.app               I     User ID: 10 (extraÃ­do via UserHandle.getIdentifier())
2025-12-08 18:00:20.749 13609-13660 WorkProfileManager      com.cdccreditsmart.app               I  ðŸ’¾ [4/5] InformaÃ§Ãµes salvas (userId: 10)
2025-12-08 18:00:20.755 13609-13659 SimSwapDetector         com.cdccreditsmart.app               D  ðŸ”’ SIM SWAP: Operadora: T-Mobile
2025-12-08 18:00:20.755 13609-13659 SimSwapDetector         com.cdccreditsmart.app               I  ðŸ”’ SIM SWAP: InformaÃ§Ãµes do SIM coletadas:
2025-12-08 18:00:20.755 13609-13659 SimSwapDetector         com.cdccreditsmart.app               I     Serial: 8986031864...
2025-12-08 18:00:20.755 13609-13659 SimSwapDetector         com.cdccreditsmart.app               I     Operadora: T-Mobile
2025-12-08 18:00:20.755 13609-13659 SimSwapDetector         com.cdccreditsmart.app               I     SIM ativo: true
2025-12-08 18:00:21.120 13609-13660 WorkProfileManager      com.cdccreditsmart.app               I  âœ… [5/5] UsuÃ¡rio secundÃ¡rio iniciado em background
2025-12-08 18:00:21.121 13609-13660 WorkProfileManager      com.cdccreditsmart.app               I  
2025-12-08 18:00:21.121 13609-13660 WorkProfileManager      com.cdccreditsmart.app               I  ðŸŽ‰ ==================== USUÃRIO SECUNDÃRIO CRIADO ====================
2025-12-08 18:00:21.121 13609-13660 WorkProfileManager      com.cdccreditsmart.app               I  âœ… UsuÃ¡rio secundÃ¡rio gerenciado 'CDC Managed User' criado!
2025-12-08 18:00:21.121 13609-13660 WorkProfileManager      com.cdccreditsmart.app               I  âœ… Profile Owner: com.cdccreditsmart.app/com.cdccreditsmart.device.CDCDeviceAdminReceiver
2025-12-08 18:00:21.121 13609-13660 WorkProfileManager      com.cdccreditsmart.app               I  âœ… Affiliation ID: cdc-c20b8be4-c08d-4ccb-b23f-1c343fd49306
2025-12-08 18:00:21.121 13609-13660 WorkProfileManager      com.cdccreditsmart.app               I  âœ… Tipo: UsuÃ¡rio secundÃ¡rio completo (nÃ£o work profile tradicional)
2025-12-08 18:00:21.121 13609-13660 WorkProfileManager      com.cdccreditsmart.app               I  â„¹ï¸ O usuÃ¡rio estÃ¡ rodando em background
2025-12-08 18:00:21.121 13609-13660 WorkProfileManager      com.cdccreditsmart.app               I  â„¹ï¸ Use o seletor de usuÃ¡rio do Android para alternar
2025-12-08 18:00:21.121 13609-13660 WorkProfileManager      com.cdccreditsmart.app               I  =======================================================================
2025-12-08 18:00:21.121 13609-13660 WorkProfileManager      com.cdccreditsmart.app               I  
2025-12-08 18:00:21.121 13609-13660 CDCApplication          com.cdccreditsmart.app               I  âœ… Managed Secondary User criado com sucesso!
2025-12-08 18:00:21.121 13609-13660 CDCApplication          com.cdccreditsmart.app               I     Tipo: UsuÃ¡rio secundÃ¡rio completo (nÃ£o work profile tradicional)
2025-12-08 18:00:21.121 13609-13660 CDCApplication          com.cdccreditsmart.app               I     Isolamento: Total (apps e dados separados)
2025-12-08 18:00:21.153 13609-13609 ContractCodeStorage     com.cdccreditsmart.app               D  Storage verification: 7 valid, 0 tampered, 0 missing
2025-12-08 18:00:21.153 13609-13609 ContractCodeStorage     com.cdccreditsmart.app               D  Contract code retrieved successfully
2025-12-08 18:00:21.153 13609-13609 CDCApplication          com.cdccreditsmart.app               I  âœ… Tokens encontrados - iniciando CdcForegroundService
2025-12-08 18:00:21.161 13609-13609 CdcForegroundService    com.cdccreditsmart.app               I  âœ… ServiÃ§o iniciado via startService()
2025-12-08 18:00:21.172 13609-13609 AutoBlockingWorker      com.cdccreditsmart.app               I  âœ… VerificaÃ§Ã£o automÃ¡tica de bloqueio agendada (diariamente Ã s 00:00)
2025-12-08 18:00:21.172 13609-13609 AutoBlockingWorker      com.cdccreditsmart.app               I     PrÃ³xima execuÃ§Ã£o em: 179 minutos
2025-12-08 18:00:21.172 13609-13609 CDCApplication          com.cdccreditsmart.app               I  ðŸ“… Agendando overlay automÃ¡tico com intervalo progressivo...
2025-12-08 18:00:21.177 13609-13609 PeriodicOverlayWorker   com.cdccreditsmart.app               I  ðŸ“… Agendando overlay automÃ¡tico
2025-12-08 18:00:21.184 13609-13609 PeriodicOverlayWorker   com.cdccreditsmart.app               I     WorkManager interval: 15 minutos (mÃ­nimo obrigatÃ³rio)
2025-12-08 18:00:21.184 13609-13609 PeriodicOverlayWorker   com.cdccreditsmart.app               I     Cooldowns progressivos controlados internamente pelo worker
2025-12-08 18:00:21.191 13609-13609 PeriodicOverlayWorker   com.cdccreditsmart.app               I  âœ… Overlay automÃ¡tico agendado com sucesso
2025-12-08 18:00:21.191 13609-13609 CDCApplication          com.cdccreditsmart.app               I  ðŸ”’ Iniciando sistema Keep Alive...
2025-12-08 18:00:21.192 13609-13609 KeepAliveManager        com.cdccreditsmart.app               I  ðŸ”’ ========================================
2025-12-08 18:00:21.193 13609-13609 KeepAliveManager        com.cdccreditsmart.app               I  ðŸ”’ INICIANDO SISTEMA KEEP ALIVE
2025-12-08 18:00:21.193 13609-13609 KeepAliveManager        com.cdccreditsmart.app               I  ðŸ”’ ========================================
2025-12-08 18:00:21.193 13609-13609 KeepAliveManager        com.cdccreditsmart.app               I  âœ… ServiceWatchdogWorker agendado (15min)
2025-12-08 18:00:21.196 13609-13609 KeepAliveManager        com.cdccreditsmart.app               I  âœ… AlarmManager wakeup agendado (10min)
2025-12-08 18:00:21.198 13609-13609 KeepAliveManager        com.cdccreditsmart.app               I  âœ… App isento de otimizaÃ§Ã£o de bateria
2025-12-08 18:00:21.198 13609-13609 KeepAliveManager        com.cdccreditsmart.app               I  ðŸ”’ Sistema Keep Alive ativo
2025-12-08 18:00:21.198 13609-13609 KeepAliveManager        com.cdccreditsmart.app               I  ðŸ”’ - WorkManager: verificaÃ§Ã£o a cada 15min
2025-12-08 18:00:21.198 13609-13609 KeepAliveManager        com.cdccreditsmart.app               I  ðŸ”’ - AlarmManager: wakeup a cada 10min
2025-12-08 18:00:21.198 13609-13609 KeepAliveManager        com.cdccreditsmart.app               I  ðŸ”’ ========================================
2025-12-08 18:00:21.241 13609-13609 CDCApplication          com.cdccreditsmart.app               I  ðŸ“Š Keep Alive Stats:
2025-12-08 18:00:21.241 13609-13609 CDCApplication          com.cdccreditsmart.app               I     - Restarts anteriores: 0
2025-12-08 18:00:21.241 13609-13609 CDCApplication          com.cdccreditsmart.app               I     - OtimizaÃ§Ã£o bateria: NÃƒO (bom)
2025-12-08 18:00:21.256 13609-13659 SimSwapManager          com.cdccreditsmart.app               D  ðŸ”’ SIM SWAP STATUS:
                                                                                                      Original SIM: nÃ£o definido...
                                                                                                      Ãšltimo SIM: nÃ£o definido...
                                                                                                      Operadora: desconhecida
                                                                                                      Ãšltima aÃ§Ã£o backend: nenhuma
                                                                                                      Primeira detecÃ§Ã£o: true
                                                                                                      Ãšltima verificaÃ§Ã£o: nunca
2025-12-08 18:00:21.268 13609-13609 FactoryResetRecovery    com.cdccreditsmart.app               I  ========================================
2025-12-08 18:00:21.268 13609-13609 FactoryResetRecovery    com.cdccreditsmart.app               I  ðŸ”„ BOOT DETECTADO (android.intent.action.LOCKED_BOOT_COMPLETED) - Verificando recuperaÃ§Ã£o
2025-12-08 18:00:21.268 13609-13609 FactoryResetRecovery    com.cdccreditsmart.app               I  ========================================
2025-12-08 18:00:21.270 13609-13609 Choreographer           com.cdccreditsmart.app               I  Skipped 162 frames!  The application may be doing too much work on its main thread.
2025-12-08 18:00:21.282 13609-13713 DisplayManager          com.cdccreditsmart.app               I  Choreographer implicitly registered for the refresh rate.
2025-12-08 18:00:21.291 13609-13660 ContractCodeStorage     com.cdccreditsmart.app               D  Retrieving contract code from storage
2025-12-08 18:00:21.294 13609-13609 creditsmart.app         com.cdccreditsmart.app               I  AssetManager2(0x7b9ad3013958) locale list changing from [] to [en-US]
2025-12-08 18:00:21.336 13609-13659 SimSwapManager          com.cdccreditsmart.app               I  ðŸ”’ SIM SWAP: PRIMEIRA DETECÃ‡ÃƒO - Registrando SIM original
2025-12-08 18:00:21.373 13609-13609 CompatChangeReporter    com.cdccreditsmart.app               D  Compat change id reported: 309578419; UID 10219; state: ENABLED
2025-12-08 18:00:21.375 13609-13609 DesktopModeFlags        com.cdccreditsmart.app               D  Toggle override initialized to: OVERRIDE_UNSET
2025-12-08 18:00:21.396 13609-13659 LocalSimSwapStorage     com.cdccreditsmart.app               D  ðŸ”’ SIM SWAP: SIM original salvo: 8986031864...
2025-12-08 18:00:21.404 13609-13609 MainActivity            com.cdccreditsmart.app               D  ðŸ“ BroadcastReceiver de localizaÃ§Ã£o registrado
2025-12-08 18:00:21.412 13609-13609 MainActivity            com.cdccreditsmart.app               I  âœ… App Ã© Device Owner - permissÃµes serÃ£o concedidas automaticamente
2025-12-08 18:00:21.438 13609-13659 LocalSimSwapStorage     com.cdccreditsmart.app               D  ðŸ”’ SIM SWAP: Ãšltimo SIM salvo: 8986031864... (T-Mobile)
2025-12-08 18:00:21.438 13609-13659 SimSwapManager          com.cdccreditsmart.app               D  ðŸ”’ SIM SWAP: Enviando evento para backend...
2025-12-08 18:00:21.438 13609-13659 ContractCodeStorage     com.cdccreditsmart.app               D  Retrieving contract code from storage
2025-12-08 18:00:21.478 13609-13690 PersistentStateManager  com.cdccreditsmart.app               D  Nenhum estado local encontrado
2025-12-08 18:00:21.478 13609-13690 PersistentStateManager  com.cdccreditsmart.app               D  ðŸ†• Sem estado local - device novo ou pÃ³s factory reset
2025-12-08 18:00:21.478 13609-13690 MainActivity            com.cdccreditsmart.app               I  ðŸ†• Device nunca foi provisionado
2025-12-08 18:00:21.480 13609-13609 CompatChangeReporter    com.cdccreditsmart.app               D  Compat change id reported: 352594277; UID 10219; state: ENABLED
2025-12-08 18:00:21.481 13609-13713 EGL_emulation           com.cdccreditsmart.app               I  Opening libGLESv1_CM_emulation.so
2025-12-08 18:00:21.484 13609-13713 EGL_emulation           com.cdccreditsmart.app               I  Opening libGLESv2_emulation.so
2025-12-08 18:00:21.511 13609-13637 FA                      com.cdccreditsmart.app               I  Tag Manager is not found and thus will not be used
2025-12-08 18:00:21.523 13609-13713 HWUI                    com.cdccreditsmart.app               W  Failed to choose config with EGL_SWAP_BEHAVIOR_PRESERVED, retrying without...
2025-12-08 18:00:21.523 13609-13713 HWUI                    com.cdccreditsmart.app               W  Failed to initialize 101010-2 format, error = EGL_SUCCESS
2025-12-08 18:00:21.546 13609-13609 CompatChangeReporter    com.cdccreditsmart.app               D  Compat change id reported: 349153669; UID 10219; state: ENABLED
2025-12-08 18:00:21.553 13609-13609 HWUI                    com.cdccreditsmart.app               W  Unknown dataspace 0
2025-12-08 18:00:21.686 13609-13609 InsetsController        com.cdccreditsmart.app               D  Setting requestedVisibleTypes to -14 (was -9)
2025-12-08 18:00:21.702 13609-13609 CDCDeviceAdminService   com.cdccreditsmart.app               I  âœ… Device Admin Service created - System is communicating with CDC DPC
2025-12-08 18:00:21.708 13609-13609 CdcForegroundService    com.cdccreditsmart.app               D  ðŸ“± ServiÃ§o onCreate()
2025-12-08 18:00:21.710 13609-13609 CdcForegroundService    com.cdccreditsmart.app               D  âœ… Canal de notificaÃ§Ã£o criado
2025-12-08 18:00:21.716 13609-13609 CdcForegroundService    com.cdccreditsmart.app               I  âœ… ScreenStateReceiver registrado
2025-12-08 18:00:21.717 13609-13609 CdcForegroundService    com.cdccreditsmart.app               D  ðŸš€ ServiÃ§o onStartCommand() - Action: com.cdccreditsmart.app.START_SERVICE
2025-12-08 18:00:21.731 13609-13609 CdcForegroundService    com.cdccreditsmart.app               I  âœ… Foreground Service ativo (Android 12+)
2025-12-08 18:00:21.739 13609-13690 CdcForegroundService    com.cdccreditsmart.app               I  ðŸ”§ ========================================
2025-12-08 18:00:21.739 13609-13690 CdcForegroundService    com.cdccreditsmart.app               I  ðŸ”§ INICIANDO initializeServices()...
2025-12-08 18:00:21.739 13609-13690 CdcForegroundService    com.cdccreditsmart.app               I  ðŸ”§ ========================================
2025-12-08 18:00:21.739 13609-13690 CdcForegroundService    com.cdccreditsmart.app               I  ðŸ”§ Inicializando serviÃ§os base (SettingsGuard, WorkPolicies)...
2025-12-08 18:00:21.739 13609-13690 CdcForegroundService    com.cdccreditsmart.app               I  ðŸ¢ ========================================
2025-12-08 18:00:21.739 13609-13690 CdcForegroundService    com.cdccreditsmart.app               I  ðŸ¢ APLICANDO POLÃTICAS DE AMBIENTE DE TRABALHO
2025-12-08 18:00:21.739 13609-13690 CdcForegroundService    com.cdccreditsmart.app               I  ðŸ¢ ========================================
2025-12-08 18:00:21.741 13609-13609 RestartReceiver         com.cdccreditsmart.app               I  
2025-12-08 18:00:21.741 13609-13609 RestartReceiver         com.cdccreditsmart.app               I  â•”â•â•â•â•â•â•â•â•â•â•â•â•â•â•â•â•â•â•â•â•â•â•â•â•â•â•â•â•â•â•â•â•â•â•â•â•â•â•â•â•â•â•â•â•â•â•â•â•â•â•â•â•â•â•â•â•—
2025-12-08 18:00:21.741 13609-13609 RestartReceiver         com.cdccreditsmart.app               I  â•‘  ðŸ”„ AUTO-RESTART TRIGGERED                             â•‘
2025-12-08 18:00:21.741 13609-13609 RestartReceiver         com.cdccreditsmart.app               I  â•šâ•â•â•â•â•â•â•â•â•â•â•â•â•â•â•â•â•â•â•â•â•â•â•â•â•â•â•â•â•â•â•â•â•â•â•â•â•â•â•â•â•â•â•â•â•â•â•â•â•â•â•â•â•â•â•â•
2025-12-08 18:00:21.741 13609-13609 RestartReceiver         com.cdccreditsmart.app               I  
2025-12-08 18:00:21.741 13609-13609 RestartReceiver         com.cdccreditsmart.app               I  Motivo do crash: DateTimeParseException: Text '2025-12-22T23:10:29.071Z' could not be parsed, unparsed text found at index 10
2025-12-08 18:00:21.741 13609-13609 RestartReceiver         com.cdccreditsmart.app               I  Reiniciando app...
2025-12-08 18:00:21.746 13609-13690 WorkPolicyManager       com.cdccreditsmart.app               I  
2025-12-08 18:00:21.746 13609-13690 WorkPolicyManager       com.cdccreditsmart.app               I  â•”â•â•â•â•â•â•â•â•â•â•â•â•â•â•â•â•â•â•â•â•â•â•â•â•â•â•â•â•â•â•â•â•â•â•â•â•â•â•â•â•â•â•â•â•â•â•â•â•â•â•â•â•â•â•â•â•â•â•â•â•â•â•â•â•â•—
2025-12-08 18:00:21.746 13609-13690 WorkPolicyManager       com.cdccreditsmart.app               I  â•‘  ðŸ¢ APLICANDO POLÃTICAS DE AMBIENTE DE TRABALHO                â•‘
2025-12-08 18:00:21.746 13609-13690 WorkPolicyManager       com.cdccreditsmart.app               I  â•‘     CDC CREDIT SMART - PROTEÃ‡ÃƒO EMPRESARIAL                    â•‘
2025-12-08 18:00:21.746 13609-13690 WorkPolicyManager       com.cdccreditsmart.app               I  â•šâ•â•â•â•â•â•â•â•â•â•â•â•â•â•â•â•â•â•â•â•â•â•â•â•â•â•â•â•â•â•â•â•â•â•â•â•â•â•â•â•â•â•â•â•â•â•â•â•â•â•â•â•â•â•â•â•â•â•â•â•â•â•â•â•â•
2025-12-08 18:00:21.746 13609-13690 WorkPolicyManager       com.cdccreditsmart.app               I  
2025-12-08 18:00:21.747 13609-13690 WorkPolicyManager       com.cdccreditsmart.app               I  ðŸ“‹ STATUS DO DISPOSITIVO:
2025-12-08 18:00:21.747 13609-13690 WorkPolicyManager       com.cdccreditsmart.app               I     Device Owner: âœ… SIM
2025-12-08 18:00:21.747 13609-13690 WorkPolicyManager       com.cdccreditsmart.app               I     Device Admin: âœ… SIM
2025-12-08 18:00:21.747 13609-13690 WorkPolicyManager       com.cdccreditsmart.app               I  
2025-12-08 18:00:21.747 13609-13690 WorkPolicyManager       com.cdccreditsmart.app               I  â•â•â•â•â•â•â•â•â•â•â•â•â•â•â•â•â•â•â•â•â•â•â•â•â•â•â•â•â•â•â•â•â•â•â•â•â•â•â•â•â•â•â•â•â•â•â•â•â•â•â•â•â•â•â•â•â•â•â•â•â•â•â•
2025-12-08 18:00:21.748 13609-13690 WorkPolicyManager       com.cdccreditsmart.app               I  ðŸ‘‘ MODO DEVICE OWNER - PROTEÃ‡ÃƒO MÃXIMA
2025-12-08 18:00:21.748 13609-13690 WorkPolicyManager       com.cdccreditsmart.app               I  â•â•â•â•â•â•â•â•â•â•â•â•â•â•â•â•â•â•â•â•â•â•â•â•â•â•â•â•â•â•â•â•â•â•â•â•â•â•â•â•â•â•â•â•â•â•â•â•â•â•â•â•â•â•â•â•â•â•â•â•â•â•â•
2025-12-08 18:00:21.748 13609-13690 WorkPolicyManager       com.cdccreditsmart.app               I  
2025-12-08 18:00:21.748 13609-13690 WorkPolicyManager       com.cdccreditsmart.app               I  ðŸ›¡ï¸ [1/5] PROTEÃ‡ÃƒO DO APLICATIVO
2025-12-08 18:00:21.750 13609-13690 WorkPolicyManager       com.cdccreditsmart.app               I  â”€â”€â”€â”€â”€â”€â”€â”€â”€â”€â”€â”€â”€â”€â”€â”€â”€â”€â”€â”€â”€â”€â”€â”€â”€â”€â”€â”€â”€â”€â”€â”€â”€â”€â”€â”€â”€â”€â”€â”€â”€â”€â”€â”€â”€â”€â”€â”€â”€â”€â”€â”€â”€â”€â”€â”€â”€â”€â”€â”€â”€â”€â”€
2025-12-08 18:00:21.766 13609-13609 RestartReceiver         com.cdccreditsmart.app               I  âœ… Activity principal iniciada
2025-12-08 18:00:21.773 13609-13609 CdcForegroundService    com.cdccreditsmart.app               I  âœ… ServiÃ§o iniciado via startService()
2025-12-08 18:00:21.773 13609-13609 RestartReceiver         com.cdccreditsmart.app               I  âœ… CdcForegroundService iniciado
2025-12-08 18:00:21.778 13609-13609 AppRestartManager       com.cdccreditsmart.app               I  âœ… HistÃ³rico de restarts limpo
2025-12-08 18:00:21.778 13609-13609 RestartReceiver         com.cdccreditsmart.app               I  
2025-12-08 18:00:21.778 13609-13609 RestartReceiver         com.cdccreditsmart.app               I  â•”â•â•â•â•â•â•â•â•â•â•â•â•â•â•â•â•â•â•â•â•â•â•â•â•â•â•â•â•â•â•â•â•â•â•â•â•â•â•â•â•â•â•â•â•â•â•â•â•â•â•â•â•â•â•â•â•—
2025-12-08 18:00:21.778 13609-13609 RestartReceiver         com.cdccreditsmart.app               I  â•‘  âœ… AUTO-RESTART COMPLETADO COM SUCESSO                â•‘
2025-12-08 18:00:21.778 13609-13609 RestartReceiver         com.cdccreditsmart.app               I  â•šâ•â•â•â•â•â•â•â•â•â•â•â•â•â•â•â•â•â•â•â•â•â•â•â•â•â•â•â•â•â•â•â•â•â•â•â•â•â•â•â•â•â•â•â•â•â•â•â•â•â•â•â•â•â•â•â•
2025-12-08 18:00:21.778 13609-13609 RestartReceiver         com.cdccreditsmart.app               I  
2025-12-08 18:00:21.807 13609-13690 WorkPolicyManager       com.cdccreditsmart.app               I     âœ… setUninstallBlocked(true) para com.cdccreditsmart.app
2025-12-08 18:00:21.897 13609-13690 WorkPolicyManager       com.cdccreditsmart.app               I     âœ… setUninstallBlocked(true) para com.android.providers.downloads
2025-12-08 18:00:21.944 13609-13690 WorkPolicyManager       com.cdccreditsmart.app               I     âœ… setUninstallBlocked(true) para com.android.providers.telephony
2025-12-08 18:00:22.003 13609-13690 WorkPolicyManager       com.cdccreditsmart.app               I     âœ… setUninstallBlocked(true) para com.android.phone
2025-12-08 18:00:22.006 13609-13660 ContractCodeStorage     com.cdccreditsmart.app               D  Storage verification: 7 valid, 0 tampered, 0 missing
2025-12-08 18:00:22.007 13609-13660 ContractCodeStorage     com.cdccreditsmart.app               D  Contract code retrieved successfully
2025-12-08 18:00:22.007 13609-13660 FactoryResetRecovery    com.cdccreditsmart.app               I  âœ… App jÃ¡ autenticado - nÃ£o Ã© recuperaÃ§Ã£o de factory reset
2025-12-08 18:00:22.058 13609-13659 ContractCodeStorage     com.cdccreditsmart.app               D  Storage verification: 7 valid, 0 tampered, 0 missing
2025-12-08 18:00:22.058 13609-13659 ContractCodeStorage     com.cdccreditsmart.app               D  Contract code retrieved successfully
2025-12-08 18:00:22.063 13609-13659 DeviceInfoManager       com.cdccreditsmart.app               I  ========================================
2025-12-08 18:00:22.063 13609-13659 DeviceInfoManager       com.cdccreditsmart.app               I  ðŸ“± Coletando informaÃ§Ãµes de IMEI do dispositivo
2025-12-08 18:00:22.063 13609-13659 DeviceInfoManager       com.cdccreditsmart.app               I  ========================================
2025-12-08 18:00:22.398 13609-13609 SecureTokenStorage      com.cdccreditsmart.app               D  EncryptedSharedPreferences initialized successfully
2025-12-08 18:00:22.426 13609-13659 DeviceInfoManager       com.cdccreditsmart.app               D  NÃºmero de SIMs detectados: 1
2025-12-08 18:00:22.431 13609-13609 NetworkConnectivity     com.cdccreditsmart.app               D  âœ… Conectado via WiFi com internet
2025-12-08 18:00:22.432 13609-13609 SimpleHomeViewModel     com.cdccreditsmart.app               D  ðŸ“¡ Fetching device installments from /api/apk/device/installments...
2025-12-08 18:00:22.515 13609-13690 WorkPolicyManager       com.cdccreditsmart.app               I     âœ… setUninstallBlocked(true) para com.google.android.gms
2025-12-08 18:00:22.516 13609-13659 DeviceInfoManager       com.cdccreditsmart.app               D  âœ… IMEI vÃ¡lido encontrado no slot 0
2025-12-08 18:00:22.516 13609-13659 DeviceInfoManager       com.cdccreditsmart.app               I  âœ… 1 IMEI(s) vÃ¡lido(s) coletado(s)
2025-12-08 18:00:22.516 13609-13690 WorkPolicyManager       com.cdccreditsmart.app               I     â„¹ï¸ 4/4 pacotes crÃ­ticos protegidos
2025-12-08 18:00:22.517 13609-13659 DeviceInfoManager       com.cdccreditsmart.app               I  ========================================
2025-12-08 18:00:22.544 13609-13690 WorkPolicyManager       com.cdccreditsmart.app               I     âœ… setUserControlDisabledPackages (Android 13+)
2025-12-08 18:00:22.544 13609-13690 WorkPolicyManager       com.cdccreditsmart.app               I     âœ… Clear Data bloqueado via setUserControlDisabledPackages
2025-12-08 18:00:22.555 13609-13690 WorkPolicyManager       com.cdccreditsmart.app               I     âœ… Controle do usuÃ¡rio desabilitado para com.cdccreditsmart.app
2025-12-08 18:00:22.569 13609-13690 WorkPolicyManager       com.cdccreditsmart.app               I     âœ… setMaximumFailedPasswordsForWipe(100000) - Wipe desabilitado
2025-12-08 18:00:22.569 13609-13690 WorkPolicyManager       com.cdccreditsmart.app               I  
2025-12-08 18:00:22.569 13609-13690 WorkPolicyManager       com.cdccreditsmart.app               I  ðŸ”’ [2/5] SEGURANÃ‡A DO DISPOSITIVO
2025-12-08 18:00:22.569 13609-13690 WorkPolicyManager       com.cdccreditsmart.app               I  â”€â”€â”€â”€â”€â”€â”€â”€â”€â”€â”€â”€â”€â”€â”€â”€â”€â”€â”€â”€â”€â”€â”€â”€â”€â”€â”€â”€â”€â”€â”€â”€â”€â”€â”€â”€â”€â”€â”€â”€â”€â”€â”€â”€â”€â”€â”€â”€â”€â”€â”€â”€â”€â”€â”€â”€â”€â”€â”€â”€â”€â”€â”€
2025-12-08 18:00:22.569 13609-13690 WorkPolicyManager       com.cdccreditsmart.app               W     âš ï¸ Factory Reset permitido (debug build)
2025-12-08 18:00:22.579 13609-13690 WorkPolicyManager       com.cdccreditsmart.app               I     âœ… DISALLOW_SAFE_BOOT
2025-12-08 18:00:22.579 13609-13690 WorkPolicyManager       com.cdccreditsmart.app               W     âš ï¸ Debugging permitido (debug build)
2025-12-08 18:00:22.579 13609-13690 WorkPolicyManager       com.cdccreditsmart.app               W     âš ï¸ USB transfer permitido (debug build)
2025-12-08 18:00:22.579 13609-13690 WorkPolicyManager       com.cdccreditsmart.app               I  
2025-12-08 18:00:22.579 13609-13690 WorkPolicyManager       com.cdccreditsmart.app               I  ðŸ‘¥ [3/5] CONTROLE DE USUÃRIOS
2025-12-08 18:00:22.579 13609-13690 WorkPolicyManager       com.cdccreditsmart.app               I  â”€â”€â”€â”€â”€â”€â”€â”€â”€â”€â”€â”€â”€â”€â”€â”€â”€â”€â”€â”€â”€â”€â”€â”€â”€â”€â”€â”€â”€â”€â”€â”€â”€â”€â”€â”€â”€â”€â”€â”€â”€â”€â”€â”€â”€â”€â”€â”€â”€â”€â”€â”€â”€â”€â”€â”€â”€â”€â”€â”€â”€â”€â”€
2025-12-08 18:00:22.701 13609-13659 OkHttpClientFactory     com.cdccreditsmart.app               I  Creating secure HTTP client for: https://api.example.com (debug: false)
2025-12-08 18:00:22.703 13609-13659 OkHttpClientFactory     com.cdccreditsmart.app               D  Configured timeouts: connect=30000ms, read=60000ms, write=60000ms
2025-12-08 18:00:22.703 13609-13659 OkHttpClientFactory     com.cdccreditsmart.app               D  Configured connection pool: maxIdle=5, keepAlive=300000ms
2025-12-08 18:00:22.703 13609-13659 OkHttpClientFactory     com.cdccreditsmart.app               D  Configuring TLS security
2025-12-08 18:00:22.703 13609-13659 OkHttpClientFactory     com.cdccreditsmart.app               D  TLS versions: TLSv1.3, TLSv1.2
2025-12-08 18:00:22.703 13609-13659 OkHttpClientFactory     com.cdccreditsmart.app               D  Cipher suites: 9 configured
2025-12-08 18:00:22.703 13609-13659 OkHttpClientFactory     com.cdccreditsmart.app               D  Configuring SSL socket factory
2025-12-08 18:00:22.704 13609-13659 OkHttpClientFactory     com.cdccreditsmart.app               D  SSL socket factory configured successfully
2025-12-08 18:00:22.704 13609-13659 OkHttpClientFactory     com.cdccreditsmart.app               D  Configuring certificate pinning for: https://api.example.com
2025-12-08 18:00:22.704 13609-13659 Certificat...ingManager com.cdccreditsmart.app               D  Creating certificate pinner for: https://api.example.com (debug: false)
2025-12-08 18:00:22.719 13609-13659 Certificat...ingManager com.cdccreditsmart.app               D  Extracting hostname: api.example.com
2025-12-08 18:00:22.722 13609-13659 Certificat...ingManager com.cdccreditsmart.app               W  No certificate pins configured for hostname: api.example.com
2025-12-08 18:00:22.722 13609-13659 Certificat...ingManager com.cdccreditsmart.app               E  Production mode: no pins configured for api.example.com - this may cause connection failures
2025-12-08 18:00:22.725 13609-13659 Certificat...ingManager com.cdccreditsmart.app               I  Certificate pinner created with 0 total pins
2025-12-08 18:00:22.725 13609-13659 OkHttpClientFactory     com.cdccreditsmart.app               W  No certificate pins configured - connections will not be pinned
2025-12-08 18:00:22.725 13609-13659 OkHttpClientFactory     com.cdccreditsmart.app               E  SECURITY WARNING: No certificate pinning in production mode!
2025-12-08 18:00:22.726 13609-13659 OkHttpClientFactory     com.cdccreditsmart.app               I  Secure HTTP client created successfully
2025-12-08 18:00:22.803 13609-13690 SecureTokenStorage      com.cdccreditsmart.app               D  EncryptedSharedPreferences initialized successfully
2025-12-08 18:00:22.804 13609-13690 ContractCodeStorage     com.cdccreditsmart.app               D  Retrieving contract code from storage
2025-12-08 18:00:22.956 13609-13690 ContractCodeStorage     com.cdccreditsmart.app               D  Storage verification: 7 valid, 0 tampered, 0 missing
2025-12-08 18:00:22.956 13609-13690 ContractCodeStorage     com.cdccreditsmart.app               D  Contract code retrieved successfully
2025-12-08 18:00:22.975 13609-13690 WorkPolicyManager       com.cdccreditsmart.app               I     âœ… DISALLOW_ADD_USER
2025-12-08 18:00:22.988 13609-13690 WorkPolicyManager       com.cdccreditsmart.app               I     âœ… DISALLOW_REMOVE_USER
2025-12-08 18:00:23.009 13609-13690 WorkPolicyManager       com.cdccreditsmart.app               I     âœ… DISALLOW_USER_SWITCH
2025-12-08 18:00:23.024 13609-13690 SecureTokenStorage      com.cdccreditsmart.app               D  EncryptedSharedPreferences initialized successfully
2025-12-08 18:00:23.024 13609-13690 ContractCodeStorage     com.cdccreditsmart.app               D  Retrieving contract code from storage
2025-12-08 18:00:23.029 13609-13788 SimpleHomeViewModel     com.cdccreditsmart.app               D  âœ… Added Authorization header with token
2025-12-08 18:00:23.029 13609-13788 SimpleHomeViewModel     com.cdccreditsmart.app               D  ðŸ“¤ Request URL: https://cdccreditsmart.com/api/apk/device/installments
2025-12-08 18:00:23.068 13609-13614 creditsmart.app         com.cdccreditsmart.app               I  Background concurrent mark compact GC freed 23MB AllocSpace bytes, 417(14MB) LOS objects, 49% free, 15MB/31MB, paused 444us,1.403ms total 281.208ms
2025-12-08 18:00:23.182 13609-13609 CdcForegroundService    com.cdccreditsmart.app               D  ðŸš€ ServiÃ§o onStartCommand() - Action: com.cdccreditsmart.app.START_SERVICE
2025-12-08 18:00:23.192 13609-13609 CdcForegroundService    com.cdccreditsmart.app               I  âœ… Foreground Service ativo (Android 12+)
2025-12-08 18:00:23.194 13609-13659 CdcForegroundService    com.cdccreditsmart.app               I  ðŸ”§ ========================================
2025-12-08 18:00:23.194 13609-13659 CdcForegroundService    com.cdccreditsmart.app               I  ðŸ”§ INICIANDO initializeServices()...
2025-12-08 18:00:23.194 13609-13659 CdcForegroundService    com.cdccreditsmart.app               I  ðŸ”§ ========================================
2025-12-08 18:00:23.194 13609-13659 CdcForegroundService    com.cdccreditsmart.app               D  âœ… ServiÃ§os base jÃ¡ inicializados
2025-12-08 18:00:23.194 13609-13659 CdcForegroundService    com.cdccreditsmart.app               I  ðŸ¢ ========================================
2025-12-08 18:00:23.194 13609-13659 CdcForegroundService    com.cdccreditsmart.app               I  ðŸ¢ APLICANDO POLÃTICAS DE AMBIENTE DE TRABALHO
2025-12-08 18:00:23.194 13609-13659 CdcForegroundService    com.cdccreditsmart.app               I  ðŸ¢ ========================================
2025-12-08 18:00:23.194 13609-13659 WorkPolicyManager       com.cdccreditsmart.app               I  
2025-12-08 18:00:23.194 13609-13659 WorkPolicyManager       com.cdccreditsmart.app               I  â•”â•â•â•â•â•â•â•â•â•â•â•â•â•â•â•â•â•â•â•â•â•â•â•â•â•â•â•â•â•â•â•â•â•â•â•â•â•â•â•â•â•â•â•â•â•â•â•â•â•â•â•â•â•â•â•â•â•â•â•â•â•â•â•â•â•—
2025-12-08 18:00:23.194 13609-13659 WorkPolicyManager       com.cdccreditsmart.app               I  â•‘  ðŸ¢ APLICANDO POLÃTICAS DE AMBIENTE DE TRABALHO                â•‘
2025-12-08 18:00:23.194 13609-13659 WorkPolicyManager       com.cdccreditsmart.app               I  â•‘     CDC CREDIT SMART - PROTEÃ‡ÃƒO EMPRESARIAL                    â•‘
2025-12-08 18:00:23.194 13609-13659 WorkPolicyManager       com.cdccreditsmart.app               I  â•šâ•â•â•â•â•â•â•â•â•â•â•â•â•â•â•â•â•â•â•â•â•â•â•â•â•â•â•â•â•â•â•â•â•â•â•â•â•â•â•â•â•â•â•â•â•â•â•â•â•â•â•â•â•â•â•â•â•â•â•â•â•â•â•â•â•
2025-12-08 18:00:23.194 13609-13659 WorkPolicyManager       com.cdccreditsmart.app               I  
2025-12-08 18:00:23.197 13609-13659 WorkPolicyManager       com.cdccreditsmart.app               I  ðŸ“‹ STATUS DO DISPOSITIVO:
2025-12-08 18:00:23.197 13609-13659 WorkPolicyManager       com.cdccreditsmart.app               I     Device Owner: âœ… SIM
2025-12-08 18:00:23.197 13609-13659 WorkPolicyManager       com.cdccreditsmart.app               I     Device Admin: âœ… SIM
2025-12-08 18:00:23.197 13609-13659 WorkPolicyManager       com.cdccreditsmart.app               I  
2025-12-08 18:00:23.197 13609-13659 WorkPolicyManager       com.cdccreditsmart.app               I  â•â•â•â•â•â•â•â•â•â•â•â•â•â•â•â•â•â•â•â•â•â•â•â•â•â•â•â•â•â•â•â•â•â•â•â•â•â•â•â•â•â•â•â•â•â•â•â•â•â•â•â•â•â•â•â•â•â•â•â•â•â•â•
2025-12-08 18:00:23.197 13609-13659 WorkPolicyManager       com.cdccreditsmart.app               I  ðŸ‘‘ MODO DEVICE OWNER - PROTEÃ‡ÃƒO MÃXIMA
2025-12-08 18:00:23.197 13609-13659 WorkPolicyManager       com.cdccreditsmart.app               I  â•â•â•â•â•â•â•â•â•â•â•â•â•â•â•â•â•â•â•â•â•â•â•â•â•â•â•â•â•â•â•â•â•â•â•â•â•â•â•â•â•â•â•â•â•â•â•â•â•â•â•â•â•â•â•â•â•â•â•â•â•â•â•
2025-12-08 18:00:23.197 13609-13659 WorkPolicyManager       com.cdccreditsmart.app               I  
2025-12-08 18:00:23.197 13609-13659 WorkPolicyManager       com.cdccreditsmart.app               I  ðŸ›¡ï¸ [1/5] PROTEÃ‡ÃƒO DO APLICATIVO
2025-12-08 18:00:23.197 13609-13659 WorkPolicyManager       com.cdccreditsmart.app               I  â”€â”€â”€â”€â”€â”€â”€â”€â”€â”€â”€â”€â”€â”€â”€â”€â”€â”€â”€â”€â”€â”€â”€â”€â”€â”€â”€â”€â”€â”€â”€â”€â”€â”€â”€â”€â”€â”€â”€â”€â”€â”€â”€â”€â”€â”€â”€â”€â”€â”€â”€â”€â”€â”€â”€â”€â”€â”€â”€â”€â”€â”€â”€
2025-12-08 18:00:23.208 13609-13609 CDCDeviceAdminReceiver  com.cdccreditsmart.app               I  User added: UserHandle{10}
2025-12-08 18:00:23.211 13609-13659 WorkPolicyManager       com.cdccreditsmart.app               I     âœ… setUninstallBlocked(true) para com.cdccreditsmart.app
2025-12-08 18:00:23.217 13609-13609 Choreographer           com.cdccreditsmart.app               I  Skipped 78 frames!  The application may be doing too much work on its main thread.
2025-12-08 18:00:23.219 13609-13815 okhttp.OkHttpClient     com.cdccreditsmart.app               I  --> POST https://cdccreditsmart.com/api/security/device-boot
2025-12-08 18:00:23.219 13609-13815 okhttp.OkHttpClient     com.cdccreditsmart.app               I  Content-Type: application/json; charset=UTF-8
2025-12-08 18:00:23.219 13609-13815 okhttp.OkHttpClient     com.cdccreditsmart.app               I  Content-Length: 472
2025-12-08 18:00:23.219 13609-13815 okhttp.OkHttpClient     com.cdccreditsmart.app               I  {"deviceFingerprint":"CDC_1716138598_7a1d9c37","bootTimestamp":1765227619429,"bootReason":"power_on","isFirstBootAfterInstall":true,"wasFactoryReset":false,"androidVersion":"16","apkVersion":"1.0.0-debug","securityPatchLevel":"2025-07-05","encryptionStatus":"unknown","deviceOwnerActive":true,"androidId":"d2de37049467bf7b","buildFingerprint":"google/sdk_gphone64_x86_64/emu64xa:16/BE2A.250530.026.D1/13818094:user/release-keys","hasAuthToken":true,"hasDeviceToken":false}
2025-12-08 18:00:23.219 13609-13815 okhttp.OkHttpClient     com.cdccreditsmart.app               I  --> END POST (472-byte body)
2025-12-08 18:00:23.230 13609-13659 WorkPolicyManager       com.cdccreditsmart.app               I     âœ… setUninstallBlocked(true) para com.android.providers.downloads
2025-12-08 18:00:23.234 13609-13609 MainActivity            com.cdccreditsmart.app               D  ðŸ“ BroadcastReceiver de localizaÃ§Ã£o registrado
2025-12-08 18:00:23.242 13609-13661 PersistentStateManager  com.cdccreditsmart.app               D  Nenhum estado local encontrado
2025-12-08 18:00:23.243 13609-13661 PersistentStateManager  com.cdccreditsmart.app               D  ðŸ†• Sem estado local - device novo ou pÃ³s factory reset
2025-12-08 18:00:23.243 13609-13661 MainActivity            com.cdccreditsmart.app               I  ðŸ†• Device nunca foi provisionado
2025-12-08 18:00:23.244 13609-13659 WorkPolicyManager       com.cdccreditsmart.app               I     âœ… setUninstallBlocked(true) para com.android.providers.telephony
2025-12-08 18:00:23.244 13609-13609 MainActivity            com.cdccreditsmart.app               I  âœ… App Ã© Device Owner - permissÃµes serÃ£o concedidas automaticamente
2025-12-08 18:00:23.249 13609-13609 InsetsController        com.cdccreditsmart.app               D  Setting requestedVisibleTypes to -14 (was -9)
2025-12-08 18:00:23.265 13609-13659 WorkPolicyManager       com.cdccreditsmart.app               I     âœ… setUninstallBlocked(true) para com.android.phone
2025-12-08 18:00:23.269 13609-13609 VRI[MainActivity]       com.cdccreditsmart.app               D  visibilityChanged oldVisibility=true newVisibility=false
2025-12-08 18:00:23.270 13609-13609 BootReceiver            com.cdccreditsmart.app               I  Dispositivo iniciado - starting CdcForegroundService
2025-12-08 18:00:23.271 13609-13609 FactoryResetRecovery    com.cdccreditsmart.app               I  Initializing Factory Reset Recovery system
2025-12-08 18:00:23.277 13609-13609 ApkSignatureVerifier    com.cdccreditsmart.app               I  Added trusted signature hash: 7aeb48763df1ebeb...
2025-12-08 18:00:23.277 13609-13609 ApkSignatureVerifier    com.cdccreditsmart.app               I  Loaded persisted signature hash: 7aeb48763df1ebeb...
2025-12-08 18:00:23.300 13609-13659 WorkPolicyManager       com.cdccreditsmart.app               I     âœ… setUninstallBlocked(true) para com.google.android.gms
2025-12-08 18:00:23.301 13609-13659 WorkPolicyManager       com.cdccreditsmart.app               I     â„¹ï¸ 4/4 pacotes crÃ­ticos protegidos
2025-12-08 18:00:23.322 13609-13661 NetworkErrorMapper      com.cdccreditsmart.app               E  DNS Resolution Failed: DNS resolution failed for api.example.com. Check internet connection and domain configuration.
2025-12-08 18:00:23.322 13609-13661 SimSwapManager          com.cdccreditsmart.app               E  ðŸ”’ SIM SWAP: Erro ao reportar para backend: DNS resolution failed for api.example.com. Check internet connection and domain configuration.
2025-12-08 18:00:23.322 13609-13661 SimSwapManager          com.cdccreditsmart.app               I  ========================================
2025-12-08 18:00:23.323 13609-13660 CDCApplication          com.cdccreditsmart.app               I  âœ… VerificaÃ§Ã£o de SIM swap concluÃ­da com sucesso
2025-12-08 18:00:23.350 13609-13659 WorkPolicyManager       com.cdccreditsmart.app               I     âœ… setUserControlDisabledPackages (Android 13+)
2025-12-08 18:00:23.352 13609-13659 WorkPolicyManager       com.cdccreditsmart.app               I     âœ… Clear Data bloqueado via setUserControlDisabledPackages
2025-12-08 18:00:23.380 13609-13659 WorkPolicyManager       com.cdccreditsmart.app               I     âœ… Controle do usuÃ¡rio desabilitado para com.cdccreditsmart.app
2025-12-08 18:00:23.384 13609-13659 WorkPolicyManager       com.cdccreditsmart.app               I     âœ… setMaximumFailedPasswordsForWipe(100000) - Wipe desabilitado
2025-12-08 18:00:23.384 13609-13659 WorkPolicyManager       com.cdccreditsmart.app               I  
2025-12-08 18:00:23.384 13609-13659 WorkPolicyManager       com.cdccreditsmart.app               I  ðŸ”’ [2/5] SEGURANÃ‡A DO DISPOSITIVO
2025-12-08 18:00:23.384 13609-13659 WorkPolicyManager       com.cdccreditsmart.app               I  â”€â”€â”€â”€â”€â”€â”€â”€â”€â”€â”€â”€â”€â”€â”€â”€â”€â”€â”€â”€â”€â”€â”€â”€â”€â”€â”€â”€â”€â”€â”€â”€â”€â”€â”€â”€â”€â”€â”€â”€â”€â”€â”€â”€â”€â”€â”€â”€â”€â”€â”€â”€â”€â”€â”€â”€â”€â”€â”€â”€â”€â”€â”€
2025-12-08 18:00:23.384 13609-13659 WorkPolicyManager       com.cdccreditsmart.app               W     âš ï¸ Factory Reset permitido (debug build)
2025-12-08 18:00:23.426 13609-13659 WorkPolicyManager       com.cdccreditsmart.app               I     âœ… DISALLOW_SAFE_BOOT
2025-12-08 18:00:23.426 13609-13659 WorkPolicyManager       com.cdccreditsmart.app               W     âš ï¸ Debugging permitido (debug build)
2025-12-08 18:00:23.426 13609-13659 WorkPolicyManager       com.cdccreditsmart.app               W     âš ï¸ USB transfer permitido (debug build)
2025-12-08 18:00:23.426 13609-13659 WorkPolicyManager       com.cdccreditsmart.app               I  
2025-12-08 18:00:23.426 13609-13659 WorkPolicyManager       com.cdccreditsmart.app               I  ðŸ‘¥ [3/5] CONTROLE DE USUÃRIOS
2025-12-08 18:00:23.426 13609-13659 WorkPolicyManager       com.cdccreditsmart.app               I  â”€â”€â”€â”€â”€â”€â”€â”€â”€â”€â”€â”€â”€â”€â”€â”€â”€â”€â”€â”€â”€â”€â”€â”€â”€â”€â”€â”€â”€â”€â”€â”€â”€â”€â”€â”€â”€â”€â”€â”€â”€â”€â”€â”€â”€â”€â”€â”€â”€â”€â”€â”€â”€â”€â”€â”€â”€â”€â”€â”€â”€â”€â”€
2025-12-08 18:00:23.472 13609-13815 SecureTokenStorage      com.cdccreditsmart.app               D  EncryptedSharedPreferences initialized successfully
2025-12-08 18:00:23.699 13609-13659 SecureTokenStorage      com.cdccreditsmart.app               D  EncryptedSharedPreferences initialized successfully
2025-12-08 18:00:23.705 13609-13659 ContractCodeStorage     com.cdccreditsmart.app               D  Retrieving contract code from storage
2025-12-08 18:00:23.746 13609-13609 SecureTokenStorage      com.cdccreditsmart.app               D  EncryptedSharedPreferences initialized successfully
2025-12-08 18:00:23.749 13609-13609 ContractCodeStorage     com.cdccreditsmart.app               D  Retrieving contract code from storage
2025-12-08 18:00:23.824 13609-13788 SimpleHomeViewModel     com.cdccreditsmart.app               D  ðŸ“¥ Response Code: 200
2025-12-08 18:00:24.304 13609-13690 ContractCodeStorage     com.cdccreditsmart.app               D  Storage verification: 7 valid, 0 tampered, 0 missing
2025-12-08 18:00:24.304 13609-13690 ContractCodeStorage     com.cdccreditsmart.app               D  Contract code retrieved successfully
2025-12-08 18:00:24.343 13609-13690 WorkPolicyManager       com.cdccreditsmart.app               I     âœ… DISALLOW_MODIFY_ACCOUNTS
2025-12-08 18:00:24.343 13609-13690 WorkPolicyManager       com.cdccreditsmart.app               I  
2025-12-08 18:00:24.343 13609-13690 WorkPolicyManager       com.cdccreditsmart.app               I  ðŸŒ [4/5] CONFIGURAÃ‡Ã•ES DE REDE
2025-12-08 18:00:24.343 13609-13690 WorkPolicyManager       com.cdccreditsmart.app               I  â”€â”€â”€â”€â”€â”€â”€â”€â”€â”€â”€â”€â”€â”€â”€â”€â”€â”€â”€â”€â”€â”€â”€â”€â”€â”€â”€â”€â”€â”€â”€â”€â”€â”€â”€â”€â”€â”€â”€â”€â”€â”€â”€â”€â”€â”€â”€â”€â”€â”€â”€â”€â”€â”€â”€â”€â”€â”€â”€â”€â”€â”€â”€
2025-12-08 18:00:24.371 13609-13690 WorkPolicyManager       com.cdccreditsmart.app               I     âœ… DISALLOW_NETWORK_RESET
2025-12-08 18:00:24.448 13609-13690 WorkPolicyManager       com.cdccreditsmart.app               I     âœ… DISALLOW_CONFIG_VPN
2025-12-08 18:00:24.474 13609-13690 WorkPolicyManager       com.cdccreditsmart.app               I     âœ… DISALLOW_CONFIG_MOBILE_NETWORKS
2025-12-08 18:00:24.474 13609-13690 WorkPolicyManager       com.cdccreditsmart.app               I  
2025-12-08 18:00:24.474 13609-13690 WorkPolicyManager       com.cdccreditsmart.app               I  âš™ï¸ [5/5] CONFIGURAÃ‡Ã•ES DO SISTEMA
2025-12-08 18:00:24.474 13609-13690 WorkPolicyManager       com.cdccreditsmart.app               I  â”€â”€â”€â”€â”€â”€â”€â”€â”€â”€â”€â”€â”€â”€â”€â”€â”€â”€â”€â”€â”€â”€â”€â”€â”€â”€â”€â”€â”€â”€â”€â”€â”€â”€â”€â”€â”€â”€â”€â”€â”€â”€â”€â”€â”€â”€â”€â”€â”€â”€â”€â”€â”€â”€â”€â”€â”€â”€â”€â”€â”€â”€â”€
2025-12-08 18:00:24.481 13609-13690 WorkPolicyManager       com.cdccreditsmart.app               I     âœ… DISALLOW_CONFIG_DATE_TIME
2025-12-08 18:00:24.488 13609-13613 creditsmart.app         com.cdccreditsmart.app               I  Compiler allocated 5042KB to compile void android.view.ViewRootImpl.performTraversals()
2025-12-08 18:00:24.498 13609-13690 WorkPolicyManager       com.cdccreditsmart.app               I     âœ… DISALLOW_MOUNT_PHYSICAL_MEDIA
2025-12-08 18:00:24.514 13609-13690 WorkPolicyManager       com.cdccreditsmart.app               I     âœ… System Update Policy: Postpone
2025-12-08 18:00:24.515 13609-13690 EnhancedProtections     com.cdccreditsmart.app               I  
2025-12-08 18:00:24.515 13609-13690 EnhancedProtections     com.cdccreditsmart.app               I  â•”â•â•â•â•â•â•â•â•â•â•â•â•â•â•â•â•â•â•â•â•â•â•â•â•â•â•â•â•â•â•â•â•â•â•â•â•â•â•â•â•â•â•â•â•â•â•â•â•â•â•â•â•â•â•â•â•â•â•â•â•â•â•â•â•â•—
2025-12-08 18:00:24.515 13609-13690 EnhancedProtections     com.cdccreditsmart.app               I  â•‘  ðŸš€ APLICANDO PROTEÃ‡Ã•ES AVANÃ‡ADAS CREDIT SMART                 â•‘
2025-12-08 18:00:24.515 13609-13690 EnhancedProtections     com.cdccreditsmart.app               I  â•šâ•â•â•â•â•â•â•â•â•â•â•â•â•â•â•â•â•â•â•â•â•â•â•â•â•â•â•â•â•â•â•â•â•â•â•â•â•â•â•â•â•â•â•â•â•â•â•â•â•â•â•â•â•â•â•â•â•â•â•â•â•â•â•â•â•
2025-12-08 18:00:24.515 13609-13690 EnhancedProtections     com.cdccreditsmart.app               I  
2025-12-08 18:00:24.516 13609-13690 EnhancedProtections     com.cdccreditsmart.app               I  â•â•â• ENABLE: Aplicando proteÃ§Ãµes â•â•â•
2025-12-08 18:00:24.517 13609-13690 ParentalControlBlocker  com.cdccreditsmart.app               I  
2025-12-08 18:00:24.517 13609-13690 ParentalControlBlocker  com.cdccreditsmart.app               I  â•”â•â•â•â•â•â•â•â•â•â•â•â•â•â•â•â•â•â•â•â•â•â•â•â•â•â•â•â•â•â•â•â•â•â•â•â•â•â•â•â•â•â•â•â•â•â•â•â•â•â•â•â•â•â•â•â•â•â•â•â•â•â•â•â•â•—
2025-12-08 18:00:24.517 13609-13690 ParentalControlBlocker  com.cdccreditsmart.app               I  â•‘  ðŸ›¡ï¸ BLOQUEANDO APPS DE CONTROLE PARENTAL                       â•‘
2025-12-08 18:00:24.517 13609-13690 ParentalControlBlocker  com.cdccreditsmart.app               I  â•šâ•â•â•â•â•â•â•â•â•â•â•â•â•â•â•â•â•â•â•â•â•â•â•â•â•â•â•â•â•â•â•â•â•â•â•â•â•â•â•â•â•â•â•â•â•â•â•â•â•â•â•â•â•â•â•â•â•â•â•â•â•â•â•â•â•
2025-12-08 18:00:24.517 13609-13690 ParentalControlBlocker  com.cdccreditsmart.app               I  
