2025-12-09 12:04:22.030 12649-13195 CategoryMapper          com.cdccreditsmart.app               W  âš ï¸ Categoria desconhecida: streaming
2025-12-09 12:04:22.030 12649-13195 CategoryMapper          com.cdccreditsmart.app               W  âš ï¸ Categoria desconhecida: social
2025-12-09 12:04:22.030 12649-13195 CategoryMapper          com.cdccreditsmart.app               W  âš ï¸ Categoria desconhecida: shopping
2025-12-09 12:04:22.030 12649-13195 CategoryMapper          com.cdccreditsmart.app               W  âš ï¸ Categoria desconhecida: productivity
2025-12-09 12:04:22.030 12649-13195 CategoryMapper          com.cdccreditsmart.app               W  âš ï¸ Categoria desconhecida: finance
2025-12-09 12:04:22.031 12649-13195 CategoryMapper          com.cdccreditsmart.app               D  âœ… App bloqueÃ¡vel detectado: com.transsion.chromecustomization
2025-12-09 12:04:22.031 12649-13195 CategoryMapper          com.cdccreditsmart.app               W  âš ï¸ Categoria desconhecida: streaming
2025-12-09 12:04:22.031 12649-13195 CategoryMapper          com.cdccreditsmart.app               W  âš ï¸ Categoria desconhecida: social
2025-12-09 12:04:22.031 12649-13195 CategoryMapper          com.cdccreditsmart.app               W  âš ï¸ Categoria desconhecida: shopping
2025-12-09 12:04:22.031 12649-13195 CategoryMapper          com.cdccreditsmart.app               W  âš ï¸ Categoria desconhecida: productivity
2025-12-09 12:04:22.031 12649-13195 CategoryMapper          com.cdccreditsmart.app               W  âš ï¸ Categoria desconhecida: finance
2025-12-09 12:04:22.032 12649-13195 CategoryMapper          com.cdccreditsmart.app               D  âœ… App bloqueÃ¡vel detectado: com.transsion.aicore.speech
2025-12-09 12:04:22.032 12649-13195 CategoryMapper          com.cdccreditsmart.app               W  âš ï¸ Categoria desconhecida: streaming
2025-12-09 12:04:22.032 12649-13195 CategoryMapper          com.cdccreditsmart.app               W  âš ï¸ Categoria desconhecida: social
2025-12-09 12:04:22.032 12649-13195 CategoryMapper          com.cdccreditsmart.app               W  âš ï¸ Categoria desconhecida: shopping
2025-12-09 12:04:22.032 12649-13195 CategoryMapper          com.cdccreditsmart.app               W  âš ï¸ Categoria desconhecida: productivity
2025-12-09 12:04:22.032 12649-13195 CategoryMapper          com.cdccreditsmart.app               W  âš ï¸ Categoria desconhecida: finance
2025-12-09 12:04:22.033 12649-13195 CategoryMapper          com.cdccreditsmart.app               D  âœ… App bloqueÃ¡vel detectado: com.transsion.cloudserver
2025-12-09 12:04:22.034 12649-13195 CategoryMapper          com.cdccreditsmart.app               W  âš ï¸ Categoria desconhecida: streaming
2025-12-09 12:04:22.034 12649-13195 CategoryMapper          com.cdccreditsmart.app               W  âš ï¸ Categoria desconhecida: social
2025-12-09 12:04:22.034 12649-13195 CategoryMapper          com.cdccreditsmart.app               W  âš ï¸ Categoria desconhecida: shopping
2025-12-09 12:04:22.034 12649-13195 CategoryMapper          com.cdccreditsmart.app               W  âš ï¸ Categoria desconhecida: productivity
2025-12-09 12:04:22.034 12649-13195 CategoryMapper          com.cdccreditsmart.app               W  âš ï¸ Categoria desconhecida: finance
2025-12-09 12:04:22.035 12649-13195 CategoryMapper          com.cdccreditsmart.app               D  âœ… App bloqueÃ¡vel detectado: com.google.android.photopicker
2025-12-09 12:04:22.036 12649-13195 CategoryMapper          com.cdccreditsmart.app               W  âš ï¸ Categoria desconhecida: streaming
2025-12-09 12:04:22.036 12649-13195 CategoryMapper          com.cdccreditsmart.app               W  âš ï¸ Categoria desconhecida: social
2025-12-09 12:04:22.036 12649-13195 CategoryMapper          com.cdccreditsmart.app               W  âš ï¸ Categoria desconhecida: shopping
2025-12-09 12:04:22.036 12649-13195 CategoryMapper          com.cdccreditsmart.app               W  âš ï¸ Categoria desconhecida: productivity
2025-12-09 12:04:22.036 12649-13195 CategoryMapper          com.cdccreditsmart.app               W  âš ï¸ Categoria desconhecida: finance
2025-12-09 12:04:22.038 12649-13195 CategoryMapper          com.cdccreditsmart.app               D  âœ… App bloqueÃ¡vel detectado: com.transsion.compass
2025-12-09 12:04:22.038 12649-13195 CategoryMapper          com.cdccreditsmart.app               W  âš ï¸ Categoria desconhecida: streaming
2025-12-09 12:04:22.038 12649-13195 CategoryMapper          com.cdccreditsmart.app               W  âš ï¸ Categoria desconhecida: social
2025-12-09 12:04:22.038 12649-13195 CategoryMapper          com.cdccreditsmart.app               W  âš ï¸ Categoria desconhecida: shopping
2025-12-09 12:04:22.038 12649-13195 CategoryMapper          com.cdccreditsmart.app               W  âš ï¸ Categoria desconhecida: productivity
2025-12-09 12:04:22.038 12649-13195 CategoryMapper          com.cdccreditsmart.app               W  âš ï¸ Categoria desconhecida: finance
2025-12-09 12:04:22.039 12649-13195 CategoryMapper          com.cdccreditsmart.app               D  âœ… App bloqueÃ¡vel detectado: cn.wps.moffice_eng
2025-12-09 12:04:22.040 12649-13195 CategoryMapper          com.cdccreditsmart.app               W  âš ï¸ Categoria desconhecida: streaming
2025-12-09 12:04:22.040 12649-13195 CategoryMapper          com.cdccreditsmart.app               W  âš ï¸ Categoria desconhecida: social
2025-12-09 12:04:22.040 12649-13195 CategoryMapper          com.cdccreditsmart.app               W  âš ï¸ Categoria desconhecida: shopping
2025-12-09 12:04:22.040 12649-13195 CategoryMapper          com.cdccreditsmart.app               W  âš ï¸ Categoria desconhecida: productivity
2025-12-09 12:04:22.040 12649-13195 CategoryMapper          com.cdccreditsmart.app               W  âš ï¸ Categoria desconhecida: finance
2025-12-09 12:04:22.041 12649-13195 CategoryMapper          com.cdccreditsmart.app               D  âœ… App bloqueÃ¡vel detectado: com.transsion.deskclock
2025-12-09 12:04:22.041 12649-13195 CategoryMapper          com.cdccreditsmart.app               W  âš ï¸ Categoria desconhecida: streaming
2025-12-09 12:04:22.041 12649-13195 CategoryMapper          com.cdccreditsmart.app               W  âš ï¸ Categoria desconhecida: social
2025-12-09 12:04:22.041 12649-13195 CategoryMapper          com.cdccreditsmart.app               W  âš ï¸ Categoria desconhecida: shopping
2025-12-09 12:04:22.041 12649-13195 CategoryMapper          com.cdccreditsmart.app               W  âš ï¸ Categoria desconhecida: productivity
2025-12-09 12:04:22.042 12649-13195 CategoryMapper          com.cdccreditsmart.app               W  âš ï¸ Categoria desconhecida: finance
2025-12-09 12:04:22.042 12649-13195 CategoryMapper          com.cdccreditsmart.app               D  âœ… App bloqueÃ¡vel detectado: com.mediatek.gbaservice
2025-12-09 12:04:22.042 12649-13195 CategoryMapper          com.cdccreditsmart.app               W  âš ï¸ Categoria desconhecida: streaming
2025-12-09 12:04:22.042 12649-13195 CategoryMapper          com.cdccreditsmart.app               W  âš ï¸ Categoria desconhecida: social
2025-12-09 12:04:22.042 12649-13195 CategoryMapper          com.cdccreditsmart.app               W  âš ï¸ Categoria desconhecida: shopping
2025-12-09 12:04:22.042 12649-13195 CategoryMapper          com.cdccreditsmart.app               W  âš ï¸ Categoria desconhecida: productivity
2025-12-09 12:04:22.043 12649-13195 CategoryMapper          com.cdccreditsmart.app               W  âš ï¸ Categoria desconhecida: finance
2025-12-09 12:04:22.044 12649-13195 CategoryMapper          com.cdccreditsmart.app               D  âœ… App bloqueÃ¡vel detectado: com.transsion.kolun.assistant
2025-12-09 12:04:22.044 12649-13195 CategoryMapper          com.cdccreditsmart.app               W  âš ï¸ Categoria desconhecida: streaming
2025-12-09 12:04:22.044 12649-13195 CategoryMapper          com.cdccreditsmart.app               W  âš ï¸ Categoria desconhecida: social
2025-12-09 12:04:22.044 12649-13195 CategoryMapper          com.cdccreditsmart.app               W  âš ï¸ Categoria desconhecida: shopping
2025-12-09 12:04:22.044 12649-13195 CategoryMapper          com.cdccreditsmart.app               W  âš ï¸ Categoria desconhecida: productivity
2025-12-09 12:04:22.044 12649-13195 CategoryMapper          com.cdccreditsmart.app               W  âš ï¸ Categoria desconhecida: finance
2025-12-09 12:04:22.049 12649-13195 CategoryMapper          com.cdccreditsmart.app               D  ğŸ›¡ï¸ App crÃ­tico do sistema detectado: com.google.android.inputmethod.latin
2025-12-09 12:04:22.049 12649-13195 CategoryMapper          com.cdccreditsmart.app               D  ğŸ›¡ï¸ App protegido (nÃ£o bloqueia): com.google.android.inputmethod.latin
2025-12-09 12:04:22.050 12649-13195 CategoryMapper          com.cdccreditsmart.app               D  âœ… App bloqueÃ¡vel detectado: com.google.android.apps.restore
2025-12-09 12:04:22.050 12649-13195 CategoryMapper          com.cdccreditsmart.app               W  âš ï¸ Categoria desconhecida: streaming
2025-12-09 12:04:22.050 12649-13195 CategoryMapper          com.cdccreditsmart.app               W  âš ï¸ Categoria desconhecida: social
2025-12-09 12:04:22.050 12649-13195 CategoryMapper          com.cdccreditsmart.app               W  âš ï¸ Categoria desconhecida: shopping
2025-12-09 12:04:22.050 12649-13195 CategoryMapper          com.cdccreditsmart.app               W  âš ï¸ Categoria desconhecida: productivity
2025-12-09 12:04:22.050 12649-13195 CategoryMapper          com.cdccreditsmart.app               W  âš ï¸ Categoria desconhecida: finance
2025-12-09 12:04:22.051 12649-13195 CategoryMapper          com.cdccreditsmart.app               D  âœ… App bloqueÃ¡vel detectado: com.mediatek.MtkTelephonyServiceResOverlay
2025-12-09 12:04:22.052 12649-13195 CategoryMapper          com.cdccreditsmart.app               W  âš ï¸ Categoria desconhecida: streaming
2025-12-09 12:04:22.052 12649-13195 CategoryMapper          com.cdccreditsmart.app               W  âš ï¸ Categoria desconhecida: social
2025-12-09 12:04:22.052 12649-13195 CategoryMapper          com.cdccreditsmart.app               W  âš ï¸ Categoria desconhecida: shopping
2025-12-09 12:04:22.052 12649-13195 CategoryMapper          com.cdccreditsmart.app               W  âš ï¸ Categoria desconhecida: productivity
2025-12-09 12:04:22.052 12649-13195 CategoryMapper          com.cdccreditsmart.app               W  âš ï¸ Categoria desconhecida: finance
2025-12-09 12:04:22.052 12649-13195 CategoryMapper          com.cdccreditsmart.app               I  ğŸ“Š Total de apps marcados para bloqueio: 7
2025-12-09 12:04:22.053 12649-13195 AppBlockingManager      com.cdccreditsmart.app               I     âœ… Legacy packages: 7
2025-12-09 12:04:22.053 12649-13195 AppBlockingManager      com.cdccreditsmart.app               I  
2025-12-09 12:04:22.053 12649-13195 AppBlockingManager      com.cdccreditsmart.app               I  ğŸ›¡ï¸ FILTRANDO PACKAGES PROTEGIDOS...
2025-12-09 12:04:22.053 12649-13195 AppBlockingManager      com.cdccreditsmart.app               D     â†’ Exceptions (exceptions): 0
2025-12-09 12:04:22.053 12649-13195 AppBlockingManager      com.cdccreditsmart.app               D     â†’ LegalWhitelist (TJMG): 199
2025-12-09 12:04:22.053 12649-13195 AppBlockingManager      com.cdccreditsmart.app               I     âœ… Removidos 0 packages por nome direto
2025-12-09 12:04:22.054 12649-13195 AppBlockingManager      com.cdccreditsmart.app               I     ğŸ›¡ï¸ Verificando isProtectedByException() com exceÃ§Ãµes: []
2025-12-09 12:04:22.054 12649-13195 AppBlockingManager      com.cdccreditsmart.app               I     âœ… Removidos 0 apps protegidos por exceÃ§Ãµes semÃ¢nticas
2025-12-09 12:04:22.054 12649-13195 AppBlockingManager      com.cdccreditsmart.app               I     ğŸ›¡ï¸ Total removidos: 0 packages protegidos
2025-12-09 12:04:22.054 12649-13195 AppBlockingManager      com.cdccreditsmart.app               I     ğŸ“Š Total a bloquear: 7
2025-12-09 12:04:22.054 12649-13195 AppBlockingManager      com.cdccreditsmart.app               I  
2025-12-09 12:04:22.054 12649-13195 AppBlockingManager      com.cdccreditsmart.app               I  ğŸ’¾ PERSISTINDO ESTADO ANTES DO BLOQUEIO...
2025-12-09 12:04:22.055 12649-13195 AppBlockingManager      com.cdccreditsmart.app               D  ğŸ’¾ Estado de bloqueio salvo: level=6, days=0, reason=SincronizaÃ§Ã£o automÃ¡tica apÃ³s reinstalaÃ§Ã£o
2025-12-09 12:04:22.055 12649-13195 AppBlockingManager      com.cdccreditsmart.app               I     âœ… saveBlockingState() - NÃ­vel 6 salvo
2025-12-09 12:04:22.055 12649-13195 AppBlockingManager      com.cdccreditsmart.app               D  ğŸ’¾ Categorias bloqueadas salvas: [games, streaming, social, shopping, productivity, finance]
2025-12-09 12:04:22.056 12649-13195 AppBlockingManager      com.cdccreditsmart.app               I     âœ… saveBlockedCategories() - 6 categorias salvas
2025-12-09 12:04:22.057 12649-13195 AppBlockingManager      com.cdccreditsmart.app               D  ğŸ’¾ Pacotes bloqueados salvos: 7 apps
2025-12-09 12:04:22.057 12649-13195 AppBlockingManager      com.cdccreditsmart.app               I     âœ… saveBlockedPackages() - 7 packages salvos
2025-12-09 12:04:22.148 12649-13195 LocalAccountState       com.cdccreditsmart.app               D  âœ… Blocking state saved: level=6, days=0, categories=6, packages=7
2025-12-09 12:04:22.148 12649-13195 AppBlockingManager      com.cdccreditsmart.app               D  ğŸ’¾ LocalAccountState persistido: level=6, packages=7
2025-12-09 12:04:22.148 12649-13195 AppBlockingManager      com.cdccreditsmart.app               I     âœ… persistToLocalAccountState() - Estado offline persistido
2025-12-09 12:04:22.148 12649-13195 DebtAgingCalculator     com.cdccreditsmart.app               I  âœ… ========================================
2025-12-09 12:04:22.148 12649-13195 DebtAgingCalculator     com.cdccreditsmart.app               I  âœ… RESET DE DIAS AUTORIZADO PELO SERVIDOR
2025-12-09 12:04:22.148 12649-13195 DebtAgingCalculator     com.cdccreditsmart.app               I  âœ… ========================================
2025-12-09 12:04:22.148 12649-13195 DebtAgingCalculator     com.cdccreditsmart.app               I  âœ… NÃ­vel do servidor: 6
2025-12-09 12:04:22.148 12649-13195 DebtAgingCalculator     com.cdccreditsmart.app               I  âœ… Dias do servidor: 0
2025-12-09 12:04:22.240 12649-13195 DebtAgingCalculator     com.cdccreditsmart.app               I  âœ… Max anterior: 0
2025-12-09 12:04:22.242 12649-13195 DebtAgingCalculator     com.cdccreditsmart.app               I  âœ… Max atualizado para: 0
2025-12-09 12:04:22.242 12649-13195 DebtAgingCalculator     com.cdccreditsmart.app               I  âœ… Timestamp confiÃ¡vel atualizado: 1765292662240
2025-12-09 12:04:22.242 12649-13195 DebtAgingCalculator     com.cdccreditsmart.app               I  âœ… Timestamps incremento offline resetados (wall-clock e elapsedRealtime)
2025-12-09 12:04:22.242 12649-13195 DebtAgingCalculator     com.cdccreditsmart.app               I  âœ… ========================================
2025-12-09 12:04:22.242 12649-13195 AppBlockingManager      com.cdccreditsmart.app               I     âœ… Max dias atualizado pelo servidor: 0
2025-12-09 12:04:22.262 12649-13195 AppBlockingManager      com.cdccreditsmart.app               I  
2025-12-09 12:04:22.263 12649-13195 AppBlockingManager      com.cdccreditsmart.app               I  ğŸ¯ APLICANDO BLOQUEIO via setApplicationHidden()...
2025-12-09 12:04:22.263 12649-13195 AppBlockingManager      com.cdccreditsmart.app               I     ğŸ”’ Chamando setApplicationHidden() com 7 packages
2025-12-09 12:04:22.263 12649-13195 AppBlockingManager      com.cdccreditsmart.app               D     ğŸ“‹ Primeiros 10 packages: [com.android.internal.display.cutout.emulation.corner, com.android.internal.display.cutout.emulation.double, com.transsion.gamespace.app, com.android.internal.display.cutout.emulation.hole, com.android.internal.display.cutout.emulation.tall, com.android.internal.display.cutout.emulation.waterfall, com.afmobi.boomplayer]
2025-12-09 12:04:22.324 12649-13195 AppBlockingManager      com.cdccreditsmart.app               D  âœ… App oculto: com.android.internal.display.cutout.emulation.corner
2025-12-09 12:04:22.422 12649-13195 AppBlockingManager      com.cdccreditsmart.app               D  âœ… App oculto: com.android.internal.display.cutout.emulation.double
2025-12-09 12:04:22.433 12649-13196 SettingsGuardService    com.cdccreditsmart.app               D  ğŸ“‹ Activity check - Full: null, Simple: null
2025-12-09 12:04:22.547 12649-13195 AppBlockingManager      com.cdccreditsmart.app               D  âœ… App oculto: com.transsion.gamespace.app
2025-12-09 12:04:22.742 12649-16080 SurfaceSyncGroup        com.cdccreditsmart.app               E  Failed to receive transaction ready in 1000ms. Marking SurfaceSyncGroup(wmsSync-VRI[MainActivity]#12) as ready
2025-12-09 12:04:22.742 12649-16080 SurfaceSyncGroup        com.cdccreditsmart.app               E  Failed to receive transaction ready in 1000ms. Marking SurfaceSyncGroup(VRI[MainActivity]#13) as ready
2025-12-09 12:04:22.788 12649-13195 AppBlockingManager      com.cdccreditsmart.app               D  âœ… App oculto: com.android.internal.display.cutout.emulation.hole
2025-12-09 12:04:23.090 12649-13196 SettingsGuardService    com.cdccreditsmart.app               D  ğŸ“‹ Activity check - Full: null, Simple: null
2025-12-09 12:04:23.357 12649-13195 AppBlockingManager      com.cdccreditsmart.app               D  âœ… App oculto: com.android.internal.display.cutout.emulation.tall
2025-12-09 12:04:23.708 12649-13196 SettingsGuardService    com.cdccreditsmart.app               D  ğŸ“‹ Activity check - Full: null, Simple: null
2025-12-09 12:04:24.375 12649-13195 AppBlockingManager      com.cdccreditsmart.app               D  âœ… App oculto: com.android.internal.display.cutout.emulation.waterfall
2025-12-09 12:04:24.386 12649-13196 SettingsGuardService    com.cdccreditsmart.app               D  ğŸ“‹ Activity check - Full: null, Simple: null
2025-12-09 12:04:24.628 12649-13201 BLASTBufferQueue        com.cdccreditsmart.app               D  [VRI[MainActivity]#4](f:0,a:1) acquireNextBufferLocked size=1080x2436 mFrameNumber=1 applyTransaction=true mTimestamp=722188394196(auto) mPendingTransactions.size=0 graphicBufferId=54327041327133 transform=0
2025-12-09 12:04:24.631 12649-12649 DisplayEventDispatcher  com.cdccreditsmart.app               W  Vsync time out! vsyncScheduleDelay=2917ms
2025-12-09 12:04:24.632 12649-12649 Choreographer           com.cdccreditsmart.app               W  Already have a pending vsync event.  There should only be one at a time.
2025-12-09 12:04:24.632 12649-12649 Choreographer           com.cdccreditsmart.app               W  Already have a pending vsync event.  There should only be one at a time.
2025-12-09 12:04:24.632 12649-12649 Choreographer           com.cdccreditsmart.app               I  Skipped 174 frames!  The application may be doing too much work on its main thread.
2025-12-09 12:04:24.643 12649-12649 Choreographer           com.cdccreditsmart.app               I  Skipped 174 frames!  The application may be doing too much work on its main thread.
2025-12-09 12:04:24.647 12649-12649 VRI[Blocke...nActivity] com.cdccreditsmart.app               D  visibilityChanged oldVisibility=true newVisibility=false
2025-12-09 12:04:24.649 12649-12649 ActivityThread          com.cdccreditsmart.app               D  mToDestroying.remove:ActivityRecord{e649773 token=android.os.BinderProxy@e39b9de {com.cdccreditsmart.app/com.cdccreditsmart.app.blocking.BlockedAppExplanationActivity}}
2025-12-09 12:04:24.653 12649-12649 WindowOnBackDispatcher  com.cdccreditsmart.app               W  sendCancelIfRunning: isInProgress=false callback=android.app.Activity$$ExternalSyntheticLambda0@1ab7f3e
2025-12-09 12:04:24.656 12649-13201 HWUI                    com.cdccreditsmart.app               D  endAllActiveAnimators on 0xb40000707d1aa190 (UnprojectedRipple) with handle 0xb400006ffd20a0d0
2025-12-09 12:04:24.657 12649-12649 View                    com.cdccreditsmart.app               D  [Warning] assignParent to null: this = DecorView@f92d4fd[BlockedAppExplanationActivity]
2025-12-09 12:04:24.660 12649-16060 BLASTBufferQueue        com.cdccreditsmart.app               D  [VRI[BlockedAppExplanationActivity]#3](f:0,a:2) destructor()
2025-12-09 12:04:24.660 12649-16060 BufferQueueConsumer     com.cdccreditsmart.app               D  [VRI[BlockedAppExplanationActivity]#3(BLAST Consumer)3](id:316900000003,api:0,p:-1,c:12649) disconnect
2025-12-09 12:04:24.660 12649-16060 HWUI                    com.cdccreditsmart.app               I  Davey! duration=2919ms; Flags=1, FrameTimelineVsyncId=-1, IntendedVsync=719274378426, Vsync=719274384349, InputEventId=0, HandleInputStart=719274649811, AnimationStart=719274651734, PerformTraversalsStart=719274905811, DrawStart=719300344349, FrameDeadline=719284380272, FrameInterval=719274384349, FrameStartTime=8349541, SyncQueued=722175532657, SyncStart=722175686734, IssueDrawCommandsStart=722177334196, SwapBuffers=722187864888, FrameCompleted=722194224888, DequeueBufferDuration=12923, QueueBufferDuration=412308, GpuCompleted=722194224888, SwapBuffersCompleted=722188959349, DisplayPresentTime=716072923041, CommandSubmissionCompleted=722187864888, 
2025-12-09 12:04:24.661 12649-13195 AppBlockingManager      com.cdccreditsmart.app               D  âœ… App oculto: com.afmobi.boomplayer
2025-12-09 12:04:24.661 12649-13195 AppBlockingManager      com.cdccreditsmart.app               I     âœ… 7 apps bloqueados via setApplicationHidden()
2025-12-09 12:04:24.676 12649-12649 InsetsController        com.cdccreditsmart.app               I  Insets animation onAnimationStart mShow:false, mDurationMs:340, types:statusBars
2025-12-09 12:04:25.005 12649-13196 SettingsGuardService    com.cdccreditsmart.app               D  ğŸ“‹ Activity check - Full: null, Simple: null
2025-12-09 12:04:25.047 12649-12649 InsetsController        com.cdccreditsmart.app               I  Insets animation onAnimationEnd
2025-12-09 12:04:25.372 12649-12649 TextSelection           com.cdccreditsmart.app               D  onUseCache cache=false
2025-12-09 12:04:25.388 12649-12649 TermsAcceptanceStorage  com.cdccreditsmart.app               I  Salvando aceitaÃ§Ã£o de termos vv2.1 para contrato XV8W5766
2025-12-09 12:04:25.617 12649-13196 SettingsGuardService    com.cdccreditsmart.app               D  ğŸ“‹ Activity check - Full: null, Simple: null
2025-12-09 12:04:25.800 12649-12649 SecureTokenStorage      com.cdccreditsmart.app               D  EncryptedSharedPreferences initialized successfully
2025-12-09 12:04:25.802 12649-12649 NetworkConnectivity     com.cdccreditsmart.app               D  âœ… Conectado via WiFi com internet
2025-12-09 12:04:25.803 12649-12649 SimpleHomeViewModel     com.cdccreditsmart.app               D  ğŸ“¡ Fetching device installments from /api/apk/device/installments...
2025-12-09 12:04:26.057 12649-20086 SimpleHomeViewModel     com.cdccreditsmart.app               D  âœ… Added Authorization header with token
2025-12-09 12:04:26.057 12649-20086 SimpleHomeViewModel     com.cdccreditsmart.app               D  ğŸ“¤ Request URL: https://cdccreditsmart.com/api/apk/device/installments
2025-12-09 12:04:26.225 12649-13196 SettingsGuardService    com.cdccreditsmart.app               D  ğŸ“‹ Activity check - Full: null, Simple: null
2025-12-09 12:04:26.814 12649-13195 AppBlockingManager      com.cdccreditsmart.app               I     âœ… 0 apps desbloqueados via setApplicationHidden()
2025-12-09 12:04:26.814 12649-13195 ReflectionKnoxClient    com.cdccreditsmart.app               W  Samsung Knox SDK nÃ£o encontrado - funcionalidade desabilitada
2025-12-09 12:04:26.814 12649-13195 AppBlockingManager      com.cdccreditsmart.app               W  Samsung Knox nÃ£o disponÃ­vel - pulando atualizaÃ§Ã£o de lockscreen
2025-12-09 12:04:26.815 12649-13195 AppBlockingManager      com.cdccreditsmart.app               I  
2025-12-09 12:04:26.815 12649-13195 AppBlockingManager      com.cdccreditsmart.app               I  â•”â•â•â•â•â•â•â•â•â•â•â•â•â•â•â•â•â•â•â•â•â•â•â•â•â•â•â•â•â•â•â•â•â•â•â•â•â•â•â•â•â•â•â•â•â•â•â•â•â•â•â•â•â•â•â•â•â•â•â•â•â•â•â•â•â•—
2025-12-09 12:04:26.815 12649-13195 AppBlockingManager      com.cdccreditsmart.app               I  â•‘  âœ… BLOQUEIO PROGRESSIVO CONCLUÃDO                             â•‘
2025-12-09 12:04:26.815 12649-13195 AppBlockingManager      com.cdccreditsmart.app               I  â• â•â•â•â•â•â•â•â•â•â•â•â•â•â•â•â•â•â•â•â•â•â•â•â•â•â•â•â•â•â•â•â•â•â•â•â•â•â•â•â•â•â•â•â•â•â•â•â•â•â•â•â•â•â•â•â•â•â•â•â•â•â•â•â•â•£
2025-12-09 12:04:26.815 12649-13195 AppBlockingManager      com.cdccreditsmart.app               I  â•‘  Formato: legacy (categories)
2025-12-09 12:04:26.815 12649-13195 AppBlockingManager      com.cdccreditsmart.app               I  â•‘  NÃ­vel efetivo aplicado: 6
2025-12-09 12:04:26.815 12649-13195 AppBlockingManager      com.cdccreditsmart.app               I  â•‘  NÃ­vel anterior: 6
2025-12-09 12:04:26.815 12649-13195 AppBlockingManager      com.cdccreditsmart.app               I  â•‘  Apps bloqueados: 7
2025-12-09 12:04:26.815 12649-13195 AppBlockingManager      com.cdccreditsmart.app               I  â•‘  Apps desbloqueados: 0
2025-12-09 12:04:26.815 12649-13195 AppBlockingManager      com.cdccreditsmart.app               I  â•‘  Packages protegidos removidos: 0 (direto: 0, exceÃ§Ãµes: 0)
2025-12-09 12:04:26.815 12649-13195 AppBlockingManager      com.cdccreditsmart.app               I  â•šâ•â•â•â•â•â•â•â•â•â•â•â•â•â•â•â•â•â•â•â•â•â•â•â•â•â•â•â•â•â•â•â•â•â•â•â•â•â•â•â•â•â•â•â•â•â•â•â•â•â•â•â•â•â•â•â•â•â•â•â•â•â•â•â•â•
2025-12-09 12:04:26.815 12649-13195 CdcForegroundService    com.cdccreditsmart.app               I  ğŸ”„ âœ… Bloqueio aplicado com sucesso!
2025-12-09 12:04:26.815 12649-13195 CdcForegroundService    com.cdccreditsmart.app               I  ğŸ”„    Apps bloqueados: 7
2025-12-09 12:04:26.815 12649-13195 CdcForegroundService    com.cdccreditsmart.app               I  ğŸ”„ ========================================
2025-12-09 12:04:26.815 12649-13195 CdcForegroundService    com.cdccreditsmart.app               I  âœ… Todos os serviÃ§os MDM inicializados com sucesso
2025-12-09 12:04:26.899 12649-20086 SimpleHomeViewModel     com.cdccreditsmart.app               D  ğŸ“¥ Response Code: 200
2025-12-09 12:04:26.930 12649-12649 SimpleHomeViewModel     com.cdccreditsmart.app               D  âœ… Successfully fetched installments data
2025-12-09 12:04:26.931 12649-12649 SimpleHomeViewModel     com.cdccreditsmart.app               D  ğŸ“Š Device: Moto G15 Power
2025-12-09 12:04:26.931 12649-12649 SimpleHomeViewModel     com.cdccreditsmart.app               D  ğŸ“Š Total installments: 24
2025-12-09 12:04:26.931 12649-12649 SimpleHomeViewModel     com.cdccreditsmart.app               D  ğŸ“Š Paid: 0
2025-12-09 12:04:26.931 12649-12649 SimpleHomeViewModel     com.cdccreditsmart.app               D  ğŸ“Š Overdue: 0
2025-12-09 12:04:26.931 12649-12649 SimpleHomeViewModel     com.cdccreditsmart.app               D  ğŸ“Š All installments count: 24
2025-12-09 12:04:26.931 12649-12649 SimpleHomeViewModel     com.cdccreditsmart.app               D  ğŸ“‹ Parcela #1: status=pending, isPaid=false, dueDate=2025-12-22T23:10:29.071Z
2025-12-09 12:04:26.931 12649-12649 SimpleHomeViewModel     com.cdccreditsmart.app               D  ğŸ“‹ Parcela #2: status=pending, isPaid=false, dueDate=2026-01-06T23:10:29.071Z
2025-12-09 12:04:26.931 12649-12649 SimpleHomeViewModel     com.cdccreditsmart.app               D  ğŸ“‹ Parcela #3: status=pending, isPaid=false, dueDate=2026-01-21T23:10:29.071Z
2025-12-09 12:04:26.931 12649-12649 SimpleHomeViewModel     com.cdccreditsmart.app               D  ğŸ“‹ Parcela #4: status=pending, isPaid=false, dueDate=2026-02-05T23:10:29.071Z
2025-12-09 12:04:26.931 12649-12649 SimpleHomeViewModel     com.cdccreditsmart.app               D  ğŸ“‹ Parcela #5: status=pending, isPaid=false, dueDate=2026-02-20T23:10:29.071Z
2025-12-09 12:04:26.931 12649-12649 SimpleHomeViewModel     com.cdccreditsmart.app               D  ğŸ“‹ Parcela #6: status=pending, isPaid=false, dueDate=2026-03-07T23:10:29.071Z
2025-12-09 12:04:26.931 12649-12649 SimpleHomeViewModel     com.cdccreditsmart.app               D  ğŸ“‹ Parcela #7: status=pending, isPaid=false, dueDate=2026-03-22T23:10:29.071Z
2025-12-09 12:04:26.931 12649-12649 SimpleHomeViewModel     com.cdccreditsmart.app               D  ğŸ“‹ Parcela #8: status=pending, isPaid=false, dueDate=2026-04-06T23:10:29.071Z
2025-12-09 12:04:26.931 12649-12649 SimpleHomeViewModel     com.cdccreditsmart.app               D  ğŸ“‹ Parcela #9: status=pending, isPaid=false, dueDate=2026-04-21T23:10:29.071Z
2025-12-09 12:04:26.931 12649-12649 SimpleHomeViewModel     com.cdccreditsmart.app               D  ğŸ“‹ Parcela #10: status=pending, isPaid=false, dueDate=2026-05-06T23:10:29.071Z
2025-12-09 12:04:26.931 12649-12649 SimpleHomeViewModel     com.cdccreditsmart.app               D  ğŸ“‹ Parcela #11: status=pending, isPaid=false, dueDate=2026-05-21T23:10:29.071Z
2025-12-09 12:04:26.931 12649-12649 SimpleHomeViewModel     com.cdccreditsmart.app               D  ğŸ“‹ Parcela #12: status=pending, isPaid=false, dueDate=2026-06-05T23:10:29.071Z
2025-12-09 12:04:26.931 12649-12649 SimpleHomeViewModel     com.cdccreditsmart.app               D  ğŸ“‹ Parcela #13: status=pending, isPaid=false, dueDate=2026-06-20T23:10:29.071Z
2025-12-09 12:04:26.931 12649-12649 SimpleHomeViewModel     com.cdccreditsmart.app               D  ğŸ“‹ Parcela #14: status=pending, isPaid=false, dueDate=2026-07-05T23:10:29.071Z
2025-12-09 12:04:26.931 12649-12649 SimpleHomeViewModel     com.cdccreditsmart.app               D  ğŸ“‹ Parcela #15: status=pending, isPaid=false, dueDate=2026-07-20T23:10:29.071Z
2025-12-09 12:04:26.931 12649-12649 SimpleHomeViewModel     com.cdccreditsmart.app               D  ğŸ“‹ Parcela #16: status=pending, isPaid=false, dueDate=2026-08-04T23:10:29.071Z
2025-12-09 12:04:26.931 12649-12649 SimpleHomeViewModel     com.cdccreditsmart.app               D  ğŸ“‹ Parcela #17: status=pending, isPaid=false, dueDate=2026-08-19T23:10:29.071Z
2025-12-09 12:04:26.931 12649-12649 SimpleHomeViewModel     com.cdccreditsmart.app               D  ğŸ“‹ Parcela #18: status=pending, isPaid=false, dueDate=2026-09-03T23:10:29.071Z
2025-12-09 12:04:26.931 12649-12649 SimpleHomeViewModel     com.cdccreditsmart.app               D  ğŸ“‹ Parcela #19: status=pending, isPaid=false, dueDate=2026-09-18T23:10:29.071Z
2025-12-09 12:04:26.931 12649-12649 SimpleHomeViewModel     com.cdccreditsmart.app               D  ğŸ“‹ Parcela #20: status=pending, isPaid=false, dueDate=2026-10-03T23:10:29.071Z
2025-12-09 12:04:26.931 12649-12649 SimpleHomeViewModel     com.cdccreditsmart.app               D  ğŸ“‹ Parcela #21: status=pending, isPaid=false, dueDate=2026-10-18T23:10:29.071Z
2025-12-09 12:04:26.931 12649-12649 SimpleHomeViewModel     com.cdccreditsmart.app               D  ğŸ“‹ Parcela #22: status=pending, isPaid=false, dueDate=2026-11-02T23:10:29.071Z
2025-12-09 12:04:26.931 12649-12649 SimpleHomeViewModel     com.cdccreditsmart.app               D  ğŸ“‹ Parcela #23: status=pending, isPaid=false, dueDate=2026-11-17T23:10:29.071Z
2025-12-09 12:04:26.931 12649-12649 SimpleHomeViewModel     com.cdccreditsmart.app               D  ğŸ“‹ Parcela #24: status=pending, isPaid=false, dueDate=2026-12-02T23:10:29.071Z
2025-12-09 12:04:26.931 12649-12649 SimpleHomeViewModel     com.cdccreditsmart.app               I  ğŸ’¾ Salvando dados do cliente no storage - CustomerName: 'null', DeviceModel: 'Moto G15 Power'
2025-12-09 12:04:26.931 12649-12649 SecureTokenStorage      com.cdccreditsmart.app               D  ğŸ’¾ Salvando customer info - Name: null, Device: Moto G15 Power
2025-12-09 12:04:26.931 12649-12649 SecureTokenStorage      com.cdccreditsmart.app               W  âš ï¸ CustomerName vazio/null - nÃ£o salvando
2025-12-09 12:04:26.932 12649-12649 SecureTokenStorage      com.cdccreditsmart.app               D  âœ… DeviceModel salvo: Moto G15 Power
2025-12-09 12:04:26.932 12649-12649 SecureTokenStorage      com.cdccreditsmart.app               I  âœ… Customer info saved successfully!
2025-12-09 12:04:26.933 12649-12649 ContractCodeStorage     com.cdccreditsmart.app               D  Retrieving contract code from storage
2025-12-09 12:04:27.055 12649-13195 SettingsGuardService    com.cdccreditsmart.app               D  ğŸ“‹ Activity check - Full: null, Simple: null
2025-12-09 12:04:27.388 12649-12649 ContractCodeStorage     com.cdccreditsmart.app               D  Storage verification: 7 valid, 0 tampered, 0 missing
2025-12-09 12:04:27.389 12649-12649 ContractCodeStorage     com.cdccreditsmart.app               D  Contract code retrieved successfully
2025-12-09 12:04:27.526 12649-12649 LocalInstallmentStorage com.cdccreditsmart.app               I  âœ… 24 parcelas salvas localmente (contrato: XV8W5766)
2025-12-09 12:04:27.526 12649-12649 SimpleHomeViewModel     com.cdccreditsmart.app               I  âœ… 24 parcelas salvas localmente
2025-12-09 12:04:27.526 12649-12649 SimpleHomeViewModel     com.cdccreditsmart.app               I     â†’ 0 pagas
2025-12-09 12:04:27.526 12649-12649 SimpleHomeViewModel     com.cdccreditsmart.app               I     â†’ 24 pendentes
2025-12-09 12:04:27.526 12649-12649 SimpleHomeViewModel     com.cdccreditsmart.app               I     â†’ 0 em atraso
2025-12-09 12:04:27.526 12649-12649 SimpleHomeViewModel     com.cdccreditsmart.app               I     â†’ Dados disponÃ­veis para overlay e offline blocking
2025-12-09 12:04:27.527 12649-12649 SimpleHomeViewModel     com.cdccreditsmart.app               I  ğŸ’¾ Cache atualizado - prÃ³ximo acesso usarÃ¡ cache por 300s
2025-12-09 12:04:27.527 12649-12649 Choreographer           com.cdccreditsmart.app               I  Skipped 35 frames!  The application may be doing too much work on its main thread.
2025-12-09 12:04:27.677 12649-12649 SecureTokenStorage      com.cdccreditsmart.app               D  EncryptedSharedPreferences initialized successfully
2025-12-09 12:04:27.678 12649-12649 SecureTokenStorage      com.cdccreditsmart.app               D  ğŸ“– Lendo customerName: Marcos Antunes
2025-12-09 12:04:27.679 12649-12649 SecureTokenStorage      com.cdccreditsmart.app               D  ğŸ“– Lendo deviceModel: Moto G15 Power
2025-12-09 12:04:27.680 12649-12649 ContractCodeStorage     com.cdccreditsmart.app               D  Retrieving contract code from storage
2025-12-09 12:04:27.707 12649-13195 SettingsGuardService    com.cdccreditsmart.app               D  ğŸ“‹ Activity check - Full: null, Simple: null
2025-12-09 12:04:27.864 12649-13132 creditsmart.app         com.cdccreditsmart.app               I  Background concurrent mark compact GC freed 14MB AllocSpace bytes, 147(6128KB) LOS objects, 49% free, 23MB/47MB, paused 1.361ms,2.542ms total 474.936ms
2025-12-09 12:04:28.113 12649-12649 ContractCodeStorage     com.cdccreditsmart.app               D  Storage verification: 7 valid, 0 tampered, 0 missing
2025-12-09 12:04:28.113 12649-12649 ContractCodeStorage     com.cdccreditsmart.app               D  Contract code retrieved successfully
2025-12-09 12:04:28.249 12649-12649 Choreographer           com.cdccreditsmart.app               I  Skipped 42 frames!  The application may be doing too much work on its main thread.
2025-12-09 12:04:28.336 12649-13195 SettingsGuardService    com.cdccreditsmart.app               D  ğŸ“‹ Activity check - Full: null, Simple: null
2025-12-09 12:04:28.345 12649-16060 HWUI                    com.cdccreditsmart.app               I  Davey! duration=1408ms; Flags=0, FrameTimelineVsyncId=310121, IntendedVsync=724494330419, Vsync=725078961249, InputEventId=0, HandleInputStart=725087935042, AnimationStart=725087936580, PerformTraversalsStart=725104321504, DrawStart=725104368888, FrameDeadline=724547729439, FrameInterval=725087564042, FrameStartTime=16703738, SyncQueued=725807975657, SyncStart=725808095427, IssueDrawCommandsStart=725808317811, SwapBuffers=725894610427, FrameCompleted=725903305504, DequeueBufferDuration=29231, QueueBufferDuration=299692, GpuCompleted=725903305504, SwapBuffersCompleted=725897491657, DisplayPresentTime=0, CommandSubmissionCompleted=725894610427, 
2025-12-09 12:04:28.942 12649-13195 SettingsGuardService    com.cdccreditsmart.app               D  ğŸ“‹ Activity check - Full: null, Simple: null
2025-12-09 12:04:29.137 12649-12649 TextSelection           com.cdccreditsmart.app               D  onUseCache cache=false
2025-12-09 12:04:29.170 12649-16371 ScrollPolicy            com.cdccreditsmart.app               I  BOOST_KSWAPD; duration: 3000
2025-12-09 12:04:29.197 12649-16371 PowerHalMgrImpl         com.cdccreditsmart.app               I  hdl:1115, pid:12649 
2025-12-09 12:04:29.221 12649-16371 PowerHalMgrImpl         com.cdccreditsmart.app               I  hdl:1118, pid:12649 
2025-12-09 12:04:29.483 12649-12649 ScrollIdentify          com.cdccreditsmart.app               I  on fling
2025-12-09 12:04:29.511 12649-16371 PowerHalMgrImpl         com.cdccreditsmart.app               I  hdl:1119, pid:12649 
2025-12-09 12:04:29.596 12649-13195 SettingsGuardService    com.cdccreditsmart.app               D  ğŸ“‹ Activity check - Full: null, Simple: null
2025-12-09 12:04:29.794 12649-12649 TextSelection           com.cdccreditsmart.app               D  onUseCache cache=false
2025-12-09 12:04:29.860 12649-16371 PowerHalMgrImpl         com.cdccreditsmart.app               I  hdl:1126, pid:12649 
2025-12-09 12:04:29.874 12649-16371 PowerHalMgrImpl         com.cdccreditsmart.app               I  hdl:1126, pid:12649 
2025-12-09 12:04:29.930 12649-16371 ScrollPolicy            com.cdccreditsmart.app               I  BOOST_KSWAPD; duration: 0
2025-12-09 12:04:29.982 12649-16371 PowerHalMgrImpl         com.cdccreditsmart.app               I  hdl:1129, pid:12649 
2025-12-09 12:04:30.216 12649-13195 SettingsGuardService    com.cdccreditsmart.app               D  ğŸ“‹ Activity check - Full: null, Simple: null
2025-12-09 12:04:30.559 12649-12649 WindowOnBackDispatcher  com.cdccreditsmart.app               W  sendCancelIfRunning: isInProgress=false callback=androidx.activity.OnBackPressedDispatcher$Api34Impl$createOnBackAnimationCallback$1@61271bd
2025-12-09 12:04:30.633 12649-13201 BLASTBufferQueue        com.cdccreditsmart.app               D  [VRI[MainActivity]#4](f:0,a:1) destructor()
2025-12-09 12:04:30.633 12649-13201 BufferQueueConsumer     com.cdccreditsmart.app               D  [VRI[MainActivity]#4(BLAST Consumer)4](id:316900000004,api:0,p:-1,c:12649) disconnect
2025-12-09 12:04:32.129 12649-19216 FA                      com.cdccreditsmart.app               I  Application backgrounded at: timestamp_millis: 1765292670129
2025-12-09 12:04:32.422  1562-1893  TranDynami...rollerImpl system_server                        E  TranDynamicBarAnimControllerImpl setSimplifyAnimByLauncherType pkgName:com.cdccreditsmart.app
2025-12-09 12:04:32.422  1562-1893  TranDynami...rollerImpl system_server                        E  end setSimplifyAnimByLauncherType mSimplifyAnimOpenPkgName:com.cdccreditsmart.app simplifyAnimByLauncherType:0
