2025-12-07 16:02:28.234  5638-15720 THubApi                 pid-5638                             D  getUserId TaskInfo{userId=0 taskId=10 displayId=0 isRunning=true baseIntent=Intent { act=android.intent.action.MAIN cat=[android.intent.category.HOME] flg=0x13a08000 cmp=com.transsion.XOSLauncher/com.android.launcher3.uioverrides.QuickstepLauncher } baseActivity=ComponentInfo{com.transsion.XOSLauncher/com.android.launcher3.uioverrides.QuickstepLauncher} topActivity=ComponentInfo{com.transsion.XOSLauncher/com.android.launcher3.uioverrides.QuickstepLauncher} origActivity=null realActivity=ComponentInfo{com.transsion.XOSLauncher/com.android.launcher3.uioverrides.QuickstepLauncher} numActivities=1 lastActiveTime=1078740 supportsMultiWindow=false resizeMode=2 isResizeable=true minWidth=-1 minHeight=-1 defaultMinSize=110 token=WCT{android.window.IWindowContainerToken$Stub$Proxy@684c990} topActivityType=2 pictureInPictureParams=null shouldDockBigOverlays=false launchIntoPipHostTaskId=-1 lastParentTaskIdBeforePip=-1 displayCutoutSafeInsets=null topActivityInfo=ActivityInfo{153e289 com.android.launcher3.uioverrides.QuickstepLauncher} launchCookies=[] positionInParent=Point(0, 0) parentTaskId=-1 isFocused=true isVisible=true isVisibleRequested=true isSleeping=false locusId=LocusId[17_chars] displayAreaFeatureId=1 isTopActivityTransparent=false appCompatTaskInfo=AppCompatTaskInfo { topActivityInSizeCompat=false topActivityEligibleForLetterboxEducation= falseisLetterboxEducationEnabled= false isLetterboxDoubleTapEnabled= false topActivityEligibleForUserAspectRatioButton= false topActivityBoundsLetterboxed= false isFromLetterboxDoubleTap= false topActivityLetterboxVerticalPosition= -1 topActivityLetterboxHorizontalPosition= -1 topActivityLetterboxWidth=1080 topActivityLetterboxHeight=2436 isUserFullscreenOverrideEnabled=false isSystemFullscreenOverrideEnabled=false cameraCompatTaskInfo=CameraCompatTaskInfo { cameraCompatControlState=hidden freeformCameraCompatMode=inactive}}}
2025-12-07 16:02:28.240  3588-3674  TrRectFSpringAnim       pid-3588                             D  onUpdate: RectF(518.92535, 738.27185, 561.07465, 780.3508) Radius 12.0 alpha 0.0
2025-12-07 16:02:28.240  3588-3674  AsyncThreadAnimImpl     pid-3588                             I  record com.android.launcher3.views.AsyncImageView, prop: 4, value: 1.2665987E-7
2025-12-07 16:02:28.244  1008-2046  SurfaceFlinger          pid-1008                             D  [SF client] REMOVE (0xb40000793b014440) for (3204:com.android.systemui)
2025-12-07 16:02:28.244  3204-3217  ndroid.systemui         pid-3204                             W  ApkAssets: Deleting an ApkAssets object '<empty> and /apex/com.android.wifi/priv-app/ServiceWifiResourcesGoogle@351610000/ServiceWifiResourcesGoogle.apk' with 1 weak references
2025-12-07 16:02:28.244  3204-3217  ndroid.systemui         pid-3204                             W  ApkAssets: Deleting an ApkAssets object '/vendor/overlay/WifiResMainlineOverlay/WifiResMainlineOverlay.apk' with 1 weak references
2025-12-07 16:02:28.244  3204-3217  ndroid.systemui         pid-3204                             W  ApkAssets: Deleting an ApkAssets object '/product/overlay/WifiSystemResMainlineOverlay/WifiSystemResMainlineOverlay.apk' with 1 weak references
2025-12-07 16:02:28.249  3588-3674  TrRectFSpringAnim       pid-3588                             D  onUpdate: RectF(519.0735, 738.5089, 560.9265, 780.2963) Radius 12.0 alpha 0.0
2025-12-07 16:02:28.249  3204-3217  ndroid.systemui         pid-3204                             W  ApkAssets: Deleting an ApkAssets object '<empty> and /data/app/~~kwxlgpPFzS59UwmrTSzpKA==/com.android.vending-IMslakrYRRDg_NC5p6amtg==/base.apk' with 1 weak references
2025-12-07 16:02:28.249  3204-3217  ndroid.systemui         pid-3204                             W  ApkAssets: Deleting an ApkAssets object '<empty> and /data/app/~~kwxlgpPFzS59UwmrTSzpKA==/com.android.vending-IMslakrYRRDg_NC5p6amtg==/split_config.arm64_v8a.apk' with 1 weak references
2025-12-07 16:02:28.249  3588-3674  AsyncThreadAnimImpl     pid-3588                             I  record com.android.launcher3.views.AsyncImageView, prop: 4, value: 8.940697E-8
2025-12-07 16:02:28.249  3204-3217  ndroid.systemui         pid-3204                             W  ApkAssets: Deleting an ApkAssets object '<empty> and /data/app/~~kwxlgpPFzS59UwmrTSzpKA==/com.android.vending-IMslakrYRRDg_NC5p6amtg==/split_config.en.apk' with 1 weak references
2025-12-07 16:02:28.249  3204-3217  ndroid.systemui         pid-3204                             W  ApkAssets: Deleting an ApkAssets object '<empty> and /data/app/~~kwxlgpPFzS59UwmrTSzpKA==/com.android.vending-IMslakrYRRDg_NC5p6amtg==/split_phonesky_data_loader.apk' with 1 weak references
2025-12-07 16:02:28.249  3204-3217  ndroid.systemui         pid-3204                             W  ApkAssets: Deleting an ApkAssets object '<empty> and /data/app/~~kwxlgpPFzS59UwmrTSzpKA==/com.android.vending-IMslakrYRRDg_NC5p6amtg==/split_phonesky_data_loader.config.arm64_v8a.apk' with 1 weak references
2025-12-07 16:02:28.249  3204-3217  ndroid.systemui         pid-3204                             W  ApkAssets: Deleting an ApkAssets object '<empty> and /data/app/~~kwxlgpPFzS59UwmrTSzpKA==/com.android.vending-IMslakrYRRDg_NC5p6amtg==/split_phonesky_webrtc_native_lib.apk' with 1 weak references
2025-12-07 16:02:28.249  3204-3217  ndroid.systemui         pid-3204                             W  ApkAssets: Deleting an ApkAssets object '<empty> and /data/app/~~kwxlgpPFzS59UwmrTSzpKA==/com.android.vending-IMslakrYRRDg_NC5p6amtg==/split_phonesky_webrtc_native_lib.config.arm64_v8a.apk' with 1 weak references
2025-12-07 16:02:28.250  3204-3217  System                  pid-3204                             W  A resource failed to call release. 
2025-12-07 16:02:28.250  3204-3217  System                  pid-3204                             W  A resource failed to call release. 
2025-12-07 16:02:28.250  3204-3217  System                  pid-3204                             W  A resource failed to call release. 
2025-12-07 16:02:28.250  3204-3217  System                  pid-3204                             W  A resource failed to call release. 
2025-12-07 16:02:28.250  3204-3217  System                  pid-3204                             W  A resource failed to call release. 
2025-12-07 16:02:28.250  3204-3217  System                  pid-3204                             W  A resource failed to call release. 
2025-12-07 16:02:28.250  3204-3217  ndroid.systemui         pid-3204                             W  ApkAssets: Deleting an ApkAssets object '<empty> and /system_ext/priv-app/TranSettingsApk/TranSettingsApk.apk' with 2 weak references
2025-12-07 16:02:28.250  3204-3217  ndroid.systemui         pid-3204                             W  ApkAssets: Deleting an ApkAssets object '/vendor/overlay/MtkSettingsResOverlay/MtkSettingsResOverlay.apk' with 2 weak references
2025-12-07 16:02:28.251  3204-3217  ndroid.systemui         pid-3204                             W  ApkAssets: Deleting an ApkAssets object '/product/overlay/TranSettingsApkResOverlay/TranSettingsApkResOverlay.apk' with 2 weak references
2025-12-07 16:02:28.251  1008-2046  SurfaceFlinger          pid-1008                             D  [SF client] REMOVE (0xb40000793b005fe0) for (3204:com.android.systemui)
2025-12-07 16:02:28.251  1008-2046  SurfaceFlinger          pid-1008                             D  [SF client] REMOVE (0xb40000793b04da40) for (3204:com.android.systemui)
2025-12-07 16:02:28.251  3204-3217  System                  pid-3204                             W  A resource failed to call release. 
2025-12-07 16:02:28.251  3204-3217  System                  pid-3204                             W  A resource failed to call release. 
2025-12-07 16:02:28.251  1008-1075  SurfaceFlinger          pid-1008                             D  [SF client] REMOVE (0xb40000793b013d80) for (3204:com.android.systemui)
2025-12-07 16:02:28.251  3204-3217  System                  pid-3204                             W  A resource failed to call release. 
2025-12-07 16:02:28.251  3204-3217  System                  pid-3204                             W  A resource failed to call release. 
2025-12-07 16:02:28.252  3204-3217  System                  pid-3204                             W  A resource failed to call release. 
2025-12-07 16:02:28.252  3204-3217  System                  pid-3204                             W  A resource failed to call release. 
2025-12-07 16:02:28.252  3204-3217  System                  pid-3204                             W  A resource failed to call release. 
2025-12-07 16:02:28.252  3204-3217  System                  pid-3204                             W  A resource failed to call release. 
2025-12-07 16:02:28.252  3204-3217  MediaPlayer             pid-3204                             D  finalize() native_finalize called
2025-12-07 16:02:28.252  3204-3217  MediaPlayer             pid-3204                             D  finalize() native_finalize finished
2025-12-07 16:02:28.253  3204-3217  System                  pid-3204                             W  A resource failed to call release. 
2025-12-07 16:02:28.253  3204-3217  System                  pid-3204                             W  A resource failed to call release. 
2025-12-07 16:02:28.253  3204-3217  System                  pid-3204                             W  A resource failed to call release. 
2025-12-07 16:02:28.253  3204-3217  System                  pid-3204                             W  A resource failed to call release. 
2025-12-07 16:02:28.253  3204-3217  System                  pid-3204                             W  A resource failed to call release. 
2025-12-07 16:02:28.253  3204-3217  MediaPlayer             pid-3204                             D  finalize() native_finalize called
2025-12-07 16:02:28.253  3204-3217  MediaPlayer             pid-3204                             D  finalize() native_finalize finished
2025-12-07 16:02:28.256  1008-1075  SurfaceFlinger          pid-1008                             D  [SF client] REMOVE (0xb40000793b033220) for (3204:com.android.systemui)
2025-12-07 16:02:28.256  3204-3217  System                  pid-3204                             W  A resource failed to call release. 
2025-12-07 16:02:28.256  3204-3217  System                  pid-3204                             W  A resource failed to call release. 
2025-12-07 16:02:28.257  3588-3674  TrRectFSpringAnim       pid-3588                             D  onUpdate: RectF(519.2019, 738.7146, 560.7981, 780.24994) Radius 12.0 alpha 0.0
2025-12-07 16:02:28.258  3588-3674  AsyncThreadAnimImpl     pid-3588                             I  record com.android.launcher3.views.AsyncImageView, prop: 4, value: 5.9604645E-8
2025-12-07 16:02:28.258  3204-3217  System                  pid-3204                             W  A resource failed to call release. 
2025-12-07 16:02:28.258  3204-3217  System                  pid-3204                             W  A resource failed to call release. 
2025-12-07 16:02:28.258  3204-3217  System                  pid-3204                             W  A resource failed to call release. 
2025-12-07 16:02:28.258  3204-3217  System                  pid-3204                             W  A resource failed to call release. 
2025-12-07 16:02:28.258  3204-3217  System                  pid-3204                             W  A resource failed to call release. 
2025-12-07 16:02:28.265  3588-3674  TrRectFSpringAnim       pid-3588                             D  onUpdate: RectF(519.3132, 738.8929, 560.6868, 780.2105) Radius 12.0 alpha 0.0
2025-12-07 16:02:28.265  3588-3674  AsyncThreadAnimImpl     pid-3588                             I  record com.android.launcher3.views.AsyncImageView, prop: 4, value: 3.7252903E-8
2025-12-07 16:02:28.267  1561-1696  ApplicationHelper       pid-1561                             E  Fail to get PackageManager
2025-12-07 16:02:28.267  1561-1696  ApplicationHelper       pid-1561                             E  Fail to get PackageManager
2025-12-07 16:02:28.271  1561-1696  ApplicationHelper       pid-1561                             E  Fail to get PackageManager
2025-12-07 16:02:28.271  1561-1696  ApplicationHelper       pid-1561                             E  Fail to get PackageManager
2025-12-07 16:02:28.271 13981-20640 Icing                   pid-13981                            I  IndexChimeraService.getServiceInterface callingPackage=com.google.android.googlequicksearchbox componentName=agsa_icing_connection serviceId=32
2025-12-07 16:02:28.274  3588-3674  TrRectFSpringAnim       pid-3588                             D  onUpdate: RectF(519.40936, 739.0471, 560.59064, 780.1771) Radius 12.0 alpha 0.0
2025-12-07 16:02:28.274  3588-3674  AsyncThreadAnimImpl     pid-3588                             I  record com.android.launcher3.views.AsyncImageView, prop: 4, value: 1.4901161E-8
2025-12-07 16:02:28.276 13981-20639 Icing                   pid-13981                            I  IndexChimeraService.getServiceInterface callingPackage=com.google.android.googlequicksearchbox componentName=agsa_icing_connection serviceId=33
2025-12-07 16:02:28.282  3588-3674  TrRectFSpringAnim       pid-3588                             D  onUpdate: RectF(519.4925, 739.1806, 560.5075, 780.1489) Radius 12.0 alpha 0.0
2025-12-07 16:02:28.282  3588-3674  AsyncThreadAnimImpl     pid-3588                             I  record com.android.launcher3.views.AsyncImageView, prop: 4, value: 0.0
2025-12-07 16:02:28.287  3204-3748  VersionsUtils           pid-3204                             I   getVersion mCurrentVersion 20202088
2025-12-07 16:02:28.287  3204-3748  IslandManager           pid-3204                             I  checkIslandPermission result true granted 1
2025-12-07 16:02:28.287  3204-3748  IslandManager           pid-3204                             W  cancel islandId 10006 not exist in mIslandIdsSet
2025-12-07 16:02:28.290  3588-3674  TrRectFSpringAnim       pid-3588                             D  onUpdate: RectF(519.5644, 740.0, 560.4356, 780.8289) Radius 12.0 alpha 0.0
2025-12-07 16:02:28.290  3588-3674  AsyncThreadAnimImpl     pid-3588                             I  record com.android.launcher3.views.AsyncImageView, prop: 4, value: -1.4901161E-8
2025-12-07 16:02:28.294  1561-1696  ApplicationHelper       pid-1561                             E  Fail to get PackageManager
2025-12-07 16:02:28.294  1561-1696  ApplicationHelper       pid-1561                             E  Fail to get PackageManager
2025-12-07 16:02:28.296  1561-1696  ApplicationHelper       pid-1561                             E  Fail to get PackageManager
2025-12-07 16:02:28.297  5638-17648 TAG_AppListProvider     pid-5638                             D  2 sql SELECT DISTINCT network_acceleration FROM t_game_settings WHERE package_name=?
2025-12-07 16:02:28.297 13981-13981 BoundBrokerSvc          pid-13981                            D  onBind: Intent { act=com.google.android.gms.feedback.internal.IFeedbackService dat=chimera-action:/... cmp=com.google.android.gms/.chimera.GmsBoundBrokerService }
2025-12-07 16:02:28.297 13981-13981 BoundBrokerSvc          pid-13981                            D  Loading bound service for intent: Intent { act=com.google.android.gms.feedback.internal.IFeedbackService dat=chimera-action:/... cmp=com.google.android.gms/.chimera.GmsBoundBrokerService }
2025-12-07 16:02:28.299  3588-3674  TrRectFSpringAnim       pid-3588                             D  onUpdate: RectF(520.0, 740.0, 560.0, 779.9625) Radius 12.0 alpha 0.0
2025-12-07 16:02:28.299  3588-3674  AsyncThreadAnimImpl     pid-3588                             I  record com.android.launcher3.views.AsyncImageView, prop: 4, value: 0.0
2025-12-07 16:02:28.300 13981-17851 Icing                   pid-13981                            I  Usage reports ok 0, Failed Usage reports 0, indexed 0, rejected 0
2025-12-07 16:02:28.301  1561-1696  ApplicationHelper       pid-1561                             E  Fail to get PackageManager
2025-12-07 16:02:28.301  1561-1696  ApplicationHelper       pid-1561                             E  Fail to get PackageManager
2025-12-07 16:02:28.306   959-1051  mtkpower@impl           pid-959                              I  [powerd_req] TIMER_MSG_PERF_LOCK_TIMEOUT hdl:1994
2025-12-07 16:02:28.307  3588-3674  TrRectFSpringAnim       pid-3588                             D  onUpdate: RectF(520.0, 740.0, 560.0, 779.96625) Radius 12.0 alpha 0.0
2025-12-07 16:02:28.307  3588-3674  AsyncThreadAnimImpl     pid-3588                             I  record com.android.launcher3.views.AsyncImageView, prop: 4, value: 0.0
2025-12-07 16:02:28.309 13981-17851 Icing                   pid-13981                            I  Usage reports ok 0, Failed Usage reports 0, indexed 0, rejected 0
2025-12-07 16:02:28.315  3588-3674  TrRectFSpringAnim       pid-3588                             D  onUpdate: RectF(520.0, 740.0, 560.0, 779.9698) Radius 12.0 alpha 0.0
2025-12-07 16:02:28.316  3588-3674  AsyncThreadAnimImpl     pid-3588                             I  record com.android.launcher3.views.AsyncImageView, prop: 4, value: 0.0
2025-12-07 16:02:28.317  1561-1696  ApplicationHelper       pid-1561                             E  Fail to get PackageManager
2025-12-07 16:02:28.317  1561-1696  ApplicationHelper       pid-1561                             E  Fail to get PackageManager
2025-12-07 16:02:28.320  1561-1696  ApplicationHelper       pid-1561                             E  Fail to get PackageManager
2025-12-07 16:02:28.320  1561-1696  ApplicationHelper       pid-1561                             E  Fail to get PackageManager
2025-12-07 16:02:28.322 13981-20640 Icing                   pid-13981                            I  IndexChimeraService.getServiceInterface callingPackage=com.google.android.gms componentName=null serviceId=30
2025-12-07 16:02:28.324  3588-3674  TrRectFSpringAnim       pid-3588                             D  onUpdate: RectF(520.0, 740.0, 560.0, 780.0) Radius 12.0 alpha 0.0
2025-12-07 16:02:28.324  3588-3674  AsyncThreadAnimImpl     pid-3588                             I  record com.android.launcher3.views.AsyncImageView, prop: 4, value: 0.0
2025-12-07 16:02:28.324  3588-3674  RectFSpringAnim         pid-3588                             I  mayOnEnd
2025-12-07 16:02:28.324  3588-3588  BaseLaunch...eUpHandler pid-3588                             D  onAnimationSuccess: 
2025-12-07 16:02:28.325  3588-3588  TrLauncher              pid-3588                             D  onStateSetEnd: Normal
2025-12-07 16:02:28.325  3588-3588  TrFolderCore            pid-3588                             I  onStateTransitionComplete:[Normal]
2025-12-07 16:02:28.325  3588-3588  PreviewSta...ionHandler pid-3588                             D  onStateTransitionComplete: Normal  from Normal
2025-12-07 16:02:28.326  3588-3588  BaseLaunch...eUpHandler pid-3588                             D  onAnimationSuccess: com.android.quickstep.RecentsAnimationController@f07f621  callers:com.android.launcher3.anim.AnimationSuccessListener.onAnimationEnd:4 com.android.launcher3.animation.TrRectFSpringAnim.v:19 m4.a.run:8 android.os.Handler.handleCallback:959 android.os.Handler.dispatchMessage:100 android.os.Looper.loopOnce:311 android.os.Looper.loop:408 android.app.ActivityThread.main:9119 java.lang.reflect.Method.invoke:-2 com.android.internal.os.RuntimeInit$MethodAndArgsCaller.run:627 com.android.internal.os.ZygoteInit.main:970 <bottom of call stack> 
2025-12-07 16:02:28.326  3588-3588  StatsLog                pid-3588                             I  LAUNCHER_HOME_GESTURE
2025-12-07 16:02:28.327  3204-3257  ShellRecents            pid-3204                             V  [56936997] RecentsController.finishInner: toHome=true userLeave=true willFinishToHome=true state=0
2025-12-07 16:02:28.327  3204-3257  ShellRecents            pid-3204                             V    normal finish
2025-12-07 16:02:28.327  3204-3257  ShellRecents            pid-3204                             V  [56936997] RecentsController.cleanup
2025-12-07 16:02:28.328  3204-3257  ShellTrans..._interrupt pid-3204                             D  finish handler: com.android.wm.shell.recents.RecentsTransitionHandler@71a4466
2025-12-07 16:02:28.328  3204-3257  ShellTrans..._interrupt pid-3204                             D  onFinish: isLauncherReUseLeash = false
2025-12-07 16:02:28.328  3204-3257  WindowManagerShell      pid-3204                             V  Transition animation finished (aborted=false), notifying core (#91) android.os.BinderProxy@51f87fa@0
2025-12-07 16:02:28.328  3204-3257  ShellTransitions        pid-3204                             D  Applied finish transaction
2025-12-07 16:02:28.328  3204-3257  ShellTrans..._interrupt pid-3204                             D  onFinish finish apply
2025-12-07 16:02:28.329  1561-1646  WindowOrga...Controller pid-1561                             D  WCT isInterrupt: false
2025-12-07 16:02:28.330  1205-1205  uas-service             pid-1205                             D  set scene=0x80000004 success
2025-12-07 16:02:28.330  1561-2984  AudioSystem             pid-1561                             D  +setParameters(): app_in_recents=true 
2025-12-07 16:02:28.331  1561-1646  WindowManager           pid-1561                             I    isAnimating=false  okToAnimate=true  win=Window{6552ddf u0 com.cdccreditsmart.app/com.cdccreditsmart.app.presentation.MainActivity}
2025-12-07 16:02:28.331  1561-1695  WindowManager           pid-1561                             V  Finish Transition (#91): created at 12-07 16:02:27.688 collect-started=0.233ms started=0.28ms ready=12.354ms sent=68.348ms finished=641.412ms
2025-12-07 16:02:28.332   993-993   AudioFlinger            pid-993                              I  setParameters: filtered keyvalue app_in_recents=true
2025-12-07 16:02:28.332   993-993   AudioFlinger            pid-993                              I  +mAudioHwDevs(primary)->setParameters(): app_in_recents=true
2025-12-07 16:02:28.332   918-918   AudioALSAHardware       pid-918                              D  +setParameters(): app_in_recents=true
2025-12-07 16:02:28.332  1561-1797  mtkpower_client         pid-1561                             I  perf_lock_rel, hdl:1985, tid:1797
2025-12-07 16:02:28.332   918-918   AudioALSAHardware       pid-918                              D  -setParameters(): app_in_recents=true
2025-12-07 16:02:28.333   993-993   AudioFlinger            pid-993                              I  -mAudioHwDevs(primary)->setParameters(): app_in_recents=true
2025-12-07 16:02:28.333   993-993   AudioFlinger            pid-993                              I  +mAudioHwDevs(bluetooth)->setParameters(): app_in_recents=true
2025-12-07 16:02:28.333   959-1051  libPowerHal             pid-959                              I  [unsetGPUFreq] current min:0, max:0; scn_gpu_min:0, scn_gpu_max:-1; scn_gpu_min(HL):-1, scn_gpu_max(HL):-1
2025-12-07 16:02:28.333   959-1051  libPowerHal             pid-959                              I  [setGPUFreq] Soft min/max = (0, 0); Hard min/max = (44, 0)
2025-12-07 16:02:28.333   959-1051  libPowerHal             pid-959                              I  [setGPUFreq] final min/max = (0, 0)
2025-12-07 16:02:28.333   959-1051  libPowerHal             pid-959                              I  MTKPOWER_HINT_LAUNCHER_ANIMA: set gpu opp level: 0
2025-12-07 16:02:28.333   959-1051  libPowerHal             pid-959                              I  MTKPOWER_HINT_LAUNCHER_ANIMA: set gpu opp level max: 0
2025-12-07 16:02:28.333   993-993   AudioFlinger            pid-993                              I  -mAudioHwDevs(bluetooth)->setParameters(): app_in_recents=true
2025-12-07 16:02:28.333   993-993   AudioFlinger            pid-993                              I  +mAudioHwDevs(usb)->setParameters(): app_in_recents=true
2025-12-07 16:02:28.333   959-971   mtkpower@impl           pid-959                              I  [setMode] type:5, enabled:0
2025-12-07 16:02:28.334   993-993   AudioFlinger            pid-993                              I  -mAudioHwDevs(usb)->setParameters(): app_in_recents=true
2025-12-07 16:02:28.334   993-993   AudioFlinger            pid-993                              I  +mAudioHwDevs(r_submix)->setParameters(): app_in_recents=true
2025-12-07 16:02:28.334   993-993   AudioFlinger            pid-993                              I  -mAudioHwDevs(r_submix)->setParameters(): app_in_recents=true
2025-12-07 16:02:28.334  1561-1646  MagellanHandle          pid-1561                             D  updateRefreshRateForSceneVsyncs what = 21
2025-12-07 16:02:28.334   993-993   TranFlinger             pid-993                              E  setPareters is is 0
2025-12-07 16:02:28.334   959-1051  libPowerHal             pid-959                              I  [thermal ux] update cluster0 to freqToSet:1800000 maxToSet:2000000
2025-12-07 16:02:28.334   993-993   TranFlinger             pid-993                              D  Audioflinger app_in_recents = true
2025-12-07 16:02:28.334   993-993   TranFlinger             pid-993                              D  Audioflinger app_in_recents  is 1
2025-12-07 16:02:28.335  3204-3257  ShellEventHandler       pid-3204                             D  onTransitionFinished TO_FRONT token=android.os.BinderProxy@51f87fa
2025-12-07 16:02:28.335  3204-3257  WindowManagerShell      pid-3204                             V  Track 0 became idle
2025-12-07 16:02:28.335  3204-3257  WindowManagerShell      pid-3204                             V  All active transition animations finished
2025-12-07 16:02:28.335  3204-3257  ShellRecents            pid-3204                             V  [56936997] RecentsController.finishInner: calling finish callback
2025-12-07 16:02:28.336  3588-3588  TrWorkSpace             pid-3588                             W  setAlpha: 1.0
2025-12-07 16:02:28.336  3588-3588  TrFolderCore            pid-3588                             I  folderToState changed:[Normal] ====> Normal, false,false
2025-12-07 16:02:28.336  3588-3588  TrGaussianBlurStateCont pid-3588                             I  setState toState: Normal, currentState =Normal, currentStableState = Normal, currentBlurState = DESKTOP
2025-12-07 16:02:28.336  1561-1646  SettingsProvider        pid-1561                             V  name : launcher_static_window_anim appId : 10169
2025-12-07 16:02:28.336  3588-3588  BaseLaunch...eUpHandler pid-3588                             D  endRunningWindowAnim: false  com.android.quickstep.AbsSwipeUpHandler.invalidateHandler:37 com.android.quickstep.AbsSwipeUpHandler.T:0 com.android.quickstep.u0.run:52 com.android.quickstep.MultiStateCallback.setState:82 com.android.quickstep.MultiStateCallback.setStateOnUiThread:10 com.android.quickstep.AbsSwipeUpHandler.reset:9 com.android.quickstep.u0.run:72 com.android.quickstep.MultiStateCallback.setState:82 com.android.quickstep.MultiStateCallback.setStateOnUiThread:10 com.android.quickstep.AbsSwipeUpHandler.lambda$finishCurrentTransitionToHome$36:23 com.android.quickstep.AbsSwipeUpHandler.u:0 com.android.quickstep.d.run:60 
2025-12-07 16:02:28.336  3588-3588  ActivityTracker         pid-3588                             D  Unregistering callback: com.android.launcher3.LauncherInitListener, reason=AbsSwipeUpHandler.invalidateHandler
2025-12-07 16:02:28.336   959-1051  libPowerHal             pid-959                              I  [thermal ux] update cluster1 to freqToSet:2000000 maxToSet:2200000
2025-12-07 16:02:28.336  1561-1646  SettingsProvider        pid-1561                             V  Package name : com.transsion.XOSLauncher privateFlags : -1402990328
2025-12-07 16:02:28.336  1561-1698  PowerHalWrapper         pid-1561                             I  amsBoostNotify pid:13166,activity:com.cdccreditsmart.app.presentation.MainActivity, package:com.cdccreditsmart.app, mProcessCreatePackcom.transsion.phoenix 
2025-12-07 16:02:28.336  1561-1698  PowerHalWrapper         pid-1561                             I  state: 0 
2025-12-07 16:02:28.336   959-1051  libPowerHal             pid-959                              I  [setClusterFreq] LAUNCH: sysfs_freq set cpu freq: 1800000 -1 2000000 -1 
2025-12-07 16:02:28.337   959-1051  libPowerHal             pid-959                              I  [unsetGPUFreq] current min:0, max:0; scn_gpu_min:0, scn_gpu_max:-1; scn_gpu_min(HL):-1, scn_gpu_max(HL):-1
2025-12-07 16:02:28.337   959-1051  libPowerHal             pid-959                              I  LAUNCH: set gpu opp level: 15
2025-12-07 16:02:28.337   959-1051  libPowerHal             pid-959                              I  LAUNCH: set gpu opp level max: 0
2025-12-07 16:02:28.337   959-1051  libPowerHal             pid-959                              I  [setGPUFreq] Soft min/max = (15, 0); Hard min/max = (44, 0)
2025-12-07 16:02:28.337   959-1051  libPowerHal             pid-959                              I  [setGPUFreq] final min/max = (15, 0)
2025-12-07 16:02:28.337   959-1051  libPowerHal             pid-959                              I  LAUNCH: set gpu opp level: 15
2025-12-07 16:02:28.337   959-1051  libPowerHal             pid-959                              I  LAUNCH: set gpu opp level max: 0
2025-12-07 16:02:28.337   959-1051  libPowerHal             pid-959                              I  [PD] LAUNCH update cmd:1408700, param:100
2025-12-07 16:02:28.337  1561-1870  Process                 pid-1561                             I  String at 0: 0x793e2b0601 = SFMainPolicy
2025-12-07 16:02:28.338  1561-1870  Process                 pid-1561                             I  String at 0: 0x793e2b0601 = SFRenderEnginePolicy
2025-12-07 16:02:28.338  1561-1870  TranCPUBooster          pid-1561                             D  [setAffinity] Pid:5638 mask:0-7
2025-12-07 16:02:28.338  1561-1698  ScnModule               pid-1561                             I  [GameDetection] packname: com.cdccreditsmart.app, apkSize: 87666866. 
2025-12-07 16:02:28.338  1561-1698  mtkpower_client         pid-1561                             I  [PowerHal_Wrap_notifyAppState] com.cdccreditsmart.app/com.cdccreditsmart.app.presentation.MainActivity pid=13166 activityId:22738209 state:0
2025-12-07 16:02:28.338  1561-1698  mtkpower_client         pid-1561                             I  [Legacy][PowerHal_Wrap_notifyAppState] com.cdccreditsmart.app/com.cdccreditsmart.app.presentation.MainActivity pid=13166 state:22738209
2025-12-07 16:02:28.339  1561-1870  Hiber/fastState         pid-1561                             I  do fastUnfreeze reason=cpuboost delay=0
2025-12-07 16:02:28.339   959-1051  libPowerHal             pid-959                              I  [PD] LAUNCH update cmd:1000000 param:2
2025-12-07 16:02:28.340 13166-13166 VRI[MainActivity]       pid-13166                            D  visibilityChanged oldVisibility=true newVisibility=false
2025-12-07 16:02:28.341  1561-1698  PowerHalWrapper         pid-1561                             I  amsBoostNotify AMS_BOOST_PROCESS_CREATE_BOOST:false 
2025-12-07 16:02:28.341  1561-1698  MagellanHandle          pid-1561                             D  updateRefreshRateForSceneVsyncs what = 23
2025-12-07 16:02:28.342  1561-3822  Hiber/fastState         pid-1561                             I  fastUnFreeze reason=cpuboost size=8 uids=[10066, 10099, 10107, 10165, 10185, 10210, 10227, 10230] about costTime=2ms
2025-12-07 16:02:28.342  1561-1698  WindowManager           pid-1561                             V  Unknown focus tokens, dropping reportFocusChanged
2025-12-07 16:02:28.342   959-1051  libPowerHal             pid-959                              I  [perfNotifyAppState] pack:com.cdccreditsmart.app, act:com.cdccreditsmart.app.presentation.MainActivity, state:0, pid:13166, uid:10287, fps:-1
2025-12-07 16:02:28.342  5638-5638  SmartPanelRepository    pid-5638                             I  hasLoadData true  data size = 12
2025-12-07 16:02:28.343  5638-15720 ScenesManager           pid-5638                             I  put createTaskId 
2025-12-07 16:02:28.344  1561-4544  UserManagerService      pid-1561                             W  Requested status bar icon for non-badged user 0
2025-12-07 16:02:28.345  5638-5638  SceneController         pid-5638                             D  checkCanShow canShow: true  changed false 
2025-12-07 16:02:28.346  1561-3032  system_server           pid-1561                             E  == MALI DEBUG ===eglp_winsys_populate_image_templates ==12288
2025-12-07 16:02:28.349  1561-1699  SurfaceComposerClient   pid-1561                             D  Transaction::apply InputWindowCommands.focusRequests timestamp=1078859976986, windowName=b88e622 com.transsion.XOSLauncher/com.android.launcher3.uioverrides.QuickstepLauncher
2025-12-07 16:02:28.352  1561-1696  ApplicationHelper       pid-1561                             E  Fail to get PackageManager
2025-12-07 16:02:28.353  1561-1696  ApplicationHelper       pid-1561                             E  Fail to get PackageManager
2025-12-07 16:02:28.353  1561-1696  ApplicationHelper       pid-1561                             E  Fail to get PackageManager
2025-12-07 16:02:28.353  1561-1696  ApplicationHelper       pid-1561                             E  Fail to get PackageManager
2025-12-07 16:02:28.353  1561-1696  ApplicationHelper       pid-1561                             E  Fail to get PackageManager
2025-12-07 16:02:28.353  1561-1696  ApplicationHelper       pid-1561                             E  Fail to get PackageManager
2025-12-07 16:02:28.353  1561-1696  ApplicationHelper       pid-1561                             E  Fail to get PackageManager
2025-12-07 16:02:28.353  1561-1696  ApplicationHelper       pid-1561                             E  Fail to get PackageManager
2025-12-07 16:02:28.353  1561-1696  ApplicationHelper       pid-1561                             E  Fail to get PackageManager
2025-12-07 16:02:28.353  1561-1696  ApplicationHelper       pid-1561                             E  Fail to get PackageManager
2025-12-07 16:02:28.355  1561-1696  ApplicationHelper       pid-1561                             E  Fail to get PackageManager
2025-12-07 16:02:28.355  1561-1696  ApplicationHelper       pid-1561                             E  Fail to get PackageManager
2025-12-07 16:02:28.355  1561-1696  ApplicationHelper       pid-1561                             E  Fail to get PackageManager
2025-12-07 16:02:28.355  1561-1696  ApplicationHelper       pid-1561                             E  Fail to get PackageManager
2025-12-07 16:02:28.355  1561-1696  ApplicationHelper       pid-1561                             E  Fail to get PackageManager
2025-12-07 16:02:28.355  1561-1696  ApplicationHelper       pid-1561                             E  Fail to get PackageManager
2025-12-07 16:02:28.355  1561-1696  ApplicationHelper       pid-1561                             E  Fail to get PackageManager
2025-12-07 16:02:28.355  1561-4544  UserManagerService      pid-1561                             W  Requested status bar icon for non-badged user 0
2025-12-07 16:02:28.355  1561-1696  ApplicationHelper       pid-1561                             E  Fail to get PackageManager
2025-12-07 16:02:28.355  1561-1696  ApplicationHelper       pid-1561                             E  Fail to get PackageManager
2025-12-07 16:02:28.358  1561-2013  JobScheduler.JobStatus  pid-1561                             W  Exempted app com.android.vending considered buggy
2025-12-07 16:02:28.358  1561-2013  JobScheduler.JobStatus  pid-1561                             W  Exempted app com.android.vending considered buggy
2025-12-07 16:02:28.358  1561-2013  JobScheduler.JobStatus  pid-1561                             W  Exempted app com.android.vending considered buggy
2025-12-07 16:02:28.358  1561-2013  JobScheduler.JobStatus  pid-1561                             W  Exempted app com.android.vending considered buggy
2025-12-07 16:02:28.360  1561-2013  JobScheduler.JobStatus  pid-1561                             W  Exempted app com.android.vending considered buggy
2025-12-07 16:02:28.361  5638-15720 THubApi                 pid-5638                             D  getWindowingMode TaskInfo{userId=0 taskId=10 displayId=0 isRunning=true baseIntent=Intent { act=android.intent.action.MAIN cat=[android.intent.category.HOME] flg=0x13a08000 cmp=com.transsion.XOSLauncher/com.android.launcher3.uioverrides.QuickstepLauncher } baseActivity=ComponentInfo{com.transsion.XOSLauncher/com.android.launcher3.uioverrides.QuickstepLauncher} topActivity=ComponentInfo{com.transsion.XOSLauncher/com.android.launcher3.uioverrides.QuickstepLauncher} origActivity=null realActivity=ComponentInfo{com.transsion.XOSLauncher/com.android.launcher3.uioverrides.QuickstepLauncher} numActivities=1 lastActiveTime=1078874 supportsMultiWindow=false resizeMode=2 isResizeable=true minWidth=-1 minHeight=-1 defaultMinSize=110 token=WCT{android.window.IWindowContainerToken$Stub$Proxy@eb3628e} topActivityType=2 pictureInPictureParams=null shouldDockBigOverlays=false launchIntoPipHostTaskId=-1 lastParentTaskIdBeforePip=-1 displayCutoutSafeInsets=null topActivityInfo=ActivityInfo{23c6aaf com.android.launcher3.uioverrides.QuickstepLauncher} launchCookies=[] positionInParent=Point(0, 0) parentTaskId=-1 isFocused=true isVisible=true isVisibleRequested=true isSleeping=false locusId=LocusId[17_chars] displayAreaFeatureId=1 isTopActivityTransparent=false appCompatTaskInfo=AppCompatTaskInfo { topActivityInSizeCompat=false topActivityEligibleForLetterboxEducation= falseisLetterboxEducationEnabled= false isLetterboxDoubleTapEnabled= false topActivityEligibleForUserAspectRatioButton= false topActivityBoundsLetterboxed= false isFromLetterboxDoubleTap= false topActivityLetterboxVerticalPosition= -1 topActivityLetterboxHorizontalPosition= -1 topActivityLetterboxWidth=1080 topActivityLetterboxHeight=2436 isUserFullscreenOverrideEnabled=false isSystemFullscreenOverrideEnabled=false cameraCompatTaskInfo=CameraCompatTaskInfo { cameraCompatControlState=hidden freeformCameraCompatMode=inactive}}}
2025-12-07 16:02:28.360  1561-2013  JobScheduler.JobStatus  pid-1561                             W  Exempted app com.android.vending considered buggy
2025-12-07 16:02:28.362  1561-2013  JobScheduler.JobStatus  pid-1561                             W  Exempted app com.android.vending considered buggy
2025-12-07 16:02:28.362  1561-2013  JobScheduler.JobStatus  pid-1561                             W  Exempted app com.android.vending considered buggy
2025-12-07 16:02:28.362  1561-2013  JobScheduler.JobStatus  pid-1561                             W  Exempted app com.android.vending considered buggy
2025-12-07 16:02:28.362  1561-2013  JobScheduler.JobStatus  pid-1561                             W  Exempted app com.android.vending considered buggy
2025-12-07 16:02:28.362  1561-2013  JobScheduler.JobStatus  pid-1561                             W  Exempted app com.android.vending considered buggy
2025-12-07 16:02:28.362  1561-2013  JobScheduler.JobStatus  pid-1561                             W  Exempted app com.android.vending considered buggy
2025-12-07 16:02:28.362  1561-2013  JobScheduler.JobStatus  pid-1561                             W  Exempted app com.android.vending considered buggy
2025-12-07 16:02:28.362  1561-2013  JobScheduler.JobStatus  pid-1561                             W  Exempted app com.android.vending considered buggy
2025-12-07 16:02:28.362  1561-2013  JobScheduler.JobStatus  pid-1561                             W  Exempted app com.android.vending considered buggy
2025-12-07 16:02:28.362  1561-2013  JobScheduler.JobStatus  pid-1561                             W  Exempted app com.android.vending considered buggy
2025-12-07 16:02:28.362  1561-2013  JobScheduler.JobStatus  pid-1561                             W  Exempted app com.android.vending considered buggy
2025-12-07 16:02:28.362  1561-2013  JobScheduler.JobStatus  pid-1561                             W  Exempted app com.android.vending considered buggy
2025-12-07 16:02:28.362  1561-2013  JobScheduler.JobStatus  pid-1561                             W  Exempted app com.android.vending considered buggy
2025-12-07 16:02:28.362  1561-2013  JobScheduler.JobStatus  pid-1561                             W  Exempted app com.android.vending considered buggy
2025-12-07 16:02:28.362  1561-2013  JobScheduler.JobStatus  pid-1561                             W  Exempted app com.android.vending considered buggy
2025-12-07 16:02:28.362  1561-2013  JobScheduler.JobStatus  pid-1561                             W  Exempted app com.android.vending considered buggy
2025-12-07 16:02:28.362  1561-2013  JobScheduler.JobStatus  pid-1561                             W  Exempted app com.android.vending considered buggy
2025-12-07 16:02:28.362  1561-2013  JobScheduler.JobStatus  pid-1561                             W  Exempted app com.android.vending considered buggy
2025-12-07 16:02:28.363  4591-4591  Hoffnung                pid-4591                             I  Universal onReceive action = android.intent.action.CLOSE_SYSTEM_DIALOGS
2025-12-07 16:02:28.362  1561-2013  JobScheduler.JobStatus  pid-1561                             W  Exempted app com.android.vending considered buggy
2025-12-07 16:02:28.364  1561-1698  DisplayDeviceRepository pid-1561                             I  Display device changed: DisplayDeviceInfo{"Built-in Screen": uniqueId="local:0", 1080 x 2436, modeId 1, renderFrameRate 120.00001, defaultModeId 1, userPreferredModeId -1, supportedModes [{id=1, width=1080, height=2436, fps=120.00001, vsync=120.00001, synthetic=false, alternativeRefreshRates=[60.0], supportedHdrTypes=[]}, {id=2, width=1080, height=2436, fps=60.0, vsync=60.0, synthetic=false, alternativeRefreshRates=[120.00001], supportedHdrTypes=[]}], colorMode 0, supportedColorModes [0, 7, 9], hdrCapabilities HdrCapabilities{mSupportedHdrTypes=[], mMaxLuminance=500.0, mMaxAverageLuminance=500.0, mMinLuminance=0.0}, allmSupported false, gameContentTypeSupported false, density 440, 392.783 x 392.828 dpi, appVsyncOff 2399998, presDeadline 11933334, cutout DisplayCutout{insets=Rect(0, 99 - 0, 0) waterfall=Insets{left=0, top=0, right=0, bottom=0} boundingRect={Bounds=[Rect(0, 0 - 0, 0), Rect(474, 0 - 606, 99), Rect(0, 0 - 0, 0), Rect(0, 0 - 0, 0)]} cutoutPathParserInfo={CutoutPathParserInfo{displayWidth=1080 displayHeight=2436 physicalDisplayWidth=1080 physicalDisplayHeight=2436 density={2.75} cutoutSpec={M -24,0 L -24,36 L 24,36 L 24,0 Z @dp} rotation={0} scale={1.0} physicalPixelDisplaySizeRatio={1.0}}} sideOverrides={}}, touch INTERNAL, rotation 0, type INTERNAL, address {port=0}, deviceProductInfo null, state ON, committedState ON, frameRateOverride {uid=1000 frameRateHz=60.000004} {uid=10168 frameRateHz=120.00001} {uid=10169 frameRateHz=120.00001} , brightnessMinimum 0.0, brightnessMaximum 1.0, brightnessDefault 0.2, hdrSdrRatio NaN, FLAG_ALLOWED_TO_BE_DEFAULT_DISPLAY, FLAG_ROTATES_WITH_CONTENT, FLAG_SECURE, FLAG_SUPPORTS_PROTECTED_BUFFERS, FLAG_TRUSTED, installOrientation 0, displayShape DisplayShape{ spec=596679847 displayWidth=1080 displayHeight=2436 physicalPixelDisplaySizeRatio=1.0 rotation=0 offsetX=0 offsetY=0 scale=1.0}}
2025-12-07 16:02:28.364  1561-2013  JobScheduler.JobStatus  pid-1561                             W  Exempted app com.android.vending considered buggy
2025-12-07 16:02:28.364  1561-2013  JobScheduler.JobStatus  pid-1561                             W  Exempted app com.android.vending considered buggy
2025-12-07 16:02:28.364  1561-2013  JobScheduler.JobStatus  pid-1561                             W  Exempted app com.android.vending considered buggy
2025-12-07 16:02:28.364  1561-2013  JobScheduler.JobStatus  pid-1561                             W  Exempted app com.android.vending considered buggy
2025-12-07 16:02:28.364  1561-2013  JobScheduler.JobStatus  pid-1561                             W  Exempted app com.android.vending considered buggy
2025-12-07 16:02:28.364  1561-2013  JobScheduler.JobStatus  pid-1561                             W  Exempted app com.android.vending considered buggy
2025-12-07 16:02:28.364  1561-2013  JobScheduler.JobStatus  pid-1561                             W  Exempted app com.android.vending considered buggy
2025-12-07 16:02:28.366  1561-2013  JobScheduler.JobStatus  pid-1561                             W  Exempted app com.android.vending considered buggy
2025-12-07 16:02:28.367  1561-2013  JobScheduler.JobStatus  pid-1561                             W  Exempted app com.android.vending considered buggy
2025-12-07 16:02:28.367  1561-2013  JobScheduler.JobStatus  pid-1561                             W  Exempted app com.android.vending considered buggy
2025-12-07 16:02:28.367  1561-2013  JobScheduler.JobStatus  pid-1561                             W  Exempted app com.android.vending considered buggy
2025-12-07 16:02:28.367  1561-2013  JobScheduler.JobStatus  pid-1561                             W  Exempted app com.android.vending considered buggy
2025-12-07 16:02:28.367  1561-3176  Hiber/importantScene    pid-1561                             I  widget: packageName=com.transsion.iotcard
2025-12-07 16:02:28.368  1008-1008  SurfaceFlinger          pid-1008                             D  Focus addInputWindowCommands timestamp=1078859976986, windowName=b88e622 com.transsion.XOSLauncher/com.android.launcher3.uioverrides.QuickstepLauncher
2025-12-07 16:02:28.368  1561-3176  Hiber/appStateMachine   pid-1561                             I  uid:10185, pkg=com.transsion.iotcard  can't transition from R to F ,importantcase is : widget
2025-12-07 16:02:28.368 13833-13833 Hoffnung                pid-13833                            I  Universal onReceive action = android.intent.action.CLOSE_SYSTEM_DIALOGS
2025-12-07 16:02:28.368  1008-1008  SurfaceFlinger          pid-1008                             I  onHandleDestroyed: name=2f09d46 ActivityRecordInputSink com.cdccreditsmart.app/.presentation.MainActivity#1216, layerId=1216, parentId=0
2025-12-07 16:02:28.369  1561-2013  JobScheduler.JobStatus  pid-1561                             W  Exempted app com.android.vending considered buggy
2025-12-07 16:02:28.369  1561-2013  JobScheduler.JobStatus  pid-1561                             W  Exempted app com.android.vending considered buggy
2025-12-07 16:02:28.369  1561-2013  JobScheduler.JobStatus  pid-1561                             W  Exempted app com.android.vending considered buggy
2025-12-07 16:02:28.369  1561-2013  JobScheduler.JobStatus  pid-1561                             W  Exempted app com.android.vending considered buggy
2025-12-07 16:02:28.369  1561-2013  JobScheduler.JobStatus  pid-1561                             W  Exempted app com.android.vending considered buggy
2025-12-07 16:02:28.369  1561-2013  JobScheduler.JobStatus  pid-1561                             W  Exempted app com.android.vending considered buggy
2025-12-07 16:02:28.369  1561-2013  JobScheduler.JobStatus  pid-1561                             W  Exempted app com.android.vending considered buggy
2025-12-07 16:02:28.369  1561-2013  JobScheduler.JobStatus  pid-1561                             W  Exempted app com.android.vending considered buggy
2025-12-07 16:02:28.369  1561-2013  JobScheduler.JobStatus  pid-1561                             W  Exempted app com.android.vending considered buggy
2025-12-07 16:02:28.369  1561-2013  JobScheduler.JobStatus  pid-1561                             W  Exempted app com.android.vending considered buggy
2025-12-07 16:02:28.369  1561-2013  JobScheduler.JobStatus  pid-1561                             W  Exempted app com.android.vending considered buggy
2025-12-07 16:02:28.369  1561-2013  JobScheduler.JobStatus  pid-1561                             W  Exempted app com.android.vending considered buggy
2025-12-07 16:02:28.369  1561-2013  JobScheduler.JobStatus  pid-1561                             W  Exempted app com.android.vending considered buggy
2025-12-07 16:02:28.369  1561-2013  JobScheduler.JobStatus  pid-1561                             W  Exempted app com.android.vending considered buggy
2025-12-07 16:02:28.369  1561-2013  JobScheduler.JobStatus  pid-1561                             W  Exempted app com.android.vending considered buggy
2025-12-07 16:02:28.369  1561-2013  JobScheduler.JobStatus  pid-1561                             W  Exempted app com.android.vending considered buggy
2025-12-07 16:02:28.369  1561-2013  JobScheduler.JobStatus  pid-1561                             W  Exempted app com.android.vending considered buggy
2025-12-07 16:02:28.369  1561-2013  JobScheduler.JobStatus  pid-1561                             W  Exempted app com.android.vending considered buggy
2025-12-07 16:02:28.369  1561-2013  JobScheduler.JobStatus  pid-1561                             W  Exempted app com.android.vending considered buggy
2025-12-07 16:02:28.369  1561-2013  JobScheduler.JobStatus  pid-1561                             W  Exempted app com.android.vending considered buggy
2025-12-07 16:02:28.370  5638-15720 THubApi                 pid-5638                             I  isTheMainScreen classname: com.android.launcher3.uioverrides.QuickstepLauncher  pkg:com.transsion.XOSLauncher
2025-12-07 16:02:28.371 15726-15726 OpenSafeKeyboardService pid-15726                            D  action: android.intent.action.CLOSE_SYSTEM_DIALOGS
2025-12-07 16:02:28.371  1561-1992  FileUtils               pid-1561                             D  Rounded bytes from 8055648256 to 16000000000
2025-12-07 16:02:28.372 13981-17851 Icing                   pid-13981                            I  Usage reports ok 0, Failed Usage reports 0, indexed 0, rejected 0
