2025-12-09 15:24:42.320 27009-27095 AuthOrchestrator        pid-27009                            D  ðŸ” Verificando autenticaÃ§Ã£o...
2025-12-09 15:24:42.323  1556-2042  EventHub                pid-1556                             D  getevents BTN_TOUCH DOWN
2025-12-09 15:24:42.325   955-975   AppFlingMode            pid-955                              D  [CheckAppFlingHint] 25 com.cdccreditsmart.app 60
2025-12-09 15:24:42.326 27009-27009 TextSelection           pid-27009                            D  onUseCache cache=false
2025-12-09 15:24:42.327  1556-3246  ActivityManager         pid-1556                             I  isUserAMonkey mUserIsMonkey = false
2025-12-09 15:24:42.327  1556-3246  ActivityTaskManager     pid-1556                             I  isControllerAMonkey mController = null,mControllerIsAMonkey = false, mTrueTime = null, mFalseTime = null
2025-12-09 15:24:42.327 22568-22802 TrEdgeBack...ureHandler pid-22568                            D  isWithinTouchRegion: false withinRange:false
2025-12-09 15:24:42.327 22568-22802 TrEdgeBack...ureHandler pid-22568                            D  isWithinTouchRegion: false withinRange:false
2025-12-09 15:24:42.331  4987-4987  TouchSliderConsumer     pid-4987                             D  onInputEvent : ACTION_DOWN
2025-12-09 15:24:42.331  4987-4987  TouchSliderConsumer     pid-4987                             D  consumeTouchEvent : 977.5 1877.5 RectF(1035.0, 294.0, 1083.0, 660.0) 
2025-12-09 15:24:42.333  1210-1245  uas-service             pid-1210                             D  set scene=0x10 success
2025-12-09 15:24:42.348 10229-28668 GmsDebugLogger          pid-10229                            I  [121] advancedprotection,dependency_installer,intrusiondetection
2025-12-09 15:24:42.349 27009-27095 AuthOrchestrator        pid-27009                            D  ðŸŒ Conectividade: ONLINE
2025-12-09 15:24:42.349 27009-27095 AuthOrchestrator        pid-27009                            D  ðŸ”„ ========== AUTO-DISCOVERY INICIADO ==========
2025-12-09 15:24:42.351 27009-27227 SettingsGuardService    pid-27009                            D  ðŸ“‹ Activity check - Full: com.cdccreditsmart.app.presentation.MainActivity, Simple: MainActivity
2025-12-09 15:24:42.355  1556-1656  ApplicationHelper       pid-1556                             E  Fail to get PackageManager
2025-12-09 15:24:42.356   955-976   mtkpower@impl           pid-955                              I  [setMode] type:5, enabled:0
2025-12-09 15:24:42.356   955-1039  libPowerHal             pid-955                              I  [unsetGPUFreq] current min:0, max:0; scn_gpu_min:0, scn_gpu_max:-1; scn_gpu_min(HL):-1, scn_gpu_max(HL):-1
2025-12-09 15:24:42.356   955-1039  libPowerHal             pid-955                              I  LAUNCH: set gpu opp level: 44
2025-12-09 15:24:42.357   955-1039  libPowerHal             pid-955                              I  LAUNCH: set gpu opp level max: 0
2025-12-09 15:24:42.357   955-1039  libPowerHal             pid-955                              I  [setGPUFreq] Soft min/max = (44, 0); Hard min/max = (44, 0)
2025-12-09 15:24:42.357   955-1039  libPowerHal             pid-955                              I  [setGPUFreq] final min/max = (44, 0)
2025-12-09 15:24:42.357   955-1039  libPowerHal             pid-955                              I  LAUNCH: set gpu opp level: 44
2025-12-09 15:24:42.357  1556-1642  PowerHalWrapper         pid-1556                             I  amsBoostStop AMS_BOOST_PACK_SWITCH:true, AMS_BOOST_ACT_SWITCH:false, AMS_BOOST_PROCESS_CREATE:false, AMS_BOOST_PROCESS_CREATE_FOR_GAME:false, AMS_BOOST_HOT_LAUNCH:false 
2025-12-09 15:24:42.357   955-1039  libPowerHal             pid-955                              I  LAUNCH: set gpu opp level max: 0
2025-12-09 15:24:42.357   955-1039  libPowerHal             pid-955                              I  [PD] LAUNCH update cmd:1404300 param:0
2025-12-09 15:24:42.357   955-1039  libPowerHal             pid-955                              I  [PD] LAUNCH update cmd:1408700, param:100
2025-12-09 15:24:42.358   955-1039  libPowerHal             pid-955                              I  [PD] LAUNCH update cmd:300c000 param:0
2025-12-09 15:24:42.362   955-975   mtkpower@impl           pid-955                              I  [mtkPowerHint] hint:22, hold:500, ext:30, ext_hold:1500
2025-12-09 15:24:42.362   955-975   AppFlingMode            pid-955                              D  [CheckAppFlingHint] 22 com.cdccreditsmart.app 60
2025-12-09 15:24:42.362   955-975   AppFlingMode            pid-955                              D  [CheckAppFlingHint] 30 com.cdccreditsmart.app 60
2025-12-09 15:24:42.379 22568-22800 ndroid.systemui         pid-22568                            E  == MALI DEBUG ===eglp_winsys_populate_image_templates ==12288
2025-12-09 15:24:42.388  1556-1830  tranpm/BehaviorManager  pid-1556                             D  onMemPressureChange : level 0
2025-12-09 15:24:42.404  1556-2949  TranWifiTputMonitor     pid-1556                             D  top app: com.cdccreditsmart.app in white list: false
2025-12-09 15:24:42.412  3568-3666  Launcher.IconCache      pid-3568                             E  updateTitleForPackage error (Ask Gemini)
                                                                                                    android.content.pm.PackageManager$NameNotFoundException: 
                                                                                                    	at android.app.ApplicationPackageManager.getPackageInfoAsUser(ApplicationPackageManager.java:304)
                                                                                                    	at android.app.ApplicationPackageManager.getPackageInfo(ApplicationPackageManager.java:264)
                                                                                                    	at com.android.launcher3.icons.IconCache.getTitleAndIconForApp(SourceFile:6)
                                                                                                    	at com.android.launcher3.model.WidgetsModel.setWidgetsAndShortcuts(Unknown Source:121)
                                                                                                    	at com.android.launcher3.model.WidgetsModel.update(Unknown Source:164)
                                                                                                    	at com.android.launcher3.b1.execute(Unknown Source:16)
                                                                                                    	at com.android.launcher3.LauncherModel.b(Unknown Source:39)
                                                                                                    	at com.android.launcher3.z0.run(Unknown Source:10)
                                                                                                    	at android.os.Handler.handleCallback(Handler.java:959)
                                                                                                    	at android.os.Handler.dispatchMessage(Handler.java:100)
                                                                                                    	at android.os.Looper.loopOnce(Looper.java:311)
                                                                                                    	at android.os.Looper.loop(Looper.java:408)
                                                                                                    	at android.os.HandlerThread.run(HandlerThread.java:85)
2025-12-09 15:24:42.413 22568-22800 ndroid.systemui         pid-22568                            E  == MALI DEBUG ===eglp_winsys_populate_image_templates ==12288
2025-12-09 15:24:42.414  3456-4221  PhoneInterfaceManager   pid-3456                             D  [checkCallMethod] slotIndex: 0, count: 3, simMode: 2
2025-12-09 15:24:42.414 27009-27095 DeviceUtils             pid-27009                            D  IMEI retrieved successfully: 3520***
2025-12-09 15:24:42.414 27009-27095 AuthOrchestrator        pid-27009                            D  ðŸ“± IMEI obtido: 3520***365
2025-12-09 15:24:42.414 27009-27095 AuthOrchestrator        pid-27009                            D  ðŸ” Tentando auto-discovery...
2025-12-09 15:24:42.414 27009-27095 AuthOrchestrator        pid-27009                            D     Endpoint: GET /api/apk/discover/352096325698365
2025-12-09 15:24:42.424  3568-3568  EventBus                pid-3568                             D  No subscribers registered for event class com.transsion.launcher3.setting.event.SettingBindAllWidgetEvent
2025-12-09 15:24:42.424  3568-3568  EventBus                pid-3568                             D  No subscribers registered for event class lj.i
2025-12-09 15:24:42.425  3568-3666  PackageUpdatedTask      pid-3568                             I  Package updated: mOp=UNSUSPEND packages=[com.android.systemui]
2025-12-09 15:24:42.426   955-1039  mtkpower@impl           pid-955                              I  [powerd_req] TIMER_MSG_PERF_LOCK_TIMEOUT hdl:2742
2025-12-09 15:24:42.426   955-1039  libPowerHal             pid-955                              I  [PD] MTKPOWER_HINT_APP_TOUCH update cmd:3408b00 param:0
2025-12-09 15:24:42.427 22568-22568 ModeController          pid-22568                            D  isSmartPanelState: setPackageName:, smartPanelState:false
2025-12-09 15:24:42.427 22568-22568 game/all                pid-22568                            D  updateBackgroundPublicIfGameMode: superGameHeadsUp mShouldPeek = false  isGameHeadsUp = false  mIsHeadsUp = false, isGameHeadsUpExtra = false
2025-12-09 15:24:42.427 22568-22568 game/all                pid-22568                            D  updateBackgroundPublicIfGameMode: this:0|com.cdccreditsmart.app|1001|null|10287
2025-12-09 15:24:42.430 22568-22568 ModeController          pid-22568                            D  isSmartPanelState: setPackageName:, smartPanelState:false
2025-12-09 15:24:42.439  1210-1245  uas-service             pid-1210                             D  set scene=0x80000010 success
2025-12-09 15:24:42.439 26847-26871 ScreenTouchCollector    pid-26847                            I  resetTouchPara:reason= InputEvent ACTION_UP or ACTION_CANCEL
2025-12-09 15:24:42.443 12482-18367 ScreenTouchCollector    pid-12482                            I  resetTouchPara:reason= InputEvent ACTION_UP or ACTION_CANCEL
2025-12-09 15:24:42.445 22568-22568 SysUI(2509...oxyService pid-22568                            I   isEnabled mIsEnabled false mIsFoldExpanded true
2025-12-09 15:24:42.447 22568-22568 SysUI(2509...Controller pid-22568                            D  updateShowEmptyShadeView: noNotifications=false, visibleNotificationCount=3, mediaNotificationVisible=false
2025-12-09 15:24:42.449 22568-22568 TranNotifi...pandButton pid-22568                            I  Call setExpandedVisibility
2025-12-09 15:24:42.455 10187-31292 GCM                     pid-10187                            W  Unexpected forwarded intent: Intent { act=android.intent.action.PACKAGE_ADDED dat=package: flg=0x4000010 pkg=com.google.android.gms cmp=com.google.android.gms/.chimera.PersistentIntentOperationService (has extras) }
2025-12-09 15:24:42.455 10187-31229 ProximityAuth           pid-10187                            I  [RecentAppsMediator] Package added: (user=UserHandle{0}) com.android.chrome
2025-12-09 15:24:42.458 10187-31292 NetworkScheduler        pid-10187                            W  Unexpected forwarded intent: Intent { act=android.intent.action.PACKAGE_ADDED dat=package: flg=0x4000010 pkg=com.google.android.gms cmp=com.google.android.gms/.chimera.PersistentIntentOperationService (has extras) }
2025-12-09 15:24:42.472  1084-1084  FPSGO                   pid-1084                             I  fpsgo_boost_sched_idle_prefer:1
2025-12-09 15:24:42.473  1084-1084  mtkpower_client         pid-1084                             I  perf_lock_acq, hdl:0, dur:0, num:2, tid:1084
2025-12-09 15:24:42.473  1084-1084  mtkpower_client         pid-1084                             I  ret_hdl:2745
2025-12-09 15:24:42.474  1084-1084  FPSGO                   pid-1084                             I  perfLockAcq hdl:2745
2025-12-09 15:24:42.474  1084-1084  FPSGO                   pid-1084                             I  fpsgo_boost_sched_rate_ns:0
2025-12-09 15:24:42.474  1084-1084  mtkpower_client         pid-1084                             I  perf_lock_acq, hdl:0, dur:0, num:12, tid:1084
2025-12-09 15:24:42.475  1084-1084  mtkpower_client         pid-1084                             I  ret_hdl:2746
2025-12-09 15:24:42.475  1084-1084  FPSGO                   pid-1084                             I  perfLockAcq hdl:2746
2025-12-09 15:24:42.475 27009-27018 creditsmart.app         pid-27009                            I  Background concurrent mark compact GC freed 6695KB AllocSpace bytes, 212(7776KB) LOS objects, 49% free, 13MB/27MB, paused 729us,2.292ms total 168.349ms
2025-12-09 15:24:42.475   955-1039  libPowerHal             pid-955                              I  cmdSetting - unknown cmd:1438500, scmd:(null) ,param_1:0
2025-12-09 15:24:42.475   955-1039  libPowerHal             pid-955                              I  cmdSetting - unknown cmd:1438800, scmd:(null) ,param_1:0
2025-12-09 15:24:42.486  1013-1080  SurfaceFlinger          pid-1013                             D  [SF client] REMOVE (0xb400007214d28180) for (27009:com.cdccreditsmart.app)
2025-12-09 15:24:42.488 27009-27095 SettingsGuardService    pid-27009                            D  ðŸ“‹ Activity check - Full: com.cdccreditsmart.app.presentation.MainActivity, Simple: MainActivity
2025-12-09 15:24:42.489  1013-1080  SurfaceFlinger          pid-1013                             D  [SF client] REMOVE (0xb400007214d0fa90) for (27009:com.cdccreditsmart.app)
2025-12-09 15:24:42.498  1556-2951  TranWifiSm...Controller pid-1556                             I  top app: com.cdccreditsmart.app in white list: false ,Landscape screen: false
2025-12-09 15:24:42.503 10229-31085 SQLiteLog               pid-10229                            W  (28) double-quoted string literal: "com.transsion.batterylab"
2025-12-09 15:24:42.504  1556-1704  Magnificat...ionManager pid-1556                             W  requestConnection duplicated request: connect=false, mConnectionState=DISCONNECTED
2025-12-09 15:24:42.511  1556-1704  CredentialManager       pid-1556                             I  updateProvidersWhenPackageRemoved
2025-12-09 15:24:42.516 10187-31229 Applicatio...ageManager pid-10187                            I  color1 =0,color2 =0,bgColor =0
2025-12-09 15:24:42.516 10187-31229 Applicatio...ageManager pid-10187                            I  dr is not VectorDrawable,so we do nothing !
2025-12-09 15:24:42.518 10229-22897 Icing                   pid-10229                            I  Indexing com.google.android.gms-apps from com.google.android.gms
2025-12-09 15:24:42.519 10229-28668 ChimeraCfgMgr           pid-10229                            I  Updating module config: container:2510369260400+mlkit.ocr.common+play_cloud_search+tflite_dynamite+vision.custom.ica+vision.ica+vision.ocr,sidecar_aps:2516338055100400+auth_suw -> container:2510369260400+mlkit.docscan.crop+mlkit.docscan.detect+mlkit.docscan.enhance+mlkit.docscan.shadow+mlkit.docscan.ui+mlkit.ocr.common+play_cloud_search+tflite_dynamite+vision.custom.ica+vision.ica+vision.ocr,sidecar_aps:2516338055100400+auth_suw
2025-12-09 15:24:42.519 10229-28668 DowngradeHelper         pid-10229                            E  isModuleDowngradeRequired false
2025-12-09 15:24:42.521 12677-29624 HeterodyneSyncer        pid-12677                            I  (REDACTED) Removed %d invalid users
2025-12-09 15:24:42.522 10229-22897 Icing                   pid-10229                            I  Indexing done com.google.android.gms-apps
2025-12-09 15:24:42.523 10229-22897 Icing                   pid-10229                            I  Indexing com.google.android.gms-apps from com.google.android.gms
2025-12-09 15:24:42.525 10229-22897 Icing                   pid-10229                            I  Indexing done com.google.android.gms-apps
2025-12-09 15:24:42.548 10187-31229 ProximityAuth           pid-10187                            I  [RecentAppsMediator] Package added: (user=UserHandle{0}) com.google.android.overlay.modules.healthfitness.forframework
2025-12-09 15:24:42.548 10187-31240 GCM                     pid-10187                            W  Unexpected forwarded intent: Intent { act=android.intent.action.PACKAGE_ADDED dat=package: flg=0x4000010 pkg=com.google.android.gms cmp=com.google.android.gms/.chimera.PersistentIntentOperationService (has extras) }
2025-12-09 15:24:42.548 10187-31292 FontLog                 pid-10187                            I  (REDACTED) Package %s has no metadata
2025-12-09 15:24:42.549 10187-31240 NetworkScheduler        pid-10187                            W  Unexpected forwarded intent: Intent { act=android.intent.action.PACKAGE_ADDED dat=package: flg=0x4000010 pkg=com.google.android.gms cmp=com.google.android.gms/.chimera.PersistentIntentOperationService (has extras) }
2025-12-09 15:24:42.560  1556-1704  Magnificat...ionManager pid-1556                             W  requestConnection duplicated request: connect=false, mConnectionState=DISCONNECTED
2025-12-09 15:24:42.574  1556-1656  ApplicationHelper       pid-1556                             E  Fail to get PackageManager
2025-12-09 15:24:42.577 10229-29869 Auth                    pid-10229                            I  (REDACTED) [SupervisedAccountIntentOperationV2] onHandleIntent: %s
2025-12-09 15:24:42.578 10187-28772 ProximityAuth           pid-10187                            I  [RecentAppsMediator] Package added: (user=UserHandle{0}) com.transsion.childmode
2025-12-09 15:24:42.579 10229-29575 Dck                     pid-10229                            I  (REDACTED) disableDckSupport: %s
2025-12-09 15:24:42.579 10187-29861 GCM                     pid-10187                            W  Unexpected forwarded intent: Intent { act=android.intent.action.PACKAGE_ADDED dat=package: flg=0x4000010 pkg=com.google.android.gms cmp=com.google.android.gms/.chimera.PersistentIntentOperationService (has extras) }
2025-12-09 15:24:42.581 10229-29575 Dck                     pid-10229                            W  [WirelessCapabilitiesFeatures] wccSysProp: 0 [CONTEXT service_id=289 ]
2025-12-09 15:24:42.582 10229-29575 Dck                     pid-10229                            I  [WirelessCapabilitiesFeatures] wccMendel: 3 [CONTEXT service_id=289 ]
2025-12-09 15:24:42.583 10229-29575 Dck                     pid-10229                            I  [WirelessCapabilitiesFeatures] deviceWccOverride: false [CONTEXT service_id=289 ]
2025-12-09 15:24:42.583 10187-29861 NetworkScheduler        pid-10187                            W  Unexpected forwarded intent: Intent { act=android.intent.action.PACKAGE_ADDED dat=package: flg=0x4000010 pkg=com.google.android.gms cmp=com.google.android.gms/.chimera.PersistentIntentOperationService (has extras) }
2025-12-09 15:24:42.586 10229-29575 Dck                     pid-10229                            I  [WirelessCapabilitiesFeatures] replaceSupportedWccWithWccOverride: true [CONTEXT service_id=289 ]
2025-12-09 15:24:42.586 10229-29575 Dck                     pid-10229                            I  [WirelessCapabilitiesFeatures] wccOverride: not set [CONTEXT service_id=289 ]
2025-12-09 15:24:42.587 10229-29575 Dck                     pid-10229                            I  (REDACTED) [WirelessCapabilitiesFeatures] wcc: %s
2025-12-09 15:24:42.587 10229-29575 Dck                     pid-10229                            I  Dck module condition - hasWccSupport: false [CONTEXT service_id=289 ]
2025-12-09 15:24:42.589 10229-29575 Dck                     pid-10229                            I  Dck module condition - downloadAllowed: false [CONTEXT service_id=289 ]
2025-12-09 15:24:42.590 10229-29575 Dck                     pid-10229                            W  Dck module not eligible for asynchronous downloading [CONTEXT service_id=289 ]
2025-12-09 15:24:42.595 22568-22848 VersionsUtils           pid-22568                            I   getVersion mCurrentVersion 20202088
2025-12-09 15:24:42.595 22568-22848 IslandManager           pid-22568                            I  checkIslandPermission result true granted 1
2025-12-09 15:24:42.595 22568-22848 IslandManager           pid-22568                            W  cancel islandId 10006 not exist in mIslandIdsSet
2025-12-09 15:24:42.596 10187-28772 Applicatio...ageManager pid-10187                            I  color1 =0,color2 =0,bgColor =0
2025-12-09 15:24:42.596 10187-28772 Applicatio...ageManager pid-10187                            I  dr is not VectorDrawable,so we do nothing !
2025-12-09 15:24:42.598  1556-3246  BackupManagerService    pid-1556                             D  mUserServices size: 0
2025-12-09 15:24:42.598 10229-31082 Blockstore              pid-10229                            I  (REDACTED) [DataStoreImpl] Clearing Blockstore Data for package %s
2025-12-09 15:24:42.599 10229-31082 Blockstore              pid-10229                            I  [DataStoreImpl] Keyless data not found or its IsLastInstallationData = false. [CONTEXT service_id=258 ]
2025-12-09 15:24:42.603  1084-1084  FPSGO                   pid-1084                             I  fpsgo_boost_sched_idle_prefer:0
2025-12-09 15:24:42.603  1084-1084  mtkpower_client         pid-1084                             I  perf_lock_rel, hdl:2745, tid:1084
2025-12-09 15:24:42.604   955-1039  libPowerHal             pid-955                              I  [PD] fpsgo update cmd:1404500 param:0
2025-12-09 15:24:42.604  1084-1084  FPSGO                   pid-1084                             I  perfLockRel hdl:2745
2025-12-09 15:24:42.604  1084-1084  FPSGO                   pid-1084                             I  fpsgo_boost_sched_rate_ns:-1
2025-12-09 15:24:42.604  1084-1084  mtkpower_client         pid-1084                             I  perf_lock_rel, hdl:2746, tid:1084
2025-12-09 15:24:42.605  1084-1084  FPSGO                   pid-1084                             I  perfLockRel hdl:2746
2025-12-09 15:24:42.605   955-1039  libPowerHal             pid-955                              I  [PD] fpsgo update cmd:1438300, param:1000
2025-12-09 15:24:42.605   955-1039  libPowerHal             pid-955                              I  [PD] fpsgo update cmd:1438400, param:1000
2025-12-09 15:24:42.606   955-1039  libPowerHal             pid-955                              I  [PD] fpsgo update cmd:1438600 param:1000
2025-12-09 15:24:42.606   955-1039  libPowerHal             pid-955                              I  [PD] fpsgo update cmd:1438700 param:1000
2025-12-09 15:24:42.618 10229-10261 Icing                   pid-10229                            I  doRemovePackageData com.transsion.batterylab
2025-12-09 15:24:42.622 10229-22897 Icing                   pid-10229                            I  Indexing com.google.android.gms-apps from com.google.android.gms
2025-12-09 15:24:42.626 10229-22897 Icing                   pid-10229                            I  Indexing done com.google.android.gms-apps
2025-12-09 15:24:42.627 10187-31229 ProximityAuth           pid-10187                            I  [RecentAppsMediator] Package added: (user=UserHandle{0}) cn.wps.moffice.lite.abroad.transsion
2025-12-09 15:24:42.629 10187-28772 GCM                     pid-10187                            W  Unexpected forwarded intent: Intent { act=android.intent.action.PACKAGE_ADDED dat=package: flg=0x4000010 pkg=com.google.android.gms cmp=com.google.android.gms/.chimera.PersistentIntentOperationService (has extras) }
2025-12-09 15:24:42.630 10229-22897 Icing                   pid-10229                            I  Indexing com.google.android.gms-apps from com.google.android.gms
2025-12-09 15:24:42.630  1556-1656  ApplicationHelper       pid-1556                             E  Fail to get PackageManager
2025-12-09 15:24:42.632 10187-28772 NetworkScheduler        pid-10187                            W  Unexpected forwarded intent: Intent { act=android.intent.action.PACKAGE_ADDED dat=package: flg=0x4000010 pkg=com.google.android.gms cmp=com.google.android.gms/.chimera.PersistentIntentOperationService (has extras) }
2025-12-09 15:24:42.633 10229-22897 Icing                   pid-10229                            I  Indexing done com.google.android.gms-apps
2025-12-09 15:24:42.650 10187-31229 Applicatio...ageManager pid-10187                            I  color1 =0,color2 =0,bgColor =0
2025-12-09 15:24:42.650 10187-31229 Applicatio...ageManager pid-10187                            I  dr is not VectorDrawable,so we do nothing !
2025-12-09 15:24:42.670 10187-31225 ProximityAuth           pid-10187                            I  [RecentAppsMediator] Package added: (user=UserHandle{0}) com.transsion.carlcare
2025-12-09 15:24:42.672 10187-29861 GCM                     pid-10187                            W  Unexpected forwarded intent: Intent { act=android.intent.action.PACKAGE_ADDED dat=package: flg=0x4000010 pkg=com.google.android.gms cmp=com.google.android.gms/.chimera.PersistentIntentOperationService (has extras) }
2025-12-09 15:24:42.675 10187-31229 NetworkScheduler        pid-10187                            W  Unexpected forwarded intent: Intent { act=android.intent.action.PACKAGE_ADDED dat=package: flg=0x4000010 pkg=com.google.android.gms cmp=com.google.android.gms/.chimera.PersistentIntentOperationService (has extras) }
2025-12-09 15:24:42.725  1556-1656  ApplicationHelper       pid-1556                             E  Fail to get PackageManager
2025-12-09 15:24:42.725 10229-28668 NewModuleHelper         pid-10229                            I  Sending com.google.android.chimera.IntentOperation.NEW_MODULE Container service: com.google.android.gms.chimera.GmsIntentOperationService Intents: 1,false,true
2025-12-09 15:24:42.732 10229-28668 GmsDebugLogger          pid-10229                            I  [46] container:2510369260400+mlkit.ocr.common+play_cloud_search+tflite_dynamite+vision.custom.ica+vision.ica+vision.ocr,sidecar_aps:2516338055100400+auth_suw
2025-12-09 15:24:42.737  1556-1704  Magnificat...ionManager pid-1556                             W  requestConnection duplicated request: connect=false, mConnectionState=DISCONNECTED
2025-12-09 15:24:42.738  1556-1704  CredentialManager       pid-1556                             I  updateProvidersWhenPackageRemoved
2025-12-09 15:24:42.740 10229-28668 ChimeraConfigurator     pid-10229                            I  Checking 1 listeners. All downloaded: false
2025-12-09 15:24:42.741 10229-28668 GmsDebugLogger          pid-10229                            I  [83] 0 [mlkit.docscan.ui, tflite_dynamite, vision.custom.ica, vision.ica]
2025-12-09 15:24:42.751 10229-28668 GmsDebugLogger          pid-10229                            I  [55] 
2025-12-09 15:24:42.756 10229-29196 Blockstore              pid-10229                            I  (REDACTED) [DataStoreImpl] Clearing all the restore credential for %s packages
2025-12-09 15:24:42.757  1013-1013  BufferQueueProducer     pid-1013                             I  [com.cdccreditsmart.app/com.cdccreditsmart.app.presentation.MainActivity#2179](this:0xb400007184ef2538,id:-1,api:0,p:-1,c:1013) queueBuffer: fps=60.92 dur=1001.34 max=58.04 min=7.73
2025-12-09 15:24:42.758 10229-29196 Blockstore              pid-10229                            W  [DataStoreImpl] Does not contain gms package key space. [CONTEXT service_id=258 ]
2025-12-09 15:24:42.759 10229-29196 Blockstore              pid-10229                            I  (REDACTED) [PackageIntentOperation] Deleted restore credential for package %s is successful: %s
2025-12-09 15:24:42.759  1556-1983  BackupManagerService    pid-1556                             D  mUserServices size: 0
2025-12-09 15:24:42.760  1556-1983  BackupManagerService    pid-1556                             D  mUserServices size: 0
2025-12-09 15:24:42.760 10229-29196 Blockstore              pid-10229                            I  (REDACTED) [DataStoreImpl] Clearing all the Blockstore Data for package %s
2025-12-09 15:24:42.761 10229-29196 Blockstore              pid-10229                            I  (REDACTED) [DataStoreImpl] Clearing all the Blockstore Data for %s packages
2025-12-09 15:24:42.761 10229-29196 Blockstore              pid-10229                            I  (REDACTED) [DataStoreImpl] Allow listed package: %s
2025-12-09 15:24:42.761 10229-29196 Blockstore              pid-10229                            I  (REDACTED) [DataStoreImpl] Allow listed package: %s
2025-12-09 15:24:42.761 10229-29196 Blockstore              pid-10229                            I  (REDACTED) [DataStoreImpl] Allow listed package: %s
2025-12-09 15:24:42.761 10229-29196 Blockstore              pid-10229                            I  (REDACTED) [DataStoreImpl] Allow listed package: %s
2025-12-09 15:24:42.761 10229-29196 Blockstore              pid-10229                            I  (REDACTED) [DataStoreImpl] Allow listed package: %s
2025-12-09 15:24:42.762 10229-29196 Blockstore              pid-10229                            I  (REDACTED) [DataStoreImpl] Removing Blockstore data for packages %s
2025-12-09 15:24:42.765 10187-29861 Fitness                 pid-10187                            I  (REDACTED) FitCleanupIntentOperation received Intent %s
2025-12-09 15:24:42.768  1556-2042  EventHub                pid-1556                             D  getevents BTN_TOUCH DOWN
2025-12-09 15:24:42.768  1556-1704  Magnificat...ionManager pid-1556                             W  requestConnection duplicated request: connect=false, mConnectionState=DISCONNECTED
2025-12-09 15:24:42.770 27009-27009 TextSelection           pid-27009                            D  onUseCache cache=false
2025-12-09 15:24:42.771  1210-1245  uas-service             pid-1210                             D  set scene=0x10 success
2025-12-09 15:24:42.771   955-975   AppFlingMode            pid-955                              D  [CheckAppFlingHint] 25 com.cdccreditsmart.app 60
2025-12-09 15:24:42.772 22568-22802 TrEdgeBack...ureHandler pid-22568                            D  isWithinTouchRegion: false withinRange:false
2025-12-09 15:24:42.773  3568-3568  ActivityTracker         pid-3568                             D  #unregisterAllCallback
2025-12-09 15:24:42.775  1210-1245  uas-service             pid-1210                             D  thread(pid=3568) ux_exact_launcher is uxtag 0x100440 ref 0x2
2025-12-09 15:24:42.775  1210-1245  uas-service             pid-1210                             D  thread(pid=3791) ux_exact_launcher is uxtag 0x100440 ref 0x2
2025-12-09 15:24:42.777  3568-3568  ActivityTracker         pid-3568                             D  Registering callback: com.android.launcher3.LauncherInitListener, reason=OtherActivityInputConsumer.startTouchTrackingForWindowAnimation.after
2025-12-09 15:24:42.778 22568-22592 ShellRecents            pid-22568                            V  RecentsTransitionHandler.startRecentsTransition
2025-12-09 15:24:42.778 22568-22592 RecentsTra..._interrupt pid-22568                            D   mTransitions.interceptRecentTransitionsEvent() = false
2025-12-09 15:24:42.778  3568-3568  RecentsView             pid-3568                             I  resetLoadPlan: 
2025-12-09 15:24:42.778 22568-22592 WindowManagerShell      pid-22568                            V  Directly starting a new transition type=3 wct=WindowContainerTransaction { changes = {} hops = [{PendingIntent: options=Bundle[mParcelledData.dataSize=680]}] errorCallbackToken=null taskFragmentOrganizer=null mInterrupt=false } handler=com.android.wm.shell.recents.RecentsTransitionHandler@e9e357a
2025-12-09 15:24:42.780  1556-1983  SystemBind...oreFeature pid-1556                             W  [setAffinity] Pid:1983 mask:192
2025-12-09 15:24:42.781   955-976   mtkpower@impl           pid-955                              I  [setMode] type:5, enabled:1
2025-12-09 15:24:42.781   955-976   AppFlingMode            pid-955                              D  [CheckAppFlingHint] 11 com.cdccreditsmart.app 60
2025-12-09 15:24:42.781   955-1039  libPowerHal             pid-955                              I  [setGPUFreq] LAUNCH user set gpu freq min:0, max:-1
2025-12-09 15:24:42.782   955-1039  libPowerHal             pid-955                              I  LAUNCH: set gpu opp level: 0
2025-12-09 15:24:42.782  1210-1245  uas-service             pid-1210                             D  set scene=0x80000010 success
2025-12-09 15:24:42.782   955-1039  libPowerHal             pid-955                              I  LAUNCH: set gpu opp level max: 0
2025-12-09 15:24:42.782  1556-1790  mtkpower_client         pid-1556                             I  perf_cus_lock_hint hint:101, dur:1000, pid:1556
2025-12-09 15:24:42.782   955-1039  libPowerHal             pid-955                              I  [setGPUFreq] Soft min/max = (0, 0); Hard min/max = (44, 0)
2025-12-09 15:24:42.782   955-1039  libPowerHal             pid-955                              I  [setGPUFreq] final min/max = (0, 0)
2025-12-09 15:24:42.782   955-1039  libPowerHal             pid-955                              I  LAUNCH: set gpu opp level: 0
2025-12-09 15:24:42.782   955-1039  libPowerHal             pid-955                              I  LAUNCH: set gpu opp level max: 0
2025-12-09 15:24:42.782   955-975   AppFlingMode            pid-955                              D  [CheckAppFlingHint] 101 com.cdccreditsmart.app 60
2025-12-09 15:24:42.782  1210-1245  uas-service             pid-1210                             D  set scene=0x4 success
2025-12-09 15:24:42.782  1556-1876  TranCPUBooster          pid-1556                             E  boostscene6 get uas mask= 95
2025-12-09 15:24:42.783  1556-1983  os.fingerprint          pid-1556                             D  onTaskMovedToFront Task{ec84af3 #7 type=home I=com.transsion.XOSLauncher/com.android.launcher3.uioverrides.QuickstepLauncher}
2025-12-09 15:24:42.783  1556-1983  os.fingerprint          pid-1556                             D  activityComponent = ComponentInfo{com.transsion.XOSLauncher/com.android.launcher3.uioverrides.QuickstepLauncher} inMultiWindow = false
2025-12-09 15:24:42.784  1556-1876  Process                 pid-1556                             I  String at 0: 0x7edb43d601 = ProcessCapacityNormal
2025-12-09 15:24:42.784  1556-1876  TranCPUBooster          pid-1556                             D  [setAffinity] Pid:1013 mask:6-7
2025-12-09 15:24:42.784  1556-1983  PowerHalWrapper         pid-1556                             I  <amsBoostResume> last:null, next:com.transsion.XOSLauncherhasATProcess:true 
2025-12-09 15:24:42.784  1556-1876  Process                 pid-1556                             I  String at 0: 0x7edb43d601 = ProcessCapacityNormal
2025-12-09 15:24:42.784  1556-1876  TranCPUBooster          pid-1556                             D  [setAffinity] Pid:1086 mask:6-7
2025-12-09 15:24:42.784  1556-1876  TranCPUBooster          pid-1556                             D  [setAffinity] Pid:23137 mask:0-5
2025-12-09 15:24:42.784  1556-1983  os.fingerprint          pid-1556                             D  onActivityResume next:ActivityRecord{d4e0057 u0 com.transsion.XOSLauncher/com.android.launcher3.uioverrides.QuickstepLauncher t7}
2025-12-09 15:24:42.784  1556-1983  os.fingerprint          pid-1556                             D  activityComponent = ComponentInfo{com.transsion.XOSLauncher/com.android.launcher3.uioverrides.QuickstepLauncher} inMultiWindow = false
2025-12-09 15:24:42.785  1556-1983  AppLockLice             pid-1556                             D  onActivityResume: packageName = com.transsion.XOSLauncher,mComeLockPkgList =[],mPreLockPkgList =[]
2025-12-09 15:24:42.785  1210-1245  uas-service             pid-1210                             D  thread(pid=1659) ux_exact_android.anim is uxtag 0x100420 ref 0x1
2025-12-09 15:24:42.785  1556-1790  mtkpower_client         pid-1556                             I  perf_cus_lock_hint, ret_hdl:2749
2025-12-09 15:24:42.785   955-1039  libPowerHal             pid-955                              I  [setGPUFreq] MTKPOWER_HINT_LAUNCHER_ANIMA user set gpu freq min:0, max:-1
2025-12-09 15:24:42.785   955-1039  libPowerHal             pid-955                              I  MTKPOWER_HINT_LAUNCHER_ANIMA: set gpu opp level max: 0
2025-12-09 15:24:42.785  1556-1790  PowerHalMgrImpl         pid-1556                             I  hdl:2749, pid:1556 
2025-12-09 15:24:42.785  1556-1983  AppLockLice             pid-1556                             D  onActivityResume:isAwake = true ,isKeyguardLocked = false
2025-12-09 15:24:42.785   955-1039  libPowerHal             pid-955                              I  [setGPUFreq] Soft min/max = (0, 0); Hard min/max = (44, 0)
2025-12-09 15:24:42.785   955-1039  libPowerHal             pid-955                              I  [setGPUFreq] final min/max = (0, 0)
2025-12-09 15:24:42.785   955-1039  libPowerHal             pid-955                              I  MTKPOWER_HINT_LAUNCHER_ANIMA: set gpu opp level: 0
2025-12-09 15:24:42.785   955-1039  libPowerHal             pid-955                              I  MTKPOWER_HINT_LAUNCHER_ANIMA: set gpu opp level max: 0
2025-12-09 15:24:42.785  1556-1899  Usf/appStateManager     pid-1556                             I  handleUpdateTaskOverLap uid: 10168    packageName:com.transsion.XOSLauncher remove
2025-12-09 15:24:42.785   955-975   AppFlingMode            pid-955                              D  [CheckAppFlingHint] 22 com.cdccreditsmart.app 60
2025-12-09 15:24:42.786   955-1039  libPowerHal             pid-955                              I  [PD] MTKPOWER_HINT_EXT_LAUNCH update cmd:2020000 param:0
2025-12-09 15:24:42.786  1556-3167  Hiber/appStateMachine   pid-1556                             I  uid:10287 enter RunningState
2025-12-09 15:24:42.786  4987-4987  TouchSliderConsumer     pid-4987                             D  onInputEvent : ACTION_DOWN
2025-12-09 15:24:42.786 23345-23345 VRI[ZeroScreen]         pid-23345                            D  visibilityChanged oldVisibility=false newVisibility=true
2025-12-09 15:24:42.786  1556-1983  TranSCSour...anagerImpl pid-1556                             I  hookDisplayResumedActivityChanged displayId: 0 packageName: com.transsion.XOSLauncher
2025-12-09 15:24:42.786  4987-4987  TouchSliderConsumer     pid-4987                             D  consumeTouchEvent : 473.75 2435.75 RectF(1035.0, 294.0, 1083.0, 660.0) 
2025-12-09 15:24:42.788  1556-1983  System.out              pid-1556                             I  [scale_ufs_gear] pakname is not antutu: com.transsion.XOSLauncher, file is not exist: false
2025-12-09 15:24:42.788  1556-1983  MagellanHandle          pid-1556                             D  updateRefreshRateForSceneVsyncs what = 23
2025-12-09 15:24:42.789  1556-1983  os.fingerprint          pid-1556                             D  onActivityResume next:ActivityRecord{d4e0057 u0 com.transsion.XOSLauncher/com.android.launcher3.uioverrides.QuickstepLauncher t7}
2025-12-09 15:24:42.789  3568-3568  MotionPauseDetector     pid-3568                             I  MotionPauseDetector: Set disallowPause=true
2025-12-09 15:24:42.789  1556-1983  os.fingerprint          pid-1556                             D  activityComponent = ComponentInfo{com.transsion.XOSLauncher/com.android.launcher3.uioverrides.QuickstepLauncher} inMultiWindow = false
2025-12-09 15:24:42.791  1013-1013  BpBinder                pid-1013                             I  onLastStrongRef automatically unlinking death recipients: 
2025-12-09 15:24:42.791  1013-1013  DisplayModeController   pid-1013                             D  setDesiredMode 0 {mode={fps=120.00 Hz, modePtr={id=0, vsyncRate=120.00 Hz, peakRefreshRate=120.00 Hz}}, emitEvent=true, force=false}
2025-12-09 15:24:42.791  1556-1983  tranpm/BehaviorManager  pid-1556                             D   onAppLaunch nextPackName = com.transsion.XOSLauncher currPackName = com.cdccreditsmart.app
2025-12-09 15:24:42.791  1013-1013  Scheduler               pid-1013                             D  MtkOverrideDuration: update vsync 120
2025-12-09 15:24:42.791  1013-1013  SurfaceFlinger          pid-1013                             E  MtkDuration override mode is disabled
2025-12-09 15:24:42.791  1013-1013  Scheduler               pid-1013                             D  MtkOverrideDuration: reset override duration
2025-12-09 15:24:42.791  1013-1013  PowerHalWrapper         pid-1013                             I  updateFps(): 120
2025-12-09 15:24:42.791   926-1196  hwcomposer              pid-926                              I  [HWC] (0) displaySetActiveConfig config:0  
2025-12-09 15:24:42.792  1556-1983  TranSCSour...anagerImpl pid-1556                             I  hookDisplayResumedActivityChanged displayId: 0 packageName: com.transsion.XOSLauncher
2025-12-09 15:24:42.793  4987-15821 SmartPanelService       pid-4987                             I  activityCheck pkgName: com.transsion.XOSLauncher, className: com.android.launcher3.uioverrides.QuickstepLauncher isResume=true isDrawn = false
2025-12-09 15:24:42.793  1556-1983  TranPhoneW...erInternal pid-1556                             D  onActivityResume false
2025-12-09 15:24:42.793  4987-15821 MultiWindowUtils        pid-4987                             I  pkg in multi window
2025-12-09 15:24:42.793  1556-1983  PayJoyActivityRecord    pid-1556                             E  activity resuming com.transsion.XOSLauncher
2025-12-09 15:24:42.793  1556-1983  PayJoyAccessService     pid-1556                             E  activity resuming com.transsion.XOSLauncher
2025-12-09 15:24:42.793  1556-1983  ActivityTaskManager     pid-1556                             I  Add pending draw ActivityRecord{d4e0057 u0 com.transsion.XOSLauncher/com.android.launcher3.uioverrides.QuickstepLauncher t7}
2025-12-09 15:24:42.794  1556-3056  PowerManagerService     pid-1556                             D  onAppLaunch: currentPackage=com.cdccreditsmart.app, nextPackage=com.transsion.XOSLauncher.
2025-12-09 15:24:42.795  1556-1701  TranSuccCrashMgr        pid-1556                             I  Post key event: type=0, event=wm_resume_activity0,0,com.transsion.XOSLauncher/com.android.launcher3.uioverrides.QuickstepLauncher, ext=null
2025-12-09 15:24:42.795  1556-3246  InputDispatcher         pid-1556                             I  Channel [Gesture Monitor] swipe-up (server) is stealing input gesture for device 6 from [933e188 com.cdccreditsmart.app/com.cdccreditsmart.app.presentation.MainActivity, [Gesture Monitor] edge-swipe-sp, [Gesture Monitor] dc-screen-touch, [Gesture Monitor] edge-swipe, [Gesture Monitor] tran_split, [Gesture Monitor] dc-screen-touch, [Gesture Monitor] tran_gesture_service_damon, [Gesture Monitor] tran_gesture_service]
2025-12-09 15:24:42.797  1556-4356  TranTp/Tra...anagerImpl pid-1556                             I  Set [com.transsion.XOSLauncher] is tp rate as default.
2025-12-09 15:24:42.797  1556-4356  TranTp/Tra...anagerImpl pid-1556                             D  sendCommand: rate=0, cmd=echo 0 > /proc/report_rate_switch.
2025-12-09 15:24:42.798  1556-4356  System.err              pid-1556                             W  java.io.FileNotFoundException: /proc/report_rate_switch: open failed: ENOENT (No such file or directory)
2025-12-09 15:24:42.798  1556-4356  System.err              pid-1556                             W  	at libcore.io.IoBridge.open(IoBridge.java:574)
2025-12-09 15:24:42.798  1556-4356  System.err              pid-1556                             W  	at java.io.FileOutputStream.<init>(FileOutputStream.java:259)
2025-12-09 15:24:42.798  1556-4356  System.err              pid-1556                             W  	at java.io.FileOutputStream.<init>(FileOutputStream.java:147)
2025-12-09 15:24:42.798  1556-4356  System.err              pid-1556                             W  	at com.transsion.server.tpswitch.TranTpSwitchManagerImpl.sendCommand(TranTpSwitchManagerImpl.java:311)
2025-12-09 15:24:42.798  1556-4356  System.err              pid-1556                             W  	at com.transsion.server.tpswitch.TranTpSwitchManagerImpl.setDefaultTpRate(TranTpSwitchManagerImpl.java:267)
2025-12-09 15:24:42.798  1556-4356  System.err              pid-1556                             W  	at com.transsion.server.tpswitch.TranTpSwitchManagerImpl.setTpRate(TranTpSwitchManagerImpl.java:293)
2025-12-09 15:24:42.798  1556-4356  System.err              pid-1556                             W  	at com.transsion.server.tpswitch.TranTpSwitchManagerImpl.-$$Nest$msetTpRate(TranTpSwitchManagerImpl.java:0)
2025-12-09 15:24:42.798  1556-4356  System.err              pid-1556                             W  	at com.transsion.server.tpswitch.TranTpSwitchManagerImpl$1.onAppLaunch(TranTpSwitchManagerImpl.java:93)
2025-12-09 15:24:42.798  1556-4356  System.err              pid-1556                             W  	at com.transsion.griffin.core.HookerImpl$b.run(SourceFile:1)
2025-12-09 15:24:42.798  1556-4356  System.err              pid-1556                             W  	at android.os.Handler.handleCallback(Handler.java:959)
2025-12-09 15:24:42.798  1556-4356  System.err              pid-1556                             W  	at android.os.Handler.dispatchMessage(Handler.java:100)
2025-12-09 15:24:42.798  1556-4356  System.err              pid-1556                             W  	at android.os.Looper.loopOnce(Looper.java:311)
2025-12-09 15:24:42.798  1556-4356  System.err              pid-1556                             W  	at android.os.Looper.loop(Looper.java:408)
2025-12-09 15:24:42.798  1556-4356  System.err              pid-1556                             W  	at android.os.HandlerThread.run(HandlerThread.java:85)
2025-12-09 15:24:42.799  1556-1887  GcBackgroundFeature     pid-1556                             W  set HeapTaskThread = 3589 to 0-5
2025-12-09 15:24:42.799  1556-1556  PayJoyAccessService     pid-1556                             D  new package going to top com.transsion.XOSLauncher
2025-12-09 15:24:42.799  1556-4356  System.err              pid-1556                             W  Caused by: android.system.ErrnoException: open failed: ENOENT (No such file or directory)
2025-12-09 15:24:42.799  1556-4356  System.err              pid-1556                             W  	at libcore.io.Linux.open(Native Method)
2025-12-09 15:24:42.799  1556-4356  System.err              pid-1556                             W  	at libcore.io.ForwardingOs.open(ForwardingOs.java:563)
2025-12-09 15:24:42.799  1556-4356  System.err              pid-1556                             W  	at libcore.io.BlockGuardOs.open(BlockGuardOs.java:274)
2025-12-09 15:24:42.799  1556-4356  System.err              pid-1556                             W  	at libcore.io.IoBridge.open(IoBridge.java:560)
2025-12-09 15:24:42.799  1556-4356  System.err              pid-1556                             W  	... 13 more
2025-12-09 15:24:42.799  1556-1983  TranStarti...Controller pid-1556                             D  need wait wallpaper real show when in low performance platform
2025-12-09 15:24:42.800 12482-18367 ScreenTouchCollector    pid-12482                            I  resetTouchPara:reason= InputEvent ACTION_UP or ACTION_CANCEL
2025-12-09 15:24:42.800  1556-1983  TranStarti...Controller pid-1556                             D  need wait wallpaper real show when in low performance platform
2025-12-09 15:24:42.801 22568-22592 ShellEventHandler       pid-22568                            D  onPostStartTransition TO_FRONT token=android.os.BinderProxy@1831a12
2025-12-09 15:24:42.801 22568-22592 ShellRecents            pid-22568                            V  [87993415] RecentsController.setTransition: id=android.os.BinderProxy@1831a12
2025-12-09 15:24:42.801  3568-3568  Launcher                pid-3568                             I  onStart##15.6.2.050#@@#150602050
2025-12-09 15:24:42.801  3568-3568  StateManager            pid-3568                             D  goToState - fromState: Normal, toState: Background animated: false  com.android.launcher3.statemanager.StateManager.goToState:6 com.android.launcher3.statemanager.StateManager.goToState:2 com.android.quickstep.BaseActivityInterface$DefaultAnimationFactory.initBackgroundStateUI:52 com.android.quickstep.LauncherActivityInterface.prepareRecentsUI:12 com.android.quickstep.AbsSwipeUpHandler.lambda$onLauncherStart$11:113 com.android.quickstep.AbsSwipeUpHandler.D:0 com.android.quickstep.d.run:36 com.android.quickstep.AbsSwipeUpHandler.onLauncherStart:74 com.android.quickstep.u0.run:96 com.android.launcher3.util.RunnableList.executeAllAndClear:68 com.android.launcher3.BaseActivity.onStart:19 com.android.launcher3.Launcher.onStart:59 com.transsion.launcher3.TrLauncher.onStart:0 com.android.launcher3.uioverrides.QuickstepLauncher.onStart:5 android.app.Instrumentation.callActivityOnStart:1705 android.app.Activity.performStart:9074 
2025-12-09 15:24:42.801  3568-3568  TrFolderCore            pid-3568                             I  onStateTransitionStart :[Background]
2025-12-09 15:24:42.802 10229-29869 ziparchive              pid-10229                            W  Unable to open '/data/user_de/0/com.google.android.gms/app_chimera/m/00000011/dl-MlkitDocscanUi.optional_251036100400.dm': No such file or directory
2025-12-09 15:24:42.802  3568-3568  TrWorkSpace             pid-3568                             W  setAlpha: 0.0
2025-12-09 15:24:42.802  3568-3568  TrFolderCore            pid-3568                             I  folderToState changed:[Background] ====> Background, false,false
