2025-12-08 18:00:31.198 13856-13856 CDCApplication          com.cdccreditsmart.app               E  â•‘  4. Samsung Knox Mobile Enrollment                     â•‘
2025-12-08 18:00:31.198 13856-13856 CDCApplication          com.cdccreditsmart.app               E  â•šâ•â•â•â•â•â•â•â•â•â•â•â•â•â•â•â•â•â•â•â•â•â•â•â•â•â•â•â•â•â•â•â•â•â•â•â•â•â•â•â•â•â•â•â•â•â•â•â•â•â•â•â•â•â•â•â•â•
2025-12-08 18:00:31.198 13856-13856 CDCApplication          com.cdccreditsmart.app               E  
2025-12-08 18:00:31.198 13856-13856 CDCApplication          com.cdccreditsmart.app               I  ========================================
2025-12-08 18:00:31.202 13856-13856 AppProtectionManager    com.cdccreditsmart.app               I  
2025-12-08 18:00:31.202 13609-13965 CategoryMapper          com.cdccreditsmart.app               D  âœ… App bloqueÃ¡vel detectado: com.google.android.soundpicker
2025-12-08 18:00:31.202 13856-13856 AppProtectionManager    com.cdccreditsmart.app               I  â•”â•â•â•â•â•â•â•â•â•â•â•â•â•â•â•â•â•â•â•â•â•â•â•â•â•â•â•â•â•â•â•â•â•â•â•â•â•â•â•â•â•â•â•â•â•â•â•â•â•â•â•â•â•â•â•â•â•â•â•â•â•â•â•â•â•—
2025-12-08 18:00:31.202 13856-13856 AppProtectionManager    com.cdccreditsmart.app               I  â•‘     ðŸ›¡ï¸ APLICANDO MELHOR PROTEÃ‡ÃƒO DISPONÃVEL                    â•‘
2025-12-08 18:00:31.202 13856-13856 AppProtectionManager    com.cdccreditsmart.app               I  â•‘           CDC CREDIT SMART - PROTEÃ‡ÃƒO EM CAMADAS              â•‘
2025-12-08 18:00:31.202 13856-13856 AppProtectionManager    com.cdccreditsmart.app               I  â•šâ•â•â•â•â•â•â•â•â•â•â•â•â•â•â•â•â•â•â•â•â•â•â•â•â•â•â•â•â•â•â•â•â•â•â•â•â•â•â•â•â•â•â•â•â•â•â•â•â•â•â•â•â•â•â•â•â•â•â•â•â•â•â•â•â•
2025-12-08 18:00:31.202 13856-13856 AppProtectionManager    com.cdccreditsmart.app               I  
2025-12-08 18:00:31.210 13609-13965 CategoryMapper          com.cdccreditsmart.app               D  âš–ï¸ App protegido por lei (TJMG): com.cdccreditsmart.app - App CDC Credit Smart
2025-12-08 18:00:31.210 13609-13965 CategoryMapper          com.cdccreditsmart.app               D  ðŸ›¡ï¸ App protegido (nÃ£o bloqueia): com.cdccreditsmart.app
2025-12-08 18:00:31.213 13856-13856 AppProtectionManager    com.cdccreditsmart.app               I  ðŸ“‹ STATUS ATUAL:
2025-12-08 18:00:31.213 13856-13856 AppProtectionManager    com.cdccreditsmart.app               I     Device Owner: NÃƒO
2025-12-08 18:00:31.213 13856-13856 AppProtectionManager    com.cdccreditsmart.app               I     Device Admin: SIM
2025-12-08 18:00:31.213 13856-13856 AppProtectionManager    com.cdccreditsmart.app               I  
2025-12-08 18:00:31.213 13856-13856 AppProtectionManager    com.cdccreditsmart.app               I  ðŸ” NÃVEL: DEVICE ADMIN (ProteÃ§Ã£o Parcial)
2025-12-08 18:00:31.213 13856-13856 AppProtectionManager    com.cdccreditsmart.app               I  ========================================
2025-12-08 18:00:31.213 13856-13856 AppProtectionManager    com.cdccreditsmart.app               I  ðŸ” APLICANDO PROTEÃ‡Ã•ES DE DEVICE ADMIN
2025-12-08 18:00:31.213 13856-13856 AppProtectionManager    com.cdccreditsmart.app               I  ========================================
2025-12-08 18:00:31.213 13856-13856 AppProtectionManager    com.cdccreditsmart.app               I  [1/3] Device Admin ativo - desinstalaÃ§Ã£o requer desativar admin primeiro
2025-12-08 18:00:31.213 13856-13856 AppProtectionManager    com.cdccreditsmart.app               I        â†’ UsuÃ¡rio precisa ir em Settings > Security > Device Admins
2025-12-08 18:00:31.213 13856-13856 AppProtectionManager    com.cdccreditsmart.app               I        â†’ Desativar 'CDC Credit Smart' antes de desinstalar
2025-12-08 18:00:31.213 13856-13856 AppProtectionManager    com.cdccreditsmart.app               I  
2025-12-08 18:00:31.213 13856-13856 AppProtectionManager    com.cdccreditsmart.app               I  [2/3] Aplicando persistÃªncia bÃ¡sica...
2025-12-08 18:00:31.213 13856-13856 AppProtectionManager    com.cdccreditsmart.app               I     Iniciando serviÃ§os de persistÃªncia...
2025-12-08 18:00:31.215 13609-13965 CategoryMapper          com.cdccreditsmart.app               D  âœ… App bloqueÃ¡vel detectado: com.android.networkstack.tethering.emulator
2025-12-08 18:00:31.215 13856-13856 AppProtectionManager    com.cdccreditsmart.app               I     âœ… Foreground Service iniciado
2025-12-08 18:00:31.227 13609-13965 CategoryMapper          com.cdccreditsmart.app               D  âœ… App bloqueÃ¡vel detectado: com.google.android.marvin.talkbackoverlay
2025-12-08 18:00:31.229 13856-13856 AppProtectionManager    com.cdccreditsmart.app               I     âœ… ServiceWatchdog agendado (15 min)
2025-12-08 18:00:31.229 13856-13856 AppProtectionManager    com.cdccreditsmart.app               I  
2025-12-08 18:00:31.229 13856-13856 AppProtectionManager    com.cdccreditsmart.app               I  [3/3] ProteÃ§Ãµes de Device Admin limitadas:
2025-12-08 18:00:31.229 13856-13856 AppProtectionManager    com.cdccreditsmart.app               I        âŒ setUninstallBlocked: Requer Device Owner
2025-12-08 18:00:31.229 13856-13856 AppProtectionManager    com.cdccreditsmart.app               I        âŒ setUserControlDisabledPackages: Requer Device Owner
2025-12-08 18:00:31.229 13856-13856 AppProtectionManager    com.cdccreditsmart.app               I        âŒ addUserRestriction: Requer Device Owner
2025-12-08 18:00:31.229 13856-13856 AppProtectionManager    com.cdccreditsmart.app               I        âœ… DesinstalaÃ§Ã£o requer desativar admin primeiro
2025-12-08 18:00:31.229 13856-13856 AppProtectionManager    com.cdccreditsmart.app               I        âœ… Foreground Service mantÃ©m app ativo
2025-12-08 18:00:31.229 13856-13856 AppProtectionManager    com.cdccreditsmart.app               I        âœ… WorkManager mantÃ©m tarefas executando
2025-12-08 18:00:31.229 13856-13856 AppProtectionManager    com.cdccreditsmart.app               I  ========================================
2025-12-08 18:00:31.229 13856-13856 AppProtectionManager    com.cdccreditsmart.app               I  ðŸ“Š RESUMO: Device Admin ativo com proteÃ§Ãµes parciais
2025-12-08 18:00:31.229 13856-13856 AppProtectionManager    com.cdccreditsmart.app               I  ========================================
2025-12-08 18:00:31.229 13856-13856 AppProtectionManager    com.cdccreditsmart.app               I  
2025-12-08 18:00:31.229 13856-13856 CDCApplication          com.cdccreditsmart.app               I  
2025-12-08 18:00:31.229 13856-13856 CDCApplication          com.cdccreditsmart.app               I  â•”â•â•â•â•â•â•â•â•â•â•â•â•â•â•â•â•â•â•â•â•â•â•â•â•â•â•â•â•â•â•â•â•â•â•â•â•â•â•â•â•â•â•â•â•â•â•â•â•â•â•â•â•â•â•â•â•â•â•â•â•â•—
2025-12-08 18:00:31.229 13856-13856 CDCApplication          com.cdccreditsmart.app               I  â•‘     RESULTADO DA APLICAÃ‡ÃƒO DE PROTEÃ‡Ã•ES                    â•‘
2025-12-08 18:00:31.229 13856-13856 CDCApplication          com.cdccreditsmart.app               I  â•šâ•â•â•â•â•â•â•â•â•â•â•â•â•â•â•â•â•â•â•â•â•â•â•â•â•â•â•â•â•â•â•â•â•â•â•â•â•â•â•â•â•â•â•â•â•â•â•â•â•â•â•â•â•â•â•â•â•â•â•â•â•
2025-12-08 18:00:31.229 13856-13856 CDCApplication          com.cdccreditsmart.app               I     NÃ­vel: DEVICE_ADMIN
2025-12-08 18:00:31.229 13856-13856 CDCApplication          com.cdccreditsmart.app               I     ProteÃ§Ãµes aplicadas: 2
2025-12-08 18:00:31.230 13856-13856 CDCApplication          com.cdccreditsmart.app               I     Status: PROTEÃ‡ÃƒO PARCIAL (Device Admin)
2025-12-08 18:00:31.231 13856-13856 CDCApplication          com.cdccreditsmart.app               I     DesinstalaÃ§Ã£o requer desativar admin primeiro
2025-12-08 18:00:31.231 13856-13856 CDCApplication          com.cdccreditsmart.app               I  â•šâ•â•â•â•â•â•â•â•â•â•â•â•â•â•â•â•â•â•â•â•â•â•â•â•â•â•â•â•â•â•â•â•â•â•â•â•â•â•â•â•â•â•â•â•â•â•â•â•â•â•â•â•â•â•â•â•â•â•â•â•â•
2025-12-08 18:00:31.231 13856-13856 CDCApplication          com.cdccreditsmart.app               I  
2025-12-08 18:00:31.234 13609-13965 CategoryMapper          com.cdccreditsmart.app               D  âœ… App bloqueÃ¡vel detectado: com.google.android.configupdater
2025-12-08 18:00:31.242 13609-13965 LegalWhitelist          com.cdccreditsmart.app               D  âš–ï¸ App financeiro protegido: com.android.internal.emulation.pixel_3a_xl
2025-12-08 18:00:31.243 13609-13965 CategoryMapper          com.cdccreditsmart.app               D  âš–ï¸ App protegido por lei (TJMG): com.android.internal.emulation.pixel_3a_xl - InstituiÃ§Ã£o financeira (TJMG)
2025-12-08 18:00:31.243 13609-13965 CategoryMapper          com.cdccreditsmart.app               D  ðŸ›¡ï¸ App protegido (nÃ£o bloqueia): com.android.internal.emulation.pixel_3a_xl
2025-12-08 18:00:31.243 13609-13965 LegalWhitelist          com.cdccreditsmart.app               D  âš–ï¸ App financeiro protegido: com.android.internal.emulation.pixel_6_pro
2025-12-08 18:00:31.243 13609-13965 CategoryMapper          com.cdccreditsmart.app               D  âš–ï¸ App protegido por lei (TJMG): com.android.internal.emulation.pixel_6_pro - InstituiÃ§Ã£o financeira (TJMG)
2025-12-08 18:00:31.243 13609-13965 CategoryMapper          com.cdccreditsmart.app               D  ðŸ›¡ï¸ App protegido (nÃ£o bloqueia): com.android.internal.emulation.pixel_6_pro
2025-12-08 18:00:31.246 13609-13965 LegalWhitelist          com.cdccreditsmart.app               D  âš–ï¸ App financeiro protegido: com.android.internal.emulation.pixel_7_pro
2025-12-08 18:00:31.248 13609-13965 CategoryMapper          com.cdccreditsmart.app               D  âš–ï¸ App protegido por lei (TJMG): com.android.internal.emulation.pixel_7_pro - InstituiÃ§Ã£o financeira (TJMG)
2025-12-08 18:00:31.249 13609-13965 CategoryMapper          com.cdccreditsmart.app               D  ðŸ›¡ï¸ App protegido (nÃ£o bloqueia): com.android.internal.emulation.pixel_7_pro
2025-12-08 18:00:31.252 13609-13965 LegalWhitelist          com.cdccreditsmart.app               D  âš–ï¸ App financeiro protegido: com.android.internal.emulation.pixel_8_pro
2025-12-08 18:00:31.253 13609-13965 CategoryMapper          com.cdccreditsmart.app               D  âš–ï¸ App protegido por lei (TJMG): com.android.internal.emulation.pixel_8_pro - InstituiÃ§Ã£o financeira (TJMG)
2025-12-08 18:00:31.253 13609-13965 CategoryMapper          com.cdccreditsmart.app               D  ðŸ›¡ï¸ App protegido (nÃ£o bloqueia): com.android.internal.emulation.pixel_8_pro
2025-12-08 18:00:31.253 13609-13965 LegalWhitelist          com.cdccreditsmart.app               D  âš–ï¸ App financeiro protegido: com.android.internal.emulation.pixel_9_pro
2025-12-08 18:00:31.253 13609-13965 CategoryMapper          com.cdccreditsmart.app               D  âš–ï¸ App protegido por lei (TJMG): com.android.internal.emulation.pixel_9_pro - InstituiÃ§Ã£o financeira (TJMG)
2025-12-08 18:00:31.253 13609-13965 CategoryMapper          com.cdccreditsmart.app               D  ðŸ›¡ï¸ App protegido (nÃ£o bloqueia): com.android.internal.emulation.pixel_9_pro
2025-12-08 18:00:31.255 13609-13965 CategoryMapper          com.cdccreditsmart.app               D  ðŸ›¡ï¸ App crÃ­tico do sistema detectado: com.google.android.providers.media.module
2025-12-08 18:00:31.255 13609-13965 CategoryMapper          com.cdccreditsmart.app               D  ðŸ›¡ï¸ App protegido (nÃ£o bloqueia): com.google.android.providers.media.module
2025-12-08 18:00:31.255 13609-13965 LegalWhitelist          com.cdccreditsmart.app               D  âš–ï¸ App financeiro protegido: com.android.internal.emulation.pixel_3a
2025-12-08 18:00:31.255 13609-13965 CategoryMapper          com.cdccreditsmart.app               D  âš–ï¸ App protegido por lei (TJMG): com.android.internal.emulation.pixel_3a - InstituiÃ§Ã£o financeira (TJMG)
2025-12-08 18:00:31.255 13609-13965 CategoryMapper          com.cdccreditsmart.app               D  ðŸ›¡ï¸ App protegido (nÃ£o bloqueia): com.android.internal.emulation.pixel_3a
2025-12-08 18:00:31.255 13609-13965 LegalWhitelist          com.cdccreditsmart.app               D  âš–ï¸ App financeiro protegido: com.android.internal.emulation.pixel_4a
2025-12-08 18:00:31.259 13856-13856 TamperDetection         com.cdccreditsmart.app               I  ========================================
2025-12-08 18:00:31.259 13856-13856 TamperDetection         com.cdccreditsmart.app               I  ðŸ” VERIFICANDO INTEGRIDADE DO DISPOSITIVO
2025-12-08 18:00:31.259 13856-13856 TamperDetection         com.cdccreditsmart.app               I  ========================================
2025-12-08 18:00:31.260 13856-14080 CDCApplication          com.cdccreditsmart.app               D  ðŸ‘¤ App nÃ£o Ã© Device Owner - pulando criaÃ§Ã£o de usuÃ¡rio secundÃ¡rio
2025-12-08 18:00:31.260 13609-13965 CategoryMapper          com.cdccreditsmart.app               D  âš–ï¸ App protegido por lei (TJMG): com.android.internal.emulation.pixel_4a - InstituiÃ§Ã£o financeira (TJMG)
2025-12-08 18:00:31.260 13609-13965 CategoryMapper          com.cdccreditsmart.app               D  ðŸ›¡ï¸ App protegido (nÃ£o bloqueia): com.android.internal.emulation.pixel_4a
2025-12-08 18:00:31.260 13609-13965 LegalWhitelist          com.cdccreditsmart.app               D  âš–ï¸ App financeiro protegido: com.android.internal.emulation.pixel_6a
2025-12-08 18:00:31.260 13609-13965 CategoryMapper          com.cdccreditsmart.app               D  âš–ï¸ App protegido por lei (TJMG): com.android.internal.emulation.pixel_6a - InstituiÃ§Ã£o financeira (TJMG)
2025-12-08 18:00:31.274 13609-13965 CategoryMapper          com.cdccreditsmart.app               D  ðŸ›¡ï¸ App protegido (nÃ£o bloqueia): com.android.internal.emulation.pixel_6a
2025-12-08 18:00:31.274 13609-13965 LegalWhitelist          com.cdccreditsmart.app               D  âš–ï¸ App financeiro protegido: com.android.internal.emulation.pixel_7a
2025-12-08 18:00:31.275 13609-13965 CategoryMapper          com.cdccreditsmart.app               D  âš–ï¸ App protegido por lei (TJMG): com.android.internal.emulation.pixel_7a - InstituiÃ§Ã£o financeira (TJMG)
2025-12-08 18:00:31.275 13609-13965 CategoryMapper          com.cdccreditsmart.app               D  ðŸ›¡ï¸ App protegido (nÃ£o bloqueia): com.android.internal.emulation.pixel_7a
2025-12-08 18:00:31.275 13609-13965 LegalWhitelist          com.cdccreditsmart.app               D  âš–ï¸ App financeiro protegido: com.android.internal.emulation.pixel_8a
2025-12-08 18:00:31.279 13609-13965 CategoryMapper          com.cdccreditsmart.app               D  âš–ï¸ App protegido por lei (TJMG): com.android.internal.emulation.pixel_8a - InstituiÃ§Ã£o financeira (TJMG)
2025-12-08 18:00:31.279 13609-13965 CategoryMapper          com.cdccreditsmart.app               D  ðŸ›¡ï¸ App protegido (nÃ£o bloqueia): com.android.internal.emulation.pixel_8a
2025-12-08 18:00:31.282 13609-13965 LegalWhitelist          com.cdccreditsmart.app               D  âš–ï¸ App financeiro protegido: com.android.internal.emulation.pixel_9a
2025-12-08 18:00:31.283 13609-13965 CategoryMapper          com.cdccreditsmart.app               D  âš–ï¸ App protegido por lei (TJMG): com.android.internal.emulation.pixel_9a - InstituiÃ§Ã£o financeira (TJMG)
2025-12-08 18:00:31.283 13609-13965 CategoryMapper          com.cdccreditsmart.app               D  ðŸ›¡ï¸ App protegido (nÃ£o bloqueia): com.android.internal.emulation.pixel_9a
2025-12-08 18:00:31.285 13609-13965 CategoryMapper          com.cdccreditsmart.app               D  âœ… App bloqueÃ¡vel detectado: com.google.android.overlay.googlewebview
2025-12-08 18:00:31.288 13609-13965 CategoryMapper          com.cdccreditsmart.app               D  âœ… App bloqueÃ¡vel detectado: com.google.android.apps.safetyhub
2025-12-08 18:00:31.290 13609-13965 LegalWhitelist          com.cdccreditsmart.app               D  âš–ï¸ App financeiro protegido: com.android.systemui.plugin.globalactions.wallet
2025-12-08 18:00:31.296 13609-13965 CategoryMapper          com.cdccreditsmart.app               D  âš–ï¸ App protegido por lei (TJMG): com.android.systemui.plugin.globalactions.wallet - InstituiÃ§Ã£o financeira (TJMG)
2025-12-08 18:00:31.296 13609-13965 CategoryMapper          com.cdccreditsmart.app               D  ðŸ›¡ï¸ App protegido (nÃ£o bloqueia): com.android.systemui.plugin.globalactions.wallet
2025-12-08 18:00:31.299 13609-13965 CategoryMapper          com.cdccreditsmart.app               D  ðŸ›¡ï¸ App crÃ­tico do sistema detectado: com.android.providers.downloads.ui
2025-12-08 18:00:31.299 13609-13965 CategoryMapper          com.cdccreditsmart.app               D  ðŸ›¡ï¸ App protegido (nÃ£o bloqueia): com.android.providers.downloads.ui
2025-12-08 18:00:31.302 13856-14056 CompatChangeReporter    com.cdccreditsmart.app               D  Compat change id reported: 312399441; UID 1010219; state: ENABLED
2025-12-08 18:00:31.302 13609-13965 CategoryMapper          com.cdccreditsmart.app               D  âœ… App bloqueÃ¡vel detectado: com.google.android.hotspot2.osulogin
2025-12-08 18:00:31.313 13609-13965 CategoryMapper          com.cdccreditsmart.app               D  âœ… App bloqueÃ¡vel detectado: com.android.vending
2025-12-08 18:00:31.314 13609-13965 CategoryMapper          com.cdccreditsmart.app               D  ðŸ”’ Marcado para bloqueio: com.android.vending
2025-12-08 18:00:31.319 13609-13965 CategoryMapper          com.cdccreditsmart.app               D  âœ… App bloqueÃ¡vel detectado: com.android.pacprocessor
2025-12-08 18:00:31.327 13609-13965 CategoryMapper          com.cdccreditsmart.app               D  âœ… App bloqueÃ¡vel detectado: com.android.simappdialog
2025-12-08 18:00:31.337 13609-14012 LauncherIconProtector   com.cdccreditsmart.app               D  âœ… Atalho jÃ¡ existe na home screen
2025-12-08 18:00:31.337 13609-14012 IconProtectionWorker    com.cdccreditsmart.app               I  ðŸ“Š EstatÃ­sticas: Ã­cone restaurado 1 vezes
2025-12-08 18:00:31.337 13609-14012 IconProtectionWorker    com.cdccreditsmart.app               D  âœ… VerificaÃ§Ã£o de Ã­cone concluÃ­da
2025-12-08 18:00:31.338 13609-13647 WM-WorkerWrapper        com.cdccreditsmart.app               I  Worker result SUCCESS for Work [ id=f9447404-c090-42c2-93f3-a7007c994b73, tags={ com.cdccreditsmart.app.workers.IconProtectionWorker } ]
2025-12-08 18:00:31.345 13609-13965 CategoryMapper          com.cdccreditsmart.app               D  âœ… App bloqueÃ¡vel detectado: com.google.android.adservices.api
2025-12-08 18:00:31.345 13609-13965 LegalWhitelist          com.cdccreditsmart.app               D  âš–ï¸ App financeiro protegido: com.android.internal.display.cutout.emulation.hole
2025-12-08 18:00:31.346 13609-13965 CategoryMapper          com.cdccreditsmart.app               D  âš–ï¸ App protegido por lei (TJMG): com.android.internal.display.cutout.emulation.hole - InstituiÃ§Ã£o financeira (TJMG)
2025-12-08 18:00:31.346 13609-13965 CategoryMapper          com.cdccreditsmart.app               D  ðŸ›¡ï¸ App protegido (nÃ£o bloqueia): com.android.internal.display.cutout.emulation.hole
2025-12-08 18:00:31.346 13609-13965 LegalWhitelist          com.cdccreditsmart.app               D  âš–ï¸ App financeiro protegido: com.android.internal.display.cutout.emulation.tall
2025-12-08 18:00:31.346 13609-13965 CategoryMapper          com.cdccreditsmart.app               D  âš–ï¸ App protegido por lei (TJMG): com.android.internal.display.cutout.emulation.tall - InstituiÃ§Ã£o financeira (TJMG)
2025-12-08 18:00:31.346 13609-13965 CategoryMapper          com.cdccreditsmart.app               D  ðŸ›¡ï¸ App protegido (nÃ£o bloqueia): com.android.internal.display.cutout.emulation.tall
2025-12-08 18:00:31.353 13609-13965 CategoryMapper          com.cdccreditsmart.app               D  âœ… App bloqueÃ¡vel detectado: com.android.certinstaller
2025-12-08 18:00:31.361 13609-13965 CategoryMapper          com.cdccreditsmart.app               D  âœ… App bloqueÃ¡vel detectado: com.android.carrierconfig
2025-12-08 18:00:31.367 13609-13965 CategoryMapper          com.cdccreditsmart.app               D  âœ… App bloqueÃ¡vel detectado: com.google.android.marvin.talkback
2025-12-08 18:00:31.372 13609-13965 CategoryMapper          com.cdccreditsmart.app               D  âœ… App bloqueÃ¡vel detectado: com.google.android.apps.accessibility.voiceaccess
2025-12-08 18:00:31.373 13609-13965 LegalWhitelist          com.cdccreditsmart.app               D  âš–ï¸ App financeiro protegido: com.android.internal.systemui.navbar.threebutton
2025-12-08 18:00:31.375 13609-13965 CategoryMapper          com.cdccreditsmart.app               D  âš–ï¸ App protegido por lei (TJMG): com.android.internal.systemui.navbar.threebutton - InstituiÃ§Ã£o financeira (TJMG)
2025-12-08 18:00:31.375 13609-13965 CategoryMapper          com.cdccreditsmart.app               D  ðŸ›¡ï¸ App protegido (nÃ£o bloqueia): com.android.internal.systemui.navbar.threebutton
2025-12-08 18:00:31.377 13609-13965 CategoryMapper          com.cdccreditsmart.app               D  ðŸ›¡ï¸ App protegido (nÃ£o bloqueia): android
2025-12-08 18:00:31.377 13609-13965 LegalWhitelist          com.cdccreditsmart.app               D  âš–ï¸ App financeiro protegido: com.android.camera2
2025-12-08 18:00:31.378 13609-13965 CategoryMapper          com.cdccreditsmart.app               D  âš–ï¸ App protegido por lei (TJMG): com.android.camera2 - InstituiÃ§Ã£o financeira (TJMG)
2025-12-08 18:00:31.378 13609-13965 CategoryMapper          com.cdccreditsmart.app               D  ðŸ›¡ï¸ App protegido (nÃ£o bloqueia): com.android.camera2
2025-12-08 18:00:31.379 13609-13965 LegalWhitelist          com.cdccreditsmart.app               D  âš–ï¸ App financeiro protegido: com.android.internal.ranchu.commonoverlay
2025-12-08 18:00:31.382 13609-13965 CategoryMapper          com.cdccreditsmart.app               D  âš–ï¸ App protegido por lei (TJMG): com.android.internal.ranchu.commonoverlay - InstituiÃ§Ã£o financeira (TJMG)
2025-12-08 18:00:31.384 13609-13965 CategoryMapper          com.cdccreditsmart.app               D  ðŸ›¡ï¸ App protegido (nÃ£o bloqueia): com.android.internal.ranchu.commonoverlay
2025-12-08 18:00:31.389 13609-13965 CategoryMapper          com.cdccreditsmart.app               D  âœ… App bloqueÃ¡vel detectado: com.google.android.sdksandbox
2025-12-08 18:00:31.394 13609-13965 CategoryMapper          com.cdccreditsmart.app               D  âœ… App bloqueÃ¡vel detectado: com.android.egg
2025-12-08 18:00:31.399 13609-13965 CategoryMapper          com.cdccreditsmart.app               D  âœ… App bloqueÃ¡vel detectado: com.android.mtp
2025-12-08 18:00:31.400 13609-13965 CategoryMapper          com.cdccreditsmart.app               D  ðŸ›¡ï¸ App protegido (nÃ£o bloqueia): com.android.nfc
2025-12-08 18:00:31.402 13609-13965 CategoryMapper          com.cdccreditsmart.app               D  âœ… App bloqueÃ¡vel detectado: com.android.ons
2025-12-08 18:00:31.403 13609-13965 CategoryMapper          com.cdccreditsmart.app               D  âœ… App bloqueÃ¡vel detectado: com.android.stk
2025-12-08 18:00:31.416 13609-13965 CategoryMapper          com.cdccreditsmart.app               D  âœ… App bloqueÃ¡vel detectado: com.android.backupconfirm
2025-12-08 18:00:31.422 13609-13965 CategoryMapper          com.cdccreditsmart.app               D  ðŸ›¡ï¸ App crÃ­tico do sistema detectado: com.android.systemui.auto_generated_rro_vendor__
2025-12-08 18:00:31.422 13609-13965 CategoryMapper          com.cdccreditsmart.app               D  ðŸ›¡ï¸ App protegido (nÃ£o bloqueia): com.android.systemui.auto_generated_rro_vendor__
2025-12-08 18:00:31.436 13609-13965 CategoryMapper          com.cdccreditsmart.app               D  âœ… App bloqueÃ¡vel detectado: com.google.android.deskclock
2025-12-08 18:00:31.437 13609-13965 LegalWhitelist          com.cdccreditsmart.app               D  âš–ï¸ App financeiro protegido: com.android.internal.systemui.navbar.twobutton
2025-12-08 18:00:31.438 13856-14056 ashmem                  com.cdccreditsmart.app               E  Pinning is deprecated since Android Q. Please use trim or other methods.
2025-12-08 18:00:31.437 13609-13965 CategoryMapper          com.cdccreditsmart.app               D  âš–ï¸ App protegido por lei (TJMG): com.android.internal.systemui.navbar.twobutton - InstituiÃ§Ã£o financeira (TJMG)
2025-12-08 18:00:31.437 13609-13965 CategoryMapper          com.cdccreditsmart.app               D  ðŸ›¡ï¸ App protegido (nÃ£o bloqueia): com.android.internal.systemui.navbar.twobutton
2025-12-08 18:00:31.450 13609-13661 ContractCodeStorage     com.cdccreditsmart.app               D  Storage verification: 7 valid, 0 tampered, 0 missing
2025-12-08 18:00:31.457 13609-13661 ContractCodeStorage     com.cdccreditsmart.app               D  Contract code retrieved successfully
2025-12-08 18:00:31.458 13609-13661 AuthOrchestrator        com.cdccreditsmart.app               D  âœ… CÃ³digo de pareamento encontrado: XV8W****
2025-12-08 18:00:31.461 13609-13965 CategoryMapper          com.cdccreditsmart.app               D  âœ… App bloqueÃ¡vel detectado: com.google.android.as
2025-12-08 18:00:31.465 13609-13965 CategoryMapper          com.cdccreditsmart.app               D  ðŸ›¡ï¸ App protegido (nÃ£o bloqueia): com.google.android.gm
2025-12-08 18:00:31.467 13609-13965 LegalWhitelist          com.cdccreditsmart.app               D  âš–ï¸ App financeiro protegido: com.android.compos.payload
2025-12-08 18:00:31.468 13609-13965 CategoryMapper          com.cdccreditsmart.app               D  âš–ï¸ App protegido por lei (TJMG): com.android.compos.payload - InstituiÃ§Ã£o financeira (TJMG)
2025-12-08 18:00:31.468 13609-13965 CategoryMapper          com.cdccreditsmart.app               D  ðŸ›¡ï¸ App protegido (nÃ£o bloqueia): com.android.compos.payload
2025-12-08 18:00:31.518 13609-13661 SecureTokenStorage      com.cdccreditsmart.app               D  EncryptedSharedPreferences initialized successfully
2025-12-08 18:00:31.521 13609-13965 CategoryMapper          com.cdccreditsmart.app               D  ðŸ›¡ï¸ App crÃ­tico do sistema detectado: com.android.systemui.accessibility.accessibilitymenu
2025-12-08 18:00:31.522 13609-13965 CategoryMapper          com.cdccreditsmart.app               D  ðŸ›¡ï¸ App protegido (nÃ£o bloqueia): com.android.systemui.accessibility.accessibilitymenu
2025-12-08 18:00:31.523 13609-13661 AuthOrchestrator        com.cdccreditsmart.app               D  ðŸ”‘ Token existente encontrado - validando no servidor...
2025-12-08 18:00:31.524 13609-13965 CategoryMapper          com.cdccreditsmart.app               D  ðŸ›¡ï¸ App protegido (nÃ£o bloqueia): com.google.android.permissioncontroller
2025-12-08 18:00:31.526 13609-13965 LegalWhitelist          com.cdccreditsmart.app               D  âš–ï¸ App financeiro protegido: com.android.systemui.emulation.pixel_3
2025-12-08 18:00:31.527 13609-13965 CategoryMapper          com.cdccreditsmart.app               D  âš–ï¸ App protegido por lei (TJMG): com.android.systemui.emulation.pixel_3 - InstituiÃ§Ã£o financeira (TJMG)
2025-12-08 18:00:31.527 13609-13965 CategoryMapper          com.cdccreditsmart.app               D  ðŸ›¡ï¸ App protegido (nÃ£o bloqueia): com.android.systemui.emulation.pixel_3
2025-12-08 18:00:31.527 13609-13965 LegalWhitelist          com.cdccreditsmart.app               D  âš–ï¸ App financeiro protegido: com.android.systemui.emulation.pixel_4
2025-12-08 18:00:31.528 13609-13965 CategoryMapper          com.cdccreditsmart.app               D  âš–ï¸ App protegido por lei (TJMG): com.android.systemui.emulation.pixel_4 - InstituiÃ§Ã£o financeira (TJMG)
2025-12-08 18:00:31.528 13609-13965 CategoryMapper          com.cdccreditsmart.app               D  ðŸ›¡ï¸ App protegido (nÃ£o bloqueia): com.android.systemui.emulation.pixel_4
2025-12-08 18:00:31.529 13609-13965 LegalWhitelist          com.cdccreditsmart.app               D  âš–ï¸ App financeiro protegido: com.android.systemui.emulation.pixel_5
2025-12-08 18:00:31.529 13609-13965 CategoryMapper          com.cdccreditsmart.app               D  âš–ï¸ App protegido por lei (TJMG): com.android.systemui.emulation.pixel_5 - InstituiÃ§Ã£o financeira (TJMG)
2025-12-08 18:00:31.529 13609-13965 CategoryMapper          com.cdccreditsmart.app               D  ðŸ›¡ï¸ App protegido (nÃ£o bloqueia): com.android.systemui.emulation.pixel_5
2025-12-08 18:00:31.531 13609-13965 LegalWhitelist          com.cdccreditsmart.app               D  âš–ï¸ App financeiro protegido: com.android.systemui.emulation.pixel_6
2025-12-08 18:00:31.532 13609-13965 CategoryMapper          com.cdccreditsmart.app               D  âš–ï¸ App protegido por lei (TJMG): com.android.systemui.emulation.pixel_6 - InstituiÃ§Ã£o financeira (TJMG)
2025-12-08 18:00:31.532 13609-13965 CategoryMapper          com.cdccreditsmart.app               D  ðŸ›¡ï¸ App protegido (nÃ£o bloqueia): com.android.systemui.emulation.pixel_6
2025-12-08 18:00:31.532 13609-13965 LegalWhitelist          com.cdccreditsmart.app               D  âš–ï¸ App financeiro protegido: com.android.systemui.emulation.pixel_7
2025-12-08 18:00:31.532 13609-13965 CategoryMapper          com.cdccreditsmart.app               D  âš–ï¸ App protegido por lei (TJMG): com.android.systemui.emulation.pixel_7 - InstituiÃ§Ã£o financeira (TJMG)
2025-12-08 18:00:31.532 13609-13965 CategoryMapper          com.cdccreditsmart.app               D  ðŸ›¡ï¸ App protegido (nÃ£o bloqueia): com.android.systemui.emulation.pixel_7
2025-12-08 18:00:31.536 13609-13965 LegalWhitelist          com.cdccreditsmart.app               D  âš–ï¸ App financeiro protegido: com.android.systemui.emulation.pixel_8
2025-12-08 18:00:31.537 13609-13965 CategoryMapper          com.cdccreditsmart.app               D  âš–ï¸ App protegido por lei (TJMG): com.android.systemui.emulation.pixel_8 - InstituiÃ§Ã£o financeira (TJMG)
2025-12-08 18:00:31.537 13609-13965 CategoryMapper          com.cdccreditsmart.app               D  ðŸ›¡ï¸ App protegido (nÃ£o bloqueia): com.android.systemui.emulation.pixel_8
2025-12-08 18:00:31.537 13609-13965 LegalWhitelist          com.cdccreditsmart.app               D  âš–ï¸ App financeiro protegido: com.android.systemui.emulation.pixel_9
2025-12-08 18:00:31.545 13609-13965 CategoryMapper          com.cdccreditsmart.app               D  âš–ï¸ App protegido por lei (TJMG): com.android.systemui.emulation.pixel_9 - InstituiÃ§Ã£o financeira (TJMG)
2025-12-08 18:00:31.545 13609-13965 CategoryMapper          com.cdccreditsmart.app               D  ðŸ›¡ï¸ App protegido (nÃ£o bloqueia): com.android.systemui.emulation.pixel_9
2025-12-08 18:00:31.562 13609-13965 CategoryMapper          com.cdccreditsmart.app               D  âœ… App bloqueÃ¡vel detectado: com.android.emulator.radio.config
2025-12-08 18:00:31.570 13609-13965 CategoryMapper          com.cdccreditsmart.app               D  âœ… App bloqueÃ¡vel detectado: com.google.android.bluetooth
2025-12-08 18:00:31.578 13609-13965 CategoryMapper          com.cdccreditsmart.app               D  ðŸ›¡ï¸ App protegido (nÃ£o bloqueia): com.android.providers.settings
2025-12-08 18:00:31.582 13609-13965 CategoryMapper          com.cdccreditsmart.app               D  âœ… App bloqueÃ¡vel detectado: com.android.sharedstoragebackup
2025-12-08 18:00:31.593 13609-13965 LegalWhitelist          com.cdccreditsmart.app               D  âš–ï¸ App financeiro protegido: com.android.printspooler
2025-12-08 18:00:31.595 13609-13965 CategoryMapper          com.cdccreditsmart.app               D  âš–ï¸ App protegido por lei (TJMG): com.android.printspooler - InstituiÃ§Ã£o financeira (TJMG)
2025-12-08 18:00:31.595 13609-13965 CategoryMapper          com.cdccreditsmart.app               D  ðŸ›¡ï¸ App protegido (nÃ£o bloqueia): com.android.printspooler
2025-12-08 18:00:31.603 13609-13965 CategoryMapper          com.cdccreditsmart.app               D  âœ… App bloqueÃ¡vel detectado: com.google.android.connectivity.resources.goldfish.overlay
2025-12-08 18:00:31.645 13609-13965 CategoryMapper          com.cdccreditsmart.app               D  âœ… App bloqueÃ¡vel detectado: com.android.virtualization.terminal
2025-12-08 18:00:31.647 13609-13965 CategoryMapper          com.cdccreditsmart.app               D  âœ… App bloqueÃ¡vel detectado: com.android.dreams.basic
2025-12-08 18:00:31.650 13609-13965 CategoryMapper          com.cdccreditsmart.app               D  âœ… App bloqueÃ¡vel detectado: com.google.android.networkstack.tethering.emulator
2025-12-08 18:00:31.665 13609-13965 CategoryMapper          com.cdccreditsmart.app               D  ðŸ›¡ï¸ App crÃ­tico do sistema detectado: com.android.providers.settings.auto_generated_rro_product__
2025-12-08 18:00:31.665 13609-13965 CategoryMapper          com.cdccreditsmart.app               D  ðŸ›¡ï¸ App protegido (nÃ£o bloqueia): com.android.providers.settings.auto_generated_rro_product__
2025-12-08 18:00:31.672 13609-13965 CategoryMapper          com.cdccreditsmart.app               D  âœ… App bloqueÃ¡vel detectado: com.google.android.as.oss
2025-12-08 18:00:31.681 13609-13965 CategoryMapper          com.cdccreditsmart.app               D  âœ… App bloqueÃ¡vel detectado: com.android.se
2025-12-08 18:00:31.693 13609-13965 CategoryMapper          com.cdccreditsmart.app               D  âœ… App bloqueÃ¡vel detectado: com.android.inputdevices
2025-12-08 18:00:31.698 13609-14018 okhttp.OkHttpClient     com.cdccreditsmart.app               I  --> GET https://cdccreditsmart.com/api/apk/device/status
2025-12-08 18:00:31.698 13609-14018 okhttp.OkHttpClient     com.cdccreditsmart.app               I  Authorization: Bearer eyJhbGciOiJIUzI1NiIsInR5cCI6IkpXVCJ9.eyJkZXZpY2VJZCI6ImRldmljZV8xNzY1MTQ4NzcxNDYyXzR0ZXd3NDJwMTE0IiwiYXBrVG9rZW4iOiJYVjhXNTc2NiIsInR5cGUiOiJhcGsiLCJleHBpcmVzSW4iOiIyNGgiLCJpYXQiOjE3NjUyMjc1NTQsImV4cCI6MTc2NTMxMzk1NH0._U5IO56ieP1NSXFOf_rH4Z5TKT1EkGQK63t6Eq3TstM
2025-12-08 18:00:31.698 13609-14018 okhttp.OkHttpClient     com.cdccreditsmart.app               I  --> END GET
2025-12-08 18:00:31.714 13609-13965 CategoryMapper          com.cdccreditsmart.app               D  âœ… App bloqueÃ¡vel detectado: com.android.traceur.auto_generated_rro_product__
2025-12-08 18:00:31.717 13609-13660 ContractCodeStorage     com.cdccreditsmart.app               D  Storage verification: 7 valid, 0 tampered, 0 missing
2025-12-08 18:00:31.717 13609-13660 ContractCodeStorage     com.cdccreditsmart.app               D  Contract code retrieved successfully
2025-12-08 18:00:31.747 13609-13965 CategoryMapper          com.cdccreditsmart.app               D  âœ… App bloqueÃ¡vel detectado: com.google.android.apps.wellbeing
2025-12-08 18:00:31.748 13609-13965 LegalWhitelist          com.cdccreditsmart.app               D  âš–ï¸ App financeiro protegido: com.android.internal.emulation.pixel_9_pro_fold
2025-12-08 18:00:31.748 13609-13965 CategoryMapper          com.cdccreditsmart.app               D  âš–ï¸ App protegido por lei (TJMG): com.android.internal.emulation.pixel_9_pro_fold - InstituiÃ§Ã£o financeira (TJMG)
2025-12-08 18:00:31.748 13609-13965 CategoryMapper          com.cdccreditsmart.app               D  ðŸ›¡ï¸ App protegido (nÃ£o bloqueia): com.android.internal.emulation.pixel_9_pro_fold
2025-12-08 18:00:31.748 13609-13965 CategoryMapper          com.cdccreditsmart.app               D  âš–ï¸ App protegido por lei (TJMG): com.google.android.dialer - Chamadas telefÃ´nicas (TJMG)
2025-12-08 18:00:31.748 13609-13965 CategoryMapper          com.cdccreditsmart.app               D  ðŸ›¡ï¸ App protegido (nÃ£o bloqueia): com.google.android.dialer
2025-12-08 18:00:31.761 13609-13965 CategoryMapper          com.cdccreditsmart.app               D  âœ… App bloqueÃ¡vel detectado: com.android.bips
2025-12-08 18:00:31.761 13609-13965 LegalWhitelist          com.cdccreditsmart.app               D  âš–ï¸ App financeiro protegido: com.android.internal.emulation.pixel_3
2025-12-08 18:00:31.763 13609-13965 CategoryMapper          com.cdccreditsmart.app               D  âš–ï¸ App protegido por lei (TJMG): com.android.internal.emulation.pixel_3 - InstituiÃ§Ã£o financeira (TJMG)
2025-12-08 18:00:31.764 13609-13965 CategoryMapper          com.cdccreditsmart.app               D  ðŸ›¡ï¸ App protegido (nÃ£o bloqueia): com.android.internal.emulation.pixel_3
2025-12-08 18:00:31.764 13609-13965 LegalWhitelist          com.cdccreditsmart.app               D  âš–ï¸ App financeiro protegido: com.android.internal.emulation.pixel_4
2025-12-08 18:00:31.765 13609-13965 CategoryMapper          com.cdccreditsmart.app               D  âš–ï¸ App protegido por lei (TJMG): com.android.internal.emulation.pixel_4 - InstituiÃ§Ã£o financeira (TJMG)
2025-12-08 18:00:31.765 13609-13965 CategoryMapper          com.cdccreditsmart.app               D  ðŸ›¡ï¸ App protegido (nÃ£o bloqueia): com.android.internal.emulation.pixel_4
2025-12-08 18:00:31.765 13609-13965 LegalWhitelist          com.cdccreditsmart.app               D  âš–ï¸ App financeiro protegido: com.android.internal.emulation.pixel_5
2025-12-08 18:00:31.768 13609-13965 CategoryMapper          com.cdccreditsmart.app               D  âš–ï¸ App protegido por lei (TJMG): com.android.internal.emulation.pixel_5 - InstituiÃ§Ã£o financeira (TJMG)
2025-12-08 18:00:31.768 13609-13965 CategoryMapper          com.cdccreditsmart.app               D  ðŸ›¡ï¸ App protegido (nÃ£o bloqueia): com.android.internal.emulation.pixel_5
2025-12-08 18:00:31.768 13609-13965 LegalWhitelist          com.cdccreditsmart.app               D  âš–ï¸ App financeiro protegido: com.android.internal.emulation.pixel_6
2025-12-08 18:00:31.779 13609-13965 CategoryMapper          com.cdccreditsmart.app               D  âš–ï¸ App protegido por lei (TJMG): com.android.internal.emulation.pixel_6 - InstituiÃ§Ã£o financeira (TJMG)
2025-12-08 18:00:31.780 13609-13965 CategoryMapper          com.cdccreditsmart.app               D  ðŸ›¡ï¸ App protegido (nÃ£o bloqueia): com.android.internal.emulation.pixel_6
2025-12-08 18:00:31.780 13609-13965 LegalWhitelist          com.cdccreditsmart.app               D  âš–ï¸ App financeiro protegido: com.android.internal.emulation.pixel_7
2025-12-08 18:00:31.781 13609-13965 CategoryMapper          com.cdccreditsmart.app               D  âš–ï¸ App protegido por lei (TJMG): com.android.internal.emulation.pixel_7 - InstituiÃ§Ã£o financeira (TJMG)
2025-12-08 18:00:31.781 13609-13965 CategoryMapper          com.cdccreditsmart.app               D  ðŸ›¡ï¸ App protegido (nÃ£o bloqueia): com.android.internal.emulation.pixel_7
2025-12-08 18:00:31.781 13609-13965 LegalWhitelist          com.cdccreditsmart.app               D  âš–ï¸ App financeiro protegido: com.android.internal.emulation.pixel_8
2025-12-08 18:00:31.782 13609-13965 CategoryMapper          com.cdccreditsmart.app               D  âš–ï¸ App protegido por lei (TJMG): com.android.internal.emulation.pixel_8 - InstituiÃ§Ã£o financeira (TJMG)
2025-12-08 18:00:31.782 13609-13965 CategoryMapper          com.cdccreditsmart.app               D  ðŸ›¡ï¸ App protegido (nÃ£o bloqueia): com.android.internal.emulation.pixel_8
2025-12-08 18:00:31.784 13609-13965 LegalWhitelist          com.cdccreditsmart.app               D  âš–ï¸ App financeiro protegido: com.android.internal.emulation.pixel_9
2025-12-08 18:00:31.784 13609-13965 CategoryMapper          com.cdccreditsmart.app               D  âš–ï¸ App protegido por lei (TJMG): com.android.internal.emulation.pixel_9 - InstituiÃ§Ã£o financeira (TJMG)
2025-12-08 18:00:31.784 13609-13965 CategoryMapper          com.cdccreditsmart.app               D  ðŸ›¡ï¸ App protegido (nÃ£o bloqueia): com.android.internal.emulation.pixel_9
2025-12-08 18:00:31.793 13609-13660 SecureTokenStorage      com.cdccreditsmart.app               D  EncryptedSharedPreferences initialized successfully
2025-12-08 18:00:31.795 13609-13965 CategoryMapper          com.cdccreditsmart.app               D  âœ… App bloqueÃ¡vel detectado: com.google.android.captiveportallogin
2025-12-08 18:00:31.801 13609-13965 CategoryMapper          com.cdccreditsmart.app               D  âœ… App bloqueÃ¡vel detectado: android.auto_generated_characteristics_rro
2025-12-08 18:00:31.813 13609-13965 CategoryMapper          com.cdccreditsmart.app               D  âœ… App bloqueÃ¡vel detectado: com.google.android.appsearch.apk
2025-12-08 18:00:31.843 13609-13965 CategoryMapper          com.cdccreditsmart.app               D  âœ… App bloqueÃ¡vel detectado: com.android.musicfx
2025-12-08 18:00:31.852 13609-13965 CategoryMapper          com.cdccreditsmart.app               D  âœ… App bloqueÃ¡vel detectado: com.google.android.apps.docs
2025-12-08 18:00:31.874 13609-13965 CategoryMapper          com.cdccreditsmart.app               D  âœ… App bloqueÃ¡vel detectado: com.google.android.apps.maps
2025-12-08 18:00:31.881 13609-13965 CategoryMapper          com.cdccreditsmart.app               D  âœ… App bloqueÃ¡vel detectado: com.google.android.modulemetadata
2025-12-08 18:00:31.883 13609-13965 LegalWhitelist          com.cdccreditsmart.app               D  âš–ï¸ App financeiro protegido: com.android.internal.display.cutout.emulation.emu01
2025-12-08 18:00:31.883 13609-13965 CategoryMapper          com.cdccreditsmart.app               D  âš–ï¸ App protegido por lei (TJMG): com.android.internal.display.cutout.emulation.emu01 - InstituiÃ§Ã£o financeira (TJMG)
2025-12-08 18:00:31.883 13609-13965 CategoryMapper          com.cdccreditsmart.app               D  ðŸ›¡ï¸ App protegido (nÃ£o bloqueia): com.android.internal.display.cutout.emulation.emu01
2025-12-08 18:00:31.899 13609-13965 CategoryMapper          com.cdccreditsmart.app               D  âœ… App bloqueÃ¡vel detectado: com.google.android.avatarpicker
2025-12-08 18:00:31.900 13856-13856 creditsmart.app         com.cdccreditsmart.app               W  Verification of java.lang.Object com.google.crypto.tink.proto.AesCmacKeyFormat.dynamicMethod(com.google.crypto.tink.shaded.protobuf.GeneratedMessageLite$MethodToInvoke, java.lang.Object, java.lang.Object) took 122.554ms (848.60 bytecodes/s) (0B arena alloc)
2025-12-08 18:00:31.918 13609-13660 CdcForegroundService    com.cdccreditsmart.app               I  ðŸ“¦ Construindo manifesto:
2025-12-08 18:00:31.918 13609-13660 CdcForegroundService    com.cdccreditsmart.app               I     ContractCode: XV8W5766...
2025-12-08 18:00:31.918 13609-13660 CdcForegroundService    com.cdccreditsmart.app               I     DeviceId: device_176...
2025-12-08 18:00:31.918 13609-13660 CdcForegroundService    com.cdccreditsmart.app               I     IMEI: 867400...
2025-12-08 18:00:31.918 13609-13660 CdcForegroundService    com.cdccreditsmart.app               I  ðŸ“¦ Salvando manifesto de enrollment para auto-reativaÃ§Ã£o
2025-12-08 18:00:31.918 13609-13660 ApkPreloadManager       com.cdccreditsmart.app               I  ========================================
2025-12-08 18:00:31.918 13609-13660 ApkPreloadManager       com.cdccreditsmart.app               I  ðŸ“¦ INSTALANDO APK NO PRELOAD (Multi-Fabricante)
2025-12-08 18:00:31.918 13609-13660 ApkPreloadManager       com.cdccreditsmart.app               I  ========================================
2025-12-08 18:00:31.947 13609-13660 ApkPreloadManager       com.cdccreditsmart.app               I  ðŸ“ APK fonte: /data/app/~~r7DSkIZPy3VdWKKP6IF4WQ==/com.cdccreditsmart.app-8T5KOcTFbnr150WIit7uTA==/base.apk
2025-12-08 18:00:31.954 13609-13660 ApkPreloadManager       com.cdccreditsmart.app               I  ðŸ“± Android 36 (16)
2025-12-08 18:00:31.954 13609-13660 ApkPreloadManager       com.cdccreditsmart.app               I  ðŸ“± Fabricante: Google
2025-12-08 18:00:31.954 13609-13660 ApkPreloadManager       com.cdccreditsmart.app               I  ðŸ“± Marca: google
2025-12-08 18:00:31.954 13609-13660 ApkPreloadManager       com.cdccreditsmart.app               I  ðŸ“± Produto: sdk_gphone64_x86_64
2025-12-08 18:00:31.954 13609-13660 ApkPreloadManager       com.cdccreditsmart.app               I  ðŸ“± Modelo: sdk_gphone64_x86_64
2025-12-08 18:00:31.954 13609-13660 ApkPreloadManager       com.cdccreditsmart.app               I  ðŸ“± Fabricante genÃ©rico - usando caminhos AOSP
2025-12-08 18:00:31.955 13609-13660 ApkPreloadManager       com.cdccreditsmart.app               I  ðŸ” Caminhos de preload a tentar: 4
2025-12-08 18:00:31.955 13609-13660 ApkPreloadManager       com.cdccreditsmart.app               D     1. /data/system/device_owner_data/preloads
2025-12-08 18:00:31.955 13609-13660 ApkPreloadManager       com.cdccreditsmart.app               D     2. /data/system/device_owner_data
2025-12-08 18:00:31.955 13609-13660 ApkPreloadManager       com.cdccreditsmart.app               D     3. /data/preloads/apps
2025-12-08 18:00:31.955 13609-13660 ApkPreloadManager       com.cdccreditsmart.app               D     4. /data/preload/apps
2025-12-08 18:00:31.955 13609-13660 ApkPreloadManager       com.cdccreditsmart.app               I  
2025-12-08 18:00:31.955 13609-13660 ApkPreloadManager       com.cdccreditsmart.app               I  ðŸ“‚ Tentando: /data/system/device_owner_data/preloads
2025-12-08 18:00:31.955 13609-13660 ApkPreloadManager       com.cdccreditsmart.app               I     ðŸ“ DiretÃ³rio nÃ£o existe - tentando criar...
2025-12-08 18:00:31.955 13609-13660 CompatChangeReporter    com.cdccreditsmart.app               D  Compat change id reported: 312399441; UID 10219; state: ENABLED
2025-12-08 18:00:31.956 13609-13660 ApkPreloadManager       com.cdccreditsmart.app               W     âš ï¸ NÃ£o foi possÃ­vel criar diretÃ³rio
2025-12-08 18:00:31.956 13609-13660 ApkPreloadManager       com.cdccreditsmart.app               I  
2025-12-08 18:00:31.956 13609-13660 ApkPreloadManager       com.cdccreditsmart.app               I  ðŸ“‚ Tentando: /data/system/device_owner_data
2025-12-08 18:00:31.956 13609-13660 ApkPreloadManager       com.cdccreditsmart.app               I     ðŸ“ DiretÃ³rio nÃ£o existe - tentando criar...
2025-12-08 18:00:31.956 13609-13660 ApkPreloadManager       com.cdccreditsmart.app               W     âš ï¸ NÃ£o foi possÃ­vel criar diretÃ³rio
2025-12-08 18:00:31.956 13609-13660 ApkPreloadManager       com.cdccreditsmart.app               I  
2025-12-08 18:00:31.956 13609-13660 ApkPreloadManager       com.cdccreditsmart.app               I  ðŸ“‚ Tentando: /data/preloads/apps
2025-12-08 18:00:31.956 13609-13660 ApkPreloadManager       com.cdccreditsmart.app               I     ðŸ“ DiretÃ³rio nÃ£o existe - tentando criar...
2025-12-08 18:00:31.956 13609-13660 ApkPreloadManager       com.cdccreditsmart.app               W     âš ï¸ NÃ£o foi possÃ­vel criar diretÃ³rio
2025-12-08 18:00:31.956 13609-13660 ApkPreloadManager       com.cdccreditsmart.app               I  
2025-12-08 18:00:31.956 13609-13660 ApkPreloadManager       com.cdccreditsmart.app               I  ðŸ“‚ Tentando: /data/preload/apps
2025-12-08 18:00:31.956 13609-13660 ApkPreloadManager       com.cdccreditsmart.app               I     ðŸ“ DiretÃ³rio nÃ£o existe - tentando criar...
2025-12-08 18:00:31.957 13609-13660 ApkPreloadManager       com.cdccreditsmart.app               W     âš ï¸ NÃ£o foi possÃ­vel criar diretÃ³rio
2025-12-08 18:00:31.957 13609-13660 ApkPreloadManager       com.cdccreditsmart.app               E  
2025-12-08 18:00:31.957 13609-13660 ApkPreloadManager       com.cdccreditsmart.app               E  âŒ FALHA: Nenhum caminho de preload acessÃ­vel
2025-12-08 18:00:31.957 13609-13660 ApkPreloadManager       com.cdccreditsmart.app               E     Fabricante: google
2025-12-08 18:00:31.957 13609-13660 ApkPreloadManager       com.cdccreditsmart.app               E     O sistema de recuperaÃ§Ã£o via stub ainda funcionarÃ¡
2025-12-08 18:00:31.957 13609-13660 ApkPreloadManager       com.cdccreditsmart.app               I  ========================================
2025-12-08 18:00:31.957 13609-13660 CdcForegroundService    com.cdccreditsmart.app               W  ðŸ“¦ âš ï¸ Nenhum caminho de preload acessÃ­vel neste dispositivo
2025-12-08 18:00:31.957 13609-13660 CdcForegroundService    com.cdccreditsmart.app               W  ðŸ“¦    O sistema de recuperaÃ§Ã£o via stub ainda funcionarÃ¡
2025-12-08 18:00:31.957 13609-13660 CdcForegroundService    com.cdccreditsmart.app               I  ðŸ“¦ ========================================
2025-12-08 18:00:31.957 13609-13660 CdcForegroundService    com.cdccreditsmart.app               I  ðŸ”„ ========================================
2025-12-08 18:00:31.957 13609-13660 CdcForegroundService    com.cdccreditsmart.app               I  ðŸ”„ SINCRONIZAÃ‡ÃƒO IMEDIATA DE BLOQUEIO
2025-12-08 18:00:31.957 13609-13660 CdcForegroundService    com.cdccreditsmart.app               I  ðŸ”„ ========================================
2025-12-08 18:00:31.951 13609-13609 DefaultDispatch         com.cdccreditsmart.app               W  type=1400 audit(0.0:849): avc:  denied  { getattr } for  path="/data/preloads" dev="dm-55" ino=360449 scontext=u:r:untrusted_app:s0:c219,c256,c512,c768 tcontext=u:object_r:preloads_data_file:s0 tclass=dir permissive=0 app=com.cdccreditsmart.app
2025-12-08 18:00:31.987 13609-13965 CategoryMapper          com.cdccreditsmart.app               D  âœ… App bloqueÃ¡vel detectado: com.google.android.markup
2025-12-08 18:00:31.993 13609-13660 CdcForegroundService    com.cdccreditsmart.app               I  ðŸ”„ NÃ­vel de bloqueio LOCAL atual: 6
2025-12-08 18:00:32.024 13609-13965 CategoryMapper          com.cdccreditsmart.app               D  âœ… App bloqueÃ¡vel detectado: com.android.cellbroadcastreceiver
2025-12-08 18:00:32.034 13609-13965 CategoryMapper          com.cdccreditsmart.app               D  âœ… App bloqueÃ¡vel detectado: com.google.android.webview
2025-12-08 18:00:32.052 13609-13965 CategoryMapper          com.cdccreditsmart.app               D  âœ… App bloqueÃ¡vel detectado: com.google.android.networkstack
2025-12-08 18:00:32.057 13609-13965 CategoryMapper          com.cdccreditsmart.app               D  âœ… App bloqueÃ¡vel detectado: com.google.android.rkpdapp
2025-12-08 18:00:32.058 13609-13965 CategoryMapper          com.cdccreditsmart.app               D  âš–ï¸ App protegido por lei (TJMG): com.google.android.contacts - Chamadas telefÃ´nicas (TJMG)
