2025-12-08 07:18:58.111  8368-8438  okhttp.OkHttpClient     com.cdccreditsmart.app               I  x-transaction-security-level: maximum
2025-12-08 07:18:58.111  8368-8438  okhttp.OkHttpClient     com.cdccreditsmart.app               I  x-xss-protection: 1; mode=block
2025-12-08 07:18:58.111  8368-8438  okhttp.OkHttpClient     com.cdccreditsmart.app               I  via: 1.1 google
2025-12-08 07:18:58.111  8368-8438  okhttp.OkHttpClient     com.cdccreditsmart.app               I  alt-svc: h3=":443"; ma=2592000,h3-29=":443"; ma=2592000
2025-12-08 07:18:58.112  8368-8438  okhttp.OkHttpClient     com.cdccreditsmart.app               I  {"deviceId":"device_1765148771462_4teww42p114","serialNumber":"XV8W5766","commandsCount":0,"commands":[]}
2025-12-08 07:18:58.112  8368-8438  okhttp.OkHttpClient     com.cdccreditsmart.app               I  <-- END HTTP (105-byte body)
2025-12-08 07:18:58.113  8368-8406  MdmCommandReceiver      com.cdccreditsmart.app               I  ðŸ” HTTP Response code: 200
2025-12-08 07:18:58.113  8368-8406  MdmCommandReceiver      com.cdccreditsmart.app               I  ðŸ” HTTP isSuccessful: true
2025-12-08 07:18:58.113  8368-8406  MdmCommandReceiver      com.cdccreditsmart.app               I  ðŸ” Response body deviceId: device_1765148771462_4teww42p114
2025-12-08 07:18:58.113  8368-8406  MdmCommandReceiver      com.cdccreditsmart.app               I  ðŸ” Response body serialNumber: XV8W5766
2025-12-08 07:18:58.113  8368-8406  MdmCommandReceiver      com.cdccreditsmart.app               I  ðŸ” Total de comandos: 0
2025-12-08 07:18:58.113  8368-8406  MdmCommandReceiver      com.cdccreditsmart.app               D  âœ… Nenhum comando pendente no servidor
2025-12-08 07:18:58.113  8368-8406  MdmCommandReceiver      com.cdccreditsmart.app               D  ðŸ“Š Fetch duration: 629ms
2025-12-08 07:19:02.602  8368-8456  IconProtectionWorker    com.cdccreditsmart.app               D  ðŸ” Verificando proteÃ§Ã£o do Ã­cone...
2025-12-08 07:19:02.604  8368-8456  LauncherIconProtector   com.cdccreditsmart.app               D  âœ… Atalho jÃ¡ existe na home screen
2025-12-08 07:19:02.604  8368-8456  IconProtectionWorker    com.cdccreditsmart.app               I  ðŸ“Š EstatÃ­sticas: Ã­cone restaurado 1 vezes
2025-12-08 07:19:02.604  8368-8456  IconProtectionWorker    com.cdccreditsmart.app               D  âœ… VerificaÃ§Ã£o de Ã­cone concluÃ­da
2025-12-08 07:19:02.606  8368-8404  WM-WorkerWrapper        com.cdccreditsmart.app               I  Worker result SUCCESS for Work [ id=017e2f6f-fe3f-4ae3-b1e9-9434a976b0ea, tags={ com.cdccreditsmart.app.workers.IconProtectionWorker } ]
2025-12-08 07:19:03.067  8368-8368  WebSocketManager        com.cdccreditsmart.app               D  Heartbeat ping sent
2025-12-08 07:19:03.223  8368-8406  MdmCommandReceiver      com.cdccreditsmart.app               I  ðŸ” [Polling #3] Verificando comandos pendentes...
2025-12-08 07:19:03.224  8368-8406  SecureTokenStorage      com.cdccreditsmart.app               D  âš ï¸ Usando Serial Number para MDM (IMEI indisponÃ­vel): XV8W57...
2025-12-08 07:19:03.224  8368-8406  MdmCommandReceiver      com.cdccreditsmart.app               I  ðŸ” ========================================
2025-12-08 07:19:03.224  8368-8406  MdmCommandReceiver      com.cdccreditsmart.app               I  ðŸ” BUSCANDO COMANDOS PENDENTES
2025-12-08 07:19:03.224  8368-8406  MdmCommandReceiver      com.cdccreditsmart.app               I  ðŸ” ========================================
2025-12-08 07:19:03.224  8368-8406  MdmCommandReceiver      com.cdccreditsmart.app               I  ðŸ” Identifier: XV8W5766
2025-12-08 07:19:03.224  8368-8406  MdmCommandReceiver      com.cdccreditsmart.app               I  ðŸ” Endpoint: GET /api/apk/device/XV8W5766/commands
2025-12-08 07:19:03.224  8368-8406  MdmCommandReceiver      com.cdccreditsmart.app               D  ðŸ” Executando requisiÃ§Ã£o HTTP (timeout: 15s)...
2025-12-08 07:19:03.226  8368-8438  okhttp.OkHttpClient     com.cdccreditsmart.app               I  --> GET https://cdccreditsmart.com/api/apk/device/XV8W5766/commands
2025-12-08 07:19:03.226  8368-8438  okhttp.OkHttpClient     com.cdccreditsmart.app               I  --> END GET
2025-12-08 07:19:03.244  8368-8438  SecureTokenStorage      com.cdccreditsmart.app               D  EncryptedSharedPreferences initialized successfully
2025-12-08 07:19:03.264  8368-8514  WebSocketManager        com.cdccreditsmart.app               D  Message received: {"type":"pong","timestamp":"2025-12-08T10:19:03.477Z"}...
2025-12-08 07:19:03.264  8368-8514  WebSocketManager        com.cdccreditsmart.app               D  Received message type: pong
2025-12-08 07:19:03.264  8368-8514  WebSocketManager        com.cdccreditsmart.app               D  Pong received
2025-12-08 07:19:03.308  8368-8406  HeartbeatManager        com.cdccreditsmart.app               D  ðŸ’“ Usando authToken (fallback)
2025-12-08 07:19:03.309  8368-8406  HeartbeatManager        com.cdccreditsmart.app               D  ðŸ’“ Payload do heartbeat:
2025-12-08 07:19:03.309  8368-8406  HeartbeatManager        com.cdccreditsmart.app               D     deviceToken: eyJhbGciOiJIUzI1NiIs...
2025-12-08 07:19:03.309  8368-8406  HeartbeatManager        com.cdccreditsmart.app               D     currentBlockLevel: 0
2025-12-08 07:19:03.309  8368-8406  HeartbeatManager        com.cdccreditsmart.app               D     batteryLevel: 100
2025-12-08 07:19:03.309  8368-8406  HeartbeatManager        com.cdccreditsmart.app               D     isCharging: false
2025-12-08 07:19:03.309  8368-8406  HeartbeatManager        com.cdccreditsmart.app               D     currentSimImei: N/A...
2025-12-08 07:19:03.311  8368-8528  okhttp.OkHttpClient     com.cdccreditsmart.app               I  --> POST https://cdccreditsmart.com/api/apk/device/heartbeat
2025-12-08 07:19:03.311  8368-8528  okhttp.OkHttpClient     com.cdccreditsmart.app               I  Content-Type: application/json; charset=UTF-8
2025-12-08 07:19:03.311  8368-8528  okhttp.OkHttpClient     com.cdccreditsmart.app               I  Content-Length: 364
2025-12-08 07:19:03.311  8368-8528  okhttp.OkHttpClient     com.cdccreditsmart.app               I  Authorization: Bearer eyJhbGciOiJIUzI1NiIsInR5cCI6IkpXVCJ9.eyJkZXZpY2VJZCI6ImRldmljZV8xNzY1MTQ4NzcxNDYyXzR0ZXd3NDJwMTE0IiwiYXBrVG9rZW4iOiJYVjhXNTc2NiIsInR5cGUiOiJhcGsiLCJleHBpcmVzSW4iOiIyNGgiLCJpYXQiOjE3NjUxODg5ODMsImV4cCI6MTc2NTI3NTM4M30.muLfUOtUV3uQb4dj2-L5ojkEN6Jt4v2gQtGjUtDe1-Y
2025-12-08 07:19:03.311  8368-8528  okhttp.OkHttpClient     com.cdccreditsmart.app               I  {"deviceToken":"eyJhbGciOiJIUzI1NiIsInR5cCI6IkpXVCJ9.eyJkZXZpY2VJZCI6ImRldmljZV8xNzY1MTQ4NzcxNDYyXzR0ZXd3NDJwMTE0IiwiYXBrVG9rZW4iOiJYVjhXNTc2NiIsInR5cGUiOiJhcGsiLCJleHBpcmVzSW4iOiIyNGgiLCJpYXQiOjE3NjUxODg5ODMsImV4cCI6MTc2NTI3NTM4M30.muLfUOtUV3uQb4dj2-L5ojkEN6Jt4v2gQtGjUtDe1-Y","currentBlockLevel":0,"batteryLevel":100,"isCharging":false,"timestamp":1765189143309}
2025-12-08 07:19:03.311  8368-8528  okhttp.OkHttpClient     com.cdccreditsmart.app               I  --> END POST (364-byte body)
2025-12-08 07:19:03.329  8368-8528  SecureTokenStorage      com.cdccreditsmart.app               D  EncryptedSharedPreferences initialized successfully
2025-12-08 07:19:03.818  8368-8438  okhttp.OkHttpClient     com.cdccreditsmart.app               I  <-- 200 https://cdccreditsmart.com/api/apk/device/XV8W5766/commands (591ms)
2025-12-08 07:19:03.818  8368-8438  okhttp.OkHttpClient     com.cdccreditsmart.app               I  access-control-allow-credentials: true
2025-12-08 07:19:03.818  8368-8438  okhttp.OkHttpClient     com.cdccreditsmart.app               I  access-control-allow-headers: Origin, X-Requested-With, Content-Type, Accept, Authorization, x-client-key, x-client-token, x-client-secret, cache-control
2025-12-08 07:19:03.818  8368-8438  okhttp.OkHttpClient     com.cdccreditsmart.app               I  access-control-allow-methods: GET, POST, PUT, PATCH, DELETE, OPTIONS
2025-12-08 07:19:03.819  8368-8438  okhttp.OkHttpClient     com.cdccreditsmart.app               I  access-control-allow-origin: *
2025-12-08 07:19:03.819  8368-8438  okhttp.OkHttpClient     com.cdccreditsmart.app               I  access-control-max-age: 86400
2025-12-08 07:19:03.819  8368-8438  okhttp.OkHttpClient     com.cdccreditsmart.app               I  content-length: 7646
2025-12-08 07:19:03.819  8368-8438  okhttp.OkHttpClient     com.cdccreditsmart.app               I  content-security-policy: default-src 'self'; script-src 'self' 'unsafe-inline' 'unsafe-eval' https://replit.com; style-src 'self' 'unsafe-inline' https://replit.com; img-src 'self' data: https:; font-src 'self' data: https://replit.com; connect-src 'self';
2025-12-08 07:19:03.819  8368-8438  okhttp.OkHttpClient     com.cdccreditsmart.app               I  content-type: application/json; charset=utf-8
2025-12-08 07:19:03.820  8368-8438  okhttp.OkHttpClient     com.cdccreditsmart.app               I  date: Mon, 08 Dec 2025 10:19:04 GMT
2025-12-08 07:19:03.820  8368-8438  okhttp.OkHttpClient     com.cdccreditsmart.app               I  etag: W/"1dde-mqDVcLBel+k7Y1vNjrDa8zC+2E8"
2025-12-08 07:19:03.820  8368-8438  okhttp.OkHttpClient     com.cdccreditsmart.app               I  permissions-policy: geolocation=(), microphone=(), camera=()
2025-12-08 07:19:03.821  8368-8438  okhttp.OkHttpClient     com.cdccreditsmart.app               I  referrer-policy: strict-origin-when-cross-origin
2025-12-08 07:19:03.821  8368-8438  okhttp.OkHttpClient     com.cdccreditsmart.app               I  strict-transport-security: max-age=63072000; includeSubDomains
2025-12-08 07:19:03.821  8368-8438  okhttp.OkHttpClient     com.cdccreditsmart.app               I  strict-transport-security: max-age=31536000; includeSubDomains
2025-12-08 07:19:03.821  8368-8438  okhttp.OkHttpClient     com.cdccreditsmart.app               I  x-anti-fraud-protection: active
2025-12-08 07:19:03.821  8368-8438  okhttp.OkHttpClient     com.cdccreditsmart.app               I  x-certificate-pinning-enabled: false
2025-12-08 07:19:03.822  8368-8438  okhttp.OkHttpClient     com.cdccreditsmart.app               I  x-certificate-pinning-status: disabled-for-stability
2025-12-08 07:19:03.822  8368-8438  okhttp.OkHttpClient     com.cdccreditsmart.app               I  x-content-type-options: nosniff
2025-12-08 07:19:03.822  8368-8438  okhttp.OkHttpClient     com.cdccreditsmart.app               I  x-financial-data-protection: enabled
2025-12-08 07:19:03.822  8368-8438  okhttp.OkHttpClient     com.cdccreditsmart.app               I  x-frame-options: DENY
2025-12-08 07:19:03.822  8368-8438  okhttp.OkHttpClient     com.cdccreditsmart.app               I  x-transaction-security-level: maximum
2025-12-08 07:19:03.822  8368-8438  okhttp.OkHttpClient     com.cdccreditsmart.app               I  x-xss-protection: 1; mode=block
2025-12-08 07:19:03.823  8368-8438  okhttp.OkHttpClient     com.cdccreditsmart.app               I  via: 1.1 google
2025-12-08 07:19:03.823  8368-8438  okhttp.OkHttpClient     com.cdccreditsmart.app               I  alt-svc: h3=":443"; ma=2592000,h3-29=":443"; ma=2592000
2025-12-08 07:19:03.826  8368-8438  okhttp.OkHttpClient     com.cdccreditsmart.app               I  {"deviceId":"device_1765148771462_4teww42p114","serialNumber":"XV8W5766","commandsCount":1,"commands":[{"id":"e362f326-ebd0-429c-b512-3091cf2573eb","commandType":"UNBLOCK_APPS_PROGRESSIVE","parameters":{"rules":[{"days":0,"level":0,"categories":[],"exceptions":[],"message_body":"Seu dispositivo estÃ¡ funcionando normalmente. Todas as parcelas estÃ£o em dia.","message_title":"Dispositivo Desbloqueado"},{"days":3,"level":1,"categories":["photos","gallery","video_players","web_browsers"],"exceptions":["com.android.dialer","com.android.phone","com.android.contacts","com.android.messaging","com.google.android.apps.messaging","com.whatsapp","com.whatsapp.w4b","com.ubercab","com.ubercab.driver","br.com.uberetudo","com.tappsi","com.rappibr","br.com.loggi","br.com.ifood","br.com.zdasapp","br.gov.datasus.cnsdigital","br.gov.governoeletronico.meugovbr","br.gov.previc.meuinss","br.gov.economia.caixatrabalhador","br.gov.dpf.carteiradetrabalho","br.gov.fazenda.receita.cpf","br.gov.tse.eleitoral.e_titulo","br.com.poupatempo","br.gov.serpro.cnhe","br.gov.datasus.conectesus","br.gov.datasus.sisrede","com.itau","com.bradesco","com.santander.app","br.com.bb.android","com.caixa","com.nu.production","com.inter.app","com.c6bank.app","br.com.intermedium","com.pagseguro.app","br.com.original.bank","br.com.digio","br.com.neon","com.mercadopago.wallet","br.com.picpay","br.com.recargapay","com.paypal.android","br.com.xpi.maisrica","br.com.rico.maisrico","com.clear.corretora","br.com.modalmais","br.com.binance.app","com.coinbase.android","br.com.mercadobitcoin","com.google.android.gm","com.microsoft.office.outlook"],"message_body":"Seu aparelho estÃ¡ com atraso de 3 dias. Aplicativos de fotos, galeria, vÃ­deos e navegadores foram temporariamente bloqueados. Apps essenciais (trabalho, bancos, governo, documentos) permanecem acessÃ­veis.","message_title":"AtenÃ§Ã£o: limite de apps reduzido"},{"days":6,"level":2,"categories":["youtube","music_players","play_store","games"],"exceptions":["com.android.dialer","com.android.phone","com.android.contacts","com.android.messaging","com.google.android.apps.messaging","com.whatsapp","com.whatsapp.w4b","com.ubercab","com.ubercab.driver","br.com.uberetudo","com.tappsi","com.rappibr","br.com.loggi","br.com.ifood","br.com.zdasapp","br.gov.datasus.cnsdigital","br.gov.governoeletronico.meugovbr","br.gov.previc.meuinss","br.gov.economia.caixatrabalhador","br.gov.dpf.carteiradetrabalho","br.gov.fazenda.receita.cpf","br.gov.tse.eleitoral.e_titulo","br.com.poupatempo","br.gov.serpro.cnhe","br.gov.datasus.conectesus","br.gov.datasus.sisrede","com.itau","com.bradesco","com.santander.app","br.com.bb.android","com.caixa","com.nu.production","com.inter.app","com.c6bank.app","br.com.intermedium","com.pagseguro.app","br.com.original.bank","br.com.digio","br.com.neon","com.mercadopago.wallet","br.com.picpay","br.com.recargapay","com.paypal.android","br.com.xpi.maisrica","br.com.rico.maisrico","com.clear.corretora","br.com.modalmais","br.com.binance.app","com.coinbase.android","br.com.mercadobitcoin","com.google.android.gm","com.microsoft.office.outlook"],"message_body":"Atraso de 6 dias. YouTube, apps de mÃºsica, Play Store e jogos foram bloqueados. Apps essenciais (trabalho, bancos, governo, documentos) permanecem acessÃ­veis.","message_title":"AtenÃ§Ã£o: restriÃ§Ã£o ampliada"},{"days":9,"level":3,"categories":["social_media"],"exceptions":["com.android.dialer","com.android.phone","com.android.contacts","com.android.messaging","com.google.android.apps.messaging","com.whatsapp","com.whatsapp.w4b","com.ubercab","com.ubercab.driver","br.com.uberetudo","com.tappsi","com.rappibr","br.com.loggi","br.com.ifood","br.com.zdasapp","br.gov.datasus.cnsdigital","br.gov.governoeletronico.meugovbr","br.gov.previc.meuinss","br.gov.economia.caixatrabalhador","br.gov.dpf.carteiradetrabalho","br.gov.fazenda.receita.cpf","br.gov.tse.eleitoral.e_titulo","br.com.poupatempo","br.gov.serpro.cnhe","br.gov.datasus.conectesus","br.gov.datasus.sisrede","com.itau","com.brade
2025-12-08 07:19:03.829  8368-8438  okhttp.OkHttpClient     com.cdccreditsmart.app               I  sco","com.santander.app","br.com.bb.android","com.caixa","com.nu.production","com.inter.app","com.c6bank.app","br.com.intermedium","com.pagseguro.app","br.com.original.bank","br.com.digio","br.com.neon","com.mercadopago.wallet","br.com.picpay","br.com.recargapay","com.paypal.android","br.com.xpi.maisrica","br.com.rico.maisrico","com.clear.corretora","br.com.modalmais","br.com.binance.app","com.coinbase.android","br.com.mercadobitcoin","com.google.android.gm","com.microsoft.office.outlook"],"message_body":"Atraso de 9 dias. Redes sociais foram bloqueadas (exceto WhatsApp). Apps essenciais (trabalho, bancos, governo, documentos) permanecem acessÃ­veis.","message_title":"AtenÃ§Ã£o: redes sociais bloqueadas"},{"days":12,"level":4,"categories":["all_apps_except_whatsapp"],"exceptions":["com.android.dialer","com.android.phone","com.android.contacts","com.android.messaging","com.google.android.apps.messaging","com.whatsapp","com.whatsapp.w4b","com.ubercab","com.ubercab.driver","br.com.uberetudo","com.tappsi","com.rappibr","br.com.loggi","br.com.ifood","br.com.zdasapp","br.gov.datasus.cnsdigital","br.gov.governoeletronico.meugovbr","br.gov.previc.meuinss","br.gov.economia.caixatrabalhador","br.gov.dpf.carteiradetrabalho","br.gov.fazenda.receita.cpf","br.gov.tse.eleitoral.e_titulo","br.com.poupatempo","br.gov.serpro.cnhe","br.gov.datasus.conectesus","br.gov.datasus.sisrede","com.itau","com.bradesco","com.santander.app","br.com.bb.android","com.caixa","com.nu.production","com.inter.app","com.c6bank.app","br.com.intermedium","com.pagseguro.app","br.com.original.bank","br.com.digio","br.com.neon","com.mercadopago.wallet","br.com.picpay","br.com.recargapay","com.paypal.android","br.com.xpi.maisrica","br.com.rico.maisrico","com.clear.corretora","br.com.modalmais","br.com.binance.app","com.coinbase.android","br.com.mercadobitcoin","com.google.android.gm","com.microsoft.office.outlook"],"message_body":"Atraso de 12 dias. Aplicativos de entretenimento foram bloqueados. Apps essenciais (trabalho, bancos, governo, documentos) permanecem acessÃ­veis.","message_title":"AtenÃ§Ã£o: restriÃ§Ã£o severa"}],"reason":"Bloqueio manual forÃ§ado para nÃ­vel 4 pelo administrador","isManual":true,"categories":["photos","gallery","video_players","web_browsers","youtube","music_players","play_store","games","social_media","all_apps_except_whatsapp"],"exceptions":["com.android.dialer","com.android.phone","com.android.contacts","com.android.messaging","com.google.android.apps.messaging","com.whatsapp","com.whatsapp.w4b","com.ubercab","com.ubercab.driver","br.com.uberetudo","com.tappsi","com.rappibr","br.com.loggi","br.com.ifood","br.com.zdasapp","br.gov.datasus.cnsdigital","br.gov.governoeletronico.meugovbr","br.gov.previc.meuinss","br.gov.economia.caixatrabalhador","br.gov.dpf.carteiradetrabalho","br.gov.fazenda.receita.cpf","br.gov.tse.eleitoral.e_titulo","br.com.poupatempo","br.gov.serpro.cnhe","br.gov.datasus.conectesus","br.gov.datasus.sisrede","com.itau","com.bradesco","com.santander.app","br.com.bb.android","com.caixa","com.nu.production","com.inter.app","com.c6bank.app","br.com.intermedium","com.pagseguro.app","br.com.original.bank","br.com.digio","br.com.neon","com.mercadopago.wallet","br.com.picpay","br.com.recargapay","com.paypal.android","br.com.xpi.maisrica","br.com.rico.maisrico","com.clear.corretora","br.com.modalmais","br.com.binance.app","com.coinbase.android","br.com.mercadobitcoin","com.google.android.gm","com.microsoft.office.outlook"],"daysOverdue":0,"targetLevel":4},"priority":"high","status":"pending","createdAt":"2025-12-08T10:19:03.379Z","expiresAt":"2025-12-09T10:19:03.325Z"}]}
2025-12-08 07:19:03.830  8368-8438  okhttp.OkHttpClient     com.cdccreditsmart.app               I  <-- END HTTP (7646-byte body)
2025-12-08 07:19:03.837  8368-8406  MdmCommandReceiver      com.cdccreditsmart.app               I  ðŸ” HTTP Response code: 200
2025-12-08 07:19:03.837  8368-8406  MdmCommandReceiver      com.cdccreditsmart.app               I  ðŸ” HTTP isSuccessful: true
2025-12-08 07:19:03.837  8368-8406  MdmCommandReceiver      com.cdccreditsmart.app               I  ðŸ” Response body deviceId: device_1765148771462_4teww42p114
2025-12-08 07:19:03.837  8368-8406  MdmCommandReceiver      com.cdccreditsmart.app               I  ðŸ” Response body serialNumber: XV8W5766
2025-12-08 07:19:03.837  8368-8406  MdmCommandReceiver      com.cdccreditsmart.app               I  ðŸ” Total de comandos: 1
2025-12-08 07:19:03.837  8368-8406  MdmCommandReceiver      com.cdccreditsmart.app               I  ðŸ“‹ ========================================
2025-12-08 07:19:03.837  8368-8406  MdmCommandReceiver      com.cdccreditsmart.app               I  ðŸ“‹ 1 COMANDOS PENDENTES ENCONTRADOS!
2025-12-08 07:19:03.837  8368-8406  MdmCommandReceiver      com.cdccreditsmart.app               I  ðŸ“‹ ========================================
2025-12-08 07:19:03.837  8368-8406  MdmCommandReceiver      com.cdccreditsmart.app               I  ðŸ“‹ [0] ID: e362f326-ebd0-429c-b512-3091cf2573eb
2025-12-08 07:19:03.837  8368-8406  MdmCommandReceiver      com.cdccreditsmart.app               I  ðŸ“‹ [0] Tipo: UNBLOCK_APPS_PROGRESSIVE
2025-12-08 07:19:03.837  8368-8406  MdmCommandReceiver      com.cdccreditsmart.app               I  ðŸ“‹ [0] Status: pending
2025-12-08 07:19:03.838  8368-8406  MdmCommandReceiver      com.cdccreditsmart.app               I  ðŸ“‹ [0] Prioridade: high
2025-12-08 07:19:03.838  8368-8406  MdmCommandReceiver      com.cdccreditsmart.app               I  ðŸ“‹ [0] Parameters class: BlockParameters
2025-12-08 07:19:03.838  8368-8406  MdmCommandReceiver      com.cdccreditsmart.app               I  ðŸ“‹ Processando comando (timeout: 60s)...
2025-12-08 07:19:03.838  8368-8406  MdmCommandReceiver      com.cdccreditsmart.app               I  âš™ï¸ Processando comando e362f326-ebd0-429c-b512-3091cf2573eb (tipo: UNBLOCK_APPS_PROGRESSIVE)
2025-12-08 07:19:03.840  8368-8406  CdcForegroundService    com.cdccreditsmart.app               D  ðŸ”‹ WakeLock adquirido para comando (30s timeout)
2025-12-08 07:19:03.840  8368-8406  MdmCommandReceiver      com.cdccreditsmart.app               D  ðŸ”‹ WakeLock adquirido para comando MDM e362f326-ebd0-429c-b512-3091cf2573eb
2025-12-08 07:19:03.840  8368-8406  MdmCommandReceiver      com.cdccreditsmart.app               D  ðŸ“¡ Tentando ACK via NOVO endpoint: POST /api/apk/commands/e362f326-ebd0-429c-b512-3091cf2573eb/ack
2025-12-08 07:19:03.842  8368-8438  okhttp.OkHttpClient     com.cdccreditsmart.app               I  --> POST https://cdccreditsmart.com/api/apk/commands/e362f326-ebd0-429c-b512-3091cf2573eb/ack
2025-12-08 07:19:03.843  8368-8438  okhttp.OkHttpClient     com.cdccreditsmart.app               I  Content-Type: application/json; charset=UTF-8
2025-12-08 07:19:03.843  8368-8438  okhttp.OkHttpClient     com.cdccreditsmart.app               I  Content-Length: 25
2025-12-08 07:19:03.843  8368-8438  okhttp.OkHttpClient     com.cdccreditsmart.app               I  Authorization: Bearer eyJhbGciOiJIUzI1NiIsInR5cCI6IkpXVCJ9.eyJkZXZpY2VJZCI6ImRldmljZV8xNzY1MTQ4NzcxNDYyXzR0ZXd3NDJwMTE0IiwiYXBrVG9rZW4iOiJYVjhXNTc2NiIsInR5cGUiOiJhcGsiLCJleHBpcmVzSW4iOiIyNGgiLCJpYXQiOjE3NjUxODg5ODMsImV4cCI6MTc2NTI3NTM4M30.muLfUOtUV3uQb4dj2-L5ojkEN6Jt4v2gQtGjUtDe1-Y
2025-12-08 07:19:03.843  8368-8438  okhttp.OkHttpClient     com.cdccreditsmart.app               I  {"status":"acknowledged"}
2025-12-08 07:19:03.843  8368-8438  okhttp.OkHttpClient     com.cdccreditsmart.app               I  --> END POST (25-byte body)
2025-12-08 07:19:03.864  8368-8438  SecureTokenStorage      com.cdccreditsmart.app               D  EncryptedSharedPreferences initialized successfully
2025-12-08 07:19:04.148  8368-8528  okhttp.OkHttpClient     com.cdccreditsmart.app               I  <-- 200 https://cdccreditsmart.com/api/apk/device/heartbeat (836ms)
2025-12-08 07:19:04.148  8368-8528  okhttp.OkHttpClient     com.cdccreditsmart.app               I  access-control-allow-credentials: true
2025-12-08 07:19:04.148  8368-8528  okhttp.OkHttpClient     com.cdccreditsmart.app               I  access-control-allow-headers: Origin, X-Requested-With, Content-Type, Accept, Authorization, x-client-key, x-client-token, x-client-secret, cache-control
2025-12-08 07:19:04.148  8368-8528  okhttp.OkHttpClient     com.cdccreditsmart.app               I  access-control-allow-methods: GET, POST, PUT, PATCH, DELETE, OPTIONS
2025-12-08 07:19:04.148  8368-8528  okhttp.OkHttpClient     com.cdccreditsmart.app               I  access-control-allow-origin: *
2025-12-08 07:19:04.148  8368-8528  okhttp.OkHttpClient     com.cdccreditsmart.app               I  access-control-max-age: 86400
2025-12-08 07:19:04.148  8368-8528  okhttp.OkHttpClient     com.cdccreditsmart.app               I  content-length: 328
2025-12-08 07:19:04.148  8368-8528  okhttp.OkHttpClient     com.cdccreditsmart.app               I  content-security-policy: default-src 'self'; script-src 'self' 'unsafe-inline' 'unsafe-eval' https://replit.com; style-src 'self' 'unsafe-inline' https://replit.com; img-src 'self' data: https:; font-src 'self' data: https://replit.com; connect-src 'self';
2025-12-08 07:19:04.148  8368-8528  okhttp.OkHttpClient     com.cdccreditsmart.app               I  content-type: application/json; charset=utf-8
2025-12-08 07:19:04.148  8368-8528  okhttp.OkHttpClient     com.cdccreditsmart.app               I  date: Mon, 08 Dec 2025 10:19:04 GMT
2025-12-08 07:19:04.148  8368-8528  okhttp.OkHttpClient     com.cdccreditsmart.app               I  etag: W/"148-W5J1oUTiXm4EEqWTCSllQ09Pt1c"
2025-12-08 07:19:04.149  8368-8528  okhttp.OkHttpClient     com.cdccreditsmart.app               I  permissions-policy: geolocation=(), microphone=(), camera=()
2025-12-08 07:19:04.149  8368-8528  okhttp.OkHttpClient     com.cdccreditsmart.app               I  referrer-policy: strict-origin-when-cross-origin
2025-12-08 07:19:04.149  8368-8528  okhttp.OkHttpClient     com.cdccreditsmart.app               I  strict-transport-security: max-age=63072000; includeSubDomains
2025-12-08 07:19:04.149  8368-8528  okhttp.OkHttpClient     com.cdccreditsmart.app               I  strict-transport-security: max-age=31536000; includeSubDomains
2025-12-08 07:19:04.149  8368-8528  okhttp.OkHttpClient     com.cdccreditsmart.app               I  x-anti-fraud-protection: active
2025-12-08 07:19:04.149  8368-8528  okhttp.OkHttpClient     com.cdccreditsmart.app               I  x-certificate-pinning-enabled: false
2025-12-08 07:19:04.149  8368-8528  okhttp.OkHttpClient     com.cdccreditsmart.app               I  x-certificate-pinning-status: disabled-for-stability
2025-12-08 07:19:04.150  8368-8528  okhttp.OkHttpClient     com.cdccreditsmart.app               I  x-content-type-options: nosniff
2025-12-08 07:19:04.150  8368-8528  okhttp.OkHttpClient     com.cdccreditsmart.app               I  x-financial-data-protection: enabled
2025-12-08 07:19:04.150  8368-8528  okhttp.OkHttpClient     com.cdccreditsmart.app               I  x-frame-options: DENY
2025-12-08 07:19:04.150  8368-8528  okhttp.OkHttpClient     com.cdccreditsmart.app               I  x-transaction-security-level: maximum
2025-12-08 07:19:04.150  8368-8528  okhttp.OkHttpClient     com.cdccreditsmart.app               I  x-xss-protection: 1; mode=block
2025-12-08 07:19:04.150  8368-8528  okhttp.OkHttpClient     com.cdccreditsmart.app               I  via: 1.1 google
2025-12-08 07:19:04.150  8368-8528  okhttp.OkHttpClient     com.cdccreditsmart.app               I  alt-svc: h3=":443"; ma=2592000,h3-29=":443"; ma=2592000
2025-12-08 07:19:04.151  8368-8528  okhttp.OkHttpClient     com.cdccreditsmart.app               I  {"success":true,"requiresBackendRevalidation":false,"phoneNumbersProcessed":false,"complianceStatus":"OK","expectedBlockLevel":0,"message":"Device compliant","complianceConfig":{"maxComplianceCorrections":3,"correctionWindowMinutes":30,"autoBlockOnLimitReached":true,"enableDetailedTelemetry":true,"telemetryIntervalMinutes":5}}
2025-12-08 07:19:04.151  8368-8528  okhttp.OkHttpClient     com.cdccreditsmart.app               I  <-- END HTTP (328-byte body)
2025-12-08 07:19:04.152  8368-8406  HeartbeatManager        com.cdccreditsmart.app               I  âœ… Heartbeat aceito pelo backend (HTTP 200)
2025-12-08 07:19:04.152  8368-8406  HeartbeatManager        com.cdccreditsmart.app               D  ðŸ“Š Resposta do heartbeat:
2025-12-08 07:19:04.152  8368-8406  HeartbeatManager        com.cdccreditsmart.app               D     success: true
2025-12-08 07:19:04.152  8368-8406  HeartbeatManager        com.cdccreditsmart.app               D     complianceStatus: OK
2025-12-08 07:19:04.152  8368-8406  HeartbeatManager        com.cdccreditsmart.app               D     expectedBlockLevel: 0
2025-12-08 07:19:04.152  8368-8406  HeartbeatManager        com.cdccreditsmart.app               D     requiresBackendRevalidation: false
2025-12-08 07:19:04.152  8368-8406  HeartbeatManager        com.cdccreditsmart.app               I  âœ… Dispositivo CONFORME - NÃ­vel 0
2025-12-08 07:19:04.162  8368-8438  okhttp.OkHttpClient     com.cdccreditsmart.app               I  <-- 404 https://cdccreditsmart.com/api/apk/commands/e362f326-ebd0-429c-b512-3091cf2573eb/ack (318ms)
2025-12-08 07:19:04.162  8368-8438  okhttp.OkHttpClient     com.cdccreditsmart.app               I  access-control-allow-credentials: true
2025-12-08 07:19:04.162  8368-8438  okhttp.OkHttpClient     com.cdccreditsmart.app               I  access-control-allow-headers: Origin, X-Requested-With, Content-Type, Accept, Authorization, x-client-key, x-client-token, x-client-secret, cache-control
2025-12-08 07:19:04.162  8368-8438  okhttp.OkHttpClient     com.cdccreditsmart.app               I  access-control-allow-methods: GET, POST, PUT, PATCH, DELETE, OPTIONS
2025-12-08 07:19:04.162  8368-8438  okhttp.OkHttpClient     com.cdccreditsmart.app               I  access-control-allow-origin: *
2025-12-08 07:19:04.162  8368-8438  okhttp.OkHttpClient     com.cdccreditsmart.app               I  access-control-max-age: 86400
2025-12-08 07:19:04.162  8368-8438  okhttp.OkHttpClient     com.cdccreditsmart.app               I  content-length: 497
2025-12-08 07:19:04.162  8368-8438  okhttp.OkHttpClient     com.cdccreditsmart.app               I  content-security-policy: default-src 'self'; script-src 'self' 'unsafe-inline' 'unsafe-eval' https://replit.com; style-src 'self' 'unsafe-inline' https://replit.com; img-src 'self' data: https:; font-src 'self' data: https://replit.com; connect-src 'self';
2025-12-08 07:19:04.162  8368-8438  okhttp.OkHttpClient     com.cdccreditsmart.app               I  content-type: application/json; charset=utf-8
2025-12-08 07:19:04.162  8368-8438  okhttp.OkHttpClient     com.cdccreditsmart.app               I  date: Mon, 08 Dec 2025 10:19:04 GMT
2025-12-08 07:19:04.162  8368-8438  okhttp.OkHttpClient     com.cdccreditsmart.app               I  etag: W/"1f1-pw6dHIf1+mwfuCm3YWKZ4+ASJFs"
2025-12-08 07:19:04.162  8368-8438  okhttp.OkHttpClient     com.cdccreditsmart.app               I  permissions-policy: geolocation=(), microphone=(), camera=()
2025-12-08 07:19:04.162  8368-8438  okhttp.OkHttpClient     com.cdccreditsmart.app               I  referrer-policy: strict-origin-when-cross-origin
2025-12-08 07:19:04.162  8368-8438  okhttp.OkHttpClient     com.cdccreditsmart.app               I  strict-transport-security: max-age=63072000; includeSubDomains
2025-12-08 07:19:04.162  8368-8438  okhttp.OkHttpClient     com.cdccreditsmart.app               I  strict-transport-security: max-age=31536000; includeSubDomains
2025-12-08 07:19:04.162  8368-8438  okhttp.OkHttpClient     com.cdccreditsmart.app               I  x-anti-fraud-protection: active
2025-12-08 07:19:04.162  8368-8438  okhttp.OkHttpClient     com.cdccreditsmart.app               I  x-certificate-pinning-enabled: false
2025-12-08 07:19:04.162  8368-8438  okhttp.OkHttpClient     com.cdccreditsmart.app               I  x-certificate-pinning-status: disabled-for-stability
2025-12-08 07:19:04.162  8368-8438  okhttp.OkHttpClient     com.cdccreditsmart.app               I  x-content-type-options: nosniff
2025-12-08 07:19:04.162  8368-8438  okhttp.OkHttpClient     com.cdccreditsmart.app               I  x-financial-data-protection: enabled
2025-12-08 07:19:04.162  8368-8438  okhttp.OkHttpClient     com.cdccreditsmart.app               I  x-frame-options: DENY
2025-12-08 07:19:04.162  8368-8438  okhttp.OkHttpClient     com.cdccreditsmart.app               I  x-transaction-security-level: maximum
2025-12-08 07:19:04.162  8368-8438  okhttp.OkHttpClient     com.cdccreditsmart.app               I  x-xss-protection: 1; mode=block
2025-12-08 07:19:04.162  8368-8438  okhttp.OkHttpClient     com.cdccreditsmart.app               I  via: 1.1 google
2025-12-08 07:19:04.162  8368-8438  okhttp.OkHttpClient     com.cdccreditsmart.app               I  alt-svc: h3=":443"; ma=2592000,h3-29=":443"; ma=2592000
2025-12-08 07:19:04.163  8368-8438  okhttp.OkHttpClient     com.cdccreditsmart.app               I  {"error":"API endpoint not found","message":"Rota APK nÃ£o encontrada","path":"/","method":"POST","timestamp":"2025-12-08T10:19:04.372Z","available_endpoints":["GET /api/apk/device/{serial}/status","POST /api/apk/device/{fingerprint}/sync","POST /api/apk/device/{fingerprint}/register-info","POST /api/apk/auth","GET /api/apk/device/{identifier}/commands","POST /api/apk/device/commands/{commandId}/status","POST /api/apk/device/{identifier}/command-response","GET /api/apk/device/commands/test"]}
2025-12-08 07:19:04.163  8368-8438  okhttp.OkHttpClient     com.cdccreditsmart.app               I  <-- END HTTP (497-byte body)
2025-12-08 07:19:04.163  8368-8406  MdmCommandReceiver      com.cdccreditsmart.app               W  âš ï¸ NOVO endpoint falhou (HTTP 404), tentando fallback...
2025-12-08 07:19:04.164  8368-8406  SecureTokenStorage      com.cdccreditsmart.app               D  âš ï¸ Usando Serial Number para MDM (IMEI indisponÃ­vel): XV8W57...
2025-12-08 07:19:04.164  8368-8406  MdmCommandReceiver      com.cdccreditsmart.app               D  ðŸ“¡ Fallback: Usando endpoint legado: POST /api/apk/device/XV8W5766/command-response
2025-12-08 07:19:04.165  8368-8438  okhttp.OkHttpClient     com.cdccreditsmart.app               I  --> POST https://cdccreditsmart.com/api/apk/device/XV8W5766/command-response
2025-12-08 07:19:04.165  8368-8438  okhttp.OkHttpClient     com.cdccreditsmart.app               I  Content-Type: application/json; charset=UTF-8
2025-12-08 07:19:04.165  8368-8438  okhttp.OkHttpClient     com.cdccreditsmart.app               I  Content-Length: 76
2025-12-08 07:19:04.166  8368-8438  okhttp.OkHttpClient     com.cdccreditsmart.app               I  {"commandId":"e362f326-ebd0-429c-b512-3091cf2573eb","status":"acknowledged"}
2025-12-08 07:19:04.166  8368-8438  okhttp.OkHttpClient     com.cdccreditsmart.app               I  --> END POST (76-byte body)
2025-12-08 07:19:04.184  8368-8438  SecureTokenStorage      com.cdccreditsmart.app               D  EncryptedSharedPreferences initialized successfully
2025-12-08 07:19:04.579  8368-8438  okhttp.OkHttpClient     com.cdccreditsmart.app               I  <-- 200 https://cdccreditsmart.com/api/apk/device/XV8W5766/command-response (413ms)
2025-12-08 07:19:04.580  8368-8438  okhttp.OkHttpClient     com.cdccreditsmart.app               I  access-control-allow-credentials: true
2025-12-08 07:19:04.580  8368-8438  okhttp.OkHttpClient     com.cdccreditsmart.app               I  access-control-allow-headers: Origin, X-Requested-With, Content-Type, Accept, Authorization, x-client-key, x-client-token, x-client-secret, cache-control
2025-12-08 07:19:04.580  8368-8438  okhttp.OkHttpClient     com.cdccreditsmart.app               I  access-control-allow-methods: GET, POST, PUT, PATCH, DELETE, OPTIONS
2025-12-08 07:19:04.580  8368-8438  okhttp.OkHttpClient     com.cdccreditsmart.app               I  access-control-allow-origin: *
2025-12-08 07:19:04.580  8368-8438  okhttp.OkHttpClient     com.cdccreditsmart.app               I  access-control-max-age: 86400
2025-12-08 07:19:04.580  8368-8438  okhttp.OkHttpClient     com.cdccreditsmart.app               I  content-length: 59
2025-12-08 07:19:04.580  8368-8438  okhttp.OkHttpClient     com.cdccreditsmart.app               I  content-security-policy: default-src 'self'; script-src 'self' 'unsafe-inline' 'unsafe-eval' https://replit.com; style-src 'self' 'unsafe-inline' https://replit.com; img-src 'self' data: https:; font-src 'self' data: https://replit.com; connect-src 'self';
2025-12-08 07:19:04.580  8368-8438  okhttp.OkHttpClient     com.cdccreditsmart.app               I  content-type: application/json; charset=utf-8
2025-12-08 07:19:04.582  8368-8438  okhttp.OkHttpClient     com.cdccreditsmart.app               I  date: Mon, 08 Dec 2025 10:19:04 GMT
2025-12-08 07:19:04.582  8368-8438  okhttp.OkHttpClient     com.cdccreditsmart.app               I  etag: W/"3b-9gCHwmPb8p6jYm5WExczQnIIdAU"
2025-12-08 07:19:04.583  8368-8438  okhttp.OkHttpClient     com.cdccreditsmart.app               I  permissions-policy: geolocation=(), microphone=(), camera=()
2025-12-08 07:19:04.583  8368-8438  okhttp.OkHttpClient     com.cdccreditsmart.app               I  referrer-policy: strict-origin-when-cross-origin
2025-12-08 07:19:04.583  8368-8438  okhttp.OkHttpClient     com.cdccreditsmart.app               I  strict-transport-security: max-age=63072000; includeSubDomains
2025-12-08 07:19:04.583  8368-8438  okhttp.OkHttpClient     com.cdccreditsmart.app               I  strict-transport-security: max-age=31536000; includeSubDomains
2025-12-08 07:19:04.583  8368-8438  okhttp.OkHttpClient     com.cdccreditsmart.app               I  x-anti-fraud-protection: active
2025-12-08 07:19:04.583  8368-8438  okhttp.OkHttpClient     com.cdccreditsmart.app               I  x-certificate-pinning-enabled: false
2025-12-08 07:19:04.583  8368-8438  okhttp.OkHttpClient     com.cdccreditsmart.app               I  x-certificate-pinning-status: disabled-for-stability
2025-12-08 07:19:04.584  8368-8438  okhttp.OkHttpClient     com.cdccreditsmart.app               I  x-content-type-options: nosniff
2025-12-08 07:19:04.584  8368-8438  okhttp.OkHttpClient     com.cdccreditsmart.app               I  x-financial-data-protection: enabled
2025-12-08 07:19:04.584  8368-8438  okhttp.OkHttpClient     com.cdccreditsmart.app               I  x-frame-options: DENY
2025-12-08 07:19:04.584  8368-8438  okhttp.OkHttpClient     com.cdccreditsmart.app               I  x-transaction-security-level: maximum
2025-12-08 07:19:04.584  8368-8438  okhttp.OkHttpClient     com.cdccreditsmart.app               I  x-xss-protection: 1; mode=block
2025-12-08 07:19:04.584  8368-8438  okhttp.OkHttpClient     com.cdccreditsmart.app               I  via: 1.1 google
2025-12-08 07:19:04.584  8368-8438  okhttp.OkHttpClient     com.cdccreditsmart.app               I  alt-svc: h3=":443"; ma=2592000,h3-29=":443"; ma=2592000
2025-12-08 07:19:04.584  8368-8438  okhttp.OkHttpClient     com.cdccreditsmart.app               I  {"success":true,"message":"Resposta do comando registrada"}
2025-12-08 07:19:04.584  8368-8438  okhttp.OkHttpClient     com.cdccreditsmart.app               I  <-- END HTTP (59-byte body)
2025-12-08 07:19:04.585  8368-8406  MdmCommandReceiver      com.cdccreditsmart.app               I  âœ… ACK enviado via fallback para comando e362f326-ebd0-429c-b512-3091cf2573eb
2025-12-08 07:19:04.585  8368-8406  MdmCommandReceiver      com.cdccreditsmart.app               I  âš™ï¸ Level: 4, Days: 0
2025-12-08 07:19:04.585  8368-8406  MdmCommandReceiver      com.cdccreditsmart.app               I  ðŸ”’ Aplicando bloqueio progressivo...
2025-12-08 07:19:04.585  8368-8406  AppBlockingManager      com.cdccreditsmart.app               I  ðŸ”’ Aplicando bloqueio progressivo - NÃ­vel 4
2025-12-08 07:19:04.586  8368-8406  AppBlockingManager      com.cdccreditsmart.app               D  Dias de atraso: 0
2025-12-08 07:19:04.586  8368-8406  AppBlockingManager      com.cdccreditsmart.app               D  RazÃ£o: Bloqueio manual forÃ§ado para nÃ­vel 4 pelo administrador
2025-12-08 07:19:04.586  8368-8406  AppBlockingManager      com.cdccreditsmart.app               D  Categorias recebidas: [photos, gallery, video_players, web_browsers, youtube, music_players, play_store, games, social_media, all_apps_except_whatsapp]
2025-12-08 07:19:04.586  8368-8406  AppBlockingManager      com.cdccreditsmart.app               E  âŒ App nÃ£o Ã© Device Owner - nÃ£o pode bloquear apps
2025-12-08 07:19:04.587  8368-8406  MdmCommandReceiver      com.cdccreditsmart.app               I  âœ… Bloqueio aplicado - Success: false, Apps: 0
2025-12-08 07:19:04.587  8368-8406  MdmCommandReceiver      com.cdccreditsmart.app               D  ðŸ“¡ Enviando response para comando: e362f326-ebd0-429c-b512-3091cf2573eb
2025-12-08 07:19:04.587  8368-8406  MdmCommandReceiver      com.cdccreditsmart.app               D  ðŸ“¡ Status: failed
2025-12-08 07:19:04.587  8368-8406  MdmCommandReceiver      com.cdccreditsmart.app               D  ðŸ“¡ Tentando via NOVO endpoint: POST /api/apk/commands/e362f326-ebd0-429c-b512-3091cf2573eb/ack
2025-12-08 07:19:04.589  8368-8438  okhttp.OkHttpClient     com.cdccreditsmart.app               I  --> POST https://cdccreditsmart.com/api/apk/commands/e362f326-ebd0-429c-b512-3091cf2573eb/ack
2025-12-08 07:19:04.589  8368-8438  okhttp.OkHttpClient     com.cdccreditsmart.app               I  Content-Type: application/json; charset=UTF-8
2025-12-08 07:19:04.589  8368-8438  okhttp.OkHttpClient     com.cdccreditsmart.app               I  Content-Length: 87
2025-12-08 07:19:04.589  8368-8438  okhttp.OkHttpClient     com.cdccreditsmart.app               I  Authorization: Bearer eyJhbGciOiJIUzI1NiIsInR5cCI6IkpXVCJ9.eyJkZXZpY2VJZCI6ImRldmljZV8xNzY1MTQ4NzcxNDYyXzR0ZXd3NDJwMTE0IiwiYXBrVG9rZW4iOiJYVjhXNTc2NiIsInR5cGUiOiJhcGsiLCJleHBpcmVzSW4iOiIyNGgiLCJpYXQiOjE3NjUxODg5ODMsImV4cCI6MTc2NTI3NTM4M30.muLfUOtUV3uQb4dj2-L5ojkEN6Jt4v2gQtGjUtDe1-Y
2025-12-08 07:19:04.590  8368-8438  okhttp.OkHttpClient     com.cdccreditsmart.app               I  {"status":"failed","errorMessage":"App nÃ£o Ã© Device Owner - nÃ£o pode bloquear apps"}
2025-12-08 07:19:04.590  8368-8438  okhttp.OkHttpClient     com.cdccreditsmart.app               I  --> END POST (87-byte body)
2025-12-08 07:19:04.612  8368-8438  SecureTokenStorage      com.cdccreditsmart.app               D  EncryptedSharedPreferences initialized successfully
2025-12-08 07:19:04.828  8368-8438  okhttp.OkHttpClient     com.cdccreditsmart.app               I  <-- 404 https://cdccreditsmart.com/api/apk/commands/e362f326-ebd0-429c-b512-3091cf2573eb/ack (237ms)
2025-12-08 07:19:04.828  8368-8438  okhttp.OkHttpClient     com.cdccreditsmart.app               I  access-control-allow-credentials: true
2025-12-08 07:19:04.828  8368-8438  okhttp.OkHttpClient     com.cdccreditsmart.app               I  access-control-allow-headers: Origin, X-Requested-With, Content-Type, Accept, Authorization, x-client-key, x-client-token, x-client-secret, cache-control
2025-12-08 07:19:04.828  8368-8438  okhttp.OkHttpClient     com.cdccreditsmart.app               I  access-control-allow-methods: GET, POST, PUT, PATCH, DELETE, OPTIONS
2025-12-08 07:19:04.828  8368-8438  okhttp.OkHttpClient     com.cdccreditsmart.app               I  access-control-allow-origin: *
2025-12-08 07:19:04.828  8368-8438  okhttp.OkHttpClient     com.cdccreditsmart.app               I  access-control-max-age: 86400
2025-12-08 07:19:04.828  8368-8438  okhttp.OkHttpClient     com.cdccreditsmart.app               I  content-length: 497
2025-12-08 07:19:04.828  8368-8438  okhttp.OkHttpClient     com.cdccreditsmart.app               I  content-security-policy: default-src 'self'; script-src 'self' 'unsafe-inline' 'unsafe-eval' https://replit.com; style-src 'self' 'unsafe-inline' https://replit.com; img-src 'self' data: https:; font-src 'self' data: https://replit.com; connect-src 'self';
2025-12-08 07:19:04.828  8368-8438  okhttp.OkHttpClient     com.cdccreditsmart.app               I  content-type: application/json; charset=utf-8
2025-12-08 07:19:04.828  8368-8438  okhttp.OkHttpClient     com.cdccreditsmart.app               I  date: Mon, 08 Dec 2025 10:19:05 GMT
2025-12-08 07:19:04.828  8368-8438  okhttp.OkHttpClient     com.cdccreditsmart.app               I  etag: W/"1f1-7nk54COu+MWKytCnAJAwim5X3CI"
2025-12-08 07:19:04.829  8368-8438  okhttp.OkHttpClient     com.cdccreditsmart.app               I  permissions-policy: geolocation=(), microphone=(), camera=()
2025-12-08 07:19:04.829  8368-8438  okhttp.OkHttpClient     com.cdccreditsmart.app               I  referrer-policy: strict-origin-when-cross-origin
2025-12-08 07:19:04.829  8368-8438  okhttp.OkHttpClient     com.cdccreditsmart.app               I  strict-transport-security: max-age=63072000; includeSubDomains
2025-12-08 07:19:04.829  8368-8438  okhttp.OkHttpClient     com.cdccreditsmart.app               I  strict-transport-security: max-age=31536000; includeSubDomains
2025-12-08 07:19:04.829  8368-8438  okhttp.OkHttpClient     com.cdccreditsmart.app               I  x-anti-fraud-protection: active
2025-12-08 07:19:04.829  8368-8438  okhttp.OkHttpClient     com.cdccreditsmart.app               I  x-certificate-pinning-enabled: false
2025-12-08 07:19:04.829  8368-8438  okhttp.OkHttpClient     com.cdccreditsmart.app               I  x-certificate-pinning-status: disabled-for-stability
2025-12-08 07:19:04.829  8368-8438  okhttp.OkHttpClient     com.cdccreditsmart.app               I  x-content-type-options: nosniff
2025-12-08 07:19:04.829  8368-8438  okhttp.OkHttpClient     com.cdccreditsmart.app               I  x-financial-data-protection: enabled
2025-12-08 07:19:04.829  8368-8438  okhttp.OkHttpClient     com.cdccreditsmart.app               I  x-frame-options: DENY
2025-12-08 07:19:04.829  8368-8438  okhttp.OkHttpClient     com.cdccreditsmart.app               I  x-transaction-security-level: maximum
2025-12-08 07:19:04.829  8368-8438  okhttp.OkHttpClient     com.cdccreditsmart.app               I  x-xss-protection: 1; mode=block
2025-12-08 07:19:04.829  8368-8438  okhttp.OkHttpClient     com.cdccreditsmart.app               I  via: 1.1 google
2025-12-08 07:19:04.829  8368-8438  okhttp.OkHttpClient     com.cdccreditsmart.app               I  alt-svc: h3=":443"; ma=2592000,h3-29=":443"; ma=2592000
2025-12-08 07:19:04.829  8368-8438  okhttp.OkHttpClient     com.cdccreditsmart.app               I  {"error":"API endpoint not found","message":"Rota APK nÃ£o encontrada","path":"/","method":"POST","timestamp":"2025-12-08T10:19:05.031Z","available_endpoints":["GET /api/apk/device/{serial}/status","POST /api/apk/device/{fingerprint}/sync","POST /api/apk/device/{fingerprint}/register-info","POST /api/apk/auth","GET /api/apk/device/{identifier}/commands","POST /api/apk/device/commands/{commandId}/status","POST /api/apk/device/{identifier}/command-response","GET /api/apk/device/commands/test"]}
2025-12-08 07:19:04.829  8368-8438  okhttp.OkHttpClient     com.cdccreditsmart.app               I  <-- END HTTP (497-byte body)
2025-12-08 07:19:04.831  8368-8406  MdmCommandReceiver      com.cdccreditsmart.app               W  âš ï¸ NOVO endpoint falhou (HTTP 404), tentando fallback...
2025-12-08 07:19:04.831  8368-8406  SecureTokenStorage      com.cdccreditsmart.app               D  âš ï¸ Usando Serial Number para MDM (IMEI indisponÃ­vel): XV8W57...
2025-12-08 07:19:04.831  8368-8406  MdmCommandReceiver      com.cdccreditsmart.app               D  ðŸ“¡ Fallback: Usando endpoint legado: POST /api/apk/device/XV8W5766/command-response
2025-12-08 07:19:04.833  8368-8438  okhttp.OkHttpClient     com.cdccreditsmart.app               I  --> POST https://cdccreditsmart.com/api/apk/device/XV8W5766/command-response
2025-12-08 07:19:04.833  8368-8438  okhttp.OkHttpClient     com.cdccreditsmart.app               I  Content-Type: application/json; charset=UTF-8
2025-12-08 07:19:04.833  8368-8438  okhttp.OkHttpClient     com.cdccreditsmart.app               I  Content-Length: 138
2025-12-08 07:19:04.834  8368-8438  okhttp.OkHttpClient     com.cdccreditsmart.app               I  {"commandId":"e362f326-ebd0-429c-b512-3091cf2573eb","status":"failed","errorMessage":"App nÃ£o Ã© Device Owner - nÃ£o pode bloquear apps"}
2025-12-08 07:19:04.834  8368-8438  okhttp.OkHttpClient     com.cdccreditsmart.app               I  --> END POST (138-byte body)
2025-12-08 07:19:04.851  8368-8438  SecureTokenStorage      com.cdccreditsmart.app               D  EncryptedSharedPreferences initialized successfully
2025-12-08 07:19:05.270  8368-8438  okhttp.OkHttpClient     com.cdccreditsmart.app               I  <-- 200 https://cdccreditsmart.com/api/apk/device/XV8W5766/command-response (436ms)
2025-12-08 07:19:05.271  8368-8438  okhttp.OkHttpClient     com.cdccreditsmart.app               I  access-control-allow-credentials: true
2025-12-08 07:19:05.271  8368-8438  okhttp.OkHttpClient     com.cdccreditsmart.app               I  access-control-allow-headers: Origin, X-Requested-With, Content-Type, Accept, Authorization, x-client-key, x-client-token, x-client-secret, cache-control
2025-12-08 07:19:05.271  8368-8438  okhttp.OkHttpClient     com.cdccreditsmart.app               I  access-control-allow-methods: GET, POST, PUT, PATCH, DELETE, OPTIONS
2025-12-08 07:19:05.272  8368-8438  okhttp.OkHttpClient     com.cdccreditsmart.app               I  access-control-allow-origin: *
2025-12-08 07:19:05.272  8368-8438  okhttp.OkHttpClient     com.cdccreditsmart.app               I  access-control-max-age: 86400
2025-12-08 07:19:05.272  8368-8438  okhttp.OkHttpClient     com.cdccreditsmart.app               I  content-length: 59
2025-12-08 07:19:05.272  8368-8438  okhttp.OkHttpClient     com.cdccreditsmart.app               I  content-security-policy: default-src 'self'; script-src 'self' 'unsafe-inline' 'unsafe-eval' https://replit.com; style-src 'self' 'unsafe-inline' https://replit.com; img-src 'self' data: https:; font-src 'self' data: https://replit.com; connect-src 'self';
2025-12-08 07:19:05.272  8368-8438  okhttp.OkHttpClient     com.cdccreditsmart.app               I  content-type: application/json; charset=utf-8
2025-12-08 07:19:05.272  8368-8438  okhttp.OkHttpClient     com.cdccreditsmart.app               I  date: Mon, 08 Dec 2025 10:19:05 GMT
2025-12-08 07:19:05.272  8368-8438  okhttp.OkHttpClient     com.cdccreditsmart.app               I  etag: W/"3b-9gCHwmPb8p6jYm5WExczQnIIdAU"
