2026-01-27 17:30:06.761 23255-23357 CdcForegroundService    com.cdccreditsmart.app               I  ğŸ“¡ connectMdmWebSocket() CHAMADO - Aguardando conexÃ£o...
2026-01-27 17:30:06.761 23255-23357 CdcForegroundService    com.cdccreditsmart.app               I  ğŸ“¡ PrÃ³ximo log esperado: 'âœ… WebSocket MDM CONECTADO'
2026-01-27 17:30:06.761 23255-23357 CdcForegroundService    com.cdccreditsmart.app               I  ğŸ“¡ ========================================
2026-01-27 17:30:06.761 23255-23357 CdcForegroundService    com.cdccreditsmart.app               D  ğŸ“¡ Criando WebSocketManager (flow-status)...
2026-01-27 17:30:06.766 23255-27591 TrafficStats            com.cdccreditsmart.app               D  tagSocket(159) with statsTag=0xffffffff, statsUid=-1
2026-01-27 17:30:06.768 23255-23357 WebSocketManager        com.cdccreditsmart.app               D  Connecting to WebSocket: wss://cdccreditsmart.com/ws/flow-status
2026-01-27 17:30:06.772 23255-23359 HeartbeatManager        com.cdccreditsmart.app               D  ğŸ’“ Payload do heartbeat:
2026-01-27 17:30:06.773 23255-23359 HeartbeatManager        com.cdccreditsmart.app               D     deviceToken: eyJhbGciOiJIUzI1NiIs...
2026-01-27 17:30:06.773 23255-23359 HeartbeatManager        com.cdccreditsmart.app               D     currentBlockLevel: 0
2026-01-27 17:30:06.773 23255-23359 HeartbeatManager        com.cdccreditsmart.app               D     batteryLevel: 82
2026-01-27 17:30:06.773 23255-23359 HeartbeatManager        com.cdccreditsmart.app               D     isCharging: true
2026-01-27 17:30:06.773 23255-23359 HeartbeatManager        com.cdccreditsmart.app               D     currentSimImei: 860875...
2026-01-27 17:30:06.797 23255-23357 CdcForegroundService    com.cdccreditsmart.app               I  ğŸ“¡ WebSocketManager inicializado
2026-01-27 17:30:06.798 23255-23357 CdcForegroundService    com.cdccreditsmart.app               I  ğŸ’¡ Overlay automÃ¡tico: PeriodicOverlayWorker (a cada 10min)
2026-01-27 17:30:06.814 23255-23357 HeartbeatWorker         com.cdccreditsmart.app               I  âœ… Heartbeat OTIMIZADO agendado via WorkManager
2026-01-27 17:30:06.815 23255-23357 HeartbeatWorker         com.cdccreditsmart.app               I     ğŸ“Š Intervalo: 60min (reduÃ§Ã£o de 75% vs 15min)
2026-01-27 17:30:06.815 23255-23357 HeartbeatWorker         com.cdccreditsmart.app               I     ğŸ¯ Economia: ~72 requisiÃ§Ãµes/dia por dispositivo
2026-01-27 17:30:06.833 23255-27595 TrafficStats            com.cdccreditsmart.app               D  tagSocket(167) with statsTag=0xffffffff, statsUid=-1
2026-01-27 17:30:06.839 23255-23357 IconProtectionWorker    com.cdccreditsmart.app               I  ğŸ“Œ IconProtectionWorker agendado (15 min)
2026-01-27 17:30:06.853 23255-23357 IconProtectionWorker    com.cdccreditsmart.app               I  ğŸ“Œ IconProtectionWorker executando agora
2026-01-27 17:30:06.853 23255-23357 CdcForegroundService    com.cdccreditsmart.app               I  ğŸ“Œ Worker de proteÃ§Ã£o do Ã­cone agendado e executando
2026-01-27 17:30:06.855 23255-23357 BlockingNotifWorker     com.cdccreditsmart.app               I  ğŸ“… Agendando verificaÃ§Ã£o de notificaÃ§Ãµes de bloqueio...
2026-01-27 17:30:06.856 23255-23357 BlockingNotifWorker     com.cdccreditsmart.app               I  âœ… Worker agendado para executar a cada 6h
2026-01-27 17:30:06.857 23255-23357 CdcForegroundService    com.cdccreditsmart.app               I  ğŸ“± Worker de notificaÃ§Ãµes de bloqueio agendado
2026-01-27 17:30:06.857 23255-23357 CdcForegroundService    com.cdccreditsmart.app               I  ğŸ“¦ ========================================
2026-01-27 17:30:06.857 23255-23357 CdcForegroundService    com.cdccreditsmart.app               I  ğŸ“¦ APK PRELOAD PARA FACTORY RESET (Multi-Fabricante)
2026-01-27 17:30:06.857 23255-23357 CdcForegroundService    com.cdccreditsmart.app               I  ğŸ“¦ ========================================
2026-01-27 17:30:06.873 23255-23357 ApkPreloadManager       com.cdccreditsmart.app               I  ğŸ“± Fabricante detectado: realme
2026-01-27 17:30:06.900 23255-23357 CdcForegroundService    com.cdccreditsmart.app               I  ğŸ“¦ APK em preload: false
2026-01-27 17:30:07.068 25624-26119 ConfigurationContentLdr com.cdccreditsmart.app               W  ContentProvider query returned null cursor, using default values
2026-01-27 17:30:07.088 23255-23357 CdcForegroundService    com.cdccreditsmart.app               I  ğŸ“¦ Construindo manifesto:
2026-01-27 17:30:07.088 23255-23357 CdcForegroundService    com.cdccreditsmart.app               I     ContractCode: QJ3H4MKG...
2026-01-27 17:30:07.089 23255-23357 CdcForegroundService    com.cdccreditsmart.app               I     DeviceId: device_176...
2026-01-27 17:30:07.089 23255-23357 CdcForegroundService    com.cdccreditsmart.app               I     IMEI: 860875...
2026-01-27 17:30:07.103 23255-23357 CdcForegroundService    com.cdccreditsmart.app               I  ğŸ“¦ Salvando manifesto de enrollment para auto-reativaÃ§Ã£o
2026-01-27 17:30:07.103 23255-23357 ApkPreloadManager       com.cdccreditsmart.app               I  ========================================
2026-01-27 17:30:07.103 23255-23357 ApkPreloadManager       com.cdccreditsmart.app               I  ğŸ“¦ INSTALANDO APK NO PRELOAD (Multi-Fabricante)
2026-01-27 17:30:07.103 23255-23357 ApkPreloadManager       com.cdccreditsmart.app               I  ========================================
2026-01-27 17:30:07.117 23255-23357 ApkPreloadManager       com.cdccreditsmart.app               I  ğŸ“ APK fonte: /data/app/~~VNFdq-2uv0TbToB33hMAww==/com.cdccreditsmart.app-0aM78mMkVvXTuSvjuezPqg==/base.apk
2026-01-27 17:30:07.119 23255-23357 ApkPreloadManager       com.cdccreditsmart.app               I  ğŸ“± Android 34 (14)
2026-01-27 17:30:07.120 23255-23357 ApkPreloadManager       com.cdccreditsmart.app               I  ğŸ“± Fabricante: realme
2026-01-27 17:30:07.123 23255-23357 ApkPreloadManager       com.cdccreditsmart.app               I  ğŸ“± Marca: realme
2026-01-27 17:30:07.124 23255-23357 ApkPreloadManager       com.cdccreditsmart.app               I  ğŸ“± Produto: RMX3938
2026-01-27 17:30:07.145 23255-23357 ApkPreloadManager       com.cdccreditsmart.app               I  ğŸ“± Modelo: RMX3938
2026-01-27 17:30:07.145 23255-23357 ApkPreloadManager       com.cdccreditsmart.app               I  ğŸ“± Fabricante detectado: realme
2026-01-27 17:30:07.156 23255-23357 ApkPreloadManager       com.cdccreditsmart.app               I  ğŸ” Caminhos de preload a tentar: 6
2026-01-27 17:30:07.159 23255-23357 ApkPreloadManager       com.cdccreditsmart.app               D     1. /data/realme/preload/apps
2026-01-27 17:30:07.160 23255-23357 ApkPreloadManager       com.cdccreditsmart.app               D     2. /data/system/device_owner_data/preloads
2026-01-27 17:30:07.170 23255-23357 ApkPreloadManager       com.cdccreditsmart.app               D     3. /data/system/device_owner_data
2026-01-27 17:30:07.170 23255-23357 ApkPreloadManager       com.cdccreditsmart.app               D     4. /data/oppo_commonsys/preload
2026-01-27 17:30:07.171 23255-23357 ApkPreloadManager       com.cdccreditsmart.app               D     5. /data/preloads/apps
2026-01-27 17:30:07.171 23255-23357 ApkPreloadManager       com.cdccreditsmart.app               D     6. /data/preload/apps
2026-01-27 17:30:07.171 23255-23357 ApkPreloadManager       com.cdccreditsmart.app               I  
2026-01-27 17:30:07.174 23255-23357 ApkPreloadManager       com.cdccreditsmart.app               I  ğŸ“‚ Tentando: /data/realme/preload/apps
2026-01-27 17:30:07.174 23255-23357 ApkPreloadManager       com.cdccreditsmart.app               I     ğŸ“ DiretÃ³rio nÃ£o existe - tentando criar...
2026-01-27 17:30:07.199 23255-23357 ApkPreloadManager       com.cdccreditsmart.app               W     âš ï¸ NÃ£o foi possÃ­vel criar diretÃ³rio
2026-01-27 17:30:07.205 23255-23357 ApkPreloadManager       com.cdccreditsmart.app               I  
2026-01-27 17:30:07.206 23255-23357 ApkPreloadManager       com.cdccreditsmart.app               I  ğŸ“‚ Tentando: /data/system/device_owner_data/preloads
2026-01-27 17:30:07.206 23255-23357 ApkPreloadManager       com.cdccreditsmart.app               I     ğŸ“ DiretÃ³rio nÃ£o existe - tentando criar...
2026-01-27 17:30:07.208 23255-23357 ApkPreloadManager       com.cdccreditsmart.app               W     âš ï¸ NÃ£o foi possÃ­vel criar diretÃ³rio
2026-01-27 17:30:07.211 23255-23357 ApkPreloadManager       com.cdccreditsmart.app               I  
2026-01-27 17:30:07.211 23255-23357 ApkPreloadManager       com.cdccreditsmart.app               I  ğŸ“‚ Tentando: /data/system/device_owner_data
2026-01-27 17:30:07.213 23255-23357 ApkPreloadManager       com.cdccreditsmart.app               I     ğŸ“ DiretÃ³rio nÃ£o existe - tentando criar...
2026-01-27 17:30:07.215 23255-23357 ApkPreloadManager       com.cdccreditsmart.app               W     âš ï¸ NÃ£o foi possÃ­vel criar diretÃ³rio
2026-01-27 17:30:07.215 23255-23357 ApkPreloadManager       com.cdccreditsmart.app               I  
2026-01-27 17:30:07.215 23255-23357 ApkPreloadManager       com.cdccreditsmart.app               I  ğŸ“‚ Tentando: /data/oppo_commonsys/preload
2026-01-27 17:30:07.215 23255-23357 ApkPreloadManager       com.cdccreditsmart.app               I     ğŸ“ DiretÃ³rio nÃ£o existe - tentando criar...
2026-01-27 17:30:07.247 23255-23357 ApkPreloadManager       com.cdccreditsmart.app               W     âš ï¸ NÃ£o foi possÃ­vel criar diretÃ³rio
2026-01-27 17:30:07.290 23255-23357 ApkPreloadManager       com.cdccreditsmart.app               I  
2026-01-27 17:30:07.290 23255-23357 ApkPreloadManager       com.cdccreditsmart.app               I  ğŸ“‚ Tentando: /data/preloads/apps
2026-01-27 17:30:07.292 23255-23357 ApkPreloadManager       com.cdccreditsmart.app               I     ğŸ“ DiretÃ³rio nÃ£o existe - tentando criar...
2026-01-27 17:30:07.293 23255-23357 ApkPreloadManager       com.cdccreditsmart.app               W     âš ï¸ NÃ£o foi possÃ­vel criar diretÃ³rio
2026-01-27 17:30:07.287 23255-23255 DefaultDispatch         com.cdccreditsmart.app               W  type=1400 audit(0.0:893): avc:  denied  { getattr } for  path="/data/preloads" dev="dm-48" ino=98 scontext=u:r:untrusted_app:s0:c253,c256,c512,c768 tcontext=u:object_r:preloads_data_file:s0 tclass=dir permissive=0 app=com.cdccreditsmart.app
2026-01-27 17:30:07.293 23255-23357 ApkPreloadManager       com.cdccreditsmart.app               I  
2026-01-27 17:30:07.293 23255-23357 ApkPreloadManager       com.cdccreditsmart.app               I  ğŸ“‚ Tentando: /data/preload/apps
2026-01-27 17:30:07.296 23255-23357 ApkPreloadManager       com.cdccreditsmart.app               I     ğŸ“ DiretÃ³rio nÃ£o existe - tentando criar...
2026-01-27 17:30:07.298 23255-23357 ApkPreloadManager       com.cdccreditsmart.app               W     âš ï¸ NÃ£o foi possÃ­vel criar diretÃ³rio
2026-01-27 17:30:07.298 23255-23357 ApkPreloadManager       com.cdccreditsmart.app               E  
2026-01-27 17:30:07.298 23255-23357 ApkPreloadManager       com.cdccreditsmart.app               E  âŒ FALHA: Nenhum caminho de preload acessÃ­vel
2026-01-27 17:30:07.299 23255-23357 ApkPreloadManager       com.cdccreditsmart.app               E     Fabricante: realme
2026-01-27 17:30:07.299 23255-23357 ApkPreloadManager       com.cdccreditsmart.app               E     O sistema de recuperaÃ§Ã£o via stub ainda funcionarÃ¡
2026-01-27 17:30:07.299 23255-23357 ApkPreloadManager       com.cdccreditsmart.app               I  ========================================
2026-01-27 17:30:07.299 23255-23357 CdcForegroundService    com.cdccreditsmart.app               W  ğŸ“¦ âš ï¸ Nenhum caminho de preload acessÃ­vel neste dispositivo
2026-01-27 17:30:07.304 23255-23357 CdcForegroundService    com.cdccreditsmart.app               W  ğŸ“¦    O sistema de recuperaÃ§Ã£o via stub ainda funcionarÃ¡
2026-01-27 17:30:07.307 23255-23357 CdcForegroundService    com.cdccreditsmart.app               I  ğŸ“¦ ========================================
2026-01-27 17:30:07.308 23255-23357 CdcForegroundService    com.cdccreditsmart.app               I  ğŸ”„ ========================================
2026-01-27 17:30:07.308 23255-23357 CdcForegroundService    com.cdccreditsmart.app               I  ğŸ”„ SINCRONIZAÃ‡ÃƒO IMEDIATA DE BLOQUEIO
2026-01-27 17:30:07.308 23255-23357 CdcForegroundService    com.cdccreditsmart.app               I  ğŸ”„ ========================================
2026-01-27 17:30:07.329 23255-23357 CdcForegroundService    com.cdccreditsmart.app               I  ğŸ”„ NÃ­vel de bloqueio LOCAL atual: 0
2026-01-27 17:30:07.338 23255-23255 Choreographer           com.cdccreditsmart.app               I  Skipped 52 frames!  The application may be doing too much work on its main thread.
2026-01-27 17:30:07.355 23255-23937 OpenGLRenderer          com.cdccreditsmart.app               I  Davey! duration=1259ms; Flags=0, FrameTimelineVsyncId=241627, IntendedVsync=690059140909, Vsync=690375576618, InputEventId=0, HandleInputStart=690384355313, AnimationStart=690384367698, PerformTraversalsStart=690410599775, DrawStart=690419356313, FrameDeadline=690392243285, FrameInterval=690383804890, FrameStartTime=16654511, SyncQueued=690427913429, SyncStart=690428103775, IssueDrawCommandsStart=690428343429, SwapBuffers=691297696005, FrameCompleted=691318734313, DequeueBufferDuration=36039, QueueBufferDuration=521346, GpuCompleted=691318734313, SwapBuffersCompleted=691313507966, DisplayPresentTime=687276901123, CommandSubmissionCompleted=691297696005, 
2026-01-27 17:30:07.756 23255-23357 CdcForegroundService    com.cdccreditsmart.app               I  ğŸ”„ Enviando heartbeat de sincronizaÃ§Ã£o...
2026-01-27 17:30:07.842 25624-27599 FA                      com.cdccreditsmart.app               I  App measurement initialized, version: 106000
2026-01-27 17:30:07.843 25624-27599 FA                      com.cdccreditsmart.app               I  To enable debug logging run: adb shell setprop log.tag.FA VERBOSE
2026-01-27 17:30:07.846 25624-27599 FA                      com.cdccreditsmart.app               I  To enable faster debug mode event logging run:
                                                                                                      adb shell setprop debug.firebase.analytics.app com.cdccreditsmart.app
2026-01-27 17:30:07.876 23255-27612 IconProtectionWorker    com.cdccreditsmart.app               D  ğŸ” Verificando proteÃ§Ã£o do Ã­cone...
2026-01-27 17:30:07.879 23255-23359 creditsmart.app         com.cdccreditsmart.app               W  Verification of kotlin.sequences.Sequence kotlin.reflect.jvm.internal.impl.resolve.descriptorUtil.DescriptorUtilsKt.getParentsWithSelf(kotlin.reflect.jvm.internal.impl.descriptors.DeclarationDescriptor) took 152.710ms (91.68 bytecodes/s) (1736B approximate peak alloc)
2026-01-27 17:30:08.175 23255-23359 creditsmart.app         com.cdccreditsmart.app               W  Verification of void kotlin.reflect.jvm.internal.impl.metadata.ProtoBuf$Type.<init>(kotlin.reflect.jvm.internal.impl.protobuf.CodedInputStream, kotlin.reflect.jvm.internal.impl.protobuf.ExtensionRegistryLite) took 101.260ms (4918.00 bytecodes/s) (11288B approximate peak alloc)
2026-01-27 17:30:08.254 23255-23267 creditsmart.app         com.cdccreditsmart.app               W  Suspending all threads took: 10.022ms
2026-01-27 17:30:08.354 23255-23267 creditsmart.app         com.cdccreditsmart.app               I  Background concurrent mark compact GC freed 263027(11MB) AllocSpace objects, 258(10184KB) LOS objects, 73% free, 8687KB/32MB, paused 11.123ms,4.985ms total 372.639ms
2026-01-27 17:30:08.633 23255-27612 LauncherIconProtector   com.cdccreditsmart.app               I  ğŸ“Œ Atalho nÃ£o encontrado - criando novo...
2026-01-27 17:30:08.890 23255-27612 LauncherIconProtector   com.cdccreditsmart.app               I  âœ… SolicitaÃ§Ã£o de atalho enviada ao launcher
2026-01-27 17:30:08.900 23255-27612 LauncherIconProtector   com.cdccreditsmart.app               I  ğŸ“Š Ãcone restaurado 1 vezes
2026-01-27 17:30:08.901 23255-27612 IconProtectionWorker    com.cdccreditsmart.app               I  ğŸ“Š EstatÃ­sticas: Ã­cone restaurado 1 vezes
2026-01-27 17:30:08.901 23255-27612 IconProtectionWorker    com.cdccreditsmart.app               D  âœ… VerificaÃ§Ã£o de Ã­cone concluÃ­da
2026-01-27 17:30:08.954 23255-23337 WM-WorkerWrapper        com.cdccreditsmart.app               I  Worker result SUCCESS for Work [ id=7e8e0ae9-62e0-4bec-b83b-60ad5b4115f7, tags={ com.cdccreditsmart.app.workers.IconProtectionWorker } ]
2026-01-27 17:30:10.535 25624-26236 TrafficStats            com.cdccreditsmart.app               D  tagSocket(113) with statsTag=0x8001, statsUid=-1
2026-01-27 17:30:10.790 23255-23255 Choreographer           com.cdccreditsmart.app               I  Skipped 33 frames!  The application may be doing too much work on its main thread.
2026-01-27 17:30:10.800 23255-23273 OpenGLRenderer          com.cdccreditsmart.app               I  Davey! duration=717ms; Flags=0, FrameTimelineVsyncId=242975, IntendedVsync=694056163657, Vsync=694189410905, InputEventId=0, HandleInputStart=694203390734, AnimationStart=694203407580, PerformTraversalsStart=694597414272, DrawStart=694597668387, FrameDeadline=694272657339, FrameInterval=694196886157, FrameStartTime=16655906, SyncQueued=694764964964, SyncStart=694765093425, IssueDrawCommandsStart=694765278425, SwapBuffers=694767084272, FrameCompleted=694774038464, DequeueBufferDuration=30769, QueueBufferDuration=1131808, GpuCompleted=694774038464, SwapBuffersCompleted=694772876464, DisplayPresentTime=689075549353, CommandSubmissionCompleted=694767084272, 
2026-01-27 17:30:11.064 23255-27591 creditsmart.app         com.cdccreditsmart.app               W  Verification of void okhttp3.internal.http1.Http1ExchangeCodec.<clinit>() took 129.537ms (69.48 bytecodes/s) (1536B approximate peak alloc)
2026-01-27 17:30:11.608 25624-27599 creditsmart.app         com.cdccreditsmart.app               W  Verification of void com.google.android.gms.common.internal.BaseGmsClient.<init>(android.content.Context, android.os.Handler, com.google.android.gms.common.internal.GmsClientSupervisor, com.google.android.gms.common.GoogleApiAvailabilityLight, int, com.google.android.gms.common.internal.BaseGmsClient$BaseConnectionCallbacks, com.google.android.gms.common.internal.BaseGmsClient$BaseOnConnectionFailedListener) took 292.903ms (300.44 bytecodes/s) (2976B approximate peak alloc)
2026-01-27 17:30:11.715 25624-27599 creditsmart.app         com.cdccreditsmart.app               W  Verification of void com.google.android.gms.common.internal.BaseGmsClient.zzp(int, android.os.IInterface) took 105.391ms (3681.52 bytecodes/s) (8800B approximate peak alloc)
2026-01-27 17:30:11.847 25624-27599 creditsmart.app         com.cdccreditsmart.app               W  Verification of android.os.IInterface com.google.android.gms.common.internal.BaseGmsClient.createServiceInterface(android.os.IBinder) took 128.735ms (0.00 bytecodes/s) (920B approximate peak alloc)
2026-01-27 17:30:12.510 23255-23315 FA                      com.cdccreditsmart.app               I  Application backgrounded at: timestamp_millis: 1769545810442
2026-01-27 17:30:12.925 23255-26495 okhttp.OkHttpClient     com.cdccreditsmart.app               I  --> GET https://cdccreditsmart.com/api/apk/device/860875074339718/commands
2026-01-27 17:30:12.925 23255-26495 okhttp.OkHttpClient     com.cdccreditsmart.app               I  --> END GET
2026-01-27 17:30:13.023 23255-23356 FcmTokenManager         com.cdccreditsmart.app               D  Response code: 200
2026-01-27 17:30:13.093 23255-23356 FcmTokenManager         com.cdccreditsmart.app               D  âœ… FCM token registered successfully
2026-01-27 17:30:13.093 23255-23356 FcmTokenManager         com.cdccreditsmart.app               D  Response: {"success":true,"message":"FCM token registrado com sucesso"}
2026-01-27 17:30:13.131 23255-23356 AuthOrchestrator        com.cdccreditsmart.app               D  âœ… FCM token registrado
2026-01-27 17:30:13.133 23255-27990 okhttp.OkHttpClient     com.cdccreditsmart.app               I  --> GET https://cdccreditsmart.com/v1/contract/terms?version=latest
2026-01-27 17:30:13.133 23255-27990 okhttp.OkHttpClient     com.cdccreditsmart.app               I  --> END GET
2026-01-27 17:30:13.526 23255-27595 WebSocketManager        com.cdccreditsmart.app               D  WebSocket connection opened
2026-01-27 17:30:13.526 23255-23356 MdmCommandReceiver      com.cdccreditsmart.app               D  â° Watchdog cancelado (conexÃ£o resolvida)
2026-01-27 17:30:13.526 23255-27595 WebSocketManager        com.cdccreditsmart.app               D  WebSocket connected for contract: QJ3H4MKG
2026-01-27 17:30:13.526 23255-27595 WebSocketManager        com.cdccreditsmart.app               D  Starting heartbeat
2026-01-27 17:30:13.527 23255-27591 MdmCommandReceiver      com.cdccreditsmart.app               I  âœ… WebSocket MDM CONECTADO COM SUCESSO!
2026-01-27 17:30:13.528 23255-27591 MdmCommandReceiver      com.cdccreditsmart.app               D  âœ… Response code: 101
2026-01-27 17:30:13.528 23255-27591 MdmCommandReceiver      com.cdccreditsmart.app               I  ğŸ” Enviando autenticaÃ§Ã£o WebSocket imediatamente (v2.5)...
2026-01-27 17:30:13.532 23255-27591 SecureTokenStorage      com.cdccreditsmart.app               D  âœ… Usando IMEI para MDM: 8608***718
2026-01-27 17:30:13.577 23255-27591 MdmCommandReceiver      com.cdccreditsmart.app               I  ğŸ” ========================================
2026-01-27 17:30:13.577 23255-27591 MdmCommandReceiver      com.cdccreditsmart.app               I  ğŸ” ENVIANDO AUTENTICAÃ‡ÃƒO WEBSOCKET
2026-01-27 17:30:13.577 23255-27591 MdmCommandReceiver      com.cdccreditsmart.app               I  ğŸ” ========================================
2026-01-27 17:30:13.577 23255-27591 MdmCommandReceiver      com.cdccreditsmart.app               I  ğŸ” serialNumber: 86087507...
2026-01-27 17:30:13.577 23255-27591 MdmCommandReceiver      com.cdccreditsmart.app               I  ğŸ” deviceToken: eyJhbGciOiJIUzI1NiIs...
2026-01-27 17:30:13.577 23255-27591 MdmCommandReceiver      com.cdccreditsmart.app               I  ğŸ” deviceFingerprint: N/A...
2026-01-27 17:30:13.577 23255-27591 MdmCommandReceiver      com.cdccreditsmart.app               I  ğŸ” imei: 8608***
2026-01-27 17:30:13.577 23255-27591 MdmCommandReceiver      com.cdccreditsmart.app               I  ğŸ” androidId: 54194507...
2026-01-27 17:30:13.577 23255-27591 MdmCommandReceiver      com.cdccreditsmart.app               I  ğŸ” apkVersion: 1.0.0-debug
2026-01-27 17:30:13.577 23255-27591 MdmCommandReceiver      com.cdccreditsmart.app               I  âœ… Mensagem de autenticaÃ§Ã£o enviada com sucesso (7 campos)
2026-01-27 17:30:13.578 23255-27591 MdmCommandReceiver      com.cdccreditsmart.app               D  â³ Polling jÃ¡ estÃ¡ ativo - ignorando chamada duplicada
2026-01-27 17:30:13.579 23255-27591 MdmCommandReceiver      com.cdccreditsmart.app               D  ğŸ“¥ Mensagem MDM recebida: {"type":"welcome","message":"Connected to unified WebSocket server","connectionId":"5281eec4-2657-4867-b020-f2c2013a5785","path":"/ws/mdm-policies","routerKey":"mdm-policies","timestamp":"2026-01-27T20:30:11.032Z","serverTime":"2026-01-27T20:30:11.032Z"}
2026-01-27 17:30:13.579 23255-23356 MdmCommandReceiver      com.cdccreditsmart.app               I  ğŸ’“ Iniciando ping manual JSON (intervalo: 25s)
2026-01-27 17:30:13.581 23255-23356 MdmCommandReceiver      com.cdccreditsmart.app               D  ğŸ“¥ JSON recebido: {"type":"welcome","message":"Connected to unified WebSocket server","connectionId":"5281eec4-2657-4867-b020-f2c2013a5785","path":"/ws/mdm-policies","routerKey":"mdm-policies","timestamp":"2026-01-27T20:30:11.032Z","serverTime":"2026-01-27T20:30:11.032Z"}
2026-01-27 17:30:13.581 23255-27591 MdmCommandReceiver      com.cdccreditsmart.app               D  ğŸ“¥ Mensagem MDM recebida: {"type":"auth_required","message":"Please authenticate via message with serialNumber, deviceFingerprint or androidId","timeout":60,"timestamp":"2026-01-27T20:30:11.033Z"}
2026-01-27 17:30:13.583 23255-27580 MdmCommandReceiver      com.cdccreditsmart.app               D  ğŸ“¥ JSON recebido: {"type":"auth_required","message":"Please authenticate via message with serialNumber, deviceFingerprint or androidId","timeout":60,"timestamp":"2026-01-27T20:30:11.033Z"}
2026-01-27 17:30:14.676 23255-23255 Choreographer           com.cdccreditsmart.app               I  Skipped 50 frames!  The application may be doing too much work on its main thread.
2026-01-27 17:30:14.693 23255-23274 OpenGLRenderer          com.cdccreditsmart.app               I  Davey! duration=864ms; Flags=0, FrameTimelineVsyncId=244133, IntendedVsync=697798434412, Vsync=697798434412, InputEventId=0, HandleInputStart=697799202462, AnimationStart=697799206885, PerformTraversalsStart=697800959539, DrawStart=697801218231, FrameDeadline=697831759569, FrameInterval=697799181539, FrameStartTime=16654365, SyncQueued=698652137923, SyncStart=698652273153, IssueDrawCommandsStart=698652416230, SwapBuffers=698655558769, FrameCompleted=698663227038, DequeueBufferDuration=34154, QueueBufferDuration=1281577, GpuCompleted=698663227038, SwapBuffersCompleted=698662181192, DisplayPresentTime=692606226735, CommandSubmissionCompleted=698655558769, 
2026-01-27 17:30:15.719 23255-27585 SettingsGuardService    com.cdccreditsmart.app               D  ğŸ“‹ Activity check - Full: com.cdccreditsmart.app.presentation.MainActivity, Simple: MainActivity
2026-01-27 17:30:16.833 23255-27580 MdmCommandReceiver      com.cdccreditsmart.app               D  ğŸ“¨ Tipo de mensagem: auth_required
2026-01-27 17:30:16.833 23255-27580 MdmCommandReceiver      com.cdccreditsmart.app               W  âš ï¸ ========================================
2026-01-27 17:30:16.833 23255-27580 MdmCommandReceiver      com.cdccreditsmart.app               W  âš ï¸ AUTENTICAÃ‡ÃƒO REQUERIDA PELO SERVIDOR
2026-01-27 17:30:16.833 23255-27580 MdmCommandReceiver      com.cdccreditsmart.app               W  âš ï¸ ========================================
2026-01-27 17:30:16.833 23255-27580 MdmCommandReceiver      com.cdccreditsmart.app               W  âš ï¸ Reenviando mensagem de autenticaÃ§Ã£o...
2026-01-27 17:30:16.925 23255-23356 MdmCommandReceiver      com.cdccreditsmart.app               D  ğŸ“¨ Tipo de mensagem: welcome
2026-01-27 17:30:16.926 23255-23356 MdmCommandReceiver      com.cdccreditsmart.app               D  ğŸ‘‹ Mensagem de boas-vindas do servidor
2026-01-27 17:30:16.980 23255-27580 SecureTokenStorage      com.cdccreditsmart.app               D  âœ… Usando IMEI para MDM: 8608***718
2026-01-27 17:30:17.087 23255-27580 MdmCommandReceiver      com.cdccreditsmart.app               I  ğŸ” ========================================
2026-01-27 17:30:17.094 23255-27580 MdmCommandReceiver      com.cdccreditsmart.app               I  ğŸ” ENVIANDO AUTENTICAÃ‡ÃƒO WEBSOCKET
2026-01-27 17:30:17.094 23255-27580 MdmCommandReceiver      com.cdccreditsmart.app               I  ğŸ” ========================================
2026-01-27 17:30:17.094 23255-27580 MdmCommandReceiver      com.cdccreditsmart.app               I  ğŸ” serialNumber: 86087507...
2026-01-27 17:30:17.094 23255-27580 MdmCommandReceiver      com.cdccreditsmart.app               I  ğŸ” deviceToken: eyJhbGciOiJIUzI1NiIs...
2026-01-27 17:30:17.094 23255-27580 MdmCommandReceiver      com.cdccreditsmart.app               I  ğŸ” deviceFingerprint: N/A...
2026-01-27 17:30:17.094 23255-27580 MdmCommandReceiver      com.cdccreditsmart.app               I  ğŸ” imei: 8608***
2026-01-27 17:30:17.094 23255-27580 MdmCommandReceiver      com.cdccreditsmart.app               I  ğŸ” androidId: 54194507...
2026-01-27 17:30:17.094 23255-27580 MdmCommandReceiver      com.cdccreditsmart.app               I  ğŸ” apkVersion: 1.0.0-debug
2026-01-27 17:30:17.105 23255-27580 MdmCommandReceiver      com.cdccreditsmart.app               I  âœ… Mensagem de autenticaÃ§Ã£o enviada com sucesso (7 campos)
2026-01-27 17:30:17.320 23255-28193 okhttp.OkHttpClient     com.cdccreditsmart.app               I  --> POST https://cdccreditsmart.com/api/apk/device/heartbeat
2026-01-27 17:30:17.324 23255-28193 okhttp.OkHttpClient     com.cdccreditsmart.app               I  Content-Type: application/json; charset=UTF-8
2026-01-27 17:30:17.324 23255-28193 okhttp.OkHttpClient     com.cdccreditsmart.app               I  Content-Length: 410
2026-01-27 17:30:17.324 23255-28193 okhttp.OkHttpClient     com.cdccreditsmart.app               I  Authorization: Bearer eyJhbGciOiJIUzI1NiIsInR5cCI6IkpXVCJ9.eyJ0eXBlIjoiYXBrIiwiZGV2aWNlSWQiOiJkZXZpY2VfMTc2OTEzNzI4MDI4Ml9sN3NyamVzZzI1IiwiaW1laSI6Ijg2MDg3NTA3NDMzOTcxOCIsInNlcmlhbE51bWJlciI6IlFKM0g0TUtHIiwiaWF0IjoxNzY5NTQ1Nzk4LCJleHAiOjE3NzczMjE3OTh9.8_OV8ydLe65f9glX1fnfwrlWYOQjvHHbXRXf7GROgz8
2026-01-27 17:30:17.325 23255-28193 okhttp.OkHttpClient     com.cdccreditsmart.app               I  {"deviceToken":"eyJhbGciOiJIUzI1NiIsInR5cCI6IkpXVCJ9.eyJ0eXBlIjoiYXBrIiwiZGV2aWNlSWQiOiJkZXZpY2VfMTc2OTEzNzI4MDI4Ml9sN3NyamVzZzI1IiwiaW1laSI6Ijg2MDg3NTA3NDMzOTcxOCIsInNlcmlhbE51bWJlciI6IlFKM0g0TUtHIiwiaWF0IjoxNzY5NTQ1Nzk4LCJleHAiOjE3NzczMjE3OTh9.8_OV8ydLe65f9glX1fnfwrlWYOQjvHHbXRXf7GROgz8","currentBlockLevel":0,"batteryLevel":82,"isCharging":true,"currentSimImei":"860875074339718","timestamp":1769545806772}
2026-01-27 17:30:17.325 23255-28193 okhttp.OkHttpClient     com.cdccreditsmart.app               I  --> END POST (410-byte body)
2026-01-27 17:30:17.350 23255-28194 okhttp.OkHttpClient     com.cdccreditsmart.app               I  --> POST https://cdccreditsmart.com/api/apk/device/heartbeat
2026-01-27 17:30:17.366 23255-28194 okhttp.OkHttpClient     com.cdccreditsmart.app               I  Content-Type: application/json; charset=UTF-8
2026-01-27 17:30:17.367 23255-28194 okhttp.OkHttpClient     com.cdccreditsmart.app               I  Content-Length: 159
2026-01-27 17:30:17.367 23255-28194 okhttp.OkHttpClient     com.cdccreditsmart.app               I  Authorization: Bearer eyJhbGciOiJIUzI1NiIsInR5cCI6IkpXVCJ9.eyJ0eXBlIjoiYXBrIiwiZGV2aWNlSWQiOiJkZXZpY2VfMTc2OTEzNzI4MDI4Ml9sN3NyamVzZzI1IiwiaW1laSI6Ijg2MDg3NTA3NDMzOTcxOCIsInNlcmlhbE51bWJlciI6IlFKM0g0TUtHIiwiaWF0IjoxNzY5NTQ1Nzk4LCJleHAiOjE3NzczMjE3OTh9.8_OV8ydLe65f9glX1fnfwrlWYOQjvHHbXRXf7GROgz8
2026-01-27 17:30:17.369 23255-28194 okhttp.OkHttpClient     com.cdccreditsmart.app               I  {"timestamp":1769545807736,"status":"active","batteryLevel":82,"currentBlockLevel":0,"blockedAppsCount":0,"progressiveBlockActive":false,"isManualBlock":false}
2026-01-27 17:30:17.369 23255-28194 okhttp.OkHttpClient     com.cdccreditsmart.app               I  --> END POST (159-byte body)
2026-01-27 17:30:17.410 23255-26495 okhttp.OkHttpClient     com.cdccreditsmart.app               I  <-- 200 https://cdccreditsmart.com/api/apk/device/860875074339718/commands (4484ms)
2026-01-27 17:30:17.411 23255-26495 okhttp.OkHttpClient     com.cdccreditsmart.app               I  access-control-allow-credentials: true
2026-01-27 17:30:17.411 23255-26495 okhttp.OkHttpClient     com.cdccreditsmart.app               I  access-control-allow-headers: Origin, X-Requested-With, Content-Type, Accept, Authorization, x-client-key, x-client-token, x-client-secret, cache-control
2026-01-27 17:30:17.411 23255-26495 okhttp.OkHttpClient     com.cdccreditsmart.app               I  access-control-allow-methods: GET, POST, PUT, PATCH, DELETE, OPTIONS
2026-01-27 17:30:17.412 23255-26495 okhttp.OkHttpClient     com.cdccreditsmart.app               I  access-control-allow-origin: *
2026-01-27 17:30:17.412 23255-26495 okhttp.OkHttpClient     com.cdccreditsmart.app               I  access-control-max-age: 86400
2026-01-27 17:30:17.412 23255-26495 okhttp.OkHttpClient     com.cdccreditsmart.app               I  content-length: 104
2026-01-27 17:30:17.412 23255-26495 okhttp.OkHttpClient     com.cdccreditsmart.app               I  content-security-policy: default-src 'self'; script-src 'self' 'unsafe-inline' 'unsafe-eval' https://replit.com; style-src 'self' 'unsafe-inline' https://replit.com; img-src 'self' data: https:; font-src 'self' data: https://replit.com; connect-src 'self';
2026-01-27 17:30:17.412 23255-26495 okhttp.OkHttpClient     com.cdccreditsmart.app               I  content-type: application/json; charset=utf-8
2026-01-27 17:30:17.413 23255-26495 okhttp.OkHttpClient     com.cdccreditsmart.app               I  date: Tue, 27 Jan 2026 20:30:12 GMT
2026-01-27 17:30:17.413 23255-26495 okhttp.OkHttpClient     com.cdccreditsmart.app               I  etag: W/"68-1BzkVNqHEsu0XlMenwYbbDRd04w"
2026-01-27 17:30:17.413 23255-26495 okhttp.OkHttpClient     com.cdccreditsmart.app               I  permissions-policy: geolocation=(), microphone=(), camera=()
2026-01-27 17:30:17.413 23255-26495 okhttp.OkHttpClient     com.cdccreditsmart.app               I  referrer-policy: strict-origin-when-cross-origin
2026-01-27 17:30:17.414 23255-26495 okhttp.OkHttpClient     com.cdccreditsmart.app               I  strict-transport-security: max-age=63072000; includeSubDomains
2026-01-27 17:30:17.414 23255-26495 okhttp.OkHttpClient     com.cdccreditsmart.app               I  strict-transport-security: max-age=31536000; includeSubDomains
2026-01-27 17:30:17.414 23255-26495 okhttp.OkHttpClient     com.cdccreditsmart.app               I  x-anti-fraud-protection: active
2026-01-27 17:30:17.444 23255-26495 okhttp.OkHttpClient     com.cdccreditsmart.app               I  x-certificate-pinning-enabled: false
2026-01-27 17:30:17.447 23255-26495 okhttp.OkHttpClient     com.cdccreditsmart.app               I  x-certificate-pinning-status: disabled-for-stability
2026-01-27 17:30:17.450 23255-26495 okhttp.OkHttpClient     com.cdccreditsmart.app               I  x-content-type-options: nosniff
2026-01-27 17:30:17.450 23255-26495 okhttp.OkHttpClient     com.cdccreditsmart.app               I  x-financial-data-protection: enabled
2026-01-27 17:30:17.450 23255-26495 okhttp.OkHttpClient     com.cdccreditsmart.app               I  x-frame-options: DENY
2026-01-27 17:30:17.451 23255-26495 okhttp.OkHttpClient     com.cdccreditsmart.app               I  x-transaction-security-level: maximum
2026-01-27 17:30:17.451 23255-26495 okhttp.OkHttpClient     com.cdccreditsmart.app               I  x-xss-protection: 1; mode=block
2026-01-27 17:30:17.451 23255-26495 okhttp.OkHttpClient     com.cdccreditsmart.app               I  via: 1.1 google
2026-01-27 17:30:17.451 23255-26495 okhttp.OkHttpClient     com.cdccreditsmart.app               I  alt-svc: h3=":443"; ma=2592000,h3-29=":443"; ma=2592000
2026-01-27 17:30:17.474 23255-26495 okhttp.OkHttpClient     com.cdccreditsmart.app               I  {"deviceId":"device_1769137280282_l7srjesg25","serialNumber":"QJ3H4MKG","commandsCount":0,"commands":[]}
2026-01-27 17:30:17.480 23255-26495 okhttp.OkHttpClient     com.cdccreditsmart.app               I  <-- END HTTP (104-byte body)
2026-01-27 17:30:17.489 23255-23357 MdmCommandReceiver      com.cdccreditsmart.app               I  ğŸ” HTTP Response code: 200
2026-01-27 17:30:17.490 23255-23357 MdmCommandReceiver      com.cdccreditsmart.app               I  ğŸ” HTTP isSuccessful: true
2026-01-27 17:30:17.490 23255-23357 MdmCommandReceiver      com.cdccreditsmart.app               I  ğŸ” Response body deviceId: device_1769137280282_l7srjesg25
2026-01-27 17:30:17.490 23255-23357 MdmCommandReceiver      com.cdccreditsmart.app               I  ğŸ” Response body serialNumber: QJ3H4MKG
2026-01-27 17:30:17.490 23255-23357 MdmCommandReceiver      com.cdccreditsmart.app               I  ğŸ” Total de comandos: 0
2026-01-27 17:30:17.490 23255-23357 MdmCommandReceiver      com.cdccreditsmart.app               D  âœ… Nenhum comando pendente no servidor
2026-01-27 17:30:17.527 23255-23357 MdmCommandReceiver      com.cdccreditsmart.app               D  ğŸ“Š Fetch duration: 10766ms
2026-01-27 17:30:17.527 23255-23357 MdmCommandReceiver      com.cdccreditsmart.app               I  ğŸ” [Polling #1] Verificando comandos pendentes...
2026-01-27 17:30:17.547 23255-27591 MdmCommandReceiver      com.cdccreditsmart.app               D  ğŸ“¥ Mensagem MDM recebida: {"type":"auth_error","message":"Device not found in system","timestamp":"2026-01-27T20:30:13.183Z"}
2026-01-27 17:30:17.570 23255-23359 MdmCommandReceiver      com.cdccreditsmart.app               D  ğŸ“¥ JSON recebido: {"type":"auth_error","message":"Device not found in system","timestamp":"2026-01-27T20:30:13.183Z"}
2026-01-27 17:30:17.575 23255-23359 MdmCommandReceiver      com.cdccreditsmart.app               D  ğŸ“¨ Tipo de mensagem: auth_error
2026-01-27 17:30:17.576 23255-23359 MdmCommandReceiver      com.cdccreditsmart.app               E  âŒ ========================================
2026-01-27 17:30:17.576 23255-23359 MdmCommandReceiver      com.cdccreditsmart.app               E  âŒ ERRO DE AUTENTICAÃ‡ÃƒO WEBSOCKET!
2026-01-27 17:30:17.576 23255-23359 MdmCommandReceiver      com.cdccreditsmart.app               E  âŒ ========================================
2026-01-27 17:30:17.576 23255-23359 MdmCommandReceiver      com.cdccreditsmart.app               E  âŒ Erro: Device not found in system
2026-01-27 17:30:17.576 23255-23359 MdmCommandReceiver      com.cdccreditsmart.app               E  âŒ CÃ³digo: 
2026-01-27 17:30:17.635 23255-23357 SecureTokenStorage      com.cdccreditsmart.app               D  âœ… Usando IMEI para MDM: 8608***718
2026-01-27 17:30:17.635 23255-23357 MdmCommandReceiver      com.cdccreditsmart.app               I  ğŸ” ========================================
2026-01-27 17:30:17.635 23255-23357 MdmCommandReceiver      com.cdccreditsmart.app               I  ğŸ” BUSCANDO COMANDOS PENDENTES
2026-01-27 17:30:17.635 23255-23357 MdmCommandReceiver      com.cdccreditsmart.app               I  ğŸ” ========================================
2026-01-27 17:30:17.635 23255-23357 MdmCommandReceiver      com.cdccreditsmart.app               I  ğŸ” Identifier: 860875074339718
2026-01-27 17:30:17.635 23255-23357 MdmCommandReceiver      com.cdccreditsmart.app               I  ğŸ” Endpoint: GET /api/apk/device/860875074339718/commands
2026-01-27 17:30:17.641 23255-23357 MdmCommandReceiver      com.cdccreditsmart.app               D  ğŸ” Executando requisiÃ§Ã£o HTTP (timeout: 15s)...
2026-01-27 17:30:17.697 23255-27990 okhttp.OkHttpClient     com.cdccreditsmart.app               I  <-- 200 https://cdccreditsmart.com/v1/contract/terms?version=latest (4563ms)
2026-01-27 17:30:17.698 23255-27990 okhttp.OkHttpClient     com.cdccreditsmart.app               I  access-control-allow-credentials: true
2026-01-27 17:30:17.698 23255-27990 okhttp.OkHttpClient     com.cdccreditsmart.app               I  access-control-allow-headers: Origin, X-Requested-With, Content-Type, Accept, Authorization, x-client-key, x-client-token, x-client-secret, cache-control
2026-01-27 17:30:17.698 23255-27990 okhttp.OkHttpClient     com.cdccreditsmart.app               I  access-control-allow-methods: GET, POST, PUT, PATCH, DELETE, OPTIONS
2026-01-27 17:30:17.698 23255-27990 okhttp.OkHttpClient     com.cdccreditsmart.app               I  access-control-allow-origin: *
2026-01-27 17:30:17.698 23255-27990 okhttp.OkHttpClient     com.cdccreditsmart.app               I  access-control-max-age: 86400
2026-01-27 17:30:17.698 23255-27990 okhttp.OkHttpClient     com.cdccreditsmart.app               I  content-length: 44554
2026-01-27 17:30:17.698 23255-27990 okhttp.OkHttpClient     com.cdccreditsmart.app               I  content-security-policy: default-src 'self'; script-src 'self' 'unsafe-inline' 'unsafe-eval' https://replit.com; style-src 'self' 'unsafe-inline' https://replit.com; img-src 'self' data: https:; font-src 'self' data: https://replit.com; connect-src 'self';
2026-01-27 17:30:17.698 23255-27990 okhttp.OkHttpClient     com.cdccreditsmart.app               I  content-type: application/json; charset=utf-8
2026-01-27 17:30:17.698 23255-27990 okhttp.OkHttpClient     com.cdccreditsmart.app               I  date: Tue, 27 Jan 2026 20:30:13 GMT
2026-01-27 17:30:17.698 23255-27990 okhttp.OkHttpClient     com.cdccreditsmart.app               I  etag: W/"ae0a-le6yW/ZqQJvxrk2ukKu8dB/cTTE"
2026-01-27 17:30:17.698 23255-27990 okhttp.OkHttpClient     com.cdccreditsmart.app               I  permissions-policy: geolocation=(), microphone=(), camera=()
2026-01-27 17:30:17.719 23255-27990 okhttp.OkHttpClient     com.cdccreditsmart.app               I  referrer-policy: strict-origin-when-cross-origin
2026-01-27 17:30:17.719 23255-27990 okhttp.OkHttpClient     com.cdccreditsmart.app               I  strict-transport-security: max-age=63072000; includeSubDomains
2026-01-27 17:30:17.719 23255-27990 okhttp.OkHttpClient     com.cdccreditsmart.app               I  strict-transport-security: max-age=31536000; includeSubDomains
2026-01-27 17:30:17.719 23255-27990 okhttp.OkHttpClient     com.cdccreditsmart.app               I  x-anti-fraud-protection: active
2026-01-27 17:30:17.719 23255-27990 okhttp.OkHttpClient     com.cdccreditsmart.app               I  x-certificate-pinning-enabled: false
2026-01-27 17:30:17.719 23255-27990 okhttp.OkHttpClient     com.cdccreditsmart.app               I  x-certificate-pinning-status: disabled-for-stability
2026-01-27 17:30:17.720 23255-27990 okhttp.OkHttpClient     com.cdccreditsmart.app               I  x-content-type-options: nosniff
2026-01-27 17:30:17.720 23255-27990 okhttp.OkHttpClient     com.cdccreditsmart.app               I  x-financial-data-protection: enabled
2026-01-27 17:30:17.720 23255-27990 okhttp.OkHttpClient     com.cdccreditsmart.app               I  x-frame-options: DENY
2026-01-27 17:30:17.720 23255-27990 okhttp.OkHttpClient     com.cdccreditsmart.app               I  x-transaction-security-level: maximum
2026-01-27 17:30:17.720 23255-27990 okhttp.OkHttpClient     com.cdccreditsmart.app               I  x-xss-protection: 1; mode=block
2026-01-27 17:30:17.720 23255-27990 okhttp.OkHttpClient     com.cdccreditsmart.app               I  via: 1.1 google
2026-01-27 17:30:17.720 23255-27990 okhttp.OkHttpClient     com.cdccreditsmart.app               I  alt-svc: h3=":443"; ma=2592000,h3-29=":443"; ma=2592000
2026-01-27 17:30:17.755 23255-26495 okhttp.OkHttpClient     com.cdccreditsmart.app               I  --> GET https://cdccreditsmart.com/api/apk/device/860875074339718/commands
2026-01-27 17:30:17.755 23255-26495 okhttp.OkHttpClient     com.cdccreditsmart.app               I  --> END GET
2026-01-27 17:30:18.748 23255-23255 Choreographer           com.cdccreditsmart.app               I  Skipped 33 frames!  The application may be doing too much work on its main thread.
2026-01-27 17:30:18.927 23255-27591 MdmCommandReceiver      com.cdccreditsmart.app               D  ğŸ“¥ Mensagem MDM recebida: {"type":"auth_error","message":"Device not found in system","timestamp":"2026-01-27T20:30:16.980Z"}
2026-01-27 17:30:18.952 23255-23357 MdmCommandReceiver      com.cdccreditsmart.app               D  ğŸ“¥ JSON recebido: {"type":"auth_error","message":"Device not found in system","timestamp":"2026-01-27T20:30:16.980Z"}
2026-01-27 17:30:18.989 23255-23357 MdmCommandReceiver      com.cdccreditsmart.app               D  ğŸ“¨ Tipo de mensagem: auth_error
2026-01-27 17:30:18.990 23255-23357 MdmCommandReceiver      com.cdccreditsmart.app               E  âŒ ========================================
2026-01-27 17:30:18.990 23255-23357 MdmCommandReceiver      com.cdccreditsmart.app               E  âŒ ERRO DE AUTENTICAÃ‡ÃƒO WEBSOCKET!
2026-01-27 17:30:18.990 23255-23357 MdmCommandReceiver      com.cdccreditsmart.app               E  âŒ ========================================
2026-01-27 17:30:18.990 23255-23357 MdmCommandReceiver      com.cdccreditsmart.app               E  âŒ Erro: Device not found in system
2026-01-27 17:30:18.990 23255-23357 MdmCommandReceiver      com.cdccreditsmart.app               E  âŒ CÃ³digo: 
2026-01-27 17:30:19.133 23255-27990 okhttp.OkHttpClient     com.cdccreditsmart.app               I  {"id":"54a62376-e9dd-4b7c-b474-8ecaa4c26cfc","success":true,"version":"v2.1","hash":"7483075c4bb2d28284b9b45fee2c4927d032014a3cadf1115e13c3d766577796","text":"# CONTRATO DE FINANCIAMENTO DE DISPOSITIVO MÃ“VEL COM ALIENAÃ‡ÃƒO FIDUCIÃRIA\n\n## CDC CREDITSMART - SISTEMA DE CRÃ‰DITO INTELIGENTE\n\n**Data de vigÃªncia:** 04/12/2025\n\n---\n\n## PARTES CONTRATANTES\n\n**FINANCIADORA (CREDORA FIDUCIÃRIA):** CDC CreditSmart LTDA, pessoa jurÃ­dica de direito privado, inscrita no CNPJ sob nÂº [informar], com sede na [endereÃ§o completo], especializada em soluÃ§Ãµes de crÃ©dito e financiamento de dispositivos eletrÃ´nicos.\n\n**CLIENTE (DEVEDOR FIDUCIANTE):** Pessoa fÃ­sica identificada atravÃ©s de biometria facial, documentaÃ§Ã£o oficial (CPF/RG) e anÃ¡lise de crÃ©dito, doravante denominado simplesmente \"CLIENTE\".\n\n---\n\n## CLÃUSULA PRIMEIRA - OBJETO DO CONTRATO\n\n**1.1. FINANCIAMENTO**  \nO presente instrumento tem por objeto o **FINANCIAMENTO** para aquisiÃ§Ã£o de dispositivo mÃ³vel (smartphone/tablet), conforme especificaÃ§Ãµes tÃ©cnicas constantes no pedido, com garantia mediante **ALIENAÃ‡ÃƒO FIDUCIÃRIA** em favor da FINANCIADORA.\n\n**1.2. PROPRIEDADE FIDUCIÃRIA**  \nA propriedade do dispositivo Ã© transferida ao CLIENTE em carÃ¡ter **FIDUCIÃRIO**, permanecendo como **GARANTIA** do financiamento. A FINANCIADORA detÃ©m a **PROPRIEDADE FIDUCIÃRIA RESOLÃšVEL** atÃ© integral quitaÃ§Ã£o do dÃ©bito, momento em que ocorre a **CONSOLIDAÃ‡ÃƒO DA PROPRIEDADE PLENA** em favor do CLIENTE.\n\n**1.3. POSSE E USO**  \nO CLIENTE recebe a **POSSE DIRETA** do dispositivo desde a entrega, podendo utilizÃ¡-lo normalmente, observadas as obrigaÃ§Ãµes contratuais.\n\n**1.4. CONSOLIDAÃ‡ÃƒO DA PROPRIEDADE**  \nMediante **QUITAÃ‡ÃƒO INTEGRAL** de todas as parcelas, a propriedade fiduciÃ¡ria se consolida automaticamente em favor do CLIENTE, livre de quaisquer Ã´nus, sem custos adicionais.\n\n---\n\n## CLÃUSULA SEGUNDA - REGIME JURÃDICO E LEGISLAÃ‡ÃƒO APLICÃVEL\n\n**2.1. LEGISLAÃ‡ÃƒO**  \nEste contrato rege-se pelas seguintes normas:\n- **Lei nÂº 8.078/1990** - CÃ³digo de Defesa do Consumidor (CDC)\n- **Lei nÂº 9.514/1997** - AlienaÃ§Ã£o FiduciÃ¡ria de Bens MÃ³veis\n- **Decreto-Lei nÂº 911/1969** - AlienaÃ§Ã£o FiduciÃ¡ria em Garantia\n- **Lei nÂº 13.709/2018** - Lei Geral de ProteÃ§Ã£o de Dados Pessoais (LGPD)\n- **Lei nÂº 14.063/2020** - Assinaturas EletrÃ´nicas\n- **CÃ³digo Civil Brasileiro** (Lei 10.406/2002)\n- **Precedentes do TJMG** sobre proporcionalidade em restriÃ§Ãµes de dispositivos\n\n**2.2. INTERPRETAÃ‡ÃƒO PRÃ“-CONSUMIDOR**  \nTodas as clÃ¡usulas devem ser interpretadas de forma mais favorÃ¡vel ao consumidor, conforme art. 47 do CDC.\n\n---\n\n## CLÃUSULA TERCEIRA - CONDIÃ‡Ã•ES FINANCEIRAS\n\n**3.1. VALOR TOTAL FINANCIADO**\n- Valor do dispositivo: [valor conforme pedido]\n- Entrada (down payment): [valor pago no ato]\n- Valor financiado: [valor total - entrada]\n- Taxa de juros: [% ao mÃªs]\n- CET (Custo Efetivo Total): [% ao ano]\n\n**3.2. FORMA DE PAGAMENTO**\n- **Parcelas:** pagamentos **QUINZENAIS** (a cada 15 dias)\n- **Quantidade:** conforme cronograma fornecido\n- **Vencimento:** a cada 15 dias a partir da data da contrataÃ§Ã£o\n- **Meios de pagamento:** PIX, boleto bancÃ¡rio ou outros disponibilizados\n\n**3.3. CRONOGRAMA**  \nO CLIENTE recebe cronograma completo com:\n- Data de vencimento de cada parcela\n- Valor de cada parcela\n- Saldo devedor apÃ³s cada pagamento\n- Data prevista para quitaÃ§Ã£o total\n\n**3.4. ENCARGOS MORATÃ“RIOS**  \nEm caso de atraso no pagamento, serÃ£o aplicados:\n- **Juros de mora:** 1% ao mÃªs (pro rata die)\n- **Multa moratÃ³ria:** 2% sobre o valor da parcela em atraso\n- **AtualizaÃ§Ã£o monetÃ¡ria:** IPCA ou Ã­ndice oficial que vier a substituÃ­-lo\n- **NegativaÃ§Ã£o:** inclusÃ£o em cadastros de proteÃ§Ã£o ao crÃ©dito apÃ³s 10 dias de atraso\n\n**3.5. QUITAÃ‡ÃƒO ANTECIPADA**  \nO CLIENTE pode quitar antecipadamente o saldo devedor a qualquer momento, tendo direito a:\n- Desconto proporcional dos juros futuros (art. 52, Â§2Âº do CDC)\n
