2025-12-09 12:19:02.475  1561-2555  TranHBMComponentImpl    pid-1561                             I  updateBatteryLevel:57
2025-12-09 12:19:02.475  1561-2555  TranHBMManagerService   pid-1561                             D  allowBatteryState = true, mAllowBatteryState = true
2025-12-09 12:19:02.475  1561-2555  BatteryService          pid-1561                             D  HealthInfoUpdate: HealthInfo:{.chargerAcOnline = false, .chargerUsbOnline = true, .chargerWirelessOnline = false, .maxChargingCurrent = 500000, .maxChargingVoltage = 5000000, .batteryStatus = 2, .batteryHealth = 2, .batteryPresent = true, .batteryLevel = 57, .batteryVoltage = 3909, .batteryTemperature = 418, .batteryCurrent = -137200, .batteryCycleCount = 1, .batteryFullCharge = 5000000, .batteryChargeCounter=2850000, .batteryTechnology = Li-ion, .batteryCapacityLevel = 3}
2025-12-09 12:19:02.492  3207-4104  ExpressionController    pid-3207                             D  #mgz# onReceive
2025-12-09 12:19:02.500  3207-3313  PowerUI                 pid-3207                             D  can't show warning due to - plugged: true status unknown: false
2025-12-09 12:19:02.509 20770-20801 Settings                pid-20770                            W  Setting download_manager_max_bytes_over_mobile has moved from android.provider.Settings.Secure to android.provider.Settings.Global.
2025-12-09 12:19:02.510  3475-4275  TranTele/T...aceManager pid-3475                             I  [onReceive] action: android.intent.action.BATTERY_CHANGED
2025-12-09 12:19:02.516  6080-6080  BatteryLab...rSaveUtils pid-6080                             W  isPowerSaveOpen: false
2025-12-09 12:19:02.517  6080-6080  BatteryLabService       pid-6080                             D  current level == 57, temperature == 418
2025-12-09 12:19:02.517  6080-6080  BatteryLabService       pid-6080                             D  funcNamesi_bat
2025-12-09 12:19:02.518  6080-6080  BLab-Setti...viderUtils pid-6080                             D  isUserSetupCompleteSdk = 1
2025-12-09 12:19:02.519  6080-6080  BatteryLabService       pid-6080                             D  system is charging
2025-12-09 12:19:02.519  6080-6080  BLab-Power...viderUtils pid-6080                             D  isPowerSaveModeReminderOn: 1
2025-12-09 12:19:02.521 20770-20801 Finsky:background       pid-20770                            I  [1254] aawx.k(28): SettingNotFoundException, fall through to G.downloadBytesOverMobileMaximum
2025-12-09 12:19:02.521  1021-1021  BufferQueueProducer     pid-1021                             I  [StatusBar#90](this:0xb400007343479ad8,id:-1,api:0,p:-1,c:1021) queueBuffer: fps=2.69 dur=2597.72 max=2121.68 min=8.56
2025-12-09 12:19:02.522 20770-20801 Settings                pid-20770                            W  Setting download_manager_recommended_max_bytes_over_mobile has moved from android.provider.Settings.Secure to android.provider.Settings.Global.
2025-12-09 12:19:02.524  3475-4274  EmergencyMsgController  pid-3475                             D  powerPluggedIn: true level: 57 LowBatteryMode: false
2025-12-09 12:19:02.528 20770-20801 Finsky:background       pid-20770                            I  [1254] aawx.j(31): SettingNotFoundException, fall through to G.downloadBytesOverMobileRecommended
2025-12-09 12:19:02.531  3207-3207  SysUI(2509...oxyService pid-3207                             I   isEnabled mIsEnabled false mIsFoldExpanded true
2025-12-09 12:19:02.532 17440-17440 BatteryLab...rSaveUtils pid-17440                            W  isPowerSaveOpen: false
2025-12-09 12:19:02.532 17440-17440 BatteryLabService       pid-17440                            D  current level == 57, temperature == 418
2025-12-09 12:19:02.532 17440-17440 BatteryLabService       pid-17440                            D  funcNamesi_bat
2025-12-09 12:19:02.533  3207-3207  SysUI(2509...Controller pid-3207                             D  updateShowEmptyShadeView: noNotifications=false, visibleNotificationCount=6, mediaNotificationVisible=false
2025-12-09 12:19:02.535 17440-17440 BLab-Setti...viderUtils pid-17440                            D  isUserSetupCompleteSdk = 1
2025-12-09 12:19:02.536 17440-17440 BatteryLabService       pid-17440                            D  system is charging
2025-12-09 12:19:02.536 17440-17440 BLab-Power...viderUtils pid-17440                            D  isPowerSaveModeReminderOn: 1
2025-12-09 12:19:02.538  3207-3207  TranNotifi...pandButton pid-3207                             I  Call setExpandedVisibility
2025-12-09 12:19:02.540  1561-1667  AES                     pid-1561                             D  AEEIOCTL_GET/SET_SF_STATE IOCTL,cmd= 1074294797, lParam=0. 
2025-12-09 12:19:02.540  1561-1667  AES                     pid-1561                             D  AEEIOCTL_RT_MON_Kick IOCTL,cmd= 2147774474, lParam=300. 
2025-12-09 12:19:02.631  1561-3457  ConnectivityService     pid-1561                             D  requestNetwork for uid/pid:10111/20770 activeRequest: null callbackRequest: 511 [NetworkRequest [ REQUEST id=512, [ Capabilities: INTERNET&NOT_RESTRICTED&TRUSTED&NOT_VCN_MANAGED&NOT_BANDWIDTH_CONSTRAINED Uid: 10111 RequestorUid: 10111 RequestorPkg: com.android.vending UnderlyingNetworks: Null] ]] callback flags: 0 order: 2147483647 isUidTracked: false declaredMethods: ALL
2025-12-09 12:19:02.634  1561-2958  WifiNetworkFactory      pid-1561                             D  got request NetworkRequest [ REQUEST id=512, [ Capabilities: INTERNET&NOT_RESTRICTED&TRUSTED&NOT_VCN_MANAGED&NOT_BANDWIDTH_CONSTRAINED Uid: 10111 RequestorUid: 10111 RequestorPkg: com.android.vending UnderlyingNetworks: Null] ]
2025-12-09 12:19:02.636  1561-2958  UntrustedW...orkFactory pid-1561                             D  got request NetworkRequest [ REQUEST id=512, [ Capabilities: INTERNET&NOT_RESTRICTED&TRUSTED&NOT_VCN_MANAGED&NOT_BANDWIDTH_CONSTRAINED Uid: 10111 RequestorUid: 10111 RequestorPkg: com.android.vending UnderlyingNetworks: Null] ]
2025-12-09 12:19:02.637  1561-2958  OemPaidWif...orkFactory pid-1561                             D  got request NetworkRequest [ REQUEST id=512, [ Capabilities: INTERNET&NOT_RESTRICTED&TRUSTED&NOT_VCN_MANAGED&NOT_BANDWIDTH_CONSTRAINED Uid: 10111 RequestorUid: 10111 RequestorPkg: com.android.vending UnderlyingNetworks: Null] ]
2025-12-09 12:19:02.637  1561-2958  MultiInter...orkFactory pid-1561                             D  got request NetworkRequest [ REQUEST id=512, [ Capabilities: INTERNET&NOT_RESTRICTED&TRUSTED&NOT_VCN_MANAGED&NOT_BANDWIDTH_CONSTRAINED Uid: 10111 RequestorUid: 10111 RequestorPkg: com.android.vending UnderlyingNetworks: Null] ]
2025-12-09 12:19:02.637  1561-2970  ConnectivityService     pid-1561                             D  NetReassign [512 : null â†’ 100] [c 1] [a 1] [i 5]
2025-12-09 12:19:02.655  1561-1837  tranpm/BehaviorManager  pid-1561                             D  onMemPressureChange : level 0
2025-12-09 12:19:02.664 20674-20813 Finsky                  pid-20674                            I  [1296] afcr.a(66): SM: There are no stale sessions to be pruned
2025-12-09 12:19:02.667 20770-20807 Finsky:background       pid-20770                            I  [1258] rhv.d(1): registerListener
2025-12-09 12:19:02.676 20770-20807 Finsky:background       pid-20770                            I  [1258] rcb.h(44): DFS: Listener added for prx@afb353e
2025-12-09 12:19:02.676 20674-20674 Finsky                  pid-20674                            I  [2] aicp.a(9): Connecting InstallListener to SplitInstallService broadcaster...
2025-12-09 12:19:02.678 20770-20812 TranClassInfo           pid-20770                            D  instance successfully. com.transsion.hubcore.database.sqlite.TranSQLiteDatabaseImpl@2838ec from com.transsion.hubcore.database.sqlite.ITranSQLiteDatabase
2025-12-09 12:19:02.679 20770-20812 TranClassInfo           pid-20770                            D  instance successfully. com.transsion.hubcore.spdopts.others.implement.TranSQLiteDatabaseComponentImpl@50054b5 from com.transsion.hubcore.spdcomponent.ITranSQLiteDatabaseComponent
2025-12-09 12:19:02.680 20770-20798 Finsky:background       pid-20770                            I  [1251] vqq.Y(19): IQ: start evaluating install requests.
2025-12-09 12:19:02.680 20770-20798 Finsky:background       pid-20770                            I  [1251] vqq.Y(51): IQ: no jobs active. Skipping
2025-12-09 12:19:02.682 20770-20807 Finsky:background       pid-20770                            I  [1258] rhv.d(1): registerListener
2025-12-09 12:19:02.683 20770-20804 Finsky:background       pid-20770                            I  [1257] vqj.call(98): IQ: Pruning inactive install requests
2025-12-09 12:19:02.688 20770-20798 Finsky:background       pid-20770                            I  [1251] vqq.Y(491): IQ: 0 scheduled install statuses found to proceed. 
2025-12-09 12:19:02.691 20770-20807 Finsky:background       pid-20770                            I  [1258] rhv.d(1): registerListener
2025-12-09 12:19:02.692 20770-20807 Finsky:background       pid-20770                            I  [1258] rcb.h(44): DFS: Listener added for afdt@30fe9f0
2025-12-09 12:19:02.721 20770-20807 Finsky:background       pid-20770                            I  [1258] vlg.a(833): IV2: found recoverable installs: []
2025-12-09 12:19:02.724 20770-20804 Finsky:background       pid-20770                            I  [1257] agrh.<init>(49): Resetting scheduler db
2025-12-09 12:19:02.747 20770-20800 Finsky:background       pid-20770                            I  [1253] agqw.a(15): SCH: no pending jobs to schedule.
2025-12-09 12:19:02.779 20770-20800 Finsky:background       pid-20770                            I  [1253] aiep.c(15): SSM: Start staged session task with 0 tracked staged sessions
2025-12-09 12:19:02.780 20770-20798 Finsky:background       pid-20770                            I  [1251] vqq.Y(19): IQ: start evaluating install requests.
2025-12-09 12:19:02.780 20770-20798 Finsky:background       pid-20770                            I  [1251] vqq.Y(51): IQ: no jobs active. Skipping
2025-12-09 12:19:02.789 20770-20798 Finsky:background       pid-20770                            I  [1251] vqq.Y(491): IQ: 0 scheduled install statuses found to proceed. 
2025-12-09 12:19:02.797 20770-20796 nativeloader            pid-20770                            D  Load /product/priv-app/Phonesky/Phonesky.apk!/lib/arm64-v8a/libcronet.133.0.6876.3.so using ns product-clns-7 from class loader (caller=/product/priv-app/Phonesky/Phonesky.apk): ok
2025-12-09 12:19:02.813  1561-4883  ConnectivityService     pid-1561                             D  requestNetwork for uid/pid:10111/20770 activeRequest: null callbackRequest: 513 [NetworkRequest [ REQUEST id=514, [ Capabilities: INTERNET&NOT_RESTRICTED&TRUSTED&NOT_VCN_MANAGED&NOT_BANDWIDTH_CONSTRAINED Uid: 10111 RequestorUid: 10111 RequestorPkg: com.android.vending UnderlyingNetworks: Null] ]] callback flags: 0 order: 2147483647 isUidTracked: false declaredMethods: ALL
2025-12-09 12:19:02.816  1561-2958  WifiNetworkFactory      pid-1561                             D  got request NetworkRequest [ REQUEST id=514, [ Capabilities: INTERNET&NOT_RESTRICTED&TRUSTED&NOT_VCN_MANAGED&NOT_BANDWIDTH_CONSTRAINED Uid: 10111 RequestorUid: 10111 RequestorPkg: com.android.vending UnderlyingNetworks: Null] ]
2025-12-09 12:19:02.817  1561-2958  UntrustedW...orkFactory pid-1561                             D  got request NetworkRequest [ REQUEST id=514, [ Capabilities: INTERNET&NOT_RESTRICTED&TRUSTED&NOT_VCN_MANAGED&NOT_BANDWIDTH_CONSTRAINED Uid: 10111 RequestorUid: 10111 RequestorPkg: com.android.vending UnderlyingNetworks: Null] ]
2025-12-09 12:19:02.817  1561-2958  OemPaidWif...orkFactory pid-1561                             D  got request NetworkRequest [ REQUEST id=514, [ Capabilities: INTERNET&NOT_RESTRICTED&TRUSTED&NOT_VCN_MANAGED&NOT_BANDWIDTH_CONSTRAINED Uid: 10111 RequestorUid: 10111 RequestorPkg: com.android.vending UnderlyingNetworks: Null] ]
2025-12-09 12:19:02.818  1561-2958  MultiInter...orkFactory pid-1561                             D  got request NetworkRequest [ REQUEST id=514, [ Capabilities: INTERNET&NOT_RESTRICTED&TRUSTED&NOT_VCN_MANAGED&NOT_BANDWIDTH_CONSTRAINED Uid: 10111 RequestorUid: 10111 RequestorPkg: com.android.vending UnderlyingNetworks: Null] ]
2025-12-09 12:19:02.819  1561-2970  ConnectivityService     pid-1561                             D  NetReassign [514 : null â†’ 100] [c 0] [a 1] [i 4]
2025-12-09 12:19:02.828 20770-20796 cn_CronetLibraryLoader  pid-20770                            I  Cronet version: 133.0.6876.3, arch: aarch64
2025-12-09 12:19:02.840  1561-2970  ConnectivityService     pid-1561                             D  NetReassign [no changes] [c 0] [a 1] [i 3]
2025-12-09 12:19:02.845   940-982   android.ha...ervice.mtk pid-940                              W  parseMsg: Get from client TYPE=thermal_hal_notify NAME=SKIN
2025-12-09 12:19:02.845   940-982   android.ha...ervice.mtk pid-940                              W  parseMsg:name.c_str():SKIN
2025-12-09 12:19:02.845   940-982   android.ha...ervice.mtk pid-940                              W  parseMsg:tz notify:SKIN
2025-12-09 12:19:02.845   940-982   android.ha...ervice.mtk pid-940                              I  Wait to accept a connection
2025-12-09 12:19:02.845   940-982   android.ha...l@2.0-impl pid-940                              I  Sending notification:  Type: SKIN Name: SKIN CurrentValue: 48.785 ThrottlingStatus: SEVERE
2025-12-09 12:19:02.846   940-982   android.ha...l@2.0-impl pid-940                              I  sendThermalChangedCallback
2025-12-09 12:19:02.871  1561-1837  tranpm/BehaviorManager  pid-1561                             D  onMemPressureChange : level 1
2025-12-09 12:19:02.871  1561-1910  libtrancpufreqtime      pid-1561                             D  [doPollPsi:227] cpu psi is high, 500ms at 1s window
2025-12-09 12:19:02.884   524-524   lowmemorykiller         pid-524                              I  TranMemoryInfo: vmstat time slice: 1004
2025-12-09 12:19:02.884   524-524   lowmemorykiller         pid-524                              I  TranMemoryInfo: PSI stat: 11, 9.70, 11.35, 6.09, 3.07
2025-12-09 12:19:02.885   524-524   lowmemorykiller         pid-524                              I  TranMemoryInfo: vmstat: 2810, 0, 70715, 0, 8190
2025-12-09 12:19:02.885   524-524   lowmemorykiller         pid-524                              D  TranMemoryInfo: kswapd pgscan_kswapd 8363174 to 8441514, pgsteal_kswapd 5395832 to 5466547, stime 8125 to 8190
2025-12-09 12:19:02.885   524-524   lowmemorykiller         pid-524                              I  TranMemoryInfo: kswapd has been run.
2025-12-09 12:19:02.885   524-524   lowmemorykiller         pid-524                              I  TranMemoryInfo: kswapd reclaim amount : 70715 pages
2025-12-09 12:19:02.885   524-524   lowmemorykiller         pid-524                              I  TranMemoryInfo: kswapd reclaim efficiency : 435 KB/ms
2025-12-09 12:19:02.888 20770-20796 Finsky:background       pid-20770                            I  [1249] prn.f(41): Subscription detail: DataSubscriptionInfo{groupIdLevel1=null, serviceProviderName=[9BvP-nRjsW-f6jKTpVBYlxh3eQK0QGxE4xUNrXxHvDw], simCarrierId=530}
2025-12-09 12:19:02.897 20770-20770 Finsky:background       pid-20770                            I  [2] prm.onSubscriptionsChanged(6): onSubscriptionsChanged
2025-12-09 12:19:02.954  4815-4815  TPMS                    pid-4815                             I  onKeepAliveTrigger type = 1, interval = 0
2025-12-09 12:19:03.006  1561-1831  BroadcastQueue          pid-1561                             D  Hiber/broadcast restricted queue.uid=10131 action=BroadcastRecord{54867 android.intent.action.BATTERY_CHANGED/u-1}
2025-12-09 12:19:03.053  1561-5214  TransDexopter           pid-1561                             I  Running dexopt: mFirstBoot: true, secondary dex:com.google.android.gms, dexPath: /data/user_de/10/com.google.android.gms/app_chimera/m/0000000f/dl-VisionOcr.optional_251036100000.apk
2025-12-09 12:19:03.053  1561-5214  DexoptOptions           pid-1561                             W  DEXOPT_INSTALL_WITH_DEX_METADATA_FILE not set in request to optimise com.google.android.gms - ART Service will unconditionally use a DM file if present.
2025-12-09 12:19:03.063 20324-20327 artd                    pid-20324                            I  Dex parent of /data/user_de/10/com.google.android.gms/app_chimera/m/00000007/MeasurementDynamite.apk is not writable: Permission denied
2025-12-09 12:19:03.063 20324-20327 artd                    pid-20324                            I  GetBestInfo checking odex in dalvik-cache (/data/dalvik-cache/arm64/data@user_de@10@com.google.android.gms@app_chimera@m@00000007@MeasurementDynamite.apk@classes.dex)
2025-12-09 12:19:03.063 20324-20327 artd                    pid-20324                            I  Loading /data/dalvik-cache/arm64/data@user_de@10@com.google.android.gms@app_chimera@m@00000007@MeasurementDynamite.apk@classes.dex with executable: 0
2025-12-09 12:19:03.063 20324-20327 artd                    pid-20324                            I  OatFileAssistant test for existing oat file /data/dalvik-cache/arm64/data@user_de@10@com.google.android.gms@app_chimera@m@00000007@MeasurementDynamite.apk@classes.dex: File /data/dalvik-cache/arm64/data@user_de@10@com.google.android.gms@app_chimera@m@00000007@MeasurementDynamite.apk@classes.vdex does not exist.
2025-12-09 12:19:03.063 20324-20327 artd                    pid-20324                            I  GetBestInfo checking odex next to the dex file (/data/user_de/10/com.google.android.gms/app_chimera/m/00000007/oat/arm64/MeasurementDynamite.odex)
2025-12-09 12:19:03.064 20324-20327 artd                    pid-20324                            I  Loading /data/user_de/10/com.google.android.gms/app_chimera/m/00000007/oat/arm64/MeasurementDynamite.odex with executable: 0
2025-12-09 12:19:03.065 20324-20327 artd                    pid-20324                            I  Successfully loaded /data/user_de/10/com.google.android.gms/app_chimera/m/00000007/oat/arm64/MeasurementDynamite.odex with executable: 0
2025-12-09 12:19:03.065 20324-20327 artd                    pid-20324                            I  /data/user_de/10/com.google.android.gms/app_chimera/m/00000007/oat/arm64/MeasurementDynamite.odex is kOatUpToDate with filter verify
2025-12-09 12:19:03.065 20324-20327 artd                    pid-20324                            I  Should not recompile
2025-12-09 12:19:03.066  1561-5214  ArtService              pid-1561                             I  Dexopt result: [packageName = com.google.android.gms] DexContainerFileDexoptResult{dexContainerFile=/data/user_de/10/com.google.android.gms/app_chimera/m/00000007/MeasurementDynamite.apk, primaryAbi=true, abi=arm64-v8a, actualCompilerFilter=verify, status=SKIPPED, dex2oatWallTimeMillis=0, dex2oatCpuTimeMillis=0, sizeBytes=0, sizeBeforeBytes=0, extendedStatusFlags=[]}
2025-12-09 12:19:03.071 20324-20327 artd                    pid-20324                            I  Dex parent of /data/user_de/10/com.google.android.gms/app_chimera/m/0000000d/dl-Appsearch.optional_251036100400.apk is not writable: Permission denied
2025-12-09 12:19:03.071 20324-20327 artd                    pid-20324                            I  GetBestInfo checking odex in dalvik-cache (/data/dalvik-cache/arm64/data@user_de@10@com.google.android.gms@app_chimera@m@0000000d@dl-Appsearch.optional_251036100400.apk@classes.dex)
2025-12-09 12:19:03.071 20324-20327 artd                    pid-20324                            I  Loading /data/dalvik-cache/arm64/data@user_de@10@com.google.android.gms@app_chimera@m@0000000d@dl-Appsearch.optional_251036100400.apk@classes.dex with executable: 0
2025-12-09 12:19:03.073 20324-20327 artd                    pid-20324                            I  OatFileAssistant test for existing oat file /data/dalvik-cache/arm64/data@user_de@10@com.google.android.gms@app_chimera@m@0000000d@dl-Appsearch.optional_251036100400.apk@classes.dex: File /data/dalvik-cache/arm64/data@user_de@10@com.google.android.gms@app_chimera@m@0000000d@dl-Appsearch.optional_251036100400.apk@classes.vdex does not exist.
2025-12-09 12:19:03.073 20324-20327 artd                    pid-20324                            I  GetBestInfo checking odex next to the dex file (/data/user_de/10/com.google.android.gms/app_chimera/m/0000000d/oat/arm64/dl-Appsearch.optional_251036100400.odex)
2025-12-09 12:19:03.073 20324-20327 artd                    pid-20324                            I  Loading /data/user_de/10/com.google.android.gms/app_chimera/m/0000000d/oat/arm64/dl-Appsearch.optional_251036100400.odex with executable: 0
2025-12-09 12:19:03.074 20324-20327 artd                    pid-20324                            I  Successfully loaded /data/user_de/10/com.google.android.gms/app_chimera/m/0000000d/oat/arm64/dl-Appsearch.optional_251036100400.odex with executable: 0
2025-12-09 12:19:03.074 20324-20327 artd                    pid-20324                            I  /data/user_de/10/com.google.android.gms/app_chimera/m/0000000d/oat/arm64/dl-Appsearch.optional_251036100400.odex is kOatUpToDate with filter verify
2025-12-09 12:19:03.075 20324-20327 artd                    pid-20324                            I  Should not recompile
2025-12-09 12:19:03.075  1561-5214  ArtService              pid-1561                             I  Dexopt result: [packageName = com.google.android.gms] DexContainerFileDexoptResult{dexContainerFile=/data/user_de/10/com.google.android.gms/app_chimera/m/0000000d/dl-Appsearch.optional_251036100400.apk, primaryAbi=true, abi=arm64-v8a, actualCompilerFilter=verify, status=SKIPPED, dex2oatWallTimeMillis=0, dex2oatCpuTimeMillis=0, sizeBytes=0, sizeBeforeBytes=0, extendedStatusFlags=[]}
2025-12-09 12:19:03.076 20324-20324 artd                    pid-20324                            I  Dex parent of /data/user_de/0/com.google.android.gms/app_chimera/m/00000001/CronetDynamite.apk is not writable: Permission denied
2025-12-09 12:19:03.076 20324-20324 artd                    pid-20324                            I  GetBestInfo checking odex in dalvik-cache (/data/dalvik-cache/arm64/data@user_de@0@com.google.android.gms@app_chimera@m@00000001@CronetDynamite.apk@classes.dex)
2025-12-09 12:19:03.076 20324-20324 artd                    pid-20324                            I  Loading /data/dalvik-cache/arm64/data@user_de@0@com.google.android.gms@app_chimera@m@00000001@CronetDynamite.apk@classes.dex with executable: 0
2025-12-09 12:19:03.077 20324-20324 artd                    pid-20324                            I  OatFileAssistant test for existing oat file /data/dalvik-cache/arm64/data@user_de@0@com.google.android.gms@app_chimera@m@00000001@CronetDynamite.apk@classes.dex: File /data/dalvik-cache/arm64/data@user_de@0@com.google.android.gms@app_chimera@m@00000001@CronetDynamite.apk@classes.vdex does not exist.
2025-12-09 12:19:03.077 20324-20324 artd                    pid-20324                            I  GetBestInfo checking odex next to the dex file (/data/user_de/0/com.google.android.gms/app_chimera/m/00000001/oat/arm64/CronetDynamite.odex)
2025-12-09 12:19:03.077 20324-20324 artd                    pid-20324                            I  Loading /data/user_de/0/com.google.android.gms/app_chimera/m/00000001/oat/arm64/CronetDynamite.odex with executable: 0
2025-12-09 12:19:03.077 20324-20324 artd                    pid-20324                            I  Successfully loaded /data/user_de/0/com.google.android.gms/app_chimera/m/00000001/oat/arm64/CronetDynamite.odex with executable: 0
2025-12-09 12:19:03.077 20324-20324 artd                    pid-20324                            I  /data/user_de/0/com.google.android.gms/app_chimera/m/00000001/oat/arm64/CronetDynamite.odex is kOatUpToDate with filter verify
2025-12-09 12:19:03.078 20324-20324 artd                    pid-20324                            I  Should not recompile
2025-12-09 12:19:03.078  1561-5214  ArtService              pid-1561                             I  Dexopt result: [packageName = com.google.android.gms] DexContainerFileDexoptResult{dexContainerFile=/data/user_de/0/com.google.android.gms/app_chimera/m/00000001/CronetDynamite.apk, primaryAbi=true, abi=arm64-v8a, actualCompilerFilter=verify, status=SKIPPED, dex2oatWallTimeMillis=0, dex2oatCpuTimeMillis=0, sizeBytes=0, sizeBeforeBytes=0, extendedStatusFlags=[]}
2025-12-09 12:19:03.082 20324-20324 artd                    pid-20324                            I  Dex parent of /data/user_de/10/com.google.android.gms/app_chimera/m/0000000f/dl-VisionOcr.optional_251036100000.apk is not writable: Permission denied
2025-12-09 12:19:03.082 20324-20324 artd                    pid-20324                            I  GetBestInfo checking odex in dalvik-cache (/data/dalvik-cache/arm64/data@user_de@10@com.google.android.gms@app_chimera@m@0000000f@dl-VisionOcr.optional_251036100000.apk@classes.dex)
2025-12-09 12:19:03.082 20324-20324 artd                    pid-20324                            I  Loading /data/dalvik-cache/arm64/data@user_de@10@com.google.android.gms@app_chimera@m@0000000f@dl-VisionOcr.optional_251036100000.apk@classes.dex with executable: 0
2025-12-09 12:19:03.082 20324-20324 artd                    pid-20324                            I  OatFileAssistant test for existing oat file /data/dalvik-cache/arm64/data@user_de@10@com.google.android.gms@app_chimera@m@0000000f@dl-VisionOcr.optional_251036100000.apk@classes.dex: File /data/dalvik-cache/arm64/data@user_de@10@com.google.android.gms@app_chimera@m@0000000f@dl-VisionOcr.optional_251036100000.apk@classes.vdex does not exist.
2025-12-09 12:19:03.082 20324-20324 artd                    pid-20324                            I  GetBestInfo checking odex next to the dex file (/data/user_de/10/com.google.android.gms/app_chimera/m/0000000f/oat/arm64/dl-VisionOcr.optional_251036100000.odex)
2025-12-09 12:19:03.082 20324-20324 artd                    pid-20324                            I  Loading /data/user_de/10/com.google.android.gms/app_chimera/m/0000000f/oat/arm64/dl-VisionOcr.optional_251036100000.odex with executable: 0
2025-12-09 12:19:03.082 20324-20324 artd                    pid-20324                            I  OatFileAssistant test for existing oat file /data/user_de/10/com.google.android.gms/app_chimera/m/0000000f/oat/arm64/dl-VisionOcr.optional_251036100000.odex: File /data/user_de/10/com.google.android.gms/app_chimera/m/0000000f/oat/arm64/dl-VisionOcr.optional_251036100000.vdex does not exist.
2025-12-09 12:19:03.082 20324-20324 artd                    pid-20324                            I  GetBestInfo checking vdex in dalvik-cache (/data/dalvik-cache/arm64/data@user_de@10@com.google.android.gms@app_chimera@m@0000000f@dl-VisionOcr.optional_251036100000.apk@classes.vdex)
2025-12-09 12:19:03.082 20324-20324 artd                    pid-20324                            I  unable to open vdex file /data/dalvik-cache/arm64/data@user_de@10@com.google.android.gms@app_chimera@m@0000000f@dl-VisionOcr.optional_251036100000.apk@classes.vdex: File /data/dalvik-cache/arm64/data@user_de@10@com.google.android.gms@app_chimera@m@0000000f@dl-VisionOcr.optional_251036100000.apk@classes.vdex does not exist.
2025-12-09 12:19:03.082 20324-20324 artd                    pid-20324                            I  OatFileAssistant test for existing oat file /data/dalvik-cache/arm64/data@user_de@10@com.google.android.gms@app_chimera@m@0000000f@dl-VisionOcr.optional_251036100000.apk@classes.vdex: File /data/dalvik-cache/arm64/data@user_de@10@com.google.android.gms@app_chimera@m@0000000f@dl-VisionOcr.optional_251036100000.apk@classes.vdex does not exist.
2025-12-09 12:19:03.082 20324-20324 artd                    pid-20324                            I  GetBestInfo checking vdex next to the dex file (/data/user_de/10/com.google.android.gms/app_chimera/m/0000000f/oat/arm64/dl-VisionOcr.optional_251036100000.vdex)
2025-12-09 12:19:03.082 20324-20324 artd                    pid-20324                            I  unable to open vdex file /data/user_de/10/com.google.android.gms/app_chimera/m/0000000f/oat/arm64/dl-VisionOcr.optional_251036100000.vdex: File /data/user_de/10/com.google.android.gms/app_chimera/m/0000000f/oat/arm64/dl-VisionOcr.optional_251036100000.vdex does not exist.
2025-12-09 12:19:03.082 20324-20324 artd                    pid-20324                            I  OatFileAssistant test for existing oat file /data/user_de/10/com.google.android.gms/app_chimera/m/0000000f/oat/arm64/dl-VisionOcr.optional_251036100000.vdex: File /data/user_de/10/com.google.android.gms/app_chimera/m/0000000f/oat/arm64/dl-VisionOcr.optional_251036100000.vdex does not exist.
2025-12-09 12:19:03.082 20324-20324 artd                    pid-20324                            I  GetBestInfo checking dm (/data/user_de/10/com.google.android.gms/app_chimera/m/0000000f/dl-VisionOcr.optional_251036100000.dm)
2025-12-09 12:19:03.082 20324-20324 ziparchive              pid-20324                            W  Unable to open '/data/user_de/10/com.google.android.gms/app_chimera/m/0000000f/dl-VisionOcr.optional_251036100000.dm': No such file or directory
2025-12-09 12:19:03.082 20324-20324 artd                    pid-20324                            I  OatFileAssistant test for existing oat file /data/user_de/10/com.google.android.gms/app_chimera/m/0000000f/dl-VisionOcr.optional_251036100000.dm: I/O error
2025-12-09 12:19:03.082 20324-20324 artd                    pid-20324                            I  GetBestInfo checking dm (/data/user_de/10/com.google.android.gms/app_chimera/m/0000000f/dl-VisionOcr.optional_251036100000.dm)
2025-12-09 12:19:03.082 20324-20324 ziparchive              pid-20324                            W  Unable to open '/data/user_de/10/com.google.android.gms/app_chimera/m/0000000f/dl-VisionOcr.optional_251036100000.dm': No such file or directory
2025-12-09 12:19:03.082 20324-20324 artd                    pid-20324                            I  OatFileAssistant test for existing oat file /data/user_de/10/com.google.android.gms/app_chimera/m/0000000f/dl-VisionOcr.optional_251036100000.dm: I/O error
2025-12-09 12:19:03.082 20324-20324 artd                    pid-20324                            I  GetBestInfo no usable artifacts
2025-12-09 12:19:03.093 20324-20324 artd                    pid-20324                            I  Running dex2oat: /apex/com.android.art/bin/art_exec --drop-capabilities --set-task-profile=Dex2OatBootComplete --set-priority=background --keep-fds=6:7:8:9:10:11:12:13:14:15 -- /apex/com.android.art/bin/dex2oat32 --zip-fd=6 --zip-location=/data/user_de/10/com.google.android.gms/app_chimera/m/0000000f/dl-VisionOcr.optional_251036100000.apk --oat-fd=7 --oat-location=/data/user_de/10/com.google.android.gms/app_chimera/m/0000000f/oat/arm64/dl-VisionOcr.optional_251036100000.odex --output-vdex-fd=8 --swap-fd=9 --class-loader-context-fds=10:11:12:13:14:15 --class-loader-context=DLC[];PCL[/product/priv-app/GmsCore/GmsCore.apk]{PCL[/system/framework/org.apache.http.legacy.jar]#PCL[/system/framework/com.android.media.remotedisplay.jar]#PCL[/system/framework/com.android.location.provider.jar]#PCL[/system_ext/framework/androidx.window.extensions.jar]#PCL[/system_ext/framework/androidx.window.sidecar.jar]} --classpath-dir=/data/user_de/10/com.google.android.gms/app_chimera/m/0000000f --instruction-set=arm64 --instruction-set-features=default --instruction-set-variant=cortex-a55 --compiler-filter=verify --compilation-reason=cmdline --compact-dex-level=none --max-image-block-size=524288 --resolve-startup-const-strings=true --generate-mini-debug-info --runtime-arg -Xtarget-sdk-version:35 --runtime-arg -Xhidden-api-policy:enabled --runtime-arg -Xms64m --runtime-arg -Xmx512m --comments=app-name:com.google.android.gms,app-version-name:25.10.36 (260400-739992411),app-version-code:251036035,art-version:351610080
                                                                                                    Opened FDs: 6:/data/user_de/10/com.google.android.gms/app_chimera/m/0000000f/dl-VisionOcr.optional_251036100000.apk 7:/data/user_de/10/com.google.android.gms/app_chimera/m/0000000f/oat/arm64/dl-VisionOcr.optional_251036100000.odex.sJMxt1.tmp 8:/data/user_de/10/com.google.android.gms/app_chimera/m/0000000f/oat/arm64/dl-VisionOcr.optional_251036100000.vdex.jn4qYG.tmp 9:/data/user_de/10/com.google.android.gms/app_chimera/m/0000000f/oat/arm64/dl-VisionOcr.optional_251036100000.odex.swap.ik8oR9.tmp 10:/product/priv-app/GmsCore/GmsCore.apk 11:/system_ext/framework/androidx.window.sidecar.jar 12:/system_ext/framework/androidx.window.extensions.jar 13:/system/framework/com.android.location.provider.jar 14:/system/framework/com.android.media.remotedisplay.jar 15:/system/framework/org.apache.http.legacy.jar 
2025-12-09 12:19:03.148  1021-1253  DisplayModeController   pid-1021                             D  setDesiredMode 0 {mode={fps=60.00 Hz, modePtr={id=1, vsyncRate=60.00 Hz, peakRefreshRate=60.00 Hz}}, emitEvent=false, force=false}
2025-12-09 12:19:03.149  1021-1253  Scheduler               pid-1021                             D  MtkOverrideDuration: update vsync 60
2025-12-09 12:19:03.149  1021-1253  SurfaceFlinger          pid-1021                             E  MtkDuration override mode is disabled
2025-12-09 12:19:03.149  1021-1253  Scheduler               pid-1021                             D  MtkOverrideDuration: reset override duration
2025-12-09 12:19:03.149  1021-1253  PowerHalWrapper         pid-1021                             I  updateFps(): 60
2025-12-09 12:19:03.155   929-1197  hwcomposer              pid-929                              I  [HWC] (0) displaySetActiveConfig config:1  
2025-12-09 12:19:03.158   929-1197  hwcomposer              pid-929                              I  [HWCDisplay] [Display_0 (type:1)] fps:3.522066,dur:1135.70,max:601.72,min:8.03  
2025-12-09 12:19:03.163  1021-1021  PowerHalWrapper         pid-1021                             I  updateFps(): 60
2025-12-09 12:19:03.163  1021-1021  PowerHalWrapper         pid-1021                             I  updateFps(): 60
2025-12-09 12:19:03.199  1561-1837  tranpm/BehaviorManager  pid-1561                             D  onMemPressureChange : level 2
2025-12-09 12:19:03.248 20831-20831 dex2oat32               pid-20831                            I  MMAP_TRYLOCK is supported in uffd errno:2 addr:0xf7101000 size:4096
2025-12-09 12:19:03.256 20831-20831 dex2oat32               pid-20831                            W  Obsolete flag --compact-dex-level ignored
2025-12-09 12:19:03.256 20831-20831 dex2oat32               pid-20831                            W  Mismatch between instruction set variant of device (ISA: Arm64 Feature string: -a53,crc,lse,fp16,dotprod,-sve) and features returned by the hardware (ISA: Arm64 Feature string: -a53,-crc,-lse,-fp16,-dotprod,-sve)
2025-12-09 12:19:03.268 20831-20831 dex2oat32               pid-20831                            I  /apex/com.android.art/bin/dex2oat32 --output-vdex-fd=8 --class-loader-context-fds=10:11:12:13:14:15 --class-loader-context=DLC[];PCL[/product/priv-app/GmsCore/GmsCore.apk]{PCL[/system/framework/org.apache.http.legacy.jar]#PCL[/system/framework/com.android.media.remotedisplay.jar]#PCL[/system/framework/com.android.location.provider.jar]#PCL[/system_ext/framework/androidx.window.extensions.jar]#PCL[/system_ext/framework/androidx.window.sidecar.jar]} --classpath-dir=/data/user_de/10/com.google.android.gms/app_chimera/m/0000000f --compiler-filter=verify --compilation-reason=cmdline --compact-dex-level=none --max-image-block-size=524288 --resolve-startup-const-strings=true --generate-mini-debug-info --comments=app-name:com.google.android.gms,app-version-name:25.10.36 (260400-739992411),app-version-code:251036035,art-version:351610080
2025-12-09 12:19:03.268   957-992   libPerfCtl              pid-957                              I  xgfGetFPS pid:3207 fps:-1
2025-12-09 12:19:03.268   957-992   AppThermalMode          pid-957                              I  [perfNotifyThermalState] hdl:0
2025-12-09 12:19:03.268   957-992   AppThermalMode          pid-957                              I  [findAppThermalIdx] Fail: appThermalModeEnable: 0,currentFPS: 120,fg->pid:3605
2025-12-09 12:19:03.269   957-992   AppThermalMode          pid-957                              I  [perfNotifyThermalState] appThermalIdx -1:
2025-12-09 12:19:03.269   957-992   libPerfCtl              pid-957                              I  xgfGetFPS pid:3605 fps:-1
2025-12-09 12:19:03.269   957-992   AppThermalMode          pid-957                              I  [perfNotifyThermalState] hdl:0
2025-12-09 12:19:03.269   957-992   AppThermalMode          pid-957                              I  [findAppThermalIdx] Fail: appThermalModeEnable: 0,currentFPS: 120,fg->pid:3605
2025-12-09 12:19:03.269   957-992   AppThermalMode          pid-957                              I  [perfNotifyThermalState] appThermalIdx -1:
2025-12-09 12:19:03.269   957-992   libPowerHal             pid-957                              I  [updateFPS] pid(3605) : 120 => -1
2025-12-09 12:19:03.269   957-1017  libPowerHal             pid-957                              I  [perfNotifyAppState] pack:com.transsion.XOSLauncher, act:com.android.launcher3.uioverrides.QuickstepLauncher, state:5, pid:3605, uid:10168, fps:-1
2025-12-09 12:19:03.269   957-1017  UxUtility               pid-957                              I  notifyForegroundApp pack:com.transsion.XOSLauncher, uid:10168
2025-12-09 12:19:03.270   957-1017  TouchUtility            pid-957                              I  notifyAppState error = NULL
2025-12-09 12:19:03.270   957-992   libPerfCtl              pid-957                              I  xgfGetFPS pid:8105 fps:-1
2025-12-09 12:19:03.270   957-992   AppThermalMode          pid-957                              I  [perfNotifyThermalState] hdl:0
2025-12-09 12:19:03.270   957-992   AppThermalMode          pid-957                              I  [findAppThermalIdx] Fail: appThermalModeEnable: 0,currentFPS: -1,fg->pid:3605
2025-12-09 12:19:03.270   957-992   AppThermalMode          pid-957                              I  [perfNotifyThermalState] appThermalIdx -1:
2025-12-09 12:19:03.270   957-992   libPerfCtl              pid-957                              I  xgfGetFPS pid:14217 fps:-1
2025-12-09 12:19:03.270   957-992   AppThermalMode          pid-957                              I  [perfNotifyThermalState] hdl:0
2025-12-09 12:19:03.270   957-992   AppThermalMode          pid-957                              I  [findAppThermalIdx] Fail: appThermalModeEnable: 0,currentFPS: -1,fg->pid:3605
2025-12-09 12:19:03.270   957-992   AppThermalMode          pid-957                              I  [perfNotifyThermalState] appThermalIdx -1:
2025-12-09 12:19:03.274  1021-1253  DisplayModeController   pid-1021                             D  setDesiredMode 0 {mode={fps=120.00 Hz, modePtr={id=0, vsyncRate=120.00 Hz, peakRefreshRate=120.00 Hz}}, emitEvent=true, force=false}
2025-12-09 12:19:03.275  1021-1253  Scheduler               pid-1021                             D  MtkOverrideDuration: update vsync 120
2025-12-09 12:19:03.275  1021-1253  SurfaceFlinger          pid-1021                             E  MtkDuration override mode is disabled
2025-12-09 12:19:03.275  1021-1253  Scheduler               pid-1021                             D  MtkOverrideDuration: reset override duration
2025-12-09 12:19:03.275  1021-1253  PowerHalWrapper         pid-1021                             I  updateFps(): 120
2025-12-09 12:19:03.291  1021-1021  DisplayModeController   pid-1021                             D  setDesiredMode 0 {mode={fps=60.00 Hz, modePtr={id=1, vsyncRate=60.00 Hz, peakRefreshRate=60.00 Hz}}, emitEvent=true, force=false}
2025-12-09 12:19:03.291  1021-1021  Scheduler               pid-1021                             D  MtkOverrideDuration: update vsync 60
2025-12-09 12:19:03.291  1021-1021  SurfaceFlinger          pid-1021                             E  MtkDuration override mode is disabled
2025-12-09 12:19:03.291  1021-1021  Scheduler               pid-1021                             D  MtkOverrideDuration: reset override duration
2025-12-09 12:19:03.291  1021-1021  PowerHalWrapper         pid-1021                             I  updateFps(): 60
2025-12-09 12:19:03.293  1561-1664  DisplayDeviceRepository pid-1561                             I  Display device changed: DisplayDeviceInfo{"Built-in Screen": uniqueId="local:0", 1080 x 2436, modeId 1, renderFrameRate 120.00001, defaultModeId 1, userPreferredModeId -1, supportedModes [{id=1, width=1080, height=2436, fps=120.00001, vsync=120.00001, synthetic=false, alternativeRefreshRates=[60.0], supportedHdrTypes=[]}, {id=2, width=1080, height=2436, fps=60.0, vsync=60.0, synthetic=false, alternativeRefreshRates=[120.00001], supportedHdrTypes=[]}], colorMode 0, supportedColorModes [0, 7, 9], hdrCapabilities HdrCapabilities{mSupportedHdrTypes=[], mMaxLuminance=500.0, mMaxAverageLuminance=500.0, mMinLuminance=0.0}, allmSupported false, gameContentTypeSupported false, density 440, 392.783 x 392.828 dpi, appVsyncOff 2399998, presDeadline 11933334, cutout DisplayCutout{insets=Rect(0, 99 - 0, 0) waterfall=Insets{left=0, top=0, right=0, bottom=0} boundingRect={Bounds=[Rect(0, 0 - 0, 0), Rect(474, 0 - 606, 99), Rect(0, 0 - 0, 0), Rect(0, 0 - 0, 0)]} cutoutPathParserInfo={CutoutPathParserInfo{displayWidth=1080 displayHeight=2436 physicalDisplayWidth=1080 physicalDisplayHeight=2436 density={2.75} cutoutSpec={M -24,0 L -24,36 L 24,36 L 24,0 Z @dp} rotation={0} scale={1.0} physicalPixelDisplaySizeRatio={1.0}}} sideOverrides={}}, touch INTERNAL, rotation 0, type INTERNAL, address {port=0}, deviceProductInfo null, state ON, committedState ON, frameRateOverride {uid=1000 frameRateHz=60.000004} {uid=10168 frameRateHz=60.000004} {uid=10169 frameRateHz=60.000004} , brightnessMinimum 0.0, brightnessMaximum 1.0, brightnessDefault 0.2, hdrSdrRatio NaN, FLAG_ALLOWED_TO_BE_DEFAULT_DISPLAY, FLAG_ROTATES_WITH_CONTENT, FLAG_SECURE, FLAG_SUPPORTS_PROTECTED_BUFFERS, FLAG_TRUSTED, installOrientation 0, displayShape DisplayShape{ spec=596679847 displayWidth=1080 displayHeight=2436 physicalPixelDisplaySizeRatio=1.0 rotation=0 offsetX=0 offsetY=0 scale=1.0}}
2025-12-09 12:19:03.295  1561-1664  Griffin/DeviceState     pid-1561                             I  virtualDisplayPackageName :{}
2025-12-09 12:19:03.305 20831-20831 dex2oat32               pid-20831                            I  Using CollectorTypeCMC GC.
2025-12-09 12:19:03.552  1561-2054  EventHub                pid-1561                             D  getevents BTN_TOUCH DOWN
2025-12-09 12:19:03.553   957-974   AppFlingMode            pid-957                              D  [CheckAppFlingHint] 25 com.transsion.XOSLauncher -1
2025-12-09 12:19:03.554   957-993   libPowerHal             pid-957                              E  [getCPUFreq] error cid:2, nClusterNum:2
2025-12-09 12:19:03.555   957-1017  libPowerHal             pid-957                              I  [setClusterFreq] mtkpower@1.0-se: sysfs_freq set cpu freq: 1300000 1300000 1300000 1300000 
2025-12-09 12:19:03.555  3605-3605  TextSelection           pid-3605                             D  onUseCache cache=false
2025-12-09 12:19:03.555  3605-3605  LauncherGestureDetector pid-3605                             D  gestureDetectorOnTouch: topView->null
2025-12-09 12:19:03.555  3605-3605  Launcher                pid-3605                             D  #shouldBlockNavGestureTouchWithAnimation result : false isDragging = false isFinishedSwitchingState = false isLoading false isRemovingTask false isZsScrolling false isSearchSwiping false currState Normal
2025-12-09 12:19:03.555  5975-5975  TouchSliderConsumer     pid-5975                             D  onInputEvent : ACTION_DOWN
2025-12-09 12:19:03.556  5975-5975  TouchSliderConsumer     pid-5975                             D  consumeTouchEvent : 976.5 857.25 RectF(1035.0, 294.0, 1083.0, 660.0) 
2025-12-09 12:19:03.557  3207-3667  TrEdgeBack...ureHandler pid-3207                             D  isWithinTouchRegion: true withinRange:false
2025-12-09 12:19:03.558  3207-3667  TrEdgeBack...ureHandler pid-3207                             D  isWithinTouchRegion: true withinRange:false
2025-12-09 12:19:03.560  1195-1195  uas-service             pid-1195                             D  set scene=0x10 success
2025-12-09 12:19:03.561  1561-1664  DisplayDeviceRepository pid-1561                             I  Display device changed render timings: "Built-in Screen", renderFrameRate=60.000004, presentationDeadlineNanos=28600000, appVsyncOffsetNanos=2400001
2025-12-09 12:19:03.562  1561-1664  Griffin/DeviceState     pid-1561                             I  virtualDisplayPackageName :{}
2025-12-09 12:19:03.563  1561-1664  DisplayManagerService   pid-1561                             D  Ignore redundant display event 0/2 to 10157/3198
2025-12-09 12:19:03.563  1561-1664  DisplayManagerService   pid-1561                             D  Ignore redundant display event 0/2 to 10235/3213
2025-12-09 12:19:03.563  1561-2988  AudioSystem             pid-1561                             D  +setParameters(): screen_state=on 
2025-12-09 12:19:03.564  1561-1664  DisplayManagerService   pid-1561                             D  Ignore redundant display event 0/2 to 10190/5047
2025-12-09 12:19:03.564  1561-1664  DisplayManagerService   pid-1561                             D  Ignore redundant display event 0/2 to 10066/5079
2025-12-09 12:19:03.564  1561-1664  DisplayManagerService   pid-1561                             D  Ignore redundant display event 0/2 to 10160/7199
2025-12-09 12:19:03.564  1561-1664  DisplayManagerService   pid-1561                             D  Ignore redundant display event 0/2 to 10164/7980
2025-12-09 12:19:03.565  1561-1664  DisplayManagerService   pid-1561                             D  Ignore redundant display event 0/2 to 10195/10950
2025-12-09 12:19:03.566  1561-1891  PreStartAppFeature      pid-1561                             W  PreStartAppFeature: com.instagram.android
2025-12-09 12:19:03.567  1000-17369 AudioFlinger            pid-1000                             I  setParameters: filtered keyvalue screen_state=on
2025-12-09 12:19:03.567  1000-17369 AudioFlinger            pid-1000                             I  +mAudioHwDevs(primary)->setParameters(): screen_state=on
2025-12-09 12:19:03.567  1561-1664  DisplayManagerService   pid-1561                             D  Ignore redundant display event 0/2 to 1010160/14361
2025-12-09 12:19:03.567  1561-1664  DisplayManagerService   pid-1561                             D  Ignore redundant display event 0/2 to 10143/15084
2025-12-09 12:19:03.568  1561-1664  DisplayManagerService   pid-1561                             D  Ignore redundant display event 0/2 to 10193/15500
2025-12-09 12:19:03.568  1561-1664  DisplayManagerService   pid-1561                             D  Ignore redundant display event 0/2 to 1010118/16085
2025-12-09 12:19:03.568  1561-1664  DisplayManagerService   pid-1561                             D  Ignore redundant display event 0/2 to 1010094/16434
2025-12-09 12:19:03.568  1561-1664  DisplayManagerService   pid-1561                             D  Ignore redundant display event 0/2 to 10258/16518
2025-12-09 12:19:03.568  1561-1664  DisplayManagerService   pid-1561                             D  Ignore redundant display event 0/2 to 1010222/17086
2025-12-09 12:19:03.568  1561-1664  DisplayManagerService   pid-1561                             D  Ignore redundant display event 0/2 to 1010217/17324
2025-12-09 12:19:03.568  1561-1664  DisplayManagerService   pid-1561                             D  Ignore redundant display event 0/2 to 1010168/17374
2025-12-09 12:19:03.568  1561-1711  Magellan                pid-1561                             D  fallbackReportThrottlingIfNeeded return. 
2025-12-09 12:19:03.568  1561-1664  DisplayManagerService   pid-1561                             D  Ignore redundant display event 0/2 to 1010108/17465
2025-12-09 12:19:03.568  1561-1664  DisplayManagerService   pid-1561                             D  Ignore redundant display event 0/2 to 1010114/18054
2025-12-09 12:19:03.568  1561-1664  DisplayManagerService   pid-1561                             D  Ignore redundant display event 0/2 to 1010195/18077
2025-12-09 12:19:03.568  1561-1664  DisplayManagerService   pid-1561                             D  Ignore redundant display event 0/2 to 1010177/18155
2025-12-09 12:19:03.568  1561-1664  DisplayManagerService   pid-1561                             D  Ignore redundant display event 0/2 to 1010169/19511
2025-12-09 12:19:03.568  1561-1664  DisplayManagerService   pid-1561                             D  Ignore redundant display event 0/2 to 10094/20443
2025-12-09 12:19:03.569  1561-1891  ActivityTaskManager     pid-1561                             D  ActivityTaskManagerService setSimplifyAnimByLauncherType packageName: com.instagram.android
2025-12-09 12:19:03.570   916-959   AudioALSAHardware       pid-916                              D  +setParameters(): screen_state=on
2025-12-09 12:19:03.570   916-959   AudioALSAStreamOut      pid-916                              D  +setScreenState(), flag 2, mode 1
2025-12-09 12:19:03.570   916-959   AudioALSAStreamOut      pid-916                              D  +setScreenState(), flag 8, mode 1
2025-12-09 12:19:03.570   916-959   AudioALSAStreamOut      pid-916                              D  +setScreenState(), flag 4, mode 1
2025-12-09 12:19:03.570   916-959   AudioALSAStreamOut      pid-916                              D  +setScreenState(), flag 32768, mode 1
2025-12-09 12:19:03.570   916-959   AudioALSAStreamOut      pid-916                              D  +setScreenState(), flag 65536, mode 1
