2025-12-06 12:51:52.143  4021-4021  TextSelection           com.cdccreditsmart.app               D  onUseCache cache=false
2025-12-06 12:51:53.124  4021-4021  TextSelection           com.cdccreditsmart.app               D  onUseCache cache=false
2025-12-06 12:51:53.185  4021-10547 TranClassInfo           com.cdccreditsmart.app               D  instance successfully. com.transsion.hubcore.view.TranSurfaceControlImpl@9168a42 from com.transsion.hubcore.view.ITranSurfaceControl
2025-12-06 12:51:53.188  4021-10547 ScrollPolicy            com.cdccreditsmart.app               I  BOOST_KSWAPD; duration: 3000
2025-12-06 12:51:53.221  4021-10547 PowerHalMgrImpl         com.cdccreditsmart.app               I  hdl:68807, pid:4021 
2025-12-06 12:51:53.231  4021-10547 PowerHalMgrImpl         com.cdccreditsmart.app               I  hdl:68809, pid:4021 
2025-12-06 12:51:53.291  4021-10547 ScrollPolicy            com.cdccreditsmart.app               I  BOOST_SCENE_4; duration: 0
2025-12-06 12:51:53.296  4021-10547 PowerHalMgrImpl         com.cdccreditsmart.app               I  hdl:68812, pid:4021 
2025-12-06 12:51:53.854  4021-4021  VRI[MainActivity]       com.cdccreditsmart.app               D  visibilityChanged oldVisibility=true newVisibility=false
2025-12-06 12:51:53.898  4021-4021  BLASTBufferQueue        com.cdccreditsmart.app               D  [VRI[MainActivity]#12](f:0,a:1) destructor()
2025-12-06 12:51:53.898  4021-4021  BufferQueueConsumer     com.cdccreditsmart.app               D  [VRI[MainActivity]#12(BLAST Consumer)12](id:fb50000000c,api:0,p:-1,c:4021) disconnect
2025-12-06 12:51:54.148  4021-4021  ActivityThread          com.cdccreditsmart.app               D  mToDestroying.remove:ActivityRecord{a7b93d8 token=android.os.BinderProxy@6b09e42 {com.cdccreditsmart.app/com.cdccreditsmart.app.presentation.MainActivity}}
2025-12-06 12:51:54.171  4021-4021  WindowOnBackDispatcher  com.cdccreditsmart.app               W  sendCancelIfRunning: isInProgress=false callback=android.app.Activity$$ExternalSyntheticLambda0@59c54ab
2025-12-06 12:51:54.174  4021-4021  View                    com.cdccreditsmart.app               D  [Warning] assignParent to null: this = DecorView@471756d[MainActivity]
2025-12-06 12:51:54.177  4021-4021  CdcForegroundService    com.cdccreditsmart.app               W  ⚠️ Task removida - mantendo serviço ativo
2025-12-06 12:51:55.350  4021-9872  FA                      com.cdccreditsmart.app               I  Application backgrounded at: timestamp_millis: 1765036313348
2025-12-06 12:51:55.959  4021-10635 libMEOW                 com.cdccreditsmart.app               D  meow new tls: 0xb400007672c531c0
2025-12-06 12:51:55.959  4021-10635 libMEOW                 com.cdccreditsmart.app               D  applied 1 plugins for [com.cdccreditsmart.app]:
2025-12-06 12:51:55.959  4021-10635 libMEOW                 com.cdccreditsmart.app               D    plugin 1: [libMEOW_gift.so]: 0xb400007592aab840
2025-12-06 12:51:55.960  4021-10635 libMEOW                 com.cdccreditsmart.app               D  rebuild call chain: 0xb400007672c831f0
2025-12-06 12:51:55.960  4021-10635 libMEOW                 com.cdccreditsmart.app               D  meow delete tls: 0xb400007672c531c0
2025-12-06 12:51:55.978  4021-4021  ActivityThread          com.cdccreditsmart.app               D  ++ activityComponent:com.cdccreditsmart.app/com.cdccreditsmart.app.presentation.MainActivity counts:1 ALEAK_CLEAR_SUPPORT:true
2025-12-06 12:51:55.990  4021-9922  PersistentStateManager  com.cdccreditsmart.app               D  Nenhum estado local encontrado
2025-12-06 12:51:55.990  4021-9922  PersistentStateManager  com.cdccreditsmart.app               D  🆕 Sem estado local - device novo ou pós factory reset
2025-12-06 12:51:55.990  4021-9922  MainActivity            com.cdccreditsmart.app               I  🆕 Device nunca foi provisionado
2025-12-06 12:51:55.990  4021-4021  MainActivity            com.cdccreditsmart.app               I  ========================================
2025-12-06 12:51:55.990  4021-4021  MainActivity            com.cdccreditsmart.app               I  📱 SOLICITANDO PERMISSÕES (NÃO DEVICE OWNER)
2025-12-06 12:51:55.990  4021-4021  MainActivity            com.cdccreditsmart.app               I  ========================================
2025-12-06 12:51:55.990  4021-4021  MainActivity            com.cdccreditsmart.app               I  📋 Runtime permissions a solicitar: 3
2025-12-06 12:51:55.990  4021-4021  MainActivity            com.cdccreditsmart.app               D    • android.permission.ACCESS_FINE_LOCATION
2025-12-06 12:51:55.990  4021-4021  MainActivity            com.cdccreditsmart.app               D    • android.permission.ACCESS_COARSE_LOCATION
2025-12-06 12:51:55.990  4021-4021  MainActivity            com.cdccreditsmart.app               D    • android.permission.ACCESS_BACKGROUND_LOCATION
2025-12-06 12:51:56.002  4021-4021  SpecialPermissionReq    com.cdccreditsmart.app               I  ========================================
2025-12-06 12:51:56.002  4021-4021  SpecialPermissionReq    com.cdccreditsmart.app               I  📊 STATUS DAS PERMISSÕES ESPECIAIS
2025-12-06 12:51:56.002  4021-4021  SpecialPermissionReq    com.cdccreditsmart.app               I  ========================================
2025-12-06 12:51:56.002  4021-4021  SpecialPermissionReq    com.cdccreditsmart.app               I    USAGE_STATS: ✅ CONCEDIDA
2025-12-06 12:51:56.003  4021-4021  SpecialPermissionReq    com.cdccreditsmart.app               I    OVERLAY: ✅ CONCEDIDA
2025-12-06 12:51:56.004  4021-4021  SpecialPermissionReq    com.cdccreditsmart.app               I  
2025-12-06 12:51:56.004  4021-4021  SpecialPermissionReq    com.cdccreditsmart.app               I  ✅ Todas as permissões especiais concedidas!
2025-12-06 12:51:56.004  4021-4021  SpecialPermissionReq    com.cdccreditsmart.app               I     Proteção anti-desinstalação ativa.
2025-12-06 12:51:56.004  4021-4021  SpecialPermissionReq    com.cdccreditsmart.app               I  ========================================
2025-12-06 12:51:56.005  4021-4021  MainActivity            com.cdccreditsmart.app               I  ✅ Todas as permissões especiais já foram concedidas!
2025-12-06 12:51:56.010  4021-4021  ActivityThread          com.cdccreditsmart.app               D  handleResumeActivity#3 r.window=nulla.mFinished = falsewillBeVisible = true
2025-12-06 12:51:56.010  4021-4021  ActivityThread          com.cdccreditsmart.app               D  handleResumeActivity#4 addView a.mVisibleFromClient=truea.mWindowAdded=falsedecor=DecorView@c706d81[]
2025-12-06 12:51:56.010  4021-4021  ActivityThread          com.cdccreditsmart.app               D  handleResumeActivity#5 addView decor=DecorView@c706d81[]
2025-12-06 12:51:56.013  4021-4021  VRI[MainActivity]       com.cdccreditsmart.app               D  hardware acceleration = true, forceHwAccelerated = false
2025-12-06 12:51:56.013  4021-4021  ViewRootImpl            com.cdccreditsmart.app               D  setView appearance:24 com.cdccreditsmart.app/com.cdccreditsmart.app.presentation.MainActivity
2025-12-06 12:51:56.017  4021-4021  InputEventReceiver      com.cdccreditsmart.app               D  Input log is disabled in InputEventReceiver.
2025-12-06 12:51:56.090  4021-4021  BufferQueueConsumer     com.cdccreditsmart.app               D  [](id:fb50000000d,api:0,p:-1,c:4021) connect: controlledByApp=false
2025-12-06 12:51:56.090  4021-4021  BLASTBufferQueue        com.cdccreditsmart.app               D  [VRI[MainActivity]#13](f:0,a:0) constructor()
2025-12-06 12:51:56.090  4021-4021  BLASTBufferQueue        com.cdccreditsmart.app               D  [VRI[MainActivity]#13](f:0,a:0) update width=1080 height=2436 format=-3 mTransformHint=0
2025-12-06 12:51:56.106  4021-9893  BLASTBufferQueue        com.cdccreditsmart.app               D  [VRI[MainActivity]#13](f:0,a:1) acquireNextBufferLocked size=1080x2436 mFrameNumber=1 applyTransaction=true mTimestamp=111599155695574(auto) mPendingTransactions.size=0 graphicBufferId=17270063497299 transform=0
2025-12-06 12:51:56.108  4021-4021  Choreographer           com.cdccreditsmart.app               W  Already have a pending vsync event.  There should only be one at a time.
2025-12-06 12:51:56.148  4021-4021  PermissionGateScreen    com.cdccreditsmart.app               I  🔍 VERIFICAÇÃO INICIAL DE PERMISSÕES:
2025-12-06 12:51:56.148  4021-4021  PermissionGateScreen    com.cdccreditsmart.app               I     Nível: DEVICE_ADMIN
2025-12-06 12:51:56.148  4021-4021  PermissionGateScreen    com.cdccreditsmart.app               I     Todas concedidas: true
2025-12-06 12:51:56.148  4021-4021  PermissionGateScreen    com.cdccreditsmart.app               I     Bateria isenta: true
2025-12-06 12:51:56.148  4021-4021  PermissionGateScreen    com.cdccreditsmart.app               I     ✅ OK: Administrador do Dispositivo
2025-12-06 12:51:56.148  4021-4021  PermissionGateScreen    com.cdccreditsmart.app               I     ✅ OK: Permissões Básicas
2025-12-06 12:51:56.148  4021-4021  PermissionGateScreen    com.cdccreditsmart.app               I     ✅ OK: Monitoramento de Apps
2025-12-06 12:51:56.149  4021-4021  PermissionGateScreen    com.cdccreditsmart.app               I     ✅ OK: Mostrar Alertas
2025-12-06 12:51:56.149  4021-4021  PermissionGateScreen    com.cdccreditsmart.app               I     ✅ OK: Execução em Segundo Plano
2025-12-06 12:51:56.149  4021-4021  PermissionGateScreen    com.cdccreditsmart.app               I  ✅ TODAS AS PERMISSÕES JÁ CONCEDIDAS - navegando imediatamente
2025-12-06 12:51:56.149  4021-4021  SettingsGuardService    com.cdccreditsmart.app               I  ▶️ Guard RETOMADO após fluxo de permissões
2025-12-06 12:51:56.191  4021-4021  DeviceOwnerCheckVM      com.cdccreditsmart.app               I  ========================================
2025-12-06 12:51:56.192  4021-4021  DeviceOwnerCheckVM      com.cdccreditsmart.app               I  🔐 Verificando status de Device Owner...
2025-12-06 12:51:56.270  4021-4021  InsetsController        com.cdccreditsmart.app               I  Insets animation onAnimationStart mShow:false, mDurationMs:340, types:statusBars
2025-12-06 12:51:56.369  4021-9922  SettingsGuardService    com.cdccreditsmart.app               D  🎯 Package perigoso detectado: com.google.android.permissioncontroller
2025-12-06 12:51:56.369  4021-9922  SettingsGuardService    com.cdccreditsmart.app               W  🚨 ÁREA PERIGOSA DETECTADA!
2025-12-06 12:51:56.369  4021-9922  SettingsGuardService    com.cdccreditsmart.app               W     Pacote: com.google.android.permissioncontroller
2025-12-06 12:51:56.369  4021-9922  SettingsGuardService    com.cdccreditsmart.app               W     Atividade: com.android.permissioncontroller.permission.ui.GrantPermissionsActivity
2025-12-06 12:51:56.369  4021-9922  SettingsGuardService    com.cdccreditsmart.app               W     Chamando app para foreground...
2025-12-06 12:51:56.382  4021-4021  MainActivity            com.cdccreditsmart.app               W  ⚠️ Algumas permissões foram NEGADAS pelo usuário:
2025-12-06 12:51:56.383  4021-4021  MainActivity            com.cdccreditsmart.app               D    ❌ NEGADA - android.permission.ACCESS_FINE_LOCATION
2025-12-06 12:51:56.383  4021-4021  MainActivity            com.cdccreditsmart.app               D    ❌ NEGADA - android.permission.ACCESS_COARSE_LOCATION
2025-12-06 12:51:56.383  4021-4021  MainActivity            com.cdccreditsmart.app               D    ❌ NEGADA - android.permission.ACCESS_BACKGROUND_LOCATION
2025-12-06 12:51:56.384  4021-4021  ActivityThread          com.cdccreditsmart.app               D  handleResumeActivity#3 r.window=com.android.internal.policy.PhoneWindow@5a96f4ba.mFinished = falsewillBeVisible = true
2025-12-06 12:51:56.427  4021-4021  SettingsGuardService    com.cdccreditsmart.app               D  🏠 Enviado para Home primeiro (fecha Settings)
2025-12-06 12:51:56.492  4021-4021  InsetsController        com.cdccreditsmart.app               I  Insets animation onAnimationCancel
2025-12-06 12:51:56.492  4021-4021  InsetsController        com.cdccreditsmart.app               I  Insets animation onAnimationEnd
2025-12-06 12:51:56.603  4021-4021  SettingsGuardService    com.cdccreditsmart.app               I  ✅ App trazido para foreground
2025-12-06 12:51:56.634  4021-4021  ActivityThread          com.cdccreditsmart.app               D  ++ activityComponent:com.cdccreditsmart.app/com.cdccreditsmart.app.presentation.MainActivity counts:2 ALEAK_CLEAR_SUPPORT:true
2025-12-06 12:51:56.637  4021-10657 libMEOW                 com.cdccreditsmart.app               D  meow new tls: 0xb400007672c731e0
2025-12-06 12:51:56.637  4021-10657 libMEOW                 com.cdccreditsmart.app               D  applied 1 plugins for [com.cdccreditsmart.app]:
2025-12-06 12:51:56.637  4021-10657 libMEOW                 com.cdccreditsmart.app               D    plugin 1: [libMEOW_gift.so]: 0xb400007592aab840
2025-12-06 12:51:56.637  4021-10657 libMEOW                 com.cdccreditsmart.app               D  rebuild call chain: 0xb400007672c93200
2025-12-06 12:51:56.637  4021-10657 libMEOW                 com.cdccreditsmart.app               D  meow delete tls: 0xb400007672c731e0
2025-12-06 12:51:56.660  4021-4021  MainActivity            com.cdccreditsmart.app               I  ========================================
2025-12-06 12:51:56.660  4021-4021  MainActivity            com.cdccreditsmart.app               I  📱 SOLICITANDO PERMISSÕES (NÃO DEVICE OWNER)
2025-12-06 12:51:56.660  4021-4021  MainActivity            com.cdccreditsmart.app               I  ========================================
2025-12-06 12:51:56.660  4021-4021  MainActivity            com.cdccreditsmart.app               I  📋 Runtime permissions a solicitar: 3
2025-12-06 12:51:56.660  4021-4021  MainActivity            com.cdccreditsmart.app               D    • android.permission.ACCESS_FINE_LOCATION
2025-12-06 12:51:56.660  4021-4021  MainActivity            com.cdccreditsmart.app               D    • android.permission.ACCESS_COARSE_LOCATION
2025-12-06 12:51:56.660  4021-4021  MainActivity            com.cdccreditsmart.app               D    • android.permission.ACCESS_BACKGROUND_LOCATION
2025-12-06 12:51:56.660  4021-9922  PersistentStateManager  com.cdccreditsmart.app               D  Nenhum estado local encontrado
2025-12-06 12:51:56.661  4021-9922  PersistentStateManager  com.cdccreditsmart.app               D  🆕 Sem estado local - device novo ou pós factory reset
2025-12-06 12:51:56.662  4021-9922  MainActivity            com.cdccreditsmart.app               I  🆕 Device nunca foi provisionado
2025-12-06 12:51:56.676  4021-4021  SpecialPermissionReq    com.cdccreditsmart.app               I  ========================================
2025-12-06 12:51:56.676  4021-4021  SpecialPermissionReq    com.cdccreditsmart.app               I  📊 STATUS DAS PERMISSÕES ESPECIAIS
2025-12-06 12:51:56.676  4021-4021  SpecialPermissionReq    com.cdccreditsmart.app               I  ========================================
2025-12-06 12:51:56.677  4021-4021  SpecialPermissionReq    com.cdccreditsmart.app               I    USAGE_STATS: ✅ CONCEDIDA
2025-12-06 12:51:56.677  4021-4021  SpecialPermissionReq    com.cdccreditsmart.app               I    OVERLAY: ✅ CONCEDIDA
2025-12-06 12:51:56.678  4021-4021  SpecialPermissionReq    com.cdccreditsmart.app               I  
2025-12-06 12:51:56.678  4021-4021  SpecialPermissionReq    com.cdccreditsmart.app               I  ✅ Todas as permissões especiais concedidas!
2025-12-06 12:51:56.678  4021-4021  SpecialPermissionReq    com.cdccreditsmart.app               I     Proteção anti-desinstalação ativa.
2025-12-06 12:51:56.678  4021-4021  SpecialPermissionReq    com.cdccreditsmart.app               I  ========================================
2025-12-06 12:51:56.679  4021-4021  MainActivity            com.cdccreditsmart.app               I  ✅ Todas as permissões especiais já foram concedidas!
2025-12-06 12:51:56.682  4021-4021  ActivityThread          com.cdccreditsmart.app               D  handleResumeActivity#3 r.window=nulla.mFinished = falsewillBeVisible = true
2025-12-06 12:51:56.682  4021-4021  ActivityThread          com.cdccreditsmart.app               D  handleResumeActivity#4 addView a.mVisibleFromClient=truea.mWindowAdded=falsedecor=DecorView@9ccd307[]
2025-12-06 12:51:56.682  4021-4021  ActivityThread          com.cdccreditsmart.app               D  handleResumeActivity#5 addView decor=DecorView@9ccd307[]
2025-12-06 12:51:56.685  4021-4021  VRI[MainActivity]       com.cdccreditsmart.app               D  hardware acceleration = true, forceHwAccelerated = false
2025-12-06 12:51:56.686  4021-4021  ViewRootImpl            com.cdccreditsmart.app               D  setView appearance:24 com.cdccreditsmart.app/com.cdccreditsmart.app.presentation.MainActivity
2025-12-06 12:51:56.701  4021-4021  InputEventReceiver      com.cdccreditsmart.app               D  Input log is disabled in InputEventReceiver.
2025-12-06 12:51:56.790  4021-4021  BufferQueueConsumer     com.cdccreditsmart.app               D  [](id:fb50000000e,api:0,p:-1,c:4021) connect: controlledByApp=false
2025-12-06 12:51:56.791  4021-4021  BLASTBufferQueue        com.cdccreditsmart.app               D  [VRI[MainActivity]#14](f:0,a:0) constructor()
2025-12-06 12:51:56.791  4021-4021  BLASTBufferQueue        com.cdccreditsmart.app               D  [VRI[MainActivity]#14](f:0,a:0) update width=1080 height=2436 format=-3 mTransformHint=0
2025-12-06 12:51:56.806  4021-9893  BLASTBufferQueue        com.cdccreditsmart.app               D  [VRI[MainActivity]#14](f:0,a:1) acquireNextBufferLocked size=1080x2436 mFrameNumber=1 applyTransaction=true mTimestamp=111599855100190(auto) mPendingTransactions.size=0 graphicBufferId=17270063497302 transform=0
2025-12-06 12:51:56.828  4021-4021  DeviceUtils             com.cdccreditsmart.app               D  Device Owner check: false
2025-12-06 12:51:56.828  4021-4021  DeviceUtils             com.cdccreditsmart.app               D  Samsung device: false (Manufacturer: INFINIX)
2025-12-06 12:51:56.828  4021-4021  DeviceOwnerCheckVM      com.cdccreditsmart.app               W  ⚠️ MODO DEBUG: Usuário já pulou provisionamento anteriormente
2025-12-06 12:51:56.828  4021-4021  DeviceOwnerCheckVM      com.cdccreditsmart.app               W  ⚠️ Permitindo acesso sem Device Owner (decisão memorizada)
2025-12-06 12:51:56.829  4021-4021  DeviceOwnerCheckVM      com.cdccreditsmart.app               I  ========================================
2025-12-06 12:51:56.833  4021-4021  PermissionGateScreen    com.cdccreditsmart.app               I  🔍 VERIFICAÇÃO INICIAL DE PERMISSÕES:
2025-12-06 12:51:56.833  4021-4021  PermissionGateScreen    com.cdccreditsmart.app               I     Nível: DEVICE_ADMIN
2025-12-06 12:51:56.833  4021-4021  PermissionGateScreen    com.cdccreditsmart.app               I     Todas concedidas: true
2025-12-06 12:51:56.834  4021-4021  PermissionGateScreen    com.cdccreditsmart.app               I     Bateria isenta: true
2025-12-06 12:51:56.834  4021-4021  PermissionGateScreen    com.cdccreditsmart.app               I     ✅ OK: Administrador do Dispositivo
2025-12-06 12:51:56.834  4021-4021  PermissionGateScreen    com.cdccreditsmart.app               I     ✅ OK: Permissões Básicas
2025-12-06 12:51:56.834  4021-4021  PermissionGateScreen    com.cdccreditsmart.app               I     ✅ OK: Monitoramento de Apps
2025-12-06 12:51:56.834  4021-4021  PermissionGateScreen    com.cdccreditsmart.app               I     ✅ OK: Mostrar Alertas
2025-12-06 12:51:56.834  4021-4021  PermissionGateScreen    com.cdccreditsmart.app               I     ✅ OK: Execução em Segundo Plano
2025-12-06 12:51:56.834  4021-4021  PermissionGateScreen    com.cdccreditsmart.app               I  ✅ TODAS AS PERMISSÕES JÁ CONCEDIDAS - navegando imediatamente
2025-12-06 12:51:56.834  4021-4021  SettingsGuardService    com.cdccreditsmart.app               I  ▶️ Guard RETOMADO após fluxo de permissões
2025-12-06 12:51:56.838  4021-9922  SettingsGuardService    com.cdccreditsmart.app               D  🎯 Package perigoso detectado: com.google.android.permissioncontroller
2025-12-06 12:51:56.838  4021-9922  SettingsGuardService    com.cdccreditsmart.app               W  🚨 ÁREA PERIGOSA DETECTADA!
2025-12-06 12:51:56.838  4021-9922  SettingsGuardService    com.cdccreditsmart.app               W     Pacote: com.google.android.permissioncontroller
2025-12-06 12:51:56.838  4021-9922  SettingsGuardService    com.cdccreditsmart.app               W     Atividade: com.android.permissioncontroller.permission.ui.GrantPermissionsActivity
2025-12-06 12:51:56.838  4021-9922  SettingsGuardService    com.cdccreditsmart.app               W     Chamando app para foreground...
2025-12-06 12:51:57.126  4021-4021  InsetsController        com.cdccreditsmart.app               I  Insets animation onAnimationStart mShow:false, mDurationMs:340, types:statusBars
2025-12-06 12:51:57.169  4021-4021  InsetsController        com.cdccreditsmart.app               I  Insets animation onAnimationCancel
2025-12-06 12:51:57.169  4021-4021  InsetsController        com.cdccreditsmart.app               I  Insets animation onAnimationEnd
2025-12-06 12:51:57.201  4021-4021  SettingsGuardService    com.cdccreditsmart.app               D  🏠 Enviado para Home primeiro (fecha Settings)
2025-12-06 12:51:57.203  4021-4021  RouterViewModel         com.cdccreditsmart.app               D  🚀 Iniciando verificação de autenticação...
2025-12-06 12:51:57.204  4021-9922  AuthOrchestrator        com.cdccreditsmart.app               D  🔐 Verificando autenticação...
2025-12-06 12:51:57.205  4021-4021  Choreographer           com.cdccreditsmart.app               I  Skipped 43 frames!  The application may be doing too much work on its main thread.
2025-12-06 12:51:57.224  4021-9922  AuthOrchestrator        com.cdccreditsmart.app               D  🌐 Conectividade: ONLINE
2025-12-06 12:51:57.225  4021-9922  AuthOrchestrator        com.cdccreditsmart.app               D  🔄 ========== AUTO-DISCOVERY INICIADO ==========
2025-12-06 12:51:57.225  4021-4021  DeviceOwnerCheckVM      com.cdccreditsmart.app               I  ========================================
2025-12-06 12:51:57.225  4021-4021  DeviceOwnerCheckVM      com.cdccreditsmart.app               I  🔐 Verificando status de Device Owner...
2025-12-06 12:51:57.235  4021-9922  DeviceUtils             com.cdccreditsmart.app               E  SecurityException reading IMEI - permission denied (Ask Gemini)
                                                                                                    java.lang.SecurityException: getImeiForSlot: The uid 10301 does not meet the requirements to access device identifiers.
                                                                                                    	at android.os.Parcel.createExceptionOrNull(Parcel.java:3252)
                                                                                                    	at android.os.Parcel.createException(Parcel.java:3236)
                                                                                                    	at android.os.Parcel.readException(Parcel.java:3219)
                                                                                                    	at android.os.Parcel.readException(Parcel.java:3161)
                                                                                                    	at com.android.internal.telephony.ITelephony$Stub$Proxy.getImeiForSlot(ITelephony.java:12102)
                                                                                                    	at android.telephony.TelephonyManager.getImei(TelephonyManager.java:2356)
                                                                                                    	at android.telephony.TelephonyManager.getImei(TelephonyManager.java:2307)
                                                                                                    	at com.cdccreditsmart.app.utils.DeviceUtils.getDeviceImei(DeviceUtils.kt:106)
                                                                                                    	at com.cdccreditsmart.app.auth.AuthenticationOrchestrator.attemptAutoConnection(AuthenticationOrchestrator.kt:96)
                                                                                                    	at com.cdccreditsmart.app.auth.AuthenticationOrchestrator.access$attemptAutoConnection(AuthenticationOrchestrator.kt:28)
                                                                                                    	at com.cdccreditsmart.app.auth.AuthenticationOrchestrator$ensureAuthenticated$2.invokeSuspend(AuthenticationOrchestrator.kt:228)
                                                                                                    	at kotlin.coroutines.jvm.internal.BaseContinuationImpl.resumeWith(ContinuationImpl.kt:34)
                                                                                                    	at kotlinx.coroutines.DispatchedTask.run(DispatchedTask.kt:108)
                                                                                                    	at kotlinx.coroutines.internal.LimitedDispatcher$Worker.run(LimitedDispatcher.kt:115)
                                                                                                    	at kotlinx.coroutines.scheduling.TaskImpl.run(Tasks.kt:103)
                                                                                                    	at kotlinx.coroutines.scheduling.CoroutineScheduler.runSafely(CoroutineScheduler.kt:584)
                                                                                                    	at kotlinx.coroutines.scheduling.CoroutineScheduler$Worker.executeTask(CoroutineScheduler.kt:793)
                                                                                                    	at kotlinx.coroutines.scheduling.CoroutineScheduler$Worker.runWorker(CoroutineScheduler.kt:697)
                                                                                                    	at kotlinx.coroutines.scheduling.CoroutineScheduler$Worker.run(CoroutineScheduler.kt:684)
2025-12-06 12:51:57.235  4021-9922  AuthOrchestrator        com.cdccreditsmart.app               W  ⚠️ IMEI não disponível (permissão negada ou emulador)
2025-12-06 12:51:57.235  4021-9922  AuthOrchestrator        com.cdccreditsmart.app               D     → Fallback para pareamento manual
2025-12-06 12:51:57.235  4021-9922  ContractCodeStorage     com.cdccreditsmart.app               D  Retrieving contract code from storage
2025-12-06 12:51:57.250  4021-4021  VRI[MainActivity]       com.cdccreditsmart.app               D  visibilityChanged oldVisibility=true newVisibility=false
2025-12-06 12:51:57.252  4021-4021  MainActivity            com.cdccreditsmart.app               W  ⚠️ Algumas permissões foram NEGADAS pelo usuário:
2025-12-06 12:51:57.252  4021-4021  MainActivity            com.cdccreditsmart.app               D    ❌ NEGADA - android.permission.ACCESS_FINE_LOCATION
2025-12-06 12:51:57.252  4021-4021  MainActivity            com.cdccreditsmart.app               D    ❌ NEGADA - android.permission.ACCESS_COARSE_LOCATION
2025-12-06 12:51:57.252  4021-4021  MainActivity            com.cdccreditsmart.app               D    ❌ NEGADA - android.permission.ACCESS_BACKGROUND_LOCATION
2025-12-06 12:51:57.253  4021-4021  ActivityThread          com.cdccreditsmart.app               D  handleResumeActivity#3 r.window=com.android.internal.policy.PhoneWindow@b344589a.mFinished = falsewillBeVisible = true
2025-12-06 12:51:57.267  4021-4021  ActivityThread          com.cdccreditsmart.app               D  mToDestroying.remove:ActivityRecord{fdf3c66 token=android.os.BinderProxy@e5e5ee {com.cdccreditsmart.app/com.cdccreditsmart.app.presentation.MainActivity}}
2025-12-06 12:51:57.275  4021-4021  WindowOnBackDispatcher  com.cdccreditsmart.app               W  sendCancelIfRunning: isInProgress=false callback=android.app.Activity$$ExternalSyntheticLambda0@ae95014
2025-12-06 12:51:57.277  4021-9893  BLASTBufferQueue        com.cdccreditsmart.app               D  [VRI[MainActivity]#13](f:0,a:1) destructor()
2025-12-06 12:51:57.277  4021-9893  BufferQueueConsumer     com.cdccreditsmart.app               D  [VRI[MainActivity]#13(BLAST Consumer)13](id:fb50000000d,api:0,p:-1,c:4021) disconnect
2025-12-06 12:51:57.279  4021-4021  View                    com.cdccreditsmart.app               D  [Warning] assignParent to null: this = DecorView@c706d81[MainActivity]
2025-12-06 12:51:57.302  4021-4021  InsetsController        com.cdccreditsmart.app               I  Insets animation onAnimationStart mShow:false, mDurationMs:340, types:statusBars
2025-12-06 12:51:57.316  4021-4021  InsetsController        com.cdccreditsmart.app               I  Insets animation onAnimationCancel
2025-12-06 12:51:57.316  4021-4021  InsetsController        com.cdccreditsmart.app               I  Insets animation onAnimationEnd
2025-12-06 12:51:57.465  4021-4021  SettingsGuardService    com.cdccreditsmart.app               I  ✅ App trazido para foreground
2025-12-06 12:51:57.554  4021-10681 libMEOW                 com.cdccreditsmart.app               D  meow new tls: 0xb400007672c93200
2025-12-06 12:51:57.554  4021-10681 libMEOW                 com.cdccreditsmart.app               D  applied 1 plugins for [com.cdccreditsmart.app]:
2025-12-06 12:51:57.554  4021-10681 libMEOW                 com.cdccreditsmart.app               D    plugin 1: [libMEOW_gift.so]: 0xb400007592aab840
2025-12-06 12:51:57.555  4021-10681 libMEOW                 com.cdccreditsmart.app               D  rebuild call chain: 0xb400007672c531c0
2025-12-06 12:51:57.555  4021-10681 libMEOW                 com.cdccreditsmart.app               D  meow delete tls: 0xb400007672c93200
2025-12-06 12:51:57.557  4021-4021  ActivityThread          com.cdccreditsmart.app               D  ++ activityComponent:com.cdccreditsmart.app/com.cdccreditsmart.app.presentation.MainActivity counts:2 ALEAK_CLEAR_SUPPORT:true
2025-12-06 12:51:57.571  4021-4021  MainActivity            com.cdccreditsmart.app               I  ========================================
2025-12-06 12:51:57.571  4021-4021  MainActivity            com.cdccreditsmart.app               I  📱 SOLICITANDO PERMISSÕES (NÃO DEVICE OWNER)
2025-12-06 12:51:57.571  4021-4021  MainActivity            com.cdccreditsmart.app               I  ========================================
2025-12-06 12:51:57.571  4021-4021  MainActivity            com.cdccreditsmart.app               I  📋 Runtime permissions a solicitar: 3
2025-12-06 12:51:57.571  4021-4021  MainActivity            com.cdccreditsmart.app               D    • android.permission.ACCESS_FINE_LOCATION
2025-12-06 12:51:57.571  4021-4021  MainActivity            com.cdccreditsmart.app               D    • android.permission.ACCESS_COARSE_LOCATION
2025-12-06 12:51:57.571  4021-4021  MainActivity            com.cdccreditsmart.app               D    • android.permission.ACCESS_BACKGROUND_LOCATION
2025-12-06 12:51:57.572  4021-9925  PersistentStateManager  com.cdccreditsmart.app               D  Nenhum estado local encontrado
2025-12-06 12:51:57.572  4021-9925  PersistentStateManager  com.cdccreditsmart.app               D  🆕 Sem estado local - device novo ou pós factory reset
2025-12-06 12:51:57.572  4021-9925  MainActivity            com.cdccreditsmart.app               I  🆕 Device nunca foi provisionado
2025-12-06 12:51:57.603  4021-4021  SpecialPermissionReq    com.cdccreditsmart.app               I  ========================================
2025-12-06 12:51:57.603  4021-4021  SpecialPermissionReq    com.cdccreditsmart.app               I  📊 STATUS DAS PERMISSÕES ESPECIAIS
2025-12-06 12:51:57.603  4021-4021  SpecialPermissionReq    com.cdccreditsmart.app               I  ========================================
2025-12-06 12:51:57.605  4021-4021  SpecialPermissionReq    com.cdccreditsmart.app               I    USAGE_STATS: ✅ CONCEDIDA
2025-12-06 12:51:57.606  4021-4021  SpecialPermissionReq    com.cdccreditsmart.app               I    OVERLAY: ✅ CONCEDIDA
2025-12-06 12:51:57.606  4021-4021  SpecialPermissionReq    com.cdccreditsmart.app               I  
2025-12-06 12:51:57.606  4021-4021  SpecialPermissionReq    com.cdccreditsmart.app               I  ✅ Todas as permissões especiais concedidas!
2025-12-06 12:51:57.606  4021-4021  SpecialPermissionReq    com.cdccreditsmart.app               I     Proteção anti-desinstalação ativa.
2025-12-06 12:51:57.606  4021-4021  SpecialPermissionReq    com.cdccreditsmart.app               I  ========================================
2025-12-06 12:51:57.607  4021-4021  MainActivity            com.cdccreditsmart.app               I  ✅ Todas as permissões especiais já foram concedidas!
2025-12-06 12:51:57.612  4021-4021  ActivityThread          com.cdccreditsmart.app               D  handleResumeActivity#3 r.window=nulla.mFinished = falsewillBeVisible = true
2025-12-06 12:51:57.612  4021-4021  ActivityThread          com.cdccreditsmart.app               D  handleResumeActivity#4 addView a.mVisibleFromClient=truea.mWindowAdded=falsedecor=DecorView@8d8379b[]
2025-12-06 12:51:57.612  4021-4021  ActivityThread          com.cdccreditsmart.app               D  handleResumeActivity#5 addView decor=DecorView@8d8379b[]
2025-12-06 12:51:57.616  4021-4021  VRI[MainActivity]       com.cdccreditsmart.app               D  hardware acceleration = true, forceHwAccelerated = false
2025-12-06 12:51:57.617  4021-4021  ViewRootImpl            com.cdccreditsmart.app               D  setView appearance:24 com.cdccreditsmart.app/com.cdccreditsmart.app.presentation.MainActivity
2025-12-06 12:51:57.638  4021-4021  InputEventReceiver      com.cdccreditsmart.app               D  Input log is disabled in InputEventReceiver.
2025-12-06 12:51:57.729  4021-4021  BufferQueueConsumer     com.cdccreditsmart.app               D  [](id:fb50000000f,api:0,p:-1,c:4021) connect: controlledByApp=false
2025-12-06 12:51:57.729  4021-4021  BLASTBufferQueue        com.cdccreditsmart.app               D  [VRI[MainActivity]#15](f:0,a:0) constructor()
2025-12-06 12:51:57.729  4021-4021  BLASTBufferQueue        com.cdccreditsmart.app               D  [VRI[MainActivity]#15](f:0,a:0) update width=1080 height=2436 format=-3 mTransformHint=0
2025-12-06 12:51:57.765  4021-9893  BLASTBufferQueue        com.cdccreditsmart.app               D  [VRI[MainActivity]#15](f:0,a:1) acquireNextBufferLocked size=1080x2436 mFrameNumber=1 applyTransaction=true mTimestamp=111600814570728(auto) mPendingTransactions.size=0 graphicBufferId=17270063497311 transform=0
2025-12-06 12:51:57.797  4021-4021  PermissionGateScreen    com.cdccreditsmart.app               I  🔍 VERIFICAÇÃO INICIAL DE PERMISSÕES:
2025-12-06 12:51:57.797  4021-4021  PermissionGateScreen    com.cdccreditsmart.app               I     Nível: DEVICE_ADMIN
2025-12-06 12:51:57.797  4021-4021  PermissionGateScreen    com.cdccreditsmart.app               I     Todas concedidas: true
2025-12-06 12:51:57.797  4021-4021  PermissionGateScreen    com.cdccreditsmart.app               I     Bateria isenta: true
2025-12-06 12:51:57.797  4021-4021  PermissionGateScreen    com.cdccreditsmart.app               I     ✅ OK: Administrador do Dispositivo
2025-12-06 12:51:57.797  4021-4021  PermissionGateScreen    com.cdccreditsmart.app               I     ✅ OK: Permissões Básicas
2025-12-06 12:51:57.797  4021-4021  PermissionGateScreen    com.cdccreditsmart.app               I     ✅ OK: Monitoramento de Apps
2025-12-06 12:51:57.797  4021-4021  PermissionGateScreen    com.cdccreditsmart.app               I     ✅ OK: Mostrar Alertas
2025-12-06 12:51:57.797  4021-4021  PermissionGateScreen    com.cdccreditsmart.app               I     ✅ OK: Execução em Segundo Plano
2025-12-06 12:51:57.797  4021-4021  PermissionGateScreen    com.cdccreditsmart.app               I  ✅ TODAS AS PERMISSÕES JÁ CONCEDIDAS - navegando imediatamente
2025-12-06 12:51:57.797  4021-4021  SettingsGuardService    com.cdccreditsmart.app               I  ▶️ Guard RETOMADO após fluxo de permissões
2025-12-06 12:51:57.802  4021-9853  creditsmart.app         com.cdccreditsmart.app               I  Background young concurrent mark compact GC freed 8177KB AllocSpace bytes, 204(7472KB) LOS objects, 45% free, 17MB/31MB, paused 2.080ms,7.236ms total 164.774ms
2025-12-06 12:51:57.816  4021-4021  InsetsController        com.cdccreditsmart.app               I  Insets animation onAnimationStart mShow:false, mDurationMs:340, types:statusBars
2025-12-06 12:51:57.850  4021-4021  VRI[MainActivity]       com.cdccreditsmart.app               D  visibilityChanged oldVisibility=true newVisibility=false
2025-12-06 12:51:57.851  4021-4021  DeviceUtils             com.cdccreditsmart.app               D  Device Owner check: false
2025-12-06 12:51:57.851  4021-4021  DeviceUtils             com.cdccreditsmart.app               D  Samsung device: false (Manufacturer: INFINIX)
2025-12-06 12:51:57.851  4021-4021  DeviceOwnerCheckVM      com.cdccreditsmart.app               W  ⚠️ MODO DEBUG: Usuário já pulou provisionamento anteriormente
2025-12-06 12:51:57.851  4021-4021  DeviceOwnerCheckVM      com.cdccreditsmart.app               W  ⚠️ Permitindo acesso sem Device Owner (decisão memorizada)
2025-12-06 12:51:57.851  4021-4021  DeviceOwnerCheckVM      com.cdccreditsmart.app               I  ========================================
2025-12-06 12:51:57.854  4021-4021  InsetsController        com.cdccreditsmart.app               I  Insets animation onAnimationCancel
2025-12-06 12:51:57.854  4021-4021  InsetsController        com.cdccreditsmart.app               I  Insets animation onAnimationEnd
2025-12-06 12:51:58.243  4021-9922  ContractCodeStorage     com.cdccreditsmart.app               D  Storage verification: 7 valid, 0 tampered, 0 missing
2025-12-06 12:51:58.244  4021-9922  ContractCodeStorage     com.cdccreditsmart.app               D  Contract code retrieved successfully
2025-12-06 12:51:58.244  4021-9922  AuthOrchestrator        com.cdccreditsmart.app               D  ✅ Código de pareamento encontrado: VY9D****
2025-12-06 12:51:58.247  4021-9922  AuthOrchestrator        com.cdccreditsmart.app               D  🔑 Token existente encontrado - validando no servidor...
2025-12-06 12:51:58.250  4021-9922  AuthOrchestrator        com.cdccreditsmart.app               E  Erro ao validar token no servidor
                                                                                                    kotlinx.coroutines.JobCancellationException: Job was cancelled; job=SupervisorJobImpl{Cancelling}@fe01d25
2025-12-06 12:51:58.250  4021-9922  AuthOrchestrator        com.cdccreditsmart.app               W  ⚠️ Token inválido/expirado - renovando autenticação...
2025-12-06 12:51:58.250  4021-9922  AuthOrchestrator        com.cdccreditsmart.app               D  🔐 Autenticando silenciosamente com código salvo...
2025-12-06 12:51:58.251  4021-10594 okhttp.OkHttpClient     com.cdccreditsmart.app               I  --> GET https://cdccreditsmart.com/api/apk/device/status
2025-12-06 12:51:58.251  4021-10594 okhttp.OkHttpClient     com.cdccreditsmart.app               I  Authorization: Bearer eyJhbGciOiJIUzI1NiIsInR5cCI6IkpXVCJ9.eyJkZXZpY2VJZCI6ImRldmljZV8xNzY0ODkzMTMwNTQ5XzZzZTlpaHFyaG9rIiwiYXBrVG9rZW4iOiJWWTlEQjlFQyIsInR5cGUiOiJhcGsiLCJleHBpcmVzSW4iOiIyNGgiLCJpYXQiOjE3NjUwMjgxMTUsImV4cCI6MTc2NTExNDUxNX0.Zs1ApE_ghWMSOnPsS-3zjgPVCpgd2_neKm4JY71uQb4
2025-12-06 12:51:58.251  4021-10594 okhttp.OkHttpClient     com.cdccreditsmart.app               I  --> END GET
2025-12-06 12:51:58.252  4021-9922  AuthOrchestrator        com.cdccreditsmart.app               E  ❌ Exceção durante autenticação silenciosa
                                                                                                    kotlinx.coroutines.JobCancellationException: Job was cancelled; job=SupervisorJobImpl{Cancelling}@fe01d25
2025-12-06 12:51:58.252  4021-10594 okhttp.OkHttpClient     com.cdccreditsmart.app               I  <-- HTTP FAILED: java.io.IOException: Canceled
2025-12-06 12:51:58.253  4021-10243 okhttp.OkHttpClient     com.cdccreditsmart.app               I  --> POST https://cdccreditsmart.com/api/apk/auth
2025-12-06 12:51:58.253  4021-10243 okhttp.OkHttpClient     com.cdccreditsmart.app               I  Content-Type: application/json; charset=UTF-8
2025-12-06 12:51:58.253  4021-10243 okhttp.OkHttpClient     com.cdccreditsmart.app               I  Content-Length: 19
2025-12-06 12:51:58.254  4021-10243 okhttp.OkHttpClient     com.cdccreditsmart.app               I  {"code":"VY9DB9EC"}
2025-12-06 12:51:58.254  4021-10243 okhttp.OkHttpClient     com.cdccreditsmart.app               I  --> END POST (19-byte body)
2025-12-06 12:51:58.255  4021-10243 okhttp.OkHttpClient     com.cdccreditsmart.app               I  <-- HTTP FAILED: java.io.IOException: Canceled
2025-12-06 12:51:58.282  4021-4021  DeviceOwnerCheckVM      com.cdccreditsmart.app               I  ========================================
2025-12-06 12:51:58.282  4021-4021  DeviceOwnerCheckVM      com.cdccreditsmart.app               I  🔐 Verificando status de Device Owner...
2025-12-06 12:51:58.297  4021-4021  BLASTBufferQueue        com.cdccreditsmart.app               D  [VRI[MainActivity]#14](f:0,a:1) destructor()
2025-12-06 12:51:58.297  4021-4021  BufferQueueConsumer     com.cdccreditsmart.app               D  [VRI[MainActivity]#14(BLAST Consumer)14](id:fb50000000e,api:0,p:-1,c:4021) disconnect
2025-12-06 12:51:58.308  4021-4021  RouterViewModel         com.cdccreditsmart.app               D  🚀 Iniciando verificação de autenticação...
2025-12-06 12:51:58.308  4021-9925  AuthOrchestrator        com.cdccreditsmart.app               D  🔐 Verificando autenticação...
2025-12-06 12:51:58.310  4021-9925  AuthOrchestrator        com.cdccreditsmart.app               D  🌐 Conectividade: ONLINE
2025-12-06 12:51:58.311  4021-9925  AuthOrchestrator        com.cdccreditsmart.app               D  🔄 ========== AUTO-DISCOVERY INICIADO ==========
2025-12-06 12:51:58.313  4021-4021  Choreographer           com.cdccreditsmart.app               I  Skipped 53 frames!  The application may be doing too much work on its main thread.
2025-12-06 12:51:58.316  4021-9925  DeviceUtils             com.cdccreditsmart.app               E  SecurityException reading IMEI - permission denied (Ask Gemini)
                                                                                                    java.lang.SecurityException: getImeiForSlot: The uid 10301 does not meet the requirements to access device identifiers.
                                                                                                    	at android.os.Parcel.createExceptionOrNull(Parcel.java:3252)
                                                                                                    	at android.os.Parcel.createException(Parcel.java:3236)
                                                                                                    	at android.os.Parcel.readException(Parcel.java:3219)
                                                                                                    	at android.os.Parcel.readException(Parcel.java:3161)
                                                                                                    	at com.android.internal.telephony.ITelephony$Stub$Proxy.getImeiForSlot(ITelephony.java:12102)
                                                                                                    	at android.telephony.TelephonyManager.getImei(TelephonyManager.java:2356)
                                                                                                    	at android.telephony.TelephonyManager.getImei(TelephonyManager.java:2307)
                                                                                                    	at com.cdccreditsmart.app.utils.DeviceUtils.getDeviceImei(DeviceUtils.kt:106)
                                                                                                    	at com.cdccreditsmart.app.auth.AuthenticationOrchestrator.attemptAutoConnection(AuthenticationOrchestrator.kt:96)
                                                                                                    	at com.cdccreditsmart.app.auth.AuthenticationOrchestrator.access$attemptAutoConnection(AuthenticationOrchestrator.kt:28)
                                                                                                    	at com.cdccreditsmart.app.auth.AuthenticationOrchestrator$ensureAuthenticated$2.invokeSuspend(AuthenticationOrchestrator.kt:228)
                                                                                                    	at kotlin.coroutines.jvm.internal.BaseContinuationImpl.resumeWith(ContinuationImpl.kt:34)
                                                                                                    	at kotlinx.coroutines.DispatchedTask.run(DispatchedTask.kt:108)
                                                                                                    	at kotlinx.coroutines.internal.LimitedDispatcher$Worker.run(LimitedDispatcher.kt:115)
                                                                                                    	at kotlinx.coroutines.scheduling.TaskImpl.run(Tasks.kt:103)
                                                                                                    	at kotlinx.coroutines.scheduling.CoroutineScheduler.runSafely(CoroutineScheduler.kt:584)
                                                                                                    	at kotlinx.coroutines.scheduling.CoroutineScheduler$Worker.executeTask(CoroutineScheduler.kt:793)
                                                                                                    	at kotlinx.coroutines.scheduling.CoroutineScheduler$Worker.runWorker(CoroutineScheduler.kt:697)
                                                                                                    	at kotlinx.coroutines.scheduling.CoroutineScheduler$Worker.run(CoroutineScheduler.kt:684)
2025-12-06 12:51:58.316  4021-9925  AuthOrchestrator        com.cdccreditsmart.app               W  ⚠️ IMEI não disponível (permissão negada ou emulador)
2025-12-06 12:51:58.316  4021-9925  AuthOrchestrator        com.cdccreditsmart.app               D     → Fallback para pareamento manual
2025-12-06 12:51:58.316  4021-9925  ContractCodeStorage     com.cdccreditsmart.app               D  Retrieving contract code from storage
2025-12-06 12:51:58.332  4021-4021  MainActivity            com.cdccreditsmart.app               W  ⚠️ Algumas permissões foram NEGADAS pelo usuário:
2025-12-06 12:51:58.332  4021-4021  MainActivity            com.cdccreditsmart.app               D    ❌ NEGADA - android.permission.ACCESS_FINE_LOCATION
2025-12-06 12:51:58.332  4021-4021  MainActivity            com.cdccreditsmart.app               D    ❌ NEGADA - android.permission.ACCESS_COARSE_LOCATION
2025-12-06 12:51:58.332  4021-4021  MainActivity            com.cdccreditsmart.app               D    ❌ NEGADA - android.permission.ACCESS_BACKGROUND_LOCATION
2025-12-06 12:51:58.333  4021-4021  ActivityThread          com.cdccreditsmart.app               D  handleResumeActivity#3 r.window=com.android.internal.policy.PhoneWindow@62f8ce6a.mFinished = falsewillBeVisible = true
2025-12-06 12:51:58.340  4021-4021  ActivityThread          com.cdccreditsmart.app               D  mToDestroying.remove:ActivityRecord{18952be token=android.os.BinderProxy@58233d4 {com.cdccreditsmart.app/com.cdccreditsmart.app.presentation.MainActivity}}
2025-12-06 12:51:58.346  4021-4021  WindowOnBackDispatcher  com.cdccreditsmart.app               W  sendCancelIfRunning: isInProgress=false callback=android.app.Activity$$ExternalSyntheticLambda0@b29372a
2025-12-06 12:51:58.347  4021-4021  View                    com.cdccreditsmart.app               D  [Warning] assignParent to null: this = DecorView@9ccd307[MainActivity]
2025-12-06 12:51:58.350  4021-4021  RouterViewModel         com.cdccreditsmart.app               E  ❌ Erro inesperado ao verificar autenticação
                                                                                                    kotlinx.coroutines.JobCancellationException: Job was cancelled; job=SupervisorJobImpl{Cancelling}@fe01d25
2025-12-06 12:51:58.358  4021-4021  InsetsController        com.cdccreditsmart.app               I  Insets animation onAnimationStart mShow:false, mDurationMs:340, types:statusBars
2025-12-06 12:51:58.711  4021-9925  ContractCodeStorage     com.cdccreditsmart.app               D  Storage verification: 7 valid, 0 tampered, 0 missing
2025-12-06 12:51:58.711  4021-9925  ContractCodeStorage     com.cdccreditsmart.app               D  Contract code retrieved successfully
2025-12-06 12:51:58.712  4021-9925  AuthOrchestrator        com.cdccreditsmart.app               D  ✅ Código de pareamento encontrado: VY9D****
2025-12-06 12:51:58.714  4021-9925  AuthOrchestrator        com.cdccreditsmart.app               D  🔑 Token existente encontrado - validando no servidor...
2025-12-06 12:51:58.719  4021-9925  AuthOrchestrator        com.cdccreditsmart.app               E  Erro ao validar token no servidor
                                                                                                    kotlinx.coroutines.JobCancellationException: Job was cancelled; job=SupervisorJobImpl{Cancelling}@3642e9c
2025-12-06 12:51:58.719  4021-9925  AuthOrchestrator        com.cdccreditsmart.app               W  ⚠️ Token inválido/expirado - renovando autenticação...
2025-12-06 12:51:58.719  4021-9925  AuthOrchestrator        com.cdccreditsmart.app               D  🔐 Autenticando silenciosamente com código salvo...
