2025-12-09 15:58:18.487  1565-3164  Hiber/importantScene    pid-1565                             I  isTrafficActive uid:10277 speed :25
2025-12-09 15:58:18.488  1565-3164  Hiber/importantScene    pid-1565                             I  uid:10277 speed :25
2025-12-09 15:58:18.488  1565-3164  Hiber/appStateMachine   pid-1565                             I  uid:10277 enter FrozenState
2025-12-09 15:58:18.489  1565-3164  Hiber/stateManager      pid-1565                             I  freeze uid: 10277 com.lazada.android costTime=1ms ,last unfreeze 5s ago
2025-12-09 15:58:18.492  1565-3165  Hiber/hiber             pid-1565                             I  msg for start proxy frozen state
2025-12-09 15:58:18.495  1565-1657  ApplicationHelper       pid-1565                             E  Fail to get PackageManager
2025-12-09 15:58:18.496  1565-3165  ActivityManager         pid-1565                             D  Hiber try idle uid[10277] by hiber ,bgTime>0 ? true,isIdled before ? true ,isCurAllowListed ? false ,isProcStateBackground?true
2025-12-09 15:58:18.496  1565-3165  ActivityManager         pid-1565                             D  Hiber try idle uid[10277] by hiber
2025-12-09 15:58:18.496  1565-3165  Hiber/proxyManager      pid-1565                             I  p_service: 10277
2025-12-09 15:58:18.496  1565-3165  Hiber/proxyManager      pid-1565                             I  p_job: 10277 pkgName=com.lazada.android which=2
2025-12-09 15:58:18.496  1565-3165  Hiber/hiber             pid-1565                             I  proxy alarm (uid=10277, pkgName=com.lazada.android)
2025-12-09 15:58:18.496  1565-3165  Hiber/proxyManager      pid-1565                             I  p_alarm: uid=10277, pkgName=com.lazada.android
2025-12-09 15:58:18.496  1565-3165  Hiber/alar...iceExtImpl pid-1565                             D  proxyAlarms leave, uid=10277, packageName=com.lazada.android
2025-12-09 15:58:18.496  1565-3165  Hiber/proxyManager      pid-1565                             I  p_sensor: uid=10277, pkgName=com.lazada.android
2025-12-09 15:58:18.499  1565-1657  ApplicationHelper       pid-1565                             E  Fail to get PackageManager
2025-12-09 15:58:18.501  1565-1657  ApplicationHelper       pid-1565                             E  Fail to get PackageManager
2025-12-09 15:58:18.518  1565-1657  ApplicationHelper       pid-1565                             E  Fail to get PackageManager
2025-12-09 15:58:18.518  1565-1657  ApplicationHelper       pid-1565                             E  Fail to get PackageManager
2025-12-09 15:58:18.524 13697-23466 HomeStub                pid-13697                            I  HomeStub re-evaluating module downloads on phenotype flags update [CONTEXT service_id=336 ]
2025-12-09 15:58:18.531 13697-14569 ServiceBindIntentUtils  pid-13697                            W  Dynamic lookup for intent failed for action: com.google.android.gms.homegraph.service.START
2025-12-09 15:58:18.531  1565-1657  ApplicationHelper       pid-1565                             E  Fail to get PackageManager
2025-12-09 15:58:18.531  1565-1657  ApplicationHelper       pid-1565                             E  Fail to get PackageManager
2025-12-09 15:58:18.533 13697-23466 HomeStubModuleLoader    pid-13697                            I  Stub sees download_always flag FALSE. [CONTEXT service_id=336 ]
2025-12-09 15:58:18.533 13697-23466 HomeStubModuleLoader    pid-13697                            I  Homegraph download is not enabled. [CONTEXT service_id=336 ]
2025-12-09 15:58:18.535 13697-23466 SystemServiceRegistry   pid-13697                            W  No service published for: thread_network
2025-12-09 15:58:18.536 13697-23466 HomeStubModuleLoader    pid-13697                            I  Not downloading Thread module: Thread feature not available. [CONTEXT service_id=336 ]
2025-12-09 15:58:18.538  1565-3437  ActivityManager         pid-1565                             W  Unable to start service Intent { act=com.google.android.gms.homegraph.service.START pkg=com.google.android.gms } U=10: not found
2025-12-09 15:58:18.540   935-944   android.ha...ervice.mtk pid-935                              W  parseMsg: Get from client TYPE=thermal_hal_notify NAME=SKIN
2025-12-09 15:58:18.540   935-944   android.ha...ervice.mtk pid-935                              W  parseMsg:name.c_str():SKIN
2025-12-09 15:58:18.540   935-944   android.ha...ervice.mtk pid-935                              W  parseMsg:tz notify:SKIN
2025-12-09 15:58:18.540   935-944   android.ha...ervice.mtk pid-935                              I  Wait to accept a connection
2025-12-09 15:58:18.540  1565-3437  ActivityManager         pid-1565                             W  Unbind failed: could not find connection for android.os.BinderProxy@e303f26
2025-12-09 15:58:18.541   935-944   android.ha...l@2.0-impl pid-935                              I  Sending notification:  Type: SKIN Name: SKIN CurrentValue: 47 ThrottlingStatus: SEVERE
2025-12-09 15:58:18.541   935-944   android.ha...l@2.0-impl pid-935                              I  sendThermalChangedCallback
2025-12-09 15:58:18.543 13697-14569 GmsClient               pid-13697                            W  unable to connect to service: com.google.android.gms.homegraph.service.START on com.google.android.gms
2025-12-09 15:58:18.554  1565-1705  Magnificat...ionManager pid-1565                             W  requestConnection duplicated request: connect=false, mConnectionState=DISCONNECTED
2025-12-09 15:58:18.563 13697-18169 Icing                   pid-13697                            I  updateResources: need to parse bnqm{com.google.android.gms}
2025-12-09 15:58:18.563  1565-1657  ApplicationHelper       pid-1565                             E  Fail to get PackageManager
2025-12-09 15:58:18.582  1565-4652  TLinkBrush_DATA         pid-1565                             D  [NetdEvent]onTcpSocketStatsEvent
2025-12-09 15:58:18.642  3576-3576  OverScroller            pid-3576                             D  overscroller os_friction: 0.82
2025-12-09 15:58:18.642  3576-3576  BounceEdgeEffect        pid-3576                             D  onRelease
2025-12-09 15:58:18.642  3576-3576  BounceEdgeEffect        pid-3576                             D  onRelease
2025-12-09 15:58:18.643  3576-3576  ScrollIdentify          pid-3576                             I  on fling
2025-12-09 15:58:18.643  1565-4652  mtkpower_client         pid-1565                             I  perf_lock_acq, hdl:1546, dur:3000, num:2, pid:1565, tid:4652
2025-12-09 15:58:18.645  4663-5707  ScreenTouchCollector    pid-4663                             I  resetTouchPara:reason= InputEvent ACTION_UP or ACTION_CANCEL
2025-12-09 15:58:18.645  1203-1227  uas-service             pid-1203                             D  set scene=0x80000010 success
2025-12-09 15:58:18.645   956-975   mtkpower@impl           pid-956                              I  [setBoost] Boost::INTERACTION,escap_time 2651. leave_time:0
2025-12-09 15:58:18.645   956-975   AppFlingMode            pid-956                              D  [CheckAppFlingHint] 0 com.transsion.XOSLauncher 120
2025-12-09 15:58:18.645   956-975   AppFlingMode            pid-956                              D  [findAppFlingRscListIndex] -1 -1 -1 9 -1 -1 -1 -1
2025-12-09 15:58:18.645   956-975   AppFlingMode            pid-956                              D  match app scn rsc index:9
2025-12-09 15:58:18.645   956-975   mtkpower@impl           pid-956                              I  [libpowerhal_CusLockHint] AppFling RscSize:20
2025-12-09 15:58:18.645   956-975   mtkpower@impl           pid-956                              I  [libpowerhal_CusLockHint] AppFling data:0x00400000, 1800000
2025-12-09 15:58:18.645   956-975   mtkpower@impl           pid-956                              I  [libpowerhal_CusLockHint] AppFling data:0x00400100, 2000000
2025-12-09 15:58:18.645   956-975   mtkpower@impl           pid-956                              I  [libpowerhal_CusLockHint] AppFling data:0x01408300, 100
2025-12-09 15:58:18.645   956-975   mtkpower@impl           pid-956                              I  [libpowerhal_CusLockHint] AppFling data:0x00c00000, 15
2025-12-09 15:58:18.645   956-975   mtkpower@impl           pid-956                              I  [libpowerhal_CusLockHint] AppFling data:0x10000010, 3000000
2025-12-09 15:58:18.645   956-975   mtkpower@impl           pid-956                              I  [libpowerhal_CusLockHint] AppFling data:0x10000011, 3000000
2025-12-09 15:58:18.645   956-975   mtkpower@impl           pid-956                              I  [libpowerhal_CusLockHint] AppFling data:0x01408300, 100
2025-12-09 15:58:18.645   956-975   mtkpower@impl           pid-956                              I  [libpowerhal_CusLockHint] AppFling data:0x01408100, 40
2025-12-09 15:58:18.645   956-975   mtkpower@impl           pid-956                              I  [libpowerhal_CusLockHint] AppFling data:0x02050000, 0
2025-12-09 15:58:18.645   956-975   mtkpower@impl           pid-956                              I  [libpowerhal_CusLockHint] AppFling data:0x0300c000, 15
2025-12-09 15:58:18.646 13596-14179 ScreenTouchCollector    pid-13596                            I  resetTouchPara:reason= InputEvent ACTION_UP or ACTION_CANCEL
2025-12-09 15:58:18.646  1565-4652  mtkpower_client         pid-1565                             I  ret_hdl:1547
2025-12-09 15:58:18.646  3576-14988 PowerHalMgrImpl         pid-3576                             I  hdl:1547, pid:3576 
2025-12-09 15:58:18.646  1565-4652  mtkpower_client         pid-1565                             I  perf_lock_rel, hdl:1547, tid:4652
2025-12-09 15:58:18.647  1203-1227  uas-service             pid-1203                             D  set scene=0x20 success
2025-12-09 15:58:18.647   956-1025  libPowerHal             pid-956                              I  [unsetGPUFreq] current min:15, max:0; scn_gpu_min:15, scn_gpu_max:-1; scn_gpu_min(HL):-1, scn_gpu_max(HL):-1
2025-12-09 15:58:18.647   956-1025  libPowerHal             pid-956                              I  [setGPUFreq] Soft min/max = (15, 0); Hard min/max = (44, 0)
2025-12-09 15:58:18.647   956-1025  libPowerHal             pid-956                              I  [setGPUFreq] final min/max = (15, 0)
2025-12-09 15:58:18.647   956-1025  libPowerHal             pid-956                              I  MTKPOWER_HINT_UX_MOVE_SCROLLING: set gpu opp level: 15
2025-12-09 15:58:18.647   956-1025  libPowerHal             pid-956                              I  MTKPOWER_HINT_UX_MOVE_SCROLLING: set gpu opp level max: 0
2025-12-09 15:58:18.648  1565-3535  mtkpower_client         pid-1565                             I  perf_lock_acq, hdl:1547, dur:3000, num:2, pid:1565, tid:3535
2025-12-09 15:58:18.648  1565-1708  mtkpower_client         pid-1565                             I  perf_cus_lock_hint hint:106, dur:3000, pid:1565
2025-12-09 15:58:18.653   956-1025  libPowerHal             pid-956                              I  [setGPUFreq] INTERACTION user set gpu freq min:15, max:-1
2025-12-09 15:58:18.653   956-1025  libPowerHal             pid-956                              I  INTERACTION: set gpu opp level max: 0
2025-12-09 15:58:18.653   956-1025  libPowerHal             pid-956                              I  [setGPUFreq] Soft min/max = (15, 0); Hard min/max = (44, 0)
2025-12-09 15:58:18.653   956-1025  libPowerHal             pid-956                              I  [setGPUFreq] final min/max = (15, 0)
2025-12-09 15:58:18.653   956-1025  libPowerHal             pid-956                              I  INTERACTION: set gpu opp level: 15
2025-12-09 15:58:18.653   956-1025  libPowerHal             pid-956                              I  INTERACTION: set gpu opp level max: 0
2025-12-09 15:58:18.654   956-974   AppFlingMode            pid-956                              D  [CheckAppFlingHint] 43 com.transsion.XOSLauncher 120
2025-12-09 15:58:18.654   956-974   AppFlingMode            pid-956                              D  [findAppFlingRscListIndex] -1 -1 -1 9 -1 -1 -1 -1
2025-12-09 15:58:18.654   956-974   AppFlingMode            pid-956                              D  match app scn rsc index:9
2025-12-09 15:58:18.654   956-974   mtkpower@impl           pid-956                              I  [libpowerhal_CusLockHint] AppFling RscSize:20
2025-12-09 15:58:18.654   956-974   mtkpower@impl           pid-956                              I  [libpowerhal_CusLockHint] AppFling data:0x00400000, 1800000
2025-12-09 15:58:18.654   956-974   mtkpower@impl           pid-956                              I  [libpowerhal_CusLockHint] AppFling data:0x00400100, 2000000
2025-12-09 15:58:18.654   956-974   mtkpower@impl           pid-956                              I  [libpowerhal_CusLockHint] AppFling data:0x01408300, 100
2025-12-09 15:58:18.654   956-974   mtkpower@impl           pid-956                              I  [libpowerhal_CusLockHint] AppFling data:0x00c00000, 15
2025-12-09 15:58:18.654   956-974   mtkpower@impl           pid-956                              I  [libpowerhal_CusLockHint] AppFling data:0x10000010, 3000000
2025-12-09 15:58:18.654   956-974   mtkpower@impl           pid-956                              I  [libpowerhal_CusLockHint] AppFling data:0x10000011, 3000000
2025-12-09 15:58:18.654   956-974   mtkpower@impl           pid-956                              I  [libpowerhal_CusLockHint] AppFling data:0x01408300, 100
2025-12-09 15:58:18.654   956-974   mtkpower@impl           pid-956                              I  [libpowerhal_CusLockHint] AppFling data:0x01408100, 40
2025-12-09 15:58:18.654   956-974   mtkpower@impl           pid-956                              I  [libpowerhal_CusLockHint] AppFling data:0x02050000, 0
2025-12-09 15:58:18.654   956-974   mtkpower@impl           pid-956                              I  [libpowerhal_CusLockHint] AppFling data:0x0300c000, 15
2025-12-09 15:58:18.657  1565-3791  Hiber/hiber             pid-1565                             I  begin socketDestroy, mUid: 10215
2025-12-09 15:58:18.657  1565-3535  mtkpower_client         pid-1565                             I  ret_hdl:1550
2025-12-09 15:58:18.657  3576-14988 PowerHalMgrImpl         pid-3576                             I  hdl:1550, pid:3576 
2025-12-09 15:58:18.657   956-1025  libPowerHal             pid-956                              I  [setGPUFreq] MTKPOWER_HINT_UX_SCROLLING user set gpu freq min:15, max:-1
2025-12-09 15:58:18.658   956-1025  libPowerHal             pid-956                              I  MTKPOWER_HINT_UX_SCROLLING: set gpu opp level max: 0
2025-12-09 15:58:18.658  1565-4652  mtkpower_client         pid-1565                             I  perf_lock_acq, hdl:1550, dur:3000, num:4, pid:1565, tid:4652
2025-12-09 15:58:18.661  1565-3791  TranNetwor...tiLinkImpl pid-1565                             D  linkTurb destorySocketByUid  uid :10215
2025-12-09 15:58:18.661  1565-3791  Hiber/hiber             pid-1565                             I  clearDnsCache again!!!
2025-12-09 15:58:18.662  1565-3535  mtkpower_client         pid-1565                             I  perf_lock_rel, hdl:1550, tid:3535
2025-12-09 15:58:18.663  3576-3576  BounceEdgeEffect        pid-3576                             D  on absorb:1737
2025-12-09 15:58:18.663  3576-3576  BounceEdgeEffect        pid-3576                             D  view tanslation:0.0
2025-12-09 15:58:18.664  3576-3576  BounceEdgeEffect        pid-3576                             D  setDampingParameters1501 stiffness=106.0 damping=1.125
2025-12-09 15:58:18.664  3576-3576  BounceEdgeEffect        pid-3576                             D  checkStartModifyRefreshRateStatus: isRefreshRateLimited = false
2025-12-09 15:58:18.664  3576-3576  BounceEdgeEffect        pid-3576                             D  Maintain a high refresh rate.
2025-12-09 15:58:18.664  1565-5247  MagellanHandle          pid-1565                             D  updateRefreshRateForSceneVsyncs what = 19
2025-12-09 15:58:18.664  1022-1088  surfaceflinger          pid-1022                             E  == MALI DEBUG ===eglp_winsys_populate_image_templates ==12288
2025-12-09 15:58:18.665   956-974   AppFlingMode            pid-956                              D  [CheckAppFlingHint] 106 com.transsion.XOSLauncher 120
2025-12-09 15:58:18.665  1203-1227  uas-service             pid-1203                             D  set scene=0x80000020 success
2025-12-09 15:58:18.666   956-1025  libPowerHal             pid-956                              I  [setGPUFreq] Soft min/max = (15, 0); Hard min/max = (44, 0)
2025-12-09 15:58:18.666   956-1025  libPowerHal             pid-956                              I  [setGPUFreq] final min/max = (15, 0)
2025-12-09 15:58:18.666   956-1025  libPowerHal             pid-956                              I  MTKPOWER_HINT_UX_SCROLLING: set gpu opp level: 15
2025-12-09 15:58:18.666   956-1025  libPowerHal             pid-956                              I  MTKPOWER_HINT_UX_SCROLLING: set gpu opp level max: 0
2025-12-09 15:58:18.671   956-1025  libPowerHal             pid-956                              I  [unsetGPUFreq] current min:15, max:0; scn_gpu_min:15, scn_gpu_max:-1; scn_gpu_min(HL):-1, scn_gpu_max(HL):-1
2025-12-09 15:58:18.671   956-1025  libPowerHal             pid-956                              I  [setGPUFreq] Soft min/max = (15, 0); Hard min/max = (44, 0)
2025-12-09 15:58:18.671   956-1025  libPowerHal             pid-956                              I  [setGPUFreq] final min/max = (15, 0)
2025-12-09 15:58:18.671   956-1025  libPowerHal             pid-956                              I  MTKPOWER_HINT_UX_SCROLLING: set gpu opp level: 15
2025-12-09 15:58:18.671  1565-5247  OomAdjuster             pid-1565                             D  Not killing cached processes
2025-12-09 15:58:18.671   956-1025  libPowerHal             pid-956                              I  MTKPOWER_HINT_UX_SCROLLING: set gpu opp level max: 0
2025-12-09 15:58:18.672  1565-1657  ApplicationHelper       pid-1565                             E  Fail to get PackageManager
2025-12-09 15:58:18.672  1565-1657  ApplicationHelper       pid-1565                             E  Fail to get PackageManager
2025-12-09 15:58:18.673   956-1025  libPowerHal             pid-956                              I  [setGPUFreq] MTKPOWER_HINT_IN_LAUNCHER user set gpu freq min:10, max:-1
2025-12-09 15:58:18.673   956-1025  libPowerHal             pid-956                              I  MTKPOWER_HINT_IN_LAUNCHER: set gpu opp level: 10
2025-12-09 15:58:18.673   956-1025  libPowerHal             pid-956                              I  MTKPOWER_HINT_IN_LAUNCHER: set gpu opp level max: 0
2025-12-09 15:58:18.673   956-1025  libPowerHal             pid-956                              I  [setGPUFreq] Soft min/max = (10, 0); Hard min/max = (44, 0)
2025-12-09 15:58:18.674   956-1025  libPowerHal             pid-956                              I  [setGPUFreq] final min/max = (10, 0)
2025-12-09 15:58:18.674   956-1025  libPowerHal             pid-956                              I  MTKPOWER_HINT_IN_LAUNCHER: set gpu opp level: 10
2025-12-09 15:58:18.674   956-1025  libPowerHal             pid-956                              I  MTKPOWER_HINT_IN_LAUNCHER: set gpu opp level max: 0
2025-12-09 15:58:18.675  1565-1708  mtkpower_client         pid-1565                             I  perf_cus_lock_hint, ret_hdl:1551
2025-12-09 15:58:18.675  1565-1708  PowerHalMgrImpl         pid-1565                             I  hdl:1551, pid:1565 
2025-12-09 15:58:18.675  1565-1708  mtkpower_client         pid-1565                             I  perf_lock_rel, hdl:1551, tid:1708
2025-12-09 15:58:18.676   956-1025  libPowerHal             pid-956                              I  [unsetGPUFreq] current min:10, max:0; scn_gpu_min:10, scn_gpu_max:-1; scn_gpu_min(HL):-1, scn_gpu_max(HL):-1
2025-12-09 15:58:18.676   956-1025  libPowerHal             pid-956                              I  MTKPOWER_HINT_IN_LAUNCHER: set gpu opp level: 15
2025-12-09 15:58:18.676   956-1025  libPowerHal             pid-956                              I  MTKPOWER_HINT_IN_LAUNCHER: set gpu opp level max: 0
2025-12-09 15:58:18.677   956-1025  libPowerHal             pid-956                              I  [setGPUFreq] Soft min/max = (15, 0); Hard min/max = (44, 0)
2025-12-09 15:58:18.677   956-1025  libPowerHal             pid-956                              I  [setGPUFreq] final min/max = (15, 0)
2025-12-09 15:58:18.677   956-1025  libPowerHal             pid-956                              I  MTKPOWER_HINT_IN_LAUNCHER: set gpu opp level: 15
2025-12-09 15:58:18.677   956-1025  libPowerHal             pid-956                              I  MTKPOWER_HINT_IN_LAUNCHER: set gpu opp level max: 0
2025-12-09 15:58:18.677   956-1025  libPowerHal             pid-956                              I  [PD] MTKPOWER_HINT_IN_LAUNCHER update cmd:1404300 param:0
2025-12-09 15:58:18.677   956-1025  libPowerHal             pid-956                              I  [PD] MTKPOWER_HINT_IN_LAUNCHER update cmd:c0c200 param:798
2025-12-09 15:58:18.678   956-974   AppFlingMode            pid-956                              D  [CheckAppFlingHint] 43 com.transsion.XOSLauncher 120
2025-12-09 15:58:18.678   956-974   AppFlingMode            pid-956                              D  [findAppFlingRscListIndex] -1 -1 -1 9 -1 -1 -1 -1
2025-12-09 15:58:18.678   956-974   AppFlingMode            pid-956                              D  match app scn rsc index:9
2025-12-09 15:58:18.678   956-974   mtkpower@impl           pid-956                              I  [libpowerhal_CusLockHint] AppFling RscSize:20
2025-12-09 15:58:18.678   956-974   mtkpower@impl           pid-956                              I  [libpowerhal_CusLockHint] AppFling data:0x00400000, 1800000
2025-12-09 15:58:18.678   956-974   mtkpower@impl           pid-956                              I  [libpowerhal_CusLockHint] AppFling data:0x00400100, 2000000
2025-12-09 15:58:18.678   956-974   mtkpower@impl           pid-956                              I  [libpowerhal_CusLockHint] AppFling data:0x01408300, 100
2025-12-09 15:58:18.678   956-974   mtkpower@impl           pid-956                              I  [libpowerhal_CusLockHint] AppFling data:0x00c00000, 15
2025-12-09 15:58:18.678   956-974   mtkpower@impl           pid-956                              I  [libpowerhal_CusLockHint] AppFling data:0x10000010, 3000000
2025-12-09 15:58:18.678   956-974   mtkpower@impl           pid-956                              I  [libpowerhal_CusLockHint] AppFling data:0x10000011, 3000000
2025-12-09 15:58:18.678   956-974   mtkpower@impl           pid-956                              I  [libpowerhal_CusLockHint] AppFling data:0x01408300, 100
2025-12-09 15:58:18.678   956-974   mtkpower@impl           pid-956                              I  [libpowerhal_CusLockHint] AppFling data:0x01408100, 40
2025-12-09 15:58:18.678   956-974   mtkpower@impl           pid-956                              I  [libpowerhal_CusLockHint] AppFling data:0x02050000, 0
2025-12-09 15:58:18.678   956-974   mtkpower@impl           pid-956                              I  [libpowerhal_CusLockHint] AppFling data:0x0300c000, 15
2025-12-09 15:58:18.678  1565-1906  libtrancpufreqtime      pid-1565                             D  [doPollPsi:227] cpu psi is high, 500ms at 1s window
2025-12-09 15:58:18.678  1565-1829  tranpm/BehaviorManager  pid-1565                             D  onMemPressureChange : level 0
2025-12-09 15:58:18.679   956-1025  libPowerHal             pid-956                              I  [setGPUFreq] MTKPOWER_HINT_UX_SCROLLING user set gpu freq min:15, max:-1
2025-12-09 15:58:18.679   956-1025  libPowerHal             pid-956                              I  MTKPOWER_HINT_UX_SCROLLING: set gpu opp level max: 0
2025-12-09 15:58:18.679   956-1025  libPowerHal             pid-956                              I  [setGPUFreq] Soft min/max = (15, 0); Hard min/max = (44, 0)
2025-12-09 15:58:18.679   956-1025  libPowerHal             pid-956                              I  [setGPUFreq] final min/max = (15, 0)
2025-12-09 15:58:18.679   956-1025  libPowerHal             pid-956                              I  MTKPOWER_HINT_UX_SCROLLING: set gpu opp level: 15
2025-12-09 15:58:18.679   956-1025  libPowerHal             pid-956                              I  MTKPOWER_HINT_UX_SCROLLING: set gpu opp level max: 0
2025-12-09 15:58:18.680   956-1025  libPowerHal             pid-956                              I  [unsetGPUFreq] current min:15, max:0; scn_gpu_min:15, scn_gpu_max:-1; scn_gpu_min(HL):-1, scn_gpu_max(HL):-1
2025-12-09 15:58:18.680   956-1025  libPowerHal             pid-956                              I  [setGPUFreq] Soft min/max = (15, 0); Hard min/max = (44, 0)
2025-12-09 15:58:18.680   956-1025  libPowerHal             pid-956                              I  [setGPUFreq] final min/max = (15, 0)
2025-12-09 15:58:18.680   956-1025  libPowerHal             pid-956                              I  MTKPOWER_HINT_UX_SCROLLING: set gpu opp level: 15
2025-12-09 15:58:18.680   956-1025  libPowerHal             pid-956                              I  MTKPOWER_HINT_UX_SCROLLING: set gpu opp level max: 0
2025-12-09 15:58:18.681   956-1025  libPowerHal             pid-956                              I  [notify_targetFPS_pid] 3832, 0xb400007918621e50
2025-12-09 15:58:18.682 13697-23159 ModuleInitIntentOp      pid-13697                            W  Dropping unexpected action com.google.android.gms.phenotype.COMMITTED
2025-12-09 15:58:18.682   956-1025  libPowerHal             pid-956                              I  [unsetGPUFreq] current min:15, max:0; scn_gpu_min:15, scn_gpu_max:-1; scn_gpu_min(HL):-1, scn_gpu_max(HL):-1
2025-12-09 15:58:18.682   956-1025  libPowerHal             pid-956                              I  [setGPUFreq] Soft min/max = (15, 0); Hard min/max = (44, 0)
2025-12-09 15:58:18.682   956-1025  libPowerHal             pid-956                              I  [setGPUFreq] final min/max = (15, 0)
2025-12-09 15:58:18.682   956-1025  libPowerHal             pid-956                              I  MTKPOWER_HINT_UX_SCROLLING: set gpu opp level: 15
2025-12-09 15:58:18.683   956-1025  libPowerHal             pid-956                              I  MTKPOWER_HINT_UX_SCROLLING: set gpu opp level max: 0
2025-12-09 15:58:18.680  1565-1657  ApplicationHelper       pid-1565                             E  Fail to get PackageManager
2025-12-09 15:58:18.683  1565-1657  ApplicationHelper       pid-1565                             E  Fail to get PackageManager
2025-12-09 15:58:18.684  1565-4652  mtkpower_client         pid-1565                             I  ret_hdl:1553
2025-12-09 15:58:18.684  3576-14988 PowerHalMgrImpl         pid-3576                             I  hdl:1553, pid:3576 
2025-12-09 15:58:18.684  1565-4652  mtkpower_client         pid-1565                             I  perf_lock_rel, hdl:1553, tid:4652
2025-12-09 15:58:18.686 13697-24189 ModuleInitIntentOp      pid-13697                            W  Dropping unexpected action com.google.android.gms.phenotype.COMMITTED
2025-12-09 15:58:18.687  1565-1859  TranCPUBooster          pid-1565                             E  not support msg=3
2025-12-09 15:58:18.687  3576-14988 ScrollPolicy            pid-3576                             I  BOOST_KSWAPD; duration: 0
2025-12-09 15:58:18.687   956-1025  libPowerHal             pid-956                              I  [notify_targetFPS_pid] 3832, 0xb400007918621e50
2025-12-09 15:58:18.687   956-1025  libPowerHal             pid-956                              I  [PD] system_server update ONESHOT cmd:2000200 param:3832
2025-12-09 15:58:18.687  1565-3363  mtkpower_client         pid-1565                             I  perf_lock_acq, hdl:1553, dur:3000, num:6, pid:1565, tid:3363
2025-12-09 15:58:18.688  1565-3363  mtkpower_client         pid-1565                             I  ret_hdl:1554
2025-12-09 15:58:18.688  3576-14988 PowerHalMgrImpl         pid-3576                             I  hdl:1554, pid:3576 
2025-12-09 15:58:18.689  1565-3363  mtkpower_client         pid-1565                             I  perf_lock_rel, hdl:1554, tid:3363
2025-12-09 15:58:18.689   956-1025  libPowerHal             pid-956                              I  [notify_targetFPS_pid] -3832, 0xb400007918621e50
2025-12-09 15:58:18.690   956-1025  libPowerHal             pid-956                              I  [fpsgo_noctrl_render_thread] 3832, 0xb400007918621e50
2025-12-09 15:58:18.690   956-1025  libPowerHal             pid-956                              E  Could not open '/sys/kernel/fpsgo/fstb/set_render_no_ctrl'
2025-12-09 15:58:18.690   956-1025  libPowerHal             pid-956                              E  error : 2, No such file or directory
2025-12-09 15:58:18.690   956-1025  libPowerHal             pid-956                              I  [fpsgo_ctrl_render_thread] -3832, 0xb400007918621e50
2025-12-09 15:58:18.692  1079-1079  FPSGO                   pid-1079                             I  fpsgo_boost_sched_rate_ns:-1
2025-12-09 15:58:18.692  1079-1079  mtkpower_client         pid-1079                             I  perf_lock_rel, hdl:1544, tid:1079
2025-12-09 15:58:18.695 21807-24001 PTCommittedOperation    pid-21807                            I  Receive new configuration for com.google.android.gms.auth_folsom
2025-12-09 15:58:18.696  1565-1657  ApplicationHelper       pid-1565                             E  Fail to get PackageManager
2025-12-09 15:58:18.696   956-1025  libPowerHal             pid-956                              I  [notify_targetFPS_pid] -3832, 0xb400007918621e50
2025-12-09 15:58:18.696   956-1025  libPowerHal             pid-956                              I  [PD] system_server update ONESHOT cmd:2000200 param:-3832
2025-12-09 15:58:18.696   956-1025  libPowerHal             pid-956                              I  [fpsgo_noctrl_render_thread] 3832, 0xb400007918621e50
2025-12-09 15:58:18.696   956-1025  libPowerHal             pid-956                              E  Could not open '/sys/kernel/fpsgo/fstb/set_render_no_ctrl'
2025-12-09 15:58:18.696   956-1025  libPowerHal             pid-956                              E  error : 2, No such file or directory
2025-12-09 15:58:18.696   956-1025  libPowerHal             pid-956                              I  [PD] system_server update ONESHOT cmd:2000400 param:3832
2025-12-09 15:58:18.696   956-1025  libPowerHal             pid-956                              I  [fpsgo_ctrl_render_thread] -3832, 0xb400007918621e50
2025-12-09 15:58:18.696   956-1025  libPowerHal             pid-956                              I  [PD] system_server update ONESHOT cmd:2000300 param:-3832
2025-12-09 15:58:18.697  1079-1079  FPSGO                   pid-1079                             I  perfLockRel hdl:1544
2025-12-09 15:58:18.698 13697-24135 ModuleInitIntentOp      pid-13697                            W  Dropping unexpected action com.google.android.gms.phenotype.COMMITTED
2025-12-09 15:58:18.700 13697-23989 SyncIntentOperation     pid-13697                            I  (REDACTED) Handling the intent: %s.
2025-12-09 15:58:18.701   956-1025  libPowerHal             pid-956                              I  [PD] fpsgo update cmd:1438300, param:1000
2025-12-09 15:58:18.701   956-1025  libPowerHal             pid-956                              I  [PD] fpsgo update cmd:1438400, param:1000
2025-12-09 15:58:18.701   956-1025  libPowerHal             pid-956                              I  [PD] fpsgo update cmd:1438600 param:1000
2025-12-09 15:58:18.702   956-1025  libPowerHal             pid-956                              I  [PD] fpsgo update cmd:1438700 param:1000
2025-12-09 15:58:18.708 13697-23988 MdiSyncModule           pid-13697                            I  flag handling is skipping irrelevant intent.
2025-12-09 15:58:18.711 13697-23989 MlBenchmarkInstaller    pid-13697                            I  (REDACTED) Intent: %s
2025-12-09 15:58:18.712 13697-23989 MlBenchmarkInstaller    pid-13697                            I  (REDACTED) COMMITTED Extra package name: %s
2025-12-09 15:58:18.714 13697-23469 ModuleInitIntentOp      pid-13697                            W  Dropping unexpected action com.google.android.gms.phenotype.COMMITTED
2025-12-09 15:58:18.717  1565-1705  ActivityManager         pid-1565                             D  TaskProcess diedRecentApp info=ApplicationExitInfo(timestamp=12/9/25, 3:57PM pid=22012 realUid=10287 packageUid=10287 definingUid=10287 user=0 process=com.cdccreditsmart.app reason=4 (APP CRASH(EXCEPTION)) subreason=0 (UNKNOWN) status=0 recentTaskInfo=1 adj=-10000 procState=NONE swapPss=0.00 importance=100 pss=0.00 rss=0.00 description=crash state=empty trace=null
2025-12-09 15:58:18.722 13697-23463 ModuleInitIntentOp      pid-13697                            W  Dropping unexpected action com.google.android.gms.phenotype.COMMITTED
2025-12-09 15:58:18.723 13697-23988 LocationHistory         pid-13697                            I  (REDACTED) [IntentOperation] Handling action %s
2025-12-09 15:58:18.726  1565-1657  ApplicationHelper       pid-1565                             E  Fail to get PackageManager
2025-12-09 15:58:18.726  1565-1657  ApplicationHelper       pid-1565                             E  Fail to get PackageManager
2025-12-09 15:58:18.730 13697-23469 GmsSyncPolicyEngine     pid-13697                            I  (REDACTED) Periodic sync %d disabled by policy, cancelled.
2025-12-09 15:58:18.732 13697-24135 SystemUpdate            pid-13697                            I  [Installation,ReceiverIntentOperation] System update management not enabled in this context. Ignoring intent: Intent { act=com.google.android.gms.phenotype.COMMITTED pkg=com.google.android.gms cmp=com.google.android.gms/.chimera.GmsIntentOperationService (has extras) }
2025-12-09 15:58:18.732  1565-1657  ApplicationHelper       pid-1565                             E  Fail to get PackageManager
2025-12-09 15:58:18.733  1565-1657  ApplicationHelper       pid-1565                             E  Fail to get PackageManager
2025-12-09 15:58:18.737 13697-23469 GmsSyncPolicyEngine     pid-13697                            I  (REDACTED) Periodic sync %d disabled by policy, cancelled.
2025-12-09 15:58:18.740 13697-23469 GmsSyncPolicyEngine     pid-13697                            I  (REDACTED) Periodic sync %d disabled by policy, cancelled.
2025-12-09 15:58:18.750  1565-1657  ApplicationHelper       pid-1565                             E  Fail to get PackageManager
2025-12-09 15:58:18.750  1565-1657  ApplicationHelper       pid-1565                             E  Fail to get PackageManager
2025-12-09 15:58:18.754  1565-1657  ApplicationHelper       pid-1565                             E  Fail to get PackageManager
2025-12-09 15:58:18.754  1565-1657  ApplicationHelper       pid-1565                             E  Fail to get PackageManager
2025-12-09 15:58:18.757  1565-1657  ApplicationHelper       pid-1565                             E  Fail to get PackageManager
2025-12-09 15:58:18.759 13697-15741 Auth.Api.Credentials    pid-13697                            I  [WebauthnCredentialDataClient#subscribe()] Operation started. [CONTEXT service_id=68 ]
2025-12-09 15:58:18.760 21807-23093 PTCommittedOperation    pid-21807                            I  Receive new configuration for com.google.android.gms.trustagent
2025-12-09 15:58:18.761 13697-24187 ModuleInitIntentOp      pid-13697                            W  Dropping unexpected action com.google.android.gms.phenotype.COMMITTED
2025-12-09 15:58:18.762 13697-23463 ModuleInitIntentOp      pid-13697                            W  Dropping unexpected action com.google.android.gms.phenotype.COMMITTED
2025-12-09 15:58:18.766 13697-24136 ModuleInitIntentOp      pid-13697                            W  Dropping unexpected action com.google.android.gms.phenotype.COMMITTED
2025-12-09 15:58:18.770 13697-23990 SyncIntentOperation     pid-13697                            I  (REDACTED) Handling the intent: %s.
2025-12-09 15:58:18.770  1565-1705  PhoneCloneServiceFinder pid-1565                             D  getTargetPackage() userId=0, services=[]
2025-12-09 15:58:18.775 13697-23463 MdiSyncModule           pid-13697                            I  flag handling is skipping irrelevant intent.
2025-12-09 15:58:18.776 13697-24136 MlBenchmarkInstaller    pid-13697                            I  (REDACTED) Intent: %s
2025-12-09 15:58:18.776 13697-24136 MlBenchmarkInstaller    pid-13697                            I  (REDACTED) COMMITTED Extra package name: %s
2025-12-09 15:58:18.779 13697-23988 ModuleInitIntentOp      pid-13697                            W  Dropping unexpected action com.google.android.gms.phenotype.COMMITTED
2025-12-09 15:58:18.782 13697-23463 ModuleInitIntentOp      pid-13697                            W  Dropping unexpected action com.google.android.gms.phenotype.COMMITTED
2025-12-09 15:58:18.784 13697-24135 GmsSyncPolicyEngine     pid-13697                            I  (REDACTED) Periodic sync %d disabled by policy, cancelled.
2025-12-09 15:58:18.786 13697-24135 GmsSyncPolicyEngine     pid-13697                            I  (REDACTED) Periodic sync %d disabled by policy, cancelled.
2025-12-09 15:58:18.787  1565-1657  ApplicationHelper       pid-1565                             E  Fail to get PackageManager
2025-12-09 15:58:18.788 13697-23159 LocationHistory         pid-13697                            I  (REDACTED) [IntentOperation] Handling action %s
2025-12-09 15:58:18.792 13697-24136 SystemUpdate            pid-13697                            I  [Installation,ReceiverIntentOperation] System update management not enabled in this context. Ignoring intent: Intent { act=com.google.android.gms.phenotype.COMMITTED pkg=com.google.android.gms cmp=com.google.android.gms/.chimera.GmsIntentOperationService (has extras) }
2025-12-09 15:58:18.799 13697-24135 GmsSyncPolicyEngine     pid-13697                            I  (REDACTED) Periodic sync %d disabled by policy, cancelled.
2025-12-09 15:58:18.807  1565-1657  ApplicationHelper       pid-1565                             E  Fail to get PackageManager
2025-12-09 15:58:18.812 13697-20452 Auth.Api.Credentials    pid-13697                            I  (REDACTED) [WebauthnCredentialDataClient#subscribe()] Operation succeeded with result: %s.
2025-12-09 15:58:18.818  1565-1657  ApplicationHelper       pid-1565                             E  Fail to get PackageManager
2025-12-09 15:58:18.828  1565-1705  PhoneCloneServiceFinder pid-1565                             D  getTargetPackage() userId=0, services=[]
2025-12-09 15:58:18.828  1565-1657  ApplicationHelper       pid-1565                             E  Fail to get PackageManager
2025-12-09 15:58:18.835  1565-1657  ApplicationHelper       pid-1565                             E  Fail to get PackageManager
2025-12-09 15:58:18.846  1565-2951  TranWifiSm...Controller pid-1565                             I  start current network monitor 
2025-12-09 15:58:18.847  1565-1657  ApplicationHelper       pid-1565                             E  Fail to get PackageManager
2025-12-09 15:58:18.849  1565-2951  TranWifiSm...Controller pid-1565                             I  userIgnored :false isScoredCurrentNetwork :true
2025-12-09 15:58:18.849  1565-2951  TranWifiSm...Controller pid-1565                             I  mCurrentNetwork :100 SSID :"Orion B_5G"
2025-12-09 15:58:18.851  1565-2951  WifiNetworkQuality      pid-1565                             I  current rssi is sufficient
2025-12-09 15:58:18.852  1565-2951  TranWifiSm...Controller pid-1565                             I  mNoCandidateCount : 14
2025-12-09 15:58:18.852  1565-2951  TranWifiSm...Controller pid-1565                             I  ====>>rssi :-59
2025-12-09 15:58:18.852  1565-2951  WifiNetworkQuality      pid-1565                             I  tput greater than NO_INTERNET_TRAFFIC
2025-12-09 15:58:18.870  1565-1657  ApplicationHelper       pid-1565                             E  Fail to get PackageManager
2025-12-09 15:58:18.884  1565-1705  PhoneCloneServiceFinder pid-1565                             D  getTargetPackage() userId=0, services=[]
2025-12-09 15:58:18.885  1565-1823  BroadcastQueue          pid-1565                             D  Hiber/broadcast restricted queue.uid=10277 action=BroadcastRecord{1651c3c com.alibaba.analytics.config.change/u0}
2025-12-09 15:58:18.886  1565-1823  BroadcastQueue          pid-1565                             D  Hiber/broadcast restricted queue.uid=10277 action=BroadcastRecord{12e7bb3 com.alibaba.analytics.config.change/u0}
2025-12-09 15:58:18.886  1565-1823  BroadcastQueue          pid-1565                             D  Hiber/broadcast restricted queue.uid=10277 action=BroadcastRecord{e691bcd com.alibaba.analytics.config.change/u0}
2025-12-09 15:58:18.886  1565-1823  BroadcastQueue          pid-1565                             D  Hiber/broadcast restricted queue.uid=10277 action=BroadcastRecord{1651c3c com.alibaba.analytics.config.change/u0}
2025-12-09 15:58:18.886  1565-1823  BroadcastQueue          pid-1565                             D  Hiber/broadcast restricted queue.uid=10277 action=BroadcastRecord{12e7bb3 com.alibaba.analytics.config.change/u0}
2025-12-09 15:58:18.886  1565-1823  BroadcastQueue          pid-1565                             D  Hiber/broadcast restricted queue.uid=10277 action=BroadcastRecord{e691bcd com.alibaba.analytics.config.change/u0}
2025-12-09 15:58:18.887  1565-1657  ApplicationHelper       pid-1565                             E  Fail to get PackageManager
2025-12-09 15:58:18.928  1565-1705  PhoneCloneServiceFinder pid-1565                             D  getTargetPackage() userId=0, services=[]
2025-12-09 15:58:18.934  1022-1022  BufferQueueProducer     pid-1022                             I  [com.transsion.XOSLauncher/com.android.launcher3.uioverrides.QuickstepLauncher#1040](this:0xb400007b7ab5c0a8,id:-1,api:0,p:-1,c:1022) queueBuffer: fps=109.77 dur=1002.07 max=75.29 min=8.11
2025-12-09 15:58:18.934  1565-1657  ApplicationHelper       pid-1565                             E  Fail to get PackageManager
2025-12-09 15:58:18.934  1565-1657  ApplicationHelper       pid-1565                             E  Fail to get PackageManager
2025-12-09 15:58:18.937  1565-1657  ApplicationHelper       pid-1565                             E  Fail to get PackageManager
2025-12-09 15:58:18.946  1565-1657  ApplicationHelper       pid-1565                             E  Fail to get PackageManager
2025-12-09 15:58:19.004  1565-1657  ApplicationHelper       pid-1565                             E  Fail to get PackageManager
2025-12-09 15:58:19.004  1565-1657  ApplicationHelper       pid-1565                             E  Fail to get PackageManager
2025-12-09 15:58:19.012 13697-23469 ModuleInitIntentOp      pid-13697                            W  Dropping unexpected action com.google.android.gms.phenotype.COMMITTED
2025-12-09 15:58:19.016 13697-23463 ModuleInitIntentOp      pid-13697                            W  Dropping unexpected action com.google.android.gms.phenotype.COMMITTED
2025-12-09 15:58:19.017 13697-23463 SyncIntentOperation     pid-13697                            I  (REDACTED) Handling the intent: %s.
2025-12-09 15:58:19.020 13697-23159 ModuleInitIntentOp      pid-13697                            W  Dropping unexpected action com.google.android.gms.phenotype.COMMITTED
2025-12-09 15:58:19.021  1565-1657  ApplicationHelper       pid-1565                             E  Fail to get PackageManager
2025-12-09 15:58:19.028 13697-23988 MdiSyncModule           pid-13697                            I  flag handling is skipping irrelevant intent.
2025-12-09 15:58:19.029 13697-23466 MlBenchmarkInstaller    pid-13697                            I  (REDACTED) Intent: %s
2025-12-09 15:58:19.029 13697-23466 MlBenchmarkInstaller    pid-13697                            I  (REDACTED) COMMITTED Extra package name: %s
2025-12-09 15:58:19.029 13697-24136 ModuleInitIntentOp      pid-13697                            W  Dropping unexpected action com.google.android.gms.phenotype.COMMITTED
2025-12-09 15:58:19.031 13697-23466 ModuleInitIntentOp      pid-13697                            W  Dropping unexpected action com.google.android.gms.phenotype.COMMITTED
2025-12-09 15:58:19.034 13697-23988 LocationHistory         pid-13697                            I  (REDACTED) [IntentOperation] Handling action %s
2025-12-09 15:58:19.038 13697-23989 GmsSyncPolicyEngine     pid-13697                            I  (REDACTED) Periodic sync %d disabled by policy, cancelled.
2025-12-09 15:58:19.039 13697-23988 SystemUpdate            pid-13697                            I  [Installation,ReceiverIntentOperation] System update management not enabled in this context. Ignoring intent: Intent { act=com.google.android.gms.phenotype.COMMITTED pkg=com.google.android.gms cmp=com.google.android.gms/.chimera.GmsIntentOperationService (has extras) }
2025-12-09 15:58:19.040 21807-23093 PTCommittedOperation    pid-21807                            I  Receive new configuration for com.google.android.gms.trustlet_onbody
2025-12-09 15:58:19.041 13697-23989 GmsSyncPolicyEngine     pid-13697                            I  (REDACTED) Periodic sync %d disabled by policy, cancelled.
2025-12-09 15:58:19.043 13697-23989 GmsSyncPolicyEngine     pid-13697                            I  (REDACTED) Periodic sync %d disabled by policy, cancelled.
2025-12-09 15:58:19.063  1565-1657  ApplicationHelper       pid-1565                             E  Fail to get PackageManager
2025-12-09 15:58:19.063  1565-1657  ApplicationHelper       pid-1565                             E  Fail to get PackageManager
2025-12-09 15:58:19.064  1565-1657  ApplicationHelper       pid-1565                             E  Fail to get PackageManager
2025-12-09 15:58:19.066   956-1025  mtkpower@impl           pid-956                              I  [powerd_req] TIMER_MSG_PERF_LOCK_TIMEOUT hdl:1548
2025-12-09 15:58:19.066   956-997   libPerfCtl              pid-956                              I  xgfGetFPS pid:3576 fps:109
2025-12-09 15:58:19.066   956-997   AppThermalMode          pid-956                              I  [perfNotifyThermalState] hdl:0
2025-12-09 15:58:19.066   956-997   AppThermalMode          pid-956                              I  [findAppThermalIdx] Fail: appThermalModeEnable: 0,currentFPS: 120,fg->pid:3576
2025-12-09 15:58:19.066   956-997   AppThermalMode          pid-956                              I  [perfNotifyThermalState] appThermalIdx -1:
2025-12-09 15:58:19.066   956-997   libPerfCtl              pid-956                              I  xgfGetFPS pid:4180 fps:-1
2025-12-09 15:58:19.066   956-997   AppThermalMode          pid-956                              I  [perfNotifyThermalState] hdl:0
2025-12-09 15:58:19.066   956-997   AppThermalMode          pid-956                              I  [findAppThermalIdx] Fail: appThermalModeEnable: 0,currentFPS: 120,fg->pid:3576
2025-12-09 15:58:19.066   956-997   AppThermalMode          pid-956                              I  [perfNotifyThermalState] appThermalIdx -1:
2025-12-09 15:58:19.066   956-997   libPerfCtl              pid-956                              I  xgfGetFPS pid:22223 fps:-1
2025-12-09 15:58:19.066   956-997   AppThermalMode          pid-956                              I  [perfNotifyThermalState] hdl:0
2025-12-09 15:58:19.066   956-997   AppThermalMode          pid-956                              I  [findAppThermalIdx] Fail: appThermalModeEnable: 0,currentFPS: 120,fg->pid:3576
2025-12-09 15:58:19.066   956-997   AppThermalMode          pid-956                              I  [perfNotifyThermalState] appThermalIdx -1:
2025-12-09 15:58:19.068   956-1025  libPowerHal             pid-956                              I  [setClusterHardFreq] INTERACTION: hard userlimit set cpu freq: -1 1500000 -1 1500000
2025-12-09 15:58:19.072   956-1025  libPowerHal             pid-956                              I  [setClusterFreq] INTERACTION: sysfs_freq set cpu freq: 1500000 1500000 1500000 1500000 
2025-12-09 15:58:19.072   956-1025  libPowerHal             pid-956                              I  [unsetGPUFreq] current min:15, max:0; scn_gpu_min:15, scn_gpu_max:-1; scn_gpu_min(HL):-1, scn_gpu_max(HL):-1
2025-12-09 15:58:19.072   956-1025  libPowerHal             pid-956                              I  INTERACTION: set gpu opp level: 44
2025-12-09 15:58:19.073   956-1025  libPowerHal             pid-956                              I  INTERACTION: set gpu opp level max: 0
2025-12-09 15:58:19.074   956-1025  libPowerHal             pid-956                              I  [setGPUFreq] Soft min/max = (44, 0); Hard min/max = (44, 0)
2025-12-09 15:58:19.077   956-1025  libPowerHal             pid-956                              I  [setGPUFreq] final min/max = (44, 0)
2025-12-09 15:58:19.079   956-1025  libPowerHal             pid-956                              I  INTERACTION: set gpu opp level: 44
2025-12-09 15:58:19.080   956-1025  libPowerHal             pid-956                              I  INTERACTION: set gpu opp level max: 0
2025-12-09 15:58:19.080   956-1025  libPowerHal             pid-956                              I  [PD] INTERACTION update cmd:1408300 param:60
2025-12-09 15:58:19.081   956-1025  libPowerHal             pid-956                              I  [PD] INTERACTION update cmd:2050000 param:1
2025-12-09 15:58:19.083  1565-1705  AppPredict...serService pid-1565                             E  Bad service name: com.google.android.as/com.google.android.apps.miphone.aiai.app.AiAiPredictionService
2025-12-09 15:58:19.106  1565-1657  ApplicationHelper       pid-1565                             E  Fail to get PackageManager
