2026-02-06 14:00:59.115  1458-1893  AppProtectionManager    com.cdccreditsmart.app               I  ========================================
2026-02-06 14:00:59.115  1458-1893  CDCApplication          com.cdccreditsmart.app               I     VerificaÃ§Ã£o: {uninstall_blocked=true, force_stop_blocked=false, factory_reset_blocked=true, is_device_owner=true}
2026-02-06 14:00:59.115  1458-1893  CDCApplication          com.cdccreditsmart.app               I  
2026-02-06 14:00:59.115  1458-1893  CDCApplication          com.cdccreditsmart.app               I  ğŸ” Executando diagnÃ³stico completo...
2026-02-06 14:00:59.116  1458-1893  ProtectionDiagnostics   com.cdccreditsmart.app               W  
2026-02-06 14:00:59.116  1458-1893  ProtectionDiagnostics   com.cdccreditsmart.app               W  â•”â•â•â•â•â•â•â•â•â•â•â•â•â•â•â•â•â•â•â•â•â•â•â•â•â•â•â•â•â•â•â•â•â•â•â•â•â•â•â•â•â•â•â•â•â•â•â•â•â•â•â•â•â•â•â•â•â•â•â•â•â•—
2026-02-06 14:00:59.116  1458-1893  ProtectionDiagnostics   com.cdccreditsmart.app               W  â•‘         DIAGNÃ“STICO COMPLETO DE PROTEÃ‡Ã•ES                 â•‘
2026-02-06 14:00:59.116  1458-1893  ProtectionDiagnostics   com.cdccreditsmart.app               W  â•šâ•â•â•â•â•â•â•â•â•â•â•â•â•â•â•â•â•â•â•â•â•â•â•â•â•â•â•â•â•â•â•â•â•â•â•â•â•â•â•â•â•â•â•â•â•â•â•â•â•â•â•â•â•â•â•â•â•â•â•â•â•
2026-02-06 14:00:59.116  1458-1893  ProtectionDiagnostics   com.cdccreditsmart.app               W  
2026-02-06 14:00:59.117  1458-1893  ProtectionDiagnostics   com.cdccreditsmart.app               W  â•â•â•â•â•â•â•â•â•â•â•â•â•â•â•â•â•â•â•â•â•â•â•â•â•â•â•â•â•â•â•â•â•â•â•â•â•â•â•â•â•â•â•â•â•â•â•â•â•â•â•â•â•â•â•â•â•â•â•
2026-02-06 14:00:59.117  1458-1893  ProtectionDiagnostics   com.cdccreditsmart.app               W  1. STATUS DEVICE OWNER
2026-02-06 14:00:59.117  1458-1893  ProtectionDiagnostics   com.cdccreditsmart.app               W  â•â•â•â•â•â•â•â•â•â•â•â•â•â•â•â•â•â•â•â•â•â•â•â•â•â•â•â•â•â•â•â•â•â•â•â•â•â•â•â•â•â•â•â•â•â•â•â•â•â•â•â•â•â•â•â•â•â•â•
2026-02-06 14:00:59.117  1458-1893  ProtectionDiagnostics   com.cdccreditsmart.app               W  âœ… Ã‰ DEVICE OWNER
2026-02-06 14:00:59.118  1458-1893  ProtectionDiagnostics   com.cdccreditsmart.app               W  Package Name: com.cdccreditsmart.app
2026-02-06 14:00:59.118  1458-1893  ProtectionDiagnostics   com.cdccreditsmart.app               W  Admin Component: com.cdccreditsmart.app.device.CdcDeviceAdminReceiver
2026-02-06 14:00:59.118  1458-1893  ProtectionDiagnostics   com.cdccreditsmart.app               W  
2026-02-06 14:00:59.118  1458-1893  ProtectionDiagnostics   com.cdccreditsmart.app               W  â•â•â•â•â•â•â•â•â•â•â•â•â•â•â•â•â•â•â•â•â•â•â•â•â•â•â•â•â•â•â•â•â•â•â•â•â•â•â•â•â•â•â•â•â•â•â•â•â•â•â•â•â•â•â•â•â•â•â•
2026-02-06 14:00:59.119  1458-1893  ProtectionDiagnostics   com.cdccreditsmart.app               W  2. ADMIN STATUS
2026-02-06 14:00:59.119  1458-1893  ProtectionDiagnostics   com.cdccreditsmart.app               W  â•â•â•â•â•â•â•â•â•â•â•â•â•â•â•â•â•â•â•â•â•â•â•â•â•â•â•â•â•â•â•â•â•â•â•â•â•â•â•â•â•â•â•â•â•â•â•â•â•â•â•â•â•â•â•â•â•â•â•
2026-02-06 14:00:59.119  1458-1893  ProtectionDiagnostics   com.cdccreditsmart.app               W  âŒ Admin INATIVO
2026-02-06 14:00:59.119  1458-1893  ProtectionDiagnostics   com.cdccreditsmart.app               W  
2026-02-06 14:00:59.120  1458-1893  PolicyHelper            com.cdccreditsmart.app               W  getUserRestrictions failed: null
2026-02-06 14:00:59.120  1458-1893  ProtectionDiagnostics   com.cdccreditsmart.app               W  â•â•â•â•â•â•â•â•â•â•â•â•â•â•â•â•â•â•â•â•â•â•â•â•â•â•â•â•â•â•â•â•â•â•â•â•â•â•â•â•â•â•â•â•â•â•â•â•â•â•â•â•â•â•â•â•â•â•â•
2026-02-06 14:00:59.120  1458-1893  ProtectionDiagnostics   com.cdccreditsmart.app               W  3. FACTORY RESET STATUS
2026-02-06 14:00:59.120  1458-1893  ProtectionDiagnostics   com.cdccreditsmart.app               W  â•â•â•â•â•â•â•â•â•â•â•â•â•â•â•â•â•â•â•â•â•â•â•â•â•â•â•â•â•â•â•â•â•â•â•â•â•â•â•â•â•â•â•â•â•â•â•â•â•â•â•â•â•â•â•â•â•â•â•
2026-02-06 14:00:59.120  1458-1893  ProtectionDiagnostics   com.cdccreditsmart.app               W  âŒ FACTORY RESET NÃƒO BLOQUEADO
2026-02-06 14:00:59.120  1458-1893  ProtectionDiagnostics   com.cdccreditsmart.app               E  
2026-02-06 14:00:59.121  1458-1893  ProtectionDiagnostics   com.cdccreditsmart.app               E  âš ï¸  CRÃTICO: DISALLOW_FACTORY_RESET NÃƒO FOI APLICADO!
2026-02-06 14:00:59.121  1458-1893  ProtectionDiagnostics   com.cdccreditsmart.app               E     UsuÃ¡rio PODE resetar via Settings
2026-02-06 14:00:59.121  1458-1893  ProtectionDiagnostics   com.cdccreditsmart.app               E  
2026-02-06 14:00:59.121  1458-1893  ProtectionDiagnostics   com.cdccreditsmart.app               W  
2026-02-06 14:00:59.121  1458-1893  ProtectionDiagnostics   com.cdccreditsmart.app               W  â•â•â•â•â•â•â•â•â•â•â•â•â•â•â•â•â•â•â•â•â•â•â•â•â•â•â•â•â•â•â•â•â•â•â•â•â•â•â•â•â•â•â•â•â•â•â•â•â•â•â•â•â•â•â•â•â•â•â•
2026-02-06 14:00:59.121  1458-1893  ProtectionDiagnostics   com.cdccreditsmart.app               W  4. OUTRAS PROTEÃ‡Ã•ES
2026-02-06 14:00:59.121  1458-1893  ProtectionDiagnostics   com.cdccreditsmart.app               W  â•â•â•â•â•â•â•â•â•â•â•â•â•â•â•â•â•â•â•â•â•â•â•â•â•â•â•â•â•â•â•â•â•â•â•â•â•â•â•â•â•â•â•â•â•â•â•â•â•â•â•â•â•â•â•â•â•â•â•
2026-02-06 14:00:59.122  1458-1893  PolicyHelper            com.cdccreditsmart.app               W  getUserRestrictions failed: null
2026-02-06 14:00:59.122  1458-1893  ProtectionDiagnostics   com.cdccreditsmart.app               W  
2026-02-06 14:00:59.122  1458-1893  ProtectionDiagnostics   com.cdccreditsmart.app               W  â•â•â•â•â•â•â•â•â•â•â•â•â•â•â•â•â•â•â•â•â•â•â•â•â•â•â•â•â•â•â•â•â•â•â•â•â•â•â•â•â•â•â•â•â•â•â•â•â•â•â•â•â•â•â•â•â•â•â•
2026-02-06 14:00:59.122  1458-1893  ProtectionDiagnostics   com.cdccreditsmart.app               W  5. RESUMO
2026-02-06 14:00:59.122  1458-1893  ProtectionDiagnostics   com.cdccreditsmart.app               W  â•â•â•â•â•â•â•â•â•â•â•â•â•â•â•â•â•â•â•â•â•â•â•â•â•â•â•â•â•â•â•â•â•â•â•â•â•â•â•â•â•â•â•â•â•â•â•â•â•â•â•â•â•â•â•â•â•â•â•
2026-02-06 14:00:59.122  1458-1893  ProtectionDiagnostics   com.cdccreditsmart.app               W  Device Owner: âœ… SIM
2026-02-06 14:00:59.122  1458-1893  ProtectionDiagnostics   com.cdccreditsmart.app               W  Admin Ativo: âŒ NÃƒO
2026-02-06 14:00:59.122  1458-1893  ProtectionDiagnostics   com.cdccreditsmart.app               W  Factory Reset Bloqueado: âŒ NÃƒO
2026-02-06 14:00:59.122  1458-1893  ProtectionDiagnostics   com.cdccreditsmart.app               W  ProteÃ§Ãµes Ativas: 0/0
2026-02-06 14:00:59.122  1458-1893  ProtectionDiagnostics   com.cdccreditsmart.app               W  
2026-02-06 14:00:59.122  1458-1893  ProtectionDiagnostics   com.cdccreditsmart.app               E  â•”â•â•â•â•â•â•â•â•â•â•â•â•â•â•â•â•â•â•â•â•â•â•â•â•â•â•â•â•â•â•â•â•â•â•â•â•â•â•â•â•â•â•â•â•â•â•â•â•â•â•â•â•â•â•â•â•â•â•â•â•â•—
2026-02-06 14:00:59.122  1458-1893  ProtectionDiagnostics   com.cdccreditsmart.app               E  â•‘  âš ï¸  ATENÃ‡ÃƒO: PROTEÃ‡Ã•ES NÃƒO APLICADAS!                    â•‘
2026-02-06 14:00:59.122  1458-1893  ProtectionDiagnostics   com.cdccreditsmart.app               E  â•‘                                                            â•‘
2026-02-06 14:00:59.122  1458-1893  ProtectionDiagnostics   com.cdccreditsmart.app               E  â•‘  App Ã‰ Device Owner mas proteÃ§Ãµes NÃƒO foram aplicadas.     â•‘
2026-02-06 14:00:59.122  1458-1893  ProtectionDiagnostics   com.cdccreditsmart.app               E  â•‘  AppProtectionManager.applyMaximumProtection() NÃƒO rodou! â•‘
2026-02-06 14:00:59.122  1458-1893  ProtectionDiagnostics   com.cdccreditsmart.app               E  â•‘                                                            â•‘
2026-02-06 14:00:59.122  1458-1893  ProtectionDiagnostics   com.cdccreditsmart.app               E  â•‘  VERIFIQUE:                                                â•‘
2026-02-06 14:00:59.122  1458-1893  ProtectionDiagnostics   com.cdccreditsmart.app               E  â•‘  - CDCApplication.onCreate() rodou?                        â•‘
2026-02-06 14:00:59.122  1458-1893  ProtectionDiagnostics   com.cdccreditsmart.app               E  â•‘  - Houve algum erro durante aplicaÃ§Ã£o?                    â•‘
2026-02-06 14:00:59.122  1458-1893  ProtectionDiagnostics   com.cdccreditsmart.app               E  â•‘  - Reinicie o app para reaplica as proteÃ§Ãµes              â•‘
2026-02-06 14:00:59.122  1458-1893  ProtectionDiagnostics   com.cdccreditsmart.app               E  â•šâ•â•â•â•â•â•â•â•â•â•â•â•â•â•â•â•â•â•â•â•â•â•â•â•â•â•â•â•â•â•â•â•â•â•â•â•â•â•â•â•â•â•â•â•â•â•â•â•â•â•â•â•â•â•â•â•â•â•â•â•â•
2026-02-06 14:00:59.122  1458-1893  ProtectionDiagnostics   com.cdccreditsmart.app               W  
2026-02-06 14:00:59.123  1458-1893  ProtectionDiagnostics   com.cdccreditsmart.app               W  â•”â•â•â•â•â•â•â•â•â•â•â•â•â•â•â•â•â•â•â•â•â•â•â•â•â•â•â•â•â•â•â•â•â•â•â•â•â•â•â•â•â•â•â•â•â•â•â•â•â•â•â•â•â•â•â•â•â•â•â•â•â•—
2026-02-06 14:00:59.123  1458-1893  ProtectionDiagnostics   com.cdccreditsmart.app               W  â•‘         FIM DO DIAGNÃ“STICO                                 â•‘
2026-02-06 14:00:59.123  1458-1893  ProtectionDiagnostics   com.cdccreditsmart.app               W  â•šâ•â•â•â•â•â•â•â•â•â•â•â•â•â•â•â•â•â•â•â•â•â•â•â•â•â•â•â•â•â•â•â•â•â•â•â•â•â•â•â•â•â•â•â•â•â•â•â•â•â•â•â•â•â•â•â•â•â•â•â•â•
2026-02-06 14:00:59.123  1458-1893  ProtectionDiagnostics   com.cdccreditsmart.app               W  
2026-02-06 14:00:59.123  1458-1893  CDCApplication          com.cdccreditsmart.app               E  âš ï¸ ISSUES CRÃTICOS ENCONTRADOS:
2026-02-06 14:00:59.123  1458-1893  CDCApplication          com.cdccreditsmart.app               E     - PROTEÃ‡Ã•ES NÃƒO APLICADAS
2026-02-06 14:00:59.125  1458-1893  KnoxEnhancedProtections com.cdccreditsmart.app               I  
2026-02-06 14:00:59.125  1458-1893  KnoxEnhancedProtections com.cdccreditsmart.app               I  â•”â•â•â•â•â•â•â•â•â•â•â•â•â•â•â•â•â•â•â•â•â•â•â•â•â•â•â•â•â•â•â•â•â•â•â•â•â•â•â•â•â•â•â•â•â•â•â•â•â•â•â•â•â•â•â•â•â•â•â•â•—
2026-02-06 14:00:59.125  1458-1893  KnoxEnhancedProtections com.cdccreditsmart.app               I  â•‘   ğŸ›¡ï¸ KNOX ENHANCED PROTECTIONS - INICIANDO             â•‘
2026-02-06 14:00:59.125  1458-1893  KnoxEnhancedProtections com.cdccreditsmart.app               I  â•šâ•â•â•â•â•â•â•â•â•â•â•â•â•â•â•â•â•â•â•â•â•â•â•â•â•â•â•â•â•â•â•â•â•â•â•â•â•â•â•â•â•â•â•â•â•â•â•â•â•â•â•â•â•â•â•â•â•â•â•â•
2026-02-06 14:00:59.125  1458-1893  KnoxEnhancedProtections com.cdccreditsmart.app               W  âŒ Dispositivo NÃƒO Ã© Samsung Knox
2026-02-06 14:00:59.125  1458-1893  KnoxEnhancedProtections com.cdccreditsmart.app               W     ProteÃ§Ãµes Knox Enhanced NÃƒO disponÃ­veis
2026-02-06 14:00:59.125  1458-1893  KnoxEnhancedProtections com.cdccreditsmart.app               W     Usando apenas proteÃ§Ãµes Android Device Owner padrÃ£o
2026-02-06 14:00:59.125  1458-1893  CDCApplication          com.cdccreditsmart.app               I  â•šâ•â•â•â•â•â•â•â•â•â•â•â•â•â•â•â•â•â•â•â•â•â•â•â•â•â•â•â•â•â•â•â•â•â•â•â•â•â•â•â•â•â•â•â•â•â•â•â•â•â•â•â•â•â•â•â•â•â•â•â•â•
2026-02-06 14:00:59.125  1458-1893  CDCApplication          com.cdccreditsmart.app               I  
2026-02-06 14:00:59.128  1458-1987  CDCApplication          com.cdccreditsmart.app               I  ğŸ‘¤ Verificando Managed Secondary User...
2026-02-06 14:00:59.128  1458-1893  TamperDetection         com.cdccreditsmart.app               I  ========================================
2026-02-06 14:00:59.129  1458-1893  TamperDetection         com.cdccreditsmart.app               I  ğŸ” VERIFICANDO INTEGRIDADE DO DISPOSITIVO
2026-02-06 14:00:59.129  1458-1893  TamperDetection         com.cdccreditsmart.app               I  ========================================
2026-02-06 14:00:59.131  1458-1893  TamperDetection         com.cdccreditsmart.app               I  âœ… Primeira instalaÃ§Ã£o detectada
2026-02-06 14:00:59.131  1458-1893  TamperDetection         com.cdccreditsmart.app               I     Token e deviceId nÃ£o existem - app nunca foi pareado
2026-02-06 14:00:59.131  1458-1893  TamperDetection         com.cdccreditsmart.app               I  ========================================
2026-02-06 14:00:59.136  1458-1893  TamperDetection         com.cdccreditsmart.app               I  
2026-02-06 14:00:59.136  1458-1893  TamperDetection         com.cdccreditsmart.app               I  â•”â•â•â•â•â•â•â•â•â•â•â•â•â•â•â•â•â•â•â•â•â•â•â•â•â•â•â•â•â•â•â•â•â•â•â•â•â•â•â•â•â•â•â•â•â•â•â•â•â•â•â•â•â•â•â•â•â•—
2026-02-06 14:00:59.136  1458-1893  TamperDetection         com.cdccreditsmart.app               I  â•‘    ğŸ“¡ BOOT REPORT ADIADO - AGUARDANDO PAREAMENTO      â•‘
2026-02-06 14:00:59.136  1458-1893  TamperDetection         com.cdccreditsmart.app               I  â• â•â•â•â•â•â•â•â•â•â•â•â•â•â•â•â•â•â•â•â•â•â•â•â•â•â•â•â•â•â•â•â•â•â•â•â•â•â•â•â•â•â•â•â•â•â•â•â•â•â•â•â•â•â•â•â•â•£
2026-02-06 14:00:59.136  1458-1893  TamperDetection         com.cdccreditsmart.app               I  â•‘  â³ Device ainda nÃ£o pareado com contrato              â•‘
2026-02-06 14:00:59.136  1458-1893  TamperDetection         com.cdccreditsmart.app               I  â•‘  â³ Boot serÃ¡ reportado apÃ³s autenticaÃ§Ã£o              â•‘
2026-02-06 14:00:59.136  1458-1893  TamperDetection         com.cdccreditsmart.app               I  â•‘  â„¹ï¸  Isso Ã© comportamento NORMAL antes do pareamento   â•‘
2026-02-06 14:00:59.136  1458-1893  TamperDetection         com.cdccreditsmart.app               I  â•šâ•â•â•â•â•â•â•â•â•â•â•â•â•â•â•â•â•â•â•â•â•â•â•â•â•â•â•â•â•â•â•â•â•â•â•â•â•â•â•â•â•â•â•â•â•â•â•â•â•â•â•â•â•â•â•â•â•
2026-02-06 14:00:59.136  1458-1893  TamperDetection         com.cdccreditsmart.app               I  
2026-02-06 14:00:59.137  1458-1987  WorkProfileManager      com.cdccreditsmart.app               W  âš ï¸ Erro ao usar getUserHandles: null
2026-02-06 14:00:59.137  1458-1987  creditsmart.app         com.cdccreditsmart.app               W  Accessing hidden method Landroid/os/UserManager;->getUsers()Ljava/util/List; (unsupported,test-api, reflection, allowed)
2026-02-06 14:00:59.137  1458-1893  CDCApplication          com.cdccreditsmart.app               I  ğŸ”’ Verificando status do SIM no boot da aplicaÃ§Ã£o...
2026-02-06 14:00:59.139  1458-1987  WorkProfileManager      com.cdccreditsmart.app               W  âš ï¸ Erro ao usar getUsers: null
2026-02-06 14:00:59.140  1458-1987  CDCApplication          com.cdccreditsmart.app               I  ğŸ”§ Criando Managed Secondary User...
2026-02-06 14:00:59.140  1458-1987  WorkProfileManager      com.cdccreditsmart.app               I  
2026-02-06 14:00:59.140  1458-1987  WorkProfileManager      com.cdccreditsmart.app               I  ğŸ‘¤ ==================== CRIANDO USUÃRIO SECUNDÃRIO GERENCIADO ====================
2026-02-06 14:00:59.141  1458-1893  SimSwapManager          com.cdccreditsmart.app               I  ========================================
2026-02-06 14:00:59.141  1458-1893  SimSwapManager          com.cdccreditsmart.app               I  ğŸ”’ SIM SWAP: Iniciando verificaÃ§Ã£o de status do SIM
2026-02-06 14:00:59.141  1458-1893  SimSwapManager          com.cdccreditsmart.app               I  ========================================
2026-02-06 14:00:59.144  1458-1987  WorkProfileManager      com.cdccreditsmart.app               W  âš ï¸ Erro ao usar getUserHandles: null
2026-02-06 14:00:59.145  1458-1987  WorkProfileManager      com.cdccreditsmart.app               W  âš ï¸ Erro ao usar getUsers: null
2026-02-06 14:00:59.156  1458-1987  WorkProfileManager      com.cdccreditsmart.app               I  âœ… Affiliation ID criado: cdc-df0edf56-f0ce-407b-8975-7f386e4d24ea
2026-02-06 14:00:59.157  1458-1987  WorkProfileManager      com.cdccreditsmart.app               I  ğŸ“‹ [1/5] Affiliation ID: cdc-df0edf56-f0ce-407b-8975-7f386e4d24ea
2026-02-06 14:00:59.157  1458-1987  WorkProfileManager      com.cdccreditsmart.app               I  ğŸ“‹ [2/5] Extras preparados
2026-02-06 14:00:59.157  1458-1987  WorkProfileManager      com.cdccreditsmart.app               I  ğŸ”§ [3/5] Criando usuÃ¡rio secundÃ¡rio gerenciado...
2026-02-06 14:00:59.158  1458-1893  SimSwapDetector         com.cdccreditsmart.app               W  ğŸ”’ SIM SWAP: Nenhum SIM ativo detectado
2026-02-06 14:00:59.160  1458-1893  SimSwapDetector         com.cdccreditsmart.app               W  ğŸ”’ SIM SWAP: Nenhum SIM ativo para obter operadora
2026-02-06 14:00:59.162  1458-1893  SimSwapDetector         com.cdccreditsmart.app               I  ğŸ”’ SIM SWAP: InformaÃ§Ãµes do SIM coletadas:
2026-02-06 14:00:59.162  1458-1893  SimSwapDetector         com.cdccreditsmart.app               I     Serial: nÃ£o disponÃ­vel...
2026-02-06 14:00:59.163  1458-1893  SimSwapDetector         com.cdccreditsmart.app               I     Operadora: desconhecida
2026-02-06 14:00:59.163  1458-1893  SimSwapDetector         com.cdccreditsmart.app               I     SIM ativo: false
2026-02-06 14:00:59.164  1458-1893  SimSwapManager          com.cdccreditsmart.app               W  ğŸ”’ SIM SWAP: Nenhum SIM ativo detectado - sem aÃ§Ã£o necessÃ¡ria
2026-02-06 14:00:59.164  1458-1893  SimSwapManager          com.cdccreditsmart.app               I  ========================================
2026-02-06 14:00:59.164  1458-1893  CDCApplication          com.cdccreditsmart.app               I  âœ… VerificaÃ§Ã£o de SIM swap concluÃ­da com sucesso
2026-02-06 14:00:59.228  1458-1892  KeepAliveManager        com.cdccreditsmart.app               I  ğŸ“‹ VerificaÃ§Ã£o pÃ³s-restart: serviÃ§o rodando = true
2026-02-06 14:00:59.228  1458-1892  KeepAliveManager        com.cdccreditsmart.app               I  ğŸ“Š Restart #1 registrado
2026-02-06 14:00:59.228  1458-1892  KeepAliveManager        com.cdccreditsmart.app               I  âœ… ServiÃ§o reiniciado e verificado com sucesso
2026-02-06 14:00:59.230  1458-1892  ServiceWatchdogWorker   com.cdccreditsmart.app               I  ğŸ“Š EstatÃ­sticas Keep Alive:
2026-02-06 14:00:59.230  1458-1892  ServiceWatchdogWorker   com.cdccreditsmart.app               I     - ServiÃ§o ativo: true
2026-02-06 14:00:59.230  1458-1892  ServiceWatchdogWorker   com.cdccreditsmart.app               I     - Restarts: 1
2026-02-06 14:00:59.230  1458-1892  ServiceWatchdogWorker   com.cdccreditsmart.app               I     - OtimizaÃ§Ã£o bateria: SIM (ruim)
2026-02-06 14:00:59.230  1458-1892  ServiceWatchdogWorker   com.cdccreditsmart.app               I  ğŸ” ========================================
2026-02-06 14:00:59.230  1458-1892  ServiceWatchdogWorker   com.cdccreditsmart.app               I  âœ… WATCHDOG: ServiÃ§o verificado/reiniciado com sucesso
2026-02-06 14:00:59.236  1458-1870  WM-WorkerWrapper        com.cdccreditsmart.app               I  Worker result SUCCESS for Work [ id=fa7f9ec0-e1e8-48f0-a81d-e647e3161dee, tags={ com.cdccreditsmart.app.keepalive.ServiceWatchdogWorker } ]
2026-02-06 14:01:00.838  1458-1458  CrashHandler            com.cdccreditsmart.app               E  
2026-02-06 14:01:00.839  1458-1458  CrashHandler            com.cdccreditsmart.app               E  â˜ ï¸ Processo terminando agora...
2026-02-06 14:01:00.840  1458-1458  CrashHandler            com.cdccreditsmart.app               E  
2026-02-06 14:01:00.898  1458-1458  Process                 com.cdccreditsmart.app               I  Sending signal. PID: 1458 SIG: 9
2026-02-06 14:01:01.970  2076-2076  nativeloader            com.cdccreditsmart.app               D  Configuring clns-7 for other apk /data/app/~~TFst6azuXS3RJvsYuo9J_A==/com.cdccreditsmart.app-pAC8sJgLG6nkrkITxuPH5Q==/base.apk. target_sdk_version=35, uses_libraries=, library_path=/data/app/~~TFst6azuXS3RJvsYuo9J_A==/com.cdccreditsmart.app-pAC8sJgLG6nkrkITxuPH5Q==/lib/arm64:/data/app/~~TFst6azuXS3RJvsYuo9J_A==/com.cdccreditsmart.app-pAC8sJgLG6nkrkITxuPH5Q==/base.apk!/lib/arm64-v8a, permitted_path=/data:/mnt/expand:/data/user/0/com.cdccreditsmart.app
2026-02-06 14:01:01.975  2076-2076  CompatChangeReporter    com.cdccreditsmart.app               D  Compat change id reported: 202956589; UID 10302; state: ENABLED
2026-02-06 14:01:01.990  2076-2076  GraphicsEnvironment     com.cdccreditsmart.app               V  Currently set values for:
2026-02-06 14:01:01.990  2076-2076  GraphicsEnvironment     com.cdccreditsmart.app               V    angle_gl_driver_selection_pkgs=[]
2026-02-06 14:01:01.990  2076-2076  GraphicsEnvironment     com.cdccreditsmart.app               V    angle_gl_driver_selection_values=[]
2026-02-06 14:01:01.990  2076-2076  GraphicsEnvironment     com.cdccreditsmart.app               V  Global.Settings values are invalid: number of packages: 0, number of values: 0
2026-02-06 14:01:01.991  2076-2076  GraphicsEnvironment     com.cdccreditsmart.app               V  Neither updatable production driver nor prerelease driver is supported.
2026-02-06 14:01:02.240  2076-2076  FirebaseApp             com.cdccreditsmart.app               I  Device unlocked: initializing all Firebase APIs for app [DEFAULT]
2026-02-06 14:01:02.359  2076-2076  FirebaseInitProvider    com.cdccreditsmart.app               I  FirebaseApp initialization successful
2026-02-06 14:01:02.380  2076-2076  WM-WrkMgrInitializer    com.cdccreditsmart.app               D  Initializing WorkManager with default configuration.
2026-02-06 14:01:02.434  2076-2182  creditsmart.app         com.cdccreditsmart.app               W  ClassLoaderContext classpath size mismatch. expected=1, found=0 (DLC[];PCL[base.apk*3045686230]{PCL[/system/framework/org.apache.http.legacy.jar*437079508]#PCL[/system/framework/com.android.location.provider.jar*3414091812]#PCL[/system/framework/com.android.media.remotedisplay.jar*2042759013]#PCL[/system_ext/framework/androidx.window.extensions.jar*83288132]#PCL[/system_ext/framework/androidx.window.sidecar.jar*3142613169]} | DLC[];PCL[])
2026-02-06 14:01:02.439  2076-2182  DynamiteModule          com.cdccreditsmart.app               I  Considering local module com.google.android.gms.measurement.dynamite:127 and remote module com.google.android.gms.measurement.dynamite:175
2026-02-06 14:01:02.439  2076-2182  DynamiteModule          com.cdccreditsmart.app               I  Selected remote version of com.google.android.gms.measurement.dynamite, version >= 175
2026-02-06 14:01:02.439  2076-2182  DynamiteModule          com.cdccreditsmart.app               V  Dynamite loader version >= 2, using loadModule2NoCrashUtils
2026-02-06 14:01:02.478  2076-2182  System                  com.cdccreditsmart.app               W  ClassLoader referenced unknown path: 
2026-02-06 14:01:02.482  2076-2182  nativeloader            com.cdccreditsmart.app               D  Configuring clns-8 for other apk . target_sdk_version=36, uses_libraries=, library_path=/data/app/~~UYL2LxTOvUtKpfDE1wjgsw==/com.google.android.gms--_bQxPHbyTVgqifXCVQtOQ==/lib/arm64:/data/app/~~UYL2LxTOvUtKpfDE1wjgsw==/com.google.android.gms--_bQxPHbyTVgqifXCVQtOQ==/base.apk!/lib/arm64-v8a, permitted_path=/data:/mnt/expand:/data/user/0/com.google.android.gms
2026-02-06 14:01:02.509  2076-2182  creditsmart.app         com.cdccreditsmart.app               W  ClassLoaderContext classpath element checksum mismatch. expected=3045686230, found=2775482957 (DLC[];PCL[base.apk*3045686230]{PCL[/system/framework/org.apache.http.legacy.jar*437079508]#PCL[/system/framework/com.android.location.provider.jar*3414091812]#PCL[/system/framework/com.android.media.remotedisplay.jar*2042759013]#PCL[/system_ext/framework/androidx.window.extensions.jar*83288132]#PCL[/system_ext/framework/androidx.window.sidecar.jar*3142613169]} | DLC[];PCL[/data/app/~~TFst6azuXS3RJvsYuo9J_A==/com.cdccreditsmart.app-pAC8sJgLG6nkrkITxuPH5Q==/base.apk*2775482957])
2026-02-06 14:01:02.612  2076-2076  WM-PackageManagerHelper com.cdccreditsmart.app               D  Skipping component enablement for androidx.work.impl.background.systemjob.SystemJobService
2026-02-06 14:01:02.612  2076-2076  WM-Schedulers           com.cdccreditsmart.app               D  Created SystemJobScheduler and enabled SystemJobService
2026-02-06 14:01:02.637  2076-2076  CompatChangeReporter    com.cdccreditsmart.app               D  Compat change id reported: 279646685; UID 10302; state: ENABLED
2026-02-06 14:01:02.647  2076-2194  creditsmart.app         com.cdccreditsmart.app               W  Accessing hidden method Ldalvik/system/VMStack;->getStackClass2()Ljava/lang/Class; (unsupported, reflection, allowed)
2026-02-06 14:01:02.650  2076-2076  MbrainDebugManagerImpl  com.cdccreditsmart.app               D  getService failed
2026-02-06 14:01:02.660  2076-2076  CrashHandler            com.cdccreditsmart.app               I  âœ… Global crash handler instalado
2026-02-06 14:01:02.660  2076-2076  CDCApplication          com.cdccreditsmart.app               I  CDC Application iniciando...
2026-02-06 14:01:02.663  2076-2076  CDCApplication          com.cdccreditsmart.app               I  Executando inicializacao completa...
2026-02-06 14:01:02.690  2076-2192  creditsmart.app         com.cdccreditsmart.app               E  No package ID 6a found for resource ID 0x6a0b0013.
2026-02-06 14:01:02.696  2076-2192  FA                      com.cdccreditsmart.app               I  App measurement initialized, version: 151001
2026-02-06 14:01:02.696  2076-2192  FA                      com.cdccreditsmart.app               I  To enable debug logging run: adb shell setprop log.tag.FA VERBOSE
2026-02-06 14:01:02.697  2076-2192  FA                      com.cdccreditsmart.app               I  To enable faster debug mode event logging run:
                                                                                                      adb shell setprop debug.firebase.analytics.app com.cdccreditsmart.app
2026-02-06 14:01:02.728  2076-2076  CDCApplication          com.cdccreditsmart.app               I  ========================================
2026-02-06 14:01:02.728  2076-2076  CDCApplication          com.cdccreditsmart.app               I  ğŸ” Verificando status de Device Owner...
2026-02-06 14:01:02.734  2076-2076  CompatChangeReporter    com.cdccreditsmart.app               D  Compat change id reported: 307233716; UID 10302; state: ENABLED
2026-02-06 14:01:02.736  2076-2076  CDCApplication          com.cdccreditsmart.app               I  Device Owner Status: âœ… SIM
2026-02-06 14:01:02.736  2076-2076  CDCApplication          com.cdccreditsmart.app               I  Package Name: com.cdccreditsmart.app
2026-02-06 14:01:02.736  2076-2076  CDCApplication          com.cdccreditsmart.app               I  âœ… App Ã© Device Owner - prosseguindo com concessÃ£o de permissÃµes...
2026-02-06 14:01:02.736  2076-2076  CDCApplication          com.cdccreditsmart.app               I  ========================================
2026-02-06 14:01:02.741  2076-2076  AutoPermissionManager   com.cdccreditsmart.app               I  ========================================
2026-02-06 14:01:02.741  2076-2076  AutoPermissionManager   com.cdccreditsmart.app               I  ğŸ” INICIANDO CONCESSÃƒO AUTOMÃTICA DE PERMISSÃ•ES
2026-02-06 14:01:02.741  2076-2076  AutoPermissionManager   com.cdccreditsmart.app               I  ========================================
2026-02-06 14:01:02.744  2076-2076  AutoPermissionManager   com.cdccreditsmart.app               I  ğŸ“‹ Status: Device Owner=true, Profile Owner=false
2026-02-06 14:01:02.745  2076-2076  AutoPermissionManager   com.cdccreditsmart.app               I  âœ… App Ã© Device Owner - concedendo permissÃµes automaticamente...
2026-02-06 14:01:02.747  2076-2076  AutoPermissionManager   com.cdccreditsmart.app               I  ğŸš€ ========================================
2026-02-06 14:01:02.748  2076-2076  AutoPermissionManager   com.cdccreditsmart.app               I  ğŸš€ CONCESSÃƒO RÃPIDA DE PERMISSÃ•ES (Device Owner)
2026-02-06 14:01:02.748  2076-2076  AutoPermissionManager   com.cdccreditsmart.app               I  ğŸš€ ========================================
2026-02-06 14:01:02.750  2076-2076  AutoPermissionManager   com.cdccreditsmart.app               D    â© JÃ¡ concedida: android.permission.READ_PHONE_STATE
2026-02-06 14:01:03.534  2076-2076  AutoPermissionManager   com.cdccreditsmart.app               I    âœ… Concedida: android.permission.READ_CALL_LOG
2026-02-06 14:01:03.601  2076-2076  AutoPermissionManager   com.cdccreditsmart.app               I    âœ… Concedida: android.permission.CALL_PHONE
2026-02-06 14:01:03.664  2076-2076  AutoPermissionManager   com.cdccreditsmart.app               I    âœ… Concedida: android.permission.READ_CONTACTS
2026-02-06 14:01:03.664  2076-2076  AutoPermissionManager   com.cdccreditsmart.app               D    â© JÃ¡ concedida: android.permission.ACCESS_FINE_LOCATION
2026-02-06 14:01:03.665  2076-2076  AutoPermissionManager   com.cdccreditsmart.app               D    â© JÃ¡ concedida: android.permission.ACCESS_COARSE_LOCATION
2026-02-06 14:01:03.723  2076-2076  AutoPermissionManager   com.cdccreditsmart.app               I    âœ… Concedida: android.permission.ANSWER_PHONE_CALLS
2026-02-06 14:01:03.768  2076-2076  AutoPermissionManager   com.cdccreditsmart.app               I    âœ… Concedida: android.permission.READ_PHONE_NUMBERS
2026-02-06 14:01:03.769  2076-2076  AutoPermissionManager   com.cdccreditsmart.app               D    â© JÃ¡ concedida: android.permission.ACCESS_BACKGROUND_LOCATION
2026-02-06 14:01:03.770  2076-2076  AutoPermissionManager   com.cdccreditsmart.app               D    â© JÃ¡ concedida: android.permission.POST_NOTIFICATIONS
2026-02-06 14:01:03.770  2076-2076  AutoPermissionManager   com.cdccreditsmart.app               I  ğŸš€ ========================================
2026-02-06 14:01:03.770  2076-2076  AutoPermissionManager   com.cdccreditsmart.app               I  ğŸš€ RESUMO DA CONCESSÃƒO RÃPIDA:
2026-02-06 14:01:03.770  2076-2076  AutoPermissionManager   com.cdccreditsmart.app               I    âœ… Novas permissÃµes concedidas: 5
2026-02-06 14:01:03.770  2076-2076  AutoPermissionManager   com.cdccreditsmart.app               I    â© JÃ¡ estavam concedidas: 5
2026-02-06 14:01:03.770  2076-2076  AutoPermissionManager   com.cdccreditsmart.app               I    âŒ Erros/Falhas: 0
2026-02-06 14:01:03.770  2076-2076  AutoPermissionManager   com.cdccreditsmart.app               I    ğŸ“‹ Total processadas: 10
2026-02-06 14:01:03.770  2076-2076  AutoPermissionManager   com.cdccreditsmart.app               I  ğŸš€ ========================================
2026-02-06 14:01:03.770  2076-2076  AutoPermissionManager   com.cdccreditsmart.app               I  ğŸ” Verificando status final de todas as permissÃµes...
2026-02-06 14:01:03.773  2076-2076  AutoPermissionManager   com.cdccreditsmart.app               D    âœ… CONCEDIDA - android.permission.READ_PHONE_STATE
2026-02-06 14:01:03.775  2076-2076  AutoPermissionManager   com.cdccreditsmart.app               D    âŒ NEGADA - android.permission.READ_CALL_LOG
2026-02-06 14:01:03.776  2076-2076  AutoPermissionManager   com.cdccreditsmart.app               D    âŒ NEGADA - android.permission.CALL_PHONE
2026-02-06 14:01:03.777  2076-2076  AutoPermissionManager   com.cdccreditsmart.app               D    âŒ NEGADA - android.permission.READ_CONTACTS
2026-02-06 14:01:03.779  2076-2076  AutoPermissionManager   com.cdccreditsmart.app               D    âœ… CONCEDIDA - android.permission.ACCESS_FINE_LOCATION
2026-02-06 14:01:03.780  2076-2076  AutoPermissionManager   com.cdccreditsmart.app               D    âœ… CONCEDIDA - android.permission.ACCESS_COARSE_LOCATION
2026-02-06 14:01:03.781  2076-2076  AutoPermissionManager   com.cdccreditsmart.app               D    âŒ NEGADA - android.permission.ANSWER_PHONE_CALLS
2026-02-06 14:01:03.782  2076-2076  AutoPermissionManager   com.cdccreditsmart.app               D    âŒ NEGADA - android.permission.READ_PHONE_NUMBERS
2026-02-06 14:01:03.783  2076-2076  AutoPermissionManager   com.cdccreditsmart.app               D    âœ… CONCEDIDA - android.permission.ACCESS_BACKGROUND_LOCATION
2026-02-06 14:01:03.784  2076-2076  AutoPermissionManager   com.cdccreditsmart.app               D    âœ… CONCEDIDA - android.permission.POST_NOTIFICATIONS
2026-02-06 14:01:03.784  2076-2076  AutoPermissionManager   com.cdccreditsmart.app               W  âš ï¸ Algumas permissÃµes ainda nÃ£o foram concedidas (runtime pode demorar para atualizar)
2026-02-06 14:01:03.784  2076-2076  AutoPermissionManager   com.cdccreditsmart.app               I  ========================================
2026-02-06 14:01:03.784  2076-2076  AutoPermissionManager   com.cdccreditsmart.app               I  ğŸ” CONFIGURANDO PERMISSÃ•ES ESPECIAIS (Device Owner)
2026-02-06 14:01:03.784  2076-2076  AutoPermissionManager   com.cdccreditsmart.app               I  ========================================
2026-02-06 14:01:03.785  2076-2076  AutoPermissionManager   com.cdccreditsmart.app               I  ğŸ“Š ========================================
2026-02-06 14:01:03.785  2076-2076  AutoPermissionManager   com.cdccreditsmart.app               I  ğŸ“Š CONCEDENDO PACKAGE_USAGE_STATS (Usage Access)
2026-02-06 14:01:03.785  2076-2076  AutoPermissionManager   com.cdccreditsmart.app               I  ğŸ“Š ========================================
2026-02-06 14:01:03.787  2076-2076  AutoPermissionManager   com.cdccreditsmart.app               I  ğŸ“Š âœ… PACKAGE_USAGE_STATS jÃ¡ estÃ¡ concedida!
2026-02-06 14:01:03.787  2076-2076  AutoPermissionManager   com.cdccreditsmart.app               I  ğŸªŸ ========================================
2026-02-06 14:01:03.787  2076-2076  AutoPermissionManager   com.cdccreditsmart.app               I  ğŸªŸ CONCEDENDO SYSTEM_ALERT_WINDOW (Overlay)
2026-02-06 14:01:03.787  2076-2076  AutoPermissionManager   com.cdccreditsmart.app               I  ğŸªŸ ========================================
2026-02-06 14:01:03.788  2076-2076  AutoPermissionManager   com.cdccreditsmart.app               I  ğŸªŸ âœ… SYSTEM_ALERT_WINDOW jÃ¡ estÃ¡ concedida!
2026-02-06 14:01:03.788  2076-2076  AutoPermissionManager   com.cdccreditsmart.app               I  ğŸ”‹ ========================================
2026-02-06 14:01:03.788  2076-2076  AutoPermissionManager   com.cdccreditsmart.app               I  ğŸ”‹ VERIFICANDO ISENÃ‡ÃƒO DE OTIMIZAÃ‡ÃƒO DE BATERIA
2026-02-06 14:01:03.788  2076-2076  AutoPermissionManager   com.cdccreditsmart.app               I  ğŸ”‹ ========================================
2026-02-06 14:01:03.790  2076-2076  AutoPermissionManager   com.cdccreditsmart.app               I  ğŸ”‹ âš ï¸ App NÃƒO estÃ¡ isento - solicitando isenÃ§Ã£o...
2026-02-06 14:01:03.811  2076-2076  AutoPermissionManager   com.cdccreditsmart.app               I  ğŸ”‹ âœ… DiÃ¡logo de isenÃ§Ã£o de bateria exibido
2026-02-06 14:01:03.811  2076-2076  AutoPermissionManager   com.cdccreditsmart.app               I  ğŸ”‹ ========================================
2026-02-06 14:01:03.811  2076-2076  AutoPermissionManager   com.cdccreditsmart.app               I  ğŸ“ ForÃ§ando GPS/LocalizaÃ§Ã£o sempre ativo...
2026-02-06 14:01:03.814  2076-2076  AutoPermissionManager   com.cdccreditsmart.app               I  âœ… LocalizaÃ§Ã£o forÃ§ada via setLocationEnabled (Android 9+)
2026-02-06 14:01:03.818  2076-2076  AutoPermissionManager   com.cdccreditsmart.app               I  ğŸ“ Sem bloqueio ativo - usuÃ¡rio pode controlar GPS normalmente
2026-02-06 14:01:03.820  2076-2076  AutoPermissionManager   com.cdccreditsmart.app               I  ğŸ“ Status atual - GPS: true, Network: true
2026-02-06 14:01:03.820  2076-2076  AutoPermissionManager   com.cdccreditsmart.app               I  ğŸ“ ConfiguraÃ§Ã£o de localizaÃ§Ã£o concluÃ­da
2026-02-06 14:01:03.821  2076-2076  AutoPermissionManager   com.cdccreditsmart.app               I  âœ… PolÃ­tica de permissÃµes configurada para AUTO_GRANT
2026-02-06 14:01:03.822  2076-2076  AutoPermissionManager   com.cdccreditsmart.app               I  ğŸ“Š ========================================
2026-02-06 14:01:03.822  2076-2076  AutoPermissionManager   com.cdccreditsmart.app               I  ğŸ“Š VERIFICAÃ‡ÃƒO FINAL: PACKAGE_USAGE_STATS
2026-02-06 14:01:03.822  2076-2076  AutoPermissionManager   com.cdccreditsmart.app               I  ğŸ“Š ========================================
2026-02-06 14:01:03.822  2076-2076  AutoPermissionManager   com.cdccreditsmart.app               I  ğŸ“Š âœ… PACKAGE_USAGE_STATS estÃ¡ ATIVA!
2026-02-06 14:01:03.822  2076-2076  AutoPermissionManager   com.cdccreditsmart.app               I  ğŸ“Š    SettingsGuard pode monitorar activities precisamente
2026-02-06 14:01:03.822  2076-2076  AutoPermissionManager   com.cdccreditsmart.app               I  ğŸ“Š ========================================
2026-02-06 14:01:03.822  2076-2076  AutoPermissionManager   com.cdccreditsmart.app               I  ========================================
2026-02-06 14:01:03.823  2076-2076  CDCApplication          com.cdccreditsmart.app               I  ğŸ›¡ï¸ ========================================
2026-02-06 14:01:03.823  2076-2076  CDCApplication          com.cdccreditsmart.app               I  ğŸ›¡ï¸ INICIANDO SETTINGSGUARD IMEDIATAMENTE
2026-02-06 14:01:03.823  2076-2076  CDCApplication          com.cdccreditsmart.app               I  ğŸ›¡ï¸ ========================================
2026-02-06 14:01:03.823  2076-2076  CDCApplication          com.cdccreditsmart.app               I  ğŸ›¡ï¸ Device Owner detectado - proteÃ§Ã£o mÃ¡xima iniciando...
2026-02-06 14:01:03.824  2076-2076  SettingsGuardService    com.cdccreditsmart.app               I  
2026-02-06 14:01:03.825  2076-2076  SettingsGuardService    com.cdccreditsmart.app               I  â•”â•â•â•â•â•â•â•â•â•â•â•â•â•â•â•â•â•â•â•â•â•â•â•â•â•â•â•â•â•â•â•â•â•â•â•â•â•â•â•â•â•â•â•â•â•â•â•â•â•â•â•â•â•â•â•â•â•—
2026-02-06 14:01:03.825  2076-2076  SettingsGuardService    com.cdccreditsmart.app               I  â•‘   ğŸ›¡ï¸ SETTINGSGUARD - INICIALIZAÃ‡ÃƒO                    â•‘
2026-02-06 14:01:03.825  2076-2076  SettingsGuardService    com.cdccreditsmart.app               I  â• â•â•â•â•â•â•â•â•â•â•â•â•â•â•â•â•â•â•â•â•â•â•â•â•â•â•â•â•â•â•â•â•â•â•â•â•â•â•â•â•â•â•â•â•â•â•â•â•â•â•â•â•â•â•â•â•â•£
2026-02-06 14:01:03.827  2076-2076  SettingsGuardService    com.cdccreditsmart.app               I  â•‘   ğŸ“± Modo proteÃ§Ã£o: DEVICE_OWNER                    â•‘
2026-02-06 14:01:03.827  2076-2076  SettingsGuardService    com.cdccreditsmart.app               I  â•‘   ğŸ“Š UsageStats: âœ… CONCEDIDA              â•‘
2026-02-06 14:01:03.828  2076-2076  SettingsGuardService    com.cdccreditsmart.app               I  â•‘   ğŸªŸ Overlay: âœ… CONCEDIDA                 â•‘
2026-02-06 14:01:03.828  2076-2076  SettingsGuardService    com.cdccreditsmart.app               I  â•‘   ğŸ”’ Device Owner: âœ… SIM                   â•‘
2026-02-06 14:01:03.830  2076-2076  SettingsGuardService    com.cdccreditsmart.app               I  â•‘   ğŸ” Device Admin: âœ… SIM                   â•‘
2026-02-06 14:01:03.830  2076-2076  SettingsGuardService    com.cdccreditsmart.app               I  â•šâ•â•â•â•â•â•â•â•â•â•â•â•â•â•â•â•â•â•â•â•â•â•â•â•â•â•â•â•â•â•â•â•â•â•â•â•â•â•â•â•â•â•â•â•â•â•â•â•â•â•â•â•â•â•â•â•â•
2026-02-06 14:01:03.830  2076-2076  SettingsGuardService    com.cdccreditsmart.app               I  ğŸ›¡ï¸ SettingsGuard INICIADO
2026-02-06 14:01:03.830  2076-2076  SettingsGuardService    com.cdccreditsmart.app               I     Modo de proteÃ§Ã£o: DEVICE_OWNER
2026-02-06 14:01:03.831  2076-2076  SettingsGuardService    com.cdccreditsmart.app               I     âœ… Device Owner: ProteÃ§Ã£o mÃ¡xima ativa (setUninstallBlocked)
2026-02-06 14:01:03.831  2076-2076  SettingsGuardService    com.cdccreditsmart.app               I     ğŸ“¡ MONITORAMENTO ATIVO - protegendo telas de Settings/App Info
2026-02-06 14:01:03.831  2076-2076  SettingsGuardService    com.cdccreditsmart.app               I     ğŸ“¡ Mesmo com setUninstallBlocked, usuÃ¡rio nÃ£o pode ver telas de admin
2026-02-06 14:01:03.831  2076-2076  SettingsGuardService    com.cdccreditsmart.app               I  ğŸ” ========================================
2026-02-06 14:01:03.831  2076-2076  SettingsGuardService    com.cdccreditsmart.app               I  ğŸ” INICIANDO MONITORAMENTO ATIVO DE SETTINGS
2026-02-06 14:01:03.831  2076-2076  SettingsGuardService    com.cdccreditsmart.app               I  ğŸ” ========================================
2026-02-06 14:01:03.832  2076-2076  SettingsGuardService    com.cdccreditsmart.app               I  âœ… USAGE_STATS concedida - monitoramento preciso ativo
2026-02-06 14:01:03.832  2076-2076  SettingsGuardService    com.cdccreditsmart.app               I  ğŸ“¢ NotificaÃ§Ã£o de permissÃ£o USAGE_STATS cancelada
2026-02-06 14:01:03.832  2076-2076  SettingsGuardService    com.cdccreditsmart.app               I  ğŸ” Intervalo: 3000ms / 1000ms
2026-02-06 14:01:03.840  2076-2076  CDCApplication          com.cdccreditsmart.app               I  ğŸ›¡ï¸ âœ… SettingsGuardService iniciado com sucesso!
2026-02-06 14:01:03.840  2076-2076  CDCApplication          com.cdccreditsmart.app               I  ğŸ›¡ï¸    Dispositivo protegido contra acesso a Settings
2026-02-06 14:01:03.840  2076-2076  CDCApplication          com.cdccreditsmart.app               I  ğŸ›¡ï¸ ========================================
2026-02-06 14:01:03.840  2076-2076  CDCApplication          com.cdccreditsmart.app               I  ğŸ”’ Iniciando sistema Keep Alive...
2026-02-06 14:01:03.842  2076-2076  KeepAliveManager        com.cdccreditsmart.app               I  ğŸ”’ ========================================
2026-02-06 14:01:03.843  2076-2076  KeepAliveManager        com.cdccreditsmart.app               I  ğŸ”’ INICIANDO SISTEMA KEEP ALIVE
2026-02-06 14:01:03.843  2076-2076  KeepAliveManager        com.cdccreditsmart.app               I  ğŸ”’ ========================================
2026-02-06 14:01:03.865  2076-2076  KeepAliveManager        com.cdccreditsmart.app               I  âœ… ServiceWatchdogWorker agendado (15min)
2026-02-06 14:01:03.871  2076-2076  KeepAliveManager        com.cdccreditsmart.app               E  âŒ Erro ao agendar alarm: Caller com.cdccreditsmart.app needs to hold android.permission.SCHEDULE_EXACT_ALARM or android.permission.USE_EXACT_ALARM to set exact alarms. (Ask Gemini)
                                                                                                    java.lang.SecurityException: Caller com.cdccreditsmart.app needs to hold android.permission.SCHEDULE_EXACT_ALARM or android.permission.USE_EXACT_ALARM to set exact alarms.
                                                                                                    	at android.os.Parcel.createExceptionOrNull(Parcel.java:3242)
                                                                                                    	at android.os.Parcel.createException(Parcel.java:3226)
                                                                                                    	at android.os.Parcel.readException(Parcel.java:3209)
                                                                                                    	at android.os.Parcel.readException(Parcel.java:3151)
                                                                                                    	at android.app.IAlarmManager$Stub$Proxy.set(IAlarmManager.java:336)
                                                                                                    	at android.app.AlarmManager.setImpl(AlarmManager.java:1095)
                                                                                                    	at android.app.AlarmManager.setImpl(AlarmManager.java:1055)
                                                                                                    	at android.app.AlarmManager.setExactAndAllowWhileIdle(AlarmManager.java:1323)
                                                                                                    	at com.cdccreditsmart.app.keepalive.KeepAliveManager.scheduleAlarmWakeup(KeepAliveManager.kt:126)
                                                                                                    	at com.cdccreditsmart.app.keepalive.KeepAliveManager.startKeepAlive(KeepAliveManager.kt:50)
                                                                                                    	at com.cdccreditsmart.app.CDCApplication.startKeepAliveSystem(CDCApplication.kt:220)
                                                                                                    	at com.cdccreditsmart.app.CDCApplication.performFullInitialization(CDCApplication.kt:100)
                                                                                                    	at com.cdccreditsmart.app.CDCApplication.onCreate(CDCApplication.kt:66)
                                                                                                    	at android.app.Instrumentation.callApplicationOnCreate(Instrumentation.java:1386)
                                                                                                    	at android.app.ActivityThread.handleBindApplication(ActivityThread.java:7547)
                                                                                                    	at android.app.ActivityThread.-$$Nest$mhandleBindApplication(Unknown Source:0)
                                                                                                    	at android.app.ActivityThread$H.handleMessage(ActivityThread.java:2458)
                                                                                                    	at android.os.Handler.dispatchMessage(Handler.java:107)
                                                                                                    	at android.os.Looper.loopOnce(Looper.java:234)
                                                                                                    	at android.os.Looper.loop(Looper.java:319)
                                                                                                    	at android.app.ActivityThread.main(ActivityThread.java:8754)
                                                                                                    	at java.lang.reflect.Method.invoke(Native Method)
                                                                                                    	at com.android.internal.os.RuntimeInit$MethodAndArgsCaller.run(RuntimeInit.java:602)
                                                                                                    	at com.android.internal.os.ZygoteInit.main(ZygoteInit.java:962)
                                                                                                    Caused by: android.os.RemoteException: Remote stack trace:
                                                                                                    	at com.android.server.alarm.AlarmManagerService$4.set(AlarmManagerService.java:2868)
                                                                                                    	at android.app.IAlarmManager$Stub.onTransact(IAlarmManager.java:197)
                                                                                                    	at android.os.Binder.execTransactInternal(Binder.java:1505)
                                                                                                    	at android.os.Binder.execTransact(Binder.java:1444)
2026-02-06 14:01:03.873  2076-2076  KeepAliveManager        com.cdccreditsmart.app               I  ğŸ”‹ App Ã© Device Owner - isentando automaticamente
2026-02-06 14:01:03.875  2076-2076  PolicyHelper            com.cdccreditsmart.app               W  setSystemSetting failed: null
2026-02-06 14:01:03.884  2076-2076  KeepAliveManager        com.cdccreditsmart.app               I  âœ… SolicitaÃ§Ã£o de isenÃ§Ã£o de bateria enviada (Device Owner)
2026-02-06 14:01:03.884  2076-2076  KeepAliveManager        com.cdccreditsmart.app               I  ğŸ”’ Sistema Keep Alive ativo
2026-02-06 14:01:03.885  2076-2076  KeepAliveManager        com.cdccreditsmart.app               I  ğŸ”’ - WorkManager: verificaÃ§Ã£o a cada 15min
2026-02-06 14:01:03.885  2076-2076  KeepAliveManager        com.cdccreditsmart.app               I  ğŸ”’ - AlarmManager: wakeup a cada 10min
2026-02-06 14:01:03.885  2076-2076  KeepAliveManager        com.cdccreditsmart.app               I  ğŸ”’ ========================================
2026-02-06 14:01:03.887  2076-2076  CDCApplication          com.cdccreditsmart.app               I  ğŸ“Š Keep Alive Stats:
2026-02-06 14:01:03.887  2076-2076  CDCApplication          com.cdccreditsmart.app               I     - Restarts anteriores: 1
2026-02-06 14:01:03.887  2076-2076  CDCApplication          com.cdccreditsmart.app               I     - OtimizaÃ§Ã£o bateria: SIM (ruim)
2026-02-06 14:01:04.108  2076-2076  SecureTokenStorage      com.cdccreditsmart.app               D  EncryptedSharedPreferences initialized successfully
2026-02-06 14:01:04.114  2076-2076  ContractCodeStorage     com.cdccreditsmart.app               D  Retrieving contract code from storage
2026-02-06 14:01:04.231  2076-2076  ContractCodeStorage     com.cdccreditsmart.app               D  Storage verification: 0 valid, 0 tampered, 7 missing
2026-02-06 14:01:04.231  2076-2076  ContractCodeStorage     com.cdccreditsmart.app               W  No valid contract code found in any location
2026-02-06 14:01:04.234  2076-2204  CDCApplication          com.cdccreditsmart.app               I  ğŸ§¹ ========================================
2026-02-06 14:01:04.234  2076-2204  CDCApplication          com.cdccreditsmart.app               I  ğŸ§¹ LIMPANDO ESTADO DE BLOQUEIO OBSOLETO
2026-02-06 14:01:04.234  2076-2204  CDCApplication          com.cdccreditsmart.app               I  ğŸ§¹ ========================================
2026-02-06 14:01:04.235  2076-2204  CDCApplication          com.cdccreditsmart.app               I  ğŸ§¹ Dispositivo nÃ£o estÃ¡ pareado - bloqueio anterior serÃ¡ removido
