2025-12-09 12:04:17.869 12649-13195 CategoryMapper          com.cdccreditsmart.app               D  âœ… App bloqueÃ¡vel detectado: com.google.android.overlay.modules.documentsui
2025-12-09 12:04:17.876 12649-13195 CategoryMapper          com.cdccreditsmart.app               D  âœ… App bloqueÃ¡vel detectado: com.transsion.zahooc
2025-12-09 12:04:17.879 12649-13195 CategoryMapper          com.cdccreditsmart.app               D  âœ… App bloqueÃ¡vel detectado: com.rlk.weathers
2025-12-09 12:04:17.882 12649-13195 CategoryMapper          com.cdccreditsmart.app               D  âœ… App bloqueÃ¡vel detectado: com.google.android.networkstack
2025-12-09 12:04:17.888 12649-13195 CategoryMapper          com.cdccreditsmart.app               D  âœ… App bloqueÃ¡vel detectado: com.google.android.rkpdapp
2025-12-09 12:04:17.889 12649-13195 CategoryMapper          com.cdccreditsmart.app               D  âš–ï¸ App protegido por lei (TJMG): com.android.server.telecom - Chamadas telefÃ´nicas (TJMG)
2025-12-09 12:04:17.891 12649-13195 CategoryMapper          com.cdccreditsmart.app               D  ğŸ›¡ï¸ App protegido (nÃ£o bloqueia): com.android.server.telecom
2025-12-09 12:04:17.891 12649-13195 CategoryMapper          com.cdccreditsmart.app               D  ğŸ›¡ï¸ App protegido (nÃ£o bloqueia): com.android.keychain
2025-12-09 12:04:17.895 12649-13195 CategoryMapper          com.cdccreditsmart.app               D  âœ… App bloqueÃ¡vel detectado: com.transsion.uxdetector
2025-12-09 12:04:17.899 12649-13195 CategoryMapper          com.cdccreditsmart.app               D  âœ… App bloqueÃ¡vel detectado: com.android.chrome
2025-12-09 12:04:17.902 12649-13195 CategoryMapper          com.cdccreditsmart.app               D  âœ… App bloqueÃ¡vel detectado: com.google.android.overlay.modules.healthfitness.forframework
2025-12-09 12:04:17.904 12649-13195 CategoryMapper          com.cdccreditsmart.app               D  âœ… App bloqueÃ¡vel detectado: com.transsion.childmode
2025-12-09 12:04:17.907 12649-13195 CategoryMapper          com.cdccreditsmart.app               D  âœ… App bloqueÃ¡vel detectado: cn.wps.moffice.lite.abroad.transsion
2025-12-09 12:04:17.913 12649-13195 CategoryMapper          com.cdccreditsmart.app               D  âœ… App bloqueÃ¡vel detectado: com.transsion.carlcare
2025-12-09 12:04:17.937 12649-13195 CategoryMapper          com.cdccreditsmart.app               D  ğŸ›¡ï¸ App protegido (nÃ£o bloqueia): com.google.android.packageinstaller
2025-12-09 12:04:17.940 12649-13195 CategoryMapper          com.cdccreditsmart.app               D  âœ… App bloqueÃ¡vel detectado: com.transsion.childmode.resoverlay
2025-12-09 12:04:17.945 12649-13195 CategoryMapper          com.cdccreditsmart.app               D  âœ… App bloqueÃ¡vel detectado: com.google.android.overlay.modules.packageinstaller
2025-12-09 12:04:17.949 12649-13195 CategoryMapper          com.cdccreditsmart.app               D  âœ… App bloqueÃ¡vel detectado: com.transsion.applock
2025-12-09 12:04:17.949 12649-13195 CategoryMapper          com.cdccreditsmart.app               D  ğŸ›¡ï¸ App protegido (nÃ£o bloqueia): com.google.android.gms
2025-12-09 12:04:17.949 12649-13195 CategoryMapper          com.cdccreditsmart.app               D  ğŸ›¡ï¸ App protegido (nÃ£o bloqueia): com.google.android.gsf
2025-12-09 12:04:17.950 12649-13195 CategoryMapper          com.cdccreditsmart.app               D  âœ… App bloqueÃ¡vel detectado: com.google.android.tts
2025-12-09 12:04:17.979 12649-13195 CategoryMapper          com.cdccreditsmart.app               D  âœ… App bloqueÃ¡vel detectado: com.ss.android.ugc.trill
2025-12-09 12:04:17.981 12649-13195 CategoryMapper          com.cdccreditsmart.app               D  âœ… App bloqueÃ¡vel detectado: com.android.calllogbackup
2025-12-09 12:04:17.987 12649-13195 CategoryMapper          com.cdccreditsmart.app               D  âœ… App bloqueÃ¡vel detectado: com.google.android.partnersetup
2025-12-09 12:04:17.988 12649-13195 CategoryMapper          com.cdccreditsmart.app               D  âœ… App bloqueÃ¡vel detectado: com.android.cameraextensions
2025-12-09 12:04:18.022  1562-3302  PayJoyActivityRecord    system_server                        E  activity resuming com.cdccreditsmart.app
2025-12-09 12:04:18.023  1562-3302  PayJoyAccessService     system_server                        E  activity resuming com.cdccreditsmart.app
2025-12-09 12:04:18.049 12649-13195 CategoryMapper          com.cdccreditsmart.app               D  âœ… App bloqueÃ¡vel detectado: tech.palm.find
2025-12-09 12:04:18.052 12649-12649 ActivityThread          com.cdccreditsmart.app               D  handleResumeActivity#3 r.window=com.android.internal.policy.PhoneWindow@3024743a.mFinished = falsewillBeVisible = true
2025-12-09 12:04:18.052 12649-13195 CategoryMapper          com.cdccreditsmart.app               D  âœ… App bloqueÃ¡vel detectado: com.transsion.livecaption
2025-12-09 12:04:18.056 12649-13195 CategoryMapper          com.cdccreditsmart.app               D  âœ… App bloqueÃ¡vel detectado: com.transsion.fmradio
2025-12-09 12:04:18.057 12649-13195 CategoryMapper          com.cdccreditsmart.app               D  âœ… App bloqueÃ¡vel detectado: com.android.localtransport
2025-12-09 12:04:18.063 12649-13195 CategoryMapper          com.cdccreditsmart.app               D  âœ… App bloqueÃ¡vel detectado: com.google.android.videos
2025-12-09 12:04:18.064 12649-13195 CategoryMapper          com.cdccreditsmart.app               D  âœ… App bloqueÃ¡vel detectado: com.transsion.thunderback
2025-12-09 12:04:18.067 12649-13195 CategoryMapper          com.cdccreditsmart.app               D  âœ… App bloqueÃ¡vel detectado: com.theme.icondefaultshape_g2
2025-12-09 12:04:18.070 12649-13195 CategoryMapper          com.cdccreditsmart.app               D  âœ… App bloqueÃ¡vel detectado: com.transsion.aicore.cv
2025-12-09 12:04:18.071 12649-13195 CategoryMapper          com.cdccreditsmart.app               D  âœ… App bloqueÃ¡vel detectado: com.google.android.overlay.gmsconfig.asi
2025-12-09 12:04:18.072 12649-13195 CategoryMapper          com.cdccreditsmart.app               D  âœ… App bloqueÃ¡vel detectado: com.google.android.overlay.gmsconfig.gsa
2025-12-09 12:04:18.073 12649-13195 CategoryMapper          com.cdccreditsmart.app               D  âœ… App bloqueÃ¡vel detectado: com.transsion.dynamicbar.overlay
2025-12-09 12:04:18.074 12649-12649 InsetsController        com.cdccreditsmart.app               I  Insets animation onAnimationStart mShow:false, mDurationMs:340, types:statusBars
2025-12-09 12:04:18.084 12649-13195 CategoryMapper          com.cdccreditsmart.app               D  âœ… App bloqueÃ¡vel detectado: com.android.carrierdefaultapp
2025-12-09 12:04:18.087 12649-13195 CategoryMapper          com.cdccreditsmart.app               D  âœ… App bloqueÃ¡vel detectado: com.mediatek.atmwifimeta
2025-12-09 12:04:18.089 12649-13195 CategoryMapper          com.cdccreditsmart.app               D  âœ… App bloqueÃ¡vel detectado: com.transsion.batterylab
2025-12-09 12:04:18.090 12649-13195 CategoryMapper          com.cdccreditsmart.app               D  âœ… App bloqueÃ¡vel detectado: com.transsion.magazineservice.xos
2025-12-09 12:04:18.091 12649-13195 CategoryMapper          com.cdccreditsmart.app               D  âœ… App bloqueÃ¡vel detectado: com.android.credentialmanager
2025-12-09 12:04:18.118 12649-13208 SettingsGuardService    com.cdccreditsmart.app               D  ğŸ“‹ Activity check - Full: null, Simple: null
2025-12-09 12:04:18.134 12649-13195 CategoryMapper          com.cdccreditsmart.app               D  âœ… App bloqueÃ¡vel detectado: com.android.theme.font.notoserifsource
2025-12-09 12:04:18.212 12649-13195 CategoryMapper          com.cdccreditsmart.app               D  âœ… App bloqueÃ¡vel detectado: com.android.DeviceAsWebcam
2025-12-09 12:04:18.214 12649-13196 ContractCodeStorage     com.cdccreditsmart.app               D  Storage verification: 7 valid, 0 tampered, 0 missing
2025-12-09 12:04:18.214 12649-13196 ContractCodeStorage     com.cdccreditsmart.app               D  Contract code retrieved successfully
2025-12-09 12:04:18.226 12649-13195 CategoryMapper          com.cdccreditsmart.app               D  âœ… App bloqueÃ¡vel detectado: com.transsion
2025-12-09 12:04:18.240 12649-13195 CategoryMapper          com.cdccreditsmart.app               D  âœ… App bloqueÃ¡vel detectado: com.mediatek.FrameworkResOverlayExt
2025-12-09 12:04:18.245 12649-13195 CategoryMapper          com.cdccreditsmart.app               D  âœ… App bloqueÃ¡vel detectado: com.android.proxyhandler
2025-12-09 12:04:18.247 12649-13195 CategoryMapper          com.cdccreditsmart.app               D  âœ… App bloqueÃ¡vel detectado: com.transsion.aftersalecalibrationtool
2025-12-09 12:04:18.261 12649-13195 CategoryMapper          com.cdccreditsmart.app               D  âœ… App bloqueÃ¡vel detectado: com.google.android.safetycenter.resources
2025-12-09 12:04:18.294 12649-12649 TextSelection           com.cdccreditsmart.app               D  onUseCache cache=false
2025-12-09 12:04:18.319 12649-13195 CategoryMapper          com.cdccreditsmart.app               D  âœ… App bloqueÃ¡vel detectado: com.transsion.scanningrecharger
2025-12-09 12:04:18.336 12649-13195 CategoryMapper          com.cdccreditsmart.app               D  âœ… App bloqueÃ¡vel detectado: com.android.internal.display.cutout.emulation.waterfall
2025-12-09 12:04:18.337 12649-13195 CategoryMapper          com.cdccreditsmart.app               D  âœ… App bloqueÃ¡vel detectado: com.android.intentresolver
2025-12-09 12:04:18.340 12649-13195 CategoryMapper          com.cdccreditsmart.app               D  âœ… App bloqueÃ¡vel detectado: com.talpa.hibrowser
2025-12-09 12:04:18.343 12649-12649 NavController           com.cdccreditsmart.app               I  Ignoring popBackStack to route pairing/qr_scanner as it was not found on the current back stack
2025-12-09 12:04:18.350 12649-13195 CategoryMapper          com.cdccreditsmart.app               D  âœ… App bloqueÃ¡vel detectado: com.android.wifi.system.mainline.resources.overlay
2025-12-09 12:04:18.365 12649-13195 CategoryMapper          com.cdccreditsmart.app               D  ğŸ›¡ï¸ App crÃ­tico do sistema detectado: com.android.internal.systemui.navbar.transparent
2025-12-09 12:04:18.365 12649-13195 CategoryMapper          com.cdccreditsmart.app               D  ğŸ›¡ï¸ App protegido (nÃ£o bloqueia): com.android.internal.systemui.navbar.transparent
2025-12-09 12:04:18.399 12649-13195 CategoryMapper          com.cdccreditsmart.app               D  âœ… App bloqueÃ¡vel detectado: com.transsion.phoenix
2025-12-09 12:04:18.404 12649-13195 CategoryMapper          com.cdccreditsmart.app               D  ğŸ›¡ï¸ App crÃ­tico do sistema detectado: com.android.providers.contactkeys
2025-12-09 12:04:18.405 12649-13195 CategoryMapper          com.cdccreditsmart.app               D  ğŸ›¡ï¸ App protegido (nÃ£o bloqueia): com.android.providers.contactkeys
2025-12-09 12:04:18.410 12649-13195 CategoryMapper          com.cdccreditsmart.app               D  âœ… App bloqueÃ¡vel detectado: com.google.android.connectivity.resources
2025-12-09 12:04:18.424 12649-13208 NetworkConnectivity     com.cdccreditsmart.app               D  âœ… Conectado via WiFi com internet
2025-12-09 12:04:18.425 12649-13208 SupportRepository       com.cdccreditsmart.app               I  ğŸ“¡ Buscando termos do servidor (version=latest)...
2025-12-09 12:04:18.433 12649-13195 CategoryMapper          com.cdccreditsmart.app               D  âœ… App bloqueÃ¡vel detectado: com.google.android.overlay.modules.permissioncontroller.forframework
2025-12-09 12:04:18.448 12649-13195 CategoryMapper          com.cdccreditsmart.app               D  âœ… App bloqueÃ¡vel detectado: com.google.android.feedback
2025-12-09 12:04:18.449 12649-13196 SecureTokenStorage      com.cdccreditsmart.app               D  EncryptedSharedPreferences initialized successfully
2025-12-09 12:04:18.466 12649-13195 LegalWhitelist          com.cdccreditsmart.app               D  âš–ï¸ App governamental protegido: com.google.android.printservice.recommendation
2025-12-09 12:04:18.466 12649-13195 CategoryMapper          com.cdccreditsmart.app               D  âš–ï¸ App protegido por lei (TJMG): com.google.android.printservice.recommendation - App governamental (TJMG)
2025-12-09 12:04:18.466 12649-13195 CategoryMapper          com.cdccreditsmart.app               D  ğŸ›¡ï¸ App protegido (nÃ£o bloqueia): com.google.android.printservice.recommendation
2025-12-09 12:04:18.467 12649-13195 CategoryMapper          com.cdccreditsmart.app               D  âœ… App bloqueÃ¡vel detectado: com.google.android.apps.photos
2025-12-09 12:04:18.469 12649-12649 InsetsController        com.cdccreditsmart.app               I  Insets animation onAnimationEnd
2025-12-09 12:04:18.477 12649-13195 CategoryMapper          com.cdccreditsmart.app               D  âœ… App bloqueÃ¡vel detectado: com.google.android.calendar
2025-12-09 12:04:18.479 12649-13195 CategoryMapper          com.cdccreditsmart.app               D  âœ… App bloqueÃ¡vel detectado: com.android.managedprovisioning
2025-12-09 12:04:18.489 12649-13196 CdcForegroundService    com.cdccreditsmart.app               I  ğŸ“¦ Construindo manifesto:
2025-12-09 12:04:18.489 12649-13196 CdcForegroundService    com.cdccreditsmart.app               I     ContractCode: XV8W5766...
2025-12-09 12:04:18.489 12649-13196 CdcForegroundService    com.cdccreditsmart.app               I     DeviceId: device_176...
2025-12-09 12:04:18.489 12649-13196 CdcForegroundService    com.cdccreditsmart.app               I     IMEI: 352096...
2025-12-09 12:04:18.489 12649-13196 CdcForegroundService    com.cdccreditsmart.app               I  ğŸ“¦ Salvando manifesto de enrollment para auto-reativaÃ§Ã£o
2025-12-09 12:04:18.489 12649-13196 ApkPreloadManager       com.cdccreditsmart.app               I  ========================================
2025-12-09 12:04:18.489 12649-13196 ApkPreloadManager       com.cdccreditsmart.app               I  ğŸ“¦ INSTALANDO APK NO PRELOAD (Multi-Fabricante)
2025-12-09 12:04:18.489 12649-13196 ApkPreloadManager       com.cdccreditsmart.app               I  ========================================
2025-12-09 12:04:18.489 12649-13195 CategoryMapper          com.cdccreditsmart.app               D  âœ… App bloqueÃ¡vel detectado: com.google.android.overlay.devicelockcontroller
2025-12-09 12:04:18.491 12649-13195 CategoryMapper          com.cdccreditsmart.app               D  âœ… App bloqueÃ¡vel detectado: com.android.soundpicker
2025-12-09 12:04:18.514 12649-13195 CategoryMapper          com.cdccreditsmart.app               D  âœ… App bloqueÃ¡vel detectado: com.google.android.documentsui
2025-12-09 12:04:18.515 12649-13196 ApkPreloadManager       com.cdccreditsmart.app               I  ğŸ“ APK fonte: /data/app/~~Gr0DQdPBEBxhzCWQUL2ytQ==/com.cdccreditsmart.app-cxL-d-sNC6vO2Wyi1BbHKQ==/base.apk
2025-12-09 12:04:18.515 12649-13196 ApkPreloadManager       com.cdccreditsmart.app               I  ğŸ“± Android 35 (15)
2025-12-09 12:04:18.515 12649-13196 ApkPreloadManager       com.cdccreditsmart.app               I  ğŸ“± Fabricante: INFINIX
2025-12-09 12:04:18.515 12649-13196 ApkPreloadManager       com.cdccreditsmart.app               I  ğŸ“± Marca: Infinix
2025-12-09 12:04:18.515 12649-13196 ApkPreloadManager       com.cdccreditsmart.app               I  ğŸ“± Produto: X6880-OPPJ
2025-12-09 12:04:18.515 12649-13196 ApkPreloadManager       com.cdccreditsmart.app               I  ğŸ“± Modelo: Infinix X6880
2025-12-09 12:04:18.515 12649-13196 ApkPreloadManager       com.cdccreditsmart.app               I  ğŸ“± Fabricante detectado: infinix
2025-12-09 12:04:18.515 12649-13196 ApkPreloadManager       com.cdccreditsmart.app               I  ğŸ” Caminhos de preload a tentar: 8
2025-12-09 12:04:18.515 12649-13196 ApkPreloadManager       com.cdccreditsmart.app               D     1. /data/system/device_owner_data/preloads
2025-12-09 12:04:18.515 12649-13196 ApkPreloadManager       com.cdccreditsmart.app               D     2. /data/system/device_owner_data
2025-12-09 12:04:18.515 12649-13196 ApkPreloadManager       com.cdccreditsmart.app               D     3. /data/hila/preinstall
2025-12-09 12:04:18.515 12649-13196 ApkPreloadManager       com.cdccreditsmart.app               D     4. /data/hios/preinstall
2025-12-09 12:04:18.515 12649-13196 ApkPreloadManager       com.cdccreditsmart.app               D     5. /data/xos/preinstall
2025-12-09 12:04:18.515 12649-13196 ApkPreloadManager       com.cdccreditsmart.app               D     6. /data/transsion/preload
2025-12-09 12:04:18.515 12649-13196 ApkPreloadManager       com.cdccreditsmart.app               D     7. /data/preloads/apps
2025-12-09 12:04:18.515 12649-13196 ApkPreloadManager       com.cdccreditsmart.app               D     8. /data/preload/apps
2025-12-09 12:04:18.515 12649-13196 ApkPreloadManager       com.cdccreditsmart.app               I  
2025-12-09 12:04:18.515 12649-13196 ApkPreloadManager       com.cdccreditsmart.app               I  ğŸ“‚ Tentando: /data/system/device_owner_data/preloads
2025-12-09 12:04:18.515 12649-13196 ApkPreloadManager       com.cdccreditsmart.app               I     ğŸ“ DiretÃ³rio nÃ£o existe - tentando criar...
2025-12-09 12:04:18.516 12649-13196 ApkPreloadManager       com.cdccreditsmart.app               W     âš ï¸ NÃ£o foi possÃ­vel criar diretÃ³rio
2025-12-09 12:04:18.516 12649-13196 ApkPreloadManager       com.cdccreditsmart.app               I  
2025-12-09 12:04:18.516 12649-13196 ApkPreloadManager       com.cdccreditsmart.app               I  ğŸ“‚ Tentando: /data/system/device_owner_data
2025-12-09 12:04:18.516 12649-13196 ApkPreloadManager       com.cdccreditsmart.app               I     ğŸ“ DiretÃ³rio nÃ£o existe - tentando criar...
2025-12-09 12:04:18.516 12649-13196 ApkPreloadManager       com.cdccreditsmart.app               W     âš ï¸ NÃ£o foi possÃ­vel criar diretÃ³rio
2025-12-09 12:04:18.516 12649-13196 ApkPreloadManager       com.cdccreditsmart.app               I  
2025-12-09 12:04:18.516 12649-13196 ApkPreloadManager       com.cdccreditsmart.app               I  ğŸ“‚ Tentando: /data/hila/preinstall
2025-12-09 12:04:18.517 12649-13196 ApkPreloadManager       com.cdccreditsmart.app               I     ğŸ“ DiretÃ³rio nÃ£o existe - tentando criar...
2025-12-09 12:04:18.517 12649-13196 ApkPreloadManager       com.cdccreditsmart.app               W     âš ï¸ NÃ£o foi possÃ­vel criar diretÃ³rio
2025-12-09 12:04:18.517 12649-13196 ApkPreloadManager       com.cdccreditsmart.app               I  
2025-12-09 12:04:18.517 12649-13196 ApkPreloadManager       com.cdccreditsmart.app               I  ğŸ“‚ Tentando: /data/hios/preinstall
2025-12-09 12:04:18.517 12649-13196 ApkPreloadManager       com.cdccreditsmart.app               I     ğŸ“ DiretÃ³rio nÃ£o existe - tentando criar...
2025-12-09 12:04:18.518 12649-13196 ApkPreloadManager       com.cdccreditsmart.app               W     âš ï¸ NÃ£o foi possÃ­vel criar diretÃ³rio
2025-12-09 12:04:18.518 12649-13196 ApkPreloadManager       com.cdccreditsmart.app               I  
2025-12-09 12:04:18.518 12649-13196 ApkPreloadManager       com.cdccreditsmart.app               I  ğŸ“‚ Tentando: /data/xos/preinstall
2025-12-09 12:04:18.518 12649-13196 ApkPreloadManager       com.cdccreditsmart.app               I     ğŸ“ DiretÃ³rio nÃ£o existe - tentando criar...
2025-12-09 12:04:18.518 12649-13196 ApkPreloadManager       com.cdccreditsmart.app               W     âš ï¸ NÃ£o foi possÃ­vel criar diretÃ³rio
2025-12-09 12:04:18.518 12649-13196 ApkPreloadManager       com.cdccreditsmart.app               I  
2025-12-09 12:04:18.518 12649-13196 ApkPreloadManager       com.cdccreditsmart.app               I  ğŸ“‚ Tentando: /data/transsion/preload
2025-12-09 12:04:18.518 12649-13196 ApkPreloadManager       com.cdccreditsmart.app               I     ğŸ“ DiretÃ³rio nÃ£o existe - tentando criar...
2025-12-09 12:04:18.519 12649-13196 ApkPreloadManager       com.cdccreditsmart.app               W     âš ï¸ NÃ£o foi possÃ­vel criar diretÃ³rio
2025-12-09 12:04:18.519 12649-13196 ApkPreloadManager       com.cdccreditsmart.app               I  
2025-12-09 12:04:18.519 12649-13196 ApkPreloadManager       com.cdccreditsmart.app               I  ğŸ“‚ Tentando: /data/preloads/apps
2025-12-09 12:04:18.519 12649-13196 ApkPreloadManager       com.cdccreditsmart.app               I     ğŸ“ DiretÃ³rio nÃ£o existe - tentando criar...
2025-12-09 12:04:18.519 12649-13196 ApkPreloadManager       com.cdccreditsmart.app               W     âš ï¸ NÃ£o foi possÃ­vel criar diretÃ³rio
2025-12-09 12:04:18.519 12649-13196 ApkPreloadManager       com.cdccreditsmart.app               I  
2025-12-09 12:04:18.519 12649-13196 ApkPreloadManager       com.cdccreditsmart.app               I  ğŸ“‚ Tentando: /data/preload/apps
2025-12-09 12:04:18.519 12649-13196 ApkPreloadManager       com.cdccreditsmart.app               I     ğŸ“ DiretÃ³rio nÃ£o existe - tentando criar...
2025-12-09 12:04:18.520 12649-13196 ApkPreloadManager       com.cdccreditsmart.app               W     âš ï¸ NÃ£o foi possÃ­vel criar diretÃ³rio
2025-12-09 12:04:18.520 12649-13196 ApkPreloadManager       com.cdccreditsmart.app               E  
2025-12-09 12:04:18.520 12649-13196 ApkPreloadManager       com.cdccreditsmart.app               E  âŒ FALHA: Nenhum caminho de preload acessÃ­vel
2025-12-09 12:04:18.520 12649-13196 ApkPreloadManager       com.cdccreditsmart.app               E     Fabricante: infinix
2025-12-09 12:04:18.520 12649-13196 ApkPreloadManager       com.cdccreditsmart.app               E     O sistema de recuperaÃ§Ã£o via stub ainda funcionarÃ¡
2025-12-09 12:04:18.520 12649-13196 ApkPreloadManager       com.cdccreditsmart.app               I  ========================================
2025-12-09 12:04:18.520 12649-13196 CdcForegroundService    com.cdccreditsmart.app               W  ğŸ“¦ âš ï¸ Nenhum caminho de preload acessÃ­vel neste dispositivo
2025-12-09 12:04:18.520 12649-13196 CdcForegroundService    com.cdccreditsmart.app               W  ğŸ“¦    O sistema de recuperaÃ§Ã£o via stub ainda funcionarÃ¡
2025-12-09 12:04:18.520 12649-13196 CdcForegroundService    com.cdccreditsmart.app               I  ğŸ“¦ ========================================
2025-12-09 12:04:18.520 12649-13196 CdcForegroundService    com.cdccreditsmart.app               I  ğŸ”„ ========================================
2025-12-09 12:04:18.520 12649-13196 CdcForegroundService    com.cdccreditsmart.app               I  ğŸ”„ SINCRONIZAÃ‡ÃƒO IMEDIATA DE BLOQUEIO
2025-12-09 12:04:18.520 12649-13196 CdcForegroundService    com.cdccreditsmart.app               I  ğŸ”„ ========================================
2025-12-09 12:04:18.521 12649-13195 CategoryMapper          com.cdccreditsmart.app               D  âœ… App bloqueÃ¡vel detectado: com.mediatek.MtkSettingsResOverlay
2025-12-09 12:04:18.522 12649-13195 CategoryMapper          com.cdccreditsmart.app               D  âœ… App bloqueÃ¡vel detectado: com.transsion.folax
2025-12-09 12:04:18.525 12649-13195 CategoryMapper          com.cdccreditsmart.app               D  âœ… App bloqueÃ¡vel detectado: com.transsion.theme
2025-12-09 12:04:18.526 12649-13195 CategoryMapper          com.cdccreditsmart.app               D  âœ… App bloqueÃ¡vel detectado: com.transsion.repaircard
2025-12-09 12:04:18.527 12649-13195 CategoryMapper          com.cdccreditsmart.app               D  âœ… App bloqueÃ¡vel detectado: com.google.mainline.telemetry
2025-12-09 12:04:18.528 12649-13195 CategoryMapper          com.cdccreditsmart.app               D  âœ… App bloqueÃ¡vel detectado: com.facebook.katana
2025-12-09 12:04:18.530 12649-13196 CdcForegroundService    com.cdccreditsmart.app               I  ğŸ”„ NÃ­vel de bloqueio LOCAL atual: 0
2025-12-09 12:04:18.579 12649-13195 CategoryMapper          com.cdccreditsmart.app               D  âœ… App bloqueÃ¡vel detectado: com.transsion.tranengine
2025-12-09 12:04:18.580 12649-13195 CategoryMapper          com.cdccreditsmart.app               D  âœ… App bloqueÃ¡vel detectado: com.android.devicediagnostics
2025-12-09 12:04:18.581 12649-13195 CategoryMapper          com.cdccreditsmart.app               D  âœ… App bloqueÃ¡vel detectado: com.afmobi.boomplayer
2025-12-09 12:04:18.587 12649-13195 CategoryMapper          com.cdccreditsmart.app               D  ğŸ›¡ï¸ App crÃ­tico do sistema detectado: com.android.providers.partnerbookmarks
2025-12-09 12:04:18.587 12649-13195 CategoryMapper          com.cdccreditsmart.app               D  ğŸ›¡ï¸ App protegido (nÃ£o bloqueia): com.android.providers.partnerbookmarks
2025-12-09 12:04:18.600 12649-13195 CategoryMapper          com.cdccreditsmart.app               D  âœ… App bloqueÃ¡vel detectado: com.android.role.notes.enabled
2025-12-09 12:04:18.681 12649-13195 CategoryMapper          com.cdccreditsmart.app               D  âœ… App bloqueÃ¡vel detectado: com.payjoy.access
2025-12-09 12:04:18.696 12649-13195 CategoryMapper          com.cdccreditsmart.app               D  âœ… App bloqueÃ¡vel detectado: com.transsion.screencapture
2025-12-09 12:04:18.698 12649-13195 CategoryMapper          com.cdccreditsmart.app               D  âœ… App bloqueÃ¡vel detectado: com.transsion.intercom
2025-12-09 12:04:18.698 12649-13195 CategoryMapper          com.cdccreditsmart.app               D  âœ… App bloqueÃ¡vel detectado: com.android.wallpaper.livepicker
2025-12-09 12:04:18.701 12649-13195 CategoryMapper          com.cdccreditsmart.app               D  âœ… App bloqueÃ¡vel detectado: com.transsion.overlaysuw
2025-12-09 12:04:18.705 12649-13195 CategoryMapper          com.cdccreditsmart.app               D  âœ… App bloqueÃ¡vel detectado: com.android.apps.tag
2025-12-09 12:04:18.709 12649-13195 CategoryMapper          com.cdccreditsmart.app               D  âœ… App bloqueÃ¡vel detectado: com.google.mainline.adservices
2025-12-09 12:04:18.718 12649-13195 CategoryMapper          com.cdccreditsmart.app               D  âœ… App bloqueÃ¡vel detectado: com.android.imsserviceentitlement
2025-12-09 12:04:18.727 12649-13195 CategoryMapper          com.cdccreditsmart.app               D  âœ… App bloqueÃ¡vel detectado: com.silead.factorytest
2025-12-09 12:04:18.728 12649-13195 CategoryMapper          com.cdccreditsmart.app               D  âœ… App bloqueÃ¡vel detectado: com.facebook.system
2025-12-09 12:04:18.729 12649-13195 CategoryMapper          com.cdccreditsmart.app               D  âœ… App bloqueÃ¡vel detectado: com.google.android.healthconnect.controller
2025-12-09 12:04:18.732 12649-13196 CdcForegroundService    com.cdccreditsmart.app               I  ğŸ”„ Enviando heartbeat de sincronizaÃ§Ã£o...
2025-12-09 12:04:18.735 12649-13195 CategoryMapper          com.cdccreditsmart.app               D  âœ… App bloqueÃ¡vel detectado: com.transsion.aisupportercore
2025-12-09 12:04:18.745 12649-13195 CategoryMapper          com.cdccreditsmart.app               D  âœ… App bloqueÃ¡vel detectado: com.transsnet.store
2025-12-09 12:04:18.746 12649-13195 CategoryMapper          com.cdccreditsmart.app               D  âœ… App bloqueÃ¡vel detectado: com.transsion.aiwriting
2025-12-09 12:04:18.747 12649-13195 CategoryMapper          com.cdccreditsmart.app               D  âœ… App bloqueÃ¡vel detectado: com.transsion.livewallpaper.colorart
2025-12-09 12:04:18.748 12649-13195 CategoryMapper          com.cdccreditsmart.app               D  âœ… App bloqueÃ¡vel detectado: com.google.android.gms.supervision
2025-12-09 12:04:18.749 12649-13195 CategoryMapper          com.cdccreditsmart.app               D  âœ… App bloqueÃ¡vel detectado: com.transsion.smartpanel
2025-12-09 12:04:18.749 12649-13208 SettingsGuardService    com.cdccreditsmart.app               D  ğŸ“‹ Activity check - Full: null, Simple: null
2025-12-09 12:04:18.752 12649-13195 CategoryMapper          com.cdccreditsmart.app               D  âœ… App bloqueÃ¡vel detectado: com.transsion.livewallpaper.page
2025-12-09 12:04:18.753 12649-13195 CategoryMapper          com.cdccreditsmart.app               D  âœ… App bloqueÃ¡vel detectado: com.transsion.microintelligence
2025-12-09 12:04:18.754 12649-13195 CategoryMapper          com.cdccreditsmart.app               D  âœ… App bloqueÃ¡vel detectado: com.transsion.spld
2025-12-09 12:04:18.754 12649-13195 CategoryMapper          com.cdccreditsmart.app               D  âœ… App bloqueÃ¡vel detectado: com.transsion.succ
2025-12-09 12:04:18.755 12649-13195 CategoryMapper          com.cdccreditsmart.app               D  âœ… App bloqueÃ¡vel detectado: com.transsion.tabe
2025-12-09 12:04:18.756 12649-13195 CategoryMapper          com.cdccreditsmart.app               D  âœ… App bloqueÃ¡vel detectado: com.transsion.teop
2025-12-09 12:04:18.760 12649-13195 CategoryMapper          com.cdccreditsmart.app               D  âœ… App bloqueÃ¡vel detectado: com.transsion.tips
2025-12-09 12:04:18.760 12649-13195 CategoryMapper          com.cdccreditsmart.app               D  âœ… App bloqueÃ¡vel detectado: com.android.bookmarkprovider
2025-12-09 12:04:18.760 12649-13195 CategoryMapper          com.cdccreditsmart.app               D  ğŸ›¡ï¸ App protegido (nÃ£o bloqueia): com.android.settings
2025-12-09 12:04:18.761 12649-13195 CategoryMapper          com.cdccreditsmart.app               D  âœ… App bloqueÃ¡vel detectado: com.transsion.smartrecognition
2025-12-09 12:04:18.762 12649-13195 CategoryMapper          com.cdccreditsmart.app               D  âœ… App bloqueÃ¡vel detectado: com.theme.icondefaultshape
2025-12-09 12:04:18.763 12649-13195 CategoryMapper          com.cdccreditsmart.app               D  âœ… App bloqueÃ¡vel detectado: com.google.android.overlay.modules.captiveportallogin.forframework
2025-12-09 12:04:18.764 12649-13195 CategoryMapper          com.cdccreditsmart.app               D  âœ… App bloqueÃ¡vel detectado: com.android.wifi.mainline.resources.overlay
2025-12-09 12:04:18.765 12649-13195 CategoryMapper          com.cdccreditsmart.app               D  âœ… App bloqueÃ¡vel detectado: com.mediatek.mdmconfig
2025-12-09 12:04:18.766 12649-13195 CategoryMapper          com.cdccreditsmart.app               D  âœ… App bloqueÃ¡vel detectado: com.transtech.geniex
2025-12-09 12:04:18.785 12649-13195 CategoryMapper          com.cdccreditsmart.app               D  âœ… App bloqueÃ¡vel detectado: com.google.android.projection.gearhead
2025-12-09 12:04:18.798 12649-13132 creditsmart.app         com.cdccreditsmart.app               I  Background concurrent mark compact GC freed 8613KB AllocSpace bytes, 198(7224KB) LOS objects, 49% free, 15MB/31MB, paused 1.409ms,2.376ms total 252.495ms
2025-12-09 12:04:18.801 12649-13195 CategoryMapper          com.cdccreditsmart.app               D  âœ… App bloqueÃ¡vel detectado: android.autoinstalls.config.transsion.device
2025-12-09 12:04:18.802 12649-13195 CategoryMapper          com.cdccreditsmart.app               D  âœ… App bloqueÃ¡vel detectado: com.google.android.uwb.resources
2025-12-09 12:04:18.803 12649-13195 CategoryMapper          com.cdccreditsmart.app               D  âœ… App bloqueÃ¡vel detectado: net.bat.store
2025-12-09 12:04:18.807 12649-13195 CategoryMapper          com.cdccreditsmart.app               D  âœ… App bloqueÃ¡vel detectado: com.transsion.smartpanel.overlay
2025-12-09 12:04:18.811 12649-13195 CategoryMapper          com.cdccreditsmart.app               D  âœ… App bloqueÃ¡vel detectado: com.android.cts.ctsshim
2025-12-09 12:04:18.813 12649-13195 CategoryMapper          com.cdccreditsmart.app               D  âœ… App bloqueÃ¡vel detectado: com.transsion.aiwriting.overlay
2025-12-09 12:04:18.814 12649-13195 CategoryMapper          com.cdccreditsmart.app               D  âœ… App bloqueÃ¡vel detectado: com.google.android.wifi.resources
2025-12-09 12:04:18.815 12649-13195 CategoryMapper          com.cdccreditsmart.app               D  âœ… App bloqueÃ¡vel detectado: com.transsion.livewallpaper.mondrian
2025-12-09 12:04:18.815 12649-13195 CategoryMapper          com.cdccreditsmart.app               D  âœ… App bloqueÃ¡vel detectado: com.google.android.overlay.modules.modulemetadata.forframework
2025-12-09 12:04:18.818 12649-13195 CategoryMapper          com.cdccreditsmart.app               D  âœ… App bloqueÃ¡vel detectado: com.google.android.wifi.dialog
2025-12-09 12:04:18.819 12649-13195 CategoryMapper          com.cdccreditsmart.app               D  âœ… App bloqueÃ¡vel detectado: com.sh.smart.caller
2025-12-09 12:04:18.820 12649-13195 CategoryMapper          com.cdccreditsmart.app               D  âœ… App bloqueÃ¡vel detectado: com.einnovation.temu
2025-12-09 12:04:18.820 12649-13195 CategoryMapper          com.cdccreditsmart.app               D  âœ… App bloqueÃ¡vel detectado: com.android.wallpaper
2025-12-09 12:04:18.821 12649-13195 CategoryMapper          com.cdccreditsmart.app               D  âœ… App bloqueÃ¡vel detectado: com.android.microdroid.empty_payload
2025-12-09 12:04:18.822 12649-13195 CategoryMapper          com.cdccreditsmart.app               D  âœ… App bloqueÃ¡vel detectado: com.transsion.nephilim
2025-12-09 12:04:18.828 12649-13195 CategoryMapper          com.cdccreditsmart.app               D  âœ… App bloqueÃ¡vel detectado: com.android.vpndialogs
2025-12-09 12:04:18.829 12649-13195 CategoryMapper          com.cdccreditsmart.app               D  âœ… App bloqueÃ¡vel detectado: com.transsion.tranradionet
2025-12-09 12:04:18.830 12649-13195 CategoryMapper          com.cdccreditsmart.app               D  âœ… App bloqueÃ¡vel detectado: com.transsion.globalsearch
2025-12-09 12:04:18.831 12649-13195 CategoryMapper          com.cdccreditsmart.app               D  âœ… App bloqueÃ¡vel detectado: com.mediatek.location.mtkgeofence
2025-12-09 12:04:18.831 12649-13195 CategoryMapper          com.cdccreditsmart.app               D  âš–ï¸ App protegido por lei (TJMG): com.android.phone - Chamadas telefÃ´nicas (TJMG)
2025-12-09 12:04:18.831 12649-13195 CategoryMapper          com.cdccreditsmart.app               D  ğŸ›¡ï¸ App protegido (nÃ£o bloqueia): com.android.phone
2025-12-09 12:04:18.831 12649-13195 CategoryMapper          com.cdccreditsmart.app               D  ğŸ›¡ï¸ App protegido (nÃ£o bloqueia): com.android.shell
2025-12-09 12:04:18.832 12649-13195 CategoryMapper          com.cdccreditsmart.app               D  âœ… App bloqueÃ¡vel detectado: com.transsion.systemupdate
2025-12-09 12:04:18.834 12649-13195 CategoryMapper          com.cdccreditsmart.app               D  âœ… App bloqueÃ¡vel detectado: com.android.wallpaperbackup
2025-12-09 12:04:18.836 12649-13195 CategoryMapper          com.cdccreditsmart.app               D  ğŸ›¡ï¸ App crÃ­tico do sistema detectado: com.android.providers.blockednumber
2025-12-09 12:04:18.836 12649-13195 CategoryMapper          com.cdccreditsmart.app               D  ğŸ›¡ï¸ App protegido (nÃ£o bloqueia): com.android.providers.blockednumber
2025-12-09 12:04:18.837 12649-13195 CategoryMapper          com.cdccreditsmart.app               D  âœ… App bloqueÃ¡vel detectado: com.transsion.soundrecorder
2025-12-09 12:04:18.838 12649-13195 CategoryMapper          com.cdccreditsmart.app               D  âœ… App bloqueÃ¡vel detectado: com.transsion.trancare
2025-12-09 12:04:18.839 12649-13195 CategoryMapper          com.cdccreditsmart.app               D  âœ… App bloqueÃ¡vel detectado: com.android.wifi.system.resources.overlay
2025-12-09 12:04:18.849 12649-13195 CategoryMapper          com.cdccreditsmart.app               D  âœ… App bloqueÃ¡vel detectado: com.google.android.apps.work.clouddpc
2025-12-09 12:04:18.849 12649-13195 CategoryMapper          com.cdccreditsmart.app               D  ğŸ›¡ï¸ App protegido (nÃ£o bloqueia): com.android.providers.userdictionary
2025-12-09 12:04:18.849 12649-13195 CategoryMapper          com.cdccreditsmart.app               D  âš–ï¸ App protegido por lei (TJMG): com.android.emergency - EmergÃªncia
2025-12-09 12:04:18.849 12649-13195 CategoryMapper          com.cdccreditsmart.app               D  ğŸ›¡ï¸ App protegido (nÃ£o bloqueia): com.android.emergency
2025-12-09 12:04:18.851 12649-13195 CategoryMapper          com.cdccreditsmart.app               D  âœ… App bloqueÃ¡vel detectado: com.shopee.id
2025-12-09 12:04:18.852 12649-13195 CategoryMapper          com.cdccreditsmart.app               D  âœ… App bloqueÃ¡vel detectado: com.shopee.ph
2025-12-09 12:04:18.853 12649-13195 CategoryMapper          com.cdccreditsmart.app               D  âœ… App bloqueÃ¡vel detectado: com.shopee.th
2025-12-09 12:04:18.854 12649-13195 CategoryMapper          com.cdccreditsmart.app               D  âœ… App bloqueÃ¡vel detectado: com.mediatek.voiceunlock
2025-12-09 12:04:18.857 12649-13195 CategoryMapper          com.cdccreditsmart.app               D  âœ… App bloqueÃ¡vel detectado: com.google.android.gms.location.history
2025-12-09 12:04:18.860 12649-13195 CategoryMapper          com.cdccreditsmart.app               D  ğŸ›¡ï¸ App crÃ­tico do sistema detectado: com.android.internal.systemui.navbar.gestural
2025-12-09 12:04:18.860 12649-13195 CategoryMapper          com.cdccreditsmart.app               D  ğŸ›¡ï¸ App protegido (nÃ£o bloqueia): com.android.internal.systemui.navbar.gestural
2025-12-09 12:04:18.861 12649-13195 CategoryMapper          com.cdccreditsmart.app               D  âœ… App bloqueÃ¡vel detectado: com.google.android.overlay.gmsconfig.personalsafety
2025-12-09 12:04:18.861 12649-13195 CategoryMapper          com.cdccreditsmart.app               D  ğŸ›¡ï¸ App protegido (nÃ£o bloqueia): com.android.location.fused
2025-12-09 12:04:18.862 12649-13195 CategoryMapper          com.cdccreditsmart.app               D  âœ… App bloqueÃ¡vel detectado: id.mjs.etalaseapp
2025-12-09 12:04:18.862 12649-13195 CategoryMapper          com.cdccreditsmart.app               D  ğŸ›¡ï¸ App protegido (nÃ£o bloqueia): com.android.systemui
2025-12-09 12:04:18.864 12649-13195 CategoryMapper          com.cdccreditsmart.app               D  âœ… App bloqueÃ¡vel detectado: com.google.android.ondevicepersonalization.services
2025-12-09 12:04:18.865 12649-13195 CategoryMapper          com.cdccreditsmart.app               D  âœ… App bloqueÃ¡vel detectado: com.google.android.apps.youtube.music
2025-12-09 12:04:18.868 12649-13195 CategoryMapper          com.cdccreditsmart.app               D  âœ… App bloqueÃ¡vel detectado: com.transsion.calculator
2025-12-09 12:04:18.869 12649-13195 CategoryMapper          com.cdccreditsmart.app               D  âœ… App bloqueÃ¡vel detectado: com.android.bluetoothmidiservice
2025-12-09 12:04:18.870 12649-13195 CategoryMapper          com.cdccreditsmart.app               D  âœ… App bloqueÃ¡vel detectado: com.transsion.os.typeface
2025-12-09 12:04:18.871 12649-13195 CategoryMapper          com.cdccreditsmart.app               D  âœ… App bloqueÃ¡vel detectado: com.transsion.livewallpaper.fantasy
2025-12-09 12:04:18.872 12649-13195 CategoryMapper          com.cdccreditsmart.app               D  âœ… App bloqueÃ¡vel detectado: com.transsion.kolun.aiservice
2025-12-09 12:04:18.873 12649-13195 CategoryMapper          com.cdccreditsmart.app               D  âœ… App bloqueÃ¡vel detectado: com.geniex.vsimhelper
2025-12-09 12:04:18.877 12649-13195 CategoryMapper          com.cdccreditsmart.app               D  âœ… App bloqueÃ¡vel detectado: com.facebook.appmanager
2025-12-09 12:04:18.878 12649-13195 CategoryMapper          com.cdccreditsmart.app               D  âœ… App bloqueÃ¡vel detectado: tech.palm.id
2025-12-09 12:04:18.878 12649-13195 CategoryMapper          com.cdccreditsmart.app               D  âœ… App bloqueÃ¡vel detectado: com.mediatek.networkstack.nongooverlay
2025-12-09 12:04:18.879 12649-13195 CategoryMapper          com.cdccreditsmart.app               D  âœ… App bloqueÃ¡vel detectado: com.transsion.aiassistantlifestyle
2025-12-09 12:04:18.880 12649-13195 CategoryMapper          com.cdccreditsmart.app               D  âœ… App bloqueÃ¡vel detectado: com.transsion.tele.settings
2025-12-09 12:04:18.881 12649-13195 CategoryMapper          com.cdccreditsmart.app               D  âœ… App bloqueÃ¡vel detectado: com.transsion.settings.nfc
2025-12-09 12:04:18.882 12649-13195 CategoryMapper          com.cdccreditsmart.app               D  âœ… App bloqueÃ¡vel detectado: com.android.traceur
2025-12-09 12:04:18.884 12649-13195 CategoryMapper          com.cdccreditsmart.app               D  âœ… App bloqueÃ¡vel detectado: com.transsion.thub.res
2025-12-09 12:04:18.887 12649-13195 CategoryMapper          com.cdccreditsmart.app               D  âœ… App bloqueÃ¡vel detectado: com.google.android.cellbroadcastreceiver
2025-12-09 12:04:18.889 12649-13195 CategoryMapper          com.cdccreditsmart.app               D  âœ… App bloqueÃ¡vel detectado: com.transsion.sk
2025-12-09 12:04:18.891 12649-13195 CategoryMapper          com.cdccreditsmart.app               D  âœ… App bloqueÃ¡vel detectado: com.transsion.tranfacmode
2025-12-09 12:04:18.895 12649-13195 CategoryMapper          com.cdccreditsmart.app               D  âœ… App bloqueÃ¡vel detectado: com.transsion.notebook
2025-12-09 12:04:18.896 12649-13195 CategoryMapper          com.cdccreditsmart.app               D  âœ… App bloqueÃ¡vel detectado: android.auto_generated_rro_product__
2025-12-09 12:04:18.898 12649-13195 CategoryMapper          com.cdccreditsmart.app               D  âœ… App bloqueÃ¡vel detectado: com.android.bluetooth
2025-12-09 12:04:18.899 12649-13195 CategoryMapper          com.cdccreditsmart.app               D  âœ… App bloqueÃ¡vel detectado: com.android.wallpaperpicker
2025-12-09 12:04:18.899 12649-13195 CategoryMapper          com.cdccreditsmart.app               D  ğŸ›¡ï¸ App protegido (nÃ£o bloqueia): com.android.providers.contacts
2025-12-09 12:04:18.901 12649-13195 CategoryMapper          com.cdccreditsmart.app               D  âœ… App bloqueÃ¡vel detectado: com.transsion.aod
2025-12-09 12:04:18.903 12649-13195 CategoryMapper          com.cdccreditsmart.app               D  âœ… App bloqueÃ¡vel detectado: com.transsion.mol
2025-12-09 12:04:18.904 12649-13195 CategoryMapper          com.cdccreditsmart.app               D  âœ… App bloqueÃ¡vel detectado: com.transsion.spl
2025-12-09 12:04:18.906 12649-13195 CategoryMapper          com.cdccreditsmart.app               D  âœ… App bloqueÃ¡vel detectado: com.transsion.sru
2025-12-09 12:04:18.910 12649-13195 CategoryMapper          com.cdccreditsmart.app               D  âœ… App bloqueÃ¡vel detectado: com.transsion.chromecustomization
2025-12-09 12:04:18.912 12649-13195 CategoryMapper          com.cdccreditsmart.app               D  âœ… App bloqueÃ¡vel detectado: com.transsion.aicore.speech
2025-12-09 12:04:18.914 12649-13195 CategoryMapper          com.cdccreditsmart.app               D  âœ… App bloqueÃ¡vel detectado: com.transsion.cloudserver
2025-12-09 12:04:18.915 12649-13195 CategoryMapper          com.cdccreditsmart.app               D  âœ… App bloqueÃ¡vel detectado: com.google.android.photopicker
2025-12-09 12:04:18.917 12649-13195 CategoryMapper          com.cdccreditsmart.app               D  âœ… App bloqueÃ¡vel detectado: com.transsion.compass
2025-12-09 12:04:18.919 12649-13195 CategoryMapper          com.cdccreditsmart.app               D  âœ… App bloqueÃ¡vel detectado: cn.wps.moffice_eng
2025-12-09 12:04:18.921 12649-13195 CategoryMapper          com.cdccreditsmart.app               D  âœ… App bloqueÃ¡vel detectado: com.transsion.deskclock
2025-12-09 12:04:18.922 12649-13195 CategoryMapper          com.cdccreditsmart.app               D  âœ… App bloqueÃ¡vel detectado: com.mediatek.gbaservice
2025-12-09 12:04:18.926 12649-13195 CategoryMapper          com.cdccreditsmart.app               D  âœ… App bloqueÃ¡vel detectado: com.transsion.kolun.assistant
2025-12-09 12:04:18.928 12649-13195 CategoryMapper          com.cdccreditsmart.app               D  ğŸ›¡ï¸ App crÃ­tico do sistema detectado: com.google.android.inputmethod.latin
2025-12-09 12:04:18.928 12649-13195 CategoryMapper          com.cdccreditsmart.app               D  ğŸ›¡ï¸ App protegido (nÃ£o bloqueia): com.google.android.inputmethod.latin
2025-12-09 12:04:18.933 12649-13195 CategoryMapper          com.cdccreditsmart.app               D  âœ… App bloqueÃ¡vel detectado: com.google.android.apps.restore
2025-12-09 12:04:18.935 12649-13195 CategoryMapper          com.cdccreditsmart.app               D  âœ… App bloqueÃ¡vel detectado: com.mediatek.MtkTelephonyServiceResOverlay
2025-12-09 12:04:18.936 12649-13195 CategoryMapper          com.cdccreditsmart.app               I  ğŸ“Š Total de apps marcados para bloqueio: 0
2025-12-09 12:04:18.936 12649-13195 AppBlockingManager      com.cdccreditsmart.app               I     âœ… Legacy packages: 0
2025-12-09 12:04:18.936 12649-13195 AppBlockingManager      com.cdccreditsmart.app               I  
2025-12-09 12:04:18.936 12649-13195 AppBlockingManager      com.cdccreditsmart.app               I  ğŸ›¡ï¸ FILTRANDO PACKAGES PROTEGIDOS...
2025-12-09 12:04:18.936 12649-13195 AppBlockingManager      com.cdccreditsmart.app               D     â†’ Exceptions (exceptions): 0
2025-12-09 12:04:18.936 12649-13195 AppBlockingManager      com.cdccreditsmart.app               D     â†’ LegalWhitelist (TJMG): 199
2025-12-09 12:04:18.936 12649-13195 AppBlockingManager      com.cdccreditsmart.app               I     âœ… Removidos 0 packages por nome direto
2025-12-09 12:04:18.937 12649-13195 AppBlockingManager      com.cdccreditsmart.app               I     ğŸ›¡ï¸ Verificando isProtectedByException() com exceÃ§Ãµes: []
2025-12-09 12:04:18.937 12649-13195 AppBlockingManager      com.cdccreditsmart.app               I     âœ… Removidos 0 apps protegidos por exceÃ§Ãµes semÃ¢nticas
2025-12-09 12:04:18.937 12649-13195 AppBlockingManager      com.cdccreditsmart.app               I     ğŸ›¡ï¸ Total removidos: 0 packages protegidos
2025-12-09 12:04:18.937 12649-13195 AppBlockingManager      com.cdccreditsmart.app               I     ğŸ“Š Total a bloquear: 0
2025-12-09 12:04:18.937 12649-13195 AppBlockingManager      com.cdccreditsmart.app               I  
2025-12-09 12:04:18.937 12649-13195 AppBlockingManager      com.cdccreditsmart.app               I  ğŸ’¾ PERSISTINDO ESTADO ANTES DO BLOQUEIO...
2025-12-09 12:04:18.937 12649-13195 AppBlockingManager      com.cdccreditsmart.app               D  ğŸ’¾ Estado de bloqueio salvo: level=6, days=0, reason=CorreÃ§Ã£o automÃ¡tica de conformidade
2025-12-09 12:04:18.938 12649-13195 AppBlockingManager      com.cdccreditsmart.app               I     âœ… saveBlockingState() - NÃ­vel 6 salvo
2025-12-09 12:04:18.938 12649-13195 AppBlockingManager      com.cdccreditsmart.app               D  ğŸ’¾ Categorias bloqueadas salvas: []
2025-12-09 12:04:18.938 12649-13195 AppBlockingManager      com.cdccreditsmart.app               I     âœ… saveBlockedCategories() - 0 categorias salvas
2025-12-09 12:04:18.938 12649-13195 AppBlockingManager      com.cdccreditsmart.app               D  ğŸ’¾ Pacotes bloqueados salvos: 0 apps
2025-12-09 12:04:18.938 12649-13195 AppBlockingManager      com.cdccreditsmart.app               I     âœ… saveBlockedPackages() - 0 packages salvos
2025-12-09 12:04:19.169 12649-13195 LocalAccountState       com.cdccreditsmart.app               D  âœ… Blocking state saved: level=6, days=0, categories=0, packages=0
2025-12-09 12:04:19.169 12649-13195 AppBlockingManager      com.cdccreditsmart.app               D  ğŸ’¾ LocalAccountState persistido: level=6, packages=0
2025-12-09 12:04:19.169 12649-13195 AppBlockingManager      com.cdccreditsmart.app               I     âœ… persistToLocalAccountState() - Estado offline persistido
2025-12-09 12:04:19.169 12649-13195 DebtAgingCalculator     com.cdccreditsmart.app               I  âœ… ========================================
2025-12-09 12:04:19.169 12649-13195 DebtAgingCalculator     com.cdccreditsmart.app               I  âœ… RESET DE DIAS AUTORIZADO PELO SERVIDOR
2025-12-09 12:04:19.169 12649-13195 DebtAgingCalculator     com.cdccreditsmart.app               I  âœ… ========================================
2025-12-09 12:04:19.169 12649-13195 DebtAgingCalculator     com.cdccreditsmart.app               I  âœ… NÃ­vel do servidor: 6
2025-12-09 12:04:19.169 12649-13195 DebtAgingCalculator     com.cdccreditsmart.app               I  âœ… Dias do servidor: 0
2025-12-09 12:04:19.358 12649-13196 SettingsGuardService    com.cdccreditsmart.app               D  ğŸ“‹ Activity check - Full: null, Simple: null
2025-12-09 12:04:19.408 12649-13195 DebtAgingCalculator     com.cdccreditsmart.app               I  âœ… Max anterior: 0
2025-12-09 12:04:19.440 12649-13195 DebtAgingCalculator     com.cdccreditsmart.app               I  âœ… Max atualizado para: 0
2025-12-09 12:04:19.440 12649-13195 DebtAgingCalculator     com.cdccreditsmart.app               I  âœ… Timestamp confiÃ¡vel atualizado: 1765292659408
2025-12-09 12:04:19.440 12649-13195 DebtAgingCalculator     com.cdccreditsmart.app               I  âœ… Timestamps incremento offline resetados (wall-clock e elapsedRealtime)
2025-12-09 12:04:19.440 12649-13195 DebtAgingCalculator     com.cdccreditsmart.app               I  âœ… ========================================
2025-12-09 12:04:19.440 12649-13195 AppBlockingManager      com.cdccreditsmart.app               I     âœ… Max dias atualizado pelo servidor: 0
2025-12-09 12:04:19.454 12649-19979 SecureTokenStorage      com.cdccreditsmart.app               D  EncryptedSharedPreferences initialized successfully
2025-12-09 12:04:19.543 12649-13195 AppBlockingManager      com.cdccreditsmart.app               I  
2025-12-09 12:04:19.544 12649-13195 AppBlockingManager      com.cdccreditsmart.app               I  ğŸ¯ APLICANDO BLOQUEIO via setApplicationHidden()...
2025-12-09 12:04:19.544 12649-13195 AppBlockingManager      com.cdccreditsmart.app               I     ğŸ”’ Chamando setApplicationHidden() com 0 packages
2025-12-09 12:04:19.544 12649-13195 AppBlockingManager      com.cdccreditsmart.app               W     âš ï¸ ATENÃ‡ÃƒO: Lista de packages a bloquear estÃ¡ VAZIA!
