2025-12-09 14:29:55.646   666-23036 keystore2               pid-666                              I  system/security/keystore2/src/security_level.rs:277 - with_try_import start
2025-12-09 14:29:55.646   666-23036 keystore2               pid-666                              I  system/security/keystore2/src/security_level.rs:299 - with_try_import end
2025-12-09 14:29:55.646   666-23036 keystore2               pid-666                              I  system/security/keystore2/src/security_level.rs:333 - authorize_create start
2025-12-09 14:29:55.646   666-23036 keystore2               pid-666                              I  system/security/keystore2/src/security_level.rs:344 - authorize_create end
2025-12-09 14:29:55.646   666-23036 keystore2               pid-666                              I  system/security/keystore2/src/security_level.rs:345 - unwrap_key_if_required start
2025-12-09 14:29:55.646   666-23036 keystore2               pid-666                              I  system/security/keystore2/src/security_level.rs:353 - unwrap_key_if_required end
2025-12-09 14:29:55.646   666-23036 keystore2               pid-666                              I  system/security/keystore2/src/security_level.rs:354 - upgrade_keyblob_if_required_with start
2025-12-09 14:29:55.646   668-668   TlcKM                   pid-668                              D  TEE_Begin 5.0
2025-12-09 14:29:55.646   668-668   TlcKM                   pid-668                              D  purpose = 0x00000000
2025-12-09 14:29:55.647 20533-22921 Finsky:background       pid-20533                            I  [1399] aqil.k(30): DS::IDC: updateWith: <3:RUNNING:100%[100%]>
2025-12-09 14:29:55.648   668-668   TlcKM                   pid-668                              D  find_spare_operation_slot: allocate op 0xed3c7198acf8fd2c to slot #0 (1 ops live)
2025-12-09 14:29:55.649   668-668   TlcKM                   pid-668                              D  TEE_Begin exiting with 0
2025-12-09 14:29:55.649   666-23036 keystore2               pid-666                              I  system/security/keystore2/src/security_level.rs:395 - upgrade_keyblob_if_required_with end
2025-12-09 14:29:55.649 17711-17711 Finsky                  pid-17711                            I  [2] rhs.c(108): DSC::L: Update all listeners for download <3:RUNNING:100%[100%]> in group Google Play:zaE3G_NjSJWITXl0DlYbDg
2025-12-09 14:29:55.649   666-23036 keystore2               pid-666                              I  system/security/keystore2/src/enforcements.rs:249 - finalize_create_authorization self.state=NoAuthRequired
2025-12-09 14:29:55.649   666-23036 keystore2               pid-666                              I  system/security/keystore2/src/security_level.rs:401 - operation_db.create_operation start
2025-12-09 14:29:55.649   666-23036 keystore2               pid-666                              I  system/security/keystore2/src/security_level.rs:419 - operation_db.create_operation end
2025-12-09 14:29:55.649 17711-17711 Finsky                  pid-17711                            I  [2] rhs.c(148): DSC::L: Updating listener nmj@40b6ffa for download <3:RUNNING:100%[100%]>
2025-12-09 14:29:55.650   668-668   TlcKM                   pid-668                              D  TEE_Update
2025-12-09 14:29:55.650   668-668   TlcKM                   pid-668                              D  split_update_chunks
2025-12-09 14:29:55.650 17711-17711 Finsky                  pid-17711                            I  [2] rhs.c(148): DSC::L: Updating listener rca@e5e559a for download <3:RUNNING:100%[100%]>
2025-12-09 14:29:55.651 17711-17711 Finsky                  pid-17711                            I  [2] rhs.c(148): DSC::L: Updating listener DownloadServiceManagerListener::prx@835b565 for download <3:RUNNING:100%[100%]>
2025-12-09 14:29:55.652 17711-17711 Finsky                  pid-17711                            I  [2] rby.f(179): DSM::L:status update is skipped for non-installer download.
2025-12-09 14:29:55.652 17711-17711 Finsky                  pid-17711                            I  [2] rhs.c(148): DSC::L: Updating listener DownloadServiceManagerListener::afdt@677cd64 for download <3:RUNNING:100%[100%]>
2025-12-09 14:29:55.652   668-668   TlcKM                   pid-668                              D  TEE_Update exiting with 0
2025-12-09 14:29:55.653 17711-17711 Finsky                  pid-17711                            I  [2] rby.f(179): DSM::L:status update is skipped for non-installer download.
2025-12-09 14:29:55.653   668-668   TlcKM                   pid-668                              D  TEE_Finish
2025-12-09 14:29:55.653   668-668   TlcKM                   pid-668                              D  split_update_chunks
2025-12-09 14:29:55.653 17711-17711 Finsky                  pid-17711                            I  [2] rhs.c(148): DSC::L: Updating listener ahin@be32bcc for download <3:RUNNING:100%[100%]>
2025-12-09 14:29:55.654 17711-17711 Finsky                  pid-17711                            I  [2] ahij.f(89): SU: Received onStateUpdate with status: 2
2025-12-09 14:29:55.654   668-668   TlcKM                   pid-668                              D  release_operation_slot: release op slot #0 (handle 0xed3c7198acf8fd2c; 0 ops live)
2025-12-09 14:29:55.654   668-668   TlcKM                   pid-668                              D  TEE_Finish exiting with 0
2025-12-09 14:29:55.654   668-668   TlcKM                   pid-668                              D  TEE_Abort
2025-12-09 14:29:55.655   668-668   TlcKM                   pid-668                              E  lookup_operation: op 0xed3c7198acf8fd2c not found
2025-12-09 14:29:55.655   668-668   TlcKM                   pid-668                              E  lookup_operation(session, operation_handle, &op) == -28
2025-12-09 14:29:55.655   668-668   TlcKM                   pid-668                              D  TEE_Abort exiting with -28
2025-12-09 14:29:55.655   666-5003  keystore2               pid-666                              I  system/security/keystore2/src/security_level.rs:235 - create_operation start
2025-12-09 14:29:55.655   666-5003  keystore2               pid-666                              I  system/security/keystore2/src/security_level.rs:237 - caller_pid=13971
2025-12-09 14:29:55.655   666-5003  keystore2               pid-666                              I  system/security/keystore2/src/security_level.rs:238 - caller_uid=10287
2025-12-09 14:29:55.655   666-5003  keystore2               pid-666                              I  system/security/keystore2/src/security_level.rs:239 - forced=false
2025-12-09 14:29:55.655   666-5003  keystore2               pid-666                              I  system/security/keystore2/src/security_level.rs:240 - key.domain=r#KEY_ID
2025-12-09 14:29:55.655   666-5003  keystore2               pid-666                              I  system/security/keystore2/src/security_level.rs:241 - key.alias=None
2025-12-09 14:29:55.655   666-5003  keystore2               pid-666                              I  system/security/keystore2/src/security_level.rs:277 - with_try_import start
2025-12-09 14:29:55.656   666-5003  keystore2               pid-666                              I  system/security/keystore2/src/security_level.rs:299 - with_try_import end
2025-12-09 14:29:55.656   666-5003  keystore2               pid-666                              I  system/security/keystore2/src/security_level.rs:333 - authorize_create start
2025-12-09 14:29:55.656   666-5003  keystore2               pid-666                              I  system/security/keystore2/src/security_level.rs:344 - authorize_create end
2025-12-09 14:29:55.656   666-5003  keystore2               pid-666                              I  system/security/keystore2/src/security_level.rs:345 - unwrap_key_if_required start
2025-12-09 14:29:55.656   666-5003  keystore2               pid-666                              I  system/security/keystore2/src/security_level.rs:353 - unwrap_key_if_required end
2025-12-09 14:29:55.656   666-5003  keystore2               pid-666                              I  system/security/keystore2/src/security_level.rs:354 - upgrade_keyblob_if_required_with start
2025-12-09 14:29:55.656   668-668   TlcKM                   pid-668                              D  TEE_Begin 5.0
2025-12-09 14:29:55.656   668-668   TlcKM                   pid-668                              D  purpose = 0x00000001
2025-12-09 14:29:55.657   668-668   TlcKM                   pid-668                              D  find_spare_operation_slot: allocate op 0xc28691e8510efa2a to slot #0 (1 ops live)
2025-12-09 14:29:55.658 20533-22921 Finsky:background       pid-20533                            I  [1399] aqil.k(30): DS::IDC: updateWith: <3:SUCCEEDED>
2025-12-09 14:29:55.658   668-668   TlcKM                   pid-668                              D  TEE_Begin exiting with 0
2025-12-09 14:29:55.659   666-5003  keystore2               pid-666                              I  system/security/keystore2/src/security_level.rs:395 - upgrade_keyblob_if_required_with end
2025-12-09 14:29:55.659   666-5003  keystore2               pid-666                              I  system/security/keystore2/src/enforcements.rs:249 - finalize_create_authorization self.state=NoAuthRequired
2025-12-09 14:29:55.659   666-5003  keystore2               pid-666                              I  system/security/keystore2/src/security_level.rs:401 - operation_db.create_operation start
2025-12-09 14:29:55.659   666-5003  keystore2               pid-666                              I  system/security/keystore2/src/security_level.rs:419 - operation_db.create_operation end
2025-12-09 14:29:55.659 20533-22921 Finsky:background       pid-20533                            I  [1399] aqil.k(195): DS::IDC: All invisible downloads are finished.
2025-12-09 14:29:55.659   668-668   TlcKM                   pid-668                              D  TEE_Update
2025-12-09 14:29:55.659   668-668   TlcKM                   pid-668                              D  split_update_chunks
2025-12-09 14:29:55.660 20533-22921 Finsky:background       pid-20533                            I  [1399] rhf.c(6): DS::ISM: Stopping invisible download job
2025-12-09 14:29:55.661   668-668   TlcKM                   pid-668                              D  TEE_Update exiting with 0
2025-12-09 14:29:55.661   668-668   TlcKM                   pid-668                              D  TEE_Finish
2025-12-09 14:29:55.661   668-668   TlcKM                   pid-668                              D  split_update_chunks
2025-12-09 14:29:55.662  1584-1833  OomAdjuster             pid-1584                             D  Not killing cached processes
2025-12-09 14:29:55.663  5471-17666 AppHelper               pid-5471                             I  info PanelItemInfo{ PackageName: cn.wps.moffice_eng, Label: , Type: 2, added: false, Id: null, mIconPath: null, mIcon: 0}  iconList : [com.android.chromenull.jpg, com.gallery20null.jpg, com.google.android.gmnull.jpg, com.google.android.apps.googleassistantnull.jpg, com.transsnet.palmpaynull.jpg, net.bat.storenull.jpg, com.transsion.soundrecordernull.jpg, com.google.android.calendarnull.jpg, com.transsion.cameranull.jpg, com.transsion.deskclocknull.jpg, com.transsion.calculatornull.jpg, com.transsion.carlcarenull.jpg, com.transsion.compassnull.jpg, com.cdccreditsmart.appnull.jpg, com.google.android.apps.docsnull.jpg, id.mjs.etalaseappnull.jpg, com.facebook.katananull.jpg, com.google.android.apps.nbu.filesnull.jpg, com.transsion.filemanagerxnull.jpg, com.android.vendingnull.jpg, com.google.android.videosnull.jpg, com.google.android.googlequicksearchboxnull.jpg, com.transtech.geniexnull.jpg, com.talpa.hibrowsernull.jpg, com.zaz.translatenull.jpg, com.instagram.androidnull.jpg, com.lazada.androidnull.jpg, com.google.android.apps.mapsnull.jpg, com.google.android.apps.messagingnull.jpg, com.google.android.apps.tachyonnull.jpg, com.transsion.healthlifenull.jpg, com.transsion.mobileclonernull.jpg, com.transsion.notebooknull.jpg, com.google.android.apps.photosnull.jpg, com.sh.smart.callernull.jpg, com.google.android.apps.safetyhubnull.jpg, com.transsion.phoenixnull.jpg, com.transsion.phonemasternull.jpg, com.transsnet.storenull.jpg, com.android.settingsnull.jpg, com.android.stknull.jpg, com.shopee.idnull.jpg, com.shopee.phnull.jpg, com.shopee.thnull.jpg, com.einnovation.temunull.jpg, com.ss.android.ugc.trillnull.jpg, com.transsion.tipsnull.jpg, com.zhiliaoapp.musically.gonull.jpg, com.transsion.intercomnull.jpg, com.transsion.magicshownull.jpg, com.funbase.xradionull.jpg, com.rlk.weathersnull.jpg, cn.wps.moffice_engnull.jpg]
2025-12-09 14:29:55.664   668-668   TlcKM                   pid-668                              D  release_operation_slot: release op slot #0 (handle 0xc28691e8510efa2a; 0 ops live)
2025-12-09 14:29:55.664   668-668   TlcKM                   pid-668                              D  TEE_Finish exiting with 0
2025-12-09 14:29:55.664  1584-1667  ApplicationHelper       pid-1584                             E  Fail to get PackageManager
2025-12-09 14:29:55.664   668-668   TlcKM                   pid-668                              D  TEE_Abort
2025-12-09 14:29:55.664   668-668   TlcKM                   pid-668                              E  lookup_operation: op 0xc28691e8510efa2a not found
2025-12-09 14:29:55.664   668-668   TlcKM                   pid-668                              E  lookup_operation(session, operation_handle, &op) == -28
2025-12-09 14:29:55.664   668-668   TlcKM                   pid-668                              D  TEE_Abort exiting with -28
2025-12-09 14:29:55.665  1584-1667  ApplicationHelper       pid-1584                             E  Fail to get PackageManager
2025-12-09 14:29:55.666   666-5003  keystore2               pid-666                              I  system/security/keystore2/src/security_level.rs:235 - create_operation start
2025-12-09 14:29:55.666   666-5003  keystore2               pid-666                              I  system/security/keystore2/src/security_level.rs:237 - caller_pid=13971
2025-12-09 14:29:55.666   666-5003  keystore2               pid-666                              I  system/security/keystore2/src/security_level.rs:238 - caller_uid=10287
2025-12-09 14:29:55.666   666-5003  keystore2               pid-666                              I  system/security/keystore2/src/security_level.rs:239 - forced=false
2025-12-09 14:29:55.666   666-5003  keystore2               pid-666                              I  system/security/keystore2/src/security_level.rs:240 - key.domain=r#KEY_ID
2025-12-09 14:29:55.666   666-5003  keystore2               pid-666                              I  system/security/keystore2/src/security_level.rs:241 - key.alias=None
2025-12-09 14:29:55.666   666-5003  keystore2               pid-666                              I  system/security/keystore2/src/security_level.rs:277 - with_try_import start
2025-12-09 14:29:55.666   666-5003  keystore2               pid-666                              I  system/security/keystore2/src/security_level.rs:299 - with_try_import end
2025-12-09 14:29:55.666   666-5003  keystore2               pid-666                              I  system/security/keystore2/src/security_level.rs:333 - authorize_create start
2025-12-09 14:29:55.666   666-5003  keystore2               pid-666                              I  system/security/keystore2/src/security_level.rs:344 - authorize_create end
2025-12-09 14:29:55.666   666-5003  keystore2               pid-666                              I  system/security/keystore2/src/security_level.rs:345 - unwrap_key_if_required start
2025-12-09 14:29:55.666   666-5003  keystore2               pid-666                              I  system/security/keystore2/src/security_level.rs:353 - unwrap_key_if_required end
2025-12-09 14:29:55.666   666-5003  keystore2               pid-666                              I  system/security/keystore2/src/security_level.rs:354 - upgrade_keyblob_if_required_with start
2025-12-09 14:29:55.667   668-668   TlcKM                   pid-668                              D  TEE_Begin 5.0
2025-12-09 14:29:55.667   668-668   TlcKM                   pid-668                              D  purpose = 0x00000000
2025-12-09 14:29:55.668 20533-22928 Finsky:background       pid-20533                            I  [1401] afff.apply(152): SCH: Canceling job 40-9998
2025-12-09 14:29:55.669   668-668   TlcKM                   pid-668                              D  find_spare_operation_slot: allocate op 0xeb23d62426a2dbab to slot #0 (1 ops live)
2025-12-09 14:29:55.669 20533-20533 Finsky:background       pid-20533                            I  [2] agrq.run(510): Job 40-9998 is canceled while running
2025-12-09 14:29:55.669 17711-17711 Finsky                  pid-17711                            I  [2] DownloadServiceReceiver.b(102): DSR: Download broadcast received by main process for <3:SUCCEEDED>
2025-12-09 14:29:55.670 20533-20533 Finsky:background       pid-20533                            I  [2] agrc.r(33): SCH: jobStopped: 40-9998. TimeElapsed: 10916ms. EventType: 2544
2025-12-09 14:29:55.670 20533-20533 Finsky:background       pid-20533                            I  [2] wfu.l(18): DS::IDC: has 0 invisibleDownloads
2025-12-09 14:29:55.670 17711-17711 Finsky                  pid-17711                            I  [2] rhs.c(108): DSC::L: Update all listeners for download <3:SUCCEEDED> in group Google Play:zaE3G_NjSJWITXl0DlYbDg
2025-12-09 14:29:55.671 17711-17711 Finsky                  pid-17711                            I  [2] rhs.c(148): DSC::L: Updating listener nmj@40b6ffa for download <3:SUCCEEDED>
2025-12-09 14:29:55.671   668-668   TlcKM                   pid-668                              D  TEE_Begin exiting with 0
2025-12-09 14:29:55.671 20533-20533 Finsky:background       pid-20533                            I  [2] InvisibleRunJob.j(21): DS::IRJ: onStopJob: false, stopReason: 3
2025-12-09 14:29:55.671 17711-17711 Finsky                  pid-17711                            I  [2] rhs.c(148): DSC::L: Updating listener rca@e5e559a for download <3:SUCCEEDED>
2025-12-09 14:29:55.671   666-5003  keystore2               pid-666                              I  system/security/keystore2/src/security_level.rs:395 - upgrade_keyblob_if_required_with end
2025-12-09 14:29:55.671   666-5003  keystore2               pid-666                              I  system/security/keystore2/src/enforcements.rs:249 - finalize_create_authorization self.state=NoAuthRequired
2025-12-09 14:29:55.671   666-5003  keystore2               pid-666                              I  system/security/keystore2/src/security_level.rs:401 - operation_db.create_operation start
2025-12-09 14:29:55.671   666-5003  keystore2               pid-666                              I  system/security/keystore2/src/security_level.rs:419 - operation_db.create_operation end
2025-12-09 14:29:55.671 17711-17711 Finsky                  pid-17711                            I  [2] rhs.c(148): DSC::L: Updating listener DownloadServiceManagerListener::prx@835b565 for download <3:SUCCEEDED>
2025-12-09 14:29:55.672 17711-17711 Finsky                  pid-17711                            I  [2] rby.f(179): DSM::L:status update is skipped for non-installer download.
2025-12-09 14:29:55.672   668-668   TlcKM                   pid-668                              D  TEE_Update
2025-12-09 14:29:55.672   668-668   TlcKM                   pid-668                              D  split_update_chunks
2025-12-09 14:29:55.672 17711-17711 Finsky                  pid-17711                            I  [2] rhs.c(148): DSC::L: Updating listener DownloadServiceManagerListener::afdt@677cd64 for download <3:SUCCEEDED>
2025-12-09 14:29:55.672 17711-17711 Finsky                  pid-17711                            I  [2] rby.f(179): DSM::L:status update is skipped for non-installer download.
2025-12-09 14:29:55.672 17711-17711 Finsky                  pid-17711                            I  [2] rhs.c(148): DSC::L: Updating listener ahin@be32bcc for download <3:SUCCEEDED>
2025-12-09 14:29:55.673 17711-17711 Finsky                  pid-17711                            I  [2] ahij.f(89): SU: Received onStateUpdate with status: 3
2025-12-09 14:29:55.673 17711-17711 Finsky                  pid-17711                            I  [2] rhv.d(1): unregisterListener
2025-12-09 14:29:55.674   668-668   TlcKM                   pid-668                              D  TEE_Update exiting with 0
2025-12-09 14:29:55.674   668-668   TlcKM                   pid-668                              D  TEE_Finish
2025-12-09 14:29:55.674   668-668   TlcKM                   pid-668                              D  split_update_chunks
2025-12-09 14:29:55.675   668-668   TlcKM                   pid-668                              D  release_operation_slot: release op slot #0 (handle 0xeb23d62426a2dbab; 0 ops live)
2025-12-09 14:29:55.675   668-668   TlcKM                   pid-668                              D  TEE_Finish exiting with 0
2025-12-09 14:29:55.675   668-668   TlcKM                   pid-668                              D  TEE_Abort
2025-12-09 14:29:55.675   668-668   TlcKM                   pid-668                              E  lookup_operation: op 0xeb23d62426a2dbab not found
2025-12-09 14:29:55.675   668-668   TlcKM                   pid-668                              E  lookup_operation(session, operation_handle, &op) == -28
2025-12-09 14:29:55.675   668-668   TlcKM                   pid-668                              D  TEE_Abort exiting with -28
2025-12-09 14:29:55.676   666-5003  keystore2               pid-666                              I  system/security/keystore2/src/security_level.rs:235 - create_operation start
2025-12-09 14:29:55.676   666-5003  keystore2               pid-666                              I  system/security/keystore2/src/security_level.rs:237 - caller_pid=13971
2025-12-09 14:29:55.676   666-5003  keystore2               pid-666                              I  system/security/keystore2/src/security_level.rs:238 - caller_uid=10287
2025-12-09 14:29:55.676   666-5003  keystore2               pid-666                              I  system/security/keystore2/src/security_level.rs:239 - forced=false
2025-12-09 14:29:55.676   666-5003  keystore2               pid-666                              I  system/security/keystore2/src/security_level.rs:240 - key.domain=r#KEY_ID
2025-12-09 14:29:55.676   666-5003  keystore2               pid-666                              I  system/security/keystore2/src/security_level.rs:241 - key.alias=None
2025-12-09 14:29:55.676   666-5003  keystore2               pid-666                              I  system/security/keystore2/src/security_level.rs:277 - with_try_import start
2025-12-09 14:29:55.676   666-5003  keystore2               pid-666                              I  system/security/keystore2/src/security_level.rs:299 - with_try_import end
2025-12-09 14:29:55.676   666-5003  keystore2               pid-666                              I  system/security/keystore2/src/security_level.rs:333 - authorize_create start
2025-12-09 14:29:55.676   666-5003  keystore2               pid-666                              I  system/security/keystore2/src/security_level.rs:344 - authorize_create end
2025-12-09 14:29:55.676   666-5003  keystore2               pid-666                              I  system/security/keystore2/src/security_level.rs:345 - unwrap_key_if_required start
2025-12-09 14:29:55.676   666-5003  keystore2               pid-666                              I  system/security/keystore2/src/security_level.rs:353 - unwrap_key_if_required end
2025-12-09 14:29:55.676   666-5003  keystore2               pid-666                              I  system/security/keystore2/src/security_level.rs:354 - upgrade_keyblob_if_required_with start
2025-12-09 14:29:55.676   668-668   TlcKM                   pid-668                              D  TEE_Begin 5.0
2025-12-09 14:29:55.676   668-668   TlcKM                   pid-668                              D  purpose = 0x00000001
2025-12-09 14:29:55.679   668-668   TlcKM                   pid-668                              D  find_spare_operation_slot: allocate op 0xd237d0d531135e41 to slot #0 (1 ops live)
2025-12-09 14:29:55.680   668-668   TlcKM                   pid-668                              D  TEE_Begin exiting with 0
2025-12-09 14:29:55.681   666-5003  keystore2               pid-666                              I  system/security/keystore2/src/security_level.rs:395 - upgrade_keyblob_if_required_with end
2025-12-09 14:29:55.681   666-5003  keystore2               pid-666                              I  system/security/keystore2/src/enforcements.rs:249 - finalize_create_authorization self.state=NoAuthRequired
2025-12-09 14:29:55.681   666-5003  keystore2               pid-666                              I  system/security/keystore2/src/security_level.rs:401 - operation_db.create_operation start
2025-12-09 14:29:55.681   666-5003  keystore2               pid-666                              I  system/security/keystore2/src/security_level.rs:419 - operation_db.create_operation end
2025-12-09 14:29:55.681   668-668   TlcKM                   pid-668                              D  TEE_Update
2025-12-09 14:29:55.681   668-668   TlcKM                   pid-668                              D  split_update_chunks
2025-12-09 14:29:55.683   668-668   TlcKM                   pid-668                              D  TEE_Update exiting with 0
2025-12-09 14:29:55.684   668-668   TlcKM                   pid-668                              D  TEE_Finish
2025-12-09 14:29:55.684   668-668   TlcKM                   pid-668                              D  split_update_chunks
2025-12-09 14:29:55.685   668-668   TlcKM                   pid-668                              D  release_operation_slot: release op slot #0 (handle 0xd237d0d531135e41; 0 ops live)
2025-12-09 14:29:55.685   668-668   TlcKM                   pid-668                              D  TEE_Finish exiting with 0
2025-12-09 14:29:55.686 20533-21490 Finsky:background       pid-20533                            I  [1383] rrq.accept(58): SCH: Scheduling phonesky job Id: 10-140, CT: 1765301280582, Constraints: [{ L: 3600000, D: 86400000, C: CHARGING_NONE, I: IDLE_NONE, N: NET_NONE, B: BATTERY_ANY }]
2025-12-09 14:29:55.686   668-668   TlcKM                   pid-668                              D  TEE_Abort
2025-12-09 14:29:55.686   668-668   TlcKM                   pid-668                              E  lookup_operation: op 0xd237d0d531135e41 not found
2025-12-09 14:29:55.686   668-668   TlcKM                   pid-668                              E  lookup_operation(session, operation_handle, &op) == -28
2025-12-09 14:29:55.686   668-668   TlcKM                   pid-668                              D  TEE_Abort exiting with -28
2025-12-09 14:29:55.687 20533-21490 Finsky:background       pid-20533                            I  [1383] rrq.accept(58): SCH: Scheduling phonesky job Id: 10-159, CT: 1765301280582, Constraints: [{ L: 3600000, D: 604800000, C: CHARGING_NONE, I: IDLE_NONE, N: NET_NONE, B: BATTERY_ANY }]
2025-12-09 14:29:55.692   666-23036 keystore2               pid-666                              I  system/security/keystore2/src/security_level.rs:235 - create_operation start
2025-12-09 14:29:55.692   666-23036 keystore2               pid-666                              I  system/security/keystore2/src/security_level.rs:237 - caller_pid=13971
2025-12-09 14:29:55.692   666-23036 keystore2               pid-666                              I  system/security/keystore2/src/security_level.rs:238 - caller_uid=10287
2025-12-09 14:29:55.692   666-23036 keystore2               pid-666                              I  system/security/keystore2/src/security_level.rs:239 - forced=false
2025-12-09 14:29:55.692   666-23036 keystore2               pid-666                              I  system/security/keystore2/src/security_level.rs:240 - key.domain=r#KEY_ID
2025-12-09 14:29:55.692   666-23036 keystore2               pid-666                              I  system/security/keystore2/src/security_level.rs:241 - key.alias=None
2025-12-09 14:29:55.692   666-23036 keystore2               pid-666                              I  system/security/keystore2/src/security_level.rs:277 - with_try_import start
2025-12-09 14:29:55.692   666-23036 keystore2               pid-666                              I  system/security/keystore2/src/security_level.rs:299 - with_try_import end
2025-12-09 14:29:55.692   666-23036 keystore2               pid-666                              I  system/security/keystore2/src/security_level.rs:333 - authorize_create start
2025-12-09 14:29:55.692   666-23036 keystore2               pid-666                              I  system/security/keystore2/src/security_level.rs:344 - authorize_create end
2025-12-09 14:29:55.692   666-23036 keystore2               pid-666                              I  system/security/keystore2/src/security_level.rs:345 - unwrap_key_if_required start
2025-12-09 14:29:55.692   666-23036 keystore2               pid-666                              I  system/security/keystore2/src/security_level.rs:353 - unwrap_key_if_required end
2025-12-09 14:29:55.692   666-23036 keystore2               pid-666                              I  system/security/keystore2/src/security_level.rs:354 - upgrade_keyblob_if_required_with start
2025-12-09 14:29:55.692   668-668   TlcKM                   pid-668                              D  TEE_Begin 5.0
2025-12-09 14:29:55.692   668-668   TlcKM                   pid-668                              D  purpose = 0x00000000
2025-12-09 14:29:55.694   668-668   TlcKM                   pid-668                              D  find_spare_operation_slot: allocate op 0x7ab53644c1eb3153 to slot #0 (1 ops live)
2025-12-09 14:29:55.695   668-668   TlcKM                   pid-668                              D  TEE_Begin exiting with 0
2025-12-09 14:29:55.695   666-23036 keystore2               pid-666                              I  system/security/keystore2/src/security_level.rs:395 - upgrade_keyblob_if_required_with end
2025-12-09 14:29:55.695   666-23036 keystore2               pid-666                              I  system/security/keystore2/src/enforcements.rs:249 - finalize_create_authorization self.state=NoAuthRequired
2025-12-09 14:29:55.695   666-23036 keystore2               pid-666                              I  system/security/keystore2/src/security_level.rs:401 - operation_db.create_operation start
2025-12-09 14:29:55.695   666-23036 keystore2               pid-666                              I  system/security/keystore2/src/security_level.rs:419 - operation_db.create_operation end
2025-12-09 14:29:55.696   668-668   TlcKM                   pid-668                              D  TEE_Update
2025-12-09 14:29:55.696   668-668   TlcKM                   pid-668                              D  split_update_chunks
2025-12-09 14:29:55.697   668-668   TlcKM                   pid-668                              D  TEE_Update exiting with 0
2025-12-09 14:29:55.698   668-668   TlcKM                   pid-668                              D  TEE_Finish
2025-12-09 14:29:55.698   668-668   TlcKM                   pid-668                              D  split_update_chunks
2025-12-09 14:29:55.701   668-668   TlcKM                   pid-668                              D  release_operation_slot: release op slot #0 (handle 0x7ab53644c1eb3153; 0 ops live)
2025-12-09 14:29:55.701   668-668   TlcKM                   pid-668                              D  TEE_Finish exiting with 0
2025-12-09 14:29:55.702   666-16238 keystore2               pid-666                              I  system/security/keystore2/src/security_level.rs:235 - create_operation start
2025-12-09 14:29:55.702   666-16238 keystore2               pid-666                              I  system/security/keystore2/src/security_level.rs:237 - caller_pid=13971
2025-12-09 14:29:55.702   666-16238 keystore2               pid-666                              I  system/security/keystore2/src/security_level.rs:238 - caller_uid=10287
2025-12-09 14:29:55.702   666-16238 keystore2               pid-666                              I  system/security/keystore2/src/security_level.rs:239 - forced=false
2025-12-09 14:29:55.702   666-16238 keystore2               pid-666                              I  system/security/keystore2/src/security_level.rs:240 - key.domain=r#KEY_ID
2025-12-09 14:29:55.702   666-16238 keystore2               pid-666                              I  system/security/keystore2/src/security_level.rs:241 - key.alias=None
2025-12-09 14:29:55.702   666-16238 keystore2               pid-666                              I  system/security/keystore2/src/security_level.rs:277 - with_try_import start
2025-12-09 14:29:55.702   666-16238 keystore2               pid-666                              I  system/security/keystore2/src/security_level.rs:299 - with_try_import end
2025-12-09 14:29:55.702   666-16238 keystore2               pid-666                              I  system/security/keystore2/src/security_level.rs:333 - authorize_create start
2025-12-09 14:29:55.702   666-16238 keystore2               pid-666                              I  system/security/keystore2/src/security_level.rs:344 - authorize_create end
2025-12-09 14:29:55.702   666-16238 keystore2               pid-666                              I  system/security/keystore2/src/security_level.rs:345 - unwrap_key_if_required start
2025-12-09 14:29:55.702   666-16238 keystore2               pid-666                              I  system/security/keystore2/src/security_level.rs:353 - unwrap_key_if_required end
2025-12-09 14:29:55.702   666-16238 keystore2               pid-666                              I  system/security/keystore2/src/security_level.rs:354 - upgrade_keyblob_if_required_with start
2025-12-09 14:29:55.703   668-668   TlcKM                   pid-668                              D  TEE_Begin 5.0
2025-12-09 14:29:55.703   668-668   TlcKM                   pid-668                              D  purpose = 0x00000001
2025-12-09 14:29:55.706 20533-20770 Finsky:background       pid-20533                            I  [1369] nat.apply(290): SCH: Scheduling 0 system job(s)
2025-12-09 14:29:55.714   668-668   TlcKM                   pid-668                              D  find_spare_operation_slot: allocate op 0xb75ecc382aa83c2d to slot #0 (1 ops live)
2025-12-09 14:29:55.714   668-668   TlcKM                   pid-668                              D  TEE_Begin exiting with 0
2025-12-09 14:29:55.715   668-668   TlcKM                   pid-668                              D  TEE_Abort
2025-12-09 14:29:55.715   668-668   TlcKM                   pid-668                              E  lookup_operation: op 0x7ab53644c1eb3153 not found
2025-12-09 14:29:55.715   668-668   TlcKM                   pid-668                              E  lookup_operation(session, operation_handle, &op) == -28
2025-12-09 14:29:55.715   668-668   TlcKM                   pid-668                              D  TEE_Abort exiting with -28
2025-12-09 14:29:55.715   666-16238 keystore2               pid-666                              I  system/security/keystore2/src/security_level.rs:395 - upgrade_keyblob_if_required_with end
2025-12-09 14:29:55.715   666-16238 keystore2               pid-666                              I  system/security/keystore2/src/enforcements.rs:249 - finalize_create_authorization self.state=NoAuthRequired
2025-12-09 14:29:55.715   666-16238 keystore2               pid-666                              I  system/security/keystore2/src/security_level.rs:401 - operation_db.create_operation start
2025-12-09 14:29:55.715   666-16238 keystore2               pid-666                              I  system/security/keystore2/src/security_level.rs:419 - operation_db.create_operation end
2025-12-09 14:29:55.715   668-668   TlcKM                   pid-668                              D  TEE_Update
2025-12-09 14:29:55.715   668-668   TlcKM                   pid-668                              D  split_update_chunks
2025-12-09 14:29:55.717   668-668   TlcKM                   pid-668                              D  TEE_Update exiting with 0
2025-12-09 14:29:55.717   668-668   TlcKM                   pid-668                              D  TEE_Finish
2025-12-09 14:29:55.717   668-668   TlcKM                   pid-668                              D  split_update_chunks
2025-12-09 14:29:55.719   668-668   TlcKM                   pid-668                              D  release_operation_slot: release op slot #0 (handle 0xb75ecc382aa83c2d; 0 ops live)
2025-12-09 14:29:55.719   668-668   TlcKM                   pid-668                              D  TEE_Finish exiting with 0
2025-12-09 14:29:55.720 17711-17774 Finsky                  pid-17711                            I  [1123] mgp.g(167): RECEIVER_DOWNLOAD_SERVICE#logWorkEndAndFinishGoAsync: SUCCESS
2025-12-09 14:29:55.720 20533-21533 Finsky:background       pid-20533                            I  [1391] agqw.a(15): SCH: no pending jobs to schedule.
2025-12-09 14:29:55.720   668-668   TlcKM                   pid-668                              D  TEE_Abort
2025-12-09 14:29:55.720 20533-22942 Finsky:background       pid-20533                            I  [1404] agsu.a(24): SCH: job service finished with id 10008.
2025-12-09 14:29:55.721   668-668   TlcKM                   pid-668                              E  lookup_operation: op 0xb75ecc382aa83c2d not found
2025-12-09 14:29:55.721   668-668   TlcKM                   pid-668                              E  lookup_operation(session, operation_handle, &op) == -28
2025-12-09 14:29:55.721   668-668   TlcKM                   pid-668                              D  TEE_Abort exiting with -28
2025-12-09 14:29:55.722  5471-17666 Applicatio...ageManager pid-5471                             I  color1 =0,color2 =0,bgColor =0
2025-12-09 14:29:55.722  5471-17666 Applicatio...ageManager pid-5471                             I  dr is not VectorDrawable,so we do nothing !
2025-12-09 14:29:55.722   666-16238 keystore2               pid-666                              I  system/security/keystore2/src/security_level.rs:235 - create_operation start
2025-12-09 14:29:55.722   666-16238 keystore2               pid-666                              I  system/security/keystore2/src/security_level.rs:237 - caller_pid=13971
2025-12-09 14:29:55.722   666-16238 keystore2               pid-666                              I  system/security/keystore2/src/security_level.rs:238 - caller_uid=10287
2025-12-09 14:29:55.722   666-16238 keystore2               pid-666                              I  system/security/keystore2/src/security_level.rs:239 - forced=false
2025-12-09 14:29:55.722   666-16238 keystore2               pid-666                              I  system/security/keystore2/src/security_level.rs:240 - key.domain=r#KEY_ID
2025-12-09 14:29:55.722   666-16238 keystore2               pid-666                              I  system/security/keystore2/src/security_level.rs:241 - key.alias=None
2025-12-09 14:29:55.722   666-16238 keystore2               pid-666                              I  system/security/keystore2/src/security_level.rs:277 - with_try_import start
2025-12-09 14:29:55.723   666-16238 keystore2               pid-666                              I  system/security/keystore2/src/security_level.rs:299 - with_try_import end
2025-12-09 14:29:55.723   666-16238 keystore2               pid-666                              I  system/security/keystore2/src/security_level.rs:333 - authorize_create start
2025-12-09 14:29:55.723   666-16238 keystore2               pid-666                              I  system/security/keystore2/src/security_level.rs:344 - authorize_create end
2025-12-09 14:29:55.723   666-16238 keystore2               pid-666                              I  system/security/keystore2/src/security_level.rs:345 - unwrap_key_if_required start
2025-12-09 14:29:55.723   666-16238 keystore2               pid-666                              I  system/security/keystore2/src/security_level.rs:353 - unwrap_key_if_required end
2025-12-09 14:29:55.723   666-16238 keystore2               pid-666                              I  system/security/keystore2/src/security_level.rs:354 - upgrade_keyblob_if_required_with start
2025-12-09 14:29:55.723   668-668   TlcKM                   pid-668                              D  TEE_Begin 5.0
2025-12-09 14:29:55.723   668-668   TlcKM                   pid-668                              D  purpose = 0x00000000
2025-12-09 14:29:55.724   668-668   TlcKM                   pid-668                              D  find_spare_operation_slot: allocate op 0xda4b2125202f334 to slot #0 (1 ops live)
2025-12-09 14:29:55.725   668-668   TlcKM                   pid-668                              D  TEE_Begin exiting with 0
2025-12-09 14:29:55.725   666-16238 keystore2               pid-666                              I  system/security/keystore2/src/security_level.rs:395 - upgrade_keyblob_if_required_with end
2025-12-09 14:29:55.725   666-16238 keystore2               pid-666                              I  system/security/keystore2/src/enforcements.rs:249 - finalize_create_authorization self.state=NoAuthRequired
2025-12-09 14:29:55.725   666-16238 keystore2               pid-666                              I  system/security/keystore2/src/security_level.rs:401 - operation_db.create_operation start
2025-12-09 14:29:55.725   666-16238 keystore2               pid-666                              I  system/security/keystore2/src/security_level.rs:419 - operation_db.create_operation end
2025-12-09 14:29:55.725   668-668   TlcKM                   pid-668                              D  TEE_Update
2025-12-09 14:29:55.725   668-668   TlcKM                   pid-668                              D  split_update_chunks
2025-12-09 14:29:55.727   668-668   TlcKM                   pid-668                              D  TEE_Update exiting with 0
2025-12-09 14:29:55.727   668-668   TlcKM                   pid-668                              D  TEE_Finish
2025-12-09 14:29:55.727   668-668   TlcKM                   pid-668                              D  split_update_chunks
2025-12-09 14:29:55.728 20533-21528 Finsky:background       pid-20533                            I  [1390] rrq.accept(58): SCH: Scheduling phonesky job Id: 10-140, CT: 1765301280582, Constraints: [{ L: 3600000, D: 86400000, C: CHARGING_NONE, I: IDLE_NONE, N: NET_NONE, B: BATTERY_ANY }]
2025-12-09 14:29:55.728   668-668   TlcKM                   pid-668                              D  release_operation_slot: release op slot #0 (handle 0xda4b2125202f334; 0 ops live)
2025-12-09 14:29:55.728   668-668   TlcKM                   pid-668                              D  TEE_Finish exiting with 0
2025-12-09 14:29:55.729   668-668   TlcKM                   pid-668                              D  TEE_Abort
2025-12-09 14:29:55.729   668-668   TlcKM                   pid-668                              E  lookup_operation: op 0xda4b2125202f334 not found
2025-12-09 14:29:55.729   668-668   TlcKM                   pid-668                              E  lookup_operation(session, operation_handle, &op) == -28
2025-12-09 14:29:55.729   668-668   TlcKM                   pid-668                              D  TEE_Abort exiting with -28
2025-12-09 14:29:55.729 20533-21528 Finsky:background       pid-20533                            I  [1390] rrq.accept(58): SCH: Scheduling phonesky job Id: 10-159, CT: 1765301280582, Constraints: [{ L: 3600000, D: 604800000, C: CHARGING_NONE, I: IDLE_NONE, N: NET_NONE, B: BATTERY_ANY }]
2025-12-09 14:29:55.729   666-16238 keystore2               pid-666                              I  system/security/keystore2/src/security_level.rs:235 - create_operation start
2025-12-09 14:29:55.729   666-16238 keystore2               pid-666                              I  system/security/keystore2/src/security_level.rs:237 - caller_pid=13971
2025-12-09 14:29:55.729   666-16238 keystore2               pid-666                              I  system/security/keystore2/src/security_level.rs:238 - caller_uid=10287
2025-12-09 14:29:55.729   666-16238 keystore2               pid-666                              I  system/security/keystore2/src/security_level.rs:239 - forced=false
2025-12-09 14:29:55.729   666-16238 keystore2               pid-666                              I  system/security/keystore2/src/security_level.rs:240 - key.domain=r#KEY_ID
2025-12-09 14:29:55.729   666-16238 keystore2               pid-666                              I  system/security/keystore2/src/security_level.rs:241 - key.alias=None
2025-12-09 14:29:55.730   666-16238 keystore2               pid-666                              I  system/security/keystore2/src/security_level.rs:277 - with_try_import start
2025-12-09 14:29:55.730   666-16238 keystore2               pid-666                              I  system/security/keystore2/src/security_level.rs:299 - with_try_import end
2025-12-09 14:29:55.730   666-16238 keystore2               pid-666                              I  system/security/keystore2/src/security_level.rs:333 - authorize_create start
2025-12-09 14:29:55.730   666-16238 keystore2               pid-666                              I  system/security/keystore2/src/security_level.rs:344 - authorize_create end
2025-12-09 14:29:55.730   666-16238 keystore2               pid-666                              I  system/security/keystore2/src/security_level.rs:345 - unwrap_key_if_required start
2025-12-09 14:29:55.730   666-16238 keystore2               pid-666                              I  system/security/keystore2/src/security_level.rs:353 - unwrap_key_if_required end
2025-12-09 14:29:55.730   666-16238 keystore2               pid-666                              I  system/security/keystore2/src/security_level.rs:354 - upgrade_keyblob_if_required_with start
2025-12-09 14:29:55.730   668-668   TlcKM                   pid-668                              D  TEE_Begin 5.0
2025-12-09 14:29:55.730   668-668   TlcKM                   pid-668                              D  purpose = 0x00000001
2025-12-09 14:29:55.735  1584-1667  ApplicationHelper       pid-1584                             E  Fail to get PackageManager
2025-12-09 14:29:55.735  1584-1667  ApplicationHelper       pid-1584                             E  Fail to get PackageManager
2025-12-09 14:29:55.736   668-668   TlcKM                   pid-668                              D  find_spare_operation_slot: allocate op 0xb4da424189f0d79a to slot #0 (1 ops live)
2025-12-09 14:29:55.737   668-668   TlcKM                   pid-668                              D  TEE_Begin exiting with 0
2025-12-09 14:29:55.738   666-16238 keystore2               pid-666                              I  system/security/keystore2/src/security_level.rs:395 - upgrade_keyblob_if_required_with end
2025-12-09 14:29:55.738   666-16238 keystore2               pid-666                              I  system/security/keystore2/src/enforcements.rs:249 - finalize_create_authorization self.state=NoAuthRequired
2025-12-09 14:29:55.738   666-16238 keystore2               pid-666                              I  system/security/keystore2/src/security_level.rs:401 - operation_db.create_operation start
2025-12-09 14:29:55.738   666-16238 keystore2               pid-666                              I  system/security/keystore2/src/security_level.rs:419 - operation_db.create_operation end
2025-12-09 14:29:55.738   668-668   TlcKM                   pid-668                              D  TEE_Update
2025-12-09 14:29:55.738   668-668   TlcKM                   pid-668                              D  split_update_chunks
2025-12-09 14:29:55.739   668-668   TlcKM                   pid-668                              D  TEE_Update exiting with 0
2025-12-09 14:29:55.740   668-668   TlcKM                   pid-668                              D  TEE_Finish
2025-12-09 14:29:55.740   668-668   TlcKM                   pid-668                              D  split_update_chunks
2025-12-09 14:29:55.740 20533-21490 Finsky:background       pid-20533                            I  [1383] nat.apply(290): SCH: Scheduling 1 system job(s)
2025-12-09 14:29:55.741   668-668   TlcKM                   pid-668                              D  release_operation_slot: release op slot #0 (handle 0xb4da424189f0d79a; 0 ops live)
2025-12-09 14:29:55.741   668-668   TlcKM                   pid-668                              D  TEE_Finish exiting with 0
2025-12-09 14:29:55.741 20533-21490 JobInfo                 pid-20533                            W  Job 'com.android.vending/com.google.android.finsky.scheduler.process.backgroundimpl.PhoneskyJobServiceBackground#10012' has a deadline with no functional constraints. The deadline won't improve job execution latency. Consider removing the deadline.
2025-12-09 14:29:55.741   668-668   TlcKM                   pid-668                              D  TEE_Abort
2025-12-09 14:29:55.741   668-668   TlcKM                   pid-668                              E  lookup_operation: op 0xb4da424189f0d79a not found
2025-12-09 14:29:55.741   668-668   TlcKM                   pid-668                              E  lookup_operation(session, operation_handle, &op) == -28
2025-12-09 14:29:55.741   668-668   TlcKM                   pid-668                              D  TEE_Abort exiting with -28
2025-12-09 14:29:55.742 20533-21490 Finsky:background       pid-20533                            I  [1383] agqy.b(244): SCH: Scheduling system job Id: 10012, L: 3484841, D: 86284841, C: false, I: false, N: 0
