2026-02-04 22:22:38.733 10189-10829 okhttp.OkHttpClient     com.cdccreditsmart.app               I  referrer-policy: strict-origin-when-cross-origin
2026-02-04 22:22:38.733 10189-10829 okhttp.OkHttpClient     com.cdccreditsmart.app               I  strict-transport-security: max-age=63072000; includeSubDomains
2026-02-04 22:22:38.733 10189-10829 okhttp.OkHttpClient     com.cdccreditsmart.app               I  strict-transport-security: max-age=31536000; includeSubDomains
2026-02-04 22:22:38.733 10189-10829 okhttp.OkHttpClient     com.cdccreditsmart.app               I  x-anti-fraud-protection: active
2026-02-04 22:22:38.733 10189-10829 okhttp.OkHttpClient     com.cdccreditsmart.app               I  x-certificate-pinning-enabled: false
2026-02-04 22:22:38.734 10189-10829 okhttp.OkHttpClient     com.cdccreditsmart.app               I  x-certificate-pinning-status: disabled-for-stability
2026-02-04 22:22:38.734 10189-10829 okhttp.OkHttpClient     com.cdccreditsmart.app               I  x-content-type-options: nosniff
2026-02-04 22:22:38.734 10189-10829 okhttp.OkHttpClient     com.cdccreditsmart.app               I  x-financial-data-protection: enabled
2026-02-04 22:22:38.734 10189-10829 okhttp.OkHttpClient     com.cdccreditsmart.app               I  x-frame-options: DENY
2026-02-04 22:22:38.734 10189-10829 okhttp.OkHttpClient     com.cdccreditsmart.app               I  x-transaction-security-level: maximum
2026-02-04 22:22:38.734 10189-10829 okhttp.OkHttpClient     com.cdccreditsmart.app               I  x-xss-protection: 1; mode=block
2026-02-04 22:22:38.734 10189-10829 okhttp.OkHttpClient     com.cdccreditsmart.app               I  via: 1.1 google
2026-02-04 22:22:38.734 10189-10829 okhttp.OkHttpClient     com.cdccreditsmart.app               I  alt-svc: h3=":443"; ma=2592000,h3-29=":443"; ma=2592000
2026-02-04 22:22:38.735 10189-10829 okhttp.OkHttpClient     com.cdccreditsmart.app               I  {"success":true,"message":"Resposta do comando registrada"}
2026-02-04 22:22:38.735 10189-10829 okhttp.OkHttpClient     com.cdccreditsmart.app               I  <-- END HTTP (59-byte body)
2026-02-04 22:22:38.737 10189-10330 MdmCommandReceiver      com.cdccreditsmart.app               I  âœ… Response enviado via fallback para comando 5decda77-e8e9-4304-a088-2462dd787ffd: completed
2026-02-04 22:22:38.737 10189-10330 MdmCommandReceiver      com.cdccreditsmart.app               I  ðŸ“‹ ========================================
2026-02-04 22:22:38.737 10189-10330 MdmCommandReceiver      com.cdccreditsmart.app               D  ðŸ“Š Fetch duration: 3890ms
2026-02-04 22:22:39.343 10189-10189 NavController           com.cdccreditsmart.app               I  Ignoring popBackStack to route pairing/qr_scanner as it was not found on the current back stack
2026-02-04 22:22:39.376 10189-10189 TermsScreen             com.cdccreditsmart.app               I  ðŸš€ TermsAcceptanceScreen INICIANDO - contractCode=PFB3PRMZ
2026-02-04 22:22:39.376 10189-10189 TermsScreen             com.cdccreditsmart.app               I  âœ… Context obtido
2026-02-04 22:22:39.376 10189-10189 TermsScreen             com.cdccreditsmart.app               I  âœ… Scope criado
2026-02-04 22:22:39.378 10189-10189 TermsScreen             com.cdccreditsmart.app               I  âœ… Estados inicializados, preparando LaunchedEffect
2026-02-04 22:22:39.431 10189-10189 TermsScreen             com.cdccreditsmart.app               I  ðŸ”„ LaunchedEffect INICIANDO
2026-02-04 22:22:39.431 10189-10189 TermsScreen             com.cdccreditsmart.app               I  ðŸ“„ Iniciando carregamento de termos...
2026-02-04 22:22:39.432 10189-10329 TermsScreen             com.cdccreditsmart.app               I  ðŸ”§ Criando SupportRepository...
2026-02-04 22:22:39.433 10189-10329 TermsScreen             com.cdccreditsmart.app               I  âœ… SupportRepository criado
2026-02-04 22:22:39.434 10189-10189 TermsScreen             com.cdccreditsmart.app               I  ðŸ“¡ Chamando getContractTerms...
2026-02-04 22:22:39.442 10189-10329 NetworkConnectivity     com.cdccreditsmart.app               D  âœ… Conectado via WiFi com internet
2026-02-04 22:22:39.443 10189-10329 SupportRepository       com.cdccreditsmart.app               D  âœ… Retornando termos do cache local (vv5.0)
2026-02-04 22:22:39.448 10189-10189 TermsScreen             com.cdccreditsmart.app               I  ðŸ“¥ Resposta recebida do getContractTerms
2026-02-04 22:22:39.448 10189-10189 TermsScreen             com.cdccreditsmart.app               I  âœ… Termos carregados: vv5.0
2026-02-04 22:22:39.452 10189-10189 TermsScreen             com.cdccreditsmart.app               I  ðŸš€ TermsAcceptanceScreen INICIANDO - contractCode=PFB3PRMZ
2026-02-04 22:22:39.452 10189-10189 TermsScreen             com.cdccreditsmart.app               I  âœ… Context obtido
2026-02-04 22:22:39.452 10189-10189 TermsScreen             com.cdccreditsmart.app               I  âœ… Scope criado
2026-02-04 22:22:39.456 10189-10189 TermsScreen             com.cdccreditsmart.app               I  âœ… Estados inicializados, preparando LaunchedEffect
2026-02-04 22:22:40.640 10189-10189 TermsScreen             com.cdccreditsmart.app               I  ðŸ“¤ Enviando aceitaÃ§Ã£o de termos para o backend...
2026-02-04 22:22:40.640 10189-10189 TermsScreen             com.cdccreditsmart.app               I     IMEI: 353104****
2026-02-04 22:22:40.640 10189-10189 TermsScreen             com.cdccreditsmart.app               I     Version: v5.0
2026-02-04 22:22:40.640 10189-10189 TermsScreen             com.cdccreditsmart.app               I     Hash: eecbb739c2ee7d044be8...
2026-02-04 22:22:40.652 10189-10829 okhttp.OkHttpClient     com.cdccreditsmart.app               I  --> POST https://cdccreditsmart.com/v1/contract/accept
2026-02-04 22:22:40.652 10189-10829 okhttp.OkHttpClient     com.cdccreditsmart.app               I  Content-Type: application/json; charset=UTF-8
2026-02-04 22:22:40.652 10189-10829 okhttp.OkHttpClient     com.cdccreditsmart.app               I  Content-Length: 127
2026-02-04 22:22:40.653 10189-10829 okhttp.OkHttpClient     com.cdccreditsmart.app               I  {"imei":"353104906953198","termsVersion":"v5.0","termsHash":"eecbb739c2ee7d044be83c16b9c788d828c2908f20c23f5e0c6e59e7eb1773b2"}
2026-02-04 22:22:40.653 10189-10829 okhttp.OkHttpClient     com.cdccreditsmart.app               I  --> END POST (127-byte body)
2026-02-04 22:22:41.081 10189-10829 okhttp.OkHttpClient     com.cdccreditsmart.app               I  <-- 200 https://cdccreditsmart.com/v1/contract/accept (427ms)
2026-02-04 22:22:41.081 10189-10829 okhttp.OkHttpClient     com.cdccreditsmart.app               I  access-control-allow-credentials: true
2026-02-04 22:22:41.082 10189-10829 okhttp.OkHttpClient     com.cdccreditsmart.app               I  access-control-allow-headers: Origin, X-Requested-With, Content-Type, Accept, Authorization, x-client-key, x-client-token, x-client-secret, cache-control
2026-02-04 22:22:41.082 10189-10829 okhttp.OkHttpClient     com.cdccreditsmart.app               I  access-control-allow-methods: GET, POST, PUT, PATCH, DELETE, OPTIONS
2026-02-04 22:22:41.082 10189-10829 okhttp.OkHttpClient     com.cdccreditsmart.app               I  access-control-allow-origin: *
2026-02-04 22:22:41.082 10189-10829 okhttp.OkHttpClient     com.cdccreditsmart.app               I  access-control-max-age: 86400
2026-02-04 22:22:41.082 10189-10829 okhttp.OkHttpClient     com.cdccreditsmart.app               I  content-length: 794
2026-02-04 22:22:41.082 10189-10829 okhttp.OkHttpClient     com.cdccreditsmart.app               I  content-security-policy: default-src 'self'; script-src 'self' 'unsafe-inline' 'unsafe-eval' https://replit.com; style-src 'self' 'unsafe-inline' https://replit.com; img-src 'self' data: https:; font-src 'self' data: https://replit.com; connect-src 'self';
2026-02-04 22:22:41.082 10189-10829 okhttp.OkHttpClient     com.cdccreditsmart.app               I  content-type: application/json; charset=utf-8
2026-02-04 22:22:41.082 10189-10829 okhttp.OkHttpClient     com.cdccreditsmart.app               I  date: Thu, 05 Feb 2026 01:22:40 GMT
2026-02-04 22:22:41.083 10189-10829 okhttp.OkHttpClient     com.cdccreditsmart.app               I  etag: W/"31a-LyGQcFl3ser51cbOX8+7n0XBeOs"
2026-02-04 22:22:41.083 10189-10829 okhttp.OkHttpClient     com.cdccreditsmart.app               I  permissions-policy: geolocation=(), microphone=(), camera=()
2026-02-04 22:22:41.083 10189-10829 okhttp.OkHttpClient     com.cdccreditsmart.app               I  referrer-policy: strict-origin-when-cross-origin
2026-02-04 22:22:41.083 10189-10829 okhttp.OkHttpClient     com.cdccreditsmart.app               I  strict-transport-security: max-age=63072000; includeSubDomains
2026-02-04 22:22:41.083 10189-10829 okhttp.OkHttpClient     com.cdccreditsmart.app               I  strict-transport-security: max-age=31536000; includeSubDomains
2026-02-04 22:22:41.083 10189-10829 okhttp.OkHttpClient     com.cdccreditsmart.app               I  x-anti-fraud-protection: active
2026-02-04 22:22:41.083 10189-10829 okhttp.OkHttpClient     com.cdccreditsmart.app               I  x-certificate-pinning-enabled: false
2026-02-04 22:22:41.083 10189-10829 okhttp.OkHttpClient     com.cdccreditsmart.app               I  x-certificate-pinning-status: disabled-for-stability
2026-02-04 22:22:41.084 10189-10829 okhttp.OkHttpClient     com.cdccreditsmart.app               I  x-content-type-options: nosniff
2026-02-04 22:22:41.084 10189-10829 okhttp.OkHttpClient     com.cdccreditsmart.app               I  x-financial-data-protection: enabled
2026-02-04 22:22:41.084 10189-10829 okhttp.OkHttpClient     com.cdccreditsmart.app               I  x-frame-options: DENY
2026-02-04 22:22:41.084 10189-10829 okhttp.OkHttpClient     com.cdccreditsmart.app               I  x-transaction-security-level: maximum
2026-02-04 22:22:41.084 10189-10829 okhttp.OkHttpClient     com.cdccreditsmart.app               I  x-xss-protection: 1; mode=block
2026-02-04 22:22:41.084 10189-10829 okhttp.OkHttpClient     com.cdccreditsmart.app               I  via: 1.1 google
2026-02-04 22:22:41.084 10189-10829 okhttp.OkHttpClient     com.cdccreditsmart.app               I  alt-svc: h3=":443"; ma=2592000,h3-29=":443"; ma=2592000
2026-02-04 22:22:41.086 10189-10829 okhttp.OkHttpClient     com.cdccreditsmart.app               I  {"success":true,"message":"Terms already accepted","alreadyAccepted":true,"termsAcceptedAt":"2026-02-05T01:22:20.092Z","termsVersion":"v5.0","deviceReady":true,"saleId":"sale_1770254468961_jxqio1pc13h","token":"eyJhbGciOiJIUzI1NiIsInR5cCI6IkpXVCJ9.eyJkZXZpY2VJZCI6IjM1MzEwNDkwNjk1MzE5OCIsInNlcmlhbE51bWJlciI6IlpGNTI1R1JDUDgiLCJmaW5nZXJwcmludCI6IjE4YmQ2YWRiMmM2N2RhYzc1NjQ0YWU0ODkzOTc5NTAxOGI5ODVhMmVhMzA3ZDNiNDc2ODBjMGY0YzEzNWIzMTAiLCJ0eXBlIjoiYXBrIiwic2NvcGVzIjpbImRldmljZTpyZWFkIiwiZGV2aWNlOnN5bmMiXSwiaWF0IjoxNzcwMjU0NTIyLCJleHAiOjE4MDE3OTA1MjJ9.dypVQVgkpfe0Hg3HEzT1FF3Av_bGbZvUPfVfwMdbcn4","customerName":"Marcos Antunes","deviceModel":"Dispositivo","device":null,"customer":{"id":"e57f223e-c75f-47c3-a080-f5f4e301dc2c","name":"Marcos Antunes","cpf":"064.527.843-23","phone":"85981888810"}}
2026-02-04 22:22:41.087 10189-10829 okhttp.OkHttpClient     com.cdccreditsmart.app               I  <-- END HTTP (794-byte body)
2026-02-04 22:22:41.096 10189-10189 TermsScreen             com.cdccreditsmart.app               I  âœ… Termos aceitos com sucesso!
2026-02-04 22:22:41.096 10189-10189 TermsScreen             com.cdccreditsmart.app               I     Accepted at: 2026-02-05T01:22:20.092Z
2026-02-04 22:22:41.096 10189-10189 TermsScreen             com.cdccreditsmart.app               I     DeviceReady: true
2026-02-04 22:22:41.096 10189-10189 TermsAcceptanceStorage  com.cdccreditsmart.app               I  Salvando aceitaÃ§Ã£o de termos vv5.0 para contrato PFB3PRMZ
2026-02-04 22:22:41.191 10189-10189 TermsScreen             com.cdccreditsmart.app               I  ðŸ”§ Processando dados do dispositivo...
2026-02-04 22:22:41.191 10189-10189 ContractCodeStorage     com.cdccreditsmart.app               D  Saving contract code to redundant storage
2026-02-04 22:22:41.276 10189-10189 ContractCodeStorage     com.cdccreditsmart.app               D  Saved to EncryptedPrefs
2026-02-04 22:22:41.346 10189-10189 ContractCodeStorage     com.cdccreditsmart.app               D  Deleted existing file: .cdc_protected_code.enc
2026-02-04 22:22:41.381 10189-10189 ContractCodeStorage     com.cdccreditsmart.app               D  Successfully saved to file: .cdc_protected_code.enc
2026-02-04 22:22:41.381 10189-10189 ContractCodeStorage     com.cdccreditsmart.app               D  Saved to Protected Storage
2026-02-04 22:22:41.382 10189-10189 ContractCodeStorage     com.cdccreditsmart.app               D  Deleted existing file: .cdc_contract_b1.enc
2026-02-04 22:22:41.414 10189-10189 ContractCodeStorage     com.cdccreditsmart.app               D  Successfully saved to file: .cdc_contract_b1.enc
2026-02-04 22:22:41.414 10189-10189 ContractCodeStorage     com.cdccreditsmart.app               D  Deleted existing file: .sys_device_cfg.enc
2026-02-04 22:22:41.445 10189-10189 ContractCodeStorage     com.cdccreditsmart.app               D  Successfully saved to file: .sys_device_cfg.enc
2026-02-04 22:22:41.445 10189-10189 ContractCodeStorage     com.cdccreditsmart.app               D  Deleted existing file: .android_secure.enc
2026-02-04 22:22:41.477 10189-10189 ContractCodeStorage     com.cdccreditsmart.app               D  Successfully saved to file: .android_secure.enc
2026-02-04 22:22:41.500 10189-10189 ContractCodeStorage     com.cdccreditsmart.app               D  Contract code saved to ALL storage locations
2026-02-04 22:22:41.687 10189-10189 ContractCodeStorage     com.cdccreditsmart.app               D  Verification complete: 7/7 locations valid
2026-02-04 22:22:41.688 10189-10189 TermsScreen             com.cdccreditsmart.app               I     âœ… ContractCode salvo (mÃ­nimo): PFB3PRMZ
2026-02-04 22:22:41.690 10189-10189 SecureTokenStorage      com.cdccreditsmart.app               I  âœ… IMEI salvo para MDM: 3531***198
2026-02-04 22:22:41.690 10189-10189 TermsScreen             com.cdccreditsmart.app               I     âœ… IMEI salvo para MDM (mÃ­nimo): 35310490...
2026-02-04 22:22:41.694 10189-10189 ContractCodeStorage     com.cdccreditsmart.app               D  Saving contract code to redundant storage
2026-02-04 22:22:41.707 10189-10189 ContractCodeStorage     com.cdccreditsmart.app               D  Saved to EncryptedPrefs
2026-02-04 22:22:41.711 10189-10189 ContractCodeStorage     com.cdccreditsmart.app               D  Deleted existing file: .cdc_protected_code.enc
2026-02-04 22:22:41.741 10189-10189 ContractCodeStorage     com.cdccreditsmart.app               D  Successfully saved to file: .cdc_protected_code.enc
2026-02-04 22:22:41.741 10189-10189 ContractCodeStorage     com.cdccreditsmart.app               D  Saved to Protected Storage
2026-02-04 22:22:41.741 10189-10189 ContractCodeStorage     com.cdccreditsmart.app               D  Deleted existing file: .cdc_contract_b1.enc
2026-02-04 22:22:41.771 10189-10189 ContractCodeStorage     com.cdccreditsmart.app               D  Successfully saved to file: .cdc_contract_b1.enc
2026-02-04 22:22:41.771 10189-10189 ContractCodeStorage     com.cdccreditsmart.app               D  Deleted existing file: .sys_device_cfg.enc
2026-02-04 22:22:41.804 10189-10189 ContractCodeStorage     com.cdccreditsmart.app               D  Successfully saved to file: .sys_device_cfg.enc
2026-02-04 22:22:41.805 10189-10189 ContractCodeStorage     com.cdccreditsmart.app               D  Deleted existing file: .android_secure.enc
2026-02-04 22:22:41.833 10189-10189 ContractCodeStorage     com.cdccreditsmart.app               D  Successfully saved to file: .android_secure.enc
2026-02-04 22:22:41.856 10189-10189 ContractCodeStorage     com.cdccreditsmart.app               D  Contract code saved to ALL storage locations
2026-02-04 22:22:42.017 10189-10189 ContractCodeStorage     com.cdccreditsmart.app               D  Verification complete: 7/7 locations valid
2026-02-04 22:22:42.017 10189-10189 SecureTokenStorage      com.cdccreditsmart.app               D  Auth token saved successfully (contract code via ContractCodeStorage, deviceId: PFB3PRMZ...)
2026-02-04 22:22:42.017 10189-10189 TermsScreen             com.cdccreditsmart.app               I     âœ… Token JWT salvo IMEDIATAMENTE
2026-02-04 22:22:42.017 10189-10189 TermsScreen             com.cdccreditsmart.app               W  âš ï¸ Backend nÃ£o retornou dados completos (deviceReady=true)
2026-02-04 22:22:42.017 10189-10189 TermsScreen             com.cdccreditsmart.app               W     Usando dados mÃ­nimos jÃ¡ salvos
2026-02-04 22:22:42.022 10189-10189 ContractCodeStorage     com.cdccreditsmart.app               D  Saving contract code to redundant storage
2026-02-04 22:22:42.034 10189-10189 ContractCodeStorage     com.cdccreditsmart.app               D  Saved to EncryptedPrefs
2026-02-04 22:22:42.038 10189-10189 ContractCodeStorage     com.cdccreditsmart.app               D  Deleted existing file: .cdc_protected_code.enc
2026-02-04 22:22:42.070 10189-10189 ContractCodeStorage     com.cdccreditsmart.app               D  Successfully saved to file: .cdc_protected_code.enc
2026-02-04 22:22:42.070 10189-10189 ContractCodeStorage     com.cdccreditsmart.app               D  Saved to Protected Storage
2026-02-04 22:22:42.070 10189-10189 ContractCodeStorage     com.cdccreditsmart.app               D  Deleted existing file: .cdc_contract_b1.enc
2026-02-04 22:22:42.102 10189-10189 ContractCodeStorage     com.cdccreditsmart.app               D  Successfully saved to file: .cdc_contract_b1.enc
2026-02-04 22:22:42.103 10189-10189 ContractCodeStorage     com.cdccreditsmart.app               D  Deleted existing file: .sys_device_cfg.enc
2026-02-04 22:22:42.134 10189-10189 ContractCodeStorage     com.cdccreditsmart.app               D  Successfully saved to file: .sys_device_cfg.enc
2026-02-04 22:22:42.134 10189-10189 ContractCodeStorage     com.cdccreditsmart.app               D  Deleted existing file: .android_secure.enc
2026-02-04 22:22:42.162 10189-10189 ContractCodeStorage     com.cdccreditsmart.app               D  Successfully saved to file: .android_secure.enc
2026-02-04 22:22:42.184 10189-10189 ContractCodeStorage     com.cdccreditsmart.app               D  Contract code saved to ALL storage locations
2026-02-04 22:22:42.339 10189-10189 ContractCodeStorage     com.cdccreditsmart.app               D  Verification complete: 7/7 locations valid
2026-02-04 22:22:42.339 10189-10189 SecureTokenStorage      com.cdccreditsmart.app               D  Device info saved successfully from auto-discovery
2026-02-04 22:22:42.339 10189-10189 SecureTokenStorage      com.cdccreditsmart.app               D    - DeviceId: PFB3PRMZ...
2026-02-04 22:22:42.339 10189-10189 SecureTokenStorage      com.cdccreditsmart.app               D    - SerialNumber: PFB3PRMZ
2026-02-04 22:22:42.339 10189-10189 SecureTokenStorage      com.cdccreditsmart.app               D    - IMEI: 3531***
2026-02-04 22:22:42.339 10189-10189 SecureTokenStorage      com.cdccreditsmart.app               D    - ContractCode: PFB3PRMZ
2026-02-04 22:22:42.340 10189-10189 TermsScreen             com.cdccreditsmart.app               W     âœ… DeviceInfo mÃ­nimo salvo via fallback
2026-02-04 22:22:42.345 10189-10189 SecureTokenStorage      com.cdccreditsmart.app               D  âœ… Usando IMEI para MDM: 3531***198
2026-02-04 22:22:42.345 10189-10189 TermsScreen             com.cdccreditsmart.app               I  ðŸ“Š Estado apÃ³s aceite:
2026-02-04 22:22:42.345 10189-10189 TermsScreen             com.cdccreditsmart.app               I     ContractCode: âœ… PFB3PRMZ
2026-02-04 22:22:42.345 10189-10189 TermsScreen             com.cdccreditsmart.app               I     Token: âœ…
2026-02-04 22:22:42.345 10189-10189 TermsScreen             com.cdccreditsmart.app               I     DeviceId: âœ…
2026-02-04 22:22:42.345 10189-10189 TermsScreen             com.cdccreditsmart.app               I     IMEI: âœ…
2026-02-04 22:22:42.345 10189-10189 TermsScreen             com.cdccreditsmart.app               I  ðŸ“Š Estado FINAL:
2026-02-04 22:22:42.345 10189-10189 TermsScreen             com.cdccreditsmart.app               I     Token: âœ… PRESENTE
2026-02-04 22:22:42.345 10189-10189 TermsScreen             com.cdccreditsmart.app               I  ðŸš€ Iniciando serviÃ§o de foreground...
2026-02-04 22:22:42.348 10189-10189 CdcForegroundService    com.cdccreditsmart.app               I  âœ… ServiÃ§o iniciado via startService()
2026-02-04 22:22:42.348 10189-10189 TermsScreen             com.cdccreditsmart.app               I  âœ… VerificaÃ§Ã£o final OK - ContractCode persistido: PFB3PRMZ
2026-02-04 22:22:42.357 10189-10189 Choreographer           com.cdccreditsmart.app               I  Skipped 75 frames!  The application may be doing too much work on its main thread.
2026-02-04 22:22:42.367 10189-10189 CdcForegroundService    com.cdccreditsmart.app               D  ðŸš€ ServiÃ§o onStartCommand() - Action: com.cdccreditsmart.app.START_SERVICE
2026-02-04 22:22:42.373 10189-10189 CdcForegroundService    com.cdccreditsmart.app               I  âœ… Foreground Service ativo (Android 12+)
2026-02-04 22:22:42.374 10189-10329 CdcForegroundService    com.cdccreditsmart.app               I  ðŸ”§ ========================================
2026-02-04 22:22:42.375 10189-10329 CdcForegroundService    com.cdccreditsmart.app               I  ðŸ”§ INICIANDO initializeServices()...
2026-02-04 22:22:42.375 10189-10329 CdcForegroundService    com.cdccreditsmart.app               I  ðŸ”§ ========================================
2026-02-04 22:22:42.375 10189-10329 CdcForegroundService    com.cdccreditsmart.app               D  âœ… ServiÃ§os base jÃ¡ inicializados
2026-02-04 22:22:42.375 10189-10329 CdcForegroundService    com.cdccreditsmart.app               D  âœ… MDM jÃ¡ inicializado - ignorando chamada duplicada
2026-02-04 22:22:42.395 10189-10189 SecureTokenStorage      com.cdccreditsmart.app               D  âœ… Usando IMEI para MDM: 3531***198
2026-02-04 22:22:42.395 10189-10189 SimpleHomeViewModel     com.cdccreditsmart.app               D  ðŸ“¦ VerificaÃ§Ã£o de autenticaÃ§Ã£o:
2026-02-04 22:22:42.395 10189-10189 SimpleHomeViewModel     com.cdccreditsmart.app               D     Token: presente
2026-02-04 22:22:42.395 10189-10189 SimpleHomeViewModel     com.cdccreditsmart.app               D     DeviceInfo: presente
2026-02-04 22:22:42.395 10189-10189 SimpleHomeViewModel     com.cdccreditsmart.app               D     ContractCode: presente
2026-02-04 22:22:42.397 10189-10189 NetworkConnectivity     com.cdccreditsmart.app               D  âœ… Conectado via WiFi com internet
2026-02-04 22:22:42.398 10189-10189 SimpleHomeViewModel     com.cdccreditsmart.app               D  ðŸ“¡ Fetching device installments from /api/apk/device/installments...
2026-02-04 22:22:42.414 10189-10852 SimpleHomeViewModel     com.cdccreditsmart.app               D  âœ… Added Authorization header with token
2026-02-04 22:22:42.416 10189-10852 SecureTokenStorage      com.cdccreditsmart.app               D  âœ… Usando IMEI para MDM: 3531***198
2026-02-04 22:22:42.420 10189-10852 SimpleHomeViewModel     com.cdccreditsmart.app               D  ðŸ“± Added X-Device-IMEI header
2026-02-04 22:22:42.421 10189-10852 SimpleHomeViewModel     com.cdccreditsmart.app               D  ðŸ“± Added X-Device-SerialNumber header
2026-02-04 22:22:42.421 10189-10852 SimpleHomeViewModel     com.cdccreditsmart.app               D  ðŸ“± Added X-Device-ID header
2026-02-04 22:22:42.421 10189-10852 SimpleHomeViewModel     com.cdccreditsmart.app               D  ðŸ“¤ Request URL: https://cdccreditsmart.com/api/apk/device/installments
2026-02-04 22:22:43.059 10189-10852 SimpleHomeViewModel     com.cdccreditsmart.app               D  ðŸ“¥ Response Code: 200
2026-02-04 22:22:43.179 10189-10189 SimpleHomeViewModel     com.cdccreditsmart.app               D  âœ… Successfully fetched installments data
2026-02-04 22:22:43.179 10189-10189 SimpleHomeViewModel     com.cdccreditsmart.app               D  ðŸ“Š Device: MOTOROLA Moto G15 Power 128GB Grafite 4G 4GB RAM
2026-02-04 22:22:43.179 10189-10189 SimpleHomeViewModel     com.cdccreditsmart.app               D  ðŸ“Š Total installments: 24
2026-02-04 22:22:43.179 10189-10189 SimpleHomeViewModel     com.cdccreditsmart.app               D  ðŸ“Š Paid: 0
2026-02-04 22:22:43.179 10189-10189 SimpleHomeViewModel     com.cdccreditsmart.app               D  ðŸ“Š Overdue: 0
2026-02-04 22:22:43.179 10189-10189 SimpleHomeViewModel     com.cdccreditsmart.app               D  ðŸ“Š All installments count: 24
2026-02-04 22:22:43.179 10189-10189 SimpleHomeViewModel     com.cdccreditsmart.app               D  ðŸ“‹ Parcela #1: status=pending, isPaid=false, dueDate=2026-02-20T01:22:28.923Z
2026-02-04 22:22:43.179 10189-10189 SimpleHomeViewModel     com.cdccreditsmart.app               D  ðŸ“‹ Parcela #2: status=pending, isPaid=false, dueDate=2026-03-07T01:22:28.923Z
2026-02-04 22:22:43.179 10189-10189 SimpleHomeViewModel     com.cdccreditsmart.app               D  ðŸ“‹ Parcela #3: status=pending, isPaid=false, dueDate=2026-03-22T01:22:28.923Z
2026-02-04 22:22:43.180 10189-10189 SimpleHomeViewModel     com.cdccreditsmart.app               D  ðŸ“‹ Parcela #4: status=pending, isPaid=false, dueDate=2026-04-06T01:22:28.923Z
2026-02-04 22:22:43.180 10189-10189 SimpleHomeViewModel     com.cdccreditsmart.app               D  ðŸ“‹ Parcela #5: status=pending, isPaid=false, dueDate=2026-04-21T01:22:28.923Z
2026-02-04 22:22:43.180 10189-10189 SimpleHomeViewModel     com.cdccreditsmart.app               D  ðŸ“‹ Parcela #6: status=pending, isPaid=false, dueDate=2026-05-06T01:22:28.923Z
2026-02-04 22:22:43.180 10189-10189 SimpleHomeViewModel     com.cdccreditsmart.app               D  ðŸ“‹ Parcela #7: status=pending, isPaid=false, dueDate=2026-05-21T01:22:28.923Z
2026-02-04 22:22:43.180 10189-10189 SimpleHomeViewModel     com.cdccreditsmart.app               D  ðŸ“‹ Parcela #8: status=pending, isPaid=false, dueDate=2026-06-05T01:22:28.923Z
2026-02-04 22:22:43.180 10189-10189 SimpleHomeViewModel     com.cdccreditsmart.app               D  ðŸ“‹ Parcela #9: status=pending, isPaid=false, dueDate=2026-06-20T01:22:28.923Z
2026-02-04 22:22:43.180 10189-10189 SimpleHomeViewModel     com.cdccreditsmart.app               D  ðŸ“‹ Parcela #10: status=pending, isPaid=false, dueDate=2026-07-05T01:22:28.923Z
2026-02-04 22:22:43.180 10189-10189 SimpleHomeViewModel     com.cdccreditsmart.app               D  ðŸ“‹ Parcela #11: status=pending, isPaid=false, dueDate=2026-07-20T01:22:28.923Z
2026-02-04 22:22:43.180 10189-10189 SimpleHomeViewModel     com.cdccreditsmart.app               D  ðŸ“‹ Parcela #12: status=pending, isPaid=false, dueDate=2026-08-04T01:22:28.923Z
2026-02-04 22:22:43.180 10189-10189 SimpleHomeViewModel     com.cdccreditsmart.app               D  ðŸ“‹ Parcela #13: status=pending, isPaid=false, dueDate=2026-08-19T01:22:28.923Z
2026-02-04 22:22:43.180 10189-10189 SimpleHomeViewModel     com.cdccreditsmart.app               D  ðŸ“‹ Parcela #14: status=pending, isPaid=false, dueDate=2026-09-03T01:22:28.923Z
2026-02-04 22:22:43.180 10189-10189 SimpleHomeViewModel     com.cdccreditsmart.app               D  ðŸ“‹ Parcela #15: status=pending, isPaid=false, dueDate=2026-09-18T01:22:28.923Z
2026-02-04 22:22:43.180 10189-10189 SimpleHomeViewModel     com.cdccreditsmart.app               D  ðŸ“‹ Parcela #16: status=pending, isPaid=false, dueDate=2026-10-03T01:22:28.923Z
2026-02-04 22:22:43.180 10189-10189 SimpleHomeViewModel     com.cdccreditsmart.app               D  ðŸ“‹ Parcela #17: status=pending, isPaid=false, dueDate=2026-10-18T01:22:28.923Z
2026-02-04 22:22:43.180 10189-10189 SimpleHomeViewModel     com.cdccreditsmart.app               D  ðŸ“‹ Parcela #18: status=pending, isPaid=false, dueDate=2026-11-02T01:22:28.923Z
2026-02-04 22:22:43.180 10189-10189 SimpleHomeViewModel     com.cdccreditsmart.app               D  ðŸ“‹ Parcela #19: status=pending, isPaid=false, dueDate=2026-11-17T01:22:28.923Z
2026-02-04 22:22:43.180 10189-10189 SimpleHomeViewModel     com.cdccreditsmart.app               D  ðŸ“‹ Parcela #20: status=pending, isPaid=false, dueDate=2026-12-02T01:22:28.923Z
2026-02-04 22:22:43.180 10189-10189 SimpleHomeViewModel     com.cdccreditsmart.app               D  ðŸ“‹ Parcela #21: status=pending, isPaid=false, dueDate=2026-12-17T01:22:28.923Z
2026-02-04 22:22:43.180 10189-10189 SimpleHomeViewModel     com.cdccreditsmart.app               D  ðŸ“‹ Parcela #22: status=pending, isPaid=false, dueDate=2027-01-01T01:22:28.923Z
2026-02-04 22:22:43.180 10189-10189 SimpleHomeViewModel     com.cdccreditsmart.app               D  ðŸ“‹ Parcela #23: status=pending, isPaid=false, dueDate=2027-01-16T01:22:28.923Z
2026-02-04 22:22:43.180 10189-10189 SimpleHomeViewModel     com.cdccreditsmart.app               D  ðŸ“‹ Parcela #24: status=pending, isPaid=false, dueDate=2027-01-31T01:22:28.923Z
2026-02-04 22:22:43.180 10189-10189 SimpleHomeViewModel     com.cdccreditsmart.app               I  ðŸ’¾ Salvando dados do cliente no storage - CustomerName: 'null', DeviceModel: 'MOTOROLA Moto G15 Power 128GB Grafite 4G 4GB RAM'
2026-02-04 22:22:43.180 10189-10189 SecureTokenStorage      com.cdccreditsmart.app               D  ðŸ’¾ Salvando customer info - Name: null, Device: MOTOROLA Moto G15 Power 128GB Grafite 4G 4GB RAM
2026-02-04 22:22:43.181 10189-10189 SecureTokenStorage      com.cdccreditsmart.app               W  âš ï¸ CustomerName vazio/null - nÃ£o salvando
2026-02-04 22:22:43.183 10189-10189 SecureTokenStorage      com.cdccreditsmart.app               D  âœ… DeviceModel salvo: MOTOROLA Moto G15 Power 128GB Grafite 4G 4GB RAM
2026-02-04 22:22:43.183 10189-10189 SecureTokenStorage      com.cdccreditsmart.app               I  âœ… Customer info saved successfully!
2026-02-04 22:22:43.275 10189-10189 LocalInstallmentStorage com.cdccreditsmart.app               I  âœ… 24 parcelas salvas localmente (contrato: PFB3PRMZ)
2026-02-04 22:22:43.275 10189-10189 SimpleHomeViewModel     com.cdccreditsmart.app               I  âœ… 24 parcelas salvas localmente
2026-02-04 22:22:43.275 10189-10189 SimpleHomeViewModel     com.cdccreditsmart.app               I     â†’ 0 pagas
2026-02-04 22:22:43.276 10189-10189 SimpleHomeViewModel     com.cdccreditsmart.app               I     â†’ 24 pendentes
2026-02-04 22:22:43.276 10189-10189 SimpleHomeViewModel     com.cdccreditsmart.app               I     â†’ 0 em atraso
2026-02-04 22:22:43.276 10189-10189 SimpleHomeViewModel     com.cdccreditsmart.app               I     â†’ Dados disponÃ­veis para overlay e offline blocking
2026-02-04 22:22:43.276 10189-10189 SimpleHomeViewModel     com.cdccreditsmart.app               I  ðŸ’¾ Cache atualizado - prÃ³ximo acesso usarÃ¡ cache por 900s
2026-02-04 22:22:43.285 10189-10189 SecureTokenStorage      com.cdccreditsmart.app               D  ðŸ“– Lendo customerName: Marcos Antunes
2026-02-04 22:22:43.287 10189-10189 SecureTokenStorage      com.cdccreditsmart.app               D  ðŸ“– Lendo deviceModel: MOTOROLA Moto G15 Power 128GB Grafite 4G 4GB RAM
2026-02-04 22:22:43.819 10189-10329 SupportRepository       com.cdccreditsmart.app               D  âœ… Retornando contato do cache local
2026-02-04 22:22:43.868 10189-10189 Choreographer           com.cdccreditsmart.app               I  Skipped 34 frames!  The application may be doing too much work on its main thread.
2026-02-04 22:22:43.920 10189-10208 creditsmart.app         com.cdccreditsmart.app               I  Background concurrent mark compact GC freed 13MB AllocSpace bytes, 273(10MB) LOS objects, 59% free, 16MB/40MB, paused 1.808ms,41.396ms total 193.751ms
2026-02-04 22:22:44.584 10189-10329 MdmCommandReceiver      com.cdccreditsmart.app               D  ðŸ’“ WebSocket desconectado, parando ping
2026-02-04 22:22:44.585 10189-10329 MdmCommandReceiver      com.cdccreditsmart.app               D  ðŸ’“ Ping job encerrado
2026-02-04 22:22:44.679 10189-10189 ScrollIdentify          com.cdccreditsmart.app               I  on fling
2026-02-04 22:22:45.215 10189-10206 creditsmart.app         com.cdccreditsmart.app               I  Compiler allocated 5771KB to compile kotlin.Unit com.cdccreditsmart.app.presentation.screens.home.ModernHomeScreenKt.InstallmentCard$lambda$0(com.cdccreditsmart.network.dto.cdc.InstallmentItem, boolean, kotlin.jvm.functions.Function0, androidx.compose.foundation.layout.ColumnScope, androidx.compose.runtime.Composer, int)
2026-02-04 22:22:45.533 10189-10189 ScrollIdentify          com.cdccreditsmart.app               I  on fling
2026-02-04 22:22:46.148 10189-10189 ScrollIdentify          com.cdccreditsmart.app               I  on fling
2026-02-04 22:22:46.785 10189-10189 ScrollIdentify          com.cdccreditsmart.app               I  on fling
2026-02-04 22:22:47.742 10189-10189 ScrollIdentify          com.cdccreditsmart.app               I  on fling
2026-02-04 22:22:48.475 10189-10189 ScrollIdentify          com.cdccreditsmart.app               I  on fling
2026-02-04 22:22:48.861 10189-10189 ScrollIdentify          com.cdccreditsmart.app               I  on fling
2026-02-04 22:22:49.240 10189-10189 ScrollIdentify          com.cdccreditsmart.app               I  on fling
2026-02-04 22:22:49.557 10189-10189 ScrollIdentify          com.cdccreditsmart.app               I  on fling
2026-02-04 22:22:49.973 10189-10189 ScrollIdentify          com.cdccreditsmart.app               I  on fling
2026-02-04 22:22:50.866 10189-10189 ScrollIdentify          com.cdccreditsmart.app               I  on fling
2026-02-04 22:23:03.976 10189-10189 WebSocketManager        com.cdccreditsmart.app               D  Heartbeat ping sent
2026-02-04 22:23:04.163 10189-10189 WebSocketManager        com.cdccreditsmart.app               D  Heartbeat ping sent
2026-02-04 22:23:04.180 10189-10814 WebSocketManager        com.cdccreditsmart.app               D  Message received: {"type":"pong","timestamp":"2026-02-05T01:23:04.109Z"}...
2026-02-04 22:23:04.180 10189-10814 WebSocketManager        com.cdccreditsmart.app               D  Received message type: pong
2026-02-04 22:23:04.180 10189-10814 WebSocketManager        com.cdccreditsmart.app               D  Pong received
2026-02-04 22:23:04.362 10189-10814 WebSocketManager        com.cdccreditsmart.app               D  Message received: {"type":"pong","timestamp":"2026-02-05T01:23:04.292Z"}...
2026-02-04 22:23:04.363 10189-10814 WebSocketManager        com.cdccreditsmart.app               D  Received message type: pong
2026-02-04 22:23:04.363 10189-10814 WebSocketManager        com.cdccreditsmart.app               D  Pong received
2026-02-04 22:23:04.586 10189-10189 WebSocketManager        com.cdccreditsmart.app               D  Heartbeat ping sent
2026-02-04 22:23:04.775 10189-10189 WebSocketManager        com.cdccreditsmart.app               D  Heartbeat ping sent
2026-02-04 22:23:04.788 10189-10828 WebSocketManager        com.cdccreditsmart.app               D  Message received: {"type":"pong","timestamp":"2026-02-05T01:23:04.721Z"}...
2026-02-04 22:23:04.789 10189-10828 WebSocketManager        com.cdccreditsmart.app               D  Received message type: pong
2026-02-04 22:23:04.789 10189-10828 WebSocketManager        com.cdccreditsmart.app               D  Pong received
2026-02-04 22:23:04.846 10189-10329 MdmCommandReceiver      com.cdccreditsmart.app               I  ðŸ” [Polling #3] Verificando comandos pendentes...
2026-02-04 22:23:04.859 10189-10329 SecureTokenStorage      com.cdccreditsmart.app               D  âœ… Usando IMEI para MDM: 3531***198
2026-02-04 22:23:04.859 10189-10329 MdmCommandReceiver      com.cdccreditsmart.app               I  ðŸ” ========================================
2026-02-04 22:23:04.859 10189-10329 MdmCommandReceiver      com.cdccreditsmart.app               I  ðŸ” BUSCANDO COMANDOS PENDENTES
2026-02-04 22:23:04.859 10189-10329 MdmCommandReceiver      com.cdccreditsmart.app               I  ðŸ” ========================================
2026-02-04 22:23:04.859 10189-10329 MdmCommandReceiver      com.cdccreditsmart.app               I  ðŸ” Identifier: 353104906953198
2026-02-04 22:23:04.859 10189-10329 MdmCommandReceiver      com.cdccreditsmart.app               I  ðŸ” Endpoint: GET /api/apk/device/353104906953198/commands
2026-02-04 22:23:04.864 10189-10329 MdmCommandReceiver      com.cdccreditsmart.app               D  ðŸ” Executando requisiÃ§Ã£o HTTP (timeout: 15s)...
2026-02-04 22:23:04.879 10189-10829 okhttp.OkHttpClient     com.cdccreditsmart.app               I  --> GET https://cdccreditsmart.com/api/apk/device/353104906953198/commands
2026-02-04 22:23:04.879 10189-10829 okhttp.OkHttpClient     com.cdccreditsmart.app               I  --> END GET
2026-02-04 22:23:04.971 10189-10828 WebSocketManager        com.cdccreditsmart.app               D  Message received: {"type":"pong","timestamp":"2026-02-05T01:23:04.904Z"}...
2026-02-04 22:23:04.972 10189-10828 WebSocketManager        com.cdccreditsmart.app               D  Received message type: pong
2026-02-04 22:23:04.972 10189-10828 WebSocketManager        com.cdccreditsmart.app               D  Pong received
2026-02-04 22:23:05.428 10189-10329 HeartbeatManager        com.cdccreditsmart.app               D  ðŸ’“ Usando authToken (fallback)
2026-02-04 22:23:05.434 10189-10329 HeartbeatManager        com.cdccreditsmart.app               D  Heartbeat payload:
2026-02-04 22:23:05.434 10189-10329 HeartbeatManager        com.cdccreditsmart.app               D     deviceToken: eyJhbGciOiJIUzI1NiIs...
2026-02-04 22:23:05.434 10189-10329 HeartbeatManager        com.cdccreditsmart.app               D     policyLevel: 0
2026-02-04 22:23:05.435 10189-10329 HeartbeatManager        com.cdccreditsmart.app               D     batteryLevel: 100
2026-02-04 22:23:05.435 10189-10329 HeartbeatManager        com.cdccreditsmart.app               D     isCharging: true
2026-02-04 22:23:05.435 10189-10329 HeartbeatManager        com.cdccreditsmart.app               D     currentSimImei: 353104...
2026-02-04 22:23:05.454 10189-10860 okhttp.OkHttpClient     com.cdccreditsmart.app               I  --> POST https://cdccreditsmart.com/api/apk/device/heartbeat
2026-02-04 22:23:05.455 10189-10860 okhttp.OkHttpClient     com.cdccreditsmart.app               I  Content-Type: application/json; charset=UTF-8
2026-02-04 22:23:05.455 10189-10860 okhttp.OkHttpClient     com.cdccreditsmart.app               I  Content-Length: 519
2026-02-04 22:23:05.455 10189-10860 okhttp.OkHttpClient     com.cdccreditsmart.app               I  Authorization: Bearer eyJhbGciOiJIUzI1NiIsInR5cCI6IkpXVCJ9.eyJkZXZpY2VJZCI6IjM1MzEwNDkwNjk1MzE5OCIsInNlcmlhbE51bWJlciI6IlpGNTI1R1JDUDgiLCJmaW5nZXJwcmludCI6IjE4YmQ2YWRiMmM2N2RhYzc1NjQ0YWU0ODkzOTc5NTAxOGI5ODVhMmVhMzA3ZDNiNDc2ODBjMGY0YzEzNWIzMTAiLCJ0eXBlIjoiYXBrIiwic2NvcGVzIjpbImRldmljZTpyZWFkIiwiZGV2aWNlOnN5bmMiXSwiaWF0IjoxNzcwMjU0NTIyLCJleHAiOjE4MDE3OTA1MjJ9.dypVQVgkpfe0Hg3HEzT1FF3Av_bGbZvUPfVfwMdbcn4
2026-02-04 22:23:05.456 10189-10860 okhttp.OkHttpClient     com.cdccreditsmart.app               I  {"deviceToken":"eyJhbGciOiJIUzI1NiIsInR5cCI6IkpXVCJ9.eyJkZXZpY2VJZCI6IjM1MzEwNDkwNjk1MzE5OCIsInNlcmlhbE51bWJlciI6IlpGNTI1R1JDUDgiLCJmaW5nZXJwcmludCI6IjE4YmQ2YWRiMmM2N2RhYzc1NjQ0YWU0ODkzOTc5NTAxOGI5ODVhMmVhMzA3ZDNiNDc2ODBjMGY0YzEzNWIzMTAiLCJ0eXBlIjoiYXBrIiwic2NvcGVzIjpbImRldmljZTpyZWFkIiwiZGV2aWNlOnN5bmMiXSwiaWF0IjoxNzcwMjU0NTIyLCJleHAiOjE4MDE3OTA1MjJ9.dypVQVgkpfe0Hg3HEzT1FF3Av_bGbZvUPfVfwMdbcn4","currentBlockLevel":0,"batteryLevel":100,"isCharging":true,"currentSimImei":"353104906953198","timestamp":1770254585434}
2026-02-04 22:23:05.456 10189-10860 okhttp.OkHttpClient     com.cdccreditsmart.app               I  --> END POST (519-byte body)
2026-02-04 22:23:05.516 10189-10829 okhttp.OkHttpClient     com.cdccreditsmart.app               I  <-- 200 https://cdccreditsmart.com/api/apk/device/353104906953198/commands (637ms)
2026-02-04 22:23:05.517 10189-10829 okhttp.OkHttpClient     com.cdccreditsmart.app               I  access-control-allow-credentials: true
2026-02-04 22:23:05.517 10189-10829 okhttp.OkHttpClient     com.cdccreditsmart.app               I  access-control-allow-headers: Origin, X-Requested-With, Content-Type, Accept, Authorization, x-client-key, x-client-token, x-client-secret, cache-control
2026-02-04 22:23:05.517 10189-10829 okhttp.OkHttpClient     com.cdccreditsmart.app               I  access-control-allow-methods: GET, POST, PUT, PATCH, DELETE, OPTIONS
2026-02-04 22:23:05.517 10189-10829 okhttp.OkHttpClient     com.cdccreditsmart.app               I  access-control-allow-origin: *
2026-02-04 22:23:05.517 10189-10829 okhttp.OkHttpClient     com.cdccreditsmart.app               I  access-control-max-age: 86400
2026-02-04 22:23:05.517 10189-10829 okhttp.OkHttpClient     com.cdccreditsmart.app               I  content-length: 104
2026-02-04 22:23:05.517 10189-10829 okhttp.OkHttpClient     com.cdccreditsmart.app               I  content-security-policy: default-src 'self'; script-src 'self' 'unsafe-inline' 'unsafe-eval' https://replit.com; style-src 'self' 'unsafe-inline' https://replit.com; img-src 'self' data: https:; font-src 'self' data: https://replit.com; connect-src 'self';
2026-02-04 22:23:05.518 10189-10829 okhttp.OkHttpClient     com.cdccreditsmart.app               I  content-type: application/json; charset=utf-8
2026-02-04 22:23:05.518 10189-10829 okhttp.OkHttpClient     com.cdccreditsmart.app               I  date: Thu, 05 Feb 2026 01:23:05 GMT
2026-02-04 22:23:05.518 10189-10829 okhttp.OkHttpClient     com.cdccreditsmart.app               I  etag: W/"68-KhomJky8DgkcGkFqwuiKclq6mvI"
2026-02-04 22:23:05.518 10189-10829 okhttp.OkHttpClient     com.cdccreditsmart.app               I  permissions-policy: geolocation=(), microphone=(), camera=()
2026-02-04 22:23:05.518 10189-10829 okhttp.OkHttpClient     com.cdccreditsmart.app               I  referrer-policy: strict-origin-when-cross-origin
2026-02-04 22:23:05.518 10189-10829 okhttp.OkHttpClient     com.cdccreditsmart.app               I  strict-transport-security: max-age=63072000; includeSubDomains
2026-02-04 22:23:05.518 10189-10829 okhttp.OkHttpClient     com.cdccreditsmart.app               I  strict-transport-security: max-age=31536000; includeSubDomains
2026-02-04 22:23:05.518 10189-10829 okhttp.OkHttpClient     com.cdccreditsmart.app               I  x-anti-fraud-protection: active
2026-02-04 22:23:05.519 10189-10829 okhttp.OkHttpClient     com.cdccreditsmart.app               I  x-certificate-pinning-enabled: false
2026-02-04 22:23:05.519 10189-10829 okhttp.OkHttpClient     com.cdccreditsmart.app               I  x-certificate-pinning-status: disabled-for-stability
2026-02-04 22:23:05.519 10189-10829 okhttp.OkHttpClient     com.cdccreditsmart.app               I  x-content-type-options: nosniff
2026-02-04 22:23:05.519 10189-10829 okhttp.OkHttpClient     com.cdccreditsmart.app               I  x-financial-data-protection: enabled
2026-02-04 22:23:05.519 10189-10829 okhttp.OkHttpClient     com.cdccreditsmart.app               I  x-frame-options: DENY
2026-02-04 22:23:05.519 10189-10829 okhttp.OkHttpClient     com.cdccreditsmart.app               I  x-transaction-security-level: maximum
2026-02-04 22:23:05.519 10189-10829 okhttp.OkHttpClient     com.cdccreditsmart.app               I  x-xss-protection: 1; mode=block
2026-02-04 22:23:05.519 10189-10829 okhttp.OkHttpClient     com.cdccreditsmart.app               I  via: 1.1 google
2026-02-04 22:23:05.519 10189-10829 okhttp.OkHttpClient     com.cdccreditsmart.app               I  alt-svc: h3=":443"; ma=2592000,h3-29=":443"; ma=2592000
2026-02-04 22:23:05.521 10189-10829 okhttp.OkHttpClient     com.cdccreditsmart.app               I  {"deviceId":"device_1770254468961_ntmzx6jd09","serialNumber":"PFB3PRMZ","commandsCount":0,"commands":[]}
2026-02-04 22:23:05.521 10189-10829 okhttp.OkHttpClient     com.cdccreditsmart.app               I  <-- END HTTP (104-byte body)
2026-02-04 22:23:05.525 10189-10329 MdmCommandReceiver      com.cdccreditsmart.app               I  ðŸ” HTTP Response code: 200
2026-02-04 22:23:05.525 10189-10329 MdmCommandReceiver      com.cdccreditsmart.app               I  ðŸ” HTTP isSuccessful: true
2026-02-04 22:23:05.525 10189-10329 MdmCommandReceiver      com.cdccreditsmart.app               I  ðŸ” Response body deviceId: device_1770254468961_ntmzx6jd09
2026-02-04 22:23:05.525 10189-10329 MdmCommandReceiver      com.cdccreditsmart.app               I  ðŸ” Response body serialNumber: PFB3PRMZ
2026-02-04 22:23:05.525 10189-10329 MdmCommandReceiver      com.cdccreditsmart.app               I  ðŸ” Total de comandos: 0
2026-02-04 22:23:05.525 10189-10329 MdmCommandReceiver      com.cdccreditsmart.app               D  âœ… Nenhum comando pendente no servidor
2026-02-04 22:23:05.525 10189-10329 MdmCommandReceiver      com.cdccreditsmart.app               D  ðŸ“Š Fetch duration: 666ms
2026-02-04 22:23:06.167 10189-10860 okhttp.OkHttpClient     com.cdccreditsmart.app               I  <-- 200 https://cdccreditsmart.com/api/apk/device/heartbeat (710ms)
2026-02-04 22:23:06.167 10189-10860 okhttp.OkHttpClient     com.cdccreditsmart.app               I  access-control-allow-credentials: true
2026-02-04 22:23:06.168 10189-10860 okhttp.OkHttpClient     com.cdccreditsmart.app               I  access-control-allow-headers: Origin, X-Requested-With, Content-Type, Accept, Authorization, x-client-key, x-client-token, x-client-secret, cache-control
2026-02-04 22:23:06.168 10189-10860 okhttp.OkHttpClient     com.cdccreditsmart.app               I  access-control-allow-methods: GET, POST, PUT, PATCH, DELETE, OPTIONS
2026-02-04 22:23:06.168 10189-10860 okhttp.OkHttpClient     com.cdccreditsmart.app               I  access-control-allow-origin: *
2026-02-04 22:23:06.168 10189-10860 okhttp.OkHttpClient     com.cdccreditsmart.app               I  access-control-max-age: 86400
2026-02-04 22:23:06.168 10189-10860 okhttp.OkHttpClient     com.cdccreditsmart.app               I  content-length: 327
2026-02-04 22:23:06.168 10189-10860 okhttp.OkHttpClient     com.cdccreditsmart.app               I  content-security-policy: default-src 'self'; script-src 'self' 'unsafe-inline' 'unsafe-eval' https://replit.com; style-src 'self' 'unsafe-inline' https://replit.com; img-src 'self' data: https:; font-src 'self' data: https://replit.com; connect-src 'self';
2026-02-04 22:23:06.168 10189-10860 okhttp.OkHttpClient     com.cdccreditsmart.app               I  content-type: application/json; charset=utf-8
2026-02-04 22:23:06.169 10189-10860 okhttp.OkHttpClient     com.cdccreditsmart.app               I  date: Thu, 05 Feb 2026 01:23:05 GMT
2026-02-04 22:23:06.169 10189-10860 okhttp.OkHttpClient     com.cdccreditsmart.app               I  etag: W/"147-Qy6gwPnK5M+UrTvioMMVEoPSwjs"
2026-02-04 22:23:06.169 10189-10860 okhttp.OkHttpClient     com.cdccreditsmart.app               I  permissions-policy: geolocation=(), microphone=(), camera=()
2026-02-04 22:23:06.169 10189-10860 okhttp.OkHttpClient     com.cdccreditsmart.app               I  referrer-policy: strict-origin-when-cross-origin
2026-02-04 22:23:06.169 10189-10860 okhttp.OkHttpClient     com.cdccreditsmart.app               I  strict-transport-security: max-age=63072000; includeSubDomains
2026-02-04 22:23:06.169 10189-10860 okhttp.OkHttpClient     com.cdccreditsmart.app               I  strict-transport-security: max-age=31536000; includeSubDomains
2026-02-04 22:23:06.170 10189-10860 okhttp.OkHttpClient     com.cdccreditsmart.app               I  x-anti-fraud-protection: active
2026-02-04 22:23:06.170 10189-10860 okhttp.OkHttpClient     com.cdccreditsmart.app               I  x-certificate-pinning-enabled: false
2026-02-04 22:23:06.170 10189-10860 okhttp.OkHttpClient     com.cdccreditsmart.app               I  x-certificate-pinning-status: disabled-for-stability
2026-02-04 22:23:06.170 10189-10860 okhttp.OkHttpClient     com.cdccreditsmart.app               I  x-content-type-options: nosniff
2026-02-04 22:23:06.170 10189-10860 okhttp.OkHttpClient     com.cdccreditsmart.app               I  x-financial-data-protection: enabled
2026-02-04 22:23:06.170 10189-10860 okhttp.OkHttpClient     com.cdccreditsmart.app               I  x-frame-options: DENY
2026-02-04 22:23:06.170 10189-10860 okhttp.OkHttpClient     com.cdccreditsmart.app               I  x-transaction-security-level: maximum
2026-02-04 22:23:06.171 10189-10860 okhttp.OkHttpClient     com.cdccreditsmart.app               I  x-xss-protection: 1; mode=block
2026-02-04 22:23:06.171 10189-10860 okhttp.OkHttpClient     com.cdccreditsmart.app               I  via: 1.1 google
2026-02-04 22:23:06.171 10189-10860 okhttp.OkHttpClient     com.cdccreditsmart.app               I  alt-svc: h3=":443"; ma=2592000,h3-29=":443"; ma=2592000
2026-02-04 22:23:06.173 10189-10860 okhttp.OkHttpClient     com.cdccreditsmart.app               I  {"success":true,"requiresBackendRevalidation":true,"phoneNumbersProcessed":false,"complianceStatus":"OK","expectedBlockLevel":0,"message":"Device compliant","complianceConfig":{"maxComplianceCorrections":3,"correctionWindowMinutes":30,"autoBlockOnLimitReached":true,"enableDetailedTelemetry":true,"telemetryIntervalMinutes":5}}
2026-02-04 22:23:06.174 10189-10860 okhttp.OkHttpClient     com.cdccreditsmart.app               I  <-- END HTTP (327-byte body)
2026-02-04 22:23:06.182 10189-10329 HeartbeatManager        com.cdccreditsmart.app               I  âœ… Heartbeat aceito pelo backend (HTTP 200)
2026-02-04 22:23:06.182 10189-10329 HeartbeatManager        com.cdccreditsmart.app               D  ðŸ“Š Resposta do heartbeat:
2026-02-04 22:23:06.182 10189-10329 HeartbeatManager        com.cdccreditsmart.app               D     success: true
