2026-01-27 18:37:27.576 26748-27009 AppProtectionManager    com.cdccreditsmart.app               I  ========================================
2026-01-27 18:37:27.578 26748-27009 AppProtectionManager    com.cdccreditsmart.app               I    âœ… DesinstalaÃ§Ã£o bloqueada: true
2026-01-27 18:37:27.583 26748-27009 AppProtectionManager    com.cdccreditsmart.app               I    âŒ Force Stop bloqueado: false
2026-01-27 18:37:27.583 26748-27009 AppProtectionManager    com.cdccreditsmart.app               I    âœ… Factory Reset bloqueado: true
2026-01-27 18:37:27.588 26748-27009 AppProtectionManager    com.cdccreditsmart.app               I    âœ… Device Owner: true
2026-01-27 18:37:27.588 26748-27009 AppProtectionManager    com.cdccreditsmart.app               I  ========================================
2026-01-27 18:37:27.609 26748-27009 AutoProvis...ngReceiver com.cdccreditsmart.app               I  âœ… ProteÃ§Ãµes verificadas: {uninstall_blocked=true, force_stop_blocked=false, factory_reset_blocked=true, is_device_owner=true}
2026-01-27 18:37:27.609 26748-27009 AutoProvis...ngReceiver com.cdccreditsmart.app               I  
2026-01-27 18:37:27.609 26748-27009 AutoProvis...ngReceiver com.cdccreditsmart.app               I  ğŸ“‹ [5/5] Executando diagnÃ³stico completo de proteÃ§Ãµes...
2026-01-27 18:37:27.617 26748-27009 ProtectionDiagnostics   com.cdccreditsmart.app               W  
2026-01-27 18:37:27.620 26748-27009 ProtectionDiagnostics   com.cdccreditsmart.app               W  â•”â•â•â•â•â•â•â•â•â•â•â•â•â•â•â•â•â•â•â•â•â•â•â•â•â•â•â•â•â•â•â•â•â•â•â•â•â•â•â•â•â•â•â•â•â•â•â•â•â•â•â•â•â•â•â•â•â•â•â•â•â•—
2026-01-27 18:37:27.621 26748-27009 ProtectionDiagnostics   com.cdccreditsmart.app               W  â•‘         DIAGNÃ“STICO COMPLETO DE PROTEÃ‡Ã•ES                 â•‘
2026-01-27 18:37:27.621 26748-27009 ProtectionDiagnostics   com.cdccreditsmart.app               W  â•šâ•â•â•â•â•â•â•â•â•â•â•â•â•â•â•â•â•â•â•â•â•â•â•â•â•â•â•â•â•â•â•â•â•â•â•â•â•â•â•â•â•â•â•â•â•â•â•â•â•â•â•â•â•â•â•â•â•â•â•â•â•
2026-01-27 18:37:27.621 26748-27009 ProtectionDiagnostics   com.cdccreditsmart.app               W  
2026-01-27 18:37:27.624 26748-27009 ProtectionDiagnostics   com.cdccreditsmart.app               W  â•â•â•â•â•â•â•â•â•â•â•â•â•â•â•â•â•â•â•â•â•â•â•â•â•â•â•â•â•â•â•â•â•â•â•â•â•â•â•â•â•â•â•â•â•â•â•â•â•â•â•â•â•â•â•â•â•â•â•
2026-01-27 18:37:27.624 26748-27009 ProtectionDiagnostics   com.cdccreditsmart.app               W  1. STATUS DEVICE OWNER
2026-01-27 18:37:27.624 26748-27009 ProtectionDiagnostics   com.cdccreditsmart.app               W  â•â•â•â•â•â•â•â•â•â•â•â•â•â•â•â•â•â•â•â•â•â•â•â•â•â•â•â•â•â•â•â•â•â•â•â•â•â•â•â•â•â•â•â•â•â•â•â•â•â•â•â•â•â•â•â•â•â•â•
2026-01-27 18:37:27.624 26748-27009 ProtectionDiagnostics   com.cdccreditsmart.app               W  âœ… Ã‰ DEVICE OWNER
2026-01-27 18:37:27.625 26748-27009 ProtectionDiagnostics   com.cdccreditsmart.app               W  Package Name: com.cdccreditsmart.app
2026-01-27 18:37:27.625 26748-27009 ProtectionDiagnostics   com.cdccreditsmart.app               W  Admin Component: com.cdccreditsmart.app.device.CdcDeviceAdminReceiver
2026-01-27 18:37:27.625 26748-27009 ProtectionDiagnostics   com.cdccreditsmart.app               W  
2026-01-27 18:37:27.626 26748-27009 ProtectionDiagnostics   com.cdccreditsmart.app               W  â•â•â•â•â•â•â•â•â•â•â•â•â•â•â•â•â•â•â•â•â•â•â•â•â•â•â•â•â•â•â•â•â•â•â•â•â•â•â•â•â•â•â•â•â•â•â•â•â•â•â•â•â•â•â•â•â•â•â•
2026-01-27 18:37:27.626 26748-27009 ProtectionDiagnostics   com.cdccreditsmart.app               W  2. ADMIN STATUS
2026-01-27 18:37:27.626 26748-27009 ProtectionDiagnostics   com.cdccreditsmart.app               W  â•â•â•â•â•â•â•â•â•â•â•â•â•â•â•â•â•â•â•â•â•â•â•â•â•â•â•â•â•â•â•â•â•â•â•â•â•â•â•â•â•â•â•â•â•â•â•â•â•â•â•â•â•â•â•â•â•â•â•
2026-01-27 18:37:27.626 26748-27009 ProtectionDiagnostics   com.cdccreditsmart.app               W  âŒ Admin INATIVO
2026-01-27 18:37:27.626 26748-27009 ProtectionDiagnostics   com.cdccreditsmart.app               W  
2026-01-27 18:37:27.628 26748-27009 PolicyHelper            com.cdccreditsmart.app               W  getUserRestrictions failed: null
2026-01-27 18:37:27.629 26748-27009 ProtectionDiagnostics   com.cdccreditsmart.app               W  â•â•â•â•â•â•â•â•â•â•â•â•â•â•â•â•â•â•â•â•â•â•â•â•â•â•â•â•â•â•â•â•â•â•â•â•â•â•â•â•â•â•â•â•â•â•â•â•â•â•â•â•â•â•â•â•â•â•â•
2026-01-27 18:37:27.629 26748-27009 ProtectionDiagnostics   com.cdccreditsmart.app               W  3. FACTORY RESET STATUS
2026-01-27 18:37:27.629 26748-27009 ProtectionDiagnostics   com.cdccreditsmart.app               W  â•â•â•â•â•â•â•â•â•â•â•â•â•â•â•â•â•â•â•â•â•â•â•â•â•â•â•â•â•â•â•â•â•â•â•â•â•â•â•â•â•â•â•â•â•â•â•â•â•â•â•â•â•â•â•â•â•â•â•
2026-01-27 18:37:27.629 26748-27009 ProtectionDiagnostics   com.cdccreditsmart.app               W  âŒ FACTORY RESET NÃƒO BLOQUEADO
2026-01-27 18:37:27.629 26748-27009 ProtectionDiagnostics   com.cdccreditsmart.app               E  
2026-01-27 18:37:27.629 26748-27009 ProtectionDiagnostics   com.cdccreditsmart.app               E  âš ï¸  CRÃTICO: DISALLOW_FACTORY_RESET NÃƒO FOI APLICADO!
2026-01-27 18:37:27.629 26748-27009 ProtectionDiagnostics   com.cdccreditsmart.app               E     UsuÃ¡rio PODE resetar via Settings
2026-01-27 18:37:27.629 26748-27009 ProtectionDiagnostics   com.cdccreditsmart.app               E  
2026-01-27 18:37:27.629 26748-27009 ProtectionDiagnostics   com.cdccreditsmart.app               W  
2026-01-27 18:37:27.629 26748-27009 ProtectionDiagnostics   com.cdccreditsmart.app               W  â•â•â•â•â•â•â•â•â•â•â•â•â•â•â•â•â•â•â•â•â•â•â•â•â•â•â•â•â•â•â•â•â•â•â•â•â•â•â•â•â•â•â•â•â•â•â•â•â•â•â•â•â•â•â•â•â•â•â•
2026-01-27 18:37:27.629 26748-27009 ProtectionDiagnostics   com.cdccreditsmart.app               W  4. OUTRAS PROTEÃ‡Ã•ES
2026-01-27 18:37:27.629 26748-27009 ProtectionDiagnostics   com.cdccreditsmart.app               W  â•â•â•â•â•â•â•â•â•â•â•â•â•â•â•â•â•â•â•â•â•â•â•â•â•â•â•â•â•â•â•â•â•â•â•â•â•â•â•â•â•â•â•â•â•â•â•â•â•â•â•â•â•â•â•â•â•â•â•
2026-01-27 18:37:27.632 26748-27009 PolicyHelper            com.cdccreditsmart.app               W  getUserRestrictions failed: null
2026-01-27 18:37:27.632 26748-27009 ProtectionDiagnostics   com.cdccreditsmart.app               W  
2026-01-27 18:37:27.632 26748-27009 ProtectionDiagnostics   com.cdccreditsmart.app               W  â•â•â•â•â•â•â•â•â•â•â•â•â•â•â•â•â•â•â•â•â•â•â•â•â•â•â•â•â•â•â•â•â•â•â•â•â•â•â•â•â•â•â•â•â•â•â•â•â•â•â•â•â•â•â•â•â•â•â•
2026-01-27 18:37:27.632 26748-27009 ProtectionDiagnostics   com.cdccreditsmart.app               W  5. RESUMO
2026-01-27 18:37:27.632 26748-27009 ProtectionDiagnostics   com.cdccreditsmart.app               W  â•â•â•â•â•â•â•â•â•â•â•â•â•â•â•â•â•â•â•â•â•â•â•â•â•â•â•â•â•â•â•â•â•â•â•â•â•â•â•â•â•â•â•â•â•â•â•â•â•â•â•â•â•â•â•â•â•â•â•
2026-01-27 18:37:27.636 26748-27009 ProtectionDiagnostics   com.cdccreditsmart.app               W  Device Owner: âœ… SIM
2026-01-27 18:37:27.637 26748-27009 ProtectionDiagnostics   com.cdccreditsmart.app               W  Admin Ativo: âŒ NÃƒO
2026-01-27 18:37:27.637 26748-27009 ProtectionDiagnostics   com.cdccreditsmart.app               W  Factory Reset Bloqueado: âŒ NÃƒO
2026-01-27 18:37:27.637 26748-27009 ProtectionDiagnostics   com.cdccreditsmart.app               W  ProteÃ§Ãµes Ativas: 0/0
2026-01-27 18:37:27.637 26748-27009 ProtectionDiagnostics   com.cdccreditsmart.app               W  
2026-01-27 18:37:27.637 26748-27009 ProtectionDiagnostics   com.cdccreditsmart.app               E  â•”â•â•â•â•â•â•â•â•â•â•â•â•â•â•â•â•â•â•â•â•â•â•â•â•â•â•â•â•â•â•â•â•â•â•â•â•â•â•â•â•â•â•â•â•â•â•â•â•â•â•â•â•â•â•â•â•â•â•â•â•â•—
2026-01-27 18:37:27.637 26748-27009 ProtectionDiagnostics   com.cdccreditsmart.app               E  â•‘  âš ï¸  ATENÃ‡ÃƒO: PROTEÃ‡Ã•ES NÃƒO APLICADAS!                    â•‘
2026-01-27 18:37:27.637 26748-27009 ProtectionDiagnostics   com.cdccreditsmart.app               E  â•‘                                                            â•‘
2026-01-27 18:37:27.637 26748-27009 ProtectionDiagnostics   com.cdccreditsmart.app               E  â•‘  App Ã‰ Device Owner mas proteÃ§Ãµes NÃƒO foram aplicadas.     â•‘
2026-01-27 18:37:27.637 26748-27009 ProtectionDiagnostics   com.cdccreditsmart.app               E  â•‘  AppProtectionManager.applyMaximumProtection() NÃƒO rodou! â•‘
2026-01-27 18:37:27.637 26748-27009 ProtectionDiagnostics   com.cdccreditsmart.app               E  â•‘                                                            â•‘
2026-01-27 18:37:27.637 26748-27009 ProtectionDiagnostics   com.cdccreditsmart.app               E  â•‘  VERIFIQUE:                                                â•‘
2026-01-27 18:37:27.638 26748-27009 ProtectionDiagnostics   com.cdccreditsmart.app               E  â•‘  - CDCApplication.onCreate() rodou?                        â•‘
2026-01-27 18:37:27.638 26748-27009 ProtectionDiagnostics   com.cdccreditsmart.app               E  â•‘  - Houve algum erro durante aplicaÃ§Ã£o?                    â•‘
2026-01-27 18:37:27.638 26748-27009 ProtectionDiagnostics   com.cdccreditsmart.app               E  â•‘  - Reinicie o app para reaplica as proteÃ§Ãµes              â•‘
2026-01-27 18:37:27.638 26748-27009 ProtectionDiagnostics   com.cdccreditsmart.app               E  â•šâ•â•â•â•â•â•â•â•â•â•â•â•â•â•â•â•â•â•â•â•â•â•â•â•â•â•â•â•â•â•â•â•â•â•â•â•â•â•â•â•â•â•â•â•â•â•â•â•â•â•â•â•â•â•â•â•â•â•â•â•â•
2026-01-27 18:37:27.638 26748-27009 ProtectionDiagnostics   com.cdccreditsmart.app               W  
2026-01-27 18:37:27.638 26748-27009 ProtectionDiagnostics   com.cdccreditsmart.app               W  â•”â•â•â•â•â•â•â•â•â•â•â•â•â•â•â•â•â•â•â•â•â•â•â•â•â•â•â•â•â•â•â•â•â•â•â•â•â•â•â•â•â•â•â•â•â•â•â•â•â•â•â•â•â•â•â•â•â•â•â•â•â•—
2026-01-27 18:37:27.638 26748-27009 ProtectionDiagnostics   com.cdccreditsmart.app               W  â•‘         FIM DO DIAGNÃ“STICO                                 â•‘
2026-01-27 18:37:27.638 26748-27009 ProtectionDiagnostics   com.cdccreditsmart.app               W  â•šâ•â•â•â•â•â•â•â•â•â•â•â•â•â•â•â•â•â•â•â•â•â•â•â•â•â•â•â•â•â•â•â•â•â•â•â•â•â•â•â•â•â•â•â•â•â•â•â•â•â•â•â•â•â•â•â•â•â•â•â•â•
2026-01-27 18:37:27.638 26748-27009 ProtectionDiagnostics   com.cdccreditsmart.app               W  
2026-01-27 18:37:27.638 26748-27009 AutoProvis...ngReceiver com.cdccreditsmart.app               E  âš ï¸ ISSUES CRÃTICOS ENCONTRADOS:
2026-01-27 18:37:27.638 26748-27009 AutoProvis...ngReceiver com.cdccreditsmart.app               E     - PROTEÃ‡Ã•ES NÃƒO APLICADAS
2026-01-27 18:37:27.666 26748-27009 AutoProvis...ngReceiver com.cdccreditsmart.app               I  
2026-01-27 18:37:27.667 26748-27009 AutoProvis...ngReceiver com.cdccreditsmart.app               I  ğŸ” Aplicando proteÃ§Ãµes Samsung Knox...
2026-01-27 18:37:27.667 26748-27009 KnoxEnhancedProtections com.cdccreditsmart.app               I  
2026-01-27 18:37:27.667 26748-27009 KnoxEnhancedProtections com.cdccreditsmart.app               I  â•”â•â•â•â•â•â•â•â•â•â•â•â•â•â•â•â•â•â•â•â•â•â•â•â•â•â•â•â•â•â•â•â•â•â•â•â•â•â•â•â•â•â•â•â•â•â•â•â•â•â•â•â•â•â•â•â•â•â•â•â•—
2026-01-27 18:37:27.667 26748-27009 KnoxEnhancedProtections com.cdccreditsmart.app               I  â•‘   ğŸ›¡ï¸ KNOX ENHANCED PROTECTIONS - INICIANDO             â•‘
2026-01-27 18:37:27.667 26748-27009 KnoxEnhancedProtections com.cdccreditsmart.app               I  â•šâ•â•â•â•â•â•â•â•â•â•â•â•â•â•â•â•â•â•â•â•â•â•â•â•â•â•â•â•â•â•â•â•â•â•â•â•â•â•â•â•â•â•â•â•â•â•â•â•â•â•â•â•â•â•â•â•â•â•â•â•
2026-01-27 18:37:27.667 26748-27009 KnoxEnhancedProtections com.cdccreditsmart.app               W  âŒ Dispositivo NÃƒO Ã© Samsung Knox
2026-01-27 18:37:27.667 26748-27009 KnoxEnhancedProtections com.cdccreditsmart.app               W     ProteÃ§Ãµes Knox Enhanced NÃƒO disponÃ­veis
2026-01-27 18:37:27.667 26748-27009 KnoxEnhancedProtections com.cdccreditsmart.app               W     Usando apenas proteÃ§Ãµes Android Device Owner padrÃ£o
2026-01-27 18:37:27.667 26748-27009 AutoProvis...ngReceiver com.cdccreditsmart.app               I  âœ… ProteÃ§Ãµes Knox aplicadas
2026-01-27 18:37:27.717 26748-27009 TranssionPersistence    com.cdccreditsmart.app               D  ğŸ“± Verificando dispositivo Transsion:
2026-01-27 18:37:27.717 26748-27009 TranssionPersistence    com.cdccreditsmart.app               D     Manufacturer: REALME
2026-01-27 18:37:27.717 26748-27009 TranssionPersistence    com.cdccreditsmart.app               D     Brand: REALME
2026-01-27 18:37:27.717 26748-27009 TranssionPersistence    com.cdccreditsmart.app               D     Ã‰ Transsion: false
2026-01-27 18:37:27.717 26748-27009 AutoProvis...ngReceiver com.cdccreditsmart.app               D  ğŸ“± Dispositivo nÃ£o Ã© Transsion - persistÃªncia alternativa nÃ£o aplicÃ¡vel
2026-01-27 18:37:27.717 26748-27009 AutoProvis...ngReceiver com.cdccreditsmart.app               I  
2026-01-27 18:37:27.717 26748-27009 AutoProvis...ngReceiver com.cdccreditsmart.app               I  ğŸš€ Verificando serviÃ§o de foreground...
2026-01-27 18:37:27.754 26748-27009 CdcForegroundService    com.cdccreditsmart.app               I  âœ… ServiÃ§o iniciado via startService()
2026-01-27 18:37:27.755 26748-27009 AutoProvis...ngReceiver com.cdccreditsmart.app               I  âœ… CdcForegroundService verificado
2026-01-27 18:37:27.756 26748-26748 CdcForegroundService    com.cdccreditsmart.app               D  ğŸš€ ServiÃ§o onStartCommand() - Action: com.cdccreditsmart.app.START_SERVICE
2026-01-27 18:37:27.756 26748-27009 AutoProvis...ngReceiver com.cdccreditsmart.app               I  
2026-01-27 18:37:27.756 26748-27009 AutoProvis...ngReceiver com.cdccreditsmart.app               I  ğŸŠ ==================== PROTEÃ‡Ã•ES COMPLETAS APLICADAS ====================
2026-01-27 18:37:27.757 26748-27009 AutoProvis...ngReceiver com.cdccreditsmart.app               I  âœ… Dispositivo totalmente protegido e configurado!
2026-01-27 18:37:27.757 26748-27009 AutoProvis...ngReceiver com.cdccreditsmart.app               I  ğŸ‰ Auto-provisionamento concluÃ­do com sucesso!
2026-01-27 18:37:27.757 26748-27009 AutoProvis...ngReceiver com.cdccreditsmart.app               I  ==================== FIM DO AUTO-PROVISIONAMENTO ====================
2026-01-27 18:37:27.757 26748-27009 AutoProvis...ngReceiver com.cdccreditsmart.app               I  
2026-01-27 18:37:27.770 26748-26748 CdcForegroundService    com.cdccreditsmart.app               I  âœ… Foreground Service ativo (Android 12+)
2026-01-27 18:37:27.771 26748-27013 CdcForegroundService    com.cdccreditsmart.app               I  ğŸ”§ ========================================
2026-01-27 18:37:27.771 26748-27013 CdcForegroundService    com.cdccreditsmart.app               I  ğŸ”§ INICIANDO initializeServices()...
2026-01-27 18:37:27.771 26748-27013 CdcForegroundService    com.cdccreditsmart.app               I  ğŸ”§ ========================================
2026-01-27 18:37:27.771 26748-27013 CdcForegroundService    com.cdccreditsmart.app               D  âœ… ServiÃ§os base jÃ¡ inicializados
2026-01-27 18:37:27.879 26748-27009 AutoProvis...ngReceiver com.cdccreditsmart.app               I  âœ… NotificaÃ§Ã£o de sucesso mostrada
2026-01-27 18:37:27.879 26748-27009 AutoProvis...ngReceiver com.cdccreditsmart.app               I  âœ… PendingResult finalizado com sucesso
2026-01-27 18:37:28.290 26748-27009 ContractCodeStorage     com.cdccreditsmart.app               D  Retrieving contract code from storage
2026-01-27 18:37:28.317 26748-27009 ContractCodeStorage     com.cdccreditsmart.app               D  Storage verification: 0 valid, 0 tampered, 7 missing
2026-01-27 18:37:28.317 26748-27009 ContractCodeStorage     com.cdccreditsmart.app               W  No valid contract code found in any location
2026-01-27 18:37:28.359 26748-27009 SecureTokenStorage      com.cdccreditsmart.app               E  âŒ Nenhum identificador MDM disponÃ­vel!
2026-01-27 18:37:28.360 26748-27009 CdcForegroundService    com.cdccreditsmart.app               I  ğŸ” AuthToken presente: false
2026-01-27 18:37:28.360 26748-27009 CdcForegroundService    com.cdccreditsmart.app               I  ğŸ” AuthToken length: 0
2026-01-27 18:37:28.360 26748-27009 CdcForegroundService    com.cdccreditsmart.app               I  ğŸ” ContractCode presente: false
2026-01-27 18:37:28.360 26748-27009 CdcForegroundService    com.cdccreditsmart.app               I  ğŸ” ContractCode value: null****
2026-01-27 18:37:28.360 26748-27009 CdcForegroundService    com.cdccreditsmart.app               I  ğŸ” MDM SerialNumber presente: false
2026-01-27 18:37:28.360 26748-27009 CdcForegroundService    com.cdccreditsmart.app               I  ğŸ” MDM SerialNumber value: ......
2026-01-27 18:37:28.360 26748-27009 CdcForegroundService    com.cdccreditsmart.app               I  ğŸ“± ========================================
2026-01-27 18:37:28.360 26748-27009 CdcForegroundService    com.cdccreditsmart.app               I  ğŸ“± AGUARDANDO PAIRING - MDM EM STANDBY
2026-01-27 18:37:28.360 26748-27009 CdcForegroundService    com.cdccreditsmart.app               I  ğŸ“± O usuÃ¡rio ainda nÃ£o fez o pareamento inicial
2026-01-27 18:37:28.360 26748-27009 CdcForegroundService    com.cdccreditsmart.app               I  ğŸ“± ServiÃ§os MDM serÃ£o ativados apÃ³s inserir cÃ³digo do contrato
2026-01-27 18:37:28.360 26748-27009 CdcForegroundService    com.cdccreditsmart.app               I  ğŸ“± NOTA: isMdmInitialized permanece FALSE para permitir reinicializaÃ§Ã£o
2026-01-27 18:37:28.360 26748-27009 CdcForegroundService    com.cdccreditsmart.app               I  ğŸ“± ========================================
---------------------------- PROCESS STARTED (28707) for package com.cdccreditsmart.app ----------------------------
2026-01-27 18:37:28.905 28707-28707 Compatibil...geReporter com.cdccreditsmart.app               D  Compat change id reported: 242716250; UID 1510267; state: ENABLED
2026-01-27 18:37:28.987 28707-28707 ziparchive              com.cdccreditsmart.app               W  Unable to open '/data/app/~~y5Ug8_1IZogkHjr2ihkBPw==/com.cdccreditsmart.app-YpXe1K_ojCjHAkbanIT2xg==/base.dm': No such file or directory
2026-01-27 18:37:28.987 28707-28707 ziparchive              com.cdccreditsmart.app               W  Unable to open '/data/app/~~y5Ug8_1IZogkHjr2ihkBPw==/com.cdccreditsmart.app-YpXe1K_ojCjHAkbanIT2xg==/base.dm': No such file or directory
2026-01-27 18:37:29.644 26748-26748 PermissionGateManager   com.cdccreditsmart.app               W  âš ï¸ Device Owner: 1 permissÃ£o(Ãµes) pendente(s)
2026-01-27 18:37:29.650 26748-26748 PermissionGateManager   com.cdccreditsmart.app               W     â†’ Falta: Acesso ao Uso de Apps
2026-01-27 18:37:30.122 26748-27017 OpenGLRenderer          com.cdccreditsmart.app               E  Unable to match the desired swap behavior.
2026-01-27 18:37:30.127 26748-28826 mali_gralloc            com.cdccreditsmart.app               D  register: id=3350000085f, handle=0xb4000078dc5cc330, importpid=-1, gRegisteredHandles=0
2026-01-27 18:37:30.133 26748-28826 mali_gralloc            com.cdccreditsmart.app               D  register: id=33500000860, handle=0xb4000078dc5cfdb0, importpid=-1, gRegisteredHandles=1
2026-01-27 18:37:30.176 26748-28826 mali_gralloc            com.cdccreditsmart.app               D  register: id=33500000861, handle=0xb4000078dc5d2990, importpid=-1, gRegisteredHandles=2
2026-01-27 18:37:30.179 26748-28826 mali_gralloc            com.cdccreditsmart.app               D  register: id=33500000862, handle=0xb4000078dc5d1550, importpid=-1, gRegisteredHandles=3
2026-01-27 18:37:30.619 26748-27009 SettingsGuardService    com.cdccreditsmart.app               I  â–¶ï¸ App CDC em foreground - fluxo de permissÃ£o concluÃ­do
2026-01-27 18:37:30.619 26748-27009 SettingsGuardService    com.cdccreditsmart.app               I  â–¶ï¸ Guard RETOMADO apÃ³s fluxo de permissÃµes
2026-01-27 18:37:31.108 26748-26748 SettingsGuardService    com.cdccreditsmart.app               I  â¸ï¸ Guard PAUSADO para fluxo de permissÃµes (timeout: 30s)
2026-01-27 18:37:31.904 26748-27017 mali_gralloc            com.cdccreditsmart.app               D  unregister: id=33500000861, handle=0xb4000078dc5d2990, base=0x0, importpid=26748, count:0
2026-01-27 18:37:31.905 26748-27017 mali_gralloc            com.cdccreditsmart.app               D  unregister: id=33500000862, handle=0xb4000078dc5d1550, base=0x0, importpid=26748, count:0
2026-01-27 18:37:31.905 26748-27017 OpenGLRenderer          com.cdccreditsmart.app               D  endAllActiveAnimators on 0xb4000079ec605be0 (UnprojectedRipple) with handle 0xb40000795c5c6060
2026-01-27 18:37:31.939 26748-26748 mali_gralloc            com.cdccreditsmart.app               D  unregister: id=3350000085f, handle=0xb4000078dc5cc330, base=0x0, importpid=26748, count:0
2026-01-27 18:37:31.940 26748-26748 mali_gralloc            com.cdccreditsmart.app               D  unregister: id=33500000860, handle=0xb4000078dc5cfdb0, base=0x0, importpid=26748, count:0
2026-01-27 18:37:32.672 28707-28707 nativeloader            com.cdccreditsmart.app               D  Configuring clns-4 for other apk /data/app/~~y5Ug8_1IZogkHjr2ihkBPw==/com.cdccreditsmart.app-YpXe1K_ojCjHAkbanIT2xg==/base.apk. target_sdk_version=35, uses_libraries=, library_path=/data/app/~~y5Ug8_1IZogkHjr2ihkBPw==/com.cdccreditsmart.app-YpXe1K_ojCjHAkbanIT2xg==/lib/arm64:/data/app/~~y5Ug8_1IZogkHjr2ihkBPw==/com.cdccreditsmart.app-YpXe1K_ojCjHAkbanIT2xg==/base.apk!/lib/arm64-v8a, permitted_path=/data:/mnt/expand:/data/user/15/com.cdccreditsmart.app
2026-01-27 18:37:32.675 28707-28707 CheckTime               com.cdccreditsmart.app               W  App running slow: Executing application classloader create took 3702ms
2026-01-27 18:37:32.787 28707-28707 GraphicsEnvironment     com.cdccreditsmart.app               V  Currently set values for:
2026-01-27 18:37:32.787 28707-28707 GraphicsEnvironment     com.cdccreditsmart.app               V    angle_gl_driver_selection_pkgs=[]
2026-01-27 18:37:32.787 28707-28707 GraphicsEnvironment     com.cdccreditsmart.app               V    angle_gl_driver_selection_values=[]
2026-01-27 18:37:32.788 28707-28707 GraphicsEnvironment     com.cdccreditsmart.app               V  ANGLE GameManagerService for com.cdccreditsmart.app: false
2026-01-27 18:37:32.789 28707-28707 GraphicsEnvironment     com.cdccreditsmart.app               V  com.cdccreditsmart.app is not listed in per-application setting
2026-01-27 18:37:32.789 28707-28707 GraphicsEnvironment     com.cdccreditsmart.app               V  Neither updatable production driver nor prerelease driver is supported.
2026-01-27 18:37:33.218 28707-28707 CheckTime               com.cdccreditsmart.app               W  App running slow: Executing handleBindApplication : makeApplication took 409ms
2026-01-27 18:37:33.273 28707-28707 Compatibil...geReporter com.cdccreditsmart.app               D  Compat change id reported: 183155436; UID 1510267; state: ENABLED
2026-01-27 18:37:33.374 28707-28707 FirebaseApp             com.cdccreditsmart.app               I  Device in Direct Boot Mode: postponing initialization of Firebase APIs for app [DEFAULT]
2026-01-27 18:37:33.402 28707-28707 FirebaseInitProvider    com.cdccreditsmart.app               I  FirebaseApp initialization successful
2026-01-27 18:37:33.477 28707-28707 WM-WrkMgrInitializer    com.cdccreditsmart.app               D  Initializing WorkManager with default configuration.
2026-01-27 18:37:33.629 26748-26933 FA                      com.cdccreditsmart.app               I  Application backgrounded at: timestamp_millis: 1769549851619
2026-01-27 18:37:33.832 28707-28707 WM-PackageManagerHelper com.cdccreditsmart.app               D  androidx.work.impl.background.systemjob.SystemJobService enabled
2026-01-27 18:37:33.832 28707-28707 WM-Schedulers           com.cdccreditsmart.app               D  Created SystemJobScheduler and enabled SystemJobService
2026-01-27 18:37:33.911 28707-28707 CheckTime               com.cdccreditsmart.app               W  App running slow: Executing handleBindApplication : installContentProviders took 692ms
2026-01-27 18:37:33.912 28707-28707 CrashHandler            com.cdccreditsmart.app               I  âœ… Global crash handler instalado
2026-01-27 18:37:33.912 28707-28707 CDCApplication          com.cdccreditsmart.app               I  ğŸš€ CDC Credit Smart Application iniciando...
2026-01-27 18:37:33.912 28707-28707 CDCApplication          com.cdccreditsmart.app               W  â¸ï¸ DIRECT-BOOT MODE - UsuÃ¡rio nÃ£o desbloqueado
2026-01-27 18:37:33.912 28707-28707 CDCApplication          com.cdccreditsmart.app               W     â†’ Adiando inicializaÃ§Ã£o completa para apÃ³s desbloqueio
2026-01-27 18:37:33.912 28707-28707 CDCApplication          com.cdccreditsmart.app               W     â†’ EncryptedSharedPreferences nÃ£o disponÃ­vel neste estado
2026-01-27 18:37:33.950 28707-29079 CDCApplication          com.cdccreditsmart.app               I  ========================================
2026-01-27 18:37:33.950 28707-29079 CDCApplication          com.cdccreditsmart.app               I  ğŸ” Verificando status de Device Owner...
2026-01-27 18:37:33.969 28707-28707 CDCDeviceAdminService   com.cdccreditsmart.app               I  âœ… Device Admin Service created - System is communicating with CDC DPC
2026-01-27 18:37:34.098 28707-29079 CDCApplication          com.cdccreditsmart.app               I  Device Owner Status: âŒ NÃƒO
2026-01-27 18:37:34.098 28707-29079 CDCApplication          com.cdccreditsmart.app               I  Package Name: com.cdccreditsmart.app
2026-01-27 18:37:34.098 28707-29079 CDCApplication          com.cdccreditsmart.app               E  
2026-01-27 18:37:34.098 28707-29079 CDCApplication          com.cdccreditsmart.app               E  â•”â•â•â•â•â•â•â•â•â•â•â•â•â•â•â•â•â•â•â•â•â•â•â•â•â•â•â•â•â•â•â•â•â•â•â•â•â•â•â•â•â•â•â•â•â•â•â•â•â•â•â•â•â•â•â•â•â•—
2026-01-27 18:37:34.098 28707-29079 CDCApplication          com.cdccreditsmart.app               E  â•‘  âš ï¸  APP NÃƒO ESTÃ PROVISIONADO COMO DEVICE OWNER  âš ï¸   â•‘
2026-01-27 18:37:34.098 28707-29079 CDCApplication          com.cdccreditsmart.app               E  â• â•â•â•â•â•â•â•â•â•â•â•â•â•â•â•â•â•â•â•â•â•â•â•â•â•â•â•â•â•â•â•â•â•â•â•â•â•â•â•â•â•â•â•â•â•â•â•â•â•â•â•â•â•â•â•â•â•£
2026-01-27 18:37:34.098 28707-29079 CDCApplication          com.cdccreditsmart.app               E  â•‘  O app precisa ser provisionado como Device Owner      â•‘
2026-01-27 18:37:34.098 28707-29079 CDCApplication          com.cdccreditsmart.app               E  â•‘  ANTES de poder conceder permissÃµes automaticamente.   â•‘
2026-01-27 18:37:34.098 28707-29079 CDCApplication          com.cdccreditsmart.app               E  â•‘                                                        â•‘
2026-01-27 18:37:34.098 28707-29079 CDCApplication          com.cdccreditsmart.app               E  â•‘  Provisione o dispositivo usando um dos mÃ©todos:       â•‘
2026-01-27 18:37:34.098 28707-29079 CDCApplication          com.cdccreditsmart.app               E  â•‘  1. ADB: adb shell dpm set-device-owner ...           â•‘
2026-01-27 18:37:34.098 28707-29079 CDCApplication          com.cdccreditsmart.app               E  â•‘  2. QR Code durante setup inicial                      â•‘
2026-01-27 18:37:34.098 28707-29079 CDCApplication          com.cdccreditsmart.app               E  â•‘  3. NFC durante setup inicial                          â•‘
2026-01-27 18:37:34.098 28707-29079 CDCApplication          com.cdccreditsmart.app               E  â•‘  4. Samsung Knox Mobile Enrollment                     â•‘
2026-01-27 18:37:34.098 28707-29079 CDCApplication          com.cdccreditsmart.app               E  â•šâ•â•â•â•â•â•â•â•â•â•â•â•â•â•â•â•â•â•â•â•â•â•â•â•â•â•â•â•â•â•â•â•â•â•â•â•â•â•â•â•â•â•â•â•â•â•â•â•â•â•â•â•â•â•â•â•â•
2026-01-27 18:37:34.098 28707-29079 CDCApplication          com.cdccreditsmart.app               E  
2026-01-27 18:37:34.098 28707-29079 CDCApplication          com.cdccreditsmart.app               I  ========================================
2026-01-27 18:37:34.113 28707-29079 AppProtectionManager    com.cdccreditsmart.app               I  
2026-01-27 18:37:34.113 28707-29079 AppProtectionManager    com.cdccreditsmart.app               I  â•”â•â•â•â•â•â•â•â•â•â•â•â•â•â•â•â•â•â•â•â•â•â•â•â•â•â•â•â•â•â•â•â•â•â•â•â•â•â•â•â•â•â•â•â•â•â•â•â•â•â•â•â•â•â•â•â•â•â•â•â•â•â•â•â•â•—
2026-01-27 18:37:34.113 28707-29079 AppProtectionManager    com.cdccreditsmart.app               I  â•‘     ğŸ›¡ï¸ APLICANDO MELHOR PROTEÃ‡ÃƒO DISPONÃVEL                    â•‘
2026-01-27 18:37:34.113 28707-29079 AppProtectionManager    com.cdccreditsmart.app               I  â•‘           CDC CREDIT SMART - PROTEÃ‡ÃƒO EM CAMADAS              â•‘
2026-01-27 18:37:34.113 28707-29079 AppProtectionManager    com.cdccreditsmart.app               I  â•šâ•â•â•â•â•â•â•â•â•â•â•â•â•â•â•â•â•â•â•â•â•â•â•â•â•â•â•â•â•â•â•â•â•â•â•â•â•â•â•â•â•â•â•â•â•â•â•â•â•â•â•â•â•â•â•â•â•â•â•â•â•â•â•â•â•
2026-01-27 18:37:34.113 28707-29079 AppProtectionManager    com.cdccreditsmart.app               I  
2026-01-27 18:37:34.115 28707-29079 AppProtectionManager    com.cdccreditsmart.app               I  ğŸ“‹ STATUS ATUAL:
2026-01-27 18:37:34.115 28707-29079 AppProtectionManager    com.cdccreditsmart.app               I     Device Owner: NÃƒO
2026-01-27 18:37:34.115 28707-29079 AppProtectionManager    com.cdccreditsmart.app               I     Device Admin: SIM
2026-01-27 18:37:34.115 28707-29079 AppProtectionManager    com.cdccreditsmart.app               I  
2026-01-27 18:37:34.115 28707-29079 AppProtectionManager    com.cdccreditsmart.app               I  ğŸ” NÃVEL: DEVICE ADMIN (ProteÃ§Ã£o Parcial)
2026-01-27 18:37:34.115 28707-29079 AppProtectionManager    com.cdccreditsmart.app               I  ========================================
2026-01-27 18:37:34.115 28707-29079 AppProtectionManager    com.cdccreditsmart.app               I  ğŸ” APLICANDO PROTEÃ‡Ã•ES DE DEVICE ADMIN
2026-01-27 18:37:34.115 28707-29079 AppProtectionManager    com.cdccreditsmart.app               I  ========================================
2026-01-27 18:37:34.115 28707-29079 AppProtectionManager    com.cdccreditsmart.app               I  [1/3] Device Admin ativo - desinstalaÃ§Ã£o requer desativar admin primeiro
2026-01-27 18:37:34.115 28707-29079 AppProtectionManager    com.cdccreditsmart.app               I        â†’ UsuÃ¡rio precisa ir em Settings > Security > Device Admins
2026-01-27 18:37:34.115 28707-29079 AppProtectionManager    com.cdccreditsmart.app               I        â†’ Desativar 'CDC Credit Smart' antes de desinstalar
2026-01-27 18:37:34.115 28707-29079 AppProtectionManager    com.cdccreditsmart.app               I  
2026-01-27 18:37:34.115 28707-29079 AppProtectionManager    com.cdccreditsmart.app               I  [2/3] Aplicando persistÃªncia bÃ¡sica...
2026-01-27 18:37:34.115 28707-29079 AppProtectionManager    com.cdccreditsmart.app               I     Iniciando serviÃ§os de persistÃªncia...
2026-01-27 18:37:34.134 28707-29079 AppProtectionManager    com.cdccreditsmart.app               I     âœ… Foreground Service iniciado
2026-01-27 18:37:34.163 28707-29079 AppProtectionManager    com.cdccreditsmart.app               I     âœ… ServiceWatchdog agendado (15 min)
2026-01-27 18:37:34.163 28707-29079 AppProtectionManager    com.cdccreditsmart.app               I  
2026-01-27 18:37:34.163 28707-29079 AppProtectionManager    com.cdccreditsmart.app               I  [3/3] ProteÃ§Ãµes de Device Admin limitadas:
2026-01-27 18:37:34.163 28707-29079 AppProtectionManager    com.cdccreditsmart.app               I        âŒ setUninstallBlocked: Requer Device Owner
2026-01-27 18:37:34.163 28707-29079 AppProtectionManager    com.cdccreditsmart.app               I        âŒ setUserControlDisabledPackages: Requer Device Owner
2026-01-27 18:37:34.163 28707-29079 AppProtectionManager    com.cdccreditsmart.app               I        âŒ addUserRestriction: Requer Device Owner
2026-01-27 18:37:34.163 28707-29079 AppProtectionManager    com.cdccreditsmart.app               I        âœ… DesinstalaÃ§Ã£o requer desativar admin primeiro
2026-01-27 18:37:34.163 28707-29079 AppProtectionManager    com.cdccreditsmart.app               I        âœ… Foreground Service mantÃ©m app ativo
2026-01-27 18:37:34.163 28707-29079 AppProtectionManager    com.cdccreditsmart.app               I        âœ… WorkManager mantÃ©m tarefas executando
2026-01-27 18:37:34.163 28707-29079 AppProtectionManager    com.cdccreditsmart.app               I  ========================================
2026-01-27 18:37:34.164 28707-29079 AppProtectionManager    com.cdccreditsmart.app               I  ğŸ“Š RESUMO: Device Admin ativo com proteÃ§Ãµes parciais
2026-01-27 18:37:34.164 28707-29079 AppProtectionManager    com.cdccreditsmart.app               I  ========================================
2026-01-27 18:37:34.164 28707-29079 AppProtectionManager    com.cdccreditsmart.app               I  
2026-01-27 18:37:34.164 28707-29079 CDCApplication          com.cdccreditsmart.app               I  
2026-01-27 18:37:34.164 28707-29079 CDCApplication          com.cdccreditsmart.app               I  â•”â•â•â•â•â•â•â•â•â•â•â•â•â•â•â•â•â•â•â•â•â•â•â•â•â•â•â•â•â•â•â•â•â•â•â•â•â•â•â•â•â•â•â•â•â•â•â•â•â•â•â•â•â•â•â•â•â•â•â•â•â•—
2026-01-27 18:37:34.164 28707-29079 CDCApplication          com.cdccreditsmart.app               I  â•‘     RESULTADO DA APLICAÃ‡ÃƒO DE PROTEÃ‡Ã•ES                    â•‘
2026-01-27 18:37:34.164 28707-29079 CDCApplication          com.cdccreditsmart.app               I  â•šâ•â•â•â•â•â•â•â•â•â•â•â•â•â•â•â•â•â•â•â•â•â•â•â•â•â•â•â•â•â•â•â•â•â•â•â•â•â•â•â•â•â•â•â•â•â•â•â•â•â•â•â•â•â•â•â•â•â•â•â•â•
2026-01-27 18:37:34.164 28707-29079 CDCApplication          com.cdccreditsmart.app               I     NÃ­vel: DEVICE_ADMIN
2026-01-27 18:37:34.164 28707-29079 CDCApplication          com.cdccreditsmart.app               I     ProteÃ§Ãµes aplicadas: 2
2026-01-27 18:37:34.165 28707-29079 CDCApplication          com.cdccreditsmart.app               I     Status: PROTEÃ‡ÃƒO PARCIAL (Device Admin)
2026-01-27 18:37:34.165 28707-29079 CDCApplication          com.cdccreditsmart.app               I     DesinstalaÃ§Ã£o requer desativar admin primeiro
2026-01-27 18:37:34.165 28707-29079 CDCApplication          com.cdccreditsmart.app               I  â•šâ•â•â•â•â•â•â•â•â•â•â•â•â•â•â•â•â•â•â•â•â•â•â•â•â•â•â•â•â•â•â•â•â•â•â•â•â•â•â•â•â•â•â•â•â•â•â•â•â•â•â•â•â•â•â•â•â•â•â•â•â•
2026-01-27 18:37:34.165 28707-29079 CDCApplication          com.cdccreditsmart.app               I  
2026-01-27 18:37:34.166 28707-28707 CdcForegroundService    com.cdccreditsmart.app               D  ğŸ“± ServiÃ§o onCreate()
2026-01-27 18:37:34.185 28707-28707 CdcForegroundService    com.cdccreditsmart.app               D  âœ… Canal de notificaÃ§Ã£o criado
2026-01-27 18:37:34.190 28707-28707 CdcForegroundService    com.cdccreditsmart.app               I  âœ… ScreenStateReceiver registrado (inclui ACTION_USER_PRESENT para detectar screen unlock)
2026-01-27 18:37:34.191 28707-28707 CdcForegroundService    com.cdccreditsmart.app               D  ğŸš€ ServiÃ§o onStartCommand() - Action: null
2026-01-27 18:37:34.217 28707-29068 Compatibil...geReporter com.cdccreditsmart.app               D  Compat change id reported: 160794467; UID 1510267; state: ENABLED
2026-01-27 18:37:34.243 28707-28707 CdcForegroundService    com.cdccreditsmart.app               I  âœ… Foreground Service ativo (Android 12+)
2026-01-27 18:37:34.250 28707-29079 CdcForegroundService    com.cdccreditsmart.app               I  ğŸ”§ ========================================
2026-01-27 18:37:34.250 28707-29079 CdcForegroundService    com.cdccreditsmart.app               I  ğŸ”§ INICIANDO initializeServices()...
2026-01-27 18:37:34.250 28707-29079 CdcForegroundService    com.cdccreditsmart.app               I  ğŸ”§ ========================================
2026-01-27 18:37:34.250 28707-29079 CdcForegroundService    com.cdccreditsmart.app               I  ğŸ“± Rodando em usuÃ¡rio secundÃ¡rio gerenciado (User ID: 15)
2026-01-27 18:37:34.250 28707-29079 CdcForegroundService    com.cdccreditsmart.app               I  ğŸ“± Dados de enrollment existem apenas no usuÃ¡rio primÃ¡rio
2026-01-27 18:37:34.251 28707-29079 CdcForegroundService    com.cdccreditsmart.app               I  ğŸ“± ServiÃ§o MDM nÃ£o serÃ¡ inicializado neste usuÃ¡rio
2026-01-27 18:37:34.251 28707-29079 CdcForegroundService    com.cdccreditsmart.app               I  ğŸ”§ ========================================
2026-01-27 18:37:34.282 28707-29093 Compatibil...geReporter com.cdccreditsmart.app               D  Compat change id reported: 194532703; UID 1510267; state: ENABLED
2026-01-27 18:37:34.282 28707-29093 Compatibil...geReporter com.cdccreditsmart.app               D  Compat change id reported: 253665015; UID 1510267; state: ENABLED
2026-01-27 18:37:34.391 28707-29096 Compatibil...geReporter com.cdccreditsmart.app               D  Compat change id reported: 263076149; UID 1510267; state: ENABLED
2026-01-27 18:37:34.407 28707-29079 ServiceWatchdogWorker   com.cdccreditsmart.app               I  ğŸ” ========================================
2026-01-27 18:37:34.407 28707-29079 ServiceWatchdogWorker   com.cdccreditsmart.app               I  ğŸ” WATCHDOG: Verificando CdcForegroundService
2026-01-27 18:37:34.407 28707-29079 ServiceWatchdogWorker   com.cdccreditsmart.app               I  ğŸ” ========================================
2026-01-27 18:37:34.434 28707-29079 KeepAliveManager        com.cdccreditsmart.app               D  âœ… CdcForegroundService estÃ¡ ativo
2026-01-27 18:37:34.438 28707-29079 ServiceWatchdogWorker   com.cdccreditsmart.app               I  ğŸ“Š EstatÃ­sticas Keep Alive:
2026-01-27 18:37:34.438 28707-29079 ServiceWatchdogWorker   com.cdccreditsmart.app               I     - ServiÃ§o ativo: true
2026-01-27 18:37:34.438 28707-29079 ServiceWatchdogWorker   com.cdccreditsmart.app               I     - Restarts: 0
2026-01-27 18:37:34.438 28707-29079 ServiceWatchdogWorker   com.cdccreditsmart.app               I     - OtimizaÃ§Ã£o bateria: NÃƒO (bom)
2026-01-27 18:37:34.438 28707-29079 ServiceWatchdogWorker   com.cdccreditsmart.app               I  ğŸ” ========================================
2026-01-27 18:37:34.438 28707-29079 ServiceWatchdogWorker   com.cdccreditsmart.app               I  âœ… WATCHDOG: ServiÃ§o verificado/reiniciado com sucesso
2026-01-27 18:37:34.444 28707-29093 WM-WorkerWrapper        com.cdccreditsmart.app               I  Worker result SUCCESS for Work [ id=c449c294-add5-4da5-b0b5-2858d36e933b, tags={ com.cdccreditsmart.app.keepalive.ServiceWatchdogWorker } ]
2026-01-27 18:37:35.079 28707-28707 CDCDeviceAdminService   com.cdccreditsmart.app               I  Device Admin Service destroyed
2026-01-27 18:37:35.094 28707-28707 CDCDeviceAdminService   com.cdccreditsmart.app               I  âœ… Device Admin Service created - System is communicating with CDC DPC
2026-01-27 18:37:35.204 29165-29165 rs.media.module         com.cdccreditsmart.app               I  Using CollectorTypeCMC GC.
2026-01-27 18:37:35.239 29165-29165 rs.media.module         com.cdccreditsmart.app               E  Not starting debugger since process cannot load the jdwp agent.
2026-01-27 18:37:35.291 29165-29165 Compatibil...geReporter com.cdccreditsmart.app               D  Compat change id reported: 171979766; UID 1510212; state: ENABLED
2026-01-27 18:37:35.291 29165-29165 Compatibil...geReporter com.cdccreditsmart.app               D  Compat change id reported: 242716250; UID 1510212; state: ENABLED
2026-01-27 18:37:35.358 29165-29165 nativeloader            com.cdccreditsmart.app               D  Configuring clns-shared-4 for other apk /apex/com.android.mediaprovider/priv-app/MediaProviderGoogle@341411070/MediaProviderGoogle.apk. target_sdk_version=34, uses_libraries=, library_path=/apex/com.android.mediaprovider/priv-app/MediaProviderGoogle@341411070/lib/arm64:/apex/com.android.mediaprovider/priv-app/MediaProviderGoogle@341411070/MediaProviderGoogle.apk!/lib/arm64-v8a:/system/lib64:/system_ext/lib64, permitted_path=/data:/mnt/expand:/data/user/15/com.google.android.providers.media.module:/apex/com.android.mediaprovider/priv-app/MediaProviderGoogle@341411070:/system/lib64:/system_ext/lib64
2026-01-27 18:37:35.372 29165-29165 nativeloader            com.cdccreditsmart.app               D  InitApexLibraries:
                                                                                                      com_android_adservices: libhpke_jni.so:libtflite_support_classifiers_native.so
                                                                                                      com_android_appsearch: libicing.so
                                                                                                      com_android_art: libartservice.so
                                                                                                      com_android_btservices: libbluetooth_jni.so
                                                                                                      com_android_conscrypt: libjavacrypto.so
                                                                                                      com_android_os_statsd: libstats_jni.so
                                                                                                      com_android_tethering: libandroid_net_connectivity_com_android_net_module_util_jni.so:libframework-connectivity-jni.so:libframework-connectivity-tiramisu-jni.so:libmainlinecronet.114.0.5735.84.so:libservice-connectivity.so:libservice-thread-jni.so
                                                                                                      com_android_uwb: libuwb_uci_jni_rust.so
                                                                                                      com_android_virt: libvirtualizationservice_jni.so:libvirtualmachine_jni.so
2026-01-27 18:37:35.461 29165-29165 GraphicsEnvironment     com.cdccreditsmart.app               V  Currently set values for:
2026-01-27 18:37:35.461 29165-29165 GraphicsEnvironment     com.cdccreditsmart.app               V    angle_gl_driver_selection_pkgs=[]
2026-01-27 18:37:35.461 29165-29165 GraphicsEnvironment     com.cdccreditsmart.app               V    angle_gl_driver_selection_values=[]
2026-01-27 18:37:35.463 29165-29165 GraphicsEnvironment     com.cdccreditsmart.app               V  ANGLE GameManagerService for com.google.android.providers.media.module: false
2026-01-27 18:37:35.464 29165-29165 GraphicsEnvironment     com.cdccreditsmart.app               V  com.google.android.providers.media.module is not listed in per-application setting
2026-01-27 18:37:35.464 29165-29165 GraphicsEnvironment     com.cdccreditsmart.app               V  Neither updatable production driver nor prerelease driver is supported.
2026-01-27 18:37:35.649 29165-29165 MediaProvider           com.cdccreditsmart.app               V  Attached media from com.google.android.providers.media.module
2026-01-27 18:37:35.665 26748-26748 CDCDeviceAdminReceiver  com.cdccreditsmart.app               I  User added: UserHandle{15}
2026-01-27 18:37:35.689 26748-26748 PermissionGateManager   com.cdccreditsmart.app               I  âœ… Device Owner: Todas as permissÃµes especiais concedidas!
2026-01-27 18:37:35.695 26748-26748 PermissionGateScreen    com.cdccreditsmart.app               I  âœ… TODAS AS PERMISSÃ•ES CONCEDIDAS! Prosseguindo para o app...
2026-01-27 18:37:35.696 26748-26748 SettingsGuardService    com.cdccreditsmart.app               I  â–¶ï¸ Guard RETOMADO apÃ³s fluxo de permissÃµes
2026-01-27 18:37:35.881 29165-29165 PickerDatabaseHelper    com.cdccreditsmart.app               V  onConfigure() for picker.db
2026-01-27 18:37:35.889 29165-29165 PickerDatabaseHelper    com.cdccreditsmart.app               V  onCreate() for picker.db
2026-01-27 18:37:35.957 29165-29165 PickerSyncLockManager   com.cdccreditsmart.app               D  Trying to acquire lock com.android.providers.media.photopicker.sync.CloseableReentrantLock@204303b[Unlocked]. Lock Name = CLOUD_PROVIDER_LOCK. Threads that may be waiting to acquire this lock = []
2026-01-27 18:37:35.957 29165-29165 CloseableReentrantLock  com.cdccreditsmart.app               D  Successfully acquired lock com.android.providers.media.photopicker.sync.CloseableReentrantLock@204303b[Locked by thread main]. Lock Name = CLOUD_PROVIDER_LOCK. Threads that may be waiting to acquire this lock = []
2026-01-27 18:37:35.994 29165-29165 CloudProviderUtils      com.cdccreditsmart.app               D  Available CloudMediaProvider-s: []
2026-01-27 18:37:35.994 29165-29165 PickerSyncController    com.cdccreditsmart.app               I  Found 0 available Cloud Media Providers.
2026-01-27 18:37:35.999 29165-29165 PickerSyncController    com.cdccreditsmart.app               I  Default Cloud-Media-Provider package is 
2026-01-27 18:37:35.999 29165-29165 PickerSyncLockManager   com.cdccreditsmart.app               D  Trying to acquire lock com.android.providers.media.photopicker.sync.CloseableReentrantLock@204303b[Locked by thread main]. Lock Name = CLOUD_PROVIDER_LOCK. Threads that may be waiting to acquire this lock = []
2026-01-27 18:37:35.999 29165-29165 CloseableReentrantLock  com.cdccreditsmart.app               D  Successfully acquired lock com.android.providers.media.photopicker.sync.CloseableReentrantLock@204303b[Locked by thread main]. Lock Name = CLOUD_PROVIDER_LOCK. Threads that may be waiting to acquire this lock = []
2026-01-27 18:37:35.999 29165-29165 CloseableReentrantLock  com.cdccreditsmart.app               D  Successfully released lock com.android.providers.media.photopicker.sync.CloseableReentrantLock@204303b[Locked by thread main]. Lock Name = CLOUD_PROVIDER_LOCK. Threads that may be waiting to acquire this lock = []
2026-01-27 18:37:35.999 29165-29165 PickerSyncController    com.cdccreditsmart.app               D  Initialized cloud provider to: null
2026-01-27 18:37:35.999 29165-29165 CloseableReentrantLock  com.cdccreditsmart.app               D  Successfully released lock com.android.providers.media.photopicker.sync.CloseableReentrantLock@204303b[Unlocked]. Lock Name = CLOUD_PROVIDER_LOCK. Threads that may be waiting to acquire this lock = []
2026-01-27 18:37:35.999 29165-29165 PickerDataLayer         com.cdccreditsmart.app               I  Work manager not initialised. Attempting to initialise.
2026-01-27 18:37:36.370 26748-26748 DeviceOwnerCheckVM      com.cdccreditsmart.app               I  ========================================
2026-01-27 18:37:36.370 26748-26748 DeviceOwnerCheckVM      com.cdccreditsmart.app               I  ğŸ” Verificando status de Device Owner...
2026-01-27 18:37:36.453 29165-29165 WM-PackageManagerHelper com.cdccreditsmart.app               D  androidx.work.impl.background.systemjob.SystemJobService enabled
2026-01-27 18:37:36.454 29165-29165 WM-Schedulers           com.cdccreditsmart.app               D  Created SystemJobScheduler and enabled SystemJobService
2026-01-27 18:37:36.512 29165-29165 SyncWorkManager         com.cdccreditsmart.app               I  Scheduling periodic proactive syncs
2026-01-27 18:37:36.779 29165-29273 Compatibil...geReporter com.cdccreditsmart.app               D  Compat change id reported: 160794467; UID 1510212; state: ENABLED
2026-01-27 18:37:36.834 29165-29292 Compatibil...geReporter com.cdccreditsmart.app               D  Compat change id reported: 194532703; UID 1510212; state: ENABLED
2026-01-27 18:37:36.834 29165-29292 Compatibil...geReporter com.cdccreditsmart.app               D  Compat change id reported: 253665015; UID 1510212; state: ENABLED
2026-01-27 18:37:36.839 29165-29165 SyncWorkManager         com.cdccreditsmart.app               I  Scheduling periodic picker album data resets
2026-01-27 18:37:36.879 26748-26748 DeviceUtils             com.cdccreditsmart.app               D  Device Owner check: true
2026-01-27 18:37:36.879 26748-26748 DeviceUtils             com.cdccreditsmart.app               D  Samsung device: false (Manufacturer: realme)
2026-01-27 18:37:36.880 26748-26748 DeviceOwnerCheckVM      com.cdccreditsmart.app               I  âœ… Dispositivo Ã© Device Owner - permitindo acesso ao app
2026-01-27 18:37:36.880 26748-26748 DeviceOwnerCheckVM      com.cdccreditsmart.app               I  ========================================
2026-01-27 18:37:37.070 29165-29165 MediaCodecList          com.cdccreditsmart.app               D  codecHandlesFormat: no format, so no extra checks
2026-01-27 18:37:37.081 29165-29165 MediaCodecList          com.cdccreditsmart.app               D  codecHandlesFormat: no format, so no extra checks
2026-01-27 18:37:37.107 26748-26748 RouterViewModel         com.cdccreditsmart.app               D  ğŸš€ Iniciando verificaÃ§Ã£o de autenticaÃ§Ã£o...
2026-01-27 18:37:37.156 26748-27009 AuthOrchestrator        com.cdccreditsmart.app               D  ğŸ” Verificando autenticaÃ§Ã£o...
2026-01-27 18:37:37.160 29165-29165 SSenseEx                com.cdccreditsmart.app               W  cannot connect to the sprdssense service
2026-01-27 18:37:37.178 29165-29311 CCodec                  com.cdccreditsmart.app               D  allocate(c2.unisoc.hevc.decoder)
2026-01-27 18:37:37.211 29165-29311 Codec2Client            com.cdccreditsmart.app               I  Available Codec2 services: "default" "software"
2026-01-27 18:37:37.219 26748-27009 AuthOrchestrator        com.cdccreditsmart.app               D  ğŸŒ Conectividade: ONLINE
2026-01-27 18:37:37.220 26748-27009 AuthOrchestrator        com.cdccreditsmart.app               D  ğŸ”„ ========== AUTO-DISCOVERY INICIADO ==========
2026-01-27 18:37:37.254 29165-29311 CCodec                  com.cdccreditsmart.app               I  setting up 'default' as default (vendor) store
2026-01-27 18:37:37.318 26748-27009 DeviceUtils             com.cdccreditsmart.app               D  IMEI retrieved successfully: 8608***
2026-01-27 18:37:37.318 26748-27009 AuthOrchestrator        com.cdccreditsmart.app               D  ğŸ“± IMEI obtido: 8608***718
