---------------------------- PROCESS STARTED (5088) for package com.cdccreditsmart.app ----------------------------
2025-12-08 05:39:45.015  5088-5088  nativeloader            com.cdccreditsmart.app               D  Load libframework-connectivity-tiramisu-jni.so using APEX ns com_android_tethering for caller /apex/com.android.tethering/javalib/framework-connectivity-t.jar: ok
2025-12-08 05:39:45.804  5088-5088  nativeloader            com.cdccreditsmart.app               D  Configuring clns-9 for other apk /data/app/~~MItscHkYf2rXB7bGV8HhjQ==/com.cdccreditsmart.app-tERtjuNQW1-BGWQhrorLZg==/base.apk. target_sdk_version=35, uses_libraries=, library_path=/data/app/~~MItscHkYf2rXB7bGV8HhjQ==/com.cdccreditsmart.app-tERtjuNQW1-BGWQhrorLZg==/lib/x86_64:/data/app/~~MItscHkYf2rXB7bGV8HhjQ==/com.cdccreditsmart.app-tERtjuNQW1-BGWQhrorLZg==/base.apk!/lib/x86_64, permitted_path=/data:/mnt/expand:/data/user/0/com.cdccreditsmart.app
2025-12-08 05:39:45.809  5088-5088  CompatChangeReporter    com.cdccreditsmart.app               D  Compat change id reported: 202956589; UID 10217; state: ENABLED
2025-12-08 05:39:45.816  5088-5088  creditsmart.app         com.cdccreditsmart.app               I  AssetManager2(0x7d76a0f09cb8) locale list changing from [] to [en-US]
2025-12-08 05:39:45.831  5088-5088  GraphicsEnvironment     com.cdccreditsmart.app               V  Currently set values for:
2025-12-08 05:39:45.831  5088-5088  GraphicsEnvironment     com.cdccreditsmart.app               V    angle_gl_driver_selection_pkgs=[]
2025-12-08 05:39:45.831  5088-5088  GraphicsEnvironment     com.cdccreditsmart.app               V    angle_gl_driver_selection_values=[]
2025-12-08 05:39:45.831  5088-5088  GraphicsEnvironment     com.cdccreditsmart.app               V  com.cdccreditsmart.app is not listed in per-application setting
2025-12-08 05:39:45.832  5088-5088  GraphicsEnvironment     com.cdccreditsmart.app               V  ANGLE allowlist from config: com.dreamgames.royalmatch com.dts.freefiremax com.dxx.firenow com.gramgames.mergedragons com.ludo.king com.mojang.minecraftpe com.my.defense com.nintendo.zaka com.os.airforce com.playrix.fishdomdd.gplay io.teslatech.callbreak jp.konami.prospia net.peakgames.toonblast
2025-12-08 05:39:45.832  5088-5088  GraphicsEnvironment     com.cdccreditsmart.app               V  com.cdccreditsmart.app is not listed in ANGLE allowlist or settings, returning default
2025-12-08 05:39:45.832  5088-5088  GraphicsEnvironment     com.cdccreditsmart.app               V  Neither updatable production driver nor prerelease driver is supported.
2025-12-08 05:39:45.929  5088-5088  FirebaseApp             com.cdccreditsmart.app               I  Device unlocked: initializing all Firebase APIs for app [DEFAULT]
2025-12-08 05:39:45.999  5088-5088  FirebaseInitProvider    com.cdccreditsmart.app               I  FirebaseApp initialization successful
2025-12-08 05:39:46.016  5088-5088  WM-WrkMgrInitializer    com.cdccreditsmart.app               D  Initializing WorkManager with default configuration.
2025-12-08 05:39:46.118  5088-5088  WM-PackageManagerHelper com.cdccreditsmart.app               D  androidx.work.impl.background.systemjob.SystemJobService enabled
2025-12-08 05:39:46.118  5088-5088  WM-Schedulers           com.cdccreditsmart.app               D  Created SystemJobScheduler and enabled SystemJobService
2025-12-08 05:39:46.138  5088-5088  CompatChangeReporter    com.cdccreditsmart.app               D  Compat change id reported: 279646685; UID 10217; state: ENABLED
2025-12-08 05:39:46.156  5088-5088  CrashHandler            com.cdccreditsmart.app               I  ✅ Global crash handler instalado
2025-12-08 05:39:46.156  5088-5088  CDCApplication          com.cdccreditsmart.app               I  🚀 CDC Credit Smart Application iniciando...
2025-12-08 05:39:46.170  5088-5088  CDCApplication          com.cdccreditsmart.app               I  ========================================
2025-12-08 05:39:46.170  5088-5088  CDCApplication          com.cdccreditsmart.app               I  🔐 Verificando status de Device Owner...
2025-12-08 05:39:46.173  5088-5288  CompatChangeReporter    com.cdccreditsmart.app               D  Compat change id reported: 312399441; UID 10217; state: ENABLED
2025-12-08 05:39:46.177  5088-5088  CompatChangeReporter    com.cdccreditsmart.app               D  Compat change id reported: 307233716; UID 10217; state: ENABLED
2025-12-08 05:39:46.179  5088-5088  CDCApplication          com.cdccreditsmart.app               I  Device Owner Status: ❌ NÃO
2025-12-08 05:39:46.180  5088-5088  CDCApplication          com.cdccreditsmart.app               I  Package Name: com.cdccreditsmart.app
2025-12-08 05:39:46.180  5088-5088  CDCApplication          com.cdccreditsmart.app               E  
2025-12-08 05:39:46.180  5088-5088  CDCApplication          com.cdccreditsmart.app               E  ╔════════════════════════════════════════════════════════╗
2025-12-08 05:39:46.180  5088-5088  CDCApplication          com.cdccreditsmart.app               E  ║  ⚠️  APP NÃO ESTÁ PROVISIONADO COMO DEVICE OWNER  ⚠️   ║
2025-12-08 05:39:46.180  5088-5088  CDCApplication          com.cdccreditsmart.app               E  ╠════════════════════════════════════════════════════════╣
2025-12-08 05:39:46.180  5088-5088  CDCApplication          com.cdccreditsmart.app               E  ║  O app precisa ser provisionado como Device Owner      ║
2025-12-08 05:39:46.180  5088-5088  CDCApplication          com.cdccreditsmart.app               E  ║  ANTES de poder conceder permissões automaticamente.   ║
2025-12-08 05:39:46.180  5088-5088  CDCApplication          com.cdccreditsmart.app               E  ║                                                        ║
2025-12-08 05:39:46.180  5088-5088  CDCApplication          com.cdccreditsmart.app               E  ║  Provisione o dispositivo usando um dos métodos:       ║
2025-12-08 05:39:46.180  5088-5088  CDCApplication          com.cdccreditsmart.app               E  ║  1. ADB: adb shell dpm set-device-owner ...           ║
2025-12-08 05:39:46.180  5088-5088  CDCApplication          com.cdccreditsmart.app               E  ║  2. QR Code durante setup inicial                      ║
2025-12-08 05:39:46.180  5088-5088  CDCApplication          com.cdccreditsmart.app               E  ║  3. NFC durante setup inicial                          ║
2025-12-08 05:39:46.180  5088-5088  CDCApplication          com.cdccreditsmart.app               E  ║  4. Samsung Knox Mobile Enrollment                     ║
2025-12-08 05:39:46.180  5088-5088  CDCApplication          com.cdccreditsmart.app               E  ╚════════════════════════════════════════════════════════╝
2025-12-08 05:39:46.180  5088-5088  CDCApplication          com.cdccreditsmart.app               E  
2025-12-08 05:39:46.180  5088-5088  CDCApplication          com.cdccreditsmart.app               I  ========================================
2025-12-08 05:39:46.183  5088-5088  AppProtectionManager    com.cdccreditsmart.app               I  
2025-12-08 05:39:46.183  5088-5088  AppProtectionManager    com.cdccreditsmart.app               I  ╔════════════════════════════════════════════════════════════════╗
2025-12-08 05:39:46.183  5088-5088  AppProtectionManager    com.cdccreditsmart.app               I  ║     🛡️ APLICANDO MELHOR PROTEÇÃO DISPONÍVEL                    ║
2025-12-08 05:39:46.183  5088-5088  AppProtectionManager    com.cdccreditsmart.app               I  ║           CDC CREDIT SMART - PROTEÇÃO EM CAMADAS              ║
2025-12-08 05:39:46.183  5088-5088  AppProtectionManager    com.cdccreditsmart.app               I  ╚════════════════════════════════════════════════════════════════╝
2025-12-08 05:39:46.183  5088-5088  AppProtectionManager    com.cdccreditsmart.app               I  
2025-12-08 05:39:46.187  5088-5088  AppProtectionManager    com.cdccreditsmart.app               I  📋 STATUS ATUAL:
2025-12-08 05:39:46.187  5088-5088  AppProtectionManager    com.cdccreditsmart.app               I     Device Owner: NÃO
2025-12-08 05:39:46.187  5088-5088  AppProtectionManager    com.cdccreditsmart.app               I     Device Admin: NÃO
2025-12-08 05:39:46.187  5088-5088  AppProtectionManager    com.cdccreditsmart.app               I  
2025-12-08 05:39:46.187  5088-5088  AppProtectionManager    com.cdccreditsmart.app               W  ⚠️ NÍVEL: SEM PRIVILÉGIOS
2025-12-08 05:39:46.187  5088-5088  AppProtectionManager    com.cdccreditsmart.app               W     App precisa ser ativado como Device Admin ou Device Owner
2025-12-08 05:39:46.187  5088-5088  AppProtectionManager    com.cdccreditsmart.app               W     para aplicar proteções contra desinstalação.
2025-12-08 05:39:46.187  5088-5088  AppProtectionManager    com.cdccreditsmart.app               W  
2025-12-08 05:39:46.187  5088-5088  AppProtectionManager    com.cdccreditsmart.app               I     Iniciando serviços de persistência...
2025-12-08 05:39:46.196  5088-5088  AppProtectionManager    com.cdccreditsmart.app               I     ✅ Foreground Service iniciado
2025-12-08 05:39:46.200  5088-5288  ashmem                  com.cdccreditsmart.app               E  Pinning is deprecated since Android Q. Please use trim or other methods.
2025-12-08 05:39:46.221  5088-5088  AppProtectionManager    com.cdccreditsmart.app               I     ✅ ServiceWatchdog agendado (15 min)
2025-12-08 05:39:46.222  5088-5088  CDCApplication          com.cdccreditsmart.app               I  
2025-12-08 05:39:46.222  5088-5088  CDCApplication          com.cdccreditsmart.app               I  ╔════════════════════════════════════════════════════════════╗
2025-12-08 05:39:46.222  5088-5088  CDCApplication          com.cdccreditsmart.app               I  ║     RESULTADO DA APLICAÇÃO DE PROTEÇÕES                    ║
2025-12-08 05:39:46.222  5088-5088  CDCApplication          com.cdccreditsmart.app               I  ╚════════════════════════════════════════════════════════════╝
2025-12-08 05:39:46.222  5088-5088  CDCApplication          com.cdccreditsmart.app               I     Nível: NONE
2025-12-08 05:39:46.222  5088-5088  CDCApplication          com.cdccreditsmart.app               I     Proteções aplicadas: 0
2025-12-08 05:39:46.222  5088-5088  CDCApplication          com.cdccreditsmart.app               E     Status: SEM PROTEÇÃO
2025-12-08 05:39:46.222  5088-5088  CDCApplication          com.cdccreditsmart.app               E     App precisa ser provisionado como Device Owner
2025-12-08 05:39:46.222  5088-5088  CDCApplication          com.cdccreditsmart.app               E  
2025-12-08 05:39:46.222  5088-5088  CDCApplication          com.cdccreditsmart.app               E     Provisione o dispositivo usando:
2025-12-08 05:39:46.222  5088-5088  CDCApplication          com.cdccreditsmart.app               E     1. QR Code durante setup inicial
2025-12-08 05:39:46.222  5088-5088  CDCApplication          com.cdccreditsmart.app               E     2. ADB: adb shell dpm set-device-owner ...
2025-12-08 05:39:46.222  5088-5088  CDCApplication          com.cdccreditsmart.app               E     3. Samsung Knox Mobile Enrollment
2025-12-08 05:39:46.222  5088-5088  CDCApplication          com.cdccreditsmart.app               I  ╚════════════════════════════════════════════════════════════╝
2025-12-08 05:39:46.222  5088-5088  CDCApplication          com.cdccreditsmart.app               I  
2025-12-08 05:39:46.240  5088-5088  TamperDetection         com.cdccreditsmart.app               I  ========================================
2025-12-08 05:39:46.240  5088-5088  TamperDetection         com.cdccreditsmart.app               I  🔍 VERIFICANDO INTEGRIDADE DO DISPOSITIVO
2025-12-08 05:39:46.240  5088-5088  TamperDetection         com.cdccreditsmart.app               I  ========================================
2025-12-08 05:39:46.245  5088-5295  CDCApplication          com.cdccreditsmart.app               D  👤 App não é Device Owner - pulando criação de usuário secundário
2025-12-08 05:39:46.291  5088-5277  DynamiteModule          com.cdccreditsmart.app               I  Considering local module com.google.android.gms.measurement.dynamite:127 and remote module com.google.android.gms.measurement.dynamite:140
2025-12-08 05:39:46.291  5088-5277  DynamiteModule          com.cdccreditsmart.app               I  Selected remote version of com.google.android.gms.measurement.dynamite, version >= 140
2025-12-08 05:39:46.291  5088-5277  DynamiteModule          com.cdccreditsmart.app               V  Dynamite loader version >= 2, using loadModule2NoCrashUtils
2025-12-08 05:39:46.450  5088-5277  creditsmart.app         com.cdccreditsmart.app               I  AssetManager2(0x7d76a0f12638) locale list changing from [] to [en-US]
2025-12-08 05:39:46.452  5088-5302  JobInfo                 com.cdccreditsmart.app               W  Requested important-while-foreground flag for job0 is ignored and takes no effect
2025-12-08 05:39:46.453  5088-5302  CompatChangeReporter    com.cdccreditsmart.app               D  Compat change id reported: 311402873; UID 10217; state: ENABLED
2025-12-08 05:39:46.453  5088-5302  CompatChangeReporter    com.cdccreditsmart.app               D  Compat change id reported: 323349338; UID 10217; state: ENABLED
2025-12-08 05:39:46.547  5088-5088  SecureTokenStorage      com.cdccreditsmart.app               D  EncryptedSharedPreferences initialized successfully
2025-12-08 05:39:46.555  5088-5088  TamperDetection         com.cdccreditsmart.app               I  ✅ Primeira instalação detectada
2025-12-08 05:39:46.557  5088-5088  TamperDetection         com.cdccreditsmart.app               I     Token e deviceId não existem - app nunca foi pareado
2025-12-08 05:39:46.557  5088-5088  TamperDetection         com.cdccreditsmart.app               I  ========================================
2025-12-08 05:39:46.589  5088-5088  TamperDetection         com.cdccreditsmart.app               I  ✅ Device fingerprint criado: CDC_-656****
2025-12-08 05:39:46.589  5088-5088  TamperDetection         com.cdccreditsmart.app               I  
2025-12-08 05:39:46.589  5088-5088  TamperDetection         com.cdccreditsmart.app               I  ╔════════════════════════════════════════════════════════╗
2025-12-08 05:39:46.589  5088-5088  TamperDetection         com.cdccreditsmart.app               I  ║    📡 REPORTAR BOOT AO BACKEND                        ║
2025-12-08 05:39:46.589  5088-5088  TamperDetection         com.cdccreditsmart.app               I  ╠════════════════════════════════════════════════════════╣
2025-12-08 05:39:46.589  5088-5088  TamperDetection         com.cdccreditsmart.app               I  ║  Device Fingerprint: CDC_-6562132****      ║
2025-12-08 05:39:46.589  5088-5088  TamperDetection         com.cdccreditsmart.app               I  ║  Boot Timestamp: 1765183186589          ║
2025-12-08 05:39:46.589  5088-5088  TamperDetection         com.cdccreditsmart.app               I  ║                                                        ║
2025-12-08 05:39:46.589  5088-5088  TamperDetection         com.cdccreditsmart.app               I  ║  Backend detectará factory reset comparando:          ║
2025-12-08 05:39:46.589  5088-5088  TamperDetection         com.cdccreditsmart.app               I  ║  • Fingerprint histórico vs atual                     ║
2025-12-08 05:39:46.589  5088-5088  TamperDetection         com.cdccreditsmart.app               I  ║  • Timestamp do último boot vs agora                  ║
2025-12-08 05:39:46.589  5088-5088  TamperDetection         com.cdccreditsmart.app               I  ║  • Token válido vs ausente                            ║
2025-12-08 05:39:46.589  5088-5088  TamperDetection         com.cdccreditsmart.app               I  ╚════════════════════════════════════════════════════════╝
2025-12-08 05:39:46.589  5088-5088  TamperDetection         com.cdccreditsmart.app               I  
2025-12-08 05:39:46.589  5088-5088  TamperDetection         com.cdccreditsmart.app               I  ⚠️ TODO: Implementar POST /api/security/device-boot
2025-12-08 05:39:46.593  5088-5295  CDCApplication          com.cdccreditsmart.app               I  🔒 Verificando status do SIM no boot da aplicação...
2025-12-08 05:39:46.595  5088-5295  SimSwapManager          com.cdccreditsmart.app               I  ========================================
2025-12-08 05:39:46.595  5088-5295  SimSwapManager          com.cdccreditsmart.app               I  🔒 SIM SWAP: Iniciando verificação de status do SIM
2025-12-08 05:39:46.595  5088-5295  SimSwapManager          com.cdccreditsmart.app               I  ========================================
2025-12-08 05:39:46.614  5088-5277  creditsmart.app         com.cdccreditsmart.app               I  AssetManager2(0x7d76a0f14ed8) locale list changing from [] to [en-US]
2025-12-08 05:39:46.620  5088-5277  creditsmart.app         com.cdccreditsmart.app               I  AssetManager2(0x7d76a0f15518) locale list changing from [] to [en-US]
2025-12-08 05:39:46.639  5088-5295  SimSwapDetector         com.cdccreditsmart.app               E  🔒 SIM SWAP: Permissão READ_PHONE_STATE NÃO CONCEDIDA!
2025-12-08 05:39:46.639  5088-5295  SimSwapManager          com.cdccreditsmart.app               E  🔒 SIM SWAP: Sem permissão READ_PHONE_STATE - verificação cancelada
2025-12-08 05:39:46.639  5088-5295  SimSwapManager          com.cdccreditsmart.app               I  ========================================
2025-12-08 05:39:46.639  5088-5295  CDCApplication          com.cdccreditsmart.app               W  ⚠️ Verificação de SIM swap falhou ou encontrou problemas
2025-12-08 05:39:46.692  5088-5088  SecureTokenStorage      com.cdccreditsmart.app               D  EncryptedSharedPreferences initialized successfully
2025-12-08 05:39:46.696  5088-5088  ContractCodeStorage     com.cdccreditsmart.app               D  Retrieving contract code from storage
2025-12-08 05:39:46.947  5088-5305  FA                      com.cdccreditsmart.app               I  App measurement initialized, version: 118001
2025-12-08 05:39:46.953  5088-5305  FA                      com.cdccreditsmart.app               I  To enable debug logging run: adb shell setprop log.tag.FA VERBOSE
2025-12-08 05:39:46.953  5088-5305  FA                      com.cdccreditsmart.app               I  To enable faster debug mode event logging run:
                                                                                                      adb shell setprop debug.firebase.analytics.app com.cdccreditsmart.app
2025-12-08 05:39:47.212  5088-5088  ContractCodeStorage     com.cdccreditsmart.app               D  Storage verification: 0 valid, 0 tampered, 7 missing
2025-12-08 05:39:47.212  5088-5088  ContractCodeStorage     com.cdccreditsmart.app               W  No valid contract code found in any location
2025-12-08 05:39:47.214  5088-5088  CDCApplication          com.cdccreditsmart.app               I  ⏸️ Sem tokens - aguardando pairing para iniciar serviço MDM
2025-12-08 05:39:47.215  5088-5088  AutoBlockingWorker      com.cdccreditsmart.app               I  ✅ Verificação automática de bloqueio agendada (diariamente às 00:00)
2025-12-08 05:39:47.215  5088-5088  AutoBlockingWorker      com.cdccreditsmart.app               I     Próxima execução em: 920 minutos
2025-12-08 05:39:47.215  5088-5088  CDCApplication          com.cdccreditsmart.app               I  📅 Agendando overlay automático com intervalo progressivo...
2025-12-08 05:39:47.216  5088-5088  PeriodicOverlayWorker   com.cdccreditsmart.app               I  📅 Agendando overlay automático com INTERVALO PROGRESSIVO
2025-12-08 05:39:47.217  5088-5088  PeriodicOverlayWorker   com.cdccreditsmart.app               I     1-4 dias de atraso: a cada 10 minutos
2025-12-08 05:39:47.217  5088-5088  PeriodicOverlayWorker   com.cdccreditsmart.app               I     5-14 dias de atraso: a cada 5 minutos
2025-12-08 05:39:47.217  5088-5088  PeriodicOverlayWorker   com.cdccreditsmart.app               I     15+ dias de atraso: a cada 3 minutos
2025-12-08 05:39:47.217  5088-5088  WM-WorkSpec             com.cdccreditsmart.app               W  Interval duration lesser than minimum allowed value; Changed to 900000
2025-12-08 05:39:47.218  5088-5088  WM-WorkSpec             com.cdccreditsmart.app               W  Flex duration lesser than minimum allowed value; Changed to 300000
2025-12-08 05:39:47.218  5088-5088  PeriodicOverlayWorker   com.cdccreditsmart.app               I  ✅ Overlay automático agendado com sucesso
2025-12-08 05:39:47.218  5088-5088  CDCApplication          com.cdccreditsmart.app               I  🔒 Iniciando sistema Keep Alive...
2025-12-08 05:39:47.220  5088-5088  KeepAliveManager        com.cdccreditsmart.app               I  🔒 ========================================
2025-12-08 05:39:47.220  5088-5088  KeepAliveManager        com.cdccreditsmart.app               I  🔒 INICIANDO SISTEMA KEEP ALIVE
2025-12-08 05:39:47.220  5088-5088  KeepAliveManager        com.cdccreditsmart.app               I  🔒 ========================================
2025-12-08 05:39:47.220  5088-5088  KeepAliveManager        com.cdccreditsmart.app               I  ✅ ServiceWatchdogWorker agendado (15min)
2025-12-08 05:39:47.226  5088-5088  KeepAliveManager        com.cdccreditsmart.app               I  ✅ AlarmManager wakeup agendado (10min)
2025-12-08 05:39:47.231  5088-5088  KeepAliveManager        com.cdccreditsmart.app               I  🔋 App NÃO é Device Owner - permissão será solicitada na tela de permissões
2025-12-08 05:39:47.231  5088-5088  KeepAliveManager        com.cdccreditsmart.app               I  🔒 Sistema Keep Alive ativo
2025-12-08 05:39:47.231  5088-5088  KeepAliveManager        com.cdccreditsmart.app               I  🔒 - WorkManager: verificação a cada 15min
2025-12-08 05:39:47.231  5088-5088  KeepAliveManager        com.cdccreditsmart.app               I  🔒 - AlarmManager: wakeup a cada 10min
2025-12-08 05:39:47.231  5088-5088  KeepAliveManager        com.cdccreditsmart.app               I  🔒 ========================================
2025-12-08 05:39:47.233  5088-5088  CDCApplication          com.cdccreditsmart.app               I  📊 Keep Alive Stats:
2025-12-08 05:39:47.233  5088-5088  CDCApplication          com.cdccreditsmart.app               I     - Restarts anteriores: 0
2025-12-08 05:39:47.233  5088-5088  CDCApplication          com.cdccreditsmart.app               I     - Otimização bateria: SIM (ruim)
2025-12-08 05:39:47.254  5088-5088  Choreographer           com.cdccreditsmart.app               I  Skipped 65 frames!  The application may be doing too much work on its main thread.
2025-12-08 05:39:47.266  5088-5315  DisplayManager          com.cdccreditsmart.app               I  Choreographer implicitly registered for the refresh rate.
2025-12-08 05:39:47.277  5088-5088  creditsmart.app         com.cdccreditsmart.app               I  AssetManager2(0x7d76a0f14578) locale list changing from [] to [en-US]
2025-12-08 05:39:47.373  5088-5088  CompatChangeReporter    com.cdccreditsmart.app               D  Compat change id reported: 309578419; UID 10217; state: ENABLED
2025-12-08 05:39:47.377  5088-5088  DesktopModeFlags        com.cdccreditsmart.app               D  Toggle override initialized to: OVERRIDE_UNSET
2025-12-08 05:39:47.407  5088-5088  MainActivity            com.cdccreditsmart.app               D  📍 BroadcastReceiver de localização registrado
2025-12-08 05:39:47.414  5088-5088  MainActivity            com.cdccreditsmart.app               I  ========================================
2025-12-08 05:39:47.414  5088-5088  MainActivity            com.cdccreditsmart.app               I  📱 SOLICITANDO PERMISSÕES (NÃO DEVICE OWNER)
2025-12-08 05:39:47.414  5088-5088  MainActivity            com.cdccreditsmart.app               I  ========================================
2025-12-08 05:39:47.427  5088-5297  PersistentStateManager  com.cdccreditsmart.app               D  Nenhum estado local encontrado
2025-12-08 05:39:47.427  5088-5297  PersistentStateManager  com.cdccreditsmart.app               D  🆕 Sem estado local - device novo ou pós factory reset
2025-12-08 05:39:47.428  5088-5297  MainActivity            com.cdccreditsmart.app               I  🆕 Device nunca foi provisionado
2025-12-08 05:39:47.443  5088-5088  MainActivity            com.cdccreditsmart.app               I  📋 Runtime permissions a solicitar: 9
2025-12-08 05:39:47.443  5088-5088  MainActivity            com.cdccreditsmart.app               D    • android.permission.READ_PHONE_STATE
2025-12-08 05:39:47.443  5088-5088  MainActivity            com.cdccreditsmart.app               D    • android.permission.READ_CALL_LOG
2025-12-08 05:39:47.443  5088-5088  MainActivity            com.cdccreditsmart.app               D    • android.permission.CALL_PHONE
2025-12-08 05:39:47.443  5088-5088  MainActivity            com.cdccreditsmart.app               D    • android.permission.READ_CONTACTS
2025-12-08 05:39:47.443  5088-5088  MainActivity            com.cdccreditsmart.app               D    • android.permission.ACCESS_FINE_LOCATION
2025-12-08 05:39:47.443  5088-5088  MainActivity            com.cdccreditsmart.app               D    • android.permission.ACCESS_COARSE_LOCATION
2025-12-08 05:39:47.443  5088-5088  MainActivity            com.cdccreditsmart.app               D    • android.permission.ANSWER_PHONE_CALLS
2025-12-08 05:39:47.443  5088-5088  MainActivity            com.cdccreditsmart.app               D    • android.permission.READ_PHONE_NUMBERS
2025-12-08 05:39:47.443  5088-5088  MainActivity            com.cdccreditsmart.app               D    • android.permission.POST_NOTIFICATIONS
2025-12-08 05:39:47.443  5088-5088  SettingsGuardService    com.cdccreditsmart.app               I  ⏸️ Guard PAUSADO para fluxo de permissões
2025-12-08 05:39:47.462  5088-5315  EGL_emulation           com.cdccreditsmart.app               I  Opening libGLESv1_CM_emulation.so
2025-12-08 05:39:47.463  5088-5315  EGL_emulation           com.cdccreditsmart.app               I  Opening libGLESv2_emulation.so
2025-12-08 05:39:47.556  5088-5315  HWUI                    com.cdccreditsmart.app               W  Failed to choose config with EGL_SWAP_BEHAVIOR_PRESERVED, retrying without...
2025-12-08 05:39:47.556  5088-5315  HWUI                    com.cdccreditsmart.app               W  Failed to initialize 101010-2 format, error = EGL_SUCCESS
2025-12-08 05:39:47.626  5088-5088  SpecialPermissionReq    com.cdccreditsmart.app               I  ========================================
2025-12-08 05:39:47.626  5088-5088  SpecialPermissionReq    com.cdccreditsmart.app               I  📊 STATUS DAS PERMISSÕES ESPECIAIS
2025-12-08 05:39:47.626  5088-5088  SpecialPermissionReq    com.cdccreditsmart.app               I  ========================================
2025-12-08 05:39:47.627  5088-5088  SpecialPermissionReq    com.cdccreditsmart.app               I    USAGE_STATS: ❌ NÃO CONCEDIDA
2025-12-08 05:39:47.630  5088-5088  SpecialPermissionReq    com.cdccreditsmart.app               I    OVERLAY: ❌ NÃO CONCEDIDA
2025-12-08 05:39:47.630  5088-5088  SpecialPermissionReq    com.cdccreditsmart.app               W  
2025-12-08 05:39:47.630  5088-5088  SpecialPermissionReq    com.cdccreditsmart.app               W  ⚠️ PROTEÇÃO ANTI-DESINSTALAÇÃO COMPROMETIDA!
2025-12-08 05:39:47.630  5088-5088  SpecialPermissionReq    com.cdccreditsmart.app               W     Sem essas permissões, a proteção via overlay não funciona.
2025-12-08 05:39:47.630  5088-5088  SpecialPermissionReq    com.cdccreditsmart.app               W     O usuário conseguirá acessar App Info e desinstalar.
2025-12-08 05:39:47.630  5088-5088  SpecialPermissionReq    com.cdccreditsmart.app               I  ========================================
2025-12-08 05:39:47.630  5088-5088  MainActivity            com.cdccreditsmart.app               W  ========================================
2025-12-08 05:39:47.630  5088-5088  MainActivity            com.cdccreditsmart.app               W  ⚠️ PERMISSÕES ESPECIAIS NECESSÁRIAS
2025-12-08 05:39:47.630  5088-5088  MainActivity            com.cdccreditsmart.app               W  ========================================
2025-12-08 05:39:47.630  5088-5088  MainActivity            com.cdccreditsmart.app               W  Para proteção anti-desinstalação funcionar:
2025-12-08 05:39:47.631  5088-5088  MainActivity            com.cdccreditsmart.app               W    ❌ Acesso ao Uso de Apps
2025-12-08 05:39:47.631  5088-5088  MainActivity            com.cdccreditsmart.app               W       Permite detectar quando você abre as Configurações para aplicar proteção
2025-12-08 05:39:47.631  5088-5088  MainActivity            com.cdccreditsmart.app               W    ❌ Exibir sobre outros apps
2025-12-08 05:39:47.631  5088-5088  MainActivity            com.cdccreditsmart.app               W       Permite mostrar avisos de proteção sobre outros aplicativos
2025-12-08 05:39:47.631  5088-5088  MainActivity            com.cdccreditsmart.app               W  ========================================
2025-12-08 05:39:47.631  5088-5088  MainActivity            com.cdccreditsmart.app               W  O app solicitará essas permissões na próxima interação
2025-12-08 05:39:47.631  5088-5088  MainActivity            com.cdccreditsmart.app               W  ========================================
2025-12-08 05:39:47.692  5088-5088  CompatChangeReporter    com.cdccreditsmart.app               D  Compat change id reported: 352594277; UID 10217; state: ENABLED
2025-12-08 05:39:47.703  5088-5305  FA                      com.cdccreditsmart.app               I  Tag Manager is not found and thus will not be used
2025-12-08 05:39:47.719  5088-5088  CompatChangeReporter    com.cdccreditsmart.app               D  Compat change id reported: 349153669; UID 10217; state: ENABLED
2025-12-08 05:39:47.732  5088-5088  HWUI                    com.cdccreditsmart.app               W  Unknown dataspace 0
2025-12-08 05:39:47.749  5088-5088  InsetsController        com.cdccreditsmart.app               D  Setting requestedVisibleTypes to -14 (was -9)
2025-12-08 05:39:47.779  5088-5088  CdcForegroundService    com.cdccreditsmart.app               D  📱 Serviço onCreate()
2025-12-08 05:39:47.789  5088-5088  CdcForegroundService    com.cdccreditsmart.app               D  ✅ Canal de notificação criado
2025-12-08 05:39:47.796  5088-5088  CdcForegroundService    com.cdccreditsmart.app               I  ✅ ScreenStateReceiver registrado
2025-12-08 05:39:47.799  5088-5088  CdcForegroundService    com.cdccreditsmart.app               D  🚀 Serviço onStartCommand() - Action: null
2025-12-08 05:39:47.826  5088-5088  CdcForegroundService    com.cdccreditsmart.app               I  ✅ Foreground Service ativo (Android 12+)
2025-12-08 05:39:47.830  5088-5297  CdcForegroundService    com.cdccreditsmart.app               I  🔧 ========================================
2025-12-08 05:39:47.830  5088-5297  CdcForegroundService    com.cdccreditsmart.app               I  🔧 INICIANDO initializeServices()...
2025-12-08 05:39:47.830  5088-5297  CdcForegroundService    com.cdccreditsmart.app               I  🔧 ========================================
2025-12-08 05:39:47.830  5088-5297  CdcForegroundService    com.cdccreditsmart.app               I  🔧 Inicializando serviços base (SettingsGuard, WorkPolicies)...
2025-12-08 05:39:47.832  5088-5297  CdcForegroundService    com.cdccreditsmart.app               I  🏢 ========================================
2025-12-08 05:39:47.832  5088-5297  CdcForegroundService    com.cdccreditsmart.app               I  🏢 APLICANDO POLÍTICAS DE AMBIENTE DE TRABALHO
2025-12-08 05:39:47.832  5088-5297  CdcForegroundService    com.cdccreditsmart.app               I  🏢 ========================================
2025-12-08 05:39:47.833  5088-5297  WorkPolicyManager       com.cdccreditsmart.app               I  
2025-12-08 05:39:47.834  5088-5297  WorkPolicyManager       com.cdccreditsmart.app               I  ╔════════════════════════════════════════════════════════════════╗
2025-12-08 05:39:47.834  5088-5297  WorkPolicyManager       com.cdccreditsmart.app               I  ║  🏢 APLICANDO POLÍTICAS DE AMBIENTE DE TRABALHO                ║
2025-12-08 05:39:47.834  5088-5297  WorkPolicyManager       com.cdccreditsmart.app               I  ║     CDC CREDIT SMART - PROTEÇÃO EMPRESARIAL                    ║
2025-12-08 05:39:47.834  5088-5297  WorkPolicyManager       com.cdccreditsmart.app               I  ╚════════════════════════════════════════════════════════════════╝
2025-12-08 05:39:47.834  5088-5297  WorkPolicyManager       com.cdccreditsmart.app               I  
2025-12-08 05:39:47.837  5088-5297  WorkPolicyManager       com.cdccreditsmart.app               I  📋 STATUS DO DISPOSITIVO:
2025-12-08 05:39:47.837  5088-5297  WorkPolicyManager       com.cdccreditsmart.app               I     Device Owner: ❌ NÃO
2025-12-08 05:39:47.837  5088-5297  WorkPolicyManager       com.cdccreditsmart.app               I     Device Admin: ❌ NÃO
2025-12-08 05:39:47.837  5088-5297  WorkPolicyManager       com.cdccreditsmart.app               I  
2025-12-08 05:39:47.837  5088-5297  WorkPolicyManager       com.cdccreditsmart.app               I  ═══════════════════════════════════════════════════════════════
2025-12-08 05:39:47.838  5088-5297  WorkPolicyManager       com.cdccreditsmart.app               I  ⚠️ MODO BÁSICO - PROTEÇÃO MÍNIMA
2025-12-08 05:39:47.838  5088-5297  WorkPolicyManager       com.cdccreditsmart.app               I  ═══════════════════════════════════════════════════════════════
2025-12-08 05:39:47.838  5088-5297  WorkPolicyManager       com.cdccreditsmart.app               I  
2025-12-08 05:39:47.838  5088-5297  WorkPolicyManager       com.cdccreditsmart.app               E  ❌ ATENÇÃO: App NÃO é Device Owner nem Device Admin!
2025-12-08 05:39:47.838  5088-5297  WorkPolicyManager       com.cdccreditsmart.app               E     • Proteções MDM não disponíveis
2025-12-08 05:39:47.838  5088-5297  WorkPolicyManager       com.cdccreditsmart.app               E     • Usuário pode desinstalar o app livremente
2025-12-08 05:39:47.838  5088-5297  WorkPolicyManager       com.cdccreditsmart.app               E     • Factory Reset não é bloqueável
2025-12-08 05:39:47.838  5088-5297  WorkPolicyManager       com.cdccreditsmart.app               E     • Aplicando proteções alternativas mínimas...
2025-12-08 05:39:47.838  5088-5297  WorkPolicyManager       com.cdccreditsmart.app               I  
2025-12-08 05:39:47.838  5088-5297  WorkPolicyManager       com.cdccreditsmart.app               I  🔄 [1/3] PERSISTÊNCIA DO APP
2025-12-08 05:39:47.838  5088-5297  WorkPolicyManager       com.cdccreditsmart.app               I  ───────────────────────────────────────────────────────────────
2025-12-08 05:39:47.838  5088-5297  WorkPolicyManager       com.cdccreditsmart.app               I     ℹ️ Solicitando isenção de otimização de bateria...
2025-12-08 05:39:47.838  5088-5297  WorkPolicyManager       com.cdccreditsmart.app               I     ℹ️ Usuário precisa conceder manualmente em Settings
2025-12-08 05:39:47.838  5088-5297  WorkPolicyManager       com.cdccreditsmart.app               I     ✅ Foreground Service configurado via CdcForegroundService
2025-12-08 05:39:47.838  5088-5297  WorkPolicyManager       com.cdccreditsmart.app               I  
2025-12-08 05:39:47.838  5088-5297  WorkPolicyManager       com.cdccreditsmart.app               I  📊 [2/3] MONITORAMENTO BÁSICO
2025-12-08 05:39:47.838  5088-5297  WorkPolicyManager       com.cdccreditsmart.app               I  ───────────────────────────────────────────────────────────────
2025-12-08 05:39:47.838  5088-5297  WorkPolicyManager       com.cdccreditsmart.app               I     ✅ WorkManager health check agendado
2025-12-08 05:39:47.838  5088-5297  WorkPolicyManager       com.cdccreditsmart.app               I  
2025-12-08 05:39:47.838  5088-5297  WorkPolicyManager       com.cdccreditsmart.app               I  🔔 [3/3] NOTIFICAÇÕES
2025-12-08 05:39:47.838  5088-5297  WorkPolicyManager       com.cdccreditsmart.app               I  ───────────────────────────────────────────────────────────────
2025-12-08 05:39:47.838  5088-5297  WorkPolicyManager       com.cdccreditsmart.app               I     ✅ Canal de notificação persistente criado
2025-12-08 05:39:47.840  5088-5297  WorkPolicyManager       com.cdccreditsmart.app               I  
2025-12-08 05:39:47.840  5088-5297  WorkPolicyManager       com.cdccreditsmart.app               I  ╔════════════════════════════════════════════════════════════════╗
2025-12-08 05:39:47.840  5088-5297  WorkPolicyManager       com.cdccreditsmart.app               I  ║  📊 RESUMO DAS POLÍTICAS DE TRABALHO                           ║
2025-12-08 05:39:47.840  5088-5297  WorkPolicyManager       com.cdccreditsmart.app               I  ╠════════════════════════════════════════════════════════════════╣
2025-12-08 05:39:47.841  5088-5297  WorkPolicyManager       com.cdccreditsmart.app               I  ║  ⚠️ Nível de proteção: BASIC
2025-12-08 05:39:47.841  5088-5297  WorkPolicyManager       com.cdccreditsmart.app               I  ║  📋 Políticas aplicadas: 4
2025-12-08 05:39:47.841  5088-5297  WorkPolicyManager       com.cdccreditsmart.app               I  ╠════════════════════════════════════════════════════════════════╣
2025-12-08 05:39:47.841  5088-5297  WorkPolicyManager       com.cdccreditsmart.app               I  ║  ✅ PROTEÇÕES ATIVAS:
2025-12-08 05:39:47.841  5088-5297  WorkPolicyManager       com.cdccreditsmart.app               I  ║     ✅ Isenção de otimização de bateria
2025-12-08 05:39:47.841  5088-5297  WorkPolicyManager       com.cdccreditsmart.app               I  ║     ✅ Foreground Service persistente
2025-12-08 05:39:47.841  5088-5297  WorkPolicyManager       com.cdccreditsmart.app               I  ║     ✅ Health check periódico agendado
2025-12-08 05:39:47.841  5088-5297  WorkPolicyManager       com.cdccreditsmart.app               I  ║     ✅ Canal de notificação persistente criado
2025-12-08 05:39:47.841  5088-5297  WorkPolicyManager       com.cdccreditsmart.app               I  ╠════════════════════════════════════════════════════════════════╣
2025-12-08 05:39:47.841  5088-5297  WorkPolicyManager       com.cdccreditsmart.app               I  ║  ⚠️ AVISOS:
2025-12-08 05:39:47.841  5088-5297  WorkPolicyManager       com.cdccreditsmart.app               W  ║     ❌ CRÍTICO: Desinstalação NÃO bloqueável
2025-12-08 05:39:47.841  5088-5297  WorkPolicyManager       com.cdccreditsmart.app               W  ║     ❌ CRÍTICO: Factory Reset NÃO bloqueável
2025-12-08 05:39:47.841  5088-5297  WorkPolicyManager       com.cdccreditsmart.app               W  ║     ❌ CRÍTICO: Force Stop NÃO bloqueável
2025-12-08 05:39:47.841  5088-5297  WorkPolicyManager       com.cdccreditsmart.app               W  ║     ❌ CRÍTICO: Clear Data NÃO bloqueável
2025-12-08 05:39:47.841  5088-5297  WorkPolicyManager       com.cdccreditsmart.app               W  ║     ⚠️ Recomendação: Configurar como Device Owner via QR Code ou ADB
2025-12-08 05:39:47.841  5088-5297  WorkPolicyManager       com.cdccreditsmart.app               I  ╚════════════════════════════════════════════════════════════════╝
2025-12-08 05:39:47.841  5088-5297  WorkPolicyManager       com.cdccreditsmart.app               I  
2025-12-08 05:39:47.841  5088-5297  CdcForegroundService    com.cdccreditsmart.app               I  🏢 Resultado: BASIC
2025-12-08 05:39:47.841  5088-5297  CdcForegroundService    com.cdccreditsmart.app               I  🏢 Políticas aplicadas: 4/5
2025-12-08 05:39:47.841  5088-5297  CdcForegroundService    com.cdccreditsmart.app               W  🏢 ❌ CRÍTICO: Desinstalação NÃO bloqueável
2025-12-08 05:39:47.842  5088-5297  CdcForegroundService    com.cdccreditsmart.app               W  🏢 ❌ CRÍTICO: Factory Reset NÃO bloqueável
2025-12-08 05:39:47.842  5088-5297  CdcForegroundService    com.cdccreditsmart.app               W  🏢 ❌ CRÍTICO: Force Stop NÃO bloqueável
2025-12-08 05:39:47.842  5088-5297  CdcForegroundService    com.cdccreditsmart.app               W  🏢 ❌ CRÍTICO: Clear Data NÃO bloqueável
2025-12-08 05:39:47.842  5088-5297  CdcForegroundService    com.cdccreditsmart.app               W  🏢 ⚠️ Recomendação: Configurar como Device Owner via QR Code ou ADB
2025-12-08 05:39:47.842  5088-5297  CdcForegroundService    com.cdccreditsmart.app               I  🏢 ========================================
2025-12-08 05:39:47.842  5088-5297  CdcForegroundService    com.cdccreditsmart.app               I  🛡️ ========================================
2025-12-08 05:39:47.842  5088-5297  CdcForegroundService    com.cdccreditsmart.app               I  🛡️ INICIANDO SETTINGS GUARD (PROTEÇÃO AGRESSIVA)
2025-12-08 05:39:47.842  5088-5297  CdcForegroundService    com.cdccreditsmart.app               I  🛡️ ========================================
2025-12-08 05:39:47.842  5088-5297  AutoPermissionManager   com.cdccreditsmart.app               W  ⚠️ Não é Device Owner - não pode conceder permissões especiais
2025-12-08 05:39:47.843  5088-5297  SettingsGuardService    com.cdccreditsmart.app               I  🛡️ SettingsGuard INICIADO
2025-12-08 05:39:47.843  5088-5297  SettingsGuardService    com.cdccreditsmart.app               I     Modo de proteção: BASIC
2025-12-08 05:39:47.843  5088-5297  SettingsGuardService    com.cdccreditsmart.app               I     ⚠️ Sem privilégios: Proteção AGRESSIVA ativada
2025-12-08 05:39:47.843  5088-5297  SettingsGuardService    com.cdccreditsmart.app               I     📡 Monitorando Settings a cada 600ms
2025-12-08 05:39:47.843  5088-5297  SettingsGuardService    com.cdccreditsmart.app               I  🔍 Iniciando monitoramento ativo de Settings...
2025-12-08 05:39:47.843  5088-5297  SettingsGuardService    com.cdccreditsmart.app               W  ⚠️ Sem permissão PACKAGE_USAGE_STATS
2025-12-08 05:39:47.843  5088-5297  SettingsGuardService    com.cdccreditsmart.app               W     Monitoramento via ActivityManager (menos preciso)
2025-12-08 05:39:47.843  5088-5297  SettingsGuardService    com.cdccreditsmart.app               W     IMPORTANTE: Conceda permissão em Configurações > Apps > Credit Smart > Acesso especial > Acesso uso
2025-12-08 05:39:47.854  5088-5297  SettingsGuardService    com.cdccreditsmart.app               I  📢 Notificação de permissão USAGE_STATS exibida
2025-12-08 05:39:47.854  5088-5297  SettingsGuardService    com.cdccreditsmart.app               W  ⚠️ Sem permissão SYSTEM_ALERT_WINDOW
2025-12-08 05:39:47.855  5088-5297  SettingsGuardService    com.cdccreditsmart.app               W     Overlays de bloqueio não funcionarão
2025-12-08 05:39:47.857  5088-5297  CdcForegroundService    com.cdccreditsmart.app               I  🛡️ Guard ativo: true
2025-12-08 05:39:47.858  5088-5295  SettingsGuardService    com.cdccreditsmart.app               I  ▶️ App voltou ao foreground durante fluxo de permissão - retomando guard
2025-12-08 05:39:47.858  5088-5295  SettingsGuardService    com.cdccreditsmart.app               I  ▶️ Guard RETOMADO após fluxo de permissões
2025-12-08 05:39:47.860  5088-5297  CdcForegroundService    com.cdccreditsmart.app               I  🛡️ Modo proteção: BASIC
2025-12-08 05:39:47.860  5088-5297  CdcForegroundService    com.cdccreditsmart.app               I  🛡️ Modo agressivo: false
2025-12-08 05:39:47.860  5088-5297  CdcForegroundService    com.cdccreditsmart.app               I  🛡️ UsageStats: ❌ INATIVO
2025-12-08 05:39:47.860  5088-5297  CdcForegroundService    com.cdccreditsmart.app               I  🛡️ Overlay: ❌ INATIVO
2025-12-08 05:39:47.860  5088-5297  CdcForegroundService    com.cdccreditsmart.app               W  🛡️ ⚠️ UsageStats não ativo - guard usará ActivityManager (menos preciso)
2025-12-08 05:39:47.860  5088-5297  CdcForegroundService    com.cdccreditsmart.app               W  🛡️ ⚠️ Overlay não ativo - guard usará bringAppToForeground
2025-12-08 05:39:47.860  5088-5297  CdcForegroundService    com.cdccreditsmart.app               I  🛡️ ========================================
2025-12-08 05:39:47.872  5088-5297  ServiceWatchdogWorker   com.cdccreditsmart.app               I  🔍 ========================================
2025-12-08 05:39:47.872  5088-5297  ServiceWatchdogWorker   com.cdccreditsmart.app               I  🔍 WATCHDOG: Verificando CdcForegroundService
2025-12-08 05:39:47.872  5088-5297  ServiceWatchdogWorker   com.cdccreditsmart.app               I  🔍 ========================================
2025-12-08 05:39:47.879  5088-5297  KeepAliveManager        com.cdccreditsmart.app               D  ✅ CdcForegroundService está ativo
2025-12-08 05:39:47.892  5088-5297  ServiceWatchdogWorker   com.cdccreditsmart.app               I  📊 Estatísticas Keep Alive:
2025-12-08 05:39:47.893  5088-5297  ServiceWatchdogWorker   com.cdccreditsmart.app               I     - Serviço ativo: true
2025-12-08 05:39:47.893  5088-5297  ServiceWatchdogWorker   com.cdccreditsmart.app               I     - Restarts: 0
2025-12-08 05:39:47.893  5088-5297  ServiceWatchdogWorker   com.cdccreditsmart.app               I     - Otimização bateria: SIM (ruim)
2025-12-08 05:39:47.893  5088-5297  ServiceWatchdogWorker   com.cdccreditsmart.app               I  🔍 ========================================
2025-12-08 05:39:47.893  5088-5297  ServiceWatchdogWorker   com.cdccreditsmart.app               I  ✅ WATCHDOG: Serviço verificado/reiniciado com sucesso
2025-12-08 05:39:47.905  5088-5303  WM-WorkerWrapper        com.cdccreditsmart.app               I  Worker result SUCCESS for Work [ id=33437bc4-83a2-48c0-a01f-56e258277ebd, tags={ com.cdccreditsmart.app.keepalive.ServiceWatchdogWorker } ]
2025-12-08 05:39:48.499  5088-5297  SettingsGuardService    com.cdccreditsmart.app               D  📋 Activity check - Full: null, Simple: null
2025-12-08 05:39:48.692  5088-5295  SecureTokenStorage      com.cdccreditsmart.app               D  EncryptedSharedPreferences initialized successfully
2025-12-08 05:39:48.692  5088-5295  ContractCodeStorage     com.cdccreditsmart.app               D  Retrieving contract code from storage
2025-12-08 05:39:49.088  5088-5295  ContractCodeStorage     com.cdccreditsmart.app               D  Storage verification: 0 valid, 0 tampered, 7 missing
2025-12-08 05:39:49.088  5088-5295  ContractCodeStorage     com.cdccreditsmart.app               W  No valid contract code found in any location
2025-12-08 05:39:49.091  5088-5295  SecureTokenStorage      com.cdccreditsmart.app               E  ❌ Nenhum identificador MDM disponível!
2025-12-08 05:39:49.091  5088-5295  CdcForegroundService    com.cdccreditsmart.app               I  🔐 AuthToken presente: false
2025-12-08 05:39:49.091  5088-5295  CdcForegroundService    com.cdccreditsmart.app               I  🔐 AuthToken length: 0
2025-12-08 05:39:49.091  5088-5295  CdcForegroundService    com.cdccreditsmart.app               I  🔐 ContractCode presente: false
2025-12-08 05:39:49.091  5088-5295  CdcForegroundService    com.cdccreditsmart.app               I  🔐 ContractCode value: null****
2025-12-08 05:39:49.091  5088-5295  CdcForegroundService    com.cdccreditsmart.app               I  🔐 MDM SerialNumber presente: false
2025-12-08 05:39:49.091  5088-5295  CdcForegroundService    com.cdccreditsmart.app               I  🔐 MDM SerialNumber value: ......
2025-12-08 05:39:49.091  5088-5295  CdcForegroundService    com.cdccreditsmart.app               I  📱 ========================================
2025-12-08 05:39:49.091  5088-5295  CdcForegroundService    com.cdccreditsmart.app               I  📱 AGUARDANDO PAIRING - MDM EM STANDBY
2025-12-08 05:39:49.091  5088-5295  CdcForegroundService    com.cdccreditsmart.app               I  📱 O usuário ainda não fez o pareamento inicial
2025-12-08 05:39:49.091  5088-5295  CdcForegroundService    com.cdccreditsmart.app               I  📱 Serviços MDM serão ativados após inserir código do contrato
2025-12-08 05:39:49.091  5088-5295  CdcForegroundService    com.cdccreditsmart.app               I  📱 NOTA: isMdmInitialized permanece FALSE para permitir reinicialização
2025-12-08 05:39:49.091  5088-5295  CdcForegroundService    com.cdccreditsmart.app               I  📱 ========================================
2025-12-08 05:39:49.116  5088-5295  SettingsGuardService    com.cdccreditsmart.app               D  📋 Activity check - Full: null, Simple: null
2025-12-08 05:39:49.723  5088-5295  SettingsGuardService    com.cdccreditsmart.app               D  📋 Activity check - Full: null, Simple: null
2025-12-08 05:39:50.169  5088-5181  HWUI                    com.cdccreditsmart.app               I  Davey! duration=2385ms; Flags=1, FrameTimelineVsyncId=13414, IntendedVsync=194036836106, Vsync=194170169434, InputEventId=0, HandleInputStart=194173918632, AnimationStart=194173922201, PerformTraversalsStart=194173924657, DrawStart=196255554515, FrameDeadline=194053502772, FrameStartTime=194173370138, FrameInterval=16666666, WorkloadTarget=16666666, SyncQueued=196355301784, SyncStart=196356131497, IssueDrawCommandsStart=196356555157, SwapBuffers=196416382686, FrameCompleted=196422871730, DequeueBufferDuration=5887, QueueBufferDuration=2552608, GpuCompleted=196422778630, SwapBuffersCompleted=196422871730, DisplayPresentTime=0, CommandSubmissionCompleted=196416382686, 
2025-12-08 05:39:50.223  5088-5088  PermissionGateScreen    com.cdccreditsmart.app               I  🔍 VERIFICAÇÃO INICIAL DE PERMISSÕES:
2025-12-08 05:39:50.223  5088-5088  PermissionGateScreen    com.cdccreditsmart.app               I     Nível: BASIC
2025-12-08 05:39:50.223  5088-5088  PermissionGateScreen    com.cdccreditsmart.app               I     Todas concedidas: false
2025-12-08 05:39:50.232  5088-5088  PermissionGateScreen    com.cdccreditsmart.app               I     Bateria isenta: false
2025-12-08 05:39:50.232  5088-5088  PermissionGateScreen    com.cdccreditsmart.app               W     ❌ FALTA: Administrador do Dispositivo
