2025-12-09 12:42:26.280   662-21450 keystore2               pid-662                              I  system/security/keystore2/src/enforcements.rs:249 - finalize_create_authorization self.state=NoAuthRequired
2025-12-09 12:42:26.280   662-21450 keystore2               pid-662                              I  system/security/keystore2/src/security_level.rs:401 - operation_db.create_operation start
2025-12-09 12:42:26.280   662-21450 keystore2               pid-662                              I  system/security/keystore2/src/security_level.rs:419 - operation_db.create_operation end
2025-12-09 12:42:26.281   664-664   TlcKM                   pid-664                              D  TEE_Update
2025-12-09 12:42:26.281   664-664   TlcKM                   pid-664                              D  split_update_chunks
2025-12-09 12:42:26.283   664-664   TlcKM                   pid-664                              D  TEE_Update exiting with 0
2025-12-09 12:42:26.284 20756-20786 dex2oat32               pid-20756                            W  Compilation of java.lang.Object avtp.a(java.lang.Object, java.lang.Object) took 100.325ms
2025-12-09 12:42:26.284   664-664   TlcKM                   pid-664                              D  TEE_Finish
2025-12-09 12:42:26.285   664-664   TlcKM                   pid-664                              D  split_update_chunks
2025-12-09 12:42:26.286   664-664   TlcKM                   pid-664                              D  release_operation_slot: release op slot #0 (handle 0x8013de46b6fd1833; 0 ops live)
2025-12-09 12:42:26.286   664-664   TlcKM                   pid-664                              D  TEE_Finish exiting with 0
2025-12-09 12:42:26.286   664-664   TlcKM                   pid-664                              D  TEE_Abort
2025-12-09 12:42:26.286   664-664   TlcKM                   pid-664                              E  lookup_operation: op 0x8013de46b6fd1833 not found
2025-12-09 12:42:26.286   664-664   TlcKM                   pid-664                              E  lookup_operation(session, operation_handle, &op) == -28
2025-12-09 12:42:26.286   664-664   TlcKM                   pid-664                              D  TEE_Abort exiting with -28
2025-12-09 12:42:26.289   662-21450 keystore2               pid-662                              I  system/security/keystore2/src/security_level.rs:235 - create_operation start
2025-12-09 12:42:26.289   662-21450 keystore2               pid-662                              I  system/security/keystore2/src/security_level.rs:237 - caller_pid=12440
2025-12-09 12:42:26.289   662-21450 keystore2               pid-662                              I  system/security/keystore2/src/security_level.rs:238 - caller_uid=10287
2025-12-09 12:42:26.289   662-21450 keystore2               pid-662                              I  system/security/keystore2/src/security_level.rs:239 - forced=false
2025-12-09 12:42:26.289   662-21450 keystore2               pid-662                              I  system/security/keystore2/src/security_level.rs:240 - key.domain=r#KEY_ID
2025-12-09 12:42:26.289   662-21450 keystore2               pid-662                              I  system/security/keystore2/src/security_level.rs:241 - key.alias=None
2025-12-09 12:42:26.289   662-21450 keystore2               pid-662                              I  system/security/keystore2/src/security_level.rs:277 - with_try_import start
2025-12-09 12:42:26.291   662-21450 keystore2               pid-662                              I  system/security/keystore2/src/security_level.rs:299 - with_try_import end
2025-12-09 12:42:26.291   662-21450 keystore2               pid-662                              I  system/security/keystore2/src/security_level.rs:333 - authorize_create start
2025-12-09 12:42:26.291   662-21450 keystore2               pid-662                              I  system/security/keystore2/src/security_level.rs:344 - authorize_create end
2025-12-09 12:42:26.291   662-21450 keystore2               pid-662                              I  system/security/keystore2/src/security_level.rs:345 - unwrap_key_if_required start
2025-12-09 12:42:26.291   662-21450 keystore2               pid-662                              I  system/security/keystore2/src/security_level.rs:353 - unwrap_key_if_required end
2025-12-09 12:42:26.291   662-21450 keystore2               pid-662                              I  system/security/keystore2/src/security_level.rs:354 - upgrade_keyblob_if_required_with start
2025-12-09 12:42:26.291   664-664   TlcKM                   pid-664                              D  TEE_Begin 5.0
2025-12-09 12:42:26.291   664-664   TlcKM                   pid-664                              D  purpose = 0x00000001
2025-12-09 12:42:26.293   664-664   TlcKM                   pid-664                              D  find_spare_operation_slot: allocate op 0xd1136c3367d68bf8 to slot #0 (1 ops live)
2025-12-09 12:42:26.294   664-664   TlcKM                   pid-664                              D  TEE_Begin exiting with 0
2025-12-09 12:42:26.295   662-21450 keystore2               pid-662                              I  system/security/keystore2/src/security_level.rs:395 - upgrade_keyblob_if_required_with end
2025-12-09 12:42:26.295   662-21450 keystore2               pid-662                              I  system/security/keystore2/src/enforcements.rs:249 - finalize_create_authorization self.state=NoAuthRequired
2025-12-09 12:42:26.295   662-21450 keystore2               pid-662                              I  system/security/keystore2/src/security_level.rs:401 - operation_db.create_operation start
2025-12-09 12:42:26.295   662-21450 keystore2               pid-662                              I  system/security/keystore2/src/security_level.rs:419 - operation_db.create_operation end
2025-12-09 12:42:26.296   664-664   TlcKM                   pid-664                              D  TEE_Update
2025-12-09 12:42:26.296   664-664   TlcKM                   pid-664                              D  split_update_chunks
2025-12-09 12:42:26.297   664-664   TlcKM                   pid-664                              D  TEE_Update exiting with 0
2025-12-09 12:42:26.298   664-664   TlcKM                   pid-664                              D  TEE_Finish
2025-12-09 12:42:26.298   664-664   TlcKM                   pid-664                              D  split_update_chunks
2025-12-09 12:42:26.300   664-664   TlcKM                   pid-664                              D  release_operation_slot: release op slot #0 (handle 0xd1136c3367d68bf8; 0 ops live)
2025-12-09 12:42:26.300   664-664   TlcKM                   pid-664                              D  TEE_Finish exiting with 0
2025-12-09 12:42:26.300   664-664   TlcKM                   pid-664                              D  TEE_Abort
2025-12-09 12:42:26.300   664-664   TlcKM                   pid-664                              E  lookup_operation: op 0xd1136c3367d68bf8 not found
2025-12-09 12:42:26.300   664-664   TlcKM                   pid-664                              E  lookup_operation(session, operation_handle, &op) == -28
2025-12-09 12:42:26.300   664-664   TlcKM                   pid-664                              D  TEE_Abort exiting with -28
2025-12-09 12:42:26.302   662-21450 keystore2               pid-662                              I  system/security/keystore2/src/security_level.rs:235 - create_operation start
2025-12-09 12:42:26.302   662-21450 keystore2               pid-662                              I  system/security/keystore2/src/security_level.rs:237 - caller_pid=12440
2025-12-09 12:42:26.302   662-21450 keystore2               pid-662                              I  system/security/keystore2/src/security_level.rs:238 - caller_uid=10287
2025-12-09 12:42:26.302   662-21450 keystore2               pid-662                              I  system/security/keystore2/src/security_level.rs:239 - forced=false
2025-12-09 12:42:26.302   662-21450 keystore2               pid-662                              I  system/security/keystore2/src/security_level.rs:240 - key.domain=r#KEY_ID
2025-12-09 12:42:26.302   662-21450 keystore2               pid-662                              I  system/security/keystore2/src/security_level.rs:241 - key.alias=None
2025-12-09 12:42:26.302   662-21450 keystore2               pid-662                              I  system/security/keystore2/src/security_level.rs:277 - with_try_import start
2025-12-09 12:42:26.303   662-21450 keystore2               pid-662                              I  system/security/keystore2/src/security_level.rs:299 - with_try_import end
2025-12-09 12:42:26.303   662-21450 keystore2               pid-662                              I  system/security/keystore2/src/security_level.rs:333 - authorize_create start
2025-12-09 12:42:26.303   662-21450 keystore2               pid-662                              I  system/security/keystore2/src/security_level.rs:344 - authorize_create end
2025-12-09 12:42:26.303   662-21450 keystore2               pid-662                              I  system/security/keystore2/src/security_level.rs:345 - unwrap_key_if_required start
2025-12-09 12:42:26.303   662-21450 keystore2               pid-662                              I  system/security/keystore2/src/security_level.rs:353 - unwrap_key_if_required end
2025-12-09 12:42:26.303   662-21450 keystore2               pid-662                              I  system/security/keystore2/src/security_level.rs:354 - upgrade_keyblob_if_required_with start
2025-12-09 12:42:26.304   664-664   TlcKM                   pid-664                              D  TEE_Begin 5.0
2025-12-09 12:42:26.304   664-664   TlcKM                   pid-664                              D  purpose = 0x00000001
2025-12-09 12:42:26.307   664-664   TlcKM                   pid-664                              D  find_spare_operation_slot: allocate op 0x39e50a596a190fb5 to slot #0 (1 ops live)
2025-12-09 12:42:26.308   664-664   TlcKM                   pid-664                              D  TEE_Begin exiting with 0
2025-12-09 12:42:26.309   662-21450 keystore2               pid-662                              I  system/security/keystore2/src/security_level.rs:395 - upgrade_keyblob_if_required_with end
2025-12-09 12:42:26.309   662-21450 keystore2               pid-662                              I  system/security/keystore2/src/enforcements.rs:249 - finalize_create_authorization self.state=NoAuthRequired
2025-12-09 12:42:26.309   662-21450 keystore2               pid-662                              I  system/security/keystore2/src/security_level.rs:401 - operation_db.create_operation start
2025-12-09 12:42:26.309   662-21450 keystore2               pid-662                              I  system/security/keystore2/src/security_level.rs:419 - operation_db.create_operation end
2025-12-09 12:42:26.310   664-664   TlcKM                   pid-664                              D  TEE_Update
2025-12-09 12:42:26.310   664-664   TlcKM                   pid-664                              D  split_update_chunks
2025-12-09 12:42:26.312   664-664   TlcKM                   pid-664                              D  TEE_Update exiting with 0
2025-12-09 12:42:26.312   664-664   TlcKM                   pid-664                              D  TEE_Finish
2025-12-09 12:42:26.312   664-664   TlcKM                   pid-664                              D  split_update_chunks
2025-12-09 12:42:26.314   664-664   TlcKM                   pid-664                              D  release_operation_slot: release op slot #0 (handle 0x39e50a596a190fb5; 0 ops live)
2025-12-09 12:42:26.314   664-664   TlcKM                   pid-664                              D  TEE_Finish exiting with 0
2025-12-09 12:42:26.314   664-664   TlcKM                   pid-664                              D  TEE_Abort
2025-12-09 12:42:26.314   664-664   TlcKM                   pid-664                              E  lookup_operation: op 0x39e50a596a190fb5 not found
2025-12-09 12:42:26.314   664-664   TlcKM                   pid-664                              E  lookup_operation(session, operation_handle, &op) == -28
2025-12-09 12:42:26.314   664-664   TlcKM                   pid-664                              D  TEE_Abort exiting with -28
2025-12-09 12:42:26.319 12440-13006 ContractCodeStorage     pid-12440                            D  Saved to EncryptedPrefs
2025-12-09 12:42:26.324  1566-1999  ConnectivityService     pid-1566                             D  requestNetwork for uid/pid:10127/4463 activeRequest: null callbackRequest: 518 [NetworkRequest [ REQUEST id=519, [ Capabilities: INTERNET&NOT_RESTRICTED&TRUSTED&NOT_VCN_MANAGED&NOT_BANDWIDTH_CONSTRAINED Uid: 10127 RequestorUid: 10127 RequestorPkg: com.google.android.inputmethod.latin UnderlyingNetworks: Null] ]] callback flags: 0 order: 2147483647 isUidTracked: false declaredMethods: ALL
2025-12-09 12:42:26.328   662-21450 keystore2               pid-662                              I  system/security/keystore2/src/security_level.rs:235 - create_operation start
2025-12-09 12:42:26.328   662-21450 keystore2               pid-662                              I  system/security/keystore2/src/security_level.rs:237 - caller_pid=12440
2025-12-09 12:42:26.328   662-21450 keystore2               pid-662                              I  system/security/keystore2/src/security_level.rs:238 - caller_uid=10287
2025-12-09 12:42:26.328   662-21450 keystore2               pid-662                              I  system/security/keystore2/src/security_level.rs:239 - forced=false
2025-12-09 12:42:26.328   662-21450 keystore2               pid-662                              I  system/security/keystore2/src/security_level.rs:240 - key.domain=r#KEY_ID
2025-12-09 12:42:26.328   662-21450 keystore2               pid-662                              I  system/security/keystore2/src/security_level.rs:241 - key.alias=None
2025-12-09 12:42:26.328   662-21450 keystore2               pid-662                              I  system/security/keystore2/src/security_level.rs:277 - with_try_import start
2025-12-09 12:42:26.329  1566-2960  WifiNetworkFactory      pid-1566                             D  got request NetworkRequest [ REQUEST id=519, [ Capabilities: INTERNET&NOT_RESTRICTED&TRUSTED&NOT_VCN_MANAGED&NOT_BANDWIDTH_CONSTRAINED Uid: 10127 RequestorUid: 10127 RequestorPkg: com.google.android.inputmethod.latin UnderlyingNetworks: Null] ]
2025-12-09 12:42:26.329   662-21450 keystore2               pid-662                              I  system/security/keystore2/src/security_level.rs:299 - with_try_import end
2025-12-09 12:42:26.329   662-21450 keystore2               pid-662                              I  system/security/keystore2/src/security_level.rs:333 - authorize_create start
2025-12-09 12:42:26.329   662-21450 keystore2               pid-662                              I  system/security/keystore2/src/security_level.rs:344 - authorize_create end
2025-12-09 12:42:26.329   662-21450 keystore2               pid-662                              I  system/security/keystore2/src/security_level.rs:345 - unwrap_key_if_required start
2025-12-09 12:42:26.329   662-21450 keystore2               pid-662                              I  system/security/keystore2/src/security_level.rs:353 - unwrap_key_if_required end
2025-12-09 12:42:26.329   662-21450 keystore2               pid-662                              I  system/security/keystore2/src/security_level.rs:354 - upgrade_keyblob_if_required_with start
2025-12-09 12:42:26.329  1566-2960  UntrustedW...orkFactory pid-1566                             D  got request NetworkRequest [ REQUEST id=519, [ Capabilities: INTERNET&NOT_RESTRICTED&TRUSTED&NOT_VCN_MANAGED&NOT_BANDWIDTH_CONSTRAINED Uid: 10127 RequestorUid: 10127 RequestorPkg: com.google.android.inputmethod.latin UnderlyingNetworks: Null] ]
2025-12-09 12:42:26.330   664-664   TlcKM                   pid-664                              D  TEE_Begin 5.0
2025-12-09 12:42:26.330   664-664   TlcKM                   pid-664                              D  purpose = 0x00000000
2025-12-09 12:42:26.330  1566-2960  OemPaidWif...orkFactory pid-1566                             D  got request NetworkRequest [ REQUEST id=519, [ Capabilities: INTERNET&NOT_RESTRICTED&TRUSTED&NOT_VCN_MANAGED&NOT_BANDWIDTH_CONSTRAINED Uid: 10127 RequestorUid: 10127 RequestorPkg: com.google.android.inputmethod.latin UnderlyingNetworks: Null] ]
2025-12-09 12:42:26.331  1566-2960  MultiInter...orkFactory pid-1566                             D  got request NetworkRequest [ REQUEST id=519, [ Capabilities: INTERNET&NOT_RESTRICTED&TRUSTED&NOT_VCN_MANAGED&NOT_BANDWIDTH_CONSTRAINED Uid: 10127 RequestorUid: 10127 RequestorPkg: com.google.android.inputmethod.latin UnderlyingNetworks: Null] ]
2025-12-09 12:42:26.332  1566-2972  ConnectivityService     pid-1566                             D  NetReassign [519 : null â†’ 100] [c 0] [a 2] [i 5]
2025-12-09 12:42:26.333   664-664   TlcKM                   pid-664                              D  find_spare_operation_slot: allocate op 0x27b410b7afed2a8e to slot #0 (1 ops live)
2025-12-09 12:42:26.334   664-664   TlcKM                   pid-664                              D  TEE_Begin exiting with 0
2025-12-09 12:42:26.335   662-21450 keystore2               pid-662                              I  system/security/keystore2/src/security_level.rs:395 - upgrade_keyblob_if_required_with end
2025-12-09 12:42:26.335   662-21450 keystore2               pid-662                              I  system/security/keystore2/src/enforcements.rs:249 - finalize_create_authorization self.state=NoAuthRequired
2025-12-09 12:42:26.335   662-21450 keystore2               pid-662                              I  system/security/keystore2/src/security_level.rs:401 - operation_db.create_operation start
2025-12-09 12:42:26.335   662-21450 keystore2               pid-662                              I  system/security/keystore2/src/security_level.rs:419 - operation_db.create_operation end
2025-12-09 12:42:26.337   664-664   TlcKM                   pid-664                              D  TEE_Update
2025-12-09 12:42:26.337   664-664   TlcKM                   pid-664                              D  split_update_chunks
2025-12-09 12:42:26.336  4463-6114  ContentDownloadWorker   pid-4463                             I  ContentDownloadWorker.downloadAndCacheImages():187 Starting content download task
2025-12-09 12:42:26.340   664-664   TlcKM                   pid-664                              D  TEE_Update exiting with 0
2025-12-09 12:42:26.341   664-664   TlcKM                   pid-664                              D  TEE_Finish
2025-12-09 12:42:26.341   664-664   TlcKM                   pid-664                              D  split_update_chunks
2025-12-09 12:42:26.341   664-664   TlcKM                   pid-664                              D  release_operation_slot: release op slot #0 (handle 0x27b410b7afed2a8e; 0 ops live)
2025-12-09 12:42:26.342   664-664   TlcKM                   pid-664                              D  TEE_Finish exiting with 0
2025-12-09 12:42:26.342   664-664   TlcKM                   pid-664                              D  TEE_Abort
2025-12-09 12:42:26.343   664-664   TlcKM                   pid-664                              E  lookup_operation: op 0x27b410b7afed2a8e not found
2025-12-09 12:42:26.343   664-664   TlcKM                   pid-664                              E  lookup_operation(session, operation_handle, &op) == -28
2025-12-09 12:42:26.343   664-664   TlcKM                   pid-664                              D  TEE_Abort exiting with -28
2025-12-09 12:42:26.343   662-21450 keystore2               pid-662                              I  system/security/keystore2/src/security_level.rs:235 - create_operation start
2025-12-09 12:42:26.343   662-21450 keystore2               pid-662                              I  system/security/keystore2/src/security_level.rs:237 - caller_pid=12440
2025-12-09 12:42:26.343   662-21450 keystore2               pid-662                              I  system/security/keystore2/src/security_level.rs:238 - caller_uid=10287
2025-12-09 12:42:26.343   662-21450 keystore2               pid-662                              I  system/security/keystore2/src/security_level.rs:239 - forced=false
2025-12-09 12:42:26.343   662-21450 keystore2               pid-662                              I  system/security/keystore2/src/security_level.rs:240 - key.domain=r#KEY_ID
2025-12-09 12:42:26.343   662-21450 keystore2               pid-662                              I  system/security/keystore2/src/security_level.rs:241 - key.alias=None
2025-12-09 12:42:26.343   662-21450 keystore2               pid-662                              I  system/security/keystore2/src/security_level.rs:277 - with_try_import start
2025-12-09 12:42:26.343   662-21450 keystore2               pid-662                              I  system/security/keystore2/src/security_level.rs:299 - with_try_import end
2025-12-09 12:42:26.344   662-21450 keystore2               pid-662                              I  system/security/keystore2/src/security_level.rs:333 - authorize_create start
2025-12-09 12:42:26.344   662-21450 keystore2               pid-662                              I  system/security/keystore2/src/security_level.rs:344 - authorize_create end
2025-12-09 12:42:26.344   662-21450 keystore2               pid-662                              I  system/security/keystore2/src/security_level.rs:345 - unwrap_key_if_required start
2025-12-09 12:42:26.344   662-21450 keystore2               pid-662                              I  system/security/keystore2/src/security_level.rs:353 - unwrap_key_if_required end
2025-12-09 12:42:26.344   662-21450 keystore2               pid-662                              I  system/security/keystore2/src/security_level.rs:354 - upgrade_keyblob_if_required_with start
2025-12-09 12:42:26.344   664-664   TlcKM                   pid-664                              D  TEE_Begin 5.0
2025-12-09 12:42:26.344   664-664   TlcKM                   pid-664                              D  purpose = 0x00000001
2025-12-09 12:42:26.347   664-664   TlcKM                   pid-664                              D  find_spare_operation_slot: allocate op 0x513b90699597f1e4 to slot #0 (1 ops live)
2025-12-09 12:42:26.348   664-664   TlcKM                   pid-664                              D  TEE_Begin exiting with 0
2025-12-09 12:42:26.348   662-21450 keystore2               pid-662                              I  system/security/keystore2/src/security_level.rs:395 - upgrade_keyblob_if_required_with end
2025-12-09 12:42:26.348   662-21450 keystore2               pid-662                              I  system/security/keystore2/src/enforcements.rs:249 - finalize_create_authorization self.state=NoAuthRequired
2025-12-09 12:42:26.348   662-21450 keystore2               pid-662                              I  system/security/keystore2/src/security_level.rs:401 - operation_db.create_operation start
2025-12-09 12:42:26.348   662-21450 keystore2               pid-662                              I  system/security/keystore2/src/security_level.rs:419 - operation_db.create_operation end
2025-12-09 12:42:26.350   664-664   TlcKM                   pid-664                              D  TEE_Update
2025-12-09 12:42:26.350   664-664   TlcKM                   pid-664                              D  split_update_chunks
2025-12-09 12:42:26.353   664-664   TlcKM                   pid-664                              D  TEE_Update exiting with 0
2025-12-09 12:42:26.354   664-664   TlcKM                   pid-664                              D  TEE_Finish
2025-12-09 12:42:26.354   664-664   TlcKM                   pid-664                              D  split_update_chunks
2025-12-09 12:42:26.355   664-664   TlcKM                   pid-664                              D  release_operation_slot: release op slot #0 (handle 0x513b90699597f1e4; 0 ops live)
2025-12-09 12:42:26.355   664-664   TlcKM                   pid-664                              D  TEE_Finish exiting with 0
2025-12-09 12:42:26.356   664-664   TlcKM                   pid-664                              D  TEE_Abort
2025-12-09 12:42:26.356   664-664   TlcKM                   pid-664                              E  lookup_operation: op 0x513b90699597f1e4 not found
2025-12-09 12:42:26.356   664-664   TlcKM                   pid-664                              E  lookup_operation(session, operation_handle, &op) == -28
2025-12-09 12:42:26.356   664-664   TlcKM                   pid-664                              D  TEE_Abort exiting with -28
2025-12-09 12:42:26.358   662-21450 keystore2               pid-662                              I  system/security/keystore2/src/security_level.rs:235 - create_operation start
2025-12-09 12:42:26.358   662-21450 keystore2               pid-662                              I  system/security/keystore2/src/security_level.rs:237 - caller_pid=12440
2025-12-09 12:42:26.358   662-21450 keystore2               pid-662                              I  system/security/keystore2/src/security_level.rs:238 - caller_uid=10287
2025-12-09 12:42:26.358   662-21450 keystore2               pid-662                              I  system/security/keystore2/src/security_level.rs:239 - forced=false
2025-12-09 12:42:26.358   662-21450 keystore2               pid-662                              I  system/security/keystore2/src/security_level.rs:240 - key.domain=r#KEY_ID
2025-12-09 12:42:26.358   662-21450 keystore2               pid-662                              I  system/security/keystore2/src/security_level.rs:241 - key.alias=None
2025-12-09 12:42:26.358   662-21450 keystore2               pid-662                              I  system/security/keystore2/src/security_level.rs:277 - with_try_import start
2025-12-09 12:42:26.359   662-21450 keystore2               pid-662                              I  system/security/keystore2/src/security_level.rs:299 - with_try_import end
2025-12-09 12:42:26.359   662-21450 keystore2               pid-662                              I  system/security/keystore2/src/security_level.rs:333 - authorize_create start
2025-12-09 12:42:26.359   662-21450 keystore2               pid-662                              I  system/security/keystore2/src/security_level.rs:344 - authorize_create end
2025-12-09 12:42:26.359   662-21450 keystore2               pid-662                              I  system/security/keystore2/src/security_level.rs:345 - unwrap_key_if_required start
2025-12-09 12:42:26.359   662-21450 keystore2               pid-662                              I  system/security/keystore2/src/security_level.rs:353 - unwrap_key_if_required end
2025-12-09 12:42:26.359   662-21450 keystore2               pid-662                              I  system/security/keystore2/src/security_level.rs:354 - upgrade_keyblob_if_required_with start
2025-12-09 12:42:26.359   664-664   TlcKM                   pid-664                              D  TEE_Begin 5.0
2025-12-09 12:42:26.359   664-664   TlcKM                   pid-664                              D  purpose = 0x00000001
2025-12-09 12:42:26.361   664-664   TlcKM                   pid-664                              D  find_spare_operation_slot: allocate op 0xd3559d3820635e5f to slot #0 (1 ops live)
2025-12-09 12:42:26.362   664-664   TlcKM                   pid-664                              D  TEE_Begin exiting with 0
2025-12-09 12:42:26.362   662-21450 keystore2               pid-662                              I  system/security/keystore2/src/security_level.rs:395 - upgrade_keyblob_if_required_with end
2025-12-09 12:42:26.362   662-21450 keystore2               pid-662                              I  system/security/keystore2/src/enforcements.rs:249 - finalize_create_authorization self.state=NoAuthRequired
2025-12-09 12:42:26.362   662-21450 keystore2               pid-662                              I  system/security/keystore2/src/security_level.rs:401 - operation_db.create_operation start
2025-12-09 12:42:26.362   662-21450 keystore2               pid-662                              I  system/security/keystore2/src/security_level.rs:419 - operation_db.create_operation end
2025-12-09 12:42:26.366   664-664   TlcKM                   pid-664                              D  TEE_Update
2025-12-09 12:42:26.366   664-664   TlcKM                   pid-664                              D  split_update_chunks
2025-12-09 12:42:26.374   664-664   TlcKM                   pid-664                              D  TEE_Update exiting with 0
2025-12-09 12:42:26.375   664-664   TlcKM                   pid-664                              D  TEE_Finish
2025-12-09 12:42:26.375   664-664   TlcKM                   pid-664                              D  split_update_chunks
2025-12-09 12:42:26.376   664-664   TlcKM                   pid-664                              D  release_operation_slot: release op slot #0 (handle 0xd3559d3820635e5f; 0 ops live)
2025-12-09 12:42:26.376   664-664   TlcKM                   pid-664                              D  TEE_Finish exiting with 0
2025-12-09 12:42:26.377   664-664   TlcKM                   pid-664                              D  TEE_Abort
2025-12-09 12:42:26.377   664-664   TlcKM                   pid-664                              E  lookup_operation: op 0xd3559d3820635e5f not found
2025-12-09 12:42:26.377   664-664   TlcKM                   pid-664                              E  lookup_operation(session, operation_handle, &op) == -28
2025-12-09 12:42:26.377   664-664   TlcKM                   pid-664                              D  TEE_Abort exiting with -28
2025-12-09 12:42:26.387   662-21450 keystore2               pid-662                              I  system/security/keystore2/src/security_level.rs:235 - create_operation start
2025-12-09 12:42:26.387   662-21450 keystore2               pid-662                              I  system/security/keystore2/src/security_level.rs:237 - caller_pid=12440
2025-12-09 12:42:26.387   662-21450 keystore2               pid-662                              I  system/security/keystore2/src/security_level.rs:238 - caller_uid=10287
2025-12-09 12:42:26.387   662-21450 keystore2               pid-662                              I  system/security/keystore2/src/security_level.rs:239 - forced=false
2025-12-09 12:42:26.387   662-21450 keystore2               pid-662                              I  system/security/keystore2/src/security_level.rs:240 - key.domain=r#KEY_ID
2025-12-09 12:42:26.387   662-21450 keystore2               pid-662                              I  system/security/keystore2/src/security_level.rs:241 - key.alias=None
2025-12-09 12:42:26.387   662-21450 keystore2               pid-662                              I  system/security/keystore2/src/security_level.rs:277 - with_try_import start
2025-12-09 12:42:26.388   662-21450 keystore2               pid-662                              I  system/security/keystore2/src/security_level.rs:299 - with_try_import end
2025-12-09 12:42:26.388   662-21450 keystore2               pid-662                              I  system/security/keystore2/src/security_level.rs:333 - authorize_create start
2025-12-09 12:42:26.388   662-21450 keystore2               pid-662                              I  system/security/keystore2/src/security_level.rs:344 - authorize_create end
2025-12-09 12:42:26.388   662-21450 keystore2               pid-662                              I  system/security/keystore2/src/security_level.rs:345 - unwrap_key_if_required start
2025-12-09 12:42:26.388   662-21450 keystore2               pid-662                              I  system/security/keystore2/src/security_level.rs:353 - unwrap_key_if_required end
2025-12-09 12:42:26.388   662-21450 keystore2               pid-662                              I  system/security/keystore2/src/security_level.rs:354 - upgrade_keyblob_if_required_with start
2025-12-09 12:42:26.389   664-664   TlcKM                   pid-664                              D  TEE_Begin 5.0
2025-12-09 12:42:26.389   664-664   TlcKM                   pid-664                              D  purpose = 0x00000000
2025-12-09 12:42:26.392   664-664   TlcKM                   pid-664                              D  find_spare_operation_slot: allocate op 0xafecf8fa03605acd to slot #0 (1 ops live)
2025-12-09 12:42:26.393   664-664   TlcKM                   pid-664                              D  TEE_Begin exiting with 0
2025-12-09 12:42:26.394   662-21450 keystore2               pid-662                              I  system/security/keystore2/src/security_level.rs:395 - upgrade_keyblob_if_required_with end
2025-12-09 12:42:26.394   662-21450 keystore2               pid-662                              I  system/security/keystore2/src/enforcements.rs:249 - finalize_create_authorization self.state=NoAuthRequired
2025-12-09 12:42:26.394   662-21450 keystore2               pid-662                              I  system/security/keystore2/src/security_level.rs:401 - operation_db.create_operation start
2025-12-09 12:42:26.394   662-21450 keystore2               pid-662                              I  system/security/keystore2/src/security_level.rs:419 - operation_db.create_operation end
2025-12-09 12:42:26.396   664-664   TlcKM                   pid-664                              D  TEE_Update
2025-12-09 12:42:26.396   664-664   TlcKM                   pid-664                              D  split_update_chunks
2025-12-09 12:42:26.398   664-664   TlcKM                   pid-664                              D  TEE_Update exiting with 0
2025-12-09 12:42:26.403   664-664   TlcKM                   pid-664                              D  TEE_Finish
2025-12-09 12:42:26.403   664-664   TlcKM                   pid-664                              D  split_update_chunks
2025-12-09 12:42:26.405   664-664   TlcKM                   pid-664                              D  release_operation_slot: release op slot #0 (handle 0xafecf8fa03605acd; 0 ops live)
2025-12-09 12:42:26.405   664-664   TlcKM                   pid-664                              D  TEE_Finish exiting with 0
2025-12-09 12:42:26.406   664-664   TlcKM                   pid-664                              D  TEE_Abort
2025-12-09 12:42:26.406   664-664   TlcKM                   pid-664                              E  lookup_operation: op 0xafecf8fa03605acd not found
2025-12-09 12:42:26.406   664-664   TlcKM                   pid-664                              E  lookup_operation(session, operation_handle, &op) == -28
2025-12-09 12:42:26.406   664-664   TlcKM                   pid-664                              D  TEE_Abort exiting with -28
2025-12-09 12:42:26.419   662-21450 keystore2               pid-662                              I  system/security/keystore2/src/security_level.rs:235 - create_operation start
2025-12-09 12:42:26.419   662-21450 keystore2               pid-662                              I  system/security/keystore2/src/security_level.rs:237 - caller_pid=12440
2025-12-09 12:42:26.419   662-21450 keystore2               pid-662                              I  system/security/keystore2/src/security_level.rs:238 - caller_uid=10287
2025-12-09 12:42:26.419   662-21450 keystore2               pid-662                              I  system/security/keystore2/src/security_level.rs:239 - forced=false
2025-12-09 12:42:26.419   662-21450 keystore2               pid-662                              I  system/security/keystore2/src/security_level.rs:240 - key.domain=r#KEY_ID
2025-12-09 12:42:26.419   662-21450 keystore2               pid-662                              I  system/security/keystore2/src/security_level.rs:241 - key.alias=None
2025-12-09 12:42:26.419   662-21450 keystore2               pid-662                              I  system/security/keystore2/src/security_level.rs:277 - with_try_import start
2025-12-09 12:42:26.420   662-21450 keystore2               pid-662                              I  system/security/keystore2/src/security_level.rs:299 - with_try_import end
2025-12-09 12:42:26.421   662-21450 keystore2               pid-662                              I  system/security/keystore2/src/security_level.rs:333 - authorize_create start
2025-12-09 12:42:26.421   662-21450 keystore2               pid-662                              I  system/security/keystore2/src/security_level.rs:344 - authorize_create end
2025-12-09 12:42:26.421   662-21450 keystore2               pid-662                              I  system/security/keystore2/src/security_level.rs:345 - unwrap_key_if_required start
2025-12-09 12:42:26.421   662-21450 keystore2               pid-662                              I  system/security/keystore2/src/security_level.rs:353 - unwrap_key_if_required end
2025-12-09 12:42:26.421   662-21450 keystore2               pid-662                              I  system/security/keystore2/src/security_level.rs:354 - upgrade_keyblob_if_required_with start
2025-12-09 12:42:26.421   664-664   TlcKM                   pid-664                              D  TEE_Begin 5.0
2025-12-09 12:42:26.421   664-664   TlcKM                   pid-664                              D  purpose = 0x00000001
2025-12-09 12:42:26.424   664-664   TlcKM                   pid-664                              D  find_spare_operation_slot: allocate op 0x1f2b113dbd763b17 to slot #0 (1 ops live)
2025-12-09 12:42:26.425  4463-4473  putmethod.latin         pid-4463                             I  Compiler allocated 4522KB to compile void uju.m(java.lang.Object, xbf, uhu)
2025-12-09 12:42:26.425   664-664   TlcKM                   pid-664                              D  TEE_Begin exiting with 0
2025-12-09 12:42:26.426   662-21450 keystore2               pid-662                              I  system/security/keystore2/src/security_level.rs:395 - upgrade_keyblob_if_required_with end
2025-12-09 12:42:26.426   662-21450 keystore2               pid-662                              I  system/security/keystore2/src/enforcements.rs:249 - finalize_create_authorization self.state=NoAuthRequired
2025-12-09 12:42:26.426   662-21450 keystore2               pid-662                              I  system/security/keystore2/src/security_level.rs:401 - operation_db.create_operation start
2025-12-09 12:42:26.426   662-21450 keystore2               pid-662                              I  system/security/keystore2/src/security_level.rs:419 - operation_db.create_operation end
2025-12-09 12:42:26.432   664-664   TlcKM                   pid-664                              D  TEE_Update
2025-12-09 12:42:26.432   664-664   TlcKM                   pid-664                              D  split_update_chunks
2025-12-09 12:42:26.434   664-664   TlcKM                   pid-664                              D  TEE_Update exiting with 0
2025-12-09 12:42:26.435   664-664   TlcKM                   pid-664                              D  TEE_Finish
2025-12-09 12:42:26.435   664-664   TlcKM                   pid-664                              D  split_update_chunks
2025-12-09 12:42:26.438   664-664   TlcKM                   pid-664                              D  release_operation_slot: release op slot #0 (handle 0x1f2b113dbd763b17; 0 ops live)
2025-12-09 12:42:26.438   664-664   TlcKM                   pid-664                              D  TEE_Finish exiting with 0
2025-12-09 12:42:26.438   664-664   TlcKM                   pid-664                              D  TEE_Abort
2025-12-09 12:42:26.438   664-664   TlcKM                   pid-664                              E  lookup_operation: op 0x1f2b113dbd763b17 not found
2025-12-09 12:42:26.438   664-664   TlcKM                   pid-664                              E  lookup_operation(session, operation_handle, &op) == -28
2025-12-09 12:42:26.439   664-664   TlcKM                   pid-664                              D  TEE_Abort exiting with -28
2025-12-09 12:42:26.440   662-21450 keystore2               pid-662                              I  system/security/keystore2/src/security_level.rs:235 - create_operation start
2025-12-09 12:42:26.441   662-21450 keystore2               pid-662                              I  system/security/keystore2/src/security_level.rs:237 - caller_pid=12440
2025-12-09 12:42:26.441   662-21450 keystore2               pid-662                              I  system/security/keystore2/src/security_level.rs:238 - caller_uid=10287
2025-12-09 12:42:26.441   662-21450 keystore2               pid-662                              I  system/security/keystore2/src/security_level.rs:239 - forced=false
2025-12-09 12:42:26.441   662-21450 keystore2               pid-662                              I  system/security/keystore2/src/security_level.rs:240 - key.domain=r#KEY_ID
2025-12-09 12:42:26.441   662-21450 keystore2               pid-662                              I  system/security/keystore2/src/security_level.rs:241 - key.alias=None
2025-12-09 12:42:26.441   662-21450 keystore2               pid-662                              I  system/security/keystore2/src/security_level.rs:277 - with_try_import start
2025-12-09 12:42:26.442   662-21450 keystore2               pid-662                              I  system/security/keystore2/src/security_level.rs:299 - with_try_import end
2025-12-09 12:42:26.442   662-21450 keystore2               pid-662                              I  system/security/keystore2/src/security_level.rs:333 - authorize_create start
2025-12-09 12:42:26.442   662-21450 keystore2               pid-662                              I  system/security/keystore2/src/security_level.rs:344 - authorize_create end
2025-12-09 12:42:26.442   662-21450 keystore2               pid-662                              I  system/security/keystore2/src/security_level.rs:345 - unwrap_key_if_required start
2025-12-09 12:42:26.442   662-21450 keystore2               pid-662                              I  system/security/keystore2/src/security_level.rs:353 - unwrap_key_if_required end
2025-12-09 12:42:26.442   662-21450 keystore2               pid-662                              I  system/security/keystore2/src/security_level.rs:354 - upgrade_keyblob_if_required_with start
2025-12-09 12:42:26.442   664-664   TlcKM                   pid-664                              D  TEE_Begin 5.0
2025-12-09 12:42:26.442   664-664   TlcKM                   pid-664                              D  purpose = 0x00000001
2025-12-09 12:42:26.444   664-664   TlcKM                   pid-664                              D  find_spare_operation_slot: allocate op 0xa69b1710b28f6bec to slot #0 (1 ops live)
2025-12-09 12:42:26.445   664-664   TlcKM                   pid-664                              D  TEE_Begin exiting with 0
2025-12-09 12:42:26.446   662-21450 keystore2               pid-662                              I  system/security/keystore2/src/security_level.rs:395 - upgrade_keyblob_if_required_with end
2025-12-09 12:42:26.446   662-21450 keystore2               pid-662                              I  system/security/keystore2/src/enforcements.rs:249 - finalize_create_authorization self.state=NoAuthRequired
2025-12-09 12:42:26.446   662-21450 keystore2               pid-662                              I  system/security/keystore2/src/security_level.rs:401 - operation_db.create_operation start
2025-12-09 12:42:26.446   662-21450 keystore2               pid-662                              I  system/security/keystore2/src/security_level.rs:419 - operation_db.create_operation end
2025-12-09 12:42:26.447   664-664   TlcKM                   pid-664                              D  TEE_Update
2025-12-09 12:42:26.447   664-664   TlcKM                   pid-664                              D  split_update_chunks
2025-12-09 12:42:26.449   664-664   TlcKM                   pid-664                              D  TEE_Update exiting with 0
2025-12-09 12:42:26.451   664-664   TlcKM                   pid-664                              D  TEE_Finish
2025-12-09 12:42:26.451   664-664   TlcKM                   pid-664                              D  split_update_chunks
2025-12-09 12:42:26.453   664-664   TlcKM                   pid-664                              D  release_operation_slot: release op slot #0 (handle 0xa69b1710b28f6bec; 0 ops live)
2025-12-09 12:42:26.453   664-664   TlcKM                   pid-664                              D  TEE_Finish exiting with 0
2025-12-09 12:42:26.454   664-664   TlcKM                   pid-664                              D  TEE_Abort
2025-12-09 12:42:26.455   664-664   TlcKM                   pid-664                              E  lookup_operation: op 0xa69b1710b28f6bec not found
2025-12-09 12:42:26.455   664-664   TlcKM                   pid-664                              E  lookup_operation(session, operation_handle, &op) == -28
2025-12-09 12:42:26.455   664-664   TlcKM                   pid-664                              D  TEE_Abort exiting with -28
2025-12-09 12:42:26.461 12440-13006 ContractCodeStorage     pid-12440                            D  Deleted existing file: .cdc_protected_code.enc
2025-12-09 12:42:26.468   662-21450 keystore2               pid-662                              I  system/security/keystore2/src/security_level.rs:235 - create_operation start
2025-12-09 12:42:26.468   662-21450 keystore2               pid-662                              I  system/security/keystore2/src/security_level.rs:237 - caller_pid=12440
2025-12-09 12:42:26.468   662-21450 keystore2               pid-662                              I  system/security/keystore2/src/security_level.rs:238 - caller_uid=10287
2025-12-09 12:42:26.468   662-21450 keystore2               pid-662                              I  system/security/keystore2/src/security_level.rs:239 - forced=false
2025-12-09 12:42:26.468   662-21450 keystore2               pid-662                              I  system/security/keystore2/src/security_level.rs:240 - key.domain=r#KEY_ID
2025-12-09 12:42:26.468   662-21450 keystore2               pid-662                              I  system/security/keystore2/src/security_level.rs:241 - key.alias=None
2025-12-09 12:42:26.468   662-21450 keystore2               pid-662                              I  system/security/keystore2/src/security_level.rs:277 - with_try_import start
2025-12-09 12:42:26.469   662-21450 keystore2               pid-662                              I  system/security/keystore2/src/security_level.rs:299 - with_try_import end
2025-12-09 12:42:26.469   662-21450 keystore2               pid-662                              I  system/security/keystore2/src/security_level.rs:333 - authorize_create start
2025-12-09 12:42:26.469   662-21450 keystore2               pid-662                              I  system/security/keystore2/src/security_level.rs:344 - authorize_create end
2025-12-09 12:42:26.469   662-21450 keystore2               pid-662                              I  system/security/keystore2/src/security_level.rs:345 - unwrap_key_if_required start
2025-12-09 12:42:26.469   662-21450 keystore2               pid-662                              I  system/security/keystore2/src/security_level.rs:353 - unwrap_key_if_required end
2025-12-09 12:42:26.469   662-21450 keystore2               pid-662                              I  system/security/keystore2/src/security_level.rs:354 - upgrade_keyblob_if_required_with start
2025-12-09 12:42:26.470  1007-1007  BufferQueueProducer     pid-1007                             I  [com.cdccreditsmart.app/com.cdccreditsmart.app.presentation.MainActivity#1075](this:0xb400007c97c94ef8,id:-1,api:0,p:-1,c:1007) queueBuffer: fps=59.88 dur=1002.07 max=17.01 min=16.38
2025-12-09 12:42:26.470   664-664   TlcKM                   pid-664                              D  TEE_Begin 5.0
2025-12-09 12:42:26.470   664-664   TlcKM                   pid-664                              D  purpose = 0x00000000
2025-12-09 12:42:26.473   664-664   TlcKM                   pid-664                              D  find_spare_operation_slot: allocate op 0xd08406f5435c6c35 to slot #0 (1 ops live)
2025-12-09 12:42:26.474   664-664   TlcKM                   pid-664                              D  TEE_Begin exiting with 0
2025-12-09 12:42:26.475   662-21450 keystore2               pid-662                              I  system/security/keystore2/src/security_level.rs:395 - upgrade_keyblob_if_required_with end
2025-12-09 12:42:26.475   662-21450 keystore2               pid-662                              I  system/security/keystore2/src/enforcements.rs:249 - finalize_create_authorization self.state=NoAuthRequired
2025-12-09 12:42:26.475   662-21450 keystore2               pid-662                              I  system/security/keystore2/src/security_level.rs:401 - operation_db.create_operation start
2025-12-09 12:42:26.475   662-21450 keystore2               pid-662                              I  system/security/keystore2/src/security_level.rs:419 - operation_db.create_operation end
2025-12-09 12:42:26.477   664-664   TlcKM                   pid-664                              D  TEE_Update
2025-12-09 12:42:26.477   664-664   TlcKM                   pid-664                              D  split_update_chunks
2025-12-09 12:42:26.480   664-664   TlcKM                   pid-664                              D  TEE_Update exiting with 0
2025-12-09 12:42:26.482   664-664   TlcKM                   pid-664                              D  TEE_Finish
2025-12-09 12:42:26.482   664-664   TlcKM                   pid-664                              D  split_update_chunks
2025-12-09 12:42:26.484   664-664   TlcKM                   pid-664                              D  release_operation_slot: release op slot #0 (handle 0xd08406f5435c6c35; 0 ops live)
