2025-11-16 23:16:10.102 11285-11343 CdcForegroundService    com.cdccreditsmart.app               I  ðŸ“¡ AuthToken length: 260 caracteres
2025-11-16 23:16:10.102 11285-11343 CdcForegroundService    com.cdccreditsmart.app               I  ðŸ“¡ AuthToken preview: eyJhbGciOiJIUzI1NiIs...
2025-11-16 23:16:10.102 11285-11343 CdcForegroundService    com.cdccreditsmart.app               I  ðŸ“¡ Contract code: AFD8YG79
2025-11-16 23:16:10.102 11285-11343 CdcForegroundService    com.cdccreditsmart.app               I  ðŸ“¡ Chamando mdmReceiver.connectMdmWebSocket()...
2025-11-16 23:16:10.105 11285-11343 SecureTokenStorage      com.cdccreditsmart.app               D  âš ï¸ Usando Serial Number para MDM (IMEI indisponÃ­vel): AFD8YG...
2025-11-16 23:16:10.105 11285-11343 MdmCommandReceiver      com.cdccreditsmart.app               I  ðŸ”— Iniciando conexÃ£o WebSocket MDM...
2025-11-16 23:16:10.105 11285-11343 MdmCommandReceiver      com.cdccreditsmart.app               D  ðŸ”— URL: wss://cdccreditsmart.com/ws
2025-11-16 23:16:10.105 11285-11343 MdmCommandReceiver      com.cdccreditsmart.app               D  ðŸ”— JWT Token presente: true
2025-11-16 23:16:10.105 11285-11343 MdmCommandReceiver      com.cdccreditsmart.app               D  ðŸ”— Using serialNumber: AFD8YG79...
2025-11-16 23:16:10.105 11285-11343 MdmCommandReceiver      com.cdccreditsmart.app               D  ðŸ”Œ MDM Command Receiver desconectado
2025-11-16 23:16:10.106 11285-11343 MdmCommandReceiver      com.cdccreditsmart.app               D  ðŸ”— Criando WebSocket OkHttp...
2025-11-16 23:16:10.108 11285-11343 MdmCommandReceiver      com.cdccreditsmart.app               D  ðŸ”— WebSocket request enviado - aguardando resposta...
2025-11-16 23:16:10.108 11285-11343 CdcForegroundService    com.cdccreditsmart.app               I  ðŸ“¡ ========================================
2025-11-16 23:16:10.108 11285-11343 CdcForegroundService    com.cdccreditsmart.app               I  ðŸ“¡ connectMdmWebSocket() CHAMADO - Aguardando conexÃ£o...
2025-11-16 23:16:10.108 11285-11343 CdcForegroundService    com.cdccreditsmart.app               I  ðŸ“¡ PrÃ³ximo log esperado: 'âœ… WebSocket MDM CONECTADO'
2025-11-16 23:16:10.108 11285-11343 CdcForegroundService    com.cdccreditsmart.app               I  ðŸ“¡ ========================================
2025-11-16 23:16:10.108 11285-11343 CdcForegroundService    com.cdccreditsmart.app               D  ðŸ“¡ Criando WebSocketManager (flow-status)...
2025-11-16 23:16:10.119 11285-11343 WebSocketManager        com.cdccreditsmart.app               D  Connecting to WebSocket: wss://cdccreditsmart.com/ws/flow-status
2025-11-16 23:16:10.123 11285-11343 CdcForegroundService    com.cdccreditsmart.app               I  ðŸ“¡ WebSocketManager inicializado
2025-11-16 23:16:10.123 11285-11343 CdcForegroundService    com.cdccreditsmart.app               D  ðŸ” Criando BlockedAppInterceptor...
2025-11-16 23:16:10.123 11285-11343 BlockedAppInterceptor   com.cdccreditsmart.app               I  ðŸ” Iniciando monitoramento de apps bloqueados...
2025-11-16 23:16:10.124 11285-11343 CdcForegroundService    com.cdccreditsmart.app               I  ðŸ” BlockedAppInterceptor inicializado e monitorando
2025-11-16 23:16:10.124 11285-11344 BlockedAppInterceptor   com.cdccreditsmart.app               D  ðŸ”‹ OTIMIZAÃ‡ÃƒO: Sem apps bloqueados - pausando monitoramento (60s)
2025-11-16 23:16:10.125 11285-11343 HeartbeatWorker         com.cdccreditsmart.app               I  âœ… Heartbeat agendado via WorkManager (15min com flex 5min)
2025-11-16 23:16:10.125 11285-11343 CdcForegroundService    com.cdccreditsmart.app               I  âœ… Todos os serviÃ§os inicializados com sucesso
2025-11-16 23:16:10.402 11285-11433 WebSocketManager        com.cdccreditsmart.app               D  WebSocket connection opened
2025-11-16 23:16:10.402 11285-11433 WebSocketManager        com.cdccreditsmart.app               D  WebSocket connected for contract: AFD8YG79
2025-11-16 23:16:10.402 11285-11433 WebSocketManager        com.cdccreditsmart.app               D  Starting heartbeat
2025-11-16 23:16:10.406 11285-11432 MdmCommandReceiver      com.cdccreditsmart.app               I  âœ… WebSocket MDM CONECTADO COM SUCESSO!
2025-11-16 23:16:10.406 11285-11432 MdmCommandReceiver      com.cdccreditsmart.app               D  âœ… Response code: 101
2025-11-16 23:16:10.406 11285-11432 MdmCommandReceiver      com.cdccreditsmart.app               I  ðŸ”„ Iniciando polling fallback (30s)...
2025-11-16 23:16:10.406 11285-11432 MdmCommandReceiver      com.cdccreditsmart.app               D  ðŸ“¥ Mensagem MDM recebida: {"type":"welcome","message":"Connected to unified WebSocket server","connectionId":"4e0176e1-393a-4899-adeb-1d134d70d337","path":"/ws","routerKey":"device-control","timestamp":"2025-11-17T02:16:12.062Z","serverTime":"2025-11-17T02:16:12.062Z"}
2025-11-16 23:16:10.407 11285-11343 MdmCommandReceiver      com.cdccreditsmart.app               I  ðŸ”„ Iniciando polling fallback MDM (intervalo: 30s)
2025-11-16 23:16:10.407 11285-11343 MdmCommandReceiver      com.cdccreditsmart.app               I  ðŸ“Š Conforme especificaÃ§Ã£o: 30 segundos entre requests
2025-11-16 23:16:10.407 11285-11343 MdmCommandReceiver      com.cdccreditsmart.app               D  ðŸ” [Polling #1] Verificando comandos pendentes...
2025-11-16 23:16:10.407 11285-11342 MdmCommandReceiver      com.cdccreditsmart.app               D  ðŸ“¥ JSON recebido: {"type":"welcome","message":"Connected to unified WebSocket server","connectionId":"4e0176e1-393a-4899-adeb-1d134d70d337","path":"/ws","routerKey":"device-control","timestamp":"2025-11-17T02:16:12.062Z","serverTime":"2025-11-17T02:16:12.062Z"}
2025-11-16 23:16:10.407 11285-11342 MdmCommandReceiver      com.cdccreditsmart.app               D  ðŸ“¨ Tipo de mensagem: welcome
2025-11-16 23:16:10.407 11285-11342 MdmCommandReceiver      com.cdccreditsmart.app               D  ðŸ‘‹ Mensagem de boas-vindas do servidor
2025-11-16 23:16:10.408 11285-11343 SecureTokenStorage      com.cdccreditsmart.app               D  âš ï¸ Usando Serial Number para MDM (IMEI indisponÃ­vel): AFD8YG...
2025-11-16 23:16:10.408 11285-11343 MdmCommandReceiver      com.cdccreditsmart.app               D  ðŸ” Buscando comandos pendentes com identifier: AFD8YG79...
2025-11-16 23:16:10.410 11285-11398 okhttp.OkHttpClient     com.cdccreditsmart.app               I  --> GET https://cdccreditsmart.com/api/apk/device/AFD8YG79/commands
2025-11-16 23:16:10.410 11285-11398 okhttp.OkHttpClient     com.cdccreditsmart.app               I  --> END GET
2025-11-16 23:16:10.729 11285-11398 okhttp.OkHttpClient     com.cdccreditsmart.app               I  <-- 200 https://cdccreditsmart.com/api/apk/device/AFD8YG79/commands (319ms)
2025-11-16 23:16:10.729 11285-11398 okhttp.OkHttpClient     com.cdccreditsmart.app               I  access-control-allow-credentials: true
2025-11-16 23:16:10.729 11285-11398 okhttp.OkHttpClient     com.cdccreditsmart.app               I  access-control-allow-headers: Origin, X-Requested-With, Content-Type, Accept, Authorization, x-client-key, x-client-token, x-client-secret, cache-control
2025-11-16 23:16:10.730 11285-11398 okhttp.OkHttpClient     com.cdccreditsmart.app               I  access-control-allow-methods: GET, POST, PUT, PATCH, DELETE, OPTIONS
2025-11-16 23:16:10.730 11285-11398 okhttp.OkHttpClient     com.cdccreditsmart.app               I  access-control-allow-origin: *
2025-11-16 23:16:10.730 11285-11398 okhttp.OkHttpClient     com.cdccreditsmart.app               I  access-control-max-age: 86400
2025-11-16 23:16:10.730 11285-11398 okhttp.OkHttpClient     com.cdccreditsmart.app               I  content-length: 105
2025-11-16 23:16:10.730 11285-11398 okhttp.OkHttpClient     com.cdccreditsmart.app               I  content-security-policy: default-src 'self'; script-src 'self' 'unsafe-inline' 'unsafe-eval' https://replit.com; style-src 'self' 'unsafe-inline' https://replit.com; img-src 'self' data: https:; font-src 'self' data: https://replit.com; connect-src 'self';
2025-11-16 23:16:10.730 11285-11398 okhttp.OkHttpClient     com.cdccreditsmart.app               I  content-type: application/json; charset=utf-8
2025-11-16 23:16:10.730 11285-11398 okhttp.OkHttpClient     com.cdccreditsmart.app               I  date: Mon, 17 Nov 2025 02:16:12 GMT
2025-11-16 23:16:10.730 11285-11398 okhttp.OkHttpClient     com.cdccreditsmart.app               I  etag: W/"69-H5UyKQcmxNYYA3rh8nPao1qiPuA"
2025-11-16 23:16:10.730 11285-11398 okhttp.OkHttpClient     com.cdccreditsmart.app               I  permissions-policy: geolocation=(), microphone=(), camera=()
2025-11-16 23:16:10.730 11285-11398 okhttp.OkHttpClient     com.cdccreditsmart.app               I  referrer-policy: strict-origin-when-cross-origin
2025-11-16 23:16:10.730 11285-11398 okhttp.OkHttpClient     com.cdccreditsmart.app               I  server: Google Frontend
2025-11-16 23:16:10.730 11285-11398 okhttp.OkHttpClient     com.cdccreditsmart.app               I  strict-transport-security: max-age=63072000; includeSubDomains
2025-11-16 23:16:10.730 11285-11398 okhttp.OkHttpClient     com.cdccreditsmart.app               I  strict-transport-security: max-age=31536000; includeSubDomains
2025-11-16 23:16:10.730 11285-11398 okhttp.OkHttpClient     com.cdccreditsmart.app               I  x-anti-fraud-protection: active
2025-11-16 23:16:10.730 11285-11398 okhttp.OkHttpClient     com.cdccreditsmart.app               I  x-certificate-pinning-enabled: false
2025-11-16 23:16:10.730 11285-11398 okhttp.OkHttpClient     com.cdccreditsmart.app               I  x-certificate-pinning-status: disabled-for-stability
2025-11-16 23:16:10.730 11285-11398 okhttp.OkHttpClient     com.cdccreditsmart.app               I  x-cloud-trace-context: 807a31afe82ae64f101f4db141ec88d0
2025-11-16 23:16:10.730 11285-11398 okhttp.OkHttpClient     com.cdccreditsmart.app               I  x-content-type-options: nosniff
2025-11-16 23:16:10.730 11285-11398 okhttp.OkHttpClient     com.cdccreditsmart.app               I  x-financial-data-protection: enabled
2025-11-16 23:16:10.730 11285-11398 okhttp.OkHttpClient     com.cdccreditsmart.app               I  x-frame-options: DENY
2025-11-16 23:16:10.730 11285-11398 okhttp.OkHttpClient     com.cdccreditsmart.app               I  x-transaction-security-level: maximum
2025-11-16 23:16:10.730 11285-11398 okhttp.OkHttpClient     com.cdccreditsmart.app               I  x-xss-protection: 1; mode=block
2025-11-16 23:16:10.730 11285-11398 okhttp.OkHttpClient     com.cdccreditsmart.app               I  via: 1.1 google
2025-11-16 23:16:10.730 11285-11398 okhttp.OkHttpClient     com.cdccreditsmart.app               I  alt-svc: h3=":443"; ma=2592000,h3-29=":443"; ma=2592000
2025-11-16 23:16:10.731 11285-11398 okhttp.OkHttpClient     com.cdccreditsmart.app               I  {"deviceId":"device_1763345744228_4fyqpmlmh75","serialNumber":"AFD8YG79","commandsCount":0,"commands":[]}
2025-11-16 23:16:10.731 11285-11398 okhttp.OkHttpClient     com.cdccreditsmart.app               I  <-- END HTTP (105-byte body)
2025-11-16 23:16:10.733 11285-11343 MdmCommandReceiver      com.cdccreditsmart.app               D  âœ… Nenhum comando pendente
2025-11-16 23:16:10.733 11285-11343 MdmCommandReceiver      com.cdccreditsmart.app               D  ðŸ“Š Fetch duration: 325ms
2025-11-16 23:16:10.733 11285-11343 MdmCommandReceiver      com.cdccreditsmart.app               D  â³ [Polling #1] Aguardando 29674ms atÃ© prÃ³xima verificaÃ§Ã£o...
2025-11-16 23:16:11.449 11285-11285 PairingViewModel        com.cdccreditsmart.app               I  ðŸ’¾ Salvando dados no fallback (apÃ³s 2s) - CustomerName: 'Marcos Antunes', DeviceModel: 'G15 Power'
2025-11-16 23:16:11.449 11285-11285 SecureTokenStorage      com.cdccreditsmart.app               D  ðŸ’¾ Salvando customer info - Name: Marcos Antunes, Device: G15 Power
2025-11-16 23:16:11.450 11285-11285 SecureTokenStorage      com.cdccreditsmart.app               D  âœ… CustomerName salvo: Marcos Antunes
2025-11-16 23:16:11.450 11285-11285 SecureTokenStorage      com.cdccreditsmart.app               D  âœ… DeviceModel salvo: G15 Power
2025-11-16 23:16:11.450 11285-11285 SecureTokenStorage      com.cdccreditsmart.app               I  âœ… Customer info saved successfully!
2025-11-16 23:16:11.482 11285-11285 WindowOnBackDispatcher  com.cdccreditsmart.app               W  sendCancelIfRunning: isInProgress=false callback=androidx.activity.OnBackPressedDispatcher$Api34Impl$createOnBackAnimationCallback$1@71688ba
2025-11-16 23:16:12.729 11285-11285 NavController           com.cdccreditsmart.app               I  Ignoring popBackStack to route pairing/qr_scanner as it was not found on the current back stack
2025-11-16 23:16:12.781 11285-11285 SimpleHomeViewModel     com.cdccreditsmart.app               D  ðŸ“¡ Fetching device installments from /api/apk/device/installments...
2025-11-16 23:16:12.860 11285-11435 SimpleHomeViewModel     com.cdccreditsmart.app               D  âœ… Added Authorization header with token
2025-11-16 23:16:12.860 11285-11435 SimpleHomeViewModel     com.cdccreditsmart.app               D  ðŸ“¤ Request URL: https://cdccreditsmart.com/api/apk/device/installments
2025-11-16 23:16:13.253 11285-11435 SimpleHomeViewModel     com.cdccreditsmart.app               D  ðŸ“¥ Response Code: 200
2025-11-16 23:16:13.259 11285-11285 SimpleHomeViewModel     com.cdccreditsmart.app               D  âœ… Successfully fetched installments data
2025-11-16 23:16:13.259 11285-11285 SimpleHomeViewModel     com.cdccreditsmart.app               D  ðŸ“Š Device: Moto G15 Power
2025-11-16 23:16:13.259 11285-11285 SimpleHomeViewModel     com.cdccreditsmart.app               D  ðŸ“Š Total installments: 24
2025-11-16 23:16:13.259 11285-11285 SimpleHomeViewModel     com.cdccreditsmart.app               D  ðŸ“Š Paid: 0
2025-11-16 23:16:13.259 11285-11285 SimpleHomeViewModel     com.cdccreditsmart.app               D  ðŸ“Š Overdue: 0
2025-11-16 23:16:13.259 11285-11285 SimpleHomeViewModel     com.cdccreditsmart.app               D  ðŸ“Š All installments count: 24
2025-11-16 23:16:13.259 11285-11285 SimpleHomeViewModel     com.cdccreditsmart.app               I  ðŸ’¾ Salvando dados do cliente no storage - CustomerName: 'null', DeviceModel: 'Moto G15 Power'
2025-11-16 23:16:13.259 11285-11285 SecureTokenStorage      com.cdccreditsmart.app               D  ðŸ’¾ Salvando customer info - Name: null, Device: Moto G15 Power
2025-11-16 23:16:13.259 11285-11285 SecureTokenStorage      com.cdccreditsmart.app               W  âš ï¸ CustomerName vazio/null - nÃ£o salvando
2025-11-16 23:16:13.260 11285-11285 SecureTokenStorage      com.cdccreditsmart.app               D  âœ… DeviceModel salvo: Moto G15 Power
2025-11-16 23:16:13.260 11285-11285 SecureTokenStorage      com.cdccreditsmart.app               I  âœ… Customer info saved successfully!
2025-11-16 23:16:13.293 11285-11285 SecureTokenStorage      com.cdccreditsmart.app               D  ðŸ“– Lendo customerName: Marcos Antunes
2025-11-16 23:16:13.293 11285-11285 SecureTokenStorage      com.cdccreditsmart.app               D  ðŸ“– Lendo deviceModel: Moto G15 Power
2025-11-16 23:16:13.293 11285-11285 ContractCodeStorage     com.cdccreditsmart.app               D  Retrieving contract code from storage
2025-11-16 23:16:13.353 11285-11285 ContractCodeStorage     com.cdccreditsmart.app               D  Storage verification: 7 valid, 0 tampered, 0 missing
2025-11-16 23:16:13.353 11285-11285 ContractCodeStorage     com.cdccreditsmart.app               D  Contract code retrieved successfully
2025-11-16 23:16:18.833 11285-11285 SecureTokenStorage      com.cdccreditsmart.app               D  ðŸ“– Lendo customerName: Marcos Antunes
2025-11-16 23:16:18.833 11285-11285 SecureTokenStorage      com.cdccreditsmart.app               D  ðŸ“– Lendo deviceModel: Moto G15 Power
2025-11-16 23:16:18.833 11285-11285 ContractCodeStorage     com.cdccreditsmart.app               D  Retrieving contract code from storage
2025-11-16 23:16:18.891 11285-11285 ContractCodeStorage     com.cdccreditsmart.app               D  Storage verification: 7 valid, 0 tampered, 0 missing
2025-11-16 23:16:18.891 11285-11285 ContractCodeStorage     com.cdccreditsmart.app               D  Contract code retrieved successfully
2025-11-16 23:16:20.329 11285-11285 InsetsController        com.cdccreditsmart.app               D  hide(ime(), fromIme=false)
2025-11-16 23:16:20.329 11285-11285 ImeTracker              com.cdccreditsmart.app               I  com.cdccreditsmart.app:688f5150: onCancelled at PHASE_CLIENT_ALREADY_HIDDEN
2025-11-16 23:16:21.433 11285-11285 WindowOnBackDispatcher  com.cdccreditsmart.app               W  sendCancelIfRunning: isInProgress=false callback=androidx.compose.material3.ModalBottomSheetDialogLayout$Api34Impl$createBackCallback$1@f8b98c9
2025-11-16 23:16:21.443 11285-11329 HWUI                    com.cdccreditsmart.app               D  endAllActiveAnimators on 0x797c5b8542d0 (UnprojectedRipple) with handle 0x797d6b825d20
2025-11-16 23:16:21.495 11285-11285 PixPaymentViewModel     com.cdccreditsmart.app               D  Generating PIX QR Code for installment: 7d32b2b7-3998-422c-a8dc-c6149c66599f
2025-11-16 23:16:21.495 11285-11285 PixPaymentViewModel     com.cdccreditsmart.app               D  â³ Enviando requisiÃ§Ã£o ao backend (timeout: 180s)...
2025-11-16 23:16:21.497 11285-11444 PixRetryInterceptor     com.cdccreditsmart.app               D  ðŸŽ¯ PixRetryInterceptor ativado para: https://cdccreditsmart.com/v1/pix/generate/7d32b2b7-3998-422c-a8dc-c6149c66599f
2025-11-16 23:16:21.497 11285-11444 PixRetryInterceptor     com.cdccreditsmart.app               D  âš™ï¸ ConfiguraÃ§Ã£o: MAX_RETRIES=3, TIMEOUT=180s
2025-11-16 23:16:21.497 11285-11444 PixRetryInterceptor     com.cdccreditsmart.app               D  ðŸ“¡ Tentativa 1/3 - Enviando requisiÃ§Ã£o...
2025-11-16 23:16:21.498 11285-11444 okhttp.OkHttpClient     com.cdccreditsmart.app               I  --> POST https://cdccreditsmart.com/v1/pix/generate/7d32b2b7-3998-422c-a8dc-c6149c66599f
2025-11-16 23:16:21.498 11285-11444 okhttp.OkHttpClient     com.cdccreditsmart.app               I  Content-Length: 0
2025-11-16 23:16:21.498 11285-11444 okhttp.OkHttpClient     com.cdccreditsmart.app               I  Authorization: Bearer eyJhbGciOiJIUzI1NiIsInR5cCI6IkpXVCJ9.eyJkZXZpY2VJZCI6ImRldmljZV8xNzYzMzQ1NzQ0MjI4XzRmeXFwbWxtaDc1IiwiYXBrVG9rZW4iOiJBRkQ4WUc3OSIsInR5cGUiOiJhcGsiLCJleHBpcmVzSW4iOiIyNGgiLCJpYXQiOjE3NjMzNDU3NzAsImV4cCI6MTc2MzQzMjE3MH0.-nHaQzXOB5cmRRRabqjyp3IesfnvKMcehFVCkcySrMc
2025-11-16 23:16:21.498 11285-11444 okhttp.OkHttpClient     com.cdccreditsmart.app               I  --> END POST (0-byte body)
2025-11-16 23:16:21.512 11285-11285 InsetsController        com.cdccreditsmart.app               D  hide(ime(), fromIme=false)
2025-11-16 23:16:21.512 11285-11285 ImeTracker              com.cdccreditsmart.app               I  com.cdccreditsmart.app:894a4e55: onCancelled at PHASE_CLIENT_ALREADY_HIDDEN
2025-11-16 23:16:23.859 11285-11444 okhttp.OkHttpClient     com.cdccreditsmart.app               I  <-- 200 https://cdccreditsmart.com/v1/pix/generate/7d32b2b7-3998-422c-a8dc-c6149c66599f (2361ms)
2025-11-16 23:16:23.859 11285-11444 okhttp.OkHttpClient     com.cdccreditsmart.app               I  access-control-allow-credentials: true
2025-11-16 23:16:23.859 11285-11444 okhttp.OkHttpClient     com.cdccreditsmart.app               I  access-control-allow-headers: Origin, X-Requested-With, Content-Type, Accept, Authorization, x-client-key, x-client-token, x-client-secret, cache-control
2025-11-16 23:16:23.859 11285-11444 okhttp.OkHttpClient     com.cdccreditsmart.app               I  access-control-allow-methods: GET, POST, PUT, PATCH, DELETE, OPTIONS
2025-11-16 23:16:23.860 11285-11444 okhttp.OkHttpClient     com.cdccreditsmart.app               I  access-control-allow-origin: *
2025-11-16 23:16:23.860 11285-11444 okhttp.OkHttpClient     com.cdccreditsmart.app               I  access-control-max-age: 86400
2025-11-16 23:16:23.860 11285-11444 okhttp.OkHttpClient     com.cdccreditsmart.app               I  content-length: 4472
2025-11-16 23:16:23.860 11285-11444 okhttp.OkHttpClient     com.cdccreditsmart.app               I  content-security-policy: default-src 'self'; script-src 'self' 'unsafe-inline' 'unsafe-eval' https://replit.com; style-src 'self' 'unsafe-inline' https://replit.com; img-src 'self' data: https:; font-src 'self' data: https://replit.com; connect-src 'self';
2025-11-16 23:16:23.860 11285-11444 okhttp.OkHttpClient     com.cdccreditsmart.app               I  content-type: application/json; charset=utf-8
2025-11-16 23:16:23.860 11285-11444 okhttp.OkHttpClient     com.cdccreditsmart.app               I  date: Mon, 17 Nov 2025 02:16:25 GMT
2025-11-16 23:16:23.860 11285-11444 okhttp.OkHttpClient     com.cdccreditsmart.app               I  etag: W/"1178-lDecbZENqBHr2Cg63KDC2ouMhaU"
2025-11-16 23:16:23.860 11285-11444 okhttp.OkHttpClient     com.cdccreditsmart.app               I  permissions-policy: geolocation=(), microphone=(), camera=()
2025-11-16 23:16:23.860 11285-11444 okhttp.OkHttpClient     com.cdccreditsmart.app               I  referrer-policy: strict-origin-when-cross-origin
2025-11-16 23:16:23.860 11285-11444 okhttp.OkHttpClient     com.cdccreditsmart.app               I  server: Google Frontend
2025-11-16 23:16:23.860 11285-11444 okhttp.OkHttpClient     com.cdccreditsmart.app               I  strict-transport-security: max-age=63072000; includeSubDomains
2025-11-16 23:16:23.860 11285-11444 okhttp.OkHttpClient     com.cdccreditsmart.app               I  strict-transport-security: max-age=31536000; includeSubDomains
2025-11-16 23:16:23.860 11285-11444 okhttp.OkHttpClient     com.cdccreditsmart.app               I  x-anti-fraud-protection: active
2025-11-16 23:16:23.860 11285-11444 okhttp.OkHttpClient     com.cdccreditsmart.app               I  x-certificate-pinning-enabled: false
2025-11-16 23:16:23.860 11285-11444 okhttp.OkHttpClient     com.cdccreditsmart.app               I  x-certificate-pinning-status: disabled-for-stability
2025-11-16 23:16:23.860 11285-11444 okhttp.OkHttpClient     com.cdccreditsmart.app               I  x-cloud-trace-context: d948d9ffa7c76cfa4854758d858abcab;o=1
2025-11-16 23:16:23.860 11285-11444 okhttp.OkHttpClient     com.cdccreditsmart.app               I  x-content-type-options: nosniff
2025-11-16 23:16:23.860 11285-11444 okhttp.OkHttpClient     com.cdccreditsmart.app               I  x-financial-data-protection: enabled
2025-11-16 23:16:23.860 11285-11444 okhttp.OkHttpClient     com.cdccreditsmart.app               I  x-frame-options: DENY
2025-11-16 23:16:23.860 11285-11444 okhttp.OkHttpClient     com.cdccreditsmart.app               I  x-transaction-security-level: maximum
2025-11-16 23:16:23.860 11285-11444 okhttp.OkHttpClient     com.cdccreditsmart.app               I  x-xss-protection: 1; mode=block
2025-11-16 23:16:23.860 11285-11444 okhttp.OkHttpClient     com.cdccreditsmart.app               I  via: 1.1 google
2025-11-16 23:16:23.860 11285-11444 okhttp.OkHttpClient     com.cdccreditsmart.app               I  alt-svc: h3=":443"; ma=2592000,h3-29=":443"; ma=2592000
2025-11-16 23:16:23.903 11285-11444 okhttp.OkHttpClient     com.cdccreditsmart.app               I  {"success":true,"qrCode":"00020126810014br.gov.bcb.pix2559qr-code.picpay.com/pix/b10a9081-c873-4ebb-8724-55a5e82689745204000053039865802BR5916DLM TECNOLOGIA E6009Sao Paulo62070503***6304C3BF","qrImage":"iVBORw0KGgoAAAANSUhEUgAAAgEAAAIBCAAAAAD1jTO9AAAL10lEQVR4nO3cwaomS3IEYY3Q+7+yNCvbOISy/r5zR8jsg4YiwrNOL5xaJKf7H//9H1H7z3/+iVkNsKsBdjXArgbY1QC7GmBXA+xqgF0NsKsBdjXArgbY1QC7GmBXA+xqgF0NsKsBdjXArgbY1QC7GmBXA+xqgF0NsKsBdjXArgbY1QC7GmBXA+xqgF0NsKsBdv/1zz//q3/8888f2P+qiBfuCmQOe5xTxwovmQPH9xSrT3gPx5n8hvcc+gbY1QC7GmBXA+xqgF0NsKsBdjXA7ulGCC83DNjbjJfJ4ocSZoJdMTmQ4RQPu3qZgBVeMoc9fvj05r4BdjXArgbY1QC7GmBXA+xqgF0NsPt2I4TjzuG4u2C1x48VEzJg9Tfgp/9VP/S3Fx5hXvhJ3wC7GmBXA+xqgF0NsKsBdjXArgbY/Xgj9K/DtQZXH0wOm2HCexYZHGFWe+rwrwv/VfoG2NUAuxpgVwPsaoBdDbCrAXY1wO5vvRHaSxUmi8ziFJljcviU4c3rUwaEefi36BtgVwPsaoBdDbCrAXY1wK4G2NUAux9vhH67xNhTOzluThbhzTAhA1Zrw2DFcSaLzGLFcSYvPoVf9A2wqwF2NcCuBtjVALsaYFcD7GqA3bcbIS4xfsNxrjV2Aia/ZY4JmJABk80cEzAh8+I4xeov1zfArgbY1QC7GmBXA+xqgF0NsKsBdv/Yy4f/I7gDOf6GmzkmYLUIH5kDxxcvfMn8nfoG2NUAuxpgVwPsaoBdDbCrAXY1wO7pd4S4xODK4rcJWIHMrnZC+LCncKz+0PEX2x+6YTK7wpE5Voe+AXY1wK4G2NUAuxpgVwPsaoBdDbB7uhECdw4vuJfYU6wWqz11IMxxHCuQwU4OvJlTTBYrwtjVTrCT3/QNsKsBdjXArgbY1QC7GmBXA+xqgN3Tvxr7w8sHfsTxniOzKyZ4WYHMrl5w/MCbCR+T3/CexZuPDPoG2NUAuxpgVwPsaoBdDbCrAXY1wO7b7wjh5aphfTq14Z2A1ctlCJkXL+/ZzMtkHZn9WTv5Td8AuxpgVwPsaoBdDbCrAXY1wK4G2P14I7TXEb9N8LJahMnsZG2GyYHwYTO8mRUTHtZLmMmGP+kbYFcD7GqAXQ2wqwF2NcCuBtjVALsfb4QOxwXFTo4wdsUpHjYDVoSxKyZghd8yIExmJ4sMCPNAhsmLvgF2NcCuBtjVALsaYFcD7GqAXQ2w+3YjxFUDlw9ghZfMgeOcYvKCU9jJywuPU6x4eLFhJvtmMCGzNsPk0DfArgbY1QC7GmBXA+xqgF0NsKsBdk//szSOqwZWIMOKySKzPp0izOqYgNUi/JdnXib4tGLyom+AXQ2wqwF2NcCuBtjVALsaYFcD7H78HaEXXFAsVryQh10xWS+ZA6d4D1gdOEX40wRMyOBYgdWGmRz6BtjVALsaYFcD7GqAXQ2wqwF2NcDu6XeEjhsGVvgtA8Jkjslhw0zWZpgsMtjwZkD4yBw4Dt7DismLvgF2NcCuBtjVALsaYFcD7GqAXQ2w+/Y7QgduIbiXACuQYXVMFhkQZsXk8JLZF/LAah2ZnRzhRYZTYPVJ3wC7GmBXA+xqgF0NsKsBdjXArgbYPd0IcdXALQSTtavj1LECqyO8k084zo/ATo7wIrOnmCwy6+XUkVl9A+xqgF0NsKsBdjXArgbY1QC7GmD37V+NgVO7evHpOOED7/kUxsspcJxTTHCscGR2dUzWSwZ9A+xqgF0NsKsBdjXArgbY1QC7GmD39DtCizuHw8t1xL/O/g35+/CwmZ28hI/Mb3gPbwYTMn+ob4BdDbCrAXY1wK4G2NUAuxpgVwPsnn5HCHsLwfFdvTiOswKZXYEMCO/qsKeOCViBzKfVJ7wHvHBXq2+AXQ2wqwF2NcCuBtjVALsaYFcD7J5uhLhhwJ4isyuQWZ9OEWbFZJHBS3gzx+qwp3aCY4XNMAGrF30D7GqAXQ2wqwF2NcCuBtjVALsaYPftX41x1bC3EIsMpz7Z40x4AJMN7wRMyLzYU0zAiofFqT/MrE+n+gbY1QC7GmBXA+xqgF0NsKsBdjXA7tuNELhq4PJhkVm74j27AqsNM8GxApnf8Gbew4QHVtgJ4bVhcIrMTl70DbCrAXY1wK4G2NUAuxpgVwPsaoDdtxuhlzsHMofN8MJdgRXhtRkeWPHwb8FP5y+2yLwgfLzw0DfArgbY1QC7GmBXA+xqgF0NsKsBdk83QnvVcNxCvKxAZldrw0z+Ki8vJMNfA6zWhsEpMjv5hFO859A3wK4G2NUAuxpgVwPsaoBdDbCrAXZ/+j9L/+GKyXrJLE4deCHhnWBXO8GxwktmHadY/aZvgF0NsKsBdjXArgbY1QC7GmBXA+y+/Y7QXkeADHbCcVY7ARMy2BUTMDkyiwynDhvmgdVhM3ucCQ+s1ktm9Q2wqwF2NcCuBtjVALsaYFcD7GqA3dPvCIE7B3Cc1TE5bHgnYAUyuwKZtacIHyuQYXVMFhkcYeyp3/QNsKsBdjXArgbY1QC7GmBXA+xqgN23G6Hf7P3G8UMJHxls+GUCVmvD+O3UC9786T17aieHvgF2NcCuBtjVALsaYFcD7GqAXQ2we/pXY8cNA6vDnsIeJ/xptcgcp1hhM0wI87Crw0t4V5wCGVZMftM3wK4G2NUAuxpgVwPsaoBdDbCrAXZPN0LcOXALAVa/4Thv5uEP7ZvXscK+h8mBMPbUZhanCPPACsfq0DfArgbY1QC7GmBXA+xqgF0NsKsBdk//auy4amAFMqyYgNWBUxveFZMD4XUc5xSZlwlYgcyuDpzCy/E9tfoG2NUAuxpgVwPsaoBdDbCrAXY1wO7pd4Re7OUDE+4umPCwqxecwk4+vRAv72GyYSZkwITMIgPCPCxOkWHyom+AXQ2wqwF2NcCuBtjVALsaYFcD7J5uhF5uGPY64mXCAzYDJpt5mayXFe8Bq8Oe2gnv2RWOzLH6pG+AXQ2wqwF2NcCuBtjVALsaYFcD7L79qzHsqZcMXsJkdoXNMHnBKXB8V9jMTnCsPtn3MMGumBz6BtjVALsaYFcD7GqAXQ2wqwF2NcDu6UYIL1cNZF7sezjOaieHDR8TsAIZVjsBK3zKsNrJesmA8KFvgF0NsKsBdjXArgbY1QC7GmBXA+x+vBFax3s4RYYJWGEzL/Y92BcSZsXk8BImA8K7AhlseDP4FEbfALsaYFcD7GqAXQ2wqwF2NcCuBtg9/T9Ce9WA487h5RQZHhbhT44XYjNMPv3Q49ROsCvec9jMvmcnh74BdjXArgbY1QC7GmBXA+xqgF0NsHu6Efp0w4A99XKbcTiO7+rAqbXv2QnHWe3kD/HCdfyI49Shb4BdDbCrAXY1wK4G2NUAuxpgVwPsnm6EjluIF9xU8PDphYQ5/mLDvAdMNgxWhHlg9YJT2Mkisz+LyWZ2cugbYFcD7GqAXQ2wqwF2NcCuBtjVALunGyG83DCAe4kDGd68ExwrJmRecGrtezZMZlcvOMV7Fpl1nPqkb4BdDbCrAXY1wK4G2NUAuxpgVwPsvt0I4biO+O0Sg9Ue3wnhRZgME7A67ClwfDNMyIAVyLBiwsNveOGLvgF2NcCuBtjVALsaYFcD7GqAXQ2w+/FG6DfcVHDjwWRt5mXyYsP7nmOyjhU2s29m8mJP7eRF3wC7GmBXA+xqgF0NsKsBdjXArgbY/a03QlxZgMlxiXFkmGyGB1ZrVztZvHmx2vewwmawK46zYgImR2b1DbCrAXY1wK4G2
2025-11-16 23:16:23.905 11285-11444 okhttp.OkHttpClient     com.cdccreditsmart.app               I  NUAuxpgVwPsaoDdP14uDT7dMOA4taudHAhjT20GhDezKyb4tDomv9n3MPlN3wC7GmBXA+xqgF0NsKsBdjXArgbYfbsR+g0/4uU9hBfHyezkcIRZrQ2vl+ObOVYHToHjrHZy6BtgVwPsaoBdDbCrAXY1wK4G2NUAu6cbofw/1jfArgbY1QC7GmBXA+xqgF0NsKsBdjXArgbY1QC7GmBXA+xqgF0NsKsBdjXArgbY1QC7GmBXA+xqgF0NsKsBdjXArgbY1QC7GmBXA+xqgF0NsKsBdjXArgbY1QC7/wHLuVgjCh5KqgAAAABJRU5ErkJggg==","orderId":"1f257cec14214065a4d46de3090fbc38","transactionId":"pixi_01ka7sjqmmeharknv8bha6617k","expirationDate":"2025-11-18T02:16:25.312353+00:00"}
2025-11-16 23:16:23.906 11285-11444 okhttp.OkHttpClient     com.cdccreditsmart.app               I  <-- END HTTP (4472-byte body)
2025-11-16 23:16:23.906 11285-11444 PixRetryInterceptor     com.cdccreditsmart.app               D  ðŸ“¬ Response recebida em 2409ms - Status: 200
2025-11-16 23:16:23.907 11285-11285 PixPaymentViewModel     com.cdccreditsmart.app               D  âœ… Resposta recebida do backend em 2412ms
2025-11-16 23:16:23.907 11285-11285 PixPaymentViewModel     com.cdccreditsmart.app               D  QR Code generated successfully, orderId: 1f257cec14214065a4d46de3090fbc38
2025-11-16 23:16:23.918 11285-11285 HWUI                    com.cdccreditsmart.app               W  Image decoding logging dropped!
2025-11-16 23:16:23.955 11285-11285 PixPaymentViewModel     com.cdccreditsmart.app               D  Stopped polling
2025-11-16 23:16:23.956 11285-11285 PixPaymentViewModel     com.cdccreditsmart.app               D  Started polling for orderId: 1f257cec14214065a4d46de3090fbc38
2025-11-16 23:16:26.029 11285-11285 PixPaymentViewModel     com.cdccreditsmart.app               D  Stopped polling
2025-11-16 23:16:26.072 11285-11285 SimpleHomeViewModel     com.cdccreditsmart.app               D  ðŸ“¡ Fetching device installments from /api/apk/device/installments...
2025-11-16 23:16:26.080 11285-11449 SimpleHomeViewModel     com.cdccreditsmart.app               D  âœ… Added Authorization header with token
2025-11-16 23:16:26.085 11285-11449 SimpleHomeViewModel     com.cdccreditsmart.app               D  ðŸ“¤ Request URL: https://cdccreditsmart.com/api/apk/device/installments
2025-11-16 23:16:26.523 11285-11449 SimpleHomeViewModel     com.cdccreditsmart.app               D  ðŸ“¥ Response Code: 200
2025-11-16 23:16:26.529 11285-11285 SimpleHomeViewModel     com.cdccreditsmart.app               D  âœ… Successfully fetched installments data
2025-11-16 23:16:26.529 11285-11285 SimpleHomeViewModel     com.cdccreditsmart.app               D  ðŸ“Š Device: Moto G15 Power
2025-11-16 23:16:26.529 11285-11285 SimpleHomeViewModel     com.cdccreditsmart.app               D  ðŸ“Š Total installments: 24
2025-11-16 23:16:26.529 11285-11285 SimpleHomeViewModel     com.cdccreditsmart.app               D  ðŸ“Š Paid: 0
2025-11-16 23:16:26.529 11285-11285 SimpleHomeViewModel     com.cdccreditsmart.app               D  ðŸ“Š Overdue: 0
2025-11-16 23:16:26.529 11285-11285 SimpleHomeViewModel     com.cdccreditsmart.app               D  ðŸ“Š All installments count: 24
2025-11-16 23:16:26.529 11285-11285 SimpleHomeViewModel     com.cdccreditsmart.app               I  ðŸ’¾ Salvando dados do cliente no storage - CustomerName: 'null', DeviceModel: 'Moto G15 Power'
2025-11-16 23:16:26.529 11285-11285 SecureTokenStorage      com.cdccreditsmart.app               D  ðŸ’¾ Salvando customer info - Name: null, Device: Moto G15 Power
2025-11-16 23:16:26.529 11285-11285 SecureTokenStorage      com.cdccreditsmart.app               W  âš ï¸ CustomerName vazio/null - nÃ£o salvando
2025-11-16 23:16:26.529 11285-11285 SecureTokenStorage      com.cdccreditsmart.app               D  âœ… DeviceModel salvo: Moto G15 Power
2025-11-16 23:16:26.529 11285-11285 SecureTokenStorage      com.cdccreditsmart.app               I  âœ… Customer info saved successfully!
2025-11-16 23:16:26.549 11285-11285 SecureTokenStorage      com.cdccreditsmart.app               D  ðŸ“– Lendo customerName: Marcos Antunes
2025-11-16 23:16:26.550 11285-11285 SecureTokenStorage      com.cdccreditsmart.app               D  ðŸ“– Lendo deviceModel: Moto G15 Power
2025-11-16 23:16:26.550 11285-11285 ContractCodeStorage     com.cdccreditsmart.app               D  Retrieving contract code from storage
2025-11-16 23:16:26.623 11285-11285 ContractCodeStorage     com.cdccreditsmart.app               D  Storage verification: 7 valid, 0 tampered, 0 missing
2025-11-16 23:16:26.624 11285-11285 ContractCodeStorage     com.cdccreditsmart.app               D  Contract code retrieved successfully
2025-11-16 23:16:26.672 11285-11292 creditsmart.app         com.cdccreditsmart.app               W  Cleared Reference was only reachable from finalizer (only reported once)
2025-11-16 23:16:26.769 11285-11285 PixPaymentViewModel     com.cdccreditsmart.app               D  Stopped polling
2025-11-16 23:16:35.709 11285-11285 WebSocketManager        com.cdccreditsmart.app               D  Heartbeat ping sent
2025-11-16 23:16:35.882 11285-11417 WebSocketManager        com.cdccreditsmart.app               D  Message received: {"type":"pong","timestamp":"2025-11-17T02:16:37.530Z"}...
2025-11-16 23:16:35.882 11285-11417 WebSocketManager        com.cdccreditsmart.app               D  Received message type: pong
2025-11-16 23:16:35.882 11285-11417 WebSocketManager        com.cdccreditsmart.app               D  Pong received
2025-11-16 23:16:36.058 11285-11285 WebSocketManager        com.cdccreditsmart.app               D  Heartbeat ping sent
2025-11-16 23:16:36.070 11285-11423 MdmCommandReceiver      com.cdccreditsmart.app               D  ðŸ” [Polling #2] Verificando comandos pendentes...
2025-11-16 23:16:36.073 11285-11423 SecureTokenStorage      com.cdccreditsmart.app               D  âš ï¸ Usando Serial Number para MDM (IMEI indisponÃ­vel): AFD8YG...
2025-11-16 23:16:36.074 11285-11423 MdmCommandReceiver      com.cdccreditsmart.app               D  ðŸ” Buscando comandos pendentes com identifier: AFD8YG79...
2025-11-16 23:16:36.075 11285-11398 okhttp.OkHttpClient     com.cdccreditsmart.app               I  --> GET https://cdccreditsmart.com/api/apk/device/AFD8YG79/commands
2025-11-16 23:16:36.075 11285-11398 okhttp.OkHttpClient     com.cdccreditsmart.app               I  --> END GET
2025-11-16 23:16:36.230 11285-11422 WebSocketManager        com.cdccreditsmart.app               D  Message received: {"type":"pong","timestamp":"2025-11-17T02:16:37.882Z"}...
2025-11-16 23:16:36.230 11285-11422 WebSocketManager        com.cdccreditsmart.app               D  Received message type: pong
2025-11-16 23:16:36.231 11285-11422 WebSocketManager        com.cdccreditsmart.app               D  Pong received
2025-11-16 23:16:36.403 11285-11398 okhttp.OkHttpClient     com.cdccreditsmart.app               I  <-- 200 https://cdccreditsmart.com/api/apk/device/AFD8YG79/commands (327ms)
2025-11-16 23:16:36.403 11285-11398 okhttp.OkHttpClient     com.cdccreditsmart.app               I  access-control-allow-credentials: true
2025-11-16 23:16:36.403 11285-11398 okhttp.OkHttpClient     com.cdccreditsmart.app               I  access-control-allow-headers: Origin, X-Requested-With, Content-Type, Accept, Authorization, x-client-key, x-client-token, x-client-secret, cache-control
2025-11-16 23:16:36.403 11285-11398 okhttp.OkHttpClient     com.cdccreditsmart.app               I  access-control-allow-methods: GET, POST, PUT, PATCH, DELETE, OPTIONS
2025-11-16 23:16:36.403 11285-11398 okhttp.OkHttpClient     com.cdccreditsmart.app               I  access-control-allow-origin: *
2025-11-16 23:16:36.403 11285-11398 okhttp.OkHttpClient     com.cdccreditsmart.app               I  access-control-max-age: 86400
2025-11-16 23:16:36.403 11285-11398 okhttp.OkHttpClient     com.cdccreditsmart.app               I  content-length: 105
2025-11-16 23:16:36.403 11285-11398 okhttp.OkHttpClient     com.cdccreditsmart.app               I  content-security-policy: default-src 'self'; script-src 'self' 'unsafe-inline' 'unsafe-eval' https://replit.com; style-src 'self' 'unsafe-inline' https://replit.com; img-src 'self' data: https:; font-src 'self' data: https://replit.com; connect-src 'self';
2025-11-16 23:16:36.403 11285-11398 okhttp.OkHttpClient     com.cdccreditsmart.app               I  content-type: application/json; charset=utf-8
2025-11-16 23:16:36.404 11285-11398 okhttp.OkHttpClient     com.cdccreditsmart.app               I  date: Mon, 17 Nov 2025 02:16:38 GMT
2025-11-16 23:16:36.404 11285-11398 okhttp.OkHttpClient     com.cdccreditsmart.app               I  etag: W/"69-H5UyKQcmxNYYA3rh8nPao1qiPuA"
2025-11-16 23:16:36.404 11285-11398 okhttp.OkHttpClient     com.cdccreditsmart.app               I  permissions-policy: geolocation=(), microphone=(), camera=()
2025-11-16 23:16:36.404 11285-11398 okhttp.OkHttpClient     com.cdccreditsmart.app               I  referrer-policy: strict-origin-when-cross-origin
2025-11-16 23:16:36.404 11285-11398 okhttp.OkHttpClient     com.cdccreditsmart.app               I  server: Google Frontend
2025-11-16 23:16:36.404 11285-11398 okhttp.OkHttpClient     com.cdccreditsmart.app               I  strict-transport-security: max-age=63072000; includeSubDomains
2025-11-16 23:16:36.404 11285-11398 okhttp.OkHttpClient     com.cdccreditsmart.app               I  strict-transport-security: max-age=31536000; includeSubDomains
2025-11-16 23:16:36.404 11285-11398 okhttp.OkHttpClient     com.cdccreditsmart.app               I  x-anti-fraud-protection: active
2025-11-16 23:16:36.404 11285-11398 okhttp.OkHttpClient     com.cdccreditsmart.app               I  x-certificate-pinning-enabled: false
2025-11-16 23:16:36.404 11285-11398 okhttp.OkHttpClient     com.cdccreditsmart.app               I  x-certificate-pinning-status: disabled-for-stability
2025-11-16 23:16:36.404 11285-11398 okhttp.OkHttpClient     com.cdccreditsmart.app               I  x-cloud-trace-context: e5d077b8be379e769069bb52d321db14
2025-11-16 23:16:36.404 11285-11398 okhttp.OkHttpClient     com.cdccreditsmart.app               I  x-content-type-options: nosniff
2025-11-16 23:16:36.404 11285-11398 okhttp.OkHttpClient     com.cdccreditsmart.app               I  x-financial-data-protection: enabled
2025-11-16 23:16:36.404 11285-11398 okhttp.OkHttpClient     com.cdccreditsmart.app               I  x-frame-options: DENY
2025-11-16 23:16:36.404 11285-11398 okhttp.OkHttpClient     com.cdccreditsmart.app               I  x-transaction-security-level: maximum
2025-11-16 23:16:36.404 11285-11398 okhttp.OkHttpClient     com.cdccreditsmart.app               I  x-xss-protection: 1; mode=block
2025-11-16 23:16:36.404 11285-11398 okhttp.OkHttpClient     com.cdccreditsmart.app               I  via: 1.1 google
2025-11-16 23:16:36.404 11285-11398 okhttp.OkHttpClient     com.cdccreditsmart.app               I  alt-svc: h3=":443"; ma=2592000,h3-29=":443"; ma=2592000
2025-11-16 23:16:36.404 11285-11398 okhttp.OkHttpClient     com.cdccreditsmart.app               I  {"deviceId":"device_1763345744228_4fyqpmlmh75","serialNumber":"AFD8YG79","commandsCount":0,"commands":[]}
2025-11-16 23:16:36.404 11285-11398 okhttp.OkHttpClient     com.cdccreditsmart.app               I  <-- END HTTP (105-byte body)
2025-11-16 23:16:36.406 11285-11423 MdmCommandReceiver      com.cdccreditsmart.app               D  âœ… Nenhum comando pendente
2025-11-16 23:16:36.406 11285-11423 MdmCommandReceiver      com.cdccreditsmart.app               D  ðŸ“Š Fetch duration: 332ms
2025-11-16 23:16:36.406 11285-11423 MdmCommandReceiver      com.cdccreditsmart.app               D  â³ [Polling #2] Aguardando 29664ms atÃ© prÃ³xima verificaÃ§Ã£o...
2025-11-16 23:16:39.731 11285-11285 WebSocketManager        com.cdccreditsmart.app               D  Heartbeat ping sent
2025-11-16 23:16:39.893 11285-11428 WebSocketManager        com.cdccreditsmart.app               D  Message received: {"type":"pong","timestamp":"2025-11-17T02:16:41.547Z"}...
2025-11-16 23:16:39.893 11285-11428 WebSocketManager        com.cdccreditsmart.app               D  Received message type: pong
2025-11-16 23:16:39.893 11285-11428 WebSocketManager        com.cdccreditsmart.app               D  Pong received
2025-11-16 23:16:40.403 11285-11285 WebSocketManager        com.cdccreditsmart.app               D  Heartbeat ping sent
2025-11-16 23:16:40.409 11285-11423 MdmCommandReceiver      com.cdccreditsmart.app               D  ðŸ” [Polling #2] Verificando comandos pendentes...
2025-11-16 23:16:40.410 11285-11423 SecureTokenStorage      com.cdccreditsmart.app               D  âš ï¸ Usando Serial Number para MDM (IMEI indisponÃ­vel): AFD8YG...
2025-11-16 23:16:40.410 11285-11423 MdmCommandReceiver      com.cdccreditsmart.app               D  ðŸ” Buscando comandos pendentes com identifier: AFD8YG79...
2025-11-16 23:16:40.411 11285-11398 okhttp.OkHttpClient     com.cdccreditsmart.app               I  --> GET https://cdccreditsmart.com/api/apk/device/AFD8YG79/commands
2025-11-16 23:16:40.411 11285-11398 okhttp.OkHttpClient     com.cdccreditsmart.app               I  --> END GET
2025-11-16 23:16:40.606 11285-11433 WebSocketManager        com.cdccreditsmart.app               D  Message received: {"type":"pong","timestamp":"2025-11-17T02:16:42.262Z"}...
2025-11-16 23:16:40.606 11285-11433 WebSocketManager        com.cdccreditsmart.app               D  Received message type: pong
2025-11-16 23:16:40.606 11285-11433 WebSocketManager        com.cdccreditsmart.app               D  Pong received
2025-11-16 23:16:40.752 11285-11398 okhttp.OkHttpClient     com.cdccreditsmart.app               I  <-- 200 https://cdccreditsmart.com/api/apk/device/AFD8YG79/commands (340ms)
2025-11-16 23:16:40.752 11285-11398 okhttp.OkHttpClient     com.cdccreditsmart.app               I  access-control-allow-credentials: true
2025-11-16 23:16:40.752 11285-11398 okhttp.OkHttpClient     com.cdccreditsmart.app               I  access-control-allow-headers: Origin, X-Requested-With, Content-Type, Accept, Authorization, x-client-key, x-client-token, x-client-secret, cache-control
2025-11-16 23:16:40.752 11285-11398 okhttp.OkHttpClient     com.cdccreditsmart.app               I  access-control-allow-methods: GET, POST, PUT, PATCH, DELETE, OPTIONS
2025-11-16 23:16:40.752 11285-11398 okhttp.OkHttpClient     com.cdccreditsmart.app               I  access-control-allow-origin: *
2025-11-16 23:16:40.752 11285-11398 okhttp.OkHttpClient     com.cdccreditsmart.app               I  access-control-max-age: 86400
2025-11-16 23:16:40.752 11285-11398 okhttp.OkHttpClient     com.cdccreditsmart.app               I  content-length: 105
2025-11-16 23:16:40.752 11285-11398 okhttp.OkHttpClient     com.cdccreditsmart.app               I  content-security-policy: default-src 'self'; script-src 'self' 'unsafe-inline' 'unsafe-eval' https://replit.com; style-src 'self' 'unsafe-inline' https://replit.com; img-src 'self' data: https:; font-src 'self' data: https://replit.com; connect-src 'self';
2025-11-16 23:16:40.752 11285-11398 okhttp.OkHttpClient     com.cdccreditsmart.app               I  content-type: application/json; charset=utf-8
2025-11-16 23:16:40.752 11285-11398 okhttp.OkHttpClient     com.cdccreditsmart.app               I  date: Mon, 17 Nov 2025 02:16:42 GMT
2025-11-16 23:16:40.754 11285-11398 okhttp.OkHttpClient     com.cdccreditsmart.app               I  etag: W/"69-H5UyKQcmxNYYA3rh8nPao1qiPuA"
2025-11-16 23:16:40.754 11285-11398 okhttp.OkHttpClient     com.cdccreditsmart.app               I  permissions-policy: geolocation=(), microphone=(), camera=()
2025-11-16 23:16:40.754 11285-11398 okhttp.OkHttpClient     com.cdccreditsmart.app               I  referrer-policy: strict-origin-when-cross-origin
2025-11-16 23:16:40.754 11285-11398 okhttp.OkHttpClient     com.cdccreditsmart.app               I  server: Google Frontend
2025-11-16 23:16:40.754 11285-11398 okhttp.OkHttpClient     com.cdccreditsmart.app               I  strict-transport-security: max-age=63072000; includeSubDomains
2025-11-16 23:16:40.754 11285-11398 okhttp.OkHttpClient     com.cdccreditsmart.app               I  strict-transport-security: max-age=31536000; includeSubDomains
2025-11-16 23:16:40.754 11285-11398 okhttp.OkHttpClient     com.cdccreditsmart.app               I  x-anti-fraud-protection: active
2025-11-16 23:16:40.754 11285-11398 okhttp.OkHttpClient     com.cdccreditsmart.app               I  x-certificate-pinning-enabled: false
2025-11-16 23:16:40.754 11285-11398 okhttp.OkHttpClient     com.cdccreditsmart.app               I  x-certificate-pinning-status: disabled-for-stability
2025-11-16 23:16:40.754 11285-11398 okhttp.OkHttpClient     com.cdccreditsmart.app               I  x-cloud-trace-context: a128356545f233469069bb52d321d301
2025-11-16 23:16:40.754 11285-11398 okhttp.OkHttpClient     com.cdccreditsmart.app               I  x-content-type-options: nosniff
2025-11-16 23:16:40.754 11285-11398 okhttp.OkHttpClient     com.cdccreditsmart.app               I  x-financial-data-protection: enabled
2025-11-16 23:16:40.754 11285-11398 okhttp.OkHttpClient     com.cdccreditsmart.app               I  x-frame-options: DENY
2025-11-16 23:16:40.754 11285-11398 okhttp.OkHttpClient     com.cdccreditsmart.app               I  x-transaction-security-level: maximum
2025-11-16 23:16:40.754 11285-11398 okhttp.OkHttpClient     com.cdccreditsmart.app               I  x-xss-protection: 1; mode=block
2025-11-16 23:16:40.754 11285-11398 okhttp.OkHttpClient     com.cdccreditsmart.app               I  via: 1.1 google
2025-11-16 23:16:40.754 11285-11398 okhttp.OkHttpClient     com.cdccreditsmart.app               I  alt-svc: h3=":443"; ma=2592000,h3-29=":443"; ma=2592000
2025-11-16 23:16:40.755 11285-11398 okhttp.OkHttpClient     com.cdccreditsmart.app               I  {"deviceId":"device_1763345744228_4fyqpmlmh75","serialNumber":"AFD8YG79","commandsCount":0,"commands":[]}
2025-11-16 23:16:40.755 11285-11398 okhttp.OkHttpClient     com.cdccreditsmart.app               I  <-- END HTTP (105-byte body)
2025-11-16 23:16:40.758 11285-11423 MdmCommandReceiver      com.cdccreditsmart.app               D  âœ… Nenhum comando pendente
2025-11-16 23:16:40.758 11285-11423 MdmCommandReceiver      com.cdccreditsmart.app               D  ðŸ“Š Fetch duration: 348ms
2025-11-16 23:16:40.758 11285-11423 MdmCommandReceiver      com.cdccreditsmart.app               D  â³ [Polling #2] Aguardando 29651ms atÃ© prÃ³xima verificaÃ§Ã£o...
2025-11-16 23:17:05.736 11285-11285 WebSocketManager        com.cdccreditsmart.app               D  Heartbeat ping sent
2025-11-16 23:17:05.791 11285-11423 BlockedAppInterceptor   com.cdccreditsmart.app               D  ðŸ”‹ OTIMIZAÃ‡ÃƒO: Sem apps bloqueados - pausando monitoramento (60s)
2025-11-16 23:17:05.902 11285-11417 WebSocketManager        com.cdccreditsmart.app               D  Message received: {"type":"pong","timestamp":"2025-11-17T02:17:07.554Z"}...
2025-11-16 23:17:05.902 11285-11417 WebSocketManager        com.cdccreditsmart.app               D  Received message type: pong
2025-11-16 23:17:05.902 11285-11417 WebSocketManager        com.cdccreditsmart.app               D  Pong received
2025-11-16 23:17:06.060 11285-11285 WebSocketManager        com.cdccreditsmart.app               D  Heartbeat ping sent
2025-11-16 23:17:06.073 11285-11423 MdmCommandReceiver      com.cdccreditsmart.app               D  ðŸ” [Polling #3] Verificando comandos pendentes...
2025-11-16 23:17:06.075 11285-11423 SecureTokenStorage      com.cdccreditsmart.app               D  âš ï¸ Usando Serial Number para MDM (IMEI indisponÃ­vel): AFD8YG...
2025-11-16 23:17:06.075 11285-11423 MdmCommandReceiver      com.cdccreditsmart.app               D  ðŸ” Buscando comandos pendentes com identifier: AFD8YG79...
2025-11-16 23:17:06.077 11285-11398 okhttp.OkHttpClient     com.cdccreditsmart.app               I  --> GET https://cdccreditsmart.com/api/apk/device/AFD8YG79/commands
2025-11-16 23:17:06.077 11285-11398 okhttp.OkHttpClient     com.cdccreditsmart.app               I  --> END GET
2025-11-16 23:17:06.227 11285-11422 WebSocketManager        com.cdccreditsmart.app               D  Message received: {"type":"pong","timestamp":"2025-11-17T02:17:07.880Z"}...
2025-11-16 23:17:06.227 11285-11422 WebSocketManager        com.cdccreditsmart.app               D  Received message type: pong
2025-11-16 23:17:06.227 11285-11422 WebSocketManager        com.cdccreditsmart.app               D  Pong received
2025-11-16 23:17:06.394 11285-11398 okhttp.OkHttpClient     com.cdccreditsmart.app               I  <-- 200 https://cdccreditsmart.com/api/apk/device/AFD8YG79/commands (316ms)
2025-11-16 23:17:06.394 11285-11398 okhttp.OkHttpClient     com.cdccreditsmart.app               I  access-control-allow-credentials: true
2025-11-16 23:17:06.394 11285-11398 okhttp.OkHttpClient     com.cdccreditsmart.app               I  access-control-allow-headers: Origin, X-Requested-With, Content-Type, Accept, Authorization, x-client-key, x-client-token, x-client-secret, cache-control
2025-11-16 23:17:06.394 11285-11398 okhttp.OkHttpClient     com.cdccreditsmart.app               I  access-control-allow-methods: GET, POST, PUT, PATCH, DELETE, OPTIONS
2025-11-16 23:17:06.394 11285-11398 okhttp.OkHttpClient     com.cdccreditsmart.app               I  access-control-allow-origin: *
2025-11-16 23:17:06.394 11285-11398 okhttp.OkHttpClient     com.cdccreditsmart.app               I  access-control-max-age: 86400
2025-11-16 23:17:06.394 11285-11398 okhttp.OkHttpClient     com.cdccreditsmart.app               I  content-length: 105
2025-11-16 23:17:06.394 11285-11398 okhttp.OkHttpClient     com.cdccreditsmart.app               I  content-security-policy: default-src 'self'; script-src 'self' 'unsafe-inline' 'unsafe-eval' https://replit.com; style-src 'self' 'unsafe-inline' https://replit.com; img-src 'self' data: https:; font-src 'self' data: https://replit.com; connect-src 'self';
2025-11-16 23:17:06.395 11285-11398 okhttp.OkHttpClient     com.cdccreditsmart.app               I  content-type: application/json; charset=utf-8
2025-11-16 23:17:06.395 11285-11398 okhttp.OkHttpClient     com.cdccreditsmart.app               I  date: Mon, 17 Nov 2025 02:17:08 GMT
2025-11-16 23:17:06.395 11285-11398 okhttp.OkHttpClient     com.cdccreditsmart.app               I  etag: W/"69-H5UyKQcmxNYYA3rh8nPao1qiPuA"
2025-11-16 23:17:06.395 11285-11398 okhttp.OkHttpClient     com.cdccreditsmart.app               I  permissions-policy: geolocation=(), microphone=(), camera=()
2025-11-16 23:17:06.395 11285-11398 okhttp.OkHttpClient     com.cdccreditsmart.app               I  referrer-policy: strict-origin-when-cross-origin
2025-11-16 23:17:06.396 11285-11398 okhttp.OkHttpClient     com.cdccreditsmart.app               I  server: Google Frontend
