2025-11-18 00:33:31.214  6304-6348  gle.android.gms         com.google.android.gms               I  AssetManager2(0x75403d590f98) locale list changing from [] to [en-US]
2025-11-18 00:33:31.216  6304-6348  Configuration           com.google.android.gms               V  Updating configuration, locales updated from [] to [en_US]
2025-11-18 00:33:31.217  6304-6348  gle.android.gms         com.google.android.gms               I  AssetManager2(0x75403d590f98) locale list changing from [] to [en-US]
2025-11-18 00:33:31.223  6304-6348  Configuration           com.google.android.gms               V  Updating configuration, locales updated from [] to [en_US]
2025-11-18 00:33:31.224  6304-6348  gle.android.gms         com.google.android.gms               I  AssetManager2(0x75403d590f98) locale list changing from [] to [en-US]
2025-11-18 00:33:31.226  6304-6348  GmsDebugLogger          com.google.android.gms               I  [83] 1 [vision.ocr]
2025-11-18 00:33:31.227  6292-6812  .gms.persistent         com.google.android.gms.persistent    I  AssetManager2(0x75403d5831b8) locale list changing from [] to [en-US]
2025-11-18 00:33:31.230  5358-5391  Finsky:background       com.android.vending:background       I  [56] DSC: enqueue()
2025-11-18 00:33:31.232  6304-6405  GmsModuleInitializer    com.google.android.gms               I  Using ContainerGservicesDelegate
2025-11-18 00:33:31.232  6304-6348  GmsDebugLogger          com.google.android.gms               I  [83] 1 [maps_core]
2025-11-18 00:33:31.233  5358-5668  Finsky:background       com.android.vending:background       I  [92] DS: request_id=31 generated with shared preferences
2025-11-18 00:33:31.233  5358-5668  Finsky:background       com.android.vending:background       I  [92] DS: enqueue(request_id=31, files_to_download=[maps_core_dynamite_ondemand(size:3813542)], context[group_id=com.google.android.gms:myrje2KWRH28JdonGI7O8w], display_data[invisible=false, title=Play support libraries update], network_restrictions=ANY_NETWORK
2025-11-18 00:33:31.233  6304-6411  Vision                  com.google.android.gms               W  Request for optional module download of ocr failed. Request again.
2025-11-18 00:33:31.234  6304-6411  Vision                  com.google.android.gms               W  Would have logged:
                                                                                                    # hbhd@37884fe7
2025-11-18 00:33:31.234  6304-6411  Vision                  com.google.android.gms               I  Schedule retrying download ocr at 277494 with backoff 10 seconds
2025-11-18 00:33:31.243  6292-6812  .gms.persistent         com.google.android.gms.persistent    I  AssetManager2(0x75403d57e9d8) locale list changing from [] to [en-US]
2025-11-18 00:33:31.248  6304-6304  Google Maps Android API com.google.android.gms               W  maps_core feature installation failed. Reason unknown. [CONTEXT service_id=71 ]
2025-11-18 00:33:31.250  6304-6408  ChimeraConfigurator     com.google.android.gms               I  Update complete: success
2025-11-18 00:33:31.253  5358-5668  Finsky:background       com.android.vending:background       I  [92] DS: enqueue with parallel downloads (request_id=31,groupId=com.google.android.gms:myrje2KWRH28JdonGI7O8w)
2025-11-18 00:33:31.253  5358-5668  Finsky:background       com.android.vending:background       I  [92] DS::CD: download(31)
2025-11-18 00:33:31.253  5358-5668  Finsky:background       com.android.vending:background       I  [92] DSC::L: Update all listeners for download <31:QUEUED with WAITING_FOR_START:0%[0%]> in group com.google.android.gms:myrje2KWRH28JdonGI7O8w
2025-11-18 00:33:31.253  5358-5668  Finsky:background       com.android.vending:background       I  [92] DSC::L: Updating listener tly@1922327 for download <31:QUEUED with WAITING_FOR_START:0%[0%]>
2025-11-18 00:33:31.253  5358-5668  Finsky:background       com.android.vending:background       I  [92] DSC::L: Updating listener DownloadServiceManagerListener::akrf@db98e79 for download <31:QUEUED with WAITING_FOR_START:0%[0%]>
2025-11-18 00:33:31.253  5358-5668  Finsky:background       com.android.vending:background       I  [92] DSC::L: Updating listener DownloadServiceManagerListener::rqa@a9351e6 for download <31:QUEUED with WAITING_FOR_START:0%[0%]>
2025-11-18 00:33:31.258  6304-6411  NewModuleComplete       com.google.android.gms               I  Received com.google.android.chimera.IntentOperation.NEW_MODULE(com.google.android.gms.chimera.GmsIntentOperationService,1,false)
2025-11-18 00:33:31.259  6304-6408  GmsModuleFndr           com.google.android.gms               I  Beginning GMS chimera module scan
2025-11-18 00:33:31.261  6292-6812  .gms.persistent         com.google.android.gms.persistent    I  AssetManager2(0x75403d57e6b8) locale list changing from [] to [en-US]
2025-11-18 00:33:31.262   753-2444  FileUtils               system_server                        D  Rounded bytes from 3121078272 to 4000000000
2025-11-18 00:33:31.264  6304-6408  ModuleSetResolution     com.google.android.gms               I  Computing pending module set with APKs: [[Appsearch.optional:250834100800], [Appsearch.optional:254435100800], [MapsCoreDynamite.integ:245125201100800], [MlkitBarcodeUi.optional:250834100800], [MlkitBarcodeUi.optional:254435100800], [PlayCloudSearch.optional:250834100000], [TfliteDynamiteDynamite.integ:243930801100800], [TfliteDynamiteDynamite.integ:243930802100800], [VisionBarcode.optional:250834100800], [VisionBarcode.optional:254435100800], [Wasmlibs.optional:250834100800], [AdsFdrDynamite.integ:253405700100000], [Cronetdynamite:254435260800], [Dynamiteloader:254435260000], [Dynamitemodulesa:254435260000], [Dynamitemodulesc:254435260000], [Googlecertificates:254435260000], [Mapsdynamite:254435260000], [Measurementdynamite:254435260000]]
2025-11-18 00:33:31.270  6304-6408  ModuleSetResolution     com.google.android.gms               I  Pending container module APKs: [[Appsearch.optional:254435100800], [MlkitBarcodeUi.optional:254435100800], [TfliteDynamiteDynamite.integ:243930802100800], [VisionBarcode.optional:254435100800]]
2025-11-18 00:33:31.270  6304-6408  ModuleSetResolution     com.google.android.gms               I  Pending non-container module APKs: []
2025-11-18 00:33:31.271  6304-6405  NewModuleHelper         com.google.android.gms               I  Received com.google.android.chimera.container.NEW_MODULE_FINALIZE(1/0): com.google.android.gms.chimera.GmsIntentOperationService,1,false
2025-11-18 00:33:31.274   753-1572  ActivityManager         system_server                        I  Background started FGS: Allowed [callingPackage: com.android.vending; callingUid: 10146; uidState: TRNB; uidBFSL: n/a; intent: Intent { act=com.google.android.finsky.BIND_DOWNLOAD_SERVICE xflg=0x4 pkg=com.android.vending (has extras) }; code:BACKGROUND_ACTIVITY_PERMISSION; tempAllowListReason:<,reasonCode:SYSTEM_ALLOW_LISTED,duration:9223372036854775807,callingUid:-1>; allowWiu:58; targetSdkVersion:36; callerTargetSdkVersion:36; startForegroundCount:0; bindFromPackage:null: isBindService:false]
2025-11-18 00:33:31.275  6304-6405  NewModuleHelper         com.google.android.gms               I  Completed all new module init intents for all processes.
2025-11-18 00:33:31.277  6304-6408  Configuration           com.google.android.gms               V  Updating configuration, locales updated from [] to [en_US]
2025-11-18 00:33:31.277  6304-6408  gle.android.gms         com.google.android.gms               I  AssetManager2(0x75403d5931f8) locale list changing from [] to [en-US]
2025-11-18 00:33:31.284  6304-6408  Configuration           com.google.android.gms               V  Updating configuration, locales updated from [] to [en_US]
2025-11-18 00:33:31.284  6304-6408  gle.android.gms         com.google.android.gms               I  AssetManager2(0x75403d5931f8) locale list changing from [] to [en-US]
2025-11-18 00:33:31.286  6304-6408  Configuration           com.google.android.gms               V  Updating configuration, locales updated from [] to [en_US]
2025-11-18 00:33:31.286  6304-6408  gle.android.gms         com.google.android.gms               I  AssetManager2(0x75403d5931f8) locale list changing from [] to [en-US]
2025-11-18 00:33:31.288  6304-6408  Configuration           com.google.android.gms               V  Updating configuration, locales updated from [] to [en_US]
2025-11-18 00:33:31.288  6304-6408  gle.android.gms         com.google.android.gms               I  AssetManager2(0x75403d5931f8) locale list changing from [] to [en-US]
2025-11-18 00:33:31.292  5358-5358  Finsky:background       com.android.vending:background       I  [2] DS: DownloadService is getting started sticky with notification.
2025-11-18 00:33:31.292  5358-5668  Finsky:background       com.android.vending:background       I  [92] DSC::L: Update all listeners for download <31:RUNNING:0%[0%]> in group com.google.android.gms:myrje2KWRH28JdonGI7O8w
2025-11-18 00:33:31.292  5358-5668  Finsky:background       com.android.vending:background       I  [92] DSC::L: Updating listener tly@1922327 for download <31:RUNNING:0%[0%]>
2025-11-18 00:33:31.292  5358-5668  Finsky:background       com.android.vending:background       I  [92] DSC::L: Updating listener DownloadServiceManagerListener::akrf@db98e79 for download <31:RUNNING:0%[0%]>
2025-11-18 00:33:31.292  5358-5668  Finsky:background       com.android.vending:background       I  [92] DS: Received onProgress request_id=31
2025-11-18 00:33:31.292  5358-5668  Finsky:background       com.android.vending:background       I  [92] RM: receive resource status onStart maps_core_dynamite_ondemand reason: SplitInstallService isid: myrje2KWRH28JdonGI7O8w, 2, 192, size: 0/3813542
2025-11-18 00:33:31.292  5358-5668  Finsky:background       com.android.vending:background       I  [92] RM: receive resource status onProgress download_request_id=31, group_id=maps_core_dynamite_ondemand reason: SplitInstallService isid: myrje2KWRH28JdonGI7O8w, status_code=RESOURCE_STATUS_IN_PROGRESS, legacy_status_code=192, size: 0/3813542
2025-11-18 00:33:31.292  5358-5668  Finsky:background       com.android.vending:background       I  [92] DSC::L: Updating listener DownloadServiceManagerListener::rqa@a9351e6 for download <31:RUNNING:0%[0%]>
2025-11-18 00:33:31.295   753-2492  Foreground...ggerModule system_server                        W  Foreground service start for UID: 10146 does not have any types
2025-11-18 00:33:31.297   753-1231  Background...rolService system_server                        D  Package event received: 0
2025-11-18 00:33:31.298  6292-6418  .gms.persistent         com.google.android.gms.persistent    I  AssetManager2(0x75403d584ab8) locale list changing from [] to [en-US]
2025-11-18 00:33:31.303  5358-5395  Finsky:background       com.android.vending:background       I  [60] RM: new request resourceRequestId=6eebb2b0-5e75-479a-ad36-63d55e3a3d5c requestId=31 package=com.google.android.gms artifact=maps_core_dynamite_ondemand isid=myrje2KWRH28JdonGI7O8w
2025-11-18 00:33:31.304  6428-6428  Finsky                  com.android.vending                  W  [2] No LoggingContext in the bundle, which breaks event chain!. Creating a new logging context.
2025-11-18 00:33:31.310  6428-6462  Finsky                  com.android.vending                  I  [47] RECEIVER_NOTIFICATION#logWorkEndAndFinishGoAsync: SUCCESS
2025-11-18 00:33:31.312  5358-5668  Finsky:background       com.android.vending:background       I  [92] DS: Current runningDownloadsCount: 0, maxSimultaneousDownloads: 4
2025-11-18 00:33:31.312  5358-5668  Finsky:background       com.android.vending:background       I  [92] DS: Incremented runningDownloadsCount to: 1
2025-11-18 00:33:31.328  6304-6308  gle.android.gms         com.google.android.gms               W  Suspending all threads took: 5.165ms
2025-11-18 00:33:31.334  6292-6418  HeterodyneSyncScheduler com.google.android.gms.persistent    I  (REDACTED) Scheduling Phenotype for a %s(%d, %s) one off with window [%d, %d] in seconds
2025-11-18 00:33:31.335  5358-5395  Finsky:background       com.android.vending:background       I  [60] RM: getStatus resourceRequestId=6eebb2b0-5e75-479a-ad36-63d55e3a3d5c requestId=31 package=com.google.android.gms artifact=maps_core_dynamite_ondemand isid=myrje2KWRH28JdonGI7O8w
2025-11-18 00:33:31.335  5358-5395  Finsky:background       com.android.vending:background       I  [60] DSC: getDownload(31)
2025-11-18 00:33:31.336  5358-5395  Finsky:background       com.android.vending:background       I  [60] DS: getDownload(request_id=31)
2025-11-18 00:33:31.341  5358-5668  Finsky:background       com.android.vending:background       I  [92] DS: DS: onGetDownload(request_id=31, files_to_download=[maps_core_dynamite_ondemand(size:3813542)], context[group_id=com.google.android.gms:myrje2KWRH28JdonGI7O8w], display_data[invisible=false, title=Play support libraries update], network_restrictions=ANY_NETWORK status=running, bytes_downloaded=0, total_bytes=3813542, retry[count=0, next_retry=n/a])
2025-11-18 00:33:31.344  6292-6812  .gms.persistent         com.google.android.gms.persistent    I  AssetManager2(0x75403d5869f8) locale list changing from [] to [en-US]
2025-11-18 00:33:31.367  6292-6812  .gms.persistent         com.google.android.gms.persistent    I  AssetManager2(0x75403d57f018) locale list changing from [] to [en-US]
2025-11-18 00:33:31.380  5358-5728  Finsky:background       com.android.vending:background       I  [119] CronetDownloader: onRedirectReceived
2025-11-18 00:33:31.381  6292-6812  .gms.persistent         com.google.android.gms.persistent    I  AssetManager2(0x75403d5831b8) locale list changing from [] to [en-US]
2025-11-18 00:33:31.395  6292-6812  .gms.persistent         com.google.android.gms.persistent    I  AssetManager2(0x75403d58c178) locale list changing from [] to [en-US]
2025-11-18 00:33:31.407  6292-6812  PhenotypeResourceReader com.google.android.gms.persistent    I  unable to find any Phenotype resource metadata for com.google.android.modulemetadata
2025-11-18 00:33:31.411  6292-6812  .gms.persistent         com.google.android.gms.persistent    I  AssetManager2(0x75403d58c7b8) locale list changing from [] to [en-US]
2025-11-18 00:33:31.417  6292-6812  .gms.persistent         com.google.android.gms.persistent    I  AssetManager2(0x75403d57be18) locale list changing from [] to [en-US]
2025-11-18 00:33:31.421  6292-6812  .gms.persistent         com.google.android.gms.persistent    I  AssetManager2(0x75403d579898) locale list changing from [] to [en-US]
2025-11-18 00:33:31.424  6292-6812  PhenotypeResourceReader com.google.android.gms.persistent    I  unable to find any Phenotype resource metadata for com.google.android.gsf
2025-11-18 00:33:31.424  6292-6812  PhenotypeResourceReader com.google.android.gms.persistent    I  unable to find any Phenotype resource metadata for com.google.android.tag
2025-11-18 00:33:31.425  6292-6812  .gms.persistent         com.google.android.gms.persistent    I  AssetManager2(0x75403d587678) locale list changing from [] to [en-US]
2025-11-18 00:33:31.428  6292-6812  .gms.persistent         com.google.android.gms.persistent    I  AssetManager2(0x75403d58b1d8) locale list changing from [] to [en-US]
2025-11-18 00:33:31.429  6292-6812  PhenotypeResourceReader com.google.android.gms.persistent    I  unable to find any Phenotype resource metadata for com.google.android.apps.nexuslauncher
2025-11-18 00:33:31.431  6292-6812  PhenotypeResourceReader com.google.android.gms.persistent    I  unable to find any Phenotype resource metadata for com.google.android.feedback
2025-11-18 00:33:31.432  6292-6812  .gms.persistent         com.google.android.gms.persistent    I  AssetManager2(0x75403d58aeb8) locale list changing from [] to [en-US]
2025-11-18 00:33:31.442  6292-6812  .gms.persistent         com.google.android.gms.persistent    I  AssetManager2(0x75403d586d18) locale list changing from [] to [en-US]
2025-11-18 00:33:31.455  6292-6812  .gms.persistent         com.google.android.gms.persistent    I  AssetManager2(0x75403d589f18) locale list changing from [] to [en-US]
2025-11-18 00:33:31.461  6292-6812  PhenotypeResourceReader com.google.android.gms.persistent    I  unable to find any Phenotype resource metadata for com.google.android.gms.supervision
2025-11-18 00:33:31.463  6292-6812  PhenotypeResourceReader com.google.android.gms.persistent    I  unable to find any Phenotype resource metadata for com.android.settings
2025-11-18 00:33:31.465  6292-6812  .gms.persistent         com.google.android.gms.persistent    I  AssetManager2(0x75403d588c58) locale list changing from [] to [en-US]
2025-11-18 00:33:31.472  6292-6812  .gms.persistent         com.google.android.gms.persistent    I  AssetManager2(0x75403d584dd8) locale list changing from [] to [en-US]
2025-11-18 00:33:31.476  6292-6812  PhenotypeResourceReader com.google.android.gms.persistent    I  unable to find any Phenotype resource metadata for com.google.android.apps.wallpaper
2025-11-18 00:33:31.478  6292-6812  PhenotypeResourceReader com.google.android.gms.persistent    I  unable to find any Phenotype resource metadata for com.android.systemui
2025-11-18 00:33:31.487   753-1231  Background...rolService system_server                        D  Package event received: 0
2025-11-18 00:33:31.487   753-1231  Background...rolService system_server                        D  Package event received: 0
2025-11-18 00:33:31.487   753-1231  Background...rolService system_server                        D  Package event received: 0
2025-11-18 00:33:31.498   753-1231  Background...rolService system_server                        D  Package event received: 0
2025-11-18 00:33:31.499   753-753   system_server           system_server                        I  AssetManager2(0x75403d577f98) locale list changing from [] to [en-US]
2025-11-18 00:33:31.499   753-753   NotificationHistory     system_server                        W  Attempted to add notif for locked/gone/disabled user 0
2025-11-18 00:33:31.500  6292-6812  .gms.persistent         com.google.android.gms.persistent    I  AssetManager2(0x75403d579578) locale list changing from [] to [en-US]
2025-11-18 00:33:31.503  1944-2590  AiAiEcho                com.google.android.as                W  LyftNotificationParser Ridesharing ETA not enabled
2025-11-18 00:33:31.503  1944-2590  AiAiEcho                com.google.android.as                I  SmartspaceNotificationPredictor no parser can handle this notification or notification is invalid
2025-11-18 00:33:31.503  6304-6798  Configuration           com.google.android.gms               V  Updating configuration, locales updated from [] to [en_US]
2025-11-18 00:33:31.504  6304-6798  gle.android.gms         com.google.android.gms               I  AssetManager2(0x75403d58dd98) locale list changing from [] to [en-US]
2025-11-18 00:33:31.504  6304-6798  ProviderHelper          com.google.android.gms               W  Unknown dynamite feature providerinstaller.dynamite
2025-11-18 00:33:31.506  1607-1607  NotificationListener    com...le.android.apps.nexuslauncher  I  received notification posted event - com.android.vending#UserHandle{0},category=-1
2025-11-18 00:33:31.507  6304-6798  DynamiteModule          com.google.android.gms               I  Considering local module com.google.android.gms.providerinstaller.dynamite:1 and remote module com.google.android.gms.providerinstaller.dynamite:0
2025-11-18 00:33:31.507  6304-6798  DynamiteModule          com.google.android.gms               I  Selected local version of com.google.android.gms.providerinstaller.dynamite
2025-11-18 00:33:31.508  1607-1607  NotificationListener    com...le.android.apps.nexuslauncher  I  received notification posted event - com.android.vending#UserHandle{0},category=-1
2025-11-18 00:33:31.511  1944-2590  AiAiEcho                com.google.android.as                W  LyftNotificationParser Ridesharing ETA not enabled
2025-11-18 00:33:31.511  1944-2590  AiAiEcho                com.google.android.as                I  SmartspaceNotificationPredictor no parser can handle this notification or notification is invalid
2025-11-18 00:33:31.516  1944-2590  AiAiEcho                com.google.android.as                W  LyftNotificationParser Ridesharing ETA not enabled
2025-11-18 00:33:31.516  1607-1607  NotificationListener    com...le.android.apps.nexuslauncher  I  received notification posted event - com.android.vending#UserHandle{0},category=-1
2025-11-18 00:33:31.516  1944-2590  AiAiEcho                com.google.android.as                I  SmartspaceNotificationPredictor no parser can handle this notification or notification is invalid
2025-11-18 00:33:31.525  6304-6798  GmsDebugLogger          com.google.android.gms               I  [20] [MlkitOcrCommon.optional:254435100800]
2025-11-18 00:33:31.533  1277-1277  ndroid.systemui         com.android.systemui                 I  AssetManager2(0x75403d5d2358) locale list changing from [] to [en-US]
2025-11-18 00:33:31.537  6304-6798  ChimeraConfigurator     com.google.android.gms               I  Update complete: success
2025-11-18 00:33:31.541  1277-1277  HWUI                    com.android.systemui                 W  Image decoding logging dropped!
2025-11-18 00:33:31.541  1277-1277  HWUI                    com.android.systemui                 W  Image decoding logging dropped!
2025-11-18 00:33:31.542  1277-1277  HWUI                    com.android.systemui                 W  Image decoding logging dropped!
2025-11-18 00:33:31.542  1277-1277  HWUI                    com.android.systemui                 W  Image decoding logging dropped!
2025-11-18 00:33:31.542  1277-1277  HWUI                    com.android.systemui                 W  Image decoding logging dropped!
2025-11-18 00:33:31.542  1277-1277  HWUI                    com.android.systemui                 W  Image decoding logging dropped!
2025-11-18 00:33:31.543  6304-6798  GmsModuleFndr           com.google.android.gms               I  Beginning GMS chimera module scan
2025-11-18 00:33:31.552  6304-6798  ModuleSetResolution     com.google.android.gms               I  Computing pending module set with APKs: [[Appsearch.optional:250834100800], [Appsearch.optional:254435100800], [MapsCoreDynamite.integ:245125201100800], [MlkitBarcodeUi.optional:250834100800], [MlkitBarcodeUi.optional:254435100800], [MlkitOcrCommon.optional:254435100800], [PlayCloudSearch.optional:250834100000], [TfliteDynamiteDynamite.integ:243930801100800], [TfliteDynamiteDynamite.integ:243930802100800], [VisionBarcode.optional:250834100800], [VisionBarcode.optional:254435100800], [Wasmlibs.optional:250834100800], [AdsFdrDynamite.integ:253405700100000], [Cronetdynamite:254435260800], [Dynamiteloader:254435260000], [Dynamitemodulesa:254435260000], [Dynamitemodulesc:254435260000], [Googlecertificates:254435260000], [Mapsdynamite:254435260000], [Measurementdynamite:254435260000]]
2025-11-18 00:33:31.552  6292-6812  .gms.persistent         com.google.android.gms.persistent    I  AssetManager2(0x75403d582538) locale list changing from [] to [en-US]
2025-11-18 00:33:31.559  6304-6798  ModuleSetResolution     com.google.android.gms               I  Pending container module APKs: [[Appsearch.optional:254435100800], [MlkitBarcodeUi.optional:254435100800], [MlkitOcrCommon.optional:254435100800], [TfliteDynamiteDynamite.integ:243930802100800], [VisionBarcode.optional:254435100800]]
2025-11-18 00:33:31.559  6304-6798  ModuleSetResolution     com.google.android.gms               I  Pending non-container module APKs: []
2025-11-18 00:33:31.572  1277-1664  Looper                  com.android.systemui                 W  Drained
2025-11-18 00:33:31.573  6304-6798  Configuration           com.google.android.gms               V  Updating configuration, locales updated from [] to [en_US]
2025-11-18 00:33:31.574  6304-6798  gle.android.gms         com.google.android.gms               I  AssetManager2(0x75403d58dd98) locale list changing from [] to [en-US]
2025-11-18 00:33:31.576  6304-6798  Configuration           com.google.android.gms               V  Updating configuration, locales updated from [] to [en_US]
2025-11-18 00:33:31.576  6304-6798  gle.android.gms         com.google.android.gms               I  AssetManager2(0x75403d58dd98) locale list changing from [] to [en-US]
2025-11-18 00:33:31.579  5358-5668  Finsky:background       com.android.vending:background       I  [92] DSC::L: Update all listeners for download <31:RUNNING:0%[0%]> in group com.google.android.gms:myrje2KWRH28JdonGI7O8w
2025-11-18 00:33:31.579  5358-5668  Finsky:background       com.android.vending:background       I  [92] DSC::L: Updating listener tly@1922327 for download <31:RUNNING:0%[0%]>
2025-11-18 00:33:31.579  5358-5668  Finsky:background       com.android.vending:background       I  [92] DSC::L: Updating listener DownloadServiceManagerListener::akrf@db98e79 for download <31:RUNNING:0%[0%]>
2025-11-18 00:33:31.579  5358-5668  Finsky:background       com.android.vending:background       I  [92] DS: Received onProgress request_id=31
2025-11-18 00:33:31.579  5358-5668  Finsky:background       com.android.vending:background       I  [92] RM: receive resource status onProgress download_request_id=31, group_id=maps_core_dynamite_ondemand reason: SplitInstallService isid: myrje2KWRH28JdonGI7O8w, status_code=RESOURCE_STATUS_IN_PROGRESS, legacy_status_code=192, size: 0/3813542
2025-11-18 00:33:31.579  5358-5668  Finsky:background       com.android.vending:background       I  [92] DSC::L: Updating listener DownloadServiceManagerListener::rqa@a9351e6 for download <31:RUNNING:0%[0%]>
2025-11-18 00:33:31.581  5358-5391  Finsky:background       com.android.vending:background       I  [56] RM: getStatus resourceRequestId=6eebb2b0-5e75-479a-ad36-63d55e3a3d5c requestId=31 package=com.google.android.gms artifact=maps_core_dynamite_ondemand isid=myrje2KWRH28JdonGI7O8w
2025-11-18 00:33:31.581  5358-5391  Finsky:background       com.android.vending:background       I  [56] DSC: getDownload(31)
2025-11-18 00:33:31.581  5358-5391  Finsky:background       com.android.vending:background       I  [56] DS: getDownload(request_id=31)
2025-11-18 00:33:31.594  6304-6798  Configuration           com.google.android.gms               V  Updating configuration, locales updated from [] to [en_US]
2025-11-18 00:33:31.594  6304-6798  gle.android.gms         com.google.android.gms               I  AssetManager2(0x75403d58dd98) locale list changing from [] to [en-US]
2025-11-18 00:33:31.602  5358-5668  Finsky:background       com.android.vending:background       I  [92] DS: DS: onGetDownload(request_id=31, files_to_download=[maps_core_dynamite_ondemand(size:3813542)], context[group_id=com.google.android.gms:myrje2KWRH28JdonGI7O8w], display_data[invisible=false, title=Play support libraries update], network_restrictions=ANY_NETWORK status=running, bytes_downloaded=0, total_bytes=3813542, retry[count=0, next_retry=n/a])
2025-11-18 00:33:31.603  6292-6812  .gms.persistent         com.google.android.gms.persistent    I  AssetManager2(0x75403d57ae78) locale list changing from [] to [en-US]
2025-11-18 00:33:31.607  5358-5358  Finsky:background       com.android.vending:background       I  [2] RF: onProgress request_id=31 isid=myrje2KWRH28JdonGI7O8w
2025-11-18 00:33:31.607  5358-5358  Finsky:background       com.android.vending:background       I  [2] RF: resourceStatus for request_id=31 group=com.google.android.gms artifact=maps_core_dynamite_ondemand collectedBytes= 0 / 3813542
2025-11-18 00:33:31.607  5358-5358  Finsky:background       com.android.vending:background       I  [2] RF: Group=com.google.android.gms totalBytesDownloaded= 0 / 3813542 for 1 artifacts
2025-11-18 00:33:31.614  5358-5358  Finsky:background       com.android.vending:background       I  [2] Updated time lastBroadcast=2025-11-18T03:33:29.186Z current=2025-11-18T03:33:31.614Z
2025-11-18 00:33:31.614  5358-5358  Finsky:background       com.android.vending:background       I  [2] bytesCompleted/bytesTotal/ratio = 0 / 3813542 / 0.000000
2025-11-18 00:33:31.617  5358-5393  Finsky:background       com.android.vending:background       I  [58] IV2: onTaskProgress com.google.android.gms[iid:1] [isid:myrje2KWRH28JdonGI7O8w] status:RESOURCE_FETCH_PROGRESS, size: 0/3813542
2025-11-18 00:33:31.619  6304-6798  Configuration           com.google.android.gms               V  Updating configuration, locales updated from [] to [en_US]
2025-11-18 00:33:31.619  6304-6798  gle.android.gms         com.google.android.gms               I  AssetManager2(0x75403d58dd98) locale list changing from [] to [en-US]
2025-11-18 00:33:31.620  5358-5401  Finsky:background       com.android.vending:background       I  [66] IQ: Notifying installation update. [Package:com.google.android.gms, isid:myrje2KWRH28JdonGI7O8w], status=DOWNLOADING, status_code=0, reason=SplitInstallService, tsc=PT1.272S, attempt=0
2025-11-18 00:33:31.621  1277-1664  LocalImageResolver      com.android.systemui                 D  Couldn't use ImageDecoder for drawable, falling back to non-resized load.
2025-11-18 00:33:31.637  6304-6798  Configuration           com.google.android.gms               V  Updating configuration, locales updated from [] to [en_US]
2025-11-18 00:33:31.639  5358-5358  Finsky:background       com.android.vending:background       I  [2] PIM: Ignore install package event for: com.google.android.gms, isid: myrje2KWRH28JdonGI7O8w
2025-11-18 00:33:31.639  6304-6798  gle.android.gms         com.google.android.gms               I  AssetManager2(0x75403d58dd98) locale list changing from [] to [en-US]
2025-11-18 00:33:31.642  6428-6428  Finsky                  com.android.vending                  I  [2] DL: Data loader session turned off due to Incremental install not requested: com.google.android.gms
2025-11-18 00:33:31.648  6428-6428  Finsky                  com.android.vending                  I  [2] IQ::HLD: if pauseAppUpdates is called now, it must wait for these ongoing installs: [[Package:com.google.android.gms, isid:myrje2KWRH28JdonGI7O8w]]
2025-11-18 00:33:31.650  6304-6798  ChimeraCfgMgr           com.google.android.gms               I  APKs changed, regenerating config
2025-11-18 00:33:31.652  1277-1664  LocalImageResolver      com.android.systemui                 D  Couldn't use ImageDecoder for drawable, falling back to non-resized load.
2025-11-18 00:33:31.718  6304-6413  GmsDebugLogger          com.google.android.gms               I  [125] 2:0:[MapsCoreDynamite.integ:254125200100800]
2025-11-18 00:33:31.723  6304-6413  GmsDebugLogger          com.google.android.gms               I  [125] 2:0:[MapsCoreDynamite.integ:254125200100800]
2025-11-18 00:33:31.728  6292-6812  HeterodyneSyncer        com.google.android.gms.persistent    I  (REDACTED) Removed %d invalid users
2025-11-18 00:33:31.743  6304-6798  ChimeraCfgMgr           com.google.android.gms               I  Updating module config: container:2544359260800+appsearch_impl+mlkit.barcode.ui+tflite_dynamite+vision.barcode -> container:2544359260800+appsearch_impl+mlkit.barcode.ui+mlkit.ocr.common+tflite_dynamite+vision.barcode
2025-11-18 00:33:31.748  6304-6798  DowngradeHelper         com.google.android.gms               E  isModuleDowngradeRequired false
2025-11-18 00:33:31.763  1468-1816  SatelliteController     com.android.phone                    D  iisInCarrierRoamingNbIotNtn: satellite is disabled
2025-11-18 00:33:31.769  6304-6798  GmsDebugLogger          com.google.android.gms               I  [46] container:2544359260800+appsearch_impl+mlkit.barcode.ui+tflite_dynamite+vision.barcode
2025-11-18 00:33:31.774  6292-6297  .gms.persistent         com.google.android.gms.persistent    W  Suspending all threads took: 18.763ms
2025-11-18 00:33:31.780  6304-6798  GmsDebugLogger          com.google.android.gms               I  [55] 
2025-11-18 00:33:31.802  1944-2590  AiAiEcho                com.google.android.as                W  LyftNotificationParser Ridesharing ETA not enabled
2025-11-18 00:33:31.802  1944-2590  AiAiEcho                com.google.android.as                I  SmartspaceNotificationPredictor no parser can handle this notification or notification is invalid
2025-11-18 00:33:31.802  1607-1607  NotificationListener    com...le.android.apps.nexuslauncher  I  received notification posted event - com.android.vending#UserHandle{0},category=-1
2025-11-18 00:33:31.804   753-1569  FileUtils               system_server                        D  Rounded bytes from 3121078272 to 4000000000
2025-11-18 00:33:31.816  6292-6418  .gms.persistent         com.google.android.gms.persistent    I  AssetManager2(0x75403d57a838) locale list changing from [] to [en-US]
2025-11-18 00:33:31.820  1277-1664  LocalImageResolver      com.android.systemui                 D  Couldn't use ImageDecoder for drawable, falling back to non-resized load.
2025-11-18 00:33:31.821  1277-1664  LocalImageResolver      com.android.systemui                 D  Couldn't use ImageDecoder for drawable, falling back to non-resized load.
2025-11-18 00:33:31.898  6574-6877  PrimesLoggerHolder      com...gle.android.inputmethod.latin  W  FlightRecordReaderImpl.getFlightRecord():46 Flight records directory does not exist
2025-11-18 00:33:31.965  5358-5728  Finsky:background       com.android.vending:background       I  [119] Failed to force sync file descriptor (not a bug): sync failed
2025-11-18 00:33:31.975  5358-5668  Finsky:background       com.android.vending:background       I  [92] DSC::L: Update all listeners for download <31:RUNNING:100%[100%]> in group com.google.android.gms:myrje2KWRH28JdonGI7O8w
2025-11-18 00:33:31.975  5358-5668  Finsky:background       com.android.vending:background       I  [92] DSC::L: Updating listener tly@1922327 for download <31:RUNNING:100%[100%]>
2025-11-18 00:33:31.975  5358-5668  Finsky:background       com.android.vending:background       I  [92] DSC::L: Updating listener DownloadServiceManagerListener::akrf@db98e79 for download <31:RUNNING:100%[100%]>
2025-11-18 00:33:31.975  5358-5668  Finsky:background       com.android.vending:background       I  [92] DS: Received onProgress request_id=31
2025-11-18 00:33:31.975  5358-5668  Finsky:background       com.android.vending:background       I  [92] RM: receive resource status onProgress download_request_id=31, group_id=maps_core_dynamite_ondemand reason: SplitInstallService isid: myrje2KWRH28JdonGI7O8w, status_code=RESOURCE_STATUS_IN_PROGRESS, legacy_status_code=192, size: 3813542/3813542
2025-11-18 00:33:31.975  5358-5668  Finsky:background       com.android.vending:background       I  [92] DSC::L: Updating listener DownloadServiceManagerListener::rqa@a9351e6 for download <31:RUNNING:100%[100%]>
2025-11-18 00:33:31.976  5358-5391  Finsky:background       com.android.vending:background       I  [56] RM: getStatus resourceRequestId=6eebb2b0-5e75-479a-ad36-63d55e3a3d5c requestId=31 package=com.google.android.gms artifact=maps_core_dynamite_ondemand isid=myrje2KWRH28JdonGI7O8w
2025-11-18 00:33:31.976  5358-5391  Finsky:background       com.android.vending:background       I  [56] DSC: getDownload(31)
2025-11-18 00:33:31.976  5358-5391  Finsky:background       com.android.vending:background       I  [56] DS: getDownload(request_id=31)
2025-11-18 00:33:31.985  5358-5668  Finsky:background       com.android.vending:background       I  [92] DS: Decremented runningDownloadsCount to: 0
2025-11-18 00:33:31.985  5358-5668  Finsky:background       com.android.vending:background       I  [92] DS: Current runningDownloadsCount: 0, maxSimultaneousDownloads: 4
2025-11-18 00:33:31.986  5358-5668  Finsky:background       com.android.vending:background       I  [92] DSC::L: Update all listeners for download <31:SUCCEEDED> in group com.google.android.gms:myrje2KWRH28JdonGI7O8w
2025-11-18 00:33:31.986  5358-5668  Finsky:background       com.android.vending:background       I  [92] DSC::L: Updating listener tly@1922327 for download <31:SUCCEEDED>
2025-11-18 00:33:31.986  5358-5668  Finsky:background       com.android.vending:background       I  [92] DSC::L: Updating listener DownloadServiceManagerListener::akrf@db98e79 for download <31:SUCCEEDED>
2025-11-18 00:33:31.986  5358-5668  Finsky:background       com.android.vending:background       I  [92] RM: receive resource status onSuccess maps_core_dynamite_ondemand reason: SplitInstallService isid: myrje2KWRH28JdonGI7O8w, 3, 200, size: 3813542/3813542
2025-11-18 00:33:31.986  5358-5668  Finsky:background       com.android.vending:background       I  [92] DSC::L: Updating listener DownloadServiceManagerListener::rqa@a9351e6 for download <31:SUCCEEDED>
2025-11-18 00:33:31.987  5358-5395  Finsky:background       com.android.vending:background       I  [60] RM: getStatus resourceRequestId=6eebb2b0-5e75-479a-ad36-63d55e3a3d5c requestId=31 package=com.google.android.gms artifact=maps_core_dynamite_ondemand isid=myrje2KWRH28JdonGI7O8w
2025-11-18 00:33:31.987  5358-5395  Finsky:background       com.android.vending:background       I  [60] DSC: getDownload(31)
2025-11-18 00:33:31.987  5358-5395  Finsky:background       com.android.vending:background       I  [60] DS: getDownload(request_id=31)
2025-11-18 00:33:31.991  5358-5668  Finsky:background       com.android.vending:background       I  [92] DS: DS: onGetDownload(request_id=31, files_to_download=[maps_core_dynamite_ondemand(size:3813542)], context[group_id=com.google.android.gms:myrje2KWRH28JdonGI7O8w], display_data[invisible=false, title=Play support libraries update], network_restrictions=ANY_NETWORK status=succeeded, bytes_downloaded=3813542, total_bytes=3813542, retry[count=0, next_retry=n/a])
2025-11-18 00:33:31.992  5358-5668  Finsky:background       com.android.vending:background       I  [92] DS: DS: onGetDownload(request_id=31, files_to_download=[maps_core_dynamite_ondemand(size:3813542)], context[group_id=com.google.android.gms:myrje2KWRH28JdonGI7O8w], display_data[invisible=false, title=Play support libraries update], network_restrictions=ANY_NETWORK status=succeeded, bytes_downloaded=3813542, total_bytes=3813542, retry[count=0, next_retry=n/a])
2025-11-18 00:33:31.994  5358-5358  Finsky:background       com.android.vending:background       I  [2] RF: onProgress request_id=31 isid=myrje2KWRH28JdonGI7O8w
2025-11-18 00:33:31.994  5358-5358  Finsky:background       com.android.vending:background       I  [2] RF: resourceStatus for request_id=31 group=com.google.android.gms artifact=maps_core_dynamite_ondemand collectedBytes= 3813542 / 3813542
2025-11-18 00:33:31.994  5358-5358  Finsky:background       com.android.vending:background       I  [2] RF: Group=com.google.android.gms totalBytesDownloaded= 3813542 / 3813542 for 1 artifacts
2025-11-18 00:33:31.996  5358-5358  Finsky:background       com.android.vending:background       I  [2] RF: Preventing total bytes update to listeners
2025-11-18 00:33:31.996  5358-5358  Finsky:background       com.android.vending:background       I  [2] RF: onResourceSuccess request_id=31 isid=myrje2KWRH28JdonGI7O8w
2025-11-18 00:33:31.996  5358-5358  Finsky:background       com.android.vending:background       I  [2] RF: resourceStatus for request_id=31 group=com.google.android.gms artifact=maps_core_dynamite_ondemand collectedBytes= 3813542 / 3813542
2025-11-18 00:33:31.996  5358-5358  Finsky:background       com.android.vending:background       I  [2] RF: Group=com.google.android.gms totalBytesDownloaded= 3813542 / 3813542 for 1 artifacts
2025-11-18 00:33:31.997  5358-5358  Finsky:background       com.android.vending:background       I  [2] bytesCompleted/bytesTotal/ratio = 3813542 / 3813542 / 1.000000
2025-11-18 00:33:31.997  5358-5358  Finsky:background       com.android.vending:background       I  [2] RF: onSuccess request_id=31 isid=myrje2KWRH28JdonGI7O8w
2025-11-18 00:33:31.997  5358-5358  Finsky:background       com.android.vending:background       I  [2] RF: resourceStatus for request_id=31 group=com.google.android.gms artifact=maps_core_dynamite_ondemand collectedBytes= 3813542 / 3813542
2025-11-18 00:33:31.997  5358-5358  Finsky:background       com.android.vending:background       I  [2] RF: Group=com.google.android.gms totalBytesDownloaded= 3813542 / 3813542 for 1 artifacts
2025-11-18 00:33:31.999  5358-5393  Finsky:background       com.android.vending:background       I  [58] IV2: onTaskProgress com.google.android.gms[iid:1] [isid:myrje2KWRH28JdonGI7O8w] status:RESOURCE_FETCH_PROGRESS, size: 3813542/3813542
2025-11-18 00:33:32.000  5358-5393  Finsky:background       com.android.vending:background       I  [58] IV2: onTaskProgress com.google.android.gms[iid:1] [isid:myrje2KWRH28JdonGI7O8w] status:RESOURCE_FETCH_PROGRESS, size: 3813542/3813542
2025-11-18 00:33:32.000  5358-5735  Finsky:background       com.android.vending:background       I  [120] DU: Stored data usage stats for package com.google.android.gms; completed bytes: 3813542.
2025-11-18 00:33:32.001  5358-5388  Finsky:background       com.android.vending:background       I  [53] RF: starting postprocessing for maps_core_dynamite_ondemand
2025-11-18 00:33:32.002  5358-5392  Finsky:background       com.android.vending:background       I  [57] RF::PP-Decompress: starting to decompress for com.google.android.gms[iid:1] [isid:myrje2KWRH28JdonGI7O8w] [tid: 1000000001].
2025-11-18 00:33:32.002  5358-5401  Finsky:background       com.android.vending:background       I  [66] IQ: Notifying installation update. [Package:com.google.android.gms, isid:myrje2KWRH28JdonGI7O8w], status=DOWNLOADING, status_code=0, reason=SplitInstallService, tsc=PT1.654S, attempt=0
2025-11-18 00:33:32.002  5358-5390  Finsky:background       com.android.vending:background       I  [55] RF::PP-Copy: starting to copy for com.google.android.gms[iid:1] [isid:myrje2KWRH28JdonGI7O8w] [tid: 1000000001]
2025-11-18 00:33:32.004  5358-5689  Finsky:background       com.android.vending:background       I  [99] RF::PP-Copy: Starting copy of maps_core_dynamite_ondemand
2025-11-18 00:33:32.004  5358-5689  Finsky:background       com.android.vending:background       I  [99] RF::PP-Copy: OutputStream opened for maps_core_dynamite_ondemand
2025-11-18 00:33:32.004  5358-5689  Finsky:background       com.android.vending:background       I  [99] RF::PP-Copy: Start copying from input stream for maps_core_dynamite_ondemand
2025-11-18 00:33:32.010  5358-5358  Finsky:background       com.android.vending:background       I  [2] PIM: Ignore install package event for: com.google.android.gms, isid: myrje2KWRH28JdonGI7O8w
2025-11-18 00:33:32.011  5358-5401  Finsky:background       com.android.vending:background       I  [66] IQ: Notifying installation update. [Package:com.google.android.gms, isid:myrje2KWRH28JdonGI7O8w], status=DOWNLOADING, status_code=0, reason=SplitInstallService, tsc=PT1.663S, attempt=0
2025-11-18 00:33:32.011  6428-6428  Finsky                  com.android.vending                  I  [2] DL: Data loader session turned off due to Incremental install not requested: com.google.android.gms
2025-11-18 00:33:32.011  6428-6428  Finsky                  com.android.vending                  I  [2] IQ::HLD: if pauseAppUpdates is called now, it must wait for these ongoing installs: [[Package:com.google.android.gms, isid:myrje2KWRH28JdonGI7O8w]]
2025-11-18 00:33:32.019  5358-5358  Finsky:background       com.android.vending:background       I  [2] PIM: Ignore install package event for: com.google.android.gms, isid: myrje2KWRH28JdonGI7O8w
2025-11-18 00:33:32.021  6428-6428  Finsky                  com.android.vending                  I  [2] DL: Data loader session turned off due to Incremental install not requested: com.google.android.gms
2025-11-18 00:33:32.021  6428-6428  Finsky                  com.android.vending                  I  [2] IQ::HLD: if pauseAppUpdates is called now, it must wait for these ongoing installs: [[Package:com.google.android.gms, isid:myrje2KWRH28JdonGI7O8w]]
2025-11-18 00:33:32.068  5358-5689  Finsky:background       com.android.vending:background       I  [99] RF::PP-Copy: Finished copying from input stream for maps_core_dynamite_ondemand
2025-11-18 00:33:32.080  5358-5394  Finsky:background       com.android.vending:background       I  [59] RF::PP-Verify: starting to verify for com.google.android.gms[iid:1] [isid:myrje2KWRH28JdonGI7O8w] [tid: 1000000001].
2025-11-18 00:33:32.086  5358-5395  Finsky:background       com.android.vending:background       I  [60] RF::TC: Deleting temp copy: maps_core_dynamite_ondemand
2025-11-18 00:33:32.086  5358-5395  Finsky:background       com.android.vending:background       I  [60] RM: remove resources for request 6eebb2b0-5e75-479a-ad36-63d55e3a3d5c
2025-11-18 00:33:32.087  5358-5395  Finsky:background       com.android.vending:background       I  [60] RM: remove resourceRequestId=6eebb2b0-5e75-479a-ad36-63d55e3a3d5c requestId=31 package=com.google.android.gms artifact=maps_core_dynamite_ondemand isid=myrje2KWRH28JdonGI7O8w
2025-11-18 00:33:32.087  5358-5395  Finsky:background       com.android.vending:background       I  [60] DSC: remove(31)
2025-11-18 00:33:32.087  5358-5395  Finsky:background       com.android.vending:background       I  [60] DS: remove(request_id=31)
2025-11-18 00:33:32.098  5358-5668  Finsky:background       com.android.vending:background       I  [92] DS: DS: onRemove(request_id=31, files_to_download=[maps_core_dynamite_ondemand(size:3813542)], context[group_id=com.google.android.gms:myrje2KWRH28JdonGI7O8w], display_data[invisible=false, title=Play support libraries update], network_restrictions=ANY_NETWORK status=succeeded, bytes_downloaded=3813542, total_bytes=3813542, retry[count=0, next_retry=n/a])
2025-11-18 00:33:32.109  5358-5393  Finsky:background       com.android.vending:background       I  [58] IV2::TD: Resource fetch done. com.google.android.gms[iid:1] [isid:myrje2KWRH28JdonGI7O8w] [tid: 1000000001]
2025-11-18 00:33:32.109  5358-5393  Finsky:background       com.android.vending:background       I  [58] IV2::TD: Installing start. com.google.android.gms[iid:1] [isid:myrje2KWRH28JdonGI7O8w] [tid: 1000000001]
2025-11-18 00:33:32.109  5358-5393  Finsky:background       com.android.vending:background       I  [58] IV2::TD: Submit start. com.google.android.gms[iid:1] [isid:myrje2KWRH28JdonGI7O8w] [tid: 1000000001]
2025-11-18 00:33:32.110  5358-5393  Finsky:background       com.android.vending:background       I  [58] IV2: onTaskProgress com.google.android.gms[iid:1] [isid:myrje2KWRH28JdonGI7O8w] status:RESOURCE_FETCH_DONE).
2025-11-18 00:33:32.110  5358-5393  Finsky:background       com.android.vending:background       I  [58] IV2: stopping install timeout for 1
2025-11-18 00:33:32.110  5358-5393  Finsky:background       com.android.vending:background       I  [58] IV2: onTaskProgress com.google.android.gms[iid:1] [isid:myrje2KWRH28JdonGI7O8w] status:SUBMIT_START, size: 0/0
2025-11-18 00:33:32.111  5358-5394  Finsky:background       com.android.vending:background       I  [59] IQ: start evaluating install requests.
2025-11-18 00:33:32.112  5358-5401  Finsky:background       com.android.vending:background       I  [66] IQ: Notifying installation update. [Package:com.google.android.gms, isid:myrje2KWRH28JdonGI7O8w], status=INSTALLING, status_code=0, reason=SplitInstallService, tsc=PT1.764S, attempt=0
2025-11-18 00:33:32.116  5358-5390  Finsky:background       com.android.vending:background       I  [55] Submitter: submit com.google.android.gms to the commit queue
2025-11-18 00:33:32.117  5358-5390  Finsky:background       com.android.vending:background       I  [55] Submitter: CS: enqueued commit for com.google.android.gms. Current queue: []
2025-11-18 00:33:32.117  5358-5388  Finsky:background       com.android.vending:background       I  [53] Submitter: CS: dequeued commit for com.google.android.gms. Waited 0 ms. Current queue: [com.google.android.gms]
2025-11-18 00:33:32.117  5358-5388  Finsky:background       com.android.vending:background       I  [53] Submitter: start committing com.google.android.gms
2025-11-18 00:33:32.120  5358-5394  Finsky:background       com.android.vending:background       I  [59] IQ: There are 0 installs pending for job 5: []
2025-11-18 00:33:32.120  5358-5394  Finsky:background       com.android.vending:background       I  [59] IQ: No matching installs to run for jobs: [5]
2025-11-18 00:33:32.125  5358-5358  Finsky:background       com.android.vending:background       I  [2] PIM: Ignore install package event for: com.google.android.gms, isid: myrje2KWRH28JdonGI7O8w
2025-11-18 00:33:32.128   753-2492  SystemServiceRegistry   system_server                        E  No service published for: persistent_data_block (Ask Gemini)
                                                                                                    android.os.ServiceManager$ServiceNotFoundException: No service published for: persistent_data_block
                                                                                                    	at android.os.ServiceManager.getServiceOrThrow(ServiceManager.java:203)
                                                                                                    	at android.app.SystemServiceRegistry$82.createService(SystemServiceRegistry.java:1110)
                                                                                                    	at android.app.SystemServiceRegistry$82.createService(SystemServiceRegistry.java:1107)
                                                                                                    	at android.app.SystemServiceRegistry$StaticServiceFetcher.getService(SystemServiceRegistry.java:2405)
                                                                                                    	at android.app.SystemServiceRegistry.getSystemService(SystemServiceRegistry.java:1918)
                                                                                                    	at android.app.ContextImpl.getSystemService(ContextImpl.java:2315)
