2025-12-08 17:13:29.749 11569-11609 MdmCommandReceiver      com.cdccreditsmart.app               D  ðŸ”‹ WakeLock adquirido para comando MDM b0eb9611-0609-4dd9-be13-156aa4c81308
2025-12-08 17:13:29.749 11569-11609 MdmCommandReceiver      com.cdccreditsmart.app               D  ðŸ“¡ Enviando ACK: POST /api/apk/device/commands/b0eb9611-0609-4dd9-be13-156aa4c81308/status
2025-12-08 17:13:29.750 11569-11793 okhttp.OkHttpClient     com.cdccreditsmart.app               I  --> POST https://cdccreditsmart.com/api/apk/device/commands/b0eb9611-0609-4dd9-be13-156aa4c81308/status
2025-12-08 17:13:29.750 11569-11793 okhttp.OkHttpClient     com.cdccreditsmart.app               I  Content-Type: application/json; charset=UTF-8
2025-12-08 17:13:29.750 11569-11793 okhttp.OkHttpClient     com.cdccreditsmart.app               I  Content-Length: 25
2025-12-08 17:13:29.750 11569-11793 okhttp.OkHttpClient     com.cdccreditsmart.app               I  {"status":"acknowledged"}
2025-12-08 17:13:29.750 11569-11793 okhttp.OkHttpClient     com.cdccreditsmart.app               I  --> END POST (25-byte body)
2025-12-08 17:13:29.761 11569-11793 SecureTokenStorage      com.cdccreditsmart.app               D  EncryptedSharedPreferences initialized successfully
2025-12-08 17:13:29.967 11569-11793 okhttp.OkHttpClient     com.cdccreditsmart.app               I  <-- 404 https://cdccreditsmart.com/api/apk/device/commands/b0eb9611-0609-4dd9-be13-156aa4c81308/status (216ms)
2025-12-08 17:13:29.967 11569-11793 okhttp.OkHttpClient     com.cdccreditsmart.app               I  access-control-allow-credentials: true
2025-12-08 17:13:29.967 11569-11793 okhttp.OkHttpClient     com.cdccreditsmart.app               I  access-control-allow-headers: Origin, X-Requested-With, Content-Type, Accept, Authorization, x-client-key, x-client-token, x-client-secret, cache-control
2025-12-08 17:13:29.967 11569-11793 okhttp.OkHttpClient     com.cdccreditsmart.app               I  access-control-allow-methods: GET, POST, PUT, PATCH, DELETE, OPTIONS
2025-12-08 17:13:29.967 11569-11793 okhttp.OkHttpClient     com.cdccreditsmart.app               I  access-control-allow-origin: *
2025-12-08 17:13:29.967 11569-11793 okhttp.OkHttpClient     com.cdccreditsmart.app               I  access-control-max-age: 86400
2025-12-08 17:13:29.967 11569-11793 okhttp.OkHttpClient     com.cdccreditsmart.app               I  content-length: 497
2025-12-08 17:13:29.967 11569-11793 okhttp.OkHttpClient     com.cdccreditsmart.app               I  content-security-policy: default-src 'self'; script-src 'self' 'unsafe-inline' 'unsafe-eval' https://replit.com; style-src 'self' 'unsafe-inline' https://replit.com; img-src 'self' data: https:; font-src 'self' data: https://replit.com; connect-src 'self';
2025-12-08 17:13:29.967 11569-11793 okhttp.OkHttpClient     com.cdccreditsmart.app               I  content-type: application/json; charset=utf-8
2025-12-08 17:13:29.967 11569-11793 okhttp.OkHttpClient     com.cdccreditsmart.app               I  date: Mon, 08 Dec 2025 20:13:31 GMT
2025-12-08 17:13:29.967 11569-11793 okhttp.OkHttpClient     com.cdccreditsmart.app               I  etag: W/"1f1-YOyVznHxpXS4hAUmS4ngAZiByHo"
2025-12-08 17:13:29.967 11569-11793 okhttp.OkHttpClient     com.cdccreditsmart.app               I  permissions-policy: geolocation=(), microphone=(), camera=()
2025-12-08 17:13:29.967 11569-11793 okhttp.OkHttpClient     com.cdccreditsmart.app               I  referrer-policy: strict-origin-when-cross-origin
2025-12-08 17:13:29.967 11569-11793 okhttp.OkHttpClient     com.cdccreditsmart.app               I  strict-transport-security: max-age=63072000; includeSubDomains
2025-12-08 17:13:29.967 11569-11793 okhttp.OkHttpClient     com.cdccreditsmart.app               I  strict-transport-security: max-age=31536000; includeSubDomains
2025-12-08 17:13:29.967 11569-11793 okhttp.OkHttpClient     com.cdccreditsmart.app               I  x-anti-fraud-protection: active
2025-12-08 17:13:29.967 11569-11793 okhttp.OkHttpClient     com.cdccreditsmart.app               I  x-certificate-pinning-enabled: false
2025-12-08 17:13:29.967 11569-11793 okhttp.OkHttpClient     com.cdccreditsmart.app               I  x-certificate-pinning-status: disabled-for-stability
2025-12-08 17:13:29.967 11569-11793 okhttp.OkHttpClient     com.cdccreditsmart.app               I  x-content-type-options: nosniff
2025-12-08 17:13:29.967 11569-11793 okhttp.OkHttpClient     com.cdccreditsmart.app               I  x-financial-data-protection: enabled
2025-12-08 17:13:29.967 11569-11793 okhttp.OkHttpClient     com.cdccreditsmart.app               I  x-frame-options: DENY
2025-12-08 17:13:29.967 11569-11793 okhttp.OkHttpClient     com.cdccreditsmart.app               I  x-transaction-security-level: maximum
2025-12-08 17:13:29.967 11569-11793 okhttp.OkHttpClient     com.cdccreditsmart.app               I  x-xss-protection: 1; mode=block
2025-12-08 17:13:29.967 11569-11793 okhttp.OkHttpClient     com.cdccreditsmart.app               I  via: 1.1 google
2025-12-08 17:13:29.967 11569-11793 okhttp.OkHttpClient     com.cdccreditsmart.app               I  alt-svc: h3=":443"; ma=2592000,h3-29=":443"; ma=2592000
2025-12-08 17:13:29.968 11569-11793 okhttp.OkHttpClient     com.cdccreditsmart.app               I  {"error":"API endpoint not found","message":"Rota APK nÃ£o encontrada","path":"/","method":"POST","timestamp":"2025-12-08T20:13:31.943Z","available_endpoints":["GET /api/apk/device/{serial}/status","POST /api/apk/device/{fingerprint}/sync","POST /api/apk/device/{fingerprint}/register-info","POST /api/apk/auth","GET /api/apk/device/{identifier}/commands","POST /api/apk/device/commands/{commandId}/status","POST /api/apk/device/{identifier}/command-response","GET /api/apk/device/commands/test"]}
2025-12-08 17:13:29.968 11569-11793 okhttp.OkHttpClient     com.cdccreditsmart.app               I  <-- END HTTP (497-byte body)
2025-12-08 17:13:29.969 11569-11609 MdmCommandReceiver      com.cdccreditsmart.app               W  âš ï¸ Endpoint status falhou (HTTP 404), tentando fallback...
2025-12-08 17:13:29.970 11569-11609 SecureTokenStorage      com.cdccreditsmart.app               D  âš ï¸ Usando Serial Number para MDM (IMEI indisponÃ­vel): XV8W57...
2025-12-08 17:13:29.970 11569-11609 MdmCommandReceiver      com.cdccreditsmart.app               D  ðŸ“¡ Fallback: POST /api/apk/device/XV8W5766/command-response
2025-12-08 17:13:29.972 11569-11793 okhttp.OkHttpClient     com.cdccreditsmart.app               I  --> POST https://cdccreditsmart.com/api/apk/device/XV8W5766/command-response
2025-12-08 17:13:29.972 11569-11793 okhttp.OkHttpClient     com.cdccreditsmart.app               I  Content-Type: application/json; charset=UTF-8
2025-12-08 17:13:29.972 11569-11793 okhttp.OkHttpClient     com.cdccreditsmart.app               I  Content-Length: 76
2025-12-08 17:13:29.972 11569-11793 okhttp.OkHttpClient     com.cdccreditsmart.app               I  {"commandId":"b0eb9611-0609-4dd9-be13-156aa4c81308","status":"acknowledged"}
2025-12-08 17:13:29.972 11569-11793 okhttp.OkHttpClient     com.cdccreditsmart.app               I  --> END POST (76-byte body)
2025-12-08 17:13:29.983 11569-11793 SecureTokenStorage      com.cdccreditsmart.app               D  EncryptedSharedPreferences initialized successfully
2025-12-08 17:13:30.494 11569-11793 okhttp.OkHttpClient     com.cdccreditsmart.app               I  <-- 200 https://cdccreditsmart.com/api/apk/device/XV8W5766/command-response (521ms)
2025-12-08 17:13:30.494 11569-11793 okhttp.OkHttpClient     com.cdccreditsmart.app               I  access-control-allow-credentials: true
2025-12-08 17:13:30.494 11569-11793 okhttp.OkHttpClient     com.cdccreditsmart.app               I  access-control-allow-headers: Origin, X-Requested-With, Content-Type, Accept, Authorization, x-client-key, x-client-token, x-client-secret, cache-control
2025-12-08 17:13:30.494 11569-11793 okhttp.OkHttpClient     com.cdccreditsmart.app               I  access-control-allow-methods: GET, POST, PUT, PATCH, DELETE, OPTIONS
2025-12-08 17:13:30.494 11569-11793 okhttp.OkHttpClient     com.cdccreditsmart.app               I  access-control-allow-origin: *
2025-12-08 17:13:30.494 11569-11793 okhttp.OkHttpClient     com.cdccreditsmart.app               I  access-control-max-age: 86400
2025-12-08 17:13:30.494 11569-11793 okhttp.OkHttpClient     com.cdccreditsmart.app               I  content-length: 59
2025-12-08 17:13:30.494 11569-11793 okhttp.OkHttpClient     com.cdccreditsmart.app               I  content-security-policy: default-src 'self'; script-src 'self' 'unsafe-inline' 'unsafe-eval' https://replit.com; style-src 'self' 'unsafe-inline' https://replit.com; img-src 'self' data: https:; font-src 'self' data: https://replit.com; connect-src 'self';
2025-12-08 17:13:30.494 11569-11793 okhttp.OkHttpClient     com.cdccreditsmart.app               I  content-type: application/json; charset=utf-8
2025-12-08 17:13:30.494 11569-11793 okhttp.OkHttpClient     com.cdccreditsmart.app               I  date: Mon, 08 Dec 2025 20:13:32 GMT
2025-12-08 17:13:30.494 11569-11793 okhttp.OkHttpClient     com.cdccreditsmart.app               I  etag: W/"3b-9gCHwmPb8p6jYm5WExczQnIIdAU"
2025-12-08 17:13:30.494 11569-11793 okhttp.OkHttpClient     com.cdccreditsmart.app               I  permissions-policy: geolocation=(), microphone=(), camera=()
2025-12-08 17:13:30.494 11569-11793 okhttp.OkHttpClient     com.cdccreditsmart.app               I  referrer-policy: strict-origin-when-cross-origin
2025-12-08 17:13:30.494 11569-11793 okhttp.OkHttpClient     com.cdccreditsmart.app               I  strict-transport-security: max-age=63072000; includeSubDomains
2025-12-08 17:13:30.494 11569-11793 okhttp.OkHttpClient     com.cdccreditsmart.app               I  strict-transport-security: max-age=31536000; includeSubDomains
2025-12-08 17:13:30.494 11569-11793 okhttp.OkHttpClient     com.cdccreditsmart.app               I  x-anti-fraud-protection: active
2025-12-08 17:13:30.494 11569-11793 okhttp.OkHttpClient     com.cdccreditsmart.app               I  x-certificate-pinning-enabled: false
2025-12-08 17:13:30.494 11569-11793 okhttp.OkHttpClient     com.cdccreditsmart.app               I  x-certificate-pinning-status: disabled-for-stability
2025-12-08 17:13:30.494 11569-11793 okhttp.OkHttpClient     com.cdccreditsmart.app               I  x-content-type-options: nosniff
2025-12-08 17:13:30.494 11569-11793 okhttp.OkHttpClient     com.cdccreditsmart.app               I  x-financial-data-protection: enabled
2025-12-08 17:13:30.494 11569-11793 okhttp.OkHttpClient     com.cdccreditsmart.app               I  x-frame-options: DENY
2025-12-08 17:13:30.494 11569-11793 okhttp.OkHttpClient     com.cdccreditsmart.app               I  x-transaction-security-level: maximum
2025-12-08 17:13:30.494 11569-11793 okhttp.OkHttpClient     com.cdccreditsmart.app               I  x-xss-protection: 1; mode=block
2025-12-08 17:13:30.494 11569-11793 okhttp.OkHttpClient     com.cdccreditsmart.app               I  via: 1.1 google
2025-12-08 17:13:30.494 11569-11793 okhttp.OkHttpClient     com.cdccreditsmart.app               I  alt-svc: h3=":443"; ma=2592000,h3-29=":443"; ma=2592000
2025-12-08 17:13:30.496 11569-11793 okhttp.OkHttpClient     com.cdccreditsmart.app               I  {"success":true,"message":"Resposta do comando registrada"}
2025-12-08 17:13:30.496 11569-11793 okhttp.OkHttpClient     com.cdccreditsmart.app               I  <-- END HTTP (59-byte body)
2025-12-08 17:13:30.497 11569-11609 MdmCommandReceiver      com.cdccreditsmart.app               I  âœ… ACK enviado via fallback para comando b0eb9611-0609-4dd9-be13-156aa4c81308
2025-12-08 17:13:30.497 11569-11609 MdmCommandReceiver      com.cdccreditsmart.app               I  âš™ï¸ Level: 6, Days: 0
2025-12-08 17:13:30.497 11569-11609 MdmCommandReceiver      com.cdccreditsmart.app               I  ðŸ”’ Aplicando bloqueio progressivo...
2025-12-08 17:13:30.497 11569-11609 AppBlockingManager      com.cdccreditsmart.app               I  ðŸ”’ Aplicando bloqueio progressivo - NÃ­vel 6
2025-12-08 17:13:30.497 11569-11609 AppBlockingManager      com.cdccreditsmart.app               D  Dias de atraso: 0
2025-12-08 17:13:30.497 11569-11609 AppBlockingManager      com.cdccreditsmart.app               D  RazÃ£o: Bloqueio manual forÃ§ado para nÃ­vel 6 pelo administrador
2025-12-08 17:13:30.497 11569-11609 AppBlockingManager      com.cdccreditsmart.app               D  Categorias recebidas: [photos, gallery, video_players, web_browsers, youtube, music_players, play_store, games, social_media, all_apps_except_whatsapp, entertainment, social_media_non_work, non_essential_apps]
2025-12-08 17:13:30.498 11569-11609 AppBlockingManager      com.cdccreditsmart.app               E  âŒ App nÃ£o Ã© Device Owner - nÃ£o pode bloquear apps
2025-12-08 17:13:30.498 11569-11609 MdmCommandReceiver      com.cdccreditsmart.app               I  âœ… Bloqueio aplicado - Success: false, Apps: 0
2025-12-08 17:13:30.499 11569-11609 MdmCommandReceiver      com.cdccreditsmart.app               D  ðŸ“¡ Enviando response para comando: b0eb9611-0609-4dd9-be13-156aa4c81308
2025-12-08 17:13:30.499 11569-11609 MdmCommandReceiver      com.cdccreditsmart.app               D  ðŸ“¡ Status: failed
2025-12-08 17:13:30.499 11569-11609 MdmCommandReceiver      com.cdccreditsmart.app               D  ðŸ“¡ Enviando: POST /api/apk/device/commands/b0eb9611-0609-4dd9-be13-156aa4c81308/status
2025-12-08 17:13:30.500 11569-11793 okhttp.OkHttpClient     com.cdccreditsmart.app               I  --> POST https://cdccreditsmart.com/api/apk/device/commands/b0eb9611-0609-4dd9-be13-156aa4c81308/status
2025-12-08 17:13:30.500 11569-11793 okhttp.OkHttpClient     com.cdccreditsmart.app               I  Content-Type: application/json; charset=UTF-8
2025-12-08 17:13:30.500 11569-11793 okhttp.OkHttpClient     com.cdccreditsmart.app               I  Content-Length: 140
2025-12-08 17:13:30.500 11569-11793 okhttp.OkHttpClient     com.cdccreditsmart.app               I  {"status":"failed","result":{"success":false,"errorMessage":"App nÃ£o Ã© Device Owner - nÃ£o pode bloquear apps","timestamp":1765224810499}}
2025-12-08 17:13:30.500 11569-11793 okhttp.OkHttpClient     com.cdccreditsmart.app               I  --> END POST (140-byte body)
2025-12-08 17:13:30.524 11569-11793 SecureTokenStorage      com.cdccreditsmart.app               D  EncryptedSharedPreferences initialized successfully
2025-12-08 17:13:30.735 11569-11793 okhttp.OkHttpClient     com.cdccreditsmart.app               I  <-- 404 https://cdccreditsmart.com/api/apk/device/commands/b0eb9611-0609-4dd9-be13-156aa4c81308/status (235ms)
2025-12-08 17:13:30.735 11569-11793 okhttp.OkHttpClient     com.cdccreditsmart.app               I  access-control-allow-credentials: true
2025-12-08 17:13:30.735 11569-11793 okhttp.OkHttpClient     com.cdccreditsmart.app               I  access-control-allow-headers: Origin, X-Requested-With, Content-Type, Accept, Authorization, x-client-key, x-client-token, x-client-secret, cache-control
2025-12-08 17:13:30.735 11569-11793 okhttp.OkHttpClient     com.cdccreditsmart.app               I  access-control-allow-methods: GET, POST, PUT, PATCH, DELETE, OPTIONS
2025-12-08 17:13:30.735 11569-11793 okhttp.OkHttpClient     com.cdccreditsmart.app               I  access-control-allow-origin: *
2025-12-08 17:13:30.735 11569-11793 okhttp.OkHttpClient     com.cdccreditsmart.app               I  access-control-max-age: 86400
2025-12-08 17:13:30.735 11569-11793 okhttp.OkHttpClient     com.cdccreditsmart.app               I  content-length: 497
2025-12-08 17:13:30.735 11569-11793 okhttp.OkHttpClient     com.cdccreditsmart.app               I  content-security-policy: default-src 'self'; script-src 'self' 'unsafe-inline' 'unsafe-eval' https://replit.com; style-src 'self' 'unsafe-inline' https://replit.com; img-src 'self' data: https:; font-src 'self' data: https://replit.com; connect-src 'self';
2025-12-08 17:13:30.736 11569-11793 okhttp.OkHttpClient     com.cdccreditsmart.app               I  content-type: application/json; charset=utf-8
2025-12-08 17:13:30.736 11569-11793 okhttp.OkHttpClient     com.cdccreditsmart.app               I  date: Mon, 08 Dec 2025 20:13:32 GMT
2025-12-08 17:13:30.736 11569-11793 okhttp.OkHttpClient     com.cdccreditsmart.app               I  etag: W/"1f1-j+vxIxtiiajoEAp2qvBalKY6ErU"
2025-12-08 17:13:30.736 11569-11793 okhttp.OkHttpClient     com.cdccreditsmart.app               I  permissions-policy: geolocation=(), microphone=(), camera=()
2025-12-08 17:13:30.736 11569-11793 okhttp.OkHttpClient     com.cdccreditsmart.app               I  referrer-policy: strict-origin-when-cross-origin
2025-12-08 17:13:30.736 11569-11793 okhttp.OkHttpClient     com.cdccreditsmart.app               I  strict-transport-security: max-age=63072000; includeSubDomains
2025-12-08 17:13:30.736 11569-11793 okhttp.OkHttpClient     com.cdccreditsmart.app               I  strict-transport-security: max-age=31536000; includeSubDomains
2025-12-08 17:13:30.736 11569-11793 okhttp.OkHttpClient     com.cdccreditsmart.app               I  x-anti-fraud-protection: active
2025-12-08 17:13:30.736 11569-11793 okhttp.OkHttpClient     com.cdccreditsmart.app               I  x-certificate-pinning-enabled: false
2025-12-08 17:13:30.736 11569-11793 okhttp.OkHttpClient     com.cdccreditsmart.app               I  x-certificate-pinning-status: disabled-for-stability
2025-12-08 17:13:30.736 11569-11793 okhttp.OkHttpClient     com.cdccreditsmart.app               I  x-content-type-options: nosniff
2025-12-08 17:13:30.736 11569-11793 okhttp.OkHttpClient     com.cdccreditsmart.app               I  x-financial-data-protection: enabled
2025-12-08 17:13:30.736 11569-11793 okhttp.OkHttpClient     com.cdccreditsmart.app               I  x-frame-options: DENY
2025-12-08 17:13:30.736 11569-11793 okhttp.OkHttpClient     com.cdccreditsmart.app               I  x-transaction-security-level: maximum
2025-12-08 17:13:30.736 11569-11793 okhttp.OkHttpClient     com.cdccreditsmart.app               I  x-xss-protection: 1; mode=block
2025-12-08 17:13:30.736 11569-11793 okhttp.OkHttpClient     com.cdccreditsmart.app               I  via: 1.1 google
2025-12-08 17:13:30.736 11569-11793 okhttp.OkHttpClient     com.cdccreditsmart.app               I  alt-svc: h3=":443"; ma=2592000,h3-29=":443"; ma=2592000
2025-12-08 17:13:30.737 11569-11793 okhttp.OkHttpClient     com.cdccreditsmart.app               I  {"error":"API endpoint not found","message":"Rota APK nÃ£o encontrada","path":"/","method":"POST","timestamp":"2025-12-08T20:13:32.710Z","available_endpoints":["GET /api/apk/device/{serial}/status","POST /api/apk/device/{fingerprint}/sync","POST /api/apk/device/{fingerprint}/register-info","POST /api/apk/auth","GET /api/apk/device/{identifier}/commands","POST /api/apk/device/commands/{commandId}/status","POST /api/apk/device/{identifier}/command-response","GET /api/apk/device/commands/test"]}
2025-12-08 17:13:30.737 11569-11793 okhttp.OkHttpClient     com.cdccreditsmart.app               I  <-- END HTTP (497-byte body)
2025-12-08 17:13:30.739 11569-11609 MdmCommandReceiver      com.cdccreditsmart.app               W  âš ï¸ Endpoint status falhou (HTTP 404), tentando fallback...
2025-12-08 17:13:30.741 11569-11609 SecureTokenStorage      com.cdccreditsmart.app               D  âš ï¸ Usando Serial Number para MDM (IMEI indisponÃ­vel): XV8W57...
2025-12-08 17:13:30.741 11569-11609 MdmCommandReceiver      com.cdccreditsmart.app               D  ðŸ“¡ Fallback: Usando endpoint legado: POST /api/apk/device/XV8W5766/command-response
2025-12-08 17:13:30.744 11569-11793 okhttp.OkHttpClient     com.cdccreditsmart.app               I  --> POST https://cdccreditsmart.com/api/apk/device/XV8W5766/command-response
2025-12-08 17:13:30.744 11569-11793 okhttp.OkHttpClient     com.cdccreditsmart.app               I  Content-Type: application/json; charset=UTF-8
2025-12-08 17:13:30.744 11569-11793 okhttp.OkHttpClient     com.cdccreditsmart.app               I  Content-Length: 138
2025-12-08 17:13:30.744 11569-11793 okhttp.OkHttpClient     com.cdccreditsmart.app               I  {"commandId":"b0eb9611-0609-4dd9-be13-156aa4c81308","status":"failed","errorMessage":"App nÃ£o Ã© Device Owner - nÃ£o pode bloquear apps"}
2025-12-08 17:13:30.744 11569-11793 okhttp.OkHttpClient     com.cdccreditsmart.app               I  --> END POST (138-byte body)
2025-12-08 17:13:30.757 11569-11793 SecureTokenStorage      com.cdccreditsmart.app               D  EncryptedSharedPreferences initialized successfully
2025-12-08 17:13:31.187 11569-11793 okhttp.OkHttpClient     com.cdccreditsmart.app               I  <-- 200 https://cdccreditsmart.com/api/apk/device/XV8W5766/command-response (442ms)
2025-12-08 17:13:31.187 11569-11793 okhttp.OkHttpClient     com.cdccreditsmart.app               I  access-control-allow-credentials: true
2025-12-08 17:13:31.187 11569-11793 okhttp.OkHttpClient     com.cdccreditsmart.app               I  access-control-allow-headers: Origin, X-Requested-With, Content-Type, Accept, Authorization, x-client-key, x-client-token, x-client-secret, cache-control
2025-12-08 17:13:31.187 11569-11793 okhttp.OkHttpClient     com.cdccreditsmart.app               I  access-control-allow-methods: GET, POST, PUT, PATCH, DELETE, OPTIONS
2025-12-08 17:13:31.187 11569-11793 okhttp.OkHttpClient     com.cdccreditsmart.app               I  access-control-allow-origin: *
2025-12-08 17:13:31.187 11569-11793 okhttp.OkHttpClient     com.cdccreditsmart.app               I  access-control-max-age: 86400
2025-12-08 17:13:31.187 11569-11793 okhttp.OkHttpClient     com.cdccreditsmart.app               I  content-length: 59
2025-12-08 17:13:31.187 11569-11793 okhttp.OkHttpClient     com.cdccreditsmart.app               I  content-security-policy: default-src 'self'; script-src 'self' 'unsafe-inline' 'unsafe-eval' https://replit.com; style-src 'self' 'unsafe-inline' https://replit.com; img-src 'self' data: https:; font-src 'self' data: https://replit.com; connect-src 'self';
2025-12-08 17:13:31.187 11569-11793 okhttp.OkHttpClient     com.cdccreditsmart.app               I  content-type: application/json; charset=utf-8
2025-12-08 17:13:31.187 11569-11793 okhttp.OkHttpClient     com.cdccreditsmart.app               I  date: Mon, 08 Dec 2025 20:13:33 GMT
2025-12-08 17:13:31.187 11569-11793 okhttp.OkHttpClient     com.cdccreditsmart.app               I  etag: W/"3b-9gCHwmPb8p6jYm5WExczQnIIdAU"
2025-12-08 17:13:31.187 11569-11793 okhttp.OkHttpClient     com.cdccreditsmart.app               I  permissions-policy: geolocation=(), microphone=(), camera=()
2025-12-08 17:13:31.187 11569-11793 okhttp.OkHttpClient     com.cdccreditsmart.app               I  referrer-policy: strict-origin-when-cross-origin
2025-12-08 17:13:31.187 11569-11793 okhttp.OkHttpClient     com.cdccreditsmart.app               I  strict-transport-security: max-age=63072000; includeSubDomains
2025-12-08 17:13:31.187 11569-11793 okhttp.OkHttpClient     com.cdccreditsmart.app               I  strict-transport-security: max-age=31536000; includeSubDomains
2025-12-08 17:13:31.187 11569-11793 okhttp.OkHttpClient     com.cdccreditsmart.app               I  x-anti-fraud-protection: active
2025-12-08 17:13:31.187 11569-11793 okhttp.OkHttpClient     com.cdccreditsmart.app               I  x-certificate-pinning-enabled: false
2025-12-08 17:13:31.187 11569-11793 okhttp.OkHttpClient     com.cdccreditsmart.app               I  x-certificate-pinning-status: disabled-for-stability
2025-12-08 17:13:31.187 11569-11793 okhttp.OkHttpClient     com.cdccreditsmart.app               I  x-content-type-options: nosniff
2025-12-08 17:13:31.187 11569-11793 okhttp.OkHttpClient     com.cdccreditsmart.app               I  x-financial-data-protection: enabled
2025-12-08 17:13:31.187 11569-11793 okhttp.OkHttpClient     com.cdccreditsmart.app               I  x-frame-options: DENY
2025-12-08 17:13:31.187 11569-11793 okhttp.OkHttpClient     com.cdccreditsmart.app               I  x-transaction-security-level: maximum
2025-12-08 17:13:31.187 11569-11793 okhttp.OkHttpClient     com.cdccreditsmart.app               I  x-xss-protection: 1; mode=block
2025-12-08 17:13:31.187 11569-11793 okhttp.OkHttpClient     com.cdccreditsmart.app               I  via: 1.1 google
2025-12-08 17:13:31.187 11569-11793 okhttp.OkHttpClient     com.cdccreditsmart.app               I  alt-svc: h3=":443"; ma=2592000,h3-29=":443"; ma=2592000
2025-12-08 17:13:31.188 11569-11793 okhttp.OkHttpClient     com.cdccreditsmart.app               I  {"success":true,"message":"Resposta do comando registrada"}
2025-12-08 17:13:31.188 11569-11793 okhttp.OkHttpClient     com.cdccreditsmart.app               I  <-- END HTTP (59-byte body)
2025-12-08 17:13:31.189 11569-11609 MdmCommandReceiver      com.cdccreditsmart.app               I  âœ… Response enviado via fallback para comando b0eb9611-0609-4dd9-be13-156aa4c81308: failed
2025-12-08 17:13:31.189 11569-11609 MdmCommandReceiver      com.cdccreditsmart.app               I  ðŸ“‹ ========================================
2025-12-08 17:13:31.189 11569-11609 MdmCommandReceiver      com.cdccreditsmart.app               D  ðŸ“Š Fetch duration: 3649ms
2025-12-08 17:13:32.134 11569-11569 WebSocketManager        com.cdccreditsmart.app               D  Heartbeat ping sent
2025-12-08 17:13:32.185 11569-11609 MdmCommandReceiver      com.cdccreditsmart.app               I  ðŸ” [Polling #2] Verificando comandos pendentes...
2025-12-08 17:13:32.187 11569-11609 SecureTokenStorage      com.cdccreditsmart.app               D  âš ï¸ Usando Serial Number para MDM (IMEI indisponÃ­vel): XV8W57...
2025-12-08 17:13:32.187 11569-11609 MdmCommandReceiver      com.cdccreditsmart.app               I  ðŸ” ========================================
2025-12-08 17:13:32.187 11569-11609 MdmCommandReceiver      com.cdccreditsmart.app               I  ðŸ” BUSCANDO COMANDOS PENDENTES
2025-12-08 17:13:32.187 11569-11609 MdmCommandReceiver      com.cdccreditsmart.app               I  ðŸ” ========================================
2025-12-08 17:13:32.187 11569-11609 MdmCommandReceiver      com.cdccreditsmart.app               I  ðŸ” Identifier: XV8W5766
2025-12-08 17:13:32.187 11569-11609 MdmCommandReceiver      com.cdccreditsmart.app               I  ðŸ” Endpoint: GET /api/apk/device/XV8W5766/commands
2025-12-08 17:13:32.187 11569-11609 MdmCommandReceiver      com.cdccreditsmart.app               D  ðŸ” Executando requisiÃ§Ã£o HTTP (timeout: 15s)...
2025-12-08 17:13:32.189 11569-11793 okhttp.OkHttpClient     com.cdccreditsmart.app               I  --> GET https://cdccreditsmart.com/api/apk/device/XV8W5766/commands
2025-12-08 17:13:32.189 11569-11793 okhttp.OkHttpClient     com.cdccreditsmart.app               I  --> END GET
2025-12-08 17:13:32.205 11569-11793 SecureTokenStorage      com.cdccreditsmart.app               D  EncryptedSharedPreferences initialized successfully
2025-12-08 17:13:32.331 11569-11993 WebSocketManager        com.cdccreditsmart.app               D  Message received: {"type":"pong","timestamp":"2025-12-08T20:13:34.311Z"}...
2025-12-08 17:13:32.332 11569-11993 WebSocketManager        com.cdccreditsmart.app               D  Received message type: pong
2025-12-08 17:13:32.332 11569-11993 WebSocketManager        com.cdccreditsmart.app               D  Pong received
2025-12-08 17:13:32.559 11569-11793 okhttp.OkHttpClient     com.cdccreditsmart.app               I  <-- 200 https://cdccreditsmart.com/api/apk/device/XV8W5766/commands (370ms)
2025-12-08 17:13:32.559 11569-11793 okhttp.OkHttpClient     com.cdccreditsmart.app               I  access-control-allow-credentials: true
2025-12-08 17:13:32.559 11569-11793 okhttp.OkHttpClient     com.cdccreditsmart.app               I  access-control-allow-headers: Origin, X-Requested-With, Content-Type, Accept, Authorization, x-client-key, x-client-token, x-client-secret, cache-control
2025-12-08 17:13:32.559 11569-11793 okhttp.OkHttpClient     com.cdccreditsmart.app               I  access-control-allow-methods: GET, POST, PUT, PATCH, DELETE, OPTIONS
2025-12-08 17:13:32.559 11569-11793 okhttp.OkHttpClient     com.cdccreditsmart.app               I  access-control-allow-origin: *
2025-12-08 17:13:32.559 11569-11793 okhttp.OkHttpClient     com.cdccreditsmart.app               I  access-control-max-age: 86400
2025-12-08 17:13:32.559 11569-11793 okhttp.OkHttpClient     com.cdccreditsmart.app               I  content-length: 105
2025-12-08 17:13:32.559 11569-11793 okhttp.OkHttpClient     com.cdccreditsmart.app               I  content-security-policy: default-src 'self'; script-src 'self' 'unsafe-inline' 'unsafe-eval' https://replit.com; style-src 'self' 'unsafe-inline' https://replit.com; img-src 'self' data: https:; font-src 'self' data: https://replit.com; connect-src 'self';
2025-12-08 17:13:32.559 11569-11793 okhttp.OkHttpClient     com.cdccreditsmart.app               I  content-type: application/json; charset=utf-8
2025-12-08 17:13:32.560 11569-11793 okhttp.OkHttpClient     com.cdccreditsmart.app               I  date: Mon, 08 Dec 2025 20:13:34 GMT
2025-12-08 17:13:32.560 11569-11793 okhttp.OkHttpClient     com.cdccreditsmart.app               I  etag: W/"69-JnxUXIkeOJE9HbxGWOIXIkjIGm0"
2025-12-08 17:13:32.560 11569-11793 okhttp.OkHttpClient     com.cdccreditsmart.app               I  permissions-policy: geolocation=(), microphone=(), camera=()
2025-12-08 17:13:32.560 11569-11793 okhttp.OkHttpClient     com.cdccreditsmart.app               I  referrer-policy: strict-origin-when-cross-origin
2025-12-08 17:13:32.560 11569-11793 okhttp.OkHttpClient     com.cdccreditsmart.app               I  strict-transport-security: max-age=63072000; includeSubDomains
2025-12-08 17:13:32.560 11569-11793 okhttp.OkHttpClient     com.cdccreditsmart.app               I  strict-transport-security: max-age=31536000; includeSubDomains
2025-12-08 17:13:32.560 11569-11793 okhttp.OkHttpClient     com.cdccreditsmart.app               I  x-anti-fraud-protection: active
2025-12-08 17:13:32.560 11569-11793 okhttp.OkHttpClient     com.cdccreditsmart.app               I  x-certificate-pinning-enabled: false
2025-12-08 17:13:32.560 11569-11793 okhttp.OkHttpClient     com.cdccreditsmart.app               I  x-certificate-pinning-status: disabled-for-stability
2025-12-08 17:13:32.560 11569-11793 okhttp.OkHttpClient     com.cdccreditsmart.app               I  x-content-type-options: nosniff
2025-12-08 17:13:32.560 11569-11793 okhttp.OkHttpClient     com.cdccreditsmart.app               I  x-financial-data-protection: enabled
2025-12-08 17:13:32.560 11569-11793 okhttp.OkHttpClient     com.cdccreditsmart.app               I  x-frame-options: DENY
2025-12-08 17:13:32.560 11569-11793 okhttp.OkHttpClient     com.cdccreditsmart.app               I  x-transaction-security-level: maximum
2025-12-08 17:13:32.560 11569-11793 okhttp.OkHttpClient     com.cdccreditsmart.app               I  x-xss-protection: 1; mode=block
2025-12-08 17:13:32.560 11569-11793 okhttp.OkHttpClient     com.cdccreditsmart.app               I  via: 1.1 google
2025-12-08 17:13:32.560 11569-11793 okhttp.OkHttpClient     com.cdccreditsmart.app               I  alt-svc: h3=":443"; ma=2592000,h3-29=":443"; ma=2592000
2025-12-08 17:13:32.562 11569-11793 okhttp.OkHttpClient     com.cdccreditsmart.app               I  {"deviceId":"device_1765148771462_4teww42p114","serialNumber":"XV8W5766","commandsCount":0,"commands":[]}
2025-12-08 17:13:32.562 11569-11793 okhttp.OkHttpClient     com.cdccreditsmart.app               I  <-- END HTTP (105-byte body)
2025-12-08 17:13:32.564 11569-11609 MdmCommandReceiver      com.cdccreditsmart.app               I  ðŸ” HTTP Response code: 200
2025-12-08 17:13:32.564 11569-11609 MdmCommandReceiver      com.cdccreditsmart.app               I  ðŸ” HTTP isSuccessful: true
2025-12-08 17:13:32.564 11569-11609 MdmCommandReceiver      com.cdccreditsmart.app               I  ðŸ” Response body deviceId: device_1765148771462_4teww42p114
2025-12-08 17:13:32.565 11569-11609 MdmCommandReceiver      com.cdccreditsmart.app               I  ðŸ” Response body serialNumber: XV8W5766
2025-12-08 17:13:32.565 11569-11609 MdmCommandReceiver      com.cdccreditsmart.app               I  ðŸ” Total de comandos: 0
2025-12-08 17:13:32.565 11569-11609 MdmCommandReceiver      com.cdccreditsmart.app               D  âœ… Nenhum comando pendente no servidor
2025-12-08 17:13:32.565 11569-11609 MdmCommandReceiver      com.cdccreditsmart.app               D  ðŸ“Š Fetch duration: 378ms
2025-12-08 17:13:36.460 11569-11569 VRI[MainActivity]       com.cdccreditsmart.app               D  visibilityChanged oldVisibility=true newVisibility=false
2025-12-08 17:13:36.461 11569-11569 WindowOnBackDispatcher  com.cdccreditsmart.app               W  sendCancelIfRunning: isInProgress=false callback=androidx.activity.OnBackPressedDispatcher$Api34Impl$createOnBackAnimationCallback$1@31975bc
2025-12-08 17:13:38.502 11569-11822 FA                      com.cdccreditsmart.app               I  Application backgrounded at: timestamp_millis: 1765224816500
2025-12-08 17:13:46.998 11569-11609 MdmCommandReceiver      com.cdccreditsmart.app               D  ðŸ’“ Ping JSON enviado (timestamp: 1765224826998)
2025-12-08 17:13:47.201 11569-11817 MdmCommandReceiver      com.cdccreditsmart.app               D  ðŸ“¥ Mensagem MDM recebida: {"type":"pong","timestamp":"2025-12-08T20:13:49.179Z"}
2025-12-08 17:13:47.201 11569-11609 MdmCommandReceiver      com.cdccreditsmart.app               D  ðŸ“¥ JSON recebido: {"type":"pong","timestamp":"2025-12-08T20:13:49.179Z"}
2025-12-08 17:13:47.202 11569-11609 MdmCommandReceiver      com.cdccreditsmart.app               D  ðŸ“¨ Tipo de mensagem: pong
2025-12-08 17:13:47.202 11569-11609 MdmCommandReceiver      com.cdccreditsmart.app               D  ðŸ’“ Pong recebido (latency: N/A)
2025-12-08 17:13:50.709 11569-11569 MainActivity            com.cdccreditsmart.app               D  ========== NEW INTENT RECEIVED ==========
2025-12-08 17:13:50.866 11569-11569 InsetsController        com.cdccreditsmart.app               D  hide(ime(), fromIme=false)
2025-12-08 17:13:50.866 11569-11569 ImeTracker              com.cdccreditsmart.app               I  com.cdccreditsmart.app:e8de25b7: onCancelled at PHASE_CLIENT_ALREADY_HIDDEN
2025-12-08 17:13:50.917 11569-11569 Choreographer           com.cdccreditsmart.app               W  Frame time is 0.047756 ms in the future!  Check that graphics HAL is generating vsync timestamps using the correct timebase.
2025-12-08 17:13:52.164 11569-11609 MdmCommandReceiver      com.cdccreditsmart.app               D  ðŸ’“ Ping JSON enviado (timestamp: 1765224832164)
2025-12-08 17:13:52.365 11569-11992 MdmCommandReceiver      com.cdccreditsmart.app               D  ðŸ“¥ Mensagem MDM recebida: {"type":"pong","timestamp":"2025-12-08T20:13:54.342Z"}
2025-12-08 17:13:52.366 11569-11609 MdmCommandReceiver      com.cdccreditsmart.app               D  ðŸ“¥ JSON recebido: {"type":"pong","timestamp":"2025-12-08T20:13:54.342Z"}
2025-12-08 17:13:52.366 11569-11609 MdmCommandReceiver      com.cdccreditsmart.app               D  ðŸ“¨ Tipo de mensagem: pong
2025-12-08 17:13:52.366 11569-11609 MdmCommandReceiver      com.cdccreditsmart.app               D  ðŸ’“ Pong recebido (latency: N/A)
