2025-11-21 16:39:08.051  1558-1558  NetworkStatusMonitor    pid-1558                             D  getAllInterfaceNames network type is wifi
2025-11-21 16:39:08.051  1558-1558  NetworkStatusMonitor    pid-1558                             D  onNetworkTypeChanged wifi => wifi
2025-11-21 16:39:08.053 32585-32589 artd                    pid-32585                            I  Successfully loaded /data/user_de/0/com.google.android.gms/app_chimera/m/00000009/oat/arm64/dl-SidecarAps.integ_251633805100400.odex with executable: 0
2025-11-21 16:39:08.054 32585-32589 artd                    pid-32585                            I  /data/user_de/0/com.google.android.gms/app_chimera/m/00000009/oat/arm64/dl-SidecarAps.integ_251633805100400.odex is kOatUpToDate with filter verify
2025-11-21 16:39:08.056 32585-32590 artd                    pid-32585                            I  Dex parent of /data/user/10/com.google.android.gms/app_dg_cache/F5338DE2BC19B72E4BF9F7CAC38ECD5ACE5D1DF2/the.apk is not writable: Permission denied
2025-11-21 16:39:08.056 32585-32590 artd                    pid-32585                            I  GetBestInfo checking odex in dalvik-cache (/data/dalvik-cache/arm64/data@user@10@com.google.android.gms@app_dg_cache@F5338DE2BC19B72E4BF9F7CAC38ECD5ACE5D1DF2@the.apk@classes.dex)
2025-11-21 16:39:08.056 32585-32590 artd                    pid-32585                            I  Loading /data/dalvik-cache/arm64/data@user@10@com.google.android.gms@app_dg_cache@F5338DE2BC19B72E4BF9F7CAC38ECD5ACE5D1DF2@the.apk@classes.dex with executable: 0
2025-11-21 16:39:08.056 32585-32590 artd                    pid-32585                            I  OatFileAssistant test for existing oat file /data/dalvik-cache/arm64/data@user@10@com.google.android.gms@app_dg_cache@F5338DE2BC19B72E4BF9F7CAC38ECD5ACE5D1DF2@the.apk@classes.dex: File /data/dalvik-cache/arm64/data@user@10@com.google.android.gms@app_dg_cache@F5338DE2BC19B72E4BF9F7CAC38ECD5ACE5D1DF2@the.apk@classes.vdex does not exist.
2025-11-21 16:39:08.056 32585-32590 artd                    pid-32585                            I  GetBestInfo checking odex next to the dex file (/data/user/10/com.google.android.gms/app_dg_cache/F5338DE2BC19B72E4BF9F7CAC38ECD5ACE5D1DF2/oat/arm64/the.odex)
2025-11-21 16:39:08.056 32585-32590 artd                    pid-32585                            I  Loading /data/user/10/com.google.android.gms/app_dg_cache/F5338DE2BC19B72E4BF9F7CAC38ECD5ACE5D1DF2/oat/arm64/the.odex with executable: 0
2025-11-21 16:39:08.058 32585-32590 artd                    pid-32585                            I  OatFileAssistant test for existing oat file /data/user/10/com.google.android.gms/app_dg_cache/F5338DE2BC19B72E4BF9F7CAC38ECD5ACE5D1DF2/oat/arm64/the.odex: Failed to open oat filename for reading: No such file or directory
2025-11-21 16:39:08.058 32585-32590 artd                    pid-32585                            I  GetBestInfo checking vdex in dalvik-cache (/data/dalvik-cache/arm64/data@user@10@com.google.android.gms@app_dg_cache@F5338DE2BC19B72E4BF9F7CAC38ECD5ACE5D1DF2@the.apk@classes.vdex)
2025-11-21 16:39:08.058 32585-32590 artd                    pid-32585                            I  unable to open vdex file /data/dalvik-cache/arm64/data@user@10@com.google.android.gms@app_dg_cache@F5338DE2BC19B72E4BF9F7CAC38ECD5ACE5D1DF2@the.apk@classes.vdex: File /data/dalvik-cache/arm64/data@user@10@com.google.android.gms@app_dg_cache@F5338DE2BC19B72E4BF9F7CAC38ECD5ACE5D1DF2@the.apk@classes.vdex does not exist.
2025-11-21 16:39:08.058 32585-32590 artd                    pid-32585                            I  OatFileAssistant test for existing oat file /data/dalvik-cache/arm64/data@user@10@com.google.android.gms@app_dg_cache@F5338DE2BC19B72E4BF9F7CAC38ECD5ACE5D1DF2@the.apk@classes.vdex: File /data/dalvik-cache/arm64/data@user@10@com.google.android.gms@app_dg_cache@F5338DE2BC19B72E4BF9F7CAC38ECD5ACE5D1DF2@the.apk@classes.vdex does not exist.
2025-11-21 16:39:08.058 32585-32590 artd                    pid-32585                            I  GetBestInfo checking vdex next to the dex file (/data/user/10/com.google.android.gms/app_dg_cache/F5338DE2BC19B72E4BF9F7CAC38ECD5ACE5D1DF2/oat/arm64/the.vdex)
2025-11-21 16:39:08.062 32585-32590 artd                    pid-32585                            I  Successfully loaded /data/user/10/com.google.android.gms/app_dg_cache/F5338DE2BC19B72E4BF9F7CAC38ECD5ACE5D1DF2/oat/arm64/the.vdex with executable: 0
2025-11-21 16:39:08.062 32585-32590 artd                    pid-32585                            I  Image checksum test skipped for vdex file /data/user/10/com.google.android.gms/app_dg_cache/F5338DE2BC19B72E4BF9F7CAC38ECD5ACE5D1DF2/oat/arm64/the.vdex
2025-11-21 16:39:08.062 32585-32590 artd                    pid-32585                            I  /data/user/10/com.google.android.gms/app_dg_cache/F5338DE2BC19B72E4BF9F7CAC38ECD5ACE5D1DF2/oat/arm64/the.vdex is kOatUpToDate with filter verify
2025-11-21 16:39:08.065 32585-32590 artd                    pid-32585                            I  Dex parent of /data/user_de/0/com.google.android.gms/app_chimera/m/00000015/dl-MlkitOcrCommon.optional_254534100400.apk is not writable: Permission denied
2025-11-21 16:39:08.065 32585-32590 artd                    pid-32585                            I  GetBestInfo checking odex in dalvik-cache (/data/dalvik-cache/arm64/data@user_de@0@com.google.android.gms@app_chimera@m@00000015@dl-MlkitOcrCommon.optional_254534100400.apk@classes.dex)
2025-11-21 16:39:08.065 32585-32590 artd                    pid-32585                            I  Loading /data/dalvik-cache/arm64/data@user_de@0@com.google.android.gms@app_chimera@m@00000015@dl-MlkitOcrCommon.optional_254534100400.apk@classes.dex with executable: 0
2025-11-21 16:39:08.065 32585-32590 artd                    pid-32585                            I  OatFileAssistant test for existing oat file /data/dalvik-cache/arm64/data@user_de@0@com.google.android.gms@app_chimera@m@00000015@dl-MlkitOcrCommon.optional_254534100400.apk@classes.dex: File /data/dalvik-cache/arm64/data@user_de@0@com.google.android.gms@app_chimera@m@00000015@dl-MlkitOcrCommon.optional_254534100400.apk@classes.vdex does not exist.
2025-11-21 16:39:08.065 32585-32590 artd                    pid-32585                            I  GetBestInfo checking odex next to the dex file (/data/user_de/0/com.google.android.gms/app_chimera/m/00000015/oat/arm64/dl-MlkitOcrCommon.optional_254534100400.odex)
2025-11-21 16:39:08.065 32585-32590 artd                    pid-32585                            I  Loading /data/user_de/0/com.google.android.gms/app_chimera/m/00000015/oat/arm64/dl-MlkitOcrCommon.optional_254534100400.odex with executable: 0
2025-11-21 16:39:08.069 32585-32590 artd                    pid-32585                            I  Successfully loaded /data/user_de/0/com.google.android.gms/app_chimera/m/00000015/oat/arm64/dl-MlkitOcrCommon.optional_254534100400.odex with executable: 0
2025-11-21 16:39:08.069 32585-32590 artd                    pid-32585                            I  /data/user_de/0/com.google.android.gms/app_chimera/m/00000015/oat/arm64/dl-MlkitOcrCommon.optional_254534100400.odex is kOatUpToDate with filter verify
2025-11-21 16:39:08.072 32585-32590 artd                    pid-32585                            I  Dex parent of /data/user_de/0/com.google.android.gms/app_chimera/m/00000016/dl-PlayCloudSearch.optional_254534100000.apk is not writable: Permission denied
2025-11-21 16:39:08.072 32585-32590 artd                    pid-32585                            I  GetBestInfo checking odex in dalvik-cache (/data/dalvik-cache/arm64/data@user_de@0@com.google.android.gms@app_chimera@m@00000016@dl-PlayCloudSearch.optional_254534100000.apk@classes.dex)
2025-11-21 16:39:08.072 32585-32590 artd                    pid-32585                            I  Loading /data/dalvik-cache/arm64/data@user_de@0@com.google.android.gms@app_chimera@m@00000016@dl-PlayCloudSearch.optional_254534100000.apk@classes.dex with executable: 0
2025-11-21 16:39:08.072 32585-32590 artd                    pid-32585                            I  OatFileAssistant test for existing oat file /data/dalvik-cache/arm64/data@user_de@0@com.google.android.gms@app_chimera@m@00000016@dl-PlayCloudSearch.optional_254534100000.apk@classes.dex: File /data/dalvik-cache/arm64/data@user_de@0@com.google.android.gms@app_chimera@m@00000016@dl-PlayCloudSearch.optional_254534100000.apk@classes.vdex does not exist.
2025-11-21 16:39:08.072 32585-32590 artd                    pid-32585                            I  GetBestInfo checking odex next to the dex file (/data/user_de/0/com.google.android.gms/app_chimera/m/00000016/oat/arm64/dl-PlayCloudSearch.optional_254534100000.odex)
2025-11-21 16:39:08.072 32585-32590 artd                    pid-32585                            I  Loading /data/user_de/0/com.google.android.gms/app_chimera/m/00000016/oat/arm64/dl-PlayCloudSearch.optional_254534100000.odex with executable: 0
2025-11-21 16:39:08.076 32585-32590 artd                    pid-32585                            I  Successfully loaded /data/user_de/0/com.google.android.gms/app_chimera/m/00000016/oat/arm64/dl-PlayCloudSearch.optional_254534100000.odex with executable: 0
2025-11-21 16:39:08.078 32585-32590 artd                    pid-32585                            I  /data/user_de/0/com.google.android.gms/app_chimera/m/00000016/oat/arm64/dl-PlayCloudSearch.optional_254534100000.odex is kOatUpToDate with filter verify
2025-11-21 16:39:08.082 32585-32590 artd                    pid-32585                            I  Dex parent of /data/user_de/0/com.google.android.gms/app_chimera/m/00000013/dl-TfliteDynamiteDynamite.integ_243930802100400.apk is not writable: Permission denied
2025-11-21 16:39:08.082 32585-32590 artd                    pid-32585                            I  GetBestInfo checking odex in dalvik-cache (/data/dalvik-cache/arm64/data@user_de@0@com.google.android.gms@app_chimera@m@00000013@dl-TfliteDynamiteDynamite.integ_243930802100400.apk@classes.dex)
2025-11-21 16:39:08.082 32585-32590 artd                    pid-32585                            I  Loading /data/dalvik-cache/arm64/data@user_de@0@com.google.android.gms@app_chimera@m@00000013@dl-TfliteDynamiteDynamite.integ_243930802100400.apk@classes.dex with executable: 0
2025-11-21 16:39:08.082 32585-32590 artd                    pid-32585                            I  OatFileAssistant test for existing oat file /data/dalvik-cache/arm64/data@user_de@0@com.google.android.gms@app_chimera@m@00000013@dl-TfliteDynamiteDynamite.integ_243930802100400.apk@classes.dex: File /data/dalvik-cache/arm64/data@user_de@0@com.google.android.gms@app_chimera@m@00000013@dl-TfliteDynamiteDynamite.integ_243930802100400.apk@classes.vdex does not exist.
2025-11-21 16:39:08.082 32585-32590 artd                    pid-32585                            I  GetBestInfo checking odex next to the dex file (/data/user_de/0/com.google.android.gms/app_chimera/m/00000013/oat/arm64/dl-TfliteDynamiteDynamite.integ_243930802100400.odex)
2025-11-21 16:39:08.082 32585-32590 artd                    pid-32585                            I  Loading /data/user_de/0/com.google.android.gms/app_chimera/m/00000013/oat/arm64/dl-TfliteDynamiteDynamite.integ_243930802100400.odex with executable: 0
2025-11-21 16:39:08.083  7316-32438 Applicatio...ageManager pid-7316                             I  color1 =0,color2 =0,bgColor =0
2025-11-21 16:39:08.084  7316-32438 Applicatio...ageManager pid-7316                             I  dr is not VectorDrawable,so we do nothing !
2025-11-21 16:39:08.084  7316-32438 ContactsAp...anagerImpl pid-7316                             I  getAllAccountsAsyncInternal().account(1):P*o*e
2025-11-21 16:39:08.085 32585-32590 artd                    pid-32585                            I  Successfully loaded /data/user_de/0/com.google.android.gms/app_chimera/m/00000013/oat/arm64/dl-TfliteDynamiteDynamite.integ_243930802100400.odex with executable: 0
2025-11-21 16:39:08.086 32585-32590 artd                    pid-32585                            I  /data/user_de/0/com.google.android.gms/app_chimera/m/00000013/oat/arm64/dl-TfliteDynamiteDynamite.integ_243930802100400.odex is kOatUpToDate with filter verify
2025-11-21 16:39:08.088 32585-32590 artd                    pid-32585                            I  Dex parent of /data/user_de/0/com.google.android.gms/app_chimera/m/00000007/MeasurementDynamite.apk is not writable: No such file or directory
2025-11-21 16:39:08.088 32585-32590 artd                    pid-32585                            I  GetBestInfo checking odex in dalvik-cache (/data/dalvik-cache/arm64/data@user_de@0@com.google.android.gms@app_chimera@m@00000007@MeasurementDynamite.apk@classes.dex)
2025-11-21 16:39:08.088 32585-32590 artd                    pid-32585                            I  Loading /data/dalvik-cache/arm64/data@user_de@0@com.google.android.gms@app_chimera@m@00000007@MeasurementDynamite.apk@classes.dex with executable: 0
2025-11-21 16:39:08.088 32585-32590 artd                    pid-32585                            I  OatFileAssistant test for existing oat file /data/dalvik-cache/arm64/data@user_de@0@com.google.android.gms@app_chimera@m@00000007@MeasurementDynamite.apk@classes.dex: File /data/dalvik-cache/arm64/data@user_de@0@com.google.android.gms@app_chimera@m@00000007@MeasurementDynamite.apk@classes.vdex does not exist.
2025-11-21 16:39:08.088 32585-32590 artd                    pid-32585                            I  GetBestInfo checking odex next to the dex file (/data/user_de/0/com.google.android.gms/app_chimera/m/00000007/oat/arm64/MeasurementDynamite.odex)
2025-11-21 16:39:08.088 32585-32590 artd                    pid-32585                            I  Loading /data/user_de/0/com.google.android.gms/app_chimera/m/00000007/oat/arm64/MeasurementDynamite.odex with executable: 0
2025-11-21 16:39:08.088 32585-32590 artd                    pid-32585                            I  OatFileAssistant test for existing oat file /data/user_de/0/com.google.android.gms/app_chimera/m/00000007/oat/arm64/MeasurementDynamite.odex: File /data/user_de/0/com.google.android.gms/app_chimera/m/00000007/oat/arm64/MeasurementDynamite.vdex does not exist.
2025-11-21 16:39:08.088 32585-32590 artd                    pid-32585                            I  GetBestInfo checking vdex in dalvik-cache (/data/dalvik-cache/arm64/data@user_de@0@com.google.android.gms@app_chimera@m@00000007@MeasurementDynamite.apk@classes.vdex)
2025-11-21 16:39:08.088 32585-32590 artd                    pid-32585                            I  unable to open vdex file /data/dalvik-cache/arm64/data@user_de@0@com.google.android.gms@app_chimera@m@00000007@MeasurementDynamite.apk@classes.vdex: File /data/dalvik-cache/arm64/data@user_de@0@com.google.android.gms@app_chimera@m@00000007@MeasurementDynamite.apk@classes.vdex does not exist.
2025-11-21 16:39:08.088 32585-32590 artd                    pid-32585                            I  OatFileAssistant test for existing oat file /data/dalvik-cache/arm64/data@user_de@0@com.google.android.gms@app_chimera@m@00000007@MeasurementDynamite.apk@classes.vdex: File /data/dalvik-cache/arm64/data@user_de@0@com.google.android.gms@app_chimera@m@00000007@MeasurementDynamite.apk@classes.vdex does not exist.
2025-11-21 16:39:08.088 32585-32590 artd                    pid-32585                            I  GetBestInfo checking vdex next to the dex file (/data/user_de/0/com.google.android.gms/app_chimera/m/00000007/oat/arm64/MeasurementDynamite.vdex)
2025-11-21 16:39:08.088 32585-32590 artd                    pid-32585                            I  unable to open vdex file /data/user_de/0/com.google.android.gms/app_chimera/m/00000007/oat/arm64/MeasurementDynamite.vdex: File /data/user_de/0/com.google.android.gms/app_chimera/m/00000007/oat/arm64/MeasurementDynamite.vdex does not exist.
2025-11-21 16:39:08.088 32585-32590 artd                    pid-32585                            I  OatFileAssistant test for existing oat file /data/user_de/0/com.google.android.gms/app_chimera/m/00000007/oat/arm64/MeasurementDynamite.vdex: File /data/user_de/0/com.google.android.gms/app_chimera/m/00000007/oat/arm64/MeasurementDynamite.vdex does not exist.
2025-11-21 16:39:08.088 32585-32590 artd                    pid-32585                            I  GetBestInfo checking dm (/data/user_de/0/com.google.android.gms/app_chimera/m/00000007/MeasurementDynamite.dm)
2025-11-21 16:39:08.088 32585-32590 ziparchive              pid-32585                            W  Unable to open '/data/user_de/0/com.google.android.gms/app_chimera/m/00000007/MeasurementDynamite.dm': No such file or directory
2025-11-21 16:39:08.088 32585-32590 artd                    pid-32585                            I  OatFileAssistant test for existing oat file /data/user_de/0/com.google.android.gms/app_chimera/m/00000007/MeasurementDynamite.dm: I/O error
2025-11-21 16:39:08.088 32585-32590 artd                    pid-32585                            I  GetBestInfo checking dm (/data/user_de/0/com.google.android.gms/app_chimera/m/00000007/MeasurementDynamite.dm)
2025-11-21 16:39:08.089 32585-32590 ziparchive              pid-32585                            W  Unable to open '/data/user_de/0/com.google.android.gms/app_chimera/m/00000007/MeasurementDynamite.dm': No such file or directory
2025-11-21 16:39:08.089 32585-32590 artd                    pid-32585                            I  OatFileAssistant test for existing oat file /data/user_de/0/com.google.android.gms/app_chimera/m/00000007/MeasurementDynamite.dm: I/O error
2025-11-21 16:39:08.089 32585-32590 artd                    pid-32585                            I  GetBestInfo no usable artifacts
2025-11-21 16:39:08.089  7316-28218 ContactsAp...anagerImpl pid-7316                             I  filterAccountsAsync().apply()
2025-11-21 16:39:08.097  3231-3448  ImageWallpaper          pid-3231                             D  onSurfaceRedrawNeeded
2025-11-21 16:39:08.098  1558-5552  WindowManager           pid-1558                             D  System monitor finishDrawingWindow w: Window{605bbfb u0 com.android.systemui.wallpapers.ImageWallpaper}; mDrawState = HAS_DRAWN
2025-11-21 16:39:08.099  1094-1094  FPSGO                   pid-1094                             I  fpsgo_boost_sched_idle_prefer:1
2025-11-21 16:39:08.099  1094-1094  mtkpower_client         pid-1094                             I  perf_lock_acq, hdl:0, dur:0, num:2, tid:1094
2025-11-21 16:39:08.101  1094-1094  mtkpower_client         pid-1094                             I  ret_hdl:4850
2025-11-21 16:39:08.101  1094-1094  FPSGO                   pid-1094                             I  perfLockAcq hdl:4850
2025-11-21 16:39:08.101  1094-1094  FPSGO                   pid-1094                             I  fpsgo_boost_sched_rate_ns:0
2025-11-21 16:39:08.101  1094-1094  mtkpower_client         pid-1094                             I  perf_lock_acq, hdl:0, dur:0, num:12, tid:1094
2025-11-21 16:39:08.102   963-1037  libPowerHal             pid-963                              I  cmdSetting - unknown cmd:1438500, scmd:(null) ,param_1:0
2025-11-21 16:39:08.102   963-1037  libPowerHal             pid-963                              I  cmdSetting - unknown cmd:1438800, scmd:(null) ,param_1:0
2025-11-21 16:39:08.106  1094-1094  mtkpower_client         pid-1094                             I  ret_hdl:4851
2025-11-21 16:39:08.106  1094-1094  FPSGO                   pid-1094                             I  perfLockAcq hdl:4851
2025-11-21 16:39:08.112  1094-1094  FPSGO                   pid-1094                             I  fpsgo_boost_sched_idle_prefer:0
2025-11-21 16:39:08.112  1094-1094  mtkpower_client         pid-1094                             I  perf_lock_rel, hdl:4850, tid:1094
2025-11-21 16:39:08.113  1094-1094  FPSGO                   pid-1094                             I  perfLockRel hdl:4850
2025-11-21 16:39:08.113  1094-1094  FPSGO                   pid-1094                             I  fpsgo_boost_sched_rate_ns:-1
2025-11-21 16:39:08.113  1094-1094  mtkpower_client         pid-1094                             I  perf_lock_rel, hdl:4851, tid:1094
2025-11-21 16:39:08.116  5127-24487 ContactsProvider        pid-5127                             D  localizedSortOrder = null
2025-11-21 16:39:08.116 21541-21630 AI_CORE_SERVICE_        pid-21541                            D  AI_ELLA_AppNetworkManager onCapabilitiesChanged 100 ,[ Transports: WIFI Capabilities: NOT_METERED&INTERNET&NOT_RESTRICTED&TRUSTED&NOT_VPN&VALIDATED&NOT_ROAMING&FOREGROUND&NOT_CONGESTED&NOT_SUSPENDED&NOT_VCN_MANAGED&NOT_BANDWIDTH_CONSTRAINED LinkUpBandwidth>=12000Kbps LinkDnBandwidth>=30000Kbps TransportInfo: <SSID: <unknown ssid>, BSSID: 02:00:00:00:00:00, MAC: 02:00:00:00:00:00, IP: /192.168.40.147, Security type: 2, Supplicant state: COMPLETED, Wi-Fi standard: 11n, RSSI: -62, Link speed: 72Mbps, Tx Link speed: 72Mbps, Max Supported Tx Link speed: 72Mbps, Rx Link speed: 72Mbps, Max Supported Rx Link speed: 72Mbps, Frequency: 2462MHz, Net ID: -1, Metered hint: false, score: 60, isUsable: true, CarrierMerged: false, SubscriptionId: -1, IsPrimary: 1, Trusted: true, Restricted: false, Ephemeral: false, OEM paid: false, OEM private: false, OSU AP: false, FQDN: <none>, Provider friendly name: <none>, Requesting package name: <none><none>MLO Information: , Is TID-To-Link negotiation supported by the AP: false, AP MLD Address: <none>, AP MLO Link Id: <none>, AP MLO Affiliated links: <none>, Vendor Data: <none>> SignalStrength: -62 AdminUids: [1000] SSID: "Orion B" UnderlyingNetworks: Null]
2025-11-21 16:39:08.121  7316-32438 ContactsAp...tTypeUtils pid-7316                             D  account USIM Account ADN is IccCard? true
2025-11-21 16:39:08.123  7180-7297  Applicatio...ageManager pid-7180                             I  color1 =0,color2 =0,bgColor =0
2025-11-21 16:39:08.123  7180-7297  Applicatio...ageManager pid-7180                             I  dr is not VectorDrawable,so we do nothing !
2025-11-21 16:39:08.123  7180-7297  ContactsAp...anagerImpl pid-7180                             I  getAllAccountsAsyncInternal().account(0):c*n*a*o*d*m*n*i*e*g*a*l*c*m
2025-11-21 16:39:08.135   963-1037  libPowerHal             pid-963                              I  [PD] fpsgo update cmd:1404500 param:0
2025-11-21 16:39:08.136  1094-1094  FPSGO                   pid-1094                             I  perfLockRel hdl:4851
2025-11-21 16:39:08.136   963-1037  libPowerHal             pid-963                              I  [PD] fpsgo update cmd:1438300, param:1000
2025-11-21 16:39:08.136   963-1037  libPowerHal             pid-963                              I  [PD] fpsgo update cmd:1438400, param:1000
2025-11-21 16:39:08.136   963-1037  libPowerHal             pid-963                              I  [PD] fpsgo update cmd:1438600 param:1000
2025-11-21 16:39:08.137   963-1037  libPowerHal             pid-963                              I  [PD] fpsgo update cmd:1438700 param:1000
2025-11-21 16:39:08.147  6705-6855  BugleRcsEngine          pid-6705                             I  Connected state: [1], networkType: [WIFI] [CONTEXT thread_id=404 ]
2025-11-21 16:39:08.147  6705-6846  BugleRcsEngine          pid-6705                             I  handleMessage processing message:[NOTIFY_UPTIME_IGNORE_STATE_CHANGED] with [non-null]:RcsEngineImpl reference [CONTEXT log_prefix="RcsEngineImpl[DUAL_REG]:[dcefcc70-7149]>Handler" thread_id=401 ]
2025-11-21 16:39:08.148 23680-24721 WM-NetworkStateTracker  pid-23680                            D  Network capabilities changed: [ Transports: WIFI Capabilities: NOT_METERED&INTERNET&NOT_RESTRICTED&TRUSTED&NOT_VPN&VALIDATED&NOT_ROAMING&FOREGROUND&NOT_CONGESTED&NOT_SUSPENDED&NOT_VCN_MANAGED&NOT_BANDWIDTH_CONSTRAINED LinkUpBandwidth>=12000Kbps LinkDnBandwidth>=30000Kbps TransportInfo: <SSID: <unknown ssid>, BSSID: 02:00:00:00:00:00, MAC: 02:00:00:00:00:00, IP: /192.168.40.147, Security type: 2, Supplicant state: COMPLETED, Wi-Fi standard: 11n, RSSI: -62, Link speed: 72Mbps, Tx Link speed: 72Mbps, Max Supported Tx Link speed: 72Mbps, Rx Link speed: 72Mbps, Max Supported Rx Link speed: 72Mbps, Frequency: 2462MHz, Net ID: -1, Metered hint: false, score: 60, isUsable: true, CarrierMerged: false, SubscriptionId: -1, IsPrimary: -1, Trusted: true, Restricted: false, Ephemeral: false, OEM paid: false, OEM private: false, OSU AP: false, FQDN: <none>, Provider friendly name: <none>, Requesting package name: <none><none>MLO Information: , Is TID-To-Link negotiation supported by the AP: false, AP MLD Address: <none>, AP MLO Link Id: <none>, AP MLO Affiliated links: <none>, Vendor Data: <none>> SignalStrength: -62 UnderlyingNetworks: Null]
2025-11-21 16:39:08.148  7180-7297  Applicatio...ageManager pid-7180                             I  color1 =0,color2 =0,bgColor =0
2025-11-21 16:39:08.148  7180-7297  Applicatio...ageManager pid-7180                             I  dr is not VectorDrawable,so we do nothing !
2025-11-21 16:39:08.148  7180-7297  ContactsAp...anagerImpl pid-7180                             I  getAllAccountsAsyncInternal().account(1):P*o*e
2025-11-21 16:39:08.152  7180-22993 ContactsAp...anagerImpl pid-7180                             I  filterAccountsAsync().apply()
2025-11-21 16:39:08.157  1558-1688  Griffin/Me...torManager pid-1558                             I  ProcessRecord= ProcessRecord{453edbb 31681:com.transsion.healthlife/u0a258} pss= 76 threshold= 3072
2025-11-21 16:39:08.163  3231-3799  VersionsUtils           pid-3231                             I   getVersion mCurrentVersion 20202078
2025-11-21 16:39:08.164 31622-31890 VASDK-NetworkState      pid-31622                            D  onCapabilitiesChanged, init time:1763753919181 cellular:false wifi:true
2025-11-21 16:39:08.166  3231-3799  IslandManager           pid-3231                             I  checkIslandPermission result true granted 1
2025-11-21 16:39:08.166  3231-3799  IslandManager           pid-3231                             W  cancel islandId 10006 not exist in mIslandIdsSet
2025-11-21 16:39:08.166   515-515   lowmemorykiller         pid-515                              I  TranMemoryInfo: vmstat time slice: 1096
2025-11-21 16:39:08.167   515-515   lowmemorykiller         pid-515                              I  TranMemoryInfo: PSI stat: 11, 11.80, 4.07, 3.81, 1.14
2025-11-21 16:39:08.167   515-515   lowmemorykiller         pid-515                              I  TranMemoryInfo: vmstat: 3720, 6, 28924, 0, 11721
2025-11-21 16:39:08.167   515-515   lowmemorykiller         pid-515                              D  TranMemoryInfo: kswapd pgscan_kswapd 17578055 to 17619207, pgsteal_kswapd 12313532 to 12342456, stime 11653 to 11721
2025-11-21 16:39:08.167   515-515   lowmemorykiller         pid-515                              I  TranMemoryInfo: kswapd has been run.
2025-11-21 16:39:08.167   515-515   lowmemorykiller         pid-515                              I  TranMemoryInfo: kswapd reclaim amount : 28924 pages
2025-11-21 16:39:08.167   515-515   lowmemorykiller         pid-515                              I  TranMemoryInfo: kswapd reclaim efficiency : 170 KB/ms
2025-11-21 16:39:08.168  6705-6846  BugleRcsEngine          pid-6705                             I  No RCS Configuration was found in Bugle for simID: redacted-pii:sim_id[chars:20,last3:906] [CONTEXT log_prefix="ProvisioningEngineDataRetriever" thread_id=401 ]
2025-11-21 16:39:08.172  5127-24487 ContactsProvider        pid-5127                             D  localizedSortOrder = null
2025-11-21 16:39:08.178  1558-1672  ApplicationHelper       pid-1558                             E  Fail to get PackageManager
2025-11-21 16:39:08.181  7180-7297  ContactsAp...tTypeUtils pid-7180                             D  account USIM Account ADN is IccCard? true
2025-11-21 16:39:08.182  1558-1672  ApplicationHelper       pid-1558                             E  Fail to get PackageManager
2025-11-21 16:39:08.197  7180-7297  ContactsAp...tTypeUtils pid-7180                             D  account USIM Account ADN is IccCard? true
2025-11-21 16:39:08.213  7180-7297  ContactsAp...tTypeUtils pid-7180                             D  account USIM Account ADN is IccCard? true
2025-11-21 16:39:08.219  7180-7297  ContactsAp...tTypeUtils pid-7180                             D  account USIM Account ADN is IccCard? true
2025-11-21 16:39:08.222  1558-28913 Role                    pid-1558                             W  Cannot get ApplicationInfo for default holder: com.google.android.apps.photos
2025-11-21 16:39:08.222  7180-7297  ContactsAp...tTypeUtils pid-7180                             D  account USIM Account ADN is IccCard? true
2025-11-21 16:39:08.231  7180-7297  ContactsAp...tTypeUtils pid-7180                             D  account USIM Account ADN is IccCard? true
2025-11-21 16:39:08.235 32585-32590 artd                    pid-32585                            I  Dex parent of /data/user_de/0/com.google.android.gms/app_chimera/m/00000017/dl-Fastpair.optional_254534100000.apk is not writable: Permission denied
2025-11-21 16:39:08.235 32585-32590 artd                    pid-32585                            I  GetBestInfo checking odex in dalvik-cache (/data/dalvik-cache/arm64/data@user_de@0@com.google.android.gms@app_chimera@m@00000017@dl-Fastpair.optional_254534100000.apk@classes.dex)
2025-11-21 16:39:08.235 32585-32590 artd                    pid-32585                            I  Loading /data/dalvik-cache/arm64/data@user_de@0@com.google.android.gms@app_chimera@m@00000017@dl-Fastpair.optional_254534100000.apk@classes.dex with executable: 0
2025-11-21 16:39:08.236 32585-32590 artd                    pid-32585                            I  OatFileAssistant test for existing oat file /data/dalvik-cache/arm64/data@user_de@0@com.google.android.gms@app_chimera@m@00000017@dl-Fastpair.optional_254534100000.apk@classes.dex: File /data/dalvik-cache/arm64/data@user_de@0@com.google.android.gms@app_chimera@m@00000017@dl-Fastpair.optional_254534100000.apk@classes.vdex does not exist.
2025-11-21 16:39:08.236 32585-32590 artd                    pid-32585                            I  GetBestInfo checking odex next to the dex file (/data/user_de/0/com.google.android.gms/app_chimera/m/00000017/oat/arm64/dl-Fastpair.optional_254534100000.odex)
2025-11-21 16:39:08.236 32585-32590 artd                    pid-32585                            I  Loading /data/user_de/0/com.google.android.gms/app_chimera/m/00000017/oat/arm64/dl-Fastpair.optional_254534100000.odex with executable: 0
2025-11-21 16:39:08.237 32585-32590 artd                    pid-32585                            I  Successfully loaded /data/user_de/0/com.google.android.gms/app_chimera/m/00000017/oat/arm64/dl-Fastpair.optional_254534100000.odex with executable: 0
2025-11-21 16:39:08.237 32585-32590 artd                    pid-32585                            I  /data/user_de/0/com.google.android.gms/app_chimera/m/00000017/oat/arm64/dl-Fastpair.optional_254534100000.odex is kOatUpToDate with filter verify
2025-11-21 16:39:08.237 32585-32590 artd                    pid-32585                            I  Should not recompile
2025-11-21 16:39:08.238  7180-7297  ContactsAp...tTypeUtils pid-7180                             D  account USIM Account ADN is IccCard? true
2025-11-21 16:39:08.239  1558-32582 ArtService              pid-1558                             I  Dexopt result: [packageName = com.google.android.gms] DexContainerFileDexoptResult{dexContainerFile=/data/user_de/0/com.google.android.gms/app_chimera/m/00000017/dl-Fastpair.optional_254534100000.apk, primaryAbi=true, abi=arm64-v8a, actualCompilerFilter=verify, status=SKIPPED, dex2oatWallTimeMillis=0, dex2oatCpuTimeMillis=0, sizeBytes=0, sizeBeforeBytes=0, extendedStatusFlags=[]}
2025-11-21 16:39:08.241 32585-32590 artd                    pid-32585                            I  Dex parent of /data/user_de/0/com.google.android.gms/app_chimera/m/00000010/dl-VisionOcr.optional_254534100000.apk is not writable: Permission denied
2025-11-21 16:39:08.241 32585-32590 artd                    pid-32585                            I  GetBestInfo checking odex in dalvik-cache (/data/dalvik-cache/arm64/data@user_de@0@com.google.android.gms@app_chimera@m@00000010@dl-VisionOcr.optional_254534100000.apk@classes.dex)
2025-11-21 16:39:08.241 32585-32590 artd                    pid-32585                            I  Loading /data/dalvik-cache/arm64/data@user_de@0@com.google.android.gms@app_chimera@m@00000010@dl-VisionOcr.optional_254534100000.apk@classes.dex with executable: 0
2025-11-21 16:39:08.241 32585-32590 artd                    pid-32585                            I  OatFileAssistant test for existing oat file /data/dalvik-cache/arm64/data@user_de@0@com.google.android.gms@app_chimera@m@00000010@dl-VisionOcr.optional_254534100000.apk@classes.dex: File /data/dalvik-cache/arm64/data@user_de@0@com.google.android.gms@app_chimera@m@00000010@dl-VisionOcr.optional_254534100000.apk@classes.vdex does not exist.
2025-11-21 16:39:08.242 32585-32590 artd                    pid-32585                            I  GetBestInfo checking odex next to the dex file (/data/user_de/0/com.google.android.gms/app_chimera/m/00000010/oat/arm64/dl-VisionOcr.optional_254534100000.odex)
2025-11-21 16:39:08.242 32585-32590 artd                    pid-32585                            I  Loading /data/user_de/0/com.google.android.gms/app_chimera/m/00000010/oat/arm64/dl-VisionOcr.optional_254534100000.odex with executable: 0
2025-11-21 16:39:08.242 32585-32590 artd                    pid-32585                            I  Successfully loaded /data/user_de/0/com.google.android.gms/app_chimera/m/00000010/oat/arm64/dl-VisionOcr.optional_254534100000.odex with executable: 0
2025-11-21 16:39:08.243 32585-32590 artd                    pid-32585                            I  /data/user_de/0/com.google.android.gms/app_chimera/m/00000010/oat/arm64/dl-VisionOcr.optional_254534100000.odex is kOatUpToDate with filter verify
2025-11-21 16:39:08.243 32585-32590 artd                    pid-32585                            I  Should not recompile
2025-11-21 16:39:08.247  1558-32582 ArtService              pid-1558                             I  Dexopt result: [packageName = com.google.android.gms] DexContainerFileDexoptResult{dexContainerFile=/data/user_de/0/com.google.android.gms/app_chimera/m/00000010/dl-VisionOcr.optional_254534100000.apk, primaryAbi=true, abi=arm64-v8a, actualCompilerFilter=verify, status=SKIPPED, dex2oatWallTimeMillis=0, dex2oatCpuTimeMillis=0, sizeBytes=0, sizeBeforeBytes=0, extendedStatusFlags=[]}
2025-11-21 16:39:08.247  7180-7297  ContactsAp...tTypeUtils pid-7180                             D  account USIM Account ADN is IccCard? true
2025-11-21 16:39:08.249  7180-7297  ContactsAp...tTypeUtils pid-7180                             D  account USIM Account ADN is IccCard? true
2025-11-21 16:39:08.252  7180-7297  ContactsAp...tTypeUtils pid-7180                             D  account USIM Account ADN is IccCard? true
2025-11-21 16:39:08.254 32585-32590 artd                    pid-32585                            I  Dex parent of /data/user/0/com.google.android.gms/app_dg_cache/0A2EB415626664D90269011A1B536A8FCFC77BCD/the.apk is not writable: Permission denied
2025-11-21 16:39:08.255  7180-7297  ContactsAp...tTypeUtils pid-7180                             D  account USIM Account ADN is IccCard? true
2025-11-21 16:39:08.256 32585-32590 artd                    pid-32585                            I  GetBestInfo checking odex in dalvik-cache (/data/dalvik-cache/arm64/data@user@0@com.google.android.gms@app_dg_cache@0A2EB415626664D90269011A1B536A8FCFC77BCD@the.apk@classes.dex)
2025-11-21 16:39:08.256 32585-32590 artd                    pid-32585                            I  Loading /data/dalvik-cache/arm64/data@user@0@com.google.android.gms@app_dg_cache@0A2EB415626664D90269011A1B536A8FCFC77BCD@the.apk@classes.dex with executable: 0
2025-11-21 16:39:08.257 32585-32590 artd                    pid-32585                            I  OatFileAssistant test for existing oat file /data/dalvik-cache/arm64/data@user@0@com.google.android.gms@app_dg_cache@0A2EB415626664D90269011A1B536A8FCFC77BCD@the.apk@classes.dex: File /data/dalvik-cache/arm64/data@user@0@com.google.android.gms@app_dg_cache@0A2EB415626664D90269011A1B536A8FCFC77BCD@the.apk@classes.vdex does not exist.
2025-11-21 16:39:08.259 32585-32590 artd                    pid-32585                            I  GetBestInfo checking odex next to the dex file (/data/user/0/com.google.android.gms/app_dg_cache/0A2EB415626664D90269011A1B536A8FCFC77BCD/oat/arm64/the.odex)
2025-11-21 16:39:08.259 32585-32590 artd                    pid-32585                            I  Loading /data/user/0/com.google.android.gms/app_dg_cache/0A2EB415626664D90269011A1B536A8FCFC77BCD/oat/arm64/the.odex with executable: 0
2025-11-21 16:39:08.259  7180-7297  ContactsAp...tTypeUtils pid-7180                             D  account USIM Account ADN is IccCard? true
2025-11-21 16:39:08.261 32585-32590 artd                    pid-32585                            I  Successfully loaded /data/user/0/com.google.android.gms/app_dg_cache/0A2EB415626664D90269011A1B536A8FCFC77BCD/oat/arm64/the.odex with executable: 0
2025-11-21 16:39:08.263 32585-32590 artd                    pid-32585                            W  ClassLoaderContext type mismatch. expected=DLC, found=PCL (PCL[];DLC[/data/user_de/0/com.google.android.gms/app_chimera/m/00000009/dl-SidecarAps.integ_251633805100400.apk*36308036];PCL[/product/priv-app/GmsCore/GmsCore.apk*1289739567]{PCL[/system/framework/org.apache.http.legacy.jar*437079508]#PCL[/system/framework/com.android.media.remotedisplay.jar*2042759013]#PCL[/system/framework/com.android.location.provider.jar*3414091812]#PCL[/system_ext/framework/androidx.window.extensions.jar*982563657]#PCL[/system_ext/framework/androidx.window.sidecar.jar*391518838]} | PCL[];PCL[/data/app/~~zqIlRzBhSYy0J-HociVMdw==/com.google.android.gms-2NjaMEomGx2aY1WqmykIAw==/base.apk*1653684527]{PCL[/system/framework/org.apache.http.legacy.jar*437079508]#PCL[/system/framework/com.android.media.remotedisplay.jar*2042759013]#PCL[/system/framework/com.android.location.provider.jar*3414091812]#PCL[/system_ext/framework/androidx.window.extensions.jar*982563657]#PCL[/system_ext/framework/androidx.window.sidecar.jar*391518838]})
2025-11-21 16:39:08.264 32585-32590 artd                    pid-32585                            I  ClassLoaderContext check failed. Context was PCL[];DLC[/data/user_de/0/com.google.android.gms/app_chimera/m/00000009/dl-SidecarAps.integ_251633805100400.apk*36308036];PCL[/product/priv-app/GmsCore/GmsCore.apk*1289739567]{PCL[/system/framework/org.apache.http.legacy.jar*437079508]#PCL[/system/framework/com.android.media.remotedisplay.jar*2042759013]#PCL[/system/framework/com.android.location.provider.jar*3414091812]#PCL[/system_ext/framework/androidx.window.extensions.jar*982563657]#PCL[/system_ext/framework/androidx.window.sidecar.jar*391518838]}. The expected context is PCL[];PCL[/data/app/~~zqIlRzBhSYy0J-HociVMdw==/com.google.android.gms-2NjaMEomGx2aY1WqmykIAw==/base.apk*1653684527]{PCL[/system/framework/org.apache.http.legacy.jar*437079508]#PCL[/system/framework/com.android.media.remotedisplay.jar*2042759013]#PCL[/system/framework/com.android.location.provider.jar*3414091812]#PCL[/system_ext/framework/androidx.window.extensions.jar*982563657]#PCL[/system_ext/framework/androidx.window.sidecar.jar*391518838]}
2025-11-21 16:39:08.265 32585-32590 artd                    pid-32585                            I  /data/user/0/com.google.android.gms/app_dg_cache/0A2EB415626664D90269011A1B536A8FCFC77BCD/oat/arm64/the.odex is kOaContextOutOfDate with filter verify
2025-11-21 16:39:08.265  7180-7297  Dialer                  pid-7180                             I  DupContactIdFilterTask - merge contacts coast: 113
2025-11-21 16:39:08.265  7180-7297  EventBus                pid-7180                             D  No subscribers registered for event class java.lang.String
2025-11-21 16:39:08.265  7180-7297  EventBus                pid-7180                             D  No subscribers registered for event class n12
2025-11-21 16:39:08.266 32585-32590 artd                    pid-32585                            I  GetBestInfo checking vdex in dalvik-cache (/data/dalvik-cache/arm64/data@user@0@com.google.android.gms@app_dg_cache@0A2EB415626664D90269011A1B536A8FCFC77BCD@the.apk@classes.vdex)
2025-11-21 16:39:08.267 32585-32590 artd                    pid-32585                            I  unable to open vdex file /data/dalvik-cache/arm64/data@user@0@com.google.android.gms@app_dg_cache@0A2EB415626664D90269011A1B536A8FCFC77BCD@the.apk@classes.vdex: File /data/dalvik-cache/arm64/data@user@0@com.google.android.gms@app_dg_cache@0A2EB415626664D90269011A1B536A8FCFC77BCD@the.apk@classes.vdex does not exist.
2025-11-21 16:39:08.268 32585-32590 artd                    pid-32585                            I  OatFileAssistant test for existing oat file /data/dalvik-cache/arm64/data@user@0@com.google.android.gms@app_dg_cache@0A2EB415626664D90269011A1B536A8FCFC77BCD@the.apk@classes.vdex: File /data/dalvik-cache/arm64/data@user@0@com.google.android.gms@app_dg_cache@0A2EB415626664D90269011A1B536A8FCFC77BCD@the.apk@classes.vdex does not exist.
2025-11-21 16:39:08.269 32585-32590 artd                    pid-32585                            I  GetBestInfo checking vdex next to the dex file (/data/user/0/com.google.android.gms/app_dg_cache/0A2EB415626664D90269011A1B536A8FCFC77BCD/oat/arm64/the.vdex)
2025-11-21 16:39:08.271 32585-32590 artd                    pid-32585                            I  Successfully loaded /data/user/0/com.google.android.gms/app_dg_cache/0A2EB415626664D90269011A1B536A8FCFC77BCD/oat/arm64/the.vdex with executable: 0
2025-11-21 16:39:08.272 32585-32590 artd                    pid-32585                            I  Image checksum test skipped for vdex file /data/user/0/com.google.android.gms/app_dg_cache/0A2EB415626664D90269011A1B536A8FCFC77BCD/oat/arm64/the.vdex
2025-11-21 16:39:08.273 32585-32590 artd                    pid-32585                            I  /data/user/0/com.google.android.gms/app_dg_cache/0A2EB415626664D90269011A1B536A8FCFC77BCD/oat/arm64/the.vdex is kOatUpToDate with filter verify
2025-11-21 16:39:08.274 32585-32590 artd                    pid-32585                            I  Should not recompile
2025-11-21 16:39:08.275  1558-32582 ArtService              pid-1558                             I  Dexopt result: [packageName = com.google.android.gms] DexContainerFileDexoptResult{dexContainerFile=/data/user/0/com.google.android.gms/app_dg_cache/0A2EB415626664D90269011A1B536A8FCFC77BCD/the.apk, primaryAbi=true, abi=arm64-v8a, actualCompilerFilter=verify, status=SKIPPED, dex2oatWallTimeMillis=0, dex2oatCpuTimeMillis=0, sizeBytes=0, sizeBeforeBytes=0, extendedStatusFlags=[]}
2025-11-21 16:39:08.286 32585-32589 artd                    pid-32585                            I  Dex parent of /data/user_de/0/com.google.android.gms/app_chimera/m/0000000a/dl-VisionOcr.optional_251036100000.apk is not writable: Permission denied
2025-11-21 16:39:08.286 32585-32589 artd                    pid-32585                            I  GetBestInfo checking odex in dalvik-cache (/data/dalvik-cache/arm64/data@user_de@0@com.google.android.gms@app_chimera@m@0000000a@dl-VisionOcr.optional_251036100000.apk@classes.dex)
2025-11-21 16:39:08.286 32585-32589 artd                    pid-32585                            I  Loading /data/dalvik-cache/arm64/data@user_de@0@com.google.android.gms@app_chimera@m@0000000a@dl-VisionOcr.optional_251036100000.apk@classes.dex with executable: 0
2025-11-21 16:39:08.286 32585-32589 artd                    pid-32585                            I  OatFileAssistant test for existing oat file /data/dalvik-cache/arm64/data@user_de@0@com.google.android.gms@app_chimera@m@0000000a@dl-VisionOcr.optional_251036100000.apk@classes.dex: File /data/dalvik-cache/arm64/data@user_de@0@com.google.android.gms@app_chimera@m@0000000a@dl-VisionOcr.optional_251036100000.apk@classes.vdex does not exist.
2025-11-21 16:39:08.286 32585-32589 artd                    pid-32585                            I  GetBestInfo checking odex next to the dex file (/data/user_de/0/com.google.android.gms/app_chimera/m/0000000a/oat/arm64/dl-VisionOcr.optional_251036100000.odex)
2025-11-21 16:39:08.286 32585-32589 artd                    pid-32585                            I  Loading /data/user_de/0/com.google.android.gms/app_chimera/m/0000000a/oat/arm64/dl-VisionOcr.optional_251036100000.odex with executable: 0
2025-11-21 16:39:08.286 32585-32589 artd                    pid-32585                            I  Successfully loaded /data/user_de/0/com.google.android.gms/app_chimera/m/0000000a/oat/arm64/dl-VisionOcr.optional_251036100000.odex with executable: 0
2025-11-21 16:39:08.286 32585-32589 artd                    pid-32585                            I  /data/user_de/0/com.google.android.gms/app_chimera/m/0000000a/oat/arm64/dl-VisionOcr.optional_251036100000.odex is kOatUpToDate with filter verify
2025-11-21 16:39:08.287 32585-32589 artd                    pid-32585                            I  Should not recompile
2025-11-21 16:39:08.288  1558-32582 ArtService              pid-1558                             I  Dexopt result: [packageName = com.google.android.gms] DexContainerFileDexoptResult{dexContainerFile=/data/user_de/0/com.google.android.gms/app_chimera/m/0000000a/dl-VisionOcr.optional_251036100000.apk, primaryAbi=true, abi=arm64-v8a, actualCompilerFilter=verify, status=SKIPPED, dex2oatWallTimeMillis=0, dex2oatCpuTimeMillis=0, sizeBytes=0, sizeBeforeBytes=0, extendedStatusFlags=[]}
2025-11-21 16:39:08.294 32585-32589 artd                    pid-32585                            I  Dex parent of /data/user/0/com.google.android.gms/app_dg_cache/F5338DE2BC19B72E4BF9F7CAC38ECD5ACE5D1DF2/the.apk is not writable: Permission denied
2025-11-21 16:39:08.294 32585-32589 artd                    pid-32585                            I  GetBestInfo checking odex in dalvik-cache (/data/dalvik-cache/arm64/data@user@0@com.google.android.gms@app_dg_cache@F5338DE2BC19B72E4BF9F7CAC38ECD5ACE5D1DF2@the.apk@classes.dex)
2025-11-21 16:39:08.295 32585-32589 artd                    pid-32585                            I  Loading /data/dalvik-cache/arm64/data@user@0@com.google.android.gms@app_dg_cache@F5338DE2BC19B72E4BF9F7CAC38ECD5ACE5D1DF2@the.apk@classes.dex with executable: 0
2025-11-21 16:39:08.296 32585-32589 artd                    pid-32585                            I  OatFileAssistant test for existing oat file /data/dalvik-cache/arm64/data@user@0@com.google.android.gms@app_dg_cache@F5338DE2BC19B72E4BF9F7CAC38ECD5ACE5D1DF2@the.apk@classes.dex: File /data/dalvik-cache/arm64/data@user@0@com.google.android.gms@app_dg_cache@F5338DE2BC19B72E4BF9F7CAC38ECD5ACE5D1DF2@the.apk@classes.vdex does not exist.
2025-11-21 16:39:08.296 32585-32589 artd                    pid-32585                            I  GetBestInfo checking odex next to the dex file (/data/user/0/com.google.android.gms/app_dg_cache/F5338DE2BC19B72E4BF9F7CAC38ECD5ACE5D1DF2/oat/arm64/the.odex)
2025-11-21 16:39:08.297 32585-32589 artd                    pid-32585                            I  Loading /data/user/0/com.google.android.gms/app_dg_cache/F5338DE2BC19B72E4BF9F7CAC38ECD5ACE5D1DF2/oat/arm64/the.odex with executable: 0
2025-11-21 16:39:08.298  1558-1688  Griffin/Me...torManager pid-1558                             I  ProcessRecord= ProcessRecord{a2b0d35 31774:com.payjoy.access/u10a219} pss= 8 threshold= 3072
2025-11-21 16:39:08.300 32585-32589 artd                    pid-32585                            I  Successfully loaded /data/user/0/com.google.android.gms/app_dg_cache/F5338DE2BC19B72E4BF9F7CAC38ECD5ACE5D1DF2/oat/arm64/the.odex with executable: 0
2025-11-21 16:39:08.302 32585-32589 artd                    pid-32585                            W  ClassLoaderContext classpath element mismatch. expected=/product/priv-app/GmsCore/GmsCore.apk, found=/data/app/~~zqIlRzBhSYy0J-HociVMdw==/com.google.android.gms-2NjaMEomGx2aY1WqmykIAw==/base.apk (PCL[];PCL[/product/priv-app/GmsCore/GmsCore.apk*1289739567]{PCL[/system/framework/org.apache.http.legacy.jar*437079508]#PCL[/system/framework/com.android.media.remotedisplay.jar*2042759013]#PCL[/system/framework/com.android.location.provider.jar*3414091812]#PCL[/system_ext/framework/androidx.window.extensions.jar*982563657]#PCL[/system_ext/framework/androidx.window.sidecar.jar*391518838]} | PCL[];PCL[/data/app/~~zqIlRzBhSYy0J-HociVMdw==/com.google.android.gms-2NjaMEomGx2aY1WqmykIAw==/base.apk*1653684527]{PCL[/system/framework/org.apache.http.legacy.jar*437079508]#PCL[/system/framework/com.android.media.remotedisplay.jar*2042759013]#PCL[/system/framework/com.android.location.provider.jar*3414091812]#PCL[/system_ext/framework/androidx.window.extensions.jar*982563657]#PCL[/system_ext/framework/androidx.window.sidecar.jar*391518838]})
2025-11-21 16:39:08.302 29227-32596 DownloadManager         pid-29227                            D  [9] Starting
