2026-01-27 20:03:09.487 22335-23011 OpenGLRenderer          com.cdccreditsmart.app               I  Davey! duration=954ms; Flags=0, FrameTimelineVsyncId=1731708, IntendedVsync=9872494947226, Vsync=9872561556770, InputEventId=303477327, HandleInputStart=9872576681246, AnimationStart=9872576685823, PerformTraversalsStart=9872588370438, DrawStart=9872588766515, FrameDeadline=9872511613893, FrameInterval=9872576646361, FrameStartTime=16652386, SyncQueued=9872683295015, SyncStart=9872683899592, IssueDrawCommandsStart=9872684264438, SwapBuffers=9873437832630, FrameCompleted=9873449919937, DequeueBufferDuration=35230, QueueBufferDuration=563808, GpuCompleted=9873449919937, SwapBuffersCompleted=9873449573514, DisplayPresentTime=288234774265332736, CommandSubmissionCompleted=9873437832630, 
2026-01-27 20:03:09.511 23440-24620 CdcMessagingService     com.cdccreditsmart.app               D  ========== NEW FCM TOKEN RECEIVED ==========
2026-01-27 20:03:09.511 23440-24620 CdcMessagingService     com.cdccreditsmart.app               D  Token: fUjK784DRYis7UBNBUGk...
2026-01-27 20:03:09.611 22335-22481 mali_gralloc            com.cdccreditsmart.app               D  unregister: id=33500001351, handle=0xb4000078dc5b8290, base=0x0, importpid=22335, count:0
2026-01-27 20:03:09.611 22335-22481 OpenGLRenderer          com.cdccreditsmart.app               D  endAllActiveAnimators on 0xb4000079ec624b90 (UnprojectedRipple) with handle 0xb40000795c5d7e80
2026-01-27 20:03:09.615 23440-24619 ProfileInstaller        com.cdccreditsmart.app               D  Installing profile for com.cdccreditsmart.app
2026-01-27 20:03:09.622 22335-23011 mali_gralloc            com.cdccreditsmart.app               D  unregister: id=33500001350, handle=0xb4000078dc5ba570, base=0x0, importpid=22335, count:0
2026-01-27 20:03:09.724 22335-22335 mali_gralloc            com.cdccreditsmart.app               D  unregister: id=3350000134e, handle=0xb4000078dc5d0c50, base=0x0, importpid=22335, count:0
2026-01-27 20:03:09.725 22335-22335 mali_gralloc            com.cdccreditsmart.app               D  unregister: id=3350000134f, handle=0xb4000078dc5bb1d0, base=0x0, importpid=22335, count:0
2026-01-27 20:03:10.338 23440-23440 CDCDeviceAdminService   com.cdccreditsmart.app               I  Device Admin Service destroyed
2026-01-27 20:03:10.371 23440-23440 CDCDeviceAdminService   com.cdccreditsmart.app               I  âœ… Device Admin Service created - System is communicating with CDC DPC
2026-01-27 20:03:10.812 23440-24620 FcmTokenManager         com.cdccreditsmart.app               D  FCM token saved locally: fUjK784DRYis7UBNBUGk...
2026-01-27 20:03:10.829 23440-24049 FcmTokenManager         com.cdccreditsmart.app               D  ========== REGISTERING FCM TOKEN WITH BACKEND ==========
2026-01-27 20:03:10.847 23440-24049 FcmTokenManager         com.cdccreditsmart.app               D  Current FCM token retrieved: fUjK784DRYis7UBNBUGk...
2026-01-27 20:03:10.929 23440-24049 FcmTokenManager         com.cdccreditsmart.app               E  Cannot register: Auth token not available
2026-01-27 20:03:10.929 23440-24049 CdcMessagingService     com.cdccreditsmart.app               E  âŒ Failed to register FCM token with backend: User not authenticated
2026-01-27 20:03:11.371 22335-22464 FA                      com.cdccreditsmart.app               I  Application backgrounded at: timestamp_millis: 1769554989341
2026-01-27 20:03:13.126 22335-22481 OpenGLRenderer          com.cdccreditsmart.app               E  Unable to match the desired swap behavior.
2026-01-27 20:03:13.129 22335-24860 mali_gralloc            com.cdccreditsmart.app               D  register: id=33500001360, handle=0xb4000078dc5b71b0, importpid=-1, gRegisteredHandles=0
2026-01-27 20:03:13.131 22335-24860 mali_gralloc            com.cdccreditsmart.app               D  register: id=33500001361, handle=0xb4000078dc5d0470, importpid=-1, gRegisteredHandles=1
2026-01-27 20:03:13.137 22335-24860 mali_gralloc            com.cdccreditsmart.app               D  register: id=33500001362, handle=0xb4000078dc5cfb70, importpid=-1, gRegisteredHandles=2
2026-01-27 20:03:13.140 22335-24860 mali_gralloc            com.cdccreditsmart.app               D  register: id=33500001363, handle=0xb4000078dc5d3050, importpid=-1, gRegisteredHandles=3
2026-01-27 20:03:14.075 22335-22479 SettingsGuardService    com.cdccreditsmart.app               I  â–¶ï¸ App CDC em foreground - fluxo de permissÃ£o concluÃ­do
2026-01-27 20:03:14.075 22335-22479 SettingsGuardService    com.cdccreditsmart.app               I  â–¶ï¸ Guard RETOMADO apÃ³s fluxo de permissÃµes
2026-01-27 20:03:14.330 22335-22335 Compatibil...geReporter com.cdccreditsmart.app               D  Compat change id reported: 171228096; UID 10269; state: ENABLED
2026-01-27 20:03:15.308 22335-22335 SettingsGuardService    com.cdccreditsmart.app               I  â¸ï¸ Guard PAUSADO para fluxo de permissÃµes (timeout: 30s)
2026-01-27 20:03:16.191 22335-22481 mali_gralloc            com.cdccreditsmart.app               D  unregister: id=33500001361, handle=0xb4000078dc5d0470, base=0x0, importpid=22335, count:0
2026-01-27 20:03:16.191 22335-22481 mali_gralloc            com.cdccreditsmart.app               D  unregister: id=33500001362, handle=0xb4000078dc5cfb70, base=0x0, importpid=22335, count:0
2026-01-27 20:03:16.218 23440-23440 FactoryResetRecovery    com.cdccreditsmart.app               I  ========================================
2026-01-27 20:03:16.218 23440-23440 FactoryResetRecovery    com.cdccreditsmart.app               I  ğŸ”„ BOOT DETECTADO (android.intent.action.BOOT_COMPLETED) - Verificando recuperaÃ§Ã£o
2026-01-27 20:03:16.218 23440-23440 FactoryResetRecovery    com.cdccreditsmart.app               I  ========================================
2026-01-27 20:03:16.223 23440-24049 ContractCodeStorage     com.cdccreditsmart.app               D  Retrieving contract code from storage
2026-01-27 20:03:16.261 22335-22335 mali_gralloc            com.cdccreditsmart.app               D  unregister: id=33500001363, handle=0xb4000078dc5d3050, base=0x0, importpid=22335, count:0
2026-01-27 20:03:16.261 22335-22335 mali_gralloc            com.cdccreditsmart.app               D  unregister: id=33500001360, handle=0xb4000078dc5b71b0, base=0x0, importpid=22335, count:0
2026-01-27 20:03:16.401 23440-24049 ContractCodeStorage     com.cdccreditsmart.app               D  Storage verification: 0 valid, 0 tampered, 7 missing
2026-01-27 20:03:16.401 23440-24049 ContractCodeStorage     com.cdccreditsmart.app               W  No valid contract code found in any location
2026-01-27 20:03:16.409 23440-24049 ApkPreloadManager       com.cdccreditsmart.app               I  ğŸ“± Fabricante detectado: realme
2026-01-27 20:03:16.423 23440-24049 FactoryResetRecovery    com.cdccreditsmart.app               I  â„¹ï¸ Sem manifesto de enrollment - app iniciarÃ¡ normalmente
2026-01-27 20:03:17.137 23440-23440 BootReceiver            com.cdccreditsmart.app               I  Boot completed - iniciando servicos...
2026-01-27 20:03:17.139 23440-23440 PlayProtectManager      com.cdccreditsmart.app               D  App nao e Device Owner - pulando desabilitacao do Play Protect
2026-01-27 20:03:17.145 23440-23440 CdcForegroundService    com.cdccreditsmart.app               I  âœ… ServiÃ§o iniciado via startService()
2026-01-27 20:03:17.156 23440-23440 OfflineEnf...mentWorker com.cdccreditsmart.app               I  âœ… OfflineEnforcementWorker agendado
2026-01-27 20:03:17.156 23440-23440 BootReceiver            com.cdccreditsmart.app               I  OfflineEnforcementWorker agendado apos boot
2026-01-27 20:03:17.158 23440-23440 PeriodicOverlayWorker   com.cdccreditsmart.app               I  ğŸ“… Agendando overlay automÃ¡tico
2026-01-27 20:03:17.158 23440-23440 PeriodicOverlayWorker   com.cdccreditsmart.app               I     WorkManager interval: 15 minutos (mÃ­nimo obrigatÃ³rio)
2026-01-27 20:03:17.158 23440-23440 PeriodicOverlayWorker   com.cdccreditsmart.app               I     Cooldowns progressivos controlados internamente pelo worker
2026-01-27 20:03:17.159 23440-23440 PeriodicOverlayWorker   com.cdccreditsmart.app               I  âœ… Overlay automÃ¡tico agendado com sucesso
2026-01-27 20:03:17.159 23440-23440 BootReceiver            com.cdccreditsmart.app               I  PeriodicOverlayWorker agendado apos boot
2026-01-27 20:03:17.159 23440-23440 BootReceiver            com.cdccreditsmart.app               I  Servicos iniciados apos boot
2026-01-27 20:03:17.160 23440-23440 CdcForegroundService    com.cdccreditsmart.app               D  ğŸš€ ServiÃ§o onStartCommand() - Action: com.cdccreditsmart.app.START_SERVICE
2026-01-27 20:03:17.180 23440-23440 CdcForegroundService    com.cdccreditsmart.app               I  âœ… Foreground Service ativo (Android 12+)
2026-01-27 20:03:17.181 23440-24049 CdcForegroundService    com.cdccreditsmart.app               I  ğŸ”§ ========================================
2026-01-27 20:03:17.181 23440-24049 CdcForegroundService    com.cdccreditsmart.app               I  ğŸ”§ INICIANDO initializeServices()...
2026-01-27 20:03:17.181 23440-24049 CdcForegroundService    com.cdccreditsmart.app               I  ğŸ”§ ========================================
2026-01-27 20:03:17.181 23440-24049 CdcForegroundService    com.cdccreditsmart.app               I  ğŸ“± Rodando em usuÃ¡rio secundÃ¡rio gerenciado (User ID: 19)
2026-01-27 20:03:17.181 23440-24049 CdcForegroundService    com.cdccreditsmart.app               I  ğŸ“± Dados de enrollment existem apenas no usuÃ¡rio primÃ¡rio
2026-01-27 20:03:17.181 23440-24049 CdcForegroundService    com.cdccreditsmart.app               I  ğŸ“± ServiÃ§o MDM nÃ£o serÃ¡ inicializado neste usuÃ¡rio
2026-01-27 20:03:17.181 23440-24049 CdcForegroundService    com.cdccreditsmart.app               I  ğŸ”§ ========================================
2026-01-27 20:03:17.197 23440-23440 BootInterceptor         com.cdccreditsmart.app               I  ========================================
2026-01-27 20:03:17.199 23440-23440 BootInterceptor         com.cdccreditsmart.app               I  ğŸ”„ BOOT EVENT DETECTADO
2026-01-27 20:03:17.199 23440-23440 BootInterceptor         com.cdccreditsmart.app               I  ========================================
2026-01-27 20:03:17.199 23440-23440 BootInterceptor         com.cdccreditsmart.app               I  âœ… BOOT COMPLETO DETECTADO
2026-01-27 20:03:17.204 23440-23440 BootInterceptor         com.cdccreditsmart.app               I     Sistema Android iniciado com sucesso
2026-01-27 20:03:17.208 23440-23440 BootInterceptor         com.cdccreditsmart.app               I     Device Fingerprint: CDC_-9781457****
2026-01-27 20:03:17.232 23440-23440 TamperDetection         com.cdccreditsmart.app               I  
2026-01-27 20:03:17.232 23440-23440 TamperDetection         com.cdccreditsmart.app               I  â•”â•â•â•â•â•â•â•â•â•â•â•â•â•â•â•â•â•â•â•â•â•â•â•â•â•â•â•â•â•â•â•â•â•â•â•â•â•â•â•â•â•â•â•â•â•â•â•â•â•â•â•â•â•â•â•â•â•—
2026-01-27 20:03:17.232 23440-23440 TamperDetection         com.cdccreditsmart.app               I  â•‘    ğŸ“¡ BOOT REPORT ADIADO - AGUARDANDO PAREAMENTO      â•‘
2026-01-27 20:03:17.232 23440-23440 TamperDetection         com.cdccreditsmart.app               I  â• â•â•â•â•â•â•â•â•â•â•â•â•â•â•â•â•â•â•â•â•â•â•â•â•â•â•â•â•â•â•â•â•â•â•â•â•â•â•â•â•â•â•â•â•â•â•â•â•â•â•â•â•â•â•â•â•â•£
2026-01-27 20:03:17.232 23440-23440 TamperDetection         com.cdccreditsmart.app               I  â•‘  â³ Device ainda nÃ£o pareado com contrato              â•‘
2026-01-27 20:03:17.232 23440-23440 TamperDetection         com.cdccreditsmart.app               I  â•‘  â³ Boot serÃ¡ reportado apÃ³s autenticaÃ§Ã£o              â•‘
2026-01-27 20:03:17.232 23440-23440 TamperDetection         com.cdccreditsmart.app               I  â•‘  â„¹ï¸  Isso Ã© comportamento NORMAL antes do pareamento   â•‘
2026-01-27 20:03:17.232 23440-23440 TamperDetection         com.cdccreditsmart.app               I  â•šâ•â•â•â•â•â•â•â•â•â•â•â•â•â•â•â•â•â•â•â•â•â•â•â•â•â•â•â•â•â•â•â•â•â•â•â•â•â•â•â•â•â•â•â•â•â•â•â•â•â•â•â•â•â•â•â•â•
2026-01-27 20:03:17.232 23440-23440 TamperDetection         com.cdccreditsmart.app               I  
2026-01-27 20:03:17.232 23440-23440 BootInterceptor         com.cdccreditsmart.app               I  ========================================
2026-01-27 20:03:18.258 22335-22464 FA                      com.cdccreditsmart.app               I  Application backgrounded at: timestamp_millis: 1769554996220
2026-01-27 20:03:18.577 22335-22479 PermissionGateManager   com.cdccreditsmart.app               W  âš ï¸ Device Owner: 2 permissÃ£o(Ãµes) pendente(s)
2026-01-27 20:03:18.577 22335-22479 PermissionGateManager   com.cdccreditsmart.app               W     â†’ Falta: Exibir sobre outros apps
2026-01-27 20:03:18.577 22335-22479 PermissionGateManager   com.cdccreditsmart.app               W     â†’ Falta: ExecuÃ§Ã£o em Segundo Plano
2026-01-27 20:03:20.553 22335-22481 OpenGLRenderer          com.cdccreditsmart.app               E  Unable to match the desired swap behavior.
2026-01-27 20:03:20.610 22335-25489 mali_gralloc            com.cdccreditsmart.app               D  register: id=33500001382, handle=0xb4000078dc5d8270, importpid=-1, gRegisteredHandles=0
2026-01-27 20:03:20.618 22335-25489 mali_gralloc            com.cdccreditsmart.app               D  register: id=33500001383, handle=0xb4000078dc5d2090, importpid=-1, gRegisteredHandles=1
2026-01-27 20:03:20.619 22335-25489 mali_gralloc            com.cdccreditsmart.app               D  register: id=33500001384, handle=0xb4000078dc5d4370, importpid=-1, gRegisteredHandles=2
2026-01-27 20:03:20.625 22335-25489 mali_gralloc            com.cdccreditsmart.app               D  register: id=33500001385, handle=0xb4000078dc5a52d0, importpid=-1, gRegisteredHandles=3
2026-01-27 20:03:21.590 22335-22335 SettingsGuardService    com.cdccreditsmart.app               I  â¸ï¸ Guard PAUSADO para fluxo de permissÃµes (timeout: 30s)
2026-01-27 20:03:23.094 22335-22479 SettingsGuardService    com.cdccreditsmart.app               I  âœ… USAGE_STATS concedida
2026-01-27 20:03:23.097 22335-22479 SettingsGuardService    com.cdccreditsmart.app               I  ğŸ“¢ NotificaÃ§Ã£o de permissÃ£o USAGE_STATS cancelada
2026-01-27 20:03:23.134 22335-22479 SettingsGuardService    com.cdccreditsmart.app               I  â–¶ï¸ App CDC em foreground - fluxo de permissÃ£o concluÃ­do
2026-01-27 20:03:23.134 22335-22479 SettingsGuardService    com.cdccreditsmart.app               I  â–¶ï¸ Guard RETOMADO apÃ³s fluxo de permissÃµes
2026-01-27 20:03:23.922 22335-22335 SettingsGuardService    com.cdccreditsmart.app               I  â¸ï¸ Guard PAUSADO para fluxo de permissÃµes (timeout: 30s)
2026-01-27 20:03:24.626 22335-22479 PermissionGateManager   com.cdccreditsmart.app               W  âš ï¸ Device Owner: 1 permissÃ£o(Ãµes) pendente(s)
2026-01-27 20:03:24.627 22335-22479 PermissionGateManager   com.cdccreditsmart.app               W     â†’ Falta: Exibir sobre outros apps
2026-01-27 20:03:25.260 22335-22481 mali_gralloc            com.cdccreditsmart.app               D  unregister: id=33500001383, handle=0xb4000078dc5d2090, base=0x0, importpid=22335, count:0
2026-01-27 20:03:25.262 22335-22481 mali_gralloc            com.cdccreditsmart.app               D  unregister: id=33500001384, handle=0xb4000078dc5d4370, base=0x0, importpid=22335, count:0
2026-01-27 20:03:25.265 22335-22481 mali_gralloc            com.cdccreditsmart.app               D  unregister: id=33500001385, handle=0xb4000078dc5a52d0, base=0x0, importpid=22335, count:0
2026-01-27 20:03:25.267 22335-22481 OpenGLRenderer          com.cdccreditsmart.app               D  endAllActiveAnimators on 0xb4000079ec624b90 (UnprojectedRipple) with handle 0xb40000795c5cd2f0
2026-01-27 20:03:25.280 22335-22335 mali_gralloc            com.cdccreditsmart.app               D  unregister: id=33500001382, handle=0xb4000078dc5d8270, base=0x0, importpid=22335, count:0
2026-01-27 20:03:26.835 22335-22464 FA                      com.cdccreditsmart.app               I  Application backgrounded at: timestamp_millis: 1769555004829
2026-01-27 20:03:30.799 22335-22479 PermissionGateManager   com.cdccreditsmart.app               I  âœ… Device Owner: Todas as permissÃµes especiais concedidas!
2026-01-27 20:03:30.804 22335-22335 PermissionGateScreen    com.cdccreditsmart.app               I  âœ… TODAS AS PERMISSÃ•ES CONCEDIDAS! Prosseguindo para o app...
2026-01-27 20:03:30.804 22335-22335 SettingsGuardService    com.cdccreditsmart.app               I  â–¶ï¸ Guard RETOMADO apÃ³s fluxo de permissÃµes
2026-01-27 20:03:32.087 22335-22335 Choreographer           com.cdccreditsmart.app               I  Skipped 35 frames!  The application may be doing too much work on its main thread.
2026-01-27 20:03:32.333 22335-22335 DeviceOwnerCheckVM      com.cdccreditsmart.app               I  ========================================
2026-01-27 20:03:32.333 22335-22335 DeviceOwnerCheckVM      com.cdccreditsmart.app               I  ğŸ” Verificando status de Device Owner...
2026-01-27 20:03:32.347 22335-22479 SettingsGuardService    com.cdccreditsmart.app               D  ğŸ“‹ Activity check - Full: com.cdccreditsmart.app.presentation.MainActivity, Simple: MainActivity
2026-01-27 20:03:32.679 22335-22481 OpenGLRenderer          com.cdccreditsmart.app               E  Unable to match the desired swap behavior.
2026-01-27 20:03:32.689 22335-26374 mali_gralloc            com.cdccreditsmart.app               D  register: id=33500001398, handle=0xb4000078dc5d3cb0, importpid=-1, gRegisteredHandles=0
2026-01-27 20:03:32.708 22335-26374 mali_gralloc            com.cdccreditsmart.app               D  register: id=33500001399, handle=0xb4000078dc5d3830, importpid=-1, gRegisteredHandles=1
2026-01-27 20:03:32.713 22335-26374 mali_gralloc            com.cdccreditsmart.app               D  register: id=3350000139a, handle=0xb4000078dc5d4010, importpid=-1, gRegisteredHandles=2
2026-01-27 20:03:32.872 22335-26374 mali_gralloc            com.cdccreditsmart.app               D  register: id=3350000139b, handle=0xb4000078dc5d3ef0, importpid=-1, gRegisteredHandles=3
2026-01-27 20:03:33.000 22335-22335 Choreographer           com.cdccreditsmart.app               I  Skipped 39 frames!  The application may be doing too much work on its main thread.
2026-01-27 20:03:33.057 22335-22335 DeviceUtils             com.cdccreditsmart.app               D  Device Owner check: true
2026-01-27 20:03:33.057 22335-22335 DeviceUtils             com.cdccreditsmart.app               D  Samsung device: false (Manufacturer: realme)
2026-01-27 20:03:33.057 22335-22335 DeviceOwnerCheckVM      com.cdccreditsmart.app               I  âœ… Dispositivo Ã© Device Owner - permitindo acesso ao app
2026-01-27 20:03:33.057 22335-22335 DeviceOwnerCheckVM      com.cdccreditsmart.app               I  ========================================
2026-01-27 20:03:33.330 22335-22359 OpenGLRenderer          com.cdccreditsmart.app               I  Davey! duration=761ms; Flags=0, FrameTimelineVsyncId=1746553, IntendedVsync=9896539960757, Vsync=9896973115154, InputEventId=0, HandleInputStart=9896982505920, AnimationStart=9896982524536, PerformTraversalsStart=9897003684190, DrawStart=9897005427228, FrameDeadline=9896951906696, FrameInterval=9896977457420, FrameStartTime=11106523, SyncQueued=9897007903190, SyncStart=9897008187497, IssueDrawCommandsStart=9897008532882, SwapBuffers=9897281856689, FrameCompleted=9897302015613, DequeueBufferDuration=36923, QueueBufferDuration=591846, GpuCompleted=9897290636113, SwapBuffersCompleted=9897302015613, DisplayPresentTime=9884738029506, CommandSubmissionCompleted=9897281856689, 
2026-01-27 20:03:33.455 22335-22335 RouterViewModel         com.cdccreditsmart.app               D  ğŸš€ Iniciando verificaÃ§Ã£o de autenticaÃ§Ã£o...
2026-01-27 20:03:33.487 22335-22479 AuthOrchestrator        com.cdccreditsmart.app               D  ğŸ” Verificando autenticaÃ§Ã£o...
2026-01-27 20:03:33.489 22335-22335 Choreographer           com.cdccreditsmart.app               I  Skipped 37 frames!  The application may be doing too much work on its main thread.
2026-01-27 20:03:33.566 22335-22479 AuthOrchestrator        com.cdccreditsmart.app               D  ğŸŒ Conectividade: ONLINE
2026-01-27 20:03:33.566 22335-22479 AuthOrchestrator        com.cdccreditsmart.app               D  ğŸ”„ ========== AUTO-DISCOVERY INICIADO ==========
2026-01-27 20:03:33.758 22335-22479 DeviceUtils             com.cdccreditsmart.app               D  IMEI retrieved successfully: 8608***
2026-01-27 20:03:33.759 22335-22479 AuthOrchestrator        com.cdccreditsmart.app               D  ğŸ“± IMEI obtido: 8608***718
2026-01-27 20:03:33.759 22335-22479 AuthOrchestrator        com.cdccreditsmart.app               D  ğŸ” Tentando auto-discovery...
2026-01-27 20:03:33.759 22335-22479 AuthOrchestrator        com.cdccreditsmart.app               D     Endpoint: GET /api/apk/discover/860875074339718
2026-01-27 20:03:33.848 22335-22335 SettingsGuardService    com.cdccreditsmart.app               I  â–¶ï¸ Guard RETOMADO apÃ³s fluxo de permissÃµes
2026-01-27 20:03:34.314 22335-26498 okhttp.OkHttpClient     com.cdccreditsmart.app               I  --> GET https://cdccreditsmart.com/api/apk/discover/860875074339718
2026-01-27 20:03:34.314 22335-26498 okhttp.OkHttpClient     com.cdccreditsmart.app               I  --> END GET
2026-01-27 20:03:47.034 22335-26498 TrafficStats            com.cdccreditsmart.app               D  tagSocket(139) with statsTag=0xffffffff, statsUid=-1
2026-01-27 20:03:52.361 22335-26498 okhttp.OkHttpClient     com.cdccreditsmart.app               I  <-- 200 https://cdccreditsmart.com/api/apk/discover/860875074339718 (18046ms)
2026-01-27 20:03:52.362 22335-26498 okhttp.OkHttpClient     com.cdccreditsmart.app               I  access-control-allow-credentials: true
2026-01-27 20:03:52.362 22335-26498 okhttp.OkHttpClient     com.cdccreditsmart.app               I  access-control-allow-headers: Origin, X-Requested-With, Content-Type, Accept, Authorization, x-client-key, x-client-token, x-client-secret, cache-control
2026-01-27 20:03:52.363 22335-26498 okhttp.OkHttpClient     com.cdccreditsmart.app               I  access-control-allow-methods: GET, POST, PUT, PATCH, DELETE, OPTIONS
2026-01-27 20:03:52.363 22335-26498 okhttp.OkHttpClient     com.cdccreditsmart.app               I  access-control-allow-origin: *
2026-01-27 20:03:52.363 22335-26498 okhttp.OkHttpClient     com.cdccreditsmart.app               I  access-control-max-age: 86400
2026-01-27 20:03:52.363 22335-26498 okhttp.OkHttpClient     com.cdccreditsmart.app               I  content-length: 861
2026-01-27 20:03:52.364 22335-26498 okhttp.OkHttpClient     com.cdccreditsmart.app               I  content-security-policy: default-src 'self'; script-src 'self' 'unsafe-inline' 'unsafe-eval' https://replit.com; style-src 'self' 'unsafe-inline' https://replit.com; img-src 'self' data: https:; font-src 'self' data: https://replit.com; connect-src 'self';
2026-01-27 20:03:52.364 22335-26498 okhttp.OkHttpClient     com.cdccreditsmart.app               I  content-type: application/json; charset=utf-8
2026-01-27 20:03:52.364 22335-26498 okhttp.OkHttpClient     com.cdccreditsmart.app               I  date: Tue, 27 Jan 2026 23:03:50 GMT
2026-01-27 20:03:52.364 22335-26498 okhttp.OkHttpClient     com.cdccreditsmart.app               I  etag: W/"35d-sRnRZw4wkY0SeJlMS8hutGAaoQw"
2026-01-27 20:03:52.364 22335-26498 okhttp.OkHttpClient     com.cdccreditsmart.app               I  permissions-policy: geolocation=(), microphone=(), camera=()
2026-01-27 20:03:52.364 22335-26498 okhttp.OkHttpClient     com.cdccreditsmart.app               I  referrer-policy: strict-origin-when-cross-origin
2026-01-27 20:03:52.365 22335-26498 okhttp.OkHttpClient     com.cdccreditsmart.app               I  strict-transport-security: max-age=63072000; includeSubDomains
2026-01-27 20:03:52.365 22335-26498 okhttp.OkHttpClient     com.cdccreditsmart.app               I  strict-transport-security: max-age=31536000; includeSubDomains
2026-01-27 20:03:52.365 22335-26498 okhttp.OkHttpClient     com.cdccreditsmart.app               I  x-anti-fraud-protection: active
2026-01-27 20:03:52.365 22335-26498 okhttp.OkHttpClient     com.cdccreditsmart.app               I  x-certificate-pinning-enabled: false
2026-01-27 20:03:52.365 22335-26498 okhttp.OkHttpClient     com.cdccreditsmart.app               I  x-certificate-pinning-status: disabled-for-stability
2026-01-27 20:03:52.366 22335-26498 okhttp.OkHttpClient     com.cdccreditsmart.app               I  x-content-type-options: nosniff
2026-01-27 20:03:52.366 22335-26498 okhttp.OkHttpClient     com.cdccreditsmart.app               I  x-financial-data-protection: enabled
2026-01-27 20:03:52.366 22335-26498 okhttp.OkHttpClient     com.cdccreditsmart.app               I  x-frame-options: DENY
2026-01-27 20:03:52.366 22335-26498 okhttp.OkHttpClient     com.cdccreditsmart.app               I  x-transaction-security-level: maximum
2026-01-27 20:03:52.367 22335-26498 okhttp.OkHttpClient     com.cdccreditsmart.app               I  x-xss-protection: 1; mode=block
2026-01-27 20:03:52.367 22335-26498 okhttp.OkHttpClient     com.cdccreditsmart.app               I  via: 1.1 google
2026-01-27 20:03:52.367 22335-26498 okhttp.OkHttpClient     com.cdccreditsmart.app               I  alt-svc: h3=":443"; ma=2592000,h3-29=":443"; ma=2592000
2026-01-27 20:03:52.372 22335-26498 okhttp.OkHttpClient     com.cdccreditsmart.app               I  {"success":true,"device":{"id":"device_1769137280282_l7srjesg25","name":"REALME Note 60x","serialNumber":"QJ3H4MKG","imei":"860875074339718","imeiList":["860875074339718"],"meid":null,"meidList":null,"simSlotCount":1,"model":"Note 60x","brand":"REALME","status":"active","isBlocked":false,"blockReason":null},"customer":{"id":"f854a5cf-8b7e-4a66-a55f-a9f41948eb34","name":"Marcos Antunes","cpf":"06452784323","phone":"85981888810"},"connection":{"matchType":"imei_exact","useImei":"860875074339718","useSerialNumber":"QJ3H4MKG","useDeviceId":"device_1769137280282_l7srjesg25"},"token":"eyJhbGciOiJIUzI1NiIsInR5cCI6IkpXVCJ9.eyJ0eXBlIjoiYXBrIiwiZGV2aWNlSWQiOiJkZXZpY2VfMTc2OTEzNzI4MDI4Ml9sN3NyamVzZzI1IiwiaW1laSI6Ijg2MDg3NTA3NDMzOTcxOCIsInNlcmlhbE51bWJlciI6IlFKM0g0TUtHIiwiaWF0IjoxNzY5NTU1MDMwLCJleHAiOjE3NzczMzEwMzB9.oBDjC6itpg1V4ezHibcIWtyCj30eV36kn3781mY9b2E"}
2026-01-27 20:03:52.373 22335-26498 okhttp.OkHttpClient     com.cdccreditsmart.app               I  <-- END HTTP (861-byte body)
2026-01-27 20:03:52.422 22335-22479 AuthOrchestrator        com.cdccreditsmart.app               D  âœ… ========== AUTO-DISCOVERY BEM-SUCEDIDO ==========
2026-01-27 20:03:52.422 22335-22479 AuthOrchestrator        com.cdccreditsmart.app               D  âœ… Dispositivo encontrado:
2026-01-27 20:03:52.422 22335-22479 AuthOrchestrator        com.cdccreditsmart.app               D     - Nome: REALME Note 60x
2026-01-27 20:03:52.422 22335-22479 AuthOrchestrator        com.cdccreditsmart.app               D     - DeviceId: device_17691372...
2026-01-27 20:03:52.422 22335-22479 AuthOrchestrator        com.cdccreditsmart.app               D     - SerialNumber: QJ3H4MKG
2026-01-27 20:03:52.422 22335-22479 AuthOrchestrator        com.cdccreditsmart.app               D     - IMEI: 8608***718
2026-01-27 20:03:52.422 22335-22479 AuthOrchestrator        com.cdccreditsmart.app               D     - Status: active
2026-01-27 20:03:52.422 22335-22479 AuthOrchestrator        com.cdccreditsmart.app               D     - Bloqueado: false
2026-01-27 20:03:52.422 22335-22479 AuthOrchestrator        com.cdccreditsmart.app               D  âœ… Cliente:
2026-01-27 20:03:52.422 22335-22479 AuthOrchestrator        com.cdccreditsmart.app               D     - Nome: Marcos Antunes
2026-01-27 20:03:52.423 22335-22479 AuthOrchestrator        com.cdccreditsmart.app               D     - CPF: 064***
2026-01-27 20:03:52.423 22335-22479 AuthOrchestrator        com.cdccreditsmart.app               D  âœ… ConexÃ£o:
2026-01-27 20:03:52.423 22335-22479 AuthOrchestrator        com.cdccreditsmart.app               D     - Usar IMEI: 860875074339718
2026-01-27 20:03:52.423 22335-22479 AuthOrchestrator        com.cdccreditsmart.app               D     - Usar SerialNumber: QJ3H4MKG
2026-01-27 20:03:52.423 22335-22479 AuthOrchestrator        com.cdccreditsmart.app               D     - Usar DeviceId: device_1769137280282_l7srjesg25
2026-01-27 20:03:52.425 22335-22479 ContractCodeStorage     com.cdccreditsmart.app               D  Saving contract code to redundant storage
2026-01-27 20:03:52.749 22335-22479 ContractCodeStorage     com.cdccreditsmart.app               D  Saved to EncryptedPrefs
2026-01-27 20:03:53.169 22335-22479 ContractCodeStorage     com.cdccreditsmart.app               D  Successfully saved to file: .cdc_protected_code.enc
2026-01-27 20:03:53.169 22335-22479 ContractCodeStorage     com.cdccreditsmart.app               D  Saved to Protected Storage
2026-01-27 20:03:53.235 22335-22479 ContractCodeStorage     com.cdccreditsmart.app               D  Successfully saved to file: .cdc_contract_b1.enc
2026-01-27 20:03:53.309 22335-22479 ContractCodeStorage     com.cdccreditsmart.app               D  Successfully saved to file: .sys_device_cfg.enc
2026-01-27 20:03:53.367 22335-22479 ContractCodeStorage     com.cdccreditsmart.app               D  Successfully saved to file: .android_secure.enc
2026-01-27 20:03:53.431 22335-22479 ContractCodeStorage     com.cdccreditsmart.app               D  Contract code saved to ALL storage locations
2026-01-27 20:03:53.786 22335-22479 ContractCodeStorage     com.cdccreditsmart.app               D  Verification complete: 7/7 locations valid
2026-01-27 20:03:53.813 22335-22479 ContractCodeStorage     com.cdccreditsmart.app               D  Saving contract code to redundant storage
2026-01-27 20:03:53.838 22335-22479 ContractCodeStorage     com.cdccreditsmart.app               D  Saved to EncryptedPrefs
2026-01-27 20:03:53.846 22335-22479 ContractCodeStorage     com.cdccreditsmart.app               D  Deleted existing file: .cdc_protected_code.enc
2026-01-27 20:03:53.925 22335-22479 ContractCodeStorage     com.cdccreditsmart.app               D  Successfully saved to file: .cdc_protected_code.enc
2026-01-27 20:03:53.925 22335-22479 ContractCodeStorage     com.cdccreditsmart.app               D  Saved to Protected Storage
2026-01-27 20:03:53.926 22335-22479 ContractCodeStorage     com.cdccreditsmart.app               D  Deleted existing file: .cdc_contract_b1.enc
2026-01-27 20:03:54.003 22335-22479 ContractCodeStorage     com.cdccreditsmart.app               D  Successfully saved to file: .cdc_contract_b1.enc
2026-01-27 20:03:54.004 22335-22479 ContractCodeStorage     com.cdccreditsmart.app               D  Deleted existing file: .sys_device_cfg.enc
2026-01-27 20:03:54.060 22335-22479 ContractCodeStorage     com.cdccreditsmart.app               D  Successfully saved to file: .sys_device_cfg.enc
2026-01-27 20:03:54.061 22335-22479 ContractCodeStorage     com.cdccreditsmart.app               D  Deleted existing file: .android_secure.enc
2026-01-27 20:03:54.109 22335-22479 ContractCodeStorage     com.cdccreditsmart.app               D  Successfully saved to file: .android_secure.enc
2026-01-27 20:03:54.158 22335-22479 ContractCodeStorage     com.cdccreditsmart.app               D  Contract code saved to ALL storage locations
2026-01-27 20:03:54.454 22335-22479 ContractCodeStorage     com.cdccreditsmart.app               D  Verification complete: 7/7 locations valid
2026-01-27 20:03:54.454 22335-22479 SecureTokenStorage      com.cdccreditsmart.app               D  Device info saved successfully from auto-discovery
2026-01-27 20:03:54.454 22335-22479 SecureTokenStorage      com.cdccreditsmart.app               D    - DeviceId: device_17691372...
2026-01-27 20:03:54.454 22335-22479 SecureTokenStorage      com.cdccreditsmart.app               D    - SerialNumber: QJ3H4MKG
2026-01-27 20:03:54.454 22335-22479 SecureTokenStorage      com.cdccreditsmart.app               D    - IMEI: 8608***
2026-01-27 20:03:54.454 22335-22479 SecureTokenStorage      com.cdccreditsmart.app               D    - ContractCode: QJ3H4MKG
2026-01-27 20:03:54.454 22335-22479 AuthOrchestrator        com.cdccreditsmart.app               D  ğŸ’¾ Dados salvos:
2026-01-27 20:03:54.454 22335-22479 AuthOrchestrator        com.cdccreditsmart.app               D     - ContractCode: QJ3H4MKG
2026-01-27 20:03:54.454 22335-22479 AuthOrchestrator        com.cdccreditsmart.app               D     - DeviceId: device_17691372...
2026-01-27 20:03:54.455 22335-22479 AuthOrchestrator        com.cdccreditsmart.app               D     - IMEI: 8608***718
2026-01-27 20:03:54.459 22335-22479 SecureTokenStorage      com.cdccreditsmart.app               D  Auth token saved successfully (contract code via ContractCodeStorage, deviceId: null...)
2026-01-27 20:03:54.459 22335-22479 AuthOrchestrator        com.cdccreditsmart.app               D  âœ… [6/7] Token JWT obtido do discovery e salvo!
2026-01-27 20:03:54.459 22335-22479 AuthOrchestrator        com.cdccreditsmart.app               D     - Token: eyJhbGciOiJIUzI1NiIs...
2026-01-27 20:03:54.462 22335-22479 AuthOrchestrator        com.cdccreditsmart.app               D  ğŸ‰ ========== AUTO-DISCOVERY CONCLUÃDO ==========
2026-01-27 20:03:54.462 22335-22479 AuthOrchestrator        com.cdccreditsmart.app               D  âœ… Auto-conexÃ£o bem-sucedida - autenticaÃ§Ã£o OK!
2026-01-27 20:03:54.462 22335-22479 AuthOrchestrator        com.cdccreditsmart.app               I  ğŸ”§ Garantindo que CdcForegroundService estÃ¡ rodando...
2026-01-27 20:03:54.463 22335-22477 AuthOrchestrator        com.cdccreditsmart.app               D  ğŸ”” Registrando FCM token apÃ³s auto-discovery...
2026-01-27 20:03:54.472 22335-22477 FcmTokenManager         com.cdccreditsmart.app               D  ========== REGISTERING FCM TOKEN WITH BACKEND ==========
2026-01-27 20:03:54.487 22335-22479 CdcForegroundService    com.cdccreditsmart.app               I  âœ… ServiÃ§o iniciado via startService()
2026-01-27 20:03:54.487 22335-22479 AuthOrchestrator        com.cdccreditsmart.app               I  âœ… CdcForegroundService iniciado apÃ³s autenticaÃ§Ã£o
2026-01-27 20:03:54.490 22335-22335 RouterViewModel         com.cdccreditsmart.app               D  âœ… Autenticado com sucesso
2026-01-27 20:03:54.507 22335-22477 FcmTokenManager         com.cdccreditsmart.app               D  Current FCM token retrieved: fw0yIuZgSf6zmKIOw3Wb...
2026-01-27 20:03:54.685 22335-22335 TermsAcceptanceStorage  com.cdccreditsmart.app               D  hasAcceptedTermsForContract(QJ3H4MKG): false (saved: null)
2026-01-27 20:03:54.685 22335-22335 RouterViewModel         com.cdccreditsmart.app               D  ğŸ“„ Termos NÃƒO aceitos - Ir para TERMS_ACCEPTANCE
2026-01-27 20:03:54.765 22335-22335 CdcForegroundService    com.cdccreditsmart.app               D  ğŸš€ ServiÃ§o onStartCommand() - Action: com.cdccreditsmart.app.START_SERVICE
2026-01-27 20:03:54.785 22335-22477 FcmTokenManager         com.cdccreditsmart.app               D  Sending FCM token to backend (payload: {"fcmToken": "fw0yIuZgSf6zmKIOw3Wb..."})
2026-01-27 20:03:54.787 22335-22477 FcmTokenManager         com.cdccreditsmart.app               D  Sending POST https://cdccreditsmart.com/api/apk/device/fcm-token...
2026-01-27 20:03:54.798 22335-22477 TrafficStats            com.cdccreditsmart.app               D  tagSocket(161) with statsTag=0xffffffff, statsUid=-1
2026-01-27 20:03:54.805 22335-22335 CdcForegroundService    com.cdccreditsmart.app               I  âœ… Foreground Service ativo (Android 12+)
2026-01-27 20:03:54.806 22335-22479 CdcForegroundService    com.cdccreditsmart.app               I  ğŸ”§ ========================================
2026-01-27 20:03:54.806 22335-22479 CdcForegroundService    com.cdccreditsmart.app               I  ğŸ”§ INICIANDO initializeServices()...
2026-01-27 20:03:54.806 22335-22479 CdcForegroundService    com.cdccreditsmart.app               I  ğŸ”§ ========================================
2026-01-27 20:03:54.806 22335-22479 CdcForegroundService    com.cdccreditsmart.app               D  âœ… ServiÃ§os base jÃ¡ inicializados
2026-01-27 20:03:55.221 22335-22479 NetworkConnectivity     com.cdccreditsmart.app               D  âœ… Conectado via WiFi com internet
2026-01-27 20:03:55.221 22335-22479 SupportRepository       com.cdccreditsmart.app               I  ğŸ“¡ Buscando termos do servidor (version=latest)...
2026-01-27 20:03:55.352 22335-22478 SecureTokenStorage      com.cdccreditsmart.app               D  âœ… Usando IMEI para MDM: 8608***718
2026-01-27 20:03:55.352 22335-22478 CdcForegroundService    com.cdccreditsmart.app               I  ğŸ” AuthToken presente: true
2026-01-27 20:03:55.353 22335-22478 CdcForegroundService    com.cdccreditsmart.app               I  ğŸ” AuthToken length: 273
2026-01-27 20:03:55.353 22335-22478 CdcForegroundService    com.cdccreditsmart.app               I  ğŸ” ContractCode presente: true
2026-01-27 20:03:55.353 22335-22478 CdcForegroundService    com.cdccreditsmart.app               I  ğŸ” ContractCode value: QJ3H****
2026-01-27 20:03:55.353 22335-22478 CdcForegroundService    com.cdccreditsmart.app               I  ğŸ” MDM SerialNumber presente: true
2026-01-27 20:03:55.353 22335-22478 CdcForegroundService    com.cdccreditsmart.app               I  ğŸ” MDM SerialNumber value: 86087507...
2026-01-27 20:03:55.353 22335-22478 CdcForegroundService    com.cdccreditsmart.app               I  ğŸ”§ ========================================
2026-01-27 20:03:55.353 22335-22478 CdcForegroundService    com.cdccreditsmart.app               I  ğŸ”§ INICIALIZANDO MDM COM SERIAL NUMBER: 86087507...
2026-01-27 20:03:55.353 22335-22478 CdcForegroundService    com.cdccreditsmart.app               I  ğŸ”§ ========================================
2026-01-27 20:03:55.353 22335-22478 CdcForegroundService    com.cdccreditsmart.app               I  ğŸ” Tokens encontrados - inicializando serviÃ§os MDM
2026-01-27 20:03:55.353 22335-22478 CdcForegroundService    com.cdccreditsmart.app               D  ğŸ“¡ Criando MdmCommandReceiver (usando serialNumber do SecureTokenStorage)...
2026-01-27 20:03:55.448 22335-22478 MdmCommandReceiver      com.cdccreditsmart.app               D  âœ… Foreground service reference set for WakeLock management
2026-01-27 20:03:55.448 22335-22478 CdcForegroundService    com.cdccreditsmart.app               D  ğŸ”‹ Foreground service reference passada para MdmCommandReceiver
2026-01-27 20:03:55.448 22335-22478 CdcForegroundService    com.cdccreditsmart.app               I  ğŸ’“ ========================================
2026-01-27 20:03:55.449 22335-22478 CdcForegroundService    com.cdccreditsmart.app               I  ğŸ’“ INICIANDO HEARTBEAT MANAGER (60s)
2026-01-27 20:03:55.449 22335-22478 CdcForegroundService    com.cdccreditsmart.app               I  ğŸ’“ ========================================
2026-01-27 20:03:55.452 22335-22478 HeartbeatManager        com.cdccreditsmart.app               I  ğŸ’“ ========================================
2026-01-27 20:03:55.452 22335-22478 HeartbeatManager        com.cdccreditsmart.app               I  ğŸ’“ INICIANDO HEARTBEAT MANAGER (60s)
2026-01-27 20:03:55.453 22335-22478 HeartbeatManager        com.cdccreditsmart.app               I  ğŸ’“ ========================================
2026-01-27 20:03:55.453 22335-22478 HeartbeatManager        com.cdccreditsmart.app               I  ğŸ’“ Intervalo: 60 segundos
2026-01-27 20:03:55.453 22335-22478 HeartbeatManager        com.cdccreditsmart.app               I  ğŸ’“ Endpoint: POST /api/apk/device/heartbeat
2026-01-27 20:03:55.454 22335-22478 CdcForegroundService    com.cdccreditsmart.app               I  ğŸ’“ HeartbeatManager iniciado ANTES do WebSocket
2026-01-27 20:03:55.454 22335-22478 CdcForegroundService    com.cdccreditsmart.app               I  ğŸ“¡ ========================================
2026-01-27 20:03:55.454 22335-22478 CdcForegroundService    com.cdccreditsmart.app               I  ğŸ“¡ CONECTANDO WebSocket MDM...
2026-01-27 20:03:55.455 22335-22478 CdcForegroundService    com.cdccreditsmart.app               I  ğŸ“¡ ========================================
2026-01-27 20:03:55.455 22335-22478 CdcForegroundService    com.cdccreditsmart.app               I  ğŸ“¡ AuthToken length: 273 caracteres
2026-01-27 20:03:55.455 22335-22478 CdcForegroundService    com.cdccreditsmart.app               I  ğŸ“¡ AuthToken preview: eyJhbGciOiJIUzI1NiIs...
2026-01-27 20:03:55.455 22335-22478 CdcForegroundService    com.cdccreditsmart.app               I  ğŸ“¡ Contract code: QJ3H4MKG
2026-01-27 20:03:55.455 22335-22478 CdcForegroundService    com.cdccreditsmart.app               I  ğŸ“¡ Chamando mdmReceiver.connectMdmWebSocket()...
2026-01-27 20:03:55.463 22335-22575 HeartbeatManager        com.cdccreditsmart.app               I  ğŸ’“ Enviando heartbeat IMEDIATO...
2026-01-27 20:03:55.466 22335-22478 SecureTokenStorage      com.cdccreditsmart.app               D  âœ… Usando IMEI para MDM: 8608***718
2026-01-27 20:03:55.466 22335-22478 MdmCommandReceiver      com.cdccreditsmart.app               I  ğŸ”— ========================================
2026-01-27 20:03:55.466 22335-22478 MdmCommandReceiver      com.cdccreditsmart.app               I  ğŸ”— INICIANDO CONEXÃƒO WEBSOCKET MDM
2026-01-27 20:03:55.466 22335-22478 MdmCommandReceiver      com.cdccreditsmart.app               I  ğŸ”— ========================================
2026-01-27 20:03:55.466 22335-22478 MdmCommandReceiver      com.cdccreditsmart.app               I  ğŸ”— URL base: wss://cdccreditsmart.com/ws/mdm-policies
2026-01-27 20:03:55.466 22335-22478 MdmCommandReceiver      com.cdccreditsmart.app               I  ğŸ”— JWT Token presente: true
2026-01-27 20:03:55.467 22335-22478 MdmCommandReceiver      com.cdccreditsmart.app               I  ğŸ”— JWT Token length: 273
2026-01-27 20:03:55.467 22335-22478 MdmCommandReceiver      com.cdccreditsmart.app               I  ğŸ”— JWT Token preview: eyJhbGciOiJIUzI1NiIsInR5cCI6Ik...
2026-01-27 20:03:55.468 22335-22478 MdmCommandReceiver      com.cdccreditsmart.app               I  ğŸ”— Device identifier: 860875074339718
2026-01-27 20:03:55.470 22335-22478 MdmCommandReceiver      com.cdccreditsmart.app               D  ğŸ”— Criando WebSocket OkHttp...
2026-01-27 20:03:55.470 22335-22478 MdmCommandReceiver      com.cdccreditsmart.app               I  ğŸ”„ Iniciando polling IMEDIATAMENTE (nÃ£o esperar WebSocket)
2026-01-27 20:03:55.478 22335-27684 MdmCommandReceiver      com.cdccreditsmart.app               I  ğŸ”„ ========================================
2026-01-27 20:03:55.479 22335-27684 MdmCommandReceiver      com.cdccreditsmart.app               I  ğŸ”„ INICIANDO POLLING FALLBACK MDM
2026-01-27 20:03:55.479 22335-27684 MdmCommandReceiver      com.cdccreditsmart.app               I  ğŸ”„ ========================================
2026-01-27 20:03:55.479 22335-27684 MdmCommandReceiver      com.cdccreditsmart.app               I  ğŸ”„ Intervalo: 30 segundos
2026-01-27 20:03:55.479 22335-27684 MdmCommandReceiver      com.cdccreditsmart.app               I  ğŸ”„ Endpoint: GET /api/apk/device/{identifier}/commands
2026-01-27 20:03:55.479 22335-27684 MdmCommandReceiver      com.cdccreditsmart.app               I  ğŸ”„ Executando verificaÃ§Ã£o IMEDIATA de comandos...
2026-01-27 20:03:55.494 22335-22478 MdmCommandReceiver      com.cdccreditsmart.app               D  ğŸ”— WebSocket request enviado - aguardando resposta...
2026-01-27 20:03:55.494 22335-22478 CdcForegroundService    com.cdccreditsmart.app               I  ğŸ“¡ ========================================
2026-01-27 20:03:55.494 22335-22478 CdcForegroundService    com.cdccreditsmart.app               I  ğŸ“¡ connectMdmWebSocket() CHAMADO - Aguardando conexÃ£o...
2026-01-27 20:03:55.494 22335-22478 CdcForegroundService    com.cdccreditsmart.app               I  ğŸ“¡ PrÃ³ximo log esperado: 'âœ… WebSocket MDM CONECTADO'
2026-01-27 20:03:55.494 22335-22478 CdcForegroundService    com.cdccreditsmart.app               I  ğŸ“¡ ========================================
2026-01-27 20:03:55.494 22335-22478 CdcForegroundService    com.cdccreditsmart.app               D  ğŸ“¡ Criando WebSocketManager (flow-status)...
2026-01-27 20:03:55.496 22335-22478 WebSocketManager        com.cdccreditsmart.app               D  Connecting to WebSocket: wss://cdccreditsmart.com/ws/flow-status
2026-01-27 20:03:55.497 22335-27684 SecureTokenStorage      com.cdccreditsmart.app               D  âœ… Usando IMEI para MDM: 8608***718
2026-01-27 20:03:55.497 22335-27684 MdmCommandReceiver      com.cdccreditsmart.app               I  ğŸ” ========================================
2026-01-27 20:03:55.497 22335-27684 MdmCommandReceiver      com.cdccreditsmart.app               I  ğŸ” BUSCANDO COMANDOS PENDENTES
2026-01-27 20:03:55.497 22335-27684 MdmCommandReceiver      com.cdccreditsmart.app               I  ğŸ” ========================================
2026-01-27 20:03:55.498 22335-27684 MdmCommandReceiver      com.cdccreditsmart.app               I  ğŸ” Identifier: 860875074339718
2026-01-27 20:03:55.498 22335-27684 MdmCommandReceiver      com.cdccreditsmart.app               I  ğŸ” Endpoint: GET /api/apk/device/860875074339718/commands
2026-01-27 20:03:55.499 22335-22478 CdcForegroundService    com.cdccreditsmart.app               I  ğŸ“¡ WebSocketManager inicializado
2026-01-27 20:03:55.499 22335-22478 CdcForegroundService    com.cdccreditsmart.app               I  ğŸ’¡ Overlay automÃ¡tico: PeriodicOverlayWorker (a cada 10min)
2026-01-27 20:03:55.512 22335-27699 TrafficStats            com.cdccreditsmart.app               D  tagSocket(169) with statsTag=0xffffffff, statsUid=-1
2026-01-27 20:03:55.518 22335-22575 HeartbeatManager        com.cdccreditsmart.app               D  ğŸ’“ Usando authToken (fallback)
2026-01-27 20:03:55.533 22335-22478 HeartbeatWorker         com.cdccreditsmart.app               I  âœ… Heartbeat OTIMIZADO agendado via WorkManager
2026-01-27 20:03:55.542 22335-27700 TrafficStats            com.cdccreditsmart.app               D  tagSocket(194) with statsTag=0xffffffff, statsUid=-1
2026-01-27 20:03:55.542 22335-27684 MdmCommandReceiver      com.cdccreditsmart.app               D  ğŸ” Executando requisiÃ§Ã£o HTTP (timeout: 15s)...
2026-01-27 20:03:55.562 22335-22478 HeartbeatWorker         com.cdccreditsmart.app               I     ğŸ“Š Intervalo: 60min (reduÃ§Ã£o de 75% vs 15min)
2026-01-27 20:03:55.563 22335-22478 HeartbeatWorker         com.cdccreditsmart.app               I     ğŸ¯ Economia: ~72 requisiÃ§Ãµes/dia por dispositivo
2026-01-27 20:03:55.568 22335-22478 IconProtectionWorker    com.cdccreditsmart.app               I  ğŸ“Œ IconProtectionWorker agendado (15 min)
2026-01-27 20:03:55.582 22335-22478 IconProtectionWorker    com.cdccreditsmart.app               I  ğŸ“Œ IconProtectionWorker executando agora
2026-01-27 20:03:55.582 22335-22478 CdcForegroundService    com.cdccreditsmart.app               I  ğŸ“Œ Worker de proteÃ§Ã£o do Ã­cone agendado e executando
2026-01-27 20:03:55.584 22335-22478 BlockingNotifWorker     com.cdccreditsmart.app               I  ğŸ“… Agendando verificaÃ§Ã£o de notificaÃ§Ãµes de bloqueio...
2026-01-27 20:03:55.586 22335-22478 BlockingNotifWorker     com.cdccreditsmart.app               I  âœ… Worker agendado para executar a cada 6h
2026-01-27 20:03:55.586 22335-22478 CdcForegroundService    com.cdccreditsmart.app               I  ğŸ“± Worker de notificaÃ§Ãµes de bloqueio agendado
2026-01-27 20:03:55.588 22335-22478 CdcForegroundService    com.cdccreditsmart.app               I  ğŸ“¦ ========================================
2026-01-27 20:03:55.589 22335-22478 CdcForegroundService    com.cdccreditsmart.app               I  ğŸ“¦ APK PRELOAD PARA FACTORY RESET (Multi-Fabricante)
2026-01-27 20:03:55.589 22335-22478 CdcForegroundService    com.cdccreditsmart.app               I  ğŸ“¦ ========================================
2026-01-27 20:03:55.608 22335-22478 ApkPreloadManager       com.cdccreditsmart.app               I  ğŸ“± Fabricante detectado: realme
2026-01-27 20:03:55.620 22335-22478 CdcForegroundService    com.cdccreditsmart.app               I  ğŸ“¦ APK em preload: false
2026-01-27 20:03:55.761 22335-22575 HeartbeatManager        com.cdccreditsmart.app               D  ğŸ’“ Payload do heartbeat:
2026-01-27 20:03:55.762 22335-22575 HeartbeatManager        com.cdccreditsmart.app               D     deviceToken: eyJhbGciOiJIUzI1NiIs...
2026-01-27 20:03:55.762 22335-22575 HeartbeatManager        com.cdccreditsmart.app               D     currentBlockLevel: 0
2026-01-27 20:03:55.764 22335-22575 HeartbeatManager        com.cdccreditsmart.app               D     batteryLevel: 94
2026-01-27 20:03:55.764 22335-22575 HeartbeatManager        com.cdccreditsmart.app               D     isCharging: true
2026-01-27 20:03:55.764 22335-22575 HeartbeatManager        com.cdccreditsmart.app               D     currentSimImei: 860875...
2026-01-27 20:03:55.893 22335-22478 CdcForegroundService    com.cdccreditsmart.app               I  ğŸ“¦ Construindo manifesto:
2026-01-27 20:03:55.900 22335-22478 CdcForegroundService    com.cdccreditsmart.app               I     ContractCode: QJ3H4MKG...
2026-01-27 20:03:55.900 22335-22478 CdcForegroundService    com.cdccreditsmart.app               I     DeviceId: device_176...
2026-01-27 20:03:55.900 22335-22478 CdcForegroundService    com.cdccreditsmart.app               I     IMEI: 860875...
2026-01-27 20:03:55.903 22335-22478 CdcForegroundService    com.cdccreditsmart.app               I  ğŸ“¦ Salvando manifesto de enrollment para auto-reativaÃ§Ã£o
2026-01-27 20:03:55.903 22335-22478 ApkPreloadManager       com.cdccreditsmart.app               I  ========================================
