2026-01-23 01:56:04.634 30877-2549  okhttp.OkHttpClient     com.cdccreditsmart.app               I  etentes para responsabilizaÃ§Ã£o criminal por:\n\n**Crimes Contra o PatrimÃ´nio:**\n- Estelionato (art. 171, CP) - Pena: 1 a 5 anos de reclusÃ£o\n- ApropriaÃ§Ã£o indÃ©bita (art. 168, CP) - Pena: 1 a 4 anos de reclusÃ£o\n- Furto qualificado (art. 155, Â§4Âº, CP) - Pena: 2 a 8 anos de reclusÃ£o\n- Fraude no comÃ©rcio (art. 175, CP) - Pena: 6 meses a 1 ano de detenÃ§Ã£o\n\n**Crimes de Falsidade:**\n- Falsidade ideolÃ³gica (art. 299, CP) - Pena: 1 a 5 anos de reclusÃ£o\n- Uso de documento falso (art. 304, CP) - Pena: 2 a 6 anos de reclusÃ£o\n- FalsificaÃ§Ã£o de documento (art. 297, CP) - Pena: 2 a 6 anos de reclusÃ£o\n\n**Crimes CibernÃ©ticos:**\n- InvasÃ£o de dispositivo informÃ¡tico (art. 154-A, CP) - Pena: 1 a 4 anos de reclusÃ£o\n- InserÃ§Ã£o de dados falsos em sistema (art. 313-A, CP) - Pena: 2 a 12 anos de reclusÃ£o\n\n**21.4. REGISTRO DE OCORRÃŠNCIA**  \nA FINANCIADORA registrarÃ¡ Boletim de OcorrÃªncia para cada fraude identificada, com encaminhamento Ã  Delegacia de Crimes CibernÃ©ticos ou Ã³rgÃ£o competente.\n\n**21.5. BASE DE DADOS ANTIFRAUDE**  \nA FINANCIADORA mantÃ©m base de dados para prevenÃ§Ã£o Ã  fraude:\n- Registros de tentativas de fraude\n- Dispositivos comprometidos\n- CPFs e documentos utilizados em fraudes\n- Embeddings biomÃ©tricos de fraudadores\n\n---\n\n## CLÃUSULA VIGÃ‰SIMA SEGUNDA - CESSÃƒO DE CRÃ‰DITOS E DIREITOS\n\n**22.1. DIREITO DE CESSÃƒO**  \nA FINANCIADORA poderÃ¡, a qualquer tempo e sem necessidade de autorizaÃ§Ã£o prÃ©via do CLIENTE:\n\n**a) Ceder crÃ©ditos** decorrentes deste contrato a:\n- Fundos de Investimento em Direitos CreditÃ³rios (FIDC)\n- Securitizadoras\n- InstituiÃ§Ãµes financeiras\n- Investidores qualificados\n\n**b) Transferir direitos** de propriedade fiduciÃ¡ria a:\n- Empresas do mesmo grupo econÃ´mico\n- Sucessoras ou adquirentes do negÃ³cio\n- Parceiros comerciais autorizados\n\n**22.2. EFEITOS DA CESSÃƒO**  \nA cessÃ£o de crÃ©ditos:\n- MantÃ©m inalteradas todas as condiÃ§Ãµes contratuais para o CLIENTE\n- NÃ£o altera valores, prazos ou obrigaÃ§Ãµes do CLIENTE\n- NÃ£o modifica o sistema de bloqueio progressivo\n- Preserva todos os direitos do CLIENTE como consumidor\n\n**22.3. COMUNICAÃ‡ÃƒO**  \nA cessÃ£o serÃ¡ comunicada ao CLIENTE em atÃ© 30 (trinta) dias, informando:\n- Nome do novo credor\n- Dados para pagamento (se alterados)\n- Canal de atendimento do novo credor\n\n**22.4. VEDAÃ‡ÃƒO AO CLIENTE**  \nO CLIENTE NÃƒO poderÃ¡ ceder, transferir ou sub-rogar este contrato ou qualquer direito dele decorrente a terceiros, sem autorizaÃ§Ã£o expressa e por escrito da FINANCIADORA.\n\n---\n\n## CLÃUSULA VIGÃ‰SIMA TERCEIRA - CUSTAS PROCESSUAIS E HONORÃRIOS ADVOCATÃCIOS\n\n**23.1. CUSTAS PROCESSUAIS**  \nEm caso de aÃ§Ã£o judicial para cobranÃ§a de valores devidos ou execuÃ§Ã£o de garantias:\n- O CLIENTE arcarÃ¡ com todas as custas processuais\n- Incluindo emolumentos, taxas judiciÃ¡rias e despesas cartorÃ¡rias\n- HonorÃ¡rios de perito, oficial de justiÃ§a e outros auxiliares\n- Custos de busca e apreensÃ£o\n\n**23.2. HONORÃRIOS ADVOCATÃCIOS**  \nO CLIENTE obriga-se a pagar honorÃ¡rios advocatÃ­cios de:\n- **CobranÃ§a extrajudicial:** 10% sobre o valor em cobranÃ§a\n- **CobranÃ§a judicial:** 20% sobre o valor da condenaÃ§Ã£o ou acordo\n- **Busca e apreensÃ£o:** 20% sobre o valor do dispositivo + saldo devedor\n- **AÃ§Ãµes defensivas (CDC rÃ©u):** honorÃ¡rios conforme fixaÃ§Ã£o judicial\n\n**23.3. HONORÃRIOS CONTRATUAIS**  \nAlÃ©m dos honorÃ¡rios de sucumbÃªncia fixados judicialmente, o CLIENTE pagarÃ¡ honorÃ¡rios contratuais conforme percentuais acima, que representam despesa real da FINANCIADORA com serviÃ§os jurÃ­dicos.\n\n**23.4. ATUALIZAÃ‡ÃƒO**  \nCustas, despesas e honorÃ¡rios serÃ£o atualizados monetariamente pelo IPCA, desde a data do desembolso atÃ© o efetivo pagamento.\n\n---\n\n## CLÃUSULA VIGÃ‰SIMA QUARTA - DISPOSIÃ‡Ã•ES FINAIS\n\n**24.1. INTEGRALIDADE DO CONTRATO**  \nEste instrumento representa a totalidade do acordo entre as partes, substituindo quaisquer entendimentos, propostas ou acordos anteriores, ve
2026-01-23 01:56:04.635 30877-2549  okhttp.OkHttpClient     com.cdccreditsmart.app               I   vÃ¡lidas se formalizadas por escrito e aceitas por ambas as partes.\n\n**24.3. NULIDADE PARCIAL**  \nSe qualquer clÃ¡usula for considerada nula ou invÃ¡lida, as demais permanecem vÃ¡lidas e produzem efeitos.\n\n**24.4. TOLERÃ‚NCIA**  \nA tolerÃ¢ncia ou nÃ£o exercÃ­cio de direitos nÃ£o implica renÃºncia, novaÃ§Ã£o ou alteraÃ§Ã£o contratual.\n\n**24.5. SUCESSORES**  \nEste contrato obriga as partes e seus sucessores a qualquer tÃ­tulo.\n\n**24.6. COMUNICAÃ‡Ã•ES**  \nComunicaÃ§Ãµes entre as partes devem ser feitas por:\n- Email cadastrado\n- WhatsApp\n- NotificaÃ§Ã£o via aplicativo\n- Carta registrada (quando necessÃ¡rio)\n\n**24.7. IDIOMA**  \nEste contrato Ã© redigido em lÃ­ngua portuguesa (pt-BR).\n\n---\n\n## DECLARAÃ‡ÃƒO FINAL DE CIÃŠNCIA E CONSENTIMENTO\n\nAo assinar eletronicamente este contrato mediante biometria facial, o CLIENTE **DECLARA QUE**:\n\nâœ… **Leitura e CompreensÃ£o:**  \nLeu, compreendeu e concorda com todos os termos e condiÃ§Ãµes deste contrato de financiamento.\n\nâœ… **Propriedade FiduciÃ¡ria:**  \nEstÃ¡ ciente de que a propriedade do dispositivo Ã© fiduciÃ¡ria (garantia) atÃ© quitaÃ§Ã£o integral, quando se consolida plenamente em seu favor.\n\nâœ… **Bloqueio Progressivo:**  \nCompreende o sistema de bloqueio progressivo de apps nÃ£o essenciais e que apps essenciais (comunicaÃ§Ã£o, trabalho, bancos, governo, documentos) **PERMANECEM SEMPRE ACESSÃVEIS**.\n\nâœ… **Monitoramento:**  \nAutoriza o monitoramento via GPS exclusivamente para proteÃ§Ã£o da garantia fiduciÃ¡ria, e estÃ¡ ciente de que dados de localizaÃ§Ã£o serÃ£o excluÃ­dos apÃ³s quitaÃ§Ã£o.\n\nâœ… **ProteÃ§Ã£o de Dados (LGPD):**  \nConsente com o tratamento de dados pessoais (incluindo biometria facial) para as finalidades descritas neste contrato, conforme LGPD.\n\nâœ… **Assinatura EletrÃ´nica:**  \nAceita a assinatura eletrÃ´nica biomÃ©trica como vÃ¡lida juridicamente, equivalente Ã  assinatura manuscrita.\n\nâœ… **ObrigaÃ§Ãµes Financeiras:**  \nCompromete-se a pagar todas as parcelas nas datas de vencimento, sob pena de aplicaÃ§Ã£o de bloqueio progressivo, negativaÃ§Ã£o e cobranÃ§a judicial.\n\nâœ… **Direitos do Consumidor:**  \nFoi informado sobre o direito de arrependimento (7 dias), quitaÃ§Ã£o antecipada, portabilidade e acesso aos canais de atendimento.\n\nâœ… **CÃ³pia do Contrato:**  \nRecebeu cÃ³pia digital completa deste contrato via email e/ou portal web.\n\nâœ… **Esclarecimento de DÃºvidas:**  \nTeve oportunidade de esclarecer todas as dÃºvidas antes da contrataÃ§Ã£o.\n\nâœ… **Livre e EspontÃ¢nea Vontade:**  \nAssina este contrato de livre e espontÃ¢nea vontade, sem qualquer vÃ­cio de consentimento (coaÃ§Ã£o, erro, dolo, fraude).\n\n---\n\n**CDC CreditSmart LTDA**  \nSistema de CrÃ©dito Inteligente  \nCNPJ: [informar]  \n\n**Contrato de Financiamento com AlienaÃ§Ã£o FiduciÃ¡ria**  \n**VersÃ£o:** v2.1 (Financiamento)  \n**Data de vigÃªncia:** 04/12/2025  \n\n---\n\n**ESTE CONTRATO FOI ASSINADO ELETRONICAMENTE**  \n**Hash SHA-256:** [serÃ¡ gerado automaticamente]  \n**Data/Hora da Assinatura:** [timestamp]  \n**GeolocalizaÃ§Ã£o:** [coordenadas GPS]  \n**ID de VerificaÃ§Ã£o BiomÃ©trica:** [ID Ãºnico]\n","effectiveDate":"2025-12-04T05:14:55.387Z"}
2026-01-23 01:56:04.635 30877-3781  okhttp.OkHttpClient     com.cdccreditsmart.app               I  <-- END HTTP (104-byte body)
2026-01-23 01:56:04.640 30877-31151 MdmCommandReceiver      com.cdccreditsmart.app               I  ðŸ” HTTP Response code: 200
2026-01-23 01:56:04.640 30877-31151 MdmCommandReceiver      com.cdccreditsmart.app               I  ðŸ” HTTP isSuccessful: true
2026-01-23 01:56:04.640 30877-31151 MdmCommandReceiver      com.cdccreditsmart.app               I  ðŸ” Response body deviceId: device_1769137280282_l7srjesg25
2026-01-23 01:56:04.640 30877-31151 MdmCommandReceiver      com.cdccreditsmart.app               I  ðŸ” Response body serialNumber: QJ3H4MKG
2026-01-23 01:56:04.640 30877-31151 MdmCommandReceiver      com.cdccreditsmart.app               I  ðŸ” Total de comandos: 0
2026-01-23 01:56:04.640 30877-31151 MdmCommandReceiver      com.cdccreditsmart.app               D  âœ… Nenhum comando pendente no servidor
2026-01-23 01:56:04.640 30877-31151 MdmCommandReceiver      com.cdccreditsmart.app               D  ðŸ“Š Fetch duration: 7113ms
2026-01-23 01:56:04.640 30877-31151 MdmCommandReceiver      com.cdccreditsmart.app               I  ðŸ” [Polling #1] Verificando comandos pendentes...
2026-01-23 01:56:04.645 30877-2549  okhttp.OkHttpClient     com.cdccreditsmart.app               I  <-- END HTTP (44554-byte body)
2026-01-23 01:56:04.660 30877-31151 SecureTokenStorage      com.cdccreditsmart.app               D  âœ… Usando IMEI para MDM: 8608***718
2026-01-23 01:56:04.660 30877-31151 MdmCommandReceiver      com.cdccreditsmart.app               I  ðŸ” ========================================
2026-01-23 01:56:04.661 30877-31151 MdmCommandReceiver      com.cdccreditsmart.app               I  ðŸ” BUSCANDO COMANDOS PENDENTES
2026-01-23 01:56:04.661 30877-31151 MdmCommandReceiver      com.cdccreditsmart.app               I  ðŸ” ========================================
2026-01-23 01:56:04.661 30877-31151 MdmCommandReceiver      com.cdccreditsmart.app               I  ðŸ” Identifier: 860875074339718
2026-01-23 01:56:04.661 30877-31151 MdmCommandReceiver      com.cdccreditsmart.app               I  ðŸ” Endpoint: GET /api/apk/device/860875074339718/commands
2026-01-23 01:56:04.667 30877-31151 MdmCommandReceiver      com.cdccreditsmart.app               D  ðŸ” Executando requisiÃ§Ã£o HTTP (timeout: 15s)...
2026-01-23 01:56:04.712 30877-3781  okhttp.OkHttpClient     com.cdccreditsmart.app               I  --> GET https://cdccreditsmart.com/api/apk/device/860875074339718/commands
2026-01-23 01:56:04.715 30877-3781  okhttp.OkHttpClient     com.cdccreditsmart.app               I  --> END GET
2026-01-23 01:56:04.777 30877-31151 SupportRepository       com.cdccreditsmart.app               I  âœ… Hash dos termos validado com sucesso
2026-01-23 01:56:04.777 30877-31151 SupportRepository       com.cdccreditsmart.app               I  âœ… Termos atualizados: vv2.1 (id=54a62376-e9dd-4b7c-b474-8ecaa4c26cfc)
2026-01-23 01:56:04.871 30877-3797  okhttp.OkHttpClient     com.cdccreditsmart.app               I  <-- 200 https://cdccreditsmart.com/api/apk/device/heartbeat (1159ms)
2026-01-23 01:56:04.871 30877-3797  okhttp.OkHttpClient     com.cdccreditsmart.app               I  access-control-allow-credentials: true
2026-01-23 01:56:04.872 30877-3797  okhttp.OkHttpClient     com.cdccreditsmart.app               I  access-control-allow-headers: Origin, X-Requested-With, Content-Type, Accept, Authorization, x-client-key, x-client-token, x-client-secret, cache-control
2026-01-23 01:56:04.872 30877-3797  okhttp.OkHttpClient     com.cdccreditsmart.app               I  access-control-allow-methods: GET, POST, PUT, PATCH, DELETE, OPTIONS
2026-01-23 01:56:04.872 30877-3797  okhttp.OkHttpClient     com.cdccreditsmart.app               I  access-control-allow-origin: *
2026-01-23 01:56:04.872 30877-3797  okhttp.OkHttpClient     com.cdccreditsmart.app               I  access-control-max-age: 86400
2026-01-23 01:56:04.872 30877-3797  okhttp.OkHttpClient     com.cdccreditsmart.app               I  content-length: 328
2026-01-23 01:56:04.872 30877-3797  okhttp.OkHttpClient     com.cdccreditsmart.app               I  content-security-policy: default-src 'self'; script-src 'self' 'unsafe-inline' 'unsafe-eval' https://replit.com; style-src 'self' 'unsafe-inline' https://replit.com; img-src 'self' data: https:; font-src 'self' data: https://replit.com; connect-src 'self';
2026-01-23 01:56:04.872 30877-3797  okhttp.OkHttpClient     com.cdccreditsmart.app               I  content-type: application/json; charset=utf-8
2026-01-23 01:56:04.872 30877-3797  okhttp.OkHttpClient     com.cdccreditsmart.app               I  date: Fri, 23 Jan 2026 04:56:04 GMT
2026-01-23 01:56:04.872 30877-3797  okhttp.OkHttpClient     com.cdccreditsmart.app               I  etag: W/"148-W5J1oUTiXm4EEqWTCSllQ09Pt1c"
2026-01-23 01:56:04.872 30877-3797  okhttp.OkHttpClient     com.cdccreditsmart.app               I  permissions-policy: geolocation=(), microphone=(), camera=()
2026-01-23 01:56:04.872 30877-3797  okhttp.OkHttpClient     com.cdccreditsmart.app               I  referrer-policy: strict-origin-when-cross-origin
2026-01-23 01:56:04.873 30877-3797  okhttp.OkHttpClient     com.cdccreditsmart.app               I  strict-transport-security: max-age=63072000; includeSubDomains
2026-01-23 01:56:04.873 30877-3797  okhttp.OkHttpClient     com.cdccreditsmart.app               I  strict-transport-security: max-age=31536000; includeSubDomains
2026-01-23 01:56:04.873 30877-3797  okhttp.OkHttpClient     com.cdccreditsmart.app               I  x-anti-fraud-protection: active
2026-01-23 01:56:04.873 30877-3797  okhttp.OkHttpClient     com.cdccreditsmart.app               I  x-certificate-pinning-enabled: false
2026-01-23 01:56:04.873 30877-3797  okhttp.OkHttpClient     com.cdccreditsmart.app               I  x-certificate-pinning-status: disabled-for-stability
2026-01-23 01:56:04.873 30877-3797  okhttp.OkHttpClient     com.cdccreditsmart.app               I  x-content-type-options: nosniff
2026-01-23 01:56:04.873 30877-3797  okhttp.OkHttpClient     com.cdccreditsmart.app               I  x-financial-data-protection: enabled
2026-01-23 01:56:04.873 30877-3797  okhttp.OkHttpClient     com.cdccreditsmart.app               I  x-frame-options: DENY
2026-01-23 01:56:04.873 30877-3797  okhttp.OkHttpClient     com.cdccreditsmart.app               I  x-transaction-security-level: maximum
2026-01-23 01:56:04.873 30877-3797  okhttp.OkHttpClient     com.cdccreditsmart.app               I  x-xss-protection: 1; mode=block
2026-01-23 01:56:04.873 30877-3797  okhttp.OkHttpClient     com.cdccreditsmart.app               I  via: 1.1 google
2026-01-23 01:56:04.873 30877-3797  okhttp.OkHttpClient     com.cdccreditsmart.app               I  alt-svc: h3=":443"; ma=2592000,h3-29=":443"; ma=2592000
2026-01-23 01:56:04.874 30877-3797  okhttp.OkHttpClient     com.cdccreditsmart.app               I  {"success":true,"requiresBackendRevalidation":false,"phoneNumbersProcessed":false,"complianceStatus":"OK","expectedBlockLevel":0,"message":"Device compliant","complianceConfig":{"maxComplianceCorrections":3,"correctionWindowMinutes":30,"autoBlockOnLimitReached":true,"enableDetailedTelemetry":true,"telemetryIntervalMinutes":5}}
2026-01-23 01:56:04.875 30877-3797  okhttp.OkHttpClient     com.cdccreditsmart.app               I  <-- END HTTP (328-byte body)
2026-01-23 01:56:04.909 30877-3799  okhttp.OkHttpClient     com.cdccreditsmart.app               I  <-- 200 https://cdccreditsmart.com/api/apk/device/heartbeat (1050ms)
2026-01-23 01:56:04.912 30877-3799  okhttp.OkHttpClient     com.cdccreditsmart.app               I  access-control-allow-credentials: true
2026-01-23 01:56:04.912 30877-3799  okhttp.OkHttpClient     com.cdccreditsmart.app               I  access-control-allow-headers: Origin, X-Requested-With, Content-Type, Accept, Authorization, x-client-key, x-client-token, x-client-secret, cache-control
2026-01-23 01:56:04.912 30877-3799  okhttp.OkHttpClient     com.cdccreditsmart.app               I  access-control-allow-methods: GET, POST, PUT, PATCH, DELETE, OPTIONS
2026-01-23 01:56:04.913 30877-3799  okhttp.OkHttpClient     com.cdccreditsmart.app               I  access-control-allow-origin: *
2026-01-23 01:56:04.913 30877-3799  okhttp.OkHttpClient     com.cdccreditsmart.app               I  access-control-max-age: 86400
2026-01-23 01:56:04.913 30877-3799  okhttp.OkHttpClient     com.cdccreditsmart.app               I  content-length: 328
2026-01-23 01:56:04.913 30877-3799  okhttp.OkHttpClient     com.cdccreditsmart.app               I  content-security-policy: default-src 'self'; script-src 'self' 'unsafe-inline' 'unsafe-eval' https://replit.com; style-src 'self' 'unsafe-inline' https://replit.com; img-src 'self' data: https:; font-src 'self' data: https://replit.com; connect-src 'self';
2026-01-23 01:56:04.915 30877-3799  okhttp.OkHttpClient     com.cdccreditsmart.app               I  content-type: application/json; charset=utf-8
2026-01-23 01:56:04.917 30877-3799  okhttp.OkHttpClient     com.cdccreditsmart.app               I  date: Fri, 23 Jan 2026 04:56:04 GMT
2026-01-23 01:56:04.917 30877-3799  okhttp.OkHttpClient     com.cdccreditsmart.app               I  etag: W/"148-W5J1oUTiXm4EEqWTCSllQ09Pt1c"
2026-01-23 01:56:04.917 30877-3799  okhttp.OkHttpClient     com.cdccreditsmart.app               I  permissions-policy: geolocation=(), microphone=(), camera=()
2026-01-23 01:56:04.919 30877-3799  okhttp.OkHttpClient     com.cdccreditsmart.app               I  referrer-policy: strict-origin-when-cross-origin
2026-01-23 01:56:04.919 30877-3799  okhttp.OkHttpClient     com.cdccreditsmart.app               I  strict-transport-security: max-age=63072000; includeSubDomains
2026-01-23 01:56:04.920 30877-3799  okhttp.OkHttpClient     com.cdccreditsmart.app               I  strict-transport-security: max-age=31536000; includeSubDomains
2026-01-23 01:56:04.920 30877-3799  okhttp.OkHttpClient     com.cdccreditsmart.app               I  x-anti-fraud-protection: active
2026-01-23 01:56:04.920 30877-3799  okhttp.OkHttpClient     com.cdccreditsmart.app               I  x-certificate-pinning-enabled: false
2026-01-23 01:56:04.921 30877-3799  okhttp.OkHttpClient     com.cdccreditsmart.app               I  x-certificate-pinning-status: disabled-for-stability
2026-01-23 01:56:04.921 30877-3799  okhttp.OkHttpClient     com.cdccreditsmart.app               I  x-content-type-options: nosniff
2026-01-23 01:56:04.921 30877-3799  okhttp.OkHttpClient     com.cdccreditsmart.app               I  x-financial-data-protection: enabled
2026-01-23 01:56:04.921 30877-3799  okhttp.OkHttpClient     com.cdccreditsmart.app               I  x-frame-options: DENY
2026-01-23 01:56:04.922 30877-31151 HeartbeatManager        com.cdccreditsmart.app               I  âœ… Heartbeat aceito pelo backend (HTTP 200)
2026-01-23 01:56:04.922 30877-31151 HeartbeatManager        com.cdccreditsmart.app               D  ðŸ“Š Resposta do heartbeat:
2026-01-23 01:56:04.922 30877-31151 HeartbeatManager        com.cdccreditsmart.app               D     success: true
2026-01-23 01:56:04.922 30877-31151 HeartbeatManager        com.cdccreditsmart.app               D     complianceStatus: OK
2026-01-23 01:56:04.922 30877-31151 HeartbeatManager        com.cdccreditsmart.app               D     expectedBlockLevel: 0
2026-01-23 01:56:04.922 30877-31151 HeartbeatManager        com.cdccreditsmart.app               D     requiresBackendRevalidation: false
2026-01-23 01:56:04.922 30877-31151 HeartbeatManager        com.cdccreditsmart.app               I  âœ… Dispositivo CONFORME - NÃ­vel 0
2026-01-23 01:56:04.928 30877-3799  okhttp.OkHttpClient     com.cdccreditsmart.app               I  x-transaction-security-level: maximum
2026-01-23 01:56:04.931 30877-3799  okhttp.OkHttpClient     com.cdccreditsmart.app               I  x-xss-protection: 1; mode=block
2026-01-23 01:56:04.931 30877-3799  okhttp.OkHttpClient     com.cdccreditsmart.app               I  via: 1.1 google
2026-01-23 01:56:04.932 30877-3799  okhttp.OkHttpClient     com.cdccreditsmart.app               I  alt-svc: h3=":443"; ma=2592000,h3-29=":443"; ma=2592000
2026-01-23 01:56:04.943 30877-3799  okhttp.OkHttpClient     com.cdccreditsmart.app               I  {"success":true,"requiresBackendRevalidation":false,"phoneNumbersProcessed":false,"complianceStatus":"OK","expectedBlockLevel":0,"message":"Device compliant","complianceConfig":{"maxComplianceCorrections":3,"correctionWindowMinutes":30,"autoBlockOnLimitReached":true,"enableDetailedTelemetry":true,"telemetryIntervalMinutes":5}}
2026-01-23 01:56:04.943 30877-3799  okhttp.OkHttpClient     com.cdccreditsmart.app               I  <-- END HTTP (328-byte body)
2026-01-23 01:56:04.987 30877-3530  CdcForegroundService    com.cdccreditsmart.app               I  ðŸ”„ Resposta do backend:
2026-01-23 01:56:04.987 30877-3530  CdcForegroundService    com.cdccreditsmart.app               I  ðŸ”„    complianceStatus: OK
2026-01-23 01:56:04.988 30877-3530  CdcForegroundService    com.cdccreditsmart.app               I  ðŸ”„    expectedBlockLevel: 0
2026-01-23 01:56:04.988 30877-3530  CdcForegroundService    com.cdccreditsmart.app               I  ðŸ”„    currentLocalLevel: 0
2026-01-23 01:56:04.988 30877-3530  CdcForegroundService    com.cdccreditsmart.app               I  ðŸ”„ âœ… Dispositivo CONFORME - nÃ­vel correto (0)
2026-01-23 01:56:04.988 30877-3530  CdcForegroundService    com.cdccreditsmart.app               I  ðŸ”„ ========================================
2026-01-23 01:56:04.988 30877-3530  CdcForegroundService    com.cdccreditsmart.app               I  âœ… Todos os serviÃ§os MDM inicializados com sucesso
2026-01-23 01:56:05.537 30877-3781  okhttp.OkHttpClient     com.cdccreditsmart.app               I  <-- 200 https://cdccreditsmart.com/api/apk/device/860875074339718/commands (821ms)
2026-01-23 01:56:05.537 30877-3781  okhttp.OkHttpClient     com.cdccreditsmart.app               I  access-control-allow-credentials: true
2026-01-23 01:56:05.538 30877-3781  okhttp.OkHttpClient     com.cdccreditsmart.app               I  access-control-allow-headers: Origin, X-Requested-With, Content-Type, Accept, Authorization, x-client-key, x-client-token, x-client-secret, cache-control
2026-01-23 01:56:05.538 30877-3781  okhttp.OkHttpClient     com.cdccreditsmart.app               I  access-control-allow-methods: GET, POST, PUT, PATCH, DELETE, OPTIONS
2026-01-23 01:56:05.538 30877-3781  okhttp.OkHttpClient     com.cdccreditsmart.app               I  access-control-allow-origin: *
2026-01-23 01:56:05.538 30877-3781  okhttp.OkHttpClient     com.cdccreditsmart.app               I  access-control-max-age: 86400
2026-01-23 01:56:05.538 30877-3781  okhttp.OkHttpClient     com.cdccreditsmart.app               I  content-length: 104
2026-01-23 01:56:05.539 30877-3781  okhttp.OkHttpClient     com.cdccreditsmart.app               I  content-security-policy: default-src 'self'; script-src 'self' 'unsafe-inline' 'unsafe-eval' https://replit.com; style-src 'self' 'unsafe-inline' https://replit.com; img-src 'self' data: https:; font-src 'self' data: https://replit.com; connect-src 'self';
2026-01-23 01:56:05.541 30877-3781  okhttp.OkHttpClient     com.cdccreditsmart.app               I  content-type: application/json; charset=utf-8
2026-01-23 01:56:05.541 30877-3781  okhttp.OkHttpClient     com.cdccreditsmart.app               I  date: Fri, 23 Jan 2026 04:56:05 GMT
2026-01-23 01:56:05.542 30877-3781  okhttp.OkHttpClient     com.cdccreditsmart.app               I  etag: W/"68-1BzkVNqHEsu0XlMenwYbbDRd04w"
2026-01-23 01:56:05.542 30877-3781  okhttp.OkHttpClient     com.cdccreditsmart.app               I  permissions-policy: geolocation=(), microphone=(), camera=()
2026-01-23 01:56:05.542 30877-3781  okhttp.OkHttpClient     com.cdccreditsmart.app               I  referrer-policy: strict-origin-when-cross-origin
2026-01-23 01:56:05.542 30877-3781  okhttp.OkHttpClient     com.cdccreditsmart.app               I  strict-transport-security: max-age=63072000; includeSubDomains
2026-01-23 01:56:05.543 30877-3781  okhttp.OkHttpClient     com.cdccreditsmart.app               I  strict-transport-security: max-age=31536000; includeSubDomains
2026-01-23 01:56:05.544 30877-3781  okhttp.OkHttpClient     com.cdccreditsmart.app               I  x-anti-fraud-protection: active
2026-01-23 01:56:05.544 30877-3781  okhttp.OkHttpClient     com.cdccreditsmart.app               I  x-certificate-pinning-enabled: false
2026-01-23 01:56:05.544 30877-3781  okhttp.OkHttpClient     com.cdccreditsmart.app               I  x-certificate-pinning-status: disabled-for-stability
2026-01-23 01:56:05.544 30877-3781  okhttp.OkHttpClient     com.cdccreditsmart.app               I  x-content-type-options: nosniff
2026-01-23 01:56:05.545 30877-3781  okhttp.OkHttpClient     com.cdccreditsmart.app               I  x-financial-data-protection: enabled
2026-01-23 01:56:05.545 30877-3781  okhttp.OkHttpClient     com.cdccreditsmart.app               I  x-frame-options: DENY
2026-01-23 01:56:05.545 30877-3781  okhttp.OkHttpClient     com.cdccreditsmart.app               I  x-transaction-security-level: maximum
2026-01-23 01:56:05.545 30877-3781  okhttp.OkHttpClient     com.cdccreditsmart.app               I  x-xss-protection: 1; mode=block
2026-01-23 01:56:05.545 30877-3781  okhttp.OkHttpClient     com.cdccreditsmart.app               I  via: 1.1 google
2026-01-23 01:56:05.546 30877-3781  okhttp.OkHttpClient     com.cdccreditsmart.app               I  alt-svc: h3=":443"; ma=2592000,h3-29=":443"; ma=2592000
2026-01-23 01:56:05.549 30877-3781  okhttp.OkHttpClient     com.cdccreditsmart.app               I  {"deviceId":"device_1769137280282_l7srjesg25","serialNumber":"QJ3H4MKG","commandsCount":0,"commands":[]}
2026-01-23 01:56:05.549 30877-3781  okhttp.OkHttpClient     com.cdccreditsmart.app               I  <-- END HTTP (104-byte body)
2026-01-23 01:56:05.554 30877-3530  MdmCommandReceiver      com.cdccreditsmart.app               I  ðŸ” HTTP Response code: 200
2026-01-23 01:56:05.554 30877-3530  MdmCommandReceiver      com.cdccreditsmart.app               I  ðŸ” HTTP isSuccessful: true
2026-01-23 01:56:05.554 30877-3530  MdmCommandReceiver      com.cdccreditsmart.app               I  ðŸ” Response body deviceId: device_1769137280282_l7srjesg25
2026-01-23 01:56:05.555 30877-3530  MdmCommandReceiver      com.cdccreditsmart.app               I  ðŸ” Response body serialNumber: QJ3H4MKG
2026-01-23 01:56:05.555 30877-3530  MdmCommandReceiver      com.cdccreditsmart.app               I  ðŸ” Total de comandos: 0
2026-01-23 01:56:05.555 30877-3530  MdmCommandReceiver      com.cdccreditsmart.app               D  âœ… Nenhum comando pendente no servidor
2026-01-23 01:56:05.555 30877-3530  MdmCommandReceiver      com.cdccreditsmart.app               D  ðŸ“Š Fetch duration: 894ms
2026-01-23 01:56:06.748 30877-30896 creditsmart.app         com.cdccreditsmart.app               I  Background concurrent mark compact GC freed 271772(14MB) AllocSpace objects, 23(1588KB) LOS objects, 57% free, 18MB/42MB, paused 1.209ms,7.417ms total 302.861ms
2026-01-23 01:56:12.287 30877-30877 Choreographer           com.cdccreditsmart.app               I  Skipped 449 frames!  The application may be doing too much work on its main thread.
2026-01-23 01:56:12.327 30877-4107  OpenGLRenderer          com.cdccreditsmart.app               I  Davey! duration=7522ms; Flags=0, FrameTimelineVsyncId=842653, IntendedVsync=4217762705178, Vsync=4217762705178, InputEventId=0, HandleInputStart=4217764549482, AnimationStart=4217764555367, PerformTraversalsStart=4218973354520, DrawStart=4218973652712, FrameDeadline=4217796010855, FrameInterval=4217764521751, FrameStartTime=16654989, SyncQueued=4225253147708, SyncStart=4225253271131, IssueDrawCommandsStart=4225257465554, SwapBuffers=4225275292054, FrameCompleted=4225285310784, DequeueBufferDuration=35231, QueueBufferDuration=567846, GpuCompleted=4225285310784, SwapBuffersCompleted=4225282174515, DisplayPresentTime=4215346855215, CommandSubmissionCompleted=4225275292054, 
2026-01-23 01:56:12.384 30877-4107  OpenGLRenderer          com.cdccreditsmart.app               I  Davey! duration=7564ms; Flags=0, FrameTimelineVsyncId=842661, IntendedVsync=4217779363244, Vsync=4225257498654, InputEventId=0, HandleInputStart=4225265896977, AnimationStart=4225265908400, PerformTraversalsStart=4225289503746, DrawStart=4225302102400, FrameDeadline=4225307426873, FrameInterval=4225263884054, FrameStartTime=16655090, SyncQueued=4225303455092, SyncStart=4225303637708, IssueDrawCommandsStart=4225307251515, SwapBuffers=4225327171938, FrameCompleted=4225343889861, DequeueBufferDuration=37384, QueueBufferDuration=503731, GpuCompleted=4225343889861, SwapBuffersCompleted=4225342725554, DisplayPresentTime=4215363539330, CommandSubmissionCompleted=4225327171938, 
2026-01-23 01:56:12.433 30877-30895 creditsmart.app         com.cdccreditsmart.app               I  Compiler allocated 6028KB to compile void com.cdccreditsmart.app.presentation.screens.terms.TermsAcceptanceScreenKt.TermsAcceptanceScreen(java.lang.String, kotlin.jvm.functions.Function0, androidx.compose.runtime.Composer, int)
2026-01-23 01:56:13.651 30877-30877 TermsAcceptanceStorage  com.cdccreditsmart.app               I  Salvando aceitaÃ§Ã£o de termos vv2.1 para contrato QJ3H4MKG
2026-01-23 01:56:14.180 30877-30877 SecureTokenStorage      com.cdccreditsmart.app               D  âœ… Usando IMEI para MDM: 8608***718
2026-01-23 01:56:14.197 30877-30877 NetworkConnectivity     com.cdccreditsmart.app               D  âœ… Conectado via WiFi com internet
2026-01-23 01:56:14.197 30877-30877 SimpleHomeViewModel     com.cdccreditsmart.app               D  ðŸ“¡ Fetching device installments from /api/apk/device/installments...
2026-01-23 01:56:14.711 30877-4615  SimpleHomeViewModel     com.cdccreditsmart.app               D  âœ… Added Authorization header with token
2026-01-23 01:56:14.844 30877-4615  SecureTokenStorage      com.cdccreditsmart.app               D  âœ… Usando IMEI para MDM: 8608***718
2026-01-23 01:56:14.852 30877-4615  SimpleHomeViewModel     com.cdccreditsmart.app               D  ðŸ“± Added X-Device-IMEI header
2026-01-23 01:56:14.853 30877-4615  SimpleHomeViewModel     com.cdccreditsmart.app               D  ðŸ“± Added X-Device-SerialNumber header
2026-01-23 01:56:14.853 30877-4615  SimpleHomeViewModel     com.cdccreditsmart.app               D  ðŸ“± Added X-Device-ID header
2026-01-23 01:56:14.853 30877-4615  SimpleHomeViewModel     com.cdccreditsmart.app               D  ðŸ“¤ Request URL: https://cdccreditsmart.com/api/apk/device/installments
2026-01-23 01:56:14.872 30877-4615  TrafficStats            com.cdccreditsmart.app               D  tagSocket(162) with statsTag=0xffffffff, statsUid=-1
2026-01-23 01:56:14.991 30877-30877 Choreographer           com.cdccreditsmart.app               I  Skipped 57 frames!  The application may be doing too much work on its main thread.
2026-01-23 01:56:17.281 30877-4615  SimpleHomeViewModel     com.cdccreditsmart.app               D  ðŸ“¥ Response Code: 200
2026-01-23 01:56:17.319 30877-30877 SimpleHomeViewModel     com.cdccreditsmart.app               D  âœ… Successfully fetched installments data
2026-01-23 01:56:17.320 30877-30877 SimpleHomeViewModel     com.cdccreditsmart.app               D  ðŸ“Š Device: REALME Note 60x
2026-01-23 01:56:17.320 30877-30877 SimpleHomeViewModel     com.cdccreditsmart.app               D  ðŸ“Š Total installments: 4
2026-01-23 01:56:17.320 30877-30877 SimpleHomeViewModel     com.cdccreditsmart.app               D  ðŸ“Š Paid: 0
2026-01-23 01:56:17.320 30877-30877 SimpleHomeViewModel     com.cdccreditsmart.app               D  ðŸ“Š Overdue: 0
2026-01-23 01:56:17.320 30877-30877 SimpleHomeViewModel     com.cdccreditsmart.app               D  ðŸ“Š All installments count: 4
2026-01-23 01:56:17.320 30877-30877 SimpleHomeViewModel     com.cdccreditsmart.app               D  ðŸ“‹ Parcela #1: status=pending, isPaid=false, dueDate=2026-02-07T03:01:36.146Z
2026-01-23 01:56:17.320 30877-30877 SimpleHomeViewModel     com.cdccreditsmart.app               D  ðŸ“‹ Parcela #2: status=pending, isPaid=false, dueDate=2026-02-22T03:01:36.146Z
2026-01-23 01:56:17.320 30877-30877 SimpleHomeViewModel     com.cdccreditsmart.app               D  ðŸ“‹ Parcela #3: status=pending, isPaid=false, dueDate=2026-03-09T03:01:36.146Z
2026-01-23 01:56:17.320 30877-30877 SimpleHomeViewModel     com.cdccreditsmart.app               D  ðŸ“‹ Parcela #4: status=pending, isPaid=false, dueDate=2026-03-24T03:01:36.146Z
2026-01-23 01:56:17.320 30877-30877 SimpleHomeViewModel     com.cdccreditsmart.app               I  ðŸ’¾ Salvando dados do cliente no storage - CustomerName: 'null', DeviceModel: 'REALME Note 60x'
2026-01-23 01:56:17.321 30877-30877 SecureTokenStorage      com.cdccreditsmart.app               D  ðŸ’¾ Salvando customer info - Name: null, Device: REALME Note 60x
2026-01-23 01:56:17.321 30877-30877 SecureTokenStorage      com.cdccreditsmart.app               W  âš ï¸ CustomerName vazio/null - nÃ£o salvando
2026-01-23 01:56:17.325 30877-30877 SecureTokenStorage      com.cdccreditsmart.app               D  âœ… DeviceModel salvo: REALME Note 60x
2026-01-23 01:56:17.325 30877-30877 SecureTokenStorage      com.cdccreditsmart.app               I  âœ… Customer info saved successfully!
2026-01-23 01:56:17.812 30877-30877 LocalInstallmentStorage com.cdccreditsmart.app               I  âœ… 4 parcelas salvas localmente (contrato: QJ3H4MKG)
2026-01-23 01:56:17.814 30877-30877 SimpleHomeViewModel     com.cdccreditsmart.app               I  âœ… 4 parcelas salvas localmente
2026-01-23 01:56:17.814 30877-30877 SimpleHomeViewModel     com.cdccreditsmart.app               I     â†’ 0 pagas
2026-01-23 01:56:17.815 30877-30877 SimpleHomeViewModel     com.cdccreditsmart.app               I     â†’ 4 pendentes
2026-01-23 01:56:17.815 30877-30877 SimpleHomeViewModel     com.cdccreditsmart.app               I     â†’ 0 em atraso
2026-01-23 01:56:17.815 30877-30877 SimpleHomeViewModel     com.cdccreditsmart.app               I     â†’ Dados disponÃ­veis para overlay e offline blocking
2026-01-23 01:56:17.815 30877-30877 SimpleHomeViewModel     com.cdccreditsmart.app               I  ðŸ’¾ Cache atualizado - prÃ³ximo acesso usarÃ¡ cache por 900s
2026-01-23 01:56:17.952 30877-30877 SecureTokenStorage      com.cdccreditsmart.app               D  ðŸ“– Lendo customerName: Marcos Antunes
2026-01-23 01:56:17.958 30877-30877 SecureTokenStorage      com.cdccreditsmart.app               D  ðŸ“– Lendo deviceModel: REALME Note 60x
2026-01-23 01:56:18.362 30877-30877 Choreographer           com.cdccreditsmart.app               I  Skipped 32 frames!  The application may be doing too much work on its main thread.
2026-01-23 01:56:19.061 30877-30877 Choreographer           com.cdccreditsmart.app               I  Skipped 41 frames!  The application may be doing too much work on its main thread.
2026-01-23 01:56:19.079 30877-30905 OpenGLRenderer          com.cdccreditsmart.app               I  Davey! duration=1735ms; Flags=0, FrameTimelineVsyncId=844421, IntendedVsync=4230303295294, Vsync=4230786297515, InputEventId=0, HandleInputStart=4230796221281, AnimationStart=4230796228627, PerformTraversalsStart=4230898514627, DrawStart=4230899007665, FrameDeadline=4230336595138, FrameInterval=4230795740011, FrameStartTime=16655249, SyncQueued=4231328650780, SyncStart=4231335979742, IssueDrawCommandsStart=4231336618357, SwapBuffers=4232032488126, FrameCompleted=4232045859895, DequeueBufferDuration=37692, QueueBufferDuration=495654, GpuCompleted=4232045859895, SwapBuffersCompleted=4232036965818, DisplayPresentTime=4227954152783, CommandSubmissionCompleted=4232032488126, 
2026-01-23 01:56:21.327 30877-30905 OpenGLRenderer          com.cdccreditsmart.app               I  Davey! duration=724ms; Flags=0, FrameTimelineVsyncId=844569, IntendedVsync=4233567525508, Vsync=4234050571171, InputEventId=301744984, HandleInputStart=4234074108278, AnimationStart=4234087570047, PerformTraversalsStart=4234090536932, DrawStart=4234091515894, FrameDeadline=4234117208079, FrameInterval=4234063005470, FrameStartTime=16656747, SyncQueued=4234093305047, SyncStart=4234096239240, IssueDrawCommandsStart=4234096602547, SwapBuffers=4234285389432, FrameCompleted=4234294941701, DequeueBufferDuration=59923, QueueBufferDuration=653385, GpuCompleted=4234294941701, SwapBuffersCompleted=4234290751701, DisplayPresentTime=4228303812475, CommandSubmissionCompleted=4234285389432, 
2026-01-23 01:56:21.567 30877-30877 Compatibil...geReporter com.cdccreditsmart.app               D  Compat change id reported: 171228096; UID 10261; state: ENABLED
2026-01-23 01:56:22.800 30877-30877 SecureTokenStorage      com.cdccreditsmart.app               D  ðŸ“– Lendo customerName: Marcos Antunes
2026-01-23 01:56:22.810 30877-30877 SecureTokenStorage      com.cdccreditsmart.app               D  ðŸ“– Lendo deviceModel: REALME Note 60x
2026-01-23 01:56:24.094 30877-31151 MdmCommandReceiver      com.cdccreditsmart.app               D  ðŸ’“ WebSocket desconectado, parando ping
2026-01-23 01:56:24.094 30877-31151 MdmCommandReceiver      com.cdccreditsmart.app               D  ðŸ’“ Ping job encerrado
2026-01-23 01:56:26.738 30877-30877 SecureTokenStorage      com.cdccreditsmart.app               D  ðŸ“– Lendo customerName: Marcos Antunes
2026-01-23 01:56:26.747 30877-30877 SecureTokenStorage      com.cdccreditsmart.app               D  ðŸ“– Lendo deviceModel: REALME Note 60x
2026-01-23 01:56:29.172 30877-30877 WebSocketManager        com.cdccreditsmart.app               D  Heartbeat ping sent
2026-01-23 01:56:30.175 30877-3555  WebSocketManager        com.cdccreditsmart.app               D  Message received: {"type":"pong","timestamp":"2026-01-23T04:56:29.656Z"}...
2026-01-23 01:56:30.176 30877-3555  WebSocketManager        com.cdccreditsmart.app               D  Received message type: pong
2026-01-23 01:56:30.176 30877-3555  WebSocketManager        com.cdccreditsmart.app               D  Pong received
2026-01-23 01:56:30.589 30877-30877 SecureTokenStorage      com.cdccreditsmart.app               D  ðŸ“– Lendo customerName: Marcos Antunes
2026-01-23 01:56:30.593 30877-30877 SecureTokenStorage      com.cdccreditsmart.app               D  ðŸ“– Lendo deviceModel: REALME Note 60x
2026-01-23 01:56:34.379 30877-30877 SecureTokenStorage      com.cdccreditsmart.app               D  ðŸ“– Lendo customerName: Marcos Antunes
2026-01-23 01:56:34.385 30877-30877 SecureTokenStorage      com.cdccreditsmart.app               D  ðŸ“– Lendo deviceModel: REALME Note 60x
2026-01-23 01:56:34.647 30877-3530  MdmCommandReceiver      com.cdccreditsmart.app               I  ðŸ” [Polling #2] Verificando comandos pendentes...
2026-01-23 01:56:34.667 30877-3530  SecureTokenStorage      com.cdccreditsmart.app               D  âœ… Usando IMEI para MDM: 8608***718
2026-01-23 01:56:34.667 30877-3530  MdmCommandReceiver      com.cdccreditsmart.app               I  ðŸ” ========================================
2026-01-23 01:56:34.667 30877-3530  MdmCommandReceiver      com.cdccreditsmart.app               I  ðŸ” BUSCANDO COMANDOS PENDENTES
2026-01-23 01:56:34.667 30877-3530  MdmCommandReceiver      com.cdccreditsmart.app               I  ðŸ” ========================================
2026-01-23 01:56:34.667 30877-3530  MdmCommandReceiver      com.cdccreditsmart.app               I  ðŸ” Identifier: 860875074339718
2026-01-23 01:56:34.667 30877-3530  MdmCommandReceiver      com.cdccreditsmart.app               I  ðŸ” Endpoint: GET /api/apk/device/860875074339718/commands
2026-01-23 01:56:34.715 30877-3530  MdmCommandReceiver      com.cdccreditsmart.app               D  ðŸ” Executando requisiÃ§Ã£o HTTP (timeout: 15s)...
2026-01-23 01:56:34.847 30877-3530  creditsmart.app         com.cdccreditsmart.app               W  Weak pointer dereference blocked for 20 milliseconds.
2026-01-23 01:56:34.847 30877-31154 creditsmart.app         com.cdccreditsmart.app               W  Weak pointer dereference blocked for 20 milliseconds.
2026-01-23 01:56:35.174 30877-3781  okhttp.OkHttpClient     com.cdccreditsmart.app               I  --> GET https://cdccreditsmart.com/api/apk/device/860875074339718/commands
2026-01-23 01:56:35.176 30877-3781  okhttp.OkHttpClient     com.cdccreditsmart.app               I  --> END GET
2026-01-23 01:56:35.214 30877-30896 creditsmart.app         com.cdccreditsmart.app               I  Background concurrent mark compact GC freed 530031(25MB) AllocSpace objects, 46(2080KB) LOS objects, 59% free, 16MB/40MB, paused 20.975ms,16.873ms total 1.307s
2026-01-23 01:56:35.861 30877-3781  okhttp.OkHttpClient     com.cdccreditsmart.app               I  <-- 200 https://cdccreditsmart.com/api/apk/device/860875074339718/commands (684ms)
2026-01-23 01:56:35.862 30877-3781  okhttp.OkHttpClient     com.cdccreditsmart.app               I  access-control-allow-credentials: true
2026-01-23 01:56:35.862 30877-3781  okhttp.OkHttpClient     com.cdccreditsmart.app               I  access-control-allow-headers: Origin, X-Requested-With, Content-Type, Accept, Authorization, x-client-key, x-client-token, x-client-secret, cache-control
2026-01-23 01:56:35.862 30877-3781  okhttp.OkHttpClient     com.cdccreditsmart.app               I  access-control-allow-methods: GET, POST, PUT, PATCH, DELETE, OPTIONS
2026-01-23 01:56:35.862 30877-3781  okhttp.OkHttpClient     com.cdccreditsmart.app               I  access-control-allow-origin: *
2026-01-23 01:56:35.862 30877-3781  okhttp.OkHttpClient     com.cdccreditsmart.app               I  access-control-max-age: 86400
2026-01-23 01:56:35.862 30877-3781  okhttp.OkHttpClient     com.cdccreditsmart.app               I  content-length: 104
2026-01-23 01:56:35.862 30877-3781  okhttp.OkHttpClient     com.cdccreditsmart.app               I  content-security-policy: default-src 'self'; script-src 'self' 'unsafe-inline' 'unsafe-eval' https://replit.com; style-src 'self' 'unsafe-inline' https://replit.com; img-src 'self' data: https:; font-src 'self' data: https://replit.com; connect-src 'self';
2026-01-23 01:56:35.862 30877-3781  okhttp.OkHttpClient     com.cdccreditsmart.app               I  content-type: application/json; charset=utf-8
2026-01-23 01:56:35.862 30877-3781  okhttp.OkHttpClient     com.cdccreditsmart.app               I  date: Fri, 23 Jan 2026 04:56:35 GMT
2026-01-23 01:56:35.862 30877-3781  okhttp.OkHttpClient     com.cdccreditsmart.app               I  etag: W/"68-1BzkVNqHEsu0XlMenwYbbDRd04w"
2026-01-23 01:56:35.862 30877-3781  okhttp.OkHttpClient     com.cdccreditsmart.app               I  permissions-policy: geolocation=(), microphone=(), camera=()
2026-01-23 01:56:35.862 30877-3781  okhttp.OkHttpClient     com.cdccreditsmart.app               I  referrer-policy: strict-origin-when-cross-origin
2026-01-23 01:56:35.863 30877-3781  okhttp.OkHttpClient     com.cdccreditsmart.app               I  strict-transport-security: max-age=63072000; includeSubDomains
2026-01-23 01:56:35.863 30877-3781  okhttp.OkHttpClient     com.cdccreditsmart.app               I  strict-transport-security: max-age=31536000; includeSubDomains
2026-01-23 01:56:35.863 30877-3781  okhttp.OkHttpClient     com.cdccreditsmart.app               I  x-anti-fraud-protection: active
2026-01-23 01:56:35.863 30877-3781  okhttp.OkHttpClient     com.cdccreditsmart.app               I  x-certificate-pinning-enabled: false
2026-01-23 01:56:35.863 30877-3781  okhttp.OkHttpClient     com.cdccreditsmart.app               I  x-certificate-pinning-status: disabled-for-stability
2026-01-23 01:56:35.863 30877-3781  okhttp.OkHttpClient     com.cdccreditsmart.app               I  x-content-type-options: nosniff
2026-01-23 01:56:35.863 30877-3781  okhttp.OkHttpClient     com.cdccreditsmart.app               I  x-financial-data-protection: enabled
2026-01-23 01:56:35.863 30877-3781  okhttp.OkHttpClient     com.cdccreditsmart.app               I  x-frame-options: DENY
2026-01-23 01:56:35.863 30877-3781  okhttp.OkHttpClient     com.cdccreditsmart.app               I  x-transaction-security-level: maximum
2026-01-23 01:56:35.864 30877-3781  okhttp.OkHttpClient     com.cdccreditsmart.app               I  x-xss-protection: 1; mode=block
2026-01-23 01:56:35.864 30877-3781  okhttp.OkHttpClient     com.cdccreditsmart.app               I  via: 1.1 google
2026-01-23 01:56:35.864 30877-3781  okhttp.OkHttpClient     com.cdccreditsmart.app               I  alt-svc: h3=":443"; ma=2592000,h3-29=":443"; ma=2592000
2026-01-23 01:56:35.865 30877-3781  okhttp.OkHttpClient     com.cdccreditsmart.app               I  {"deviceId":"device_1769137280282_l7srjesg25","serialNumber":"QJ3H4MKG","commandsCount":0,"commands":[]}
2026-01-23 01:56:35.865 30877-3781  okhttp.OkHttpClient     com.cdccreditsmart.app               I  <-- END HTTP (104-byte body)
2026-01-23 01:56:35.875 30877-3530  MdmCommandReceiver      com.cdccreditsmart.app               I  ðŸ” HTTP Response code: 200
2026-01-23 01:56:35.875 30877-3530  MdmCommandReceiver      com.cdccreditsmart.app               I  ðŸ” HTTP isSuccessful: true
2026-01-23 01:56:35.875 30877-3530  MdmCommandReceiver      com.cdccreditsmart.app               I  ðŸ” Response body deviceId: device_1769137280282_l7srjesg25
2026-01-23 01:56:35.875 30877-3530  MdmCommandReceiver      com.cdccreditsmart.app               I  ðŸ” Response body serialNumber: QJ3H4MKG
2026-01-23 01:56:35.876 30877-3530  MdmCommandReceiver      com.cdccreditsmart.app               I  ðŸ” Total de comandos: 0
2026-01-23 01:56:35.876 30877-3530  MdmCommandReceiver      com.cdccreditsmart.app               D  âœ… Nenhum comando pendente no servidor
2026-01-23 01:56:35.876 30877-3530  MdmCommandReceiver      com.cdccreditsmart.app               D  ðŸ“Š Fetch duration: 1209ms
2026-01-23 01:56:42.795 30877-30877 SecureTokenStorage      com.cdccreditsmart.app               D  ðŸ“– Lendo customerName: Marcos Antunes
2026-01-23 01:56:42.808 30877-30877 SecureTokenStorage      com.cdccreditsmart.app               D  ðŸ“– Lendo deviceModel: REALME Note 60x
2026-01-23 01:56:45.626 30877-30877 SecureTokenStorage      com.cdccreditsmart.app               D  ðŸ“– Lendo customerName: Marcos Antunes
2026-01-23 01:56:45.630 30877-30877 SecureTokenStorage      com.cdccreditsmart.app               D  ðŸ“– Lendo deviceModel: REALME Note 60x
2026-01-23 01:56:48.264 30877-3530  SettingsGuardService    com.cdccreditsmart.app               D  ðŸ“‹ Activity check - Full: com.android.searchlauncher.SearchLauncher, Simple: SearchLauncher
2026-01-23 01:56:49.824 30877-31154 mali_gralloc            com.cdccreditsmart.app               D  unregister: id=22b00000c75, handle=0xb400006ee55ff6d0, base=0x0, importpid=30877, count:0
2026-01-23 01:56:49.825 30877-31154 mali_gralloc            com.cdccreditsmart.app               D  unregister: id=22b00000c76, handle=0xb400006ee55ebe10, base=0x0, importpid=30877, count:0
2026-01-23 01:56:49.826 30877-31154 mali_gralloc            com.cdccreditsmart.app               D  unregister: id=22b00000c73, handle=0xb400006ee55fac90, base=0x0, importpid=30877, count:0
2026-01-23 01:56:49.826 30877-31154 mali_gralloc            com.cdccreditsmart.app               D  unregister: id=22b00000c74, handle=0xb400006ee5604470, base=0x0, importpid=30877, count:0
2026-01-23 01:56:51.010 30877-6637  FA                      com.cdccreditsmart.app               I  Application backgrounded at: timestamp_millis: 1769144209000
2026-01-23 01:56:58.490 30877-7100  IconProtectionWorker    com.cdccreditsmart.app               D  ðŸ” Verificando proteÃ§Ã£o do Ã­cone...
2026-01-23 01:56:58.554 30877-7100  LauncherIconProtector   com.cdccreditsmart.app               D  âœ… Atalho jÃ¡ existe na home screen
2026-01-23 01:56:58.554 30877-7100  IconProtectionWorker    com.cdccreditsmart.app               I  ðŸ“Š EstatÃ­sticas: Ã­cone restaurado 1 vezes
2026-01-23 01:56:58.555 30877-7100  IconProtectionWorker    com.cdccreditsmart.app               D  âœ… VerificaÃ§Ã£o de Ã­cone concluÃ­da
2026-01-23 01:56:58.561 30877-31144 WM-WorkerWrapper        com.cdccreditsmart.app               I  Worker result SUCCESS for Work [ id=6a35913a-b359-4191-bbf6-40ef7c53f4c7, tags={ com.cdccreditsmart.app.workers.IconProtectionWorker } ]
2026-01-23 01:56:59.099 30877-3549  MdmCommandReceiver      com.cdccreditsmart.app               D  ðŸ“¥ Mensagem MDM recebida: {"type":"auth_timeout","message":"Authentication timeout - connection closing","timestamp":"2026-01-23T04:56:58.729Z"}
2026-01-23 01:56:59.101 30877-3530  MdmCommandReceiver      com.cdccreditsmart.app               D  ðŸ“¥ JSON recebido: {"type":"auth_timeout","message":"Authentication timeout - connection closing","timestamp":"2026-01-23T04:56:58.729Z"}
2026-01-23 01:56:59.111 30877-3549  MdmCommandReceiver      com.cdccreditsmart.app               W  âš ï¸ WebSocket MDM fechando (code=4002)
2026-01-23 01:56:59.194 30877-30877 WebSocketManager        com.cdccreditsmart.app               D  Heartbeat ping sent
2026-01-23 01:56:59.253 30877-3530  MdmCommandReceiver      com.cdccreditsmart.app               D  ðŸ“¨ Tipo de mensagem: auth_timeout
2026-01-23 01:56:59.261 30877-3530  MdmCommandReceiver      com.cdccreditsmart.app               E  â° ========================================
2026-01-23 01:56:59.261 30877-3530  MdmCommandReceiver      com.cdccreditsmart.app               E  â° TIMEOUT DE AUTENTICAÃ‡ÃƒO WEBSOCKET!
2026-01-23 01:56:59.261 30877-3530  MdmCommandReceiver      com.cdccreditsmart.app               E  â° ========================================
2026-01-23 01:56:59.262 30877-3530  MdmCommandReceiver      com.cdccreditsmart.app               E  â° Mensagem: Authentication timeout - connection closing
2026-01-23 01:56:59.262 30877-3530  MdmCommandReceiver      com.cdccreditsmart.app               E  â° ConexÃ£o serÃ¡ fechada pelo servidor (cÃ³digo 4002)
2026-01-23 01:57:00.738 30877-3555  WebSocketManager        com.cdccreditsmart.app               D  Message received: {"type":"pong","timestamp":"2026-01-23T04:57:00.593Z"}...
2026-01-23 01:57:00.738 30877-3555  WebSocketManager        com.cdccreditsmart.app               D  Received message type: pong
2026-01-23 01:57:00.738 30877-3555  WebSocketManager        com.cdccreditsmart.app               D  Pong received
2026-01-23 01:57:04.714 30877-3530  MdmCommandReceiver      com.cdccreditsmart.app               I  ðŸ” [Polling #3] Verificando comandos pendentes...
