---------------------------- PROCESS ENDED (12075) for package com.cdccreditsmart.app ----------------------------
---------------------------- PROCESS STARTED (12304) for package com.cdccreditsmart.app ----------------------------
2025-12-04 06:35:51.385 12304-12304 creditsmart.app         com.cdccreditsmart.app               I  Using CollectorTypeCMC GC.
2025-12-04 06:35:51.386 12304-12304 creditsmart.app         com.cdccreditsmart.app               W  Unexpected CPU variant for x86: x86_64.
                                                                                                    Known variants: atom, sandybridge, silvermont, goldmont, goldmont-plus, goldmont-without-sha-xsaves, tremont, kabylake, alderlake, default
2025-12-04 06:35:51.562 12304-12304 creditsmart.app         com.cdccreditsmart.app               W  hiddenapi: DexFile /data/data/com.cdccreditsmart.app/code_cache/.studio/instruments-25d868d4.jar is in boot class path but is not in a known location
2025-12-04 06:35:51.649 12304-12304 creditsmart.app         com.cdccreditsmart.app               W  Redefining intrinsic method java.lang.Thread java.lang.Thread.currentThread(). This may cause the unexpected use of the original definition of java.lang.Thread java.lang.Thread.currentThread()in methods that have already been compiled.
2025-12-04 06:35:51.649 12304-12304 creditsmart.app         com.cdccreditsmart.app               W  Redefining intrinsic method boolean java.lang.Thread.interrupted(). This may cause the unexpected use of the original definition of boolean java.lang.Thread.interrupted()in methods that have already been compiled.
2025-12-04 06:35:51.950 12304-12304 creditsmart.app         com.cdccreditsmart.app               I  AssetManager2(0x7978a5e9d6f8) locale list changing from [] to [en-US]
2025-12-04 06:35:51.954 12304-12304 creditsmart.app         com.cdccreditsmart.app               I  AssetManager2(0x7978a5e98bf8) locale list changing from [] to [en-US]
2025-12-04 06:35:52.006 12304-12304 FirebaseApp             com.cdccreditsmart.app               I  Device unlocked: initializing all Firebase APIs for app [DEFAULT]
2025-12-04 06:35:52.025 12304-12304 FirebaseInitProvider    com.cdccreditsmart.app               I  FirebaseApp initialization successful
2025-12-04 06:35:52.039 12304-12321 creditsmart.app         com.cdccreditsmart.app               W  ClassLoaderContext classpath size mismatch. expected=1, found=0 (DLC[];PCL[base.apk*630649996]{PCL[/system/framework/org.apache.http.legacy.jar*4247870504]#PCL[/system/framework/com.android.media.remotedisplay.jar*487574312]#PCL[/system/framework/com.android.location.provider.jar*1570284764]#PCL[/system_ext/framework/androidx.window.extensions.jar*1030441313]#PCL[/system_ext/framework/androidx.window.sidecar.jar*3860983653]} | DLC[];PCL[])
2025-12-04 06:35:52.049 12304-12321 DynamiteModule          com.cdccreditsmart.app               I  Considering local module com.google.android.gms.measurement.dynamite:127 and remote module com.google.android.gms.measurement.dynamite:170
2025-12-04 06:35:52.049 12304-12321 DynamiteModule          com.cdccreditsmart.app               I  Selected remote version of com.google.android.gms.measurement.dynamite, version >= 170
2025-12-04 06:35:52.061 12304-12321 System                  com.cdccreditsmart.app               W  ClassLoader referenced unknown path: 
2025-12-04 06:35:52.070 12304-12321 creditsmart.app         com.cdccreditsmart.app               I  AssetManager2(0x7978a5ea0c18) locale list changing from [] to [en-US]
2025-12-04 06:35:52.076 12304-12321 creditsmart.app         com.cdccreditsmart.app               W  ClassLoaderContext classpath size mismatch. expected=1, found=2 (DLC[];PCL[base.apk*630649996]{PCL[/system/framework/org.apache.http.legacy.jar*4247870504]#PCL[/system/framework/com.android.media.remotedisplay.jar*487574312]#PCL[/system/framework/com.android.location.provider.jar*1570284764]#PCL[/system_ext/framework/androidx.window.extensions.jar*1030441313]#PCL[/system_ext/framework/androidx.window.sidecar.jar*3860983653]} | DLC[];PCL[/data/data/com.cdccreditsmart.app/code_cache/.overlay/base.apk/classes29.dex*3268278633:/data/app/~~MvL9_zaWyU9snlVGrSqsfg==/com.cdccreditsmart.app-m3coObamiRb5uQUxEAXunA==/base.apk*2825262010])
2025-12-04 06:35:52.083 12304-12321 creditsmart.app         com.cdccreditsmart.app               I  AssetManager2(0x7978a5e9c438) locale list changing from [] to [en-US]
2025-12-04 06:35:52.085 12304-12321 creditsmart.app         com.cdccreditsmart.app               I  AssetManager2(0x7978a5ea5718) locale list changing from [] to [en-US]
2025-12-04 06:35:52.107 12304-12304 CrashHandler            com.cdccreditsmart.app               I  âœ… Global crash handler instalado
2025-12-04 06:35:52.107 12304-12304 CDCApplication          com.cdccreditsmart.app               I  ğŸš€ CDC Credit Smart Application iniciando...
2025-12-04 06:35:52.107 12304-12304 CDCApplication          com.cdccreditsmart.app               I  ========================================
2025-12-04 06:35:52.107 12304-12304 CDCApplication          com.cdccreditsmart.app               I  ğŸ” Verificando status de Device Owner...
2025-12-04 06:35:52.109 12304-12304 CDCApplication          com.cdccreditsmart.app               I  Device Owner Status: âŒ NÃƒO
2025-12-04 06:35:52.109 12304-12304 CDCApplication          com.cdccreditsmart.app               I  Package Name: com.cdccreditsmart.app
2025-12-04 06:35:52.109 12304-12304 CDCApplication          com.cdccreditsmart.app               E  
2025-12-04 06:35:52.109 12304-12304 CDCApplication          com.cdccreditsmart.app               E  â•”â•â•â•â•â•â•â•â•â•â•â•â•â•â•â•â•â•â•â•â•â•â•â•â•â•â•â•â•â•â•â•â•â•â•â•â•â•â•â•â•â•â•â•â•â•â•â•â•â•â•â•â•â•â•â•â•â•—
2025-12-04 06:35:52.109 12304-12304 CDCApplication          com.cdccreditsmart.app               E  â•‘  âš ï¸  APP NÃƒO ESTÃ PROVISIONADO COMO DEVICE OWNER  âš ï¸   â•‘
2025-12-04 06:35:52.109 12304-12304 CDCApplication          com.cdccreditsmart.app               E  â• â•â•â•â•â•â•â•â•â•â•â•â•â•â•â•â•â•â•â•â•â•â•â•â•â•â•â•â•â•â•â•â•â•â•â•â•â•â•â•â•â•â•â•â•â•â•â•â•â•â•â•â•â•â•â•â•â•£
2025-12-04 06:35:52.109 12304-12304 CDCApplication          com.cdccreditsmart.app               E  â•‘  O app precisa ser provisionado como Device Owner      â•‘
2025-12-04 06:35:52.109 12304-12304 CDCApplication          com.cdccreditsmart.app               E  â•‘  ANTES de poder conceder permissÃµes automaticamente.   â•‘
2025-12-04 06:35:52.109 12304-12304 CDCApplication          com.cdccreditsmart.app               E  â•‘                                                        â•‘
2025-12-04 06:35:52.109 12304-12304 CDCApplication          com.cdccreditsmart.app               E  â•‘  Provisione o dispositivo usando um dos mÃ©todos:       â•‘
2025-12-04 06:35:52.109 12304-12304 CDCApplication          com.cdccreditsmart.app               E  â•‘  1. ADB: adb shell dpm set-device-owner ...           â•‘
2025-12-04 06:35:52.109 12304-12304 CDCApplication          com.cdccreditsmart.app               E  â•‘  2. QR Code durante setup inicial                      â•‘
2025-12-04 06:35:52.109 12304-12304 CDCApplication          com.cdccreditsmart.app               E  â•‘  3. NFC durante setup inicial                          â•‘
2025-12-04 06:35:52.109 12304-12304 CDCApplication          com.cdccreditsmart.app               E  â•‘  4. Samsung Knox Mobile Enrollment                     â•‘
2025-12-04 06:35:52.109 12304-12304 CDCApplication          com.cdccreditsmart.app               E  â•šâ•â•â•â•â•â•â•â•â•â•â•â•â•â•â•â•â•â•â•â•â•â•â•â•â•â•â•â•â•â•â•â•â•â•â•â•â•â•â•â•â•â•â•â•â•â•â•â•â•â•â•â•â•â•â•â•â•
2025-12-04 06:35:52.109 12304-12304 CDCApplication          com.cdccreditsmart.app               E  
2025-12-04 06:35:52.109 12304-12304 CDCApplication          com.cdccreditsmart.app               I  ========================================
2025-12-04 06:35:52.112 12304-12304 AppProtectionManager    com.cdccreditsmart.app               I  
2025-12-04 06:35:52.112 12304-12304 AppProtectionManager    com.cdccreditsmart.app               I  â•”â•â•â•â•â•â•â•â•â•â•â•â•â•â•â•â•â•â•â•â•â•â•â•â•â•â•â•â•â•â•â•â•â•â•â•â•â•â•â•â•â•â•â•â•â•â•â•â•â•â•â•â•â•â•â•â•â•â•â•â•â•â•â•â•â•—
2025-12-04 06:35:52.112 12304-12304 AppProtectionManager    com.cdccreditsmart.app               I  â•‘     ğŸ›¡ï¸ APLICANDO MELHOR PROTEÃ‡ÃƒO DISPONÃVEL                    â•‘
2025-12-04 06:35:52.112 12304-12304 AppProtectionManager    com.cdccreditsmart.app               I  â•‘           CDC CREDIT SMART - PROTEÃ‡ÃƒO EM CAMADAS              â•‘
2025-12-04 06:35:52.112 12304-12304 AppProtectionManager    com.cdccreditsmart.app               I  â•šâ•â•â•â•â•â•â•â•â•â•â•â•â•â•â•â•â•â•â•â•â•â•â•â•â•â•â•â•â•â•â•â•â•â•â•â•â•â•â•â•â•â•â•â•â•â•â•â•â•â•â•â•â•â•â•â•â•â•â•â•â•â•â•â•â•
2025-12-04 06:35:52.112 12304-12304 AppProtectionManager    com.cdccreditsmart.app               I  
2025-12-04 06:35:52.114 12304-12304 AppProtectionManager    com.cdccreditsmart.app               I  ğŸ“‹ STATUS ATUAL:
2025-12-04 06:35:52.114 12304-12304 AppProtectionManager    com.cdccreditsmart.app               I     Device Owner: NÃƒO
2025-12-04 06:35:52.114 12304-12304 AppProtectionManager    com.cdccreditsmart.app               I     Device Admin: SIM
2025-12-04 06:35:52.114 12304-12304 AppProtectionManager    com.cdccreditsmart.app               I  
2025-12-04 06:35:52.114 12304-12304 AppProtectionManager    com.cdccreditsmart.app               I  ğŸ” NÃVEL: DEVICE ADMIN (ProteÃ§Ã£o Parcial)
2025-12-04 06:35:52.114 12304-12304 AppProtectionManager    com.cdccreditsmart.app               I  ========================================
2025-12-04 06:35:52.114 12304-12304 AppProtectionManager    com.cdccreditsmart.app               I  ğŸ” APLICANDO PROTEÃ‡Ã•ES DE DEVICE ADMIN
2025-12-04 06:35:52.114 12304-12304 AppProtectionManager    com.cdccreditsmart.app               I  ========================================
2025-12-04 06:35:52.114 12304-12304 AppProtectionManager    com.cdccreditsmart.app               I  [1/3] Device Admin ativo - desinstalaÃ§Ã£o requer desativar admin primeiro
2025-12-04 06:35:52.114 12304-12304 AppProtectionManager    com.cdccreditsmart.app               I        â†’ UsuÃ¡rio precisa ir em Settings > Security > Device Admins
2025-12-04 06:35:52.114 12304-12304 AppProtectionManager    com.cdccreditsmart.app               I        â†’ Desativar 'CDC Credit Smart' antes de desinstalar
2025-12-04 06:35:52.114 12304-12304 AppProtectionManager    com.cdccreditsmart.app               I  
2025-12-04 06:35:52.114 12304-12304 AppProtectionManager    com.cdccreditsmart.app               I  [2/3] Aplicando persistÃªncia bÃ¡sica...
2025-12-04 06:35:52.114 12304-12304 AppProtectionManager    com.cdccreditsmart.app               I     Iniciando serviÃ§os de persistÃªncia...
2025-12-04 06:35:52.117 12304-12304 AppProtectionManager    com.cdccreditsmart.app               I     âœ… Foreground Service iniciado
2025-12-04 06:35:52.123 12304-12330 ashmem                  com.cdccreditsmart.app               E  Pinning is deprecated since Android Q. Please use trim or other methods.
2025-12-04 06:35:52.129 12304-12331 creditsmart.app         com.cdccreditsmart.app               I  hiddenapi: Accessing hidden method Ldalvik/system/VMStack;->getStackClass2()Ljava/lang/Class; (runtime_flags=0, domain=core-platform, api=unsupported) from Lm7/aox; (domain=app) using reflection: allowed
2025-12-04 06:35:52.138 12304-12304 AppProtectionManager    com.cdccreditsmart.app               I     âœ… ServiceWatchdog agendado (15 min)
2025-12-04 06:35:52.138 12304-12304 AppProtectionManager    com.cdccreditsmart.app               I  
2025-12-04 06:35:52.138 12304-12304 AppProtectionManager    com.cdccreditsmart.app               I  [3/3] ProteÃ§Ãµes de Device Admin limitadas:
2025-12-04 06:35:52.138 12304-12304 AppProtectionManager    com.cdccreditsmart.app               I        âŒ setUninstallBlocked: Requer Device Owner
2025-12-04 06:35:52.138 12304-12304 AppProtectionManager    com.cdccreditsmart.app               I        âŒ setUserControlDisabledPackages: Requer Device Owner
2025-12-04 06:35:52.138 12304-12304 AppProtectionManager    com.cdccreditsmart.app               I        âŒ addUserRestriction: Requer Device Owner
2025-12-04 06:35:52.138 12304-12304 AppProtectionManager    com.cdccreditsmart.app               I        âœ… DesinstalaÃ§Ã£o requer desativar admin primeiro
2025-12-04 06:35:52.138 12304-12304 AppProtectionManager    com.cdccreditsmart.app               I        âœ… Foreground Service mantÃ©m app ativo
2025-12-04 06:35:52.138 12304-12304 AppProtectionManager    com.cdccreditsmart.app               I        âœ… WorkManager mantÃ©m tarefas executando
2025-12-04 06:35:52.138 12304-12304 AppProtectionManager    com.cdccreditsmart.app               I  ========================================
2025-12-04 06:35:52.138 12304-12304 AppProtectionManager    com.cdccreditsmart.app               I  ğŸ“Š RESUMO: Device Admin ativo com proteÃ§Ãµes parciais
2025-12-04 06:35:52.138 12304-12304 AppProtectionManager    com.cdccreditsmart.app               I  ========================================
2025-12-04 06:35:52.138 12304-12304 AppProtectionManager    com.cdccreditsmart.app               I  
2025-12-04 06:35:52.138 12304-12304 CDCApplication          com.cdccreditsmart.app               I  
2025-12-04 06:35:52.138 12304-12304 CDCApplication          com.cdccreditsmart.app               I  â•”â•â•â•â•â•â•â•â•â•â•â•â•â•â•â•â•â•â•â•â•â•â•â•â•â•â•â•â•â•â•â•â•â•â•â•â•â•â•â•â•â•â•â•â•â•â•â•â•â•â•â•â•â•â•â•â•â•â•â•â•â•—
2025-12-04 06:35:52.138 12304-12304 CDCApplication          com.cdccreditsmart.app               I  â•‘     RESULTADO DA APLICAÃ‡ÃƒO DE PROTEÃ‡Ã•ES                    â•‘
2025-12-04 06:35:52.138 12304-12304 CDCApplication          com.cdccreditsmart.app               I  â•šâ•â•â•â•â•â•â•â•â•â•â•â•â•â•â•â•â•â•â•â•â•â•â•â•â•â•â•â•â•â•â•â•â•â•â•â•â•â•â•â•â•â•â•â•â•â•â•â•â•â•â•â•â•â•â•â•â•â•â•â•â•
2025-12-04 06:35:52.138 12304-12304 CDCApplication          com.cdccreditsmart.app               I     NÃ­vel: DEVICE_ADMIN
2025-12-04 06:35:52.138 12304-12304 CDCApplication          com.cdccreditsmart.app               I     ProteÃ§Ãµes aplicadas: 2
2025-12-04 06:35:52.138 12304-12304 CDCApplication          com.cdccreditsmart.app               I     Status: PROTEÃ‡ÃƒO PARCIAL (Device Admin)
2025-12-04 06:35:52.138 12304-12304 CDCApplication          com.cdccreditsmart.app               I     DesinstalaÃ§Ã£o requer desativar admin primeiro
2025-12-04 06:35:52.138 12304-12304 CDCApplication          com.cdccreditsmart.app               I  â•šâ•â•â•â•â•â•â•â•â•â•â•â•â•â•â•â•â•â•â•â•â•â•â•â•â•â•â•â•â•â•â•â•â•â•â•â•â•â•â•â•â•â•â•â•â•â•â•â•â•â•â•â•â•â•â•â•â•â•â•â•â•
2025-12-04 06:35:52.138 12304-12304 CDCApplication          com.cdccreditsmart.app               I  
2025-12-04 06:35:52.139 12304-12304 TamperDetection         com.cdccreditsmart.app               I  ========================================
2025-12-04 06:35:52.139 12304-12304 TamperDetection         com.cdccreditsmart.app               I  ğŸ” VERIFICANDO INTEGRIDADE DO DISPOSITIVO
2025-12-04 06:35:52.139 12304-12304 TamperDetection         com.cdccreditsmart.app               I  ========================================
2025-12-04 06:35:52.149 12304-12331 PhClient                com.cdccreditsmart.app               I  Unable to retrieve flag snapshot for com.google.android.gms.measurement#com.cdccreditsmart.app, using defaults.
2025-12-04 06:35:52.154 12304-12329 creditsmart.app         com.cdccreditsmart.app               E  No package ID 6a found for resource ID 0x6a0b0013.
2025-12-04 06:35:52.157 12304-12329 FA                      com.cdccreditsmart.app               I  App measurement initialized, version: 146007
2025-12-04 06:35:52.157 12304-12329 FA                      com.cdccreditsmart.app               I  To enable debug logging run: adb shell setprop log.tag.FA VERBOSE
2025-12-04 06:35:52.158 12304-12329 FA                      com.cdccreditsmart.app               I  To enable faster debug mode event logging run:
                                                                                                      adb shell setprop debug.firebase.analytics.app com.cdccreditsmart.app
2025-12-04 06:35:52.263 12304-12304 TamperDetection         com.cdccreditsmart.app               I  âœ… Primeira instalaÃ§Ã£o detectada
2025-12-04 06:35:52.263 12304-12304 TamperDetection         com.cdccreditsmart.app               I     Token e deviceId nÃ£o existem - app nunca foi pareado
2025-12-04 06:35:52.263 12304-12304 TamperDetection         com.cdccreditsmart.app               I  ========================================
2025-12-04 06:35:52.264 12304-12304 TamperDetection         com.cdccreditsmart.app               I  
2025-12-04 06:35:52.264 12304-12304 TamperDetection         com.cdccreditsmart.app               I  â•”â•â•â•â•â•â•â•â•â•â•â•â•â•â•â•â•â•â•â•â•â•â•â•â•â•â•â•â•â•â•â•â•â•â•â•â•â•â•â•â•â•â•â•â•â•â•â•â•â•â•â•â•â•â•â•â•â•—
2025-12-04 06:35:52.264 12304-12304 TamperDetection         com.cdccreditsmart.app               I  â•‘    ğŸ“¡ REPORTAR BOOT AO BACKEND                        â•‘
2025-12-04 06:35:52.264 12304-12304 TamperDetection         com.cdccreditsmart.app               I  â• â•â•â•â•â•â•â•â•â•â•â•â•â•â•â•â•â•â•â•â•â•â•â•â•â•â•â•â•â•â•â•â•â•â•â•â•â•â•â•â•â•â•â•â•â•â•â•â•â•â•â•â•â•â•â•â•â•£
2025-12-04 06:35:52.265 12304-12304 TamperDetection         com.cdccreditsmart.app               I  â•‘  Device Fingerprint: CDC_-1244237****      â•‘
2025-12-04 06:35:52.266 12304-12304 TamperDetection         com.cdccreditsmart.app               I  â•‘  Boot Timestamp: 1764840952266          â•‘
2025-12-04 06:35:52.266 12304-12304 TamperDetection         com.cdccreditsmart.app               I  â•‘                                                        â•‘
2025-12-04 06:35:52.266 12304-12304 TamperDetection         com.cdccreditsmart.app               I  â•‘  Backend detectarÃ¡ factory reset comparando:          â•‘
2025-12-04 06:35:52.266 12304-12304 TamperDetection         com.cdccreditsmart.app               I  â•‘  â€¢ Fingerprint histÃ³rico vs atual                     â•‘
2025-12-04 06:35:52.266 12304-12304 TamperDetection         com.cdccreditsmart.app               I  â•‘  â€¢ Timestamp do Ãºltimo boot vs agora                  â•‘
2025-12-04 06:35:52.266 12304-12304 TamperDetection         com.cdccreditsmart.app               I  â•‘  â€¢ Token vÃ¡lido vs ausente                            â•‘
2025-12-04 06:35:52.266 12304-12304 TamperDetection         com.cdccreditsmart.app               I  â•šâ•â•â•â•â•â•â•â•â•â•â•â•â•â•â•â•â•â•â•â•â•â•â•â•â•â•â•â•â•â•â•â•â•â•â•â•â•â•â•â•â•â•â•â•â•â•â•â•â•â•â•â•â•â•â•â•â•
2025-12-04 06:35:52.266 12304-12304 TamperDetection         com.cdccreditsmart.app               I  
2025-12-04 06:35:52.266 12304-12304 TamperDetection         com.cdccreditsmart.app               I  âš ï¸ TODO: Implementar POST /api/security/device-boot
2025-12-04 06:35:52.269 12304-12342 CDCApplication          com.cdccreditsmart.app               I  ğŸ”’ Verificando status do SIM no boot da aplicaÃ§Ã£o...
2025-12-04 06:35:52.272 12304-12342 SimSwapManager          com.cdccreditsmart.app               I  ========================================
2025-12-04 06:35:52.273 12304-12342 SimSwapManager          com.cdccreditsmart.app               I  ğŸ”’ SIM SWAP: Iniciando verificaÃ§Ã£o de status do SIM
2025-12-04 06:35:52.273 12304-12342 SimSwapManager          com.cdccreditsmart.app               I  ========================================
2025-12-04 06:35:52.293 12304-12342 SimSwapDetector         com.cdccreditsmart.app               W  ğŸ”’ SIM SWAP: ICCID vazio no SubscriptionInfo
2025-12-04 06:35:52.305 12304-12342 SimSwapDetector         com.cdccreditsmart.app               E  ğŸ”’ SIM SWAP: SecurityException no fallback (Ask Gemini)
                                                                                                    java.lang.SecurityException: getIccSerialNumber: The uid 10225 does not meet the requirements to access device identifiers.
                                                                                                    	at android.os.Parcel.createExceptionOrNull(Parcel.java:3340)
                                                                                                    	at android.os.Parcel.createException(Parcel.java:3324)
                                                                                                    	at android.os.Parcel.readException(Parcel.java:3307)
                                                                                                    	at android.os.Parcel.readException(Parcel.java:3249)
                                                                                                    	at com.android.internal.telephony.IPhoneSubInfo$Stub$Proxy.getIccSerialNumberForSubscriber(IPhoneSubInfo.java:1331)
                                                                                                    	at android.telephony.TelephonyManager.getSimSerialNumber(TelephonyManager.java:4332)
                                                                                                    	at android.telephony.TelephonyManager.getSimSerialNumber(TelephonyManager.java:4289)
                                                                                                    	at com.cdccreditsmart.app.security.SimSwapDetector.getSimSerialFallback(SimSwapDetector.kt:123)
                                                                                                    	at com.cdccreditsmart.app.security.SimSwapDetector.getCurrentSimSerial(SimSwapDetector.kt:95)
                                                                                                    	at com.cdccreditsmart.app.security.SimSwapDetector.getSimInfo(SimSwapDetector.kt:256)
                                                                                                    	at com.cdccreditsmart.app.security.SimSwapManager$checkSimStatus$2.invokeSuspend(SimSwapManager.kt:143)
                                                                                                    	at kotlin.coroutines.jvm.internal.BaseContinuationImpl.resumeWith(ContinuationImpl.kt:34)
                                                                                                    	at kotlinx.coroutines.DispatchedTask.run(DispatchedTask.kt:108)
                                                                                                    	at kotlinx.coroutines.internal.LimitedDispatcher$Worker.run(LimitedDispatcher.kt:115)
                                                                                                    	at kotlinx.coroutines.scheduling.TaskImpl.run(Tasks.kt:103)
                                                                                                    	at kotlinx.coroutines.scheduling.CoroutineScheduler.runSafely(CoroutineScheduler.kt:584)
                                                                                                    	at kotlinx.coroutines.scheduling.CoroutineScheduler$Worker.executeTask(CoroutineScheduler.kt:793)
                                                                                                    	at kotlinx.coroutines.scheduling.CoroutineScheduler$Worker.runWorker(CoroutineScheduler.kt:697)
                                                                                                    	at kotlinx.coroutines.scheduling.CoroutineScheduler$Worker.run(CoroutineScheduler.kt:684)
2025-12-04 06:35:52.308 12304-12342 SimSwapDetector         com.cdccreditsmart.app               I  ğŸ”’ SIM SWAP: InformaÃ§Ãµes do SIM coletadas:
2025-12-04 06:35:52.308 12304-12342 SimSwapDetector         com.cdccreditsmart.app               I     Serial: nÃ£o disponÃ­vel...
2025-12-04 06:35:52.308 12304-12342 SimSwapDetector         com.cdccreditsmart.app               I     Operadora: T-Mobile
2025-12-04 06:35:52.308 12304-12342 SimSwapDetector         com.cdccreditsmart.app               I     SIM ativo: false
2025-12-04 06:35:52.308 12304-12342 SimSwapManager          com.cdccreditsmart.app               W  ğŸ”’ SIM SWAP: Nenhum SIM ativo detectado - sem aÃ§Ã£o necessÃ¡ria
2025-12-04 06:35:52.308 12304-12342 SimSwapManager          com.cdccreditsmart.app               I  ========================================
2025-12-04 06:35:52.308 12304-12342 CDCApplication          com.cdccreditsmart.app               I  âœ… VerificaÃ§Ã£o de SIM swap concluÃ­da com sucesso
2025-12-04 06:35:52.359 12304-12304 ContractCodeStorage     com.cdccreditsmart.app               W  No valid contract code found in any location
2025-12-04 06:35:52.360 12304-12304 CDCApplication          com.cdccreditsmart.app               I  â¸ï¸ Sem tokens - aguardando pairing para iniciar serviÃ§o MDM
2025-12-04 06:35:52.363 12304-12304 AutoBlockingWorker      com.cdccreditsmart.app               I  âœ… VerificaÃ§Ã£o automÃ¡tica de bloqueio agendada (diariamente Ã s 00:00)
2025-12-04 06:35:52.363 12304-12304 AutoBlockingWorker      com.cdccreditsmart.app               I     PrÃ³xima execuÃ§Ã£o em: 864 minutos
2025-12-04 06:35:52.363 12304-12304 CDCApplication          com.cdccreditsmart.app               I  ğŸ“… Agendando overlay automÃ¡tico com intervalo progressivo...
2025-12-04 06:35:52.365 12304-12304 PeriodicOverlayWorker   com.cdccreditsmart.app               I  ğŸ“… Agendando overlay automÃ¡tico com INTERVALO PROGRESSIVO
2025-12-04 06:35:52.365 12304-12304 PeriodicOverlayWorker   com.cdccreditsmart.app               I     1-4 dias de atraso: a cada 10 minutos
2025-12-04 06:35:52.365 12304-12304 PeriodicOverlayWorker   com.cdccreditsmart.app               I     5-14 dias de atraso: a cada 5 minutos
2025-12-04 06:35:52.365 12304-12304 PeriodicOverlayWorker   com.cdccreditsmart.app               I     15+ dias de atraso: a cada 3 minutos
2025-12-04 06:35:52.365 12304-12304 WM-WorkSpec             com.cdccreditsmart.app               W  Interval duration lesser than minimum allowed value; Changed to 900000
2025-12-04 06:35:52.366 12304-12304 WM-WorkSpec             com.cdccreditsmart.app               W  Flex duration lesser than minimum allowed value; Changed to 300000
2025-12-04 06:35:52.366 12304-12304 PeriodicOverlayWorker   com.cdccreditsmart.app               I  âœ… Overlay automÃ¡tico agendado com sucesso
2025-12-04 06:35:52.366 12304-12304 CDCApplication          com.cdccreditsmart.app               I  ğŸ”’ Iniciando sistema Keep Alive...
2025-12-04 06:35:52.368 12304-12304 KeepAliveManager        com.cdccreditsmart.app               I  ğŸ”’ ========================================
2025-12-04 06:35:52.368 12304-12304 KeepAliveManager        com.cdccreditsmart.app               I  ğŸ”’ INICIANDO SISTEMA KEEP ALIVE
2025-12-04 06:35:52.368 12304-12304 KeepAliveManager        com.cdccreditsmart.app               I  ğŸ”’ ========================================
2025-12-04 06:35:52.368 12304-12304 KeepAliveManager        com.cdccreditsmart.app               I  âœ… ServiceWatchdogWorker agendado (15min)
2025-12-04 06:35:52.370 12304-12304 KeepAliveManager        com.cdccreditsmart.app               I  âœ… AlarmManager wakeup agendado (10min)
2025-12-04 06:35:52.371 12304-12304 KeepAliveManager        com.cdccreditsmart.app               I  ğŸ”‹ Tentando desativar otimizaÃ§Ã£o de bateria automaticamente...
2025-12-04 06:35:52.372 12304-12304 KeepAliveManager        com.cdccreditsmart.app               I  ğŸ”‹ App NÃƒO Ã© Device Owner - abrindo configuraÃ§Ãµes do sistema
2025-12-04 06:35:52.387 12304-12304 KeepAliveManager        com.cdccreditsmart.app               I  âœ… Tela de isenÃ§Ã£o de bateria aberta para o usuÃ¡rio
2025-12-04 06:35:52.387 12304-12304 KeepAliveManager        com.cdccreditsmart.app               I  ğŸ”’ Sistema Keep Alive ativo
2025-12-04 06:35:52.387 12304-12304 KeepAliveManager        com.cdccreditsmart.app               I  ğŸ”’ - WorkManager: verificaÃ§Ã£o a cada 15min
2025-12-04 06:35:52.387 12304-12304 KeepAliveManager        com.cdccreditsmart.app               I  ğŸ”’ - AlarmManager: wakeup a cada 10min
2025-12-04 06:35:52.387 12304-12304 KeepAliveManager        com.cdccreditsmart.app               I  ğŸ”’ ========================================
2025-12-04 06:35:52.389 12304-12304 CDCApplication          com.cdccreditsmart.app               I  ğŸ“Š Keep Alive Stats:
2025-12-04 06:35:52.389 12304-12304 CDCApplication          com.cdccreditsmart.app               I     - Restarts anteriores: 0
2025-12-04 06:35:52.389 12304-12304 CDCApplication          com.cdccreditsmart.app               I     - OtimizaÃ§Ã£o bateria: SIM (ruim)
2025-12-04 06:35:52.401 12304-12304 BootReceiver            com.cdccreditsmart.app               I  ğŸš€ Dispositivo iniciado - starting CdcForegroundService
2025-12-04 06:35:52.409 12304-12304 CdcForegroundService    com.cdccreditsmart.app               I  âœ… ServiÃ§o iniciado via startService()
2025-12-04 06:35:52.447 12304-12344 DisplayManager          com.cdccreditsmart.app               I  Choreographer implicitly registered for the refresh rate.
2025-12-04 06:35:52.450 12304-12304 creditsmart.app         com.cdccreditsmart.app               I  AssetManager2(0x7978a5e9f318) locale list changing from [] to [en-US]
2025-12-04 06:35:52.497 12304-12304 MainActivity            com.cdccreditsmart.app               I  ========================================
2025-12-04 06:35:52.497 12304-12304 MainActivity            com.cdccreditsmart.app               I  ğŸ“± SOLICITANDO PERMISSÃ•ES (NÃƒO DEVICE OWNER)
2025-12-04 06:35:52.497 12304-12304 MainActivity            com.cdccreditsmart.app               I  ========================================
2025-12-04 06:35:52.498 12304-12304 MainActivity            com.cdccreditsmart.app               I  ğŸ“‹ Runtime permissions a solicitar: 3
2025-12-04 06:35:52.500 12304-12343 MainActivity            com.cdccreditsmart.app               I  ğŸ†• Device nunca foi provisionado
2025-12-04 06:35:52.504 12304-12344 EGL_emulation           com.cdccreditsmart.app               I  Opening libGLESv1_CM_emulation.so
2025-12-04 06:35:52.505 12304-12344 EGL_emulation           com.cdccreditsmart.app               I  Opening libGLESv2_emulation.so
2025-12-04 06:35:52.513 12304-12304 SpecialPermissionReq    com.cdccreditsmart.app               I  ========================================
2025-12-04 06:35:52.513 12304-12304 SpecialPermissionReq    com.cdccreditsmart.app               I  ğŸ“Š STATUS DAS PERMISSÃ•ES ESPECIAIS
2025-12-04 06:35:52.513 12304-12304 SpecialPermissionReq    com.cdccreditsmart.app               I  ========================================
2025-12-04 06:35:52.515 12304-12304 SpecialPermissionReq    com.cdccreditsmart.app               I    USAGE_STATS: âœ… CONCEDIDA
2025-12-04 06:35:52.516 12304-12304 SpecialPermissionReq    com.cdccreditsmart.app               I    OVERLAY: âœ… CONCEDIDA
2025-12-04 06:35:52.516 12304-12304 SpecialPermissionReq    com.cdccreditsmart.app               I  
2025-12-04 06:35:52.516 12304-12304 SpecialPermissionReq    com.cdccreditsmart.app               I  âœ… Todas as permissÃµes especiais concedidas!
2025-12-04 06:35:52.516 12304-12304 SpecialPermissionReq    com.cdccreditsmart.app               I     ProteÃ§Ã£o anti-desinstalaÃ§Ã£o ativa.
2025-12-04 06:35:52.516 12304-12304 SpecialPermissionReq    com.cdccreditsmart.app               I  ========================================
2025-12-04 06:35:52.516 12304-12304 MainActivity            com.cdccreditsmart.app               I  âœ… Todas as permissÃµes especiais jÃ¡ foram concedidas!
2025-12-04 06:35:52.516 12304-12344 HWUI                    com.cdccreditsmart.app               W  Failed to choose config with EGL_SWAP_BEHAVIOR_PRESERVED, retrying without...
2025-12-04 06:35:52.518 12304-12344 HWUI                    com.cdccreditsmart.app               W  Failed to initialize 101010-2 format, error = EGL_SUCCESS
2025-12-04 06:35:52.553 12304-12304 HWUI                    com.cdccreditsmart.app               W  Unknown dataspace 0
2025-12-04 06:35:52.588 12304-12329 FA                      com.cdccreditsmart.app               I  Tag Manager is not found and thus will not be used
2025-12-04 06:35:52.655 12304-12304 CdcForegroundService    com.cdccreditsmart.app               I  âœ… ScreenStateReceiver registrado
2025-12-04 06:35:52.660 12304-12304 CdcForegroundService    com.cdccreditsmart.app               I  âœ… Foreground Service ativo (Android 12+)
2025-12-04 06:35:52.662 12304-12343 CdcForegroundService    com.cdccreditsmart.app               I  ğŸ”§ ========================================
2025-12-04 06:35:52.662 12304-12343 CdcForegroundService    com.cdccreditsmart.app               I  ğŸ”§ INICIANDO initializeServices()...
2025-12-04 06:35:52.662 12304-12343 CdcForegroundService    com.cdccreditsmart.app               I  ğŸ”§ ========================================
2025-12-04 06:35:52.662 12304-12343 CdcForegroundService    com.cdccreditsmart.app               I  ğŸ¢ ========================================
2025-12-04 06:35:52.665 12304-12343 CdcForegroundService    com.cdccreditsmart.app               I  ğŸ¢ APLICANDO POLÃTICAS DE AMBIENTE DE TRABALHO
2025-12-04 06:35:52.665 12304-12343 CdcForegroundService    com.cdccreditsmart.app               I  ğŸ¢ ========================================
2025-12-04 06:35:52.672 12304-12304 CdcForegroundService    com.cdccreditsmart.app               I  âœ… Foreground Service ativo (Android 12+)
2025-12-04 06:35:52.673 12304-12304 BootReceiver            com.cdccreditsmart.app               I  ğŸš€ Dispositivo iniciado - starting CdcForegroundService
2025-12-04 06:35:52.673 12304-12304 CdcForegroundService    com.cdccreditsmart.app               I  âœ… ServiÃ§o iniciado via startService()
2025-12-04 06:35:52.676 12304-12342 CdcForegroundService    com.cdccreditsmart.app               I  ğŸ”§ ========================================
2025-12-04 06:35:52.677 12304-12342 CdcForegroundService    com.cdccreditsmart.app               I  ğŸ”§ INICIANDO initializeServices()...
2025-12-04 06:35:52.677 12304-12342 CdcForegroundService    com.cdccreditsmart.app               I  ğŸ”§ ========================================
2025-12-04 06:35:52.677 12304-12342 CdcForegroundService    com.cdccreditsmart.app               I  ğŸ¢ ========================================
2025-12-04 06:35:52.677 12304-12342 CdcForegroundService    com.cdccreditsmart.app               I  ğŸ¢ APLICANDO POLÃTICAS DE AMBIENTE DE TRABALHO
2025-12-04 06:35:52.677 12304-12342 CdcForegroundService    com.cdccreditsmart.app               I  ğŸ¢ ========================================
2025-12-04 06:35:52.684 12304-12343 WorkPolicyManager       com.cdccreditsmart.app               I  
2025-12-04 06:35:52.684 12304-12343 WorkPolicyManager       com.cdccreditsmart.app               I  â•”â•â•â•â•â•â•â•â•â•â•â•â•â•â•â•â•â•â•â•â•â•â•â•â•â•â•â•â•â•â•â•â•â•â•â•â•â•â•â•â•â•â•â•â•â•â•â•â•â•â•â•â•â•â•â•â•â•â•â•â•â•â•â•â•â•—
2025-12-04 06:35:52.684 12304-12343 WorkPolicyManager       com.cdccreditsmart.app               I  â•‘  ğŸ¢ APLICANDO POLÃTICAS DE AMBIENTE DE TRABALHO                â•‘
2025-12-04 06:35:52.684 12304-12343 WorkPolicyManager       com.cdccreditsmart.app               I  â•‘     CDC CREDIT SMART - PROTEÃ‡ÃƒO EMPRESARIAL                    â•‘
2025-12-04 06:35:52.684 12304-12343 WorkPolicyManager       com.cdccreditsmart.app               I  â•šâ•â•â•â•â•â•â•â•â•â•â•â•â•â•â•â•â•â•â•â•â•â•â•â•â•â•â•â•â•â•â•â•â•â•â•â•â•â•â•â•â•â•â•â•â•â•â•â•â•â•â•â•â•â•â•â•â•â•â•â•â•â•â•â•â•
2025-12-04 06:35:52.684 12304-12343 WorkPolicyManager       com.cdccreditsmart.app               I  
2025-12-04 06:35:52.686 12304-12342 WorkPolicyManager       com.cdccreditsmart.app               I  
2025-12-04 06:35:52.686 12304-12342 WorkPolicyManager       com.cdccreditsmart.app               I  â•”â•â•â•â•â•â•â•â•â•â•â•â•â•â•â•â•â•â•â•â•â•â•â•â•â•â•â•â•â•â•â•â•â•â•â•â•â•â•â•â•â•â•â•â•â•â•â•â•â•â•â•â•â•â•â•â•â•â•â•â•â•â•â•â•â•—
2025-12-04 06:35:52.686 12304-12342 WorkPolicyManager       com.cdccreditsmart.app               I  â•‘  ğŸ¢ APLICANDO POLÃTICAS DE AMBIENTE DE TRABALHO                â•‘
2025-12-04 06:35:52.686 12304-12342 WorkPolicyManager       com.cdccreditsmart.app               I  â•‘     CDC CREDIT SMART - PROTEÃ‡ÃƒO EMPRESARIAL                    â•‘
2025-12-04 06:35:52.686 12304-12342 WorkPolicyManager       com.cdccreditsmart.app               I  â•šâ•â•â•â•â•â•â•â•â•â•â•â•â•â•â•â•â•â•â•â•â•â•â•â•â•â•â•â•â•â•â•â•â•â•â•â•â•â•â•â•â•â•â•â•â•â•â•â•â•â•â•â•â•â•â•â•â•â•â•â•â•â•â•â•â•
2025-12-04 06:35:52.686 12304-12342 WorkPolicyManager       com.cdccreditsmart.app               I  
2025-12-04 06:35:52.686 12304-12342 WorkPolicyManager       com.cdccreditsmart.app               I  ğŸ“‹ STATUS DO DISPOSITIVO:
2025-12-04 06:35:52.686 12304-12342 WorkPolicyManager       com.cdccreditsmart.app               I     Device Owner: âŒ NÃƒO
2025-12-04 06:35:52.686 12304-12342 WorkPolicyManager       com.cdccreditsmart.app               I     Device Admin: âœ… SIM
2025-12-04 06:35:52.687 12304-12342 WorkPolicyManager       com.cdccreditsmart.app               I  
2025-12-04 06:35:52.687 12304-12342 WorkPolicyManager       com.cdccreditsmart.app               I  â•â•â•â•â•â•â•â•â•â•â•â•â•â•â•â•â•â•â•â•â•â•â•â•â•â•â•â•â•â•â•â•â•â•â•â•â•â•â•â•â•â•â•â•â•â•â•â•â•â•â•â•â•â•â•â•â•â•â•â•â•â•â•
2025-12-04 06:35:52.687 12304-12342 WorkPolicyManager       com.cdccreditsmart.app               I  ğŸ›¡ï¸ MODO DEVICE ADMIN - PROTEÃ‡ÃƒO PARCIAL
2025-12-04 06:35:52.687 12304-12342 WorkPolicyManager       com.cdccreditsmart.app               I  â•â•â•â•â•â•â•â•â•â•â•â•â•â•â•â•â•â•â•â•â•â•â•â•â•â•â•â•â•â•â•â•â•â•â•â•â•â•â•â•â•â•â•â•â•â•â•â•â•â•â•â•â•â•â•â•â•â•â•â•â•â•â•
2025-12-04 06:35:52.687 12304-12342 WorkPolicyManager       com.cdccreditsmart.app               I  
2025-12-04 06:35:52.687 12304-12342 WorkPolicyManager       com.cdccreditsmart.app               W  âš ï¸ LIMITAÃ‡Ã•ES DO DEVICE ADMIN:
2025-12-04 06:35:52.687 12304-12342 WorkPolicyManager       com.cdccreditsmart.app               W     â€¢ NÃ£o pode bloquear desinstalaÃ§Ã£o completamente
2025-12-04 06:35:52.687 12304-12342 WorkPolicyManager       com.cdccreditsmart.app               W     â€¢ NÃ£o pode bloquear Factory Reset via Settings
2025-12-04 06:35:52.687 12304-12342 WorkPolicyManager       com.cdccreditsmart.app               W     â€¢ NÃ£o pode desativar controles do usuÃ¡rio
2025-12-04 06:35:52.687 12304-12342 WorkPolicyManager       com.cdccreditsmart.app               W     â€¢ ProteÃ§Ãµes limitadas Ã s APIs de Device Admin
2025-12-04 06:35:52.687 12304-12342 WorkPolicyManager       com.cdccreditsmart.app               I  
2025-12-04 06:35:52.687 12304-12342 WorkPolicyManager       com.cdccreditsmart.app               I  ğŸ” [1/4] POLÃTICAS DE SENHA
2025-12-04 06:35:52.687 12304-12342 WorkPolicyManager       com.cdccreditsmart.app               I  â”€â”€â”€â”€â”€â”€â”€â”€â”€â”€â”€â”€â”€â”€â”€â”€â”€â”€â”€â”€â”€â”€â”€â”€â”€â”€â”€â”€â”€â”€â”€â”€â”€â”€â”€â”€â”€â”€â”€â”€â”€â”€â”€â”€â”€â”€â”€â”€â”€â”€â”€â”€â”€â”€â”€â”€â”€â”€â”€â”€â”€â”€â”€
2025-12-04 06:35:52.687 12304-12342 WorkPolicyManager       com.cdccreditsmart.app               I     âœ… PolÃ­ticas de senha configuradas (Device Admin)
2025-12-04 06:35:52.687 12304-12342 WorkPolicyManager       com.cdccreditsmart.app               I  
2025-12-04 06:35:52.687 12304-12342 WorkPolicyManager       com.cdccreditsmart.app               I  ğŸ“± [2/4] PROTEÃ‡Ã•ES DE PERSISTÃŠNCIA
2025-12-04 06:35:52.687 12304-12342 WorkPolicyManager       com.cdccreditsmart.app               I  â”€â”€â”€â”€â”€â”€â”€â”€â”€â”€â”€â”€â”€â”€â”€â”€â”€â”€â”€â”€â”€â”€â”€â”€â”€â”€â”€â”€â”€â”€â”€â”€â”€â”€â”€â”€â”€â”€â”€â”€â”€â”€â”€â”€â”€â”€â”€â”€â”€â”€â”€â”€â”€â”€â”€â”€â”€â”€â”€â”€â”€â”€â”€
2025-12-04 06:35:52.687 12304-12342 WorkPolicyManager       com.cdccreditsmart.app               I     â„¹ï¸ Solicitando isenÃ§Ã£o de otimizaÃ§Ã£o de bateria...
2025-12-04 06:35:52.687 12304-12342 WorkPolicyManager       com.cdccreditsmart.app               I     â„¹ï¸ UsuÃ¡rio precisa conceder manualmente em Settings
2025-12-04 06:35:52.687 12304-12342 WorkPolicyManager       com.cdccreditsmart.app               I     âœ… Foreground Service configurado via CdcForegroundService
2025-12-04 06:35:52.687 12304-12342 WorkPolicyManager       com.cdccreditsmart.app               I     âœ… WorkManager health check agendado
2025-12-04 06:35:52.687 12304-12342 WorkPolicyManager       com.cdccreditsmart.app               I  
2025-12-04 06:35:52.687 12304-12342 WorkPolicyManager       com.cdccreditsmart.app               I  ğŸ”” [3/4] MONITORAMENTO
2025-12-04 06:35:52.687 12304-12342 WorkPolicyManager       com.cdccreditsmart.app               I  â”€â”€â”€â”€â”€â”€â”€â”€â”€â”€â”€â”€â”€â”€â”€â”€â”€â”€â”€â”€â”€â”€â”€â”€â”€â”€â”€â”€â”€â”€â”€â”€â”€â”€â”€â”€â”€â”€â”€â”€â”€â”€â”€â”€â”€â”€â”€â”€â”€â”€â”€â”€â”€â”€â”€â”€â”€â”€â”€â”€â”€â”€â”€
2025-12-04 06:35:52.687 12304-12342 WorkPolicyManager       com.cdccreditsmart.app               I     âœ… Monitor de desinstalaÃ§Ã£o registrado via broadcast
2025-12-04 06:35:52.687 12304-12342 WorkPolicyManager       com.cdccreditsmart.app               I     âœ… Monitor de pacotes registrado
2025-12-04 06:35:52.687 12304-12342 WorkPolicyManager       com.cdccreditsmart.app               I  
2025-12-04 06:35:52.687 12304-12342 WorkPolicyManager       com.cdccreditsmart.app               I  âš¡ [4/4] PROTEÃ‡Ã•ES ALTERNATIVAS
2025-12-04 06:35:52.687 12304-12342 WorkPolicyManager       com.cdccreditsmart.app               I  â”€â”€â”€â”€â”€â”€â”€â”€â”€â”€â”€â”€â”€â”€â”€â”€â”€â”€â”€â”€â”€â”€â”€â”€â”€â”€â”€â”€â”€â”€â”€â”€â”€â”€â”€â”€â”€â”€â”€â”€â”€â”€â”€â”€â”€â”€â”€â”€â”€â”€â”€â”€â”€â”€â”€â”€â”€â”€â”€â”€â”€â”€â”€
2025-12-04 06:35:52.691 12304-12342 WorkPolicyManager       com.cdccreditsmart.app               I     âœ… Device Admin ativo e funcionando
2025-12-04 06:35:52.698 12304-12343 WorkPolicyManager       com.cdccreditsmart.app               I  ğŸ“‹ STATUS DO DISPOSITIVO:
2025-12-04 06:35:52.699 12304-12343 WorkPolicyManager       com.cdccreditsmart.app               I     Device Owner: âŒ NÃƒO
2025-12-04 06:35:52.699 12304-12343 WorkPolicyManager       com.cdccreditsmart.app               I     Device Admin: âœ… SIM
2025-12-04 06:35:52.699 12304-12343 WorkPolicyManager       com.cdccreditsmart.app               I  
2025-12-04 06:35:52.699 12304-12343 WorkPolicyManager       com.cdccreditsmart.app               I  â•â•â•â•â•â•â•â•â•â•â•â•â•â•â•â•â•â•â•â•â•â•â•â•â•â•â•â•â•â•â•â•â•â•â•â•â•â•â•â•â•â•â•â•â•â•â•â•â•â•â•â•â•â•â•â•â•â•â•â•â•â•â•
2025-12-04 06:35:52.699 12304-12343 WorkPolicyManager       com.cdccreditsmart.app               I  ğŸ›¡ï¸ MODO DEVICE ADMIN - PROTEÃ‡ÃƒO PARCIAL
2025-12-04 06:35:52.699 12304-12343 WorkPolicyManager       com.cdccreditsmart.app               I  â•â•â•â•â•â•â•â•â•â•â•â•â•â•â•â•â•â•â•â•â•â•â•â•â•â•â•â•â•â•â•â•â•â•â•â•â•â•â•â•â•â•â•â•â•â•â•â•â•â•â•â•â•â•â•â•â•â•â•â•â•â•â•
2025-12-04 06:35:52.699 12304-12343 WorkPolicyManager       com.cdccreditsmart.app               I  
2025-12-04 06:35:52.699 12304-12343 WorkPolicyManager       com.cdccreditsmart.app               W  âš ï¸ LIMITAÃ‡Ã•ES DO DEVICE ADMIN:
2025-12-04 06:35:52.699 12304-12343 WorkPolicyManager       com.cdccreditsmart.app               W     â€¢ NÃ£o pode bloquear desinstalaÃ§Ã£o completamente
2025-12-04 06:35:52.699 12304-12343 WorkPolicyManager       com.cdccreditsmart.app               W     â€¢ NÃ£o pode bloquear Factory Reset via Settings
2025-12-04 06:35:52.699 12304-12343 WorkPolicyManager       com.cdccreditsmart.app               W     â€¢ NÃ£o pode desativar controles do usuÃ¡rio
2025-12-04 06:35:52.699 12304-12343 WorkPolicyManager       com.cdccreditsmart.app               W     â€¢ ProteÃ§Ãµes limitadas Ã s APIs de Device Admin
2025-12-04 06:35:52.699 12304-12343 WorkPolicyManager       com.cdccreditsmart.app               I  
2025-12-04 06:35:52.699 12304-12343 WorkPolicyManager       com.cdccreditsmart.app               I  ğŸ” [1/4] POLÃTICAS DE SENHA
2025-12-04 06:35:52.699 12304-12343 WorkPolicyManager       com.cdccreditsmart.app               I  â”€â”€â”€â”€â”€â”€â”€â”€â”€â”€â”€â”€â”€â”€â”€â”€â”€â”€â”€â”€â”€â”€â”€â”€â”€â”€â”€â”€â”€â”€â”€â”€â”€â”€â”€â”€â”€â”€â”€â”€â”€â”€â”€â”€â”€â”€â”€â”€â”€â”€â”€â”€â”€â”€â”€â”€â”€â”€â”€â”€â”€â”€â”€
2025-12-04 06:35:52.699 12304-12343 WorkPolicyManager       com.cdccreditsmart.app               I     âœ… PolÃ­ticas de senha configuradas (Device Admin)
2025-12-04 06:35:52.699 12304-12343 WorkPolicyManager       com.cdccreditsmart.app               I  
2025-12-04 06:35:52.699 12304-12343 WorkPolicyManager       com.cdccreditsmart.app               I  ğŸ“± [2/4] PROTEÃ‡Ã•ES DE PERSISTÃŠNCIA
2025-12-04 06:35:52.699 12304-12343 WorkPolicyManager       com.cdccreditsmart.app               I  â”€â”€â”€â”€â”€â”€â”€â”€â”€â”€â”€â”€â”€â”€â”€â”€â”€â”€â”€â”€â”€â”€â”€â”€â”€â”€â”€â”€â”€â”€â”€â”€â”€â”€â”€â”€â”€â”€â”€â”€â”€â”€â”€â”€â”€â”€â”€â”€â”€â”€â”€â”€â”€â”€â”€â”€â”€â”€â”€â”€â”€â”€â”€
2025-12-04 06:35:52.705 12304-12343 WorkPolicyManager       com.cdccreditsmart.app               I     â„¹ï¸ Solicitando isenÃ§Ã£o de otimizaÃ§Ã£o de bateria...
2025-12-04 06:35:52.705 12304-12343 WorkPolicyManager       com.cdccreditsmart.app               I     â„¹ï¸ UsuÃ¡rio precisa conceder manualmente em Settings
2025-12-04 06:35:52.705 12304-12343 WorkPolicyManager       com.cdccreditsmart.app               I     âœ… Foreground Service configurado via CdcForegroundService
2025-12-04 06:35:52.705 12304-12343 WorkPolicyManager       com.cdccreditsmart.app               I     âœ… WorkManager health check agendado
2025-12-04 06:35:52.705 12304-12343 WorkPolicyManager       com.cdccreditsmart.app               I  
2025-12-04 06:35:52.705 12304-12343 WorkPolicyManager       com.cdccreditsmart.app               I  ğŸ”” [3/4] MONITORAMENTO
2025-12-04 06:35:52.705 12304-12343 WorkPolicyManager       com.cdccreditsmart.app               I  â”€â”€â”€â”€â”€â”€â”€â”€â”€â”€â”€â”€â”€â”€â”€â”€â”€â”€â”€â”€â”€â”€â”€â”€â”€â”€â”€â”€â”€â”€â”€â”€â”€â”€â”€â”€â”€â”€â”€â”€â”€â”€â”€â”€â”€â”€â”€â”€â”€â”€â”€â”€â”€â”€â”€â”€â”€â”€â”€â”€â”€â”€â”€
2025-12-04 06:35:52.705 12304-12343 WorkPolicyManager       com.cdccreditsmart.app               I     âœ… Monitor de desinstalaÃ§Ã£o registrado via broadcast
2025-12-04 06:35:52.705 12304-12343 WorkPolicyManager       com.cdccreditsmart.app               I     âœ… Monitor de pacotes registrado
2025-12-04 06:35:52.705 12304-12343 WorkPolicyManager       com.cdccreditsmart.app               I  
2025-12-04 06:35:52.705 12304-12343 WorkPolicyManager       com.cdccreditsmart.app               I  âš¡ [4/4] PROTEÃ‡Ã•ES ALTERNATIVAS
2025-12-04 06:35:52.705 12304-12343 WorkPolicyManager       com.cdccreditsmart.app               I  â”€â”€â”€â”€â”€â”€â”€â”€â”€â”€â”€â”€â”€â”€â”€â”€â”€â”€â”€â”€â”€â”€â”€â”€â”€â”€â”€â”€â”€â”€â”€â”€â”€â”€â”€â”€â”€â”€â”€â”€â”€â”€â”€â”€â”€â”€â”€â”€â”€â”€â”€â”€â”€â”€â”€â”€â”€â”€â”€â”€â”€â”€â”€
2025-12-04 06:35:52.707 12304-12343 WorkPolicyManager       com.cdccreditsmart.app               I     âœ… Device Admin ativo e funcionando
2025-12-04 06:35:52.717 12304-12342 WorkPolicyManager       com.cdccreditsmart.app               I  
2025-12-04 06:35:52.722 12304-12343 WorkPolicyManager       com.cdccreditsmart.app               I  
2025-12-04 06:35:52.722 12304-12343 WorkPolicyManager       com.cdccreditsmart.app               I  â•”â•â•â•â•â•â•â•â•â•â•â•â•â•â•â•â•â•â•â•â•â•â•â•â•â•â•â•â•â•â•â•â•â•â•â•â•â•â•â•â•â•â•â•â•â•â•â•â•â•â•â•â•â•â•â•â•â•â•â•â•â•â•â•â•â•—
2025-12-04 06:35:52.722 12304-12343 WorkPolicyManager       com.cdccreditsmart.app               I  â•‘  ğŸ“Š RESUMO DAS POLÃTICAS DE TRABALHO                           â•‘
2025-12-04 06:35:52.722 12304-12343 WorkPolicyManager       com.cdccreditsmart.app               I  â• â•â•â•â•â•â•â•â•â•â•â•â•â•â•â•â•â•â•â•â•â•â•â•â•â•â•â•â•â•â•â•â•â•â•â•â•â•â•â•â•â•â•â•â•â•â•â•â•â•â•â•â•â•â•â•â•â•â•â•â•â•â•â•â•â•£
2025-12-04 06:35:52.722 12304-12343 WorkPolicyManager       com.cdccreditsmart.app               I  â•‘  ğŸ” NÃ­vel de proteÃ§Ã£o: DEVICE ADMIN
2025-12-04 06:35:52.722 12304-12342 WorkPolicyManager       com.cdccreditsmart.app               I  â•”â•â•â•â•â•â•â•â•â•â•â•â•â•â•â•â•â•â•â•â•â•â•â•â•â•â•â•â•â•â•â•â•â•â•â•â•â•â•â•â•â•â•â•â•â•â•â•â•â•â•â•â•â•â•â•â•â•â•â•â•â•â•â•â•â•—
2025-12-04 06:35:52.722 12304-12342 WorkPolicyManager       com.cdccreditsmart.app               I  â•‘  ğŸ“Š RESUMO DAS POLÃTICAS DE TRABALHO                           â•‘
2025-12-04 06:35:52.723 12304-12342 WorkPolicyManager       com.cdccreditsmart.app               I  â• â•â•â•â•â•â•â•â•â•â•â•â•â•â•â•â•â•â•â•â•â•â•â•â•â•â•â•â•â•â•â•â•â•â•â•â•â•â•â•â•â•â•â•â•â•â•â•â•â•â•â•â•â•â•â•â•â•â•â•â•â•â•â•â•â•£
2025-12-04 06:35:52.723 12304-12342 WorkPolicyManager       com.cdccreditsmart.app               I  â•‘  ğŸ” NÃ­vel de proteÃ§Ã£o: DEVICE ADMIN
2025-12-04 06:35:52.723 12304-12342 WorkPolicyManager       com.cdccreditsmart.app               I  â•‘  ğŸ“‹ PolÃ­ticas aplicadas: 7
2025-12-04 06:35:52.723 12304-12342 WorkPolicyManager       com.cdccreditsmart.app               I  â• â•â•â•â•â•â•â•â•â•â•â•â•â•â•â•â•â•â•â•â•â•â•â•â•â•â•â•â•â•â•â•â•â•â•â•â•â•â•â•â•â•â•â•â•â•â•â•â•â•â•â•â•â•â•â•â•â•â•â•â•â•â•â•â•â•£
2025-12-04 06:35:52.723 12304-12342 WorkPolicyManager       com.cdccreditsmart.app               I  â•‘  âœ… PROTEÃ‡Ã•ES ATIVAS:
2025-12-04 06:35:52.723 12304-12342 WorkPolicyManager       com.cdccreditsmart.app               I  â•‘     âœ… PolÃ­ticas de senha configuradas
2025-12-04 06:35:52.723 12304-12342 WorkPolicyManager       com.cdccreditsmart.app               I  â•‘     âœ… IsenÃ§Ã£o de otimizaÃ§Ã£o de bateria
