2025-12-08 07:19:05.273  8368-8438  okhttp.OkHttpClient     com.cdccreditsmart.app               I  permissions-policy: geolocation=(), microphone=(), camera=()
2025-12-08 07:19:05.273  8368-8438  okhttp.OkHttpClient     com.cdccreditsmart.app               I  referrer-policy: strict-origin-when-cross-origin
2025-12-08 07:19:05.273  8368-8438  okhttp.OkHttpClient     com.cdccreditsmart.app               I  strict-transport-security: max-age=63072000; includeSubDomains
2025-12-08 07:19:05.273  8368-8438  okhttp.OkHttpClient     com.cdccreditsmart.app               I  strict-transport-security: max-age=31536000; includeSubDomains
2025-12-08 07:19:05.273  8368-8438  okhttp.OkHttpClient     com.cdccreditsmart.app               I  x-anti-fraud-protection: active
2025-12-08 07:19:05.273  8368-8438  okhttp.OkHttpClient     com.cdccreditsmart.app               I  x-certificate-pinning-enabled: false
2025-12-08 07:19:05.274  8368-8438  okhttp.OkHttpClient     com.cdccreditsmart.app               I  x-certificate-pinning-status: disabled-for-stability
2025-12-08 07:19:05.274  8368-8438  okhttp.OkHttpClient     com.cdccreditsmart.app               I  x-content-type-options: nosniff
2025-12-08 07:19:05.274  8368-8438  okhttp.OkHttpClient     com.cdccreditsmart.app               I  x-financial-data-protection: enabled
2025-12-08 07:19:05.274  8368-8438  okhttp.OkHttpClient     com.cdccreditsmart.app               I  x-frame-options: DENY
2025-12-08 07:19:05.274  8368-8438  okhttp.OkHttpClient     com.cdccreditsmart.app               I  x-transaction-security-level: maximum
2025-12-08 07:19:05.274  8368-8438  okhttp.OkHttpClient     com.cdccreditsmart.app               I  x-xss-protection: 1; mode=block
2025-12-08 07:19:05.274  8368-8438  okhttp.OkHttpClient     com.cdccreditsmart.app               I  via: 1.1 google
2025-12-08 07:19:05.274  8368-8438  okhttp.OkHttpClient     com.cdccreditsmart.app               I  alt-svc: h3=":443"; ma=2592000,h3-29=":443"; ma=2592000
2025-12-08 07:19:05.275  8368-8438  okhttp.OkHttpClient     com.cdccreditsmart.app               I  {"success":true,"message":"Resposta do comando registrada"}
2025-12-08 07:19:05.275  8368-8438  okhttp.OkHttpClient     com.cdccreditsmart.app               I  <-- END HTTP (59-byte body)
2025-12-08 07:19:05.276  8368-8406  MdmCommandReceiver      com.cdccreditsmart.app               I  âœ… Response enviado via fallback para comando e362f326-ebd0-429c-b512-3091cf2573eb: failed
2025-12-08 07:19:05.276  8368-8406  MdmCommandReceiver      com.cdccreditsmart.app               I  ðŸ“‹ ========================================
2025-12-08 07:19:05.276  8368-8406  MdmCommandReceiver      com.cdccreditsmart.app               D  ðŸ“Š Fetch duration: 2052ms
2025-12-08 07:19:14.587  8368-8406  MdmCommandReceiver      com.cdccreditsmart.app               D  ðŸ’“ Ping JSON enviado (timestamp: 1765189154587)
2025-12-08 07:19:14.789  8368-8451  MdmCommandReceiver      com.cdccreditsmart.app               D  ðŸ“¥ Mensagem MDM recebida: {"type":"pong","timestamp":"2025-12-08T10:19:15.001Z"}
2025-12-08 07:19:14.790  8368-8406  MdmCommandReceiver      com.cdccreditsmart.app               D  ðŸ“¥ JSON recebido: {"type":"pong","timestamp":"2025-12-08T10:19:15.001Z"}
2025-12-08 07:19:14.791  8368-8406  MdmCommandReceiver      com.cdccreditsmart.app               D  ðŸ“¨ Tipo de mensagem: pong
2025-12-08 07:19:14.791  8368-8406  MdmCommandReceiver      com.cdccreditsmart.app               D  ðŸ’“ Pong recebido (latency: N/A)
2025-12-08 07:19:18.054  8368-8406  MdmCommandReceiver      com.cdccreditsmart.app               D  ðŸ’“ Ping JSON enviado (timestamp: 1765189158053)
2025-12-08 07:19:18.253  8368-8513  MdmCommandReceiver      com.cdccreditsmart.app               D  ðŸ“¥ Mensagem MDM recebida: {"type":"pong","timestamp":"2025-12-08T10:19:18.470Z"}
2025-12-08 07:19:18.255  8368-8406  MdmCommandReceiver      com.cdccreditsmart.app               D  ðŸ“¥ JSON recebido: {"type":"pong","timestamp":"2025-12-08T10:19:18.470Z"}
2025-12-08 07:19:18.256  8368-8406  MdmCommandReceiver      com.cdccreditsmart.app               D  ðŸ“¨ Tipo de mensagem: pong
2025-12-08 07:19:18.257  8368-8406  MdmCommandReceiver      com.cdccreditsmart.app               D  ðŸ’“ Pong recebido (latency: N/A)
2025-12-08 07:19:24.591  8368-8368  WebSocketManager        com.cdccreditsmart.app               D  Heartbeat ping sent
2025-12-08 07:19:24.795  8368-8444  WebSocketManager        com.cdccreditsmart.app               D  Message received: {"type":"pong","timestamp":"2025-12-08T10:19:25.007Z"}...
2025-12-08 07:19:24.796  8368-8444  WebSocketManager        com.cdccreditsmart.app               D  Received message type: pong
2025-12-08 07:19:24.796  8368-8444  WebSocketManager        com.cdccreditsmart.app               D  Pong received
2025-12-08 07:19:27.484  8368-8406  MdmCommandReceiver      com.cdccreditsmart.app               I  ðŸ” [Polling #4] Verificando comandos pendentes...
2025-12-08 07:19:27.486  8368-8406  SecureTokenStorage      com.cdccreditsmart.app               D  âš ï¸ Usando Serial Number para MDM (IMEI indisponÃ­vel): XV8W57...
2025-12-08 07:19:27.486  8368-8406  MdmCommandReceiver      com.cdccreditsmart.app               I  ðŸ” ========================================
2025-12-08 07:19:27.486  8368-8406  MdmCommandReceiver      com.cdccreditsmart.app               I  ðŸ” BUSCANDO COMANDOS PENDENTES
2025-12-08 07:19:27.486  8368-8406  MdmCommandReceiver      com.cdccreditsmart.app               I  ðŸ” ========================================
2025-12-08 07:19:27.486  8368-8406  MdmCommandReceiver      com.cdccreditsmart.app               I  ðŸ” Identifier: XV8W5766
2025-12-08 07:19:27.486  8368-8406  MdmCommandReceiver      com.cdccreditsmart.app               I  ðŸ” Endpoint: GET /api/apk/device/XV8W5766/commands
2025-12-08 07:19:27.486  8368-8406  MdmCommandReceiver      com.cdccreditsmart.app               D  ðŸ” Executando requisiÃ§Ã£o HTTP (timeout: 15s)...
2025-12-08 07:19:27.489  8368-8438  okhttp.OkHttpClient     com.cdccreditsmart.app               I  --> GET https://cdccreditsmart.com/api/apk/device/XV8W5766/commands
2025-12-08 07:19:27.489  8368-8438  okhttp.OkHttpClient     com.cdccreditsmart.app               I  --> END GET
2025-12-08 07:19:27.510  8368-8438  SecureTokenStorage      com.cdccreditsmart.app               D  EncryptedSharedPreferences initialized successfully
2025-12-08 07:19:28.103  8368-8438  okhttp.OkHttpClient     com.cdccreditsmart.app               I  <-- 200 https://cdccreditsmart.com/api/apk/device/XV8W5766/commands (613ms)
2025-12-08 07:19:28.103  8368-8438  okhttp.OkHttpClient     com.cdccreditsmart.app               I  access-control-allow-credentials: true
2025-12-08 07:19:28.103  8368-8438  okhttp.OkHttpClient     com.cdccreditsmart.app               I  access-control-allow-headers: Origin, X-Requested-With, Content-Type, Accept, Authorization, x-client-key, x-client-token, x-client-secret, cache-control
2025-12-08 07:19:28.103  8368-8438  okhttp.OkHttpClient     com.cdccreditsmart.app               I  access-control-allow-methods: GET, POST, PUT, PATCH, DELETE, OPTIONS
2025-12-08 07:19:28.104  8368-8438  okhttp.OkHttpClient     com.cdccreditsmart.app               I  access-control-allow-origin: *
2025-12-08 07:19:28.104  8368-8438  okhttp.OkHttpClient     com.cdccreditsmart.app               I  access-control-max-age: 86400
2025-12-08 07:19:28.104  8368-8438  okhttp.OkHttpClient     com.cdccreditsmart.app               I  content-length: 454
2025-12-08 07:19:28.104  8368-8438  okhttp.OkHttpClient     com.cdccreditsmart.app               I  content-security-policy: default-src 'self'; script-src 'self' 'unsafe-inline' 'unsafe-eval' https://replit.com; style-src 'self' 'unsafe-inline' https://replit.com; img-src 'self' data: https:; font-src 'self' data: https://replit.com; connect-src 'self';
2025-12-08 07:19:28.104  8368-8438  okhttp.OkHttpClient     com.cdccreditsmart.app               I  content-type: application/json; charset=utf-8
2025-12-08 07:19:28.104  8368-8438  okhttp.OkHttpClient     com.cdccreditsmart.app               I  date: Mon, 08 Dec 2025 10:19:28 GMT
2025-12-08 07:19:28.104  8368-8438  okhttp.OkHttpClient     com.cdccreditsmart.app               I  etag: W/"1c6-hrH3eAZVeDoEdZ8cs2G94on04qk"
2025-12-08 07:19:28.104  8368-8438  okhttp.OkHttpClient     com.cdccreditsmart.app               I  permissions-policy: geolocation=(), microphone=(), camera=()
2025-12-08 07:19:28.104  8368-8438  okhttp.OkHttpClient     com.cdccreditsmart.app               I  referrer-policy: strict-origin-when-cross-origin
2025-12-08 07:19:28.104  8368-8438  okhttp.OkHttpClient     com.cdccreditsmart.app               I  strict-transport-security: max-age=63072000; includeSubDomains
2025-12-08 07:19:28.105  8368-8438  okhttp.OkHttpClient     com.cdccreditsmart.app               I  strict-transport-security: max-age=31536000; includeSubDomains
2025-12-08 07:19:28.105  8368-8438  okhttp.OkHttpClient     com.cdccreditsmart.app               I  x-anti-fraud-protection: active
2025-12-08 07:19:28.105  8368-8438  okhttp.OkHttpClient     com.cdccreditsmart.app               I  x-certificate-pinning-enabled: false
2025-12-08 07:19:28.105  8368-8438  okhttp.OkHttpClient     com.cdccreditsmart.app               I  x-certificate-pinning-status: disabled-for-stability
2025-12-08 07:19:28.105  8368-8438  okhttp.OkHttpClient     com.cdccreditsmart.app               I  x-content-type-options: nosniff
2025-12-08 07:19:28.105  8368-8438  okhttp.OkHttpClient     com.cdccreditsmart.app               I  x-financial-data-protection: enabled
2025-12-08 07:19:28.105  8368-8438  okhttp.OkHttpClient     com.cdccreditsmart.app               I  x-frame-options: DENY
2025-12-08 07:19:28.105  8368-8438  okhttp.OkHttpClient     com.cdccreditsmart.app               I  x-transaction-security-level: maximum
2025-12-08 07:19:28.105  8368-8438  okhttp.OkHttpClient     com.cdccreditsmart.app               I  x-xss-protection: 1; mode=block
2025-12-08 07:19:28.105  8368-8438  okhttp.OkHttpClient     com.cdccreditsmart.app               I  via: 1.1 google
2025-12-08 07:19:28.105  8368-8438  okhttp.OkHttpClient     com.cdccreditsmart.app               I  alt-svc: h3=":443"; ma=2592000,h3-29=":443"; ma=2592000
2025-12-08 07:19:28.106  8368-8438  okhttp.OkHttpClient     com.cdccreditsmart.app               I  {"deviceId":"device_1765148771462_4teww42p114","serialNumber":"XV8W5766","commandsCount":1,"commands":[{"id":"9b3574bb-40a7-4e14-a060-e3525df78c1c","commandType":"UNINSTALL_APP","parameters":{"reason":"Admin requested uninstall","requestedAt":"2025-12-08T10:19:07.343Z","requestedBy":"admin@admin.com","uninstallCodeValidated":true},"priority":"critical","status":"pending","createdAt":"2025-12-08T10:19:07.397Z","expiresAt":"2025-12-09T10:19:07.343Z"}]}
2025-12-08 07:19:28.106  8368-8438  okhttp.OkHttpClient     com.cdccreditsmart.app               I  <-- END HTTP (454-byte body)
2025-12-08 07:19:28.108  8368-8406  MdmCommandReceiver      com.cdccreditsmart.app               I  ðŸ” HTTP Response code: 200
2025-12-08 07:19:28.108  8368-8406  MdmCommandReceiver      com.cdccreditsmart.app               I  ðŸ” HTTP isSuccessful: true
2025-12-08 07:19:28.108  8368-8406  MdmCommandReceiver      com.cdccreditsmart.app               I  ðŸ” Response body deviceId: device_1765148771462_4teww42p114
2025-12-08 07:19:28.108  8368-8406  MdmCommandReceiver      com.cdccreditsmart.app               I  ðŸ” Response body serialNumber: XV8W5766
2025-12-08 07:19:28.108  8368-8406  MdmCommandReceiver      com.cdccreditsmart.app               I  ðŸ” Total de comandos: 1
2025-12-08 07:19:28.108  8368-8406  MdmCommandReceiver      com.cdccreditsmart.app               I  ðŸ“‹ ========================================
2025-12-08 07:19:28.108  8368-8406  MdmCommandReceiver      com.cdccreditsmart.app               I  ðŸ“‹ 1 COMANDOS PENDENTES ENCONTRADOS!
2025-12-08 07:19:28.108  8368-8406  MdmCommandReceiver      com.cdccreditsmart.app               I  ðŸ“‹ ========================================
2025-12-08 07:19:28.108  8368-8406  MdmCommandReceiver      com.cdccreditsmart.app               I  ðŸ“‹ [0] ID: 9b3574bb-40a7-4e14-a060-e3525df78c1c
2025-12-08 07:19:28.108  8368-8406  MdmCommandReceiver      com.cdccreditsmart.app               I  ðŸ“‹ [0] Tipo: UNINSTALL_APP
2025-12-08 07:19:28.108  8368-8406  MdmCommandReceiver      com.cdccreditsmart.app               I  ðŸ“‹ [0] Status: pending
2025-12-08 07:19:28.108  8368-8406  MdmCommandReceiver      com.cdccreditsmart.app               I  ðŸ“‹ [0] Prioridade: critical
2025-12-08 07:19:28.108  8368-8406  MdmCommandReceiver      com.cdccreditsmart.app               I  ðŸ“‹ [0] Parameters class: UninstallAppParameters
2025-12-08 07:19:28.108  8368-8406  MdmCommandReceiver      com.cdccreditsmart.app               I  ðŸ“‹ Processando comando (timeout: 60s)...
2025-12-08 07:19:28.108  8368-8406  MdmCommandReceiver      com.cdccreditsmart.app               I  âš™ï¸ Processando comando 9b3574bb-40a7-4e14-a060-e3525df78c1c (tipo: UNINSTALL_APP)
2025-12-08 07:19:28.109  8368-8406  CdcForegroundService    com.cdccreditsmart.app               D  ðŸ”‹ WakeLock adquirido para comando (30s timeout)
2025-12-08 07:19:28.109  8368-8406  MdmCommandReceiver      com.cdccreditsmart.app               D  ðŸ”‹ WakeLock adquirido para comando MDM 9b3574bb-40a7-4e14-a060-e3525df78c1c
2025-12-08 07:19:28.109  8368-8406  MdmCommandReceiver      com.cdccreditsmart.app               D  ðŸ“¡ Tentando ACK via NOVO endpoint: POST /api/apk/commands/9b3574bb-40a7-4e14-a060-e3525df78c1c/ack
2025-12-08 07:19:28.111  8368-8438  okhttp.OkHttpClient     com.cdccreditsmart.app               I  --> POST https://cdccreditsmart.com/api/apk/commands/9b3574bb-40a7-4e14-a060-e3525df78c1c/ack
2025-12-08 07:19:28.111  8368-8438  okhttp.OkHttpClient     com.cdccreditsmart.app               I  Content-Type: application/json; charset=UTF-8
2025-12-08 07:19:28.111  8368-8438  okhttp.OkHttpClient     com.cdccreditsmart.app               I  Content-Length: 25
2025-12-08 07:19:28.111  8368-8438  okhttp.OkHttpClient     com.cdccreditsmart.app               I  Authorization: Bearer eyJhbGciOiJIUzI1NiIsInR5cCI6IkpXVCJ9.eyJkZXZpY2VJZCI6ImRldmljZV8xNzY1MTQ4NzcxNDYyXzR0ZXd3NDJwMTE0IiwiYXBrVG9rZW4iOiJYVjhXNTc2NiIsInR5cGUiOiJhcGsiLCJleHBpcmVzSW4iOiIyNGgiLCJpYXQiOjE3NjUxODg5ODMsImV4cCI6MTc2NTI3NTM4M30.muLfUOtUV3uQb4dj2-L5ojkEN6Jt4v2gQtGjUtDe1-Y
2025-12-08 07:19:28.111  8368-8438  okhttp.OkHttpClient     com.cdccreditsmart.app               I  {"status":"acknowledged"}
2025-12-08 07:19:28.112  8368-8438  okhttp.OkHttpClient     com.cdccreditsmart.app               I  --> END POST (25-byte body)
2025-12-08 07:19:28.128  8368-8438  SecureTokenStorage      com.cdccreditsmart.app               D  EncryptedSharedPreferences initialized successfully
2025-12-08 07:19:28.430  8368-8438  okhttp.OkHttpClient     com.cdccreditsmart.app               I  <-- 404 https://cdccreditsmart.com/api/apk/commands/9b3574bb-40a7-4e14-a060-e3525df78c1c/ack (317ms)
2025-12-08 07:19:28.430  8368-8438  okhttp.OkHttpClient     com.cdccreditsmart.app               I  access-control-allow-credentials: true
2025-12-08 07:19:28.430  8368-8438  okhttp.OkHttpClient     com.cdccreditsmart.app               I  access-control-allow-headers: Origin, X-Requested-With, Content-Type, Accept, Authorization, x-client-key, x-client-token, x-client-secret, cache-control
2025-12-08 07:19:28.430  8368-8438  okhttp.OkHttpClient     com.cdccreditsmart.app               I  access-control-allow-methods: GET, POST, PUT, PATCH, DELETE, OPTIONS
2025-12-08 07:19:28.430  8368-8438  okhttp.OkHttpClient     com.cdccreditsmart.app               I  access-control-allow-origin: *
2025-12-08 07:19:28.430  8368-8438  okhttp.OkHttpClient     com.cdccreditsmart.app               I  access-control-max-age: 86400
2025-12-08 07:19:28.430  8368-8438  okhttp.OkHttpClient     com.cdccreditsmart.app               I  content-length: 497
2025-12-08 07:19:28.430  8368-8438  okhttp.OkHttpClient     com.cdccreditsmart.app               I  content-security-policy: default-src 'self'; script-src 'self' 'unsafe-inline' 'unsafe-eval' https://replit.com; style-src 'self' 'unsafe-inline' https://replit.com; img-src 'self' data: https:; font-src 'self' data: https://replit.com; connect-src 'self';
2025-12-08 07:19:28.430  8368-8438  okhttp.OkHttpClient     com.cdccreditsmart.app               I  content-type: application/json; charset=utf-8
2025-12-08 07:19:28.430  8368-8438  okhttp.OkHttpClient     com.cdccreditsmart.app               I  date: Mon, 08 Dec 2025 10:19:28 GMT
2025-12-08 07:19:28.430  8368-8438  okhttp.OkHttpClient     com.cdccreditsmart.app               I  etag: W/"1f1-9xE6tgtHKw23ldEM+NMQYPcThUc"
2025-12-08 07:19:28.431  8368-8438  okhttp.OkHttpClient     com.cdccreditsmart.app               I  permissions-policy: geolocation=(), microphone=(), camera=()
2025-12-08 07:19:28.431  8368-8438  okhttp.OkHttpClient     com.cdccreditsmart.app               I  referrer-policy: strict-origin-when-cross-origin
2025-12-08 07:19:28.431  8368-8438  okhttp.OkHttpClient     com.cdccreditsmart.app               I  strict-transport-security: max-age=63072000; includeSubDomains
2025-12-08 07:19:28.431  8368-8438  okhttp.OkHttpClient     com.cdccreditsmart.app               I  strict-transport-security: max-age=31536000; includeSubDomains
2025-12-08 07:19:28.432  8368-8438  okhttp.OkHttpClient     com.cdccreditsmart.app               I  x-anti-fraud-protection: active
2025-12-08 07:19:28.432  8368-8438  okhttp.OkHttpClient     com.cdccreditsmart.app               I  x-certificate-pinning-enabled: false
2025-12-08 07:19:28.432  8368-8438  okhttp.OkHttpClient     com.cdccreditsmart.app               I  x-certificate-pinning-status: disabled-for-stability
2025-12-08 07:19:28.432  8368-8438  okhttp.OkHttpClient     com.cdccreditsmart.app               I  x-content-type-options: nosniff
2025-12-08 07:19:28.432  8368-8438  okhttp.OkHttpClient     com.cdccreditsmart.app               I  x-financial-data-protection: enabled
2025-12-08 07:19:28.432  8368-8438  okhttp.OkHttpClient     com.cdccreditsmart.app               I  x-frame-options: DENY
2025-12-08 07:19:28.432  8368-8438  okhttp.OkHttpClient     com.cdccreditsmart.app               I  x-transaction-security-level: maximum
2025-12-08 07:19:28.432  8368-8438  okhttp.OkHttpClient     com.cdccreditsmart.app               I  x-xss-protection: 1; mode=block
2025-12-08 07:19:28.432  8368-8438  okhttp.OkHttpClient     com.cdccreditsmart.app               I  via: 1.1 google
2025-12-08 07:19:28.433  8368-8438  okhttp.OkHttpClient     com.cdccreditsmart.app               I  alt-svc: h3=":443"; ma=2592000,h3-29=":443"; ma=2592000
2025-12-08 07:19:28.433  8368-8438  okhttp.OkHttpClient     com.cdccreditsmart.app               I  {"error":"API endpoint not found","message":"Rota APK nÃ£o encontrada","path":"/","method":"POST","timestamp":"2025-12-08T10:19:28.645Z","available_endpoints":["GET /api/apk/device/{serial}/status","POST /api/apk/device/{fingerprint}/sync","POST /api/apk/device/{fingerprint}/register-info","POST /api/apk/auth","GET /api/apk/device/{identifier}/commands","POST /api/apk/device/commands/{commandId}/status","POST /api/apk/device/{identifier}/command-response","GET /api/apk/device/commands/test"]}
2025-12-08 07:19:28.434  8368-8438  okhttp.OkHttpClient     com.cdccreditsmart.app               I  <-- END HTTP (497-byte body)
2025-12-08 07:19:28.434  8368-8406  MdmCommandReceiver      com.cdccreditsmart.app               W  âš ï¸ NOVO endpoint falhou (HTTP 404), tentando fallback...
2025-12-08 07:19:28.435  8368-8406  SecureTokenStorage      com.cdccreditsmart.app               D  âš ï¸ Usando Serial Number para MDM (IMEI indisponÃ­vel): XV8W57...
2025-12-08 07:19:28.435  8368-8406  MdmCommandReceiver      com.cdccreditsmart.app               D  ðŸ“¡ Fallback: Usando endpoint legado: POST /api/apk/device/XV8W5766/command-response
2025-12-08 07:19:28.436  8368-8438  okhttp.OkHttpClient     com.cdccreditsmart.app               I  --> POST https://cdccreditsmart.com/api/apk/device/XV8W5766/command-response
2025-12-08 07:19:28.436  8368-8438  okhttp.OkHttpClient     com.cdccreditsmart.app               I  Content-Type: application/json; charset=UTF-8
2025-12-08 07:19:28.436  8368-8438  okhttp.OkHttpClient     com.cdccreditsmart.app               I  Content-Length: 76
2025-12-08 07:19:28.436  8368-8438  okhttp.OkHttpClient     com.cdccreditsmart.app               I  {"commandId":"9b3574bb-40a7-4e14-a060-e3525df78c1c","status":"acknowledged"}
2025-12-08 07:19:28.437  8368-8438  okhttp.OkHttpClient     com.cdccreditsmart.app               I  --> END POST (76-byte body)
2025-12-08 07:19:28.452  8368-8438  SecureTokenStorage      com.cdccreditsmart.app               D  EncryptedSharedPreferences initialized successfully
2025-12-08 07:19:28.950  8368-8438  okhttp.OkHttpClient     com.cdccreditsmart.app               I  <-- 200 https://cdccreditsmart.com/api/apk/device/XV8W5766/command-response (512ms)
2025-12-08 07:19:28.950  8368-8438  okhttp.OkHttpClient     com.cdccreditsmart.app               I  access-control-allow-credentials: true
2025-12-08 07:19:28.950  8368-8438  okhttp.OkHttpClient     com.cdccreditsmart.app               I  access-control-allow-headers: Origin, X-Requested-With, Content-Type, Accept, Authorization, x-client-key, x-client-token, x-client-secret, cache-control
2025-12-08 07:19:28.950  8368-8438  okhttp.OkHttpClient     com.cdccreditsmart.app               I  access-control-allow-methods: GET, POST, PUT, PATCH, DELETE, OPTIONS
2025-12-08 07:19:28.950  8368-8438  okhttp.OkHttpClient     com.cdccreditsmart.app               I  access-control-allow-origin: *
2025-12-08 07:19:28.950  8368-8438  okhttp.OkHttpClient     com.cdccreditsmart.app               I  access-control-max-age: 86400
2025-12-08 07:19:28.950  8368-8438  okhttp.OkHttpClient     com.cdccreditsmart.app               I  content-length: 59
2025-12-08 07:19:28.950  8368-8438  okhttp.OkHttpClient     com.cdccreditsmart.app               I  content-security-policy: default-src 'self'; script-src 'self' 'unsafe-inline' 'unsafe-eval' https://replit.com; style-src 'self' 'unsafe-inline' https://replit.com; img-src 'self' data: https:; font-src 'self' data: https://replit.com; connect-src 'self';
2025-12-08 07:19:28.950  8368-8438  okhttp.OkHttpClient     com.cdccreditsmart.app               I  content-type: application/json; charset=utf-8
2025-12-08 07:19:28.950  8368-8438  okhttp.OkHttpClient     com.cdccreditsmart.app               I  date: Mon, 08 Dec 2025 10:19:29 GMT
2025-12-08 07:19:28.950  8368-8438  okhttp.OkHttpClient     com.cdccreditsmart.app               I  etag: W/"3b-9gCHwmPb8p6jYm5WExczQnIIdAU"
2025-12-08 07:19:28.950  8368-8438  okhttp.OkHttpClient     com.cdccreditsmart.app               I  permissions-policy: geolocation=(), microphone=(), camera=()
2025-12-08 07:19:28.950  8368-8438  okhttp.OkHttpClient     com.cdccreditsmart.app               I  referrer-policy: strict-origin-when-cross-origin
2025-12-08 07:19:28.951  8368-8438  okhttp.OkHttpClient     com.cdccreditsmart.app               I  strict-transport-security: max-age=63072000; includeSubDomains
2025-12-08 07:19:28.951  8368-8438  okhttp.OkHttpClient     com.cdccreditsmart.app               I  strict-transport-security: max-age=31536000; includeSubDomains
2025-12-08 07:19:28.951  8368-8438  okhttp.OkHttpClient     com.cdccreditsmart.app               I  x-anti-fraud-protection: active
2025-12-08 07:19:28.951  8368-8438  okhttp.OkHttpClient     com.cdccreditsmart.app               I  x-certificate-pinning-enabled: false
2025-12-08 07:19:28.951  8368-8438  okhttp.OkHttpClient     com.cdccreditsmart.app               I  x-certificate-pinning-status: disabled-for-stability
2025-12-08 07:19:28.951  8368-8438  okhttp.OkHttpClient     com.cdccreditsmart.app               I  x-content-type-options: nosniff
2025-12-08 07:19:28.951  8368-8438  okhttp.OkHttpClient     com.cdccreditsmart.app               I  x-financial-data-protection: enabled
2025-12-08 07:19:28.951  8368-8438  okhttp.OkHttpClient     com.cdccreditsmart.app               I  x-frame-options: DENY
2025-12-08 07:19:28.951  8368-8438  okhttp.OkHttpClient     com.cdccreditsmart.app               I  x-transaction-security-level: maximum
2025-12-08 07:19:28.951  8368-8438  okhttp.OkHttpClient     com.cdccreditsmart.app               I  x-xss-protection: 1; mode=block
2025-12-08 07:19:28.951  8368-8438  okhttp.OkHttpClient     com.cdccreditsmart.app               I  via: 1.1 google
2025-12-08 07:19:28.951  8368-8438  okhttp.OkHttpClient     com.cdccreditsmart.app               I  alt-svc: h3=":443"; ma=2592000,h3-29=":443"; ma=2592000
2025-12-08 07:19:28.951  8368-8438  okhttp.OkHttpClient     com.cdccreditsmart.app               I  {"success":true,"message":"Resposta do comando registrada"}
2025-12-08 07:19:28.952  8368-8438  okhttp.OkHttpClient     com.cdccreditsmart.app               I  <-- END HTTP (59-byte body)
2025-12-08 07:19:28.952  8368-8406  MdmCommandReceiver      com.cdccreditsmart.app               I  âœ… ACK enviado via fallback para comando 9b3574bb-40a7-4e14-a060-e3525df78c1c
2025-12-08 07:19:28.952  8368-8406  MdmCommandReceiver      com.cdccreditsmart.app               I  ðŸš¨ UNINSTALL_APP - Iniciando auto-destruiÃ§Ã£o
2025-12-08 07:19:28.952  8368-8406  MdmCommandReceiver      com.cdccreditsmart.app               I      Motivo: Admin requested uninstall
2025-12-08 07:19:28.952  8368-8406  MdmCommandReceiver      com.cdccreditsmart.app               I      Wipe data: true
2025-12-08 07:19:28.952  8368-8406  MdmCommandReceiver      com.cdccreditsmart.app               I      Confirmation code: ausente
2025-12-08 07:19:28.954  8368-8406  SelfDestructManager     com.cdccreditsmart.app               I  ========================================
2025-12-08 07:19:28.954  8368-8406  SelfDestructManager     com.cdccreditsmart.app               I  ðŸš¨ INICIANDO SEQUÃŠNCIA DE AUTO-DESTRUIÃ‡ÃƒO
2025-12-08 07:19:28.954  8368-8406  SelfDestructManager     com.cdccreditsmart.app               I  ========================================
2025-12-08 07:19:28.954  8368-8406  SelfDestructManager     com.cdccreditsmart.app               I  ðŸ“‹ Motivo: Admin requested uninstall
2025-12-08 07:19:28.954  8368-8406  SelfDestructManager     com.cdccreditsmart.app               I  ðŸ“‹ Wipe data: true
2025-12-08 07:19:28.954  8368-8406  SelfDestructManager     com.cdccreditsmart.app               I  ðŸ“‹ Confirmation code: ausente
2025-12-08 07:19:28.954  8368-8406  SelfDestructManager     com.cdccreditsmart.app               I  ðŸ‘‘ NÃ­vel de privilÃ©gio: NONE
2025-12-08 07:19:28.954  8368-8406  SelfDestructManager     com.cdccreditsmart.app               I  â¸ï¸ Pausando proteÃ§Ã£o do SettingsGuard...
2025-12-08 07:19:28.954  8368-8406  SettingsGuardService    com.cdccreditsmart.app               I  ðŸ—‘ï¸ Guard PAUSADO para desinstalaÃ§Ã£o voluntÃ¡ria
2025-12-08 07:19:28.954  8368-8406  SettingsGuardService    com.cdccreditsmart.app               I     ProteÃ§Ã£o desativada - usuÃ¡rio pode desinstalar
2025-12-08 07:19:28.954  8368-8406  SettingsGuardService    com.cdccreditsmart.app               I     Timeout: 120s para auto-recuperaÃ§Ã£o
2025-12-08 07:19:28.954  8368-8406  SelfDestructManager     com.cdccreditsmart.app               I  âœ… ProteÃ§Ã£o pausada - desinstalaÃ§Ã£o autorizada
2025-12-08 07:19:28.954  8368-8406  SelfDestructManager     com.cdccreditsmart.app               I  ðŸ” [1/11] Verificando autorizaÃ§Ã£o...
2025-12-08 07:19:28.954  8368-8406  SelfDestructManager     com.cdccreditsmart.app               I  âœ… [1/11] DesinstalaÃ§Ã£o autorizada pelo admin (validada no servidor)
2025-12-08 07:19:28.954  8368-8406  SelfDestructManager     com.cdccreditsmart.app               I  ðŸ“ [2/11] Registrando inÃ­cio da auto-destruiÃ§Ã£o...
2025-12-08 07:19:28.954  8368-8406  SelfDestructManager     com.cdccreditsmart.app               I  ðŸ“ AUDIT LOG: Self-destruct initiated
2025-12-08 07:19:28.954  8368-8406  SelfDestructManager     com.cdccreditsmart.app               I     Reason: Admin requested uninstall
2025-12-08 07:19:28.954  8368-8406  SelfDestructManager     com.cdccreditsmart.app               I     Timestamp: 1765189168954
2025-12-08 07:19:28.954  8368-8406  SelfDestructManager     com.cdccreditsmart.app               I     Package: com.cdccreditsmart.app
2025-12-08 07:19:28.954  8368-8406  SelfDestructManager     com.cdccreditsmart.app               I     Device: Google sdk_gphone64_x86_64
2025-12-08 07:19:28.954  8368-8406  SelfDestructManager     com.cdccreditsmart.app               I  âœ… [2/11] Log inicial registrado
2025-12-08 07:19:28.954  8368-8406  SelfDestructManager     com.cdccreditsmart.app               I  â¹ï¸ [3/11] Parando serviÃ§os de background...
2025-12-08 07:19:28.954  8368-8406  SelfDestructManager     com.cdccreditsmart.app               I  â¹ï¸ Parando serviÃ§os de background...
2025-12-08 07:19:28.957  8368-8406  SelfDestructManager     com.cdccreditsmart.app               I     âœ… CdcForegroundService parado
2025-12-08 07:19:28.957  8368-8368  CdcForegroundService    com.cdccreditsmart.app               W  âš ï¸ ServiÃ§o onDestroy() - limpando recursos e reiniciando automaticamente...
2025-12-08 07:19:28.957  8368-8368  CdcForegroundService    com.cdccreditsmart.app               I  ðŸ§¹ Iniciando cleanup seguro de todos os componentes...
2025-12-08 07:19:28.957  8368-8368  CdcForegroundService    com.cdccreditsmart.app               D  âœ… ScreenStateReceiver listener removido
2025-12-08 07:19:28.958  8368-8406  SelfDestructManager     com.cdccreditsmart.app               I     â„¹ï¸ SettingsGuardService nÃ£o estava rodando
2025-12-08 07:19:28.958  8368-8406  SelfDestructManager     com.cdccreditsmart.app               I     âœ… WorkManager jobs cancelados e limpos
2025-12-08 07:19:28.959  8368-8368  CdcForegroundService    com.cdccreditsmart.app               D  âœ… ScreenStateReceiver desregistrado
2025-12-08 07:19:28.959  8368-8368  HeartbeatWorker         com.cdccreditsmart.app               I  ðŸ›‘ Heartbeat cancelado
2025-12-08 07:19:28.959  8368-8368  CdcForegroundService    com.cdccreditsmart.app               D  âœ… HeartbeatWorker cancelado
2025-12-08 07:19:28.959  8368-8368  HeartbeatManager        com.cdccreditsmart.app               I  ðŸ›‘ Parando HeartbeatManager...
2025-12-08 07:19:28.959  8368-8368  HeartbeatManager        com.cdccreditsmart.app               I  âœ… HeartbeatManager parado
2025-12-08 07:19:28.959  8368-8368  CdcForegroundService    com.cdccreditsmart.app               D  âœ… HeartbeatManager parado
2025-12-08 07:19:28.959  8368-8368  MdmCommandReceiver      com.cdccreditsmart.app               I  ðŸ”Œ Desconectando MDM Command Receiver...
2025-12-08 07:19:28.960  8368-8368  MdmCommandReceiver      com.cdccreditsmart.app               I  ðŸ”Œ MDM Command Receiver desconectado
2025-12-08 07:19:28.960  8368-8368  CdcForegroundService    com.cdccreditsmart.app               D  âœ… MDM Receiver desconectado
2025-12-08 07:19:28.960  8368-8368  WebSocketManager        com.cdccreditsmart.app               D  Disconnecting WebSocket
2025-12-08 07:19:28.960  8368-8368  CdcForegroundService    com.cdccreditsmart.app               D  âœ… WebSocket desconectado
2025-12-08 07:19:28.961  8368-8368  CdcForegroundService    com.cdccreditsmart.app               D  âœ… BlockedAppInterceptor destruÃ­do
2025-12-08 07:19:28.961  8368-8368  SettingsGuardService    com.cdccreditsmart.app               I  ðŸ›‘ SettingsGuard PARADO
2025-12-08 07:19:28.961  8368-8368  CdcForegroundService    com.cdccreditsmart.app               D  âœ… SettingsGuard parado
2025-12-08 07:19:28.961  8368-8407  MdmCommandReceiver      com.cdccreditsmart.app               I  ðŸ›‘ Polling encerrado apÃ³s 3 iteraÃ§Ãµes
2025-12-08 07:19:28.963  8368-8368  CdcForegroundService    com.cdccreditsmart.app               D  ðŸ”‹ WakeLock liberado
2025-12-08 07:19:28.963  8368-8368  CdcForegroundService    com.cdccreditsmart.app               D  âœ… WakeLock liberado
2025-12-08 07:19:28.964  8368-8368  CdcForegroundService    com.cdccreditsmart.app               D  âœ… CoroutineScope cancelado
2025-12-08 07:19:28.965  8368-8368  CdcForegroundService    com.cdccreditsmart.app               D  âœ… Foreground notification removida
2025-12-08 07:19:28.965  8368-8368  CdcForegroundService    com.cdccreditsmart.app               I  âœ… Cleanup completo finalizado com sucesso
2025-12-08 07:19:28.965  8368-8406  SelfDestructManager     com.cdccreditsmart.app               I     âœ… 0 AlarmManager alarms cancelados
2025-12-08 07:19:28.965  8368-8406  SelfDestructManager     com.cdccreditsmart.app               I  â¹ï¸ ServiÃ§os de background: 2 parados, 0 falhas
2025-12-08 07:19:28.965  8368-8406  SelfDestructManager     com.cdccreditsmart.app               I  âœ… [3/11] ServiÃ§os de background parados
2025-12-08 07:19:28.965  8368-8406  SelfDestructManager     com.cdccreditsmart.app               I  ðŸ”“ [4/11] Removendo proteÃ§Ãµes avanÃ§adas...
2025-12-08 07:19:28.966  8368-8406  EnhancedProtections     com.cdccreditsmart.app               I  
2025-12-08 07:19:28.966  8368-8406  EnhancedProtections     com.cdccreditsmart.app               I  â•”â•â•â•â•â•â•â•â•â•â•â•â•â•â•â•â•â•â•â•â•â•â•â•â•â•â•â•â•â•â•â•â•â•â•â•â•â•â•â•â•â•â•â•â•â•â•â•â•â•â•â•â•â•â•â•â•â•â•â•â•â•â•â•â•â•—
2025-12-08 07:19:28.966  8368-8406  EnhancedProtections     com.cdccreditsmart.app               I  â•‘  ðŸš€ APLICANDO PROTEÃ‡Ã•ES AVANÃ‡ADAS CREDIT SMART                 â•‘
2025-12-08 07:19:28.966  8368-8406  EnhancedProtections     com.cdccreditsmart.app               I  â•šâ•â•â•â•â•â•â•â•â•â•â•â•â•â•â•â•â•â•â•â•â•â•â•â•â•â•â•â•â•â•â•â•â•â•â•â•â•â•â•â•â•â•â•â•â•â•â•â•â•â•â•â•â•â•â•â•â•â•â•â•â•â•â•â•â•
2025-12-08 07:19:28.966  8368-8406  EnhancedProtections     com.cdccreditsmart.app               I  
2025-12-08 07:19:28.966  8368-8368  CdcForegroundService    com.cdccreditsmart.app               I  âœ… Restart agendado via AlarmManager (1 segundo)
2025-12-08 07:19:28.966  8368-8406  EnhancedProtections     com.cdccreditsmart.app               E  âŒ App nÃ£o Ã© Device Owner - proteÃ§Ãµes nÃ£o podem ser aplicadas
2025-12-08 07:19:28.966  8368-8406  SelfDestructManager     com.cdccreditsmart.app               W  âš ï¸ [4/11] RemoÃ§Ã£o parcial de proteÃ§Ãµes avanÃ§adas: App nÃ£o Ã© Device Owner - proteÃ§Ãµes nÃ£o podem ser aplicadas
2025-12-08 07:19:28.966  8368-8406  SelfDestructManager     com.cdccreditsmart.app               I  ðŸ”“ [5/11] Removendo proteÃ§Ãµes do AppProtectionManager...
2025-12-08 07:19:28.966  8368-8406  AppProtectionManager    com.cdccreditsmart.app               I  
2025-12-08 07:19:28.966  8368-8406  AppProtectionManager    com.cdccreditsmart.app               I  â•”â•â•â•â•â•â•â•â•â•â•â•â•â•â•â•â•â•â•â•â•â•â•â•â•â•â•â•â•â•â•â•â•â•â•â•â•â•â•â•â•â•â•â•â•â•â•â•â•â•â•â•â•â•â•â•â•â•â•â•â•â•â•â•â•â•—
2025-12-08 07:19:28.966  8368-8406  AppProtectionManager    com.cdccreditsmart.app               I  â•‘                                                                â•‘
2025-12-08 07:19:28.966  8368-8406  AppProtectionManager    com.cdccreditsmart.app               I  â•‘   ðŸ”“ REMOVENDO TODAS AS PROTEÃ‡Ã•ES PARA AUTO-DESINSTALAÃ‡ÃƒO     â•‘
2025-12-08 07:19:28.967  8368-8406  AppProtectionManager    com.cdccreditsmart.app               I  â•‘                                                                â•‘
2025-12-08 07:19:28.967  8368-8406  AppProtectionManager    com.cdccreditsmart.app               I  â•šâ•â•â•â•â•â•â•â•â•â•â•â•â•â•â•â•â•â•â•â•â•â•â•â•â•â•â•â•â•â•â•â•â•â•â•â•â•â•â•â•â•â•â•â•â•â•â•â•â•â•â•â•â•â•â•â•â•â•â•â•â•â•â•â•â•
2025-12-08 07:19:28.967  8368-8406  AppProtectionManager    com.cdccreditsmart.app               I  
2025-12-08 07:19:28.968  8368-8406  AppProtectionManager    com.cdccreditsmart.app               W  âš ï¸ App nÃ£o Ã© Device Owner - proteÃ§Ãµes nÃ£o podem ser removidas
2025-12-08 07:19:28.969  8368-8406  SelfDestructManager     com.cdccreditsmart.app               I  â„¹ï¸ [5/11] App nÃ£o Ã© Device Owner - proteÃ§Ãµes DPM nÃ£o aplicadas, continuando...
2025-12-08 07:19:28.969  8368-8406  SelfDestructManager     com.cdccreditsmart.app               I  ðŸ”“ [6/11] Removendo bloqueio de desinstalaÃ§Ã£o...
2025-12-08 07:19:28.969  8368-8406  SelfDestructManager     com.cdccreditsmart.app               W  âš ï¸ App nÃ£o Ã© Device Owner - bloqueio nÃ£o pode ser removido
2025-12-08 07:19:28.969  8368-8406  SelfDestructManager     com.cdccreditsmart.app               I  â„¹ï¸ [6/11] NÃ£o Ã© Device Owner - bloqueio DPM nÃ£o aplicado
2025-12-08 07:19:28.969  8368-8406  SelfDestructManager     com.cdccreditsmart.app               I  ðŸ‘‘ [7/11] Removendo privilÃ©gios de Device Owner/Admin...
2025-12-08 07:19:28.969  8368-8406  SelfDestructManager     com.cdccreditsmart.app               I  âœ… [7/11] Sem privilÃ©gios especiais - nada a remover
2025-12-08 07:19:28.969  8368-8406  SelfDestructManager     com.cdccreditsmart.app               I  ðŸ”“ [8/11] Verificando e removendo Device Admin...
2025-12-08 07:19:28.969  8368-8406  SelfDestructManager     com.cdccreditsmart.app               I  âœ… [8/11] Sem privilÃ©gios - nada a remover
2025-12-08 07:19:28.969  8368-8406  SelfDestructManager     com.cdccreditsmart.app               I  ðŸ“¦ [9/11] Removendo APK do preload (factory reset recovery)...
2025-12-08 07:19:28.969  8368-8406  ApkPreloadManager       com.cdccreditsmart.app               I  ðŸ“± Fabricante genÃ©rico - usando caminhos AOSP
2025-12-08 07:19:28.970  8368-8406  SelfDestructManager     com.cdccreditsmart.app               I  âœ… [9/11] APK nÃ£o estava no preload - nada a remover
2025-12-08 07:19:28.970  8368-8406  SelfDestructManager     com.cdccreditsmart.app               I  ðŸ“¡ [10/11] Enviando telemetria final ao backend...
2025-12-08 07:19:28.970  8368-8406  SelfDestructManager     com.cdccreditsmart.app               I  ðŸ“Š Enviando telemetria final ao backend...
2025-12-08 07:19:28.984  8368-8406  SecureTokenStorage      com.cdccreditsmart.app               D  EncryptedSharedPreferences initialized successfully
2025-12-08 07:19:28.985  8368-8406  ContractCodeStorage     com.cdccreditsmart.app               D  Retrieving contract code from storage
2025-12-08 07:19:29.086  8368-8406  ContractCodeStorage     com.cdccreditsmart.app               D  Storage verification: 7 valid, 0 tampered, 0 missing
2025-12-08 07:19:29.086  8368-8406  ContractCodeStorage     com.cdccreditsmart.app               D  Contract code retrieved successfully
2025-12-08 07:19:29.094  8368-8438  okhttp.OkHttpClient     com.cdccreditsmart.app               I  --> POST https://cdccreditsmart.com/api/apk/device/telemetry
2025-12-08 07:19:29.094  8368-8438  okhttp.OkHttpClient     com.cdccreditsmart.app               I  Content-Type: application/json; charset=UTF-8
2025-12-08 07:19:29.094  8368-8438  okhttp.OkHttpClient     com.cdccreditsmart.app               I  Content-Length: 258
2025-12-08 07:19:29.095  8368-8438  okhttp.OkHttpClient     com.cdccreditsmart.app               I  {"event":"APP_UNINSTALL","reason":"Admin requested uninstall","timestamp":1765189168970,"deviceId":"device_1765148771462_4teww42p114","contractCode":"XV8W5766","manufacturer":"Google","model":"sdk_gphone64_x86_64","androidVersion":"16","isDeviceOwner":false}
2025-12-08 07:19:29.095  8368-8438  okhttp.OkHttpClient     com.cdccreditsmart.app               I  --> END POST (258-byte body)
2025-12-08 07:19:29.126  8368-8438  SecureTokenStorage      com.cdccreditsmart.app               D  EncryptedSharedPreferences initialized successfully
2025-12-08 07:19:29.166  8368-8513  MdmCommandReceiver      com.cdccreditsmart.app               W  âš ï¸ WebSocket MDM fechando (code=1000)
2025-12-08 07:19:29.166  8368-8514  WebSocketManager        com.cdccreditsmart.app               E  WebSocket failure: null (Ask Gemini)
                                                                                                    java.io.EOFException
                                                                                                    	at okio.RealBufferedSource.require(RealBufferedSource.kt:202)
                                                                                                    	at okio.RealBufferedSource.readByte(RealBufferedSource.kt:212)
                                                                                                    	at okhttp3.internal.ws.WebSocketReader.readHeader(WebSocketReader.kt:119)
                                                                                                    	at okhttp3.internal.ws.WebSocketReader.processNextFrame(WebSocketReader.kt:102)
                                                                                                    	at okhttp3.internal.ws.RealWebSocket.loopReader(RealWebSocket.kt:293)
                                                                                                    	at okhttp3.internal.ws.RealWebSocket$connect$1.onResponse(RealWebSocket.kt:195)
                                                                                                    	at okhttp3.internal.connection.RealCall$AsyncCall.run(RealCall.kt:519)
                                                                                                    	at java.util.concurrent.ThreadPoolExecutor.runWorker(ThreadPoolExecutor.java:1156)
                                                                                                    	at java.util.concurrent.ThreadPoolExecutor$Worker.run(ThreadPoolExecutor.java:651)
                                                                                                    	at java.lang.Thread.run(Thread.java:1119)
2025-12-08 07:19:29.166  8368-8514  CdcForegroundService    com.cdccreditsmart.app               E  âŒ Erro no WebSocket Flow: Connection failed: null
2025-12-08 07:19:29.166  8368-8513  MdmCommandReceiver      com.cdccreditsmart.app               W  ðŸ”Œ WebSocket MDM fechado (code=1000, reason=Disconnecting)
2025-12-08 07:19:29.167  8368-8406  MdmCommandReceiver      com.cdccreditsmart.app               I  ðŸ”„ ========================================
2025-12-08 07:19:29.167  8368-8406  MdmCommandReceiver      com.cdccreditsmart.app               I  ðŸ”„ AGENDANDO RECONEXÃƒO WEBSOCKET MDM
2025-12-08 07:19:29.167  8368-8406  MdmCommandReceiver      com.cdccreditsmart.app               I  ðŸ”„ ========================================
2025-12-08 07:19:29.167  8368-8406  MdmCommandReceiver      com.cdccreditsmart.app               I  ðŸ”„ Tentativa #1
2025-12-08 07:19:29.167  8368-8406  MdmCommandReceiver      com.cdccreditsmart.app               I  ðŸ”„ Delay: 2s (backoff exponencial)
2025-12-08 07:19:29.168  8368-8406  MdmCommandReceiver      com.cdccreditsmart.app               I  ðŸ”„ MÃ¡ximo delay: 120s
2025-12-08 07:19:29.168  8368-8406  MdmCommandReceiver      com.cdccreditsmart.app               I  ðŸ”„ ========================================
2025-12-08 07:19:29.601  8368-8438  okhttp.OkHttpClient     com.cdccreditsmart.app               I  <-- 200 https://cdccreditsmart.com/api/apk/device/telemetry (504ms)
2025-12-08 07:19:29.603  8368-8438  okhttp.OkHttpClient     com.cdccreditsmart.app               I  access-control-allow-credentials: true
2025-12-08 07:19:29.603  8368-8438  okhttp.OkHttpClient     com.cdccreditsmart.app               I  access-control-allow-headers: Origin, X-Requested-With, Content-Type, Accept, Authorization, x-client-key, x-client-token, x-client-secret, cache-control
2025-12-08 07:19:29.603  8368-8438  okhttp.OkHttpClient     com.cdccreditsmart.app               I  access-control-allow-methods: GET, POST, PUT, PATCH, DELETE, OPTIONS
2025-12-08 07:19:29.604  8368-8438  okhttp.OkHttpClient     com.cdccreditsmart.app               I  access-control-allow-origin: *
2025-12-08 07:19:29.604  8368-8438  okhttp.OkHttpClient     com.cdccreditsmart.app               I  access-control-max-age: 86400
2025-12-08 07:19:29.605  8368-8438  okhttp.OkHttpClient     com.cdccreditsmart.app               I  content-length: 119
2025-12-08 07:19:29.605  8368-8438  okhttp.OkHttpClient     com.cdccreditsmart.app               I  content-security-policy: default-src 'self'; script-src 'self' 'unsafe-inline' 'unsafe-eval' https://replit.com; style-src 'self' 'unsafe-inline' https://replit.com; img-src 'self' data: https:; font-src 'self' data: https://replit.com; connect-src 'self';
2025-12-08 07:19:29.605  8368-8438  okhttp.OkHttpClient     com.cdccreditsmart.app               I  content-type: application/json; charset=utf-8
2025-12-08 07:19:29.605  8368-8438  okhttp.OkHttpClient     com.cdccreditsmart.app               I  date: Mon, 08 Dec 2025 10:19:29 GMT
2025-12-08 07:19:29.606  8368-8438  okhttp.OkHttpClient     com.cdccreditsmart.app               I  etag: W/"77-yVpRiysLoGR5NG/lBLp1IedCfo4"
2025-12-08 07:19:29.606  8368-8438  okhttp.OkHttpClient     com.cdccreditsmart.app               I  permissions-policy: geolocation=(), microphone=(), camera=()
2025-12-08 07:19:29.606  8368-8438  okhttp.OkHttpClient     com.cdccreditsmart.app               I  referrer-policy: strict-origin-when-cross-origin
2025-12-08 07:19:29.606  8368-8438  okhttp.OkHttpClient     com.cdccreditsmart.app               I  strict-transport-security: max-age=63072000; includeSubDomains
2025-12-08 07:19:29.606  8368-8438  okhttp.OkHttpClient     com.cdccreditsmart.app               I  strict-transport-security: max-age=31536000; includeSubDomains
2025-12-08 07:19:29.606  8368-8438  okhttp.OkHttpClient     com.cdccreditsmart.app               I  x-anti-fraud-protection: active
2025-12-08 07:19:29.607  8368-8438  okhttp.OkHttpClient     com.cdccreditsmart.app               I  x-certificate-pinning-enabled: false
2025-12-08 07:19:29.607  8368-8438  okhttp.OkHttpClient     com.cdccreditsmart.app               I  x-certificate-pinning-status: disabled-for-stability
2025-12-08 07:19:29.607  8368-8438  okhttp.OkHttpClient     com.cdccreditsmart.app               I  x-content-type-options: nosniff
2025-12-08 07:19:29.607  8368-8438  okhttp.OkHttpClient     com.cdccreditsmart.app               I  x-financial-data-protection: enabled
2025-12-08 07:19:29.607  8368-8438  okhttp.OkHttpClient     com.cdccreditsmart.app               I  x-frame-options: DENY
2025-12-08 07:19:29.607  8368-8438  okhttp.OkHttpClient     com.cdccreditsmart.app               I  x-transaction-security-level: maximum
2025-12-08 07:19:29.608  8368-8438  okhttp.OkHttpClient     com.cdccreditsmart.app               I  x-xss-protection: 1; mode=block
2025-12-08 07:19:29.608  8368-8438  okhttp.OkHttpClient     com.cdccreditsmart.app               I  via: 1.1 google
2025-12-08 07:19:29.608  8368-8438  okhttp.OkHttpClient     com.cdccreditsmart.app               I  alt-svc: h3=":443"; ma=2592000,h3-29=":443"; ma=2592000
2025-12-08 07:19:29.608  8368-8438  okhttp.OkHttpClient     com.cdccreditsmart.app               I  {"success":true,"message":"Telemetria recebida com sucesso","acknowledged":true,"timestamp":"2025-12-08T10:19:29.810Z"}
2025-12-08 07:19:29.608  8368-8438  okhttp.OkHttpClient     com.cdccreditsmart.app               I  <-- END HTTP (119-byte body)
2025-12-08 07:19:29.609  8368-8406  SelfDestructManager     com.cdccreditsmart.app               I  âœ… Telemetria final enviada com sucesso
2025-12-08 07:19:29.609  8368-8406  SelfDestructManager     com.cdccreditsmart.app               I     Event: APP_UNINSTALL
2025-12-08 07:19:29.609  8368-8406  SelfDestructManager     com.cdccreditsmart.app               I     Reason: Admin requested uninstall
2025-12-08 07:19:29.609  8368-8406  SelfDestructManager     com.cdccreditsmart.app               I  âœ… [10/11] Telemetria final enviada
2025-12-08 07:19:29.609  8368-8406  SelfDestructManager     com.cdccreditsmart.app               I  ðŸ§¹ Limpando dados da aplicaÃ§Ã£o...
2025-12-08 07:19:29.609  8368-8406  SelfDestructManager     com.cdccreditsmart.app               I  ðŸ§¹ Limpando SharedPreferences...
2025-12-08 07:19:29.612  8368-8406  SelfDestructManager     com.cdccreditsmart.app               I  ðŸ§¹ Limpando cache...
2025-12-08 07:19:29.622  8368-8406  SelfDestructManager     com.cdccreditsmart.app               I  ðŸ§¹ Limpando arquivos internos...
2025-12-08 07:19:29.625  8368-8406  SelfDestructManager     com.cdccreditsmart.app               I  âœ… Dados limpos com sucesso
2025-12-08 07:19:29.625  8368-8406  SelfDestructManager     com.cdccreditsmart.app               I  âœ… Dados limpos com sucesso
2025-12-08 07:19:29.625  8368-8406  SelfDestructManager     com.cdccreditsmart.app               I  ðŸ—‘ï¸ [11/11] Solicitando desinstalaÃ§Ã£o do aplicativo...
2025-12-08 07:19:29.625  8368-8406  SelfDestructManager     com.cdccreditsmart.app               I  ðŸ—‘ï¸ Iniciando desinstalaÃ§Ã£o do pacote: com.cdccreditsmart.app
2025-12-08 07:19:29.625  8368-8406  SelfDestructManager     com.cdccreditsmart.app               I     âš ï¸ NOTA: Android nÃ£o permite auto-desinstalaÃ§Ã£o silenciosa
2025-12-08 07:19:29.625  8368-8406  SelfDestructManager     com.cdccreditsmart.app               I     âš ï¸ Uma confirmaÃ§Ã£o do usuÃ¡rio serÃ¡ exibida
2025-12-08 07:19:29.639  8368-8406  SelfDestructManager     com.cdccreditsmart.app               I  âœ… Intent de desinstalaÃ§Ã£o enviado
2025-12-08 07:19:29.639  8368-8406  SelfDestructManager     com.cdccreditsmart.app               I     â†’ Tela de confirmaÃ§Ã£o serÃ¡ exibida ao usuÃ¡rio
2025-12-08 07:19:29.639  8368-8406  SelfDestructManager     com.cdccreditsmart.app               I     â†’ UsuÃ¡rio deve clicar 'OK' ou 'Desinstalar' para concluir
