2025-12-09 12:42:27.746   662-21497 keystore2               pid-662                              I  system/security/keystore2/src/security_level.rs:241 - key.alias=None
2025-12-09 12:42:27.746   662-21497 keystore2               pid-662                              I  system/security/keystore2/src/security_level.rs:277 - with_try_import start
2025-12-09 12:42:27.746 14508-14775 agnh                    pid-14508                            W  (REDACTED) Can't format flag %s to integer.
2025-12-09 12:42:27.747   662-21497 keystore2               pid-662                              I  system/security/keystore2/src/security_level.rs:299 - with_try_import end
2025-12-09 12:42:27.747   662-21497 keystore2               pid-662                              I  system/security/keystore2/src/security_level.rs:333 - authorize_create start
2025-12-09 12:42:27.747 14508-14775 agnh                    pid-14508                            W  (REDACTED) Can't format flag %s to integer.
2025-12-09 12:42:27.747   662-21497 keystore2               pid-662                              I  system/security/keystore2/src/security_level.rs:344 - authorize_create end
2025-12-09 12:42:27.747   662-21497 keystore2               pid-662                              I  system/security/keystore2/src/security_level.rs:345 - unwrap_key_if_required start
2025-12-09 12:42:27.747   662-21497 keystore2               pid-662                              I  system/security/keystore2/src/security_level.rs:353 - unwrap_key_if_required end
2025-12-09 12:42:27.747   662-21497 keystore2               pid-662                              I  system/security/keystore2/src/security_level.rs:354 - upgrade_keyblob_if_required_with start
2025-12-09 12:42:27.747 14508-14775 agnh                    pid-14508                            W  (REDACTED) Can't format flag %s to integer.
2025-12-09 12:42:27.747   664-664   TlcKM                   pid-664                              D  TEE_Begin 5.0
2025-12-09 12:42:27.747   664-664   TlcKM                   pid-664                              D  purpose = 0x00000001
2025-12-09 12:42:27.747 14508-14775 agnh                    pid-14508                            W  (REDACTED) Can't format flag %s to integer.
2025-12-09 12:42:27.747 14508-14775 agnh                    pid-14508                            W  (REDACTED) Can't format flag %s to integer.
2025-12-09 12:42:27.747 14508-14775 agnh                    pid-14508                            W  (REDACTED) Can't format flag %s to integer.
2025-12-09 12:42:27.747 14508-14775 agnh                    pid-14508                            W  (REDACTED) Can't format flag %s to integer.
2025-12-09 12:42:27.748   664-664   TlcKM                   pid-664                              D  find_spare_operation_slot: allocate op 0xb58ed1bcfe845a2f to slot #0 (1 ops live)
2025-12-09 12:42:27.749  3213-3674  ndroid.systemui         pid-3213                             E  == MALI DEBUG ===eglp_winsys_populate_image_templates ==12288
2025-12-09 12:42:27.749   664-664   TlcKM                   pid-664                              D  TEE_Begin exiting with 0
2025-12-09 12:42:27.750   662-21497 keystore2               pid-662                              I  system/security/keystore2/src/security_level.rs:395 - upgrade_keyblob_if_required_with end
2025-12-09 12:42:27.750   662-21497 keystore2               pid-662                              I  system/security/keystore2/src/enforcements.rs:249 - finalize_create_authorization self.state=NoAuthRequired
2025-12-09 12:42:27.750   662-21497 keystore2               pid-662                              I  system/security/keystore2/src/security_level.rs:401 - operation_db.create_operation start
2025-12-09 12:42:27.750   662-21497 keystore2               pid-662                              I  system/security/keystore2/src/security_level.rs:419 - operation_db.create_operation end
2025-12-09 12:42:27.750   664-664   TlcKM                   pid-664                              D  TEE_Update
2025-12-09 12:42:27.750   664-664   TlcKM                   pid-664                              D  split_update_chunks
2025-12-09 12:42:27.752   664-664   TlcKM                   pid-664                              D  TEE_Update exiting with 0
2025-12-09 12:42:27.752   664-664   TlcKM                   pid-664                              D  TEE_Finish
2025-12-09 12:42:27.752   664-664   TlcKM                   pid-664                              D  split_update_chunks
2025-12-09 12:42:27.753   664-664   TlcKM                   pid-664                              D  release_operation_slot: release op slot #0 (handle 0xb58ed1bcfe845a2f; 0 ops live)
2025-12-09 12:42:27.753   664-664   TlcKM                   pid-664                              D  TEE_Finish exiting with 0
2025-12-09 12:42:27.754   664-664   TlcKM                   pid-664                              D  TEE_Abort
2025-12-09 12:42:27.754   664-664   TlcKM                   pid-664                              E  lookup_operation: op 0xb58ed1bcfe845a2f not found
2025-12-09 12:42:27.754   664-664   TlcKM                   pid-664                              E  lookup_operation(session, operation_handle, &op) == -28
2025-12-09 12:42:27.754   664-664   TlcKM                   pid-664                              D  TEE_Abort exiting with -28
2025-12-09 12:42:27.758   662-21498 keystore2               pid-662                              I  system/security/keystore2/src/security_level.rs:235 - create_operation start
2025-12-09 12:42:27.758   662-21498 keystore2               pid-662                              I  system/security/keystore2/src/security_level.rs:237 - caller_pid=12440
2025-12-09 12:42:27.758   662-21498 keystore2               pid-662                              I  system/security/keystore2/src/security_level.rs:238 - caller_uid=10287
2025-12-09 12:42:27.758   662-21498 keystore2               pid-662                              I  system/security/keystore2/src/security_level.rs:239 - forced=false
2025-12-09 12:42:27.758   662-21498 keystore2               pid-662                              I  system/security/keystore2/src/security_level.rs:240 - key.domain=r#KEY_ID
2025-12-09 12:42:27.758   662-21498 keystore2               pid-662                              I  system/security/keystore2/src/security_level.rs:241 - key.alias=None
2025-12-09 12:42:27.758   662-21498 keystore2               pid-662                              I  system/security/keystore2/src/security_level.rs:277 - with_try_import start
2025-12-09 12:42:27.759   662-21498 keystore2               pid-662                              I  system/security/keystore2/src/security_level.rs:299 - with_try_import end
2025-12-09 12:42:27.759   662-21498 keystore2               pid-662                              I  system/security/keystore2/src/security_level.rs:333 - authorize_create start
2025-12-09 12:42:27.759   662-21498 keystore2               pid-662                              I  system/security/keystore2/src/security_level.rs:344 - authorize_create end
2025-12-09 12:42:27.759   662-21498 keystore2               pid-662                              I  system/security/keystore2/src/security_level.rs:345 - unwrap_key_if_required start
2025-12-09 12:42:27.759   662-21498 keystore2               pid-662                              I  system/security/keystore2/src/security_level.rs:353 - unwrap_key_if_required end
2025-12-09 12:42:27.759   662-21498 keystore2               pid-662                              I  system/security/keystore2/src/security_level.rs:354 - upgrade_keyblob_if_required_with start
2025-12-09 12:42:27.759 14508-14775 agnh                    pid-14508                            W  (REDACTED) Can't format flag %s to integer.
2025-12-09 12:42:27.759   664-664   TlcKM                   pid-664                              D  TEE_Begin 5.0
2025-12-09 12:42:27.759   664-664   TlcKM                   pid-664                              D  purpose = 0x00000002
2025-12-09 12:42:27.759 14508-14775 agnh                    pid-14508                            W  (REDACTED) Can't format flag %s to integer.
2025-12-09 12:42:27.759 14508-14775 agnh                    pid-14508                            W  (REDACTED) Can't format flag %s to integer.
2025-12-09 12:42:27.759 14508-14775 agnh                    pid-14508                            W  (REDACTED) Can't format flag %s to integer.
2025-12-09 12:42:27.760 14508-14775 agnh                    pid-14508                            W  (REDACTED) Can't format flag %s to integer.
2025-12-09 12:42:27.760 14508-14775 agnh                    pid-14508                            W  (REDACTED) Can't format flag %s to integer.
2025-12-09 12:42:27.760 14508-14775 agnh                    pid-14508                            W  (REDACTED) Can't format flag %s to integer.
2025-12-09 12:42:27.760 14508-14775 agnh                    pid-14508                            W  (REDACTED) Can't format flag %s to integer.
2025-12-09 12:42:27.760 14508-14775 agnh                    pid-14508                            W  (REDACTED) Can't format flag %s to integer.
2025-12-09 12:42:27.760 14508-14775 agnh                    pid-14508                            W  (REDACTED) Can't format flag %s to integer.
2025-12-09 12:42:27.760 14508-14775 agnh                    pid-14508                            W  (REDACTED) Can't format flag %s to integer.
2025-12-09 12:42:27.760 14508-14775 agnh                    pid-14508                            W  (REDACTED) Can't format flag %s to integer.
2025-12-09 12:42:27.761 14508-14775 agnh                    pid-14508                            W  (REDACTED) Can't format flag %s to integer.
2025-12-09 12:42:27.761 14508-14775 agnh                    pid-14508                            W  (REDACTED) Can't format flag %s to integer.
2025-12-09 12:42:27.761 14508-14775 agnh                    pid-14508                            W  (REDACTED) Can't format flag %s to integer.
2025-12-09 12:42:27.762   664-664   TlcKM                   pid-664                              D  find_spare_operation_slot: allocate op 0x81dcb17b6b61ac10 to slot #0 (1 ops live)
2025-12-09 12:42:27.763   664-664   TlcKM                   pid-664                              D  TEE_Begin exiting with 0
2025-12-09 12:42:27.763   662-21498 keystore2               pid-662                              I  system/security/keystore2/src/security_level.rs:395 - upgrade_keyblob_if_required_with end
2025-12-09 12:42:27.763   662-21498 keystore2               pid-662                              I  system/security/keystore2/src/enforcements.rs:249 - finalize_create_authorization self.state=NoAuthRequired
2025-12-09 12:42:27.763   662-21498 keystore2               pid-662                              I  system/security/keystore2/src/security_level.rs:401 - operation_db.create_operation start
2025-12-09 12:42:27.763   662-21498 keystore2               pid-662                              I  system/security/keystore2/src/security_level.rs:419 - operation_db.create_operation end
2025-12-09 12:42:27.764   664-664   TlcKM                   pid-664                              D  TEE_Finish
2025-12-09 12:42:27.764   664-664   TlcKM                   pid-664                              D  split_update_chunks
2025-12-09 12:42:27.766 20756-20756 dex2oat32               pid-20756                            W  Compilation of java.lang.Object azuw.createFromParcel(android.os.Parcel) took 135.401ms
2025-12-09 12:42:27.767   664-664   TlcKM                   pid-664                              D  release_operation_slot: release op slot #0 (handle 0x81dcb17b6b61ac10; 0 ops live)
2025-12-09 12:42:27.767   664-664   TlcKM                   pid-664                              D  TEE_Finish exiting with 0
2025-12-09 12:42:27.767   664-664   TlcKM                   pid-664                              D  TEE_Abort
2025-12-09 12:42:27.767   664-664   TlcKM                   pid-664                              E  lookup_operation: op 0x81dcb17b6b61ac10 not found
2025-12-09 12:42:27.767   664-664   TlcKM                   pid-664                              E  lookup_operation(session, operation_handle, &op) == -28
2025-12-09 12:42:27.767   664-664   TlcKM                   pid-664                              D  TEE_Abort exiting with -28
2025-12-09 12:42:27.771   662-21498 keystore2               pid-662                              I  system/security/keystore2/src/security_level.rs:235 - create_operation start
2025-12-09 12:42:27.771   662-21498 keystore2               pid-662                              I  system/security/keystore2/src/security_level.rs:237 - caller_pid=12440
2025-12-09 12:42:27.771   662-21498 keystore2               pid-662                              I  system/security/keystore2/src/security_level.rs:238 - caller_uid=10287
2025-12-09 12:42:27.771   662-21498 keystore2               pid-662                              I  system/security/keystore2/src/security_level.rs:239 - forced=false
2025-12-09 12:42:27.771   662-21498 keystore2               pid-662                              I  system/security/keystore2/src/security_level.rs:240 - key.domain=r#KEY_ID
2025-12-09 12:42:27.771   662-21498 keystore2               pid-662                              I  system/security/keystore2/src/security_level.rs:241 - key.alias=None
2025-12-09 12:42:27.771   662-21498 keystore2               pid-662                              I  system/security/keystore2/src/security_level.rs:277 - with_try_import start
2025-12-09 12:42:27.771   662-21498 keystore2               pid-662                              I  system/security/keystore2/src/security_level.rs:299 - with_try_import end
2025-12-09 12:42:27.771   662-21498 keystore2               pid-662                              I  system/security/keystore2/src/security_level.rs:333 - authorize_create start
2025-12-09 12:42:27.771   662-21498 keystore2               pid-662                              I  system/security/keystore2/src/security_level.rs:344 - authorize_create end
2025-12-09 12:42:27.771   662-21498 keystore2               pid-662                              I  system/security/keystore2/src/security_level.rs:345 - unwrap_key_if_required start
2025-12-09 12:42:27.771   662-21498 keystore2               pid-662                              I  system/security/keystore2/src/security_level.rs:353 - unwrap_key_if_required end
2025-12-09 12:42:27.771   662-21498 keystore2               pid-662                              I  system/security/keystore2/src/security_level.rs:354 - upgrade_keyblob_if_required_with start
2025-12-09 12:42:27.771   664-664   TlcKM                   pid-664                              D  TEE_Begin 5.0
2025-12-09 12:42:27.771   664-664   TlcKM                   pid-664                              D  purpose = 0x00000001
2025-12-09 12:42:27.772  1566-3186  Hiber/importantScene    pid-1566                             I  isTrafficActive uid:10269 speed :0
2025-12-09 12:42:27.772  1566-3186  Hiber/appStateMachine   pid-1566                             I  uid:10269 enter FrozenState
2025-12-09 12:42:27.773  1566-3186  Hiber/stateManager      pid-1566                             I  freeze uid: 10269 com.instagram.android costTime=0ms ,last unfreeze invalid
2025-12-09 12:42:27.773  1566-3186  Hiber/restrictionPolicy pid-1566                             I  uid:10269  pkgName:com.instagram.android isAllowedNet
2025-12-09 12:42:27.773   664-664   TlcKM                   pid-664                              D  find_spare_operation_slot: allocate op 0x3660d01599eb4db1 to slot #0 (1 ops live)
2025-12-09 12:42:27.774  1566-3189  Hiber/nati...viceClient pid-1566                             I  watch app network uid=10269, persistent=0
2025-12-09 12:42:27.774   664-664   TlcKM                   pid-664                              D  TEE_Begin exiting with 0
2025-12-09 12:42:27.775   662-21498 keystore2               pid-662                              I  system/security/keystore2/src/security_level.rs:395 - upgrade_keyblob_if_required_with end
2025-12-09 12:42:27.775   662-21498 keystore2               pid-662                              I  system/security/keystore2/src/enforcements.rs:249 - finalize_create_authorization self.state=NoAuthRequired
2025-12-09 12:42:27.775   662-21498 keystore2               pid-662                              I  system/security/keystore2/src/security_level.rs:401 - operation_db.create_operation start
2025-12-09 12:42:27.775   662-21498 keystore2               pid-662                              I  system/security/keystore2/src/security_level.rs:419 - operation_db.create_operation end
2025-12-09 12:42:27.775   664-664   TlcKM                   pid-664                              D  TEE_Update
2025-12-09 12:42:27.775   664-664   TlcKM                   pid-664                              D  split_update_chunks
2025-12-09 12:42:27.777   664-664   TlcKM                   pid-664                              D  TEE_Update exiting with 0
2025-12-09 12:42:27.777   664-664   TlcKM                   pid-664                              D  TEE_Finish
2025-12-09 12:42:27.777   664-664   TlcKM                   pid-664                              D  split_update_chunks
2025-12-09 12:42:27.778  1566-3187  Hiber/hiber             pid-1566                             I  msg for start proxy frozen state
2025-12-09 12:42:27.778  1566-3187  ActivityManager         pid-1566                             D  Hiber try idle uid[10269] by hiber ,bgTime>0 ? true,isIdled before ? false ,isCurAllowListed ? false ,isProcStateBackground?true
2025-12-09 12:42:27.778  1566-3187  ActivityManager         pid-1566                             D  Hiber try idle uid[10269] by hiber
2025-12-09 12:42:27.778  1566-3187  Hiber/proxyManager      pid-1566                             I  p_service: 10269
2025-12-09 12:42:27.778  1566-3187  Hiber/proxyManager      pid-1566                             I  p_job: 10269 pkgName=com.instagram.android which=2
2025-12-09 12:42:27.779  1566-1700  ApplicationHelper       pid-1566                             E  Fail to get PackageManager
2025-12-09 12:42:27.779  1566-3187  Hiber/proxyManager      pid-1566                             I  p_sensor: uid=10269, pkgName=com.instagram.android
2025-12-09 12:42:27.780   664-664   TlcKM                   pid-664                              D  release_operation_slot: release op slot #0 (handle 0x3660d01599eb4db1; 0 ops live)
2025-12-09 12:42:27.780   664-664   TlcKM                   pid-664                              D  TEE_Finish exiting with 0
2025-12-09 12:42:27.780   664-664   TlcKM                   pid-664                              D  TEE_Abort
2025-12-09 12:42:27.780   664-664   TlcKM                   pid-664                              E  lookup_operation: op 0x3660d01599eb4db1 not found
2025-12-09 12:42:27.780   664-664   TlcKM                   pid-664                              E  lookup_operation(session, operation_handle, &op) == -28
2025-12-09 12:42:27.780   664-664   TlcKM                   pid-664                              D  TEE_Abort exiting with -28
2025-12-09 12:42:27.784   662-21498 keystore2               pid-662                              I  system/security/keystore2/src/security_level.rs:235 - create_operation start
2025-12-09 12:42:27.784   662-21498 keystore2               pid-662                              I  system/security/keystore2/src/security_level.rs:237 - caller_pid=12440
2025-12-09 12:42:27.784   662-21498 keystore2               pid-662                              I  system/security/keystore2/src/security_level.rs:238 - caller_uid=10287
2025-12-09 12:42:27.784   662-21498 keystore2               pid-662                              I  system/security/keystore2/src/security_level.rs:239 - forced=false
2025-12-09 12:42:27.784   662-21498 keystore2               pid-662                              I  system/security/keystore2/src/security_level.rs:240 - key.domain=r#KEY_ID
2025-12-09 12:42:27.784   662-21498 keystore2               pid-662                              I  system/security/keystore2/src/security_level.rs:241 - key.alias=None
2025-12-09 12:42:27.784   662-21498 keystore2               pid-662                              I  system/security/keystore2/src/security_level.rs:277 - with_try_import start
2025-12-09 12:42:27.784   662-21498 keystore2               pid-662                              I  system/security/keystore2/src/security_level.rs:299 - with_try_import end
2025-12-09 12:42:27.784   662-21498 keystore2               pid-662                              I  system/security/keystore2/src/security_level.rs:333 - authorize_create start
2025-12-09 12:42:27.784   662-21498 keystore2               pid-662                              I  system/security/keystore2/src/security_level.rs:344 - authorize_create end
2025-12-09 12:42:27.784   662-21498 keystore2               pid-662                              I  system/security/keystore2/src/security_level.rs:345 - unwrap_key_if_required start
2025-12-09 12:42:27.784   662-21498 keystore2               pid-662                              I  system/security/keystore2/src/security_level.rs:353 - unwrap_key_if_required end
2025-12-09 12:42:27.784   662-21498 keystore2               pid-662                              I  system/security/keystore2/src/security_level.rs:354 - upgrade_keyblob_if_required_with start
2025-12-09 12:42:27.784   664-664   TlcKM                   pid-664                              D  TEE_Begin 5.0
2025-12-09 12:42:27.784   664-664   TlcKM                   pid-664                              D  purpose = 0x00000001
2025-12-09 12:42:27.785   664-664   TlcKM                   pid-664                              D  find_spare_operation_slot: allocate op 0xc97abe792648fd66 to slot #0 (1 ops live)
2025-12-09 12:42:27.786   664-664   TlcKM                   pid-664                              D  TEE_Begin exiting with 0
2025-12-09 12:42:27.787   662-21498 keystore2               pid-662                              I  system/security/keystore2/src/security_level.rs:395 - upgrade_keyblob_if_required_with end
2025-12-09 12:42:27.787   662-21498 keystore2               pid-662                              I  system/security/keystore2/src/enforcements.rs:249 - finalize_create_authorization self.state=NoAuthRequired
2025-12-09 12:42:27.787   662-21498 keystore2               pid-662                              I  system/security/keystore2/src/security_level.rs:401 - operation_db.create_operation start
2025-12-09 12:42:27.787   662-21498 keystore2               pid-662                              I  system/security/keystore2/src/security_level.rs:419 - operation_db.create_operation end
2025-12-09 12:42:27.787   664-664   TlcKM                   pid-664                              D  TEE_Update
2025-12-09 12:42:27.787   664-664   TlcKM                   pid-664                              D  split_update_chunks
2025-12-09 12:42:27.789   664-664   TlcKM                   pid-664                              D  TEE_Update exiting with 0
2025-12-09 12:42:27.790   664-664   TlcKM                   pid-664                              D  TEE_Finish
2025-12-09 12:42:27.790   664-664   TlcKM                   pid-664                              D  split_update_chunks
2025-12-09 12:42:27.791   664-664   TlcKM                   pid-664                              D  release_operation_slot: release op slot #0 (handle 0xc97abe792648fd66; 0 ops live)
2025-12-09 12:42:27.791   664-664   TlcKM                   pid-664                              D  TEE_Finish exiting with 0
2025-12-09 12:42:27.791   664-664   TlcKM                   pid-664                              D  TEE_Abort
2025-12-09 12:42:27.791   664-664   TlcKM                   pid-664                              E  lookup_operation: op 0xc97abe792648fd66 not found
2025-12-09 12:42:27.791   664-664   TlcKM                   pid-664                              E  lookup_operation(session, operation_handle, &op) == -28
2025-12-09 12:42:27.791   664-664   TlcKM                   pid-664                              D  TEE_Abort exiting with -28
2025-12-09 12:42:27.792 12440-12440 ContractCodeStorage     pid-12440                            D  Storage verification: 7 valid, 0 tampered, 0 missing
2025-12-09 12:42:27.792 12440-12440 ContractCodeStorage     pid-12440                            D  Contract code retrieved successfully
2025-12-09 12:42:27.795  3213-3213  ModeController          pid-3213                             D  isSmartPanelState: setPackageName:, smartPanelState:false
2025-12-09 12:42:27.795  3213-3213  game/all                pid-3213                             D  updateBackgroundPublicIfGameMode: superGameHeadsUp mShouldPeek = false  isGameHeadsUp = false  mIsHeadsUp = false, isGameHeadsUpExtra = false
2025-12-09 12:42:27.795  3213-3213  game/all                pid-3213                             D  updateBackgroundPublicIfGameMode: this:0|com.cdccreditsmart.app|1001|null|10287
2025-12-09 12:42:27.812 20756-20781 dex2oat32               pid-20756                            W  Compilation of void azhu.f(bmf, java.lang.String, azha, boolean, android.content.Context, augo, bwpg, azjn, android.widget.FrameLayout, fss, nkc, boolean, bwby, bwby, azjn, sn, bodj, boolean, yyk, fss, java.lang.String, fss, fqb, int, int, int) took 139.106ms
2025-12-09 12:42:27.814  3213-3213  ModeController          pid-3213                             D  isSmartPanelState: setPackageName:, smartPanelState:false
2025-12-09 12:42:27.817  3213-3213  SysUI(2509...oxyService pid-3213                             I   isEnabled mIsEnabled false mIsFoldExpanded true
2025-12-09 12:42:27.824 20756-20787 dex2oat32               pid-20756                            W  Compilation of void azuq.b(azwr) took 197.679ms
2025-12-09 12:42:27.844  3213-3213  SysUI(2509...Controller pid-3213                             D  updateShowEmptyShadeView: noNotifications=false, visibleNotificationCount=2, mediaNotificationVisible=false
2025-12-09 12:42:27.846  3213-3213  TranNotifi...pandButton pid-3213                             I  Call setExpandedVisibility
2025-12-09 12:42:27.853 21111-21121 at.appupdate.ui         pid-21111                            I  Background concurrent mark compact GC freed 8251KB AllocSpace bytes, 18(808KB) LOS objects, 81% free, 2797KB/14MB, paused 493us,2.848ms total 124.382ms
2025-12-09 12:42:27.870 14508-15805 bglw                    pid-14508                            I  #handleFlagUpdate()
2025-12-09 12:42:27.876 12440-12440 Choreographer           pid-12440                            I  Skipped 33 frames!  The application may be doing too much work on its main thread.
2025-12-09 12:42:27.884 14508-16050 acel                    pid-14508                            W  Abort, client detached.
2025-12-09 12:42:27.888 14508-14777 alfm                    pid-14508                            I  NGA disabled due to not being eligible.
2025-12-09 12:42:27.889  1007-1007  BufferQueueProducer     pid-1007                             I  [com.cdccreditsmart.app/com.cdccreditsmart.app.presentation.MainActivity#1075](this:0xb400007c97c94ef8,id:-1,api:0,p:-1,c:1007) queueBuffer: fps=32.40 dur=1419.91 max=584.64 min=16.59
2025-12-09 12:42:27.901 20756-20783 dex2oat32               pid-20756                            W  Compilation of void bafp.a(java.lang.Object, java.lang.Object) took 158.027ms
2025-12-09 12:42:27.902  1566-1999  JobScheduler.JobStatus  pid-1566                             W  Exempted app com.android.vending considered buggy
2025-12-09 12:42:27.903  1566-1999  JobScheduler.JobStatus  pid-1566                             W  Exempted app com.android.vending considered buggy
2025-12-09 12:42:27.905  1566-1999  JobScheduler.JobStatus  pid-1566                             W  Exempted app com.android.vending considered buggy
2025-12-09 12:42:27.915  1566-1700  ApplicationHelper       pid-1566                             E  Fail to get PackageManager
2025-12-09 12:42:27.915  1566-1999  JobScheduler            pid-1566                             W  Job didn't exist in JobStore: ef25486 #u10a114/-43 com.google.android.googlequicksearchbox/com.google.android.apps.gsa.tasks.BackgroundTasksJobService
2025-12-09 12:42:27.921   950-1002  libPerfCtl              pid-950                              I  xgfGetFPS pid:3213 fps:-1
2025-12-09 12:42:27.921   950-1002  AppThermalMode          pid-950                              I  [perfNotifyThermalState] hdl:0
2025-12-09 12:42:27.921   950-1002  AppThermalMode          pid-950                              I  [findAppThermalIdx] Fail: appThermalModeEnable: 0,currentFPS: 60,fg->pid:12440
2025-12-09 12:42:27.922   950-1002  AppThermalMode          pid-950                              I  [perfNotifyThermalState] appThermalIdx -1:
2025-12-09 12:42:27.922   950-1002  libPerfCtl              pid-950                              I  xgfGetFPS pid:3611 fps:-1
2025-12-09 12:42:27.922   950-1002  AppThermalMode          pid-950                              I  [perfNotifyThermalState] hdl:0
2025-12-09 12:42:27.922   950-1002  AppThermalMode          pid-950                              I  [findAppThermalIdx] Fail: appThermalModeEnable: 0,currentFPS: 60,fg->pid:12440
2025-12-09 12:42:27.922   950-1002  AppThermalMode          pid-950                              I  [perfNotifyThermalState] appThermalIdx -1:
2025-12-09 12:42:27.922   950-1002  libPerfCtl              pid-950                              I  xgfGetFPS pid:12440 fps:65
2025-12-09 12:42:27.922   950-1002  AppThermalMode          pid-950                              I  [perfNotifyThermalState] hdl:0
2025-12-09 12:42:27.922   950-1002  AppThermalMode          pid-950                              I  [findAppThermalIdx] Fail: appThermalModeEnable: 0,currentFPS: 60,fg->pid:12440
2025-12-09 12:42:27.922   950-1002  AppThermalMode          pid-950                              I  [perfNotifyThermalState] appThermalIdx -1:
2025-12-09 12:42:27.922   950-1002  libPerfCtl              pid-950                              I  xgfGetFPS pid:14852 fps:-1
2025-12-09 12:42:27.922   950-1002  AppThermalMode          pid-950                              I  [perfNotifyThermalState] hdl:0
2025-12-09 12:42:27.922   950-1002  AppThermalMode          pid-950                              I  [findAppThermalIdx] Fail: appThermalModeEnable: 0,currentFPS: 60,fg->pid:12440
2025-12-09 12:42:27.922   950-1002  AppThermalMode          pid-950                              I  [perfNotifyThermalState] appThermalIdx -1:
2025-12-09 12:42:27.922   950-1002  libPerfCtl              pid-950                              I  xgfGetFPS pid:20122 fps:-1
2025-12-09 12:42:27.923   950-1002  AppThermalMode          pid-950                              I  [perfNotifyThermalState] hdl:0
2025-12-09 12:42:27.923   950-1002  AppThermalMode          pid-950                              I  [findAppThermalIdx] Fail: appThermalModeEnable: 0,currentFPS: 60,fg->pid:12440
2025-12-09 12:42:27.923   950-1002  AppThermalMode          pid-950                              I  [perfNotifyThermalState] appThermalIdx -1:
2025-12-09 12:42:27.925  1566-1700  ApplicationHelper       pid-1566                             E  Fail to get PackageManager
2025-12-09 12:42:27.926 15930-16038 bgli                    pid-15930                            I  (REDACTED) #handleFlagsUpdate: changed %s
2025-12-09 12:42:27.927 15930-16038 bgli                    pid-15930                            I  #handleFlagsUpdate: listeners notified
2025-12-09 12:42:27.970 20756-20784 dex2oat32               pid-20756                            W  Compilation of java.lang.Object bahz.createFromParcel(android.os.Parcel) took 223.010ms
2025-12-09 12:42:28.018  1566-3186  Hiber/importantScene    pid-1566                             I  isTrafficActive uid:10214 speed :0
2025-12-09 12:42:28.018  1566-3186  Hiber/appStateMachine   pid-1566                             I  uid:10214 enter FrozenState
2025-12-09 12:42:28.021  1566-3186  Hiber/stateManager      pid-1566                             I  freeze uid: 10214 com.facebook.appmanager costTime=2ms ,last unfreeze invalid
2025-12-09 12:42:28.027  1566-3825  Hiber/proxyWakeLock     pid-1566                             I  add uid: 10214 wakelock: lock:68081449PARTIAL_WAKE_LOCK                 '*job*/com.facebook.appmanager/com.facebook.oxygen.common.jobqueue.JobQueueService (uid=1000 pid=1566 ws=WorkSource{10214 com.facebook.appmanager})  to FroceReleaseWakeLock list
2025-12-09 12:42:28.027  1566-3825  Hiber/proxyWakeLock     pid-1566                             D  releaseWakeLockInternal: lock=68081449 [*job*/com.facebook.appmanager/com.facebook.oxygen.common.jobqueue.JobQueueService], flags=0x1
2025-12-09 12:42:28.029  1566-3187  Hiber/hiber             pid-1566                             I  msg for start proxy frozen state
2025-12-09 12:42:28.029  1566-3187  ActivityManager         pid-1566                             D  Hiber try idle uid[10214] by hiber ,bgTime>0 ? false,isIdled before ? false ,isCurAllowListed ? true ,isProcStateBackground?true
2025-12-09 12:42:28.029  1566-3187  Hiber/proxyManager      pid-1566                             I  p_service: 10214
2025-12-09 12:42:28.029  1566-3187  Hiber/proxyManager      pid-1566                             I  p_job: 10214 pkgName=com.facebook.appmanager which=2
2025-12-09 12:42:28.030  1566-3187  JobScheduler.JobStatus  pid-1566                             W  Exempted app com.android.vending considered buggy
2025-12-09 12:42:28.030  1566-3187  JobScheduler.JobStatus  pid-1566                             W  Exempted app com.android.vending considered buggy
2025-12-09 12:42:28.031  1566-3187  JobScheduler.JobStatus  pid-1566                             W  Exempted app com.android.vending considered buggy
2025-12-09 12:42:28.031 14508-14774 anxg                    pid-14508                            I  send OpaEligibilityChange broadcast to CommonBroadcastReceiver
2025-12-09 12:42:28.033  1566-3187  JobScheduler.JobStatus  pid-1566                             W  Exempted app com.android.vending considered buggy
2025-12-09 12:42:28.033  1566-3187  JobScheduler.JobStatus  pid-1566                             W  Exempted app com.android.vending considered buggy
2025-12-09 12:42:28.033  1566-3187  JobScheduler.JobStatus  pid-1566                             W  Exempted app com.android.vending considered buggy
2025-12-09 12:42:28.034  1566-3187  JobScheduler.JobStatus  pid-1566                             W  Exempted app com.android.vending considered buggy
2025-12-09 12:42:28.035  1566-3187  JobScheduler.JobStatus  pid-1566                             W  Exempted app com.android.vending considered buggy
2025-12-09 12:42:28.035  1566-3187  JobScheduler.JobStatus  pid-1566                             W  Exempted app com.android.vending considered buggy
2025-12-09 12:42:28.036  1566-3187  JobScheduler.JobStatus  pid-1566                             W  Exempted app com.android.vending considered buggy
2025-12-09 12:42:28.036  1566-3187  JobScheduler.JobStatus  pid-1566                             W  Exempted app com.android.vending considered buggy
2025-12-09 12:42:28.036  1566-3187  JobScheduler.JobStatus  pid-1566                             W  Exempted app com.android.vending considered buggy
2025-12-09 12:42:28.041  1566-3187  JobScheduler.JobStatus  pid-1566                             W  Exempted app com.android.vending considered buggy
2025-12-09 12:42:28.042  1566-3187  JobScheduler.JobStatus  pid-1566                             W  Exempted app com.android.vending considered buggy
2025-12-09 12:42:28.042  1566-3187  JobScheduler.JobStatus  pid-1566                             W  Exempted app com.android.vending considered buggy
2025-12-09 12:42:28.039 20756-20785 dex2oat32               pid-20756                            W  Compilation of java.lang.Object bbqa.apply(java.lang.Object) took 127.915ms
2025-12-09 12:42:28.043  1566-3187  JobScheduler.JobStatus  pid-1566                             W  Exempted app com.android.vending considered buggy
2025-12-09 12:42:28.049  1566-3187  JobScheduler.JobStatus  pid-1566                             W  Exempted app com.android.vending considered buggy
2025-12-09 12:42:28.049  1566-3187  JobScheduler.JobStatus  pid-1566                             W  Exempted app com.android.vending considered buggy
2025-12-09 12:42:28.050  1566-3188  Hiber/hiber             pid-1566                             V  unfreeze from hiber: (0,1566,1000,20122,10214), rpcName: android.app.job.IJobService, code: 2, reason:asyncBinderWhiteList
2025-12-09 12:42:28.051  1566-3188  Hiber/stateManager      pid-1566                             I  unfreeze uid: 10214 com.facebook.appmanager pids:[20122]  reason:asyncBinderWhiteList   cpninfo:TRANSACTION_2 costTime=0ms ,last freeze 0s ago
2025-12-09 12:42:28.051  1566-3186  Hiber/appStateMachine   pid-1566                             I  uid=10214, pkg=com.facebook.appmanager, transition from Frozen to Running, reason=asyncBinderWhiteList
2025-12-09 12:42:28.051  1566-3186  Hiber/appStateMachine   pid-1566                             I  uid:10214 exit FrozenState
2025-12-09 12:42:28.052  1566-3187  Hiber/JobExtImpl        pid-1566                             D  proxyJobs leave, uid=10214, pkg=com.facebook.appmanager which=2
2025-12-09 12:42:28.053  1566-3187  Hiber/hiber             pid-1566                             I  proxy alarm (uid=10214, pkgName=com.facebook.appmanager)
2025-12-09 12:42:28.053  1566-3187  Hiber/proxyManager      pid-1566                             I  p_alarm: uid=10214, pkgName=com.facebook.appmanager
2025-12-09 12:42:28.053  1566-3187  Hiber/alar...iceExtImpl pid-1566                             D  proxyAlarms, alarm=Alarm{114bce5 type 1 origWhen 1765381342803 whenElapsed 87018357 com.facebook.appmanager}
2025-12-09 12:42:28.053  1566-3187  Hiber/alar...iceExtImpl pid-1566                             D  proxyAlarms, alarm=Alarm{58063ba type 3 origWhen 259812433 whenElapsed 259812433 com.facebook.appmanager}
2025-12-09 12:42:28.053  1566-3187  Hiber/alar...iceExtImpl pid-1566                             D  proxyAlarms, alarm=Alarm{1e9526b type 3 origWhen 303012440 whenElapsed 303012440 com.facebook.appmanager}
2025-12-09 12:42:28.053  1566-3187  Hiber/alar...iceExtImpl pid-1566                             D  proxyAlarms leave, uid=10214, packageName=com.facebook.appmanager
2025-12-09 12:42:28.053  1566-3187  Hiber/proxyManager      pid-1566                             I  p_sensor: uid=10214, pkgName=com.facebook.appmanager
2025-12-09 12:42:28.053  1566-3825  Hiber/proxyWakeLock     pid-1566                             D  restore uid :10214 wakelock: lock:68081449PARTIAL_WAKE_LOCK                 '*job*/com.facebook.appmanager/com.facebook.oxygen.common.jobqueue.JobQueueService (uid=1000 pid=1566 ws=WorkSource{10214 com.facebook.appmanager})
2025-12-09 12:42:28.053  1566-3825  Hiber/proxyWakeLock     pid-1566                             D  acquireWakeLockInternal: lock=68081449, flags=0x1, tag="*job*/com.facebook.appmanager/com.facebook.oxygen.common.jobqueue.JobQueueService", ws=WorkSource{10214 com.facebook.appmanager}, uid=1000, pid=1566
2025-12-09 12:42:28.054  1566-3187  Hiber/proxyManager      pid-1566                             I  up_service: 10214
2025-12-09 12:42:28.054  1566-3187  Hiber/proxyManager      pid-1566                             I  un_job: 10214
2025-12-09 12:42:28.054  1566-3187  Hiber/JobExtImpl        pid-1566                             D  un_job=JobStatus{a8f664b #u0a214/5100 com.facebook.appmanager/com.facebook.oxygen.common.jobqueue.JobQueueService u=0 s=10214 system stops=2 READY}for uid=10214
2025-12-09 12:42:28.055  1566-3187  Hiber/JobExtImpl        pid-1566                             D  un_job=JobStatus{49bbd79 #u0a214/3001 com.facebook.appmanager/com.facebook.preloads.platform.common.periodicwork.PeriodicWorkJobService u=0 s=10214 TIME=+1d0h0m47s409ms:+1d6h0m47s409ms CHARGING PERSISTED satisfied:0x3600003 unsatisfied:0x80000000}for uid=10214
2025-12-09 12:42:28.055  1566-3187  Hiber/JobExtImpl        pid-1566                             D  un_job=JobStatus{484724b #u0a214/2131230721 com.facebook.appmanager/com.facebook.analytics2.logger.legacy.uploader.LollipopUploadService u=0 s=10214 TIME=+14m49s829ms:+44m49s829ms NET satisfied:0x13600000 unsatisfied:0x80000000}for uid=10214
2025-12-09 12:42:28.060  1566-3187  Hiber/JobExtImpl        pid-1566                             D  un_job=JobStatus{2c87972 #u0a214/3000 com.facebook.appmanager/com.facebook.preloads.platform.common.periodicwork.PeriodicWorkJobService u=0 s=10214 TIME=+15h59m47s399ms:+23h59m47s399ms CHARGING IDLE PERSISTED satisfied:0x3600003 unsatisfied:0x80000004}for uid=10214
2025-12-09 12:42:28.060  1566-3187  Hiber/JobExtImpl        pid-1566                             D  un_job=JobStatus{1335158 #u0a214/4002 com.facebook.appmanager/com.facebook.preloads.platform.common.periodicwork.PeriodicWorkJobService u=0 s=10214 TIME=+1d6h1m47s423ms:+1d12h1m47s423ms NET PERSISTED satisfied:0x13600000 unsatisfied:0x80000000}for uid=10214
2025-12-09 12:42:28.061  1566-3187  Hiber/JobExtImpl        pid-1566                             D  un_job=JobStatus{49971f #u0a214/4000 com.facebook.appmanager/com.facebook.preloads.platform.common.periodicwork.PeriodicWorkJobService u=0 s=10214 TIME=+15h59m47s411ms:+23h59m47s411ms NET CHARGING IDLE PERSISTED satisfied:0x13600003 unsatisfied:0x80000004}for uid=10214
2025-12-09 12:42:28.061  1566-3187  Hiber/JobExtImpl        pid-1566                             D  un_job=JobStatus{29c4ca #u0a214/4001 com.facebook.appmanager/com.facebook.preloads.platform.common.periodicwork.PeriodicWorkJobService u=0 s=10214 TIME=+1d0h0m47s418ms:+1d6h0m47s418ms NET PERSISTED satisfied:0x13600000 unsatisfied:0x80000000}for uid=10214
2025-12-09 12:42:28.062  1566-3187  Hiber/JobExtImpl        pid-1566                             D  unProxyJobs leave, uid=10214 discard=false
2025-12-09 12:42:28.062  1566-3187  Hiber/alar...iceExtImpl pid-1566                             D  unproxyAlarms, alarm=Alarm{114bce5 type 1 origWhen 1765381342803 whenElapsed 87018357 com.facebook.appmanager}
2025-12-09 12:42:28.065   935-945   android.ha...ervice.mtk pid-935                              W  parseMsg: Get from client TYPE=thermal_hal_notify NAME=SKIN
2025-12-09 12:42:28.065   935-945   android.ha...ervice.mtk pid-935                              W  parseMsg:name.c_str():SKIN
2025-12-09 12:42:28.065   935-945   android.ha...ervice.mtk pid-935                              W  parseMsg:tz notify:SKIN
2025-12-09 12:42:28.066   935-945   android.ha...ervice.mtk pid-935                              I  Wait to accept a connection
2025-12-09 12:42:28.066  1566-3825  Hiber/proxyWakeLock     pid-1566                             D  remove uid: 10214 wiht all pids from wakelockUidInfo list
2025-12-09 12:42:28.066   935-945   android.ha...l@2.0-impl pid-935                              I  Sending notification:  Type: SKIN Name: SKIN CurrentValue: 46.866 ThrottlingStatus: NONE
2025-12-09 12:42:28.066   935-945   android.ha...l@2.0-impl pid-935                              I  sendThermalChangedCallback
2025-12-09 12:42:28.067  1566-1700  ApplicationHelper       pid-1566                             E  Fail to get PackageManager
2025-12-09 12:42:28.074  1566-1700  ApplicationHelper       pid-1566                             E  Fail to get PackageManager
2025-12-09 12:42:28.075  1566-3187  Hiber/alar...iceExtImpl pid-1566                             D  unproxyAlarms, alarm=Alarm{58063ba type 3 origWhen 259812433 whenElapsed 259812433 com.facebook.appmanager}
2025-12-09 12:42:28.075  1566-3187  Hiber/alar...iceExtImpl pid-1566                             D  unproxyAlarms, alarm=Alarm{1e9526b type 3 origWhen 303012440 whenElapsed 303012440 com.facebook.appmanager}
2025-12-09 12:42:28.076  1566-3187  Hiber/alar...iceExtImpl pid-1566                             D  unproxyAlarms leave, uid=10214, packageName=null
2025-12-09 12:42:28.076  1566-3187  Hiber/proxyManager      pid-1566                             I  up_sensor: uid=10214, pkgName=com.facebook.appmanager
2025-12-09 12:42:28.078  1566-1700  ApplicationHelper       pid-1566                             E  Fail to get PackageManager
2025-12-09 12:42:28.090 20756-20786 dex2oat32               pid-20756                            W  Compilation of java.lang.Object bbqw.apply(java.lang.Object) took 176.843ms
2025-12-09 12:42:28.091  1566-1700  ApplicationHelper       pid-1566                             E  Fail to get PackageManager
2025-12-09 12:42:28.093 14508-14774 anxg                    pid-14508                            I  Clock app not installed.
2025-12-09 12:42:28.096 11791-11799 .gms.persistent         pid-11791                            I  Compiler allocated 4428KB to compile void asag.f(android.content.Context)
2025-12-09 12:42:28.097 14508-14774 anxg                    pid-14508                            I  Clock app not installed.
2025-12-09 12:42:28.117 14508-15741 azms                    pid-14508                            I  Set Assistant eligibility status
2025-12-09 12:42:28.159  1566-1700  ApplicationHelper       pid-1566                             E  Fail to get PackageManager
2025-12-09 12:42:28.159  1566-1700  ApplicationHelper       pid-1566                             E  Fail to get PackageManager
2025-12-09 12:42:28.164  1566-1700  ApplicationHelper       pid-1566                             E  Fail to get PackageManager
2025-12-09 12:42:28.164  1566-1700  ApplicationHelper       pid-1566                             E  Fail to get PackageManager
2025-12-09 12:42:28.166 13483-20694 Icing                   pid-13483                            I  IndexChimeraService.getServiceInterface callingPackage=com.google.android.googlequicksearchbox componentName=agsa_icing_connection serviceId=33
2025-12-09 12:42:28.173 13483-20695 Icing                   pid-13483                            I  IndexChimeraService.getServiceInterface callingPackage=com.google.android.googlequicksearchbox componentName=agsa_icing_connection serviceId=32
2025-12-09 12:42:28.175 20122-21295 book.appmanager         pid-20122                            I  Background concurrent mark compact GC freed 12MB AllocSpace bytes, 23(1124KB) LOS objects, 71% free, 4896KB/16MB, paused 1.043ms,6.458ms total 479.587ms
2025-12-09 12:42:28.182 20122-21297 book.appmanager         pid-20122                            W  ApkAssets: Deleting an ApkAssets object '<empty> and /tr_preload/operator/app/FacebookStub/FacebookStub.apk' with 1 weak references
2025-12-09 12:42:28.183 20122-21297 book.appmanager         pid-20122                            W  ApkAssets: Deleting an ApkAssets object '<empty> and /tr_preload/operator/app/Instagram/Instagram.apk' with 1 weak references
2025-12-09 12:42:28.249  1566-1700  ApplicationHelper       pid-1566                             E  Fail to get PackageManager
2025-12-09 12:42:28.253 13483-13483 BoundBrokerSvc          pid-13483                            D  onBind: Intent { act=com.google.android.gms.feedback.internal.IFeedbackService dat=chimera-action:/... cmp=com.google.android.gms/.chimera.GmsBoundBrokerService }
2025-12-09 12:42:28.253 13483-13483 BoundBrokerSvc          pid-13483 