2026-01-27 18:19:17.703 14631-14772 AutoProvis...ngReceiver com.cdccreditsmart.app               I  ==================== FIM DO AUTO-PROVISIONAMENTO ====================
2026-01-27 18:19:17.703 14631-14772 AutoProvis...ngReceiver com.cdccreditsmart.app               I  
2026-01-27 18:19:17.703 14631-14631 CdcForegroundService    com.cdccreditsmart.app               D  ðŸš€ ServiÃ§o onStartCommand() - Action: com.cdccreditsmart.app.START_SERVICE
2026-01-27 18:19:17.715 14631-14772 AutoProvis...ngReceiver com.cdccreditsmart.app               I  âœ… NotificaÃ§Ã£o de sucesso mostrada
2026-01-27 18:19:17.716 14631-14772 AutoProvis...ngReceiver com.cdccreditsmart.app               I  âœ… PendingResult finalizado com sucesso
2026-01-27 18:19:17.716 14631-14631 CdcForegroundService    com.cdccreditsmart.app               I  âœ… Foreground Service ativo (Android 12+)
2026-01-27 18:19:17.717 14631-14772 CdcForegroundService    com.cdccreditsmart.app               I  ðŸ”§ ========================================
2026-01-27 18:19:17.717 14631-14772 CdcForegroundService    com.cdccreditsmart.app               I  ðŸ”§ INICIANDO initializeServices()...
2026-01-27 18:19:17.717 14631-14772 CdcForegroundService    com.cdccreditsmart.app               I  ðŸ”§ ========================================
2026-01-27 18:19:17.717 14631-14772 CdcForegroundService    com.cdccreditsmart.app               D  âœ… ServiÃ§os base jÃ¡ inicializados
2026-01-27 18:19:17.808 14631-14631 MainActivity            com.cdccreditsmart.app               I  âœ… Brilho da tela definido para MÃXIMO
2026-01-27 18:19:17.810 14631-14631 MainActivity            com.cdccreditsmart.app               D  ðŸ“ BroadcastReceiver de localizaÃ§Ã£o registrado
2026-01-27 18:19:17.815 14631-14772 PersistentStateManager  com.cdccreditsmart.app               D  Nenhum estado local encontrado
2026-01-27 18:19:17.815 14631-14772 PersistentStateManager  com.cdccreditsmart.app               D  ðŸ†• Sem estado local - device novo ou pÃ³s factory reset
2026-01-27 18:19:17.815 14631-14772 MainActivity            com.cdccreditsmart.app               I  ðŸ†• Device nunca foi provisionado
2026-01-27 18:19:17.818 14631-14631 MainActivity            com.cdccreditsmart.app               I  âœ… App Ã© Device Owner - permissÃµes serÃ£o concedidas automaticamente
2026-01-27 18:19:17.976 14631-14631 PermissionGateManager   com.cdccreditsmart.app               W  âš ï¸ Device Owner: 3 permissÃ£o(Ãµes) pendente(s)
2026-01-27 18:19:17.976 14631-14631 PermissionGateManager   com.cdccreditsmart.app               W     â†’ Falta: Acesso ao Uso de Apps
2026-01-27 18:19:17.976 14631-14631 PermissionGateManager   com.cdccreditsmart.app               W     â†’ Falta: Exibir sobre outros apps
2026-01-27 18:19:17.976 14631-14631 PermissionGateManager   com.cdccreditsmart.app               W     â†’ Falta: ExecuÃ§Ã£o em Segundo Plano
2026-01-27 18:19:18.227 14631-14772 ContractCodeStorage     com.cdccreditsmart.app               D  Retrieving contract code from storage
2026-01-27 18:19:18.252 14631-14775 OpenGLRenderer          com.cdccreditsmart.app               E  Unable to match the desired swap behavior.
2026-01-27 18:19:18.255 14631-15230 mali_gralloc            com.cdccreditsmart.app               D  register: id=33500000747, handle=0xb4000078dc5a38f0, importpid=-1, gRegisteredHandles=0
2026-01-27 18:19:18.260 14631-15230 mali_gralloc            com.cdccreditsmart.app               D  register: id=33500000748, handle=0xb4000078dc5a49d0, importpid=-1, gRegisteredHandles=1
2026-01-27 18:19:18.262 14631-15230 mali_gralloc            com.cdccreditsmart.app               D  register: id=33500000749, handle=0xb4000078dc5a2c90, importpid=-1, gRegisteredHandles=2
2026-01-27 18:19:18.264 14631-15230 mali_gralloc            com.cdccreditsmart.app               D  register: id=3350000074a, handle=0xb4000078dc5a64d0, importpid=-1, gRegisteredHandles=3
2026-01-27 18:19:18.273 14631-14772 ContractCodeStorage     com.cdccreditsmart.app               D  Storage verification: 0 valid, 0 tampered, 7 missing
2026-01-27 18:19:18.273 14631-14772 ContractCodeStorage     com.cdccreditsmart.app               W  No valid contract code found in any location
2026-01-27 18:19:18.286 14631-14772 SecureTokenStorage      com.cdccreditsmart.app               E  âŒ Nenhum identificador MDM disponÃ­vel!
2026-01-27 18:19:18.287 14631-14772 CdcForegroundService    com.cdccreditsmart.app               I  ðŸ” AuthToken presente: false
2026-01-27 18:19:18.287 14631-14772 CdcForegroundService    com.cdccreditsmart.app               I  ðŸ” AuthToken length: 0
2026-01-27 18:19:18.287 14631-14772 CdcForegroundService    com.cdccreditsmart.app               I  ðŸ” ContractCode presente: false
2026-01-27 18:19:18.287 14631-14772 CdcForegroundService    com.cdccreditsmart.app               I  ðŸ” ContractCode value: null****
2026-01-27 18:19:18.287 14631-14772 CdcForegroundService    com.cdccreditsmart.app               I  ðŸ” MDM SerialNumber presente: false
2026-01-27 18:19:18.287 14631-14772 CdcForegroundService    com.cdccreditsmart.app               I  ðŸ” MDM SerialNumber value: ......
2026-01-27 18:19:18.287 14631-14772 CdcForegroundService    com.cdccreditsmart.app               I  ðŸ“± ========================================
2026-01-27 18:19:18.287 14631-14772 CdcForegroundService    com.cdccreditsmart.app               I  ðŸ“± AGUARDANDO PAIRING - MDM EM STANDBY
2026-01-27 18:19:18.287 14631-14772 CdcForegroundService    com.cdccreditsmart.app               I  ðŸ“± O usuÃ¡rio ainda nÃ£o fez o pareamento inicial
2026-01-27 18:19:18.287 14631-14772 CdcForegroundService    com.cdccreditsmart.app               I  ðŸ“± ServiÃ§os MDM serÃ£o ativados apÃ³s inserir cÃ³digo do contrato
2026-01-27 18:19:18.287 14631-14772 CdcForegroundService    com.cdccreditsmart.app               I  ðŸ“± NOTA: isMdmInitialized permanece FALSE para permitir reinicializaÃ§Ã£o
2026-01-27 18:19:18.287 14631-14772 CdcForegroundService    com.cdccreditsmart.app               I  ðŸ“± ========================================
2026-01-27 18:19:18.407 14631-14631 PermissionGateScreen    com.cdccreditsmart.app               I  ðŸ” VERIFICAÃ‡ÃƒO INICIAL DE PERMISSÃ•ES:
2026-01-27 18:19:18.407 14631-14631 PermissionGateScreen    com.cdccreditsmart.app               I     NÃ­vel: DEVICE_OWNER
2026-01-27 18:19:18.407 14631-14631 PermissionGateScreen    com.cdccreditsmart.app               I     Todas concedidas: false
2026-01-27 18:19:18.408 14631-14631 PermissionGateScreen    com.cdccreditsmart.app               I     Bateria isenta: false
2026-01-27 18:19:18.408 14631-14631 PermissionGateScreen    com.cdccreditsmart.app               W     âŒ FALTA: Acesso ao Uso de Apps
2026-01-27 18:19:18.408 14631-14631 PermissionGateScreen    com.cdccreditsmart.app               W     âŒ FALTA: Exibir sobre outros apps
2026-01-27 18:19:18.408 14631-14631 PermissionGateScreen    com.cdccreditsmart.app               W     âŒ FALTA: ExecuÃ§Ã£o em Segundo Plano
2026-01-27 18:19:18.408 14631-14631 PermissionGateScreen    com.cdccreditsmart.app               I     âœ… OK: PermissÃµes BÃ¡sicas
2026-01-27 18:19:18.409 14631-14631 PermissionGateScreen    com.cdccreditsmart.app               I  ========================================
2026-01-27 18:19:18.409 14631-14631 PermissionGateScreen    com.cdccreditsmart.app               I  ðŸšª PERMISSION GATE SCREEN INICIADO
2026-01-27 18:19:18.409 14631-14631 PermissionGateScreen    com.cdccreditsmart.app               I  ========================================
2026-01-27 18:19:18.410 14631-14631 PermissionGateScreen    com.cdccreditsmart.app               I  NÃ­vel de privilÃ©gio: DEVICE_OWNER
2026-01-27 18:19:18.410 14631-14631 PermissionGateScreen    com.cdccreditsmart.app               I  PermissÃµes concedidas: 1
2026-01-27 18:19:18.410 14631-14631 PermissionGateScreen    com.cdccreditsmart.app               I  PermissÃµes faltando: 3
2026-01-27 18:19:18.410 14631-14631 PermissionGateScreen    com.cdccreditsmart.app               W    âŒ Acesso ao Uso de Apps
2026-01-27 18:19:18.410 14631-14631 PermissionGateScreen    com.cdccreditsmart.app               W    âŒ Exibir sobre outros apps
2026-01-27 18:19:18.410 14631-14631 PermissionGateScreen    com.cdccreditsmart.app               W    âŒ ExecuÃ§Ã£o em Segundo Plano
2026-01-27 18:19:18.410 14631-14631 PermissionGateScreen    com.cdccreditsmart.app               I    âœ… PermissÃµes BÃ¡sicas
2026-01-27 18:19:18.410 14631-14631 PermissionGateScreen    com.cdccreditsmart.app               I  ========================================
2026-01-27 18:19:18.411 14631-14631 PermissionGateScreen    com.cdccreditsmart.app               D  â° Iniciando verificaÃ§Ã£o periÃ³dica de permissÃµes (a cada 3s)...
2026-01-27 18:19:18.421 14631-14631 Choreographer           com.cdccreditsmart.app               I  Skipped 50 frames!  The application may be doing too much work on its main thread.
2026-01-27 18:19:19.045 14631-14631 Compatibil...geReporter com.cdccreditsmart.app               D  Compat change id reported: 171228096; UID 10263; state: ENABLED
2026-01-27 18:19:19.240 14631-14772 SettingsGuardService    com.cdccreditsmart.app               D  ðŸ“‹ Activity check - Full: null, Simple: null
2026-01-27 18:19:19.795 14631-14631 SettingsGuardService    com.cdccreditsmart.app               I  â¸ï¸ Guard PAUSADO para fluxo de permissÃµes (timeout: 30s)
2026-01-27 18:19:20.332 14631-14631 CdcForegroundService    com.cdccreditsmart.app               D  ðŸš€ ServiÃ§o onStartCommand() - Action: com.cdccreditsmart.app.START_SERVICE
2026-01-27 18:19:20.360 14631-14631 CdcForegroundService    com.cdccreditsmart.app               I  âœ… Foreground Service ativo (Android 12+)
2026-01-27 18:19:20.362 14631-14772 CdcForegroundService    com.cdccreditsmart.app               I  ðŸ”§ ========================================
2026-01-27 18:19:20.362 14631-14772 CdcForegroundService    com.cdccreditsmart.app               I  ðŸ”§ INICIANDO initializeServices()...
2026-01-27 18:19:20.362 14631-14772 CdcForegroundService    com.cdccreditsmart.app               I  ðŸ”§ ========================================
2026-01-27 18:19:20.362 14631-14772 CdcForegroundService    com.cdccreditsmart.app               D  âœ… ServiÃ§os base jÃ¡ inicializados
2026-01-27 18:19:20.868 14631-14772 ContractCodeStorage     com.cdccreditsmart.app               D  Retrieving contract code from storage
2026-01-27 18:19:20.888 14631-14772 ContractCodeStorage     com.cdccreditsmart.app               D  Storage verification: 0 valid, 0 tampered, 7 missing
2026-01-27 18:19:20.888 14631-14772 ContractCodeStorage     com.cdccreditsmart.app               W  No valid contract code found in any location
2026-01-27 18:19:20.902 14631-14772 SecureTokenStorage      com.cdccreditsmart.app               E  âŒ Nenhum identificador MDM disponÃ­vel!
2026-01-27 18:19:20.902 14631-14772 CdcForegroundService    com.cdccreditsmart.app               I  ðŸ” AuthToken presente: false
2026-01-27 18:19:20.902 14631-14772 CdcForegroundService    com.cdccreditsmart.app               I  ðŸ” AuthToken length: 0
2026-01-27 18:19:20.902 14631-14772 CdcForegroundService    com.cdccreditsmart.app               I  ðŸ” ContractCode presente: false
2026-01-27 18:19:20.902 14631-14772 CdcForegroundService    com.cdccreditsmart.app               I  ðŸ” ContractCode value: null****
2026-01-27 18:19:20.902 14631-14772 CdcForegroundService    com.cdccreditsmart.app               I  ðŸ” MDM SerialNumber presente: false
2026-01-27 18:19:20.902 14631-14772 CdcForegroundService    com.cdccreditsmart.app               I  ðŸ” MDM SerialNumber value: ......
2026-01-27 18:19:20.902 14631-14772 CdcForegroundService    com.cdccreditsmart.app               I  ðŸ“± ========================================
2026-01-27 18:19:20.902 14631-14772 CdcForegroundService    com.cdccreditsmart.app               I  ðŸ“± AGUARDANDO PAIRING - MDM EM STANDBY
2026-01-27 18:19:20.902 14631-14772 CdcForegroundService    com.cdccreditsmart.app               I  ðŸ“± O usuÃ¡rio ainda nÃ£o fez o pareamento inicial
2026-01-27 18:19:20.902 14631-14772 CdcForegroundService    com.cdccreditsmart.app               I  ðŸ“± ServiÃ§os MDM serÃ£o ativados apÃ³s inserir cÃ³digo do contrato
2026-01-27 18:19:20.902 14631-14772 CdcForegroundService    com.cdccreditsmart.app               I  ðŸ“± NOTA: isMdmInitialized permanece FALSE para permitir reinicializaÃ§Ã£o
2026-01-27 18:19:20.902 14631-14772 CdcForegroundService    com.cdccreditsmart.app               I  ðŸ“± ========================================
2026-01-27 18:19:21.461 14631-14631 PermissionGateManager   com.cdccreditsmart.app               W  âš ï¸ Device Owner: 2 permissÃ£o(Ãµes) pendente(s)
2026-01-27 18:19:21.461 14631-14631 PermissionGateManager   com.cdccreditsmart.app               W     â†’ Falta: Acesso ao Uso de Apps
2026-01-27 18:19:21.461 14631-14631 PermissionGateManager   com.cdccreditsmart.app               W     â†’ Falta: Exibir sobre outros apps
2026-01-27 18:19:22.156 14631-14631 SettingsGuardService    com.cdccreditsmart.app               I  â¸ï¸ Guard PAUSADO para fluxo de permissÃµes (timeout: 30s)
2026-01-27 18:19:22.192 14631-14631 CDCDeviceAdminReceiver  com.cdccreditsmart.app               I  User added: UserHandle{14}
2026-01-27 18:19:22.267 14631-14772 SettingsGuardService    com.cdccreditsmart.app               I  â–¶ï¸ App CDC em foreground - fluxo de permissÃ£o concluÃ­do
2026-01-27 18:19:22.267 14631-14772 SettingsGuardService    com.cdccreditsmart.app               I  â–¶ï¸ Guard RETOMADO apÃ³s fluxo de permissÃµes
---------------------------- PROCESS STARTED (15614) for package com.cdccreditsmart.app ----------------------------
2026-01-27 18:19:23.010 14631-14775 mali_gralloc            com.cdccreditsmart.app               D  unregister: id=33500000749, handle=0xb4000078dc5a2c90, base=0x0, importpid=14631, count:0
2026-01-27 18:19:23.011 14631-14775 OpenGLRenderer          com.cdccreditsmart.app               D  endAllActiveAnimators on 0xb4000079ec5ab9e0 (UnprojectedRipple) with handle 0xb40000795c5efa30
2026-01-27 18:19:23.023 14631-14821 mali_gralloc            com.cdccreditsmart.app               D  unregister: id=33500000748, handle=0xb4000078dc5a49d0, base=0x0, importpid=14631, count:0
2026-01-27 18:19:23.034 14631-14631 mali_gralloc            com.cdccreditsmart.app               D  unregister: id=3350000074a, handle=0xb4000078dc5a64d0, base=0x0, importpid=14631, count:0
2026-01-27 18:19:23.037 14631-14631 mali_gralloc            com.cdccreditsmart.app               D  unregister: id=33500000747, handle=0xb4000078dc5a38f0, base=0x0, importpid=14631, count:0
2026-01-27 18:19:23.521 15614-15614 nativeloader            com.cdccreditsmart.app               D  Configuring clns-4 for other apk /data/app/~~Gh0xbzDw6pCuHsf6cpfE9w==/com.cdccreditsmart.app-h1a8lw245kValLkharySUw==/base.apk. target_sdk_version=35, uses_libraries=, library_path=/data/app/~~Gh0xbzDw6pCuHsf6cpfE9w==/com.cdccreditsmart.app-h1a8lw245kValLkharySUw==/lib/arm64:/data/app/~~Gh0xbzDw6pCuHsf6cpfE9w==/com.cdccreditsmart.app-h1a8lw245kValLkharySUw==/base.apk!/lib/arm64-v8a, permitted_path=/data:/mnt/expand:/data/user/14/com.cdccreditsmart.app
2026-01-27 18:19:23.528 15614-15614 CheckTime               com.cdccreditsmart.app               W  App running slow: Executing application classloader create took 1283ms
2026-01-27 18:19:23.626 15614-15614 GraphicsEnvironment     com.cdccreditsmart.app               V  Currently set values for:
2026-01-27 18:19:23.627 15614-15614 GraphicsEnvironment     com.cdccreditsmart.app               V    angle_gl_driver_selection_pkgs=[]
2026-01-27 18:19:23.627 15614-15614 GraphicsEnvironment     com.cdccreditsmart.app               V    angle_gl_driver_selection_values=[]
2026-01-27 18:19:23.632 15614-15614 GraphicsEnvironment     com.cdccreditsmart.app               V  ANGLE GameManagerService for com.cdccreditsmart.app: false
2026-01-27 18:19:23.632 15614-15614 GraphicsEnvironment     com.cdccreditsmart.app               V  com.cdccreditsmart.app is not listed in per-application setting
2026-01-27 18:19:23.633 15614-15614 GraphicsEnvironment     com.cdccreditsmart.app               V  Neither updatable production driver nor prerelease driver is supported.
2026-01-27 18:19:23.885 15614-15614 Compatibil...geReporter com.cdccreditsmart.app               D  Compat change id reported: 183155436; UID 1410263; state: ENABLED
2026-01-27 18:19:23.927 15614-15614 FirebaseApp             com.cdccreditsmart.app               I  Device unlocked: initializing all Firebase APIs for app [DEFAULT]
2026-01-27 18:19:24.048 15614-15614 FirebaseInitProvider    com.cdccreditsmart.app               I  FirebaseApp initialization successful
2026-01-27 18:19:24.098 15614-15614 WM-WrkMgrInitializer    com.cdccreditsmart.app               D  Initializing WorkManager with default configuration.
2026-01-27 18:19:24.311 15614-15614 WM-PackageManagerHelper com.cdccreditsmart.app               D  androidx.work.impl.background.systemjob.SystemJobService enabled
2026-01-27 18:19:24.311 15614-15614 WM-Schedulers           com.cdccreditsmart.app               D  Created SystemJobScheduler and enabled SystemJobService
2026-01-27 18:19:24.341 15614-15614 CheckTime               com.cdccreditsmart.app               W  App running slow: Executing handleBindApplication : installContentProviders took 556ms
2026-01-27 18:19:24.350 15614-15614 CrashHandler            com.cdccreditsmart.app               I  âœ… Global crash handler instalado
2026-01-27 18:19:24.350 15614-15614 CDCApplication          com.cdccreditsmart.app               I  ðŸš€ CDC Credit Smart Application iniciando...
2026-01-27 18:19:24.465 15614-15614 CDCApplication          com.cdccreditsmart.app               I  ðŸ” PRIORIDADE 0: Concedendo permissÃµes IMEDIATAMENTE...
2026-01-27 18:19:24.465 15614-15614 CDCApplication          com.cdccreditsmart.app               I  ========================================
2026-01-27 18:19:24.465 15614-15614 CDCApplication          com.cdccreditsmart.app               I  ðŸ” Verificando status de Device Owner...
2026-01-27 18:19:24.474 15614-15614 CDCApplication          com.cdccreditsmart.app               I  Device Owner Status: âŒ NÃƒO
2026-01-27 18:19:24.474 15614-15614 CDCApplication          com.cdccreditsmart.app               I  Package Name: com.cdccreditsmart.app
2026-01-27 18:19:24.474 15614-15614 CDCApplication          com.cdccreditsmart.app               E  
2026-01-27 18:19:24.475 15614-15614 CDCApplication          com.cdccreditsmart.app               E  â•”â•â•â•â•â•â•â•â•â•â•â•â•â•â•â•â•â•â•â•â•â•â•â•â•â•â•â•â•â•â•â•â•â•â•â•â•â•â•â•â•â•â•â•â•â•â•â•â•â•â•â•â•â•â•â•â•â•—
2026-01-27 18:19:24.475 15614-15614 CDCApplication          com.cdccreditsmart.app               E  â•‘  âš ï¸  APP NÃƒO ESTÃ PROVISIONADO COMO DEVICE OWNER  âš ï¸   â•‘
2026-01-27 18:19:24.475 15614-15614 CDCApplication          com.cdccreditsmart.app               E  â• â•â•â•â•â•â•â•â•â•â•â•â•â•â•â•â•â•â•â•â•â•â•â•â•â•â•â•â•â•â•â•â•â•â•â•â•â•â•â•â•â•â•â•â•â•â•â•â•â•â•â•â•â•â•â•â•â•£
2026-01-27 18:19:24.475 15614-15614 CDCApplication          com.cdccreditsmart.app               E  â•‘  O app precisa ser provisionado como Device Owner      â•‘
2026-01-27 18:19:24.475 15614-15614 CDCApplication          com.cdccreditsmart.app               E  â•‘  ANTES de poder conceder permissÃµes automaticamente.   â•‘
2026-01-27 18:19:24.475 15614-15614 CDCApplication          com.cdccreditsmart.app               E  â•‘                                                        â•‘
2026-01-27 18:19:24.475 15614-15614 CDCApplication          com.cdccreditsmart.app               E  â•‘  Provisione o dispositivo usando um dos mÃ©todos:       â•‘
2026-01-27 18:19:24.475 15614-15614 CDCApplication          com.cdccreditsmart.app               E  â•‘  1. ADB: adb shell dpm set-device-owner ...           â•‘
2026-01-27 18:19:24.475 15614-15614 CDCApplication          com.cdccreditsmart.app               E  â•‘  2. QR Code durante setup inicial                      â•‘
2026-01-27 18:19:24.475 15614-15614 CDCApplication          com.cdccreditsmart.app               E  â•‘  3. NFC durante setup inicial                          â•‘
2026-01-27 18:19:24.475 15614-15614 CDCApplication          com.cdccreditsmart.app               E  â•‘  4. Samsung Knox Mobile Enrollment                     â•‘
2026-01-27 18:19:24.475 15614-15614 CDCApplication          com.cdccreditsmart.app               E  â•šâ•â•â•â•â•â•â•â•â•â•â•â•â•â•â•â•â•â•â•â•â•â•â•â•â•â•â•â•â•â•â•â•â•â•â•â•â•â•â•â•â•â•â•â•â•â•â•â•â•â•â•â•â•â•â•â•â•
2026-01-27 18:19:24.475 15614-15614 CDCApplication          com.cdccreditsmart.app               E  
2026-01-27 18:19:24.475 15614-15614 CDCApplication          com.cdccreditsmart.app               I  ========================================
2026-01-27 18:19:24.475 15614-15614 CDCApplication          com.cdccreditsmart.app               I  ðŸ›¡ï¸ PRIORIDADE 0: Desabilitando Play Protect...
2026-01-27 18:19:24.492 15614-15614 CDCApplication          com.cdccreditsmart.app               D  App nao e Device Owner - Play Protect nao sera desabilitado
2026-01-27 18:19:24.492 15614-15614 CDCApplication          com.cdccreditsmart.app               I  ðŸš€ PRIORIDADE 1: Iniciando serviÃ§os crÃ­ticos IMEDIATAMENTE...
2026-01-27 18:19:24.493 15614-15614 CDCApplication          com.cdccreditsmart.app               D  â¸ï¸ App nÃ£o Ã© Device Owner - SettingsGuard serÃ¡ iniciado normalmente
2026-01-27 18:19:24.493 15614-15614 CDCApplication          com.cdccreditsmart.app               I  ðŸ”’ Iniciando sistema Keep Alive...
2026-01-27 18:19:24.499 15614-15614 KeepAliveManager        com.cdccreditsmart.app               I  ðŸ”’ ========================================
2026-01-27 18:19:24.499 15614-15614 KeepAliveManager        com.cdccreditsmart.app               I  ðŸ”’ INICIANDO SISTEMA KEEP ALIVE
2026-01-27 18:19:24.499 15614-15614 KeepAliveManager        com.cdccreditsmart.app               I  ðŸ”’ ========================================
2026-01-27 18:19:24.544 15614-15614 KeepAliveManager        com.cdccreditsmart.app               I  âœ… ServiceWatchdogWorker agendado (15min)
2026-01-27 18:19:24.545 15614-15614 Compatibil...geReporter com.cdccreditsmart.app               D  Compat change id reported: 160794467; UID 1410263; state: ENABLED
2026-01-27 18:19:24.558 15614-15614 KeepAliveManager        com.cdccreditsmart.app               I  âœ… AlarmManager wakeup agendado (10min)
2026-01-27 18:19:24.562 15614-15614 KeepAliveManager        com.cdccreditsmart.app               I  âœ… App isento de otimizaÃ§Ã£o de bateria
2026-01-27 18:19:24.562 15614-15614 KeepAliveManager        com.cdccreditsmart.app               I  ðŸ”’ Sistema Keep Alive ativo
2026-01-27 18:19:24.562 15614-15614 KeepAliveManager        com.cdccreditsmart.app               I  ðŸ”’ - WorkManager: verificaÃ§Ã£o a cada 15min
2026-01-27 18:19:24.563 15614-15614 KeepAliveManager        com.cdccreditsmart.app               I  ðŸ”’ - AlarmManager: wakeup a cada 10min
2026-01-27 18:19:24.563 15614-15614 KeepAliveManager        com.cdccreditsmart.app               I  ðŸ”’ ========================================
2026-01-27 18:19:24.569 15614-15614 CDCApplication          com.cdccreditsmart.app               I  ðŸ“Š Keep Alive Stats:
2026-01-27 18:19:24.569 15614-15614 CDCApplication          com.cdccreditsmart.app               I     - Restarts anteriores: 0
2026-01-27 18:19:24.569 15614-15614 CDCApplication          com.cdccreditsmart.app               I     - OtimizaÃ§Ã£o bateria: NÃƒO (bom)
2026-01-27 18:19:24.689 14631-14758 FA                      com.cdccreditsmart.app               I  Application backgrounded at: timestamp_millis: 1769548762648
2026-01-27 18:19:24.842 15614-16002 Compatibil...geReporter com.cdccreditsmart.app               D  Compat change id reported: 194532703; UID 1410263; state: ENABLED
2026-01-27 18:19:24.843 15614-16002 Compatibil...geReporter com.cdccreditsmart.app               D  Compat change id reported: 253665015; UID 1410263; state: ENABLED
2026-01-27 18:19:25.044 14631-14631 CDCDeviceAdminReceiver  com.cdccreditsmart.app               I  User started: UserHandle{14}
2026-01-27 18:19:25.051 15614-15958 TrafficStats            com.cdccreditsmart.app               D  tagSocket(102) with statsTag=0x8001, statsUid=-1
2026-01-27 18:19:25.416 15614-15614 SecureTokenStorage      com.cdccreditsmart.app               D  EncryptedSharedPreferences initialized successfully
2026-01-27 18:19:25.473 15614-15614 ContractCodeStorage     com.cdccreditsmart.app               D  Retrieving contract code from storage
2026-01-27 18:19:26.313 15614-15614 ContractCodeStorage     com.cdccreditsmart.app               D  Storage verification: 0 valid, 0 tampered, 7 missing
2026-01-27 18:19:26.314 15614-15614 ContractCodeStorage     com.cdccreditsmart.app               W  No valid contract code found in any location
2026-01-27 18:19:26.317 15614-15614 CDCApplication          com.cdccreditsmart.app               I  â¸ï¸ Sem tokens - aguardando pairing para iniciar serviÃ§o MDM
2026-01-27 18:19:26.324 15614-15614 CDCApplication          com.cdccreditsmart.app               I  âœ… ServiÃ§os crÃ­ticos iniciados em menos de 1 segundo!
2026-01-27 18:19:26.325 15614-15614 CheckTime               com.cdccreditsmart.app               W  App running slow: Executing handleBindApplication : callApplicationOnCreate took 1985ms
2026-01-27 18:19:26.329 15614-16115 CDCApplication          com.cdccreditsmart.app               I  ðŸ”„ PRIORIDADE 2: Iniciando operaÃ§Ãµes pesadas em BACKGROUND...
2026-01-27 18:19:26.332 15614-16117 CDCApplication          com.cdccreditsmart.app               I  ðŸ§¹ ========================================
2026-01-27 18:19:26.332 15614-16117 CDCApplication          com.cdccreditsmart.app               I  ðŸ§¹ LIMPANDO ESTADO DE BLOQUEIO OBSOLETO
2026-01-27 18:19:26.332 15614-16117 CDCApplication          com.cdccreditsmart.app               I  ðŸ§¹ ========================================
2026-01-27 18:19:26.332 15614-16117 CDCApplication          com.cdccreditsmart.app               I  ðŸ§¹ Dispositivo nÃ£o estÃ¡ pareado - bloqueio anterior serÃ¡ removido
2026-01-27 18:19:26.343 15614-16115 AppProtectionManager    com.cdccreditsmart.app               I  
2026-01-27 18:19:26.343 15614-16115 AppProtectionManager    com.cdccreditsmart.app               I  â•”â•â•â•â•â•â•â•â•â•â•â•â•â•â•â•â•â•â•â•â•â•â•â•â•â•â•â•â•â•â•â•â•â•â•â•â•â•â•â•â•â•â•â•â•â•â•â•â•â•â•â•â•â•â•â•â•â•â•â•â•â•â•â•â•â•—
2026-01-27 18:19:26.343 15614-16115 AppProtectionManager    com.cdccreditsmart.app               I  â•‘     ðŸ›¡ï¸ APLICANDO MELHOR PROTEÃ‡ÃƒO DISPONÃVEL                    â•‘
2026-01-27 18:19:26.343 15614-16115 AppProtectionManager    com.cdccreditsmart.app               I  â•‘           CDC CREDIT SMART - PROTEÃ‡ÃƒO EM CAMADAS              â•‘
2026-01-27 18:19:26.343 15614-16115 AppProtectionManager    com.cdccreditsmart.app               I  â•šâ•â•â•â•â•â•â•â•â•â•â•â•â•â•â•â•â•â•â•â•â•â•â•â•â•â•â•â•â•â•â•â•â•â•â•â•â•â•â•â•â•â•â•â•â•â•â•â•â•â•â•â•â•â•â•â•â•â•â•â•â•â•â•â•â•
2026-01-27 18:19:26.343 15614-16115 AppProtectionManager    com.cdccreditsmart.app               I  
2026-01-27 18:19:26.345 15614-15614 CDCDeviceAdminService   com.cdccreditsmart.app               I  âœ… Device Admin Service created - System is communicating with CDC DPC
2026-01-27 18:19:26.347 15614-16115 AppProtectionManager    com.cdccreditsmart.app               I  ðŸ“‹ STATUS ATUAL:
2026-01-27 18:19:26.347 15614-16115 AppProtectionManager    com.cdccreditsmart.app               I     Device Owner: NÃƒO
2026-01-27 18:19:26.347 15614-16115 AppProtectionManager    com.cdccreditsmart.app               I     Device Admin: SIM
2026-01-27 18:19:26.347 15614-16115 AppProtectionManager    com.cdccreditsmart.app               I  
2026-01-27 18:19:26.347 15614-16115 AppProtectionManager    com.cdccreditsmart.app               I  ðŸ” NÃVEL: DEVICE ADMIN (ProteÃ§Ã£o Parcial)
2026-01-27 18:19:26.347 15614-16115 AppProtectionManager    com.cdccreditsmart.app               I  ========================================
2026-01-27 18:19:26.347 15614-16115 AppProtectionManager    com.cdccreditsmart.app               I  ðŸ” APLICANDO PROTEÃ‡Ã•ES DE DEVICE ADMIN
2026-01-27 18:19:26.347 15614-16115 AppProtectionManager    com.cdccreditsmart.app               I  ========================================
2026-01-27 18:19:26.347 15614-16115 AppProtectionManager    com.cdccreditsmart.app               I  [1/3] Device Admin ativo - desinstalaÃ§Ã£o requer desativar admin primeiro
2026-01-27 18:19:26.347 15614-16115 AppProtectionManager    com.cdccreditsmart.app               I        â†’ UsuÃ¡rio precisa ir em Settings > Security > Device Admins
2026-01-27 18:19:26.347 15614-16115 AppProtectionManager    com.cdccreditsmart.app               I        â†’ Desativar 'CDC Credit Smart' antes de desinstalar
2026-01-27 18:19:26.347 15614-16115 AppProtectionManager    com.cdccreditsmart.app               I  
2026-01-27 18:19:26.347 15614-16115 AppProtectionManager    com.cdccreditsmart.app               I  [2/3] Aplicando persistÃªncia bÃ¡sica...
2026-01-27 18:19:26.347 15614-16115 AppProtectionManager    com.cdccreditsmart.app               I     Iniciando serviÃ§os de persistÃªncia...
2026-01-27 18:19:26.347 15614-16117 CDCApplication          com.cdccreditsmart.app               I  ðŸ§¹ Estado anterior encontrado:
2026-01-27 18:19:26.347 15614-16117 CDCApplication          com.cdccreditsmart.app               I     NÃ­vel: 0
2026-01-27 18:19:26.347 15614-16117 CDCApplication          com.cdccreditsmart.app               I     Bloqueio manual: false
2026-01-27 18:19:26.347 15614-16117 CDCApplication          com.cdccreditsmart.app               I  ðŸ§¹ Nenhum bloqueio ativo - nada a limpar
2026-01-27 18:19:26.347 15614-16117 CDCApplication          com.cdccreditsmart.app               I  ðŸ§¹ ========================================
2026-01-27 18:19:26.353 15614-15614 FactoryResetRecovery    com.cdccreditsmart.app               I  ========================================
2026-01-27 18:19:26.353 15614-15614 FactoryResetRecovery    com.cdccreditsmart.app               I  ðŸ”„ BOOT DETECTADO (android.intent.action.LOCKED_BOOT_COMPLETED) - Verificando recuperaÃ§Ã£o
2026-01-27 18:19:26.353 15614-15614 FactoryResetRecovery    com.cdccreditsmart.app               I  ========================================
2026-01-27 18:19:26.355 15614-15614 CheckTime               com.cdccreditsmart.app               W  App running slow: Executing com.cdccreditsmart.app.recovery.FactoryResetRecoveryReceiver scheduleReceive took 4162ms
2026-01-27 18:19:26.358 15614-15614 Choreographer           com.cdccreditsmart.app               I  Skipped 182 frames!  The application may be doing too much work on its main thread.
2026-01-27 18:19:26.365 15614-16115 AppProtectionManager    com.cdccreditsmart.app               I     âœ… Foreground Service iniciado
2026-01-27 18:19:26.367 15614-16115 AppProtectionManager    com.cdccreditsmart.app               I     âœ… ServiceWatchdog agendado (15 min)
2026-01-27 18:19:26.367 15614-16115 AppProtectionManager    com.cdccreditsmart.app               I  
2026-01-27 18:19:26.368 15614-16115 AppProtectionManager    com.cdccreditsmart.app               I  [3/3] ProteÃ§Ãµes de Device Admin limitadas:
2026-01-27 18:19:26.368 15614-16115 AppProtectionManager    com.cdccreditsmart.app               I        âŒ setUninstallBlocked: Requer Device Owner
2026-01-27 18:19:26.368 15614-16115 AppProtectionManager    com.cdccreditsmart.app               I        âŒ setUserControlDisabledPackages: Requer Device Owner
2026-01-27 18:19:26.368 15614-16115 AppProtectionManager    com.cdccreditsmart.app               I        âŒ addUserRestriction: Requer Device Owner
2026-01-27 18:19:26.368 15614-16115 AppProtectionManager    com.cdccreditsmart.app               I        âœ… DesinstalaÃ§Ã£o requer desativar admin primeiro
2026-01-27 18:19:26.368 15614-16115 AppProtectionManager    com.cdccreditsmart.app               I        âœ… Foreground Service mantÃ©m app ativo
2026-01-27 18:19:26.368 15614-16115 AppProtectionManager    com.cdccreditsmart.app               I        âœ… WorkManager mantÃ©m tarefas executando
2026-01-27 18:19:26.368 15614-16115 AppProtectionManager    com.cdccreditsmart.app               I  ========================================
2026-01-27 18:19:26.368 15614-16115 AppProtectionManager    com.cdccreditsmart.app               I  ðŸ“Š RESUMO: Device Admin ativo com proteÃ§Ãµes parciais
2026-01-27 18:19:26.368 15614-16115 AppProtectionManager    com.cdccreditsmart.app               I  ========================================
2026-01-27 18:19:26.368 15614-16115 AppProtectionManager    com.cdccreditsmart.app               I  
2026-01-27 18:19:26.368 15614-16115 CDCApplication          com.cdccreditsmart.app               I  
2026-01-27 18:19:26.368 15614-16115 CDCApplication          com.cdccreditsmart.app               I  â•”â•â•â•â•â•â•â•â•â•â•â•â•â•â•â•â•â•â•â•â•â•â•â•â•â•â•â•â•â•â•â•â•â•â•â•â•â•â•â•â•â•â•â•â•â•â•â•â•â•â•â•â•â•â•â•â•â•â•â•â•â•—
2026-01-27 18:19:26.368 15614-16115 CDCApplication          com.cdccreditsmart.app               I  â•‘     RESULTADO DA APLICAÃ‡ÃƒO DE PROTEÃ‡Ã•ES                    â•‘
2026-01-27 18:19:26.368 15614-16115 CDCApplication          com.cdccreditsmart.app               I  â•šâ•â•â•â•â•â•â•â•â•â•â•â•â•â•â•â•â•â•â•â•â•â•â•â•â•â•â•â•â•â•â•â•â•â•â•â•â•â•â•â•â•â•â•â•â•â•â•â•â•â•â•â•â•â•â•â•â•â•â•â•â•
2026-01-27 18:19:26.368 15614-16115 CDCApplication          com.cdccreditsmart.app               I     NÃ­vel: DEVICE_ADMIN
2026-01-27 18:19:26.369 15614-16115 CDCApplication          com.cdccreditsmart.app               I     ProteÃ§Ãµes aplicadas: 2
2026-01-27 18:19:26.369 15614-16115 CDCApplication          com.cdccreditsmart.app               I     Status: PROTEÃ‡ÃƒO PARCIAL (Device Admin)
2026-01-27 18:19:26.369 15614-16115 CDCApplication          com.cdccreditsmart.app               I     DesinstalaÃ§Ã£o requer desativar admin primeiro
2026-01-27 18:19:26.369 15614-16115 CDCApplication          com.cdccreditsmart.app               I  â•šâ•â•â•â•â•â•â•â•â•â•â•â•â•â•â•â•â•â•â•â•â•â•â•â•â•â•â•â•â•â•â•â•â•â•â•â•â•â•â•â•â•â•â•â•â•â•â•â•â•â•â•â•â•â•â•â•â•â•â•â•â•
2026-01-27 18:19:26.369 15614-16115 CDCApplication          com.cdccreditsmart.app               I  
2026-01-27 18:19:26.375 15614-15614 CdcForegroundService    com.cdccreditsmart.app               D  ðŸ“± ServiÃ§o onCreate()
2026-01-27 18:19:26.376 15614-16116 CDCApplication          com.cdccreditsmart.app               D  ðŸ‘¤ App nÃ£o Ã© Device Owner - pulando criaÃ§Ã£o de usuÃ¡rio secundÃ¡rio
2026-01-27 18:19:26.380 15614-16117 ContractCodeStorage     com.cdccreditsmart.app               D  Retrieving contract code from storage
2026-01-27 18:19:26.382 15614-16115 TamperDetection         com.cdccreditsmart.app               I  ========================================
2026-01-27 18:19:26.382 15614-16115 TamperDetection         com.cdccreditsmart.app               I  ðŸ” VERIFICANDO INTEGRIDADE DO DISPOSITIVO
2026-01-27 18:19:26.382 15614-16115 TamperDetection         com.cdccreditsmart.app               I  ========================================
2026-01-27 18:19:26.387 15614-15614 CdcForegroundService    com.cdccreditsmart.app               D  âœ… Canal de notificaÃ§Ã£o criado
2026-01-27 18:19:26.390 15614-15614 CdcForegroundService    com.cdccreditsmart.app               I  âœ… ScreenStateReceiver registrado (inclui ACTION_USER_PRESENT para detectar screen unlock)
2026-01-27 18:19:26.391 15614-15614 CdcForegroundService    com.cdccreditsmart.app               D  ðŸš€ ServiÃ§o onStartCommand() - Action: null
2026-01-27 18:19:26.415 15614-15614 CdcForegroundService    com.cdccreditsmart.app               I  âœ… Foreground Service ativo (Android 12+)
2026-01-27 18:19:26.418 15614-16120 CdcForegroundService    com.cdccreditsmart.app               I  ðŸ”§ ========================================
2026-01-27 18:19:26.418 15614-16120 CdcForegroundService    com.cdccreditsmart.app               I  ðŸ”§ INICIANDO initializeServices()...
2026-01-27 18:19:26.418 15614-16120 CdcForegroundService    com.cdccreditsmart.app               I  ðŸ”§ ========================================
2026-01-27 18:19:26.420 15614-16120 CdcForegroundService    com.cdccreditsmart.app               I  ðŸ“± Rodando em usuÃ¡rio secundÃ¡rio gerenciado (User ID: 14)
2026-01-27 18:19:26.422 15614-16115 TamperDetection         com.cdccreditsmart.app               I  âœ… Primeira instalaÃ§Ã£o detectada
2026-01-27 18:19:26.422 15614-16115 TamperDetection         com.cdccreditsmart.app               I     Token e deviceId nÃ£o existem - app nunca foi pareado
2026-01-27 18:19:26.422 15614-16115 TamperDetection         com.cdccreditsmart.app               I  ========================================
2026-01-27 18:19:26.423 15614-16120 CdcForegroundService    com.cdccreditsmart.app               I  ðŸ“± Dados de enrollment existem apenas no usuÃ¡rio primÃ¡rio
2026-01-27 18:19:26.423 15614-16120 CdcForegroundService    com.cdccreditsmart.app               I  ðŸ“± ServiÃ§o MDM nÃ£o serÃ¡ inicializado neste usuÃ¡rio
2026-01-27 18:19:26.423 15614-16120 CdcForegroundService    com.cdccreditsmart.app               I  ðŸ”§ ========================================
2026-01-27 18:19:26.453 15614-15614 CDC_PROVISIONING_DEBUG  com.cdccreditsmart.app               I  [2026-01-27 18:19:26.448] [PID:15614] [TID:2|main] ðŸ PROVISIONING STARTED: Timer started for hang detection
2026-01-27 18:19:26.455 15614-15614 CDC_PROVISIONING_DEBUG  com.cdccreditsmart.app               I  [2026-01-27 18:19:26.453] [PID:15614] [TID:2|main] ðŸ“ˆ CALLBACK PROGRESS: 1/3 completed
2026-01-27 18:19:26.458 15614-15614 CDC_PROVISIONING_DEBUG  com.cdccreditsmart.app               I  [2026-01-27 18:19:26.455] [PID:15614] [TID:2|main] ðŸ“ˆ Completed: onEnabled
2026-01-27 18:19:26.462 15614-15614 CDC_PROVISIONING_DEBUG  com.cdccreditsmart.app               I  [2026-01-27 18:19:26.458] [PID:15614] [TID:2|main] â³ Remaining: onProfileProvisioningComplete, onReadyForUserInitialization
2026-01-27 18:19:26.464 15614-15614 CDCDeviceAdminReceiver  com.cdccreditsmart.app               I  [2026-01-27 18:19:26.462] [PID:15614] [TID:2|main] ðŸ”‘ ==================== DEVICE ADMIN ENABLED ====================
2026-01-27 18:19:26.467 15614-15614 CDCDeviceAdminReceiver  com.cdccreditsmart.app               I  [2026-01-27 18:19:26.464] [PID:15614] [TID:2|main] âœ… Device Admin enabled successfully - CRITICAL CALLBACK FOR WORK PROFILE PREPARATION
2026-01-27 18:19:26.469 15614-15614 CDCDeviceAdminReceiver  com.cdccreditsmart.app               I  [2026-01-27 18:19:26.467] [PID:15614] [TID:2|main] â° Raw timestamp: 1769548766467
2026-01-27 18:19:26.471 15614-16117 ContractCodeStorage     com.cdccreditsmart.app               D  Storage verification: 0 valid, 0 tampered, 7 missing
2026-01-27 18:19:26.471 15614-16117 ContractCodeStorage     com.cdccreditsmart.app               W  No valid contract code found in any location
2026-01-27 18:19:26.471 15614-15614 CDCDeviceAdminReceiver  com.cdccreditsmart.app               I  [2026-01-27 18:19:26.469] [PID:15614] [TID:2|main] ðŸ” Starting comprehensive admin enablement verification...
2026-01-27 18:19:26.474 15614-15614 CDCDeviceAdminReceiver  com.cdccreditsmart.app               I  [2026-01-27 18:19:26.471] [PID:15614] [TID:2|main] ðŸ“‹ Admin component: ComponentInfo{com.cdccreditsmart.app/com.cdccreditsmart.device.CDCDeviceAdminReceiver}
2026-01-27 18:19:26.476 15614-15614 CDCDeviceAdminReceiver  com.cdccreditsmart.app               I  [2026-01-27 18:19:26.474] [PID:15614] [TID:2|main] ðŸ“± Package name: com.cdccreditsmart.app
2026-01-27 18:19:26.478 15614-15614 CDCDeviceAdminReceiver  com.cdccreditsmart.app               I  [2026-01-27 18:19:26.476] [PID:15614] [TID:2|main] ðŸ‘¤ Current user: UserHandle{14}
2026-01-27 18:19:26.480 15614-15614 CDCDeviceAdminReceiver  com.cdccreditsmart.app               I  [2026-01-27 18:19:26.478] [PID:15614] [TID:2|main] ðŸŽ¯ Current user handle: UserHandle{14}
2026-01-27 18:19:26.483 15614-16115 TamperDetection         com.cdccreditsmart.app               I  âœ… Device fingerprint criado: CDC_-175****
2026-01-27 18:19:26.491 15614-16117 ApkPreloadManager       com.cdccreditsmart.app               I  ðŸ“± Fabricante detectado: realme
2026-01-27 18:19:26.495 15614-15614 CDCDeviceAdminReceiver  com.cdccreditsmart.app               I  [2026-01-27 18:19:26.486] [PID:15614] [TID:2|main] ðŸ”’ Device administration status:
2026-01-27 18:19:26.497 15614-15614 CDCDeviceAdminReceiver  com.cdccreditsmart.app               I  [2026-01-27 18:19:26.495] [PID:15614] [TID:2|main]    ðŸ”‘ Admin active: true
2026-01-27 18:19:26.499 15614-15614 CDCDeviceAdminReceiver  com.cdccreditsmart.app               I  [2026-01-27 18:19:26.497] [PID:15614] [TID:2|main]    ðŸ­ Device owner: false
2026-01-27 18:19:26.501 15614-15614 CDCDeviceAdminReceiver  com.cdccreditsmart.app               I  [2026-01-27 18:19:26.499] [PID:15614] [TID:2|main]    ðŸ“‹ Profile owner: true
2026-01-27 18:19:26.508 15614-15614 CDCDeviceAdminReceiver  com.cdccreditsmart.app               I  [2026-01-27 18:19:26.505] [PID:15614] [TID:2|main] ðŸ¢ Work Profile status (CRITICAL FOR PREPARATION):
2026-01-27 18:19:26.510 15614-16115 TamperDetection         com.cdccreditsmart.app               I  
2026-01-27 18:19:26.510 15614-16115 TamperDetection         com.cdccreditsmart.app               I  â•”â•â•â•â•â•â•â•â•â•â•â•â•â•â•â•â•â•â•â•â•â•â•â•â•â•â•â•â•â•â•â•â•â•â•â•â•â•â•â•â•â•â•â•â•â•â•â•â•â•â•â•â•â•â•â•â•â•—
2026-01-27 18:19:26.510 15614-16115 TamperDetection         com.cdccreditsmart.app               I  â•‘    ðŸ“¡ BOOT REPORT ADIADO - AGUARDANDO PAREAMENTO      â•‘
2026-01-27 18:19:26.510 15614-16115 TamperDetection         com.cdccreditsmart.app               I  â• â•â•â•â•â•â•â•â•â•â•â•â•â•â•â•â•â•â•â•â•â•â•â•â•â•â•â•â•â•â•â•â•â•â•â•â•â•â•â•â•â•â•â•â•â•â•â•â•â•â•â•â•â•â•â•â•â•£
2026-01-27 18:19:26.511 15614-16115 TamperDetection         com.cdccreditsmart.app               I  â•‘  â³ Device ainda nÃ£o pareado com contrato              â•‘
2026-01-27 18:19:26.511 15614-15614 CDCDeviceAdminReceiver  com.cdccreditsmart.app               I  [2026-01-27 18:19:26.508] [PID:15614] [TID:2|main]    ðŸ¢ Is managed profile: false
2026-01-27 18:19:26.511 15614-16115 TamperDetection         com.cdccreditsmart.app               I  â•‘  â³ Boot serÃ¡ reportado apÃ³s autenticaÃ§Ã£o              â•‘
2026-01-27 18:19:26.511 15614-16115 TamperDetection         com.cdccreditsmart.app               I  â•‘  â„¹ï¸  Isso Ã© comportamento NORMAL antes do pareamento   â•‘
2026-01-27 18:19:26.511 15614-16115 TamperDetection         com.cdccreditsmart.app               I  â•šâ•â•â•â•â•â•â•â•â•â•â•â•â•â•â•â•â•â•â•â•â•â•â•â•â•â•â•â•â•â•â•â•â•â•â•â•â•â•â•â•â•â•â•â•â•â•â•â•â•â•â•â•â•â•â•â•â•
2026-01-27 18:19:26.511 15614-16115 TamperDetection         com.cdccreditsmart.app               I  
2026-01-27 18:19:26.512 15614-16115 CDCApplication          com.cdccreditsmart.app               I  âœ… OperaÃ§Ãµes pesadas concluÃ­das em background!
2026-01-27 18:19:26.513 15614-16120 CDCApplication          com.cdccreditsmart.app               I  ðŸ”’ Verificando status do SIM no boot da aplicaÃ§Ã£o...
2026-01-27 18:19:26.516 15614-16120 SimSwapManager          com.cdccreditsmart.app               I  ========================================
2026-01-27 18:19:26.516 15614-16120 SimSwapManager          com.cdccreditsmart.app               I  ðŸ”’ SIM SWAP: Iniciando verificaÃ§Ã£o de status do SIM
2026-01-27 18:19:26.516 15614-16120 SimSwapManager          com.cdccreditsmart.app               I  ========================================
2026-01-27 18:19:26.519 15614-16120 SimSwapDetector         com.cdccreditsmart.app               E  ðŸ”’ SIM SWAP: PermissÃ£o READ_PHONE_STATE NÃƒO CONCEDIDA!
2026-01-27 18:19:26.519 15614-16120 SimSwapManager          com.cdccreditsmart.app               E  ðŸ”’ SIM SWAP: Sem permissÃ£o READ_PHONE_STATE - verificaÃ§Ã£o cancelada
2026-01-27 18:19:26.519 15614-16120 SimSwapManager          com.cdccreditsmart.app               I  ========================================
2026-01-27 18:19:26.520 15614-16116 CDCApplication          com.cdccreditsmart.app               W  âš ï¸ VerificaÃ§Ã£o de SIM swap falhou ou encontrou problemas
2026-01-27 18:19:26.521 15614-16117 FactoryResetRecovery    com.cdccreditsmart.app               I  â„¹ï¸ Sem manifesto de enrollment - app iniciarÃ¡ normalmente
2026-01-27 18:19:26.523 15614-15614 CDCDeviceAdminReceiver  com.cdccreditsmart.app               I  [2026-01-27 18:19:26.511] [PID:15614] [TID:2|main]    ðŸ”§ Is system user: false
2026-01-27 18:19:26.525 15614-15614 CDCDeviceAdminReceiver  com.cdccreditsmart.app               I  [2026-01-27 18:19:26.523] [PID:15614] [TID:2|main]    ðŸ”“ Is user unlocked: true
2026-01-27 18:19:26.534 15614-15614 CDCDeviceAdminReceiver  com.cdccreditsmart.app               I  [2026-01-27 18:19:26.531] [PID:15614] [TID:2|main]    ðŸ“± Device provisioned: true
2026-01-27 18:19:26.545 15614-15614 CDCDeviceAdminReceiver  com.cdccreditsmart.app               I  [2026-01-27 18:19:26.541] [PID:15614] [TID:2|main]    ðŸ‘¤ User setup complete: true
2026-01-27 18:19:26.549 15614-15614 CDCDeviceAdminReceiver  com.cdccreditsmart.app               I  [2026-01-27 18:19:26.545] [PID:15614] [TID:2|main] ðŸ” DEVICE CAPABILITIES ANALYSIS (Critical for work profile):
2026-01-27 18:19:26.556 15614-15614 CDCDeviceAdminReceiver  com.cdccreditsmart.app               I  [2026-01-27 18:19:26.553] [PID:15614] [TID:2|main]    ðŸ“· Camera permission grant state: 0
2026-01-27 18:19:26.560 15614-15614 CDCDeviceAdminReceiver  com.cdccreditsmart.app               W  [2026-01-27 18:19:26.558] [PID:15614] [TID:2|main]    ðŸ”’ Could not check lock task packages
2026-01-27 18:19:26.563 15614-15614 CDCDeviceAdminReceiver  com.cdccreditsmart.app               W  Exception details: (Ask Gemini)
                                                                                                    java.lang.SecurityException: User 14 is not allowed to use lock task
                                                                                                    	at android.os.Parcel.createExceptionOrNull(Parcel.java:3079)
                                                                                                    	at android.os.Parcel.createException(Parcel.java:3063)
                                                                                                    	at android.os.Parcel.readException(Parcel.java:3046)
                                                                                                    	at android.os.Parcel.readException(Parcel.java:2988)
                                                                                                    	at android.app.admin.IDevicePolicyManager$Stub$Proxy.getLockTaskPackages(IDevicePolicyManager.java:9557)
                                                                                                    	at android.app.admin.DevicePolicyManager.getLockTaskPackages(DevicePolicyManager.java:12229)
                                                                                                    	at com.cdccreditsmart.device.CDCDeviceAdminReceiver.logDeviceCapabilities(CDCDeviceAdminReceiver.kt:927)
                                                                                                    	at com.cdccreditsmart.device.CDCDeviceAdminReceiver.onEnabled(CDCDeviceAdminReceiver.kt:395)
                                                                                                    	at android.app.admin.DeviceAdminReceiver.onReceive(DeviceAdminReceiver.java:1188)
                                                                                                    	at android.app.ActivityThread.handleReceiver(ActivityThread.java:4558)
                                                                                                    	at android.app.ActivityThread.-$$Nest$mhandleReceiver(Unknown Source:0)
                                                                                                    	at android.app.ActivityThread$H.handleMessage(ActivityThread.java:2348)
                                                                                                    	at android.os.Handler.dispatchMessage(Handler.java:106)
                                                                                                    	at android.os.Looper.loopOnce(Looper.java:205)
                                                                                                    	at android.os.Looper.loop(Looper.java:294)
                                                                                                    	at android.app.ActivityThread.main(ActivityThread.java:8391)
                                                                                                    	at java.lang.reflect.Method.invoke(Native Method)
                                                                                                    	at com.android.internal.os.RuntimeInit$MethodAndArgsCaller.run(RuntimeInit.java:640)
                                                                                                    	at com.android.internal.os.ZygoteInit.main(ZygoteInit.java:995)
2026-01-27 18:19:26.566 15614-15614 CDCDeviceAdminReceiver  com.cdccreditsmart.app               I  [2026-01-27 18:19:26.564] [PID:15614] [TID:2|main]    ðŸ’¾ Storage encryption status: false
