2025-12-09 15:59:22.081   956-997   AppThermalMode          pid-956                              I  [perfNotifyThermalState] hdl:0
2025-12-09 15:59:22.081   956-997   AppThermalMode          pid-956                              I  [findAppThermalIdx] Fail: appThermalModeEnable: 0,currentFPS: -1,fg->pid:24767
2025-12-09 15:59:22.081   956-997   AppThermalMode          pid-956                              I  [perfNotifyThermalState] appThermalIdx -1:
2025-12-09 15:59:22.081   956-997   libPerfCtl              pid-956                              I  xgfGetFPS pid:25141 fps:-1
2025-12-09 15:59:22.081   956-997   AppThermalMode          pid-956                              I  [perfNotifyThermalState] hdl:0
2025-12-09 15:59:22.081   956-997   AppThermalMode          pid-956                              I  [findAppThermalIdx] Fail: appThermalModeEnable: 0,currentFPS: -1,fg->pid:24767
2025-12-09 15:59:22.081   956-997   AppThermalMode          pid-956                              I  [perfNotifyThermalState] appThermalIdx -1:
2025-12-09 15:59:22.085 25791-25868 Athena                  pid-25791                            I  Athena-Worker, handleMessage(h.java:18)
2025-12-09 15:59:22.085 25791-25868 Athena                  pid-25791                            I  Athena init, SDK Version is [3.0.1.3]
2025-12-09 15:59:22.094 21777-21818 TABE                    pid-21777                            I  NOT trigger : User version NOT TOP or Internal App:com.cdccreditsmart.app
2025-12-09 15:59:22.097 25384-25873 Finsky                  pid-25384                            I  [1469] VerifyApps: Setup app restrictions monitor
2025-12-09 15:59:22.101 21777-21818 TABE.CrashHandler       pid-21777                            I  Exception Info{Name='Credit Smart', Pkg='com.cdccreditsmart.app', EType='crash', ProcessType='data_app', EClassName='java.time.format.DateTimeParseException', EMessage='Text '2025-12-22T23:10:29.071Z' could not be parsed, unparsed text found at index 10', IsFG=1, TimeStamp='2025-12-09 15:59:21', Version='1.0.0', Installer='com.google.android.apps.work.clouddpc', LastUpdate=2025-12-09 15:53, Abi='arm64-v8a'} ,isApp=true ,crashsplit=false
2025-12-09 15:59:22.109 13697-25845 FeatureMgr              pid-13697                            W  Attempted to request and unrequest the same feature: appsearch_impl. Ignoring unrequest.
2025-12-09 15:59:22.109 13697-25845 FeatureMgr              pid-13697                            W  Attempted to request and unrequest the same feature: wasmlibs. Ignoring unrequest.
2025-12-09 15:59:22.113  1022-1088  surfaceflinger          pid-1022                             E  == MALI DEBUG ===eglp_winsys_populate_image_templates ==12288
2025-12-09 15:59:22.114  1565-5249  CompatChangeReporter    pid-1565                             D  Compat change id reported: 161145287; UID 1001000; state: ENABLED
2025-12-09 15:59:22.115  1565-3021  BLASTBufferQueue        pid-1565                             D  [VRI[app]#2](f:0,a:1) acquireNextBufferLocked size=1080x580 mFrameNumber=1 applyTransaction=true mTimestamp=776533354353(auto) mPendingTransactions.size=0 graphicBufferId=6721623818305 transform=0
2025-12-09 15:59:22.115 25384-25853 nativeloader            pid-25384                            D  Load /data/app/~~kKam-p30tuaGYg7h1q3NTA==/com.android.vending-MHxjKOseI87h7ttiuPOupg==/split_config.arm64_v8a.apk!/lib/arm64-v8a/libcronet.144.0.7500.8.so using ns clns-7 from class loader (caller=/data/app/~~kKam-p30tuaGYg7h1q3NTA==/com.android.vending-MHxjKOseI87h7ttiuPOupg==/base.apk): ok
2025-12-09 15:59:22.116  1565-1657  WindowManager           pid-1565                             D  System monitor finishDrawingWindow w: Window{d74ff01 u0 Application Error: com.cdccreditsmart.app}; mDrawState = DRAW_PENDING
2025-12-09 15:59:22.118  1565-1660  WindowManager           pid-1565                             I    isAnimating=false  okToAnimate=true  win=Window{d74ff01 u0 Application Error: com.cdccreditsmart.app}
2025-12-09 15:59:22.118 22223-22223 StatusBarM...Repository pid-22223                            I  isInFullscreenMode:false android
2025-12-09 15:59:22.119 25384-25854 Finsky                  pid-25384                            I  [1456] Subscription detail: DataSubscriptionInfo{groupIdLevel1=null, serviceProviderName=[9BvP-nRjsW-f6jKTpVBYlxh3eQK0QGxE4xUNrXxHvDw], simCarrierId=530}
2025-12-09 15:59:22.119  1022-4133  BufferQueueDebug        pid-1022                             I  [Surface(name=d74ff01 Application Error: com.cdccreditsmart.app)/@0xdb73f23 - animation-leash of window_animation#1302](this:0xb400007b7aaa0188,id:-1,api:0,p:-1,c:-1) BufferQueue core=(1022:/system/bin/surfaceflinger)
2025-12-09 15:59:22.121  1565-1657  ApplicationHelper       pid-1565                             E  Fail to get PackageManager
2025-12-09 15:59:22.121  1565-1657  ApplicationHelper       pid-1565                             E  Fail to get PackageManager
2025-12-09 15:59:22.121  1565-1657  ApplicationHelper       pid-1565                             E  Fail to get PackageManager
2025-12-09 15:59:22.121  1565-1657  ApplicationHelper       pid-1565                             E  Fail to get PackageManager
2025-12-09 15:59:22.121  1565-1657  ApplicationHelper       pid-1565                             E  Fail to get PackageManager
2025-12-09 15:59:22.124 25384-25873 Finsky                  pid-25384                            I  [1469] VerifyApps: Device wide unknown source restriction updated
2025-12-09 15:59:22.124  1565-13466 RoleContro...erviceImpl pid-1565                             E  Default/fallback role holder package doesn't qualify for the role, package: com.transsion.settings.nfc, role: android.app.role.WALLET
2025-12-09 15:59:22.126 25384-25851 Finsky                  pid-25384                            I  [1453] playLoggingServerUrl: https://play.googleapis.com/play/log
2025-12-09 15:59:22.126  1203-1203  uas-service             pid-1203                             D  thread(pid=1661) ux_exact_android.anim.lf is uxtag 0x100420 ref 0x1
2025-12-09 15:59:22.127  1022-4133  BufferQueueDebug        pid-1022                             I  [Dim Layer for - WindowedMagnification:0:31#1303](this:0xb400007b7ab676e8,id:-1,api:0,p:-1,c:-1) BufferQueue core=(1022:/system/bin/surfaceflinger)
2025-12-09 15:59:22.127  1565-1708  mtkpower_client         pid-1565                             I  perf_cus_lock_hint hint:101, dur:200, pid:1565
2025-12-09 15:59:22.127   956-974   AppFlingMode            pid-956                              D  [CheckAppFlingHint] 101 com.cdccreditsmart.app -1
2025-12-09 15:59:22.128   956-1025  libPowerHal             pid-956                              I  [setGPUFreq] MTKPOWER_HINT_LAUNCHER_ANIMA user set gpu freq min:0, max:-1
2025-12-09 15:59:22.128   956-1025  libPowerHal             pid-956                              I  MTKPOWER_HINT_LAUNCHER_ANIMA: set gpu opp level max: 0
2025-12-09 15:59:22.128  1565-1824  ActivityManager         pid-1565                             I  Start proc 25744:com.android.vending:background/u10a112 for broadcast {com.android.vending/com.google.android.finsky.packagemonitor.backgroundimpl.BackgroundPackageMonitorReceiverImpl$RegisteredReceiver}
2025-12-09 15:59:22.128   956-1025  libPowerHal             pid-956                              I  [setGPUFreq] Soft min/max = (0, 0); Hard min/max = (44, 0)
2025-12-09 15:59:22.128   956-1025  libPowerHal             pid-956                              I  [setGPUFreq] final min/max = (0, 0)
2025-12-09 15:59:22.128   956-1025  libPowerHal             pid-956                              I  MTKPOWER_HINT_LAUNCHER_ANIMA: set gpu opp level: 0
2025-12-09 15:59:22.128   956-1025  libPowerHal             pid-956                              I  MTKPOWER_HINT_LAUNCHER_ANIMA: set gpu opp level max: 0
2025-12-09 15:59:22.129  1565-1708  mtkpower_client         pid-1565                             I  perf_cus_lock_hint, ret_hdl:1929
2025-12-09 15:59:22.129  1565-1708  PowerHalMgrImpl         pid-1565                             I  hdl:1929, pid:1565 
2025-12-09 15:59:22.130 25384-25851 Finsky                  pid-25384                            I  [1453] playLoggingServerTimestampUrl: https://play.googleapis.com/play/log/timestamp
2025-12-09 15:59:22.131 25384-25384 Settings                pid-25384                            W  Setting download_manager_max_bytes_over_mobile has moved from android.provider.Settings.Secure to android.provider.Settings.Global.
2025-12-09 15:59:22.132  1022-1088  surfaceflinger          pid-1022                             E  == MALI DEBUG ===eglp_winsys_populate_image_templates ==12288
2025-12-09 15:59:22.134 25791-25868 HeartRateO...iceFactory pid-25791                            W  HeartRateOximetryLice is not supported
2025-12-09 15:59:22.134 25791-25868 os.SingleLiceFactory    pid-25791                            D  using android.hardware.ISensorManagerLice$Default@1b26d7e instead of com.transsion.heartrateoximetry.HeartRateOximetryLiceFactory  from android.hardware.ISensorManagerLice
2025-12-09 15:59:22.134 25791-25868 os.LiceInfo             pid-25791                            D  instance successfully. com.transsion.hardware.SensorManagerLice@3c932df from android.hardware.ISensorManagerLice
2025-12-09 15:59:22.135 25744-25744 ding:background         pid-25744                            I  Using CollectorTypeCMC GC.
2025-12-09 15:59:22.137 25744-25744 ding:background         pid-25744                            E  Not starting debugger since process cannot load the jdwp agent.
2025-12-09 15:59:22.137 25791-25868 Athena                  pid-25791                            D  Athena-Worker, h(a.java:2)
2025-12-09 15:59:22.137 25791-25868 Athena                  pid-25791                            D  baseTimeJs = 
2025-12-09 15:59:22.140 25744-25744 nativeloader            pid-25744                            D  Load libframework-connectivity-tiramisu-jni.so using APEX ns com_android_tethering for caller /apex/com.android.tethering/javalib/framework-connectivity-t.jar: ok
2025-12-09 15:59:22.141  3384-10244 IpClient/wlan0          pid-3384                             D  interfaceLinkStateChanged: ifindex 37 up
2025-12-09 15:59:22.142  1559-1582  [BIP]                   pid-1559                             I   [BIP NL] event newlink match dev 0, interface index 37
2025-12-09 15:59:22.142  1559-1582  [BIP]                   pid-1559                             I   [BIP NL] the link status of interface(index:0) changes to 1
2025-12-09 15:59:22.144  3072-10234 WifiHAL                 pid-3072                             D  event received NL80211_CMD_NEW_SCAN_RESULTS
2025-12-09 15:59:22.144  1565-1708  mtkpower_client         pid-1565                             I  perf_cus_lock_hint hint:101, dur:200, pid:1565
2025-12-09 15:59:22.144  1560-1573  VoLTE IMSM              pid-1560                             D  send CTRL_CMD_GET_SCAN (module/mdagent/volte_imsm_93/src/wireless.c:584)
2025-12-09 15:59:22.144   956-974   AppFlingMode            pid-956                              D  [CheckAppFlingHint] 101 com.cdccreditsmart.app -1
2025-12-09 15:59:22.145  1565-3273  WifiNl80211Manager      pid-1565                             D  Scan result ready event
2025-12-09 15:59:22.145  1565-3273  WifiNative              pid-1565                             D  Scan result ready event
2025-12-09 15:59:22.145 25384-25853 cn_CronetLibraryLoader  pid-25384                            I  Cronet version: 144.0.7500.8, arch: aarch64
2025-12-09 15:59:22.146   956-1025  libPowerHal             pid-956                              I  [setGPUFreq] MTKPOWER_HINT_LAUNCHER_ANIMA user set gpu freq min:0, max:-1
2025-12-09 15:59:22.146   956-1025  libPowerHal             pid-956                              I  MTKPOWER_HINT_LAUNCHER_ANIMA: set gpu opp level max: 0
2025-12-09 15:59:22.146   956-1025  libPowerHal             pid-956                              I  [setGPUFreq] Soft min/max = (0, 0); Hard min/max = (44, 0)
2025-12-09 15:59:22.146   956-1025  libPowerHal             pid-956                              I  [setGPUFreq] final min/max = (0, 0)
2025-12-09 15:59:22.146   956-1025  libPowerHal             pid-956                              I  MTKPOWER_HINT_LAUNCHER_ANIMA: set gpu opp level: 0
2025-12-09 15:59:22.146   956-1025  libPowerHal             pid-956                              I  MTKPOWER_HINT_LAUNCHER_ANIMA: set gpu opp level max: 0
2025-12-09 15:59:22.148 25744-25744 TranInstanceHelper      pid-25744                            W  Failed to instance com.transsion.hubcore.linkplus.implement.app.TranActivityThreadLinkplusImpl, java.lang.ClassNotFoundException: com.transsion.hubcore.linkplus.implement.app.TranActivityThreadLinkplusImpl
2025-12-09 15:59:22.148 25744-25744 TranClassInfo           pid-25744                            D  instance successfully. com.transsion.hubcore.app.TranActivityThreadImpl@ab030d2 from com.transsion.hubcore.app.ITranActivityThread
2025-12-09 15:59:22.150  1565-1708  mtkpower_client         pid-1565                             I  perf_cus_lock_hint, ret_hdl:1930
2025-12-09 15:59:22.150  1565-1708  PowerHalMgrImpl         pid-1565                             I  hdl:1930, pid:1565 
2025-12-09 15:59:22.151 25744-25744 os.SingleLice           pid-25744                            D  instance successfully. com.transsion.widget.v3.FloatingToolbarLice@50f5a3 from com.transsion.widget.FloatingToolbarLiceFactory
2025-12-09 15:59:22.151 25744-25744 os.SingleLiceFactory    pid-25744                            D  instance successfully. com.transsion.widget.v3.FloatingToolbarLice@50f5a3 from android.app.IActivityThreadLice
2025-12-09 15:59:22.152 25744-25744 os.SingleLice           pid-25744                            D  instance successfully. com.transsion.common.v1.CommonLice@c6270a0 from com.transsion.common.CommonLiceFactory
2025-12-09 15:59:22.152 25744-25744 os.SingleLiceFactory    pid-25744                            D  instance successfully. com.transsion.common.v1.CommonLice@c6270a0 from android.app.IActivityThreadLice
2025-12-09 15:59:22.153 25744-25744 os.SingleLiceFactory    pid-25744                            D  instance successfully. com.transsion.typeface.v1.TypefaceLice@ffae459 from android.app.IActivityThreadLice
2025-12-09 15:59:22.153 25744-25744 os.SingleLiceFactory    pid-25744                            D  using android.app.IActivityThreadLice$DefaultImpl@53c881e instead of com.transsion.sun.SunLiceFactory  from android.app.IActivityThreadLice
2025-12-09 15:59:22.153 25744-25744 os.SingleLice           pid-25744                            D  instance successfully. com.transsion.fdleak.FdLeakLice@17348ff from com.transsion.fdleak.FdLeakLiceFactory
2025-12-09 15:59:22.153 25744-25744 os.SingleLiceFactory    pid-25744                            D  instance successfully. com.transsion.fdleak.FdLeakLice@17348ff from android.app.IActivityThreadLice
2025-12-09 15:59:22.153 25744-25744 os.LiceInfo             pid-25744                            D  instance successfully. com.transsion.app.ActivityThreadLice@28df6cc from android.app.IActivityThreadLice
2025-12-09 15:59:22.163 25384-25895 Volley                  pid-25384                            D  [1475] ayue.b: Cache cleared.
2025-12-09 15:59:22.164  1022-1022  BufferQueueProducer     pid-1022                             I  [FramebufferSurface](this:0xb400007a4a91d540,id:-1,api:1,p:1022,c:1022) queueBuffer: fps=23.64 dur=2664.77 max=2055.18 min=4.94
2025-12-09 15:59:22.164   956-975   mtkpower@impl           pid-956                              I  [setMode] type:6, enabled:1
2025-12-09 15:59:22.164   956-975   mtkpower@impl           pid-956                              E  [setMode] unknown type
2025-12-09 15:59:22.165  1565-1858  BatteryService          pid-1565                             D  widetemperaturebatteryburn check uevent: {SUBSYSTEM=misc, MAJOR=10, SEQNUM=7004, ACTION=change, DEVNAME=wlan, Scan=Status:NORMAL,DBDC:DISABLE,Time:1088,Channel:1 2 3 4 5 6 7 8 9 10 11 12 13 36 40 44 48 149 153 157 161 165 ,Reason:OK, MINOR=98, DEVPATH=/devices/virtual/misc/wlan}
2025-12-09 15:59:22.165  1565-1858  BatteryService          pid-1565                             D  widetemperaturebatteryburn PORT_STATE no availd
2025-12-09 15:59:22.166  1565-4775  ConnectivityService     pid-1565                             D  requestNetwork for uid/pid:1010112/25384 activeRequest: null callbackRequest: 590 [NetworkRequest [ REQUEST id=591, [ Capabilities: INTERNET&NOT_RESTRICTED&TRUSTED&NOT_VCN_MANAGED&NOT_BANDWIDTH_CONSTRAINED Uid: 1010112 RequestorUid: 1010112 RequestorPkg: com.android.vending UnderlyingNetworks: Null] ]] callback flags: 0 order: 2147483647 isUidTracked: false declaredMethods: ALL
2025-12-09 15:59:22.171 12084-12244 WifiScanner             pid-12084                            I  onFullResults
2025-12-09 15:59:22.177 25384-25903 Finsky                  pid-25384                            W  [1482] For unauth, use getDfeApiNonAuthenticated() instead!
2025-12-09 15:59:22.179 25384-25893 PlayCommon              pid-25384                            I  [1474] Preparing logs for uploading
2025-12-09 15:59:22.179 12084-12244 WifiScanner             pid-12084                            I  onFullResults
2025-12-09 15:59:22.181 21807-22024 WifiScanner             pid-21807                            I  onFullResults
2025-12-09 15:59:22.186  1565-1930  ActivityManager         pid-1565                             V  New death recipient com.android.server.am.ActivityManagerService$AppDeathRecipient@10d7962 for thread android.os.BinderProxy@184baf3
2025-12-09 15:59:22.188  1565-1930  os.Activit...erviceLice pid-1565                             D  make process active com.android.vending:background(25744)
2025-12-09 15:59:22.188 12084-25688 FrewleTileCacheManagerV pid-12084                            I  (REDACTED) Fetched %d AP models from cache
2025-12-09 15:59:22.193  1565-1660  WindowManager           pid-1565                             D  set alpha = 0.2 dim = SmoothDimmer#DimState with host=WindowedMagnification:0:31@244343178, surface=Surface(name=Dim Layer for - WindowedMagnification:0:31)/@0x13316f
2025-12-09 15:59:22.193  1565-1657  ApplicationHelper       pid-1565                             E  Fail to get PackageManager
2025-12-09 15:59:22.193  1565-1657  ApplicationHelper       pid-1565                             E  Fail to get PackageManager
2025-12-09 15:59:22.193  1565-1657  ApplicationHelper       pid-1565                             E  Fail to get PackageManager
2025-12-09 15:59:22.198  1022-1088  surfaceflinger          pid-1022                             E  == MALI DEBUG ===eglp_winsys_populate_image_templates ==12288
2025-12-09 15:59:22.202 25384-25893 PlayCommon              pid-25384                            I  [1474] Connecting to server for timestamp: https://play.googleapis.com/play/log/timestamp
2025-12-09 15:59:22.204  1565-2955  ConnectivityService     pid-1565                             D  NetReassign [591 : null → 100] [c 0] [a 23] [i 6]
2025-12-09 15:59:22.204 25744-25744 TranClassInfo           pid-25744                            D  instance successfully. com.transsion.hubcore.graphics.TranGraphicImpl@56c6d15 from com.transsion.hubcore.graphics.ITranGraphic
2025-12-09 15:59:22.205 25744-25744 os.SingleLiceFactory    pid-25744                            D  instance successfully. com.transsion.typeface.v1.TypefaceLice@ffae459 from android.graphics.IGraphicLice
2025-12-09 15:59:22.206 25744-25744 os.LiceInfo             pid-25744                            D  instance successfully. com.transsion.graphics.GraphicLice@ba5082a from android.graphics.IGraphicLice
2025-12-09 15:59:22.211  1565-4775  ActivityManager         pid-1565                             I  checkedOptions.getThunderBackSupport() = false, packageName = com.google.android.gms , thunderbackUserId = 0
2025-12-09 15:59:22.212  1565-4775  ActivityTaskManager     pid-1565                             D  ActivityTaskManagerService setFromDynamicIslandToWindow packageName: com.google.android.gms
2025-12-09 15:59:22.212  1565-4775  TranDynami...rollerImpl pid-1565                             E  TranDynamicBarAnimControllerImpl setFromDynamicIslandToWindow pkgName:com.google.android.gms
2025-12-09 15:59:22.212  1565-4775  TranDynami...rollerImpl pid-1565                             E  start setFromDynamicIslandToWindow startFromDynamicIsland:false
2025-12-09 15:59:22.212  1565-4775  TranDynami...rollerImpl pid-1565                             E  end setFromDynamicIslandToWindow mDynamicIslandPkgName:com.google.android.gms mStartFromDynamicIsland:false
2025-12-09 15:59:22.214 13697-21991 Icing                   pid-13697                            I  Usage reports ok 0, Failed Usage reports 0, indexed 0, rejected 0
2025-12-09 15:59:22.220 25384-25384 Finsky                  pid-25384                            I  [2] SettingNotFoundException, fall through to G.downloadBytesOverMobileMaximum
2025-12-09 15:59:22.221 25384-25384 Settings                pid-25384                            W  Setting download_manager_recommended_max_bytes_over_mobile has moved from android.provider.Settings.Secure to android.provider.Settings.Global.
2025-12-09 15:59:22.222  1565-13466 AppOpService            pid-1565                             W  Ignored setUidMode call for runtime permission app op: uid = 1010114, code = SEND_SMS, mode = allow, callingUid = 1000, oldMode = allow
2025-12-09 15:59:22.229  1022-1088  surfaceflinger          pid-1022                             E  == MALI DEBUG ===eglp_winsys_populate_image_templates ==12288
2025-12-09 15:59:22.230 25384-25384 Finsky                  pid-25384                            I  [2] SettingNotFoundException, fall through to G.downloadBytesOverMobileRecommended
2025-12-09 15:59:22.232  3072-3072  android.ha...rvice-lazy pid-3072                             D  WifiRequest::create vendor command to iface 37, vendor_id=0x1a11, subcmd=0x0002, res=0
2025-12-09 15:59:22.232  3072-3072  WifiHAL                 pid-3072                             D  In GetFeatureSetCommand::handleResponse for 5
2025-12-09 15:59:22.232  1022-1088  surfaceflinger          pid-1022                             E  == MALI DEBUG ===eglp_winsys_populate_image_templates ==12288
2025-12-09 15:59:22.232  3072-3072  WifiHAL                 pid-3072                             D  vendor_id = 0x0, subcmd = 0x0
2025-12-09 15:59:22.232  3072-3072  WifiHAL                 pid-3072                             I  feature_set=0x8488141a
2025-12-09 15:59:22.236 25744-25744 DebugTheme...emeUpdated pid-25744                            D  reload start !TranResourcesUtils.isRunningOnSystemServer()=true currentForegroundUser=0
2025-12-09 15:59:22.236  1565-13466 AppOpService            pid-1565                             W  Ignored setUidMode call for runtime permission app op: uid = 1010114, code = READ_CALL_LOG, mode = allow, callingUid = 1000, oldMode = allow
2025-12-09 15:59:22.237 25384-25854 Finsky                  pid-25384                            I  [1456] registerListener
2025-12-09 15:59:22.241  1565-13466 AppOpService            pid-1565                             W  Ignored setUidMode call for runtime permission app op: uid = 1010114, code = READ_SMS, mode = allow, callingUid = 1000, oldMode = allow
2025-12-09 15:59:22.241  1565-2943  HalDevMgr               pid-1565                             I  bestIfaceCreationProposal is null, requestIface=STA, existingIface=[name=wlan0 type=STA]
2025-12-09 15:59:22.242 25384-25873 Finsky                  pid-25384                            I  [1469] Enqueuing libraries load for 0
2025-12-09 15:59:22.243  1565-1657  ApplicationHelper       pid-1565                             E  Fail to get PackageManager
2025-12-09 15:59:22.244  1565-2943  OemPaidWif...orkFactory pid-1565                             D  got request NetworkRequest [ REQUEST id=591, [ Capabilities: INTERNET&NOT_RESTRICTED&TRUSTED&NOT_VCN_MANAGED&NOT_BANDWIDTH_CONSTRAINED Uid: 1010112 RequestorUid: 1010112 RequestorPkg: com.android.vending UnderlyingNetworks: Null] ]
2025-12-09 15:59:22.244  1565-2943  MultiInter...orkFactory pid-1565                             D  got request NetworkRequest [ REQUEST id=591, [ Capabilities: INTERNET&NOT_RESTRICTED&TRUSTED&NOT_VCN_MANAGED&NOT_BANDWIDTH_CONSTRAINED Uid: 1010112 RequestorUid: 1010112 RequestorPkg: com.android.vending UnderlyingNetworks: Null] ]
2025-12-09 15:59:22.244  1565-2943  WifiNetworkFactory      pid-1565                             D  got request NetworkRequest [ REQUEST id=591, [ Capabilities: INTERNET&NOT_RESTRICTED&TRUSTED&NOT_VCN_MANAGED&NOT_BANDWIDTH_CONSTRAINED Uid: 1010112 RequestorUid: 1010112 RequestorPkg: com.android.vending UnderlyingNetworks: Null] ]
2025-12-09 15:59:22.244  1565-2955  ConnectivityService     pid-1565                             D  NetReassign [no changes] [c 0] [a 1] [i 16]
2025-12-09 15:59:22.244  1565-2943  UntrustedW...orkFactory pid-1565                             D  got request NetworkRequest [ REQUEST id=591, [ Capabilities: INTERNET&NOT_RESTRICTED&TRUSTED&NOT_VCN_MANAGED&NOT_BANDWIDTH_CONSTRAINED Uid: 1010112 RequestorUid: 1010112 RequestorPkg: com.android.vending UnderlyingNetworks: Null] ]
2025-12-09 15:59:22.245 25384-25900 Finsky                  pid-25384                            I  [1479] Starting libraries load for 0
2025-12-09 15:59:22.248  1565-3273  CompatChangeReporter    pid-1565                             D  Compat change id reported: 261072174; UID 1001000; state: ENABLED
2025-12-09 15:59:22.251 25744-25744 ApplicationLoaders      pid-25744                            D  Returning zygote-cached class loader: /system/framework/org.apache.http.legacy.jar
2025-12-09 15:59:22.252 25744-25744 ApplicationLoaders      pid-25744                            D  Returning zygote-cached class loader: /system_ext/framework/androidx.window.extensions.jar
2025-12-09 15:59:22.252 25744-25744 ApplicationLoaders      pid-25744                            D  Returning zygote-cached class loader: /system_ext/framework/androidx.window.sidecar.jar
2025-12-09 15:59:22.259  1565-5249  ActivityManager         pid-1565                             I  checkedOptions.getThunderBackSupport() = false, packageName = com.google.android.gms , thunderbackUserId = 0
2025-12-09 15:59:22.259  1565-5249  ActivityTaskManager     pid-1565                             D  ActivityTaskManagerService setFromDynamicIslandToWindow packageName: com.google.android.gms
2025-12-09 15:59:22.259  1565-5249  TranDynami...rollerImpl pid-1565                             E  TranDynamicBarAnimControllerImpl setFromDynamicIslandToWindow pkgName:com.google.android.gms
2025-12-09 15:59:22.259  1565-5249  TranDynami...rollerImpl pid-1565                             E  start setFromDynamicIslandToWindow startFromDynamicIsland:false
2025-12-09 15:59:22.259  1565-5249  TranDynami...rollerImpl pid-1565                             E  end setFromDynamicIslandToWindow mDynamicIslandPkgName:com.google.android.gms mStartFromDynamicIsland:false
2025-12-09 15:59:22.260  1022-1088  surfaceflinger          pid-1022                             E  == MALI DEBUG ===eglp_winsys_populate_image_templates ==12288
2025-12-09 15:59:22.262  1565-1657  ApplicationHelper       pid-1565                             E  Fail to get PackageManager
2025-12-09 15:59:22.262   927-927   hwcomposer              pid-927                              I  [HWCDisplay] [Display_0 (type:1)] fps:16.946945,dur:1003.13,max:417.93,min:14.51  
2025-12-09 15:59:22.265  1565-1657  ApplicationHelper       pid-1565                             E  Fail to get PackageManager
2025-12-09 15:59:22.268 25384-25854 Finsky                  pid-25384                            I  [1456] DFS: Listener added for rrn@88f8ef5
2025-12-09 15:59:22.271 25384-25854 Finsky                  pid-25384                            I  [1456] registerListener
2025-12-09 15:59:22.274 25384-25853 TranClassInfo           pid-25384                            D  instance successfully. com.transsion.hubcore.database.sqlite.TranSQLiteDatabaseImpl@21c05c from com.transsion.hubcore.database.sqlite.ITranSQLiteDatabase
2025-12-09 15:59:22.275 25384-25853 TranClassInfo           pid-25384                            D  instance successfully. com.transsion.hubcore.spdopts.others.implement.TranSQLiteDatabaseComponentImpl@a231f65 from com.transsion.hubcore.spdcomponent.ITranSQLiteDatabaseComponent
2025-12-09 15:59:22.292  1565-3437  LocationManagerService  pid-1565                             D  incoming location: Location[network hAcc=12 et=+20m40s676ms vAcc=1 sAcc=??? bAcc=???]
2025-12-09 15:59:22.294  1204-1264  MNLD                    pid-1204                             D  mnld_nfw_mnl2agps_location_sync: ret = 51
2025-12-09 15:59:22.294  1204-1264  MNLD                    pid-1204                             D  mnld_nfw_mnl2agps_location_sync: mnl2agps_location_sync success
2025-12-09 15:59:22.294  1565-3437  LocationManagerService  pid-1565                             D  registration onInactive from uid: 1000 package: com.android.settings
2025-12-09 15:59:22.294  1348-1366  agps                    pid-1348                             D  [agps][n][AGPS] [MNL] mnl2agps [153]
2025-12-09 15:59:22.296  1565-3437  LocationManagerService  pid-1565                             D  network provider removed registration from 1000/com.android.settings/9327643B
2025-12-09 15:59:22.299 25384-25900 Finsky                  pid-25384                            I  [1479] Finished loading 0 libraries.
2025-12-09 15:59:22.300  1565-1657  ApplicationHelper       pid-1565                             E  Fail to get PackageManager
2025-12-09 15:59:22.303 13697-13697 BoundBrokerSvc          pid-13697                            D  onBind: Intent { act=com.google.android.gms.safetynet.service.START pkg=com.google.android.gms }
2025-12-09 15:59:22.304 13697-13697 BoundBrokerSvc          pid-13697                            D  Loading bound service for intent: Intent { act=com.google.android.gms.safetynet.service.START pkg=com.google.android.gms }
2025-12-09 15:59:22.312  1565-1657  ApplicationHelper       pid-1565                             E  Fail to get PackageManager
2025-12-09 15:59:22.315 13697-25845 ChimeraConfigurator     pid-13697                            I  Detected pending changes for urgent request: [play_cloud_search]. Pending module sets: container:2510369260400+play_cloud_search
2025-12-09 15:59:22.322  1565-13466 AppOpService            pid-1565                             W  Ignored setUidMode call for runtime permission app op: uid = 1010100, code = READ_CALL_LOG, mode = allow, callingUid = 1000, oldMode = allow
2025-12-09 15:59:22.328  1565-1660  WindowManager           pid-1565                             I    onAnimationFinished on win=Window{d74ff01 u0 Application Error: com.cdccreditsmart.app}
2025-12-09 15:59:22.328   956-1025  mtkpower@impl           pid-956                              I  [powerd_req] TIMER_MSG_PERF_LOCK_TIMEOUT hdl:1929
2025-12-09 15:59:22.329   956-1025  libPowerHal             pid-956                              I  [unsetGPUFreq] current min:0, max:0; scn_gpu_min:0, scn_gpu_max:-1; scn_gpu_min(HL):-1, scn_gpu_max(HL):-1
2025-12-09 15:59:22.329   956-1025  libPowerHal             pid-956                              I  [setGPUFreq] Soft min/max = (0, 0); Hard min/max = (44, 0)
2025-12-09 15:59:22.329   956-1025  libPowerHal             pid-956                              I  [setGPUFreq] final min/max = (0, 0)
2025-12-09 15:59:22.329   956-1025  libPowerHal             pid-956                              I  MTKPOWER_HINT_LAUNCHER_ANIMA: set gpu opp level: 0
2025-12-09 15:59:22.330  1565-13466 Role                    pid-1565                             W  Cannot get ApplicationInfo for default holder: com.android.chrome
2025-12-09 15:59:22.330   956-1025  libPowerHal             pid-956                              I  MTKPOWER_HINT_LAUNCHER_ANIMA: set gpu opp level max: 0
2025-12-09 15:59:22.332  1565-3273  ActivityManager         pid-1565                             I  checkedOptions.getThunderBackSupport() = false, packageName = com.google.android.gms , thunderbackUserId = 0
2025-12-09 15:59:22.332  1565-3273  ActivityTaskManager     pid-1565                             D  ActivityTaskManagerService setFromDynamicIslandToWindow packageName: com.google.android.gms
2025-12-09 15:59:22.332  1565-3273  TranDynami...rollerImpl pid-1565                             E  TranDynamicBarAnimControllerImpl setFromDynamicIslandToWindow pkgName:com.google.android.gms
2025-12-09 15:59:22.332  1565-3273  TranDynami...rollerImpl pid-1565                             E  start setFromDynamicIslandToWindow startFromDynamicIsland:false
2025-12-09 15:59:22.332  1565-3273  TranDynami...rollerImpl pid-1565                             E  end setFromDynamicIslandToWindow mDynamicIslandPkgName:com.google.android.gms mStartFromDynamicIsland:false
2025-12-09 15:59:22.339 25384-25912 Volley                  pid-25384                            D  [1491] ayue.b: Cache cleared.
2025-12-09 15:59:22.340 13697-24377 Icing                   pid-13697                            I  IndexChimeraService.getServiceInterface callingPackage=com.google.android.gms componentName=null serviceId=30
2025-12-09 15:59:22.345   956-975   mtkpower@impl           pid-956                              I  [setMode] type:6, enabled:0
2025-12-09 15:59:22.345   956-975   mtkpower@impl           pid-956                              E  [setMode] unknown type
2025-12-09 15:59:22.347   956-1025  mtkpower@impl           pid-956                              I  [powerd_req] TIMER_MSG_PERF_LOCK_TIMEOUT hdl:1930
2025-12-09 15:59:22.347   956-1025  libPowerHal             pid-956                              I  [unsetGPUFreq] current min:0, max:0; scn_gpu_min:0, scn_gpu_max:-1; scn_gpu_min(HL):-1, scn_gpu_max(HL):-1
2025-12-09 15:59:22.347   956-1025  libPowerHal             pid-956                              I  [setGPUFreq] Soft min/max = (0, 0); Hard min/max = (44, 0)
2025-12-09 15:59:22.347   956-1025  libPowerHal             pid-956                              I  [setGPUFreq] final min/max = (0, 0)
2025-12-09 15:59:22.347   956-1025  libPowerHal             pid-956                              I  MTKPOWER_HINT_LAUNCHER_ANIMA: set gpu opp level: 0
2025-12-09 15:59:22.347   956-1025  libPowerHal             pid-956                              I  MTKPOWER_HINT_LAUNCHER_ANIMA: set gpu opp level max: 0
2025-12-09 15:59:22.351  1565-13466 RoleContro...erviceImpl pid-1565                             E  Default/fallback role holder package doesn't qualify for the role, package: com.google.android.gms.supervision, role: android.app.role.SYSTEM_SUPERVISION
2025-12-09 15:59:22.354 12084-12195 FusedLocation           pid-12084                            I  (REDACTED) location delivery to %s blocked - too close
2025-12-09 15:59:22.354  1565-3164  Hiber/appStateMachine   pid-1565                             I  uid:10277, pkg=com.lazada.android  can't transition from R to F ,importantcase is : 
2025-12-09 15:59:22.324 25791-25868 Athena                  pid-25791                            D  Athena-Worker, onCreate(c.java:1)
2025-12-09 15:59:22.354 25791-25868 Athena                  pid-25791                            D  Creating a new Athena DB
2025-12-09 15:59:22.357  1565-1657  ApplicationHelper       pid-1565                             E  Fail to get PackageManager
2025-12-09 15:59:22.359  1022-1022  SurfaceFlinger          pid-1022                             I  onHandleDestroyed: name=Surface(name=d74ff01 Application Error: com.cdccreditsmart.app)/@0xdb73f23 - animation-leash of window_animation#1302, layerId=1302, parentId=0
2025-12-09 15:59:22.364  1565-1657  ApplicationHelper       pid-1565                             E  Fail to get PackageManager
2025-12-09 15:59:22.365  1565-1657  ApplicationHelper       pid-1565                             E  Fail to get PackageManager
2025-12-09 15:59:22.365  1565-1657  ApplicationHelper       pid-1565                             E  Fail to get PackageManager
2025-12-09 15:59:22.370 12084-12195 FusedLocation           pid-12084                            I  (REDACTED) location delivery to %s blocked - too close
2025-12-09 15:59:22.376  1022-1022  BufferQueueDebug        pid-1022                             I  [Surface(name=d74ff01 Application Error: com.cdccreditsmart.app)/@0xdb73f23 - animation-leash of window_animation#1302](this:0xb400007b7aaa0188,id:-1,api:0,p:-1,c:1022) onDestructor()
2025-12-09 15:59:22.380  1565-4775  LocationManagerService  pid-1565                             D  incoming location: Location[fused hAcc=12 et=+20m40s676ms vAcc=1 sAcc=2 bAcc=45]
2025-12-09 15:59:22.386 25791-25868 Athena                  pid-25791                            I  Athena-Worker, U(h.java:16)
2025-12-09 15:59:22.386 25791-25868 Athena                  pid-25791                            I  Dcs unavailable because of not support or conf disable
2025-12-09 15:59:22.388 13697-21991 Icing                   pid-13697                            I  Indexing com.google.android.gms-internal.3p:MobileApplication from com.google.android.gms
2025-12-09 15:59:22.389 25384-25895 Volley                  pid-25384                            D  [1475] ayue.b: Cache cleared.
2025-12-09 15:59:22.390 25384-25912 Volley                  pid-25384                            D  [1491] ayue.b: Cache cleared.
2025-12-09 15:59:22.392  4704-4704  TPMS                    pid-4704                             I  onKeepAliveTrigger type = 1, interval = 0
2025-12-09 15:59:22.397 25744-25744 ziparchive              pid-25744                            W  Unable to open '/data/app/~~kKam-p30tuaGYg7h1q3NTA==/com.android.vending-MHxjKOseI87h7ttiuPOupg==/split_config.arm64_v8a.dm': No such file or directory
2025-12-09 15:59:22.397 25744-25744 ziparchive              pid-25744                            W  Unable to open '/data/app/~~kKam-p30tuaGYg7h1q3NTA==/com.android.vending-MHxjKOseI87h7ttiuPOupg==/split_config.arm64_v8a.dm': No such file or directory
2025-12-09 15:59:22.398 25744-25744 ding:background         pid-25744                            W  Entry not found
2025-12-09 15:59:22.399 25744-25744 ziparchive              pid-25744                            W  Unable to open '/data/app/~~kKam-p30tuaGYg7h1q3NTA==/com.android.vending-MHxjKOseI87h7ttiuPOupg==/split_config.en.dm': No such file or directory
2025-12-09 15:59:22.400 25744-25744 ziparchive              pid-25744                            W  Unable to open '/data/app/~~kKam-p30tuaGYg7h1q3NTA==/com.android.vending-MHxjKOseI87h7ttiuPOupg==/split_config.en.dm': No such file or directory
2025-12-09 15:59:22.400 25744-25744 ding:background         pid-25744                            W  Entry not found
2025-12-09 15:59:22.401 25744-25744 ziparchive              pid-25744                            W  Unable to open '/data/app/~~kKam-p30tuaGYg7h1q3NTA==/com.android.vending-MHxjKOseI87h7ttiuPOupg==/split_phonesky_data_loader.dm': No such file or directory
2025-12-09 15:59:22.402 25744-25744 ziparchive              pid-25744                            W  Unable to open '/data/app/~~kKam-p30tuaGYg7h1q3NTA==/com.android.vending-MHxjKOseI87h7ttiuPOupg==/split_phonesky_data_loader.dm': No such file or directory
2025-12-09 15:59:22.402 25744-25744 ding:background         pid-25744                            W  Entry not found
2025-12-09 15:59:22.403 25791-25868 Athena                  pid-25791                            I  Athena-Worker, S(h.java:4)
2025-12-09 15:59:22.403 25791-25868 Athena                  pid-25791                            I  CheckConfig cancel, GslbSdk is not inited
2025-12-09 15:59:22.403 25744-25744 ziparchive              pid-25744                            W  Unable to open '/data/app/~~kKam-p30tuaGYg7h1q3NTA==/com.android.vending-MHxjKOseI87h7ttiuPOupg==/split_phonesky_data_loader.config.arm64_v8a.dm': No such file or directory
2025-12-09 15:59:22.404 25744-25744 ziparchive              pid-25744                            W  Unable to open '/data/app/~~kKam-p30tuaGYg7h1q3NTA==/com.android.vending-MHxjKOseI87h7ttiuPOupg==/split_phonesky_data_loader.config.arm64_v8a.dm': No such file or directory
2025-12-09 15:59:22.405 25744-25744 ding:background         pid-25744                            W  Entry not found
2025-12-09 15:59:22.406 25744-25744 ziparchive              pid-25744                            W  Unable to open '/data/app/~~kKam-p30tuaGYg7h1q3NTA==/com.android.vending-MHxjKOseI87h7ttiuPOupg==/split_phonesky_webrtc_native_lib.dm': No such file or directory
2025-12-09 15:59:22.406 25744-25744 ziparchive              pid-25744                            W  Unable to open '/data/app/~~kKam-p30tuaGYg7h1q3NTA==/com.android.vending-MHxjKOseI87h7ttiuPOupg==/split_phonesky_webrtc_native_lib.dm': No such file or directory
2025-12-09 15:59:22.407 25744-25744 ding:background         pid-25744                            W  Entry not found
2025-12-09 15:59:22.408 25744-25744 ziparchive              pid-25744                            W  Unable to open '/data/app/~~kKam-p30tuaGYg7h1q3NTA==/com.android.vending-MHxjKOseI87h7ttiuPOupg==/split_phonesky_webrtc_native_lib.config.arm64_v8a.dm': No such file or directory
2025-12-09 15:59:22.408 13697-21991 Icing                   pid-13697                            I  Indexing done com.google.android.gms-internal.3p:MobileApplication
2025-12-09 15:59:22.408 25744-25744 ziparchive              pid-25744                            W  Unable to open '/data/app/~~kKam-p30tuaGYg7h1q3NTA==/com.android.vending-MHxjKOseI87h7ttiuPOupg==/split_phonesky_webrtc_native_lib.config.arm64_v8a.dm': No such file or directory
2025-12-09 15:59:22.410 25744-25744 ding:background         pid-25744                            W  Entry not found
2025-12-09 15:59:22.413 25744-25744 nativeloader            pid-25744                            D  Configuring clns-7 for other apk /data/app/~~kKam-p30tuaGYg7h1q3NTA==/com.android.vending-MHxjKOseI87h7ttiuPOupg==/base.apk:/data/app/~~kKam-p30tuaGYg7h1q3NTA==/com.android.vending-MHxjKOseI87h7ttiuPOupg==/split_config.arm64_v8a.apk:/data/app/~~kKam-p30tuaGYg7h1q3NTA==/com.android.vending-MHxjKOseI87h7ttiuPOupg==/split_config.en.apk:/data/app/~~kKam-p30tuaGYg7h1q3NTA==/com.android.vending-MHxjKOseI87h7ttiuPOupg==/split_phonesky_data_loader.apk:/data/app/~~kKam-p30tuaGYg7h1q3NTA==/com.android.vending-MHxjKOseI87h7ttiuPOupg==/split_phonesky_data_loader.config.arm64_v8a.apk:/data/app/~~kKam-p30tuaGYg7h1q3NTA==/com.android.vending-MHxjKOseI87h7ttiuPOupg==/split_phonesky_webrtc_native_lib.apk:/data/app/~~kKam-p30tuaGYg7h1q3NTA==/com.android.vending-MHxjKOseI87h7ttiuPOupg==/split_phonesky_webrtc_native_lib.config.arm64_v8a.apk. target_sdk_version=36, uses_libraries=, library_path=/data/app/~~kKam-p30tuaGYg7h1q3NTA==/com.android.vending-MHxjKOseI87h7ttiuPOupg==/lib/arm64:/data/app/~~kKam-p30tuaGYg7h1q3NTA==/com.and
2025-12-09 15:59:22.414 21807-21897 FontLog                 pid-21807                            I  (REDACTED) Download finished for %s; checking size and hash
2025-12-09 15:59:22.425 25384-25384 Finsky                  pid-25384                            I  [2] Scheduling 8 in onApplicationCreate
2025-12-09 15:59:22.438 25744-25744 GraphicsEnvironment     pid-25744                            V  Currently set values for:
2025-12-09 15:59:22.438 25744-25744 GraphicsEnvironment     pid-25744                            V    angle_gl_driver_selection_pkgs=[]
2025-12-09 15:59:22.438 25744-25744 GraphicsEnvironment     pid-25744                            V    angle_gl_driver_selection_values=[]
2025-12-09 15:59:22.438 25744-25744 GraphicsEnvironment     pid-25744                            V  Global.Settings values are invalid: number of packages: 0, number of values: 0
2025-12-09 15:59:22.438 25744-25744 GraphicsEnvironment     pid-25744                            V  Neither updatable production driver nor prerelease driver is supported.
2025-12-09 15:59:22.439 21807-25788 FontLog                 pid-21807                            W  Error adding manifest dependency for newly downloaded font {Press Start 2P, wdth 100.0, wght 400, ital 0.0, bestEffort false}, isVf false} [CONTEXT service_id=132 ]
2025-12-09 15:59:22.441  1565-5249  FileUtils               pid-1565                             D  Rounded bytes from 8055652352 to 16000000000
2025-12-09 15:59:22.442 13697-21991 Icing                   pid-13697                            I  Usage reports ok 0, Failed Usage reports 0, indexed 0, rejected 0
2025-12-09 15:59:22.443 25384-25855 Finsky                  pid-25384                            I  [1457] Initializing pausers from value store.
2025-12-09 15:59:22.443 25384-25855 Finsky                  pid-25384                            I  [1457] IQ::HLD: Callers (Pausers) in PauseUpdatesCallersValueStore: []
2025-12-09 15:59:22.447 25744-25744 LoadedApk               pid-25744                            I  No resource references to update in package com.transsion.theme.icon
2025-12-09 15:59:22.447 21807-21807 BoundBrokerSvc          pid-21807                            D  onBind: Intent { act=com.google.android.gms.gmscompliance.service.START dat=chimera-action:/... cmp=com.google.android.gms/.chimera.PersistentBoundBrokerService }
2025-12-09 15:59:22.447 21807-21807 BoundBrokerSvc          pid-21807                            D  Loading bound service for intent: Intent { act=com.google.android.gms.gmscompliance.service.START dat=chimera-action:/... cmp=com.google.android.gms/.chimera.PersistentBoundBrokerService }
2025-12-09 15:59:22.449 25744-25744 os.SingleLiceFactory    pid-25744                            D  using android.app.IActivityThreadLice$DefaultImpl@53c881e instead of com.transsion.activityembedding.ActivityEmbeddingLiceFactory  from android.app.IActivityThreadLice
2025-12-09 15:59:22.451  1565-1659  ActivityTaskManager     pid-1565                             W  Activity top resumed state loss timeout for ActivityRecord{60bb46c u0 com.cdccreditsmart.app/.blocking.BlockedAppExplanationActivity t31 f}}
2025-12-09 15:59:22.454  1565-1659  ActivityTaskManager     pid-1565                             W  Activity pause timeout for ActivityRecord{60bb46c u0 com.cdccreditsmart.app/.blocking.BlockedAppExplanationActivity t31 f}}
2025-12-09 15:59:22.454  1565-1659  MagellanHandle          pid-1565                             D  updateRefreshRateForSceneVsyncs what = 23
2025-12-09 15:59:22.455  1565-1659  MagellanHandle          pid-1565                             D  updateRefreshRateForSceneVsyncs what = 23
2025-12-09 15:59:22.455 21807-22096 FontLog                 pid-21807                            W  Error inserting metadata for Press Start 2P [CONTEXT service_id=132 ] (Ask Gemini)
                                                                                                    java.lang.IllegalStateException: attempt to re-open an already-closed object: SQLiteDatabase: /data/user/10/com.google.android.gms/databases/metadata.db
                                                                                                    	at android.database.sqlite.SQLiteClosable.acquireReference(SQLiteClosable.java:59)
                                                                                                    	at android.database.sqlite.SQLiteDatabase.insertWithOnConflict(SQLiteDatabase.java:1951)
                                                                                                    	at bjib.run(:com.google.android.gms@251036035@25.10.36 (260400-739992411):154)
                                                                                                    	at augu.c(:com.google.android.gms@251036035@25.10.36 (260400-739992411):50)
                                                                                                    	at augu.run(:com.google.android.gms@251036035@25.10.36 (260400-739992411):76)
                 