2026-02-04 22:02:04.532  6908-6908  InsetsController        com.cdccreditsmart.app               D  show(ime(), fromIme=false)
2026-02-04 22:02:04.535  6908-6908  ImeTracker              com.cdccreditsmart.app               I  com.cdccreditsmart.app:f16ae0bf: onRequestShow at ORIGIN_CLIENT reason SHOW_SOFT_INPUT_BY_INSETS_API fromUser false
2026-02-04 22:02:04.539  6908-6908  InputMethodManager      com.cdccreditsmart.app               D  showSoftInput() view=androidx.compose.ui.platform.AndroidComposeView{26c1e13 VFED..... .F....ID 0,0-1080,2400 aid=1073741824} flags=0 reason=SHOW_SOFT_INPUT_BY_INSETS_API
2026-02-04 22:02:04.587  6908-6908  ImeTracker              com.cdccreditsmart.app               I  com.cdccreditsmart.app:b957c8cc: onRequestShow at ORIGIN_CLIENT reason SHOW_SOFT_INPUT fromUser false
2026-02-04 22:02:04.588  6908-6908  InputMethodManager      com.cdccreditsmart.app               D  showSoftInput() view=androidx.compose.ui.platform.AndroidComposeView{26c1e13 VFED..... .F...... 0,0-1080,2400 aid=1073741824} flags=0 reason=SHOW_SOFT_INPUT
2026-02-04 22:02:04.893  6908-6908  InsetsController        com.cdccreditsmart.app               D  show(ime(), fromIme=true)
2026-02-04 22:02:04.896  6908-6908  InsetsController        com.cdccreditsmart.app               D  show(ime(), fromIme=true)
2026-02-04 22:02:04.897  6908-6908  ImeTracker              com.cdccreditsmart.app               I  com.cdccreditsmart.app:b957c8cc: onCancelled at PHASE_CLIENT_APPLY_ANIMATION
2026-02-04 22:02:05.219  6908-6908  ImeTracker              com.cdccreditsmart.app               I  com.cdccreditsmart.app:f16ae0bf: onShown
2026-02-04 22:02:06.192  6908-6908  InsetsController        com.cdccreditsmart.app               D  show(ime(), fromIme=true)
2026-02-04 22:02:06.193  6908-6908  ImeTracker              com.cdccreditsmart.app               I  com.cdccreditsmart.app:49793527: onCancelled at PHASE_CLIENT_APPLY_ANIMATION
2026-02-04 22:02:06.360  6908-6908  InsetsController        com.cdccreditsmart.app               D  show(ime(), fromIme=true)
2026-02-04 22:02:06.360  6908-6908  ImeTracker              com.cdccreditsmart.app               I  com.cdccreditsmart.app:4b734750: onCancelled at PHASE_CLIENT_APPLY_ANIMATION
2026-02-04 22:02:07.196  6908-6908  InsetsController        com.cdccreditsmart.app               D  show(ime(), fromIme=true)
2026-02-04 22:02:07.196  6908-6908  ImeTracker              com.cdccreditsmart.app               I  com.cdccreditsmart.app:61a94a5c: onCancelled at PHASE_CLIENT_APPLY_ANIMATION
2026-02-04 22:02:08.691  6908-6908  InsetsController        com.cdccreditsmart.app               D  show(ime(), fromIme=true)
2026-02-04 22:02:08.692  6908-6908  ImeTracker              com.cdccreditsmart.app               I  com.cdccreditsmart.app:8594741a: onCancelled at PHASE_CLIENT_APPLY_ANIMATION
2026-02-04 22:02:08.970  6908-6908  InsetsController        com.cdccreditsmart.app               D  show(ime(), fromIme=true)
2026-02-04 22:02:08.970  6908-6908  ImeTracker              com.cdccreditsmart.app               I  com.cdccreditsmart.app:e0f97ee6: onCancelled at PHASE_CLIENT_APPLY_ANIMATION
2026-02-04 22:02:09.990  6908-6908  InsetsController        com.cdccreditsmart.app               D  show(ime(), fromIme=true)
2026-02-04 22:02:09.991  6908-6908  ImeTracker              com.cdccreditsmart.app               I  com.cdccreditsmart.app:62d388f: onCancelled at PHASE_CLIENT_APPLY_ANIMATION
2026-02-04 22:02:10.569  6908-6908  InsetsController        com.cdccreditsmart.app               D  show(ime(), fromIme=true)
2026-02-04 22:02:10.570  6908-6908  ImeTracker              com.cdccreditsmart.app               I  com.cdccreditsmart.app:676bad80: onCancelled at PHASE_CLIENT_APPLY_ANIMATION
2026-02-04 22:02:11.124  6908-6908  PairingViewModel        com.cdccreditsmart.app               D  ðŸš€ Iniciando pareamento com cÃ³digo: TUV3****
2026-02-04 22:02:11.127  6908-6908  NetworkConnectivity     com.cdccreditsmart.app               D  âœ… Conectado via WiFi com internet
2026-02-04 22:02:11.127  6908-6908  PairingViewModel        com.cdccreditsmart.app               D  ðŸ“¶ Estado da rede: Conectado via WiFi
2026-02-04 22:02:11.127  6908-6908  PairingViewModel        com.cdccreditsmart.app               I  âœ… Usando endpoint: POST /api/device/claim-sale
2026-02-04 22:02:11.127  6908-6908  PairingViewModel        com.cdccreditsmart.app               I  ðŸ“¤ Enviando requisiÃ§Ã£o de pareamento para o backend...
2026-02-04 22:02:11.128  6908-6908  PairingViewModel        com.cdccreditsmart.app               D  ========== APK AUTHENTICATION ==========
2026-02-04 22:02:11.128  6908-6908  PairingViewModel        com.cdccreditsmart.app               D  Pairing Code: [REDACTED]
2026-02-04 22:02:11.128  6908-6908  PairingViewModel        com.cdccreditsmart.app               D  ðŸ” Tentando conceder permissÃ£o READ_PHONE_STATE antes de coletar IMEI...
2026-02-04 22:02:11.183  6908-6908  AutoPermissionManager   com.cdccreditsmart.app               I  âœ… PermissÃ£o concedida automaticamente: android.permission.READ_PHONE_STATE
2026-02-04 22:02:11.183  6908-6908  PairingViewModel        com.cdccreditsmart.app               I  âœ… PermissÃ£o READ_PHONE_STATE concedida com sucesso
2026-02-04 22:02:11.184  6908-6908  DeviceInfoManager       com.cdccreditsmart.app               I  ========================================
2026-02-04 22:02:11.184  6908-6908  DeviceInfoManager       com.cdccreditsmart.app               I  ðŸ“± Coletando informaÃ§Ãµes de IMEI do dispositivo
2026-02-04 22:02:11.184  6908-6908  DeviceInfoManager       com.cdccreditsmart.app               I  ========================================
2026-02-04 22:02:11.185  6908-6908  DeviceInfoManager       com.cdccreditsmart.app               D  NÃºmero de SIMs detectados: 2
2026-02-04 22:02:11.190  6908-6908  DeviceInfoManager       com.cdccreditsmart.app               D  âœ… IMEI vÃ¡lido encontrado no slot 0
2026-02-04 22:02:11.194  6908-6908  DeviceInfoManager       com.cdccreditsmart.app               D  âœ… IMEI vÃ¡lido encontrado no slot 1
2026-02-04 22:02:11.194  6908-6908  DeviceInfoManager       com.cdccreditsmart.app               I  âœ… 2 IMEI(s) vÃ¡lido(s) coletado(s)
2026-02-04 22:02:11.194  6908-6908  DeviceInfoManager       com.cdccreditsmart.app               I  ========================================
2026-02-04 22:02:11.195  6908-6908  PairingViewModel        com.cdccreditsmart.app               D  âœ… IMEI capturado: 353104****
2026-02-04 22:02:11.195  6908-6908  PairingViewModel        com.cdccreditsmart.app               D  ðŸ“± Dual-SIM detectado: 1 IMEI(s) adicional(is)
2026-02-04 22:02:11.199  6908-6908  PairingViewModel        com.cdccreditsmart.app               I  â•”â•â•â•â•â•â•â•â•â•â•â•â•â•â•â•â•â•â•â•â•â•â•â•â•â•â•â•â•â•â•â•â•â•â•â•â•â•â•â•â•â•â•â•â•â•â•â•â•â•â•â•â•â•â•â•â•â•—
2026-02-04 22:02:11.199  6908-6908  PairingViewModel        com.cdccreditsmart.app               I  â•‘   ðŸ“¤ STEP 1: GET /api/device/claim-sale                â•‘
2026-02-04 22:02:11.199  6908-6908  PairingViewModel        com.cdccreditsmart.app               I  â•šâ•â•â•â•â•â•â•â•â•â•â•â•â•â•â•â•â•â•â•â•â•â•â•â•â•â•â•â•â•â•â•â•â•â•â•â•â•â•â•â•â•â•â•â•â•â•â•â•â•â•â•â•â•â•â•â•â•
2026-02-04 22:02:11.199  6908-6908  PairingViewModel        com.cdccreditsmart.app               I  Request - token: TUV3TAPS
2026-02-04 22:02:11.199  6908-6908  PairingViewModel        com.cdccreditsmart.app               I  Request - imei: 353104****
2026-02-04 22:02:11.557  6908-6931  creditsmart.app         com.cdccreditsmart.app               W  Cleared Reference was only reachable from finalizer (only reported once)
2026-02-04 22:02:11.614  6908-6931  creditsmart.app         com.cdccreditsmart.app               I  Background concurrent mark compact GC freed 10MB AllocSpace bytes, 41(1656KB) LOS objects, 66% free, 9571KB/28MB, paused 2.074ms,7.921ms total 105.966ms
2026-02-04 22:02:12.340  6908-7702  okhttp.OkHttpClient     com.cdccreditsmart.app               I  --> GET https://cdccreditsmart.com/api/device/claim-sale?token=TUV3TAPS&imei=353104906953198
2026-02-04 22:02:12.340  6908-7702  okhttp.OkHttpClient     com.cdccreditsmart.app               I  --> END GET
2026-02-04 22:02:12.343  6908-6908  Choreographer           com.cdccreditsmart.app               I  Skipped 76 frames!  The application may be doing too much work on its main thread.
2026-02-04 22:02:12.407  6908-6946  HWUI                    com.cdccreditsmart.app               I  Davey! duration=1326ms; Flags=0, FrameTimelineVsyncId=11196317, IntendedVsync=64580763206498, Vsync=64582027011182, InputEventId=0, HandleInputStart=64582039783463, AnimationStart=64582039789310, PerformTraversalsStart=64582056962540, DrawStart=64582057096387, FrameDeadline=64580849726553, FrameInterval=64582038683079, FrameStartTime=16624530, SyncQueued=64582077579771, SyncStart=64582077844310, IssueDrawCommandsStart=64582078231079, SwapBuffers=64582087825540, FrameCompleted=64582090255694, DequeueBufferDuration=97538, QueueBufferDuration=927384, GpuCompleted=64582090255694, SwapBuffersCompleted=64582089553848, DisplayPresentTime=64574791149232, CommandSubmissionCompleted=64582087825540, 
2026-02-04 22:02:12.449  6908-6908  InsetsController        com.cdccreditsmart.app               D  hide(ime(), fromIme=false)
2026-02-04 22:02:12.454  6908-6908  ImeTracker              com.cdccreditsmart.app               I  com.cdccreditsmart.app:8fc19fef: onRequestHide at ORIGIN_CLIENT reason HIDE_SOFT_INPUT_BY_INSETS_API fromUser false
2026-02-04 22:02:12.455  6908-6908  ImeTracker              com.cdccreditsmart.app               I  com.cdccreditsmart.app:81fcb7d5: onRequestHide at ORIGIN_CLIENT reason HIDE_SOFT_INPUT_REQUEST_HIDE_WITH_CONTROL fromUser false
2026-02-04 22:02:12.481  6908-6908  RemoteInpu...ectionImpl com.cdccreditsmart.app               W  requestCursorUpdates on inactive InputConnection
2026-02-04 22:02:12.484  6908-6908  InsetsController        com.cdccreditsmart.app               D  hide(ime(), fromIme=true)
2026-02-04 22:02:12.485  6908-6908  ImeTracker              com.cdccreditsmart.app               I  com.cdccreditsmart.app:81fcb7d5: onCancelled at PHASE_CLIENT_APPLY_ANIMATION
2026-02-04 22:02:12.771  6908-6908  ImeTracker              com.cdccreditsmart.app               I  com.cdccreditsmart.app:93c5006: onRequestHide at ORIGIN_CLIENT reason HIDE_SOFT_INPUT_ON_ANIMATION_STATE_CHANGED fromUser false
2026-02-04 22:02:12.774  6908-6908  ImeTracker              com.cdccreditsmart.app               I  com.cdccreditsmart.app:8fc19fef: onHidden
2026-02-04 22:02:13.081  6908-7702  okhttp.OkHttpClient     com.cdccreditsmart.app               I  <-- 200 https://cdccreditsmart.com/api/device/claim-sale?token=TUV3TAPS&imei=353104906953198 (740ms)
2026-02-04 22:02:13.081  6908-7702  okhttp.OkHttpClient     com.cdccreditsmart.app               I  access-control-allow-credentials: true
2026-02-04 22:02:13.081  6908-7702  okhttp.OkHttpClient     com.cdccreditsmart.app               I  access-control-allow-headers: Origin, X-Requested-With, Content-Type, Accept, Authorization, x-client-key, x-client-token, x-client-secret, cache-control
2026-02-04 22:02:13.081  6908-7702  okhttp.OkHttpClient     com.cdccreditsmart.app               I  access-control-allow-methods: GET, POST, PUT, PATCH, DELETE, OPTIONS
2026-02-04 22:02:13.081  6908-7702  okhttp.OkHttpClient     com.cdccreditsmart.app               I  access-control-allow-origin: *
2026-02-04 22:02:13.082  6908-7702  okhttp.OkHttpClient     com.cdccreditsmart.app               I  access-control-max-age: 86400
2026-02-04 22:02:13.082  6908-7702  okhttp.OkHttpClient     com.cdccreditsmart.app               I  content-length: 338
2026-02-04 22:02:13.082  6908-7702  okhttp.OkHttpClient     com.cdccreditsmart.app               I  content-security-policy: default-src 'self'; script-src 'self' 'unsafe-inline' 'unsafe-eval' https://replit.com; style-src 'self' 'unsafe-inline' https://replit.com; img-src 'self' data: https:; font-src 'self' data: https://replit.com; connect-src 'self';
2026-02-04 22:02:13.082  6908-7702  okhttp.OkHttpClient     com.cdccreditsmart.app               I  content-type: application/json; charset=utf-8
2026-02-04 22:02:13.082  6908-7702  okhttp.OkHttpClient     com.cdccreditsmart.app               I  date: Thu, 05 Feb 2026 01:02:12 GMT
2026-02-04 22:02:13.082  6908-7702  okhttp.OkHttpClient     com.cdccreditsmart.app               I  etag: W/"152-broCjw/FZyrYtUjbLyrxB8j3OTg"
2026-02-04 22:02:13.082  6908-7702  okhttp.OkHttpClient     com.cdccreditsmart.app               I  permissions-policy: geolocation=(), microphone=(), camera=()
2026-02-04 22:02:13.082  6908-7702  okhttp.OkHttpClient     com.cdccreditsmart.app               I  referrer-policy: strict-origin-when-cross-origin
2026-02-04 22:02:13.082  6908-7702  okhttp.OkHttpClient     com.cdccreditsmart.app               I  strict-transport-security: max-age=63072000; includeSubDomains
2026-02-04 22:02:13.082  6908-7702  okhttp.OkHttpClient     com.cdccreditsmart.app               I  strict-transport-security: max-age=31536000; includeSubDomains
2026-02-04 22:02:13.082  6908-7702  okhttp.OkHttpClient     com.cdccreditsmart.app               I  x-anti-fraud-protection: active
2026-02-04 22:02:13.082  6908-7702  okhttp.OkHttpClient     com.cdccreditsmart.app               I  x-certificate-pinning-enabled: false
2026-02-04 22:02:13.082  6908-7702  okhttp.OkHttpClient     com.cdccreditsmart.app               I  x-certificate-pinning-status: disabled-for-stability
2026-02-04 22:02:13.082  6908-7702  okhttp.OkHttpClient     com.cdccreditsmart.app               I  x-content-type-options: nosniff
2026-02-04 22:02:13.083  6908-7702  okhttp.OkHttpClient     com.cdccreditsmart.app               I  x-financial-data-protection: enabled
2026-02-04 22:02:13.083  6908-7702  okhttp.OkHttpClient     com.cdccreditsmart.app               I  x-frame-options: DENY
2026-02-04 22:02:13.083  6908-7702  okhttp.OkHttpClient     com.cdccreditsmart.app               I  x-transaction-security-level: maximum
2026-02-04 22:02:13.083  6908-7702  okhttp.OkHttpClient     com.cdccreditsmart.app               I  x-xss-protection: 1; mode=block
2026-02-04 22:02:13.083  6908-7702  okhttp.OkHttpClient     com.cdccreditsmart.app               I  via: 1.1 google
2026-02-04 22:02:13.083  6908-7702  okhttp.OkHttpClient     com.cdccreditsmart.app               I  alt-svc: h3=":443"; ma=2592000,h3-29=":443"; ma=2592000
2026-02-04 22:02:13.085  6908-7702  okhttp.OkHttpClient     com.cdccreditsmart.app               I  {"success":true,"found":true,"saleId":"sale_1770253275572_a5epr4jbyk","validationId":"ec3b2654-fcd6-43af-b166-05d34673c132","customerName":"Marcos Antunes","deviceModel":"Dispositivo","biometrySessionId":"bio_ses_1770253275573_f5fcfywmmk8","storeId":"4d9e95cc-79b7-42fd-a56d-676713cc7687","customerCpf":"064.527.843-23","expiresIn":86342}
2026-02-04 22:02:13.085  6908-7702  okhttp.OkHttpClient     com.cdccreditsmart.app               I  <-- END HTTP (338-byte body)
2026-02-04 22:02:13.104  6908-6908  PairingViewModel        com.cdccreditsmart.app               I  ðŸ“¨ GET Response: HTTP 200
2026-02-04 22:02:13.104  6908-6908  PairingViewModel        com.cdccreditsmart.app               I  â•”â•â•â•â•â•â•â•â•â•â•â•â•â•â•â•â•â•â•â•â•â•â•â•â•â•â•â•â•â•â•â•â•â•â•â•â•â•â•â•â•â•â•â•â•â•â•â•â•â•â•â•â•â•â•â•â•â•—
2026-02-04 22:02:13.104  6908-6908  PairingViewModel        com.cdccreditsmart.app               I  â•‘   ðŸ“¤ STEP 2: POST /api/device/claim-sale               â•‘
2026-02-04 22:02:13.104  6908-6908  PairingViewModel        com.cdccreditsmart.app               I  â•šâ•â•â•â•â•â•â•â•â•â•â•â•â•â•â•â•â•â•â•â•â•â•â•â•â•â•â•â•â•â•â•â•â•â•â•â•â•â•â•â•â•â•â•â•â•â•â•â•â•â•â•â•â•â•â•â•â•
2026-02-04 22:02:13.104  6908-6908  PairingViewModel        com.cdccreditsmart.app               I  Request - validationId: ec3b2654-fcd6-43af-b166-05d34673c132
2026-02-04 22:02:13.108  6908-6908  FingerprintCalculator   com.cdccreditsmart.app               D  Calculating fingerprint from: ID=ZF525GRCP8..., BRAND=motorola, MODEL=moto g15, IMEI=3531
2026-02-04 22:02:13.111  6908-6908  FingerprintCalculator   com.cdccreditsmart.app               D  âœ… Fingerprint calculated: 18bd6adb2c67dac7... (length: 64)
2026-02-04 22:02:13.287  6908-7702  okhttp.OkHttpClient     com.cdccreditsmart.app               I  --> POST https://cdccreditsmart.com/api/device/claim-sale
2026-02-04 22:02:13.287  6908-7702  okhttp.OkHttpClient     com.cdccreditsmart.app               I  Content-Type: application/json; charset=UTF-8
2026-02-04 22:02:13.287  6908-7702  okhttp.OkHttpClient     com.cdccreditsmart.app               I  Content-Length: 336
2026-02-04 22:02:13.287  6908-7702  okhttp.OkHttpClient     com.cdccreditsmart.app               I  {"validationId":"ec3b2654-fcd6-43af-b166-05d34673c132","hardwareImei":"353104906953198","fingerprint":"18bd6adb2c67dac75644ae48939795018b985a2ea307d3b47680c0f4c135b310","deviceInfo":{"brand":"motorola","model":"moto g15","manufacturer":"motorola","androidVersion":"15","sdkInt":35,"serialNumber":"ZF525GRCP8","buildId":"VVTA35.51-124"}}
2026-02-04 22:02:13.287  6908-7702  okhttp.OkHttpClient     com.cdccreditsmart.app               I  --> END POST (336-byte body)
2026-02-04 22:02:13.917  6908-7702  okhttp.OkHttpClient     com.cdccreditsmart.app               I  <-- 200 https://cdccreditsmart.com/api/device/claim-sale (629ms)
2026-02-04 22:02:13.917  6908-7702  okhttp.OkHttpClient     com.cdccreditsmart.app               I  access-control-allow-credentials: true
2026-02-04 22:02:13.917  6908-7702  okhttp.OkHttpClient     com.cdccreditsmart.app               I  access-control-allow-headers: Origin, X-Requested-With, Content-Type, Accept, Authorization, x-client-key, x-client-token, x-client-secret, cache-control
2026-02-04 22:02:13.918  6908-7702  okhttp.OkHttpClient     com.cdccreditsmart.app               I  access-control-allow-methods: GET, POST, PUT, PATCH, DELETE, OPTIONS
2026-02-04 22:02:13.918  6908-7702  okhttp.OkHttpClient     com.cdccreditsmart.app               I  access-control-allow-origin: *
2026-02-04 22:02:13.918  6908-7702  okhttp.OkHttpClient     com.cdccreditsmart.app               I  access-control-max-age: 86400
2026-02-04 22:02:13.918  6908-7702  okhttp.OkHttpClient     com.cdccreditsmart.app               I  content-length: 1638
2026-02-04 22:02:13.918  6908-7702  okhttp.OkHttpClient     com.cdccreditsmart.app               I  content-security-policy: default-src 'self'; script-src 'self' 'unsafe-inline' 'unsafe-eval' https://replit.com; style-src 'self' 'unsafe-inline' https://replit.com; img-src 'self' data: https:; font-src 'self' data: https://replit.com; connect-src 'self';
2026-02-04 22:02:13.918  6908-7702  okhttp.OkHttpClient     com.cdccreditsmart.app               I  content-type: application/json; charset=utf-8
2026-02-04 22:02:13.918  6908-7702  okhttp.OkHttpClient     com.cdccreditsmart.app               I  date: Thu, 05 Feb 2026 01:02:13 GMT
2026-02-04 22:02:13.918  6908-7702  okhttp.OkHttpClient     com.cdccreditsmart.app               I  etag: W/"666-C8HAspXcmD60RIclMJl1/8AUv3g"
2026-02-04 22:02:13.918  6908-7702  okhttp.OkHttpClient     com.cdccreditsmart.app               I  permissions-policy: geolocation=(), microphone=(), camera=()
2026-02-04 22:02:13.919  6908-7702  okhttp.OkHttpClient     com.cdccreditsmart.app               I  referrer-policy: strict-origin-when-cross-origin
2026-02-04 22:02:13.919  6908-7702  okhttp.OkHttpClient     com.cdccreditsmart.app               I  strict-transport-security: max-age=63072000; includeSubDomains
2026-02-04 22:02:13.919  6908-7702  okhttp.OkHttpClient     com.cdccreditsmart.app               I  strict-transport-security: max-age=31536000; includeSubDomains
2026-02-04 22:02:13.919  6908-7702  okhttp.OkHttpClient     com.cdccreditsmart.app               I  x-anti-fraud-protection: active
2026-02-04 22:02:13.919  6908-7702  okhttp.OkHttpClient     com.cdccreditsmart.app               I  x-certificate-pinning-enabled: false
2026-02-04 22:02:13.919  6908-7702  okhttp.OkHttpClient     com.cdccreditsmart.app               I  x-certificate-pinning-status: disabled-for-stability
2026-02-04 22:02:13.919  6908-7702  okhttp.OkHttpClient     com.cdccreditsmart.app               I  x-content-type-options: nosniff
2026-02-04 22:02:13.919  6908-7702  okhttp.OkHttpClient     com.cdccreditsmart.app               I  x-financial-data-protection: enabled
2026-02-04 22:02:13.919  6908-7702  okhttp.OkHttpClient     com.cdccreditsmart.app               I  x-frame-options: DENY
2026-02-04 22:02:13.920  6908-7702  okhttp.OkHttpClient     com.cdccreditsmart.app               I  x-transaction-security-level: maximum
2026-02-04 22:02:13.920  6908-7702  okhttp.OkHttpClient     com.cdccreditsmart.app               I  x-xss-protection: 1; mode=block
2026-02-04 22:02:13.920  6908-7702  okhttp.OkHttpClient     com.cdccreditsmart.app               I  via: 1.1 google
2026-02-04 22:02:13.920  6908-7702  okhttp.OkHttpClient     com.cdccreditsmart.app               I  alt-svc: h3=":443"; ma=2592000,h3-29=":443"; ma=2592000
2026-02-04 22:02:13.923  6908-7702  okhttp.OkHttpClient     com.cdccreditsmart.app               I  {"success":true,"deviceToken":"eyJhbGciOiJIUzI1NiIsInR5cCI6IkpXVCJ9.eyJkZXZpY2VJZCI6IjM1MzEwNDkwNjk1MzE5OCIsInNlcmlhbE51bWJlciI6IlpGNTI1R1JDUDgiLCJmaW5nZXJwcmludCI6IjE4YmQ2YWRiMmM2N2RhYzc1NjQ0YWU0ODkzOTc5NTAxOGI5ODVhMmVhMzA3ZDNiNDc2ODBjMGY0YzEzNWIzMTAiLCJ0eXBlIjoiYXBrIiwic2NvcGVzIjpbImRldmljZTpyZWFkIiwiZGV2aWNlOnN5bmMiXSwiaWF0IjoxNzcwMjUzMzMzLCJleHAiOjE4MDE3ODkzMzN9.MRqN9NRjDzkrnwZonxAv_Bo9JQ9BrhCWamsTB9d9GCY","authToken":"eyJhbGciOiJIUzI1NiIsInR5cCI6IkpXVCJ9.eyJkZXZpY2VJZCI6IjM1MzEwNDkwNjk1MzE5OCIsInNlcmlhbE51bWJlciI6IlpGNTI1R1JDUDgiLCJmaW5nZXJwcmludCI6IjE4YmQ2YWRiMmM2N2RhYzc1NjQ0YWU0ODkzOTc5NTAxOGI5ODVhMmVhMzA3ZDNiNDc2ODBjMGY0YzEzNWIzMTAiLCJ0eXBlIjoiYXBrIiwic2NvcGVzIjpbImRldmljZTpyZWFkIiwiZGV2aWNlOnN5bmMiXSwiaWF0IjoxNzcwMjUzMzMzLCJleHAiOjE4MDE3ODkzMzN9.MRqN9NRjDzkrnwZonxAv_Bo9JQ9BrhCWamsTB9d9GCY","immutableToken":"eyJhbGciOiJIUzI1NiIsInR5cCI6IkpXVCJ9.eyJkZXZpY2VJZCI6IjM1MzEwNDkwNjk1MzE5OCIsInNlcmlhbE51bWJlciI6IlpGNTI1R1JDUDgiLCJmaW5nZXJwcmludCI6IjE4YmQ2YWRiMmM2N2RhYzc1NjQ0YWU0ODkzOTc5NTAxOGI5ODVhMmVhMzA3ZDNiNDc2ODBjMGY0YzEzNWIzMTAiLCJ0eXBlIjoiYXBrIiwic2NvcGVzIjpbImRldmljZTpyZWFkIiwiZGV2aWNlOnN5bmMiXSwiaWF0IjoxNzcwMjUzMzMzLCJleHAiOjE4MDE3ODkzMzN9.MRqN9NRjDzkrnwZonxAv_Bo9JQ9BrhCWamsTB9d9GCY","deviceId":"353104906953198","saleId":"sale_1770253275572_a5epr4jbyk","biometrySessionId":"bio_ses_1770253275573_f5fcfywmmk8","storeId":"4d9e95cc-79b7-42fd-a56d-676713cc7687","customerCpf":"064.527.843-23","imei":null,"imeiList":[],"meidList":[],"androidId":null,"deviceFingerprint":null,"requiresBackendRevalidation":true,"matched":true,"message":"Device successfully paired to sale","__version":"v2.4-HYBRID-IMEI-VALIDATION"}
2026-02-04 22:02:13.923  6908-7702  okhttp.OkHttpClient     com.cdccreditsmart.app               I  <-- END HTTP (1638-byte body)
2026-02-04 22:02:13.936  6908-6908  PairingViewModel        com.cdccreditsmart.app               I  ðŸ“¨ POST Response: HTTP 200
2026-02-04 22:02:13.936  6908-6908  PairingViewModel        com.cdccreditsmart.app               D  âœ… Device Claim successful!
2026-02-04 22:02:13.937  6908-6908  PairingViewModel        com.cdccreditsmart.app               D     DeviceId: 353104906953198
2026-02-04 22:02:13.937  6908-6908  PairingViewModel        com.cdccreditsmart.app               D     Token presente: true
2026-02-04 22:02:13.941  6908-6908  ContractCodeStorage     com.cdccreditsmart.app               D  Saving contract code to redundant storage
2026-02-04 22:02:13.976  6908-6908  ContractCodeStorage     com.cdccreditsmart.app               D  Saved to EncryptedPrefs
2026-02-04 22:02:14.058  6908-6908  ContractCodeStorage     com.cdccreditsmart.app               D  Successfully saved to file: .cdc_protected_code.enc
2026-02-04 22:02:14.059  6908-6908  ContractCodeStorage     com.cdccreditsmart.app               D  Saved to Protected Storage
2026-02-04 22:02:14.089  6908-6908  ContractCodeStorage     com.cdccreditsmart.app               D  Successfully saved to file: .cdc_contract_b1.enc
2026-02-04 22:02:14.121  6908-6908  ContractCodeStorage     com.cdccreditsmart.app               D  Successfully saved to file: .sys_device_cfg.enc
2026-02-04 22:02:14.156  6908-6908  ContractCodeStorage     com.cdccreditsmart.app               D  Successfully saved to file: .android_secure.enc
2026-02-04 22:02:14.209  6908-6908  ContractCodeStorage     com.cdccreditsmart.app               D  Contract code saved to ALL storage locations
2026-02-04 22:02:14.385  6908-6908  ContractCodeStorage     com.cdccreditsmart.app               D  Verification complete: 7/7 locations valid
2026-02-04 22:02:14.385  6908-6908  SecureTokenStorage      com.cdccreditsmart.app               D  Auth token saved successfully (contract code via ContractCodeStorage, deviceId: 3531049069...)
2026-02-04 22:02:14.388  6908-6908  SecureTokenStorage      com.cdccreditsmart.app               D  Serial number saved: TUV3TA...
2026-02-04 22:02:14.390  6908-6908  SecureTokenStorage      com.cdccreditsmart.app               I  âœ… IMEI salvo para MDM: 3531***198
2026-02-04 22:02:14.395  6908-6908  SecureTokenStorage      com.cdccreditsmart.app               I  âœ… 2 IMEI(s) validado(s) e armazenado(s) com hash SHA-256
2026-02-04 22:02:14.398  6908-6908  CdcForegroundService    com.cdccreditsmart.app               I  âœ… ServiÃ§o iniciado via startService()
2026-02-04 22:02:14.398  6908-6908  PairingViewModel        com.cdccreditsmart.app               D  ðŸ”Œ step3ConnectWebSocket chamado - CustomerName: 'Marcos Antunes', DeviceModel: 'moto g15'
2026-02-04 22:02:14.399  6908-6908  PairingViewModel        com.cdccreditsmart.app               D  Registering FCM token with backend...
2026-02-04 22:02:14.403  6908-7032  FcmTokenManager         com.cdccreditsmart.app               D  ========== REGISTERING FCM TOKEN WITH BACKEND ==========
2026-02-04 22:02:14.405  6908-6908  WebSocketManager        com.cdccreditsmart.app               I  â•”â•â•â•â•â•â•â•â•â•â•â•â•â•â•â•â•â•â•â•â•â•â•â•â•â•â•â•â•â•â•â•â•â•â•â•â•â•â•â•â•â•â•â•â•â•â•â•â•â•â•â•â•â•â•â•â•â•—
2026-02-04 22:02:14.405  6908-6908  WebSocketManager        com.cdccreditsmart.app               I  â•‘   ðŸ”Œ CONNECTING TO WEBSOCKET                          â•‘
2026-02-04 22:02:14.405  6908-6908  WebSocketManager        com.cdccreditsmart.app               I  â•šâ•â•â•â•â•â•â•â•â•â•â•â•â•â•â•â•â•â•â•â•â•â•â•â•â•â•â•â•â•â•â•â•â•â•â•â•â•â•â•â•â•â•â•â•â•â•â•â•â•â•â•â•â•â•â•â•â•
2026-02-04 22:02:14.405  6908-6908  WebSocketManager        com.cdccreditsmart.app               I  ðŸ“¡ URL: wss://cdccreditsmart.com/ws/flow-status
2026-02-04 22:02:14.405  6908-6908  WebSocketManager        com.cdccreditsmart.app               I  ðŸ“‹ Contract Code: TUV3TAPS
2026-02-04 22:02:14.406  6908-7032  FcmTokenManager         com.cdccreditsmart.app               D  Current FCM token retrieved: cxNN2Av7R_24-Sm5Ze07...
2026-02-04 22:02:14.412  6908-6908  WebSocketManager        com.cdccreditsmart.app               I  âœ… WebSocket request initiated successfully
2026-02-04 22:02:14.431  6908-6908  CdcForegroundService    com.cdccreditsmart.app               D  ðŸš€ ServiÃ§o onStartCommand() - Action: com.cdccreditsmart.app.START_SERVICE
2026-02-04 22:02:14.437  6908-6908  CdcForegroundService    com.cdccreditsmart.app               I  âœ… Foreground Service ativo (Android 12+)
2026-02-04 22:02:14.438  6908-7031  CdcForegroundService    com.cdccreditsmart.app               I  ðŸ”§ ========================================
2026-02-04 22:02:14.438  6908-7031  CdcForegroundService    com.cdccreditsmart.app               I  ðŸ”§ INICIANDO initializeServices()...
2026-02-04 22:02:14.438  6908-7031  CdcForegroundService    com.cdccreditsmart.app               I  ðŸ”§ ========================================
2026-02-04 22:02:14.438  6908-7031  CdcForegroundService    com.cdccreditsmart.app               D  âœ… ServiÃ§os base jÃ¡ inicializados
2026-02-04 22:02:14.486  6908-7032  FcmTokenManager         com.cdccreditsmart.app               D  Sending FCM token to backend (payload: {"fcmToken": "cxNN2Av7R_24-Sm5Ze07..."})
2026-02-04 22:02:14.488  6908-7032  FcmTokenManager         com.cdccreditsmart.app               D  Sending POST https://cdccreditsmart.com/api/apk/device/fcm-token...
2026-02-04 22:02:14.954  6908-7031  SecureTokenStorage      com.cdccreditsmart.app               D  âœ… Usando IMEI para MDM: 3531***198
2026-02-04 22:02:14.954  6908-7031  CdcForegroundService    com.cdccreditsmart.app               I  ðŸ” AuthToken presente: true
2026-02-04 22:02:14.954  6908-7031  CdcForegroundService    com.cdccreditsmart.app               I  ðŸ” AuthToken length: 381
2026-02-04 22:02:14.954  6908-7031  CdcForegroundService    com.cdccreditsmart.app               I  ðŸ” ContractCode presente: true
2026-02-04 22:02:14.954  6908-7031  CdcForegroundService    com.cdccreditsmart.app               I  ðŸ” ContractCode value: TUV3****
2026-02-04 22:02:14.954  6908-7031  CdcForegroundService    com.cdccreditsmart.app               I  ðŸ” MDM SerialNumber presente: true
2026-02-04 22:02:14.954  6908-7031  CdcForegroundService    com.cdccreditsmart.app               I  ðŸ” MDM SerialNumber value: 35310490...
2026-02-04 22:02:14.954  6908-7031  CdcForegroundService    com.cdccreditsmart.app               I  ðŸ”§ ========================================
2026-02-04 22:02:14.954  6908-7031  CdcForegroundService    com.cdccreditsmart.app               I  ðŸ”§ INICIALIZANDO MDM COM SERIAL NUMBER: 35310490...
2026-02-04 22:02:14.955  6908-7031  CdcForegroundService    com.cdccreditsmart.app               I  ðŸ”§ ========================================
2026-02-04 22:02:14.955  6908-7031  CdcForegroundService    com.cdccreditsmart.app               I  ðŸ” Tokens encontrados - inicializando serviÃ§os MDM
2026-02-04 22:02:14.955  6908-7031  CdcForegroundService    com.cdccreditsmart.app               D  ðŸ“¡ Criando MdmCommandReceiver (usando serialNumber do SecureTokenStorage)...
2026-02-04 22:02:14.958  6908-7727  WebSocketManager        com.cdccreditsmart.app               D  WebSocket connection opened
2026-02-04 22:02:14.959  6908-7727  WebSocketManager        com.cdccreditsmart.app               D  WebSocket connected, sending authentication for contract: TUV3TAPS
2026-02-04 22:02:14.959  6908-7727  WebSocketManager        com.cdccreditsmart.app               I  ðŸ“¤ Authentication message sent: type=authenticate, contractId=TUV3TAPS
2026-02-04 22:02:14.960  6908-7727  WebSocketManager        com.cdccreditsmart.app               I  ðŸ“¤ Subscribe message sent to server
2026-02-04 22:02:14.960  6908-7727  WebSocketManager        com.cdccreditsmart.app               D  Starting heartbeat
2026-02-04 22:02:14.974  6908-7031  MdmCommandReceiver      com.cdccreditsmart.app               D  âœ… Foreground service reference set for WakeLock management
2026-02-04 22:02:14.974  6908-7031  CdcForegroundService    com.cdccreditsmart.app               D  ðŸ”‹ Foreground service reference passada para MdmCommandReceiver
2026-02-04 22:02:14.974  6908-7031  CdcForegroundService    com.cdccreditsmart.app               I  ðŸ’“ ========================================
2026-02-04 22:02:14.974  6908-7031  CdcForegroundService    com.cdccreditsmart.app               I  ðŸ’“ INICIANDO HEARTBEAT MANAGER (60s)
2026-02-04 22:02:14.974  6908-7031  CdcForegroundService    com.cdccreditsmart.app               I  ðŸ’“ ========================================
2026-02-04 22:02:14.976  6908-7031  HeartbeatManager        com.cdccreditsmart.app               I  ðŸ’“ ========================================
2026-02-04 22:02:14.976  6908-7031  HeartbeatManager        com.cdccreditsmart.app               I  ðŸ’“ INICIANDO HEARTBEAT MANAGER (60s)
2026-02-04 22:02:14.976  6908-7031  HeartbeatManager        com.cdccreditsmart.app               I  ðŸ’“ ========================================
2026-02-04 22:02:14.976  6908-7031  HeartbeatManager        com.cdccreditsmart.app               I  ðŸ’“ Intervalo: 60 segundos
2026-02-04 22:02:14.976  6908-7031  HeartbeatManager        com.cdccreditsmart.app               I  ðŸ’“ Endpoint: POST /api/apk/device/heartbeat
2026-02-04 22:02:14.977  6908-7031  CdcForegroundService    com.cdccreditsmart.app               I  ðŸ’“ HeartbeatManager iniciado ANTES do WebSocket
2026-02-04 22:02:14.977  6908-7031  CdcForegroundService    com.cdccreditsmart.app               I  ðŸ“¡ ========================================
2026-02-04 22:02:14.977  6908-7031  CdcForegroundService    com.cdccreditsmart.app               I  ðŸ“¡ CONECTANDO WebSocket MDM...
2026-02-04 22:02:14.977  6908-7031  CdcForegroundService    com.cdccreditsmart.app               I  ðŸ“¡ ========================================
2026-02-04 22:02:14.977  6908-7031  CdcForegroundService    com.cdccreditsmart.app               I  ðŸ“¡ AuthToken length: 381 caracteres
2026-02-04 22:02:14.977  6908-7031  CdcForegroundService    com.cdccreditsmart.app               I  ðŸ“¡ AuthToken preview: eyJhbGciOiJIUzI1NiIs...
2026-02-04 22:02:14.977  6908-7031  CdcForegroundService    com.cdccreditsmart.app               I  ðŸ“¡ Contract code: TUV3TAPS
2026-02-04 22:02:14.977  6908-7031  CdcForegroundService    com.cdccreditsmart.app               I  ðŸ“¡ Chamando mdmReceiver.connectMdmWebSocket()...
2026-02-04 22:02:14.979  6908-7030  HeartbeatManager        com.cdccreditsmart.app               I  ðŸ’“ Enviando heartbeat IMEDIATO...
2026-02-04 22:02:14.979  6908-7031  SecureTokenStorage      com.cdccreditsmart.app               D  âœ… Usando IMEI para MDM: 3531***198
2026-02-04 22:02:14.979  6908-7031  MdmCommandReceiver      com.cdccreditsmart.app               I  ðŸ”— ========================================
2026-02-04 22:02:14.979  6908-7031  MdmCommandReceiver      com.cdccreditsmart.app               I  ðŸ”— INICIANDO CONEXÃƒO WEBSOCKET MDM
2026-02-04 22:02:14.979  6908-7031  MdmCommandReceiver      com.cdccreditsmart.app               I  ðŸ”— ========================================
2026-02-04 22:02:14.979  6908-7031  MdmCommandReceiver      com.cdccreditsmart.app               I  ðŸ”— URL base: wss://cdccreditsmart.com/ws/mdm-policies
2026-02-04 22:02:14.979  6908-7031  MdmCommandReceiver      com.cdccreditsmart.app               I  ðŸ”— JWT Token presente: true
2026-02-04 22:02:14.979  6908-7031  MdmCommandReceiver      com.cdccreditsmart.app               I  ðŸ”— JWT Token length: 381
2026-02-04 22:02:14.979  6908-7031  MdmCommandReceiver      com.cdccreditsmart.app               I  ðŸ”— JWT Token preview: eyJhbGciOiJIUzI1NiIsInR5cCI6Ik...
2026-02-04 22:02:14.979  6908-7031  MdmCommandReceiver      com.cdccreditsmart.app               I  ðŸ”— Device identifier: 353104906953198
2026-02-04 22:02:14.980  6908-7031  MdmCommandReceiver      com.cdccreditsmart.app               D  ðŸ”— Criando WebSocket OkHttp...
2026-02-04 22:02:14.980  6908-7031  MdmCommandReceiver      com.cdccreditsmart.app               I  ðŸ”„ Iniciando polling IMEDIATAMENTE (nÃ£o esperar WebSocket)
2026-02-04 22:02:14.982  6908-7732  MdmCommandReceiver      com.cdccreditsmart.app               I  ðŸ”„ ========================================
2026-02-04 22:02:14.982  6908-7732  MdmCommandReceiver      com.cdccreditsmart.app               I  ðŸ”„ INICIANDO POLLING FALLBACK MDM
2026-02-04 22:02:14.982  6908-7732  MdmCommandReceiver      com.cdccreditsmart.app               I  ðŸ”„ ========================================
2026-02-04 22:02:14.982  6908-7732  MdmCommandReceiver      com.cdccreditsmart.app               I  ðŸ”„ Intervalo: 30 segundos
2026-02-04 22:02:14.982  6908-7732  MdmCommandReceiver      com.cdccreditsmart.app               I  ðŸ”„ Endpoint: GET /api/apk/device/{identifier}/commands
2026-02-04 22:02:14.982  6908-7732  MdmCommandReceiver      com.cdccreditsmart.app               I  ðŸ”„ Executando verificaÃ§Ã£o IMEDIATA de comandos...
2026-02-04 22:02:14.985  6908-7031  MdmCommandReceiver      com.cdccreditsmart.app               D  ðŸ”— WebSocket request enviado - aguardando resposta...
2026-02-04 22:02:14.985  6908-7031  CdcForegroundService    com.cdccreditsmart.app               I  ðŸ“¡ ========================================
2026-02-04 22:02:14.985  6908-7031  CdcForegroundService    com.cdccreditsmart.app               I  ðŸ“¡ connectMdmWebSocket() CHAMADO - Aguardando conexÃ£o...
2026-02-04 22:02:14.985  6908-7031  CdcForegroundService    com.cdccreditsmart.app               I  ðŸ“¡ PrÃ³ximo log esperado: 'âœ… WebSocket MDM CONECTADO'
2026-02-04 22:02:14.985  6908-7031  CdcForegroundService    com.cdccreditsmart.app               I  ðŸ“¡ ========================================
2026-02-04 22:02:14.985  6908-7031  CdcForegroundService    com.cdccreditsmart.app               D  ðŸ“¡ Criando WebSocketManager (flow-status)...
2026-02-04 22:02:14.986  6908-7031  WebSocketManager        com.cdccreditsmart.app               I  â•”â•â•â•â•â•â•â•â•â•â•â•â•â•â•â•â•â•â•â•â•â•â•â•â•â•â•â•â•â•â•â•â•â•â•â•â•â•â•â•â•â•â•â•â•â•â•â•â•â•â•â•â•â•â•â•â•â•—
2026-02-04 22:02:14.986  6908-7031  WebSocketManager        com.cdccreditsmart.app               I  â•‘   ðŸ”Œ CONNECTING TO WEBSOCKET                          â•‘
2026-02-04 22:02:14.986  6908-7031  WebSocketManager        com.cdccreditsmart.app               I  â•šâ•â•â•â•â•â•â•â•â•â•â•â•â•â•â•â•â•â•â•â•â•â•â•â•â•â•â•â•â•â•â•â•â•â•â•â•â•â•â•â•â•â•â•â•â•â•â•â•â•â•â•â•â•â•â•â•â•
2026-02-04 22:02:14.986  6908-7031  WebSocketManager        com.cdccreditsmart.app               I  ðŸ“¡ URL: wss://cdccreditsmart.com/ws/flow-status
2026-02-04 22:02:14.986  6908-7031  WebSocketManager        com.cdccreditsmart.app               I  ðŸ“‹ Contract Code: TUV3TAPS
2026-02-04 22:02:14.987  6908-7030  HeartbeatManager        com.cdccreditsmart.app               D  ðŸ’“ Usando authToken (fallback)
2026-02-04 22:02:14.988  6908-7032  FcmTokenManager         com.cdccreditsmart.app               D  Response code: 401
2026-02-04 22:02:14.989  6908-7732  SecureTokenStorage      com.cdccreditsmart.app               D  âœ… Usando IMEI para MDM: 3531***198
2026-02-04 22:02:14.989  6908-7732  MdmCommandReceiver      com.cdccreditsmart.app               I  ðŸ” ========================================
2026-02-04 22:02:14.989  6908-7732  MdmCommandReceiver      com.cdccreditsmart.app               I  ðŸ” BUSCANDO COMANDOS PENDENTES
2026-02-04 22:02:14.990  6908-7732  MdmCommandReceiver      com.cdccreditsmart.app               I  ðŸ” ========================================
2026-02-04 22:02:14.990  6908-7732  MdmCommandReceiver      com.cdccreditsmart.app               I  ðŸ” Identifier: 353104906953198
2026-02-04 22:02:14.990  6908-7032  FcmTokenManager         com.cdccreditsmart.app               E  âŒ Failed to register FCM token
2026-02-04 22:02:14.990  6908-7732  MdmCommandReceiver      com.cdccreditsmart.app               I  ðŸ” Endpoint: GET /api/apk/device/353104906953198/commands
2026-02-04 22:02:14.990  6908-7032  FcmTokenManager         com.cdccreditsmart.app               E  Error response: {"error":"Token invÃ¡lido ou expirado"}
2026-02-04 22:02:14.990  6908-7032  PairingViewModel        com.cdccreditsmart.app               W  âš ï¸ FCM token registration failed: HTTP 401: 
2026-02-04 22:02:14.990  6908-7031  WebSocketManager        com.cdccreditsmart.app               I  âœ… WebSocket request initiated successfully
2026-02-04 22:02:14.990  6908-7032  PairingViewModel        com.cdccreditsmart.app               W  Push notifications may not work until token is registered
2026-02-04 22:02:14.991  6908-7031  CdcForegroundService    com.cdccreditsmart.app               I  ðŸ“¡ WebSocketManager inicializado
2026-02-04 22:02:14.991  6908-7031  CdcForegroundService    com.cdccreditsmart.app               I  ðŸ’¡ Overlay automÃ¡tico: PeriodicOverlayWorker (a cada 10min)
2026-02-04 22:02:14.994  6908-7732  MdmCommandReceiver      com.cdccreditsmart.app               D  ðŸ” Executando requisiÃ§Ã£o HTTP (timeout: 15s)...
2026-02-04 22:02:14.999  6908-7031  HeartbeatWorker         com.cdccreditsmart.app               I  âœ… Heartbeat OTIMIZADO agendado via WorkManager
2026-02-04 22:02:15.000  6908-7031  HeartbeatWorker         com.cdccreditsmart.app               I     ðŸ“Š Intervalo: 60min (reduÃ§Ã£o de 75% vs 15min)
2026-02-04 22:02:15.000  6908-7031  HeartbeatWorker         com.cdccreditsmart.app               I     ðŸŽ¯ Economia: ~72 requisiÃ§Ãµes/dia por dispositivo
2026-02-04 22:02:15.000  6908-7031  BlockingNotifWorker     com.cdccreditsmart.app               I  ðŸ“… Agendando verificaÃ§Ã£o de notificaÃ§Ãµes de bloqueio...
2026-02-04 22:02:15.001  6908-7031  BlockingNotifWorker     com.cdccreditsmart.app               I  âœ… Worker agendado para executar a cada 6h
2026-02-04 22:02:15.001  6908-7031  CdcForegroundService    com.cdccreditsmart.app               I  ðŸ“± Worker de notificaÃ§Ãµes de bloqueio agendado
2026-02-04 22:02:15.001  6908-7031  CdcForegroundService    com.cdccreditsmart.app               I  ðŸ“¦ ========================================
2026-02-04 22:02:15.001  6908-7031  CdcForegroundService    com.cdccreditsmart.app               I  ðŸ“¦ APK PRELOAD PARA FACTORY RESET (Multi-Fabricante)
2026-02-04 22:02:15.001  6908-7031  CdcForegroundService    com.cdccreditsmart.app               I  ðŸ“¦ ========================================
2026-02-04 22:02:15.002  6908-7031  ApkPreloadManager       com.cdccreditsmart.app               I  ðŸ“± Fabricante genÃ©rico - usando caminhos AOSP
2026-02-04 22:02:15.003  6908-7031  CdcForegroundService    com.cdccreditsmart.app               I  ðŸ“¦ APK em preload: false
2026-02-04 22:02:15.006  6908-7030  HeartbeatManager        com.cdccreditsmart.app               D  Heartbeat payload:
2026-02-04 22:02:15.006  6908-7030  HeartbeatManager        com.cdccreditsmart.app               D     deviceToken: eyJhbGciOiJIUzI1NiIs...
2026-02-04 22:02:15.006  6908-7030  HeartbeatManager        com.cdccreditsmart.app               D     policyLevel: 0
2026-02-04 22:02:15.006  6908-7030  HeartbeatManager        com.cdccreditsmart.app               D     batteryLevel: 100
2026-02-04 22:02:15.006  6908-7030  HeartbeatManager        com.cdccreditsmart.app               D     isCharging: true
2026-02-04 22:02:15.006  6908-7030  HeartbeatManager        com.cdccreditsmart.app               D     currentSimImei: 353104...
2026-02-04 22:02:15.015  6908-7031  CdcForegroundService    com.cdccreditsmart.app               I  ðŸ“¦ Construindo manifesto:
2026-02-04 22:02:15.015  6908-7031  CdcForegroundService    com.cdccreditsmart.app               I     ContractCode: TUV3TAPS...
2026-02-04 22:02:15.015  6908-7031  CdcForegroundService    com.cdccreditsmart.app               I     DeviceId: 3531049069...
2026-02-04 22:02:15.015  6908-7031  CdcForegroundService    com.cdccreditsmart.app               I     IMEI: 353104...
2026-02-04 22:02:15.015  6908-7031  CdcForegroundService    com.cdccreditsmart.app               I  ðŸ“¦ Salvando manifesto de enrollment para auto-reativaÃ§Ã£o
2026-02-04 22:02:15.016  6908-7031  ApkPreloadManager       com.cdccreditsmart.app               I  ========================================
2026-02-04 22:02:15.016  6908-7031  ApkPreloadManager       com.cdccreditsmart.app               I  ðŸ“¦ INSTALANDO APK NO PRELOAD (Multi-Fabricante)
2026-02-04 22:02:15.016  6908-7031  ApkPreloadManager       com.cdccreditsmart.app               I  ========================================
2026-02-04 22:02:15.017  6908-7031  ApkPreloadManager       com.cdccreditsmart.app               I  ðŸ“ APK fonte: /data/app/~~zQrfQQwRIBBsrWEuiSmjCg==/com.cdccreditsmart.app-8p7KDdSRnpjvMKQuVwlaXw==/base.apk
2026-02-04 22:02:15.017  6908-7031  ApkPreloadManager       com.cdccreditsmart.app               I  ðŸ“± Android 35 (15)
2026-02-04 22:02:15.017  6908-7031  ApkPreloadManager       com.cdccreditsmart.app               I  ðŸ“± Fabricante: motorola
2026-02-04 22:02:15.017  6908-7031  ApkPreloadManager       com.cdccreditsmart.app               I  ðŸ“± Marca: motorola
2026-02-04 22:02:15.017  6908-7031  ApkPreloadManager       com.cdccreditsmart.app               I  ðŸ“± Produto: lamu_g
2026-02-04 22:02:15.017  6908-7031  ApkPreloadManager       com.cdccreditsmart.app               I  ðŸ“± Modelo: moto g15
2026-02-04 22:02:15.018  6908-7031  ApkPreloadManager       com.cdccreditsmart.app               I  ðŸ“± Fabricante genÃ©rico - usando caminhos AOSP
2026-02-04 22:02:15.018  6908-7031  ApkPreloadManager       com.cdccreditsmart.app               I  ðŸ” Caminhos de preload a tentar: 4
2026-02-04 22:02:15.018  6908-7031  ApkPreloadManager       com.cdccreditsmart.app               D     1. /data/system/device_owner_data/preloads
2026-02-04 22:02:15.018  6908-7031  ApkPreloadManager       com.cdccreditsmart.app               D     2. /data/system/device_owner_data
2026-02-04 22:02:15.018  6908-7031  ApkPreloadManager       com.cdccreditsmart.app               D     3. /data/preloads/apps
2026-02-04 22:02:15.018  6908-7031  ApkPreloadManager       com.cdccreditsmart.app               D     4. /data/preload/apps
2026-02-04 22:02:15.018  6908-7031  ApkPreloadManager       com.cdccreditsmart.app               I  
2026-02-04 22:02:15.018  6908-7031  ApkPreloadManager       com.cdccreditsmart.app               I  ðŸ“‚ Tentando: /data/system/device_owner_data/preloads
2026-02-04 22:02:15.019  6908-7031  ApkPreloadManager       com.cdccreditsmart.app               I     ðŸ“ DiretÃ³rio nÃ£o existe - tentando criar...
2026-02-04 22:02:15.020  6908-7031  ApkPreloadManager       com.cdccreditsmart.app               W     âš ï¸ NÃ£o foi possÃ­vel criar diretÃ³rio
2026-02-04 22:02:15.020  6908-7031  ApkPreloadManager       com.cdccreditsmart.app               I  
2026-02-04 22:02:15.020  6908-7031  ApkPreloadManager       com.cdccreditsmart.app               I  ðŸ“‚ Tentando: /data/system/device_owner_data
2026-02-04 22:02:15.020  6908-7031  ApkPreloadManager       com.cdccreditsmart.app               I     ðŸ“ DiretÃ³rio nÃ£o existe - tentando criar...
2026-02-04 22:02:15.021  6908-7031  ApkPreloadManager       com.cdccreditsmart.app               W     âš ï¸ NÃ£o foi possÃ­vel criar diretÃ³rio
2026-02-04 22:02:15.021  6908-7031  ApkPreloadManager       com.cdccreditsmart.app               I  
2026-02-04 22:02:15.021  6908-7031  ApkPreloadManager       com.cdccreditsmart.app               I  ðŸ“‚ Tentando: /data/preloads/apps
2026-02-04 22:02:15.021  6908-7031  ApkPreloadManager       com.cdccreditsmart.app               I     ðŸ“ DiretÃ³rio nÃ£o existe - tentando criar...
2026-02-04 22:02:15.022  6908-7031  ApkPreloadManager       com.cdccreditsmart.app               W     âš ï¸ NÃ£o foi possÃ­vel criar diretÃ³rio
2026-02-04 22:02:15.022  6908-7031  ApkPreloadManager       com.cdccreditsmart.app               I  
2026-02-04 22:02:15.022  6908-7031  ApkPreloadManager       com.cdccreditsmart.app               I  ðŸ“‚ Tentando: /data/preload/apps
2026-02-04 22:02:15.022  6908-7031  ApkPreloadManager       com.cdccreditsmart.app               I     ðŸ“ DiretÃ³rio nÃ£o existe - tentando criar...
2026-02-04 22:02:15.022  6908-7031  ApkPreloadManager       com.cdccreditsmart.app               W     âš ï¸ NÃ£o foi possÃ­vel criar diretÃ³rio
2026-02-04 22:02:15.022  6908-7031  ApkPreloadManager       com.cdccreditsmart.app               E  
2026-02-04 22:02:15.022  6908-7031  ApkPreloadManager       com.cdccreditsmart.app               E  âŒ FALHA: Nenhum caminho de preload acessÃ­vel
2026-02-04 22:02:15.023  6908-7031  ApkPreloadManager       com.cdccreditsmart.app               E     Fabricante: motorola
2026-02-04 22:02:15.023  6908-7031  ApkPreloadManager       com.cdccreditsmart.app               E     O sistema de recuperaÃ§Ã£o via stub ainda funcionarÃ¡
2026-02-04 22:02:15.023  6908-7031  ApkPreloadManager       com.cdccreditsmart.app               I  ========================================
2026-02-04 22:02:15.023  6908-7031  CdcForegroundService    com.cdccreditsmart.app               W  ðŸ“¦ âš ï¸ Nenhum caminho de preload acessÃ­vel neste dispositivo
2026-02-04 22:02:15.023  6908-7031  CdcForegroundService    com.cdccreditsmart.app               W  ðŸ“¦    O sistema de recuperaÃ§Ã£o via stub ainda funcionarÃ¡
2026-02-04 22:02:15.023  6908-7031  CdcForegroundService    com.cdccreditsmart.app               I  ðŸ“¦ ========================================
2026-02-04 22:02:15.023  6908-7031  CdcForegroundService    com.cdccreditsmart.app               I  ðŸ”„ ========================================
2026-02-04 22:02:15.023  6908-7031  CdcForegroundService    com.cdccreditsmart.app               I  ðŸ”„ SINCRONIZAÃ‡ÃƒO IMEDIATA DE BLOQUEIO
2026-02-04 22:02:15.023  6908-7031  CdcForegroundService    com.cdccreditsmart.app               I  ðŸ”„ ========================================
2026-02-04 22:02:15.024  6908-7031  CdcForegroundService    com.cdccreditsmart.app               I  ðŸ”„ NÃ­vel de bloqueio LOCAL atual: 0
2026-02-04 22:02:15.078  6908-7031  CdcForegroundService    com.cdccreditsmart.app               I  ðŸ”„ Enviando heartbeat de sincronizaÃ§Ã£o...
2026-02-04 22:02:15.165  6908-7727  WebSocketManager        com.cdccreditsmart.app               D  Message received: {"type":"authenticated","contractId":"TUV3TAPS","success":true,"message":"Conectado ao sistema","tim...
2026-02-04 22:02:15.165  6908-7727  WebSocketManager        com.cdccreditsmart.app               D  Received message type: authenticated
2026-02-04 22:02:15.166  6908-7727  WebSocketManager        com.cdccreditsmart.app               D  Successfully authenticated
2026-02-04 22:02:15.166  6908-7727  WebSocketManager        com.cdccreditsmart.app               D  Starting heartbeat
