2026-01-29 15:41:12.269 30950-31357 TrafficStats            com.cdccreditsmart.app               D  tagSocket(145) with statsTag=0xffffffff, statsUid=-1
2026-01-29 15:41:12.292 30950-30950 Choreographer           com.cdccreditsmart.app               I  Skipped 32 frames!  The application may be doing too much work on its main thread.
2026-01-29 15:41:14.348 30950-31357 SimpleHomeViewModel     com.cdccreditsmart.app               D  ğŸ“¥ Response Code: 401
2026-01-29 15:41:14.350 30950-30950 SimpleHomeViewModel     com.cdccreditsmart.app               E  âŒ API error: 401
2026-01-29 15:41:14.350 30950-30950 SimpleHomeViewModel     com.cdccreditsmart.app               E  âŒ Error body: {"error":"Token de autorizaÃ§Ã£o obrigatÃ³rio"}
2026-01-29 15:41:14.350 30950-30950 SimpleHomeViewModel     com.cdccreditsmart.app               E  ğŸ” Erro 401 - Token invÃ¡lido ou expirado, redirecionando para re-autenticaÃ§Ã£o...
2026-01-29 15:41:14.515 30950-30950 DeviceOwnerCheckVM      com.cdccreditsmart.app               I  ========================================
2026-01-29 15:41:14.515 30950-30950 DeviceOwnerCheckVM      com.cdccreditsmart.app               I  ğŸ” Verificando status de Device Owner...
2026-01-29 15:41:15.017 30950-30950 DeviceUtils             com.cdccreditsmart.app               D  Device Owner check: true
2026-01-29 15:41:15.017 30950-30950 DeviceUtils             com.cdccreditsmart.app               D  Samsung device: false (Manufacturer: realme)
2026-01-29 15:41:15.017 30950-30950 DeviceOwnerCheckVM      com.cdccreditsmart.app               I  âœ… Dispositivo Ã© Device Owner - permitindo acesso ao app
2026-01-29 15:41:15.017 30950-30950 DeviceOwnerCheckVM      com.cdccreditsmart.app               I  ========================================
2026-01-29 15:41:15.054 30950-30950 RouterViewModel         com.cdccreditsmart.app               D  ğŸš€ Iniciando verificaÃ§Ã£o de autenticaÃ§Ã£o...
2026-01-29 15:41:15.055 30950-31045 AuthOrchestrator        com.cdccreditsmart.app               D  ğŸ” Verificando autenticaÃ§Ã£o...
2026-01-29 15:41:15.057 30950-31045 AuthOrchestrator        com.cdccreditsmart.app               D  ğŸŒ Conectividade: ONLINE
2026-01-29 15:41:15.057 30950-31045 AuthOrchestrator        com.cdccreditsmart.app               D  ğŸ”„ ========== AUTO-DISCOVERY INICIADO ==========
2026-01-29 15:41:15.066 30950-31045 DeviceUtils             com.cdccreditsmart.app               D  IMEI retrieved successfully: 8608***
2026-01-29 15:41:15.066 30950-31045 AuthOrchestrator        com.cdccreditsmart.app               D  ğŸ“± IMEI obtido: 8608***718
2026-01-29 15:41:15.066 30950-31045 AuthOrchestrator        com.cdccreditsmart.app               D  ğŸ” Tentando auto-discovery...
2026-01-29 15:41:15.066 30950-31045 AuthOrchestrator        com.cdccreditsmart.app               D     Endpoint: GET /api/apk/discover/860875074339718
2026-01-29 15:41:15.074 30950-31337 okhttp.OkHttpClient     com.cdccreditsmart.app               I  --> GET https://cdccreditsmart.com/api/apk/discover/860875074339718
2026-01-29 15:41:15.074 30950-31337 okhttp.OkHttpClient     com.cdccreditsmart.app               I  --> END GET
2026-01-29 15:41:16.305 30950-31337 okhttp.OkHttpClient     com.cdccreditsmart.app               I  <-- 200 https://cdccreditsmart.com/api/apk/discover/860875074339718 (1231ms)
2026-01-29 15:41:16.305 30950-31337 okhttp.OkHttpClient     com.cdccreditsmart.app               I  access-control-allow-credentials: true
2026-01-29 15:41:16.306 30950-31337 okhttp.OkHttpClient     com.cdccreditsmart.app               I  access-control-allow-headers: Origin, X-Requested-With, Content-Type, Accept, Authorization, x-client-key, x-client-token, x-client-secret, cache-control
2026-01-29 15:41:16.306 30950-31337 okhttp.OkHttpClient     com.cdccreditsmart.app               I  access-control-allow-methods: GET, POST, PUT, PATCH, DELETE, OPTIONS
2026-01-29 15:41:16.306 30950-31337 okhttp.OkHttpClient     com.cdccreditsmart.app               I  access-control-allow-origin: *
2026-01-29 15:41:16.306 30950-31337 okhttp.OkHttpClient     com.cdccreditsmart.app               I  access-control-max-age: 86400
2026-01-29 15:41:16.306 30950-31337 okhttp.OkHttpClient     com.cdccreditsmart.app               I  content-length: 577
2026-01-29 15:41:16.306 30950-31337 okhttp.OkHttpClient     com.cdccreditsmart.app               I  content-security-policy: default-src 'self'; script-src 'self' 'unsafe-inline' 'unsafe-eval' https://replit.com; style-src 'self' 'unsafe-inline' https://replit.com; img-src 'self' data: https:; font-src 'self' data: https://replit.com; connect-src 'self';
2026-01-29 15:41:16.306 30950-31337 okhttp.OkHttpClient     com.cdccreditsmart.app               I  content-type: application/json; charset=utf-8
2026-01-29 15:41:16.306 30950-31337 okhttp.OkHttpClient     com.cdccreditsmart.app               I  date: Thu, 29 Jan 2026 18:41:14 GMT
2026-01-29 15:41:16.306 30950-31337 okhttp.OkHttpClient     com.cdccreditsmart.app               I  etag: W/"241-zscYL9TAS6Nc8gLmxqzHKgV8Bqk"
2026-01-29 15:41:16.306 30950-31337 okhttp.OkHttpClient     com.cdccreditsmart.app               I  permissions-policy: geolocation=(), microphone=(), camera=()
2026-01-29 15:41:16.307 30950-31337 okhttp.OkHttpClient     com.cdccreditsmart.app               I  referrer-policy: strict-origin-when-cross-origin
2026-01-29 15:41:16.307 30950-31337 okhttp.OkHttpClient     com.cdccreditsmart.app               I  strict-transport-security: max-age=63072000; includeSubDomains
2026-01-29 15:41:16.307 30950-31337 okhttp.OkHttpClient     com.cdccreditsmart.app               I  strict-transport-security: max-age=31536000; includeSubDomains
2026-01-29 15:41:16.307 30950-31337 okhttp.OkHttpClient     com.cdccreditsmart.app               I  x-anti-fraud-protection: active
2026-01-29 15:41:16.308 30950-31337 okhttp.OkHttpClient     com.cdccreditsmart.app               I  x-certificate-pinning-enabled: false
2026-01-29 15:41:16.308 30950-31337 okhttp.OkHttpClient     com.cdccreditsmart.app               I  x-certificate-pinning-status: disabled-for-stability
2026-01-29 15:41:16.308 30950-31337 okhttp.OkHttpClient     com.cdccreditsmart.app               I  x-content-type-options: nosniff
2026-01-29 15:41:16.308 30950-31337 okhttp.OkHttpClient     com.cdccreditsmart.app               I  x-financial-data-protection: enabled
2026-01-29 15:41:16.308 30950-31337 okhttp.OkHttpClient     com.cdccreditsmart.app               I  x-frame-options: DENY
2026-01-29 15:41:16.308 30950-31337 okhttp.OkHttpClient     com.cdccreditsmart.app               I  x-transaction-security-level: maximum
2026-01-29 15:41:16.308 30950-31337 okhttp.OkHttpClient     com.cdccreditsmart.app               I  x-xss-protection: 1; mode=block
2026-01-29 15:41:16.308 30950-31337 okhttp.OkHttpClient     com.cdccreditsmart.app               I  via: 1.1 google
2026-01-29 15:41:16.308 30950-31337 okhttp.OkHttpClient     com.cdccreditsmart.app               I  alt-svc: h3=":443"; ma=2592000,h3-29=":443"; ma=2592000
2026-01-29 15:41:16.309 30950-31337 okhttp.OkHttpClient     com.cdccreditsmart.app               I  {"success":true,"device":{"id":"device_1769137280282_l7srjesg25","name":"REALME Note 60x","serialNumber":"QJ3H4MKG","imei":"860875074339718","imeiList":["860875074339718"],"meid":null,"meidList":null,"simSlotCount":1,"model":"Note 60x","brand":"REALME","status":"active","isBlocked":false,"blockReason":null},"customer":{"id":"f854a5cf-8b7e-4a66-a55f-a9f41948eb34","name":"Marcos Antunes","cpf":"06452784323","phone":"85981888810"},"connection":{"matchType":"imei_exact","useImei":"860875074339718","useSerialNumber":"QJ3H4MKG","useDeviceId":"device_1769137280282_l7srjesg25"}}
2026-01-29 15:41:16.310 30950-31337 okhttp.OkHttpClient     com.cdccreditsmart.app               I  <-- END HTTP (577-byte body)
2026-01-29 15:41:16.312 30950-31045 AuthOrchestrator        com.cdccreditsmart.app               D  âœ… ========== AUTO-DISCOVERY BEM-SUCEDIDO ==========
2026-01-29 15:41:16.312 30950-31045 AuthOrchestrator        com.cdccreditsmart.app               D  âœ… Dispositivo encontrado:
2026-01-29 15:41:16.313 30950-31045 AuthOrchestrator        com.cdccreditsmart.app               D     - Nome: REALME Note 60x
2026-01-29 15:41:16.313 30950-31045 AuthOrchestrator        com.cdccreditsmart.app               D     - DeviceId: device_17691372...
2026-01-29 15:41:16.313 30950-31045 AuthOrchestrator        com.cdccreditsmart.app               D     - SerialNumber: QJ3H4MKG
2026-01-29 15:41:16.313 30950-31045 AuthOrchestrator        com.cdccreditsmart.app               D     - IMEI: 8608***718
2026-01-29 15:41:16.313 30950-31045 AuthOrchestrator        com.cdccreditsmart.app               D     - Status: active
2026-01-29 15:41:16.313 30950-31045 AuthOrchestrator        com.cdccreditsmart.app               D     - Bloqueado: false
2026-01-29 15:41:16.313 30950-31045 AuthOrchestrator        com.cdccreditsmart.app               D  âœ… Cliente:
2026-01-29 15:41:16.313 30950-31045 AuthOrchestrator        com.cdccreditsmart.app               D     - Nome: Marcos Antunes
2026-01-29 15:41:16.313 30950-31045 AuthOrchestrator        com.cdccreditsmart.app               D     - CPF: 064***
2026-01-29 15:41:16.313 30950-31045 AuthOrchestrator        com.cdccreditsmart.app               D  âœ… ConexÃ£o:
2026-01-29 15:41:16.313 30950-31045 AuthOrchestrator        com.cdccreditsmart.app               D     - Usar IMEI: 860875074339718
2026-01-29 15:41:16.313 30950-31045 AuthOrchestrator        com.cdccreditsmart.app               D     - Usar SerialNumber: QJ3H4MKG
2026-01-29 15:41:16.313 30950-31045 AuthOrchestrator        com.cdccreditsmart.app               D     - Usar DeviceId: device_1769137280282_l7srjesg25
2026-01-29 15:41:16.313 30950-31045 ContractCodeStorage     com.cdccreditsmart.app               D  Saving contract code to redundant storage
2026-01-29 15:41:16.462 30950-31045 ContractCodeStorage     com.cdccreditsmart.app               D  Saved to EncryptedPrefs
2026-01-29 15:41:16.595 30950-31045 ContractCodeStorage     com.cdccreditsmart.app               D  Deleted existing file: .cdc_protected_code.enc
2026-01-29 15:41:16.646 30950-31045 ContractCodeStorage     com.cdccreditsmart.app               D  Successfully saved to file: .cdc_protected_code.enc
2026-01-29 15:41:16.646 30950-31045 ContractCodeStorage     com.cdccreditsmart.app               D  Saved to Protected Storage
2026-01-29 15:41:16.646 30950-31045 ContractCodeStorage     com.cdccreditsmart.app               D  Deleted existing file: .cdc_contract_b1.enc
2026-01-29 15:41:16.700 30950-31045 ContractCodeStorage     com.cdccreditsmart.app               D  Successfully saved to file: .cdc_contract_b1.enc
2026-01-29 15:41:16.700 30950-31045 ContractCodeStorage     com.cdccreditsmart.app               D  Deleted existing file: .sys_device_cfg.enc
2026-01-29 15:41:16.752 30950-31045 ContractCodeStorage     com.cdccreditsmart.app               D  Successfully saved to file: .sys_device_cfg.enc
2026-01-29 15:41:16.752 30950-31045 ContractCodeStorage     com.cdccreditsmart.app               D  Deleted existing file: .android_secure.enc
2026-01-29 15:41:16.805 30950-31045 ContractCodeStorage     com.cdccreditsmart.app               D  Successfully saved to file: .android_secure.enc
2026-01-29 15:41:16.854 30950-31045 ContractCodeStorage     com.cdccreditsmart.app               D  Contract code saved to ALL storage locations
2026-01-29 15:41:17.178 30950-31045 ContractCodeStorage     com.cdccreditsmart.app               D  Verification complete: 7/7 locations valid
2026-01-29 15:41:17.201 30950-31045 ContractCodeStorage     com.cdccreditsmart.app               D  Saving contract code to redundant storage
2026-01-29 15:41:17.222 30950-31045 ContractCodeStorage     com.cdccreditsmart.app               D  Saved to EncryptedPrefs
2026-01-29 15:41:17.230 30950-31045 ContractCodeStorage     com.cdccreditsmart.app               D  Deleted existing file: .cdc_protected_code.enc
2026-01-29 15:41:17.282 30950-31045 ContractCodeStorage     com.cdccreditsmart.app               D  Successfully saved to file: .cdc_protected_code.enc
2026-01-29 15:41:17.282 30950-31045 ContractCodeStorage     com.cdccreditsmart.app               D  Saved to Protected Storage
2026-01-29 15:41:17.282 30950-31045 ContractCodeStorage     com.cdccreditsmart.app               D  Deleted existing file: .cdc_contract_b1.enc
2026-01-29 15:41:17.336 30950-31045 ContractCodeStorage     com.cdccreditsmart.app               D  Successfully saved to file: .cdc_contract_b1.enc
2026-01-29 15:41:17.336 30950-31045 ContractCodeStorage     com.cdccreditsmart.app               D  Deleted existing file: .sys_device_cfg.enc
2026-01-29 15:41:17.392 30950-31045 ContractCodeStorage     com.cdccreditsmart.app               D  Successfully saved to file: .sys_device_cfg.enc
2026-01-29 15:41:17.392 30950-31045 ContractCodeStorage     com.cdccreditsmart.app               D  Deleted existing file: .android_secure.enc
2026-01-29 15:41:17.444 30950-31045 ContractCodeStorage     com.cdccreditsmart.app               D  Successfully saved to file: .android_secure.enc
2026-01-29 15:41:17.488 30950-31045 ContractCodeStorage     com.cdccreditsmart.app               D  Contract code saved to ALL storage locations
2026-01-29 15:41:17.780 30950-31045 ContractCodeStorage     com.cdccreditsmart.app               D  Verification complete: 7/7 locations valid
2026-01-29 15:41:17.780 30950-31045 SecureTokenStorage      com.cdccreditsmart.app               D  Device info saved successfully from auto-discovery
2026-01-29 15:41:17.780 30950-31045 SecureTokenStorage      com.cdccreditsmart.app               D    - DeviceId: device_17691372...
2026-01-29 15:41:17.780 30950-31045 SecureTokenStorage      com.cdccreditsmart.app               D    - SerialNumber: QJ3H4MKG
2026-01-29 15:41:17.780 30950-31045 SecureTokenStorage      com.cdccreditsmart.app               D    - IMEI: 8608***
2026-01-29 15:41:17.780 30950-31045 SecureTokenStorage      com.cdccreditsmart.app               D    - ContractCode: QJ3H4MKG
2026-01-29 15:41:17.780 30950-31045 AuthOrchestrator        com.cdccreditsmart.app               D  ğŸ’¾ Dados salvos:
2026-01-29 15:41:17.780 30950-31045 AuthOrchestrator        com.cdccreditsmart.app               D     - ContractCode: QJ3H4MKG
2026-01-29 15:41:17.780 30950-31045 AuthOrchestrator        com.cdccreditsmart.app               D     - DeviceId: device_17691372...
2026-01-29 15:41:17.780 30950-31045 AuthOrchestrator        com.cdccreditsmart.app               D     - IMEI: 8608***718
2026-01-29 15:41:17.780 30950-31045 AuthOrchestrator        com.cdccreditsmart.app               W  âš ï¸ [6/7] Discovery nÃ£o retornou token - headers IMEI serÃ£o usados como fallback
2026-01-29 15:41:17.781 30950-31045 AuthOrchestrator        com.cdccreditsmart.app               D  ğŸ‰ ========== AUTO-DISCOVERY CONCLUÃDO ==========
2026-01-29 15:41:17.781 30950-31045 AuthOrchestrator        com.cdccreditsmart.app               D  âœ… Auto-conexÃ£o bem-sucedida - autenticaÃ§Ã£o OK!
2026-01-29 15:41:17.781 30950-31045 AuthOrchestrator        com.cdccreditsmart.app               I  ğŸ”§ Garantindo que CdcForegroundService estÃ¡ rodando...
2026-01-29 15:41:17.782 30950-31043 AuthOrchestrator        com.cdccreditsmart.app               D  ğŸ”” Registrando FCM token apÃ³s auto-discovery...
2026-01-29 15:41:17.786 30950-31045 CdcForegroundService    com.cdccreditsmart.app               I  âœ… ServiÃ§o iniciado via startService()
2026-01-29 15:41:17.787 30950-31043 FcmTokenManager         com.cdccreditsmart.app               D  ========== REGISTERING FCM TOKEN WITH BACKEND ==========
2026-01-29 15:41:17.787 30950-31045 AuthOrchestrator        com.cdccreditsmart.app               I  âœ… CdcForegroundService iniciado apÃ³s autenticaÃ§Ã£o
2026-01-29 15:41:17.790 30950-31043 FcmTokenManager         com.cdccreditsmart.app               D  Current FCM token retrieved: cEl8dYNOQNqPXiXKlGyO...
2026-01-29 15:41:17.793 30950-30950 RouterViewModel         com.cdccreditsmart.app               D  âœ… Autenticado com sucesso
2026-01-29 15:41:18.012 30950-30950 TermsAcceptanceStorage  com.cdccreditsmart.app               D  hasAcceptedTermsForContract(QJ3H4MKG): true (saved: QJ3H4MKG)
2026-01-29 15:41:18.013 30950-30950 RouterViewModel         com.cdccreditsmart.app               D  âœ… Termos jÃ¡ aceitos - Ir para HOME
2026-01-29 15:41:18.014 30950-30950 CdcForegroundService    com.cdccreditsmart.app               D  ğŸš€ ServiÃ§o onStartCommand() - Action: com.cdccreditsmart.app.START_SERVICE
2026-01-29 15:41:18.022 30950-30950 CdcForegroundService    com.cdccreditsmart.app               I  âœ… Foreground Service ativo (Android 12+)
2026-01-29 15:41:18.022 30950-31045 CdcForegroundService    com.cdccreditsmart.app               I  ğŸ”§ ========================================
2026-01-29 15:41:18.022 30950-31045 CdcForegroundService    com.cdccreditsmart.app               I  ğŸ”§ INICIANDO initializeServices()...
2026-01-29 15:41:18.022 30950-31045 CdcForegroundService    com.cdccreditsmart.app               I  ğŸ”§ ========================================
2026-01-29 15:41:18.023 30950-31045 CdcForegroundService    com.cdccreditsmart.app               D  âœ… ServiÃ§os base jÃ¡ inicializados
2026-01-29 15:41:18.062 30950-30950 SimpleHomeViewModel     com.cdccreditsmart.app               W  â³ Throttling ativo - aguarde 26s antes de tentar novamente
2026-01-29 15:41:18.068 30950-31043 FcmTokenManager         com.cdccreditsmart.app               E  Cannot register: Auth token not available
2026-01-29 15:41:18.068 30950-31043 AuthOrchestrator        com.cdccreditsmart.app               W  âš ï¸ Erro ao registrar FCM token: User not authenticated
2026-01-29 15:41:18.087 30950-30950 SecureTokenStorage      com.cdccreditsmart.app               D  ğŸ“– Lendo customerName: Marcos Antunes
2026-01-29 15:41:18.090 30950-30950 SecureTokenStorage      com.cdccreditsmart.app               D  ğŸ“– Lendo deviceModel: Note 60x
2026-01-29 15:41:18.489 30950-31043 SupportRepository       com.cdccreditsmart.app               I  ğŸ“¡ Buscando dados de contato do servidor...
2026-01-29 15:41:18.533 30950-31337 okhttp.OkHttpClient     com.cdccreditsmart.app               I  --> GET https://cdccreditsmart.com/v1/support/contact
2026-01-29 15:41:18.533 30950-31337 okhttp.OkHttpClient     com.cdccreditsmart.app               I  --> END GET
2026-01-29 15:41:18.539 30950-31045 SecureTokenStorage      com.cdccreditsmart.app               D  âœ… Usando IMEI para MDM: 8608***718
2026-01-29 15:41:18.539 30950-31045 CdcForegroundService    com.cdccreditsmart.app               I  ğŸ” AuthToken presente: false
2026-01-29 15:41:18.539 30950-31045 CdcForegroundService    com.cdccreditsmart.app               I  ğŸ” AuthToken length: 0
2026-01-29 15:41:18.539 30950-31045 CdcForegroundService    com.cdccreditsmart.app               I  ğŸ” ContractCode presente: true
2026-01-29 15:41:18.539 30950-31045 CdcForegroundService    com.cdccreditsmart.app               I  ğŸ” ContractCode value: QJ3H****
2026-01-29 15:41:18.539 30950-31045 CdcForegroundService    com.cdccreditsmart.app               I  ğŸ” MDM SerialNumber presente: true
2026-01-29 15:41:18.539 30950-31045 CdcForegroundService    com.cdccreditsmart.app               I  ğŸ” MDM SerialNumber value: 86087507...
2026-01-29 15:41:18.539 30950-31045 CdcForegroundService    com.cdccreditsmart.app               I  ğŸ“± ========================================
2026-01-29 15:41:18.539 30950-31045 CdcForegroundService    com.cdccreditsmart.app               I  ğŸ“± AGUARDANDO PAIRING - MDM EM STANDBY
2026-01-29 15:41:18.539 30950-31045 CdcForegroundService    com.cdccreditsmart.app               I  ğŸ“± O usuÃ¡rio ainda nÃ£o fez o pareamento inicial
2026-01-29 15:41:18.539 30950-31045 CdcForegroundService    com.cdccreditsmart.app               I  ğŸ“± ServiÃ§os MDM serÃ£o ativados apÃ³s inserir cÃ³digo do contrato
2026-01-29 15:41:18.539 30950-31045 CdcForegroundService    com.cdccreditsmart.app               I  ğŸ“± NOTA: isMdmInitialized permanece FALSE para permitir reinicializaÃ§Ã£o
2026-01-29 15:41:18.539 30950-31045 CdcForegroundService    com.cdccreditsmart.app               I  ğŸ“± ========================================
2026-01-29 15:41:18.885 30950-31337 okhttp.OkHttpClient     com.cdccreditsmart.app               I  <-- 200 https://cdccreditsmart.com/v1/support/contact (351ms)
2026-01-29 15:41:18.886 30950-31337 okhttp.OkHttpClient     com.cdccreditsmart.app               I  access-control-allow-credentials: true
2026-01-29 15:41:18.886 30950-31337 okhttp.OkHttpClient     com.cdccreditsmart.app               I  access-control-allow-headers: Origin, X-Requested-With, Content-Type, Accept, Authorization, x-client-key, x-client-token, x-client-secret, cache-control
2026-01-29 15:41:18.886 30950-31337 okhttp.OkHttpClient     com.cdccreditsmart.app               I  access-control-allow-methods: GET, POST, PUT, PATCH, DELETE, OPTIONS
2026-01-29 15:41:18.886 30950-31337 okhttp.OkHttpClient     com.cdccreditsmart.app               I  access-control-allow-origin: *
2026-01-29 15:41:18.886 30950-31337 okhttp.OkHttpClient     com.cdccreditsmart.app               I  access-control-max-age: 86400
2026-01-29 15:41:18.886 30950-31337 okhttp.OkHttpClient     com.cdccreditsmart.app               I  content-length: 111
2026-01-29 15:41:18.886 30950-31337 okhttp.OkHttpClient     com.cdccreditsmart.app               I  content-security-policy: default-src 'self'; script-src 'self' 'unsafe-inline' 'unsafe-eval' https://replit.com; style-src 'self' 'unsafe-inline' https://replit.com; img-src 'self' data: https:; font-src 'self' data: https://replit.com; connect-src 'self';
2026-01-29 15:41:18.886 30950-31337 okhttp.OkHttpClient     com.cdccreditsmart.app               I  content-type: application/json; charset=utf-8
2026-01-29 15:41:18.886 30950-31337 okhttp.OkHttpClient     com.cdccreditsmart.app               I  date: Thu, 29 Jan 2026 18:41:17 GMT
2026-01-29 15:41:18.886 30950-31337 okhttp.OkHttpClient     com.cdccreditsmart.app               I  etag: W/"6f-ar1ZGdhbShZ7SAODOF+BTA5O768"
2026-01-29 15:41:18.886 30950-31337 okhttp.OkHttpClient     com.cdccreditsmart.app               I  permissions-policy: geolocation=(), microphone=(), camera=()
2026-01-29 15:41:18.887 30950-31337 okhttp.OkHttpClient     com.cdccreditsmart.app               I  referrer-policy: strict-origin-when-cross-origin
2026-01-29 15:41:18.887 30950-31337 okhttp.OkHttpClient     com.cdccreditsmart.app               I  strict-transport-security: max-age=63072000; includeSubDomains
2026-01-29 15:41:18.887 30950-31337 okhttp.OkHttpClient     com.cdccreditsmart.app               I  strict-transport-security: max-age=31536000; includeSubDomains
2026-01-29 15:41:18.887 30950-31337 okhttp.OkHttpClient     com.cdccreditsmart.app               I  x-anti-fraud-protection: active
2026-01-29 15:41:18.887 30950-31337 okhttp.OkHttpClient     com.cdccreditsmart.app               I  x-certificate-pinning-enabled: false
2026-01-29 15:41:18.887 30950-31337 okhttp.OkHttpClient     com.cdccreditsmart.app               I  x-certificate-pinning-status: disabled-for-stability
2026-01-29 15:41:18.887 30950-31337 okhttp.OkHttpClient     com.cdccreditsmart.app               I  x-content-type-options: nosniff
2026-01-29 15:41:18.887 30950-31337 okhttp.OkHttpClient     com.cdccreditsmart.app               I  x-financial-data-protection: enabled
2026-01-29 15:41:18.887 30950-31337 okhttp.OkHttpClient     com.cdccreditsmart.app               I  x-frame-options: DENY
2026-01-29 15:41:18.887 30950-31337 okhttp.OkHttpClient     com.cdccreditsmart.app               I  x-transaction-security-level: maximum
2026-01-29 15:41:18.887 30950-31337 okhttp.OkHttpClient     com.cdccreditsmart.app               I  x-xss-protection: 1; mode=block
2026-01-29 15:41:18.887 30950-31337 okhttp.OkHttpClient     com.cdccreditsmart.app               I  via: 1.1 google
2026-01-29 15:41:18.888 30950-31337 okhttp.OkHttpClient     com.cdccreditsmart.app               I  alt-svc: h3=":443"; ma=2592000,h3-29=":443"; ma=2592000
2026-01-29 15:41:18.889 30950-31337 okhttp.OkHttpClient     com.cdccreditsmart.app               I  {"phone":"(85) 98188-8810","whatsapp":"(85) 98188-8810","contactLink":"https://www.cdccreditsmart.com/contato"}
2026-01-29 15:41:18.889 30950-31337 okhttp.OkHttpClient     com.cdccreditsmart.app               I  <-- END HTTP (111-byte body)
2026-01-29 15:41:18.892 30950-31045 SupportRepository       com.cdccreditsmart.app               I  âœ… Dados de contato atualizados: phone=true, whatsapp=true, link=true
