---------------------------- PROCESS ENDED (10491) for package com.cdccreditsmart.app ----------------------------
---------------------------- PROCESS STARTED (10654) for package com.cdccreditsmart.app ----------------------------
2025-12-04 06:02:56.725 10654-10654 nativeloader            com.cdccreditsmart.app               D  Load libframework-connectivity-tiramisu-jni.so using APEX ns com_android_tethering for caller /apex/com.android.tethering/javalib/framework-connectivity-t.jar: ok
2025-12-04 06:02:56.839 10654-10654 nativeloader            com.cdccreditsmart.app               D  Load /data/user/0/com.cdccreditsmart.app/code_cache/startup_agents/5b4f70e9-agent.so using system ns (caller=<unknown>): ok
2025-12-04 06:02:56.862 10654-10654 creditsmart.app         com.cdccreditsmart.app               W  hiddenapi: DexFile /data/data/com.cdccreditsmart.app/code_cache/.studio/instruments-25d868d4.jar is in boot class path but is not in a known location
2025-12-04 06:02:56.939 10654-10654 creditsmart.app         com.cdccreditsmart.app               W  Redefining intrinsic method java.lang.Thread java.lang.Thread.currentThread(). This may cause the unexpected use of the original definition of java.lang.Thread java.lang.Thread.currentThread()in methods that have already been compiled.
2025-12-04 06:02:56.939 10654-10654 creditsmart.app         com.cdccreditsmart.app               W  Redefining intrinsic method boolean java.lang.Thread.interrupted(). This may cause the unexpected use of the original definition of boolean java.lang.Thread.interrupted()in methods that have already been compiled.
2025-12-04 06:02:57.278 10654-10654 nativeloader            com.cdccreditsmart.app               D  Configuring clns-9 for other apk /data/app/~~kMTY-yEvwRLgPVibxCTUtg==/com.cdccreditsmart.app-mQoyv82lelP6xE37g3X3BA==/base.apk. target_sdk_version=35, uses_libraries=, library_path=/data/app/~~kMTY-yEvwRLgPVibxCTUtg==/com.cdccreditsmart.app-mQoyv82lelP6xE37g3X3BA==/lib/x86_64:/data/app/~~kMTY-yEvwRLgPVibxCTUtg==/com.cdccreditsmart.app-mQoyv82lelP6xE37g3X3BA==/base.apk!/lib/x86_64, permitted_path=/data:/mnt/expand:/data/user/0/com.cdccreditsmart.app
2025-12-04 06:02:57.287 10654-10654 CompatChangeReporter    com.cdccreditsmart.app               D  Compat change id reported: 202956589; UID 10222; state: ENABLED
2025-12-04 06:02:57.298 10654-10654 creditsmart.app         com.cdccreditsmart.app               I  AssetManager2(0x7978a5e9d6f8) locale list changing from [] to [en-US]
2025-12-04 06:02:57.305 10654-10654 creditsmart.app         com.cdccreditsmart.app               I  AssetManager2(0x7978a5e98bf8) locale list changing from [] to [en-US]
2025-12-04 06:02:57.328 10654-10654 GraphicsEnvironment     com.cdccreditsmart.app               V  Currently set values for:
2025-12-04 06:02:57.328 10654-10654 GraphicsEnvironment     com.cdccreditsmart.app               V    angle_gl_driver_selection_pkgs=[]
2025-12-04 06:02:57.328 10654-10654 GraphicsEnvironment     com.cdccreditsmart.app               V    angle_gl_driver_selection_values=[]
2025-12-04 06:02:57.328 10654-10654 GraphicsEnvironment     com.cdccreditsmart.app               V  com.cdccreditsmart.app is not listed in per-application setting
2025-12-04 06:02:57.328 10654-10654 GraphicsEnvironment     com.cdccreditsmart.app               V  ANGLE allowlist from config: com.dreamgames.royalmatch com.dts.freefiremax com.dxx.firenow com.gramgames.mergedragons com.ludo.king com.mojang.minecraftpe com.my.defense com.nintendo.zaka com.os.airforce com.playrix.fishdomdd.gplay io.teslatech.callbreak jp.konami.prospia net.peakgames.toonblast
2025-12-04 06:02:57.328 10654-10654 GraphicsEnvironment     com.cdccreditsmart.app               V  com.cdccreditsmart.app is not listed in ANGLE allowlist or settings, returning default
2025-12-04 06:02:57.329 10654-10654 GraphicsEnvironment     com.cdccreditsmart.app               V  Neither updatable production driver nor prerelease driver is supported.
2025-12-04 06:02:57.398 10654-10654 FirebaseApp             com.cdccreditsmart.app               I  Device unlocked: initializing all Firebase APIs for app [DEFAULT]
2025-12-04 06:02:57.427 10654-10654 FirebaseInitProvider    com.cdccreditsmart.app               I  FirebaseApp initialization successful
2025-12-04 06:02:57.432 10654-10654 WM-WrkMgrInitializer    com.cdccreditsmart.app               D  Initializing WorkManager with default configuration.
2025-12-04 06:02:57.472 10654-10677 creditsmart.app         com.cdccreditsmart.app               W  ClassLoaderContext classpath size mismatch. expected=1, found=0 (DLC[];PCL[base.apk*630649996]{PCL[/system/framework/org.apache.http.legacy.jar*4247870504]#PCL[/system/framework/com.android.media.remotedisplay.jar*487574312]#PCL[/system/framework/com.android.location.provider.jar*1570284764]#PCL[/system_ext/framework/androidx.window.extensions.jar*1030441313]#PCL[/system_ext/framework/androidx.window.sidecar.jar*3860983653]} | DLC[];PCL[])
2025-12-04 06:02:57.476 10654-10654 WM-PackageManagerHelper com.cdccreditsmart.app               D  Skipping component enablement for androidx.work.impl.background.systemjob.SystemJobService
2025-12-04 06:02:57.476 10654-10654 WM-Schedulers           com.cdccreditsmart.app               D  Created SystemJobScheduler and enabled SystemJobService
2025-12-04 06:02:57.480 10654-10677 DynamiteModule          com.cdccreditsmart.app               I  Considering local module com.google.android.gms.measurement.dynamite:127 and remote module com.google.android.gms.measurement.dynamite:170
2025-12-04 06:02:57.480 10654-10677 DynamiteModule          com.cdccreditsmart.app               I  Selected remote version of com.google.android.gms.measurement.dynamite, version >= 170
2025-12-04 06:02:57.481 10654-10677 DynamiteModule          com.cdccreditsmart.app               V  Dynamite loader version >= 2, using loadModule2NoCrashUtils
2025-12-04 06:02:57.488 10654-10654 CompatChangeReporter    com.cdccreditsmart.app               D  Compat change id reported: 279646685; UID 10222; state: ENABLED
2025-12-04 06:02:57.494 10654-10677 System                  com.cdccreditsmart.app               W  ClassLoader referenced unknown path: 
2025-12-04 06:02:57.496 10654-10677 nativeloader            com.cdccreditsmart.app               D  Configuring clns-10 for other apk . target_sdk_version=36, uses_libraries=, library_path=/data/app/~~OZFgWq-3ZTplMt5BWJR_Yg==/com.google.android.gms-ZLGr-dbkpzH3--pe6z9XBA==/lib/x86_64:/data/app/~~OZFgWq-3ZTplMt5BWJR_Yg==/com.google.android.gms-ZLGr-dbkpzH3--pe6z9XBA==/base.apk!/lib/x86_64, permitted_path=/data:/mnt/expand:/data/user/0/com.google.android.gms
2025-12-04 06:02:57.507 10654-10654 CrashHandler            com.cdccreditsmart.app               I  âœ… Global crash handler instalado
2025-12-04 06:02:57.507 10654-10654 CDCApplication          com.cdccreditsmart.app               I  ğŸš€ CDC Credit Smart Application iniciando...
2025-12-04 06:02:57.507 10654-10654 CDCApplication          com.cdccreditsmart.app               I  ========================================
2025-12-04 06:02:57.507 10654-10654 CDCApplication          com.cdccreditsmart.app               I  ğŸ” Verificando status de Device Owner...
2025-12-04 06:02:57.508 10654-10684 ashmem                  com.cdccreditsmart.app               E  Pinning is deprecated since Android Q. Please use trim or other methods.
2025-12-04 06:02:57.509 10654-10654 CompatChangeReporter    com.cdccreditsmart.app               D  Compat change id reported: 307233716; UID 10222; state: ENABLED
2025-12-04 06:02:57.509 10654-10654 CDCApplication          com.cdccreditsmart.app               I  Device Owner Status: âŒ NÃƒO
2025-12-04 06:02:57.509 10654-10654 CDCApplication          com.cdccreditsmart.app               I  Package Name: com.cdccreditsmart.app
2025-12-04 06:02:57.509 10654-10654 CDCApplication          com.cdccreditsmart.app               E  
2025-12-04 06:02:57.510 10654-10654 CDCApplication          com.cdccreditsmart.app               E  â•”â•â•â•â•â•â•â•â•â•â•â•â•â•â•â•â•â•â•â•â•â•â•â•â•â•â•â•â•â•â•â•â•â•â•â•â•â•â•â•â•â•â•â•â•â•â•â•â•â•â•â•â•â•â•â•â•â•—
2025-12-04 06:02:57.510 10654-10654 CDCApplication          com.cdccreditsmart.app               E  â•‘  âš ï¸  APP NÃƒO ESTÃ PROVISIONADO COMO DEVICE OWNER  âš ï¸   â•‘
2025-12-04 06:02:57.510 10654-10654 CDCApplication          com.cdccreditsmart.app               E  â• â•â•â•â•â•â•â•â•â•â•â•â•â•â•â•â•â•â•â•â•â•â•â•â•â•â•â•â•â•â•â•â•â•â•â•â•â•â•â•â•â•â•â•â•â•â•â•â•â•â•â•â•â•â•â•â•â•£
2025-12-04 06:02:57.510 10654-10654 CDCApplication          com.cdccreditsmart.app               E  â•‘  O app precisa ser provisionado como Device Owner      â•‘
2025-12-04 06:02:57.510 10654-10654 CDCApplication          com.cdccreditsmart.app               E  â•‘  ANTES de poder conceder permissÃµes automaticamente.   â•‘
2025-12-04 06:02:57.510 10654-10654 CDCApplication          com.cdccreditsmart.app               E  â•‘                                                        â•‘
2025-12-04 06:02:57.510 10654-10654 CDCApplication          com.cdccreditsmart.app               E  â•‘  Provisione o dispositivo usando um dos mÃ©todos:       â•‘
2025-12-04 06:02:57.510 10654-10654 CDCApplication          com.cdccreditsmart.app               E  â•‘  1. ADB: adb shell dpm set-device-owner ...           â•‘
2025-12-04 06:02:57.510 10654-10654 CDCApplication          com.cdccreditsmart.app               E  â•‘  2. QR Code durante setup inicial                      â•‘
2025-12-04 06:02:57.510 10654-10654 CDCApplication          com.cdccreditsmart.app               E  â•‘  3. NFC durante setup inicial                          â•‘
2025-12-04 06:02:57.510 10654-10654 CDCApplication          com.cdccreditsmart.app               E  â•‘  4. Samsung Knox Mobile Enrollment                     â•‘
2025-12-04 06:02:57.510 10654-10654 CDCApplication          com.cdccreditsmart.app               E  â•šâ•â•â•â•â•â•â•â•â•â•â•â•â•â•â•â•â•â•â•â•â•â•â•â•â•â•â•â•â•â•â•â•â•â•â•â•â•â•â•â•â•â•â•â•â•â•â•â•â•â•â•â•â•â•â•â•â•
2025-12-04 06:02:57.510 10654-10654 CDCApplication          com.cdccreditsmart.app               E  
2025-12-04 06:02:57.510 10654-10654 CDCApplication          com.cdccreditsmart.app               I  ========================================
2025-12-04 06:02:57.514 10654-10654 AppProtectionManager    com.cdccreditsmart.app               I  
2025-12-04 06:02:57.514 10654-10654 AppProtectionManager    com.cdccreditsmart.app               I  â•”â•â•â•â•â•â•â•â•â•â•â•â•â•â•â•â•â•â•â•â•â•â•â•â•â•â•â•â•â•â•â•â•â•â•â•â•â•â•â•â•â•â•â•â•â•â•â•â•â•â•â•â•â•â•â•â•â•â•â•â•â•â•â•â•â•—
2025-12-04 06:02:57.514 10654-10654 AppProtectionManager    com.cdccreditsmart.app               I  â•‘     ğŸ›¡ï¸ APLICANDO MELHOR PROTEÃ‡ÃƒO DISPONÃVEL                    â•‘
2025-12-04 06:02:57.514 10654-10654 AppProtectionManager    com.cdccreditsmart.app               I  â•‘           CDC CREDIT SMART - PROTEÃ‡ÃƒO EM CAMADAS              â•‘
2025-12-04 06:02:57.514 10654-10654 AppProtectionManager    com.cdccreditsmart.app               I  â•šâ•â•â•â•â•â•â•â•â•â•â•â•â•â•â•â•â•â•â•â•â•â•â•â•â•â•â•â•â•â•â•â•â•â•â•â•â•â•â•â•â•â•â•â•â•â•â•â•â•â•â•â•â•â•â•â•â•â•â•â•â•â•â•â•â•
2025-12-04 06:02:57.514 10654-10654 AppProtectionManager    com.cdccreditsmart.app               I  
2025-12-04 06:02:57.516 10654-10654 AppProtectionManager    com.cdccreditsmart.app               I  ğŸ“‹ STATUS ATUAL:
2025-12-04 06:02:57.516 10654-10654 AppProtectionManager    com.cdccreditsmart.app               I     Device Owner: NÃƒO
2025-12-04 06:02:57.516 10654-10654 AppProtectionManager    com.cdccreditsmart.app               I     Device Admin: NÃƒO
2025-12-04 06:02:57.516 10654-10654 AppProtectionManager    com.cdccreditsmart.app               I  
2025-12-04 06:02:57.516 10654-10654 AppProtectionManager    com.cdccreditsmart.app               W  âš ï¸ NÃVEL: SEM PRIVILÃ‰GIOS
2025-12-04 06:02:57.516 10654-10654 AppProtectionManager    com.cdccreditsmart.app               W     App precisa ser ativado como Device Admin ou Device Owner
2025-12-04 06:02:57.516 10654-10654 AppProtectionManager    com.cdccreditsmart.app               W     para aplicar proteÃ§Ãµes contra desinstalaÃ§Ã£o.
2025-12-04 06:02:57.516 10654-10654 AppProtectionManager    com.cdccreditsmart.app               W  
2025-12-04 06:02:57.516 10654-10654 AppProtectionManager    com.cdccreditsmart.app               I     Iniciando serviÃ§os de persistÃªncia...
2025-12-04 06:02:57.519 10654-10654 AppProtectionManager    com.cdccreditsmart.app               I     âœ… Foreground Service iniciado
2025-12-04 06:02:57.532 10654-10654 AppProtectionManager    com.cdccreditsmart.app               I     âœ… ServiceWatchdog agendado (15 min)
2025-12-04 06:02:57.532 10654-10654 CDCApplication          com.cdccreditsmart.app               I  
2025-12-04 06:02:57.532 10654-10654 CDCApplication          com.cdccreditsmart.app               I  â•”â•â•â•â•â•â•â•â•â•â•â•â•â•â•â•â•â•â•â•â•â•â•â•â•â•â•â•â•â•â•â•â•â•â•â•â•â•â•â•â•â•â•â•â•â•â•â•â•â•â•â•â•â•â•â•â•â•â•â•â•â•—
2025-12-04 06:02:57.532 10654-10654 CDCApplication          com.cdccreditsmart.app               I  â•‘     RESULTADO DA APLICAÃ‡ÃƒO DE PROTEÃ‡Ã•ES                    â•‘
2025-12-04 06:02:57.532 10654-10654 CDCApplication          com.cdccreditsmart.app               I  â•šâ•â•â•â•â•â•â•â•â•â•â•â•â•â•â•â•â•â•â•â•â•â•â•â•â•â•â•â•â•â•â•â•â•â•â•â•â•â•â•â•â•â•â•â•â•â•â•â•â•â•â•â•â•â•â•â•â•â•â•â•â•
2025-12-04 06:02:57.532 10654-10654 CDCApplication          com.cdccreditsmart.app               I     NÃ­vel: NONE
2025-12-04 06:02:57.532 10654-10654 CDCApplication          com.cdccreditsmart.app               I     ProteÃ§Ãµes aplicadas: 0
2025-12-04 06:02:57.532 10654-10654 CDCApplication          com.cdccreditsmart.app               E     Status: SEM PROTEÃ‡ÃƒO
2025-12-04 06:02:57.532 10654-10654 CDCApplication          com.cdccreditsmart.app               E     App precisa ser provisionado como Device Owner
2025-12-04 06:02:57.532 10654-10654 CDCApplication          com.cdccreditsmart.app               E  
2025-12-04 06:02:57.532 10654-10654 CDCApplication          com.cdccreditsmart.app               E     Provisione o dispositivo usando:
2025-12-04 06:02:57.532 10654-10654 CDCApplication          com.cdccreditsmart.app               E     1. QR Code durante setup inicial
2025-12-04 06:02:57.532 10654-10654 CDCApplication          com.cdccreditsmart.app               E     2. ADB: adb shell dpm set-device-owner ...
2025-12-04 06:02:57.532 10654-10654 CDCApplication          com.cdccreditsmart.app               E     3. Samsung Knox Mobile Enrollment
2025-12-04 06:02:57.532 10654-10654 CDCApplication          com.cdccreditsmart.app               I  â•šâ•â•â•â•â•â•â•â•â•â•â•â•â•â•â•â•â•â•â•â•â•â•â•â•â•â•â•â•â•â•â•â•â•â•â•â•â•â•â•â•â•â•â•â•â•â•â•â•â•â•â•â•â•â•â•â•â•â•â•â•â•
2025-12-04 06:02:57.532 10654-10654 CDCApplication          com.cdccreditsmart.app               I  
2025-12-04 06:02:57.533 10654-10654 TamperDetection         com.cdccreditsmart.app               I  ========================================
2025-12-04 06:02:57.533 10654-10654 TamperDetection         com.cdccreditsmart.app               I  ğŸ” VERIFICANDO INTEGRIDADE DO DISPOSITIVO
2025-12-04 06:02:57.533 10654-10654 TamperDetection         com.cdccreditsmart.app               I  ========================================
2025-12-04 06:02:57.563 10654-10684 CompatChangeReporter    com.cdccreditsmart.app               D  Compat change id reported: 311402873; UID 10222; state: ENABLED
2025-12-04 06:02:57.563 10654-10684 CompatChangeReporter    com.cdccreditsmart.app               D  Compat change id reported: 323349338; UID 10222; state: ENABLED
2025-12-04 06:02:57.580 10654-10677 creditsmart.app         com.cdccreditsmart.app               I  AssetManager2(0x7978a5e99b98) locale list changing from [] to [en-US]
2025-12-04 06:02:57.594 10654-10677 creditsmart.app         com.cdccreditsmart.app               W  ClassLoaderContext classpath size mismatch. expected=1, found=3 (DLC[];PCL[base.apk*630649996]{PCL[/system/framework/org.apache.http.legacy.jar*4247870504]#PCL[/system/framework/com.android.media.remotedisplay.jar*487574312]#PCL[/system/framework/com.android.location.provider.jar*1570284764]#PCL[/system_ext/framework/androidx.window.extensions.jar*1030441313]#PCL[/system_ext/framework/androidx.window.sidecar.jar*3860983653]} | DLC[];PCL[/data/data/com.cdccreditsmart.app/code_cache/.overlay/base.apk/classes29.dex*2998939484:/data/data/com.cdccreditsmart.app/code_cache/.overlay/base.apk/classes30.dex*3473542172:/data/app/~~kMTY-yEvwRLgPVibxCTUtg==/com.cdccreditsmart.app-mQoyv82lelP6xE37g3X3BA==/base.apk*1693090240])
2025-12-04 06:02:57.635 10654-10677 creditsmart.app         com.cdccreditsmart.app               I  AssetManager2(0x7978a5ea1258) locale list changing from [] to [en-US]
2025-12-04 06:02:57.636 10654-10677 creditsmart.app         com.cdccreditsmart.app               I  AssetManager2(0x7978a5e9f318) locale list changing from [] to [en-US]
2025-12-04 06:02:57.667 10654-10654 TamperDetection         com.cdccreditsmart.app               I  âœ… Primeira instalaÃ§Ã£o detectada
2025-12-04 06:02:57.667 10654-10654 TamperDetection         com.cdccreditsmart.app               I     Token e deviceId nÃ£o existem - app nunca foi pareado
2025-12-04 06:02:57.667 10654-10654 TamperDetection         com.cdccreditsmart.app               I  ========================================
2025-12-04 06:02:57.669 10654-10654 TamperDetection         com.cdccreditsmart.app               I  
2025-12-04 06:02:57.669 10654-10654 TamperDetection         com.cdccreditsmart.app               I  â•”â•â•â•â•â•â•â•â•â•â•â•â•â•â•â•â•â•â•â•â•â•â•â•â•â•â•â•â•â•â•â•â•â•â•â•â•â•â•â•â•â•â•â•â•â•â•â•â•â•â•â•â•â•â•â•â•â•—
2025-12-04 06:02:57.669 10654-10654 TamperDetection         com.cdccreditsmart.app               I  â•‘    ğŸ“¡ REPORTAR BOOT AO BACKEND                        â•‘
2025-12-04 06:02:57.669 10654-10654 TamperDetection         com.cdccreditsmart.app               I  â• â•â•â•â•â•â•â•â•â•â•â•â•â•â•â•â•â•â•â•â•â•â•â•â•â•â•â•â•â•â•â•â•â•â•â•â•â•â•â•â•â•â•â•â•â•â•â•â•â•â•â•â•â•â•â•â•â•£
2025-12-04 06:02:57.670 10654-10654 TamperDetection         com.cdccreditsmart.app               I  â•‘  Device Fingerprint: CDC_-1244237****      â•‘
2025-12-04 06:02:57.670 10654-10654 TamperDetection         com.cdccreditsmart.app               I  â•‘  Boot Timestamp: 1764838977670          â•‘
2025-12-04 06:02:57.670 10654-10654 TamperDetection         com.cdccreditsmart.app               I  â•‘                                                        â•‘
2025-12-04 06:02:57.670 10654-10654 TamperDetection         com.cdccreditsmart.app               I  â•‘  Backend detectarÃ¡ factory reset comparando:          â•‘
2025-12-04 06:02:57.670 10654-10654 TamperDetection         com.cdccreditsmart.app               I  â•‘  â€¢ Fingerprint histÃ³rico vs atual                     â•‘
2025-12-04 06:02:57.670 10654-10654 TamperDetection         com.cdccreditsmart.app               I  â•‘  â€¢ Timestamp do Ãºltimo boot vs agora                  â•‘
2025-12-04 06:02:57.670 10654-10654 TamperDetection         com.cdccreditsmart.app               I  â•‘  â€¢ Token vÃ¡lido vs ausente                            â•‘
2025-12-04 06:02:57.670 10654-10654 TamperDetection         com.cdccreditsmart.app               I  â•šâ•â•â•â•â•â•â•â•â•â•â•â•â•â•â•â•â•â•â•â•â•â•â•â•â•â•â•â•â•â•â•â•â•â•â•â•â•â•â•â•â•â•â•â•â•â•â•â•â•â•â•â•â•â•â•â•â•
2025-12-04 06:02:57.670 10654-10654 TamperDetection         com.cdccreditsmart.app               I  
2025-12-04 06:02:57.670 10654-10654 TamperDetection         com.cdccreditsmart.app               I  âš ï¸ TODO: Implementar POST /api/security/device-boot
2025-12-04 06:02:57.678 10654-10691 CDCApplication          com.cdccreditsmart.app               I  ğŸ”’ Verificando status do SIM no boot da aplicaÃ§Ã£o...
2025-12-04 06:02:57.683 10654-10692 creditsmart.app         com.cdccreditsmart.app               I  hiddenapi: Accessing hidden method Ldalvik/system/VMStack;->getStackClass2()Ljava/lang/Class; (runtime_flags=0, domain=core-platform, api=unsupported) from Lm7/aox; (domain=app) using reflection: allowed
2025-12-04 06:02:57.684 10654-10691 SimSwapManager          com.cdccreditsmart.app               I  ========================================
2025-12-04 06:02:57.684 10654-10691 SimSwapManager          com.cdccreditsmart.app               I  ğŸ”’ SIM SWAP: Iniciando verificaÃ§Ã£o de status do SIM
2025-12-04 06:02:57.684 10654-10691 SimSwapManager          com.cdccreditsmart.app               I  ========================================
2025-12-04 06:02:57.699 10654-10692 PhClient                com.cdccreditsmart.app               I  Unable to retrieve flag snapshot for com.google.android.gms.measurement#com.cdccreditsmart.app, using defaults.
2025-12-04 06:02:57.704 10654-10689 creditsmart.app         com.cdccreditsmart.app               E  No package ID 6a found for resource ID 0x6a0b0013.
2025-12-04 06:02:57.705 10654-10690 SimSwapDetector         com.cdccreditsmart.app               W  ğŸ”’ SIM SWAP: ICCID vazio no SubscriptionInfo
2025-12-04 06:02:57.706 10654-10689 FA                      com.cdccreditsmart.app               I  App measurement initialized, version: 146007
2025-12-04 06:02:57.706 10654-10689 FA                      com.cdccreditsmart.app               I  To enable debug logging run: adb shell setprop log.tag.FA VERBOSE
2025-12-04 06:02:57.706 10654-10689 FA                      com.cdccreditsmart.app               I  To enable faster debug mode event logging run:
                                                                                                      adb shell setprop debug.firebase.analytics.app com.cdccreditsmart.app
2025-12-04 06:02:57.718 10654-10690 SimSwapDetector         com.cdccreditsmart.app               E  ğŸ”’ SIM SWAP: SecurityException no fallback (Ask Gemini)
                                                                                                    java.lang.SecurityException: getIccSerialNumber: The uid 10222 does not meet the requirements to access device identifiers.
                                                                                                    	at android.os.Parcel.createExceptionOrNull(Parcel.java:3340)
                                                                                                    	at android.os.Parcel.createException(Parcel.java:3324)
                                                                                                    	at android.os.Parcel.readException(Parcel.java:3307)
                                                                                                    	at android.os.Parcel.readException(Parcel.java:3249)
                                                                                                    	at com.android.internal.telephony.IPhoneSubInfo$Stub$Proxy.getIccSerialNumberForSubscriber(IPhoneSubInfo.java:1331)
                                                                                                    	at android.telephony.TelephonyManager.getSimSerialNumber(TelephonyManager.java:4332)
                                                                                                    	at android.telephony.TelephonyManager.getSimSerialNumber(TelephonyManager.java:4289)
                                                                                                    	at com.cdccreditsmart.app.security.SimSwapDetector.getSimSerialFallback(SimSwapDetector.kt:123)
                                                                                                    	at com.cdccreditsmart.app.security.SimSwapDetector.getCurrentSimSerial(SimSwapDetector.kt:95)
                                                                                                    	at com.cdccreditsmart.app.security.SimSwapDetector.getSimInfo(SimSwapDetector.kt:256)
                                                                                                    	at com.cdccreditsmart.app.security.SimSwapManager$checkSimStatus$2.invokeSuspend(SimSwapManager.kt:143)
                                                                                                    	at kotlin.coroutines.jvm.internal.BaseContinuationImpl.resumeWith(ContinuationImpl.kt:34)
                                                                                                    	at kotlinx.coroutines.DispatchedTask.run(DispatchedTask.kt:108)
                                                                                                    	at kotlinx.coroutines.internal.LimitedDispatcher$Worker.run(LimitedDispatcher.kt:115)
                                                                                                    	at kotlinx.coroutines.scheduling.TaskImpl.run(Tasks.kt:103)
                                                                                                    	at kotlinx.coroutines.scheduling.CoroutineScheduler.runSafely(CoroutineScheduler.kt:584)
                                                                                                    	at kotlinx.coroutines.scheduling.CoroutineScheduler$Worker.executeTask(CoroutineScheduler.kt:793)
                                                                                                    	at kotlinx.coroutines.scheduling.CoroutineScheduler$Worker.runWorker(CoroutineScheduler.kt:697)
                                                                                                    	at kotlinx.coroutines.scheduling.CoroutineScheduler$Worker.run(CoroutineScheduler.kt:684)
2025-12-04 06:02:57.722 10654-10690 SimSwapDetector         com.cdccreditsmart.app               D  ğŸ”’ SIM SWAP: Operadora: T-Mobile
2025-12-04 06:02:57.722 10654-10690 SimSwapDetector         com.cdccreditsmart.app               I  ğŸ”’ SIM SWAP: InformaÃ§Ãµes do SIM coletadas:
2025-12-04 06:02:57.722 10654-10690 SimSwapDetector         com.cdccreditsmart.app               I     Serial: nÃ£o disponÃ­vel...
2025-12-04 06:02:57.722 10654-10690 SimSwapDetector         com.cdccreditsmart.app               I     Operadora: T-Mobile
2025-12-04 06:02:57.722 10654-10690 SimSwapDetector         com.cdccreditsmart.app               I     SIM ativo: false
2025-12-04 06:02:57.722 10654-10690 SimSwapManager          com.cdccreditsmart.app               W  ğŸ”’ SIM SWAP: Nenhum SIM ativo detectado - sem aÃ§Ã£o necessÃ¡ria
2025-12-04 06:02:57.722 10654-10690 SimSwapManager          com.cdccreditsmart.app               I  ========================================
2025-12-04 06:02:57.722 10654-10691 CDCApplication          com.cdccreditsmart.app               I  âœ… VerificaÃ§Ã£o de SIM swap concluÃ­da com sucesso
2025-12-04 06:02:57.731 10654-10654 ContractCodeStorage     com.cdccreditsmart.app               D  Retrieving contract code from storage
2025-12-04 06:02:57.816 10654-10654 ContractCodeStorage     com.cdccreditsmart.app               D  Storage verification: 0 valid, 0 tampered, 7 missing
2025-12-04 06:02:57.816 10654-10654 ContractCodeStorage     com.cdccreditsmart.app               W  No valid contract code found in any location
2025-12-04 06:02:57.818 10654-10654 CDCApplication          com.cdccreditsmart.app               I  â¸ï¸ Sem tokens - aguardando pairing para iniciar serviÃ§o MDM
2025-12-04 06:02:57.822 10654-10654 AutoBlockingWorker      com.cdccreditsmart.app               I  âœ… VerificaÃ§Ã£o automÃ¡tica de bloqueio agendada (diariamente Ã s 00:00)
2025-12-04 06:02:57.822 10654-10654 AutoBlockingWorker      com.cdccreditsmart.app               I     PrÃ³xima execuÃ§Ã£o em: 897 minutos
2025-12-04 06:02:57.822 10654-10654 CDCApplication          com.cdccreditsmart.app               I  ğŸ“… Agendando overlay automÃ¡tico com intervalo progressivo...
2025-12-04 06:02:57.825 10654-10654 PeriodicOverlayWorker   com.cdccreditsmart.app               I  ğŸ“… Agendando overlay automÃ¡tico com INTERVALO PROGRESSIVO
2025-12-04 06:02:57.825 10654-10654 PeriodicOverlayWorker   com.cdccreditsmart.app               I     1-4 dias de atraso: a cada 10 minutos
2025-12-04 06:02:57.825 10654-10654 PeriodicOverlayWorker   com.cdccreditsmart.app               I     5-14 dias de atraso: a cada 5 minutos
2025-12-04 06:02:57.825 10654-10654 PeriodicOverlayWorker   com.cdccreditsmart.app               I     15+ dias de atraso: a cada 3 minutos
2025-12-04 06:02:57.825 10654-10654 WM-WorkSpec             com.cdccreditsmart.app               W  Interval duration lesser than minimum allowed value; Changed to 900000
2025-12-04 06:02:57.825 10654-10654 WM-WorkSpec             com.cdccreditsmart.app               W  Flex duration lesser than minimum allowed value; Changed to 300000
2025-12-04 06:02:57.827 10654-10654 PeriodicOverlayWorker   com.cdccreditsmart.app               I  âœ… Overlay automÃ¡tico agendado com sucesso
2025-12-04 06:02:57.828 10654-10654 CDCApplication          com.cdccreditsmart.app               I  ğŸ”’ Iniciando sistema Keep Alive...
2025-12-04 06:02:57.830 10654-10654 KeepAliveManager        com.cdccreditsmart.app               I  ğŸ”’ ========================================
2025-12-04 06:02:57.831 10654-10654 KeepAliveManager        com.cdccreditsmart.app               I  ğŸ”’ INICIANDO SISTEMA KEEP ALIVE
2025-12-04 06:02:57.831 10654-10654 KeepAliveManager        com.cdccreditsmart.app               I  ğŸ”’ ========================================
2025-12-04 06:02:57.831 10654-10654 KeepAliveManager        com.cdccreditsmart.app               I  âœ… ServiceWatchdogWorker agendado (15min)
2025-12-04 06:02:57.837 10654-10654 KeepAliveManager        com.cdccreditsmart.app               I  âœ… AlarmManager wakeup agendado (10min)
2025-12-04 06:02:57.838 10654-10654 KeepAliveManager        com.cdccreditsmart.app               I  ğŸ”‹ Tentando desativar otimizaÃ§Ã£o de bateria automaticamente...
2025-12-04 06:02:57.839 10654-10654 KeepAliveManager        com.cdccreditsmart.app               I  ğŸ”‹ App NÃƒO Ã© Device Owner - abrindo configuraÃ§Ãµes do sistema
2025-12-04 06:02:57.847 10654-10654 KeepAliveManager        com.cdccreditsmart.app               I  âœ… Tela de isenÃ§Ã£o de bateria aberta para o usuÃ¡rio
2025-12-04 06:02:57.847 10654-10654 KeepAliveManager        com.cdccreditsmart.app               I  ğŸ”’ Sistema Keep Alive ativo
2025-12-04 06:02:57.847 10654-10654 KeepAliveManager        com.cdccreditsmart.app               I  ğŸ”’ - WorkManager: verificaÃ§Ã£o a cada 15min
2025-12-04 06:02:57.847 10654-10654 KeepAliveManager        com.cdccreditsmart.app               I  ğŸ”’ - AlarmManager: wakeup a cada 10min
2025-12-04 06:02:57.847 10654-10654 KeepAliveManager        com.cdccreditsmart.app               I  ğŸ”’ ========================================
2025-12-04 06:02:57.848 10654-10654 CDCApplication          com.cdccreditsmart.app               I  ğŸ“Š Keep Alive Stats:
2025-12-04 06:02:57.848 10654-10654 CDCApplication          com.cdccreditsmart.app               I     - Restarts anteriores: 0
2025-12-04 06:02:57.848 10654-10654 CDCApplication          com.cdccreditsmart.app               I     - OtimizaÃ§Ã£o bateria: SIM (ruim)
2025-12-04 06:02:57.857 10654-10654 BootReceiver            com.cdccreditsmart.app               I  ğŸš€ Dispositivo iniciado - starting CdcForegroundService
2025-12-04 06:02:57.862 10654-10654 CdcForegroundService    com.cdccreditsmart.app               I  âœ… ServiÃ§o iniciado via startService()
2025-12-04 06:02:57.868 10654-10699 DisplayManager          com.cdccreditsmart.app               I  Choreographer implicitly registered for the refresh rate.
2025-12-04 06:02:57.869 10654-10654 creditsmart.app         com.cdccreditsmart.app               I  AssetManager2(0x7978a5e9c438) locale list changing from [] to [en-US]
2025-12-04 06:02:57.908 10654-10654 CompatChangeReporter    com.cdccreditsmart.app               D  Compat change id reported: 309578419; UID 10222; state: ENABLED
2025-12-04 06:02:57.910 10654-10654 DesktopModeFlags        com.cdccreditsmart.app               D  Toggle override initialized to: OVERRIDE_UNSET
2025-12-04 06:02:57.939 10654-10654 MainActivity            com.cdccreditsmart.app               I  ========================================
2025-12-04 06:02:57.939 10654-10654 MainActivity            com.cdccreditsmart.app               I  ğŸ“± SOLICITANDO PERMISSÃ•ES (NÃƒO DEVICE OWNER)
2025-12-04 06:02:57.939 10654-10654 MainActivity            com.cdccreditsmart.app               I  ========================================
2025-12-04 06:02:57.942 10654-10690 PersistentStateManager  com.cdccreditsmart.app               D  Nenhum estado local encontrado
2025-12-04 06:02:57.943 10654-10690 PersistentStateManager  com.cdccreditsmart.app               D  ğŸ†• Sem estado local - device novo ou pÃ³s factory reset
2025-12-04 06:02:57.945 10654-10690 MainActivity            com.cdccreditsmart.app               I  ğŸ†• Device nunca foi provisionado
2025-12-04 06:02:57.951 10654-10654 MainActivity            com.cdccreditsmart.app               I  ğŸ“‹ Runtime permissions a solicitar: 2
2025-12-04 06:02:57.951 10654-10654 MainActivity            com.cdccreditsmart.app               D    â€¢ android.permission.RECEIVE_SMS
2025-12-04 06:02:57.951 10654-10654 MainActivity            com.cdccreditsmart.app               D    â€¢ android.permission.READ_SMS
2025-12-04 06:02:57.959 10654-10699 EGL_emulation           com.cdccreditsmart.app               I  Opening libGLESv1_CM_emulation.so
2025-12-04 06:02:57.962 10654-10699 EGL_emulation           com.cdccreditsmart.app               I  Opening libGLESv2_emulation.so
2025-12-04 06:02:58.024 10654-10699 HWUI                    com.cdccreditsmart.app               W  Failed to choose config with EGL_SWAP_BEHAVIOR_PRESERVED, retrying without...
2025-12-04 06:02:58.024 10654-10699 HWUI                    com.cdccreditsmart.app               W  Failed to initialize 101010-2 format, error = EGL_SUCCESS
2025-12-04 06:02:58.062 10654-10654 SpecialPermissionReq    com.cdccreditsmart.app               I  ========================================
2025-12-04 06:02:58.062 10654-10654 SpecialPermissionReq    com.cdccreditsmart.app               I  ğŸ“Š STATUS DAS PERMISSÃ•ES ESPECIAIS
2025-12-04 06:02:58.062 10654-10654 SpecialPermissionReq    com.cdccreditsmart.app               I  ========================================
2025-12-04 06:02:58.067 10654-10654 SpecialPermissionReq    com.cdccreditsmart.app               I    USAGE_STATS: âŒ NÃƒO CONCEDIDA
2025-12-04 06:02:58.069 10654-10654 SpecialPermissionReq    com.cdccreditsmart.app               I    OVERLAY: âŒ NÃƒO CONCEDIDA
2025-12-04 06:02:58.069 10654-10654 SpecialPermissionReq    com.cdccreditsmart.app               W  
2025-12-04 06:02:58.069 10654-10654 SpecialPermissionReq    com.cdccreditsmart.app               W  âš ï¸ PROTEÃ‡ÃƒO ANTI-DESINSTALAÃ‡ÃƒO COMPROMETIDA!
2025-12-04 06:02:58.069 10654-10654 SpecialPermissionReq    com.cdccreditsmart.app               W     Sem essas permissÃµes, a proteÃ§Ã£o via overlay nÃ£o funciona.
2025-12-04 06:02:58.069 10654-10654 SpecialPermissionReq    com.cdccreditsmart.app               W     O usuÃ¡rio conseguirÃ¡ acessar App Info e desinstalar.
2025-12-04 06:02:58.069 10654-10654 SpecialPermissionReq    com.cdccreditsmart.app               I  ========================================
2025-12-04 06:02:58.070 10654-10654 MainActivity            com.cdccreditsmart.app               W  ========================================
2025-12-04 06:02:58.070 10654-10654 MainActivity            com.cdccreditsmart.app               W  âš ï¸ PERMISSÃ•ES ESPECIAIS NECESSÃRIAS
2025-12-04 06:02:58.070 10654-10654 MainActivity            com.cdccreditsmart.app               W  ========================================
2025-12-04 06:02:58.070 10654-10654 MainActivity            com.cdccreditsmart.app               W  Para proteÃ§Ã£o anti-desinstalaÃ§Ã£o funcionar:
2025-12-04 06:02:58.070 10654-10654 MainActivity            com.cdccreditsmart.app               W    âŒ Acesso ao Uso de Apps
2025-12-04 06:02:58.070 10654-10654 MainActivity            com.cdccreditsmart.app               W       Permite detectar quando vocÃª abre as ConfiguraÃ§Ãµes para aplicar proteÃ§Ã£o
2025-12-04 06:02:58.070 10654-10654 MainActivity            com.cdccreditsmart.app               W    âŒ Exibir sobre outros apps
2025-12-04 06:02:58.070 10654-10654 MainActivity            com.cdccreditsmart.app               W       Permite mostrar avisos de proteÃ§Ã£o sobre outros aplicativos
2025-12-04 06:02:58.070 10654-10654 MainActivity            com.cdccreditsmart.app               W  ========================================
2025-12-04 06:02:58.070 10654-10654 MainActivity            com.cdccreditsmart.app               W  O app solicitarÃ¡ essas permissÃµes na prÃ³xima interaÃ§Ã£o
2025-12-04 06:02:58.070 10654-10654 MainActivity            com.cdccreditsmart.app               W  ========================================
2025-12-04 06:02:58.098 10654-10689 FA                      com.cdccreditsmart.app               I  Tag Manager is not found and thus will not be used
2025-12-04 06:02:58.112 10654-10654 CompatChangeReporter    com.cdccreditsmart.app               D  Compat change id reported: 352594277; UID 10222; state: ENABLED
2025-12-04 06:02:58.126 10654-10654 CompatChangeReporter    com.cdccreditsmart.app               D  Compat change id reported: 349153669; UID 10222; state: ENABLED
2025-12-04 06:02:58.145 10654-10654 HWUI                    com.cdccreditsmart.app               W  Unknown dataspace 0
2025-12-04 06:02:58.156 10654-10654 InsetsController        com.cdccreditsmart.app               D  Setting requestedVisibleTypes to -14 (was -9)
2025-12-04 06:02:58.166 10654-10654 CdcForegroundService    com.cdccreditsmart.app               D  ğŸ“± ServiÃ§o onCreate()
2025-12-04 06:02:58.167 10654-10654 CdcForegroundService    com.cdccreditsmart.app               D  âœ… Canal de notificaÃ§Ã£o criado
2025-12-04 06:02:58.168 10654-10654 CdcForegroundService    com.cdccreditsmart.app               I  âœ… ScreenStateReceiver registrado
2025-12-04 06:02:58.169 10654-10654 CdcForegroundService    com.cdccreditsmart.app               D  ğŸš€ ServiÃ§o onStartCommand() - Action: null
2025-12-04 06:02:58.187 10654-10654 CdcForegroundService    com.cdccreditsmart.app               I  âœ… Foreground Service ativo (Android 12+)
2025-12-04 06:02:58.195 10654-10654 CdcForegroundService    com.cdccreditsmart.app               D  ğŸš€ ServiÃ§o onStartCommand() - Action: com.cdccreditsmart.app.START_SERVICE
2025-12-04 06:02:58.201 10654-10690 CdcForegroundService    com.cdccreditsmart.app               I  ğŸ”§ ========================================
2025-12-04 06:02:58.201 10654-10690 CdcForegroundService    com.cdccreditsmart.app               I  ğŸ”§ INICIANDO initializeServices()...
2025-12-04 06:02:58.201 10654-10654 CdcForegroundService    com.cdccreditsmart.app               I  âœ… Foreground Service ativo (Android 12+)
2025-12-04 06:02:58.201 10654-10690 CdcForegroundService    com.cdccreditsmart.app               I  ğŸ”§ ========================================
2025-12-04 06:02:58.201 10654-10690 CdcForegroundService    com.cdccreditsmart.app               I  ğŸ¢ ========================================
2025-12-04 06:02:58.201 10654-10690 CdcForegroundService    com.cdccreditsmart.app               I  ğŸ¢ APLICANDO POLÃTICAS DE AMBIENTE DE TRABALHO
2025-12-04 06:02:58.203 10654-10690 CdcForegroundService    com.cdccreditsmart.app               I  ğŸ¢ ========================================
2025-12-04 06:02:58.204 10654-10690 WorkPolicyManager       com.cdccreditsmart.app               I  
2025-12-04 06:02:58.204 10654-10690 WorkPolicyManager       com.cdccreditsmart.app               I  â•”â•â•â•â•â•â•â•â•â•â•â•â•â•â•â•â•â•â•â•â•â•â•â•â•â•â•â•â•â•â•â•â•â•â•â•â•â•â•â•â•â•â•â•â•â•â•â•â•â•â•â•â•â•â•â•â•â•â•â•â•â•â•â•â•â•—
2025-12-04 06:02:58.204 10654-10690 WorkPolicyManager       com.cdccreditsmart.app               I  â•‘  ğŸ¢ APLICANDO POLÃTICAS DE AMBIENTE DE TRABALHO                â•‘
2025-12-04 06:02:58.204 10654-10690 WorkPolicyManager       com.cdccreditsmart.app               I  â•‘     CDC CREDIT SMART - PROTEÃ‡ÃƒO EMPRESARIAL                    â•‘
2025-12-04 06:02:58.204 10654-10690 WorkPolicyManager       com.cdccreditsmart.app               I  â•šâ•â•â•â•â•â•â•â•â•â•â•â•â•â•â•â•â•â•â•â•â•â•â•â•â•â•â•â•â•â•â•â•â•â•â•â•â•â•â•â•â•â•â•â•â•â•â•â•â•â•â•â•â•â•â•â•â•â•â•â•â•â•â•â•â•
2025-12-04 06:02:58.204 10654-10690 WorkPolicyManager       com.cdccreditsmart.app               I  
2025-12-04 06:02:58.206 10654-10690 WorkPolicyManager       com.cdccreditsmart.app               I  ğŸ“‹ STATUS DO DISPOSITIVO:
2025-12-04 06:02:58.206 10654-10690 WorkPolicyManager       com.cdccreditsmart.app               I     Device Owner: âŒ NÃƒO
2025-12-04 06:02:58.206 10654-10690 WorkPolicyManager       com.cdccreditsmart.app               I     Device Admin: âŒ NÃƒO
2025-12-04 06:02:58.206 10654-10690 WorkPolicyManager       com.cdccreditsmart.app               I  
2025-12-04 06:02:58.206 10654-10690 WorkPolicyManager       com.cdccreditsmart.app               I  â•â•â•â•â•â•â•â•â•â•â•â•â•â•â•â•â•â•â•â•â•â•â•â•â•â•â•â•â•â•â•â•â•â•â•â•â•â•â•â•â•â•â•â•â•â•â•â•â•â•â•â•â•â•â•â•â•â•â•â•â•â•â•
2025-12-04 06:02:58.206 10654-10690 WorkPolicyManager       com.cdccreditsmart.app               I  âš ï¸ MODO BÃSICO - PROTEÃ‡ÃƒO MÃNIMA
2025-12-04 06:02:58.206 10654-10690 WorkPolicyManager       com.cdccreditsmart.app               I  â•â•â•â•â•â•â•â•â•â•â•â•â•â•â•â•â•â•â•â•â•â•â•â•â•â•â•â•â•â•â•â•â•â•â•â•â•â•â•â•â•â•â•â•â•â•â•â•â•â•â•â•â•â•â•â•â•â•â•â•â•â•â•
2025-12-04 06:02:58.206 10654-10690 WorkPolicyManager       com.cdccreditsmart.app               I  
2025-12-04 06:02:58.206 10654-10690 WorkPolicyManager       com.cdccreditsmart.app               E  âŒ ATENÃ‡ÃƒO: App NÃƒO Ã© Device Owner nem Device Admin!
2025-12-04 06:02:58.206 10654-10690 WorkPolicyManager       com.cdccreditsmart.app               E     â€¢ ProteÃ§Ãµes MDM nÃ£o disponÃ­veis
2025-12-04 06:02:58.206 10654-10690 WorkPolicyManager       com.cdccreditsmart.app               E     â€¢ UsuÃ¡rio pode desinstalar o app livremente
2025-12-04 06:02:58.206 10654-10690 WorkPolicyManager       com.cdccreditsmart.app               E     â€¢ Factory Reset nÃ£o Ã© bloqueÃ¡vel
2025-12-04 06:02:58.206 10654-10690 WorkPolicyManager       com.cdccreditsmart.app               E     â€¢ Aplicando proteÃ§Ãµes alternativas mÃ­nimas...
2025-12-04 06:02:58.206 10654-10690 WorkPolicyManager       com.cdccreditsmart.app               I  
2025-12-04 06:02:58.206 10654-10690 WorkPolicyManager       com.cdccreditsmart.app               I  ğŸ”„ [1/3] PERSISTÃŠNCIA DO APP
2025-12-04 06:02:58.206 10654-10690 WorkPolicyManager       com.cdccreditsmart.app               I  â”€â”€â”€â”€â”€â”€â”€â”€â”€â”€â”€â”€â”€â”€â”€â”€â”€â”€â”€â”€â”€â”€â”€â”€â”€â”€â”€â”€â”€â”€â”€â”€â”€â”€â”€â”€â”€â”€â”€â”€â”€â”€â”€â”€â”€â”€â”€â”€â”€â”€â”€â”€â”€â”€â”€â”€â”€â”€â”€â”€â”€â”€â”€
2025-12-04 06:02:58.206 10654-10691 CdcForegroundService    com.cdccreditsmart.app               I  ğŸ”§ ========================================
2025-12-04 06:02:58.206 10654-10691 CdcForegroundService    com.cdccreditsmart.app               I  ğŸ”§ INICIANDO initializeServices()...
2025-12-04 06:02:58.206 10654-10691 CdcForegroundService    com.cdccreditsmart.app               I  ğŸ”§ ========================================
2025-12-04 06:02:58.206 10654-10691 CdcForegroundService    com.cdccreditsmart.app               I  ğŸ¢ ========================================
2025-12-04 06:02:58.206 10654-10691 CdcForegroundService    com.cdccreditsmart.app               I  ğŸ¢ APLICANDO POLÃTICAS DE AMBIENTE DE TRABALHO
2025-12-04 06:02:58.206 10654-10691 CdcForegroundService    com.cdccreditsmart.app               I  ğŸ¢ ========================================
2025-12-04 06:02:58.206 10654-10691 WorkPolicyManager       com.cdccreditsmart.app               I  
2025-12-04 06:02:58.206 10654-10691 WorkPolicyManager       com.cdccreditsmart.app               I  â•”â•â•â•â•â•â•â•â•â•â•â•â•â•â•â•â•â•â•â•â•â•â•â•â•â•â•â•â•â•â•â•â•â•â•â•â•â•â•â•â•â•â•â•â•â•â•â•â•â•â•â•â•â•â•â•â•â•â•â•â•â•â•â•â•â•—
2025-12-04 06:02:58.206 10654-10691 WorkPolicyManager       com.cdccreditsmart.app               I  â•‘  ğŸ¢ APLICANDO POLÃTICAS DE AMBIENTE DE TRABALHO                â•‘
2025-12-04 06:02:58.206 10654-10691 WorkPolicyManager       com.cdccreditsmart.app               I  â•‘     CDC CREDIT SMART - PROTEÃ‡ÃƒO EMPRESARIAL                    â•‘
2025-12-04 06:02:58.206 10654-10691 WorkPolicyManager       com.cdccreditsmart.app               I  â•šâ•â•â•â•â•â•â•â•â•â•â•â•â•â•â•â•â•â•â•â•â•â•â•â•â•â•â•â•â•â•â•â•â•â•â•â•â•â•â•â•â•â•â•â•â•â•â•â•â•â•â•â•â•â•â•â•â•â•â•â•â•â•â•â•â•
2025-12-04 06:02:58.206 10654-10691 WorkPolicyManager       com.cdccreditsmart.app               I  
2025-12-04 06:02:58.209 10654-10691 WorkPolicyManager       com.cdccreditsmart.app               I  ğŸ“‹ STATUS DO DISPOSITIVO:
2025-12-04 06:02:58.209 10654-10691 WorkPolicyManager       com.cdccreditsmart.app               I     Device Owner: âŒ NÃƒO
2025-12-04 06:02:58.209 10654-10691 WorkPolicyManager       com.cdccreditsmart.app               I     Device Admin: âŒ NÃƒO
2025-12-04 06:02:58.209 10654-10691 WorkPolicyManager       com.cdccreditsmart.app               I  
2025-12-04 06:02:58.209 10654-10691 WorkPolicyManager       com.cdccreditsmart.app               I  â•â•â•â•â•â•â•â•â•â•â•â•â•â•â•â•â•â•â•â•â•â•â•â•â•â•â•â•â•â•â•â•â•â•â•â•â•â•â•â•â•â•â•â•â•â•â•â•â•â•â•â•â•â•â•â•â•â•â•â•â•â•â•
2025-12-04 06:02:58.209 10654-10691 WorkPolicyManager       com.cdccreditsmart.app               I  âš ï¸ MODO BÃSICO - PROTEÃ‡ÃƒO MÃNIMA
2025-12-04 06:02:58.209 10654-10691 WorkPolicyManager       com.cdccreditsmart.app               I  â•â•â•â•â•â•â•â•â•â•â•â•â•â•â•â•â•â•â•â•â•â•â•â•â•â•â•â•â•â•â•â•â•â•â•â•â•â•â•â•â•â•â•â•â•â•â•â•â•â•â•â•â•â•â•â•â•â•â•â•â•â•â•
2025-12-04 06:02:58.209 10654-10691 WorkPolicyManager       com.cdccreditsmart.app               I  
2025-12-04 06:02:58.209 10654-10691 WorkPolicyManager       com.cdccreditsmart.app               E  âŒ ATENÃ‡ÃƒO: App NÃƒO Ã© Device Owner nem Device Admin!
2025-12-04 06:02:58.209 10654-10691 WorkPolicyManager       com.cdccreditsmart.app               E     â€¢ ProteÃ§Ãµes MDM nÃ£o disponÃ­veis
2025-12-04 06:02:58.209 10654-10691 WorkPolicyManager       com.cdccreditsmart.app               E     â€¢ UsuÃ¡rio pode desinstalar o app livremente
2025-12-04 06:02:58.209 10654-10691 WorkPolicyManager       com.cdccreditsmart.app               E     â€¢ Factory Reset nÃ£o Ã© bloqueÃ¡vel
2025-12-04 06:02:58.209 10654-10691 WorkPolicyManager       com.cdccreditsmart.app               E     â€¢ Aplicando proteÃ§Ãµes alternativas mÃ­nimas...
2025-12-04 06:02:58.209 10654-10691 WorkPolicyManager       com.cdccreditsmart.app               I  
2025-12-04 06:02:58.209 10654-10691 WorkPolicyManager       com.cdccreditsmart.app               I  ğŸ”„ [1/3] PERSISTÃŠNCIA DO APP
2025-12-04 06:02:58.209 10654-10691 WorkPolicyManager       com.cdccreditsmart.app               I  â”€â”€â”€â”€â”€â”€â”€â”€â”€â”€â”€â”€â”€â”€â”€â”€â”€â”€â”€â”€â”€â”€â”€â”€â”€â”€â”€â”€â”€â”€â”€â”€â”€â”€â”€â”€â”€â”€â”€â”€â”€â”€â”€â”€â”€â”€â”€â”€â”€â”€â”€â”€â”€â”€â”€â”€â”€â”€â”€â”€â”€â”€â”€
2025-12-04 06:02:58.209 10654-10690 WorkPolicyManager       com.cdccreditsmart.app               I     â„¹ï¸ Solicitando isenÃ§Ã£o de otimizaÃ§Ã£o de bateria...
2025-12-04 06:02:58.210 10654-10690 WorkPolicyManager       com.cdccreditsmart.app               I     â„¹ï¸ UsuÃ¡rio precisa conceder manualmente em Settings
2025-12-04 06:02:58.210 10654-10690 WorkPolicyManager       com.cdccreditsmart.app               I     âœ… Foreground Service configurado via CdcForegroundService
2025-12-04 06:02:58.210 10654-10690 WorkPolicyManager       com.cdccreditsmart.app               I  
2025-12-04 06:02:58.210 10654-10690 WorkPolicyManager       com.cdccreditsmart.app               I  ğŸ“Š [2/3] MONITORAMENTO BÃSICO
2025-12-04 06:02:58.210 10654-10690 WorkPolicyManager       com.cdccreditsmart.app               I  â”€â”€â”€â”€â”€â”€â”€â”€â”€â”€â”€â”€â”€â”€â”€â”€â”€â”€â”€â”€â”€â”€â”€â”€â”€â”€â”€â”€â”€â”€â”€â”€â”€â”€â”€â”€â”€â”€â”€â”€â”€â”€â”€â”€â”€â”€â”€â”€â”€â”€â”€â”€â”€â”€â”€â”€â”€â”€â”€â”€â”€â”€â”€
2025-12-04 06:02:58.210 10654-10690 WorkPolicyManager       com.cdccreditsmart.app               I     âœ… WorkManager health check agendado
2025-12-04 06:02:58.210 10654-10690 WorkPolicyManager       com.cdccreditsmart.app               I  
2025-12-04 06:02:58.210 10654-10690 WorkPolicyManager       com.cdccreditsmart.app               I  ğŸ”” [3/3] NOTIFICAÃ‡Ã•ES
2025-12-04 06:02:58.210 10654-10690 WorkPolicyManager       com.cdccreditsmart.app               I  â”€â”€â”€â”€â”€â”€â”€â”€â”€â”€â”€â”€â”€â”€â”€â”€â”€â”€â”€â”€â”€â”€â”€â”€â”€â”€â”€â”€â”€â”€â”€â”€â”€â”€â”€â”€â”€â”€â”€â”€â”€â”€â”€â”€â”€â”€â”€â”€â”€â”€â”€â”€â”€â”€â”€â”€â”€â”€â”€â”€â”€â”€â”€
2025-12-04 06:02:58.210 10654-10690 WorkPolicyManager       com.cdccreditsmart.app               I     âœ… Canal de notificaÃ§Ã£o persistente criado
2025-12-04 06:02:58.210 10654-10691 WorkPolicyManager       com.cdccreditsmart.app               I     â„¹ï¸ Solicitando isenÃ§Ã£o de otimizaÃ§Ã£o de bateria...
2025-12-04 06:02:58.210 10654-10691 WorkPolicyManager       com.cdccreditsmart.app               I     â„¹ï¸ UsuÃ¡rio precisa conceder manualmente em Settings
2025-12-04 06:02:58.210 10654-10691 WorkPolicyManager       com.cdccreditsmart.app               I     âœ… Foreground Service configurado via CdcForegroundService
2025-12-04 06:02:58.210 10654-10691 WorkPolicyManager       com.cdccreditsmart.app               I  
