                                                                                                    	at android.os.Handler.dispatchMessage(Handler.java:106)
                                                                                                    	at android.os.Looper.loopOnce(Looper.java:205)
                                                                                                    	at android.os.Looper.loop(Looper.java:294)
                                                                                                    	at android.app.ActivityThread.main(ActivityThread.java:8391)
                                                                                                    	at java.lang.reflect.Method.invoke(Native Method)
                                                                                                    	at com.android.internal.os.RuntimeInit$MethodAndArgsCaller.run(RuntimeInit.java:640)
                                                                                                    	at com.android.internal.os.ZygoteInit.main(ZygoteInit.java:995)
2026-01-27 17:29:46.073 25624-25624 CDCDeviceAdminReceiver  com.cdccreditsmart.app               I  [2026-01-27 17:29:46.068] [PID:25624] [TID:2|main]    ğŸ’¾ Storage encryption status: false
2026-01-27 17:29:46.111 25624-25624 CDCDeviceAdminReceiver  com.cdccreditsmart.app               I  [2026-01-27 17:29:46.073] [PID:25624] [TID:2|main] âœ… Device capabilities analysis completed
2026-01-27 17:29:46.137 25624-25624 CDC_PROVISIONING_DEBUG  com.cdccreditsmart.app               I  [2026-01-27 17:29:46.112] [PID:25624] [TID:2|main] ğŸ“‹ CALLBACK SEQUENCE (1 callbacks):
2026-01-27 17:29:46.166 25624-25624 CDC_PROVISIONING_DEBUG  com.cdccreditsmart.app               I  [2026-01-27 17:29:46.138] [PID:25624] [TID:2|main]    1. 2026-01-27 17:29:45.510 - onEnabled
2026-01-27 17:29:46.173 25624-25624 CDC_PROVISIONING_DEBUG  com.cdccreditsmart.app               I  [2026-01-27 17:29:46.167] [PID:25624] [TID:2|main] ğŸ” HANG DETECTION CHECK:
2026-01-27 17:29:46.179 25624-25624 CDC_PROVISIONING_DEBUG  com.cdccreditsmart.app               I  [2026-01-27 17:29:46.173] [PID:25624] [TID:2|main]    â±ï¸ Time since provisioning start: 657ms
2026-01-27 17:29:46.184 25624-25624 CDC_PROVISIONING_DEBUG  com.cdccreditsmart.app               I  [2026-01-27 17:29:46.180] [PID:25624] [TID:2|main]    â±ï¸ Time since last callback: 657ms
2026-01-27 17:29:46.188 25624-25624 CDCDeviceAdminReceiver  com.cdccreditsmart.app               I  [2026-01-27 17:29:46.184] [PID:25624] [TID:2|main] âœ… Admin enablement verification completed successfully
2026-01-27 17:29:46.201 25624-25624 CDCDeviceAdminReceiver  com.cdccreditsmart.app               I  [2026-01-27 17:29:46.188] [PID:25624] [TID:2|main] ğŸ onEnabled callback completed - work profile preparation should continue
2026-01-27 17:29:46.209 25624-25624 CDCDeviceAdminReceiver  com.cdccreditsmart.app               I  [2026-01-27 17:29:46.202] [PID:25624] [TID:2|main] ğŸ”‘ =================================================================
2026-01-27 17:29:46.210 25624-25624 CheckTime               com.cdccreditsmart.app               W  App running slow: Executing com.cdccreditsmart.device.CDCDeviceAdminReceiver onReceive took 723ms
2026-01-27 17:29:46.210 25624-25624 CheckTime               com.cdccreditsmart.app               W  App running slow: Executing com.cdccreditsmart.device.CDCDeviceAdminReceiver scheduleReceive took 10302ms
2026-01-27 17:29:46.216 25624-25624 Choreographer           com.cdccreditsmart.app               I  Skipped 393 frames!  The application may be doing too much work on its main thread.
2026-01-27 17:29:46.294 23255-23255 DeviceOwnerCheckVM      com.cdccreditsmart.app               I  ========================================
2026-01-27 17:29:46.294 23255-23255 DeviceOwnerCheckVM      com.cdccreditsmart.app               I  ğŸ” Verificando status de Device Owner...
2026-01-27 17:29:46.431 25624-25624 creditsmart.app         com.cdccreditsmart.app               W  Verification of void com.cdccreditsmart.app.service.CdcForegroundService.<init>() took 121.776ms (361.32 bytecodes/s) (2576B approximate peak alloc)
2026-01-27 17:29:46.473 25624-25624 CdcForegroundService    com.cdccreditsmart.app               D  ğŸ“± ServiÃ§o onCreate()
2026-01-27 17:29:46.481 25624-25624 CdcForegroundService    com.cdccreditsmart.app               D  âœ… Canal de notificaÃ§Ã£o criado
2026-01-27 17:29:46.500 25624-25624 CdcForegroundService    com.cdccreditsmart.app               I  âœ… ScreenStateReceiver registrado (inclui ACTION_USER_PRESENT para detectar screen unlock)
2026-01-27 17:29:46.501 25624-25624 CdcForegroundService    com.cdccreditsmart.app               D  ğŸš€ ServiÃ§o onStartCommand() - Action: null
2026-01-27 17:29:46.616 25624-25624 CdcForegroundService    com.cdccreditsmart.app               I  âœ… Foreground Service ativo (Android 12+)
2026-01-27 17:29:46.652 25624-26349 CdcForegroundService    com.cdccreditsmart.app               I  ğŸ”§ ========================================
2026-01-27 17:29:46.652 25624-26349 CdcForegroundService    com.cdccreditsmart.app               I  ğŸ”§ INICIANDO initializeServices()...
2026-01-27 17:29:46.652 25624-26349 CdcForegroundService    com.cdccreditsmart.app               I  ğŸ”§ ========================================
2026-01-27 17:29:46.652 25624-26349 CdcForegroundService    com.cdccreditsmart.app               I  ğŸ“± Rodando em usuÃ¡rio secundÃ¡rio gerenciado (User ID: 11)
2026-01-27 17:29:46.652 25624-26349 CdcForegroundService    com.cdccreditsmart.app               I  ğŸ“± Dados de enrollment existem apenas no usuÃ¡rio primÃ¡rio
2026-01-27 17:29:46.652 25624-26349 CdcForegroundService    com.cdccreditsmart.app               I  ğŸ“± ServiÃ§o MDM nÃ£o serÃ¡ inicializado neste usuÃ¡rio
2026-01-27 17:29:46.652 25624-26349 CdcForegroundService    com.cdccreditsmart.app               I  ğŸ”§ ========================================
2026-01-27 17:29:46.737 25624-25624 FactoryResetRecovery    com.cdccreditsmart.app               I  ========================================
2026-01-27 17:29:46.737 25624-25624 FactoryResetRecovery    com.cdccreditsmart.app               I  ğŸ”„ BOOT DETECTADO (android.intent.action.LOCKED_BOOT_COMPLETED) - Verificando recuperaÃ§Ã£o
2026-01-27 17:29:46.737 25624-25624 FactoryResetRecovery    com.cdccreditsmart.app               I  ========================================
2026-01-27 17:29:46.738 25624-25624 CheckTime               com.cdccreditsmart.app               W  App running slow: Executing com.cdccreditsmart.app.recovery.FactoryResetRecoveryReceiver scheduleReceive took 469ms
2026-01-27 17:29:46.743 25624-26349 ServiceWatchdogWorker   com.cdccreditsmart.app               I  ğŸ” ========================================
2026-01-27 17:29:46.743 25624-26349 ServiceWatchdogWorker   com.cdccreditsmart.app               I  ğŸ” WATCHDOG: Verificando CdcForegroundService
2026-01-27 17:29:46.743 25624-26349 ServiceWatchdogWorker   com.cdccreditsmart.app               I  ğŸ” ========================================
2026-01-27 17:29:46.766 25624-25624 BootReceiver            com.cdccreditsmart.app               I  Boot completed - iniciando servicos...
2026-01-27 17:29:46.767 25624-25624 PlayProtectManager      com.cdccreditsmart.app               D  App nao e Device Owner - pulando desabilitacao do Play Protect
2026-01-27 17:29:46.773 25624-26349 KeepAliveManager        com.cdccreditsmart.app               D  âœ… CdcForegroundService estÃ¡ ativo
2026-01-27 17:29:46.774 25624-25624 CdcForegroundService    com.cdccreditsmart.app               I  âœ… ServiÃ§o iniciado via startService()
2026-01-27 17:29:46.779 25624-25624 OfflineEnf...mentWorker com.cdccreditsmart.app               I  âœ… OfflineEnforcementWorker agendado
2026-01-27 17:29:46.779 25624-25624 BootReceiver            com.cdccreditsmart.app               I  OfflineEnforcementWorker agendado apos boot
2026-01-27 17:29:46.782 25624-26349 ServiceWatchdogWorker   com.cdccreditsmart.app               I  ğŸ“Š EstatÃ­sticas Keep Alive:
2026-01-27 17:29:46.782 25624-26349 ServiceWatchdogWorker   com.cdccreditsmart.app               I     - ServiÃ§o ativo: true
2026-01-27 17:29:46.782 25624-26349 ServiceWatchdogWorker   com.cdccreditsmart.app               I     - Restarts: 0
2026-01-27 17:29:46.783 25624-26349 ServiceWatchdogWorker   com.cdccreditsmart.app               I     - OtimizaÃ§Ã£o bateria: NÃƒO (bom)
2026-01-27 17:29:46.783 25624-26349 ServiceWatchdogWorker   com.cdccreditsmart.app               I  ğŸ” ========================================
2026-01-27 17:29:46.783 25624-26349 ServiceWatchdogWorker   com.cdccreditsmart.app               I  âœ… WATCHDOG: ServiÃ§o verificado/reiniciado com sucesso
2026-01-27 17:29:46.784 25624-26343 ContractCodeStorage     com.cdccreditsmart.app               D  Retrieving contract code from storage
2026-01-27 17:29:46.864 25624-25624 PeriodicOverlayWorker   com.cdccreditsmart.app               I  ğŸ“… Agendando overlay automÃ¡tico
2026-01-27 17:29:46.864 25624-25624 PeriodicOverlayWorker   com.cdccreditsmart.app               I     WorkManager interval: 15 minutos (mÃ­nimo obrigatÃ³rio)
2026-01-27 17:29:46.864 25624-25624 PeriodicOverlayWorker   com.cdccreditsmart.app               I     Cooldowns progressivos controlados internamente pelo worker
2026-01-27 17:29:46.866 25624-25624 PeriodicOverlayWorker   com.cdccreditsmart.app               I  âœ… Overlay automÃ¡tico agendado com sucesso
2026-01-27 17:29:46.866 25624-25624 BootReceiver            com.cdccreditsmart.app               I  PeriodicOverlayWorker agendado apos boot
2026-01-27 17:29:46.867 25624-25624 BootReceiver            com.cdccreditsmart.app               I  Servicos iniciados apos boot
2026-01-27 17:29:46.870 25624-25624 CdcForegroundService    com.cdccreditsmart.app               D  ğŸš€ ServiÃ§o onStartCommand() - Action: com.cdccreditsmart.app.START_SERVICE
2026-01-27 17:29:46.878 23255-23255 DeviceUtils             com.cdccreditsmart.app               D  Device Owner check: true
2026-01-27 17:29:46.878 23255-23255 DeviceUtils             com.cdccreditsmart.app               D  Samsung device: false (Manufacturer: realme)
2026-01-27 17:29:46.879 23255-23255 DeviceOwnerCheckVM      com.cdccreditsmart.app               I  âœ… Dispositivo Ã© Device Owner - permitindo acesso ao app
2026-01-27 17:29:46.879 23255-23255 DeviceOwnerCheckVM      com.cdccreditsmart.app               I  ========================================
2026-01-27 17:29:46.912 25624-25624 CdcForegroundService    com.cdccreditsmart.app               I  âœ… Foreground Service ativo (Android 12+)
2026-01-27 17:29:46.912 25624-26348 CdcForegroundService    com.cdccreditsmart.app               I  ğŸ”§ ========================================
2026-01-27 17:29:46.912 25624-26348 CdcForegroundService    com.cdccreditsmart.app               I  ğŸ”§ INICIANDO initializeServices()...
2026-01-27 17:29:46.912 25624-26348 CdcForegroundService    com.cdccreditsmart.app               I  ğŸ”§ ========================================
2026-01-27 17:29:46.913 25624-26348 CdcForegroundService    com.cdccreditsmart.app               I  ğŸ“± Rodando em usuÃ¡rio secundÃ¡rio gerenciado (User ID: 11)
2026-01-27 17:29:46.913 25624-26348 CdcForegroundService    com.cdccreditsmart.app               I  ğŸ“± Dados de enrollment existem apenas no usuÃ¡rio primÃ¡rio
2026-01-27 17:29:46.913 25624-26348 CdcForegroundService    com.cdccreditsmart.app               I  ğŸ“± ServiÃ§o MDM nÃ£o serÃ¡ inicializado neste usuÃ¡rio
2026-01-27 17:29:46.913 25624-26348 CdcForegroundService    com.cdccreditsmart.app               I  ğŸ”§ ========================================
2026-01-27 17:29:47.041 25624-26354 WM-WorkerWrapper        com.cdccreditsmart.app               I  Worker result SUCCESS for Work [ id=f33e0107-a464-499b-8afd-78d2292d738c, tags={ com.cdccreditsmart.app.keepalive.ServiceWatchdogWorker } ]
2026-01-27 17:29:47.058 23255-23255 SettingsGuardService    com.cdccreditsmart.app               I  â–¶ï¸ Guard RETOMADO apÃ³s fluxo de permissÃµes
2026-01-27 17:29:47.112 25624-26343 ContractCodeStorage     com.cdccreditsmart.app               D  Storage verification: 0 valid, 0 tampered, 7 missing
2026-01-27 17:29:47.112 25624-26343 ContractCodeStorage     com.cdccreditsmart.app               W  No valid contract code found in any location
2026-01-27 17:29:47.131 25624-26343 ApkPreloadManager       com.cdccreditsmart.app               I  ğŸ“± Fabricante detectado: realme
2026-01-27 17:29:47.139 23255-23255 RouterViewModel         com.cdccreditsmart.app               D  ğŸš€ Iniciando verificaÃ§Ã£o de autenticaÃ§Ã£o...
2026-01-27 17:29:47.153 23255-23358 AuthOrchestrator        com.cdccreditsmart.app               D  ğŸ” Verificando autenticaÃ§Ã£o...
2026-01-27 17:29:47.154 25624-26343 FactoryResetRecovery    com.cdccreditsmart.app               I  â„¹ï¸ Sem manifesto de enrollment - app iniciarÃ¡ normalmente
2026-01-27 17:29:47.288 23255-23358 AuthOrchestrator        com.cdccreditsmart.app               D  ğŸŒ Conectividade: ONLINE
2026-01-27 17:29:47.288 23255-23358 AuthOrchestrator        com.cdccreditsmart.app               D  ğŸ”„ ========== AUTO-DISCOVERY INICIADO ==========
2026-01-27 17:29:47.487 23255-23358 DeviceUtils             com.cdccreditsmart.app               D  IMEI retrieved successfully: 8608***
2026-01-27 17:29:47.487 23255-23358 AuthOrchestrator        com.cdccreditsmart.app               D  ğŸ“± IMEI obtido: 8608***718
2026-01-27 17:29:47.487 23255-23358 AuthOrchestrator        com.cdccreditsmart.app               D  ğŸ” Tentando auto-discovery...
2026-01-27 17:29:47.494 23255-23358 AuthOrchestrator        com.cdccreditsmart.app               D     Endpoint: GET /api/apk/discover/860875074339718
2026-01-27 17:29:47.546 25624-26343 OfflineEnf...mentWorker com.cdccreditsmart.app               I  ğŸ”„ ========================================
2026-01-27 17:29:47.547 25624-26343 OfflineEnf...mentWorker com.cdccreditsmart.app               I  ğŸ”„ OFFLINE ENFORCEMENT - EXECUTANDO
2026-01-27 17:29:47.547 25624-26343 OfflineEnf...mentWorker com.cdccreditsmart.app               I  ğŸ”„ ========================================
2026-01-27 17:29:48.307 23255-26495 okhttp.OkHttpClient     com.cdccreditsmart.app               I  --> GET https://cdccreditsmart.com/api/apk/discover/860875074339718
2026-01-27 17:29:48.307 23255-26495 okhttp.OkHttpClient     com.cdccreditsmart.app               I  --> END GET
2026-01-27 17:29:48.394 25624-26343 OfflineEnf...mentWorker com.cdccreditsmart.app               I  â„¹ï¸ Sem dados offline - nada a fazer
2026-01-27 17:29:48.404 25624-26253 WM-WorkerWrapper        com.cdccreditsmart.app               I  Worker result SUCCESS for Work [ id=0b4db49b-b712-4a19-bdeb-ad23db90d009, tags={ com.cdccreditsmart.app.offline.OfflineEnforcementWorker } ]
2026-01-27 17:29:50.472 23255-23255 CDCDeviceAdminReceiver  com.cdccreditsmart.app               I  User added: UserHandle{11}
2026-01-27 17:29:50.622 23527-23527 BootReceiver            com.cdccreditsmart.app               I  Boot completed - iniciando servicos...
2026-01-27 17:29:50.626 23527-23527 PlayProtectManager      com.cdccreditsmart.app               D  App nao e Device Owner - pulando desabilitacao do Play Protect
2026-01-27 17:29:50.635 23527-23527 CdcForegroundService    com.cdccreditsmart.app               I  âœ… ServiÃ§o iniciado via startService()
2026-01-27 17:29:50.637 23527-23527 OfflineEnf...mentWorker com.cdccreditsmart.app               I  âœ… OfflineEnforcementWorker agendado
2026-01-27 17:29:50.638 23527-23527 BootReceiver            com.cdccreditsmart.app               I  OfflineEnforcementWorker agendado apos boot
2026-01-27 17:29:50.638 23527-23527 PeriodicOverlayWorker   com.cdccreditsmart.app               I  ğŸ“… Agendando overlay automÃ¡tico
2026-01-27 17:29:50.638 23527-23527 PeriodicOverlayWorker   com.cdccreditsmart.app               I     WorkManager interval: 15 minutos (mÃ­nimo obrigatÃ³rio)
2026-01-27 17:29:50.638 23527-23527 PeriodicOverlayWorker   com.cdccreditsmart.app               I     Cooldowns progressivos controlados internamente pelo worker
2026-01-27 17:29:50.641 23527-23527 PeriodicOverlayWorker   com.cdccreditsmart.app               I  âœ… Overlay automÃ¡tico agendado com sucesso
2026-01-27 17:29:50.641 23527-23527 BootReceiver            com.cdccreditsmart.app               I  PeriodicOverlayWorker agendado apos boot
2026-01-27 17:29:50.641 23527-23527 BootReceiver            com.cdccreditsmart.app               I  Servicos iniciados apos boot
2026-01-27 17:29:50.642 23527-23527 CdcForegroundService    com.cdccreditsmart.app               D  ğŸš€ ServiÃ§o onStartCommand() - Action: com.cdccreditsmart.app.START_SERVICE
2026-01-27 17:29:50.790 23527-23527 CdcForegroundService    com.cdccreditsmart.app               I  âœ… Foreground Service ativo (Android 12+)
2026-01-27 17:29:50.796 23527-23773 CdcForegroundService    com.cdccreditsmart.app               I  ğŸ”§ ========================================
2026-01-27 17:29:50.796 23527-23773 CdcForegroundService    com.cdccreditsmart.app               I  ğŸ”§ INICIANDO initializeServices()...
2026-01-27 17:29:50.796 23527-23773 CdcForegroundService    com.cdccreditsmart.app               I  ğŸ”§ ========================================
2026-01-27 17:29:50.797 23527-23773 CdcForegroundService    com.cdccreditsmart.app               I  ğŸ“± Rodando em usuÃ¡rio secundÃ¡rio gerenciado (User ID: 10)
2026-01-27 17:29:50.797 23527-23773 CdcForegroundService    com.cdccreditsmart.app               I  ğŸ“± Dados de enrollment existem apenas no usuÃ¡rio primÃ¡rio
2026-01-27 17:29:50.797 23527-23773 CdcForegroundService    com.cdccreditsmart.app               I  ğŸ“± ServiÃ§o MDM nÃ£o serÃ¡ inicializado neste usuÃ¡rio
2026-01-27 17:29:50.797 23527-23773 CdcForegroundService    com.cdccreditsmart.app               I  ğŸ”§ ========================================
2026-01-27 17:29:50.832 23527-23527 BootInterceptor         com.cdccreditsmart.app               I  ========================================
2026-01-27 17:29:50.832 23527-23527 BootInterceptor         com.cdccreditsmart.app               I  ğŸ”„ BOOT EVENT DETECTADO
2026-01-27 17:29:50.833 23527-23527 BootInterceptor         com.cdccreditsmart.app               I  ========================================
2026-01-27 17:29:50.833 23527-23527 BootInterceptor         com.cdccreditsmart.app               I  âœ… BOOT COMPLETO DETECTADO
2026-01-27 17:29:50.840 23527-23527 BootInterceptor         com.cdccreditsmart.app               I     Sistema Android iniciado com sucesso
2026-01-27 17:29:50.968 23527-23527 TamperDetection         com.cdccreditsmart.app               I  âœ… Device fingerprint criado: CDC_4013****
2026-01-27 17:29:50.968 23527-23527 BootInterceptor         com.cdccreditsmart.app               I     Device Fingerprint: CDC_40130627****
2026-01-27 17:29:50.993 23527-23527 TamperDetection         com.cdccreditsmart.app               I  
2026-01-27 17:29:50.993 23527-23527 TamperDetection         com.cdccreditsmart.app               I  â•”â•â•â•â•â•â•â•â•â•â•â•â•â•â•â•â•â•â•â•â•â•â•â•â•â•â•â•â•â•â•â•â•â•â•â•â•â•â•â•â•â•â•â•â•â•â•â•â•â•â•â•â•â•â•â•â•â•—
2026-01-27 17:29:50.993 23527-23527 TamperDetection         com.cdccreditsmart.app               I  â•‘    ğŸ“¡ BOOT REPORT ADIADO - AGUARDANDO PAREAMENTO      â•‘
2026-01-27 17:29:50.993 23527-23527 TamperDetection         com.cdccreditsmart.app               I  â• â•â•â•â•â•â•â•â•â•â•â•â•â•â•â•â•â•â•â•â•â•â•â•â•â•â•â•â•â•â•â•â•â•â•â•â•â•â•â•â•â•â•â•â•â•â•â•â•â•â•â•â•â•â•â•â•â•£
2026-01-27 17:29:50.993 23527-23527 TamperDetection         com.cdccreditsmart.app               I  â•‘  â³ Device ainda nÃ£o pareado com contrato              â•‘
2026-01-27 17:29:50.993 23527-23527 TamperDetection         com.cdccreditsmart.app               I  â•‘  â³ Boot serÃ¡ reportado apÃ³s autenticaÃ§Ã£o              â•‘
2026-01-27 17:29:50.993 23527-23527 TamperDetection         com.cdccreditsmart.app               I  â•‘  â„¹ï¸  Isso Ã© comportamento NORMAL antes do pareamento   â•‘
2026-01-27 17:29:50.993 23527-23527 TamperDetection         com.cdccreditsmart.app               I  â•šâ•â•â•â•â•â•â•â•â•â•â•â•â•â•â•â•â•â•â•â•â•â•â•â•â•â•â•â•â•â•â•â•â•â•â•â•â•â•â•â•â•â•â•â•â•â•â•â•â•â•â•â•â•â•â•â•â•
2026-01-27 17:29:50.993 23527-23527 TamperDetection         com.cdccreditsmart.app               I  
2026-01-27 17:29:50.993 23527-23527 BootInterceptor         com.cdccreditsmart.app               I  ========================================
2026-01-27 17:29:50.994 23527-23527 CheckTime               com.cdccreditsmart.app               W  App running slow: Executing com.cdccreditsmart.app.compliance.BootInterceptor scheduleReceive took 278ms
2026-01-27 17:29:51.825 25624-26832 ProfileInstaller        com.cdccreditsmart.app               D  Installing profile for com.cdccreditsmart.app
2026-01-27 17:29:53.768 23255-26495 creditsmart.app         com.cdccreditsmart.app               W  Verification of void okhttp3.internal.http2.Http2Connection$Listener.<clinit>() took 120.367ms (149.54 bytecodes/s) (1696B approximate peak alloc)
2026-01-27 17:29:53.796 23255-26495 TrafficStats            com.cdccreditsmart.app               D  tagSocket(179) with statsTag=0xffffffff, statsUid=-1
2026-01-27 17:29:55.577 25624-25624 CDCDeviceAdminService   com.cdccreditsmart.app               I  Device Admin Service destroyed
2026-01-27 17:29:55.609 25624-25624 CDCDeviceAdminService   com.cdccreditsmart.app               I  âœ… Device Admin Service created - System is communicating with CDC DPC
2026-01-27 17:29:56.318 23255-26495 creditsmart.app         com.cdccreditsmart.app               W  Verification of okhttp3.Handshake okhttp3.Handshake.get(javax.net.ssl.SSLSession) took 187.459ms (37.34 bytecodes/s) (1408B approximate peak alloc)
2026-01-27 17:30:00.187 23255-26495 okhttp.OkHttpClient     com.cdccreditsmart.app               I  <-- 200 https://cdccreditsmart.com/api/apk/discover/860875074339718 (11879ms)
2026-01-27 17:30:00.188 23255-26495 okhttp.OkHttpClient     com.cdccreditsmart.app               I  access-control-allow-credentials: true
2026-01-27 17:30:00.188 23255-26495 okhttp.OkHttpClient     com.cdccreditsmart.app               I  access-control-allow-headers: Origin, X-Requested-With, Content-Type, Accept, Authorization, x-client-key, x-client-token, x-client-secret, cache-control
2026-01-27 17:30:00.188 23255-26495 okhttp.OkHttpClient     com.cdccreditsmart.app               I  access-control-allow-methods: GET, POST, PUT, PATCH, DELETE, OPTIONS
2026-01-27 17:30:00.189 23255-26495 okhttp.OkHttpClient     com.cdccreditsmart.app               I  access-control-allow-origin: *
2026-01-27 17:30:00.189 23255-26495 okhttp.OkHttpClient     com.cdccreditsmart.app               I  access-control-max-age: 86400
2026-01-27 17:30:00.189 23255-26495 okhttp.OkHttpClient     com.cdccreditsmart.app               I  content-length: 861
2026-01-27 17:30:00.194 23255-26495 okhttp.OkHttpClient     com.cdccreditsmart.app               I  content-security-policy: default-src 'self'; script-src 'self' 'unsafe-inline' 'unsafe-eval' https://replit.com; style-src 'self' 'unsafe-inline' https://replit.com; img-src 'self' data: https:; font-src 'self' data: https://replit.com; connect-src 'self';
2026-01-27 17:30:00.201 23255-26495 okhttp.OkHttpClient     com.cdccreditsmart.app               I  content-type: application/json; charset=utf-8
2026-01-27 17:30:00.202 23255-26495 okhttp.OkHttpClient     com.cdccreditsmart.app               I  date: Tue, 27 Jan 2026 20:29:58 GMT
2026-01-27 17:30:00.205 23255-26495 okhttp.OkHttpClient     com.cdccreditsmart.app               I  etag: W/"35d-SolWEJALKVxoLIIxQlM89vv3w1I"
2026-01-27 17:30:00.206 23255-26495 okhttp.OkHttpClient     com.cdccreditsmart.app               I  permissions-policy: geolocation=(), microphone=(), camera=()
2026-01-27 17:30:00.206 23255-26495 okhttp.OkHttpClient     com.cdccreditsmart.app               I  referrer-policy: strict-origin-when-cross-origin
2026-01-27 17:30:00.206 23255-26495 okhttp.OkHttpClient     com.cdccreditsmart.app               I  strict-transport-security: max-age=63072000; includeSubDomains
2026-01-27 17:30:00.207 23255-26495 okhttp.OkHttpClient     com.cdccreditsmart.app               I  strict-transport-security: max-age=31536000; includeSubDomains
2026-01-27 17:30:00.207 23255-26495 okhttp.OkHttpClient     com.cdccreditsmart.app               I  x-anti-fraud-protection: active
2026-01-27 17:30:00.207 23255-26495 okhttp.OkHttpClient     com.cdccreditsmart.app               I  x-certificate-pinning-enabled: false
2026-01-27 17:30:00.207 23255-26495 okhttp.OkHttpClient     com.cdccreditsmart.app               I  x-certificate-pinning-status: disabled-for-stability
2026-01-27 17:30:00.208 23255-26495 okhttp.OkHttpClient     com.cdccreditsmart.app               I  x-content-type-options: nosniff
2026-01-27 17:30:00.212 23255-26495 okhttp.OkHttpClient     com.cdccreditsmart.app               I  x-financial-data-protection: enabled
2026-01-27 17:30:00.213 23255-26495 okhttp.OkHttpClient     com.cdccreditsmart.app               I  x-frame-options: DENY
2026-01-27 17:30:00.215 23255-26495 okhttp.OkHttpClient     com.cdccreditsmart.app               I  x-transaction-security-level: maximum
2026-01-27 17:30:00.216 23255-26495 okhttp.OkHttpClient     com.cdccreditsmart.app               I  x-xss-protection: 1; mode=block
2026-01-27 17:30:00.221 23255-26495 okhttp.OkHttpClient     com.cdccreditsmart.app               I  via: 1.1 google
2026-01-27 17:30:00.221 23255-26495 okhttp.OkHttpClient     com.cdccreditsmart.app               I  alt-svc: h3=":443"; ma=2592000,h3-29=":443"; ma=2592000
2026-01-27 17:30:00.267 23255-26495 okhttp.OkHttpClient     com.cdccreditsmart.app               I  {"success":true,"device":{"id":"device_1769137280282_l7srjesg25","name":"REALME Note 60x","serialNumber":"QJ3H4MKG","imei":"860875074339718","imeiList":["860875074339718"],"meid":null,"meidList":null,"simSlotCount":1,"model":"Note 60x","brand":"REALME","status":"active","isBlocked":false,"blockReason":null},"customer":{"id":"f854a5cf-8b7e-4a66-a55f-a9f41948eb34","name":"Marcos Antunes","cpf":"06452784323","phone":"85981888810"},"connection":{"matchType":"imei_exact","useImei":"860875074339718","useSerialNumber":"QJ3H4MKG","useDeviceId":"device_1769137280282_l7srjesg25"},"token":"eyJhbGciOiJIUzI1NiIsInR5cCI6IkpXVCJ9.eyJ0eXBlIjoiYXBrIiwiZGV2aWNlSWQiOiJkZXZpY2VfMTc2OTEzNzI4MDI4Ml9sN3NyamVzZzI1IiwiaW1laSI6Ijg2MDg3NTA3NDMzOTcxOCIsInNlcmlhbE51bWJlciI6IlFKM0g0TUtHIiwiaWF0IjoxNzY5NTQ1Nzk4LCJleHAiOjE3NzczMjE3OTh9.8_OV8ydLe65f9glX1fnfwrlWYOQjvHHbXRXf7GROgz8"}
2026-01-27 17:30:00.267 23255-26495 okhttp.OkHttpClient     com.cdccreditsmart.app               I  <-- END HTTP (861-byte body)
2026-01-27 17:30:00.385 23255-23358 AuthOrchestrator        com.cdccreditsmart.app               D  âœ… ========== AUTO-DISCOVERY BEM-SUCEDIDO ==========
2026-01-27 17:30:00.385 23255-23358 AuthOrchestrator        com.cdccreditsmart.app               D  âœ… Dispositivo encontrado:
2026-01-27 17:30:00.385 23255-23358 AuthOrchestrator        com.cdccreditsmart.app               D     - Nome: REALME Note 60x
2026-01-27 17:30:00.385 23255-23358 AuthOrchestrator        com.cdccreditsmart.app               D     - DeviceId: device_17691372...
2026-01-27 17:30:00.385 23255-23358 AuthOrchestrator        com.cdccreditsmart.app               D     - SerialNumber: QJ3H4MKG
2026-01-27 17:30:00.385 23255-23358 AuthOrchestrator        com.cdccreditsmart.app               D     - IMEI: 8608***718
2026-01-27 17:30:00.385 23255-23358 AuthOrchestrator        com.cdccreditsmart.app               D     - Status: active
2026-01-27 17:30:00.385 23255-23358 AuthOrchestrator        com.cdccreditsmart.app               D     - Bloqueado: false
2026-01-27 17:30:00.385 23255-23358 AuthOrchestrator        com.cdccreditsmart.app               D  âœ… Cliente:
2026-01-27 17:30:00.385 23255-23358 AuthOrchestrator        com.cdccreditsmart.app               D     - Nome: Marcos Antunes
2026-01-27 17:30:00.385 23255-23358 AuthOrchestrator        com.cdccreditsmart.app               D     - CPF: 064***
2026-01-27 17:30:00.385 23255-23358 AuthOrchestrator        com.cdccreditsmart.app               D  âœ… ConexÃ£o:
2026-01-27 17:30:00.385 23255-23358 AuthOrchestrator        com.cdccreditsmart.app               D     - Usar IMEI: 860875074339718
2026-01-27 17:30:00.385 23255-23358 AuthOrchestrator        com.cdccreditsmart.app               D     - Usar SerialNumber: QJ3H4MKG
2026-01-27 17:30:00.385 23255-23358 AuthOrchestrator        com.cdccreditsmart.app               D     - Usar DeviceId: device_1769137280282_l7srjesg25
2026-01-27 17:30:00.385 23255-23358 ContractCodeStorage     com.cdccreditsmart.app               D  Saving contract code to redundant storage
2026-01-27 17:30:00.845 25624-26119 ActivityThread          com.cdccreditsmart.app               E  Failed to find provider info for com.google.android.gms.chimera
2026-01-27 17:30:00.874 25624-26119 DynamiteModule          com.cdccreditsmart.app               W  Failed to retrieve remote module version.
2026-01-27 17:30:01.350 25624-26119 nativeloader            com.cdccreditsmart.app               D  Configuring clns-5 for other apk /system/framework/org.apache.http.legacy.jar. target_sdk_version=34, uses_libraries=ALL, library_path=/product/priv-app/GmsCore/lib/arm64:/product/priv-app/GmsCore/GmsCore.apk!/lib/arm64-v8a, permitted_path=/data:/mnt/expand:/data/user/11/com.google.android.gms
2026-01-27 17:30:01.480 25624-26119 nativeloader            com.cdccreditsmart.app               D  Configuring clns-6 for other apk /system/framework/com.android.media.remotedisplay.jar. target_sdk_version=34, uses_libraries=ALL, library_path=/product/priv-app/GmsCore/lib/arm64:/product/priv-app/GmsCore/GmsCore.apk!/lib/arm64-v8a, permitted_path=/data:/mnt/expand:/data/user/11/com.google.android.gms
2026-01-27 17:30:01.492 25624-26119 creditsmart.app         com.cdccreditsmart.app               W  Loading /data/misc/apexdata/com.android.art/dalvik-cache/arm64/system@framework@com.android.location.provider.jar@classes.odex non-executable as it requires an image which we failed to load
2026-01-27 17:30:01.525 25624-26119 nativeloader            com.cdccreditsmart.app               D  Configuring clns-7 for other apk /system/framework/com.android.location.provider.jar. target_sdk_version=34, uses_libraries=ALL, library_path=/product/priv-app/GmsCore/lib/arm64:/product/priv-app/GmsCore/GmsCore.apk!/lib/arm64-v8a, permitted_path=/data:/mnt/expand:/data/user/11/com.google.android.gms
2026-01-27 17:30:01.675 25624-26119 nativeloader            com.cdccreditsmart.app               D  InitLlndkLibrariesProduct: libEGL.so:libGLESv1_CM.so:libGLESv2.so:libGLESv3.so:libRS.so:libandroid_net.so:libbinder_ndk.so:libc.so:libcgrouprc.so:libclang_rt.asan-aarch64-android.so:libclang_rt.asan-arm-android.so:libclang_rt.hwasan-aarch64-android.so:libcom.android.tethering.connectivity_native.so:libdl.so:libft2.so:liblog.so:libm.so:libmediandk.so:libnativewindow.so:libneuralnetworks.so:libselinux.so:libsync.so:libvndksupport.so:libvulkan.so
2026-01-27 17:30:01.675 25624-26119 nativeloader            com.cdccreditsmart.app               D  Configuring product-clns-8 for unbundled product apk /product/priv-app/GmsCore/GmsCore.apk. target_sdk_version=34, uses_libraries=, library_path=/product/priv-app/GmsCore/lib/arm64:/product/priv-app/GmsCore/GmsCore.apk!/lib/arm64-v8a:/product/lib64:/system/product/lib64, permitted_path=/data:/mnt/expand:/data/user/11/com.google.android.gms:/product/lib64:/system/product/lib64
2026-01-27 17:30:01.677 25624-26119 nativeloader            com.cdccreditsmart.app               D  InitVndkspLibrariesProduct: android.hardware.common-V2-ndk.so:android.hardware.common.fmq-V1-ndk.so:android.hardware.graphics.allocator-V2-ndk.so:android.hardware.graphics.common-V4-ndk.so:android.hardware.graphics.common@1.0.so:android.hardware.graphics.common@1.1.so:android.hardware.graphics.common@1.2.so:android.hardware.graphics.composer3-V1-ndk.so:android.hardware.graphics.mapper@2.0.so:android.hardware.graphics.mapper@2.1.so:android.hardware.graphics.mapper@3.0.so:android.hardware.graphics.mapper@4.0.so:android.hardware.renderscript@1.0.so:android.hidl.memory.token@1.0.so:android.hidl.memory@1.0-impl.so:android.hidl.memory@1.0.so:android.hidl.safe_union@1.0.so:libRSCpuRef.so:libRSDriver.so:libRS_internal.so:libbase.so:libbcinfo.so:libblas.so:libc++.so:libcompiler_rt.so:libcutils.so:libdmabufheap.so:libgralloctypes.so:libhardware.so:libhidlbase.so:libhidlmemory.so:libion.so:libjsoncpp.so:liblzma.so:libprocessgroup.so:libunwindstack.so:libutils.so:libutilscallstack.so:libz.so
2026-01-27 17:30:01.722 23255-23358 ContractCodeStorage     com.cdccreditsmart.app               D  Saved to EncryptedPrefs
2026-01-27 17:30:01.983 25624-26119 ActivityThread          com.cdccreditsmart.app               E  Failed to find provider info for com.google.android.gms.chimera
2026-01-27 17:30:01.984 25624-26119 DynamiteModule          com.cdccreditsmart.app               W  Failed to retrieve remote module version.
2026-01-27 17:30:01.984 25624-26119 DynamiteModule          com.cdccreditsmart.app               I  Considering local module com.google.android.gms.measurement.dynamite:127 and remote module com.google.android.gms.measurement.dynamite:0
2026-01-27 17:30:01.984 25624-26119 DynamiteModule          com.cdccreditsmart.app               I  Selected local version of com.google.android.gms.measurement.dynamite
2026-01-27 17:30:02.623 23255-23358 ContractCodeStorage     com.cdccreditsmart.app               D  Successfully saved to file: .cdc_protected_code.enc
2026-01-27 17:30:02.624 23255-23358 ContractCodeStorage     com.cdccreditsmart.app               D  Saved to Protected Storage
2026-01-27 17:30:02.837 23255-23358 ContractCodeStorage     com.cdccreditsmart.app               D  Successfully saved to file: .cdc_contract_b1.enc
2026-01-27 17:30:03.064 23255-23358 ContractCodeStorage     com.cdccreditsmart.app               D  Successfully saved to file: .sys_device_cfg.enc
2026-01-27 17:30:03.300 23255-23358 ContractCodeStorage     com.cdccreditsmart.app               D  Successfully saved to file: .android_secure.enc
2026-01-27 17:30:03.529 23255-23358 ContractCodeStorage     com.cdccreditsmart.app               D  Contract code saved to ALL storage locations
2026-01-27 17:30:04.481 23255-23358 ContractCodeStorage     com.cdccreditsmart.app               D  Verification complete: 7/7 locations valid
2026-01-27 17:30:04.510 23255-23358 ContractCodeStorage     com.cdccreditsmart.app               D  Saving contract code to redundant storage
2026-01-27 17:30:04.533 23255-23358 ContractCodeStorage     com.cdccreditsmart.app               D  Saved to EncryptedPrefs
2026-01-27 17:30:04.543 23255-23358 ContractCodeStorage     com.cdccreditsmart.app               D  Deleted existing file: .cdc_protected_code.enc
2026-01-27 17:30:04.624 23255-23358 ContractCodeStorage     com.cdccreditsmart.app               D  Successfully saved to file: .cdc_protected_code.enc
2026-01-27 17:30:04.624 23255-23358 ContractCodeStorage     com.cdccreditsmart.app               D  Saved to Protected Storage
2026-01-27 17:30:04.624 23255-23358 ContractCodeStorage     com.cdccreditsmart.app               D  Deleted existing file: .cdc_contract_b1.enc
2026-01-27 17:30:04.692 23255-23358 ContractCodeStorage     com.cdccreditsmart.app               D  Successfully saved to file: .cdc_contract_b1.enc
2026-01-27 17:30:04.693 23255-23358 ContractCodeStorage     com.cdccreditsmart.app               D  Deleted existing file: .sys_device_cfg.enc
2026-01-27 17:30:04.752 23255-23358 ContractCodeStorage     com.cdccreditsmart.app               D  Successfully saved to file: .sys_device_cfg.enc
2026-01-27 17:30:04.753 23255-23358 ContractCodeStorage     com.cdccreditsmart.app               D  Deleted existing file: .android_secure.enc
2026-01-27 17:30:04.810 23255-23358 ContractCodeStorage     com.cdccreditsmart.app               D  Successfully saved to file: .android_secure.enc
2026-01-27 17:30:04.854 23255-23358 ContractCodeStorage     com.cdccreditsmart.app               D  Contract code saved to ALL storage locations
2026-01-27 17:30:05.441 23255-23358 ContractCodeStorage     com.cdccreditsmart.app               D  Verification complete: 7/7 locations valid
2026-01-27 17:30:05.442 23255-23358 SecureTokenStorage      com.cdccreditsmart.app               D  Device info saved successfully from auto-discovery
2026-01-27 17:30:05.443 23255-23358 SecureTokenStorage      com.cdccreditsmart.app               D    - DeviceId: device_17691372...
2026-01-27 17:30:05.443 23255-23358 SecureTokenStorage      com.cdccreditsmart.app               D    - SerialNumber: QJ3H4MKG
2026-01-27 17:30:05.443 23255-23358 SecureTokenStorage      com.cdccreditsmart.app               D    - IMEI: 8608***
2026-01-27 17:30:05.443 23255-23358 SecureTokenStorage      com.cdccreditsmart.app               D    - ContractCode: QJ3H4MKG
2026-01-27 17:30:05.445 23255-23358 AuthOrchestrator        com.cdccreditsmart.app               D  ğŸ’¾ Dados salvos:
2026-01-27 17:30:05.445 23255-23358 AuthOrchestrator        com.cdccreditsmart.app               D     - ContractCode: QJ3H4MKG
2026-01-27 17:30:05.445 23255-23358 AuthOrchestrator        com.cdccreditsmart.app               D     - DeviceId: device_17691372...
2026-01-27 17:30:05.445 23255-23358 AuthOrchestrator        com.cdccreditsmart.app               D     - IMEI: 8608***718
2026-01-27 17:30:05.450 23255-23358 SecureTokenStorage      com.cdccreditsmart.app               D  Auth token saved successfully (contract code via ContractCodeStorage, deviceId: null...)
2026-01-27 17:30:05.450 23255-23358 AuthOrchestrator        com.cdccreditsmart.app               D  âœ… [6/7] Token JWT obtido do discovery e salvo!
2026-01-27 17:30:05.450 23255-23358 AuthOrchestrator        com.cdccreditsmart.app               D     - Token: eyJhbGciOiJIUzI1NiIs...
2026-01-27 17:30:05.475 23255-23358 AuthOrchestrator        com.cdccreditsmart.app               D  ğŸ‰ ========== AUTO-DISCOVERY CONCLUÃDO ==========
2026-01-27 17:30:05.480 23255-23356 AuthOrchestrator        com.cdccreditsmart.app               D  ğŸ”” Registrando FCM token apÃ³s auto-discovery...
2026-01-27 17:30:05.481 23255-23358 AuthOrchestrator        com.cdccreditsmart.app               D  âœ… Auto-conexÃ£o bem-sucedida - autenticaÃ§Ã£o OK!
2026-01-27 17:30:05.482 23255-23358 AuthOrchestrator        com.cdccreditsmart.app               I  ğŸ”§ Garantindo que CdcForegroundService estÃ¡ rodando...
2026-01-27 17:30:05.521 23255-23356 FcmTokenManager         com.cdccreditsmart.app               D  ========== REGISTERING FCM TOKEN WITH BACKEND ==========
2026-01-27 17:30:05.530 23255-23358 CdcForegroundService    com.cdccreditsmart.app               I  âœ… ServiÃ§o iniciado via startService()
2026-01-27 17:30:05.531 23255-23358 AuthOrchestrator        com.cdccreditsmart.app               I  âœ… CdcForegroundService iniciado apÃ³s autenticaÃ§Ã£o
2026-01-27 17:30:05.543 23255-23255 RouterViewModel         com.cdccreditsmart.app               D  âœ… Autenticado com sucesso
2026-01-27 17:30:05.601 23255-23356 FcmTokenManager         com.cdccreditsmart.app               D  Current FCM token retrieved: c123DNuRR-aP0eXB7TZO...
2026-01-27 17:30:05.882 23255-23255 TermsAcceptanceStorage  com.cdccreditsmart.app               D  hasAcceptedTermsForContract(QJ3H4MKG): false (saved: null)
2026-01-27 17:30:05.882 23255-23255 RouterViewModel         com.cdccreditsmart.app               D  ğŸ“„ Termos NÃƒO aceitos - Ir para TERMS_ACCEPTANCE
2026-01-27 17:30:05.977 23255-23255 CdcForegroundService    com.cdccreditsmart.app               D  ğŸš€ ServiÃ§o onStartCommand() - Action: com.cdccreditsmart.app.START_SERVICE
2026-01-27 17:30:06.005 23255-23255 CdcForegroundService    com.cdccreditsmart.app               I  âœ… Foreground Service ativo (Android 12+)
2026-01-27 17:30:06.008 23255-23358 CdcForegroundService    com.cdccreditsmart.app               I  ğŸ”§ ========================================
2026-01-27 17:30:06.009 23255-23358 CdcForegroundService    com.cdccreditsmart.app               I  ğŸ”§ INICIANDO initializeServices()...
2026-01-27 17:30:06.009 23255-23358 CdcForegroundService    com.cdccreditsmart.app               I  ğŸ”§ ========================================
2026-01-27 17:30:06.009 23255-23358 CdcForegroundService    com.cdccreditsmart.app               D  âœ… ServiÃ§os base jÃ¡ inicializados
2026-01-27 17:30:06.050 23255-23356 FcmTokenManager         com.cdccreditsmart.app               D  Sending FCM token to backend (payload: {"fcmToken": "c123DNuRR-aP0eXB7TZO..."})
2026-01-27 17:30:06.099 23255-23356 FcmTokenManager         com.cdccreditsmart.app               D  Sending POST https://cdccreditsmart.com/api/apk/device/fcm-token...
2026-01-27 17:30:06.123 23255-23356 TrafficStats            com.cdccreditsmart.app               D  tagSocket(156) with statsTag=0xffffffff, statsUid=-1
2026-01-27 17:30:06.429 23255-23358 NetworkConnectivity     com.cdccreditsmart.app               D  âœ… Conectado via WiFi com internet
2026-01-27 17:30:06.431 23255-23358 SupportRepository       com.cdccreditsmart.app               I  ğŸ“¡ Buscando termos do servidor (version=latest)...
2026-01-27 17:30:06.570 23255-23357 SecureTokenStorage      com.cdccreditsmart.app               D  âœ… Usando IMEI para MDM: 8608***718
2026-01-27 17:30:06.570 23255-23357 CdcForegroundService    com.cdccreditsmart.app               I  ğŸ” AuthToken presente: true
2026-01-27 17:30:06.570 23255-23357 CdcForegroundService    com.cdccreditsmart.app               I  ğŸ” AuthToken length: 273
2026-01-27 17:30:06.571 23255-23357 CdcForegroundService    com.cdccreditsmart.app               I  ğŸ” ContractCode presente: true
2026-01-27 17:30:06.571 23255-23357 CdcForegroundService    com.cdccreditsmart.app               I  ğŸ” ContractCode value: QJ3H****
2026-01-27 17:30:06.571 23255-23357 CdcForegroundService    com.cdccreditsmart.app               I  ğŸ” MDM SerialNumber presente: true
2026-01-27 17:30:06.571 23255-23357 CdcForegroundService    com.cdccreditsmart.app               I  ğŸ” MDM SerialNumber value: 86087507...
2026-01-27 17:30:06.571 23255-23357 CdcForegroundService    com.cdccreditsmart.app               I  ğŸ”§ ========================================
2026-01-27 17:30:06.571 23255-23357 CdcForegroundService    com.cdccreditsmart.app               I  ğŸ”§ INICIALIZANDO MDM COM SERIAL NUMBER: 86087507...
2026-01-27 17:30:06.571 23255-23357 CdcForegroundService    com.cdccreditsmart.app               I  ğŸ”§ ========================================
2026-01-27 17:30:06.571 23255-23357 CdcForegroundService    com.cdccreditsmart.app               I  ğŸ” Tokens encontrados - inicializando serviÃ§os MDM
2026-01-27 17:30:06.571 23255-23357 CdcForegroundService    com.cdccreditsmart.app               D  ğŸ“¡ Criando MdmCommandReceiver (usando serialNumber do SecureTokenStorage)...
2026-01-27 17:30:06.632 23255-23357 MdmCommandReceiver      com.cdccreditsmart.app               D  âœ… Foreground service reference set for WakeLock management
2026-01-27 17:30:06.632 23255-23357 CdcForegroundService    com.cdccreditsmart.app               D  ğŸ”‹ Foreground service reference passada para MdmCommandReceiver
2026-01-27 17:30:06.632 23255-23357 CdcForegroundService    com.cdccreditsmart.app               I  ğŸ’“ ========================================
2026-01-27 17:30:06.632 23255-23357 CdcForegroundService    com.cdccreditsmart.app               I  ğŸ’“ INICIANDO HEARTBEAT MANAGER (60s)
2026-01-27 17:30:06.632 23255-23357 CdcForegroundService    com.cdccreditsmart.app               I  ğŸ’“ ========================================
2026-01-27 17:30:06.638 23255-23357 HeartbeatManager        com.cdccreditsmart.app               I  ğŸ’“ ========================================
2026-01-27 17:30:06.638 23255-23357 HeartbeatManager        com.cdccreditsmart.app               I  ğŸ’“ INICIANDO HEARTBEAT MANAGER (60s)
2026-01-27 17:30:06.638 23255-23357 HeartbeatManager        com.cdccreditsmart.app               I  ğŸ’“ ========================================
2026-01-27 17:30:06.638 23255-23357 HeartbeatManager        com.cdccreditsmart.app               I  ğŸ’“ Intervalo: 60 segundos
2026-01-27 17:30:06.638 23255-23357 HeartbeatManager        com.cdccreditsmart.app               I  ğŸ’“ Endpoint: POST /api/apk/device/heartbeat
2026-01-27 17:30:06.640 23255-23357 CdcForegroundService    com.cdccreditsmart.app               I  ğŸ’“ HeartbeatManager iniciado ANTES do WebSocket
2026-01-27 17:30:06.640 23255-23357 CdcForegroundService    com.cdccreditsmart.app               I  ğŸ“¡ ========================================
2026-01-27 17:30:06.640 23255-23357 CdcForegroundService    com.cdccreditsmart.app               I  ğŸ“¡ CONECTANDO WebSocket MDM...
2026-01-27 17:30:06.640 23255-23357 CdcForegroundService    com.cdccreditsmart.app               I  ğŸ“¡ ========================================
2026-01-27 17:30:06.640 23255-23357 CdcForegroundService    com.cdccreditsmart.app               I  ğŸ“¡ AuthToken length: 273 caracteres
2026-01-27 17:30:06.641 23255-23357 CdcForegroundService    com.cdccreditsmart.app               I  ğŸ“¡ AuthToken preview: eyJhbGciOiJIUzI1NiIs...
2026-01-27 17:30:06.641 23255-23357 CdcForegroundService    com.cdccreditsmart.app               I  ğŸ“¡ Contract code: QJ3H4MKG
2026-01-27 17:30:06.641 23255-23357 CdcForegroundService    com.cdccreditsmart.app               I  ğŸ“¡ Chamando mdmReceiver.connectMdmWebSocket()...
2026-01-27 17:30:06.646 23255-23357 SecureTokenStorage      com.cdccreditsmart.app               D  âœ… Usando IMEI para MDM: 8608***718
2026-01-27 17:30:06.646 23255-23357 MdmCommandReceiver      com.cdccreditsmart.app               I  ğŸ”— ========================================
2026-01-27 17:30:06.646 23255-23357 MdmCommandReceiver      com.cdccreditsmart.app               I  ğŸ”— INICIANDO CONEXÃƒO WEBSOCKET MDM
2026-01-27 17:30:06.646 23255-23357 MdmCommandReceiver      com.cdccreditsmart.app               I  ğŸ”— ========================================
2026-01-27 17:30:06.646 23255-23357 MdmCommandReceiver      com.cdccreditsmart.app               I  ğŸ”— URL base: wss://cdccreditsmart.com/ws/mdm-policies
2026-01-27 17:30:06.646 23255-23357 MdmCommandReceiver      com.cdccreditsmart.app               I  ğŸ”— JWT Token presente: true
2026-01-27 17:30:06.646 23255-23357 MdmCommandReceiver      com.cdccreditsmart.app               I  ğŸ”— JWT Token length: 273
2026-01-27 17:30:06.646 23255-23357 MdmCommandReceiver      com.cdccreditsmart.app               I  ğŸ”— JWT Token preview: eyJhbGciOiJIUzI1NiIsInR5cCI6Ik...
2026-01-27 17:30:06.646 23255-23357 MdmCommandReceiver      com.cdccreditsmart.app               I  ğŸ”— Device identifier: 860875074339718
2026-01-27 17:30:06.647 23255-23357 MdmCommandReceiver      com.cdccreditsmart.app               D  ğŸ”— Criando WebSocket OkHttp...
2026-01-27 17:30:06.647 23255-23357 MdmCommandReceiver      com.cdccreditsmart.app               I  ğŸ”„ Iniciando polling IMEDIATAMENTE (nÃ£o esperar WebSocket)
2026-01-27 17:30:06.649 23255-23359 HeartbeatManager        com.cdccreditsmart.app               I  ğŸ’“ Enviando heartbeat IMEDIATO...
2026-01-27 17:30:06.672 23255-27580 MdmCommandReceiver      com.cdccreditsmart.app               I  ğŸ”„ ========================================
2026-01-27 17:30:06.674 23255-27580 MdmCommandReceiver      com.cdccreditsmart.app               I  ğŸ”„ INICIANDO POLLING FALLBACK MDM
2026-01-27 17:30:06.674 23255-27580 MdmCommandReceiver      com.cdccreditsmart.app               I  ğŸ”„ ========================================
2026-01-27 17:30:06.674 23255-27580 MdmCommandReceiver      com.cdccreditsmart.app               I  ğŸ”„ Intervalo: 30 segundos
2026-01-27 17:30:06.676 23255-27580 MdmCommandReceiver      com.cdccreditsmart.app               I  ğŸ”„ Endpoint: GET /api/apk/device/{identifier}/commands
2026-01-27 17:30:06.677 23255-27580 MdmCommandReceiver      com.cdccreditsmart.app               I  ğŸ”„ Executando verificaÃ§Ã£o IMEDIATA de comandos...
2026-01-27 17:30:06.723 23255-27580 SecureTokenStorage      com.cdccreditsmart.app               D  âœ… Usando IMEI para MDM: 8608***718
2026-01-27 17:30:06.723 23255-27580 MdmCommandReceiver      com.cdccreditsmart.app               I  ğŸ” ========================================
2026-01-27 17:30:06.723 23255-27580 MdmCommandReceiver      com.cdccreditsmart.app               I  ğŸ” BUSCANDO COMANDOS PENDENTES
2026-01-27 17:30:06.723 23255-27580 MdmCommandReceiver      com.cdccreditsmart.app               I  ğŸ” ========================================
2026-01-27 17:30:06.723 23255-27580 MdmCommandReceiver      com.cdccreditsmart.app               I  ğŸ” Identifier: 860875074339718
2026-01-27 17:30:06.724 23255-27580 MdmCommandReceiver      com.cdccreditsmart.app               I  ğŸ” Endpoint: GET /api/apk/device/860875074339718/commands
2026-01-27 17:30:06.737 23255-23359 HeartbeatManager        com.cdccreditsmart.app               D  ğŸ’“ Usando authToken (fallback)
2026-01-27 17:30:06.755 23255-27580 MdmCommandReceiver      com.cdccreditsmart.app               D  ğŸ” Executando requisiÃ§Ã£o HTTP (timeout: 15s)...
2026-01-27 17:30:06.760 23255-23357 MdmCommandReceiver      com.cdccreditsmart.app               D  ğŸ”— WebSocket request enviado - aguardando resposta...
2026-01-27 17:30:06.760 23255-23357 CdcForegroundService    com.cdccreditsmart.app               I  ğŸ“¡ ========================================
