2026-02-06 14:14:04.634  4728-4728  UninstallFlowActivity   com.cdccreditsmart.app               I     Device Owner: NÃO
2026-02-06 14:14:04.634  4728-4728  UninstallFlowActivity   com.cdccreditsmart.app               I     Device Admin: NÃO
2026-02-06 14:14:04.634  4728-4728  UninstallFlowActivity   com.cdccreditsmart.app               I  
2026-02-06 14:14:04.634  4728-4728  UninstallFlowActivity   com.cdccreditsmart.app               I  [PASSO 2/4] App sem privilégios especiais
2026-02-06 14:14:04.634  4728-4728  UninstallFlowActivity   com.cdccreditsmart.app               I  [PASSO 3/4] Nenhuma proteção a remover
2026-02-06 14:14:04.634  4728-4728  UninstallFlowActivity   com.cdccreditsmart.app               I  
2026-02-06 14:14:04.634  4728-4728  UninstallFlowActivity   com.cdccreditsmart.app               I  [PASSO 4/4] Iniciando desinstalação do sistema...
2026-02-06 14:14:04.634  4728-4728  UninstallFlowActivity   com.cdccreditsmart.app               I  
2026-02-06 14:14:04.656  4728-4728  Activity                com.cdccreditsmart.app               D  onResume setDolbyGameProfilePackage lastPkg =  currentPkg = com.cdccreditsmart.app
2026-02-06 14:14:04.659  4728-4728  VRI[Uninst...wActivity] com.cdccreditsmart.app               D  hardware acceleration = true, forceHwAccelerated = false
2026-02-06 14:14:04.664  4728-4728  InputEventReceiver      com.cdccreditsmart.app               D  Input log is disabled in InputEventReceiver.
2026-02-06 14:14:04.679  4728-4728  BufferQueueConsumer     com.cdccreditsmart.app               D  [](id:127800000008,api:0,p:-1,c:4728) connect: controlledByApp=false
2026-02-06 14:14:04.680  4728-4728  BLASTBufferQueue        com.cdccreditsmart.app               D  [VRI[UninstallFlowActivity]#8](f:0,a:0) constructor()
2026-02-06 14:14:04.680  4728-4728  BLASTBufferQueue        com.cdccreditsmart.app               D  [VRI[UninstallFlowActivity]#8](f:0,a:0) update width=1080 height=2400 format=-2 mTransformHint=0
2026-02-06 14:14:04.694  4728-4779  BLASTBufferQueue        com.cdccreditsmart.app               D  [VRI[UninstallFlowActivity]#8](f:0,a:1) acquireNextBufferLocked size=1080x2400 mFrameNumber=1 applyTransaction=true mTimestamp=4568609464195(auto) mPendingTransactions.size=0 graphicBufferId=20306605375520 transform=0
2026-02-06 14:14:04.787  4728-4728  UninstallFlowActivity   com.cdccreditsmart.app               I  
2026-02-06 14:14:04.787  4728-4728  UninstallFlowActivity   com.cdccreditsmart.app               I  ╔════════════════════════════════════════════════════════════╗
2026-02-06 14:14:04.787  4728-4728  UninstallFlowActivity   com.cdccreditsmart.app               I  ║     RETORNO DO DIÁLOGO DE DESINSTALAÇÃO                   ║
2026-02-06 14:14:04.787  4728-4728  UninstallFlowActivity   com.cdccreditsmart.app               I  ╚════════════════════════════════════════════════════════════╝
2026-02-06 14:14:04.787  4728-4728  UninstallFlowActivity   com.cdccreditsmart.app               I  
2026-02-06 14:14:04.787  4728-4728  UninstallFlowActivity   com.cdccreditsmart.app               W  RESULTADO: Usuário CANCELOU a desinstalação
2026-02-06 14:14:04.788  4728-4728  UninstallFlowActivity   com.cdccreditsmart.app               W  
2026-02-06 14:14:04.788  4728-4728  UninstallFlowActivity   com.cdccreditsmart.app               W  ATENÇÃO: Proteções foram removidas e NÃO podem ser reaplicadas!
2026-02-06 14:14:04.788  4728-4728  UninstallFlowActivity   com.cdccreditsmart.app               W     O app não é mais Device Owner/Admin
2026-02-06 14:14:04.788  4728-4728  UninstallFlowActivity   com.cdccreditsmart.app               W     Para restaurar proteções, reprovisionar via:
2026-02-06 14:14:04.788  4728-4728  UninstallFlowActivity   com.cdccreditsmart.app               W       1. Factory reset + QR Code de provisionamento
2026-02-06 14:14:04.788  4728-4728  UninstallFlowActivity   com.cdccreditsmart.app               W       2. ADB: dpm set-device-owner
2026-02-06 14:14:04.788  4728-4728  SettingsGuardService    com.cdccreditsmart.app               I  ▶️ Guard RETOMADO após desinstalação cancelada
2026-02-06 14:14:04.788  4728-4728  UninstallFlowActivity   com.cdccreditsmart.app               I  ▶️ SettingsGuard retomado
2026-02-06 14:14:04.788  4728-4728  UninstallFlowActivity   com.cdccreditsmart.app               I  ▶️ SettingsGuard retomado após cancelamento
2026-02-06 14:14:04.879  4728-4728  Activity                com.cdccreditsmart.app               D  onResume setDolbyGameProfilePackage lastPkg =  currentPkg = com.cdccreditsmart.app
2026-02-06 14:14:04.886  4728-4728  VRI[Uninst...wActivity] com.cdccreditsmart.app               D  visibilityChanged oldVisibility=true newVisibility=false
2026-02-06 14:14:04.920  4728-4728  BLASTBufferQueue        com.cdccreditsmart.app               D  [VRI[UninstallFlowActivity]#8](f:0,a:1) destructor()
2026-02-06 14:14:04.920  4728-4728  BufferQueueConsumer     com.cdccreditsmart.app               D  [VRI[UninstallFlowActivity]#8(BLAST Consumer)8](id:127800000008,api:0,p:-1,c:4728) disconnect
2026-02-06 14:14:04.924  4728-4728  WindowOnBackDispatcher  com.cdccreditsmart.app               W  sendCancelIfRunning: isInProgress=false callback=android.app.Activity$$ExternalSyntheticLambda0@25fb56c
2026-02-06 14:14:04.924  4728-4728  UninstallFlowActivity   com.cdccreditsmart.app               I  onDestroy: App ainda instalado após tentativa de desinstalação
2026-02-06 14:14:04.925  4728-4728  View                    com.cdccreditsmart.app               D  [Warning] assignParent to null: this = DecorView@2bea3a0[UninstallFlowActivity]
2026-02-06 14:14:06.006  4728-4728  VRI[MainActivity]       com.cdccreditsmart.app               D  hardware acceleration = true, forceHwAccelerated = false
2026-02-06 14:14:06.012  4728-4728  InputEventReceiver      com.cdccreditsmart.app               D  Input log is disabled in InputEventReceiver.
2026-02-06 14:14:06.077  4728-4728  BufferQueueConsumer     com.cdccreditsmart.app               D  [](id:127800000009,api:0,p:-1,c:4728) connect: controlledByApp=false
2026-02-06 14:14:06.078  4728-4728  BLASTBufferQueue        com.cdccreditsmart.app               D  [VRI[MainActivity]#9](f:0,a:0) constructor()
2026-02-06 14:14:06.078  4728-4728  BLASTBufferQueue        com.cdccreditsmart.app               D  [VRI[MainActivity]#9](f:0,a:0) update width=960 height=1302 format=-2 mTransformHint=0
2026-02-06 14:14:06.103  4728-4779  BLASTBufferQueue        com.cdccreditsmart.app               D  [VRI[MainActivity]#9](f:0,a:1) acquireNextBufferLocked size=960x1302 mFrameNumber=1 applyTransaction=true mTimestamp=4570018903502(auto) mPendingTransactions.size=0 graphicBufferId=20306605375527 transform=0
2026-02-06 14:14:06.726  4728-4728  WindowOnBackDispatcher  com.cdccreditsmart.app               W  sendCancelIfRunning: isInProgress=false callback=androidx.activity.OnBackPressedDispatcher$Api34Impl$createOnBackAnimationCallback$1@8071ce7
2026-02-06 14:14:06.735  4728-4779  HWUI                    com.cdccreditsmart.app               D  endAllActiveAnimators on 0xb4000073b5b8e000 (UnprojectedRipple) with handle 0xb400007265b4ffd0
2026-02-06 14:14:06.736  4728-4728  View                    com.cdccreditsmart.app               D  [Warning] assignParent to null: this = DecorView@59b467[MainActivity]
2026-02-06 14:14:06.747  4728-4741  BLASTBufferQueue        com.cdccreditsmart.app               D  [VRI[MainActivity]#9](f:0,a:1) destructor()
2026-02-06 14:14:06.747  4728-4741  BufferQueueConsumer     com.cdccreditsmart.app               D  [VRI[MainActivity]#9(BLAST Consumer)9](id:127800000009,api:0,p:-1,c:4728) disconnect
2026-02-06 14:14:06.750  4728-4728  VRI[MainActivity]       com.cdccreditsmart.app               D  hardware acceleration = true, forceHwAccelerated = false
2026-02-06 14:14:06.758  4728-4728  InputEventReceiver      com.cdccreditsmart.app               D  Input log is disabled in InputEventReceiver.
2026-02-06 14:14:06.815  4728-4728  BufferQueueConsumer     com.cdccreditsmart.app               D  [](id:12780000000a,api:0,p:-1,c:4728) connect: controlledByApp=false
2026-02-06 14:14:06.816  4728-4728  BLASTBufferQueue        com.cdccreditsmart.app               D  [VRI[MainActivity]#10](f:0,a:0) constructor()
2026-02-06 14:14:06.816  4728-4728  BLASTBufferQueue        com.cdccreditsmart.app               D  [VRI[MainActivity]#10](f:0,a:0) update width=960 height=913 format=-2 mTransformHint=0
2026-02-06 14:14:06.841  4728-4779  BLASTBufferQueue        com.cdccreditsmart.app               D  [VRI[MainActivity]#10](f:0,a:1) acquireNextBufferLocked size=960x913 mFrameNumber=1 applyTransaction=true mTimestamp=4570756728810(auto) mPendingTransactions.size=0 graphicBufferId=20306605375531 transform=0
2026-02-06 14:14:07.392  4728-4728  WindowOnBackDispatcher  com.cdccreditsmart.app               W  sendCancelIfRunning: isInProgress=false callback=androidx.activity.OnBackPressedDispatcher$Api34Impl$createOnBackAnimationCallback$1@b10dfac
2026-02-06 14:14:07.401  4728-4779  HWUI                    com.cdccreditsmart.app               D  endAllActiveAnimators on 0xb4000073b5b933b0 (UnprojectedRipple) with handle 0xb400007265b519b0
2026-02-06 14:14:07.401  4728-4728  View                    com.cdccreditsmart.app               D  [Warning] assignParent to null: this = DecorView@7c3a500[MainActivity]
2026-02-06 14:14:07.412  4728-4742  BLASTBufferQueue        com.cdccreditsmart.app               D  [VRI[MainActivity]#10](f:0,a:1) destructor()
2026-02-06 14:14:07.412  4728-4742  BufferQueueConsumer     com.cdccreditsmart.app               D  [VRI[MainActivity]#10(BLAST Consumer)10](id:12780000000a,api:0,p:-1,c:4728) disconnect
2026-02-06 14:14:07.439  4728-4728  UninstallFlowActivity   com.cdccreditsmart.app               I  
2026-02-06 14:14:07.439  4728-4728  UninstallFlowActivity   com.cdccreditsmart.app               I  ╔════════════════════════════════════════════════════════════╗
2026-02-06 14:14:07.439  4728-4728  UninstallFlowActivity   com.cdccreditsmart.app               I  ║     FLUXO DE DESINSTALAÇÃO SEGURA - CREDIT SMART          ║
2026-02-06 14:14:07.440  4728-4728  UninstallFlowActivity   com.cdccreditsmart.app               I  ╚════════════════════════════════════════════════════════════╝
2026-02-06 14:14:07.440  4728-4728  UninstallFlowActivity   com.cdccreditsmart.app               I  
2026-02-06 14:14:07.440  4728-4728  UninstallFlowActivity   com.cdccreditsmart.app               I  Tipo de desinstalação: not_activated
2026-02-06 14:14:07.440  4728-4728  SettingsGuardService    com.cdccreditsmart.app               I  🗑️ Guard PAUSADO para desinstalação voluntária
2026-02-06 14:14:07.440  4728-4728  SettingsGuardService    com.cdccreditsmart.app               I     Proteção desativada - usuário pode desinstalar
2026-02-06 14:14:07.440  4728-4728  SettingsGuardService    com.cdccreditsmart.app               I     Timeout: 120s para auto-recuperação
2026-02-06 14:14:07.440  4728-4728  UninstallFlowActivity   com.cdccreditsmart.app               I  ⏸️ SettingsGuard pausado para desinstalação
2026-02-06 14:14:07.443  4728-4728  UninstallFlowActivity   com.cdccreditsmart.app               I  
2026-02-06 14:14:07.443  4728-4728  UninstallFlowActivity   com.cdccreditsmart.app               I  [PASSO 1/4] Verificando privilégios...
2026-02-06 14:14:07.443  4728-4728  UninstallFlowActivity   com.cdccreditsmart.app               I     Device Owner: NÃO
2026-02-06 14:14:07.443  4728-4728  UninstallFlowActivity   com.cdccreditsmart.app               I     Device Admin: NÃO
2026-02-06 14:14:07.443  4728-4728  UninstallFlowActivity   com.cdccreditsmart.app               I  
2026-02-06 14:14:07.443  4728-4728  UninstallFlowActivity   com.cdccreditsmart.app               I  [PASSO 2/4] App sem privilégios especiais
2026-02-06 14:14:07.443  4728-4728  UninstallFlowActivity   com.cdccreditsmart.app               I  [PASSO 3/4] Nenhuma proteção a remover
2026-02-06 14:14:07.443  4728-4728  UninstallFlowActivity   com.cdccreditsmart.app               I  
2026-02-06 14:14:07.443  4728-4728  UninstallFlowActivity   com.cdccreditsmart.app               I  [PASSO 4/4] Iniciando desinstalação do sistema...
2026-02-06 14:14:07.443  4728-4728  UninstallFlowActivity   com.cdccreditsmart.app               I  
2026-02-06 14:14:07.473  4728-4728  Activity                com.cdccreditsmart.app               D  onResume setDolbyGameProfilePackage lastPkg =  currentPkg = com.cdccreditsmart.app
2026-02-06 14:14:07.477  4728-4728  VRI[Uninst...wActivity] com.cdccreditsmart.app               D  hardware acceleration = true, forceHwAccelerated = false
2026-02-06 14:14:07.483  4728-4728  InputEventReceiver      com.cdccreditsmart.app               D  Input log is disabled in InputEventReceiver.
2026-02-06 14:14:07.498  4728-4728  BufferQueueConsumer     com.cdccreditsmart.app               D  [](id:12780000000b,api:0,p:-1,c:4728) connect: controlledByApp=false
2026-02-06 14:14:07.498  4728-4728  BLASTBufferQueue        com.cdccreditsmart.app               D  [VRI[UninstallFlowActivity]#11](f:0,a:0) constructor()
2026-02-06 14:14:07.498  4728-4728  BLASTBufferQueue        com.cdccreditsmart.app               D  [VRI[UninstallFlowActivity]#11](f:0,a:0) update width=1080 height=2400 format=-2 mTransformHint=0
2026-02-06 14:14:07.506  4728-4779  BLASTBufferQueue        com.cdccreditsmart.app               D  [VRI[UninstallFlowActivity]#11](f:0,a:1) acquireNextBufferLocked size=1080x2400 mFrameNumber=1 applyTransaction=true mTimestamp=4571421886041(auto) mPendingTransactions.size=0 graphicBufferId=20306605375532 transform=0
2026-02-06 14:14:07.611  4728-4728  UninstallFlowActivity   com.cdccreditsmart.app               I  
2026-02-06 14:14:07.611  4728-4728  UninstallFlowActivity   com.cdccreditsmart.app               I  ╔════════════════════════════════════════════════════════════╗
2026-02-06 14:14:07.611  4728-4728  UninstallFlowActivity   com.cdccreditsmart.app               I  ║     RETORNO DO DIÁLOGO DE DESINSTALAÇÃO                   ║
2026-02-06 14:14:07.612  4728-4728  UninstallFlowActivity   com.cdccreditsmart.app               I  ╚════════════════════════════════════════════════════════════╝
2026-02-06 14:14:07.612  4728-4728  UninstallFlowActivity   com.cdccreditsmart.app               I  
2026-02-06 14:14:07.612  4728-4728  UninstallFlowActivity   com.cdccreditsmart.app               W  RESULTADO: Usuário CANCELOU a desinstalação
2026-02-06 14:14:07.614  4728-4728  UninstallFlowActivity   com.cdccreditsmart.app               W  
2026-02-06 14:14:07.614  4728-4728  UninstallFlowActivity   com.cdccreditsmart.app               W  ATENÇÃO: Proteções foram removidas e NÃO podem ser reaplicadas!
2026-02-06 14:14:07.614  4728-4728  UninstallFlowActivity   com.cdccreditsmart.app               W     O app não é mais Device Owner/Admin
2026-02-06 14:14:07.614  4728-4728  UninstallFlowActivity   com.cdccreditsmart.app               W     Para restaurar proteções, reprovisionar via:
2026-02-06 14:14:07.614  4728-4728  UninstallFlowActivity   com.cdccreditsmart.app               W       1. Factory reset + QR Code de provisionamento
2026-02-06 14:14:07.614  4728-4728  UninstallFlowActivity   com.cdccreditsmart.app               W       2. ADB: dpm set-device-owner
2026-02-06 14:14:07.614  4728-4728  SettingsGuardService    com.cdccreditsmart.app               I  ▶️ Guard RETOMADO após desinstalação cancelada
2026-02-06 14:14:07.614  4728-4728  UninstallFlowActivity   com.cdccreditsmart.app               I  ▶️ SettingsGuard retomado
2026-02-06 14:14:07.614  4728-4728  UninstallFlowActivity   com.cdccreditsmart.app               I  ▶️ SettingsGuard retomado após cancelamento
2026-02-06 14:14:07.716  4728-4728  Activity                com.cdccreditsmart.app               D  onResume setDolbyGameProfilePackage lastPkg =  currentPkg = com.cdccreditsmart.app
2026-02-06 14:14:07.723  4728-4728  VRI[Uninst...wActivity] com.cdccreditsmart.app               D  visibilityChanged oldVisibility=true newVisibility=false
2026-02-06 14:14:07.750  4728-4728  BLASTBufferQueue        com.cdccreditsmart.app               D  [VRI[UninstallFlowActivity]#11](f:0,a:1) destructor()
2026-02-06 14:14:07.750  4728-4728  BufferQueueConsumer     com.cdccreditsmart.app               D  [VRI[UninstallFlowActivity]#11(BLAST Consumer)11](id:12780000000b,api:0,p:-1,c:4728) disconnect
2026-02-06 14:14:07.754  4728-4728  WindowOnBackDispatcher  com.cdccreditsmart.app               W  sendCancelIfRunning: isInProgress=false callback=android.app.Activity$$ExternalSyntheticLambda0@15ebbf4
2026-02-06 14:14:07.754  4728-4728  UninstallFlowActivity   com.cdccreditsmart.app               I  onDestroy: App ainda instalado após tentativa de desinstalação
2026-02-06 14:14:07.755  4728-4728  View                    com.cdccreditsmart.app               D  [Warning] assignParent to null: this = DecorView@77475a8[UninstallFlowActivity]
