2026-02-04 22:58:18.971 17788-17981 SecureTokenStorage      com.cdccreditsmart.app               D  âœ… Usando IMEI para MDM: 3531***198
2026-02-04 22:58:18.971 17788-17981 MdmCommandReceiver      com.cdccreditsmart.app               I  ðŸ” ========================================
2026-02-04 22:58:18.971 17788-17981 MdmCommandReceiver      com.cdccreditsmart.app               I  ðŸ” BUSCANDO COMANDOS PENDENTES
2026-02-04 22:58:18.971 17788-17981 MdmCommandReceiver      com.cdccreditsmart.app               I  ðŸ” ========================================
2026-02-04 22:58:18.971 17788-17981 MdmCommandReceiver      com.cdccreditsmart.app               I  ðŸ” Identifier: 353104906953198
2026-02-04 22:58:18.971 17788-17981 MdmCommandReceiver      com.cdccreditsmart.app               I  ðŸ” Endpoint: GET /api/apk/device/353104906953198/commands
2026-02-04 22:58:18.976 17788-17981 MdmCommandReceiver      com.cdccreditsmart.app               D  ðŸ” Executando requisiÃ§Ã£o HTTP (timeout: 15s)...
2026-02-04 22:58:18.989 17788-18387 okhttp.OkHttpClient     com.cdccreditsmart.app               I  --> GET https://cdccreditsmart.com/api/apk/device/353104906953198/commands
2026-02-04 22:58:18.990 17788-18387 okhttp.OkHttpClient     com.cdccreditsmart.app               I  --> END GET
2026-02-04 22:58:19.018 17788-17788 WebSocketManager        com.cdccreditsmart.app               D  Heartbeat ping sent
2026-02-04 22:58:19.182 17788-18427 WebSocketManager        com.cdccreditsmart.app               D  Message received: {"type":"pong","timestamp":"2026-02-05T01:58:19.082Z"}...
2026-02-04 22:58:19.182 17788-18427 WebSocketManager        com.cdccreditsmart.app               D  Received message type: pong
2026-02-04 22:58:19.182 17788-18427 WebSocketManager        com.cdccreditsmart.app               D  Pong received
2026-02-04 22:58:19.222 17788-18427 WebSocketManager        com.cdccreditsmart.app               D  Message received: {"type":"pong","timestamp":"2026-02-05T01:58:19.123Z"}...
2026-02-04 22:58:19.222 17788-18427 WebSocketManager        com.cdccreditsmart.app               D  Received message type: pong
2026-02-04 22:58:19.222 17788-18427 WebSocketManager        com.cdccreditsmart.app               D  Pong received
2026-02-04 22:58:19.714 17788-18387 okhttp.OkHttpClient     com.cdccreditsmart.app               I  <-- 200 https://cdccreditsmart.com/api/apk/device/353104906953198/commands (723ms)
2026-02-04 22:58:19.714 17788-18387 okhttp.OkHttpClient     com.cdccreditsmart.app               I  access-control-allow-credentials: true
2026-02-04 22:58:19.714 17788-18387 okhttp.OkHttpClient     com.cdccreditsmart.app               I  access-control-allow-headers: Origin, X-Requested-With, Content-Type, Accept, Authorization, x-client-key, x-client-token, x-client-secret, cache-control
2026-02-04 22:58:19.714 17788-18387 okhttp.OkHttpClient     com.cdccreditsmart.app               I  access-control-allow-methods: GET, POST, PUT, PATCH, DELETE, OPTIONS
2026-02-04 22:58:19.714 17788-18387 okhttp.OkHttpClient     com.cdccreditsmart.app               I  access-control-allow-origin: *
2026-02-04 22:58:19.715 17788-18387 okhttp.OkHttpClient     com.cdccreditsmart.app               I  access-control-max-age: 86400
2026-02-04 22:58:19.715 17788-18387 okhttp.OkHttpClient     com.cdccreditsmart.app               I  content-length: 105
2026-02-04 22:58:19.715 17788-18387 okhttp.OkHttpClient     com.cdccreditsmart.app               I  content-security-policy: default-src 'self'; script-src 'self' 'unsafe-inline' 'unsafe-eval' https://replit.com; style-src 'self' 'unsafe-inline' https://replit.com; img-src 'self' data: https:; font-src 'self' data: https://replit.com; connect-src 'self';
2026-02-04 22:58:19.715 17788-18387 okhttp.OkHttpClient     com.cdccreditsmart.app               I  content-type: application/json; charset=utf-8
2026-02-04 22:58:19.716 17788-18387 okhttp.OkHttpClient     com.cdccreditsmart.app               I  date: Thu, 05 Feb 2026 01:58:19 GMT
2026-02-04 22:58:19.716 17788-18387 okhttp.OkHttpClient     com.cdccreditsmart.app               I  etag: W/"69-er+pLoqllaCDTC2mxwnV4h+rjcU"
2026-02-04 22:58:19.716 17788-18387 okhttp.OkHttpClient     com.cdccreditsmart.app               I  permissions-policy: geolocation=(), microphone=(), camera=()
2026-02-04 22:58:19.716 17788-18387 okhttp.OkHttpClient     com.cdccreditsmart.app               I  referrer-policy: strict-origin-when-cross-origin
2026-02-04 22:58:19.716 17788-18387 okhttp.OkHttpClient     com.cdccreditsmart.app               I  strict-transport-security: max-age=63072000; includeSubDomains
2026-02-04 22:58:19.716 17788-18387 okhttp.OkHttpClient     com.cdccreditsmart.app               I  strict-transport-security: max-age=31536000; includeSubDomains
2026-02-04 22:58:19.716 17788-18387 okhttp.OkHttpClient     com.cdccreditsmart.app               I  x-anti-fraud-protection: active
2026-02-04 22:58:19.717 17788-18387 okhttp.OkHttpClient     com.cdccreditsmart.app               I  x-certificate-pinning-enabled: false
2026-02-04 22:58:19.717 17788-18387 okhttp.OkHttpClient     com.cdccreditsmart.app               I  x-certificate-pinning-status: disabled-for-stability
2026-02-04 22:58:19.717 17788-18387 okhttp.OkHttpClient     com.cdccreditsmart.app               I  x-content-type-options: nosniff
2026-02-04 22:58:19.717 17788-18387 okhttp.OkHttpClient     com.cdccreditsmart.app               I  x-financial-data-protection: enabled
2026-02-04 22:58:19.717 17788-18387 okhttp.OkHttpClient     com.cdccreditsmart.app               I  x-frame-options: DENY
2026-02-04 22:58:19.717 17788-18387 okhttp.OkHttpClient     com.cdccreditsmart.app               I  x-transaction-security-level: maximum
2026-02-04 22:58:19.718 17788-18387 okhttp.OkHttpClient     com.cdccreditsmart.app               I  x-xss-protection: 1; mode=block
2026-02-04 22:58:19.718 17788-18387 okhttp.OkHttpClient     com.cdccreditsmart.app               I  via: 1.1 google
2026-02-04 22:58:19.718 17788-18387 okhttp.OkHttpClient     com.cdccreditsmart.app               I  alt-svc: h3=":443"; ma=2592000,h3-29=":443"; ma=2592000
2026-02-04 22:58:19.720 17788-18387 okhttp.OkHttpClient     com.cdccreditsmart.app               I  {"deviceId":"device_1770256537295_6tq8yq57jwb","serialNumber":"PSM9JT96","commandsCount":0,"commands":[]}
2026-02-04 22:58:19.720 17788-18387 okhttp.OkHttpClient     com.cdccreditsmart.app               I  <-- END HTTP (105-byte body)
2026-02-04 22:58:19.724 17788-17981 MdmCommandReceiver      com.cdccreditsmart.app               I  ðŸ” HTTP Response code: 200
2026-02-04 22:58:19.724 17788-17981 MdmCommandReceiver      com.cdccreditsmart.app               I  ðŸ” HTTP isSuccessful: true
2026-02-04 22:58:19.724 17788-17981 MdmCommandReceiver      com.cdccreditsmart.app               I  ðŸ” Response body deviceId: device_1770256537295_6tq8yq57jwb
2026-02-04 22:58:19.724 17788-17981 MdmCommandReceiver      com.cdccreditsmart.app               I  ðŸ” Response body serialNumber: PSM9JT96
2026-02-04 22:58:19.724 17788-17981 MdmCommandReceiver      com.cdccreditsmart.app               I  ðŸ” Total de comandos: 0
2026-02-04 22:58:19.724 17788-17981 MdmCommandReceiver      com.cdccreditsmart.app               D  âœ… Nenhum comando pendente no servidor
2026-02-04 22:58:19.724 17788-17981 MdmCommandReceiver      com.cdccreditsmart.app               D  ðŸ“Š Fetch duration: 752ms
2026-02-04 22:58:19.936 17788-17981 HeartbeatManager        com.cdccreditsmart.app               D  ðŸ’“ Usando authToken (fallback)
2026-02-04 22:58:19.944 17788-17981 HeartbeatManager        com.cdccreditsmart.app               D  Heartbeat payload:
2026-02-04 22:58:19.944 17788-17981 HeartbeatManager        com.cdccreditsmart.app               D     deviceToken: eyJhbGciOiJIUzI1NiIs...
2026-02-04 22:58:19.944 17788-17981 HeartbeatManager        com.cdccreditsmart.app               D     policyLevel: 0
2026-02-04 22:58:19.944 17788-17981 HeartbeatManager        com.cdccreditsmart.app               D     batteryLevel: 100
2026-02-04 22:58:19.944 17788-17981 HeartbeatManager        com.cdccreditsmart.app               D     isCharging: true
2026-02-04 22:58:19.944 17788-17981 HeartbeatManager        com.cdccreditsmart.app               D     currentSimImei: 353104...
2026-02-04 22:58:19.960 17788-18387 okhttp.OkHttpClient     com.cdccreditsmart.app               I  --> POST https://cdccreditsmart.com/api/apk/device/heartbeat
2026-02-04 22:58:19.961 17788-18387 okhttp.OkHttpClient     com.cdccreditsmart.app               I  Content-Type: application/json; charset=UTF-8
2026-02-04 22:58:19.961 17788-18387 okhttp.OkHttpClient     com.cdccreditsmart.app               I  Content-Length: 519
2026-02-04 22:58:19.961 17788-18387 okhttp.OkHttpClient     com.cdccreditsmart.app               I  Authorization: Bearer eyJhbGciOiJIUzI1NiIsInR5cCI6IkpXVCJ9.eyJkZXZpY2VJZCI6IjM1MzEwNDkwNjk1MzE5OCIsInNlcmlhbE51bWJlciI6IlpGNTI1R1JDUDgiLCJmaW5nZXJwcmludCI6IjE4YmQ2YWRiMmM2N2RhYzc1NjQ0YWU0ODkzOTc5NTAxOGI5ODVhMmVhMzA3ZDNiNDc2ODBjMGY0YzEzNWIzMTAiLCJ0eXBlIjoiYXBrIiwic2NvcGVzIjpbImRldmljZTpyZWFkIiwiZGV2aWNlOnN5bmMiXSwiaWF0IjoxNzcwMjU2NTc2LCJleHAiOjE4MDE3OTI1NzZ9.z1OCejERI8w-c5cOLPXStdo3QQxizsEp0aF3U_CrYoc
2026-02-04 22:58:19.962 17788-18387 okhttp.OkHttpClient     com.cdccreditsmart.app               I  {"deviceToken":"eyJhbGciOiJIUzI1NiIsInR5cCI6IkpXVCJ9.eyJkZXZpY2VJZCI6IjM1MzEwNDkwNjk1MzE5OCIsInNlcmlhbE51bWJlciI6IlpGNTI1R1JDUDgiLCJmaW5nZXJwcmludCI6IjE4YmQ2YWRiMmM2N2RhYzc1NjQ0YWU0ODkzOTc5NTAxOGI5ODVhMmVhMzA3ZDNiNDc2ODBjMGY0YzEzNWIzMTAiLCJ0eXBlIjoiYXBrIiwic2NvcGVzIjpbImRldmljZTpyZWFkIiwiZGV2aWNlOnN5bmMiXSwiaWF0IjoxNzcwMjU2NTc2LCJleHAiOjE4MDE3OTI1NzZ9.z1OCejERI8w-c5cOLPXStdo3QQxizsEp0aF3U_CrYoc","currentBlockLevel":0,"batteryLevel":100,"isCharging":true,"currentSimImei":"353104906953198","timestamp":1770256699944}
2026-02-04 22:58:19.962 17788-18387 okhttp.OkHttpClient     com.cdccreditsmart.app               I  --> END POST (519-byte body)
2026-02-04 22:58:20.639 17788-18387 okhttp.OkHttpClient     com.cdccreditsmart.app               I  <-- 200 https://cdccreditsmart.com/api/apk/device/heartbeat (676ms)
2026-02-04 22:58:20.640 17788-18387 okhttp.OkHttpClient     com.cdccreditsmart.app               I  access-control-allow-credentials: true
2026-02-04 22:58:20.640 17788-18387 okhttp.OkHttpClient     com.cdccreditsmart.app               I  access-control-allow-headers: Origin, X-Requested-With, Content-Type, Accept, Authorization, x-client-key, x-client-token, x-client-secret, cache-control
2026-02-04 22:58:20.640 17788-18387 okhttp.OkHttpClient     com.cdccreditsmart.app               I  access-control-allow-methods: GET, POST, PUT, PATCH, DELETE, OPTIONS
2026-02-04 22:58:20.640 17788-18387 okhttp.OkHttpClient     com.cdccreditsmart.app               I  access-control-allow-origin: *
2026-02-04 22:58:20.641 17788-18387 okhttp.OkHttpClient     com.cdccreditsmart.app               I  access-control-max-age: 86400
2026-02-04 22:58:20.641 17788-18387 okhttp.OkHttpClient     com.cdccreditsmart.app               I  content-length: 328
2026-02-04 22:58:20.641 17788-18387 okhttp.OkHttpClient     com.cdccreditsmart.app               I  content-security-policy: default-src 'self'; script-src 'self' 'unsafe-inline' 'unsafe-eval' https://replit.com; style-src 'self' 'unsafe-inline' https://replit.com; img-src 'self' data: https:; font-src 'self' data: https://replit.com; connect-src 'self';
2026-02-04 22:58:20.641 17788-18387 okhttp.OkHttpClient     com.cdccreditsmart.app               I  content-type: application/json; charset=utf-8
2026-02-04 22:58:20.641 17788-18387 okhttp.OkHttpClient     com.cdccreditsmart.app               I  date: Thu, 05 Feb 2026 01:58:20 GMT
2026-02-04 22:58:20.642 17788-18387 okhttp.OkHttpClient     com.cdccreditsmart.app               I  etag: W/"148-W5J1oUTiXm4EEqWTCSllQ09Pt1c"
2026-02-04 22:58:20.642 17788-18387 okhttp.OkHttpClient     com.cdccreditsmart.app               I  permissions-policy: geolocation=(), microphone=(), camera=()
2026-02-04 22:58:20.642 17788-18387 okhttp.OkHttpClient     com.cdccreditsmart.app               I  referrer-policy: strict-origin-when-cross-origin
2026-02-04 22:58:20.642 17788-18387 okhttp.OkHttpClient     com.cdccreditsmart.app               I  strict-transport-security: max-age=63072000; includeSubDomains
2026-02-04 22:58:20.643 17788-18387 okhttp.OkHttpClient     com.cdccreditsmart.app               I  strict-transport-security: max-age=31536000; includeSubDomains
2026-02-04 22:58:20.643 17788-18387 okhttp.OkHttpClient     com.cdccreditsmart.app               I  x-anti-fraud-protection: active
2026-02-04 22:58:20.643 17788-18387 okhttp.OkHttpClient     com.cdccreditsmart.app               I  x-certificate-pinning-enabled: false
2026-02-04 22:58:20.643 17788-18387 okhttp.OkHttpClient     com.cdccreditsmart.app               I  x-certificate-pinning-status: disabled-for-stability
2026-02-04 22:58:20.643 17788-18387 okhttp.OkHttpClient     com.cdccreditsmart.app               I  x-content-type-options: nosniff
2026-02-04 22:58:20.644 17788-18387 okhttp.OkHttpClient     com.cdccreditsmart.app               I  x-financial-data-protection: enabled
2026-02-04 22:58:20.644 17788-18387 okhttp.OkHttpClient     com.cdccreditsmart.app               I  x-frame-options: DENY
2026-02-04 22:58:20.644 17788-18387 okhttp.OkHttpClient     com.cdccreditsmart.app               I  x-transaction-security-level: maximum
2026-02-04 22:58:20.644 17788-18387 okhttp.OkHttpClient     com.cdccreditsmart.app               I  x-xss-protection: 1; mode=block
2026-02-04 22:58:20.644 17788-18387 okhttp.OkHttpClient     com.cdccreditsmart.app               I  via: 1.1 google
2026-02-04 22:58:20.645 17788-18387 okhttp.OkHttpClient     com.cdccreditsmart.app               I  alt-svc: h3=":443"; ma=2592000,h3-29=":443"; ma=2592000
2026-02-04 22:58:20.647 17788-18387 okhttp.OkHttpClient     com.cdccreditsmart.app               I  {"success":true,"requiresBackendRevalidation":false,"phoneNumbersProcessed":false,"complianceStatus":"OK","expectedBlockLevel":0,"message":"Device compliant","complianceConfig":{"maxComplianceCorrections":3,"correctionWindowMinutes":30,"autoBlockOnLimitReached":true,"enableDetailedTelemetry":true,"telemetryIntervalMinutes":5}}
2026-02-04 22:58:20.648 17788-18387 okhttp.OkHttpClient     com.cdccreditsmart.app               I  <-- END HTTP (328-byte body)
2026-02-04 22:58:20.655 17788-17981 HeartbeatManager        com.cdccreditsmart.app               I  âœ… Heartbeat aceito pelo backend (HTTP 200)
2026-02-04 22:58:20.656 17788-17981 HeartbeatManager        com.cdccreditsmart.app               D  ðŸ“Š Resposta do heartbeat:
2026-02-04 22:58:20.656 17788-17981 HeartbeatManager        com.cdccreditsmart.app               D     success: true
2026-02-04 22:58:20.656 17788-17981 HeartbeatManager        com.cdccreditsmart.app               D     complianceStatus: OK
2026-02-04 22:58:20.656 17788-17981 HeartbeatManager        com.cdccreditsmart.app               D     expectedBlockLevel: 0
2026-02-04 22:58:20.656 17788-17981 HeartbeatManager        com.cdccreditsmart.app               D     requiresBackendRevalidation: false
2026-02-04 22:58:20.656 17788-17981 HeartbeatManager        com.cdccreditsmart.app               I  âœ… Dispositivo CONFORME - NÃ­vel 0
2026-02-04 22:58:20.656 17788-17981 HeartbeatManager        com.cdccreditsmart.app               I  ðŸ’¾ Backend confirmou desbloqueio - timestamp salvo
2026-02-04 22:58:21.391 17788-17981 MdmCommandReceiver      com.cdccreditsmart.app               D  ðŸ’“ WebSocket desconectado, parando ping
2026-02-04 22:58:21.391 17788-17981 MdmCommandReceiver      com.cdccreditsmart.app               D  ðŸ’“ Ping job encerrado
2026-02-04 22:58:43.212 17788-17788 VRI[MainActivity]       com.cdccreditsmart.app               D  visibilityChanged oldVisibility=true newVisibility=false
2026-02-04 22:58:43.283 17788-17788 BLASTBufferQueue        com.cdccreditsmart.app               D  [VRI[MainActivity]#5](f:0,a:1) destructor()
2026-02-04 22:58:43.283 17788-17788 BufferQueueConsumer     com.cdccreditsmart.app               D  [VRI[MainActivity]#5(BLAST Consumer)5](id:457c00000005,api:0,p:-1,c:17788) disconnect
2026-02-04 22:58:43.306 17788-17788 WindowOnBackDispatcher  com.cdccreditsmart.app               W  sendCancelIfRunning: isInProgress=false callback=androidx.activity.OnBackPressedDispatcher$Api34Impl$createOnBackAnimationCallback$1@af4af06
2026-02-04 22:58:44.722 17788-17788 MainActivity            com.cdccreditsmart.app               D  ========== NEW INTENT RECEIVED ==========
2026-02-04 22:58:44.723 17788-17788 Activity                com.cdccreditsmart.app               D  onResume setDolbyGameProfilePackage lastPkg =  currentPkg = com.cdccreditsmart.app
2026-02-04 22:58:44.735 17788-17788 BufferQueueConsumer     com.cdccreditsmart.app               D  [](id:457c00000007,api:0,p:-1,c:17788) connect: controlledByApp=false
2026-02-04 22:58:44.736 17788-17788 BLASTBufferQueue        com.cdccreditsmart.app               D  [VRI[MainActivity]#7](f:0,a:0) constructor()
2026-02-04 22:58:44.736 17788-17788 BLASTBufferQueue        com.cdccreditsmart.app               D  [VRI[MainActivity]#7](f:0,a:0) update width=1080 height=2400 format=-3 mTransformHint=0
2026-02-04 22:58:44.767 17788-17925 BLASTBufferQueue        com.cdccreditsmart.app               D  [VRI[MainActivity]#7](f:0,a:1) acquireNextBufferLocked size=1080x2400 mFrameNumber=1 applyTransaction=true mTimestamp=67407467161324(auto) mPendingTransactions.size=0 graphicBufferId=76398878261279 transform=0
2026-02-04 22:58:44.866 17788-17981 SettingsGuardService    com.cdccreditsmart.app               D  ðŸ“‹ Activity check - Full: com.cdccreditsmart.app.presentation.MainActivity, Simple: MainActivity
2026-02-04 22:58:45.946 17788-17788 ScrollIdentify          com.cdccreditsmart.app               I  on fling
2026-02-04 22:58:47.597 17788-17788 WindowOnBackDispatcher  com.cdccreditsmart.app               W  sendCancelIfRunning: isInProgress=false callback=androidx.activity.OnBackPressedDispatcher$Api34Impl$createOnBackAnimationCallback$1@af4af06
2026-02-04 22:58:47.625 17788-17925 BLASTBufferQueue        com.cdccreditsmart.app               D  [VRI[MainActivity]#7](f:0,a:1) destructor()
2026-02-04 22:58:47.625 17788-17925 BufferQueueConsumer     com.cdccreditsmart.app               D  [VRI[MainActivity]#7(BLAST Consumer)7](id:457c00000007,api:0,p:-1,c:17788) disconnect
2026-02-04 22:58:47.786 17788-17788 MainActivity            com.cdccreditsmart.app               D  ðŸ“ BroadcastReceiver de localizaÃ§Ã£o desregistrado
2026-02-04 22:58:47.787 17788-17788 WindowOnBackDispatcher  com.cdccreditsmart.app               W  sendCancelIfRunning: isInProgress=false callback=android.app.Activity$$ExternalSyntheticLambda0@7775a28
2026-02-04 22:58:47.805 17788-17788 View                    com.cdccreditsmart.app               D  [Warning] assignParent to null: this = DecorView@2b7ee2b[MainActivity]
2026-02-04 22:58:47.817 17788-17788 CdcForegroundService    com.cdccreditsmart.app               W  âš ï¸ Task removida - mantendo serviÃ§o ativo
2026-02-04 22:58:48.258 17788-17788 WebSocketManager        com.cdccreditsmart.app               D  Heartbeat ping sent
2026-02-04 22:58:48.433 17788-17788 WebSocketManager        com.cdccreditsmart.app               D  Heartbeat ping sent
2026-02-04 22:58:48.478 17788-18413 WebSocketManager        com.cdccreditsmart.app               D  Message received: {"type":"pong","timestamp":"2026-02-05T01:58:48.364Z"}...
2026-02-04 22:58:48.479 17788-18413 WebSocketManager        com.cdccreditsmart.app               D  Received message type: pong
2026-02-04 22:58:48.479 17788-18413 WebSocketManager        com.cdccreditsmart.app               D  Pong received
2026-02-04 22:58:48.629 17788-18413 WebSocketManager        com.cdccreditsmart.app               D  Message received: {"type":"pong","timestamp":"2026-02-05T01:58:48.532Z"}...
2026-02-04 22:58:48.629 17788-18413 WebSocketManager        com.cdccreditsmart.app               D  Received message type: pong
2026-02-04 22:58:48.629 17788-18413 WebSocketManager        com.cdccreditsmart.app               D  Pong received
2026-02-04 22:58:48.831 17788-17788 WebSocketManager        com.cdccreditsmart.app               D  Heartbeat ping sent
2026-02-04 22:58:48.967 17788-17981 MdmCommandReceiver      com.cdccreditsmart.app               I  ðŸ” [Polling #6] Verificando comandos pendentes...
2026-02-04 22:58:48.971 17788-17981 SecureTokenStorage      com.cdccreditsmart.app               D  âœ… Usando IMEI para MDM: 3531***198
2026-02-04 22:58:48.971 17788-17981 MdmCommandReceiver      com.cdccreditsmart.app               I  ðŸ” ========================================
2026-02-04 22:58:48.971 17788-17981 MdmCommandReceiver      com.cdccreditsmart.app               I  ðŸ” BUSCANDO COMANDOS PENDENTES
2026-02-04 22:58:48.971 17788-17981 MdmCommandReceiver      com.cdccreditsmart.app               I  ðŸ” ========================================
2026-02-04 22:58:48.971 17788-17981 MdmCommandReceiver      com.cdccreditsmart.app               I  ðŸ” Identifier: 353104906953198
2026-02-04 22:58:48.971 17788-17981 MdmCommandReceiver      com.cdccreditsmart.app               I  ðŸ” Endpoint: GET /api/apk/device/353104906953198/commands
2026-02-04 22:58:48.973 17788-17981 MdmCommandReceiver      com.cdccreditsmart.app               D  ðŸ” Executando requisiÃ§Ã£o HTTP (timeout: 15s)...
2026-02-04 22:58:48.978 17788-18387 okhttp.OkHttpClient     com.cdccreditsmart.app               I  --> GET https://cdccreditsmart.com/api/apk/device/353104906953198/commands
2026-02-04 22:58:48.978 17788-18387 okhttp.OkHttpClient     com.cdccreditsmart.app               I  --> END GET
2026-02-04 22:58:49.020 17788-17788 WebSocketManager        com.cdccreditsmart.app               D  Heartbeat ping sent
2026-02-04 22:58:49.026 17788-18427 WebSocketManager        com.cdccreditsmart.app               D  Message received: {"type":"pong","timestamp":"2026-02-05T01:58:48.928Z"}...
2026-02-04 22:58:49.026 17788-18427 WebSocketManager        com.cdccreditsmart.app               D  Received message type: pong
2026-02-04 22:58:49.026 17788-18427 WebSocketManager        com.cdccreditsmart.app               D  Pong received
2026-02-04 22:58:49.214 17788-18427 WebSocketManager        com.cdccreditsmart.app               D  Message received: {"type":"pong","timestamp":"2026-02-05T01:58:49.117Z"}...
2026-02-04 22:58:49.215 17788-18427 WebSocketManager        com.cdccreditsmart.app               D  Received message type: pong
2026-02-04 22:58:49.215 17788-18427 WebSocketManager        com.cdccreditsmart.app               D  Pong received
2026-02-04 22:58:49.568 17788-18387 okhttp.OkHttpClient     com.cdccreditsmart.app               I  <-- 200 https://cdccreditsmart.com/api/apk/device/353104906953198/commands (588ms)
2026-02-04 22:58:49.568 17788-18387 okhttp.OkHttpClient     com.cdccreditsmart.app               I  access-control-allow-credentials: true
2026-02-04 22:58:49.568 17788-18387 okhttp.OkHttpClient     com.cdccreditsmart.app               I  access-control-allow-headers: Origin, X-Requested-With, Content-Type, Accept, Authorization, x-client-key, x-client-token, x-client-secret, cache-control
2026-02-04 22:58:49.568 17788-18387 okhttp.OkHttpClient     com.cdccreditsmart.app               I  access-control-allow-methods: GET, POST, PUT, PATCH, DELETE, OPTIONS
2026-02-04 22:58:49.568 17788-18387 okhttp.OkHttpClient     com.cdccreditsmart.app               I  access-control-allow-origin: *
2026-02-04 22:58:49.568 17788-18387 okhttp.OkHttpClient     com.cdccreditsmart.app               I  access-control-max-age: 86400
2026-02-04 22:58:49.568 17788-18387 okhttp.OkHttpClient     com.cdccreditsmart.app               I  content-length: 105
2026-02-04 22:58:49.568 17788-18387 okhttp.OkHttpClient     com.cdccreditsmart.app               I  content-security-policy: default-src 'self'; script-src 'self' 'unsafe-inline' 'unsafe-eval' https://replit.com; style-src 'self' 'unsafe-inline' https://replit.com; img-src 'self' data: https:; font-src 'self' data: https://replit.com; connect-src 'self';
2026-02-04 22:58:49.569 17788-18387 okhttp.OkHttpClient     com.cdccreditsmart.app               I  content-type: application/json; charset=utf-8
2026-02-04 22:58:49.569 17788-18387 okhttp.OkHttpClient     com.cdccreditsmart.app               I  date: Thu, 05 Feb 2026 01:58:49 GMT
2026-02-04 22:58:49.569 17788-18387 okhttp.OkHttpClient     com.cdccreditsmart.app               I  etag: W/"69-er+pLoqllaCDTC2mxwnV4h+rjcU"
2026-02-04 22:58:49.569 17788-18387 okhttp.OkHttpClient     com.cdccreditsmart.app               I  permissions-policy: geolocation=(), microphone=(), camera=()
2026-02-04 22:58:49.569 17788-18387 okhttp.OkHttpClient     com.cdccreditsmart.app               I  referrer-policy: strict-origin-when-cross-origin
2026-02-04 22:58:49.569 17788-18387 okhttp.OkHttpClient     com.cdccreditsmart.app               I  strict-transport-security: max-age=63072000; includeSubDomains
2026-02-04 22:58:49.569 17788-18387 okhttp.OkHttpClient     com.cdccreditsmart.app               I  strict-transport-security: max-age=31536000; includeSubDomains
2026-02-04 22:58:49.569 17788-18387 okhttp.OkHttpClient     com.cdccreditsmart.app               I  x-anti-fraud-protection: active
2026-02-04 22:58:49.569 17788-18387 okhttp.OkHttpClient     com.cdccreditsmart.app               I  x-certificate-pinning-enabled: false
2026-02-04 22:58:49.569 17788-18387 okhttp.OkHttpClient     com.cdccreditsmart.app               I  x-certificate-pinning-status: disabled-for-stability
2026-02-04 22:58:49.569 17788-18387 okhttp.OkHttpClient     com.cdccreditsmart.app               I  x-content-type-options: nosniff
2026-02-04 22:58:49.569 17788-18387 okhttp.OkHttpClient     com.cdccreditsmart.app               I  x-financial-data-protection: enabled
2026-02-04 22:58:49.569 17788-18387 okhttp.OkHttpClient     com.cdccreditsmart.app               I  x-frame-options: DENY
2026-02-04 22:58:49.570 17788-18387 okhttp.OkHttpClient     com.cdccreditsmart.app               I  x-transaction-security-level: maximum
2026-02-04 22:58:49.570 17788-18387 okhttp.OkHttpClient     com.cdccreditsmart.app               I  x-xss-protection: 1; mode=block
2026-02-04 22:58:49.570 17788-18387 okhttp.OkHttpClient     com.cdccreditsmart.app               I  via: 1.1 google
2026-02-04 22:58:49.570 17788-18387 okhttp.OkHttpClient     com.cdccreditsmart.app               I  alt-svc: h3=":443"; ma=2592000,h3-29=":443"; ma=2592000
2026-02-04 22:58:49.571 17788-18387 okhttp.OkHttpClient     com.cdccreditsmart.app               I  {"deviceId":"device_1770256537295_6tq8yq57jwb","serialNumber":"PSM9JT96","commandsCount":0,"commands":[]}
2026-02-04 22:58:49.571 17788-18387 okhttp.OkHttpClient     com.cdccreditsmart.app               I  <-- END HTTP (105-byte body)
2026-02-04 22:58:49.575 17788-17981 MdmCommandReceiver      com.cdccreditsmart.app               I  ðŸ” HTTP Response code: 200
2026-02-04 22:58:49.575 17788-17981 MdmCommandReceiver      com.cdccreditsmart.app               I  ðŸ” HTTP isSuccessful: true
2026-02-04 22:58:49.575 17788-17981 MdmCommandReceiver      com.cdccreditsmart.app               I  ðŸ” Response body deviceId: device_1770256537295_6tq8yq57jwb
2026-02-04 22:58:49.575 17788-17981 MdmCommandReceiver      com.cdccreditsmart.app               I  ðŸ” Response body serialNumber: PSM9JT96
2026-02-04 22:58:49.575 17788-17981 MdmCommandReceiver      com.cdccreditsmart.app               I  ðŸ” Total de comandos: 0
2026-02-04 22:58:49.575 17788-17981 MdmCommandReceiver      com.cdccreditsmart.app               D  âœ… Nenhum comando pendente no servidor
2026-02-04 22:58:49.575 17788-17981 MdmCommandReceiver      com.cdccreditsmart.app               D  ðŸ“Š Fetch duration: 604ms
2026-02-04 22:58:49.664 17788-18834 FA                      com.cdccreditsmart.app               I  Application backgrounded at: timestamp_millis: 1770256727662
2026-02-04 22:58:52.840 17788-17788 CdcForegroundService    com.cdccreditsmart.app               D  ðŸš€ ServiÃ§o onStartCommand() - Action: com.cdccreditsmart.app.START_SERVICE
2026-02-04 22:58:52.857 17788-17788 CdcForegroundService    com.cdccreditsmart.app               I  âœ… Foreground Service ativo (Android 12+)
2026-02-04 22:58:52.860 17788-17981 CdcForegroundService    com.cdccreditsmart.app               I  ðŸ”§ ========================================
2026-02-04 22:58:52.860 17788-17981 CdcForegroundService    com.cdccreditsmart.app               I  ðŸ”§ INICIANDO initializeServices()...
2026-02-04 22:58:52.860 17788-17981 CdcForegroundService    com.cdccreditsmart.app               I  ðŸ”§ ========================================
2026-02-04 22:58:52.860 17788-17981 CdcForegroundService    com.cdccreditsmart.app               D  âœ… ServiÃ§os base jÃ¡ inicializados
2026-02-04 22:58:52.860 17788-17981 CdcForegroundService    com.cdccreditsmart.app               D  âœ… MDM jÃ¡ inicializado - ignorando chamada duplicada
2026-02-04 22:58:53.575 17788-17788 MainActivity            com.cdccreditsmart.app               I  âœ… Brilho da tela definido para MÃXIMO
2026-02-04 22:58:53.579 17788-17788 MainActivity            com.cdccreditsmart.app               D  ðŸ“ BroadcastReceiver de localizaÃ§Ã£o registrado
2026-02-04 22:58:53.581 17788-17921 PersistentStateManager  com.cdccreditsmart.app               D  Nenhum estado local encontrado
2026-02-04 22:58:53.581 17788-17921 PersistentStateManager  com.cdccreditsmart.app               D  ðŸ†• Sem estado local - device novo ou pÃ³s factory reset
2026-02-04 22:58:53.581 17788-17921 MainActivity            com.cdccreditsmart.app               I  ðŸ†• Device nunca foi provisionado
2026-02-04 22:58:53.582 17788-17788 MainActivity            com.cdccreditsmart.app               I  âœ… App Ã© Device Owner - permissÃµes serÃ£o concedidas automaticamente
2026-02-04 22:58:53.589 17788-17788 Activity                com.cdccreditsmart.app               D  onResume setDolbyGameProfilePackage lastPkg =  currentPkg = com.cdccreditsmart.app
2026-02-04 22:58:53.596 17788-17788 VRI[MainActivity]       com.cdccreditsmart.app               D  hardware acceleration = true, forceHwAccelerated = false
2026-02-04 22:58:53.604 17788-17788 InputEventReceiver      com.cdccreditsmart.app               D  Input log is disabled in InputEventReceiver.
2026-02-04 22:58:53.671 17788-17788 PermissionGateScreen    com.cdccreditsmart.app               I  ðŸ” DEVICE OWNER DETECTADO - tentando concessÃ£o automÃ¡tica IMEDIATA
2026-02-04 22:58:53.672 17788-17788 AutoPermissionManager   com.cdccreditsmart.app               I  ðŸš€ ========================================
2026-02-04 22:58:53.672 17788-17788 AutoPermissionManager   com.cdccreditsmart.app               I  ðŸš€ CONCESSÃƒO RÃPIDA DE PERMISSÃ•ES (Device Owner)
2026-02-04 22:58:53.672 17788-17788 AutoPermissionManager   com.cdccreditsmart.app               I  ðŸš€ ========================================
2026-02-04 22:58:53.672 17788-17788 AutoPermissionManager   com.cdccreditsmart.app               D    â© JÃ¡ concedida: android.permission.READ_PHONE_STATE
2026-02-04 22:58:53.736 17788-17788 AutoPermissionManager   com.cdccreditsmart.app               I    âœ… Concedida: android.permission.READ_CALL_LOG
2026-02-04 22:58:53.780 17788-17788 AutoPermissionManager   com.cdccreditsmart.app               I    âœ… Concedida: android.permission.CALL_PHONE
2026-02-04 22:58:53.827 17788-17788 AutoPermissionManager   com.cdccreditsmart.app               I    âœ… Concedida: android.permission.READ_CONTACTS
2026-02-04 22:58:53.828 17788-17788 AutoPermissionManager   com.cdccreditsmart.app               D    â© JÃ¡ concedida: android.permission.ACCESS_FINE_LOCATION
2026-02-04 22:58:53.830 17788-17788 AutoPermissionManager   com.cdccreditsmart.app               D    â© JÃ¡ concedida: android.permission.ACCESS_COARSE_LOCATION
2026-02-04 22:58:53.887 17788-17788 AutoPermissionManager   com.cdccreditsmart.app               I    âœ… Concedida: android.permission.ANSWER_PHONE_CALLS
2026-02-04 22:58:53.890 17788-17921 SettingsGuardService    com.cdccreditsmart.app               D  ðŸ“‹ Activity check - Full: com.cdccreditsmart.app.presentation.MainActivity, Simple: MainActivity
2026-02-04 22:58:53.948 17788-17788 AutoPermissionManager   com.cdccreditsmart.app               I    âœ… Concedida: android.permission.READ_PHONE_NUMBERS
2026-02-04 22:58:54.043 17788-17788 AutoPermissionManager   com.cdccreditsmart.app               I    âœ… Concedida: android.permission.ACCESS_BACKGROUND_LOCATION
2026-02-04 22:58:54.043 17788-17788 AutoPermissionManager   com.cdccreditsmart.app               D    â© JÃ¡ concedida: android.permission.POST_NOTIFICATIONS
2026-02-04 22:58:54.044 17788-17788 AutoPermissionManager   com.cdccreditsmart.app               I  ðŸš€ ========================================
2026-02-04 22:58:54.044 17788-17788 AutoPermissionManager   com.cdccreditsmart.app               I  ðŸš€ RESUMO DA CONCESSÃƒO RÃPIDA:
2026-02-04 22:58:54.044 17788-17788 AutoPermissionManager   com.cdccreditsmart.app               I    âœ… Novas permissÃµes concedidas: 6
2026-02-04 22:58:54.044 17788-17788 AutoPermissionManager   com.cdccreditsmart.app               I    â© JÃ¡ estavam concedidas: 4
2026-02-04 22:58:54.044 17788-17788 AutoPermissionManager   com.cdccreditsmart.app               I    âŒ Erros/Falhas: 0
2026-02-04 22:58:54.044 17788-17788 AutoPermissionManager   com.cdccreditsmart.app               I    ðŸ“‹ Total processadas: 10
2026-02-04 22:58:54.044 17788-17788 AutoPermissionManager   com.cdccreditsmart.app               I  ðŸš€ ========================================
2026-02-04 22:58:54.044 17788-17788 PermissionGateScreen    com.cdccreditsmart.app               I  âœ… Runtime permissions concedidas automaticamente
2026-02-04 22:58:54.048 17788-17788 PermissionGateManager   com.cdccreditsmart.app               I  âœ… Device Owner: Todas as permissÃµes especiais concedidas!
2026-02-04 22:58:54.067 17788-17788 View                    com.cdccreditsmart.app               D  [ANR Warning]onMeasure time too long, this =androidx.compose.ui.platform.AndroidComposeView{a6c57cc VFED..... ......I. 0,0-0,0}time =432 ms
2026-02-04 22:58:54.068 17788-17788 View                    com.cdccreditsmart.app               D  [ANR Warning]onMeasure time too long, this =androidx.compose.ui.platform.ComposeView{f292cd6 V.E...... ......I. 0,0-0,0}time =433 ms
2026-02-04 22:58:54.068 17788-17788 View                    com.cdccreditsmart.app               D  [ANR Warning]onMeasure time too long, this =android.widget.FrameLayout{3b57b57 V.E...... ......I. 0,0-0,0 #1020002 android:id/content}time =433 ms
2026-02-04 22:58:54.068 17788-17788 View                    com.cdccreditsmart.app               D  [ANR Warning]onMeasure time too long, this =android.widget.LinearLayout{c243644 V.E...... ......I. 0,0-0,0}time =433 ms
2026-02-04 22:58:54.068 17788-17788 View                    com.cdccreditsmart.app               D  [ANR Warning]onMeasure time too long, this =DecorView@8c032d[MainActivity]time =433 ms
2026-02-04 22:58:54.089 17788-17788 BufferQueueConsumer     com.cdccreditsmart.app               D  [](id:457c00000008,api:0,p:-1,c:17788) connect: controlledByApp=false
2026-02-04 22:58:54.091 17788-17788 BLASTBufferQueue        com.cdccreditsmart.app               D  [VRI[MainActivity]#8](f:0,a:0) constructor()
2026-02-04 22:58:54.091 17788-17788 BLASTBufferQueue        com.cdccreditsmart.app               D  [VRI[MainActivity]#8](f:0,a:0) update width=1080 height=2400 format=-3 mTransformHint=0
2026-02-04 22:58:54.124 17788-17925 BLASTBufferQueue        com.cdccreditsmart.app               D  [VRI[MainActivity]#8](f:0,a:1) acquireNextBufferLocked size=1080x2400 mFrameNumber=1 applyTransaction=true mTimestamp=67416823702248(auto) mPendingTransactions.size=0 graphicBufferId=76398878261283 transform=0
2026-02-04 22:58:54.134 17788-17788 PermissionGateScreen    com.cdccreditsmart.app               I  ðŸ” VERIFICAÃ‡ÃƒO INICIAL DE PERMISSÃ•ES:
2026-02-04 22:58:54.135 17788-17788 PermissionGateScreen    com.cdccreditsmart.app               I     NÃ­vel: DEVICE_OWNER
2026-02-04 22:58:54.135 17788-17788 PermissionGateScreen    com.cdccreditsmart.app               I     Todas concedidas: true
2026-02-04 22:58:54.137 17788-17788 PermissionGateScreen    com.cdccreditsmart.app               I     Bateria isenta: true
2026-02-04 22:58:54.137 17788-17788 PermissionGateScreen    com.cdccreditsmart.app               I     âœ… OK: PermissÃµes BÃ¡sicas
2026-02-04 22:58:54.137 17788-17788 PermissionGateScreen    com.cdccreditsmart.app               I     âœ… OK: Monitoramento de Apps
2026-02-04 22:58:54.137 17788-17788 PermissionGateScreen    com.cdccreditsmart.app               I     âœ… OK: Mostrar Alertas
2026-02-04 22:58:54.137 17788-17788 PermissionGateScreen    com.cdccreditsmart.app               I     âœ… OK: ExecuÃ§Ã£o em Segundo Plano
2026-02-04 22:58:54.140 17788-17788 PermissionGateScreen    com.cdccreditsmart.app               I  âœ… TODAS AS PERMISSÃ•ES JÃ CONCEDIDAS - navegando imediatamente
2026-02-04 22:58:54.141 17788-17788 SettingsGuardService    com.cdccreditsmart.app               I  â–¶ï¸ Guard RETOMADO apÃ³s fluxo de permissÃµes
2026-02-04 22:58:54.145 17788-17921 AutoPermissionManager   com.cdccreditsmart.app               I  ========================================
2026-02-04 22:58:54.145 17788-17921 AutoPermissionManager   com.cdccreditsmart.app               I  ðŸ” INICIANDO CONCESSÃƒO AUTOMÃTICA DE PERMISSÃ•ES
2026-02-04 22:58:54.145 17788-17921 AutoPermissionManager   com.cdccreditsmart.app               I  ========================================
2026-02-04 22:58:54.150 17788-17921 AutoPermissionManager   com.cdccreditsmart.app               I  ðŸ“‹ Status: Device Owner=true, Profile Owner=false
2026-02-04 22:58:54.150 17788-17921 AutoPermissionManager   com.cdccreditsmart.app               I  âœ… App Ã© Device Owner - concedendo permissÃµes automaticamente...
2026-02-04 22:58:54.152 17788-17921 AutoPermissionManager   com.cdccreditsmart.app               I  ðŸš€ ========================================
2026-02-04 22:58:54.152 17788-17921 AutoPermissionManager   com.cdccreditsmart.app               I  ðŸš€ CONCESSÃƒO RÃPIDA DE PERMISSÃ•ES (Device Owner)
2026-02-04 22:58:54.152 17788-17921 AutoPermissionManager   com.cdccreditsmart.app               I  ðŸš€ ========================================
2026-02-04 22:58:54.155 17788-17921 AutoPermissionManager   com.cdccreditsmart.app               D    â© JÃ¡ concedida: android.permission.READ_PHONE_STATE
2026-02-04 22:58:54.164 17788-17788 Choreographer           com.cdccreditsmart.app               I  Skipped 32 frames!  The application may be doing too much work on its main thread.
2026-02-04 22:58:54.221 17788-17788 DeviceOwnerCheckVM      com.cdccreditsmart.app               I  ========================================
2026-02-04 22:58:54.221 17788-17788 DeviceOwnerCheckVM      com.cdccreditsmart.app               I  ðŸ” Verificando status de Device Owner...
2026-02-04 22:58:54.285 17788-17921 AutoPermissionManager   com.cdccreditsmart.app               I    âœ… Concedida: android.permission.READ_CALL_LOG
2026-02-04 22:58:54.375 17788-17921 AutoPermissionManager   com.cdccreditsmart.app               I    âœ… Concedida: android.permission.CALL_PHONE
2026-02-04 22:58:54.440 17788-17921 AutoPermissionManager   com.cdccreditsmart.app               I    âœ… Concedida: android.permission.READ_CONTACTS
2026-02-04 22:58:54.440 17788-17921 AutoPermissionManager   com.cdccreditsmart.app               D    â© JÃ¡ concedida: android.permission.ACCESS_FINE_LOCATION
2026-02-04 22:58:54.441 17788-17921 AutoPermissionManager   com.cdccreditsmart.app               D    â© JÃ¡ concedida: android.permission.ACCESS_COARSE_LOCATION
2026-02-04 22:58:54.487 17788-17921 AutoPermissionManager   com.cdccreditsmart.app               I    âœ… Concedida: android.permission.ANSWER_PHONE_CALLS
2026-02-04 22:58:54.530 17788-17921 AutoPermissionManager   com.cdccreditsmart.app               I    âœ… Concedida: android.permission.READ_PHONE_NUMBERS
2026-02-04 22:58:54.531 17788-17921 AutoPermissionManager   com.cdccreditsmart.app               D    â© JÃ¡ concedida: android.permission.ACCESS_BACKGROUND_LOCATION
2026-02-04 22:58:54.532 17788-17921 AutoPermissionManager   com.cdccreditsmart.app               D    â© JÃ¡ concedida: android.permission.POST_NOTIFICATIONS
2026-02-04 22:58:54.532 17788-17921 AutoPermissionManager   com.cdccreditsmart.app               I  ðŸš€ ========================================
2026-02-04 22:58:54.532 17788-17921 AutoPermissionManager   com.cdccreditsmart.app               I  ðŸš€ RESUMO DA CONCESSÃƒO RÃPIDA:
2026-02-04 22:58:54.532 17788-17921 AutoPermissionManager   com.cdccreditsmart.app               I    âœ… Novas permissÃµes concedidas: 5
2026-02-04 22:58:54.532 17788-17921 AutoPermissionManager   com.cdccreditsmart.app               I    â© JÃ¡ estavam concedidas: 5
2026-02-04 22:58:54.532 17788-17921 AutoPermissionManager   com.cdccreditsmart.app               I    âŒ Erros/Falhas: 0
2026-02-04 22:58:54.532 17788-17921 AutoPermissionManager   com.cdccreditsmart.app               I    ðŸ“‹ Total processadas: 10
2026-02-04 22:58:54.532 17788-17921 AutoPermissionManager   com.cdccreditsmart.app               I  ðŸš€ ========================================
2026-02-04 22:58:54.532 17788-17921 AutoPermissionManager   com.cdccreditsmart.app               I  ðŸ” Verificando status final de todas as permissÃµes...
2026-02-04 22:58:54.535 17788-17921 AutoPermissionManager   com.cdccreditsmart.app               D    âœ… CONCEDIDA - android.permission.READ_PHONE_STATE
2026-02-04 22:58:54.537 17788-17921 AutoPermissionManager   com.cdccreditsmart.app               D    âŒ NEGADA - android.permission.READ_CALL_LOG
2026-02-04 22:58:54.539 17788-17921 AutoPermissionManager   com.cdccreditsmart.app               D    âŒ NEGADA - android.permission.CALL_PHONE
2026-02-04 22:58:54.541 17788-17921 AutoPermissionManager   com.cdccreditsmart.app               D    âŒ NEGADA - android.permission.READ_CONTACTS
2026-02-04 22:58:54.544 17788-17921 AutoPermissionManager   com.cdccreditsmart.app               D    âœ… CONCEDIDA - android.permission.ACCESS_FINE_LOCATION
2026-02-04 22:58:54.546 17788-17921 AutoPermissionManager   com.cdccreditsmart.app               D    âœ… CONCEDIDA - android.permission.ACCESS_COARSE_LOCATION
2026-02-04 22:58:54.547 17788-17921 AutoPermissionManager   com.cdccreditsmart.app               D    âŒ NEGADA - android.permission.ANSWER_PHONE_CALLS
2026-02-04 22:58:54.549 17788-17921 AutoPermissionManager   com.cdccreditsmart.app               D    âŒ NEGADA - android.permission.READ_PHONE_NUMBERS
2026-02-04 22:58:54.551 17788-17921 AutoPermissionManager   com.cdccreditsmart.app               D    âœ… CONCEDIDA - android.permission.ACCESS_BACKGROUND_LOCATION
2026-02-04 22:58:54.553 17788-17921 AutoPermissionManager   com.cdccreditsmart.app               D    âœ… CONCEDIDA - android.permission.POST_NOTIFICATIONS
2026-02-04 22:58:54.553 17788-17921 AutoPermissionManager   com.cdccreditsmart.app               W  âš ï¸ Algumas permissÃµes ainda nÃ£o foram concedidas (runtime pode demorar para atualizar)
2026-02-04 22:58:54.553 17788-17921 AutoPermissionManager   com.cdccreditsmart.app               I  ========================================
2026-02-04 22:58:54.553 17788-17921 AutoPermissionManager   com.cdccreditsmart.app               I  ðŸ” CONFIGURANDO PERMISSÃ•ES ESPECIAIS (Device Owner)
2026-02-04 22:58:54.553 17788-17921 AutoPermissionManager   com.cdccreditsmart.app               I  ========================================
2026-02-04 22:58:54.555 17788-17921 AutoPermissionManager   com.cdccreditsmart.app               I  ðŸ“Š ========================================
2026-02-04 22:58:54.555 17788-17921 AutoPermissionManager   com.cdccreditsmart.app               I  ðŸ“Š CONCEDENDO PACKAGE_USAGE_STATS (Usage Access)
2026-02-04 22:58:54.555 17788-17921 AutoPermissionManager   com.cdccreditsmart.app               I  ðŸ“Š ========================================
2026-02-04 22:58:54.557 17788-17921 AutoPermissionManager   com.cdccreditsmart.app               I  ðŸ“Š âœ… PACKAGE_USAGE_STATS jÃ¡ estÃ¡ concedida!
2026-02-04 22:58:54.557 17788-17921 AutoPermissionManager   com.cdccreditsmart.app               I  ðŸªŸ ========================================
2026-02-04 22:58:54.557 17788-17921 AutoPermissionManager   com.cdccreditsmart.app               I  ðŸªŸ CONCEDENDO SYSTEM_ALERT_WINDOW (Overlay)
2026-02-04 22:58:54.558 17788-17921 AutoPermissionManager   com.cdccreditsmart.app               I  ðŸªŸ ========================================
2026-02-04 22:58:54.558 17788-17921 AutoPermissionManager   com.cdccreditsmart.app               I  ðŸªŸ âœ… SYSTEM_ALERT_WINDOW jÃ¡ estÃ¡ concedida!
2026-02-04 22:58:54.559 17788-17921 AutoPermissionManager   com.cdccreditsmart.app               I  ðŸ”‹ ========================================
2026-02-04 22:58:54.559 17788-17921 AutoPermissionManager   com.cdccreditsmart.app               I  ðŸ”‹ VERIFICANDO ISENÃ‡ÃƒO DE OTIMIZAÃ‡ÃƒO DE BATERIA
2026-02-04 22:58:54.559 17788-17921 AutoPermissionManager   com.cdccreditsmart.app               I  ðŸ”‹ ========================================
2026-02-04 22:58:54.560 17788-17921 AutoPermissionManager   com.cdccreditsmart.app               I  ðŸ”‹ âœ… App JÃ estÃ¡ isento de otimizaÃ§Ã£o de bateria
2026-02-04 22:58:54.560 17788-17921 AutoPermissionManager   com.cdccreditsmart.app               I  ðŸ”‹ ========================================
2026-02-04 22:58:54.560 17788-17921 AutoPermissionManager   com.cdccreditsmart.app               I  ðŸ“ ForÃ§ando GPS/LocalizaÃ§Ã£o sempre ativo...
2026-02-04 22:58:54.569 17788-17921 AutoPermissionManager   com.cdccreditsmart.app               I  âœ… LocalizaÃ§Ã£o forÃ§ada via setLocationEnabled (Android 9+)
2026-02-04 22:58:54.572 17788-17921 AutoPermissionManager   com.cdccreditsmart.app               I  ðŸ“ Sem bloqueio ativo - usuÃ¡rio pode controlar GPS normalmente
2026-02-04 22:58:54.577 17788-17921 AutoPermissionManager   com.cdccreditsmart.app               I  ðŸ“ Status atual - GPS: true, Network: true
2026-02-04 22:58:54.577 17788-17921 AutoPermissionManager   com.cdccreditsmart.app               I  ðŸ“ ConfiguraÃ§Ã£o de localizaÃ§Ã£o concluÃ­da
2026-02-04 22:58:54.585 17788-17921 AutoPermissionManager   com.cdccreditsmart.app               I  âœ… PolÃ­tica de permissÃµes configurada para AUTO_GRANT
2026-02-04 22:58:54.585 17788-17921 AutoPermissionManager   com.cdccreditsmart.app               I  ðŸ“Š ========================================
2026-02-04 22:58:54.585 17788-17921 AutoPermissionManager   com.cdccreditsmart.app               I  ðŸ“Š VERIFICAÃ‡ÃƒO FINAL: PACKAGE_USAGE_STATS
2026-02-04 22:58:54.585 17788-17921 AutoPermissionManager   com.cdccreditsmart.app               I  ðŸ“Š ========================================
2026-02-04 22:58:54.586 17788-17921 AutoPermissionManager   com.cdccreditsmart.app               I  ðŸ“Š âœ… PACKAGE_USAGE_STATS estÃ¡ ATIVA!
2026-02-04 22:58:54.586 17788-17921 AutoPermissionManager   com.cdccreditsmart.app               I  ðŸ“Š    SettingsGuard pode monitorar activities precisamente
2026-02-04 22:58:54.586 17788-17921 AutoPermissionManager   com.cdccreditsmart.app               I  ðŸ“Š ========================================
2026-02-04 22:58:54.586 17788-17921 AutoPermissionManager   com.cdccreditsmart.app               I  ========================================
2026-02-04 22:58:54.725 17788-17788 DeviceUtils             com.cdccreditsmart.app               D  Device Owner check: true
2026-02-04 22:58:54.725 17788-17788 DeviceUtils             com.cdccreditsmart.app               D  Samsung device: false (Manufacturer: motorola)
2026-02-04 22:58:54.725 17788-17788 DeviceOwnerCheckVM      com.cdccreditsmart.app               I  âœ… Dispositivo Ã© Device Owner - permitindo acesso ao app
2026-02-04 22:58:54.725 17788-17788 DeviceOwnerCheckVM      com.cdccreditsmart.app               I  ========================================
2026-02-04 22:58:54.755 17788-17788 RouterViewModel         com.cdccreditsmart.app               D  ðŸš€ Iniciando verificaÃ§Ã£o de autenticaÃ§Ã£o...
2026-02-04 22:58:54.756 17788-17921 AuthOrchestrator        com.cdccreditsmart.app               D  ðŸ” Verificando autenticaÃ§Ã£o...
2026-02-04 22:58:54.758 17788-17921 AuthOrchestrator        com.cdccreditsmart.app               D  ðŸŒ Conectividade: ONLINE
2026-02-04 22:58:54.758 17788-17921 AuthOrchestrator        com.cdccreditsmart.app               D  ðŸ”„ ========== AUTO-DISCOVERY INICIADO ==========
2026-02-04 22:58:54.764 17788-17921 DeviceUtils             com.cdccreditsmart.app               D  IMEI retrieved successfully: 3531***
2026-02-04 22:58:54.764 17788-17921 AuthOrchestrator        com.cdccreditsmart.app               D  ðŸ“± IMEI obtido: 3531***198
2026-02-04 22:58:54.764 17788-17921 AuthOrchestrator        com.cdccreditsmart.app               D  ðŸ” Tentando auto-discovery...
2026-02-04 22:58:54.764 17788-17921 AuthOrchestrator        com.cdccreditsmart.app               D     Endpoint: GET /api/apk/discover/353104906953198
2026-02-04 22:58:54.770 17788-18387 okhttp.OkHttpClient     com.cdccreditsmart.app               I  --> GET https://cdccreditsmart.com/api/apk/discover/353104906953198
2026-02-04 22:58:54.770 17788-18387 okhttp.OkHttpClient     com.cdccreditsmart.app               I  --> END GET
2026-02-04 22:58:55.239 17788-18387 okhttp.OkHttpClient     com.cdccreditsmart.app               I  <-- 200 https://cdccreditsmart.com/api/apk/discover/353104906953198 (468ms)
