2025-11-17 20:19:24.543   721-920   Configuration           system_server                        V  Updating configuration, locales updated from [] to [en_US]
2025-11-17 20:19:24.543   721-920   Configuration           system_server                        V  Updating configuration, locales updated from [] to [en_US]
2025-11-17 20:19:24.543   721-920   Configuration           system_server                        V  Updating configuration, locales updated from [] to [en_US]
2025-11-17 20:19:24.555  3419-3419  TimedProcessReaper      com.google.android.dialer            W  Memory state is: 400
2025-11-17 20:19:24.559   721-920   Configuration           system_server                        V  Updating configuration, locales updated from [] to [en_US]
2025-11-17 20:19:24.559   721-920   Configuration           system_server                        V  Updating configuration, locales updated from [] to [en_US]
2025-11-17 20:19:24.559   721-920   Configuration           system_server                        V  Updating configuration, locales updated from [] to [en_US]
2025-11-17 20:19:24.567  3300-3300  WM-RescheduleReceiver   com.google.android.rkpdapp           D  Received intent Intent { act=android.intent.action.TIME_SET flg=0x25200010 xflg=0x4 cmp=com.google.android.rkpdapp/androidx.work.impl.background.systemalarm.RescheduleReceiver }
2025-11-17 20:19:24.570   721-920   Configuration           system_server                        V  Updating configuration, locales updated from [] to [en_US]
2025-11-17 20:19:24.570   721-920   Configuration           system_server                        V  Updating configuration, locales updated from [] to [en_US]
2025-11-17 20:19:24.570   721-920   Configuration           system_server                        V  Updating configuration, locales updated from [] to [en_US]
2025-11-17 20:19:24.573  3419-3419  TimedProcessReaper      com.google.android.dialer            D  Attempted to reap process, but schedule tolerance was exceeded
2025-11-17 20:19:24.575   721-920   UsageStatsService       system_server                        I  User[0] Rollover scheduled @ 2025-11-18 20:09:18(1763496558335)
2025-11-17 20:19:24.576  3419-3419  TimedProcessReaper      com.google.android.dialer            D  Rescheduling process reaping after pollDuration
2025-11-17 20:19:24.579  1448-1684  SatelliteController     com.android.phone                    D  iisInCarrierRoamingNbIotNtn: satellite is disabled
2025-11-17 20:19:24.584   721-1213  Background...rolService system_server                        D  Package event received: 0
2025-11-17 20:19:24.591  6797-6813  UsageSyncManager        com.google.android.apps.wellbeing    W  <DWB> Last (TimeDelta{wallTime=2025-11-17T20:09:25.219Z, elapsedSinceBoot=PT2M22.416S}, boot count 1) and current (TimeDelta{wallTime=2025-11-17T23:19:24.282Z, elapsedSinceBoot=PT3H11M51.333S}, boot count 1) deltas are different. Increase event shift by PT30.146S.
2025-11-17 20:19:24.599  6797-6813  UsageSyncManager        com.google.android.apps.wellbeing    W  <DWB> Deferring shifting events by PT30.146S
2025-11-17 20:19:24.662  1448-1448  ImsExternalCallTracker  com.android.phone                    I  handleVideoCapabilitiesChanged : isVideoCapable = false
2025-11-17 20:19:24.662  1448-1448  ImsExternalCallTracker  com.android.phone                    D  refreshCallPullState
2025-11-17 20:19:24.662  1448-1448  Telephony               com.android.phone                    I  handleVideoCapabilitesChanged. Video capability - false
2025-11-17 20:19:24.663  1448-1448  Telephony               com.android.phone                    D  isEmergencyPreferredAccount: subId=1, activeData=1
2025-11-17 20:19:24.663  1448-1448  Telephony               com.android.phone                    D  isEmergencyPreferredAccount: Device does not require preference.
2025-11-17 20:19:24.663  1448-1448  Telephony               com.android.phone                    W  registerMmTelCapabilityCallback: registration failed, no ImsService available. Exception: code: 1
2025-11-17 20:19:24.663  1448-1448  Telephony               com.android.phone                    I  isRttCurrentlySupported -- regular acct, hasVoiceAvailability: false
                                                                                                     isRttSupported: false
                                                                                                     alwaysAllowWhileRoaming: false
                                                                                                     isRoaming: false
                                                                                                     isOnWfc: false
2025-11-17 20:19:24.663  6797-6813  JobInfo                 com.google.android.apps.wellbeing    W  Requested important-while-foreground flag for job18 is ignored and takes no effect
2025-11-17 20:19:24.676  2736-2736  ActivityThread          com.google.android.tts               D  Package [com.android.vending] reported as REPLACED, but missing application info. Assuming REMOVED.
2025-11-17 20:19:24.724   721-1213  Background...rolService system_server                        D  Package event received: 0
2025-11-17 20:19:24.724   721-1213  Background...rolService system_server                        D  Package event received: 0
2025-11-17 20:19:24.724   721-1213  Background...rolService system_server                        D  Package event received: 0
2025-11-17 20:19:24.724   721-1213  Background...rolService system_server                        D  Package event received: 0
2025-11-17 20:19:24.724   721-1213  Background...rolService system_server                        D  Package event received: 0
2025-11-17 20:19:24.724   721-1213  Background...rolService system_server                        D  Package event received: 0
2025-11-17 20:19:24.724   721-1213  Background...rolService system_server                        D  Package event received: 0
2025-11-17 20:19:24.724   721-1213  Background...rolService system_server                        D  Package event received: 0
2025-11-17 20:19:24.724   721-1213  Background...rolService system_server                        D  Package event received: 0
2025-11-17 20:19:24.724   721-1213  Background...rolService system_server                        D  Package event received: 0
2025-11-17 20:19:24.724   721-1213  Background...rolService system_server                        D  Package event received: 0
2025-11-17 20:19:24.724   721-1213  Background...rolService system_server                        D  Package event received: 0
2025-11-17 20:19:24.724   721-1213  Background...rolService system_server                        D  Package event received: 0
2025-11-17 20:19:24.724   721-1213  Background...rolService system_server                        D  Package event received: 0
2025-11-17 20:19:24.724   721-1213  Background...rolService system_server                        D  Package event received: 0
2025-11-17 20:19:24.724   721-1213  Background...rolService system_server                        D  Package event received: 0
2025-11-17 20:19:24.724   721-1213  Background...rolService system_server                        D  Package event received: 0
2025-11-17 20:19:24.726  1448-1448  Telephony               com.android.phone                    I  TelecomAccountRegistry$AccountEntry: registerPstnPhoneAccount: Registering account=[[ ] PhoneAccount: ComponentInfo{com.android.phone/com.android.services.telephony.TelephonyConnectionService}, 1, UserHandle{0} Capabilities: CallProvider MultiUser PlaceEmerg SimSub  Audio Routes: BESW Schemes: tel voicemail  Extras: Bundle[{android.telecom.extra.SUPPORTS_VIDEO_CALLING_FALLBACK=true}] GroupId: *** SC Restrictions: [ ]] with Telecom. subId=1
2025-11-17 20:19:24.727   721-750   Telecom                 system_server                        I  TelecomServiceImpl$1: registerPhoneAccount: account=[[ ] PhoneAccount: ComponentInfo{com.android.phone/com.android.services.telephony.TelephonyConnectionService}, 1, UserHandle{0} Capabilities: CallProvider MultiUser PlaceEmerg SimSub  Audio Routes: BESW Schemes: tel voicemail  Extras: Bundle[{android.telecom.extra.SUPPORTS_VIDEO_CALLING_FALLBACK=true}] GroupId: *** SC Restrictions: [ ]]: TSI.rPA(cap)@AWw
2025-11-17 20:19:24.727   721-750   Telecom                 system_server                        I  PhoneAccountRegistrar: Modify account: [ComponentInfo{com.android.phone/com.android.services.telephony.TelephonyConnectionService}, 1, UserHandle{0}]: TSI.rPA(cap)@AWw
2025-11-17 20:19:24.727   721-750   Telecom                 system_server                        I  CallsManager: handlePhoneAccountChanged: phoneAccount=[[X] PhoneAccount: ComponentInfo{com.android.phone/com.android.services.telephony.TelephonyConnectionService}, 1, UserHandle{0} Capabilities: CallProvider MultiUser PlaceEmerg SimSub  Audio Routes: BESW Schemes: tel voicemail  Extras: Bundle[{android.telecom.extra.SUPPORTS_VIDEO_CALLING_FALLBACK=true}] GroupId: *** SC Restrictions: [ ]]: TSI.rPA(cap)@AWw
2025-11-17 20:19:24.729   721-750   Telecom                 system_server                        I  PhoneAccountRegistrar: getSimCallManager: SimCallManager for subId 1 queried, returning: null: TSI.rPA(cap)@AWw
2025-11-17 20:19:24.729   721-750   Telecom                 system_server                        I  PhoneAccountRegistrar: Notifying telephony of voice service override change for 1 SIMs, hasService = false: TSI.rPA(cap)@AWw
2025-11-17 20:19:24.729  6858-8173  .apps.messaging         com.google.android.apps.messaging    I  AssetManager2(0x70e5ece8def8) locale list changing from [] to [en-US]
2025-11-17 20:19:24.729  1448-1448  PhoneInterfaceManager   com.android.phone                    I  setVoiceServiceStateOverride: subId=1, phone=Handler (com.android.internal.telephony.GsmCdmaPhone) {1bf870b}, hasService=false, callingPackage=com.android.server.telecom
2025-11-17 20:19:24.731  1448-1448  SatelliteController     com.android.phone                    D  Satellite for carrier is not supported.
2025-11-17 20:19:24.731  1448-1448  SatelliteController     com.android.phone                    D  Satellite for carrier is not supported.
2025-11-17 20:19:24.731  1448-1448  SatelliteController     com.android.phone                    D  registerForSatelliteModemStateChanged: add Listeners for ModemState
2025-11-17 20:19:24.731  1448-1448  SatelliteController     com.android.phone                    E  registerForSatelliteModemStateChanged: mSatelliteSessionController is not initialized yet
2025-11-17 20:19:24.732  2736-2736  ActivityThread          com.google.android.tts               D  Package [com.android.vending] reported as REPLACED, but missing application info. Assuming REMOVED.
2025-11-17 20:19:24.738  2736-2736  ActivityThread          com.google.android.tts               D  Package [com.google.android.gms] reported as REPLACED, but missing application info. Assuming REMOVED.
2025-11-17 20:19:24.739  2736-2736  ActivityThread          com.google.android.tts               D  Package [com.google.android.gms] reported as REPLACED, but missing application info. Assuming REMOVED.
2025-11-17 20:19:24.741  6858-8173  Bugle                   com.google.android.apps.messaging    W  BuglePhoneNumberUtils: canonicalizeMccMnc: invalid mccmnc. mcc: null, mnc: null
2025-11-17 20:19:24.751  2949-2949  CellBroadcastReceiver   com...android.cellbroadcastreceiver  D  onReceive Intent { act=android.intent.action.SERVICE_STATE flg=0x1000010 xflg=0x4 cmp=com.google.android.cellbroadcastreceiver/com.android.cellbroadcastreceiver.CellBroadcastReceiver (has extras) }
2025-11-17 20:19:24.766  1448-1448  SatelliteController     com.android.phone                    D  registerForSatelliteModemStateChanged: add Listeners for ModemState
2025-11-17 20:19:24.766  1448-1448  SatelliteController     com.android.phone                    E  registerForSatelliteModemStateChanged: mSatelliteSessionController is not initialized yet
2025-11-17 20:19:24.860  2949-2949  CellBroadcastReceiver   com...android.cellbroadcastreceiver  D  onServiceStateChanged, ss: 1
2025-11-17 20:19:24.876  1448-1684  SatelliteController     com.android.phone                    E  registerForSatelliteCommunicationAccessStateChanged: SatelliteManager is null
2025-11-17 20:19:24.884  1448-1684  SatelliteController     com.android.phone                    D  isCarrierRoamingNtnEligible: satellite access is not allowed
2025-11-17 20:19:24.884  1448-1684  SatelliteController     com.android.phone                    D  evaluateCarrierRoamingNtnEligibilityChange: isCarrierRoamingNtnEligible=false
2025-11-17 20:19:24.890  1448-1684  SatelliteController     com.android.phone                    D  getSelectedSatelliteSubId: subId=-1
2025-11-17 20:19:24.890  1448-1684  SatelliteController     com.android.phone                    D  notifyNtnEligibility: phoneId=0 currentNtnEligibility=false
2025-11-17 20:19:24.894  1448-1684  SatelliteController     com.android.phone                    V  getWwanIsInService: return true
2025-11-17 20:19:24.903  6797-6801  .apps.wellbeing         com.google.android.apps.wellbeing    W  Suspending all threads took: 54.543ms
2025-11-17 20:19:24.926  1258-1258  GlobalActionsDialogLite com.android.systemui                 D  Service changed before actions created
2025-11-17 20:19:24.926  1258-1258  GlobalActionsDialogLite com.android.systemui                 D  Service changed before actions created
2025-11-17 20:19:24.933   721-750   ContextImpl             system_server                        W  Calling a method in the system process without a qualified user: android.app.ContextImpl.sendBroadcastMultiplePermissions:1319 android.content.Context.sendBroadcastMultiplePermissions:2583 com.android.server.TelephonyRegistry.broadcastServiceStateChanged:4159 com.android.server.TelephonyRegistry.notifyServiceStateForPhoneId:1848 com.android.internal.telephony.ITelephonyRegistry$Stub.onTransact:613 
2025-11-17 20:19:24.940  1448-1684  SatelliteController     com.android.phone                    D  updateLastNotifiedNtnModeAndNotify: subId=1 initialized=true lastNotifiedNtnMode=false currNtnMode=false
2025-11-17 20:19:24.940  1448-1684  SatelliteController     com.android.phone                    D  iisInCarrierRoamingNbIotNtn: satellite is disabled
2025-11-17 20:19:24.942   721-750   ContextImpl             system_server                        W  Calling a method in the system process without a qualified user: android.app.ContextImpl.sendBroadcastMultiplePermissions:1352 com.android.server.TelephonyRegistry.broadcastServiceStateChanged:4164 com.android.server.TelephonyRegistry.notifyServiceStateForPhoneId:1848 com.android.internal.telephony.ITelephonyRegistry$Stub.onTransact:613 android.os.Binder.execTransactInternal:1421 
2025-11-17 20:19:24.954   721-750   ContextImpl             system_server                        W  Calling a method in the system process without a qualified user: android.app.ContextImpl.sendBroadcastMultiplePermissions:1352 com.android.server.TelephonyRegistry.broadcastServiceStateChanged:4173 com.android.server.TelephonyRegistry.notifyServiceStateForPhoneId:1848 com.android.internal.telephony.ITelephonyRegistry$Stub.onTransact:613 android.os.Binder.execTransactInternal:1421 
2025-11-17 20:19:24.956   721-750   ContextImpl             system_server                        W  Calling a method in the system process without a qualified user: android.app.ContextImpl.sendBroadcastMultiplePermissions:1352 com.android.server.TelephonyRegistry.broadcastServiceStateChanged:4179 com.android.server.TelephonyRegistry.notifyServiceStateForPhoneId:1848 com.android.internal.telephony.ITelephonyRegistry$Stub.onTransact:613 android.os.Binder.execTransactInternal:1421 
2025-11-17 20:19:24.956  2949-2949  CellBroadcastReceiver   com...android.cellbroadcastreceiver  D  networkOperator: 310260
2025-11-17 20:19:24.958  1448-1448  ServiceStateProvider    com.android.phone                    D  subId=1
2025-11-17 20:19:25.022  1448-1448  SatelliteController     com.android.phone                    D  iisInCarrierRoamingNbIotNtn: satellite is disabled
2025-11-17 20:19:25.043   601-601   bt_vhci_forwarder       bt_vhci_forwarder                    E  virtio-console to vhci failed: No such device or address
2025-11-17 20:19:25.062  2949-2949  CellBroadcastReceiver   com...android.cellbroadcastreceiver  D  update supported roaming operator as 
2025-11-17 20:19:25.076  2949-2949  CellBroadcastReceiver   com...android.cellbroadcastreceiver  D  onReceive Intent { act=android.intent.action.SERVICE_STATE flg=0x1000010 xflg=0x4 cmp=com.google.android.cellbroadcastreceiver/com.android.cellbroadcastreceiver.CellBroadcastReceiver (has extras) }
2025-11-17 20:19:25.078  2949-2949  CellBroadcastReceiver   com...android.cellbroadcastreceiver  D  onServiceStateChanged, ss: 0
2025-11-17 20:19:25.079  2949-2949  CellBroadcastReceiver   com...android.cellbroadcastreceiver  D  networkOperator: 310260
2025-11-17 20:19:25.080   571-573   android.hardware.uwb    android.hardware.uwb-service         D  uwb_default_hal::uwb_chip:  <-- [96, 1, 0, 1, 1]
2025-11-17 20:19:25.085  2949-2949  CellBroadcastReceiver   com...android.cellbroadcastreceiver  D  update supported roaming operator as 
2025-11-17 20:19:25.169   721-1167  ConnectivityService     system_server                        I  Update capabilities for net 101 : +NOT_SUSPENDED
2025-11-17 20:19:25.170   721-2148  ContextImpl             system_server                        W  Calling a method in the system process without a qualified user: android.app.ContextImpl.sendBroadcastMultiplePermissions:1352 android.content.Context.sendBroadcastMultiplePermissions:2529 android.content.Context.sendBroadcastMultiplePermissions:2517 com.android.server.TelephonyRegistry.broadcastDataConnectionStateChanged:4378 com.android.server.TelephonyRegistry.notifyDataConnectionForSubscriber:2321 
2025-11-17 20:19:25.183   721-1167  ConnectivityService     system_server                        D  [101 CELLULAR] EVENT_NETWORK_INFO_CHANGED, going from SUSPENDED to CONNECTED
2025-11-17 20:19:25.211  6348-7227  NearbyMediums           com.google.android.gms.persistent    I  WifiNetwork setTelephonyIsDataConnected:true
2025-11-17 20:19:25.213  6858-8172  JobInfo                 com.google.android.apps.messaging    W  Requested important-while-foreground flag for job1057 is ignored and takes no effect
2025-11-17 20:19:25.319  6858-8172  WM-SystemJobScheduler   com.google.android.apps.messaging    D  Scheduling work ID a88b850b-374b-452e-b67e-c501649bd4e1Job ID 1057
2025-11-17 20:19:25.360  1448-1448  MultiSimSe...Controller com.android.phone                    D  notifySubscriptionInfoChanged
2025-11-17 20:19:25.368  6858-6858  WM-SystemJobService     com.google.android.apps.messaging    D  onStartJob for WorkGenerationalId(workSpecId=a88b850b-374b-452e-b67e-c501649bd4e1, generation=0)
2025-11-17 20:19:25.372  2949-2966  oadcastreceiver         com...android.cellbroadcastreceiver  W  Reducing the number of considered missed Gc histogram windows from 1136 to 100
2025-11-17 20:19:25.372  6858-8172  WM-GreedyScheduler      com.google.android.apps.messaging    D  Ignoring {WorkSpec: 2da25322-ef75-47cf-ada4-5fa4ea0d6295}. Requires device idle.
2025-11-17 20:19:25.372  6858-8172  WM-GreedyScheduler      com.google.android.apps.messaging    D  Ignoring {WorkSpec: 043e6abb-c0d8-4041-b491-32f2c3824919}. Requires device idle.
2025-11-17 20:19:25.372  6858-8172  WM-GreedyScheduler      com.google.android.apps.messaging    D  Ignoring {WorkSpec: 210d077e-58b2-4ff7-9d01-c4b49665b23d}. Requires device idle.
2025-11-17 20:19:25.372  6858-8172  WM-GreedyScheduler      com.google.android.apps.messaging    D  Ignoring {WorkSpec: 0bea5727-2c74-49f4-a369-4d9d0b35e2a1}. Requires device idle.
2025-11-17 20:19:25.381   721-2148  IPCThreadState          system_server                        W  Sending oneway calls to frozen process.
2025-11-17 20:19:25.381   721-2148  IPCThreadState          system_server                        W  Sending oneway calls to frozen process.
2025-11-17 20:19:25.381   721-2148  IPCThreadState          system_server                        W  Sending oneway calls to frozen process.
2025-11-17 20:19:25.381  1448-1448  Telephony               com.android.phone                    I  TelecomAccountRegistry$TelecomAccountTelephonyCallback: TelecomAccountRegistry: onServiceStateChanged: newState=0, mServiceState=1
2025-11-17 20:19:25.381  1448-1448  Telephony               com.android.phone                    I  TelecomAccountRegistry: onServiceStateChanged: Tearing down and re-setting up accounts.
2025-11-17 20:19:25.381  1448-1448  Telephony               com.android.phone                    I  PstnIncomingCallNotifier: Unregistering: [0]
2025-11-17 20:19:25.381  1448-1448  Telephony               com.android.phone                    D  Unregistering: Handler (com.android.internal.telephony.GsmCdmaPhone) {1bf870b}
2025-11-17 20:19:25.382  1448-1448  PhoneInterfaceManager   com.android.phone                    I  unregisterMmTelCapabilityCallback: 1 is inactive, ignoring unregister.
2025-11-17 20:19:25.382  1448-1448  PhoneInterfaceManager   com.android.phone                    I  unregisterImsRegistrationCallback: 1is inactive, ignoring unregister.
2025-11-17 20:19:25.382  1448-1448  Telephony               com.android.phone                    I  TelecomAccountRegistry: setupAccounts: Found 1 phones.  Attempting to register.
2025-11-17 20:19:25.382  1448-1448  Telephony               com.android.phone                    I  TelecomAccountRegistry: setupAccounts: Phone with subscription id 1
2025-11-17 20:19:25.385   721-721   AS.AudioService         system_server                        I  onSubscriptionsChanged()
2025-11-17 20:19:25.390  1448-1448  Simultaneo...ingTracker com.android.phone                    V  Device is not simultaneous calling capable
2025-11-17 20:19:25.396   721-1173  AppOps                  system_server                        E  attributionTag VCN not declared in manifest of android
2025-11-17 20:19:25.396  1448-1448  Telephony               com.android.phone                    D  isEmergencyPreferredAccount: subId=1, activeData=1
2025-11-17 20:19:25.396  1448-1448  Telephony               com.android.phone                    D  isEmergencyPreferredAccount: Device does not require preference.
2025-11-17 20:19:25.396  1448-1448  Telephony               com.android.phone                    I  isRttCurrentlySupported -- regular acct, hasVoiceAvailability: false
                                                                                                     isRttSupported: false
                                                                                                     alwaysAllowWhileRoaming: false
                                                                                                     isRoaming: false
                                                                                                     isOnWfc: false
2025-11-17 20:19:25.399   235-235   lowmemorykiller         lmkd                                 I  Kill 'com.google.android.onetimeinitializer' (3779), uid 10135, oom_score_adj 985 to free 75256kB rss, 29952kB swap; reason: device is not responding
2025-11-17 20:19:25.413   487-487   Zygote                  zygote64                             I  Process 3119 exited due to signal 9 (Killed)
2025-11-17 20:19:25.415   721-1551  ActivityManager         system_server                        I  Process com.android.externalstorage (pid 3119) has died: cch+95 CEM 
2025-11-17 20:19:25.422   721-770   libprocessgroup         system_server                        I  Removed cgroup /sys/fs/cgroup/apps/uid_10102/pid_3119
2025-11-17 20:19:25.374  6858-8172  WM-GreedyScheduler      com.google.android.apps.messaging    D  Starting work for a88b850b-374b-452e-b67e-c501649bd4e1
2025-11-17 20:19:25.446  6858-8172  WM-GreedyScheduler      com.google.android.apps.messaging    D  Starting tracking for 837c426e-7605-471e-952c-090e9300e21a,43448968-23b8-4bcf-a767-e38ad7e32f07
2025-11-17 20:19:25.450  6858-8171  SimStateSchedulerImpl   com.google.android.apps.messaging    I  Scheduling UPDATE_PHONE_SIMS_STATE. Delay Seconds: 0, UpdateTrigger: UPDATE_TRIGGER_SUBSCRIPTIONS_CHANGED
2025-11-17 20:19:25.450  6858-7154  BugleRcsEngine          com.google.android.apps.messaging    I  SIM state event delay enabled: attempts 1, maxAttempts 3, delaySeconds 90 MSIM delayseconds 90, effective delay seconds 90 [CONTEXT thread_id=82 ]
2025-11-17 20:19:25.450  6858-8173  BugleDataModel          com.google.android.apps.messaging    I  Scheduling country code detector action, because a subscription changed its state.
2025-11-17 20:19:25.451  6858-7154  BugleRcsEngine          com.google.android.apps.messaging    I  posted simEventProcessTask to handler with delay 90 [CONTEXT thread_id=82 ]
2025-11-17 20:19:25.451  6858-8173  BugleDataModel          com.google.android.apps.messaging    I  Scheduling self participants refresh action, because a subscription changed its state.
2025-11-17 20:19:25.451  6858-8171  SimStateSchedulerImpl   com.google.android.apps.messaging    I  Scheduling WORK_TYPE_UPDATE_PHONE_SIMS_STATE using PWQ. Delay Seconds: 0, UpdateTrigger: 2
2025-11-17 20:19:25.468  6858-8194  WM-Processor            com.google.android.apps.messaging    D  pst: processing WorkGenerationalId(workSpecId=a88b850b-374b-452e-b67e-c501649bd4e1, generation=0)
2025-11-17 20:19:25.468  6858-8174  WM-Processor            com.google.android.apps.messaging    D  Work WorkGenerationalId(workSpecId=a88b850b-374b-452e-b67e-c501649bd4e1, generation=0) is already enqueued for processing
2025-11-17 20:19:25.470  1448-1448  HWUI                    com.android.phone                    W  Image decoding logging dropped!
2025-11-17 20:19:25.474  1448-1448  Telephony               com.android.phone                    I  TelecomAccountRegistry$AccountEntry: registerPstnPhoneAccount: Registering account=[[ ] PhoneAccount: ComponentInfo{com.android.phone/com.android.services.telephony.TelephonyConnectionService}, 1, UserHandle{0} Capabilities: CallProvider MultiUser PlaceEmerg SimSub  Audio Routes: BESW Schemes: tel voicemail  Extras: Bundle[{android.telecom.extra.SUPPORTS_VIDEO_CALLING_FALLBACK=true}] GroupId: *** SC Restrictions: [ ]] with Telecom. subId=1
2025-11-17 20:19:25.475   721-2062  Telecom                 system_server                        I  TelecomServiceImpl$1: registerPhoneAccount: account=[[ ] PhoneAccount: ComponentInfo{com.android.phone/com.android.services.telephony.TelephonyConnectionService}, 1, UserHandle{0} Capabilities: CallProvider MultiUser PlaceEmerg SimSub  Audio Routes: BESW Schemes: tel voicemail  Extras: Bundle[{android.telecom.extra.SUPPORTS_VIDEO_CALLING_FALLBACK=true}] GroupId: *** SC Restrictions: [ ]]: TSI.rPA(cap)@AW0
2025-11-17 20:19:25.475   721-2062  Telecom                 system_server                        I  PhoneAccountRegistrar: Modify account: [ComponentInfo{com.android.phone/com.android.services.telephony.TelephonyConnectionService}, 1, UserHandle{0}]: TSI.rPA(cap)@AW0
2025-11-17 20:19:25.476   721-2062  Telecom                 system_server                        I  CallsManager: handlePhoneAccountChanged: phoneAccount=[[X] PhoneAccount: ComponentInfo{com.android.phone/com.android.services.telephony.TelephonyConnectionService}, 1, UserHandle{0} Capabilities: CallProvider MultiUser PlaceEmerg SimSub  Audio Routes: BESW Schemes: tel voicemail  Extras: Bundle[{android.telecom.extra.SUPPORTS_VIDEO_CALLING_FALLBACK=true}] GroupId: *** SC Restrictions: [ ]]: TSI.rPA(cap)@AW0
2025-11-17 20:19:25.478   721-2062  Telecom                 system_server                        I  PhoneAccountRegistrar: getSimCallManager: SimCallManager for subId 1 queried, returning: null: TSI.rPA(cap)@AW0
2025-11-17 20:19:25.478   721-2062  Telecom                 system_server                        I  PhoneAccountRegistrar: Notifying telephony of voice service override change for 1 SIMs, hasService = false: TSI.rPA(cap)@AW0
2025-11-17 20:19:25.480  6858-8194  MddListena...kerFactory com.google.android.apps.messaging    D  createWorker for class: com.google.android.apps.messaging.shared.datamodel.workqueue.WorkQueueWorkerShim
2025-11-17 20:19:25.485  1448-1448  PhoneInterfaceManager   com.android.phone                    I  setVoiceServiceStateOverride: subId=1, phone=Handler (com.android.internal.telephony.GsmCdmaPhone) {1bf870b}, hasService=false, callingPackage=com.android.server.telecom
2025-11-17 20:19:25.490  1448-1448  Telephony               com.android.phone                    I  TelecomAccountRegistry$AccountEntry: Registered phoneAccount: [[ ] PhoneAccount: ComponentInfo{com.android.phone/com.android.services.telephony.TelephonyConnectionService}, 1, UserHandle{0} Capabilities: CallProvider MultiUser PlaceEmerg SimSub  Audio Routes: BESW Schemes: tel voicemail  Extras: Bundle[{android.telecom.extra.SUPPORTS_VIDEO_CALLING_FALLBACK=true}] GroupId: *** SC Restrictions: [ ]] with handle: ComponentInfo{com.android.phone/com.android.services.telephony.TelephonyConnectionService}, 1, UserHandle{0}
2025-11-17 20:19:25.490  1448-1448  Telephony               com.android.phone                    I  PstnIncomingCallNotifier: Registering: [0]
2025-11-17 20:19:25.490  1448-1448  Telephony               com.android.phone                    D  Registering: Handler (com.android.internal.telephony.GsmCdmaPhone) {1bf870b}
2025-11-17 20:19:25.490  1448-1448  Telephony               com.android.phone                    W  registerMmTelCapabilityCallback: registration failed, no ImsService available. Exception: code: 1
2025-11-17 20:19:25.490  1448-1448  Telephony               com.android.phone                    W  registerImsRegistrationCallback: registration failed, no ImsService available. Exception: code: 1
2025-11-17 20:19:25.490  1448-1448  Telephony               com.android.phone                    D  Finished registering mSimultaneousCallingTrackerListener for phoneId = 0; subId = 1
2025-11-17 20:19:25.491  6858-6858  WM-WorkerWrapper        com.google.android.apps.messaging    D  Starting work for com.google.android.apps.messaging.shared.datamodel.workqueue.WorkQueueWorkerShim
2025-11-17 20:19:25.544  1258-1258  TileServices            com.android.systemui                 D  Couldn't find tile for ComponentInfo{com.google.android.apps.wellbeing/com.google.android.apps.wellbeing.focusmode.quicksettings.FocusModeTileService}(0)
2025-11-17 20:19:25.556  6858-8172  Bugle                   com.google.android.apps.messaging    W  BuglePhoneNumberUtils: canonicalizeMccMnc: invalid mccmnc. mcc: null, mnc: null
2025-11-17 20:19:25.575  6797-6827  CompatChangeReporter    com.google.android.apps.wellbeing    D  Compat change id reported: 270674727; UID 10148; state: ENABLED
2025-11-17 20:19:25.581   721-1747  uwb                     system_server                        D  uwb_uci_jni_rust::notification_manager_android: UCI JNI: core notification callback.
2025-11-17 20:19:25.583   721-1747  uwb                     system_server                        D  uwb_uci_jni_rust::notification_manager_android: UCI JNI: callback onDeviceStatusNotificationReceived
2025-11-17 20:19:25.585  6858-8174  SimStateUpdateHandler   com.google.android.apps.messaging    I  Handling SimStateUpdate. Request for 3 work type received.
2025-11-17 20:19:25.586  6858-8174  SimStateUpdateHandler   com.google.android.apps.messaging    I  Handling update phone SIM state.
2025-11-17 20:19:25.587  6858-8174  BugleSimStateTracker    com.google.android.apps.messaging    I  Updating PhoneSimState
2025-11-17 20:19:25.588  4603-4657  BugleRcsEngine          com...le.android.apps.messaging:rcs  I  SIM state event delay enabled: attempts 1, maxAttempts 3, delaySeconds 90 MSIM delayseconds 90, effective delay seconds 90 [CONTEXT thread_id=62 ]
2025-11-17 20:19:25.588   721-1747  NativeUwbManager        system_server                        D  onDeviceStatusNotificationReceived(1, default)
2025-11-17 20:19:25.588  4603-4657  BugleRcsEngine          com...le.android.apps.messaging:rcs  I  posted simEventProcessTask to handler with delay 90 [CONTEXT thread_id=62 ]
2025-11-17 20:19:25.589   721-1747  UwbServiceCore          system_server                        D  onDeviceStatusNotificationReceived(): deviceState = 1, current country code = US
2025-11-17 20:19:25.590   721-1747  UwbServiceCore          system_server                        I  updateDeviceState(): deviceState = READY, current internal adapter state = 1
2025-11-17 20:19:25.590   721-1747  UwbServiceCore          system_server                        D  updateState(): state=1, chipId=default
2025-11-17 20:19:25.590   721-1747  UwbServiceCore          system_server                        D  chipIdToStateMap = {default=1}
2025-11-17 20:19:25.591   721-1747  UwbServiceCore          system_server                        D  notifyAdapterState(): adapterState = 1, reason = 3
2025-11-17 20:19:25.596  6858-8174  BugleSimStateTracker    com.google.android.apps.messaging    I  Update trigger: 2
2025-11-17 20:19:25.596  1448-1448  MultiSimSe...Controller com.android.phone                    D  onSubscriptionsChanged
2025-11-17 20:19:25.598  6858-8174  BugleSimStateTracker    com.google.android.apps.messaging    I  Is carrier config for identified carrier: true
2025-11-17 20:19:25.599  6858-8174  BugleSimStateTracker    com.google.android.apps.messaging    I  default call SIM: redacted-pii:sim_id[chars:20,last3:897], default sms SIM redacted-pii:sim_id[chars:20,last3:897]. default data SIM redacted-pii:sim_id[chars:20,last3:897].
2025-11-17 20:19:25.601  1448-1448  MultiSimSe...Controller com.android.phone                    D  isReadyToReevaluate: subInfoInitialized=true, carrierConfigsLoaded=true, satelliteEnabledOrBeingEnabled=false
2025-11-17 20:19:25.601  1448-1448  MultiSimSe...Controller com.android.phone                    D  updateDefaults
2025-11-17 20:19:25.601  1448-1448  MultiSimSe...Controller com.android.phone                    D  isReadyToReevaluate: subInfoInitialized=true, carrierConfigsLoaded=true, satelliteEnabledOrBeingEnabled=false
2025-11-17 20:19:25.605  6636-6646  Binder                  com.google.android.gms.unstable      W  Caught a RuntimeException from the binder stub implementation. (Ask Gemini)
                                                                                                    java.lang.UnsupportedOperationException
                                                                                                    	at bbdm.b(:com.google.android.gms@254435038@25.44.35 (260800-831510661):3)
                                                                                                    	at bbdm.dispatchTransaction(:com.google.android.gms@254435038@25.44.35 (260800-831510661):33)
                                                                                                    	at buhf.a(:com.google.android.gms@254435038@25.44.35 (260800-831510661):50)
                                                                                                    	at xsd.onTransact(:com.google.android.gms@254435038@25.44.35 (260800-831510661):23)
                                                                                                    	at android.os.Binder.execTransactInternal(Binder.java:1426)
                                                                                                    	at android.os.Binder.execTransact(Binder.java:1365)
2025-11-17 20:19:25.606  1448-1448  MultiSimSe...Controller com.android.phone                    D  updateDefaultValues: change: 0
2025-11-17 20:19:25.606  1448-1448  MultiSimSe...Controller com.android.phone                    D  isReadyToReevaluate: subInfoInitialized=true, carrierConfigsLoaded=true, satelliteEnabledOrBeingEnabled=false
2025-11-17 20:19:25.607  6858-8174  BugleSimStateTracker    com.google.android.apps.messaging    I  Looking up Fi through package names.
2025-11-17 20:19:25.616  1448-1448  CallNotifier            com.android.phone                    I  onSubscriptionsChanged
2025-11-17 20:19:25.617  1448-1448  CallNotifier            com.android.phone                    I  updatePhoneStateListeners: update CF/MWI for subId=1
2025-11-17 20:19:25.617  1448-1448  NotificationMgr         com.android.phone                    I  updateCfi: subId= 1, visible=N
2025-11-17 20:19:25.617  6858-8174  BugleSimStateTracker    com.google.android.apps.messaging    I  All newly built SimSubscriptionInfos: [(simId: redacted-pii:sim_id[chars:20,last3:897],
                                                                                                    subId: 1,
                                                                                                    simSlot: 0,
                                                                                                    imsi: redacted-pii:imsi[chars:15],
                                                                                                    phoneNumber: redacted-pii:phone_number[chars:12,last2:67],
                                                                                                    countryCode: US,
                                                                                                    networkOperatorName: T-Mobile,
                                                                                                    subscriptionGroupUuid: ,
                                                                                                    mcc: 310,
                                                                                                    mnc: 260,
                                                                                                    simCarrierId: 1,
                                                                                                    iccid: redacted-pii:sim_iccid[chars:20],
                                                                                                    isFi: false,
                                                                                                    loggableGuid: ee8bbbe1-253e-4511-b49e-d26e5fb7875b,
                                                                                                    formattedMsisdn: redacted-pii:phone_number[chars:12,last2:67],
                                                                                                    simOperatorName: T-Mobile,
                                                                                                    simOperator: 310260,
                                                                                                    groupIdLevel1: ,
                                                                                                    preferredSubscriptionName: T-Mobile)]
2025-11-17 20:19:25.618  6858-8174  BugleSimStateTracker    com.google.android.apps.messaging    I  Storing updatedSimSubscriptionInfos: [(redacted-pii:sim_id[chars:20,last3:897], ee8bbbe1-253e-4511-b49e-d26e5fb7875b)]
2025-11-17 20:19:25.619  6858-8174  BugleSimStateTracker    com.google.android.apps.messaging    I  No newly loaded SIMs on phone sim state update.
2025-11-17 20:19:25.620  1448-1448  NotificationMgr         com.android.phone                    I  updateMwi(): subId:1 isRefresh:true state:N->N (changed:N)
2025-11-17 20:19:25.628  1448-1448  NotificationMgr         com.android.phone                    I  maybeSendVoicemailNotificationUsingDefaultDialer: count: 0->0 (changed=false)
2025-11-17 20:19:25.628  1448-1448  NotificationMgr         com.android.phone                    I  maybeSendVoicemailNotificationUsingDefaultDialer: skip bcast to:com.google.android.dialer, user:UserHandle{0}
2025-11-17 20:19:25.628  1448-1448  Telephony               com.android.phone                    I  TelecomAccountRegistry: onSubscriptionsChanged - update accounts
2025-11-17 20:19:25.628  1448-1448  Telephony               com.android.phone                    I  PstnIncomingCallNotifier: Unregistering: [0]
2025-11-17 20:19:25.628  1448-1448  Telephony               com.android.phone                    D  Unregistering: Handler (com.android.internal.telephony.GsmCdmaPhone) {1bf870b}
2025-11-17 20:19:25.628  1448-1448  PhoneInterfaceManager   com.android.phone                    I  unregisterMmTelCapabilityCallback: 1 is inactive, ignoring unregister.
2025-11-17 20:19:25.628  1448-1448  PhoneInterfaceManager   com.android.phone                    I  unregisterImsRegistrationCallback: 1is inactive, ignoring unregister.
2025-11-17 20:19:25.629  1448-1448  Telephony               com.android.phone                    I  TelecomAccountRegistry: setupAccounts: Found 1 phones.  Attempting to register.
2025-11-17 20:19:25.629  1448-1448  Telephony               com.android.phone                    I  TelecomAccountRegistry: setupAccounts: Phone with subscription id 1
2025-11-17 20:19:25.630  1448-1448  Simultaneo...ingTracker com.android.phone                    V  Device is not simultaneous calling capable
2025-11-17 20:19:25.632   721-2148  ActivityManager         system_server                        I  Process com.google.android.onetimeinitializer (pid 3779) has died: cch+85 CEM 
2025-11-17 20:19:25.633  1448-1448  Telephony               com.android.phone                    D  isEmergencyPreferredAccount: subId=1, activeData=1
2025-11-17 20:19:25.633  1448-1448  Telephony               com.android.phone                    D  isEmergencyPreferredAccount: Device does not require preference.
2025-11-17 20:19:25.634  1448-1448  Telephony               com.android.phone                    I  isRttCurrentlySupported -- regular acct, hasVoiceAvailability: false
                                                                                                     isRttSupported: false
                                                                                                     alwaysAllowWhileRoaming: false
                                                                                                     isRoaming: false
                                                                                                     isOnWfc: false
2025-11-17 20:19:25.637   721-770   libprocessgroup         system_server                        I  Removed cgroup /sys/fs/cgroup/apps/uid_10135/pid_3779
2025-11-17 20:19:25.644   487-487   Zygote                  zygote64                             I  Process 3779 exited due to signal 9 (Killed)
2025-11-17 20:19:25.653  6858-8194  WM-WorkerWrapper        com.google.android.apps.messaging    I  Worker result SUCCESS for Work [ id=a88b850b-374b-452e-b67e-c501649bd4e1, tags={ com.google.android.apps.messaging.shared.datamodel.workqueue.WorkQueueWorkerShim,sim_state_update_queue-WORK_TYPE_UPDATE_PHONE_SIMS_STATE } ]
2025-11-17 20:19:25.657  6858-6858  WM-Processor            com.google.android.apps.messaging    D  pst a88b850b-374b-452e-b67e-c501649bd4e1 executed; reschedule = false
2025-11-17 20:19:25.657  6858-6858  WM-SystemJobService     com.google.android.apps.messaging    D  a88b850b-374b-452e-b67e-c501649bd4e1 executed on JobScheduler
2025-11-17 20:19:25.661  6858-8194  WM-GreedyScheduler      com.google.android.apps.messaging    D  Cancelling work ID a88b850b-374b-452e-b67e-c501649bd4e1
2025-11-17 20:19:25.663  6858-8194  WM-GreedyScheduler      com.google.android.apps.messaging    D  Ignoring {WorkSpec: 2da25322-ef75-47cf-ada4-5fa4ea0d6295}. Requires device idle.
2025-11-17 20:19:25.663  6858-8194  WM-GreedyScheduler      com.google.android.apps.messaging    D  Ignoring {WorkSpec: 043e6abb-c0d8-4041-b491-32f2c3824919}. Requires device idle.
2025-11-17 20:19:25.663  6858-8194  WM-GreedyScheduler      com.google.android.apps.messaging    D  Ignoring {WorkSpec: 210d077e-58b2-4ff7-9d01-c4b49665b23d}. Requires device idle.
2025-11-17 20:19:25.663  6858-8194  WM-GreedyScheduler      com.google.android.apps.messaging    D  Ignoring {WorkSpec: 0bea5727-2c74-49f4-a369-4d9d0b35e2a1}. Requires device idle.
2025-11-17 20:19:25.663  6858-8194  WM-GreedyScheduler      com.google.android.apps.messaging    D  Starting tracking for 837c426e-7605-471e-952c-090e9300e21a,43448968-23b8-4bcf-a767-e38ad7e32f07
2025-11-17 20:19:25.665  1258-1258  TileServices            com.android.systemui                 D  Couldn't find tile for ComponentInfo{com.google.android.apps.wellbeing/com.google.android.apps.wellbeing.screen.ui.GrayscaleTileService}(0)
2025-11-17 20:19:25.688  1448-1448  HWUI                    com.android.phone                    W  Image decoding logging dropped!
2025-11-17 20:19:25.698  1448-1448  Telephony               com.android.phone                    I  TelecomAccountRegistry$AccountEntry: registerPstnPhoneAccount: Registering account=[[ ] PhoneAccount: ComponentInfo{com.android.phone/com.android.services.telephony.TelephonyConnectionService}, 1, UserHandle{0} Capabilities: CallProvider MultiUser PlaceEmerg SimSub  Audio Routes: BESW Schemes: tel voicemail  Extras: Bundle[{android.telecom.extra.SUPPORTS_VIDEO_CALLING_FALLBACK=true}] GroupId: *** SC Restrictions: [ ]] with Telecom. subId=1
2025-11-17 20:19:25.700   721-750   Telecom                 system_server                        I  TelecomServiceImpl$1: registerPhoneAccount: account=[[ ] PhoneAccount: ComponentInfo{com.android.phone/com.android.services.telephony.TelephonyConnectionService}, 1, UserHandle{0} Capabilities: CallProvider MultiUser PlaceEmerg SimSub  Audio Routes: BESW Schemes: tel voicemail  Extras: Bundle[{android.telecom.extra.SUPPORTS_VIDEO_CALLING_FALLBACK=true}] GroupId: *** SC Restrictions: [ ]]: TSI.rPA(cap)@AXI
2025-11-17 20:19:25.711   721-750   Telecom                 system_server                        I  PhoneAccountRegistrar: Modify account: [ComponentInfo{com.android.phone/com.android.services.telephony.TelephonyConnectionService}, 1, UserHandle{0}]: TSI.rPA(cap)@AXI
2025-11-17 20:19:25.714   721-750   Telecom                 system_server                        I  CallsManager: handlePhoneAccountChanged: phoneAccount=[[X] PhoneAccount: ComponentInfo{com.android.phone/com.android.services.telephony.TelephonyConnectionService}, 1, UserHandle{0} Capabilities: CallProvider MultiUser PlaceEmerg SimSub  Audio Routes: BESW Schemes: tel voicemail  Extras: Bundle[{android.telecom.extra.SUPPORTS_VIDEO_CALLING_FALLBACK=true}] GroupId: *** SC Restrictions: [ ]]: TSI.rPA(cap)@AXI
2025-11-17 20:19:25.722   721-750   Telecom                 system_server                        I  PhoneAccountRegistrar: getSimCallManager: SimCallManager for subId 1 queried, returning: null: TSI.rPA(cap)@AXI
2025-11-17 20:19:25.722   721-750   Telecom                 system_server                        I  PhoneAccountRegistrar: Notifying telephony of voice service override change for 1 SIMs, hasService = false: TSI.rPA(cap)@AXI
2025-11-17 20:19:25.724  1448-1448  PhoneInterfaceManager   com.android.phone                    I  setVoiceServiceStateOverride: subId=1, phone=Handler (com.android.internal.telephony.GsmCdmaPhone) {1bf870b}, hasService=false, callingPackage=com.android.server.telecom
2025-11-17 20:19:25.725  1448-1448  Telephony               com.android.phone                    I  TelecomAccountRegistry$AccountEntry: Registered phoneAccount: [[ ] PhoneAccount: ComponentInfo{com.android.phone/com.android.services.telephony.TelephonyConnectionService}, 1, UserHandle{0} Capabilities: CallProvider MultiUser PlaceEmerg SimSub  Audio Routes: BESW Schemes: tel voicemail  Extras: Bundle[{android.telecom.extra.SUPPORTS_VIDEO_CALLING_FALLBACK=true}] GroupId: *** SC Restrictions: [ ]] with handle: ComponentInfo{com.android.phone/com.android.services.telephony.TelephonyConnectionService}, 1, UserHandle{0}
2025-11-17 20:19:25.725  1448-1448  Telephony               com.android.phone                    I  PstnIncomingCallNotifier: Registering: [0]
2025-11-17 20:19:25.725  1448-1448  Telephony               com.android.phone                    D  Registering: Handler (com.android.internal.telephony.GsmCdmaPhone) {1bf870b}
2025-11-17 20:19:25.725  1448-1448  Telephony               com.android.phone                    W  registerMmTelCapabilityCallback: registration failed, no ImsService available. Exception: code: 1
2025-11-17 20:19:25.725  1448-1448  Telephony               com.android.phone                    W  registerImsRegistrationCallback: registration failed, no ImsService available. Exception: code: 1
2025-11-17 20:19:25.725  1448-1448  Telephony               com.android.phone                    D  Finished registering mSimultaneousCallingTrackerListener for phoneId = 0; subId = 1
2025-11-17 20:19:25.728  1448-1448  ImsExternalCallTracker  com.android.phone                    I  handleVideoCapabilitiesChanged : isVideoCapable = false
2025-11-17 20:19:25.728  1448-1448  ImsExternalCallTracker  com.android.phone                    D  refreshCallPullState
2025-11-17 20:19:25.728  1448-1448  Telephony               com.android.phone                    I  handleVideoCapabilitesChanged. Video capability - false
2025-11-17 20:19:25.728  1448-1448  ImsExternalCallTracker  com.android.phone                    I  handleVideoCapabilitiesChanged : isVideoCapable = false
2025-11-17 20:19:25.728  1448-1448  ImsExternalCallTracker  com.android.phone                    D  refreshCallPullState
2025-11-17 20:19:25.728  1448-1448  Telephony               com.android.phone                    I  handleVideoCapabilitesChanged. Video capability - false
2025-11-17 20:19:25.729  1448-1448  Telephony               com.android.phone                    D  isEmergencyPreferredAccount: subId=1, activeData=1
