2025-12-09 12:42:27.642   664-664   TlcKM                   pid-664                              D  split_update_chunks
2025-12-09 12:42:27.644   664-664   TlcKM                   pid-664                              D  release_operation_slot: release op slot #0 (handle 0x631ec1a8d2f13616; 0 ops live)
2025-12-09 12:42:27.644   664-664   TlcKM                   pid-664                              D  TEE_Finish exiting with 0
2025-12-09 12:42:27.644   664-664   TlcKM                   pid-664                              D  TEE_Abort
2025-12-09 12:42:27.644   664-664   TlcKM                   pid-664                              E  lookup_operation: op 0x631ec1a8d2f13616 not found
2025-12-09 12:42:27.644   664-664   TlcKM                   pid-664                              E  lookup_operation(session, operation_handle, &op) == -28
2025-12-09 12:42:27.644   664-664   TlcKM                   pid-664                              D  TEE_Abort exiting with -28
2025-12-09 12:42:27.645   662-21498 keystore2               pid-662                              I  system/security/keystore2/src/security_level.rs:235 - create_operation start
2025-12-09 12:42:27.645   662-21498 keystore2               pid-662                              I  system/security/keystore2/src/security_level.rs:237 - caller_pid=12440
2025-12-09 12:42:27.645   662-21498 keystore2               pid-662                              I  system/security/keystore2/src/security_level.rs:238 - caller_uid=10287
2025-12-09 12:42:27.645   662-21498 keystore2               pid-662                              I  system/security/keystore2/src/security_level.rs:239 - forced=false
2025-12-09 12:42:27.645   662-21498 keystore2               pid-662                              I  system/security/keystore2/src/security_level.rs:240 - key.domain=r#KEY_ID
2025-12-09 12:42:27.645   662-21498 keystore2               pid-662                              I  system/security/keystore2/src/security_level.rs:241 - key.alias=None
2025-12-09 12:42:27.645   662-21498 keystore2               pid-662                              I  system/security/keystore2/src/security_level.rs:277 - with_try_import start
2025-12-09 12:42:27.645   662-21498 keystore2               pid-662                              I  system/security/keystore2/src/security_level.rs:299 - with_try_import end
2025-12-09 12:42:27.645   662-21498 keystore2               pid-662                              I  system/security/keystore2/src/security_level.rs:333 - authorize_create start
2025-12-09 12:42:27.645   662-21498 keystore2               pid-662                              I  system/security/keystore2/src/security_level.rs:344 - authorize_create end
2025-12-09 12:42:27.645   662-21498 keystore2               pid-662                              I  system/security/keystore2/src/security_level.rs:345 - unwrap_key_if_required start
2025-12-09 12:42:27.645   662-21498 keystore2               pid-662                              I  system/security/keystore2/src/security_level.rs:353 - unwrap_key_if_required end
2025-12-09 12:42:27.646   662-21498 keystore2               pid-662                              I  system/security/keystore2/src/security_level.rs:354 - upgrade_keyblob_if_required_with start
2025-12-09 12:42:27.646   664-664   TlcKM                   pid-664                              D  TEE_Begin 5.0
2025-12-09 12:42:27.646   664-664   TlcKM                   pid-664                              D  purpose = 0x00000001
2025-12-09 12:42:27.646  1566-1700  ApplicationHelper       pid-1566                             E  Fail to get PackageManager
2025-12-09 12:42:27.647   664-664   TlcKM                   pid-664                              D  find_spare_operation_slot: allocate op 0x585dd3c4011d80d6 to slot #0 (1 ops live)
2025-12-09 12:42:27.648   664-664   TlcKM                   pid-664                              D  TEE_Begin exiting with 0
2025-12-09 12:42:27.649   662-21498 keystore2               pid-662                              I  system/security/keystore2/src/security_level.rs:395 - upgrade_keyblob_if_required_with end
2025-12-09 12:42:27.649   662-21498 keystore2               pid-662                              I  system/security/keystore2/src/enforcements.rs:249 - finalize_create_authorization self.state=NoAuthRequired
2025-12-09 12:42:27.649   662-21498 keystore2               pid-662                              I  system/security/keystore2/src/security_level.rs:401 - operation_db.create_operation start
2025-12-09 12:42:27.649   662-21498 keystore2               pid-662                              I  system/security/keystore2/src/security_level.rs:419 - operation_db.create_operation end
2025-12-09 12:42:27.649   664-664   TlcKM                   pid-664                              D  TEE_Update
2025-12-09 12:42:27.649   664-664   TlcKM                   pid-664                              D  split_update_chunks
2025-12-09 12:42:27.650  3213-3674  SystemUINo...cationLice pid-3213                             D  updateButtonVisibleIfNeeded Notification(channel=cdc_service_channel shortcut=null contentView=null vibrate=null sound=null defaults=0 flags=ONGOING_EVENT|NO_CLEAR|FOREGROUND_SERVICE|NO_DISMISS color=0x00000000 category=service vis=PRIVATE)
2025-12-09 12:42:27.653   664-664   TlcKM                   pid-664                              D  TEE_Update exiting with 0
2025-12-09 12:42:27.653   664-664   TlcKM                   pid-664                              D  TEE_Finish
2025-12-09 12:42:27.653   664-664   TlcKM                   pid-664                              D  split_update_chunks
2025-12-09 12:42:27.654   664-664   TlcKM                   pid-664                              D  release_operation_slot: release op slot #0 (handle 0x585dd3c4011d80d6; 0 ops live)
2025-12-09 12:42:27.654   664-664   TlcKM                   pid-664                              D  TEE_Finish exiting with 0
2025-12-09 12:42:27.656   662-21498 keystore2               pid-662                              I  system/security/keystore2/src/security_level.rs:235 - create_operation start
2025-12-09 12:42:27.656   664-664   TlcKM                   pid-664                              D  TEE_Abort
2025-12-09 12:42:27.656   664-664   TlcKM                   pid-664                              E  lookup_operation: op 0x585dd3c4011d80d6 not found
2025-12-09 12:42:27.656   662-21498 keystore2               pid-662                              I  system/security/keystore2/src/security_level.rs:237 - caller_pid=12440
2025-12-09 12:42:27.656   664-664   TlcKM                   pid-664                              E  lookup_operation(session, operation_handle, &op) == -28
2025-12-09 12:42:27.656   664-664   TlcKM                   pid-664                              D  TEE_Abort exiting with -28
2025-12-09 12:42:27.656   662-21498 keystore2               pid-662                              I  system/security/keystore2/src/security_level.rs:238 - caller_uid=10287
2025-12-09 12:42:27.656   662-21498 keystore2               pid-662                              I  system/security/keystore2/src/security_level.rs:239 - forced=false
2025-12-09 12:42:27.656   662-21498 keystore2               pid-662                              I  system/security/keystore2/src/security_level.rs:240 - key.domain=r#KEY_ID
2025-12-09 12:42:27.656   662-21498 keystore2               pid-662                              I  system/security/keystore2/src/security_level.rs:241 - key.alias=None
2025-12-09 12:42:27.656   662-21498 keystore2               pid-662                              I  system/security/keystore2/src/security_level.rs:277 - with_try_import start
2025-12-09 12:42:27.656   662-21498 keystore2               pid-662                              I  system/security/keystore2/src/security_level.rs:299 - with_try_import end
2025-12-09 12:42:27.656   662-21498 keystore2               pid-662                              I  system/security/keystore2/src/security_level.rs:333 - authorize_create start
2025-12-09 12:42:27.656   662-21498 keystore2               pid-662                              I  system/security/keystore2/src/security_level.rs:344 - authorize_create end
2025-12-09 12:42:27.656   662-21498 keystore2               pid-662                              I  system/security/keystore2/src/security_level.rs:345 - unwrap_key_if_required start
2025-12-09 12:42:27.656   662-21498 keystore2               pid-662                              I  system/security/keystore2/src/security_level.rs:353 - unwrap_key_if_required end
2025-12-09 12:42:27.656   662-21498 keystore2               pid-662                              I  system/security/keystore2/src/security_level.rs:354 - upgrade_keyblob_if_required_with start
2025-12-09 12:42:27.657   664-664   TlcKM                   pid-664                              D  TEE_Begin 5.0
2025-12-09 12:42:27.657   664-664   TlcKM                   pid-664                              D  purpose = 0x00000001
2025-12-09 12:42:27.659   664-664   TlcKM                   pid-664                              D  find_spare_operation_slot: allocate op 0x4b99ec81c3c2b1ba to slot #0 (1 ops live)
2025-12-09 12:42:27.660   664-664   TlcKM                   pid-664                              D  TEE_Begin exiting with 0
2025-12-09 12:42:27.660   662-21498 keystore2               pid-662                              I  system/security/keystore2/src/security_level.rs:395 - upgrade_keyblob_if_required_with end
2025-12-09 12:42:27.660   662-21498 keystore2               pid-662                              I  system/security/keystore2/src/enforcements.rs:249 - finalize_create_authorization self.state=NoAuthRequired
2025-12-09 12:42:27.660   662-21498 keystore2               pid-662                              I  system/security/keystore2/src/security_level.rs:401 - operation_db.create_operation start
2025-12-09 12:42:27.660   662-21498 keystore2               pid-662                              I  system/security/keystore2/src/security_level.rs:419 - operation_db.create_operation end
2025-12-09 12:42:27.661   664-664   TlcKM                   pid-664                              D  TEE_Update
2025-12-09 12:42:27.661   664-664   TlcKM                   pid-664                              D  split_update_chunks
2025-12-09 12:42:27.663   664-664   TlcKM                   pid-664                              D  TEE_Update exiting with 0
2025-12-09 12:42:27.663   664-664   TlcKM                   pid-664                              D  TEE_Finish
2025-12-09 12:42:27.663   664-664   TlcKM                   pid-664                              D  split_update_chunks
2025-12-09 12:42:27.665  3213-3674  ndroid.systemui         pid-3213                             E  == MALI DEBUG ===eglp_winsys_populate_image_templates ==12288
2025-12-09 12:42:27.663  1566-3186  Hiber/importantScene    pid-1566                             I  isTrafficActive uid:10265 speed :0
2025-12-09 12:42:27.667  1566-3186  Hiber/appStateMachine   pid-1566                             I  uid:10265 enter FrozenState
2025-12-09 12:42:27.667  1566-3186  Hiber/stateManager      pid-1566                             I  freeze uid: 10265 com.facebook.katana costTime=1ms ,last unfreeze invalid
2025-12-09 12:42:27.667  1566-3186  Hiber/restrictionPolicy pid-1566                             I  uid:10265  pkgName:com.facebook.katana isAllowedNet
2025-12-09 12:42:27.668  1566-3187  Hiber/hiber             pid-1566                             I  msg for start proxy frozen state
2025-12-09 12:42:27.668   664-664   TlcKM                   pid-664                              D  release_operation_slot: release op slot #0 (handle 0x4b99ec81c3c2b1ba; 0 ops live)
2025-12-09 12:42:27.668   664-664   TlcKM                   pid-664                              D  TEE_Finish exiting with 0
2025-12-09 12:42:27.668   664-664   TlcKM                   pid-664                              D  TEE_Abort
2025-12-09 12:42:27.668   664-664   TlcKM                   pid-664                              E  lookup_operation: op 0x4b99ec81c3c2b1ba not found
2025-12-09 12:42:27.668   664-664   TlcKM                   pid-664                              E  lookup_operation(session, operation_handle, &op) == -28
2025-12-09 12:42:27.668   664-664   TlcKM                   pid-664                              D  TEE_Abort exiting with -28
2025-12-09 12:42:27.673   662-678   keystore2               pid-662                              I  system/security/keystore2/src/security_level.rs:235 - create_operation start
2025-12-09 12:42:27.673   662-678   keystore2               pid-662                              I  system/security/keystore2/src/security_level.rs:237 - caller_pid=12440
2025-12-09 12:42:27.673   662-678   keystore2               pid-662                              I  system/security/keystore2/src/security_level.rs:238 - caller_uid=10287
2025-12-09 12:42:27.673   662-678   keystore2               pid-662                              I  system/security/keystore2/src/security_level.rs:239 - forced=false
2025-12-09 12:42:27.673   662-678   keystore2               pid-662                              I  system/security/keystore2/src/security_level.rs:240 - key.domain=r#KEY_ID
2025-12-09 12:42:27.673   662-678   keystore2               pid-662                              I  system/security/keystore2/src/security_level.rs:241 - key.alias=None
2025-12-09 12:42:27.673   662-678   keystore2               pid-662                              I  system/security/keystore2/src/security_level.rs:277 - with_try_import start
2025-12-09 12:42:27.673   662-678   keystore2               pid-662                              I  system/security/keystore2/src/security_level.rs:299 - with_try_import end
2025-12-09 12:42:27.673   662-678   keystore2               pid-662                              I  system/security/keystore2/src/security_level.rs:333 - authorize_create start
2025-12-09 12:42:27.673   662-678   keystore2               pid-662                              I  system/security/keystore2/src/security_level.rs:344 - authorize_create end
2025-12-09 12:42:27.673   662-678   keystore2               pid-662                              I  system/security/keystore2/src/security_level.rs:345 - unwrap_key_if_required start
2025-12-09 12:42:27.673   662-678   keystore2               pid-662                              I  system/security/keystore2/src/security_level.rs:353 - unwrap_key_if_required end
2025-12-09 12:42:27.673   662-678   keystore2               pid-662                              I  system/security/keystore2/src/security_level.rs:354 - upgrade_keyblob_if_required_with start
2025-12-09 12:42:27.673   664-664   TlcKM                   pid-664                              D  TEE_Begin 5.0
2025-12-09 12:42:27.673   664-664   TlcKM                   pid-664                              D  purpose = 0x00000002
2025-12-09 12:42:27.674  1566-3187  ActivityManager         pid-1566                             D  Hiber try idle uid[10265] by hiber ,bgTime>0 ? true,isIdled before ? false ,isCurAllowListed ? false ,isProcStateBackground?true
2025-12-09 12:42:27.674  1566-3187  ActivityManager         pid-1566                             D  Hiber try idle uid[10265] by hiber
2025-12-09 12:42:27.674  1566-3187  Hiber/proxyManager      pid-1566                             I  p_service: 10265
2025-12-09 12:42:27.674  1566-3187  Hiber/proxyManager      pid-1566                             I  p_job: 10265 pkgName=com.facebook.katana which=2
2025-12-09 12:42:27.675  1566-1700  ApplicationHelper       pid-1566                             E  Fail to get PackageManager
2025-12-09 12:42:27.675  1566-3187  Hiber/hiber             pid-1566                             I  proxy alarm (uid=10265, pkgName=com.facebook.katana)
2025-12-09 12:42:27.675  1566-3187  Hiber/proxyManager      pid-1566                             I  p_alarm: uid=10265, pkgName=com.facebook.katana
2025-12-09 12:42:27.675   664-664   TlcKM                   pid-664                              D  find_spare_operation_slot: allocate op 0x9e1f34f8cc045ca8 to slot #0 (1 ops live)
2025-12-09 12:42:27.675  1566-3187  Hiber/alar...iceExtImpl pid-1566                             D  proxyAlarms leave, uid=10265, packageName=com.facebook.katana
2025-12-09 12:42:27.675  1566-3187  Hiber/proxyManager      pid-1566                             I  p_sensor: uid=10265, pkgName=com.facebook.katana
2025-12-09 12:42:27.676   664-664   TlcKM                   pid-664                              D  TEE_Begin exiting with 0
2025-12-09 12:42:27.676   662-678   keystore2               pid-662                              I  system/security/keystore2/src/security_level.rs:395 - upgrade_keyblob_if_required_with end
2025-12-09 12:42:27.676   662-678   keystore2               pid-662                              I  system/security/keystore2/src/enforcements.rs:249 - finalize_create_authorization self.state=NoAuthRequired
2025-12-09 12:42:27.676   662-678   keystore2               pid-662                              I  system/security/keystore2/src/security_level.rs:401 - operation_db.create_operation start
2025-12-09 12:42:27.676   662-678   keystore2               pid-662                              I  system/security/keystore2/src/security_level.rs:419 - operation_db.create_operation end
2025-12-09 12:42:27.677   664-664   TlcKM                   pid-664                              D  TEE_Finish
2025-12-09 12:42:27.677   664-664   TlcKM                   pid-664                              D  split_update_chunks
2025-12-09 12:42:27.677 20756-20785 dex2oat32               pid-20756                            W  Compilation of java.lang.Object azho.a(java.lang.Object, java.lang.Object, java.lang.Object) took 169.912ms
2025-12-09 12:42:27.678   664-664   TlcKM                   pid-664                              D  release_operation_slot: release op slot #0 (handle 0x9e1f34f8cc045ca8; 0 ops live)
2025-12-09 12:42:27.678   664-664   TlcKM                   pid-664                              D  TEE_Finish exiting with 0
2025-12-09 12:42:27.680   664-664   TlcKM                   pid-664                              D  TEE_Abort
2025-12-09 12:42:27.680   664-664   TlcKM                   pid-664                              E  lookup_operation: op 0x9e1f34f8cc045ca8 not found
2025-12-09 12:42:27.680   664-664   TlcKM                   pid-664                              E  lookup_operation(session, operation_handle, &op) == -28
2025-12-09 12:42:27.680   664-664   TlcKM                   pid-664                              D  TEE_Abort exiting with -28
2025-12-09 12:42:27.682 20756-20783 dex2oat32               pid-20756                            W  Compilation of boolean azsz.a(int) took 129.632ms
2025-12-09 12:42:27.684   662-21497 keystore2               pid-662                              I  system/security/keystore2/src/security_level.rs:235 - create_operation start
2025-12-09 12:42:27.684   662-21497 keystore2               pid-662                              I  system/security/keystore2/src/security_level.rs:237 - caller_pid=12440
2025-12-09 12:42:27.684   662-21497 keystore2               pid-662                              I  system/security/keystore2/src/security_level.rs:238 - caller_uid=10287
2025-12-09 12:42:27.684   662-21497 keystore2               pid-662                              I  system/security/keystore2/src/security_level.rs:239 - forced=false
2025-12-09 12:42:27.684   662-21497 keystore2               pid-662                              I  system/security/keystore2/src/security_level.rs:240 - key.domain=r#KEY_ID
2025-12-09 12:42:27.684   662-21497 keystore2               pid-662                              I  system/security/keystore2/src/security_level.rs:241 - key.alias=None
2025-12-09 12:42:27.684   662-21497 keystore2               pid-662                              I  system/security/keystore2/src/security_level.rs:277 - with_try_import start
2025-12-09 12:42:27.685   662-21497 keystore2               pid-662                              I  system/security/keystore2/src/security_level.rs:299 - with_try_import end
2025-12-09 12:42:27.685   662-21497 keystore2               pid-662                              I  system/security/keystore2/src/security_level.rs:333 - authorize_create start
2025-12-09 12:42:27.685   662-21497 keystore2               pid-662                              I  system/security/keystore2/src/security_level.rs:344 - authorize_create end
2025-12-09 12:42:27.685   662-21497 keystore2               pid-662                              I  system/security/keystore2/src/security_level.rs:345 - unwrap_key_if_required start
2025-12-09 12:42:27.685   662-21497 keystore2               pid-662                              I  system/security/keystore2/src/security_level.rs:353 - unwrap_key_if_required end
2025-12-09 12:42:27.685   662-21497 keystore2               pid-662                              I  system/security/keystore2/src/security_level.rs:354 - upgrade_keyblob_if_required_with start
2025-12-09 12:42:27.685   664-664   TlcKM                   pid-664                              D  TEE_Begin 5.0
2025-12-09 12:42:27.685   664-664   TlcKM                   pid-664                              D  purpose = 0x00000000
2025-12-09 12:42:27.686  1566-3189  Hiber/nati...viceClient pid-1566                             I  watch app network uid=10265, persistent=0
2025-12-09 12:42:27.686   664-664   TlcKM                   pid-664                              D  find_spare_operation_slot: allocate op 0x38996f1d5e4c4aaf to slot #0 (1 ops live)
2025-12-09 12:42:27.687   664-664   TlcKM                   pid-664                              D  TEE_Begin exiting with 0
2025-12-09 12:42:27.688   662-21497 keystore2               pid-662                              I  system/security/keystore2/src/security_level.rs:395 - upgrade_keyblob_if_required_with end
2025-12-09 12:42:27.688   662-21497 keystore2               pid-662                              I  system/security/keystore2/src/enforcements.rs:249 - finalize_create_authorization self.state=NoAuthRequired
2025-12-09 12:42:27.688   662-21497 keystore2               pid-662                              I  system/security/keystore2/src/security_level.rs:401 - operation_db.create_operation start
2025-12-09 12:42:27.688   662-21497 keystore2               pid-662                              I  system/security/keystore2/src/security_level.rs:419 - operation_db.create_operation end
2025-12-09 12:42:27.688   664-664   TlcKM                   pid-664                              D  TEE_Update
2025-12-09 12:42:27.688   664-664   TlcKM                   pid-664                              D  split_update_chunks
2025-12-09 12:42:27.690   664-664   TlcKM                   pid-664                              D  TEE_Update exiting with 0
2025-12-09 12:42:27.690   664-664   TlcKM                   pid-664                              D  TEE_Finish
2025-12-09 12:42:27.690   664-664   TlcKM                   pid-664                              D  split_update_chunks
2025-12-09 12:42:27.692   664-664   TlcKM                   pid-664                              D  release_operation_slot: release op slot #0 (handle 0x38996f1d5e4c4aaf; 0 ops live)
2025-12-09 12:42:27.692   664-664   TlcKM                   pid-664                              D  TEE_Finish exiting with 0
2025-12-09 12:42:27.694   662-678   keystore2               pid-662                              I  system/security/keystore2/src/security_level.rs:235 - create_operation start
2025-12-09 12:42:27.694   662-678   keystore2               pid-662                              I  system/security/keystore2/src/security_level.rs:237 - caller_pid=12440
2025-12-09 12:42:27.694   662-678   keystore2               pid-662                              I  system/security/keystore2/src/security_level.rs:238 - caller_uid=10287
2025-12-09 12:42:27.694   662-678   keystore2               pid-662                              I  system/security/keystore2/src/security_level.rs:239 - forced=false
2025-12-09 12:42:27.694   662-678   keystore2               pid-662                              I  system/security/keystore2/src/security_level.rs:240 - key.domain=r#KEY_ID
2025-12-09 12:42:27.694   662-678   keystore2               pid-662                              I  system/security/keystore2/src/security_level.rs:241 - key.alias=None
2025-12-09 12:42:27.694   662-678   keystore2               pid-662                              I  system/security/keystore2/src/security_level.rs:277 - with_try_import start
2025-12-09 12:42:27.694   664-664   TlcKM                   pid-664                              D  TEE_Abort
2025-12-09 12:42:27.694   664-664   TlcKM                   pid-664                              E  lookup_operation: op 0x38996f1d5e4c4aaf not found
2025-12-09 12:42:27.694   664-664   TlcKM                   pid-664                              E  lookup_operation(session, operation_handle, &op) == -28
2025-12-09 12:42:27.694   664-664   TlcKM                   pid-664                              D  TEE_Abort exiting with -28
2025-12-09 12:42:27.694   662-678   keystore2               pid-662                              I  system/security/keystore2/src/security_level.rs:299 - with_try_import end
2025-12-09 12:42:27.694   662-678   keystore2               pid-662                              I  system/security/keystore2/src/security_level.rs:333 - authorize_create start
2025-12-09 12:42:27.694   662-678   keystore2               pid-662                              I  system/security/keystore2/src/security_level.rs:344 - authorize_create end
2025-12-09 12:42:27.694   662-678   keystore2               pid-662                              I  system/security/keystore2/src/security_level.rs:345 - unwrap_key_if_required start
2025-12-09 12:42:27.694   662-678   keystore2               pid-662                              I  system/security/keystore2/src/security_level.rs:353 - unwrap_key_if_required end
2025-12-09 12:42:27.694   662-678   keystore2               pid-662                              I  system/security/keystore2/src/security_level.rs:354 - upgrade_keyblob_if_required_with start
2025-12-09 12:42:27.694   664-664   TlcKM                   pid-664                              D  TEE_Begin 5.0
2025-12-09 12:42:27.694   664-664   TlcKM                   pid-664                              D  purpose = 0x00000001
2025-12-09 12:42:27.696   664-664   TlcKM                   pid-664                              D  find_spare_operation_slot: allocate op 0x1bad0dc3b2bbe375 to slot #0 (1 ops live)
2025-12-09 12:42:27.698   664-664   TlcKM                   pid-664                              D  TEE_Begin exiting with 0
2025-12-09 12:42:27.698   662-678   keystore2               pid-662                              I  system/security/keystore2/src/security_level.rs:395 - upgrade_keyblob_if_required_with end
2025-12-09 12:42:27.698   662-678   keystore2               pid-662                              I  system/security/keystore2/src/enforcements.rs:249 - finalize_create_authorization self.state=NoAuthRequired
2025-12-09 12:42:27.698   662-678   keystore2               pid-662                              I  system/security/keystore2/src/security_level.rs:401 - operation_db.create_operation start
2025-12-09 12:42:27.698   662-678   keystore2               pid-662                              I  system/security/keystore2/src/security_level.rs:419 - operation_db.create_operation end
2025-12-09 12:42:27.699   664-664   TlcKM                   pid-664                              D  TEE_Update
2025-12-09 12:42:27.699   664-664   TlcKM                   pid-664                              D  split_update_chunks
2025-12-09 12:42:27.702   664-664   TlcKM                   pid-664                              D  TEE_Update exiting with 0
2025-12-09 12:42:27.703   664-664   TlcKM                   pid-664                              D  TEE_Finish
2025-12-09 12:42:27.703   664-664   TlcKM                   pid-664                              D  split_update_chunks
2025-12-09 12:42:27.705   664-664   TlcKM                   pid-664                              D  release_operation_slot: release op slot #0 (handle 0x1bad0dc3b2bbe375; 0 ops live)
2025-12-09 12:42:27.705   664-664   TlcKM                   pid-664                              D  TEE_Finish exiting with 0
2025-12-09 12:42:27.707   664-664   TlcKM                   pid-664                              D  TEE_Abort
2025-12-09 12:42:27.707   664-664   TlcKM                   pid-664                              E  lookup_operation: op 0x1bad0dc3b2bbe375 not found
2025-12-09 12:42:27.707   664-664   TlcKM                   pid-664                              E  lookup_operation(session, operation_handle, &op) == -28
2025-12-09 12:42:27.707   664-664   TlcKM                   pid-664                              D  TEE_Abort exiting with -28
2025-12-09 12:42:27.707   662-678   keystore2               pid-662                              I  system/security/keystore2/src/security_level.rs:235 - create_operation start
2025-12-09 12:42:27.707   662-678   keystore2               pid-662                              I  system/security/keystore2/src/security_level.rs:237 - caller_pid=12440
2025-12-09 12:42:27.707   662-678   keystore2               pid-662                              I  system/security/keystore2/src/security_level.rs:238 - caller_uid=10287
2025-12-09 12:42:27.707   662-678   keystore2               pid-662                              I  system/security/keystore2/src/security_level.rs:239 - forced=false
2025-12-09 12:42:27.707   662-678   keystore2               pid-662                              I  system/security/keystore2/src/security_level.rs:240 - key.domain=r#KEY_ID
2025-12-09 12:42:27.707   662-678   keystore2               pid-662                              I  system/security/keystore2/src/security_level.rs:241 - key.alias=None
2025-12-09 12:42:27.707   662-678   keystore2               pid-662                              I  system/security/keystore2/src/security_level.rs:277 - with_try_import start
2025-12-09 12:42:27.707   662-678   keystore2               pid-662                              I  system/security/keystore2/src/security_level.rs:299 - with_try_import end
2025-12-09 12:42:27.707   662-678   keystore2               pid-662                              I  system/security/keystore2/src/security_level.rs:333 - authorize_create start
2025-12-09 12:42:27.707   662-678   keystore2               pid-662                              I  system/security/keystore2/src/security_level.rs:344 - authorize_create end
2025-12-09 12:42:27.707   662-678   keystore2               pid-662                              I  system/security/keystore2/src/security_level.rs:345 - unwrap_key_if_required start
2025-12-09 12:42:27.707   662-678   keystore2               pid-662                              I  system/security/keystore2/src/security_level.rs:353 - unwrap_key_if_required end
2025-12-09 12:42:27.707   662-678   keystore2               pid-662                              I  system/security/keystore2/src/security_level.rs:354 - upgrade_keyblob_if_required_with start
2025-12-09 12:42:27.707   664-664   TlcKM                   pid-664                              D  TEE_Begin 5.0
2025-12-09 12:42:27.707   664-664   TlcKM                   pid-664                              D  purpose = 0x00000001
2025-12-09 12:42:27.709   664-664   TlcKM                   pid-664                              D  find_spare_operation_slot: allocate op 0x3be7384e93cd5cdb to slot #0 (1 ops live)
2025-12-09 12:42:27.709   664-664   TlcKM                   pid-664                              D  TEE_Begin exiting with 0
2025-12-09 12:42:27.710   662-678   keystore2               pid-662                              I  system/security/keystore2/src/security_level.rs:395 - upgrade_keyblob_if_required_with end
2025-12-09 12:42:27.710   662-678   keystore2               pid-662                              I  system/security/keystore2/src/enforcements.rs:249 - finalize_create_authorization self.state=NoAuthRequired
2025-12-09 12:42:27.710   662-678   keystore2               pid-662                              I  system/security/keystore2/src/security_level.rs:401 - operation_db.create_operation start
2025-12-09 12:42:27.710   662-678   keystore2               pid-662                              I  system/security/keystore2/src/security_level.rs:419 - operation_db.create_operation end
2025-12-09 12:42:27.710   664-664   TlcKM                   pid-664                              D  TEE_Update
2025-12-09 12:42:27.710   664-664   TlcKM                   pid-664                              D  split_update_chunks
2025-12-09 12:42:27.712   664-664   TlcKM                   pid-664                              D  TEE_Update exiting with 0
2025-12-09 12:42:27.712   664-664   TlcKM                   pid-664                              D  TEE_Finish
2025-12-09 12:42:27.712   664-664   TlcKM                   pid-664                              D  split_update_chunks
2025-12-09 12:42:27.714   664-664   TlcKM                   pid-664                              D  release_operation_slot: release op slot #0 (handle 0x3be7384e93cd5cdb; 0 ops live)
2025-12-09 12:42:27.714   664-664   TlcKM                   pid-664                              D  TEE_Finish exiting with 0
2025-12-09 12:42:27.714   664-664   TlcKM                   pid-664                              D  TEE_Abort
2025-12-09 12:42:27.714   664-664   TlcKM                   pid-664                              E  lookup_operation: op 0x3be7384e93cd5cdb not found
2025-12-09 12:42:27.714   664-664   TlcKM                   pid-664                              E  lookup_operation(session, operation_handle, &op) == -28
2025-12-09 12:42:27.714   664-664   TlcKM                   pid-664                              D  TEE_Abort exiting with -28
2025-12-09 12:42:27.718   662-678   keystore2               pid-662                              I  system/security/keystore2/src/security_level.rs:235 - create_operation start
2025-12-09 12:42:27.719   662-678   keystore2               pid-662                              I  system/security/keystore2/src/security_level.rs:237 - caller_pid=12440
2025-12-09 12:42:27.719   662-678   keystore2               pid-662                              I  system/security/keystore2/src/security_level.rs:238 - caller_uid=10287
2025-12-09 12:42:27.719   662-678   keystore2               pid-662                              I  system/security/keystore2/src/security_level.rs:239 - forced=false
2025-12-09 12:42:27.719   662-678   keystore2               pid-662                              I  system/security/keystore2/src/security_level.rs:240 - key.domain=r#KEY_ID
2025-12-09 12:42:27.719   662-678   keystore2               pid-662                              I  system/security/keystore2/src/security_level.rs:241 - key.alias=None
2025-12-09 12:42:27.719   662-678   keystore2               pid-662                              I  system/security/keystore2/src/security_level.rs:277 - with_try_import start
2025-12-09 12:42:27.719   662-678   keystore2               pid-662                              I  system/security/keystore2/src/security_level.rs:299 - with_try_import end
2025-12-09 12:42:27.719   662-678   keystore2               pid-662                              I  system/security/keystore2/src/security_level.rs:333 - authorize_create start
2025-12-09 12:42:27.719   662-678   keystore2               pid-662                              I  system/security/keystore2/src/security_level.rs:344 - authorize_create end
2025-12-09 12:42:27.719   662-678   keystore2               pid-662                              I  system/security/keystore2/src/security_level.rs:345 - unwrap_key_if_required start
2025-12-09 12:42:27.719   662-678   keystore2               pid-662                              I  system/security/keystore2/src/security_level.rs:353 - unwrap_key_if_required end
2025-12-09 12:42:27.719   662-678   keystore2               pid-662                              I  system/security/keystore2/src/security_level.rs:354 - upgrade_keyblob_if_required_with start
2025-12-09 12:42:27.719   664-664   TlcKM                   pid-664                              D  TEE_Begin 5.0
2025-12-09 12:42:27.719   664-664   TlcKM                   pid-664                              D  purpose = 0x00000002
2025-12-09 12:42:27.721   664-664   TlcKM                   pid-664                              D  find_spare_operation_slot: allocate op 0xf839f9c556d1ac24 to slot #0 (1 ops live)
2025-12-09 12:42:27.722   664-664   TlcKM                   pid-664                              D  TEE_Begin exiting with 0
2025-12-09 12:42:27.722   662-678   keystore2               pid-662                              I  system/security/keystore2/src/security_level.rs:395 - upgrade_keyblob_if_required_with end
2025-12-09 12:42:27.722   662-678   keystore2               pid-662                              I  system/security/keystore2/src/enforcements.rs:249 - finalize_create_authorization self.state=NoAuthRequired
2025-12-09 12:42:27.722   662-678   keystore2               pid-662                              I  system/security/keystore2/src/security_level.rs:401 - operation_db.create_operation start
2025-12-09 12:42:27.722   662-678   keystore2               pid-662                              I  system/security/keystore2/src/security_level.rs:419 - operation_db.create_operation end
2025-12-09 12:42:27.723   664-664   TlcKM                   pid-664                              D  TEE_Finish
2025-12-09 12:42:27.723   664-664   TlcKM                   pid-664                              D  split_update_chunks
2025-12-09 12:42:27.724   664-664   TlcKM                   pid-664                              D  release_operation_slot: release op slot #0 (handle 0xf839f9c556d1ac24; 0 ops live)
2025-12-09 12:42:27.724   664-664   TlcKM                   pid-664                              D  TEE_Finish exiting with 0
2025-12-09 12:42:27.725   664-664   TlcKM                   pid-664                              D  TEE_Abort
2025-12-09 12:42:27.725   664-664   TlcKM                   pid-664                              E  lookup_operation: op 0xf839f9c556d1ac24 not found
2025-12-09 12:42:27.725   664-664   TlcKM                   pid-664                              E  lookup_operation(session, operation_handle, &op) == -28
2025-12-09 12:42:27.725   664-664   TlcKM                   pid-664                              D  TEE_Abort exiting with -28
2025-12-09 12:42:27.729   662-678   keystore2               pid-662                              I  system/security/keystore2/src/security_level.rs:235 - create_operation start
2025-12-09 12:42:27.729   662-678   keystore2               pid-662                              I  system/security/keystore2/src/security_level.rs:237 - caller_pid=12440
2025-12-09 12:42:27.729   662-678   keystore2               pid-662                              I  system/security/keystore2/src/security_level.rs:238 - caller_uid=10287
2025-12-09 12:42:27.729   662-678   keystore2               pid-662                              I  system/security/keystore2/src/security_level.rs:239 - forced=false
2025-12-09 12:42:27.729   662-678   keystore2               pid-662                              I  system/security/keystore2/src/security_level.rs:240 - key.domain=r#KEY_ID
2025-12-09 12:42:27.729   662-678   keystore2               pid-662                              I  system/security/keystore2/src/security_level.rs:241 - key.alias=None
2025-12-09 12:42:27.729   662-678   keystore2               pid-662                              I  system/security/keystore2/src/security_level.rs:277 - with_try_import start
2025-12-09 12:42:27.729   662-678   keystore2               pid-662                              I  system/security/keystore2/src/security_level.rs:299 - with_try_import end
2025-12-09 12:42:27.729   662-678   keystore2               pid-662                              I  system/security/keystore2/src/security_level.rs:333 - authorize_create start
2025-12-09 12:42:27.729   662-678   keystore2               pid-662                              I  system/security/keystore2/src/security_level.rs:344 - authorize_create end
2025-12-09 12:42:27.729   662-678   keystore2               pid-662                              I  system/security/keystore2/src/security_level.rs:345 - unwrap_key_if_required start
2025-12-09 12:42:27.729   662-678   keystore2               pid-662                              I  system/security/keystore2/src/security_level.rs:353 - unwrap_key_if_required end
2025-12-09 12:42:27.729   662-678   keystore2               pid-662                              I  system/security/keystore2/src/security_level.rs:354 - upgrade_keyblob_if_required_with start
2025-12-09 12:42:27.729   664-664   TlcKM                   pid-664                              D  TEE_Begin 5.0
2025-12-09 12:42:27.729   664-664   TlcKM                   pid-664                              D  purpose = 0x00000000
2025-12-09 12:42:27.731   664-664   TlcKM                   pid-664                              D  find_spare_operation_slot: allocate op 0xd251c9c51d3f6185 to slot #0 (1 ops live)
2025-12-09 12:42:27.732   664-664   TlcKM                   pid-664                              D  TEE_Begin exiting with 0
2025-12-09 12:42:27.732   662-678   keystore2               pid-662                              I  system/security/keystore2/src/security_level.rs:395 - upgrade_keyblob_if_required_with end
2025-12-09 12:42:27.732   662-678   keystore2               pid-662                              I  system/security/keystore2/src/enforcements.rs:249 - finalize_create_authorization self.state=NoAuthRequired
2025-12-09 12:42:27.732   662-678   keystore2               pid-662                              I  system/security/keystore2/src/security_level.rs:401 - operation_db.create_operation start
2025-12-09 12:42:27.732   662-678   keystore2               pid-662                              I  system/security/keystore2/src/security_level.rs:419 - operation_db.create_operation end
2025-12-09 12:42:27.733   664-664   TlcKM                   pid-664                              D  TEE_Update
2025-12-09 12:42:27.733   664-664   TlcKM                   pid-664                              D  split_update_chunks
2025-12-09 12:42:27.734   664-664   TlcKM                   pid-664                              D  TEE_Update exiting with 0
2025-12-09 12:42:27.735   664-664   TlcKM                   pid-664                              D  TEE_Finish
2025-12-09 12:42:27.735   664-664   TlcKM                   pid-664                              D  split_update_chunks
2025-12-09 12:42:27.736   664-664   TlcKM                   pid-664                              D  release_operation_slot: release op slot #0 (handle 0xd251c9c51d3f6185; 0 ops live)
2025-12-09 12:42:27.736   664-664   TlcKM                   pid-664                              D  TEE_Finish exiting with 0
2025-12-09 12:42:27.736 20756-20786 dex2oat32               pid-20756                            W  Compilation of bcja aywv.l(njy) took 104.027ms
2025-12-09 12:42:27.736   664-664   TlcKM                   pid-664                              D  TEE_Abort
2025-12-09 12:42:27.736   664-664   TlcKM                   pid-664                              E  lookup_operation: op 0xd251c9c51d3f6185 not found
2025-12-09 12:42:27.736   664-664   TlcKM                   pid-664                              E  lookup_operation(session, operation_handle, &op) == -28
2025-12-09 12:42:27.736   664-664   TlcKM                   pid-664                              D  TEE_Abort exiting with -28
2025-12-09 12:42:27.737   662-678   keystore2               pid-662                              I  system/security/keystore2/src/security_level.rs:235 - create_operation start
2025-12-09 12:42:27.737   662-678   keystore2               pid-662                              I  system/security/keystore2/src/security_level.rs:237 - caller_pid=12440
2025-12-09 12:42:27.737   662-678   keystore2               pid-662                              I  system/security/keystore2/src/security_level.rs:238 - caller_uid=10287
2025-12-09 12:42:27.737   662-678   keystore2               pid-662                              I  system/security/keystore2/src/security_level.rs:239 - forced=false
2025-12-09 12:42:27.737   662-678   keystore2               pid-662                              I  system/security/keystore2/src/security_level.rs:240 - key.domain=r#KEY_ID
2025-12-09 12:42:27.737   662-678   keystore2               pid-662                              I  system/security/keystore2/src/security_level.rs:241 - key.alias=None
2025-12-09 12:42:27.737   662-678   keystore2               pid-662                              I  system/security/keystore2/src/security_level.rs:277 - with_try_import start
2025-12-09 12:42:27.738   662-678   keystore2               pid-662                              I  system/security/keystore2/src/security_level.rs:299 - with_try_import end
2025-12-09 12:42:27.738   662-678   keystore2               pid-662                              I  system/security/keystore2/src/security_level.rs:333 - authorize_create start
2025-12-09 12:42:27.738   662-678   keystore2               pid-662                              I  system/security/keystore2/src/security_level.rs:344 - authorize_create end
2025-12-09 12:42:27.738   662-678   keystore2               pid-662                              I  system/security/keystore2/src/security_level.rs:345 - unwrap_key_if_required start
2025-12-09 12:42:27.738   662-678   keystore2               pid-662                              I  system/security/keystore2/src/security_level.rs:353 - unwrap_key_if_required end
2025-12-09 12:42:27.738   662-678   keystore2               pid-662                              I  system/security/keystore2/src/security_level.rs:354 - upgrade_keyblob_if_required_with start
2025-12-09 12:42:27.738   664-664   TlcKM                   pid-664                              D  TEE_Begin 5.0
2025-12-09 12:42:27.738   664-664   TlcKM                   pid-664                              D  purpose = 0x00000001
2025-12-09 12:42:27.740   664-664   TlcKM                   pid-664                              D  find_spare_operation_slot: allocate op 0x65edc54e7291e4bb to slot #0 (1 ops live)
2025-12-09 12:42:27.740   664-664   TlcKM                   pid-664                              D  TEE_Begin exiting with 0
2025-12-09 12:42:27.741   662-678   keystore2               pid-662                              I  system/security/keystore2/src/security_level.rs:395 - upgrade_keyblob_if_required_with end
2025-12-09 12:42:27.741   662-678   keystore2               pid-662                              I  system/security/keystore2/src/enforcements.rs:249 - finalize_create_authorization self.state=NoAuthRequired
2025-12-09 12:42:27.741   662-678   keystore2               pid-662                              I  system/security/keystore2/src/security_level.rs:401 - operation_db.create_operation start
2025-12-09 12:42:27.741   662-678   keystore2               pid-662                              I  system/security/keystore2/src/security_level.rs:419 - operation_db.create_operation end
2025-12-09 12:42:27.741   664-664   TlcKM                   pid-664                              D  TEE_Update
2025-12-09 12:42:27.741   664-664   TlcKM                   pid-664                              D  split_update_chunks
2025-12-09 12:42:27.743   664-664   TlcKM                   pid-664                              D  TEE_Update exiting with 0
2025-12-09 12:42:27.743   664-664   TlcKM                   pid-664                              D  TEE_Finish
2025-12-09 12:42:27.743   664-664   TlcKM                   pid-664                              D  split_update_chunks
2025-12-09 12:42:27.745   664-664   TlcKM                   pid-664                              D  release_operation_slot: release op slot #0 (handle 0x65edc54e7291e4bb; 0 ops live)
2025-12-09 12:42:27.745   664-664   TlcKM                   pid-664                              D  TEE_Finish exiting with 0
2025-12-09 12:42:27.746   664-664   TlcKM                   pid-664                              D  TEE_Abort
2025-12-09 12:42:27.746   662-21497 keystore2               pid-662                              I  system/security/keystore2/src/security_level.rs:235 - create_operation start
2025-12-09 12:42:27.746   664-664   TlcKM                   pid-664                              E  lookup_operation: op 0x65edc54e7291e4bb not found
2025-12-09 12:42:27.746   664-664   TlcKM                   pid-664                              E  lookup_operation(session, operation_handle, &op) == -28
2025-12-09 12:42:27.746   662-21497 keystore2               pid-662                              I  system/security/keystore2/src/security_level.rs:237 - caller_pid=12440
2025-12-09 12:42:27.746   664-664   TlcKM                   pid-664                              D  TEE_Abort exiting with -28
2025-12-09 12:42:27.746   662-21497 keystore2               pid-662                              I  system/security/keystore2/src/security_level.rs:238 - caller_uid=10287
2025-12-09 12:42:27.746   662-21497 keystore2               pid-662                              I  system/security/keystore2/src/security_level.rs:239 - forced=false
2025-12-09 12:42:27.746   662-21497 keystore2               pid-662                              I  system/security/keystore2/src/security_level.rs:240 - key.domain=r#KEY_ID
