2025-12-07 16:02:30.369  1561-1695  WindowManager           pid-1561                             V      startWCT=WindowContainerTransaction { changes = {} hops = [] errorCallbackToken=null taskFragmentOrganizer=null mInterrupt=false }
2025-12-07 16:02:30.369  1561-1695  WindowManager           pid-1561                             V      info={id=92 t=OPEN f=0x40000 trk=0 r=[0@Point(0, 0)] c=[
                                                                                                            {WCT{RemoteToken{b96ae00 Task{a827b07 #16 type=standard A=10287:com.cdccreditsmart.app}}} m=TO_FRONT f=MOVE_TO_TOP leash=Surface(name=Task=16)/@0x142b33d sb=Rect(0, 0 - 1080, 2436) eb=Rect(0, 0 - 1080, 2436) mSimplifyStartAbsBounds=Rect(108, 1488 - 263, 1643) d=0 taskParent=-1},
                                                                                                            {WCT{RemoteToken{5ec7abd Task{d34fa22 #9 type=home}}} m=TO_BACK f=SHOW_WALLPAPER leash=Surface(name=Task=9)/@0xb8567e4 sb=Rect(0, 0 - 1080, 2436) eb=Rect(0, 0 - 1080, 2436) mSimplifyStartAbsBounds=Rect(0, 0 - 0, 0) d=0 taskParent=-1},
                                                                                                            {null m=CHANGE f=IS_WALLPAPER leash=Surface(name=WallpaperWindowToken{9e2a6c1 token=android.os.Binder@16f9ba8})/@0xa3bef77 sb=Rect(0, 0 - 1080, 2436) eb=Rect(0, 0 - 1080, 2436) mSimplifyStartAbsBounds=Rect(0, 0 - 0, 0) d=0}
                                                                                                        ]}
2025-12-07 16:02:30.370  1008-4165  BufferQueueDebug        pid-1008                             I  [Surface(name=a872218 NavigationBar0)/@0x33930d - animation-leash of insets_animation#1245](this:0xb4000079eb2466e8,id:-1,api:0,p:-1,c:-1) BufferQueue core=(1008:/system/bin/surfaceflinger)
2025-12-07 16:02:30.370  3204-3223  WindowManagerShell      pid-3204                             V  onTransitionReady(transaction=6704443955194)
2025-12-07 16:02:30.371  3204-3257  WindowManagerShell      pid-3204                             V  onTransitionReady (#92) android.os.BinderProxy@8249bd: {id=92 t=OPEN f=0x40000 trk=0 r=[0@Point(0, 0)] c=[{WCT{android.window.IWindowContainerToken$Stub$Proxy@8d91509} m=TO_FRONT f=MOVE_TO_TOP leash=Surface(name=Task=16)/@0x8c1350d sb=Rect(0, 0 - 1080, 2436) eb=Rect(0, 0 - 1080, 2436) mSimplifyStartAbsBounds=Rect(108, 1488 - 263, 1643) d=0 taskParent=-1},{WCT{android.window.IWindowContainerToken$Stub$Proxy@6cce30e} m=TO_BACK f=SHOW_WALLPAPER leash=Surface(name=Task=9)/@0xd7bbcc2 sb=Rect(0, 0 - 1080, 2436) eb=Rect(0, 0 - 1080, 2436) mSimplifyStartAbsBounds=Rect(0, 0 - 0, 0) d=0 taskParent=-1},{null m=CHANGE f=IS_WALLPAPER leash=Surface(name=WallpaperWindowToken{9e2a6c1 token=android.os.Binder@16f9ba8})/@0x13eaad3 sb=Rect(0, 0 - 1080, 2436) eb=Rect(0, 0 - 1080, 2436) mSimplifyStartAbsBounds=Rect(0, 0 - 0, 0) d=0}]}
2025-12-07 16:02:30.371  3204-3257  ShellTransitions        pid-3204                             D  setupStartState setAlpha 0.f:Surface(name=Task=16)/@0x8c1350d
2025-12-07 16:02:30.372  3204-3257  ShellTrans..._interrupt pid-3204                             D  isIconLaunchOpenOrClose mode: 4
2025-12-07 16:02:30.372  3204-3257  ShellTrans..._interrupt pid-3204                             D  isOpenOrCloseMode: trueisInterruptedTask: true isSplitMode: false isTranssionLauncher: true
2025-12-07 16:02:30.372  3204-3257  ShellTrans..._interrupt pid-3204                             D  isIconLaunchRemoteTransitionInterrupted isopenorclose: true   mHasPlayingTransitions: false mFinishHasPlayingTransitions: false
2025-12-07 16:02:30.372  3204-3257  ShellTrans..._interrupt pid-3204                             D  processReadyQueuemIfTransitionReUseLeash: false
2025-12-07 16:02:30.372  3204-3257  WindowManagerShell      pid-3204                             V  Playing animation for (#92) android.os.BinderProxy@8249bd@0
2025-12-07 16:02:30.372  3204-3257  ShellEventHandler       pid-3204                             D  onTransitionStarting OPEN token=android.os.BinderProxy@8249bd
2025-12-07 16:02:30.372  3204-3257  ShellTrans..._interrupt pid-3204                             D  isIconLaunchOpenOrClose mode: 4
2025-12-07 16:02:30.372  3204-3257  ShellTrans..._interrupt pid-3204                             D  isOpenOrCloseMode: trueisInterruptedTask: true isSplitMode: false isTranssionLauncher: true
2025-12-07 16:02:30.372  3204-3257  ShellTrans..._interrupt pid-3204                             D  setupAnimHierarchy  ifNoReparentForInterrupt(info):  true ifMerge: false
2025-12-07 16:02:30.372  3204-3257  ShellTrans..._interrupt pid-3204                             D  isIconLaunchOpenOrClose mode: 4
2025-12-07 16:02:30.372  3204-3257  ShellTrans..._interrupt pid-3204                             D  isOpenOrCloseMode: trueisInterruptedTask: true isSplitMode: false isTranssionLauncher: true
2025-12-07 16:02:30.372  3204-3257  ShellTrans..._interrupt pid-3204                             D  isIconLaunchOpenOrClose mode: 4
2025-12-07 16:02:30.372  3204-3257  ShellTrans..._interrupt pid-3204                             D  isOpenOrCloseMode: trueisInterruptedTask: true isSplitMode: false isTranssionLauncher: true
2025-12-07 16:02:30.372  3204-3257  ShellTrans..._interrupt pid-3204                             D  setupAnimHierarchy  ifNoReparentForInterrupt(info):  true ifMerge: false
2025-12-07 16:02:30.372  3204-3257  ShellTrans..._interrupt pid-3204                             D  isIconLaunchOpenOrClose mode: 4
2025-12-07 16:02:30.372  3204-3257  ShellTrans..._interrupt pid-3204                             D  isOpenOrCloseMode: trueisInterruptedTask: true isSplitMode: false isTranssionLauncher: true
2025-12-07 16:02:30.372  3204-3257  ShellTrans..._interrupt pid-3204                             D  isIconLaunchOpenOrClose mode: 4
2025-12-07 16:02:30.372  3204-3257  ShellTrans..._interrupt pid-3204                             D  isOpenOrCloseMode: trueisInterruptedTask: true isSplitMode: false isTranssionLauncher: true
2025-12-07 16:02:30.372  3204-3257  ShellTrans..._interrupt pid-3204                             D  setupAnimHierarchy  ifNoReparentForInterrupt(info):  true ifMerge: false
2025-12-07 16:02:30.372  3204-3257  ShellTrans..._interrupt pid-3204                             D  isIconLaunchOpenOrClose mode: 4
2025-12-07 16:02:30.372  3204-3257  ShellTrans..._interrupt pid-3204                             D  isOpenOrCloseMode: trueisInterruptedTask: true isSplitMode: false isTranssionLauncher: true
2025-12-07 16:02:30.372  3204-3257  WindowManagerShell      pid-3204                             V   try handler com.android.wm.shell.transition.DefaultMixedHandler@6f1389a
2025-12-07 16:02:30.372  3204-3257  WindowManagerShell      pid-3204                             V   try handler com.android.wm.shell.keyguard.KeyguardTransitionHandler@51035cb
2025-12-07 16:02:30.372  3204-3257  WindowManagerShell      pid-3204                             V   try handler com.android.wm.shell.pip.PipTransition@e4cf1a8
2025-12-07 16:02:30.372  3204-3257  WindowManagerShell      pid-3204                             V   try handler com.android.wm.shell.activityembedding.ActivityEmbeddingController@85444c1
2025-12-07 16:02:30.372  3204-3257  WindowManagerShell      pid-3204                             V   try handler com.android.wm.shell.recents.RecentsTransitionHandler@71a4466
2025-12-07 16:02:30.372  3204-3257  ShellRecents            pid-3204                             V  RecentsTransitionHandler.startAnimation: no controller found
2025-12-07 16:02:30.372  3204-3257  WindowManagerShell      pid-3204                             V   try handler com.android.wm.shell.splitscreen.StageCoordinator@3ea63a7
2025-12-07 16:02:30.372  3204-3257  WindowManagerShell      pid-3204                             V   try handler com.android.wm.shell.transition.RemoteTransitionHandler@f538054
2025-12-07 16:02:30.372  3204-3257  WindowManagerShell      pid-3204                             V  Transition doesn't have explicit remote, search filters for match for {id=92 t=OPEN f=0x40000 trk=0 r=[0@Point(0, 0)] c=[{WCT{android.window.IWindowContainerToken$Stub$Proxy@8d91509} m=TO_FRONT f=MOVE_TO_TOP leash=Surface(name=Task=16)/@0x8c1350d sb=Rect(0, 0 - 1080, 2436) eb=Rect(0, 0 - 1080, 2436) mSimplifyStartAbsBounds=Rect(108, 1488 - 263, 1643) d=0 taskParent=-1},{WCT{android.window.IWindowContainerToken$Stub$Proxy@6cce30e} m=TO_BACK f=SHOW_WALLPAPER leash=Surface(name=Task=9)/@0xd7bbcc2 sb=Rect(0, 0 - 1080, 2436) eb=Rect(0, 0 - 1080, 2436) mSimplifyStartAbsBounds=Rect(0, 0 - 0, 0) d=0 taskParent=-1},{null m=CHANGE f=IS_WALLPAPER leash=Surface(name=WallpaperWindowToken{9e2a6c1 token=android.os.Binder@16f9ba8})/@0x13eaad3 sb=Rect(0, 0 - 1080, 2436) eb=Rect(0, 0 - 1080, 2436) mSimplifyStartAbsBounds=Rect(0, 0 - 0, 0) d=0}]}
2025-12-07 16:02:30.372  3204-3257  WindowManagerShell      pid-3204                             V   Delegate animation for (#92) to null
2025-12-07 16:02:30.372  3204-3257  WindowManagerShell      pid-3204                             V   try handler com.android.wm.shell.transition.DefaultTransitionHandler@c9f6bfd
2025-12-07 16:02:30.372  3204-3257  WindowManagerShell      pid-3204                             V  start default transition animation, info = {id=92 t=OPEN f=0x40000 trk=0 r=[0@Point(0, 0)] c=[{WCT{android.window.IWindowContainerToken$Stub$Proxy@8d91509} m=TO_FRONT f=MOVE_TO_TOP leash=Surface(name=Task=16)/@0x8c1350d sb=Rect(0, 0 - 1080, 2436) eb=Rect(0, 0 - 1080, 2436) mSimplifyStartAbsBounds=Rect(108, 1488 - 263, 1643) d=0 taskParent=-1},{WCT{android.window.IWindowContainerToken$Stub$Proxy@6cce30e} m=TO_BACK f=SHOW_WALLPAPER leash=Surface(name=Task=9)/@0xd7bbcc2 sb=Rect(0, 0 - 1080, 2436) eb=Rect(0, 0 - 1080, 2436) mSimplifyStartAbsBounds=Rect(0, 0 - 0, 0) d=0 taskParent=-1},{null m=CHANGE f=IS_WALLPAPER leash=Surface(name=WallpaperWindowToken{9e2a6c1 token=android.os.Binder@16f9ba8})/@0x13eaad3 sb=Rect(0, 0 - 1080, 2436) eb=Rect(0, 0 - 1080, 2436) mSimplifyStartAbsBounds=Rect(0, 0 - 0, 0) d=0}]}
2025-12-07 16:02:30.373  3204-3257  ShellTransitions        pid-3204                             D  isCustomizedsSceneAnimType = 2
2025-12-07 16:02:30.373  3204-3257  Transition...tionHelper pid-3204                             D  TRANSIT_FLAG_SIMPLIFY_ANIM_START_BY_LAUNCHER simplify open anim by launcher
2025-12-07 16:02:30.373  1008-4165  BufferQueueDebug        pid-1008                             I  [Surface(name=1ba79b6 StatusBar)/@0x68a8fa1 - animation-leash of insets_animation#1246](this:0xb4000079eb2271b8,id:-1,api:0,p:-1,c:-1) BufferQueue core=(1008:/system/bin/surfaceflinger)
2025-12-07 16:02:30.373  3204-3257  WindowManagerShell      pid-3204                             V  loadAnimation: anim=android.view.animation.AnimationSet@4f8221a animAttr=0x20 type=OPEN isEntrance=false
2025-12-07 16:02:30.374  3204-3257  ShellTransitions        pid-3204                             D   isCustomizedsSceneAnimType: 2   isOpenTypeAnim : false   startBounds: Rect(0, 0 - 0, 0)
2025-12-07 16:02:30.374  3204-3257  ShellTransitions        pid-3204                             D  isCustomizedsSceneAnimType = 2
2025-12-07 16:02:30.374  3204-3257  Transition...tionHelper pid-3204                             D  TRANSIT_FLAG_SIMPLIFY_ANIM_START_BY_LAUNCHER simplify open anim by launcher
2025-12-07 16:02:30.374  3204-3257  WindowManagerShell      pid-3204                             V  loadAnimation: anim=android.view.animation.AnimationSet@a315c41 animAttr=0x21 type=OPEN isEntrance=true
2025-12-07 16:02:30.374  3204-3257  ShellTransitions        pid-3204                             D   isCustomizedsSceneAnimType: 2   isOpenTypeAnim : true   startBounds: Rect(108, 1488 - 263, 1643)
2025-12-07 16:02:30.375  1561-4544  StatusBarManagerService pid-1561                             I  setWindowState window:1, state:2, callingPid:1561, callingUid:1000
2025-12-07 16:02:30.375  1561-4544  WindowManager           pid-1561                             D  updateSystemBarAttributes appearance:8, win appearance:24, opaqueAppearance:0, win:Window{6552ddf u0 com.cdccreditsmart.app/com.cdccreditsmart.app.presentation.MainActivity}, appearanceRegions=[AppearanceRegion{LIGHT_STATUS_BARS bounds=[0,0][1080,2436]}]
2025-12-07 16:02:30.376  3204-3257  ShellTrans..._interrupt pid-3204                             D  dispatchTransition: consumed by com.android.wm.shell.transition.DefaultTransitionHandler@c9f6bfd
2025-12-07 16:02:30.376  3204-3257  WindowManagerShell      pid-3204                             V   animated by com.android.wm.shell.transition.DefaultTransitionHandler@c9f6bfd
2025-12-07 16:02:30.377  3204-3204  SysUI(2509...AnimHelper pid-3204                             D  resetNotificationView: reason=resetViews animate:false resetPanel:true
2025-12-07 16:02:30.378  3588-3588  TopTaskTracker          pid-3588                             I  onTaskMovedToFront: (moved taskInfo to front) taskId=16, baseIntent=Intent { act=android.intent.action.MAIN cat=[android.intent.category.LAUNCHER] flg=0x10200000 pkg=com.cdccreditsmart.app cmp=com.cdccreditsmart.app/.presentation.MainActivity }
2025-12-07 16:02:30.380  1008-4165  BufferQueueDebug        pid-1008                             I  [2f09d46 ActivityRecordInputSink com.cdccreditsmart.app/.presentation.MainActivity#1247](this:0xb4000079eb2327f8,id:-1,api:0,p:-1,c:-1) BufferQueue core=(1008:/system/bin/surfaceflinger)
2025-12-07 16:02:30.381  1561-1696  ApplicationHelper       pid-1561                             E  Fail to get PackageManager
2025-12-07 16:02:30.381  1561-1696  ApplicationHelper       pid-1561                             E  Fail to get PackageManager
2025-12-07 16:02:30.381  1561-1696  ApplicationHelper       pid-1561                             E  Fail to get PackageManager
2025-12-07 16:02:30.381  1561-1696  ApplicationHelper       pid-1561                             E  Fail to get PackageManager
2025-12-07 16:02:30.382  1561-2013  JobScheduler.JobStatus  pid-1561                             W  Exempted app com.android.vending considered buggy
2025-12-07 16:02:30.382  1561-2013  JobScheduler.JobStatus  pid-1561                             W  Exempted app com.android.vending considered buggy
2025-12-07 16:02:30.382  1561-2013  JobScheduler.JobStatus  pid-1561                             W  Exempted app com.android.vending considered buggy
2025-12-07 16:02:30.382  1561-2013  JobScheduler.JobStatus  pid-1561                             W  Exempted app com.android.vending considered buggy
2025-12-07 16:02:30.382  1561-1699  ActivityTaskManager     pid-1561                             I  this = Task{a827b07 #16 type=standard A=10287:com.cdccreditsmart.app} is in Transition
2025-12-07 16:02:30.383  1561-1699  SurfaceComposerClient   pid-1561                             D  Transaction::apply InputWindowCommands.focusRequests timestamp=1080890418217, windowName=<null>
2025-12-07 16:02:30.384  1561-2013  JobScheduler.JobStatus  pid-1561                             W  Exempted app com.android.vending considered buggy
2025-12-07 16:02:30.384  1561-2013  JobScheduler.JobStatus  pid-1561                             W  Exempted app com.android.vending considered buggy
2025-12-07 16:02:30.384  1561-2013  JobScheduler.JobStatus  pid-1561                             W  Exempted app com.android.vending considered buggy
2025-12-07 16:02:30.384  1561-2013  JobScheduler.JobStatus  pid-1561                             W  Exempted app com.android.vending considered buggy
2025-12-07 16:02:30.384  1561-2013  JobScheduler.JobStatus  pid-1561                             W  Exempted app com.android.vending considered buggy
2025-12-07 16:02:30.384  1561-2013  JobScheduler.JobStatus  pid-1561                             W  Exempted app com.android.vending considered buggy
2025-12-07 16:02:30.384  1561-2013  JobScheduler.JobStatus  pid-1561                             W  Exempted app com.android.vending considered buggy
2025-12-07 16:02:30.384  1561-2013  JobScheduler.JobStatus  pid-1561                             W  Exempted app com.android.vending considered buggy
2025-12-07 16:02:30.384  1561-2013  JobScheduler.JobStatus  pid-1561                             W  Exempted app com.android.vending considered buggy
2025-12-07 16:02:30.385  1561-2013  JobScheduler.JobStatus  pid-1561                             W  Exempted app com.android.vending considered buggy
2025-12-07 16:02:30.385  1561-2013  JobScheduler.JobStatus  pid-1561                             W  Exempted app com.android.vending considered buggy
2025-12-07 16:02:30.385  1561-2013  JobScheduler.JobStatus  pid-1561                             W  Exempted app com.android.vending considered buggy
2025-12-07 16:02:30.385  1561-2013  JobScheduler.JobStatus  pid-1561                             W  Exempted app com.android.vending considered buggy
2025-12-07 16:02:30.385  1561-2013  JobScheduler.JobStatus  pid-1561                             W  Exempted app com.android.vending considered buggy
2025-12-07 16:02:30.385  1561-2013  JobScheduler.JobStatus  pid-1561                             W  Exempted app com.android.vending considered buggy
2025-12-07 16:02:30.385  1561-2013  JobScheduler.JobStatus  pid-1561                             W  Exempted app com.android.vending considered buggy
2025-12-07 16:02:30.385  1561-2013  JobScheduler.JobStatus  pid-1561                             W  Exempted app com.android.vending considered buggy
2025-12-07 16:02:30.385  1561-2013  JobScheduler.JobStatus  pid-1561                             W  Exempted app com.android.vending considered buggy
2025-12-07 16:02:30.385  1561-2013  JobScheduler.JobStatus  pid-1561                             W  Exempted app com.android.vending considered buggy
2025-12-07 16:02:30.385  1561-2013  JobScheduler.JobStatus  pid-1561                             W  Exempted app com.android.vending considered buggy
2025-12-07 16:02:30.385  1561-2013  JobScheduler.JobStatus  pid-1561                             W  Exempted app com.android.vending considered buggy
2025-12-07 16:02:30.385  1561-2013  JobScheduler.JobStatus  pid-1561                             W  Exempted app com.android.vending considered buggy
2025-12-07 16:02:30.385  1561-2013  JobScheduler.JobStatus  pid-1561                             W  Exempted app com.android.vending considered buggy
2025-12-07 16:02:30.385  1561-2013  JobScheduler.JobStatus  pid-1561                             W  Exempted app com.android.vending considered buggy
2025-12-07 16:02:30.385  1561-2013  JobScheduler.JobStatus  pid-1561                             W  Exempted app com.android.vending considered buggy
2025-12-07 16:02:30.385  1561-2013  JobScheduler.JobStatus  pid-1561                             W  Exempted app com.android.vending considered buggy
2025-12-07 16:02:30.385  1561-2013  JobScheduler.JobStatus  pid-1561                             W  Exempted app com.android.vending considered buggy
2025-12-07 16:02:30.385  1561-2013  JobScheduler.JobStatus  pid-1561                             W  Exempted app com.android.vending considered buggy
2025-12-07 16:02:30.386  1561-1699  InsetsSourceProvider    pid-1561                             D   updateClientVisibility: caller = Window{6552ddf u0 com.cdccreditsmart.app/com.cdccreditsmart.app.presentation.MainActivity} , mSource = InsetsSource: {fbe00000 mType=statusBars mFrame=[0,0][1080,99] mVisible=true mFlags= mSideHint=TOP mBoundingRects=null} requestedVisible = false
2025-12-07 16:02:30.387  1008-1008  SurfaceFlinger          pid-1008                             D  Focus addInputWindowCommands timestamp=1080890418217, windowName=<null>
2025-12-07 16:02:30.388  3204-3257  DisplayImeController    pid-3204                             D  insetsChanged mOldImeShowing:false, mImeShowing:false, mAnimationDirection:0, newSourceVisible:false, oldFrame:Rect(0, 0 - 0, 0), newFrame:Rect(0, 0 - 0, 0)
2025-12-07 16:02:30.388  1561-2013  JobScheduler.JobStatus  pid-1561                             W  Exempted app com.android.vending considered buggy
2025-12-07 16:02:30.388  1561-2013  JobScheduler.JobStatus  pid-1561                             W  Exempted app com.android.vending considered buggy
2025-12-07 16:02:30.388  1561-2013  JobScheduler.JobStatus  pid-1561                             W  Exempted app com.android.vending considered buggy
2025-12-07 16:02:30.388  1561-2013  JobScheduler.JobStatus  pid-1561                             W  Exempted app com.android.vending considered buggy
2025-12-07 16:02:30.388  1561-2013  JobScheduler.JobStatus  pid-1561                             W  Exempted app com.android.vending considered buggy
2025-12-07 16:02:30.388  1561-2013  JobScheduler.JobStatus  pid-1561                             W  Exempted app com.android.vending considered buggy
2025-12-07 16:02:30.388  1561-2013  JobScheduler.JobStatus  pid-1561                             W  Exempted app com.android.vending considered buggy
2025-12-07 16:02:30.388  1561-2013  JobScheduler.JobStatus  pid-1561                             W  Exempted app com.android.vending considered buggy
2025-12-07 16:02:30.388  1561-2013  JobScheduler.JobStatus  pid-1561                             W  Exempted app com.android.vending considered buggy
2025-12-07 16:02:30.389  1561-2013  JobScheduler.JobStatus  pid-1561                             W  Exempted app com.android.vending considered buggy
2025-12-07 16:02:30.389  1561-2013  JobScheduler.JobStatus  pid-1561                             W  Exempted app com.android.vending considered buggy
2025-12-07 16:02:30.389  1561-2013  JobScheduler.JobStatus  pid-1561                             W  Exempted app com.android.vending considered buggy
2025-12-07 16:02:30.389  1561-2013  JobScheduler.JobStatus  pid-1561                             W  Exempted app com.android.vending considered buggy
2025-12-07 16:02:30.389  1561-2013  JobScheduler.JobStatus  pid-1561                             W  Exempted app com.android.vending considered buggy
2025-12-07 16:02:30.389  1561-2013  JobScheduler.JobStatus  pid-1561                             W  Exempted app com.android.vending considered buggy
2025-12-07 16:02:30.389  1561-2013  JobScheduler.JobStatus  pid-1561                             W  Exempted app com.android.vending considered buggy
2025-12-07 16:02:30.389  1561-2013  JobScheduler.JobStatus  pid-1561                             W  Exempted app com.android.vending considered buggy
2025-12-07 16:02:30.389  1561-2013  JobScheduler.JobStatus  pid-1561                             W  Exempted app com.android.vending considered buggy
2025-12-07 16:02:30.389  1561-2013  JobScheduler.JobStatus  pid-1561                             W  Exempted app com.android.vending considered buggy
2025-12-07 16:02:30.389  1561-2013  JobScheduler.JobStatus  pid-1561                             W  Exempted app com.android.vending considered buggy
2025-12-07 16:02:30.389  1561-2013  JobScheduler.JobStatus  pid-1561                             W  Exempted app com.android.vending considered buggy
2025-12-07 16:02:30.389  1561-2013  JobScheduler.JobStatus  pid-1561                             W  Exempted app com.android.vending considered buggy
2025-12-07 16:02:30.389  1561-2013  JobScheduler.JobStatus  pid-1561                             W  Exempted app com.android.vending considered buggy
2025-12-07 16:02:30.389  1561-2013  JobScheduler.JobStatus  pid-1561                             W  Exempted app com.android.vending considered buggy
2025-12-07 16:02:30.389  1561-2013  JobScheduler.JobStatus  pid-1561                             W  Exempted app com.android.vending considered buggy
2025-12-07 16:02:30.390  1008-2033  SurfaceFlinger          pid-1008                             D  updateWinowInfo=1, setFocusedWindow timestamp=1080890418217, windowName=<null>
2025-12-07 16:02:30.390  1561-2013  JobSchedul...oncurrency pid-1561                             W  Had fewer than 16 in existence
2025-12-07 16:02:30.391  3204-3204  SysUI(2509...Controller pid-3204                             D  onPanelFractionUpdate() return by panel is collapse
2025-12-07 16:02:30.391  3588-3588  SuggestionExtraAppMgr   pid-3588                             I  SuggestionExtraAppMgr onWindowFocusChanged call mHasFocus:true, hasFocus:false
2025-12-07 16:02:30.391  3588-3588  SystemBarUtils-         pid-3588                             D  setDarkMode activity do not hasWindowFocus! com.android.launcher3.uioverrides.QuickstepLauncher@6001483
2025-12-07 16:02:30.391  3588-3588  Smart_BaseWidget        pid-3588                             I  onScreenVisibleChanged: screenPage:0, widgetId:0
2025-12-07 16:02:30.391  3588-3588  Smart_BaseWidget        pid-3588                             W  onWidgetInVisible: widgetId=0, appWidgetId=4, onScreenVisibleChanged
2025-12-07 16:02:30.391  3588-3588  Smart_BaseWidget        pid-3588                             I  onWidgetInVisible: widgetId=0, appWidgetId=4, fromAllApps=false
2025-12-07 16:02:30.394  3204-3204  StatusBarM...Repository pid-3204                             I  isInFullscreenMode:true com.cdccreditsmart.app
2025-12-07 16:02:30.394  3204-3204  IslandVersion           pid-3204                             I   getVersion mCurrentVersion 20202088
2025-12-07 16:02:30.394  3204-3742  ActivityThread          pid-3204                             D  Too many transaction errors, throttling freezer binder callback.
2025-12-07 16:02:30.395  1008-2046  BufferQueueDebug        pid-1008                             I  [com.cdccreditsmart.app/com.cdccreditsmart.app.presentation.MainActivity#1248](this:0xb4000079eb20d7a8,id:-1,api:0,p:-1,c:-1) BufferQueue core=(1008:/system/bin/surfaceflinger)
2025-12-07 16:02:30.397   959-1051  mtkpower@impl           pid-959                              I  [powerd_req] TIMER_MSG_PERF_LOCK_TIMEOUT hdl:2001
2025-12-07 16:02:30.398  1561-1646  WindowManager           pid-1561                             D  updateSystemBarAttributes appearance:24, win appearance:24, opaqueAppearance:0, win:Window{6552ddf u0 com.cdccreditsmart.app/com.cdccreditsmart.app.presentation.MainActivity}, appearanceRegions=[AppearanceRegion{LIGHT_STATUS_BARS bounds=[0,0][1080,2436]}]
2025-12-07 16:02:30.399  1561-1646  WindowManager           pid-1561                             D  currentFocusId -1 newFocusId: 0 currentFocusIsMultiWindow: false newFocusIsMultiWindow: false
2025-12-07 16:02:30.399  1561-1646  WindowManager           pid-1561                             W  Changing focus from null to Window{6552ddf u0 com.cdccreditsmart.app/com.cdccreditsmart.app.presentation.MainActivity} displayId=0 Callers=com.android.server.wm.RootWindowContainer.updateFocusedWindowLocked:528 com.android.server.wm.WindowManagerService.updateFocusedWindowLocked:6847 com.android.server.wm.WindowManagerService.relayoutWindowInner:2854 com.android.server.wm.WindowManagerService.relayoutWindow:2515 
2025-12-07 16:02:30.399  1561-1646  WindowManager           pid-1561                             D  notifyAppOnFocusChange focusedWindow = com.cdccreditsmart.app/com.cdccreditsmart.app.presentation.MainActivity mFocusChangeCallback = android.window.IFocusChangeCallback$Stub$Proxy@761d691
2025-12-07 16:02:30.400  1561-1646  TranDisplayJamMonitor   pid-1561                             D  starting window overlay on focus window. WindowInfo:Window{4a392d9 u0 SnapshotStartingWindow for taskId=16}
2025-12-07 16:02:30.400  1561-1646  TranDisplayJamMonitor   pid-1561                             D  Transparent window overlay on focus window. WindowInfo:Window{95dcaf8 u0 ZeroScreen}
2025-12-07 16:02:30.400  1561-1646  TranDisplayJamMonitor   pid-1561                             D  checkExceptionWindowResult = 1041
2025-12-07 16:02:30.400  1561-1646  TranDisplayJamMonitor   pid-1561                             D  check display window jam detection:Window{6552ddf u0 com.cdccreditsmart.app/com.cdccreditsmart.app.presentation.MainActivity}
2025-12-07 16:02:30.400  1561-1646  TranDisplayJamMonitor   pid-1561                             D  remove screen rotation animation detection
2025-12-07 16:02:30.400  1561-1646  TranStarti...Controller pid-1561                             D  activityRecord ActivityRecord{15af521 u0 com.cdccreditsmart.app/.presentation.MainActivity t16} is ShowStartingSurface res=true
2025-12-07 16:02:30.400  1561-1646  WindowManager           pid-1561                             D  should skip check rotation when startingsurface is showing
2025-12-07 16:02:30.400  1561-2013  tranpm/ServicePolicy    pid-1561                             I  isBlockHsB1 true
2025-12-07 16:02:30.400  1561-1646  WindowManager           pid-1561                             I  Relayout Window{6552ddf u0 com.cdccreditsmart.app/com.cdccreditsmart.app.presentation.MainActivity}: oldVis=8 newVis=0 focusMayChange = true requestedWidth = 1080 requestedHeight = 2436 outFrames = ClientWindowFrames{frame=[0,0][1080,2436] display=[0,0][1080,2436] parentFrame=[0,0][0,0]} outSurfaceControl = Surface(name=com.cdccreditsmart.app/com.cdccreditsmart.app.presentation.MainActivity)/@0x2d56e14
2025-12-07 16:02:30.401  1561-2013  tranpm/ServicePolicy    pid-1561                             I  limitBindServiceLocked by hs&job - cold: callingPackage = android, targetPkg = com.google.android.calendar
2025-12-07 16:02:30.403  1561-2013  ActivityManager         pid-1561                             W  Unbind failed: could not find connection for android.app.LoadedApk$ServiceDispatcher$InnerConnection@3e226bd
2025-12-07 16:02:30.403  4638-5155  SimpleEventAdapt        pid-4638                             I  onActivityEvent get com.transsion.XOSLauncher, com.android.launcher3.uioverrides.QuickstepLauncher,false
2025-12-07 16:02:30.403  4638-5155  SimpleEventAdapt        pid-4638                             I  notifyEvent2  activity_event
2025-12-07 16:02:30.403  4638-5155  SimpleEventAdapt        pid-4638                             I  notifyEvent  1
2025-12-07 16:02:30.403  1561-4370  TranStarti...Controller pid-1561                             D  onSyncTransactionCommitted activityRecord:ActivityRecord{15af521 u0 com.cdccreditsmart.app/.presentation.MainActivity t16} mCurrentTranStartingSurface:com.android.server.wm.TranStartingSurface@97b2287
2025-12-07 16:02:30.405  4638-13314 CacheManager            pid-4638                             I   save new data to cache activity_event
2025-12-07 16:02:30.405  4638-13314 bsc                     pid-4638                             I  notifyDataChange in activity_event, 1
2025-12-07 16:02:30.405  1008-2046  SurfaceFlinger          pid-1008                             I  onHandleDestroyed: name=Surface(name=a872218 NavigationBar0)/@0x33930d - animation-leash of insets_animation#1238, layerId=1238, parentId=0
2025-12-07 16:02:30.405  1008-2046  SurfaceFlinger          pid-1008                             I  onHandleDestroyed: name=Surface(name=1ba79b6 StatusBar)/@0x68a8fa1 - animation-leash of insets_animation#1239, layerId=1239, parentId=0
2025-12-07 16:02:30.406  4638-13314 DataServiceImplV2       pid-4638                             I  StandardDataService notifyDataChange  in 
2025-12-07 16:02:30.406  4638-5155  SimpleEventAdapt        pid-4638                             I  onActivityEvent get com.cdccreditsmart.app, com.cdccreditsmart.app.presentation.MainActivity,true
2025-12-07 16:02:30.406  4638-5155  SimpleEventAdapt        pid-4638                             I  notifyEvent2  activity_event
2025-12-07 16:02:30.406  4638-5155  SimpleEventAdapt        pid-4638                             I  notifyEvent  1
2025-12-07 16:02:30.406  1561-3782  PayJoyAccessService     pid-1561                             I  flag in block -1
2025-12-07 16:02:30.406  4638-13316 DataServiceImplV2       pid-4638                             I  StandardDataService notifyDataChange  curServiceName StandardDataService type:activity_event
2025-12-07 16:02:30.406  1561-2013  JobSchedul...oncurrency pid-1561                             E  Error executing JobStatus{a35367 androidx.work.systemjobscheduler:u0a224/5 @androidx.work.systemjobscheduler@com.google.android.calendar/androidx.work.impl.background.systemjob.SystemJobService u=0 s=10224 TIME=-2m17s562ms:none NET READY}
2025-12-07 16:02:30.406  5638-17648 SmartEventManager       pid-5638                             D  dispatchEvent event: SmartEvent(action=activity_check, extras=Bundle[{is_activity_check=true}])
2025-12-07 16:02:30.406  4638-13316 Kolun_AI                pid-4638                             I  SystemEventSubscribe: onPublishData {"type":"activity_event","time":1765134150404,"data":"{\"className\":\"com.android.launcher3.uioverrides.QuickstepLauncher\",\"isResumed\":false,\"packageName\":\"com.transsion.XOSLauncher\"}","provider":"dc","dc_version":2030380000,"data_version":1,"user_id":0}
2025-12-07 16:02:30.406  4638-13316 Kolun_AI                pid-4638                             I  SystemEventSubscribe: publisher.getMatcher() activity_event
2025-12-07 16:02:30.407  4638-13316 ApiInvoke1.7.1          pid-4638                             I  SubscribeManager: publishData success host DataCenter#StandardDataService matcher activity_event
2025-12-07 16:02:30.407  4638-5155  SimpleEventAdapt        pid-4638                             I  onAppForegroundEvent get com.transsion.XOSLauncher, false
2025-12-07 16:02:30.407  4638-5155  SimpleEventAdapt        pid-4638                             I  notifyEvent2  app_foreground
2025-12-07 16:02:30.407  4638-5155  SimpleEventAdapt        pid-4638                             I  notifyEvent  1
2025-12-07 16:02:30.407  5638-5638  SmartPanelRepository    pid-5638                             I  hasLoadData true  data size = 12
2025-12-07 16:02:30.408  4638-5155  SimpleEventAdapt        pid-4638                             I  onAppForegroundEvent get com.cdccreditsmart.app, true
2025-12-07 16:02:30.408  4638-5155  SimpleEventAdapt        pid-4638                             I  notifyEvent2  app_foreground
2025-12-07 16:02:30.408  5638-5638  SceneController         pid-5638                             D  checkCanShow canShow: true  changed false 
2025-12-07 16:02:30.408  4638-5155  SimpleEventAdapt        pid-4638                             I  notifyEvent  1
2025-12-07 16:02:30.408  4638-5155  SimpleEventAdapt        pid-4638                             I  onAppStartEvent get com.cdccreditsmart.app,start true
2025-12-07 16:02:30.408  4638-13314 CacheManager            pid-4638                             I   save new data to cache activity_event
2025-12-07 16:02:30.408  4638-13314 bsc                     pid-4638                             I  notifyDataChange in activity_event, 1
2025-12-07 16:02:30.408  4638-13316 ApiInvoke1.7.1          pid-4638                             W  SubscribeBusServerImpl: onSafePublishData start ==>> publisher Publisher{channel='DataCenter', apiName='StandardDataService', label='activity_event'}
2025-12-07 16:02:30.408  1561-1696  ApplicationHelper       pid-1561                             E  Fail to get PackageManager
2025-12-07 16:02:30.409 13166-13166 BufferQueueConsumer     pid-13166                            D  [](id:336e00000009,api:0,p:-1,c:13166) connect: controlledByApp=false
2025-12-07 16:02:30.409 13166-13166 BLASTBufferQueue        pid-13166                            D  [VRI[MainActivity]#9](f:0,a:0) constructor()
2025-12-07 16:02:30.409 13166-13166 BLASTBufferQueue        pid-13166                            D  [VRI[MainActivity]#9](f:0,a:0) update width=1080 height=2436 format=-3 mTransformHint=0
2025-12-07 16:02:30.410  3204-3204  StatusBarM...Repository pid-3204                             I  isInFullscreenMode:true com.cdccreditsmart.app
2025-12-07 16:02:30.410  4638-13316 ApiInvoke1.7.1          pid-4638                             W  SubscribeBusServerImpl: onSafePublishData, post publish data form DataCenter to {"pid": "4638","process": "com.transsion.kolun.aiservice","packageName": "com.transsion.kolun.aiservice","channels": ["com.transsion.kolun.aiservice","APPService","AiEngine","GlobalGuideChannel","DataCenter"],"version": "1.7.1"} pid 4638 isPublishLocal true isInvalidPublisher false
2025-12-07 16:02:30.410  4638-13316 ApiInvoke1.7.1          pid-4638                             W  ApiRequest: do publishData to remote activity_event
2025-12-07 16:02:30.411 13166-13166 InsetsController        pid-13166                            I  Insets animation onAnimationStart mShow:false, mDurationMs:340, types:statusBars
2025-12-07 16:02:30.411  4638-13314 DataServiceImplV2       pid-4638                             I  StandardDataService notifyDataChange  in 
2025-12-07 16:02:30.411  4638-13316 DataServiceImplV2       pid-4638                             I  StandardDataService notifyDataChange  curServiceName StandardDataService type:activity_event
2025-12-07 16:02:30.412  4638-13314 CacheManager            pid-4638                             I   save new data to cache app_foreground
2025-12-07 16:02:30.412  4638-13314 bsc                     pid-4638                             I  notifyDataChange in app_foreground, 1
2025-12-07 16:02:30.412  4638-13316 Kolun_AI                pid-4638                             I  SystemEventSubscribe: onPublishData {"type":"activity_event","time":1765134150408,"data":"{\"className\":\"com.cdccreditsmart.app.presentation.MainActivity\",\"isResumed\":true,\"packageName\":\"com.cdccreditsmart.app\"}","provider":"dc","dc_version":2030380000,"data_version":1,"user_id":0}
2025-12-07 16:02:30.412  4638-13316 Kolun_AI                pid-4638                             I  SystemEventSubscribe: publisher.getMatcher() activity_event
2025-12-07 16:02:30.412  1008-1008  BufferQueueDebug        pid-1008                             I  [Surface(name=1ba79b6 StatusBar)/@0x68a8fa1 - animation-leash of insets_animation#1239](this:0xb4000079eb23b0a8,id:-1,api:0,p:-1,c:1008) onDestructor()
2025-12-07 16:02:30.412  1008-1008  BufferQueueDebug        pid-1008                             I  [Surface(name=a872218 NavigationBar0)/@0x33930d - animation-leash of insets_animation#1238](this:0xb4000079eb285148,id:-1,api:0,p:-1,c:1008) onDestructor()
2025-12-07 16:02:30.413  4638-13316 ApiInvoke1.7.1          pid-4638                             I  SubscribeManager: publishData success host DataCenter#StandardDataService matcher activity_event
2025-12-07 16:02:30.415   959-971   mtkpower@impl           pid-959                              I  [setMode] type:6, enabled:1
2025-12-07 16:02:30.415   959-971   mtkpower@impl           pid-959                              E  [setMode] unknown type
2025-12-07 16:02:30.416  4638-13314 DataServiceImplV2       pid-4638                             I  StandardDataService notifyDataChange  in 
2025-12-07 16:02:30.417  1008-1008  BufferQueueProducer     pid-1008                             I  [FramebufferSurface](this:0xb400007a3aff9f50,id:-1,api:1,p:1008,c:1008) queueBuffer: fps=10.32 dur=2616.00 max=2398.61 min=6.77
2025-12-07 16:02:30.419  1561-4544  TranStarti...Controller pid-1561                             D  activityRecord ActivityRecord{15af521 u0 com.cdccreditsmart.app/.presentation.MainActivity t16} is ShowStartingSurface res=true
2025-12-07 16:02:30.419  4638-13314 CacheManager            pid-4638                             I   save new data to cache app_foreground
2025-12-07 16:02:30.419  4638-13314 bsc                     pid-4638                             I  notifyDataChange in app_foreground, 1
2025-12-07 16:02:30.419  1561-4544  WindowManager           pid-1561                             D  should skip check rotation when startingsurface is showing
2025-12-07 16:02:30.419  4638-13314 DataServiceImplV2       pid-4638                             I  StandardDataService notifyDataChange  in 
2025-12-07 16:02:30.420  4638-13316 ApiInvoke1.7.1          pid-4638                             W  SubscribeBusServerImpl: onSafePublishData start ==>> publisher Publisher{channel='DataCenter', apiName='StandardDataService', label='activity_event'}
2025-12-07 16:02:30.421  1561-1699  SurfaceComposerClient   pid-1561                             D  Transaction::apply InputWindowCommands.focusRequests timestamp=1080920408371, windowName=6552ddf com.cdccreditsmart.app/com.cdccreditsmart.app.presentation.MainActivity
2025-12-07 16:02:30.421 13166-13435 BLASTBufferQueue        pid-13166                            D  [VRI[MainActivity]#9](f:0,a:1) acquireNextBufferLocked size=1080x2436 mFrameNumber=1 applyTransaction=true mTimestamp=1080934121217(auto) mPendingTransactions.size=0 graphicBufferId=56547539419191 transform=0
2025-12-07 16:02:30.422  1008-1085  surfaceflinger          pid-1008                             E  == MALI DEBUG ===eglp_winsys_populate_image_templates ==12288
2025-12-07 16:02:30.423 13166-13166 Choreographer           pid-13166                            W  Already have a pending vsync event.  There should only be one at a time.
2025-12-07 16:02:30.423  1561-1644  WindowManager           pid-1561                             D  System monitor finishDrawingWindow w: Window{6552ddf u0 com.cdccreditsmart.app/com.cdccreditsmart.app.presentation.MainActivity}; mDrawState = DRAW_PENDING
2025-12-07 16:02:30.424  3204-3280  SnapshotDrawerUtils     pid-3204                             V  Drawing snapshot surface sizeMismatch=false
2025-12-07 16:02:30.425  1561-1699  TranStarti...Controller pid-1561                             D  removeStartingSurfaceForSync
2025-12-07 16:02:30.425  1561-1699  TranStarti...Controller pid-1561                             D  removeStartingSurface mCurrentTranStartingSurface=com.android.server.wm.TranStartingSurface@97b2287 animate=true
2025-12-07 16:02:30.426  1008-4165  BufferQueueDebug        pid-1008                             I  [Surface(name=TranStartingSurface)/@0x84d32c6 - animation-leash of window_animation#1249](this:0xb4000079eb28d9f8,id:-1,api:0,p:-1,c:-1) BufferQueue core=(1008:/system/bin/surfaceflinger)
2025-12-07 16:02:30.427  4638-13316 ApiInvoke1.7.1          pid-4638                             W  SubscribeBusServerImpl: onSafePublishData, post publish data form DataCenter to {"pid": "4638","process": "com.transsion.kolun.aiservice","packageName": "com.transsion.kolun.aiservice","channels": ["com.transsion.kolun.aiservice","APPService","AiEngine","GlobalGuideChannel","DataCenter"],"version": "1.7.1"} pid 4638 isPublishLocal true isInvalidPublisher false
2025-12-07 16:02:30.427  4638-13316 ApiInvoke1.7.1          pid-4638                             W  ApiRequest: do publishData to remote activity_event
2025-12-07 16:02:30.427  4638-13316 DataServiceImplV2       pid-4638                             I  StandardDataService notifyDataChange  curServiceName StandardDataService type:app_foreground
2025-12-07 16:02:30.428  4638-13316 Kolun_AI                pid-4638                             I  SystemEventSubscribe: onPublishData {"type":"app_foreground","time":1765134150411,"data":"{\"isForeground\":false,\"packageName\":\"com.transsion.XOSLauncher\"}","provider":"dc","dc_version":2030380000,"data_version":1,"user_id":0}
2025-12-07 16:02:30.428  1561-1699  ActivityTaskManager     pid-1561                             V  Schedule remove starting ActivityRecord{15af521 u0 com.cdccreditsmart.app/.presentation.MainActivity t16} startingWindow=Window{4a392d9 u0 SnapshotStartingWindow for taskId=16} animate=false Callers=com.android.server.wm.ActivityRecord.removeStartingWindow:3469 com.android.server.wm.ActivityRecord.onFirstWindowDrawn:7830 com.android.server.wm.WindowState.performShowLocked:4871 com.android.server.wm.WindowStateAnimator.commitFinishDrawingLocked:289 com.android.server.wm.DisplayContent.lambda$new$8:1081 
2025-12-07 16:02:30.429  1205-1205  uas-service             pid-1205                             D  thread(pid=1701) ux_exact_android.anim.lf is uxtag 0x100420 ref 0x1
2025-12-07 16:02:30.430  4638-13316 Kolun_AI                pid-4638                             I  SystemEventSubscribe: publisher.getMatcher() app_foreground
2025-12-07 16:02:30.430  1561-1797  mtkpower_client         pid-1561                             I  perf_cus_lock_hint hint:101, dur:100, pid:1561
2025-12-07 16:02:30.430   959-970   AppFlingMode            pid-959                              D  [CheckAppFlingHint] 101 com.cdccreditsmart.app 120
2025-12-07 16:02:30.431  5638-17648 SmartPanelService       pid-5638                             I  onWindowsDrawn pkgName: com.cdccreditsmart.app, className: com.cdccreditsmart.app.presentation.MainActivity launchState=3 windowsDrawnDelayMs =115
2025-12-07 16:02:30.431   959-1051  libPowerHal             pid-959                              I  [setGPUFreq] MTKPOWER_HINT_LAUNCHER_ANIMA user set gpu freq min:0, max:-1
2025-12-07 16:02:30.431   959-1051  libPowerHal             pid-959                              I  MTKPOWER_HINT_LAUNCHER_ANIMA: set gpu opp level max: 0
2025-12-07 16:02:30.431  4638-13316 Kolun_AI                pid-4638                             I  SystemEventSubscribeheh:SimpleEventBus post event AppForegroundEvent{mPackageName='com.transsion.XOSLauncher', mIsForeground=false} 1765134150411
2025-12-07 16:02:30.431   959-1051  libPowerHal             pid-959                              I  [setGPUFreq] Soft min/max = (0, 0); Hard min/max = (44, 0)
2025-12-07 16:02:30.431   959-1051  libPowerHal             pid-959                              I  [setGPUFreq] final min/max = (0, 0)
2025-12-07 16:02:30.431   959-1051  libPowerHal             pid-959                              I  MTKPOWER_HINT_LAUNCHER_ANIMA: set gpu opp level: 0
2025-12-07 16:02:30.431   959-1051  libPowerHal             pid-959                              I  MTKPOWER_HINT_LAUNCHER_ANIMA: set gpu opp level max: 0
2025-12-07 16:02:30.431  4638-13316 ApiInvoke1.7.1          pid-4638                             I  SubscribeManager: publishData success host DataCenter#StandardDataService matcher app_foreground
2025-12-07 16:02:30.431  1561-1797  mtkpower_client         pid-1561                             I  perf_cus_lock_hint, ret_hdl:2006
2025-12-07 16:02:30.431  1561-1797  PowerHalMgrImpl         pid-1561                             I  hdl:2006, pid:1561 
2025-12-07 16:02:30.432  1561-2013  JobSchedul...oncurrency pid-1561                             W  Had fewer than 16 in existence
2025-12-07 16:02:30.433  5638-5638  SmartPanelRepository    pid-5638                             I  hasLoadData true  data size = 12
2025-12-07 16:02:30.433  1561-5288  WindowManager           pid-1561                             D  System monitor finishDrawingWindow w: Window{4a392d9 u0 SnapshotStartingWindow for taskId=16}; mDrawState = DRAW_PENDING
2025-12-07 16:02:30.435  1561-1699  WindowManager           pid-1561                             I  this = Window{4a392d9 u0 SnapshotStartingWindow for taskId=16}, later than mainWin: Window{6552ddf u0 com.cdccreditsmart.app/com.cdccreditsmart.app.presentation.MainActivity}
2025-12-07 16:02:30.435  4638-13316 ApiInvoke1.7.1          pid-4638                             W  SubscribeBusServerImpl: onSafePublishData start ==>> publisher Publisher{channel='DataCenter', apiName='StandardDataService', label='app_foreground'}
2025-12-07 16:02:30.436  5638-5638  SceneController         pid-5638                             D  checkCanShow canShow: true  changed false 
2025-12-07 16:02:30.436  4638-13316 ApiInvoke1.7.1          pid-4638                             W  SubscribeBusServerImpl: onSafePublishData, post publish data form DataCenter to {"pid": "4638","process": "com.transsion.kolun.aiservice","packageName": "com.transsion.kolun.aiservice","channels": ["com.transsion.kolun.aiservice","APPService","AiEngine","GlobalGuideChannel","DataCenter"],"version": "1.7.1"} pid 4638 isPublishLocal true isInvalidPublisher false
2025-12-07 16:02:30.436  4638-13316 ApiInvoke1.7.1          pid-4638                             W  ApiRequest: do publishData to remote app_foreground
2025-12-07 16:02:30.437  4638-13316 DataServiceImplV2       pid-4638                             I  StandardDataService notifyDataChange  curServiceName StandardDataService type:app_foreground
2025-12-07 16:02:30.437  1561-1695  _T_AppBehavior          pid-1561                             I  APP_START_OCCURRED (pid:13166, packageName:com.cdccreditsmart.app, transitionType:9, launchedActivityName:com.cdccreditsmart.app.presentation.MainActivity, callerPackage:com.transsion.XOSLauncher, currentTransitionDelayMs:55, startingWindowDelayMs:-1, bindApplicationDelayMs:-1, windowsDrawnDelayMs:115,compilationReason:4, compilationFilter:4 )
2025-12-07 16:02:30.437  1008-1008  SurfaceFlinger          pid-1008                             D  Focus addInputWindowCommands timestamp=1080920408371, windowName=6552ddf com.cdccreditsmart.app/com.cdccreditsmart.app.presentation.MainActivity
2025-12-07 16:02:30.437  4638-4776  Kolun_AI                pid-4638                             I  SceneIdentify:onBusEvent AppForegroundEvent   com.transsion.XOSLauncher, false, SceneIdentify
2025-12-07 16:02:30.438  4638-4776  Kolun_AI                pid-4638                             I  PreventAccidentalTouchScene:mIsSceneIn: false
2025-12-07 16:02:30.438  4638-4776  Kolun_AI                pid-4638                             I  SceneIdentify:checkShortVideo com.transsion.XOSLauncher false 
2025-12-07 16:02:30.438  4638-4776  Kolun_AI                pid-4638                             I  SceneIdentify:isShortVideoPkg false
2025-12-07 16:02:30.438  4638-4776  Kolun_AI                pid-4638                             I  SceneIdentify:checkGameOut  com.transsion.XOSLauncher, 
