2025-12-04 06:35:52.723 12304-12342 WorkPolicyManager       com.cdccreditsmart.app               I  â•‘     âœ… Foreground Service persistente ativado
2025-12-04 06:35:52.723 12304-12342 WorkPolicyManager       com.cdccreditsmart.app               I  â•‘     âœ… VerificaÃ§Ã£o periÃ³dica de saÃºde agendada
2025-12-04 06:35:52.723 12304-12342 WorkPolicyManager       com.cdccreditsmart.app               I  â•‘     âœ… Monitor de desinstalaÃ§Ã£o ativado
2025-12-04 06:35:52.723 12304-12342 WorkPolicyManager       com.cdccreditsmart.app               I  â•‘     âœ… Monitor de mudanÃ§as de pacotes ativado
2025-12-04 06:35:52.723 12304-12342 WorkPolicyManager       com.cdccreditsmart.app               I  â•‘     âœ… PolÃ­ticas de Device Admin aplicadas
2025-12-04 06:35:52.723 12304-12342 WorkPolicyManager       com.cdccreditsmart.app               I  â• â•â•â•â•â•â•â•â•â•â•â•â•â•â•â•â•â•â•â•â•â•â•â•â•â•â•â•â•â•â•â•â•â•â•â•â•â•â•â•â•â•â•â•â•â•â•â•â•â•â•â•â•â•â•â•â•â•â•â•â•â•â•â•â•â•£
2025-12-04 06:35:52.728 12304-12342 WorkPolicyManager       com.cdccreditsmart.app               I  â•‘  âš ï¸ AVISOS:
2025-12-04 06:35:52.728 12304-12342 WorkPolicyManager       com.cdccreditsmart.app               W  â•‘     âš ï¸ DesinstalaÃ§Ã£o: UsuÃ¡rio pode desinstalar (Device Admin nÃ£o bloqueia)
2025-12-04 06:35:52.728 12304-12342 WorkPolicyManager       com.cdccreditsmart.app               W  â•‘     âš ï¸ Factory Reset: NÃ£o bloqueÃ¡vel sem Device Owner
2025-12-04 06:35:52.728 12304-12342 WorkPolicyManager       com.cdccreditsmart.app               W  â•‘     âš ï¸ RecomendaÃ§Ã£o: Ativar Device Owner para proteÃ§Ã£o mÃ¡xima
2025-12-04 06:35:52.728 12304-12342 WorkPolicyManager       com.cdccreditsmart.app               I  â•šâ•â•â•â•â•â•â•â•â•â•â•â•â•â•â•â•â•â•â•â•â•â•â•â•â•â•â•â•â•â•â•â•â•â•â•â•â•â•â•â•â•â•â•â•â•â•â•â•â•â•â•â•â•â•â•â•â•â•â•â•â•â•â•â•â•
2025-12-04 06:35:52.728 12304-12342 WorkPolicyManager       com.cdccreditsmart.app               I  
2025-12-04 06:35:52.728 12304-12342 CdcForegroundService    com.cdccreditsmart.app               I  ğŸ¢ Resultado: DEVICE_ADMIN
2025-12-04 06:35:52.731 12304-12343 WorkPolicyManager       com.cdccreditsmart.app               I  â•‘  ğŸ“‹ PolÃ­ticas aplicadas: 7
2025-12-04 06:35:52.733 12304-12343 WorkPolicyManager       com.cdccreditsmart.app               I  â• â•â•â•â•â•â•â•â•â•â•â•â•â•â•â•â•â•â•â•â•â•â•â•â•â•â•â•â•â•â•â•â•â•â•â•â•â•â•â•â•â•â•â•â•â•â•â•â•â•â•â•â•â•â•â•â•â•â•â•â•â•â•â•â•â•£
2025-12-04 06:35:52.733 12304-12343 WorkPolicyManager       com.cdccreditsmart.app               I  â•‘  âœ… PROTEÃ‡Ã•ES ATIVAS:
2025-12-04 06:35:52.733 12304-12343 WorkPolicyManager       com.cdccreditsmart.app               I  â•‘     âœ… PolÃ­ticas de senha configuradas
2025-12-04 06:35:52.733 12304-12343 WorkPolicyManager       com.cdccreditsmart.app               I  â•‘     âœ… IsenÃ§Ã£o de otimizaÃ§Ã£o de bateria
2025-12-04 06:35:52.733 12304-12343 WorkPolicyManager       com.cdccreditsmart.app               I  â•‘     âœ… Foreground Service persistente ativado
2025-12-04 06:35:52.733 12304-12343 WorkPolicyManager       com.cdccreditsmart.app               I  â•‘     âœ… VerificaÃ§Ã£o periÃ³dica de saÃºde agendada
2025-12-04 06:35:52.733 12304-12343 WorkPolicyManager       com.cdccreditsmart.app               I  â•‘     âœ… Monitor de desinstalaÃ§Ã£o ativado
2025-12-04 06:35:52.733 12304-12343 WorkPolicyManager       com.cdccreditsmart.app               I  â•‘     âœ… Monitor de mudanÃ§as de pacotes ativado
2025-12-04 06:35:52.733 12304-12343 WorkPolicyManager       com.cdccreditsmart.app               I  â•‘     âœ… PolÃ­ticas de Device Admin aplicadas
2025-12-04 06:35:52.733 12304-12343 WorkPolicyManager       com.cdccreditsmart.app               I  â• â•â•â•â•â•â•â•â•â•â•â•â•â•â•â•â•â•â•â•â•â•â•â•â•â•â•â•â•â•â•â•â•â•â•â•â•â•â•â•â•â•â•â•â•â•â•â•â•â•â•â•â•â•â•â•â•â•â•â•â•â•â•â•â•â•£
2025-12-04 06:35:52.733 12304-12343 WorkPolicyManager       com.cdccreditsmart.app               I  â•‘  âš ï¸ AVISOS:
2025-12-04 06:35:52.733 12304-12343 WorkPolicyManager       com.cdccreditsmart.app               W  â•‘     âš ï¸ DesinstalaÃ§Ã£o: UsuÃ¡rio pode desinstalar (Device Admin nÃ£o bloqueia)
2025-12-04 06:35:52.733 12304-12343 WorkPolicyManager       com.cdccreditsmart.app               W  â•‘     âš ï¸ Factory Reset: NÃ£o bloqueÃ¡vel sem Device Owner
2025-12-04 06:35:52.733 12304-12343 WorkPolicyManager       com.cdccreditsmart.app               W  â•‘     âš ï¸ RecomendaÃ§Ã£o: Ativar Device Owner para proteÃ§Ã£o mÃ¡xima
2025-12-04 06:35:52.733 12304-12343 WorkPolicyManager       com.cdccreditsmart.app               I  â•šâ•â•â•â•â•â•â•â•â•â•â•â•â•â•â•â•â•â•â•â•â•â•â•â•â•â•â•â•â•â•â•â•â•â•â•â•â•â•â•â•â•â•â•â•â•â•â•â•â•â•â•â•â•â•â•â•â•â•â•â•â•â•â•â•â•
2025-12-04 06:35:52.733 12304-12343 WorkPolicyManager       com.cdccreditsmart.app               I  
2025-12-04 06:35:52.733 12304-12343 CdcForegroundService    com.cdccreditsmart.app               I  ğŸ¢ Resultado: DEVICE_ADMIN
2025-12-04 06:35:52.733 12304-12343 CdcForegroundService    com.cdccreditsmart.app               I  ğŸ¢ PolÃ­ticas aplicadas: 7/10
2025-12-04 06:35:52.733 12304-12343 CdcForegroundService    com.cdccreditsmart.app               W  ğŸ¢ âš ï¸ DesinstalaÃ§Ã£o: UsuÃ¡rio pode desinstalar (Device Admin nÃ£o bloqueia)
2025-12-04 06:35:52.733 12304-12343 CdcForegroundService    com.cdccreditsmart.app               W  ğŸ¢ âš ï¸ Factory Reset: NÃ£o bloqueÃ¡vel sem Device Owner
2025-12-04 06:35:52.733 12304-12343 CdcForegroundService    com.cdccreditsmart.app               W  ğŸ¢ âš ï¸ RecomendaÃ§Ã£o: Ativar Device Owner para proteÃ§Ã£o mÃ¡xima
2025-12-04 06:35:52.733 12304-12343 CdcForegroundService    com.cdccreditsmart.app               I  ğŸ¢ ========================================
2025-12-04 06:35:52.733 12304-12343 CdcForegroundService    com.cdccreditsmart.app               I  ğŸ›¡ï¸ ========================================
2025-12-04 06:35:52.733 12304-12343 CdcForegroundService    com.cdccreditsmart.app               I  ğŸ›¡ï¸ INICIANDO SETTINGS GUARD (PROTEÃ‡ÃƒO AGRESSIVA)
2025-12-04 06:35:52.733 12304-12343 CdcForegroundService    com.cdccreditsmart.app               I  ğŸ›¡ï¸ ========================================
2025-12-04 06:35:52.736 12304-12343 SettingsGuardService    com.cdccreditsmart.app               I  ğŸ›¡ï¸ SettingsGuard INICIADO
2025-12-04 06:35:52.738 12304-12343 SettingsGuardService    com.cdccreditsmart.app               I     Modo de proteÃ§Ã£o: DEVICE_ADMIN
2025-12-04 06:35:52.738 12304-12343 SettingsGuardService    com.cdccreditsmart.app               I     ğŸ” Device Admin: ProteÃ§Ã£o AGRESSIVA ativada
2025-12-04 06:35:52.738 12304-12343 SettingsGuardService    com.cdccreditsmart.app               I     ğŸ“¡ Monitorando Settings a cada 600ms
2025-12-04 06:35:52.738 12304-12343 SettingsGuardService    com.cdccreditsmart.app               I     ğŸ“¡ Quando Settings aberto: modo agressivo 400ms
2025-12-04 06:35:52.742 12304-12342 CdcForegroundService    com.cdccreditsmart.app               I  ğŸ¢ PolÃ­ticas aplicadas: 7/10
2025-12-04 06:35:52.747 12304-12342 CdcForegroundService    com.cdccreditsmart.app               W  ğŸ¢ âš ï¸ DesinstalaÃ§Ã£o: UsuÃ¡rio pode desinstalar (Device Admin nÃ£o bloqueia)
2025-12-04 06:35:52.747 12304-12342 CdcForegroundService    com.cdccreditsmart.app               W  ğŸ¢ âš ï¸ Factory Reset: NÃ£o bloqueÃ¡vel sem Device Owner
2025-12-04 06:35:52.747 12304-12342 CdcForegroundService    com.cdccreditsmart.app               W  ğŸ¢ âš ï¸ RecomendaÃ§Ã£o: Ativar Device Owner para proteÃ§Ã£o mÃ¡xima
2025-12-04 06:35:52.747 12304-12342 CdcForegroundService    com.cdccreditsmart.app               I  ğŸ¢ ========================================
2025-12-04 06:35:52.747 12304-12342 CdcForegroundService    com.cdccreditsmart.app               I  ğŸ›¡ï¸ ========================================
2025-12-04 06:35:52.747 12304-12342 CdcForegroundService    com.cdccreditsmart.app               I  ğŸ›¡ï¸ INICIANDO SETTINGS GUARD (PROTEÃ‡ÃƒO AGRESSIVA)
2025-12-04 06:35:52.747 12304-12342 CdcForegroundService    com.cdccreditsmart.app               I  ğŸ›¡ï¸ ========================================
2025-12-04 06:35:52.750 12304-12343 CdcForegroundService    com.cdccreditsmart.app               I  ğŸ›¡ï¸ Guard ativo: true
2025-12-04 06:35:52.750 12304-12343 CdcForegroundService    com.cdccreditsmart.app               I  ğŸ›¡ï¸ Modo proteÃ§Ã£o: DEVICE_ADMIN
2025-12-04 06:35:52.750 12304-12343 CdcForegroundService    com.cdccreditsmart.app               I  ğŸ›¡ï¸ Modo agressivo: false
2025-12-04 06:35:52.750 12304-12343 CdcForegroundService    com.cdccreditsmart.app               I  ğŸ›¡ï¸ UsageStats: âœ… ATIVO
2025-12-04 06:35:52.750 12304-12343 CdcForegroundService    com.cdccreditsmart.app               I  ğŸ›¡ï¸ Overlay: âœ… ATIVO
2025-12-04 06:35:52.750 12304-12343 CdcForegroundService    com.cdccreditsmart.app               I  ğŸ›¡ï¸ ========================================
2025-12-04 06:35:52.758 12304-12342 CdcForegroundService    com.cdccreditsmart.app               I  ğŸ›¡ï¸ Guard ativo: true
2025-12-04 06:35:52.758 12304-12342 CdcForegroundService    com.cdccreditsmart.app               I  ğŸ›¡ï¸ Modo proteÃ§Ã£o: DEVICE_ADMIN
2025-12-04 06:35:52.758 12304-12342 CdcForegroundService    com.cdccreditsmart.app               I  ğŸ›¡ï¸ Modo agressivo: false
2025-12-04 06:35:52.758 12304-12342 CdcForegroundService    com.cdccreditsmart.app               I  ğŸ›¡ï¸ UsageStats: âœ… ATIVO
2025-12-04 06:35:52.758 12304-12342 CdcForegroundService    com.cdccreditsmart.app               I  ğŸ›¡ï¸ Overlay: âœ… ATIVO
2025-12-04 06:35:52.758 12304-12342 CdcForegroundService    com.cdccreditsmart.app               I  ğŸ›¡ï¸ ========================================
2025-12-04 06:35:53.356 12304-12341 ContractCodeStorage     com.cdccreditsmart.app               W  No valid contract code found in any location
2025-12-04 06:35:53.357 12304-12341 SecureTokenStorage      com.cdccreditsmart.app               E  âŒ Nenhum identificador MDM disponÃ­vel!
2025-12-04 06:35:53.357 12304-12341 CdcForegroundService    com.cdccreditsmart.app               I  ğŸ” AuthToken presente: false
2025-12-04 06:35:53.357 12304-12341 CdcForegroundService    com.cdccreditsmart.app               I  ğŸ” AuthToken length: 0
2025-12-04 06:35:53.357 12304-12341 CdcForegroundService    com.cdccreditsmart.app               I  ğŸ” ContractCode presente: false
2025-12-04 06:35:53.357 12304-12341 CdcForegroundService    com.cdccreditsmart.app               I  ğŸ” ContractCode value: null****
2025-12-04 06:35:53.357 12304-12341 CdcForegroundService    com.cdccreditsmart.app               I  ğŸ” MDM SerialNumber presente: false
2025-12-04 06:35:53.357 12304-12341 CdcForegroundService    com.cdccreditsmart.app               I  ğŸ” MDM SerialNumber value: ......
2025-12-04 06:35:53.357 12304-12341 CdcForegroundService    com.cdccreditsmart.app               I  ğŸ“± ========================================
2025-12-04 06:35:53.357 12304-12341 CdcForegroundService    com.cdccreditsmart.app               I  ğŸ“± AGUARDANDO PAIRING - SERVIÃ‡O EM STANDBY
2025-12-04 06:35:53.357 12304-12341 CdcForegroundService    com.cdccreditsmart.app               I  ğŸ“± O usuÃ¡rio ainda nÃ£o fez o pareamento inicial
2025-12-04 06:35:53.357 12304-12341 CdcForegroundService    com.cdccreditsmart.app               I  ğŸ“± ServiÃ§os MDM serÃ£o ativados apÃ³s inserir cÃ³digo do contrato
2025-12-04 06:35:53.357 12304-12341 CdcForegroundService    com.cdccreditsmart.app               I  ğŸ“± ========================================
2025-12-04 06:35:53.367 12304-12343 ContractCodeStorage     com.cdccreditsmart.app               W  No valid contract code found in any location
2025-12-04 06:35:53.368 12304-12343 SecureTokenStorage      com.cdccreditsmart.app               E  âŒ Nenhum identificador MDM disponÃ­vel!
2025-12-04 06:35:53.368 12304-12343 CdcForegroundService    com.cdccreditsmart.app               I  ğŸ” AuthToken presente: false
2025-12-04 06:35:53.368 12304-12343 CdcForegroundService    com.cdccreditsmart.app               I  ğŸ” AuthToken length: 0
2025-12-04 06:35:53.368 12304-12343 CdcForegroundService    com.cdccreditsmart.app               I  ğŸ” ContractCode presente: false
2025-12-04 06:35:53.368 12304-12343 CdcForegroundService    com.cdccreditsmart.app               I  ğŸ” ContractCode value: null****
2025-12-04 06:35:53.368 12304-12343 CdcForegroundService    com.cdccreditsmart.app               I  ğŸ” MDM SerialNumber presente: false
2025-12-04 06:35:53.368 12304-12343 CdcForegroundService    com.cdccreditsmart.app               I  ğŸ” MDM SerialNumber value: ......
2025-12-04 06:35:53.368 12304-12343 CdcForegroundService    com.cdccreditsmart.app               I  ğŸ“± ========================================
2025-12-04 06:35:53.368 12304-12343 CdcForegroundService    com.cdccreditsmart.app               I  ğŸ“± AGUARDANDO PAIRING - SERVIÃ‡O EM STANDBY
2025-12-04 06:35:53.368 12304-12343 CdcForegroundService    com.cdccreditsmart.app               I  ğŸ“± O usuÃ¡rio ainda nÃ£o fez o pareamento inicial
2025-12-04 06:35:53.368 12304-12343 CdcForegroundService    com.cdccreditsmart.app               I  ğŸ“± ServiÃ§os MDM serÃ£o ativados apÃ³s inserir cÃ³digo do contrato
2025-12-04 06:35:53.368 12304-12343 CdcForegroundService    com.cdccreditsmart.app               I  ğŸ“± ========================================
2025-12-04 06:35:53.491 12304-12304 CdcForegroundService    com.cdccreditsmart.app               I  âœ… Foreground Service ativo (Android 12+)
2025-12-04 06:35:53.492 12304-12343 CdcForegroundService    com.cdccreditsmart.app               I  ğŸ”§ ========================================
2025-12-04 06:35:53.492 12304-12343 CdcForegroundService    com.cdccreditsmart.app               I  ğŸ”§ INICIANDO initializeServices()...
2025-12-04 06:35:53.492 12304-12343 CdcForegroundService    com.cdccreditsmart.app               I  ğŸ”§ ========================================
2025-12-04 06:35:53.492 12304-12343 CdcForegroundService    com.cdccreditsmart.app               I  ğŸ¢ ========================================
2025-12-04 06:35:53.492 12304-12343 CdcForegroundService    com.cdccreditsmart.app               I  ğŸ¢ APLICANDO POLÃTICAS DE AMBIENTE DE TRABALHO
2025-12-04 06:35:53.492 12304-12343 CdcForegroundService    com.cdccreditsmart.app               I  ğŸ¢ ========================================
2025-12-04 06:35:53.492 12304-12304 BootInterceptor         com.cdccreditsmart.app               I  ========================================
2025-12-04 06:35:53.492 12304-12343 WorkPolicyManager       com.cdccreditsmart.app               I  
2025-12-04 06:35:53.492 12304-12304 BootInterceptor         com.cdccreditsmart.app               I  ğŸ”„ BOOT EVENT DETECTADO
2025-12-04 06:35:53.492 12304-12343 WorkPolicyManager       com.cdccreditsmart.app               I  â•”â•â•â•â•â•â•â•â•â•â•â•â•â•â•â•â•â•â•â•â•â•â•â•â•â•â•â•â•â•â•â•â•â•â•â•â•â•â•â•â•â•â•â•â•â•â•â•â•â•â•â•â•â•â•â•â•â•â•â•â•â•â•â•â•â•—
2025-12-04 06:35:53.492 12304-12343 WorkPolicyManager       com.cdccreditsmart.app               I  â•‘  ğŸ¢ APLICANDO POLÃTICAS DE AMBIENTE DE TRABALHO                â•‘
2025-12-04 06:35:53.492 12304-12343 WorkPolicyManager       com.cdccreditsmart.app               I  â•‘     CDC CREDIT SMART - PROTEÃ‡ÃƒO EMPRESARIAL                    â•‘
2025-12-04 06:35:53.492 12304-12343 WorkPolicyManager       com.cdccreditsmart.app               I  â•šâ•â•â•â•â•â•â•â•â•â•â•â•â•â•â•â•â•â•â•â•â•â•â•â•â•â•â•â•â•â•â•â•â•â•â•â•â•â•â•â•â•â•â•â•â•â•â•â•â•â•â•â•â•â•â•â•â•â•â•â•â•â•â•â•â•
2025-12-04 06:35:53.492 12304-12343 WorkPolicyManager       com.cdccreditsmart.app               I  
2025-12-04 06:35:53.492 12304-12304 BootInterceptor         com.cdccreditsmart.app               I  ========================================
2025-12-04 06:35:53.492 12304-12304 BootInterceptor         com.cdccreditsmart.app               I  âœ… BOOT COMPLETO DETECTADO
2025-12-04 06:35:53.492 12304-12304 BootInterceptor         com.cdccreditsmart.app               I     Sistema Android iniciado com sucesso
2025-12-04 06:35:53.492 12304-12304 BootInterceptor         com.cdccreditsmart.app               I     Device Fingerprint: CDC_-1244237****
2025-12-04 06:35:53.492 12304-12304 TamperDetection         com.cdccreditsmart.app               I  
2025-12-04 06:35:53.492 12304-12304 TamperDetection         com.cdccreditsmart.app               I  â•”â•â•â•â•â•â•â•â•â•â•â•â•â•â•â•â•â•â•â•â•â•â•â•â•â•â•â•â•â•â•â•â•â•â•â•â•â•â•â•â•â•â•â•â•â•â•â•â•â•â•â•â•â•â•â•â•â•—
2025-12-04 06:35:53.492 12304-12304 TamperDetection         com.cdccreditsmart.app               I  â•‘    ğŸ“¡ REPORTAR BOOT AO BACKEND                        â•‘
2025-12-04 06:35:53.492 12304-12304 TamperDetection         com.cdccreditsmart.app               I  â• â•â•â•â•â•â•â•â•â•â•â•â•â•â•â•â•â•â•â•â•â•â•â•â•â•â•â•â•â•â•â•â•â•â•â•â•â•â•â•â•â•â•â•â•â•â•â•â•â•â•â•â•â•â•â•â•â•£
2025-12-04 06:35:53.492 12304-12304 TamperDetection         com.cdccreditsmart.app               I  â•‘  Device Fingerprint: CDC_-1244237****      â•‘
2025-12-04 06:35:53.492 12304-12304 TamperDetection         com.cdccreditsmart.app               I  â•‘  Boot Timestamp: 1764840953492          â•‘
2025-12-04 06:35:53.492 12304-12304 TamperDetection         com.cdccreditsmart.app               I  â•‘                                                        â•‘
2025-12-04 06:35:53.492 12304-12304 TamperDetection         com.cdccreditsmart.app               I  â•‘  Backend detectarÃ¡ factory reset comparando:          â•‘
2025-12-04 06:35:53.492 12304-12304 TamperDetection         com.cdccreditsmart.app               I  â•‘  â€¢ Fingerprint histÃ³rico vs atual                     â•‘
2025-12-04 06:35:53.492 12304-12304 TamperDetection         com.cdccreditsmart.app               I  â•‘  â€¢ Timestamp do Ãºltimo boot vs agora                  â•‘
2025-12-04 06:35:53.492 12304-12304 TamperDetection         com.cdccreditsmart.app               I  â•‘  â€¢ Token vÃ¡lido vs ausente                            â•‘
2025-12-04 06:35:53.492 12304-12304 TamperDetection         com.cdccreditsmart.app               I  â•šâ•â•â•â•â•â•â•â•â•â•â•â•â•â•â•â•â•â•â•â•â•â•â•â•â•â•â•â•â•â•â•â•â•â•â•â•â•â•â•â•â•â•â•â•â•â•â•â•â•â•â•â•â•â•â•â•â•
2025-12-04 06:35:53.492 12304-12304 TamperDetection         com.cdccreditsmart.app               I  
2025-12-04 06:35:53.492 12304-12304 TamperDetection         com.cdccreditsmart.app               I  âš ï¸ TODO: Implementar POST /api/security/device-boot
2025-12-04 06:35:53.492 12304-12304 BootInterceptor         com.cdccreditsmart.app               I  ========================================
2025-12-04 06:35:53.492 12304-12343 WorkPolicyManager       com.cdccreditsmart.app               I  ğŸ“‹ STATUS DO DISPOSITIVO:
2025-12-04 06:35:53.492 12304-12343 WorkPolicyManager       com.cdccreditsmart.app               I     Device Owner: âŒ NÃƒO
2025-12-04 06:35:53.492 12304-12343 WorkPolicyManager       com.cdccreditsmart.app               I     Device Admin: âœ… SIM
2025-12-04 06:35:53.492 12304-12343 WorkPolicyManager       com.cdccreditsmart.app               I  
2025-12-04 06:35:53.492 12304-12343 WorkPolicyManager       com.cdccreditsmart.app               I  â•â•â•â•â•â•â•â•â•â•â•â•â•â•â•â•â•â•â•â•â•â•â•â•â•â•â•â•â•â•â•â•â•â•â•â•â•â•â•â•â•â•â•â•â•â•â•â•â•â•â•â•â•â•â•â•â•â•â•â•â•â•â•
2025-12-04 06:35:53.492 12304-12343 WorkPolicyManager       com.cdccreditsmart.app               I  ğŸ›¡ï¸ MODO DEVICE ADMIN - PROTEÃ‡ÃƒO PARCIAL
2025-12-04 06:35:53.492 12304-12343 WorkPolicyManager       com.cdccreditsmart.app               I  â•â•â•â•â•â•â•â•â•â•â•â•â•â•â•â•â•â•â•â•â•â•â•â•â•â•â•â•â•â•â•â•â•â•â•â•â•â•â•â•â•â•â•â•â•â•â•â•â•â•â•â•â•â•â•â•â•â•â•â•â•â•â•
2025-12-04 06:35:53.492 12304-12343 WorkPolicyManager       com.cdccreditsmart.app               I  
2025-12-04 06:35:53.492 12304-12343 WorkPolicyManager       com.cdccreditsmart.app               W  âš ï¸ LIMITAÃ‡Ã•ES DO DEVICE ADMIN:
2025-12-04 06:35:53.492 12304-12343 WorkPolicyManager       com.cdccreditsmart.app               W     â€¢ NÃ£o pode bloquear desinstalaÃ§Ã£o completamente
2025-12-04 06:35:53.492 12304-12343 WorkPolicyManager       com.cdccreditsmart.app               W     â€¢ NÃ£o pode bloquear Factory Reset via Settings
2025-12-04 06:35:53.492 12304-12343 WorkPolicyManager       com.cdccreditsmart.app               W     â€¢ NÃ£o pode desativar controles do usuÃ¡rio
2025-12-04 06:35:53.492 12304-12343 WorkPolicyManager       com.cdccreditsmart.app               W     â€¢ ProteÃ§Ãµes limitadas Ã s APIs de Device Admin
2025-12-04 06:35:53.492 12304-12343 WorkPolicyManager       com.cdccreditsmart.app               I  
2025-12-04 06:35:53.493 12304-12343 WorkPolicyManager       com.cdccreditsmart.app               I  ğŸ” [1/4] POLÃTICAS DE SENHA
2025-12-04 06:35:53.493 12304-12343 WorkPolicyManager       com.cdccreditsmart.app               I  â”€â”€â”€â”€â”€â”€â”€â”€â”€â”€â”€â”€â”€â”€â”€â”€â”€â”€â”€â”€â”€â”€â”€â”€â”€â”€â”€â”€â”€â”€â”€â”€â”€â”€â”€â”€â”€â”€â”€â”€â”€â”€â”€â”€â”€â”€â”€â”€â”€â”€â”€â”€â”€â”€â”€â”€â”€â”€â”€â”€â”€â”€â”€
2025-12-04 06:35:53.493 12304-12343 WorkPolicyManager       com.cdccreditsmart.app               I     âœ… PolÃ­ticas de senha configuradas (Device Admin)
2025-12-04 06:35:53.493 12304-12343 WorkPolicyManager       com.cdccreditsmart.app               I  
2025-12-04 06:35:53.493 12304-12343 WorkPolicyManager       com.cdccreditsmart.app               I  ğŸ“± [2/4] PROTEÃ‡Ã•ES DE PERSISTÃŠNCIA
2025-12-04 06:35:53.493 12304-12343 WorkPolicyManager       com.cdccreditsmart.app               I  â”€â”€â”€â”€â”€â”€â”€â”€â”€â”€â”€â”€â”€â”€â”€â”€â”€â”€â”€â”€â”€â”€â”€â”€â”€â”€â”€â”€â”€â”€â”€â”€â”€â”€â”€â”€â”€â”€â”€â”€â”€â”€â”€â”€â”€â”€â”€â”€â”€â”€â”€â”€â”€â”€â”€â”€â”€â”€â”€â”€â”€â”€â”€
2025-12-04 06:35:53.493 12304-12343 WorkPolicyManager       com.cdccreditsmart.app               I     â„¹ï¸ Solicitando isenÃ§Ã£o de otimizaÃ§Ã£o de bateria...
2025-12-04 06:35:53.493 12304-12343 WorkPolicyManager       com.cdccreditsmart.app               I     â„¹ï¸ UsuÃ¡rio precisa conceder manualmente em Settings
2025-12-04 06:35:53.493 12304-12343 WorkPolicyManager       com.cdccreditsmart.app               I     âœ… Foreground Service configurado via CdcForegroundService
2025-12-04 06:35:53.493 12304-12343 WorkPolicyManager       com.cdccreditsmart.app               I     âœ… WorkManager health check agendado
2025-12-04 06:35:53.493 12304-12343 WorkPolicyManager       com.cdccreditsmart.app               I  
2025-12-04 06:35:53.493 12304-12343 WorkPolicyManager       com.cdccreditsmart.app               I  ğŸ”” [3/4] MONITORAMENTO
2025-12-04 06:35:53.493 12304-12343 WorkPolicyManager       com.cdccreditsmart.app               I  â”€â”€â”€â”€â”€â”€â”€â”€â”€â”€â”€â”€â”€â”€â”€â”€â”€â”€â”€â”€â”€â”€â”€â”€â”€â”€â”€â”€â”€â”€â”€â”€â”€â”€â”€â”€â”€â”€â”€â”€â”€â”€â”€â”€â”€â”€â”€â”€â”€â”€â”€â”€â”€â”€â”€â”€â”€â”€â”€â”€â”€â”€â”€
2025-12-04 06:35:53.493 12304-12343 WorkPolicyManager       com.cdccreditsmart.app               I     âœ… Monitor de desinstalaÃ§Ã£o registrado via broadcast
2025-12-04 06:35:53.493 12304-12343 WorkPolicyManager       com.cdccreditsmart.app               I     âœ… Monitor de pacotes registrado
2025-12-04 06:35:53.493 12304-12343 WorkPolicyManager       com.cdccreditsmart.app               I  
2025-12-04 06:35:53.493 12304-12343 WorkPolicyManager       com.cdccreditsmart.app               I  âš¡ [4/4] PROTEÃ‡Ã•ES ALTERNATIVAS
2025-12-04 06:35:53.493 12304-12343 WorkPolicyManager       com.cdccreditsmart.app               I  â”€â”€â”€â”€â”€â”€â”€â”€â”€â”€â”€â”€â”€â”€â”€â”€â”€â”€â”€â”€â”€â”€â”€â”€â”€â”€â”€â”€â”€â”€â”€â”€â”€â”€â”€â”€â”€â”€â”€â”€â”€â”€â”€â”€â”€â”€â”€â”€â”€â”€â”€â”€â”€â”€â”€â”€â”€â”€â”€â”€â”€â”€â”€
2025-12-04 06:35:53.493 12304-12343 WorkPolicyManager       com.cdccreditsmart.app               I     âœ… Device Admin ativo e funcionando
2025-12-04 06:35:53.493 12304-12343 WorkPolicyManager       com.cdccreditsmart.app               I  
2025-12-04 06:35:53.493 12304-12343 WorkPolicyManager       com.cdccreditsmart.app               I  â•”â•â•â•â•â•â•â•â•â•â•â•â•â•â•â•â•â•â•â•â•â•â•â•â•â•â•â•â•â•â•â•â•â•â•â•â•â•â•â•â•â•â•â•â•â•â•â•â•â•â•â•â•â•â•â•â•â•â•â•â•â•â•â•â•â•—
2025-12-04 06:35:53.493 12304-12343 WorkPolicyManager       com.cdccreditsmart.app               I  â•‘  ğŸ“Š RESUMO DAS POLÃTICAS DE TRABALHO                           â•‘
2025-12-04 06:35:53.493 12304-12343 WorkPolicyManager       com.cdccreditsmart.app               I  â• â•â•â•â•â•â•â•â•â•â•â•â•â•â•â•â•â•â•â•â•â•â•â•â•â•â•â•â•â•â•â•â•â•â•â•â•â•â•â•â•â•â•â•â•â•â•â•â•â•â•â•â•â•â•â•â•â•â•â•â•â•â•â•â•â•£
2025-12-04 06:35:53.493 12304-12343 WorkPolicyManager       com.cdccreditsmart.app               I  â•‘  ğŸ” NÃ­vel de proteÃ§Ã£o: DEVICE ADMIN
2025-12-04 06:35:53.493 12304-12343 WorkPolicyManager       com.cdccreditsmart.app               I  â•‘  ğŸ“‹ PolÃ­ticas aplicadas: 7
2025-12-04 06:35:53.493 12304-12343 WorkPolicyManager       com.cdccreditsmart.app               I  â• â•â•â•â•â•â•â•â•â•â•â•â•â•â•â•â•â•â•â•â•â•â•â•â•â•â•â•â•â•â•â•â•â•â•â•â•â•â•â•â•â•â•â•â•â•â•â•â•â•â•â•â•â•â•â•â•â•â•â•â•â•â•â•â•â•£
2025-12-04 06:35:53.493 12304-12343 WorkPolicyManager       com.cdccreditsmart.app               I  â•‘  âœ… PROTEÃ‡Ã•ES ATIVAS:
2025-12-04 06:35:53.493 12304-12343 WorkPolicyManager       com.cdccreditsmart.app               I  â•‘     âœ… PolÃ­ticas de senha configuradas
2025-12-04 06:35:53.493 12304-12343 WorkPolicyManager       com.cdccreditsmart.app               I  â•‘     âœ… IsenÃ§Ã£o de otimizaÃ§Ã£o de bateria
2025-12-04 06:35:53.493 12304-12343 WorkPolicyManager       com.cdccreditsmart.app               I  â•‘     âœ… Foreground Service persistente ativado
2025-12-04 06:35:53.493 12304-12343 WorkPolicyManager       com.cdccreditsmart.app               I  â•‘     âœ… VerificaÃ§Ã£o periÃ³dica de saÃºde agendada
2025-12-04 06:35:53.493 12304-12343 WorkPolicyManager       com.cdccreditsmart.app               I  â•‘     âœ… Monitor de desinstalaÃ§Ã£o ativado
2025-12-04 06:35:53.493 12304-12343 WorkPolicyManager       com.cdccreditsmart.app               I  â•‘     âœ… Monitor de mudanÃ§as de pacotes ativado
2025-12-04 06:35:53.493 12304-12343 WorkPolicyManager       com.cdccreditsmart.app               I  â•‘     âœ… PolÃ­ticas de Device Admin aplicadas
2025-12-04 06:35:53.493 12304-12343 WorkPolicyManager       com.cdccreditsmart.app               I  â• â•â•â•â•â•â•â•â•â•â•â•â•â•â•â•â•â•â•â•â•â•â•â•â•â•â•â•â•â•â•â•â•â•â•â•â•â•â•â•â•â•â•â•â•â•â•â•â•â•â•â•â•â•â•â•â•â•â•â•â•â•â•â•â•â•£
2025-12-04 06:35:53.493 12304-12343 WorkPolicyManager       com.cdccreditsmart.app               I  â•‘  âš ï¸ AVISOS:
2025-12-04 06:35:53.493 12304-12343 WorkPolicyManager       com.cdccreditsmart.app               W  â•‘     âš ï¸ DesinstalaÃ§Ã£o: UsuÃ¡rio pode desinstalar (Device Admin nÃ£o bloqueia)
2025-12-04 06:35:53.493 12304-12343 WorkPolicyManager       com.cdccreditsmart.app               W  â•‘     âš ï¸ Factory Reset: NÃ£o bloqueÃ¡vel sem Device Owner
2025-12-04 06:35:53.493 12304-12343 WorkPolicyManager       com.cdccreditsmart.app               W  â•‘     âš ï¸ RecomendaÃ§Ã£o: Ativar Device Owner para proteÃ§Ã£o mÃ¡xima
2025-12-04 06:35:53.493 12304-12343 WorkPolicyManager       com.cdccreditsmart.app               I  â•šâ•â•â•â•â•â•â•â•â•â•â•â•â•â•â•â•â•â•â•â•â•â•â•â•â•â•â•â•â•â•â•â•â•â•â•â•â•â•â•â•â•â•â•â•â•â•â•â•â•â•â•â•â•â•â•â•â•â•â•â•â•â•â•â•â•
2025-12-04 06:35:53.493 12304-12343 WorkPolicyManager       com.cdccreditsmart.app               I  
2025-12-04 06:35:53.493 12304-12343 CdcForegroundService    com.cdccreditsmart.app               I  ğŸ¢ Resultado: DEVICE_ADMIN
2025-12-04 06:35:53.493 12304-12343 CdcForegroundService    com.cdccreditsmart.app               I  ğŸ¢ PolÃ­ticas aplicadas: 7/10
2025-12-04 06:35:53.493 12304-12343 CdcForegroundService    com.cdccreditsmart.app               W  ğŸ¢ âš ï¸ DesinstalaÃ§Ã£o: UsuÃ¡rio pode desinstalar (Device Admin nÃ£o bloqueia)
2025-12-04 06:35:53.493 12304-12343 CdcForegroundService    com.cdccreditsmart.app               W  ğŸ¢ âš ï¸ Factory Reset: NÃ£o bloqueÃ¡vel sem Device Owner
2025-12-04 06:35:53.493 12304-12343 CdcForegroundService    com.cdccreditsmart.app               W  ğŸ¢ âš ï¸ RecomendaÃ§Ã£o: Ativar Device Owner para proteÃ§Ã£o mÃ¡xima
2025-12-04 06:35:53.493 12304-12343 CdcForegroundService    com.cdccreditsmart.app               I  ğŸ¢ ========================================
2025-12-04 06:35:53.493 12304-12343 CdcForegroundService    com.cdccreditsmart.app               I  ğŸ›¡ï¸ ========================================
2025-12-04 06:35:53.493 12304-12343 CdcForegroundService    com.cdccreditsmart.app               I  ğŸ›¡ï¸ INICIANDO SETTINGS GUARD (PROTEÃ‡ÃƒO AGRESSIVA)
2025-12-04 06:35:53.493 12304-12343 CdcForegroundService    com.cdccreditsmart.app               I  ğŸ›¡ï¸ ========================================
2025-12-04 06:35:53.493 12304-12343 CdcForegroundService    com.cdccreditsmart.app               I  ğŸ›¡ï¸ Guard ativo: true
2025-12-04 06:35:53.493 12304-12343 CdcForegroundService    com.cdccreditsmart.app               I  ğŸ›¡ï¸ Modo proteÃ§Ã£o: DEVICE_ADMIN
2025-12-04 06:35:53.493 12304-12343 CdcForegroundService    com.cdccreditsmart.app               I  ğŸ›¡ï¸ Modo agressivo: false
2025-12-04 06:35:53.493 12304-12343 CdcForegroundService    com.cdccreditsmart.app               I  ğŸ›¡ï¸ UsageStats: âœ… ATIVO
2025-12-04 06:35:53.493 12304-12343 CdcForegroundService    com.cdccreditsmart.app               I  ğŸ›¡ï¸ Overlay: âœ… ATIVO
2025-12-04 06:35:53.493 12304-12343 CdcForegroundService    com.cdccreditsmart.app               I  ğŸ›¡ï¸ ========================================
2025-12-04 06:35:53.499 12304-12304 PermissionGateScreen    com.cdccreditsmart.app               I  ========================================
2025-12-04 06:35:53.500 12304-12304 PermissionGateScreen    com.cdccreditsmart.app               I  ğŸšª PERMISSION GATE SCREEN INICIADO
2025-12-04 06:35:53.500 12304-12304 PermissionGateScreen    com.cdccreditsmart.app               I  ========================================
2025-12-04 06:35:53.500 12304-12304 PermissionGateScreen    com.cdccreditsmart.app               I  NÃ­vel de privilÃ©gio: DEVICE_ADMIN
2025-12-04 06:35:53.501 12304-12304 PermissionGateScreen    com.cdccreditsmart.app               I  PermissÃµes concedidas: 3
2025-12-04 06:35:53.501 12304-12304 PermissionGateScreen    com.cdccreditsmart.app               I  PermissÃµes faltando: 1
2025-12-04 06:35:53.501 12304-12304 PermissionGateScreen    com.cdccreditsmart.app               W    âŒ PermissÃµes do Sistema
2025-12-04 06:35:53.501 12304-12304 PermissionGateScreen    com.cdccreditsmart.app               I    âœ… Administrador do Dispositivo
2025-12-04 06:35:53.501 12304-12304 PermissionGateScreen    com.cdccreditsmart.app               I    âœ… Acesso ao Uso de Apps
2025-12-04 06:35:53.501 12304-12304 PermissionGateScreen    com.cdccreditsmart.app               I    âœ… Exibir sobre outros apps
2025-12-04 06:35:53.501 12304-12304 PermissionGateScreen    com.cdccreditsmart.app               I  ========================================
2025-12-04 06:35:53.509 12304-12304 Choreographer           com.cdccreditsmart.app               I  Skipped 44 frames!  The application may be doing too much work on its main thread.
2025-12-04 06:35:53.518 12304-12315 HWUI                    com.cdccreditsmart.app               I  Davey! duration=768ms; Flags=1, FrameTimelineVsyncId=308734, IntendedVsync=12764172709771, Vsync=12764222709769, InputEventId=0, HandleInputStart=12764226854157, AnimationStart=12764226856353, PerformTraversalsStart=12764226858238, DrawStart=12764878522262, FrameDeadline=12764189376437, FrameStartTime=12764226824915, FrameInterval=16666666, WorkloadTarget=16666666, SyncQueued=12764899333501, SyncStart=12764965412334, IssueDrawCommandsStart=12764965523837, SwapBuffers=12765002272513, FrameCompleted=12765007387779, DequeueBufferDuration=2910, QueueBufferDuration=209817, GpuCompleted=12765007387779, SwapBuffersCompleted=12765005595031, DisplayPresentTime=0, CommandSubmissionCompleted=12765002272513, 
2025-12-04 06:35:53.542 12304-12304 MainActivity            com.cdccreditsmart.app               W  âš ï¸ Algumas permissÃµes foram NEGADAS pelo usuÃ¡rio:
2025-12-04 06:35:53.565 12304-12317 HWUI                    com.cdccreditsmart.app               I  Davey! duration=784ms; Flags=0, FrameTimelineVsyncId=308787, IntendedVsync=12764289376433, Vsync=12765022709737, InputEventId=0, HandleInputStart=12765030852425, AnimationStart=12765030853531, PerformTraversalsStart=12765039661791, DrawStart=12765039872612, FrameDeadline=12765039376403, FrameStartTime=12765029982624, FrameInterval=16666666, WorkloadTarget=16666666, SyncQueued=12765061356761, SyncStart=12765061493734, IssueDrawCommandsStart=12765061563171, SwapBuffers=12765065170415, FrameCompleted=12765073684325, DequeueBufferDuration=2857, QueueBufferDuration=669875, GpuCompleted=12765073684325, SwapBuffersCompleted=12765068527920, DisplayPresentTime=0, CommandSubmissionCompleted=12765065170415, 
2025-12-04 06:35:53.642 12304-12304 ImeTracker              com.cdccreditsmart.app               I  com.cdccreditsmart.app:28cb9573: onCancelled at PHASE_CLIENT_ALREADY_HIDDEN
2025-12-04 06:35:53.792 12304-12309 creditsmart.app         com.cdccreditsmart.app               I  Compiler allocated 5042KB to compile void android.view.ViewRootImpl.performTraversals()
2025-12-04 06:35:53.968 12304-12304 InteractionJankMonitor  com.cdccreditsmart.app               W  Initializing without READ_DEVICE_CONFIG permission. enabled=false, interval=1, missedFrameThreshold=3, frameTimeThreshold=64, package=com.cdccreditsmart.app
2025-12-04 06:35:54.053 12304-12343 ContractCodeStorage     com.cdccreditsmart.app               W  No valid contract code found in any location
2025-12-04 06:35:54.054 12304-12343 SecureTokenStorage      com.cdccreditsmart.app               E  âŒ Nenhum identificador MDM disponÃ­vel!
2025-12-04 06:35:54.054 12304-12343 CdcForegroundService    com.cdccreditsmart.app               I  ğŸ” AuthToken presente: false
2025-12-04 06:35:54.054 12304-12343 CdcForegroundService    com.cdccreditsmart.app               I  ğŸ” AuthToken length: 0
2025-12-04 06:35:54.054 12304-12343 CdcForegroundService    com.cdccreditsmart.app               I  ğŸ” ContractCode presente: false
2025-12-04 06:35:54.054 12304-12343 CdcForegroundService    com.cdccreditsmart.app               I  ğŸ” ContractCode value: null****
2025-12-04 06:35:54.054 12304-12343 CdcForegroundService    com.cdccreditsmart.app               I  ğŸ” MDM SerialNumber presente: false
2025-12-04 06:35:54.054 12304-12343 CdcForegroundService    com.cdccreditsmart.app               I  ğŸ” MDM SerialNumber value: ......
2025-12-04 06:35:54.054 12304-12343 CdcForegroundService    com.cdccreditsmart.app               I  ğŸ“± ========================================
2025-12-04 06:35:54.054 12304-12343 CdcForegroundService    com.cdccreditsmart.app               I  ğŸ“± AGUARDANDO PAIRING - SERVIÃ‡O EM STANDBY
2025-12-04 06:35:54.054 12304-12343 CdcForegroundService    com.cdccreditsmart.app               I  ğŸ“± O usuÃ¡rio ainda nÃ£o fez o pareamento inicial
2025-12-04 06:35:54.054 12304-12343 CdcForegroundService    com.cdccreditsmart.app               I  ğŸ“± ServiÃ§os MDM serÃ£o ativados apÃ³s inserir cÃ³digo do contrato
2025-12-04 06:35:54.054 12304-12343 CdcForegroundService    com.cdccreditsmart.app               I  ğŸ“± ========================================
2025-12-04 06:35:57.346 12304-12304 PermissionGateScreen    com.cdccreditsmart.app               I  ğŸ“‹ PermissÃµes runtime faltando: 3
2025-12-04 06:35:57.346 12304-12304 PermissionGateScreen    com.cdccreditsmart.app               I     runtimeAlreadyAsked: false
2025-12-04 06:35:57.346 12304-12304 PermissionGateScreen    com.cdccreditsmart.app               I     - android.permission.RECEIVE_SMS
2025-12-04 06:35:57.346 12304-12304 PermissionGateScreen    com.cdccreditsmart.app               I     - android.permission.READ_SMS
2025-12-04 06:35:57.346 12304-12304 PermissionGateScreen    com.cdccreditsmart.app               I     - android.permission.READ_CONTACTS
2025-12-04 06:35:57.346 12304-12304 PermissionGateScreen    com.cdccreditsmart.app               I  ğŸ“± Primeira vez - lanÃ§ando diÃ¡logo de permissÃµes runtime
2025-12-04 06:35:57.596 12304-12304 PermissionGateScreen    com.cdccreditsmart.app               I  ğŸ“‹ Resultado das permissÃµes runtime:
2025-12-04 06:35:57.597 12304-12304 PermissionGateScreen    com.cdccreditsmart.app               I     âŒ android.permission.RECEIVE_SMS
2025-12-04 06:35:57.597 12304-12304 PermissionGateScreen    com.cdccreditsmart.app               I     âŒ android.permission.READ_SMS
2025-12-04 06:35:57.597 12304-12304 PermissionGateScreen    com.cdccreditsmart.app               I     âŒ android.permission.READ_CONTACTS
2025-12-04 06:35:57.601 12304-12304 PermissionGateScreen    com.cdccreditsmart.app               I  âœ… Runtime permissions atualizadas - faltam: 1
2025-12-04 06:35:57.645 12304-12304 ImeTracker              com.cdccreditsmart.app               I  com.cdccreditsmart.app:b8771980: onCancelled at PHASE_CLIENT_ALREADY_HIDDEN
2025-12-04 06:35:59.044 12304-12304 PermissionGateScreen    com.cdccreditsmart.app               I  ğŸ“‹ PermissÃµes runtime faltando: 3
2025-12-04 06:35:59.044 12304-12304 PermissionGateScreen    com.cdccreditsmart.app               I     runtimeAlreadyAsked: true
2025-12-04 06:35:59.044 12304-12304 PermissionGateScreen    com.cdccreditsmart.app               I     - android.permission.RECEIVE_SMS
2025-12-04 06:35:59.044 12304-12304 PermissionGateScreen    com.cdccreditsmart.app               I     - android.permission.READ_SMS
2025-12-04 06:35:59.044 12304-12304 PermissionGateScreen    com.cdccreditsmart.app               I     - android.permission.READ_CONTACTS
2025-12-04 06:35:59.044 12304-12304 PermissionGateScreen    com.cdccreditsmart.app               I  ğŸ”§ JÃ¡ pedimos antes - abrindo configuraÃ§Ãµes do app
2025-12-04 06:36:00.012 12304-12343 SettingsGuardService    com.cdccreditsmart.app               W  ğŸš¨ SETTINGS DETECTADO! (count: 2)
2025-12-04 06:36:00.012 12304-12343 SettingsGuardService    com.cdccreditsmart.app               W     Pacote: com.android.settings
2025-12-04 06:36:00.012 12304-12343 SettingsGuardService    com.cdccreditsmart.app               W     Modo AGRESSIVO ativado!
2025-12-04 06:36:00.101 12304-12304 SettingsGuardService    com.cdccreditsmart.app               I  âœ… App trazido para foreground
2025-12-04 06:36:00.142 12304-12304 SettingsGuardService    com.cdccreditsmart.app               I  âœ… Overlay FULLSCREEN exibido
2025-12-04 06:36:00.542 12304-12343 SettingsGuardService    com.cdccreditsmart.app               I  âœ… App CDC em foreground - resetando contador
2025-12-04 06:36:00.741 12304-12304 ImeTracker              com.cdccreditsmart.app               I  com.cdccreditsmart.app:5812a61c: onCancelled at PHASE_CLIENT_ALREADY_HIDDEN
2025-12-04 06:36:02.000 12304-12304 PermissionGateScreen    com.cdccreditsmart.app               I  ğŸ“‹ PermissÃµes runtime faltando: 3
2025-12-04 06:36:02.000 12304-12304 PermissionGateScreen    com.cdccreditsmart.app               I     runtimeAlreadyAsked: true
2025-12-04 06:36:02.000 12304-12304 PermissionGateScreen    com.cdccreditsmart.app               I     - android.permission.RECEIVE_SMS
2025-12-04 06:36:02.000 12304-12304 PermissionGateScreen    com.cdccreditsmart.app               I     - android.permission.READ_SMS
2025-12-04 06:36:02.000 12304-12304 PermissionGateScreen    com.cdccreditsmart.app               I     - android.permission.READ_CONTACTS
2025-12-04 06:36:02.000 12304-12304 PermissionGateScreen    com.cdccreditsmart.app               I  ğŸ”§ JÃ¡ pedimos antes - abrindo configuraÃ§Ãµes do app
2025-12-04 06:36:02.961 12304-12343 SettingsGuardService    com.cdccreditsmart.app               W  ğŸš¨ SETTINGS DETECTADO! (count: 2)
2025-12-04 06:36:02.961 12304-12343 SettingsGuardService    com.cdccreditsmart.app               W     Pacote: com.android.settings
2025-12-04 06:36:02.961 12304-12343 SettingsGuardService    com.cdccreditsmart.app               W     Modo AGRESSIVO ativado!
2025-12-04 06:36:02.978 12304-12304 SettingsGuardService    com.cdccreditsmart.app               I  âœ… App trazido para foreground
2025-12-04 06:36:02.982 12304-12304 SettingsGuardService    com.cdccreditsmart.app               I  âœ… Overlay FULLSCREEN exibido
2025-12-04 06:36:03.401 12304-12343 SettingsGuardService    com.cdccreditsmart.app               I  âœ… App CDC em foreground - resetando contador
2025-12-04 06:36:04.007 12304-12353 SurfaceSyncGroup        com.cdccreditsmart.app               E  Failed to receive transaction ready in 1000ms. Marking SurfaceSyncGroup(wmsSync-VRI[]#10) as ready
2025-12-04 06:36:04.008 12304-12353 SurfaceSyncGroup        com.cdccreditsmart.app               E  Failed to receive transaction ready in 1000ms. Marking SurfaceSyncGroup(VRI[]#11) as ready
2025-12-04 06:36:11.832 12304-12304 ImeTracker              com.cdccreditsmart.app               I  com.cdccreditsmart.app:3cb013a1: onCancelled at PHASE_CLIENT_ALREADY_HIDDEN
2025-12-04 06:36:13.069 12304-12304 PermissionGateScreen    com.cdccreditsmart.app               I  ğŸ“‹ PermissÃµes runtime faltando: 3
2025-12-04 06:36:13.069 12304-12304 PermissionGateScreen    com.cdccreditsmart.app               I     runtimeAlreadyAsked: true
2025-12-04 06:36:13.069 12304-12304 PermissionGateScreen    com.cdccreditsmart.app               I     - android.permission.RECEIVE_SMS
2025-12-04 06:36:13.069 12304-12304 PermissionGateScreen    com.cdccreditsmart.app               I     - android.permission.READ_SMS
2025-12-04 06:36:13.069 12304-12304 PermissionGateScreen    com.cdccreditsmart.app               I     - android.permission.READ_CONTACTS
2025-12-04 06:36:13.069 12304-12304 PermissionGateScreen    com.cdccreditsmart.app               I  ğŸ”§ JÃ¡ pedimos antes - abrindo configuraÃ§Ãµes do app
2025-12-04 06:36:13.753 12304-12343 SettingsGuardService    com.cdccreditsmart.app               W  ğŸš¨ SETTINGS DETECTADO! (count: 2)
2025-12-04 06:36:13.759 12304-12343 SettingsGuardService    com.cdccreditsmart.app               W     Pacote: com.android.settings
2025-12-04 06:36:13.759 12304-12343 SettingsGuardService    com.cdccreditsmart.app               W     Modo AGRESSIVO ativado!
2025-12-04 06:36:13.815 12304-12304 SettingsGuardService    com.cdccreditsmart.app               I  âœ… App trazido para foreground
2025-12-04 06:36:14.183 12304-12304 SettingsGuardService    com.cdccreditsmart.app               I  âœ… Overlay FULLSCREEN exibido
2025-12-04 06:36:14.260 12304-12343 SettingsGuardService    com.cdccreditsmart.app               I  âœ… App CDC em foreground - resetando contador
2025-12-04 06:36:14.705 12304-12304 ImeTracker              com.cdccreditsmart.app               I  com.cdccreditsmart.app:4b7d2bb5: onCancelled at PHASE_CLIENT_ALREADY_HIDDEN
2025-12-04 06:36:15.551 12304-12306 creditsmart.app         com.cdccreditsmart.app               I  Thread[2,tid=12306,WaitingInMainSignalCatcherLoop,Thread*=0x797935e95380,peer=0x2002e40,"Signal Catcher"]: reacting to signal 3
2025-12-04 06:36:15.551 12304-12306 creditsmart.app         com.cdccreditsmart.app               I  
2025-12-04 06:36:15.870 12304-12306 creditsmart.app         com.cdccreditsmart.app               I  Wrote stack traces to tombstoned
2025-12-04 06:36:15.896 12304-12304 PermissionGateScreen    com.cdccreditsmart.app               I  ğŸ“‹ PermissÃµes runtime faltando: 3
2025-12-04 06:36:15.896 12304-12304 PermissionGateScreen    com.cdccreditsmart.app               I     runtimeAlreadyAsked: true
2025-12-04 06:36:15.896 12304-12304 PermissionGateScreen    com.cdccreditsmart.app               I     - android.permission.RECEIVE_SMS
2025-12-04 06:36:15.896 12304-12304 PermissionGateScreen    com.cdccreditsmart.app               I     - android.permission.READ_SMS
2025-12-04 06:36:15.896 12304-12304 PermissionGateScreen    com.cdccreditsmart.app               I     - android.permission.READ_CONTACTS
2025-12-04 06:36:15.896 12304-12304 PermissionGateScreen    com.cdccreditsmart.app               I  ğŸ”§ JÃ¡ pedimos antes - abrindo configuraÃ§Ãµes do app
2025-12-04 06:36:16.686 12304-12343 SettingsGuardService    com.cdccreditsmart.app               W  ğŸš¨ SETTINGS DETECTADO! (count: 2)
2025-12-04 06:36:16.686 12304-12343 SettingsGuardService    com.cdccreditsmart.app               W     Pacote: com.android.settings
2025-12-04 06:36:16.686 12304-12343 SettingsGuardService    com.cdccreditsmart.app               W     Modo AGRESSIVO ativado!
2025-12-04 06:36:16.822 12304-12304 SettingsGuardService    com.cdccreditsmart.app               I  âœ… App trazido para foreground
2025-12-04 06:36:17.118 12304-12304 SettingsGuardService    com.cdccreditsmart.app               I  âœ… Overlay FULLSCREEN exibido
2025-12-04 06:36:17.303 12304-12343 SettingsGuardService    com.cdccreditsmart.app               I  âœ… App CDC em foreground - resetando contador
2025-12-04 06:36:18.010 12304-12361 HWUI                    com.cdccreditsmart.app               I  Davey! duration=785ms; Flags=1, FrameTimelineVsyncId=318785, IntendedVsync=12788639375459, Vsync=12788706042123, InputEventId=0, HandleInputStart=12788710705064, AnimationStart=12788710705866, PerformTraversalsStart=12788710706433, DrawStart=12789360370008, FrameDeadline=12789272708767, FrameStartTime=12788710700913, FrameInterval=16666666, WorkloadTarget=16666666, SyncQueued=12789361677647, SyncStart=12789361706945, IssueDrawCommandsStart=12789361816420, SwapBuffers=12789386142486, FrameCompleted=12789424567062, DequeueBufferDuration=1178, QueueBufferDuration=94973, GpuCompleted=12789424567062, SwapBuffersCompleted=12789411081364, DisplayPresentTime=0, CommandSubmissionCompleted=12789386142486, 
2025-12-04 06:36:21.853 12304-12304 ImeTracker              com.cdccreditsmart.app               I  com.cdccreditsmart.app:25c2bf99: onCancelled at PHASE_CLIENT_ALREADY_HIDDEN
2025-12-04 06:36:23.022 12304-12304 PermissionGateScreen    com.cdccreditsmart.app               I  ğŸ“‹ PermissÃµes runtime faltando: 3
2025-12-04 06:36:23.022 12304-12304 PermissionGateScreen    com.cdccreditsmart.app               I     runtimeAlreadyAsked: true
2025-12-04 06:36:23.022 12304-12304 PermissionGateScreen    com.cdccreditsmart.app               I     - android.permission.RECEIVE_SMS
2025-12-04 06:36:23.022 12304-12304 PermissionGateScreen    com.cdccreditsmart.app               I     - android.permission.READ_SMS
2025-12-04 06:36:23.022 12304-12304 PermissionGateScreen    com.cdccreditsmart.app               I     - android.permission.READ_CONTACTS
2025-12-04 06:36:23.022 12304-12304 PermissionGateScreen    com.cdccreditsmart.app               I  ğŸ”§ JÃ¡ pedimos antes - abrindo configuraÃ§Ãµes do app
2025-12-04 06:36:23.973 12304-12343 SettingsGuardService    com.cdccreditsmart.app               W  ğŸš¨ SETTINGS DETECTADO! (count: 2)
2025-12-04 06:36:23.973 12304-12343 SettingsGuardService    com.cdccreditsmart.app               W     Pacote: com.android.settings
2025-12-04 06:36:23.973 12304-12343 SettingsGuardService    com.cdccreditsmart.app               W     Modo AGRESSIVO ativado!
2025-12-04 06:36:24.028 12304-12304 SettingsGuardService    com.cdccreditsmart.app               I  âœ… App trazido para foreground
2025-12-04 06:36:24.397 12304-12304 SettingsGuardService    com.cdccreditsmart.app               I  âœ… Overlay FULLSCREEN exibido
2025-12-04 06:36:24.438 12304-12343 SettingsGuardService    com.cdccreditsmart.app               I  âœ… App CDC em foreground - resetando contador
2025-12-04 06:36:24.710 12304-12304 ImeTracker              com.cdccreditsmart.app               I  com.cdccreditsmart.app:38d8a479: onCancelled at PHASE_CLIENT_ALREADY_HIDDEN
2025-12-04 06:36:26.226 12304-12304 PermissionGateScreen    com.cdccreditsmart.app               I  ğŸ“‹ PermissÃµes runtime faltando: 3
2025-12-04 06:36:26.226 12304-12304 PermissionGateScreen    com.cdccreditsmart.app               I     runtimeAlreadyAsked: true
2025-12-04 06:36:26.226 12304-12304 PermissionGateScreen    com.cdccreditsmart.app               I     - android.permission.RECEIVE_SMS
2025-12-04 06:36:26.226 12304-12304 PermissionGateScreen    com.cdccreditsmart.app               I     - android.permission.READ_SMS
2025-12-04 06:36:26.226 12304-12304 PermissionGateScreen    com.cdccreditsmart.app               I     - android.permission.READ_CONTACTS
2025-12-04 06:36:26.226 12304-12304 PermissionGateScreen    com.cdccreditsmart.app               I  ğŸ”§ JÃ¡ pedimos antes - abrindo configuraÃ§Ãµes do app
2025-12-04 06:36:27.471 12304-12343 SettingsGuardService    com.cdccreditsmart.app               W  ğŸš¨ SETTINGS DETECTADO! (count: 2)
2025-12-04 06:36:27.471 12304-12343 SettingsGuardService    com.cdccreditsmart.app               W     Pacote: com.android.settings
2025-12-04 06:36:27.471 12304-12343 SettingsGuardService    com.cdccreditsmart.app               W     Modo AGRESSIVO ativado!
2025-12-04 06:36:27.517 12304-12304 SettingsGuardService    com.cdccreditsmart.app               I  âœ… App trazido para foreground
2025-12-04 06:36:27.541 12304-12304 SettingsGuardService    com.cdccreditsmart.app               I  âœ… Overlay FULLSCREEN exibido
2025-12-04 06:36:27.919 12304-12343 SettingsGuardService    com.cdccreditsmart.app               I  âœ… App CDC em foreground - resetando contador
2025-12-04 06:37:20.405 12304-12304 ImeTracker              com.cdccreditsmart.app               I  com.cdccreditsmart.app:e182ebc2: onCancelled at PHASE_CLIENT_ALREADY_HIDDEN
