2025-12-08 09:06:35.467 14598-14632 SimSwapDetector         com.cdccreditsmart.app               W  ğŸ”’ SIM SWAP: ICCID vazio no SubscriptionInfo
2025-12-08 09:06:35.475 14598-14632 SimSwapDetector         com.cdccreditsmart.app               E  ğŸ”’ SIM SWAP: SecurityException no fallback (Ask Gemini)
                                                                                                    java.lang.SecurityException: getIccSerialNumber: The uid 10219 does not meet the requirements to access device identifiers.
                                                                                                    	at android.os.Parcel.createExceptionOrNull(Parcel.java:3340)
                                                                                                    	at android.os.Parcel.createException(Parcel.java:3324)
                                                                                                    	at android.os.Parcel.readException(Parcel.java:3307)
                                                                                                    	at android.os.Parcel.readException(Parcel.java:3249)
                                                                                                    	at com.android.internal.telephony.IPhoneSubInfo$Stub$Proxy.getIccSerialNumberForSubscriber(IPhoneSubInfo.java:1331)
                                                                                                    	at android.telephony.TelephonyManager.getSimSerialNumber(TelephonyManager.java:4332)
                                                                                                    	at android.telephony.TelephonyManager.getSimSerialNumber(TelephonyManager.java:4289)
                                                                                                    	at com.cdccreditsmart.app.security.SimSwapDetector.getSimSerialFallback(SimSwapDetector.kt:123)
                                                                                                    	at com.cdccreditsmart.app.security.SimSwapDetector.getCurrentSimSerial(SimSwapDetector.kt:95)
                                                                                                    	at com.cdccreditsmart.app.security.SimSwapDetector.getSimInfo(SimSwapDetector.kt:256)
                                                                                                    	at com.cdccreditsmart.app.security.SimSwapManager$checkSimStatus$2.invokeSuspend(SimSwapManager.kt:143)
                                                                                                    	at kotlin.coroutines.jvm.internal.BaseContinuationImpl.resumeWith(ContinuationImpl.kt:34)
                                                                                                    	at kotlinx.coroutines.DispatchedTask.run(DispatchedTask.kt:108)
                                                                                                    	at kotlinx.coroutines.internal.LimitedDispatcher$Worker.run(LimitedDispatcher.kt:115)
                                                                                                    	at kotlinx.coroutines.scheduling.TaskImpl.run(Tasks.kt:103)
                                                                                                    	at kotlinx.coroutines.scheduling.CoroutineScheduler.runSafely(CoroutineScheduler.kt:584)
                                                                                                    	at kotlinx.coroutines.scheduling.CoroutineScheduler$Worker.executeTask(CoroutineScheduler.kt:793)
                                                                                                    	at kotlinx.coroutines.scheduling.CoroutineScheduler$Worker.runWorker(CoroutineScheduler.kt:697)
                                                                                                    	at kotlinx.coroutines.scheduling.CoroutineScheduler$Worker.run(CoroutineScheduler.kt:684)
2025-12-08 09:06:35.478 14598-14632 SimSwapDetector         com.cdccreditsmart.app               D  ğŸ”’ SIM SWAP: Operadora: T-Mobile
2025-12-08 09:06:35.480 14598-14632 SimSwapDetector         com.cdccreditsmart.app               I  ğŸ”’ SIM SWAP: InformaÃ§Ãµes do SIM coletadas:
2025-12-08 09:06:35.480 14598-14632 SimSwapDetector         com.cdccreditsmart.app               I     Serial: nÃ£o disponÃ­vel...
2025-12-08 09:06:35.480 14598-14632 SimSwapDetector         com.cdccreditsmart.app               I     Operadora: T-Mobile
2025-12-08 09:06:35.480 14598-14632 SimSwapDetector         com.cdccreditsmart.app               I     SIM ativo: false
2025-12-08 09:06:35.480 14598-14632 SimSwapManager          com.cdccreditsmart.app               W  ğŸ”’ SIM SWAP: Nenhum SIM ativo detectado - sem aÃ§Ã£o necessÃ¡ria
2025-12-08 09:06:35.480 14598-14632 SimSwapManager          com.cdccreditsmart.app               I  ========================================
2025-12-08 09:06:35.480 14598-14633 CDCApplication          com.cdccreditsmart.app               I  âœ… VerificaÃ§Ã£o de SIM swap concluÃ­da com sucesso
2025-12-08 09:06:35.604 14598-14598 ContractCodeStorage     com.cdccreditsmart.app               D  Storage verification: 7 valid, 0 tampered, 0 missing
2025-12-08 09:06:35.605 14598-14598 ContractCodeStorage     com.cdccreditsmart.app               D  Contract code retrieved successfully
2025-12-08 09:06:35.605 14598-14598 CDCApplication          com.cdccreditsmart.app               I  âœ… Tokens encontrados - iniciando CdcForegroundService
2025-12-08 09:06:35.613 14598-14598 CdcForegroundService    com.cdccreditsmart.app               I  âœ… ServiÃ§o iniciado via startService()
2025-12-08 09:06:35.617 14598-14598 AutoBlockingWorker      com.cdccreditsmart.app               I  âœ… VerificaÃ§Ã£o automÃ¡tica de bloqueio agendada (diariamente Ã s 00:00)
2025-12-08 09:06:35.618 14598-14598 AutoBlockingWorker      com.cdccreditsmart.app               I     PrÃ³xima execuÃ§Ã£o em: 713 minutos
2025-12-08 09:06:35.618 14598-14598 CDCApplication          com.cdccreditsmart.app               I  ğŸ“… Agendando overlay automÃ¡tico com intervalo progressivo...
2025-12-08 09:06:35.620 14598-14598 PeriodicOverlayWorker   com.cdccreditsmart.app               I  ğŸ“… Agendando overlay automÃ¡tico com INTERVALO PROGRESSIVO
2025-12-08 09:06:35.620 14598-14598 PeriodicOverlayWorker   com.cdccreditsmart.app               I     1-4 dias de atraso: a cada 10 minutos
2025-12-08 09:06:35.620 14598-14598 PeriodicOverlayWorker   com.cdccreditsmart.app               I     5-14 dias de atraso: a cada 5 minutos
2025-12-08 09:06:35.621 14598-14598 PeriodicOverlayWorker   com.cdccreditsmart.app               I     15+ dias de atraso: a cada 3 minutos
2025-12-08 09:06:35.621 14598-14598 WM-WorkSpec             com.cdccreditsmart.app               W  Interval duration lesser than minimum allowed value; Changed to 900000
2025-12-08 09:06:35.622 14598-14598 WM-WorkSpec             com.cdccreditsmart.app               W  Flex duration lesser than minimum allowed value; Changed to 300000
2025-12-08 09:06:35.622 14598-14598 PeriodicOverlayWorker   com.cdccreditsmart.app               I  âœ… Overlay automÃ¡tico agendado com sucesso
2025-12-08 09:06:35.623 14598-14598 CDCApplication          com.cdccreditsmart.app               I  ğŸ”’ Iniciando sistema Keep Alive...
2025-12-08 09:06:35.625 14598-14598 KeepAliveManager        com.cdccreditsmart.app               I  ğŸ”’ ========================================
2025-12-08 09:06:35.626 14598-14598 KeepAliveManager        com.cdccreditsmart.app               I  ğŸ”’ INICIANDO SISTEMA KEEP ALIVE
2025-12-08 09:06:35.626 14598-14598 KeepAliveManager        com.cdccreditsmart.app               I  ğŸ”’ ========================================
2025-12-08 09:06:35.626 14598-14598 KeepAliveManager        com.cdccreditsmart.app               I  âœ… ServiceWatchdogWorker agendado (15min)
2025-12-08 09:06:35.629 14598-14598 KeepAliveManager        com.cdccreditsmart.app               I  âœ… AlarmManager wakeup agendado (10min)
2025-12-08 09:06:35.630 14598-14598 KeepAliveManager        com.cdccreditsmart.app               I  âœ… App isento de otimizaÃ§Ã£o de bateria
2025-12-08 09:06:35.630 14598-14598 KeepAliveManager        com.cdccreditsmart.app               I  ğŸ”’ Sistema Keep Alive ativo
2025-12-08 09:06:35.631 14598-14598 KeepAliveManager        com.cdccreditsmart.app               I  ğŸ”’ - WorkManager: verificaÃ§Ã£o a cada 15min
2025-12-08 09:06:35.631 14598-14598 KeepAliveManager        com.cdccreditsmart.app               I  ğŸ”’ - AlarmManager: wakeup a cada 10min
2025-12-08 09:06:35.631 14598-14598 KeepAliveManager        com.cdccreditsmart.app               I  ğŸ”’ ========================================
2025-12-08 09:06:35.633 14598-14598 CDCApplication          com.cdccreditsmart.app               I  ğŸ“Š Keep Alive Stats:
2025-12-08 09:06:35.633 14598-14598 CDCApplication          com.cdccreditsmart.app               I     - Restarts anteriores: 0
2025-12-08 09:06:35.633 14598-14598 CDCApplication          com.cdccreditsmart.app               I     - OtimizaÃ§Ã£o bateria: NÃƒO (bom)
2025-12-08 09:06:35.644 14598-14598 FactoryResetRecovery    com.cdccreditsmart.app               I  ========================================
2025-12-08 09:06:35.644 14598-14598 FactoryResetRecovery    com.cdccreditsmart.app               I  ğŸ”„ BOOT DETECTADO (android.intent.action.LOCKED_BOOT_COMPLETED) - Verificando recuperaÃ§Ã£o
2025-12-08 09:06:35.644 14598-14598 FactoryResetRecovery    com.cdccreditsmart.app               I  ========================================
2025-12-08 09:06:35.648 14598-14598 Choreographer           com.cdccreditsmart.app               I  Skipped 36 frames!  The application may be doing too much work on its main thread.
2025-12-08 09:06:35.651 14598-14632 ContractCodeStorage     com.cdccreditsmart.app               D  Retrieving contract code from storage
2025-12-08 09:06:35.659 14598-14639 DisplayManager          com.cdccreditsmart.app               I  Choreographer implicitly registered for the refresh rate.
2025-12-08 09:06:35.661 14598-14598 creditsmart.app         com.cdccreditsmart.app               I  AssetManager2(0x7ee65a13caf8) locale list changing from [] to [en-US]
2025-12-08 09:06:35.691 14598-14639 EGL_emulation           com.cdccreditsmart.app               I  Opening libGLESv1_CM_emulation.so
2025-12-08 09:06:35.692 14598-14639 EGL_emulation           com.cdccreditsmart.app               I  Opening libGLESv2_emulation.so
2025-12-08 09:06:35.728 14598-14639 HWUI                    com.cdccreditsmart.app               W  Failed to choose config with EGL_SWAP_BEHAVIOR_PRESERVED, retrying without...
2025-12-08 09:06:35.729 14598-14639 HWUI                    com.cdccreditsmart.app               W  Failed to initialize 101010-2 format, error = EGL_SUCCESS
2025-12-08 09:06:35.759 14598-14598 CompatChangeReporter    com.cdccreditsmart.app               D  Compat change id reported: 309578419; UID 10219; state: ENABLED
2025-12-08 09:06:35.761 14598-14598 DesktopModeFlags        com.cdccreditsmart.app               D  Toggle override initialized to: OVERRIDE_UNSET
2025-12-08 09:06:35.771 14598-14598 MainActivity            com.cdccreditsmart.app               D  ğŸ“ BroadcastReceiver de localizaÃ§Ã£o registrado
2025-12-08 09:06:35.776 14598-14598 MainActivity            com.cdccreditsmart.app               I  ========================================
2025-12-08 09:06:35.776 14598-14598 MainActivity            com.cdccreditsmart.app               I  ğŸ“± SOLICITANDO PERMISSÃ•ES (NÃƒO DEVICE OWNER)
2025-12-08 09:06:35.777 14598-14598 MainActivity            com.cdccreditsmart.app               I  ========================================
2025-12-08 09:06:35.780 14598-14633 PersistentStateManager  com.cdccreditsmart.app               D  Nenhum estado local encontrado
2025-12-08 09:06:35.780 14598-14633 PersistentStateManager  com.cdccreditsmart.app               D  ğŸ†• Sem estado local - device novo ou pÃ³s factory reset
2025-12-08 09:06:35.784 14598-14633 MainActivity            com.cdccreditsmart.app               I  ğŸ†• Device nunca foi provisionado
2025-12-08 09:06:35.788 14598-14598 MainActivity            com.cdccreditsmart.app               I  âœ… Todas as runtime permissions jÃ¡ foram concedidas!
2025-12-08 09:06:35.790 14598-14598 SpecialPermissionReq    com.cdccreditsmart.app               I  ========================================
2025-12-08 09:06:35.790 14598-14598 SpecialPermissionReq    com.cdccreditsmart.app               I  ğŸ“Š STATUS DAS PERMISSÃ•ES ESPECIAIS
2025-12-08 09:06:35.790 14598-14598 SpecialPermissionReq    com.cdccreditsmart.app               I  ========================================
2025-12-08 09:06:35.792 14598-14598 SpecialPermissionReq    com.cdccreditsmart.app               I    USAGE_STATS: âœ… CONCEDIDA
2025-12-08 09:06:35.793 14598-14598 SpecialPermissionReq    com.cdccreditsmart.app               I    OVERLAY: âœ… CONCEDIDA
2025-12-08 09:06:35.793 14598-14598 SpecialPermissionReq    com.cdccreditsmart.app               I  
2025-12-08 09:06:35.793 14598-14598 SpecialPermissionReq    com.cdccreditsmart.app               I  âœ… Todas as permissÃµes especiais concedidas!
2025-12-08 09:06:35.793 14598-14598 SpecialPermissionReq    com.cdccreditsmart.app               I     ProteÃ§Ã£o anti-desinstalaÃ§Ã£o ativa.
2025-12-08 09:06:35.793 14598-14598 SpecialPermissionReq    com.cdccreditsmart.app               I  ========================================
2025-12-08 09:06:35.793 14598-14598 MainActivity            com.cdccreditsmart.app               I  âœ… Todas as permissÃµes especiais jÃ¡ foram concedidas!
2025-12-08 09:06:35.823 14598-14622 FA                      com.cdccreditsmart.app               I  Tag Manager is not found and thus will not be used
2025-12-08 09:06:35.826 14598-14598 CompatChangeReporter    com.cdccreditsmart.app               D  Compat change id reported: 352594277; UID 10219; state: ENABLED
2025-12-08 09:06:35.834 14598-14598 CompatChangeReporter    com.cdccreditsmart.app               D  Compat change id reported: 349153669; UID 10219; state: ENABLED
2025-12-08 09:06:35.839 14598-14598 HWUI                    com.cdccreditsmart.app               W  Unknown dataspace 0
2025-12-08 09:06:35.845 14598-14598 InsetsController        com.cdccreditsmart.app               D  Setting requestedVisibleTypes to -14 (was -9)
2025-12-08 09:06:35.852 14598-14598 CdcForegroundService    com.cdccreditsmart.app               D  ğŸ“± ServiÃ§o onCreate()
2025-12-08 09:06:35.855 14598-14598 CdcForegroundService    com.cdccreditsmart.app               D  âœ… Canal de notificaÃ§Ã£o criado
2025-12-08 09:06:35.858 14598-14598 CdcForegroundService    com.cdccreditsmart.app               I  âœ… ScreenStateReceiver registrado
2025-12-08 09:06:35.860 14598-14598 CdcForegroundService    com.cdccreditsmart.app               D  ğŸš€ ServiÃ§o onStartCommand() - Action: null
2025-12-08 09:06:35.877 14598-14598 CdcForegroundService    com.cdccreditsmart.app               I  âœ… Foreground Service ativo (Android 12+)
2025-12-08 09:06:35.880 14598-14633 CdcForegroundService    com.cdccreditsmart.app               I  ğŸ”§ ========================================
2025-12-08 09:06:35.880 14598-14633 CdcForegroundService    com.cdccreditsmart.app               I  ğŸ”§ INICIANDO initializeServices()...
2025-12-08 09:06:35.880 14598-14633 CdcForegroundService    com.cdccreditsmart.app               I  ğŸ”§ ========================================
2025-12-08 09:06:35.880 14598-14633 CdcForegroundService    com.cdccreditsmart.app               I  ğŸ”§ Inicializando serviÃ§os base (SettingsGuard, WorkPolicies)...
2025-12-08 09:06:35.880 14598-14633 CdcForegroundService    com.cdccreditsmart.app               I  ğŸ¢ ========================================
2025-12-08 09:06:35.880 14598-14633 CdcForegroundService    com.cdccreditsmart.app               I  ğŸ¢ APLICANDO POLÃTICAS DE AMBIENTE DE TRABALHO
2025-12-08 09:06:35.880 14598-14633 CdcForegroundService    com.cdccreditsmart.app               I  ğŸ¢ ========================================
2025-12-08 09:06:35.887 14598-14598 CdcForegroundService    com.cdccreditsmart.app               D  ğŸš€ ServiÃ§o onStartCommand() - Action: com.cdccreditsmart.app.START_SERVICE
2025-12-08 09:06:35.890 14598-14633 WorkPolicyManager       com.cdccreditsmart.app               I  
2025-12-08 09:06:35.890 14598-14633 WorkPolicyManager       com.cdccreditsmart.app               I  â•”â•â•â•â•â•â•â•â•â•â•â•â•â•â•â•â•â•â•â•â•â•â•â•â•â•â•â•â•â•â•â•â•â•â•â•â•â•â•â•â•â•â•â•â•â•â•â•â•â•â•â•â•â•â•â•â•â•â•â•â•â•â•â•â•â•—
2025-12-08 09:06:35.890 14598-14633 WorkPolicyManager       com.cdccreditsmart.app               I  â•‘  ğŸ¢ APLICANDO POLÃTICAS DE AMBIENTE DE TRABALHO                â•‘
2025-12-08 09:06:35.890 14598-14633 WorkPolicyManager       com.cdccreditsmart.app               I  â•‘     CDC CREDIT SMART - PROTEÃ‡ÃƒO EMPRESARIAL                    â•‘
2025-12-08 09:06:35.890 14598-14633 WorkPolicyManager       com.cdccreditsmart.app               I  â•šâ•â•â•â•â•â•â•â•â•â•â•â•â•â•â•â•â•â•â•â•â•â•â•â•â•â•â•â•â•â•â•â•â•â•â•â•â•â•â•â•â•â•â•â•â•â•â•â•â•â•â•â•â•â•â•â•â•â•â•â•â•â•â•â•â•
2025-12-08 09:06:35.890 14598-14633 WorkPolicyManager       com.cdccreditsmart.app               I  
2025-12-08 09:06:35.893 14598-14598 CdcForegroundService    com.cdccreditsmart.app               I  âœ… Foreground Service ativo (Android 12+)
2025-12-08 09:06:35.894 14598-14633 WorkPolicyManager       com.cdccreditsmart.app               I  ğŸ“‹ STATUS DO DISPOSITIVO:
2025-12-08 09:06:35.894 14598-14633 WorkPolicyManager       com.cdccreditsmart.app               I     Device Owner: âŒ NÃƒO
2025-12-08 09:06:35.894 14598-14633 WorkPolicyManager       com.cdccreditsmart.app               I     Device Admin: âœ… SIM
2025-12-08 09:06:35.895 14598-14633 WorkPolicyManager       com.cdccreditsmart.app               I  
2025-12-08 09:06:35.895 14598-14633 WorkPolicyManager       com.cdccreditsmart.app               I  â•â•â•â•â•â•â•â•â•â•â•â•â•â•â•â•â•â•â•â•â•â•â•â•â•â•â•â•â•â•â•â•â•â•â•â•â•â•â•â•â•â•â•â•â•â•â•â•â•â•â•â•â•â•â•â•â•â•â•â•â•â•â•
2025-12-08 09:06:35.895 14598-14633 WorkPolicyManager       com.cdccreditsmart.app               I  ğŸ›¡ï¸ MODO DEVICE ADMIN - PROTEÃ‡ÃƒO PARCIAL
2025-12-08 09:06:35.895 14598-14633 WorkPolicyManager       com.cdccreditsmart.app               I  â•â•â•â•â•â•â•â•â•â•â•â•â•â•â•â•â•â•â•â•â•â•â•â•â•â•â•â•â•â•â•â•â•â•â•â•â•â•â•â•â•â•â•â•â•â•â•â•â•â•â•â•â•â•â•â•â•â•â•â•â•â•â•
2025-12-08 09:06:35.895 14598-14633 WorkPolicyManager       com.cdccreditsmart.app               I  
2025-12-08 09:06:35.895 14598-14633 WorkPolicyManager       com.cdccreditsmart.app               W  âš ï¸ LIMITAÃ‡Ã•ES DO DEVICE ADMIN:
2025-12-08 09:06:35.895 14598-14633 WorkPolicyManager       com.cdccreditsmart.app               W     â€¢ NÃ£o pode bloquear desinstalaÃ§Ã£o completamente
2025-12-08 09:06:35.895 14598-14633 WorkPolicyManager       com.cdccreditsmart.app               W     â€¢ NÃ£o pode bloquear Factory Reset via Settings
2025-12-08 09:06:35.895 14598-14633 WorkPolicyManager       com.cdccreditsmart.app               W     â€¢ NÃ£o pode desativar controles do usuÃ¡rio
2025-12-08 09:06:35.895 14598-14633 WorkPolicyManager       com.cdccreditsmart.app               W     â€¢ ProteÃ§Ãµes limitadas Ã s APIs de Device Admin
2025-12-08 09:06:35.895 14598-14633 WorkPolicyManager       com.cdccreditsmart.app               I  
2025-12-08 09:06:35.895 14598-14633 WorkPolicyManager       com.cdccreditsmart.app               I  ğŸ” [1/4] POLÃTICAS DE SENHA
2025-12-08 09:06:35.895 14598-14633 WorkPolicyManager       com.cdccreditsmart.app               I  â”€â”€â”€â”€â”€â”€â”€â”€â”€â”€â”€â”€â”€â”€â”€â”€â”€â”€â”€â”€â”€â”€â”€â”€â”€â”€â”€â”€â”€â”€â”€â”€â”€â”€â”€â”€â”€â”€â”€â”€â”€â”€â”€â”€â”€â”€â”€â”€â”€â”€â”€â”€â”€â”€â”€â”€â”€â”€â”€â”€â”€â”€â”€
2025-12-08 09:06:35.895 14598-14633 WorkPolicyManager       com.cdccreditsmart.app               I     âœ… PolÃ­ticas de senha configuradas (Device Admin)
2025-12-08 09:06:35.895 14598-14633 WorkPolicyManager       com.cdccreditsmart.app               I  
2025-12-08 09:06:35.895 14598-14633 WorkPolicyManager       com.cdccreditsmart.app               I  ğŸ“± [2/4] PROTEÃ‡Ã•ES DE PERSISTÃŠNCIA
2025-12-08 09:06:35.895 14598-14633 WorkPolicyManager       com.cdccreditsmart.app               I  â”€â”€â”€â”€â”€â”€â”€â”€â”€â”€â”€â”€â”€â”€â”€â”€â”€â”€â”€â”€â”€â”€â”€â”€â”€â”€â”€â”€â”€â”€â”€â”€â”€â”€â”€â”€â”€â”€â”€â”€â”€â”€â”€â”€â”€â”€â”€â”€â”€â”€â”€â”€â”€â”€â”€â”€â”€â”€â”€â”€â”€â”€â”€
2025-12-08 09:06:35.896 14598-14633 WorkPolicyManager       com.cdccreditsmart.app               I     âœ… JÃ¡ isento de otimizaÃ§Ã£o de bateria
2025-12-08 09:06:35.896 14598-14633 WorkPolicyManager       com.cdccreditsmart.app               I     âœ… Foreground Service configurado via CdcForegroundService
2025-12-08 09:06:35.896 14598-14633 WorkPolicyManager       com.cdccreditsmart.app               I     âœ… WorkManager health check agendado
2025-12-08 09:06:35.897 14598-14633 WorkPolicyManager       com.cdccreditsmart.app               I  
2025-12-08 09:06:35.897 14598-14633 WorkPolicyManager       com.cdccreditsmart.app               I  ğŸ”” [3/4] MONITORAMENTO
2025-12-08 09:06:35.897 14598-14633 WorkPolicyManager       com.cdccreditsmart.app               I  â”€â”€â”€â”€â”€â”€â”€â”€â”€â”€â”€â”€â”€â”€â”€â”€â”€â”€â”€â”€â”€â”€â”€â”€â”€â”€â”€â”€â”€â”€â”€â”€â”€â”€â”€â”€â”€â”€â”€â”€â”€â”€â”€â”€â”€â”€â”€â”€â”€â”€â”€â”€â”€â”€â”€â”€â”€â”€â”€â”€â”€â”€â”€
2025-12-08 09:06:35.897 14598-14633 WorkPolicyManager       com.cdccreditsmart.app               I     âœ… Monitor de desinstalaÃ§Ã£o registrado via broadcast
2025-12-08 09:06:35.897 14598-14633 WorkPolicyManager       com.cdccreditsmart.app               I     âœ… Monitor de pacotes registrado
2025-12-08 09:06:35.898 14598-14633 WorkPolicyManager       com.cdccreditsmart.app               I  
2025-12-08 09:06:35.898 14598-14633 WorkPolicyManager       com.cdccreditsmart.app               I  âš¡ [4/4] PROTEÃ‡Ã•ES ALTERNATIVAS
2025-12-08 09:06:35.898 14598-14633 WorkPolicyManager       com.cdccreditsmart.app               I  â”€â”€â”€â”€â”€â”€â”€â”€â”€â”€â”€â”€â”€â”€â”€â”€â”€â”€â”€â”€â”€â”€â”€â”€â”€â”€â”€â”€â”€â”€â”€â”€â”€â”€â”€â”€â”€â”€â”€â”€â”€â”€â”€â”€â”€â”€â”€â”€â”€â”€â”€â”€â”€â”€â”€â”€â”€â”€â”€â”€â”€â”€â”€
2025-12-08 09:06:35.899 14598-14633 WorkPolicyManager       com.cdccreditsmart.app               I     âœ… Device Admin ativo e funcionando
2025-12-08 09:06:35.900 14598-14638 CdcForegroundService    com.cdccreditsmart.app               I  ğŸ”§ ========================================
2025-12-08 09:06:35.900 14598-14638 CdcForegroundService    com.cdccreditsmart.app               I  ğŸ”§ INICIANDO initializeServices()...
2025-12-08 09:06:35.900 14598-14638 CdcForegroundService    com.cdccreditsmart.app               I  ğŸ”§ ========================================
2025-12-08 09:06:35.900 14598-14638 CdcForegroundService    com.cdccreditsmart.app               D  âœ… ServiÃ§os base jÃ¡ inicializados
2025-12-08 09:06:35.900 14598-14638 CdcForegroundService    com.cdccreditsmart.app               I  ğŸ¢ ========================================
2025-12-08 09:06:35.900 14598-14638 CdcForegroundService    com.cdccreditsmart.app               I  ğŸ¢ APLICANDO POLÃTICAS DE AMBIENTE DE TRABALHO
2025-12-08 09:06:35.900 14598-14638 CdcForegroundService    com.cdccreditsmart.app               I  ğŸ¢ ========================================
2025-12-08 09:06:35.900 14598-14638 WorkPolicyManager       com.cdccreditsmart.app               I  
2025-12-08 09:06:35.900 14598-14638 WorkPolicyManager       com.cdccreditsmart.app               I  â•”â•â•â•â•â•â•â•â•â•â•â•â•â•â•â•â•â•â•â•â•â•â•â•â•â•â•â•â•â•â•â•â•â•â•â•â•â•â•â•â•â•â•â•â•â•â•â•â•â•â•â•â•â•â•â•â•â•â•â•â•â•â•â•â•â•—
2025-12-08 09:06:35.900 14598-14638 WorkPolicyManager       com.cdccreditsmart.app               I  â•‘  ğŸ¢ APLICANDO POLÃTICAS DE AMBIENTE DE TRABALHO                â•‘
2025-12-08 09:06:35.900 14598-14638 WorkPolicyManager       com.cdccreditsmart.app               I  â•‘     CDC CREDIT SMART - PROTEÃ‡ÃƒO EMPRESARIAL                    â•‘
2025-12-08 09:06:35.900 14598-14638 WorkPolicyManager       com.cdccreditsmart.app               I  â•šâ•â•â•â•â•â•â•â•â•â•â•â•â•â•â•â•â•â•â•â•â•â•â•â•â•â•â•â•â•â•â•â•â•â•â•â•â•â•â•â•â•â•â•â•â•â•â•â•â•â•â•â•â•â•â•â•â•â•â•â•â•â•â•â•â•
2025-12-08 09:06:35.900 14598-14638 WorkPolicyManager       com.cdccreditsmart.app               I  
2025-12-08 09:06:35.902 14598-14598 BootReceiver            com.cdccreditsmart.app               I  Dispositivo iniciado - starting CdcForegroundService
2025-12-08 09:06:35.903 14598-14633 WorkPolicyManager       com.cdccreditsmart.app               I  
2025-12-08 09:06:35.903 14598-14633 WorkPolicyManager       com.cdccreditsmart.app               I  â•”â•â•â•â•â•â•â•â•â•â•â•â•â•â•â•â•â•â•â•â•â•â•â•â•â•â•â•â•â•â•â•â•â•â•â•â•â•â•â•â•â•â•â•â•â•â•â•â•â•â•â•â•â•â•â•â•â•â•â•â•â•â•â•â•â•—
2025-12-08 09:06:35.903 14598-14633 WorkPolicyManager       com.cdccreditsmart.app               I  â•‘  ğŸ“Š RESUMO DAS POLÃTICAS DE TRABALHO                           â•‘
2025-12-08 09:06:35.903 14598-14633 WorkPolicyManager       com.cdccreditsmart.app               I  â• â•â•â•â•â•â•â•â•â•â•â•â•â•â•â•â•â•â•â•â•â•â•â•â•â•â•â•â•â•â•â•â•â•â•â•â•â•â•â•â•â•â•â•â•â•â•â•â•â•â•â•â•â•â•â•â•â•â•â•â•â•â•â•â•â•£
2025-12-08 09:06:35.903 14598-14633 WorkPolicyManager       com.cdccreditsmart.app               I  â•‘  ğŸ” NÃ­vel de proteÃ§Ã£o: DEVICE ADMIN
2025-12-08 09:06:35.903 14598-14633 WorkPolicyManager       com.cdccreditsmart.app               I  â•‘  ğŸ“‹ PolÃ­ticas aplicadas: 7
2025-12-08 09:06:35.903 14598-14633 WorkPolicyManager       com.cdccreditsmart.app               I  â• â•â•â•â•â•â•â•â•â•â•â•â•â•â•â•â•â•â•â•â•â•â•â•â•â•â•â•â•â•â•â•â•â•â•â•â•â•â•â•â•â•â•â•â•â•â•â•â•â•â•â•â•â•â•â•â•â•â•â•â•â•â•â•â•â•£
2025-12-08 09:06:35.903 14598-14633 WorkPolicyManager       com.cdccreditsmart.app               I  â•‘  âœ… PROTEÃ‡Ã•ES ATIVAS:
2025-12-08 09:06:35.903 14598-14633 WorkPolicyManager       com.cdccreditsmart.app               I  â•‘     âœ… PolÃ­ticas de senha configuradas
2025-12-08 09:06:35.903 14598-14633 WorkPolicyManager       com.cdccreditsmart.app               I  â•‘     âœ… IsenÃ§Ã£o de otimizaÃ§Ã£o de bateria
2025-12-08 09:06:35.903 14598-14633 WorkPolicyManager       com.cdccreditsmart.app               I  â•‘     âœ… Foreground Service persistente ativado
2025-12-08 09:06:35.903 14598-14633 WorkPolicyManager       com.cdccreditsmart.app               I  â•‘     âœ… VerificaÃ§Ã£o periÃ³dica de saÃºde agendada
2025-12-08 09:06:35.904 14598-14633 WorkPolicyManager       com.cdccreditsmart.app               I  â•‘     âœ… Monitor de desinstalaÃ§Ã£o ativado
2025-12-08 09:06:35.904 14598-14633 WorkPolicyManager       com.cdccreditsmart.app               I  â•‘     âœ… Monitor de mudanÃ§as de pacotes ativado
2025-12-08 09:06:35.904 14598-14633 WorkPolicyManager       com.cdccreditsmart.app               I  â•‘     âœ… PolÃ­ticas de Device Admin aplicadas
2025-12-08 09:06:35.904 14598-14633 WorkPolicyManager       com.cdccreditsmart.app               I  â• â•â•â•â•â•â•â•â•â•â•â•â•â•â•â•â•â•â•â•â•â•â•â•â•â•â•â•â•â•â•â•â•â•â•â•â•â•â•â•â•â•â•â•â•â•â•â•â•â•â•â•â•â•â•â•â•â•â•â•â•â•â•â•â•â•£
2025-12-08 09:06:35.904 14598-14633 WorkPolicyManager       com.cdccreditsmart.app               I  â•‘  âš ï¸ AVISOS:
2025-12-08 09:06:35.904 14598-14633 WorkPolicyManager       com.cdccreditsmart.app               W  â•‘     âš ï¸ DesinstalaÃ§Ã£o: UsuÃ¡rio pode desinstalar (Device Admin nÃ£o bloqueia)
2025-12-08 09:06:35.904 14598-14633 WorkPolicyManager       com.cdccreditsmart.app               W  â•‘     âš ï¸ Factory Reset: NÃ£o bloqueÃ¡vel sem Device Owner
2025-12-08 09:06:35.904 14598-14633 WorkPolicyManager       com.cdccreditsmart.app               W  â•‘     âš ï¸ RecomendaÃ§Ã£o: Ativar Device Owner para proteÃ§Ã£o mÃ¡xima
2025-12-08 09:06:35.904 14598-14633 WorkPolicyManager       com.cdccreditsmart.app               I  â•šâ•â•â•â•â•â•â•â•â•â•â•â•â•â•â•â•â•â•â•â•â•â•â•â•â•â•â•â•â•â•â•â•â•â•â•â•â•â•â•â•â•â•â•â•â•â•â•â•â•â•â•â•â•â•â•â•â•â•â•â•â•â•â•â•â•
2025-12-08 09:06:35.904 14598-14633 WorkPolicyManager       com.cdccreditsmart.app               I  
2025-12-08 09:06:35.904 14598-14633 CdcForegroundService    com.cdccreditsmart.app               I  ğŸ¢ Resultado: DEVICE_ADMIN
2025-12-08 09:06:35.904 14598-14633 CdcForegroundService    com.cdccreditsmart.app               I  ğŸ¢ PolÃ­ticas aplicadas: 7/10
2025-12-08 09:06:35.904 14598-14633 CdcForegroundService    com.cdccreditsmart.app               W  ğŸ¢ âš ï¸ DesinstalaÃ§Ã£o: UsuÃ¡rio pode desinstalar (Device Admin nÃ£o bloqueia)
2025-12-08 09:06:35.904 14598-14633 CdcForegroundService    com.cdccreditsmart.app               W  ğŸ¢ âš ï¸ Factory Reset: NÃ£o bloqueÃ¡vel sem Device Owner
2025-12-08 09:06:35.904 14598-14633 CdcForegroundService    com.cdccreditsmart.app               W  ğŸ¢ âš ï¸ RecomendaÃ§Ã£o: Ativar Device Owner para proteÃ§Ã£o mÃ¡xima
2025-12-08 09:06:35.904 14598-14633 CdcForegroundService    com.cdccreditsmart.app               I  ğŸ¢ ========================================
2025-12-08 09:06:35.904 14598-14633 CdcForegroundService    com.cdccreditsmart.app               I  ğŸ›¡ï¸ ========================================
2025-12-08 09:06:35.904 14598-14633 CdcForegroundService    com.cdccreditsmart.app               I  ğŸ›¡ï¸ INICIANDO SETTINGS GUARD (PROTEÃ‡ÃƒO AGRESSIVA)
2025-12-08 09:06:35.904 14598-14633 CdcForegroundService    com.cdccreditsmart.app               I  ğŸ›¡ï¸ ========================================
2025-12-08 09:06:35.905 14598-14598 FactoryResetRecovery    com.cdccreditsmart.app               I  Initializing Factory Reset Recovery system
2025-12-08 09:06:35.907 14598-14633 AutoPermissionManager   com.cdccreditsmart.app               W  âš ï¸ NÃ£o Ã© Device Owner - nÃ£o pode conceder permissÃµes especiais
2025-12-08 09:06:35.907 14598-14638 WorkPolicyManager       com.cdccreditsmart.app               I  ğŸ“‹ STATUS DO DISPOSITIVO:
2025-12-08 09:06:35.907 14598-14638 WorkPolicyManager       com.cdccreditsmart.app               I     Device Owner: âŒ NÃƒO
2025-12-08 09:06:35.907 14598-14638 WorkPolicyManager       com.cdccreditsmart.app               I     Device Admin: âœ… SIM
2025-12-08 09:06:35.907 14598-14638 WorkPolicyManager       com.cdccreditsmart.app               I  
2025-12-08 09:06:35.907 14598-14638 WorkPolicyManager       com.cdccreditsmart.app               I  â•â•â•â•â•â•â•â•â•â•â•â•â•â•â•â•â•â•â•â•â•â•â•â•â•â•â•â•â•â•â•â•â•â•â•â•â•â•â•â•â•â•â•â•â•â•â•â•â•â•â•â•â•â•â•â•â•â•â•â•â•â•â•
2025-12-08 09:06:35.907 14598-14638 WorkPolicyManager       com.cdccreditsmart.app               I  ğŸ›¡ï¸ MODO DEVICE ADMIN - PROTEÃ‡ÃƒO PARCIAL
2025-12-08 09:06:35.907 14598-14638 WorkPolicyManager       com.cdccreditsmart.app               I  â•â•â•â•â•â•â•â•â•â•â•â•â•â•â•â•â•â•â•â•â•â•â•â•â•â•â•â•â•â•â•â•â•â•â•â•â•â•â•â•â•â•â•â•â•â•â•â•â•â•â•â•â•â•â•â•â•â•â•â•â•â•â•
2025-12-08 09:06:35.907 14598-14638 WorkPolicyManager       com.cdccreditsmart.app               I  
2025-12-08 09:06:35.907 14598-14638 WorkPolicyManager       com.cdccreditsmart.app               W  âš ï¸ LIMITAÃ‡Ã•ES DO DEVICE ADMIN:
2025-12-08 09:06:35.907 14598-14638 WorkPolicyManager       com.cdccreditsmart.app               W     â€¢ NÃ£o pode bloquear desinstalaÃ§Ã£o completamente
2025-12-08 09:06:35.907 14598-14638 WorkPolicyManager       com.cdccreditsmart.app               W     â€¢ NÃ£o pode bloquear Factory Reset via Settings
2025-12-08 09:06:35.907 14598-14638 WorkPolicyManager       com.cdccreditsmart.app               W     â€¢ NÃ£o pode desativar controles do usuÃ¡rio
2025-12-08 09:06:35.907 14598-14638 WorkPolicyManager       com.cdccreditsmart.app               W     â€¢ ProteÃ§Ãµes limitadas Ã s APIs de Device Admin
2025-12-08 09:06:35.907 14598-14638 WorkPolicyManager       com.cdccreditsmart.app               I  
2025-12-08 09:06:35.907 14598-14638 WorkPolicyManager       com.cdccreditsmart.app               I  ğŸ” [1/4] POLÃTICAS DE SENHA
2025-12-08 09:06:35.907 14598-14638 WorkPolicyManager       com.cdccreditsmart.app               I  â”€â”€â”€â”€â”€â”€â”€â”€â”€â”€â”€â”€â”€â”€â”€â”€â”€â”€â”€â”€â”€â”€â”€â”€â”€â”€â”€â”€â”€â”€â”€â”€â”€â”€â”€â”€â”€â”€â”€â”€â”€â”€â”€â”€â”€â”€â”€â”€â”€â”€â”€â”€â”€â”€â”€â”€â”€â”€â”€â”€â”€â”€â”€
2025-12-08 09:06:35.907 14598-14638 WorkPolicyManager       com.cdccreditsmart.app               I     âœ… PolÃ­ticas de senha configuradas (Device Admin)
2025-12-08 09:06:35.907 14598-14638 WorkPolicyManager       com.cdccreditsmart.app               I  
2025-12-08 09:06:35.907 14598-14638 WorkPolicyManager       com.cdccreditsmart.app               I  ğŸ“± [2/4] PROTEÃ‡Ã•ES DE PERSISTÃŠNCIA
2025-12-08 09:06:35.907 14598-14638 WorkPolicyManager       com.cdccreditsmart.app               I  â”€â”€â”€â”€â”€â”€â”€â”€â”€â”€â”€â”€â”€â”€â”€â”€â”€â”€â”€â”€â”€â”€â”€â”€â”€â”€â”€â”€â”€â”€â”€â”€â”€â”€â”€â”€â”€â”€â”€â”€â”€â”€â”€â”€â”€â”€â”€â”€â”€â”€â”€â”€â”€â”€â”€â”€â”€â”€â”€â”€â”€â”€â”€
2025-12-08 09:06:35.909 14598-14633 SettingsGuardService    com.cdccreditsmart.app               I  ğŸ›¡ï¸ SettingsGuard INICIADO
2025-12-08 09:06:35.909 14598-14633 SettingsGuardService    com.cdccreditsmart.app               I     Modo de proteÃ§Ã£o: DEVICE_ADMIN
2025-12-08 09:06:35.909 14598-14633 SettingsGuardService    com.cdccreditsmart.app               I     ğŸ” Device Admin: ProteÃ§Ã£o AGRESSIVA ativada
2025-12-08 09:06:35.909 14598-14633 SettingsGuardService    com.cdccreditsmart.app               I     ğŸ“¡ Monitorando Settings a cada 600ms
2025-12-08 09:06:35.909 14598-14633 SettingsGuardService    com.cdccreditsmart.app               I     ğŸ“¡ Quando Settings aberto: modo agressivo 400ms
2025-12-08 09:06:35.909 14598-14633 SettingsGuardService    com.cdccreditsmart.app               I  ğŸ” Iniciando monitoramento ativo de Settings...
2025-12-08 09:06:35.911 14598-14598 ApkSignatureVerifier    com.cdccreditsmart.app               I  Added trusted signature hash: 7aeb48763df1ebeb...
2025-12-08 09:06:35.911 14598-14598 ApkSignatureVerifier    com.cdccreditsmart.app               I  Loaded persisted signature hash: 7aeb48763df1ebeb...
2025-12-08 09:06:35.914 14598-14638 WorkPolicyManager       com.cdccreditsmart.app               I     âœ… JÃ¡ isento de otimizaÃ§Ã£o de bateria
2025-12-08 09:06:35.914 14598-14638 WorkPolicyManager       com.cdccreditsmart.app               I     âœ… Foreground Service configurado via CdcForegroundService
2025-12-08 09:06:35.915 14598-14638 WorkPolicyManager       com.cdccreditsmart.app               I     âœ… WorkManager health check agendado
2025-12-08 09:06:35.915 14598-14633 SettingsGuardService    com.cdccreditsmart.app               I  ğŸ“¢ NotificaÃ§Ã£o de permissÃ£o USAGE_STATS cancelada
2025-12-08 09:06:35.916 14598-14638 WorkPolicyManager       com.cdccreditsmart.app               I  
2025-12-08 09:06:35.916 14598-14638 WorkPolicyManager       com.cdccreditsmart.app               I  ğŸ”” [3/4] MONITORAMENTO
2025-12-08 09:06:35.916 14598-14638 WorkPolicyManager       com.cdccreditsmart.app               I  â”€â”€â”€â”€â”€â”€â”€â”€â”€â”€â”€â”€â”€â”€â”€â”€â”€â”€â”€â”€â”€â”€â”€â”€â”€â”€â”€â”€â”€â”€â”€â”€â”€â”€â”€â”€â”€â”€â”€â”€â”€â”€â”€â”€â”€â”€â”€â”€â”€â”€â”€â”€â”€â”€â”€â”€â”€â”€â”€â”€â”€â”€â”€
2025-12-08 09:06:35.916 14598-14638 WorkPolicyManager       com.cdccreditsmart.app               I     âœ… Monitor de desinstalaÃ§Ã£o registrado via broadcast
2025-12-08 09:06:35.916 14598-14638 WorkPolicyManager       com.cdccreditsmart.app               I     âœ… Monitor de pacotes registrado
2025-12-08 09:06:35.916 14598-14638 WorkPolicyManager       com.cdccreditsmart.app               I  
2025-12-08 09:06:35.916 14598-14638 WorkPolicyManager       com.cdccreditsmart.app               I  âš¡ [4/4] PROTEÃ‡Ã•ES ALTERNATIVAS
2025-12-08 09:06:35.916 14598-14638 WorkPolicyManager       com.cdccreditsmart.app               I  â”€â”€â”€â”€â”€â”€â”€â”€â”€â”€â”€â”€â”€â”€â”€â”€â”€â”€â”€â”€â”€â”€â”€â”€â”€â”€â”€â”€â”€â”€â”€â”€â”€â”€â”€â”€â”€â”€â”€â”€â”€â”€â”€â”€â”€â”€â”€â”€â”€â”€â”€â”€â”€â”€â”€â”€â”€â”€â”€â”€â”€â”€â”€
2025-12-08 09:06:35.917 14598-14638 WorkPolicyManager       com.cdccreditsmart.app               I     âœ… Device Admin ativo e funcionando
2025-12-08 09:06:35.917 14598-14638 WorkPolicyManager       com.cdccreditsmart.app               I  
2025-12-08 09:06:35.918 14598-14638 WorkPolicyManager       com.cdccreditsmart.app               I  â•”â•â•â•â•â•â•â•â•â•â•â•â•â•â•â•â•â•â•â•â•â•â•â•â•â•â•â•â•â•â•â•â•â•â•â•â•â•â•â•â•â•â•â•â•â•â•â•â•â•â•â•â•â•â•â•â•â•â•â•â•â•â•â•â•â•—
2025-12-08 09:06:35.918 14598-14638 WorkPolicyManager       com.cdccreditsmart.app               I  â•‘  ğŸ“Š RESUMO DAS POLÃTICAS DE TRABALHO                           â•‘
2025-12-08 09:06:35.918 14598-14638 WorkPolicyManager       com.cdccreditsmart.app               I  â• â•â•â•â•â•â•â•â•â•â•â•â•â•â•â•â•â•â•â•â•â•â•â•â•â•â•â•â•â•â•â•â•â•â•â•â•â•â•â•â•â•â•â•â•â•â•â•â•â•â•â•â•â•â•â•â•â•â•â•â•â•â•â•â•â•£
2025-12-08 09:06:35.919 14598-14638 WorkPolicyManager       com.cdccreditsmart.app               I  â•‘  ğŸ” NÃ­vel de proteÃ§Ã£o: DEVICE ADMIN
2025-12-08 09:06:35.919 14598-14638 WorkPolicyManager       com.cdccreditsmart.app               I  â•‘  ğŸ“‹ PolÃ­ticas aplicadas: 7
2025-12-08 09:06:35.919 14598-14638 WorkPolicyManager       com.cdccreditsmart.app               I  â• â•â•â•â•â•â•â•â•â•â•â•â•â•â•â•â•â•â•â•â•â•â•â•â•â•â•â•â•â•â•â•â•â•â•â•â•â•â•â•â•â•â•â•â•â•â•â•â•â•â•â•â•â•â•â•â•â•â•â•â•â•â•â•â•â•£
2025-12-08 09:06:35.919 14598-14638 WorkPolicyManager       com.cdccreditsmart.app               I  â•‘  âœ… PROTEÃ‡Ã•ES ATIVAS:
2025-12-08 09:06:35.919 14598-14638 WorkPolicyManager       com.cdccreditsmart.app               I  â•‘     âœ… PolÃ­ticas de senha configuradas
2025-12-08 09:06:35.919 14598-14638 WorkPolicyManager       com.cdccreditsmart.app               I  â•‘     âœ… IsenÃ§Ã£o de otimizaÃ§Ã£o de bateria
2025-12-08 09:06:35.919 14598-14638 WorkPolicyManager       com.cdccreditsmart.app               I  â•‘     âœ… Foreground Service persistente ativado
2025-12-08 09:06:35.919 14598-14638 WorkPolicyManager       com.cdccreditsmart.app               I  â•‘     âœ… VerificaÃ§Ã£o periÃ³dica de saÃºde agendada
2025-12-08 09:06:35.919 14598-14638 WorkPolicyManager       com.cdccreditsmart.app               I  â•‘     âœ… Monitor de desinstalaÃ§Ã£o ativado
2025-12-08 09:06:35.919 14598-14638 WorkPolicyManager       com.cdccreditsmart.app               I  â•‘     âœ… Monitor de mudanÃ§as de pacotes ativado
2025-12-08 09:06:35.919 14598-14638 WorkPolicyManager       com.cdccreditsmart.app               I  â•‘     âœ… PolÃ­ticas de Device Admin aplicadas
2025-12-08 09:06:35.919 14598-14638 WorkPolicyManager       com.cdccreditsmart.app               I  â• â•â•â•â•â•â•â•â•â•â•â•â•â•â•â•â•â•â•â•â•â•â•â•â•â•â•â•â•â•â•â•â•â•â•â•â•â•â•â•â•â•â•â•â•â•â•â•â•â•â•â•â•â•â•â•â•â•â•â•â•â•â•â•â•â•£
2025-12-08 09:06:35.919 14598-14638 WorkPolicyManager       com.cdccreditsmart.app               I  â•‘  âš ï¸ AVISOS:
2025-12-08 09:06:35.919 14598-14638 WorkPolicyManager       com.cdccreditsmart.app               W  â•‘     âš ï¸ DesinstalaÃ§Ã£o: UsuÃ¡rio pode desinstalar (Device Admin nÃ£o bloqueia)
2025-12-08 09:06:35.919 14598-14638 WorkPolicyManager       com.cdccreditsmart.app               W  â•‘     âš ï¸ Factory Reset: NÃ£o bloqueÃ¡vel sem Device Owner
2025-12-08 09:06:35.919 14598-14638 WorkPolicyManager       com.cdccreditsmart.app               W  â•‘     âš ï¸ RecomendaÃ§Ã£o: Ativar Device Owner para proteÃ§Ã£o mÃ¡xima
2025-12-08 09:06:35.923 14598-14598 FactoryResetRecovery    com.cdccreditsmart.app               W  Cannot read device serial: getSerial: The uid 10219 does not meet the requirements to access device identifiers.
2025-12-08 09:06:35.925 14598-14638 WorkPolicyManager       com.cdccreditsmart.app               I  â•šâ•â•â•â•â•â•â•â•â•â•â•â•â•â•â•â•â•â•â•â•â•â•â•â•â•â•â•â•â•â•â•â•â•â•â•â•â•â•â•â•â•â•â•â•â•â•â•â•â•â•â•â•â•â•â•â•â•â•â•â•â•â•â•â•â•
2025-12-08 09:06:35.925 14598-14638 WorkPolicyManager       com.cdccreditsmart.app               I  
2025-12-08 09:06:35.925 14598-14633 CdcForegroundService    com.cdccreditsmart.app               I  ğŸ›¡ï¸ Guard ativo: true
2025-12-08 09:06:35.925 14598-14633 CdcForegroundService    com.cdccreditsmart.app               I  ğŸ›¡ï¸ Modo proteÃ§Ã£o: DEVICE_ADMIN
2025-12-08 09:06:35.926 14598-14633 CdcForegroundService    com.cdccreditsmart.app               I  ğŸ›¡ï¸ Modo agressivo: false
2025-12-08 09:06:35.926 14598-14633 CdcForegroundService    com.cdccreditsmart.app               I  ğŸ›¡ï¸ UsageStats: âœ… ATIVO
2025-12-08 09:06:35.926 14598-14633 CdcForegroundService    com.cdccreditsmart.app               I  ğŸ›¡ï¸ Overlay: âœ… ATIVO
2025-12-08 09:06:35.926 14598-14633 CdcForegroundService    com.cdccreditsmart.app               I  ğŸ›¡ï¸ ========================================
2025-12-08 09:06:35.927 14598-14638 CdcForegroundService    com.cdccreditsmart.app               I  ğŸ¢ Resultado: DEVICE_ADMIN
2025-12-08 09:06:35.927 14598-14638 CdcForegroundService    com.cdccreditsmart.app               I  ğŸ¢ PolÃ­ticas aplicadas: 7/10
2025-12-08 09:06:35.927 14598-14638 CdcForegroundService    com.cdccreditsmart.app               W  ğŸ¢ âš ï¸ DesinstalaÃ§Ã£o: UsuÃ¡rio pode desinstalar (Device Admin nÃ£o bloqueia)
2025-12-08 09:06:35.927 14598-14638 CdcForegroundService    com.cdccreditsmart.app               W  ğŸ¢ âš ï¸ Factory Reset: NÃ£o bloqueÃ¡vel sem Device Owner
2025-12-08 09:06:35.927 14598-14638 CdcForegroundService    com.cdccreditsmart.app               W  ğŸ¢ âš ï¸ RecomendaÃ§Ã£o: Ativar Device Owner para proteÃ§Ã£o mÃ¡xima
2025-12-08 09:06:35.927 14598-14638 CdcForegroundService    com.cdccreditsmart.app               I  ğŸ¢ ========================================
2025-12-08 09:06:35.927 14598-14638 CdcForegroundService    com.cdccreditsmart.app               I  ğŸ›¡ï¸ ========================================
2025-12-08 09:06:35.927 14598-14638 CdcForegroundService    com.cdccreditsmart.app               I  ğŸ›¡ï¸ INICIANDO SETTINGS GUARD (PROTEÃ‡ÃƒO AGRESSIVA)
2025-12-08 09:06:35.927 14598-14638 CdcForegroundService    com.cdccreditsmart.app               I  ğŸ›¡ï¸ ========================================
2025-12-08 09:06:35.928 14598-14638 AutoPermissionManager   com.cdccreditsmart.app               W  âš ï¸ NÃ£o Ã© Device Owner - nÃ£o pode conceder permissÃµes especiais
2025-12-08 09:06:35.928 14598-14638 SettingsGuardService    com.cdccreditsmart.app               D  Guard jÃ¡ estÃ¡ ativo
2025-12-08 09:06:35.929 14598-14638 CdcForegroundService    com.cdccreditsmart.app               I  ğŸ›¡ï¸ Guard ativo: true
2025-12-08 09:06:35.929 14598-14638 CdcForegroundService    com.cdccreditsmart.app               I  ğŸ›¡ï¸ Modo proteÃ§Ã£o: DEVICE_ADMIN
2025-12-08 09:06:35.929 14598-14638 CdcForegroundService    com.cdccreditsmart.app               I  ğŸ›¡ï¸ Modo agressivo: false
2025-12-08 09:06:35.930 14598-14638 CdcForegroundService    com.cdccreditsmart.app               I  ğŸ›¡ï¸ UsageStats: âœ… ATIVO
2025-12-08 09:06:35.930 14598-14638 CdcForegroundService    com.cdccreditsmart.app               I  ğŸ›¡ï¸ Overlay: âœ… ATIVO
2025-12-08 09:06:35.930 14598-14638 CdcForegroundService    com.cdccreditsmart.app               I  ğŸ›¡ï¸ ========================================
2025-12-08 09:06:35.932 14598-14644 SettingsGuardService    com.cdccreditsmart.app               D  ğŸ“‹ Activity check - Full: com.cdccreditsmart.app.presentation.MainActivity, Simple: MainActivity
2025-12-08 09:06:35.942 14598-14632 ContractCodeStorage     com.cdccreditsmart.app               D  Storage verification: 7 valid, 0 tampered, 0 missing
2025-12-08 09:06:35.942 14598-14632 ContractCodeStorage     com.cdccreditsmart.app               D  Contract code retrieved successfully
2025-12-08 09:06:35.942 14598-14632 FactoryResetRecovery    com.cdccreditsmart.app               I  âœ… App jÃ¡ autenticado - nÃ£o Ã© recuperaÃ§Ã£o de factory reset
2025-12-08 09:06:35.963 14598-14598 SecureTokenStorage      com.cdccreditsmart.app               D  EncryptedSharedPreferences initialized successfully
2025-12-08 09:06:35.964 14598-14598 ContractCodeStorage     com.cdccreditsmart.app               D  Retrieving contract code from storage
2025-12-08 09:06:36.050 14598-14598 ContractCodeStorage     com.cdccreditsmart.app               D  Storage verification: 7 valid, 0 tampered, 0 missing
2025-12-08 09:06:36.050 14598-14598 ContractCodeStorage     com.cdccreditsmart.app               D  Contract code retrieved successfully
2025-12-08 09:06:36.092 14598-14598 StubAppPreferences      com.cdccreditsmart.app               I  Enrollment data saved for factory reset recovery
2025-12-08 09:06:36.092 14598-14598 FactoryResetRecovery    com.cdccreditsmart.app               I  Enrollment data saved for recovery: serial=false, enrollment=true, contract=true
2025-12-08 09:06:36.093 14598-14598 FactoryResetRecovery    com.cdccreditsmart.app               I  Factory Reset Recovery initialized
2025-12-08 09:06:36.096 14598-14598 CdcForegroundService    com.cdccreditsmart.app               I  âœ… ServiÃ§o iniciado via startService()
2025-12-08 09:06:36.552 14598-14633 SettingsGuardService    com.cdccreditsmart.app               D  ğŸ“‹ Activity check - Full: com.cdccreditsmart.app.presentation.MainActivity, Simple: MainActivity
2025-12-08 09:06:36.571 14598-14638 SecureTokenStorage      com.cdccreditsmart.app               D  EncryptedSharedPreferences initialized successfully
2025-12-08 09:06:36.576 14598-14638 ContractCodeStorage     com.cdccreditsmart.app               D  Retrieving contract code from storage
2025-12-08 09:06:36.591 14598-14644 SecureTokenStorage      com.cdccreditsmart.app               D  EncryptedSharedPreferences initialized successfully
2025-12-08 09:06:36.591 14598-14644 ContractCodeStorage     com.cdccreditsmart.app               D  Retrieving contract code from storage
2025-12-08 09:06:36.640 14598-14603 creditsmart.app         com.cdccreditsmart.app               I  Compiler allocated 5042KB to compile void android.view.ViewRootImpl.performTraversals()
2025-12-08 09:06:36.765 14598-14638 ContractCodeStorage     com.cdccreditsmart.app               D  Storage verification: 7 valid, 0 tampered, 0 missing
2025-12-08 09:06:36.765 14598-14638 ContractCodeStorage     com.cdccreditsmart.app               D  Contract code retrieved successfully
2025-12-08 09:06:36.774 14598-14638 SecureTokenStorage      com.cdccreditsmart.app               D  âš ï¸ Usando Serial Number para MDM (IMEI indisponÃ­vel): XV8W57...
2025-12-08 09:06:36.774 14598-14638 CdcForegroundService    com.cdccreditsmart.app               I  ğŸ” AuthToken presente: true
2025-12-08 09:06:36.774 14598-14638 CdcForegroundService    com.cdccreditsmart.app               I  ğŸ” AuthToken length: 260
2025-12-08 09:06:36.774 14598-14638 CdcForegroundService    com.cdccreditsmart.app               I  ğŸ” ContractCode presente: true
2025-12-08 09:06:36.774 14598-14638 CdcForegroundService    com.cdccreditsmart.app               I  ğŸ” ContractCode value: XV8W****
2025-12-08 09:06:36.775 14598-14638 CdcForegroundService    com.cdccreditsmart.app               I  ğŸ” MDM SerialNumber presente: true
2025-12-08 09:06:36.775 14598-14638 CdcForegroundService    com.cdccreditsmart.app               I  ğŸ” MDM SerialNumber value: XV8W5766...
2025-12-08 09:06:36.775 14598-14638 CdcForegroundService    com.cdccreditsmart.app               I  ğŸ”§ ========================================
2025-12-08 09:06:36.775 14598-14638 CdcForegroundService    com.cdccreditsmart.app               I  ğŸ”§ INICIALIZANDO MDM COM SERIAL NUMBER: XV8W5766...
2025-12-08 09:06:36.775 14598-14638 CdcForegroundService    com.cdccreditsmart.app               I  ğŸ”§ ========================================
2025-12-08 09:06:36.775 14598-14638 CdcForegroundService    com.cdccreditsmart.app               I  ğŸ” Tokens encontrados - inicializando serviÃ§os MDM
2025-12-08 09:06:36.775 14598-14638 CdcForegroundService    com.cdccreditsmart.app               D  ğŸ“¡ Criando MdmCommandReceiver (usando serialNumber do SecureTokenStorage)...
2025-12-08 09:06:36.808 14598-14638 MdmCommandReceiver      com.cdccreditsmart.app               D  âœ… Foreground service reference set for WakeLock management
2025-12-08 09:06:36.809 14598-14638 CdcForegroundService    com.cdccreditsmart.app               D  ğŸ”‹ Foreground service reference passada para MdmCommandReceiver
2025-12-08 09:06:36.809 14598-14638 CdcForegroundService    com.cdccreditsmart.app               I  ğŸ’“ ========================================
2025-12-08 09:06:36.809 14598-14638 CdcForegroundService    com.cdccreditsmart.app               I  ğŸ’“ INICIANDO HEARTBEAT MANAGER (60s)
2025-12-08 09:06:36.810 14598-14638 CdcForegroundService    com.cdccreditsmart.app               I  ğŸ’“ ========================================
2025-12-08 09:06:36.817 14598-14638 HeartbeatManager        com.cdccreditsmart.app               I  ğŸ’“ ========================================
2025-12-08 09:06:36.817 14598-14638 HeartbeatManager        com.cdccreditsmart.app               I  ğŸ’“ INICIANDO HEARTBEAT MANAGER (60s)
2025-12-08 09:06:36.817 14598-14638 HeartbeatManager        com.cdccreditsmart.app               I  ğŸ’“ ========================================
2025-12-08 09:06:36.817 14598-14638 HeartbeatManager        com.cdccreditsmart.app               I  ğŸ’“ Intervalo: 60 segundos
2025-12-08 09:06:36.817 14598-14638 HeartbeatManager        com.cdccreditsmart.app               I  ğŸ’“ Endpoint: POST /api/apk/device/heartbeat
