2026-01-29 16:44:03.302 18823-18878 MdmCommandReceiver      com.cdccreditsmart.app               I  ðŸ”„ Endpoint: GET /api/apk/device/{identifier}/commands
2026-01-29 16:44:03.302 18823-18878 MdmCommandReceiver      com.cdccreditsmart.app               I  ðŸ”„ Executando verificaÃ§Ã£o IMEDIATA de comandos...
2026-01-29 16:44:03.308 18823-18878 SecureTokenStorage      com.cdccreditsmart.app               D  âœ… Usando IMEI para MDM: 3531***198
2026-01-29 16:44:03.308 18823-18878 MdmCommandReceiver      com.cdccreditsmart.app               I  ðŸ” ========================================
2026-01-29 16:44:03.308 18823-18878 MdmCommandReceiver      com.cdccreditsmart.app               I  ðŸ” BUSCANDO COMANDOS PENDENTES
2026-01-29 16:44:03.308 18823-18878 MdmCommandReceiver      com.cdccreditsmart.app               I  ðŸ” ========================================
2026-01-29 16:44:03.308 18823-18878 MdmCommandReceiver      com.cdccreditsmart.app               I  ðŸ” Identifier: 353104906953198
2026-01-29 16:44:03.309 18823-18878 MdmCommandReceiver      com.cdccreditsmart.app               I  ðŸ” Endpoint: GET /api/apk/device/353104906953198/commands
2026-01-29 16:44:03.312 18823-18863 HeartbeatManager        com.cdccreditsmart.app               D  Heartbeat payload:
2026-01-29 16:44:03.312 18823-18863 HeartbeatManager        com.cdccreditsmart.app               D     deviceToken: eyJhbGciOiJIUzI1NiIs...
2026-01-29 16:44:03.313 18823-18863 HeartbeatManager        com.cdccreditsmart.app               D     policyLevel: 5
2026-01-29 16:44:03.314 18823-18863 HeartbeatManager        com.cdccreditsmart.app               D     batteryLevel: 24
2026-01-29 16:44:03.314 18823-18863 HeartbeatManager        com.cdccreditsmart.app               D     isCharging: true
2026-01-29 16:44:03.314 18823-18863 HeartbeatManager        com.cdccreditsmart.app               D     currentSimImei: 353104...
2026-01-29 16:44:03.316 18823-18876 MdmCommandReceiver      com.cdccreditsmart.app               D  ðŸ”— WebSocket request enviado - aguardando resposta...
2026-01-29 16:44:03.316 18823-18876 CdcForegroundService    com.cdccreditsmart.app               I  ðŸ“¡ ========================================
2026-01-29 16:44:03.316 18823-18876 CdcForegroundService    com.cdccreditsmart.app               I  ðŸ“¡ connectMdmWebSocket() CHAMADO - Aguardando conexÃ£o...
2026-01-29 16:44:03.316 18823-18876 CdcForegroundService    com.cdccreditsmart.app               I  ðŸ“¡ PrÃ³ximo log esperado: 'âœ… WebSocket MDM CONECTADO'
2026-01-29 16:44:03.316 18823-18876 CdcForegroundService    com.cdccreditsmart.app               I  ðŸ“¡ ========================================
2026-01-29 16:44:03.316 18823-18876 CdcForegroundService    com.cdccreditsmart.app               D  ðŸ“¡ Criando WebSocketManager (flow-status)...
2026-01-29 16:44:03.320 18823-18876 WebSocketManager        com.cdccreditsmart.app               D  Connecting to WebSocket: wss://cdccreditsmart.com/ws/flow-status
2026-01-29 16:44:03.326 18823-18876 CdcForegroundService    com.cdccreditsmart.app               I  ðŸ“¡ WebSocketManager inicializado
2026-01-29 16:44:03.326 18823-18876 CdcForegroundService    com.cdccreditsmart.app               I  ðŸ’¡ Overlay automÃ¡tico: PeriodicOverlayWorker (a cada 10min)
2026-01-29 16:44:03.332 18823-18876 HeartbeatWorker         com.cdccreditsmart.app               I  âœ… Heartbeat OTIMIZADO agendado via WorkManager
2026-01-29 16:44:03.332 18823-18876 HeartbeatWorker         com.cdccreditsmart.app               I     ðŸ“Š Intervalo: 60min (reduÃ§Ã£o de 75% vs 15min)
2026-01-29 16:44:03.332 18823-18876 HeartbeatWorker         com.cdccreditsmart.app               I     ðŸŽ¯ Economia: ~72 requisiÃ§Ãµes/dia por dispositivo
2026-01-29 16:44:03.334 18823-18876 BlockingNotifWorker     com.cdccreditsmart.app               I  ðŸ“… Agendando verificaÃ§Ã£o de notificaÃ§Ãµes de bloqueio...
2026-01-29 16:44:03.335 18823-18876 BlockingNotifWorker     com.cdccreditsmart.app               I  âœ… Worker agendado para executar a cada 6h
2026-01-29 16:44:03.336 18823-18876 CdcForegroundService    com.cdccreditsmart.app               I  ðŸ“± Worker de notificaÃ§Ãµes de bloqueio agendado
2026-01-29 16:44:03.336 18823-18876 CdcForegroundService    com.cdccreditsmart.app               I  ðŸ“¦ ========================================
2026-01-29 16:44:03.336 18823-18876 CdcForegroundService    com.cdccreditsmart.app               I  ðŸ“¦ APK PRELOAD PARA FACTORY RESET (Multi-Fabricante)
2026-01-29 16:44:03.336 18823-18876 CdcForegroundService    com.cdccreditsmart.app               I  ðŸ“¦ ========================================
2026-01-29 16:44:03.338 18823-18878 MdmCommandReceiver      com.cdccreditsmart.app               D  ðŸ” Executando requisiÃ§Ã£o HTTP (timeout: 15s)...
2026-01-29 16:44:03.344 18823-18876 ApkPreloadManager       com.cdccreditsmart.app               I  ðŸ“± Fabricante genÃ©rico - usando caminhos AOSP
2026-01-29 16:44:03.345 18823-18876 CdcForegroundService    com.cdccreditsmart.app               I  ðŸ“¦ APK em preload: false
2026-01-29 16:44:03.942 18823-18927 WebSocketManager        com.cdccreditsmart.app               D  WebSocket connection opened
2026-01-29 16:44:03.942 18823-18927 WebSocketManager        com.cdccreditsmart.app               D  WebSocket connected for contract: QJ3H4MKG
2026-01-29 16:44:03.942 18823-18927 WebSocketManager        com.cdccreditsmart.app               D  Starting heartbeat
2026-01-29 16:44:03.942 18823-18926 MdmCommandReceiver      com.cdccreditsmart.app               I  âœ… WebSocket MDM CONECTADO COM SUCESSO!
2026-01-29 16:44:03.943 18823-18926 MdmCommandReceiver      com.cdccreditsmart.app               D  âœ… Response code: 101
2026-01-29 16:44:03.943 18823-18926 MdmCommandReceiver      com.cdccreditsmart.app               I  ðŸ” Enviando autenticaÃ§Ã£o WebSocket imediatamente (v2.5)...
2026-01-29 16:44:03.944 18823-18925 MdmCommandReceiver      com.cdccreditsmart.app               D  â° Watchdog cancelado (conexÃ£o resolvida)
2026-01-29 16:44:03.946 18823-18926 SecureTokenStorage      com.cdccreditsmart.app               D  âœ… Usando IMEI para MDM: 3531***198
2026-01-29 16:44:03.951 18823-18926 MdmCommandReceiver      com.cdccreditsmart.app               I  ðŸ” ========================================
2026-01-29 16:44:03.951 18823-18926 MdmCommandReceiver      com.cdccreditsmart.app               I  ðŸ” ENVIANDO AUTENTICAÃ‡ÃƒO WEBSOCKET
2026-01-29 16:44:03.952 18823-18926 MdmCommandReceiver      com.cdccreditsmart.app               I  ðŸ” ========================================
2026-01-29 16:44:03.952 18823-18926 MdmCommandReceiver      com.cdccreditsmart.app               I  ðŸ” serialNumber (contractCode): QJ3H4MKG
2026-01-29 16:44:03.952 18823-18926 MdmCommandReceiver      com.cdccreditsmart.app               I  ðŸ” deviceToken: eyJhbGciOiJIUzI1NiIs...
2026-01-29 16:44:03.952 18823-18926 MdmCommandReceiver      com.cdccreditsmart.app               I  ðŸ” deviceFingerprint: N/A...
2026-01-29 16:44:03.952 18823-18926 MdmCommandReceiver      com.cdccreditsmart.app               I  ðŸ” imei: 3531***
2026-01-29 16:44:03.952 18823-18926 MdmCommandReceiver      com.cdccreditsmart.app               I  ðŸ” androidId: e147a607...
2026-01-29 16:44:03.952 18823-18926 MdmCommandReceiver      com.cdccreditsmart.app               I  ðŸ” apkVersion: 1.0.0-debug
2026-01-29 16:44:03.953 18823-18926 MdmCommandReceiver      com.cdccreditsmart.app               I  âœ… Mensagem de autenticaÃ§Ã£o enviada com sucesso (7 campos)
2026-01-29 16:44:03.954 18823-18926 MdmCommandReceiver      com.cdccreditsmart.app               D  â³ Polling jÃ¡ estÃ¡ ativo - ignorando chamada duplicada
2026-01-29 16:44:03.955 18823-18925 MdmCommandReceiver      com.cdccreditsmart.app               I  ðŸ’“ Iniciando ping manual JSON (intervalo: 40s)
2026-01-29 16:44:03.955 18823-18926 MdmCommandReceiver      com.cdccreditsmart.app               D  ðŸ“¥ Mensagem MDM recebida: {"type":"welcome","message":"Connected to unified WebSocket server","connectionId":"b1e0cb74-39a8-4577-ab0c-b6abbeb2277e","path":"/ws/mdm-policies","routerKey":"mdm-policies","timestamp":"2026-01-29T19:44:04.964Z","serverTime":"2026-01-29T19:44:04.964Z"}
2026-01-29 16:44:03.960 18823-18926 MdmCommandReceiver      com.cdccreditsmart.app               D  ðŸ“¥ Mensagem MDM recebida: {"type":"auth_error","message":"Serial number or device fingerprint required for MDM connections","timestamp":"2026-01-29T19:44:04.964Z"}
2026-01-29 16:44:03.960 18823-18925 MdmCommandReceiver      com.cdccreditsmart.app               D  ðŸ“¥ JSON recebido: {"type":"welcome","message":"Connected to unified WebSocket server","connectionId":"b1e0cb74-39a8-4577-ab0c-b6abbeb2277e","path":"/ws/mdm-policies","routerKey":"mdm-policies","timestamp":"2026-01-29T19:44:04.964Z","serverTime":"2026-01-29T19:44:04.964Z"}
2026-01-29 16:44:03.961 18823-18926 MdmCommandReceiver      com.cdccreditsmart.app               W  âš ï¸ WebSocket MDM fechando (code=4001)
2026-01-29 16:44:03.961 18823-18896 MdmCommandReceiver      com.cdccreditsmart.app               D  ðŸ“¥ JSON recebido: {"type":"auth_error","message":"Serial number or device fingerprint required for MDM connections","timestamp":"2026-01-29T19:44:04.964Z"}
2026-01-29 16:44:04.548 18823-18936 okhttp.OkHttpClient     com.cdccreditsmart.app               I  --> GET https://cdccreditsmart.com/api/apk/device/353104906953198/commands
2026-01-29 16:44:04.548 18823-18936 okhttp.OkHttpClient     com.cdccreditsmart.app               I  --> END GET
2026-01-29 16:44:04.566 18823-18896 MdmCommandReceiver      com.cdccreditsmart.app               D  ðŸ“¨ Tipo de mensagem: auth_error
2026-01-29 16:44:04.566 18823-18896 MdmCommandReceiver      com.cdccreditsmart.app               E  âŒ ========================================
2026-01-29 16:44:04.566 18823-18896 MdmCommandReceiver      com.cdccreditsmart.app               E  âŒ ERRO DE AUTENTICAÃ‡ÃƒO WEBSOCKET!
2026-01-29 16:44:04.566 18823-18896 MdmCommandReceiver      com.cdccreditsmart.app               E  âŒ ========================================
2026-01-29 16:44:04.566 18823-18896 MdmCommandReceiver      com.cdccreditsmart.app               E  âŒ Erro: Serial number or device fingerprint required for MDM connections
2026-01-29 16:44:04.566 18823-18896 MdmCommandReceiver      com.cdccreditsmart.app               E  âŒ CÃ³digo: 
2026-01-29 16:44:04.567 18823-18925 MdmCommandReceiver      com.cdccreditsmart.app               D  ðŸ“¨ Tipo de mensagem: welcome
2026-01-29 16:44:04.567 18823-18925 MdmCommandReceiver      com.cdccreditsmart.app               D  ðŸ‘‹ Mensagem de boas-vindas do servidor
2026-01-29 16:44:04.852 18823-18940 okhttp.OkHttpClient     com.cdccreditsmart.app               I  --> POST https://cdccreditsmart.com/api/apk/device/heartbeat
2026-01-29 16:44:04.852 18823-18940 okhttp.OkHttpClient     com.cdccreditsmart.app               I  Content-Type: application/json; charset=UTF-8
2026-01-29 16:44:04.852 18823-18940 okhttp.OkHttpClient     com.cdccreditsmart.app               I  Content-Length: 396
2026-01-29 16:44:04.852 18823-18940 okhttp.OkHttpClient     com.cdccreditsmart.app               I  Authorization: Bearer eyJhbGciOiJIUzI1NiIsInR5cCI6IkpXVCJ9.eyJkZXZpY2VJZCI6ImRldmljZV8xNzY5MTM3MjgwMjgyX2w3c3JqZXNnMjUiLCJhcGtUb2tlbiI6IlFKM0g0TUtHIiwidHlwZSI6ImFwayIsImV4cGlyZXNJbiI6IjI0aCIsImlhdCI6MTc2OTcxNTgyOCwiZXhwIjoxNzY5ODAyMjI4fQ.VSmuP5JmuY6LjENbInwajIA7W8fy2etwvqcGam89mw8
2026-01-29 16:44:04.853 18823-18940 okhttp.OkHttpClient     com.cdccreditsmart.app               I  {"deviceToken":"eyJhbGciOiJIUzI1NiIsInR5cCI6IkpXVCJ9.eyJkZXZpY2VJZCI6ImRldmljZV8xNzY5MTM3MjgwMjgyX2w3c3JqZXNnMjUiLCJhcGtUb2tlbiI6IlFKM0g0TUtHIiwidHlwZSI6ImFwayIsImV4cGlyZXNJbiI6IjI0aCIsImlhdCI6MTc2OTcxNTgyOCwiZXhwIjoxNzY5ODAyMjI4fQ.VSmuP5JmuY6LjENbInwajIA7W8fy2etwvqcGam89mw8","currentBlockLevel":5,"batteryLevel":24,"isCharging":true,"currentSimImei":"353104906953198","timestamp":1769715843312}
2026-01-29 16:44:04.853 18823-18940 okhttp.OkHttpClient     com.cdccreditsmart.app               I  --> END POST (396-byte body)
2026-01-29 16:44:05.303 18823-18936 okhttp.OkHttpClient     com.cdccreditsmart.app               I  <-- 404 https://cdccreditsmart.com/api/apk/device/353104906953198/commands (753ms)
2026-01-29 16:44:05.303 18823-18936 okhttp.OkHttpClient     com.cdccreditsmart.app               I  access-control-allow-credentials: true
2026-01-29 16:44:05.303 18823-18936 okhttp.OkHttpClient     com.cdccreditsmart.app               I  access-control-allow-headers: Origin, X-Requested-With, Content-Type, Accept, Authorization, x-client-key, x-client-token, x-client-secret, cache-control
2026-01-29 16:44:05.303 18823-18936 okhttp.OkHttpClient     com.cdccreditsmart.app               I  access-control-allow-methods: GET, POST, PUT, PATCH, DELETE, OPTIONS
2026-01-29 16:44:05.304 18823-18936 okhttp.OkHttpClient     com.cdccreditsmart.app               I  access-control-allow-origin: *
2026-01-29 16:44:05.304 18823-18936 okhttp.OkHttpClient     com.cdccreditsmart.app               I  access-control-max-age: 86400
2026-01-29 16:44:05.304 18823-18936 okhttp.OkHttpClient     com.cdccreditsmart.app               I  content-length: 108
2026-01-29 16:44:05.304 18823-18936 okhttp.OkHttpClient     com.cdccreditsmart.app               I  content-security-policy: default-src 'self'; script-src 'self' 'unsafe-inline' 'unsafe-eval' https://replit.com; style-src 'self' 'unsafe-inline' https://replit.com; img-src 'self' data: https:; font-src 'self' data: https://replit.com; connect-src 'self';
2026-01-29 16:44:05.304 18823-18936 okhttp.OkHttpClient     com.cdccreditsmart.app               I  content-type: application/json; charset=utf-8
2026-01-29 16:44:05.304 18823-18936 okhttp.OkHttpClient     com.cdccreditsmart.app               I  date: Thu, 29 Jan 2026 19:44:06 GMT
2026-01-29 16:44:05.304 18823-18936 okhttp.OkHttpClient     com.cdccreditsmart.app               I  etag: W/"6c-vuuciI00e6Pw0rqSTJRUmUCYNYs"
2026-01-29 16:44:05.304 18823-18936 okhttp.OkHttpClient     com.cdccreditsmart.app               I  permissions-policy: geolocation=(), microphone=(), camera=()
2026-01-29 16:44:05.304 18823-18936 okhttp.OkHttpClient     com.cdccreditsmart.app               I  referrer-policy: strict-origin-when-cross-origin
2026-01-29 16:44:05.305 18823-18936 okhttp.OkHttpClient     com.cdccreditsmart.app               I  strict-transport-security: max-age=63072000; includeSubDomains
2026-01-29 16:44:05.305 18823-18936 okhttp.OkHttpClient     com.cdccreditsmart.app               I  strict-transport-security: max-age=31536000; includeSubDomains
2026-01-29 16:44:05.305 18823-18936 okhttp.OkHttpClient     com.cdccreditsmart.app               I  x-anti-fraud-protection: active
2026-01-29 16:44:05.305 18823-18936 okhttp.OkHttpClient     com.cdccreditsmart.app               I  x-certificate-pinning-enabled: false
2026-01-29 16:44:05.305 18823-18936 okhttp.OkHttpClient     com.cdccreditsmart.app               I  x-certificate-pinning-status: disabled-for-stability
2026-01-29 16:44:05.305 18823-18936 okhttp.OkHttpClient     com.cdccreditsmart.app               I  x-content-type-options: nosniff
2026-01-29 16:44:05.305 18823-18936 okhttp.OkHttpClient     com.cdccreditsmart.app               I  x-financial-data-protection: enabled
2026-01-29 16:44:05.305 18823-18936 okhttp.OkHttpClient     com.cdccreditsmart.app               I  x-frame-options: DENY
2026-01-29 16:44:05.305 18823-18936 okhttp.OkHttpClient     com.cdccreditsmart.app               I  x-transaction-security-level: maximum
2026-01-29 16:44:05.305 18823-18936 okhttp.OkHttpClient     com.cdccreditsmart.app               I  x-xss-protection: 1; mode=block
2026-01-29 16:44:05.305 18823-18936 okhttp.OkHttpClient     com.cdccreditsmart.app               I  via: 1.1 google
2026-01-29 16:44:05.305 18823-18936 okhttp.OkHttpClient     com.cdccreditsmart.app               I  alt-svc: h3=":443"; ma=2592000,h3-29=":443"; ma=2592000
2026-01-29 16:44:05.306 18823-18936 okhttp.OkHttpClient     com.cdccreditsmart.app               I  {"error":"Dispositivo nÃ£o encontrado","hint":"Use IMEI, Serial Number ou Device ID do aparelho cadastrado"}
2026-01-29 16:44:05.306 18823-18936 okhttp.OkHttpClient     com.cdccreditsmart.app               I  <-- END HTTP (108-byte body)
2026-01-29 16:44:05.309 18823-18863 MdmCommandReceiver      com.cdccreditsmart.app               I  ðŸ” HTTP Response code: 404
2026-01-29 16:44:05.309 18823-18863 MdmCommandReceiver      com.cdccreditsmart.app               I  ðŸ” HTTP isSuccessful: false
2026-01-29 16:44:05.309 18823-18863 MdmCommandReceiver      com.cdccreditsmart.app               E  âŒ ========================================
2026-01-29 16:44:05.309 18823-18863 MdmCommandReceiver      com.cdccreditsmart.app               E  âŒ ERRO AO BUSCAR COMANDOS PENDENTES
2026-01-29 16:44:05.309 18823-18863 MdmCommandReceiver      com.cdccreditsmart.app               E  âŒ ========================================
2026-01-29 16:44:05.309 18823-18863 MdmCommandReceiver      com.cdccreditsmart.app               E  âŒ HTTP Status: 404
2026-01-29 16:44:05.309 18823-18863 MdmCommandReceiver      com.cdccreditsmart.app               E  âŒ HTTP Message: 
2026-01-29 16:44:05.309 18823-18863 MdmCommandReceiver      com.cdccreditsmart.app               E  âŒ Error body: {"error":"Dispositivo nÃ£o encontrado","hint":"Use IMEI, Serial Number ou Device ID do aparelho cadastrado"}
2026-01-29 16:44:05.309 18823-18863 MdmCommandReceiver      com.cdccreditsmart.app               E  âŒ ========================================
2026-01-29 16:44:05.309 18823-18863 MdmCommandReceiver      com.cdccreditsmart.app               E  âŒ Device nÃ£o encontrado no backend!
2026-01-29 16:44:05.310 18823-18863 MdmCommandReceiver      com.cdccreditsmart.app               E  âŒ Identifier usado: 353104906953198
2026-01-29 16:44:05.310 18823-18863 MdmCommandReceiver      com.cdccreditsmart.app               I  ðŸ” [Polling #1] Verificando comandos pendentes...
2026-01-29 16:44:05.312 18823-18863 SecureTokenStorage      com.cdccreditsmart.app               D  âœ… Usando IMEI para MDM: 3531***198
2026-01-29 16:44:05.312 18823-18863 MdmCommandReceiver      com.cdccreditsmart.app               I  ðŸ” ========================================
2026-01-29 16:44:05.312 18823-18863 MdmCommandReceiver      com.cdccreditsmart.app               I  ðŸ” BUSCANDO COMANDOS PENDENTES
2026-01-29 16:44:05.312 18823-18863 MdmCommandReceiver      com.cdccreditsmart.app               I  ðŸ” ========================================
2026-01-29 16:44:05.312 18823-18863 MdmCommandReceiver      com.cdccreditsmart.app               I  ðŸ” Identifier: 353104906953198
2026-01-29 16:44:05.312 18823-18863 MdmCommandReceiver      com.cdccreditsmart.app               I  ðŸ” Endpoint: GET /api/apk/device/353104906953198/commands
2026-01-29 16:44:05.313 18823-18863 MdmCommandReceiver      com.cdccreditsmart.app               D  ðŸ” Executando requisiÃ§Ã£o HTTP (timeout: 15s)...
2026-01-29 16:44:05.318 18823-18936 okhttp.OkHttpClient     com.cdccreditsmart.app               I  --> GET https://cdccreditsmart.com/api/apk/device/353104906953198/commands
2026-01-29 16:44:05.318 18823-18936 okhttp.OkHttpClient     com.cdccreditsmart.app               I  --> END GET
2026-01-29 16:44:05.358 18823-18823 PermissionGateScreen    com.cdccreditsmart.app               I  ðŸ” DEVICE OWNER DETECTADO - tentando concessÃ£o automÃ¡tica IMEDIATA
2026-01-29 16:44:05.360 18823-18823 AutoPermissionManager   com.cdccreditsmart.app               I  ðŸš€ ========================================
2026-01-29 16:44:05.360 18823-18823 AutoPermissionManager   com.cdccreditsmart.app               I  ðŸš€ CONCESSÃƒO RÃPIDA DE PERMISSÃ•ES (Device Owner)
2026-01-29 16:44:05.360 18823-18823 AutoPermissionManager   com.cdccreditsmart.app               I  ðŸš€ ========================================
2026-01-29 16:44:05.361 18823-18823 AutoPermissionManager   com.cdccreditsmart.app               D    â© JÃ¡ concedida: android.permission.READ_PHONE_STATE
2026-01-29 16:44:05.371 18823-18862 libc                    com.cdccreditsmart.app               W  Access denied finding property "ro.boot.bootreason"
2026-01-29 16:44:05.374 18823-18862 TamperDetection         com.cdccreditsmart.app               I  
2026-01-29 16:44:05.374 18823-18862 TamperDetection         com.cdccreditsmart.app               I  â•”â•â•â•â•â•â•â•â•â•â•â•â•â•â•â•â•â•â•â•â•â•â•â•â•â•â•â•â•â•â•â•â•â•â•â•â•â•â•â•â•â•â•â•â•â•â•â•â•â•â•â•â•â•â•â•â•â•—
2026-01-29 16:44:05.374 18823-18862 TamperDetection         com.cdccreditsmart.app               I  â•‘    ðŸ“¡ REPORTAR BOOT AO BACKEND (CAMPOS COMPLETOS)     â•‘
2026-01-29 16:44:05.374 18823-18862 TamperDetection         com.cdccreditsmart.app               I  â• â•â•â•â•â•â•â•â•â•â•â•â•â•â•â•â•â•â•â•â•â•â•â•â•â•â•â•â•â•â•â•â•â•â•â•â•â•â•â•â•â•â•â•â•â•â•â•â•â•â•â•â•â•â•â•â•â•£
2026-01-29 16:44:05.374 18823-18862 TamperDetection         com.cdccreditsmart.app               I  â•‘  Device Fingerprint: CDC_10827484****
2026-01-29 16:44:05.374 18823-18862 TamperDetection         com.cdccreditsmart.app               I  â•‘  Boot Timestamp: 1769715842716
2026-01-29 16:44:05.375 18823-18862 TamperDetection         com.cdccreditsmart.app               I  â•‘  Boot Reason: power_on
2026-01-29 16:44:05.375 18823-18862 TamperDetection         com.cdccreditsmart.app               I  â•‘  Is First Boot After Install: true
2026-01-29 16:44:05.375 18823-18862 TamperDetection         com.cdccreditsmart.app               I  â•‘  Was Factory Reset: false
2026-01-29 16:44:05.375 18823-18862 TamperDetection         com.cdccreditsmart.app               I  â•‘  Android Version: 15
2026-01-29 16:44:05.375 18823-18862 TamperDetection         com.cdccreditsmart.app               I  â•‘  APK Version: 1.0.0-debug
2026-01-29 16:44:05.375 18823-18862 TamperDetection         com.cdccreditsmart.app               I  â•‘  Security Patch Level: 2025-07-01
2026-01-29 16:44:05.375 18823-18862 TamperDetection         com.cdccreditsmart.app               I  â•‘  Encryption Status: unknown
2026-01-29 16:44:05.375 18823-18862 TamperDetection         com.cdccreditsmart.app               I  â•‘  Device Owner Active: true
2026-01-29 16:44:05.375 18823-18862 TamperDetection         com.cdccreditsmart.app               I  â•‘  Has Auth Token: true
2026-01-29 16:44:05.375 18823-18862 TamperDetection         com.cdccreditsmart.app               I  â•‘  Has Device Token: false
2026-01-29 16:44:05.375 18823-18862 TamperDetection         com.cdccreditsmart.app               I  â•‘  IMEI: 3531***
2026-01-29 16:44:05.375 18823-18862 TamperDetection         com.cdccreditsmart.app               I  â•‘  Android ID: e147a607...
2026-01-29 16:44:05.375 18823-18862 TamperDetection         com.cdccreditsmart.app               I  â•šâ•â•â•â•â•â•â•â•â•â•â•â•â•â•â•â•â•â•â•â•â•â•â•â•â•â•â•â•â•â•â•â•â•â•â•â•â•â•â•â•â•â•â•â•â•â•â•â•â•â•â•â•â•â•â•â•â•
2026-01-29 16:44:05.375 18823-18862 TamperDetection         com.cdccreditsmart.app               I  
2026-01-29 16:44:05.378 18823-18862 CDCApplication          com.cdccreditsmart.app               I  ðŸ”’ Verificando status do SIM no boot da aplicaÃ§Ã£o...
2026-01-29 16:44:05.382 18823-18876 CdcForegroundService    com.cdccreditsmart.app               I  ðŸ“¦ Construindo manifesto:
2026-01-29 16:44:05.382 18823-18876 CdcForegroundService    com.cdccreditsmart.app               I     ContractCode: QJ3H4MKG...
2026-01-29 16:44:05.382 18823-18876 CdcForegroundService    com.cdccreditsmart.app               I     DeviceId: device_176...
2026-01-29 16:44:05.382 18823-18876 CdcForegroundService    com.cdccreditsmart.app               I     IMEI: 353104...
2026-01-29 16:44:05.383 18823-18876 CdcForegroundService    com.cdccreditsmart.app               I  ðŸ“¦ Salvando manifesto de enrollment para auto-reativaÃ§Ã£o
2026-01-29 16:44:05.383 18823-18876 ApkPreloadManager       com.cdccreditsmart.app               I  ========================================
2026-01-29 16:44:05.383 18823-18876 ApkPreloadManager       com.cdccreditsmart.app               I  ðŸ“¦ INSTALANDO APK NO PRELOAD (Multi-Fabricante)
2026-01-29 16:44:05.384 18823-18863 TamperDetection         com.cdccreditsmart.app               I  ðŸ“¡ Enviando POST /api/security/device-boot...
2026-01-29 16:44:05.385 18823-18876 ApkPreloadManager       com.cdccreditsmart.app               I  ========================================
2026-01-29 16:44:05.389 18823-18876 ApkPreloadManager       com.cdccreditsmart.app               I  ðŸ“ APK fonte: /data/app/~~Wo1ZCPp8i4tUSwdLhhH2kg==/com.cdccreditsmart.app-5pt6SDEyDxRy06YFbJiC2A==/base.apk
2026-01-29 16:44:05.389 18823-18876 ApkPreloadManager       com.cdccreditsmart.app               I  ðŸ“± Android 35 (15)
2026-01-29 16:44:05.389 18823-18876 ApkPreloadManager       com.cdccreditsmart.app               I  ðŸ“± Fabricante: motorola
2026-01-29 16:44:05.389 18823-18876 ApkPreloadManager       com.cdccreditsmart.app               I  ðŸ“± Marca: motorola
2026-01-29 16:44:05.389 18823-18876 ApkPreloadManager       com.cdccreditsmart.app               I  ðŸ“± Produto: lamu_g
2026-01-29 16:44:05.389 18823-18876 ApkPreloadManager       com.cdccreditsmart.app               I  ðŸ“± Modelo: moto g15
2026-01-29 16:44:05.390 18823-18876 ApkPreloadManager       com.cdccreditsmart.app               I  ðŸ“± Fabricante genÃ©rico - usando caminhos AOSP
2026-01-29 16:44:05.391 18823-18876 ApkPreloadManager       com.cdccreditsmart.app               I  ðŸ” Caminhos de preload a tentar: 4
2026-01-29 16:44:05.391 18823-18876 ApkPreloadManager       com.cdccreditsmart.app               D     1. /data/system/device_owner_data/preloads
2026-01-29 16:44:05.391 18823-18876 ApkPreloadManager       com.cdccreditsmart.app               D     2. /data/system/device_owner_data
2026-01-29 16:44:05.391 18823-18876 ApkPreloadManager       com.cdccreditsmart.app               D     3. /data/preloads/apps
2026-01-29 16:44:05.391 18823-18876 ApkPreloadManager       com.cdccreditsmart.app               D     4. /data/preload/apps
2026-01-29 16:44:05.391 18823-18876 ApkPreloadManager       com.cdccreditsmart.app               I  
2026-01-29 16:44:05.391 18823-18876 ApkPreloadManager       com.cdccreditsmart.app               I  ðŸ“‚ Tentando: /data/system/device_owner_data/preloads
2026-01-29 16:44:05.392 18823-18876 ApkPreloadManager       com.cdccreditsmart.app               I     ðŸ“ DiretÃ³rio nÃ£o existe - tentando criar...
2026-01-29 16:44:05.393 18823-18876 CompatChangeReporter    com.cdccreditsmart.app               D  Compat change id reported: 312399441; UID 10261; state: ENABLED
2026-01-29 16:44:05.394 18823-18862 SimSwapManager          com.cdccreditsmart.app               I  ========================================
2026-01-29 16:44:05.394 18823-18862 SimSwapManager          com.cdccreditsmart.app               I  ðŸ”’ SIM SWAP: Iniciando verificaÃ§Ã£o de status do SIM
2026-01-29 16:44:05.394 18823-18862 SimSwapManager          com.cdccreditsmart.app               I  ========================================
2026-01-29 16:44:05.394 18823-18876 ApkPreloadManager       com.cdccreditsmart.app               W     âš ï¸ NÃ£o foi possÃ­vel criar diretÃ³rio
2026-01-29 16:44:05.394 18823-18876 ApkPreloadManager       com.cdccreditsmart.app               I  
2026-01-29 16:44:05.394 18823-18876 ApkPreloadManager       com.cdccreditsmart.app               I  ðŸ“‚ Tentando: /data/system/device_owner_data
2026-01-29 16:44:05.395 18823-18876 ApkPreloadManager       com.cdccreditsmart.app               I     ðŸ“ DiretÃ³rio nÃ£o existe - tentando criar...
2026-01-29 16:44:05.395 18823-18876 ApkPreloadManager       com.cdccreditsmart.app               W     âš ï¸ NÃ£o foi possÃ­vel criar diretÃ³rio
2026-01-29 16:44:05.395 18823-18876 ApkPreloadManager       com.cdccreditsmart.app               I  
2026-01-29 16:44:05.395 18823-18876 ApkPreloadManager       com.cdccreditsmart.app               I  ðŸ“‚ Tentando: /data/preloads/apps
2026-01-29 16:44:05.395 18823-18876 ApkPreloadManager       com.cdccreditsmart.app               I     ðŸ“ DiretÃ³rio nÃ£o existe - tentando criar...
2026-01-29 16:44:05.396 18823-18876 ApkPreloadManager       com.cdccreditsmart.app               W     âš ï¸ NÃ£o foi possÃ­vel criar diretÃ³rio
2026-01-29 16:44:05.396 18823-18876 ApkPreloadManager       com.cdccreditsmart.app               I  
2026-01-29 16:44:05.396 18823-18876 ApkPreloadManager       com.cdccreditsmart.app               I  ðŸ“‚ Tentando: /data/preload/apps
2026-01-29 16:44:05.396 18823-18876 ApkPreloadManager       com.cdccreditsmart.app               I     ðŸ“ DiretÃ³rio nÃ£o existe - tentando criar...
2026-01-29 16:44:05.397 18823-18876 ApkPreloadManager       com.cdccreditsmart.app               W     âš ï¸ NÃ£o foi possÃ­vel criar diretÃ³rio
2026-01-29 16:44:05.397 18823-18876 ApkPreloadManager       com.cdccreditsmart.app               E  
2026-01-29 16:44:05.397 18823-18876 ApkPreloadManager       com.cdccreditsmart.app               E  âŒ FALHA: Nenhum caminho de preload acessÃ­vel
2026-01-29 16:44:05.397 18823-18876 ApkPreloadManager       com.cdccreditsmart.app               E     Fabricante: motorola
2026-01-29 16:44:05.397 18823-18876 ApkPreloadManager       com.cdccreditsmart.app               E     O sistema de recuperaÃ§Ã£o via stub ainda funcionarÃ¡
2026-01-29 16:44:05.397 18823-18876 ApkPreloadManager       com.cdccreditsmart.app               I  ========================================
2026-01-29 16:44:05.397 18823-18876 CdcForegroundService    com.cdccreditsmart.app               W  ðŸ“¦ âš ï¸ Nenhum caminho de preload acessÃ­vel neste dispositivo
2026-01-29 16:44:05.397 18823-18876 CdcForegroundService    com.cdccreditsmart.app               W  ðŸ“¦    O sistema de recuperaÃ§Ã£o via stub ainda funcionarÃ¡
2026-01-29 16:44:05.397 18823-18876 CdcForegroundService    com.cdccreditsmart.app               I  ðŸ“¦ ========================================
2026-01-29 16:44:05.397 18823-18876 CdcForegroundService    com.cdccreditsmart.app               I  ðŸ”„ ========================================
2026-01-29 16:44:05.397 18823-18876 CdcForegroundService    com.cdccreditsmart.app               I  ðŸ”„ SINCRONIZAÃ‡ÃƒO IMEDIATA DE BLOQUEIO
2026-01-29 16:44:05.397 18823-18876 CdcForegroundService    com.cdccreditsmart.app               I  ðŸ”„ ========================================
2026-01-29 16:44:05.398 18823-18876 CdcForegroundService    com.cdccreditsmart.app               I  ðŸ”„ NÃ­vel de bloqueio LOCAL atual: 5
2026-01-29 16:44:05.446 18823-18925 SimSwapDetector         com.cdccreditsmart.app               W  ðŸ”’ SIM SWAP: Nenhum SIM ativo detectado
2026-01-29 16:44:05.451 18823-18925 SimSwapDetector         com.cdccreditsmart.app               W  ðŸ”’ SIM SWAP: Nenhum SIM ativo para obter operadora
2026-01-29 16:44:05.452 18823-18925 SimSwapDetector         com.cdccreditsmart.app               I  ðŸ”’ SIM SWAP: InformaÃ§Ãµes do SIM coletadas:
2026-01-29 16:44:05.452 18823-18925 SimSwapDetector         com.cdccreditsmart.app               I     Serial: nÃ£o disponÃ­vel...
2026-01-29 16:44:05.453 18823-18925 SimSwapDetector         com.cdccreditsmart.app               I     Operadora: desconhecida
2026-01-29 16:44:05.453 18823-18925 SimSwapDetector         com.cdccreditsmart.app               I     SIM ativo: false
2026-01-29 16:44:05.453 18823-18925 SimSwapManager          com.cdccreditsmart.app               W  ðŸ”’ SIM SWAP: Nenhum SIM ativo detectado - sem aÃ§Ã£o necessÃ¡ria
2026-01-29 16:44:05.453 18823-18925 SimSwapManager          com.cdccreditsmart.app               I  ========================================
2026-01-29 16:44:05.453 18823-18896 CDCApplication          com.cdccreditsmart.app               I  âœ… VerificaÃ§Ã£o de SIM swap concluÃ­da com sucesso
2026-01-29 16:44:05.492 18823-18874 WorkProfileManager      com.cdccreditsmart.app               I  âœ… [3/5] UsuÃ¡rio secundÃ¡rio criado com sucesso!
2026-01-29 16:44:05.492 18823-18874 WorkProfileManager      com.cdccreditsmart.app               I     UserHandle: UserHandle{10}
2026-01-29 16:44:05.492 18823-18874 WorkProfileManager      com.cdccreditsmart.app               I     Tipo: UsuÃ¡rio secundÃ¡rio gerenciado (nÃ£o work profile tradicional)
2026-01-29 16:44:05.492 18823-18874 WorkProfileManager      com.cdccreditsmart.app               I     User ID: 10 (extraÃ­do via UserHandle.getIdentifier())
2026-01-29 16:44:05.493 18823-18874 WorkProfileManager      com.cdccreditsmart.app               I  ðŸ’¾ [4/5] InformaÃ§Ãµes salvas (userId: 10)
2026-01-29 16:44:05.597 18823-18940 okhttp.OkHttpClient     com.cdccreditsmart.app               I  <-- 200 https://cdccreditsmart.com/api/apk/device/heartbeat (742ms)
2026-01-29 16:44:05.597 18823-18940 okhttp.OkHttpClient     com.cdccreditsmart.app               I  access-control-allow-credentials: true
2026-01-29 16:44:05.597 18823-18940 okhttp.OkHttpClient     com.cdccreditsmart.app               I  access-control-allow-headers: Origin, X-Requested-With, Content-Type, Accept, Authorization, x-client-key, x-client-token, x-client-secret, cache-control
2026-01-29 16:44:05.597 18823-18940 okhttp.OkHttpClient     com.cdccreditsmart.app               I  access-control-allow-methods: GET, POST, PUT, PATCH, DELETE, OPTIONS
2026-01-29 16:44:05.598 18823-18940 okhttp.OkHttpClient     com.cdccreditsmart.app               I  access-control-allow-origin: *
2026-01-29 16:44:05.598 18823-18940 okhttp.OkHttpClient     com.cdccreditsmart.app               I  access-control-max-age: 86400
2026-01-29 16:44:05.598 18823-18940 okhttp.OkHttpClient     com.cdccreditsmart.app               I  content-length: 327
2026-01-29 16:44:05.598 18823-18940 okhttp.OkHttpClient     com.cdccreditsmart.app               I  content-security-policy: default-src 'self'; script-src 'self' 'unsafe-inline' 'unsafe-eval' https://replit.com; style-src 'self' 'unsafe-inline' https://replit.com; img-src 'self' data: https:; font-src 'self' data: https://replit.com; connect-src 'self';
2026-01-29 16:44:05.598 18823-18940 okhttp.OkHttpClient     com.cdccreditsmart.app               I  content-type: application/json; charset=utf-8
2026-01-29 16:44:05.598 18823-18940 okhttp.OkHttpClient     com.cdccreditsmart.app               I  date: Thu, 29 Jan 2026 19:44:06 GMT
2026-01-29 16:44:05.598 18823-18940 okhttp.OkHttpClient     com.cdccreditsmart.app               I  etag: W/"147-am9QxOo4m0dxJwKELqwnm3oES0s"
2026-01-29 16:44:05.598 18823-18940 okhttp.OkHttpClient     com.cdccreditsmart.app               I  permissions-policy: geolocation=(), microphone=(), camera=()
2026-01-29 16:44:05.598 18823-18940 okhttp.OkHttpClient     com.cdccreditsmart.app               I  referrer-policy: strict-origin-when-cross-origin
2026-01-29 16:44:05.598 18823-18940 okhttp.OkHttpClient     com.cdccreditsmart.app               I  strict-transport-security: max-age=63072000; includeSubDomains
2026-01-29 16:44:05.598 18823-18940 okhttp.OkHttpClient     com.cdccreditsmart.app               I  strict-transport-security: max-age=31536000; includeSubDomains
2026-01-29 16:44:05.598 18823-18940 okhttp.OkHttpClient     com.cdccreditsmart.app               I  x-anti-fraud-protection: active
2026-01-29 16:44:05.598 18823-18940 okhttp.OkHttpClient     com.cdccreditsmart.app               I  x-certificate-pinning-enabled: false
2026-01-29 16:44:05.598 18823-18940 okhttp.OkHttpClient     com.cdccreditsmart.app               I  x-certificate-pinning-status: disabled-for-stability
2026-01-29 16:44:05.598 18823-18940 okhttp.OkHttpClient     com.cdccreditsmart.app               I  x-content-type-options: nosniff
2026-01-29 16:44:05.598 18823-18940 okhttp.OkHttpClient     com.cdccreditsmart.app               I  x-financial-data-protection: enabled
2026-01-29 16:44:05.598 18823-18940 okhttp.OkHttpClient     com.cdccreditsmart.app               I  x-frame-options: DENY
2026-01-29 16:44:05.598 18823-18940 okhttp.OkHttpClient     com.cdccreditsmart.app               I  x-transaction-security-level: maximum
2026-01-29 16:44:05.598 18823-18940 okhttp.OkHttpClient     com.cdccreditsmart.app               I  x-xss-protection: 1; mode=block
2026-01-29 16:44:05.599 18823-18940 okhttp.OkHttpClient     com.cdccreditsmart.app               I  via: 1.1 google
2026-01-29 16:44:05.599 18823-18940 okhttp.OkHttpClient     com.cdccreditsmart.app               I  alt-svc: h3=":443"; ma=2592000,h3-29=":443"; ma=2592000
2026-01-29 16:44:05.600 18823-18940 okhttp.OkHttpClient     com.cdccreditsmart.app               I  {"success":true,"requiresBackendRevalidation":true,"phoneNumbersProcessed":false,"complianceStatus":"OK","expectedBlockLevel":5,"message":"Device compliant","complianceConfig":{"maxComplianceCorrections":3,"correctionWindowMinutes":30,"autoBlockOnLimitReached":true,"enableDetailedTelemetry":true,"telemetryIntervalMinutes":5}}
2026-01-29 16:44:05.601 18823-18940 okhttp.OkHttpClient     com.cdccreditsmart.app               I  <-- END HTTP (327-byte body)
2026-01-29 16:44:05.613 18823-18925 HeartbeatManager        com.cdccreditsmart.app               I  âœ… Heartbeat aceito pelo backend (HTTP 200)
2026-01-29 16:44:05.613 18823-18925 HeartbeatManager        com.cdccreditsmart.app               D  ðŸ“Š Resposta do heartbeat:
2026-01-29 16:44:05.613 18823-18925 HeartbeatManager        com.cdccreditsmart.app               D     success: true
2026-01-29 16:44:05.613 18823-18925 HeartbeatManager        com.cdccreditsmart.app               D     complianceStatus: OK
2026-01-29 16:44:05.613 18823-18925 HeartbeatManager        com.cdccreditsmart.app               D     expectedBlockLevel: 5
2026-01-29 16:44:05.613 18823-18925 HeartbeatManager        com.cdccreditsmart.app               D     requiresBackendRevalidation: true
2026-01-29 16:44:05.613 18823-18925 HeartbeatManager        com.cdccreditsmart.app               W  âš ï¸ Backend exige revalidaÃ§Ã£o de IMEI!
2026-01-29 16:44:05.613 18823-18925 HeartbeatManager        com.cdccreditsmart.app               I  âœ… Dispositivo CONFORME - NÃ­vel 5
2026-01-29 16:44:05.654 18823-18936 okhttp.OkHttpClient     com.cdccreditsmart.app               I  <-- 404 https://cdccreditsmart.com/api/apk/device/353104906953198/commands (336ms)
2026-01-29 16:44:05.654 18823-18936 okhttp.OkHttpClient     com.cdccreditsmart.app               I  access-control-allow-credentials: true
2026-01-29 16:44:05.654 18823-18936 okhttp.OkHttpClient     com.cdccreditsmart.app               I  access-control-allow-headers: Origin, X-Requested-With, Content-Type, Accept, Authorization, x-client-key, x-client-token, x-client-secret, cache-control
2026-01-29 16:44:05.654 18823-18936 okhttp.OkHttpClient     com.cdccreditsmart.app               I  access-control-allow-methods: GET, POST, PUT, PATCH, DELETE, OPTIONS
2026-01-29 16:44:05.655 18823-18936 okhttp.OkHttpClient     com.cdccreditsmart.app               I  access-control-allow-origin: *
2026-01-29 16:44:05.655 18823-18936 okhttp.OkHttpClient     com.cdccreditsmart.app               I  access-control-max-age: 86400
2026-01-29 16:44:05.655 18823-18936 okhttp.OkHttpClient     com.cdccreditsmart.app               I  content-length: 108
2026-01-29 16:44:05.655 18823-18936 okhttp.OkHttpClient     com.cdccreditsmart.app               I  content-security-policy: default-src 'self'; script-src 'self' 'unsafe-inline' 'unsafe-eval' https://replit.com; style-src 'self' 'unsafe-inline' https://replit.com; img-src 'self' data: https:; font-src 'self' data: https://replit.com; connect-src 'self';
2026-01-29 16:44:05.655 18823-18936 okhttp.OkHttpClient     com.cdccreditsmart.app               I  content-type: application/json; charset=utf-8
2026-01-29 16:44:05.655 18823-18936 okhttp.OkHttpClient     com.cdccreditsmart.app               I  date: Thu, 29 Jan 2026 19:44:06 GMT
2026-01-29 16:44:05.655 18823-18936 okhttp.OkHttpClient     com.cdccreditsmart.app               I  etag: W/"6c-vuuciI00e6Pw0rqSTJRUmUCYNYs"
2026-01-29 16:44:05.655 18823-18936 okhttp.OkHttpClient     com.cdccreditsmart.app               I  permissions-policy: geolocation=(), microphone=(), camera=()
2026-01-29 16:44:05.655 18823-18936 okhttp.OkHttpClient     com.cdccreditsmart.app               I  referrer-policy: strict-origin-when-cross-origin
2026-01-29 16:44:05.655 18823-18936 okhttp.OkHttpClient     com.cdccreditsmart.app               I  strict-transport-security: max-age=63072000; includeSubDomains
2026-01-29 16:44:05.655 18823-18936 okhttp.OkHttpClient     com.cdccreditsmart.app               I  strict-transport-security: max-age=31536000; includeSubDomains
2026-01-29 16:44:05.655 18823-18936 okhttp.OkHttpClient     com.cdccreditsmart.app               I  x-anti-fraud-protection: active
2026-01-29 16:44:05.655 18823-18936 okhttp.OkHttpClient     com.cdccreditsmart.app               I  x-certificate-pinning-enabled: false
2026-01-29 16:44:05.655 18823-18936 okhttp.OkHttpClient     com.cdccreditsmart.app               I  x-certificate-pinning-status: disabled-for-stability
2026-01-29 16:44:05.655 18823-18936 okhttp.OkHttpClient     com.cdccreditsmart.app               I  x-content-type-options: nosniff
2026-01-29 16:44:05.655 18823-18936 okhttp.OkHttpClient     com.cdccreditsmart.app               I  x-financial-data-protection: enabled
2026-01-29 16:44:05.655 18823-18936 okhttp.OkHttpClient     com.cdccreditsmart.app               I  x-frame-options: DENY
2026-01-29 16:44:05.656 18823-18936 okhttp.OkHttpClient     com.cdccreditsmart.app               I  x-transaction-security-level: maximum
2026-01-29 16:44:05.656 18823-18936 okhttp.OkHttpClient     com.cdccreditsmart.app               I  x-xss-protection: 1; mode=block
2026-01-29 16:44:05.656 18823-18936 okhttp.OkHttpClient     com.cdccreditsmart.app               I  via: 1.1 google
2026-01-29 16:44:05.656 18823-18936 okhttp.OkHttpClient     com.cdccreditsmart.app               I  alt-svc: h3=":443"; ma=2592000,h3-29=":443"; ma=2592000
2026-01-29 16:44:05.663 18823-18936 okhttp.OkHttpClient     com.cdccreditsmart.app               I  {"error":"Dispositivo nÃ£o encontrado","hint":"Use IMEI, Serial Number ou Device ID do aparelho cadastrado"}
2026-01-29 16:44:05.663 18823-18936 okhttp.OkHttpClient     com.cdccreditsmart.app               I  <-- END HTTP (108-byte body)
2026-01-29 16:44:05.667 18823-18896 MdmCommandReceiver      com.cdccreditsmart.app               I  ðŸ” HTTP Response code: 404
2026-01-29 16:44:05.667 18823-18896 MdmCommandReceiver      com.cdccreditsmart.app               I  ðŸ” HTTP isSuccessful: false
2026-01-29 16:44:05.667 18823-18896 MdmCommandReceiver      com.cdccreditsmart.app               E  âŒ ========================================
2026-01-29 16:44:05.667 18823-18896 MdmCommandReceiver      com.cdccreditsmart.app               E  âŒ ERRO AO BUSCAR COMANDOS PENDENTES
2026-01-29 16:44:05.667 18823-18896 MdmCommandReceiver      com.cdccreditsmart.app               E  âŒ ========================================
2026-01-29 16:44:05.667 18823-18896 MdmCommandReceiver      com.cdccreditsmart.app               E  âŒ HTTP Status: 404
2026-01-29 16:44:05.667 18823-18896 MdmCommandReceiver      com.cdccreditsmart.app               E  âŒ HTTP Message: 
2026-01-29 16:44:05.668 18823-18896 MdmCommandReceiver      com.cdccreditsmart.app               E  âŒ Error body: {"error":"Dispositivo nÃ£o encontrado","hint":"Use IMEI, Serial Number ou Device ID do aparelho cadastrado"}
2026-01-29 16:44:05.668 18823-18896 MdmCommandReceiver      com.cdccreditsmart.app               E  âŒ ========================================
2026-01-29 16:44:05.668 18823-18896 MdmCommandReceiver      com.cdccreditsmart.app               E  âŒ Device nÃ£o encontrado no backend!
2026-01-29 16:44:05.669 18823-18896 MdmCommandReceiver      com.cdccreditsmart.app               E  âŒ Identifier usado: 353104906953198
2026-01-29 16:44:05.866 18823-18936 okhttp.OkHttpClient     com.cdccreditsmart.app               I  --> POST https://cdccreditsmart.com/api/security/device-boot
2026-01-29 16:44:05.866 18823-18936 okhttp.OkHttpClient     com.cdccreditsmart.app               I  Content-Type: application/json; charset=UTF-8
2026-01-29 16:44:05.866 18823-18936 okhttp.OkHttpClient     com.cdccreditsmart.app               I  Content-Length: 476
2026-01-29 16:44:05.867 18823-18936 okhttp.OkHttpClient     com.cdccreditsmart.app               I  {"deviceFingerprint":"CDC_1082748458_211b9cf7","bootTimestamp":1769715842716,"bootReason":"power_on","isFirstBootAfterInstall":true,"wasFactoryReset":false,"androidVersion":"15","apkVersion":"1.0.0-debug","securityPatchLevel":"2025-07-01","encryptionStatus":"unknown","deviceOwnerActive":true,"imei":"353104906953198","androidId":"e147a607d908c189","buildFingerprint":"motorola/lamu_g/lamu:15/VVTA35.51-124/777ecb:user/release-keys","hasAuthToken":true,"hasDeviceToken":false}
2026-01-29 16:44:05.868 18823-18936 okhttp.OkHttpClient     com.cdccreditsmart.app               I  --> END POST (476-byte body)
2026-01-29 16:44:05.892 18823-18876 CdcForegroundService    com.cdccreditsmart.app               I  ðŸ”„ Enviando heartbeat de sincronizaÃ§Ã£o...
2026-01-29 16:44:06.163 18823-18874 WorkProfileManager      com.cdccreditsmart.app               I  âœ… [5/5] UsuÃ¡rio secundÃ¡rio iniciado em background
2026-01-29 16:44:06.163 18823-18874 WorkProfileManager      com.cdccreditsmart.app               I  
2026-01-29 16:44:06.163 18823-18874 WorkProfileManager      com.cdccreditsmart.app               I  ðŸŽ‰ ==================== USUÃRIO SECUNDÃRIO CRIADO ====================
2026-01-29 16:44:06.163 18823-18874 WorkProfileManager      com.cdccreditsmart.app               I  âœ… UsuÃ¡rio secundÃ¡rio gerenciado 'CDC Managed User' criado!
2026-01-29 16:44:06.163 18823-18874 WorkProfileManager      com.cdccreditsmart.app               I  âœ… Profile Owner: com.cdccreditsmart.app/com.cdccreditsmart.device.CDCDeviceAdminReceiver
2026-01-29 16:44:06.164 18823-18874 WorkProfileManager      com.cdccreditsmart.app               I  âœ… Affiliation ID: cdc-87e09821-1b82-497c-afe4-0c8bff602845
2026-01-29 16:44:06.164 18823-18874 WorkProfileManager      com.cdccreditsmart.app               I  âœ… Tipo: UsuÃ¡rio secundÃ¡rio completo (nÃ£o work profile tradicional)
2026-01-29 16:44:06.164 18823-18874 WorkProfileManager      com.cdccreditsmart.app               I  â„¹ï¸ O usuÃ¡rio estÃ¡ rodando em background
2026-01-29 16:44:06.164 18823-18874 WorkProfileManager      com.cdccreditsmart.app               I  â„¹ï¸ Use o seletor de usuÃ¡rio do Android para alternar
2026-01-29 16:44:06.164 18823-18874 WorkProfileManager      com.cdccreditsmart.app               I  =======================================================================
2026-01-29 16:44:06.164 18823-18874 WorkProfileManager      com.cdccreditsmart.app               I  
2026-01-29 16:44:06.164 18823-18874 CDCApplication          com.cdccreditsmart.app               I  âœ… Managed Secondary User criado com sucesso!
2026-01-29 16:44:06.164 18823-18874 CDCApplication          com.cdccreditsmart.app               I     Tipo: UsuÃ¡rio secundÃ¡rio completo (nÃ£o work profile tradicional)
2026-01-29 16:44:06.164 18823-18874 CDCApplication          com.cdccreditsmart.app               I     Isolamento: Total (apps e dados separados)
2026-01-29 16:44:06.317 18823-18940 okhttp.OkHttpClient     com.cdccreditsmart.app               I  --> POST https://cdccreditsmart.com/api/apk/device/heartbeat
2026-01-29 16:44:06.317 18823-18940 okhttp.OkHttpClient     com.cdccreditsmart.app               I  Content-Type: application/json; charset=UTF-8
2026-01-29 16:44:06.317 18823-18940 okhttp.OkHttpClient     com.cdccreditsmart.app               I  Content-Length: 160
2026-01-29 16:44:06.317 18823-18940 okhttp.OkHttpClient     com.cdccreditsmart.app               I  Authorization: Bearer eyJhbGciOiJIUzI1NiIsInR5cCI6IkpXVCJ9.eyJkZXZpY2VJZCI6ImRldmljZV8xNzY5MTM3MjgwMjgyX2w3c3JqZXNnMjUiLCJhcGtUb2tlbiI6IlFKM0g0TUtHIiwidHlwZSI6ImFwayIsImV4cGlyZXNJbiI6IjI0aCIsImlhdCI6MTc2OTcxNTgyOCwiZXhwIjoxNzY5ODAyMjI4fQ.VSmuP5JmuY6LjENbInwajIA7W8fy2etwvqcGam89mw8
2026-01-29 16:44:06.318 18823-18940 okhttp.OkHttpClient     com.cdccreditsmart.app               I  {"timestamp":1769715845888,"status":"active","batteryLevel":24,"currentBlockLevel":5,"blockedAppsCount":250,"progressiveBlockActive":true,"isManualBlock":false}
2026-01-29 16:44:06.318 18823-18940 okhttp.OkHttpClient     com.cdccreditsmart.app               I  --> END POST (160-byte body)
2026-01-29 16:44:06.387 18823-18936 okhttp.OkHttpClient     com.cdccreditsmart.app               I  <-- 200 https://cdccreditsmart.com/api/security/device-boot (518ms)
2026-01-29 16:44:06.387 18823-18936 okhttp.OkHttpClient     com.cdccreditsmart.app               I  access-control-allow-credentials: true
2026-01-29 16:44:06.387 18823-18936 okhttp.OkHttpClient     com.cdccreditsmart.app               I  access-control-allow-headers: Origin, X-Requested-With, Content-Type, Accept, Authorization, x-client-key, x-client-token, x-client-secret, cache-control
2026-01-29 16:44:06.388 18823-18936 okhttp.OkHttpClient     com.cdccreditsmart.app               I  access-control-allow-methods: GET, POST, PUT, PATCH, DELETE, OPTIONS
2026-01-29 16:44:06.388 18823-18936 okhttp.OkHttpClient     com.cdccreditsmart.app               I  access-control-allow-origin: *
2026-01-29 16:44:06.388 18823-18936 okhttp.OkHttpClient     com.cdccreditsmart.app               I  access-control-max-age: 86400
2026-01-29 16:44:06.388 18823-18936 okhttp.OkHttpClient     com.cdccreditsmart.app               I  content-length: 233
