2026-01-27 18:18:58.183 14631-14631 Choreographer           com.cdccreditsmart.app               I  Skipped 133 frames!  The application may be doing too much work on its main thread.
2026-01-27 18:18:58.183 14631-14773 SettingsGuardService    com.cdccreditsmart.app               I  â–¶ï¸ App CDC em foreground - fluxo de permissÃ£o concluÃ­do
2026-01-27 18:18:58.183 14631-14773 SettingsGuardService    com.cdccreditsmart.app               I  â–¶ï¸ Guard RETOMADO apÃ³s fluxo de permissÃµes
2026-01-27 18:18:58.184 14631-14771 CdcForegroundService    com.cdccreditsmart.app               I  ðŸ›¡ï¸ Guard ativo: true
2026-01-27 18:18:58.184 14631-14771 CdcForegroundService    com.cdccreditsmart.app               I  ðŸ›¡ï¸ Modo proteÃ§Ã£o: BASIC
2026-01-27 18:18:58.185 14631-14771 CdcForegroundService    com.cdccreditsmart.app               I  ðŸ›¡ï¸ Modo agressivo: false
2026-01-27 18:18:58.185 14631-14771 CdcForegroundService    com.cdccreditsmart.app               I  ðŸ›¡ï¸ UsageStats: âŒ INATIVO
2026-01-27 18:18:58.185 14631-14771 CdcForegroundService    com.cdccreditsmart.app               I  ðŸ›¡ï¸ Overlay: âŒ INATIVO
2026-01-27 18:18:58.185 14631-14771 CdcForegroundService    com.cdccreditsmart.app               W  ðŸ›¡ï¸ âš ï¸ UsageStats nÃ£o ativo - guard usarÃ¡ ActivityManager (menos preciso)
2026-01-27 18:18:58.185 14631-14771 CdcForegroundService    com.cdccreditsmart.app               W  ðŸ›¡ï¸ âš ï¸ Overlay nÃ£o ativo - guard usarÃ¡ bringAppToForeground
2026-01-27 18:18:58.185 14631-14771 CdcForegroundService    com.cdccreditsmart.app               I  ðŸ›¡ï¸ ========================================
2026-01-27 18:18:58.189 14631-14771 OfflineEnf...mentWorker com.cdccreditsmart.app               I  âœ… OfflineEnforcementWorker agendado
2026-01-27 18:18:58.189 14631-14771 CdcForegroundService    com.cdccreditsmart.app               I  âœ… OfflineEnforcementWorker agendado
2026-01-27 18:18:58.193 14631-14771 PeriodicOverlayWorker   com.cdccreditsmart.app               I  ðŸ“… Agendando overlay automÃ¡tico
2026-01-27 18:18:58.193 14631-14771 PeriodicOverlayWorker   com.cdccreditsmart.app               I     WorkManager interval: 15 minutos (mÃ­nimo obrigatÃ³rio)
2026-01-27 18:18:58.193 14631-14771 PeriodicOverlayWorker   com.cdccreditsmart.app               I     Cooldowns progressivos controlados internamente pelo worker
2026-01-27 18:18:58.194 14631-14771 PeriodicOverlayWorker   com.cdccreditsmart.app               I  âœ… Overlay automÃ¡tico agendado com sucesso
2026-01-27 18:18:58.194 14631-14771 CdcForegroundService    com.cdccreditsmart.app               I  âœ… PeriodicOverlayWorker agendado
2026-01-27 18:18:58.219 14631-14771 ServiceWatchdogWorker   com.cdccreditsmart.app               I  ðŸ” ========================================
2026-01-27 18:18:58.219 14631-14771 ServiceWatchdogWorker   com.cdccreditsmart.app               I  ðŸ” WATCHDOG: Verificando CdcForegroundService
2026-01-27 18:18:58.219 14631-14771 ServiceWatchdogWorker   com.cdccreditsmart.app               I  ðŸ” ========================================
2026-01-27 18:18:58.222 14631-14771 KeepAliveManager        com.cdccreditsmart.app               D  âœ… CdcForegroundService estÃ¡ ativo
2026-01-27 18:18:58.231 14631-14771 ServiceWatchdogWorker   com.cdccreditsmart.app               I  ðŸ“Š EstatÃ­sticas Keep Alive:
2026-01-27 18:18:58.231 14631-14771 ServiceWatchdogWorker   com.cdccreditsmart.app               I     - ServiÃ§o ativo: true
2026-01-27 18:18:58.231 14631-14771 ServiceWatchdogWorker   com.cdccreditsmart.app               I     - Restarts: 0
2026-01-27 18:18:58.231 14631-14771 ServiceWatchdogWorker   com.cdccreditsmart.app               I     - OtimizaÃ§Ã£o bateria: SIM (ruim)
2026-01-27 18:18:58.231 14631-14771 ServiceWatchdogWorker   com.cdccreditsmart.app               I  ðŸ” ========================================
2026-01-27 18:18:58.231 14631-14771 ServiceWatchdogWorker   com.cdccreditsmart.app               I  âœ… WATCHDOG: ServiÃ§o verificado/reiniciado com sucesso
2026-01-27 18:18:58.245 14631-14631 NotificationHelper      com.cdccreditsmart.app               D  Notification channel created: cdc_default
2026-01-27 18:18:58.247 14631-14631 NotificationHelper      com.cdccreditsmart.app               D  Notification channel created: cdc_info
2026-01-27 18:18:58.250 14631-14631 NotificationHelper      com.cdccreditsmart.app               D  Notification channel created: cdc_alerts
2026-01-27 18:18:58.254 14631-14631 NotificationHelper      com.cdccreditsmart.app               D  Notification channel created: cdc_payments
2026-01-27 18:18:58.256 14631-14631 NotificationHelper      com.cdccreditsmart.app               D  Notification channel created: cdc_contract
2026-01-27 18:18:58.287 14631-14766 WM-WorkerWrapper        com.cdccreditsmart.app               I  Worker result SUCCESS for Work [ id=2949f63a-2eee-4c19-bb7e-f4a689bc5ab8, tags={ com.cdccreditsmart.app.keepalive.ServiceWatchdogWorker } ]
2026-01-27 18:18:58.324 14631-14631 CdcMessagingService     com.cdccreditsmart.app               D  CdcMessagingService created
2026-01-27 18:18:58.331 14631-14819 CdcMessagingService     com.cdccreditsmart.app               D  ========== NEW FCM TOKEN RECEIVED ==========
2026-01-27 18:18:58.331 14631-14819 CdcMessagingService     com.cdccreditsmart.app               D  Token: fv0kINVPSbmV6Dvb3Gcu...
2026-01-27 18:18:58.334 14631-14772 OfflineEnf...mentWorker com.cdccreditsmart.app               I  ðŸ”„ ========================================
2026-01-27 18:18:58.334 14631-14772 OfflineEnf...mentWorker com.cdccreditsmart.app               I  ðŸ”„ OFFLINE ENFORCEMENT - EXECUTANDO
2026-01-27 18:18:58.334 14631-14772 OfflineEnf...mentWorker com.cdccreditsmart.app               I  ðŸ”„ ========================================
2026-01-27 18:18:58.706 14631-14771 ContractCodeStorage     com.cdccreditsmart.app               D  Retrieving contract code from storage
2026-01-27 18:18:58.749 14631-14819 FcmTokenManager         com.cdccreditsmart.app               D  FCM token saved locally: fv0kINVPSbmV6Dvb3Gcu...
2026-01-27 18:18:58.754 14631-14771 ContractCodeStorage     com.cdccreditsmart.app               D  Storage verification: 0 valid, 0 tampered, 7 missing
2026-01-27 18:18:58.754 14631-14771 ContractCodeStorage     com.cdccreditsmart.app               W  No valid contract code found in any location
2026-01-27 18:18:58.755 14631-14773 FcmTokenManager         com.cdccreditsmart.app               D  ========== REGISTERING FCM TOKEN WITH BACKEND ==========
2026-01-27 18:18:58.760 14631-14773 FcmTokenManager         com.cdccreditsmart.app               D  Current FCM token retrieved: fv0kINVPSbmV6Dvb3Gcu...
2026-01-27 18:18:58.792 14631-14771 SecureTokenStorage      com.cdccreditsmart.app               E  âŒ Nenhum identificador MDM disponÃ­vel!
2026-01-27 18:18:58.792 14631-14773 FcmTokenManager         com.cdccreditsmart.app               E  Cannot register: Auth token not available
2026-01-27 18:18:58.792 14631-14771 CdcForegroundService    com.cdccreditsmart.app               I  ðŸ” AuthToken presente: false
2026-01-27 18:18:58.792 14631-14773 CdcMessagingService     com.cdccreditsmart.app               E  âŒ Failed to register FCM token with backend: User not authenticated
2026-01-27 18:18:58.792 14631-14771 CdcForegroundService    com.cdccreditsmart.app               I  ðŸ” AuthToken length: 0
2026-01-27 18:18:58.792 14631-14771 CdcForegroundService    com.cdccreditsmart.app               I  ðŸ” ContractCode presente: false
2026-01-27 18:18:58.792 14631-14771 CdcForegroundService    com.cdccreditsmart.app               I  ðŸ” ContractCode value: null****
2026-01-27 18:18:58.792 14631-14771 CdcForegroundService    com.cdccreditsmart.app               I  ðŸ” MDM SerialNumber presente: false
2026-01-27 18:18:58.793 14631-14771 CdcForegroundService    com.cdccreditsmart.app               I  ðŸ” MDM SerialNumber value: ......
2026-01-27 18:18:58.793 14631-14771 CdcForegroundService    com.cdccreditsmart.app               I  ðŸ“± ========================================
2026-01-27 18:18:58.793 14631-14771 CdcForegroundService    com.cdccreditsmart.app               I  ðŸ“± AGUARDANDO PAIRING - MDM EM STANDBY
2026-01-27 18:18:58.793 14631-14771 CdcForegroundService    com.cdccreditsmart.app               I  ðŸ“± O usuÃ¡rio ainda nÃ£o fez o pareamento inicial
2026-01-27 18:18:58.793 14631-14771 CdcForegroundService    com.cdccreditsmart.app               I  ðŸ“± ServiÃ§os MDM serÃ£o ativados apÃ³s inserir cÃ³digo do contrato
2026-01-27 18:18:58.793 14631-14771 CdcForegroundService    com.cdccreditsmart.app               I  ðŸ“± NOTA: isMdmInitialized permanece FALSE para permitir reinicializaÃ§Ã£o
2026-01-27 18:18:58.793 14631-14771 CdcForegroundService    com.cdccreditsmart.app               I  ðŸ“± ========================================
2026-01-27 18:18:58.829 14631-14772 OfflineEnf...mentWorker com.cdccreditsmart.app               I  â„¹ï¸ Sem dados offline - nada a fazer
2026-01-27 18:18:58.838 14631-14765 WM-WorkerWrapper        com.cdccreditsmart.app               I  Worker result SUCCESS for Work [ id=32fe7488-b648-4fee-873e-fe7f35bdedfa, tags={ com.cdccreditsmart.app.offline.OfflineEnforcementWorker } ]
2026-01-27 18:19:00.184 14631-14758 FA                      com.cdccreditsmart.app               I  Application backgrounded at: timestamp_millis: 1769548738182
2026-01-27 18:19:01.165 14631-14832 ProfileInstaller        com.cdccreditsmart.app               D  Installing profile for com.cdccreditsmart.app
2026-01-27 18:19:01.187 14631-14772 SettingsGuardService    com.cdccreditsmart.app               D  ðŸ“‹ Activity check - Full: null, Simple: null
2026-01-27 18:19:04.196 14631-14772 SettingsGuardService    com.cdccreditsmart.app               D  ðŸ“‹ Activity check - Full: null, Simple: null
2026-01-27 18:19:07.203 14631-14772 SettingsGuardService    com.cdccreditsmart.app               D  ðŸ“‹ Activity check - Full: null, Simple: null
2026-01-27 18:19:10.212 14631-14772 SettingsGuardService    com.cdccreditsmart.app               D  ðŸ“‹ Activity check - Full: null, Simple: null
2026-01-27 18:19:11.257 14631-14631 CDC_PROVISIONING_DEBUG  com.cdccreditsmart.app               I  [2026-01-27 18:19:11.255] [PID:14631] [TID:2|main] ðŸ PROVISIONING STARTED: Timer started for hang detection
2026-01-27 18:19:11.259 14631-14631 CDC_PROVISIONING_DEBUG  com.cdccreditsmart.app               I  [2026-01-27 18:19:11.257] [PID:14631] [TID:2|main] ðŸ“ˆ CALLBACK PROGRESS: 1/3 completed
2026-01-27 18:19:11.261 14631-14631 CDC_PROVISIONING_DEBUG  com.cdccreditsmart.app               I  [2026-01-27 18:19:11.260] [PID:14631] [TID:2|main] ðŸ“ˆ Completed: onEnabled
2026-01-27 18:19:11.263 14631-14631 CDC_PROVISIONING_DEBUG  com.cdccreditsmart.app               I  [2026-01-27 18:19:11.261] [PID:14631] [TID:2|main] â³ Remaining: onProfileProvisioningComplete, onReadyForUserInitialization
2026-01-27 18:19:11.265 14631-14631 CDCDeviceAdminReceiver  com.cdccreditsmart.app               I  [2026-01-27 18:19:11.263] [PID:14631] [TID:2|main] ðŸ”‘ ==================== DEVICE ADMIN ENABLED ====================
2026-01-27 18:19:11.267 14631-14631 CDCDeviceAdminReceiver  com.cdccreditsmart.app               I  [2026-01-27 18:19:11.265] [PID:14631] [TID:2|main] âœ… Device Admin enabled successfully - CRITICAL CALLBACK FOR WORK PROFILE PREPARATION
2026-01-27 18:19:11.270 14631-14631 CDCDeviceAdminReceiver  com.cdccreditsmart.app               I  [2026-01-27 18:19:11.268] [PID:14631] [TID:2|main] â° Raw timestamp: 1769548751268
2026-01-27 18:19:11.271 14631-14631 CDCDeviceAdminReceiver  com.cdccreditsmart.app               I  [2026-01-27 18:19:11.270] [PID:14631] [TID:2|main] ðŸ” Starting comprehensive admin enablement verification...
2026-01-27 18:19:11.273 14631-14631 CDCDeviceAdminReceiver  com.cdccreditsmart.app               I  [2026-01-27 18:19:11.272] [PID:14631] [TID:2|main] ðŸ“‹ Admin component: ComponentInfo{com.cdccreditsmart.app/com.cdccreditsmart.device.CDCDeviceAdminReceiver}
2026-01-27 18:19:11.275 14631-14631 CDCDeviceAdminReceiver  com.cdccreditsmart.app               I  [2026-01-27 18:19:11.274] [PID:14631] [TID:2|main] ðŸ“± Package name: com.cdccreditsmart.app
2026-01-27 18:19:11.277 14631-14631 CDCDeviceAdminReceiver  com.cdccreditsmart.app               I  [2026-01-27 18:19:11.275] [PID:14631] [TID:2|main] ðŸ‘¤ Current user: UserHandle{0}
2026-01-27 18:19:11.279 14631-14631 CDCDeviceAdminReceiver  com.cdccreditsmart.app               I  [2026-01-27 18:19:11.277] [PID:14631] [TID:2|main] ðŸŽ¯ Current user handle: UserHandle{0}
2026-01-27 18:19:11.282 14631-14631 CDCDeviceAdminReceiver  com.cdccreditsmart.app               I  [2026-01-27 18:19:11.280] [PID:14631] [TID:2|main] ðŸ”’ Device administration status:
2026-01-27 18:19:11.284 14631-14631 CDCDeviceAdminReceiver  com.cdccreditsmart.app               I  [2026-01-27 18:19:11.282] [PID:14631] [TID:2|main]    ðŸ”‘ Admin active: true
2026-01-27 18:19:11.286 14631-14631 CDCDeviceAdminReceiver  com.cdccreditsmart.app               I  [2026-01-27 18:19:11.284] [PID:14631] [TID:2|main]    ðŸ­ Device owner: true
2026-01-27 18:19:11.287 14631-14631 CDCDeviceAdminReceiver  com.cdccreditsmart.app               I  [2026-01-27 18:19:11.286] [PID:14631] [TID:2|main]    ðŸ“‹ Profile owner: false
2026-01-27 18:19:11.290 14631-14631 CDCDeviceAdminReceiver  com.cdccreditsmart.app               I  [2026-01-27 18:19:11.289] [PID:14631] [TID:2|main] ðŸ¢ Work Profile status (CRITICAL FOR PREPARATION):
2026-01-27 18:19:11.292 14631-14631 CDCDeviceAdminReceiver  com.cdccreditsmart.app               I  [2026-01-27 18:19:11.290] [PID:14631] [TID:2|main]    ðŸ¢ Is managed profile: false
2026-01-27 18:19:11.294 14631-14631 CDCDeviceAdminReceiver  com.cdccreditsmart.app               I  [2026-01-27 18:19:11.292] [PID:14631] [TID:2|main]    ðŸ”§ Is system user: true
2026-01-27 18:19:11.295 14631-14631 CDCDeviceAdminReceiver  com.cdccreditsmart.app               I  [2026-01-27 18:19:11.294] [PID:14631] [TID:2|main]    ðŸ”“ Is user unlocked: true
2026-01-27 18:19:11.300 14631-14631 CDCDeviceAdminReceiver  com.cdccreditsmart.app               I  [2026-01-27 18:19:11.298] [PID:14631] [TID:2|main]    ðŸ“± Device provisioned: true
2026-01-27 18:19:11.304 14631-14631 CDCDeviceAdminReceiver  com.cdccreditsmart.app               I  [2026-01-27 18:19:11.302] [PID:14631] [TID:2|main]    ðŸ‘¤ User setup complete: true
2026-01-27 18:19:11.306 14631-14631 CDCDeviceAdminReceiver  com.cdccreditsmart.app               I  [2026-01-27 18:19:11.304] [PID:14631] [TID:2|main] ðŸ” DEVICE CAPABILITIES ANALYSIS (Critical for work profile):
2026-01-27 18:19:11.310 14631-14631 CDCDeviceAdminReceiver  com.cdccreditsmart.app               I  [2026-01-27 18:19:11.308] [PID:14631] [TID:2|main]    ðŸ“· Camera permission grant state: 0
2026-01-27 18:19:11.313 14631-14631 CDCDeviceAdminReceiver  com.cdccreditsmart.app               I  [2026-01-27 18:19:11.311] [PID:14631] [TID:2|main]    ðŸ”’ Lock task packages: []
2026-01-27 18:19:11.316 14631-14631 CDCDeviceAdminReceiver  com.cdccreditsmart.app               I  [2026-01-27 18:19:11.315] [PID:14631] [TID:2|main]    ðŸ’¾ Storage encryption status: false
2026-01-27 18:19:11.318 14631-14631 CDCDeviceAdminReceiver  com.cdccreditsmart.app               I  [2026-01-27 18:19:11.316] [PID:14631] [TID:2|main] âœ… Device capabilities analysis completed
2026-01-27 18:19:11.320 14631-14631 CDC_PROVISIONING_DEBUG  com.cdccreditsmart.app               I  [2026-01-27 18:19:11.318] [PID:14631] [TID:2|main] ðŸ“‹ CALLBACK SEQUENCE (1 callbacks):
2026-01-27 18:19:11.322 14631-14631 CDC_PROVISIONING_DEBUG  com.cdccreditsmart.app               I  [2026-01-27 18:19:11.320] [PID:14631] [TID:2|main]    1. 2026-01-27 18:19:11.246 - onEnabled
2026-01-27 18:19:11.323 14631-14631 CDC_PROVISIONING_DEBUG  com.cdccreditsmart.app               I  [2026-01-27 18:19:11.322] [PID:14631] [TID:2|main] ðŸ” HANG DETECTION CHECK:
2026-01-27 18:19:11.325 14631-14631 CDC_PROVISIONING_DEBUG  com.cdccreditsmart.app               I  [2026-01-27 18:19:11.323] [PID:14631] [TID:2|main]    â±ï¸ Time since provisioning start: 76ms
2026-01-27 18:19:11.327 14631-14631 CDC_PROVISIONING_DEBUG  com.cdccreditsmart.app               I  [2026-01-27 18:19:11.325] [PID:14631] [TID:2|main]    â±ï¸ Time since last callback: 76ms
2026-01-27 18:19:11.329 14631-14631 CDCDeviceAdminReceiver  com.cdccreditsmart.app               I  [2026-01-27 18:19:11.327] [PID:14631] [TID:2|main] âœ… Admin enablement verification completed successfully
2026-01-27 18:19:11.330 14631-14631 CDCDeviceAdminReceiver  com.cdccreditsmart.app               I  [2026-01-27 18:19:11.329] [PID:14631] [TID:2|main] 
2026-01-27 18:19:11.332 14631-14631 CDCDeviceAdminReceiver  com.cdccreditsmart.app               I  [2026-01-27 18:19:11.330] [PID:14631] [TID:2|main] ðŸš€ ==================== AUTO-CONFIGURAÃ‡ÃƒO INICIADA ====================
2026-01-27 18:19:11.334 14631-14631 CDCDeviceAdminReceiver  com.cdccreditsmart.app               I  [2026-01-27 18:19:11.332] [PID:14631] [TID:2|main] ðŸŽ¯ App detectado como Device Owner
2026-01-27 18:19:11.336 14631-14631 CDCDeviceAdminReceiver  com.cdccreditsmart.app               I  [2026-01-27 18:19:11.334] [PID:14631] [TID:2|main] ðŸ”“ UsuÃ¡rio desbloqueado (isUserUnlocked): true
2026-01-27 18:19:11.337 14631-14631 CDCDeviceAdminReceiver  com.cdccreditsmart.app               I  [2026-01-27 18:19:11.336] [PID:14631] [TID:2|main] âœ… UsuÃ¡rio desbloqueado - aplicando polÃ­ticas agora...
2026-01-27 18:19:11.339 14631-14631 CDCDeviceAdminReceiver  com.cdccreditsmart.app               I  [2026-01-27 18:19:11.338] [PID:14631] [TID:2|main] ðŸ” Concedendo permissÃµes runtime IMEDIATAMENTE...
2026-01-27 18:19:11.341 14631-14631 CDCDeviceAdminReceiver  com.cdccreditsmart.app               I  [2026-01-27 18:19:11.339] [PID:14631] [TID:2|main] ðŸ” ========================================
2026-01-27 18:19:11.342 14631-14631 CDCDeviceAdminReceiver  com.cdccreditsmart.app               I  [2026-01-27 18:19:11.341] [PID:14631] [TID:2|main] ðŸ” CONCESSÃƒO IMEDIATA DE PERMISSÃ•ES RUNTIME
2026-01-27 18:19:11.344 14631-14631 CDCDeviceAdminReceiver  com.cdccreditsmart.app               I  [2026-01-27 18:19:11.342] [PID:14631] [TID:2|main] ðŸ” ========================================
2026-01-27 18:19:11.414 14631-14631 CDCDeviceAdminReceiver  com.cdccreditsmart.app               I  [2026-01-27 18:19:11.412] [PID:14631] [TID:2|main]   âœ… Concedida: android.permission.READ_PHONE_STATE
2026-01-27 18:19:11.542 14631-14631 CDCDeviceAdminReceiver  com.cdccreditsmart.app               I  [2026-01-27 18:19:11.538] [PID:14631] [TID:2|main]   âœ… Concedida: android.permission.READ_CALL_LOG
2026-01-27 18:19:11.597 14631-14631 CDCDeviceAdminReceiver  com.cdccreditsmart.app               I  [2026-01-27 18:19:11.595] [PID:14631] [TID:2|main]   âœ… Concedida: android.permission.CALL_PHONE
2026-01-27 18:19:11.651 14631-14631 CDCDeviceAdminReceiver  com.cdccreditsmart.app               I  [2026-01-27 18:19:11.649] [PID:14631] [TID:2|main]   âœ… Concedida: android.permission.READ_CONTACTS
2026-01-27 18:19:11.751 14631-14631 CDCDeviceAdminReceiver  com.cdccreditsmart.app               I  [2026-01-27 18:19:11.746] [PID:14631] [TID:2|main]   âœ… Concedida: android.permission.ACCESS_FINE_LOCATION
2026-01-27 18:19:11.829 14631-14631 CDCDeviceAdminReceiver  com.cdccreditsmart.app               I  [2026-01-27 18:19:11.825] [PID:14631] [TID:2|main]   âœ… Concedida: android.permission.ACCESS_COARSE_LOCATION
2026-01-27 18:19:11.900 14631-14631 CDCDeviceAdminReceiver  com.cdccreditsmart.app               I  [2026-01-27 18:19:11.894] [PID:14631] [TID:2|main]   âœ… Concedida: android.permission.CAMERA
2026-01-27 18:19:11.981 14631-14631 CDCDeviceAdminReceiver  com.cdccreditsmart.app               I  [2026-01-27 18:19:11.977] [PID:14631] [TID:2|main]   âœ… Concedida: android.permission.ANSWER_PHONE_CALLS
2026-01-27 18:19:12.067 14631-14631 CDCDeviceAdminReceiver  com.cdccreditsmart.app               I  [2026-01-27 18:19:12.062] [PID:14631] [TID:2|main]   âœ… Concedida: android.permission.READ_PHONE_NUMBERS
2026-01-27 18:19:12.230 14631-14631 CDCDeviceAdminReceiver  com.cdccreditsmart.app               I  [2026-01-27 18:19:12.226] [PID:14631] [TID:2|main]   âœ… Concedida: android.permission.ACCESS_BACKGROUND_LOCATION
2026-01-27 18:19:12.330 14631-14631 CDCDeviceAdminReceiver  com.cdccreditsmart.app               I  [2026-01-27 18:19:12.326] [PID:14631] [TID:2|main]   âœ… Concedida: android.permission.POST_NOTIFICATIONS
2026-01-27 18:19:12.334 14631-14631 CDCDeviceAdminReceiver  com.cdccreditsmart.app               I  [2026-01-27 18:19:12.330] [PID:14631] [TID:2|main] ðŸ” ========================================
2026-01-27 18:19:12.338 14631-14631 CDCDeviceAdminReceiver  com.cdccreditsmart.app               I  [2026-01-27 18:19:12.334] [PID:14631] [TID:2|main] ðŸ” RESULTADO: 11 concedidas, 0 erros
2026-01-27 18:19:12.342 14631-14631 CDCDeviceAdminReceiver  com.cdccreditsmart.app               I  [2026-01-27 18:19:12.338] [PID:14631] [TID:2|main] ðŸ” ========================================
2026-01-27 18:19:12.345 14631-14631 CDCDeviceAdminReceiver  com.cdccreditsmart.app               I  [2026-01-27 18:19:12.342] [PID:14631] [TID:2|main] ðŸ›¡ï¸ Iniciando SettingsGuardService IMEDIATAMENTE...
2026-01-27 18:19:12.349 14631-14631 CDCDeviceAdminReceiver  com.cdccreditsmart.app               I  [2026-01-27 18:19:12.345] [PID:14631] [TID:2|main] ðŸ›¡ï¸ ========================================
2026-01-27 18:19:12.352 14631-14631 CDCDeviceAdminReceiver  com.cdccreditsmart.app               I  [2026-01-27 18:19:12.349] [PID:14631] [TID:2|main] ðŸ›¡ï¸ NOTIFICANDO APP PARA INICIAR SETTINGSGUARD
2026-01-27 18:19:12.353 14631-14631 CDCDeviceAdminReceiver  com.cdccreditsmart.app               I  [2026-01-27 18:19:12.352] [PID:14631] [TID:2|main] ðŸ›¡ï¸ ========================================
2026-01-27 18:19:12.359 14631-14631 CDCDeviceAdminReceiver  com.cdccreditsmart.app               I  [2026-01-27 18:19:12.356] [PID:14631] [TID:2|main] ðŸ›¡ï¸ âœ… Broadcast enviado para iniciar SettingsGuard
2026-01-27 18:19:12.360 14631-14631 CDCDeviceAdminReceiver  com.cdccreditsmart.app               I  [2026-01-27 18:19:12.359] [PID:14631] [TID:2|main] ðŸ›¡ï¸    O CDCApplication vai receber e iniciar o guard
2026-01-27 18:19:12.362 14631-14631 CDCDeviceAdminReceiver  com.cdccreditsmart.app               I  [2026-01-27 18:19:12.360] [PID:14631] [TID:2|main] ðŸ›¡ï¸ ========================================
2026-01-27 18:19:12.364 14631-14631 CDCDeviceAdminReceiver  com.cdccreditsmart.app               I  [2026-01-27 18:19:12.363] [PID:14631] [TID:2|main] ðŸ onEnabled callback completed - work profile preparation should continue
2026-01-27 18:19:12.366 14631-14631 CDCDeviceAdminReceiver  com.cdccreditsmart.app               I  [2026-01-27 18:19:12.364] [PID:14631] [TID:2|main] ðŸ”‘ =================================================================
2026-01-27 18:19:12.366 14631-14631 CheckTime               com.cdccreditsmart.app               W  App running slow: Executing com.cdccreditsmart.device.CDCDeviceAdminReceiver onReceive took 1120ms
2026-01-27 18:19:12.367 14631-14631 CheckTime               com.cdccreditsmart.app               W  App running slow: Executing com.cdccreditsmart.device.CDCDeviceAdminReceiver scheduleReceive took 1161ms
2026-01-27 18:19:12.372 14631-14631 CDCDeviceAdminService   com.cdccreditsmart.app               I  âœ… Device Admin Service created - System is communicating with CDC DPC
2026-01-27 18:19:12.438 14631-14631 Compatibil...geReporter com.cdccreditsmart.app               D  Compat change id reported: 78294732; UID 10263; state: ENABLED
2026-01-27 18:19:12.439 14631-14631 SettingsGuardService    com.cdccreditsmart.app               I  â–¶ï¸ Guard RETOMADO apÃ³s fluxo de permissÃµes
2026-01-27 18:19:12.439 14631-14631 MainActivity            com.cdccreditsmart.app               W  âš ï¸ Algumas permissÃµes foram NEGADAS pelo usuÃ¡rio:
2026-01-27 18:19:12.439 14631-14631 MainActivity            com.cdccreditsmart.app               D    âœ… CONCEDIDA - android.permission.READ_PHONE_STATE
2026-01-27 18:19:12.439 14631-14631 MainActivity            com.cdccreditsmart.app               D    âŒ NEGADA - android.permission.READ_CALL_LOG
2026-01-27 18:19:12.439 14631-14631 MainActivity            com.cdccreditsmart.app               D    âŒ NEGADA - android.permission.CALL_PHONE
2026-01-27 18:19:12.439 14631-14631 MainActivity            com.cdccreditsmart.app               D    âŒ NEGADA - android.permission.READ_CONTACTS
2026-01-27 18:19:12.439 14631-14631 MainActivity            com.cdccreditsmart.app               D    âœ… CONCEDIDA - android.permission.ACCESS_FINE_LOCATION
2026-01-27 18:19:12.439 14631-14631 MainActivity            com.cdccreditsmart.app               D    âœ… CONCEDIDA - android.permission.ACCESS_COARSE_LOCATION
2026-01-27 18:19:12.439 14631-14631 MainActivity            com.cdccreditsmart.app               D    âŒ NEGADA - android.permission.ANSWER_PHONE_CALLS
2026-01-27 18:19:12.439 14631-14631 MainActivity            com.cdccreditsmart.app               D    âŒ NEGADA - android.permission.READ_PHONE_NUMBERS
2026-01-27 18:19:12.440 14631-14631 MainActivity            com.cdccreditsmart.app               D    âœ… CONCEDIDA - android.permission.POST_NOTIFICATIONS
2026-01-27 18:19:13.222 14631-14772 SettingsGuardService    com.cdccreditsmart.app               D  ðŸ“‹ Activity check - Full: null, Simple: null
2026-01-27 18:19:13.236 14631-14631 PermissionGateManager   com.cdccreditsmart.app               W  âš ï¸ Device Owner: 3 permissÃ£o(Ãµes) pendente(s)
2026-01-27 18:19:13.236 14631-14631 PermissionGateManager   com.cdccreditsmart.app               W     â†’ Falta: Acesso ao Uso de Apps
2026-01-27 18:19:13.236 14631-14631 PermissionGateManager   com.cdccreditsmart.app               W     â†’ Falta: Exibir sobre outros apps
2026-01-27 18:19:13.236 14631-14631 PermissionGateManager   com.cdccreditsmart.app               W     â†’ Falta: ExecuÃ§Ã£o em Segundo Plano
2026-01-27 18:19:14.369 14631-14772 CDCDeviceAdminReceiver  com.cdccreditsmart.app               I  [2026-01-27 18:19:14.365] [PID:14631] [TID:3427|DefaultDispatcher-worker-2] 
2026-01-27 18:19:14.372 14631-14772 CDCDeviceAdminReceiver  com.cdccreditsmart.app               I  [2026-01-27 18:19:14.369] [PID:14631] [TID:3427|DefaultDispatcher-worker-2] ðŸ”§ ==================== APLICANDO POLÃTICAS DE TRABALHO ====================
2026-01-27 18:19:14.375 14631-14772 CDCDeviceAdminReceiver  com.cdccreditsmart.app               I  [2026-01-27 18:19:14.372] [PID:14631] [TID:3427|DefaultDispatcher-worker-2] ðŸŽ¯ Iniciando auto-configuraÃ§Ã£o do dispositivo...
2026-01-27 18:19:14.379 14631-14772 CDCDeviceAdminReceiver  com.cdccreditsmart.app               I  [2026-01-27 18:19:14.376] [PID:14631] [TID:3427|DefaultDispatcher-worker-2] âœ… Confirmado: App Ã© Device Owner
2026-01-27 18:19:14.383 14631-14772 CDCDeviceAdminReceiver  com.cdccreditsmart.app               I  [2026-01-27 18:19:14.379] [PID:14631] [TID:3427|DefaultDispatcher-worker-2] 
2026-01-27 18:19:14.410 14631-14772 CDCDeviceAdminReceiver  com.cdccreditsmart.app               I  [2026-01-27 18:19:14.407] [PID:14631] [TID:3427|DefaultDispatcher-worker-2] âœ… [1/7] DesinstalaÃ§Ã£o bloqueada
2026-01-27 18:19:14.414 14631-14772 CDCDeviceAdminReceiver  com.cdccreditsmart.app               W  [2026-01-27 18:19:14.411] [PID:14631] [TID:3427|DefaultDispatcher-worker-2] âš ï¸ [2/10] DEBUG BUILD: Factory reset via Settings mantido ATIVO
2026-01-27 18:19:14.417 14631-14772 CDCDeviceAdminReceiver  com.cdccreditsmart.app               W  [2026-01-27 18:19:14.414] [PID:14631] [TID:3427|DefaultDispatcher-worker-2]    â†’ Em produÃ§Ã£o, factory reset serÃ¡ bloqueado automaticamente
2026-01-27 18:19:14.420 14631-14772 CDCDeviceAdminReceiver  com.cdccreditsmart.app               I  [2026-01-27 18:19:14.417] [PID:14631] [TID:3427|DefaultDispatcher-worker-2] âœ… [3/10] FRP serÃ¡ configurado pela aplicaÃ§Ã£o principal
2026-01-27 18:19:14.423 14631-14772 CDCDeviceAdminReceiver  com.cdccreditsmart.app               I  [2026-01-27 18:19:14.421] [PID:14631] [TID:3427|DefaultDispatcher-worker-2]    â†’ FactoryResetProtectionHelper gerencia contas Google autorizadas
2026-01-27 18:19:14.442 14631-14772 CDCDeviceAdminReceiver  com.cdccreditsmart.app               I  [2026-01-27 18:19:14.440] [PID:14631] [TID:3427|DefaultDispatcher-worker-2] âœ… [4/10] InstalaÃ§Ã£o de fontes desconhecidas bloqueada
2026-01-27 18:19:14.447 14631-14772 CDCDeviceAdminReceiver  com.cdccreditsmart.app               I  [2026-01-27 18:19:14.445] [PID:14631] [TID:3427|DefaultDispatcher-worker-2] âœ… [5/10] Safe boot bloqueado
2026-01-27 18:19:14.458 14631-14772 CDCDeviceAdminReceiver  com.cdccreditsmart.app               I  [2026-01-27 18:19:14.456] [PID:14631] [TID:3427|DefaultDispatcher-worker-2] âœ… [6/10] PolÃ­tica de atualizaÃ§Ãµes do sistema configurada
2026-01-27 18:19:14.460 14631-14772 CDCDeviceAdminReceiver  com.cdccreditsmart.app               I  [2026-01-27 18:19:14.458] [PID:14631] [TID:3427|DefaultDispatcher-worker-2] âš™ï¸ Garantindo acesso ao Settings do sistema...
2026-01-27 18:19:14.463 14631-14772 CDCDeviceAdminReceiver  com.cdccreditsmart.app               D  [2026-01-27 18:19:14.461] [PID:14631] [TID:3427|DefaultDispatcher-worker-2] âœ… App found: com.android.settings
2026-01-27 18:19:14.469 14631-14772 CDCDeviceAdminReceiver  com.cdccreditsmart.app               I  [2026-01-27 18:19:14.466] [PID:14631] [TID:3427|DefaultDispatcher-worker-2]    âœ… Settings habilitado: com.android.settings
2026-01-27 18:19:14.478 14631-14772 CDCDeviceAdminReceiver  com.cdccreditsmart.app               I  [2026-01-27 18:19:14.476] [PID:14631] [TID:3427|DefaultDispatcher-worker-2]    âœ… Settings desbloqueado: com.android.settings
2026-01-27 18:19:14.480 14631-14772 CDCDeviceAdminReceiver  com.cdccreditsmart.app               D  [2026-01-27 18:19:14.478] [PID:14631] [TID:3427|DefaultDispatcher-worker-2] âŒ App not found: com.google.android.settings
2026-01-27 18:19:14.483 14631-14772 CDCDeviceAdminReceiver  com.cdccreditsmart.app               D  [2026-01-27 18:19:14.481] [PID:14631] [TID:3427|DefaultDispatcher-worker-2] âŒ App not found: com.samsung.android.settings
2026-01-27 18:19:14.486 14631-14772 CDCDeviceAdminReceiver  com.cdccreditsmart.app               D  [2026-01-27 18:19:14.484] [PID:14631] [TID:3427|DefaultDispatcher-worker-2] âŒ App not found: com.sec.android.app.settings
2026-01-27 18:19:14.489 14631-14772 CDCDeviceAdminReceiver  com.cdccreditsmart.app               D  [2026-01-27 18:19:14.488] [PID:14631] [TID:3427|DefaultDispatcher-worker-2] âœ… App found: com.android.settings
2026-01-27 18:19:14.493 14631-14772 CDCDeviceAdminReceiver  com.cdccreditsmart.app               I  [2026-01-27 18:19:14.491] [PID:14631] [TID:3427|DefaultDispatcher-worker-2]    âœ… Settings habilitado: com.android.settings
2026-01-27 18:19:14.501 14631-14772 CDCDeviceAdminReceiver  com.cdccreditsmart.app               I  [2026-01-27 18:19:14.499] [PID:14631] [TID:3427|DefaultDispatcher-worker-2]    âœ… Settings desbloqueado: com.android.settings
2026-01-27 18:19:14.504 14631-14772 CDCDeviceAdminReceiver  com.cdccreditsmart.app               D  [2026-01-27 18:19:14.502] [PID:14631] [TID:3427|DefaultDispatcher-worker-2] âŒ App not found: com.miui.securitycenter
2026-01-27 18:19:14.506 14631-14772 CDCDeviceAdminReceiver  com.cdccreditsmart.app               D  [2026-01-27 18:19:14.504] [PID:14631] [TID:3427|DefaultDispatcher-worker-2] âŒ App not found: com.transsion.settings
2026-01-27 18:19:14.508 14631-14772 CDCDeviceAdminReceiver  com.cdccreditsmart.app               D  [2026-01-27 18:19:14.507] [PID:14631] [TID:3427|DefaultDispatcher-worker-2] âŒ App not found: com.itel.settings
2026-01-27 18:19:14.511 14631-14772 CDCDeviceAdminReceiver  com.cdccreditsmart.app               D  [2026-01-27 18:19:14.509] [PID:14631] [TID:3427|DefaultDispatcher-worker-2] âŒ App not found: com.tecno.settings
2026-01-27 18:19:14.513 14631-14772 CDCDeviceAdminReceiver  com.cdccreditsmart.app               D  [2026-01-27 18:19:14.512] [PID:14631] [TID:3427|DefaultDispatcher-worker-2] âŒ App not found: com.infinix.settings
2026-01-27 18:19:14.516 14631-14772 CDCDeviceAdminReceiver  com.cdccreditsmart.app               D  [2026-01-27 18:19:14.514] [PID:14631] [TID:3427|DefaultDispatcher-worker-2] âŒ App not found: com.coloros.settings
2026-01-27 18:19:14.518 14631-14772 CDCDeviceAdminReceiver  com.cdccreditsmart.app               D  [2026-01-27 18:19:14.517] [PID:14631] [TID:3427|DefaultDispatcher-worker-2] âŒ App not found: com.oppo.settings
2026-01-27 18:19:14.521 14631-14772 CDCDeviceAdminReceiver  com.cdccreditsmart.app               D  [2026-01-27 18:19:14.519] [PID:14631] [TID:3427|DefaultDispatcher-worker-2] âŒ App not found: com.motorola.settings
2026-01-27 18:19:14.524 14631-14772 CDCDeviceAdminReceiver  com.cdccreditsmart.app               D  [2026-01-27 18:19:14.522] [PID:14631] [TID:3427|DefaultDispatcher-worker-2] âŒ App not found: com.huawei.systemmanager
2026-01-27 18:19:14.526 14631-14772 CDCDeviceAdminReceiver  com.cdccreditsmart.app               D  [2026-01-27 18:19:14.524] [PID:14631] [TID:3427|DefaultDispatcher-worker-2] âŒ App not found: com.huawei.settings
2026-01-27 18:19:14.529 14631-14772 CDCDeviceAdminReceiver  com.cdccreditsmart.app               D  [2026-01-27 18:19:14.527] [PID:14631] [TID:3427|DefaultDispatcher-worker-2] âŒ App not found: com.oneplus.settings
2026-01-27 18:19:14.531 14631-14772 CDCDeviceAdminReceiver  com.cdccreditsmart.app               D  [2026-01-27 18:19:14.530] [PID:14631] [TID:3427|DefaultDispatcher-worker-2] âŒ App not found: com.vivo.settings
2026-01-27 18:19:14.534 14631-14772 CDCDeviceAdminReceiver  com.cdccreditsmart.app               D  [2026-01-27 18:19:14.532] [PID:14631] [TID:3427|DefaultDispatcher-worker-2] âŒ App not found: com.bbk.settings
2026-01-27 18:19:14.536 14631-14772 CDCDeviceAdminReceiver  com.cdccreditsmart.app               I  [2026-01-27 18:19:14.534] [PID:14631] [TID:3427|DefaultDispatcher-worker-2] âœ… Settings garantido como acessÃ­vel!
2026-01-27 18:19:14.538 14631-14772 CDCDeviceAdminReceiver  com.cdccreditsmart.app               I  [2026-01-27 18:19:14.536] [PID:14631] [TID:3427|DefaultDispatcher-worker-2]    ðŸ“Š Variantes habilitadas: 2
2026-01-27 18:19:14.550 14631-14772 CDCDeviceAdminReceiver  com.cdccreditsmart.app               I  [2026-01-27 18:19:14.548] [PID:14631] [TID:3427|DefaultDispatcher-worker-2] âœ… RestriÃ§Ãµes que bloqueiam Settings foram removidas
2026-01-27 18:19:14.551 14631-14772 CDCDeviceAdminReceiver  com.cdccreditsmart.app               I  [2026-01-27 18:19:14.550] [PID:14631] [TID:3427|DefaultDispatcher-worker-2] âœ… [7/10] Settings garantido como acessÃ­vel
2026-01-27 18:19:14.554 14631-14772 CDCDeviceAdminReceiver  com.cdccreditsmart.app               D  [2026-01-27 18:19:14.553] [PID:14631] [TID:3427|DefaultDispatcher-worker-2] âœ… App found: com.android.systemui
2026-01-27 18:19:14.561 14631-14772 CDCDeviceAdminReceiver  com.cdccreditsmart.app               D  [2026-01-27 18:19:14.558] [PID:14631] [TID:3427|DefaultDispatcher-worker-2] âœ… App found: com.android.phone
2026-01-27 18:19:14.568 14631-14772 CDCDeviceAdminReceiver  com.cdccreditsmart.app               D  [2026-01-27 18:19:14.565] [PID:14631] [TID:3427|DefaultDispatcher-worker-2] âŒ App not found: com.android.dialer
2026-01-27 18:19:14.571 14631-14772 CDCDeviceAdminReceiver  com.cdccreditsmart.app               I  [2026-01-27 18:19:14.569] [PID:14631] [TID:3427|DefaultDispatcher-worker-2] âœ… [8/10] Apps crÃ­ticos do sistema habilitados (2 apps)
2026-01-27 18:19:14.572 14631-14772 CDCDeviceAdminReceiver  com.cdccreditsmart.app               I  [2026-01-27 18:19:14.571] [PID:14631] [TID:3427|DefaultDispatcher-worker-2] ðŸ  Configurando launcher padrÃ£o do sistema...
2026-01-27 18:19:14.578 14631-14772 CDCDeviceAdminReceiver  com.cdccreditsmart.app               I  [2026-01-27 18:19:14.576] [PID:14631] [TID:3427|DefaultDispatcher-worker-2] ðŸ  Launcher do sistema encontrado: com.android.launcher3
2026-01-27 18:19:14.596 14631-14772 CDCDeviceAdminReceiver  com.cdccreditsmart.app               I  [2026-01-27 18:19:14.594] [PID:14631] [TID:3427|DefaultDispatcher-worker-2] âœ… Launcher padrÃ£o configurado com sucesso!
2026-01-27 18:19:14.598 14631-14772 CDCDeviceAdminReceiver  com.cdccreditsmart.app               I  [2026-01-27 18:19:14.596] [PID:14631] [TID:3427|DefaultDispatcher-worker-2]    ðŸ“± Package: com.android.launcher3
2026-01-27 18:19:14.599 14631-14772 CDCDeviceAdminReceiver  com.cdccreditsmart.app               I  [2026-01-27 18:19:14.598] [PID:14631] [TID:3427|DefaultDispatcher-worker-2]    ðŸŽ¯ Activity: com.android.searchlauncher.SearchLauncher
2026-01-27 18:19:14.601 14631-14772 CDCDeviceAdminReceiver  com.cdccreditsmart.app               I  [2026-01-27 18:19:14.599] [PID:14631] [TID:3427|DefaultDispatcher-worker-2]    âœ… UsuÃ¡rio NÃƒO serÃ¡ perguntado sobre launcher!
2026-01-27 18:19:14.603 14631-14772 CDCDeviceAdminReceiver  com.cdccreditsmart.app               I  [2026-01-27 18:19:14.601] [PID:14631] [TID:3427|DefaultDispatcher-worker-2] âœ… [9/10] Launcher padrÃ£o do sistema configurado
2026-01-27 18:19:14.607 14631-14772 CDCDeviceAdminReceiver  com.cdccreditsmart.app               I  [2026-01-27 18:19:14.605] [PID:14631] [TID:3427|DefaultDispatcher-worker-2] âœ… [10/10] Flag de provisionamento salva
2026-01-27 18:19:14.609 14631-14772 CDCDeviceAdminReceiver  com.cdccreditsmart.app               I  [2026-01-27 18:19:14.607] [PID:14631] [TID:3427|DefaultDispatcher-worker-2] 
2026-01-27 18:19:14.610 14631-14772 CDCDeviceAdminReceiver  com.cdccreditsmart.app               I  [2026-01-27 18:19:14.609] [PID:14631] [TID:3427|DefaultDispatcher-worker-2] ðŸŽ‰ ==================== POLÃTICAS APLICADAS COM SUCESSO ====================
2026-01-27 18:19:14.612 14631-14772 CDCDeviceAdminReceiver  com.cdccreditsmart.app               I  [2026-01-27 18:19:14.610] [PID:14631] [TID:3427|DefaultDispatcher-worker-2] âœ… Dispositivo configurado e protegido automaticamente!
2026-01-27 18:19:14.614 14631-14772 CDCDeviceAdminReceiver  com.cdccreditsmart.app               I  [2026-01-27 18:19:14.612] [PID:14631] [TID:3427|DefaultDispatcher-worker-2] ðŸš€ Iniciando serviÃ§os da aplicaÃ§Ã£o...
2026-01-27 18:19:14.615 14631-14772 CDCDeviceAdminReceiver  com.cdccreditsmart.app               I  [2026-01-27 18:19:14.614] [PID:14631] [TID:3427|DefaultDispatcher-worker-2] 
2026-01-27 18:19:14.621 14631-14631 CdcForegroundService    com.cdccreditsmart.app               D  ðŸš€ ServiÃ§o onStartCommand() - Action: com.cdccreditsmart.app.START_SERVICE
2026-01-27 18:19:14.624 14631-14772 CDCDeviceAdminReceiver  com.cdccreditsmart.app               I  [2026-01-27 18:19:14.620] [PID:14631] [TID:3427|DefaultDispatcher-worker-2] âœ… CdcForegroundService iniciado automaticamente
2026-01-27 18:19:14.627 14631-14772 CDCDeviceAdminReceiver  com.cdccreditsmart.app               I  [2026-01-27 18:19:14.625] [PID:14631] [TID:3427|DefaultDispatcher-worker-2] âœ… Broadcast de provisionamento enviado
2026-01-27 18:19:14.629 14631-14772 CDCDeviceAdminReceiver  com.cdccreditsmart.app               I  [2026-01-27 18:19:14.627] [PID:14631] [TID:3427|DefaultDispatcher-worker-2] ðŸŽŠ AUTO-CONFIGURAÃ‡ÃƒO CONCLUÃDA COM SUCESSO!
2026-01-27 18:19:14.629 14631-14631 CdcForegroundService    com.cdccreditsmart.app               I  âœ… Foreground Service ativo (Android 12+)
2026-01-27 18:19:14.631 14631-14771 CdcForegroundService    com.cdccreditsmart.app               I  ðŸ”§ ========================================
2026-01-27 18:19:14.631 14631-14771 CdcForegroundService    com.cdccreditsmart.app               I  ðŸ”§ INICIANDO initializeServices()...
2026-01-27 18:19:14.631 14631-14771 CdcForegroundService    com.cdccreditsmart.app               I  ðŸ”§ ========================================
2026-01-27 18:19:14.631 14631-14771 CdcForegroundService    com.cdccreditsmart.app               D  âœ… ServiÃ§os base jÃ¡ inicializados
2026-01-27 18:19:14.631 14631-14772 CDCDeviceAdminReceiver  com.cdccreditsmart.app               I  [2026-01-27 18:19:14.629] [PID:14631] [TID:3427|DefaultDispatcher-worker-2] ==================== FIM DA AUTO-CONFIGURAÃ‡ÃƒO ====================
2026-01-27 18:19:14.633 14631-14772 CDCDeviceAdminReceiver  com.cdccreditsmart.app               I  [2026-01-27 18:19:14.631] [PID:14631] [TID:3427|DefaultDispatcher-worker-2] 
2026-01-27 18:19:14.635 14631-14631 AutoProvis...ngReceiver com.cdccreditsmart.app               I  
2026-01-27 18:19:14.635 14631-14631 AutoProvis...ngReceiver com.cdccreditsmart.app               I  ðŸŽ‰ ==================== AUTO-PROVISIONAMENTO DETECTADO ====================
2026-01-27 18:19:14.635 14631-14631 AutoProvis...ngReceiver com.cdccreditsmart.app               I  âœ… Broadcast de auto-provisionamento recebido!
2026-01-27 18:19:14.635 14631-14631 AutoProvis...ngReceiver com.cdccreditsmart.app               I  ðŸ”§ Aplicando proteÃ§Ãµes completas do app...
2026-01-27 18:19:14.636 14631-14772 AutoProvis...ngReceiver com.cdccreditsmart.app               I  ðŸ›¡ï¸ Iniciando aplicaÃ§Ã£o de proteÃ§Ãµes completas...
2026-01-27 18:19:14.636 14631-14772 AutoProvis...ngReceiver com.cdccreditsmart.app               I  
2026-01-27 18:19:14.636 14631-14772 AutoProvis...ngReceiver com.cdccreditsmart.app               I  ðŸ“‹ [0/7] Detectando enrollment pÃ³s-factory-reset...
2026-01-27 18:19:14.640 14631-14772 EnrollmentManager       com.cdccreditsmart.app               I  ========================================
2026-01-27 18:19:14.640 14631-14772 EnrollmentManager       com.cdccreditsmart.app               I  ðŸ” VALIDANDO STATUS DE ENROLLMENT
2026-01-27 18:19:14.640 14631-14772 EnrollmentManager       com.cdccreditsmart.app               I  ========================================
2026-01-27 18:19:14.640 14631-14772 EnrollmentManager       com.cdccreditsmart.app               I  ========================================
2026-01-27 18:19:14.640 14631-14772 EnrollmentManager       com.cdccreditsmart.app               I  ðŸ” DETECTANDO TIPO DE ENROLLMENT
2026-01-27 18:19:14.640 14631-14772 EnrollmentManager       com.cdccreditsmart.app               I  ========================================
2026-01-27 18:19:14.641 14631-14772 KnoxEnrollmentHelper    com.cdccreditsmart.app               D  Verificando fabricante: realme
2026-01-27 18:19:14.641 14631-14772 KnoxEnrollmentHelper    com.cdccreditsmart.app               D  Ã‰ Samsung? false
2026-01-27 18:19:14.641 14631-14772 EnrollmentManager       com.cdccreditsmart.app               I  ðŸ“± Dispositivo nÃ£o-Samsung - verificando Zero-Touch...
2026-01-27 18:19:14.642 14631-14772 ZeroTouchHelper         com.cdccreditsmart.app               D  ========================================
2026-01-27 18:19:14.642 14631-14772 ZeroTouchHelper         com.cdccreditsmart.app               D  ðŸ” VERIFICANDO ZERO-TOUCH ENROLLMENT
2026-01-27 18:19:14.642 14631-14772 ZeroTouchHelper         com.cdccreditsmart.app               D  ========================================
2026-01-27 18:19:14.642 14631-14772 ZeroTouchHelper         com.cdccreditsmart.app               D    â€¢ Fabricante: realme
2026-01-27 18:19:14.642 14631-14772 ZeroTouchHelper         com.cdccreditsmart.app               D    â€¢ Android version: 14 (SDK 34)
2026-01-27 18:19:14.642 14631-14772 ZeroTouchHelper         com.cdccreditsmart.app               D    â€¢ Fabricante suportado: false
2026-01-27 18:19:14.642 14631-14772 ZeroTouchHelper         com.cdccreditsmart.app               D    âŒ Fabricante nÃ£o estÃ¡ na lista de suporte Zero-Touch
2026-01-27 18:19:14.642 14631-14772 ZeroTouchHelper         com.cdccreditsmart.app               D  ========================================
2026-01-27 18:19:14.642 14631-14772 EnrollmentManager       com.cdccreditsmart.app               I  âš ï¸ Dispositivo nÃ£o suporta Zero-Touch
2026-01-27 18:19:14.642 14631-14772 EnrollmentManager       com.cdccreditsmart.app               I  âŒ NENHUM ENROLLMENT DETECTADO
2026-01-27 18:19:14.645 14631-14772 EnrollmentManager       com.cdccreditsmart.app               D  âœ… Enrollment type cached: NONE
2026-01-27 18:19:14.645 14631-14772 EnrollmentManager       com.cdccreditsmart.app               I  ========================================
2026-01-27 18:19:14.646 14631-14772 EnrollmentManager       com.cdccreditsmart.app               I  âœ… Enrollment Status validado:
2026-01-27 18:19:14.646 14631-14772 EnrollmentManager       com.cdccreditsmart.app               I     â€¢ Is Enrolled: false
2026-01-27 18:19:14.647 14631-14772 EnrollmentManager       com.cdccreditsmart.app               I     â€¢ Enrollment Type: NONE
2026-01-27 18:19:14.647 14631-14772 EnrollmentManager       com.cdccreditsmart.app               I     â€¢ Can Re-Enroll After Reset: false
2026-01-27 18:19:14.647 14631-14772 EnrollmentManager       com.cdccreditsmart.app               I  
2026-01-27 18:19:14.647 14631-14772 EnrollmentManager       com.cdccreditsmart.app               I  Detalhes:
2026-01-27 18:19:14.647 14631-14772 EnrollmentManager       com.cdccreditsmart.app               I     Nenhum enrollment detectado.
2026-01-27 18:19:14.647 14631-14772 EnrollmentManager       com.cdccreditsmart.app               I     O dispositivo pode nÃ£o estar configurado para reinstalaÃ§Ã£o automÃ¡tica apÃ³s factory reset.
2026-01-27 18:19:14.647 14631-14772 EnrollmentManager       com.cdccreditsmart.app               I  ========================================
2026-01-27 18:19:14.647 14631-14772 AutoProvis...ngReceiver com.cdccreditsmart.app               I  ðŸ“Š Status de Enrollment:
2026-01-27 18:19:14.648 14631-14772 AutoProvis...ngReceiver com.cdccreditsmart.app               I     Tipo: NONE
2026-01-27 18:19:14.648 14631-14772 AutoProvis...ngReceiver com.cdccreditsmart.app               I     Enrolled: false
2026-01-27 18:19:14.648 14631-14772 AutoProvis...ngReceiver com.cdccreditsmart.app               I     Fabricante: realme
2026-01-27 18:19:14.648 14631-14772 AutoProvis...ngReceiver com.cdccreditsmart.app               I     Modelo: RMX3938
2026-01-27 18:19:14.648 14631-14772 AutoProvis...ngReceiver com.cdccreditsmart.app               W  âš ï¸ Dispositivo NÃƒO estÃ¡ enrolled
2026-01-27 18:19:14.648 14631-14772 AutoProvis...ngReceiver com.cdccreditsmart.app               W     â†’ Factory reset via recovery mode removerÃ¡ o app PERMANENTEMENTE
2026-01-27 18:19:14.648 14631-14772 AutoProvis...ngReceiver com.cdccreditsmart.app               W     â†’ RecomendaÃ§Ã£o: Configurar Knox KME ou Zero-Touch Enrollment
2026-01-27 18:19:14.648 14631-14772 AutoProvis...ngReceiver com.cdccreditsmart.app               I  
2026-01-27 18:19:14.648 14631-14772 AutoProvis...ngReceiver com.cdccreditsmart.app               I  ðŸ“‹ [1/7] Aplicando proteÃ§Ãµes mÃ¡ximas anti-remoÃ§Ã£o...
2026-01-27 18:19:14.648 14631-14772 AppProtectionManager    com.cdccreditsmart.app               I  ========================================
2026-01-27 18:19:14.648 14631-14772 AppProtectionManager    com.cdccreditsmart.app               I  ðŸ›¡ï¸ APLICANDO PROTEÃ‡ÃƒO MÃXIMA ANTI-REMOÃ‡ÃƒO
2026-01-27 18:19:14.648 14631-14772 AppProtectionManager    com.cdccreditsmart.app               I  ========================================
2026-01-27 18:19:14.649 14631-14772 AppProtectionManager    com.cdccreditsmart.app               I  âœ… App Ã© Device Owner - aplicando proteÃ§Ãµes absolutas...
2026-01-27 18:19:14.655 14631-14772 AppProtectionManager    com.cdccreditsmart.app               I  âœ… [1/10] DESINSTALAÃ‡ÃƒO BLOQUEADA
2026-01-27 18:19:14.656 14631-14772 AppProtectionManager    com.cdccreditsmart.app               I          â†’ UsuÃ¡rio NÃƒO pode desinstalar o app
2026-01-27 18:19:14.656 14631-14772 AppProtectionManager    com.cdccreditsmart.app               I  ðŸ” [2/10] BLOQUEANDO REMOÃ‡ÃƒO DO DEVICE ADMIN
2026-01-27 18:19:14.664 14631-14772 AppProtectionManager    com.cdccreditsmart.app               W          â¸ï¸ DISALLOW_MODIFY_ACCOUNTS adiado - pareamento nÃ£o concluÃ­do
2026-01-27 18:19:14.664 14631-14772 AppProtectionManager    com.cdccreditsmart.app               W             â†’ SerÃ¡ aplicado apÃ³s ativaÃ§Ã£o para permitir Play Store/FCM
2026-01-27 18:19:14.664 14631-14772 AppProtectionManager    com.cdccreditsmart.app               W          â¸ï¸ DISALLOW_ADD_USER adiado - pareamento nÃ£o concluÃ­do
2026-01-27 18:19:14.671 14631-14772 AppProtectionManager    com.cdccreditsmart.app               I          âœ… RemoÃ§Ã£o de usuÃ¡rios bloqueada
2026-01-27 18:19:14.671 14631-14772 AppProtectionManager    com.cdccreditsmart.app               W          âš ï¸ ADB/Debugging mantido ATIVO (debugging Device Owner)
2026-01-27 18:19:14.671 14631-14772 AppProtectionManager    com.cdccreditsmart.app               W             â†’ TODO: Reativar antes do release final
2026-01-27 18:19:14.671 14631-14772 AppProtectionManager    com.cdccreditsmart.app               W          âš ï¸ USB transfer mantido ATIVO (debugging Device Owner)
2026-01-27 18:19:14.671 14631-14772 AppProtectionManager    com.cdccreditsmart.app               W             â†’ TODO: Reativar antes do release final
2026-01-27 18:19:14.671 14631-14772 AppProtectionManager    com.cdccreditsmart.app               I          â„¹ï¸ Device Owner NÃƒO pode ser desativado via Settings
2026-01-27 18:19:14.671 14631-14772 AppProtectionManager    com.cdccreditsmart.app               I             â†’ BotÃ£o 'Deactivate device admin' nÃ£o aparece para Device Owner
2026-01-27 18:19:14.671 14631-14772 AppProtectionManager    com.cdccreditsmart.app               W          âš ï¸ Algumas proteÃ§Ãµes nÃ£o puderam ser aplicadas
