2025-12-09 15:27:14.803  4987-15821 SmartPanelService       pid-4987                             I  processKill processName = com.mediatek.schpwronoff packages = [com.mediatek.schpwronoff]
2025-12-09 15:27:14.803  4987-4987  SmartPanelRepository    pid-4987                             I  hasLoadData true  data size = 11
2025-12-09 15:27:14.803  4987-15821 ScenesManager           pid-4987                             I  [com.mediatek.schpwronoff]
2025-12-09 15:27:14.803  1556-2002  ActivityManager         pid-1556                             I  Killing 15121:com.google.android.setupwizard/u10a157 (adj 999): empty #127
2025-12-09 15:27:14.803  1556-2002  Process                 pid-1556                             I  Sending signal quietly. PID: 15121 SIG: 9
2025-12-09 15:27:14.804  1556-2002  ActivityManager         pid-1556                             I  Killing 13339:com.google.android.tts/u10a134 (adj 999): empty #128
2025-12-09 15:27:14.804  4987-17833 SmartPanelService       pid-4987                             I  processKill processName = com.google.android.setupwizard packages = [com.google.android.setupwizard]
2025-12-09 15:27:14.804  4987-4987  SceneController         pid-4987                             D  checkCanShow canShow: true  changed false 
2025-12-09 15:27:14.805  4987-17833 ScenesManager           pid-4987                             I  [com.google.android.setupwizard]
2025-12-09 15:27:14.805  4987-4987  SmartPanelRepository    pid-4987                             I  hasLoadData true  data size = 11
2025-12-09 15:27:14.806  4987-4987  SceneController         pid-4987                             D  checkCanShow canShow: true  changed false 
2025-12-09 15:27:14.806  1556-2002  Process                 pid-1556                             I  Sending signal quietly. PID: 13339 SIG: 9
2025-12-09 15:27:14.806  4987-4987  SmartPanelRepository    pid-4987                             I  hasLoadData true  data size = 11
2025-12-09 15:27:14.807  1556-2002  ActivityManager         pid-1556                             I  Killing 20283:com.google.android.onetimeinitializer/u0a99 (adj 999): empty #129
2025-12-09 15:27:14.807  1556-2002  Process                 pid-1556                             I  Sending signal quietly. PID: 20283 SIG: 9
2025-12-09 15:27:14.807  4987-17833 SmartPanelService       pid-4987                             I  processKill processName = com.google.android.tts packages = [com.google.android.tts]
2025-12-09 15:27:14.807  4987-17833 ScenesManager           pid-4987                             I  [com.google.android.tts]
2025-12-09 15:27:14.807  4987-4987  SceneController         pid-4987                             D  checkCanShow canShow: true  changed false 
2025-12-09 15:27:14.808  1556-2002  ActivityManager         pid-1556                             I  Killing 17391:com.transsion.folax/u10a177 (adj 999): empty #130
2025-12-09 15:27:14.808  4987-17833 SmartPanelService       pid-4987                             I  processKill processName = com.google.android.onetimeinitializer packages = [com.google.android.onetimeinitializer]
2025-12-09 15:27:14.808  4987-17833 ScenesManager           pid-4987                             I  [com.google.android.onetimeinitializer]
2025-12-09 15:27:14.808  1556-2002  Process                 pid-1556                             I  Sending signal quietly. PID: 17391 SIG: 9
2025-12-09 15:27:14.808  1556-2002  ActivityManager         pid-1556                             I  Killing 17558:com.xui.xhide/u10s1000 (adj 999): empty #131
2025-12-09 15:27:14.808  4987-17833 SmartPanelService       pid-4987                             I  processKill processName = com.transsion.folax packages = [com.transsion.folax]
2025-12-09 15:27:14.808  4987-17833 ScenesManager           pid-4987                             I  [com.transsion.folax]
2025-12-09 15:27:14.808  1556-2002  Process                 pid-1556                             I  Sending signal quietly. PID: 17558 SIG: 9
2025-12-09 15:27:14.808  4987-4987  SmartPanelRepository    pid-4987                             I  hasLoadData true  data size = 11
2025-12-09 15:27:14.809  1556-2002  ActivityManager         pid-1556                             I  Killing 17106:com.transsion.livewallpaper.page/u10a162 (adj 999): empty #132
2025-12-09 15:27:14.809  4987-17833 SmartPanelService       pid-4987                             I  processKill processName = com.xui.xhide packages = [com.xui.xhide]
2025-12-09 15:27:14.809  4987-17833 ScenesManager           pid-4987                             I  [com.xui.xhide]
2025-12-09 15:27:14.809  1556-2002  Process                 pid-1556                             I  Sending signal quietly. PID: 17106 SIG: 9
2025-12-09 15:27:14.809  4987-4987  SceneController         pid-4987                             D  checkCanShow canShow: true  changed false 
2025-12-09 15:27:14.809  1556-2002  ActivityManager         pid-1556                             I  Killing 17049:com.transsion.kolun.assistant/u10a194 (adj 999): empty #133
2025-12-09 15:27:14.809  4987-17833 SmartPanelService       pid-4987                             I  processKill processName = com.transsion.livewallpaper.page packages = [com.transsion.livewallpaper.page]
2025-12-09 15:27:14.810  4987-4987  SmartPanelRepository    pid-4987                             I  hasLoadData true  data size = 11
2025-12-09 15:27:14.810  4987-17833 ScenesManager           pid-4987                             I  [com.transsion.livewallpaper.page]
2025-12-09 15:27:14.810  1556-2002  Process                 pid-1556                             I  Sending signal quietly. PID: 17049 SIG: 9
2025-12-09 15:27:14.810  4987-4987  SceneController         pid-4987                             D  checkCanShow canShow: true  changed false 
2025-12-09 15:27:14.810  1556-2002  ActivityManager         pid-1556                             I  Killing 17788:com.scorpio.securitycom/u10a108 (adj 999): empty #134
2025-12-09 15:27:14.810  4987-4987  SmartPanelRepository    pid-4987                             I  hasLoadData true  data size = 11
2025-12-09 15:27:14.811  1556-2002  Process                 pid-1556                             I  Sending signal quietly. PID: 17788 SIG: 9
2025-12-09 15:27:14.811  4987-17833 SmartPanelService       pid-4987                             I  processKill processName = com.transsion.kolun.assistant packages = [com.transsion.kolun.assistant]
2025-12-09 15:27:14.811  4987-17833 ScenesManager           pid-4987                             I  [com.transsion.kolun.assistant]
2025-12-09 15:27:14.811  4987-17833 SmartPanelService       pid-4987                             I  processKill processName = com.scorpio.securitycom packages = [com.scorpio.securitycom]
2025-12-09 15:27:14.811  4987-17833 ScenesManager           pid-4987                             I  [com.scorpio.securitycom]
2025-12-09 15:27:14.811  1556-2002  ActivityManager         pid-1556                             I  Killing 17627:com.mediatek.simprocessor/u10s1000 (adj 999): empty #135
2025-12-09 15:27:14.811  4987-4987  SceneController         pid-4987                             D  checkCanShow canShow: true  changed false 
2025-12-09 15:27:14.811  1556-2002  Process                 pid-1556                             I  Sending signal quietly. PID: 17627 SIG: 9
2025-12-09 15:27:14.811  4987-4987  SmartPanelRepository    pid-4987                             I  hasLoadData true  data size = 11
2025-12-09 15:27:14.812  1556-2002  ActivityManager         pid-1556                             I  Killing 17449:com.mediatek.schpwronoff/u10s1000 (adj 999): empty #136
2025-12-09 15:27:14.812  1556-2002  Process                 pid-1556                             I  Sending signal quietly. PID: 17449 SIG: 9
2025-12-09 15:27:14.812  1556-2002  ActivityManager         pid-1556                             I  Killing 17417:com.transsion.settings.bluetooth/u10s1000 (adj 999): empty #137
2025-12-09 15:27:14.813  1556-2002  Process                 pid-1556                             I  Sending signal quietly. PID: 17417 SIG: 9
2025-12-09 15:27:14.813  1556-2002  ActivityManager         pid-1556                             I  Killing 17074:com.mediatek.batterywarning/u10s1000 (adj 999): empty #138
2025-12-09 15:27:14.814  1556-2002  Process                 pid-1556                             I  Sending signal quietly. PID: 17074 SIG: 9
2025-12-09 15:27:14.813  4987-17833 SmartPanelService       pid-4987                             I  processKill processName = com.mediatek.simprocessor packages = [com.mediatek.simprocessor]
2025-12-09 15:27:14.814  4987-17833 ScenesManager           pid-4987                             I  [com.mediatek.simprocessor]
2025-12-09 15:27:14.815  1556-2002  ActivityManager         pid-1556                             I  Killing 17252:com.transsion.microintelligence/u10s1000 (adj 999): empty #139
2025-12-09 15:27:14.815  1556-2011  SmartPanelDelegator     pid-1556                             D  drop check call 812 now 814
2025-12-09 15:27:14.815  1556-2002  Process                 pid-1556                             I  Sending signal quietly. PID: 17252 SIG: 9
2025-12-09 15:27:14.815  1556-2011  SmartPanelDelegator     pid-1556                             D  drop check call 813 now 814
2025-12-09 15:27:14.815  4987-17833 SmartPanelService       pid-4987                             I  processKill processName = com.mediatek.batterywarning packages = [com.mediatek.batterywarning]
2025-12-09 15:27:14.815  4987-17833 ScenesManager           pid-4987                             I  [com.mediatek.batterywarning]
2025-12-09 15:27:14.816  4987-15821 SmartPanelService       pid-4987                             I  processKill processName = com.transsion.microintelligence packages = [com.transsion.microintelligence]
2025-12-09 15:27:14.816  4987-15821 ScenesManager           pid-4987                             I  [com.transsion.microintelligence]
2025-12-09 15:27:14.816  1556-2002  ActivityManager         pid-1556                             I  Killing 17240:com.transsion.ossettingsext/u10s1000 (adj 999): empty #140
2025-12-09 15:27:14.816  4987-4987  SceneController         pid-4987                             D  checkCanShow canShow: true  changed false 
2025-12-09 15:27:14.816  4987-4987  SmartPanelRepository    pid-4987                             I  hasLoadData true  data size = 11
2025-12-09 15:27:14.816  1556-2002  Process                 pid-1556                             I  Sending signal quietly. PID: 17240 SIG: 9
2025-12-09 15:27:14.816  1556-2002  ActivityManager         pid-1556                             I  Killing 16598:com.google.android.packageinstaller/u10a153 (adj 999): empty #141
2025-12-09 15:27:14.816  4987-17833 SmartPanelService       pid-4987                             I  processKill processName = com.transsion.ossettingsext packages = [com.transsion.ossettingsext]
2025-12-09 15:27:14.816  4987-17833 ScenesManager           pid-4987                             I  [com.transsion.ossettingsext]
2025-12-09 15:27:14.817  1556-2002  Process                 pid-1556                             I  Sending signal quietly. PID: 16598 SIG: 9
2025-12-09 15:27:14.817  1556-2002  ActivityManager         pid-1556                             I  Killing 16795:com.google.android.marvin.talkback/u10a145 (adj 999): empty #142
2025-12-09 15:27:14.817  4987-17833 SmartPanelService       pid-4987                             I  processKill processName = com.google.android.packageinstaller packages = [com.google.android.packageinstaller]
2025-12-09 15:27:14.817  4987-17833 ScenesManager           pid-4987                             I  [com.google.android.packageinstaller]
2025-12-09 15:27:14.817  1556-2002  Process                 pid-1556                             I  Sending signal quietly. PID: 16795 SIG: 9
2025-12-09 15:27:14.817  4987-4987  SceneController         pid-4987                             D  checkCanShow canShow: true  changed false 
2025-12-09 15:27:14.818  4987-4987  SmartPanelRepository    pid-4987                             I  hasLoadData true  data size = 11
2025-12-09 15:27:14.818  4987-17833 SmartPanelService       pid-4987                             I  processKill processName = com.google.android.marvin.talkback packages = [com.google.android.marvin.talkback]
2025-12-09 15:27:14.818  4987-17833 ScenesManager           pid-4987                             I  [com.google.android.marvin.talkback]
2025-12-09 15:27:14.819  4987-4987  SceneController         pid-4987                             D  checkCanShow canShow: true  changed false 
2025-12-09 15:27:14.819  4987-4987  SmartPanelRepository    pid-4987                             I  hasLoadData true  data size = 11
2025-12-09 15:27:14.819  1556-2002  ActivityManager         pid-1556                             I  Killing 16624:com.android.traceur/u10a87 (adj 999): empty #143
2025-12-09 15:27:14.820  1556-2002  Process                 pid-1556                             I  Sending signal quietly. PID: 16624 SIG: 9
2025-12-09 15:27:14.820  4987-4987  SceneController         pid-4987                             D  checkCanShow canShow: true  changed false 
2025-12-09 15:27:14.823  1556-2002  ActivityManager         pid-1556                             I  Killing 4044:com.google.android.devicelockcontroller/u0a231 (adj 999): empty #144
2025-12-09 15:27:14.824  1556-2002  Process                 pid-1556                             I  Sending signal quietly. PID: 4044 SIG: 9
2025-12-09 15:27:14.824  1556-2002  ActivityManager         pid-1556                             I  Killing 16300:com.android.nfc/u10s1027 (adj 999): empty #145
2025-12-09 15:27:14.824  1556-2002  Process                 pid-1556                             I  Sending signal quietly. PID: 16300 SIG: 9
2025-12-09 15:27:14.825  1556-2002  ActivityManager         pid-1556                             I  Killing 16074:com.android.managedprovisioning/u10a66 (adj 999): empty #146
2025-12-09 15:27:14.825  1556-2002  Process                 pid-1556                             I  Sending signal quietly. PID: 16074 SIG: 9
2025-12-09 15:27:14.825  1556-2002  ActivityManager         pid-1556                             I  Killing 12913:com.google.android.devicelockcontroller/u10a231 (adj 999): empty #147
2025-12-09 15:27:14.825  1556-2002  Process                 pid-1556                             I  Sending signal quietly. PID: 12913 SIG: 9
2025-12-09 15:27:14.826  1556-2002  ActivityManager         pid-1556                             I  Killing 13618:system/u10s1000 (adj 999): empty #148
2025-12-09 15:27:14.826  1556-2002  Process                 pid-1556                             I  Sending signal quietly. PID: 13618 SIG: 9
2025-12-09 15:27:14.827  1556-2002  ActivityManager         pid-1556                             I  Killing 12515:com.transsion.aod/u10s1000 (adj 999): empty #149
2025-12-09 15:27:14.827  1556-2002  Process                 pid-1556                             I  Sending signal quietly. PID: 12515 SIG: 9
2025-12-09 15:27:14.827  1556-2002  ActivityManager         pid-1556                             I  Killing 10589:com.transsion.overlaysuw/u10s1000 (adj 999): empty #150
2025-12-09 15:27:14.828  1556-2002  Process                 pid-1556                             I  Sending signal quietly. PID: 10589 SIG: 9
2025-12-09 15:27:14.828  1556-2002  ActivityManager         pid-1556                             I  Killing 7783:com.google.android.packageinstaller/u0a153 (adj 999): empty #151
2025-12-09 15:27:14.828  1556-2002  Process                 pid-1556                             I  Sending signal quietly. PID: 7783 SIG: 9
2025-12-09 15:27:14.828  1556-2011  SmartPanelDelegator     pid-1556                             D  drop check call 819 now 826
2025-12-09 15:27:14.828  1556-2011  SmartPanelDelegator     pid-1556                             D  drop check call 820 now 826
2025-12-09 15:27:14.828  1556-2011  SmartPanelDelegator     pid-1556                             D  drop check call 821 now 826
2025-12-09 15:27:14.828  1556-2011  SmartPanelDelegator     pid-1556                             D  drop check call 822 now 826
2025-12-09 15:27:14.828  1556-2011  SmartPanelDelegator     pid-1556                             D  drop check call 823 now 826
2025-12-09 15:27:14.828  1556-2011  SmartPanelDelegator     pid-1556                             D  drop check call 824 now 826
2025-12-09 15:27:14.828  1556-2011  SmartPanelDelegator     pid-1556                             D  drop check call 825 now 826
2025-12-09 15:27:14.830  1556-1656  ApplicationHelper       pid-1556                             E  Fail to get PackageManager
2025-12-09 15:27:14.830  1556-1656  ApplicationHelper       pid-1556                             E  Fail to get PackageManager
2025-12-09 15:27:14.830  1556-1656  ApplicationHelper       pid-1556                             E  Fail to get PackageManager
2025-12-09 15:27:14.831  4987-17833 SmartPanelService       pid-4987                             I  processKill processName = com.transsion.overlaysuw packages = [com.transsion.overlaysuw]
2025-12-09 15:27:14.832  4987-17833 ScenesManager           pid-4987                             I  [com.transsion.overlaysuw]
2025-12-09 15:27:14.832  4987-15821 SmartPanelService       pid-4987                             I  processKill processName = com.google.android.packageinstaller packages = [com.google.android.packageinstaller]
2025-12-09 15:27:14.832  4987-15821 ScenesManager           pid-4987                             I  [com.google.android.packageinstaller]
2025-12-09 15:27:14.832  4987-4987  SmartPanelRepository    pid-4987                             I  hasLoadData true  data size = 11
2025-12-09 15:27:14.833  1556-1656  ApplicationHelper       pid-1556                             E  Fail to get PackageManager
2025-12-09 15:27:14.835  4987-4987  SceneController         pid-4987                             D  checkCanShow canShow: true  changed false 
2025-12-09 15:27:14.839  1556-1830  tranpm/BehaviorManager  pid-1556                             D  onMemPressureChange : level 0
2025-12-09 15:27:14.893  1556-3432  ActivityManager         pid-1556                             V  Death received in com.android.server.am.ActivityManagerService$AppDeathRecipient@3a31440 for thread android.os.BinderProxy@61b4f79
2025-12-09 15:27:14.894  1556-3432  os.Activit...erviceLice pid-1556                             D  make process inactive com.google.android.partnersetup(32099)
2025-12-09 15:27:14.895   904-904   Zygote                  pid-904                              I  Process 32099 exited due to signal 9 (Killed)
2025-12-09 15:27:14.898  1556-3432  mtkpower_client         pid-1556                             I  [PowerHal_Wrap_notifyAppState] com.google.android.partnersetup/com.google.android.partnersetup pid=32099 activityId:32099 state:3
2025-12-09 15:27:14.898  1556-3432  mtkpower_client         pid-1556                             I  [Legacy][PowerHal_Wrap_notifyAppState] com.google.android.partnersetup/com.google.android.partnersetup pid=32099 state:32099
2025-12-09 15:27:14.901  1556-1656  DisplayManagerService   pid-1556                             D  Drop pending events for gone uid 10100
2025-12-09 15:27:14.901   955-1039  libPowerHal             pid-955                              I  [perfNotifyAppState] pack:com.google.android.partnersetup, act:com.google.android.partnersetup, state:3, pid:32099, uid:10100, fps:-1
2025-12-09 15:27:14.901   955-1039  libPowerHal             pid-955                              I  [perfNotifyAppState] pack:com.google.android.partnersetup, pid:32099, STATE_DEAD
2025-12-09 15:27:14.901   955-1039  RilUtility              pid-955                              D  notify_rild_crash_pid_set certPid:-1, crash:32099, scn:0x0
2025-12-09 15:27:14.951   523-523   lowmemorykiller         pid-523                              I  TranMemoryInfo: vmstat time slice: 10060
2025-12-09 15:27:14.951   523-523   lowmemorykiller         pid-523                              I  TranMemoryInfo: PSI stat: 1, 1.49, 4.64, 0.79, 2.44
2025-12-09 15:27:14.951   523-523   lowmemorykiller         pid-523                              I  TranMemoryInfo: vmstat: 2856, 0, 0, 0, 16390
2025-12-09 15:27:14.961  1556-4916  ActivityManager         pid-1556                             V  Death received in com.android.server.am.ActivityManagerService$AppDeathRecipient@a92678 for thread android.os.BinderProxy@a8e2151
2025-12-09 15:27:14.962  1556-4916  os.Activit...erviceLice pid-1556                             D  make process inactive com.google.android.as.oss(25924)
2025-12-09 15:27:14.962   904-904   Zygote                  pid-904                              I  Process 25924 exited due to signal 9 (Killed)
2025-12-09 15:27:14.964  1556-4916  mtkpower_client         pid-1556                             I  [PowerHal_Wrap_notifyAppState] com.google.android.as.oss/com.google.android.as.oss pid=25924 activityId:25924 state:3
2025-12-09 15:27:14.964  1556-4916  mtkpower_client         pid-1556                             I  [Legacy][PowerHal_Wrap_notifyAppState] com.google.android.as.oss/com.google.android.as.oss pid=25924 state:25924
2025-12-09 15:27:14.965   955-1039  libPowerHal             pid-955                              I  [perfNotifyAppState] pack:com.google.android.as.oss, act:com.google.android.as.oss, state:3, pid:25924, uid:10107, fps:-1
2025-12-09 15:27:14.965   955-1039  libPowerHal             pid-955                              I  [perfNotifyAppState] pack:com.google.android.as.oss, pid:25924, STATE_DEAD
2025-12-09 15:27:14.965   955-1039  RilUtility              pid-955                              D  notify_rild_crash_pid_set certPid:-1, crash:25924, scn:0x0
2025-12-09 15:27:14.967  1556-1656  DisplayManagerService   pid-1556                             D  Drop pending events for gone uid 10107
2025-12-09 15:27:15.007  1556-3693  ActivityManager         pid-1556                             V  Death received in com.android.server.am.ActivityManagerService$AppDeathRecipient@646e06b for thread android.os.BinderProxy@25057c8
2025-12-09 15:27:15.008  1556-3693  os.Activit...erviceLice pid-1556                             D  make process inactive com.google.android.partnersetup(18439)
2025-12-09 15:27:15.012  1556-1656  DisplayManagerService   pid-1556                             D  Drop pending events for gone uid 1010100
2025-12-09 15:27:15.012   904-904   Zygote                  pid-904                              I  Process 18439 exited due to signal 9 (Killed)
2025-12-09 15:27:15.014  1556-3693  mtkpower_client         pid-1556                             I  [PowerHal_Wrap_notifyAppState] com.google.android.partnersetup/com.google.android.partnersetup pid=18439 activityId:18439 state:3
2025-12-09 15:27:15.014   955-1039  libPowerHal             pid-955                              I  [perfNotifyAppState] pack:com.google.android.partnersetup, act:com.google.android.partnersetup, state:3, pid:18439, uid:1010100, fps:-1
2025-12-09 15:27:15.014   955-1039  libPowerHal             pid-955                              I  [perfNotifyAppState] pack:com.google.android.partnersetup, pid:18439, STATE_DEAD
2025-12-09 15:27:15.014   955-1039  RilUtility              pid-955                              D  notify_rild_crash_pid_set certPid:-1, crash:18439, scn:0x0
2025-12-09 15:27:15.015  1556-3693  mtkpower_client         pid-1556                             I  [Legacy][PowerHal_Wrap_notifyAppState] com.google.android.partnersetup/com.google.android.partnersetup pid=18439 state:18439
2025-12-09 15:27:15.017  1556-4925  ActivityManager         pid-1556                             V  Death received in com.android.server.am.ActivityManagerService$AppDeathRecipient@8a0cbe4 for thread android.os.BinderProxy@ee784d
2025-12-09 15:27:15.018   904-904   Zygote                  pid-904                              I  Process 26052 exited due to signal 9 (Killed)
2025-12-09 15:27:15.025  1556-4338  ActivityManager         pid-1556                             V  Death received in com.android.server.am.ActivityManagerService$AppDeathRecipient@3f0ba5d for thread android.os.BinderProxy@735dfd2
2025-12-09 15:27:15.025   904-904   Zygote                  pid-904                              I  Process 12707 exited due to signal 9 (Killed)
2025-12-09 15:27:15.034  4987-14063 ScenesManager           pid-4987                             I  put createTaskId 
2025-12-09 15:27:15.047  4987-14063 THubApi                 pid-4987                             D  getWindowingMode TaskInfo{userId=0 taskId=7 displayId=0 isRunning=true baseIntent=Intent { act=android.intent.action.MAIN cat=[android.intent.category.HOME] flg=0x10208000 cmp=com.transsion.XOSLauncher/com.android.launcher3.uioverrides.QuickstepLauncher } baseActivity=ComponentInfo{com.transsion.XOSLauncher/com.android.launcher3.uioverrides.QuickstepLauncher} topActivity=ComponentInfo{com.transsion.XOSLauncher/com.android.launcher3.uioverrides.QuickstepLauncher} origActivity=null realActivity=ComponentInfo{com.transsion.XOSLauncher/com.android.launcher3.uioverrides.QuickstepLauncher} numActivities=1 lastActiveTime=881559 supportsMultiWindow=false resizeMode=2 isResizeable=true minWidth=-1 minHeight=-1 defaultMinSize=110 token=WCT{android.window.IWindowContainerToken$Stub$Proxy@32f2fe5} topActivityType=2 pictureInPictureParams=null shouldDockBigOverlays=false launchIntoPipHostTaskId=-1 lastParentTaskIdBeforePip=-1 displayCutoutSafeInsets=null topActivityInfo=ActivityInfo{bcd5aba com.android.launcher3.uioverrides.QuickstepLauncher} launchCookies=[] positionInParent=Point(0, 0) parentTaskId=-1 isFocused=true isVisible=true isVisibleRequested=true isSleeping=false locusId=LocusId[17_chars] displayAreaFeatureId=1 isTopActivityTransparent=false appCompatTaskInfo=AppCompatTaskInfo { topActivityInSizeCompat=false topActivityEligibleForLetterboxEducation= falseisLetterboxEducationEnabled= false isLetterboxDoubleTapEnabled= false topActivityEligibleForUserAspectRatioButton= false topActivityBoundsLetterboxed= false isFromLetterboxDoubleTap= false topActivityLetterboxVerticalPosition= -1 topActivityLetterboxHorizontalPosition= -1 topActivityLetterboxWidth=1080 topActivityLetterboxHeight=2436 isUserFullscreenOverrideEnabled=false isSystemFullscreenOverrideEnabled=false cameraCompatTaskInfo=CameraCompatTaskInfo { cameraCompatControlState=hidden freeformCameraCompatMode=inactive}}}
2025-12-09 15:27:15.048  4987-14063 THubApi                 pid-4987                             I  isTheMainScreen classname: com.android.launcher3.uioverrides.QuickstepLauncher  pkg:com.transsion.XOSLauncher
2025-12-09 15:27:15.050  1556-4689  TranActivi...gerService pid-1556                             D  isTheMainScreen, displayId = 0, classname = com.android.launcher3.uioverrides.QuickstepLauncher
2025-12-09 15:27:15.051  1556-4925  os.Activit...erviceLice pid-1556                             D  make process inactive com.facebook.katana(26052)
2025-12-09 15:27:15.052  4987-14063 THubApi                 pid-4987                             D  getUserId TaskInfo{userId=0 taskId=7 displayId=0 isRunning=true baseIntent=Intent { act=android.intent.action.MAIN cat=[android.intent.category.HOME] flg=0x10208000 cmp=com.transsion.XOSLauncher/com.android.launcher3.uioverrides.QuickstepLauncher } baseActivity=ComponentInfo{com.transsion.XOSLauncher/com.android.launcher3.uioverrides.QuickstepLauncher} topActivity=ComponentInfo{com.transsion.XOSLauncher/com.android.launcher3.uioverrides.QuickstepLauncher} origActivity=null realActivity=ComponentInfo{com.transsion.XOSLauncher/com.android.launcher3.uioverrides.QuickstepLauncher} numActivities=1 lastActiveTime=881559 supportsMultiWindow=false resizeMode=2 isResizeable=true minWidth=-1 minHeight=-1 defaultMinSize=110 token=WCT{android.window.IWindowContainerToken$Stub$Proxy@32f2fe5} topActivityType=2 pictureInPictureParams=null shouldDockBigOverlays=false launchIntoPipHostTaskId=-1 lastParentTaskIdBeforePip=-1 displayCutoutSafeInsets=null topActivityInfo=ActivityInfo{bcd5aba com.android.launcher3.uioverrides.QuickstepLauncher} launchCookies=[] positionInParent=Point(0, 0) parentTaskId=-1 isFocused=true isVisible=true isVisibleRequested=true isSleeping=false locusId=LocusId[17_chars] displayAreaFeatureId=1 isTopActivityTransparent=false appCompatTaskInfo=AppCompatTaskInfo { topActivityInSizeCompat=false topActivityEligibleForLetterboxEducation= falseisLetterboxEducationEnabled= false isLetterboxDoubleTapEnabled= false topActivityEligibleForUserAspectRatioButton= false topActivityBoundsLetterboxed= false isFromLetterboxDoubleTap= false topActivityLetterboxVerticalPosition= -1 topActivityLetterboxHorizontalPosition= -1 topActivityLetterboxWidth=1080 topActivityLetterboxHeight=2436 isUserFullscreenOverrideEnabled=false isSystemFullscreenOverrideEnabled=false cameraCompatTaskInfo=CameraCompatTaskInfo { cameraCompatControlState=hidden freeformCameraCompatMode=inactive}}}
2025-12-09 15:27:15.052  1556-1656  DisplayManagerService   pid-1556                             D  Drop pending events for gone uid 10265
2025-12-09 15:27:15.052  4987-13778 ScenesManager           pid-4987                             I  ScenesInfo(isInSplitScreenMode=false, screenMode=0, oldTopPackage=, oldTopClass=, oldRelPackage=, oldRelClass=, topPackage=com.transsion.XOSLauncher, topClass=com.android.launcher3.uioverrides.QuickstepLauncher, relPackage=com.transsion.XOSLauncher, relClass=com.android.launcher3.uioverrides.QuickstepLauncher, taskId=7, userId=0, isTwinApp=false, isActivityChange=false, isResume=true, killPackages=[com.google.android.packageinstaller], isPersonalizedFlipScreen=false, timeStamp=1765304835052)
2025-12-09 15:27:15.052  4987-13778 SmartEventManager       pid-4987                             D  dispatchEvent event: SmartEvent(action=key_scenes_change, extras=null)
2025-12-09 15:27:15.053  4987-13778 GameSceneManager        pid-4987                             I  currentPackage   it.isResume true
2025-12-09 15:27:15.053  4987-13778 GameSceneManager        pid-4987                             I  handlerActivityStart isResume = true  pkgName = com.transsion.XOSLauncher
2025-12-09 15:27:15.053  4987-13778 GameSceneManager        pid-4987                             I  exitSceneInMain false
2025-12-09 15:27:15.053  1556-4925  mtkpower_client         pid-1556                             I  [PowerHal_Wrap_notifyAppState] com.facebook.katana/com.facebook.katana pid=26052 activityId:26052 state:3
2025-12-09 15:27:15.053  1556-4925  mtkpower_client         pid-1556                             I  [Legacy][PowerHal_Wrap_notifyAppState] com.facebook.katana/com.facebook.katana pid=26052 state:26052
2025-12-09 15:27:15.053  1556-3831  Hiber/stateManager      pid-1556                             I  unfreeze uid: 10265 com.facebook.katana pids:[26052]  reason:MSG_UID_GONE   cpninfo: costTime=0ms ,last freeze 14s ago
2025-12-09 15:27:15.054  1556-3167  Hiber/appStateMachine   pid-1556                             I  uid=10265, pkg=com.facebook.katana, transition from Frozen to Running, reason=MSG_UID_GONE
2025-12-09 15:27:15.054  1556-3167  Hiber/appStateMachine   pid-1556                             I  uid:10265 exit FrozenState
2025-12-09 15:27:15.054  1556-3167  Hiber/appStateMachine   pid-1556                             I  uid:10265 exit RunningState
2025-12-09 15:27:15.054  4987-4987  GameSceneManager        pid-4987                             I  checkAndHandleAPP cursor: count = 0
2025-12-09 15:27:15.054  4987-4987  GameSceneManager        pid-4987                             I  exitSceneInMain false
2025-12-09 15:27:15.055   955-1039  libPowerHal             pid-955                              I  [perfNotifyAppState] pack:com.facebook.katana, act:com.facebook.katana, state:3, pid:26052, uid:10265, fps:-1
2025-12-09 15:27:15.055   955-1039  libPowerHal             pid-955                              I  [perfNotifyAppState] pack:com.facebook.katana, pid:26052, STATE_DEAD
2025-12-09 15:27:15.055   955-1039  RilUtility              pid-955                              D  notify_rild_crash_pid_set certPid:-1, crash:26052, scn:0x0
2025-12-09 15:27:15.055  1556-3831  Hiber/proxyWakeLock     pid-1556                             D  remove uid: 10265 wiht all pids from wakelockUidInfo list
2025-12-09 15:27:15.055  1556-3168  Hiber/proxyManager      pid-1556                             I  up_service: 10265
2025-12-09 15:27:15.055  1556-3168  Hiber/proxyManager      pid-1556                             I  un_job: 10265
2025-12-09 15:27:15.055  1556-3168  Hiber/alar...iceExtImpl pid-1556                             D  unproxyAlarms leave, uid=10265, packageName=drop
2025-12-09 15:27:15.055  1556-3168  Hiber/proxyManager      pid-1556                             I  up_sensor: uid=10265, pkgName=com.facebook.katana
2025-12-09 15:27:15.056  4987-13778 VideoSceneManager       pid-4987                             I  handlerVideoStart isResume = true  currentPackage =   pkgName = com.transsion.XOSLauncher
2025-12-09 15:27:15.056  4987-13778 TurboSceneManager       pid-4987                             D  handlerActivityStart: pkg = com.transsion.XOSLauncher
2025-12-09 15:27:15.056  4987-13778 TurboSceneManager       pid-4987                             D  handlerTurboStart  currentPackage = com.transsion.XOSLauncher  pkgName = com.transsion.XOSLauncher  className = com.android.launcher3.uioverrides.QuickstepLauncher
2025-12-09 15:27:15.056  4987-4987  VideoDataRepository     pid-4987                             I  checkVideoApp curosr: count = 0
2025-12-09 15:27:15.058  1556-3693  TranActivi...gerService pid-1556                             D  getIsFloatingWindow mode = 1
2025-12-09 15:27:15.058  1556-4925  ActivityTaskManager     pid-1556                             D  TaskProcess findExitInfoForRecentProcess mLastIndex#=2 mTrackPid= 26052
2025-12-09 15:27:15.060  1556-4338  os.Activit...erviceLice pid-1556                             D  make process inactive android.process.acore(12707)
2025-12-09 15:27:15.061  1556-1656  DisplayManagerService   pid-1556                             D  Drop pending events for gone uid 1010054
2025-12-09 15:27:15.062  1556-4338  mtkpower_client         pid-1556                             I  [PowerHal_Wrap_notifyAppState] com.android.providers.contacts/com.android.providers.contacts pid=12707 activityId:12707 state:3
2025-12-09 15:27:15.065   955-1039  libPowerHal             pid-955                              I  [perfNotifyAppState] pack:com.android.providers.contacts, act:com.android.providers.contacts, state:3, pid:12707, uid:1010054, fps:-1
2025-12-09 15:27:15.065   955-1039  libPowerHal             pid-955                              I  [perfNotifyAppState] pack:com.android.providers.contacts, pid:12707, STATE_DEAD
2025-12-09 15:27:15.065   955-1039  RilUtility              pid-955                              D  notify_rild_crash_pid_set certPid:-1, crash:12707, scn:0x0
2025-12-09 15:27:15.065  1556-4338  mtkpower_client         pid-1556                             I  [Legacy][PowerHal_Wrap_notifyAppState] com.android.providers.contacts/com.android.providers.contacts pid=12707 state:12707
2025-12-09 15:27:15.065  1556-4925  TranActivi...gerService pid-1556                             D  getIsFloatingWindow mode = 1
2025-12-09 15:27:15.066  4987-13778 TurboSceneManager       pid-4987                             D  checkTurboMode : 1
2025-12-09 15:27:15.067  4987-4987  HandleModeManager       pid-4987                             D  onScenesChange : false
2025-12-09 15:27:15.090   904-904   Zygote                  pid-904                              I  Process 17028 exited due to signal 9 (Killed)
2025-12-09 15:27:15.090  1556-4338  ActivityManager         pid-1556                             V  Death received in com.android.server.am.ActivityManagerService$AppDeathRecipient@6c003ec for thread android.os.BinderProxy@57bc3b5
2025-12-09 15:27:15.091  1556-4338  os.Activit...erviceLice pid-1556                             D  make process inactive com.android.providers.calendar(17028)
2025-12-09 15:27:15.092  1556-4338  mtkpower_client         pid-1556                             I  [PowerHal_Wrap_notifyAppState] com.android.providers.calendar/com.android.providers.calendar pid=17028 activityId:17028 state:3
2025-12-09 15:27:15.092  1556-4338  mtkpower_client         pid-1556                             I  [Legacy][PowerHal_Wrap_notifyAppState] com.android.providers.calendar/com.android.providers.calendar pid=17028 state:17028
2025-12-09 15:27:15.093   955-1039  libPowerHal             pid-955                              I  [perfNotifyAppState] pack:com.android.providers.calendar, act:com.android.providers.calendar, state:3, pid:17028, uid:10065, fps:-1
2025-12-09 15:27:15.093   955-1039  libPowerHal             pid-955                              I  [perfNotifyAppState] pack:com.android.providers.calendar, pid:17028, STATE_DEAD
2025-12-09 15:27:15.093   955-1039  RilUtility              pid-955                              D  notify_rild_crash_pid_set certPid:-1, crash:17028, scn:0x0
2025-12-09 15:27:15.097  1556-1656  DisplayManagerService   pid-1556                             D  Drop pending events for gone uid 10065
2025-12-09 15:27:15.144  1556-3432  ActivityManager         pid-1556                             V  Death received in com.android.server.am.ActivityManagerService$AppDeathRecipient@d04e8d5 for thread android.os.BinderProxy@3c638ea
2025-12-09 15:27:15.145   904-904   Zygote                  pid-904                              I  Process 16598 exited due to signal 9 (Killed)
2025-12-09 15:27:15.146  1556-3432  os.Activit...erviceLice pid-1556                             D  make process inactive com.google.android.packageinstaller(16598)
2025-12-09 15:27:15.147   904-904   Zygote                  pid-904                              I  Process 17252 exited due to signal 9 (Killed)
2025-12-09 15:27:15.148  1556-4689  ActivityManager         pid-1556                             V  Death received in com.android.server.am.ActivityManagerService$AppDeathRecipient@c2a64a5 for thread android.os.BinderProxy@555507a
2025-12-09 15:27:15.150  1556-1656  DisplayManagerService   pid-1556                             D  Drop pending events for gone uid 1010153
2025-12-09 15:27:15.150  1556-3432  mtkpower_client         pid-1556                             I  [PowerHal_Wrap_notifyAppState] com.google.android.packageinstaller/com.google.android.packageinstaller pid=16598 activityId:16598 state:3
2025-12-09 15:27:15.151  1556-3432  mtkpower_client         pid-1556                             I  [Legacy][PowerHal_Wrap_notifyAppState] com.google.android.packageinstaller/com.google.android.packageinstaller pid=16598 state:16598
2025-12-09 15:27:15.151   955-1039  libPowerHal             pid-955                              I  [perfNotifyAppState] pack:com.google.android.packageinstaller, act:com.google.android.packageinstaller, state:3, pid:16598, uid:1010153, fps:-1
2025-12-09 15:27:15.151   955-1039  libPowerHal             pid-955                              I  [perfNotifyAppState] pack:com.google.android.packageinstaller, pid:16598, STATE_DEAD
2025-12-09 15:27:15.151   955-1039  RilUtility              pid-955                              D  notify_rild_crash_pid_set certPid:-1, crash:16598, scn:0x0
2025-12-09 15:27:15.153  1556-4689  os.Activit...erviceLice pid-1556                             D  make process inactive com.transsion.microintelligence(17252)
2025-12-09 15:27:15.155  1556-4689  mtkpower_client         pid-1556                             I  [PowerHal_Wrap_notifyAppState] com.transsion.microintelligence/com.transsion.microintelligence pid=17252 activityId:17252 state:3
2025-12-09 15:27:15.155  1556-4689  mtkpower_client         pid-1556                             I  [Legacy][PowerHal_Wrap_notifyAppState] com.transsion.microintelligence/com.transsion.microintelligence pid=17252 state:17252
2025-12-09 15:27:15.157   955-1039  libPowerHal             pid-955                              I  [perfNotifyAppState] pack:com.transsion.microintelligence, act:com.transsion.microintelligence, state:3, pid:17252, uid:1001000, fps:-1
2025-12-09 15:27:15.157   955-1039  libPowerHal             pid-955                              I  [perfNotifyAppState] pack:com.transsion.microintelligence, pid:17252, STATE_DEAD
2025-12-09 15:27:15.157   955-1039  RilUtility              pid-955                              D  notify_rild_crash_pid_set certPid:-1, crash:17252, scn:0x0
2025-12-09 15:27:15.196   904-904   Zygote                  pid-904                              I  Process 17106 exited due to signal 9 (Killed)
2025-12-09 15:27:15.196  1556-4916  ActivityManager         pid-1556                             V  Death received in com.android.server.am.ActivityManagerService$AppDeathRecipient@56d2abf for thread android.os.BinderProxy@13b958c
2025-12-09 15:27:15.197  1556-4916  os.Activit...erviceLice pid-1556                             D  make process inactive com.transsion.livewallpaper.page(17106)
2025-12-09 15:27:15.200  1556-1656  DisplayManagerService   pid-1556                             D  Drop pending events for gone uid 1010162
2025-12-09 15:27:15.201  1556-4916  mtkpower_client         pid-1556                             I  [PowerHal_Wrap_notifyAppState] com.transsion.livewallpaper.page/com.transsion.livewallpaper.page pid=17106 activityId:17106 state:3
2025-12-09 15:27:15.202  1556-4916  mtkpower_client         pid-1556                             I  [Legacy][PowerHal_Wrap_notifyAppState] com.transsion.livewallpaper.page/com.transsion.livewallpaper.page pid=17106 state:17106
2025-12-09 15:27:15.203   955-1039  libPowerHal             pid-955                              I  [perfNotifyAppState] pack:com.transsion.livewallpaper.page, act:com.transsion.livewallpaper.page, state:3, pid:17106, uid:1010162, fps:-1
2025-12-09 15:27:15.203   955-1039  libPowerHal             pid-955                              I  [perfNotifyAppState] pack:com.transsion.livewallpaper.page, pid:17106, STATE_DEAD
2025-12-09 15:27:15.203   955-1039  RilUtility              pid-955                              D  notify_rild_crash_pid_set certPid:-1, crash:17106, scn:0x0
2025-12-09 15:27:15.215  1556-4916  ActivityManager         pid-1556                             V  Death received in com.android.server.am.ActivityManagerService$AppDeathRecipient@b71dd5a for thread android.os.BinderProxy@e88db8b
2025-12-09 15:27:15.215   904-904   Zygote                  pid-904                              I  Process 16074 exited due to signal 9 (Killed)
2025-12-09 15:27:15.216  1556-4916  os.Activit...erviceLice pid-1556                             D  make process inactive com.android.managedprovisioning(16074)
2025-12-09 15:27:15.217  1556-1656  DisplayManagerService   pid-1556                             D  Drop pending events for gone uid 1010066
2025-12-09 15:27:15.221  1556-4916  mtkpower_client         pid-1556                             I  [PowerHal_Wrap_notifyAppState] com.android.managedprovisioning/com.android.managedprovisioning pid=16074 activityId:16074 state:3
2025-12-09 15:27:15.221  1556-4916  mtkpower_client         pid-1556                             I  [Legacy][PowerHal_Wrap_notifyAppState] com.android.managedprovisioning/com.android.managedprovisioning pid=16074 state:16074
2025-12-09 15:27:15.221   955-1039  libPowerHal             pid-955                              I  [perfNotifyAppState] pack:com.android.managedprovisioning, act:com.android.managedprovisioning, state:3, pid:16074, uid:1010066, fps:-1
2025-12-09 15:27:15.221   955-1039  libPowerHal             pid-955                              I  [perfNotifyAppState] pack:com.android.managedprovisioning, pid:16074, STATE_DEAD
2025-12-09 15:27:15.221   955-1039  RilUtility              pid-955                              D  notify_rild_crash_pid_set certPid:-1, crash:16074, scn:0x0
2025-12-09 15:27:15.249  1556-4916  ActivityManager         pid-1556                             V  Death received in com.android.server.am.ActivityManagerService$AppDeathRecipient@e9edf40 for thread android.os.BinderProxy@d2abe79
2025-12-09 15:27:15.249   904-904   Zygote                  pid-904                              I  Process 30705 exited due to signal 9 (Killed)
2025-12-09 15:27:15.250  1556-4916  os.Activit...erviceLice pid-1556                             D  make process inactive com.mediatek.engineermode(30705)
2025-12-09 15:27:15.252  1556-1656  DisplayManagerService   pid-1556                             D  Drop pending events for gone uid 1010178
2025-12-09 15:27:15.253  1556-4916  mtkpower_client         pid-1556                             I  [PowerHal_Wrap_notifyAppState] com.mediatek.engineermode/com.mediatek.engineermode pid=30705 activityId:30705 state:3
2025-12-09 15:27:15.253  1556-4916  mtkpower_client         pid-1556                             I  [Legacy][PowerHal_Wrap_notifyAppState] com.mediatek.engineermode/com.mediatek.engineermode pid=30705 state:30705
2025-12-09 15:27:15.254   955-1039  libPowerHal             pid-955                              I  [perfNotifyAppState] pack:com.mediatek.engineermode, act:com.mediatek.engineermode, state:3, pid:30705, uid:1010178, fps:-1
2025-12-09 15:27:15.254   955-1039  libPowerHal             pid-955                              I  [perfNotifyAppState] pack:com.mediatek.engineermode, pid:30705, STATE_DEAD
2025-12-09 15:27:15.254   955-1039  RilUtility              pid-955                              D  notify_rild_crash_pid_set certPid:-1, crash:30705, scn:0x0
2025-12-09 15:27:15.291  1556-2951  TranWifiSm...Controller pid-1556                             I  start current network monitor 
2025-12-09 15:27:15.291  1556-2951  TranWifiSm...Controller pid-1556                             I  userIgnored :false isScoredCurrentNetwork :true
2025-12-09 15:27:15.292  1556-2951  TranWifiSm...Controller pid-1556                             I  mCurrentNetwork :100 SSID :"Orion B_5G"
2025-12-09 15:27:15.294   904-904   Zygote                  pid-904                              I  Process 10589 exited due to signal 9 (Killed)
2025-12-09 15:27:15.294  1556-4338  ActivityManager         pid-1556                             V  Death received in com.android.server.am.ActivityManagerService$AppDeathRecipient@cf5dd63 for thread android.os.BinderProxy@bb59d60
2025-12-09 15:27:15.295  1556-4338  os.Activit...erviceLice pid-1556                             D  make process inactive com.transsion.overlaysuw(10589)
2025-12-09 15:27:15.297  1556-4338  mtkpower_client         pid-1556                             I  [PowerHal_Wrap_notifyAppState] com.transsion.overlaysuw/com.transsion.overlaysuw pid=10589 activityId:10589 state:3
2025-12-09 15:27:15.298  1556-4338  mtkpower_client         pid-1556                             I  [Legacy][PowerHal_Wrap_notifyAppState] com.transsion.overlaysuw/com.transsion.overlaysuw pid=10589 state:10589
2025-12-09 15:27:15.298   955-1039  libPowerHal             pid-955                              I  [perfNotifyAppState] pack:com.transsion.overlaysuw, act:com.transsion.overlaysuw, state:3, pid:10589, uid:1001000, fps:-1
2025-12-09 15:27:15.298   955-1039  libPowerHal             pid-955                              I  [perfNotifyAppState] pack:com.transsion.overlaysuw, pid:10589, STATE_DEAD
2025-12-09 15:27:15.298   955-1039  RilUtility              pid-955                              D  notify_rild_crash_pid_set certPid:-1, crash:10589, scn:0x0
2025-12-09 15:27:15.301  1556-2951  WifiNetworkQuality      pid-1556                             I  current rssi is sufficient
2025-12-09 15:27:15.301  1556-2951  TranWifiSm...Controller pid-1556                             I  mNoCandidateCount : -1
2025-12-09 15:27:15.301  1556-2951  TranWifiSm...Controller pid-1556                             I  ====>>rssi :-63
2025-12-09 15:27:15.341   904-904   Zygote                  pid-904                              I  Process 31197 exited due to signal 9 (Killed)
2025-12-09 15:27:15.342  1556-4902  ActivityManager         pid-1556                             V  Death received in com.android.server.am.ActivityManagerService$AppDeathRecipient@7f6bb41 for thread android.os.BinderProxy@661b8e6
2025-12-09 15:27:15.343  1556-4902  os.Activit...erviceLice pid-1556                             D  make process inactive com.android.dynsystem(31197)
2025-12-09 15:27:15.345  1556-4902  mtkpower_client         pid-1556                             I  [PowerHal_Wrap_notifyAppState] com.android.dynsystem/com.android.dynsystem pid=31197 activityId:31197 state:3
2025-12-09 15:27:15.345  1556-4902  mtkpower_client         pid-1556                             I  [Legacy][PowerHal_Wrap_notifyAppState] com.android.dynsystem/com.android.dynsystem pid=31197 state:31197
2025-12-09 15:27:15.347   955-1039  libPowerHal             pid-955                              I  [perfNotifyAppState] pack:com.android.dynsystem, act:com.android.dynsystem, state:3, pid:31197, uid:1000, fps:-1
2025-12-09 15:27:15.347   955-1039  libPowerHal             pid-955                              I  [perfNotifyAppState] pack:com.android.dynsystem, pid:31197, STATE_DEAD
2025-12-09 15:27:15.347   955-1039  RilUtility              pid-955                              D  notify_rild_crash_pid_set certPid:-1, crash:31197, scn:0x0
2025-12-09 15:27:15.415 24154-24154 TPMS                    pid-24154                            I  onKeepAliveTrigger type = 1, interval = 0
2025-12-09 15:27:15.569   904-904   Zygote                  pid-904                              I  Process 29718 exited due to signal 9 (Killed)
