2026-01-29 17:31:28.759 10505-10505 PowerHalWrapper         com.cdccreditsmart.app               I  PowerHalWrapper.getInstance 
2026-01-29 17:31:28.760 10505-10505 M-ProMotion             com.cdccreditsmart.app               I  M-ProMotion is disabled
2026-01-29 17:31:28.764 10505-10704 AppProtectionManager    com.cdccreditsmart.app               I     ✅ Foreground Service iniciado
2026-01-29 17:31:28.766 10505-10704 AppProtectionManager    com.cdccreditsmart.app               I     ✅ ServiceWatchdog agendado (15 min)
2026-01-29 17:31:28.766 10505-10704 CDCApplication          com.cdccreditsmart.app               I  
2026-01-29 17:31:28.766 10505-10704 CDCApplication          com.cdccreditsmart.app               I  ╔════════════════════════════════════════════════════════════╗
2026-01-29 17:31:28.766 10505-10704 CDCApplication          com.cdccreditsmart.app               I  ║     RESULTADO DA APLICAÇÃO DE PROTEÇÕES                    ║
2026-01-29 17:31:28.766 10505-10704 CDCApplication          com.cdccreditsmart.app               I  ╚════════════════════════════════════════════════════════════╝
2026-01-29 17:31:28.766 10505-10704 CDCApplication          com.cdccreditsmart.app               I     Nível: NONE
2026-01-29 17:31:28.766 10505-10704 CDCApplication          com.cdccreditsmart.app               I     Proteções aplicadas: 0
2026-01-29 17:31:28.767 10505-10704 CDCApplication          com.cdccreditsmart.app               E     Status: SEM PROTEÇÃO
2026-01-29 17:31:28.767 10505-10704 CDCApplication          com.cdccreditsmart.app               E     App precisa ser provisionado como Device Owner
2026-01-29 17:31:28.767 10505-10704 CDCApplication          com.cdccreditsmart.app               E  
2026-01-29 17:31:28.767 10505-10704 CDCApplication          com.cdccreditsmart.app               E     Provisione o dispositivo usando:
2026-01-29 17:31:28.767 10505-10704 CDCApplication          com.cdccreditsmart.app               E     1. QR Code durante setup inicial
2026-01-29 17:31:28.767 10505-10704 CDCApplication          com.cdccreditsmart.app               E     2. ADB: adb shell dpm set-device-owner ...
2026-01-29 17:31:28.767 10505-10704 CDCApplication          com.cdccreditsmart.app               E     3. Samsung Knox Mobile Enrollment
2026-01-29 17:31:28.767 10505-10704 CDCApplication          com.cdccreditsmart.app               I  ╚════════════════════════════════════════════════════════════╝
2026-01-29 17:31:28.767 10505-10704 CDCApplication          com.cdccreditsmart.app               I  
2026-01-29 17:31:28.771 10505-10704 TamperDetection         com.cdccreditsmart.app               I  ========================================
2026-01-29 17:31:28.771 10505-10704 TamperDetection         com.cdccreditsmart.app               I  🔍 VERIFICANDO INTEGRIDADE DO DISPOSITIVO
2026-01-29 17:31:28.771 10505-10704 TamperDetection         com.cdccreditsmart.app               I  ========================================
2026-01-29 17:31:28.775 10505-10702 CDCApplication          com.cdccreditsmart.app               D  👤 App não é Device Owner - pulando criação de usuário secundário
2026-01-29 17:31:28.776 10505-10704 TamperDetection         com.cdccreditsmart.app               I  ✅ Primeira instalação detectada
2026-01-29 17:31:28.776 10505-10704 TamperDetection         com.cdccreditsmart.app               I     Token e deviceId não existem - app nunca foi pareado
2026-01-29 17:31:28.776 10505-10704 TamperDetection         com.cdccreditsmart.app               I  ========================================
2026-01-29 17:31:28.779 10505-10708 vulkan                  com.cdccreditsmart.app               D  searching for layers in '/data/app/~~3QGdu7DArEctjEfLf9huCg==/com.cdccreditsmart.app-W9zgNMXX1S-JUw6xXU6q3w==/lib/arm64'
2026-01-29 17:31:28.780 10505-10708 vulkan                  com.cdccreditsmart.app               D  searching for layers in '/data/app/~~3QGdu7DArEctjEfLf9huCg==/com.cdccreditsmart.app-W9zgNMXX1S-JUw6xXU6q3w==/base.apk!/lib/arm64-v8a'
2026-01-29 17:31:28.786 10505-10708 vulkan                  com.cdccreditsmart.app               D  searching for layers in '/data/app/~~3QGdu7DArEctjEfLf9huCg==/com.cdccreditsmart.app-W9zgNMXX1S-JUw6xXU6q3w==/lib/arm64'
2026-01-29 17:31:28.787 10505-10708 vulkan                  com.cdccreditsmart.app               D  searching for layers in '/data/app/~~3QGdu7DArEctjEfLf9huCg==/com.cdccreditsmart.app-W9zgNMXX1S-JUw6xXU6q3w==/base.apk!/lib/arm64-v8a'
2026-01-29 17:31:28.796 10505-10704 TamperDetection         com.cdccreditsmart.app               I  ✅ Device fingerprint criado: CDC_1082****
2026-01-29 17:31:28.802 10505-10704 TamperDetection         com.cdccreditsmart.app               I  
2026-01-29 17:31:28.802 10505-10704 TamperDetection         com.cdccreditsmart.app               I  ╔════════════════════════════════════════════════════════╗
2026-01-29 17:31:28.802 10505-10704 TamperDetection         com.cdccreditsmart.app               I  ║    📡 BOOT REPORT ADIADO - AGUARDANDO PAREAMENTO      ║
2026-01-29 17:31:28.802 10505-10704 TamperDetection         com.cdccreditsmart.app               I  ╠════════════════════════════════════════════════════════╣
2026-01-29 17:31:28.802 10505-10704 TamperDetection         com.cdccreditsmart.app               I  ║  ⏳ Device ainda não pareado com contrato              ║
2026-01-29 17:31:28.802 10505-10704 TamperDetection         com.cdccreditsmart.app               I  ║  ⏳ Boot será reportado após autenticação              ║
2026-01-29 17:31:28.802 10505-10704 TamperDetection         com.cdccreditsmart.app               I  ║  ℹ️  Isso é comportamento NORMAL antes do pareamento   ║
2026-01-29 17:31:28.802 10505-10704 TamperDetection         com.cdccreditsmart.app               I  ╚════════════════════════════════════════════════════════╝
2026-01-29 17:31:28.802 10505-10704 TamperDetection         com.cdccreditsmart.app               I  
2026-01-29 17:31:28.803 10505-10704 CDCApplication          com.cdccreditsmart.app               I  🔒 Verificando status do SIM no boot da aplicação...
2026-01-29 17:31:28.807 10505-10704 SimSwapManager          com.cdccreditsmart.app               I  ========================================
2026-01-29 17:31:28.807 10505-10704 SimSwapManager          com.cdccreditsmart.app               I  🔒 SIM SWAP: Iniciando verificação de status do SIM
2026-01-29 17:31:28.807 10505-10704 SimSwapManager          com.cdccreditsmart.app               I  ========================================
2026-01-29 17:31:28.811 10505-10704 SimSwapDetector         com.cdccreditsmart.app               E  🔒 SIM SWAP: Permissão READ_PHONE_STATE NÃO CONCEDIDA!
2026-01-29 17:31:28.811 10505-10704 SimSwapManager          com.cdccreditsmart.app               E  🔒 SIM SWAP: Sem permissão READ_PHONE_STATE - verificação cancelada
2026-01-29 17:31:28.811 10505-10704 SimSwapManager          com.cdccreditsmart.app               I  ========================================
2026-01-29 17:31:28.812 10505-10704 CDCApplication          com.cdccreditsmart.app               W  ⚠️ Verificação de SIM swap falhou ou encontrou problemas
2026-01-29 17:31:28.832 10505-10708 MMUD                    com.cdccreditsmart.app               D  mtk_memory_debug_init com.cdccreditsmart.app 0xb40000781574f5d0
2026-01-29 17:31:28.937 10505-10720 MMUD                    com.cdccreditsmart.app               D  get_leak_baseline 3246391296
2026-01-29 17:31:28.952 10505-10505 CompatChangeReporter    com.cdccreditsmart.app               D  Compat change id reported: 309578419; UID 10262; state: ENABLED
2026-01-29 17:31:28.980 10505-10505 MainActivity            com.cdccreditsmart.app               I  ✅ Brilho da tela definido para MÁXIMO
2026-01-29 17:31:28.981 10505-10505 MainActivity            com.cdccreditsmart.app               D  📍 BroadcastReceiver de localização registrado
2026-01-29 17:31:28.996 10505-10505 MainActivity            com.cdccreditsmart.app               I  ========================================
2026-01-29 17:31:28.996 10505-10505 MainActivity            com.cdccreditsmart.app               I  📱 SOLICITANDO PERMISSÕES (NÃO DEVICE OWNER)
2026-01-29 17:31:28.996 10505-10505 MainActivity            com.cdccreditsmart.app               I  ========================================
2026-01-29 17:31:29.005 10505-10505 MainActivity            com.cdccreditsmart.app               I  📋 Runtime permissions a solicitar: 9
2026-01-29 17:31:29.006 10505-10505 MainActivity            com.cdccreditsmart.app               D    • android.permission.READ_PHONE_STATE
2026-01-29 17:31:29.006 10505-10505 MainActivity            com.cdccreditsmart.app               D    • android.permission.READ_CALL_LOG
2026-01-29 17:31:29.006 10505-10505 MainActivity            com.cdccreditsmart.app               D    • android.permission.CALL_PHONE
2026-01-29 17:31:29.006 10505-10505 MainActivity            com.cdccreditsmart.app               D    • android.permission.READ_CONTACTS
2026-01-29 17:31:29.006 10505-10505 MainActivity            com.cdccreditsmart.app               D    • android.permission.ACCESS_FINE_LOCATION
2026-01-29 17:31:29.006 10505-10505 MainActivity            com.cdccreditsmart.app               D    • android.permission.ACCESS_COARSE_LOCATION
2026-01-29 17:31:29.006 10505-10505 MainActivity            com.cdccreditsmart.app               D    • android.permission.ANSWER_PHONE_CALLS
2026-01-29 17:31:29.006 10505-10505 MainActivity            com.cdccreditsmart.app               D    • android.permission.READ_PHONE_NUMBERS
2026-01-29 17:31:29.006 10505-10505 MainActivity            com.cdccreditsmart.app               D    • android.permission.POST_NOTIFICATIONS
2026-01-29 17:31:29.006 10505-10505 SettingsGuardService    com.cdccreditsmart.app               I  ⏸️ Guard PAUSADO para fluxo de permissões (timeout: 30s)
2026-01-29 17:31:29.012 10505-10702 PersistentStateManager  com.cdccreditsmart.app               D  Nenhum estado local encontrado
2026-01-29 17:31:29.012 10505-10702 PersistentStateManager  com.cdccreditsmart.app               D  🆕 Sem estado local - device novo ou pós factory reset
2026-01-29 17:31:29.012 10505-10702 MainActivity            com.cdccreditsmart.app               I  🆕 Device nunca foi provisionado
2026-01-29 17:31:29.068 10505-10505 SpecialPermissionReq    com.cdccreditsmart.app               I  ========================================
2026-01-29 17:31:29.068 10505-10505 SpecialPermissionReq    com.cdccreditsmart.app               I  📊 STATUS DAS PERMISSÕES ESPECIAIS
2026-01-29 17:31:29.068 10505-10505 SpecialPermissionReq    com.cdccreditsmart.app               I  ========================================
2026-01-29 17:31:29.069 10505-10505 SpecialPermissionReq    com.cdccreditsmart.app               I    USAGE_STATS: ❌ NÃO CONCEDIDA
2026-01-29 17:31:29.071 10505-10505 SpecialPermissionReq    com.cdccreditsmart.app               I    OVERLAY: ❌ NÃO CONCEDIDA
2026-01-29 17:31:29.073 10505-10505 SpecialPermissionReq    com.cdccreditsmart.app               I    BATTERY_OPT: ❌ NÃO ISENTO
2026-01-29 17:31:29.073 10505-10505 SpecialPermissionReq    com.cdccreditsmart.app               W  
2026-01-29 17:31:29.073 10505-10505 SpecialPermissionReq    com.cdccreditsmart.app               W  ⚠️ PROTEÇÃO ANTI-DESINSTALAÇÃO COMPROMETIDA!
2026-01-29 17:31:29.073 10505-10505 SpecialPermissionReq    com.cdccreditsmart.app               W     Sem essas permissões, a proteção via overlay não funciona.
2026-01-29 17:31:29.073 10505-10505 SpecialPermissionReq    com.cdccreditsmart.app               W     O usuário conseguirá acessar App Info e desinstalar.
2026-01-29 17:31:29.073 10505-10505 SpecialPermissionReq    com.cdccreditsmart.app               I  ========================================
2026-01-29 17:31:29.075 10505-10505 MainActivity            com.cdccreditsmart.app               W  ========================================
2026-01-29 17:31:29.075 10505-10505 MainActivity            com.cdccreditsmart.app               W  ⚠️ PERMISSÕES ESPECIAIS NECESSÁRIAS
2026-01-29 17:31:29.075 10505-10505 MainActivity            com.cdccreditsmart.app               W  ========================================
2026-01-29 17:31:29.075 10505-10505 MainActivity            com.cdccreditsmart.app               W  Para proteção anti-desinstalação funcionar:
2026-01-29 17:31:29.075 10505-10505 MainActivity            com.cdccreditsmart.app               W    ❌ Acesso ao Uso de Apps
2026-01-29 17:31:29.076 10505-10505 MainActivity            com.cdccreditsmart.app               W       Permite detectar quando você abre as Configurações para aplicar proteção
2026-01-29 17:31:29.076 10505-10505 MainActivity            com.cdccreditsmart.app               W    ❌ Exibir sobre outros apps
2026-01-29 17:31:29.076 10505-10505 MainActivity            com.cdccreditsmart.app               W       Permite mostrar avisos de proteção sobre outros aplicativos
2026-01-29 17:31:29.076 10505-10505 MainActivity            com.cdccreditsmart.app               W    ❌ Execução em Segundo Plano
2026-01-29 17:31:29.076 10505-10505 MainActivity            com.cdccreditsmart.app               W       Permite que o app funcione continuamente para manter a proteção ativa. Esta é a única permissão que o Android não permite conceder automaticamente.
2026-01-29 17:31:29.076 10505-10505 MainActivity            com.cdccreditsmart.app               W  ========================================
2026-01-29 17:31:29.076 10505-10505 MainActivity            com.cdccreditsmart.app               W  O app solicitará essas permissões na próxima interação
2026-01-29 17:31:29.076 10505-10505 MainActivity            com.cdccreditsmart.app               W  ========================================
2026-01-29 17:31:29.127 10505-10505 Activity                com.cdccreditsmart.app               D  onResume setDolbyGameProfilePackage lastPkg =  currentPkg = com.cdccreditsmart.app
2026-01-29 17:31:29.135 10505-10705 PowerHalWrapper         com.cdccreditsmart.app               I  PowerHalWrapper.getInstance 
2026-01-29 17:31:29.138 10505-10505 SurfaceFactory          com.cdccreditsmart.app               I  [static] sSurfaceFactory = com.mediatek.view.impl.SurfaceFactoryImpl@ec9525c
2026-01-29 17:31:29.160 10505-10505 HWUI                    com.cdccreditsmart.app               W  Unknown dataspace 0
2026-01-29 17:31:29.166 10505-10505 VRI[MainActivity]       com.cdccreditsmart.app               D  hardware acceleration = true, forceHwAccelerated = false
2026-01-29 17:31:29.176 10505-10505 InputEventReceiver      com.cdccreditsmart.app               D  Input log is disabled in InputEventReceiver.
2026-01-29 17:31:29.183 10505-10505 FactoryResetRecovery    com.cdccreditsmart.app               I  Boot detected - checking recovery
2026-01-29 17:31:29.187 10505-10505 Choreographer           com.cdccreditsmart.app               I  Skipped 78 frames!  The application may be doing too much work on its main thread.
2026-01-29 17:31:29.193 10505-10702 ContractCodeStorage     com.cdccreditsmart.app               D  Retrieving contract code from storage
2026-01-29 17:31:29.207 10505-10702 ContractCodeStorage     com.cdccreditsmart.app               D  Storage verification: 0 valid, 0 tampered, 7 missing
2026-01-29 17:31:29.207 10505-10702 ContractCodeStorage     com.cdccreditsmart.app               W  No valid contract code found in any location
2026-01-29 17:31:29.214 10505-10702 ApkPreloadManager       com.cdccreditsmart.app               I  📱 Fabricante genérico - usando caminhos AOSP
2026-01-29 17:31:29.224 10505-10702 FactoryResetRecovery    com.cdccreditsmart.app               I  ℹ️ Sem manifesto de enrollment - app iniciará normalmente
2026-01-29 17:31:30.567 10505-10505 View                    com.cdccreditsmart.app               D  [ANR Warning]onMeasure time too long, this =androidx.compose.ui.platform.AndroidComposeView{d56a8d VFED..... ......I. 0,0-0,0}time =810 ms
2026-01-29 17:31:30.568 10505-10505 View                    com.cdccreditsmart.app               D  [ANR Warning]onMeasure time too long, this =androidx.compose.ui.platform.ComposeView{ad4c0cb V.E...... ......I. 0,0-0,0}time =811 ms
2026-01-29 17:31:30.568 10505-10505 View                    com.cdccreditsmart.app               D  [ANR Warning]onMeasure time too long, this =android.widget.FrameLayout{75620a8 V.E...... ......I. 0,0-0,0 #1020002 android:id/content}time =811 ms
2026-01-29 17:31:30.569 10505-10505 View                    com.cdccreditsmart.app               D  [ANR Warning]onMeasure time too long, this =android.widget.LinearLayout{78f47c1 V.E...... ......I. 0,0-0,0}time =811 ms
2026-01-29 17:31:30.569 10505-10505 View                    com.cdccreditsmart.app               D  [ANR Warning]onMeasure time too long, this =DecorView@248b66[MainActivity]time =812 ms
2026-01-29 17:31:30.583 10505-10505 BufferQueueConsumer     com.cdccreditsmart.app               D  [](id:290900000000,api:0,p:-1,c:10505) connect: controlledByApp=false
2026-01-29 17:31:30.587 10505-10505 BLASTBufferQueue        com.cdccreditsmart.app               D  [VRI[MainActivity]#0](f:0,a:0) constructor()
2026-01-29 17:31:30.587 10505-10505 BLASTBufferQueue        com.cdccreditsmart.app               D  [VRI[MainActivity]#0](f:0,a:0) update width=1080 height=2400 format=-3 mTransformHint=0
2026-01-29 17:31:30.593 10505-10505 FBI                     com.cdccreditsmart.app               E  Can't load library: dlopen failed: library "libmagtsync.so" not found
2026-01-29 17:31:30.779 10505-10708 GrallocExtra            com.cdccreditsmart.app               I  gralloc_extra_query:is_SW3D 0
2026-01-29 17:31:30.901 10505-10708 GrallocExtra            com.cdccreditsmart.app               I  gralloc_extra_query:is_SW3D 0
2026-01-29 17:31:30.902 10505-10708 BLASTBufferQueue        com.cdccreditsmart.app               D  [VRI[MainActivity]#0](f:0,a:1) acquireNextBufferLocked size=1080x2400 mFrameNumber=1 applyTransaction=true mTimestamp=5102461125687(auto) mPendingTransactions.size=0 graphicBufferId=45118631444483 transform=0
2026-01-29 17:31:30.925 10505-10505 CdcForegroundService    com.cdccreditsmart.app               D  📱 Serviço onCreate()
2026-01-29 17:31:30.941 10505-10505 CdcForegroundService    com.cdccreditsmart.app               D  ✅ Canal de notificação criado
2026-01-29 17:31:30.942 10505-10772 HWUI                    com.cdccreditsmart.app               I  Davey! duration=3022ms; Flags=1, FrameTimelineVsyncId=342253, IntendedVsync=5099441875285, Vsync=5100738886585, InputEventId=0, HandleInputStart=5100749393610, AnimationStart=5100749441687, PerformTraversalsStart=5100749864380, DrawStart=5102254460072, FrameDeadline=5099461875285, FrameInterval=5100747444072, FrameStartTime=16628350, SyncQueued=5102330540995, SyncStart=5102330630534, IssueDrawCommandsStart=5102332143534, SwapBuffers=5102459762303, FrameCompleted=5102463974841, DequeueBufferDuration=28692, QueueBufferDuration=1092385, GpuCompleted=5102462129072, SwapBuffersCompleted=5102463974841, DisplayPresentTime=72904454231359566, CommandSubmissionCompleted=5102459762303, 
2026-01-29 17:31:30.946 10505-10505 CdcForegroundService    com.cdccreditsmart.app               I  ✅ ScreenStateReceiver registrado (inclui ACTION_USER_PRESENT para detectar screen unlock)
2026-01-29 17:31:30.948 10505-10505 CdcForegroundService    com.cdccreditsmart.app               D  🚀 Serviço onStartCommand() - Action: null
2026-01-29 17:31:30.973 10505-10505 CdcForegroundService    com.cdccreditsmart.app               I  ✅ Foreground Service ativo (Android 12+)
2026-01-29 17:31:30.976 10505-10702 CdcForegroundService    com.cdccreditsmart.app               I  🔧 ========================================
2026-01-29 17:31:30.976 10505-10702 CdcForegroundService    com.cdccreditsmart.app               I  🔧 INICIANDO initializeServices()...
2026-01-29 17:31:30.976 10505-10702 CdcForegroundService    com.cdccreditsmart.app               I  🔧 ========================================
2026-01-29 17:31:30.976 10505-10702 CdcForegroundService    com.cdccreditsmart.app               I  🔧 Inicializando serviços base (SettingsGuard, WorkPolicies)...
2026-01-29 17:31:30.976 10505-10702 CdcForegroundService    com.cdccreditsmart.app               I  🏢 ========================================
2026-01-29 17:31:30.976 10505-10702 CdcForegroundService    com.cdccreditsmart.app               I  🏢 APLICANDO POLÍTICAS DE AMBIENTE DE TRABALHO
2026-01-29 17:31:30.976 10505-10702 CdcForegroundService    com.cdccreditsmart.app               I  🏢 ========================================
2026-01-29 17:31:30.980 10505-10702 WorkPolicyManager       com.cdccreditsmart.app               I  
2026-01-29 17:31:30.980 10505-10702 WorkPolicyManager       com.cdccreditsmart.app               I  ╔════════════════════════════════════════════════════════════════╗
2026-01-29 17:31:30.980 10505-10702 WorkPolicyManager       com.cdccreditsmart.app               I  ║  🏢 APLICANDO POLÍTICAS DE AMBIENTE DE TRABALHO                ║
2026-01-29 17:31:30.980 10505-10702 WorkPolicyManager       com.cdccreditsmart.app               I  ║     CDC CREDIT SMART - PROTEÇÃO EMPRESARIAL                    ║
2026-01-29 17:31:30.980 10505-10702 WorkPolicyManager       com.cdccreditsmart.app               I  ╚════════════════════════════════════════════════════════════════╝
2026-01-29 17:31:30.980 10505-10702 WorkPolicyManager       com.cdccreditsmart.app               I  
2026-01-29 17:31:30.982 10505-10702 WorkPolicyManager       com.cdccreditsmart.app               I  📋 STATUS DO DISPOSITIVO:
2026-01-29 17:31:30.982 10505-10702 WorkPolicyManager       com.cdccreditsmart.app               I     Device Owner: ❌ NÃO
2026-01-29 17:31:30.982 10505-10702 WorkPolicyManager       com.cdccreditsmart.app               I     Device Admin: ❌ NÃO
2026-01-29 17:31:30.982 10505-10702 WorkPolicyManager       com.cdccreditsmart.app               I  
2026-01-29 17:31:30.982 10505-10702 WorkPolicyManager       com.cdccreditsmart.app               I  ═══════════════════════════════════════════════════════════════
2026-01-29 17:31:30.982 10505-10702 WorkPolicyManager       com.cdccreditsmart.app               I  ⚠️ MODO BÁSICO - PROTEÇÃO MÍNIMA
2026-01-29 17:31:30.982 10505-10702 WorkPolicyManager       com.cdccreditsmart.app               I  ═══════════════════════════════════════════════════════════════
2026-01-29 17:31:30.982 10505-10702 WorkPolicyManager       com.cdccreditsmart.app               I  
2026-01-29 17:31:30.982 10505-10702 WorkPolicyManager       com.cdccreditsmart.app               E  ❌ ATENÇÃO: App NÃO é Device Owner nem Device Admin!
2026-01-29 17:31:30.982 10505-10702 WorkPolicyManager       com.cdccreditsmart.app               E     • Proteções MDM não disponíveis
2026-01-29 17:31:30.982 10505-10702 WorkPolicyManager       com.cdccreditsmart.app               E     • Usuário pode desinstalar o app livremente
2026-01-29 17:31:30.982 10505-10702 WorkPolicyManager       com.cdccreditsmart.app               E     • Factory Reset não é bloqueável
2026-01-29 17:31:30.982 10505-10702 WorkPolicyManager       com.cdccreditsmart.app               E     • Aplicando proteções alternativas mínimas...
2026-01-29 17:31:30.982 10505-10702 WorkPolicyManager       com.cdccreditsmart.app               I  
2026-01-29 17:31:30.982 10505-10702 WorkPolicyManager       com.cdccreditsmart.app               I  🔄 [1/3] PERSISTÊNCIA DO APP
2026-01-29 17:31:30.982 10505-10702 WorkPolicyManager       com.cdccreditsmart.app               I  ───────────────────────────────────────────────────────────────
2026-01-29 17:31:30.983 10505-10702 WorkPolicyManager       com.cdccreditsmart.app               I     ℹ️ Solicitando isenção de otimização de bateria...
2026-01-29 17:31:30.983 10505-10702 WorkPolicyManager       com.cdccreditsmart.app               I     ℹ️ Usuário precisa conceder manualmente em Settings
2026-01-29 17:31:30.983 10505-10702 WorkPolicyManager       com.cdccreditsmart.app               I     ✅ Foreground Service configurado via CdcForegroundService
2026-01-29 17:31:30.983 10505-10702 WorkPolicyManager       com.cdccreditsmart.app               I  
2026-01-29 17:31:30.983 10505-10702 WorkPolicyManager       com.cdccreditsmart.app               I  📊 [2/3] MONITORAMENTO BÁSICO
2026-01-29 17:31:30.983 10505-10702 WorkPolicyManager       com.cdccreditsmart.app               I  ───────────────────────────────────────────────────────────────
2026-01-29 17:31:30.983 10505-10702 WorkPolicyManager       com.cdccreditsmart.app               I     ✅ WorkManager health check agendado
2026-01-29 17:31:30.983 10505-10702 WorkPolicyManager       com.cdccreditsmart.app               I  
2026-01-29 17:31:30.983 10505-10702 WorkPolicyManager       com.cdccreditsmart.app               I  🔔 [3/3] NOTIFICAÇÕES
2026-01-29 17:31:30.983 10505-10702 WorkPolicyManager       com.cdccreditsmart.app               I  ───────────────────────────────────────────────────────────────
2026-01-29 17:31:30.983 10505-10702 WorkPolicyManager       com.cdccreditsmart.app               I     ✅ Canal de notificação persistente criado
2026-01-29 17:31:30.987 10505-10702 WorkPolicyManager       com.cdccreditsmart.app               I  
2026-01-29 17:31:30.987 10505-10702 WorkPolicyManager       com.cdccreditsmart.app               I  ╔════════════════════════════════════════════════════════════════╗
2026-01-29 17:31:30.987 10505-10702 WorkPolicyManager       com.cdccreditsmart.app               I  ║  📊 RESUMO DAS POLÍTICAS DE TRABALHO                           ║
2026-01-29 17:31:30.987 10505-10702 WorkPolicyManager       com.cdccreditsmart.app               I  ╠════════════════════════════════════════════════════════════════╣
2026-01-29 17:31:30.988 10505-10702 WorkPolicyManager       com.cdccreditsmart.app               I  ║  ⚠️ Nível de proteção: BASIC
2026-01-29 17:31:30.988 10505-10702 WorkPolicyManager       com.cdccreditsmart.app               I  ║  📋 Políticas aplicadas: 4
2026-01-29 17:31:30.988 10505-10702 WorkPolicyManager       com.cdccreditsmart.app               I  ╠════════════════════════════════════════════════════════════════╣
2026-01-29 17:31:30.988 10505-10702 WorkPolicyManager       com.cdccreditsmart.app               I  ║  ✅ PROTEÇÕES ATIVAS:
2026-01-29 17:31:30.988 10505-10702 WorkPolicyManager       com.cdccreditsmart.app               I  ║     ✅ Isenção de otimização de bateria
2026-01-29 17:31:30.988 10505-10702 WorkPolicyManager       com.cdccreditsmart.app               I  ║     ✅ Foreground Service persistente
2026-01-29 17:31:30.988 10505-10702 WorkPolicyManager       com.cdccreditsmart.app               I  ║     ✅ Health check periódico agendado
2026-01-29 17:31:30.988 10505-10702 WorkPolicyManager       com.cdccreditsmart.app               I  ║     ✅ Canal de notificação persistente criado
2026-01-29 17:31:30.988 10505-10702 WorkPolicyManager       com.cdccreditsmart.app               I  ╠════════════════════════════════════════════════════════════════╣
2026-01-29 17:31:30.988 10505-10702 WorkPolicyManager       com.cdccreditsmart.app               I  ║  ⚠️ AVISOS:
2026-01-29 17:31:30.988 10505-10702 WorkPolicyManager       com.cdccreditsmart.app               W  ║     ❌ CRÍTICO: Desinstalação NÃO bloqueável
2026-01-29 17:31:30.989 10505-10702 WorkPolicyManager       com.cdccreditsmart.app               W  ║     ❌ CRÍTICO: Factory Reset NÃO bloqueável
2026-01-29 17:31:30.989 10505-10702 WorkPolicyManager       com.cdccreditsmart.app               W  ║     ❌ CRÍTICO: Force Stop NÃO bloqueável
2026-01-29 17:31:30.989 10505-10702 WorkPolicyManager       com.cdccreditsmart.app               W  ║     ❌ CRÍTICO: Clear Data NÃO bloqueável
2026-01-29 17:31:30.989 10505-10702 WorkPolicyManager       com.cdccreditsmart.app               W  ║     ⚠️ Recomendação: Configurar como Device Owner via QR Code ou ADB
2026-01-29 17:31:30.989 10505-10702 WorkPolicyManager       com.cdccreditsmart.app               I  ╚════════════════════════════════════════════════════════════════╝
2026-01-29 17:31:30.989 10505-10702 WorkPolicyManager       com.cdccreditsmart.app               I  
2026-01-29 17:31:30.989 10505-10702 CdcForegroundService    com.cdccreditsmart.app               I  🏢 Resultado: BASIC
2026-01-29 17:31:30.990 10505-10702 CdcForegroundService    com.cdccreditsmart.app               I  🏢 Políticas aplicadas: 4/5
2026-01-29 17:31:30.990 10505-10702 CdcForegroundService    com.cdccreditsmart.app               W  🏢 ❌ CRÍTICO: Desinstalação NÃO bloqueável
2026-01-29 17:31:30.990 10505-10702 CdcForegroundService    com.cdccreditsmart.app               W  🏢 ❌ CRÍTICO: Factory Reset NÃO bloqueável
2026-01-29 17:31:30.990 10505-10702 CdcForegroundService    com.cdccreditsmart.app               W  🏢 ❌ CRÍTICO: Force Stop NÃO bloqueável
2026-01-29 17:31:30.990 10505-10702 CdcForegroundService    com.cdccreditsmart.app               W  🏢 ❌ CRÍTICO: Clear Data NÃO bloqueável
2026-01-29 17:31:30.990 10505-10702 CdcForegroundService    com.cdccreditsmart.app               W  🏢 ⚠️ Recomendação: Configurar como Device Owner via QR Code ou ADB
2026-01-29 17:31:30.990 10505-10702 CdcForegroundService    com.cdccreditsmart.app               I  🏢 ========================================
2026-01-29 17:31:30.990 10505-10702 CdcForegroundService    com.cdccreditsmart.app               I  🛡️ ========================================
2026-01-29 17:31:30.990 10505-10702 CdcForegroundService    com.cdccreditsmart.app               I  🛡️ INICIANDO SETTINGS GUARD (PROTEÇÃO AGRESSIVA)
2026-01-29 17:31:30.990 10505-10702 CdcForegroundService    com.cdccreditsmart.app               I  🛡️ ========================================
2026-01-29 17:31:30.992 10505-10702 AutoPermissionManager   com.cdccreditsmart.app               W  ⚠️ Não é Device Owner - não pode conceder permissões especiais
2026-01-29 17:31:30.994 10505-10702 SettingsGuardService    com.cdccreditsmart.app               I  
2026-01-29 17:31:30.994 10505-10702 SettingsGuardService    com.cdccreditsmart.app               I  ╔════════════════════════════════════════════════════════╗
2026-01-29 17:31:30.994 10505-10702 SettingsGuardService    com.cdccreditsmart.app               I  ║   🛡️ SETTINGSGUARD - INICIALIZAÇÃO                    ║
2026-01-29 17:31:30.994 10505-10702 SettingsGuardService    com.cdccreditsmart.app               I  ╠════════════════════════════════════════════════════════╣
2026-01-29 17:31:30.994 10505-10505 BootReceiver            com.cdccreditsmart.app               I  Boot completed - iniciando servicos...
2026-01-29 17:31:30.999 10505-10505 CdcForegroundService    com.cdccreditsmart.app               I  ✅ Serviço iniciado via startService()
2026-01-29 17:31:31.001 10505-10505 OfflineEnf...mentWorker com.cdccreditsmart.app               I  ✅ OfflineEnforcementWorker agendado
2026-01-29 17:31:31.001 10505-10702 SettingsGuardService    com.cdccreditsmart.app               I  ║   📱 Modo proteção: BASIC                           ║
2026-01-29 17:31:31.002 10505-10702 SettingsGuardService    com.cdccreditsmart.app               I  ║   📊 UsageStats: ❌ NEGADA                 ║
2026-01-29 17:31:31.003 10505-10702 SettingsGuardService    com.cdccreditsmart.app               I  ║   🪟 Overlay: ❌ NEGADA                    ║
2026-01-29 17:31:31.004 10505-10505 PeriodicOverlayWorker   com.cdccreditsmart.app               I  📅 Agendando overlay automático
2026-01-29 17:31:31.004 10505-10505 PeriodicOverlayWorker   com.cdccreditsmart.app               I     WorkManager interval: 15 minutos (mínimo obrigatório)
2026-01-29 17:31:31.004 10505-10505 PeriodicOverlayWorker   com.cdccreditsmart.app               I     Cooldowns progressivos controlados internamente pelo worker
2026-01-29 17:31:31.004 10505-10702 SettingsGuardService    com.cdccreditsmart.app               I  ║   🔒 Device Owner: ❌ NÃO                   ║
2026-01-29 17:31:31.004 10505-10505 PeriodicOverlayWorker   com.cdccreditsmart.app               I  ✅ Overlay automático agendado com sucesso
2026-01-29 17:31:31.005 10505-10702 SettingsGuardService    com.cdccreditsmart.app               I  ║   🔐 Device Admin: ❌ NÃO                   ║
2026-01-29 17:31:31.005 10505-10702 SettingsGuardService    com.cdccreditsmart.app               I  ╚════════════════════════════════════════════════════════╝
2026-01-29 17:31:31.005 10505-10702 SettingsGuardService    com.cdccreditsmart.app               I  🛡️ SettingsGuard INICIADO
2026-01-29 17:31:31.005 10505-10702 SettingsGuardService    com.cdccreditsmart.app               I     Modo de proteção: BASIC
2026-01-29 17:31:31.006 10505-10702 SettingsGuardService    com.cdccreditsmart.app               I     ⚠️ Sem privilégios: Proteção AGRESSIVA ativada
2026-01-29 17:31:31.006 10505-10702 SettingsGuardService    com.cdccreditsmart.app               I     📡 Monitorando Settings a cada 3000ms
2026-01-29 17:31:31.006 10505-10702 SettingsGuardService    com.cdccreditsmart.app               I  🔍 ========================================
2026-01-29 17:31:31.006 10505-10702 SettingsGuardService    com.cdccreditsmart.app               I  🔍 INICIANDO MONITORAMENTO ATIVO DE SETTINGS
2026-01-29 17:31:31.006 10505-10702 SettingsGuardService    com.cdccreditsmart.app               I  🔍 ========================================
2026-01-29 17:31:31.007 10505-10702 SettingsGuardService    com.cdccreditsmart.app               W  ⚠️ Sem permissão PACKAGE_USAGE_STATS
2026-01-29 17:31:31.008 10505-10702 SettingsGuardService    com.cdccreditsmart.app               W     Monitoramento via ActivityManager (menos preciso)
2026-01-29 17:31:31.008 10505-10702 SettingsGuardService    com.cdccreditsmart.app               W     IMPORTANTE: Conceda permissão em Configurações > Apps > Credit Smart > Acesso especial > Acesso uso
2026-01-29 17:31:31.037 10505-10702 SettingsGuardService    com.cdccreditsmart.app               I  📢 Notificação de permissão USAGE_STATS exibida
2026-01-29 17:31:31.037 10505-10702 SettingsGuardService    com.cdccreditsmart.app               W  ⚠️ Sem permissão OVERLAY
2026-01-29 17:31:31.037 10505-10702 SettingsGuardService    com.cdccreditsmart.app               I  🔍 Intervalo: 3000ms / 1000ms
2026-01-29 17:31:31.040 10505-10716 SettingsGuardService    com.cdccreditsmart.app               I  ▶️ App CDC em foreground - fluxo de permissão concluído
2026-01-29 17:31:31.040 10505-10702 CdcForegroundService    com.cdccreditsmart.app               I  🛡️ Guard ativo: true
2026-01-29 17:31:31.040 10505-10716 SettingsGuardService    com.cdccreditsmart.app               I  ▶️ Guard RETOMADO após fluxo de permissões
2026-01-29 17:31:31.040 10505-10702 CdcForegroundService    com.cdccreditsmart.app               I  🛡️ Modo proteção: BASIC
2026-01-29 17:31:31.040 10505-10505 PermissionGateScreen    com.cdccreditsmart.app               I  🔍 VERIFICAÇÃO INICIAL DE PERMISSÕES:
2026-01-29 17:31:31.040 10505-10702 CdcForegroundService    com.cdccreditsmart.app               I  🛡️ Modo agressivo: false
2026-01-29 17:31:31.040 10505-10505 PermissionGateScreen    com.cdccreditsmart.app               I     Nível: BASIC
2026-01-29 17:31:31.041 10505-10702 CdcForegroundService    com.cdccreditsmart.app               I  🛡️ UsageStats: ❌ INATIVO
2026-01-29 17:31:31.041 10505-10505 PermissionGateScreen    com.cdccreditsmart.app               I     Todas concedidas: false
2026-01-29 17:31:31.041 10505-10702 CdcForegroundService    com.cdccreditsmart.app               I  🛡️ Overlay: ❌ INATIVO
2026-01-29 17:31:31.041 10505-10702 CdcForegroundService    com.cdccreditsmart.app               W  🛡️ ⚠️ UsageStats não ativo - guard usará ActivityManager (menos preciso)
2026-01-29 17:31:31.041 10505-10702 CdcForegroundService    com.cdccreditsmart.app               W  🛡️ ⚠️ Overlay não ativo - guard usará bringAppToForeground
2026-01-29 17:31:31.041 10505-10702 CdcForegroundService    com.cdccreditsmart.app               I  🛡️ ========================================
2026-01-29 17:31:31.042 10505-10505 PermissionGateScreen    com.cdccreditsmart.app               I     Bateria isenta: false
2026-01-29 17:31:31.042 10505-10505 PermissionGateScreen    com.cdccreditsmart.app               W     ❌ FALTA: Administrador do Dispositivo
2026-01-29 17:31:31.042 10505-10505 PermissionGateScreen    com.cdccreditsmart.app               W     ❌ FALTA: Permissões Básicas
2026-01-29 17:31:31.042 10505-10505 PermissionGateScreen    com.cdccreditsmart.app               W     ❌ FALTA: Monitoramento de Apps
2026-01-29 17:31:31.042 10505-10505 PermissionGateScreen    com.cdccreditsmart.app               W     ❌ FALTA: Mostrar Alertas
2026-01-29 17:31:31.042 10505-10505 PermissionGateScreen    com.cdccreditsmart.app               W     ❌ FALTA: Execução em Segundo Plano
2026-01-29 17:31:31.042 10505-10505 PermissionGateScreen    com.cdccreditsmart.app               I  ========================================
2026-01-29 17:31:31.042 10505-10505 PermissionGateScreen    com.cdccreditsmart.app               I  🚪 PERMISSION GATE SCREEN INICIADO
2026-01-29 17:31:31.042 10505-10505 PermissionGateScreen    com.cdccreditsmart.app               I  ========================================
2026-01-29 17:31:31.043 10505-10702 OfflineEnf...mentWorker com.cdccreditsmart.app               I  ✅ OfflineEnforcementWorker agendado
2026-01-29 17:31:31.043 10505-10505 PermissionGateScreen    com.cdccreditsmart.app               I  Nível de privilégio: BASIC
2026-01-29 17:31:31.043 10505-10702 CdcForegroundService    com.cdccreditsmart.app               I  ✅ OfflineEnforcementWorker agendado
2026-01-29 17:31:31.043 10505-10505 PermissionGateScreen    com.cdccreditsmart.app               I  Permissões concedidas: 0
2026-01-29 17:31:31.043 10505-10702 PeriodicOverlayWorker   com.cdccreditsmart.app               I  📅 Agendando overlay automático
2026-01-29 17:31:31.043 10505-10702 PeriodicOverlayWorker   com.cdccreditsmart.app               I     WorkManager interval: 15 minutos (mínimo obrigatório)
2026-01-29 17:31:31.043 10505-10702 PeriodicOverlayWorker   com.cdccreditsmart.app               I     Cooldowns progressivos controlados internamente pelo worker
2026-01-29 17:31:31.043 10505-10505 PermissionGateScreen    com.cdccreditsmart.app               I  Permissões faltando: 5
2026-01-29 17:31:31.043 10505-10505 PermissionGateScreen    com.cdccreditsmart.app               W    ❌ Administrador do Dispositivo
2026-01-29 17:31:31.043 10505-10505 PermissionGateScreen    com.cdccreditsmart.app               W    ❌ Permissões Básicas
2026-01-29 17:31:31.043 10505-10505 PermissionGateScreen    com.cdccreditsmart.app               W    ❌ Monitoramento de Apps
2026-01-29 17:31:31.043 10505-10505 PermissionGateScreen    com.cdccreditsmart.app               W    ❌ Mostrar Alertas
2026-01-29 17:31:31.043 10505-10505 PermissionGateScreen    com.cdccreditsmart.app               W    ❌ Execução em Segundo Plano
2026-01-29 17:31:31.044 10505-10505 PermissionGateScreen    com.cdccreditsmart.app               I  ========================================
2026-01-29 17:31:31.044 10505-10505 PermissionGateScreen    com.cdccreditsmart.app               D  ⏰ Iniciando verificação periódica de permissões (a cada 3s)...
2026-01-29 17:31:31.045 10505-10702 PeriodicOverlayWorker   com.cdccreditsmart.app               I  ✅ Overlay automático agendado com sucesso
2026-01-29 17:31:31.045 10505-10702 CdcForegroundService    com.cdccreditsmart.app               I  ✅ PeriodicOverlayWorker agendado
2026-01-29 17:31:31.053 10505-10505 Choreographer           com.cdccreditsmart.app               I  Skipped 106 frames!  The application may be doing too much work on its main thread.
2026-01-29 17:31:31.085 10505-10505 CdcForegroundService    com.cdccreditsmart.app               D  🚀 Serviço onStartCommand() - Action: com.cdccreditsmart.app.START_SERVICE
2026-01-29 17:31:31.090 10505-10716 ServiceWatchdogWorker   com.cdccreditsmart.app               I  🔍 ========================================
2026-01-29 17:31:31.090 10505-10716 ServiceWatchdogWorker   com.cdccreditsmart.app               I  🔍 WATCHDOG: Verificando CdcForegroundService
2026-01-29 17:31:31.090 10505-10716 ServiceWatchdogWorker   com.cdccreditsmart.app               I  🔍 ========================================
2026-01-29 17:31:31.092 10505-10716 KeepAliveManager        com.cdccreditsmart.app               D  ✅ CdcForegroundService está ativo
2026-01-29 17:31:31.094 10505-10716 ServiceWatchdogWorker   com.cdccreditsmart.app               I  📊 Estatísticas Keep Alive:
2026-01-29 17:31:31.095 10505-10716 ServiceWatchdogWorker   com.cdccreditsmart.app               I     - Serviço ativo: true
2026-01-29 17:31:31.095 10505-10716 ServiceWatchdogWorker   com.cdccreditsmart.app               I     - Restarts: 0
2026-01-29 17:31:31.095 10505-10716 ServiceWatchdogWorker   com.cdccreditsmart.app               I     - Otimização bateria: SIM (ruim)
2026-01-29 17:31:31.095 10505-10716 ServiceWatchdogWorker   com.cdccreditsmart.app               I  🔍 ========================================
2026-01-29 17:31:31.095 10505-10716 ServiceWatchdogWorker   com.cdccreditsmart.app               I  ✅ WATCHDOG: Serviço verificado/reiniciado com sucesso
2026-01-29 17:31:31.106 10505-10505 CdcForegroundService    com.cdccreditsmart.app               I  ✅ Foreground Service ativo (Android 12+)
2026-01-29 17:31:31.112 10505-10704 CdcForegroundService    com.cdccreditsmart.app               I  🔧 ========================================
2026-01-29 17:31:31.112 10505-10704 CdcForegroundService    com.cdccreditsmart.app               I  🔧 INICIANDO initializeServices()...
2026-01-29 17:31:31.112 10505-10704 CdcForegroundService    com.cdccreditsmart.app               I  🔧 ========================================
2026-01-29 17:31:31.112 10505-10704 CdcForegroundService    com.cdccreditsmart.app               D  ✅ Serviços base já inicializados
2026-01-29 17:31:31.142 10505-10707 WM-WorkerWrapper        com.cdccreditsmart.app               I  Worker result SUCCESS for Work [ id=f725559a-46d5-4e43-8798-78d45fea3260, tags={ com.cdccreditsmart.app.keepalive.ServiceWatchdogWorker } ]
2026-01-29 17:31:31.142 10505-10771 LibMBrainProxy          com.cdccreditsmart.app               D  Init Paramters
2026-01-29 17:31:31.144 10505-10505 NotificationHelper      com.cdccreditsmart.app               D  Notification channel created: cdc_default
2026-01-29 17:31:31.145 10505-10505 NotificationHelper      com.cdccreditsmart.app               D  Notification channel created: cdc_info
2026-01-29 17:31:31.147 10505-10505 NotificationHelper      com.cdccreditsmart.app               D  Notification channel created: cdc_alerts
2026-01-29 17:31:31.149 10505-10505 NotificationHelper      com.cdccreditsmart.app               D  Notification channel created: cdc_payments
2026-01-29 17:31:31.152 10505-10505 NotificationHelper      com.cdccreditsmart.app               D  Notification channel created: cdc_contract
2026-01-29 17:31:31.237 10505-10505 CdcMessagingService     com.cdccreditsmart.app               D  CdcMessagingService created
2026-01-29 17:31:31.254 10505-10780 CdcMessagingService     com.cdccreditsmart.app               D  ========== NEW FCM TOKEN RECEIVED ==========
2026-01-29 17:31:31.254 10505-10780 CdcMessagingService     com.cdccreditsmart.app               D  Token: dzy1jNTRQS6gYTum-qYa...
2026-01-29 17:31:31.265 10505-10716 OfflineEnf...mentWorker com.cdccreditsmart.app               I  🔄 ========================================
2026-01-29 17:31:31.265 10505-10716 OfflineEnf...mentWorker com.cdccreditsmart.app               I  🔄 OFFLINE ENFORCEMENT - EXECUTANDO
2026-01-29 17:31:31.265 10505-10716 OfflineEnf...mentWorker com.cdccreditsmart.app               I  🔄 ========================================
2026-01-29 17:31:31.372 10505-10518 creditsmart.app         com.cdccreditsmart.app               I  Compiler allocated 6943KB to compile void android.view.ViewRootImpl.performTraversals()
2026-01-29 17:31:31.462 10505-10780 FcmTokenManager         com.cdccreditsmart.app               D  FCM token saved locally: dzy1jNTRQS6gYTum-qYa...
2026-01-29 17:31:31.469 10505-10704 FcmTokenManager         com.cdccreditsmart.app               D  ========== REGISTERING FCM TOKEN WITH BACKEND ==========
2026-01-29 17:31:31.475 10505-10704 FcmTokenManager         com.cdccreditsmart.app               D  Current FCM token retrieved: dzy1jNTRQS6gYTum-qYa...
2026-01-29 17:31:31.490 10505-10704 FcmTokenManager         com.cdccreditsmart.app               E  Cannot register: Auth token not available
2026-01-29 17:31:31.490 10505-10704 CdcMessagingService     com.cdccreditsmart.app               E  ❌ Failed to register FCM token with backend: User not authenticated
2026-01-29 17:31:31.517 10505-10716 OfflineEnf...mentWorker com.cdccreditsmart.app               I  ℹ️ Sem dados offline - nada a fazer
2026-01-29 17:31:31.521 10505-10672 WM-WorkerWrapper        com.cdccreditsmart.app               I  Worker result SUCCESS for Work [ id=952e5a85-0141-4cf4-888e-60d5bbb919ee, tags={ com.cdccreditsmart.app.offline.OfflineEnforcementWorker } ]
2026-01-29 17:31:31.550 10505-10716 ContractCodeStorage     com.cdccreditsmart.app               D  Retrieving contract code from storage
2026-01-29 17:31:31.562 10505-10716 ContractCodeStorage     com.cdccreditsmart.app               D  Storage verification: 0 valid, 0 tampered, 7 missing
2026-01-29 17:31:31.562 10505-10716 ContractCodeStorage     com.cdccreditsmart.app               W  No valid contract code found in any location
2026-01-29 17:31:31.574 10505-10716 SecureTokenStorage      com.cdccreditsmart.app               E  ❌ Nenhum identificador MDM disponível!
2026-01-29 17:31:31.574 10505-10716 CdcForegroundService    com.cdccreditsmart.app               I  🔐 AuthToken presente: false
2026-01-29 17:31:31.574 10505-10716 CdcForegroundService    com.cdccreditsmart.app               I  🔐 AuthToken length: 0
2026-01-29 17:31:31.574 10505-10716 CdcForegroundService    com.cdccreditsmart.app               I  🔐 ContractCode presente: false
2026-01-29 17:31:31.575 10505-10716 CdcForegroundService    com.cdccreditsmart.app               I  🔐 ContractCode value: null****
2026-01-29 17:31:31.575 10505-10716 CdcForegroundService    com.cdccreditsmart.app               I  🔐 MDM SerialNumber presente: false
2026-01-29 17:31:31.575 10505-10716 CdcForegroundService    com.cdccreditsmart.app               I  🔐 MDM SerialNumber value: ......
2026-01-29 17:31:31.575 10505-10716 CdcForegroundService    com.cdccreditsmart.app               I  📱 ========================================
2026-01-29 17:31:31.575 10505-10716 CdcForegroundService    com.cdccreditsmart.app               I  📱 AGUARDANDO PAIRING - MDM EM STANDBY
2026-01-29 17:31:31.575 10505-10716 CdcForegroundService    com.cdccreditsmart.app               I  📱 O usuário ainda não fez o pareamento inicial
2026-01-29 17:31:31.575 10505-10716 CdcForegroundService    com.cdccreditsmart.app               I  📱 Serviços MDM serão ativados após inserir código do contrato
2026-01-29 17:31:31.575 10505-10716 CdcForegroundService    com.cdccreditsmart.app               I  📱 NOTA: isMdmInitialized permanece FALSE para permitir reinicialização
2026-01-29 17:31:31.575 10505-10716 CdcForegroundService    com.cdccreditsmart.app               I  📱 ========================================
2026-01-29 17:31:31.616 10505-10716 ContractCodeStorage     com.cdccreditsmart.app               D  Retrieving contract code from storage
2026-01-29 17:31:31.630 10505-10716 ContractCodeStorage     com.cdccreditsmart.app               D  Storage verification: 0 valid, 0 tampered, 7 missing
2026-01-29 17:31:31.630 10505-10716 ContractCodeStorage     com.cdccreditsmart.app               W  No valid contract code found in any location
2026-01-29 17:31:31.642 10505-10716 SecureTokenStorage      com.cdccreditsmart.app               E  ❌ Nenhum identificador MDM disponível!
2026-01-29 17:31:31.642 10505-10716 CdcForegroundService    com.cdccreditsmart.app               I  🔐 AuthToken presente: false
2026-01-29 17:31:31.642 10505-10716 CdcForegroundService    com.cdccreditsmart.app               I  🔐 AuthToken length: 0
2026-01-29 17:31:31.642 10505-10716 CdcForegroundService    com.cdccreditsmart.app               I  🔐 ContractCode presente: false
2026-01-29 17:31:31.642 10505-10716 CdcForegroundService    com.cdccreditsmart.app               I  🔐 ContractCode value: null****
2026-01-29 17:31:31.642 10505-10716 CdcForegroundService    com.cdccreditsmart.app               I  🔐 MDM SerialNumber presente: false
2026-01-29 17:31:31.643 10505-10716 CdcForegroundService    com.cdccreditsmart.app               I  🔐 MDM SerialNumber value: ......
2026-01-29 17:31:31.643 10505-10716 CdcForegroundService    com.cdccreditsmart.app               I  📱 ========================================
2026-01-29 17:31:31.643 10505-10716 CdcForegroundService    com.cdccreditsmart.app               I  📱 AGUARDANDO PAIRING - MDM EM STANDBY
2026-01-29 17:31:31.643 10505-10716 CdcForegroundService    com.cdccreditsmart.app               I  📱 O usuário ainda não fez o pareamento inicial
2026-01-29 17:31:31.643 10505-10716 CdcForegroundService    com.cdccreditsmart.app               I  📱 Serviços MDM serão ativados após inserir código do contrato
2026-01-29 17:31:31.643 10505-10716 CdcForegroundService    com.cdccreditsmart.app               I  📱 NOTA: isMdmInitialized permanece FALSE para permitir reinicialização
2026-01-29 17:31:31.643 10505-10716 CdcForegroundService    com.cdccreditsmart.app               I  📱 ========================================
2026-01-29 17:31:31.657 10505-10505 InteractionJankMonitor  com.cdccreditsmart.app               W  Initializing without READ_DEVICE_CONFIG permission. enabled=false, interval=1, missedFrameThreshold=3, frameTimeThreshold=64, package=com.cdccreditsmart.app
