2026-01-23 01:03:15.308 26657-27061 ContractCodeStorage     com.cdccreditsmart.app               D  Contract code saved to ALL storage locations
2026-01-23 01:03:15.329 26657-26669 creditsmart.app         com.cdccreditsmart.app               W  Cleared Reference was only reachable from finalizer (only reported once)
2026-01-23 01:03:15.349 26657-27187 SecureTokenStorage      com.cdccreditsmart.app               D  EncryptedSharedPreferences initialized successfully
2026-01-23 01:03:15.353 26657-27187 AppProtectionManager    com.cdccreditsmart.app               W          â†’ DISALLOW_MODIFY_ACCOUNTS adiado (pareamento pendente ou direct-boot)
2026-01-23 01:03:15.368 26657-27187 AppProtectionManager    com.cdccreditsmart.app               I          â†’ Network reset bloqueado (proteÃ§Ã£o extra)
2026-01-23 01:03:15.375 26657-26669 creditsmart.app         com.cdccreditsmart.app               I  Background concurrent mark compact GC freed 262476(10MB) AllocSpace objects, 380(13MB) LOS objects, 75% free, 7947KB/31MB, paused 721us,2.971ms total 102.742ms
2026-01-23 01:03:15.384 26657-27187 AppProtectionManager    com.cdccreditsmart.app               I          â†’ Outgoing beam bloqueado (proteÃ§Ã£o extra)
2026-01-23 01:03:15.384 26657-27187 AppProtectionManager    com.cdccreditsmart.app               D     OEM unlock: Bloqueado via Knox Enhanced Protections
2026-01-23 01:03:15.384 26657-27187 AppProtectionManager    com.cdccreditsmart.app               W  
2026-01-23 01:03:15.384 26657-27187 AppProtectionManager    com.cdccreditsmart.app               W  ğŸ“‹ IMPORTANTE - LIMITAÃ‡Ã•ES DO ANDROID:
2026-01-23 01:03:15.384 26657-27187 AppProtectionManager    com.cdccreditsmart.app               W     âœ… Factory reset VIA SETTINGS: BLOQUEADO
2026-01-23 01:03:15.384 26657-27187 AppProtectionManager    com.cdccreditsmart.app               W     âŒ Factory reset VIA RECOVERY MODE (Volume+Power): NÃƒO BLOQUEÃVEL
2026-01-23 01:03:15.384 26657-27187 AppProtectionManager    com.cdccreditsmart.app               W     âŒ Fastboot/Bootloader: Operam ABAIXO do Android - NÃƒO BLOQUEÃVEL
2026-01-23 01:03:15.384 26657-27187 AppProtectionManager    com.cdccreditsmart.app               W  
2026-01-23 01:03:15.384 26657-27187 AppProtectionManager    com.cdccreditsmart.app               W     Dispositivos Motorola podem ter Settings customizados.
2026-01-23 01:03:15.384 26657-27187 AppProtectionManager    com.cdccreditsmart.app               W     Apps Settings da Motorola foram bloqueados como proteÃ§Ã£o extra.
2026-01-23 01:03:15.392 26657-27187 AppProtectionManager    com.cdccreditsmart.app               I  âœ… [5/10] HARD RESET BLOQUEADO (BotÃµes)
2026-01-23 01:03:15.392 26657-27187 AppProtectionManager    com.cdccreditsmart.app               I          â†’ Safe mode bloqueado
2026-01-23 01:03:15.400 26657-27187 AppProtectionManager    com.cdccreditsmart.app               I          â†’ System updates adiados (proteÃ§Ã£o reset)
2026-01-23 01:03:15.411 26657-27187 AppProtectionManager    com.cdccreditsmart.app               I          â†’ VPN config bloqueado
2026-01-23 01:03:15.430 26657-27187 AppProtectionManager    com.cdccreditsmart.app               I          â†’ Data/hora config bloqueado
2026-01-23 01:03:15.430 26657-27187 AppProtectionManager    com.cdccreditsmart.app               W  
2026-01-23 01:03:15.430 26657-27187 AppProtectionManager    com.cdccreditsmart.app               W  âš ï¸ LIMITAÃ‡ÃƒO: Hard reset via recovery mode pode nÃ£o ser bloqueado
2026-01-23 01:03:15.430 26657-27187 AppProtectionManager    com.cdccreditsmart.app               W     Dispositivos Samsung com Knox tÃªm proteÃ§Ã£o adicional
2026-01-23 01:03:15.437 26657-27187 AppProtectionManager    com.cdccreditsmart.app               I  âœ… [6/10] RECOVERY MODE BLOQUEADO
2026-01-23 01:03:15.437 26657-27187 AppProtectionManager    com.cdccreditsmart.app               I          â†’ ConfiguraÃ§Ãµes de rede bloqueadas
2026-01-23 01:03:15.437 26657-27187 AppProtectionManager    com.cdccreditsmart.app               W          â†’ ADB/Debug mantido ativo (debugging Device Owner)
2026-01-23 01:03:15.437 26657-27187 AppProtectionManager    com.cdccreditsmart.app               W          â†’ USB transfer mantido ativo (debugging Device Owner)
2026-01-23 01:03:15.437 26657-27187 AppProtectionManager    com.cdccreditsmart.app               I  âœ… [7/10] SETTINGS TOTALMENTE ACESSÃVEL (Android 13+)
2026-01-23 01:03:15.437 26657-27187 AppProtectionManager    com.cdccreditsmart.app               I          â†’ UsuÃ¡rio PODE acessar Settings > Apps normalmente
2026-01-23 01:03:15.437 26657-27187 AppProtectionManager    com.cdccreditsmart.app               I          â†’ BotÃµes Desinstalar/Force Stop/Clear Data desabilitados para CDC
2026-01-23 01:03:15.443 26657-27187 AppProtectionManager    com.cdccreditsmart.app               I  âœ… [8/10] CONTROLE DE USUÃRIO BLOQUEADO
2026-01-23 01:03:15.443 26657-27187 AppProtectionManager    com.cdccreditsmart.app               I          â†’ CriaÃ§Ã£o de usuÃ¡rios bloqueada
2026-01-23 01:03:15.448 26657-27187 AppProtectionManager    com.cdccreditsmart.app               I          â†’ RemoÃ§Ã£o de usuÃ¡rios bloqueada
2026-01-23 01:03:15.462 26657-27187 AppProtectionManager    com.cdccreditsmart.app               I          â†’ Troca de usuÃ¡rios bloqueada
2026-01-23 01:03:15.476 26657-27187 AppProtectionManager    com.cdccreditsmart.app               I  âœ… [9/10] TASK KILLING PREVENIDO
2026-01-23 01:03:15.476 26657-27187 AppProtectionManager    com.cdccreditsmart.app               I          â†’ Lock Task Mode configurado
2026-01-23 01:03:15.489 26657-27187 AppProtectionManager    com.cdccreditsmart.app               I          â†’ Lock Task features configuradas
2026-01-23 01:03:15.500 26657-27187 AppProtectionManager    com.cdccreditsmart.app               I  âœ… [10/10] WIPE DO SISTEMA BLOQUEADO
2026-01-23 01:03:15.500 26657-27187 AppProtectionManager    com.cdccreditsmart.app               I          â†’ Profile removal bloqueado
2026-01-23 01:03:15.506 26657-27187 AppProtectionManager    com.cdccreditsmart.app               I          â†’ Config credentials bloqueado
2026-01-23 01:03:15.511 26657-27187 AppProtectionManager    com.cdccreditsmart.app               I          â†’ Keyguard protegido
2026-01-23 01:03:15.511 26657-27187 AppProtectionManager    com.cdccreditsmart.app               I  [11/10] RECOVERY BOOT - Dispositivo nÃ£o-Samsung
2026-01-23 01:03:15.511 26657-27187 AppProtectionManager    com.cdccreditsmart.app               W          âš ï¸ Recovery mode pode nÃ£o ser totalmente bloqueado
2026-01-23 01:03:15.511 26657-27187 AppProtectionManager    com.cdccreditsmart.app               W          â†’ ProteÃ§Ã£o limitada Ã s restriÃ§Ãµes padrÃ£o do Android
2026-01-23 01:03:15.511 26657-27187 AppProtectionManager    com.cdccreditsmart.app               D  [12/10] MOTOROLA SETTINGS - Dispositivo nÃ£o Ã© Motorola
2026-01-23 01:03:15.518 26657-27136 SecureTokenStorage      com.cdccreditsmart.app               D  EncryptedSharedPreferences initialized successfully
2026-01-23 01:03:15.521 26657-27136 ContractCodeStorage     com.cdccreditsmart.app               D  Retrieving contract code from storage
2026-01-23 01:03:15.529 26657-27187 InstallationBlocker     com.cdccreditsmart.app               I  âœ… InstalaÃ§Ã£o de fontes desconhecidas BLOQUEADA
2026-01-23 01:03:15.530 26657-27187 InstallationBlocker     com.cdccreditsmart.app               I     â†’ Apps sÃ³ podem ser instalados via Play Store
2026-01-23 01:03:15.530 26657-27187 AppProtectionManager    com.cdccreditsmart.app               I  âœ… [13/10] InstalaÃ§Ã£o de fontes desconhecidas bloqueada
2026-01-23 01:03:15.654 26657-27187 AppProtectionManager    com.cdccreditsmart.app               I  âœ… [14/10] Scan de apps perigosos: Nenhum app perigoso detectado
2026-01-23 01:03:15.657 26657-27187 FRPHelper               com.cdccreditsmart.app               W  âš ï¸ Device NÃƒO tem conta Google - FRP nÃ£o estÃ¡ ativo
2026-01-23 01:03:15.657 26657-27187 AppProtectionManager    com.cdccreditsmart.app               W  âš ï¸ [EXTRA] Google FRP nÃ£o disponÃ­vel - device sem conta Google
2026-01-23 01:03:15.657 26657-27187 AppProtectionManager    com.cdccreditsmart.app               I          â†’ Cliente pode adicionar conta Google manualmente em Settings
2026-01-23 01:03:15.657 26657-27187 AppProtectionManager    com.cdccreditsmart.app               I  ========================================
2026-01-23 01:03:15.657 26657-27187 AppProtectionManager    com.cdccreditsmart.app               I  ğŸ“Š RESUMO DA PROTEÃ‡ÃƒO ANTI-REMOÃ‡ÃƒO:
2026-01-23 01:03:15.657 26657-27187 AppProtectionManager    com.cdccreditsmart.app               I    âœ… ProteÃ§Ãµes aplicadas: 22
2026-01-23 01:03:15.657 26657-27187 AppProtectionManager    com.cdccreditsmart.app               I  
2026-01-23 01:03:15.657 26657-27187 AppProtectionManager    com.cdccreditsmart.app               W  âš ï¸ Tamper Detection:
2026-01-23 01:03:15.657 26657-27187 AppProtectionManager    com.cdccreditsmart.app               W     â€¢ Device fingerprint SERÃ coletado e reportado ao backend em cada boot
2026-01-23 01:03:15.657 26657-27187 AppProtectionManager    com.cdccreditsmart.app               W     â€¢ Backend detection: Requer implementaÃ§Ã£o POST /api/security/device-boot (TODO)
2026-01-23 01:03:15.657 26657-27187 AppProtectionManager    com.cdccreditsmart.app               W     â€¢ Local detection: Limitada (ambos token e fingerprint apagados em factory reset)
2026-01-23 01:03:15.657 26657-27187 AppProtectionManager    com.cdccreditsmart.app               W     â€¢ BootInterceptor: Detecta BOOT_COMPLETED e SHUTDOWN apenas
2026-01-23 01:03:15.657 26657-27187 AppProtectionManager    com.cdccreditsmart.app               W     â€¢ ACTION_REBOOT NÃƒO funciona (broadcast protegido do sistema)
2026-01-23 01:03:15.657 26657-27187 AppProtectionManager    com.cdccreditsmart.app               I    âœ… Android 13+: UsuÃ¡rio PODE acessar Settings normalmente!
2026-01-23 01:03:15.657 26657-27187 AppProtectionManager    com.cdccreditsmart.app               I  ========================================
2026-01-23 01:03:15.657 26657-27187 AppProtectionManager    com.cdccreditsmart.app               I  
2026-01-23 01:03:15.657 26657-27187 AppProtectionManager    com.cdccreditsmart.app               I  
2026-01-23 01:03:15.657 26657-27187 AppProtectionManager    com.cdccreditsmart.app               I  â•”â•â•â•â•â•â•â•â•â•â•â•â•â•â•â•â•â•â•â•â•â•â•â•â•â•â•â•â•â•â•â•â•â•â•â•â•â•â•â•â•â•â•â•â•â•â•â•â•â•â•â•â•â•â•â•â•â•â•â•â•â•â•â•â•â•—
2026-01-23 01:03:15.657 26657-27187 AppProtectionManager    com.cdccreditsmart.app               I  â•‘                                                                â•‘
2026-01-23 01:03:15.657 26657-27187 AppProtectionManager    com.cdccreditsmart.app               I  â•‘        ğŸ“‹ AÃ‡Ã•ES BLOQUEADAS PELAS POLÃTICAS DE TRABALHO         â•‘
2026-01-23 01:03:15.657 26657-27187 AppProtectionManager    com.cdccreditsmart.app               I  â•‘                                                                â•‘
2026-01-23 01:03:15.657 26657-27187 AppProtectionManager    com.cdccreditsmart.app               I  â•šâ•â•â•â•â•â•â•â•â•â•â•â•â•â•â•â•â•â•â•â•â•â•â•â•â•â•â•â•â•â•â•â•â•â•â•â•â•â•â•â•â•â•â•â•â•â•â•â•â•â•â•â•â•â•â•â•â•â•â•â•â•â•â•â•â•
2026-01-23 01:03:15.657 26657-27187 AppProtectionManager    com.cdccreditsmart.app               I  
2026-01-23 01:03:15.657 26657-27187 AppProtectionManager    com.cdccreditsmart.app               I  ğŸš« RESTAURAÃ‡ÃƒO E RESET (GARANTIDAS)
2026-01-23 01:03:15.657 26657-27187 AppProtectionManager    com.cdccreditsmart.app               I  â•â•â•â•â•â•â•â•â•â•â•â•â•â•â•â•â•â•â•â•â•â•â•â•â•â•â•â•â•â•â•â•â•â•â•â•â•â•â•â•â•â•â•â•â•â•â•â•â•â•â•â•â•â•â•â•â•â•â•â•â•â•â•â•
2026-01-23 01:03:15.657 26657-27187 AppProtectionManager    com.cdccreditsmart.app               I    âœ… Factory Reset via Settings (DISALLOW_FACTORY_RESET - crÃ­tica)
2026-01-23 01:03:15.657 26657-27187 AppProtectionManager    com.cdccreditsmart.app               I    âŒ Factory Reset via Recovery Mode (botÃµes Volume+Power) - NÃƒO BLOQUEÃVEL
2026-01-23 01:03:15.657 26657-27187 AppProtectionManager    com.cdccreditsmart.app               I    âŒ Factory Reset via Fastboot/Bootloader - NÃƒO BLOQUEÃVEL
2026-01-23 01:03:15.657 26657-27187 AppProtectionManager    com.cdccreditsmart.app               I  
2026-01-23 01:03:15.657 26657-27187 AppProtectionManager    com.cdccreditsmart.app               I  ğŸ›¡ï¸ PROTEÃ‡ÃƒO DO APP (GARANTIDAS)
2026-01-23 01:03:15.657 26657-27187 AppProtectionManager    com.cdccreditsmart.app               I  â•â•â•â•â•â•â•â•â•â•â•â•â•â•â•â•â•â•â•â•â•â•â•â•â•â•â•â•â•â•â•â•â•â•â•â•â•â•â•â•â•â•â•â•â•â•â•â•â•â•â•â•â•â•â•â•â•â•â•â•â•â•â•â•
2026-01-23 01:03:15.657 26657-27187 AppProtectionManager    com.cdccreditsmart.app               I    âœ… DesinstalaÃ§Ã£o do app (setUninstallBlocked)
2026-01-23 01:03:15.657 26657-27187 AppProtectionManager    com.cdccreditsmart.app               I    âœ… Force Stop (setUserControlDisabledPackages ou DISALLOW_APPS_CONTROL)
2026-01-23 01:03:15.657 26657-27187 AppProtectionManager    com.cdccreditsmart.app               I    âœ… Clear Data (setUserControlDisabledPackages ou DISALLOW_APPS_CONTROL)
2026-01-23 01:03:15.657 26657-27187 AppProtectionManager    com.cdccreditsmart.app               I    âœ… RemoÃ§Ã£o do Device Admin (Device Owner nÃ£o pode ser removido via Settings)
2026-01-23 01:03:15.657 26657-27187 AppProtectionManager    com.cdccreditsmart.app               I  
2026-01-23 01:03:15.657 26657-27187 AppProtectionManager    com.cdccreditsmart.app               I  ğŸ” SEGURANÃ‡A E ACESSO (GARANTIDAS)
2026-01-23 01:03:15.658 26657-27187 AppProtectionManager    com.cdccreditsmart.app               I  â•â•â•â•â•â•â•â•â•â•â•â•â•â•â•â•â•â•â•â•â•â•â•â•â•â•â•â•â•â•â•â•â•â•â•â•â•â•â•â•â•â•â•â•â•â•â•â•â•â•â•â•â•â•â•â•â•â•â•â•â•â•â•â•
2026-01-23 01:03:15.658 26657-27187 AppProtectionManager    com.cdccreditsmart.app               I    âœ… ModificaÃ§Ã£o de contas (DISALLOW_MODIFY_ACCOUNTS)
2026-01-23 01:03:15.658 26657-27187 AppProtectionManager    com.cdccreditsmart.app               I    âœ… AdiÃ§Ã£o de usuÃ¡rios (DISALLOW_ADD_USER)
2026-01-23 01:03:15.658 26657-27187 AppProtectionManager    com.cdccreditsmart.app               I    âœ… RemoÃ§Ã£o de usuÃ¡rios (DISALLOW_REMOVE_USER)
2026-01-23 01:03:15.658 26657-27187 AppProtectionManager    com.cdccreditsmart.app               I    âœ… Debug Features e USB Debugging (DISALLOW_DEBUGGING_FEATURES)
2026-01-23 01:03:15.658 26657-27187 AppProtectionManager    com.cdccreditsmart.app               I    âœ… USB File Transfer MTP/PTP (DISALLOW_USB_FILE_TRANSFER)
2026-01-23 01:03:15.658 26657-27187 AppProtectionManager    com.cdccreditsmart.app               I    âœ… Safe Boot Mode (DISALLOW_SAFE_BOOT)
2026-01-23 01:03:15.658 26657-27187 AppProtectionManager    com.cdccreditsmart.app               I  
2026-01-23 01:03:15.658 26657-27187 AppProtectionManager    com.cdccreditsmart.app               I  ğŸŒ REDE E SISTEMA (TENTADAS - podem falhar)
2026-01-23 01:03:15.658 26657-27187 AppProtectionManager    com.cdccreditsmart.app               I  â•â•â•â•â•â•â•â•â•â•â•â•â•â•â•â•â•â•â•â•â•â•â•â•â•â•â•â•â•â•â•â•â•â•â•â•â•â•â•â•â•â•â•â•â•â•â•â•â•â•â•â•â•â•â•â•â•â•â•â•â•â•â•â•
2026-01-23 01:03:15.658 26657-27187 AppProtectionManager    com.cdccreditsmart.app               I    âš ï¸ ConfiguraÃ§Ã£o de VPN (DISALLOW_CONFIG_VPN - pode falhar)
2026-01-23 01:03:15.658 26657-27187 AppProtectionManager    com.cdccreditsmart.app               I    âš ï¸ ConfiguraÃ§Ã£o de redes mÃ³veis (DISALLOW_CONFIG_MOBILE_NETWORKS - pode falhar)
2026-01-23 01:03:15.658 26657-27187 AppProtectionManager    com.cdccreditsmart.app               I    âš ï¸ ConfiguraÃ§Ã£o de data/hora (DISALLOW_CONFIG_DATE_TIME - pode falhar)
2026-01-23 01:03:15.658 26657-27187 AppProtectionManager    com.cdccreditsmart.app               I    âš ï¸ Network Reset (DISALLOW_NETWORK_RESET - pode falhar)
2026-01-23 01:03:15.658 26657-27187 AppProtectionManager    com.cdccreditsmart.app               I    âš ï¸ Montagem de mÃ­dia externa (DISALLOW_MOUNT_PHYSICAL_MEDIA - pode falhar)
2026-01-23 01:03:15.658 26657-27187 AppProtectionManager    com.cdccreditsmart.app               I    âš ï¸ Outgoing Beam/NFC (DISALLOW_OUTGOING_BEAM - pode falhar)
2026-01-23 01:03:15.658 26657-27187 AppProtectionManager    com.cdccreditsmart.app               I  
2026-01-23 01:03:15.658 26657-27187 AppProtectionManager    com.cdccreditsmart.app               I  ğŸ“± INSTALAÃ‡ÃƒO E APPS (TENTADAS)
2026-01-23 01:03:15.658 26657-27187 AppProtectionManager    com.cdccreditsmart.app               I  â•â•â•â•â•â•â•â•â•â•â•â•â•â•â•â•â•â•â•â•â•â•â•â•â•â•â•â•â•â•â•â•â•â•â•â•â•â•â•â•â•â•â•â•â•â•â•â•â•â•â•â•â•â•â•â•â•â•â•â•â•â•â•â•
2026-01-23 01:03:15.658 26657-27187 AppProtectionManager    com.cdccreditsmart.app               I    âš ï¸ Fontes desconhecidas (InstallationBlocker, falha em Android moderno)
2026-01-23 01:03:15.658 26657-27187 AppProtectionManager    com.cdccreditsmart.app               I    âš ï¸ Apps perigosos (escaneados, remoÃ§Ã£o requer confirmaÃ§Ã£o do usuÃ¡rio)
2026-01-23 01:03:15.658 26657-27187 AppProtectionManager    com.cdccreditsmart.app               I    âš ï¸ Apps Settings Motorola (disabled for Play Protect compliance)
2026-01-23 01:03:15.658 26657-27187 AppProtectionManager    com.cdccreditsmart.app               I  
2026-01-23 01:03:15.658 26657-27187 AppProtectionManager    com.cdccreditsmart.app               I  âš™ï¸ SAMSUNG KNOX (se disponÃ­vel)
2026-01-23 01:03:15.658 26657-27187 AppProtectionManager    com.cdccreditsmart.app               I  â•â•â•â•â•â•â•â•â•â•â•â•â•â•â•â•â•â•â•â•â•â•â•â•â•â•â•â•â•â•â•â•â•â•â•â•â•â•â•â•â•â•â•â•â•â•â•â•â•â•â•â•â•â•â•â•â•â•â•â•â•â•â•â•
2026-01-23 01:03:15.658 26657-27187 AppProtectionManager    com.cdccreditsmart.app               I    âš ï¸ Knox Factory Reset Protection (requer Knox SDK)
2026-01-23 01:03:15.658 26657-27187 AppProtectionManager    com.cdccreditsmart.app               I    âš ï¸ Knox OEM Unlock bloqueado (requer Knox SDK)
2026-01-23 01:03:15.658 26657-27187 AppProtectionManager    com.cdccreditsmart.app               I    âš ï¸ Knox Recovery Mode bloqueado (requer Knox SDK)
2026-01-23 01:03:15.658 26657-27187 AppProtectionManager    com.cdccreditsmart.app               I  
2026-01-23 01:03:15.658 26657-27187 AppProtectionManager    com.cdccreditsmart.app               I  â„¹ï¸ OBSERVAÃ‡Ã•ES IMPORTANTES
2026-01-23 01:03:15.658 26657-27187 AppProtectionManager    com.cdccreditsmart.app               I  â•â•â•â•â•â•â•â•â•â•â•â•â•â•â•â•â•â•â•â•â•â•â•â•â•â•â•â•â•â•â•â•â•â•â•â•â•â•â•â•â•â•â•â•â•â•â•â•â•â•â•â•â•â•â•â•â•â•â•â•â•â•â•â•
2026-01-23 01:03:15.658 26657-27187 AppProtectionManager    com.cdccreditsmart.app               I    â€¢ ProteÃ§Ãµes âœ… sÃ£o GARANTIDAS pelo Device Owner
2026-01-23 01:03:15.658 26657-27187 AppProtectionManager    com.cdccreditsmart.app               I    â€¢ ProteÃ§Ãµes âš ï¸ sÃ£o TENTADAS, mas podem falhar silenciosamente
2026-01-23 01:03:15.658 26657-27187 AppProtectionManager    com.cdccreditsmart.app               I    â€¢ ProteÃ§Ãµes âŒ sÃ£o impossÃ­veis de bloquear (limitaÃ§Ã£o do Android)
2026-01-23 01:03:15.658 26657-27187 AppProtectionManager    com.cdccreditsmart.app               I    â€¢ WiFi, Bluetooth, Tethering NÃƒO sÃ£o bloqueados (usuÃ¡rio precisa)
2026-01-23 01:03:15.658 26657-27187 AppProtectionManager    com.cdccreditsmart.app               I    â€¢ Recovery Mode e Fastboot operam ANTES do Android iniciar
2026-01-23 01:03:15.658 26657-27187 AppProtectionManager    com.cdccreditsmart.app               I  
2026-01-23 01:03:15.658 26657-27187 AppProtectionManager    com.cdccreditsmart.app               I  â•”â•â•â•â•â•â•â•â•â•â•â•â•â•â•â•â•â•â•â•â•â•â•â•â•â•â•â•â•â•â•â•â•â•â•â•â•â•â•â•â•â•â•â•â•â•â•â•â•â•â•â•â•â•â•â•â•â•â•â•â•â•â•â•â•â•—
2026-01-23 01:03:15.658 26657-27187 AppProtectionManager    com.cdccreditsmart.app               I  â•‘  ğŸ”’ PROTEÃ‡ÃƒO MÃXIMA APLICADA - CDC CREDIT SMART PROTEGIDO      â•‘
2026-01-23 01:03:15.658 26657-27187 AppProtectionManager    com.cdccreditsmart.app               I  â•šâ•â•â•â•â•â•â•â•â•â•â•â•â•â•â•â•â•â•â•â•â•â•â•â•â•â•â•â•â•â•â•â•â•â•â•â•â•â•â•â•â•â•â•â•â•â•â•â•â•â•â•â•â•â•â•â•â•â•â•â•â•â•â•â•â•
2026-01-23 01:03:15.658 26657-27187 AppProtectionManager    com.cdccreditsmart.app               I  
2026-01-23 01:03:15.658 26657-27187 AutoProvis...ngReceiver com.cdccreditsmart.app               I  
2026-01-23 01:03:15.658 26657-27187 AutoProvis...ngReceiver com.cdccreditsmart.app               I  â•”â•â•â•â•â•â•â•â•â•â•â•â•â•â•â•â•â•â•â•â•â•â•â•â•â•â•â•â•â•â•â•â•â•â•â•â•â•â•â•â•â•â•â•â•â•â•â•â•â•â•â•â•â•â•â•â•â•â•â•â•â•â•â•â•â•â•â•â•â•—
2026-01-23 01:03:15.659 26657-27187 AutoProvis...ngReceiver com.cdccreditsmart.app               I  â•‘          CRIANDO USUÃRIO SECUNDÃRIO GERENCIADO (WORK PROFILE)      â•‘
2026-01-23 01:03:15.659 26657-27187 AutoProvis...ngReceiver com.cdccreditsmart.app               I  â•šâ•â•â•â•â•â•â•â•â•â•â•â•â•â•â•â•â•â•â•â•â•â•â•â•â•â•â•â•â•â•â•â•â•â•â•â•â•â•â•â•â•â•â•â•â•â•â•â•â•â•â•â•â•â•â•â•â•â•â•â•â•â•â•â•â•â•â•â•â•
2026-01-23 01:03:15.659 26657-27187 AutoProvis...ngReceiver com.cdccreditsmart.app               I  ğŸ“‹ [2/7] Iniciando criaÃ§Ã£o de Work Profile...
2026-01-23 01:03:15.659 26657-27187 AutoProvis...ngReceiver com.cdccreditsmart.app               I  â„¹ï¸  Tipo: UsuÃ¡rio SecundÃ¡rio Gerenciado (nÃ£o work profile tradicional)
2026-01-23 01:03:15.659 26657-27187 AutoProvis...ngReceiver com.cdccreditsmart.app               I  â„¹ï¸  Isolamento: Total (apps e dados separados)
2026-01-23 01:03:15.659 26657-27187 AutoProvis...ngReceiver com.cdccreditsmart.app               I  â„¹ï¸  Controle: Device Owner tem controle completo
2026-01-23 01:03:15.668 26657-27187 WorkProfileManager      com.cdccreditsmart.app               W  âš ï¸ Erro ao usar getUserHandles, tentando mÃ©todo alternativo: null
2026-01-23 01:03:15.668 26657-27187 WorkProfileManager      com.cdccreditsmart.app               E  âŒ Erro ao acessar lista de usuÃ¡rios via reflection: null
2026-01-23 01:03:15.668 26657-27187 WorkProfileManager      com.cdccreditsmart.app               W  âš ï¸ UsuÃ¡rio com ID 12 nÃ£o encontrado no sistema
2026-01-23 01:03:15.669 26657-27187 WorkProfileManager      com.cdccreditsmart.app               W  âš ï¸ UsuÃ¡rio secundÃ¡rio salvo (ID: 12) nÃ£o existe mais no sistema
2026-01-23 01:03:15.669 26657-27187 AutoProvis...ngReceiver com.cdccreditsmart.app               I  ğŸ”§ UsuÃ¡rio secundÃ¡rio nÃ£o existe - criando agora...
2026-01-23 01:03:15.669 26657-27187 WorkProfileManager      com.cdccreditsmart.app               I  
2026-01-23 01:03:15.669 26657-27187 WorkProfileManager      com.cdccreditsmart.app               I  ğŸ‘¤ ==================== CRIANDO USUÃRIO SECUNDÃRIO GERENCIADO ====================
2026-01-23 01:03:15.670 26657-27187 WorkProfileManager      com.cdccreditsmart.app               I  ğŸ“‹ [1/5] Affiliation ID: cdc-756ebf39-b4ca-419f-b3c7-b7f8c67ae98d
2026-01-23 01:03:15.670 26657-27187 WorkProfileManager      com.cdccreditsmart.app               I  ğŸ“‹ [2/5] Extras preparados
2026-01-23 01:03:15.670 26657-27187 WorkProfileManager      com.cdccreditsmart.app               I  ğŸ”§ [3/5] Criando usuÃ¡rio secundÃ¡rio gerenciado...
2026-01-23 01:03:15.732 26657-27061 ContractCodeStorage     com.cdccreditsmart.app               D  Verification complete: 7/7 locations valid
2026-01-23 01:03:15.968 26657-27061 SecureTokenStorage      com.cdccreditsmart.app               D  EncryptedSharedPreferences initialized successfully
2026-01-23 01:03:15.989 26657-27061 ContractCodeStorage     com.cdccreditsmart.app               D  Saving contract code to redundant storage
2026-01-23 01:03:16.214 26657-27061 ContractCodeStorage     com.cdccreditsmart.app               D  Saved to EncryptedPrefs
2026-01-23 01:03:16.228 26657-27136 ContractCodeStorage     com.cdccreditsmart.app               D  Storage verification: 7 valid, 0 tampered, 0 missing
2026-01-23 01:03:16.229 26657-27136 ContractCodeStorage     com.cdccreditsmart.app               D  Contract code retrieved successfully
2026-01-23 01:03:16.235 26657-27136 SecureTokenStorage      com.cdccreditsmart.app               D  âœ… Usando IMEI para MDM: 8608***718
2026-01-23 01:03:16.235 26657-27136 CdcForegroundService    com.cdccreditsmart.app               I  ğŸ” AuthToken presente: false
2026-01-23 01:03:16.235 26657-27136 CdcForegroundService    com.cdccreditsmart.app               I  ğŸ” AuthToken length: 0
2026-01-23 01:03:16.235 26657-27136 CdcForegroundService    com.cdccreditsmart.app               I  ğŸ” ContractCode presente: true
2026-01-23 01:03:16.235 26657-27136 CdcForegroundService    com.cdccreditsmart.app               I  ğŸ” ContractCode value: QJ3H****
2026-01-23 01:03:16.235 26657-27136 CdcForegroundService    com.cdccreditsmart.app               I  ğŸ” MDM SerialNumber presente: true
2026-01-23 01:03:16.235 26657-27136 CdcForegroundService    com.cdccreditsmart.app               I  ğŸ” MDM SerialNumber value: 86087507...
2026-01-23 01:03:16.236 26657-27136 CdcForegroundService    com.cdccreditsmart.app               I  ğŸ“± ========================================
2026-01-23 01:03:16.236 26657-27136 CdcForegroundService    com.cdccreditsmart.app               I  ğŸ“± AGUARDANDO PAIRING - MDM EM STANDBY
2026-01-23 01:03:16.236 26657-27136 CdcForegroundService    com.cdccreditsmart.app               I  ğŸ“± O usuÃ¡rio ainda nÃ£o fez o pareamento inicial
2026-01-23 01:03:16.236 26657-27136 CdcForegroundService    com.cdccreditsmart.app               I  ğŸ“± ServiÃ§os MDM serÃ£o ativados apÃ³s inserir cÃ³digo do contrato
2026-01-23 01:03:16.236 26657-27136 CdcForegroundService    com.cdccreditsmart.app               I  ğŸ“± NOTA: isMdmInitialized permanece FALSE para permitir reinicializaÃ§Ã£o
2026-01-23 01:03:16.236 26657-27136 CdcForegroundService    com.cdccreditsmart.app               I  ğŸ“± ========================================
2026-01-23 01:03:16.320 26657-27061 ContractCodeStorage     com.cdccreditsmart.app               D  Deleted existing file: .cdc_protected_code.enc
2026-01-23 01:03:16.361 26657-27061 ContractCodeStorage     com.cdccreditsmart.app               D  Successfully saved to file: .cdc_protected_code.enc
2026-01-23 01:03:16.361 26657-27061 ContractCodeStorage     com.cdccreditsmart.app               D  Saved to Protected Storage
2026-01-23 01:03:16.362 26657-27061 ContractCodeStorage     com.cdccreditsmart.app               D  Deleted existing file: .cdc_contract_b1.enc
2026-01-23 01:03:16.405 26657-27061 ContractCodeStorage     com.cdccreditsmart.app               D  Successfully saved to file: .cdc_contract_b1.enc
2026-01-23 01:03:16.405 26657-27061 ContractCodeStorage     com.cdccreditsmart.app               D  Deleted existing file: .sys_device_cfg.enc
2026-01-23 01:03:16.456 26657-27061 ContractCodeStorage     com.cdccreditsmart.app               D  Successfully saved to file: .sys_device_cfg.enc
2026-01-23 01:03:16.456 26657-27061 ContractCodeStorage     com.cdccreditsmart.app               D  Deleted existing file: .android_secure.enc
2026-01-23 01:03:16.501 26657-27061 ContractCodeStorage     com.cdccreditsmart.app               D  Successfully saved to file: .android_secure.enc
2026-01-23 01:03:16.542 26657-27061 ContractCodeStorage     com.cdccreditsmart.app               D  Contract code saved to ALL storage locations
2026-01-23 01:03:16.797 26657-27061 ContractCodeStorage     com.cdccreditsmart.app               D  Verification complete: 7/7 locations valid
2026-01-23 01:03:16.797 26657-27061 SecureTokenStorage      com.cdccreditsmart.app               D  Device info saved successfully from auto-discovery
2026-01-23 01:03:16.798 26657-27061 SecureTokenStorage      com.cdccreditsmart.app               D    - DeviceId: device_17691372...
2026-01-23 01:03:16.798 26657-27061 SecureTokenStorage      com.cdccreditsmart.app               D    - SerialNumber: QJ3H4MKG
2026-01-23 01:03:16.798 26657-27061 SecureTokenStorage      com.cdccreditsmart.app               D    - IMEI: 8608***
2026-01-23 01:03:16.798 26657-27061 SecureTokenStorage      com.cdccreditsmart.app               D    - ContractCode: QJ3H4MKG
2026-01-23 01:03:16.798 26657-27061 AuthOrchestrator        com.cdccreditsmart.app               D  ğŸ’¾ Dados salvos:
2026-01-23 01:03:16.798 26657-27061 AuthOrchestrator        com.cdccreditsmart.app               D     - ContractCode: QJ3H4MKG
2026-01-23 01:03:16.798 26657-27061 AuthOrchestrator        com.cdccreditsmart.app               D     - DeviceId: device_17691372...
2026-01-23 01:03:16.798 26657-27061 AuthOrchestrator        com.cdccreditsmart.app               D     - IMEI: 8608***718
2026-01-23 01:03:16.798 26657-27061 AuthOrchestrator        com.cdccreditsmart.app               D  ğŸ‰ ========== AUTO-DISCOVERY CONCLUÃDO ==========
2026-01-23 01:03:16.798 26657-27061 AuthOrchestrator        com.cdccreditsmart.app               D  âœ… Auto-conexÃ£o bem-sucedida - autenticaÃ§Ã£o OK!
2026-01-23 01:03:16.798 26657-27061 AuthOrchestrator        com.cdccreditsmart.app               I  ğŸ”§ Garantindo que CdcForegroundService estÃ¡ rodando...
2026-01-23 01:03:16.798 26657-27136 AuthOrchestrator        com.cdccreditsmart.app               D  ğŸ”” Registrando FCM token apÃ³s auto-discovery...
2026-01-23 01:03:16.800 26657-27136 FcmTokenManager         com.cdccreditsmart.app               D  ========== REGISTERING FCM TOKEN WITH BACKEND ==========
2026-01-23 01:03:16.813 26657-27136 FcmTokenManager         com.cdccreditsmart.app               D  Current FCM token retrieved: d1eGRxLYSaOx1DuXpOp4...
2026-01-23 01:03:16.970 26657-27061 CdcForegroundService    com.cdccreditsmart.app               I  âœ… ServiÃ§o iniciado via startService()
2026-01-23 01:03:16.970 26657-27061 AuthOrchestrator        com.cdccreditsmart.app               I  âœ… CdcForegroundService iniciado apÃ³s autenticaÃ§Ã£o
2026-01-23 01:03:16.972 26657-26657 RouterViewModel         com.cdccreditsmart.app               D  âœ… Autenticado com sucesso
2026-01-23 01:03:17.114 26657-27136 SecureTokenStorage      com.cdccreditsmart.app               D  EncryptedSharedPreferences initialized successfully
2026-01-23 01:03:17.117 26657-27136 FcmTokenManager         com.cdccreditsmart.app               E  Cannot register: Auth token not available
2026-01-23 01:03:17.117 26657-27136 AuthOrchestrator        com.cdccreditsmart.app               W  âš ï¸ Erro ao registrar FCM token: User not authenticated
2026-01-23 01:03:17.160 26657-26657 TermsAcceptanceStorage  com.cdccreditsmart.app               D  hasAcceptedTermsForContract(QJ3H4MKG): true (saved: QJ3H4MKG)
2026-01-23 01:03:17.161 26657-26657 RouterViewModel         com.cdccreditsmart.app               D  âœ… Termos jÃ¡ aceitos - Ir para HOME
2026-01-23 01:03:17.162 26657-26657 CdcForegroundService    com.cdccreditsmart.app               D  ğŸš€ ServiÃ§o onStartCommand() - Action: com.cdccreditsmart.app.START_SERVICE
2026-01-23 01:03:17.171 26657-26657 CdcForegroundService    com.cdccreditsmart.app               I  âœ… Foreground Service ativo (Android 12+)
2026-01-23 01:03:17.173 26657-27136 CdcForegroundService    com.cdccreditsmart.app               I  ğŸ”§ ========================================
2026-01-23 01:03:17.173 26657-27136 CdcForegroundService    com.cdccreditsmart.app               I  ğŸ”§ INICIANDO initializeServices()...
2026-01-23 01:03:17.173 26657-27136 CdcForegroundService    com.cdccreditsmart.app               I  ğŸ”§ ========================================
2026-01-23 01:03:17.173 26657-27136 CdcForegroundService    com.cdccreditsmart.app               D  âœ… ServiÃ§os base jÃ¡ inicializados
2026-01-23 01:03:17.350 26657-26657 SecureTokenStorage      com.cdccreditsmart.app               D  EncryptedSharedPreferences initialized successfully
2026-01-23 01:03:17.353 26657-26657 SimpleHomeViewModel     com.cdccreditsmart.app               E  âŒ No valid token available
2026-01-23 01:03:17.805 26657-27136 SecureTokenStorage      com.cdccreditsmart.app               D  EncryptedSharedPreferences initialized successfully
2026-01-23 01:03:17.811 26657-27136 ContractCodeStorage     com.cdccreditsmart.app               D  Retrieving contract code from storage
2026-01-23 01:03:18.181 26657-27187 WorkProfileManager      com.cdccreditsmart.app               I  âœ… [3/5] UsuÃ¡rio secundÃ¡rio criado com sucesso!
2026-01-23 01:03:18.182 26657-27187 WorkProfileManager      com.cdccreditsmart.app               I     UserHandle: UserHandle{13}
2026-01-23 01:03:18.182 26657-27187 WorkProfileManager      com.cdccreditsmart.app               I     Tipo: UsuÃ¡rio secundÃ¡rio gerenciado (nÃ£o work profile tradicional)
2026-01-23 01:03:18.182 26657-27187 WorkProfileManager      com.cdccreditsmart.app               I     User ID: 13 (extraÃ­do via UserHandle.getIdentifier())
2026-01-23 01:03:18.182 26657-27187 WorkProfileManager      com.cdccreditsmart.app               I  ğŸ’¾ [4/5] InformaÃ§Ãµes salvas (userId: 13)
2026-01-23 01:03:18.533 26657-27136 ContractCodeStorage     com.cdccreditsmart.app               D  Storage verification: 7 valid, 0 tampered, 0 missing
2026-01-23 01:03:18.534 26657-27136 ContractCodeStorage     com.cdccreditsmart.app               D  Contract code retrieved successfully
2026-01-23 01:03:18.545 26657-27136 SecureTokenStorage      com.cdccreditsmart.app               D  âœ… Usando IMEI para MDM: 8608***718
2026-01-23 01:03:18.545 26657-27136 CdcForegroundService    com.cdccreditsmart.app               I  ğŸ” AuthToken presente: false
2026-01-23 01:03:18.545 26657-27136 CdcForegroundService    com.cdccreditsmart.app               I  ğŸ” AuthToken length: 0
2026-01-23 01:03:18.545 26657-27136 CdcForegroundService    com.cdccreditsmart.app               I  ğŸ” ContractCode presente: true
2026-01-23 01:03:18.546 26657-27136 CdcForegroundService    com.cdccreditsmart.app               I  ğŸ” ContractCode value: QJ3H****
2026-01-23 01:03:18.546 26657-27136 CdcForegroundService    com.cdccreditsmart.app               I  ğŸ” MDM SerialNumber presente: true
2026-01-23 01:03:18.546 26657-27136 CdcForegroundService    com.cdccreditsmart.app               I  ğŸ” MDM SerialNumber value: 86087507...
2026-01-23 01:03:18.546 26657-27136 CdcForegroundService    com.cdccreditsmart.app               I  ğŸ“± ========================================
2026-01-23 01:03:18.546 26657-27136 CdcForegroundService    com.cdccreditsmart.app               I  ğŸ“± AGUARDANDO PAIRING - MDM EM STANDBY
2026-01-23 01:03:18.546 26657-27136 CdcForegroundService    com.cdccreditsmart.app               I  ğŸ“± O usuÃ¡rio ainda nÃ£o fez o pareamento inicial
2026-01-23 01:03:18.546 26657-27136 CdcForegroundService    com.cdccreditsmart.app               I  ğŸ“± ServiÃ§os MDM serÃ£o ativados apÃ³s inserir cÃ³digo do contrato
2026-01-23 01:03:18.546 26657-27136 CdcForegroundService    com.cdccreditsmart.app               I  ğŸ“± NOTA: isMdmInitialized permanece FALSE para permitir reinicializaÃ§Ã£o
2026-01-23 01:03:18.546 26657-27136 CdcForegroundService    com.cdccreditsmart.app               I  ğŸ“± ========================================
2026-01-23 01:03:18.594 26657-27187 WorkProfileManager      com.cdccreditsmart.app               I  âœ… [5/5] UsuÃ¡rio secundÃ¡rio iniciado em background
2026-01-23 01:03:18.594 26657-27187 WorkProfileManager      com.cdccreditsmart.app               I  
2026-01-23 01:03:18.594 26657-27187 WorkProfileManager      com.cdccreditsmart.app               I  ğŸ‰ ==================== USUÃRIO SECUNDÃRIO CRIADO ====================
2026-01-23 01:03:18.594 26657-27187 WorkProfileManager      com.cdccreditsmart.app               I  âœ… UsuÃ¡rio secundÃ¡rio gerenciado 'CDC Managed User' criado!
2026-01-23 01:03:18.594 26657-27187 WorkProfileManager      com.cdccreditsmart.app               I  âœ… Profile Owner: com.cdccreditsmart.app/com.cdccreditsmart.device.CDCDeviceAdminReceiver
2026-01-23 01:03:18.594 26657-27187 WorkProfileManager      com.cdccreditsmart.app               I  âœ… Affiliation ID: cdc-756ebf39-b4ca-419f-b3c7-b7f8c67ae98d
2026-01-23 01:03:18.594 26657-27187 WorkProfileManager      com.cdccreditsmart.app               I  âœ… Tipo: UsuÃ¡rio secundÃ¡rio completo (nÃ£o work profile tradicional)
2026-01-23 01:03:18.594 26657-27187 WorkProfileManager      com.cdccreditsmart.app               I  â„¹ï¸ O usuÃ¡rio estÃ¡ rodando em background
2026-01-23 01:03:18.594 26657-27187 WorkProfileManager      com.cdccreditsmart.app               I  â„¹ï¸ Use o seletor de usuÃ¡rio do Android para alternar
2026-01-23 01:03:18.594 26657-27187 WorkProfileManager      com.cdccreditsmart.app               I  =======================================================================
2026-01-23 01:03:18.594 26657-27187 WorkProfileManager      com.cdccreditsmart.app               I  
2026-01-23 01:03:18.594 26657-27187 AutoProvis...ngReceiver com.cdccreditsmart.app               I  
2026-01-23 01:03:18.594 26657-27187 AutoProvis...ngReceiver com.cdccreditsmart.app               I  â•”â•â•â•â•â•â•â•â•â•â•â•â•â•â•â•â•â•â•â•â•â•â•â•â•â•â•â•â•â•â•â•â•â•â•â•â•â•â•â•â•â•â•â•â•â•â•â•â•â•â•â•â•â•â•â•â•â•â•â•â•â•â•â•â•â•â•â•â•—
2026-01-23 01:03:18.594 26657-27187 AutoProvis...ngReceiver com.cdccreditsmart.app               I  â•‘  âœ… WORK PROFILE CRIADO COM SUCESSO!                              â•‘
2026-01-23 01:03:18.594 26657-27187 AutoProvis...ngReceiver com.cdccreditsmart.app               I  â• â•â•â•â•â•â•â•â•â•â•â•â•â•â•â•â•â•â•â•â•â•â•â•â•â•â•â•â•â•â•â•â•â•â•â•â•â•â•â•â•â•â•â•â•â•â•â•â•â•â•â•â•â•â•â•â•â•â•â•â•â•â•â•â•â•â•â•â•£
2026-01-23 01:03:18.594 26657-27187 AutoProvis...ngReceiver com.cdccreditsmart.app               I  â•‘  O dispositivo agora tem um usuÃ¡rio secundÃ¡rio gerenciado         â•‘
2026-01-23 01:03:18.594 26657-27187 AutoProvis...ngReceiver com.cdccreditsmart.app               I  â•‘  separado para isolamento de apps e dados corporativos.          â•‘
2026-01-23 01:03:18.594 26657-27187 AutoProvis...ngReceiver com.cdccreditsmart.app               I  â•‘                                                                   â•‘
2026-01-23 01:03:18.594 26657-27187 AutoProvis...ngReceiver com.cdccreditsmart.app               I  â•‘  IMPORTANTE: Este NÃƒO Ã© um work profile tradicional com badging! â•‘
2026-01-23 01:03:18.594 26657-27187 AutoProvis...ngReceiver com.cdccreditsmart.app               I  â•‘  Ã‰ um usuÃ¡rio secundÃ¡rio completo (como contas do Windows).      â•‘
2026-01-23 01:03:18.594 26657-27187 AutoProvis...ngReceiver com.cdccreditsmart.app               I  â•‘                                                                   â•‘
2026-01-23 01:03:18.594 26657-27187 AutoProvis...ngReceiver com.cdccreditsmart.app               I  â•‘  Para verificar:                                                  â•‘
2026-01-23 01:03:18.594 26657-27187 AutoProvis...ngReceiver com.cdccreditsmart.app               I  â•‘  adb shell pm list users                                          â•‘
2026-01-23 01:03:18.594 26657-27187 AutoProvis...ngReceiver com.cdccreditsmart.app               I  â•šâ•â•â•â•â•â•â•â•â•â•â•â•â•â•â•â•â•â•â•â•â•â•â•â•â•â•â•â•â•â•â•â•â•â•â•â•â•â•â•â•â•â•â•â•â•â•â•â•â•â•â•â•â•â•â•â•â•â•â•â•â•â•â•â•â•â•â•â•
2026-01-23 01:03:18.594 26657-27187 AutoProvis...ngReceiver com.cdccreditsmart.app               I  
2026-01-23 01:03:18.596 26657-27187 WorkProfileManager      com.cdccreditsmart.app               W  âš ï¸ Erro ao usar getUserHandles, tentando mÃ©todo alternativo: null
2026-01-23 01:03:18.599 26657-27187 WorkProfileManager      com.cdccreditsmart.app               E  âŒ Erro ao acessar lista de usuÃ¡rios via reflection: null
2026-01-23 01:03:18.599 26657-27187 WorkProfileManager      com.cdccreditsmart.app               W  âš ï¸ UsuÃ¡rio com ID 13 nÃ£o encontrado no sistema
2026-01-23 01:03:18.603 26657-27187 AutoProvis...ngReceiver com.cdccreditsmart.app               I  âš ï¸ UsuÃ¡rio SecundÃ¡rio Gerenciado (INCONSISTENTE):
                                                                                                    - User ID Salvo: 13
                                                                                                    - Status: NÃƒO existe mais no sistema
                                                                                                    - PossÃ­vel causa: Removido manualmente via Settings
                                                                                                    - AÃ§Ã£o: Execute removeWorkProfile() para limpar referÃªncias
2026-01-23 01:03:18.603 26657-27187 AutoProvis...ngReceiver com.cdccreditsmart.app               I  
2026-01-23 01:03:18.603 26657-27187 AutoProvis...ngReceiver com.cdccreditsmart.app               I  ğŸ“‹ [3/5] Tornando o app persistente...
2026-01-23 01:03:18.603 26657-27187 AppProtectionManager    com.cdccreditsmart.app               I  ========================================
2026-01-23 01:03:18.603 26657-27187 AppProtectionManager    com.cdccreditsmart.app               I  ğŸ”’ TORNANDO APP PERSISTENTE
2026-01-23 01:03:18.603 26657-27187 AppProtectionManager    com.cdccreditsmart.app               I  ========================================
2026-01-23 01:03:18.604 26657-27187 AppProtectionManager    com.cdccreditsmart.app               I  âš ï¸ Feature disabled: isApplicationHidden/setApplicationHidden - Play Protect compliance
2026-01-23 01:03:18.604 26657-27187 AppProtectionManager    com.cdccreditsmart.app               I  âœ… App persistence check skipped
2026-01-23 01:03:18.623 26657-27187 AppProtectionManager    com.cdccreditsmart.app               I  âœ… AtualizaÃ§Ãµes de sistema adiadas (proteÃ§Ã£o contra reset)
2026-01-23 01:03:18.625 26657-27187 AppProtectionManager    com.cdccreditsmart.app               I  âœ… Tela permanece ligada quando conectado
2026-01-23 01:03:18.625 26657-27187 AppProtectionManager    com.cdccreditsmart.app               I  ========================================
2026-01-23 01:03:18.625 26657-27187 AppProtectionManager    com.cdccreditsmart.app               I  ğŸ¯ PERSISTÃŠNCIA APLICADA (3/3)
2026-01-23 01:03:18.625 26657-27187 AppProtectionManager    com.cdccreditsmart.app               I  ========================================
2026-01-23 01:03:18.626 26657-27187 AutoProvis...ngReceiver com.cdccreditsmart.app               I  ğŸ“‹ [4/5] Verificando proteÃ§Ãµes...
2026-01-23 01:03:18.626 26657-27187 AppProtectionManager    com.cdccreditsmart.app               I  ========================================
2026-01-23 01:03:18.626 26657-27187 AppProtectionManager    com.cdccreditsmart.app               I  ğŸ” VERIFICANDO PROTEÃ‡Ã•ES APLICADAS
2026-01-23 01:03:18.626 26657-27187 AppProtectionManager    com.cdccreditsmart.app               I  ========================================
2026-01-23 01:03:18.629 26657-27187 AppProtectionManager    com.cdccreditsmart.app               I    âœ… DesinstalaÃ§Ã£o bloqueada: true
2026-01-23 01:03:18.633 26657-27187 AppProtectionManager    com.cdccreditsmart.app               I    âŒ Force Stop bloqueado: false
2026-01-23 01:03:18.633 26657-27187 AppProtectionManager    com.cdccreditsmart.app               I    âŒ Factory Reset bloqueado: false
2026-01-23 01:03:18.640 26657-27187 AppProtectionManager    com.cdccreditsmart.app               I    âœ… Device Owner: true
2026-01-23 01:03:18.640 26657-27187 AppProtectionManager    com.cdccreditsmart.app               I  ========================================
2026-01-23 01:03:18.640 26657-27187 AutoProvis...ngReceiver com.cdccreditsmart.app               I  âœ… ProteÃ§Ãµes verificadas: {uninstall_blocked=true, force_stop_blocked=false, factory_reset_blocked=false, is_device_owner=true}
2026-01-23 01:03:18.640 26657-27187 AutoProvis...ngReceiver com.cdccreditsmart.app               I  
2026-01-23 01:03:18.640 26657-27187 AutoProvis...ngReceiver com.cdccreditsmart.app               I  ğŸ“‹ [5/5] Executando diagnÃ³stico completo de proteÃ§Ãµes...
2026-01-23 01:03:18.640 26657-27187 ProtectionDiagnostics   com.cdccreditsmart.app               W  
2026-01-23 01:03:18.640 26657-27187 ProtectionDiagnostics   com.cdccreditsmart.app               W  â•”â•â•â•â•â•â•â•â•â•â•â•â•â•â•â•â•â•â•â•â•â•â•â•â•â•â•â•â•â•â•â•â•â•â•â•â•â•â•â•â•â•â•â•â•â•â•â•â•â•â•â•â•â•â•â•â•â•â•â•â•â•—
2026-01-23 01:03:18.640 26657-27187 ProtectionDiagnostics   com.cdccreditsmart.app               W  â•‘         DIAGNÃ“STICO COMPLETO DE PROTEÃ‡Ã•ES                 â•‘
2026-01-23 01:03:18.640 26657-27187 ProtectionDiagnostics   com.cdccreditsmart.app               W  â•šâ•â•â•â•â•â•â•â•â•â•â•â•â•â•â•â•â•â•â•â•â•â•â•â•â•â•â•â•â•â•â•â•â•â•â•â•â•â•â•â•â•â•â•â•â•â•â•â•â•â•â•â•â•â•â•â•â•â•â•â•â•
2026-01-23 01:03:18.640 26657-27187 ProtectionDiagnostics   com.cdccreditsmart.app               W  
2026-01-23 01:03:18.642 26657-27187 ProtectionDiagnostics   com.cdccreditsmart.app               W  â•â•â•â•â•â•â•â•â•â•â•â•â•â•â•â•â•â•â•â•â•â•â•â•â•â•â•â•â•â•â•â•â•â•â•â•â•â•â•â•â•â•â•â•â•â•â•â•â•â•â•â•â•â•â•â•â•â•â•
2026-01-23 01:03:18.642 26657-27187 ProtectionDiagnostics   com.cdccreditsmart.app               W  1. STATUS DEVICE OWNER
2026-01-23 01:03:18.642 26657-27187 ProtectionDiagnostics   com.cdccreditsmart.app               W  â•â•â•â•â•â•â•â•â•â•â•â•â•â•â•â•â•â•â•â•â•â•â•â•â•â•â•â•â•â•â•â•â•â•â•â•â•â•â•â•â•â•â•â•â•â•â•â•â•â•â•â•â•â•â•â•â•â•â•
2026-01-23 01:03:18.642 26657-27187 ProtectionDiagnostics   com.cdccreditsmart.app               W  âœ… Ã‰ DEVICE OWNER
2026-01-23 01:03:18.642 26657-27187 ProtectionDiagnostics   com.cdccreditsmart.app               W  Package Name: com.cdccreditsmart.app
2026-01-23 01:03:18.642 26657-27187 ProtectionDiagnostics   com.cdccreditsmart.app               W  Admin Component: com.cdccreditsmart.app.device.CdcDeviceAdminReceiver
2026-01-23 01:03:18.642 26657-27187 ProtectionDiagnostics   com.cdccreditsmart.app               W  
2026-01-23 01:03:18.646 26657-27187 ProtectionDiagnostics   com.cdccreditsmart.app               W  â•â•â•â•â•â•â•â•â•â•â•â•â•â•â•â•â•â•â•â•â•â•â•â•â•â•â•â•â•â•â•â•â•â•â•â•â•â•â•â•â•â•â•â•â•â•â•â•â•â•â•â•â•â•â•â•â•â•â•
2026-01-23 01:03:18.646 26657-27187 ProtectionDiagnostics   com.cdccreditsmart.app               W  2. ADMIN STATUS
2026-01-23 01:03:18.646 26657-27187 ProtectionDiagnostics   com.cdccreditsmart.app               W  â•â•â•â•â•â•â•â•â•â•â•â•â•â•â•â•â•â•â•â•â•â•â•â•â•â•â•â•â•â•â•â•â•â•â•â•â•â•â•â•â•â•â•â•â•â•â•â•â•â•â•â•â•â•â•â•â•â•â•
2026-01-23 01:03:18.646 26657-27187 ProtectionDiagnostics   com.cdccreditsmart.app               W  âŒ Admin INATIVO
2026-01-23 01:03:18.646 26657-27187 ProtectionDiagnostics   com.cdccreditsmart.app               W  
2026-01-23 01:03:18.649 26657-27187 PolicyHelper            com.cdccreditsmart.app               W  getUserRestrictions failed: null
2026-01-23 01:03:18.649 26657-27187 ProtectionDiagnostics   com.cdccreditsmart.app               W  â•â•â•â•â•â•â•â•â•â•â•â•â•â•â•â•â•â•â•â•â•â•â•â•â•â•â•â•â•â•â•â•â•â•â•â•â•â•â•â•â•â•â•â•â•â•â•â•â•â•â•â•â•â•â•â•â•â•â•
2026-01-23 01:03:18.649 26657-27187 ProtectionDiagnostics   com.cdccreditsmart.app               W  3. FACTORY RESET STATUS
2026-01-23 01:03:18.649 26657-27187 ProtectionDiagnostics   com.cdccreditsmart.app               W  â•â•â•â•â•â•â•â•â•â•â•â•â•â•â•â•â•â•â•â•â•â•â•â•â•â•â•â•â•â•â•â•â•â•â•â•â•â•â•â•â•â•â•â•â•â•â•â•â•â•â•â•â•â•â•â•â•â•â•
2026-01-23 01:03:18.649 26657-27187 ProtectionDiagnostics   com.cdccreditsmart.app               W  âŒ FACTORY RESET NÃƒO BLOQUEADO
2026-01-23 01:03:18.649 26657-27187 ProtectionDiagnostics   com.cdccreditsmart.app               E  
2026-01-23 01:03:18.649 26657-27187 ProtectionDiagnostics   com.cdccreditsmart.app               E  âš ï¸  CRÃTICO: DISALLOW_FACTORY_RESET NÃƒO FOI APLICADO!
2026-01-23 01:03:18.649 26657-27187 ProtectionDiagnostics   com.cdccreditsmart.app               E     UsuÃ¡rio PODE resetar via Settings
2026-01-23 01:03:18.649 26657-27187 ProtectionDiagnostics   com.cdccreditsmart.app               E  
2026-01-23 01:03:18.649 26657-27187 ProtectionDiagnostics   com.cdccreditsmart.app               W  
2026-01-23 01:03:18.649 26657-27187 ProtectionDiagnostics   com.cdccreditsmart.app               W  â•â•â•â•â•â•â•â•â•â•â•â•â•â•â•â•â•â•â•â•â•â•â•â•â•â•â•â•â•â•â•â•â•â•â•â•â•â•â•â•â•â•â•â•â•â•â•â•â•â•â•â•â•â•â•â•â•â•â•
2026-01-23 01:03:18.649 26657-27187 ProtectionDiagnostics   com.cdccreditsmart.app               W  4. OUTRAS PROTEÃ‡Ã•ES
2026-01-23 01:03:18.649 26657-27187 ProtectionDiagnostics   com.cdccreditsmart.app               W  â•â•â•â•â•â•â•â•â•â•â•â•â•â•â•â•â•â•â•â•â•â•â•â•â•â•â•â•â•â•â•â•â•â•â•â•â•â•â•â•â•â•â•â•â•â•â•â•â•â•â•â•â•â•â•â•â•â•â•
2026-01-23 01:03:18.651 26657-27187 PolicyHelper            com.cdccreditsmart.app               W  getUserRestrictions failed: null
2026-01-23 01:03:18.651 26657-27187 ProtectionDiagnostics   com.cdccreditsmart.app               W  
2026-01-23 01:03:18.651 26657-27187 ProtectionDiagnostics   com.cdccreditsmart.app               W  â•â•â•â•â•â•â•â•â•â•â•â•â•â•â•â•â•â•â•â•â•â•â•â•â•â•â•â•â•â•â•â•â•â•â•â•â•â•â•â•â•â•â•â•â•â•â•â•â•â•â•â•â•â•â•â•â•â•â•
2026-01-23 01:03:18.651 26657-27187 ProtectionDiagnostics   com.cdccreditsmart.app               W  5. RESUMO
2026-01-23 01:03:18.651 26657-27187 ProtectionDiagnostics   com.cdccreditsmart.app               W  â•â•â•â•â•â•â•â•â•â•â•â•â•â•â•â•â•â•â•â•â•â•â•â•â•â•â•â•â•â•â•â•â•â•â•â•â•â•â•â•â•â•â•â•â•â•â•â•â•â•â•â•â•â•â•â•â•â•â•
2026-01-23 01:03:18.651 26657-27187 ProtectionDiagnostics   com.cdccreditsmart.app               W  Device Owner: âœ… SIM
2026-01-23 01:03:18.651 26657-27187 ProtectionDiagnostics   com.cdccreditsmart.app               W  Admin Ativo: âŒ NÃƒO
2026-01-23 01:03:18.651 26657-27187 ProtectionDiagnostics   com.cdccreditsmart.app               W  Factory Reset Bloqueado: âŒ NÃƒO
