2025-12-09 15:27:12.612  3568-3776  RecentAnalytics#        pid-3568                             I  start track event...
2025-12-09 15:27:12.612  3568-3776  RecentAnalytics#        pid-3568                             I  start track event...
2025-12-09 15:27:12.617  1556-4338  TranActivi...gerService pid-1556                             D  isTheMainScreen, displayId = 0, classname = com.android.launcher3.uioverrides.QuickstepLauncher
2025-12-09 15:27:12.618  3568-3670  AsyncThreadAnimImpl     pid-3568                             I  record com.transsion.launcher3.TrWorkSpace, prop: 2, value: 0.9002137
2025-12-09 15:27:12.619  3568-3670  AsyncThreadAnimImpl     pid-3568                             I  record com.transsion.launcher3.TrWorkSpace, prop: 3, value: 0.9002137
2025-12-09 15:27:12.619  3568-3670  AsyncThreadAnimImpl     pid-3568                             I  record com.transsion.launcher3.TrWorkSpace, prop: 4, value: 0.007126648
2025-12-09 15:27:12.619  3568-3670  AsyncThreadAnimImpl     pid-3568                             I  record com.android.launcher3.TrHotseat, prop: 2, value: 0.9002137
2025-12-09 15:27:12.619  3568-3670  AsyncThreadAnimImpl     pid-3568                             I  record com.android.launcher3.TrHotseat, prop: 3, value: 0.9002137
2025-12-09 15:27:12.619  3568-3670  AsyncThreadAnimImpl     pid-3568                             I  record com.android.launcher3.TrHotseat, prop: 4, value: 0.007126648
2025-12-09 15:27:12.619  3568-3670  AsyncThreadAnimImpl     pid-3568                             I  record com.transsion.launcher3.pageindicators.PageIndicatorWrapper, prop: 2, value: 0.9002137
2025-12-09 15:27:12.619  3568-3670  AsyncThreadAnimImpl     pid-3568                             I  record com.transsion.launcher3.pageindicators.PageIndicatorWrapper, prop: 3, value: 0.9002137
2025-12-09 15:27:12.619  3568-3670  AsyncThreadAnimImpl     pid-3568                             I  record com.transsion.launcher3.pageindicators.PageIndicatorWrapper, prop: 4, value: 0.007126648
2025-12-09 15:27:12.619  3568-3670  TrRectFSpringAnim       pid-3568                             D  onUpdate: RectF(315.3755, 419.49213, 746.10986, 1068.7651) Radius 42.70981 alpha 0.35546345
2025-12-09 15:27:12.619  3568-3670  AsyncThreadAnimImpl     pid-3568                             I  record com.android.launcher3.views.AsyncImageView, prop: 4, value: 8.664951E-4
2025-12-09 15:27:12.619  4987-14063 THubApi                 pid-4987                             D  getUserId TaskInfo{userId=0 taskId=7 displayId=0 isRunning=true baseIntent=Intent { act=android.intent.action.MAIN cat=[android.intent.category.HOME] flg=0x10208000 cmp=com.transsion.XOSLauncher/com.android.launcher3.uioverrides.QuickstepLauncher } baseActivity=ComponentInfo{com.transsion.XOSLauncher/com.android.launcher3.uioverrides.QuickstepLauncher} topActivity=ComponentInfo{com.transsion.XOSLauncher/com.android.launcher3.uioverrides.QuickstepLauncher} origActivity=null realActivity=ComponentInfo{com.transsion.XOSLauncher/com.android.launcher3.uioverrides.QuickstepLauncher} numActivities=1 lastActiveTime=879120 supportsMultiWindow=false resizeMode=2 isResizeable=true minWidth=-1 minHeight=-1 defaultMinSize=110 token=WCT{android.window.IWindowContainerToken$Stub$Proxy@265a2f3} topActivityType=2 pictureInPictureParams=null shouldDockBigOverlays=false launchIntoPipHostTaskId=-1 lastParentTaskIdBeforePip=-1 displayCutoutSafeInsets=null topActivityInfo=ActivityInfo{7de9bb0 com.android.launcher3.uioverrides.QuickstepLauncher} launchCookies=[] positionInParent=Point(0, 0) parentTaskId=-1 isFocused=true isVisible=true isVisibleRequested=true isSleeping=false locusId=LocusId[17_chars] displayAreaFeatureId=1 isTopActivityTransparent=false appCompatTaskInfo=AppCompatTaskInfo { topActivityInSizeCompat=false topActivityEligibleForLetterboxEducation= falseisLetterboxEducationEnabled= false isLetterboxDoubleTapEnabled= false topActivityEligibleForUserAspectRatioButton= false topActivityBoundsLetterboxed= false isFromLetterboxDoubleTap= false topActivityLetterboxVerticalPosition= -1 topActivityLetterboxHorizontalPosition= -1 topActivityLetterboxWidth=1080 topActivityLetterboxHeight=2436 isUserFullscreenOverrideEnabled=false isSystemFullscreenOverrideEnabled=false cameraCompatTaskInfo=CameraCompatTaskInfo { cameraCompatControlState=hidden freeformCameraCompatMode=inactive}}}
2025-12-09 15:27:12.619  4987-13778 ScenesManager           pid-4987                             I  ScenesInfo(isInSplitScreenMode=false, screenMode=0, oldTopPackage=, oldTopClass=, oldRelPackage=, oldRelClass=, topPackage=com.transsion.XOSLauncher, topClass=com.android.launcher3.uioverrides.QuickstepLauncher, relPackage=com.transsion.XOSLauncher, relClass=com.android.launcher3.uioverrides.QuickstepLauncher, taskId=7, userId=0, isTwinApp=false, isActivityChange=true, isResume=true, killPackages=[], isPersonalizedFlipScreen=false, timeStamp=1765304832619)
2025-12-09 15:27:12.620  4987-13778 SmartEventManager       pid-4987                             D  dispatchEvent event: SmartEvent(action=key_scenes_change, extras=null)
2025-12-09 15:27:12.620  4987-13778 GameSceneManager        pid-4987                             I  currentPackage   it.isResume true
2025-12-09 15:27:12.620  4987-13778 GameSceneManager        pid-4987                             I  handlerActivityStart isResume = true  pkgName = com.transsion.XOSLauncher
2025-12-09 15:27:12.620  4987-13778 GameSceneManager        pid-4987                             I  exitSceneInMain false
2025-12-09 15:27:12.621  4987-4987  GameSceneManager        pid-4987                             I  checkAndHandleAPP cursor: count = 0
2025-12-09 15:27:12.621  4987-4987  GameSceneManager        pid-4987                             I  exitSceneInMain false
2025-12-09 15:27:12.622  3456-4822  ApkController           pid-3456                             D  onTaskStackChanged 
2025-12-09 15:27:12.622  3456-13825 ApkController           pid-3456                             D  [handleMessage] --> start 1
2025-12-09 15:27:12.624  4987-13778 VideoSceneManager       pid-4987                             I  handlerVideoStart isResume = true  currentPackage =   pkgName = com.transsion.XOSLauncher
2025-12-09 15:27:12.624  4987-13778 TurboSceneManager       pid-4987                             D  handlerActivityStart: pkg = com.transsion.XOSLauncher
2025-12-09 15:27:12.624  4987-13778 TurboSceneManager       pid-4987                             D  handlerTurboStart  currentPackage = com.cdccreditsmart.app  pkgName = com.transsion.XOSLauncher  className = com.android.launcher3.uioverrides.QuickstepLauncher
2025-12-09 15:27:12.624  4987-4987  VideoDataRepository     pid-4987                             I  checkVideoApp curosr: count = 0
2025-12-09 15:27:12.627  1556-3639  TranActivi...gerService pid-1556                             D  getIsFloatingWindow mode = 1
2025-12-09 15:27:12.627  3568-3670  AsyncThreadAnimImpl     pid-3568                             I  record com.transsion.launcher3.TrWorkSpace, prop: 2, value: 0.9007372
2025-12-09 15:27:12.627  3568-3670  AsyncThreadAnimImpl     pid-3568                             I  record com.transsion.launcher3.TrWorkSpace, prop: 3, value: 0.9007372
2025-12-09 15:27:12.627  3568-3670  AsyncThreadAnimImpl     pid-3568                             I  record com.transsion.launcher3.TrWorkSpace, prop: 4, value: 0.012335721
2025-12-09 15:27:12.627  3568-3670  AsyncThreadAnimImpl     pid-3568                             I  record com.android.launcher3.TrHotseat, prop: 2, value: 0.9007372
2025-12-09 15:27:12.627  3568-3670  AsyncThreadAnimImpl     pid-3568                             I  record com.android.launcher3.TrHotseat, prop: 3, value: 0.9007372
2025-12-09 15:27:12.627  3568-3670  AsyncThreadAnimImpl     pid-3568                             I  record com.android.launcher3.TrHotseat, prop: 4, value: 0.012335721
2025-12-09 15:27:12.627  3568-3670  AsyncThreadAnimImpl     pid-3568                             I  record com.transsion.launcher3.pageindicators.PageIndicatorWrapper, prop: 2, value: 0.9007372
2025-12-09 15:27:12.627  3568-3670  AsyncThreadAnimImpl     pid-3568                             I  record com.transsion.launcher3.pageindicators.PageIndicatorWrapper, prop: 3, value: 0.9007372
2025-12-09 15:27:12.627  3568-3670  AsyncThreadAnimImpl     pid-3568                             I  record com.transsion.launcher3.pageindicators.PageIndicatorWrapper, prop: 4, value: 0.012335721
2025-12-09 15:27:12.627  3568-3670  TrRectFSpringAnim       pid-3568                             D  onUpdate: RectF(335.1101, 449.59418, 727.65, 1020.0543) Radius 39.591785 alpha 0.30066213
2025-12-09 15:27:12.627  3568-3670  AsyncThreadAnimImpl     pid-3568                             I  record com.android.launcher3.views.AsyncImageView, prop: 4, value: 6.1263144E-4
2025-12-09 15:27:12.634  1556-4335  TranActivi...gerService pid-1556                             D  getIsFloatingWindow mode = 1
2025-12-09 15:27:12.634  4987-13778 TurboSceneManager       pid-4987                             D  checkTurboMode : 1
2025-12-09 15:27:12.634  4987-13778 AppBlackList            pid-4987                             D  checkInBlackList isGuidePage= false， isSmartPanelGesture= false
2025-12-09 15:27:12.634  4987-13778 AppBlackList            pid-4987                             D  checkInBlackList inBlackList= false， pkgAndCls= com.transsion.XOSLauncher/com.android.launcher3.uioverrides.QuickstepLauncher
2025-12-09 15:27:12.635  4987-13778 SmartPanelRepository    pid-4987                             I  hasLoadData true  data size = 11
2025-12-09 15:27:12.635  3568-3670  AsyncThreadAnimImpl     pid-3568                             I  record com.transsion.launcher3.TrWorkSpace, prop: 2, value: 0.9018045
2025-12-09 15:27:12.635  3568-3670  AsyncThreadAnimImpl     pid-3568                             I  record com.transsion.launcher3.TrWorkSpace, prop: 3, value: 0.9018045
2025-12-09 15:27:12.635  3568-3670  AsyncThreadAnimImpl     pid-3568                             I  record com.transsion.launcher3.TrWorkSpace, prop: 4, value: 0.022954997
2025-12-09 15:27:12.635  3568-3670  AsyncThreadAnimImpl     pid-3568                             I  record com.android.launcher3.TrHotseat, prop: 2, value: 0.9018045
2025-12-09 15:27:12.635  3568-3670  AsyncThreadAnimImpl     pid-3568                             I  record com.android.launcher3.TrHotseat, prop: 3, value: 0.9018045
2025-12-09 15:27:12.635  3568-3670  AsyncThreadAnimImpl     pid-3568                             I  record com.android.launcher3.TrHotseat, prop: 4, value: 0.022954997
2025-12-09 15:27:12.635  3568-3670  AsyncThreadAnimImpl     pid-3568                             I  record com.transsion.launcher3.pageindicators.PageIndicatorWrapper, prop: 2, value: 0.9018045
2025-12-09 15:27:12.635  3568-3670  AsyncThreadAnimImpl     pid-3568                             I  record com.transsion.launcher3.pageindicators.PageIndicatorWrapper, prop: 3, value: 0.9018045
2025-12-09 15:27:12.635  3568-3670  AsyncThreadAnimImpl     pid-3568                             I  record com.transsion.launcher3.pageindicators.PageIndicatorWrapper, prop: 4, value: 0.022954997
2025-12-09 15:27:12.635  3568-3670  TrRectFSpringAnim       pid-3568                             D  onUpdate: RectF(353.33252, 477.54205, 710.70105, 979.0094) Radius 36.6206 alpha 0.2522606
2025-12-09 15:27:12.635  3568-3670  AsyncThreadAnimImpl     pid-3568                             I  record com.android.launcher3.views.AsyncImageView, prop: 4, value: 4.4011325E-4
2025-12-09 15:27:12.636  4987-13778 SceneController         pid-4987                             D  checkCanShow canShow: true  changed false 
2025-12-09 15:27:12.637  4987-4987  HandleModeManager       pid-4987                             D  onScenesChange : false
2025-12-09 15:27:12.643  3568-3670  AsyncThreadAnimImpl     pid-3568                             I  record com.transsion.launcher3.TrWorkSpace, prop: 2, value: 0.90328306
2025-12-09 15:27:12.643  3568-3670  AsyncThreadAnimImpl     pid-3568                             I  record com.transsion.launcher3.TrWorkSpace, prop: 3, value: 0.90328306
2025-12-09 15:27:12.643  3568-3670  AsyncThreadAnimImpl     pid-3568                             I  record com.transsion.launcher3.TrWorkSpace, prop: 4, value: 0.03766671
2025-12-09 15:27:12.644  3568-3670  AsyncThreadAnimImpl     pid-3568                             I  record com.android.launcher3.TrHotseat, prop: 2, value: 0.90328306
2025-12-09 15:27:12.644  3568-3670  AsyncThreadAnimImpl     pid-3568                             I  record com.android.launcher3.TrHotseat, prop: 3, value: 0.90328306
2025-12-09 15:27:12.644  3568-3670  AsyncThreadAnimImpl     pid-3568                             I  record com.android.launcher3.TrHotseat, prop: 4, value: 0.03766671
2025-12-09 15:27:12.644  3568-3670  AsyncThreadAnimImpl     pid-3568                             I  record com.transsion.launcher3.pageindicators.PageIndicatorWrapper, prop: 2, value: 0.90328306
2025-12-09 15:27:12.644  3568-3670  AsyncThreadAnimImpl     pid-3568                             I  record com.transsion.launcher3.pageindicators.PageIndicatorWrapper, prop: 3, value: 0.90328306
2025-12-09 15:27:12.644  3568-3670  AsyncThreadAnimImpl     pid-3568                             I  record com.transsion.launcher3.pageindicators.PageIndicatorWrapper, prop: 4, value: 0.03766671
2025-12-09 15:27:12.644  3568-3670  TrRectFSpringAnim       pid-3568                             D  onUpdate: RectF(370.0991, 503.3816, 695.1848, 944.59204) Radius 33.827156 alpha 0.20993996
2025-12-09 15:27:12.644  3568-3670  AsyncThreadAnimImpl     pid-3568                             I  record com.android.launcher3.views.AsyncImageView, prop: 4, value: 3.2108277E-4
2025-12-09 15:27:12.652  3568-3670  AsyncThreadAnimImpl     pid-3568                             I  record com.transsion.launcher3.TrWorkSpace, prop: 2, value: 0.9053682
2025-12-09 15:27:12.652  3568-3670  AsyncThreadAnimImpl     pid-3568                             I  record com.transsion.launcher3.TrWorkSpace, prop: 3, value: 0.9053682
2025-12-09 15:27:12.652  3568-3670  AsyncThreadAnimImpl     pid-3568                             I  record com.transsion.launcher3.TrWorkSpace, prop: 4, value: 0.05841404
2025-12-09 15:27:12.652  3568-3670  AsyncThreadAnimImpl     pid-3568                             I  record com.android.launcher3.TrHotseat, prop: 2, value: 0.9053682
2025-12-09 15:27:12.652  3568-3670  AsyncThreadAnimImpl     pid-3568                             I  record com.android.launcher3.TrHotseat, prop: 3, value: 0.9053682
2025-12-09 15:27:12.652  3568-3670  AsyncThreadAnimImpl     pid-3568                             I  record com.android.launcher3.TrHotseat, prop: 4, value: 0.05841404
2025-12-09 15:27:12.652  3568-3670  AsyncThreadAnimImpl     pid-3568                             I  record com.transsion.launcher3.pageindicators.PageIndicatorWrapper, prop: 2, value: 0.9053682
2025-12-09 15:27:12.652  3568-3670  AsyncThreadAnimImpl     pid-3568                             I  record com.transsion.launcher3.pageindicators.PageIndicatorWrapper, prop: 3, value: 0.9053682
2025-12-09 15:27:12.652  3568-3670  AsyncThreadAnimImpl     pid-3568                             I  record com.transsion.launcher3.pageindicators.PageIndicatorWrapper, prop: 4, value: 0.05841404
2025-12-09 15:27:12.652  3568-3670  TrRectFSpringAnim       pid-3568                             D  onUpdate: RectF(385.4358, 527.1193, 681.05615, 915.92755) Radius 31.237194 alpha 0.17337163
2025-12-09 15:27:12.652  3568-3670  AsyncThreadAnimImpl     pid-3568                             I  record com.android.launcher3.views.AsyncImageView, prop: 4, value: 2.3791939E-4
2025-12-09 15:27:12.660  3568-3670  AsyncThreadAnimImpl     pid-3568                             I  record com.transsion.launcher3.TrWorkSpace, prop: 2, value: 0.9085679
2025-12-09 15:27:12.660  3568-3670  AsyncThreadAnimImpl     pid-3568                             I  record com.transsion.launcher3.TrWorkSpace, prop: 3, value: 0.9085679
2025-12-09 15:27:12.660  3568-3670  AsyncThreadAnimImpl     pid-3568                             I  record com.transsion.launcher3.TrWorkSpace, prop: 4, value: 0.09025108
2025-12-09 15:27:12.660  3568-3670  AsyncThreadAnimImpl     pid-3568                             I  record com.android.launcher3.TrHotseat, prop: 2, value: 0.9085679
2025-12-09 15:27:12.660  3568-3670  AsyncThreadAnimImpl     pid-3568                             I  record com.android.launcher3.TrHotseat, prop: 3, value: 0.9085679
2025-12-09 15:27:12.660  3568-3670  AsyncThreadAnimImpl     pid-3568                             I  record com.android.launcher3.TrHotseat, prop: 4, value: 0.09025108
2025-12-09 15:27:12.660  3568-3670  AsyncThreadAnimImpl     pid-3568                             I  record com.transsion.launcher3.pageindicators.PageIndicatorWrapper, prop: 2, value: 0.9085679
2025-12-09 15:27:12.660  3568-3670  AsyncThreadAnimImpl     pid-3568                             I  record com.transsion.launcher3.pageindicators.PageIndicatorWrapper, prop: 3, value: 0.9085679
2025-12-09 15:27:12.660  3568-3670  AsyncThreadAnimImpl     pid-3568                             I  record com.transsion.launcher3.pageindicators.PageIndicatorWrapper, prop: 4, value: 0.09025108
2025-12-09 15:27:12.660  3568-3670  TrRectFSpringAnim       pid-3568                             D  onUpdate: RectF(399.4651, 548.9174, 668.18494, 892.0687) Radius 28.852003 alpha 0.14195086
2025-12-09 15:27:12.660  3568-3670  AsyncThreadAnimImpl     pid-3568                             I  record com.android.launcher3.views.AsyncImageView, prop: 4, value: 1.7874688E-4
2025-12-09 15:27:12.668  3456-3456  TranSignal...ponentImpl pid-3456                             D  [WCDMA] dbm: -92
2025-12-09 15:27:12.668  3456-3456  TranSignal...ponentImpl pid-3456                             D  [WCDMA] dbm: -92
2025-12-09 15:27:12.669  3568-3670  AsyncThreadAnimImpl     pid-3568                             I  record com.transsion.launcher3.TrWorkSpace, prop: 2, value: 0.91257787
2025-12-09 15:27:12.669  3568-3670  AsyncThreadAnimImpl     pid-3568                             I  record com.transsion.launcher3.TrWorkSpace, prop: 3, value: 0.91257787
2025-12-09 15:27:12.669  3568-3670  AsyncThreadAnimImpl     pid-3568                             I  record com.transsion.launcher3.TrWorkSpace, prop: 4, value: 0.13014981
2025-12-09 15:27:12.669  3568-3670  AsyncThreadAnimImpl     pid-3568                             I  record com.android.launcher3.TrHotseat, prop: 2, value: 0.91257787
2025-12-09 15:27:12.669  3568-3670  AsyncThreadAnimImpl     pid-3568                             I  record com.android.launcher3.TrHotseat, prop: 3, value: 0.91257787
2025-12-09 15:27:12.669  3568-3670  AsyncThreadAnimImpl     pid-3568                             I  record com.android.launcher3.TrHotseat, prop: 4, value: 0.13014981
2025-12-09 15:27:12.669  3568-3670  AsyncThreadAnimImpl     pid-3568                             I  record com.transsion.launcher3.pageindicators.PageIndicatorWrapper, prop: 2, value: 0.91257787
2025-12-09 15:27:12.669  3568-3670  AsyncThreadAnimImpl     pid-3568                             I  record com.transsion.launcher3.pageindicators.PageIndicatorWrapper, prop: 3, value: 0.91257787
2025-12-09 15:27:12.669  3568-3670  AsyncThreadAnimImpl     pid-3568                             I  record com.transsion.launcher3.pageindicators.PageIndicatorWrapper, prop: 4, value: 0.13014981
2025-12-09 15:27:12.669  3568-3670  TrRectFSpringAnim       pid-3568                             D  onUpdate: RectF(412.21796, 568.8016, 656.5285, 872.3408) Radius 26.681883 alpha 0.11526946
2025-12-09 15:27:12.669  3568-3670  AsyncThreadAnimImpl     pid-3568                             I  record com.android.launcher3.views.AsyncImageView, prop: 4, value: 1.3617426E-4
2025-12-09 15:27:12.670  3456-4822  TranTele/T...aceManager pid-3456                             I  TTC - onSignalStrengthsChanged
2025-12-09 15:27:12.670  3456-4822  SignalPredictController pid-3456                             I  [onSignalStrengthsChanged] ignore mServiceState: 1
2025-12-09 15:27:12.670  1556-1834  TranSignal...ponentImpl pid-1556                             D  [WCDMA] dbm: -92
2025-12-09 15:27:12.673  4987-4987  SmartPanelService       pid-4987                             I  MSG_TASK_FOCUS
2025-12-09 15:27:12.673  4987-4987  ScenesManager           pid-4987                             I  handlerTaskChange new TaskId  old TaskId 
2025-12-09 15:27:12.677  3568-3670  AsyncThreadAnimImpl     pid-3568                             I  record com.transsion.launcher3.TrWorkSpace, prop: 2, value: 0.91793156
2025-12-09 15:27:12.677  3568-3670  AsyncThreadAnimImpl     pid-3568                             I  record com.transsion.launcher3.TrWorkSpace, prop: 3, value: 0.91793156
2025-12-09 15:27:12.677  3568-3670  AsyncThreadAnimImpl     pid-3568                             I  record com.transsion.launcher3.TrWorkSpace, prop: 4, value: 0.18341888
2025-12-09 15:27:12.677  3568-3670  AsyncThreadAnimImpl     pid-3568                             I  record com.android.launcher3.TrHotseat, prop: 2, value: 0.91793156
2025-12-09 15:27:12.677  3568-3670  AsyncThreadAnimImpl     pid-3568                             I  record com.android.launcher3.TrHotseat, prop: 3, value: 0.91793156
2025-12-09 15:27:12.677  3568-3670  AsyncThreadAnimImpl     pid-3568                             I  record com.android.launcher3.TrHotseat, prop: 4, value: 0.18341888
2025-12-09 15:27:12.677  3568-3670  AsyncThreadAnimImpl     pid-3568                             I  record com.transsion.launcher3.pageindicators.PageIndicatorWrapper, prop: 2, value: 0.91793156
2025-12-09 15:27:12.677  3568-3670  AsyncThreadAnimImpl     pid-3568                             I  record com.transsion.launcher3.pageindicators.PageIndicatorWrapper, prop: 3, value: 0.91793156
2025-12-09 15:27:12.677  3568-3670  AsyncThreadAnimImpl     pid-3568                             I  record com.transsion.launcher3.pageindicators.PageIndicatorWrapper, prop: 4, value: 0.18341888
2025-12-09 15:27:12.677  3568-3670  TrRectFSpringAnim       pid-3568                             D  onUpdate: RectF(423.77847, 586.8839, 645.99817, 856.07056) Radius 24.723042 alpha 0.09279521
2025-12-09 15:27:12.677  3568-3670  AsyncThreadAnimImpl     pid-3568                             I  record com.android.launcher3.views.AsyncImageView, prop: 4, value: 1.0509044E-4
2025-12-09 15:27:12.680  1556-1887  mtkpower_client         pid-1556                             I  perf_lock_rel, hdl:2926, tid:1887
2025-12-09 15:27:12.685  3568-3670  AsyncThreadAnimImpl     pid-3568                             I  record com.transsion.launcher3.TrWorkSpace, prop: 2, value: 0.92369026
2025-12-09 15:27:12.685  3568-3670  AsyncThreadAnimImpl     pid-3568                             I  record com.transsion.launcher3.TrWorkSpace, prop: 3, value: 0.92369026
2025-12-09 15:27:12.685  3568-3670  AsyncThreadAnimImpl     pid-3568                             I  record com.transsion.launcher3.TrWorkSpace, prop: 4, value: 0.24071807
2025-12-09 15:27:12.685  3568-3670  AsyncThreadAnimImpl     pid-3568                             I  record com.android.launcher3.TrHotseat, prop: 2, value: 0.92369026
2025-12-09 15:27:12.685  3568-3670  AsyncThreadAnimImpl     pid-3568                             I  record com.android.launcher3.TrHotseat, prop: 3, value: 0.92369026
2025-12-09 15:27:12.685  3568-3670  AsyncThreadAnimImpl     pid-3568                             I  record com.android.launcher3.TrHotseat, prop: 4, value: 0.24071807
2025-12-09 15:27:12.685  3568-3670  AsyncThreadAnimImpl     pid-3568                             I  record com.transsion.launcher3.pageindicators.PageIndicatorWrapper, prop: 2, value: 0.92369026
2025-12-09 15:27:12.685  3568-3670  AsyncThreadAnimImpl     pid-3568                             I  record com.transsion.launcher3.pageindicators.PageIndicatorWrapper, prop: 3, value: 0.92369026
2025-12-09 15:27:12.685  3568-3670  AsyncThreadAnimImpl     pid-3568                             I  record com.transsion.launcher3.pageindicators.PageIndicatorWrapper, prop: 4, value: 0.24071807
2025-12-09 15:27:12.686  3568-3670  TrRectFSpringAnim       pid-3568                             D  onUpdate: RectF(434.23596, 603.2885, 636.50256, 842.6734) Radius 22.966845 alpha 0.074005924
2025-12-09 15:27:12.686  3568-3670  AsyncThreadAnimImpl     pid-3568                             I  record com.android.launcher3.views.AsyncImageView, prop: 4, value: 8.20905E-5
2025-12-09 15:27:12.694  3568-3670  AsyncThreadAnimImpl     pid-3568                             I  record com.transsion.launcher3.TrWorkSpace, prop: 2, value: 0.9304746
2025-12-09 15:27:12.694  3568-3670  AsyncThreadAnimImpl     pid-3568                             I  record com.transsion.launcher3.TrWorkSpace, prop: 3, value: 0.9304746
2025-12-09 15:27:12.694  3568-3670  AsyncThreadAnimImpl     pid-3568                             I  record com.transsion.launcher3.TrWorkSpace, prop: 4, value: 0.308222
2025-12-09 15:27:12.694  3568-3670  AsyncThreadAnimImpl     pid-3568                             I  record com.android.launcher3.TrHotseat, prop: 2, value: 0.9304746
2025-12-09 15:27:12.694  3568-3670  AsyncThreadAnimImpl     pid-3568                             I  record com.android.launcher3.TrHotseat, prop: 3, value: 0.9304746
2025-12-09 15:27:12.694  3568-3670  AsyncThreadAnimImpl     pid-3568                             I  record com.android.launcher3.TrHotseat, prop: 4, value: 0.308222
2025-12-09 15:27:12.694  3568-3670  AsyncThreadAnimImpl     pid-3568                             I  record com.transsion.launcher3.pageindicators.PageIndicatorWrapper, prop: 2, value: 0.9304746
2025-12-09 15:27:12.694  3568-3670  AsyncThreadAnimImpl     pid-3568                             I  record com.transsion.launcher3.pageindicators.PageIndicatorWrapper, prop: 3, value: 0.9304746
2025-12-09 15:27:12.694  3568-3670  AsyncThreadAnimImpl     pid-3568                             I  record com.transsion.launcher3.pageindicators.PageIndicatorWrapper, prop: 4, value: 0.308222
2025-12-09 15:27:12.694  3568-3670  TrRectFSpringAnim       pid-3568                             D  onUpdate: RectF(443.66977, 618.1269, 627.9614, 831.6626) Radius 21.403355 alpha 0.058426462
2025-12-09 15:27:12.694  3568-3670  AsyncThreadAnimImpl     pid-3568                             I  record com.android.launcher3.views.AsyncImageView, prop: 4, value: 6.48424E-5
2025-12-09 15:27:12.702  3568-3670  AsyncThreadAnimImpl     pid-3568                             I  record com.transsion.launcher3.TrWorkSpace, prop: 2, value: 0.93842804
2025-12-09 15:27:12.702  3568-3670  AsyncThreadAnimImpl     pid-3568                             I  record com.transsion.launcher3.TrWorkSpace, prop: 3, value: 0.93842804
2025-12-09 15:27:12.702  3568-3670  AsyncThreadAnimImpl     pid-3568                             I  record com.transsion.launcher3.TrWorkSpace, prop: 4, value: 0.3873589
2025-12-09 15:27:12.702  3568-3670  AsyncThreadAnimImpl     pid-3568                             I  record com.android.launcher3.TrHotseat, prop: 2, value: 0.93842804
2025-12-09 15:27:12.702  3568-3670  AsyncThreadAnimImpl     pid-3568                             I  record com.android.launcher3.TrHotseat, prop: 3, value: 0.93842804
2025-12-09 15:27:12.702  3568-3670  AsyncThreadAnimImpl     pid-3568                             I  record com.android.launcher3.TrHotseat, prop: 4, value: 0.3873589
2025-12-09 15:27:12.702  3568-3670  AsyncThreadAnimImpl     pid-3568                             I  record com.transsion.launcher3.pageindicators.PageIndicatorWrapper, prop: 2, value: 0.93842804
2025-12-09 15:27:12.702  3568-3670  AsyncThreadAnimImpl     pid-3568                             I  record com.transsion.launcher3.pageindicators.PageIndicatorWrapper, prop: 3, value: 0.93842804
2025-12-09 15:27:12.702  3568-3670  AsyncThreadAnimImpl     pid-3568                             I  record com.transsion.launcher3.pageindicators.PageIndicatorWrapper, prop: 4, value: 0.3873589
2025-12-09 15:27:12.702  3568-3670  TrRectFSpringAnim       pid-3568                             D  onUpdate: RectF(452.17328, 631.53503, 620.2835, 822.6095) Radius 20.018139 alpha 0.0455934
2025-12-09 15:27:12.703  3568-3670  AsyncThreadAnimImpl     pid-3568                             I  record com.android.launcher3.views.AsyncImageView, prop: 4, value: 5.172193E-5
2025-12-09 15:27:12.710  3568-3670  AsyncThreadAnimImpl     pid-3568                             I  record com.transsion.launcher3.TrWorkSpace, prop: 2, value: 0.94554925
2025-12-09 15:27:12.710  3568-3670  AsyncThreadAnimImpl     pid-3568                             I  record com.transsion.launcher3.TrWorkSpace, prop: 3, value: 0.94554925
2025-12-09 15:27:12.710  3568-3670  AsyncThreadAnimImpl     pid-3568                             I  record com.transsion.launcher3.TrWorkSpace, prop: 4, value: 0.45821494
2025-12-09 15:27:12.710  3568-3670  AsyncThreadAnimImpl     pid-3568                             I  record com.android.launcher3.TrHotseat, prop: 2, value: 0.94554925
2025-12-09 15:27:12.711  3568-3670  AsyncThreadAnimImpl     pid-3568                             I  record com.android.launcher3.TrHotseat, prop: 3, value: 0.94554925
2025-12-09 15:27:12.711  3568-3670  AsyncThreadAnimImpl     pid-3568                             I  record com.android.launcher3.TrHotseat, prop: 4, value: 0.45821494
2025-12-09 15:27:12.711  3568-3670  AsyncThreadAnimImpl     pid-3568                             I  record com.transsion.launcher3.pageindicators.PageIndicatorWrapper, prop: 2, value: 0.94554925
2025-12-09 15:27:12.711  3568-3670  AsyncThreadAnimImpl     pid-3568                             I  record com.transsion.launcher3.pageindicators.PageIndicatorWrapper, prop: 3, value: 0.94554925
2025-12-09 15:27:12.711  3568-3670  AsyncThreadAnimImpl     pid-3568                             I  record com.transsion.launcher3.pageindicators.PageIndicatorWrapper, prop: 4, value: 0.45821494
2025-12-09 15:27:12.711  3568-3670  TrRectFSpringAnim       pid-3568                             D  onUpdate: RectF(459.7969, 643.58344, 613.4175, 815.19415) Radius 18.802149 alpha 0.035143025
2025-12-09 15:27:12.711  3568-3670  AsyncThreadAnimImpl     pid-3568                             I  record com.android.launcher3.views.AsyncImageView, prop: 4, value: 4.1656196E-5
2025-12-09 15:27:12.712  1556-3058  TranAppBri...Controller pid-1556                             D  [handleMessage] msg type: 1001 isCloudEnabled: true
2025-12-09 15:27:12.713  1556-3058  WindowManager           pid-1556                             D  getTopPackages# topPackages = []
2025-12-09 15:27:12.713  1556-3058  TranAppBri...Controller pid-1556                             D  [onForegroundAppchange] ForegroundPackage: com.transsion.XOSLauncher splitScreen: false multiWindow: false mIsPinned:false
2025-12-09 15:27:12.719  3568-3670  AsyncThreadAnimImpl     pid-3568                             I  record com.transsion.launcher3.TrWorkSpace, prop: 2, value: 0.95231795
2025-12-09 15:27:12.719  3568-3670  AsyncThreadAnimImpl     pid-3568                             I  record com.transsion.launcher3.TrWorkSpace, prop: 3, value: 0.95231795
2025-12-09 15:27:12.719  3568-3670  AsyncThreadAnimImpl     pid-3568                             I  record com.transsion.launcher3.TrWorkSpace, prop: 4, value: 0.5255637
2025-12-09 15:27:12.719  3568-3670  AsyncThreadAnimImpl     pid-3568                             I  record com.android.launcher3.TrHotseat, prop: 2, value: 0.95231795
2025-12-09 15:27:12.719  3568-3670  AsyncThreadAnimImpl     pid-3568                             I  record com.android.launcher3.TrHotseat, prop: 3, value: 0.95231795
2025-12-09 15:27:12.719  3568-3670  AsyncThreadAnimImpl     pid-3568                             I  record com.android.launcher3.TrHotseat, prop: 4, value: 0.5255637
2025-12-09 15:27:12.719  3568-3670  AsyncThreadAnimImpl     pid-3568                             I  record com.transsion.launcher3.pageindicators.PageIndicatorWrapper, prop: 2, value: 0.95231795
2025-12-09 15:27:12.719  3568-3670  AsyncThreadAnimImpl     pid-3568                             I  record com.transsion.launcher3.pageindicators.PageIndicatorWrapper, prop: 3, value: 0.95231795
2025-12-09 15:27:12.719  3568-3670  AsyncThreadAnimImpl     pid-3568                             I  record com.transsion.launcher3.pageindicators.PageIndicatorWrapper, prop: 4, value: 0.5255637
2025-12-09 15:27:12.719  3568-3670  TrRectFSpringAnim       pid-3568                             D  onUpdate: RectF(466.63483, 654.4132, 607.2736, 809.1054) Radius 17.738169 alpha 0.026683813
2025-12-09 15:27:12.719  3568-3670  AsyncThreadAnimImpl     pid-3568                             I  record com.android.launcher3.views.AsyncImageView, prop: 4, value: 3.3840537E-5
2025-12-09 15:27:12.727  3568-3670  AsyncThreadAnimImpl     pid-3568                             I  record com.transsion.launcher3.TrWorkSpace, prop: 2, value: 0.95927185
2025-12-09 15:27:12.727  3568-3670  AsyncThreadAnimImpl     pid-3568                             I  record com.transsion.launcher3.TrWorkSpace, prop: 3, value: 0.95927185
2025-12-09 15:27:12.727  3568-3670  AsyncThreadAnimImpl     pid-3568                             I  record com.transsion.launcher3.TrWorkSpace, prop: 4, value: 0.5947548
2025-12-09 15:27:12.727  3568-3670  AsyncThreadAnimImpl     pid-3568                             I  record com.android.launcher3.TrHotseat, prop: 2, value: 0.95927185
2025-12-09 15:27:12.727  3568-3670  AsyncThreadAnimImpl     pid-3568                             I  record com.android.launcher3.TrHotseat, prop: 3, value: 0.95927185
2025-12-09 15:27:12.727  3568-3670  AsyncThreadAnimImpl     pid-3568                             I  record com.android.launcher3.TrHotseat, prop: 4, value: 0.5947548
2025-12-09 15:27:12.727  3568-3670  AsyncThreadAnimImpl     pid-3568                             I  record com.transsion.launcher3.pageindicators.PageIndicatorWrapper, prop: 2, value: 0.95927185
2025-12-09 15:27:12.727  3568-3670  AsyncThreadAnimImpl     pid-3568                             I  record com.transsion.launcher3.pageindicators.PageIndicatorWrapper, prop: 3, value: 0.95927185
2025-12-09 15:27:12.727  3568-3670  AsyncThreadAnimImpl     pid-3568                             I  record com.transsion.launcher3.pageindicators.PageIndicatorWrapper, prop: 4, value: 0.5947548
2025-12-09 15:27:12.728  3568-3670  TrRectFSpringAnim       pid-3568                             D  onUpdate: RectF(472.75958, 664.13293, 601.7829, 804.1017) Radius 16.811876 alpha 0.0
2025-12-09 15:27:12.728  3568-3670  AsyncThreadAnimImpl     pid-3568                             I  record com.android.launcher3.views.AsyncImageView, prop: 4, value: 2.7686357E-5
2025-12-09 15:27:12.730 22568-22744 ImageWallpaper          pid-22568                            D  onSurfaceRedrawNeeded
2025-12-09 15:27:12.731  1556-3639  WindowManager           pid-1556                             D  System monitor finishDrawingWindow w: Window{85078c5 u0 com.android.systemui.wallpapers.ImageWallpaper}; mDrawState = HAS_DRAWN
2025-12-09 15:27:12.735  3568-3670  AsyncThreadAnimImpl     pid-3568                             I  record com.transsion.launcher3.TrWorkSpace, prop: 2, value: 0.96437776
2025-12-09 15:27:12.736  3568-3670  AsyncThreadAnimImpl     pid-3568                             I  record com.transsion.launcher3.TrWorkSpace, prop: 3, value: 0.96437776
2025-12-09 15:27:12.736  3568-3670  AsyncThreadAnimImpl     pid-3568                             I  record com.transsion.launcher3.TrWorkSpace, prop: 4, value: 0.6455591
2025-12-09 15:27:12.736  3568-3670  AsyncThreadAnimImpl     pid-3568                             I  record com.android.launcher3.TrHotseat, prop: 2, value: 0.96437776
2025-12-09 15:27:12.736  3568-3670  AsyncThreadAnimImpl     pid-3568                             I  record com.android.launcher3.TrHotseat, prop: 3, value: 0.96437776
2025-12-09 15:27:12.736  3568-3670  AsyncThreadAnimImpl     pid-3568                             I  record com.android.launcher3.TrHotseat, prop: 4, value: 0.6455591
2025-12-09 15:27:12.736  3568-3670  AsyncThreadAnimImpl     pid-3568                             I  record com.transsion.launcher3.pageindicators.PageIndicatorWrapper, prop: 2, value: 0.96437776
2025-12-09 15:27:12.736  3568-3670  AsyncThreadAnimImpl     pid-3568                             I  record com.transsion.launcher3.pageindicators.PageIndicatorWrapper, prop: 3, value: 0.96437776
2025-12-09 15:27:12.736  3568-3670  AsyncThreadAnimImpl     pid-3568                             I  record com.transsion.launcher3.pageindicators.PageIndicatorWrapper, prop: 4, value: 0.6455591
2025-12-09 15:27:12.736  3568-3670  TrRectFSpringAnim       pid-3568                             D  onUpdate: RectF(478.23523, 672.8389, 596.8844, 799.98724) Radius 16.009924 alpha 0.0
2025-12-09 15:27:12.736  3568-3670  AsyncThreadAnimImpl     pid-3568                             I  record com.android.launcher3.views.AsyncImageView, prop: 4, value: 2.2806227E-5
2025-12-09 15:27:12.744  3568-3670  AsyncThreadAnimImpl     pid-3568                             I  record com.transsion.launcher3.TrWorkSpace, prop: 2, value: 0.96922934
2025-12-09 15:27:12.744  3568-3670  AsyncThreadAnimImpl     pid-3568                             I  record com.transsion.launcher3.TrWorkSpace, prop: 3, value: 0.96922934
2025-12-09 15:27:12.744  3568-3670  AsyncThreadAnimImpl     pid-3568                             I  record com.transsion.launcher3.TrWorkSpace, prop: 4, value: 0.693832
2025-12-09 15:27:12.744  3568-3670  AsyncThreadAnimImpl     pid-3568                             I  record com.android.launcher3.TrHotseat, prop: 2, value: 0.96922934
2025-12-09 15:27:12.744  3568-3670  AsyncThreadAnimImpl     pid-3568                             I  record com.android.launcher3.TrHotseat, prop: 3, value: 0.96922934
2025-12-09 15:27:12.744  3568-3670  AsyncThreadAnimImpl     pid-3568                             I  record com.android.launcher3.TrHotseat, prop: 4, value: 0.693832
2025-12-09 15:27:12.744  3568-3670  AsyncThreadAnimImpl     pid-3568                             I  record com.transsion.launcher3.pageindicators.PageIndicatorWrapper, prop: 2, value: 0.96922934
2025-12-09 15:27:12.744  3568-3670  AsyncThreadAnimImpl     pid-3568                             I  record com.transsion.launcher3.pageindicators.PageIndicatorWrapper, prop: 3, value: 0.96922934
2025-12-09 15:27:12.744  3568-3670  AsyncThreadAnimImpl     pid-3568                             I  record com.transsion.launcher3.pageindicators.PageIndicatorWrapper, prop: 4, value: 0.693832
2025-12-09 15:27:12.744  3568-3670  TrRectFSpringAnim       pid-3568                             D  onUpdate: RectF(483.12173, 680.622, 592.5217, 796.6007) Radius 15.319442 alpha 0.0
2025-12-09 15:27:12.744  3568-3670  AsyncThreadAnimImpl     pid-3568                             I  record com.android.launcher3.views.AsyncImageView, prop: 4, value: 1.8894672E-5
2025-12-09 15:27:12.746   955-976   mtkpower@impl           pid-955                              I  [setMode] type:6, enabled:0
2025-12-09 15:27:12.746   955-976   mtkpower@impl           pid-955                              E  [setMode] unknown type
2025-12-09 15:27:12.752  3568-3670  AsyncThreadAnimImpl     pid-3568                             I  record com.transsion.launcher3.TrWorkSpace, prop: 2, value: 0.9737035
2025-12-09 15:27:12.752  3568-3670  AsyncThreadAnimImpl     pid-3568                             I  record com.transsion.launcher3.TrWorkSpace, prop: 3, value: 0.9737035
2025-12-09 15:27:12.752  3568-3670  AsyncThreadAnimImpl     pid-3568                             I  record com.transsion.launcher3.TrWorkSpace, prop: 4, value: 0.7383497
2025-12-09 15:27:12.752  3568-3670  AsyncThreadAnimImpl     pid-3568                             I  record com.android.launcher3.TrHotseat, prop: 2, value: 0.9737035
2025-12-09 15:27:12.752  3568-3670  AsyncThreadAnimImpl     pid-3568                             I  record com.android.launcher3.TrHotseat, prop: 3, value: 0.9737035
2025-12-09 15:27:12.752  3568-3670  AsyncThreadAnimImpl     pid-3568                             I  record com.android.launcher3.TrHotseat, prop: 4, value: 0.7383497
2025-12-09 15:27:12.752  3568-3670  AsyncThreadAnimImpl     pid-3568                             I  record com.transsion.launcher3.pageindicators.PageIndicatorWrapper, prop: 2, value: 0.9737035
2025-12-09 15:27:12.752  3568-3670  AsyncThreadAnimImpl     pid-3568                             I  record com.transsion.launcher3.pageindicators.PageIndicatorWrapper, prop: 3, value: 0.9737035
2025-12-09 15:27:12.752  3568-3670  AsyncThreadAnimImpl     pid-3568                             I  record com.transsion.launcher3.pageindicators.PageIndicatorWrapper, prop: 4, value: 0.7383497
2025-12-09 15:27:12.752  3568-3670  TrRectFSpringAnim       pid-3568                             D  onUpdate: RectF(487.46655, 687.554, 588.6499, 793.8149) Radius 14.7293215 alpha 0.0
2025-12-09 15:27:12.752  3568-3670  AsyncThreadAnimImpl     pid-3568                             I  record com.android.launcher3.views.AsyncImageView, prop: 4, value: 1.5750527E-5
2025-12-09 15:27:12.760  3568-3670  AsyncThreadAnimImpl     pid-3568                             I  record com.transsion.launcher3.TrWorkSpace, prop: 2, value: 0.9775105
2025-12-09 15:27:12.761  3568-3670  AsyncThreadAnimImpl     pid-3568                             I  record com.transsion.launcher3.TrWorkSpace, prop: 3, value: 0.9775105
2025-12-09 15:27:12.761  3568-3670  AsyncThreadAnimImpl     pid-3568                             I  record com.transsion.launcher3.TrWorkSpace, prop: 4, value: 0.7762296
2025-12-09 15:27:12.761  3568-3670  AsyncThreadAnimImpl     pid-3568                             I  record com.android.launcher3.TrHotseat, prop: 2, value: 0.9775105
2025-12-09 15:27:12.761  3568-3670  AsyncThreadAnimImpl     pid-3568                             I  record com.android.launcher3.TrHotseat, prop: 3, value: 0.9775105
2025-12-09 15:27:12.761  3568-3670  AsyncThreadAnimImpl     pid-3568                             I  record com.android.launcher3.TrHotseat, prop: 4, value: 0.7762296
2025-12-09 15:27:12.761  3568-3670  AsyncThreadAnimImpl     pid-3568                             I  record com.transsion.launcher3.pageindicators.PageIndicatorWrapper, prop: 2, value: 0.9775105
2025-12-09 15:27:12.761  3568-3670  AsyncThreadAnimImpl     pid-3568                             I  record com.transsion.launcher3.pageindicators.PageIndicatorWrapper, prop: 3, value: 0.9775105
2025-12-09 15:27:12.761  3568-3670  AsyncThreadAnimImpl     pid-3568                             I  record com.transsion.launcher3.pageindicators.PageIndicatorWrapper, prop: 4, value: 0.7762296
2025-12-09 15:27:12.761  3568-3670  TrRectFSpringAnim       pid-3568                             D  onUpdate: RectF(491.33038, 693.7284, 585.21295, 791.5153) Radius 14.226848 alpha 0.0
2025-12-09 15:27:12.761  3568-3670  AsyncThreadAnimImpl     pid-3568                             I  record com.android.launcher3.views.AsyncImageView, prop: 4, value: 1.3187528E-5
2025-12-09 15:27:12.769  3568-3670  AsyncThreadAnimImpl     pid-3568                             I  record com.transsion.launcher3.TrWorkSpace, prop: 2, value: 0.9807139
2025-12-09 15:27:12.769  3568-3670  AsyncThreadAnimImpl     pid-3568                             I  record com.transsion.launcher3.TrWorkSpace, prop: 3, value: 0.9807139
2025-12-09 15:27:12.769  3568-3670  AsyncThreadAnimImpl     pid-3568                             I  record com.transsion.launcher3.TrWorkSpace, prop: 4, value: 0.8081034
2025-12-09 15:27:12.769  3568-3670  AsyncThreadAnimImpl     pid-3568                             I  record com.android.launcher3.TrHotseat, prop: 2, value: 0.9807139
2025-12-09 15:27:12.769  3568-3670  AsyncThreadAnimImpl     pid-3568                             I  record com.android.launcher3.TrHotseat, prop: 3, value: 0.9807139
2025-12-09 15:27:12.769  3568-3670  AsyncThreadAnimImpl     pid-3568                             I  record com.android.launcher3.TrHotseat, prop: 4, value: 0.8081034
2025-12-09 15:27:12.769  3568-3670  AsyncThreadAnimImpl     pid-3568                             I  record com.transsion.launcher3.pageindicators.PageIndicatorWrapper, prop: 2, value: 0.9807139
2025-12-09 15:27:12.769  3568-3670  AsyncThreadAnimImpl     pid-3568                             I  record com.transsion.launcher3.pageindicators.PageIndicatorWrapper, prop: 3, value: 0.9807139
2025-12-09 15:27:12.769  3568-3670  AsyncThreadAnimImpl     pid-3568                             I  record com.transsion.launcher3.pageindicators.PageIndicatorWrapper, prop: 4, value: 0.8081034
2025-12-09 15:27:12.769  3568-3670  TrRectFSpringAnim       pid-3568                             D  onUpdate: RectF(494.7588, 699.21533, 582.1686, 789.615) Radius 13.801687 alpha 0.0
2025-12-09 15:27:12.769  3568-3670  AsyncThreadAnimImpl     pid-3568                             I  record com.android.launcher3.views.AsyncImageView, prop: 4, value: 1.1079013E-5
2025-12-09 15:27:12.777  3568-3670  AsyncThreadAnimImpl     pid-3568                             I  record com.transsion.launcher3.TrWorkSpace, prop: 2, value: 0.98377913
2025-12-09 15:27:12.777  3568-3670  AsyncThreadAnimImpl     pid-3568                             I  record com.transsion.launcher3.TrWorkSpace, prop: 3, value: 0.98377913
2025-12-09 15:27:12.777  3568-3670  AsyncThreadAnimImpl     pid-3568                             I  record com.transsion.launcher3.TrWorkSpace, prop: 4, value: 0.83860236
2025-12-09 15:27:12.777  3568-3670  AsyncThreadAnimImpl     pid-3568                             I  record com.android.launcher3.TrHotseat, prop: 2, value: 0.98377913
2025-12-09 15:27:12.777  3568-3670  AsyncThreadAnimImpl     pid-3568                             I  record com.android.launcher3.TrHotseat, prop: 3, value: 0.98377913
2025-12-09 15:27:12.777  3568-3670  AsyncThreadAnimImpl     pid-3568                             I  record com.android.launcher3.TrHotseat, prop: 4, value: 0.83860236
2025-12-09 15:27:12.777  3568-3670  AsyncThreadAnimImpl     pid-3568                             I  record com.transsion.launcher3.pageindicators.PageIndicatorWrapper, prop: 2, value: 0.98377913
2025-12-09 15:27:12.777  3568-3670  AsyncThreadAnimImpl     pid-3568                             I  record com.transsion.launcher3.pageindicators.PageIndicatorWrapper, prop: 3, value: 0.98377913
2025-12-09 15:27:12.777  3568-3670  AsyncThreadAnimImpl     pid-3568                             I  record com.transsion.launcher3.pageindicators.PageIndicatorWrapper, prop: 4, value: 0.83860236
2025-12-09 15:27:12.777  3568-3670  TrRectFSpringAnim       pid-3568                             D  onUpdate: RectF(497.79932, 704.0885, 579.47314, 788.04) Radius 13.443664 alpha 0.0
2025-12-09 15:27:12.777  3568-3670  AsyncThreadAnimImpl     pid-3568                             I  record com.android.launcher3.views.AsyncImageView, prop: 4, value: 9.350479E-6
2025-12-09 15:27:12.785  3568-3670  AsyncThreadAnimImpl     pid-3568                             I  record com.transsion.launcher3.TrWorkSpace, prop: 2, value: 0.9861575
2025-12-09 15:27:12.785  3568-3670  AsyncThreadAnimImpl     pid-3568                             I  record com.transsion.launcher3.TrWorkSpace, prop: 3, value: 0.9861575
2025-12-09 15:27:12.785  3568-3670  AsyncThreadAnimImpl     pid-3568                             I  record com.transsion.launcher3.TrWorkSpace, prop: 4, value: 0.8622669
2025-12-09 15:27:12.785  3568-3670  AsyncThreadAnimImpl     pid-3568                             I  record com.android.launcher3.TrHotseat, prop: 2, value: 0.9861575
2025-12-09 15:27:12.786  3568-3670  AsyncThreadAnimImpl     pid-3568                             I  record com.android.launcher3.TrHotseat, prop: 3, value: 0.9861575
2025-12-09 15:27:12.786  3568-3670  AsyncThreadAnimImpl     pid-3568                             I  record com.android.launcher3.TrHotseat, prop: 4, value: 0.8622669
2025-12-09 15:27:12.786  3568-3670  AsyncThreadAnimImpl     pid-3568                             I  record com.transsion.launcher3.pageindicators.PageIndicatorWrapper, prop: 2, value: 0.9861575
2025-12-09 15:27:12.786  3568-3670  AsyncThreadAnimImpl     pid-3568                             I  record com.transsion.launcher3.pageindicators.PageIndicatorWrapper, prop: 3, value: 0.9861575
2025-12-09 15:27:12.786  3568-3670  AsyncThreadAnimImpl     pid-3568                             I  record com.transsion.launcher3.pageindicators.PageIndicatorWrapper, prop: 4, value: 0.8622669
2025-12-09 15:27:12.786  3568-3670  TrRectFSpringAnim       pid-3568                             D  onUpdate: RectF(500.49292, 708.4116, 577.089, 786.73145) Radius 13.143888 alpha 0.0
2025-12-09 15:27:12.786  3568-3670  AsyncThreadAnimImpl     pid-3568                             I  record com.android.launcher3.views.AsyncImageView, prop: 4, value: 7.912517E-6
2025-12-09 15:27:12.794  3568-3670  AsyncThreadAnimImpl     pid-3568                             I  record com.transsion.launcher3.TrWorkSpace, prop: 2, value: 0.9883145
2025-12-09 15:27:12.794  3568-3670  AsyncThreadAnimImpl     pid-3568                             I  record com.transsion.launcher3.TrWorkSpace, prop: 3, value: 0.9883145
2025-12-09 15:27:12.794  3568-3670  AsyncThreadAnimImpl     pid-3568                             I  record com.transsion.launcher3.TrWorkSpace, prop: 4, value: 0.8837293
