2025-11-18 00:33:29.285  6292-6330  NearbyConnections       com.google.android.gms.persistent    I  Add DeviceProvider of type 2.
2025-11-18 00:33:29.285  6292-6330  NearbyConnections       com.google.android.gms.persistent    I  Successfully register device provider for endpointType 2 by client 26063932
2025-11-18 00:33:29.286   753-1572  UwbServiceCore          system_server                        D  registerAdapterStateCallbacks(): notify adapterState = 0, reason = 3
2025-11-18 00:33:29.289  6292-6330  NearbySharing           com.google.android.gms.persistent    I  A new client has bound to the NearbySharingService ClientBridge for calling package com.google.android.gms and PID 6292
2025-11-18 00:33:29.291  6292-6368  NearbyUWB               com.google.android.gms.persistent    I  (REDACTED) Screen unlocked: %s
2025-11-18 00:33:29.294  6292-6330  NearbyUWB               com.google.android.gms.persistent    I  (REDACTED) onGetService: Create client bridge with key %s
2025-11-18 00:33:29.296  6292-6330  NearbyUWB               com.google.android.gms.persistent    I  (REDACTED) Analytics is enabled for package %s
2025-11-18 00:33:29.300  6304-6313  ChimeraProxyRslvr       com.google.android.gms               W  No registered Chimera impl for com.google.android.gms.nearby.sharing.SharingSliceProvider
2025-11-18 00:33:29.300  6304-6313  ChimeraProxyRslvr       com.google.android.gms               W  No registered Chimera impl for com.google.android.gms.nearby.sharing.SharingSliceProvider
2025-11-18 00:33:29.300  6304-6313  ChimeraPrvdrProxy       com.google.android.gms               E  Provider proxy missing implementation
2025-11-18 00:33:29.301  6292-6367  NearbySharing           com.google.android.gms.persistent    I  Granted slice and uri permissions to android
2025-11-18 00:33:29.303  6292-6330  NearbyUWB               com.google.android.gms.persistent    I  (REDACTED) Client %s with package name %s, 0p Identifier %s, and sdk version %s has connected.
2025-11-18 00:33:29.304  6292-6330  NearbySharing           com.google.android.gms.persistent    I  Package com.google.android.gms has requested to register a receive surface of type BACKGROUND
2025-11-18 00:33:29.304  6292-6330  NearbySharing           com.google.android.gms.persistent    I  Package com.google.android.gms has requested to register a send surface of type BACKGROUND
2025-11-18 00:33:29.305   753-1177  WifiChipAidlImpl        system_server                        E  getUsableChannels failed with service-specific exception: android.os.ServiceSpecificException:  (code 4)
2025-11-18 00:33:29.306  6292-6365  NearbyMediums           com.google.android.gms.persistent    I  (REDACTED) Querying wifi usable channels failed with exception (Ask Gemini)
                                                                                                    java.lang.UnsupportedOperationException
                                                                                                    	at android.os.Parcel.createExceptionOrNull(Parcel.java:3352)
                                                                                                    	at android.os.Parcel.createException(Parcel.java:3324)
                                                                                                    	at android.os.Parcel.readException(Parcel.java:3307)
                                                                                                    	at android.os.Parcel.readException(Parcel.java:3249)
                                                                                                    	at android.net.wifi.IWifiManager$Stub$Proxy.getUsableChannels(IWifiManager.java:6488)
                                                                                                    	at android.net.wifi.WifiManager.getUsableChannels(WifiManager.java:11454)
                                                                                                    	at ddhn.y(:com.google.android.gms@254435038@25.44.35 (260800-831510661):21)
                                                                                                    	at ddhn.q(:com.google.android.gms@254435038@25.44.35 (260800-831510661):16)
                                                                                                    	at ddhn.m(:com.google.android.gms@254435038@25.44.35 (260800-831510661):24)
                                                                                                    	at deak.run(:com.google.android.gms@254435038@25.44.35 (260800-831510661):9)
                                                                                                    	at bdnp.c(:com.google.android.gms@254435038@25.44.35 (260800-831510661):50)
                                                                                                    	at bdnp.run(:com.google.android.gms@254435038@25.44.35 (260800-831510661):73)
                                                                                                    	at java.util.concurrent.ThreadPoolExecutor.runWorker(ThreadPoolExecutor.java:1156)
                                                                                                    	at java.util.concurrent.ThreadPoolExecutor$Worker.run(ThreadPoolExecutor.java:651)
                                                                                                    	at bdtg.run(:com.google.android.gms@254435038@25.44.35 (260800-831510661):8)
                                                                                                    	at java.lang.Thread.run(Thread.java:1119)
                                                                                                    Caused by: android.os.RemoteException: Remote stack trace:
                                                                                                    	at com.android.server.wifi.WifiServiceImpl.getUsableChannels(WifiServiceImpl.java:8119)
                                                                                                    	at android.net.wifi.IWifiManager$Stub.onTransact(IWifiManager.java:3232)
                                                                                                    	at android.os.Binder.execTransactInternal(Binder.java:1426)
                                                                                                    	at android.os.Binder.execTransact(Binder.java:1365)
                                                                                                    
2025-11-18 00:33:29.306  6292-6365  NearbyMediums           com.google.android.gms.persistent    I  [DeviceCapabilities] Skip refreshing cached wifi channels because it is not supported (refreshCacheWifiChannelsRightAfterNetworkCallbackInvoked:true isWifiGetUsableChannelsSupported:false)
2025-11-18 00:33:29.307  6292-6367  NearbySharing           com.google.android.gms.persistent    I  Granted slice and uri permissions to com.google.android.apps.nbu.files
2025-11-18 00:33:29.311  6292-6367  NearbySharing           com.google.android.gms.persistent    I  com.google.android.gms.nearby.sharing.receive.SamsungQrCodeActivity enable=false
2025-11-18 00:33:29.321  6292-6292  NearbySharing           com.google.android.gms.persistent    I  ReceiveSurfaceService started
2025-11-18 00:33:29.321  6292-6292  NearbySharing           com.google.android.gms.persistent    I  SendSurfaceService started
2025-11-18 00:33:29.326  6292-6367  NearbySharing           com.google.android.gms.persistent    I  There is no account metadata, return default instance.
2025-11-18 00:33:29.328  6292-6367  NearbySharing           com.google.android.gms.persistent    I  Uwb feature is off.
2025-11-18 00:33:29.328  6292-6367  NearbySharing           com.google.android.gms.persistent    I  Uwb feature is off.
2025-11-18 00:33:29.329  6292-6367  NearbySharing           com.google.android.gms.persistent    I  Stopping scanning because Nearby Sharing is disabled.
2025-11-18 00:33:29.330  6292-6367  NearbySharing           com.google.android.gms.persistent    I  Stopping Fast Init advertisement because we're not scanning in the foreground.
2025-11-18 00:33:29.330  6292-6367  NearbySharing           com.google.android.gms.persistent    I  Stopping advertising because Nearby Sharing is disabled.
2025-11-18 00:33:29.332  6292-6367  NearbySharing           com.google.android.gms.persistent    I  There is no account metadata, return default instance.
2025-11-18 00:33:29.333  6292-6367  NearbySharing           com.google.android.gms.persistent    I  There is no account metadata, return default instance.
2025-11-18 00:33:29.333  6292-6367  NearbySharing           com.google.android.gms.persistent    I  Stopping FastInitiation scanning because visibility is hidden.
2025-11-18 00:33:29.334  6292-6367  NearbySharing           com.google.android.gms.persistent    I  Fast Initiation Scanning has stopped
2025-11-18 00:33:29.334  6292-6367  NearbySharing           com.google.android.gms.persistent    I  Dismissing HUN as there's no device nearby.
2025-11-18 00:33:29.337  6292-6367  NearbySharing           com.google.android.gms.persistent    I  Broadcasting NearbySharing state change.
2025-11-18 00:33:29.338   753-771   system_server           system_server                        I  Background concurrent mark compact GC freed 24MB AllocSpace bytes, 44(860KB) LOS objects, 44% free, 30MB/54MB, paused 4.421ms,1.643ms total 139.377ms
2025-11-18 00:33:29.338  6725-6750  .apps.wellbeing         com.google.android.apps.wellbeing    I  AssetManager2(0x75403d57a838) locale list changing from [] to [en-US]
2025-11-18 00:33:29.339  6292-6367  NearbySharing           com.google.android.gms.persistent    I  There is no account metadata, return default instance.
2025-11-18 00:33:29.341  6304-6770  Pay                     com.google.android.gms               W  Active account was null, notification task will be cancelled. [CONTEXT service_id=198 ]
2025-11-18 00:33:29.343  6725-6750  .apps.wellbeing         com.google.android.apps.wellbeing    I  AssetManager2(0x75403d584ab8) locale list changing from [] to [en-US]
2025-11-18 00:33:29.345  6725-6750  .apps.wellbeing         com.google.android.apps.wellbeing    I  AssetManager2(0x75403d581598) locale list changing from [] to [en-US]
2025-11-18 00:33:29.346  6292-6367  NearbySharing           com.google.android.gms.persistent    I  Broadcasting NearbySharing state change.
2025-11-18 00:33:29.351  6725-6750  .apps.wellbeing         com.google.android.apps.wellbeing    I  AssetManager2(0x75403d583e38) locale list changing from [] to [en-US]
2025-11-18 00:33:29.352  6292-6367  NearbySharing           com.google.android.gms.persistent    I  There is no account metadata, return default instance.
2025-11-18 00:33:29.352  6292-6367  NearbySharing           com.google.android.gms.persistent    I  There is no account metadata, return default instance.
2025-11-18 00:33:29.354  6292-6367  NearbySharing           com.google.android.gms.persistent    I  There is no account metadata, return default instance.
2025-11-18 00:33:29.355  6292-6367  NearbySharing           com.google.android.gms.persistent    I  Not allowed to auto turn on device settings.
2025-11-18 00:33:29.355  6292-6367  NearbySharing           com.google.android.gms.persistent    I  A ReceiveSurface(BACKGROUND) has been registered
2025-11-18 00:33:29.357  6292-6367  NearbySharing           com.google.android.gms.persistent    I  Stopping advertising because Nearby Sharing is disabled.
2025-11-18 00:33:29.357  6725-6750  .apps.wellbeing         com.google.android.apps.wellbeing    I  AssetManager2(0x75403d581278) locale list changing from [] to [en-US]
2025-11-18 00:33:29.358  6292-6367  NearbySharing           com.google.android.gms.persistent    I  There is no account metadata, return default instance.
2025-11-18 00:33:29.359  6725-6750  .apps.wellbeing         com.google.android.apps.wellbeing    I  AssetManager2(0x75403d57e078) locale list changing from [] to [en-US]
2025-11-18 00:33:29.360  6725-6750  .apps.wellbeing         com.google.android.apps.wellbeing    I  AssetManager2(0x75403d582858) locale list changing from [] to [en-US]
2025-11-18 00:33:29.361  6292-6367  NearbySharing           com.google.android.gms.persistent    I  There is no account metadata, return default instance.
2025-11-18 00:33:29.362  6292-6367  NearbySharing           com.google.android.gms.persistent    I  Stopping FastInitiation scanning because visibility is hidden.
2025-11-18 00:33:29.362  6725-6750  .apps.wellbeing         com.google.android.apps.wellbeing    I  AssetManager2(0x75403d57dd58) locale list changing from [] to [en-US]
2025-11-18 00:33:29.363  6292-6367  NearbySharing           com.google.android.gms.persistent    I  Fast Initiation Scanning has stopped
2025-11-18 00:33:29.363  6292-6367  NearbySharing           com.google.android.gms.persistent    I  Dismissing HUN as there's no device nearby.
2025-11-18 00:33:29.364  6304-6304  BoundBrokerSvc          com.google.android.gms               D  onBind: Intent { act=com.google.android.gms.audit.service.START dat=chimera-action:/... xflg=0x4 cmp=com.google.android.gms/.chimera.GmsBoundBrokerService }
2025-11-18 00:33:29.364  6304-6304  BoundBrokerSvc          com.google.android.gms               D  Loading bound service for intent: Intent { act=com.google.android.gms.audit.service.START dat=chimera-action:/... xflg=0x4 cmp=com.google.android.gms/.chimera.GmsBoundBrokerService }
2025-11-18 00:33:29.365  6292-6367  NearbySharing           com.google.android.gms.persistent    I  Broadcasting NearbySharing state change.
2025-11-18 00:33:29.365  6292-6367  NearbySharing           com.google.android.gms.persistent    I  There is no account metadata, return default instance.
2025-11-18 00:33:29.365  6292-6367  NearbySharing           com.google.android.gms.persistent    I  Not allowed to auto turn on device settings.
2025-11-18 00:33:29.365  6292-6367  NearbySharing           com.google.android.gms.persistent    I  A SendSurface(BACKGROUND) has been registered
2025-11-18 00:33:29.365  6292-6367  NearbySharing           com.google.android.gms.persistent    I  Uwb feature is off.
2025-11-18 00:33:29.365  6292-6367  NearbySharing           com.google.android.gms.persistent    I  Stopping scanning because Nearby Sharing is disabled.
2025-11-18 00:33:29.366  6292-6367  NearbySharing           com.google.android.gms.persistent    I  Stopping Fast Init advertisement because we're not scanning in the foreground.
2025-11-18 00:33:29.366  6292-6367  NearbySharing           com.google.android.gms.persistent    I  Stopping advertising because Nearby Sharing is disabled.
2025-11-18 00:33:29.366  6292-6367  NearbySharing           com.google.android.gms.persistent    I  There is no account metadata, return default instance.
2025-11-18 00:33:29.367  6292-6367  NearbySharing           com.google.android.gms.persistent    I  There is no account metadata, return default instance.
2025-11-18 00:33:29.367  6292-6367  NearbySharing           com.google.android.gms.persistent    I  Stopping FastInitiation scanning because visibility is hidden.
2025-11-18 00:33:29.367  6292-6367  NearbySharing           com.google.android.gms.persistent    I  Fast Initiation Scanning has stopped
2025-11-18 00:33:29.368  6292-6367  NearbySharing           com.google.android.gms.persistent    I  Dismissing HUN as there's no device nearby.
2025-11-18 00:33:29.368  6725-6750  .apps.wellbeing         com.google.android.apps.wellbeing    I  AssetManager2(0x75403d5837f8) locale list changing from [] to [en-US]
2025-11-18 00:33:29.369  6292-6367  NearbySharing           com.google.android.gms.persistent    I  Broadcasting NearbySharing state change.
2025-11-18 00:33:29.369  6292-6367  NearbySharing           com.google.android.gms.persistent    I  Broadcasting NearbySharing state change.
2025-11-18 00:33:29.370  6292-6367  NearbySharing           com.google.android.gms.persistent    I  There is no account metadata, return default instance.
2025-11-18 00:33:29.376  6725-6750  .apps.wellbeing         com.google.android.apps.wellbeing    I  AssetManager2(0x75403d57ecf8) locale list changing from [] to [en-US]
2025-11-18 00:33:29.376  6292-6810  NetworkScheduler.Stats  com.google.android.gms.persistent    I  (REDACTED) Task %s/%s started execution. cause:%s exec_start_elapsed_seconds: %s
2025-11-18 00:33:29.379  6725-6750  .apps.wellbeing         com.google.android.apps.wellbeing    I  AssetManager2(0x75403d584dd8) locale list changing from [] to [en-US]
2025-11-18 00:33:29.383  6304-6770  Pay                     com.google.android.gms               I  [SeTosMigration] walletJpEligibility is not enabled [CONTEXT service_id=198 ]
2025-11-18 00:33:29.384  6725-6750  .apps.wellbeing         com.google.android.apps.wellbeing    I  AssetManager2(0x75403d57e398) locale list changing from [] to [en-US]
2025-11-18 00:33:29.386  6725-6750  .apps.wellbeing         com.google.android.apps.wellbeing    I  AssetManager2(0x75403d581bd8) locale list changing from [] to [en-US]
2025-11-18 00:33:29.389  6725-6750  .apps.wellbeing         com.google.android.apps.wellbeing    I  AssetManager2(0x75403d582b78) locale list changing from [] to [en-US]
2025-11-18 00:33:29.391  6725-6750  .apps.wellbeing         com.google.android.apps.wellbeing    I  AssetManager2(0x75403d57f978) locale list changing from [] to [en-US]
2025-11-18 00:33:29.391  6304-6770  Pay                     com.google.android.gms               I  (REDACTED) Wallet install state %s
2025-11-18 00:33:29.391  6304-6770  Pay                     com.google.android.gms               I  Migration flag not enabled. [CONTEXT service_id=198 ]
2025-11-18 00:33:29.400  6292-6810  NetworkScheduler.Stats  com.google.android.gms.persistent    I  (REDACTED) Task %s/%s finished executing. cause:%s result: %s elapsed_millis: %s uptime_millis: %s exec_start_elapsed_seconds: %s
2025-11-18 00:33:29.401  6725-6750  .apps.wellbeing         com.google.android.apps.wellbeing    I  AssetManager2(0x75403d57f018) locale list changing from [] to [en-US]
2025-11-18 00:33:29.409  6292-6329  HeterodyneSyncScheduler com.google.android.gms.persistent    I  (REDACTED) Scheduling Phenotype for a %s(%d, %s) one off with window [%d, %d] in seconds
2025-11-18 00:33:29.411  6292-6329  HeterodyneSyncer        com.google.android.gms.persistent    I  (REDACTED) Removed %d invalid users
2025-11-18 00:33:29.412  6292-6444  NetworkScheduler.Stats  com.google.android.gms.persistent    I  (REDACTED) Task %s/%s started execution. cause:%s exec_start_elapsed_seconds: %s
2025-11-18 00:33:29.415  6304-6798  Pay                     com.google.android.gms               W  Active account was null, notification task will be cancelled. [CONTEXT service_id=198 ]
2025-11-18 00:33:29.422  6725-6750  .apps.wellbeing         com.google.android.apps.wellbeing    I  AssetManager2(0x75403d5805f8) locale list changing from [] to [en-US]
2025-11-18 00:33:29.422  6304-6798  AlarmManager            com.google.android.gms               I  set [name: SystemMemoryCache type: 2 triggerAtMillis: 315360275682 windowMillis: -1 intervalMillis: 0]
2025-11-18 00:33:29.433  6725-6750  .apps.wellbeing         com.google.android.apps.wellbeing    I  AssetManager2(0x75403d582e98) locale list changing from [] to [en-US]
2025-11-18 00:33:29.443  6725-6750  .apps.wellbeing         com.google.android.apps.wellbeing    I  AssetManager2(0x75403d5818b8) locale list changing from [] to [en-US]
2025-11-18 00:33:29.455  6725-6750  .apps.wellbeing         com.google.android.apps.wellbeing    I  AssetManager2(0x75403d584478) locale list changing from [] to [en-US]
2025-11-18 00:33:29.455  6304-6798  Pay                     com.google.android.gms               E  NfcAdapter is null while obtaining CardEmulation instance. [CONTEXT service_id=198 ]
2025-11-18 00:33:29.456  6304-6798  Pay                     com.google.android.gms               E  CardEmulation is null while checking aid registration. [CONTEXT service_id=198 ]
2025-11-18 00:33:29.456  6304-6798  Pay                     com.google.android.gms               I  Running in an emulator. Exiting without registering AIDs [CONTEXT service_id=198 ]
2025-11-18 00:33:29.461  6725-6750  .apps.wellbeing         com.google.android.apps.wellbeing    I  AssetManager2(0x75403d582218) locale list changing from [] to [en-US]
2025-11-18 00:33:29.464  6292-6444  NetworkScheduler.Stats  com.google.android.gms.persistent    I  (REDACTED) Task %s/%s finished executing. cause:%s result: %s elapsed_millis: %s uptime_millis: %s exec_start_elapsed_seconds: %s
2025-11-18 00:33:29.470  6725-6750  .apps.wellbeing         com.google.android.apps.wellbeing    I  AssetManager2(0x75403d584798) locale list changing from [] to [en-US]
2025-11-18 00:33:29.473  6725-6750  .apps.wellbeing         com.google.android.apps.wellbeing    I  AssetManager2(0x75403d5802d8) locale list changing from [] to [en-US]
2025-11-18 00:33:29.480  6725-6750  .apps.wellbeing         com.google.android.apps.wellbeing    I  AssetManager2(0x75403d58bb38) locale list changing from [] to [en-US]
2025-11-18 00:33:29.484  6292-6444  NetworkScheduler.Stats  com.google.android.gms.persistent    I  (REDACTED) Task %s/%s started execution. cause:%s exec_start_elapsed_seconds: %s
2025-11-18 00:33:29.486  6304-6770  Pay                     com.google.android.gms               W  Active account was null, notification task will be cancelled. [CONTEXT service_id=198 ]
2025-11-18 00:33:29.486  6304-6770  Pay                     com.google.android.gms               W  No account found on the task or the device. Notification task will not be rescheduled. [CONTEXT service_id=198 ]
2025-11-18 00:33:29.486  1955-1955  MediaProvider           com...ndroid.providers.media.module  I  Invalidating LocalCallingIdentity cache for package com.google.android.gms. Reason: package android.intent.action.PACKAGE_CHANGED
2025-11-18 00:33:29.490  6725-6750  .apps.wellbeing         com.google.android.apps.wellbeing    I  AssetManager2(0x75403d587998) locale list changing from [] to [en-US]
2025-11-18 00:33:29.491  6292-6812  NetworkScheduler.Stats  com.google.android.gms.persistent    I  (REDACTED) Task %s/%s finished executing. cause:%s result: %s elapsed_millis: %s uptime_millis: %s exec_start_elapsed_seconds: %s
2025-11-18 00:33:29.492  6304-6313  PeopleGalProvider       com.google.android.gms               I  Gal directories started.
2025-11-18 00:33:29.492  6304-6313  PeopleGalProvider       com.google.android.gms               I  Method 1 completed.
2025-11-18 00:33:29.492  6304-6313  PeopleGalProvider       com.google.android.gms               I  Method 1 finished successfully.
2025-11-18 00:33:29.501  6725-6750  .apps.wellbeing         com.google.android.apps.wellbeing    I  AssetManager2(0x75403d587358) locale list changing from [] to [en-US]
2025-11-18 00:33:29.506  6292-6444  NetworkScheduler.Stats  com.google.android.gms.persistent    I  (REDACTED) Task %s/%s started execution. cause:%s exec_start_elapsed_seconds: %s
2025-11-18 00:33:29.508  6304-6404  ModuleInitIntentOp      com.google.android.gms               W  Dropping unexpected action com.google.android.gms.phenotype.COMMITTED
2025-11-18 00:33:29.508  6304-6401  ModuleInitIntentOp      com.google.android.gms               W  Dropping unexpected action com.google.android.gms.phenotype.COMMITTED
2025-11-18 00:33:29.508  6304-6401  ModuleInitIntentOp      com.google.android.gms               W  Dropping unexpected action com.google.android.gms.phenotype.COMMITTED
2025-11-18 00:33:29.509  6304-6403  SyncIntentOperation     com.google.android.gms               I  (REDACTED) Handling the intent: %s.
2025-11-18 00:33:29.509  6304-6401  GestureExchange         com.google.android.gms               I  Gesture Exchange module is disabled. [CONTEXT service_id=451 ]
2025-11-18 00:33:29.509  6304-6404  AutofillFlagChangeInten com.google.android.gms               I  onHandleIntent() [CONTEXT service_id=177 ]
2025-11-18 00:33:29.510  6304-6399  MdiSyncModule           com.google.android.gms               I  flag handling is skipping irrelevant intent.
2025-11-18 00:33:29.510  6304-6399  ModuleInitIntentOp      com.google.android.gms               W  Dropping unexpected action com.google.android.gms.phenotype.COMMITTED
2025-11-18 00:33:29.510  6304-6404  MlBenchmarkInstaller    com.google.android.gms               I  (REDACTED) Intent: %s
2025-11-18 00:33:29.510  6304-6404  MlBenchmarkInstaller    com.google.android.gms               I  (REDACTED) COMMITTED Extra package name: %s
2025-11-18 00:33:29.510  6304-6400  GmsSyncPolicyEngine     com.google.android.gms               I  (REDACTED) Periodic sync %d disabled by policy, cancelled.
2025-11-18 00:33:29.511  6304-6400  GmsSyncPolicyEngine     com.google.android.gms               I  (REDACTED) Periodic sync %d disabled by policy, cancelled.
2025-11-18 00:33:29.511  6304-6400  GmsSyncPolicyEngine     com.google.android.gms               I  (REDACTED) Periodic sync %d disabled by policy, cancelled.
2025-11-18 00:33:29.511  6304-6404  LocationHistory         com.google.android.gms               I  (REDACTED) [IntentOperation] Handling action %s
2025-11-18 00:33:29.512  6292-6389  PTCommittedOperation    com.google.android.gms.persistent    I  Receive new configuration for com.google.android.gms.auth_api_early_update
2025-11-18 00:33:29.512  6292-6389  NearbyMediums           com.google.android.gms.persistent    I  ModuleInitializer handles incoming intent com.google.android.gms.phenotype.COMMITTED
2025-11-18 00:33:29.515  6725-6750  .apps.wellbeing         com.google.android.apps.wellbeing    I  AssetManager2(0x75403d587cb8) locale list changing from [] to [en-US]
2025-11-18 00:33:29.516  6292-6784  NetworkScheduler.Stats  com.google.android.gms.persistent    I  (REDACTED) Task %s/%s finished executing. cause:%s result: %s elapsed_millis: %s uptime_millis: %s exec_start_elapsed_seconds: %s
2025-11-18 00:33:29.517  6725-6750  .apps.wellbeing         com.google.android.apps.wellbeing    I  AssetManager2(0x75403d58be58) locale list changing from [] to [en-US]
2025-11-18 00:33:29.521  6725-6750  .apps.wellbeing         com.google.android.apps.wellbeing    I  AssetManager2(0x75403d588f78) locale list changing from [] to [en-US]
2025-11-18 00:33:29.522  6725-6750  .apps.wellbeing         com.google.android.apps.wellbeing    I  AssetManager2(0x75403d589bf8) locale list changing from [] to [en-US]
2025-11-18 00:33:29.523  6725-6750  .apps.wellbeing         com.google.android.apps.wellbeing    I  AssetManager2(0x75403d58cdf8) locale list changing from [] to [en-US]
2025-11-18 00:33:29.529  6292-6364  NetworkScheduler.Stats  com.google.android.gms.persistent    I  (REDACTED) Task %s/%s started execution. cause:%s exec_start_elapsed_seconds: %s
2025-11-18 00:33:29.532  6725-6750  .apps.wellbeing         com.google.android.apps.wellbeing    I  AssetManager2(0x75403d58c7b8) locale list changing from [] to [en-US]
2025-11-18 00:33:29.536  6725-6750  .apps.wellbeing         com.google.android.apps.wellbeing    I  AssetManager2(0x75403d585738) locale list changing from [] to [en-US]
2025-11-18 00:33:29.541  6292-6364  NetworkScheduler.Stats  com.google.android.gms.persistent    I  (REDACTED) Task %s/%s finished executing. cause:%s result: %s elapsed_millis: %s uptime_millis: %s exec_start_elapsed_seconds: %s
2025-11-18 00:33:29.542  6292-6390  Auth                    com.google.android.gms.persistent    I  [AuthManaged, PasswordComplexityHelperImpl] Updating password complexity components state.
2025-11-18 00:33:29.542  6292-6390  Auth                    com.google.android.gms.persistent    I  [AuthManaged, PasswordComplexityHelperImpl] Disabling com.google.android.gms.auth.managed.admin.DeviceAdminReceiver
2025-11-18 00:33:29.542  6292-6390  Auth                    com.google.android.gms.persistent    I  [AuthManaged, PasswordComplexityHelperImpl] Disabling com.google.android.gms.auth.managed.ui.SetNewPasswordActivity
2025-11-18 00:33:29.543  6725-6750  .apps.wellbeing         com.google.android.apps.wellbeing    I  AssetManager2(0x75403d58c178) locale list changing from [] to [en-US]
2025-11-18 00:33:29.550  6725-6750  .apps.wellbeing         com.google.android.apps.wellbeing    I  AssetManager2(0x75403d588618) locale list changing from [] to [en-US]
2025-11-18 00:33:29.553  6292-6321  fubv                    com.google.android.gms.persistent    I  (REDACTED) Shared storage file not found for %s
2025-11-18 00:33:29.553  6292-6321  fubv                    com.google.android.gms.persistent    I  (REDACTED) Unable to retrieve flag snapshot for %s, using defaults.
2025-11-18 00:33:29.555  6292-6851  FA-SVC                  com.google.android.gms.persistent    I  App measurement initialized, version: 254435
2025-11-18 00:33:29.558  6292-6810  NetworkScheduler.Stats  com.google.android.gms.persistent    I  (REDACTED) Task %s/%s started execution. cause:%s exec_start_elapsed_seconds: %s
2025-11-18 00:33:29.559  6725-6750  .apps.wellbeing         com.google.android.apps.wellbeing    I  AssetManager2(0x75403d58c498) locale list changing from [] to [en-US]
2025-11-18 00:33:29.567  6725-6750  .apps.wellbeing         com.google.android.apps.wellbeing    I  AssetManager2(0x75403d588938) locale list changing from [] to [en-US]
2025-11-18 00:33:29.575  6292-6387  PTCommittedOperation    com.google.android.gms.persistent    I  Receive new configuration for com.google.android.gms
2025-11-18 00:33:29.575  6292-6387  PTCommittedOperation    com.google.android.gms.persistent    I  Running Fixer Framework for com.google.android.gms
2025-11-18 00:33:29.580  6725-6750  .apps.wellbeing         com.google.android.apps.wellbeing    I  AssetManager2(0x75403d58d118) locale list changing from [] to [en-US]
2025-11-18 00:33:29.591  6292-6812  NetworkScheduler.Stats  com.google.android.gms.persistent    I  (REDACTED) Task %s/%s finished executing. cause:%s result: %s elapsed_millis: %s uptime_millis: %s exec_start_elapsed_seconds: %s
2025-11-18 00:33:29.591  6725-6750  .apps.wellbeing         com.google.android.apps.wellbeing    I  AssetManager2(0x75403d585a58) locale list changing from [] to [en-US]
2025-11-18 00:33:29.599  6725-6750  .apps.wellbeing         com.google.android.apps.wellbeing    I  AssetManager2(0x75403d58a878) locale list changing from [] to [en-US]
2025-11-18 00:33:29.604  6725-6750  .apps.wellbeing         com.google.android.apps.wellbeing    I  AssetManager2(0x75403d587fd8) locale list changing from [] to [en-US]
2025-11-18 00:33:29.606  6725-6750  .apps.wellbeing         com.google.android.apps.wellbeing    I  AssetManager2(0x75403d5869f8) locale list changing from [] to [en-US]
2025-11-18 00:33:29.607  6725-6750  .apps.wellbeing         com.google.android.apps.wellbeing    I  AssetManager2(0x75403d5863b8) locale list changing from [] to [en-US]
2025-11-18 00:33:29.617  6725-6750  .apps.wellbeing         com.google.android.apps.wellbeing    I  AssetManager2(0x75403d587678) locale list changing from [] to [en-US]
2025-11-18 00:33:29.625  6725-6750  .apps.wellbeing         com.google.android.apps.wellbeing    I  AssetManager2(0x75403d58b1d8) locale list changing from [] to [en-US]
2025-11-18 00:33:29.627  6725-6750  .apps.wellbeing         com.google.android.apps.wellbeing    I  AssetManager2(0x75403d5895b8) locale list changing from [] to [en-US]
2025-11-18 00:33:29.629  6725-6750  .apps.wellbeing         com.google.android.apps.wellbeing    I  AssetManager2(0x75403d58a238) locale list changing from [] to [en-US]
2025-11-18 00:33:29.631  6725-6750  .apps.wellbeing         com.google.android.apps.wellbeing    I  AssetManager2(0x75403d5898d8) locale list changing from [] to [en-US]
2025-11-18 00:33:29.633  6304-6409  GmsThreadNetwork        com.google.android.gms               I  [ThreadNetworkModuleInitIntentOperation] phenotype flags updated [CONTEXT service_id=305 ]
2025-11-18 00:33:29.634  6304-6409  GmsThreadNetwork        com.google.android.gms               I  (REDACTED) [ThreadNetworkModuleInitIntentOperation] Enable component %s
2025-11-18 00:33:29.634  6304-6409  GmsThreadNetwork        com.google.android.gms               I  (REDACTED) [BorderRouterSynchronizer] Scheduled periodic Border Router sync task: %s
2025-11-18 00:33:29.635  6304-6409  GmsThreadNetwork        com.google.android.gms               W  [ThreadNetworkModuleInitIntentOperation] Skip joining preferred or random network: flag disabled [CONTEXT service_id=305 ]
2025-11-18 00:33:29.636  6725-6750  .apps.wellbeing         com.google.android.apps.wellbeing    I  AssetManager2(0x75403d589298) locale list changing from [] to [en-US]
2025-11-18 00:33:29.639  6725-6750  .apps.wellbeing         com.google.android.apps.wellbeing    I  AssetManager2(0x75403d592bb8) locale list changing from [] to [en-US]
2025-11-18 00:33:29.641  6725-6750  .apps.wellbeing         com.google.android.apps.wellbeing    I  AssetManager2(0x75403d5912b8) locale list changing from [] to [en-US]
2025-11-18 00:33:29.647  6304-6401  PhenotypeChangedIntOp   com.google.android.gms               I  New flags committed. [CONTEXT service_id=247 ]
2025-11-18 00:33:29.648  6304-6304  MdmInitializer          com.google.android.gms               I  Updated FMD enabled state successfully. [CONTEXT service_id=247 ]
2025-11-18 00:33:29.650  6304-6423  ChangeFmdSettings       com.google.android.gms               I  FMD on [CONTEXT service_id=284 ]
2025-11-18 00:33:29.652  6304-6348  GmsDebugLogger          com.google.android.gms               I  [110] 5
2025-11-18 00:33:29.656  6292-6850  WearableService         com.google.android.gms.persistent    W  onGetService: Wear is not available on this device.
2025-11-18 00:33:29.658   753-1231  Background...rolService system_server                        D  Package event received: 0
2025-11-18 00:33:29.658   753-1231  Background...rolService system_server                        D  Package event received: 0
2025-11-18 00:33:29.658   753-1231  Background...rolService system_server                        D  Package event received: 0
2025-11-18 00:33:29.661  6725-6750  .apps.wellbeing         com.google.android.apps.wellbeing    I  AssetManager2(0x75403d58e3d8) locale list changing from [] to [en-US]
2025-11-18 00:33:29.667  6725-6750  .apps.wellbeing         com.google.android.apps.wellbeing    I  AssetManager2(0x75403d58e6f8) locale list changing from [] to [en-US]
2025-11-18 00:33:29.673  6725-6750  .apps.wellbeing         com.google.android.apps.wellbeing    I  AssetManager2(0x75403d586d18) locale list changing from [] to [en-US]
2025-11-18 00:33:29.676  6304-6348  Configuration           com.google.android.gms               V  Updating configuration, locales updated from [] to [en_US]
2025-11-18 00:33:29.676  6304-6348  gle.android.gms         com.google.android.gms               I  AssetManager2(0x75403d57dd58) locale list changing from [] to [en-US]
2025-11-18 00:33:29.676  6725-6750  .apps.wellbeing         com.google.android.apps.wellbeing    I  AssetManager2(0x75403d591c18) locale list changing from [] to [en-US]
2025-11-18 00:33:29.677  6304-6348  ProviderHelper          com.google.android.gms               W  Unknown dynamite feature providerinstaller.dynamite
2025-11-18 00:33:29.677  6304-6348  DynamiteModule          com.google.android.gms               I  Considering local module com.google.android.gms.providerinstaller.dynamite:1 and remote module com.google.android.gms.providerinstaller.dynamite:0
2025-11-18 00:33:29.677  6304-6348  DynamiteModule          com.google.android.gms               I  Selected local version of com.google.android.gms.providerinstaller.dynamite
2025-11-18 00:33:29.680  6725-6750  .apps.wellbeing         com.google.android.apps.wellbeing    I  AssetManager2(0x75403d593838) locale list changing from [] to [en-US]
2025-11-18 00:33:29.682  6725-6750  .apps.wellbeing         com.google.android.apps.wellbeing    I  AssetManager2(0x75403d592ed8) locale list changing from [] to [en-US]
2025-11-18 00:33:29.686  6304-6348  GmsDebugLogger          com.google.android.gms               I  [20] [Appsearch.optional:254435100800]
2025-11-18 00:33:29.687  6725-6750  .apps.wellbeing         com.google.android.apps.wellbeing    I  AssetManager2(0x75403d594198) locale list changing from [] to [en-US]
2025-11-18 00:33:29.690  6725-6750  .apps.wellbeing         com.google.android.apps.wellbeing    I  AssetManager2(0x75403d593518) locale list changing from [] to [en-US]
2025-11-18 00:33:29.691  6725-6750  .apps.wellbeing         com.google.android.apps.wellbeing    I  AssetManager2(0x75403d5918f8) locale list changing from [] to [en-US]
2025-11-18 00:33:29.696  6725-6750  .apps.wellbeing         com.google.android.apps.wellbeing    I  AssetManager2(0x75403d590638) locale list changing from [] to [en-US]
2025-11-18 00:33:29.706   753-2444  OomAdjuster             system_server                        D  Not killing cached processes
2025-11-18 00:33:29.707  6304-6348  ChimeraConfigurator     com.google.android.gms               I  Update complete: success
2025-11-18 00:33:29.716  6304-6348  GmsModuleFndr           com.google.android.gms               I  Beginning GMS chimera module scan
2025-11-18 00:33:29.718  6304-6348  ModuleSetResolution     com.google.android.gms               I  Computing pending module set with APKs: [[Appsearch.optional:250834100800], [Appsearch.optional:254435100800], [MapsCoreDynamite.integ:245125201100800], [MlkitBarcodeUi.optional:250834100800], [MlkitBarcodeUi.optional:254435100800], [PlayCloudSearch.optional:250834100000], [TfliteDynamiteDynamite.integ:243930801100800], [TfliteDynamiteDynamite.integ:243930802100800], [VisionBarcode.optional:250834100800], [Wasmlibs.optional:250834100800], [AdsFdrDynamite.integ:253405700100000], [Cronetdynamite:254435260800], [Dynamiteloader:254435260000], [Dynamitemodulesa:254435260000], [Dynamitemodulesc:254435260000], [Googlecertificates:254435260000], [Mapsdynamite:254435260000], [Measurementdynamite:254435260000]]
2025-11-18 00:33:29.719  6725-6750  .apps.wellbeing         com.google.android.apps.wellbeing    I  AssetManager2(0x75403d58d758) locale list changing from [] to [en-US]
2025-11-18 00:33:29.721  6304-6348  ModuleSetResolution     com.google.android.gms               I  Pending container module APKs: [[Appsearch.optional:254435100800], [TfliteDynamiteDynamite.integ:243930802100800]]
2025-11-18 00:33:29.722  6304-6348  ModuleSetResolution     com.google.android.gms               I  Pending non-container module APKs: []
2025-11-18 00:33:29.725  6304-6348  Configuration           com.google.android.gms               V  Updating configuration, locales updated from [] to [en_US]
2025-11-18 00:33:29.726  6304-6348  gle.android.gms         com.google.android.gms               I  AssetManager2(0x75403d57dd58) locale list changing from [] to [en-US]
2025-11-18 00:33:29.726  6725-6750  .apps.wellbeing         com.google.android.apps.wellbeing    I  AssetManager2(0x75403d58fcd8) locale list changing from [] to [en-US]
2025-11-18 00:33:29.728  6304-6348  Configuration           com.google.android.gms               V  Updating configuration, locales updated from [] to [en_US]
2025-11-18 00:33:29.728  6304-6348  gle.android.gms         com.google.android.gms               I  AssetManager2(0x75403d57dd58) locale list changing from [] to [en-US]
2025-11-18 00:33:29.729  6304-6348  ChimeraCfgMgr           com.google.android.gms               I  APKs changed, regenerating config
2025-11-18 00:33:29.748  6304-6407  ModuleInitIntentOp      com.google.android.gms               W  Dropping unexpected action com.google.android.gms.phenotype.COMMITTED
2025-11-18 00:33:29.749  6304-6304  NearbySharing           com.google.android.gms               I  Invalidate tile state due to state change.
2025-11-18 00:33:29.749  6304-6304  NearbySharing           com.google.android.gms               I  Invalidate tile state due to state change.
2025-11-18 00:33:29.749  6304-6304  NearbySharing           com.google.android.gms               I  Invalidate tile state due to state change.
2025-11-18 00:33:29.750  6304-6304  NearbySharing           com.google.android.gms               I  Invalidate tile state due to state change.
2025-11-18 00:33:29.750  6304-6304  NearbySharing           com.google.android.gms               I  Invalidate tile state due to state change.
2025-11-18 00:33:29.750  6304-6304  NearbySharing           com.google.android.gms               I  Invalidate tile state due to state change.
2025-11-18 00:33:29.750  6304-6403  ModuleInitIntentOp      com.google.android.gms               W  Dropping unexpected action com.google.android.gms.phenotype.COMMITTED
2025-11-18 00:33:29.753  6304-6399  AutofillFlagChangeInten com.google.android.gms               I  onHandleIntent() [CONTEXT service_id=177 ]
2025-11-18 00:33:29.753  6292-6355  NearbySharing           com.google.android.gms.persistent    I  There is no account metadata, return default instance.
2025-11-18 00:33:29.753  6292-6355  NearbySharing           com.google.android.gms.persistent    I  There is no account metadata, return default instance.
2025-11-18 00:33:29.754  6304-6399  SyncIntentOperation     com.google.android.gms               I  (REDACTED) Handling the intent: %s.
2025-11-18 00:33:29.754  6304-6407  ModuleInitIntentOp      com.google.android.gms               W  Dropping unexpected action com.google.android.gms.phenotype.COMMITTED
2025-11-18 00:33:29.755  6292-6389  PTCommittedOperation    com.google.android.gms.persistent    I  Receive new configuration for com.google.android.gms.credential_manager
2025-11-18 00:33:29.755  6304-6399  GestureExchange         com.google.android.gms               I  Gesture Exchange module is disabled. [CONTEXT service_id=451 ]
2025-11-18 00:33:29.756  6292-6355  NearbySharing           com.google.android.gms.persistent    I  There is no account metadata, return default instance.
2025-11-18 00:33:29.757  6292-6387  NearbyMediums           com.google.android.gms.persistent    I  ModuleInitializer handles incoming intent com.google.android.gms.phenotype.COMMITTED
2025-11-18 00:33:29.758  6292-6418  NearbySharing           com.google.android.gms.persistent    I  There is no account metadata, return default instance.
2025-11-18 00:33:29.759  6292-6418  NearbySharing           com.google.android.gms.persistent    I  There is no account metadata, return default instance.
2025-11-18 00:33:29.759  6292-6418  NearbySharing           com.google.android.gms.persistent    I  There is no account metadata, return default instance.
2025-11-18 00:33:29.760  6304-6401  MlBenchmarkInstaller    com.google.android.gms               I  (REDACTED) Intent: %s
2025-11-18 00:33:29.760  6304-6401  MlBenchmarkInstaller    com.google.android.gms               I  (REDACTED) COMMITTED Extra package name: %s
2025-11-18 00:33:29.761  6304-6400  MdiSyncModule           com.google.android.gms               I  flag handling is skipping irrelevant intent.
2025-11-18 00:33:29.761  6304-6400  GmsSyncPolicyEngine     com.google.android.gms               I  (REDACTED) Periodic sync %d disabled by policy, cancelled.
2025-11-18 00:33:29.761  6304-6400  GmsSyncPolicyEngine     com.google.android.gms               I  (REDACTED) Periodic sync %d disabled by policy, cancelled.
2025-11-18 00:33:29.761  6304-6400  GmsSyncPolicyEngine     com.google.android.gms               I  (REDACTED) Periodic sync %d disabled by policy, cancelled.
2025-11-18 00:33:29.761  6304-6400  LocationHistory         com.google.android.gms               I  (REDACTED) [IntentOperation] Handling action %s
2025-11-18 00:33:29.762  6304-6403  ModuleInitIntentOp      com.google.android.gms               W  Dropping unexpected action com.google.android.gms.phenotype.COMMITTED
2025-11-18 00:33:29.769  6725-6750  .apps.wellbeing         com.google.android.apps.wellbeing    I  AssetManager2(0x75403d58fff8) locale list changing from [] to [en-US]
2025-11-18 00:33:29.771  6725-6750  .apps.wellbeing         com.google.android.apps.wellbeing    I  AssetManager2(0x75403d58d438) locale list changing from [] to [en-US]
2025-11-18 00:33:29.780  6725-6750  .apps.wellbeing         com.google.android.apps.wellbeing    I  AssetManager2(0x75403d593b58) locale list changing from [] to [en-US]
2025-11-18 00:33:29.781  6304-6348  ChimeraCfgMgr           com.google.android.gms               I  Updating module config: container:2544359260800+tflite_dynamite -> container:2544359260800+appsearch_impl+tflite_dynamite
2025-11-18 00:33:29.782  6304-6348  DowngradeHelper         com.google.android.gms               E  isModuleDowngradeRequired false
2025-11-18 00:33:29.786  6725-6750  .apps.wellbeing         com.google.android.apps.wellbeing    I  AssetManager2(0x75403d5947d8) locale list changing from [] to [en-US]
2025-11-18 00:33:29.790  6725-6750  .apps.wellbeing         com.google.android.apps.wellbeing    I  AssetManager2(0x75403d593e78) locale list changing from [] to [en-US]
2025-11-18 00:33:29.793  6725-6750  .apps.wellbeing         com.google.android.apps.wellbeing    I  AssetManager2(0x75403d592898) locale list changing from [] to [en-US]
2025-11-18 00:33:29.794  6725-6750  .apps.wellbeing         com.google.android.apps.wellbeing    I  AssetManager2(0x75403d58dd98) locale list changing from [] to [en-US]
2025-11-18 00:33:29.795  6725-6750  .apps.wellbeing         com.google.android.apps.wellbeing    I  AssetManager2(0x75403d590318) locale list changing from [] to [en-US]
2025-11-18 00:33:29.807  6304-6348  NewModuleHelper         com.google.android.gms               I  Sending com.google.android.chimera.IntentOperation.NEW_MODULE Container service: com.google.android.gms.chimera.GmsIntentOperationService Intents: 1,false,true
2025-11-18 00:33:29.809  6304-6348  GmsDebugLogger          com.google.android.gms               I  [46] container:2544359260800+tflite_dynamite
2025-11-18 00:33:29.810  6304-6348  ChimeraConfigurator     com.google.android.gms               I  Checking 1 listeners. All downloaded: false
2025-11-18 00:33:29.811  6304-6405  AutofillFlagChangeInten com.google.android.gms               I  onHandleIntent() [CONTEXT service_id=177 ]
2025-11-18 00:33:29.811  6304-6348  GmsDebugLogger          com.google.android.gms               I  [55] 
2025-11-18 00:33:29.812  6304-6770  GmsSyncPolicyEngine     com.google.android.gms               I  (REDACTED) Periodic sync %d disabled by policy, cancelled.
2025-11-18 00:33:29.813  6304-6405  AutofillImeRegisterTask com.google.android.gms               I  cancelTask(): AutofillImeRegisterTask cancelled [CONTEXT service_id=177 ]
2025-11-18 00:33:29.818   753-1231  Background...rolService system_server                        D  Package event received: 0
2025-11-18 00:33:29.818   753-1231  Background...rolService system_server                        D  Package event received: 0
2025-11-18 00:33:29.819   753-1231  Background...rolService system_server                        D  Package event received: 0
2025-11-18 00:33:29.821  6304-6304  Google Maps Android API com.google.android.gms               I  maps_core feature request succeeded. [CONTEXT service_id=71 ]
2025-11-18 00:33:29.825  6725-6750  .apps.wellbeing         com.google.android.apps.wellbeing    I  AssetManager2(0x75403d5931f8) locale list changing from [] to [en-US]
2025-11-18 00:33:29.826  6428-6443  Finsky                  com.android.vending                  I  [42] Module info request for [{MlkitOcrCommon.optional:254435100800:},{VisionOcr.optional:254435100000:}] modules from package com.google.android.gms v=254435038 hasAccount:false authEnabled:false
2025-11-18 00:33:29.830  6725-6750  .apps.wellbeing         com.google.android.apps.wellbeing    I  AssetManager2(0x75403d58f378) locale list changing from [] to [en-US]
2025-11-18 00:33:29.837  6725-6750  .apps.wellbeing         com.google.android.apps.wellbeing    I  AssetManager2(0x75403d5915d8) locale list changing from [] to [en-US]
2025-11-18 00:33:29.838  6304-6403  gle.android.gms         com.google.android.gms               I  AssetManager2(0x75403d57dd58) locale list changing from [] to [en-US]
2025-11-18 00:33:29.838  6304-6403  gle.android.gms         com.google.android.gms               I  AssetManager2(0x75403d584158) locale list changing from [] to [en-US]
2025-11-18 00:33:29.844  6725-6750  .apps.wellbeing         com.google.android.apps.wellbeing    I  AssetManager2(0x75403d599918) locale list changing from [] to [en-US]
2025-11-18 00:33:29.847  6292-6384  PTCommittedOperation    com.google.android.gms.persistent    I  Receive new configuration for com.google.android.gms.cast
2025-11-18 00:33:29.847  6292-6386  NearbyMediums           com.google.android.gms.persistent    I  ModuleInitializer handles incoming intent com.google.android.gms.phenotype.COMMITTED
2025-11-18 00:33:29.860  6725-6750  .apps.wellbeing         com.google.android.apps.wellbeing    I  AssetManager2(0x75403d590c78) locale list changing from [] to [en-US]
2025-11-18 00:33:29.865  6725-6750  .apps.wellbeing         com.google.android.apps.wellbeing    I  AssetManager2(0x75403d59b858) locale list changing from [] to [en-US]
2025-11-18 00:33:29.867   753-1249  BiometricService        system_server                        D  canAuthenticate: User=0, Caller=0, Authenticators=255
2025-11-18 00:33:29.868   753-1249  BiometricS...reAuthInfo system_server                        D  Package: com.google.android.gms Sensor ID: 0 Modality: 2 User id: 0 Status: 7
2025-11-18 00:33:29.868   753-1249  BiometricS...reAuthInfo system_server                        D  getCanAuthenticateInternal Modality: 2 AuthenticatorStatus: 7
