2025-12-09 15:59:20.913  3459-3459  SmsApplication          pid-3459                             W  com.android.providers.telephony does not have OP_WRITE_SMS:  (fixing)
2025-12-09 15:59:20.913  1565-3363  AppOpService            pid-1565                             W  Ignored setUidMode call for runtime permission app op: uid = 1001001, code = READ_SMS, mode = allow, callingUid = 1001, oldMode = allow
2025-12-09 15:59:20.914 25141-25616 ndroid.settings         pid-25141                            W  ApkAssets: Deleting an ApkAssets object '<empty> and /tr_preload/operator/app/ShopeeTH/ShopeeTH.apk' with 1 weak references
2025-12-09 15:59:20.914 25141-25616 ndroid.settings         pid-25141                            W  ApkAssets: Deleting an ApkAssets object '<empty> and /tr_preload/operator/app/FacebookStub/FacebookStub.apk' with 1 weak references
2025-12-09 15:59:20.914 18409-18491 MMKV                    pid-18409                            I  <MMKV.cpp:1174::sync> MMKV::sync, SyncFlag = 0
2025-12-09 15:59:20.915 25141-25616 ndroid.settings         pid-25141                            W  ApkAssets: Deleting an ApkAssets object '<empty> and /product/operator/app/Videos/Videos.apk' with 1 weak references
2025-12-09 15:59:20.915 18409-18491 MMKV                    pid-18409                            I  <MMKV.cpp:1174::sync> MMKV::sync, SyncFlag = 0
2025-12-09 15:59:20.915  1565-3363  AppOpService            pid-1565                             W  Ignored setUidMode call for runtime permission app op: uid = 1001001, code = RECEIVE_SMS, mode = allow, callingUid = 1001, oldMode = allow
2025-12-09 15:59:20.916 25141-25616 ndroid.settings         pid-25141                            W  ApkAssets: Deleting an ApkAssets object '<empty> and /product/operator/app/Weather/Weather.apk' with 1 weak references
2025-12-09 15:59:20.918 25141-25616 ndroid.settings         pid-25141                            W  ApkAssets: Deleting an ApkAssets object '<empty> and /product/operator/app/TranssionTips/TranssionTips.apk' with 1 weak references
2025-12-09 15:59:20.920  1565-3730  LocationManagerService  pid-1565                             D  registration onActive from uid: 1000 package: com.android.settings
2025-12-09 15:59:20.922  1565-3363  AppOpService            pid-1565                             W  Ignored setUidMode call for runtime permission app op: uid = 1001001, code = RECEIVE_WAP_PUSH, mode = allow, callingUid = 1001, oldMode = allow
2025-12-09 15:59:20.923  1565-3363  AppOpService            pid-1565                             W  Ignored setUidMode call for runtime permission app op: uid = 1001001, code = SEND_SMS, mode = allow, callingUid = 1001, oldMode = allow
2025-12-09 15:59:20.923  1565-1999  JobSchedul...oncurrency pid-1565                             E  Error executing JobStatus{36cd950 #u0a146/555 com.transsion.plat.appupdate/com.transsion.appupdate.service.AppUpdateJobService u=0 s=10146 TIME=-2m32s707ms:+1h57m12s293ms NET PERSISTED READY}
2025-12-09 15:59:20.923  1565-3363  AppOpService            pid-1565                             W  Ignored setUidMode call for runtime permission app op: uid = 1001001, code = READ_CELL_BROADCASTS, mode = allow, callingUid = 1001, oldMode = allow
2025-12-09 15:59:20.923  3459-3459  CellBroadcastUtils      pid-3459                             E  getDefaultCellBroadcastReceiverPackageName: no package found
2025-12-09 15:59:20.924  3459-3459  SmsApplication          pid-3459                             W  com.transsion.cloudserver does not have OP_WRITE_SMS:  (fixing)
2025-12-09 15:59:20.924  1565-5259  AppOpService            pid-1565                             W  Ignored setUidMode call for runtime permission app op: uid = 1010155, code = READ_SMS, mode = allow, callingUid = 1001, oldMode = allow
2025-12-09 15:59:20.925  1565-3363  AppOpService            pid-1565                             W  Ignored setUidMode call for runtime permission app op: uid = 1010155, code = RECEIVE_SMS, mode = allow, callingUid = 1001, oldMode = allow
2025-12-09 15:59:20.925  1565-5259  AppOpService            pid-1565                             W  Ignored setUidMode call for runtime permission app op: uid = 1010155, code = RECEIVE_WAP_PUSH, mode = allow, callingUid = 1001, oldMode = allow
2025-12-09 15:59:20.926  1565-5259  AppOpService            pid-1565                             W  Ignored setUidMode call for runtime permission app op: uid = 1010155, code = SEND_SMS, mode = allow, callingUid = 1001, oldMode = allow
2025-12-09 15:59:20.926 25141-25616 ndroid.settings         pid-25141                            W  ApkAssets: Deleting an ApkAssets object '<empty> and /product/operator/app/Drive/Drive.apk' with 1 weak references
2025-12-09 15:59:20.927  1565-1565  JobServiceContext       pid-1565                             E  Binding died for 10:com.android.vending
2025-12-09 15:59:20.927 25141-25616 ndroid.settings         pid-25141                            W  ApkAssets: Deleting an ApkAssets object '<empty> and /product/operator/app/OSFileManager/OSFileManager.apk' with 1 weak references
2025-12-09 15:59:20.927  1565-5259  AppOpService            pid-1565                             W  Ignored setUidMode call for runtime permission app op: uid = 1010155, code = READ_CELL_BROADCASTS, mode = allow, callingUid = 1001, oldMode = allow
2025-12-09 15:59:20.927 25141-25616 ndroid.settings         pid-25141                            W  ApkAssets: Deleting an ApkAssets object '<empty> and /apex/com.android.tethering/priv-app/ServiceConnectivityResourcesGoogle@351510080/ServiceConnectivityResourcesGoogle.apk' with 1 weak references
2025-12-09 15:59:20.928 25141-25616 ndroid.settings         pid-25141                            W  ApkAssets: Deleting an ApkAssets object '<empty> and /apex/com.android.cellbroadcast/priv-app/GoogleCellBroadcastApp@351511000/GoogleCellBroadcastApp.apk' with 1 weak references
2025-12-09 15:59:20.928  1565-5259  AppOpService            pid-1565                             W  Ignored setUidMode call for runtime permission app op: uid = 1001, code = READ_SMS, mode = allow, callingUid = 1001, oldMode = allow
2025-12-09 15:59:20.929  1565-5259  AppOpService            pid-1565                             W  Ignored setUidMode call for runtime permission app op: uid = 1001, code = RECEIVE_SMS, mode = allow, callingUid = 1001, oldMode = allow
2025-12-09 15:59:20.929  1565-1657  ApplicationHelper       pid-1565                             E  Fail to get PackageManager
2025-12-09 15:59:20.930  1565-5259  AppOpService            pid-1565                             W  Ignored setUidMode call for runtime permission app op: uid = 1001, code = RECEIVE_WAP_PUSH, mode = allow, callingUid = 1001, oldMode = allow
2025-12-09 15:59:20.931  1565-5259  AppOpService            pid-1565                             W  Ignored setUidMode call for runtime permission app op: uid = 1001, code = SEND_SMS, mode = allow, callingUid = 1001, oldMode = allow
2025-12-09 15:59:20.933  1565-5259  AppOpService            pid-1565                             W  Ignored setUidMode call for runtime permission app op: uid = 1001, code = READ_CELL_BROADCASTS, mode = allow, callingUid = 1001, oldMode = allow
2025-12-09 15:59:20.934 25141-25616 ndroid.settings         pid-25141                            W  ApkAssets: Deleting an ApkAssets object '<empty> and /apex/com.android.rkpd/priv-app/rkpdapp.google@351310000/rkpdapp.google.apk' with 1 weak references
2025-12-09 15:59:20.935 25141-25616 ndroid.settings         pid-25141                            W  ApkAssets: Deleting an ApkAssets object '<empty> and /tr_product/app/CalendarGoogle/CalendarGoogle.apk' with 1 weak references
2025-12-09 15:59:20.936 25141-25616 ndroid.settings         pid-25141                            W  ApkAssets: Deleting an ApkAssets object '<empty> and /tr_preload/app/MetaAppManager/MetaAppManager.apk' with 1 weak references
2025-12-09 15:59:20.937 25141-25616 ndroid.settings         pid-25141                            W  ApkAssets: Deleting an ApkAssets object '<empty> and /tr_preload/priv-app/PalmStore/PalmStore.apk' with 1 weak references
2025-12-09 15:59:20.938 25141-25616 ndroid.settings         pid-25141                            W  ApkAssets: Deleting an ApkAssets object '<empty> and /tr_preload/priv-app/MetaAppInstaller/MetaAppInstaller.apk' with 1 weak references
2025-12-09 15:59:20.938 25141-25616 ndroid.settings         pid-25141                            W  ApkAssets: Deleting an ApkAssets object '<empty> and /system_ext/app/palmid_os15_mr1/palmid_os15_mr1.apk' with 1 weak references
2025-12-09 15:59:20.939 25141-25616 ndroid.settings         pid-25141                            W  ApkAssets: Deleting an ApkAssets object '<empty> and /system_ext/app/TranNecessity/TranNecessity.apk' with 1 weak references
2025-12-09 15:59:20.940 25141-25616 ndroid.settings         pid-25141                            W  ApkAssets: Deleting an ApkAssets object '<empty> and /system_ext/app/MagazineService/MagazineService.apk' with 1 weak references
2025-12-09 15:59:20.940 25141-25616 ndroid.settings         pid-25141                            W  ApkAssets: Deleting an ApkAssets object '<empty> and /system_ext/priv-app/CloudServer/CloudServer.apk' with 1 weak references
2025-12-09 15:59:20.941  4639-4639  MediaProvider           pid-4639                             W  WorkProfileOwnerApps cache is empty
2025-12-09 15:59:20.941  4639-4639  PickerSyncLockManager   pid-4639                             D  Trying to acquire lock com.android.providers.media.photopicker.sync.CloseableReentrantLock@6808032[Unlocked]. Lock Name = CLOUD_PROVIDER_LOCK. Threads that may be waiting to acquire this lock = []
2025-12-09 15:59:20.941  4639-4639  CloseableReentrantLock  pid-4639                             D  Successfully acquired lock com.android.providers.media.photopicker.sync.CloseableReentrantLock@6808032[Locked by thread main]. Lock Name = CLOUD_PROVIDER_LOCK. Threads that may be waiting to acquire this lock = []
2025-12-09 15:59:20.941  4639-4639  CloseableReentrantLock  pid-4639                             D  Successfully released lock com.android.providers.media.photopicker.sync.CloseableReentrantLock@6808032[Unlocked]. Lock Name = CLOUD_PROVIDER_LOCK. Threads that may be waiting to acquire this lock = []
2025-12-09 15:59:20.941 25141-25616 ndroid.settings         pid-25141                            W  ApkAssets: Deleting an ApkAssets object '<empty> and /system_ext/priv-app/GlobalSearch/GlobalSearch.apk' with 1 weak references
2025-12-09 15:59:20.942 25141-25616 ndroid.settings         pid-25141                            W  ApkAssets: Deleting an ApkAssets object '<empty> and /product/app/pictorial_011_012/pictorial_011_012.apk' with 1 weak references
2025-12-09 15:59:20.943 25141-25616 ndroid.settings         pid-25141                            W  ApkAssets: Deleting an ApkAssets object '<empty> and /product/app/Photos/Photos.apk' with 1 weak references
2025-12-09 15:59:20.943 25141-25616 ndroid.settings         pid-25141                            W  ApkAssets: Deleting an ApkAssets object '<empty> and /product/app/Maps/Maps.apk' with 1 weak references
2025-12-09 15:59:20.944 25141-25616 ndroid.settings         pid-25141                            W  ApkAssets: Deleting an ApkAssets object '<empty> and /product/app/Gmail2/Gmail2.apk' with 1 weak references
2025-12-09 15:59:20.945 25141-25616 ndroid.settings         pid-25141                            W  ApkAssets: Deleting an ApkAssets object '<empty> and /product/app/Chrome/Chrome.apk' with 1 weak references
2025-12-09 15:59:20.946 25141-25616 ndroid.settings         pid-25141                            W  ApkAssets: Deleting an ApkAssets object '<empty> and /product/app/TrichromeLibrary/TrichromeLibrary.apk' with 1 weak references
2025-12-09 15:59:20.946  4727-5528  Registered...onentCache pid-4727                             I  New Components => 
2025-12-09 15:59:20.946  4727-5528  Registered...onentCache pid-4727                             I  ComponentInfo: ResolveInfo{e76353a com.transsion.settings.nfc/com.transsion.nfc.wallet.TranWalletCardEnterActivity m=0x108000 userHandle=UserHandle{0}}, techs: android.nfc.tech.MifareClassic, 
2025-12-09 15:59:20.946  4727-5528  Registered...onentCache pid-4727                             I  ComponentInfo: ResolveInfo{e76353a com.transsion.settings.nfc/com.transsion.nfc.wallet.TranWalletCardEnterActivity m=0x108000 userHandle=UserHandle{0}}, techs: android.nfc.tech.MifareUltralight, 
2025-12-09 15:59:20.946  4727-5528  Registered...onentCache pid-4727                             I  ComponentInfo: ResolveInfo{16885eb com.android.apps.tag/.TagViewer m=0x108000 userHandle=UserHandle{0}}, techs: android.nfc.tech.Ndef, 
2025-12-09 15:59:20.946  4727-5528  Registered...onentCache pid-4727                             I  Removed Components => 
2025-12-09 15:59:20.946  4727-5528  Registered...onentCache pid-4727                             I  ComponentInfo: ResolveInfo{3e29d62 com.transsion.settings.nfc/com.transsion.nfc.wallet.TranWalletCardEnterActivity m=0x108000 userHandle=UserHandle{0}}, techs: android.nfc.tech.MifareClassic, 
2025-12-09 15:59:20.946  4727-5528  Registered...onentCache pid-4727                             I  ComponentInfo: ResolveInfo{3e29d62 com.transsion.settings.nfc/com.transsion.nfc.wallet.TranWalletCardEnterActivity m=0x108000 userHandle=UserHandle{0}}, techs: android.nfc.tech.MifareUltralight, 
2025-12-09 15:59:20.946  4727-5528  Registered...onentCache pid-4727                             I  ComponentInfo: ResolveInfo{f3d0ef3 com.android.apps.tag/.TagViewer m=0x108000 userHandle=UserHandle{0}}, techs: android.nfc.tech.Ndef, 
2025-12-09 15:59:20.946 25141-25616 ndroid.settings         pid-25141                            W  ApkAssets: Deleting an ApkAssets object '<empty> and /data/app/~~touMtuY4U6bqm4bBMZLrHg==/com.google.android.apps.restore-AsDKOCI4jmhR2lsBg4rHGg==/base.apk' with 1 weak references
2025-12-09 15:59:20.947 25141-25616 ndroid.settings         pid-25141                            W  ApkAssets: Deleting an ApkAssets object '<empty> and /data/app/~~touMtuY4U6bqm4bBMZLrHg==/com.google.android.apps.restore-AsDKOCI4jmhR2lsBg4rHGg==/split_config.en.apk' with 1 weak references
2025-12-09 15:59:20.947 25141-25616 ndroid.settings         pid-25141                            W  ApkAssets: Deleting an ApkAssets object '<empty> and /data/app/~~touMtuY4U6bqm4bBMZLrHg==/com.google.android.apps.restore-AsDKOCI4jmhR2lsBg4rHGg==/split_config.xxhdpi.apk' with 1 weak references
2025-12-09 15:59:20.947 13535-13535 MediaProvider           pid-13535                            W  WorkProfileOwnerApps cache is empty
2025-12-09 15:59:20.948 13535-13535 PickerSyncLockManager   pid-13535                            D  Trying to acquire lock com.android.providers.media.photopicker.sync.CloseableReentrantLock@6808032[Unlocked]. Lock Name = CLOUD_PROVIDER_LOCK. Threads that may be waiting to acquire this lock = []
2025-12-09 15:59:20.948 13535-13535 CloseableReentrantLock  pid-13535                            D  Successfully acquired lock com.android.providers.media.photopicker.sync.CloseableReentrantLock@6808032[Locked by thread main]. Lock Name = CLOUD_PROVIDER_LOCK. Threads that may be waiting to acquire this lock = []
2025-12-09 15:59:20.948 13535-13535 CloseableReentrantLock  pid-13535                            D  Successfully released lock com.android.providers.media.photopicker.sync.CloseableReentrantLock@6808032[Unlocked]. Lock Name = CLOUD_PROVIDER_LOCK. Threads that may be waiting to acquire this lock = []
2025-12-09 15:59:20.948 25141-25616 ndroid.settings         pid-25141                            W  ApkAssets: Deleting an ApkAssets object '<empty> and /product/priv-app/FilesGoogle/FilesGoogle.apk' with 1 weak references
2025-12-09 15:59:20.948 25141-25616 ndroid.settings         pid-25141                            W  ApkAssets: Deleting an ApkAssets object '<empty> and /product/priv-app/HotwordEnrollmentOKGoogleRISCV/HotwordEnrollmentOKGoogleRISCV.apk' with 1 weak references
2025-12-09 15:59:20.949 25141-25616 ndroid.settings         pid-25141                            W  ApkAssets: Deleting an ApkAssets object '<empty> and /system/app/CarrierDefaultApp/CarrierDefaultApp.apk' with 1 weak references
2025-12-09 15:59:20.950 25141-25616 ndroid.settings         pid-25141                            W  ApkAssets: Deleting an ApkAssets object '<empty> and /system/priv-app/DocumentsUIGoogle/DocumentsUIGoogle.apk' with 1 weak references
2025-12-09 15:59:20.948  1565-5249  PackageParsing          pid-1565                             I  do not custom: com.android.settings.wallpaper.WallpaperSuggestionActivity
2025-12-09 15:59:20.951  1565-1657  ApplicationHelper       pid-1565                             E  Fail to get PackageManager
2025-12-09 15:59:20.951 25141-25616 ndroid.settings         pid-25141                            W  ApkAssets: Deleting an ApkAssets object '<empty> and /system/priv-app/DocumentsUIGoogle/DocumentsUIGoogle-hdpi.apk' with 1 weak references
2025-12-09 15:59:20.951 25141-25616 ndroid.settings         pid-25141                            W  ApkAssets: Deleting an ApkAssets object '<empty> and /system/priv-app/DocumentsUIGoogle/DocumentsUIGoogle-ldpi.apk' with 1 weak references
2025-12-09 15:59:20.951 25141-25616 ndroid.settings         pid-25141                            W  ApkAssets: Deleting an ApkAssets object '<empty> and /system/priv-app/DocumentsUIGoogle/DocumentsUIGoogle-mdpi.apk' with 1 weak references
2025-12-09 15:59:20.951 25141-25616 ndroid.settings         pid-25141                            W  ApkAssets: Deleting an ApkAssets object '<empty> and /system/priv-app/DocumentsUIGoogle/DocumentsUIGoogle-tvdpi.apk' with 1 weak references
2025-12-09 15:59:20.951 25141-25616 ndroid.settings         pid-25141                            W  ApkAssets: Deleting an ApkAssets object '<empty> and /system/priv-app/DocumentsUIGoogle/DocumentsUIGoogle-xhdpi.apk' with 1 weak references
2025-12-09 15:59:20.951  1565-5249  PackageParsing          pid-1565                             I  do not custom: com.android.settings.TextReadingForSetupWizardActivity
2025-12-09 15:59:20.951 25141-25616 ndroid.settings         pid-25141                            W  ApkAssets: Deleting an ApkAssets object '<empty> and /system/priv-app/DocumentsUIGoogle/DocumentsUIGoogle-xxhdpi.apk' with 1 weak references
2025-12-09 15:59:20.951 25141-25616 ndroid.settings         pid-25141                            W  ApkAssets: Deleting an ApkAssets object '<empty> and /system/priv-app/DocumentsUIGoogle/DocumentsUIGoogle-xxxhdpi.apk' with 1 weak references
2025-12-09 15:59:20.952 25141-25616 ndroid.settings         pid-25141                            W  ApkAssets: Deleting an ApkAssets object '/product/overlay/GoogleDocumentsUIOverlay.apk' with 1 weak references
2025-12-09 15:59:20.952  1565-1656  ShortcutService         pid-1565                             D  Getting shortcuts for launcher= com.android.systemuiuser=0 pkg=com.android.vending
2025-12-09 15:59:20.952 25141-25616 ndroid.settings         pid-25141                            W  ApkAssets: Deleting an ApkAssets object '<empty> and /system/priv-app/ExternalStorageProvider/ExternalStorageProvider.apk' with 1 weak references
2025-12-09 15:59:20.952 25141-25616 ndroid.settings         pid-25141                            W  ApkAssets: Deleting an ApkAssets object '<empty> and /system/framework/framework-res.apk' with 1 weak references
2025-12-09 15:59:20.952  1565-1565  Looper                  pid-1565                             W  Slow dispatch took 214ms main h=android.app.ActivityThread$H c=android.app.LoadedApk$ServiceDispatcher$RunConnection@9d040d8 m=0
2025-12-09 15:59:20.952  1565-1565  JobServiceContext       pid-1565                             E  Binding died for 10:com.android.vending
2025-12-09 15:59:20.958  3459-3459  CarrierSvcBindHelper    pid-3459                             D  onPackageUpdateFinished: com.android.vending
2025-12-09 15:59:20.958  3459-3459  CarrierSvcBindHelper    pid-3459                             D  No carrier app for: 0
2025-12-09 15:59:20.959  3459-3459  CarrierSvcBindHelper    pid-3459                             D  No carrier app for: 1
2025-12-09 15:59:20.959  3459-3459  CarrierSvcBindHelper    pid-3459                             D  No carrier app for: 2
2025-12-09 15:59:20.959  3459-3459  CarrierSvcBindHelper    pid-3459                             D  onPackageModified: com.android.vending
2025-12-09 15:59:20.959  3459-3459  CarrierSvcBindHelper    pid-3459                             D  No carrier app for: 0
2025-12-09 15:59:20.959  3459-3459  CarrierSvcBindHelper    pid-3459                             D  No carrier app for: 1
2025-12-09 15:59:20.959  3459-3459  CarrierSvcBindHelper    pid-3459                             D  No carrier app for: 2
2025-12-09 15:59:20.961 22223-22223 ControlsLi...rollerImpl pid-22223                            D  ServiceConfig reloaded, count: 0
2025-12-09 15:59:20.963  1565-3004  ShortcutService         pid-1565                             D  Saving package item com.android.vending to /data/system_ce/0/shortcut_service/packages/com.android.vending.xml
2025-12-09 15:59:20.965 22223-22223 ControlsLi...rollerImpl pid-22223                            D  ServiceConfig reloaded, count: 0
2025-12-09 15:59:20.969 22223-22223 ControlsLi...rollerImpl pid-22223                            D  ServiceConfig reloaded, count: 0
2025-12-09 15:59:20.972  3459-3459  SmsApplication          pid-3459                             E  com.google.android.apps.messaging lost android:read_cell_broadcasts:  (fixing)
2025-12-09 15:59:20.973  1565-3246  AppOpService            pid-1565                             W  Ignored setUidMode call for runtime permission app op: uid = 10218, code = READ_CELL_BROADCASTS, mode = allow, callingUid = 1001, oldMode = allow
2025-12-09 15:59:20.974  1565-1643  ParceledListSlice       pid-1565                             W  Element #17 is 196496 bytes.
2025-12-09 15:59:20.974  1565-1643  ParceledListSlice       pid-1565                             W  Overly large reply size: 216912
2025-12-09 15:59:20.976  3459-3459  SmsApplication          pid-3459                             E  Package not found: com.android.mms.service
2025-12-09 15:59:20.979  1565-4504  AppOpService            pid-1565                             W  Ignored setUidMode call for runtime permission app op: uid = 1001, code = READ_SMS, mode = allow, callingUid = 1001, oldMode = allow
2025-12-09 15:59:20.980  1565-4504  AppOpService            pid-1565                             W  Ignored setUidMode call for runtime permission app op: uid = 1001, code = RECEIVE_SMS, mode = allow, callingUid = 1001, oldMode = allow
2025-12-09 15:59:20.981  1565-1916  ActivityManager         pid-1565                             W  Skipping broadcast of Intent { act=android.intent.action.PACKAGE_ADDED dat=package: flg=0x4000010 pkg=com.android.vending (has extras) }: user 11 and its parent (if any) are stopped
2025-12-09 15:59:20.981  1565-1916  ActivityManager         pid-1565                             W  Skipping broadcast of Intent { act=android.intent.action.PACKAGE_ADDED dat=package: flg=0x4000010 pkg=com.android.vending (has extras) }: user 12 and its parent (if any) are stopped
2025-12-09 15:59:20.981  1565-5249  AppOpService            pid-1565                             W  Ignored setUidMode call for runtime permission app op: uid = 1001, code = RECEIVE_WAP_PUSH, mode = allow, callingUid = 1001, oldMode = allow
2025-12-09 15:59:20.982  1565-3273  AppOpService            pid-1565                             W  Ignored setUidMode call for runtime permission app op: uid = 1001, code = SEND_SMS, mode = allow, callingUid = 1001, oldMode = allow
2025-12-09 15:59:20.984 12084-25688 SystemServiceRegistry   pid-12084                            W  No service published for: wifirtt
2025-12-09 15:59:20.986 13596-13744 Kolun_AI                pid-13596                            I  AppPredictManager:onBusEvent AppDesktopChangeEvent AppRec desktop app changed
2025-12-09 15:59:20.986 13596-13744 Kolun_AI                pid-13596                            I  AIM_AppRec_RecentInstallStrategy:RecentInstallListSize:before:0
2025-12-09 15:59:20.986 13596-13744 Kolun_AI                pid-13596                            I  AIM_AppRec_RecentInstallStrategy:RecentInstallListSize:after:0
2025-12-09 15:59:20.987 13596-13744 Kolun_AI                pid-13596                            I  AIM_AppRecService:onDesktopAppChange：updateCandidateSet():size=0
2025-12-09 15:59:20.988 22223-22223 PairsContentProvider    pid-22223                            V  action android.intent.action.PACKAGE_REMOVED
2025-12-09 15:59:20.991 13596-14088 Kolun_AI                pid-13596                            I  AIM_AppServiceManager:********* runService ********
2025-12-09 15:59:20.991 13596-14088 Kolun_AI                pid-13596                            I  AIM_AppRecService:mCandidateSet is empty or less than 8, update....
2025-12-09 15:59:20.992 13596-14088 StandardDataService     pid-13596                            I  getAppEvent + st 1765249200000, et 1765306760991
2025-12-09 15:59:20.998  7109-7109  ContactsAp...anagerImpl pid-7109                             I  [onReceive]intent = Intent { act=android.intent.action.PACKAGE_CHANGED dat=package: flg=0x45000010 (has extras) }
2025-12-09 15:59:20.999  7109-7109  ContactsAp...anagerImpl pid-7109                             I  [onReceive]intent  end
2025-12-09 15:59:21.000  1565-3273  AppOpService            pid-1565                             W  Ignored setUidMode call for runtime permission app op: uid = 1001, code = READ_CELL_BROADCASTS, mode = allow, callingUid = 1001, oldMode = allow
2025-12-09 15:59:21.000  1565-3363  ParceledListSlice       pid-1565                             W  Element #35 is 146756 bytes.
2025-12-09 15:59:21.000  1565-3363  ParceledListSlice       pid-1565                             W  Overly large reply size: 152720
2025-12-09 15:59:21.003  1565-1656  ShortcutService         pid-1565                             D  Getting shortcuts for launcher= com.transsion.smartpaneluser=0 pkg=com.android.vending
2025-12-09 15:59:21.003  7109-7109  ContactsAp...anagerImpl pid-7109                             I  [onReceive]intent = Intent { act=android.intent.action.PACKAGE_CHANGED dat=package: flg=0x45000010 (has extras) }
2025-12-09 15:59:21.003  1565-1656  ShortcutService         pid-1565                             D  Getting shortcuts for launcher= com.transsion.XOSLauncheruser=0 pkg=com.android.vending
2025-12-09 15:59:21.004  5656-5656  PackageChangeHelp       pid-5656                             D  onShortcutsChanged received packageName: com.android.vending
2025-12-09 15:59:21.006  1565-1656  ShortcutService         pid-1565                             D  Getting shortcuts for launcher= com.google.android.asuser=10 pkg=com.android.vending
2025-12-09 15:59:21.006  1565-1656  os.permiss...issionInfo pid-1565                             D  checkPermission 10169:android.permission.ACCESS_SHORTCUTS:true
2025-12-09 15:59:21.006  1565-1656  os.permission           pid-1565                             I  Grant permission: android.permission.ACCESS_SHORTCUTS to uid: 10169
2025-12-09 15:59:21.006  1565-1656  ShortcutService         pid-1565                             D  Getting shortcuts for launcher= com.transsion.XOSLauncheruser=10 pkg=com.android.vending
2025-12-09 15:59:21.007  1565-1999  JobSchedul...oncurrency pid-1565                             W  Had fewer than 16 in existence
2025-12-09 15:59:21.008  7109-7109  ContactsAp...anagerImpl pid-7109                             I  [onReceive]intent = Intent { act=android.intent.action.PACKAGE_CHANGED dat=package: flg=0x45000010 (has extras) }
2025-12-09 15:59:21.009  7109-7109  ContactsAp...anagerImpl pid-7109                             I  [onReceive]intent = Intent { act=android.intent.action.PACKAGE_REMOVED dat=package: flg=0x4000010 (has extras) }
2025-12-09 15:59:21.009  1565-4840  ParceledListSlice       pid-1565                             W  Element #48 is 17368 bytes.
2025-12-09 15:59:21.010  7109-7109  ContactsAp...anagerImpl pid-7109                             I  [onReceive]intent  end
2025-12-09 15:59:21.013  7109-7109  ContactsAp...anagerImpl pid-7109                             I  [onReceive]intent = Intent { act=android.intent.action.PACKAGE_ADDED dat=package: flg=0x4000010 (has extras) }
2025-12-09 15:59:21.013  7109-7109  ContactsAp...anagerImpl pid-7109                             I  [onReceive]intent  end
2025-12-09 15:59:21.014  7424-7424  ContactsAp...anagerImpl pid-7424                             I  [onReceive]intent = Intent { act=android.intent.action.PACKAGE_CHANGED dat=package: flg=0x45000010 (has extras) }
2025-12-09 15:59:21.014  7424-7424  ContactsAp...anagerImpl pid-7424                             I  [onReceive]intent  end
2025-12-09 15:59:21.017  7424-7424  ContactsAp...anagerImpl pid-7424                             I  [onReceive]intent = Intent { act=android.intent.action.PACKAGE_CHANGED dat=package: flg=0x45000010 (has extras) }
2025-12-09 15:59:21.018 13596-14088 DesktopAppsCollector    pid-13596                            I  getDesktopApps: 8
2025-12-09 15:59:21.018  7424-7424  ContactsAp...anagerImpl pid-7424                             I  [onReceive]intent = Intent { act=android.intent.action.PACKAGE_CHANGED dat=package: flg=0x45000010 (has extras) }
2025-12-09 15:59:21.020  7424-7424  ContactsAp...anagerImpl pid-7424                             I  [onReceive]intent = Intent { act=android.intent.action.PACKAGE_REMOVED dat=package: flg=0x4000010 (has extras) }
2025-12-09 15:59:21.021  7424-7424  ContactsAp...anagerImpl pid-7424                             I  [onReceive]intent  end
2025-12-09 15:59:21.021 13596-14088 Kolun_AI                pid-13596                            I  AIM_rec_ProfileUtils:getDayProfileForAlgo:start 2025-11-24 15:59:20.991 end:2025-12-09 15:59:20.991
2025-12-09 15:59:21.023  7424-7424  ContactsAp...anagerImpl pid-7424                             I  [onReceive]intent = Intent { act=android.intent.action.PACKAGE_ADDED dat=package: flg=0x4000010 (has extras) }
2025-12-09 15:59:21.023  1565-3004  ShortcutService         pid-1565                             D  Saving package item com.android.vending to /data/system_ce/10/shortcut_service/packages/com.android.vending.xml
2025-12-09 15:59:21.024  7424-7424  ContactsAp...anagerImpl pid-7424                             I  [onReceive]intent  end
2025-12-09 15:59:21.024  1565-1823  BroadcastQueue          pid-1565                             D  Hiber/broadcast restricted queue.uid=10197 action=BroadcastRecord{81a308a android.intent.action.PACKAGE_CHANGED/u0}
2025-12-09 15:59:21.024 22223-22223 ControlsLi...rollerImpl pid-22223                            D  ServiceConfig reloaded, count: 0
2025-12-09 15:59:21.024 22223-22223 PairsContentProvider    pid-22223                            V  action android.intent.action.PACKAGE_REMOVED
2025-12-09 15:59:21.025  1565-1823  BroadcastQueue          pid-1565                             D  Hiber/broadcast restricted queue.uid=10197 action=BroadcastRecord{2e76248 android.intent.action.PACKAGE_CHANGED/u0}
2025-12-09 15:59:21.025 22223-22223 PairsContentProvider    pid-22223                            V  action android.intent.action.PACKAGE_ADDED
2025-12-09 15:59:21.025  7109-23871 ContactsAp...anagerImpl pid-7109                             I  loadAccountTypes.call()
2025-12-09 15:59:21.026  1565-1823  BroadcastQueue          pid-1565                             D  Hiber/broadcast restricted queue.uid=10197 action=BroadcastRecord{f6d5bf2 android.intent.action.PACKAGE_CHANGED/u0}
2025-12-09 15:59:21.027  1565-1823  BroadcastQueue          pid-1565                             D  Hiber/broadcast restricted queue.uid=10197 action=BroadcastRecord{ceaafb9 android.intent.action.PACKAGE_REMOVED/u0}
2025-12-09 15:59:21.027  1565-1823  BroadcastQueue          pid-1565                             D  Hiber/broadcast restricted queue.uid=10197 action=BroadcastRecord{78140c3 android.intent.action.PACKAGE_ADDED/u0}
2025-12-09 15:59:21.027  6484-6861  Bugle                   pid-6484                             I  BroadcastReceiverAsyncWorkTracker: Acknowledging broadcast of cggb@d95f075
2025-12-09 15:59:21.028  1565-1657  ApplicationHelper       pid-1565                             E  Fail to get PackageManager
2025-12-09 15:59:21.030  7424-24108 ContactsAp...anagerImpl pid-7424                             I  loadAccountTypes.call()
2025-12-09 15:59:21.031  7109-23871 ContactsAp...anagerImpl pid-7109                             I  getAccountsWithDataSets() count=0
2025-12-09 15:59:21.031 13596-14088 DataStorageManager      pid-13596                            I  query type alg_app_profile 1764010640991 1765306880991 2147483647,re ,index day 0
2025-12-09 15:59:21.031  7109-23871 ContactsAp...anagerImpl pid-7109                             I  getAccountsWithDataSets() count=0
2025-12-09 15:59:21.032 13596-14088 Kolun_AI                pid-13596                            I  AIM_AppRecService:mergeSize:0 ;onceSize: 0, []
2025-12-09 15:59:21.032 13596-14088 Kolun_AI                pid-13596                            I  AIM_AppRecService:updateCandidateSet(ct): 0 -> 0
2025-12-09 15:59:21.032 13596-14088 Kolun_AI                pid-13596                            I  AIM_AppRecService:mCandidateSetSize:0 mCandidateSet:[]
2025-12-09 15:59:21.032 13596-14088 Kolun_AI                pid-13596                            W  AIM_AppServiceManager:updateHourProfile in service
2025-12-09 15:59:21.033 13596-14088 Kolun_AI                pid-13596                            I  AIM_rec_ProfileUtils:getHourProfileForAlgo:start 2025-12-08 14:59:20.991 end:2025-12-09 15:59:20.991
2025-12-09 15:59:21.033 13596-14088 DataStorageManager      pid-13596                            I  query type alg_app_profile 1765216640991 1765306880991 2147483647,re ,index hour 0
2025-12-09 15:59:21.034  1245-1245  wificond                pid-1245                             W  Failed to get NL80211_ATTR_MAX_NUM_AKM_SUITES
2025-12-09 15:59:21.034 13596-14088 Kolun_AI                pid-13596                            W  AIM_AppServiceManager:updateDayProfile in service
2025-12-09 15:59:21.034  7424-25725 ContactsAp...untLocator pid-7424                             I  getDeviceLocalAccounts() size: before=0, after=1
2025-12-09 15:59:21.034 22223-22223 ControlsLi...rollerImpl pid-22223                            D  ServiceConfig reloaded, count: 0
2025-12-09 15:59:21.034 22223-22223 PairsContentProvider    pid-22223                            V  action android.intent.action.PACKAGE_ADDED
2025-12-09 15:59:21.034  7424-7424  ContactsAp...anagerImpl pid-7424                             I  [FutureCallback] AccountWithDataSet:P*o*e
2025-12-09 15:59:21.035 13596-14088 Kolun_AI                pid-13596                            I  AIM_rec_ProfileUtils:getDayProfileForAlgo:start 2025-12-01 15:59:20.991 end:2025-12-09 15:59:20.991
2025-12-09 15:59:21.035  7424-24108 ContactsAp...anagerImpl pid-7424                             I  getAccountsWithDataSets() count=0
2025-12-09 15:59:21.035  7109-25723 ContactsAp...anagerImpl pid-7109                             I  loadAccountTypes.call()
2025-12-09 15:59:21.035  7424-24108 ContactsAp...anagerImpl pid-7424                             I  getAccountsWithDataSets() count=0
2025-12-09 15:59:21.035  7109-25723 ContactsAp...anagerImpl pid-7109                             I  getAccountsWithDataSets() count=0
2025-12-09 15:59:21.035  7109-25723 ContactsAp...anagerImpl pid-7109                             I  getAccountsWithDataSets() count=0
2025-12-09 15:59:21.035  7109-23871 ContactsAp...anagerImpl pid-7109                             I  loadAccountTypes.call()
2025-12-09 15:59:21.035  7109-23871 ContactsAp...anagerImpl pid-7109                             I  getAccountsWithDataSets() count=0
2025-12-09 15:59:21.035  7109-23871 ContactsAp...anagerImpl pid-7109                             I  getAccountsWithDataSets() count=0
2025-12-09 15:59:21.036 13596-14088 DataStorageManager      pid-13596                            I  query type alg_app_profile 1764615440991 1765306880991 2147483647,re ,index day 0
2025-12-09 15:59:21.036 13596-14088 Kolun_AI                pid-13596                            I  MarkovProbEngineering:prevPkgName= 
2025-12-09 15:59:21.036 13596-14088 Kolun_AI                pid-13596                            I  AIM_AppRecStrategyManger:HourSummaryStrategy!
2025-12-09 15:59:21.036 13596-14088 Kolun_AI                pid-13596                            I  AIM_AppRec_ColdStartStrategy:Summary:size=2
2025-12-09 15:59:21.036 13596-14088 Kolun_AI                pid-13596                            I  AIM_AppRec_ColdStartStrategy:recent ignoreApps:size=0 threshold:3
2025-12-09 15:59:21.036 13596-14088 Kolun_AI                pid-13596                            I  AIM_AppRecStrategyManger:sameHourList: []
2025-12-09 15:59:21.036 13596-14088 Kolun_AI                pid-13596                            I  AIM_AppRecStrategyManger:sameHourStrategyMap: {}
2025-12-09 15:59:21.036 13596-14088 Kolun_AI                pid-13596                            I  AIM_AppRecStrategyManger:HourSummaryStrategy!
2025-12-09 15:59:21.036 13596-14088 Kolun_AI                pid-13596                            I  AIM_AppRec_ColdStartStrategy:Summary:size=2
2025-12-09 15:59:21.036 13596-14088 Kolun_AI                pid-13596                            I  AIM_AppRec_ColdStartStrategy:recent ignoreApps:size=0 threshold:2
2025-12-09 15:59:21.036 13596-14088 Kolun_AI                pid-13596                            I  AIM_AppRecStrategyManger:sameHourList: []
2025-12-09 15:59:21.036 13596-14088 Kolun_AI                pid-13596                            I  AIM_AppRecStrategyManger:sameHourStrategyMap: {}
2025-12-09 15:59:21.037 13596-14088 Kolun_AI                pid-13596                            I  AIM_AppRecService:runMain.conditionSet size is 0
2025-12-09 15:59:21.037 13596-14088 Kolun_AI                pid-13596                            I  AIM_AppRecStrategyManger:markovStrategy!
2025-12-09 15:59:21.037 13596-14088 Kolun_AI                pid-13596                            I  AIM_AppRecStrategyManger:MarkovStrategyList: pkgs:[]
2025-12-09 15:59:21.037 13596-14088 Kolun_AI                pid-13596                            I  AIM_AppRecStrategyManger:SceneAwareStrategyList pkgs:[]
2025-12-09 15:59:21.037 13596-14088 Kolun_AI                pid-13596                            I  AIM_AppRec_ColdStartStrategy:getLastHourMapMRU: {}
2025-12-09 15:59:21.037 13596-14088 Kolun_AI                pid-13596                            I  AIM_AppRec_ColdStartStrategy:getLastDayMapMRU: {}
2025-12-09 15:59:21.037 13596-14088 Kolun_AI                pid-13596                            I  AIM_AppRec_ColdStartStrategy:getLastWeekMapMRU: {}
2025-12-09 15:59:21.038 13596-14088 Kolun_AI                pid-13596                            I  AIM_AppRecService:-----random Recommend:com.sh.smart.caller
2025-12-09 15:59:21.038 13596-14088 Kolun_AI                pid-13596                            I  AIM_AppRecService:-----random Recommend:com.android.vending
2025-12-09 15:59:21.038 13596-14088 Kolun_AI                pid-13596                            I  AIM_AppRecService:-----random Recommend:com.google.android.apps.nbu.files
2025-12-09 15:59:21.038 13596-14088 Kolun_AI                pid-13596                            I  AIM_AppRecService:-----random Recommend:com.google.android.googlequicksearchbox
2025-12-09 15:59:21.038 13596-14088 Kolun_AI                pid-13596                            I  AIM_AppRecService:-----random Recommend:com.android.settings
2025-12-09 15:59:21.039 13596-14088 Kolun_AI                pid-13596                            I  AIM_AppRecService:-----random Recommend:com.google.android.apps.messaging
2025-12-09 15:59:21.039 13596-14088 Kolun_AI                pid-13596                            I  AIM_AppRecService:-----random Recommend:com.cdccreditsmart.app
2025-12-09 15:59:21.039 13596-14088 Kolun_AI                pid-13596                            I  AIM_AppServiceManager:cacheResult: 1765306760991
2025-12-09 15:59:21.039 13596-14088 Kolun_AI                pid-13596                            I  AIM_AppRecManager:getAppRecList size:7
2025-12-09 15:59:21.039 13596-14088 Kolun_AI                pid-13596                            I  AppPredictManager:include applet on!
2025-12-09 15:59:21.039 13596-14088 Kolun_AI                pid-13596                            I  AppletUtils:getAppletEventList startTime=1765162800000 endTime=1765306761039 del1=143961039
2025-12-09 15:59:21.039 13596-14088 Kolun_AI                pid-13596                            I  AppletUtils:getAppletEventList lastUseTime=0 del2=1765162800000
2025-12-09 15:59:21.039 13596-14088 Kolun_AI                pid-13596                            I  AppletUtils:getAppletEventList:without use applet,do not request!!!
2025-12-09 15:59:21.039 13596-14088 Kolun_AI                pid-13596                            I  AppPredictManager:getSortedAppList: true sortedAppList: [com.sh.smart.caller, com.android.vending, com.google.android.apps.nbu.files, com.google.android.googlequicksearchbox, com.android.settings, com.google.android.apps.messaging, com.cdccreditsmart.app]
2025-12-09 15:59:21.039 13596-14088 Kolun_AI                pid-13596                            I  DCUtils:broadcast info: com.sh.smart.caller#com.android.vending#com.google.android.apps.nbu.files#com.google.android.googlequicksearchbox#com.android.settings#com.google.android.apps.messaging#com.cdccreditsmart.app
2025-12-09 15:59:21.041  1565-13466 Role                    pid-1565                             W  Cannot get ApplicationInfo for default holder: com.google.android.apps.photos
2025-12-09 15:59:21.041  1565-3246  PackageParsing          pid-1565                             I  do not custom: com.android.settings.wallpaper.WallpaperSuggestionActivity
2025-12-09 15:59:21.042  1565-3246  PackageParsing          pid-1565                             I  do not custom: com.android.settings.TextReadingForSetupWizardActivity
2025-12-09 15:59:21.042  7424-25725 ContactsAp...anagerImpl pid-7424                             I  loadAccountTypes.call()
2025-12-09 15:59:21.042  7424-25725 ContactsAp...anagerImpl pid-7424                             I  getAccountsWithDataSets() count=0
2025-12-09 15:59:21.042  7424-25725 ContactsAp...anagerImpl pid-7424                             I  getAccountsWithDataSets() count=0
2025-12-09 15:59:21.042  7424-24108 ContactsAp...untLocator pid-7424                             I  getDeviceLocalAccounts() size: before=0, after=1
2025-12-09 15:59:21.043 13596-14088 ApiInvoke1.7.1          pid-13596                            W  KolunIPCChannel: getApiInterface isBinderAlive == false
2025-12-09 15:59:21.043  7424-7424  ContactsAp...anagerImpl pid-7424                             I  [FutureCallback] AccountWithDataSet:P*o*e
2025-12-09 15:59:21.043 13596-14088 ApiInvoke1.7.1          pid-13596                            I  SubscribeManager: publishData success host AiEngine#FlappySparrowApi matcher TYPE_SMART_FOLDER
2025-12-09 15:59:21.043 13596-14088 ApiInvoke1.7.1          pid-13596                            W  SubscribeBusServerImpl: onSafePublishData start ==>> publisher Publisher{channel='AiEngine', apiName='FlappySparrowApi', label='TYPE_SMART_FOLDER'}
2025-12-09 15:59:21.043  7109-25726 ContactsAp...untLocator pid-7109                             I  getDeviceLocalAccounts() size: before=0, after=1
2025-12-09 15:59:21.043 13596-14088 ApiInvoke1.7.1          pid-13596                            W  ApiRequest: do publishData to remote TYPE_SMART_FOLDER
2025-12-09 15:59:21.043 13596-14088 Kolun_AI                pid-13596                            I  DCUtils:broadcast responsetrue
2025-12-09 15:59:21.043 13596-14088 Kolun_AI                pid-13596                            I  WidgetAppManager-kolunloader:notifyWidget.....
2025-12-09 15:59:21.043 13596-14088 Kolun_AI                pid-13596                            I  WidgetAppManager-kolunloader:getWidgetAppsByHybrid []
2025-12-09 15:59:21.043 13596-14088 Kolun_AI                pid-13596                            I  AIM_AppServiceManager:********* runService ********
2025-12-09 15:59:21.043 13596-14088 Kolun_AI                pid-13596                            I  AIM_AppRecService:mCandidateSet is empty or less than 8, update....
2025-12-09 15:59:21.044 13596-14088 StandardDataService     pid-13596                            I  getAppEvent + st 1765249200000, et 1765306761043
2025-12-09 15:59:21.044  7109-7109  ContactsAp...anagerImpl pid-7109                             I  [FutureCallback] AccountWithDataSet:P*o*e
2025-12-09 15:59:21.045  1565-1823  BroadcastQueue          pid-1565                             D  Hiber/broadcast restricted queue.uid=10215 action=BroadcastRecord{81a308a android.intent.action.PACKAGE_CHANGED/u0}
2025-12-09 15:59:21.045  1565-1823  BroadcastQueue          pid-1565                             D  Hiber/broadcast restricted queue.uid=10215 action=BroadcastRecord{f6d5bf2 android.intent.action.PACKAGE_CHANGED/u0}
2025-12-09 15:59:21.045  1565-1823  BroadcastQueue          pid-1565                             D  Hiber/broadcast restricted queue.uid=10215 action=BroadcastRecord{78140c3 android.intent.action.PACKAGE_ADDED/u0}
2025-12-09 15:59:21.046  1565-1705  PhoneCloneServiceFinder pid-1565                             D  getTargetPackage() userId=0, services=[]
2025-12-09 15:59:21.047  1565-1916  ActivityManager         pid-1565                             W  Skipping broadcast of Intent { act=android.intent.action.PACKAGE_ADDED dat=package: flg=0x4000010 pkg=com.google.android.permissioncontroller (has extras) }: user 11 and its parent (if any) are stopped
2025-12-09 15:59:21.048  1245-1245  wificond                pid-1245                             W  Failed to get NL80211_ATTR_MAX_NUM_AKM_SUITES
2025-12-09 15:59:21.048  1565-1999  tranpm/ServicePolicy    pid-1565                             I  isBlockHsB1 true
2025-12-09 15:59:21.048  1565-1999  tranpm/ServicePolicy    pid-1565                             I  limitBindServiceLocked by hs&job - cold: callingPackage = android, targetPkg = com.google.android.calendar
2025-12-09 15:59:21.049  1245-1245  wificond                pid-1245                             W  Failed to get NL80211_ATTR_MAX_NUM_AKM_SUITES
2025-12-09 15:59:21.052 13596-14088 DesktopAppsCollector    pid-13596                            I  getDesktopApps: 8
2025-12-09 15:59:21.052  1565-1565  CompatChangeReporter    pid-1565                             D  Compat change id reported: 151861875; UID 1001000; state: ENABLED
2025-12-09 15:59:21.053  1565-1657  ApplicationHelper       pid-1565                             E  Fail to get PackageManager
2025-12-09 15:59:21.053  3072-10234 WifiHAL                 pid-3072                             D  event received NL80211_CMD_TRIGGER_SCAN
2025-12-09 15:59:21.054  1565-3242  ParceledListSlice       pid-1565                             W  Element #32 is 146760 bytes.
2025-12-09 15:59:21.054  1565-3242  ParceledListSlice       pid-1565                             W  Overly large reply size: 163244
2025-12-09 15:59:21.054  1565-1705  Magnificat...ionManager pid-1565                             W  requestConnection duplicated request: connect=false, mConnectionState=DISCONNECTED
2025-12-09 15:59:21.054  3459-3459  SmsApplication          pid-3459                             E  com.google.android.apps.messaging lost android:read_cell_broadcasts:  (fixing)
2025-12-09 15:59:21.055  1565-3736  AppOpService            pid-1565                             W  Ignored setUidMode call for runtime permission app op: uid = 10218, code = READ_CELL_BROADCASTS, mode = allow, callingUid = 1001, oldMode = allow
2025-12-09 15:59:21.055 13596-14088 Kolun_AI                pid-13596                            I  AIM_rec_ProfileUtils:getDayProfileForAlgo:start 2025-11-24 15:59:21.043 end:2025-12-09 15:59:21.043
2025-12-09 15:59:21.055  1565-5260  ParceledListSlice       pid-1565                             W  Element #45 is 17372 bytes.
2025-12-09 15:59:21.057 13596-14088 DataStorageManager      pid-13596                            I  query type alg_app_profile 1764010641043 1765306881043 2147483647,re ,index day 0
2025-12-09 15:59:21.057 13596-14088 Kolun_AI                pid-13596                            I  AIM_AppRecService:mergeSize:0 ;onceSize: 0, []
2025-12-09 15:59:21.057 13596-14088 Kolun_AI                pid-13596                            I  AIM_AppRecService:updateCandidateSet(ct): 0 -> 0
2025-12-09 15:59:21.057 13596-14088 Kolun_AI                pid-13596                            I  AIM_AppRecService:mCandidateSetSize:0 mCandidateSet:[]
2025-12-09 15:59:21.057 13596-14088 Kolun_AI                pid-13596                            W  AIM_AppServiceManager: >>>>>>> in cache period <<<<<
2025-12-09 15:59:21.057 13596-14088 Kolun_AI                pid-13596                            W  AIM_AppServiceManager:queryTime:1765306761043 mLastPredictTime:1765306760991
2025-12-09 15:59:21.057  4727-4727  Registered...onentCache pid-4727                             D  RegisteredComponentCache has changed.
2025-12-09 15:59:21.058 13596-14088 Kolun_AI                pid-13596                            I  AIM_AppRecService:-----random Recommend:com.sh.smart.caller
