2025-12-09 12:18:26.336   663-663   TlcKM                   pid-663                              D  TEE_Abort exiting with -28
2025-12-09 12:18:26.336  1561-1837  tranpm/BehaviorManager  pid-1561                             D  onMemPressureChange : level 0
2025-12-09 12:18:26.339 12833-19680 GmsSyncPolicyEngine     pid-12833                            I  (REDACTED) Periodic sync %d disabled by policy, cancelled.
2025-12-09 12:18:26.340   661-661   keystore2               pid-661                              I  system/security/keystore2/src/security_level.rs:235 - create_operation start
2025-12-09 12:18:26.340   661-661   keystore2               pid-661                              I  system/security/keystore2/src/security_level.rs:237 - caller_pid=8105
2025-12-09 12:18:26.340   661-661   keystore2               pid-661                              I  system/security/keystore2/src/security_level.rs:238 - caller_uid=10287
2025-12-09 12:18:26.340   661-661   keystore2               pid-661                              I  system/security/keystore2/src/security_level.rs:239 - forced=false
2025-12-09 12:18:26.340   661-661   keystore2               pid-661                              I  system/security/keystore2/src/security_level.rs:240 - key.domain=r#KEY_ID
2025-12-09 12:18:26.340   661-661   keystore2               pid-661                              I  system/security/keystore2/src/security_level.rs:241 - key.alias=None
2025-12-09 12:18:26.340   661-661   keystore2               pid-661                              I  system/security/keystore2/src/security_level.rs:277 - with_try_import start
2025-12-09 12:18:26.341   661-661   keystore2               pid-661                              I  system/security/keystore2/src/security_level.rs:299 - with_try_import end
2025-12-09 12:18:26.341   661-661   keystore2               pid-661                              I  system/security/keystore2/src/security_level.rs:333 - authorize_create start
2025-12-09 12:18:26.341   661-661   keystore2               pid-661                              I  system/security/keystore2/src/security_level.rs:344 - authorize_create end
2025-12-09 12:18:26.341   661-661   keystore2               pid-661                              I  system/security/keystore2/src/security_level.rs:345 - unwrap_key_if_required start
2025-12-09 12:18:26.341   661-661   keystore2               pid-661                              I  system/security/keystore2/src/security_level.rs:353 - unwrap_key_if_required end
2025-12-09 12:18:26.341   661-661   keystore2               pid-661                              I  system/security/keystore2/src/security_level.rs:354 - upgrade_keyblob_if_required_with start
2025-12-09 12:18:26.341   663-663   TlcKM                   pid-663                              D  TEE_Begin 5.0
2025-12-09 12:18:26.341   663-663   TlcKM                   pid-663                              D  purpose = 0x00000001
2025-12-09 12:18:26.342 12833-20121 SystemUpdate            pid-12833                            I  [Installation,ReceiverIntentOperation] System update management not enabled in this context. Ignoring intent: Intent { act=com.google.android.gms.phenotype.COMMITTED pkg=com.google.android.gms cmp=com.google.android.gms/.chimera.GmsIntentOperationService (has extras) }
2025-12-09 12:18:26.342   663-663   TlcKM                   pid-663                              D  find_spare_operation_slot: allocate op 0xa5d37285d7f69e88 to slot #0 (1 ops live)
2025-12-09 12:18:26.343   663-663   TlcKM                   pid-663                              D  TEE_Begin exiting with 0
2025-12-09 12:18:26.343   661-661   keystore2               pid-661                              I  system/security/keystore2/src/security_level.rs:395 - upgrade_keyblob_if_required_with end
2025-12-09 12:18:26.343   661-661   keystore2               pid-661                              I  system/security/keystore2/src/enforcements.rs:249 - finalize_create_authorization self.state=NoAuthRequired
2025-12-09 12:18:26.343   661-661   keystore2               pid-661                              I  system/security/keystore2/src/security_level.rs:401 - operation_db.create_operation start
2025-12-09 12:18:26.343   661-661   keystore2               pid-661                              I  system/security/keystore2/src/security_level.rs:419 - operation_db.create_operation end
2025-12-09 12:18:26.344   663-663   TlcKM                   pid-663                              D  TEE_Update
2025-12-09 12:18:26.344   663-663   TlcKM                   pid-663                              D  split_update_chunks
2025-12-09 12:18:26.345   663-663   TlcKM                   pid-663                              D  TEE_Update exiting with 0
2025-12-09 12:18:26.346 12833-19680 GmsSyncPolicyEngine     pid-12833                            I  (REDACTED) Periodic sync %d disabled by policy, cancelled.
2025-12-09 12:18:26.347   663-663   TlcKM                   pid-663                              D  TEE_Finish
2025-12-09 12:18:26.347   663-663   TlcKM                   pid-663                              D  split_update_chunks
2025-12-09 12:18:26.349   663-663   TlcKM                   pid-663                              D  release_operation_slot: release op slot #0 (handle 0xa5d37285d7f69e88; 0 ops live)
2025-12-09 12:18:26.349   663-663   TlcKM                   pid-663                              D  TEE_Finish exiting with 0
2025-12-09 12:18:26.350   663-663   TlcKM                   pid-663                              D  TEE_Abort
2025-12-09 12:18:26.350   663-663   TlcKM                   pid-663                              E  lookup_operation: op 0xa5d37285d7f69e88 not found
2025-12-09 12:18:26.350   663-663   TlcKM                   pid-663                              E  lookup_operation(session, operation_handle, &op) == -28
2025-12-09 12:18:26.350   663-663   TlcKM                   pid-663                              D  TEE_Abort exiting with -28
2025-12-09 12:18:26.355 20270-20278 .gms.persistent         pid-20270                            I  Compiler allocated 4126KB to compile int gjdz.c(java.lang.Object, byte[], int, int, int, gizx)
2025-12-09 12:18:26.359 12833-19680 GmsSyncPolicyEngine     pid-12833                            I  (REDACTED) Periodic sync %d disabled by policy, cancelled.
2025-12-09 12:18:26.361   661-661   keystore2               pid-661                              I  system/security/keystore2/src/security_level.rs:235 - create_operation start
2025-12-09 12:18:26.361   661-661   keystore2               pid-661                              I  system/security/keystore2/src/security_level.rs:237 - caller_pid=8105
2025-12-09 12:18:26.361   661-661   keystore2               pid-661                              I  system/security/keystore2/src/security_level.rs:238 - caller_uid=10287
2025-12-09 12:18:26.361   661-661   keystore2               pid-661                              I  system/security/keystore2/src/security_level.rs:239 - forced=false
2025-12-09 12:18:26.361   661-661   keystore2               pid-661                              I  system/security/keystore2/src/security_level.rs:240 - key.domain=r#KEY_ID
2025-12-09 12:18:26.361   661-661   keystore2               pid-661                              I  system/security/keystore2/src/security_level.rs:241 - key.alias=None
2025-12-09 12:18:26.361   661-661   keystore2               pid-661                              I  system/security/keystore2/src/security_level.rs:277 - with_try_import start
2025-12-09 12:18:26.362   661-661   keystore2               pid-661                              I  system/security/keystore2/src/security_level.rs:299 - with_try_import end
2025-12-09 12:18:26.363   661-661   keystore2               pid-661                              I  system/security/keystore2/src/security_level.rs:333 - authorize_create start
2025-12-09 12:18:26.363   661-661   keystore2               pid-661                              I  system/security/keystore2/src/security_level.rs:344 - authorize_create end
2025-12-09 12:18:26.363   661-661   keystore2               pid-661                              I  system/security/keystore2/src/security_level.rs:345 - unwrap_key_if_required start
2025-12-09 12:18:26.363   661-661   keystore2               pid-661                              I  system/security/keystore2/src/security_level.rs:353 - unwrap_key_if_required end
2025-12-09 12:18:26.363   661-661   keystore2               pid-661                              I  system/security/keystore2/src/security_level.rs:354 - upgrade_keyblob_if_required_with start
2025-12-09 12:18:26.364   663-663   TlcKM                   pid-663                              D  TEE_Begin 5.0
2025-12-09 12:18:26.364   663-663   TlcKM                   pid-663                              D  purpose = 0x00000001
2025-12-09 12:18:26.365   663-663   TlcKM                   pid-663                              D  find_spare_operation_slot: allocate op 0xe75969edb89d9d5b to slot #0 (1 ops live)
2025-12-09 12:18:26.367   663-663   TlcKM                   pid-663                              D  TEE_Begin exiting with 0
2025-12-09 12:18:26.368   661-661   keystore2               pid-661                              I  system/security/keystore2/src/security_level.rs:395 - upgrade_keyblob_if_required_with end
2025-12-09 12:18:26.368   661-661   keystore2               pid-661                              I  system/security/keystore2/src/enforcements.rs:249 - finalize_create_authorization self.state=NoAuthRequired
2025-12-09 12:18:26.368   661-661   keystore2               pid-661                              I  system/security/keystore2/src/security_level.rs:401 - operation_db.create_operation start
2025-12-09 12:18:26.368   661-661   keystore2               pid-661                              I  system/security/keystore2/src/security_level.rs:419 - operation_db.create_operation end
2025-12-09 12:18:26.369   663-663   TlcKM                   pid-663                              D  TEE_Update
2025-12-09 12:18:26.369   663-663   TlcKM                   pid-663                              D  split_update_chunks
2025-12-09 12:18:26.371  1561-1662  ApplicationHelper       pid-1561                             E  Fail to get PackageManager
2025-12-09 12:18:26.376   663-663   TlcKM                   pid-663                              D  TEE_Update exiting with 0
2025-12-09 12:18:26.377   663-663   TlcKM                   pid-663                              D  TEE_Finish
2025-12-09 12:18:26.378   663-663   TlcKM                   pid-663                              D  split_update_chunks
2025-12-09 12:18:26.379   663-663   TlcKM                   pid-663                              D  release_operation_slot: release op slot #0 (handle 0xe75969edb89d9d5b; 0 ops live)
2025-12-09 12:18:26.380   663-663   TlcKM                   pid-663                              D  TEE_Finish exiting with 0
2025-12-09 12:18:26.381   663-663   TlcKM                   pid-663                              D  TEE_Abort
2025-12-09 12:18:26.381   663-663   TlcKM                   pid-663                              E  lookup_operation: op 0xe75969edb89d9d5b not found
2025-12-09 12:18:26.381   663-663   TlcKM                   pid-663                              E  lookup_operation(session, operation_handle, &op) == -28
2025-12-09 12:18:26.381   663-663   TlcKM                   pid-663                              D  TEE_Abort exiting with -28
2025-12-09 12:18:26.381  8105-12376 ContractCodeStorage     pid-8105                             D  Storage verification: 7 valid, 0 tampered, 0 missing
2025-12-09 12:18:26.381  8105-12376 ContractCodeStorage     pid-8105                             D  Contract code retrieved successfully
2025-12-09 12:18:26.382  8105-12376 AuthOrchestrator        pid-8105                             D   Cdigo de pareamento encontrado: XV8W****
2025-12-09 12:18:26.385 12833-12848 gle.android.gms         pid-12833                            I  Background concurrent mark compact GC freed 17MB AllocSpace bytes, 80(8700KB) LOS objects, 50% free, 29MB/59MB, paused 18.407ms,4.280ms total 481.395ms
2025-12-09 12:18:26.412   661-661   keystore2               pid-661                              I  system/security/keystore2/src/security_level.rs:235 - create_operation start
2025-12-09 12:18:26.412   661-661   keystore2               pid-661                              I  system/security/keystore2/src/security_level.rs:237 - caller_pid=8105
2025-12-09 12:18:26.412   661-661   keystore2               pid-661                              I  system/security/keystore2/src/security_level.rs:238 - caller_uid=10287
2025-12-09 12:18:26.412   661-661   keystore2               pid-661                              I  system/security/keystore2/src/security_level.rs:239 - forced=false
2025-12-09 12:18:26.412   661-661   keystore2               pid-661                              I  system/security/keystore2/src/security_level.rs:240 - key.domain=r#KEY_ID
2025-12-09 12:18:26.412   661-661   keystore2               pid-661                              I  system/security/keystore2/src/security_level.rs:241 - key.alias=None
2025-12-09 12:18:26.412   661-661   keystore2               pid-661                              I  system/security/keystore2/src/security_level.rs:277 - with_try_import start
2025-12-09 12:18:26.413   661-661   keystore2               pid-661                              I  system/security/keystore2/src/security_level.rs:299 - with_try_import end
2025-12-09 12:18:26.413   661-661   keystore2               pid-661                              I  system/security/keystore2/src/security_level.rs:333 - authorize_create start
2025-12-09 12:18:26.413   661-661   keystore2               pid-661                              I  system/security/keystore2/src/security_level.rs:344 - authorize_create end
2025-12-09 12:18:26.413   661-661   keystore2               pid-661                              I  system/security/keystore2/src/security_level.rs:345 - unwrap_key_if_required start
2025-12-09 12:18:26.413   661-661   keystore2               pid-661                              I  system/security/keystore2/src/security_level.rs:353 - unwrap_key_if_required end
2025-12-09 12:18:26.413   661-661   keystore2               pid-661                              I  system/security/keystore2/src/security_level.rs:354 - upgrade_keyblob_if_required_with start
2025-12-09 12:18:26.413   663-663   TlcKM                   pid-663                              D  TEE_Begin 5.0
2025-12-09 12:18:26.413   663-663   TlcKM                   pid-663                              D  purpose = 0x00000000
2025-12-09 12:18:26.416   663-663   TlcKM                   pid-663                              D  find_spare_operation_slot: allocate op 0x70f5e7c46f1bcd9e to slot #0 (1 ops live)
2025-12-09 12:18:26.417   663-663   TlcKM                   pid-663                              D  TEE_Begin exiting with 0
2025-12-09 12:18:26.418   661-661   keystore2               pid-661                              I  system/security/keystore2/src/security_level.rs:395 - upgrade_keyblob_if_required_with end
2025-12-09 12:18:26.418   661-661   keystore2               pid-661                              I  system/security/keystore2/src/enforcements.rs:249 - finalize_create_authorization self.state=NoAuthRequired
2025-12-09 12:18:26.418   661-661   keystore2               pid-661                              I  system/security/keystore2/src/security_level.rs:401 - operation_db.create_operation start
2025-12-09 12:18:26.418   661-661   keystore2               pid-661                              I  system/security/keystore2/src/security_level.rs:419 - operation_db.create_operation end
2025-12-09 12:18:26.419   663-663   TlcKM                   pid-663                              D  TEE_Update
2025-12-09 12:18:26.419   663-663   TlcKM                   pid-663                              D  split_update_chunks
2025-12-09 12:18:26.421   663-663   TlcKM                   pid-663                              D  TEE_Update exiting with 0
2025-12-09 12:18:26.422   663-663   TlcKM                   pid-663                              D  TEE_Finish
2025-12-09 12:18:26.422   663-663   TlcKM                   pid-663                              D  split_update_chunks
2025-12-09 12:18:26.423   663-663   TlcKM                   pid-663                              D  release_operation_slot: release op slot #0 (handle 0x70f5e7c46f1bcd9e; 0 ops live)
2025-12-09 12:18:26.423   663-663   TlcKM                   pid-663                              D  TEE_Finish exiting with 0
2025-12-09 12:18:26.424   663-663   TlcKM                   pid-663                              D  TEE_Abort
2025-12-09 12:18:26.424   663-663   TlcKM                   pid-663                              E  lookup_operation: op 0x70f5e7c46f1bcd9e not found
2025-12-09 12:18:26.424   663-663   TlcKM                   pid-663                              E  lookup_operation(session, operation_handle, &op) == -28
2025-12-09 12:18:26.424   663-663   TlcKM                   pid-663                              D  TEE_Abort exiting with -28
2025-12-09 12:18:26.425  1561-1662  ApplicationHelper       pid-1561                             E  Fail to get PackageManager
2025-12-09 12:18:26.431   661-661   keystore2               pid-661                              I  system/security/keystore2/src/security_level.rs:235 - create_operation start
2025-12-09 12:18:26.431   661-661   keystore2               pid-661                              I  system/security/keystore2/src/security_level.rs:237 - caller_pid=8105
2025-12-09 12:18:26.431   661-661   keystore2               pid-661                              I  system/security/keystore2/src/security_level.rs:238 - caller_uid=10287
2025-12-09 12:18:26.431   661-661   keystore2               pid-661                              I  system/security/keystore2/src/security_level.rs:239 - forced=false
2025-12-09 12:18:26.431   661-661   keystore2               pid-661                              I  system/security/keystore2/src/security_level.rs:240 - key.domain=r#KEY_ID
2025-12-09 12:18:26.431   661-661   keystore2               pid-661                              I  system/security/keystore2/src/security_level.rs:241 - key.alias=None
2025-12-09 12:18:26.431   661-661   keystore2               pid-661                              I  system/security/keystore2/src/security_level.rs:277 - with_try_import start
2025-12-09 12:18:26.433   661-661   keystore2               pid-661                              I  system/security/keystore2/src/security_level.rs:299 - with_try_import end
2025-12-09 12:18:26.433   661-661   keystore2               pid-661                              I  system/security/keystore2/src/security_level.rs:333 - authorize_create start
2025-12-09 12:18:26.433   661-661   keystore2               pid-661                              I  system/security/keystore2/src/security_level.rs:344 - authorize_create end
2025-12-09 12:18:26.433   661-661   keystore2               pid-661                              I  system/security/keystore2/src/security_level.rs:345 - unwrap_key_if_required start
2025-12-09 12:18:26.433   661-661   keystore2               pid-661                              I  system/security/keystore2/src/security_level.rs:353 - unwrap_key_if_required end
2025-12-09 12:18:26.433   661-661   keystore2               pid-661                              I  system/security/keystore2/src/security_level.rs:354 - upgrade_keyblob_if_required_with start
2025-12-09 12:18:26.433   663-663   TlcKM                   pid-663                              D  TEE_Begin 5.0
2025-12-09 12:18:26.433   663-663   TlcKM                   pid-663                              D  purpose = 0x00000001
2025-12-09 12:18:26.442   663-663   TlcKM                   pid-663                              D  find_spare_operation_slot: allocate op 0x29a510d871e4ee92 to slot #0 (1 ops live)
2025-12-09 12:18:26.443   663-663   TlcKM                   pid-663                              D  TEE_Begin exiting with 0
2025-12-09 12:18:26.443   661-661   keystore2               pid-661                              I  system/security/keystore2/src/security_level.rs:395 - upgrade_keyblob_if_required_with end
2025-12-09 12:18:26.443   661-661   keystore2               pid-661                              I  system/security/keystore2/src/enforcements.rs:249 - finalize_create_authorization self.state=NoAuthRequired
2025-12-09 12:18:26.443   661-661   keystore2               pid-661                              I  system/security/keystore2/src/security_level.rs:401 - operation_db.create_operation start
2025-12-09 12:18:26.443   661-661   keystore2               pid-661                              I  system/security/keystore2/src/security_level.rs:419 - operation_db.create_operation end
2025-12-09 12:18:26.444   663-663   TlcKM                   pid-663                              D  TEE_Update
2025-12-09 12:18:26.445   663-663   TlcKM                   pid-663                              D  split_update_chunks
2025-12-09 12:18:26.447   663-663   TlcKM                   pid-663                              D  TEE_Update exiting with 0
2025-12-09 12:18:26.449   663-663   TlcKM                   pid-663                              D  TEE_Finish
2025-12-09 12:18:26.449   663-663   TlcKM                   pid-663                              D  split_update_chunks
2025-12-09 12:18:26.451   663-663   TlcKM                   pid-663                              D  release_operation_slot: release op slot #0 (handle 0x29a510d871e4ee92; 0 ops live)
2025-12-09 12:18:26.451   663-663   TlcKM                   pid-663                              D  TEE_Finish exiting with 0
2025-12-09 12:18:26.451   663-663   TlcKM                   pid-663                              D  TEE_Abort
2025-12-09 12:18:26.451   663-663   TlcKM                   pid-663                              E  lookup_operation: op 0x29a510d871e4ee92 not found
2025-12-09 12:18:26.451   663-663   TlcKM                   pid-663                              E  lookup_operation(session, operation_handle, &op) == -28
2025-12-09 12:18:26.451   663-663   TlcKM                   pid-663                              D  TEE_Abort exiting with -28
2025-12-09 12:18:26.453   661-661   keystore2               pid-661                              I  system/security/keystore2/src/security_level.rs:235 - create_operation start
2025-12-09 12:18:26.453   661-661   keystore2               pid-661                              I  system/security/keystore2/src/security_level.rs:237 - caller_pid=8105
2025-12-09 12:18:26.453   661-661   keystore2               pid-661                              I  system/security/keystore2/src/security_level.rs:238 - caller_uid=10287
2025-12-09 12:18:26.453   661-661   keystore2               pid-661                              I  system/security/keystore2/src/security_level.rs:239 - forced=false
2025-12-09 12:18:26.453   661-661   keystore2               pid-661                              I  system/security/keystore2/src/security_level.rs:240 - key.domain=r#KEY_ID
2025-12-09 12:18:26.453   661-661   keystore2               pid-661                              I  system/security/keystore2/src/security_level.rs:241 - key.alias=None
2025-12-09 12:18:26.453   661-661   keystore2               pid-661                              I  system/security/keystore2/src/security_level.rs:277 - with_try_import start
2025-12-09 12:18:26.454   661-661   keystore2               pid-661                              I  system/security/keystore2/src/security_level.rs:299 - with_try_import end
2025-12-09 12:18:26.454   661-661   keystore2               pid-661                              I  system/security/keystore2/src/security_level.rs:333 - authorize_create start
2025-12-09 12:18:26.454   661-661   keystore2               pid-661                              I  system/security/keystore2/src/security_level.rs:344 - authorize_create end
2025-12-09 12:18:26.454   661-661   keystore2               pid-661                              I  system/security/keystore2/src/security_level.rs:345 - unwrap_key_if_required start
2025-12-09 12:18:26.454   661-661   keystore2               pid-661                              I  system/security/keystore2/src/security_level.rs:353 - unwrap_key_if_required end
2025-12-09 12:18:26.454   661-661   keystore2               pid-661                              I  system/security/keystore2/src/security_level.rs:354 - upgrade_keyblob_if_required_with start
2025-12-09 12:18:26.454   663-663   TlcKM                   pid-663                              D  TEE_Begin 5.0
2025-12-09 12:18:26.454   663-663   TlcKM                   pid-663                              D  purpose = 0x00000001
2025-12-09 12:18:26.455   663-663   TlcKM                   pid-663                              D  find_spare_operation_slot: allocate op 0x4e2f8cacc05c0787 to slot #0 (1 ops live)
2025-12-09 12:18:26.456   663-663   TlcKM                   pid-663                              D  TEE_Begin exiting with 0
2025-12-09 12:18:26.457   661-661   keystore2               pid-661                              I  system/security/keystore2/src/security_level.rs:395 - upgrade_keyblob_if_required_with end
2025-12-09 12:18:26.457   661-661   keystore2               pid-661                              I  system/security/keystore2/src/enforcements.rs:249 - finalize_create_authorization self.state=NoAuthRequired
2025-12-09 12:18:26.457   661-661   keystore2               pid-661                              I  system/security/keystore2/src/security_level.rs:401 - operation_db.create_operation start
2025-12-09 12:18:26.457   661-661   keystore2               pid-661                              I  system/security/keystore2/src/security_level.rs:419 - operation_db.create_operation end
2025-12-09 12:18:26.462   663-663   TlcKM                   pid-663                              D  TEE_Update
2025-12-09 12:18:26.462   663-663   TlcKM                   pid-663                              D  split_update_chunks
2025-12-09 12:18:26.465   663-663   TlcKM                   pid-663                              D  TEE_Update exiting with 0
2025-12-09 12:18:26.465   663-663   TlcKM                   pid-663                              D  TEE_Finish
2025-12-09 12:18:26.465   663-663   TlcKM                   pid-663                              D  split_update_chunks
2025-12-09 12:18:26.467   663-663   TlcKM                   pid-663                              D  release_operation_slot: release op slot #0 (handle 0x4e2f8cacc05c0787; 0 ops live)
2025-12-09 12:18:26.468   663-663   TlcKM                   pid-663                              D  TEE_Finish exiting with 0
2025-12-09 12:18:26.468   663-663   TlcKM                   pid-663                              D  TEE_Abort
2025-12-09 12:18:26.468   663-663   TlcKM                   pid-663                              E  lookup_operation: op 0x4e2f8cacc05c0787 not found
2025-12-09 12:18:26.468   663-663   TlcKM                   pid-663                              E  lookup_operation(session, operation_handle, &op) == -28
2025-12-09 12:18:26.468   663-663   TlcKM                   pid-663                              D  TEE_Abort exiting with -28
2025-12-09 12:18:26.471   661-661   keystore2               pid-661                              I  system/security/keystore2/src/security_level.rs:235 - create_operation start
2025-12-09 12:18:26.472   661-661   keystore2               pid-661                              I  system/security/keystore2/src/security_level.rs:237 - caller_pid=8105
2025-12-09 12:18:26.472   661-661   keystore2               pid-661                              I  system/security/keystore2/src/security_level.rs:238 - caller_uid=10287
2025-12-09 12:18:26.472   661-661   keystore2               pid-661                              I  system/security/keystore2/src/security_level.rs:239 - forced=false
2025-12-09 12:18:26.472   661-661   keystore2               pid-661                              I  system/security/keystore2/src/security_level.rs:240 - key.domain=r#KEY_ID
2025-12-09 12:18:26.472   661-661   keystore2               pid-661                              I  system/security/keystore2/src/security_level.rs:241 - key.alias=None
2025-12-09 12:18:26.472   661-661   keystore2               pid-661                              I  system/security/keystore2/src/security_level.rs:277 - with_try_import start
2025-12-09 12:18:26.473   661-661   keystore2               pid-661                              I  system/security/keystore2/src/security_level.rs:299 - with_try_import end
2025-12-09 12:18:26.473   661-661   keystore2               pid-661                              I  system/security/keystore2/src/security_level.rs:333 - authorize_create start
2025-12-09 12:18:26.473   661-661   keystore2               pid-661                              I  system/security/keystore2/src/security_level.rs:344 - authorize_create end
2025-12-09 12:18:26.473   661-661   keystore2               pid-661                              I  system/security/keystore2/src/security_level.rs:345 - unwrap_key_if_required start
2025-12-09 12:18:26.473   661-661   keystore2               pid-661                              I  system/security/keystore2/src/security_level.rs:353 - unwrap_key_if_required end
2025-12-09 12:18:26.473   661-661   keystore2               pid-661                              I  system/security/keystore2/src/security_level.rs:354 - upgrade_keyblob_if_required_with start
2025-12-09 12:18:26.473   663-663   TlcKM                   pid-663                              D  TEE_Begin 5.0
2025-12-09 12:18:26.473   663-663   TlcKM                   pid-663                              D  purpose = 0x00000000
2025-12-09 12:18:26.475   663-663   TlcKM                   pid-663                              D  find_spare_operation_slot: allocate op 0x8bb0f41ddd4679c6 to slot #0 (1 ops live)
2025-12-09 12:18:26.475   663-663   TlcKM                   pid-663                              D  TEE_Begin exiting with 0
2025-12-09 12:18:26.476   661-661   keystore2               pid-661                              I  system/security/keystore2/src/security_level.rs:395 - upgrade_keyblob_if_required_with end
2025-12-09 12:18:26.476   661-661   keystore2               pid-661                              I  system/security/keystore2/src/enforcements.rs:249 - finalize_create_authorization self.state=NoAuthRequired
2025-12-09 12:18:26.476   661-661   keystore2               pid-661                              I  system/security/keystore2/src/security_level.rs:401 - operation_db.create_operation start
2025-12-09 12:18:26.476   661-661   keystore2               pid-661                              I  system/security/keystore2/src/security_level.rs:419 - operation_db.create_operation end
2025-12-09 12:18:26.477   663-663   TlcKM                   pid-663                              D  TEE_Update
2025-12-09 12:18:26.477   663-663   TlcKM                   pid-663                              D  split_update_chunks
2025-12-09 12:18:26.478   663-663   TlcKM                   pid-663                              D  TEE_Update exiting with 0
2025-12-09 12:18:26.479   663-663   TlcKM                   pid-663                              D  TEE_Finish
2025-12-09 12:18:26.479   663-663   TlcKM                   pid-663                              D  split_update_chunks
2025-12-09 12:18:26.481   663-663   TlcKM                   pid-663                              D  release_operation_slot: release op slot #0 (handle 0x8bb0f41ddd4679c6; 0 ops live)
2025-12-09 12:18:26.481   663-663   TlcKM                   pid-663                              D  TEE_Finish exiting with 0
2025-12-09 12:18:26.482   663-663   TlcKM                   pid-663                              D  TEE_Abort
2025-12-09 12:18:26.482   663-663   TlcKM                   pid-663                              E  lookup_operation: op 0x8bb0f41ddd4679c6 not found
2025-12-09 12:18:26.482   663-663   TlcKM                   pid-663                              E  lookup_operation(session, operation_handle, &op) == -28
2025-12-09 12:18:26.482   663-663   TlcKM                   pid-663                              D  TEE_Abort exiting with -28
2025-12-09 12:18:26.483   661-661   keystore2               pid-661                              I  system/security/keystore2/src/security_level.rs:235 - create_operation start
2025-12-09 12:18:26.483   661-661   keystore2               pid-661                              I  system/security/keystore2/src/security_level.rs:237 - caller_pid=8105
2025-12-09 12:18:26.483   661-661   keystore2               pid-661                              I  system/security/keystore2/src/security_level.rs:238 - caller_uid=10287
2025-12-09 12:18:26.483   661-661   keystore2               pid-661                              I  system/security/keystore2/src/security_level.rs:239 - forced=false
2025-12-09 12:18:26.483   661-661   keystore2               pid-661                              I  system/security/keystore2/src/security_level.rs:240 - key.domain=r#KEY_ID
2025-12-09 12:18:26.483   661-661   keystore2               pid-661                              I  system/security/keystore2/src/security_level.rs:241 - key.alias=None
2025-12-09 12:18:26.483   661-661   keystore2               pid-661                              I  system/security/keystore2/src/security_level.rs:277 - with_try_import start
2025-12-09 12:18:26.484   661-661   keystore2               pid-661                              I  system/security/keystore2/src/security_level.rs:299 - with_try_import end
2025-12-09 12:18:26.484   661-661   keystore2               pid-661                              I  system/security/keystore2/src/security_level.rs:333 - authorize_create start
2025-12-09 12:18:26.484   661-661   keystore2               pid-661                              I  system/security/keystore2/src/security_level.rs:344 - authorize_create end
2025-12-09 12:18:26.484   661-661   keystore2               pid-661                              I  system/security/keystore2/src/security_level.rs:345 - unwrap_key_if_required start
2025-12-09 12:18:26.484   661-661   keystore2               pid-661                              I  system/security/keystore2/src/security_level.rs:353 - unwrap_key_if_required end
2025-12-09 12:18:26.484   661-661   keystore2               pid-661                              I  system/security/keystore2/src/security_level.rs:354 - upgrade_keyblob_if_required_with start
2025-12-09 12:18:26.484   663-663   TlcKM                   pid-663                              D  TEE_Begin 5.0
2025-12-09 12:18:26.485   663-663   TlcKM                   pid-663                              D  purpose = 0x00000001
2025-12-09 12:18:26.486   663-663   TlcKM                   pid-663                              D  find_spare_operation_slot: allocate op 0x67e87064cbf3c300 to slot #0 (1 ops live)
2025-12-09 12:18:26.487   663-663   TlcKM                   pid-663                              D  TEE_Begin exiting with 0
2025-12-09 12:18:26.488   661-661   keystore2               pid-661                              I  system/security/keystore2/src/security_level.rs:395 - upgrade_keyblob_if_required_with end
2025-12-09 12:18:26.488   661-661   keystore2               pid-661                              I  system/security/keystore2/src/enforcements.rs:249 - finalize_create_authorization self.state=NoAuthRequired
2025-12-09 12:18:26.488   661-661   keystore2               pid-661                              I  system/security/keystore2/src/security_level.rs:401 - operation_db.create_operation start
2025-12-09 12:18:26.488   661-661   keystore2               pid-661                              I  system/security/keystore2/src/security_level.rs:419 - operation_db.create_operation end
2025-12-09 12:18:26.489   663-663   TlcKM                   pid-663                              D  TEE_Update
2025-12-09 12:18:26.489   663-663   TlcKM                   pid-663                              D  split_update_chunks
2025-12-09 12:18:26.490   663-663   TlcKM                   pid-663                              D  TEE_Update exiting with 0
2025-12-09 12:18:26.491   663-663   TlcKM                   pid-663                              D  TEE_Finish
2025-12-09 12:18:26.491   663-663   TlcKM                   pid-663                              D  split_update_chunks
2025-12-09 12:18:26.493   663-663   TlcKM                   pid-663                              D  release_operation_slot: release op slot #0 (handle 0x67e87064cbf3c300; 0 ops live)
2025-12-09 12:18:26.493   663-663   TlcKM                   pid-663                              D  TEE_Finish exiting with 0
2025-12-09 12:18:26.493   663-663   TlcKM                   pid-663                              D  TEE_Abort
2025-12-09 12:18:26.493   663-663   TlcKM                   pid-663                              E  lookup_operation: op 0x67e87064cbf3c300 not found
2025-12-09 12:18:26.493   663-663   TlcKM                   pid-663                              E  lookup_operation(session, operation_handle, &op) == -28
2025-12-09 12:18:26.493   663-663   TlcKM                   pid-663                              D  TEE_Abort exiting with -28
2025-12-09 12:18:26.495   661-661   keystore2               pid-661                              I  system/security/keystore2/src/security_level.rs:235 - create_operation start
2025-12-09 12:18:26.496   661-661   keystore2               pid-661                              I  system/security/keystore2/src/security_level.rs:237 - caller_pid=8105
2025-12-09 12:18:26.496   661-661   keystore2               pid-661                              I  system/security/keystore2/src/security_level.rs:238 - caller_uid=10287
2025-12-09 12:18:26.496   661-661   keystore2               pid-661                              I  system/security/keystore2/src/security_level.rs:239 - forced=false
2025-12-09 12:18:26.496   661-661   keystore2               pid-661                              I  system/security/keystore2/src/security_level.rs:240 - key.domain=r#KEY_ID
2025-12-09 12:18:26.496   661-661   keystore2               pid-661                              I  system/security/keystore2/src/security_level.rs:241 - key.alias=None
2025-12-09 12:18:26.496   661-661   keystore2               pid-661                              I  system/security/keystore2/src/security_level.rs:277 - with_try_import start
2025-12-09 12:18:26.496   661-661   keystore2               pid-661                              I  system/security/keystore2/src/security_level.rs:299 - with_try_import end
2025-12-09 12:18:26.497   661-661   keystore2               pid-661                              I  system/security/keystore2/src/security_level.rs:333 - authorize_create start
2025-12-09 12:18:26.497   661-661   keystore2               pid-661                              I  system/security/keystore2/src/security_level.rs:344 - authorize_create end
2025-12-09 12:18:26.497   661-661   keystore2               pid-661                              I  system/security/keystore2/src/security_level.rs:345 - unwrap_key_if_required start
2025-12-09 12:18:26.497   661-661   keystore2               pid-661                              I  system/security/keystore2/src/security_level.rs:353 - unwrap_key_if_required end
2025-12-09 12:18:26.497   661-661   keystore2               pid-661                              I  system/security/keystore2/src/security_level.rs:354 - upgrade_keyblob_if_required_with start
2025-12-09 12:18:26.497   663-663   TlcKM                   pid-663                              D  TEE_Begin 5.0
2025-12-09 12:18:26.497   663-663   TlcKM                   pid-663                              D  purpose = 0x00000001
2025-12-09 12:18:26.499   663-663   TlcKM                   pid-663                              D  find_spare_operation_slot: allocate op 0x37e178b641400578 to slot #0 (1 ops live)
2025-12-09 12:18:26.500   663-663   TlcKM                   pid-663                              D  TEE_Begin exiting with 0
2025-12-09 12:18:26.501   661-661   keystore2               pid-661                              I  system/security/keystore2/src/security_level.rs:395 - upgrade_keyblob_if_required_with end
2025-12-09 12:18:26.501   661-661   keystore2               pid-661                              I  system/security/keystore2/src/enforcements.rs:249 - finalize_create_authorization self.state=NoAuthRequired
2025-12-09 12:18:26.501   661-661   keystore2               pid-661                              I  system/security/keystore2/src/security_level.rs:401 - operation_db.create_operation start
2025-12-09 12:18:26.501   661-661   keystore2               pid-661                              I  system/security/keystore2/src/security_level.rs:419 - operation_db.create_operation end
2025-12-09 12:18:26.502   663-663   TlcKM                   pid-663                              D  TEE_Update
2025-12-09 12:18:26.502   663-663   TlcKM                   pid-663                              D  split_update_chunks
2025-12-09 12:18:26.503   663-663   TlcKM                   pid-663                              D  TEE_Update exiting with 0
2025-12-09 12:18:26.504   663-663   TlcKM                   pid-663                              D  TEE_Finish
2025-12-09 12:18:26.504   663-663   TlcKM                   pid-663                              D  split_update_chunks
2025-12-09 12:18:26.509   663-663   TlcKM                   pid-663                              D  release_operation_slot: release op slot #0 (handle 0x37e178b641400578; 0 ops live)
2025-12-09 12:18:26.509   663-663   TlcKM                   pid-663                              D  TEE_Finish exiting with 0
2025-12-09 12:18:26.510   663-663   TlcKM                   pid-663                              D  TEE_Abort
2025-12-09 12:18:26.510   663-663   TlcKM                   pid-663                              E  lookup_operation: op 0x37e178b641400578 not found
2025-12-09 12:18:26.510   663-663   TlcKM                   pid-663                              E  lookup_operation(session, operation_handle, &op) == -28
2025-12-09 12:18:26.510   663-663   TlcKM                   pid-663                              D  TEE_Abort exiting with -28
2025-12-09 12:18:26.516  8105-12376 SecureTokenStorage      pid-8105                             D  EncryptedSharedPreferences initialized successfully
2025-12-09 12:18:26.518  8105-12376 AuthOrchestrator        pid-8105                             D   Token existente encontrado - validando no servidor...
2025-12-09 12:18:26.520 20331-20331 dex2oat32               pid-20331                            I  dex2oat took 2.517s (3.137s cpu) (threads: 8) arena alloc=0B (0B) java alloc=7068KB (7238008B) native alloc=3156KB (3232352B) free=1986KB (2033904B)
2025-12-09 12:18:26.522  1561-1837  tranpm/BehaviorManager  pid-1561                             D  onMemPressureChange : level 0
2025-12-09 12:18:26.621 20324-20327 artd                    pid-20324                            I  dex2oat returned code 0
2025-12-09 12:18:26.635  1561-1662  ApplicationHelper       pid-1561                             E  Fail to get PackageManager
2025-12-09 12:18:26.635  1561-1662  ApplicationHelper       pid-1561                             E  Fail to get PackageManager
2025-12-09 12:18:26.641 12833-20121 ModuleInitIntentOp      pid-12833                            W  Dropping unexpected action com.google.android.gms.phenotype.COMMITTED
2025-12-09 12:18:26.641 12833-20121 ModuleInitIntentOp      pid-12833                            W  Dropping unexpected action com.google.android.gms.phenotype.COMMITTED
2025-12-09 12:18:26.643 12833-20121 ModuleInitIntentOp      pid-12833                            W  Dropping unexpected action com.google.android.gms.phenotype.COMMITTED
2025-12-09 12:18:26.645 12833-20200 SyncIntentOperation     pid-12833                            I  (REDACTED) Handling the intent: %s.
2025-12-09 12:18:26.648 12833-20204 MlBenchmarkInstaller    pid-12833                            I  (REDACTED) Intent: %s
2025-12-09 12:18:26.649 12833-20204 MlBenchmarkInstaller    pid-12833                            I  (REDACTED) COMMITTED Extra package name: %s
2025-12-09 12:18:26.650 12833-20203 MdiSyncModule           pid-12833                            I  flag handling is skipping irrelevant intent.
2025-12-09 12:18:26.652  1561-1662  ApplicationHelper       pid-1561                             E  Fail to get PackageManager
2025-12-09 12:18:26.653  1561-1662  ApplicationHelper       pid-1561                             E  Fail to get PackageManager
2025-12-09 12:18:26.653  8105-12376 SettingsGuardService    pid-8105                             D   Activity check - Full: null, Simple: null
2025-12-09 12:18:26.654  1561-5214  ArtService              pid-1561                             I  Dexopt result: [packageName = com.google.android.gms] DexContainerFileDexoptResult{dexContainerFile=/data/user_de/10/com.google.android.gms/app_chimera/m/0000000d/dl-Appsearch.optional_251036100400.apk, primaryAbi=true, abi=arm64-v8a, actualCompilerFilter=verify, status=PERFORMED, dex2oatWallTimeMillis=2841, dex2oatCpuTimeMillis=3290, sizeBytes=326432, sizeBeforeBytes=0, extendedStatusFlags=[]}
2025-12-09 12:18:26.656 12833-20203 ModuleInitIntentOp      pid-12833                            W  Dropping unexpected action com.google.android.gms.phenotype.COMMITTED
2025-12-09 12:18:26.657 20270-20361 PTCommittedOperation    pid-20270                            I  Receive new configuration for com.google.android.gms.trustlet_onbody
2025-12-09 12:18:26.658 20324-20327 artd                    pid-20324                            I  Dex parent of /data/user_de/0/com.google.android.gms/app_chimera/m/00000001/CronetDynamite.apk is not writable: Permission denied
2025-12-09 12:18:26.658 20324-20327 artd                    pid-20324                            I  GetBestInfo checking odex in dalvik-cache (/data/dalvik-cache/arm64/data@user_de@0@com.google.android.gms@app_chimera@m@00000001@CronetDynamite.apk@classes.dex)
2025-12-09 12:18:26.658 20324-20327 artd                    pid-20324                            I  Loading /data/dalvik-cache/arm64/data@user_de@0@com.google.android.gms@app_chimera@m@00000001@CronetDynamite.apk@classes.dex with executable: 0
2025-12-09 12:18:26.658 20324-20327 artd                    pid-20324                            I  OatFileAssistant test for existing oat file /data/dalvik-cache/arm64/data@user_de@0@com.google.android.gms@app_chimera@m@00000001@CronetDynamite.apk@classes.dex: File /data/dalvik-cache/arm64/data@user_de@0@com.google.android.gms@app_chimera@m@00000001@CronetDynamite.apk@classes.vdex does not exist.
2025-12-09 12:18:26.658 20324-20327 artd                    pid-20324                            I  GetBestInfo checking odex next to the dex file (/data/user_de/0/com.google.android.gms/app_chimera/m/00000001/oat/arm64/CronetDynamite.odex)
2025-12-09 12:18:26.658 20324-20327 artd                    pid-20324                            I  Loading /data/user_de/0/com.google.android.gms/app_chimera/m/00000001/oat/arm64/CronetDynamite.odex with executable: 0
2025-12-09 12:18:26.659 20324-20327 artd                    pid-20324                            I  Successfully loaded /data/user_de/0/com.google.android.gms/app_chimera/m/00000001/oat/arm64/CronetDynamite.odex with executable: 0
2025-12-09 12:18:26.660 20324-20327 artd                    pid-20324                            I  /data/user_de/0/com.google.android.gms/app_chimera/m/00000001/oat/arm64/CronetDynamite.odex is kOatUpToDate with filter verify
2025-12-09 12:18:26.660 20324-20327 artd                    pid-20324                            I  Should not recompile
2025-12-09 12:18:26.660  1561-5214  ArtService              pid-1561                             I  Dexopt result: [packageName = com.google.android.gms] DexContainerFileDexoptResult{dexContainerFile=/data/user_de/0/com.google.android.gms/app_chimera/m/00000001/CronetDynamite.apk, primaryAbi=true, abi=arm64-v8a, actualCompilerFilter=verify, status=SKIPPED, dex2oatWallTimeMillis=0, dex2oatCpuTimeMillis=0, sizeBytes=0, sizeBeforeBytes=0, extendedStatusFlags=[]}
2025-12-09 12:18:26.664 12833-20120 ModuleInitIntentOp      pid-12833                            W  Dropping unexpected action com.google.android.gms.phenotype.COMMITTED
2025-12-09 12:18:26.665 20324-20327 artd                    pid-20324                            I  Dex parent of /data/user_de/10/com.google.android.gms/app_chimera/m/0000000b/dl-MlkitBarcodeUi.optional_251036100400.apk is not writable: Permission denied
2025-12-09 12:18:26.665 20324-20327 artd                    pid-20324                            I  GetBestInfo checking odex in dalvik-cache (/data/dalvik-cache/arm64/data@user_de@10@com.google.android.gms@app_chimera@m@0000000b@dl-MlkitBarcodeUi.optional_251036100400.apk@classes.dex)
2025-12-09 12:18:26.665 20324-20327 artd                    pid-20324                            I  Loading /data/dalvik-cache/arm64/data@user_de@10@com.google.android.gms@app_chimera@m@0000000b@dl-MlkitBarcodeUi.optional_251036100400.apk@classes.dex with executable: 0
