2025-12-07 16:02:28.372  1008-2033  SurfaceFlinger          pid-1008                             D  updateWinowInfo=1, setFocusedWindow timestamp=1078859976986, windowName=b88e622 com.transsion.XOSLauncher/com.android.launcher3.uioverrides.QuickstepLauncher
2025-12-07 16:02:28.372  1561-1698  Griffin/DeviceState     pid-1561                             I  virtualDisplayPackageName :{}
2025-12-07 16:02:28.372  1561-4544  FileUtils               pid-1561                             D  Rounded bytes from 8055648256 to 16000000000
2025-12-07 16:02:28.373  1561-2984  AudioSystem             pid-1561                             D  +setParameters(): screen_state=on 
2025-12-07 16:02:28.373   993-1083  AudioFlinger            pid-993                              I  setParameters: filtered keyvalue screen_state=on
2025-12-07 16:02:28.373   993-1083  AudioFlinger            pid-993                              I  +mAudioHwDevs(primary)->setParameters(): screen_state=on
2025-12-07 16:02:28.374   918-4137  AudioALSAHardware       pid-918                              D  +setParameters(): screen_state=on
2025-12-07 16:02:28.374  1561-1724  Magellan                pid-1561                             D  fallbackReportThrottlingIfNeeded return. 
2025-12-07 16:02:28.374   918-4137  AudioALSAStreamOut      pid-918                              D  +setScreenState(), flag 2, mode 1
2025-12-07 16:02:28.374   918-4137  AudioALSAStreamOut      pid-918                              D  +setScreenState(), flag 8, mode 1
2025-12-07 16:02:28.374   918-4137  AudioALSAStreamOut      pid-918                              D  +setScreenState(), flag 4, mode 1
2025-12-07 16:02:28.374   918-4137  AudioALSAStreamOut      pid-918                              D  +setScreenState(), flag 32768, mode 1
2025-12-07 16:02:28.374   918-4137  AudioALSAStreamOut      pid-918                              D  +setScreenState(), flag 65536, mode 1
2025-12-07 16:02:28.374   918-4137  AudioALSAHardware       pid-918                              D  -setParameters(): screen_state=on
2025-12-07 16:02:28.374   993-1083  AudioFlinger            pid-993                              I  -mAudioHwDevs(primary)->setParameters(): screen_state=on
2025-12-07 16:02:28.374   993-1083  AudioFlinger            pid-993                              I  +mAudioHwDevs(bluetooth)->setParameters(): screen_state=on
2025-12-07 16:02:28.374  5638-5638  SmartPanelService       pid-5638                             I  mDisplayListener onDisplayChanged
2025-12-07 16:02:28.375   993-1083  AudioFlinger            pid-993                              I  -mAudioHwDevs(bluetooth)->setParameters(): screen_state=on
2025-12-07 16:02:28.375   993-1083  AudioFlinger            pid-993                              I  +mAudioHwDevs(usb)->setParameters(): screen_state=on
2025-12-07 16:02:28.375  1008-1008  BufferQueueDebug        pid-1008                             I  [2f09d46 ActivityRecordInputSink com.cdccreditsmart.app/.presentation.MainActivity#1216](this:0xb4000079eb28d9f8,id:-1,api:0,p:-1,c:1008) onDestructor()
2025-12-07 16:02:28.375   993-1083  AudioFlinger            pid-993                              I  -mAudioHwDevs(usb)->setParameters(): screen_state=on
2025-12-07 16:02:28.375   993-1083  AudioFlinger            pid-993                              I  +mAudioHwDevs(r_submix)->setParameters(): screen_state=on
2025-12-07 16:02:28.376   993-1083  AudioFlinger            pid-993                              I  -mAudioHwDevs(r_submix)->setParameters(): screen_state=on
2025-12-07 16:02:28.376   993-1083  TranFlinger             pid-993                              E  setPareters is is 0
2025-12-07 16:02:28.376  3588-3588  SuggestionExtraAppMgr   pid-3588                             I  SuggestionExtraAppMgr onWindowFocusChanged call mHasFocus:false, hasFocus:true
2025-12-07 16:02:28.376  3588-3588  SuggestionExtraAppMgr   pid-3588                             I  SuggestionExtraAppMgr loadAdBySuggest skipped, interval not met.
2025-12-07 16:02:28.376  3588-3588  LauncherAdsMgr          pid-3588                             I  loadAdByAz call 
2025-12-07 16:02:28.376  3588-3588  LauncherAdsMgr          pid-3588                             D  isMiDataValid call true, false,mIsSwitchOn:false,mCloudConfig:true
2025-12-07 16:02:28.376  3588-3588  LauncherAdsMgr          pid-3588                             I  loadAdByAz return for data invalid
2025-12-07 16:02:28.376  3588-3588  BaseAdsAppMgr           pid-3588                             I  a onError TaErrorCode{errorCode=-1, errorMessage='not support'}, mTaNativeInfoList.size:0
2025-12-07 16:02:28.376  3588-3588  Smart_BaseWidget        pid-3588                             I  onScreenVisibleChanged: screenPage:0, widgetId:0
2025-12-07 16:02:28.376  3588-3588  Smart_BaseWidget        pid-3588                             I  onWidgetExposed : mWidgetId = 0, reason: onScreenVisibleChanged
2025-12-07 16:02:28.376  3588-3588  LauncherPreAnalytics    pid-3588                             I  postAthenaEvent tid = 9461 eventName = Aitips_widget_exposure bundle = Bundle[{widget_trigger=0, widget_name=Aitips_Apps, widget_size=2*2, widget_ID=0}]
2025-12-07 16:02:28.379  1561-4370  TranActivi...gerService pid-1561                             D  isTheMainScreen, displayId = 0, classname = com.android.launcher3.uioverrides.QuickstepLauncher
2025-12-07 16:02:28.380  1561-2058  ImeTracker              pid-1561                             I  com.transsion.XOSLauncher:91edf6b0: onRequestHide at ORIGIN_SERVER reason HIDE_UNSPECIFIED_WINDOW fromUser false
2025-12-07 16:02:28.380  1561-2058  ImeTracker              pid-1561                             I  com.transsion.XOSLauncher:91edf6b0: onCancelled at PHASE_SERVER_SHOULD_HIDE
2025-12-07 16:02:28.381  1561-2058  TranWindow...erviceImpl pid-1561                             D  hookIMEVisibleChanged(), show:false
2025-12-07 16:02:28.381  1561-2058  TranMultiW...ponentImpl pid-1561                             I  hookInputMethodShown inputShown: false, connected:false, unbd:false
2025-12-07 16:02:28.381  1561-2058  TranSCSour...anagerImpl pid-1561                             I  hookInputMethodShown inputShown: false
2025-12-07 16:02:28.381  1561-2058  TranSecure...anagerImpl pid-1561                             D  hookInputShowFromIMMS inputShow= false , mVisible = false , mNeedShow = false
2025-12-07 16:02:28.382 13166-13166 BLASTBufferQueue        pid-13166                            D  [VRI[MainActivity]#7](f:0,a:1) destructor()
2025-12-07 16:02:28.382 13166-13166 BufferQueueConsumer     pid-13166                            D  [VRI[MainActivity]#7(BLAST Consumer)7](id:336e00000007,api:0,p:-1,c:13166) disconnect
2025-12-07 16:02:28.382  1561-2058  input_debug             pid-1561                             I  package: com.transsion.XOSLauncher mNeedShowSafeInput: false inputType: 0 methodMap: true isKeyguardShowing: false enable: 0 isSplitScreen: false
2025-12-07 16:02:28.383  5638-15720 THubApi                 pid-5638                             D  getUserId TaskInfo{userId=0 taskId=10 displayId=0 isRunning=true baseIntent=Intent { act=android.intent.action.MAIN cat=[android.intent.category.HOME] flg=0x13a08000 cmp=com.transsion.XOSLauncher/com.android.launcher3.uioverrides.QuickstepLauncher } baseActivity=ComponentInfo{com.transsion.XOSLauncher/com.android.launcher3.uioverrides.QuickstepLauncher} topActivity=ComponentInfo{com.transsion.XOSLauncher/com.android.launcher3.uioverrides.QuickstepLauncher} origActivity=null realActivity=ComponentInfo{com.transsion.XOSLauncher/com.android.launcher3.uioverrides.QuickstepLauncher} numActivities=1 lastActiveTime=1078874 supportsMultiWindow=false resizeMode=2 isResizeable=true minWidth=-1 minHeight=-1 defaultMinSize=110 token=WCT{android.window.IWindowContainerToken$Stub$Proxy@eb3628e} topActivityType=2 pictureInPictureParams=null shouldDockBigOverlays=false launchIntoPipHostTaskId=-1 lastParentTaskIdBeforePip=-1 displayCutoutSafeInsets=null topActivityInfo=ActivityInfo{23c6aaf com.android.launcher3.uioverrides.QuickstepLauncher} launchCookies=[] positionInParent=Point(0, 0) parentTaskId=-1 isFocused=true isVisible=true isVisibleRequested=true isSleeping=false locusId=LocusId[17_chars] displayAreaFeatureId=1 isTopActivityTransparent=false appCompatTaskInfo=AppCompatTaskInfo { topActivityInSizeCompat=false topActivityEligibleForLetterboxEducation= falseisLetterboxEducationEnabled= false isLetterboxDoubleTapEnabled= false topActivityEligibleForUserAspectRatioButton= false topActivityBoundsLetterboxed= false isFromLetterboxDoubleTap= false topActivityLetterboxVerticalPosition= -1 topActivityLetterboxHorizontalPosition= -1 topActivityLetterboxWidth=1080 topActivityLetterboxHeight=2436 isUserFullscreenOverrideEnabled=false isSystemFullscreenOverrideEnabled=false cameraCompatTaskInfo=CameraCompatTaskInfo { cameraCompatControlState=hidden freeformCameraCompatMode=inactive}}}
2025-12-07 16:02:28.385 15420-15764 bt_shim_scanner         pid-15420                            I  [le_scanning_manager.cc(851)] handle_remote_properties: handle_remote_properties  device_type= 2
2025-12-07 16:02:28.387  1561-2013  tranpm/ServicePolicy    pid-1561                             I  isBlockHsB1 true
2025-12-07 16:02:28.388  4208-4208  GoogleInpu...hodService pid-4208                             I  GoogleInputMethodService.onFinishInput():1984 
2025-12-07 16:02:28.390  4208-4208  Module                  pid-4208                             I  DeviceLockedStatusModuleProvider$Module.updateDeviceLockedStatus():100 repeatCheckTimes = 0, locked = false
2025-12-07 16:02:28.390  1008-4165  BufferQueueDebug        pid-1008                             I  [Surface(name=6738b42 InputMethod)/@0x46fce79 - animation-leash of insets_animation#1240](this:0xb4000079eb27c898,id:-1,api:0,p:-1,c:-1) BufferQueue core=(1008:/system/bin/surfaceflinger)
2025-12-07 16:02:28.391  4208-4208  GoogleInpu...hodService pid-4208                             I  GoogleInputMethodService.onStartInput():1248 onStartInput(EditorInfo{EditorInfo{packageName=com.transsion.XOSLauncher, inputType=0, inputTypeString=NULL, enableLearning=false, autoCorrection=false, autoComplete=false, imeOptions=0, privateImeOptions=null, actionName=UNSPECIFIED, actionLabel=null, initialSelStart=-1, initialSelEnd=-1, initialCapsMode=0, label=null, fieldId=0, fieldName=null, extras=null, hintText=null, hintLocales=[]}}, false)
2025-12-07 16:02:28.392  1561-2013  tranpm/ServicePolicy    pid-1561                             I  limitBindServiceLocked by hs&job - cold: callingPackage = android, targetPkg = com.google.android.calendar
2025-12-07 16:02:28.393  1561-2013  ActivityManager         pid-1561                             W  Unbind failed: could not find connection for android.app.LoadedApk$ServiceDispatcher$InnerConnection@f715b
2025-12-07 16:02:28.393  1561-2013  JobSchedul...oncurrency pid-1561                             E  Error executing JobStatus{a35367 androidx.work.systemjobscheduler:u0a224/5 @androidx.work.systemjobscheduler@com.google.android.calendar/androidx.work.impl.background.systemjob.SystemJobService u=0 s=10224 TIME=-2m15s551ms:none NET READY}
2025-12-07 16:02:28.393  4208-4208  Module                  pid-4208                             I  DeviceLockedStatusModuleProvider$Module.updateDeviceLockedStatus():100 repeatCheckTimes = 1, locked = false
2025-12-07 16:02:28.396  1561-4289  PackageConfigPersister  pid-1561                             W  App-specific configuration not found for packageName: com.transsion.XOSLauncher and userId: 0
2025-12-07 16:02:28.404  1008-4165  SurfaceFlinger          pid-1008                             I  onHandleDestroyed: name=Surface(name=6738b42 InputMethod)/@0x46fce79 - animation-leash of insets_animation#1230, layerId=1230, parentId=0
2025-12-07 16:02:28.408  1008-1008  BufferQueueDebug        pid-1008                             I  [Surface(name=6738b42 InputMethod)/@0x46fce79 - animation-leash of insets_animation#1230](this:0xb4000079eb25d368,id:-1,api:0,p:-1,c:1008) onDestructor()
2025-12-07 16:02:28.409  1561-4370  MagellanHandle          pid-1561                             D  updateRefreshRateForSceneVsyncs what = 23
2025-12-07 16:02:28.411  4638-5155  SimpleEventAdapt        pid-4638                             I  onAppStartEvent get com.cdccreditsmart.app,start false
2025-12-07 16:02:28.413  3588-21647 InsetsController        pid-3588                             I  Insets animation onAnimationEnd
2025-12-07 16:02:28.417 26231-26593 Finsky:background       pid-26231                            I  [1634] RF::PP-Copy: Finished copying from input stream for com.google.android.gms.dm
2025-12-07 16:02:28.420  1008-4165  SurfaceFlinger          pid-1008                             I  onHandleDestroyed: name=com.cdccreditsmart.app/com.cdccreditsmart.app.presentation.MainActivity#1217, layerId=1217, parentId=0
2025-12-07 16:02:28.422  1561-1696  ApplicationHelper       pid-1561                             E  Fail to get PackageManager
2025-12-07 16:02:28.423  1561-1696  ApplicationHelper       pid-1561                             E  Fail to get PackageManager
2025-12-07 16:02:28.427  1008-1008  BufferQueueDebug        pid-1008                             I  [com.cdccreditsmart.app/com.cdccreditsmart.app.presentation.MainActivity#1217](this:0xb4000079eb287ed8,id:-1,api:0,p:-1,c:1008) onDestructor()
2025-12-07 16:02:28.436 26231-26333 Finsky:background       pid-26231                            I  [1599] RF::PP-Verify: starting to verify for com.google.android.gms[iid:1] [isid:EJQ-j2TlQCGkidAjDx57TQ] [tid: 1000000001].
2025-12-07 16:02:28.441 26231-26339 Finsky:background       pid-26231                            I  [1602] RF::TC: Skipping intermediate file cleanup due to sufficient space on device
2025-12-07 16:02:28.527  1561-1909  libtrancpufreqtime      pid-1561                             D  [doPollPsi:227] cpu psi is high, 500ms at 1s window
2025-12-07 16:02:28.553 26231-26289 Finsky:background       pid-26231                            I  [1592] Stats for Executor: bgExecutor uly@23f9f0c[Running, pool size = 4, active threads = 0, queued tasks = 0, completed tasks = 988]
2025-12-07 16:02:28.584 26231-26289 Finsky:background       pid-26231                            I  [1592] Stats for Executor: LightweightExecutor uly@6d49055[Running, pool size = 4, active threads = 0, queued tasks = 0, completed tasks = 2049]
2025-12-07 16:02:28.651   959-1003  libPerfCtl              pid-959                              I  xgfGetFPS pid:3204 fps:67
2025-12-07 16:02:28.651   959-1003  AppThermalMode          pid-959                              I  [perfNotifyThermalState] hdl:0
2025-12-07 16:02:28.651   959-1003  AppThermalMode          pid-959                              I  [findAppThermalIdx] Fail: appThermalModeEnable: 0,currentFPS: -1,fg->pid:3588
2025-12-07 16:02:28.651   959-1003  AppThermalMode          pid-959                              I  [perfNotifyThermalState] appThermalIdx -1:
2025-12-07 16:02:28.651   959-1003  libPerfCtl              pid-959                              I  xgfGetFPS pid:3588 fps:108
2025-12-07 16:02:28.651   959-1003  AppThermalMode          pid-959                              I  [perfNotifyThermalState] hdl:0
2025-12-07 16:02:28.651   959-1003  AppThermalMode          pid-959                              I  [findAppThermalIdx] Fail: appThermalModeEnable: 0,currentFPS: -1,fg->pid:3588
2025-12-07 16:02:28.651   959-1003  AppThermalMode          pid-959                              I  [perfNotifyThermalState] appThermalIdx -1:
2025-12-07 16:02:28.651   959-1003  libPowerHal             pid-959                              I  [updateFPS] pid(3588) : -1 => 120
2025-12-07 16:02:28.652   959-1051  libPowerHal             pid-959                              I  [perfNotifyAppState] pack:com.transsion.XOSLauncher, act:com.android.launcher3.uioverrides.QuickstepLauncher, state:5, pid:3588, uid:10169, fps:120
2025-12-07 16:02:28.652   959-1051  UxUtility               pid-959                              I  notifyForegroundApp pack:com.transsion.XOSLauncher, uid:10169
2025-12-07 16:02:28.652   959-1051  TouchUtility            pid-959                              I  notifyAppState error = NULL
2025-12-07 16:02:28.653   959-1003  libPerfCtl              pid-959                              I  xgfGetFPS pid:13166 fps:-1
2025-12-07 16:02:28.653   959-1003  AppThermalMode          pid-959                              I  [perfNotifyThermalState] hdl:0
2025-12-07 16:02:28.653   959-1003  AppThermalMode          pid-959                              I  [findAppThermalIdx] Fail: appThermalModeEnable: 0,currentFPS: 120,fg->pid:3588
2025-12-07 16:02:28.653   959-1003  AppThermalMode          pid-959                              I  [perfNotifyThermalState] appThermalIdx -1:
2025-12-07 16:02:28.653   959-1003  libPerfCtl              pid-959                              I  xgfGetFPS pid:17178 fps:-1
2025-12-07 16:02:28.653   959-1003  AppThermalMode          pid-959                              I  [perfNotifyThermalState] hdl:0
2025-12-07 16:02:28.653   959-1003  AppThermalMode          pid-959                              I  [findAppThermalIdx] Fail: appThermalModeEnable: 0,currentFPS: 120,fg->pid:3588
2025-12-07 16:02:28.653   959-1003  AppThermalMode          pid-959                              I  [perfNotifyThermalState] appThermalIdx -1:
2025-12-07 16:02:28.691  1561-2961  TranWifiTputMonitor     pid-1561                             D  top app: com.transsion.XOSLauncher in white list: false
2025-12-07 16:02:28.703  3473-3987  TLinkBrush_DATA         pid-3473                             D  [TranSST0] checkTopApp: [com.transsion.XOSLauncher],
2025-12-07 16:02:28.710   931-1030  hwcomposer              pid-931                              I  [HWCDisplay] [Display_0 (type:1)] fps:114.444572,dur:1004.85,max:18.44,min:4.98  
2025-12-07 16:02:28.721 26231-26966 Finsky:background       pid-26231                            I  [1658] DSC::L: Update all listeners for download <21:RUNNING:0%[0%]> in group com.google.android.gms:EJQ-j2TlQCGkidAjDx57TQ
2025-12-07 16:02:28.721 26231-26966 Finsky:background       pid-26231                            I  [1658] DSC::L: Updating listener DownloadServiceManagerListener::alav@2de6687 for download <21:RUNNING:0%[0%]>
2025-12-07 16:02:28.721 26231-26966 Finsky:background       pid-26231                            I  [1658] DS: Received onProgress request_id=21
2025-12-07 16:02:28.721 26231-26966 Finsky:background       pid-26231                            I  [1658] RM: receive resource status onProgress download_request_id=21, group_id=DynamiteModulesA_installtime.dm reason: auto_update isid: EJQ-j2TlQCGkidAjDx57TQ, status_code=RESOURCE_STATUS_IN_PROGRESS, legacy_status_code=192, size: 0/11366
2025-12-07 16:02:28.722 26231-26966 Finsky:background       pid-26231                            I  [1658] DSC::L: Updating listener tno@b833a2 for download <21:RUNNING:0%[0%]>
2025-12-07 16:02:28.723 26231-26966 Finsky:background       pid-26231                            I  [1658] DSC::L: Updating listener DownloadServiceManagerListener::rrn@89bbb6d for download <21:RUNNING:0%[0%]>
2025-12-07 16:02:28.724 26231-26966 Finsky:background       pid-26231                            I  [1658] DS::IDC: updateWith: <21:RUNNING:0%[0%]>
2025-12-07 16:02:28.725 26231-26966 Finsky:background       pid-26231                            I  [1658] DSC::L: Update all listeners for download <21:RUNNING:43%[43%]> in group com.google.android.gms:EJQ-j2TlQCGkidAjDx57TQ
2025-12-07 16:02:28.725 26231-26966 Finsky:background       pid-26231                            I  [1658] DSC::L: Updating listener DownloadServiceManagerListener::alav@2de6687 for download <21:RUNNING:43%[43%]>
2025-12-07 16:02:28.726 26231-26966 Finsky:background       pid-26231                            I  [1658] DS: Received onProgress request_id=21
2025-12-07 16:02:28.726 26231-26966 Finsky:background       pid-26231                            I  [1658] RM: receive resource status onProgress download_request_id=21, group_id=DynamiteModulesA_installtime.dm reason: auto_update isid: EJQ-j2TlQCGkidAjDx57TQ, status_code=RESOURCE_STATUS_IN_PROGRESS, legacy_status_code=192, size: 4888/11366
2025-12-07 16:02:28.726 26231-26966 Finsky:background       pid-26231                            I  [1658] DSC::L: Updating listener tno@b833a2 for download <21:RUNNING:43%[43%]>
2025-12-07 16:02:28.726 26231-26966 Finsky:background       pid-26231                            I  [1658] DSC::L: Updating listener DownloadServiceManagerListener::rrn@89bbb6d for download <21:RUNNING:43%[43%]>
2025-12-07 16:02:28.726 26231-26966 Finsky:background       pid-26231                            I  [1658] DS::IDC: updateWith: <21:RUNNING:43%[43%]>
2025-12-07 16:02:28.729 26231-26388 Finsky:background       pid-26231                            I  [1612] RM: getStatus resourceRequestId=0a93a6ce-930d-4269-8e99-b7af6cb8f102 requestId=21 package=com.google.android.gms artifact=DynamiteModulesA_installtime.dm isid=EJQ-j2TlQCGkidAjDx57TQ
2025-12-07 16:02:28.729 26231-26388 Finsky:background       pid-26231                            I  [1612] DSC: reviveDownload(21)
2025-12-07 16:02:28.730 26231-26388 Finsky:background       pid-26231                            I  [1612] DS: reviveDownload(request_id=21)
2025-12-07 16:02:28.731 26231-26391 Finsky:background       pid-26231                            I  [1613] RM: getStatus resourceRequestId=0a93a6ce-930d-4269-8e99-b7af6cb8f102 requestId=21 package=com.google.android.gms artifact=DynamiteModulesA_installtime.dm isid=EJQ-j2TlQCGkidAjDx57TQ
2025-12-07 16:02:28.731 26231-26391 Finsky:background       pid-26231                            I  [1613] DSC: reviveDownload(21)
2025-12-07 16:02:28.732 26231-26966 Finsky:background       pid-26231                            I  [1658] DS: DS: onReviveDownload(request_id=21, files_to_download=[DynamiteModulesA_installtime.dm(size:11366)], context[group_id=com.google.android.gms:EJQ-j2TlQCGkidAjDx57TQ], display_data[invisible=true, title=Play support libraries update], network_restrictions=ANY_NETWORK status=running, bytes_downloaded=4888, total_bytes=11366, retry[count=0, next_retry=n/a])
2025-12-07 16:02:28.732 26231-26387 Finsky:background       pid-26231                            I  [1611] DS: reviveDownload(request_id=21)
2025-12-07 16:02:28.733 26231-26966 Finsky:background       pid-26231                            I  [1658] DS: DS: onReviveDownload(request_id=21, files_to_download=[DynamiteModulesA_installtime.dm(size:11366)], context[group_id=com.google.android.gms:EJQ-j2TlQCGkidAjDx57TQ], display_data[invisible=true, title=Play support libraries update], network_restrictions=ANY_NETWORK status=running, bytes_downloaded=4888, total_bytes=11366, retry[count=0, next_retry=n/a])
2025-12-07 16:02:28.734 26231-26231 Finsky:background       pid-26231                            I  [2] RF: onProgress request_id=21 isid=EJQ-j2TlQCGkidAjDx57TQ
2025-12-07 16:02:28.735 26231-26231 Finsky:background       pid-26231                            I  [2] RF: resourceStatus for request_id=21 group=com.google.android.gms artifact=DynamiteModulesA_installtime.dm collectedBytes= 4888 / 11366
2025-12-07 16:02:28.735 26231-26231 Finsky:background       pid-26231                            I  [2] RF: Group=com.google.android.gms totalBytesDownloaded= 10537119 / 57140993 for 20 artifacts
2025-12-07 16:02:28.739 26231-26231 Finsky:background       pid-26231                            I  [2] RF: Preventing total bytes update to listeners
2025-12-07 16:02:28.739 26231-26231 Finsky:background       pid-26231                            I  [2] RF: onProgress request_id=21 isid=EJQ-j2TlQCGkidAjDx57TQ
2025-12-07 16:02:28.739 26231-26231 Finsky:background       pid-26231                            I  [2] RF: resourceStatus for request_id=21 group=com.google.android.gms artifact=DynamiteModulesA_installtime.dm collectedBytes= 4888 / 11366
2025-12-07 16:02:28.740 26231-26231 Finsky:background       pid-26231                            I  [2] RF: Group=com.google.android.gms totalBytesDownloaded= 10537119 / 57140993 for 20 artifacts
2025-12-07 16:02:28.743 26231-26231 Finsky:background       pid-26231                            I  [2] RF: Preventing total bytes update to listeners
2025-12-07 16:02:28.758  1008-1008  BufferQueueProducer     pid-1008                             I  [com.transsion.XOSLauncher/com.android.launcher3.uioverrides.QuickstepLauncher#1232](this:0xb4000079eb22fa68,id:-1,api:0,p:-1,c:1008) queueBuffer: fps=107.77 dur=1002.18 max=42.41 min=7.13
2025-12-07 16:02:28.776   959-1051  mtkpower@impl           pid-959                              I  [powerd_req] TIMER_MSG_PERF_LOCK_TIMEOUT hdl:1992
2025-12-07 16:02:28.776   959-1051  libPowerHal             pid-959                              I  [unsetGPUFreq] current min:15, max:0; scn_gpu_min:15, scn_gpu_max:-1; scn_gpu_min(HL):-1, scn_gpu_max(HL):-1
2025-12-07 16:02:28.776   959-1051  libPowerHal             pid-959                              I  [setGPUFreq] Soft min/max = (15, 0); Hard min/max = (44, 0)
2025-12-07 16:02:28.776   959-1051  libPowerHal             pid-959                              I  [setGPUFreq] final min/max = (15, 0)
2025-12-07 16:02:28.776   959-1051  libPowerHal             pid-959                              I  INTERACTION: set gpu opp level: 15
2025-12-07 16:02:28.776   959-1051  libPowerHal             pid-959                              I  INTERACTION: set gpu opp level max: 0
2025-12-07 16:02:28.778 26215-26256 Finsky:background       pid-26215                            I  [1587] Stats for Executor: BlockingExecutor uly@614b6fa[Running, pool size = 3, active threads = 0, queued tasks = 0, completed tasks = 37]
2025-12-07 16:02:28.779 26231-26972 Finsky:background       pid-26231                            I  [1663] CronetDownloader: onRedirectReceived
2025-12-07 16:02:28.794  1561-2963  TranWifiSm...Controller pid-1561                             I  top app: com.transsion.XOSLauncher in white list: false ,Landscape screen: false
2025-12-07 16:02:28.794   908-908   OemNetd                 pid-908                              E  transmitAppUidToNetwork uid=(0)
2025-12-07 16:02:28.806 26231-26966 Finsky:background       pid-26231                            I  [1658] DSC::L: Update all listeners for download <21:RUNNING:100%[100%]> in group com.google.android.gms:EJQ-j2TlQCGkidAjDx57TQ
2025-12-07 16:02:28.807 26231-26966 Finsky:background       pid-26231                            I  [1658] DSC::L: Updating listener DownloadServiceManagerListener::alav@2de6687 for download <21:RUNNING:100%[100%]>
2025-12-07 16:02:28.807 26231-26966 Finsky:background       pid-26231                            I  [1658] DS: Received onProgress request_id=21
2025-12-07 16:02:28.808 26231-26966 Finsky:background       pid-26231                            I  [1658] RM: receive resource status onProgress download_request_id=21, group_id=DynamiteModulesA_installtime.dm reason: auto_update isid: EJQ-j2TlQCGkidAjDx57TQ, status_code=RESOURCE_STATUS_IN_PROGRESS, legacy_status_code=192, size: 11366/11366
2025-12-07 16:02:28.809 26231-26966 Finsky:background       pid-26231                            I  [1658] DSC::L: Updating listener tno@b833a2 for download <21:RUNNING:100%[100%]>
2025-12-07 16:02:28.809 26231-26966 Finsky:background       pid-26231                            I  [1658] DSC::L: Updating listener DownloadServiceManagerListener::rrn@89bbb6d for download <21:RUNNING:100%[100%]>
2025-12-07 16:02:28.809 26231-26966 Finsky:background       pid-26231                            I  [1658] DS::IDC: updateWith: <21:RUNNING:100%[100%]>
2025-12-07 16:02:28.812 26231-26391 Finsky:background       pid-26231                            I  [1613] RM: getStatus resourceRequestId=0a93a6ce-930d-4269-8e99-b7af6cb8f102 requestId=21 package=com.google.android.gms artifact=DynamiteModulesA_installtime.dm isid=EJQ-j2TlQCGkidAjDx57TQ
2025-12-07 16:02:28.812 26231-26966 Finsky:background       pid-26231                            I  [1658] DS: Decremented runningDownloadsCount to: 3
2025-12-07 16:02:28.812 26231-26966 Finsky:background       pid-26231                            I  [1658] DS: Current runningDownloadsCount: 3, maxSimultaneousDownloads: 4
2025-12-07 16:02:28.813 26231-26966 Finsky:background       pid-26231                            I  [1658] DS: Incremented runningDownloadsCount to: 4
2025-12-07 16:02:28.813 26231-26391 Finsky:background       pid-26231                            I  [1613] DSC: reviveDownload(21)
2025-12-07 16:02:28.814 26231-26966 Finsky:background       pid-26231                            I  [1658] DSC::L: Update all listeners for download <21:SUCCEEDED> in group com.google.android.gms:EJQ-j2TlQCGkidAjDx57TQ
2025-12-07 16:02:28.815 26231-26966 Finsky:background       pid-26231                            I  [1658] DSC::L: Updating listener DownloadServiceManagerListener::alav@2de6687 for download <21:SUCCEEDED>
2025-12-07 16:02:28.816 26231-26966 Finsky:background       pid-26231                            I  [1658] RM: receive resource status onSuccess DynamiteModulesA_installtime.dm reason: auto_update isid: EJQ-j2TlQCGkidAjDx57TQ, 3, 200, size: 11366/11366
2025-12-07 16:02:28.817 26231-26391 Finsky:background       pid-26231                            I  [1613] DS: reviveDownload(request_id=21)
2025-12-07 16:02:28.818 26231-26966 Finsky:background       pid-26231                            I  [1658] DSC::L: Updating listener tno@b833a2 for download <21:SUCCEEDED>
2025-12-07 16:02:28.819 26231-26966 Finsky:background       pid-26231                            I  [1658] DSC::L: Updating listener DownloadServiceManagerListener::rrn@89bbb6d for download <21:SUCCEEDED>
2025-12-07 16:02:28.820 26231-26966 Finsky:background       pid-26231                            I  [1658] DS::IDC: updateWith: <21:SUCCEEDED>
2025-12-07 16:02:28.821 26231-26966 Finsky:background       pid-26231                            I  [1658] DS: DS: onReviveDownload(request_id=21, files_to_download=[DynamiteModulesA_installtime.dm(size:11366)], context[group_id=com.google.android.gms:EJQ-j2TlQCGkidAjDx57TQ], display_data[invisible=true, title=Play support libraries update], network_restrictions=ANY_NETWORK status=succeeded, bytes_downloaded=11366, total_bytes=11366, retry[count=0, next_retry=n/a])
2025-12-07 16:02:28.821 26231-26339 Finsky:background       pid-26231                            I  [1602] RM: getStatus resourceRequestId=0a93a6ce-930d-4269-8e99-b7af6cb8f102 requestId=21 package=com.google.android.gms artifact=DynamiteModulesA_installtime.dm isid=EJQ-j2TlQCGkidAjDx57TQ
2025-12-07 16:02:28.821 26231-26339 Finsky:background       pid-26231                            I  [1602] DSC: reviveDownload(21)
2025-12-07 16:02:28.823 26231-26339 Finsky:background       pid-26231                            I  [1602] DS: reviveDownload(request_id=21)
2025-12-07 16:02:28.824 26231-26231 Finsky:background       pid-26231                            I  [2] RF: onProgress request_id=21 isid=EJQ-j2TlQCGkidAjDx57TQ
2025-12-07 16:02:28.824 26231-26231 Finsky:background       pid-26231                            I  [2] RF: resourceStatus for request_id=21 group=com.google.android.gms artifact=DynamiteModulesA_installtime.dm collectedBytes= 11366 / 11366
2025-12-07 16:02:28.824 26231-26231 Finsky:background       pid-26231                            I  [2] RF: Group=com.google.android.gms totalBytesDownloaded= 10543597 / 57140993 for 20 artifacts
2025-12-07 16:02:28.827 26231-26231 Finsky:background       pid-26231                            I  [2] RF: Preventing total bytes update to listeners
2025-12-07 16:02:28.828  1561-1825  Hiber/stateManager      pid-1561                             I  unfreeze uid: 10205 com.transsion.camera pids:[4573]  reason:broadcast   cpninfo:com.transsion.recentstart # 10169 costTime=0ms ,last freeze 87s ago
2025-12-07 16:02:28.829  1561-3176  Hiber/appStateMachine   pid-1561                             I  uid=10205, pkg=com.transsion.camera, transition from Frozen to Running, reason=broadcast
2025-12-07 16:02:28.829  4573-25758 BufferPoolAccessor2.0   pid-4573                             D  bufferpool2 0xb4000077a3ae7588 : 0(0 size) total buffers - 0(0 size) used buffers - 2/7 (recycle/alloc) - 9/26 (fetch/transfer)
2025-12-07 16:02:28.829  4573-25758 BufferPoolAccessor2.0   pid-4573                             D  bufferpool2 0xb4000077a3ae3718 : 0(0 size) total buffers - 0(0 size) used buffers - 2/7 (recycle/alloc) - 5/24 (fetch/transfer)
2025-12-07 16:02:28.829  4573-25758 BufferPoolAccessor2.0   pid-4573                             D  bufferpool2 0xb4000077a3aef958 : 0(0 size) total buffers - 0(0 size) used buffers - 2/7 (recycle/alloc) - 5/74 (fetch/transfer)
2025-12-07 16:02:28.829  1561-3176  Hiber/appStateMachine   pid-1561                             I  uid:10205 exit FrozenState
2025-12-07 16:02:28.829  4573-25758 BufferPoolAccessor2.0   pid-4573                             D  bufferpool2 0xb4000077a3b06b58 : 0(0 size) total buffers - 0(0 size) used buffers - 0/7 (recycle/alloc) - 6/92 (fetch/transfer)
2025-12-07 16:02:28.829  4573-25758 BufferPoolAccessor2.0   pid-4573                             D  evictor expired: 4, evicted: 4
2025-12-07 16:02:28.829  1561-3821  Hiber/proxyWakeLock     pid-1561                             D  remove uid: 10205 wiht all pids from wakelockUidInfo list
2025-12-07 16:02:28.829  1561-3177  Hiber/proxyManager      pid-1561                             I  up_service: 10205
2025-12-07 16:02:28.829  1561-3177  Hiber/alar...iceExtImpl pid-1561                             D  unproxyAlarms leave, uid=10205, packageName=null
2025-12-07 16:02:28.829  1561-3177  SensorService           pid-1561                             I  updateUidStateConnection: uid=10205, state=1
2025-12-07 16:02:28.830  1319-1319  OriginChannel           pid-1319                             I  batch: [1,20000000,66667000]
2025-12-07 16:02:28.831  1319-1319  OriginChannel           pid-1319                             I  batch: [4,66667000,0]
2025-12-07 16:02:28.831  1561-3177  SensorService           pid-1561                             I  	>>> actuating h/w activate handle=16777220 enabled=1
2025-12-07 16:02:28.831  1319-1319  OriginChannel           pid-1319                             I  activate: [4,1]
2025-12-07 16:02:28.831 26231-26966 Finsky:background       pid-26231                            I  [1658] DS: DS: onReviveDownload(request_id=21, files_to_download=[DynamiteModulesA_installtime.dm(size:11366)], context[group_id=com.google.android.gms:EJQ-j2TlQCGkidAjDx57TQ], display_data[invisible=true, title=Play support libraries update], network_restrictions=ANY_NETWORK status=succeeded, bytes_downloaded=11366, total_bytes=11366, retry[count=0, next_retry=n/a])
2025-12-07 16:02:28.833  1561-3177  SensorService           pid-1561                             I  Active sensor : lsm6dso_acc (handle=0x01000001, connections=5), Connections: (10113-com.google.android.location.collectionlib.BatchSignalCollector$BatchSensorEventListener;1001000-android.view.OrientationEventListener;1000-android.view.OrientationEventListener;1000-com.android.server.wm.WindowOrientationListener;10205-com.transsion.camera.feature.setting.taintdetection.AccelerometerManager;), Proxyed UIDs: []
2025-12-07 16:02:28.833  1561-3177  SensorService           pid-1561                             I  Active sensor : lsm6dso_gyro (handle=0x01000004, connections=1), Connections: (10205-com.transsion.camera.feature.setting.taintdetection.AccelerometerManager;), Proxyed UIDs: []
2025-12-07 16:02:28.833  1561-3177  SensorService           pid-1561                             I  Active sensor : significant (handle=0x01000011, connections=1), Connections: (10113-cccp;), Proxyed UIDs: []
2025-12-07 16:02:28.833  1561-3177  SensorService           pid-1561                             I  Active sensor : stk31860_subals (handle=0x01000051, connections=2), Connections: (1000-com.android.server.display.BrightnessTracker;1000-com.android.server.display.AutomaticBrightnessController;), Proxyed UIDs: []
2025-12-07 16:02:28.833  1561-3177  Hiber/proxyManager      pid-1561                             I  up_sensor: uid=10205, pkgName=com.transsion.camera
2025-12-07 16:02:28.835  4573-4865  BufferPoolAccessor2.0   pid-4573                             D  Destruction - bufferpool2 0xb4000077a3b06b58 cached: 0/0M, 0/0% in use; allocs: 7, 0% recycled; transfers: 92, 93% unfetched
2025-12-07 16:02:28.835  4573-4865  BufferPoolAccessor2.0   pid-4573                             D  Destruction - bufferpool2 0xb4000077a3aef958 cached: 0/0M, 0/0% in use; allocs: 7, 29% recycled; transfers: 74, 93% unfetched
2025-12-07 16:02:28.835 26231-26231 Finsky:background       pid-26231                            I  [2] RF: onResourceSuccess request_id=21 isid=EJQ-j2TlQCGkidAjDx57TQ
2025-12-07 16:02:28.835 26231-26231 Finsky:background       pid-26231                            I  [2] RF: resourceStatus for request_id=21 group=com.google.android.gms artifact=DynamiteModulesA_installtime.dm collectedBytes= 11366 / 11366
2025-12-07 16:02:28.836 26231-26231 Finsky:background       pid-26231                            I  [2] RF: Group=com.google.android.gms totalBytesDownloaded= 10543597 / 57140993 for 20 artifacts
2025-12-07 16:02:28.836 26231-26231 Finsky:background       pid-26231                            I  [2] bytesCompleted/bytesTotal/ratio = 10543597 / 57140993 / 0.184519
2025-12-07 16:02:28.836 26231-26231 Finsky:background       pid-26231                            I  [2] RF: onSuccess request_id=21 isid=EJQ-j2TlQCGkidAjDx57TQ
2025-12-07 16:02:28.836 26231-26231 Finsky:background       pid-26231                            I  [2] RF: resourceStatus for request_id=21 group=com.google.android.gms artifact=DynamiteModulesA_installtime.dm collectedBytes= 11366 / 11366
2025-12-07 16:02:28.836 26231-26231 Finsky:background       pid-26231                            I  [2] RF: Group=com.google.android.gms totalBytesDownloaded= 10543597 / 57140993 for 20 artifacts
2025-12-07 16:02:28.839 26231-26340 Finsky:background       pid-26231                            I  [1603] RF: starting postprocessing for DynamiteModulesA_installtime.dm
2025-12-07 16:02:28.841 26231-26340 Finsky:background       pid-26231                            I  [1603] RF::PP-Decompress: starting to decompress for com.google.android.gms[iid:1] [isid:EJQ-j2TlQCGkidAjDx57TQ] [tid: 1000000001].
2025-12-07 16:02:28.843  4573-4573  ActivityThread          pid-4573                             D  Package [com.android.vending] reported as REPLACED, but missing application info. Assuming REMOVED.
2025-12-07 16:02:28.843  4573-4865  BufferPoolAccessor2.0   pid-4573                             D  Destruction - bufferpool2 0xb4000077a3ae7588 cached: 0/0M, 0/0% in use; allocs: 7, 29% recycled; transfers: 26, 65% unfetched
2025-12-07 16:02:28.843  4573-4865  BufferPoolAccessor2.0   pid-4573                             D  Destruction - bufferpool2 0xb4000077a3ae3718 cached: 0/0M, 0/0% in use; allocs: 7, 29% recycled; transfers: 24, 79% unfetched
2025-12-07 16:02:28.845  4573-4573  ActivityThread          pid-4573                             D  Package [com.android.vending] reported as REPLACED, but missing application info. Assuming REMOVED.
2025-12-07 16:02:28.848 26231-26338 Finsky:background       pid-26231                            I  [1601] RF::PP-Copy: starting to copy for com.google.android.gms[iid:1] [isid:EJQ-j2TlQCGkidAjDx57TQ] [tid: 1000000001]
2025-12-07 16:02:28.848 26231-26341 Finsky:background       pid-26231                            I  [1604] IV2: onTaskProgress com.google.android.gms[iid:1] [isid:EJQ-j2TlQCGkidAjDx57TQ] status:RESOURCE_FETCH_PROGRESS, size: 10543597/57140993
2025-12-07 16:02:28.853 26231-27053 Finsky:background       pid-26231                            I  [1668] DU: Stored data usage stats for package com.google.android.gms; completed bytes: 11366.
2025-12-07 16:02:28.853 26231-26341 Finsky:background       pid-26231                            I  [1604] IV2: onTaskProgress com.google.android.gms[iid:1] [isid:EJQ-j2TlQCGkidAjDx57TQ] status:RESOURCE_FETCH_PROGRESS, size: 10543597/57140993
2025-12-07 16:02:28.853 26231-26593 Finsky:background       pid-26231                            I  [1634] RF::PP-Copy: Starting copy of DynamiteModulesA_installtime.dm
2025-12-07 16:02:28.854 26231-26593 Finsky:background       pid-26231                            I  [1634] RF::PP-Copy: OutputStream opened for DynamiteModulesA_installtime.dm
2025-12-07 16:02:28.854 26231-26593 Finsky:background       pid-26231                            I  [1634] RF::PP-Copy: Start copying from input stream for DynamiteModulesA_installtime.dm
2025-12-07 16:02:28.857 26231-26593 Finsky:background       pid-26231                            I  [1634] RF::PP-Copy: Finished copying from input stream for DynamiteModulesA_installtime.dm
2025-12-07 16:02:28.858 26231-26485 Finsky:background       pid-26231                            I  [1619] IQ: Notifying installation update. [Package:com.google.android.gms, isid:EJQ-j2TlQCGkidAjDx57TQ], status=DOWNLOADING, status_code=0, reason=auto_update, tsc=PT2M14.948S, attempt=0
2025-12-07 16:02:28.863 26231-26231 Finsky:background       pid-26231                            I  [2] PIM: Ignore install package event for: com.google.android.gms, isid: EJQ-j2TlQCGkidAjDx57TQ
2025-12-07 16:02:28.867 26231-26370 Finsky:background       pid-26231                            I  [1608] RF::PP-Verify: starting to verify for com.google.android.gms[iid:1] [isid:EJQ-j2TlQCGkidAjDx57TQ] [tid: 1000000001].
2025-12-07 16:02:28.870 26231-26485 Finsky:background       pid-26231                            I  [1619] IQ: Notifying installation update. [Package:com.google.android.gms, isid:EJQ-j2TlQCGkidAjDx57TQ], status=DOWNLOADING, status_code=0, reason=auto_update, tsc=PT2M14.96S, attempt=0
2025-12-07 16:02:28.879 26231-26231 Finsky:background       pid-26231                            I  [2] PIM: Ignore install package event for: com.google.android.gms, isid: EJQ-j2TlQCGkidAjDx57TQ
2025-12-07 16:02:28.880 26002-26002 Finsky                  pid-26002                            I  [2] IQ::HLD: if pauseAppUpdates is called now, it must wait for these ongoing installs: [[Package:com.google.android.gms, isid:EJQ-j2TlQCGkidAjDx57TQ]]
2025-12-07 16:02:28.882 26231-26388 Finsky:background       pid-26231                            I  [1612] RF::TC: Skipping intermediate file cleanup due to sufficient space on device
2025-12-07 16:02:28.887 26002-26002 Finsky                  pid-26002                            I  [2] IQ::HLD: if pauseAppUpdates is called now, it must wait for these ongoing installs: [[Package:com.google.android.gms, isid:EJQ-j2TlQCGkidAjDx57TQ]]
2025-12-07 16:02:28.986  1561-1696  ApplicationHelper       pid-1561                             E  Fail to get PackageManager
2025-12-07 16:02:28.986  1561-1696  ApplicationHelper       pid-1561                             E  Fail to get PackageManager
2025-12-07 16:02:29.108 26231-26289 Finsky:background       pid-26231                            I  [1592] Stats for Executor: BlockingExecutor uly@6d4dd35[Running, pool size = 6, active threads = 0, queued tasks = 0, completed tasks = 135]
2025-12-07 16:02:29.145 15812-28055 ManagedChannelImpl      pid-15812                            W  [{0}] Failed to resolve name. status={1}
2025-12-07 16:02:29.283 26215-26870 Finsky:background       pid-26215                            I  [1636] DSC::L: Update all listeners for download <36:RUNNING:42%[42%]> in group com.google.android.gms:hILEylOVSe6gglt2okLy_w
2025-12-07 16:02:29.283 26215-26870 Finsky:background       pid-26215                            I  [1636] DSC::L: Updating listener DownloadServiceManagerListener::rrn@9d4454a for download <36:RUNNING:42%[42%]>
2025-12-07 16:02:29.283 26215-26870 Finsky:background       pid-26215                            I  [1636] DSC::L: Updating listener tno@dba3cbb for download <36:RUNNING:42%[42%]>
2025-12-07 16:02:29.284 26215-26870 Finsky:background       pid-26215                            I  [1636] DSC::L: Updating listener DownloadServiceManagerListener::alav@89bbb6d for download <36:RUNNING:42%[42%]>
2025-12-07 16:02:29.284 26215-26870 Finsky:background       pid-26215                            I  [1636] DS: Received onProgress request_id=36
2025-12-07 16:02:29.285 26215-26870 Finsky:background       pid-26215                            I  [1636] RM: receive resource status onProgress download_request_id=36, group_id=com.google.android.gms.apk reason: auto_update isid: hILEylOVSe6gglt2okLy_w, status_code=RESOURCE_STATUS_IN_PROGRESS, legacy_status_code=192, size: 18874224/44373802
2025-12-07 16:02:29.285 26215-26870 Finsky:background       pid-26215                            I  [1636] DS::IDC: updateWith: <36:RUNNING:42%[42%]>
2025-12-07 16:02:29.286 26215-26379 Finsky:background       pid-26215                            I  [1607] RM: getStatus resourceRequestId=b112c10b-74f4-483d-9ca7-0badd482904c requestId=36 package=com.google.android.gms artifact=com.google.android.gms.apk isid=hILEylOVSe6gglt2okLy_w
2025-12-07 16:02:29.286 26215-26379 Finsky:background       pid-26215                            I  [1607] DSC: reviveDownload(36)
2025-12-07 16:02:29.287 26215-26379 Finsky:background       pid-26215                            I  [1607] DS: reviveDownload(request_id=36)
2025-12-07 16:02:29.291 26215-26870 Finsky:background       pid-26215                            I  [1636] DS: DS: onReviveDownload(request_id=36, files_to_download=[com.google.android.gms.apk(size:44373802)], context[group_id=com.google.android.gms:hILEylOVSe6gglt2okLy_w], display_data[invisible=true, title=Play support libraries update], network_restrictions=ANY_NETWORK status=running, bytes_downloaded=18874224, total_bytes=44373802, retry[count=0, next_retry=n/a])
2025-12-07 16:02:29.292 26231-27414 Finsky:background       pid-26231                            I  [1669] Failed to force sync file descriptor (not a bug): sync failed
2025-12-07 16:02:29.294 26215-26215 Finsky:background       pid-26215                            I  [2] RF: onProgress request_id=36 isid=hILEylOVSe6gglt2okLy_w
2025-12-07 16:02:29.294 26215-26215 Finsky:background       pid-26215                            I  [2] RF: resourceStatus for request_id=36 group=com.google.android.gms artifact=com.google.android.gms.apk collectedBytes= 18874224 / 44373802
2025-12-07 16:02:29.294 26215-26215 Finsky:background       pid-26215                            I  [2] RF: Group=com.google.android.gms totalBytesDownloaded= 24918817 / 57140993 for 3 artifacts
2025-12-07 16:02:29.298 26231-26968 Finsky:background       pid-26231                            W  [1660] DS: Attempted to update download state [requestId=20] in terminal state [statusCode=3]. Update ignored.
2025-12-07 16:02:29.300 26231-26966 Finsky:background       pid-26231                            I  [1658] DS: Decremented runningDownloadsCount to: 3
2025-12-07 16:02:29.301 26231-26966 Finsky:background       pid-26231                            I  [1658] DS: Current runningDownloadsCount: 3, maxSimultaneousDownloads: 4
2025-12-07 16:02:29.301 26231-26966 Finsky:background       pid-26231                            I  [1658] DS: Incremented runningDownloadsCount to: 4
2025-12-07 16:02:29.301 26215-26215 Finsky:background       pid-26215                            I  [2] Updated time lastBroadcast=2025-12-07T19:02:27.297Z current=2025-12-07T19:02:29.301Z
2025-12-07 16:02:29.302 26231-26966 Finsky:background       pid-26231                            I  [1658] DSC::L: Update all listeners for download <20:SUCCEEDED> in group com.google.android.gms:EJQ-j2TlQCGkidAjDx57TQ
2025-12-07 16:02:29.302 26231-26966 Finsky:background       pid-26231                            I  [1658] DSC::L: Updating listener DownloadServiceManagerListener::alav@2de6687 for download <20:SUCCEEDED>
2025-12-07 16:02:29.302 26215-26215 Finsky:background       pid-26215                            I  [2] bytesCompleted/bytesTotal/ratio = 24918817 / 57140993 / 0.436094
2025-12-07 16:02:29.302 26231-26966 Finsky:background       pid-26231                            I  [1658] RM: receive resource status onSuccess DynamiteModulesC_installtime reason: auto_update isid: EJQ-j2TlQCGkidAjDx57TQ, 3, 200, size: 915065/915065
2025-12-07 16:02:29.302 26231-26966 Finsky:background       pid-26231                            I  [1658] DSC::L: Updating listener tno@b833a2 for download <20:SUCCEEDED>
2025-12-07 16:02:29.303 26231-26966 Finsky:background       pid-26231                            I  [1658] DSC::L: Updating listener DownloadServiceManagerListener::rrn@89bbb6d for download <20:SUCCEEDED>
2025-12-07 16:02:29.303 26231-26966 Finsky:background       pid-26231                            I  [1658] DS::IDC: updateWith: <20:SUCCEEDED>
2025-12-07 16:02:29.308 26231-26966 Finsky:background       pid-26231                            I  [1658] DSC::L: Skipping updating listeners of <20:SUCCEEDED> because it's already done.
2025-12-07 16:02:29.308 26215-26324 Finsky:background       pid-26215                            I  [1599] IV2: onTaskProgress com.google.android.gms[iid:2] [isid:hILEylOVSe6gglt2okLy_w] status:RESOURCE_FETCH_PROGRESS, size: 24918817/57140993
2025-12-07 16:02:29.308 26231-26966 Finsky:background       pid-26231                            I  [1658] DS::IDC: updateWith: <20:SUCCEEDED>
2025-12-07 16:02:29.312 26231-27053 Finsky:background       pid-26231                            I  [1668] DU: Stored data usage stats for package com.google.android.gms; completed bytes: 915065.
