2025-11-17 05:22:54.361  7156-7156  ViewRootImpl            com.cdccreditsmart.app               D  Skipping stats log for color mode
2025-11-17 05:22:54.363  7156-7156  MainActivity            com.cdccreditsmart.app               D  ========== NEW INTENT RECEIVED ==========
2025-11-17 05:22:54.633  7156-7156  InsetsController        com.cdccreditsmart.app               D  hide(ime(), fromIme=false)
2025-11-17 05:22:54.633  7156-7156  ImeTracker              com.cdccreditsmart.app               I  com.cdccreditsmart.app:796acd32: onCancelled at PHASE_CLIENT_ALREADY_HIDDEN
2025-11-17 05:22:57.255  7156-7156  VRI[MainActivity]       com.cdccreditsmart.app               D  visibilityChanged oldVisibility=true newVisibility=false
2025-11-17 05:22:57.256  7156-7156  WindowOnBackDispatcher  com.cdccreditsmart.app               W  sendCancelIfRunning: isInProgress=false callback=androidx.activity.OnBackPressedDispatcher$Api34Impl$createOnBackAnimationCallback$1@b60cc59
2025-11-17 05:22:59.310  7156-7186  FA                      com.cdccreditsmart.app               I  Application backgrounded at: timestamp_millis: 1763367777310
2025-11-17 05:23:03.783  7156-7245  BlockingCheckWorker     com.cdccreditsmart.app               D  ðŸ”„ Starting blocking check...
2025-11-17 05:23:03.785  7156-7385  okhttp.OkHttpClient     com.cdccreditsmart.app               I  --> GET https://cdccreditsmart.com/api/apk/device/installments
2025-11-17 05:23:03.785  7156-7385  okhttp.OkHttpClient     com.cdccreditsmart.app               I  --> END GET
2025-11-17 05:23:03.954  7156-7385  okhttp.OkHttpClient     com.cdccreditsmart.app               I  <-- 401 https://cdccreditsmart.com/api/apk/device/installments (169ms)
2025-11-17 05:23:03.955  7156-7385  okhttp.OkHttpClient     com.cdccreditsmart.app               I  access-control-allow-credentials: true
2025-11-17 05:23:03.955  7156-7385  okhttp.OkHttpClient     com.cdccreditsmart.app               I  access-control-allow-headers: Origin, X-Requested-With, Content-Type, Accept, Authorization, x-client-key, x-client-token, x-client-secret, cache-control
2025-11-17 05:23:03.955  7156-7385  okhttp.OkHttpClient     com.cdccreditsmart.app               I  access-control-allow-methods: GET, POST, PUT, PATCH, DELETE, OPTIONS
2025-11-17 05:23:03.955  7156-7385  okhttp.OkHttpClient     com.cdccreditsmart.app               I  access-control-allow-origin: *
2025-11-17 05:23:03.955  7156-7385  okhttp.OkHttpClient     com.cdccreditsmart.app               I  access-control-max-age: 86400
2025-11-17 05:23:03.955  7156-7385  okhttp.OkHttpClient     com.cdccreditsmart.app               I  content-length: 47
2025-11-17 05:23:03.955  7156-7385  okhttp.OkHttpClient     com.cdccreditsmart.app               I  content-security-policy: default-src 'self'; script-src 'self' 'unsafe-inline' 'unsafe-eval' https://replit.com; style-src 'self' 'unsafe-inline' https://replit.com; img-src 'self' data: https:; font-src 'self' data: https://replit.com; connect-src 'self';
2025-11-17 05:23:03.955  7156-7385  okhttp.OkHttpClient     com.cdccreditsmart.app               I  content-type: application/json; charset=utf-8
2025-11-17 05:23:03.955  7156-7385  okhttp.OkHttpClient     com.cdccreditsmart.app               I  date: Mon, 17 Nov 2025 08:23:03 GMT
2025-11-17 05:23:03.955  7156-7385  okhttp.OkHttpClient     com.cdccreditsmart.app               I  etag: W/"2f-UfTNmpWAAYs7O6B1cAxVd8HwkNk"
2025-11-17 05:23:03.955  7156-7385  okhttp.OkHttpClient     com.cdccreditsmart.app               I  permissions-policy: geolocation=(), microphone=(), camera=()
2025-11-17 05:23:03.955  7156-7385  okhttp.OkHttpClient     com.cdccreditsmart.app               I  referrer-policy: strict-origin-when-cross-origin
2025-11-17 05:23:03.955  7156-7385  okhttp.OkHttpClient     com.cdccreditsmart.app               I  server: Google Frontend
2025-11-17 05:23:03.955  7156-7385  okhttp.OkHttpClient     com.cdccreditsmart.app               I  strict-transport-security: max-age=63072000; includeSubDomains
2025-11-17 05:23:03.955  7156-7385  okhttp.OkHttpClient     com.cdccreditsmart.app               I  strict-transport-security: max-age=31536000; includeSubDomains
2025-11-17 05:23:03.955  7156-7385  okhttp.OkHttpClient     com.cdccreditsmart.app               I  x-anti-fraud-protection: active
2025-11-17 05:23:03.955  7156-7385  okhttp.OkHttpClient     com.cdccreditsmart.app               I  x-certificate-pinning-enabled: false
2025-11-17 05:23:03.955  7156-7385  okhttp.OkHttpClient     com.cdccreditsmart.app               I  x-certificate-pinning-status: disabled-for-stability
2025-11-17 05:23:03.955  7156-7385  okhttp.OkHttpClient     com.cdccreditsmart.app               I  x-cloud-trace-context: cf49c3733a3aa7a0053bd0c7137aa9ff
2025-11-17 05:23:03.955  7156-7385  okhttp.OkHttpClient     com.cdccreditsmart.app               I  x-content-type-options: nosniff
2025-11-17 05:23:03.955  7156-7385  okhttp.OkHttpClient     com.cdccreditsmart.app               I  x-financial-data-protection: enabled
2025-11-17 05:23:03.955  7156-7385  okhttp.OkHttpClient     com.cdccreditsmart.app               I  x-frame-options: DENY
2025-11-17 05:23:03.955  7156-7385  okhttp.OkHttpClient     com.cdccreditsmart.app               I  x-transaction-security-level: maximum
2025-11-17 05:23:03.955  7156-7385  okhttp.OkHttpClient     com.cdccreditsmart.app               I  x-xss-protection: 1; mode=block
2025-11-17 05:23:03.955  7156-7385  okhttp.OkHttpClient     com.cdccreditsmart.app               I  via: 1.1 google
2025-11-17 05:23:03.955  7156-7385  okhttp.OkHttpClient     com.cdccreditsmart.app               I  alt-svc: h3=":443"; ma=2592000,h3-29=":443"; ma=2592000
2025-11-17 05:23:03.956  7156-7385  okhttp.OkHttpClient     com.cdccreditsmart.app               I  {"error":"Token de autorizaÃ§Ã£o obrigatÃ³rio"}
2025-11-17 05:23:03.956  7156-7385  okhttp.OkHttpClient     com.cdccreditsmart.app               I  <-- END HTTP (47-byte body)
2025-11-17 05:23:03.957  7156-7245  BlockingCheckWorker     com.cdccreditsmart.app               E  âŒ Failed to get installments: 401
2025-11-17 05:23:03.957  7156-7194  WM-WorkerWrapper        com.cdccreditsmart.app               I  Worker result RETRY for Work [ id=717cfb7c-5c9c-4a8e-91c3-9045658617af, tags={ com.cdccreditsmart.app.workers.BlockingCheckWorker } ]
2025-11-17 05:23:09.267  7156-7156  MainActivity            com.cdccreditsmart.app               D  ========== NEW INTENT RECEIVED ==========
2025-11-17 05:23:09.524  7156-7156  InsetsController        com.cdccreditsmart.app               D  hide(ime(), fromIme=false)
2025-11-17 05:23:09.524  7156-7156  ImeTracker              com.cdccreditsmart.app               I  com.cdccreditsmart.app:a79f0730: onCancelled at PHASE_CLIENT_ALREADY_HIDDEN
2025-11-17 05:23:11.702  7156-7156  VRI[MainActivity]       com.cdccreditsmart.app               D  visibilityChanged oldVisibility=true newVisibility=false
2025-11-17 05:23:11.746  7156-7156  WindowOnBackDispatcher  com.cdccreditsmart.app               W  sendCancelIfRunning: isInProgress=false callback=androidx.activity.OnBackPressedDispatcher$Api34Impl$createOnBackAnimationCallback$1@b60cc59
2025-11-17 05:23:13.746  7156-7186  FA                      com.cdccreditsmart.app               I  Application backgrounded at: timestamp_millis: 1763367791743
2025-11-17 05:23:19.467  7156-7156  WebSocketManager        com.cdccreditsmart.app               D  Heartbeat ping sent
2025-11-17 05:23:19.627  7156-7397  WebSocketManager        com.cdccreditsmart.app               D  Message received: {"type":"pong","timestamp":"2025-11-17T08:23:19.557Z"}...
2025-11-17 05:23:19.627  7156-7397  WebSocketManager        com.cdccreditsmart.app               D  Received message type: pong
2025-11-17 05:23:19.627  7156-7397  WebSocketManager        com.cdccreditsmart.app               D  Pong received
2025-11-17 05:23:19.959  7156-7245  BlockedAppInterceptor   com.cdccreditsmart.app               I  ðŸ” CHECK: currentLevel=4, hasManualBlock=false, daysOverdue=0
2025-11-17 05:23:19.959  7156-7245  BlockedAppInterceptor   com.cdccreditsmart.app               I  âœ… BLOQUEIO ATIVO (nÃ­vel 4) - Overlay DEVE aparecer
2025-11-17 05:23:19.959  7156-7245  BlockedAppInterceptor   com.cdccreditsmart.app               D  ðŸ” Verificando app em foreground...
2025-11-17 05:23:20.171  7156-7245  MdmCommandReceiver      com.cdccreditsmart.app               D  ðŸ” [Polling #3] Verificando comandos pendentes...
2025-11-17 05:23:20.172  7156-7245  SecureTokenStorage      com.cdccreditsmart.app               D  âš ï¸ Usando Serial Number para MDM (IMEI indisponÃ­vel): AFD8YG...
2025-11-17 05:23:20.172  7156-7245  MdmCommandReceiver      com.cdccreditsmart.app               D  ðŸ” Buscando comandos pendentes com identifier: AFD8YG79...
2025-11-17 05:23:20.173  7156-7385  okhttp.OkHttpClient     com.cdccreditsmart.app               I  --> GET https://cdccreditsmart.com/api/apk/device/AFD8YG79/commands
2025-11-17 05:23:20.174  7156-7385  okhttp.OkHttpClient     com.cdccreditsmart.app               I  --> END GET
2025-11-17 05:23:20.174  7156-7156  WebSocketManager        com.cdccreditsmart.app               D  Heartbeat ping sent
2025-11-17 05:23:20.336  7156-7407  WebSocketManager        com.cdccreditsmart.app               D  Message received: {"type":"pong","timestamp":"2025-11-17T08:23:20.266Z"}...
2025-11-17 05:23:20.336  7156-7407  WebSocketManager        com.cdccreditsmart.app               D  Received message type: pong
2025-11-17 05:23:20.336  7156-7407  WebSocketManager        com.cdccreditsmart.app               D  Pong received
2025-11-17 05:23:20.617  7156-7385  okhttp.OkHttpClient     com.cdccreditsmart.app               I  <-- 200 https://cdccreditsmart.com/api/apk/device/AFD8YG79/commands (442ms)
2025-11-17 05:23:20.617  7156-7385  okhttp.OkHttpClient     com.cdccreditsmart.app               I  access-control-allow-credentials: true
2025-11-17 05:23:20.617  7156-7385  okhttp.OkHttpClient     com.cdccreditsmart.app               I  access-control-allow-headers: Origin, X-Requested-With, Content-Type, Accept, Authorization, x-client-key, x-client-token, x-client-secret, cache-control
2025-11-17 05:23:20.617  7156-7385  okhttp.OkHttpClient     com.cdccreditsmart.app               I  access-control-allow-methods: GET, POST, PUT, PATCH, DELETE, OPTIONS
2025-11-17 05:23:20.617  7156-7385  okhttp.OkHttpClient     com.cdccreditsmart.app               I  access-control-allow-origin: *
2025-11-17 05:23:20.617  7156-7385  okhttp.OkHttpClient     com.cdccreditsmart.app               I  access-control-max-age: 86400
2025-11-17 05:23:20.617  7156-7385  okhttp.OkHttpClient     com.cdccreditsmart.app               I  content-length: 673
2025-11-17 05:23:20.617  7156-7385  okhttp.OkHttpClient     com.cdccreditsmart.app               I  content-security-policy: default-src 'self'; script-src 'self' 'unsafe-inline' 'unsafe-eval' https://replit.com; style-src 'self' 'unsafe-inline' https://replit.com; img-src 'self' data: https:; font-src 'self' data: https://replit.com; connect-src 'self';
2025-11-17 05:23:20.617  7156-7385  okhttp.OkHttpClient     com.cdccreditsmart.app               I  content-type: application/json; charset=utf-8
2025-11-17 05:23:20.617  7156-7385  okhttp.OkHttpClient     com.cdccreditsmart.app               I  date: Mon, 17 Nov 2025 08:23:20 GMT
2025-11-17 05:23:20.617  7156-7385  okhttp.OkHttpClient     com.cdccreditsmart.app               I  etag: W/"2a1-r/0983Kz/el3zWsczWSs8YL+yeU"
2025-11-17 05:23:20.618  7156-7385  okhttp.OkHttpClient     com.cdccreditsmart.app               I  permissions-policy: geolocation=(), microphone=(), camera=()
2025-11-17 05:23:20.618  7156-7385  okhttp.OkHttpClient     com.cdccreditsmart.app               I  referrer-policy: strict-origin-when-cross-origin
2025-11-17 05:23:20.618  7156-7385  okhttp.OkHttpClient     com.cdccreditsmart.app               I  server: Google Frontend
2025-11-17 05:23:20.618  7156-7385  okhttp.OkHttpClient     com.cdccreditsmart.app               I  strict-transport-security: max-age=63072000; includeSubDomains
2025-11-17 05:23:20.618  7156-7385  okhttp.OkHttpClient     com.cdccreditsmart.app               I  strict-transport-security: max-age=31536000; includeSubDomains
2025-11-17 05:23:20.618  7156-7385  okhttp.OkHttpClient     com.cdccreditsmart.app               I  x-anti-fraud-protection: active
2025-11-17 05:23:20.618  7156-7385  okhttp.OkHttpClient     com.cdccreditsmart.app               I  x-certificate-pinning-enabled: false
2025-11-17 05:23:20.618  7156-7385  okhttp.OkHttpClient     com.cdccreditsmart.app               I  x-certificate-pinning-status: disabled-for-stability
2025-11-17 05:23:20.618  7156-7385  okhttp.OkHttpClient     com.cdccreditsmart.app               I  x-cloud-trace-context: d61b4379a1ca3337053bd0c7137aa3a9;o=1
2025-11-17 05:23:20.618  7156-7385  okhttp.OkHttpClient     com.cdccreditsmart.app               I  x-content-type-options: nosniff
2025-11-17 05:23:20.618  7156-7385  okhttp.OkHttpClient     com.cdccreditsmart.app               I  x-financial-data-protection: enabled
2025-11-17 05:23:20.618  7156-7385  okhttp.OkHttpClient     com.cdccreditsmart.app               I  x-frame-options: DENY
2025-11-17 05:23:20.618  7156-7385  okhttp.OkHttpClient     com.cdccreditsmart.app               I  x-transaction-security-level: maximum
2025-11-17 05:23:20.618  7156-7385  okhttp.OkHttpClient     com.cdccreditsmart.app               I  x-xss-protection: 1; mode=block
2025-11-17 05:23:20.618  7156-7385  okhttp.OkHttpClient     com.cdccreditsmart.app               I  via: 1.1 google
2025-11-17 05:23:20.618  7156-7385  okhttp.OkHttpClient     com.cdccreditsmart.app               I  alt-svc: h3=":443"; ma=2592000,h3-29=":443"; ma=2592000
2025-11-17 05:23:20.619  7156-7385  okhttp.OkHttpClient     com.cdccreditsmart.app               I  {"deviceId":"device_1763345744228_4fyqpmlmh75","serialNumber":"AFD8YG79","commandsCount":1,"commands":[{"id":"5523b3e7-ba7b-4975-9531-344f7f32aebf","commandType":"UNBLOCK_APPS_PROGRESSIVE","parameters":{"rules":[{"days":0,"level":0,"categories":[],"exceptions":[],"message_body":"Seu dispositivo estÃ¡ funcionando normalmente. Todas as parcelas estÃ£o em dia.","message_title":"Dispositivo Desbloqueado"}],"reason":"Bloqueio manual forÃ§ado para nÃ­vel 0 pelo administrador","isManual":true,"categories":[],"exceptions":[],"daysOverdue":0,"targetLevel":0},"priority":"high","status":"pending","createdAt":"2025-11-17T08:23:00.256Z","expiresAt":"2025-11-18T08:23:00.238Z"}]}
2025-11-17 05:23:20.619  7156-7385  okhttp.OkHttpClient     com.cdccreditsmart.app               I  <-- END HTTP (673-byte body)
2025-11-17 05:23:20.623  7156-7245  MdmCommandReceiver      com.cdccreditsmart.app               I  ðŸ“‹ 1 comandos pendentes encontrados
2025-11-17 05:23:20.623  7156-7245  MdmCommandReceiver      com.cdccreditsmart.app               I  ðŸ“‹ Processando comando pendente: UNBLOCK_APPS_PROGRESSIVE (5523b3e7-ba7b-4975-9531-344f7f32aebf)
2025-11-17 05:23:20.623  7156-7245  MdmCommandReceiver      com.cdccreditsmart.app               I  âš™ï¸ Processando comando 5523b3e7-ba7b-4975-9531-344f7f32aebf (tipo: UNBLOCK_APPS_PROGRESSIVE)
2025-11-17 05:23:20.625  7156-7245  CdcForegroundService    com.cdccreditsmart.app               D  ðŸ”‹ WakeLock adquirido para comando (30s timeout)
2025-11-17 05:23:20.625  7156-7245  MdmCommandReceiver      com.cdccreditsmart.app               D  ðŸ”‹ WakeLock adquirido para comando MDM 5523b3e7-ba7b-4975-9531-344f7f32aebf
2025-11-17 05:23:20.627  7156-7245  SecureTokenStorage      com.cdccreditsmart.app               D  âš ï¸ Usando Serial Number para MDM (IMEI indisponÃ­vel): AFD8YG...
2025-11-17 05:23:20.627  7156-7245  MdmCommandReceiver      com.cdccreditsmart.app               D  ðŸ“¡ Enviando ACK usando identifier: AFD8YG79****
2025-11-17 05:23:20.629  7156-7385  okhttp.OkHttpClient     com.cdccreditsmart.app               I  --> POST https://cdccreditsmart.com/api/apk/device/AFD8YG79/command-response
2025-11-17 05:23:20.629  7156-7385  okhttp.OkHttpClient     com.cdccreditsmart.app               I  Content-Type: application/json; charset=UTF-8
2025-11-17 05:23:20.629  7156-7385  okhttp.OkHttpClient     com.cdccreditsmart.app               I  Content-Length: 76
2025-11-17 05:23:20.629  7156-7385  okhttp.OkHttpClient     com.cdccreditsmart.app               I  {"commandId":"5523b3e7-ba7b-4975-9531-344f7f32aebf","status":"acknowledged"}
2025-11-17 05:23:20.629  7156-7385  okhttp.OkHttpClient     com.cdccreditsmart.app               I  --> END POST (76-byte body)
2025-11-17 05:23:20.988  7156-7385  okhttp.OkHttpClient     com.cdccreditsmart.app               I  <-- 200 https://cdccreditsmart.com/api/apk/device/AFD8YG79/command-response (358ms)
2025-11-17 05:23:20.988  7156-7385  okhttp.OkHttpClient     com.cdccreditsmart.app               I  access-control-allow-credentials: true
2025-11-17 05:23:20.988  7156-7385  okhttp.OkHttpClient     com.cdccreditsmart.app               I  access-control-allow-headers: Origin, X-Requested-With, Content-Type, Accept, Authorization, x-client-key, x-client-token, x-client-secret, cache-control
2025-11-17 05:23:20.988  7156-7385  okhttp.OkHttpClient     com.cdccreditsmart.app               I  access-control-allow-methods: GET, POST, PUT, PATCH, DELETE, OPTIONS
2025-11-17 05:23:20.988  7156-7385  okhttp.OkHttpClient     com.cdccreditsmart.app               I  access-control-allow-origin: *
2025-11-17 05:23:20.988  7156-7385  okhttp.OkHttpClient     com.cdccreditsmart.app               I  access-control-max-age: 86400
2025-11-17 05:23:20.988  7156-7385  okhttp.OkHttpClient     com.cdccreditsmart.app               I  content-length: 59
2025-11-17 05:23:20.988  7156-7385  okhttp.OkHttpClient     com.cdccreditsmart.app               I  content-security-policy: default-src 'self'; script-src 'self' 'unsafe-inline' 'unsafe-eval' https://replit.com; style-src 'self' 'unsafe-inline' https://replit.com; img-src 'self' data: https:; font-src 'self' data: https://replit.com; connect-src 'self';
2025-11-17 05:23:20.988  7156-7385  okhttp.OkHttpClient     com.cdccreditsmart.app               I  content-type: application/json; charset=utf-8
2025-11-17 05:23:20.988  7156-7385  okhttp.OkHttpClient     com.cdccreditsmart.app               I  date: Mon, 17 Nov 2025 08:23:20 GMT
2025-11-17 05:23:20.988  7156-7385  okhttp.OkHttpClient     com.cdccreditsmart.app               I  etag: W/"3b-9gCHwmPb8p6jYm5WExczQnIIdAU"
2025-11-17 05:23:20.988  7156-7385  okhttp.OkHttpClient     com.cdccreditsmart.app               I  permissions-policy: geolocation=(), microphone=(), camera=()
2025-11-17 05:23:20.988  7156-7385  okhttp.OkHttpClient     com.cdccreditsmart.app               I  referrer-policy: strict-origin-when-cross-origin
2025-11-17 05:23:20.989  7156-7385  okhttp.OkHttpClient     com.cdccreditsmart.app               I  server: Google Frontend
2025-11-17 05:23:20.989  7156-7385  okhttp.OkHttpClient     com.cdccreditsmart.app               I  strict-transport-security: max-age=63072000; includeSubDomains
2025-11-17 05:23:20.989  7156-7385  okhttp.OkHttpClient     com.cdccreditsmart.app               I  strict-transport-security: max-age=31536000; includeSubDomains
2025-11-17 05:23:20.989  7156-7385  okhttp.OkHttpClient     com.cdccreditsmart.app               I  x-anti-fraud-protection: active
2025-11-17 05:23:20.989  7156-7385  okhttp.OkHttpClient     com.cdccreditsmart.app               I  x-certificate-pinning-enabled: false
2025-11-17 05:23:20.989  7156-7385  okhttp.OkHttpClient     com.cdccreditsmart.app               I  x-certificate-pinning-status: disabled-for-stability
2025-11-17 05:23:20.989  7156-7385  okhttp.OkHttpClient     com.cdccreditsmart.app               I  x-cloud-trace-context: 92252ccbf32225cb053bd0c7137aa772
2025-11-17 05:23:20.989  7156-7385  okhttp.OkHttpClient     com.cdccreditsmart.app               I  x-content-type-options: nosniff
2025-11-17 05:23:20.989  7156-7385  okhttp.OkHttpClient     com.cdccreditsmart.app               I  x-financial-data-protection: enabled
2025-11-17 05:23:20.989  7156-7385  okhttp.OkHttpClient     com.cdccreditsmart.app               I  x-frame-options: DENY
2025-11-17 05:23:20.989  7156-7385  okhttp.OkHttpClient     com.cdccreditsmart.app               I  x-transaction-security-level: maximum
2025-11-17 05:23:20.989  7156-7385  okhttp.OkHttpClient     com.cdccreditsmart.app               I  x-xss-protection: 1; mode=block
2025-11-17 05:23:20.989  7156-7385  okhttp.OkHttpClient     com.cdccreditsmart.app               I  via: 1.1 google
2025-11-17 05:23:20.989  7156-7385  okhttp.OkHttpClient     com.cdccreditsmart.app               I  alt-svc: h3=":443"; ma=2592000,h3-29=":443"; ma=2592000
2025-11-17 05:23:20.989  7156-7385  okhttp.OkHttpClient     com.cdccreditsmart.app               I  {"success":true,"message":"Resposta do comando registrada"}
2025-11-17 05:23:20.989  7156-7385  okhttp.OkHttpClient     com.cdccreditsmart.app               I  <-- END HTTP (59-byte body)
2025-11-17 05:23:20.990  7156-7245  MdmCommandReceiver      com.cdccreditsmart.app               I  âœ… ACK enviado para comando 5523b3e7-ba7b-4975-9531-344f7f32aebf
2025-11-17 05:23:20.990  7156-7245  MdmCommandReceiver      com.cdccreditsmart.app               I  âš™ï¸ Level: 0, Days: 0
2025-11-17 05:23:20.990  7156-7245  MdmCommandReceiver      com.cdccreditsmart.app               I  ðŸ”“ NÃVEL 0 DETECTADO - Desbloqueando TODOS os apps...
2025-11-17 05:23:20.990  7156-7245  AppBlockingManager      com.cdccreditsmart.app               I  
2025-11-17 05:23:20.990  7156-7245  AppBlockingManager      com.cdccreditsmart.app               I  â•”â•â•â•â•â•â•â•â•â•â•â•â•â•â•â•â•â•â•â•â•â•â•â•â•â•â•â•â•â•â•â•â•â•â•â•â•â•â•â•â•â•â•â•â•â•â•â•â•â•â•â•â•â•—
2025-11-17 05:23:20.990  7156-7245  AppBlockingManager      com.cdccreditsmart.app               I  â•‘  ðŸ”“ DESBLOQUEIO TOTAL - NÃVEL 0 (PAGAMENTO)      â•‘
2025-11-17 05:23:20.990  7156-7245  AppBlockingManager      com.cdccreditsmart.app               I  â•šâ•â•â•â•â•â•â•â•â•â•â•â•â•â•â•â•â•â•â•â•â•â•â•â•â•â•â•â•â•â•â•â•â•â•â•â•â•â•â•â•â•â•â•â•â•â•â•â•â•â•â•â•â•
2025-11-17 05:23:20.990  7156-7245  AppBlockingManager      com.cdccreditsmart.app               I  
2025-11-17 05:23:20.990  7156-7245  AppBlockingManager      com.cdccreditsmart.app               D  ðŸ’¾ Estado de bloqueio limpo (incluindo categorias e pacotes acumulados)
2025-11-17 05:23:20.996  7156-7245  AppBlockingManager      com.cdccreditsmart.app               I  ðŸŽ¯ Desbloqueando TODOS os apps (setPackagesSuspended)...
2025-11-17 05:23:20.996  7156-7245  AppBlockingManager      com.cdccreditsmart.app               D  ðŸ“Š Total de apps instalados: 250
2025-11-17 05:23:21.002  7156-7245  AppBlockingManager      com.cdccreditsmart.app               I  âœ… 249 apps desbloqueados
2025-11-17 05:23:21.002  7156-7245  AppBlockingManager      com.cdccreditsmart.app               W    âš ï¸ Falhou ao desbloquear: android
2025-11-17 05:23:21.002  7156-7245  AppBlockingManager      com.cdccreditsmart.app               I  âœ… Desbloqueio completo - 249 apps
2025-11-17 05:23:21.002  7156-7245  AppBlockingManager      com.cdccreditsmart.app               I  âœ… BlockedAppInterceptor tambÃ©m nÃ£o vai mais interceptar
2025-11-17 05:23:21.002  7156-7245  AppBlockingManager      com.cdccreditsmart.app               I  
2025-11-17 05:23:21.002  7156-7245  AppBlockingManager      com.cdccreditsmart.app               I  â•”â•â•â•â•â•â•â•â•â•â•â•â•â•â•â•â•â•â•â•â•â•â•â•â•â•â•â•â•â•â•â•â•â•â•â•â•â•â•â•â•â•â•â•â•â•â•â•â•â•â•â•â•â•—
2025-11-17 05:23:21.002  7156-7245  AppBlockingManager      com.cdccreditsmart.app               I  â•‘  âœ… DESBLOQUEIO TOTAL CONCLUÃDO COM SUCESSO!     â•‘
2025-11-17 05:23:21.002  7156-7245  AppBlockingManager      com.cdccreditsmart.app               I  â• â•â•â•â•â•â•â•â•â•â•â•â•â•â•â•â•â•â•â•â•â•â•â•â•â•â•â•â•â•â•â•â•â•â•â•â•â•â•â•â•â•â•â•â•â•â•â•â•â•â•â•â•â•£
2025-11-17 05:23:21.002  7156-7245  AppBlockingManager      com.cdccreditsmart.app               I  â•‘  Apps desbloqueados: 249              â•‘
2025-11-17 05:23:21.002  7156-7245  AppBlockingManager      com.cdccreditsmart.app               I  â•‘  Knox Lockscreen: Resetado                        â•‘
2025-11-17 05:23:21.002  7156-7245  AppBlockingManager      com.cdccreditsmart.app               I  â•‘  Estado de bloqueio: Limpo                        â•‘
2025-11-17 05:23:21.002  7156-7245  AppBlockingManager      com.cdccreditsmart.app               I  â•šâ•â•â•â•â•â•â•â•â•â•â•â•â•â•â•â•â•â•â•â•â•â•â•â•â•â•â•â•â•â•â•â•â•â•â•â•â•â•â•â•â•â•â•â•â•â•â•â•â•â•â•â•â•
2025-11-17 05:23:21.002  7156-7245  AppBlockingManager      com.cdccreditsmart.app               I  
2025-11-17 05:23:21.002  7156-7245  MdmCommandReceiver      com.cdccreditsmart.app               I  âœ… Desbloqueio completo - Success: true, Apps: 249
2025-11-17 05:23:21.003  7156-7245  SecureTokenStorage      com.cdccreditsmart.app               D  âš ï¸ Usando Serial Number para MDM (IMEI indisponÃ­vel): AFD8YG...
2025-11-17 05:23:21.003  7156-7245  MdmCommandReceiver      com.cdccreditsmart.app               D  ðŸ“¡ Enviando response usando identifier: AFD8YG79****
2025-11-17 05:23:21.014  7156-7385  okhttp.OkHttpClient     com.cdccreditsmart.app               I  --> POST https://cdccreditsmart.com/api/apk/device/AFD8YG79/command-response
2025-11-17 05:23:21.014  7156-7385  okhttp.OkHttpClient     com.cdccreditsmart.app               I  Content-Type: application/json; charset=UTF-8
2025-11-17 05:23:21.014  7156-7385  okhttp.OkHttpClient     com.cdccreditsmart.app               I  Content-Length: 127
2025-11-17 05:23:21.016  7156-7385  okhttp.OkHttpClient     com.cdccreditsmart.app               I  {"commandId":"5523b3e7-ba7b-4975-9531-344f7f32aebf","status":"completed","response":{"success":true,"timestamp":1763367801007}}
2025-11-17 05:23:21.016  7156-7385  okhttp.OkHttpClient     com.cdccreditsmart.app               I  --> END POST (127-byte body)
2025-11-17 05:23:21.384  7156-7385  okhttp.OkHttpClient     com.cdccreditsmart.app               I  <-- 200 https://cdccreditsmart.com/api/apk/device/AFD8YG79/command-response (367ms)
2025-11-17 05:23:21.384  7156-7385  okhttp.OkHttpClient     com.cdccreditsmart.app               I  access-control-allow-credentials: true
2025-11-17 05:23:21.384  7156-7385  okhttp.OkHttpClient     com.cdccreditsmart.app               I  access-control-allow-headers: Origin, X-Requested-With, Content-Type, Accept, Authorization, x-client-key, x-client-token, x-client-secret, cache-control
2025-11-17 05:23:21.384  7156-7385  okhttp.OkHttpClient     com.cdccreditsmart.app               I  access-control-allow-methods: GET, POST, PUT, PATCH, DELETE, OPTIONS
2025-11-17 05:23:21.384  7156-7385  okhttp.OkHttpClient     com.cdccreditsmart.app               I  access-control-allow-origin: *
2025-11-17 05:23:21.384  7156-7385  okhttp.OkHttpClient     com.cdccreditsmart.app               I  access-control-max-age: 86400
2025-11-17 05:23:21.384  7156-7385  okhttp.OkHttpClient     com.cdccreditsmart.app               I  content-length: 59
2025-11-17 05:23:21.384  7156-7385  okhttp.OkHttpClient     com.cdccreditsmart.app               I  content-security-policy: default-src 'self'; script-src 'self' 'unsafe-inline' 'unsafe-eval' https://replit.com; style-src 'self' 'unsafe-inline' https://replit.com; img-src 'self' data: https:; font-src 'self' data: https://replit.com; connect-src 'self';
2025-11-17 05:23:21.384  7156-7385  okhttp.OkHttpClient     com.cdccreditsmart.app               I  content-type: application/json; charset=utf-8
2025-11-17 05:23:21.384  7156-7385  okhttp.OkHttpClient     com.cdccreditsmart.app               I  date: Mon, 17 Nov 2025 08:23:21 GMT
2025-11-17 05:23:21.384  7156-7385  okhttp.OkHttpClient     com.cdccreditsmart.app               I  etag: W/"3b-9gCHwmPb8p6jYm5WExczQnIIdAU"
2025-11-17 05:23:21.384  7156-7385  okhttp.OkHttpClient     com.cdccreditsmart.app               I  permissions-policy: geolocation=(), microphone=(), camera=()
2025-11-17 05:23:21.384  7156-7385  okhttp.OkHttpClient     com.cdccreditsmart.app               I  referrer-policy: strict-origin-when-cross-origin
2025-11-17 05:23:21.384  7156-7385  okhttp.OkHttpClient     com.cdccreditsmart.app               I  server: Google Frontend
2025-11-17 05:23:21.384  7156-7385  okhttp.OkHttpClient     com.cdccreditsmart.app               I  strict-transport-security: max-age=63072000; includeSubDomains
2025-11-17 05:23:21.384  7156-7385  okhttp.OkHttpClient     com.cdccreditsmart.app               I  strict-transport-security: max-age=31536000; includeSubDomains
2025-11-17 05:23:21.384  7156-7385  okhttp.OkHttpClient     com.cdccreditsmart.app               I  x-anti-fraud-protection: active
2025-11-17 05:23:21.384  7156-7385  okhttp.OkHttpClient     com.cdccreditsmart.app               I  x-certificate-pinning-enabled: false
2025-11-17 05:23:21.384  7156-7385  okhttp.OkHttpClient     com.cdccreditsmart.app               I  x-certificate-pinning-status: disabled-for-stability
2025-11-17 05:23:21.384  7156-7385  okhttp.OkHttpClient     com.cdccreditsmart.app               I  x-cloud-trace-context: cd343ad7a2d60bd4053bd0c7137aaaeb
2025-11-17 05:23:21.384  7156-7385  okhttp.OkHttpClient     com.cdccreditsmart.app               I  x-content-type-options: nosniff
2025-11-17 05:23:21.384  7156-7385  okhttp.OkHttpClient     com.cdccreditsmart.app               I  x-financial-data-protection: enabled
2025-11-17 05:23:21.384  7156-7385  okhttp.OkHttpClient     com.cdccreditsmart.app               I  x-frame-options: DENY
2025-11-17 05:23:21.384  7156-7385  okhttp.OkHttpClient     com.cdccreditsmart.app               I  x-transaction-security-level: maximum
2025-11-17 05:23:21.384  7156-7385  okhttp.OkHttpClient     com.cdccreditsmart.app               I  x-xss-protection: 1; mode=block
2025-11-17 05:23:21.384  7156-7385  okhttp.OkHttpClient     com.cdccreditsmart.app               I  via: 1.1 google
2025-11-17 05:23:21.384  7156-7385  okhttp.OkHttpClient     com.cdccreditsmart.app               I  alt-svc: h3=":443"; ma=2592000,h3-29=":443"; ma=2592000
2025-11-17 05:23:21.384  7156-7385  okhttp.OkHttpClient     com.cdccreditsmart.app               I  {"success":true,"message":"Resposta do comando registrada"}
2025-11-17 05:23:21.384  7156-7385  okhttp.OkHttpClient     com.cdccreditsmart.app               I  <-- END HTTP (59-byte body)
2025-11-17 05:23:21.384  7156-7245  MdmCommandReceiver      com.cdccreditsmart.app               I  âœ… Response enviado para comando 5523b3e7-ba7b-4975-9531-344f7f32aebf: completed
2025-11-17 05:23:21.385  7156-7245  MdmCommandReceiver      com.cdccreditsmart.app               D  ðŸ“Š Fetch duration: 1213ms
2025-11-17 05:23:21.385  7156-7245  MdmCommandReceiver      com.cdccreditsmart.app               D  â³ [Polling #3] Aguardando 28786ms atÃ© prÃ³xima verificaÃ§Ã£o...
2025-11-17 05:23:21.982  7156-7245  BlockedAppInterceptor   com.cdccreditsmart.app               I  ðŸ” CHECK: currentLevel=0, hasManualBlock=false, daysOverdue=0
2025-11-17 05:23:21.982  7156-7245  BlockedAppInterceptor   com.cdccreditsmart.app               W  âš ï¸ SEM BLOQUEIO ATIVO - Overlay NÃƒO vai aparecer
2025-11-17 05:23:21.982  7156-7245  BlockedAppInterceptor   com.cdccreditsmart.app               W     ðŸ“ Para ativar overlay: aplicar comando BLOCK com targetLevel > 0
2025-11-17 05:23:21.982  7156-7245  BlockedAppInterceptor   com.cdccreditsmart.app               W     â¸ï¸ Pausando monitoramento por 60s para economizar bateria...
2025-11-17 05:23:30.763  7156-7156  ViewRootImpl            com.cdccreditsmart.app               D  Skipping stats log for color mode
2025-11-17 05:23:30.766  7156-7156  MainActivity            com.cdccreditsmart.app               D  ========== NEW INTENT RECEIVED ==========
2025-11-17 05:23:31.008  7156-7156  InsetsController        com.cdccreditsmart.app               D  hide(ime(), fromIme=false)
2025-11-17 05:23:31.008  7156-7156  ImeTracker              com.cdccreditsmart.app               I  com.cdccreditsmart.app:d86f4f2: onCancelled at PHASE_CLIENT_ALREADY_HIDDEN
2025-11-17 05:23:32.800  7156-7156  InsetsController        com.cdccreditsmart.app               D  hide(ime(), fromIme=false)
2025-11-17 05:23:32.801  7156-7156  ImeTracker              com.cdccreditsmart.app               I  com.cdccreditsmart.app:85a5654: onCancelled at PHASE_CLIENT_ALREADY_HIDDEN
2025-11-17 05:23:34.790  7156-7156  InsetsController        com.cdccreditsmart.app               D  hide(ime(), fromIme=false)
2025-11-17 05:23:34.790  7156-7156  ImeTracker              com.cdccreditsmart.app               I  com.cdccreditsmart.app:d4b15497: onCancelled at PHASE_CLIENT_ALREADY_HIDDEN
2025-11-17 05:23:38.120  7156-7156  VRI[MainActivity]       com.cdccreditsmart.app               D  visibilityChanged oldVisibility=true newVisibility=false
2025-11-17 05:23:38.139  7156-7156  WindowOnBackDispatcher  com.cdccreditsmart.app               W  sendCancelIfRunning: isInProgress=false callback=androidx.activity.OnBackPressedDispatcher$Api34Impl$createOnBackAnimationCallback$1@b60cc59
2025-11-17 05:23:40.144  7156-7186  FA                      com.cdccreditsmart.app               I  Application backgrounded at: timestamp_millis: 1763367818143
2025-11-17 05:23:49.472  7156-7156  WebSocketManager        com.cdccreditsmart.app               D  Heartbeat ping sent
2025-11-17 05:23:49.631  7156-7397  WebSocketManager        com.cdccreditsmart.app               D  Message received: {"type":"pong","timestamp":"2025-11-17T08:23:49.563Z"}...
2025-11-17 05:23:49.631  7156-7397  WebSocketManager        com.cdccreditsmart.app               D  Received message type: pong
2025-11-17 05:23:49.631  7156-7397  WebSocketManager        com.cdccreditsmart.app               D  Pong received
2025-11-17 05:23:50.172  7156-7245  MdmCommandReceiver      com.cdccreditsmart.app               D  ðŸ” [Polling #4] Verificando comandos pendentes...
2025-11-17 05:23:50.173  7156-7245  SecureTokenStorage      com.cdccreditsmart.app               D  âš ï¸ Usando Serial Number para MDM (IMEI indisponÃ­vel): AFD8YG...
2025-11-17 05:23:50.173  7156-7245  MdmCommandReceiver      com.cdccreditsmart.app               D  ðŸ” Buscando comandos pendentes com identifier: AFD8YG79...
2025-11-17 05:23:50.174  7156-7385  okhttp.OkHttpClient     com.cdccreditsmart.app               I  --> GET https://cdccreditsmart.com/api/apk/device/AFD8YG79/commands
2025-11-17 05:23:50.174  7156-7385  okhttp.OkHttpClient     com.cdccreditsmart.app               I  --> END GET
2025-11-17 05:23:50.175  7156-7156  WebSocketManager        com.cdccreditsmart.app               D  Heartbeat ping sent
2025-11-17 05:23:50.338  7156-7407  WebSocketManager        com.cdccreditsmart.app               D  Message received: {"type":"pong","timestamp":"2025-11-17T08:23:50.266Z"}...
2025-11-17 05:23:50.338  7156-7407  WebSocketManager        com.cdccreditsmart.app               D  Received message type: pong
2025-11-17 05:23:50.338  7156-7407  WebSocketManager        com.cdccreditsmart.app               D  Pong received
2025-11-17 05:23:50.627  7156-7385  okhttp.OkHttpClient     com.cdccreditsmart.app               I  <-- 200 https://cdccreditsmart.com/api/apk/device/AFD8YG79/commands (452ms)
2025-11-17 05:23:50.627  7156-7385  okhttp.OkHttpClient     com.cdccreditsmart.app               I  access-control-allow-credentials: true
2025-11-17 05:23:50.627  7156-7385  okhttp.OkHttpClient     com.cdccreditsmart.app               I  access-control-allow-headers: Origin, X-Requested-With, Content-Type, Accept, Authorization, x-client-key, x-client-token, x-client-secret, cache-control
2025-11-17 05:23:50.627  7156-7385  okhttp.OkHttpClient     com.cdccreditsmart.app               I  access-control-allow-methods: GET, POST, PUT, PATCH, DELETE, OPTIONS
2025-11-17 05:23:50.627  7156-7385  okhttp.OkHttpClient     com.cdccreditsmart.app               I  access-control-allow-origin: *
2025-11-17 05:23:50.627  7156-7385  okhttp.OkHttpClient     com.cdccreditsmart.app               I  access-control-max-age: 86400
2025-11-17 05:23:50.627  7156-7385  okhttp.OkHttpClient     com.cdccreditsmart.app               I  content-length: 2736
2025-11-17 05:23:50.627  7156-7385  okhttp.OkHttpClient     com.cdccreditsmart.app               I  content-security-policy: default-src 'self'; script-src 'self' 'unsafe-inline' 'unsafe-eval' https://replit.com; style-src 'self' 'unsafe-inline' https://replit.com; img-src 'self' data: https:; font-src 'self' data: https://replit.com; connect-src 'self';
2025-11-17 05:23:50.627  7156-7385  okhttp.OkHttpClient     com.cdccreditsmart.app               I  content-type: application/json; charset=utf-8
2025-11-17 05:23:50.627  7156-7385  okhttp.OkHttpClient     com.cdccreditsmart.app               I  date: Mon, 17 Nov 2025 08:23:50 GMT
2025-11-17 05:23:50.627  7156-7385  okhttp.OkHttpClient     com.cdccreditsmart.app               I  etag: W/"ab0-/1DiYCFLiifWpSk4fzMwPmv1QOc"
2025-11-17 05:23:50.627  7156-7385  okhttp.OkHttpClient     com.cdccreditsmart.app               I  permissions-policy: geolocation=(), microphone=(), camera=()
2025-11-17 05:23:50.627  7156-7385  okhttp.OkHttpClient     com.cdccreditsmart.app               I  referrer-policy: strict-origin-when-cross-origin
2025-11-17 05:23:50.627  7156-7385  okhttp.OkHttpClient     com.cdccreditsmart.app               I  server: Google Frontend
2025-11-17 05:23:50.627  7156-7385  okhttp.OkHttpClient     com.cdccreditsmart.app               I  strict-transport-security: max-age=63072000; includeSubDomains
2025-11-17 05:23:50.627  7156-7385  okhttp.OkHttpClient     com.cdccreditsmart.app               I  strict-transport-security: max-age=31536000; includeSubDomains
2025-11-17 05:23:50.627  7156-7385  okhttp.OkHttpClient     com.cdccreditsmart.app               I  x-anti-fraud-protection: active
2025-11-17 05:23:50.627  7156-7385  okhttp.OkHttpClient     com.cdccreditsmart.app               I  x-certificate-pinning-enabled: false
2025-11-17 05:23:50.627  7156-7385  okhttp.OkHttpClient     com.cdccreditsmart.app               I  x-certificate-pinning-status: disabled-for-stability
2025-11-17 05:23:50.627  7156-7385  okhttp.OkHttpClient     com.cdccreditsmart.app               I  x-cloud-trace-context: 84e5beec2da5f7bc0988379f0f324faa;o=1
2025-11-17 05:23:50.627  7156-7385  okhttp.OkHttpClient     com.cdccreditsmart.app               I  x-content-type-options: nosniff
2025-11-17 05:23:50.627  7156-7385  okhttp.OkHttpClient     com.cdccreditsmart.app               I  x-financial-data-protection: enabled
2025-11-17 05:23:50.627  7156-7385  okhttp.OkHttpClient     com.cdccreditsmart.app               I  x-frame-options: DENY
2025-11-17 05:23:50.627  7156-7385  okhttp.OkHttpClient     com.cdccreditsmart.app               I  x-transaction-security-level: maximum
2025-11-17 05:23:50.627  7156-7385  okhttp.OkHttpClient     com.cdccreditsmart.app               I  x-xss-protection: 1; mode=block
2025-11-17 05:23:50.627  7156-7385  okhttp.OkHttpClient     com.cdccreditsmart.app               I  via: 1.1 google
2025-11-17 05:23:50.627  7156-7385  okhttp.OkHttpClient     com.cdccreditsmart.app               I  alt-svc: h3=":443"; ma=2592000,h3-29=":443"; ma=2592000
2025-11-17 05:23:50.628  7156-7385  okhttp.OkHttpClient     com.cdccreditsmart.app               I  {"deviceId":"device_1763345744228_4fyqpmlmh75","serialNumber":"AFD8YG79","commandsCount":1,"commands":[{"id":"67332178-7bba-4e82-bfd5-86073af8e179","commandType":"BLOCK_APPS_PROGRESSIVE","parameters":{"rules":[{"days":0,"level":0,"categories":[],"exceptions":[],"message_body":"Seu dispositivo estÃ¡ funcionando normalmente. Todas as parcelas estÃ£o em dia.","message_title":"Dispositivo Desbloqueado"},{"days":3,"level":1,"categories":["photos","gallery","video_players","web_browsers"],"exceptions":["com.whatsapp","com.android.dialer","com.android.messaging","bancos_allowed","emails_allowed"],"message_body":"Seu aparelho estÃ¡ com atraso de 3 dias. Aplicativos de fotos, galeria, vÃ­deos e navegadores foram temporariamente bloqueados atÃ© a regularizaÃ§Ã£o.","message_title":"AtenÃ§Ã£o: limite de apps reduzido"},{"days":6,"level":2,"categories":["youtube","music_players","play_store","games"],"exceptions":["com.whatsapp","com.android.dialer","com.android.messaging","bancos_allowed","emails_allowed"],"message_body":"Atraso de 6 dias. YouTube, apps de mÃºsica, Play Store e jogos foram bloqueados alÃ©m das restriÃ§Ãµes anteriores.","message_title":"AtenÃ§Ã£o: restriÃ§Ã£o ampliada"},{"days":9,"level":3,"categories":["social_media"],"exceptions":["com.whatsapp","com.android.dialer","com.android.messaging","bancos_allowed","emails_allowed"],"message_body":"Atraso de 9 dias. Todas as redes sociais foram bloqueadas, exceto WhatsApp.","message_title":"AtenÃ§Ã£o: redes sociais bloqueadas"},{"days":12,"level":4,"categories":["all_apps_except_whatsapp"],"exceptions":["com.whatsapp","com.android.dialer","com.android.messaging","bancos_allowed","emails_allowed"],"message_body":"Atraso de 12 dias. Quase todos os aplicativos estÃ£o bloqueados, WhatsApp continua liberado.","message_title":"AtenÃ§Ã£o: restriÃ§Ã£o severa"},{"days":15,"level":5,"categories":["all_apps_except_banks_calls_sms_emails"],"exceptions":["bancos_allowed","com.android.dialer","com.android.messaging","emails_allowed"],"message_body":"Atraso de 15 dias. Apenas apps bancÃ¡rios, de e-mail, telefone e SMS permanecerÃ£o disponÃ­veis. Demais apps foram bloqueados.","message_title":"AtenÃ§Ã£o: restriÃ§Ã£o mÃ¡xima"}],"reason":"Bloqueio manual forÃ§ado para nÃ­vel 5 pelo administrador","isManual":true,"categories":["photos","gallery","video_players","web_browsers","youtube","music_players","play_store","games","social_media","all_apps_except_whatsapp","all_apps_except_banks_calls_sms_emails"],"exceptions":["com.whatsapp","com.android.dialer","com.android.messaging","bancos_allowed","emails_allowed"],"daysOverdue":0,"targetLevel":5},"priority":"high","status":"pending","createdAt":"2025-11-17T08:23:24.875Z","expiresAt":"2025-11-18T08:23:24.858Z"}]}
2025-11-17 05:23:50.628  7156-7385  okhttp.OkHttpClient     com.cdccreditsmart.app               I  <-- END HTTP (2736-byte body)
2025-11-17 05:23:50.632  7156-7245  MdmCommandReceiver      com.cdccreditsmart.app               I  ðŸ“‹ 1 comandos pendentes encontrados
2025-11-17 05:23:50.632  7156-7245  MdmCommandReceiver      com.cdccreditsmart.app               I  ðŸ“‹ Processando comando pendente: BLOCK_APPS_PROGRESSIVE (67332178-7bba-4e82-bfd5-86073af8e179)
2025-11-17 05:23:50.632  7156-7245  MdmCommandReceiver      com.cdccreditsmart.app               I  âš™ï¸ Processando comando 67332178-7bba-4e82-bfd5-86073af8e179 (tipo: BLOCK_APPS_PROGRESSIVE)
2025-11-17 05:23:50.634  7156-7245  CdcForegroundService    com.cdccreditsmart.app               D  ðŸ”‹ WakeLock adquirido para comando (30s timeout)
2025-11-17 05:23:50.634  7156-7245  MdmCommandReceiver      com.cdccreditsmart.app               D  ðŸ”‹ WakeLock adquirido para comando MDM 67332178-7bba-4e82-bfd5-86073af8e179
2025-11-17 05:23:50.635  7156-7245  SecureTokenStorage      com.cdccreditsmart.app               D  âš ï¸ Usando Serial Number para MDM (IMEI indisponÃ­vel): AFD8YG...
2025-11-17 05:23:50.635  7156-7245  MdmCommandReceiver      com.cdccreditsmart.app               D  ðŸ“¡ Enviando ACK usando identifier: AFD8YG79****
2025-11-17 05:23:50.636  7156-7385  okhttp.OkHttpClient     com.cdccreditsmart.app               I  --> POST https://cdccreditsmart.com/api/apk/device/AFD8YG79/command-response
2025-11-17 05:23:50.636  7156-7385  okhttp.OkHttpClient     com.cdccreditsmart.app               I  Content-Type: application/json; charset=UTF-8
2025-11-17 05:23:50.636  7156-7385  okhttp.OkHttpClient     com.cdccreditsmart.app               I  Content-Length: 76
2025-11-17 05:23:50.636  7156-7385  okhttp.OkHttpClient     com.cdccreditsmart.app               I  {"commandId":"67332178-7bba-4e82-bfd5-86073af8e179","status":"acknowledged"}
2025-11-17 05:23:50.636  7156-7385  okhttp.OkHttpClient     com.cdccreditsmart.app               I  --> END POST (76-byte body)
2025-11-17 05:23:50.998  7156-7385  okhttp.OkHttpClient     com.cdccreditsmart.app               I  <-- 200 https://cdccreditsmart.com/api/apk/device/AFD8YG79/command-response (361ms)
2025-11-17 05:23:50.998  7156-7385  okhttp.OkHttpClient     com.cdccreditsmart.app               I  access-control-allow-credentials: true
2025-11-17 05:23:50.998  7156-7385  okhttp.OkHttpClient     com.cdccreditsmart.app               I  access-control-allow-headers: Origin, X-Requested-With, Content-Type, Accept, Authorization, x-client-key, x-client-token, x-client-secret, cache-control
2025-11-17 05:23:50.998  7156-7385  okhttp.OkHttpClient     com.cdccreditsmart.app               I  access-control-allow-methods: GET, POST, PUT, PATCH, DELETE, OPTIONS
2025-11-17 05:23:50.998  7156-7385  okhttp.OkHttpClient     com.cdccreditsmart.app               I  access-control-allow-origin: *
2025-11-17 05:23:50.998  7156-7385  okhttp.OkHttpClient     com.cdccreditsmart.app               I  access-control-max-age: 86400
2025-11-17 05:23:50.998  7156-7385  okhttp.OkHttpClient     com.cdccreditsmart.app               I  content-length: 59
2025-11-17 05:23:50.998  7156-7385  okhttp.OkHttpClient     com.cdccreditsmart.app               I  content-security-policy: default-src 'self'; script-src 'self' 'unsafe-inline' 'unsafe-eval' https://replit.com; style-src 'self' 'unsafe-inline' https://replit.com; img-src 'self' data: https:; font-src 'self' data: https://replit.com; connect-src 'self';
2025-11-17 05:23:50.998  7156-7385  okhttp.OkHttpClient     com.cdccreditsmart.app               I  content-type: application/json; charset=utf-8
2025-11-17 05:23:50.998  7156-7385  okhttp.OkHttpClient     com.cdccreditsmart.app               I  date: Mon, 17 Nov 2025 08:23:50 GMT
2025-11-17 05:23:50.998  7156-7385  okhttp.OkHttpClient     com.cdccreditsmart.app               I  etag: W/"3b-9gCHwmPb8p6jYm5WExczQnIIdAU"
2025-11-17 05:23:50.998  7156-7385  okhttp.OkHttpClient     com.cdccreditsmart.app               I  permissions-policy: geolocation=(), microphone=(), camera=()
2025-11-17 05:23:50.998  7156-7385  okhttp.OkHttpClient     com.cdccreditsmart.app               I  referrer-policy: strict-origin-when-cross-origin
2025-11-17 05:23:50.998  7156-7385  okhttp.OkHttpClient     com.cdccreditsmart.app               I  server: Google Frontend
2025-11-17 05:23:50.998  7156-7385  okhttp.OkHttpClient     com.cdccreditsmart.app               I  strict-transport-security: max-age=63072000; includeSubDomains
2025-11-17 05:23:50.998  7156-7385  okhttp.OkHttpClient     com.cdccreditsmart.app               I  strict-transport-security: max-age=31536000; includeSubDomains
2025-11-17 05:23:50.998  7156-7385  okhttp.OkHttpClient     com.cdccreditsmart.app               I  x-anti-fraud-protection: active
2025-11-17 05:23:50.998  7156-7385  okhttp.OkHttpClient     com.cdccreditsmart.app               I  x-certificate-pinning-enabled: false
2025-11-17 05:23:50.998  7156-7385  okhttp.OkHttpClient     com.cdccreditsmart.app               I  x-certificate-pinning-status: disabled-for-stability
2025-11-17 05:23:50.998  7156-7385  okhttp.OkHttpClient     com.cdccreditsmart.app               I  x-cloud-trace-context: 82b8455a780554410988379f0f324ef8
2025-11-17 05:23:50.998  7156-7385  okhttp.OkHttpClient     com.cdccreditsmart.app               I  x-content-type-options: nosniff
2025-11-17 05:23:50.998  7156-7385  okhttp.OkHttpClient     com.cdccreditsmart.app               I  x-financial-data-protection: enabled
2025-11-17 05:23:50.998  7156-7385  okhttp.OkHttpClient     com.cdccreditsmart.app               I  x-frame-options: DENY
2025-11-17 05:23:50.998  7156-7385  okhttp.OkHttpClient     com.cdccreditsmart.app               I  x-transaction-security-level: maximum
2025-11-17 05:23:50.998  7156-7385  okhttp.OkHttpClient     com.cdccreditsmart.app               I  x-xss-protection: 1; mode=block
2025-11-17 05:23:50.998  7156-7385  okhttp.OkHttpClient     com.cdccreditsmart.app               I  via: 1.1 google
2025-11-17 05:23:50.998  7156-7385  okhttp.OkHttpClient     com.cdccreditsmart.app               I  alt-svc: h3=":443"; ma=2592000,h3-29=":443"; ma=2592000
2025-11-17 05:23:50.999  7156-7385  okhttp.OkHttpClient     com.cdccreditsmart.app               I  {"success":true,"message":"Resposta do comando registrada"}
2025-11-17 05:23:50.999  7156-7385  okhttp.OkHttpClient     com.cdccreditsmart.app               I  <-- END HTTP (59-byte body)
2025-11-17 05:23:51.000  7156-7245  MdmCommandReceiver      com.cdccreditsmart.app               I  âœ… ACK enviado para comando 67332178-7bba-4e82-bfd5-86073af8e179
2025-11-17 05:23:51.000  7156-7245  MdmCommandReceiver      com.cdccreditsmart.app               I  âš™ï¸ Level: 5, Days: 0
2025-11-17 05:23:51.000  7156-7245  MdmCommandReceiver      com.cdccreditsmart.app               I  ðŸ”’ Aplicando bloqueio progressivo...
2025-11-17 05:23:51.000  7156-7245  AppBlockingManager      com.cdccreditsmart.app               I  ðŸ”’ Aplicando bloqueio progressivo - NÃ­vel 5
2025-11-17 05:23:51.000  7156-7245  AppBlockingManager      com.cdccreditsmart.app               D  Dias de atraso: 0
2025-11-17 05:23:51.000  7156-7245  AppBlockingManager      com.cdccreditsmart.app               D  RazÃ£o: Bloqueio manual forÃ§ado para nÃ­vel 5 pelo administrador
2025-11-17 05:23:51.000  7156-7245  AppBlockingManager      com.cdccreditsmart.app               D  Categorias recebidas: [photos, gallery, video_players, web_browsers, youtube, music_players, play_store, games, social_media, all_apps_except_whatsapp, all_apps_except_banks_calls_sms_emails]
