2025-11-17 22:41:39.201  1502-1502  PrefCtrlListHelper      com.android.settings                 D  Could not find Context-only controller for pref: com.android.settings.applications.specialaccess.pictureinpicture.PictureInPictureDetailPreferenceController
2025-11-17 22:41:39.201  1502-1502  PrefCtrlListHelper      com.android.settings                 D  Could not find Context-only controller for pref: com.android.settings.applications.appinfo.ExternalSourceDetailPreferenceController
2025-11-17 22:41:39.201  1502-1502  PrefCtrlListHelper      com.android.settings                 D  Could not find Context-only controller for pref: com.android.settings.applications.specialaccess.interactacrossprofiles.InteractAcrossProfilesDetailsPreferenceController
2025-11-17 22:41:39.202  1502-1502  PrefCtrlListHelper      com.android.settings                 D  Could not find Context-only controller for pref: com.android.settings.applications.appinfo.AlarmsAndRemindersDetailPreferenceController
2025-11-17 22:41:39.202  1502-1502  PrefCtrlListHelper      com.android.settings                 D  Could not find Context-only controller for pref: com.android.settings.applications.appinfo.LongBackgroundTasksDetailsPreferenceController
2025-11-17 22:41:39.202  1502-1502  PrefCtrlListHelper      com.android.settings                 D  Could not find Context-only controller for pref: com.android.settings.applications.appinfo.AppInstallerPreferenceCategoryController
2025-11-17 22:41:39.202  1502-1502  PrefCtrlListHelper      com.android.settings                 D  Could not find Context-only controller for pref: com.android.settings.applications.appinfo.AppInstallerInfoPreferenceController
2025-11-17 22:41:39.202  1502-1502  PrefCtrlListHelper      com.android.settings                 D  Could not find Context-only controller for pref: com.android.settings.applications.appinfo.AppVersionPreferenceController
2025-11-17 22:41:39.208  1502-1502  Settings                com.android.settings                 E  Unable to find info for package: null
2025-11-17 22:41:39.212  1502-1502  SettingsActivity        com.android.settings                 D  MetricsCategory is 20
2025-11-17 22:41:39.238  1502-1502  ndroid.settings         com.android.settings                 I  AssetManager2(0x70e5ece91d78) locale list changing from [] to [en-US]
2025-11-17 22:41:39.243  1502-1502  AppLocaleUtil           com.android.settings                 I  Can display preference - [com.payjoy.status] : isDisallowedPackage : false / isSignedWithPlatformKey : false / hasLauncherEntry : true / canDisplay : false / 1.1
2025-11-17 22:41:39.247  1502-1502  AppLocaleUtil           com.android.settings                 I  Can display preference - [com.payjoy.status] : isDisallowedPackage : false / isSignedWithPlatformKey : false / hasLauncherEntry : true / canDisplay : false / 1.1
2025-11-17 22:41:39.274  1502-1502  AllServicesPrefControl  com.android.settings                 D  mResolveInfo is null.
2025-11-17 22:41:39.275  1502-1502  AppInfoDashboard        com.android.settings                 D  NO dashboard tiles for AppInfoDashboard
2025-11-17 22:41:39.275  1502-1502  AppInfoDashboard        com.android.settings                 D  All preferences added, reporting fully drawn
2025-11-17 22:41:39.277  1502-1502  SettingsActivity        com.android.settings                 D  Executed frag manager pendingTransactions
2025-11-17 22:41:39.279   721-2312  OptProp                 system_server                        W  Cannot read opt property android.window.PROPERTY_COMPAT_ALLOW_USER_ASPECT_RATIO_OVERRIDE
2025-11-17 22:41:39.279   721-2312  OptProp                 system_server                        W  Cannot read opt property android.window.PROPERTY_COMPAT_ALLOW_USER_ASPECT_RATIO_FULLSCREEN_OVERRIDE
2025-11-17 22:41:39.279   721-2312  OptProp                 system_server                        W  Cannot read opt property android.window.PROPERTY_COMPAT_ALLOW_MIN_ASPECT_RATIO_OVERRIDE
2025-11-17 22:41:39.279   721-2312  OptProp                 system_server                        W  Cannot read opt property android.window.PROPERTY_COMPAT_ALLOW_ORIENTATION_OVERRIDE
2025-11-17 22:41:39.307   721-2312  ActivityTaskManager     system_server                        I  START u0 {xflg=0x4 cmp=com.android.settings/.spa.SpaActivity (has extras)} with LAUNCH_MULTIPLE from uid 1000 (sr=64740212) (BAL_ALLOW_VISIBLE_WINDOW) result code=0
2025-11-17 22:41:39.318  1502-10578 BatteryUsa...ntProvider com.android.settings                 D  getLastFullChargeTimestamp() in 71/ms
2025-11-17 22:41:39.332   721-2148  OptProp                 system_server                        W  Cannot read opt property android.window.PROPERTY_COMPAT_ENABLE_FAKE_FOCUS
2025-11-17 22:41:39.332   721-2148  OptProp                 system_server                        W  Cannot read opt property android.window.PROPERTY_COMPAT_ALLOW_RESIZEABLE_ACTIVITY_OVERRIDES
2025-11-17 22:41:39.338   721-1213  Background...rolService system_server                        D  Package event received: 0
2025-11-17 22:41:39.338   721-1213  Background...rolService system_server                        D  Package event received: 0
2025-11-17 22:41:39.338   721-1213  Background...rolService system_server                        D  Package event received: 0
2025-11-17 22:41:39.345  1502-10578 DatabaseUtils           com.android.settings                 D  getLastFullChargeTime() lastFullChargeTime=Nov 17, 2025, 20:09:04 in 98/ms
2025-11-17 22:41:39.348  1502-10578 DatabaseUtils           com.android.settings                 D  sixDaysAgoTimestamp: Nov 12, 2025, 00:00:00
2025-11-17 22:41:39.348  1502-10578 BatteryUsa...ntProvider com.android.settings                 D  getQueryTimestamp from uri: content://com.android.settings.battery.usage.provider/BatteryState?timestamp=1763410144017
2025-11-17 22:41:39.349  1502-10578 BatteryUsa...ntProvider com.android.settings                 D  getBatteryStates() after 1763410144017 in 1/ms
2025-11-17 22:41:39.349  1502-10578 DatabaseUtils           com.android.settings                 D  getBatteryHistoryMap() size=6 in 1/ms
2025-11-17 22:41:39.349  1502-10578 BatteryCha...Controller com.android.settings                 D  getBatterySinceLastFullChargeUsageData() size=6 time=103/ms
2025-11-17 22:41:39.354  1502-10578 DataProcessor           com.android.settings                 D  getHistoryMapWithExpectedTimestamps() size=7 in 0/ms
2025-11-17 22:41:39.359  1258-3346  WindowManagerShell      com.android.systemui                 V  onTransitionReady(transaction=3096671426982)
2025-11-17 22:41:39.361  1258-1331  WindowManagerShell      com.android.systemui                 V  onTransitionReady (#79) android.os.BinderProxy@db4f1f8: {id=79 t=OPEN f=0x0 trk=0 r=[0@Point(0, 0)] c=[
                                                                                                            {m=OPEN f=NONE leash=Surface(name=Task=12)/@0xd112735 sb=Rect(0, 0 - 1280, 2856) eb=Rect(0, 0 - 1280, 2856) epz=Point(1280, 2856) d=0 taskParent=-1},
                                                                                                            {m=TO_BACK f=SHOW_WALLPAPER leash=Surface(name=Task=1)/@0x23e07ca sb=Rect(0, 0 - 1280, 2856) eb=Rect(0, 0 - 1280, 2856) epz=Point(1280, 2856) d=0 taskParent=-1},
                                                                                                            {m=TO_BACK f=IS_WALLPAPER leash=Surface(name=WallpaperWindowToken{9c5dd1b showWhenLocked=false})/@0xb050d3b sb=Rect(0, 0 - 1280, 2856) eb=Rect(0, 0 - 1280, 2856) epz=Point(1280, 2856) d=0}
                                                                                                        ]}
2025-11-17 22:41:39.362  1258-1331  WindowManagerShell      com.android.systemui                 V  Playing animation for (#79) android.os.BinderProxy@db4f1f8@0
2025-11-17 22:41:39.363  1258-1331  WindowManagerShell      com.android.systemui                 V   try firstHandler com.android.wm.shell.transition.DefaultMixedHandler@6be1b0f
2025-11-17 22:41:39.363  1258-1331  WindowManagerShell      com.android.systemui                 V  Mixed transition for opening an intent with a remote transition and PIP or Desktop #79
2025-11-17 22:41:39.363  1258-1331  WindowManagerShell      com.android.systemui                 V  tryAnimateOpenIntentWithRemoteAndPipOrDesktop
2025-11-17 22:41:39.364  1258-1331  WindowManagerShell      com.android.systemui                 V   Delegate animation for (#79) to RemoteTransition { remoteTransition = android.window.IRemoteTransition$Stub$Proxy@f4335a4, appThread = android.app.IApplicationThread$Stub$Proxy@acdff0d, debugName = QuickstepLaunch }
2025-11-17 22:41:39.368  1258-1331  WindowManagerShell      com.android.systemui                 V   animated by firstHandler
2025-11-17 22:41:39.367   721-759   WindowManager           system_server                        V  Sent Transition (#79) createdAt=11-18 01:41:39.007 via request=TransitionRequestInfo { type = OPEN, triggerTask = TaskInfo{userId=0 taskId=12 effectiveUid=1000 displayId=0 isRunning=true baseIntent=Intent { act=android.settings.APPLICATION_DETAILS_SETTINGS dat=package: flg=0x10008000 cmp=com.android.settings/.applications.InstalledAppDetails } baseActivity=ComponentInfo{com.android.settings/com.android.settings.applications.InstalledAppDetailsTop} topActivity=ComponentInfo{com.android.settings/com.android.settings.applications.InstalledAppDetailsTop} origActivity=ComponentInfo{com.android.settings/com.android.settings.applications.InstalledAppDetails} realActivity=ComponentInfo{com.android.settings/com.android.settings.applications.InstalledAppDetailsTop} numActivities=1 lastActiveTime=20046071 supportsMultiWindow=true resizeMode=1 isResizeable=true minWidth=-1 minHeight=-1 defaultMinSize=220 token=WCT{RemoteToken{ce9d21f Task{131f89d #12 type=standard A=1000:com.android.settings}}} topActivityType=1 pictureInPictureParams=null shouldDockBigOverlays=false launchIntoPipHostTaskId=-1 lastParentTaskIdBeforePip=-1 displayCutoutSafeInsets=Rect(0, 156 - 0, 0) topActivityInfo=ActivityInfo{8e196c com.android.settings.applications.InstalledAppDetails} launchCookies=[android.os.BinderProxy@dc7eb35] positionInParent=Point(0, 0) parentTaskId=-1 isFocused=false isVisible=false isVisibleRequested=false isTopActivityNoDisplay=false isSleeping=false locusId=null displayAreaFeatureId=1 isTopActivityTransparent=false isActivityStackTransparent=false lastNonFullscreenBounds=Rect(329, 830 - 952, 2110) capturedLink=null capturedLinkTimestamp=0 requestedVisibleTypes=-9 topActivityRequestOpenInBrowserEducationTimestamp=0 appCompatTaskInfo=AppCompatTaskInfo { topActivityInSizeCompat=false eligibleForLetterboxEducation= false isLetterboxEducationEnabled= true isLetterboxDoubleTapEnabled= false eligibleForUserAspectRatioButton= false topActivityBoundsLetterboxed= false isFromLetterboxDoubleTap= false topActivityLetterboxVerticalPosition= -1 topActivityLetterboxHorizontalPosition= -1 topActivityLetterboxWidth=-1 topActivityLetterboxHeight=-1 topActivityAppBounds=Rect(0, 0 - 1280, 2856) isUserFullscreenOverrideEnabled=false isSystemFullscreenOverrideEnabled=false hasMinAspectRatioOverride=false topActivityLetterboxBounds=null cameraCompatTaskInfo=CameraCompatTaskInfo { freeformCameraCompatMode=inactive}} topActivityMainWindowFrame=null}, pipChange = null, remoteTransition = RemoteTransition { remoteTransition = android.window.IRemoteTransition$Stub$Proxy@7c77bca, appThread = android.app.IApplicationThread$Stub$Proxy@fe3713b, debugName = QuickstepLaunch }, displayChange = null, flags = 0, debugId = 79 }
2025-11-17 22:41:39.367   721-759   WindowManager           system_server                        V      startWCT=WindowContainerTransaction { changes= {} hops= [] errorCallbackToken=null taskFragmentOrganizer=null }
2025-11-17 22:41:39.367   721-759   WindowManager           system_server                        V      info={id=79 t=OPEN f=0x0 trk=0 r=[0@Point(0, 0)] c=[
                                                                                                            {WCT{RemoteToken{ce9d21f Task{131f89d #12 type=standard A=1000:com.android.settings}}} m=OPEN f=NONE leash=Surface(name=Task=12)/@0x40b2cc3 sb=Rect(0, 0 - 1280, 2856) eb=Rect(0, 0 - 1280, 2856) epz=Point(1280, 2856) d=0 taskParent=-1},
                                                                                                            {WCT{RemoteToken{2ca9762 Task{8bf153 #1 type=home}}} m=TO_BACK f=SHOW_WALLPAPER leash=Surface(name=Task=1)/@0x7f08c52 sb=Rect(0, 0 - 1280, 2856) eb=Rect(0, 0 - 1280, 2856) epz=Point(1280, 2856) d=0 taskParent=-1},
                                                                                                            {m=TO_BACK f=IS_WALLPAPER leash=Surface(name=WallpaperWindowToken{9c5dd1b showWhenLocked=false})/@0x103fd87 sb=Rect(0, 0 - 1280, 2856) eb=Rect(0, 0 - 1280, 2856) epz=Point(1280, 2856) d=0}
                                                                                                        ]}
2025-11-17 22:41:39.388   721-2148  CoreBackPreview         system_server                        D  Window{79905b1 u0 com.android.settings/com.android.settings.spa.SpaActivity}: Setting back callback OnBackInvokedCallbackInfo{mCallback=android.window.IOnBackInvokedCallback$Stub$Proxy@b0de617, mPriority=-1, mIsAnimationCallback=false, mOverrideBehavior=0}
2025-11-17 22:41:39.396  1502-1502  System.out              com.android.settings                 I  I should make it here
2025-11-17 22:41:39.396  1502-1502  System.out              com.android.settings                 I  time to navigate
2025-11-17 22:41:39.396  1502-1502  System.out              com.android.settings                 I  navigateInternal
2025-11-17 22:41:39.399  1502-1502  System.out              com.android.settings                 I  AddEntryTobackstack
2025-11-17 22:41:39.400  1502-1502  System.out              com.android.settings                 I  adding NavBackStackEntry(b37fdeb1-0606-4034-a845-1b3f381cf4af) destination=ComposeNavigator$Destination(0x78cc0e94) route=NULL to back stack
2025-11-17 22:41:39.411   721-1213  Background...rolService system_server                        D  Package event received: 0
2025-11-17 22:41:39.418   721-2309  ActivityManager         system_server                        D  sync unfroze 3433 com.android.chrome for 6
2025-11-17 22:41:39.419  1557-1557  BaseDepthController     com...le.android.apps.nexuslauncher  D  mSurface is null and mCurrentBlur is: 0
2025-11-17 22:41:39.419  1557-1557  BaseDepthController     com...le.android.apps.nexuslauncher  D  mSurface is null and mCurrentBlur is: 0
2025-11-17 22:41:39.420  1557-1557  BaseDepthController     com...le.android.apps.nexuslauncher  D  mSurface is null and mCurrentBlur is: 0
2025-11-17 22:41:39.431   721-1213  Background...rolService system_server                        D  Package event received: 0
2025-11-17 22:41:39.432   721-1213  Background...rolService system_server                        D  Package event received: 0
2025-11-17 22:41:39.436   721-2309  ActivityManager         system_server                        D  sync unfroze 6482 com.android.vending for 6
2025-11-17 22:41:39.438   721-1213  Background...rolService system_server                        D  Package event received: 0
2025-11-17 22:41:39.441   721-2309  ActivityManager         system_server                        D  sync unfroze 2860 com.google.android.adservices.api for 6
2025-11-17 22:41:39.442   721-1213  Background...rolService system_server                        D  Package event received: 0
2025-11-17 22:41:39.451   721-2309  ActivityManager         system_server                        D  sync unfroze 5683 com.android.vending:background for 6
2025-11-17 22:41:39.467  5683-5683  Finsky:background       com.android.vending:background       I  [2] Memory trim requested to level 40
2025-11-17 22:41:39.471  6482-6482  Finsky                  com.android.vending                  I  [2] Memory trim requested to level 40
2025-11-17 22:41:39.474  6482-6482  Finsky                  com.android.vending                  I  [2] Flushing in-memory image cache
2025-11-17 22:41:39.483  1502-10578 DataProcessor           com.android.settings                 D  getBatteryUsageStats() from BatteryStatsManager in 128/ms
2025-11-17 22:41:39.483  1502-10578 DataProcessor           com.android.settings                 W  shouldShowBatteryAttributionList(): 0.1
2025-11-17 22:41:39.483  1502-10578 DataProcessor           com.android.settings                 W  batteryEntryList is null or empty in convertToBatteryHistEntry()
2025-11-17 22:41:39.492  1557-1557  BaseDepthController     com...le.android.apps.nexuslauncher  D  mSurface is null and mCurrentBlur is: 0
2025-11-17 22:41:39.497  1557-1557  BaseDepthController     com...le.android.apps.nexuslauncher  D  mSurface is null and mCurrentBlur is: 0
2025-11-17 22:41:39.554  1557-1557  BaseDepthController     com...le.android.apps.nexuslauncher  D  mSurface is null and mCurrentBlur is: 0
2025-11-17 22:41:39.575  3433-10304 CompatChangeReporter    com.android.chrome                   D  Compat change id reported: 263076149; UID 10150; state: ENABLED
2025-11-17 22:41:39.603  1557-1557  BaseDepthController     com...le.android.apps.nexuslauncher  D  mSurface is null and mCurrentBlur is: 0
2025-11-17 22:41:39.608  1502-1502  System.out              com.android.settings                 I  navigateInternal
2025-11-17 22:41:39.608  1502-1502  System.out              com.android.settings                 I  AddEntryTobackstack
2025-11-17 22:41:39.608  1502-1502  System.out              com.android.settings                 I  adding NavBackStackEntry(a48e0b9d-6326-4052-b7b1-6c0c01c27d87) destination=ComposeNavigator$Destination(0x7b44416e) route=AppInfoSettings/{packageName}/{userId} to back stack
2025-11-17 22:41:39.619   721-2052  ActivityTaskManager     system_server                        W  Request to remove task ignored for non-existent task 11
2025-11-17 22:41:39.627   721-759   ActivityTaskManager     system_server                        I  Displayed com.android.settings/.spa.SpaActivity for user 0: +608ms
2025-11-17 22:41:39.629  1557-1557  BaseDepthController     com...le.android.apps.nexuslauncher  D  mSurface is null and mCurrentBlur is: 0
2025-11-17 22:41:39.633  1502-1502  SpaLogMetricsProvider   com.android.settings                 D  PAGE_ENTER page 0
2025-11-17 22:41:39.636  3433-10346 cr_media                com.android.chrome                   I  Create MediaDrmBridge with level L3 and origin 008A488F3CE240A1D4D3AE389C358255 for L3 provisioning
2025-11-17 22:41:39.639  1557-1557  BaseDepthController     com...le.android.apps.nexuslauncher  D  mSurface is null and mCurrentBlur is: 0
2025-11-17 22:41:39.643   721-762   ProcessStats            system_server                        W  Tracking association SourceState{257f1a1 com.android.vending:background/10144 ImpBg #11356} whose proc state 6 is better than process ProcessState{e971fc6 com.android.vending/10144 pkg=com.android.vending} proc state 14 (6 skipped)
2025-11-17 22:41:39.657  1502-10578 AppBattery...Controller com.android.settings                 D  loadBatteryDiffEntries():
                                                                                                    null
2025-11-17 22:41:39.663  1502-1502  BrowseActivity          com.android.settings                 D  Launching page AppInfoSettings
2025-11-17 22:41:39.682  1557-1557  BaseDepthController     com...le.android.apps.nexuslauncher  D  mSurface is null and mCurrentBlur is: 0
2025-11-17 22:41:39.697  6797-6827  BrowserUsageLoader      com.google.android.apps.wellbeing    W  <DWB> Failed to query website usage (Ask Gemini)
                                                                                                    fxv: Service rejected request (status=5)
                                                                                                    	at fao.a(PG:230)
                                                                                                    	at lre.a(PG:57)
                                                                                                    	at lqs.e(PG:3)
                                                                                                    	at lqu.run(PG:38)
                                                                                                    	at idd.run(PG:3)
                                                                                                    	at loz.run(PG:50)
                                                                                                    	at hsu.run(PG:768)
                                                                                                    	at java.lang.Thread.run(Thread.java:1119)
                                                                                                    	at ieo.run(PG:63)
2025-11-17 22:41:39.716  1557-1557  BaseDepthController     com...le.android.apps.nexuslauncher  D  mSurface is null and mCurrentBlur is: 0
2025-11-17 22:41:39.766  1557-1557  BaseDepthController     com...le.android.apps.nexuslauncher  D  mSurface is null and mCurrentBlur is: 0
2025-11-17 22:41:39.781   721-2309  Role                    system_server                        I  com.payjoy.status not qualified for android.app.role.HOME due to missing RequiredComponent{mIntentFilterData=IntentFilterData{mAction='android.intent.action.MAIN', mCategories='[android.intent.category.HOME]', mDataScheme='null', mDataType='null'}, mMinTargetSdkVersion=1, mFlags='0', mPermission='null', mQueryFlags=0, mMetaData=[]}
2025-11-17 22:41:39.783   721-2309  Role                    system_server                        I  com.payjoy.status not qualified for android.app.role.DIALER due to missing RequiredComponent{mIntentFilterData=IntentFilterData{mAction='android.intent.action.DIAL', mCategories='[]', mDataScheme='null', mDataType='null'}, mMinTargetSdkVersion=1, mFlags='0', mPermission='null', mQueryFlags=0, mMetaData=[]}
2025-11-17 22:41:39.788  3433-10304 chromium                com.android.chrome                   W  [WARNING:ev_root_ca_metadata.cc(119)] Not implemented
2025-11-17 22:41:39.789   721-749   Role                    system_server                        I  com.payjoy.status not qualified for android.app.role.SMS due to missing RequiredComponent{mIntentFilterData=IntentFilterData{mAction='android.provider.Telephony.SMS_DELIVER', mCategories='[]', mDataScheme='null', mDataType='null'}, mMinTargetSdkVersion=1, mFlags='0', mPermission='android.permission.BROADCAST_SMS', mQueryFlags=0, mMetaData=[]}
2025-11-17 22:41:39.809  1557-1557  BaseDepthController     com...le.android.apps.nexuslauncher  D  mSurface is null and mCurrentBlur is: 0
2025-11-17 22:41:39.836   721-950   ImeTracker              system_server                        I  com.android.settings:d294d6ce: onRequestHide at ORIGIN_SERVER reason HIDE_UNSPECIFIED_WINDOW fromUser false
2025-11-17 22:41:39.839  3433-10346 DrmHalHidl              com.android.chrome                   I  No hidl drm factories found
2025-11-17 22:41:39.845  1502-8272  BatteryUsa...ntProvider com.android.settings                 D  getLastFullChargeTimestamp() in 1/ms
2025-11-17 22:41:39.846  1502-8272  DatabaseUtils           com.android.settings                 D  getLastFullChargeTime() lastFullChargeTime=Nov 17, 2025, 20:09:04 in 2/ms
2025-11-17 22:41:39.846  1502-8272  DatabaseUtils           com.android.settings                 D  sixDaysAgoTimestamp: Nov 12, 2025, 00:00:00
2025-11-17 22:41:39.854   721-2308  ParceledListSlice       system_server                        W  Element #18 is 19068 bytes.
2025-11-17 22:41:39.855   721-2308  ParceledListSlice       system_server                        W  Element #19 is 19844 bytes.
2025-11-17 22:41:39.859  1557-1557  BaseDepthController     com...le.android.apps.nexuslauncher  D  mSurface is null and mCurrentBlur is: 0
2025-11-17 22:41:39.862  1502-8272  BatteryUsa...ntProvider com.android.settings                 D  getQueryTimestamp from uri: content://com.android.settings.battery.usage.provider/BatteryState?timestamp=1763410144017
2025-11-17 22:41:39.863  1502-8272  BatteryUsa...ntProvider com.android.settings                 D  getBatteryStates() after 1763410144017 in 0/ms
2025-11-17 22:41:39.868  1502-8272  DatabaseUtils           com.android.settings                 D  getBatteryHistoryMap() size=6 in 22/ms
2025-11-17 22:41:39.870  1502-8272  BatteryCha...Controller com.android.settings                 D  getBatterySinceLastFullChargeUsageData() size=6 time=26/ms
2025-11-17 22:41:39.872  1502-8272  DataProcessor           com.android.settings                 D  getHistoryMapWithExpectedTimestamps() size=7 in 0/ms
2025-11-17 22:41:39.881   240-240   hwservicemanager        hwservicemanager                     I  getTransport: Cannot find entry android.hardware.drm@1.0::IDrmFactory/default in either framework or device VINTF manifest.
2025-11-17 22:41:39.885  1557-1557  BaseDepthController     com...le.android.apps.nexuslauncher  D  mSurface is null and mCurrentBlur is: 0
2025-11-17 22:41:39.891  3433-10346 DrmHalHidl              com.android.chrome                   W  Failed to find passthrough drm factories
2025-11-17 22:41:39.895  6547-6547  GoogleInpu...hodService com...gle.android.inputmethod.latin  I  GoogleInputMethodService.onFinishInput():2043 
2025-11-17 22:41:39.897   721-2052  ImeTracker              system_server                        I  system_server:27733b60: onRequestHide at ORIGIN_SERVER reason IME_REQUESTED_CHANGED_LISTENER fromUser false
2025-11-17 22:41:39.898  6547-6547  Module                  com...gle.android.inputmethod.latin  I  DeviceLockedStatusModuleProvider$Module.updateDeviceLockedStatus():100 repeatCheckTimes = 0, locked = false
2025-11-17 22:41:39.898   721-762   ImeTracker              system_server                        I  system_server:27733b60: onCancelled at PHASE_SERVER_SHOULD_HIDE
2025-11-17 22:41:39.898  6547-6547  GoogleInpu...hodService com...gle.android.inputmethod.latin  I  GoogleInputMethodService.onStartInput():1293 onStartInput(EditorInfo{EditorInfo{packageName=com.android.settings, inputType=0, inputTypeString=NULL, enableLearning=false, autoCorrection=false, autoComplete=false, imeOptions=0, privateImeOptions=null, actionName=UNSPECIFIED, actionLabel=null, initialSelStart=-1, initialSelEnd=-1, initialCapsMode=0, label=null, fieldId=0, fieldName=null, extras=null, hintText=null, hintLocales=[]}}, false)
2025-11-17 22:41:39.903  1502-8272  DataProcessor           com.android.settings                 D  getBatteryUsageStats() from BatteryStatsManager in 31/ms
2025-11-17 22:41:39.903  1502-8272  DataProcessor           com.android.settings                 W  shouldShowBatteryAttributionList(): 0.1
2025-11-17 22:41:39.903  1502-8272  DataProcessor           com.android.settings                 W  batteryEntryList is null or empty in convertToBatteryHistEntry()
2025-11-17 22:41:39.905  6547-6547  Module                  com...gle.android.inputmethod.latin  I  DeviceLockedStatusModuleProvider$Module.updateDeviceLockedStatus():100 repeatCheckTimes = 1, locked = false
2025-11-17 22:41:39.906   721-1573  PackageConfigPersister  system_server                        W  App-specific configuration not found for packageName: com.android.settings and userId: 0
2025-11-17 22:41:39.914  1502-10624 AppLocaleUtil           com.android.settings                 I  Can display preference - [com.payjoy.status] : isDisallowedPackage : false / isSignedWithPlatformKey : false / hasLauncherEntry : true / canDisplay : false / 1.1
2025-11-17 22:41:39.941  1502-8272  AppBatteryPresenter     com.android.settings                 D  loadBatteryDiffEntries():
                                                                                                    null
2025-11-17 22:41:39.947  1557-1557  BaseDepthController     com...le.android.apps.nexuslauncher  D  mSurface is null and mCurrentBlur is: 0
2025-11-17 22:41:39.962  1557-1557  BaseDepthController     com...le.android.apps.nexuslauncher  D  mSurface is null and mCurrentBlur is: 0
2025-11-17 22:41:39.966  1258-1331  WindowManagerShell      com.android.systemui                 V  Transition animation finished (aborted=false), notifying core (#79) android.os.BinderProxy@db4f1f8@0
2025-11-17 22:41:39.975   721-759   WindowManager           system_server                        V  Finish Transition (#79): created at 11-18 01:41:39.007 collect-started=0.073ms request-sent=13.921ms started=17.568ms ready=325.463ms sent=351.375ms commit=57.341ms finished=967.606ms
2025-11-17 22:41:39.986  1258-1331  WindowManagerShell      com.android.systemui                 V  Track 0 became idle
2025-11-17 22:41:39.986  1258-1331  WindowManagerShell      com.android.systemui                 V  All active transition animations finished
2025-11-17 22:41:39.997  1557-1557  VRI[NexusL...rActivity] com...le.android.apps.nexuslauncher  D  visibilityChanged oldVisibility=true newVisibility=false
2025-11-17 22:41:40.047 10630-10630 AidlLazySe...eRegistrar and...are.drm-service-lazy.clearkey  I  Registering service android.hardware.drm.IDrmFactory/clearkey
2025-11-17 22:41:40.051  1557-1557  BaseDepthController     com...le.android.apps.nexuslauncher  D  setSurface:
                                                                                                    	mWaitingOnSurfaceValidity: false
                                                                                                    	mBaseSurface: null
2025-11-17 22:41:40.059 10630-10630 ProcessState            and...are.drm-service-lazy.clearkey  W  Thread pool configuration of size 8 requested, but startThreadPool was not called.
2025-11-17 22:41:40.059 10630-10630 AidlLazySe...eRegistrar and...are.drm-service-lazy.clearkey  I  Process has 1 (of 1 available) client(s) in use after notification android.hardware.drm.IDrmFactory/clearkey has clients: 1
2025-11-17 22:41:40.061  1557-1557  BaseDepthController     com...le.android.apps.nexuslauncher  D  mSurface is null and mCurrentBlur is: 0
2025-11-17 22:41:40.063  1557-1557  StatsLog                com...le.android.apps.nexuslauncher  D  LAUNCHER_ONSTOP
2025-11-17 22:41:40.065  1557-2318  GmsPlayProvider         com...le.android.apps.nexuslauncher  D  Forcefully shut down the binder channel
2025-11-17 22:41:40.067  3433-10346 DrmUtils                com.android.chrome                   I  found IDrmFactory. Instance name:[android.hardware.drm.IDrmFactory/clearkey]
2025-11-17 22:41:40.067  1557-1557  StatsLog                com...le.android.apps.nexuslauncher  D  LAUNCHER_GOOGLE_SEARCH_RESTORE_LIST_SIZE_AFTER_ACTIVITY_RESTART
2025-11-17 22:41:40.068  1557-1557  NexusLaunc...elDelegate com...le.android.apps.nexuslauncher  D  notifySmartspaceEvent: SmartspaceTargetEvent{mSmartspaceTarget=null, mSmartspaceActionId='null', mEventType=7}
2025-11-17 22:41:40.071  1557-1557  BaseDepthController     com...le.android.apps.nexuslauncher  D  mSurface is null and mCurrentBlur is: 0
2025-11-17 22:41:40.071  1557-1557  NexusLaunc...elDelegate com...le.android.apps.nexuslauncher  D  notifySmartspaceEvent: SmartspaceTargetEvent{mSmartspaceTarget=null, mSmartspaceActionId='null', mEventType=7}
2025-11-17 22:41:40.073   721-749   Grammatica...ctionUtils system_server                        V  AttributionSource: android.content.AttributionSource@72da1eaa does not have READ_SYSTEM_GRAMMATICAL_GENDER permission.
2025-11-17 22:41:40.079   487-487   zygote64                zygote64                             W  Waiting for a thread to finish unregistering
2025-11-17 22:41:40.088  3433-10346 DrmUtils                com.android.chrome                   I  found IDrmFactory. Instance name:[android.hardware.drm.IDrmFactory/widevine]
2025-11-17 22:41:40.091   487-487   Zygote                  zygote64                             D  Forked child process 10631
2025-11-17 22:41:40.092   721-769   ZygoteProcess           system_server                        W  Got error connecting to zygote, retrying. msg= Connection refused
2025-11-17 22:41:40.118  1557-1557  FrameTracker            com...le.android.apps.nexuslauncher  W  Missed App frame:UNKNOWN: 3, 694089, 18503381, CUJ=J<LAUNCHER_APP_CLOSE_TO_HOME>
2025-11-17 22:41:40.118  1557-1557  FrameTracker            com...le.android.apps.nexuslauncher  W  Missed SF frame:UNKNOWN: 3, 694089, 18503381, CUJ=J<LAUNCHER_APP_CLOSE_TO_HOME>
2025-11-17 22:41:40.118  1557-1557  FrameTracker            com...le.android.apps.nexuslauncher  W  Missed App frame:UNKNOWN: 3, 694097, 36921118, CUJ=J<LAUNCHER_APP_CLOSE_TO_HOME>
2025-11-17 22:41:40.118  1557-1557  FrameTracker            com...le.android.apps.nexuslauncher  W  Missed SF frame:UNKNOWN: 3, 694097, 36921118, CUJ=J<LAUNCHER_APP_CLOSE_TO_HOME>
2025-11-17 22:41:40.118  1557-1557  FrameTracker            com...le.android.apps.nexuslauncher  W  Missed App frame:JANK_APPLICATION, 694141, 34487693, CUJ=J<LAUNCHER_APP_CLOSE_TO_HOME>
2025-11-17 22:41:40.118  1557-1557  FrameTracker            com...le.android.apps.nexuslauncher  W  Missed App frame:JANK_APPLICATION, 694170, 49242421, CUJ=J<LAUNCHER_APP_CLOSE_TO_HOME>
2025-11-17 22:41:40.118  1557-1557  FrameTracker            com...le.android.apps.nexuslauncher  W  Missed SF frame:JANK_COMPOSER, 694185, 51223967, CUJ=J<LAUNCHER_APP_CLOSE_TO_HOME>
2025-11-17 22:41:40.119  1557-1557  FrameTracker            com...le.android.apps.nexuslauncher  W  Missed SF frame:JANK_COMPOSER, 694200, 50479730, CUJ=J<LAUNCHER_APP_CLOSE_TO_HOME>
2025-11-17 22:41:40.119  1557-1557  FrameTracker            com...le.android.apps.nexuslauncher  W  Missed App frame:UNKNOWN: 3, 694215, 50816065, CUJ=J<LAUNCHER_APP_CLOSE_TO_HOME>
2025-11-17 22:41:40.119  1557-1557  FrameTracker            com...le.android.apps.nexuslauncher  W  Missed SF frame:UNKNOWN: 3, 694215, 50816065, CUJ=J<LAUNCHER_APP_CLOSE_TO_HOME>
2025-11-17 22:41:40.119  1557-1557  FrameTracker            com...le.android.apps.nexuslauncher  W  Missed App frame:UNKNOWN: 3, 694230, 51189925, CUJ=J<LAUNCHER_APP_CLOSE_TO_HOME>
2025-11-17 22:41:40.119  1557-1557  FrameTracker            com...le.android.apps.nexuslauncher  W  Missed SF frame:UNKNOWN: 3, 694230, 51189925, CUJ=J<LAUNCHER_APP_CLOSE_TO_HOME>
2025-11-17 22:41:40.119  1557-1557  FrameTracker            com...le.android.apps.nexuslauncher  W  Missed App frame:UNKNOWN: 3, 694245, 58535777, CUJ=J<LAUNCHER_APP_CLOSE_TO_HOME>
2025-11-17 22:41:40.119  1557-1557  FrameTracker            com...le.android.apps.nexuslauncher  W  Missed SF frame:UNKNOWN: 3, 694245, 58535777, CUJ=J<LAUNCHER_APP_CLOSE_TO_HOME>
2025-11-17 22:41:40.119  1557-1557  FrameTracker            com...le.android.apps.nexuslauncher  W  Missed SF frame:JANK_COMPOSER, 694260, 63890281, CUJ=J<LAUNCHER_APP_CLOSE_TO_HOME>
2025-11-17 22:41:40.119  1557-1557  FrameTracker            com...le.android.apps.nexuslauncher  W  Missed App frame:JANK_APPLICATION, 694275, 68421862, CUJ=J<LAUNCHER_APP_CLOSE_TO_HOME>
2025-11-17 22:41:40.119  1557-1557  FrameTracker            com...le.android.apps.nexuslauncher  W  Missed SF frame:JANK_COMPOSER, 694290, 67906301, CUJ=J<LAUNCHER_APP_CLOSE_TO_HOME>
2025-11-17 22:41:40.119  1557-1557  FrameTracker            com...le.android.apps.nexuslauncher  W  Missed App frame:JANK_APPLICATION, 694306, 53136958, CUJ=J<LAUNCHER_APP_CLOSE_TO_HOME>
2025-11-17 22:41:40.119  1557-1557  FrameTracker            com...le.android.apps.nexuslauncher  W  Missed SF frame:JANK_COMPOSER, 694336, 51412882, CUJ=J<LAUNCHER_APP_CLOSE_TO_HOME>
2025-11-17 22:41:40.119  1557-1557  FrameTracker            com...le.android.apps.nexuslauncher  W  Missed SF frame:JANK_COMPOSER, 694351, 51387774, CUJ=J<LAUNCHER_APP_CLOSE_TO_HOME>
2025-11-17 22:41:40.120  1557-1557  FrameTracker            com...le.android.apps.nexuslauncher  W  Missed SF frame:JANK_COMPOSER, 694366, 51303527, CUJ=J<LAUNCHER_APP_CLOSE_TO_HOME>
2025-11-17 22:41:40.120  1557-1557  FrameTracker            com...le.android.apps.nexuslauncher  W  Missed App frame:UNKNOWN: 3, 694381, 69556801, CUJ=J<LAUNCHER_APP_CLOSE_TO_HOME>
2025-11-17 22:41:40.120  1557-1557  FrameTracker            com...le.android.apps.nexuslauncher  W  Missed SF frame:UNKNOWN: 3, 694381, 69556801, CUJ=J<LAUNCHER_APP_CLOSE_TO_HOME>
2025-11-17 22:41:40.120  1557-1557  FrameTracker            com...le.android.apps.nexuslauncher  W  Missed App frame:JANK_APPLICATION, 694410, 99658405, CUJ=J<LAUNCHER_APP_CLOSE_TO_HOME>
2025-11-17 22:41:40.120  1557-1557  FrameTracker            com...le.android.apps.nexuslauncher  W  Missed App frame:UNKNOWN: 3, 694433, 101352365, CUJ=J<LAUNCHER_APP_CLOSE_TO_HOME>
2025-11-17 22:41:40.120  1557-1557  FrameTracker            com...le.android.apps.nexuslauncher  W  Missed SF frame:UNKNOWN: 3, 694433, 101352365, CUJ=J<LAUNCHER_APP_CLOSE_TO_HOME>
2025-11-17 22:41:40.120  1557-1557  FrameTracker            com...le.android.apps.nexuslauncher  W  Missed App frame:UNKNOWN: 3, 694462, 102400925, CUJ=J<LAUNCHER_APP_CLOSE_TO_HOME>
2025-11-17 22:41:40.120  1557-1557  FrameTracker            com...le.android.apps.nexuslauncher  W  Missed SF frame:UNKNOWN: 3, 694462, 102400925, CUJ=J<LAUNCHER_APP_CLOSE_TO_HOME>
2025-11-17 22:41:40.120  1557-1557  FrameTracker            com...le.android.apps.nexuslauncher  W  Missed App frame:JANK_APPLICATION, 694477, 75097939, CUJ=J<LAUNCHER_APP_CLOSE_TO_HOME>
2025-11-17 22:41:40.120  1557-1557  FrameTracker            com...le.android.apps.nexuslauncher  W  Missed SF frame:JANK_COMPOSER, 694492, 84535840, CUJ=J<LAUNCHER_APP_CLOSE_TO_HOME>
2025-11-17 22:41:40.123   721-1213  Background...rolService system_server                        D  Package event received: 0
2025-11-17 22:41:40.128  1502-1502  InsetsController        com.android.settings                 D  hide(ime(), fromIme=false)
2025-11-17 22:41:40.128  1502-1502  ImeTracker              com.android.settings                 I  com.android.settings:d294d6ce: onCancelled at PHASE_CLIENT_ALREADY_HIDDEN
2025-11-17 22:41:40.130   721-1213  Background...rolService system_server                        D  Package event received: 0
2025-11-17 22:41:40.138   721-2052  ActivityManager         system_server                        D  sync unfroze 1261 com.google.android.permissioncontroller for 6
2025-11-17 22:41:40.141   721-1213  Background...rolService system_server                        D  Package event received: 0
2025-11-17 22:41:40.141   550-550   WVCdm                   and...hardware.drm-service.widevine  I  [cdm_engine.cpp(1132):IsSecurityLevelSupported] level = L1
2025-11-17 22:41:40.143   721-769   ZygoteProcess           system_server                        W  Got error connecting to zygote, retrying. msg= Connection refused
2025-11-17 22:41:40.144 10631-10631 d.chrome_zygote         zygote64                             I  Using CollectorTypeCMC GC.
2025-11-17 22:41:40.153   550-550   WVCdm                   and...hardware.drm-service.widevine  I  [file_utils.cpp(38):Exists] stat failed: ENOENT
2025-11-17 22:41:40.158   550-10641 WVCdm                   and...hardware.drm-service.widevine  I  [(0):] Level3 Library 33100 May 14 2024 19:04:42
2025-11-17 22:41:40.162   550-550   WVCdm                   and...hardware.drm-service.widevine  I  [oemcrypto_adapter_dynamic.cpp(836):Initialize] Level 3 Build Info (v18): {
                                                                                                    "soc_vendor": "Widevine",
                                                                                                    "soc_model": "Software",
                                                                                                    "ta_ver": "N/A",
                                                                                                    "uses_opk": false,
                                                                                                    "tee_os": "N/A",
                                                                                                    "tee_os_ver": "N/A",
                                                                                                    "is_debug": false,
                                                                                                    "git_commit": "",
                                                                                                    "build_timestamp": "Feb 25 2025 00:18:07",
                                                                                                    "mode": "HAYSTACK_ONLY",
                                                                                                    "rikers": {},
                                                                                                    "haystack": {"soc_vendor":"L3_33100","soc_model":"X86 64 bit","ta_ver":"18.1.0+May 14 2024_19:04:42_","uses_opk":false,"tee_os":"none","tee_os_ver":"0.0.0","form_factor":"L3","implementer":"Widevine","fused":false}
                                                                                                    }
2025-11-17 22:41:40.163  1502-10627 AppForceStopRepository  com.android.settings                 D  Sending broadcast to query restart status for com.payjoy.status
2025-11-17 22:41:40.188   550-550   WVCdm                   and...hardware.drm-service.widevine  I  [oemcrypto_adapter_dynamic.cpp(851):Initialize] L3 Initialized. Trying L1.
2025-11-17 22:41:40.188   721-2308  Role                    system_server                        I  com.payjoy.status not qualified for android.app.role.HOME due to missing RequiredComponent{mIntentFilterData=IntentFilterData{mAction='android.intent.action.MAIN', mCategories='[android.intent.category.HOME]', mDataScheme='null', mDataType='null'}, mMinTargetSdkVersion=1, mFlags='0', mPermission='null', mQueryFlags=0, mMetaData=[]}
2025-11-17 22:41:40.194   550-550   WVCdm                   and...hardware.drm-service.widevine  W  [oemcrypto_adapter_dynamic.cpp(864):Initialize] Could not load oemcrypto from path liboemcrypto.so.  dlopen failed: library "liboemcrypto.so" not found
2025-11-17 22:41:40.194   550-550   WVCdm                   and...hardware.drm-service.widevine  W  [oemcrypto_adapter_dynamic.cpp(868):Initialize] Could not load oemcrypto. Falling back to L3.
2025-11-17 22:41:40.194   550-550   WVCdm                   and...hardware.drm-service.widevine  E  [oemcrypto_adapter_dynamic.cpp(1352):ValidateOrInstallL1KeyboxOrCert] L1 not initialized. Falling back to L3
2025-11-17 22:41:40.195   721-2052  Role                    system_server                        I  com.payjoy.status not qualified for android.app.role.DIALER due to missing RequiredComponent{mIntentFilterData=IntentFilterData{mAction='android.intent.action.DIAL', mCategories='[]', mDataScheme='null', mDataType='null'}, mMinTargetSdkVersion=1, mFlags='0', mPermission='null', mQueryFlags=0, mMetaData=[]}
2025-11-17 22:41:40.195   550-550   WVCdm                   and...hardware.drm-service.widevine  I  [file_utils.cpp(38):Exists] stat failed: ENOENT
2025-11-17 22:41:40.195   550-550   WVCdm                   and...hardware.drm-service.widevine  W  [oemcrypto_adapter_dynamic.cpp(1557):OEMCrypto_InitializeAndCheckKeybox] Keybox error: 25. Falling back to L3.
2025-11-17 22:41:40.195   550-550   WVCdm                   and...hardware.drm-service.widevine  I  [oemcrypto_adapter_dynamic.cpp(901):Level1Terminate] L1 Terminate not needed
2025-11-17 22:41:40.199   550-550   WVCdm                   and...hardware.drm-service.widevine  D  [crypto_session.cpp(434):CacheVersion] OEMCrypto version (default security level): 18.3
2025-11-17 22:41:40.199   550-550   WVCdm                   and...hardware.drm-service.widevine  D  [crypto_session.cpp(443):CacheVersion] OEMCrypto version (L3 security level): 18.3
2025-11-17 22:41:40.200   721-769   AppZygote               system_server                        I  Starting application preload.
2025-11-17 22:41:40.202   721-2308  Role                    system_server                        I  com.payjoy.status not qualified for android.app.role.SMS due to missing RequiredComponent{mIntentFilterData=IntentFilterData{mAction='android.provider.Telephony.SMS_DELIVER', mCategories='[]', mDataScheme='null', mDataType='null'}, mMinTargetSdkVersion=1, mFlags='0', mPermission='android.permission.BROADCAST_SMS', mQueryFlags=0, mMetaData=[]}
2025-11-17 22:41:40.204 10631-10631 AppZygoteInit           com.android.chrome_zygote            I  Beginning application preload for com.android.chrome
2025-11-17 22:41:40.204 10631-10631 d.chrome_zygote         com.android.chrome_zygote            W  Failed to find entry 'classes.dex': Entry not found
2025-11-17 22:41:40.205 10631-10631 nativeloader            com.android.chrome_zygote            D  Configuring clns-9 for other apk /data/app/~~G9taJjpA5SCNhQ2RL5NC5g==/com.google.android.trichromelibrary_694313738-GP521qCWDq1RAAXkBWf_hw==/TrichromeLibrary.apk. target_sdk_version=34, uses_libraries=ALL, library_path=/data/app/~~qDvs-33Z2QJ2aVlHXJG2aQ==/com.android.chrome-jdpFubmqmDNoFqOXXs_LzA==/lib/x86_64:/data/app/~~qDvs-33Z2QJ2aVlHXJG2aQ==/com.android.chrome-jdpFubmqmDNoFqOXXs_LzA==/Chrome.apk!/lib/x86_64:/data/app/~~G9taJjpA5SCNhQ2RL5NC5g==/com.google.android.trichromelibrary_694313738-GP521qCWDq1RAAXkBWf_hw==/TrichromeLibrary.apk!/lib/x86_64, permitted_path=/data:/mnt/expand
2025-11-17 22:41:40.218  3433-10346 DrmHalHidl              com.android.chrome                   I  No hidl drm factories found
2025-11-17 22:41:40.218   240-240   hwservicemanager        hwservicemanager                     I  getTransport: Cannot find entry android.hardware.drm@1.0::IDrmFactory/default in either framework or device VINTF manifest.
2025-11-17 22:41:40.218  3433-10346 DrmHalHidl              com.android.chrome                   W  Failed to find passthrough drm factories
2025-11-17 22:41:40.222  3433-10346 DrmUtils                com.android.chrome                   I  found IDrmFactory. Instance name:[android.hardware.drm.IDrmFactory/clearkey]
2025-11-17 22:41:40.223  3433-10346 DrmUtils                com.android.chrome                   I  found IDrmFactory. Instance name:[android.hardware.drm.IDrmFactory/widevine]
2025-11-17 22:41:40.223   550-550   WVCdm                   and...hardware.drm-service.widevine  I  [cdm_engine.cpp(1132):IsSecurityLevelSupported] level = L1
2025-11-17 22:41:40.223   550-550   WVCdm-DrmFactory        and...hardware.drm-service.widevine  I  [app][com.android.chrome] calling virtual ::ndk::ScopedAStatus wvdrm::hardware::drm::widevine::WVDrmFactory::createDrmPlugin(const Uuid &, const string &, std::shared_ptr< ::aidl::android::hardware::drm::IDrmPlugin> *)
2025-11-17 22:41:40.224   550-550   WVCdm                   and...hardware.drm-service.widevine  D  Instantiating CDM.
2025-11-17 22:41:40.235   721-951   system_server           system_server                        I  AssetManager2(0x70e5ecee1878) locale list changing from [] to [en-US]
2025-11-17 22:41:40.235 10631-10631 nativeloader            com.android.chrome_zygote            D  Configuring clns-10 for other apk /data/app/~~qDvs-33Z2QJ2aVlHXJG2aQ==/com.android.chrome-jdpFubmqmDNoFqOXXs_LzA==/Chrome.apk. target_sdk_version=34, uses_libraries=, library_path=/data/app/~~qDvs-33Z2QJ2aVlHXJG2aQ==/com.android.chrome-jdpFubmqmDNoFqOXXs_LzA==/lib/x86_64:/data/app/~~qDvs-33Z2QJ2aVlHXJG2aQ==/com.android.chrome-jdpFubmqmDNoFqOXXs_LzA==/Chrome.apk!/lib/x86_64:/data/app/~~G9taJjpA5SCNhQ2RL5NC5g==/com.google.android.trichromelibrary_694313738-GP521qCWDq1RAAXkBWf_hw==/TrichromeLibrary.apk!/lib/x86_64, permitted_path=/data:/mnt/expand
2025-11-17 22:41:40.236   721-951   system_server           system_server                        I  AssetManager2(0x70e5ecea9158) locale list changing from [] to [en-US]
2025-11-17 22:41:40.241   550-550   WVCdm                   and...hardware.drm-service.widevine  D  [cdm_engine.cpp(583):QueryStatus] security_level = Default, query_token = WidevineCdmVersion
2025-11-17 22:41:40.247   721-1213  Background...rolService system_server                        D  Package event received: 0
2025-11-17 22:41:40.259   550-550   WVCdm                   and...hardware.drm-service.widevine  D  [cdm_engine.cpp(583):QueryStatus] security_level = Default, query_token = SecurityLevel
2025-11-17 22:41:40.266   550-550   WVCdm                   and...hardware.drm-service.widevine  I  [(0):] L3 Terminate.
2025-11-17 22:41:40.274   550-550   WVCdm                   and...hardware.drm-service.widevine  D  [cdm_engine.cpp(583):QueryStatus] security_level = Default, query_token = DeviceID
2025-11-17 22:41:40.274   550-550   WVCdm                   and...hardware.drm-service.widevine  I  [file_utils.cpp(38):Exists] stat failed: ENOENT
2025-11-17 22:41:40.274   550-550   WVCdm                   and...hardware.drm-service.widevine  I  [oemcrypto_adapter_dynamic.cpp(836):Initialize] Level 3 Build Info (v18): {
                                                                                                    "soc_vendor": "Widevine",
                                                                                                    "soc_model": "Software",
                                                                                                    "ta_ver": "N/A",
                                                                                                    "uses_opk": false,
                                                                                                    "tee_os": "N/A",
                                                                                                    "tee_os_ver": "N/A",
