2026-01-29 18:34:12.985 16382-16523 WorkPolicyManager       com.cdccreditsmart.app               I  â• â•â•â•â•â•â•â•â•â•â•â•â•â•â•â•â•â•â•â•â•â•â•â•â•â•â•â•â•â•â•â•â•â•â•â•â•â•â•â•â•â•â•â•â•â•â•â•â•â•â•â•â•â•â•â•â•â•â•â•â•â•â•â•â•â•£
2026-01-29 18:34:12.985 16382-16523 WorkPolicyManager       com.cdccreditsmart.app               I  â•‘  âš ï¸ AVISOS:
2026-01-29 18:34:12.985 16382-16523 WorkPolicyManager       com.cdccreditsmart.app               W  â•‘     âŒ CRÃTICO: DesinstalaÃ§Ã£o NÃƒO bloqueÃ¡vel
2026-01-29 18:34:12.985 16382-16523 WorkPolicyManager       com.cdccreditsmart.app               W  â•‘     âŒ CRÃTICO: Factory Reset NÃƒO bloqueÃ¡vel
2026-01-29 18:34:12.985 16382-16523 WorkPolicyManager       com.cdccreditsmart.app               W  â•‘     âŒ CRÃTICO: Force Stop NÃƒO bloqueÃ¡vel
2026-01-29 18:34:12.985 16382-16523 WorkPolicyManager       com.cdccreditsmart.app               W  â•‘     âŒ CRÃTICO: Clear Data NÃƒO bloqueÃ¡vel
2026-01-29 18:34:12.985 16382-16523 WorkPolicyManager       com.cdccreditsmart.app               W  â•‘     âš ï¸ RecomendaÃ§Ã£o: Configurar como Device Owner via QR Code ou ADB
2026-01-29 18:34:12.985 16382-16523 WorkPolicyManager       com.cdccreditsmart.app               I  â•šâ•â•â•â•â•â•â•â•â•â•â•â•â•â•â•â•â•â•â•â•â•â•â•â•â•â•â•â•â•â•â•â•â•â•â•â•â•â•â•â•â•â•â•â•â•â•â•â•â•â•â•â•â•â•â•â•â•â•â•â•â•â•â•â•â•
2026-01-29 18:34:12.985 16382-16523 WorkPolicyManager       com.cdccreditsmart.app               I  
2026-01-29 18:34:12.986 16382-16523 CdcForegroundService    com.cdccreditsmart.app               I  ğŸ¢ Resultado: BASIC
2026-01-29 18:34:12.986 16382-16523 CdcForegroundService    com.cdccreditsmart.app               I  ğŸ¢ PolÃ­ticas aplicadas: 4/5
2026-01-29 18:34:12.986 16382-16523 CdcForegroundService    com.cdccreditsmart.app               W  ğŸ¢ âŒ CRÃTICO: DesinstalaÃ§Ã£o NÃƒO bloqueÃ¡vel
2026-01-29 18:34:12.986 16382-16523 CdcForegroundService    com.cdccreditsmart.app               W  ğŸ¢ âŒ CRÃTICO: Factory Reset NÃƒO bloqueÃ¡vel
2026-01-29 18:34:12.986 16382-16523 CdcForegroundService    com.cdccreditsmart.app               W  ğŸ¢ âŒ CRÃTICO: Force Stop NÃƒO bloqueÃ¡vel
2026-01-29 18:34:12.986 16382-16523 CdcForegroundService    com.cdccreditsmart.app               W  ğŸ¢ âŒ CRÃTICO: Clear Data NÃƒO bloqueÃ¡vel
2026-01-29 18:34:12.986 16382-16523 CdcForegroundService    com.cdccreditsmart.app               W  ğŸ¢ âš ï¸ RecomendaÃ§Ã£o: Configurar como Device Owner via QR Code ou ADB
2026-01-29 18:34:12.986 16382-16523 CdcForegroundService    com.cdccreditsmart.app               I  ğŸ¢ ========================================
2026-01-29 18:34:12.986 16382-16523 CdcForegroundService    com.cdccreditsmart.app               I  ğŸ›¡ï¸ ========================================
2026-01-29 18:34:12.986 16382-16523 CdcForegroundService    com.cdccreditsmart.app               I  ğŸ›¡ï¸ INICIANDO SETTINGS GUARD (PROTEÃ‡ÃƒO AGRESSIVA)
2026-01-29 18:34:12.986 16382-16523 CdcForegroundService    com.cdccreditsmart.app               I  ğŸ›¡ï¸ ========================================
2026-01-29 18:34:12.987 16382-16523 AutoPermissionManager   com.cdccreditsmart.app               W  âš ï¸ NÃ£o Ã© Device Owner - nÃ£o pode conceder permissÃµes especiais
2026-01-29 18:34:12.990 16382-16523 SettingsGuardService    com.cdccreditsmart.app               I  
2026-01-29 18:34:12.990 16382-16523 SettingsGuardService    com.cdccreditsmart.app               I  â•”â•â•â•â•â•â•â•â•â•â•â•â•â•â•â•â•â•â•â•â•â•â•â•â•â•â•â•â•â•â•â•â•â•â•â•â•â•â•â•â•â•â•â•â•â•â•â•â•â•â•â•â•â•â•â•â•â•—
2026-01-29 18:34:12.990 16382-16523 SettingsGuardService    com.cdccreditsmart.app               I  â•‘   ğŸ›¡ï¸ SETTINGSGUARD - INICIALIZAÃ‡ÃƒO                    â•‘
2026-01-29 18:34:12.990 16382-16523 SettingsGuardService    com.cdccreditsmart.app               I  â• â•â•â•â•â•â•â•â•â•â•â•â•â•â•â•â•â•â•â•â•â•â•â•â•â•â•â•â•â•â•â•â•â•â•â•â•â•â•â•â•â•â•â•â•â•â•â•â•â•â•â•â•â•â•â•â•â•£
2026-01-29 18:34:12.995 16382-16523 SettingsGuardService    com.cdccreditsmart.app               I  â•‘   ğŸ“± Modo proteÃ§Ã£o: BASIC                           â•‘
2026-01-29 18:34:12.995 16382-16523 SettingsGuardService    com.cdccreditsmart.app               I  â•‘   ğŸ“Š UsageStats: âŒ NEGADA                 â•‘
2026-01-29 18:34:12.996 16382-16523 SettingsGuardService    com.cdccreditsmart.app               I  â•‘   ğŸªŸ Overlay: âŒ NEGADA                    â•‘
2026-01-29 18:34:12.997 16382-16523 SettingsGuardService    com.cdccreditsmart.app               I  â•‘   ğŸ”’ Device Owner: âŒ NÃƒO                   â•‘
2026-01-29 18:34:12.999 16382-16523 SettingsGuardService    com.cdccreditsmart.app               I  â•‘   ğŸ” Device Admin: âŒ NÃƒO                   â•‘
2026-01-29 18:34:12.999 16382-16523 SettingsGuardService    com.cdccreditsmart.app               I  â•šâ•â•â•â•â•â•â•â•â•â•â•â•â•â•â•â•â•â•â•â•â•â•â•â•â•â•â•â•â•â•â•â•â•â•â•â•â•â•â•â•â•â•â•â•â•â•â•â•â•â•â•â•â•â•â•â•â•
2026-01-29 18:34:12.999 16382-16523 SettingsGuardService    com.cdccreditsmart.app               I  ğŸ›¡ï¸ SettingsGuard INICIADO
2026-01-29 18:34:13.000 16382-16523 SettingsGuardService    com.cdccreditsmart.app               I     Modo de proteÃ§Ã£o: BASIC
2026-01-29 18:34:13.000 16382-16523 SettingsGuardService    com.cdccreditsmart.app               I     âš ï¸ Sem privilÃ©gios: ProteÃ§Ã£o AGRESSIVA ativada
2026-01-29 18:34:13.000 16382-16523 SettingsGuardService    com.cdccreditsmart.app               I     ğŸ“¡ Monitorando Settings a cada 3000ms
2026-01-29 18:34:13.000 16382-16523 SettingsGuardService    com.cdccreditsmart.app               I  ğŸ” ========================================
2026-01-29 18:34:13.000 16382-16523 SettingsGuardService    com.cdccreditsmart.app               I  ğŸ” INICIANDO MONITORAMENTO ATIVO DE SETTINGS
2026-01-29 18:34:13.000 16382-16523 SettingsGuardService    com.cdccreditsmart.app               I  ğŸ” ========================================
2026-01-29 18:34:13.002 16382-16523 SettingsGuardService    com.cdccreditsmart.app               W  âš ï¸ Sem permissÃ£o PACKAGE_USAGE_STATS
2026-01-29 18:34:13.002 16382-16523 SettingsGuardService    com.cdccreditsmart.app               W     Monitoramento via ActivityManager (menos preciso)
2026-01-29 18:34:13.002 16382-16523 SettingsGuardService    com.cdccreditsmart.app               W     IMPORTANTE: Conceda permissÃ£o em ConfiguraÃ§Ãµes > Apps > Credit Smart > Acesso especial > Acesso uso
2026-01-29 18:34:13.004 16382-16382 PermissionGateScreen    com.cdccreditsmart.app               I  ğŸ” VERIFICAÃ‡ÃƒO INICIAL DE PERMISSÃ•ES:
2026-01-29 18:34:13.004 16382-16382 PermissionGateScreen    com.cdccreditsmart.app               I     NÃ­vel: BASIC
2026-01-29 18:34:13.004 16382-16382 PermissionGateScreen    com.cdccreditsmart.app               I     Todas concedidas: false
2026-01-29 18:34:13.005 16382-16382 PermissionGateScreen    com.cdccreditsmart.app               I     Bateria isenta: false
2026-01-29 18:34:13.005 16382-16382 PermissionGateScreen    com.cdccreditsmart.app               W     âŒ FALTA: Administrador do Dispositivo
2026-01-29 18:34:13.005 16382-16382 PermissionGateScreen    com.cdccreditsmart.app               W     âŒ FALTA: PermissÃµes BÃ¡sicas
2026-01-29 18:34:13.005 16382-16382 PermissionGateScreen    com.cdccreditsmart.app               W     âŒ FALTA: Monitoramento de Apps
2026-01-29 18:34:13.005 16382-16382 PermissionGateScreen    com.cdccreditsmart.app               W     âŒ FALTA: Mostrar Alertas
2026-01-29 18:34:13.005 16382-16382 PermissionGateScreen    com.cdccreditsmart.app               W     âŒ FALTA: ExecuÃ§Ã£o em Segundo Plano
2026-01-29 18:34:13.006 16382-16382 PermissionGateScreen    com.cdccreditsmart.app               I  ========================================
2026-01-29 18:34:13.006 16382-16382 PermissionGateScreen    com.cdccreditsmart.app               I  ğŸšª PERMISSION GATE SCREEN INICIADO
2026-01-29 18:34:13.006 16382-16382 PermissionGateScreen    com.cdccreditsmart.app               I  ========================================
2026-01-29 18:34:13.006 16382-16382 PermissionGateScreen    com.cdccreditsmart.app               I  NÃ­vel de privilÃ©gio: BASIC
2026-01-29 18:34:13.006 16382-16382 PermissionGateScreen    com.cdccreditsmart.app               I  PermissÃµes concedidas: 0
2026-01-29 18:34:13.006 16382-16382 PermissionGateScreen    com.cdccreditsmart.app               I  PermissÃµes faltando: 5
2026-01-29 18:34:13.006 16382-16382 PermissionGateScreen    com.cdccreditsmart.app               W    âŒ Administrador do Dispositivo
2026-01-29 18:34:13.006 16382-16382 PermissionGateScreen    com.cdccreditsmart.app               W    âŒ PermissÃµes BÃ¡sicas
2026-01-29 18:34:13.006 16382-16382 PermissionGateScreen    com.cdccreditsmart.app               W    âŒ Monitoramento de Apps
2026-01-29 18:34:13.006 16382-16382 PermissionGateScreen    com.cdccreditsmart.app               W    âŒ Mostrar Alertas
2026-01-29 18:34:13.006 16382-16382 PermissionGateScreen    com.cdccreditsmart.app               W    âŒ ExecuÃ§Ã£o em Segundo Plano
2026-01-29 18:34:13.006 16382-16382 PermissionGateScreen    com.cdccreditsmart.app               I  ========================================
2026-01-29 18:34:13.006 16382-16382 PermissionGateScreen    com.cdccreditsmart.app               D  â° Iniciando verificaÃ§Ã£o periÃ³dica de permissÃµes (a cada 3s)...
2026-01-29 18:34:13.017 16382-16382 Choreographer           com.cdccreditsmart.app               I  Skipped 91 frames!  The application may be doing too much work on its main thread.
2026-01-29 18:34:13.021 16382-16523 SettingsGuardService    com.cdccreditsmart.app               I  ğŸ“¢ NotificaÃ§Ã£o de permissÃ£o USAGE_STATS exibida
2026-01-29 18:34:13.021 16382-16523 SettingsGuardService    com.cdccreditsmart.app               W  âš ï¸ Sem permissÃ£o OVERLAY
2026-01-29 18:34:13.021 16382-16523 SettingsGuardService    com.cdccreditsmart.app               I  ğŸ” Intervalo: 3000ms / 1000ms
2026-01-29 18:34:13.025 16382-16522 SettingsGuardService    com.cdccreditsmart.app               I  â–¶ï¸ App CDC em foreground - fluxo de permissÃ£o concluÃ­do
2026-01-29 18:34:13.025 16382-16522 SettingsGuardService    com.cdccreditsmart.app               I  â–¶ï¸ Guard RETOMADO apÃ³s fluxo de permissÃµes
2026-01-29 18:34:13.026 16382-16523 CdcForegroundService    com.cdccreditsmart.app               I  ğŸ›¡ï¸ Guard ativo: true
2026-01-29 18:34:13.027 16382-16523 CdcForegroundService    com.cdccreditsmart.app               I  ğŸ›¡ï¸ Modo proteÃ§Ã£o: BASIC
2026-01-29 18:34:13.027 16382-16523 CdcForegroundService    com.cdccreditsmart.app               I  ğŸ›¡ï¸ Modo agressivo: false
2026-01-29 18:34:13.027 16382-16523 CdcForegroundService    com.cdccreditsmart.app               I  ğŸ›¡ï¸ UsageStats: âŒ INATIVO
2026-01-29 18:34:13.027 16382-16523 CdcForegroundService    com.cdccreditsmart.app               I  ğŸ›¡ï¸ Overlay: âŒ INATIVO
2026-01-29 18:34:13.027 16382-16523 CdcForegroundService    com.cdccreditsmart.app               W  ğŸ›¡ï¸ âš ï¸ UsageStats nÃ£o ativo - guard usarÃ¡ ActivityManager (menos preciso)
2026-01-29 18:34:13.027 16382-16523 CdcForegroundService    com.cdccreditsmart.app               W  ğŸ›¡ï¸ âš ï¸ Overlay nÃ£o ativo - guard usarÃ¡ bringAppToForeground
2026-01-29 18:34:13.027 16382-16523 CdcForegroundService    com.cdccreditsmart.app               I  ğŸ›¡ï¸ ========================================
2026-01-29 18:34:13.029 16382-16523 OfflineEnf...mentWorker com.cdccreditsmart.app               I  âœ… OfflineEnforcementWorker agendado
2026-01-29 18:34:13.029 16382-16523 CdcForegroundService    com.cdccreditsmart.app               I  âœ… OfflineEnforcementWorker agendado
2026-01-29 18:34:13.032 16382-16523 PeriodicOverlayWorker   com.cdccreditsmart.app               I  ğŸ“… Agendando overlay automÃ¡tico
2026-01-29 18:34:13.032 16382-16523 PeriodicOverlayWorker   com.cdccreditsmart.app               I     WorkManager interval: 15 minutos (mÃ­nimo obrigatÃ³rio)
2026-01-29 18:34:13.032 16382-16523 PeriodicOverlayWorker   com.cdccreditsmart.app               I     Cooldowns progressivos controlados internamente pelo worker
2026-01-29 18:34:13.034 16382-16523 PeriodicOverlayWorker   com.cdccreditsmart.app               I  âœ… Overlay automÃ¡tico agendado com sucesso
2026-01-29 18:34:13.034 16382-16523 CdcForegroundService    com.cdccreditsmart.app               I  âœ… PeriodicOverlayWorker agendado
2026-01-29 18:34:13.046 16382-16523 ServiceWatchdogWorker   com.cdccreditsmart.app               I  ğŸ” ========================================
2026-01-29 18:34:13.046 16382-16523 ServiceWatchdogWorker   com.cdccreditsmart.app               I  ğŸ” WATCHDOG: Verificando CdcForegroundService
2026-01-29 18:34:13.046 16382-16523 ServiceWatchdogWorker   com.cdccreditsmart.app               I  ğŸ” ========================================
2026-01-29 18:34:13.048 16382-16523 KeepAliveManager        com.cdccreditsmart.app               D  âœ… CdcForegroundService estÃ¡ ativo
2026-01-29 18:34:13.051 16382-16523 ServiceWatchdogWorker   com.cdccreditsmart.app               I  ğŸ“Š EstatÃ­sticas Keep Alive:
2026-01-29 18:34:13.051 16382-16523 ServiceWatchdogWorker   com.cdccreditsmart.app               I     - ServiÃ§o ativo: true
2026-01-29 18:34:13.051 16382-16523 ServiceWatchdogWorker   com.cdccreditsmart.app               I     - Restarts: 0
2026-01-29 18:34:13.051 16382-16523 ServiceWatchdogWorker   com.cdccreditsmart.app               I     - OtimizaÃ§Ã£o bateria: SIM (ruim)
2026-01-29 18:34:13.051 16382-16523 ServiceWatchdogWorker   com.cdccreditsmart.app               I  ğŸ” ========================================
2026-01-29 18:34:13.051 16382-16523 ServiceWatchdogWorker   com.cdccreditsmart.app               I  âœ… WATCHDOG: ServiÃ§o verificado/reiniciado com sucesso
2026-01-29 18:34:13.124 16382-16513 WM-WorkerWrapper        com.cdccreditsmart.app               I  Worker result SUCCESS for Work [ id=3a1a562f-9539-4f5a-8fcc-8c979da029f7, tags={ com.cdccreditsmart.app.keepalive.ServiceWatchdogWorker } ]
2026-01-29 18:34:13.189 16382-16521 OfflineEnf...mentWorker com.cdccreditsmart.app               I  ğŸ”„ ========================================
2026-01-29 18:34:13.189 16382-16521 OfflineEnf...mentWorker com.cdccreditsmart.app               I  ğŸ”„ OFFLINE ENFORCEMENT - EXECUTANDO
2026-01-29 18:34:13.189 16382-16521 OfflineEnf...mentWorker com.cdccreditsmart.app               I  ğŸ”„ ========================================
2026-01-29 18:34:13.480 16382-16521 OfflineEnf...mentWorker com.cdccreditsmart.app               I  â„¹ï¸ Sem dados offline - nada a fazer
2026-01-29 18:34:13.486 16382-16538 WM-WorkerWrapper        com.cdccreditsmart.app               I  Worker result SUCCESS for Work [ id=20bd9651-2dfe-45d1-b90c-0617fcdfcc3e, tags={ com.cdccreditsmart.app.offline.OfflineEnforcementWorker } ]
2026-01-29 18:34:13.545 16382-16521 ContractCodeStorage     com.cdccreditsmart.app               D  Retrieving contract code from storage
2026-01-29 18:34:13.590 16382-16521 ContractCodeStorage     com.cdccreditsmart.app               D  Storage verification: 0 valid, 0 tampered, 7 missing
2026-01-29 18:34:13.590 16382-16521 ContractCodeStorage     com.cdccreditsmart.app               W  No valid contract code found in any location
2026-01-29 18:34:13.612 16382-16521 SecureTokenStorage      com.cdccreditsmart.app               E  âŒ Nenhum identificador MDM disponÃ­vel!
2026-01-29 18:34:13.612 16382-16521 CdcForegroundService    com.cdccreditsmart.app               I  ğŸ” AuthToken presente: false
2026-01-29 18:34:13.612 16382-16521 CdcForegroundService    com.cdccreditsmart.app               I  ğŸ” AuthToken length: 0
2026-01-29 18:34:13.612 16382-16521 CdcForegroundService    com.cdccreditsmart.app               I  ğŸ” ContractCode presente: false
2026-01-29 18:34:13.612 16382-16521 CdcForegroundService    com.cdccreditsmart.app               I  ğŸ” ContractCode value: null****
2026-01-29 18:34:13.612 16382-16521 CdcForegroundService    com.cdccreditsmart.app               I  ğŸ” MDM SerialNumber presente: false
2026-01-29 18:34:13.612 16382-16521 CdcForegroundService    com.cdccreditsmart.app               I  ğŸ” MDM SerialNumber value: ......
2026-01-29 18:34:13.612 16382-16521 CdcForegroundService    com.cdccreditsmart.app               I  ğŸ“± ========================================
2026-01-29 18:34:13.612 16382-16521 CdcForegroundService    com.cdccreditsmart.app               I  ğŸ“± AGUARDANDO PAIRING - MDM EM STANDBY
2026-01-29 18:34:13.612 16382-16521 CdcForegroundService    com.cdccreditsmart.app               I  ğŸ“± O usuÃ¡rio ainda nÃ£o fez o pareamento inicial
2026-01-29 18:34:13.612 16382-16521 CdcForegroundService    com.cdccreditsmart.app               I  ğŸ“± ServiÃ§os MDM serÃ£o ativados apÃ³s inserir cÃ³digo do contrato
2026-01-29 18:34:13.612 16382-16521 CdcForegroundService    com.cdccreditsmart.app               I  ğŸ“± NOTA: isMdmInitialized permanece FALSE para permitir reinicializaÃ§Ã£o
2026-01-29 18:34:13.612 16382-16521 CdcForegroundService    com.cdccreditsmart.app               I  ğŸ“± ========================================
2026-01-29 18:34:15.017 16382-16509 FA                      com.cdccreditsmart.app               I  Application backgrounded at: timestamp_millis: 1769722453014
2026-01-29 18:34:15.591 16382-16473 TrafficStats            com.cdccreditsmart.app               D  tagSocket(116) with statsTag=0x8001, statsUid=-1
2026-01-29 18:34:16.029 16382-16521 SettingsGuardService    com.cdccreditsmart.app               D  ğŸ“‹ Activity check - Full: null, Simple: null
2026-01-29 18:34:17.340 16382-16580 ProfileInstaller        com.cdccreditsmart.app               D  Installing profile for com.cdccreditsmart.app
2026-01-29 18:34:18.826 16382-16382 NotificationHelper      com.cdccreditsmart.app               D  Notification channel created: cdc_default
2026-01-29 18:34:18.830 16382-16382 NotificationHelper      com.cdccreditsmart.app               D  Notification channel created: cdc_info
2026-01-29 18:34:18.835 16382-16382 NotificationHelper      com.cdccreditsmart.app               D  Notification channel created: cdc_alerts
2026-01-29 18:34:18.838 16382-16382 NotificationHelper      com.cdccreditsmart.app               D  Notification channel created: cdc_payments
2026-01-29 18:34:18.842 16382-16382 NotificationHelper      com.cdccreditsmart.app               D  Notification channel created: cdc_contract
2026-01-29 18:34:18.902 16382-16382 CdcMessagingService     com.cdccreditsmart.app               D  CdcMessagingService created
2026-01-29 18:34:18.907 16382-16585 CdcMessagingService     com.cdccreditsmart.app               D  ========== NEW FCM TOKEN RECEIVED ==========
2026-01-29 18:34:18.908 16382-16585 CdcMessagingService     com.cdccreditsmart.app               D  Token: dfwKLVK7SRSqW1MrI4zd...
2026-01-29 18:34:19.038 16382-16523 SettingsGuardService    com.cdccreditsmart.app               D  ğŸ“‹ Activity check - Full: null, Simple: null
2026-01-29 18:34:19.124 16382-16585 FcmTokenManager         com.cdccreditsmart.app               D  FCM token saved locally: dfwKLVK7SRSqW1MrI4zd...
2026-01-29 18:34:19.127 16382-16523 FcmTokenManager         com.cdccreditsmart.app               D  ========== REGISTERING FCM TOKEN WITH BACKEND ==========
2026-01-29 18:34:19.129 16382-16523 FcmTokenManager         com.cdccreditsmart.app               D  Current FCM token retrieved: dfwKLVK7SRSqW1MrI4zd...
2026-01-29 18:34:19.140 16382-16523 FcmTokenManager         com.cdccreditsmart.app               E  Cannot register: Auth token not available
2026-01-29 18:34:19.140 16382-16523 CdcMessagingService     com.cdccreditsmart.app               E  âŒ Failed to register FCM token with backend: User not authenticated
2026-01-29 18:34:19.758 16382-16382 CDCDeviceAdminReceiver  com.cdccreditsmart.app               I  onEnabled: full path
2026-01-29 18:34:19.794 16382-16382 CDCDeviceAdminService   com.cdccreditsmart.app               I  âœ… Device Admin Service created - System is communicating with CDC DPC
2026-01-29 18:34:20.503 16382-16382 Compatibil...geReporter com.cdccreditsmart.app               D  Compat change id reported: 78294732; UID 10263; state: ENABLED
2026-01-29 18:34:20.507 16382-16382 SettingsGuardService    com.cdccreditsmart.app               I  â–¶ï¸ Guard RETOMADO apÃ³s fluxo de permissÃµes
2026-01-29 18:34:20.507 16382-16382 MainActivity            com.cdccreditsmart.app               W  âš ï¸ Algumas permissÃµes foram NEGADAS pelo usuÃ¡rio:
2026-01-29 18:34:20.507 16382-16382 MainActivity            com.cdccreditsmart.app               D    âœ… CONCEDIDA - android.permission.READ_PHONE_STATE
2026-01-29 18:34:20.508 16382-16382 MainActivity            com.cdccreditsmart.app               D    âŒ NEGADA - android.permission.READ_CALL_LOG
2026-01-29 18:34:20.509 16382-16382 MainActivity            com.cdccreditsmart.app               D    âŒ NEGADA - android.permission.CALL_PHONE
2026-01-29 18:34:20.509 16382-16382 MainActivity            com.cdccreditsmart.app               D    âŒ NEGADA - android.permission.READ_CONTACTS
2026-01-29 18:34:20.509 16382-16382 MainActivity            com.cdccreditsmart.app               D    âœ… CONCEDIDA - android.permission.ACCESS_FINE_LOCATION
2026-01-29 18:34:20.509 16382-16382 MainActivity            com.cdccreditsmart.app               D    âœ… CONCEDIDA - android.permission.ACCESS_COARSE_LOCATION
2026-01-29 18:34:20.510 16382-16382 MainActivity            com.cdccreditsmart.app               D    âŒ NEGADA - android.permission.ANSWER_PHONE_CALLS
2026-01-29 18:34:20.510 16382-16382 MainActivity            com.cdccreditsmart.app               D    âŒ NEGADA - android.permission.READ_PHONE_NUMBERS
2026-01-29 18:34:20.510 16382-16382 MainActivity            com.cdccreditsmart.app               D    âœ… CONCEDIDA - android.permission.POST_NOTIFICATIONS
2026-01-29 18:34:22.044 16382-16521 SettingsGuardService    com.cdccreditsmart.app               D  ğŸ“‹ Activity check - Full: null, Simple: null
2026-01-29 18:34:22.048 16382-16523 PermissionGateManager   com.cdccreditsmart.app               W  âš ï¸ Device Owner: 3 permissÃ£o(Ãµes) pendente(s)
2026-01-29 18:34:22.049 16382-16523 PermissionGateManager   com.cdccreditsmart.app               W     â†’ Falta: Acesso ao Uso de Apps
2026-01-29 18:34:22.049 16382-16523 PermissionGateManager   com.cdccreditsmart.app               W     â†’ Falta: Exibir sobre outros apps
2026-01-29 18:34:22.049 16382-16523 PermissionGateManager   com.cdccreditsmart.app               W     â†’ Falta: ExecuÃ§Ã£o em Segundo Plano
2026-01-29 18:34:25.050 16382-16523 SettingsGuardService    com.cdccreditsmart.app               D  ğŸ“‹ Activity check - Full: null, Simple: null
2026-01-29 18:34:28.062 16382-16523 SettingsGuardService    com.cdccreditsmart.app               D  ğŸ“‹ Activity check - Full: null, Simple: null
2026-01-29 18:34:28.190 16382-16382 SettingsGuardService    com.cdccreditsmart.app               I  â¸ï¸ Guard PAUSADO para fluxo de permissÃµes (timeout: 30s)
2026-01-29 18:34:29.436 16382-16382 SettingsGuardService    com.cdccreditsmart.app               I  â¸ï¸ Guard PAUSADO para fluxo de permissÃµes (timeout: 30s)
2026-01-29 18:34:31.072 16382-16521 SettingsGuardService    com.cdccreditsmart.app               I  â–¶ï¸ App CDC em foreground - fluxo de permissÃ£o concluÃ­do
2026-01-29 18:34:31.072 16382-16521 SettingsGuardService    com.cdccreditsmart.app               I  â–¶ï¸ Guard RETOMADO apÃ³s fluxo de permissÃµes
2026-01-29 18:34:31.074 16382-16523 PermissionGateManager   com.cdccreditsmart.app               W  âš ï¸ Device Owner: 2 permissÃ£o(Ãµes) pendente(s)
2026-01-29 18:34:31.074 16382-16523 PermissionGateManager   com.cdccreditsmart.app               W     â†’ Falta: Acesso ao Uso de Apps
2026-01-29 18:34:31.074 16382-16523 PermissionGateManager   com.cdccreditsmart.app               W     â†’ Falta: Exibir sobre outros apps
2026-01-29 18:34:31.877 16382-16382 SettingsGuardService    com.cdccreditsmart.app               I  â¸ï¸ Guard PAUSADO para fluxo de permissÃµes (timeout: 30s)
2026-01-29 18:34:32.553 16382-16525 mali_gralloc            com.cdccreditsmart.app               D  unregister: id=33700000712, handle=0xb400007756010190, base=0x0, importpid=16382, count:0
2026-01-29 18:34:32.554 16382-16525 OpenGLRenderer          com.cdccreditsmart.app               D  endAllActiveAnimators on 0xb400007596066220 (UnprojectedRipple) with handle 0xb40000763602ce20
2026-01-29 18:34:32.560 16382-16417 mali_gralloc            com.cdccreditsmart.app               D  unregister: id=33700000715, handle=0xb400007756011a50, base=0x0, importpid=16382, count:0
2026-01-29 18:34:32.565 16382-16382 mali_gralloc            com.cdccreditsmart.app               D  unregister: id=33700000713, handle=0xb400007756012470, base=0x0, importpid=16382, count:0
2026-01-29 18:34:32.565 16382-16382 mali_gralloc            com.cdccreditsmart.app               D  unregister: id=33700000714, handle=0xb400007756011810, base=0x0, importpid=16382, count:0
2026-01-29 18:34:33.950 16382-16509 FA                      com.cdccreditsmart.app               I  Application backgrounded at: timestamp_millis: 1769722471949
2026-01-29 18:34:34.081 16382-16523 PermissionGateManager   com.cdccreditsmart.app               W  âš ï¸ Device Owner: 1 permissÃ£o(Ãµes) pendente(s)
2026-01-29 18:34:34.081 16382-16523 PermissionGateManager   com.cdccreditsmart.app               W     â†’ Falta: Exibir sobre outros apps
2026-01-29 18:34:35.516 16382-16525 OpenGLRenderer          com.cdccreditsmart.app               E  Unable to match the desired swap behavior.
2026-01-29 18:34:35.518 16382-16873 mali_gralloc            com.cdccreditsmart.app               D  register: id=33700000747, handle=0xb4000077560181d0, importpid=-1, gRegisteredHandles=0
2026-01-29 18:34:35.519 16382-16873 mali_gralloc            com.cdccreditsmart.app               D  register: id=33700000748, handle=0xb40000775601fb50, importpid=-1, gRegisteredHandles=1
2026-01-29 18:34:35.520 16382-16873 mali_gralloc            com.cdccreditsmart.app               D  register: id=33700000749, handle=0xb40000775601f910, importpid=-1, gRegisteredHandles=2
2026-01-29 18:34:35.521 16382-16873 mali_gralloc            com.cdccreditsmart.app               D  register: id=3370000074a, handle=0xb400007756020f90, importpid=-1, gRegisteredHandles=3
2026-01-29 18:34:36.313 16382-16382 SettingsGuardService    com.cdccreditsmart.app               I  â¸ï¸ Guard PAUSADO para fluxo de permissÃµes (timeout: 30s)
2026-01-29 18:34:36.915 16382-16525 mali_gralloc            com.cdccreditsmart.app               D  unregister: id=3370000074a, handle=0xb400007756020f90, base=0x0, importpid=16382, count:0
2026-01-29 18:34:36.916 16382-16525 OpenGLRenderer          com.cdccreditsmart.app               D  endAllActiveAnimators on 0xb400007596066220 (UnprojectedRipple) with handle 0xb40000763602b170
2026-01-29 18:34:36.917 16382-16417 mali_gralloc            com.cdccreditsmart.app               D  unregister: id=33700000749, handle=0xb40000775601f910, base=0x0, importpid=16382, count:0
2026-01-29 18:34:36.934 16382-16382 mali_gralloc            com.cdccreditsmart.app               D  unregister: id=33700000747, handle=0xb4000077560181d0, base=0x0, importpid=16382, count:0
2026-01-29 18:34:36.934 16382-16382 mali_gralloc            com.cdccreditsmart.app               D  unregister: id=33700000748, handle=0xb40000775601fb50, base=0x0, importpid=16382, count:0
2026-01-29 18:34:37.078 16382-16523 SettingsGuardService    com.cdccreditsmart.app               I  âœ… USAGE_STATS concedida
2026-01-29 18:34:37.079 16382-16523 SettingsGuardService    com.cdccreditsmart.app               I  ğŸ“¢ NotificaÃ§Ã£o de permissÃ£o USAGE_STATS cancelada
2026-01-29 18:34:37.095 16382-16523 SettingsGuardService    com.cdccreditsmart.app               D  âœ… Atividade permitida durante fluxo de permissÃµes: com.android.settings.spa.SpaActivity
2026-01-29 18:34:38.354 16382-16509 FA                      com.cdccreditsmart.app               I  Application backgrounded at: timestamp_millis: 1769722476351
2026-01-29 18:34:39.857 16382-16525 OpenGLRenderer          com.cdccreditsmart.app               E  Unable to match the desired swap behavior.
2026-01-29 18:34:39.859 16382-16920 mali_gralloc            com.cdccreditsmart.app               D  register: id=33700000759, handle=0xb400007756021650, importpid=-1, gRegisteredHandles=0
2026-01-29 18:34:39.860 16382-16920 mali_gralloc            com.cdccreditsmart.app               D  register: id=3370000075a, handle=0xb4000077560210b0, importpid=-1, gRegisteredHandles=1
2026-01-29 18:34:39.861 16382-16920 mali_gralloc            com.cdccreditsmart.app               D  register: id=3370000075b, handle=0xb40000775601feb0, importpid=-1, gRegisteredHandles=2
2026-01-29 18:34:39.863 16382-16920 mali_gralloc            com.cdccreditsmart.app               D  register: id=3370000075c, handle=0xb400007756023150, importpid=-1, gRegisteredHandles=3
2026-01-29 18:34:40.103 16382-16521 PermissionGateManager   com.cdccreditsmart.app               I  âœ… Device Owner: Todas as permissÃµes especiais concedidas!
2026-01-29 18:34:40.108 16382-16523 SettingsGuardService    com.cdccreditsmart.app               I  â–¶ï¸ App CDC em foreground - fluxo de permissÃ£o concluÃ­do
2026-01-29 18:34:40.108 16382-16523 SettingsGuardService    com.cdccreditsmart.app               I  â–¶ï¸ Guard RETOMADO apÃ³s fluxo de permissÃµes
2026-01-29 18:34:40.114 16382-16382 PermissionGateScreen    com.cdccreditsmart.app               I  âœ… TODAS AS PERMISSÃ•ES CONCEDIDAS! Prosseguindo para o app...
2026-01-29 18:34:40.114 16382-16382 SettingsGuardService    com.cdccreditsmart.app               I  â–¶ï¸ Guard RETOMADO apÃ³s fluxo de permissÃµes
2026-01-29 18:34:40.681 16382-16382 DeviceOwnerCheckVM      com.cdccreditsmart.app               I  ========================================
2026-01-29 18:34:40.681 16382-16382 DeviceOwnerCheckVM      com.cdccreditsmart.app               I  ğŸ” Verificando status de Device Owner...
2026-01-29 18:34:40.897 16382-16382 NavController           com.cdccreditsmart.app               I  Ignoring popBackStack to route permission_gate as it was not found on the current back stack
2026-01-29 18:34:40.949 16382-16382 DeviceOwnerCheckVM      com.cdccreditsmart.app               I  ========================================
2026-01-29 18:34:40.949 16382-16382 DeviceOwnerCheckVM      com.cdccreditsmart.app               I  ğŸ” Verificando status de Device Owner...
2026-01-29 18:34:41.188 16382-16382 DeviceUtils             com.cdccreditsmart.app               D  Device Owner check: true
2026-01-29 18:34:41.188 16382-16382 DeviceUtils             com.cdccreditsmart.app               D  Samsung device: false (Manufacturer: realme)
2026-01-29 18:34:41.188 16382-16382 DeviceOwnerCheckVM      com.cdccreditsmart.app               I  âœ… Dispositivo Ã© Device Owner - permitindo acesso ao app
2026-01-29 18:34:41.188 16382-16382 DeviceOwnerCheckVM      com.cdccreditsmart.app               I  ========================================
2026-01-29 18:34:41.234 16382-16382 RouterViewModel         com.cdccreditsmart.app               D  ğŸš€ Iniciando verificaÃ§Ã£o de autenticaÃ§Ã£o...
2026-01-29 18:34:41.238 16382-16523 AuthOrchestrator        com.cdccreditsmart.app               D  ğŸ” Verificando autenticaÃ§Ã£o...
2026-01-29 18:34:41.244 16382-16523 AuthOrchestrator        com.cdccreditsmart.app               D  ğŸŒ Conectividade: ONLINE
2026-01-29 18:34:41.245 16382-16523 AuthOrchestrator        com.cdccreditsmart.app               D  ğŸ”„ ========== AUTO-DISCOVERY INICIADO ==========
2026-01-29 18:34:41.273 16382-16523 DeviceUtils             com.cdccreditsmart.app               D  IMEI retrieved successfully: 8608***
2026-01-29 18:34:41.273 16382-16523 AuthOrchestrator        com.cdccreditsmart.app               D  ğŸ“± IMEI obtido: 8608***718
2026-01-29 18:34:41.274 16382-16523 AuthOrchestrator        com.cdccreditsmart.app               D  ğŸ” Tentando auto-discovery...
2026-01-29 18:34:41.274 16382-16523 AuthOrchestrator        com.cdccreditsmart.app               D     Endpoint: GET /api/apk/discover/860875074339718
2026-01-29 18:34:41.341 16382-16925 okhttp.OkHttpClient     com.cdccreditsmart.app               I  --> GET https://cdccreditsmart.com/api/apk/discover/860875074339718
2026-01-29 18:34:41.341 16382-16925 okhttp.OkHttpClient     com.cdccreditsmart.app               I  --> END GET
2026-01-29 18:34:41.450 16382-16382 DeviceUtils             com.cdccreditsmart.app               D  Device Owner check: true
2026-01-29 18:34:41.450 16382-16382 DeviceUtils             com.cdccreditsmart.app               D  Samsung device: false (Manufacturer: realme)
2026-01-29 18:34:41.450 16382-16382 DeviceOwnerCheckVM      com.cdccreditsmart.app               I  âœ… Dispositivo Ã© Device Owner - permitindo acesso ao app
2026-01-29 18:34:41.450 16382-16382 DeviceOwnerCheckVM      com.cdccreditsmart.app               I  ========================================
2026-01-29 18:34:41.491 16382-16382 RouterViewModel         com.cdccreditsmart.app               D  ğŸš€ Iniciando verificaÃ§Ã£o de autenticaÃ§Ã£o...
2026-01-29 18:34:41.492 16382-16523 AuthOrchestrator        com.cdccreditsmart.app               D  ğŸ” Verificando autenticaÃ§Ã£o...
2026-01-29 18:34:41.494 16382-16523 AuthOrchestrator        com.cdccreditsmart.app               D  ğŸŒ Conectividade: ONLINE
2026-01-29 18:34:41.494 16382-16523 AuthOrchestrator        com.cdccreditsmart.app               D  ğŸ”„ ========== AUTO-DISCOVERY INICIADO ==========
2026-01-29 18:34:41.498 16382-16523 DeviceUtils             com.cdccreditsmart.app               D  IMEI retrieved successfully: 8608***
2026-01-29 18:34:41.498 16382-16523 AuthOrchestrator        com.cdccreditsmart.app               D  ğŸ“± IMEI obtido: 8608***718
2026-01-29 18:34:41.498 16382-16523 AuthOrchestrator        com.cdccreditsmart.app               D  ğŸ” Tentando auto-discovery...
2026-01-29 18:34:41.498 16382-16523 AuthOrchestrator        com.cdccreditsmart.app               D     Endpoint: GET /api/apk/discover/860875074339718
2026-01-29 18:34:41.505 16382-16929 okhttp.OkHttpClient     com.cdccreditsmart.app               I  --> GET https://cdccreditsmart.com/api/apk/discover/860875074339718
2026-01-29 18:34:41.506 16382-16929 okhttp.OkHttpClient     com.cdccreditsmart.app               I  --> END GET
2026-01-29 18:34:41.604 16382-16925 TrafficStats            com.cdccreditsmart.app               D  tagSocket(99) with statsTag=0xffffffff, statsUid=-1
2026-01-29 18:34:42.147 16382-16382 SettingsGuardService    com.cdccreditsmart.app               I  â–¶ï¸ Guard RETOMADO apÃ³s fluxo de permissÃµes
2026-01-29 18:34:43.312 16382-16925 okhttp.OkHttpClient     com.cdccreditsmart.app               I  <-- 200 https://cdccreditsmart.com/api/apk/discover/860875074339718 (1970ms)
2026-01-29 18:34:43.312 16382-16925 okhttp.OkHttpClient     com.cdccreditsmart.app               I  access-control-allow-credentials: true
2026-01-29 18:34:43.313 16382-16925 okhttp.OkHttpClient     com.cdccreditsmart.app               I  access-control-allow-headers: Origin, X-Requested-With, Content-Type, Accept, Authorization, x-client-key, x-client-token, x-client-secret, cache-control
2026-01-29 18:34:43.313 16382-16925 okhttp.OkHttpClient     com.cdccreditsmart.app               I  access-control-allow-methods: GET, POST, PUT, PATCH, DELETE, OPTIONS
2026-01-29 18:34:43.313 16382-16925 okhttp.OkHttpClient     com.cdccreditsmart.app               I  access-control-allow-origin: *
2026-01-29 18:34:43.313 16382-16925 okhttp.OkHttpClient     com.cdccreditsmart.app               I  access-control-max-age: 86400
2026-01-29 18:34:43.313 16382-16925 okhttp.OkHttpClient     com.cdccreditsmart.app               I  content-length: 596
2026-01-29 18:34:43.313 16382-16925 okhttp.OkHttpClient     com.cdccreditsmart.app               I  content-security-policy: default-src 'self'; script-src 'self' 'unsafe-inline' 'unsafe-eval' https://replit.com; style-src 'self' 'unsafe-inline' https://replit.com; img-src 'self' data: https:; font-src 'self' data: https://replit.com; connect-src 'self';
2026-01-29 18:34:43.313 16382-16925 okhttp.OkHttpClient     com.cdccreditsmart.app               I  content-type: application/json; charset=utf-8
2026-01-29 18:34:43.313 16382-16925 okhttp.OkHttpClient     com.cdccreditsmart.app               I  date: Thu, 29 Jan 2026 21:34:41 GMT
2026-01-29 18:34:43.313 16382-16925 okhttp.OkHttpClient     com.cdccreditsmart.app               I  etag: W/"254-K9OJxUUFPJMZ2kGbhCrQ4tFdWNc"
2026-01-29 18:34:43.313 16382-16925 okhttp.OkHttpClient     com.cdccreditsmart.app               I  permissions-policy: geolocation=(), microphone=(), camera=()
2026-01-29 18:34:43.314 16382-16925 okhttp.OkHttpClient     com.cdccreditsmart.app               I  referrer-policy: strict-origin-when-cross-origin
2026-01-29 18:34:43.314 16382-16925 okhttp.OkHttpClient     com.cdccreditsmart.app               I  strict-transport-security: max-age=63072000; includeSubDomains
2026-01-29 18:34:43.314 16382-16925 okhttp.OkHttpClient     com.cdccreditsmart.app               I  strict-transport-security: max-age=31536000; includeSubDomains
2026-01-29 18:34:43.314 16382-16925 okhttp.OkHttpClient     com.cdccreditsmart.app               I  x-anti-fraud-protection: active
2026-01-29 18:34:43.314 16382-16925 okhttp.OkHttpClient     com.cdccreditsmart.app               I  x-certificate-pinning-enabled: false
2026-01-29 18:34:43.314 16382-16925 okhttp.OkHttpClient     com.cdccreditsmart.app               I  x-certificate-pinning-status: disabled-for-stability
2026-01-29 18:34:43.314 16382-16925 okhttp.OkHttpClient     com.cdccreditsmart.app               I  x-content-type-options: nosniff
2026-01-29 18:34:43.314 16382-16925 okhttp.OkHttpClient     com.cdccreditsmart.app               I  x-financial-data-protection: enabled
2026-01-29 18:34:43.314 16382-16925 okhttp.OkHttpClient     com.cdccreditsmart.app               I  x-frame-options: DENY
2026-01-29 18:34:43.314 16382-16925 okhttp.OkHttpClient     com.cdccreditsmart.app               I  x-transaction-security-level: maximum
2026-01-29 18:34:43.314 16382-16925 okhttp.OkHttpClient     com.cdccreditsmart.app               I  x-xss-protection: 1; mode=block
2026-01-29 18:34:43.315 16382-16925 okhttp.OkHttpClient     com.cdccreditsmart.app               I  via: 1.1 google
2026-01-29 18:34:43.315 16382-16925 okhttp.OkHttpClient     com.cdccreditsmart.app               I  alt-svc: h3=":443"; ma=2592000,h3-29=":443"; ma=2592000
2026-01-29 18:34:43.316 16382-16925 okhttp.OkHttpClient     com.cdccreditsmart.app               I  {"success":true,"token":"QJ3H4MKG","device":{"id":"device_1769137280282_l7srjesg25","name":"REALME Note 60x","serialNumber":"QJ3H4MKG","imei":"860875074339718","imeiList":["860875074339718"],"meid":null,"meidList":null,"simSlotCount":1,"model":"Note 60x","brand":"REALME","status":"active","isBlocked":false,"blockReason":null},"customer":{"id":"f854a5cf-8b7e-4a66-a55f-a9f41948eb34","name":"Marcos Antunes","cpf":"06452784323","phone":"85981888810"},"connection":{"matchType":"imei_exact","useImei":"860875074339718","useSerialNumber":"QJ3H4MKG","useDeviceId":"device_1769137280282_l7srjesg25"}}
2026-01-29 18:34:43.317 16382-16925 okhttp.OkHttpClient     com.cdccreditsmart.app               I  <-- END HTTP (596-byte body)
2026-01-29 18:34:43.326 16382-16523 AuthOrchestrator        com.cdccreditsmart.app               D  âœ… ========== AUTO-DISCOVERY BEM-SUCEDIDO ==========
2026-01-29 18:34:43.326 16382-16523 AuthOrchestrator        com.cdccreditsmart.app               D  âœ… Dispositivo encontrado:
2026-01-29 18:34:43.326 16382-16523 AuthOrchestrator        com.cdccreditsmart.app               D     - Nome: REALME Note 60x
2026-01-29 18:34:43.326 16382-16523 AuthOrchestrator        com.cdccreditsmart.app               D     - DeviceId: device_17691372...
2026-01-29 18:34:43.326 16382-16523 AuthOrchestrator        com.cdccreditsmart.app               D     - SerialNumber: QJ3H4MKG
2026-01-29 18:34:43.326 16382-16523 AuthOrchestrator        com.cdccreditsmart.app               D     - IMEI: 8608***718
2026-01-29 18:34:43.326 16382-16523 AuthOrchestrator        com.cdccreditsmart.app               D     - Status: active
2026-01-29 18:34:43.326 16382-16523 AuthOrchestrator        com.cdccreditsmart.app               D     - Bloqueado: false
2026-01-29 18:34:43.326 16382-16523 AuthOrchestrator        com.cdccreditsmart.app               D  âœ… Cliente:
2026-01-29 18:34:43.326 16382-16523 AuthOrchestrator        com.cdccreditsmart.app               D     - Nome: Marcos Antunes
2026-01-29 18:34:43.326 16382-16523 AuthOrchestrator        com.cdccreditsmart.app               D     - CPF: 064***
2026-01-29 18:34:43.326 16382-16523 AuthOrchestrator        com.cdccreditsmart.app               D  âœ… ConexÃ£o:
2026-01-29 18:34:43.326 16382-16523 AuthOrchestrator        com.cdccreditsmart.app               D     - Usar IMEI: 860875074339718
2026-01-29 18:34:43.326 16382-16523 AuthOrchestrator        com.cdccreditsmart.app               D     - Usar SerialNumber: QJ3H4MKG
2026-01-29 18:34:43.326 16382-16523 AuthOrchestrator        com.cdccreditsmart.app               D     - Usar DeviceId: device_1769137280282_l7srjesg25
2026-01-29 18:34:43.326 16382-16523 ContractCodeStorage     com.cdccreditsmart.app               D  Saving contract code to redundant storage
2026-01-29 18:34:43.505 16382-16523 ContractCodeStorage     com.cdccreditsmart.app               D  Saved to EncryptedPrefs
2026-01-29 18:34:43.742 16382-16523 ContractCodeStorage     com.cdccreditsmart.app               D  Successfully saved to file: .cdc_protected_code.enc
2026-01-29 18:34:43.742 16382-16523 ContractCodeStorage     com.cdccreditsmart.app               D  Saved to Protected Storage
2026-01-29 18:34:43.790 16382-16523 ContractCodeStorage     com.cdccreditsmart.app               D  Successfully saved to file: .cdc_contract_b1.enc
2026-01-29 18:34:43.839 16382-16523 ContractCodeStorage     com.cdccreditsmart.app               D  Successfully saved to file: .sys_device_cfg.enc
2026-01-29 18:34:43.901 16382-16523 ContractCodeStorage     com.cdccreditsmart.app               D  Successfully saved to file: .android_secure.enc
2026-01-29 18:34:43.992 16382-16523 ContractCodeStorage     com.cdccreditsmart.app               D  Contract code saved to ALL storage locations
2026-01-29 18:34:44.286 16382-16523 ContractCodeStorage     com.cdccreditsmart.app               D  Verification complete: 7/7 locations valid
2026-01-29 18:34:44.309 16382-16523 ContractCodeStorage     com.cdccreditsmart.app               D  Saving contract code to redundant storage
2026-01-29 18:34:44.331 16382-16523 ContractCodeStorage     com.cdccreditsmart.app               D  Saved to EncryptedPrefs
2026-01-29 18:34:44.338 16382-16523 ContractCodeStorage     com.cdccreditsmart.app               D  Deleted existing file: .cdc_protected_code.enc
2026-01-29 18:34:44.394 16382-16523 ContractCodeStorage     com.cdccreditsmart.app               D  Successfully saved to file: .cdc_protected_code.enc
2026-01-29 18:34:44.394 16382-16523 ContractCodeStorage     com.cdccreditsmart.app               D  Saved to Protected Storage
2026-01-29 18:34:44.394 16382-16523 ContractCodeStorage     com.cdccreditsmart.app               D  Deleted existing file: .cdc_contract_b1.enc
2026-01-29 18:34:44.448 16382-16523 ContractCodeStorage     com.cdccreditsmart.app               D  Successfully saved to file: .cdc_contract_b1.enc
2026-01-29 18:34:44.448 16382-16523 ContractCodeStorage     com.cdccreditsmart.app               D  Deleted existing file: .sys_device_cfg.enc
2026-01-29 18:34:44.495 16382-16523 ContractCodeStorage     com.cdccreditsmart.app               D  Successfully saved to file: .sys_device_cfg.enc
2026-01-29 18:34:44.495 16382-16523 ContractCodeStorage     com.cdccreditsmart.app               D  Deleted existing file: .android_secure.enc
2026-01-29 18:34:44.544 16382-16523 ContractCodeStorage     com.cdccreditsmart.app               D  Successfully saved to file: .android_secure.enc
2026-01-29 18:34:44.593 16382-16523 ContractCodeStorage     com.cdccreditsmart.app               D  Contract code saved to ALL storage locations
2026-01-29 18:34:44.919 16382-16523 ContractCodeStorage     com.cdccreditsmart.app               D  Verification complete: 7/7 locations valid
2026-01-29 18:34:44.919 16382-16523 SecureTokenStorage      com.cdccreditsmart.app               D  Device info saved successfully from auto-discovery
2026-01-29 18:34:44.919 16382-16523 SecureTokenStorage      com.cdccreditsmart.app               D    - DeviceId: device_17691372...
2026-01-29 18:34:44.920 16382-16523 SecureTokenStorage      com.cdccreditsmart.app               D    - SerialNumber: QJ3H4MKG
2026-01-29 18:34:44.920 16382-16523 SecureTokenStorage      com.cdccreditsmart.app               D    - IMEI: 8608***
2026-01-29 18:34:44.920 16382-16523 SecureTokenStorage      com.cdccreditsmart.app               D    - ContractCode: QJ3H4MKG
2026-01-29 18:34:44.920 16382-16523 AuthOrchestrator        com.cdccreditsmart.app               D  ğŸ’¾ Dados salvos:
2026-01-29 18:34:44.920 16382-16523 AuthOrchestrator        com.cdccreditsmart.app               D     - ContractCode: QJ3H4MKG
2026-01-29 18:34:44.920 16382-16523 AuthOrchestrator        com.cdccreditsmart.app               D     - DeviceId: device_17691372...
2026-01-29 18:34:44.920 16382-16523 AuthOrchestrator        com.cdccreditsmart.app               D     - IMEI: 8608***718
2026-01-29 18:34:44.926 16382-16523 SecureTokenStorage      com.cdccreditsmart.app               D  Auth token saved successfully (contract code via ContractCodeStorage, deviceId: null...)
2026-01-29 18:34:44.926 16382-16523 AuthOrchestrator        com.cdccreditsmart.app               D  âœ… [6/7] Token JWT obtido do discovery e salvo!
2026-01-29 18:34:44.926 16382-16523 AuthOrchestrator        com.cdccreditsmart.app               D     - Token: QJ3H4MKG...
2026-01-29 18:34:44.927 16382-16523 AuthOrchestrator        com.cdccreditsmart.app               D  ğŸ‰ ========== AUTO-DISCOVERY CONCLUÃDO ==========
2026-01-29 18:34:44.927 16382-16523 AuthOrchestrator        com.cdccreditsmart.app               D  âœ… Auto-conexÃ£o bem-sucedida - autenticaÃ§Ã£o OK!
2026-01-29 18:34:44.927 16382-16523 AuthOrchestrator        com.cdccreditsmart.app               I  ğŸ”§ Garantindo que CdcForegroundService estÃ¡ rodando...
2026-01-29 18:34:44.928 16382-16521 AuthOrchestrator        com.cdccreditsmart.app               D  ğŸ”” Registrando FCM token apÃ³s auto-discovery...
2026-01-29 18:34:44.931 16382-16521 FcmTokenManager         com.cdccreditsmart.app               D  ========== REGISTERING FCM TOKEN WITH BACKEND ==========
2026-01-29 18:34:44.933 16382-16523 CdcForegroundService    com.cdccreditsmart.app               I  âœ… ServiÃ§o iniciado via startService()
2026-01-29 18:34:44.933 16382-16523 AuthOrchestrator        com.cdccreditsmart.app               I  âœ… CdcForegroundService iniciado apÃ³s autenticaÃ§Ã£o
2026-01-29 18:34:44.934 16382-16382 CdcForegroundService    com.cdccreditsmart.app               D  ğŸš€ ServiÃ§o onStartCommand() - Action: com.cdccreditsmart.app.START_SERVICE
2026-01-29 18:34:44.935 16382-16521 FcmTokenManager         com.cdccreditsmart.app               D  Current FCM token retrieved: dfwKLVK7SRSqW1MrI4zd...
2026-01-29 18:34:44.947 16382-16382 CdcForegroundService    com.cdccreditsmart.app               I  âœ… Foreground Service ativo (Android 12+)
2026-01-29 18:34:44.948 16382-16523 CdcForegroundService    com.cdccreditsmart.app               I  ğŸ”§ ========================================
2026-01-29 18:34:44.948 16382-16523 CdcForegroundService    com.cdccreditsmart.app               I  ğŸ”§ INICIANDO initializeServices()...
2026-01-29 18:34:44.948 16382-16523 CdcForegroundService    com.cdccreditsmart.app               I  ğŸ”§ ========================================
2026-01-29 18:34:44.948 16382-16523 CdcForegroundService    com.cdccreditsmart.app               D  âœ… ServiÃ§os base jÃ¡ inicializados
2026-01-29 18:34:44.969 16382-16382 RouterViewModel         com.cdccreditsmart.app               D  âœ… Autenticado com sucesso
2026-01-29 18:34:45.182 16382-16521 FcmTokenManager         com.cdccreditsmart.app               D  Sending FCM token to backend (payload: {"fcmToken": "dfwKLVK7SRSqW1MrI4zd..."})
2026-01-29 18:34:45.184 16382-16521 FcmTokenManager         com.cdccreditsmart.app               D  Sending POST https://cdccreditsmart.com/api/apk/device/fcm-token...
2026-01-29 18:34:45.192 16382-16521 TrafficStats            com.cdccreditsmart.app               D  tagSocket(160) with statsTag=0xffffffff, statsUid=-1
2026-01-29 18:34:45.250 16382-16382 TermsAcceptanceStorage  com.cdccreditsmart.app               D  hasAcceptedTermsForContract(QJ3H4MKG): false (saved: null)
2026-01-29 18:34:45.250 16382-16382 RouterViewModel         com.cdccreditsmart.app               D  ğŸ“„ Termos NÃƒO aceitos - Ir para TERMS_ACCEPTANCE
2026-01-29 18:34:45.463 16382-16523 SecureTokenStorage      com.cdccreditsmart.app               D  âœ… Usando IMEI para MDM: 8608***718
2026-01-29 18:34:45.464 16382-16523 CdcForegroundService    com.cdccreditsmart.app               I  ğŸ” AuthToken presente: true
2026-01-29 18:34:45.464 16382-16523 CdcForegroundService    com.cdccreditsmart.app               I  ğŸ” AuthToken length: 8
2026-01-29 18:34:45.464 16382-16523 CdcForegroundService    com.cdccreditsmart.app               I  ğŸ” ContractCode presente: true
2026-01-29 18:34:45.464 16382-16523 CdcForegroundService    com.cdccreditsmart.app               I  ğŸ” ContractCode value: QJ3H****
