2025-12-09 12:18:26.193   663-663   TlcKM                   pid-663                              E  lookup_operation(session, operation_handle, &op) == -28
2025-12-09 12:18:26.193   663-663   TlcKM                   pid-663                              D  TEE_Abort exiting with -28
2025-12-09 12:18:26.201   661-661   keystore2               pid-661                              I  system/security/keystore2/src/security_level.rs:235 - create_operation start
2025-12-09 12:18:26.201   661-661   keystore2               pid-661                              I  system/security/keystore2/src/security_level.rs:237 - caller_pid=8105
2025-12-09 12:18:26.201   661-661   keystore2               pid-661                              I  system/security/keystore2/src/security_level.rs:238 - caller_uid=10287
2025-12-09 12:18:26.201   661-661   keystore2               pid-661                              I  system/security/keystore2/src/security_level.rs:239 - forced=false
2025-12-09 12:18:26.201   661-661   keystore2               pid-661                              I  system/security/keystore2/src/security_level.rs:240 - key.domain=r#KEY_ID
2025-12-09 12:18:26.201   661-661   keystore2               pid-661                              I  system/security/keystore2/src/security_level.rs:241 - key.alias=None
2025-12-09 12:18:26.201   661-661   keystore2               pid-661                              I  system/security/keystore2/src/security_level.rs:277 - with_try_import start
2025-12-09 12:18:26.202   661-661   keystore2               pid-661                              I  system/security/keystore2/src/security_level.rs:299 - with_try_import end
2025-12-09 12:18:26.202   661-661   keystore2               pid-661                              I  system/security/keystore2/src/security_level.rs:333 - authorize_create start
2025-12-09 12:18:26.202   661-661   keystore2               pid-661                              I  system/security/keystore2/src/security_level.rs:344 - authorize_create end
2025-12-09 12:18:26.202   661-661   keystore2               pid-661                              I  system/security/keystore2/src/security_level.rs:345 - unwrap_key_if_required start
2025-12-09 12:18:26.202   661-661   keystore2               pid-661                              I  system/security/keystore2/src/security_level.rs:353 - unwrap_key_if_required end
2025-12-09 12:18:26.202   661-661   keystore2               pid-661                              I  system/security/keystore2/src/security_level.rs:354 - upgrade_keyblob_if_required_with start
2025-12-09 12:18:26.203   663-663   TlcKM                   pid-663                              D  TEE_Begin 5.0
2025-12-09 12:18:26.203   663-663   TlcKM                   pid-663                              D  purpose = 0x00000002
2025-12-09 12:18:26.205   663-663   TlcKM                   pid-663                              D  find_spare_operation_slot: allocate op 0x3c9a44d4b49ad0cb to slot #0 (1 ops live)
2025-12-09 12:18:26.205   663-663   TlcKM                   pid-663                              D  TEE_Begin exiting with 0
2025-12-09 12:18:26.206   661-661   keystore2               pid-661                              I  system/security/keystore2/src/security_level.rs:395 - upgrade_keyblob_if_required_with end
2025-12-09 12:18:26.206   661-661   keystore2               pid-661                              I  system/security/keystore2/src/enforcements.rs:249 - finalize_create_authorization self.state=NoAuthRequired
2025-12-09 12:18:26.206   661-661   keystore2               pid-661                              I  system/security/keystore2/src/security_level.rs:401 - operation_db.create_operation start
2025-12-09 12:18:26.206   661-661   keystore2               pid-661                              I  system/security/keystore2/src/security_level.rs:419 - operation_db.create_operation end
2025-12-09 12:18:26.207   663-663   TlcKM                   pid-663                              D  TEE_Finish
2025-12-09 12:18:26.207   663-663   TlcKM                   pid-663                              D  split_update_chunks
2025-12-09 12:18:26.209   663-663   TlcKM                   pid-663                              D  release_operation_slot: release op slot #0 (handle 0x3c9a44d4b49ad0cb; 0 ops live)
2025-12-09 12:18:26.209   663-663   TlcKM                   pid-663                              D  TEE_Finish exiting with 0
2025-12-09 12:18:26.209   663-663   TlcKM                   pid-663                              D  TEE_Abort
2025-12-09 12:18:26.209   663-663   TlcKM                   pid-663                              E  lookup_operation: op 0x3c9a44d4b49ad0cb not found
2025-12-09 12:18:26.209   663-663   TlcKM                   pid-663                              E  lookup_operation(session, operation_handle, &op) == -28
2025-12-09 12:18:26.209   663-663   TlcKM                   pid-663                              D  TEE_Abort exiting with -28
2025-12-09 12:18:26.210  1561-1662  ApplicationHelper       pid-1561                             E  Fail to get PackageManager
2025-12-09 12:18:26.210  1561-1662  ApplicationHelper       pid-1561                             E  Fail to get PackageManager
2025-12-09 12:18:26.215  1021-1021  BufferQueueProducer     pid-1021                             I  [com.cdccreditsmart.app/com.cdccreditsmart.app.presentation.MainActivity#742](this:0xb4000073434600c8,id:-1,api:0,p:-1,c:1021) queueBuffer: fps=59.84 dur=1002.71 max=17.15 min=16.23
2025-12-09 12:18:26.217  1561-1664  DisplayDeviceRepository pid-1561                             I  Display device changed: DisplayDeviceInfo{"Built-in Screen": uniqueId="local:0", 1080 x 2436, modeId 2, renderFrameRate 60.000004, defaultModeId 1, userPreferredModeId -1, supportedModes [{id=1, width=1080, height=2436, fps=120.00001, vsync=120.00001, synthetic=false, alternativeRefreshRates=[60.0], supportedHdrTypes=[]}, {id=2, width=1080, height=2436, fps=60.0, vsync=60.0, synthetic=false, alternativeRefreshRates=[120.00001], supportedHdrTypes=[]}], colorMode 0, supportedColorModes [0, 7, 9], hdrCapabilities HdrCapabilities{mSupportedHdrTypes=[], mMaxLuminance=500.0, mMaxAverageLuminance=500.0, mMinLuminance=0.0}, allmSupported false, gameContentTypeSupported false, density 440, 392.783 x 392.828 dpi, appVsyncOff 2400001, presDeadline 28600000, cutout DisplayCutout{insets=Rect(0, 99 - 0, 0) waterfall=Insets{left=0, top=0, right=0, bottom=0} boundingRect={Bounds=[Rect(0, 0 - 0, 0), Rect(474, 0 - 606, 99), Rect(0, 0 - 0, 0), Rect(0, 0 - 0, 0)]} cutoutPathParserInfo={CutoutPathParserInfo{displayWidth=1080 displayHeight=2436 physicalDisplayWidth=1080 physicalDisplayHeight=2436 density={2.75} cutoutSpec={M -24,0 L -24,36 L 24,36 L 24,0 Z @dp} rotation={0} scale={1.0} physicalPixelDisplaySizeRatio={1.0}}} sideOverrides={}}, touch INTERNAL, rotation 0, type INTERNAL, address {port=0}, deviceProductInfo null, state ON, committedState ON, frameRateOverride {uid=1000 frameRateHz=60.000004} {uid=10169 frameRateHz=60.000004} {uid=10287 frameRateHz=60.000004} , brightnessMinimum 0.0, brightnessMaximum 1.0, brightnessDefault 0.2, hdrSdrRatio NaN, FLAG_ALLOWED_TO_BE_DEFAULT_DISPLAY, FLAG_ROTATES_WITH_CONTENT, FLAG_SECURE, FLAG_SUPPORTS_PROTECTED_BUFFERS, FLAG_TRUSTED, installOrientation 0, displayShape DisplayShape{ spec=596679847 displayWidth=1080 displayHeight=2436 physicalPixelDisplaySizeRatio=1.0 rotation=0 offsetX=0 offsetY=0 scale=1.0}}
2025-12-09 12:18:26.221  1561-1664  Griffin/DeviceState     pid-1561                             I  virtualDisplayPackageName :{}
2025-12-09 12:18:26.226   661-661   keystore2               pid-661                              I  system/security/keystore2/src/security_level.rs:235 - create_operation start
2025-12-09 12:18:26.226   661-661   keystore2               pid-661                              I  system/security/keystore2/src/security_level.rs:237 - caller_pid=8105
2025-12-09 12:18:26.226   661-661   keystore2               pid-661                              I  system/security/keystore2/src/security_level.rs:238 - caller_uid=10287
2025-12-09 12:18:26.226   661-661   keystore2               pid-661                              I  system/security/keystore2/src/security_level.rs:239 - forced=false
2025-12-09 12:18:26.226   661-661   keystore2               pid-661                              I  system/security/keystore2/src/security_level.rs:240 - key.domain=r#KEY_ID
2025-12-09 12:18:26.226   661-661   keystore2               pid-661                              I  system/security/keystore2/src/security_level.rs:241 - key.alias=None
2025-12-09 12:18:26.226   661-661   keystore2               pid-661                              I  system/security/keystore2/src/security_level.rs:277 - with_try_import start
2025-12-09 12:18:26.226   661-661   keystore2               pid-661                              I  system/security/keystore2/src/security_level.rs:299 - with_try_import end
2025-12-09 12:18:26.226   661-661   keystore2               pid-661                              I  system/security/keystore2/src/security_level.rs:333 - authorize_create start
2025-12-09 12:18:26.226   661-661   keystore2               pid-661                              I  system/security/keystore2/src/security_level.rs:344 - authorize_create end
2025-12-09 12:18:26.226   661-661   keystore2               pid-661                              I  system/security/keystore2/src/security_level.rs:345 - unwrap_key_if_required start
2025-12-09 12:18:26.226   661-661   keystore2               pid-661                              I  system/security/keystore2/src/security_level.rs:353 - unwrap_key_if_required end
2025-12-09 12:18:26.226   661-661   keystore2               pid-661                              I  system/security/keystore2/src/security_level.rs:354 - upgrade_keyblob_if_required_with start
2025-12-09 12:18:26.227   663-663   TlcKM                   pid-663                              D  TEE_Begin 5.0
2025-12-09 12:18:26.227   663-663   TlcKM                   pid-663                              D  purpose = 0x00000000
2025-12-09 12:18:26.228   663-663   TlcKM                   pid-663                              D  find_spare_operation_slot: allocate op 0xfbe3d656ffc238b3 to slot #0 (1 ops live)
2025-12-09 12:18:26.230   663-663   TlcKM                   pid-663                              D  TEE_Begin exiting with 0
2025-12-09 12:18:26.231   661-661   keystore2               pid-661                              I  system/security/keystore2/src/security_level.rs:395 - upgrade_keyblob_if_required_with end
2025-12-09 12:18:26.231   661-661   keystore2               pid-661                              I  system/security/keystore2/src/enforcements.rs:249 - finalize_create_authorization self.state=NoAuthRequired
2025-12-09 12:18:26.231  1561-1662  ApplicationHelper       pid-1561                             E  Fail to get PackageManager
2025-12-09 12:18:26.231   661-661   keystore2               pid-661                              I  system/security/keystore2/src/security_level.rs:401 - operation_db.create_operation start
2025-12-09 12:18:26.231   661-661   keystore2               pid-661                              I  system/security/keystore2/src/security_level.rs:419 - operation_db.create_operation end
2025-12-09 12:18:26.232   663-663   TlcKM                   pid-663                              D  TEE_Update
2025-12-09 12:18:26.232   663-663   TlcKM                   pid-663                              D  split_update_chunks
2025-12-09 12:18:26.235   663-663   TlcKM                   pid-663                              D  TEE_Update exiting with 0
2025-12-09 12:18:26.235   663-663   TlcKM                   pid-663                              D  TEE_Finish
2025-12-09 12:18:26.235   663-663   TlcKM                   pid-663                              D  split_update_chunks
2025-12-09 12:18:26.236   663-663   TlcKM                   pid-663                              D  release_operation_slot: release op slot #0 (handle 0xfbe3d656ffc238b3; 0 ops live)
2025-12-09 12:18:26.236   663-663   TlcKM                   pid-663                              D  TEE_Finish exiting with 0
2025-12-09 12:18:26.236   663-663   TlcKM                   pid-663                              D  TEE_Abort
2025-12-09 12:18:26.236   663-663   TlcKM                   pid-663                              E  lookup_operation: op 0xfbe3d656ffc238b3 not found
2025-12-09 12:18:26.236   663-663   TlcKM                   pid-663                              E  lookup_operation(session, operation_handle, &op) == -28
2025-12-09 12:18:26.236   663-663   TlcKM                   pid-663                              D  TEE_Abort exiting with -28
2025-12-09 12:18:26.238   661-661   keystore2               pid-661                              I  system/security/keystore2/src/security_level.rs:235 - create_operation start
2025-12-09 12:18:26.238   661-661   keystore2               pid-661                              I  system/security/keystore2/src/security_level.rs:237 - caller_pid=8105
2025-12-09 12:18:26.238   661-661   keystore2               pid-661                              I  system/security/keystore2/src/security_level.rs:238 - caller_uid=10287
2025-12-09 12:18:26.238   661-661   keystore2               pid-661                              I  system/security/keystore2/src/security_level.rs:239 - forced=false
2025-12-09 12:18:26.238   661-661   keystore2               pid-661                              I  system/security/keystore2/src/security_level.rs:240 - key.domain=r#KEY_ID
2025-12-09 12:18:26.238   661-661   keystore2               pid-661                              I  system/security/keystore2/src/security_level.rs:241 - key.alias=None
2025-12-09 12:18:26.238   661-661   keystore2               pid-661                              I  system/security/keystore2/src/security_level.rs:277 - with_try_import start
2025-12-09 12:18:26.238   661-661   keystore2               pid-661                              I  system/security/keystore2/src/security_level.rs:299 - with_try_import end
2025-12-09 12:18:26.238   661-661   keystore2               pid-661                              I  system/security/keystore2/src/security_level.rs:333 - authorize_create start
2025-12-09 12:18:26.238   661-661   keystore2               pid-661                              I  system/security/keystore2/src/security_level.rs:344 - authorize_create end
2025-12-09 12:18:26.238   661-661   keystore2               pid-661                              I  system/security/keystore2/src/security_level.rs:345 - unwrap_key_if_required start
2025-12-09 12:18:26.238   661-661   keystore2               pid-661                              I  system/security/keystore2/src/security_level.rs:353 - unwrap_key_if_required end
2025-12-09 12:18:26.238   661-661   keystore2               pid-661                              I  system/security/keystore2/src/security_level.rs:354 - upgrade_keyblob_if_required_with start
2025-12-09 12:18:26.238   663-663   TlcKM                   pid-663                              D  TEE_Begin 5.0
2025-12-09 12:18:26.238   663-663   TlcKM                   pid-663                              D  purpose = 0x00000001
2025-12-09 12:18:26.240   663-663   TlcKM                   pid-663                              D  find_spare_operation_slot: allocate op 0x6cc5c5b54a2b4081 to slot #0 (1 ops live)
2025-12-09 12:18:26.241   663-663   TlcKM                   pid-663                              D  TEE_Begin exiting with 0
2025-12-09 12:18:26.242   661-661   keystore2               pid-661                              I  system/security/keystore2/src/security_level.rs:395 - upgrade_keyblob_if_required_with end
2025-12-09 12:18:26.242   661-661   keystore2               pid-661                              I  system/security/keystore2/src/enforcements.rs:249 - finalize_create_authorization self.state=NoAuthRequired
2025-12-09 12:18:26.242   661-661   keystore2               pid-661                              I  system/security/keystore2/src/security_level.rs:401 - operation_db.create_operation start
2025-12-09 12:18:26.242   661-661   keystore2               pid-661                              I  system/security/keystore2/src/security_level.rs:419 - operation_db.create_operation end
2025-12-09 12:18:26.243   663-663   TlcKM                   pid-663                              D  TEE_Update
2025-12-09 12:18:26.244   663-663   TlcKM                   pid-663                              D  split_update_chunks
2025-12-09 12:18:26.247   663-663   TlcKM                   pid-663                              D  TEE_Update exiting with 0
2025-12-09 12:18:26.249   663-663   TlcKM                   pid-663                              D  TEE_Finish
2025-12-09 12:18:26.249   663-663   TlcKM                   pid-663                              D  split_update_chunks
2025-12-09 12:18:26.250   663-663   TlcKM                   pid-663                              D  release_operation_slot: release op slot #0 (handle 0x6cc5c5b54a2b4081; 0 ops live)
2025-12-09 12:18:26.250   663-663   TlcKM                   pid-663                              D  TEE_Finish exiting with 0
2025-12-09 12:18:26.250   663-663   TlcKM                   pid-663                              D  TEE_Abort
2025-12-09 12:18:26.251   663-663   TlcKM                   pid-663                              E  lookup_operation: op 0x6cc5c5b54a2b4081 not found
2025-12-09 12:18:26.251   663-663   TlcKM                   pid-663                              E  lookup_operation(session, operation_handle, &op) == -28
2025-12-09 12:18:26.251   663-663   TlcKM                   pid-663                              D  TEE_Abort exiting with -28
2025-12-09 12:18:26.253   661-661   keystore2               pid-661                              I  system/security/keystore2/src/security_level.rs:235 - create_operation start
2025-12-09 12:18:26.253   661-661   keystore2               pid-661                              I  system/security/keystore2/src/security_level.rs:237 - caller_pid=8105
2025-12-09 12:18:26.253   661-661   keystore2               pid-661                              I  system/security/keystore2/src/security_level.rs:238 - caller_uid=10287
2025-12-09 12:18:26.253   661-661   keystore2               pid-661                              I  system/security/keystore2/src/security_level.rs:239 - forced=false
2025-12-09 12:18:26.253   661-661   keystore2               pid-661                              I  system/security/keystore2/src/security_level.rs:240 - key.domain=r#KEY_ID
2025-12-09 12:18:26.253   661-661   keystore2               pid-661                              I  system/security/keystore2/src/security_level.rs:241 - key.alias=None
2025-12-09 12:18:26.253   661-661   keystore2               pid-661                              I  system/security/keystore2/src/security_level.rs:277 - with_try_import start
2025-12-09 12:18:26.254  1561-1662  ApplicationHelper       pid-1561                             E  Fail to get PackageManager
2025-12-09 12:18:26.254   661-661   keystore2               pid-661                              I  system/security/keystore2/src/security_level.rs:299 - with_try_import end
2025-12-09 12:18:26.254   661-661   keystore2               pid-661                              I  system/security/keystore2/src/security_level.rs:333 - authorize_create start
2025-12-09 12:18:26.254   661-661   keystore2               pid-661                              I  system/security/keystore2/src/security_level.rs:344 - authorize_create end
2025-12-09 12:18:26.254   661-661   keystore2               pid-661                              I  system/security/keystore2/src/security_level.rs:345 - unwrap_key_if_required start
2025-12-09 12:18:26.254   661-661   keystore2               pid-661                              I  system/security/keystore2/src/security_level.rs:353 - unwrap_key_if_required end
2025-12-09 12:18:26.254   661-661   keystore2               pid-661                              I  system/security/keystore2/src/security_level.rs:354 - upgrade_keyblob_if_required_with start
2025-12-09 12:18:26.255  1561-1662  ApplicationHelper       pid-1561                             E  Fail to get PackageManager
2025-12-09 12:18:26.255   663-663   TlcKM                   pid-663                              D  TEE_Begin 5.0
2025-12-09 12:18:26.255   663-663   TlcKM                   pid-663                              D  purpose = 0x00000001
2025-12-09 12:18:26.255 20270-20359 PTCommittedOperation    pid-20270                            I  Receive new configuration for com.google.android.gms.trustagent
2025-12-09 12:18:26.256   663-663   TlcKM                   pid-663                              D  find_spare_operation_slot: allocate op 0x8cfeb0d64a8613f5 to slot #0 (1 ops live)
2025-12-09 12:18:26.257   663-663   TlcKM                   pid-663                              D  TEE_Begin exiting with 0
2025-12-09 12:18:26.257   661-661   keystore2               pid-661                              I  system/security/keystore2/src/security_level.rs:395 - upgrade_keyblob_if_required_with end
2025-12-09 12:18:26.257   661-661   keystore2               pid-661                              I  system/security/keystore2/src/enforcements.rs:249 - finalize_create_authorization self.state=NoAuthRequired
2025-12-09 12:18:26.257   661-661   keystore2               pid-661                              I  system/security/keystore2/src/security_level.rs:401 - operation_db.create_operation start
2025-12-09 12:18:26.257   661-661   keystore2               pid-661                              I  system/security/keystore2/src/security_level.rs:419 - operation_db.create_operation end
2025-12-09 12:18:26.259   663-663   TlcKM                   pid-663                              D  TEE_Update
2025-12-09 12:18:26.259   663-663   TlcKM                   pid-663                              D  split_update_chunks
2025-12-09 12:18:26.261   663-663   TlcKM                   pid-663                              D  TEE_Update exiting with 0
2025-12-09 12:18:26.262   663-663   TlcKM                   pid-663                              D  TEE_Finish
2025-12-09 12:18:26.262   663-663   TlcKM                   pid-663                              D  split_update_chunks
2025-12-09 12:18:26.264   663-663   TlcKM                   pid-663                              D  release_operation_slot: release op slot #0 (handle 0x8cfeb0d64a8613f5; 0 ops live)
2025-12-09 12:18:26.264   663-663   TlcKM                   pid-663                              D  TEE_Finish exiting with 0
2025-12-09 12:18:26.264   663-663   TlcKM                   pid-663                              D  TEE_Abort
2025-12-09 12:18:26.264   663-663   TlcKM                   pid-663                              E  lookup_operation: op 0x8cfeb0d64a8613f5 not found
2025-12-09 12:18:26.264   663-663   TlcKM                   pid-663                              E  lookup_operation(session, operation_handle, &op) == -28
2025-12-09 12:18:26.264   663-663   TlcKM                   pid-663                              D  TEE_Abort exiting with -28
2025-12-09 12:18:26.269 12833-19680 ModuleInitIntentOp      pid-12833                            W  Dropping unexpected action com.google.android.gms.phenotype.COMMITTED
2025-12-09 12:18:26.269 12833-20202 ModuleInitIntentOp      pid-12833                            W  Dropping unexpected action com.google.android.gms.phenotype.COMMITTED
2025-12-09 12:18:26.272 12833-20121 ModuleInitIntentOp      pid-12833                            W  Dropping unexpected action com.google.android.gms.phenotype.COMMITTED
2025-12-09 12:18:26.273   661-661   keystore2               pid-661                              I  system/security/keystore2/src/security_level.rs:235 - create_operation start
2025-12-09 12:18:26.273   661-661   keystore2               pid-661                              I  system/security/keystore2/src/security_level.rs:237 - caller_pid=8105
2025-12-09 12:18:26.273   661-661   keystore2               pid-661                              I  system/security/keystore2/src/security_level.rs:238 - caller_uid=10287
2025-12-09 12:18:26.273   661-661   keystore2               pid-661                              I  system/security/keystore2/src/security_level.rs:239 - forced=false
2025-12-09 12:18:26.273   661-661   keystore2               pid-661                              I  system/security/keystore2/src/security_level.rs:240 - key.domain=r#KEY_ID
2025-12-09 12:18:26.273   661-661   keystore2               pid-661                              I  system/security/keystore2/src/security_level.rs:241 - key.alias=None
2025-12-09 12:18:26.273   661-661   keystore2               pid-661                              I  system/security/keystore2/src/security_level.rs:277 - with_try_import start
2025-12-09 12:18:26.273   661-661   keystore2               pid-661                              I  system/security/keystore2/src/security_level.rs:299 - with_try_import end
2025-12-09 12:18:26.273   661-661   keystore2               pid-661                              I  system/security/keystore2/src/security_level.rs:333 - authorize_create start
2025-12-09 12:18:26.273   661-661   keystore2               pid-661                              I  system/security/keystore2/src/security_level.rs:344 - authorize_create end
2025-12-09 12:18:26.273   661-661   keystore2               pid-661                              I  system/security/keystore2/src/security_level.rs:345 - unwrap_key_if_required start
2025-12-09 12:18:26.273   661-661   keystore2               pid-661                              I  system/security/keystore2/src/security_level.rs:353 - unwrap_key_if_required end
2025-12-09 12:18:26.273   661-661   keystore2               pid-661                              I  system/security/keystore2/src/security_level.rs:354 - upgrade_keyblob_if_required_with start
2025-12-09 12:18:26.273   663-663   TlcKM                   pid-663                              D  TEE_Begin 5.0
2025-12-09 12:18:26.274   663-663   TlcKM                   pid-663                              D  purpose = 0x00000002
2025-12-09 12:18:26.275   663-663   TlcKM                   pid-663                              D  find_spare_operation_slot: allocate op 0x42225515f6eb1e4 to slot #0 (1 ops live)
2025-12-09 12:18:26.276   663-663   TlcKM                   pid-663                              D  TEE_Begin exiting with 0
2025-12-09 12:18:26.276   661-661   keystore2               pid-661                              I  system/security/keystore2/src/security_level.rs:395 - upgrade_keyblob_if_required_with end
2025-12-09 12:18:26.276   661-661   keystore2               pid-661                              I  system/security/keystore2/src/enforcements.rs:249 - finalize_create_authorization self.state=NoAuthRequired
2025-12-09 12:18:26.276   661-661   keystore2               pid-661                              I  system/security/keystore2/src/security_level.rs:401 - operation_db.create_operation start
2025-12-09 12:18:26.276   661-661   keystore2               pid-661                              I  system/security/keystore2/src/security_level.rs:419 - operation_db.create_operation end
2025-12-09 12:18:26.277   663-663   TlcKM                   pid-663                              D  TEE_Finish
2025-12-09 12:18:26.277   663-663   TlcKM                   pid-663                              D  split_update_chunks
2025-12-09 12:18:26.278 10860-10860 Athena                  pid-10860                            E  ------------------------------------------------------------
2025-12-09 12:18:26.278 10860-10860 Athena                  pid-10860                            E  
2025-12-09 12:18:26.278 10860-10860 Athena                  pid-10860                            E    - Athena is in Release mode with log enabled. Please set AthenaAnalytics.setDebug(false) to release this APK Debug[com.transsion.screencapture]
2025-12-09 12:18:26.278 10860-10860 Athena                  pid-10860                            E  
2025-12-09 12:18:26.278 10860-10860 Athena                  pid-10860                            E  ------------------------------------------------------------
2025-12-09 12:18:26.279   663-663   TlcKM                   pid-663                              D  release_operation_slot: release op slot #0 (handle 0x42225515f6eb1e4; 0 ops live)
2025-12-09 12:18:26.279   663-663   TlcKM                   pid-663                              D  TEE_Finish exiting with 0
2025-12-09 12:18:26.279   663-663   TlcKM                   pid-663                              D  TEE_Abort
2025-12-09 12:18:26.279   663-663   TlcKM                   pid-663                              E  lookup_operation: op 0x42225515f6eb1e4 not found
2025-12-09 12:18:26.279   663-663   TlcKM                   pid-663                              E  lookup_operation(session, operation_handle, &op) == -28
2025-12-09 12:18:26.280   663-663   TlcKM                   pid-663                              D  TEE_Abort exiting with -28
2025-12-09 12:18:26.282 12833-20206 SyncIntentOperation     pid-12833                            I  (REDACTED) Handling the intent: %s.
2025-12-09 12:18:26.287   661-661   keystore2               pid-661                              I  system/security/keystore2/src/security_level.rs:235 - create_operation start
2025-12-09 12:18:26.287   661-661   keystore2               pid-661                              I  system/security/keystore2/src/security_level.rs:237 - caller_pid=8105
2025-12-09 12:18:26.287   661-661   keystore2               pid-661                              I  system/security/keystore2/src/security_level.rs:238 - caller_uid=10287
2025-12-09 12:18:26.288   661-661   keystore2               pid-661                              I  system/security/keystore2/src/security_level.rs:239 - forced=false
2025-12-09 12:18:26.288   661-661   keystore2               pid-661                              I  system/security/keystore2/src/security_level.rs:240 - key.domain=r#KEY_ID
2025-12-09 12:18:26.288   661-661   keystore2               pid-661                              I  system/security/keystore2/src/security_level.rs:241 - key.alias=None
2025-12-09 12:18:26.288   661-661   keystore2               pid-661                              I  system/security/keystore2/src/security_level.rs:277 - with_try_import start
2025-12-09 12:18:26.288   661-661   keystore2               pid-661                              I  system/security/keystore2/src/security_level.rs:299 - with_try_import end
2025-12-09 12:18:26.289   661-661   keystore2               pid-661                              I  system/security/keystore2/src/security_level.rs:333 - authorize_create start
2025-12-09 12:18:26.289   661-661   keystore2               pid-661                              I  system/security/keystore2/src/security_level.rs:344 - authorize_create end
2025-12-09 12:18:26.289   661-661   keystore2               pid-661                              I  system/security/keystore2/src/security_level.rs:345 - unwrap_key_if_required start
2025-12-09 12:18:26.289   661-661   keystore2               pid-661                              I  system/security/keystore2/src/security_level.rs:353 - unwrap_key_if_required end
2025-12-09 12:18:26.289   661-661   keystore2               pid-661                              I  system/security/keystore2/src/security_level.rs:354 - upgrade_keyblob_if_required_with start
2025-12-09 12:18:26.289   663-663   TlcKM                   pid-663                              D  TEE_Begin 5.0
2025-12-09 12:18:26.289   663-663   TlcKM                   pid-663                              D  purpose = 0x00000000
2025-12-09 12:18:26.291   663-663   TlcKM                   pid-663                              D  find_spare_operation_slot: allocate op 0x7f9c884fcc32481a to slot #0 (1 ops live)
2025-12-09 12:18:26.291   663-663   TlcKM                   pid-663                              D  TEE_Begin exiting with 0
2025-12-09 12:18:26.292   661-661   keystore2               pid-661                              I  system/security/keystore2/src/security_level.rs:395 - upgrade_keyblob_if_required_with end
2025-12-09 12:18:26.292   661-661   keystore2               pid-661                              I  system/security/keystore2/src/enforcements.rs:249 - finalize_create_authorization self.state=NoAuthRequired
2025-12-09 12:18:26.292   661-661   keystore2               pid-661                              I  system/security/keystore2/src/security_level.rs:401 - operation_db.create_operation start
2025-12-09 12:18:26.292   661-661   keystore2               pid-661                              I  system/security/keystore2/src/security_level.rs:419 - operation_db.create_operation end
2025-12-09 12:18:26.293   663-663   TlcKM                   pid-663                              D  TEE_Update
2025-12-09 12:18:26.293   663-663   TlcKM                   pid-663                              D  split_update_chunks
2025-12-09 12:18:26.294   663-663   TlcKM                   pid-663                              D  TEE_Update exiting with 0
2025-12-09 12:18:26.295   663-663   TlcKM                   pid-663                              D  TEE_Finish
2025-12-09 12:18:26.295   663-663   TlcKM                   pid-663                              D  split_update_chunks
2025-12-09 12:18:26.295   663-663   TlcKM                   pid-663                              D  release_operation_slot: release op slot #0 (handle 0x7f9c884fcc32481a; 0 ops live)
2025-12-09 12:18:26.295   663-663   TlcKM                   pid-663                              D  TEE_Finish exiting with 0
2025-12-09 12:18:26.296   663-663   TlcKM                   pid-663                              D  TEE_Abort
2025-12-09 12:18:26.296   663-663   TlcKM                   pid-663                              E  lookup_operation: op 0x7f9c884fcc32481a not found
2025-12-09 12:18:26.296   663-663   TlcKM                   pid-663                              E  lookup_operation(session, operation_handle, &op) == -28
2025-12-09 12:18:26.296   663-663   TlcKM                   pid-663                              D  TEE_Abort exiting with -28
2025-12-09 12:18:26.298   661-661   keystore2               pid-661                              I  system/security/keystore2/src/security_level.rs:235 - create_operation start
2025-12-09 12:18:26.298   661-661   keystore2               pid-661                              I  system/security/keystore2/src/security_level.rs:237 - caller_pid=8105
2025-12-09 12:18:26.298   661-661   keystore2               pid-661                              I  system/security/keystore2/src/security_level.rs:238 - caller_uid=10287
2025-12-09 12:18:26.298   661-661   keystore2               pid-661                              I  system/security/keystore2/src/security_level.rs:239 - forced=false
2025-12-09 12:18:26.298   661-661   keystore2               pid-661                              I  system/security/keystore2/src/security_level.rs:240 - key.domain=r#KEY_ID
2025-12-09 12:18:26.298   661-661   keystore2               pid-661                              I  system/security/keystore2/src/security_level.rs:241 - key.alias=None
2025-12-09 12:18:26.298   661-661   keystore2               pid-661                              I  system/security/keystore2/src/security_level.rs:277 - with_try_import start
2025-12-09 12:18:26.298   661-661   keystore2               pid-661                              I  system/security/keystore2/src/security_level.rs:299 - with_try_import end
2025-12-09 12:18:26.300   661-661   keystore2               pid-661                              I  system/security/keystore2/src/security_level.rs:333 - authorize_create start
2025-12-09 12:18:26.300   661-661   keystore2               pid-661                              I  system/security/keystore2/src/security_level.rs:344 - authorize_create end
2025-12-09 12:18:26.300   661-661   keystore2               pid-661                              I  system/security/keystore2/src/security_level.rs:345 - unwrap_key_if_required start
2025-12-09 12:18:26.300   661-661   keystore2               pid-661                              I  system/security/keystore2/src/security_level.rs:353 - unwrap_key_if_required end
2025-12-09 12:18:26.300   661-661   keystore2               pid-661                              I  system/security/keystore2/src/security_level.rs:354 - upgrade_keyblob_if_required_with start
2025-12-09 12:18:26.300   663-663   TlcKM                   pid-663                              D  TEE_Begin 5.0
2025-12-09 12:18:26.300   663-663   TlcKM                   pid-663                              D  purpose = 0x00000001
2025-12-09 12:18:26.302   663-663   TlcKM                   pid-663                              D  find_spare_operation_slot: allocate op 0x47e8f927b9dc3c48 to slot #0 (1 ops live)
2025-12-09 12:18:26.303   663-663   TlcKM                   pid-663                              D  TEE_Begin exiting with 0
2025-12-09 12:18:26.304   661-661   keystore2               pid-661                              I  system/security/keystore2/src/security_level.rs:395 - upgrade_keyblob_if_required_with end
2025-12-09 12:18:26.304   661-661   keystore2               pid-661                              I  system/security/keystore2/src/enforcements.rs:249 - finalize_create_authorization self.state=NoAuthRequired
2025-12-09 12:18:26.304   661-661   keystore2               pid-661                              I  system/security/keystore2/src/security_level.rs:401 - operation_db.create_operation start
2025-12-09 12:18:26.304   661-661   keystore2               pid-661                              I  system/security/keystore2/src/security_level.rs:419 - operation_db.create_operation end
2025-12-09 12:18:26.305 12833-19680 MlBenchmarkInstaller    pid-12833                            I  (REDACTED) Intent: %s
2025-12-09 12:18:26.305   663-663   TlcKM                   pid-663                              D  TEE_Update
2025-12-09 12:18:26.305   663-663   TlcKM                   pid-663                              D  split_update_chunks
2025-12-09 12:18:26.306 12833-19680 MlBenchmarkInstaller    pid-12833                            I  (REDACTED) COMMITTED Extra package name: %s
2025-12-09 12:18:26.307   663-663   TlcKM                   pid-663                              D  TEE_Update exiting with 0
2025-12-09 12:18:26.307   663-663   TlcKM                   pid-663                              D  TEE_Finish
2025-12-09 12:18:26.307   663-663   TlcKM                   pid-663                              D  split_update_chunks
2025-12-09 12:18:26.307 12833-20121 MdiSyncModule           pid-12833                            I  flag handling is skipping irrelevant intent.
2025-12-09 12:18:26.309   663-663   TlcKM                   pid-663                              D  release_operation_slot: release op slot #0 (handle 0x47e8f927b9dc3c48; 0 ops live)
2025-12-09 12:18:26.309   663-663   TlcKM                   pid-663                              D  TEE_Finish exiting with 0
2025-12-09 12:18:26.310   663-663   TlcKM                   pid-663                              D  TEE_Abort
2025-12-09 12:18:26.310   663-663   TlcKM                   pid-663                              E  lookup_operation: op 0x47e8f927b9dc3c48 not found
2025-12-09 12:18:26.310   663-663   TlcKM                   pid-663                              E  lookup_operation(session, operation_handle, &op) == -28
2025-12-09 12:18:26.310   663-663   TlcKM                   pid-663                              D  TEE_Abort exiting with -28
2025-12-09 12:18:26.312   661-661   keystore2               pid-661                              I  system/security/keystore2/src/security_level.rs:235 - create_operation start
2025-12-09 12:18:26.312   661-661   keystore2               pid-661                              I  system/security/keystore2/src/security_level.rs:237 - caller_pid=8105
2025-12-09 12:18:26.312   661-661   keystore2               pid-661                              I  system/security/keystore2/src/security_level.rs:238 - caller_uid=10287
2025-12-09 12:18:26.312   661-661   keystore2               pid-661                              I  system/security/keystore2/src/security_level.rs:239 - forced=false
2025-12-09 12:18:26.312   661-661   keystore2               pid-661                              I  system/security/keystore2/src/security_level.rs:240 - key.domain=r#KEY_ID
2025-12-09 12:18:26.312   661-661   keystore2               pid-661                              I  system/security/keystore2/src/security_level.rs:241 - key.alias=None
2025-12-09 12:18:26.312   661-661   keystore2               pid-661                              I  system/security/keystore2/src/security_level.rs:277 - with_try_import start
2025-12-09 12:18:26.312 12833-20121 ModuleInitIntentOp      pid-12833                            W  Dropping unexpected action com.google.android.gms.phenotype.COMMITTED
2025-12-09 12:18:26.313   661-661   keystore2               pid-661                              I  system/security/keystore2/src/security_level.rs:299 - with_try_import end
2025-12-09 12:18:26.313   661-661   keystore2               pid-661                              I  system/security/keystore2/src/security_level.rs:333 - authorize_create start
2025-12-09 12:18:26.313   661-661   keystore2               pid-661                              I  system/security/keystore2/src/security_level.rs:344 - authorize_create end
2025-12-09 12:18:26.313   661-661   keystore2               pid-661                              I  system/security/keystore2/src/security_level.rs:345 - unwrap_key_if_required start
2025-12-09 12:18:26.313   661-661   keystore2               pid-661                              I  system/security/keystore2/src/security_level.rs:353 - unwrap_key_if_required end
2025-12-09 12:18:26.313   661-661   keystore2               pid-661                              I  system/security/keystore2/src/security_level.rs:354 - upgrade_keyblob_if_required_with start
2025-12-09 12:18:26.313   663-663   TlcKM                   pid-663                              D  TEE_Begin 5.0
2025-12-09 12:18:26.313   663-663   TlcKM                   pid-663                              D  purpose = 0x00000001
2025-12-09 12:18:26.314   663-663   TlcKM                   pid-663                              D  find_spare_operation_slot: allocate op 0x98b25ae1312fad60 to slot #0 (1 ops live)
2025-12-09 12:18:26.316   663-663   TlcKM                   pid-663                              D  TEE_Begin exiting with 0
2025-12-09 12:18:26.316   661-661   keystore2               pid-661                              I  system/security/keystore2/src/security_level.rs:395 - upgrade_keyblob_if_required_with end
2025-12-09 12:18:26.317   661-661   keystore2               pid-661                              I  system/security/keystore2/src/enforcements.rs:249 - finalize_create_authorization self.state=NoAuthRequired
2025-12-09 12:18:26.317   661-661   keystore2               pid-661                              I  system/security/keystore2/src/security_level.rs:401 - operation_db.create_operation start
2025-12-09 12:18:26.317   661-661   keystore2               pid-661                              I  system/security/keystore2/src/security_level.rs:419 - operation_db.create_operation end
2025-12-09 12:18:26.317   663-663   TlcKM                   pid-663                              D  TEE_Update
2025-12-09 12:18:26.317   663-663   TlcKM                   pid-663                              D  split_update_chunks
2025-12-09 12:18:26.319   663-663   TlcKM                   pid-663                              D  TEE_Update exiting with 0
2025-12-09 12:18:26.319   663-663   TlcKM                   pid-663                              D  TEE_Finish
2025-12-09 12:18:26.320   663-663   TlcKM                   pid-663                              D  split_update_chunks
2025-12-09 12:18:26.320   663-663   TlcKM                   pid-663                              D  release_operation_slot: release op slot #0 (handle 0x98b25ae1312fad60; 0 ops live)
2025-12-09 12:18:26.320   663-663   TlcKM                   pid-663                              D  TEE_Finish exiting with 0
2025-12-09 12:18:26.321   663-663   TlcKM                   pid-663                              D  TEE_Abort
2025-12-09 12:18:26.321   663-663   TlcKM                   pid-663                              E  lookup_operation: op 0x98b25ae1312fad60 not found
2025-12-09 12:18:26.321   663-663   TlcKM                   pid-663                              E  lookup_operation(session, operation_handle, &op) == -28
2025-12-09 12:18:26.321   663-663   TlcKM                   pid-663                              D  TEE_Abort exiting with -28
2025-12-09 12:18:26.326 12833-20121 ModuleInitIntentOp      pid-12833                            W  Dropping unexpected action com.google.android.gms.phenotype.COMMITTED
2025-12-09 12:18:26.327   661-661   keystore2               pid-661                              I  system/security/keystore2/src/security_level.rs:235 - create_operation start
2025-12-09 12:18:26.328   661-661   keystore2               pid-661                              I  system/security/keystore2/src/security_level.rs:237 - caller_pid=8105
2025-12-09 12:18:26.328   661-661   keystore2               pid-661                              I  system/security/keystore2/src/security_level.rs:238 - caller_uid=10287
2025-12-09 12:18:26.328   661-661   keystore2               pid-661                              I  system/security/keystore2/src/security_level.rs:239 - forced=false
2025-12-09 12:18:26.328   661-661   keystore2               pid-661                              I  system/security/keystore2/src/security_level.rs:240 - key.domain=r#KEY_ID
2025-12-09 12:18:26.328   661-661   keystore2               pid-661                              I  system/security/keystore2/src/security_level.rs:241 - key.alias=None
2025-12-09 12:18:26.328   661-661   keystore2               pid-661                              I  system/security/keystore2/src/security_level.rs:277 - with_try_import start
2025-12-09 12:18:26.328 12833-20121 LocationHistory         pid-12833                            I  (REDACTED) [IntentOperation] Handling action %s
2025-12-09 12:18:26.328   661-661   keystore2               pid-661                              I  system/security/keystore2/src/security_level.rs:299 - with_try_import end
2025-12-09 12:18:26.328   661-661   keystore2               pid-661                              I  system/security/keystore2/src/security_level.rs:333 - authorize_create start
2025-12-09 12:18:26.328   661-661   keystore2               pid-661                              I  system/security/keystore2/src/security_level.rs:344 - authorize_create end
2025-12-09 12:18:26.328   661-661   keystore2               pid-661                              I  system/security/keystore2/src/security_level.rs:345 - unwrap_key_if_required start
2025-12-09 12:18:26.328   661-661   keystore2               pid-661                              I  system/security/keystore2/src/security_level.rs:353 - unwrap_key_if_required end
2025-12-09 12:18:26.328   661-661   keystore2               pid-661                              I  system/security/keystore2/src/security_level.rs:354 - upgrade_keyblob_if_required_with start
2025-12-09 12:18:26.328   663-663   TlcKM                   pid-663                              D  TEE_Begin 5.0
2025-12-09 12:18:26.328   663-663   TlcKM                   pid-663                              D  purpose = 0x00000002
2025-12-09 12:18:26.331   663-663   TlcKM                   pid-663                              D  find_spare_operation_slot: allocate op 0x339b2ebc2222533f to slot #0 (1 ops live)
2025-12-09 12:18:26.333   663-663   TlcKM                   pid-663                              D  TEE_Begin exiting with 0
2025-12-09 12:18:26.333   661-661   keystore2               pid-661                              I  system/security/keystore2/src/security_level.rs:395 - upgrade_keyblob_if_required_with end
2025-12-09 12:18:26.333   661-661   keystore2               pid-661                              I  system/security/keystore2/src/enforcements.rs:249 - finalize_create_authorization self.state=NoAuthRequired
2025-12-09 12:18:26.333   661-661   keystore2               pid-661                              I  system/security/keystore2/src/security_level.rs:401 - operation_db.create_operation start
2025-12-09 12:18:26.333   661-661   keystore2               pid-661                              I  system/security/keystore2/src/security_level.rs:419 - operation_db.create_operation end
2025-12-09 12:18:26.334   663-663   TlcKM                   pid-663                              D  TEE_Finish
2025-12-09 12:18:26.334   663-663   TlcKM                   pid-663                              D  split_update_chunks
2025-12-09 12:18:26.335   663-663   TlcKM                   pid-663                              D  release_operation_slot: release op slot #0 (handle 0x339b2ebc2222533f; 0 ops live)
2025-12-09 12:18:26.336   663-663   TlcKM                   pid-663                              D  TEE_Finish exiting with 0
2025-12-09 12:18:26.336   663-663   TlcKM                   pid-663                              D  TEE_Abort
2025-12-09 12:18:26.336   663-663   TlcKM                   pid-663                              E  lookup_operation: op 0x339b2ebc2222533f not found
2025-12-09 12:18:26.336   663-663   TlcKM                   pid-663                              E  lookup_operation(session, operation_handle, &op) == -28
