2025-11-17 22:41:46.173  6370-6370  BoundBrokerSvc          com.google.android.gms               D  Loading bound service for intent: Intent { act=com.google.android.gms.common.BIND_SHARED_PREFS xflg=0x4 pkg=com.google.android.gms }
2025-11-17 22:41:46.204   235-243   lowmemorykiller         lmkd                                 E  process_mrelease 3347 failed: No such process
2025-11-17 22:41:46.373 10747-10763 cr_LibraryLoader        com.android.chrome_zygote            I  Successfully loaded native library
2025-11-17 22:41:46.374 10747-10763 cr_CachingUmaRecorder   com.android.chrome_zygote            I  Flushed 3 samples from 3 histograms, 0 samples were dropped.
2025-11-17 22:41:46.380   721-2053  ActivityManager         system_server                        I  Process com.android.imsserviceentitlement (pid 3347) has died: cch+85 CEM 
2025-11-17 22:41:46.381   487-487   Zygote                  zygote64                             I  Process 3347 exited due to signal 9 (Killed)
2025-11-17 22:41:46.430  1855-2188  ogle.android.as         com.google.android.as                I  AssetManager2(0x70e5ece83958) locale list changing from [] to [en-US]
2025-11-17 22:41:46.468  6348-10767 ProximityAuth           com.google.android.gms.persistent    I  [RecentAppsMediator] Package removed: (user=UserHandle{0}) com.payjoy.status
2025-11-17 22:41:46.484 10747-10763 SystemServiceRegistry   com.android.chrome_zygote            W  No service published for: uimode
2025-11-17 22:41:46.496   721-770   libprocessgroup         system_server                        I  Removed cgroup /sys/fs/cgroup/apps/uid_10136/pid_3347
2025-11-17 22:41:46.497   721-2309  SafetySourceDataValidat system_server                        D  No cert check requested for package com.google.android.permissioncontroller
2025-11-17 22:41:46.514  6348-10772 Fitness                 com.google.android.gms.persistent    I  (REDACTED) FitCleanupIntentOperation received Intent %s
2025-11-17 22:41:46.545   721-1213  Background...rolService system_server                        D  Package event received: 0
2025-11-17 22:41:46.592  1844-2225  MediaProvider           com...ndroid.providers.media.module  I  Begin Intent { act=android.intent.action.PACKAGE_FULLY_REMOVED dat=package: flg=0x5000010 cmp=com.google.android.providers.media.module/com.android.providers.media.MediaService (has extras) }
2025-11-17 22:41:46.597  6348-10760 PhSharedDirectoryWriter com.google.android.gms.persistent    E  Failed to delete the CE shared dir for Android package: com.payjoy.status. [CONTEXT service_id=51 ] (Ask Gemini)
                                                                                                    java.lang.IllegalStateException: Failed to delete directory
                                                                                                    	at glap.r(:com.google.android.gms@254435038@25.44.35 (260800-831510661):10)
                                                                                                    	at engk.a(:com.google.android.gms@254435038@25.44.35 (260800-831510661):84)
                                                                                                    	at com.google.android.gms.phenotype.notification.PackagesChangedIntentOperation.onHandleIntent(:com.google.android.gms@254435038@25.44.35 (260800-831510661):103)
                                                                                                    	at com.google.android.chimera.IntentOperation.onHandleIntent(:com.google.android.gms@254435038@25.44.35 (260800-831510661):2)
                                                                                                    	at ayaa.onHandleIntent(:com.google.android.gms@254435038@25.44.35 (260800-831510661):8)
                                                                                                    	at ysi.run(:com.google.android.gms@254435038@25.44.35 (260800-831510661):64)
                                                                                                    	at ysh.run(:com.google.android.gms@254435038@25.44.35 (260800-831510661):132)
                                                                                                    	at gizc.run(:com.google.android.gms@254435038@25.44.35 (260800-831510661):19)
                                                                                                    	at java.util.concurrent.ThreadPoolExecutor.runWorker(ThreadPoolExecutor.java:1156)
                                                                                                    	at java.util.concurrent.ThreadPoolExecutor$Worker.run(ThreadPoolExecutor.java:651)
                                                                                                    	at java.lang.Thread.run(Thread.java:1119)
2025-11-17 22:41:46.600  6348-10760 PhSharedDirectoryWriter com.google.android.gms.persistent    E  Failed to delete the DE shared dir for Android package: com.payjoy.status. [CONTEXT service_id=51 ] (Ask Gemini)
                                                                                                    java.lang.IllegalStateException: Failed to delete directory
                                                                                                    	at glap.r(:com.google.android.gms@254435038@25.44.35 (260800-831510661):10)
                                                                                                    	at engk.a(:com.google.android.gms@254435038@25.44.35 (260800-831510661):130)
                                                                                                    	at com.google.android.gms.phenotype.notification.PackagesChangedIntentOperation.onHandleIntent(:com.google.android.gms@254435038@25.44.35 (260800-831510661):103)
                                                                                                    	at com.google.android.chimera.IntentOperation.onHandleIntent(:com.google.android.gms@254435038@25.44.35 (260800-831510661):2)
                                                                                                    	at ayaa.onHandleIntent(:com.google.android.gms@254435038@25.44.35 (260800-831510661):8)
                                                                                                    	at ysi.run(:com.google.android.gms@254435038@25.44.35 (260800-831510661):64)
                                                                                                    	at ysh.run(:com.google.android.gms@254435038@25.44.35 (260800-831510661):132)
                                                                                                    	at gizc.run(:com.google.android.gms@254435038@25.44.35 (260800-831510661):19)
                                                                                                    	at java.util.concurrent.ThreadPoolExecutor.runWorker(ThreadPoolExecutor.java:1156)
                                                                                                    	at java.util.concurrent.ThreadPoolExecutor$Worker.run(ThreadPoolExecutor.java:651)
                                                                                                    	at java.lang.Thread.run(Thread.java:1119)
2025-11-17 22:41:46.646   721-745   system_server           system_server                        W  Suspending all threads took: 62.005ms
2025-11-17 22:41:46.658  6482-6540  Finsky                  com.android.vending                  I  [58] ItemStore: Not cached: com.payjoy.status
2025-11-17 22:41:46.659   721-2148  ActivityManager         system_server                        W  Unable to start service Intent { xflg=0x4 cmp=com.google.android.gms/piu } U=0: not found
2025-11-17 22:41:46.668  1261-1261  PersistedS...edReceiver com....android.permissioncontroller  D  Received android.intent.action.PACKAGE_FULLY_REMOVED for com.payjoy.status for u0
2025-11-17 22:41:46.709  1855-2188  ogle.android.as         com.google.android.as                I  AssetManager2(0x70e5eceb7258) locale list changing from [] to [en-US]
2025-11-17 22:41:46.710  1855-2188  AiAiEcho                com.google.android.as                I  EchoSearch: WidgetFetcherImpl is initialized with [34] widgets [reason=package removed for userId: 0]
2025-11-17 22:41:46.743  1844-2225  MediaProvider           com...ndroid.providers.media.module  D  Deleted 0 Android/media items belonging to com.payjoy.status on /data/user/0/com.google.android.providers.media.module/databases/external.db
2025-11-17 22:41:46.746   721-1213  Background...rolService system_server                        D  Package event received: 0
2025-11-17 22:41:46.744 10747-10747 ThreadPoolForeg         com.android.chrome_zygote            W  type=1400 audit(0.0:115): avc:  denied  { setattr } for  name="keys.json" dev="dm-55" ino=361867 scontext=u:r:isolated_app:s0:c512,c768 tcontext=u:object_r:app_data_file:s0:c150,c256,c512,c768 tclass=file permissive=0
2025-11-17 22:41:46.748 10747-10747 ThreadPoolForeg         com.android.chrome_zygote            W  type=1400 audit(0.0:116): avc:  denied  { setattr } for  name="manifest.json" dev="dm-55" ino=361869 scontext=u:r:isolated_app:s0:c512,c768 tcontext=u:object_r:app_data_file:s0:c150,c256,c512,c768 tclass=file permissive=0
2025-11-17 22:41:46.756 10747-10747 ThreadPoolForeg         com.android.chrome_zygote            W  type=1400 audit(0.0:117): avc:  denied  { setattr } for  name="LICENSE" dev="dm-55" ino=361892 scontext=u:r:isolated_app:s0:c512,c768 tcontext=u:object_r:app_data_file:s0:c150,c256,c512,c768 tclass=file permissive=0
2025-11-17 22:41:46.766   721-768   ActivityManager         system_server                        D  sync unfroze 2060 android.process.media for 3
2025-11-17 22:41:46.795  1557-1557  KeyboardInsetsHandler   com...le.android.apps.nexuslauncher  I  shouldKeyboardTransition, status=true toState:Normal StateManager(mLastStableState:Normal, mCurrentStableState:AllApps, mState:AllApps, mRestState:AllApps, isInTransition:false) isImeShown:false isImeShowRequested:false enableKeyboardAlwaysUp:false isUserControlled:true isFromIntentOrA11y:false
2025-11-17 22:41:46.801  1557-1557  KeyboardInsetAnimation  com...le.android.apps.nexuslauncher  I  KeyboardInsetAnimation, toAllApps=false
2025-11-17 22:41:46.803  1557-1557  KeyboardInsetsHandler   com...le.android.apps.nexuslauncher  I  onControllableInsetsChanged
2025-11-17 22:41:46.803  1557-1557  KeyboardIn...Controller com...le.android.apps.nexuslauncher  I  update(target=HIDDEN) state=IDLE
2025-11-17 22:41:46.806  1557-1557  StateManager            com...le.android.apps.nexuslauncher  D  onStateTransitionStart - state: Normal
2025-11-17 22:41:46.812  1258-1331  WindowManagerShell      com.android.systemui                 D  setLauncherKeepClearAreaHeight: visible=true, height=603
2025-11-17 22:41:46.882 10783-10783 VirtualizationService   virtualizationservice                I  virtualizationservice::maintenance: Failed to find a Secretkeeper instance; skipping secret management
2025-11-17 22:41:46.882 10783-10783 AidlLazySe...eRegistrar virtualizationservice                I  Registering service android.system.virtualizationservice
2025-11-17 22:41:46.887 10783-10783 VirtualizationService   virtualizationservice                I  virtualizationservice: Registered Binder service android.system.virtualizationservice.
2025-11-17 22:41:46.890 10783-10783 AidlLazySe...eRegistrar virtualizationservice                I  Registering service android.system.virtualizationmaintenance
2025-11-17 22:41:46.892  6370-10771 Blockstore              com.google.android.gms               I  (REDACTED) [DataStoreImpl] Clearing all the restore credential for %s packages
2025-11-17 22:41:46.896 10783-10783 VirtualizationService   virtualizationservice                I  virtualizationservice: Registered Binder service android.system.virtualizationmaintenance.
2025-11-17 22:41:46.896 10783-10789 AidlLazySe...eRegistrar virtualizationservice                I  Process has 1 (of 2 available) client(s) in use after notification android.system.virtualizationmaintenance has clients: 1
2025-11-17 22:41:46.903 10783-10789 VirtualizationService   virtualizationservice                I  virtualizationservice::aidl: ignoring packageRemoved(user_id=0, app_id=10218)
2025-11-17 22:41:46.913  6370-10771 Blockstore              com.google.android.gms               W  [DataStoreImpl] Does not contain gms package key space. [CONTEXT service_id=258 ]
2025-11-17 22:41:46.914  6370-10771 Blockstore              com.google.android.gms               I  (REDACTED) [PackageIntentOperation] Deleted restore credential for package %s is successful: %s
2025-11-17 22:41:46.917  6370-10771 Blockstore              com.google.android.gms               I  (REDACTED) [DataStoreImpl] Clearing all the Blockstore Data for package %s
2025-11-17 22:41:46.920  6370-10771 Blockstore              com.google.android.gms               I  (REDACTED) [DataStoreImpl] Clearing all the Blockstore Data for %s packages
2025-11-17 22:41:46.924  6370-10771 Blockstore              com.google.android.gms               I  (REDACTED) [DataStoreImpl] Allow listed package: %s
2025-11-17 22:41:46.926  6370-10771 Blockstore              com.google.android.gms               I  (REDACTED) [DataStoreImpl] Allow listed package: %s
2025-11-17 22:41:46.926  6370-10771 Blockstore              com.google.android.gms               I  (REDACTED) [DataStoreImpl] Allow listed package: %s
2025-11-17 22:41:46.926  6370-10771 Blockstore              com.google.android.gms               I  (REDACTED) [DataStoreImpl] Allow listed package: %s
2025-11-17 22:41:46.926  6370-10771 Blockstore              com.google.android.gms               I  (REDACTED) [DataStoreImpl] Allow listed package: %s
2025-11-17 22:41:46.926  6370-10771 Blockstore              com.google.android.gms               I  (REDACTED) [DataStoreImpl] Removing Blockstore data for packages %s
2025-11-17 22:41:46.955 10747-10763 chromium                com.android.chrome_zygote            I  [INFO:child_process_service.cc(73)] ChildProcessService: Exiting child process.
2025-11-17 22:41:46.956   721-2308  AtomicFile              system_server                        E  Failed to rename /data/system/cachequota.xml.new to /data/system/cachequota.xml
2025-11-17 22:41:46.975   721-1213  Background...rolService system_server                        D  Package event received: 0
2025-11-17 22:41:46.824 10747-10747 ThreadPoolForeg         com.android.chrome_zygote            W  type=1400 audit(0.0:118): avc:  denied  { setattr } for  name="verified_contents.json" dev="dm-55" ino=361896 scontext=u:r:isolated_app:s0:c512,c768 tcontext=u:object_r:app_data_file:s0:c150,c256,c512,c768 tclass=file permissive=0
2025-11-17 22:41:47.005   518-1547  RanchuHwc               and...hics.composer3-service.ranchu  I  logCompositionFallbackIfChanged: layer 387 CompositionType fallback from 2 to 1
2025-11-17 22:41:47.007   563-938   VsyncModulator          surfaceflinger                       W  setTransactionSchedule: Unexpected EarlyEnd
2025-11-17 22:41:47.055   721-2053  ActivityManager         system_server                        I  Killing 10747:com.android.chrome:sandboxed_process0:org.chromium.content.app.SandboxedProcessService0:10/u0a150i-8998 (adj 0): isolated not needed
2025-11-17 22:41:47.069   721-745   system_server           system_server                        I  Background concurrent mark compact GC freed 23MB AllocSpace bytes, 56(1808KB) LOS objects, 41% free, 33MB/57MB, paused 66.638ms,10.187ms total 3.567s
2025-11-17 22:41:47.095   721-747   System                  system_server                        W  A resource failed to call release. 
2025-11-17 22:41:47.116  6370-10771 RWIPackageIntentOps     com.google.android.gms               W  Registries cleared for package: com.payjoy.status
2025-11-17 22:41:47.188  1557-1557  StateManager            com...le.android.apps.nexuslauncher  D  onStateTransitionStart - state: Normal
2025-11-17 22:41:47.189  1557-1557  StatsLog                com...le.android.apps.nexuslauncher  D  LAUNCHER_ALLAPPS_EXIT
2025-11-17 22:41:47.189  1557-1557  StateManager            com...le.android.apps.nexuslauncher  D  onStateTransitionEnd - state: Normal
2025-11-17 22:41:47.189  1557-1557  RecentsView             com...le.android.apps.nexuslauncher  D  reset - mEnableDrawingLiveTile: false, mRecentsAnimationController: com.android.quickstep.RecentsAnimationController@1ed7491
2025-11-17 22:41:47.190  1557-1557  ActivityAl...tainerView com...le.android.apps.nexuslauncher  D  rebindAdapters: force: false
2025-11-17 22:41:47.190  1557-1557  ActivityAl...tainerView com...le.android.apps.nexuslauncher  D  rebindAdapters: Not needed.
2025-11-17 22:41:47.190  1557-1557  StatsLog                com...le.android.apps.nexuslauncher  D  LAUNCHER_ALLAPPS_CLOSE_DOWN
2025-11-17 22:41:47.198   721-1213  Background...rolService system_server                        D  Package event received: 0
2025-11-17 22:41:47.215  1557-1557  ActivityAl...tainerView com...le.android.apps.nexuslauncher  D  rebindAdapters: force: false
2025-11-17 22:41:47.215  1557-1557  ActivityAl...tainerView com...le.android.apps.nexuslauncher  D  rebindAdapters: Not needed.
2025-11-17 22:41:47.216  1557-1557  OverviewActionsView     com...le.android.apps.nexuslauncher  D  updateForGroupedTask() called with: isGroupedTask = [false], canSaveAppPair = [false]
2025-11-17 22:41:47.216  1557-1557  OverviewActionsView     com...le.android.apps.nexuslauncher  D  updateActionButtonsVisibility() called: showSingleTaskActions = [true], showGroupActions = [false]
2025-11-17 22:41:47.255   721-770   libprocessgroup         system_server                        I  Removed cgroup /sys/fs/cgroup/apps/uid_90002/pid_10747
2025-11-17 22:41:47.270 10631-10631 Zygote                  com.android.chrome_zygote            I  Process 10747 exited cleanly (0)
2025-11-17 22:41:47.272  5626-5631  ndroid.keychain         com.android.keychain                 W  Reducing the number of considered missed Gc histogram windows from 1977 to 100
2025-11-17 22:41:47.285  5683-5778  Finsky:background       com.android.vending:background       I  [55] RECEIVER_ENGAGE_PACKAGE_CHANGED#logWorkEndAndFinishGoAsync: SUCCESS
2025-11-17 22:41:47.298  6482-6482  Finsky                  com.android.vending                  I  [2] Clearing split related stale data.
2025-11-17 22:41:47.301  6370-10765 SQLiteLog               com.google.android.gms               W  (28) double-quoted string literal: "com.payjoy.status"
2025-11-17 22:41:47.308  6370-7059  Icing                   com.google.android.gms               I  doRemovePackageData com.payjoy.status
2025-11-17 22:41:47.343  6370-6419  Icing                   com.google.android.gms               I  IndexChimeraService.getServiceInterface callingPackage=com.google.android.gms componentName=AppsCorpus serviceId=36
2025-11-17 22:41:47.347  1880-1880  faht                    com...oglequicksearchbox:interactor  I  (REDACTED) O received %s
2025-11-17 22:41:47.380  6370-6370  BoundBrokerSvc          com.google.android.gms               D  onBind: Intent { act=com.google.android.gms.feedback.internal.IFeedbackService dat=chimera-action:/... xflg=0x4 cmp=com.google.android.gms/.chimera.GmsBoundBrokerService }
2025-11-17 22:41:47.380  6370-6370  BoundBrokerSvc          com.google.android.gms               D  Loading bound service for intent: Intent { act=com.google.android.gms.feedback.internal.IFeedbackService dat=chimera-action:/... xflg=0x4 cmp=com.google.android.gms/.chimera.GmsBoundBrokerService }
2025-11-17 22:41:47.425  5683-5706  ding:background         com.android.vending:background       W  Reducing the number of considered missed Gc histogram windows from 851 to 100
2025-11-17 22:41:47.462  6482-10809 Finsky                  com.android.vending                  I  [236] Asset module storage cleared for package com.payjoy.status.
2025-11-17 22:41:47.474  1844-2225  FuseDaemon              com...ndroid.providers.media.module  I  Successfully deleted rows in leveldb for owner_id:  and ownerPackageIdentifier: com.payjoy.status::0
2025-11-17 22:41:47.515  6370-10799 Ads                     com.google.android.gms               W  Name not found.
2025-11-17 22:41:47.530   721-2053  ActivityManager         system_server                        D  sync unfroze 6972 com.google.android.googlequicksearchbox:search for 6
2025-11-17 22:41:47.535   721-1213  Background...rolService system_server                        D  Package event received: 0
2025-11-17 22:41:47.540  1844-2225  MediaGrants             com...ndroid.providers.media.module  D  Removed 0 media_grants for 0 user for [com.payjoy.status]. Reason: Package orphaned
2025-11-17 22:41:47.547  1844-2225  MediaProvider           com...ndroid.providers.media.module  I  End Intent { act=android.intent.action.PACKAGE_FULLY_REMOVED dat=package: flg=0x5000010 cmp=com.google.android.providers.media.module/com.android.providers.media.MediaService (has extras) }
2025-11-17 22:41:47.569  6348-6348  BoundBrokerSvc          com.google.android.gms.persistent    D  onRebind: Intent { act=com.google.android.gms.presencemanager.service.START dat=chimera-action:/... xflg=0x4 cmp=com.google.android.gms/.chimera.PersistentApiService }
2025-11-17 22:41:47.569  6370-6515  Ads                     com.google.android.gms               W  Name not found.
2025-11-17 22:41:47.573  6348-6348  BoundBrokerSvc          com.google.android.gms.persistent    D  onRebind: Intent { act=com.google.android.gms.presencemanager.service.INTERNAL_IDENTITY dat=chimera-action:/... xflg=0x4 cmp=com.google.android.gms/.chimera.PersistentApiService }
2025-11-17 22:41:47.591   721-2308  SafetySourceDataValidat system_server                        V  Package: com.android.vending has expected signature
2025-11-17 22:41:47.591   721-2308  SafetySourceDataValidat system_server                        V  Package: com.android.vending has expected signature
2025-11-17 22:41:47.654  6482-6527  Finsky                  com.android.vending                  I  [47] SCH: Received scheduling request: Id: 37-6, Constraints: [{ L: 0, D: 0, C: CHARGING_NONE, I: IDLE_NONE, N: NET_NONE, B: BATTERY_ANY }]
2025-11-17 22:41:47.656  6482-6482  Finsky                  com.android.vending                  I  [2] agon - Received: android.intent.action.PACKAGE_FULLY_REMOVED, [SdYZjM52e638qd9Dy-jcxmFkjSpr_BGFKQ7x6hYiqfc]
2025-11-17 22:41:47.660  6482-6482  Finsky                  com.android.vending                  I  [2] agon - Deduping intent android.intent.action.PACKAGE_FULLY_REMOVED
2025-11-17 22:41:47.663  6482-6527  Finsky                  com.android.vending                  I  [47] RECEIVER_PACKAGE_MONITOR#logWorkEndAndFinishGoAsync: SUCCESS
2025-11-17 22:41:47.686  6482-6540  Finsky                  com.android.vending                  E  [58] ItemStore: getItems RPC failed for item com.payjoy.status
2025-11-17 22:41:47.708  6370-10799 FA-SVC                  com.google.android.gms               W  Failed to get uid, app: com.payjoy.status
2025-11-17 22:41:47.805  6482-10814 Finsky                  com.android.vending                  I  [237] WM::SCH: Logging work initialize for 12-1
2025-11-17 22:41:47.832  6482-6535  Finsky                  com.android.vending                  I  [55] WM::SCH: Logging work initialize for 37-6
2025-11-17 22:41:47.866  6482-6544  Finsky                  com.android.vending                  I  [62] SCH: Scheduling phonesky job Id: 12-1, CT: 1763430105178, Constraints: [{ L: 15000, D: 86400000, C: CHARGING_NONE, I: IDLE_NONE, N: NET_ANY, B: BATTERY_ANY }]
2025-11-17 22:41:47.873  6370-7059  gle.android.gms         com.google.android.gms               I  AssetManager2(0x70e5ece98178) locale list changing from [] to [en-US]
2025-11-17 22:41:47.901   721-3704  TaskPersister           system_server                        E  File error accessing recents directory (directory doesn't exist?).
2025-11-17 22:41:47.929  6370-6419  Icing                   com.google.android.gms               I  IndexChimeraService.getServiceInterface callingPackage=com.google.android.gms componentName=null serviceId=30
2025-11-17 22:41:47.956  6370-7059  gle.android.gms         com.google.android.gms               I  AssetManager2(0x70e5ecea55f8) locale list changing from [] to [en-US]
2025-11-17 22:41:47.959  6482-6553  Finsky                  com.android.vending                  I  [69] SCH: Scheduling 1 system job(s)
2025-11-17 22:41:47.960  6482-6553  Finsky                  com.android.vending                  I  [69] SCH: Scheduling system job Id: 9264, L: 12219, D: 76592319, C: false, I: false, N: 1
2025-11-17 22:41:47.961  6370-7059  Icing                   com.google.android.gms               I  Usage reports ok 4, Failed Usage reports 0, indexed 0, rejected 0
2025-11-17 22:41:47.979  6482-6549  Finsky                  com.android.vending                  I  [65] SCH: Scheduling phonesky job Id: 37-6, CT: 1763430107655, Constraints: [{ L: 0, D: 0, C: CHARGING_NONE, I: IDLE_NONE, N: NET_NONE, B: BATTERY_ANY }, { L: 0, D: 0, C: CHARGING_NONE, I: IDLE_NONE, N: NET_NONE, B: BATTERY_ANY }]
2025-11-17 22:41:47.984  6482-6537  Finsky                  com.android.vending                  I  [57] [ContentSync] finished, scheduled=true
2025-11-17 22:41:47.985  1880-1880  fnwz                    com...oglequicksearchbox:interactor  I  (REDACTED) Created gRPC endpoint for service %s
2025-11-17 22:41:47.995  6482-6544  Finsky                  com.android.vending                  I  [62] SCH: Scheduling 1 system job(s)
2025-11-17 22:41:47.995  6482-6544  Finsky                  com.android.vending                  I  [62] SCH: Scheduling expedited system job 9263
2025-11-17 22:41:48.015   721-2053  NotificationService     system_server                        W  Toast already killed. pkg=com.google.android.packageinstaller token=android.os.BinderProxy@f7c0299
2025-11-17 22:41:48.017  6482-6482  Finsky                  com.android.vending                  I  [2] SCH: job service start with id 9263.
2025-11-17 22:41:48.045  6482-10741 Finsky                  com.android.vending                  I  [226] SCH: Satisfied jobs for 9263 are: 37-6
2025-11-17 22:41:48.071  6482-10823 Finsky                  com.android.vending                  I  [240] SCH: Job 37-6 starting
2025-11-17 22:41:48.075  6482-6482  Finsky                  com.android.vending                  I  [2] WM::SCH: Logging work start for 37-6
2025-11-17 22:41:48.080  6482-6482  Finsky                  com.android.vending                  I  [2] Received an install/uninstall event for package com.payjoy.status
2025-11-17 22:41:48.085  6370-7059  Icing                   com.google.android.gms               I  Usage reports ok 0, Failed Usage reports 0, indexed 0, rejected 0
2025-11-17 22:41:48.091  6482-6482  Finsky                  com.android.vending                  I  [2] SCH: jobFinished: 37-6. TimeElapsed: 19ms.
2025-11-17 22:41:48.093  6482-6553  Finsky                  com.android.vending                  I  [69] Not an active Cubes user. Ignoring package install/uninstall event.
2025-11-17 22:41:48.094  6482-6482  Finsky                  com.android.vending                  I  [2] WM::SCH: Logging work end for 37-6
2025-11-17 22:41:48.094  6370-7059  Icing                   com.google.android.gms               I  Indexing com.google.android.gms-apps from com.google.android.gms
2025-11-17 22:41:48.119  6370-7059  Icing                   com.google.android.gms               I  Indexing done com.google.android.gms-apps
2025-11-17 22:41:48.135  6482-6540  Finsky                  com.android.vending                  I  [58] SCH: Scheduling phonesky job Id: 26-1414141414, CT: 1763411243144, Constraints: [{ L: 43200000, D: 44100000, C: CHARGING_NONE, I: IDLE_NONE, N: NET_NONE, B: BATTERY_ANY }]
2025-11-17 22:41:48.141  6482-6544  Finsky                  com.android.vending                  I  [62] SCH: Scheduling 1 system job(s)
2025-11-17 22:41:48.141  6482-6544  JobInfo                 com.android.vending                  W  Job 'com.android.vending/com.google.android.finsky.scheduler.process.mainimpl.PhoneskyJobServiceMain#9268' has a deadline with no functional constraints. The deadline won't improve job execution latency. Consider removing the deadline.
2025-11-17 22:41:48.141  6482-6544  Finsky                  com.android.vending                  I  [62] SCH: Scheduling system job Id: 9268, L: 24335003, D: 25235003, C: false, I: false, N: 0
2025-11-17 22:41:48.141   721-2062  JobInfo                 system_server                        W  Job 'com.android.vending/com.google.android.finsky.scheduler.process.mainimpl.PhoneskyJobServiceMain#9268' has a deadline with no functional constraints. The deadline won't improve job execution latency. Consider removing the deadline.
2025-11-17 22:41:48.150  6482-10823 Finsky                  com.android.vending                  I  [240] SCH: job service finished with id 9263.
2025-11-17 22:41:48.183   721-749   FileUtils               system_server                        D  Rounded bytes from 3121074176 to 4000000000
2025-11-17 22:41:48.206  6797-6814  .apps.wellbeing         com.google.android.apps.wellbeing    I  AssetManager2(0x70e5ecea04b8) locale list changing from [] to [en-US]
2025-11-17 22:41:48.213  6797-6814  .apps.wellbeing         com.google.android.apps.wellbeing    I  AssetManager2(0x70e5ece9a6f8) locale list changing from [] to [en-US]
2025-11-17 22:41:48.215  6797-6814  .apps.wellbeing         com.google.android.apps.wellbeing    I  AssetManager2(0x70e5ece9b9b8) locale list changing from [] to [en-US]
2025-11-17 22:41:48.216  6797-6814  .apps.wellbeing         com.google.android.apps.wellbeing    I  AssetManager2(0x70e5ece99d98) locale list changing from [] to [en-US]
2025-11-17 22:41:48.216  6797-6814  .apps.wellbeing         com.google.android.apps.wellbeing    I  AssetManager2(0x70e5ece9bcd8) locale list changing from [] to [en-US]
2025-11-17 22:41:48.217  6797-6814  .apps.wellbeing         com.google.android.apps.wellbeing    I  AssetManager2(0x70e5ece9e578) locale list changing from [] to [en-US]
2025-11-17 22:41:48.219  6797-6814  .apps.wellbeing         com.google.android.apps.wellbeing    I  AssetManager2(0x70e5ece9fb58) locale list changing from [] to [en-US]
2025-11-17 22:41:48.220  6797-6814  .apps.wellbeing         com.google.android.apps.wellbeing    I  AssetManager2(0x70e5ecea6278) locale list changing from [] to [en-US]
2025-11-17 22:41:48.220  6797-6814  .apps.wellbeing         com.google.android.apps.wellbeing    I  AssetManager2(0x70e5ece99a78) locale list changing from [] to [en-US]
2025-11-17 22:41:48.221  6797-6814  .apps.wellbeing         com.google.android.apps.wellbeing    I  AssetManager2(0x70e5ecea0e18) locale list changing from [] to [en-US]
2025-11-17 22:41:48.222  6797-6814  .apps.wellbeing         com.google.android.apps.wellbeing    I  AssetManager2(0x70e5ecea4fb8) locale list changing from [] to [en-US]
2025-11-17 22:41:48.223  6797-6814  .apps.wellbeing         com.google.android.apps.wellbeing    I  AssetManager2(0x70e5ece9d8f8) locale list changing from [] to [en-US]
2025-11-17 22:41:48.224  6797-6814  .apps.wellbeing         com.google.android.apps.wellbeing    I  AssetManager2(0x70e5ece9aa18) locale list changing from [] to [en-US]
2025-11-17 22:41:48.224  6797-6814  .apps.wellbeing         com.google.android.apps.wellbeing    I  AssetManager2(0x70e5ecea07d8) locale list changing from [] to [en-US]
2025-11-17 22:41:48.306  6797-6814  .apps.wellbeing         com.google.android.apps.wellbeing    I  AssetManager2(0x70e5ecea07d8) locale list changing from [] to [en-US]
2025-11-17 22:41:48.307  6797-6814  .apps.wellbeing         com.google.android.apps.wellbeing    I  AssetManager2(0x70e5ecea4fb8) locale list changing from [] to [en-US]
2025-11-17 22:41:48.308  6797-6814  .apps.wellbeing         com.google.android.apps.wellbeing    I  AssetManager2(0x70e5ece9aa18) locale list changing from [] to [en-US]
2025-11-17 22:41:48.309  6797-6814  .apps.wellbeing         com.google.android.apps.wellbeing    I  AssetManager2(0x70e5ece99a78) locale list changing from [] to [en-US]
2025-11-17 22:41:48.311  6797-6814  .apps.wellbeing         com.google.android.apps.wellbeing    I  AssetManager2(0x70e5ecea7218) locale list changing from [] to [en-US]
2025-11-17 22:41:48.313  6797-6814  .apps.wellbeing         com.google.android.apps.wellbeing    I  AssetManager2(0x70e5ece9e578) locale list changing from [] to [en-US]
2025-11-17 22:41:48.324  1258-1258  TileServices            com.android.systemui                 D  Couldn't find tile for ComponentInfo{com.google.android.apps.wellbeing/com.google.android.apps.wellbeing.focusmode.quicksettings.FocusModeTileService}(0)
2025-11-17 22:41:48.349  6797-6814  .apps.wellbeing         com.google.android.apps.wellbeing    I  AssetManager2(0x70e5ece9fb58) locale list changing from [] to [en-US]
2025-11-17 22:41:48.350  6797-6814  .apps.wellbeing         com.google.android.apps.wellbeing    I  AssetManager2(0x70e5ecea55f8) locale list changing from [] to [en-US]
2025-11-17 22:41:48.351  6797-6814  .apps.wellbeing         com.google.android.apps.wellbeing    I  AssetManager2(0x70e5ece9b9b8) locale list changing from [] to [en-US]
2025-11-17 22:41:48.353  6797-6814  .apps.wellbeing         com.google.android.apps.wellbeing    I  AssetManager2(0x70e5ece99d98) locale list changing from [] to [en-US]
2025-11-17 22:41:48.354  6797-6814  .apps.wellbeing         com.google.android.apps.wellbeing    I  AssetManager2(0x70e5ecea04b8) locale list changing from [] to [en-US]
2025-11-17 22:41:48.356  6797-6814  .apps.wellbeing         com.google.android.apps.wellbeing    I  AssetManager2(0x70e5ecea0198) locale list changing from [] to [en-US]
2025-11-17 22:41:48.356  6797-6814  .apps.wellbeing         com.google.android.apps.wellbeing    I  AssetManager2(0x70e5ece9a3d8) locale list changing from [] to [en-US]
2025-11-17 22:41:48.363  6797-6814  .apps.wellbeing         com.google.android.apps.wellbeing    I  AssetManager2(0x70e5ece9fe78) locale list changing from [] to [en-US]
2025-11-17 22:41:48.371  6797-6814  .apps.wellbeing         com.google.android.apps.wellbeing    I  AssetManager2(0x70e5ece9cc78) locale list changing from [] to [en-US]
2025-11-17 22:41:48.372  6797-6814  .apps.wellbeing         com.google.android.apps.wellbeing    I  AssetManager2(0x70e5ece9f1f8) locale list changing from [] to [en-US]
2025-11-17 22:41:48.373  6797-6814  .apps.wellbeing         com.google.android.apps.wellbeing    I  AssetManager2(0x70e5ece9b058) locale list changing from [] to [en-US]
2025-11-17 22:41:48.374  6797-6814  .apps.wellbeing         com.google.android.apps.wellbeing    I  AssetManager2(0x70e5ece9c638) locale list changing from [] to [en-US]
2025-11-17 22:41:48.376  6797-6814  .apps.wellbeing         com.google.android.apps.wellbeing    I  AssetManager2(0x70e5ece9e258) locale list changing from [] to [en-US]
2025-11-17 22:41:48.380  6797-6814  .apps.wellbeing         com.google.android.apps.wellbeing    I  AssetManager2(0x70e5ece9b698) locale list changing from [] to [en-US]
2025-11-17 22:41:48.382  6972-7079  ClearcutMetricXmitter   com...d.googlequicksearchbox:search  V  Transmission is done.
2025-11-17 22:41:48.384  6797-6814  .apps.wellbeing         com.google.android.apps.wellbeing    I  AssetManager2(0x70e5ece9b378) locale list changing from [] to [en-US]
2025-11-17 22:41:48.386  6797-6814  .apps.wellbeing         com.google.android.apps.wellbeing    I  AssetManager2(0x70e5ece96b98) locale list changing from [] to [en-US]
2025-11-17 22:41:48.389  6797-6814  .apps.wellbeing         com.google.android.apps.wellbeing    I  AssetManager2(0x70e5ece9df38) locale list changing from [] to [en-US]
2025-11-17 22:41:48.393  6797-6814  .apps.wellbeing         com.google.android.apps.wellbeing    I  AssetManager2(0x70e5ece94618) locale list changing from [] to [en-US]
2025-11-17 22:41:48.395  6797-6814  .apps.wellbeing         com.google.android.apps.wellbeing    I  AssetManager2(0x70e5ece98df8) locale list changing from [] to [en-US]
2025-11-17 22:41:48.402  6797-6814  .apps.wellbeing         com.google.android.apps.wellbeing    I  AssetManager2(0x70e5ece974f8) locale list changing from [] to [en-US]
2025-11-17 22:41:48.409  6797-6814  .apps.wellbeing         com.google.android.apps.wellbeing    I  AssetManager2(0x70e5ece94c58) locale list changing from [] to [en-US]
2025-11-17 22:41:48.411  6797-6814  .apps.wellbeing         com.google.android.apps.wellbeing    I  AssetManager2(0x70e5ece955b8) locale list changing from [] to [en-US]
2025-11-17 22:41:48.412  6797-6814  .apps.wellbeing         com.google.android.apps.wellbeing    I  AssetManager2(0x70e5ece98178) locale list changing from [] to [en-US]
2025-11-17 22:41:48.412  6797-6814  .apps.wellbeing         com.google.android.apps.wellbeing    I  AssetManager2(0x70e5ece910f8) locale list changing from [] to [en-US]
2025-11-17 22:41:48.413  6797-6814  .apps.wellbeing         com.google.android.apps.wellbeing    I  AssetManager2(0x70e5ece93cb8) locale list changing from [] to [en-US]
2025-11-17 22:41:48.414  6797-6814  .apps.wellbeing         com.google.android.apps.wellbeing    I  AssetManager2(0x70e5ece93998) locale list changing from [] to [en-US]
2025-11-17 22:41:48.415  6797-6814  .apps.wellbeing         com.google.android.apps.wellbeing    I  AssetManager2(0x70e5ece97e58) locale list changing from [] to [en-US]
2025-11-17 22:41:48.428  6797-6814  .apps.wellbeing         com.google.android.apps.wellbeing    I  AssetManager2(0x70e5ece8eb78) locale list changing from [] to [en-US]
2025-11-17 22:41:48.433  6797-6814  .apps.wellbeing         com.google.android.apps.wellbeing    I  AssetManager2(0x70e5ece80a78) locale list changing from [] to [en-US]
2025-11-17 22:41:48.441  6797-6814  .apps.wellbeing         com.google.android.apps.wellbeing    I  AssetManager2(0x70e5ece95bf8) locale list changing from [] to [en-US]
2025-11-17 22:41:48.449  6797-6814  .apps.wellbeing         com.google.android.apps.wellbeing    I  AssetManager2(0x70e5ece91a58) locale list changing from [] to [en-US]
2025-11-17 22:41:48.461  6797-6814  .apps.wellbeing         com.google.android.apps.wellbeing    I  AssetManager2(0x70e5ece971d8) locale list changing from [] to [en-US]
2025-11-17 22:41:48.472  6797-6814  .apps.wellbeing         com.google.android.apps.wellbeing    I  AssetManager2(0x70e5ece96878) locale list changing from [] to [en-US]
2025-11-17 22:41:48.479  6797-6814  .apps.wellbeing         com.google.android.apps.wellbeing    I  AssetManager2(0x70e5ece8b978) locale list changing from [] to [en-US]
2025-11-17 22:41:48.484  6797-6814  .apps.wellbeing         com.google.android.apps.wellbeing    I  AssetManager2(0x70e5ece8a078) locale list changing from [] to [en-US]
2025-11-17 22:41:48.495  6797-6814  .apps.wellbeing         com.google.android.apps.wellbeing    I  AssetManager2(0x70e5ece8fb18) locale list changing from [] to [en-US]
2025-11-17 22:41:48.503  6797-6814  .apps.wellbeing         com.google.android.apps.wellbeing    I  AssetManager2(0x70e5ece8b658) locale list changing from [] to [en-US]
2025-11-17 22:41:48.512  6797-6814  .apps.wellbeing         com.google.android.apps.wellbeing    I  AssetManager2(0x70e5ece8a9d8) locale list changing from [] to [en-US]
2025-11-17 22:41:48.520  6797-6814  .apps.wellbeing         com.google.android.apps.wellbeing    I  AssetManager2(0x70e5ece90dd8) locale list changing from [] to [en-US]
2025-11-17 22:41:48.532  6797-6814  .apps.wellbeing         com.google.android.apps.wellbeing    I  AssetManager2(0x70e5ece95f18) locale list changing from [] to [en-US]
2025-11-17 22:41:48.540  6797-6814  .apps.wellbeing         com.google.android.apps.wellbeing    I  AssetManager2(0x70e5ece8b338) locale list changing from [] to [en-US]
2025-11-17 22:41:48.545  6797-6814  .apps.wellbeing         com.google.android.apps.wellbeing    I  AssetManager2(0x70e5ece89a38) locale list changing from [] to [en-US]
2025-11-17 22:41:48.561  6797-6814  .apps.wellbeing         com.google.android.apps.wellbeing    I  AssetManager2(0x70e5ece8c5f8) locale list changing from [] to [en-US]
2025-11-17 22:41:48.568  6797-6814  .apps.wellbeing         com.google.android.apps.wellbeing    I  AssetManager2(0x70e5ece93fd8) locale list changing from [] to [en-US]
2025-11-17 22:41:48.572  6797-6814  .apps.wellbeing         com.google.android.apps.wellbeing    I  AssetManager2(0x70e5ece8d8b8) locale list changing from [] to [en-US]
2025-11-17 22:41:48.630  6797-6814  .apps.wellbeing         com.google.android.apps.wellbeing    I  AssetManager2(0x70e5ece8a398) locale list changing from [] to [en-US]
2025-11-17 22:41:48.637  6797-6814  .apps.wellbeing         com.google.android.apps.wellbeing    I  AssetManager2(0x70e5ece95298) locale list changing from [] to [en-US]
2025-11-17 22:41:48.642  6797-6814  .apps.wellbeing         com.google.android.apps.wellbeing    I  AssetManager2(0x70e5ece8acf8) locale list changing from [] to [en-US]
2025-11-17 22:41:48.646  6797-6814  .apps.wellbeing         com.google.android.apps.wellbeing    I  AssetManager2(0x70e5ece8e858) locale list changing from [] to [en-US]
2025-11-17 22:41:48.653  6797-6814  .apps.wellbeing         com.google.android.apps.wellbeing    I  AssetManager2(0x70e5ece8cf58) locale list changing from [] to [en-US]
2025-11-17 22:41:48.657  6797-6814  .apps.wellbeing         com.google.android.apps.wellbeing    I  AssetManager2(0x70e5ece8cc38) locale list changing from [] to [en-US]
2025-11-17 22:41:48.664  6797-6814  .apps.wellbeing         com.google.android.apps.wellbeing    I  AssetManager2(0x70e5ece90478) locale list changing from [] to [en-US]
2025-11-17 22:41:48.673  6797-6814  .apps.wellbeing         com.google.android.apps.wellbeing    I  AssetManager2(0x70e5ece8f7f8) locale list changing from [] to [en-US]
2025-11-17 22:41:48.679  6797-6814  .apps.wellbeing         com.google.android.apps.wellbeing    I  AssetManager2(0x70e5ece8e218) locale list changing from [] to [en-US]
2025-11-17 22:41:48.685  6797-6814  .apps.wellbeing         com.google.android.apps.wellbeing    I  AssetManager2(0x70e5ece8fe38) locale list changing from [] to [en-US]
2025-11-17 22:41:48.689  6797-6814  .apps.wellbeing         com.google.android.apps.wellbeing    I  AssetManager2(0x70e5ece90158) locale list changing from [] to [en-US]
2025-11-17 22:41:48.691  6797-6814  .apps.wellbeing         com.google.android.apps.wellbeing    I  AssetManager2(0x70e5ece8d278) locale list changing from [] to [en-US]
2025-11-17 22:41:48.693  6797-6814  .apps.wellbeing         com.google.android.apps.wellbeing    I  AssetManager2(0x70e5ecea9478) locale list changing from [] to [en-US]
2025-11-17 22:41:48.696  6797-6814  .apps.wellbeing         com.google.android.apps.wellbeing    I  AssetManager2(0x70e5ece89d58) locale list changing from [] to [en-US]
2025-11-17 22:41:48.702  6797-6814  .apps.wellbeing         com.google.android.apps.wellbeing    I  AssetManager2(0x70e5ece8f1b8) locale list changing from [] to [en-US]
2025-11-17 22:41:48.707  6797-6814  .apps.wellbeing         com.google.android.apps.wellbeing    I  AssetManager2(0x70e5eceaa0f8) locale list changing from [] to [en-US]
2025-11-17 22:41:48.710  6797-6814  .apps.wellbeing         com.google.android.apps.wellbeing    I  AssetManager2(0x70e5ece8d598) locale list changing from [] to [en-US]
2025-11-17 22:41:48.718  6797-6814  .apps.wellbeing         com.google.android.apps.wellbeing    I  AssetManager2(0x70e5eceb01d8) locale list changing from [] to [en-US]
2025-11-17 22:41:48.725  6797-6814  .apps.wellbeing         com.google.android.apps.wellbeing    I  AssetManager2(0x70e5eceae5b8) locale list changing from [] to [en-US]
2025-11-17 22:41:48.731  6797-6814  .apps.wellbeing         com.google.android.apps.wellbeing    I  AssetManager2(0x70e5ece8e538) locale list changing from [] to [en-US]
2025-11-17 22:41:48.734  6797-6814  .apps.wellbeing         com.google.android.apps.wellbeing    I  AssetManager2(0x70e5ece8c2d8) locale list changing from [] to [en-US]
2025-11-17 22:41:48.742  6797-6814  .apps.wellbeing         com.google.android.apps.wellbeing    I  AssetManager2(0x70e5ece8ee98) locale list changing from [] to [en-US]
2025-11-17 22:41:48.754  6797-6814  .apps.wellbeing         com.google.android.apps.wellbeing    I  AssetManager2(0x70e5eceaad78) locale list changing from [] to [en-US]
2025-11-17 22:41:48.761  6797-6814  .apps.wellbeing         com.google.android.apps.wellbeing    I  AssetManager2(0x70e5ece87198) locale list changing from [] to [en-US]
2025-11-17 22:41:48.767  6797-6814  .apps.wellbeing         com.google.android.apps.wellbeing    I  AssetManager2(0x70e5ece85258) locale list changing from [] to [en-US]
2025-11-17 22:41:48.773  6797-6814  .apps.wellbeing         com.google.android.apps.wellbeing    I  AssetManager2(0x70e5ece88138) locale list changing from [] to [en-US]
2025-11-17 22:41:48.781  6797-6814  .apps.wellbeing         com.google.android.apps.wellbeing    I  AssetManager2(0x70e5ece829b8) locale list changing from [] to [en-US]
2025-11-17 22:41:48.782  6797-6814  .apps.wellbeing         com.google.android.apps.wellbeing    I  AssetManager2(0x70e5ece82378) locale list changing from [] to [en-US]
2025-11-17 22:41:48.782  6797-6814  .apps.wellbeing         com.google.android.apps.wellbeing    I  AssetManager2(0x70e5ece877d8) locale list changing from [] to [en-US]
2025-11-17 22:41:48.784  6797-6814  .apps.wellbeing         com.google.android.apps.wellbeing    I  AssetManager2(0x70e5ece86e78) locale list changing from [] to [en-US]
2025-11-17 22:41:48.789  6797-6814  .apps.wellbeing         com.google.android.apps.wellbeing    I  AssetManager2(0x70e5ece88db8) locale list changing from [] to [en-US]
2025-11-17 22:41:48.792  6797-6814  .apps.wellbeing         com.google.android.apps.wellbeing    I  AssetManager2(0x70e5ece7b938) locale list changing from [] to [en-US]
2025-11-17 22:41:48.793  6797-6814  .apps.wellbeing         com.google.android.apps.wellbeing    I  AssetManager2(0x70e5ece85578) locale list changing from [] to [en-US]
2025-11-17 22:41:48.797  6797-6814  .apps.wellbeing         com.google.android.apps.wellbeing    I  AssetManager2(0x70e5ece874b8) locale list changing from [] to [en-US]
2025-11-17 22:41:48.802  6797-6814  .apps.wellbeing         com.google.android.apps.wellbeing    I  AssetManager2(0x70e5eceacfd8) locale list changing from [] to [en-US]
2025-11-17 22:41:48.813  6797-6814  .apps.wellbeing         com.google.android.apps.wellbeing    I  AssetManager2(0x70e5eceab098) locale list changing from [] to [en-US]
2025-11-17 22:41:48.820  6797-6814  .apps.wellbeing         com.google.android.apps.wellbeing    I  AssetManager2(0x70e5ecead938) locale list changing from [] to [en-US]
2025-11-17 22:41:48.828  6797-6814  .apps.wellbeing         com.google.android.apps.wellbeing    I  AssetManager2(0x70e5ece7fdf8) locale list changing from [] to [en-US]
2025-11-17 22:41:48.850  6797-6814  .apps.wellbeing         com.google.android.apps.wellbeing    I  AssetManager2(0x70e5ece91d78) locale list changing from [] to [en-US]
2025-11-17 22:41:48.857  6797-6814  .apps.wellbeing         com.google.android.apps.wellbeing    I  AssetManager2(0x70e5eceaaa58) locale list changing from [] to [en-US]
2025-11-17 22:41:48.864  6797-6814  .apps.wellbeing         com.google.android.apps.wellbeing    I  AssetManager2(0x70e5ece81a18) locale list changing from [] to [en-US]
2025-11-17 22:41:48.873  6797-6814  .apps.wellbeing         com.google.android.apps.wellbeing    I  AssetManager2(0x70e5ece893f8) locale list changing from [] to [en-US]
2025-11-17 22:41:48.882  6797-6814  .apps.wellbeing         com.google.android.apps.wellbeing    I  AssetManager2(0x70e5ece84f38) locale list changing from [] to [en-US]
2025-11-17 22:41:48.887  6797-6814  .apps.wellbeing         com.google.android.apps.wellbeing    I  AssetManager2(0x70e5ece87af8) locale list changing from [] to [en-US]
2025-11-17 22:41:48.895  6797-6814  .apps.wellbeing         com.google.android.apps.wellbeing    I  AssetManager2(0x70e5ece861f8) locale list changing from [] to [en-US]
2025-11-17 22:41:48.900  6797-6814  .apps.wellbeing         com.google.android.apps.wellbeing    I  AssetManager2(0x70e5ece929f8) locale list changing from [] to [en-US]
2025-11-17 22:41:48.914  6797-6814  .apps.wellbeing         com.google.android.apps.wellbeing    I  AssetManager2(0x70e5ece96eb8) locale list changing from [] to [en-US]
2025-11-17 22:41:48.945  6797-6814  .apps.wellbeing         com.google.android.apps.wellbeing    I  AssetManager2(0x70e5ece926d8) locale list changing from [] to [en-US]
2025-11-17 22:41:48.954  6797-6814  .apps.wellbeing         com.google.android.apps.wellbeing    I  AssetManager2(0x70e5ece987b8) locale list changing from [] to [en-US]
2025-11-17 22:41:48.958  6797-6814  .apps.wellbeing         com.google.android.apps.wellbeing    I  AssetManager2(0x70e5ece848f8) locale list changing from [] to [en-US]
2025-11-17 22:41:48.965  6797-6814  .apps.wellbeing         com.google.android.apps.wellbeing    I  AssetManager2(0x70e5ece958d8) locale list changing from [] to [en-US]
2025-11-17 22:41:48.975  6797-6814  .apps.wellbeing         com.google.android.apps.wellbeing    I  AssetManager2(0x70e5ecea3cf8) locale list changing from [] to [en-US]
2025-11-17 22:41:48.985  6797-6814  .apps.wellbeing         com.google.android.apps.wellbeing    I  AssetManager2(0x70e5ecea4338) locale list changing from [] to [en-US]
2025-11-17 22:41:48.989  6797-6814  .apps.wellbeing         com.google.android.apps.wellbeing    I  AssetManager2(0x70e5eceab9f8) locale list changing from [] to [en-US]
