2026-01-27 19:14:55.367 31809-31809 SettingsGuardService    com.cdccreditsmart.app               I  â–¶ï¸ Guard RETOMADO apÃ³s fluxo de permissÃµes
2026-01-27 19:14:55.466 31809-31809 MainActivity            com.cdccreditsmart.app               D  ðŸ“ BroadcastReceiver de localizaÃ§Ã£o desregistrado
2026-01-27 19:14:55.497 31809-31809 WindowOnBackDispatcher  com.cdccreditsmart.app               W  sendCancelIfRunning: isInProgress=falsecallback=android.app.Activity$$ExternalSyntheticLambda0@e25b648
2026-01-27 19:14:55.676 31809-31809 CdcForegroundService    com.cdccreditsmart.app               W  âš ï¸ Task removida - mantendo serviÃ§o ativo
2026-01-27 19:14:55.701 31809-31809 Choreographer           com.cdccreditsmart.app               I  Skipped 54 frames!  The application may be doing too much work on its main thread.
2026-01-27 19:15:00.699 31809-31809 CdcForegroundService    com.cdccreditsmart.app               D  ðŸš€ ServiÃ§o onStartCommand() - Action: com.cdccreditsmart.app.START_SERVICE
2026-01-27 19:15:00.899 31809-31809 CdcForegroundService    com.cdccreditsmart.app               I  âœ… Foreground Service ativo (Android 12+)
2026-01-27 19:15:00.937 31809-32131 CdcForegroundService    com.cdccreditsmart.app               I  ðŸ”§ ========================================
2026-01-27 19:15:00.937 31809-32131 CdcForegroundService    com.cdccreditsmart.app               I  ðŸ”§ INICIANDO initializeServices()...
2026-01-27 19:15:00.937 31809-32131 CdcForegroundService    com.cdccreditsmart.app               I  ðŸ”§ ========================================
2026-01-27 19:15:00.937 31809-32131 CdcForegroundService    com.cdccreditsmart.app               D  âœ… ServiÃ§os base jÃ¡ inicializados
2026-01-27 19:15:01.699 31809-32131 ContractCodeStorage     com.cdccreditsmart.app               D  Retrieving contract code from storage
2026-01-27 19:15:01.837 31809-32131 ContractCodeStorage     com.cdccreditsmart.app               D  Storage verification: 0 valid, 0 tampered, 7 missing
2026-01-27 19:15:01.844 31809-32131 ContractCodeStorage     com.cdccreditsmart.app               W  No valid contract code found in any location
2026-01-27 19:15:01.879 31809-32131 SecureTokenStorage      com.cdccreditsmart.app               E  âŒ Nenhum identificador MDM disponÃ­vel!
2026-01-27 19:15:01.879 31809-32131 CdcForegroundService    com.cdccreditsmart.app               I  ðŸ” AuthToken presente: false
2026-01-27 19:15:01.879 31809-32131 CdcForegroundService    com.cdccreditsmart.app               I  ðŸ” AuthToken length: 0
2026-01-27 19:15:01.879 31809-32131 CdcForegroundService    com.cdccreditsmart.app               I  ðŸ” ContractCode presente: false
2026-01-27 19:15:01.879 31809-32131 CdcForegroundService    com.cdccreditsmart.app               I  ðŸ” ContractCode value: null****
2026-01-27 19:15:01.879 31809-32131 CdcForegroundService    com.cdccreditsmart.app               I  ðŸ” MDM SerialNumber presente: false
2026-01-27 19:15:01.879 31809-32131 CdcForegroundService    com.cdccreditsmart.app               I  ðŸ” MDM SerialNumber value: ......
2026-01-27 19:15:01.879 31809-32131 CdcForegroundService    com.cdccreditsmart.app               I  ðŸ“± ========================================
2026-01-27 19:15:01.879 31809-32131 CdcForegroundService    com.cdccreditsmart.app               I  ðŸ“± AGUARDANDO PAIRING - MDM EM STANDBY
2026-01-27 19:15:01.879 31809-32131 CdcForegroundService    com.cdccreditsmart.app               I  ðŸ“± O usuÃ¡rio ainda nÃ£o fez o pareamento inicial
2026-01-27 19:15:01.879 31809-32131 CdcForegroundService    com.cdccreditsmart.app               I  ðŸ“± ServiÃ§os MDM serÃ£o ativados apÃ³s inserir cÃ³digo do contrato
2026-01-27 19:15:01.879 31809-32131 CdcForegroundService    com.cdccreditsmart.app               I  ðŸ“± NOTA: isMdmInitialized permanece FALSE para permitir reinicializaÃ§Ã£o
2026-01-27 19:15:01.879 31809-32131 CdcForegroundService    com.cdccreditsmart.app               I  ðŸ“± ========================================
2026-01-27 19:15:04.019 31809-31809 MainActivity            com.cdccreditsmart.app               I  âœ… Brilho da tela definido para MÃXIMO
2026-01-27 19:15:04.034 31809-31809 MainActivity            com.cdccreditsmart.app               D  ðŸ“ BroadcastReceiver de localizaÃ§Ã£o registrado
2026-01-27 19:15:04.076 31809-32131 PersistentStateManager  com.cdccreditsmart.app               D  Nenhum estado local encontrado
2026-01-27 19:15:04.076 31809-32131 PersistentStateManager  com.cdccreditsmart.app               D  ðŸ†• Sem estado local - device novo ou pÃ³s factory reset
2026-01-27 19:15:04.076 31809-32131 MainActivity            com.cdccreditsmart.app               I  ðŸ†• Device nunca foi provisionado
2026-01-27 19:15:04.110 31809-31809 MainActivity            com.cdccreditsmart.app               I  âœ… App Ã© Device Owner - permissÃµes serÃ£o concedidas automaticamente
2026-01-27 19:15:04.700 31809-31809 PermissionGateManager   com.cdccreditsmart.app               W  âš ï¸ Device Owner: 1 permissÃ£o(Ãµes) pendente(s)
2026-01-27 19:15:04.700 31809-31809 PermissionGateManager   com.cdccreditsmart.app               W     â†’ Falta: Acesso ao Uso de Apps
2026-01-27 19:15:05.006 31809-32131 SettingsGuardService    com.cdccreditsmart.app               D  ðŸ“‹ Activity check - Full: null, Simple: null
2026-01-27 19:15:05.054 31809-32032 OpenGLRenderer          com.cdccreditsmart.app               E  Unable to match the desired swap behavior.
2026-01-27 19:15:05.062 31809-6378  mali_gralloc            com.cdccreditsmart.app               D  register: id=33500000efc, handle=0xb4000078dc5d47f0, importpid=-1, gRegisteredHandles=0
2026-01-27 19:15:05.069 31809-6378  mali_gralloc            com.cdccreditsmart.app               D  register: id=33500000efd, handle=0xb4000078dc5d5c30, importpid=-1, gRegisteredHandles=1
2026-01-27 19:15:05.075 31809-6378  mali_gralloc            com.cdccreditsmart.app               D  register: id=33500000efe, handle=0xb4000078dc5d4a30, importpid=-1, gRegisteredHandles=2
2026-01-27 19:15:05.082 31809-6378  mali_gralloc            com.cdccreditsmart.app               D  register: id=33500000eff, handle=0xb4000078dc5d9b30, importpid=-1, gRegisteredHandles=3
2026-01-27 19:15:05.248 31809-31832 OpenGLRenderer          com.cdccreditsmart.app               I  Davey! duration=1080ms; Flags=1, FrameTimelineVsyncId=1353203, IntendedVsync=6988122447620, Vsync=6988222412024, InputEventId=0, HandleInputStart=6988231643616, AnimationStart=6988231651732, PerformTraversalsStart=6988231656116, DrawStart=6989119941346, FrameDeadline=6988134558731, FrameInterval=6988231198886, FrameStartTime=11107156, SyncQueued=6989186505462, SyncStart=6989206180616, IssueDrawCommandsStart=6989206394154, SwapBuffers=6989216966962, FrameCompleted=6989222544654, DequeueBufferDuration=16308, QueueBufferDuration=598692, GpuCompleted=6989222544654, SwapBuffersCompleted=6989220535500, DisplayPresentTime=0, CommandSubmissionCompleted=6989216966962, 
2026-01-27 19:15:05.258 31809-31809 PermissionGateScreen    com.cdccreditsmart.app               I  ðŸ” VERIFICAÃ‡ÃƒO INICIAL DE PERMISSÃ•ES:
2026-01-27 19:15:05.258 31809-31809 PermissionGateScreen    com.cdccreditsmart.app               I     NÃ­vel: DEVICE_OWNER
2026-01-27 19:15:05.258 31809-31809 PermissionGateScreen    com.cdccreditsmart.app               I     Todas concedidas: false
2026-01-27 19:15:05.259 31809-31809 PermissionGateScreen    com.cdccreditsmart.app               I     Bateria isenta: true
2026-01-27 19:15:05.259 31809-31809 PermissionGateScreen    com.cdccreditsmart.app               W     âŒ FALTA: Acesso ao Uso de Apps
2026-01-27 19:15:05.259 31809-31809 PermissionGateScreen    com.cdccreditsmart.app               I     âœ… OK: PermissÃµes BÃ¡sicas
2026-01-27 19:15:05.259 31809-31809 PermissionGateScreen    com.cdccreditsmart.app               I     âœ… OK: Mostrar Alertas
2026-01-27 19:15:05.259 31809-31809 PermissionGateScreen    com.cdccreditsmart.app               I     âœ… OK: ExecuÃ§Ã£o em Segundo Plano
2026-01-27 19:15:05.259 31809-31809 PermissionGateScreen    com.cdccreditsmart.app               I  ========================================
2026-01-27 19:15:05.259 31809-31809 PermissionGateScreen    com.cdccreditsmart.app               I  ðŸšª PERMISSION GATE SCREEN INICIADO
2026-01-27 19:15:05.259 31809-31809 PermissionGateScreen    com.cdccreditsmart.app               I  ========================================
2026-01-27 19:15:05.259 31809-31809 PermissionGateScreen    com.cdccreditsmart.app               I  NÃ­vel de privilÃ©gio: DEVICE_OWNER
2026-01-27 19:15:05.259 31809-31809 PermissionGateScreen    com.cdccreditsmart.app               I  PermissÃµes concedidas: 3
2026-01-27 19:15:05.259 31809-31809 PermissionGateScreen    com.cdccreditsmart.app               I  PermissÃµes faltando: 1
2026-01-27 19:15:05.259 31809-31809 PermissionGateScreen    com.cdccreditsmart.app               W    âŒ Acesso ao Uso de Apps
2026-01-27 19:15:05.260 31809-31809 PermissionGateScreen    com.cdccreditsmart.app               I    âœ… PermissÃµes BÃ¡sicas
2026-01-27 19:15:05.260 31809-31809 PermissionGateScreen    com.cdccreditsmart.app               I    âœ… Mostrar Alertas
2026-01-27 19:15:05.260 31809-31809 PermissionGateScreen    com.cdccreditsmart.app               I    âœ… ExecuÃ§Ã£o em Segundo Plano
2026-01-27 19:15:05.260 31809-31809 PermissionGateScreen    com.cdccreditsmart.app               I  ========================================
2026-01-27 19:15:05.260 31809-31809 PermissionGateScreen    com.cdccreditsmart.app               D  â° Iniciando verificaÃ§Ã£o periÃ³dica de permissÃµes (a cada 3s)...
2026-01-27 19:15:05.263 31809-31809 Choreographer           com.cdccreditsmart.app               I  Skipped 89 frames!  The application may be doing too much work on its main thread.
2026-01-27 19:15:05.298 31809-31832 OpenGLRenderer          com.cdccreditsmart.app               I  Davey! duration=1020ms; Flags=0, FrameTimelineVsyncId=1353304, IntendedVsync=6988244610453, Vsync=6989233112449, InputEventId=0, HandleInputStart=6989244667077, AnimationStart=6989244674269, PerformTraversalsStart=6989253743808, DrawStart=6989254220731, FrameDeadline=6989245274331, FrameInterval=6989241160654, FrameStartTime=11106764, SyncQueued=6989259543731, SyncStart=6989259655385, IssueDrawCommandsStart=6989259765346, SwapBuffers=6989261569346, FrameCompleted=6989265382539, DequeueBufferDuration=19923, QueueBufferDuration=271000, GpuCompleted=6989265382539, SwapBuffersCompleted=6989262433462, DisplayPresentTime=0, CommandSubmissionCompleted=6989261569346, 
2026-01-27 19:15:08.019 31809-32131 SettingsGuardService    com.cdccreditsmart.app               D  ðŸ“‹ Activity check - Full: null, Simple: null
2026-01-27 19:15:10.284 31809-31809 SettingsGuardService    com.cdccreditsmart.app               I  â¸ï¸ Guard PAUSADO para fluxo de permissÃµes (timeout: 30s)
2026-01-27 19:15:11.035 31809-32131 SettingsGuardService    com.cdccreditsmart.app               I  â–¶ï¸ App CDC em foreground - fluxo de permissÃ£o concluÃ­do
2026-01-27 19:15:11.035 31809-32131 SettingsGuardService    com.cdccreditsmart.app               I  â–¶ï¸ Guard RETOMADO apÃ³s fluxo de permissÃµes
2026-01-27 19:15:11.449 31809-32032 mali_gralloc            com.cdccreditsmart.app               D  unregister: id=33500000efe, handle=0xb4000078dc5d4a30, base=0x0, importpid=31809, count:0
2026-01-27 19:15:11.450 31809-32032 mali_gralloc            com.cdccreditsmart.app               D  unregister: id=33500000eff, handle=0xb4000078dc5d9b30, base=0x0, importpid=31809, count:0
2026-01-27 19:15:11.543 31809-31809 mali_gralloc            com.cdccreditsmart.app               D  unregister: id=33500000efc, handle=0xb4000078dc5d47f0, base=0x0, importpid=31809, count:0
2026-01-27 19:15:11.543 31809-31809 mali_gralloc            com.cdccreditsmart.app               D  unregister: id=33500000efd, handle=0xb4000078dc5d5c30, base=0x0, importpid=31809, count:0
2026-01-27 19:15:12.980 31809-6360  FA                      com.cdccreditsmart.app               I  Application backgrounded at: timestamp_millis: 1769552110974
2026-01-27 19:15:16.829 31809-32032 OpenGLRenderer          com.cdccreditsmart.app               E  Unable to match the desired swap behavior.
2026-01-27 19:15:16.832 31809-6569  mali_gralloc            com.cdccreditsmart.app               D  register: id=33500000f1d, handle=0xb4000078dc5d6f50, importpid=-1, gRegisteredHandles=0
2026-01-27 19:15:16.833 31809-6569  mali_gralloc            com.cdccreditsmart.app               D  register: id=33500000f1e, handle=0xb4000078dc5d1e50, importpid=-1, gRegisteredHandles=1
2026-01-27 19:15:16.884 31809-6569  mali_gralloc            com.cdccreditsmart.app               D  register: id=33500000f1f, handle=0xb4000078dc5d7bb0, importpid=-1, gRegisteredHandles=2
2026-01-27 19:15:16.891 31809-6569  mali_gralloc            com.cdccreditsmart.app               D  register: id=33500000f20, handle=0xb4000078dc5d9350, importpid=-1, gRegisteredHandles=3
2026-01-27 19:15:17.054 31809-32131 SettingsGuardService    com.cdccreditsmart.app               D  ðŸ“‹ Activity check - Full: null, Simple: null
2026-01-27 19:15:17.301 31809-31809 PermissionGateManager   com.cdccreditsmart.app               I  âœ… Device Owner: Todas as permissÃµes especiais concedidas!
2026-01-27 19:15:17.304 31809-31809 PermissionGateScreen    com.cdccreditsmart.app               I  âœ… TODAS AS PERMISSÃ•ES CONCEDIDAS! Prosseguindo para o app...
2026-01-27 19:15:17.304 31809-31809 SettingsGuardService    com.cdccreditsmart.app               I  â–¶ï¸ Guard RETOMADO apÃ³s fluxo de permissÃµes
2026-01-27 19:15:18.333 31809-31809 DeviceOwnerCheckVM      com.cdccreditsmart.app               I  ========================================
2026-01-27 19:15:18.333 31809-31809 DeviceOwnerCheckVM      com.cdccreditsmart.app               I  ðŸ” Verificando status de Device Owner...
2026-01-27 19:15:19.062 31809-31809 Choreographer           com.cdccreditsmart.app               I  Skipped 34 frames!  The application may be doing too much work on its main thread.
2026-01-27 19:15:19.078 31809-31830 OpenGLRenderer          com.cdccreditsmart.app               I  Davey! duration=1006ms; Flags=0, FrameTimelineVsyncId=1360928, IntendedVsync=7002036443033, Vsync=7002436222265, InputEventId=0, HandleInputStart=7002446829760, AnimationStart=7002446836260, PerformTraversalsStart=7002456823991, DrawStart=7002457124568, FrameDeadline=7002469546400, FrameInterval=7002446281683, FrameStartTime=16657468, SyncQueued=7002460564375, SyncStart=7002460840875, IssueDrawCommandsStart=7002461155837, SwapBuffers=7003036385760, FrameCompleted=7003042799490, DequeueBufferDuration=39000, QueueBufferDuration=291231, GpuCompleted=7003042799490, SwapBuffersCompleted=7003037315183, DisplayPresentTime=0, CommandSubmissionCompleted=7003036385760, 
2026-01-27 19:15:19.079 31809-31809 DeviceUtils             com.cdccreditsmart.app               D  Device Owner check: true
2026-01-27 19:15:19.079 31809-31809 DeviceUtils             com.cdccreditsmart.app               D  Samsung device: false (Manufacturer: realme)
2026-01-27 19:15:19.080 31809-31809 DeviceOwnerCheckVM      com.cdccreditsmart.app               I  âœ… Dispositivo Ã© Device Owner - permitindo acesso ao app
2026-01-27 19:15:19.080 31809-31809 DeviceOwnerCheckVM      com.cdccreditsmart.app               I  ========================================
2026-01-27 19:15:19.127 31809-31809 SettingsGuardService    com.cdccreditsmart.app               I  â–¶ï¸ Guard RETOMADO apÃ³s fluxo de permissÃµes
2026-01-27 19:15:19.168 31809-31809 RouterViewModel         com.cdccreditsmart.app               D  ðŸš€ Iniciando verificaÃ§Ã£o de autenticaÃ§Ã£o...
2026-01-27 19:15:19.189 31809-32131 AuthOrchestrator        com.cdccreditsmart.app               D  ðŸ” Verificando autenticaÃ§Ã£o...
2026-01-27 19:15:19.211 31809-32131 AuthOrchestrator        com.cdccreditsmart.app               D  ðŸŒ Conectividade: ONLINE
2026-01-27 19:15:19.211 31809-32131 AuthOrchestrator        com.cdccreditsmart.app               D  ðŸ”„ ========== AUTO-DISCOVERY INICIADO ==========
2026-01-27 19:15:19.291 31809-32131 DeviceUtils             com.cdccreditsmart.app               D  IMEI retrieved successfully: 8608***
2026-01-27 19:15:19.291 31809-32131 AuthOrchestrator        com.cdccreditsmart.app               D  ðŸ“± IMEI obtido: 8608***718
2026-01-27 19:15:19.291 31809-32131 AuthOrchestrator        com.cdccreditsmart.app               D  ðŸ” Tentando auto-discovery...
2026-01-27 19:15:19.291 31809-32131 AuthOrchestrator        com.cdccreditsmart.app               D     Endpoint: GET /api/apk/discover/860875074339718
2026-01-27 19:15:19.565 31809-6617  okhttp.OkHttpClient     com.cdccreditsmart.app               I  --> GET https://cdccreditsmart.com/api/apk/discover/860875074339718
2026-01-27 19:15:19.566 31809-6617  okhttp.OkHttpClient     com.cdccreditsmart.app               I  --> END GET
2026-01-27 19:15:19.767 31809-6617  TrafficStats            com.cdccreditsmart.app               D  tagSocket(145) with statsTag=0xffffffff, statsUid=-1
2026-01-27 19:15:20.076 31809-32131 SettingsGuardService    com.cdccreditsmart.app               I  âœ… USAGE_STATS concedida
2026-01-27 19:15:20.087 31809-32131 SettingsGuardService    com.cdccreditsmart.app               I  ðŸ“¢ NotificaÃ§Ã£o de permissÃ£o USAGE_STATS cancelada
2026-01-27 19:15:20.818 31809-6617  okhttp.OkHttpClient     com.cdccreditsmart.app               I  <-- 200 https://cdccreditsmart.com/api/apk/discover/860875074339718 (1251ms)
2026-01-27 19:15:20.819 31809-6617  okhttp.OkHttpClient     com.cdccreditsmart.app               I  access-control-allow-credentials: true
2026-01-27 19:15:20.819 31809-6617  okhttp.OkHttpClient     com.cdccreditsmart.app               I  access-control-allow-headers: Origin, X-Requested-With, Content-Type, Accept, Authorization, x-client-key, x-client-token, x-client-secret, cache-control
2026-01-27 19:15:20.819 31809-6617  okhttp.OkHttpClient     com.cdccreditsmart.app               I  access-control-allow-methods: GET, POST, PUT, PATCH, DELETE, OPTIONS
2026-01-27 19:15:20.820 31809-6617  okhttp.OkHttpClient     com.cdccreditsmart.app               I  access-control-allow-origin: *
2026-01-27 19:15:20.820 31809-6617  okhttp.OkHttpClient     com.cdccreditsmart.app               I  access-control-max-age: 86400
2026-01-27 19:15:20.820 31809-6617  okhttp.OkHttpClient     com.cdccreditsmart.app               I  content-length: 861
2026-01-27 19:15:20.820 31809-6617  okhttp.OkHttpClient     com.cdccreditsmart.app               I  content-security-policy: default-src 'self'; script-src 'self' 'unsafe-inline' 'unsafe-eval' https://replit.com; style-src 'self' 'unsafe-inline' https://replit.com; img-src 'self' data: https:; font-src 'self' data: https://replit.com; connect-src 'self';
2026-01-27 19:15:20.820 31809-6617  okhttp.OkHttpClient     com.cdccreditsmart.app               I  content-type: application/json; charset=utf-8
2026-01-27 19:15:20.821 31809-6617  okhttp.OkHttpClient     com.cdccreditsmart.app               I  date: Tue, 27 Jan 2026 22:15:20 GMT
2026-01-27 19:15:20.821 31809-6617  okhttp.OkHttpClient     com.cdccreditsmart.app               I  etag: W/"35d-d98ZW0IQZCq8g4fVaAQUnXN2Rn8"
2026-01-27 19:15:20.821 31809-6617  okhttp.OkHttpClient     com.cdccreditsmart.app               I  permissions-policy: geolocation=(), microphone=(), camera=()
2026-01-27 19:15:20.821 31809-6617  okhttp.OkHttpClient     com.cdccreditsmart.app               I  referrer-policy: strict-origin-when-cross-origin
2026-01-27 19:15:20.821 31809-6617  okhttp.OkHttpClient     com.cdccreditsmart.app               I  strict-transport-security: max-age=63072000; includeSubDomains
2026-01-27 19:15:20.822 31809-6617  okhttp.OkHttpClient     com.cdccreditsmart.app               I  strict-transport-security: max-age=31536000; includeSubDomains
2026-01-27 19:15:20.822 31809-6617  okhttp.OkHttpClient     com.cdccreditsmart.app               I  x-anti-fraud-protection: active
2026-01-27 19:15:20.822 31809-6617  okhttp.OkHttpClient     com.cdccreditsmart.app               I  x-certificate-pinning-enabled: false
2026-01-27 19:15:20.822 31809-6617  okhttp.OkHttpClient     com.cdccreditsmart.app               I  x-certificate-pinning-status: disabled-for-stability
2026-01-27 19:15:20.823 31809-6617  okhttp.OkHttpClient     com.cdccreditsmart.app               I  x-content-type-options: nosniff
2026-01-27 19:15:20.823 31809-6617  okhttp.OkHttpClient     com.cdccreditsmart.app               I  x-financial-data-protection: enabled
2026-01-27 19:15:20.823 31809-6617  okhttp.OkHttpClient     com.cdccreditsmart.app               I  x-frame-options: DENY
2026-01-27 19:15:20.824 31809-6617  okhttp.OkHttpClient     com.cdccreditsmart.app               I  x-transaction-security-level: maximum
2026-01-27 19:15:20.825 31809-6617  okhttp.OkHttpClient     com.cdccreditsmart.app               I  x-xss-protection: 1; mode=block
2026-01-27 19:15:20.825 31809-6617  okhttp.OkHttpClient     com.cdccreditsmart.app               I  via: 1.1 google
2026-01-27 19:15:20.825 31809-6617  okhttp.OkHttpClient     com.cdccreditsmart.app               I  alt-svc: h3=":443"; ma=2592000,h3-29=":443"; ma=2592000
2026-01-27 19:15:20.837 31809-6617  okhttp.OkHttpClient     com.cdccreditsmart.app               I  {"success":true,"device":{"id":"device_1769137280282_l7srjesg25","name":"REALME Note 60x","serialNumber":"QJ3H4MKG","imei":"860875074339718","imeiList":["860875074339718"],"meid":null,"meidList":null,"simSlotCount":1,"model":"Note 60x","brand":"REALME","status":"active","isBlocked":false,"blockReason":null},"customer":{"id":"f854a5cf-8b7e-4a66-a55f-a9f41948eb34","name":"Marcos Antunes","cpf":"06452784323","phone":"85981888810"},"connection":{"matchType":"imei_exact","useImei":"860875074339718","useSerialNumber":"QJ3H4MKG","useDeviceId":"device_1769137280282_l7srjesg25"},"token":"eyJhbGciOiJIUzI1NiIsInR5cCI6IkpXVCJ9.eyJ0eXBlIjoiYXBrIiwiZGV2aWNlSWQiOiJkZXZpY2VfMTc2OTEzNzI4MDI4Ml9sN3NyamVzZzI1IiwiaW1laSI6Ijg2MDg3NTA3NDMzOTcxOCIsInNlcmlhbE51bWJlciI6IlFKM0g0TUtHIiwiaWF0IjoxNzY5NTUyMTIwLCJleHAiOjE3NzczMjgxMjB9.Ow0Q76qgvDqmFxLVaVejn_-2PXewvmuCTRDErqyfXqE"}
2026-01-27 19:15:20.837 31809-6617  okhttp.OkHttpClient     com.cdccreditsmart.app               I  <-- END HTTP (861-byte body)
2026-01-27 19:15:20.854 31809-32131 AuthOrchestrator        com.cdccreditsmart.app               D  âœ… ========== AUTO-DISCOVERY BEM-SUCEDIDO ==========
2026-01-27 19:15:20.854 31809-32131 AuthOrchestrator        com.cdccreditsmart.app               D  âœ… Dispositivo encontrado:
2026-01-27 19:15:20.854 31809-32131 AuthOrchestrator        com.cdccreditsmart.app               D     - Nome: REALME Note 60x
2026-01-27 19:15:20.854 31809-32131 AuthOrchestrator        com.cdccreditsmart.app               D     - DeviceId: device_17691372...
2026-01-27 19:15:20.854 31809-32131 AuthOrchestrator        com.cdccreditsmart.app               D     - SerialNumber: QJ3H4MKG
2026-01-27 19:15:20.854 31809-32131 AuthOrchestrator        com.cdccreditsmart.app               D     - IMEI: 8608***718
2026-01-27 19:15:20.854 31809-32131 AuthOrchestrator        com.cdccreditsmart.app               D     - Status: active
2026-01-27 19:15:20.854 31809-32131 AuthOrchestrator        com.cdccreditsmart.app               D     - Bloqueado: false
2026-01-27 19:15:20.854 31809-32131 AuthOrchestrator        com.cdccreditsmart.app               D  âœ… Cliente:
2026-01-27 19:15:20.855 31809-32131 AuthOrchestrator        com.cdccreditsmart.app               D     - Nome: Marcos Antunes
2026-01-27 19:15:20.855 31809-32131 AuthOrchestrator        com.cdccreditsmart.app               D     - CPF: 064***
2026-01-27 19:15:20.855 31809-32131 AuthOrchestrator        com.cdccreditsmart.app               D  âœ… ConexÃ£o:
2026-01-27 19:15:20.855 31809-32131 AuthOrchestrator        com.cdccreditsmart.app               D     - Usar IMEI: 860875074339718
2026-01-27 19:15:20.855 31809-32131 AuthOrchestrator        com.cdccreditsmart.app               D     - Usar SerialNumber: QJ3H4MKG
2026-01-27 19:15:20.855 31809-32131 AuthOrchestrator        com.cdccreditsmart.app               D     - Usar DeviceId: device_1769137280282_l7srjesg25
2026-01-27 19:15:20.859 31809-32131 ContractCodeStorage     com.cdccreditsmart.app               D  Saving contract code to redundant storage
2026-01-27 19:15:21.229 31809-32131 ContractCodeStorage     com.cdccreditsmart.app               D  Saved to EncryptedPrefs
2026-01-27 19:15:21.504 31809-32131 ContractCodeStorage     com.cdccreditsmart.app               D  Successfully saved to file: .cdc_protected_code.enc
2026-01-27 19:15:21.504 31809-32131 ContractCodeStorage     com.cdccreditsmart.app               D  Saved to Protected Storage
2026-01-27 19:15:21.561 31809-32131 ContractCodeStorage     com.cdccreditsmart.app               D  Successfully saved to file: .cdc_contract_b1.enc
2026-01-27 19:15:21.608 31809-32131 ContractCodeStorage     com.cdccreditsmart.app               D  Successfully saved to file: .sys_device_cfg.enc
2026-01-27 19:15:21.659 31809-32131 ContractCodeStorage     com.cdccreditsmart.app               D  Successfully saved to file: .android_secure.enc
2026-01-27 19:15:21.728 31809-32131 ContractCodeStorage     com.cdccreditsmart.app               D  Contract code saved to ALL storage locations
2026-01-27 19:15:22.117 31809-32131 ContractCodeStorage     com.cdccreditsmart.app               D  Verification complete: 7/7 locations valid
2026-01-27 19:15:22.137 31809-32131 ContractCodeStorage     com.cdccreditsmart.app               D  Saving contract code to redundant storage
2026-01-27 19:15:22.160 31809-32131 ContractCodeStorage     com.cdccreditsmart.app               D  Saved to EncryptedPrefs
2026-01-27 19:15:22.169 31809-32131 ContractCodeStorage     com.cdccreditsmart.app               D  Deleted existing file: .cdc_protected_code.enc
2026-01-27 19:15:22.217 31809-32131 ContractCodeStorage     com.cdccreditsmart.app               D  Successfully saved to file: .cdc_protected_code.enc
2026-01-27 19:15:22.217 31809-32131 ContractCodeStorage     com.cdccreditsmart.app               D  Saved to Protected Storage
2026-01-27 19:15:22.218 31809-32131 ContractCodeStorage     com.cdccreditsmart.app               D  Deleted existing file: .cdc_contract_b1.enc
2026-01-27 19:15:22.268 31809-32131 ContractCodeStorage     com.cdccreditsmart.app               D  Successfully saved to file: .cdc_contract_b1.enc
2026-01-27 19:15:22.268 31809-32131 ContractCodeStorage     com.cdccreditsmart.app               D  Deleted existing file: .sys_device_cfg.enc
2026-01-27 19:15:22.346 31809-32131 ContractCodeStorage     com.cdccreditsmart.app               D  Successfully saved to file: .sys_device_cfg.enc
2026-01-27 19:15:22.347 31809-32131 ContractCodeStorage     com.cdccreditsmart.app               D  Deleted existing file: .android_secure.enc
2026-01-27 19:15:22.392 31809-32131 ContractCodeStorage     com.cdccreditsmart.app               D  Successfully saved to file: .android_secure.enc
2026-01-27 19:15:22.432 31809-32131 ContractCodeStorage     com.cdccreditsmart.app               D  Contract code saved to ALL storage locations
2026-01-27 19:15:22.717 31809-32131 ContractCodeStorage     com.cdccreditsmart.app               D  Verification complete: 7/7 locations valid
2026-01-27 19:15:22.717 31809-32131 SecureTokenStorage      com.cdccreditsmart.app               D  Device info saved successfully from auto-discovery
2026-01-27 19:15:22.717 31809-32131 SecureTokenStorage      com.cdccreditsmart.app               D    - DeviceId: device_17691372...
2026-01-27 19:15:22.717 31809-32131 SecureTokenStorage      com.cdccreditsmart.app               D    - SerialNumber: QJ3H4MKG
2026-01-27 19:15:22.717 31809-32131 SecureTokenStorage      com.cdccreditsmart.app               D    - IMEI: 8608***
2026-01-27 19:15:22.717 31809-32131 SecureTokenStorage      com.cdccreditsmart.app               D    - ContractCode: QJ3H4MKG
2026-01-27 19:15:22.717 31809-32131 AuthOrchestrator        com.cdccreditsmart.app               D  ðŸ’¾ Dados salvos:
2026-01-27 19:15:22.717 31809-32131 AuthOrchestrator        com.cdccreditsmart.app               D     - ContractCode: QJ3H4MKG
2026-01-27 19:15:22.717 31809-32131 AuthOrchestrator        com.cdccreditsmart.app               D     - DeviceId: device_17691372...
2026-01-27 19:15:22.717 31809-32131 AuthOrchestrator        com.cdccreditsmart.app               D     - IMEI: 8608***718
2026-01-27 19:15:22.721 31809-32131 SecureTokenStorage      com.cdccreditsmart.app               D  Auth token saved successfully (contract code via ContractCodeStorage, deviceId: null...)
2026-01-27 19:15:22.722 31809-32131 AuthOrchestrator        com.cdccreditsmart.app               D  âœ… [6/7] Token JWT obtido do discovery e salvo!
2026-01-27 19:15:22.722 31809-32131 AuthOrchestrator        com.cdccreditsmart.app               D     - Token: eyJhbGciOiJIUzI1NiIs...
2026-01-27 19:15:22.725 31809-32131 AuthOrchestrator        com.cdccreditsmart.app               D  ðŸŽ‰ ========== AUTO-DISCOVERY CONCLUÃDO ==========
2026-01-27 19:15:22.725 31809-32131 AuthOrchestrator        com.cdccreditsmart.app               D  âœ… Auto-conexÃ£o bem-sucedida - autenticaÃ§Ã£o OK!
2026-01-27 19:15:22.725 31809-32131 AuthOrchestrator        com.cdccreditsmart.app               I  ðŸ”§ Garantindo que CdcForegroundService estÃ¡ rodando...
2026-01-27 19:15:22.727 31809-32029 AuthOrchestrator        com.cdccreditsmart.app               D  ðŸ”” Registrando FCM token apÃ³s auto-discovery...
2026-01-27 19:15:22.732 31809-32029 FcmTokenManager         com.cdccreditsmart.app               D  ========== REGISTERING FCM TOKEN WITH BACKEND ==========
2026-01-27 19:15:22.739 31809-32131 CdcForegroundService    com.cdccreditsmart.app               I  âœ… ServiÃ§o iniciado via startService()
2026-01-27 19:15:22.739 31809-32131 AuthOrchestrator        com.cdccreditsmart.app               I  âœ… CdcForegroundService iniciado apÃ³s autenticaÃ§Ã£o
2026-01-27 19:15:22.744 31809-31809 RouterViewModel         com.cdccreditsmart.app               D  âœ… Autenticado com sucesso
2026-01-27 19:15:22.766 31809-32029 FcmTokenManager         com.cdccreditsmart.app               D  Current FCM token retrieved: coKlzWb0RjKetbB_FSkD...
2026-01-27 19:15:22.929 31809-31809 TermsAcceptanceStorage  com.cdccreditsmart.app               D  hasAcceptedTermsForContract(QJ3H4MKG): false (saved: null)
2026-01-27 19:15:22.929 31809-31809 RouterViewModel         com.cdccreditsmart.app               D  ðŸ“„ Termos NÃƒO aceitos - Ir para TERMS_ACCEPTANCE
2026-01-27 19:15:22.930 31809-31809 CdcForegroundService    com.cdccreditsmart.app               D  ðŸš€ ServiÃ§o onStartCommand() - Action: com.cdccreditsmart.app.START_SERVICE
2026-01-27 19:15:22.969 31809-31809 CdcForegroundService    com.cdccreditsmart.app               I  âœ… Foreground Service ativo (Android 12+)
2026-01-27 19:15:22.972 31809-32131 CdcForegroundService    com.cdccreditsmart.app               I  ðŸ”§ ========================================
2026-01-27 19:15:22.972 31809-32131 CdcForegroundService    com.cdccreditsmart.app               I  ðŸ”§ INICIANDO initializeServices()...
2026-01-27 19:15:22.972 31809-32131 CdcForegroundService    com.cdccreditsmart.app               I  ðŸ”§ ========================================
2026-01-27 19:15:22.972 31809-32131 CdcForegroundService    com.cdccreditsmart.app               D  âœ… ServiÃ§os base jÃ¡ inicializados
2026-01-27 19:15:23.030 31809-32029 FcmTokenManager         com.cdccreditsmart.app               D  Sending FCM token to backend (payload: {"fcmToken": "coKlzWb0RjKetbB_FSkD..."})
2026-01-27 19:15:23.032 31809-32029 FcmTokenManager         com.cdccreditsmart.app               D  Sending POST https://cdccreditsmart.com/api/apk/device/fcm-token...
2026-01-27 19:15:23.039 31809-32029 TrafficStats            com.cdccreditsmart.app               D  tagSocket(163) with statsTag=0xffffffff, statsUid=-1
2026-01-27 19:15:23.288 31809-32131 NetworkConnectivity     com.cdccreditsmart.app               D  âœ… Conectado via WiFi com internet
2026-01-27 19:15:23.288 31809-32131 SupportRepository       com.cdccreditsmart.app               I  ðŸ“¡ Buscando termos do servidor (version=latest)...
2026-01-27 19:15:23.503 31809-32030 SecureTokenStorage      com.cdccreditsmart.app               D  âœ… Usando IMEI para MDM: 8608***718
2026-01-27 19:15:23.503 31809-32030 CdcForegroundService    com.cdccreditsmart.app               I  ðŸ” AuthToken presente: true
2026-01-27 19:15:23.503 31809-32030 CdcForegroundService    com.cdccreditsmart.app               I  ðŸ” AuthToken length: 273
2026-01-27 19:15:23.503 31809-32030 CdcForegroundService    com.cdccreditsmart.app               I  ðŸ” ContractCode presente: true
2026-01-27 19:15:23.503 31809-32030 CdcForegroundService    com.cdccreditsmart.app               I  ðŸ” ContractCode value: QJ3H****
2026-01-27 19:15:23.504 31809-32030 CdcForegroundService    com.cdccreditsmart.app               I  ðŸ” MDM SerialNumber presente: true
2026-01-27 19:15:23.504 31809-32030 CdcForegroundService    com.cdccreditsmart.app               I  ðŸ” MDM SerialNumber value: 86087507...
2026-01-27 19:15:23.504 31809-32030 CdcForegroundService    com.cdccreditsmart.app               I  ðŸ”§ ========================================
2026-01-27 19:15:23.504 31809-32030 CdcForegroundService    com.cdccreditsmart.app               I  ðŸ”§ INICIALIZANDO MDM COM SERIAL NUMBER: 86087507...
2026-01-27 19:15:23.504 31809-32030 CdcForegroundService    com.cdccreditsmart.app               I  ðŸ”§ ========================================
2026-01-27 19:15:23.504 31809-32030 CdcForegroundService    com.cdccreditsmart.app               I  ðŸ” Tokens encontrados - inicializando serviÃ§os MDM
2026-01-27 19:15:23.504 31809-32030 CdcForegroundService    com.cdccreditsmart.app               D  ðŸ“¡ Criando MdmCommandReceiver (usando serialNumber do SecureTokenStorage)...
2026-01-27 19:15:23.535 31809-32030 MdmCommandReceiver      com.cdccreditsmart.app               D  âœ… Foreground service reference set for WakeLock management
2026-01-27 19:15:23.535 31809-32030 CdcForegroundService    com.cdccreditsmart.app               D  ðŸ”‹ Foreground service reference passada para MdmCommandReceiver
2026-01-27 19:15:23.535 31809-32030 CdcForegroundService    com.cdccreditsmart.app               I  ðŸ’“ ========================================
2026-01-27 19:15:23.535 31809-32030 CdcForegroundService    com.cdccreditsmart.app               I  ðŸ’“ INICIANDO HEARTBEAT MANAGER (60s)
2026-01-27 19:15:23.535 31809-32030 CdcForegroundService    com.cdccreditsmart.app               I  ðŸ’“ ========================================
2026-01-27 19:15:23.539 31809-32030 HeartbeatManager        com.cdccreditsmart.app               I  ðŸ’“ ========================================
2026-01-27 19:15:23.539 31809-32030 HeartbeatManager        com.cdccreditsmart.app               I  ðŸ’“ INICIANDO HEARTBEAT MANAGER (60s)
2026-01-27 19:15:23.539 31809-32030 HeartbeatManager        com.cdccreditsmart.app               I  ðŸ’“ ========================================
2026-01-27 19:15:23.539 31809-32030 HeartbeatManager        com.cdccreditsmart.app               I  ðŸ’“ Intervalo: 60 segundos
2026-01-27 19:15:23.539 31809-32030 HeartbeatManager        com.cdccreditsmart.app               I  ðŸ’“ Endpoint: POST /api/apk/device/heartbeat
2026-01-27 19:15:23.540 31809-32030 CdcForegroundService    com.cdccreditsmart.app               I  ðŸ’“ HeartbeatManager iniciado ANTES do WebSocket
2026-01-27 19:15:23.540 31809-32030 CdcForegroundService    com.cdccreditsmart.app               I  ðŸ“¡ ========================================
2026-01-27 19:15:23.540 31809-32030 CdcForegroundService    com.cdccreditsmart.app               I  ðŸ“¡ CONECTANDO WebSocket MDM...
2026-01-27 19:15:23.540 31809-32030 CdcForegroundService    com.cdccreditsmart.app               I  ðŸ“¡ ========================================
2026-01-27 19:15:23.540 31809-32030 CdcForegroundService    com.cdccreditsmart.app               I  ðŸ“¡ AuthToken length: 273 caracteres
2026-01-27 19:15:23.540 31809-32223 HeartbeatManager        com.cdccreditsmart.app               I  ðŸ’“ Enviando heartbeat IMEDIATO...
2026-01-27 19:15:23.541 31809-32030 CdcForegroundService    com.cdccreditsmart.app               I  ðŸ“¡ AuthToken preview: eyJhbGciOiJIUzI1NiIs...
2026-01-27 19:15:23.541 31809-32030 CdcForegroundService    com.cdccreditsmart.app               I  ðŸ“¡ Contract code: QJ3H4MKG
2026-01-27 19:15:23.541 31809-32030 CdcForegroundService    com.cdccreditsmart.app               I  ðŸ“¡ Chamando mdmReceiver.connectMdmWebSocket()...
2026-01-27 19:15:23.552 31809-32030 SecureTokenStorage      com.cdccreditsmart.app               D  âœ… Usando IMEI para MDM: 8608***718
2026-01-27 19:15:23.552 31809-32030 MdmCommandReceiver      com.cdccreditsmart.app               I  ðŸ”— ========================================
2026-01-27 19:15:23.552 31809-32030 MdmCommandReceiver      com.cdccreditsmart.app               I  ðŸ”— INICIANDO CONEXÃƒO WEBSOCKET MDM
2026-01-27 19:15:23.552 31809-32030 MdmCommandReceiver      com.cdccreditsmart.app               I  ðŸ”— ========================================
2026-01-27 19:15:23.552 31809-32030 MdmCommandReceiver      com.cdccreditsmart.app               I  ðŸ”— URL base: wss://cdccreditsmart.com/ws/mdm-policies
2026-01-27 19:15:23.552 31809-32030 MdmCommandReceiver      com.cdccreditsmart.app               I  ðŸ”— JWT Token presente: true
2026-01-27 19:15:23.552 31809-32030 MdmCommandReceiver      com.cdccreditsmart.app               I  ðŸ”— JWT Token length: 273
2026-01-27 19:15:23.552 31809-32030 MdmCommandReceiver      com.cdccreditsmart.app               I  ðŸ”— JWT Token preview: eyJhbGciOiJIUzI1NiIsInR5cCI6Ik...
2026-01-27 19:15:23.552 31809-32030 MdmCommandReceiver      com.cdccreditsmart.app               I  ðŸ”— Device identifier: 860875074339718
2026-01-27 19:15:23.555 31809-32030 MdmCommandReceiver      com.cdccreditsmart.app               D  ðŸ”— Criando WebSocket OkHttp...
2026-01-27 19:15:23.555 31809-32030 MdmCommandReceiver      com.cdccreditsmart.app               I  ðŸ”„ Iniciando polling IMEDIATAMENTE (nÃ£o esperar WebSocket)
2026-01-27 19:15:23.560 31809-32028 MdmCommandReceiver      com.cdccreditsmart.app               I  ðŸ”„ ========================================
2026-01-27 19:15:23.560 31809-32028 MdmCommandReceiver      com.cdccreditsmart.app               I  ðŸ”„ INICIANDO POLLING FALLBACK MDM
2026-01-27 19:15:23.560 31809-32028 MdmCommandReceiver      com.cdccreditsmart.app               I  ðŸ”„ ========================================
2026-01-27 19:15:23.560 31809-32028 MdmCommandReceiver      com.cdccreditsmart.app               I  ðŸ”„ Intervalo: 30 segundos
2026-01-27 19:15:23.560 31809-32028 MdmCommandReceiver      com.cdccreditsmart.app               I  ðŸ”„ Endpoint: GET /api/apk/device/{identifier}/commands
2026-01-27 19:15:23.560 31809-32028 MdmCommandReceiver      com.cdccreditsmart.app               I  ðŸ”„ Executando verificaÃ§Ã£o IMEDIATA de comandos...
2026-01-27 19:15:23.580 31809-32030 MdmCommandReceiver      com.cdccreditsmart.app               D  ðŸ”— WebSocket request enviado - aguardando resposta...
2026-01-27 19:15:23.580 31809-32030 CdcForegroundService    com.cdccreditsmart.app               I  ðŸ“¡ ========================================
2026-01-27 19:15:23.580 31809-32030 CdcForegroundService    com.cdccreditsmart.app               I  ðŸ“¡ connectMdmWebSocket() CHAMADO - Aguardando conexÃ£o...
2026-01-27 19:15:23.580 31809-32030 CdcForegroundService    com.cdccreditsmart.app               I  ðŸ“¡ PrÃ³ximo log esperado: 'âœ… WebSocket MDM CONECTADO'
2026-01-27 19:15:23.580 31809-32030 CdcForegroundService    com.cdccreditsmart.app               I  ðŸ“¡ ========================================
2026-01-27 19:15:23.580 31809-32030 CdcForegroundService    com.cdccreditsmart.app               D  ðŸ“¡ Criando WebSocketManager (flow-status)...
2026-01-27 19:15:23.581 31809-32223 HeartbeatManager        com.cdccreditsmart.app               D  ðŸ’“ Usando authToken (fallback)
2026-01-27 19:15:23.582 31809-32030 WebSocketManager        com.cdccreditsmart.app               D  Connecting to WebSocket: wss://cdccreditsmart.com/ws/flow-status
2026-01-27 19:15:23.585 31809-32028 SecureTokenStorage      com.cdccreditsmart.app               D  âœ… Usando IMEI para MDM: 8608***718
2026-01-27 19:15:23.585 31809-32028 MdmCommandReceiver      com.cdccreditsmart.app               I  ðŸ” ========================================
2026-01-27 19:15:23.585 31809-32028 MdmCommandReceiver      com.cdccreditsmart.app               I  ðŸ” BUSCANDO COMANDOS PENDENTES
2026-01-27 19:15:23.585 31809-32028 MdmCommandReceiver      com.cdccreditsmart.app               I  ðŸ” ========================================
2026-01-27 19:15:23.585 31809-32028 MdmCommandReceiver      com.cdccreditsmart.app               I  ðŸ” Identifier: 860875074339718
2026-01-27 19:15:23.585 31809-32028 MdmCommandReceiver      com.cdccreditsmart.app               I  ðŸ” Endpoint: GET /api/apk/device/860875074339718/commands
2026-01-27 19:15:23.585 31809-32030 CdcForegroundService    com.cdccreditsmart.app               I  ðŸ“¡ WebSocketManager inicializado
2026-01-27 19:15:23.585 31809-32030 CdcForegroundService    com.cdccreditsmart.app               I  ðŸ’¡ Overlay automÃ¡tico: PeriodicOverlayWorker (a cada 10min)
2026-01-27 19:15:23.588 31809-32028 MdmCommandReceiver      com.cdccreditsmart.app               D  ðŸ” Executando requisiÃ§Ã£o HTTP (timeout: 15s)...
2026-01-27 19:15:23.593 31809-6692  TrafficStats            com.cdccreditsmart.app               D  tagSocket(177) with statsTag=0xffffffff, statsUid=-1
2026-01-27 19:15:23.604 31809-32030 HeartbeatWorker         com.cdccreditsmart.app               I  âœ… Heartbeat OTIMIZADO agendado via WorkManager
2026-01-27 19:15:23.606 31809-32030 HeartbeatWorker         com.cdccreditsmart.app               I     ðŸ“Š Intervalo: 60min (reduÃ§Ã£o de 75% vs 15min)
2026-01-27 19:15:23.606 31809-32030 HeartbeatWorker         com.cdccreditsmart.app               I     ðŸŽ¯ Economia: ~72 requisiÃ§Ãµes/dia por dispositivo
2026-01-27 19:15:23.606 31809-32223 HeartbeatManager        com.cdccreditsmart.app               D  ðŸ’“ Payload do heartbeat:
2026-01-27 19:15:23.606 31809-32223 HeartbeatManager        com.cdccreditsmart.app               D     deviceToken: eyJhbGciOiJIUzI1NiIs...
2026-01-27 19:15:23.606 31809-32223 HeartbeatManager        com.cdccreditsmart.app               D     currentBlockLevel: 0
2026-01-27 19:15:23.606 31809-32223 HeartbeatManager        com.cdccreditsmart.app               D     batteryLevel: 88
2026-01-27 19:15:23.606 31809-32223 HeartbeatManager        com.cdccreditsmart.app               D     isCharging: true
2026-01-27 19:15:23.606 31809-32223 HeartbeatManager        com.cdccreditsmart.app               D     currentSimImei: 860875...
2026-01-27 19:15:23.612 31809-32030 IconProtectionWorker    com.cdccreditsmart.app               I  ðŸ“Œ IconProtectionWorker agendado (15 min)
2026-01-27 19:15:23.615 31809-6693  TrafficStats            com.cdccreditsmart.app               D  tagSocket(195) with statsTag=0xffffffff, statsUid=-1
2026-01-27 19:15:23.628 31809-32030 IconProtectionWorker    com.cdccreditsmart.app               I  ðŸ“Œ IconProtectionWorker executando agora
2026-01-27 19:15:23.628 31809-32030 CdcForegroundService    com.cdccreditsmart.app               I  ðŸ“Œ Worker de proteÃ§Ã£o do Ã­cone agendado e executando
2026-01-27 19:15:23.630 31809-32030 BlockingNotifWorker     com.cdccreditsmart.app               I  ðŸ“… Agendando verificaÃ§Ã£o de notificaÃ§Ãµes de bloqueio...
2026-01-27 19:15:23.631 31809-32030 BlockingNotifWorker     com.cdccreditsmart.app               I  âœ… Worker agendado para executar a cada 6h
2026-01-27 19:15:23.632 31809-32030 CdcForegroundService    com.cdccreditsmart.app               I  ðŸ“± Worker de notificaÃ§Ãµes de bloqueio agendado
2026-01-27 19:15:23.632 31809-32030 CdcForegroundService    com.cdccreditsmart.app               I  ðŸ“¦ ========================================
2026-01-27 19:15:23.632 31809-32030 CdcForegroundService    com.cdccreditsmart.app               I  ðŸ“¦ APK PRELOAD PARA FACTORY RESET (Multi-Fabricante)
2026-01-27 19:15:23.632 31809-32030 CdcForegroundService    com.cdccreditsmart.app               I  ðŸ“¦ ========================================
2026-01-27 19:15:23.647 31809-32030 ApkPreloadManager       com.cdccreditsmart.app               I  ðŸ“± Fabricante detectado: realme
2026-01-27 19:15:23.657 31809-32030 CdcForegroundService    com.cdccreditsmart.app               I  ðŸ“¦ APK em preload: false
2026-01-27 19:15:23.715 31809-32030 CdcForegroundService    com.cdccreditsmart.app               I  ðŸ“¦ Construindo manifesto:
2026-01-27 19:15:23.715 31809-32030 CdcForegroundService    com.cdccreditsmart.app               I     ContractCode: QJ3H4MKG...
2026-01-27 19:15:23.716 31809-32030 CdcForegroundService    com.cdccreditsmart.app               I     DeviceId: device_176...
2026-01-27 19:15:23.716 31809-32030 CdcForegroundService    com.cdccreditsmart.app               I     IMEI: 860875...
2026-01-27 19:15:23.718 31809-32030 CdcForegroundService    com.cdccreditsmart.app               I  ðŸ“¦ Salvando manifesto de enrollment para auto-reativaÃ§Ã£o
2026-01-27 19:15:23.718 31809-32030 ApkPreloadManager       com.cdccreditsmart.app               I  ========================================
2026-01-27 19:15:23.718 31809-32030 ApkPreloadManager       com.cdccreditsmart.app               I  ðŸ“¦ INSTALANDO APK NO PRELOAD (Multi-Fabricante)
2026-01-27 19:15:23.718 31809-32030 ApkPreloadManager       com.cdccreditsmart.app               I  ========================================
2026-01-27 19:15:23.729 31809-32030 ApkPreloadManager       com.cdccreditsmart.app               I  ðŸ“ APK fonte: /data/app/~~kG-Ix_KaOe18CENoT35o-w==/com.cdccreditsmart.app-ZtAoLMB45DeXSJs9M4bMRg==/base.apk
2026-01-27 19:15:23.729 31809-32030 ApkPreloadManager       com.cdccreditsmart.app               I  ðŸ“± Android 34 (14)
2026-01-27 19:15:23.729 31809-32030 ApkPreloadManager       com.cdccreditsmart.app               I  ðŸ“± Fabricante: realme
2026-01-27 19:15:23.729 31809-32030 ApkPreloadManager       com.cdccreditsmart.app               I  ðŸ“± Marca: realme
2026-01-27 19:15:23.729 31809-32030 ApkPreloadManager       com.cdccreditsmart.app               I  ðŸ“± Produto: RMX3938
2026-01-27 19:15:23.729 31809-32030 ApkPreloadManager       com.cdccreditsmart.app               I  ðŸ“± Modelo: RMX3938
2026-01-27 19:15:23.729 31809-32030 ApkPreloadManager       com.cdccreditsmart.app               I  ðŸ“± Fabricante detectado: realme
2026-01-27 19:15:23.730 31809-32030 ApkPreloadManager       com.cdccreditsmart.app               I  ðŸ” Caminhos de preload a tentar: 6
2026-01-27 19:15:23.730 31809-32030 ApkPreloadManager       com.cdccreditsmart.app               D     1. /data/realme/preload/apps
2026-01-27 19:15:23.730 31809-32030 ApkPreloadManager       com.cdccreditsmart.app               D     2. /data/system/device_owner_data/preloads
2026-01-27 19:15:23.730 31809-32030 ApkPreloadManager       com.cdccreditsmart.app               D     3. /data/system/device_owner_data
2026-01-27 19:15:23.730 31809-32030 ApkPreloadManager       com.cdccreditsmart.app               D     4. /data/oppo_commonsys/preload
2026-01-27 19:15:23.730 31809-32030 ApkPreloadManager       com.cdccreditsmart.app               D     5. /data/preloads/apps
2026-01-27 19:15:23.730 31809-32030 ApkPreloadManager       com.cdccreditsmart.app               D     6. /data/preload/apps
2026-01-27 19:15:23.730 31809-32030 ApkPreloadManager       com.cdccreditsmart.app               I  
2026-01-27 19:15:23.730 31809-32030 ApkPreloadManager       com.cdccreditsmart.app               I  ðŸ“‚ Tentando: /data/realme/preload/apps
2026-01-27 19:15:23.731 31809-32030 ApkPreloadManager       com.cdccreditsmart.app               I     ðŸ“ DiretÃ³rio nÃ£o existe - tentando criar...
2026-01-27 19:15:23.732 31809-32030 ApkPreloadManager       com.cdccreditsmart.app               W     âš ï¸ NÃ£o foi possÃ­vel criar diretÃ³rio
2026-01-27 19:15:23.733 31809-32030 ApkPreloadManager       com.cdccreditsmart.app               I  
2026-01-27 19:15:23.733 31809-32030 ApkPreloadManager       com.cdccreditsmart.app               I  ðŸ“‚ Tentando: /data/system/device_owner_data/preloads
2026-01-27 19:15:23.733 31809-32030 ApkPreloadManager       com.cdccreditsmart.app               I     ðŸ“ DiretÃ³rio nÃ£o existe - tentando criar...
2026-01-27 19:15:23.734 31809-32030 ApkPreloadManager       com.cdccreditsmart.app               W     âš ï¸ NÃ£o foi possÃ­vel criar diretÃ³rio
2026-01-27 19:15:23.734 31809-32030 ApkPreloadManager       com.cdccreditsmart.app               I  
2026-01-27 19:15:23.734 31809-32030 ApkPreloadManager       com.cdccreditsmart.app               I  ðŸ“‚ Tentando: /data/system/device_owner_data
2026-01-27 19:15:23.734 31809-32030 ApkPreloadManager       com.cdccreditsmart.app               I     ðŸ“ DiretÃ³rio nÃ£o existe - tentando criar...
2026-01-27 19:15:23.734 31809-32030 ApkPreloadManager       com.cdccreditsmart.app               W     âš ï¸ NÃ£o foi possÃ­vel criar diretÃ³rio
2026-01-27 19:15:23.734 31809-32030 ApkPreloadManager       com.cdccreditsmart.app               I  
2026-01-27 19:15:23.734 31809-32030 ApkPreloadManager       com.cdccreditsmart.app               I  ðŸ“‚ Tentando: /data/oppo_commonsys/preload
