2025-12-09 12:19:01.270   957-992   AppThermalMode          pid-957                              I  [perfNotifyThermalState] appThermalIdx -1:
2025-12-09 12:19:01.270   957-992   libPerfCtl              pid-957                              I  xgfGetFPS pid:14217 fps:-1
2025-12-09 12:19:01.270   957-992   AppThermalMode          pid-957                              I  [perfNotifyThermalState] hdl:0
2025-12-09 12:19:01.270   957-992   AppThermalMode          pid-957                              I  [findAppThermalIdx] Fail: appThermalModeEnable: 0,currentFPS: 120,fg->pid:3605
2025-12-09 12:19:01.270   957-992   AppThermalMode          pid-957                              I  [perfNotifyThermalState] appThermalIdx -1:
2025-12-09 12:19:01.277 20674-20674 Finsky                  pid-20674                            I  [2] aawx.k(28): SettingNotFoundException, fall through to G.downloadBytesOverMobileMaximum
2025-12-09 12:19:01.277 20674-20674 Settings                pid-20674                            W  Setting download_manager_recommended_max_bytes_over_mobile has moved from android.provider.Settings.Secure to android.provider.Settings.Global.
2025-12-09 12:19:01.284 20674-20699 Finsky                  pid-20674                            W  [1243] mcq.d(17): For unauth, use getDfeApiNonAuthenticated() instead!
2025-12-09 12:19:01.305  1561-3457  ActivityManager         pid-1561                             V  Death received in com.android.server.am.ActivityManagerService$AppDeathRecipient@f9fb591 for thread android.os.BinderProxy@f78acf6
2025-12-09 12:19:01.306  1561-3457  ActivityManager         pid-1561                             I  Process com.android.vending:background (pid 9622) has died: cch+5 CEM 
2025-12-09 12:19:01.306  1561-3457  ActivityManager         pid-1561                             I  need getLruProcesses
2025-12-09 12:19:01.306   907-907   Zygote                  pid-907                              I  Process 9622 exited due to signal 9 (Killed)
2025-12-09 12:19:01.307  1561-3457  os.Activit...erviceLice pid-1561                             D  make process inactive com.android.vending:background(9622)
2025-12-09 12:19:01.310  1561-1833  libprocessgroup         pid-1561                             I  Removed cgroup /sys/fs/cgroup/uid_10111/pid_9622
2025-12-09 12:19:01.314  1561-3457  ActivityManager         pid-1561                             W  Scheduling restart of crashed service com.android.vending/com.google.android.finsky.multiusercoordinator.MultiUserCoordinatorService in 1000ms for connection
2025-12-09 12:19:01.317 20674-20674 Finsky                  pid-20674                            I  [2] aawx.j(31): SettingNotFoundException, fall through to G.downloadBytesOverMobileRecommended
2025-12-09 12:19:01.321  1561-3457  mtkpower_client         pid-1561                             I  [PowerHal_Wrap_notifyAppState] com.android.vending/com.android.vending pid=9622 activityId:9622 state:3
2025-12-09 12:19:01.322  1561-3457  mtkpower_client         pid-1561                             I  [Legacy][PowerHal_Wrap_notifyAppState] com.android.vending/com.android.vending pid=9622 state:9622
2025-12-09 12:19:01.324   957-1017  libPowerHal             pid-957                              I  [perfNotifyAppState] pack:com.android.vending, act:com.android.vending, state:3, pid:9622, uid:10111, fps:120
2025-12-09 12:19:01.325   957-1017  libPowerHal             pid-957                              I  [perfNotifyAppState] pack:com.android.vending, pid:9622, STATE_DEAD
2025-12-09 12:19:01.325   957-1017  RilUtility              pid-957                              D  notify_rild_crash_pid_set certPid:-1, crash:9622, scn:0x0
2025-12-09 12:19:01.348 12583-13241 Kolun_AI                pid-12583                            I  PreventAccidentalTouchScene:orientationRunnable: 0
2025-12-09 12:19:01.348  4948-5916  Kolun_AI                pid-4948                             I  PreventAccidentalTouchScene:orientationRunnable: 0
2025-12-09 12:19:01.386  1561-2970  InetDiagMessage         pid-1561                             D  Destroyed 0 sockets, proto=IPPROTO_TCP, family=AF_INET, states=14
2025-12-09 12:19:01.388  1561-2970  InetDiagMessage         pid-1561                             D  Destroyed 0 sockets, proto=IPPROTO_TCP, family=AF_INET6, states=14
2025-12-09 12:19:01.388  1561-2970  InetDiagMessage         pid-1561                             D  Destroyed live tcp sockets for uids={10226} in 6ms
2025-12-09 12:19:01.389  1561-2970  InetDiagMessage         pid-1561                             D  Destroyed 0 sockets, proto=IPPROTO_TCP, family=AF_INET, states=14
2025-12-09 12:19:01.394  1561-2970  InetDiagMessage         pid-1561                             D  Destroyed 0 sockets, proto=IPPROTO_TCP, family=AF_INET6, states=14
2025-12-09 12:19:01.394  1561-2970  InetDiagMessage         pid-1561                             D  Destroyed live tcp sockets for uids={20226} in 6ms
2025-12-09 12:19:01.395 20674-20747 Volley                  pid-20674                            D  [1271] apzl.b: Cache cleared.
2025-12-09 12:19:01.397 20674-20741 Volley                  pid-20674                            D  [1264] apzl.b: Cache cleared.
2025-12-09 12:19:01.408  3605-3605  TrBubbleTextView        pid-3605                             W  Credit Smart setAlpha: alpha is 0
2025-12-09 12:19:01.408  3605-3605  TrBubbleTextView        pid-3605                             W  Credit Smart setAlpha: alpha is 0
2025-12-09 12:19:01.415  3605-3605  TrBubbleTextView        pid-3605                             W  Credit Smart setAlpha: alpha is 0
2025-12-09 12:19:01.418 20674-20695 Finsky                  pid-20674                            I  [1239] rhv.d(1): registerListener
2025-12-09 12:19:01.442  1561-1711  ActivityManager         pid-1561                             W  Rescheduling restart of crashed service com.android.vending/com.google.android.finsky.multiusercoordinator.MultiUserCoordinatorService in 29875ms for mem-pressure-event
2025-12-09 12:19:01.460 20674-20695 Finsky                  pid-20674                            I  [1239] rcb.h(44): DFS: Listener added for prx@1628043
2025-12-09 12:19:01.461 20674-20695 Finsky                  pid-20674                            I  [1239] rhv.d(1): registerListener
2025-12-09 12:19:01.467 20674-20752 TranClassInfo           pid-20674                            D  instance successfully. com.transsion.hubcore.database.sqlite.TranSQLiteDatabaseImpl@8910b3e from com.transsion.hubcore.database.sqlite.ITranSQLiteDatabase
2025-12-09 12:19:01.468 20674-20752 TranClassInfo           pid-20674                            D  instance successfully. com.transsion.hubcore.spdopts.others.implement.TranSQLiteDatabaseComponentImpl@722dd9f from com.transsion.hubcore.spdcomponent.ITranSQLiteDatabaseComponent
2025-12-09 12:19:01.469 20674-20695 Finsky                  pid-20674                            I  [1239] yat.s(75): Enqueuing libraries load for 0
2025-12-09 12:19:01.475  1561-1711  ActivityManager         pid-1561                             W  Rescheduling restart of crashed service com.android.vending/com.google.android.finsky.externalreferrer.GetInstallReferrerService in 69875ms for mem-pressure-event
2025-12-09 12:19:01.493 20674-20717 Finsky                  pid-20674                            I  [1257] yat.t(12): Starting libraries load for 0
2025-12-09 12:19:01.500  3605-3605  TrJankMonitorWrapper    pid-3605                             I  =============end==============cujType:10112
2025-12-09 12:19:01.501  3605-3682  ClockWakeHelper         pid-3605                             D  tryWakeClock, LastClockWakeTime: 1765293400261
2025-12-09 12:19:01.503  1561-1712  mtkpower_client         pid-1561                             I  perf_lock_rel, hdl:1007, tid:1712
2025-12-09 12:19:01.504   957-1017  libPowerHal             pid-957                              I  [thermal ux] update cluster0 to freqToSet:1800000 maxToSet:2000000
2025-12-09 12:19:01.505   957-1017  libPowerHal             pid-957                              I  [thermal ux] update cluster1 to freqToSet:2000000 maxToSet:2200000
2025-12-09 12:19:01.505   957-1017  libPowerHal             pid-957                              I  [setClusterFreq] MTKPOWER_HINT_IN_LAUNCHER: sysfs_freq set cpu freq: 1800000 -1 2000000 -1 
2025-12-09 12:19:01.505   957-1017  libPowerHal             pid-957                              I  [unsetGPUFreq] current min:10, max:0; scn_gpu_min:10, scn_gpu_max:-1; scn_gpu_min(HL):-1, scn_gpu_max(HL):-1
2025-12-09 12:19:01.505   957-1017  libPowerHal             pid-957                              I  MTKPOWER_HINT_IN_LAUNCHER: set gpu opp level: 15
2025-12-09 12:19:01.505   957-1017  libPowerHal             pid-957                              I  MTKPOWER_HINT_IN_LAUNCHER: set gpu opp level max: 0
2025-12-09 12:19:01.505   957-1017  libPowerHal             pid-957                              I  [setGPUFreq] Soft min/max = (15, 0); Hard min/max = (44, 0)
2025-12-09 12:19:01.505   957-1017  libPowerHal             pid-957                              I  [setGPUFreq] final min/max = (15, 0)
2025-12-09 12:19:01.505   957-1017  libPowerHal             pid-957                              I  MTKPOWER_HINT_IN_LAUNCHER: set gpu opp level: 15
2025-12-09 12:19:01.505   957-1017  libPowerHal             pid-957                              I  MTKPOWER_HINT_IN_LAUNCHER: set gpu opp level max: 0
2025-12-09 12:19:01.505   957-1017  libPowerHal             pid-957                              I  [PD] MTKPOWER_HINT_IN_LAUNCHER update cmd:c0c200 param:798
2025-12-09 12:19:01.506  1561-1712  mtkpower_client         pid-1561                             I  perf_lock_rel, hdl:1008, tid:1712
2025-12-09 12:19:01.507  3605-3605  StatsLog                pid-3605                             I  LAUNCHER_SWIPERIGHT
2025-12-09 12:19:01.508   957-1017  libPowerHal             pid-957                              I  [unsetGPUFreq] current min:15, max:0; scn_gpu_min:15, scn_gpu_max:-1; scn_gpu_min(HL):-1, scn_gpu_max(HL):-1
2025-12-09 12:19:01.508   957-1017  libPowerHal             pid-957                              I  [setGPUFreq] Soft min/max = (15, 0); Hard min/max = (44, 0)
2025-12-09 12:19:01.508   957-1017  libPowerHal             pid-957                              I  [setGPUFreq] final min/max = (15, 0)
2025-12-09 12:19:01.508   957-1017  libPowerHal             pid-957                              I  MTKPOWER_HINT_UX_SCROLLING: set gpu opp level: 15
2025-12-09 12:19:01.508   957-1017  libPowerHal             pid-957                              I  MTKPOWER_HINT_UX_SCROLLING: set gpu opp level max: 0
2025-12-09 12:19:01.509 20674-20697 Finsky                  pid-20674                            I  [1241] apgp.<init>(4): VerifyApps: Setup app restrictions monitor
2025-12-09 12:19:01.516 20674-20697 Finsky                  pid-20674                            I  [1241] appf.b(9): VerifyApps: Device wide unknown source restriction updated
2025-12-09 12:19:01.521  3605-3605  Smart_BaseWidget        pid-3605                             W  onWidgetInVisible: widgetId=21, appWidgetId=4, onScreenPageChanged
2025-12-09 12:19:01.521  3605-3605  Smart_BaseWidget        pid-3605                             I  onWidgetInVisible: widgetId=21, appWidgetId=4, fromAllApps=false
2025-12-09 12:19:01.553  1561-1662  ApplicationHelper       pid-1561                             E  Fail to get PackageManager
2025-12-09 12:19:01.565 20674-20694 Volley                  pid-20674                            D  [1238] apzk.b: Cache cleared.
2025-12-09 12:19:01.575  1561-1837  tranpm/BehaviorManager  pid-1561                             D  onMemPressureChange : level 0
2025-12-09 12:19:01.578 20674-20674 Finsky                  pid-20674                            I  [2] mgt.m(309): This process start was not selected for Play memory metrics collection.
2025-12-09 12:19:01.589  1561-1711  ActivityManager         pid-1561                             W  Rescheduling restart of crashed service com.android.vending/com.google.android.finsky.multiusercoordinator.MultiUserCoordinatorService in 9725ms for mem-pressure-event
2025-12-09 12:19:01.589  1561-1711  ActivityManager         pid-1561                             W  Rescheduling restart of crashed service com.android.vending/com.google.android.finsky.externalreferrer.GetInstallReferrerService in 29725ms for mem-pressure-event
2025-12-09 12:19:01.613   957-1017  mtkpower@impl           pid-957                              I  [powerd_req] TIMER_MSG_PERF_LOCK_TIMEOUT hdl:1005
2025-12-09 12:19:01.613   957-1017  libPowerHal             pid-957                              I  [PD] MTKPOWER_HINT_EXT_LAUNCH update cmd:2020000 param:0
2025-12-09 12:19:01.616   957-1017  libPowerHal             pid-957                              I  [PD] MTKPOWER_HINT_EXT_LAUNCH update cmd:1404300 param:0
2025-12-09 12:19:01.616   957-1017  libPowerHal             pid-957                              I  [PD] MTKPOWER_HINT_EXT_LAUNCH update cmd:2054400, param:1
2025-12-09 12:19:01.621   957-1017  libPowerHal             pid-957                              I  [PD] MTKPOWER_HINT_EXT_LAUNCH update cmd:1000000 param:-1
2025-12-09 12:19:01.637  1561-1638  system_server           pid-1561                             I  Background concurrent mark compact GC freed 73MB AllocSpace bytes, 829(24MB) LOS objects, 37% free, 81MB/129MB, paused 3.630ms,8.220ms total 1.124s
2025-12-09 12:19:01.654  1561-1662  ApplicationHelper       pid-1561                             E  Fail to get PackageManager
2025-12-09 12:19:01.657  1561-1662  ApplicationHelper       pid-1561                             E  Fail to get PackageManager
2025-12-09 12:19:01.671  1561-1662  ApplicationHelper       pid-1561                             E  Fail to get PackageManager
2025-12-09 12:19:01.682 20674-20697 Finsky                  pid-20674                            I  [1241] mgp.g(167): RECEIVER_SINGLE_USER_SETTINGS#logWorkEndAndFinishGoAsync: SUCCESS
2025-12-09 12:19:01.682  1561-1837  tranpm/BehaviorManager  pid-1561                             D  onMemPressureChange : level 1
2025-12-09 12:19:01.685   957-1017  mtkpower@impl           pid-957                              I  [powerd_req] TIMER_MSG_PERF_LOCK_TIMEOUT hdl:1003
2025-12-09 12:19:01.686   957-1017  libPowerHal             pid-957                              I  [setClusterFreq] INTERACTION: sysfs_freq set cpu freq: -1 1300000 -1 1300000 
2025-12-09 12:19:01.686   957-1017  libPowerHal             pid-957                              I  [setClusterHardFreq] INTERACTION: hard userlimit set cpu freq: -1 1300000 -1 1300000
2025-12-09 12:19:01.686   957-1017  libPowerHal             pid-957                              I  [setClusterFreq] INTERACTION: sysfs_freq set cpu freq: -1 1300000 -1 1300000 
2025-12-09 12:19:01.686   957-1017  libPowerHal             pid-957                              I  [unsetGPUFreq] current min:15, max:0; scn_gpu_min:15, scn_gpu_max:-1; scn_gpu_min(HL):-1, scn_gpu_max(HL):-1
2025-12-09 12:19:01.686   957-1017  libPowerHal             pid-957                              I  INTERACTION: set gpu opp level: 44
2025-12-09 12:19:01.686   957-1017  libPowerHal             pid-957                              I  INTERACTION: set gpu opp level max: 0
2025-12-09 12:19:01.686   957-1017  libPowerHal             pid-957                              I  [setGPUFreq] Soft min/max = (44, 0); Hard min/max = (44, 0)
2025-12-09 12:19:01.686   957-1017  libPowerHal             pid-957                              I  [setGPUFreq] final min/max = (44, 0)
2025-12-09 12:19:01.686   957-1017  libPowerHal             pid-957                              I  INTERACTION: set gpu opp level: 44
2025-12-09 12:19:01.686   957-1017  libPowerHal             pid-957                              I  INTERACTION: set gpu opp level max: 0
2025-12-09 12:19:01.687   957-1017  libPowerHal             pid-957                              I  [PD] INTERACTION update cmd:1408100 param:0
2025-12-09 12:19:01.687  1561-1662  ApplicationHelper       pid-1561                             E  Fail to get PackageManager
2025-12-09 12:19:01.687  1561-1662  ApplicationHelper       pid-1561                             E  Fail to get PackageManager
2025-12-09 12:19:01.688   957-1017  libPowerHal             pid-957                              I  [PD] INTERACTION update cmd:1408300 param:0
2025-12-09 12:19:01.689   957-1017  libPowerHal             pid-957                              I  [PD] INTERACTION update cmd:300c000 param:0
2025-12-09 12:19:01.690 20674-20674 Finsky                  pid-20674                            I  [2] prm.onSubscriptionsChanged(6): onSubscriptionsChanged
2025-12-09 12:19:01.690   957-1017  libPowerHal             pid-957                              I  [PD] INTERACTION update cmd:2050000 param:1
2025-12-09 12:19:01.693  1561-1640  System                  pid-1561                             W  A resource failed to call HardwareBuffer.close. 
2025-12-09 12:19:01.693  1561-1640  System                  pid-1561                             W  A resource failed to call close. 
2025-12-09 12:19:01.715  1561-1663  BackupManagerService    pid-1561                             D  mUserServices size: 0
2025-12-09 12:19:01.766 20674-20717 Finsky                  pid-20674                            I  [1257] yat.t(353): Finished loading 0 libraries.
2025-12-09 12:19:01.769 10449-10449 BoundBrokerSvc          pid-10449                            D  onBind: Intent { act=com.google.android.gms.safetynet.service.START pkg=com.google.android.gms }
2025-12-09 12:19:01.769 10449-10449 BoundBrokerSvc          pid-10449                            D  Loading bound service for intent: Intent { act=com.google.android.gms.safetynet.service.START pkg=com.google.android.gms }
2025-12-09 12:19:01.790  1561-1910  libtrancpufreqtime      pid-1561                             D  [doPollPsi:227] cpu psi is high, 500ms at 1s window
2025-12-09 12:19:01.844   940-982   android.ha...ervice.mtk pid-940                              W  parseMsg: Get from client TYPE=thermal_hal_notify NAME=SKIN
2025-12-09 12:19:01.844   940-982   android.ha...ervice.mtk pid-940                              W  parseMsg:name.c_str():SKIN
2025-12-09 12:19:01.844   940-982   android.ha...ervice.mtk pid-940                              W  parseMsg:tz notify:SKIN
2025-12-09 12:19:01.844   940-982   android.ha...ervice.mtk pid-940                              I  Wait to accept a connection
2025-12-09 12:19:01.844   940-982   android.ha...l@2.0-impl pid-940                              I  Sending notification:  Type: SKIN Name: SKIN CurrentValue: 48.714 ThrottlingStatus: SEVERE
2025-12-09 12:19:01.844   940-982   android.ha...l@2.0-impl pid-940                              I  sendThermalChangedCallback
2025-12-09 12:19:01.880   524-524   lowmemorykiller         pid-524                              I  TranMemoryInfo: vmstat time slice: 1100
2025-12-09 12:19:01.880   524-524   lowmemorykiller         pid-524                              I  TranMemoryInfo: PSI stat: 12, 8.53, 11.23, 5.23, 2.84
2025-12-09 12:19:01.880   524-524   lowmemorykiller         pid-524                              I  TranMemoryInfo: vmstat: 2374, 6, 83513, 0, 8125
2025-12-09 12:19:01.881   524-524   lowmemorykiller         pid-524                              D  TranMemoryInfo: kswapd pgscan_kswapd 8251994 to 8363174, pgsteal_kswapd 5312319 to 5395832, stime 8023 to 8125
2025-12-09 12:19:01.881   524-524   lowmemorykiller         pid-524                              I  TranMemoryInfo: kswapd has been run.
2025-12-09 12:19:01.881   524-524   lowmemorykiller         pid-524                              I  TranMemoryInfo: kswapd reclaim amount : 83513 pages
2025-12-09 12:19:01.881   524-524   lowmemorykiller         pid-524                              I  TranMemoryInfo: kswapd reclaim efficiency : 327 KB/ms
2025-12-09 12:19:01.885  3605-3682  PackageUpdatedTask      pid-3605                             I  Package updated: mOp=UPDATE packages=[com.transsion.deskclock]
2025-12-09 12:19:01.908 13900-20478 Finsky                  pid-13900                            I  [973] agrc.q(56): SCH: jobFinished: 10-3. TimeElapsed: 14873ms.
2025-12-09 12:19:01.908 13900-20478 Finsky                  pid-13900                            W  [973] agrr.j(19): SCH: Controller has no job when job 10-3 checks state.
2025-12-09 12:19:01.920  3605-3682  OsIcons-BaseIconCache   pid-3605                             D  addIconToDBAndMemCache: cachingLogic = com.android.launcher3.icons.LauncherActivityCachingLogic@ec678c, replaceExisting = false, pkg = com.transsion.deskclock
2025-12-09 12:19:01.920  3605-3682  OsIcons-BaseIconCache   pid-3605                             D  addIconToDBAndMemCache: entry = null, pkg = com.transsion.deskclock
2025-12-09 12:19:01.939 17613-17613 Athena                  pid-17613                            E  ------------------------------------------------------------
2025-12-09 12:19:01.939 17613-17613 Athena                  pid-17613                            E  
2025-12-09 12:19:01.940 17613-17613 Athena                  pid-17613                            E  Athena is in DEBUG or TEST mode, should not release this APK [com.transsion.livewallpaper.page]
2025-12-09 12:19:01.940 17613-17613 Athena                  pid-17613                            E  
2025-12-09 12:19:01.940 17613-17613 Athena                  pid-17613                            E  ------------------------------------------------------------
2025-12-09 12:19:01.947 12583-13241 Kolun_AI                pid-12583                            I  PreventAccidentalTouchScene:orientationRunnable: 0
2025-12-09 12:19:01.947  4948-5916  Kolun_AI                pid-4948                             I  PreventAccidentalTouchScene:orientationRunnable: 0
2025-12-09 12:19:01.954  3605-3682  OsIcons-IconProvider    pid-3605                             D  trGetIconWithOverrides: icon = re.a@63e6780, packageName = com.transsion.deskclock
2025-12-09 12:19:01.982  3605-3605  StatsLog                pid-3605                             I  LAUNCHER_ALLAPPS_COUNT
2025-12-09 12:19:01.989  1561-3457  FileUtils               pid-1561                             D  Rounded bytes from 8055652352 to 16000000000
2025-12-09 12:19:01.990  3605-3682  ModelDbController       pid-3605                             I  update: table = favorites, values = options=0 intent=#Intent;action=android.intent.action.MAIN;category=android.intent.category.LAUNCHER;launchFlags=0x10200000;component=com.transsion.deskclock/.DeskClock;end profileId=0 screen=0 container=32 restored=0 icon=[B@b966ef1 rank=1 category=3 cellX=1 cellY=0 spanX=1 spanY=1 title=Clock itemType=0
2025-12-09 12:19:01.994 20674-20699 Finsky                  pid-20674                            I  [1243] ahxj.<init>(20): Initializing pausers from value store.
2025-12-09 12:19:01.995 20674-20699 Finsky                  pid-20674                            I  [1243] aqam.i(42): IQ::HLD: Callers (Pausers) in PauseUpdatesCallersValueStore: []
2025-12-09 12:19:01.995  3605-3605  SuggestionWidgetManager pid-3605                             I  SuggestionWidgetManager onBindWorkspaceItemsChanged 0
2025-12-09 12:19:01.995  3605-3811  Api                     pid-3605                             D  get LauncherDataServiceImpl from cache
2025-12-09 12:19:01.995  3605-3811  Api                     pid-3605                             D  get LauncherDataServiceImpl from cache
2025-12-09 12:19:01.995  3605-3811  Api                     pid-3605                             D  get LauncherDataServiceImpl from cache
2025-12-09 12:19:01.995  3605-3811  Api                     pid-3605                             D  get LauncherDataServiceImpl from cache
2025-12-09 12:19:01.995  3605-3811  Api                     pid-3605                             D  get LauncherDataServiceImpl from cache
2025-12-09 12:19:01.995  3605-3811  Api                     pid-3605                             D  get LauncherDataServiceImpl from cache
2025-12-09 12:19:01.996  3605-3811  SuggestionWidgetManager pid-3605                             I  SuggestionWidgetManager onBindWorkspaceItemsChanged : 0, false
2025-12-09 12:19:01.996  3605-3811  SuggestionWidgetManager pid-3605                             I  SuggestionWidgetManager onBindWorkspaceItemsChanged : isSugListContainsPkgList:false []
2025-12-09 12:19:02.002  1561-1831  ActivityManager         pid-1561                             I  Waited long enough for: ServiceRecord{7bb08b3 u0 com.transsion.plat.appupdate/com.android.hundsup.PushService c:com.transsion.plat.appupdate}
2025-12-09 12:19:02.006  3605-3605  DynamicUpdater          pid-3605                             I  startClockTimer: not start clock timer
2025-12-09 12:19:02.022   929-1197  hwcomposer              pid-929                              I  [HWCDisplay] [Display_0 (type:1)] fps:100.144447,dur:1078.44,max:125.50,min:7.34  
2025-12-09 12:19:02.052  1561-1831  ActivityManager         pid-1561                             I  Waited long enough for: ServiceRecord{742dc93 u0 com.transsion.plat.appupdate/com.android.remindmessage.service.CacheService c:com.transsion.plat.appupdate}
2025-12-09 12:19:02.056   907-907   Zygote                  pid-907                              D  Forked child process 20770
2025-12-09 12:19:02.059  1561-1832  ActivityManager         pid-1561                             I  Start proc 20770:com.android.vending:background/u0a111 for service {com.android.vending/com.google.frameworks.client.data.android.server.play.BackgroundProcessEndpointService}
2025-12-09 12:19:02.071 20770-20770 ding:background         pid-20770                            I  Using CollectorTypeCMC GC.
2025-12-09 12:19:02.074 20770-20770 ding:background         pid-20770                            E  Not starting debugger since process cannot load the jdwp agent.
2025-12-09 12:19:02.078 20770-20770 nativeloader            pid-20770                            D  Load libframework-connectivity-tiramisu-jni.so using APEX ns com_android_tethering for caller /apex/com.android.tethering/javalib/framework-connectivity-t.jar: ok
2025-12-09 12:19:02.080 20674-20694 Finsky                  pid-20674                            I  [1238] aqam.e(43): SysUA: Disable SystemUpdateActivity, because no login account
2025-12-09 12:19:02.081 20674-20726 Finsky                  pid-20674                            I  [1261] alsb.run(124): SysCUA: Set {com.android.vending/com.google.android.finsky.systemcomponentupdateui.common.SystemComponentUpdateActivity} enabled state to 0
2025-12-09 12:19:02.083 20674-20721 Finsky                  pid-20674                            I  [1259] alsb.run(78): Set UnhibernateActivity enabled state to 1
2025-12-09 12:19:02.083 20674-20717 Finsky                  pid-20674                            I  [1257] ndh.run(761): RemoteSetup: Set {com.android.vending/com.google.android.finsky.remotesetup.PlayRemoteSetupActivity} enabled state to 1
2025-12-09 12:19:02.084 20770-20770 TranInstanceHelper      pid-20770                            W  Failed to instance com.transsion.hubcore.linkplus.implement.app.TranActivityThreadLinkplusImpl, java.lang.ClassNotFoundException: com.transsion.hubcore.linkplus.implement.app.TranActivityThreadLinkplusImpl
2025-12-09 12:19:02.085 20770-20770 TranClassInfo           pid-20770                            D  instance successfully. com.transsion.hubcore.app.TranActivityThreadImpl@4a6edbd from com.transsion.hubcore.app.ITranActivityThread
2025-12-09 12:19:02.086 20674-20726 Finsky                  pid-20674                            I  [1261] alsb.run(41): SysUA: Set SystemUpdateActivity enabled state to 2
2025-12-09 12:19:02.088 20770-20770 os.SingleLice           pid-20770                            D  instance successfully. com.transsion.widget.v3.FloatingToolbarLice@4b0ffb2 from com.transsion.widget.FloatingToolbarLiceFactory
2025-12-09 12:19:02.088 20770-20770 os.SingleLiceFactory    pid-20770                            D  instance successfully. com.transsion.widget.v3.FloatingToolbarLice@4b0ffb2 from android.app.IActivityThreadLice
2025-12-09 12:19:02.089 20770-20770 os.SingleLice           pid-20770                            D  instance successfully. com.transsion.common.v1.CommonLice@2f14b03 from com.transsion.common.CommonLiceFactory
2025-12-09 12:19:02.089 20770-20770 os.SingleLiceFactory    pid-20770                            D  instance successfully. com.transsion.common.v1.CommonLice@2f14b03 from android.app.IActivityThreadLice
2025-12-09 12:19:02.090 20770-20770 os.SingleLiceFactory    pid-20770                            D  instance successfully. com.transsion.typeface.v1.TypefaceLice@cea0a80 from android.app.IActivityThreadLice
2025-12-09 12:19:02.091 20770-20770 os.SingleLiceFactory    pid-20770                            D  using android.app.IActivityThreadLice$DefaultImpl@dd9a8b9 instead of com.transsion.sun.SunLiceFactory  from android.app.IActivityThreadLice
2025-12-09 12:19:02.091 20770-20770 os.SingleLice           pid-20770                            D  instance successfully. com.transsion.fdleak.FdLeakLice@f2b64fe from com.transsion.fdleak.FdLeakLiceFactory
2025-12-09 12:19:02.091 20770-20770 os.SingleLiceFactory    pid-20770                            D  instance successfully. com.transsion.fdleak.FdLeakLice@f2b64fe from android.app.IActivityThreadLice
2025-12-09 12:19:02.091 20770-20770 os.LiceInfo             pid-20770                            D  instance successfully. com.transsion.app.ActivityThreadLice@8b3945f from android.app.IActivityThreadLice
2025-12-09 12:19:02.095  1561-3457  ActivityManager         pid-1561                             V  New death recipient com.android.server.am.ActivityManagerService$AppDeathRecipient@38aee8e for thread android.os.BinderProxy@6ab06af
2025-12-09 12:19:02.101  1561-3457  os.Activit...erviceLice pid-1561                             D  make process active com.android.vending:background(20770)
2025-12-09 12:19:02.103  1561-1662  ApplicationHelper       pid-1561                             E  Fail to get PackageManager
2025-12-09 12:19:02.107 20770-20770 TranClassInfo           pid-20770                            D  instance successfully. com.transsion.hubcore.graphics.TranGraphicImpl@c254eac from com.transsion.hubcore.graphics.ITranGraphic
2025-12-09 12:19:02.107 20770-20770 os.SingleLiceFactory    pid-20770                            D  instance successfully. com.transsion.typeface.v1.TypefaceLice@cea0a80 from android.graphics.IGraphicLice
2025-12-09 12:19:02.108 20770-20770 os.LiceInfo             pid-20770                            D  instance successfully. com.transsion.graphics.GraphicLice@ee31775 from android.graphics.IGraphicLice
2025-12-09 12:19:02.109 20770-20770 CompatChangeReporter    pid-20770                            D  Compat change id reported: 202956589; UID 10111; state: ENABLED
2025-12-09 12:19:02.114 20770-20770 DebugTheme...emeUpdated pid-20770                            D  reload start !TranResourcesUtils.isRunningOnSystemServer()=true currentForegroundUser=0
2025-12-09 12:19:02.115  1561-1837  tranpm/BehaviorManager  pid-1561                             D  onMemPressureChange : level 2
2025-12-09 12:19:02.120 20770-20770 ApplicationLoaders      pid-20770                            D  Returning zygote-cached class loader: /system/framework/org.apache.http.legacy.jar
2025-12-09 12:19:02.120 20770-20770 ApplicationLoaders      pid-20770                            D  Returning zygote-cached class loader: /system_ext/framework/androidx.window.extensions.jar
2025-12-09 12:19:02.120 20770-20770 ApplicationLoaders      pid-20770                            D  Returning zygote-cached class loader: /system_ext/framework/androidx.window.sidecar.jar
2025-12-09 12:19:02.127 13900-13912 android.vending         pid-13900                            W  ApkAssets: Deleting an ApkAssets object '<empty> and /product/priv-app/PrivateComputeServices/PrivateComputeServices.apk' with 1 weak references
2025-12-09 12:19:02.129 13900-13912 android.vending         pid-13900                            W  ApkAssets: Deleting an ApkAssets object '<empty> and /apex/com.android.devicelock/priv-app/DeviceLockControllerGoogle@343201000/DeviceLockControllerGoogle.apk' with 1 weak references
2025-12-09 12:19:02.129 13900-13912 android.vending         pid-13900                            W  ApkAssets: Deleting an ApkAssets object '/product/overlay/GoogleDeviceLockControllerOverlay.apk' with 1 weak references
2025-12-09 12:19:02.130 13900-13912 android.vending         pid-13900                            W  ApkAssets: Deleting an ApkAssets object '<empty> and /system_ext/priv-app/XLauncher/XLauncher.apk' with 1 weak references
2025-12-09 12:19:02.132 13900-13912 android.vending         pid-13900                            W  ApkAssets: Deleting an ApkAssets object '<empty> and /product/priv-app/MagicTouch/MagicTouch.apk' with 1 weak references
2025-12-09 12:19:02.132 13900-13912 android.vending         pid-13900                            W  ApkAssets: Deleting an ApkAssets object '<empty> and /system/priv-app/BuiltInPrintService/BuiltInPrintService.apk' with 1 weak references
2025-12-09 12:19:02.133 13900-13912 android.vending         pid-13900                            W  ApkAssets: Deleting an ApkAssets object '<empty> and /product/priv-app/Wellbeing/Wellbeing.apk' with 1 weak references
2025-12-09 12:19:02.135 13900-13912 android.vending         pid-13900                            W  ApkAssets: Deleting an ApkAssets object '<empty> and /system_ext/app/OSSettingsExt/OSSettingsExt.apk' with 1 weak references
2025-12-09 12:19:02.136 13900-13912 android.vending         pid-13900                            W  ApkAssets: Deleting an ApkAssets object '<empty> and /product/app/pictorial_011_012/pictorial_011_012.apk' with 1 weak references
2025-12-09 12:19:02.137 20770-20770 nativeloader            pid-20770                            D  InitLlndkLibrariesProduct: libEGL.so:libGLESv1_CM.so:libGLESv2.so:libGLESv3.so:libRS.so:libandroid_net.so:libapexsupport.so:libbinder_ndk.so:libc.so:libcgrouprc.so:libclang_rt.asan-aarch64-android.so:libclang_rt.asan-arm-android.so:libclang_rt.hwasan-aarch64-android.so:libcom.android.tethering.connectivity_native.so:libdl.so:libft2.so:liblog.so:libm.so:libmediandk.so:libnativewindow.so:libneuralnetworks.so:libselinux.so:libsync.so:libvendorsupport.so:libvndksupport.so:libvulkan.so
2025-12-09 12:19:02.137 20770-20770 nativeloader            pid-20770                            D  Configuring product-clns-7 for unbundled product apk /product/priv-app/Phonesky/Phonesky.apk. target_sdk_version=35, uses_libraries=, library_path=/product/priv-app/Phonesky/lib/arm64:/product/priv-app/Phonesky/Phonesky.apk!/lib/arm64-v8a:/product/lib64:/system/product/lib64, permitted_path=/data:/mnt/expand:/data/user/0/com.android.vending:/product/lib64:/system/product/lib64
2025-12-09 12:19:02.137 13900-13912 android.vending         pid-13900                            W  ApkAssets: Deleting an ApkAssets object '<empty> and /system/app/CaptivePortalLoginGoogle/CaptivePortalLoginGoogle.apk' with 1 weak references
2025-12-09 12:19:02.138 13900-13912 android.vending         pid-13900                            W  ApkAssets: Deleting an ApkAssets object '<empty> and /system/app/CaptivePortalLoginGoogle/CaptivePortalLoginGoogle-hdpi.apk' with 1 weak references
2025-12-09 12:19:02.138 13900-13912 android.vending         pid-13900                            W  ApkAssets: Deleting an ApkAssets object '<empty> and /system/app/CaptivePortalLoginGoogle/CaptivePortalLoginGoogle-ldpi.apk' with 1 weak references
2025-12-09 12:19:02.138 13900-13912 android.vending         pid-13900                            W  ApkAssets: Deleting an ApkAssets object '<empty> and /system/app/CaptivePortalLoginGoogle/CaptivePortalLoginGoogle-mdpi.apk' with 1 weak references
2025-12-09 12:19:02.138 20770-20770 nativeloader            pid-20770                            D  InitVndkspLibrariesProduct: VNDK is deprecated with product
2025-12-09 12:19:02.138 13900-13912 android.vending         pid-13900                            W  ApkAssets: Deleting an ApkAssets object '<empty> and /system/app/CaptivePortalLoginGoogle/CaptivePortalLoginGoogle-tvdpi.apk' with 1 weak references
2025-12-09 12:19:02.138 13900-13912 android.vending         pid-13900                            W  ApkAssets: Deleting an ApkAssets object '<empty> and /system/app/CaptivePortalLoginGoogle/CaptivePortalLoginGoogle-xhdpi.apk' with 1 weak references
2025-12-09 12:19:02.138 13900-13912 android.vending         pid-13900                            W  ApkAssets: Deleting an ApkAssets object '<empty> and /system/app/CaptivePortalLoginGoogle/CaptivePortalLoginGoogle-xxhdpi.apk' with 1 weak references
2025-12-09 12:19:02.138 13900-13912 android.vending         pid-13900                            W  ApkAssets: Deleting an ApkAssets object '<empty> and /system/app/CaptivePortalLoginGoogle/CaptivePortalLoginGoogle-xxxhdpi.apk' with 1 weak references
2025-12-09 12:19:02.139 13900-13912 android.vending         pid-13900                            W  ApkAssets: Deleting an ApkAssets object '<empty> and /system/priv-app/MusicFX/MusicFX.apk' with 1 weak references
2025-12-09 12:19:02.140 13900-13912 android.vending         pid-13900                            W  ApkAssets: Deleting an ApkAssets object '<empty> and /product/app/com.google.android.modulemetadata/com.google.android.modulemetadata.apk' with 1 weak references
2025-12-09 12:19:02.140 13900-13912 android.vending         pid-13900                            W  ApkAssets: Deleting an ApkAssets object '<empty> and /product/operator/app/ThemesStub/ThemesStub.apk' with 1 weak references
2025-12-09 12:19:02.140 13900-13912 android.vending         pid-13900                            W  ApkAssets: Deleting an ApkAssets object '<empty> and /system_ext/priv-app/TranSettingsWifiApk/TranSettingsWifiApk.apk' with 1 weak references
2025-12-09 12:19:02.142 13900-13912 android.vending         pid-13900                            W  ApkAssets: Deleting an ApkAssets object '<empty> and /product/priv-app/FilesGoogle/FilesGoogle.apk' with 1 weak references
2025-12-09 12:19:02.146 13900-13912 android.vending         pid-13900                            W  ApkAssets: Deleting an ApkAssets object '<empty> and /system_ext/app/TranScreenRecord/TranScreenRecord.apk' with 1 weak references
2025-12-09 12:19:02.147 13900-13912 android.vending         pid-13900                            W  ApkAssets: Deleting an ApkAssets object '<empty> and /system/priv-app/NetworkStackGoogle/NetworkStackGoogle.apk' with 1 weak references
2025-12-09 12:19:02.147 13900-13912 android.vending         pid-13900                            W  ApkAssets: Deleting an ApkAssets object '<empty> and /system/priv-app/NetworkStackGoogle/NetworkStackGoogle-arm64_v8a.apk' with 1 weak references
2025-12-09 12:19:02.148 13900-13912 android.vending         pid-13900                            W  ApkAssets: Deleting an ApkAssets object '/vendor/app/NetworkStackGoogleResOverlay/NetworkStackGoogleResOverlay.apk' with 1 weak references
2025-12-09 12:19:02.148 13900-13912 android.vending         pid-13900                            W  ApkAssets: Deleting an ApkAssets object '<empty> and /apex/com.android.rkpd/priv-app/rkpdapp.google@351310000/rkpdapp.google.apk' with 1 weak references
2025-12-09 12:19:02.149 13900-13912 android.vending         pid-13900                            W  ApkAssets: Deleting an ApkAssets object '<empty> and /system/priv-app/MtkTelecom/MtkTelecom.apk' with 1 weak references
2025-12-09 12:19:02.150 13900-13912 android.vending         pid-13900                            W  ApkAssets: Deleting an ApkAssets object '<empty> and /system/app/KeyChain/KeyChain.apk' with 1 weak references
2025-12-09 12:19:02.150 20770-20770 CompatChangeReporter    pid-20770                            D  Compat change id reported: 279646685; UID 10111; state: ENABLED
2025-12-09 12:19:02.151 20770-20770 GraphicsEnvironment     pid-20770                            V  Currently set values for:
2025-12-09 12:19:02.151 20770-20770 GraphicsEnvironment     pid-20770                            V    angle_gl_driver_selection_pkgs=[]
2025-12-09 12:19:02.151 20770-20770 GraphicsEnvironment     pid-20770                            V    angle_gl_driver_selection_values=[]
2025-12-09 12:19:02.151 20770-20770 GraphicsEnvironment     pid-20770                            V  Global.Settings values are invalid: number of packages: 0, number of values: 0
2025-12-09 12:19:02.151 20770-20770 GraphicsEnvironment     pid-20770                            V  Neither updatable production driver nor prerelease driver is supported.
2025-12-09 12:19:02.150 13900-13912 android.vending         pid-13900                            W  ApkAssets: Deleting an ApkAssets object '<empty> and /system_ext/app/AudioLink/AudioLink.apk' with 1 weak references
2025-12-09 12:19:02.154 13900-13912 android.vending         pid-13900                            W  ApkAssets: Deleting an ApkAssets object '<empty> and /system_ext/priv-app/ZaHooc/ZaHooc.apk' with 1 weak references
2025-12-09 12:19:02.154 20770-20770 LoadedApk               pid-20770                            I  No resource references to update in package com.transsion.theme.icon
2025-12-09 12:19:02.155 13900-13912 android.vending         pid-13900                            W  ApkAssets: Deleting an ApkAssets object '<empty> and /system_ext/app/Uxdetector/Uxdetector.apk' with 1 weak references
2025-12-09 12:19:02.155 13900-13912 android.vending         pid-13900                            W  ApkAssets: Deleting an ApkAssets object '<empty> and /system_ext/priv-app/GooglePackageInstaller/GooglePackageInstaller.apk' with 1 weak references
2025-12-09 12:19:02.156 13900-13912 android.vending         pid-13900                            W  ApkAssets: Deleting an ApkAssets object '/product/overlay/TranGooglePackageInstallerOverlay.apk' with 1 weak references
2025-12-09 12:19:02.156 20770-20770 os.SingleLiceFactory    pid-20770                            D  using android.app.IActivityThreadLice$DefaultImpl@dd9a8b9 instead of com.transsion.activityembedding.ActivityEmbeddingLiceFactory  from android.app.IActivityThreadLice
2025-12-09 12:19:02.157 13900-13912 android.vending         pid-13900                            W  ApkAssets: Deleting an ApkAssets object '<empty> and /tr_preload/operator/app/InfinixFileViewer/InfinixFileViewer.apk' with 1 weak references
2025-12-09 12:19:02.158 13900-13912 android.vending         pid-13900                            W  ApkAssets: Deleting an ApkAssets object '<empty> and /system_ext/app/ChildModeThub/ChildModeThub.apk' with 1 weak references
2025-12-09 12:19:02.159 13900-13912 android.vending         pid-13900                            W  ApkAssets: Deleting an ApkAssets object '/product/overlay/ChildModeResOverlayThub/ChildModeResOverlayThub.apk' with 1 weak references
2025-12-09 12:19:02.160 13900-13912 android.vending         pid-13900                            W  ApkAssets: Deleting an ApkAssets object '<empty> and /system_ext/priv-app/AppLock/AppLock.apk' with 1 weak references
2025-12-09 12:19:02.162 20770-20770 Finsky:background       pid-20770                            I  [2] ncx.j(82): Process created at version: 45.0.21-31 [0] [PR] 728331212
2025-12-09 12:19:02.194 20770-20770 Finsky:background       pid-20770                            I  [2] acbq.h(187): Finished reading experiment flags from file [0tGUNCGIkbk4o6-fQ335kUYSKwVj4lusnHT-A5Dsy08] numFlags=2026.
2025-12-09 12:19:02.202 20770-20790 CompatChangeReporter    pid-20770                            D  Compat change id reported: 312399441; UID 10111; state: ENABLED
2025-12-09 12:19:02.211 20770-20792 nativeloader            pid-20770                            D  Load /product/priv-app/Phonesky/Phonesky.apk!/lib/arm64-v8a/libmappedcountercacheversionjni.so using ns product-clns-7 from class loader (caller=/product/priv-app/Phonesky/Phonesky.apk): ok
2025-12-09 12:19:02.224 20770-20770 Finsky:background       pid-20770                            I  [2] acbq.h(187): Finished reading experiment flags from file [Se-xCc4LzNyh3UrKMIU2sUf-PUKz4oQEbpKZDMuaFno] numFlags=2259.
2025-12-09 12:19:02.233 20770-20770 Finsky:background       pid-20770                            I  [2] abpp.<init>(67): abpi - Registering in memory receiver for android.intent.action.PACKAGE_ADDED and android.intent.action.PACKAGE_REMOVED
2025-12-09 12:19:02.252  1561-1662  ApplicationHelper       pid-1561                             E  Fail to get PackageManager
2025-12-09 12:19:02.253  1561-1831  ActivityManager         pid-1561                             D  performServiceRestartLocked: app=com.android.vending process=com.android.vending:background uid=10111 restartDelay=9725
2025-12-09 12:19:02.253  1561-1831  Griffin/ProcessManager  pid-1561                             I  proxyDelayService: proxy restart, package=com.android.vending proc:com.android.vending:background
2025-12-09 12:19:02.254  1561-1831  ActivityManager         pid-1561                             W  Rescheduling restart of crashed service com.android.vending/com.google.android.finsky.multiusercoordinator.MultiUserCoordinatorService in 9060ms for other
2025-12-09 12:19:02.254  1561-1831  ActivityManager         pid-1561                             W  Rescheduling restart of crashed service com.android.vending/com.google.android.finsky.externalreferrer.GetInstallReferrerService in 29060ms for other
2025-12-09 12:19:02.268   957-992   libPerfCtl              pid-957                              I  xgfGetFPS pid:3207 fps:-1
2025-12-09 12:19:02.268   957-992   AppThermalMode          pid-957                              I  [perfNotifyThermalState] hdl:0
2025-12-09 12:19:02.268   957-992   AppThermalMode          pid-957                              I  [findAppThermalIdx] Fail: appThermalModeEnable: 0,currentFPS: 120,fg->pid:3605
2025-12-09 12:19:02.268   957-992   AppThermalMode          pid-957                              I  [perfNotifyThermalState] appThermalIdx -1:
2025-12-09 12:19:02.269   957-992   libPerfCtl              pid-957                              I  xgfGetFPS pid:3605 fps:120
2025-12-09 12:19:02.269   957-992   AppThermalMode          pid-957                              I  [perfNotifyThermalState] hdl:0
2025-12-09 12:19:02.269   957-992   AppThermalMode          pid-957                              I  [findAppThermalIdx] Fail: appThermalModeEnable: 0,currentFPS: 120,fg->pid:3605
2025-12-09 12:19:02.269   957-992   AppThermalMode          pid-957                              I  [perfNotifyThermalState] appThermalIdx -1:
2025-12-09 12:19:02.269   957-992   libPerfCtl              pid-957                              I  xgfGetFPS pid:8105 fps:-1
2025-12-09 12:19:02.269   957-992   AppThermalMode          pid-957                              I  [perfNotifyThermalState] hdl:0
2025-12-09 12:19:02.269   957-992   AppThermalMode          pid-957                              I  [findAppThermalIdx] Fail: appThermalModeEnable: 0,currentFPS: 120,fg->pid:3605
2025-12-09 12:19:02.269   957-992   AppThermalMode          pid-957                              I  [perfNotifyThermalState] appThermalIdx -1:
2025-12-09 12:19:02.269   957-992   libPerfCtl              pid-957                              I  xgfGetFPS pid:14217 fps:-1
2025-12-09 12:19:02.269   957-992   AppThermalMode          pid-957                              I  [perfNotifyThermalState] hdl:0
2025-12-09 12:19:02.269   957-992   AppThermalMode          pid-957                              I  [findAppThermalIdx] Fail: appThermalModeEnable: 0,currentFPS: 120,fg->pid:3605
2025-12-09 12:19:02.269   957-992   AppThermalMode          pid-957                              I  [perfNotifyThermalState] appThermalIdx -1:
2025-12-09 12:19:02.338 20770-20770 Finsky:background       pid-20770                            I  [2] mgt.m(309): This process start was not selected for Play memory metrics collection.
2025-12-09 12:19:02.342  1561-1662  ApplicationHelper       pid-1561                             E  Fail to get PackageManager
2025-12-09 12:19:02.363  8105-17206 FA                      pid-8105                             I  Application backgrounded at: timestamp_millis: 1765293540362
2025-12-09 12:19:02.415 20770-20801 CompatChangeReporter    pid-20770                            D  Compat change id reported: 270674727; UID 10111; state: ENABLED
2025-12-09 12:19:02.460  1561-1860  BatteryService          pid-1561                             D  widetemperaturebatteryburn check uevent: {POWER_SUPPLY_VOLTAGE_NOW=3913000, POWER_SUPPLY_CURRENT_AVG=-48000, POWER_SUPPLY_CAPACITY_LEVEL=Normal, POWER_SUPPLY_TYPE=Battery, POWER_SUPPLY_HEALTH=Good, POWER_SUPPLY_CURRENT_NOW=-106800, POWER_SUPPLY_PRESENT=1, POWER_SUPPLY_TECHNOLOGY=Li-ion, POWER_SUPPLY_CHARGE_FULL=5000000, POWER_SUPPLY_TIME_TO_FULL_NOW=72471, POWER_SUPPLY_CHARGE_FULL_DESIGN=500000, SUBSYSTEM=power_supply, POWER_SUPPLY_CONSTANT_CHARGE_VOLTAGE=4496000, POWER_SUPPLY_TEMP=418, SEQNUM=6935, ACTION=change, POWER_SUPPLY_NAME=battery, POWER_SUPPLY_STATUS=Charging, POWER_SUPPLY_CYCLE_COUNT=1, POWER_SUPPLY_CHARGE_COUNTER=2850000, POWER_SUPPLY_CAPACITY=57, DEVPATH=/devices/platform/soc/10026000.pwrap/10026000.pwrap:mt6366/mt6358-gauge/power_supply/battery}
2025-12-09 12:19:02.460  1561-1860  BatteryService          pid-1561                             D  widetemperaturebatteryburn PORT_STATE no availd
2025-12-09 12:19:02.475  1561-2555  TranHBMManagerService   pid-1561                             I  processValuesLocked inspire temperature=418,Threshold=400
