2026-02-04 22:02:24.394  6908-6908  TermsScreen             com.cdccreditsmart.app               I     Version: v5.0
2026-02-04 22:02:24.394  6908-6908  TermsScreen             com.cdccreditsmart.app               I     Hash: eecbb739c2ee7d044be8...
2026-02-04 22:02:24.596  6908-7739  okhttp.OkHttpClient     com.cdccreditsmart.app               I  --> POST https://cdccreditsmart.com/v1/contract/accept
2026-02-04 22:02:24.596  6908-7739  okhttp.OkHttpClient     com.cdccreditsmart.app               I  Content-Type: application/json; charset=UTF-8
2026-02-04 22:02:24.597  6908-7739  okhttp.OkHttpClient     com.cdccreditsmart.app               I  Content-Length: 127
2026-02-04 22:02:24.597  6908-7739  okhttp.OkHttpClient     com.cdccreditsmart.app               I  {"imei":"353104906953198","termsVersion":"v5.0","termsHash":"eecbb739c2ee7d044be83c16b9c788d828c2908f20c23f5e0c6e59e7eb1773b2"}
2026-02-04 22:02:24.597  6908-7739  okhttp.OkHttpClient     com.cdccreditsmart.app               I  --> END POST (127-byte body)
2026-02-04 22:02:25.067  6908-7739  okhttp.OkHttpClient     com.cdccreditsmart.app               I  <-- 200 https://cdccreditsmart.com/v1/contract/accept (469ms)
2026-02-04 22:02:25.067  6908-7739  okhttp.OkHttpClient     com.cdccreditsmart.app               I  access-control-allow-credentials: true
2026-02-04 22:02:25.067  6908-7739  okhttp.OkHttpClient     com.cdccreditsmart.app               I  access-control-allow-headers: Origin, X-Requested-With, Content-Type, Accept, Authorization, x-client-key, x-client-token, x-client-secret, cache-control
2026-02-04 22:02:25.067  6908-7739  okhttp.OkHttpClient     com.cdccreditsmart.app               I  access-control-allow-methods: GET, POST, PUT, PATCH, DELETE, OPTIONS
2026-02-04 22:02:25.067  6908-7739  okhttp.OkHttpClient     com.cdccreditsmart.app               I  access-control-allow-origin: *
2026-02-04 22:02:25.067  6908-7739  okhttp.OkHttpClient     com.cdccreditsmart.app               I  access-control-max-age: 86400
2026-02-04 22:02:25.067  6908-7739  okhttp.OkHttpClient     com.cdccreditsmart.app               I  content-length: 775
2026-02-04 22:02:25.067  6908-7739  okhttp.OkHttpClient     com.cdccreditsmart.app               I  content-security-policy: default-src 'self'; script-src 'self' 'unsafe-inline' 'unsafe-eval' https://replit.com; style-src 'self' 'unsafe-inline' https://replit.com; img-src 'self' data: https:; font-src 'self' data: https://replit.com; connect-src 'self';
2026-02-04 22:02:25.068  6908-7739  okhttp.OkHttpClient     com.cdccreditsmart.app               I  content-type: application/json; charset=utf-8
2026-02-04 22:02:25.068  6908-7739  okhttp.OkHttpClient     com.cdccreditsmart.app               I  date: Thu, 05 Feb 2026 01:02:24 GMT
2026-02-04 22:02:25.068  6908-7739  okhttp.OkHttpClient     com.cdccreditsmart.app               I  etag: W/"307-OKp7DHo/BoPEWUbIKmndla5gHE4"
2026-02-04 22:02:25.068  6908-7739  okhttp.OkHttpClient     com.cdccreditsmart.app               I  permissions-policy: geolocation=(), microphone=(), camera=()
2026-02-04 22:02:25.068  6908-7739  okhttp.OkHttpClient     com.cdccreditsmart.app               I  referrer-policy: strict-origin-when-cross-origin
2026-02-04 22:02:25.068  6908-7739  okhttp.OkHttpClient     com.cdccreditsmart.app               I  strict-transport-security: max-age=63072000; includeSubDomains
2026-02-04 22:02:25.068  6908-7739  okhttp.OkHttpClient     com.cdccreditsmart.app               I  strict-transport-security: max-age=31536000; includeSubDomains
2026-02-04 22:02:25.068  6908-7739  okhttp.OkHttpClient     com.cdccreditsmart.app               I  x-anti-fraud-protection: active
2026-02-04 22:02:25.068  6908-7739  okhttp.OkHttpClient     com.cdccreditsmart.app               I  x-certificate-pinning-enabled: false
2026-02-04 22:02:25.068  6908-7739  okhttp.OkHttpClient     com.cdccreditsmart.app               I  x-certificate-pinning-status: disabled-for-stability
2026-02-04 22:02:25.069  6908-7739  okhttp.OkHttpClient     com.cdccreditsmart.app               I  x-content-type-options: nosniff
2026-02-04 22:02:25.069  6908-7739  okhttp.OkHttpClient     com.cdccreditsmart.app               I  x-financial-data-protection: enabled
2026-02-04 22:02:25.069  6908-7739  okhttp.OkHttpClient     com.cdccreditsmart.app               I  x-frame-options: DENY
2026-02-04 22:02:25.069  6908-7739  okhttp.OkHttpClient     com.cdccreditsmart.app               I  x-transaction-security-level: maximum
2026-02-04 22:02:25.069  6908-7739  okhttp.OkHttpClient     com.cdccreditsmart.app               I  x-xss-protection: 1; mode=block
2026-02-04 22:02:25.069  6908-7739  okhttp.OkHttpClient     com.cdccreditsmart.app               I  via: 1.1 google
2026-02-04 22:02:25.069  6908-7739  okhttp.OkHttpClient     com.cdccreditsmart.app               I  alt-svc: h3=":443"; ma=2592000,h3-29=":443"; ma=2592000
2026-02-04 22:02:25.070  6908-7739  okhttp.OkHttpClient     com.cdccreditsmart.app               I  {"success":true,"message":"Terms accepted successfully","termsAcceptedAt":"2026-02-05T01:02:24.939Z","termsVersion":"v5.0","deviceReady":true,"saleId":"sale_1770253275572_a5epr4jbyk","token":"eyJhbGciOiJIUzI1NiIsInR5cCI6IkpXVCJ9.eyJkZXZpY2VJZCI6IjM1MzEwNDkwNjk1MzE5OCIsInNlcmlhbE51bWJlciI6IlpGNTI1R1JDUDgiLCJmaW5nZXJwcmludCI6IjE4YmQ2YWRiMmM2N2RhYzc1NjQ0YWU0ODkzOTc5NTAxOGI5ODVhMmVhMzA3ZDNiNDc2ODBjMGY0YzEzNWIzMTAiLCJ0eXBlIjoiYXBrIiwic2NvcGVzIjpbImRldmljZTpyZWFkIiwiZGV2aWNlOnN5bmMiXSwiaWF0IjoxNzcwMjUzMzMzLCJleHAiOjE4MDE3ODkzMzN9.MRqN9NRjDzkrnwZonxAv_Bo9JQ9BrhCWamsTB9d9GCY","customerName":"Marcos Antunes","deviceModel":"Dispositivo","device":null,"customer":{"id":"e57f223e-c75f-47c3-a080-f5f4e301dc2c","name":"Marcos Antunes","cpf":"064.527.843-23","phone":"85981888810"}}
2026-02-04 22:02:25.070  6908-7739  okhttp.OkHttpClient     com.cdccreditsmart.app               I  <-- END HTTP (775-byte body)
2026-02-04 22:02:25.079  6908-6908  TermsScreen             com.cdccreditsmart.app               I  âœ… Termos aceitos com sucesso!
2026-02-04 22:02:25.080  6908-6908  TermsScreen             com.cdccreditsmart.app               I     Accepted at: 2026-02-05T01:02:24.939Z
2026-02-04 22:02:25.080  6908-6908  TermsScreen             com.cdccreditsmart.app               I     DeviceReady: true
2026-02-04 22:02:25.082  6908-6908  TermsAcceptanceStorage  com.cdccreditsmart.app               I  Salvando aceitaÃ§Ã£o de termos vv5.0 para contrato TUV3TAPS
2026-02-04 22:02:25.229  6908-6908  TermsScreen             com.cdccreditsmart.app               I  ðŸ”§ Processando dados do dispositivo...
2026-02-04 22:02:25.229  6908-6908  ContractCodeStorage     com.cdccreditsmart.app               D  Saving contract code to redundant storage
2026-02-04 22:02:25.318  6908-6908  ContractCodeStorage     com.cdccreditsmart.app               D  Saved to EncryptedPrefs
2026-02-04 22:02:25.381  6908-6908  ContractCodeStorage     com.cdccreditsmart.app               D  Deleted existing file: .cdc_protected_code.enc
2026-02-04 22:02:25.410  6908-6908  ContractCodeStorage     com.cdccreditsmart.app               D  Successfully saved to file: .cdc_protected_code.enc
2026-02-04 22:02:25.410  6908-6908  ContractCodeStorage     com.cdccreditsmart.app               D  Saved to Protected Storage
2026-02-04 22:02:25.410  6908-6908  ContractCodeStorage     com.cdccreditsmart.app               D  Deleted existing file: .cdc_contract_b1.enc
2026-02-04 22:02:25.436  6908-6908  ContractCodeStorage     com.cdccreditsmart.app               D  Successfully saved to file: .cdc_contract_b1.enc
2026-02-04 22:02:25.437  6908-6908  ContractCodeStorage     com.cdccreditsmart.app               D  Deleted existing file: .sys_device_cfg.enc
2026-02-04 22:02:25.464  6908-6908  ContractCodeStorage     com.cdccreditsmart.app               D  Successfully saved to file: .sys_device_cfg.enc
2026-02-04 22:02:25.465  6908-6908  ContractCodeStorage     com.cdccreditsmart.app               D  Deleted existing file: .android_secure.enc
2026-02-04 22:02:25.494  6908-6908  ContractCodeStorage     com.cdccreditsmart.app               D  Successfully saved to file: .android_secure.enc
2026-02-04 22:02:25.514  6908-6908  ContractCodeStorage     com.cdccreditsmart.app               D  Contract code saved to ALL storage locations
2026-02-04 22:02:25.663  6908-6908  ContractCodeStorage     com.cdccreditsmart.app               D  Verification complete: 7/7 locations valid
2026-02-04 22:02:25.663  6908-6908  TermsScreen             com.cdccreditsmart.app               I     âœ… ContractCode salvo (mÃ­nimo): TUV3TAPS
2026-02-04 22:02:25.664  6908-6908  SecureTokenStorage      com.cdccreditsmart.app               I  âœ… IMEI salvo para MDM: 3531***198
2026-02-04 22:02:25.664  6908-6908  TermsScreen             com.cdccreditsmart.app               I     âœ… IMEI salvo para MDM (mÃ­nimo): 35310490...
2026-02-04 22:02:25.667  6908-6908  ContractCodeStorage     com.cdccreditsmart.app               D  Saving contract code to redundant storage
2026-02-04 22:02:25.677  6908-6908  ContractCodeStorage     com.cdccreditsmart.app               D  Saved to EncryptedPrefs
2026-02-04 22:02:25.680  6908-6908  ContractCodeStorage     com.cdccreditsmart.app               D  Deleted existing file: .cdc_protected_code.enc
2026-02-04 22:02:25.707  6908-6908  ContractCodeStorage     com.cdccreditsmart.app               D  Successfully saved to file: .cdc_protected_code.enc
2026-02-04 22:02:25.707  6908-6908  ContractCodeStorage     com.cdccreditsmart.app               D  Saved to Protected Storage
2026-02-04 22:02:25.708  6908-6908  ContractCodeStorage     com.cdccreditsmart.app               D  Deleted existing file: .cdc_contract_b1.enc
2026-02-04 22:02:25.736  6908-6908  ContractCodeStorage     com.cdccreditsmart.app               D  Successfully saved to file: .cdc_contract_b1.enc
2026-02-04 22:02:25.737  6908-6908  ContractCodeStorage     com.cdccreditsmart.app               D  Deleted existing file: .sys_device_cfg.enc
2026-02-04 22:02:25.765  6908-6908  ContractCodeStorage     com.cdccreditsmart.app               D  Successfully saved to file: .sys_device_cfg.enc
2026-02-04 22:02:25.766  6908-6908  ContractCodeStorage     com.cdccreditsmart.app               D  Deleted existing file: .android_secure.enc
2026-02-04 22:02:25.792  6908-6908  ContractCodeStorage     com.cdccreditsmart.app               D  Successfully saved to file: .android_secure.enc
2026-02-04 22:02:25.812  6908-6908  ContractCodeStorage     com.cdccreditsmart.app               D  Contract code saved to ALL storage locations
2026-02-04 22:02:25.956  6908-6908  ContractCodeStorage     com.cdccreditsmart.app               D  Verification complete: 7/7 locations valid
2026-02-04 22:02:25.956  6908-6908  SecureTokenStorage      com.cdccreditsmart.app               D  Auth token saved successfully (contract code via ContractCodeStorage, deviceId: TUV3TAPS...)
2026-02-04 22:02:25.957  6908-6908  TermsScreen             com.cdccreditsmart.app               I     âœ… Token JWT salvo IMEDIATAMENTE
2026-02-04 22:02:25.957  6908-6908  TermsScreen             com.cdccreditsmart.app               W  âš ï¸ Backend nÃ£o retornou dados completos (deviceReady=true)
2026-02-04 22:02:25.957  6908-6908  TermsScreen             com.cdccreditsmart.app               W     Usando dados mÃ­nimos jÃ¡ salvos
2026-02-04 22:02:25.961  6908-6908  ContractCodeStorage     com.cdccreditsmart.app               D  Saving contract code to redundant storage
2026-02-04 22:02:25.970  6908-6908  ContractCodeStorage     com.cdccreditsmart.app               D  Saved to EncryptedPrefs
2026-02-04 22:02:25.973  6908-6908  ContractCodeStorage     com.cdccreditsmart.app               D  Deleted existing file: .cdc_protected_code.enc
2026-02-04 22:02:26.003  6908-6908  ContractCodeStorage     com.cdccreditsmart.app               D  Successfully saved to file: .cdc_protected_code.enc
2026-02-04 22:02:26.003  6908-6908  ContractCodeStorage     com.cdccreditsmart.app               D  Saved to Protected Storage
2026-02-04 22:02:26.003  6908-6908  ContractCodeStorage     com.cdccreditsmart.app               D  Deleted existing file: .cdc_contract_b1.enc
2026-02-04 22:02:26.031  6908-6908  ContractCodeStorage     com.cdccreditsmart.app               D  Successfully saved to file: .cdc_contract_b1.enc
2026-02-04 22:02:26.032  6908-6908  ContractCodeStorage     com.cdccreditsmart.app               D  Deleted existing file: .sys_device_cfg.enc
2026-02-04 22:02:26.062  6908-6908  ContractCodeStorage     com.cdccreditsmart.app               D  Successfully saved to file: .sys_device_cfg.enc
2026-02-04 22:02:26.063  6908-6908  ContractCodeStorage     com.cdccreditsmart.app               D  Deleted existing file: .android_secure.enc
2026-02-04 22:02:26.094  6908-6908  ContractCodeStorage     com.cdccreditsmart.app               D  Successfully saved to file: .android_secure.enc
2026-02-04 22:02:26.115  6908-6908  ContractCodeStorage     com.cdccreditsmart.app               D  Contract code saved to ALL storage locations
2026-02-04 22:02:26.265  6908-6908  ContractCodeStorage     com.cdccreditsmart.app               D  Verification complete: 7/7 locations valid
2026-02-04 22:02:26.266  6908-6908  SecureTokenStorage      com.cdccreditsmart.app               D  Device info saved successfully from auto-discovery
2026-02-04 22:02:26.266  6908-6908  SecureTokenStorage      com.cdccreditsmart.app               D    - DeviceId: TUV3TAPS...
2026-02-04 22:02:26.266  6908-6908  SecureTokenStorage      com.cdccreditsmart.app               D    - SerialNumber: TUV3TAPS
2026-02-04 22:02:26.266  6908-6908  SecureTokenStorage      com.cdccreditsmart.app               D    - IMEI: 3531***
2026-02-04 22:02:26.266  6908-6908  SecureTokenStorage      com.cdccreditsmart.app               D    - ContractCode: TUV3TAPS
2026-02-04 22:02:26.266  6908-6908  TermsScreen             com.cdccreditsmart.app               W     âœ… DeviceInfo mÃ­nimo salvo via fallback
2026-02-04 22:02:26.270  6908-6908  SecureTokenStorage      com.cdccreditsmart.app               D  âœ… Usando IMEI para MDM: 3531***198
2026-02-04 22:02:26.270  6908-6908  TermsScreen             com.cdccreditsmart.app               I  ðŸ“Š Estado apÃ³s aceite:
2026-02-04 22:02:26.270  6908-6908  TermsScreen             com.cdccreditsmart.app               I     ContractCode: âœ… TUV3TAPS
2026-02-04 22:02:26.270  6908-6908  TermsScreen             com.cdccreditsmart.app               I     Token: âœ…
2026-02-04 22:02:26.270  6908-6908  TermsScreen             com.cdccreditsmart.app               I     DeviceId: âœ…
2026-02-04 22:02:26.270  6908-6908  TermsScreen             com.cdccreditsmart.app               I     IMEI: âœ…
2026-02-04 22:02:26.270  6908-6908  TermsScreen             com.cdccreditsmart.app               I  ðŸ“Š Estado FINAL:
2026-02-04 22:02:26.270  6908-6908  TermsScreen             com.cdccreditsmart.app               I     Token: âœ… PRESENTE
2026-02-04 22:02:26.270  6908-6908  TermsScreen             com.cdccreditsmart.app               I  ðŸš€ Iniciando serviÃ§o de foreground...
2026-02-04 22:02:26.272  6908-6908  CdcForegroundService    com.cdccreditsmart.app               I  âœ… ServiÃ§o iniciado via startService()
2026-02-04 22:02:26.272  6908-6908  TermsScreen             com.cdccreditsmart.app               I  âœ… VerificaÃ§Ã£o final OK - ContractCode persistido: TUV3TAPS
2026-02-04 22:02:26.279  6908-6908  Choreographer           com.cdccreditsmart.app               I  Skipped 71 frames!  The application may be doing too much work on its main thread.
2026-02-04 22:02:26.289  6908-6908  CdcForegroundService    com.cdccreditsmart.app               D  ðŸš€ ServiÃ§o onStartCommand() - Action: com.cdccreditsmart.app.START_SERVICE
2026-02-04 22:02:26.294  6908-6908  CdcForegroundService    com.cdccreditsmart.app               I  âœ… Foreground Service ativo (Android 12+)
2026-02-04 22:02:26.295  6908-7732  CdcForegroundService    com.cdccreditsmart.app               I  ðŸ”§ ========================================
2026-02-04 22:02:26.295  6908-7732  CdcForegroundService    com.cdccreditsmart.app               I  ðŸ”§ INICIANDO initializeServices()...
2026-02-04 22:02:26.295  6908-7732  CdcForegroundService    com.cdccreditsmart.app               I  ðŸ”§ ========================================
2026-02-04 22:02:26.295  6908-7732  CdcForegroundService    com.cdccreditsmart.app               D  âœ… ServiÃ§os base jÃ¡ inicializados
2026-02-04 22:02:26.295  6908-7732  CdcForegroundService    com.cdccreditsmart.app               D  âœ… MDM jÃ¡ inicializado - ignorando chamada duplicada
2026-02-04 22:02:26.335  6908-6908  SecureTokenStorage      com.cdccreditsmart.app               D  âœ… Usando IMEI para MDM: 3531***198
2026-02-04 22:02:26.335  6908-6908  SimpleHomeViewModel     com.cdccreditsmart.app               D  ðŸ“¦ VerificaÃ§Ã£o de autenticaÃ§Ã£o:
2026-02-04 22:02:26.335  6908-6908  SimpleHomeViewModel     com.cdccreditsmart.app               D     Token: presente
2026-02-04 22:02:26.335  6908-6908  SimpleHomeViewModel     com.cdccreditsmart.app               D     DeviceInfo: presente
2026-02-04 22:02:26.335  6908-6908  SimpleHomeViewModel     com.cdccreditsmart.app               D     ContractCode: presente
2026-02-04 22:02:26.337  6908-6908  NetworkConnectivity     com.cdccreditsmart.app               D  âœ… Conectado via WiFi com internet
2026-02-04 22:02:26.337  6908-6908  SimpleHomeViewModel     com.cdccreditsmart.app               D  ðŸ“¡ Fetching device installments from /api/apk/device/installments...
2026-02-04 22:02:26.631  6908-7742  SimpleHomeViewModel     com.cdccreditsmart.app               D  âœ… Added Authorization header with token
2026-02-04 22:02:26.633  6908-7742  SecureTokenStorage      com.cdccreditsmart.app               D  âœ… Usando IMEI para MDM: 3531***198
2026-02-04 22:02:26.636  6908-7742  SimpleHomeViewModel     com.cdccreditsmart.app               D  ðŸ“± Added X-Device-IMEI header
2026-02-04 22:02:26.636  6908-7742  SimpleHomeViewModel     com.cdccreditsmart.app               D  ðŸ“± Added X-Device-SerialNumber header
2026-02-04 22:02:26.636  6908-7742  SimpleHomeViewModel     com.cdccreditsmart.app               D  ðŸ“± Added X-Device-ID header
2026-02-04 22:02:26.636  6908-7742  SimpleHomeViewModel     com.cdccreditsmart.app               D  ðŸ“¤ Request URL: https://cdccreditsmart.com/api/apk/device/installments
2026-02-04 22:02:26.982  6908-6931  creditsmart.app         com.cdccreditsmart.app               I  Background concurrent mark compact GC freed 13MB AllocSpace bytes, 242(9188KB) LOS objects, 60% free, 15MB/39MB, paused 1.515ms,7.084ms total 148.108ms
2026-02-04 22:02:27.171  6908-7742  SimpleHomeViewModel     com.cdccreditsmart.app               D  ðŸ“¥ Response Code: 401
2026-02-04 22:02:27.174  6908-6908  SimpleHomeViewModel     com.cdccreditsmart.app               E  âŒ API error: 401
2026-02-04 22:02:27.174  6908-6908  SimpleHomeViewModel     com.cdccreditsmart.app               E  âŒ Error body: {"error":"Token invÃ¡lido ou expirado"}
2026-02-04 22:02:27.174  6908-6908  SimpleHomeViewModel     com.cdccreditsmart.app               E  ðŸ” Erro 401 - Token invÃ¡lido ou expirado
2026-02-04 22:02:27.174  6908-6908  SimpleHomeViewModel     com.cdccreditsmart.app               W  âš ï¸ Tem contractCode (TUV3TAPS) mas recebeu 401
2026-02-04 22:02:27.326  6908-6908  LocalInstallmentStorage com.cdccreditsmart.app               W  âš ï¸ Nenhuma parcela armazenada localmente
2026-02-04 22:02:27.326  6908-6908  SimpleHomeViewModel     com.cdccreditsmart.app               W  â³ Sem cache disponÃ­vel - dispositivo ainda sincronizando
2026-02-04 22:02:29.147  6908-6908  SimpleHomeViewModel     com.cdccreditsmart.app               D  ðŸ”„ Refreshing installments data...
2026-02-04 22:02:29.156  6908-6908  SecureTokenStorage      com.cdccreditsmart.app               D  âœ… Usando IMEI para MDM: 3531***198
2026-02-04 22:02:29.157  6908-6908  SimpleHomeViewModel     com.cdccreditsmart.app               D  ðŸ“¦ VerificaÃ§Ã£o de autenticaÃ§Ã£o:
2026-02-04 22:02:29.157  6908-6908  SimpleHomeViewModel     com.cdccreditsmart.app               D     Token: presente
2026-02-04 22:02:29.157  6908-6908  SimpleHomeViewModel     com.cdccreditsmart.app               D     DeviceInfo: presente
2026-02-04 22:02:29.158  6908-6908  SimpleHomeViewModel     com.cdccreditsmart.app               D     ContractCode: presente
2026-02-04 22:02:29.160  6908-6908  NetworkConnectivity     com.cdccreditsmart.app               D  âœ… Conectado via WiFi com internet
2026-02-04 22:02:29.161  6908-6908  SimpleHomeViewModel     com.cdccreditsmart.app               D  ðŸ“¡ Fetching device installments from /api/apk/device/installments...
2026-02-04 22:02:29.166  6908-7742  SimpleHomeViewModel     com.cdccreditsmart.app               D  âœ… Added Authorization header with token
2026-02-04 22:02:29.168  6908-7742  SecureTokenStorage      com.cdccreditsmart.app               D  âœ… Usando IMEI para MDM: 3531***198
2026-02-04 22:02:29.171  6908-7742  SimpleHomeViewModel     com.cdccreditsmart.app               D  ðŸ“± Added X-Device-IMEI header
2026-02-04 22:02:29.171  6908-7742  SimpleHomeViewModel     com.cdccreditsmart.app               D  ðŸ“± Added X-Device-SerialNumber header
2026-02-04 22:02:29.171  6908-7742  SimpleHomeViewModel     com.cdccreditsmart.app               D  ðŸ“± Added X-Device-ID header
2026-02-04 22:02:29.171  6908-7742  SimpleHomeViewModel     com.cdccreditsmart.app               D  ðŸ“¤ Request URL: https://cdccreditsmart.com/api/apk/device/installments
2026-02-04 22:02:29.570  6908-7742  SimpleHomeViewModel     com.cdccreditsmart.app               D  ðŸ“¥ Response Code: 401
2026-02-04 22:02:29.572  6908-6908  SimpleHomeViewModel     com.cdccreditsmart.app               E  âŒ API error: 401
2026-02-04 22:02:29.573  6908-6908  SimpleHomeViewModel     com.cdccreditsmart.app               E  âŒ Error body: {"error":"Token invÃ¡lido ou expirado"}
2026-02-04 22:02:29.573  6908-6908  SimpleHomeViewModel     com.cdccreditsmart.app               E  ðŸ” Erro 401 - Token invÃ¡lido ou expirado
2026-02-04 22:02:29.573  6908-6908  SimpleHomeViewModel     com.cdccreditsmart.app               W  âš ï¸ Tem contractCode (TUV3TAPS) mas recebeu 401
2026-02-04 22:02:29.577  6908-6908  LocalInstallmentStorage com.cdccreditsmart.app               W  âš ï¸ Nenhuma parcela armazenada localmente
2026-02-04 22:02:29.578  6908-6908  SimpleHomeViewModel     com.cdccreditsmart.app               W  â³ Sem cache disponÃ­vel - dispositivo ainda sincronizando
2026-02-04 22:02:30.152  6908-6908  SimpleHomeViewModel     com.cdccreditsmart.app               D  ðŸ”„ Refreshing installments data...
2026-02-04 22:02:30.159  6908-6908  SecureTokenStorage      com.cdccreditsmart.app               D  âœ… Usando IMEI para MDM: 3531***198
2026-02-04 22:02:30.160  6908-6908  SimpleHomeViewModel     com.cdccreditsmart.app               D  ðŸ“¦ VerificaÃ§Ã£o de autenticaÃ§Ã£o:
2026-02-04 22:02:30.160  6908-6908  SimpleHomeViewModel     com.cdccreditsmart.app               D     Token: presente
2026-02-04 22:02:30.160  6908-6908  SimpleHomeViewModel     com.cdccreditsmart.app               D     DeviceInfo: presente
2026-02-04 22:02:30.160  6908-6908  SimpleHomeViewModel     com.cdccreditsmart.app               D     ContractCode: presente
2026-02-04 22:02:30.162  6908-6908  NetworkConnectivity     com.cdccreditsmart.app               D  âœ… Conectado via WiFi com internet
2026-02-04 22:02:30.162  6908-6908  SimpleHomeViewModel     com.cdccreditsmart.app               D  ðŸ“¡ Fetching device installments from /api/apk/device/installments...
2026-02-04 22:02:30.168  6908-7742  SimpleHomeViewModel     com.cdccreditsmart.app               D  âœ… Added Authorization header with token
2026-02-04 22:02:30.170  6908-7742  SecureTokenStorage      com.cdccreditsmart.app               D  âœ… Usando IMEI para MDM: 3531***198
2026-02-04 22:02:30.172  6908-7742  SimpleHomeViewModel     com.cdccreditsmart.app               D  ðŸ“± Added X-Device-IMEI header
2026-02-04 22:02:30.172  6908-7742  SimpleHomeViewModel     com.cdccreditsmart.app               D  ðŸ“± Added X-Device-SerialNumber header
2026-02-04 22:02:30.172  6908-7742  SimpleHomeViewModel     com.cdccreditsmart.app               D  ðŸ“± Added X-Device-ID header
2026-02-04 22:02:30.173  6908-7742  SimpleHomeViewModel     com.cdccreditsmart.app               D  ðŸ“¤ Request URL: https://cdccreditsmart.com/api/apk/device/installments
2026-02-04 22:02:30.604  6908-7742  SimpleHomeViewModel     com.cdccreditsmart.app               D  ðŸ“¥ Response Code: 401
2026-02-04 22:02:30.621  6908-6908  SimpleHomeViewModel     com.cdccreditsmart.app               E  âŒ API error: 401
2026-02-04 22:02:30.622  6908-6908  SimpleHomeViewModel     com.cdccreditsmart.app               E  âŒ Error body: {"error":"Token invÃ¡lido ou expirado"}
2026-02-04 22:02:30.622  6908-6908  SimpleHomeViewModel     com.cdccreditsmart.app               E  ðŸ” Erro 401 - Token invÃ¡lido ou expirado
2026-02-04 22:02:30.622  6908-6908  SimpleHomeViewModel     com.cdccreditsmart.app               W  âš ï¸ Tem contractCode (TUV3TAPS) mas recebeu 401
2026-02-04 22:02:30.627  6908-6908  LocalInstallmentStorage com.cdccreditsmart.app               W  âš ï¸ Nenhuma parcela armazenada localmente
2026-02-04 22:02:30.627  6908-6908  SimpleHomeViewModel     com.cdccreditsmart.app               W  â³ Sem cache disponÃ­vel - dispositivo ainda sincronizando
2026-02-04 22:02:30.747  6908-6908  ScrollIdentify          com.cdccreditsmart.app               I  on fling
2026-02-04 22:02:32.010  6908-6908  SimpleHomeViewModel     com.cdccreditsmart.app               D  ðŸ”„ Refreshing installments data...
2026-02-04 22:02:32.013  6908-6908  SecureTokenStorage      com.cdccreditsmart.app               D  âœ… Usando IMEI para MDM: 3531***198
2026-02-04 22:02:32.013  6908-6908  SimpleHomeViewModel     com.cdccreditsmart.app               D  ðŸ“¦ VerificaÃ§Ã£o de autenticaÃ§Ã£o:
2026-02-04 22:02:32.013  6908-6908  SimpleHomeViewModel     com.cdccreditsmart.app               D     Token: presente
2026-02-04 22:02:32.013  6908-6908  SimpleHomeViewModel     com.cdccreditsmart.app               D     DeviceInfo: presente
2026-02-04 22:02:32.014  6908-6908  SimpleHomeViewModel     com.cdccreditsmart.app               D     ContractCode: presente
2026-02-04 22:02:32.016  6908-6908  NetworkConnectivity     com.cdccreditsmart.app               D  âœ… Conectado via WiFi com internet
2026-02-04 22:02:32.016  6908-6908  SimpleHomeViewModel     com.cdccreditsmart.app               D  ðŸ“¡ Fetching device installments from /api/apk/device/installments...
2026-02-04 22:02:32.021  6908-7742  SimpleHomeViewModel     com.cdccreditsmart.app               D  âœ… Added Authorization header with token
2026-02-04 22:02:32.022  6908-7742  SecureTokenStorage      com.cdccreditsmart.app               D  âœ… Usando IMEI para MDM: 3531***198
2026-02-04 22:02:32.025  6908-7742  SimpleHomeViewModel     com.cdccreditsmart.app               D  ðŸ“± Added X-Device-IMEI header
2026-02-04 22:02:32.025  6908-7742  SimpleHomeViewModel     com.cdccreditsmart.app               D  ðŸ“± Added X-Device-SerialNumber header
2026-02-04 22:02:32.025  6908-7742  SimpleHomeViewModel     com.cdccreditsmart.app               D  ðŸ“± Added X-Device-ID header
2026-02-04 22:02:32.026  6908-7742  SimpleHomeViewModel     com.cdccreditsmart.app               D  ðŸ“¤ Request URL: https://cdccreditsmart.com/api/apk/device/installments
2026-02-04 22:02:32.311  6908-7742  SimpleHomeViewModel     com.cdccreditsmart.app               D  ðŸ“¥ Response Code: 401
2026-02-04 22:02:32.313  6908-6908  SimpleHomeViewModel     com.cdccreditsmart.app               E  âŒ API error: 401
2026-02-04 22:02:32.313  6908-6908  SimpleHomeViewModel     com.cdccreditsmart.app               E  âŒ Error body: {"error":"Token invÃ¡lido ou expirado"}
2026-02-04 22:02:32.313  6908-6908  SimpleHomeViewModel     com.cdccreditsmart.app               E  ðŸ” Erro 401 - Token invÃ¡lido ou expirado
2026-02-04 22:02:32.313  6908-6908  SimpleHomeViewModel     com.cdccreditsmart.app               W  âš ï¸ Tem contractCode (TUV3TAPS) mas recebeu 401
2026-02-04 22:02:32.315  6908-6908  LocalInstallmentStorage com.cdccreditsmart.app               W  âš ï¸ Nenhuma parcela armazenada localmente
2026-02-04 22:02:32.315  6908-6908  SimpleHomeViewModel     com.cdccreditsmart.app               W  â³ Sem cache disponÃ­vel - dispositivo ainda sincronizando
2026-02-04 22:02:33.075  6908-6908  ScrollIdentify          com.cdccreditsmart.app               I  on fling
2026-02-04 22:02:44.971  6908-6908  WebSocketManager        com.cdccreditsmart.app               D  Heartbeat ping sent
2026-02-04 22:02:45.168  6908-7727  WebSocketManager        com.cdccreditsmart.app               D  Message received: {"type":"pong","timestamp":"2026-02-05T01:02:45.069Z"}...
2026-02-04 22:02:45.169  6908-7727  WebSocketManager        com.cdccreditsmart.app               D  Received message type: pong
2026-02-04 22:02:45.169  6908-7727  WebSocketManager        com.cdccreditsmart.app               D  Pong received
2026-02-04 22:02:45.169  6908-6908  WebSocketManager        com.cdccreditsmart.app               D  Heartbeat ping sent
2026-02-04 22:02:45.373  6908-7727  WebSocketManager        com.cdccreditsmart.app               D  Message received: {"type":"pong","timestamp":"2026-02-05T01:02:45.267Z"}...
2026-02-04 22:02:45.373  6908-7727  WebSocketManager        com.cdccreditsmart.app               D  Received message type: pong
2026-02-04 22:02:45.373  6908-7727  WebSocketManager        com.cdccreditsmart.app               D  Pong received
2026-02-04 22:02:45.536  6908-6908  WebSocketManager        com.cdccreditsmart.app               D  Heartbeat ping sent
2026-02-04 22:02:45.584  6908-7732  MdmCommandReceiver      com.cdccreditsmart.app               I  ðŸ” [Polling #2] Verificando comandos pendentes...
2026-02-04 22:02:45.593  6908-7732  SecureTokenStorage      com.cdccreditsmart.app               D  âœ… Usando IMEI para MDM: 3531***198
2026-02-04 22:02:45.593  6908-7732  MdmCommandReceiver      com.cdccreditsmart.app               I  ðŸ” ========================================
2026-02-04 22:02:45.594  6908-7732  MdmCommandReceiver      com.cdccreditsmart.app               I  ðŸ” BUSCANDO COMANDOS PENDENTES
2026-02-04 22:02:45.594  6908-7732  MdmCommandReceiver      com.cdccreditsmart.app               I  ðŸ” ========================================
2026-02-04 22:02:45.594  6908-7732  MdmCommandReceiver      com.cdccreditsmart.app               I  ðŸ” Identifier: 353104906953198
2026-02-04 22:02:45.594  6908-7732  MdmCommandReceiver      com.cdccreditsmart.app               I  ðŸ” Endpoint: GET /api/apk/device/353104906953198/commands
2026-02-04 22:02:45.598  6908-7732  MdmCommandReceiver      com.cdccreditsmart.app               D  ðŸ” Executando requisiÃ§Ã£o HTTP (timeout: 15s)...
2026-02-04 22:02:45.611  6908-7739  okhttp.OkHttpClient     com.cdccreditsmart.app               I  --> GET https://cdccreditsmart.com/api/apk/device/353104906953198/commands
2026-02-04 22:02:45.611  6908-7739  okhttp.OkHttpClient     com.cdccreditsmart.app               I  --> END GET
2026-02-04 22:02:45.733  6908-6908  WebSocketManager        com.cdccreditsmart.app               D  Heartbeat ping sent
2026-02-04 22:02:45.739  6908-7737  WebSocketManager        com.cdccreditsmart.app               D  Message received: {"type":"pong","timestamp":"2026-02-05T01:02:45.636Z"}...
2026-02-04 22:02:45.739  6908-7737  WebSocketManager        com.cdccreditsmart.app               D  Received message type: pong
2026-02-04 22:02:45.739  6908-7737  WebSocketManager        com.cdccreditsmart.app               D  Pong received
2026-02-04 22:02:45.936  6908-7737  WebSocketManager        com.cdccreditsmart.app               D  Message received: {"type":"pong","timestamp":"2026-02-05T01:02:45.835Z"}...
2026-02-04 22:02:45.937  6908-7737  WebSocketManager        com.cdccreditsmart.app               D  Received message type: pong
2026-02-04 22:02:45.937  6908-7737  WebSocketManager        com.cdccreditsmart.app               D  Pong received
2026-02-04 22:02:46.028  6908-7739  okhttp.OkHttpClient     com.cdccreditsmart.app               I  <-- 404 https://cdccreditsmart.com/api/apk/device/353104906953198/commands (416ms)
2026-02-04 22:02:46.028  6908-7739  okhttp.OkHttpClient     com.cdccreditsmart.app               I  access-control-allow-credentials: true
2026-02-04 22:02:46.028  6908-7739  okhttp.OkHttpClient     com.cdccreditsmart.app               I  access-control-allow-headers: Origin, X-Requested-With, Content-Type, Accept, Authorization, x-client-key, x-client-token, x-client-secret, cache-control
2026-02-04 22:02:46.029  6908-7739  okhttp.OkHttpClient     com.cdccreditsmart.app               I  access-control-allow-methods: GET, POST, PUT, PATCH, DELETE, OPTIONS
2026-02-04 22:02:46.029  6908-7739  okhttp.OkHttpClient     com.cdccreditsmart.app               I  access-control-allow-origin: *
2026-02-04 22:02:46.029  6908-7739  okhttp.OkHttpClient     com.cdccreditsmart.app               I  access-control-max-age: 86400
2026-02-04 22:02:46.029  6908-7739  okhttp.OkHttpClient     com.cdccreditsmart.app               I  content-length: 108
2026-02-04 22:02:46.029  6908-7739  okhttp.OkHttpClient     com.cdccreditsmart.app               I  content-security-policy: default-src 'self'; script-src 'self' 'unsafe-inline' 'unsafe-eval' https://replit.com; style-src 'self' 'unsafe-inline' https://replit.com; img-src 'self' data: https:; font-src 'self' data: https://replit.com; connect-src 'self';
2026-02-04 22:02:46.029  6908-7739  okhttp.OkHttpClient     com.cdccreditsmart.app               I  content-type: application/json; charset=utf-8
2026-02-04 22:02:46.029  6908-7739  okhttp.OkHttpClient     com.cdccreditsmart.app               I  date: Thu, 05 Feb 2026 01:02:45 GMT
2026-02-04 22:02:46.029  6908-7739  okhttp.OkHttpClient     com.cdccreditsmart.app               I  etag: W/"6c-vuuciI00e6Pw0rqSTJRUmUCYNYs"
2026-02-04 22:02:46.029  6908-7739  okhttp.OkHttpClient     com.cdccreditsmart.app               I  permissions-policy: geolocation=(), microphone=(), camera=()
2026-02-04 22:02:46.030  6908-7739  okhttp.OkHttpClient     com.cdccreditsmart.app               I  referrer-policy: strict-origin-when-cross-origin
2026-02-04 22:02:46.030  6908-7739  okhttp.OkHttpClient     com.cdccreditsmart.app               I  strict-transport-security: max-age=63072000; includeSubDomains
2026-02-04 22:02:46.030  6908-7739  okhttp.OkHttpClient     com.cdccreditsmart.app               I  strict-transport-security: max-age=31536000; includeSubDomains
2026-02-04 22:02:46.030  6908-7739  okhttp.OkHttpClient     com.cdccreditsmart.app               I  x-anti-fraud-protection: active
2026-02-04 22:02:46.030  6908-7739  okhttp.OkHttpClient     com.cdccreditsmart.app               I  x-certificate-pinning-enabled: false
2026-02-04 22:02:46.030  6908-7739  okhttp.OkHttpClient     com.cdccreditsmart.app               I  x-certificate-pinning-status: disabled-for-stability
2026-02-04 22:02:46.030  6908-7739  okhttp.OkHttpClient     com.cdccreditsmart.app               I  x-content-type-options: nosniff
2026-02-04 22:02:46.030  6908-7739  okhttp.OkHttpClient     com.cdccreditsmart.app               I  x-financial-data-protection: enabled
2026-02-04 22:02:46.030  6908-7739  okhttp.OkHttpClient     com.cdccreditsmart.app               I  x-frame-options: DENY
2026-02-04 22:02:46.030  6908-7739  okhttp.OkHttpClient     com.cdccreditsmart.app               I  x-transaction-security-level: maximum
2026-02-04 22:02:46.031  6908-7739  okhttp.OkHttpClient     com.cdccreditsmart.app               I  x-xss-protection: 1; mode=block
2026-02-04 22:02:46.031  6908-7739  okhttp.OkHttpClient     com.cdccreditsmart.app               I  via: 1.1 google
2026-02-04 22:02:46.031  6908-7739  okhttp.OkHttpClient     com.cdccreditsmart.app               I  alt-svc: h3=":443"; ma=2592000,h3-29=":443"; ma=2592000
2026-02-04 22:02:46.032  6908-7739  okhttp.OkHttpClient     com.cdccreditsmart.app               I  {"error":"Dispositivo nÃ£o encontrado","hint":"Use IMEI, Serial Number ou Device ID do aparelho cadastrado"}
2026-02-04 22:02:46.033  6908-7739  okhttp.OkHttpClient     com.cdccreditsmart.app               I  <-- END HTTP (108-byte body)
2026-02-04 22:02:46.036  6908-7732  MdmCommandReceiver      com.cdccreditsmart.app               I  ðŸ” HTTP Response code: 404
2026-02-04 22:02:46.037  6908-7732  MdmCommandReceiver      com.cdccreditsmart.app               I  ðŸ” HTTP isSuccessful: false
2026-02-04 22:02:46.037  6908-7732  MdmCommandReceiver      com.cdccreditsmart.app               E  âŒ ========================================
2026-02-04 22:02:46.037  6908-7732  MdmCommandReceiver      com.cdccreditsmart.app               E  âŒ ERRO AO BUSCAR COMANDOS PENDENTES
2026-02-04 22:02:46.037  6908-7732  MdmCommandReceiver      com.cdccreditsmart.app               E  âŒ ========================================
2026-02-04 22:02:46.037  6908-7732  MdmCommandReceiver      com.cdccreditsmart.app               E  âŒ HTTP Status: 404
2026-02-04 22:02:46.037  6908-7732  MdmCommandReceiver      com.cdccreditsmart.app               E  âŒ HTTP Message: 
2026-02-04 22:02:46.037  6908-7732  MdmCommandReceiver      com.cdccreditsmart.app               E  âŒ Error body: {"error":"Dispositivo nÃ£o encontrado","hint":"Use IMEI, Serial Number ou Device ID do aparelho cadastrado"}
2026-02-04 22:02:46.038  6908-7732  MdmCommandReceiver      com.cdccreditsmart.app               E  âŒ ========================================
2026-02-04 22:02:46.038  6908-7732  MdmCommandReceiver      com.cdccreditsmart.app               E  âŒ Device nÃ£o encontrado no backend!
2026-02-04 22:02:46.038  6908-7732  MdmCommandReceiver      com.cdccreditsmart.app               E  âŒ Identifier usado: 353104906953198
