2025-12-08 07:12:25.317  7856-7856  KeepAliveReceiver       com.cdccreditsmart.app               I  â° ========================================
2025-12-08 07:12:25.317  7856-7856  KeepAliveReceiver       com.cdccreditsmart.app               I  â° ALARM WAKEUP: Verificando serviÃ§o
2025-12-08 07:12:25.318  7856-7856  KeepAliveReceiver       com.cdccreditsmart.app               I  â° ========================================
2025-12-08 07:12:25.318  7856-7856  KeepAliveManager        com.cdccreditsmart.app               D  âœ… CdcForegroundService estÃ¡ ativo
2025-12-08 07:12:25.318  7856-7856  KeepAliveReceiver       com.cdccreditsmart.app               I  âœ… ALARM: ServiÃ§o verificado com sucesso
2025-12-08 07:12:25.320  7856-7856  KeepAliveManager        com.cdccreditsmart.app               I  âœ… AlarmManager wakeup agendado (10min)
2025-12-08 07:12:25.320  7856-7856  KeepAliveReceiver       com.cdccreditsmart.app               I  â° PrÃ³ximo wakeup agendado
2025-12-08 07:12:25.320  7856-7856  KeepAliveReceiver       com.cdccreditsmart.app               I  â° ========================================
2025-12-08 07:12:25.354  7856-8293  PeriodicOverlayWorker   com.cdccreditsmart.app               I  
2025-12-08 07:12:25.354  7856-8293  PeriodicOverlayWorker   com.cdccreditsmart.app               I  â•”â•â•â•â•â•â•â•â•â•â•â•â•â•â•â•â•â•â•â•â•â•â•â•â•â•â•â•â•â•â•â•â•â•â•â•â•â•â•â•â•â•â•â•â•â•â•â•â•â•â•â•â•â•â•â•â•â•—
2025-12-08 07:12:25.354  7856-8293  PeriodicOverlayWorker   com.cdccreditsmart.app               I  â•‘  ğŸ”” VERIFICAÃ‡ÃƒO PERIÃ“DICA DE OVERLAY                  â•‘
2025-12-08 07:12:25.354  7856-8293  PeriodicOverlayWorker   com.cdccreditsmart.app               I  â•šâ•â•â•â•â•â•â•â•â•â•â•â•â•â•â•â•â•â•â•â•â•â•â•â•â•â•â•â•â•â•â•â•â•â•â•â•â•â•â•â•â•â•â•â•â•â•â•â•â•â•â•â•â•â•â•â•â•
2025-12-08 07:12:25.366  7856-8293  PeriodicOverlayWorker   com.cdccreditsmart.app               I  ğŸ“Š Status de bloqueio:
2025-12-08 07:12:25.367  7856-8293  PeriodicOverlayWorker   com.cdccreditsmart.app               I     Current Level: 0
2025-12-08 07:12:25.367  7856-8293  PeriodicOverlayWorker   com.cdccreditsmart.app               I     Days Overdue: 0
2025-12-08 07:12:25.367  7856-8293  PeriodicOverlayWorker   com.cdccreditsmart.app               I     Manual Block: false
2025-12-08 07:12:25.367  7856-8293  PeriodicOverlayWorker   com.cdccreditsmart.app               I     Blocked Apps: 0
2025-12-08 07:12:25.367  7856-8293  PeriodicOverlayWorker   com.cdccreditsmart.app               I  âœ… Sem bloqueio ativo - overlay nÃ£o serÃ¡ mostrado
2025-12-08 07:12:25.367  7856-8293  PeriodicOverlayWorker   com.cdccreditsmart.app               I  
2025-12-08 07:12:25.368  7856-7902  WM-WorkerWrapper        com.cdccreditsmart.app               I  Worker result SUCCESS for Work [ id=028185d2-163a-4ef1-a1ad-dd496f337682, tags={ com.cdccreditsmart.app.workers.PeriodicOverlayWorker } ]
2025-12-08 07:12:25.381  7856-7900  ServiceWatchdogWorker   com.cdccreditsmart.app               I  ğŸ” ========================================
2025-12-08 07:12:25.381  7856-7900  ServiceWatchdogWorker   com.cdccreditsmart.app               I  ğŸ” WATCHDOG: Verificando CdcForegroundService
2025-12-08 07:12:25.381  7856-7900  ServiceWatchdogWorker   com.cdccreditsmart.app               I  ğŸ” ========================================
2025-12-08 07:12:25.382  7856-7900  KeepAliveManager        com.cdccreditsmart.app               D  âœ… CdcForegroundService estÃ¡ ativo
2025-12-08 07:12:25.383  7856-7900  ServiceWatchdogWorker   com.cdccreditsmart.app               I  ğŸ“Š EstatÃ­sticas Keep Alive:
2025-12-08 07:12:25.383  7856-7900  ServiceWatchdogWorker   com.cdccreditsmart.app               I     - ServiÃ§o ativo: true
2025-12-08 07:12:25.383  7856-7900  ServiceWatchdogWorker   com.cdccreditsmart.app               I     - Restarts: 0
2025-12-08 07:12:25.383  7856-7900  ServiceWatchdogWorker   com.cdccreditsmart.app               I     - OtimizaÃ§Ã£o bateria: NÃƒO (bom)
2025-12-08 07:12:25.383  7856-7900  ServiceWatchdogWorker   com.cdccreditsmart.app               I  ğŸ” ========================================
2025-12-08 07:12:25.383  7856-7900  ServiceWatchdogWorker   com.cdccreditsmart.app               I  âœ… WATCHDOG: ServiÃ§o verificado/reiniciado com sucesso
2025-12-08 07:12:25.385  7856-7904  WM-WorkerWrapper        com.cdccreditsmart.app               I  Worker result SUCCESS for Work [ id=b9211853-fc9c-442a-8b45-6a4915c352cc, tags={ com.cdccreditsmart.app.keepalive.ServiceWatchdogWorker, service_watchdog } ]
---------------------------- PROCESS ENDED (7856) for package com.cdccreditsmart.app ----------------------------
---------------------------- PROCESS STARTED (8368) for package com.cdccreditsmart.app ----------------------------
2025-12-08 07:16:16.646  8368-8368  nativeloader            com.cdccreditsmart.app               D  Load libframework-connectivity-tiramisu-jni.so using APEX ns com_android_tethering for caller /apex/com.android.tethering/javalib/framework-connectivity-t.jar: ok
2025-12-08 07:16:16.730  8368-8368  nativeloader            com.cdccreditsmart.app               D  Load /data/user/0/com.cdccreditsmart.app/code_cache/startup_agents/5b4f70e9-agent.so using system ns (caller=<unknown>): ok
2025-12-08 07:16:16.741  8368-8368  creditsmart.app         com.cdccreditsmart.app               W  hiddenapi: DexFile /data/data/com.cdccreditsmart.app/code_cache/.studio/instruments-25d868d4.jar is in boot class path but is not in a known location
2025-12-08 07:16:16.857  8368-8368  creditsmart.app         com.cdccreditsmart.app               W  Redefining intrinsic method java.lang.Thread java.lang.Thread.currentThread(). This may cause the unexpected use of the original definition of java.lang.Thread java.lang.Thread.currentThread()in methods that have already been compiled.
2025-12-08 07:16:16.857  8368-8368  creditsmart.app         com.cdccreditsmart.app               W  Redefining intrinsic method boolean java.lang.Thread.interrupted(). This may cause the unexpected use of the original definition of boolean java.lang.Thread.interrupted()in methods that have already been compiled.
2025-12-08 07:16:17.679  8368-8368  nativeloader            com.cdccreditsmart.app               D  Configuring clns-9 for other apk /data/app/~~chs9wzbylCZXI5gnL3zwsg==/com.cdccreditsmart.app-tC-Acy1y-ZMQzxlmBPozVQ==/base.apk. target_sdk_version=35, uses_libraries=, library_path=/data/app/~~chs9wzbylCZXI5gnL3zwsg==/com.cdccreditsmart.app-tC-Acy1y-ZMQzxlmBPozVQ==/lib/x86_64:/data/app/~~chs9wzbylCZXI5gnL3zwsg==/com.cdccreditsmart.app-tC-Acy1y-ZMQzxlmBPozVQ==/base.apk!/lib/x86_64, permitted_path=/data:/mnt/expand:/data/user/0/com.cdccreditsmart.app
2025-12-08 07:16:17.683  8368-8368  CompatChangeReporter    com.cdccreditsmart.app               D  Compat change id reported: 202956589; UID 10217; state: ENABLED
2025-12-08 07:16:17.688  8368-8368  creditsmart.app         com.cdccreditsmart.app               I  AssetManager2(0x7ee65a139f38) locale list changing from [] to [en-US]
2025-12-08 07:16:17.692  8368-8368  creditsmart.app         com.cdccreditsmart.app               I  AssetManager2(0x7ee65a134498) locale list changing from [] to [en-US]
2025-12-08 07:16:17.701  8368-8368  GraphicsEnvironment     com.cdccreditsmart.app               V  Currently set values for:
2025-12-08 07:16:17.701  8368-8368  GraphicsEnvironment     com.cdccreditsmart.app               V    angle_gl_driver_selection_pkgs=[]
2025-12-08 07:16:17.701  8368-8368  GraphicsEnvironment     com.cdccreditsmart.app               V    angle_gl_driver_selection_values=[]
2025-12-08 07:16:17.701  8368-8368  GraphicsEnvironment     com.cdccreditsmart.app               V  com.cdccreditsmart.app is not listed in per-application setting
2025-12-08 07:16:17.702  8368-8368  GraphicsEnvironment     com.cdccreditsmart.app               V  ANGLE allowlist from config: com.dreamgames.royalmatch com.dts.freefiremax com.dxx.firenow com.gramgames.mergedragons com.ludo.king com.mojang.minecraftpe com.my.defense com.nintendo.zaka com.os.airforce com.playrix.fishdomdd.gplay io.teslatech.callbreak jp.konami.prospia net.peakgames.toonblast
2025-12-08 07:16:17.702  8368-8368  GraphicsEnvironment     com.cdccreditsmart.app               V  com.cdccreditsmart.app is not listed in ANGLE allowlist or settings, returning default
2025-12-08 07:16:17.702  8368-8368  GraphicsEnvironment     com.cdccreditsmart.app               V  Neither updatable production driver nor prerelease driver is supported.
2025-12-08 07:16:17.799  8368-8368  FirebaseApp             com.cdccreditsmart.app               I  Device unlocked: initializing all Firebase APIs for app [DEFAULT]
2025-12-08 07:16:17.839  8368-8368  FirebaseInitProvider    com.cdccreditsmart.app               I  FirebaseApp initialization successful
2025-12-08 07:16:17.840  8368-8385  creditsmart.app         com.cdccreditsmart.app               W  ClassLoaderContext classpath size mismatch. expected=1, found=0 (DLC[];PCL[base.apk*630649996]{PCL[/system/framework/org.apache.http.legacy.jar*4247870504]#PCL[/system/framework/com.android.media.remotedisplay.jar*487574312]#PCL[/system/framework/com.android.location.provider.jar*1570284764]#PCL[/system_ext/framework/androidx.window.extensions.jar*1030441313]#PCL[/system_ext/framework/androidx.window.sidecar.jar*3860983653]} | DLC[];PCL[])
2025-12-08 07:16:17.848  8368-8368  WM-WrkMgrInitializer    com.cdccreditsmart.app               D  Initializing WorkManager with default configuration.
2025-12-08 07:16:17.849  8368-8385  DynamiteModule          com.cdccreditsmart.app               I  Considering local module com.google.android.gms.measurement.dynamite:127 and remote module com.google.android.gms.measurement.dynamite:170
2025-12-08 07:16:17.849  8368-8385  DynamiteModule          com.cdccreditsmart.app               I  Selected remote version of com.google.android.gms.measurement.dynamite, version >= 170
2025-12-08 07:16:17.849  8368-8385  DynamiteModule          com.cdccreditsmart.app               V  Dynamite loader version >= 2, using loadModule2NoCrashUtils
2025-12-08 07:16:17.867  8368-8385  System                  com.cdccreditsmart.app               W  ClassLoader referenced unknown path: 
2025-12-08 07:16:17.867  8368-8385  nativeloader            com.cdccreditsmart.app               D  Configuring clns-10 for other apk . target_sdk_version=36, uses_libraries=, library_path=/data/app/~~zx3jiJ5pisjeFTdNP-5opw==/com.google.android.gms-3nPWoadPDBB_93o_M0xFRQ==/lib/x86_64:/data/app/~~zx3jiJ5pisjeFTdNP-5opw==/com.google.android.gms-3nPWoadPDBB_93o_M0xFRQ==/base.apk!/lib/x86_64, permitted_path=/data:/mnt/expand:/data/user/0/com.google.android.gms
2025-12-08 07:16:17.873  8368-8385  creditsmart.app         com.cdccreditsmart.app               I  AssetManager2(0x7ee65a13b1f8) locale list changing from [] to [en-US]
2025-12-08 07:16:17.880  8368-8385  creditsmart.app         com.cdccreditsmart.app               W  ClassLoaderContext classpath element checksum mismatch. expected=630649996, found=733539388 (DLC[];PCL[base.apk*630649996]{PCL[/system/framework/org.apache.http.legacy.jar*4247870504]#PCL[/system/framework/com.android.media.remotedisplay.jar*487574312]#PCL[/system/framework/com.android.location.provider.jar*1570284764]#PCL[/system_ext/framework/androidx.window.extensions.jar*1030441313]#PCL[/system_ext/framework/androidx.window.sidecar.jar*3860983653]} | DLC[];PCL[/data/app/~~chs9wzbylCZXI5gnL3zwsg==/com.cdccreditsmart.app-tC-Acy1y-ZMQzxlmBPozVQ==/base.apk*733539388])
2025-12-08 07:16:17.888  8368-8385  creditsmart.app         com.cdccreditsmart.app               I  AssetManager2(0x7ee65a137ff8) locale list changing from [] to [en-US]
2025-12-08 07:16:17.889  8368-8385  creditsmart.app         com.cdccreditsmart.app               I  AssetManager2(0x7ee65a13b838) locale list changing from [] to [en-US]
2025-12-08 07:16:17.974  8368-8395  creditsmart.app         com.cdccreditsmart.app               I  hiddenapi: Accessing hidden method Ldalvik/system/VMStack;->getStackClass2()Ljava/lang/Class; (runtime_flags=0, domain=core-platform, api=unsupported) from Lm7/aox; (domain=app) using reflection: allowed
2025-12-08 07:16:17.986  8368-8395  PhClient                com.cdccreditsmart.app               I  Unable to retrieve flag snapshot for com.google.android.gms.measurement#com.cdccreditsmart.app, using defaults.
2025-12-08 07:16:17.989  8368-8393  creditsmart.app         com.cdccreditsmart.app               E  No package ID 6a found for resource ID 0x6a0b0013.
2025-12-08 07:16:17.991  8368-8393  FA                      com.cdccreditsmart.app               I  App measurement initialized, version: 146007
2025-12-08 07:16:17.991  8368-8393  FA                      com.cdccreditsmart.app               I  To enable debug logging run: adb shell setprop log.tag.FA VERBOSE
2025-12-08 07:16:17.991  8368-8393  FA                      com.cdccreditsmart.app               I  To enable faster debug mode event logging run:
                                                                                                      adb shell setprop debug.firebase.analytics.app com.cdccreditsmart.app
2025-12-08 07:16:18.003  8368-8368  WM-PackageManagerHelper com.cdccreditsmart.app               D  Skipping component enablement for androidx.work.impl.background.systemjob.SystemJobService
2025-12-08 07:16:18.003  8368-8368  WM-Schedulers           com.cdccreditsmart.app               D  Created SystemJobScheduler and enabled SystemJobService
2025-12-08 07:16:18.016  8368-8368  CompatChangeReporter    com.cdccreditsmart.app               D  Compat change id reported: 279646685; UID 10217; state: ENABLED
2025-12-08 07:16:18.017  8368-8393  ashmem                  com.cdccreditsmart.app               E  Pinning is deprecated since Android Q. Please use trim or other methods.
2025-12-08 07:16:18.029  8368-8368  CrashHandler            com.cdccreditsmart.app               I  âœ… Global crash handler instalado
2025-12-08 07:16:18.029  8368-8368  CDCApplication          com.cdccreditsmart.app               I  ğŸš€ CDC Credit Smart Application iniciando...
2025-12-08 07:16:18.037  8368-8368  CDCApplication          com.cdccreditsmart.app               I  ========================================
2025-12-08 07:16:18.037  8368-8368  CDCApplication          com.cdccreditsmart.app               I  ğŸ” Verificando status de Device Owner...
2025-12-08 07:16:18.039  8368-8368  CompatChangeReporter    com.cdccreditsmart.app               D  Compat change id reported: 307233716; UID 10217; state: ENABLED
2025-12-08 07:16:18.040  8368-8368  CDCApplication          com.cdccreditsmart.app               I  Device Owner Status: âŒ NÃƒO
2025-12-08 07:16:18.040  8368-8368  CDCApplication          com.cdccreditsmart.app               I  Package Name: com.cdccreditsmart.app
2025-12-08 07:16:18.040  8368-8368  CDCApplication          com.cdccreditsmart.app               E  
2025-12-08 07:16:18.040  8368-8368  CDCApplication          com.cdccreditsmart.app               E  â•”â•â•â•â•â•â•â•â•â•â•â•â•â•â•â•â•â•â•â•â•â•â•â•â•â•â•â•â•â•â•â•â•â•â•â•â•â•â•â•â•â•â•â•â•â•â•â•â•â•â•â•â•â•â•â•â•â•—
2025-12-08 07:16:18.040  8368-8368  CDCApplication          com.cdccreditsmart.app               E  â•‘  âš ï¸  APP NÃƒO ESTÃ PROVISIONADO COMO DEVICE OWNER  âš ï¸   â•‘
2025-12-08 07:16:18.040  8368-8368  CDCApplication          com.cdccreditsmart.app               E  â• â•â•â•â•â•â•â•â•â•â•â•â•â•â•â•â•â•â•â•â•â•â•â•â•â•â•â•â•â•â•â•â•â•â•â•â•â•â•â•â•â•â•â•â•â•â•â•â•â•â•â•â•â•â•â•â•â•£
2025-12-08 07:16:18.040  8368-8368  CDCApplication          com.cdccreditsmart.app               E  â•‘  O app precisa ser provisionado como Device Owner      â•‘
2025-12-08 07:16:18.040  8368-8368  CDCApplication          com.cdccreditsmart.app               E  â•‘  ANTES de poder conceder permissÃµes automaticamente.   â•‘
2025-12-08 07:16:18.040  8368-8368  CDCApplication          com.cdccreditsmart.app               E  â•‘                                                        â•‘
2025-12-08 07:16:18.040  8368-8368  CDCApplication          com.cdccreditsmart.app               E  â•‘  Provisione o dispositivo usando um dos mÃ©todos:       â•‘
2025-12-08 07:16:18.040  8368-8368  CDCApplication          com.cdccreditsmart.app               E  â•‘  1. ADB: adb shell dpm set-device-owner ...           â•‘
2025-12-08 07:16:18.040  8368-8368  CDCApplication          com.cdccreditsmart.app               E  â•‘  2. QR Code durante setup inicial                      â•‘
2025-12-08 07:16:18.040  8368-8368  CDCApplication          com.cdccreditsmart.app               E  â•‘  3. NFC durante setup inicial                          â•‘
2025-12-08 07:16:18.040  8368-8368  CDCApplication          com.cdccreditsmart.app               E  â•‘  4. Samsung Knox Mobile Enrollment                     â•‘
2025-12-08 07:16:18.040  8368-8368  CDCApplication          com.cdccreditsmart.app               E  â•šâ•â•â•â•â•â•â•â•â•â•â•â•â•â•â•â•â•â•â•â•â•â•â•â•â•â•â•â•â•â•â•â•â•â•â•â•â•â•â•â•â•â•â•â•â•â•â•â•â•â•â•â•â•â•â•â•â•
2025-12-08 07:16:18.040  8368-8368  CDCApplication          com.cdccreditsmart.app               E  
2025-12-08 07:16:18.040  8368-8368  CDCApplication          com.cdccreditsmart.app               I  ========================================
2025-12-08 07:16:18.043  8368-8368  AppProtectionManager    com.cdccreditsmart.app               I  
2025-12-08 07:16:18.043  8368-8368  AppProtectionManager    com.cdccreditsmart.app               I  â•”â•â•â•â•â•â•â•â•â•â•â•â•â•â•â•â•â•â•â•â•â•â•â•â•â•â•â•â•â•â•â•â•â•â•â•â•â•â•â•â•â•â•â•â•â•â•â•â•â•â•â•â•â•â•â•â•â•â•â•â•â•â•â•â•â•—
2025-12-08 07:16:18.044  8368-8368  AppProtectionManager    com.cdccreditsmart.app               I  â•‘     ğŸ›¡ï¸ APLICANDO MELHOR PROTEÃ‡ÃƒO DISPONÃVEL                    â•‘
2025-12-08 07:16:18.044  8368-8368  AppProtectionManager    com.cdccreditsmart.app               I  â•‘           CDC CREDIT SMART - PROTEÃ‡ÃƒO EM CAMADAS              â•‘
2025-12-08 07:16:18.044  8368-8368  AppProtectionManager    com.cdccreditsmart.app               I  â•šâ•â•â•â•â•â•â•â•â•â•â•â•â•â•â•â•â•â•â•â•â•â•â•â•â•â•â•â•â•â•â•â•â•â•â•â•â•â•â•â•â•â•â•â•â•â•â•â•â•â•â•â•â•â•â•â•â•â•â•â•â•â•â•â•â•
2025-12-08 07:16:18.044  8368-8368  AppProtectionManager    com.cdccreditsmart.app               I  
2025-12-08 07:16:18.045  8368-8368  AppProtectionManager    com.cdccreditsmart.app               I  ğŸ“‹ STATUS ATUAL:
2025-12-08 07:16:18.045  8368-8368  AppProtectionManager    com.cdccreditsmart.app               I     Device Owner: NÃƒO
2025-12-08 07:16:18.045  8368-8368  AppProtectionManager    com.cdccreditsmart.app               I     Device Admin: SIM
2025-12-08 07:16:18.045  8368-8368  AppProtectionManager    com.cdccreditsmart.app               I  
2025-12-08 07:16:18.045  8368-8368  AppProtectionManager    com.cdccreditsmart.app               I  ğŸ” NÃVEL: DEVICE ADMIN (ProteÃ§Ã£o Parcial)
2025-12-08 07:16:18.045  8368-8368  AppProtectionManager    com.cdccreditsmart.app               I  ========================================
2025-12-08 07:16:18.045  8368-8368  AppProtectionManager    com.cdccreditsmart.app               I  ğŸ” APLICANDO PROTEÃ‡Ã•ES DE DEVICE ADMIN
2025-12-08 07:16:18.045  8368-8368  AppProtectionManager    com.cdccreditsmart.app               I  ========================================
2025-12-08 07:16:18.045  8368-8368  AppProtectionManager    com.cdccreditsmart.app               I  [1/3] Device Admin ativo - desinstalaÃ§Ã£o requer desativar admin primeiro
2025-12-08 07:16:18.045  8368-8368  AppProtectionManager    com.cdccreditsmart.app               I        â†’ UsuÃ¡rio precisa ir em Settings > Security > Device Admins
2025-12-08 07:16:18.045  8368-8368  AppProtectionManager    com.cdccreditsmart.app               I        â†’ Desativar 'CDC Credit Smart' antes de desinstalar
2025-12-08 07:16:18.045  8368-8368  AppProtectionManager    com.cdccreditsmart.app               I  
2025-12-08 07:16:18.045  8368-8368  AppProtectionManager    com.cdccreditsmart.app               I  [2/3] Aplicando persistÃªncia bÃ¡sica...
2025-12-08 07:16:18.045  8368-8368  AppProtectionManager    com.cdccreditsmart.app               I     Iniciando serviÃ§os de persistÃªncia...
2025-12-08 07:16:18.072  8368-8368  AppProtectionManager    com.cdccreditsmart.app               I     âœ… Foreground Service iniciado
2025-12-08 07:16:18.099  8368-8399  CompatChangeReporter    com.cdccreditsmart.app               D  Compat change id reported: 311402873; UID 10217; state: ENABLED
2025-12-08 07:16:18.100  8368-8399  CompatChangeReporter    com.cdccreditsmart.app               D  Compat change id reported: 323349338; UID 10217; state: ENABLED
2025-12-08 07:16:18.132  8368-8368  AppProtectionManager    com.cdccreditsmart.app               I     âœ… ServiceWatchdog agendado (15 min)
2025-12-08 07:16:18.133  8368-8368  AppProtectionManager    com.cdccreditsmart.app               I  
2025-12-08 07:16:18.133  8368-8368  AppProtectionManager    com.cdccreditsmart.app               I  [3/3] ProteÃ§Ãµes de Device Admin limitadas:
2025-12-08 07:16:18.133  8368-8368  AppProtectionManager    com.cdccreditsmart.app               I        âŒ setUninstallBlocked: Requer Device Owner
2025-12-08 07:16:18.133  8368-8368  AppProtectionManager    com.cdccreditsmart.app               I        âŒ setUserControlDisabledPackages: Requer Device Owner
2025-12-08 07:16:18.133  8368-8368  AppProtectionManager    com.cdccreditsmart.app               I        âŒ addUserRestriction: Requer Device Owner
2025-12-08 07:16:18.133  8368-8368  AppProtectionManager    com.cdccreditsmart.app               I        âœ… DesinstalaÃ§Ã£o requer desativar admin primeiro
2025-12-08 07:16:18.133  8368-8368  AppProtectionManager    com.cdccreditsmart.app               I        âœ… Foreground Service mantÃ©m app ativo
2025-12-08 07:16:18.133  8368-8368  AppProtectionManager    com.cdccreditsmart.app               I        âœ… WorkManager mantÃ©m tarefas executando
2025-12-08 07:16:18.133  8368-8368  AppProtectionManager    com.cdccreditsmart.app               I  ========================================
2025-12-08 07:16:18.133  8368-8368  AppProtectionManager    com.cdccreditsmart.app               I  ğŸ“Š RESUMO: Device Admin ativo com proteÃ§Ãµes parciais
2025-12-08 07:16:18.133  8368-8368  AppProtectionManager    com.cdccreditsmart.app               I  ========================================
2025-12-08 07:16:18.133  8368-8368  AppProtectionManager    com.cdccreditsmart.app               I  
2025-12-08 07:16:18.134  8368-8368  CDCApplication          com.cdccreditsmart.app               I  
2025-12-08 07:16:18.134  8368-8368  CDCApplication          com.cdccreditsmart.app               I  â•”â•â•â•â•â•â•â•â•â•â•â•â•â•â•â•â•â•â•â•â•â•â•â•â•â•â•â•â•â•â•â•â•â•â•â•â•â•â•â•â•â•â•â•â•â•â•â•â•â•â•â•â•â•â•â•â•â•â•â•â•â•—
2025-12-08 07:16:18.134  8368-8368  CDCApplication          com.cdccreditsmart.app               I  â•‘     RESULTADO DA APLICAÃ‡ÃƒO DE PROTEÃ‡Ã•ES                    â•‘
2025-12-08 07:16:18.134  8368-8368  CDCApplication          com.cdccreditsmart.app               I  â•šâ•â•â•â•â•â•â•â•â•â•â•â•â•â•â•â•â•â•â•â•â•â•â•â•â•â•â•â•â•â•â•â•â•â•â•â•â•â•â•â•â•â•â•â•â•â•â•â•â•â•â•â•â•â•â•â•â•â•â•â•â•
2025-12-08 07:16:18.134  8368-8368  CDCApplication          com.cdccreditsmart.app               I     NÃ­vel: DEVICE_ADMIN
2025-12-08 07:16:18.134  8368-8368  CDCApplication          com.cdccreditsmart.app               I     ProteÃ§Ãµes aplicadas: 2
2025-12-08 07:16:18.134  8368-8368  CDCApplication          com.cdccreditsmart.app               I     Status: PROTEÃ‡ÃƒO PARCIAL (Device Admin)
2025-12-08 07:16:18.135  8368-8368  CDCApplication          com.cdccreditsmart.app               I     DesinstalaÃ§Ã£o requer desativar admin primeiro
2025-12-08 07:16:18.135  8368-8368  CDCApplication          com.cdccreditsmart.app               I  â•šâ•â•â•â•â•â•â•â•â•â•â•â•â•â•â•â•â•â•â•â•â•â•â•â•â•â•â•â•â•â•â•â•â•â•â•â•â•â•â•â•â•â•â•â•â•â•â•â•â•â•â•â•â•â•â•â•â•â•â•â•â•
2025-12-08 07:16:18.135  8368-8368  CDCApplication          com.cdccreditsmart.app               I  
2025-12-08 07:16:18.143  8368-8406  CDCApplication          com.cdccreditsmart.app               D  ğŸ‘¤ App nÃ£o Ã© Device Owner - pulando criaÃ§Ã£o de usuÃ¡rio secundÃ¡rio
2025-12-08 07:16:18.144  8368-8368  TamperDetection         com.cdccreditsmart.app               I  ========================================
2025-12-08 07:16:18.144  8368-8368  TamperDetection         com.cdccreditsmart.app               I  ğŸ” VERIFICANDO INTEGRIDADE DO DISPOSITIVO
2025-12-08 07:16:18.144  8368-8368  TamperDetection         com.cdccreditsmart.app               I  ========================================
2025-12-08 07:16:18.339  8368-8368  SecureTokenStorage      com.cdccreditsmart.app               D  EncryptedSharedPreferences initialized successfully
2025-12-08 07:16:18.343  8368-8368  TamperDetection         com.cdccreditsmart.app               I  âœ… Primeira instalaÃ§Ã£o detectada
2025-12-08 07:16:18.343  8368-8368  TamperDetection         com.cdccreditsmart.app               I     Token e deviceId nÃ£o existem - app nunca foi pareado
2025-12-08 07:16:18.343  8368-8368  TamperDetection         com.cdccreditsmart.app               I  ========================================
2025-12-08 07:16:18.350  8368-8368  libc                    com.cdccreditsmart.app               W  Access denied finding property "ro.boot.bootreason"
2025-12-08 07:16:18.352  8368-8368  TamperDetection         com.cdccreditsmart.app               I  
2025-12-08 07:16:18.344  8368-8368  creditsmart.app         com.cdccreditsmart.app               W  type=1400 audit(0.0:264): avc:  denied  { read } for  name="u:object_r:bootloader_boot_reason_prop:s0" dev="tmpfs" ino=83 scontext=u:r:untrusted_app:s0:c217,c256,c512,c768 tcontext=u:object_r:bootloader_boot_reason_prop:s0 tclass=file permissive=0 app=com.cdccreditsmart.app
2025-12-08 07:16:18.352  8368-8368  TamperDetection         com.cdccreditsmart.app               I  â•”â•â•â•â•â•â•â•â•â•â•â•â•â•â•â•â•â•â•â•â•â•â•â•â•â•â•â•â•â•â•â•â•â•â•â•â•â•â•â•â•â•â•â•â•â•â•â•â•â•â•â•â•â•â•â•â•â•—
2025-12-08 07:16:18.352  8368-8368  TamperDetection         com.cdccreditsmart.app               I  â•‘    ğŸ“¡ REPORTAR BOOT AO BACKEND (CAMPOS COMPLETOS)     â•‘
2025-12-08 07:16:18.352  8368-8368  TamperDetection         com.cdccreditsmart.app               I  â• â•â•â•â•â•â•â•â•â•â•â•â•â•â•â•â•â•â•â•â•â•â•â•â•â•â•â•â•â•â•â•â•â•â•â•â•â•â•â•â•â•â•â•â•â•â•â•â•â•â•â•â•â•â•â•â•â•£
2025-12-08 07:16:18.359  8368-8368  TamperDetection         com.cdccreditsmart.app               I  â•‘  Device Fingerprint: CDC_-1181676****
2025-12-08 07:16:18.359  8368-8368  TamperDetection         com.cdccreditsmart.app               I  â•‘  Boot Timestamp: 1765188978344
2025-12-08 07:16:18.359  8368-8368  TamperDetection         com.cdccreditsmart.app               I  â•‘  Boot Reason: power_on
2025-12-08 07:16:18.359  8368-8368  TamperDetection         com.cdccreditsmart.app               I  â•‘  Is First Boot After Install: false
2025-12-08 07:16:18.359  8368-8368  TamperDetection         com.cdccreditsmart.app               I  â•‘  Was Factory Reset: true
2025-12-08 07:16:18.359  8368-8368  TamperDetection         com.cdccreditsmart.app               I  â•‘  Android Version: 16
2025-12-08 07:16:18.359  8368-8368  TamperDetection         com.cdccreditsmart.app               I  â•‘  APK Version: 1.0.0-debug
2025-12-08 07:16:18.359  8368-8368  TamperDetection         com.cdccreditsmart.app               I  â•‘  Security Patch Level: 2025-07-05
2025-12-08 07:16:18.359  8368-8368  TamperDetection         com.cdccreditsmart.app               I  â•‘  Encryption Status: unknown
2025-12-08 07:16:18.359  8368-8368  TamperDetection         com.cdccreditsmart.app               I  â•‘  Device Owner Active: false
2025-12-08 07:16:18.359  8368-8368  TamperDetection         com.cdccreditsmart.app               I  â•‘  Has Auth Token: false
2025-12-08 07:16:18.359  8368-8368  TamperDetection         com.cdccreditsmart.app               I  â•‘  Has Device Token: false
2025-12-08 07:16:18.359  8368-8368  TamperDetection         com.cdccreditsmart.app               I  â•‘  IMEI: N/A***
2025-12-08 07:16:18.359  8368-8368  TamperDetection         com.cdccreditsmart.app               I  â•‘  Android ID: 555298e3...
2025-12-08 07:16:18.359  8368-8368  TamperDetection         com.cdccreditsmart.app               I  â•šâ•â•â•â•â•â•â•â•â•â•â•â•â•â•â•â•â•â•â•â•â•â•â•â•â•â•â•â•â•â•â•â•â•â•â•â•â•â•â•â•â•â•â•â•â•â•â•â•â•â•â•â•â•â•â•â•â•
2025-12-08 07:16:18.359  8368-8368  TamperDetection         com.cdccreditsmart.app               I  
2025-12-08 07:16:18.362  8368-8406  TamperDetection         com.cdccreditsmart.app               I  ğŸ“¡ Enviando POST /api/security/device-boot...
2025-12-08 07:16:18.362  8368-8407  CDCApplication          com.cdccreditsmart.app               I  ğŸ”’ Verificando status do SIM no boot da aplicaÃ§Ã£o...
2025-12-08 07:16:18.367  8368-8407  SimSwapManager          com.cdccreditsmart.app               I  ========================================
2025-12-08 07:16:18.376  8368-8407  SimSwapManager          com.cdccreditsmart.app               I  ğŸ”’ SIM SWAP: Iniciando verificaÃ§Ã£o de status do SIM
2025-12-08 07:16:18.376  8368-8407  SimSwapManager          com.cdccreditsmart.app               I  ========================================
2025-12-08 07:16:18.393  8368-8368  SecureTokenStorage      com.cdccreditsmart.app               D  EncryptedSharedPreferences initialized successfully
2025-12-08 07:16:18.396  8368-8368  ContractCodeStorage     com.cdccreditsmart.app               D  Retrieving contract code from storage
2025-12-08 07:16:18.406  8368-8407  SimSwapDetector         com.cdccreditsmart.app               W  ğŸ”’ SIM SWAP: ICCID vazio no SubscriptionInfo
2025-12-08 07:16:18.411  8368-8407  SimSwapDetector         com.cdccreditsmart.app               E  ğŸ”’ SIM SWAP: SecurityException no fallback (Ask Gemini)
                                                                                                    java.lang.SecurityException: getIccSerialNumber: The uid 10217 does not meet the requirements to access device identifiers.
                                                                                                    	at android.os.Parcel.createExceptionOrNull(Parcel.java:3340)
                                                                                                    	at android.os.Parcel.createException(Parcel.java:3324)
                                                                                                    	at android.os.Parcel.readException(Parcel.java:3307)
                                                                                                    	at android.os.Parcel.readException(Parcel.java:3249)
                                                                                                    	at com.android.internal.telephony.IPhoneSubInfo$Stub$Proxy.getIccSerialNumberForSubscriber(IPhoneSubInfo.java:1331)
                                                                                                    	at android.telephony.TelephonyManager.getSimSerialNumber(TelephonyManager.java:4332)
                                                                                                    	at android.telephony.TelephonyManager.getSimSerialNumber(TelephonyManager.java:4289)
                                                                                                    	at com.cdccreditsmart.app.security.SimSwapDetector.getSimSerialFallback(SimSwapDetector.kt:123)
                                                                                                    	at com.cdccreditsmart.app.security.SimSwapDetector.getCurrentSimSerial(SimSwapDetector.kt:95)
                                                                                                    	at com.cdccreditsmart.app.security.SimSwapDetector.getSimInfo(SimSwapDetector.kt:256)
                                                                                                    	at com.cdccreditsmart.app.security.SimSwapManager$checkSimStatus$2.invokeSuspend(SimSwapManager.kt:143)
                                                                                                    	at kotlin.coroutines.jvm.internal.BaseContinuationImpl.resumeWith(ContinuationImpl.kt:34)
                                                                                                    	at kotlinx.coroutines.DispatchedTask.run(DispatchedTask.kt:108)
                                                                                                    	at kotlinx.coroutines.internal.LimitedDispatcher$Worker.run(LimitedDispatcher.kt:115)
                                                                                                    	at kotlinx.coroutines.scheduling.TaskImpl.run(Tasks.kt:103)
                                                                                                    	at kotlinx.coroutines.scheduling.CoroutineScheduler.runSafely(CoroutineScheduler.kt:584)
                                                                                                    	at kotlinx.coroutines.scheduling.CoroutineScheduler$Worker.executeTask(CoroutineScheduler.kt:793)
                                                                                                    	at kotlinx.coroutines.scheduling.CoroutineScheduler$Worker.runWorker(CoroutineScheduler.kt:697)
                                                                                                    	at kotlinx.coroutines.scheduling.CoroutineScheduler$Worker.run(CoroutineScheduler.kt:684)
2025-12-08 07:16:18.414  8368-8407  SimSwapDetector         com.cdccreditsmart.app               D  ğŸ”’ SIM SWAP: Operadora: T-Mobile
2025-12-08 07:16:18.415  8368-8407  SimSwapDetector         com.cdccreditsmart.app               I  ğŸ”’ SIM SWAP: InformaÃ§Ãµes do SIM coletadas:
2025-12-08 07:16:18.415  8368-8407  SimSwapDetector         com.cdccreditsmart.app               I     Serial: nÃ£o disponÃ­vel...
2025-12-08 07:16:18.415  8368-8407  SimSwapDetector         com.cdccreditsmart.app               I     Operadora: T-Mobile
2025-12-08 07:16:18.415  8368-8407  SimSwapDetector         com.cdccreditsmart.app               I     SIM ativo: false
2025-12-08 07:16:18.416  8368-8407  SimSwapManager          com.cdccreditsmart.app               W  ğŸ”’ SIM SWAP: Nenhum SIM ativo detectado - sem aÃ§Ã£o necessÃ¡ria
2025-12-08 07:16:18.416  8368-8407  SimSwapManager          com.cdccreditsmart.app               I  ========================================
2025-12-08 07:16:18.417  8368-8407  CDCApplication          com.cdccreditsmart.app               I  âœ… VerificaÃ§Ã£o de SIM swap concluÃ­da com sucesso
2025-12-08 07:16:18.449  8368-8368  ContractCodeStorage     com.cdccreditsmart.app               D  Storage verification: 0 valid, 0 tampered, 7 missing
2025-12-08 07:16:18.449  8368-8368  ContractCodeStorage     com.cdccreditsmart.app               W  No valid contract code found in any location
2025-12-08 07:16:18.450  8368-8368  CDCApplication          com.cdccreditsmart.app               I  â¸ï¸ Sem tokens - aguardando pairing para iniciar serviÃ§o MDM
2025-12-08 07:16:18.454  8368-8368  AutoBlockingWorker      com.cdccreditsmart.app               I  âœ… VerificaÃ§Ã£o automÃ¡tica de bloqueio agendada (diariamente Ã s 00:00)
2025-12-08 07:16:18.454  8368-8368  AutoBlockingWorker      com.cdccreditsmart.app               I     PrÃ³xima execuÃ§Ã£o em: 823 minutos
2025-12-08 07:16:18.454  8368-8368  CDCApplication          com.cdccreditsmart.app               I  ğŸ“… Agendando overlay automÃ¡tico com intervalo progressivo...
2025-12-08 07:16:18.456  8368-8368  PeriodicOverlayWorker   com.cdccreditsmart.app               I  ğŸ“… Agendando overlay automÃ¡tico com INTERVALO PROGRESSIVO
2025-12-08 07:16:18.456  8368-8368  PeriodicOverlayWorker   com.cdccreditsmart.app               I     1-4 dias de atraso: a cada 10 minutos
2025-12-08 07:16:18.456  8368-8368  PeriodicOverlayWorker   com.cdccreditsmart.app               I     5-14 dias de atraso: a cada 5 minutos
2025-12-08 07:16:18.456  8368-8368  PeriodicOverlayWorker   com.cdccreditsmart.app               I     15+ dias de atraso: a cada 3 minutos
2025-12-08 07:16:18.456  8368-8368  WM-WorkSpec             com.cdccreditsmart.app               W  Interval duration lesser than minimum allowed value; Changed to 900000
2025-12-08 07:16:18.456  8368-8368  WM-WorkSpec             com.cdccreditsmart.app               W  Flex duration lesser than minimum allowed value; Changed to 300000
2025-12-08 07:16:18.457  8368-8368  PeriodicOverlayWorker   com.cdccreditsmart.app               I  âœ… Overlay automÃ¡tico agendado com sucesso
2025-12-08 07:16:18.457  8368-8368  CDCApplication          com.cdccreditsmart.app               I  ğŸ”’ Iniciando sistema Keep Alive...
2025-12-08 07:16:18.458  8368-8368  KeepAliveManager        com.cdccreditsmart.app               I  ğŸ”’ ========================================
2025-12-08 07:16:18.459  8368-8368  KeepAliveManager        com.cdccreditsmart.app               I  ğŸ”’ INICIANDO SISTEMA KEEP ALIVE
2025-12-08 07:16:18.459  8368-8368  KeepAliveManager        com.cdccreditsmart.app               I  ğŸ”’ ========================================
2025-12-08 07:16:18.459  8368-8368  KeepAliveManager        com.cdccreditsmart.app               I  âœ… ServiceWatchdogWorker agendado (15min)
2025-12-08 07:16:18.460  8368-8368  KeepAliveManager        com.cdccreditsmart.app               I  âœ… AlarmManager wakeup agendado (10min)
2025-12-08 07:16:18.461  8368-8368  KeepAliveManager        com.cdccreditsmart.app               I  âœ… App isento de otimizaÃ§Ã£o de bateria
2025-12-08 07:16:18.462  8368-8368  KeepAliveManager        com.cdccreditsmart.app               I  ğŸ”’ Sistema Keep Alive ativo
2025-12-08 07:16:18.462  8368-8368  KeepAliveManager        com.cdccreditsmart.app               I  ğŸ”’ - WorkManager: verificaÃ§Ã£o a cada 15min
2025-12-08 07:16:18.462  8368-8368  KeepAliveManager        com.cdccreditsmart.app               I  ğŸ”’ - AlarmManager: wakeup a cada 10min
2025-12-08 07:16:18.462  8368-8368  KeepAliveManager        com.cdccreditsmart.app               I  ğŸ”’ ========================================
2025-12-08 07:16:18.466  8368-8368  CDCApplication          com.cdccreditsmart.app               I  ğŸ“Š Keep Alive Stats:
2025-12-08 07:16:18.466  8368-8368  CDCApplication          com.cdccreditsmart.app               I     - Restarts anteriores: 0
2025-12-08 07:16:18.466  8368-8368  CDCApplication          com.cdccreditsmart.app               I     - OtimizaÃ§Ã£o bateria: NÃƒO (bom)
2025-12-08 07:16:18.475  8368-8368  FactoryResetRecovery    com.cdccreditsmart.app               I  ========================================
2025-12-08 07:16:18.475  8368-8368  FactoryResetRecovery    com.cdccreditsmart.app               I  ğŸ”„ BOOT DETECTADO (android.intent.action.LOCKED_BOOT_COMPLETED) - Verificando recuperaÃ§Ã£o
2025-12-08 07:16:18.475  8368-8368  FactoryResetRecovery    com.cdccreditsmart.app               I  ========================================
2025-12-08 07:16:18.487  8368-8412  DisplayManager          com.cdccreditsmart.app               I  Choreographer implicitly registered for the refresh rate.
2025-12-08 07:16:18.489  8368-8368  creditsmart.app         com.cdccreditsmart.app               I  AssetManager2(0x7ee65a13da98) locale list changing from [] to [en-US]
2025-12-08 07:16:18.509  8368-8407  ContractCodeStorage     com.cdccreditsmart.app               D  Retrieving contract code from storage
2025-12-08 07:16:18.526  8368-8412  EGL_emulation           com.cdccreditsmart.app               I  Opening libGLESv1_CM_emulation.so
2025-12-08 07:16:18.526  8368-8412  EGL_emulation           com.cdccreditsmart.app               I  Opening libGLESv2_emulation.so
2025-12-08 07:16:18.542  8368-8412  HWUI                    com.cdccreditsmart.app               W  Failed to choose config with EGL_SWAP_BEHAVIOR_PRESERVED, retrying without...
2025-12-08 07:16:18.542  8368-8412  HWUI                    com.cdccreditsmart.app               W  Failed to initialize 101010-2 format, error = EGL_SUCCESS
2025-12-08 07:16:18.551  8368-8368  CompatChangeReporter    com.cdccreditsmart.app               D  Compat change id reported: 309578419; UID 10217; state: ENABLED
2025-12-08 07:16:18.553  8368-8368  DesktopModeFlags        com.cdccreditsmart.app               D  Toggle override initialized to: OVERRIDE_UNSET
2025-12-08 07:16:18.565  8368-8368  MainActivity            com.cdccreditsmart.app               D  ğŸ“ BroadcastReceiver de localizaÃ§Ã£o registrado
2025-12-08 07:16:18.569  8368-8408  PersistentStateManager  com.cdccreditsmart.app               D  Nenhum estado local encontrado
2025-12-08 07:16:18.570  8368-8408  PersistentStateManager  com.cdccreditsmart.app               D  ğŸ†• Sem estado local - device novo ou pÃ³s factory reset
2025-12-08 07:16:18.570  8368-8368  MainActivity            com.cdccreditsmart.app               I  ========================================
2025-12-08 07:16:18.570  8368-8368  MainActivity            com.cdccreditsmart.app               I  ğŸ“± SOLICITANDO PERMISSÃ•ES (NÃƒO DEVICE OWNER)
2025-12-08 07:16:18.570  8368-8368  MainActivity            com.cdccreditsmart.app               I  ========================================
2025-12-08 07:16:18.570  8368-8408  MainActivity            com.cdccreditsmart.app               I  ğŸ†• Device nunca foi provisionado
2025-12-08 07:16:18.577  8368-8368  MainActivity            com.cdccreditsmart.app               I  âœ… Todas as runtime permissions jÃ¡ foram concedidas!
2025-12-08 07:16:18.577  8368-8368  SpecialPermissionReq    com.cdccreditsmart.app               I  ========================================
2025-12-08 07:16:18.577  8368-8368  SpecialPermissionReq    com.cdccreditsmart.app               I  ğŸ“Š STATUS DAS PERMISSÃ•ES ESPECIAIS
2025-12-08 07:16:18.577  8368-8368  SpecialPermissionReq    com.cdccreditsmart.app               I  ========================================
2025-12-08 07:16:18.579  8368-8368  SpecialPermissionReq    com.cdccreditsmart.app               I    USAGE_STATS: âœ… CONCEDIDA
2025-12-08 07:16:18.580  8368-8368  SpecialPermissionReq    com.cdccreditsmart.app               I    OVERLAY: âœ… CONCEDIDA
2025-12-08 07:16:18.580  8368-8368  SpecialPermissionReq    com.cdccreditsmart.app               I  
2025-12-08 07:16:18.580  8368-8368  SpecialPermissionReq    com.cdccreditsmart.app               I  âœ… Todas as permissÃµes especiais concedidas!
2025-12-08 07:16:18.580  8368-8368  SpecialPermissionReq    com.cdccreditsmart.app               I     ProteÃ§Ã£o anti-desinstalaÃ§Ã£o ativa.
2025-12-08 07:16:18.580  8368-8368  SpecialPermissionReq    com.cdccreditsmart.app               I  ========================================
2025-12-08 07:16:18.580  8368-8368  MainActivity            com.cdccreditsmart.app               I  âœ… Todas as permissÃµes especiais jÃ¡ foram concedidas!
2025-12-08 07:16:18.586  8368-8407  ContractCodeStorage     com.cdccreditsmart.app               D  Storage verification: 0 valid, 0 tampered, 7 missing
2025-12-08 07:16:18.586  8368-8407  ContractCodeStorage     com.cdccreditsmart.app               W  No valid contract code found in any location
2025-12-08 07:16:18.600  8368-8407  SecureTokenStorage      com.cdccreditsmart.app               D  EncryptedSharedPreferences initialized successfully
2025-12-08 07:16:18.601  8368-8407  ApkPreloadManager       com.cdccreditsmart.app               I  ğŸ“± Fabricante genÃ©rico - usando caminhos AOSP
2025-12-08 07:16:18.604  8368-8407  FactoryResetRecovery    com.cdccreditsmart.app               I  â„¹ï¸ Sem manifesto de enrollment - app iniciarÃ¡ normalmente
2025-12-08 07:16:18.614  8368-8393  FA                      com.cdccreditsmart.app               I  Tag Manager is not found and thus will not be used
2025-12-08 07:16:18.618  8368-8368  CompatChangeReporter    com.cdccreditsmart.app               D  Compat change id reported: 352594277; UID 10217; state: ENABLED
2025-12-08 07:16:18.623  8368-8368  CompatChangeReporter    com.cdccreditsmart.app               D  Compat change id reported: 349153669; UID 10217; state: ENABLED
2025-12-08 07:16:18.626  8368-8368  HWUI                    com.cdccreditsmart.app               W  Unknown dataspace 0
2025-12-08 07:16:18.637  8368-8368  InsetsController        com.cdccreditsmart.app               D  Setting requestedVisibleTypes to -14 (was -9)
2025-12-08 07:16:18.648  8368-8368  CdcForegroundService    com.cdccreditsmart.app               D  ğŸ“± ServiÃ§o onCreate()
2025-12-08 07:16:18.650  8368-8368  CdcForegroundService    com.cdccreditsmart.app               D  âœ… Canal de notificaÃ§Ã£o criado
2025-12-08 07:16:18.651  8368-8368  CdcForegroundService    com.cdccreditsmart.app               I  âœ… ScreenStateReceiver registrado
2025-12-08 07:16:18.651  8368-8368  CdcForegroundService    com.cdccreditsmart.app               D  ğŸš€ ServiÃ§o onStartCommand() - Action: null
2025-12-08 07:16:18.664  8368-8368  CdcForegroundService    com.cdccreditsmart.app               I  âœ… Foreground Service ativo (Android 12+)
2025-12-08 07:16:18.667  8368-8407  CdcForegroundService    com.cdccreditsmart.app               I  ğŸ”§ ========================================
2025-12-08 07:16:18.667  8368-8407  CdcForegroundService    com.cdccreditsmart.app               I  ğŸ”§ INICIANDO initializeServices()...
2025-12-08 07:16:18.667  8368-8407  CdcForegroundService    com.cdccreditsmart.app               I  ğŸ”§ ========================================
2025-12-08 07:16:18.667  8368-8407  CdcForegroundService    com.cdccreditsmart.app               I  ğŸ”§ Inicializando serviÃ§os base (SettingsGuard, WorkPolicies)...
2025-12-08 07:16:18.668  8368-8407  CdcForegroundService    com.cdccreditsmart.app               I  ğŸ¢ ========================================
2025-12-08 07:16:18.668  8368-8407  CdcForegroundService    com.cdccreditsmart.app               I  ğŸ¢ APLICANDO POLÃTICAS DE AMBIENTE DE TRABALHO
2025-12-08 07:16:18.668  8368-8407  CdcForegroundService    com.cdccreditsmart.app               I  ğŸ¢ ========================================
2025-12-08 07:16:18.671  8368-8407  WorkPolicyManager       com.cdccreditsmart.app               I  
2025-12-08 07:16:18.671  8368-8407  WorkPolicyManager       com.cdccreditsmart.app               I  â•”â•â•â•â•â•â•â•â•â•â•â•â•â•â•â•â•â•â•â•â•â•â•â•â•â•â•â•â•â•â•â•â•â•â•â•â•â•â•â•â•â•â•â•â•â•â•â•â•â•â•â•â•â•â•â•â•â•â•â•â•â•â•â•â•â•—
2025-12-08 07:16:18.671  8368-8407  WorkPolicyManager       com.cdccreditsmart.app               I  â•‘  ğŸ¢ APLICANDO POLÃTICAS DE AMBIENTE DE TRABALHO                â•‘
2025-12-08 07:16:18.671  8368-8407  WorkPolicyManager       com.cdccreditsmart.app               I  â•‘     CDC CREDIT SMART - PROTEÃ‡ÃƒO EMPRESARIAL                    â•‘
2025-12-08 07:16:18.671  8368-8407  WorkPolicyManager       com.cdccreditsmart.app               I  â•šâ•â•â•â•â•â•â•â•â•â•â•â•â•â•â•â•â•â•â•â•â•â•â•â•â•â•â•â•â•â•â•â•â•â•â•â•â•â•â•â•â•â•â•â•â•â•â•â•â•â•â•â•â•â•â•â•â•â•â•â•â•â•â•â•â•
2025-12-08 07:16:18.671  8368-8407  WorkPolicyManager       com.cdccreditsmart.app               I  
2025-12-08 07:16:18.676  8368-8368  BootReceiver            com.cdccreditsmart.app               I  Dispositivo iniciado - starting CdcForegroundService
2025-12-08 07:16:18.677  8368-8368  FactoryResetRecovery    com.cdccreditsmart.app               I  Initializing Factory Reset Recovery system
2025-12-08 07:16:18.678  8368-8407  WorkPolicyManager       com.cdccreditsmart.app               I  ğŸ“‹ STATUS DO DISPOSITIVO:
2025-12-08 07:16:18.678  8368-8407  WorkPolicyManager       com.cdccreditsmart.app               I     Device Owner: âŒ NÃƒO
2025-12-08 07:16:18.678  8368-8407  WorkPolicyManager       com.cdccreditsmart.app               I     Device Admin: âœ… SIM
2025-12-08 07:16:18.678  8368-8407  WorkPolicyManager       com.cdccreditsmart.app               I  
2025-12-08 07:16:18.678  8368-8407  WorkPolicyManager       com.cdccreditsmart.app               I  â•â•â•â•â•â•â•â•â•â•â•â•â•â•â•â•â•â•â•â•â•â•â•â•â•â•â•â•â•â•â•â•â•â•â•â•â•â•â•â•â•â•â•â•â•â•â•â•â•â•â•â•â•â•â•â•â•â•â•â•â•â•â•
2025-12-08 07:16:18.678  8368-8407  WorkPolicyManager       com.cdccreditsmart.app               I  ğŸ›¡ï¸ MODO DEVICE ADMIN - PROTEÃ‡ÃƒO PARCIAL
2025-12-08 07:16:18.678  8368-8407  WorkPolicyManager       com.cdccreditsmart.app               I  â•â•â•â•â•â•â•â•â•â•â•â•â•â•â•â•â•â•â•â•â•â•â•â•â•â•â•â•â•â•â•â•â•â•â•â•â•â•â•â•â•â•â•â•â•â•â•â•â•â•â•â•â•â•â•â•â•â•â•â•â•â•â•
2025-12-08 07:16:18.678  8368-8407  WorkPolicyManager       com.cdccreditsmart.app               I  
2025-12-08 07:16:18.678  8368-8407  WorkPolicyManager       com.cdccreditsmart.app               W  âš ï¸ LIMITAÃ‡Ã•ES DO DEVICE ADMIN:
2025-12-08 07:16:18.678  8368-8407  WorkPolicyManager       com.cdccreditsmart.app               W     â€¢ NÃ£o pode bloquear desinstalaÃ§Ã£o completamente
2025-12-08 07:16:18.678  8368-8407  WorkPolicyManager       com.cdccreditsmart.app               W     â€¢ NÃ£o pode bloquear Factory Reset via Settings
2025-12-08 07:16:18.678  8368-8407  WorkPolicyManager       com.cdccreditsmart.app               W     â€¢ NÃ£o pode desativar controles do usuÃ¡rio
2025-12-08 07:16:18.678  8368-8407  WorkPolicyManager       com.cdccreditsmart.app               W     â€¢ ProteÃ§Ãµes limitadas Ã s APIs de Device Admin
2025-12-08 07:16:18.679  8368-8407  WorkPolicyManager       com.cdccreditsmart.app               I  
2025-12-08 07:16:18.679  8368-8407  WorkPolicyManager       com.cdccreditsmart.app               I  ğŸ” [1/4] POLÃTICAS DE SENHA
