2025-11-17 22:41:48.997  6797-6814  .apps.wellbeing         com.google.android.apps.wellbeing    I  AssetManager2(0x70e5ecea7e98) locale list changing from [] to [en-US]
2025-11-17 22:41:49.044  6797-6814  .apps.wellbeing         com.google.android.apps.wellbeing    I  AssetManager2(0x70e5ecea68b8) locale list changing from [] to [en-US]
2025-11-17 22:41:49.066  6797-6814  .apps.wellbeing         com.google.android.apps.wellbeing    I  AssetManager2(0x70e5ecea6bd8) locale list changing from [] to [en-US]
2025-11-17 22:41:49.069  6797-6814  .apps.wellbeing         com.google.android.apps.wellbeing    I  AssetManager2(0x70e5ecea5918) locale list changing from [] to [en-US]
2025-11-17 22:41:49.071  6797-6814  .apps.wellbeing         com.google.android.apps.wellbeing    I  AssetManager2(0x70e5ece83f98) locale list changing from [] to [en-US]
2025-11-17 22:41:49.080  6797-6814  .apps.wellbeing         com.google.android.apps.wellbeing    I  AssetManager2(0x70e5ece96558) locale list changing from [] to [en-US]
2025-11-17 22:41:49.100  6972-6997  earchbox:search         com...d.googlequicksearchbox:search  I  Explicit concurrent mark compact GC freed 1260KB AllocSpace bytes, 1(16KB) LOS objects, 24% free, 9321KB/12MB, paused 567us,10.390ms total 1.373s
2025-11-17 22:41:49.100  6972-6997  earchbox:search         com...d.googlequicksearchbox:search  W  Reducing the number of considered missed Gc histogram windows from 860 to 100
2025-11-17 22:41:49.102  6797-6814  .apps.wellbeing         com.google.android.apps.wellbeing    I  AssetManager2(0x70e5ece8cf58) locale list changing from [] to [en-US]
2025-11-17 22:41:49.124  6972-6997  earchbox:search         com...d.googlequicksearchbox:search  I  Explicit concurrent mark compact GC freed 232KB AllocSpace bytes, 0(0B) LOS objects, 24% free, 9281KB/12MB, paused 97us,625us total 21.778ms
2025-11-17 22:41:49.131  6972-6997  app_process64           com...d.googlequicksearchbox:search  I  Native memory cannot be purged, Android API level < 28.
2025-11-17 22:41:50.309  6482-6482  Finsky                  com.android.vending                  I  [2] Memory trim requested to level 40
2025-11-17 22:41:50.309  6482-6482  Finsky                  com.android.vending                  I  [2] Flushing in-memory image cache
2025-11-17 22:41:50.311  5683-5683  Finsky:background       com.android.vending:background       I  [2] Memory trim requested to level 40
2025-11-17 22:41:51.136   721-2308  Grammatica...ctionUtils system_server                        V  AttributionSource: android.content.AttributionSource@77f8a887 does not have READ_SYSTEM_GRAMMATICAL_GENDER permission.
2025-11-17 22:41:51.144 10631-10631 Zygote                  com.android.chrome_zygote            D  Forked child process 10827
2025-11-17 22:41:51.145 10827-10827 cessService0:11         com.android.chrome_zygote            I  Using CollectorTypeCMC GC.
2025-11-17 22:41:51.145 10827-10827 cessService0:11         com.android.chrome_zygote            W  Unexpected CPU variant for x86: x86_64.
                                                                                                    Known variants: atom, sandybridge, silvermont, goldmont, goldmont-plus, goldmont-without-sha-xsaves, tremont, kabylake, alderlake, default
2025-11-17 22:41:51.151 10827-10827 cessService0:11         com.android.chrome_zygote            E  Not starting debugger since process cannot load the jdwp agent.
2025-11-17 22:41:51.157 10827-10827 nativeloader            com.android.chrome_zygote            D  Load libframework-connectivity-tiramisu-jni.so using APEX ns com_android_tethering for caller /apex/com.android.tethering/javalib/framework-connectivity-t.jar: ok
2025-11-17 22:41:51.164   721-769   ActivityManager         system_server                        I  Start proc 10827:com.android.chrome:sandboxed_process0:org.chromium.content.app.SandboxedProcessService0:11/u0ai3 for  {com.android.chrome/org.chromium.content.app.SandboxedProcessService0:11}
2025-11-17 22:41:51.165   721-769   ActivityManager         system_server                        I  ProcessObserver broadcast disabled
2025-11-17 22:41:51.176 10827-10827 CompatChangeReporter    com.android.chrome_zygote            D  Compat change id reported: 242716250; UID 90003; state: ENABLED
2025-11-17 22:41:51.185 10827-10827 cessService0:11         com.android.chrome_zygote            I  AssetManager2(0x70e5ece84f38) locale list changing from [] to [en-US]
2025-11-17 22:41:51.188 10827-10827 LoadedApk               com.android.chrome_zygote            I  No resource references to update in package com.google.android.trichromelibrary
2025-11-17 22:41:51.189 10827-10827 cr_SplitCompatApp       com.android.chrome_zygote            I  version=133.0.6943.137 (694313738) minSdkVersion=29 isBundle=false processName=com.android.chrome:sandboxed_process0:org.chromium.content.app.SandboxedProcessService0:11 isIsolatedProcess=true
2025-11-17 22:41:51.193 10827-10827 cr_ChildProcessService  com.android.chrome_zygote            I  Creating new ChildProcessService pid=10827
2025-11-17 22:41:51.217 10827-10837 cr_LibraryLoader        com.android.chrome_zygote            I  Successfully loaded native library
2025-11-17 22:41:51.221 10827-10837 cr_CachingUmaRecorder   com.android.chrome_zygote            I  Flushed 3 samples from 3 histograms, 0 samples were dropped.
2025-11-17 22:41:51.235 10827-10837 SystemServiceRegistry   com.android.chrome_zygote            W  No service published for: uimode
2025-11-17 22:41:51.248 10827-10827 ThreadPoolForeg         com.android.chrome_zygote            W  type=1400 audit(0.0:119): avc:  denied  { setattr } for  name="optimization-hints.pb" dev="dm-55" ino=361908 scontext=u:r:isolated_app:s0:c512,c768 tcontext=u:object_r:app_data_file:s0:c150,c256,c512,c768 tclass=file permissive=0
2025-11-17 22:41:51.252 10827-10827 ThreadPoolForeg         com.android.chrome_zygote            W  type=1400 audit(0.0:120): avc:  denied  { setattr } for  name="manifest.json" dev="dm-55" ino=361909 scontext=u:r:isolated_app:s0:c512,c768 tcontext=u:object_r:app_data_file:s0:c150,c256,c512,c768 tclass=file permissive=0
2025-11-17 22:41:51.260 10827-10827 ThreadPoolForeg         com.android.chrome_zygote            W  type=1400 audit(0.0:121): avc:  denied  { setattr } for  name="verified_contents.json" dev="dm-55" ino=361911 scontext=u:r:isolated_app:s0:c512,c768 tcontext=u:object_r:app_data_file:s0:c150,c256,c512,c768 tclass=file permissive=0
2025-11-17 22:41:51.271 10827-10837 chromium                com.android.chrome_zygote            I  [INFO:child_process_service.cc(73)] ChildProcessService: Exiting child process.
2025-11-17 22:41:51.272   721-2308  ActivityManager         system_server                        I  Killing 10827:com.android.chrome:sandboxed_process0:org.chromium.content.app.SandboxedProcessService0:11/u0a150i-8997 (adj 0): isolated not needed
2025-11-17 22:41:51.279 10631-10631 Zygote                  com.android.chrome_zygote            I  Process 10827 exited cleanly (0)
2025-11-17 22:41:51.279   721-770   libprocessgroup         system_server                        I  Removed cgroup /sys/fs/cgroup/apps/uid_90003/pid_10827
2025-11-17 22:41:51.504  1448-1684  SatelliteController     com.android.phone                    D  iisInCarrierRoamingNbIotNtn: satellite is disabled
2025-11-17 22:41:53.952   721-930   ActivityManager         system_server                        D  freezing 4138 com.google.android.packageinstaller
2025-11-17 22:41:53.955   721-1167  InetDiagMessage         system_server                        D  Destroyed 0 sockets, proto=IPPROTO_TCP, family=AF_INET, states=14
2025-11-17 22:41:53.956   721-1167  InetDiagMessage         system_server                        D  Destroyed 0 sockets, proto=IPPROTO_TCP, family=AF_INET6, states=14
2025-11-17 22:41:53.956   721-1167  InetDiagMessage         system_server                        D  Destroyed live tcp sockets for uids={10104} in 2ms
2025-11-17 22:41:53.967   721-2062  CompatChangeReporter    system_server                        D  Compat change id reported: 261072174; UID 10150; state: ENABLED
2025-11-17 22:41:54.124   721-767   IPCThreadState          system_server                        W  Sending oneway calls to frozen process.
2025-11-17 22:41:54.224   721-767   IPCThreadState          system_server                        W  Sending oneway calls to frozen process.
2025-11-17 22:41:54.342   265-10697 keystore2               keystore2                            I  system/security/keystore2/watchdog/src/lib.rs:377 - Watchdog thread idle -> terminating. Have a great day.
2025-11-17 22:41:54.406   721-930   ActivityManager         system_server                        D  freezing 3670 com.google.android.documentsui
2025-11-17 22:41:54.407   721-1167  InetDiagMessage         system_server                        D  Destroyed 0 sockets, proto=IPPROTO_TCP, family=AF_INET, states=14
2025-11-17 22:41:54.408   721-1167  InetDiagMessage         system_server                        D  Destroyed 0 sockets, proto=IPPROTO_TCP, family=AF_INET6, states=14
2025-11-17 22:41:54.408   721-1167  InetDiagMessage         system_server                        D  Destroyed live tcp sockets for uids={10105} in 1ms
2025-11-17 22:41:54.456   721-1245  FileUtils               system_server                        W  Failed to chmod(AtomicFile[/data/system_de/0/system/game-manager-service.xml]): android.system.ErrnoException: chmod failed: ENOENT (No such file or directory)
2025-11-17 22:41:54.616   721-767   IPCThreadState          system_server                        W  Sending oneway calls to frozen process.
2025-11-17 22:41:54.635   721-930   ActivityManager         system_server                        D  freezing 10708 com.android.externalstorage
2025-11-17 22:41:54.637   721-1167  InetDiagMessage         system_server                        D  Destroyed 0 sockets, proto=IPPROTO_TCP, family=AF_INET, states=14
2025-11-17 22:41:54.638   721-1167  InetDiagMessage         system_server                        D  Destroyed 0 sockets, proto=IPPROTO_TCP, family=AF_INET6, states=14
2025-11-17 22:41:54.638   721-1167  InetDiagMessage         system_server                        D  Destroyed live tcp sockets for uids={10102} in 1ms
2025-11-17 22:41:55.320   721-1167  InetDiagMessage         system_server                        D  Destroyed 0 sockets, proto=IPPROTO_TCP, family=AF_INET, states=14
2025-11-17 22:41:55.320   721-1167  InetDiagMessage         system_server                        D  Destroyed 0 sockets, proto=IPPROTO_TCP, family=AF_INET6, states=14
2025-11-17 22:41:55.320   721-1167  InetDiagMessage         system_server                        D  Destroyed live tcp sockets for uids={10195} in 4ms
2025-11-17 22:41:55.321   721-1167  InetDiagMessage         system_server                        D  Destroyed 0 sockets, proto=IPPROTO_TCP, family=AF_INET, states=14
2025-11-17 22:41:55.321   721-1167  InetDiagMessage         system_server                        D  Destroyed 0 sockets, proto=IPPROTO_TCP, family=AF_INET6, states=14
2025-11-17 22:41:55.321   721-1167  InetDiagMessage         system_server                        D  Destroyed live tcp sockets for uids={20195} in 0ms
2025-11-17 22:41:55.322   721-1167  InetDiagMessage         system_server                        D  Destroyed 0 sockets, proto=IPPROTO_TCP, family=AF_INET, states=14
2025-11-17 22:41:55.323   721-1167  InetDiagMessage         system_server                        D  Destroyed 3 sockets, proto=IPPROTO_TCP, family=AF_INET6, states=14
2025-11-17 22:41:55.323   721-1167  InetDiagMessage         system_server                        D  Destroyed live tcp sockets for uids={10150} in 1ms
2025-11-17 22:41:55.323   721-1167  InetDiagMessage         system_server                        D  Destroyed 0 sockets, proto=IPPROTO_TCP, family=AF_INET, states=14
2025-11-17 22:41:55.323   721-1167  InetDiagMessage         system_server                        D  Destroyed 0 sockets, proto=IPPROTO_TCP, family=AF_INET6, states=14
2025-11-17 22:41:55.323   721-1167  InetDiagMessage         system_server                        D  Destroyed live tcp sockets for uids={20150} in 0ms
2025-11-17 22:41:56.331   721-768   libprocessgroup         system_server                        I  Removed cgroup /sys/fs/cgroup/apps/uid_10150/pid_10631
2025-11-17 22:41:56.336   487-487   Zygote                  zygote64                             I  Process 10631 exited due to signal 9 (Killed)
2025-11-17 22:41:57.318   721-930   ActivityManager         system_server                        D  freezing 2060 android.process.media
2025-11-17 22:41:57.320   721-1167  InetDiagMessage         system_server                        D  Destroyed 0 sockets, proto=IPPROTO_TCP, family=AF_INET, states=14
2025-11-17 22:41:57.320   721-1167  InetDiagMessage         system_server                        D  Destroyed 0 sockets, proto=IPPROTO_TCP, family=AF_INET6, states=14
2025-11-17 22:41:57.320   721-1167  InetDiagMessage         system_server                        D  Destroyed live tcp sockets for uids={10101} in 1ms
2025-11-17 22:41:58.117   721-930   ActivityManager         system_server                        D  freezing 6972 com.google.android.googlequicksearchbox:search
2025-11-17 22:42:00.316   721-930   ActivityManager         system_server                        D  freezing 3433 com.android.chrome
2025-11-17 22:42:00.317   721-930   ActivityManager         system_server                        D  freezing 6482 com.android.vending
2025-11-17 22:42:00.318   721-930   ActivityManager         system_server                        D  freezing 2860 com.google.android.adservices.api
2025-11-17 22:42:00.319   721-930   ActivityManager         system_server                        D  freezing 5683 com.android.vending:background
2025-11-17 22:42:00.322   721-1167  InetDiagMessage         system_server                        D  Destroyed 2 sockets, proto=IPPROTO_TCP, family=AF_INET, states=14
2025-11-17 22:42:00.324   721-1167  InetDiagMessage         system_server                        D  Destroyed 2 sockets, proto=IPPROTO_TCP, family=AF_INET6, states=14
2025-11-17 22:42:00.324   721-1167  InetDiagMessage         system_server                        D  Destroyed live tcp sockets for uids={10150} in 3ms
2025-11-17 22:42:00.431   721-1167  InetDiagMessage         system_server                        D  Destroyed 0 sockets, proto=IPPROTO_TCP, family=AF_INET, states=14
2025-11-17 22:42:00.432   721-1167  InetDiagMessage         system_server                        D  Destroyed 0 sockets, proto=IPPROTO_TCP, family=AF_INET6, states=14
2025-11-17 22:42:00.432   721-1167  InetDiagMessage         system_server                        D  Destroyed live tcp sockets for uids={10195} in 2ms
2025-11-17 22:42:00.433   721-1167  InetDiagMessage         system_server                        D  Destroyed 0 sockets, proto=IPPROTO_TCP, family=AF_INET, states=14
2025-11-17 22:42:00.435   721-1167  InetDiagMessage         system_server                        D  Destroyed 3 sockets, proto=IPPROTO_TCP, family=AF_INET6, states=14
2025-11-17 22:42:00.435   721-1167  InetDiagMessage         system_server                        D  Destroyed live tcp sockets for uids={10144} in 2ms
2025-11-17 22:42:00.657   721-930   ActivityManager         system_server                        D  freezing 1261 com.google.android.permissioncontroller
2025-11-17 22:42:00.657   721-1167  InetDiagMessage         system_server                        D  Destroyed 0 sockets, proto=IPPROTO_TCP, family=AF_INET, states=14
2025-11-17 22:42:00.658   721-1167  InetDiagMessage         system_server                        D  Destroyed 0 sockets, proto=IPPROTO_TCP, family=AF_INET6, states=14
2025-11-17 22:42:00.658   721-1167  InetDiagMessage         system_server                        D  Destroyed live tcp sockets for uids={10216} in 1ms
2025-11-17 22:42:01.411   721-768   ActivityManager         system_server                        D  sync unfroze 3940 com.google.android.configupdater for 3
2025-11-17 22:42:01.417   721-921   ActivityManager         system_server                        D  sync unfroze 6482 com.android.vending for 6
2025-11-17 22:42:01.417   721-921   ActivityManager         system_server                        D  sync unfroze 5683 com.android.vending:background for 6
2025-11-17 22:42:01.433   721-2308  ProcessStats            system_server                        W  Tracking association SourceState{257f1a1 com.android.vending:background/10144 ImpBg #11513} whose proc state 6 is better than process ProcessState{e971fc6 com.android.vending/10144 pkg=com.android.vending} proc state 14 (167 skipped)
2025-11-17 22:42:01.436  6482-6482  Finsky                  com.android.vending                  I  [2] SCH: job service start with id 9264.
2025-11-17 22:42:01.447  6482-10741 Finsky                  com.android.vending                  I  [226] SCH: Satisfied jobs for 9264 are: 12-1
2025-11-17 22:42:01.455  6482-10823 Finsky                  com.android.vending                  I  [240] SCH: Job 12-1 starting
2025-11-17 22:42:01.456  6482-6482  Finsky                  com.android.vending                  I  [2] WM::SCH: Logging work start for 12-1
2025-11-17 22:42:01.457  6482-6482  Finsky                  com.android.vending                  I  [2] [ContentSync] job started
2025-11-17 22:42:01.458   721-1159  WifiConfigStore         system_server                        D  Writing to stores completed in 22 ms.
2025-11-17 22:42:01.481  3940-3940  ConfigUpdater           com.google.android.configupdater     D  UpdateRequestReceiver constructed with Config: com.google.android.configupdater.ConversationActions.ConversationActionsConfig@4e50d43, StoredState: com.google.android.configupdater.StoredState@4633fc0, DownloadManagerHelper: com.google.android.configupdater.DownloadManagerHelper@a2ed4f9, FlagHelper: com.google.android.configupdater.PhenotypeHelper@c6abc3e
2025-11-17 22:42:01.481  3940-3940  ConfigUpdater           com.google.android.configupdater     D  Setting up preferences for StoredState, Downloader, and FlagHelper
2025-11-17 22:42:01.483  3940-3940  ConfigUpdater           com.google.android.configupdater     D  Setting up DownloadManagerHelper
2025-11-17 22:42:01.483  3940-3940  ConfigUpdater           com.google.android.configupdater     D  Loaded SharedPreferences: ConversationActionsDownload
2025-11-17 22:42:01.485  3940-3940  ConfigUpdater           com.google.android.configupdater     D  Using Lollipop+ download directory: /data/user/0/com.google.android.configupdater/files/downloads
2025-11-17 22:42:01.486  3940-3940  ConfigUpdater           com.google.android.configupdater     D  Got DownloadManager service
2025-11-17 22:42:01.487  3940-3940  ConfigUpdater           com.google.android.configupdater     D  Is wearable device: false
2025-11-17 22:42:01.487  3940-3940  ConfigUpdater           com.google.android.configupdater     D  Received intent with action: com.google.android.configupdater.ConversationActions.UPDATE_CONVERSATION_ACTIONS
2025-11-17 22:42:01.487  3940-3940  ConfigUpdater           com.google.android.configupdater     D  handleUpdateRequestIntent
2025-11-17 22:42:01.498  3940-3940  ConfigUpdater           com.google.android.configupdater     D  Falling back to flag content location
2025-11-17 22:42:01.498  3940-3940  ConfigUpdater           com.google.android.configupdater     D  Received metadata location from intent
2025-11-17 22:42:01.498  3940-3940  ConfigUpdater           com.google.android.configupdater     D  Falling back to flag metadata location
2025-11-17 22:42:01.498  3940-3940  ConfigUpdater           com.google.android.configupdater     D  Starting update from request intent.
2025-11-17 22:42:01.501  6348-10852 NetworkScheduler.Stats  com.google.android.gms.persistent    I  (REDACTED) Task %s/%s started execution. cause:%s exec_start_elapsed_seconds: %s
2025-11-17 22:42:01.503  1448-1684  SatelliteController     com.android.phone                    D  iisInCarrierRoamingNbIotNtn: satellite is disabled
2025-11-17 22:42:01.509  3940-4640  ConfigUpdater           com.google.android.configupdater     D  UpdateFetcher constructor with context
2025-11-17 22:42:01.509  3940-4640  ConfigUpdater           com.google.android.configupdater     D  Setting up UpdateFetcher
2025-11-17 22:42:01.509  3940-4640  ConfigUpdater           com.google.android.configupdater     D  Setting up DownloadManagerHelper
2025-11-17 22:42:01.509  3940-4640  ConfigUpdater           com.google.android.configupdater     D  Loaded SharedPreferences: ConversationActionsDownload
2025-11-17 22:42:01.509  3940-4640  ConfigUpdater           com.google.android.configupdater     D  Using Lollipop+ download directory: /data/user/0/com.google.android.configupdater/files/downloads
2025-11-17 22:42:01.509  3940-4640  ConfigUpdater           com.google.android.configupdater     D  Got DownloadManager service
2025-11-17 22:42:01.509  3940-4640  ConfigUpdater           com.google.android.configupdater     D  Is wearable device: false
2025-11-17 22:42:01.509  3940-4640  ConfigUpdater           com.google.android.configupdater     D  startUpdate
2025-11-17 22:42:01.511  3940-4640  ConfigUpdater           com.google.android.configupdater     I  Update started, contentUri.path=/android/text_classifier/actions/q/v104/en.model, metadataUri=https://www.gstatic.com/android/text_classifier/actions/q/v104/en.model.metadata
2025-11-17 22:42:01.511  3940-4640  ConfigUpdater           com.google.android.configupdater     D  deleteLocalDownloads
2025-11-17 22:42:01.514  3940-4640  ConfigUpdater           com.google.android.configupdater     D  cleanup called
2025-11-17 22:42:01.516  6348-10852 TapAndPay               com.google.android.gms.persistent    I  deviceSupportsHce has detected emulator [CONTEXT service_id=79 ]
2025-11-17 22:42:01.519   721-2308  ActivityManager         system_server                        D  sync unfroze 2060 android.process.media for 7
2025-11-17 22:42:01.522  6482-6511  android.vending         com.android.vending                  I  Waiting for a blocking GC ProfileSaver
2025-11-17 22:42:01.521  6348-10852 .gms.persistent         com.google.android.gms.persistent    I  AssetManager2(0x70e5ece91d78) locale list changing from [] to [en-US]
2025-11-17 22:42:01.537  6348-10852 TapAndPay               com.google.android.gms.persistent    I  NfcAdapter is null while obtaining CardEmulation instance. [CONTEXT service_id=79 ]
2025-11-17 22:42:01.544  2060-7561  DownloadManager         android.process.media                V  Deleting /data/data/com.android.providers.downloads/cache/en.model.metadata via provider delete
2025-11-17 22:42:01.549  6348-10759 NetworkScheduler.Stats  com.google.android.gms.persistent    I  (REDACTED) Task %s/%s finished executing. cause:%s result: %s elapsed_millis: %s uptime_millis: %s exec_start_elapsed_seconds: %s
2025-11-17 22:42:01.567  6482-10850 Finsky                  com.android.vending                  I  [241] App states replicator found 5 unowned apps
2025-11-17 22:42:01.567  6482-6511  android.vending         com.android.vending                  I  WaitForGcToComplete blocked ProfileSaver on Background for 45.290ms
2025-11-17 22:42:01.573  6482-6549  Finsky                  com.android.vending                  I  [65] Completed 0 account content syncs with 0 successful.
2025-11-17 22:42:01.578  6482-6482  Finsky                  com.android.vending                  I  [2] [ContentSync] Installation state replication succeeded.
2025-11-17 22:42:01.578  6482-6482  Finsky                  com.android.vending                  I  [2] SCH: jobFinished: 12-1. TimeElapsed: 123ms.
2025-11-17 22:42:01.579  6482-6482  Finsky                  com.android.vending                  I  [2] WM::SCH: Logging work end for 12-1
2025-11-17 22:42:01.587  1844-8109  ModernMediaScanner      com...ndroid.providers.media.module  W  Failed to visit /data/data/com.android.providers.downloads/cache/en.model.metadata: java.nio.file.NoSuchFileException: /data/data/com.android.providers.downloads/cache/en.model.metadata
2025-11-17 22:42:01.601  1844-8109  MediaProvider           com...ndroid.providers.media.module  I  Scanned internal due to REASON_DEMAND, found 0 items in 28ms, 0 inserts 0 updates 0 deletes
2025-11-17 22:42:01.613  6482-6549  Finsky                  com.android.vending                  I  [65] SCH: Scheduling phonesky job Id: 1-1337, CT: 1763424721731, Constraints: [{ L: 38778547, D: 81978547, C: CHARGING_NONE, I: IDLE_NONE, N: NET_ANY, B: BATTERY_ANY }]
2025-11-17 22:42:01.621  6482-6540  Finsky                  com.android.vending                  I  [58] SCH: Scheduling 1 system job(s)
2025-11-17 22:42:01.621  6482-6540  Finsky                  com.android.vending                  I  [58] SCH: Scheduling system job Id: 9269, L: 33378657, D: 76578657, C: false, I: false, N: 1
2025-11-17 22:42:01.634  6482-10823 Finsky                  com.android.vending                  I  [240] SCH: job service finished with id 9264.
2025-11-17 22:42:01.637  6482-6482  Finsky                  com.android.vending                  I  [2] Memory trim requested to level 40
2025-11-17 22:42:01.637  6482-6482  Finsky                  com.android.vending                  I  [2] Flushing in-memory image cache
2025-11-17 22:42:01.637  5683-5683  Finsky:background       com.android.vending:background       I  [2] Memory trim requested to level 40
2025-11-17 22:42:01.656  3940-4640  ConfigUpdater           com.google.android.configupdater     D  Removed key from SharedPreferences: CONTENT_DOWNLOAD_ID
2025-11-17 22:42:01.656  3940-4640  ConfigUpdater           com.google.android.configupdater     D  Removed key from SharedPreferences: METADATA_DOWNLOAD_ID
2025-11-17 22:42:01.658  3940-4640  ConfigUpdater           com.google.android.configupdater     D  SharedPreferences cleared.
2025-11-17 22:42:01.658  3940-4640  ConfigUpdater           com.google.android.configupdater     D  startMetadataDownload called
2025-11-17 22:42:01.659  3940-4640  ConfigUpdater           com.google.android.configupdater     D  URL is not local: https
2025-11-17 22:42:01.659  3940-4640  ConfigUpdater           com.google.android.configupdater     D  Metadata URL is remote: https://www.gstatic.com/android/text_classifier/actions/q/v104/en.model.metadata
2025-11-17 22:42:01.659  3940-4640  ConfigUpdater           com.google.android.configupdater     D  Enqueueing metadata from URI: https://www.gstatic.com/android/text_classifier/actions/q/v104/en.model.metadata
2025-11-17 22:42:01.659  3940-4640  ConfigUpdater           com.google.android.configupdater     D  Enqueueing download for URI: https://www.gstatic.com/android/text_classifier/actions/q/v104/en.model.metadata
2025-11-17 22:42:01.692  3940-4640  ConfigUpdater           com.google.android.configupdater     D  Metadata download ID set to: 30
2025-11-17 22:42:01.701  2060-10853 DownloadManager         android.process.media                D  [30] Starting
2025-11-17 22:42:01.710  3940-3940  ConfigUpdater           com.google.android.configupdater     D  UpdateRequestReceiver constructed with Config: com.google.android.configupdater.SmartSelection.SmartSelectionConfig@508e1bb, StoredState: com.google.android.configupdater.StoredState@b3146d8, DownloadManagerHelper: com.google.android.configupdater.DownloadManagerHelper@aa12a31, FlagHelper: com.google.android.configupdater.PhenotypeHelper@4601516
2025-11-17 22:42:01.710  3940-3940  ConfigUpdater           com.google.android.configupdater     D  Setting up preferences for StoredState, Downloader, and FlagHelper
2025-11-17 22:42:01.710  3940-3940  ConfigUpdater           com.google.android.configupdater     D  Setting up DownloadManagerHelper
2025-11-17 22:42:01.710  3940-3940  ConfigUpdater           com.google.android.configupdater     D  Loaded SharedPreferences: SmartSelectionDownload
2025-11-17 22:42:01.710  3940-3940  ConfigUpdater           com.google.android.configupdater     D  Using Lollipop+ download directory: /data/user/0/com.google.android.configupdater/files/downloads
2025-11-17 22:42:01.710  3940-3940  ConfigUpdater           com.google.android.configupdater     D  Got DownloadManager service
2025-11-17 22:42:01.710  3940-3940  ConfigUpdater           com.google.android.configupdater     D  Is wearable device: false
2025-11-17 22:42:01.710  3940-3940  ConfigUpdater           com.google.android.configupdater     D  Received intent with action: com.google.android.configupdater.SmartSelection.UPDATE_SMART_SELECTION
2025-11-17 22:42:01.710  3940-3940  ConfigUpdater           com.google.android.configupdater     D  handleUpdateRequestIntent
2025-11-17 22:42:01.710  3940-3940  ConfigUpdater           com.google.android.configupdater     D  Falling back to flag content location
2025-11-17 22:42:01.710  3940-3940  ConfigUpdater           com.google.android.configupdater     D  Received metadata location from intent
2025-11-17 22:42:01.710  3940-3940  ConfigUpdater           com.google.android.configupdater     D  Falling back to flag metadata location
2025-11-17 22:42:01.710  3940-3940  ConfigUpdater           com.google.android.configupdater     D  Starting update from request intent.
2025-11-17 22:42:01.709  3940-4640  ConfigUpdater           com.google.android.configupdater     D  UpdateFetcher constructor with context
2025-11-17 22:42:01.709  3940-4640  ConfigUpdater           com.google.android.configupdater     D  Setting up UpdateFetcher
2025-11-17 22:42:01.709  3940-4640  ConfigUpdater           com.google.android.configupdater     D  Setting up DownloadManagerHelper
2025-11-17 22:42:01.709  3940-4640  ConfigUpdater           com.google.android.configupdater     D  Loaded SharedPreferences: SmartSelectionDownload
2025-11-17 22:42:01.710  3940-4640  ConfigUpdater           com.google.android.configupdater     D  Using Lollipop+ download directory: /data/user/0/com.google.android.configupdater/files/downloads
2025-11-17 22:42:01.710  3940-4640  ConfigUpdater           com.google.android.configupdater     D  Got DownloadManager service
2025-11-17 22:42:01.710  3940-4640  ConfigUpdater           com.google.android.configupdater     D  Is wearable device: false
2025-11-17 22:42:01.710  3940-4640  ConfigUpdater           com.google.android.configupdater     D  startUpdate
2025-11-17 22:42:01.710  3940-4640  ConfigUpdater           com.google.android.configupdater     I  Update started, contentUri.path=/android/text_classifier/s/v902/en.fb, metadataUri=https://www.gstatic.com/android/text_classifier/s/v902/en.fb.metadata
2025-11-17 22:42:01.710  3940-4640  ConfigUpdater           com.google.android.configupdater     D  deleteLocalDownloads
2025-11-17 22:42:01.710  3940-4640  ConfigUpdater           com.google.android.configupdater     D  cleanup called
2025-11-17 22:42:01.712  2060-7561  DownloadManager         android.process.media                V  Deleting /data/data/com.android.providers.downloads/cache/en.fb.metadata via provider delete
2025-11-17 22:42:01.720  1844-8109  ModernMediaScanner      com...ndroid.providers.media.module  W  Failed to visit /data/data/com.android.providers.downloads/cache/en.fb.metadata: java.nio.file.NoSuchFileException: /data/data/com.android.providers.downloads/cache/en.fb.metadata
2025-11-17 22:42:01.721  1844-8109  MediaProvider           com...ndroid.providers.media.module  I  Scanned internal due to REASON_DEMAND, found 0 items in 8ms, 0 inserts 0 updates 0 deletes
2025-11-17 22:42:01.733  2060-10853 d.process.media         android.process.media                I  AssetManager2(0x70e5ece842b8) locale list changing from [] to [en-US]
2025-11-17 22:42:01.759  3940-4640  ConfigUpdater           com.google.android.configupdater     D  Removed key from SharedPreferences: CONTENT_DOWNLOAD_ID
2025-11-17 22:42:01.759  3940-4640  ConfigUpdater           com.google.android.configupdater     D  Removed key from SharedPreferences: METADATA_DOWNLOAD_ID
2025-11-17 22:42:01.759  3940-4640  ConfigUpdater           com.google.android.configupdater     D  SharedPreferences cleared.
2025-11-17 22:42:01.759  3940-4640  ConfigUpdater           com.google.android.configupdater     D  startMetadataDownload called
2025-11-17 22:42:01.759  3940-4640  ConfigUpdater           com.google.android.configupdater     D  URL is not local: https
2025-11-17 22:42:01.759  3940-4640  ConfigUpdater           com.google.android.configupdater     D  Metadata URL is remote: https://www.gstatic.com/android/text_classifier/s/v902/en.fb.metadata
2025-11-17 22:42:01.759  3940-4640  ConfigUpdater           com.google.android.configupdater     D  Enqueueing metadata from URI: https://www.gstatic.com/android/text_classifier/s/v902/en.fb.metadata
2025-11-17 22:42:01.759  3940-4640  ConfigUpdater           com.google.android.configupdater     D  Enqueueing download for URI: https://www.gstatic.com/android/text_classifier/s/v902/en.fb.metadata
2025-11-17 22:42:01.789  3940-4640  ConfigUpdater           com.google.android.configupdater     D  Metadata download ID set to: 31
2025-11-17 22:42:01.798  2060-10858 DownloadManager         android.process.media                D  [31] Starting
2025-11-17 22:42:01.818  3940-3949  d.configupdater         com.google.android.configupdater     W  Reducing the number of considered missed Gc histogram windows from 373 to 100
2025-11-17 22:42:01.828  2060-2069  d.process.media         android.process.media                W  Reducing the number of considered missed Gc histogram windows from 373 to 100
2025-11-17 22:42:01.828  2060-10858 d.process.media         android.process.media                I  AssetManager2(0x70e5ece88138) locale list changing from [] to [en-US]
2025-11-17 22:42:01.840  1844-1859  FuseDaemon              com...ndroid.providers.media.module  W  Reducing the number of considered missed Gc histogram windows from 614 to 100
2025-11-17 22:42:01.964  2060-10853 DownloadManager         android.process.media                D  [30] Finished with status SUCCESS
2025-11-17 22:42:01.970  2060-10858 DownloadManager         android.process.media                W  [31] Stop requested with status HTTP_DATA_ERROR: unexpected end of stream on com.android.okhttp.Address@600c8452
2025-11-17 22:42:01.971  2060-10858 DownloadManager         android.process.media                D  [31] Finished with status WAITING_TO_RETRY
2025-11-17 22:42:01.981  2060-10858 DownloadManager         android.process.media                D  [31] rescheduling the job id:31
2025-11-17 22:42:01.983  2060-2060  DownloadManager         android.process.media                D  onStopJob id=31, reason=cancel() called by app, callingUid=10101 uid=10101 jobId=31
2025-11-17 22:42:01.984   721-749   JobScheduler            system_server                        W  Job didn't exist in JobStore: eb41559 #u0a101/31 DownloadManager:com.android.providers.downloads
2025-11-17 22:42:02.000  3940-3940  ConfigUpdater           com.google.android.configupdater     D  UpdateRequestReceiver constructed with Config: com.google.android.configupdater.CertPin.CertPinConfig@dc06ca2, StoredState: com.google.android.configupdater.StoredState@353cd33, DownloadManagerHelper: com.google.android.configupdater.DownloadManagerHelper@ba618f0, FlagHelper: com.google.android.configupdater.GservicesHelper@af1ee69
2025-11-17 22:42:02.001  3940-3940  ConfigUpdater           com.google.android.configupdater     D  Setting up preferences for StoredState, Downloader, and FlagHelper
2025-11-17 22:42:02.001  3940-3940  ConfigUpdater           com.google.android.configupdater     D  Setting up DownloadManagerHelper
2025-11-17 22:42:02.001  3940-3940  ConfigUpdater           com.google.android.configupdater     D  Loaded SharedPreferences: CertPinDownloads
2025-11-17 22:42:02.001  3940-3940  ConfigUpdater           com.google.android.configupdater     D  Using Lollipop+ download directory: /data/user/0/com.google.android.configupdater/files/downloads
2025-11-17 22:42:02.001  3940-3940  ConfigUpdater           com.google.android.configupdater     D  Got DownloadManager service
2025-11-17 22:42:02.001  3940-3940  ConfigUpdater           com.google.android.configupdater     D  Is wearable device: false
2025-11-17 22:42:02.001  3940-3940  ConfigUpdater           com.google.android.configupdater     D  Received intent with action: android.intent.action.DOWNLOAD_COMPLETE
2025-11-17 22:42:02.001  3940-3940  ConfigUpdater           com.google.android.configupdater     D  Handling download completed intent
2025-11-17 22:42:02.001  3940-3940  ConfigUpdater           com.google.android.configupdater     D  Checking content download complete: downloadId=30
2025-11-17 22:42:02.001  3940-3940  ConfigUpdater           com.google.android.configupdater     D  Checking metadata download complete: downloadId= 30
2025-11-17 22:42:02.003  3940-3940  ConfigUpdater           com.google.android.configupdater     D  UpdateRequestReceiver constructed with Config: com.google.android.configupdater.IntentFirewall.IntentFirewallConfig@af4098f, StoredState: com.google.android.configupdater.StoredState@86bd41c, DownloadManagerHelper: com.google.android.configupdater.DownloadManagerHelper@a320825, FlagHelper: com.google.android.configupdater.GservicesHelper@766edfa
2025-11-17 22:42:02.003  3940-3940  ConfigUpdater           com.google.android.configupdater     D  Setting up preferences for StoredState, Downloader, and FlagHelper
2025-11-17 22:42:02.003  3940-3940  ConfigUpdater           com.google.android.configupdater     D  Setting up DownloadManagerHelper
2025-11-17 22:42:02.003  3940-3940  ConfigUpdater           com.google.android.configupdater     D  Loaded SharedPreferences: IntentFirewallDownload
2025-11-17 22:42:02.003  3940-3940  ConfigUpdater           com.google.android.configupdater     D  Using Lollipop+ download directory: /data/user/0/com.google.android.configupdater/files/downloads
2025-11-17 22:42:02.003  3940-3940  ConfigUpdater           com.google.android.configupdater     D  Got DownloadManager service
2025-11-17 22:42:02.003  3940-3940  ConfigUpdater           com.google.android.configupdater     D  Is wearable device: false
2025-11-17 22:42:02.003  3940-3940  ConfigUpdater           com.google.android.configupdater     D  Received intent with action: android.intent.action.DOWNLOAD_COMPLETE
2025-11-17 22:42:02.003  3940-3940  ConfigUpdater           com.google.android.configupdater     D  Handling download completed intent
2025-11-17 22:42:02.003  3940-3940  ConfigUpdater           com.google.android.configupdater     D  Checking content download complete: downloadId=30
2025-11-17 22:42:02.003  3940-3940  ConfigUpdater           com.google.android.configupdater     D  Checking metadata download complete: downloadId= 30
2025-11-17 22:42:02.004  3940-3940  ConfigUpdater           com.google.android.configupdater     D  UpdateRequestReceiver constructed with Config: com.google.android.configupdater.SmsShortCodes.SmsShortCodesConfig@4701608, StoredState: com.google.android.configupdater.StoredState@ca001a1, DownloadManagerHelper: com.google.android.configupdater.DownloadManagerHelper@425efc6, FlagHelper: com.google.android.configupdater.GservicesHelper@c599b87
2025-11-17 22:42:02.004  3940-3940  ConfigUpdater           com.google.android.configupdater     D  Setting up preferences for StoredState, Downloader, and FlagHelper
2025-11-17 22:42:02.004  3940-3940  ConfigUpdater           com.google.android.configupdater     D  Setting up DownloadManagerHelper
2025-11-17 22:42:02.004  3940-3940  ConfigUpdater           com.google.android.configupdater     D  Loaded SharedPreferences: SmsShortCodesDownload
2025-11-17 22:42:02.004  3940-3940  ConfigUpdater           com.google.android.configupdater     D  Using Lollipop+ download directory: /data/user/0/com.google.android.configupdater/files/downloads
2025-11-17 22:42:02.004  3940-3940  ConfigUpdater           com.google.android.configupdater     D  Got DownloadManager service
2025-11-17 22:42:02.004  3940-3940  ConfigUpdater           com.google.android.configupdater     D  Is wearable device: false
2025-11-17 22:42:02.004  3940-3940  ConfigUpdater           com.google.android.configupdater     D  Received intent with action: android.intent.action.DOWNLOAD_COMPLETE
2025-11-17 22:42:02.004  3940-3940  ConfigUpdater           com.google.android.configupdater     D  Handling download completed intent
2025-11-17 22:42:02.004  3940-3940  ConfigUpdater           com.google.android.configupdater     D  Checking content download complete: downloadId=30
2025-11-17 22:42:02.004  3940-3940  ConfigUpdater           com.google.android.configupdater     D  Checking metadata download complete: downloadId= 30
2025-11-17 22:42:02.005  3940-3940  ConfigUpdater           com.google.android.configupdater     D  UpdateRequestReceiver constructed with Config: com.google.android.configupdater.NetworkWatchlist.NetworkWatchlistConfig@59a16dd, StoredState: com.google.android.configupdater.StoredState@1814252, DownloadManagerHelper: com.google.android.configupdater.DownloadManagerHelper@3aa6923, FlagHelper: com.google.android.configupdater.PhenotypeHelper@fa99e20
2025-11-17 22:42:02.005  3940-3940  ConfigUpdater           com.google.android.configupdater     D  Setting up preferences for StoredState, Downloader, and FlagHelper
2025-11-17 22:42:02.005  3940-3940  ConfigUpdater           com.google.android.configupdater     D  Setting up DownloadManagerHelper
2025-11-17 22:42:02.005  3940-3940  ConfigUpdater           com.google.android.configupdater     D  Loaded SharedPreferences: NetworkWatchlistDownload
2025-11-17 22:42:02.005  3940-3940  ConfigUpdater           com.google.android.configupdater     D  Using Lollipop+ download directory: /data/user/0/com.google.android.configupdater/files/downloads
2025-11-17 22:42:02.005  3940-3940  ConfigUpdater           com.google.android.configupdater     D  Got DownloadManager service
2025-11-17 22:42:02.005  3940-3940  ConfigUpdater           com.google.android.configupdater     D  Is wearable device: false
2025-11-17 22:42:02.005  3940-3940  ConfigUpdater           com.google.android.configupdater     D  Received intent with action: android.intent.action.DOWNLOAD_COMPLETE
2025-11-17 22:42:02.005  3940-3940  ConfigUpdater           com.google.android.configupdater     D  Handling download completed intent
2025-11-17 22:42:02.005  3940-3940  ConfigUpdater           com.google.android.configupdater     D  Checking content download complete: downloadId=30
2025-11-17 22:42:02.005  3940-3940  ConfigUpdater           com.google.android.configupdater     D  Checking metadata download complete: downloadId= 30
2025-11-17 22:42:02.007  3940-3940  ConfigUpdater           com.google.android.configupdater     D  UpdateRequestReceiver constructed with Config: com.google.android.configupdater.ApnDb.ApnDbConfig@9cd319e, StoredState: com.google.android.configupdater.StoredState@fb0747f, DownloadManagerHelper: com.google.android.configupdater.DownloadManagerHelper@ada7c4c, FlagHelper: com.google.android.configupdater.GservicesHelper@fae4495
2025-11-17 22:42:02.007  3940-3940  ConfigUpdater           com.google.android.configupdater     D  Setting up preferences for StoredState, Downloader, and FlagHelper
2025-11-17 22:42:02.007  3940-3940  ConfigUpdater           com.google.android.configupdater     D  Setting up DownloadManagerHelper
2025-11-17 22:42:02.007  3940-3940  ConfigUpdater           com.google.android.configupdater     D  Loaded SharedPreferences: ApnDbDownload
2025-11-17 22:42:02.007  3940-3940  ConfigUpdater           com.google.android.configupdater     D  Using Lollipop+ download directory: /data/user/0/com.google.android.configupdater/files/downloads
2025-11-17 22:42:02.007  3940-3940  ConfigUpdater           com.google.android.configupdater     D  Got DownloadManager service
2025-11-17 22:42:02.007  3940-3940  ConfigUpdater           com.google.android.configupdater     D  Is wearable device: false
2025-11-17 22:42:02.007  3940-3940  ConfigUpdater           com.google.android.configupdater     D  Received intent with action: android.intent.action.DOWNLOAD_COMPLETE
2025-11-17 22:42:02.007  3940-3940  ConfigUpdater           com.google.android.configupdater     D  Handling download completed intent
2025-11-17 22:42:02.007  3940-3940  ConfigUpdater           com.google.android.configupdater     D  Checking content download complete: downloadId=30
2025-11-17 22:42:02.007  3940-3940  ConfigUpdater           com.google.android.configupdater     D  Checking metadata download complete: downloadId= 30
2025-11-17 22:42:02.008  3940-3940  ConfigUpdater           com.google.android.configupdater     D  UpdateRequestReceiver constructed with Config: com.google.android.configupdater.CarrierProvisioningUrls.CarrierProvisioningUrlsConfig@7e1d99b, StoredState: com.google.android.configupdater.StoredState@4591138, DownloadManagerHelper: com.google.android.configupdater.DownloadManagerHelper@67b9511, FlagHelper: com.google.android.configupdater.GservicesHelper@62fd676
2025-11-17 22:42:02.008  3940-3940  ConfigUpdater           com.google.android.configupdater     D  Setting up preferences for StoredState, Downloader, and FlagHelper
2025-11-17 22:42:02.008  3940-3940  ConfigUpdater           com.google.android.configupdater     D  Setting up DownloadManagerHelper
2025-11-17 22:42:02.008  3940-3940  ConfigUpdater           com.google.android.configupdater     D  Loaded SharedPreferences: CarrierProvisioningUrlsDownload
2025-11-17 22:42:02.008  3940-3940  ConfigUpdater           com.google.android.configupdater     D  Using Lollipop+ download directory: /data/user/0/com.google.android.configupdater/files/downloads
2025-11-17 22:42:02.008  3940-3940  ConfigUpdater           com.google.android.configupdater     D  Got DownloadManager service
2025-11-17 22:42:02.008  3940-3940  ConfigUpdater           com.google.android.configupdater     D  Is wearable device: false
2025-11-17 22:42:02.008  3940-3940  ConfigUpdater           com.google.android.configupdater     D  Received intent with action: android.intent.action.DOWNLOAD_COMPLETE
2025-11-17 22:42:02.008  3940-3940  ConfigUpdater           com.google.android.configupdater     D  Handling download completed intent
2025-11-17 22:42:02.008  3940-3940  ConfigUpdater           com.google.android.configupdater     D  Checking content download complete: downloadId=30
2025-11-17 22:42:02.008  3940-3940  ConfigUpdater           com.google.android.configupdater     D  Checking metadata download complete: downloadId= 30
2025-11-17 22:42:02.009  3940-3940  ConfigUpdater           com.google.android.configupdater     D  UpdateRequestReceiver constructed with Config: com.google.android.configupdater.LangId.LangIdConfig@72a08e4, StoredState: com.google.android.configupdater.StoredState@ff3714d, DownloadManagerHelper: com.google.android.configupdater.DownloadManagerHelper@5bae402, FlagHelper: com.google.android.configupdater.PhenotypeHelper@d97e113
2025-11-17 22:42:02.009  3940-3940  ConfigUpdater           com.google.android.configupdater     D  Setting up preferences for StoredState, Downloader, and FlagHelper
2025-11-17 22:42:02.009  3940-3940  ConfigUpdater           com.google.android.configupdater     D  Setting up DownloadManagerHelper
2025-11-17 22:42:02.009  3940-3940  ConfigUpdater           com.google.android.configupdater     D  Loaded SharedPreferences: LangIdDownload
2025-11-17 22:42:02.009  3940-3940  ConfigUpdater           com.google.android.configupdater     D  Using Lollipop+ download directory: /data/user/0/com.google.android.configupdater/files/downloads
2025-11-17 22:42:02.009  3940-3940  ConfigUpdater           com.google.android.configupdater     D  Got DownloadManager service
2025-11-17 22:42:02.009  3940-3940  ConfigUpdater           com.google.android.configupdater     D  Is wearable device: false
2025-11-17 22:42:02.009  3940-3940  ConfigUpdater           com.google.android.configupdater     D  Received intent with action: android.intent.action.DOWNLOAD_COMPLETE
2025-11-17 22:42:02.009  3940-3940  ConfigUpdater           com.google.android.configupdater     D  Handling download completed intent
2025-11-17 22:42:02.010  3940-3940  ConfigUpdater           com.google.android.configupdater     D  Checking content download complete: downloadId=30
2025-11-17 22:42:02.010  3940-3940  ConfigUpdater           com.google.android.configupdater     D  Checking metadata download complete: downloadId= 30
2025-11-17 22:42:02.011  3940-3940  ConfigUpdater           com.google.android.configupdater     D  UpdateRequestReceiver constructed with Config: com.google.android.configupdater.SmartSelection.SmartSelectionConfig@892d549, StoredState: com.google.android.configupdater.StoredState@2f73e4e, DownloadManagerHelper: com.google.android.configupdater.DownloadManagerHelper@6957b6f, FlagHelper: com.google.android.configupdater.PhenotypeHelper@1b907c
2025-11-17 22:42:02.011  3940-3940  ConfigUpdater           com.google.android.configupdater     D  Setting up preferences for StoredState, Downloader, and FlagHelper
2025-11-17 22:42:02.011  3940-3940  ConfigUpdater           com.google.android.configupdater     D  Setting up DownloadManagerHelper
2025-11-17 22:42:02.011  3940-3940  ConfigUpdater           com.google.android.configupdater     D  Loaded SharedPreferences: SmartSelectionDownload
2025-11-17 22:42:02.011  3940-3940  ConfigUpdater           com.google.android.configupdater     D  Using Lollipop+ download directory: /data/user/0/com.google.android.configupdater/files/downloads
2025-11-17 22:42:02.011  3940-3940  ConfigUpdater           com.google.android.configupdater     D  Got DownloadManager service
