2026-02-06 14:01:10.421  2340-2438  ProtectionDiagnostics   com.cdccreditsmart.app               W  â•”â•â•â•â•â•â•â•â•â•â•â•â•â•â•â•â•â•â•â•â•â•â•â•â•â•â•â•â•â•â•â•â•â•â•â•â•â•â•â•â•â•â•â•â•â•â•â•â•â•â•â•â•â•â•â•â•â•â•â•â•â•—
2026-02-06 14:01:10.421  2340-2438  ProtectionDiagnostics   com.cdccreditsmart.app               W  â•‘         DIAGNÃ“STICO COMPLETO DE PROTEÃ‡Ã•ES                 â•‘
2026-02-06 14:01:10.421  2340-2438  ProtectionDiagnostics   com.cdccreditsmart.app               W  â•šâ•â•â•â•â•â•â•â•â•â•â•â•â•â•â•â•â•â•â•â•â•â•â•â•â•â•â•â•â•â•â•â•â•â•â•â•â•â•â•â•â•â•â•â•â•â•â•â•â•â•â•â•â•â•â•â•â•â•â•â•â•
2026-02-06 14:01:10.421  2340-2438  ProtectionDiagnostics   com.cdccreditsmart.app               W  
2026-02-06 14:01:10.422  2340-2438  ProtectionDiagnostics   com.cdccreditsmart.app               W  â•â•â•â•â•â•â•â•â•â•â•â•â•â•â•â•â•â•â•â•â•â•â•â•â•â•â•â•â•â•â•â•â•â•â•â•â•â•â•â•â•â•â•â•â•â•â•â•â•â•â•â•â•â•â•â•â•â•â•
2026-02-06 14:01:10.422  2340-2438  ProtectionDiagnostics   com.cdccreditsmart.app               W  1. STATUS DEVICE OWNER
2026-02-06 14:01:10.422  2340-2438  ProtectionDiagnostics   com.cdccreditsmart.app               W  â•â•â•â•â•â•â•â•â•â•â•â•â•â•â•â•â•â•â•â•â•â•â•â•â•â•â•â•â•â•â•â•â•â•â•â•â•â•â•â•â•â•â•â•â•â•â•â•â•â•â•â•â•â•â•â•â•â•â•
2026-02-06 14:01:10.422  2340-2438  ProtectionDiagnostics   com.cdccreditsmart.app               W  âœ… Ã‰ DEVICE OWNER
2026-02-06 14:01:10.422  2340-2438  ProtectionDiagnostics   com.cdccreditsmart.app               W  Package Name: com.cdccreditsmart.app
2026-02-06 14:01:10.423  2340-2438  ProtectionDiagnostics   com.cdccreditsmart.app               W  Admin Component: com.cdccreditsmart.app.device.CdcDeviceAdminReceiver
2026-02-06 14:01:10.423  2340-2438  ProtectionDiagnostics   com.cdccreditsmart.app               W  
2026-02-06 14:01:10.423  2340-2438  ProtectionDiagnostics   com.cdccreditsmart.app               W  â•â•â•â•â•â•â•â•â•â•â•â•â•â•â•â•â•â•â•â•â•â•â•â•â•â•â•â•â•â•â•â•â•â•â•â•â•â•â•â•â•â•â•â•â•â•â•â•â•â•â•â•â•â•â•â•â•â•â•
2026-02-06 14:01:10.423  2340-2438  ProtectionDiagnostics   com.cdccreditsmart.app               W  2. ADMIN STATUS
2026-02-06 14:01:10.423  2340-2438  ProtectionDiagnostics   com.cdccreditsmart.app               W  â•â•â•â•â•â•â•â•â•â•â•â•â•â•â•â•â•â•â•â•â•â•â•â•â•â•â•â•â•â•â•â•â•â•â•â•â•â•â•â•â•â•â•â•â•â•â•â•â•â•â•â•â•â•â•â•â•â•â•
2026-02-06 14:01:10.423  2340-2438  ProtectionDiagnostics   com.cdccreditsmart.app               W  âŒ Admin INATIVO
2026-02-06 14:01:10.423  2340-2438  ProtectionDiagnostics   com.cdccreditsmart.app               W  
2026-02-06 14:01:10.425  2340-2438  PolicyHelper            com.cdccreditsmart.app               W  getUserRestrictions failed: null
2026-02-06 14:01:10.425  2340-2438  ProtectionDiagnostics   com.cdccreditsmart.app               W  â•â•â•â•â•â•â•â•â•â•â•â•â•â•â•â•â•â•â•â•â•â•â•â•â•â•â•â•â•â•â•â•â•â•â•â•â•â•â•â•â•â•â•â•â•â•â•â•â•â•â•â•â•â•â•â•â•â•â•
2026-02-06 14:01:10.425  2340-2438  ProtectionDiagnostics   com.cdccreditsmart.app               W  3. FACTORY RESET STATUS
2026-02-06 14:01:10.425  2340-2438  ProtectionDiagnostics   com.cdccreditsmart.app               W  â•â•â•â•â•â•â•â•â•â•â•â•â•â•â•â•â•â•â•â•â•â•â•â•â•â•â•â•â•â•â•â•â•â•â•â•â•â•â•â•â•â•â•â•â•â•â•â•â•â•â•â•â•â•â•â•â•â•â•
2026-02-06 14:01:10.425  2340-2438  ProtectionDiagnostics   com.cdccreditsmart.app               W  âŒ FACTORY RESET NÃƒO BLOQUEADO
2026-02-06 14:01:10.425  2340-2438  ProtectionDiagnostics   com.cdccreditsmart.app               E  
2026-02-06 14:01:10.425  2340-2438  ProtectionDiagnostics   com.cdccreditsmart.app               E  âš ï¸  CRÃTICO: DISALLOW_FACTORY_RESET NÃƒO FOI APLICADO!
2026-02-06 14:01:10.425  2340-2438  ProtectionDiagnostics   com.cdccreditsmart.app               E     UsuÃ¡rio PODE resetar via Settings
2026-02-06 14:01:10.425  2340-2438  ProtectionDiagnostics   com.cdccreditsmart.app               E  
2026-02-06 14:01:10.425  2340-2438  ProtectionDiagnostics   com.cdccreditsmart.app               W  
2026-02-06 14:01:10.425  2340-2438  ProtectionDiagnostics   com.cdccreditsmart.app               W  â•â•â•â•â•â•â•â•â•â•â•â•â•â•â•â•â•â•â•â•â•â•â•â•â•â•â•â•â•â•â•â•â•â•â•â•â•â•â•â•â•â•â•â•â•â•â•â•â•â•â•â•â•â•â•â•â•â•â•
2026-02-06 14:01:10.425  2340-2438  ProtectionDiagnostics   com.cdccreditsmart.app               W  4. OUTRAS PROTEÃ‡Ã•ES
2026-02-06 14:01:10.425  2340-2438  ProtectionDiagnostics   com.cdccreditsmart.app               W  â•â•â•â•â•â•â•â•â•â•â•â•â•â•â•â•â•â•â•â•â•â•â•â•â•â•â•â•â•â•â•â•â•â•â•â•â•â•â•â•â•â•â•â•â•â•â•â•â•â•â•â•â•â•â•â•â•â•â•
2026-02-06 14:01:10.426  2340-2438  PolicyHelper            com.cdccreditsmart.app               W  getUserRestrictions failed: null
2026-02-06 14:01:10.426  2340-2438  ProtectionDiagnostics   com.cdccreditsmart.app               W  
2026-02-06 14:01:10.426  2340-2438  ProtectionDiagnostics   com.cdccreditsmart.app               W  â•â•â•â•â•â•â•â•â•â•â•â•â•â•â•â•â•â•â•â•â•â•â•â•â•â•â•â•â•â•â•â•â•â•â•â•â•â•â•â•â•â•â•â•â•â•â•â•â•â•â•â•â•â•â•â•â•â•â•
2026-02-06 14:01:10.426  2340-2438  ProtectionDiagnostics   com.cdccreditsmart.app               W  5. RESUMO
2026-02-06 14:01:10.426  2340-2438  ProtectionDiagnostics   com.cdccreditsmart.app               W  â•â•â•â•â•â•â•â•â•â•â•â•â•â•â•â•â•â•â•â•â•â•â•â•â•â•â•â•â•â•â•â•â•â•â•â•â•â•â•â•â•â•â•â•â•â•â•â•â•â•â•â•â•â•â•â•â•â•â•
2026-02-06 14:01:10.427  2340-2438  ProtectionDiagnostics   com.cdccreditsmart.app               W  Device Owner: âœ… SIM
2026-02-06 14:01:10.427  2340-2438  ProtectionDiagnostics   com.cdccreditsmart.app               W  Admin Ativo: âŒ NÃƒO
2026-02-06 14:01:10.427  2340-2438  ProtectionDiagnostics   com.cdccreditsmart.app               W  Factory Reset Bloqueado: âŒ NÃƒO
2026-02-06 14:01:10.427  2340-2438  ProtectionDiagnostics   com.cdccreditsmart.app               W  ProteÃ§Ãµes Ativas: 0/0
2026-02-06 14:01:10.427  2340-2438  ProtectionDiagnostics   com.cdccreditsmart.app               W  
2026-02-06 14:01:10.427  2340-2438  ProtectionDiagnostics   com.cdccreditsmart.app               E  â•”â•â•â•â•â•â•â•â•â•â•â•â•â•â•â•â•â•â•â•â•â•â•â•â•â•â•â•â•â•â•â•â•â•â•â•â•â•â•â•â•â•â•â•â•â•â•â•â•â•â•â•â•â•â•â•â•â•â•â•â•â•—
2026-02-06 14:01:10.427  2340-2438  ProtectionDiagnostics   com.cdccreditsmart.app               E  â•‘  âš ï¸  ATENÃ‡ÃƒO: PROTEÃ‡Ã•ES NÃƒO APLICADAS!                    â•‘
2026-02-06 14:01:10.427  2340-2438  ProtectionDiagnostics   com.cdccreditsmart.app               E  â•‘                                                            â•‘
2026-02-06 14:01:10.427  2340-2438  ProtectionDiagnostics   com.cdccreditsmart.app               E  â•‘  App Ã‰ Device Owner mas proteÃ§Ãµes NÃƒO foram aplicadas.     â•‘
2026-02-06 14:01:10.427  2340-2438  ProtectionDiagnostics   com.cdccreditsmart.app               E  â•‘  AppProtectionManager.applyMaximumProtection() NÃƒO rodou! â•‘
2026-02-06 14:01:10.427  2340-2438  ProtectionDiagnostics   com.cdccreditsmart.app               E  â•‘                                                            â•‘
2026-02-06 14:01:10.427  2340-2438  ProtectionDiagnostics   com.cdccreditsmart.app               E  â•‘  VERIFIQUE:                                                â•‘
2026-02-06 14:01:10.427  2340-2438  ProtectionDiagnostics   com.cdccreditsmart.app               E  â•‘  - CDCApplication.onCreate() rodou?                        â•‘
2026-02-06 14:01:10.427  2340-2438  ProtectionDiagnostics   com.cdccreditsmart.app               E  â•‘  - Houve algum erro durante aplicaÃ§Ã£o?                    â•‘
2026-02-06 14:01:10.427  2340-2438  ProtectionDiagnostics   com.cdccreditsmart.app               E  â•‘  - Reinicie o app para reaplica as proteÃ§Ãµes              â•‘
2026-02-06 14:01:10.427  2340-2438  ProtectionDiagnostics   com.cdccreditsmart.app               E  â•šâ•â•â•â•â•â•â•â•â•â•â•â•â•â•â•â•â•â•â•â•â•â•â•â•â•â•â•â•â•â•â•â•â•â•â•â•â•â•â•â•â•â•â•â•â•â•â•â•â•â•â•â•â•â•â•â•â•â•â•â•â•
2026-02-06 14:01:10.427  2340-2438  ProtectionDiagnostics   com.cdccreditsmart.app               W  
2026-02-06 14:01:10.427  2340-2438  ProtectionDiagnostics   com.cdccreditsmart.app               W  â•”â•â•â•â•â•â•â•â•â•â•â•â•â•â•â•â•â•â•â•â•â•â•â•â•â•â•â•â•â•â•â•â•â•â•â•â•â•â•â•â•â•â•â•â•â•â•â•â•â•â•â•â•â•â•â•â•â•â•â•â•â•—
2026-02-06 14:01:10.427  2340-2438  ProtectionDiagnostics   com.cdccreditsmart.app               W  â•‘         FIM DO DIAGNÃ“STICO                                 â•‘
2026-02-06 14:01:10.427  2340-2438  ProtectionDiagnostics   com.cdccreditsmart.app               W  â•šâ•â•â•â•â•â•â•â•â•â•â•â•â•â•â•â•â•â•â•â•â•â•â•â•â•â•â•â•â•â•â•â•â•â•â•â•â•â•â•â•â•â•â•â•â•â•â•â•â•â•â•â•â•â•â•â•â•â•â•â•â•
2026-02-06 14:01:10.427  2340-2438  ProtectionDiagnostics   com.cdccreditsmart.app               W  
2026-02-06 14:01:10.427  2340-2438  CDCApplication          com.cdccreditsmart.app               E  âš ï¸ ISSUES CRÃTICOS ENCONTRADOS:
2026-02-06 14:01:10.427  2340-2438  CDCApplication          com.cdccreditsmart.app               E     - PROTEÃ‡Ã•ES NÃƒO APLICADAS
2026-02-06 14:01:10.429  2340-2438  KnoxEnhancedProtections com.cdccreditsmart.app               I  
2026-02-06 14:01:10.429  2340-2438  KnoxEnhancedProtections com.cdccreditsmart.app               I  â•”â•â•â•â•â•â•â•â•â•â•â•â•â•â•â•â•â•â•â•â•â•â•â•â•â•â•â•â•â•â•â•â•â•â•â•â•â•â•â•â•â•â•â•â•â•â•â•â•â•â•â•â•â•â•â•â•â•â•â•â•—
2026-02-06 14:01:10.429  2340-2438  KnoxEnhancedProtections com.cdccreditsmart.app               I  â•‘   ğŸ›¡ï¸ KNOX ENHANCED PROTECTIONS - INICIANDO             â•‘
2026-02-06 14:01:10.429  2340-2438  KnoxEnhancedProtections com.cdccreditsmart.app               I  â•šâ•â•â•â•â•â•â•â•â•â•â•â•â•â•â•â•â•â•â•â•â•â•â•â•â•â•â•â•â•â•â•â•â•â•â•â•â•â•â•â•â•â•â•â•â•â•â•â•â•â•â•â•â•â•â•â•â•â•â•â•
2026-02-06 14:01:10.429  2340-2438  KnoxEnhancedProtections com.cdccreditsmart.app               W  âŒ Dispositivo NÃƒO Ã© Samsung Knox
2026-02-06 14:01:10.429  2340-2438  KnoxEnhancedProtections com.cdccreditsmart.app               W     ProteÃ§Ãµes Knox Enhanced NÃƒO disponÃ­veis
2026-02-06 14:01:10.429  2340-2438  KnoxEnhancedProtections com.cdccreditsmart.app               W     Usando apenas proteÃ§Ãµes Android Device Owner padrÃ£o
2026-02-06 14:01:10.429  2340-2438  CDCApplication          com.cdccreditsmart.app               I  â•šâ•â•â•â•â•â•â•â•â•â•â•â•â•â•â•â•â•â•â•â•â•â•â•â•â•â•â•â•â•â•â•â•â•â•â•â•â•â•â•â•â•â•â•â•â•â•â•â•â•â•â•â•â•â•â•â•â•â•â•â•â•
2026-02-06 14:01:10.429  2340-2438  CDCApplication          com.cdccreditsmart.app               I  
2026-02-06 14:01:10.432  2340-2438  TamperDetection         com.cdccreditsmart.app               I  ========================================
2026-02-06 14:01:10.432  2340-2438  TamperDetection         com.cdccreditsmart.app               I  ğŸ” VERIFICANDO INTEGRIDADE DO DISPOSITIVO
2026-02-06 14:01:10.432  2340-2438  TamperDetection         com.cdccreditsmart.app               I  ========================================
2026-02-06 14:01:10.432  2340-2437  CDCApplication          com.cdccreditsmart.app               I  ğŸ‘¤ Verificando Managed Secondary User...
2026-02-06 14:01:10.435  2340-2438  TamperDetection         com.cdccreditsmart.app               I  âœ… Primeira instalaÃ§Ã£o detectada
2026-02-06 14:01:10.435  2340-2438  TamperDetection         com.cdccreditsmart.app               I     Token e deviceId nÃ£o existem - app nunca foi pareado
2026-02-06 14:01:10.435  2340-2438  TamperDetection         com.cdccreditsmart.app               I  ========================================
2026-02-06 14:01:10.439  2340-2437  WorkProfileManager      com.cdccreditsmart.app               W  âš ï¸ Erro ao usar getUserHandles: null
2026-02-06 14:01:10.439  2340-2437  creditsmart.app         com.cdccreditsmart.app               W  Accessing hidden method Landroid/os/UserManager;->getUsers()Ljava/util/List; (unsupported,test-api, reflection, allowed)
2026-02-06 14:01:10.441  2340-2437  WorkProfileManager      com.cdccreditsmart.app               W  âš ï¸ Erro ao usar getUsers: null
2026-02-06 14:01:10.441  2340-2437  CDCApplication          com.cdccreditsmart.app               I  ğŸ”§ Criando Managed Secondary User...
2026-02-06 14:01:10.441  2340-2437  WorkProfileManager      com.cdccreditsmart.app               I  
2026-02-06 14:01:10.441  2340-2437  WorkProfileManager      com.cdccreditsmart.app               I  ğŸ‘¤ ==================== CRIANDO USUÃRIO SECUNDÃRIO GERENCIADO ====================
2026-02-06 14:01:10.441  2340-2438  TamperDetection         com.cdccreditsmart.app               I  
2026-02-06 14:01:10.441  2340-2438  TamperDetection         com.cdccreditsmart.app               I  â•”â•â•â•â•â•â•â•â•â•â•â•â•â•â•â•â•â•â•â•â•â•â•â•â•â•â•â•â•â•â•â•â•â•â•â•â•â•â•â•â•â•â•â•â•â•â•â•â•â•â•â•â•â•â•â•â•â•—
2026-02-06 14:01:10.441  2340-2438  TamperDetection         com.cdccreditsmart.app               I  â•‘    ğŸ“¡ BOOT REPORT ADIADO - AGUARDANDO PAREAMENTO      â•‘
2026-02-06 14:01:10.441  2340-2438  TamperDetection         com.cdccreditsmart.app               I  â• â•â•â•â•â•â•â•â•â•â•â•â•â•â•â•â•â•â•â•â•â•â•â•â•â•â•â•â•â•â•â•â•â•â•â•â•â•â•â•â•â•â•â•â•â•â•â•â•â•â•â•â•â•â•â•â•â•£
2026-02-06 14:01:10.441  2340-2438  TamperDetection         com.cdccreditsmart.app               I  â•‘  â³ Device ainda nÃ£o pareado com contrato              â•‘
2026-02-06 14:01:10.442  2340-2438  TamperDetection         com.cdccreditsmart.app               I  â•‘  â³ Boot serÃ¡ reportado apÃ³s autenticaÃ§Ã£o              â•‘
2026-02-06 14:01:10.442  2340-2438  TamperDetection         com.cdccreditsmart.app               I  â•‘  â„¹ï¸  Isso Ã© comportamento NORMAL antes do pareamento   â•‘
2026-02-06 14:01:10.442  2340-2438  TamperDetection         com.cdccreditsmart.app               I  â•šâ•â•â•â•â•â•â•â•â•â•â•â•â•â•â•â•â•â•â•â•â•â•â•â•â•â•â•â•â•â•â•â•â•â•â•â•â•â•â•â•â•â•â•â•â•â•â•â•â•â•â•â•â•â•â•â•â•
2026-02-06 14:01:10.442  2340-2438  TamperDetection         com.cdccreditsmart.app               I  
2026-02-06 14:01:10.443  2340-2438  CDCApplication          com.cdccreditsmart.app               I  ğŸ”’ Verificando status do SIM no boot da aplicaÃ§Ã£o...
2026-02-06 14:01:10.444  2340-2437  WorkProfileManager      com.cdccreditsmart.app               W  âš ï¸ Erro ao usar getUserHandles: null
2026-02-06 14:01:10.446  2340-2437  WorkProfileManager      com.cdccreditsmart.app               W  âš ï¸ Erro ao usar getUsers: null
2026-02-06 14:01:10.446  2340-2437  WorkProfileManager      com.cdccreditsmart.app               I  ğŸ“‹ [1/5] Affiliation ID: cdc-df0edf56-f0ce-407b-8975-7f386e4d24ea
2026-02-06 14:01:10.446  2340-2437  WorkProfileManager      com.cdccreditsmart.app               I  ğŸ“‹ [2/5] Extras preparados
2026-02-06 14:01:10.446  2340-2437  WorkProfileManager      com.cdccreditsmart.app               I  ğŸ”§ [3/5] Criando usuÃ¡rio secundÃ¡rio gerenciado...
2026-02-06 14:01:10.448  2340-2438  SimSwapManager          com.cdccreditsmart.app               I  ========================================
2026-02-06 14:01:10.448  2340-2438  SimSwapManager          com.cdccreditsmart.app               I  ğŸ”’ SIM SWAP: Iniciando verificaÃ§Ã£o de status do SIM
2026-02-06 14:01:10.448  2340-2438  SimSwapManager          com.cdccreditsmart.app               I  ========================================
2026-02-06 14:01:10.461  2340-2438  SimSwapDetector         com.cdccreditsmart.app               W  ğŸ”’ SIM SWAP: Nenhum SIM ativo detectado
2026-02-06 14:01:10.464  2340-2438  SimSwapDetector         com.cdccreditsmart.app               W  ğŸ”’ SIM SWAP: Nenhum SIM ativo para obter operadora
2026-02-06 14:01:10.464  2340-2438  SimSwapDetector         com.cdccreditsmart.app               I  ğŸ”’ SIM SWAP: InformaÃ§Ãµes do SIM coletadas:
2026-02-06 14:01:10.464  2340-2438  SimSwapDetector         com.cdccreditsmart.app               I     Serial: nÃ£o disponÃ­vel...
2026-02-06 14:01:10.465  2340-2438  SimSwapDetector         com.cdccreditsmart.app               I     Operadora: desconhecida
2026-02-06 14:01:10.465  2340-2438  SimSwapDetector         com.cdccreditsmart.app               I     SIM ativo: false
2026-02-06 14:01:10.465  2340-2438  SimSwapManager          com.cdccreditsmart.app               W  ğŸ”’ SIM SWAP: Nenhum SIM ativo detectado - sem aÃ§Ã£o necessÃ¡ria
2026-02-06 14:01:10.465  2340-2438  SimSwapManager          com.cdccreditsmart.app               I  ========================================
2026-02-06 14:01:10.465  2340-2454  CDCApplication          com.cdccreditsmart.app               I  âœ… VerificaÃ§Ã£o de SIM swap concluÃ­da com sucesso
2026-02-06 14:01:12.249  2340-2340  CrashHandler            com.cdccreditsmart.app               E  
2026-02-06 14:01:12.249  2340-2340  CrashHandler            com.cdccreditsmart.app               E  â˜ ï¸ Processo terminando agora...
2026-02-06 14:01:12.249  2340-2340  CrashHandler            com.cdccreditsmart.app               E  
2026-02-06 14:01:13.698  2467-2467  ziparchive              com.cdccreditsmart.app               W  Unable to open '/data/app/~~TFst6azuXS3RJvsYuo9J_A==/com.cdccreditsmart.app-pAC8sJgLG6nkrkITxuPH5Q==/base.dm': No such file or directory
2026-02-06 14:01:13.698  2467-2467  ziparchive              com.cdccreditsmart.app               W  Unable to open '/data/app/~~TFst6azuXS3RJvsYuo9J_A==/com.cdccreditsmart.app-pAC8sJgLG6nkrkITxuPH5Q==/base.dm': No such file or directory
2026-02-06 14:01:14.385  2467-2467  nativeloader            com.cdccreditsmart.app               D  Configuring clns-7 for other apk /data/app/~~TFst6azuXS3RJvsYuo9J_A==/com.cdccreditsmart.app-pAC8sJgLG6nkrkITxuPH5Q==/base.apk. target_sdk_version=35, uses_libraries=, library_path=/data/app/~~TFst6azuXS3RJvsYuo9J_A==/com.cdccreditsmart.app-pAC8sJgLG6nkrkITxuPH5Q==/lib/arm64:/data/app/~~TFst6azuXS3RJvsYuo9J_A==/com.cdccreditsmart.app-pAC8sJgLG6nkrkITxuPH5Q==/base.apk!/lib/arm64-v8a, permitted_path=/data:/mnt/expand:/data/user/0/com.cdccreditsmart.app
2026-02-06 14:01:14.388  2467-2467  CompatChangeReporter    com.cdccreditsmart.app               D  Compat change id reported: 202956589; UID 10302; state: ENABLED
2026-02-06 14:01:14.402  2467-2467  GraphicsEnvironment     com.cdccreditsmart.app               V  Currently set values for:
2026-02-06 14:01:14.402  2467-2467  GraphicsEnvironment     com.cdccreditsmart.app               V    angle_gl_driver_selection_pkgs=[]
2026-02-06 14:01:14.402  2467-2467  GraphicsEnvironment     com.cdccreditsmart.app               V    angle_gl_driver_selection_values=[]
2026-02-06 14:01:14.402  2467-2467  GraphicsEnvironment     com.cdccreditsmart.app               V  Global.Settings values are invalid: number of packages: 0, number of values: 0
2026-02-06 14:01:14.402  2467-2467  GraphicsEnvironment     com.cdccreditsmart.app               V  Neither updatable production driver nor prerelease driver is supported.
2026-02-06 14:01:14.527  2467-2467  FirebaseApp             com.cdccreditsmart.app               I  Device unlocked: initializing all Firebase APIs for app [DEFAULT]
2026-02-06 14:01:14.578  2467-2467  FirebaseInitProvider    com.cdccreditsmart.app               I  FirebaseApp initialization successful
2026-02-06 14:01:14.596  2467-2467  WM-WrkMgrInitializer    com.cdccreditsmart.app               D  Initializing WorkManager with default configuration.
2026-02-06 14:01:14.630  2467-2501  creditsmart.app         com.cdccreditsmart.app               W  ClassLoaderContext classpath size mismatch. expected=1, found=0 (DLC[];PCL[base.apk*3045686230]{PCL[/system/framework/org.apache.http.legacy.jar*437079508]#PCL[/system/framework/com.android.location.provider.jar*3414091812]#PCL[/system/framework/com.android.media.remotedisplay.jar*2042759013]#PCL[/system_ext/framework/androidx.window.extensions.jar*83288132]#PCL[/system_ext/framework/androidx.window.sidecar.jar*3142613169]} | DLC[];PCL[])
2026-02-06 14:01:14.635  2467-2501  DynamiteModule          com.cdccreditsmart.app               I  Considering local module com.google.android.gms.measurement.dynamite:127 and remote module com.google.android.gms.measurement.dynamite:175
2026-02-06 14:01:14.635  2467-2501  DynamiteModule          com.cdccreditsmart.app               I  Selected remote version of com.google.android.gms.measurement.dynamite, version >= 175
2026-02-06 14:01:14.635  2467-2501  DynamiteModule          com.cdccreditsmart.app               V  Dynamite loader version >= 2, using loadModule2NoCrashUtils
2026-02-06 14:01:14.668  2467-2501  System                  com.cdccreditsmart.app               W  ClassLoader referenced unknown path: 
2026-02-06 14:01:14.670  2467-2501  nativeloader            com.cdccreditsmart.app               D  Configuring clns-8 for other apk . target_sdk_version=36, uses_libraries=, library_path=/data/app/~~UYL2LxTOvUtKpfDE1wjgsw==/com.google.android.gms--_bQxPHbyTVgqifXCVQtOQ==/lib/arm64:/data/app/~~UYL2LxTOvUtKpfDE1wjgsw==/com.google.android.gms--_bQxPHbyTVgqifXCVQtOQ==/base.apk!/lib/arm64-v8a, permitted_path=/data:/mnt/expand:/data/user/0/com.google.android.gms
2026-02-06 14:01:14.690  2467-2501  creditsmart.app         com.cdccreditsmart.app               W  ClassLoaderContext classpath element checksum mismatch. expected=3045686230, found=2775482957 (DLC[];PCL[base.apk*3045686230]{PCL[/system/framework/org.apache.http.legacy.jar*437079508]#PCL[/system/framework/com.android.location.provider.jar*3414091812]#PCL[/system/framework/com.android.media.remotedisplay.jar*2042759013]#PCL[/system_ext/framework/androidx.window.extensions.jar*83288132]#PCL[/system_ext/framework/androidx.window.sidecar.jar*3142613169]} | DLC[];PCL[/data/app/~~TFst6azuXS3RJvsYuo9J_A==/com.cdccreditsmart.app-pAC8sJgLG6nkrkITxuPH5Q==/base.apk*2775482957])
2026-02-06 14:01:14.747  2467-2467  WM-PackageManagerHelper com.cdccreditsmart.app               D  Skipping component enablement for androidx.work.impl.background.systemjob.SystemJobService
2026-02-06 14:01:14.747  2467-2467  WM-Schedulers           com.cdccreditsmart.app               D  Created SystemJobScheduler and enabled SystemJobService
2026-02-06 14:01:14.765  2467-2467  MbrainDebugManagerImpl  com.cdccreditsmart.app               D  getService failed
2026-02-06 14:01:14.772  2467-2467  CompatChangeReporter    com.cdccreditsmart.app               D  Compat change id reported: 279646685; UID 10302; state: ENABLED
2026-02-06 14:01:14.785  2467-2467  CrashHandler            com.cdccreditsmart.app               I  âœ… Global crash handler instalado
2026-02-06 14:01:14.785  2467-2467  CDCApplication          com.cdccreditsmart.app               I  CDC Application iniciando...
2026-02-06 14:01:14.788  2467-2467  CDCApplication          com.cdccreditsmart.app               I  Executando inicializacao completa...
2026-02-06 14:01:14.806  2467-2534  creditsmart.app         com.cdccreditsmart.app               W  Accessing hidden method Ldalvik/system/VMStack;->getStackClass2()Ljava/lang/Class; (unsupported, reflection, allowed)
2026-02-06 14:01:14.834  2467-2530  creditsmart.app         com.cdccreditsmart.app               E  No package ID 6a found for resource ID 0x6a0b0013.
2026-02-06 14:01:14.837  2467-2530  FA                      com.cdccreditsmart.app               I  App measurement initialized, version: 151001
2026-02-06 14:01:14.837  2467-2530  FA                      com.cdccreditsmart.app               I  To enable debug logging run: adb shell setprop log.tag.FA VERBOSE
2026-02-06 14:01:14.837  2467-2530  FA                      com.cdccreditsmart.app               I  To enable faster debug mode event logging run:
                                                                                                      adb shell setprop debug.firebase.analytics.app com.cdccreditsmart.app
2026-02-06 14:01:14.843  2467-2467  CDCApplication          com.cdccreditsmart.app               I  ========================================
2026-02-06 14:01:14.843  2467-2467  CDCApplication          com.cdccreditsmart.app               I  ğŸ” Verificando status de Device Owner...
2026-02-06 14:01:14.850  2467-2467  CompatChangeReporter    com.cdccreditsmart.app               D  Compat change id reported: 307233716; UID 10302; state: ENABLED
2026-02-06 14:01:14.850  2467-2467  CDCApplication          com.cdccreditsmart.app               I  Device Owner Status: âœ… SIM
2026-02-06 14:01:14.851  2467-2467  CDCApplication          com.cdccreditsmart.app               I  Package Name: com.cdccreditsmart.app
2026-02-06 14:01:14.851  2467-2467  CDCApplication          com.cdccreditsmart.app               I  âœ… App Ã© Device Owner - prosseguindo com concessÃ£o de permissÃµes...
2026-02-06 14:01:14.851  2467-2467  CDCApplication          com.cdccreditsmart.app               I  ========================================
2026-02-06 14:01:14.858  2467-2467  AutoPermissionManager   com.cdccreditsmart.app               I  ========================================
2026-02-06 14:01:14.858  2467-2467  AutoPermissionManager   com.cdccreditsmart.app               I  ğŸ” INICIANDO CONCESSÃƒO AUTOMÃTICA DE PERMISSÃ•ES
2026-02-06 14:01:14.858  2467-2467  AutoPermissionManager   com.cdccreditsmart.app               I  ========================================
2026-02-06 14:01:14.861  2467-2467  AutoPermissionManager   com.cdccreditsmart.app               I  ğŸ“‹ Status: Device Owner=true, Profile Owner=false
2026-02-06 14:01:14.862  2467-2467  AutoPermissionManager   com.cdccreditsmart.app               I  âœ… App Ã© Device Owner - concedendo permissÃµes automaticamente...
2026-02-06 14:01:14.864  2467-2467  AutoPermissionManager   com.cdccreditsmart.app               I  ğŸš€ ========================================
2026-02-06 14:01:14.864  2467-2467  AutoPermissionManager   com.cdccreditsmart.app               I  ğŸš€ CONCESSÃƒO RÃPIDA DE PERMISSÃ•ES (Device Owner)
2026-02-06 14:01:14.864  2467-2467  AutoPermissionManager   com.cdccreditsmart.app               I  ğŸš€ ========================================
2026-02-06 14:01:14.865  2467-2467  AutoPermissionManager   com.cdccreditsmart.app               D    â© JÃ¡ concedida: android.permission.READ_PHONE_STATE
2026-02-06 14:01:14.927  2467-2467  AutoPermissionManager   com.cdccreditsmart.app               I    âœ… Concedida: android.permission.READ_CALL_LOG
2026-02-06 14:01:14.986  2467-2467  AutoPermissionManager   com.cdccreditsmart.app               I    âœ… Concedida: android.permission.CALL_PHONE
2026-02-06 14:01:15.046  2467-2467  AutoPermissionManager   com.cdccreditsmart.app               I    âœ… Concedida: android.permission.READ_CONTACTS
2026-02-06 14:01:15.047  2467-2467  AutoPermissionManager   com.cdccreditsmart.app               D    â© JÃ¡ concedida: android.permission.ACCESS_FINE_LOCATION
2026-02-06 14:01:15.048  2467-2467  AutoPermissionManager   com.cdccreditsmart.app               D    â© JÃ¡ concedida: android.permission.ACCESS_COARSE_LOCATION
2026-02-06 14:01:15.110  2467-2467  AutoPermissionManager   com.cdccreditsmart.app               I    âœ… Concedida: android.permission.ANSWER_PHONE_CALLS
2026-02-06 14:01:15.171  2467-2467  AutoPermissionManager   com.cdccreditsmart.app               I    âœ… Concedida: android.permission.READ_PHONE_NUMBERS
2026-02-06 14:01:15.171  2467-2467  AutoPermissionManager   com.cdccreditsmart.app               D    â© JÃ¡ concedida: android.permission.ACCESS_BACKGROUND_LOCATION
2026-02-06 14:01:15.172  2467-2467  AutoPermissionManager   com.cdccreditsmart.app               D    â© JÃ¡ concedida: android.permission.POST_NOTIFICATIONS
2026-02-06 14:01:15.172  2467-2467  AutoPermissionManager   com.cdccreditsmart.app               I  ğŸš€ ========================================
2026-02-06 14:01:15.173  2467-2467  AutoPermissionManager   com.cdccreditsmart.app               I  ğŸš€ RESUMO DA CONCESSÃƒO RÃPIDA:
2026-02-06 14:01:15.173  2467-2467  AutoPermissionManager   com.cdccreditsmart.app               I    âœ… Novas permissÃµes concedidas: 5
2026-02-06 14:01:15.173  2467-2467  AutoPermissionManager   com.cdccreditsmart.app               I    â© JÃ¡ estavam concedidas: 5
2026-02-06 14:01:15.173  2467-2467  AutoPermissionManager   com.cdccreditsmart.app               I    âŒ Erros/Falhas: 0
2026-02-06 14:01:15.173  2467-2467  AutoPermissionManager   com.cdccreditsmart.app               I    ğŸ“‹ Total processadas: 10
2026-02-06 14:01:15.173  2467-2467  AutoPermissionManager   com.cdccreditsmart.app               I  ğŸš€ ========================================
2026-02-06 14:01:15.173  2467-2467  AutoPermissionManager   com.cdccreditsmart.app               I  ğŸ” Verificando status final de todas as permissÃµes...
2026-02-06 14:01:15.176  2467-2467  AutoPermissionManager   com.cdccreditsmart.app               D    âœ… CONCEDIDA - android.permission.READ_PHONE_STATE
2026-02-06 14:01:15.177  2467-2467  AutoPermissionManager   com.cdccreditsmart.app               D    âŒ NEGADA - android.permission.READ_CALL_LOG
2026-02-06 14:01:15.180  2467-2467  AutoPermissionManager   com.cdccreditsmart.app               D    âŒ NEGADA - android.permission.CALL_PHONE
2026-02-06 14:01:15.182  2467-2467  AutoPermissionManager   com.cdccreditsmart.app               D    âŒ NEGADA - android.permission.READ_CONTACTS
2026-02-06 14:01:15.184  2467-2467  AutoPermissionManager   com.cdccreditsmart.app               D    âœ… CONCEDIDA - android.permission.ACCESS_FINE_LOCATION
2026-02-06 14:01:15.186  2467-2467  AutoPermissionManager   com.cdccreditsmart.app               D    âœ… CONCEDIDA - android.permission.ACCESS_COARSE_LOCATION
2026-02-06 14:01:15.187  2467-2467  AutoPermissionManager   com.cdccreditsmart.app               D    âŒ NEGADA - android.permission.ANSWER_PHONE_CALLS
2026-02-06 14:01:15.189  2467-2467  AutoPermissionManager   com.cdccreditsmart.app               D    âŒ NEGADA - android.permission.READ_PHONE_NUMBERS
2026-02-06 14:01:15.191  2467-2467  AutoPermissionManager   com.cdccreditsmart.app               D    âœ… CONCEDIDA - android.permission.ACCESS_BACKGROUND_LOCATION
2026-02-06 14:01:15.193  2467-2467  AutoPermissionManager   com.cdccreditsmart.app               D    âœ… CONCEDIDA - android.permission.POST_NOTIFICATIONS
2026-02-06 14:01:15.193  2467-2467  AutoPermissionManager   com.cdccreditsmart.app               W  âš ï¸ Algumas permissÃµes ainda nÃ£o foram concedidas (runtime pode demorar para atualizar)
2026-02-06 14:01:15.193  2467-2467  AutoPermissionManager   com.cdccreditsmart.app               I  ========================================
2026-02-06 14:01:15.193  2467-2467  AutoPermissionManager   com.cdccreditsmart.app               I  ğŸ” CONFIGURANDO PERMISSÃ•ES ESPECIAIS (Device Owner)
2026-02-06 14:01:15.193  2467-2467  AutoPermissionManager   com.cdccreditsmart.app               I  ========================================
2026-02-06 14:01:15.195  2467-2467  AutoPermissionManager   com.cdccreditsmart.app               I  ğŸ“Š ========================================
2026-02-06 14:01:15.195  2467-2467  AutoPermissionManager   com.cdccreditsmart.app               I  ğŸ“Š CONCEDENDO PACKAGE_USAGE_STATS (Usage Access)
2026-02-06 14:01:15.195  2467-2467  AutoPermissionManager   com.cdccreditsmart.app               I  ğŸ“Š ========================================
2026-02-06 14:01:15.196  2467-2467  AutoPermissionManager   com.cdccreditsmart.app               I  ğŸ“Š âœ… PACKAGE_USAGE_STATS jÃ¡ estÃ¡ concedida!
2026-02-06 14:01:15.197  2467-2467  AutoPermissionManager   com.cdccreditsmart.app               I  ğŸªŸ ========================================
2026-02-06 14:01:15.197  2467-2467  AutoPermissionManager   com.cdccreditsmart.app               I  ğŸªŸ CONCEDENDO SYSTEM_ALERT_WINDOW (Overlay)
2026-02-06 14:01:15.197  2467-2467  AutoPermissionManager   com.cdccreditsmart.app               I  ğŸªŸ ========================================
2026-02-06 14:01:15.198  2467-2467  AutoPermissionManager   com.cdccreditsmart.app               I  ğŸªŸ âœ… SYSTEM_ALERT_WINDOW jÃ¡ estÃ¡ concedida!
2026-02-06 14:01:15.198  2467-2467  AutoPermissionManager   com.cdccreditsmart.app               I  ğŸ”‹ ========================================
2026-02-06 14:01:15.198  2467-2467  AutoPermissionManager   com.cdccreditsmart.app               I  ğŸ”‹ VERIFICANDO ISENÃ‡ÃƒO DE OTIMIZAÃ‡ÃƒO DE BATERIA
2026-02-06 14:01:15.198  2467-2467  AutoPermissionManager   com.cdccreditsmart.app               I  ğŸ”‹ ========================================
2026-02-06 14:01:15.200  2467-2467  AutoPermissionManager   com.cdccreditsmart.app               I  ğŸ”‹ âœ… App JÃ estÃ¡ isento de otimizaÃ§Ã£o de bateria
2026-02-06 14:01:15.200  2467-2467  AutoPermissionManager   com.cdccreditsmart.app               I  ğŸ”‹ ========================================
2026-02-06 14:01:15.200  2467-2467  AutoPermissionManager   com.cdccreditsmart.app               I  ğŸ“ ForÃ§ando GPS/LocalizaÃ§Ã£o sempre ativo...
2026-02-06 14:01:15.204  2467-2467  AutoPermissionManager   com.cdccreditsmart.app               I  âœ… LocalizaÃ§Ã£o forÃ§ada via setLocationEnabled (Android 9+)
2026-02-06 14:01:15.207  2467-2467  AutoPermissionManager   com.cdccreditsmart.app               I  ğŸ“ Sem bloqueio ativo - usuÃ¡rio pode controlar GPS normalmente
2026-02-06 14:01:15.210  2467-2467  AutoPermissionManager   com.cdccreditsmart.app               I  ğŸ“ Status atual - GPS: true, Network: true
2026-02-06 14:01:15.210  2467-2467  AutoPermissionManager   com.cdccreditsmart.app               I  ğŸ“ ConfiguraÃ§Ã£o de localizaÃ§Ã£o concluÃ­da
2026-02-06 14:01:15.212  2467-2467  AutoPermissionManager   com.cdccreditsmart.app               I  âœ… PolÃ­tica de permissÃµes configurada para AUTO_GRANT
2026-02-06 14:01:15.212  2467-2467  AutoPermissionManager   com.cdccreditsmart.app               I  ğŸ“Š ========================================
2026-02-06 14:01:15.212  2467-2467  AutoPermissionManager   com.cdccreditsmart.app               I  ğŸ“Š VERIFICAÃ‡ÃƒO FINAL: PACKAGE_USAGE_STATS
2026-02-06 14:01:15.212  2467-2467  AutoPermissionManager   com.cdccreditsmart.app               I  ğŸ“Š ========================================
2026-02-06 14:01:15.213  2467-2467  AutoPermissionManager   com.cdccreditsmart.app               I  ğŸ“Š âœ… PACKAGE_USAGE_STATS estÃ¡ ATIVA!
2026-02-06 14:01:15.213  2467-2467  AutoPermissionManager   com.cdccreditsmart.app               I  ğŸ“Š    SettingsGuard pode monitorar activities precisamente
2026-02-06 14:01:15.213  2467-2467  AutoPermissionManager   com.cdccreditsmart.app               I  ğŸ“Š ========================================
2026-02-06 14:01:15.213  2467-2467  AutoPermissionManager   com.cdccreditsmart.app               I  ========================================
2026-02-06 14:01:15.214  2467-2467  CDCApplication          com.cdccreditsmart.app               I  ğŸ›¡ï¸ ========================================
2026-02-06 14:01:15.214  2467-2467  CDCApplication          com.cdccreditsmart.app               I  ğŸ›¡ï¸ INICIANDO SETTINGSGUARD IMEDIATAMENTE
2026-02-06 14:01:15.214  2467-2467  CDCApplication          com.cdccreditsmart.app               I  ğŸ›¡ï¸ ========================================
2026-02-06 14:01:15.214  2467-2467  CDCApplication          com.cdccreditsmart.app               I  ğŸ›¡ï¸ Device Owner detectado - proteÃ§Ã£o mÃ¡xima iniciando...
2026-02-06 14:01:15.215  2467-2467  SettingsGuardService    com.cdccreditsmart.app               I  
2026-02-06 14:01:15.215  2467-2467  SettingsGuardService    com.cdccreditsmart.app               I  â•”â•â•â•â•â•â•â•â•â•â•â•â•â•â•â•â•â•â•â•â•â•â•â•â•â•â•â•â•â•â•â•â•â•â•â•â•â•â•â•â•â•â•â•â•â•â•â•â•â•â•â•â•â•â•â•â•â•—
2026-02-06 14:01:15.215  2467-2467  SettingsGuardService    com.cdccreditsmart.app               I  â•‘   ğŸ›¡ï¸ SETTINGSGUARD - INICIALIZAÃ‡ÃƒO                    â•‘
2026-02-06 14:01:15.215  2467-2467  SettingsGuardService    com.cdccreditsmart.app               I  â• â•â•â•â•â•â•â•â•â•â•â•â•â•â•â•â•â•â•â•â•â•â•â•â•â•â•â•â•â•â•â•â•â•â•â•â•â•â•â•â•â•â•â•â•â•â•â•â•â•â•â•â•â•â•â•â•â•£
2026-02-06 14:01:15.218  2467-2467  SettingsGuardService    com.cdccreditsmart.app               I  â•‘   ğŸ“± Modo proteÃ§Ã£o: DEVICE_OWNER                    â•‘
2026-02-06 14:01:15.219  2467-2467  SettingsGuardService    com.cdccreditsmart.app               I  â•‘   ğŸ“Š UsageStats: âœ… CONCEDIDA              â•‘
2026-02-06 14:01:15.219  2467-2467  SettingsGuardService    com.cdccreditsmart.app               I  â•‘   ğŸªŸ Overlay: âœ… CONCEDIDA                 â•‘
2026-02-06 14:01:15.220  2467-2467  SettingsGuardService    com.cdccreditsmart.app               I  â•‘   ğŸ”’ Device Owner: âœ… SIM                   â•‘
2026-02-06 14:01:15.221  2467-2467  SettingsGuardService    com.cdccreditsmart.app               I  â•‘   ğŸ” Device Admin: âœ… SIM                   â•‘
2026-02-06 14:01:15.221  2467-2467  SettingsGuardService    com.cdccreditsmart.app               I  â•šâ•â•â•â•â•â•â•â•â•â•â•â•â•â•â•â•â•â•â•â•â•â•â•â•â•â•â•â•â•â•â•â•â•â•â•â•â•â•â•â•â•â•â•â•â•â•â•â•â•â•â•â•â•â•â•â•â•
2026-02-06 14:01:15.221  2467-2467  SettingsGuardService    com.cdccreditsmart.app               I  ğŸ›¡ï¸ SettingsGuard INICIADO
2026-02-06 14:01:15.221  2467-2467  SettingsGuardService    com.cdccreditsmart.app               I     Modo de proteÃ§Ã£o: DEVICE_OWNER
2026-02-06 14:01:15.222  2467-2467  SettingsGuardService    com.cdccreditsmart.app               I     âœ… Device Owner: ProteÃ§Ã£o mÃ¡xima ativa (setUninstallBlocked)
2026-02-06 14:01:15.222  2467-2467  SettingsGuardService    com.cdccreditsmart.app               I     ğŸ“¡ MONITORAMENTO ATIVO - protegendo telas de Settings/App Info
2026-02-06 14:01:15.222  2467-2467  SettingsGuardService    com.cdccreditsmart.app               I     ğŸ“¡ Mesmo com setUninstallBlocked, usuÃ¡rio nÃ£o pode ver telas de admin
2026-02-06 14:01:15.222  2467-2467  SettingsGuardService    com.cdccreditsmart.app               I  ğŸ” ========================================
2026-02-06 14:01:15.222  2467-2467  SettingsGuardService    com.cdccreditsmart.app               I  ğŸ” INICIANDO MONITORAMENTO ATIVO DE SETTINGS
2026-02-06 14:01:15.222  2467-2467  SettingsGuardService    com.cdccreditsmart.app               I  ğŸ” ========================================
2026-02-06 14:01:15.223  2467-2467  SettingsGuardService    com.cdccreditsmart.app               I  âœ… USAGE_STATS concedida - monitoramento preciso ativo
2026-02-06 14:01:15.223  2467-2467  SettingsGuardService    com.cdccreditsmart.app               I  ğŸ“¢ NotificaÃ§Ã£o de permissÃ£o USAGE_STATS cancelada
2026-02-06 14:01:15.223  2467-2467  SettingsGuardService    com.cdccreditsmart.app               I  ğŸ” Intervalo: 3000ms / 1000ms
2026-02-06 14:01:15.231  2467-2467  CDCApplication          com.cdccreditsmart.app               I  ğŸ›¡ï¸ âœ… SettingsGuardService iniciado com sucesso!
2026-02-06 14:01:15.232  2467-2467  CDCApplication          com.cdccreditsmart.app               I  ğŸ›¡ï¸    Dispositivo protegido contra acesso a Settings
2026-02-06 14:01:15.232  2467-2467  CDCApplication          com.cdccreditsmart.app               I  ğŸ›¡ï¸ ========================================
2026-02-06 14:01:15.232  2467-2467  CDCApplication          com.cdccreditsmart.app               I  ğŸ”’ Iniciando sistema Keep Alive...
2026-02-06 14:01:15.235  2467-2467  KeepAliveManager        com.cdccreditsmart.app               I  ğŸ”’ ========================================
2026-02-06 14:01:15.235  2467-2467  KeepAliveManager        com.cdccreditsmart.app               I  ğŸ”’ INICIANDO SISTEMA KEEP ALIVE
2026-02-06 14:01:15.235  2467-2467  KeepAliveManager        com.cdccreditsmart.app               I  ğŸ”’ ========================================
2026-02-06 14:01:15.252  2467-2467  KeepAliveManager        com.cdccreditsmart.app               I  âœ… ServiceWatchdogWorker agendado (15min)
2026-02-06 14:01:15.256  2467-2467  KeepAliveManager        com.cdccreditsmart.app               I  âœ… AlarmManager wakeup agendado (10min)
2026-02-06 14:01:15.257  2467-2467  KeepAliveManager        com.cdccreditsmart.app               I  âœ… App isento de otimizaÃ§Ã£o de bateria
2026-02-06 14:01:15.257  2467-2467  KeepAliveManager        com.cdccreditsmart.app               I  ğŸ”’ Sistema Keep Alive ativo
2026-02-06 14:01:15.257  2467-2467  KeepAliveManager        com.cdccreditsmart.app               I  ğŸ”’ - WorkManager: verificaÃ§Ã£o a cada 15min
2026-02-06 14:01:15.257  2467-2467  KeepAliveManager        com.cdccreditsmart.app               I  ğŸ”’ - AlarmManager: wakeup a cada 10min
2026-02-06 14:01:15.258  2467-2467  KeepAliveManager        com.cdccreditsmart.app               I  ğŸ”’ ========================================
2026-02-06 14:01:15.261  2467-2467  CDCApplication          com.cdccreditsmart.app               I  ğŸ“Š Keep Alive Stats:
2026-02-06 14:01:15.261  2467-2467  CDCApplication          com.cdccreditsmart.app               I     - Restarts anteriores: 1
2026-02-06 14:01:15.261  2467-2467  CDCApplication          com.cdccreditsmart.app               I     - OtimizaÃ§Ã£o bateria: NÃƒO (bom)
2026-02-06 14:01:15.492  2467-2467  SecureTokenStorage      com.cdccreditsmart.app               D  EncryptedSharedPreferences initialized successfully
2026-02-06 14:01:15.498  2467-2467  ContractCodeStorage     com.cdccreditsmart.app               D  Retrieving contract code from storage
2026-02-06 14:01:15.651  2467-2467  ContractCodeStorage     com.cdccreditsmart.app               D  Storage verification: 0 valid, 0 tampered, 7 missing
2026-02-06 14:01:15.652  2467-2467  ContractCodeStorage     com.cdccreditsmart.app               W  No valid contract code found in any location
2026-02-06 14:01:15.655  2467-2539  CDCApplication          com.cdccreditsmart.app               I  ğŸ§¹ ========================================
2026-02-06 14:01:15.655  2467-2539  CDCApplication          com.cdccreditsmart.app               I  ğŸ§¹ LIMPANDO ESTADO DE BLOQUEIO OBSOLETO
2026-02-06 14:01:15.655  2467-2539  CDCApplication          com.cdccreditsmart.app               I  ğŸ§¹ ========================================
2026-02-06 14:01:15.655  2467-2539  CDCApplication          com.cdccreditsmart.app               I  ğŸ§¹ Dispositivo nÃ£o estÃ¡ pareado - bloqueio anterior serÃ¡ removido
2026-02-06 14:01:15.655  2467-2539  CDCApplication          com.cdccreditsmart.app               I  ğŸ§¹ Estado anterior encontrado:
2026-02-06 14:01:15.655  2467-2539  CDCApplication          com.cdccreditsmart.app               I     NÃ­vel: 0
2026-02-06 14:01:15.655  2467-2539  CDCApplication          com.cdccreditsmart.app               I     Bloqueio manual: false
2026-02-06 14:01:15.655  2467-2539  CDCApplication          com.cdccreditsmart.app               I  ğŸ§¹ Nenhum bloqueio ativo - nada a limpar
2026-02-06 14:01:15.655  2467-2539  CDCApplication          com.cdccreditsmart.app               I  ğŸ§¹ ========================================
2026-02-06 14:01:15.656  2467-2467  CDCApplication          com.cdccreditsmart.app               I  Inicializacao completa finalizada
2026-02-06 14:01:15.656  2467-2467  Typeface                com.cdccreditsmart.app               I  initOverlayFonts====family: RookeryNew-Regular
2026-02-06 14:01:15.662  2467-2540  AppProtectionManager    com.cdccreditsmart.app               I  
2026-02-06 14:01:15.662  2467-2540  AppProtectionManager    com.cdccreditsmart.app               I  â•”â•â•â•â•â•â•â•â•â•â•â•â•â•â•â•â•â•â•â•â•â•â•â•â•â•â•â•â•â•â•â•â•â•â•â•â•â•â•â•â•â•â•â•â•â•â•â•â•â•â•â•â•â•â•â•â•â•â•â•â•â•â•â•â•â•—
2026-02-06 14:01:15.662  2467-2540  AppProtectionManager    com.cdccreditsmart.app               I  â•‘     ğŸ›¡ï¸ APLICANDO MELHOR PROTEÃ‡ÃƒO DISPONÃVEL                    â•‘
2026-02-06 14:01:15.662  2467-2540  AppProtectionManager    com.cdccreditsmart.app               I  â•‘           CDC CREDIT SMART - PROTEÃ‡ÃƒO EM CAMADAS              â•‘
2026-02-06 14:01:15.662  2467-2540  AppProtectionManager    com.cdccreditsmart.app               I  â•šâ•â•â•â•â•â•â•â•â•â•â•â•â•â•â•â•â•â•â•â•â•â•â•â•â•â•â•â•â•â•â•â•â•â•â•â•â•â•â•â•â•â•â•â•â•â•â•â•â•â•â•â•â•â•â•â•â•â•â•â•â•â•â•â•â•
2026-02-06 14:01:15.662  2467-2540  AppProtectionManager    com.cdccreditsmart.app               I  
2026-02-06 14:01:15.665  2467-2540  AppProtectionManager    com.cdccreditsmart.app               I  ğŸ“‹ STATUS ATUAL:
2026-02-06 14:01:15.665  2467-2540  AppProtectionManager    com.cdccreditsmart.app               I     Device Owner: SIM
2026-02-06 14:01:15.666  2467-2540  AppProtectionManager    com.cdccreditsmart.app               I     Device Admin: SIM
2026-02-06 14:01:15.666  2467-2540  AppProtectionManager    com.cdccreditsmart.app               I  
2026-02-06 14:01:15.666  2467-2540  AppProtectionManager    com.cdccreditsmart.app               I  ğŸ”’ NÃVEL: DEVICE OWNER (ProteÃ§Ã£o MÃ¡xima)
2026-02-06 14:01:15.666  2467-2540  AppProtectionManager    com.cdccreditsmart.app               I  ========================================
2026-02-06 14:01:15.666  2467-2540  AppProtectionManager    com.cdccreditsmart.app               I  ğŸ›¡ï¸ APLICANDO PROTEÃ‡ÃƒO MÃXIMA ANTI-REMOÃ‡ÃƒO
2026-02-06 14:01:15.666  2467-2540  AppProtectionManager    com.cdccreditsmart.app               I  ========================================
2026-02-06 14:01:15.668  2467-2540  AppProtectionManager    com.cdccreditsmart.app               I  âœ… App Ã© Device Owner - aplicando proteÃ§Ãµes absolutas...
2026-02-06 14:01:15.670  2467-2467  nativeloader            com.cdccreditsmart.app               D  Load libpowerhalwrap_jni.so using system ns (caller=/system_ext/framework/mediatek-framework.jar): ok
2026-02-06 14:01:15.670  2467-2467  PowerHalWrapper         com.cdccreditsmart.app               I  PowerHalWrapper.getInstance 
2026-02-06 14:01:15.672  2467-2467  M-ProMotion             com.cdccreditsmart.app               I  M-ProMotion is disabled
2026-02-06 14:01:15.679  2467-2553  vulkan                  com.cdccreditsmart.app               D  searching for layers in '/data/app/~~TFst6azuXS3RJvsYuo9J_A==/com.cdccreditsmart.app-pAC8sJgLG6nkrkITxuPH5Q==/lib/arm64'
2026-02-06 14:01:15.679  2467-2540  AppProtectionManager    com.cdccreditsmart.app               I  âœ… [1/10] DESINSTALAÃ‡ÃƒO BLOQUEADA
2026-02-06 14:01:15.679  2467-2540  AppProtectionManager    com.cdccreditsmart.app               I          â†’ UsuÃ¡rio NÃƒO pode desinstalar o app
2026-02-06 14:01:15.679  2467-2540  AppProtectionManager    com.cdccreditsmart.app               I  ğŸ” [2/10] BLOQUEANDO REMOÃ‡ÃƒO DO DEVICE ADMIN
2026-02-06 14:01:15.680  2467-2553  vulkan                  com.cdccreditsmart.app               D  searching for layers in '/data/app/~~TFst6azuXS3RJvsYuo9J_A==/com.cdccreditsmart.app-pAC8sJgLG6nkrkITxuPH5Q==/base.apk!/lib/arm64-v8a'
2026-02-06 14:01:15.681  2467-2553  vulkan                  com.cdccreditsmart.app               D  searching for layers in '/data/app/~~TFst6azuXS3RJvsYuo9J_A==/com.cdccreditsmart.app-pAC8sJgLG6nkrkITxuPH5Q==/lib/arm64'
2026-02-06 14:01:15.681  2467-2553  vulkan                  com.cdccreditsmart.app               D  searching for layers in '/data/app/~~TFst6azuXS3RJvsYuo9J_A==/com.cdccreditsmart.app-pAC8sJgLG6nkrkITxuPH5Q==/base.apk!/lib/arm64-v8a'
2026-02-06 14:01:15.681  2467-2540  AppProtectionManager    com.cdccreditsmart.app               W          â¸ï¸ DISALLOW_MODIFY_ACCOUNTS adiado - pareamento nÃ£o concluÃ­do
2026-02-06 14:01:15.681  2467-2540  AppProtectionManager    com.cdccreditsmart.app               W             â†’ SerÃ¡ aplicado apÃ³s ativaÃ§Ã£o para permitir Play Store/FCM
2026-02-06 14:01:15.681  2467-2540  AppProtectionManager    com.cdccreditsmart.app               W          â¸ï¸ DISALLOW_ADD_USER adiado - pareamento nÃ£o concluÃ­do
2026-02-06 14:01:15.688  2467-2540  AppProtectionManager    com.cdccreditsmart.app               I          âœ… RemoÃ§Ã£o de usuÃ¡rios bloqueada
2026-02-06 14:01:15.688  2467-2540  AppProtectionManager    com.cdccreditsmart.app               W          âš ï¸ ADB/Debugging mantido ATIVO (debugging Device Owner)
2026-02-06 14:01:15.688  2467-2540  AppProtectionManager    com.cdccreditsmart.app               W             â†’ TODO: Reativar antes do release final
2026-02-06 14:01:15.688  2467-2540  AppProtectionManager    com.cdccreditsmart.app               W          âš ï¸ USB transfer mantido ATIVO (debugging Device Owner)
2026-02-06 14:01:15.688  2467-2540  AppProtectionManager    com.cdccreditsmart.app               W             â†’ TODO: Reativar antes do release final
2026-02-06 14:01:15.688  2467-2540  AppProtectionManager    com.cdccreditsmart.app               I          â„¹ï¸ Device Owner NÃƒO pode ser desativado via Settings
2026-02-06 14:01:15.688  2467-2540  AppProtectionManager    com.cdccreditsmart.app               I             â†’ BotÃ£o 'Deactivate device admin' nÃ£o aparece para Device Owner
2026-02-06 14:01:15.689  2467-2540  AppProtectionManager    com.cdccreditsmart.app               W          âš ï¸ Algumas proteÃ§Ãµes nÃ£o puderam ser aplicadas
2026-02-06 14:01:15.689  2467-2540  AppProtectionManager    com.cdccreditsmart.app               W             â†’ ProteÃ§Ãµes aplicadas: 1/5
2026-02-06 14:01:15.692  2467-2553  MMUD                    com.cdccreditsmart.app               D  mtk_memory_debug_init com.cdccreditsmart.app 0xb4000074ef18d5d0
2026-02-06 14:01:15.696  2467-2540  AppProtectionManager    com.cdccreditsmart.app               I  âœ… [2/10] FORCE STOP BLOQUEADO (Android 13+)
2026-02-06 14:01:15.696  2467-2540  AppProtectionManager    com.cdccreditsmart.app               I          â†’ BotÃ£o Force Stop DESABILITADO para app CDC
2026-02-06 14:01:15.696  2467-2540  AppProtectionManager    com.cdccreditsmart.app               I          â†’ UsuÃ¡rio PODE acessar Settings normalmente
2026-02-06 14:01:15.696  2467-2586  creditsmart.app         com.cdccreditsmart.app               E  setpriority success to 100 : mali-cmar-backend
