2025-12-06 15:02:39.613 26943-29330 SettingsGuardService    com.cdccreditsmart.app               W     Chamando app para foreground...
2025-12-06 15:02:39.620 26943-26943 SettingsGuardService    com.cdccreditsmart.app               D  ðŸ  Enviado para Home primeiro (fecha Settings)
2025-12-06 15:02:39.631 26943-26943 SimpleHomeViewModel     com.cdccreditsmart.app               D  âœ… Successfully fetched installments data
2025-12-06 15:02:39.631 26943-26943 SimpleHomeViewModel     com.cdccreditsmart.app               D  ðŸ“Š Device: Moto G15 Power
2025-12-06 15:02:39.631 26943-26943 SimpleHomeViewModel     com.cdccreditsmart.app               D  ðŸ“Š Total installments: 24
2025-12-06 15:02:39.631 26943-26943 SimpleHomeViewModel     com.cdccreditsmart.app               D  ðŸ“Š Paid: 1
2025-12-06 15:02:39.631 26943-26943 SimpleHomeViewModel     com.cdccreditsmart.app               D  ðŸ“Š Overdue: 0
2025-12-06 15:02:39.631 26943-26943 SimpleHomeViewModel     com.cdccreditsmart.app               D  ðŸ“Š All installments count: 24
2025-12-06 15:02:39.631 26943-26943 SimpleHomeViewModel     com.cdccreditsmart.app               D  ðŸ“‹ Parcela #1: status=paid, isPaid=true, dueDate=2025-12-20T00:05:40.888Z
2025-12-06 15:02:39.631 26943-26943 SimpleHomeViewModel     com.cdccreditsmart.app               D  ðŸ“‹ Parcela #2: status=pending, isPaid=false, dueDate=2026-01-04T00:05:40.888Z
2025-12-06 15:02:39.632 26943-26943 SimpleHomeViewModel     com.cdccreditsmart.app               D  ðŸ“‹ Parcela #3: status=pending, isPaid=false, dueDate=2026-01-19T00:05:40.888Z
2025-12-06 15:02:39.632 26943-26943 SimpleHomeViewModel     com.cdccreditsmart.app               D  ðŸ“‹ Parcela #4: status=pending, isPaid=false, dueDate=2026-02-03T00:05:40.888Z
2025-12-06 15:02:39.632 26943-26943 SimpleHomeViewModel     com.cdccreditsmart.app               D  ðŸ“‹ Parcela #5: status=pending, isPaid=false, dueDate=2026-02-18T00:05:40.888Z
2025-12-06 15:02:39.632 26943-26943 SimpleHomeViewModel     com.cdccreditsmart.app               D  ðŸ“‹ Parcela #6: status=pending, isPaid=false, dueDate=2026-03-05T00:05:40.888Z
2025-12-06 15:02:39.632 26943-26943 SimpleHomeViewModel     com.cdccreditsmart.app               D  ðŸ“‹ Parcela #7: status=pending, isPaid=false, dueDate=2026-03-20T00:05:40.888Z
2025-12-06 15:02:39.632 26943-26943 SimpleHomeViewModel     com.cdccreditsmart.app               D  ðŸ“‹ Parcela #8: status=pending, isPaid=false, dueDate=2026-04-04T00:05:40.888Z
2025-12-06 15:02:39.632 26943-26943 SimpleHomeViewModel     com.cdccreditsmart.app               D  ðŸ“‹ Parcela #9: status=pending, isPaid=false, dueDate=2026-04-19T00:05:40.888Z
2025-12-06 15:02:39.632 26943-26943 SimpleHomeViewModel     com.cdccreditsmart.app               D  ðŸ“‹ Parcela #10: status=pending, isPaid=false, dueDate=2026-05-04T00:05:40.888Z
2025-12-06 15:02:39.632 26943-26943 SimpleHomeViewModel     com.cdccreditsmart.app               D  ðŸ“‹ Parcela #11: status=pending, isPaid=false, dueDate=2026-05-19T00:05:40.888Z
2025-12-06 15:02:39.632 26943-26943 SimpleHomeViewModel     com.cdccreditsmart.app               D  ðŸ“‹ Parcela #12: status=pending, isPaid=false, dueDate=2026-06-03T00:05:40.888Z
2025-12-06 15:02:39.632 26943-26943 SimpleHomeViewModel     com.cdccreditsmart.app               D  ðŸ“‹ Parcela #13: status=pending, isPaid=false, dueDate=2026-06-18T00:05:40.888Z
2025-12-06 15:02:39.632 26943-26943 SimpleHomeViewModel     com.cdccreditsmart.app               D  ðŸ“‹ Parcela #14: status=pending, isPaid=false, dueDate=2026-07-03T00:05:40.888Z
2025-12-06 15:02:39.632 26943-26943 SimpleHomeViewModel     com.cdccreditsmart.app               D  ðŸ“‹ Parcela #15: status=pending, isPaid=false, dueDate=2026-07-18T00:05:40.888Z
2025-12-06 15:02:39.632 26943-26943 SimpleHomeViewModel     com.cdccreditsmart.app               D  ðŸ“‹ Parcela #16: status=pending, isPaid=false, dueDate=2026-08-02T00:05:40.888Z
2025-12-06 15:02:39.632 26943-26943 SimpleHomeViewModel     com.cdccreditsmart.app               D  ðŸ“‹ Parcela #17: status=pending, isPaid=false, dueDate=2026-08-17T00:05:40.888Z
2025-12-06 15:02:39.632 26943-26943 SimpleHomeViewModel     com.cdccreditsmart.app               D  ðŸ“‹ Parcela #18: status=pending, isPaid=false, dueDate=2026-09-01T00:05:40.888Z
2025-12-06 15:02:39.632 26943-26943 SimpleHomeViewModel     com.cdccreditsmart.app               D  ðŸ“‹ Parcela #19: status=pending, isPaid=false, dueDate=2026-09-16T00:05:40.888Z
2025-12-06 15:02:39.632 26943-26943 SimpleHomeViewModel     com.cdccreditsmart.app               D  ðŸ“‹ Parcela #20: status=pending, isPaid=false, dueDate=2026-10-01T00:05:40.888Z
2025-12-06 15:02:39.632 26943-26943 SimpleHomeViewModel     com.cdccreditsmart.app               D  ðŸ“‹ Parcela #21: status=pending, isPaid=false, dueDate=2026-10-16T00:05:40.888Z
2025-12-06 15:02:39.632 26943-26943 SimpleHomeViewModel     com.cdccreditsmart.app               D  ðŸ“‹ Parcela #22: status=pending, isPaid=false, dueDate=2026-10-31T00:05:40.888Z
2025-12-06 15:02:39.632 26943-26943 SimpleHomeViewModel     com.cdccreditsmart.app               D  ðŸ“‹ Parcela #23: status=pending, isPaid=false, dueDate=2026-11-15T00:05:40.888Z
2025-12-06 15:02:39.632 26943-26943 SimpleHomeViewModel     com.cdccreditsmart.app               D  ðŸ“‹ Parcela #24: status=pending, isPaid=false, dueDate=2026-11-30T00:05:40.888Z
2025-12-06 15:02:39.632 26943-26943 SimpleHomeViewModel     com.cdccreditsmart.app               I  ðŸ’¾ Salvando dados do cliente no storage - CustomerName: 'null', DeviceModel: 'Moto G15 Power'
2025-12-06 15:02:39.632 26943-26943 SecureTokenStorage      com.cdccreditsmart.app               D  ðŸ’¾ Salvando customer info - Name: null, Device: Moto G15 Power
2025-12-06 15:02:39.632 26943-26943 SecureTokenStorage      com.cdccreditsmart.app               W  âš ï¸ CustomerName vazio/null - nÃ£o salvando
2025-12-06 15:02:39.636 26943-26943 SecureTokenStorage      com.cdccreditsmart.app               D  âœ… DeviceModel salvo: Moto G15 Power
2025-12-06 15:02:39.636 26943-26943 SecureTokenStorage      com.cdccreditsmart.app               I  âœ… Customer info saved successfully!
2025-12-06 15:02:39.636 26943-26943 ContractCodeStorage     com.cdccreditsmart.app               D  Retrieving contract code from storage
2025-12-06 15:02:39.970 26943-26943 ContractCodeStorage     com.cdccreditsmart.app               D  Storage verification: 7 valid, 0 tampered, 0 missing
2025-12-06 15:02:39.970 26943-26943 ContractCodeStorage     com.cdccreditsmart.app               D  Contract code retrieved successfully
2025-12-06 15:02:40.026 26943-29330 SettingsGuardService    com.cdccreditsmart.app               D  ðŸ“‹ Activity check - Full: com.android.settings.applications.specialaccess.deviceadmin.DeviceAdminAdd, Simple: DeviceAdminAdd
2025-12-06 15:02:40.031 26943-29330 SettingsGuardService    com.cdccreditsmart.app               W  ðŸŽ¯ ATIVIDADE PERIGOSA DETECTADA!
2025-12-06 15:02:40.031 26943-29330 SettingsGuardService    com.cdccreditsmart.app               W     Pacote: com.android.settings
2025-12-06 15:02:40.031 26943-29330 SettingsGuardService    com.cdccreditsmart.app               W     Activity completa: com.android.settings.applications.specialaccess.deviceadmin.DeviceAdminAdd
2025-12-06 15:02:40.031 26943-29330 SettingsGuardService    com.cdccreditsmart.app               W     Activity simplificada: DeviceAdminAdd
2025-12-06 15:02:40.031 26943-29330 SettingsGuardService    com.cdccreditsmart.app               W     Match: DeviceAdminAdd
2025-12-06 15:02:40.031 26943-29330 SettingsGuardService    com.cdccreditsmart.app               W  ðŸš¨ ÃREA PERIGOSA DETECTADA!
2025-12-06 15:02:40.031 26943-29330 SettingsGuardService    com.cdccreditsmart.app               W     Pacote: com.android.settings
2025-12-06 15:02:40.031 26943-29330 SettingsGuardService    com.cdccreditsmart.app               W     Atividade: com.android.settings.applications.specialaccess.deviceadmin.DeviceAdminAdd
2025-12-06 15:02:40.031 26943-29330 SettingsGuardService    com.cdccreditsmart.app               W     Chamando app para foreground...
2025-12-06 15:02:40.042 26943-26943 LocalInstallmentStorage com.cdccreditsmart.app               I  âœ… 24 parcelas salvas localmente (contrato: VY9DB9EC)
2025-12-06 15:02:40.042 26943-26943 SimpleHomeViewModel     com.cdccreditsmart.app               I  âœ… 24 parcelas salvas localmente
2025-12-06 15:02:40.042 26943-26943 SimpleHomeViewModel     com.cdccreditsmart.app               I     â†’ 1 pagas
2025-12-06 15:02:40.042 26943-26943 SimpleHomeViewModel     com.cdccreditsmart.app               I     â†’ 23 pendentes
2025-12-06 15:02:40.043 26943-26943 SimpleHomeViewModel     com.cdccreditsmart.app               I     â†’ 0 em atraso
2025-12-06 15:02:40.043 26943-26943 SimpleHomeViewModel     com.cdccreditsmart.app               I     â†’ Dados disponÃ­veis para overlay e offline blocking
2025-12-06 15:02:40.043 26943-26943 SimpleHomeViewModel     com.cdccreditsmart.app               D     ðŸ’° Paga: #1 - 2025-12-20T00:05:40.888Z
2025-12-06 15:02:40.058 26943-26943 SettingsGuardService    com.cdccreditsmart.app               I  âœ… App trazido para foreground
2025-12-06 15:02:40.065 26943-26943 SettingsGuardService    com.cdccreditsmart.app               D  ðŸ  Enviado para Home primeiro (fecha Settings)
2025-12-06 15:02:40.068 26943-26943 ActivityThread          com.cdccreditsmart.app               D  mToDestroying.remove:ActivityRecord{113b384 token=android.os.BinderProxy@70829a2 {com.cdccreditsmart.app/com.cdccreditsmart.app.presentation.MainActivity}}
2025-12-06 15:02:40.078 26943-26943 MainActivity            com.cdccreditsmart.app               D  ðŸ“ BroadcastReceiver de localizaÃ§Ã£o desregistrado
2025-12-06 15:02:40.079 26943-26943 WindowOnBackDispatcher  com.cdccreditsmart.app               W  sendCancelIfRunning: isInProgress=false callback=android.app.Activity$$ExternalSyntheticLambda0@1e62275
2025-12-06 15:02:40.081 26943-26943 View                    com.cdccreditsmart.app               D  [Warning] assignParent to null: this = DecorView@c4ef180[MainActivity]
2025-12-06 15:02:40.225 26943-26943 SettingsGuardService    com.cdccreditsmart.app               I  âœ… App trazido para foreground
2025-12-06 15:02:40.468 26943-29330 SettingsGuardService    com.cdccreditsmart.app               D  ðŸ“‹ Activity check - Full: com.android.settings.applications.specialaccess.deviceadmin.DeviceAdminAdd, Simple: DeviceAdminAdd
2025-12-06 15:02:40.473 26943-29330 SettingsGuardService    com.cdccreditsmart.app               W  ðŸŽ¯ ATIVIDADE PERIGOSA DETECTADA!
2025-12-06 15:02:40.473 26943-29330 SettingsGuardService    com.cdccreditsmart.app               W     Pacote: com.android.settings
2025-12-06 15:02:40.474 26943-29330 SettingsGuardService    com.cdccreditsmart.app               W     Activity completa: com.android.settings.applications.specialaccess.deviceadmin.DeviceAdminAdd
2025-12-06 15:02:40.474 26943-29330 SettingsGuardService    com.cdccreditsmart.app               W     Activity simplificada: DeviceAdminAdd
2025-12-06 15:02:40.474 26943-29330 SettingsGuardService    com.cdccreditsmart.app               W     Match: DeviceAdminAdd
2025-12-06 15:02:40.474 26943-29330 SettingsGuardService    com.cdccreditsmart.app               W  ðŸš¨ ÃREA PERIGOSA DETECTADA!
2025-12-06 15:02:40.474 26943-29330 SettingsGuardService    com.cdccreditsmart.app               W     Pacote: com.android.settings
2025-12-06 15:02:40.474 26943-29330 SettingsGuardService    com.cdccreditsmart.app               W     Atividade: com.android.settings.applications.specialaccess.deviceadmin.DeviceAdminAdd
2025-12-06 15:02:40.474 26943-29330 SettingsGuardService    com.cdccreditsmart.app               W     Chamando app para foreground...
2025-12-06 15:02:40.480 26943-26943 SettingsGuardService    com.cdccreditsmart.app               D  ðŸ  Enviado para Home primeiro (fecha Settings)
2025-12-06 15:02:40.639 26943-26943 SettingsGuardService    com.cdccreditsmart.app               I  âœ… App trazido para foreground
2025-12-06 15:02:40.883 26943-29330 SettingsGuardService    com.cdccreditsmart.app               D  ðŸ“‹ Activity check - Full: com.android.settings.applications.specialaccess.deviceadmin.DeviceAdminAdd, Simple: DeviceAdminAdd
2025-12-06 15:02:40.889 26943-29330 SettingsGuardService    com.cdccreditsmart.app               W  ðŸŽ¯ ATIVIDADE PERIGOSA DETECTADA!
2025-12-06 15:02:40.889 26943-29330 SettingsGuardService    com.cdccreditsmart.app               W     Pacote: com.android.settings
2025-12-06 15:02:40.889 26943-29330 SettingsGuardService    com.cdccreditsmart.app               W     Activity completa: com.android.settings.applications.specialaccess.deviceadmin.DeviceAdminAdd
2025-12-06 15:02:40.889 26943-29330 SettingsGuardService    com.cdccreditsmart.app               W     Activity simplificada: DeviceAdminAdd
2025-12-06 15:02:40.889 26943-29330 SettingsGuardService    com.cdccreditsmart.app               W     Match: DeviceAdminAdd
2025-12-06 15:02:40.889 26943-29330 SettingsGuardService    com.cdccreditsmart.app               W  ðŸš¨ ÃREA PERIGOSA DETECTADA!
2025-12-06 15:02:40.889 26943-29330 SettingsGuardService    com.cdccreditsmart.app               W     Pacote: com.android.settings
2025-12-06 15:02:40.889 26943-29330 SettingsGuardService    com.cdccreditsmart.app               W     Atividade: com.android.settings.applications.specialaccess.deviceadmin.DeviceAdminAdd
2025-12-06 15:02:40.889 26943-29330 SettingsGuardService    com.cdccreditsmart.app               W     Chamando app para foreground...
2025-12-06 15:02:40.896 26943-26943 SettingsGuardService    com.cdccreditsmart.app               D  ðŸ  Enviado para Home primeiro (fecha Settings)
2025-12-06 15:02:41.027 26943-26943 CDCDeviceAdminReceiver  com.cdccreditsmart.app               E  ðŸš¨ ==================== DISABLE REQUESTED ====================
2025-12-06 15:02:41.027 26943-26943 CDCDeviceAdminReceiver  com.cdccreditsmart.app               E  ðŸš¨ ALGUÃ‰M ESTÃ TENTANDO DESATIVAR O DEVICE ADMIN!
2025-12-06 15:02:41.027 26943-26943 CDCDeviceAdminReceiver  com.cdccreditsmart.app               E  ðŸš¨ AÃ‡ÃƒO DEFENSIVA: Trazendo app para foreground...
2025-12-06 15:02:41.027 26943-26943 CDCDeviceAdminReceiver  com.cdccreditsmart.app               E  â° Timestamp: 1765044161027
2025-12-06 15:02:41.034 26943-26943 CDCDeviceAdminReceiver  com.cdccreditsmart.app               I  âœ… App trazido para foreground via DeviceAdminReceiver
2025-12-06 15:02:41.035 26943-26943 CDCDeviceAdminReceiver  com.cdccreditsmart.app               I  ðŸ“¡ Broadcast enviado para SettingsGuard
2025-12-06 15:02:41.035 26943-26943 CDCDeviceAdminReceiver  com.cdccreditsmart.app               E  ðŸš¨ =================================================================
2025-12-06 15:02:41.040 26943-26943 AdminDisableReceiver    com.cdccreditsmart.app               E  ðŸš¨ BROADCAST RECEBIDO: Tentativa de desativar admin!
2025-12-06 15:02:41.040 26943-26943 SettingsGuardService    com.cdccreditsmart.app               W  ðŸš¨ ADMIN DISABLE ATTEMPT DETECTED FROM RECEIVER
2025-12-06 15:02:41.040 26943-26943 SettingsGuardService    com.cdccreditsmart.app               W  ðŸš¨ ForÃ§ando intercept - tentativa de desativar admin Ã© crÃ­tica!
2025-12-06 15:02:41.040 26943-26943 SettingsGuardService    com.cdccreditsmart.app               E  ðŸš¨ðŸš¨ CRITICAL INTERCEPT FORCED: ADMIN_DISABLE_ATTEMPT
2025-12-06 15:02:41.040 26943-26943 SettingsGuardService    com.cdccreditsmart.app               E  ðŸš¨ðŸš¨ Ignorando flag de permissÃµes - esta aÃ§Ã£o Ã© crÃ­tica!
2025-12-06 15:02:41.040 26943-26943 AdminDisableReceiver    com.cdccreditsmart.app               I  âœ… SettingsGuard notificado com sucesso
2025-12-06 15:02:41.046 26943-26943 SettingsGuardService    com.cdccreditsmart.app               D  ðŸ  Enviado para Home primeiro (fecha Settings)
2025-12-06 15:02:41.056 26943-26943 SettingsGuardService    com.cdccreditsmart.app               I  âœ… App trazido para foreground
2025-12-06 15:02:41.207 26943-26943 SettingsGuardService    com.cdccreditsmart.app               I  âœ… App trazido para foreground
2025-12-06 15:02:41.299 26943-29330 SettingsGuardService    com.cdccreditsmart.app               D  ðŸ“‹ Activity check - Full: com.android.settings.applications.specialaccess.deviceadmin.DeviceAdminAdd, Simple: DeviceAdminAdd
2025-12-06 15:02:41.301 26943-29330 SettingsGuardService    com.cdccreditsmart.app               W  ðŸŽ¯ ATIVIDADE PERIGOSA DETECTADA!
2025-12-06 15:02:41.301 26943-29330 SettingsGuardService    com.cdccreditsmart.app               W     Pacote: com.android.settings
2025-12-06 15:02:41.301 26943-29330 SettingsGuardService    com.cdccreditsmart.app               W     Activity completa: com.android.settings.applications.specialaccess.deviceadmin.DeviceAdminAdd
2025-12-06 15:02:41.301 26943-29330 SettingsGuardService    com.cdccreditsmart.app               W     Activity simplificada: DeviceAdminAdd
2025-12-06 15:02:41.301 26943-29330 SettingsGuardService    com.cdccreditsmart.app               W     Match: DeviceAdminAdd
2025-12-06 15:02:41.301 26943-29330 SettingsGuardService    com.cdccreditsmart.app               W  ðŸš¨ ÃREA PERIGOSA DETECTADA!
2025-12-06 15:02:41.301 26943-29330 SettingsGuardService    com.cdccreditsmart.app               W     Pacote: com.android.settings
2025-12-06 15:02:41.301 26943-29330 SettingsGuardService    com.cdccreditsmart.app               W     Atividade: com.android.settings.applications.specialaccess.deviceadmin.DeviceAdminAdd
2025-12-06 15:02:41.301 26943-29330 SettingsGuardService    com.cdccreditsmart.app               W     Chamando app para foreground...
2025-12-06 15:02:41.307 26943-26943 SettingsGuardService    com.cdccreditsmart.app               D  ðŸ  Enviado para Home primeiro (fecha Settings)
2025-12-06 15:02:41.467 26943-26943 SettingsGuardService    com.cdccreditsmart.app               I  âœ… App trazido para foreground
2025-12-06 15:02:49.696 26943-26943 WebSocketManager        com.cdccreditsmart.app               D  Heartbeat ping sent
2025-12-06 15:02:49.700 26943-31598 WebSocketManager        com.cdccreditsmart.app               E  WebSocket failure: Software caused connection abort (Ask Gemini)
                                                                                                    java.net.SocketException: Software caused connection abort
                                                                                                    	at java.net.SocketOutputStream.socketWrite0(Native Method)
                                                                                                    	at java.net.SocketOutputStream.socketWrite(SocketOutputStream.java:116)
                                                                                                    	at java.net.SocketOutputStream.write(SocketOutputStream.java:156)
                                                                                                    	at com.android.org.conscrypt.ConscryptEngineSocket$SSLOutputStream.writeToSocket(ConscryptEngineSocket.java:770)
                                                                                                    	at com.android.org.conscrypt.ConscryptEngineSocket$SSLOutputStream.writeInternal(ConscryptEngineSocket.java:744)
                                                                                                    	at com.android.org.conscrypt.ConscryptEngineSocket$SSLOutputStream.write(ConscryptEngineSocket.java:707)
                                                                                                    	at okio.OutputStreamSink.write(JvmOkio.kt:56)
                                                                                                    	at okio.AsyncTimeout$sink$1.write(AsyncTimeout.kt:127)
                                                                                                    	at okio.RealBufferedSink.flush(RealBufferedSink.kt:268)
                                                                                                    	at okhttp3.internal.ws.WebSocketWriter.writeControlFrame(WebSocketWriter.kt:142)
                                                                                                    	at okhttp3.internal.ws.WebSocketWriter.writePing(WebSocketWriter.kt:69)
                                                                                                    	at okhttp3.internal.ws.RealWebSocket.writePingFrame$okhttp(RealWebSocket.kt:569)
                                                                                                    	at okhttp3.internal.ws.RealWebSocket$initReaderAndWriter$lambda$3$$inlined$schedule$1.runOnce(TaskQueue.kt:219)
                                                                                                    	at okhttp3.internal.concurrent.TaskRunner.runTask(TaskRunner.kt:116)
                                                                                                    	at okhttp3.internal.concurrent.TaskRunner.access$runTask(TaskRunner.kt:42)
                                                                                                    	at okhttp3.internal.concurrent.TaskRunner$runnable$1.run(TaskRunner.kt:65)
                                                                                                    	at java.util.concurrent.ThreadPoolExecutor.runWorker(ThreadPoolExecutor.java:1156)
                                                                                                    	at java.util.concurrent.ThreadPoolExecutor$Worker.run(ThreadPoolExecutor.java:651)
                                                                                                    	at java.lang.Thread.run(Thread.java:1119)
2025-12-06 15:02:49.700 26943-31598 CdcForegroundService    com.cdccreditsmart.app               E  âŒ Erro no WebSocket Flow: Connection failed: Software caused connection abort
2025-12-06 15:02:49.700 26943-31598 WebSocketManager        com.cdccreditsmart.app               D  Scheduling reconnection in 5000ms
2025-12-06 15:02:49.702 26943-29394 MdmCommandReceiver      com.cdccreditsmart.app               E  âŒ WebSocket MDM FALHOU!
2025-12-06 15:02:49.702 26943-29394 MdmCommandReceiver      com.cdccreditsmart.app               W  âš ï¸ Erro WebSocket: Software caused connection abort...
2025-12-06 15:02:49.705 26943-26943 CDCDeviceAdminReceiver  com.cdccreditsmart.app               W  âŒ ==================== DEVICE ADMIN DISABLED ====================
2025-12-06 15:02:49.705 26943-26943 CDCDeviceAdminReceiver  com.cdccreditsmart.app               W  âŒ Device Admin has been disabled
2025-12-06 15:02:49.705 26943-26943 CDCDeviceAdminReceiver  com.cdccreditsmart.app               W  â° Timestamp: 1765044169705
2025-12-06 15:02:49.705 26943-26943 CDCDeviceAdminReceiver  com.cdccreditsmart.app               W  âš ï¸ This should not happen during normal provisioning!
2025-12-06 15:02:49.705 26943-26943 CDCDeviceAdminReceiver  com.cdccreditsmart.app               W  âŒ =================================================================
2025-12-06 15:02:49.706 26943-29387 MdmCommandReceiver      com.cdccreditsmart.app               I  ðŸ” [Polling #10] Verificando comandos pendentes...
2025-12-06 15:02:49.707 26943-29394 MdmCommandReceiver      com.cdccreditsmart.app               D  â³ Polling jÃ¡ estÃ¡ ativo - ignorando chamada duplicada
2025-12-06 15:02:49.714 26943-29387 SecureTokenStorage      com.cdccreditsmart.app               D  âš ï¸ Usando Serial Number para MDM (IMEI indisponÃ­vel): VY9DB9...
2025-12-06 15:02:49.715 26943-29387 MdmCommandReceiver      com.cdccreditsmart.app               I  ðŸ” ========================================
2025-12-06 15:02:49.715 26943-29387 MdmCommandReceiver      com.cdccreditsmart.app               I  ðŸ” BUSCANDO COMANDOS PENDENTES
2025-12-06 15:02:49.715 26943-29387 MdmCommandReceiver      com.cdccreditsmart.app               I  ðŸ” ========================================
2025-12-06 15:02:49.716 26943-29387 MdmCommandReceiver      com.cdccreditsmart.app               I  ðŸ” Identifier: VY9DB9EC
2025-12-06 15:02:49.716 26943-29387 MdmCommandReceiver      com.cdccreditsmart.app               I  ðŸ” Endpoint: GET /api/apk/device/VY9DB9EC/commands
2025-12-06 15:02:49.718 26943-29387 MdmCommandReceiver      com.cdccreditsmart.app               D  ðŸ” Executando requisiÃ§Ã£o HTTP (timeout: 15s)...
2025-12-06 15:02:49.727 26943-31246 okhttp.OkHttpClient     com.cdccreditsmart.app               I  --> GET https://cdccreditsmart.com/api/apk/device/VY9DB9EC/commands
2025-12-06 15:02:49.727 26943-31246 okhttp.OkHttpClient     com.cdccreditsmart.app               I  --> END GET
2025-12-06 15:02:50.114 26943-29387 SettingsGuardService    com.cdccreditsmart.app               D  ðŸ“‹ Activity check - Full: com.android.settings.SubSettings, Simple: SubSettings
2025-12-06 15:02:50.121 26943-29387 SettingsGuardService    com.cdccreditsmart.app               D  ðŸ“‹ SubSettings detectado (navegaÃ§Ã£o permitida)
2025-12-06 15:02:50.121 26943-29387 SettingsGuardService    com.cdccreditsmart.app               D     Pacote: com.android.settings
2025-12-06 15:02:50.121 26943-29387 SettingsGuardService    com.cdccreditsmart.app               D     NOTA: NÃ£o veio de caminho perigoso
2025-12-06 15:02:50.122 26943-29387 SettingsGuardService    com.cdccreditsmart.app               D  ðŸ“‹ Activity em Settings (permitida): com.android.settings.SubSettings
2025-12-06 15:02:50.122 26943-29387 SettingsGuardService    com.cdccreditsmart.app               D     Pacote: com.android.settings
2025-12-06 15:02:50.478 26943-31246 okhttp.OkHttpClient     com.cdccreditsmart.app               I  <-- 200 https://cdccreditsmart.com/api/apk/device/VY9DB9EC/commands (751ms)
2025-12-06 15:02:50.478 26943-31246 okhttp.OkHttpClient     com.cdccreditsmart.app               I  access-control-allow-credentials: true
2025-12-06 15:02:50.478 26943-31246 okhttp.OkHttpClient     com.cdccreditsmart.app               I  access-control-allow-headers: Origin, X-Requested-With, Content-Type, Accept, Authorization, x-client-key, x-client-token, x-client-secret, cache-control
2025-12-06 15:02:50.478 26943-31246 okhttp.OkHttpClient     com.cdccreditsmart.app               I  access-control-allow-methods: GET, POST, PUT, PATCH, DELETE, OPTIONS
2025-12-06 15:02:50.478 26943-31246 okhttp.OkHttpClient     com.cdccreditsmart.app               I  access-control-allow-origin: *
2025-12-06 15:02:50.478 26943-31246 okhttp.OkHttpClient     com.cdccreditsmart.app               I  access-control-max-age: 86400
2025-12-06 15:02:50.478 26943-31246 okhttp.OkHttpClient     com.cdccreditsmart.app               I  content-length: 105
2025-12-06 15:02:50.478 26943-31246 okhttp.OkHttpClient     com.cdccreditsmart.app               I  content-security-policy: default-src 'self'; script-src 'self' 'unsafe-inline' 'unsafe-eval' https://replit.com; style-src 'self' 'unsafe-inline' https://replit.com; img-src 'self' data: https:; font-src 'self' data: https://replit.com; connect-src 'self';
2025-12-06 15:02:50.478 26943-31246 okhttp.OkHttpClient     com.cdccreditsmart.app               I  content-type: application/json; charset=utf-8
2025-12-06 15:02:50.478 26943-31246 okhttp.OkHttpClient     com.cdccreditsmart.app               I  date: Sat, 06 Dec 2025 18:02:50 GMT
2025-12-06 15:02:50.478 26943-31246 okhttp.OkHttpClient     com.cdccreditsmart.app               I  etag: W/"69-8PetbeOP93W4v5dDvyWeYZadaf8"
2025-12-06 15:02:50.478 26943-31246 okhttp.OkHttpClient     com.cdccreditsmart.app               I  permissions-policy: geolocation=(), microphone=(), camera=()
2025-12-06 15:02:50.479 26943-31246 okhttp.OkHttpClient     com.cdccreditsmart.app               I  referrer-policy: strict-origin-when-cross-origin
2025-12-06 15:02:50.479 26943-31246 okhttp.OkHttpClient     com.cdccreditsmart.app               I  server: Google Frontend
2025-12-06 15:02:50.479 26943-31246 okhttp.OkHttpClient     com.cdccreditsmart.app               I  strict-transport-security: max-age=63072000; includeSubDomains
2025-12-06 15:02:50.479 26943-31246 okhttp.OkHttpClient     com.cdccreditsmart.app               I  strict-transport-security: max-age=31536000; includeSubDomains
2025-12-06 15:02:50.479 26943-31246 okhttp.OkHttpClient     com.cdccreditsmart.app               I  x-anti-fraud-protection: active
2025-12-06 15:02:50.479 26943-31246 okhttp.OkHttpClient     com.cdccreditsmart.app               I  x-certificate-pinning-enabled: false
2025-12-06 15:02:50.479 26943-31246 okhttp.OkHttpClient     com.cdccreditsmart.app               I  x-certificate-pinning-status: disabled-for-stability
2025-12-06 15:02:50.479 26943-31246 okhttp.OkHttpClient     com.cdccreditsmart.app               I  x-cloud-trace-context: cc35e02a3efcaf2bf97db97e2aafd662;o=1
2025-12-06 15:02:50.479 26943-31246 okhttp.OkHttpClient     com.cdccreditsmart.app               I  x-content-type-options: nosniff
2025-12-06 15:02:50.479 26943-31246 okhttp.OkHttpClient     com.cdccreditsmart.app               I  x-financial-data-protection: enabled
2025-12-06 15:02:50.479 26943-31246 okhttp.OkHttpClient     com.cdccreditsmart.app               I  x-frame-options: DENY
2025-12-06 15:02:50.479 26943-31246 okhttp.OkHttpClient     com.cdccreditsmart.app               I  x-transaction-security-level: maximum
2025-12-06 15:02:50.479 26943-31246 okhttp.OkHttpClient     com.cdccreditsmart.app               I  x-xss-protection: 1; mode=block
2025-12-06 15:02:50.479 26943-31246 okhttp.OkHttpClient     com.cdccreditsmart.app               I  via: 1.1 google
2025-12-06 15:02:50.479 26943-31246 okhttp.OkHttpClient     com.cdccreditsmart.app               I  alt-svc: h3=":443"; ma=2592000,h3-29=":443"; ma=2592000
2025-12-06 15:02:50.480 26943-31246 okhttp.OkHttpClient     com.cdccreditsmart.app               I  {"deviceId":"device_1764893130549_6se9ihqrhok","serialNumber":"VY9DB9EC","commandsCount":0,"commands":[]}
2025-12-06 15:02:50.480 26943-31246 okhttp.OkHttpClient     com.cdccreditsmart.app               I  <-- END HTTP (105-byte body)
2025-12-06 15:02:50.482 26943-29387 MdmCommandReceiver      com.cdccreditsmart.app               I  ðŸ” HTTP Response code: 200
2025-12-06 15:02:50.482 26943-29387 MdmCommandReceiver      com.cdccreditsmart.app               I  ðŸ” HTTP isSuccessful: true
2025-12-06 15:02:50.482 26943-29387 MdmCommandReceiver      com.cdccreditsmart.app               I  ðŸ” Response body deviceId: device_1764893130549_6se9ihqrhok
2025-12-06 15:02:50.482 26943-29387 MdmCommandReceiver      com.cdccreditsmart.app               I  ðŸ” Response body serialNumber: VY9DB9EC
2025-12-06 15:02:50.482 26943-29387 MdmCommandReceiver      com.cdccreditsmart.app               I  ðŸ” Total de comandos: 0
2025-12-06 15:02:50.482 26943-29387 MdmCommandReceiver      com.cdccreditsmart.app               D  âœ… Nenhum comando pendente no servidor
2025-12-06 15:02:50.482 26943-29387 MdmCommandReceiver      com.cdccreditsmart.app               D  ðŸ“Š Fetch duration: 766ms
2025-12-06 15:02:50.725 26943-29387 SettingsGuardService    com.cdccreditsmart.app               D  ðŸ“‹ Activity check - Full: com.android.settings.SubSettings, Simple: SubSettings
2025-12-06 15:02:50.732 26943-29387 SettingsGuardService    com.cdccreditsmart.app               D  ðŸ“‹ SubSettings detectado (navegaÃ§Ã£o permitida)
2025-12-06 15:02:50.732 26943-29387 SettingsGuardService    com.cdccreditsmart.app               D     Pacote: com.android.settings
2025-12-06 15:02:50.732 26943-29387 SettingsGuardService    com.cdccreditsmart.app               D     NOTA: NÃ£o veio de caminho perigoso
2025-12-06 15:02:50.733 26943-29387 SettingsGuardService    com.cdccreditsmart.app               D  ðŸ“‹ Activity em Settings (permitida): com.android.settings.SubSettings
2025-12-06 15:02:50.733 26943-29387 SettingsGuardService    com.cdccreditsmart.app               D     Pacote: com.android.settings
2025-12-06 15:02:51.336 26943-29387 SettingsGuardService    com.cdccreditsmart.app               D  ðŸ“‹ Activity check - Full: com.android.settings.applications.specialaccess.deviceadmin.DeviceAdminAdd, Simple: DeviceAdminAdd
2025-12-06 15:02:51.341 26943-29387 SettingsGuardService    com.cdccreditsmart.app               W  ðŸŽ¯ ATIVIDADE PERIGOSA DETECTADA!
2025-12-06 15:02:51.342 26943-29387 SettingsGuardService    com.cdccreditsmart.app               W     Pacote: com.android.settings
2025-12-06 15:02:51.342 26943-29387 SettingsGuardService    com.cdccreditsmart.app               W     Activity completa: com.android.settings.applications.specialaccess.deviceadmin.DeviceAdminAdd
2025-12-06 15:02:51.342 26943-29387 SettingsGuardService    com.cdccreditsmart.app               W     Activity simplificada: DeviceAdminAdd
2025-12-06 15:02:51.342 26943-29387 SettingsGuardService    com.cdccreditsmart.app               W     Match: DeviceAdminAdd
2025-12-06 15:02:51.342 26943-29387 SettingsGuardService    com.cdccreditsmart.app               W  ðŸš¨ ÃREA PERIGOSA DETECTADA!
2025-12-06 15:02:51.342 26943-29387 SettingsGuardService    com.cdccreditsmart.app               W     Pacote: com.android.settings
2025-12-06 15:02:51.342 26943-29387 SettingsGuardService    com.cdccreditsmart.app               W     Atividade: com.android.settings.applications.specialaccess.deviceadmin.DeviceAdminAdd
2025-12-06 15:02:51.342 26943-29387 SettingsGuardService    com.cdccreditsmart.app               W     Chamando app para foreground...
2025-12-06 15:02:51.364 26943-26943 SettingsGuardService    com.cdccreditsmart.app               D  ðŸ  Enviado para Home primeiro (fecha Settings)
2025-12-06 15:02:51.541 26943-26943 SettingsGuardService    com.cdccreditsmart.app               I  âœ… App trazido para foreground
2025-12-06 15:02:51.564 26943-26943 ActivityThread          com.cdccreditsmart.app               D  ++ activityComponent:com.cdccreditsmart.app/com.cdccreditsmart.app.presentation.MainActivity counts:1 ALEAK_CLEAR_SUPPORT:true
2025-12-06 15:02:51.579 26943-31635 libMEOW                 com.cdccreditsmart.app               D  meow new tls: 0xb400007672c93200
2025-12-06 15:02:51.579 26943-31635 libMEOW                 com.cdccreditsmart.app               D  applied 1 plugins for [com.cdccreditsmart.app]:
2025-12-06 15:02:51.579 26943-31635 libMEOW                 com.cdccreditsmart.app               D    plugin 1: [libMEOW_gift.so]: 0xb400007592aab840
2025-12-06 15:02:51.580 26943-31635 libMEOW                 com.cdccreditsmart.app               D  rebuild call chain: 0xb400007672ce3250
2025-12-06 15:02:51.580 26943-31635 libMEOW                 com.cdccreditsmart.app               D  meow delete tls: 0xb400007672c93200
2025-12-06 15:02:51.594 26943-26943 MainActivity            com.cdccreditsmart.app               D  ðŸ“ BroadcastReceiver de localizaÃ§Ã£o registrado
2025-12-06 15:02:51.596 26943-26943 MainActivity            com.cdccreditsmart.app               I  ========================================
2025-12-06 15:02:51.596 26943-26943 MainActivity            com.cdccreditsmart.app               I  ðŸ“± SOLICITANDO PERMISSÃ•ES (NÃƒO DEVICE OWNER)
2025-12-06 15:02:51.596 26943-26943 MainActivity            com.cdccreditsmart.app               I  ========================================
2025-12-06 15:02:51.596 26943-26943 MainActivity            com.cdccreditsmart.app               I  âœ… Todas as runtime permissions jÃ¡ foram concedidas!
2025-12-06 15:02:51.596 26943-26943 SpecialPermissionReq    com.cdccreditsmart.app               I  ========================================
2025-12-06 15:02:51.596 26943-26943 SpecialPermissionReq    com.cdccreditsmart.app               I  ðŸ“Š STATUS DAS PERMISSÃ•ES ESPECIAIS
2025-12-06 15:02:51.596 26943-26943 SpecialPermissionReq    com.cdccreditsmart.app               I  ========================================
2025-12-06 15:02:51.597 26943-26943 SpecialPermissionReq    com.cdccreditsmart.app               I    USAGE_STATS: âœ… CONCEDIDA
2025-12-06 15:02:51.597 26943-26943 SpecialPermissionReq    com.cdccreditsmart.app               I    OVERLAY: âœ… CONCEDIDA
2025-12-06 15:02:51.598 26943-26943 SpecialPermissionReq    com.cdccreditsmart.app               I  
2025-12-06 15:02:51.598 26943-26943 SpecialPermissionReq    com.cdccreditsmart.app               I  âœ… Todas as permissÃµes especiais concedidas!
2025-12-06 15:02:51.598 26943-26943 SpecialPermissionReq    com.cdccreditsmart.app               I     ProteÃ§Ã£o anti-desinstalaÃ§Ã£o ativa.
2025-12-06 15:02:51.598 26943-26943 SpecialPermissionReq    com.cdccreditsmart.app               I  ========================================
2025-12-06 15:02:51.600 26943-26943 MainActivity            com.cdccreditsmart.app               I  âœ… Todas as permissÃµes especiais jÃ¡ foram concedidas!
2025-12-06 15:02:51.600 26943-29387 PersistentStateManager  com.cdccreditsmart.app               D  Nenhum estado local encontrado
2025-12-06 15:02:51.600 26943-29387 PersistentStateManager  com.cdccreditsmart.app               D  ðŸ†• Sem estado local - device novo ou pÃ³s factory reset
2025-12-06 15:02:51.600 26943-29387 MainActivity            com.cdccreditsmart.app               I  ðŸ†• Device nunca foi provisionado
2025-12-06 15:02:51.605 26943-26943 ActivityThread          com.cdccreditsmart.app               D  handleResumeActivity#3 r.window=nulla.mFinished = falsewillBeVisible = true
2025-12-06 15:02:51.605 26943-26943 ActivityThread          com.cdccreditsmart.app               D  handleResumeActivity#4 addView a.mVisibleFromClient=truea.mWindowAdded=falsedecor=DecorView@69c7067[]
2025-12-06 15:02:51.605 26943-26943 ActivityThread          com.cdccreditsmart.app               D  handleResumeActivity#5 addView decor=DecorView@69c7067[]
2025-12-06 15:02:51.608 26943-26943 VRI[MainActivity]       com.cdccreditsmart.app               D  hardware acceleration = true, forceHwAccelerated = false
2025-12-06 15:02:51.609 26943-26943 ViewRootImpl            com.cdccreditsmart.app               D  setView appearance:24 com.cdccreditsmart.app/com.cdccreditsmart.app.presentation.MainActivity
2025-12-06 15:02:51.614 26943-26943 InputEventReceiver      com.cdccreditsmart.app               D  Input log is disabled in InputEventReceiver.
2025-12-06 15:02:51.782 26943-29387 SettingsGuardService    com.cdccreditsmart.app               D  ðŸ“‹ Activity check - Full: com.cdccreditsmart.app.presentation.MainActivity, Simple: MainActivity
2025-12-06 15:02:51.784 26943-29387 SettingsGuardService    com.cdccreditsmart.app               I  âœ… App CDC em foreground - resetando contador
2025-12-06 15:02:51.840 26943-26943 BufferQueueConsumer     com.cdccreditsmart.app               D  [](id:693f00000007,api:0,p:-1,c:26943) connect: controlledByApp=false
2025-12-06 15:02:51.840 26943-26943 BLASTBufferQueue        com.cdccreditsmart.app               D  [VRI[MainActivity]#7](f:0,a:0) constructor()
2025-12-06 15:02:51.841 26943-26943 BLASTBufferQueue        com.cdccreditsmart.app               D  [VRI[MainActivity]#7](f:0,a:0) update width=1080 height=2436 format=-3 mTransformHint=0
2025-12-06 15:02:51.918 26943-29345 BLASTBufferQueue        com.cdccreditsmart.app               D  [VRI[MainActivity]#7](f:0,a:1) acquireNextBufferLocked size=1080x2436 mFrameNumber=1 applyTransaction=true mTimestamp=119454967396735(auto) mPendingTransactions.size=0 graphicBufferId=115719303856175 transform=0
2025-12-06 15:02:51.920 26943-26943 Choreographer           com.cdccreditsmart.app               W  Already have a pending vsync event.  There should only be one at a time.
2025-12-06 15:02:51.920 26943-26943 Choreographer           com.cdccreditsmart.app               I  Skipped 35 frames!  The application may be doing too much work on its main thread.
2025-12-06 15:02:51.931 26943-26943 PermissionGateScreen    com.cdccreditsmart.app               I  ðŸ” VERIFICAÃ‡ÃƒO INICIAL DE PERMISSÃ•ES:
2025-12-06 15:02:51.932 26943-26943 PermissionGateScreen    com.cdccreditsmart.app               I     NÃ­vel: BASIC
2025-12-06 15:02:51.932 26943-26943 PermissionGateScreen    com.cdccreditsmart.app               I     Todas concedidas: false
2025-12-06 15:02:51.932 26943-26943 PermissionGateScreen    com.cdccreditsmart.app               I     Bateria isenta: true
2025-12-06 15:02:51.932 26943-26943 PermissionGateScreen    com.cdccreditsmart.app               W     âŒ FALTA: Administrador do Dispositivo
2025-12-06 15:02:51.932 26943-26943 PermissionGateScreen    com.cdccreditsmart.app               I     âœ… OK: PermissÃµes BÃ¡sicas
2025-12-06 15:02:51.932 26943-26943 PermissionGateScreen    com.cdccreditsmart.app               I     âœ… OK: Monitoramento de Apps
2025-12-06 15:02:51.932 26943-26943 PermissionGateScreen    com.cdccreditsmart.app               I     âœ… OK: Mostrar Alertas
2025-12-06 15:02:51.932 26943-26943 PermissionGateScreen    com.cdccreditsmart.app               I     âœ… OK: ExecuÃ§Ã£o em Segundo Plano
2025-12-06 15:02:51.934 26943-26943 PermissionGateScreen    com.cdccreditsmart.app               I  ========================================
2025-12-06 15:02:51.935 26943-26943 PermissionGateScreen    com.cdccreditsmart.app               I  ðŸšª PERMISSION GATE SCREEN INICIADO
2025-12-06 15:02:51.935 26943-26943 PermissionGateScreen    com.cdccreditsmart.app               I  ========================================
2025-12-06 15:02:51.935 26943-26943 PermissionGateScreen    com.cdccreditsmart.app               I  NÃ­vel de privilÃ©gio: BASIC
2025-12-06 15:02:51.935 26943-26943 PermissionGateScreen    com.cdccreditsmart.app               I  PermissÃµes concedidas: 4
2025-12-06 15:02:51.935 26943-26943 PermissionGateScreen    com.cdccreditsmart.app               I  PermissÃµes faltando: 1
2025-12-06 15:02:51.935 26943-26943 PermissionGateScreen    com.cdccreditsmart.app               W    âŒ Administrador do Dispositivo
2025-12-06 15:02:51.935 26943-26943 PermissionGateScreen    com.cdccreditsmart.app               I    âœ… PermissÃµes BÃ¡sicas
2025-12-06 15:02:51.935 26943-26943 PermissionGateScreen    com.cdccreditsmart.app               I    âœ… Monitoramento de Apps
2025-12-06 15:02:51.935 26943-26943 PermissionGateScreen    com.cdccreditsmart.app               I    âœ… Mostrar Alertas
2025-12-06 15:02:51.935 26943-26943 PermissionGateScreen    com.cdccreditsmart.app               I    âœ… ExecuÃ§Ã£o em Segundo Plano
2025-12-06 15:02:51.935 26943-26943 PermissionGateScreen    com.cdccreditsmart.app               I  ========================================
2025-12-06 15:02:51.939 26943-26943 PermissionGateScreen    com.cdccreditsmart.app               D  â° Iniciando verificaÃ§Ã£o periÃ³dica de permissÃµes...
2025-12-06 15:02:51.968 26943-26943 InsetsController        com.cdccreditsmart.app               I  Insets animation onAnimationStart mShow:false, mDurationMs:340, types:statusBars
2025-12-06 15:02:52.320 26943-26943 InsetsController        com.cdccreditsmart.app               I  Insets animation onAnimationEnd
2025-12-06 15:02:52.387 26943-29387 SettingsGuardService    com.cdccreditsmart.app               D  ðŸ“‹ Activity check - Full: com.cdccreditsmart.app.presentation.MainActivity, Simple: MainActivity
2025-12-06 15:02:52.536 26943-26943 TextSelection           com.cdccreditsmart.app               D  onUseCache cache=false
2025-12-06 15:02:52.616 26943-29554 ScrollPolicy            com.cdccreditsmart.app               I  BOOST_KSWAPD; duration: 3000
2025-12-06 15:02:52.621 26943-29554 PowerHalMgrImpl         com.cdccreditsmart.app               I  hdl:73749, pid:26943 
2025-12-06 15:02:52.629 26943-29554 PowerHalMgrImpl         com.cdccreditsmart.app               I  hdl:73749, pid:26943 
2025-12-06 15:02:52.683 26943-29554 ScrollPolicy            com.cdccreditsmart.app               I  BOOST_SCENE_4; duration: 0
2025-12-06 15:02:52.686 26943-29554 PowerHalMgrImpl         com.cdccreditsmart.app               I  hdl:73754, pid:26943 
2025-12-06 15:02:52.992 26943-29387 SettingsGuardService    com.cdccreditsmart.app               D  ðŸ“‹ Activity check - Full: com.android.launcher3.uioverrides.QuickstepLauncher, Simple: QuickstepLauncher
2025-12-06 15:02:53.598 26943-29387 SettingsGuardService    com.cdccreditsmart.app               D  ðŸ“‹ Activity check - Full: com.android.launcher3.uioverrides.QuickstepLauncher, Simple: QuickstepLauncher
2025-12-06 15:02:53.880 26943-26943 ActivityThread          com.cdccreditsmart.app               D  handleResumeActivity#3 r.window=com.android.internal.policy.PhoneWindow@77097d1a.mFinished = falsewillBeVisible = true
2025-12-06 15:02:53.910 26943-26943 InsetsController        com.cdccreditsmart.app               I  Insets animation onAnimationStart mShow:false, mDurationMs:340, types:statusBars
2025-12-06 15:02:53.912 26943-26943 TranClassInfo           com.cdccreditsmart.app               D  instance successfully. com.transsion.hubcore.internal.jank.TranFrameTrackerImpl@a29faa4 from com.transsion.hubcore.internal.jank.ITranFrameTracker
2025-12-06 15:02:54.036 26943-29298 creditsmart.app         com.cdccreditsmart.app               W  Cleared Reference was only reachable from finalizer (only reported once)
2025-12-06 15:02:54.115 26943-29298 creditsmart.app         com.cdccreditsmart.app               I  Background concurrent mark compact GC freed 14MB AllocSpace bytes, 317(11MB) LOS objects, 49% free, 15MB/31MB, paused 953us,4.170ms total 130.680ms
2025-12-06 15:02:54.143 26943-26943 TextSelection           com.cdccreditsmart.app               D  onUseCache cache=false
2025-12-06 15:02:54.202 26943-29387 SettingsGuardService    com.cdccreditsmart.app               D  ðŸ“‹ Activity check - Full: com.cdccreditsmart.app.presentation.MainActivity, Simple: MainActivity
2025-12-06 15:02:54.266 26943-26943 InsetsController        com.cdccreditsmart.app               I  Insets animation onAnimationEnd
2025-12-06 15:02:54.700 26943-26943 WebSocketManager        com.cdccreditsmart.app               D  Connecting to WebSocket: wss://cdccreditsmart.com/ws/flow-status
2025-12-06 15:02:54.708 26943-29387 MdmCommandReceiver      com.cdccreditsmart.app               I  ðŸ”„ Tentando reconectar WebSocket MDM...
2025-12-06 15:02:54.712 26943-29387 SecureTokenStorage      com.cdccreditsmart.app               D  âš ï¸ Usando Serial Number para MDM (IMEI indisponÃ­vel): VY9DB9...
2025-12-06 15:02:54.713 26943-29387 MdmCommandReceiver      com.cdccreditsmart.app               I  ðŸ”— ========================================
2025-12-06 15:02:54.713 26943-29387 MdmCommandReceiver      com.cdccreditsmart.app               I  ðŸ”— INICIANDO CONEXÃƒO WEBSOCKET MDM
2025-12-06 15:02:54.713 26943-29387 MdmCommandReceiver      com.cdccreditsmart.app               I  ðŸ”— ========================================
2025-12-06 15:02:54.713 26943-29387 MdmCommandReceiver      com.cdccreditsmart.app               I  ðŸ”— URL base: wss://cdccreditsmart.com/ws
2025-12-06 15:02:54.713 26943-29387 MdmCommandReceiver      com.cdccreditsmart.app               I  ðŸ”— JWT Token presente: true
2025-12-06 15:02:54.713 26943-29387 MdmCommandReceiver      com.cdccreditsmart.app               I  ðŸ”— JWT Token length: 260
2025-12-06 15:02:54.713 26943-29387 MdmCommandReceiver      com.cdccreditsmart.app               I  ðŸ”— JWT Token preview: eyJhbGciOiJIUzI1NiIsInR5cCI6Ik...
2025-12-06 15:02:54.713 26943-29387 MdmCommandReceiver      com.cdccreditsmart.app               I  ðŸ”— Device identifier: VY9DB9EC
2025-12-06 15:02:54.719 26943-29387 MdmCommandReceiver      com.cdccreditsmart.app               D  ðŸ”— Criando WebSocket OkHttp...
2025-12-06 15:02:54.720 26943-29387 MdmCommandReceiver      com.cdccreditsmart.app               I  ðŸ”„ Iniciando polling IMEDIATAMENTE (nÃ£o esperar WebSocket)
2025-12-06 15:02:54.720 26943-29387 MdmCommandReceiver      com.cdccreditsmart.app               D  â³ Polling jÃ¡ estÃ¡ ativo - ignorando chamada duplicada
2025-12-06 15:02:54.722 26943-29387 MdmCommandReceiver      com.cdccreditsmart.app               D  ðŸ”— WebSocket request enviado - aguardando resposta...
2025-12-06 15:02:54.804 26943-26943 TextSelection           com.cdccreditsmart.app               D  onUseCache cache=false
2025-12-06 15:02:54.807 26943-29387 SettingsGuardService    com.cdccreditsmart.app               D  ðŸ“‹ Activity check - Full: com.cdccreditsmart.app.presentation.MainActivity, Simple: MainActivity
2025-12-06 15:02:55.171 26943-29389 WebSocketManager        com.cdccreditsmart.app               D  WebSocket connection opened
2025-12-06 15:02:55.172 26943-29389 WebSocketManager        com.cdccreditsmart.app               D  WebSocket connected for contract: VY9DB9EC
2025-12-06 15:02:55.172 26943-29389 WebSocketManager        com.cdccreditsmart.app               D  Starting heartbeat
2025-12-06 15:02:55.212 26943-29388 MdmCommandReceiver      com.cdccreditsmart.app               I  âœ… WebSocket MDM CONECTADO COM SUCESSO!
2025-12-06 15:02:55.212 26943-29387 MdmCommandReceiver      com.cdccreditsmart.app               D  â° Watchdog cancelado (conexÃ£o resolvida)
2025-12-06 15:02:55.212 26943-29388 MdmCommandReceiver      com.cdccreditsmart.app               D  âœ… Response code: 101
2025-12-06 15:02:55.212 26943-29388 MdmCommandReceiver      com.cdccreditsmart.app               D  â³ Polling jÃ¡ estÃ¡ ativo - ignorando chamada duplicada
2025-12-06 15:02:55.213 26943-29388 MdmCommandReceiver      com.cdccreditsmart.app               D  ðŸ“¥ Mensagem MDM recebida: {"type":"welcome","message":"Connected to unified WebSocket server","connectionId":"b89a91a7-0321-4572-a1c3-42141f860659","path":"/ws","routerKey":"device-control","timestamp":"2025-12-06T18:02:55.588Z","serverTime":"2025-12-06T18:02:55.588Z"}
