2025-12-07 16:02:30.438  4638-4776  Kolun_AI                pid-4638                             I  SceneIdentify:checkSocialOut  com.transsion.XOSLauncher, 
2025-12-07 16:02:30.438  4638-4776  Kolun_AI                pid-4638                             I  AppPredictManager:onBusEvent com.transsion.XOSLauncher false
2025-12-07 16:02:30.439  1561-1699  WindowManager           pid-1561                             I  this = Window{4a392d9 u0 SnapshotStartingWindow for taskId=16}, later than mainWin: Window{6552ddf u0 com.cdccreditsmart.app/com.cdccreditsmart.app.presentation.MainActivity}
2025-12-07 16:02:30.439  4638-13316 Kolun_AI                pid-4638                             I  SystemEventSubscribe: onPublishData {"type":"app_foreground","time":1765134150417,"data":"{\"isForeground\":true,\"packageName\":\"com.cdccreditsmart.app\"}","provider":"dc","dc_version":2030380000,"data_version":1,"user_id":0}
2025-12-07 16:02:30.439  1561-1696  ApplicationHelper       pid-1561                             E  Fail to get PackageManager
2025-12-07 16:02:30.439  4638-13316 Kolun_AI                pid-4638                             I  SystemEventSubscribe: publisher.getMatcher() app_foreground
2025-12-07 16:02:30.439  4638-13316 Kolun_AI                pid-4638                             I  SystemEventSubscribeheh:SimpleEventBus post event AppForegroundEvent{mPackageName='com.cdccreditsmart.app', mIsForeground=true} 1765134150417
2025-12-07 16:02:30.439  1561-1696  ApplicationHelper       pid-1561                             E  Fail to get PackageManager
2025-12-07 16:02:30.439  4638-13316 ApiInvoke1.7.1          pid-4638                             I  SubscribeManager: publishData success host DataCenter#StandardDataService matcher app_foreground
2025-12-07 16:02:30.440  4638-4776  Kolun_AI                pid-4638                             I  SceneIdentify:onBusEvent AppForegroundEvent   com.cdccreditsmart.app, true, SceneIdentify
2025-12-07 16:02:30.441  1561-1696  ApplicationHelper       pid-1561                             E  Fail to get PackageManager
2025-12-07 16:02:30.442  4638-4776  Kolun_AI                pid-4638                             I  PreventAccidentalTouchScene:sceneIn
2025-12-07 16:02:30.442  4638-4776  Kolun_AI                pid-4638                             I  PreventAccidentalTouchScene:screenTouchMode: 0
2025-12-07 16:02:30.442  4638-4776  Kolun_AI                pid-4638                             I  PreventAccidentalTouchScene:mIsSceneIn: false
2025-12-07 16:02:30.442  4638-4776  Kolun_AI                pid-4638                             I  SceneIdentify:checkShortVideo com.cdccreditsmart.app true 
2025-12-07 16:02:30.442  1008-2033  SurfaceFlinger          pid-1008                             D  updateWinowInfo=1, setFocusedWindow timestamp=1080920408371, windowName=6552ddf com.cdccreditsmart.app/com.cdccreditsmart.app.presentation.MainActivity
2025-12-07 16:02:30.442  4638-4776  Kolun_AI                pid-4638                             I  SceneIdentify:isShortVideoPkg false
2025-12-07 16:02:30.442  4638-4776  Kolun_AI                pid-4638                             I  SceneIdentify:checkGameIn  com.cdccreditsmart.app, 
2025-12-07 16:02:30.442  4638-4776  Kolun_AI                pid-4638                             I  SceneIdentify:checkSocialIn  com.cdccreditsmart.app, 
2025-12-07 16:02:30.442  4638-4776  Kolun_AI                pid-4638                             I  TipsSceneService:event com.cdccreditsmart.app
2025-12-07 16:02:30.443  1008-1085  surfaceflinger          pid-1008                             E  == MALI DEBUG ===eglp_winsys_populate_image_templates ==12288
2025-12-07 16:02:30.443  4638-4776  Kolun_AI                pid-4638                             I  TipsSceneService:mTimingQueue size 3
2025-12-07 16:02:30.443  4638-4776  Kolun_AI                pid-4638                             I  AppPredictManager:onBusEvent com.cdccreditsmart.app true
2025-12-07 16:02:30.443  4638-13316 ApiInvoke1.7.1          pid-4638                             W  SubscribeBusServerImpl: onSafePublishData start ==>> publisher Publisher{channel='DataCenter', apiName='StandardDataService', label='app_foreground'}
2025-12-07 16:02:30.444  4638-13316 ApiInvoke1.7.1          pid-4638                             W  SubscribeBusServerImpl: onSafePublishData, post publish data form DataCenter to {"pid": "4638","process": "com.transsion.kolun.aiservice","packageName": "com.transsion.kolun.aiservice","channels": ["com.transsion.kolun.aiservice","APPService","AiEngine","GlobalGuideChannel","DataCenter"],"version": "1.7.1"} pid 4638 isPublishLocal true isInvalidPublisher false
2025-12-07 16:02:30.444  4638-13316 ApiInvoke1.7.1          pid-4638                             W  ApiRequest: do publishData to remote app_foreground
2025-12-07 16:02:30.447  1008-1085  surfaceflinger          pid-1008                             E  == MALI DEBUG ===eglp_winsys_populate_image_templates ==12288
2025-12-07 16:02:30.447  1561-3782  UserManagerService      pid-1561                             W  Requested status bar icon for non-badged user 0
2025-12-07 16:02:30.452  1561-1890  GcBackgroundFeature     pid-1561                             W  set HeapTaskThread = 3609 to 0-5
2025-12-07 16:02:30.453  1008-1085  surfaceflinger          pid-1008                             E  == MALI DEBUG ===eglp_winsys_populate_image_templates ==12288
2025-12-07 16:02:30.454  1008-1008  BufferQueueProducer     pid-1008                             I  [StatusBar#90](this:0xb4000079eb1d4868,id:-1,api:0,p:-1,c:1008) queueBuffer: fps=3.20 dur=2497.41 max=2380.43 min=8.30
2025-12-07 16:02:30.459  1561-1696  ApplicationHelper       pid-1561                             E  Fail to get PackageManager
2025-12-07 16:02:30.463  1008-1085  surfaceflinger          pid-1008                             E  == MALI DEBUG ===eglp_winsys_populate_image_templates ==12288
2025-12-07 16:02:30.467  1561-2058  ImeTracker              pid-1561                             I  com.cdccreditsmart.app:d0f3db45: onRequestHide at ORIGIN_SERVER reason HIDE_UNSPECIFIED_WINDOW fromUser false
2025-12-07 16:02:30.468  1561-1696  ApplicationHelper       pid-1561                             E  Fail to get PackageManager
2025-12-07 16:02:30.469   959-1051  mtkpower@impl           pid-959                              I  [powerd_req] TIMER_MSG_PERF_LOCK_TIMEOUT hdl:2002
2025-12-07 16:02:30.469   959-1051  libPowerHal             pid-959                              I  [PD] MTKPOWER_HINT_START_ACTIVITY_INNER update cmd:1408100 param:40
2025-12-07 16:02:30.469  1561-2058  ImeTracker              pid-1561                             I  com.cdccreditsmart.app:d0f3db45: onCancelled at PHASE_SERVER_SHOULD_HIDE
2025-12-07 16:02:30.470  1561-2058  TranWindow...erviceImpl pid-1561                             D  hookIMEVisibleChanged(), show:false
2025-12-07 16:02:30.470  3473-5044  ApkController           pid-3473                             D  onTaskStackChanged 
2025-12-07 16:02:30.470  3473-9607  ApkController           pid-3473                             D  [handleMessage] --> start 1
2025-12-07 16:02:30.471  1561-2058  TranMultiW...ponentImpl pid-1561                             I  hookInputMethodShown inputShown: false, connected:false, unbd:false
2025-12-07 16:02:30.471  1561-2058  TranSCSour...anagerImpl pid-1561                             I  hookInputMethodShown inputShown: false
2025-12-07 16:02:30.472  1561-2058  TranSecure...anagerImpl pid-1561                             D  hookInputShowFromIMMS inputShow= false , mVisible = false , mNeedShow = false
2025-12-07 16:02:30.473  1561-2058  input_debug             pid-1561                             I  package: com.cdccreditsmart.app mNeedShowSafeInput: false inputType: 0 methodMap: true isKeyguardShowing: false enable: 0 isSplitScreen: false
2025-12-07 16:02:30.475  1561-1696  ApplicationHelper       pid-1561                             E  Fail to get PackageManager
2025-12-07 16:02:30.476  1561-1696  ApplicationHelper       pid-1561                             E  Fail to get PackageManager
2025-12-07 16:02:30.477  1561-1696  ApplicationHelper       pid-1561                             E  Fail to get PackageManager
2025-12-07 16:02:30.477  1561-1696  ApplicationHelper       pid-1561                             E  Fail to get PackageManager
2025-12-07 16:02:30.479  1008-1085  surfaceflinger          pid-1008                             E  == MALI DEBUG ===eglp_winsys_populate_image_templates ==12288
2025-12-07 16:02:30.480  1561-4289  os.permiss...issionInfo pid-1561                             D  checkPermission 10169:android.permission.INTERACT_ACROSS_USERS:true
2025-12-07 16:02:30.481  1561-4289  os.permission           pid-1561                             I  Grant permission: android.permission.INTERACT_ACROSS_USERS to uid: 10169
2025-12-07 16:02:30.486  4208-4208  GoogleInpu...hodService pid-4208                             I  GoogleInputMethodService.onFinishInput():1984 
2025-12-07 16:02:30.487  4208-4208  Module                  pid-4208                             I  DeviceLockedStatusModuleProvider$Module.updateDeviceLockedStatus():100 repeatCheckTimes = 0, locked = false
2025-12-07 16:02:30.488  4208-4208  GoogleInpu...hodService pid-4208                             I  GoogleInputMethodService.onStartInput():1248 onStartInput(EditorInfo{EditorInfo{packageName=com.cdccreditsmart.app, inputType=0, inputTypeString=NULL, enableLearning=false, autoCorrection=false, autoComplete=false, imeOptions=0, privateImeOptions=null, actionName=UNSPECIFIED, actionLabel=null, initialSelStart=-1, initialSelEnd=-1, initialCapsMode=0, label=null, fieldId=0, fieldName=null, extras=null, hintText=null, hintLocales=[]}}, false)
2025-12-07 16:02:30.488  1561-1696  ApplicationHelper       pid-1561                             E  Fail to get PackageManager
2025-12-07 16:02:30.489  1561-1696  ApplicationHelper       pid-1561                             E  Fail to get PackageManager
2025-12-07 16:02:30.490  1561-4544  os.permiss...issionInfo pid-1561                             D  checkPermission 10146:android.permission.INTERACT_ACROSS_USERS_FULL:false
2025-12-07 16:02:30.491  1008-1075  BufferQueueDebug        pid-1008                             I  [Surface(name=6738b42 InputMethod)/@0x46fce79 - animation-leash of insets_animation#1250](this:0xb4000079eb285148,id:-1,api:0,p:-1,c:-1) BufferQueue core=(1008:/system/bin/surfaceflinger)
2025-12-07 16:02:30.491  4208-4208  Module                  pid-4208                             I  DeviceLockedStatusModuleProvider$Module.updateDeviceLockedStatus():100 repeatCheckTimes = 1, locked = false
2025-12-07 16:02:30.493  1561-1696  ApplicationHelper       pid-1561                             E  Fail to get PackageManager
2025-12-07 16:02:30.494  1561-1696  ApplicationHelper       pid-1561                             E  Fail to get PackageManager
2025-12-07 16:02:30.495  1561-4370  PackageConfigPersister  pid-1561                             W  App-specific configuration not found for packageName: com.cdccreditsmart.app and userId: 0
2025-12-07 16:02:30.495  1561-1699  WindowManager           pid-1561                             I  this = Window{4a392d9 u0 SnapshotStartingWindow for taskId=16}, later than mainWin: Window{6552ddf u0 com.cdccreditsmart.app/com.cdccreditsmart.app.presentation.MainActivity}
2025-12-07 16:02:30.497  1561-1644  ActivityTa...er_Recents pid-1561                             D  	excludeFromRecents=true, taskIndex = 2, isOnHomeDisplay: false, isAnimatingByRecents: false
2025-12-07 16:02:30.497  1561-1644  ActivityTa...er_Recents pid-1561                             D  Skipping, not in visible range taskId: 24
2025-12-07 16:02:30.497  1561-1644  ActivityTa...er_Recents pid-1561                             D  	excludeFromRecents=true, taskIndex = 3, isOnHomeDisplay: false, isAnimatingByRecents: false
2025-12-07 16:02:30.497  1561-1644  ActivityTa...er_Recents pid-1561                             D  Skipping, not in visible range taskId: 25
2025-12-07 16:02:30.498  3204-3204  BatteryMeterDrawable    pid-3204                             D  drawBatteryFrame: color=80454545
2025-12-07 16:02:30.503  3588-3672  RecentAnalytics#        pid-3588                             I  addTracker start...
2025-12-07 16:02:30.503  3588-3672  RecentAnalytics#        pid-3588                             I  addTracker start...
2025-12-07 16:02:30.504  3588-3784  RecentAnalytics#        pid-3588                             I  start track event...
2025-12-07 16:02:30.504  1561-1699  WindowManager           pid-1561                             I  this = Window{4a392d9 u0 SnapshotStartingWindow for taskId=16}, later than mainWin: Window{6552ddf u0 com.cdccreditsmart.app/com.cdccreditsmart.app.presentation.MainActivity}
2025-12-07 16:02:30.504  5638-5638  SmartPanelService       pid-5638                             I  MSG_TASK_FOCUS
2025-12-07 16:02:30.504  5638-5638  ScenesManager           pid-5638                             I  handlerTaskChange new TaskId  old TaskId 
2025-12-07 16:02:30.505  3588-3784  RecentAnalytics#        pid-3588                             I  start track event...
2025-12-07 16:02:30.515 13166-13420 SettingsGuardService    pid-13166                            D  📋 Activity check - Full: null, Simple: null
2025-12-07 16:02:30.516  1561-1698  WindowManager           pid-1561                             I  this = Window{4a392d9 u0 SnapshotStartingWindow for taskId=16}, later than mainWin: Window{6552ddf u0 com.cdccreditsmart.app/com.cdccreditsmart.app.presentation.MainActivity}
2025-12-07 16:02:30.516  1561-4742  os.permiss...issionInfo pid-1561                             D  checkPermission 10146:android.permission.SYSTEM_ALERT_WINDOW:true
2025-12-07 16:02:30.516  1561-4742  os.permission           pid-1561                             I  Grant permission: android.permission.SYSTEM_ALERT_WINDOW to uid: 10146
2025-12-07 16:02:30.521  1561-1699  WindowManager           pid-1561                             I  this = Window{4a392d9 u0 SnapshotStartingWindow for taskId=16}, later than mainWin: Window{6552ddf u0 com.cdccreditsmart.app/com.cdccreditsmart.app.presentation.MainActivity}
2025-12-07 16:02:30.521  1008-1008  SurfaceFlinger          pid-1008                             I  onHandleDestroyed: name=Surface(name=6738b42 InputMethod)/@0x46fce79 - animation-leash of insets_animation#1240, layerId=1240, parentId=0
2025-12-07 16:02:30.528  1561-1696  ApplicationHelper       pid-1561                             E  Fail to get PackageManager
2025-12-07 16:02:30.529  1008-1008  BufferQueueDebug        pid-1008                             I  [Surface(name=6738b42 InputMethod)/@0x46fce79 - animation-leash of insets_animation#1240](this:0xb4000079eb27c898,id:-1,api:0,p:-1,c:1008) onDestructor()
2025-12-07 16:02:30.531  1561-1890  mtkpower_client         pid-1561                             I  perf_lock_rel, hdl:1998, tid:1890
2025-12-07 16:02:30.532  1561-1699  TranStartingSurface     pid-1561                             I  onAnimationFinished remove com.android.server.wm.TranStartingSurface@97b2287
2025-12-07 16:02:30.532  1561-1699  TranStartingSurface     pid-1561                             D  removeStartingSurface mSurfaceControl=Surface(name=TranStartingSurface)/@0x84d32c6 transaction=android.view.SurfaceControl$Transaction@edb0164
2025-12-07 16:02:30.533  1561-1890  mtkpower_client         pid-1561                             I  perf_lock_acq, hdl:1998, dur:5000, num:2, pid:1561, tid:1890
2025-12-07 16:02:30.535  1561-1890  mtkpower_client         pid-1561                             I  ret_hdl:2007
2025-12-07 16:02:30.536  1561-1890  PowerHalMgrImpl         pid-1561                             I  hdl:2007, pid:1561 
2025-12-07 16:02:30.537  1561-1646  WindowManager           pid-1561                             I    isAnimating=false  okToAnimate=true  win=Window{4a392d9 u0 SnapshotStartingWindow for taskId=16}
2025-12-07 16:02:30.539  1008-1075  BufferQueueDebug        pid-1008                             I  [Surface(name=4a392d9 SnapshotStartingWindow for taskId=16)/@0xb144099 - animation-leash of window_animation#1251](this:0xb4000079eb27c898,id:-1,api:0,p:-1,c:-1) BufferQueue core=(1008:/system/bin/surfaceflinger)
2025-12-07 16:02:30.543  1205-1205  uas-service             pid-1205                             D  thread(pid=1701) ux_exact_android.anim.lf is uxtag 0x100420 ref 0x1
2025-12-07 16:02:30.544  1561-1797  mtkpower_client         pid-1561                             I  perf_cus_lock_hint hint:101, dur:150, pid:1561
2025-12-07 16:02:30.545   959-970   AppFlingMode            pid-959                              D  [CheckAppFlingHint] 101 com.cdccreditsmart.app 120
2025-12-07 16:02:30.545  1561-1797  mtkpower_client         pid-1561                             I  perf_cus_lock_hint, ret_hdl:2008
2025-12-07 16:02:30.545   959-1051  libPowerHal             pid-959                              I  [setGPUFreq] MTKPOWER_HINT_LAUNCHER_ANIMA user set gpu freq min:0, max:-1
2025-12-07 16:02:30.545   959-1051  libPowerHal             pid-959                              I  MTKPOWER_HINT_LAUNCHER_ANIMA: set gpu opp level max: 0
2025-12-07 16:02:30.546   959-1051  libPowerHal             pid-959                              I  [setGPUFreq] Soft min/max = (0, 0); Hard min/max = (44, 0)
2025-12-07 16:02:30.546   959-1051  libPowerHal             pid-959                              I  [setGPUFreq] final min/max = (0, 0)
2025-12-07 16:02:30.546   959-1051  libPowerHal             pid-959                              I  MTKPOWER_HINT_LAUNCHER_ANIMA: set gpu opp level: 0
2025-12-07 16:02:30.546   959-1051  libPowerHal             pid-959                              I  MTKPOWER_HINT_LAUNCHER_ANIMA: set gpu opp level max: 0
2025-12-07 16:02:30.545  1561-1797  PowerHalMgrImpl         pid-1561                             I  hdl:2008, pid:1561 
2025-12-07 16:02:30.546  1561-1646  WindowManager           pid-1561                             D  setParent old=ActivityRecord{15af521 u0 com.cdccreditsmart.app/.presentation.MainActivity t16},new=null,this window=Window{4a392d9 u0 SnapshotStartingWindow for taskId=16 EXITING},callers=com.android.server.wm.WindowContainer.removeChild:862 com.android.server.wm.ActivityRecord.removeChild:5351 com.android.server.wm.ActivityRecord.removeChild:482 com.android.server.wm.WindowContainer.removeImmediately:932 com.android.server.wm.WindowState.removeImmediately:2565 com.android.server.wm.WindowState.removeIfPossible:2754 
2025-12-07 16:02:30.548  1561-1646  WindowManager           pid-1561                             I    onAnimationFinished on win=Window{4a392d9 u0 SnapshotStartingWindow for taskId=16}
2025-12-07 16:02:30.550  1561-1646  WindowManager           pid-1561                             D  removeImmediately mActivityRecord: ActivityRecord{15af521 u0 com.cdccreditsmart.app/.presentation.MainActivity t16} type: 3
2025-12-07 16:02:30.550  1561-1646  ActivityTaskManager     pid-1561                             D  hookRecordSnapshot start pkgName: com.cdccreditsmart.app componentName: com.cdccreditsmart.app/.presentation.MainActivity mPkgName: null mRecordParams: null
2025-12-07 16:02:30.552  1561-1646  WindowManager           pid-1561                             D  postWindowRemoveCleanupLocked: token:ActivityRecord{15af521 u0 com.cdccreditsmart.app/.presentation.MainActivity t16} win:Window{4a392d9 u0 SnapshotStartingWindow for taskId=16} token.isEmpty:false token.mPersistOnEmpty:true
2025-12-07 16:02:30.557  5638-5638  ScenesManager           pid-5638                             I  MSG_ACTIVITY_CHECK
2025-12-07 16:02:30.558  5638-15720 ScenesManager           pid-5638                             I  put createTaskId 
2025-12-07 16:02:30.560  1561-1992  JobScheduler.JobStatus  pid-1561                             W  Exempted app com.android.vending considered buggy
2025-12-07 16:02:30.560  1561-1992  JobScheduler.JobStatus  pid-1561                             W  Exempted app com.android.vending considered buggy
2025-12-07 16:02:30.560  1561-1992  JobScheduler.JobStatus  pid-1561                             W  Exempted app com.android.vending considered buggy
2025-12-07 16:02:30.560  1561-1992  JobScheduler.JobStatus  pid-1561                             W  Exempted app com.android.vending considered buggy
2025-12-07 16:02:30.560  1561-1992  JobScheduler.JobStatus  pid-1561                             W  Exempted app com.android.vending considered buggy
2025-12-07 16:02:30.560  1561-1992  JobScheduler.JobStatus  pid-1561                             W  Exempted app com.android.vending considered buggy
2025-12-07 16:02:30.561  1561-1992  JobScheduler.JobStatus  pid-1561                             W  Exempted app com.android.vending considered buggy
2025-12-07 16:02:30.561  1561-1992  JobScheduler.JobStatus  pid-1561                             W  Exempted app com.android.vending considered buggy
2025-12-07 16:02:30.566  1561-3067  TranAppBri...Controller pid-1561                             D  [handleMessage] msg type: 1001 isCloudEnabled: true
2025-12-07 16:02:30.571  1561-1696  ApplicationHelper       pid-1561                             E  Fail to get PackageManager
2025-12-07 16:02:30.571  1008-1008  SurfaceFlinger          pid-1008                             I  onHandleDestroyed: name=SnapshotStartingWindow for taskId=16#1243, layerId=1243, parentId=0
2025-12-07 16:02:30.571  1008-1008  SurfaceFlinger          pid-1008                             I  onHandleDestroyed: name=Surface(name=4a392d9 SnapshotStartingWindow for taskId=16)/@0xb144099 - animation-leash of window_animation#1251, layerId=1251, parentId=0
2025-12-07 16:02:30.571  1008-1008  SurfaceFlinger          pid-1008                             I  onHandleDestroyed: name=Surface(name=TranStartingSurface)/@0x84d32c6 - animation-leash of window_animation#1249, layerId=1249, parentId=0
2025-12-07 16:02:30.572  1561-1696  ApplicationHelper       pid-1561                             E  Fail to get PackageManager
2025-12-07 16:02:30.574  1561-3869  JobScheduler            pid-1561                             W  Job didn't exist in JobStore: 62fbe90 #u10a146/555 com.transsion.plat.appupdate/com.transsion.appupdate.service.AppUpdateJobService
2025-12-07 16:02:30.575  1561-3067  WindowManager           pid-1561                             D  getTopPackages# topPackages = []
2025-12-07 16:02:30.575  1561-3067  TranAppBri...Controller pid-1561                             D  [onForegroundAppchange] ForegroundPackage: com.cdccreditsmart.app splitScreen: false multiWindow: false mIsPinned:false
2025-12-07 16:02:30.577  1561-2013  JobScheduler.JobStatus  pid-1561                             W  Exempted app com.android.vending considered buggy
2025-12-07 16:02:30.577  1561-2013  JobScheduler.JobStatus  pid-1561                             W  Exempted app com.android.vending considered buggy
2025-12-07 16:02:30.577  1561-2013  JobScheduler.JobStatus  pid-1561                             W  Exempted app com.android.vending considered buggy
2025-12-07 16:02:30.578  1561-2013  JobScheduler.JobStatus  pid-1561                             W  Exempted app com.android.vending considered buggy
2025-12-07 16:02:30.578  1561-2013  JobScheduler.JobStatus  pid-1561                             W  Exempted app com.android.vending considered buggy
2025-12-07 16:02:30.578  1561-2013  JobScheduler.JobStatus  pid-1561                             W  Exempted app com.android.vending considered buggy
2025-12-07 16:02:30.579  5638-15720 THubApi                 pid-5638                             D  getWindowingMode TaskInfo{userId=0 taskId=16 displayId=0 isRunning=true baseIntent=Intent { act=android.intent.action.MAIN cat=[android.intent.category.LAUNCHER] flg=0x10200000 pkg=com.cdccreditsmart.app cmp=com.cdccreditsmart.app/.presentation.MainActivity } baseActivity=ComponentInfo{com.cdccreditsmart.app/com.cdccreditsmart.app.presentation.MainActivity} topActivity=ComponentInfo{com.cdccreditsmart.app/com.cdccreditsmart.app.presentation.MainActivity} origActivity=null realActivity=ComponentInfo{com.cdccreditsmart.app/com.cdccreditsmart.app.presentation.MainActivity} numActivities=1 lastActiveTime=1081086 supportsMultiWindow=true resizeMode=1 isResizeable=true minWidth=-1 minHeight=-1 defaultMinSize=110 token=WCT{android.window.IWindowContainerToken$Stub$Proxy@e94eebc} topActivityType=1 pictureInPictureParams=null shouldDockBigOverlays=false launchIntoPipHostTaskId=-1 lastParentTaskIdBeforePip=-1 displayCutoutSafeInsets=null topActivityInfo=ActivityInfo{78f1e45 com.cdccreditsmart.app.presentation.MainActivity} launchCookies=[android.os.BinderProxy@187199a] positionInParent=Point(0, 0) parentTaskId=-1 isFocused=true isVisible=true isVisibleRequested=true isSleeping=false locusId=null displayAreaFeatureId=1 isTopActivityTransparent=false appCompatTaskInfo=AppCompatTaskInfo { topActivityInSizeCompat=false topActivityEligibleForLetterboxEducation= falseisLetterboxEducationEnabled= false isLetterboxDoubleTapEnabled= false topActivityEligibleForUserAspectRatioButton= false topActivityBoundsLetterboxed= false isFromLetterboxDoubleTap= false topActivityLetterboxVerticalPosition= -1 topActivityLetterboxHorizontalPosition= -1 topActivityLetterboxWidth=1080 topActivityLetterboxHeight=2436 isUserFullscreenOverrideEnabled=false isSystemFullscreenOverrideEnabled=false cameraCompatTaskInfo=CameraCompatTaskInfo { cameraCompatControlState=hidden freeformCameraCompatMode=inactive}}}
2025-12-07 16:02:30.580  1008-1008  BufferQueueDebug        pid-1008                             I  [SnapshotStartingWindow for taskId=16#1243](this:0xb4000079eb1fc648,id:-1,api:0,p:-1,c:1008) onDestructor()
2025-12-07 16:02:30.580  1008-1008  BufferQueueDebug        pid-1008                             I  [Surface(name=4a392d9 SnapshotStartingWindow for taskId=16)/@0xb144099 - animation-leash of window_animation#1251](this:0xb4000079eb27c898,id:-1,api:0,p:-1,c:1008) onDestructor()
2025-12-07 16:02:30.580  1008-1008  BufferQueueDebug        pid-1008                             I  [Surface(name=TranStartingSurface)/@0x84d32c6 - animation-leash of window_animation#1249](this:0xb4000079eb28d9f8,id:-1,api:0,p:-1,c:1008) onDestructor()
2025-12-07 16:02:30.583  5638-15720 THubApi                 pid-5638                             I  isTheMainScreen classname: com.cdccreditsmart.app.presentation.MainActivity  pkg:com.cdccreditsmart.app
2025-12-07 16:02:30.583  1561-1696  ApplicationHelper       pid-1561                             E  Fail to get PackageManager
2025-12-07 16:02:30.585  1561-3869  TranActivi...gerService pid-1561                             D  isTheMainScreen, displayId = 0, classname = com.cdccreditsmart.app.presentation.MainActivity
2025-12-07 16:02:30.586  5638-15720 THubApi                 pid-5638                             D  getUserId TaskInfo{userId=0 taskId=16 displayId=0 isRunning=true baseIntent=Intent { act=android.intent.action.MAIN cat=[android.intent.category.LAUNCHER] flg=0x10200000 pkg=com.cdccreditsmart.app cmp=com.cdccreditsmart.app/.presentation.MainActivity } baseActivity=ComponentInfo{com.cdccreditsmart.app/com.cdccreditsmart.app.presentation.MainActivity} topActivity=ComponentInfo{com.cdccreditsmart.app/com.cdccreditsmart.app.presentation.MainActivity} origActivity=null realActivity=ComponentInfo{com.cdccreditsmart.app/com.cdccreditsmart.app.presentation.MainActivity} numActivities=1 lastActiveTime=1081086 supportsMultiWindow=true resizeMode=1 isResizeable=true minWidth=-1 minHeight=-1 defaultMinSize=110 token=WCT{android.window.IWindowContainerToken$Stub$Proxy@e94eebc} topActivityType=1 pictureInPictureParams=null shouldDockBigOverlays=false launchIntoPipHostTaskId=-1 lastParentTaskIdBeforePip=-1 displayCutoutSafeInsets=null topActivityInfo=ActivityInfo{78f1e45 com.cdccreditsmart.app.presentation.MainActivity} launchCookies=[android.os.BinderProxy@187199a] positionInParent=Point(0, 0) parentTaskId=-1 isFocused=true isVisible=true isVisibleRequested=true isSleeping=false locusId=null displayAreaFeatureId=1 isTopActivityTransparent=false appCompatTaskInfo=AppCompatTaskInfo { topActivityInSizeCompat=false topActivityEligibleForLetterboxEducation= falseisLetterboxEducationEnabled= false isLetterboxDoubleTapEnabled= false topActivityEligibleForUserAspectRatioButton= false topActivityBoundsLetterboxed= false isFromLetterboxDoubleTap= false topActivityLetterboxVerticalPosition= -1 topActivityLetterboxHorizontalPosition= -1 topActivityLetterboxWidth=1080 topActivityLetterboxHeight=2436 isUserFullscreenOverrideEnabled=false isSystemFullscreenOverrideEnabled=false cameraCompatTaskInfo=CameraCompatTaskInfo { cameraCompatControlState=hidden freeformCameraCompatMode=inactive}}}
2025-12-07 16:02:30.587  5638-15493 ScenesManager           pid-5638                             I  ScenesInfo(isInSplitScreenMode=false, screenMode=0, oldTopPackage=, oldTopClass=, oldRelPackage=, oldRelClass=, topPackage=com.cdccreditsmart.app, topClass=com.cdccreditsmart.app.presentation.MainActivity, relPackage=com.cdccreditsmart.app, relClass=com.cdccreditsmart.app.presentation.MainActivity, taskId=16, userId=0, isTwinApp=false, isActivityChange=true, isResume=true, killPackages=[], isPersonalizedFlipScreen=false, timeStamp=1765134150587)
2025-12-07 16:02:30.587  5638-15493 SmartEventManager       pid-5638                             D  dispatchEvent event: SmartEvent(action=key_scenes_change, extras=null)
2025-12-07 16:02:30.587  1561-1696  ApplicationHelper       pid-1561                             E  Fail to get PackageManager
2025-12-07 16:02:30.587  5638-15493 GameSceneManager        pid-5638                             I  currentPackage   it.isResume true
2025-12-07 16:02:30.587  5638-15493 GameSceneManager        pid-5638                             I  handlerActivityStart isResume = true  pkgName = com.cdccreditsmart.app
2025-12-07 16:02:30.587  5638-15493 GameSceneManager        pid-5638                             I  exitSceneInMain false
2025-12-07 16:02:30.589  5638-15493 VideoSceneManager       pid-5638                             I  handlerVideoStart isResume = true  currentPackage =   pkgName = com.cdccreditsmart.app
2025-12-07 16:02:30.589  5638-5638  GameSceneManager        pid-5638                             I  checkAndHandleAPP cursor: count = 0
2025-12-07 16:02:30.589  5638-5638  GameSceneManager        pid-5638                             I  exitSceneInMain false
2025-12-07 16:02:30.589  5638-15493 TurboSceneManager       pid-5638                             D  handlerActivityStart: pkg = com.cdccreditsmart.app
2025-12-07 16:02:30.589  5638-15493 TurboSceneManager       pid-5638                             D  handlerTurboStart  currentPackage = com.transsion.XOSLauncher  pkgName = com.cdccreditsmart.app  className = com.cdccreditsmart.app.presentation.MainActivity
2025-12-07 16:02:30.590  5638-5638  VideoDataRepository     pid-5638                             I  checkVideoApp curosr: count = 0
2025-12-07 16:02:30.593  1561-3869  TranActivi...gerService pid-1561                             D  getIsFloatingWindow mode = 1
2025-12-07 16:02:30.594  1561-1696  ApplicationHelper       pid-1561                             E  Fail to get PackageManager
2025-12-07 16:02:30.597  1561-4544  TranActivi...gerService pid-1561                             D  getIsFloatingWindow mode = 1
2025-12-07 16:02:30.598  5638-15493 TurboSceneManager       pid-5638                             D  checkTurboMode : 1
2025-12-07 16:02:30.598  5638-15493 AppBlackList            pid-5638                             D  checkInBlackList isGuidePage= false， isSmartPanelGesture= false
2025-12-07 16:02:30.598  5638-15493 AppBlackList            pid-5638                             D  checkInBlackList inBlackList= false， pkgAndCls= com.cdccreditsmart.app/com.cdccreditsmart.app.presentation.MainActivity
2025-12-07 16:02:30.598  5638-15493 SmartPanelRepository    pid-5638                             I  hasLoadData true  data size = 12
2025-12-07 16:02:30.599  1561-4742  os.permiss...issionInfo pid-1561                             D  checkPermission 10146:android.permission.INTERACT_ACROSS_USERS_FULL:false
2025-12-07 16:02:30.599  5638-15493 SceneController         pid-5638                             D  checkCanShow canShow: true  changed false 
2025-12-07 16:02:30.600  5638-5638  HandleModeManager       pid-5638                             D  onScenesChange : false
2025-12-07 16:02:30.610  1561-4544  os.permiss...issionInfo pid-1561                             D  checkPermission 10146:android.permission.SYSTEM_ALERT_WINDOW:true
2025-12-07 16:02:30.611  1561-4544  os.permission           pid-1561                             I  Grant permission: android.permission.SYSTEM_ALERT_WINDOW to uid: 10146
2025-12-07 16:02:30.613  1561-1696  ApplicationHelper       pid-1561                             E  Fail to get PackageManager
2025-12-07 16:02:30.620  1561-3782  JobScheduler.JobStatus  pid-1561                             W  Exempted app com.android.vending considered buggy
2025-12-07 16:02:30.620  1561-3782  JobScheduler.JobStatus  pid-1561                             W  Exempted app com.android.vending considered buggy
2025-12-07 16:02:30.621  1561-3782  JobScheduler.JobStatus  pid-1561                             W  Exempted app com.android.vending considered buggy
2025-12-07 16:02:30.621  1561-3782  JobScheduler.JobStatus  pid-1561                             W  Exempted app com.android.vending considered buggy
2025-12-07 16:02:30.621  1561-3782  JobScheduler.JobStatus  pid-1561                             W  Exempted app com.android.vending considered buggy
2025-12-07 16:02:30.621  1561-3782  JobScheduler.JobStatus  pid-1561                             W  Exempted app com.android.vending considered buggy
2025-12-07 16:02:30.622  1561-3782  JobScheduler.JobStatus  pid-1561                             W  Exempted app com.android.vending considered buggy
2025-12-07 16:02:30.622  1561-3782  JobScheduler.JobStatus  pid-1561                             W  Exempted app com.android.vending considered buggy
2025-12-07 16:02:30.629  1561-1890  mtkpower_client         pid-1561                             I  perf_lock_rel, hdl:2007, tid:1890
2025-12-07 16:02:30.636  3204-3257  ShellTrans..._interrupt pid-3204                             D  finish handler: com.android.wm.shell.transition.DefaultTransitionHandler@c9f6bfd
2025-12-07 16:02:30.636  3204-3257  ShellTrans..._interrupt pid-3204                             D  onFinish: isLauncherReUseLeash = false
2025-12-07 16:02:30.636  3204-3257  WindowManagerShell      pid-3204                             V  Transition animation finished (aborted=false), notifying core (#92) android.os.BinderProxy@8249bd@0
2025-12-07 16:02:30.637  3204-3257  ShellTransitions        pid-3204                             D  Applied finish transaction
2025-12-07 16:02:30.637  3204-3257  ShellTrans..._interrupt pid-3204                             D  onFinish finish apply
2025-12-07 16:02:30.639  1561-3869  WindowOrga...Controller pid-1561                             D  WCT isInterrupt: false
2025-12-07 16:02:30.639  1561-1797  mtkpower_client         pid-1561                             I  perf_lock_rel, hdl:2008, tid:1797
2025-12-07 16:02:30.640  1561-1696  ApplicationHelper       pid-1561                             E  Fail to get PackageManager
2025-12-07 16:02:30.640  1205-1205  uas-service             pid-1205                             D  set scene=0x80000004 success
2025-12-07 16:02:30.640  1008-2046  SurfaceFlinger          pid-1008                             I  onHandleDestroyed: name=TranStartingSurface#1241, layerId=1241, parentId=0
2025-12-07 16:02:30.640  1561-3869  WindowManager           pid-1561                             I    isAnimating=false  okToAnimate=true  win=Window{b88e622 u0 com.transsion.XOSLauncher/com.android.launcher3.uioverrides.QuickstepLauncher}
2025-12-07 16:02:30.640  1561-3869  WindowManager           pid-1561                             I    isAnimating=false  okToAnimate=true  win=Window{95dcaf8 u0 ZeroScreen}
2025-12-07 16:02:30.640   959-1051  libPowerHal             pid-959                              I  [unsetGPUFreq] current min:0, max:0; scn_gpu_min:0, scn_gpu_max:-1; scn_gpu_min(HL):-1, scn_gpu_max(HL):-1
2025-12-07 16:02:30.641   959-1051  libPowerHal             pid-959                              I  [setGPUFreq] Soft min/max = (0, 0); Hard min/max = (44, 0)
2025-12-07 16:02:30.641   959-1051  libPowerHal             pid-959                              I  [setGPUFreq] final min/max = (0, 0)
2025-12-07 16:02:30.641   959-1051  libPowerHal             pid-959                              I  MTKPOWER_HINT_LAUNCHER_ANIMA: set gpu opp level: 0
2025-12-07 16:02:30.641   959-1051  libPowerHal             pid-959                              I  MTKPOWER_HINT_LAUNCHER_ANIMA: set gpu opp level max: 0
2025-12-07 16:02:30.643  1561-3869  MagellanHandle          pid-1561                             D  updateRefreshRateForSceneVsyncs what = 21
2025-12-07 16:02:30.643  1561-4544  JobScheduler            pid-1561                             W  Job didn't exist in JobStore: 22c0bab #u0a146/555 com.transsion.plat.appupdate/com.transsion.appupdate.service.AppUpdateJobService
2025-12-07 16:02:30.643  3204-3257  ShellEventHandler       pid-3204                             D  onTransitionFinished OPEN token=android.os.BinderProxy@8249bd
2025-12-07 16:02:30.643  3204-3257  WindowManagerShell      pid-3204                             V  Track 0 became idle
2025-12-07 16:02:30.643  3204-3257  WindowManagerShell      pid-3204                             V  All active transition animations finished
2025-12-07 16:02:30.644  1561-2013  JobScheduler.JobStatus  pid-1561                             W  Exempted app com.android.vending considered buggy
2025-12-07 16:02:30.644  1561-2013  JobScheduler.JobStatus  pid-1561                             W  Exempted app com.android.vending considered buggy
2025-12-07 16:02:30.644  1561-2013  JobScheduler.JobStatus  pid-1561                             W  Exempted app com.android.vending considered buggy
2025-12-07 16:02:30.644  1561-2013  JobScheduler.JobStatus  pid-1561                             W  Exempted app com.android.vending considered buggy
2025-12-07 16:02:30.644  1561-2984  AudioSystem             pid-1561                             D  +setParameters(): app_in_recents=false 
2025-12-07 16:02:30.644 17178-17178 VRI[ZeroScreen]         pid-17178                            D  visibilityChanged oldVisibility=true newVisibility=false
2025-12-07 16:02:30.644  1561-2013  JobScheduler.JobStatus  pid-1561                             W  Exempted app com.android.vending considered buggy
2025-12-07 16:02:30.644   993-15592 AudioFlinger            pid-993                              I  setParameters: filtered keyvalue app_in_recents=false
2025-12-07 16:02:30.645   993-15592 AudioFlinger            pid-993                              I  +mAudioHwDevs(primary)->setParameters(): app_in_recents=false
2025-12-07 16:02:30.645  1561-1870  Process                 pid-1561                             I  String at 0: 0x793e2b0601 = SFMainPolicy
2025-12-07 16:02:30.645  1561-1870  Process                 pid-1561                             I  String at 0: 0x793e2b0601 = SFRenderEnginePolicy
2025-12-07 16:02:30.645  3588-3588  VRI[QuickstepLauncher]  pid-3588                             D  visibilityChanged oldVisibility=true newVisibility=false
2025-12-07 16:02:30.646   918-4137  AudioALSAHardware       pid-918                              D  +setParameters(): app_in_recents=false
2025-12-07 16:02:30.646   918-4137  AudioALSAHardware       pid-918                              D  -setParameters(): app_in_recents=false
2025-12-07 16:02:30.646   993-15592 AudioFlinger            pid-993                              I  -mAudioHwDevs(primary)->setParameters(): app_in_recents=false
2025-12-07 16:02:30.646   993-15592 AudioFlinger            pid-993                              I  +mAudioHwDevs(bluetooth)->setParameters(): app_in_recents=false
2025-12-07 16:02:30.646  1561-1696  ApplicationHelper       pid-1561                             E  Fail to get PackageManager
2025-12-07 16:02:30.647   993-15592 AudioFlinger            pid-993                              I  -mAudioHwDevs(bluetooth)->setParameters(): app_in_recents=false
2025-12-07 16:02:30.647   993-15592 AudioFlinger            pid-993                              I  +mAudioHwDevs(usb)->setParameters(): app_in_recents=false
2025-12-07 16:02:30.647   993-15592 AudioFlinger            pid-993                              I  -mAudioHwDevs(usb)->setParameters(): app_in_recents=false
2025-12-07 16:02:30.647   993-15592 AudioFlinger            pid-993                              I  +mAudioHwDevs(r_submix)->setParameters(): app_in_recents=false
2025-12-07 16:02:30.647  1561-2013  JobScheduler.JobStatus  pid-1561                             W  Exempted app com.android.vending considered buggy
2025-12-07 16:02:30.647  1008-1008  BufferQueueDebug        pid-1008                             I  [TranStartingSurface#1241](this:0xb4000079eb287ed8,id:-1,api:0,p:-1,c:1008) onDestructor()
2025-12-07 16:02:30.650  1561-1870  TranCPUBooster          pid-1561                             D  [setAffinity] Pid:5638 mask:0-7
2025-12-07 16:02:30.650   993-15592 AudioFlinger            pid-993                              I  -mAudioHwDevs(r_submix)->setParameters(): app_in_recents=false
2025-12-07 16:02:30.650   993-15592 TranFlinger             pid-993                              E  setPareters is is 0
2025-12-07 16:02:30.650   993-15592 TranFlinger             pid-993                              D  Audioflinger app_in_recents = false
2025-12-07 16:02:30.650   993-15592 TranFlinger             pid-993                              D  Audioflinger sec app_in_recents  is 0
2025-12-07 16:02:30.650  1561-1698  PowerHalWrapper         pid-1561                             I  amsBoostNotify pid:3588,activity:com.android.launcher3.uioverrides.QuickstepLauncher, package:com.transsion.XOSLauncher, mProcessCreatePackcom.transsion.phoenix 
2025-12-07 16:02:30.651  1561-1698  PowerHalWrapper         pid-1561                             I  state: 0 
2025-12-07 16:02:30.651   959-1003  libPerfCtl              pid-959                              I  xgfGetFPS pid:3204 fps:40
2025-12-07 16:02:30.651   959-1003  AppThermalMode          pid-959                              I  [perfNotifyThermalState] hdl:0
2025-12-07 16:02:30.651   959-1003  AppThermalMode          pid-959                              I  [findAppThermalIdx] Fail: appThermalModeEnable: 0,currentFPS: 120,fg->pid:13166
2025-12-07 16:02:30.651   959-1003  AppThermalMode          pid-959                              I  [perfNotifyThermalState] appThermalIdx -1:
2025-12-07 16:02:30.652   959-1003  libPerfCtl              pid-959                              I  xgfGetFPS pid:3588 fps:96
2025-12-07 16:02:30.652   959-1003  AppThermalMode          pid-959                              I  [perfNotifyThermalState] hdl:0
2025-12-07 16:02:30.652   959-1003  AppThermalMode          pid-959                              I  [findAppThermalIdx] Fail: appThermalModeEnable: 0,currentFPS: 120,fg->pid:13166
2025-12-07 16:02:30.652   959-1003  AppThermalMode          pid-959                              I  [perfNotifyThermalState] appThermalIdx -1:
2025-12-07 16:02:30.652   959-1003  libPerfCtl              pid-959                              I  xgfGetFPS pid:13166 fps:98
2025-12-07 16:02:30.652   959-1003  AppThermalMode          pid-959                              I  [perfNotifyThermalState] hdl:0
2025-12-07 16:02:30.652   959-1003  AppThermalMode          pid-959                              I  [findAppThermalIdx] Fail: appThermalModeEnable: 0,currentFPS: 120,fg->pid:13166
2025-12-07 16:02:30.652   959-1003  AppThermalMode          pid-959                              I  [perfNotifyThermalState] appThermalIdx -1:
2025-12-07 16:02:30.652   959-1003  libPowerHal             pid-959                              I  [updateFPS] pid(13166) : 120 => 90
2025-12-07 16:02:30.653  1561-1695  WindowManager           pid-1561                             V  Finish Transition (#92): created at 12-07 16:02:30.317 collect-started=0.043ms request-sent=10.843ms started=19.603ms ready=43.392ms sent=50.507ms finished=322.567ms
2025-12-07 16:02:30.654  1561-1698  mtkpower_client         pid-1561                             I  [PowerHal_Wrap_notifyAppState] com.transsion.XOSLauncher/com.android.launcher3.uioverrides.QuickstepLauncher pid=3588 activityId:34040324 state:0
2025-12-07 16:02:30.654  1561-1698  mtkpower_client         pid-1561                             I  [Legacy][PowerHal_Wrap_notifyAppState] com.transsion.XOSLauncher/com.android.launcher3.uioverrides.QuickstepLauncher pid=3588 state:34040324
2025-12-07 16:02:30.655   959-1051  libPowerHal             pid-959                              I  [perfNotifyAppState] pack:com.cdccreditsmart.app, act:com.cdccreditsmart.app.presentation.MainActivity, state:5, pid:13166, uid:10287, fps:90
2025-12-07 16:02:30.656   959-1051  UxUtility               pid-959                              I  notifyForegroundApp pack:com.cdccreditsmart.app, uid:10287
2025-12-07 16:02:30.656   959-1051  TouchUtility            pid-959                              I  notifyAppState error = NULL
2025-12-07 16:02:30.656  1561-1696  ApplicationHelper       pid-1561                             E  Fail to get PackageManager
2025-12-07 16:02:30.656   959-1003  libPerfCtl              pid-959                              I  xgfGetFPS pid:17178 fps:-1
2025-12-07 16:02:30.656   959-1003  AppThermalMode          pid-959                              I  [perfNotifyThermalState] hdl:0
2025-12-07 16:02:30.656   959-1003  AppThermalMode          pid-959                              I  [findAppThermalIdx] Fail: appThermalModeEnable: 0,currentFPS: 90,fg->pid:13166
2025-12-07 16:02:30.656   959-1003  AppThermalMode          pid-959                              I  [perfNotifyThermalState] appThermalIdx -1:
2025-12-07 16:02:30.657  1008-1008  SurfaceFlinger          pid-1008                             I  onHandleDestroyed: name=28d8bed ActivityRecordInputSink com.transsion.XOSLauncher/com.android.launcher3.uioverrides.QuickstepLauncher#1235, layerId=1235, parentId=0
2025-12-07 16:02:30.657  1008-1008  SurfaceFlinger          pid-1008                             I  onHandleDestroyed: name=4a392d9 SnapshotStartingWindow for taskId=16#1242, layerId=1242, parentId=0
2025-12-07 16:02:30.657  1008-1008  SurfaceFlinger          pid-1008                             I  onHandleDestroyed: name=Transition Root: Task=16#1244, layerId=1244, parentId=0
2025-12-07 16:02:30.658  1561-1698  PowerHalWrapper         pid-1561                             I  amsBoostNotify AMS_BOOST_PROCESS_CREATE_BOOST:false 
2025-12-07 16:02:30.658  1561-1698  MagellanHandle          pid-1561                             D  updateRefreshRateForSceneVsyncs what = 23
2025-12-07 16:02:30.660  1561-1698  DisplayDeviceRepository pid-1561                             I  Display device changed: DisplayDeviceInfo{"Built-in Screen": uniqueId="local:0", 1080 x 2436, modeId 1, renderFrameRate 120.00001, defaultModeId 1, userPreferredModeId -1, supportedModes [{id=1, width=1080, height=2436, fps=120.00001, vsync=120.00001, synthetic=false, alternativeRefreshRates=[60.0], supportedHdrTypes=[]}, {id=2, width=1080, height=2436, fps=60.0, vsync=60.0, synthetic=false, alternativeRefreshRates=[120.00001], supportedHdrTypes=[]}], colorMode 0, supportedColorModes [0, 7, 9], hdrCapabilities HdrCapabilities{mSupportedHdrTypes=[], mMaxLuminance=500.0, mMaxAverageLuminance=500.0, mMinLuminance=0.0}, allmSupported false, gameContentTypeSupported false, density 440, 392.783 x 392.828 dpi, appVsyncOff 2399998, presDeadline 11933334, cutout DisplayCutout{insets=Rect(0, 99 - 0, 0) waterfall=Insets{left=0, top=0, right=0, bottom=0} boundingRect={Bounds=[Rect(0, 0 - 0, 0), Rect(474, 0 - 606, 99), Rect(0, 0 - 0, 0), Rect(0, 0 - 0, 0)]} cutoutPathParserInfo={CutoutPathParserInfo{displayWidth=1080 displayHeight=2436 physicalDisplayWidth=1080 physicalDisplayHeight=2436 density={2.75} cutoutSpec={M -24,0 L -24,36 L 24,36 L 24,0 Z @dp} rotation={0} scale={1.0} physicalPixelDisplaySizeRatio={1.0}}} sideOverrides={}}, touch INTERNAL, rotation 0, type INTERNAL, address {port=0}, deviceProductInfo null, state ON, committedState ON, frameRateOverride {uid=1000 frameRateHz=60.000004} {uid=10168 frameRateHz=120.00001} {uid=10287 frameRateHz=120.00001} , brightnessMinimum 0.0, brightnessMaximum 1.0, brightnessDefault 0.2, hdrSdrRatio NaN, FLAG_ALLOWED_TO_BE_DEFAULT_DISPLAY, FLAG_ROTATES_WITH_CONTENT, FLAG_SECURE, FLAG_SUPPORTS_PROTECTED_BUFFERS, FLAG_TRUSTED, installOrientation 0, displayShape DisplayShape{ spec=596679847 displayWidth=1080 displayHeight=2436 physicalPixelDisplaySizeRatio=1.0 rotation=0 offsetX=0 offsetY=0 scale=1.0}}
2025-12-07 16:02:30.661   959-1051  libPowerHal             pid-959                              I  [perfNotifyAppState] pack:com.transsion.XOSLauncher, act:com.android.launcher3.uioverrides.QuickstepLauncher, state:0, pid:3588, uid:10169, fps:90
2025-12-07 16:02:30.662   959-971   mtkpower@impl           pid-959                              I  [setMode] type:6, enabled:0
2025-12-07 16:02:30.662   959-971   mtkpower@impl           pid-959                              E  [setMode] unknown type
2025-12-07 16:02:30.663  1561-1698  Griffin/DeviceState     pid-1561                             I  virtualDisplayPackageName :{}
