2026-02-06 14:33:52.566  9182-9182  VRI[MainActivity]       com.cdccreditsmart.app               D  visibilityChanged oldVisibility=true newVisibility=false
2026-02-06 14:33:52.566  9182-9399  CdcForegroundService    com.cdccreditsmart.app               I  ğŸ”§ ========================================
2026-02-06 14:33:52.566  9182-9399  CdcForegroundService    com.cdccreditsmart.app               I  ğŸ”§ INICIANDO initializeServices()...
2026-02-06 14:33:52.566  9182-9399  CdcForegroundService    com.cdccreditsmart.app               I  ğŸ”§ ========================================
2026-02-06 14:33:52.566  9182-9399  CdcForegroundService    com.cdccreditsmart.app               D  âœ… ServiÃ§os base jÃ¡ inicializados
2026-02-06 14:33:52.581  9182-9405  BLASTBufferQueue        com.cdccreditsmart.app               D  [VRI[MainActivity]#1](f:0,a:1) destructor()
2026-02-06 14:33:52.581  9182-9405  BufferQueueConsumer     com.cdccreditsmart.app               D  [VRI[MainActivity]#1(BLAST Consumer)1](id:23de00000001,api:0,p:-1,c:9182) disconnect
2026-02-06 14:33:53.068  9182-9500  ContractCodeStorage     com.cdccreditsmart.app               D  Retrieving contract code from storage
2026-02-06 14:33:53.076  9182-9500  ContractCodeStorage     com.cdccreditsmart.app               D  Storage verification: 0 valid, 0 tampered, 7 missing
2026-02-06 14:33:53.076  9182-9500  ContractCodeStorage     com.cdccreditsmart.app               W  No valid contract code found in any location
2026-02-06 14:33:53.080  9182-9500  SecureTokenStorage      com.cdccreditsmart.app               E  âŒ Nenhum identificador MDM disponÃ­vel!
2026-02-06 14:33:53.080  9182-9500  CdcForegroundService    com.cdccreditsmart.app               I  ğŸ” AuthToken presente: false
2026-02-06 14:33:53.080  9182-9500  CdcForegroundService    com.cdccreditsmart.app               I  ğŸ” AuthToken length: 0
2026-02-06 14:33:53.080  9182-9500  CdcForegroundService    com.cdccreditsmart.app               I  ğŸ” ContractCode presente: false
2026-02-06 14:33:53.080  9182-9500  CdcForegroundService    com.cdccreditsmart.app               I  ğŸ” ContractCode value: null****
2026-02-06 14:33:53.080  9182-9500  CdcForegroundService    com.cdccreditsmart.app               I  ğŸ” MDM SerialNumber presente: false
2026-02-06 14:33:53.080  9182-9500  CdcForegroundService    com.cdccreditsmart.app               I  ğŸ” MDM SerialNumber value: ......
2026-02-06 14:33:53.080  9182-9500  CdcForegroundService    com.cdccreditsmart.app               I  ğŸ“± ========================================
2026-02-06 14:33:53.080  9182-9500  CdcForegroundService    com.cdccreditsmart.app               I  ğŸ“± AGUARDANDO PAIRING - MDM EM STANDBY
2026-02-06 14:33:53.080  9182-9500  CdcForegroundService    com.cdccreditsmart.app               I  ğŸ“± O usuÃ¡rio ainda nÃ£o fez o pareamento inicial
2026-02-06 14:33:53.080  9182-9500  CdcForegroundService    com.cdccreditsmart.app               I  ğŸ“± ServiÃ§os MDM serÃ£o ativados apÃ³s inserir cÃ³digo do contrato
2026-02-06 14:33:53.080  9182-9500  CdcForegroundService    com.cdccreditsmart.app               I  ğŸ“± NOTA: isMdmInitialized permanece FALSE para permitir reinicializaÃ§Ã£o
2026-02-06 14:33:53.080  9182-9500  CdcForegroundService    com.cdccreditsmart.app               I  ğŸ“± ========================================
2026-02-06 14:33:53.430  9182-9192  creditsmart.app         com.cdccreditsmart.app               W  Cleared Reference was only reachable from finalizer (only reported once)
2026-02-06 14:33:53.491  9182-9192  creditsmart.app         com.cdccreditsmart.app               I  Background concurrent mark compact GC freed 9542KB AllocSpace bytes, 37(1536KB) LOS objects, 66% free, 10MB/32MB, paused 1.798ms,5.675ms total 118.142ms
2026-02-06 14:33:53.518  9182-9701  okhttp.OkHttpClient     com.cdccreditsmart.app               I  --> GET https://cdccreditsmart.com/v1/support/contact
2026-02-06 14:33:53.519  9182-9701  okhttp.OkHttpClient     com.cdccreditsmart.app               I  --> END GET
2026-02-06 14:33:53.578  9182-9182  Activity                com.cdccreditsmart.app               D  onResume setDolbyGameProfilePackage lastPkg =  currentPkg = com.cdccreditsmart.app
2026-02-06 14:33:53.604  9182-9182  BufferQueueConsumer     com.cdccreditsmart.app               D  [](id:23de00000003,api:0,p:-1,c:9182) connect: controlledByApp=false
2026-02-06 14:33:53.605  9182-9182  BLASTBufferQueue        com.cdccreditsmart.app               D  [VRI[MainActivity]#3](f:0,a:0) constructor()
2026-02-06 14:33:53.605  9182-9182  BLASTBufferQueue        com.cdccreditsmart.app               D  [VRI[MainActivity]#3](f:0,a:0) update width=1080 height=2400 format=-3 mTransformHint=0
2026-02-06 14:33:53.641  9182-9405  BLASTBufferQueue        com.cdccreditsmart.app               D  [VRI[MainActivity]#3](f:0,a:1) acquireNextBufferLocked size=1080x2400 mFrameNumber=1 applyTransaction=true mTimestamp=5757557332189(auto) mPendingTransactions.size=0 graphicBufferId=39436389711887 transform=0
2026-02-06 14:33:54.200  9182-9182  VRI[AppAcc...nActivity] com.cdccreditsmart.app               D  visibilityChanged oldVisibility=true newVisibility=false
2026-02-06 14:33:54.209  9182-9405  HWUI                    com.cdccreditsmart.app               D  endAllActiveAnimators on 0xb4000073b5b4e070 (UnprojectedRipple) with handle 0xb400007265b18fe0
2026-02-06 14:33:54.217  9182-9182  BLASTBufferQueue        com.cdccreditsmart.app               D  [VRI[AppAccessExplanationActivity]#2](f:0,a:1) destructor()
2026-02-06 14:33:54.217  9182-9182  BufferQueueConsumer     com.cdccreditsmart.app               D  [VRI[AppAccessExplanationActivity]#2(BLAST Consumer)2](id:23de00000002,api:0,p:-1,c:9182) disconnect
2026-02-06 14:33:54.232  9182-9701  okhttp.OkHttpClient     com.cdccreditsmart.app               I  <-- HTTP FAILED: okhttp3.internal.http2.StreamResetException: stream was reset: CANCEL
2026-02-06 14:33:54.234  9182-9400  SupportRepository       com.cdccreditsmart.app               E  âŒ Erro de rede ao buscar contato: The coroutine scope left the composition
                                                                                                    androidx.compose.runtime.LeftCompositionCancellationException: The coroutine scope left the composition
2026-02-06 14:33:54.234  9182-9182  WindowOnBackDispatcher  com.cdccreditsmart.app               W  sendCancelIfRunning: isInProgress=false callback=android.app.Activity$$ExternalSyntheticLambda0@cf4b619
2026-02-06 14:33:54.237  9182-9182  View                    com.cdccreditsmart.app               D  [Warning] assignParent to null: this = DecorView@f541b81[AppAccessExplanationActivity]
2026-02-06 14:33:55.217  9182-9182  SettingsGuardService    com.cdccreditsmart.app               I  â¸ï¸ Guard PAUSADO para fluxo de permissÃµes (timeout: 30s)
2026-02-06 14:33:55.453  9182-9400  SettingsGuardService    com.cdccreditsmart.app               D  âœ… Atividade permitida durante fluxo de permissÃµes: com.android.settings.fuelgauge.RequestIgnoreBatteryOptimizations
2026-02-06 14:33:56.392  9182-9182  Activity                com.cdccreditsmart.app               D  onResume setDolbyGameProfilePackage lastPkg =  currentPkg = com.cdccreditsmart.app
2026-02-06 14:33:58.975  9182-9182  SettingsGuardService    com.cdccreditsmart.app               I  â¸ï¸ Guard PAUSADO para fluxo de permissÃµes (timeout: 30s)
2026-02-06 14:33:59.062  9182-9182  Activity                com.cdccreditsmart.app               D  onResume setDolbyGameProfilePackage lastPkg =  currentPkg = com.cdccreditsmart.app
2026-02-06 14:33:59.233  9182-9400  PermissionGateManager   com.cdccreditsmart.app               I  âœ… Device Owner: Todas as permissÃµes especiais concedidas!
2026-02-06 14:33:59.234  9182-9182  PermissionGateScreen    com.cdccreditsmart.app               I  âœ… TODAS AS PERMISSÃ•ES CONCEDIDAS! Prosseguindo para o app...
2026-02-06 14:33:59.234  9182-9182  SettingsGuardService    com.cdccreditsmart.app               I  â–¶ï¸ Guard RETOMADO apÃ³s fluxo de permissÃµes
2026-02-06 14:33:59.804  9182-9182  DeviceOwnerCheckVM      com.cdccreditsmart.app               I  ========================================
2026-02-06 14:33:59.804  9182-9182  DeviceOwnerCheckVM      com.cdccreditsmart.app               I  ğŸ” Verificando status de Device Owner...
2026-02-06 14:34:00.149  9182-9182  NavController           com.cdccreditsmart.app               I  Ignoring popBackStack to route permission_gate as it was not found on the current back stack
2026-02-06 14:34:00.220  9182-9182  DeviceOwnerCheckVM      com.cdccreditsmart.app               I  ========================================
2026-02-06 14:34:00.220  9182-9182  DeviceOwnerCheckVM      com.cdccreditsmart.app               I  ğŸ” Verificando status de Device Owner...
2026-02-06 14:34:00.309  9182-9182  DeviceUtils             com.cdccreditsmart.app               D  Device Owner check: true
2026-02-06 14:34:00.310  9182-9182  DeviceUtils             com.cdccreditsmart.app               D  Samsung device: false (Manufacturer: motorola)
2026-02-06 14:34:00.310  9182-9182  DeviceOwnerCheckVM      com.cdccreditsmart.app               I  âœ… Dispositivo Ã© Device Owner - permitindo acesso ao app
2026-02-06 14:34:00.310  9182-9182  DeviceOwnerCheckVM      com.cdccreditsmart.app               I  ========================================
2026-02-06 14:34:00.364  9182-9182  RouterViewModel         com.cdccreditsmart.app               D  ğŸš€ Iniciando verificaÃ§Ã£o de autenticaÃ§Ã£o...
2026-02-06 14:34:00.371  9182-9400  AuthOrchestrator        com.cdccreditsmart.app               D  ğŸ” Verificando autenticaÃ§Ã£o...
2026-02-06 14:34:00.377  9182-9400  AuthOrchestrator        com.cdccreditsmart.app               D  ğŸŒ Conectividade: ONLINE
2026-02-06 14:34:00.378  9182-9400  AuthOrchestrator        com.cdccreditsmart.app               D  ğŸ”„ ========== AUTO-DISCOVERY INICIADO ==========
2026-02-06 14:34:00.413  9182-9400  DeviceUtils             com.cdccreditsmart.app               D  IMEI retrieved successfully: 3531***
2026-02-06 14:34:00.413  9182-9400  AuthOrchestrator        com.cdccreditsmart.app               D  ğŸ“± IMEI obtido: 3531***198
2026-02-06 14:34:00.413  9182-9400  AuthOrchestrator        com.cdccreditsmart.app               D  ğŸ” Tentando auto-discovery...
2026-02-06 14:34:00.414  9182-9400  AuthOrchestrator        com.cdccreditsmart.app               D     Endpoint: GET /api/apk/discover/353104906953198
2026-02-06 14:34:00.439  9182-9701  okhttp.OkHttpClient     com.cdccreditsmart.app               I  --> GET https://cdccreditsmart.com/api/apk/discover/353104906953198
2026-02-06 14:34:00.439  9182-9701  okhttp.OkHttpClient     com.cdccreditsmart.app               I  --> END GET
2026-02-06 14:34:00.723  9182-9182  DeviceUtils             com.cdccreditsmart.app               D  Device Owner check: true
2026-02-06 14:34:00.723  9182-9182  DeviceUtils             com.cdccreditsmart.app               D  Samsung device: false (Manufacturer: motorola)
2026-02-06 14:34:00.723  9182-9182  DeviceOwnerCheckVM      com.cdccreditsmart.app               I  âœ… Dispositivo Ã© Device Owner - permitindo acesso ao app
2026-02-06 14:34:00.723  9182-9182  DeviceOwnerCheckVM      com.cdccreditsmart.app               I  ========================================
2026-02-06 14:34:00.773  9182-9182  RouterViewModel         com.cdccreditsmart.app               D  ğŸš€ Iniciando verificaÃ§Ã£o de autenticaÃ§Ã£o...
2026-02-06 14:34:00.774  9182-9400  AuthOrchestrator        com.cdccreditsmart.app               D  ğŸ” Verificando autenticaÃ§Ã£o...
2026-02-06 14:34:00.777  9182-9400  AuthOrchestrator        com.cdccreditsmart.app               D  ğŸŒ Conectividade: ONLINE
2026-02-06 14:34:00.777  9182-9400  AuthOrchestrator        com.cdccreditsmart.app               D  ğŸ”„ ========== AUTO-DISCOVERY INICIADO ==========
2026-02-06 14:34:00.781  9182-9400  DeviceUtils             com.cdccreditsmart.app               D  IMEI retrieved successfully: 3531***
2026-02-06 14:34:00.781  9182-9400  AuthOrchestrator        com.cdccreditsmart.app               D  ğŸ“± IMEI obtido: 3531***198
2026-02-06 14:34:00.781  9182-9400  AuthOrchestrator        com.cdccreditsmart.app               D  ğŸ” Tentando auto-discovery...
2026-02-06 14:34:00.781  9182-9400  AuthOrchestrator        com.cdccreditsmart.app               D     Endpoint: GET /api/apk/discover/353104906953198
2026-02-06 14:34:00.788  9182-9727  okhttp.OkHttpClient     com.cdccreditsmart.app               I  --> GET https://cdccreditsmart.com/api/apk/discover/353104906953198
2026-02-06 14:34:00.788  9182-9727  okhttp.OkHttpClient     com.cdccreditsmart.app               I  --> END GET
2026-02-06 14:34:01.017  9182-9701  okhttp.OkHttpClient     com.cdccreditsmart.app               I  <-- 404 https://cdccreditsmart.com/api/apk/discover/353104906953198 (577ms)
2026-02-06 14:34:01.017  9182-9701  okhttp.OkHttpClient     com.cdccreditsmart.app               I  access-control-allow-credentials: true
2026-02-06 14:34:01.017  9182-9701  okhttp.OkHttpClient     com.cdccreditsmart.app               I  access-control-allow-headers: Origin, X-Requested-With, Content-Type, Accept, Authorization, x-client-key, x-client-token, x-client-secret, cache-control
2026-02-06 14:34:01.017  9182-9701  okhttp.OkHttpClient     com.cdccreditsmart.app               I  access-control-allow-methods: GET, POST, PUT, PATCH, DELETE, OPTIONS
2026-02-06 14:34:01.017  9182-9701  okhttp.OkHttpClient     com.cdccreditsmart.app               I  access-control-allow-origin: *
2026-02-06 14:34:01.017  9182-9701  okhttp.OkHttpClient     com.cdccreditsmart.app               I  access-control-max-age: 86400
2026-02-06 14:34:01.017  9182-9701  okhttp.OkHttpClient     com.cdccreditsmart.app               I  content-length: 135
2026-02-06 14:34:01.018  9182-9701  okhttp.OkHttpClient     com.cdccreditsmart.app               I  content-security-policy: default-src 'self'; script-src 'self' 'unsafe-inline' 'unsafe-eval' https://replit.com; style-src 'self' 'unsafe-inline' https://replit.com; img-src 'self' data: https:; font-src 'self' data: https://replit.com; connect-src 'self';
2026-02-06 14:34:01.018  9182-9701  okhttp.OkHttpClient     com.cdccreditsmart.app               I  content-type: application/json; charset=utf-8
2026-02-06 14:34:01.018  9182-9701  okhttp.OkHttpClient     com.cdccreditsmart.app               I  date: Fri, 06 Feb 2026 17:34:01 GMT
2026-02-06 14:34:01.018  9182-9701  okhttp.OkHttpClient     com.cdccreditsmart.app               I  etag: W/"87-WMi3emPyx8sd4D1rSTdlqG1WZek"
2026-02-06 14:34:01.018  9182-9701  okhttp.OkHttpClient     com.cdccreditsmart.app               I  permissions-policy: geolocation=(), microphone=(), camera=()
2026-02-06 14:34:01.018  9182-9701  okhttp.OkHttpClient     com.cdccreditsmart.app               I  referrer-policy: strict-origin-when-cross-origin
2026-02-06 14:34:01.018  9182-9701  okhttp.OkHttpClient     com.cdccreditsmart.app               I  strict-transport-security: max-age=63072000; includeSubDomains
2026-02-06 14:34:01.018  9182-9701  okhttp.OkHttpClient     com.cdccreditsmart.app               I  strict-transport-security: max-age=31536000; includeSubDomains
2026-02-06 14:34:01.018  9182-9701  okhttp.OkHttpClient     com.cdccreditsmart.app               I  x-anti-fraud-protection: active
2026-02-06 14:34:01.018  9182-9701  okhttp.OkHttpClient     com.cdccreditsmart.app               I  x-certificate-pinning-enabled: false
2026-02-06 14:34:01.018  9182-9701  okhttp.OkHttpClient     com.cdccreditsmart.app               I  x-certificate-pinning-status: disabled-for-stability
2026-02-06 14:34:01.018  9182-9701  okhttp.OkHttpClient     com.cdccreditsmart.app               I  x-content-type-options: nosniff
2026-02-06 14:34:01.018  9182-9701  okhttp.OkHttpClient     com.cdccreditsmart.app               I  x-financial-data-protection: enabled
2026-02-06 14:34:01.018  9182-9701  okhttp.OkHttpClient     com.cdccreditsmart.app               I  x-frame-options: DENY
2026-02-06 14:34:01.018  9182-9701  okhttp.OkHttpClient     com.cdccreditsmart.app               I  x-transaction-security-level: maximum
2026-02-06 14:34:01.018  9182-9701  okhttp.OkHttpClient     com.cdccreditsmart.app               I  x-xss-protection: 1; mode=block
2026-02-06 14:34:01.018  9182-9701  okhttp.OkHttpClient     com.cdccreditsmart.app               I  via: 1.1 google
2026-02-06 14:34:01.018  9182-9701  okhttp.OkHttpClient     com.cdccreditsmart.app               I  alt-svc: h3=":443"; ma=2592000,h3-29=":443"; ma=2592000
2026-02-06 14:34:01.021  9182-9701  okhttp.OkHttpClient     com.cdccreditsmart.app               I  {"error":"Dispositivo nÃ£o cadastrado","hint":"Este aparelho nÃ£o estÃ¡ cadastrado no sistema. Cadastre-o primeiro na plataforma web."}
2026-02-06 14:34:01.021  9182-9701  okhttp.OkHttpClient     com.cdccreditsmart.app               I  <-- END HTTP (135-byte body)
2026-02-06 14:34:01.024  9182-9400  AuthOrchestrator        com.cdccreditsmart.app               W  âŒ Dispositivo nÃ£o cadastrado (404)
2026-02-06 14:34:01.024  9182-9400  AuthOrchestrator        com.cdccreditsmart.app               D     â†’ Backend nÃ£o encontrou este IMEI
2026-02-06 14:34:01.024  9182-9400  AuthOrchestrator        com.cdccreditsmart.app               D     â†’ SerÃ¡ necessÃ¡rio pareamento manual
2026-02-06 14:34:01.024  9182-9400  ContractCodeStorage     com.cdccreditsmart.app               D  Retrieving contract code from storage
2026-02-06 14:34:01.186  9182-9400  ContractCodeStorage     com.cdccreditsmart.app               D  Storage verification: 0 valid, 0 tampered, 7 missing
2026-02-06 14:34:01.186  9182-9400  ContractCodeStorage     com.cdccreditsmart.app               W  No valid contract code found in any location
2026-02-06 14:34:01.186  9182-9400  AuthOrchestrator        com.cdccreditsmart.app               D  âŒ CÃ³digo de pareamento nÃ£o encontrado - precisa de novo cÃ³digo
2026-02-06 14:34:01.187  9182-9182  RouterViewModel         com.cdccreditsmart.app               D  âŒ CÃ³digo de pareamento necessÃ¡rio - Ir para QR Scanner
2026-02-06 14:34:01.453  9182-9727  okhttp.OkHttpClient     com.cdccreditsmart.app               I  <-- 404 https://cdccreditsmart.com/api/apk/discover/353104906953198 (664ms)
2026-02-06 14:34:01.453  9182-9727  okhttp.OkHttpClient     com.cdccreditsmart.app               I  access-control-allow-credentials: true
2026-02-06 14:34:01.453  9182-9727  okhttp.OkHttpClient     com.cdccreditsmart.app               I  access-control-allow-headers: Origin, X-Requested-With, Content-Type, Accept, Authorization, x-client-key, x-client-token, x-client-secret, cache-control
2026-02-06 14:34:01.453  9182-9727  okhttp.OkHttpClient     com.cdccreditsmart.app               I  access-control-allow-methods: GET, POST, PUT, PATCH, DELETE, OPTIONS
2026-02-06 14:34:01.453  9182-9727  okhttp.OkHttpClient     com.cdccreditsmart.app               I  access-control-allow-origin: *
2026-02-06 14:34:01.453  9182-9727  okhttp.OkHttpClient     com.cdccreditsmart.app               I  access-control-max-age: 86400
2026-02-06 14:34:01.453  9182-9727  okhttp.OkHttpClient     com.cdccreditsmart.app               I  content-length: 135
2026-02-06 14:34:01.453  9182-9727  okhttp.OkHttpClient     com.cdccreditsmart.app               I  content-security-policy: default-src 'self'; script-src 'self' 'unsafe-inline' 'unsafe-eval' https://replit.com; style-src 'self' 'unsafe-inline' https://replit.com; img-src 'self' data: https:; font-src 'self' data: https://replit.com; connect-src 'self';
2026-02-06 14:34:01.453  9182-9727  okhttp.OkHttpClient     com.cdccreditsmart.app               I  content-type: application/json; charset=utf-8
2026-02-06 14:34:01.453  9182-9727  okhttp.OkHttpClient     com.cdccreditsmart.app               I  date: Fri, 06 Feb 2026 17:34:01 GMT
2026-02-06 14:34:01.453  9182-9727  okhttp.OkHttpClient     com.cdccreditsmart.app               I  etag: W/"87-WMi3emPyx8sd4D1rSTdlqG1WZek"
2026-02-06 14:34:01.454  9182-9727  okhttp.OkHttpClient     com.cdccreditsmart.app               I  permissions-policy: geolocation=(), microphone=(), camera=()
2026-02-06 14:34:01.454  9182-9727  okhttp.OkHttpClient     com.cdccreditsmart.app               I  referrer-policy: strict-origin-when-cross-origin
2026-02-06 14:34:01.454  9182-9727  okhttp.OkHttpClient     com.cdccreditsmart.app               I  strict-transport-security: max-age=63072000; includeSubDomains
2026-02-06 14:34:01.455  9182-9727  okhttp.OkHttpClient     com.cdccreditsmart.app               I  strict-transport-security: max-age=31536000; includeSubDomains
2026-02-06 14:34:01.456  9182-9727  okhttp.OkHttpClient     com.cdccreditsmart.app               I  x-anti-fraud-protection: active
2026-02-06 14:34:01.456  9182-9727  okhttp.OkHttpClient     com.cdccreditsmart.app               I  x-certificate-pinning-enabled: false
2026-02-06 14:34:01.456  9182-9727  okhttp.OkHttpClient     com.cdccreditsmart.app               I  x-certificate-pinning-status: disabled-for-stability
2026-02-06 14:34:01.457  9182-9727  okhttp.OkHttpClient     com.cdccreditsmart.app               I  x-content-type-options: nosniff
2026-02-06 14:34:01.457  9182-9727  okhttp.OkHttpClient     com.cdccreditsmart.app               I  x-financial-data-protection: enabled
2026-02-06 14:34:01.457  9182-9727  okhttp.OkHttpClient     com.cdccreditsmart.app               I  x-frame-options: DENY
2026-02-06 14:34:01.457  9182-9727  okhttp.OkHttpClient     com.cdccreditsmart.app               I  x-transaction-security-level: maximum
2026-02-06 14:34:01.457  9182-9727  okhttp.OkHttpClient     com.cdccreditsmart.app               I  x-xss-protection: 1; mode=block
2026-02-06 14:34:01.457  9182-9727  okhttp.OkHttpClient     com.cdccreditsmart.app               I  via: 1.1 google
2026-02-06 14:34:01.457  9182-9727  okhttp.OkHttpClient     com.cdccreditsmart.app               I  alt-svc: h3=":443"; ma=2592000,h3-29=":443"; ma=2592000
2026-02-06 14:34:01.458  9182-9727  okhttp.OkHttpClient     com.cdccreditsmart.app               I  {"error":"Dispositivo nÃ£o cadastrado","hint":"Este aparelho nÃ£o estÃ¡ cadastrado no sistema. Cadastre-o primeiro na plataforma web."}
2026-02-06 14:34:01.458  9182-9727  okhttp.OkHttpClient     com.cdccreditsmart.app               I  <-- END HTTP (135-byte body)
2026-02-06 14:34:01.460  9182-9400  AuthOrchestrator        com.cdccreditsmart.app               W  âŒ Dispositivo nÃ£o cadastrado (404)
2026-02-06 14:34:01.460  9182-9400  AuthOrchestrator        com.cdccreditsmart.app               D     â†’ Backend nÃ£o encontrou este IMEI
2026-02-06 14:34:01.460  9182-9400  AuthOrchestrator        com.cdccreditsmart.app               D     â†’ SerÃ¡ necessÃ¡rio pareamento manual
2026-02-06 14:34:01.460  9182-9400  ContractCodeStorage     com.cdccreditsmart.app               D  Retrieving contract code from storage
2026-02-06 14:34:01.542  9182-9182  SettingsGuardService    com.cdccreditsmart.app               I  â–¶ï¸ Guard RETOMADO apÃ³s fluxo de permissÃµes
2026-02-06 14:34:01.625  9182-9400  ContractCodeStorage     com.cdccreditsmart.app               D  Storage verification: 0 valid, 0 tampered, 7 missing
2026-02-06 14:34:01.625  9182-9400  ContractCodeStorage     com.cdccreditsmart.app               W  No valid contract code found in any location
2026-02-06 14:34:01.625  9182-9400  AuthOrchestrator        com.cdccreditsmart.app               D  âŒ CÃ³digo de pareamento nÃ£o encontrado - precisa de novo cÃ³digo
2026-02-06 14:34:01.722  9182-9182  RouterViewModel         com.cdccreditsmart.app               D  âŒ CÃ³digo de pareamento necessÃ¡rio - Ir para QR Scanner
2026-02-06 14:34:01.778  9182-9182  WindowOnBackDispatcher  com.cdccreditsmart.app               W  sendCancelIfRunning: isInProgress=false callback=androidx.activity.OnBackPressedDispatcher$Api34Impl$createOnBackAnimationCallback$1@3d01cc1
2026-02-06 14:34:03.482  9182-9182  VRI[MainActivity]       com.cdccreditsmart.app               D  hardware acceleration = true, forceHwAccelerated = false
2026-02-06 14:34:03.494  9182-9182  InputEventReceiver      com.cdccreditsmart.app               D  Input log is disabled in InputEventReceiver.
2026-02-06 14:34:03.601  9182-9182  BufferQueueConsumer     com.cdccreditsmart.app               D  [](id:23de00000004,api:0,p:-1,c:9182) connect: controlledByApp=false
2026-02-06 14:34:03.602  9182-9182  BLASTBufferQueue        com.cdccreditsmart.app               D  [VRI[MainActivity]#4](f:0,a:0) constructor()
2026-02-06 14:34:03.602  9182-9182  BLASTBufferQueue        com.cdccreditsmart.app               D  [VRI[MainActivity]#4](f:0,a:0) update width=960 height=1302 format=-2 mTransformHint=0
2026-02-06 14:34:03.681  9182-9405  BLASTBufferQueue        com.cdccreditsmart.app               D  [VRI[MainActivity]#4](f:0,a:1) acquireNextBufferLocked size=960x1302 mFrameNumber=1 applyTransaction=true mTimestamp=5767596988881(auto) mPendingTransactions.size=0 graphicBufferId=39436389711891 transform=0
2026-02-06 14:34:04.283  9182-9182  WindowOnBackDispatcher  com.cdccreditsmart.app               W  sendCancelIfRunning: isInProgress=false callback=androidx.activity.OnBackPressedDispatcher$Api34Impl$createOnBackAnimationCallback$1@841e7ee
2026-02-06 14:34:04.301  9182-9405  HWUI                    com.cdccreditsmart.app               D  endAllActiveAnimators on 0xb4000073b5b6bcd0 (UnprojectedRipple) with handle 0xb400007265b48950
2026-02-06 14:34:04.302  9182-9182  View                    com.cdccreditsmart.app               D  [Warning] assignParent to null: this = DecorView@774749c[MainActivity]
2026-02-06 14:34:04.309  9182-9729  BLASTBufferQueue        com.cdccreditsmart.app               D  [VRI[MainActivity]#4](f:0,a:1) destructor()
2026-02-06 14:34:04.309  9182-9729  BufferQueueConsumer     com.cdccreditsmart.app               D  [VRI[MainActivity]#4(BLAST Consumer)4](id:23de00000004,api:0,p:-1,c:9182) disconnect
2026-02-06 14:34:04.319  9182-9182  VRI[MainActivity]       com.cdccreditsmart.app               D  hardware acceleration = true, forceHwAccelerated = false
2026-02-06 14:34:04.328  9182-9182  InputEventReceiver      com.cdccreditsmart.app               D  Input log is disabled in InputEventReceiver.
2026-02-06 14:34:04.413  9182-9182  BufferQueueConsumer     com.cdccreditsmart.app               D  [](id:23de00000005,api:0,p:-1,c:9182) connect: controlledByApp=false
2026-02-06 14:34:04.413  9182-9182  BLASTBufferQueue        com.cdccreditsmart.app               D  [VRI[MainActivity]#5](f:0,a:0) constructor()
2026-02-06 14:34:04.413  9182-9182  BLASTBufferQueue        com.cdccreditsmart.app               D  [VRI[MainActivity]#5](f:0,a:0) update width=960 height=1053 format=-2 mTransformHint=0
2026-02-06 14:34:04.454  9182-9405  BLASTBufferQueue        com.cdccreditsmart.app               D  [VRI[MainActivity]#5](f:0,a:1) acquireNextBufferLocked size=960x1053 mFrameNumber=1 applyTransaction=true mTimestamp=5768370257805(auto) mPendingTransactions.size=0 graphicBufferId=39436389711895 transform=0
2026-02-06 14:34:05.175  9182-9182  WindowOnBackDispatcher  com.cdccreditsmart.app               W  sendCancelIfRunning: isInProgress=false callback=androidx.activity.OnBackPressedDispatcher$Api34Impl$createOnBackAnimationCallback$1@771bd5d
2026-02-06 14:34:05.184  9182-9405  HWUI                    com.cdccreditsmart.app               D  endAllActiveAnimators on 0xb4000073b5b76430 (UnprojectedRipple) with handle 0xb400007265b4c550
2026-02-06 14:34:05.184  9182-9182  View                    com.cdccreditsmart.app               D  [Warning] assignParent to null: this = DecorView@93b20dd[MainActivity]
2026-02-06 14:34:05.189  9182-9214  BLASTBufferQueue        com.cdccreditsmart.app               D  [VRI[MainActivity]#5](f:0,a:1) destructor()
2026-02-06 14:34:05.189  9182-9214  BufferQueueConsumer     com.cdccreditsmart.app               D  [VRI[MainActivity]#5(BLAST Consumer)5](id:23de00000005,api:0,p:-1,c:9182) disconnect
2026-02-06 14:34:05.233  9182-9182  UninstallFlowActivity   com.cdccreditsmart.app               I  
2026-02-06 14:34:05.233  9182-9182  UninstallFlowActivity   com.cdccreditsmart.app               I  â•”â•â•â•â•â•â•â•â•â•â•â•â•â•â•â•â•â•â•â•â•â•â•â•â•â•â•â•â•â•â•â•â•â•â•â•â•â•â•â•â•â•â•â•â•â•â•â•â•â•â•â•â•â•â•â•â•â•â•â•â•â•—
2026-02-06 14:34:05.233  9182-9182  UninstallFlowActivity   com.cdccreditsmart.app               I  â•‘     FLUXO DE DESINSTALAÃ‡ÃƒO SEGURA - CREDIT SMART          â•‘
2026-02-06 14:34:05.233  9182-9182  UninstallFlowActivity   com.cdccreditsmart.app               I  â•šâ•â•â•â•â•â•â•â•â•â•â•â•â•â•â•â•â•â•â•â•â•â•â•â•â•â•â•â•â•â•â•â•â•â•â•â•â•â•â•â•â•â•â•â•â•â•â•â•â•â•â•â•â•â•â•â•â•â•â•â•â•
2026-02-06 14:34:05.233  9182-9182  UninstallFlowActivity   com.cdccreditsmart.app               I  
2026-02-06 14:34:05.233  9182-9182  UninstallFlowActivity   com.cdccreditsmart.app               I  Tipo de desinstalaÃ§Ã£o: not_activated
2026-02-06 14:34:05.233  9182-9182  UninstallFlowActivity   com.cdccreditsmart.app               I  DiÃ¡logo jÃ¡ lanÃ§ado: false
2026-02-06 14:34:05.233  9182-9182  UninstallFlowActivity   com.cdccreditsmart.app               I  JÃ¡ foi pausado: false
2026-02-06 14:34:05.233  9182-9182  SettingsGuardService    com.cdccreditsmart.app               I  ğŸ—‘ï¸ Guard PAUSADO para desinstalaÃ§Ã£o voluntÃ¡ria
2026-02-06 14:34:05.233  9182-9182  SettingsGuardService    com.cdccreditsmart.app               I     ProteÃ§Ã£o desativada - usuÃ¡rio pode desinstalar
2026-02-06 14:34:05.233  9182-9182  SettingsGuardService    com.cdccreditsmart.app               I     Timeout: 120s para auto-recuperaÃ§Ã£o
2026-02-06 14:34:05.233  9182-9182  UninstallFlowActivity   com.cdccreditsmart.app               I  â¸ï¸ SettingsGuard pausado para desinstalaÃ§Ã£o
2026-02-06 14:34:05.234  9182-9182  UninstallFlowActivity   com.cdccreditsmart.app               I  
2026-02-06 14:34:05.234  9182-9182  UninstallFlowActivity   com.cdccreditsmart.app               I  [PASSO 1/4] Verificando privilÃ©gios...
2026-02-06 14:34:05.234  9182-9182  UninstallFlowActivity   com.cdccreditsmart.app               I     Device Owner: SIM
2026-02-06 14:34:05.234  9182-9182  UninstallFlowActivity   com.cdccreditsmart.app               I     Device Admin: SIM
2026-02-06 14:34:05.234  9182-9182  UninstallFlowActivity   com.cdccreditsmart.app               I  
2026-02-06 14:34:05.234  9182-9182  UninstallFlowActivity   com.cdccreditsmart.app               I  [PASSO 2/4] Removendo bloqueios de Device Owner...
2026-02-06 14:34:05.245  9182-9182  UninstallFlowActivity   com.cdccreditsmart.app               I     OK: Bloqueio de desinstalaÃ§Ã£o removido
2026-02-06 14:34:05.248  9182-9182  UninstallFlowActivity   com.cdccreditsmart.app               I     OK: User control disabled packages limpo
2026-02-06 14:34:05.248  9182-9182  UninstallFlowActivity   com.cdccreditsmart.app               I  
2026-02-06 14:34:05.248  9182-9182  UninstallFlowActivity   com.cdccreditsmart.app               I  [PASSO 3/4] Removendo Device Owner...
2026-02-06 14:34:05.349  9182-9182  UninstallFlowActivity   com.cdccreditsmart.app               I     OK: Device Owner removido com sucesso
2026-02-06 14:34:05.349  9182-9182  UninstallFlowActivity   com.cdccreditsmart.app               I  
2026-02-06 14:34:05.349  9182-9182  UninstallFlowActivity   com.cdccreditsmart.app               I  [PASSO 4/4] Iniciando desinstalaÃ§Ã£o do sistema...
2026-02-06 14:34:05.349  9182-9182  UninstallFlowActivity   com.cdccreditsmart.app               I  
2026-02-06 14:34:05.383  9182-9182  Activity                com.cdccreditsmart.app               D  onResume setDolbyGameProfilePackage lastPkg =  currentPkg = com.cdccreditsmart.app
2026-02-06 14:34:05.384  9182-9182  UninstallFlowActivity   com.cdccreditsmart.app               D  onResume: Ignorando - diÃ¡logo ainda nÃ£o apareceu (aguardando onPause)
2026-02-06 14:34:05.388  9182-9182  VRI[Uninst...wActivity] com.cdccreditsmart.app               D  hardware acceleration = true, forceHwAccelerated = false
2026-02-06 14:34:05.421  9182-9182  InputEventReceiver      com.cdccreditsmart.app               D  Input log is disabled in InputEventReceiver.
2026-02-06 14:34:05.460  9182-9182  BufferQueueConsumer     com.cdccreditsmart.app               D  [](id:23de00000006,api:0,p:-1,c:9182) connect: controlledByApp=false
2026-02-06 14:34:05.460  9182-9182  BLASTBufferQueue        com.cdccreditsmart.app               D  [VRI[UninstallFlowActivity]#6](f:0,a:0) constructor()
2026-02-06 14:34:05.460  9182-9182  BLASTBufferQueue        com.cdccreditsmart.app               D  [VRI[UninstallFlowActivity]#6](f:0,a:0) update width=1080 height=2400 format=-2 mTransformHint=0
2026-02-06 14:34:05.474  9182-9405  BLASTBufferQueue        com.cdccreditsmart.app               D  [VRI[UninstallFlowActivity]#6](f:0,a:1) acquireNextBufferLocked size=1080x2400 mFrameNumber=1 applyTransaction=true mTimestamp=5769389332266(auto) mPendingTransactions.size=0 graphicBufferId=39436389711896 transform=0
2026-02-06 14:34:05.480  9182-9182  CDCDeviceAdminService   com.cdccreditsmart.app               I  Device Admin Service destroyed
2026-02-06 14:34:05.486  9182-9182  CDCDeviceAdminReceiver  com.cdccreditsmart.app               W  Device Admin disabled
2026-02-06 14:34:05.488  9182-9182  UninstallFlowActivity   com.cdccreditsmart.app               D  onPause: Activity pausada (diÃ¡logo de desinstalaÃ§Ã£o apareceu)
2026-02-06 14:34:05.689  9182-9182  Activity                com.cdccreditsmart.app               D  onResume setDolbyGameProfilePackage lastPkg =  currentPkg = com.cdccreditsmart.app
2026-02-06 14:34:05.689  9182-9182  UninstallFlowActivity   com.cdccreditsmart.app               I  
2026-02-06 14:34:05.689  9182-9182  UninstallFlowActivity   com.cdccreditsmart.app               I  â•”â•â•â•â•â•â•â•â•â•â•â•â•â•â•â•â•â•â•â•â•â•â•â•â•â•â•â•â•â•â•â•â•â•â•â•â•â•â•â•â•â•â•â•â•â•â•â•â•â•â•â•â•â•â•â•â•â•â•â•â•â•—
2026-02-06 14:34:05.689  9182-9182  UninstallFlowActivity   com.cdccreditsmart.app               I  â•‘     RETORNO DO DIÃLOGO DE DESINSTALAÃ‡ÃƒO                   â•‘
2026-02-06 14:34:05.689  9182-9182  UninstallFlowActivity   com.cdccreditsmart.app               I  â•šâ•â•â•â•â•â•â•â•â•â•â•â•â•â•â•â•â•â•â•â•â•â•â•â•â•â•â•â•â•â•â•â•â•â•â•â•â•â•â•â•â•â•â•â•â•â•â•â•â•â•â•â•â•â•â•â•â•â•â•â•â•
2026-02-06 14:34:05.689  9182-9182  UninstallFlowActivity   com.cdccreditsmart.app               I  
2026-02-06 14:34:06.191  9182-9182  UninstallFlowActivity   com.cdccreditsmart.app               W  RESULTADO: UsuÃ¡rio CANCELOU a desinstalaÃ§Ã£o
2026-02-06 14:34:06.192  9182-9182  UninstallFlowActivity   com.cdccreditsmart.app               W  
2026-02-06 14:34:06.192  9182-9182  UninstallFlowActivity   com.cdccreditsmart.app               W  ATENÃ‡ÃƒO: ProteÃ§Ãµes foram removidas e NÃƒO podem ser reaplicadas!
2026-02-06 14:34:06.192  9182-9182  UninstallFlowActivity   com.cdccreditsmart.app               W     O app nÃ£o Ã© mais Device Owner/Admin
2026-02-06 14:34:06.192  9182-9182  UninstallFlowActivity   com.cdccreditsmart.app               W     Para restaurar proteÃ§Ãµes, reprovisionar via:
2026-02-06 14:34:06.192  9182-9182  UninstallFlowActivity   com.cdccreditsmart.app               W       1. Factory reset + QR Code de provisionamento
2026-02-06 14:34:06.192  9182-9182  UninstallFlowActivity   com.cdccreditsmart.app               W       2. ADB: dpm set-device-owner
2026-02-06 14:34:06.192  9182-9182  SettingsGuardService    com.cdccreditsmart.app               I  â–¶ï¸ Guard RETOMADO apÃ³s desinstalaÃ§Ã£o cancelada
2026-02-06 14:34:06.192  9182-9182  UninstallFlowActivity   com.cdccreditsmart.app               I  â–¶ï¸ SettingsGuard retomado
2026-02-06 14:34:06.192  9182-9182  UninstallFlowActivity   com.cdccreditsmart.app               I  â–¶ï¸ SettingsGuard retomado apÃ³s cancelamento
2026-02-06 14:34:06.203  9182-9182  UninstallFlowActivity   com.cdccreditsmart.app               D  onPause: Activity pausada (diÃ¡logo de desinstalaÃ§Ã£o apareceu)
2026-02-06 14:34:06.232  9182-9182  Activity                com.cdccreditsmart.app               D  onResume setDolbyGameProfilePackage lastPkg =  currentPkg = com.cdccreditsmart.app
2026-02-06 14:34:06.262  9182-9182  VRI[Uninst...wActivity] com.cdccreditsmart.app               D  visibilityChanged oldVisibility=true newVisibility=false
2026-02-06 14:34:06.268  9182-9182  WindowOnBackDispatcher  com.cdccreditsmart.app               W  sendCancelIfRunning: isInProgress=false callback=android.app.Activity$$ExternalSyntheticLambda0@1ab6514
2026-02-06 14:34:06.269  9182-9182  UninstallFlowActivity   com.cdccreditsmart.app               I  onDestroy: App ainda instalado apÃ³s tentativa de desinstalaÃ§Ã£o
2026-02-06 14:34:06.272  9182-9405  BLASTBufferQueue        com.cdccreditsmart.app               D  [VRI[UninstallFlowActivity]#6](f:0,a:1) destructor()
2026-02-06 14:34:06.272  9182-9405  BufferQueueConsumer     com.cdccreditsmart.app               D  [VRI[UninstallFlowActivity]#6(BLAST Consumer)6](id:23de00000006,api:0,p:-1,c:9182) disconnect
2026-02-06 14:34:06.274  9182-9182  View                    com.cdccreditsmart.app               D  [Warning] assignParent to null: this = DecorView@c507ce0[UninstallFlowActivity]
2026-02-06 14:34:06.914  9182-9182  VRI[MainActivity]       com.cdccreditsmart.app               D  hardware acceleration = true, forceHwAccelerated = false
2026-02-06 14:34:06.922  9182-9182  InputEventReceiver      com.cdccreditsmart.app               D  Input log is disabled in InputEventReceiver.
2026-02-06 14:34:06.988  9182-9182  BufferQueueConsumer     com.cdccreditsmart.app               D  [](id:23de00000007,api:0,p:-1,c:9182) connect: controlledByApp=false
2026-02-06 14:34:06.988  9182-9182  BLASTBufferQueue        com.cdccreditsmart.app               D  [VRI[MainActivity]#7](f:0,a:0) constructor()
2026-02-06 14:34:06.988  9182-9182  BLASTBufferQueue        com.cdccreditsmart.app               D  [VRI[MainActivity]#7](f:0,a:0) update width=960 height=1302 format=-2 mTransformHint=0
2026-02-06 14:34:07.016  9182-9405  BLASTBufferQueue        com.cdccreditsmart.app               D  [VRI[MainActivity]#7](f:0,a:1) acquireNextBufferLocked size=960x1302 mFrameNumber=1 applyTransaction=true mTimestamp=5770931871036(auto) mPendingTransactions.size=0 graphicBufferId=39436389711903 transform=0
2026-02-06 14:34:07.541  9182-9182  WindowOnBackDispatcher  com.cdccreditsmart.app               W  sendCancelIfRunning: isInProgress=false callback=androidx.activity.OnBackPressedDispatcher$Api34Impl$createOnBackAnimationCallback$1@9cecf27
2026-02-06 14:34:07.557  9182-9405  HWUI                    com.cdccreditsmart.app               D  endAllActiveAnimators on 0xb4000073b5b84bf0 (UnprojectedRipple) with handle 0xb400007265b50330
2026-02-06 14:34:07.557  9182-9182  View                    com.cdccreditsmart.app               D  [Warning] assignParent to null: this = DecorView@899e6a7[MainActivity]
2026-02-06 14:34:07.568  9182-9729  BLASTBufferQueue        com.cdccreditsmart.app               D  [VRI[MainActivity]#7](f:0,a:1) destructor()
2026-02-06 14:34:07.568  9182-9729  BufferQueueConsumer     com.cdccreditsmart.app               D  [VRI[MainActivity]#7(BLAST Consumer)7](id:23de00000007,api:0,p:-1,c:9182) disconnect
2026-02-06 14:34:07.571  9182-9182  VRI[MainActivity]       com.cdccreditsmart.app               D  hardware acceleration = true, forceHwAccelerated = false
2026-02-06 14:34:07.578  9182-9182  InputEventReceiver      com.cdccreditsmart.app               D  Input log is disabled in InputEventReceiver.
2026-02-06 14:34:07.635  9182-9182  BufferQueueConsumer     com.cdccreditsmart.app               D  [](id:23de00000008,api:0,p:-1,c:9182) connect: controlledByApp=false
2026-02-06 14:34:07.635  9182-9182  BLASTBufferQueue        com.cdccreditsmart.app               D  [VRI[MainActivity]#8](f:0,a:0) constructor()
2026-02-06 14:34:07.635  9182-9182  BLASTBufferQueue        com.cdccreditsmart.app               D  [VRI[MainActivity]#8](f:0,a:0) update width=960 height=913 format=-2 mTransformHint=0
2026-02-06 14:34:07.658  9182-9405  BLASTBufferQueue        com.cdccreditsmart.app               D  [VRI[MainActivity]#8](f:0,a:1) acquireNextBufferLocked size=960x913 mFrameNumber=1 applyTransaction=true mTimestamp=5771574707882(auto) mPendingTransactions.size=0 graphicBufferId=39436389711907 transform=0
2026-02-06 14:34:08.190  9182-9182  WindowOnBackDispatcher  com.cdccreditsmart.app               W  sendCancelIfRunning: isInProgress=false callback=androidx.activity.OnBackPressedDispatcher$Api34Impl$createOnBackAnimationCallback$1@bc52cec
2026-02-06 14:34:08.197  9182-9405  HWUI                    com.cdccreditsmart.app               D  endAllActiveAnimators on 0xb4000073b5b78ad0 (UnprojectedRipple) with handle 0xb400007265b51d40
2026-02-06 14:34:08.198  9182-9182  View                    com.cdccreditsmart.app               D  [Warning] assignParent to null: this = DecorView@b281e40[MainActivity]
2026-02-06 14:34:08.198  9182-9182  BLASTBufferQueue        com.cdccreditsmart.app               D  [VRI[MainActivity]#8](f:0,a:1) destructor()
2026-02-06 14:34:08.198  9182-9182  BufferQueueConsumer     com.cdccreditsmart.app               D  [VRI[MainActivity]#8(BLAST Consumer)8](id:23de00000008,api:0,p:-1,c:9182) disconnect
2026-02-06 14:34:08.238  9182-9182  UninstallFlowActivity   com.cdccreditsmart.app               I  
2026-02-06 14:34:08.238  9182-9182  UninstallFlowActivity   com.cdccreditsmart.app               I  â•”â•â•â•â•â•â•â•â•â•â•â•â•â•â•â•â•â•â•â•â•â•â•â•â•â•â•â•â•â•â•â•â•â•â•â•â•â•â•â•â•â•â•â•â•â•â•â•â•â•â•â•â•â•â•â•â•â•â•â•â•â•—
2026-02-06 14:34:08.238  9182-9182  UninstallFlowActivity   com.cdccreditsmart.app               I  â•‘     FLUXO DE DESINSTALAÃ‡ÃƒO SEGURA - CREDIT SMART          â•‘
2026-02-06 14:34:08.238  9182-9182  UninstallFlowActivity   com.cdccreditsmart.app               I  â•šâ•â•â•â•â•â•â•â•â•â•â•â•â•â•â•â•â•â•â•â•â•â•â•â•â•â•â•â•â•â•â•â•â•â•â•â•â•â•â•â•â•â•â•â•â•â•â•â•â•â•â•â•â•â•â•â•â•â•â•â•â•
2026-02-06 14:34:08.238  9182-9182  UninstallFlowActivity   com.cdccreditsmart.app               I  
2026-02-06 14:34:08.238  9182-9182  UninstallFlowActivity   com.cdccreditsmart.app               I  Tipo de desinstalaÃ§Ã£o: not_activated
2026-02-06 14:34:08.238  9182-9182  UninstallFlowActivity   com.cdccreditsmart.app               I  DiÃ¡logo jÃ¡ lanÃ§ado: false
2026-02-06 14:34:08.238  9182-9182  UninstallFlowActivity   com.cdccreditsmart.app               I  JÃ¡ foi pausado: false
2026-02-06 14:34:08.238  9182-9182  SettingsGuardService    com.cdccreditsmart.app               I  ğŸ—‘ï¸ Guard PAUSADO para desinstalaÃ§Ã£o voluntÃ¡ria
2026-02-06 14:34:08.238  9182-9182  SettingsGuardService    com.cdccreditsmart.app               I     ProteÃ§Ã£o desativada - usuÃ¡rio pode desinstalar
2026-02-06 14:34:08.238  9182-9182  SettingsGuardService    com.cdccreditsmart.app               I     Timeout: 120s para auto-recuperaÃ§Ã£o
2026-02-06 14:34:08.238  9182-9182  UninstallFlowActivity   com.cdccreditsmart.app               I  â¸ï¸ SettingsGuard pausado para desinstalaÃ§Ã£o
2026-02-06 14:34:08.240  9182-9182  UninstallFlowActivity   com.cdccreditsmart.app               I  
2026-02-06 14:34:08.240  9182-9182  UninstallFlowActivity   com.cdccreditsmart.app               I  [PASSO 1/4] Verificando privilÃ©gios...
2026-02-06 14:34:08.240  9182-9182  UninstallFlowActivity   com.cdccreditsmart.app               I     Device Owner: NÃƒO
2026-02-06 14:34:08.240  9182-9182  UninstallFlowActivity   com.cdccreditsmart.app               I     Device Admin: NÃƒO
2026-02-06 14:34:08.240  9182-9182  UninstallFlowActivity   com.cdccreditsmart.app               I  
2026-02-06 14:34:08.240  9182-9182  UninstallFlowActivity   com.cdccreditsmart.app               I  [PASSO 2/4] App sem privilÃ©gios especiais
2026-02-06 14:34:08.240  9182-9182  UninstallFlowActivity   com.cdccreditsmart.app               I  [PASSO 3/4] Nenhuma proteÃ§Ã£o a remover
2026-02-06 14:34:08.240  9182-9182  UninstallFlowActivity   com.cdccreditsmart.app               I  
2026-02-06 14:34:08.240  9182-9182  UninstallFlowActivity   com.cdccreditsmart.app               I  [PASSO 4/4] Iniciando desinstalaÃ§Ã£o do sistema...
2026-02-06 14:34:08.240  9182-9182  UninstallFlowActivity   com.cdccreditsmart.app               I  
2026-02-06 14:34:08.263  9182-9182  Activity                com.cdccreditsmart.app               D  onResume setDolbyGameProfilePackage lastPkg =  currentPkg = com.cdccreditsmart.app
2026-02-06 14:34:08.263  9182-9182  UninstallFlowActivity   com.cdccreditsmart.app               D  onResume: Ignorando - diÃ¡logo ainda nÃ£o apareceu (aguardando onPause)
2026-02-06 14:34:08.267  9182-9182  VRI[Uninst...wActivity] com.cdccreditsmart.app               D  hardware acceleration = true, forceHwAccelerated = false
2026-02-06 14:34:08.272  9182-9182  InputEventReceiver      com.cdccreditsmart.app               D  Input log is disabled in InputEventReceiver.
2026-02-06 14:34:08.289  9182-9182  BufferQueueConsumer     com.cdccreditsmart.app               D  [](id:23de00000009,api:0,p:-1,c:9182) connect: controlledByApp=false
2026-02-06 14:34:08.292  9182-9182  BLASTBufferQueue        com.cdccreditsmart.app               D  [VRI[UninstallFlowActivity]#9](f:0,a:0) constructor()
2026-02-06 14:34:08.292  9182-9182  BLASTBufferQueue        com.cdccreditsmart.app               D  [VRI[UninstallFlowActivity]#9](f:0,a:0) update width=1080 height=2400 format=-2 mTransformHint=0
2026-02-06 14:34:08.306  9182-9405  BLASTBufferQueue        com.cdccreditsmart.app               D  [VRI[UninstallFlowActivity]#9](f:0,a:1) acquireNextBufferLocked size=1080x2400 mFrameNumber=1 applyTransaction=true mTimestamp=5772221844882(auto) mPendingTransactions.size=0 graphicBufferId=39436389711908 transform=0
2026-02-06 14:34:08.311  9182-9182  UninstallFlowActivity   com.cdccreditsmart.app               D  onPause: Activity pausada (diÃ¡logo de desinstalaÃ§Ã£o apareceu)
2026-02-06 14:34:08.435  9182-9182  Activity                com.cdccreditsmart.app               D  onResume setDolbyGameProfilePackage lastPkg =  currentPkg = com.cdccreditsmart.app
2026-02-06 14:34:08.436  9182-9182  UninstallFlowActivity   com.cdccreditsmart.app               I  
2026-02-06 14:34:08.436  9182-9182  UninstallFlowActivity   com.cdccreditsmart.app               I  â•”â•â•â•â•â•â•â•â•â•â•â•â•â•â•â•â•â•â•â•â•â•â•â•â•â•â•â•â•â•â•â•â•â•â•â•â•â•â•â•â•â•â•â•â•â•â•â•â•â•â•â•â•â•â•â•â•â•â•â•â•â•—
2026-02-06 14:34:08.436  9182-9182  UninstallFlowActivity   com.cdccreditsmart.app               I  â•‘     RETORNO DO DIÃLOGO DE DESINSTALAÃ‡ÃƒO                   â•‘
2026-02-06 14:34:08.436  9182-9182  UninstallFlowActivity   com.cdccreditsmart.app               I  â•šâ•â•â•â•â•â•â•â•â•â•â•â•â•â•â•â•â•â•â•â•â•â•â•â•â•â•â•â•â•â•â•â•â•â•â•â•â•â•â•â•â•â•â•â•â•â•â•â•â•â•â•â•â•â•â•â•â•â•â•â•â•
2026-02-06 14:34:08.436  9182-9182  UninstallFlowActivity   com.cdccreditsmart.app               I  
2026-02-06 14:34:08.936  9182-9182  UninstallFlowActivity   com.cdccreditsmart.app               W  RESULTADO: UsuÃ¡rio CANCELOU a desinstalaÃ§Ã£o
2026-02-06 14:34:08.937  9182-9182  UninstallFlowActivity   com.cdccreditsmart.app               W  
2026-02-06 14:34:08.937  9182-9182  UninstallFlowActivity   com.cdccreditsmart.app               W  ATENÃ‡ÃƒO: ProteÃ§Ãµes foram removidas e NÃƒO podem ser reaplicadas!
2026-02-06 14:34:08.937  9182-9182  UninstallFlowActivity   com.cdccreditsmart.app               W     O app nÃ£o Ã© mais Device Owner/Admin
2026-02-06 14:34:08.937  9182-9182  UninstallFlowActivity   com.cdccreditsmart.app               W     Para restaurar proteÃ§Ãµes, reprovisionar via:
2026-02-06 14:34:08.937  9182-9182  UninstallFlowActivity   com.cdccreditsmart.app               W       1. Factory reset + QR Code de provisionamento
2026-02-06 14:34:08.937  9182-9182  UninstallFlowActivity   com.cdccreditsmart.app               W       2. ADB: dpm set-device-owner
2026-02-06 14:34:08.938  9182-9182  SettingsGuardService    com.cdccreditsmart.app               I  â–¶ï¸ Guard RETOMADO apÃ³s desinstalaÃ§Ã£o cancelada
2026-02-06 14:34:08.938  9182-9182  UninstallFlowActivity   com.cdccreditsmart.app               I  â–¶ï¸ SettingsGuard retomado
2026-02-06 14:34:08.938  9182-9182  UninstallFlowActivity   com.cdccreditsmart.app               I  â–¶ï¸ SettingsGuard retomado apÃ³s cancelamento
2026-02-06 14:34:08.947  9182-9182  UninstallFlowActivity   com.cdccreditsmart.app               D  onPause: Activity pausada (diÃ¡logo de desinstalaÃ§Ã£o apareceu)
2026-02-06 14:34:08.970  9182-9182  Activity                com.cdccreditsmart.app               D  onResume setDolbyGameProfilePackage lastPkg =  currentPkg = com.cdccreditsmart.app
2026-02-06 14:34:08.996  9182-9182  VRI[Uninst...wActivity] com.cdccreditsmart.app               D  visibilityChanged oldVisibility=true newVisibility=false
2026-02-06 14:34:09.006  9182-9182  WindowOnBackDispatcher  com.cdccreditsmart.app               W  sendCancelIfRunning: isInProgress=false callback=android.app.Activity$$ExternalSyntheticLambda0@dedc134
2026-02-06 14:34:09.007  9182-9182  UninstallFlowActivity   com.cdccreditsmart.app               I  onDestroy: App ainda instalado apÃ³s tentativa de desinstalaÃ§Ã£o
2026-02-06 14:34:09.011  9182-9405  BLASTBufferQueue        com.cdccreditsmart.app               D  [VRI[UninstallFlowActivity]#9](f:0,a:1) destructor()
2026-02-06 14:34:09.011  9182-9405  BufferQueueConsumer     com.cdccreditsmart.app               D  [VRI[UninstallFlowActivity]#9(BLAST Consumer)9](id:23de00000009,api:0,p:-1,c:9182) disconnect
