2026-02-04 22:57:19.504 17788-18430 okhttp.OkHttpClient     com.cdccreditsmart.app               I  <-- END HTTP (105-byte body)
2026-02-04 22:57:19.506 17788-17921 MdmCommandReceiver      com.cdccreditsmart.app               I  ðŸ” HTTP Response code: 200
2026-02-04 22:57:19.507 17788-17921 MdmCommandReceiver      com.cdccreditsmart.app               I  ðŸ” HTTP isSuccessful: true
2026-02-04 22:57:19.507 17788-17921 MdmCommandReceiver      com.cdccreditsmart.app               I  ðŸ” Response body deviceId: device_1770256537295_6tq8yq57jwb
2026-02-04 22:57:19.507 17788-17921 MdmCommandReceiver      com.cdccreditsmart.app               I  ðŸ” Response body serialNumber: PSM9JT96
2026-02-04 22:57:19.507 17788-17921 MdmCommandReceiver      com.cdccreditsmart.app               I  ðŸ” Total de comandos: 0
2026-02-04 22:57:19.507 17788-17921 MdmCommandReceiver      com.cdccreditsmart.app               D  âœ… Nenhum comando pendente no servidor
2026-02-04 22:57:19.507 17788-17921 MdmCommandReceiver      com.cdccreditsmart.app               D  ðŸ“Š Fetch duration: 541ms
2026-02-04 22:57:19.914 17788-18387 okhttp.OkHttpClient     com.cdccreditsmart.app               I  <-- 200 https://cdccreditsmart.com/api/apk/device/heartbeat (677ms)
2026-02-04 22:57:19.915 17788-18387 okhttp.OkHttpClient     com.cdccreditsmart.app               I  access-control-allow-credentials: true
2026-02-04 22:57:19.915 17788-18387 okhttp.OkHttpClient     com.cdccreditsmart.app               I  access-control-allow-headers: Origin, X-Requested-With, Content-Type, Accept, Authorization, x-client-key, x-client-token, x-client-secret, cache-control
2026-02-04 22:57:19.915 17788-18387 okhttp.OkHttpClient     com.cdccreditsmart.app               I  access-control-allow-methods: GET, POST, PUT, PATCH, DELETE, OPTIONS
2026-02-04 22:57:19.915 17788-18387 okhttp.OkHttpClient     com.cdccreditsmart.app               I  access-control-allow-origin: *
2026-02-04 22:57:19.915 17788-18387 okhttp.OkHttpClient     com.cdccreditsmart.app               I  access-control-max-age: 86400
2026-02-04 22:57:19.915 17788-18387 okhttp.OkHttpClient     com.cdccreditsmart.app               I  content-length: 327
2026-02-04 22:57:19.915 17788-18387 okhttp.OkHttpClient     com.cdccreditsmart.app               I  content-security-policy: default-src 'self'; script-src 'self' 'unsafe-inline' 'unsafe-eval' https://replit.com; style-src 'self' 'unsafe-inline' https://replit.com; img-src 'self' data: https:; font-src 'self' data: https://replit.com; connect-src 'self';
2026-02-04 22:57:19.916 17788-18387 okhttp.OkHttpClient     com.cdccreditsmart.app               I  content-type: application/json; charset=utf-8
2026-02-04 22:57:19.916 17788-18387 okhttp.OkHttpClient     com.cdccreditsmart.app               I  date: Thu, 05 Feb 2026 01:57:19 GMT
2026-02-04 22:57:19.916 17788-18387 okhttp.OkHttpClient     com.cdccreditsmart.app               I  etag: W/"147-Qy6gwPnK5M+UrTvioMMVEoPSwjs"
2026-02-04 22:57:19.916 17788-18387 okhttp.OkHttpClient     com.cdccreditsmart.app               I  permissions-policy: geolocation=(), microphone=(), camera=()
2026-02-04 22:57:19.916 17788-18387 okhttp.OkHttpClient     com.cdccreditsmart.app               I  referrer-policy: strict-origin-when-cross-origin
2026-02-04 22:57:19.916 17788-18387 okhttp.OkHttpClient     com.cdccreditsmart.app               I  strict-transport-security: max-age=63072000; includeSubDomains
2026-02-04 22:57:19.916 17788-18387 okhttp.OkHttpClient     com.cdccreditsmart.app               I  strict-transport-security: max-age=31536000; includeSubDomains
2026-02-04 22:57:19.916 17788-18387 okhttp.OkHttpClient     com.cdccreditsmart.app               I  x-anti-fraud-protection: active
2026-02-04 22:57:19.916 17788-18387 okhttp.OkHttpClient     com.cdccreditsmart.app               I  x-certificate-pinning-enabled: false
2026-02-04 22:57:19.916 17788-18387 okhttp.OkHttpClient     com.cdccreditsmart.app               I  x-certificate-pinning-status: disabled-for-stability
2026-02-04 22:57:19.916 17788-18387 okhttp.OkHttpClient     com.cdccreditsmart.app               I  x-content-type-options: nosniff
2026-02-04 22:57:19.917 17788-18387 okhttp.OkHttpClient     com.cdccreditsmart.app               I  x-financial-data-protection: enabled
2026-02-04 22:57:19.917 17788-18387 okhttp.OkHttpClient     com.cdccreditsmart.app               I  x-frame-options: DENY
2026-02-04 22:57:19.917 17788-18387 okhttp.OkHttpClient     com.cdccreditsmart.app               I  x-transaction-security-level: maximum
2026-02-04 22:57:19.917 17788-18387 okhttp.OkHttpClient     com.cdccreditsmart.app               I  x-xss-protection: 1; mode=block
2026-02-04 22:57:19.917 17788-18387 okhttp.OkHttpClient     com.cdccreditsmart.app               I  via: 1.1 google
2026-02-04 22:57:19.917 17788-18387 okhttp.OkHttpClient     com.cdccreditsmart.app               I  alt-svc: h3=":443"; ma=2592000,h3-29=":443"; ma=2592000
2026-02-04 22:57:19.918 17788-18387 okhttp.OkHttpClient     com.cdccreditsmart.app               I  {"success":true,"requiresBackendRevalidation":true,"phoneNumbersProcessed":false,"complianceStatus":"OK","expectedBlockLevel":0,"message":"Device compliant","complianceConfig":{"maxComplianceCorrections":3,"correctionWindowMinutes":30,"autoBlockOnLimitReached":true,"enableDetailedTelemetry":true,"telemetryIntervalMinutes":5}}
2026-02-04 22:57:19.918 17788-18387 okhttp.OkHttpClient     com.cdccreditsmart.app               I  <-- END HTTP (327-byte body)
2026-02-04 22:57:19.923 17788-17921 HeartbeatManager        com.cdccreditsmart.app               I  âœ… Heartbeat aceito pelo backend (HTTP 200)
2026-02-04 22:57:19.923 17788-17921 HeartbeatManager        com.cdccreditsmart.app               D  ðŸ“Š Resposta do heartbeat:
2026-02-04 22:57:19.923 17788-17921 HeartbeatManager        com.cdccreditsmart.app               D     success: true
2026-02-04 22:57:19.923 17788-17921 HeartbeatManager        com.cdccreditsmart.app               D     complianceStatus: OK
2026-02-04 22:57:19.923 17788-17921 HeartbeatManager        com.cdccreditsmart.app               D     expectedBlockLevel: 0
2026-02-04 22:57:19.923 17788-17921 HeartbeatManager        com.cdccreditsmart.app               D     requiresBackendRevalidation: true
2026-02-04 22:57:19.923 17788-17921 HeartbeatManager        com.cdccreditsmart.app               W  âš ï¸ Backend exige revalidaÃ§Ã£o de IMEI!
2026-02-04 22:57:19.923 17788-17921 HeartbeatManager        com.cdccreditsmart.app               I  âœ… Dispositivo CONFORME - NÃ­vel 0
2026-02-04 22:57:19.927 17788-17921 HeartbeatManager        com.cdccreditsmart.app               I  ðŸ’¾ Backend confirmou desbloqueio - timestamp salvo
2026-02-04 22:57:22.773 17788-17788 PixPaymentViewModel     com.cdccreditsmart.app               D  Checking payment status for orderId: abc99a44313e4e2cb1537cae131e30e8
2026-02-04 22:57:22.779 17788-18716 PixRetryInterceptor     com.cdccreditsmart.app               D  ðŸŽ¯ PixRetryInterceptor ativado para: https://cdccreditsmart.com/v1/pix/status/abc99a44313e4e2cb1537cae131e30e8
2026-02-04 22:57:22.779 17788-18716 PixRetryInterceptor     com.cdccreditsmart.app               D  âš™ï¸ ConfiguraÃ§Ã£o: MAX_RETRIES=3, TIMEOUT=180s
2026-02-04 22:57:22.779 17788-18716 PixRetryInterceptor     com.cdccreditsmart.app               D  ðŸ“¡ Tentativa 1/3 - Enviando requisiÃ§Ã£o...
2026-02-04 22:57:22.779 17788-18716 okhttp.OkHttpClient     com.cdccreditsmart.app               I  --> GET https://cdccreditsmart.com/v1/pix/status/abc99a44313e4e2cb1537cae131e30e8
2026-02-04 22:57:22.779 17788-18716 okhttp.OkHttpClient     com.cdccreditsmart.app               I  Authorization: Bearer eyJhbGciOiJIUzI1NiIsInR5cCI6IkpXVCJ9.eyJkZXZpY2VJZCI6IjM1MzEwNDkwNjk1MzE5OCIsInNlcmlhbE51bWJlciI6IlpGNTI1R1JDUDgiLCJmaW5nZXJwcmludCI6IjE4YmQ2YWRiMmM2N2RhYzc1NjQ0YWU0ODkzOTc5NTAxOGI5ODVhMmVhMzA3ZDNiNDc2ODBjMGY0YzEzNWIzMTAiLCJ0eXBlIjoiYXBrIiwic2NvcGVzIjpbImRldmljZTpyZWFkIiwiZGV2aWNlOnN5bmMiXSwiaWF0IjoxNzcwMjU2NTc2LCJleHAiOjE4MDE3OTI1NzZ9.z1OCejERI8w-c5cOLPXStdo3QQxizsEp0aF3U_CrYoc
2026-02-04 22:57:22.780 17788-18716 okhttp.OkHttpClient     com.cdccreditsmart.app               I  --> END GET
2026-02-04 22:57:24.005 17788-18716 okhttp.OkHttpClient     com.cdccreditsmart.app               I  <-- 200 https://cdccreditsmart.com/v1/pix/status/abc99a44313e4e2cb1537cae131e30e8 (1225ms)
2026-02-04 22:57:24.005 17788-18716 okhttp.OkHttpClient     com.cdccreditsmart.app               I  access-control-allow-credentials: true
2026-02-04 22:57:24.006 17788-18716 okhttp.OkHttpClient     com.cdccreditsmart.app               I  access-control-allow-headers: Origin, X-Requested-With, Content-Type, Accept, Authorization, x-client-key, x-client-token, x-client-secret, cache-control
2026-02-04 22:57:24.006 17788-18716 okhttp.OkHttpClient     com.cdccreditsmart.app               I  access-control-allow-methods: GET, POST, PUT, PATCH, DELETE, OPTIONS
2026-02-04 22:57:24.006 17788-18716 okhttp.OkHttpClient     com.cdccreditsmart.app               I  access-control-allow-origin: *
2026-02-04 22:57:24.006 17788-18716 okhttp.OkHttpClient     com.cdccreditsmart.app               I  access-control-max-age: 86400
2026-02-04 22:57:24.006 17788-18716 okhttp.OkHttpClient     com.cdccreditsmart.app               I  content-length: 77
2026-02-04 22:57:24.006 17788-18716 okhttp.OkHttpClient     com.cdccreditsmart.app               I  content-security-policy: default-src 'self'; script-src 'self' 'unsafe-inline' 'unsafe-eval' https://replit.com; style-src 'self' 'unsafe-inline' https://replit.com; img-src 'self' data: https:; font-src 'self' data: https://replit.com; connect-src 'self';
2026-02-04 22:57:24.006 17788-18716 okhttp.OkHttpClient     com.cdccreditsmart.app               I  content-type: application/json; charset=utf-8
2026-02-04 22:57:24.006 17788-18716 okhttp.OkHttpClient     com.cdccreditsmart.app               I  date: Thu, 05 Feb 2026 01:57:23 GMT
2026-02-04 22:57:24.007 17788-18716 okhttp.OkHttpClient     com.cdccreditsmart.app               I  etag: W/"4d-ADXI+ws2seLD5otr+KhSVs6Hqno"
2026-02-04 22:57:24.007 17788-18716 okhttp.OkHttpClient     com.cdccreditsmart.app               I  permissions-policy: geolocation=(), microphone=(), camera=()
2026-02-04 22:57:24.007 17788-18716 okhttp.OkHttpClient     com.cdccreditsmart.app               I  referrer-policy: strict-origin-when-cross-origin
2026-02-04 22:57:24.007 17788-18716 okhttp.OkHttpClient     com.cdccreditsmart.app               I  strict-transport-security: max-age=63072000; includeSubDomains
2026-02-04 22:57:24.007 17788-18716 okhttp.OkHttpClient     com.cdccreditsmart.app               I  strict-transport-security: max-age=31536000; includeSubDomains
2026-02-04 22:57:24.007 17788-18716 okhttp.OkHttpClient     com.cdccreditsmart.app               I  x-anti-fraud-protection: active
2026-02-04 22:57:24.007 17788-18716 okhttp.OkHttpClient     com.cdccreditsmart.app               I  x-certificate-pinning-enabled: false
2026-02-04 22:57:24.007 17788-18716 okhttp.OkHttpClient     com.cdccreditsmart.app               I  x-certificate-pinning-status: disabled-for-stability
2026-02-04 22:57:24.008 17788-18716 okhttp.OkHttpClient     com.cdccreditsmart.app               I  x-content-type-options: nosniff
2026-02-04 22:57:24.008 17788-18716 okhttp.OkHttpClient     com.cdccreditsmart.app               I  x-financial-data-protection: enabled
2026-02-04 22:57:24.008 17788-18716 okhttp.OkHttpClient     com.cdccreditsmart.app               I  x-frame-options: DENY
2026-02-04 22:57:24.008 17788-18716 okhttp.OkHttpClient     com.cdccreditsmart.app               I  x-transaction-security-level: maximum
2026-02-04 22:57:24.008 17788-18716 okhttp.OkHttpClient     com.cdccreditsmart.app               I  x-xss-protection: 1; mode=block
2026-02-04 22:57:24.008 17788-18716 okhttp.OkHttpClient     com.cdccreditsmart.app               I  via: 1.1 google
2026-02-04 22:57:24.008 17788-18716 okhttp.OkHttpClient     com.cdccreditsmart.app               I  alt-svc: h3=":443"; ma=2592000,h3-29=":443"; ma=2592000
2026-02-04 22:57:24.010 17788-18716 okhttp.OkHttpClient     com.cdccreditsmart.app               I  {"success":true,"status":"PENDING","paid":false,"source":"database_fallback"}
2026-02-04 22:57:24.010 17788-18716 okhttp.OkHttpClient     com.cdccreditsmart.app               I  <-- END HTTP (77-byte body)
2026-02-04 22:57:24.010 17788-18716 PixRetryInterceptor     com.cdccreditsmart.app               D  ðŸ“¬ Response recebida em 1231ms - Status: 200
2026-02-04 22:57:24.018 17788-17788 PixPaymentViewModel     com.cdccreditsmart.app               D  Payment status: paid=false
2026-02-04 22:57:29.026 17788-17788 PixPaymentViewModel     com.cdccreditsmart.app               D  Checking payment status for orderId: abc99a44313e4e2cb1537cae131e30e8
2026-02-04 22:57:29.032 17788-18716 PixRetryInterceptor     com.cdccreditsmart.app               D  ðŸŽ¯ PixRetryInterceptor ativado para: https://cdccreditsmart.com/v1/pix/status/abc99a44313e4e2cb1537cae131e30e8
2026-02-04 22:57:29.032 17788-18716 PixRetryInterceptor     com.cdccreditsmart.app               D  âš™ï¸ ConfiguraÃ§Ã£o: MAX_RETRIES=3, TIMEOUT=180s
2026-02-04 22:57:29.032 17788-18716 PixRetryInterceptor     com.cdccreditsmart.app               D  ðŸ“¡ Tentativa 1/3 - Enviando requisiÃ§Ã£o...
2026-02-04 22:57:29.032 17788-18716 okhttp.OkHttpClient     com.cdccreditsmart.app               I  --> GET https://cdccreditsmart.com/v1/pix/status/abc99a44313e4e2cb1537cae131e30e8
2026-02-04 22:57:29.033 17788-18716 okhttp.OkHttpClient     com.cdccreditsmart.app               I  Authorization: Bearer eyJhbGciOiJIUzI1NiIsInR5cCI6IkpXVCJ9.eyJkZXZpY2VJZCI6IjM1MzEwNDkwNjk1MzE5OCIsInNlcmlhbE51bWJlciI6IlpGNTI1R1JDUDgiLCJmaW5nZXJwcmludCI6IjE4YmQ2YWRiMmM2N2RhYzc1NjQ0YWU0ODkzOTc5NTAxOGI5ODVhMmVhMzA3ZDNiNDc2ODBjMGY0YzEzNWIzMTAiLCJ0eXBlIjoiYXBrIiwic2NvcGVzIjpbImRldmljZTpyZWFkIiwiZGV2aWNlOnN5bmMiXSwiaWF0IjoxNzcwMjU2NTc2LCJleHAiOjE4MDE3OTI1NzZ9.z1OCejERI8w-c5cOLPXStdo3QQxizsEp0aF3U_CrYoc
2026-02-04 22:57:29.033 17788-18716 okhttp.OkHttpClient     com.cdccreditsmart.app               I  --> END GET
2026-02-04 22:57:29.756 17788-17788 ScrollIdentify          com.cdccreditsmart.app               I  on fling
2026-02-04 22:57:30.352 17788-18716 okhttp.OkHttpClient     com.cdccreditsmart.app               I  <-- 200 https://cdccreditsmart.com/v1/pix/status/abc99a44313e4e2cb1537cae131e30e8 (1318ms)
2026-02-04 22:57:30.352 17788-18716 okhttp.OkHttpClient     com.cdccreditsmart.app               I  access-control-allow-credentials: true
2026-02-04 22:57:30.352 17788-18716 okhttp.OkHttpClient     com.cdccreditsmart.app               I  access-control-allow-headers: Origin, X-Requested-With, Content-Type, Accept, Authorization, x-client-key, x-client-token, x-client-secret, cache-control
2026-02-04 22:57:30.352 17788-18716 okhttp.OkHttpClient     com.cdccreditsmart.app               I  access-control-allow-methods: GET, POST, PUT, PATCH, DELETE, OPTIONS
2026-02-04 22:57:30.352 17788-18716 okhttp.OkHttpClient     com.cdccreditsmart.app               I  access-control-allow-origin: *
2026-02-04 22:57:30.352 17788-18716 okhttp.OkHttpClient     com.cdccreditsmart.app               I  access-control-max-age: 86400
2026-02-04 22:57:30.352 17788-18716 okhttp.OkHttpClient     com.cdccreditsmart.app               I  content-length: 77
2026-02-04 22:57:30.353 17788-18716 okhttp.OkHttpClient     com.cdccreditsmart.app               I  content-security-policy: default-src 'self'; script-src 'self' 'unsafe-inline' 'unsafe-eval' https://replit.com; style-src 'self' 'unsafe-inline' https://replit.com; img-src 'self' data: https:; font-src 'self' data: https://replit.com; connect-src 'self';
2026-02-04 22:57:30.353 17788-18716 okhttp.OkHttpClient     com.cdccreditsmart.app               I  content-type: application/json; charset=utf-8
2026-02-04 22:57:30.353 17788-18716 okhttp.OkHttpClient     com.cdccreditsmart.app               I  date: Thu, 05 Feb 2026 01:57:30 GMT
2026-02-04 22:57:30.353 17788-18716 okhttp.OkHttpClient     com.cdccreditsmart.app               I  etag: W/"4d-ADXI+ws2seLD5otr+KhSVs6Hqno"
2026-02-04 22:57:30.353 17788-18716 okhttp.OkHttpClient     com.cdccreditsmart.app               I  permissions-policy: geolocation=(), microphone=(), camera=()
2026-02-04 22:57:30.353 17788-18716 okhttp.OkHttpClient     com.cdccreditsmart.app               I  referrer-policy: strict-origin-when-cross-origin
2026-02-04 22:57:30.353 17788-18716 okhttp.OkHttpClient     com.cdccreditsmart.app               I  strict-transport-security: max-age=63072000; includeSubDomains
2026-02-04 22:57:30.353 17788-18716 okhttp.OkHttpClient     com.cdccreditsmart.app               I  strict-transport-security: max-age=31536000; includeSubDomains
2026-02-04 22:57:30.353 17788-18716 okhttp.OkHttpClient     com.cdccreditsmart.app               I  x-anti-fraud-protection: active
2026-02-04 22:57:30.353 17788-18716 okhttp.OkHttpClient     com.cdccreditsmart.app               I  x-certificate-pinning-enabled: false
2026-02-04 22:57:30.353 17788-18716 okhttp.OkHttpClient     com.cdccreditsmart.app               I  x-certificate-pinning-status: disabled-for-stability
2026-02-04 22:57:30.353 17788-18716 okhttp.OkHttpClient     com.cdccreditsmart.app               I  x-content-type-options: nosniff
2026-02-04 22:57:30.354 17788-18716 okhttp.OkHttpClient     com.cdccreditsmart.app               I  x-financial-data-protection: enabled
2026-02-04 22:57:30.354 17788-18716 okhttp.OkHttpClient     com.cdccreditsmart.app               I  x-frame-options: DENY
2026-02-04 22:57:30.354 17788-18716 okhttp.OkHttpClient     com.cdccreditsmart.app               I  x-transaction-security-level: maximum
2026-02-04 22:57:30.354 17788-18716 okhttp.OkHttpClient     com.cdccreditsmart.app               I  x-xss-protection: 1; mode=block
2026-02-04 22:57:30.354 17788-18716 okhttp.OkHttpClient     com.cdccreditsmart.app               I  via: 1.1 google
2026-02-04 22:57:30.354 17788-18716 okhttp.OkHttpClient     com.cdccreditsmart.app               I  alt-svc: h3=":443"; ma=2592000,h3-29=":443"; ma=2592000
2026-02-04 22:57:30.357 17788-18716 okhttp.OkHttpClient     com.cdccreditsmart.app               I  {"success":true,"status":"PENDING","paid":false,"source":"database_fallback"}
2026-02-04 22:57:30.357 17788-18716 okhttp.OkHttpClient     com.cdccreditsmart.app               I  <-- END HTTP (77-byte body)
2026-02-04 22:57:30.357 17788-18716 PixRetryInterceptor     com.cdccreditsmart.app               D  ðŸ“¬ Response recebida em 1325ms - Status: 200
2026-02-04 22:57:30.359 17788-17788 PixPaymentViewModel     com.cdccreditsmart.app               D  Payment status: paid=false
2026-02-04 22:57:33.895 17788-17788 ScrollIdentify          com.cdccreditsmart.app               I  on fling
2026-02-04 22:57:33.929 17788-17816 creditsmart.app         com.cdccreditsmart.app               W  Cleared Reference was only reachable from finalizer (only reported once)
2026-02-04 22:57:34.024 17788-17816 creditsmart.app         com.cdccreditsmart.app               I  Background concurrent mark compact GC freed 20MB AllocSpace bytes, 72(2912KB) LOS objects, 58% free, 16MB/40MB, paused 1.414ms,9.584ms total 169.218ms
2026-02-04 22:57:35.363 17788-17788 PixPaymentViewModel     com.cdccreditsmart.app               D  Checking payment status for orderId: abc99a44313e4e2cb1537cae131e30e8
2026-02-04 22:57:35.368 17788-18716 PixRetryInterceptor     com.cdccreditsmart.app               D  ðŸŽ¯ PixRetryInterceptor ativado para: https://cdccreditsmart.com/v1/pix/status/abc99a44313e4e2cb1537cae131e30e8
2026-02-04 22:57:35.368 17788-18716 PixRetryInterceptor     com.cdccreditsmart.app               D  âš™ï¸ ConfiguraÃ§Ã£o: MAX_RETRIES=3, TIMEOUT=180s
2026-02-04 22:57:35.368 17788-18716 PixRetryInterceptor     com.cdccreditsmart.app               D  ðŸ“¡ Tentativa 1/3 - Enviando requisiÃ§Ã£o...
2026-02-04 22:57:35.368 17788-18716 okhttp.OkHttpClient     com.cdccreditsmart.app               I  --> GET https://cdccreditsmart.com/v1/pix/status/abc99a44313e4e2cb1537cae131e30e8
2026-02-04 22:57:35.368 17788-18716 okhttp.OkHttpClient     com.cdccreditsmart.app               I  Authorization: Bearer eyJhbGciOiJIUzI1NiIsInR5cCI6IkpXVCJ9.eyJkZXZpY2VJZCI6IjM1MzEwNDkwNjk1MzE5OCIsInNlcmlhbE51bWJlciI6IlpGNTI1R1JDUDgiLCJmaW5nZXJwcmludCI6IjE4YmQ2YWRiMmM2N2RhYzc1NjQ0YWU0ODkzOTc5NTAxOGI5ODVhMmVhMzA3ZDNiNDc2ODBjMGY0YzEzNWIzMTAiLCJ0eXBlIjoiYXBrIiwic2NvcGVzIjpbImRldmljZTpyZWFkIiwiZGV2aWNlOnN5bmMiXSwiaWF0IjoxNzcwMjU2NTc2LCJleHAiOjE4MDE3OTI1NzZ9.z1OCejERI8w-c5cOLPXStdo3QQxizsEp0aF3U_CrYoc
2026-02-04 22:57:35.368 17788-18716 okhttp.OkHttpClient     com.cdccreditsmart.app               I  --> END GET
2026-02-04 22:57:36.702 17788-18716 okhttp.OkHttpClient     com.cdccreditsmart.app               I  <-- 200 https://cdccreditsmart.com/v1/pix/status/abc99a44313e4e2cb1537cae131e30e8 (1332ms)
2026-02-04 22:57:36.702 17788-18716 okhttp.OkHttpClient     com.cdccreditsmart.app               I  access-control-allow-credentials: true
2026-02-04 22:57:36.702 17788-18716 okhttp.OkHttpClient     com.cdccreditsmart.app               I  access-control-allow-headers: Origin, X-Requested-With, Content-Type, Accept, Authorization, x-client-key, x-client-token, x-client-secret, cache-control
2026-02-04 22:57:36.702 17788-18716 okhttp.OkHttpClient     com.cdccreditsmart.app               I  access-control-allow-methods: GET, POST, PUT, PATCH, DELETE, OPTIONS
2026-02-04 22:57:36.702 17788-18716 okhttp.OkHttpClient     com.cdccreditsmart.app               I  access-control-allow-origin: *
2026-02-04 22:57:36.702 17788-18716 okhttp.OkHttpClient     com.cdccreditsmart.app               I  access-control-max-age: 86400
2026-02-04 22:57:36.702 17788-18716 okhttp.OkHttpClient     com.cdccreditsmart.app               I  content-length: 73
2026-02-04 22:57:36.702 17788-18716 okhttp.OkHttpClient     com.cdccreditsmart.app               I  content-security-policy: default-src 'self'; script-src 'self' 'unsafe-inline' 'unsafe-eval' https://replit.com; style-src 'self' 'unsafe-inline' https://replit.com; img-src 'self' data: https:; font-src 'self' data: https://replit.com; connect-src 'self';
2026-02-04 22:57:36.702 17788-18716 okhttp.OkHttpClient     com.cdccreditsmart.app               I  content-type: application/json; charset=utf-8
2026-02-04 22:57:36.703 17788-18716 okhttp.OkHttpClient     com.cdccreditsmart.app               I  date: Thu, 05 Feb 2026 01:57:36 GMT
2026-02-04 22:57:36.703 17788-18716 okhttp.OkHttpClient     com.cdccreditsmart.app               I  etag: W/"49-WmG2tMWzZHMmUCuB2V/VmNZ5FtM"
2026-02-04 22:57:36.703 17788-18716 okhttp.OkHttpClient     com.cdccreditsmart.app               I  permissions-policy: geolocation=(), microphone=(), camera=()
2026-02-04 22:57:36.703 17788-18716 okhttp.OkHttpClient     com.cdccreditsmart.app               I  referrer-policy: strict-origin-when-cross-origin
2026-02-04 22:57:36.703 17788-18716 okhttp.OkHttpClient     com.cdccreditsmart.app               I  strict-transport-security: max-age=63072000; includeSubDomains
2026-02-04 22:57:36.703 17788-18716 okhttp.OkHttpClient     com.cdccreditsmart.app               I  strict-transport-security: max-age=31536000; includeSubDomains
2026-02-04 22:57:36.703 17788-18716 okhttp.OkHttpClient     com.cdccreditsmart.app               I  x-anti-fraud-protection: active
2026-02-04 22:57:36.703 17788-18716 okhttp.OkHttpClient     com.cdccreditsmart.app               I  x-certificate-pinning-enabled: false
2026-02-04 22:57:36.704 17788-18716 okhttp.OkHttpClient     com.cdccreditsmart.app               I  x-certificate-pinning-status: disabled-for-stability
2026-02-04 22:57:36.704 17788-18716 okhttp.OkHttpClient     com.cdccreditsmart.app               I  x-content-type-options: nosniff
2026-02-04 22:57:36.704 17788-18716 okhttp.OkHttpClient     com.cdccreditsmart.app               I  x-financial-data-protection: enabled
2026-02-04 22:57:36.704 17788-18716 okhttp.OkHttpClient     com.cdccreditsmart.app               I  x-frame-options: DENY
2026-02-04 22:57:36.704 17788-18716 okhttp.OkHttpClient     com.cdccreditsmart.app               I  x-transaction-security-level: maximum
2026-02-04 22:57:36.704 17788-18716 okhttp.OkHttpClient     com.cdccreditsmart.app               I  x-xss-protection: 1; mode=block
2026-02-04 22:57:36.704 17788-18716 okhttp.OkHttpClient     com.cdccreditsmart.app               I  via: 1.1 google
2026-02-04 22:57:36.704 17788-18716 okhttp.OkHttpClient     com.cdccreditsmart.app               I  alt-svc: h3=":443"; ma=2592000,h3-29=":443"; ma=2592000
2026-02-04 22:57:36.706 17788-18716 okhttp.OkHttpClient     com.cdccreditsmart.app               I  {"success":true,"status":"PAID","paid":true,"source":"database_fallback"}
2026-02-04 22:57:36.706 17788-18716 okhttp.OkHttpClient     com.cdccreditsmart.app               I  <-- END HTTP (73-byte body)
2026-02-04 22:57:36.706 17788-18716 PixRetryInterceptor     com.cdccreditsmart.app               D  ðŸ“¬ Response recebida em 1338ms - Status: 200
2026-02-04 22:57:36.709 17788-17788 PixPaymentViewModel     com.cdccreditsmart.app               D  Payment status: paid=true
2026-02-04 22:57:36.710 17788-17788 PixPaymentViewModel     com.cdccreditsmart.app               D  Stopped polling
2026-02-04 22:57:36.710 17788-17788 PixPaymentViewModel     com.cdccreditsmart.app               I  âœ… Payment confirmed!
2026-02-04 22:57:38.755 17788-17788 PixPaymentViewModel     com.cdccreditsmart.app               D  Stopped polling
2026-02-04 22:57:38.787 17788-17788 WindowOnBackDispatcher  com.cdccreditsmart.app               W  sendCancelIfRunning: isInProgress=false callback=androidx.activity.OnBackPressedDispatcher$Api34Impl$createOnBackAnimationCallback$1@af4af06
2026-02-04 22:57:38.803 17788-17788 SimpleHomeViewModel     com.cdccreditsmart.app               I  âœ… Cache vÃ¡lido (42s) - pulando sync
2026-02-04 22:57:38.806 17788-18418 MdmCommandReceiver      com.cdccreditsmart.app               E  âŒ ========================================
2026-02-04 22:57:38.806 17788-18418 MdmCommandReceiver      com.cdccreditsmart.app               E  âŒ WEBSOCKET MDM FALHOU!
2026-02-04 22:57:38.807 17788-18418 MdmCommandReceiver      com.cdccreditsmart.app               E  âŒ ========================================
2026-02-04 22:57:38.808 17788-18418 MdmCommandReceiver      com.cdccreditsmart.app               E  âŒ ReconexÃµes anteriores: 0
2026-02-04 22:57:38.810 17788-18418 MdmCommandReceiver      com.cdccreditsmart.app               E  âŒ Tipo de erro: SocketTimeoutException
2026-02-04 22:57:38.810 17788-18418 MdmCommandReceiver      com.cdccreditsmart.app               E  âŒ Mensagem: sent ping but didn't receive pong within 40000ms (after 0 successful ping/pongs)
2026-02-04 22:57:38.813 17788-18418 MdmCommandReceiver      com.cdccreditsmart.app               E  âŒ Response code: null
2026-02-04 22:57:38.814 17788-18418 MdmCommandReceiver      com.cdccreditsmart.app               E  âŒ Response message: null
2026-02-04 22:57:38.820 17788-18418 NetworkConnectivity     com.cdccreditsmart.app               D  âœ… Conectado via WiFi com internet
2026-02-04 22:57:38.821 17788-18418 MdmCommandReceiver      com.cdccreditsmart.app               W  âš ï¸ Erro de rede (com conexÃ£o): sent ping but didn't receive pong within 40000ms (after 0 successful ping/pongs)
2026-02-04 22:57:38.821 17788-18418 MdmCommandReceiver      com.cdccreditsmart.app               E  âŒ ========================================
2026-02-04 22:57:38.826 17788-18418 MdmCommandReceiver      com.cdccreditsmart.app               D  â³ Polling jÃ¡ estÃ¡ ativo - ignorando chamada duplicada
2026-02-04 22:57:38.826 17788-17921 MdmCommandReceiver      com.cdccreditsmart.app               I  ðŸ”„ ========================================
2026-02-04 22:57:38.826 17788-17921 MdmCommandReceiver      com.cdccreditsmart.app               I  ðŸ”„ AGENDANDO RECONEXÃƒO WEBSOCKET MDM
2026-02-04 22:57:38.826 17788-17921 MdmCommandReceiver      com.cdccreditsmart.app               I  ðŸ”„ ========================================
2026-02-04 22:57:38.827 17788-17921 MdmCommandReceiver      com.cdccreditsmart.app               I  ðŸ”„ Tentativa #1
2026-02-04 22:57:38.827 17788-17921 MdmCommandReceiver      com.cdccreditsmart.app               I  ðŸ”„ Delay: 2s (backoff exponencial)
2026-02-04 22:57:38.828 17788-17921 MdmCommandReceiver      com.cdccreditsmart.app               I  ðŸ”„ MÃ¡ximo delay: 120s
2026-02-04 22:57:38.828 17788-17921 MdmCommandReceiver      com.cdccreditsmart.app               I  ðŸ”„ ========================================
2026-02-04 22:57:38.833 17788-17788 SecureTokenStorage      com.cdccreditsmart.app               D  ðŸ“– Lendo customerName: Marcos Antunes
2026-02-04 22:57:38.835 17788-17788 SecureTokenStorage      com.cdccreditsmart.app               D  ðŸ“– Lendo deviceModel: MOTOROLA Moto G15 Power 128GB Grafite 4G 4GB RAM
2026-02-04 22:57:38.835 17788-17788 ContractCodeStorage     com.cdccreditsmart.app               D  Retrieving contract code from storage
2026-02-04 22:57:39.014 17788-17788 ContractCodeStorage     com.cdccreditsmart.app               D  Storage verification: 7 valid, 0 tampered, 0 missing
2026-02-04 22:57:39.014 17788-17788 ContractCodeStorage     com.cdccreditsmart.app               D  Contract code retrieved successfully
2026-02-04 22:57:39.317 17788-17981 SupportRepository       com.cdccreditsmart.app               D  âœ… Retornando contato do cache local
2026-02-04 22:57:39.317 17788-17788 Choreographer           com.cdccreditsmart.app               I  Skipped 30 frames!  The application may be doing too much work on its main thread.
2026-02-04 22:57:39.529 17788-17788 PixPaymentViewModel     com.cdccreditsmart.app               D  Stopped polling
2026-02-04 22:57:40.831 17788-17981 MdmCommandReceiver      com.cdccreditsmart.app               I  ðŸ”„ Tentando reconectar WebSocket MDM (tentativa #1)...
2026-02-04 22:57:40.841 17788-17981 SecureTokenStorage      com.cdccreditsmart.app               D  âœ… Usando IMEI para MDM: 3531***198
2026-02-04 22:57:40.842 17788-17981 MdmCommandReceiver      com.cdccreditsmart.app               I  ðŸ”— ========================================
2026-02-04 22:57:40.842 17788-17981 MdmCommandReceiver      com.cdccreditsmart.app               I  ðŸ”— INICIANDO CONEXÃƒO WEBSOCKET MDM
2026-02-04 22:57:40.842 17788-17981 MdmCommandReceiver      com.cdccreditsmart.app               I  ðŸ”— ========================================
2026-02-04 22:57:40.842 17788-17981 MdmCommandReceiver      com.cdccreditsmart.app               I  ðŸ”— URL base: wss://cdccreditsmart.com/ws/mdm-policies
2026-02-04 22:57:40.842 17788-17981 MdmCommandReceiver      com.cdccreditsmart.app               I  ðŸ”— JWT Token presente: true
2026-02-04 22:57:40.843 17788-17981 MdmCommandReceiver      com.cdccreditsmart.app               I  ðŸ”— JWT Token length: 381
2026-02-04 22:57:40.843 17788-17981 MdmCommandReceiver      com.cdccreditsmart.app               I  ðŸ”— JWT Token preview: eyJhbGciOiJIUzI1NiIsInR5cCI6Ik...
2026-02-04 22:57:40.844 17788-17981 MdmCommandReceiver      com.cdccreditsmart.app               I  ðŸ”— Device identifier: 353104906953198
2026-02-04 22:57:40.849 17788-17981 MdmCommandReceiver      com.cdccreditsmart.app               D  ðŸ”— Criando WebSocket OkHttp...
2026-02-04 22:57:40.849 17788-17981 MdmCommandReceiver      com.cdccreditsmart.app               I  ðŸ”„ Iniciando polling IMEDIATAMENTE (nÃ£o esperar WebSocket)
2026-02-04 22:57:40.849 17788-17981 MdmCommandReceiver      com.cdccreditsmart.app               D  â³ Polling jÃ¡ estÃ¡ ativo - ignorando chamada duplicada
2026-02-04 22:57:40.855 17788-17981 MdmCommandReceiver      com.cdccreditsmart.app               D  ðŸ”— WebSocket request enviado - aguardando resposta...
2026-02-04 22:57:41.370 17788-18747 MdmCommandReceiver      com.cdccreditsmart.app               I  âœ… WebSocket MDM CONECTADO COM SUCESSO!
2026-02-04 22:57:41.370 17788-18747 MdmCommandReceiver      com.cdccreditsmart.app               D  âœ… Response code: 101
2026-02-04 22:57:41.370 17788-17981 MdmCommandReceiver      com.cdccreditsmart.app               D  â° Watchdog cancelado (conexÃ£o resolvida)
2026-02-04 22:57:41.370 17788-18747 MdmCommandReceiver      com.cdccreditsmart.app               I  ðŸ” Enviando autenticaÃ§Ã£o WebSocket imediatamente (v2.5)...
2026-02-04 22:57:41.378 17788-18747 SecureTokenStorage      com.cdccreditsmart.app               D  âœ… Usando IMEI para MDM: 3531***198
2026-02-04 22:57:41.384 17788-18747 MdmCommandReceiver      com.cdccreditsmart.app               I  ðŸ” ========================================
2026-02-04 22:57:41.385 17788-18747 MdmCommandReceiver      com.cdccreditsmart.app               I  ðŸ” ENVIANDO AUTENTICAÃ‡ÃƒO WEBSOCKET
2026-02-04 22:57:41.385 17788-18747 MdmCommandReceiver      com.cdccreditsmart.app               I  ðŸ” ========================================
2026-02-04 22:57:41.385 17788-18747 MdmCommandReceiver      com.cdccreditsmart.app               I  ðŸ” serialNumber (contractCode): PSM9JT96
2026-02-04 22:57:41.385 17788-18747 MdmCommandReceiver      com.cdccreditsmart.app               I  ðŸ” deviceToken: eyJhbGciOiJIUzI1NiIs...
2026-02-04 22:57:41.385 17788-18747 MdmCommandReceiver      com.cdccreditsmart.app               I  ðŸ” deviceFingerprint: N/A...
2026-02-04 22:57:41.385 17788-18747 MdmCommandReceiver      com.cdccreditsmart.app               I  ðŸ” imei: 3531***
2026-02-04 22:57:41.386 17788-18747 MdmCommandReceiver      com.cdccreditsmart.app               I  ðŸ” androidId: 46cfde82...
2026-02-04 22:57:41.386 17788-18747 MdmCommandReceiver      com.cdccreditsmart.app               I  ðŸ” apkVersion: 1.0.0-debug
2026-02-04 22:57:41.386 17788-18747 MdmCommandReceiver      com.cdccreditsmart.app               I  âœ… Mensagem de autenticaÃ§Ã£o enviada com sucesso (7 campos)
2026-02-04 22:57:41.388 17788-18747 MdmCommandReceiver      com.cdccreditsmart.app               D  â³ Polling jÃ¡ estÃ¡ ativo - ignorando chamada duplicada
2026-02-04 22:57:41.388 17788-17981 MdmCommandReceiver      com.cdccreditsmart.app               I  ðŸ’“ Iniciando ping manual JSON (intervalo: 40s)
2026-02-04 22:57:41.388 17788-18747 MdmCommandReceiver      com.cdccreditsmart.app               D  ðŸ“¥ Mensagem MDM recebida: {"type":"welcome","message":"Connected to unified WebSocket server","connectionId":"fdc274a7-002d-4c48-a1f7-018f732a072b","path":"/ws/mdm-policies","routerKey":"mdm-policies","timestamp":"2026-02-05T01:57:41.262Z","serverTime":"2026-02-05T01:57:41.262Z"}
2026-02-04 22:57:41.389 17788-17981 MdmCommandReceiver      com.cdccreditsmart.app               D  ðŸ“¥ JSON recebido: {"type":"welcome","message":"Connected to unified WebSocket server","connectionId":"fdc274a7-002d-4c48-a1f7-018f732a072b","path":"/ws/mdm-policies","routerKey":"mdm-policies","timestamp":"2026-02-05T01:57:41.262Z","serverTime":"2026-02-05T01:57:41.262Z"}
2026-02-04 22:57:41.390 17788-18747 MdmCommandReceiver      com.cdccreditsmart.app               D  ðŸ“¥ Mensagem MDM recebida: {"type":"auth_error","message":"Serial number or device fingerprint required for MDM connections","timestamp":"2026-02-05T01:57:41.262Z"}
2026-02-04 22:57:41.391 17788-18747 MdmCommandReceiver      com.cdccreditsmart.app               W  âš ï¸ WebSocket MDM fechando (code=4001)
2026-02-04 22:57:41.392 17788-17981 MdmCommandReceiver      com.cdccreditsmart.app               D  ðŸ“¨ Tipo de mensagem: welcome
2026-02-04 22:57:41.392 17788-17921 MdmCommandReceiver      com.cdccreditsmart.app               D  ðŸ“¥ JSON recebido: {"type":"auth_error","message":"Serial number or device fingerprint required for MDM connections","timestamp":"2026-02-05T01:57:41.262Z"}
2026-02-04 22:57:41.392 17788-17981 MdmCommandReceiver      com.cdccreditsmart.app               D  ðŸ‘‹ Mensagem de boas-vindas do servidor
2026-02-04 22:57:41.393 17788-17921 MdmCommandReceiver      com.cdccreditsmart.app               D  ðŸ“¨ Tipo de mensagem: auth_error
2026-02-04 22:57:41.393 17788-17921 MdmCommandReceiver      com.cdccreditsmart.app               E  âŒ ========================================
2026-02-04 22:57:41.393 17788-17921 MdmCommandReceiver      com.cdccreditsmart.app               E  âŒ ERRO DE AUTENTICAÃ‡ÃƒO WEBSOCKET!
2026-02-04 22:57:41.393 17788-17921 MdmCommandReceiver      com.cdccreditsmart.app               E  âŒ ========================================
2026-02-04 22:57:41.393 17788-17921 MdmCommandReceiver      com.cdccreditsmart.app               E  âŒ Erro: Serial number or device fingerprint required for MDM connections
2026-02-04 22:57:41.394 17788-17921 MdmCommandReceiver      com.cdccreditsmart.app               E  âŒ CÃ³digo: 
2026-02-04 22:57:43.455 17788-17788 ScrollIdentify          com.cdccreditsmart.app               I  on fling
2026-02-04 22:57:44.144 17788-17788 ScrollIdentify          com.cdccreditsmart.app               I  on fling
2026-02-04 22:57:44.927 17788-17788 ScrollIdentify          com.cdccreditsmart.app               I  on fling
2026-02-04 22:57:46.386 17788-17788 ScrollIdentify          com.cdccreditsmart.app               I  on fling
2026-02-04 22:57:48.230 17788-17788 WebSocketManager        com.cdccreditsmart.app               D  Heartbeat ping sent
2026-02-04 22:57:48.430 17788-17788 WebSocketManager        com.cdccreditsmart.app               D  Heartbeat ping sent
2026-02-04 22:57:48.431 17788-18413 WebSocketManager        com.cdccreditsmart.app               D  Message received: {"type":"pong","timestamp":"2026-02-05T01:57:48.332Z"}...
2026-02-04 22:57:48.431 17788-18413 WebSocketManager        com.cdccreditsmart.app               D  Received message type: pong
2026-02-04 22:57:48.431 17788-18413 WebSocketManager        com.cdccreditsmart.app               D  Pong received
2026-02-04 22:57:48.624 17788-18413 WebSocketManager        com.cdccreditsmart.app               D  Message received: {"type":"pong","timestamp":"2026-02-05T01:57:48.526Z"}...
2026-02-04 22:57:48.624 17788-18413 WebSocketManager        com.cdccreditsmart.app               D  Received message type: pong
2026-02-04 22:57:48.624 17788-18413 WebSocketManager        com.cdccreditsmart.app               D  Pong received
2026-02-04 22:57:48.828 17788-17788 WebSocketManager        com.cdccreditsmart.app               D  Heartbeat ping sent
2026-02-04 22:57:48.960 17788-17921 MdmCommandReceiver      com.cdccreditsmart.app               I  ðŸ” [Polling #4] Verificando comandos pendentes...
2026-02-04 22:57:48.962 17788-17921 SecureTokenStorage      com.cdccreditsmart.app               D  âœ… Usando IMEI para MDM: 3531***198
2026-02-04 22:57:48.962 17788-17921 MdmCommandReceiver      com.cdccreditsmart.app               I  ðŸ” ========================================
2026-02-04 22:57:48.962 17788-17921 MdmCommandReceiver      com.cdccreditsmart.app               I  ðŸ” BUSCANDO COMANDOS PENDENTES
2026-02-04 22:57:48.962 17788-17921 MdmCommandReceiver      com.cdccreditsmart.app               I  ðŸ” ========================================
2026-02-04 22:57:48.962 17788-17921 MdmCommandReceiver      com.cdccreditsmart.app               I  ðŸ” Identifier: 353104906953198
2026-02-04 22:57:48.962 17788-17921 MdmCommandReceiver      com.cdccreditsmart.app               I  ðŸ” Endpoint: GET /api/apk/device/353104906953198/commands
2026-02-04 22:57:48.964 17788-17921 MdmCommandReceiver      com.cdccreditsmart.app               D  ðŸ” Executando requisiÃ§Ã£o HTTP (timeout: 15s)...
2026-02-04 22:57:48.969 17788-18387 okhttp.OkHttpClient     com.cdccreditsmart.app               I  --> GET https://cdccreditsmart.com/api/apk/device/353104906953198/commands
2026-02-04 22:57:48.969 17788-18387 okhttp.OkHttpClient     com.cdccreditsmart.app               I  --> END GET
2026-02-04 22:57:49.017 17788-17788 WebSocketManager        com.cdccreditsmart.app               D  Heartbeat ping sent
2026-02-04 22:57:49.021 17788-18427 WebSocketManager        com.cdccreditsmart.app               D  Message received: {"type":"pong","timestamp":"2026-02-05T01:57:48.922Z"}...
2026-02-04 22:57:49.021 17788-18427 WebSocketManager        com.cdccreditsmart.app               D  Received message type: pong
2026-02-04 22:57:49.021 17788-18427 WebSocketManager        com.cdccreditsmart.app               D  Pong received
2026-02-04 22:57:49.220 17788-18427 WebSocketManager        com.cdccreditsmart.app               D  Message received: {"type":"pong","timestamp":"2026-02-05T01:57:49.111Z"}...
2026-02-04 22:57:49.220 17788-18427 WebSocketManager        com.cdccreditsmart.app               D  Received message type: pong
2026-02-04 22:57:49.220 17788-18427 WebSocketManager        com.cdccreditsmart.app               D  Pong received
2026-02-04 22:57:49.508 17788-18387 okhttp.OkHttpClient     com.cdccreditsmart.app               I  <-- 200 https://cdccreditsmart.com/api/apk/device/353104906953198/commands (538ms)
2026-02-04 22:57:49.508 17788-18387 okhttp.OkHttpClient     com.cdccreditsmart.app               I  access-control-allow-credentials: true
2026-02-04 22:57:49.509 17788-18387 okhttp.OkHttpClient     com.cdccreditsmart.app               I  access-control-allow-headers: Origin, X-Requested-With, Content-Type, Accept, Authorization, x-client-key, x-client-token, x-client-secret, cache-control
2026-02-04 22:57:49.509 17788-18387 okhttp.OkHttpClient     com.cdccreditsmart.app               I  access-control-allow-methods: GET, POST, PUT, PATCH, DELETE, OPTIONS
2026-02-04 22:57:49.509 17788-18387 okhttp.OkHttpClient     com.cdccreditsmart.app               I  access-control-allow-origin: *
2026-02-04 22:57:49.509 17788-18387 okhttp.OkHttpClient     com.cdccreditsmart.app               I  access-control-max-age: 86400
2026-02-04 22:57:49.509 17788-18387 okhttp.OkHttpClient     com.cdccreditsmart.app               I  content-length: 105
2026-02-04 22:57:49.509 17788-18387 okhttp.OkHttpClient     com.cdccreditsmart.app               I  content-security-policy: default-src 'self'; script-src 'self' 'unsafe-inline' 'unsafe-eval' https://replit.com; style-src 'self' 'unsafe-inline' https://replit.com; img-src 'self' data: https:; font-src 'self' data: https://replit.com; connect-src 'self';
2026-02-04 22:57:49.509 17788-18387 okhttp.OkHttpClient     com.cdccreditsmart.app               I  content-type: application/json; charset=utf-8
2026-02-04 22:57:49.509 17788-18387 okhttp.OkHttpClient     com.cdccreditsmart.app               I  date: Thu, 05 Feb 2026 01:57:49 GMT
2026-02-04 22:57:49.510 17788-18387 okhttp.OkHttpClient     com.cdccreditsmart.app               I  etag: W/"69-er+pLoqllaCDTC2mxwnV4h+rjcU"
2026-02-04 22:57:49.510 17788-18387 okhttp.OkHttpClient     com.cdccreditsmart.app               I  permissions-policy: geolocation=(), microphone=(), camera=()
2026-02-04 22:57:49.510 17788-18387 okhttp.OkHttpClient     com.cdccreditsmart.app               I  referrer-policy: strict-origin-when-cross-origin
2026-02-04 22:57:49.510 17788-18387 okhttp.OkHttpClient     com.cdccreditsmart.app               I  strict-transport-security: max-age=63072000; includeSubDomains
2026-02-04 22:57:49.510 17788-18387 okhttp.OkHttpClient     com.cdccreditsmart.app               I  strict-transport-security: max-age=31536000; includeSubDomains
2026-02-04 22:57:49.510 17788-18387 okhttp.OkHttpClient     com.cdccreditsmart.app               I  x-anti-fraud-protection: active
2026-02-04 22:57:49.510 17788-18387 okhttp.OkHttpClient     com.cdccreditsmart.app               I  x-certificate-pinning-enabled: false
2026-02-04 22:57:49.511 17788-18387 okhttp.OkHttpClient     com.cdccreditsmart.app               I  x-certificate-pinning-status: disabled-for-stability
2026-02-04 22:57:49.511 17788-18387 okhttp.OkHttpClient     com.cdccreditsmart.app               I  x-content-type-options: nosniff
2026-02-04 22:57:49.511 17788-18387 okhttp.OkHttpClient     com.cdccreditsmart.app               I  x-financial-data-protection: enabled
2026-02-04 22:57:49.511 17788-18387 okhttp.OkHttpClient     com.cdccreditsmart.app               I  x-frame-options: DENY
2026-02-04 22:57:49.511 17788-18387 okhttp.OkHttpClient     com.cdccreditsmart.app               I  x-transaction-security-level: maximum
2026-02-04 22:57:49.511 17788-18387 okhttp.OkHttpClient     com.cdccreditsmart.app               I  x-xss-protection: 1; mode=block
2026-02-04 22:57:49.511 17788-18387 okhttp.OkHttpClient     com.cdccreditsmart.app               I  via: 1.1 google
2026-02-04 22:57:49.511 17788-18387 okhttp.OkHttpClient     com.cdccreditsmart.app               I  alt-svc: h3=":443"; ma=2592000,h3-29=":443"; ma=2592000
2026-02-04 22:57:49.513 17788-18387 okhttp.OkHttpClient     com.cdccreditsmart.app               I  {"deviceId":"device_1770256537295_6tq8yq57jwb","serialNumber":"PSM9JT96","commandsCount":0,"commands":[]}
2026-02-04 22:57:49.513 17788-18387 okhttp.OkHttpClient     com.cdccreditsmart.app               I  <-- END HTTP (105-byte body)
2026-02-04 22:57:49.518 17788-17921 MdmCommandReceiver      com.cdccreditsmart.app               I  ðŸ” HTTP Response code: 200
2026-02-04 22:57:49.518 17788-17921 MdmCommandReceiver      com.cdccreditsmart.app               I  ðŸ” HTTP isSuccessful: true
2026-02-04 22:57:49.518 17788-17921 MdmCommandReceiver      com.cdccreditsmart.app               I  ðŸ” Response body deviceId: device_1770256537295_6tq8yq57jwb
2026-02-04 22:57:49.518 17788-17921 MdmCommandReceiver      com.cdccreditsmart.app               I  ðŸ” Response body serialNumber: PSM9JT96
2026-02-04 22:57:49.518 17788-17921 MdmCommandReceiver      com.cdccreditsmart.app               I  ðŸ” Total de comandos: 0
2026-02-04 22:57:49.518 17788-17921 MdmCommandReceiver      com.cdccreditsmart.app               D  âœ… Nenhum comando pendente no servidor
2026-02-04 22:57:49.518 17788-17921 MdmCommandReceiver      com.cdccreditsmart.app               D  ðŸ“Š Fetch duration: 556ms
2026-02-04 22:57:50.265 17788-17788 WindowOnBackDispatcher  com.cdccreditsmart.app               W  sendCancelIfRunning: isInProgress=false callback=androidx.activity.OnBackPressedDispatcher$Api34Impl$createOnBackAnimationCallback$1@af4af06
2026-02-04 22:57:50.305 17788-17921 NetworkConnectivity     com.cdccreditsmart.app               D  âœ… Conectado via WiFi com internet
2026-02-04 22:57:50.306 17788-17921 SupportRepository       com.cdccreditsmart.app               D  âœ… Retornando termos do cache local (vv5.0)
2026-02-04 22:57:50.363 17788-17788 TermsViewModel          com.cdccreditsmart.app               I  âœ… Termos carregados: vv5.0
2026-02-04 22:57:51.425 17788-17788 ScrollIdentify          com.cdccreditsmart.app               I  on fling
2026-02-04 22:57:51.440 17788-17788 WindowOnBackDispatcher  com.cdccreditsmart.app               W  sendCancelIfRunning: isInProgress=false callback=androidx.activity.OnBackPressedDispatcher$Api34Impl$createOnBackAnimationCallback$1@af4af06
2026-02-04 22:57:51.452 17788-17788 SimpleHomeViewModel     com.cdccreditsmart.app               I  âœ… Cache vÃ¡lido (55s) - pulando sync
2026-02-04 22:57:51.473 17788-17788 SecureTokenStorage      com.cdccreditsmart.app               D  ðŸ“– Lendo customerName: Marcos Antunes
2026-02-04 22:57:51.474 17788-17788 SecureTokenStorage      com.cdccreditsmart.app               D  ðŸ“– Lendo deviceModel: MOTOROLA Moto G15 Power 128GB Grafite 4G 4GB RAM
2026-02-04 22:57:51.907 17788-17921 SupportRepository       com.cdccreditsmart.app               D  âœ… Retornando contato do cache local
2026-02-04 22:57:51.961 17788-17815 creditsmart.app         com.cdccreditsmart.app               I  Compiler allocated 4732KB to compile kotlin.Unit com.cdccreditsmart.app.presentation.screens.home.ModernHomeScreenKt.HeroHeaderCard$lambda$0(android.content.Context, java.lang.String, boolean, kotlin.jvm.functions.Function0, com.cdccreditsmart.app.support.SupportContactData, java.lang.String, java.lang.String, kotlin.jvm.functions.Function0, kotlin.jvm.functions.Function0, kotlin.jvm.functions.Function0, androidx.compose.foundation.layout.ColumnScope, androidx.compose.runtime.Composer, int)
2026-02-04 22:57:52.937 17788-17788 ScrollIdentify          com.cdccreditsmart.app               I  on fling
2026-02-04 22:57:53.867 17788-17788 ScrollIdentify          com.cdccreditsmart.app               I  on fling
2026-02-04 22:57:54.275 17788-17788 ScrollIdentify          com.cdccreditsmart.app               I  on fling
2026-02-04 22:58:18.255 17788-17788 WebSocketManager        com.cdccreditsmart.app               D  Heartbeat ping sent
2026-02-04 22:58:18.432 17788-17788 WebSocketManager        com.cdccreditsmart.app               D  Heartbeat ping sent
2026-02-04 22:58:18.475 17788-18413 WebSocketManager        com.cdccreditsmart.app               D  Message received: {"type":"pong","timestamp":"2026-02-05T01:58:18.374Z"}...
2026-02-04 22:58:18.476 17788-18413 WebSocketManager        com.cdccreditsmart.app               D  Received message type: pong
2026-02-04 22:58:18.476 17788-18413 WebSocketManager        com.cdccreditsmart.app               D  Pong received
2026-02-04 22:58:18.631 17788-18413 WebSocketManager        com.cdccreditsmart.app               D  Message received: {"type":"pong","timestamp":"2026-02-05T01:58:18.531Z"}...
2026-02-04 22:58:18.632 17788-18413 WebSocketManager        com.cdccreditsmart.app               D  Received message type: pong
2026-02-04 22:58:18.632 17788-18413 WebSocketManager        com.cdccreditsmart.app               D  Pong received
2026-02-04 22:58:18.829 17788-17788 WebSocketManager        com.cdccreditsmart.app               D  Heartbeat ping sent
2026-02-04 22:58:18.962 17788-17981 MdmCommandReceiver      com.cdccreditsmart.app               I  ðŸ” [Polling #5] Verificando comandos pendentes...
