2026-01-27 20:04:56.397 22335-30042 LauncherIconProtector   com.cdccreditsmart.app               D  âœ… Atalho jÃ¡ existe na home screen
2026-01-27 20:04:56.397 22335-30042 IconProtectionWorker    com.cdccreditsmart.app               I  ğŸ“Š EstatÃ­sticas: Ã­cone restaurado 1 vezes
2026-01-27 20:04:56.397 22335-30042 IconProtectionWorker    com.cdccreditsmart.app               D  âœ… VerificaÃ§Ã£o de Ã­cone concluÃ­da
2026-01-27 20:04:56.403 22335-22462 WM-WorkerWrapper        com.cdccreditsmart.app               I  Worker result SUCCESS for Work [ id=5637a4d1-d410-43ee-8c10-790d988046ac, tags={ com.cdccreditsmart.app.workers.IconProtectionWorker } ]
2026-01-27 20:04:59.236 22335-22335 WebSocketManager        com.cdccreditsmart.app               D  Heartbeat ping sent
2026-01-27 20:04:59.470 22335-27700 WebSocketManager        com.cdccreditsmart.app               D  Message received: {"type":"pong","timestamp":"2026-01-27T23:04:58.792Z"}...
2026-01-27 20:04:59.471 22335-27700 WebSocketManager        com.cdccreditsmart.app               D  Received message type: pong
2026-01-27 20:04:59.471 22335-27700 WebSocketManager        com.cdccreditsmart.app               D  Pong received
2026-01-27 20:05:03.255 22335-22478 MdmCommandReceiver      com.cdccreditsmart.app               I  ğŸ” [Polling #3] Verificando comandos pendentes...
2026-01-27 20:05:03.302 22335-22575 HeartbeatManager        com.cdccreditsmart.app               D  ğŸ’“ Usando authToken (fallback)
2026-01-27 20:05:03.326 22335-22478 SecureTokenStorage      com.cdccreditsmart.app               D  âœ… Usando IMEI para MDM: 8608***718
2026-01-27 20:05:03.326 22335-22478 MdmCommandReceiver      com.cdccreditsmart.app               I  ğŸ” ========================================
2026-01-27 20:05:03.326 22335-22478 MdmCommandReceiver      com.cdccreditsmart.app               I  ğŸ” BUSCANDO COMANDOS PENDENTES
2026-01-27 20:05:03.326 22335-22478 MdmCommandReceiver      com.cdccreditsmart.app               I  ğŸ” ========================================
2026-01-27 20:05:03.327 22335-22478 MdmCommandReceiver      com.cdccreditsmart.app               I  ğŸ” Identifier: 860875074339718
2026-01-27 20:05:03.327 22335-22478 MdmCommandReceiver      com.cdccreditsmart.app               I  ğŸ” Endpoint: GET /api/apk/device/860875074339718/commands
2026-01-27 20:05:03.328 22335-22575 HeartbeatManager        com.cdccreditsmart.app               D  ğŸ’“ Payload do heartbeat:
2026-01-27 20:05:03.331 22335-22575 HeartbeatManager        com.cdccreditsmart.app               D     deviceToken: eyJhbGciOiJIUzI1NiIs...
2026-01-27 20:05:03.331 22335-22575 HeartbeatManager        com.cdccreditsmart.app               D     currentBlockLevel: 0
2026-01-27 20:05:03.331 22335-22575 HeartbeatManager        com.cdccreditsmart.app               D     batteryLevel: 94
2026-01-27 20:05:03.331 22335-22575 HeartbeatManager        com.cdccreditsmart.app               D     isCharging: true
2026-01-27 20:05:03.331 22335-22575 HeartbeatManager        com.cdccreditsmart.app               D     currentSimImei: 860875...
2026-01-27 20:05:03.374 22335-22478 MdmCommandReceiver      com.cdccreditsmart.app               D  ğŸ” Executando requisiÃ§Ã£o HTTP (timeout: 15s)...
2026-01-27 20:05:03.433 22335-27962 okhttp.OkHttpClient     com.cdccreditsmart.app               I  --> GET https://cdccreditsmart.com/api/apk/device/860875074339718/commands
2026-01-27 20:05:03.433 22335-27962 okhttp.OkHttpClient     com.cdccreditsmart.app               I  --> END GET
2026-01-27 20:05:03.441 22335-30105 okhttp.OkHttpClient     com.cdccreditsmart.app               I  --> POST https://cdccreditsmart.com/api/apk/device/heartbeat
2026-01-27 20:05:03.444 22335-30105 okhttp.OkHttpClient     com.cdccreditsmart.app               I  Content-Type: application/json; charset=UTF-8
2026-01-27 20:05:03.444 22335-30105 okhttp.OkHttpClient     com.cdccreditsmart.app               I  Content-Length: 410
2026-01-27 20:05:03.445 22335-30105 okhttp.OkHttpClient     com.cdccreditsmart.app               I  Authorization: Bearer eyJhbGciOiJIUzI1NiIsInR5cCI6IkpXVCJ9.eyJ0eXBlIjoiYXBrIiwiZGV2aWNlSWQiOiJkZXZpY2VfMTc2OTEzNzI4MDI4Ml9sN3NyamVzZzI1IiwiaW1laSI6Ijg2MDg3NTA3NDMzOTcxOCIsInNlcmlhbE51bWJlciI6IlFKM0g0TUtHIiwiaWF0IjoxNzY5NTU1MDMwLCJleHAiOjE3NzczMzEwMzB9.oBDjC6itpg1V4ezHibcIWtyCj30eV36kn3781mY9b2E
2026-01-27 20:05:03.445 22335-30105 okhttp.OkHttpClient     com.cdccreditsmart.app               I  {"deviceToken":"eyJhbGciOiJIUzI1NiIsInR5cCI6IkpXVCJ9.eyJ0eXBlIjoiYXBrIiwiZGV2aWNlSWQiOiJkZXZpY2VfMTc2OTEzNzI4MDI4Ml9sN3NyamVzZzI1IiwiaW1laSI6Ijg2MDg3NTA3NDMzOTcxOCIsInNlcmlhbE51bWJlciI6IlFKM0g0TUtHIiwiaWF0IjoxNzY5NTU1MDMwLCJleHAiOjE3NzczMzEwMzB9.oBDjC6itpg1V4ezHibcIWtyCj30eV36kn3781mY9b2E","currentBlockLevel":0,"batteryLevel":94,"isCharging":true,"currentSimImei":"860875074339718","timestamp":1769555103328}
2026-01-27 20:05:03.446 22335-30105 okhttp.OkHttpClient     com.cdccreditsmart.app               I  --> END POST (410-byte body)
2026-01-27 20:05:04.180 22335-27962 okhttp.OkHttpClient     com.cdccreditsmart.app               I  <-- 200 https://cdccreditsmart.com/api/apk/device/860875074339718/commands (746ms)
2026-01-27 20:05:04.180 22335-27962 okhttp.OkHttpClient     com.cdccreditsmart.app               I  access-control-allow-credentials: true
2026-01-27 20:05:04.180 22335-27962 okhttp.OkHttpClient     com.cdccreditsmart.app               I  access-control-allow-headers: Origin, X-Requested-With, Content-Type, Accept, Authorization, x-client-key, x-client-token, x-client-secret, cache-control
2026-01-27 20:05:04.180 22335-27962 okhttp.OkHttpClient     com.cdccreditsmart.app               I  access-control-allow-methods: GET, POST, PUT, PATCH, DELETE, OPTIONS
2026-01-27 20:05:04.180 22335-27962 okhttp.OkHttpClient     com.cdccreditsmart.app               I  access-control-allow-origin: *
2026-01-27 20:05:04.180 22335-27962 okhttp.OkHttpClient     com.cdccreditsmart.app               I  access-control-max-age: 86400
2026-01-27 20:05:04.180 22335-27962 okhttp.OkHttpClient     com.cdccreditsmart.app               I  content-length: 104
2026-01-27 20:05:04.181 22335-27962 okhttp.OkHttpClient     com.cdccreditsmart.app               I  content-security-policy: default-src 'self'; script-src 'self' 'unsafe-inline' 'unsafe-eval' https://replit.com; style-src 'self' 'unsafe-inline' https://replit.com; img-src 'self' data: https:; font-src 'self' data: https://replit.com; connect-src 'self';
2026-01-27 20:05:04.181 22335-27962 okhttp.OkHttpClient     com.cdccreditsmart.app               I  content-type: application/json; charset=utf-8
2026-01-27 20:05:04.181 22335-27962 okhttp.OkHttpClient     com.cdccreditsmart.app               I  date: Tue, 27 Jan 2026 23:05:03 GMT
2026-01-27 20:05:04.181 22335-27962 okhttp.OkHttpClient     com.cdccreditsmart.app               I  etag: W/"68-1BzkVNqHEsu0XlMenwYbbDRd04w"
2026-01-27 20:05:04.181 22335-27962 okhttp.OkHttpClient     com.cdccreditsmart.app               I  permissions-policy: geolocation=(), microphone=(), camera=()
2026-01-27 20:05:04.181 22335-27962 okhttp.OkHttpClient     com.cdccreditsmart.app               I  referrer-policy: strict-origin-when-cross-origin
2026-01-27 20:05:04.181 22335-27962 okhttp.OkHttpClient     com.cdccreditsmart.app               I  strict-transport-security: max-age=63072000; includeSubDomains
2026-01-27 20:05:04.181 22335-27962 okhttp.OkHttpClient     com.cdccreditsmart.app               I  strict-transport-security: max-age=31536000; includeSubDomains
2026-01-27 20:05:04.181 22335-27962 okhttp.OkHttpClient     com.cdccreditsmart.app               I  x-anti-fraud-protection: active
2026-01-27 20:05:04.181 22335-27962 okhttp.OkHttpClient     com.cdccreditsmart.app               I  x-certificate-pinning-enabled: false
2026-01-27 20:05:04.181 22335-27962 okhttp.OkHttpClient     com.cdccreditsmart.app               I  x-certificate-pinning-status: disabled-for-stability
2026-01-27 20:05:04.181 22335-27962 okhttp.OkHttpClient     com.cdccreditsmart.app               I  x-content-type-options: nosniff
2026-01-27 20:05:04.181 22335-27962 okhttp.OkHttpClient     com.cdccreditsmart.app               I  x-financial-data-protection: enabled
2026-01-27 20:05:04.181 22335-27962 okhttp.OkHttpClient     com.cdccreditsmart.app               I  x-frame-options: DENY
2026-01-27 20:05:04.182 22335-27962 okhttp.OkHttpClient     com.cdccreditsmart.app               I  x-transaction-security-level: maximum
2026-01-27 20:05:04.182 22335-27962 okhttp.OkHttpClient     com.cdccreditsmart.app               I  x-xss-protection: 1; mode=block
2026-01-27 20:05:04.182 22335-27962 okhttp.OkHttpClient     com.cdccreditsmart.app               I  via: 1.1 google
2026-01-27 20:05:04.182 22335-27962 okhttp.OkHttpClient     com.cdccreditsmart.app               I  alt-svc: h3=":443"; ma=2592000,h3-29=":443"; ma=2592000
2026-01-27 20:05:04.183 22335-27962 okhttp.OkHttpClient     com.cdccreditsmart.app               I  {"deviceId":"device_1769137280282_l7srjesg25","serialNumber":"QJ3H4MKG","commandsCount":0,"commands":[]}
2026-01-27 20:05:04.183 22335-27962 okhttp.OkHttpClient     com.cdccreditsmart.app               I  <-- END HTTP (104-byte body)
2026-01-27 20:05:04.195 22335-22575 MdmCommandReceiver      com.cdccreditsmart.app               I  ğŸ” HTTP Response code: 200
2026-01-27 20:05:04.196 22335-22575 MdmCommandReceiver      com.cdccreditsmart.app               I  ğŸ” HTTP isSuccessful: true
2026-01-27 20:05:04.196 22335-22575 MdmCommandReceiver      com.cdccreditsmart.app               I  ğŸ” Response body deviceId: device_1769137280282_l7srjesg25
2026-01-27 20:05:04.196 22335-22575 MdmCommandReceiver      com.cdccreditsmart.app               I  ğŸ” Response body serialNumber: QJ3H4MKG
2026-01-27 20:05:04.196 22335-22575 MdmCommandReceiver      com.cdccreditsmart.app               I  ğŸ” Total de comandos: 0
2026-01-27 20:05:04.196 22335-22575 MdmCommandReceiver      com.cdccreditsmart.app               D  âœ… Nenhum comando pendente no servidor
2026-01-27 20:05:04.196 22335-22575 MdmCommandReceiver      com.cdccreditsmart.app               D  ğŸ“Š Fetch duration: 869ms
2026-01-27 20:05:04.240 22335-30105 okhttp.OkHttpClient     com.cdccreditsmart.app               I  <-- 200 https://cdccreditsmart.com/api/apk/device/heartbeat (794ms)
2026-01-27 20:05:04.241 22335-30105 okhttp.OkHttpClient     com.cdccreditsmart.app               I  access-control-allow-credentials: true
2026-01-27 20:05:04.241 22335-30105 okhttp.OkHttpClient     com.cdccreditsmart.app               I  access-control-allow-headers: Origin, X-Requested-With, Content-Type, Accept, Authorization, x-client-key, x-client-token, x-client-secret, cache-control
2026-01-27 20:05:04.241 22335-30105 okhttp.OkHttpClient     com.cdccreditsmart.app               I  access-control-allow-methods: GET, POST, PUT, PATCH, DELETE, OPTIONS
2026-01-27 20:05:04.241 22335-30105 okhttp.OkHttpClient     com.cdccreditsmart.app               I  access-control-allow-origin: *
2026-01-27 20:05:04.241 22335-30105 okhttp.OkHttpClient     com.cdccreditsmart.app               I  access-control-max-age: 86400
2026-01-27 20:05:04.241 22335-30105 okhttp.OkHttpClient     com.cdccreditsmart.app               I  content-length: 328
2026-01-27 20:05:04.242 22335-30105 okhttp.OkHttpClient     com.cdccreditsmart.app               I  content-security-policy: default-src 'self'; script-src 'self' 'unsafe-inline' 'unsafe-eval' https://replit.com; style-src 'self' 'unsafe-inline' https://replit.com; img-src 'self' data: https:; font-src 'self' data: https://replit.com; connect-src 'self';
2026-01-27 20:05:04.242 22335-30105 okhttp.OkHttpClient     com.cdccreditsmart.app               I  content-type: application/json; charset=utf-8
2026-01-27 20:05:04.242 22335-30105 okhttp.OkHttpClient     com.cdccreditsmart.app               I  date: Tue, 27 Jan 2026 23:05:03 GMT
2026-01-27 20:05:04.242 22335-30105 okhttp.OkHttpClient     com.cdccreditsmart.app               I  etag: W/"148-W5J1oUTiXm4EEqWTCSllQ09Pt1c"
2026-01-27 20:05:04.243 22335-30105 okhttp.OkHttpClient     com.cdccreditsmart.app               I  permissions-policy: geolocation=(), microphone=(), camera=()
2026-01-27 20:05:04.243 22335-30105 okhttp.OkHttpClient     com.cdccreditsmart.app               I  referrer-policy: strict-origin-when-cross-origin
2026-01-27 20:05:04.243 22335-30105 okhttp.OkHttpClient     com.cdccreditsmart.app               I  strict-transport-security: max-age=63072000; includeSubDomains
2026-01-27 20:05:04.243 22335-30105 okhttp.OkHttpClient     com.cdccreditsmart.app               I  strict-transport-security: max-age=31536000; includeSubDomains
2026-01-27 20:05:04.243 22335-30105 okhttp.OkHttpClient     com.cdccreditsmart.app               I  x-anti-fraud-protection: active
2026-01-27 20:05:04.243 22335-30105 okhttp.OkHttpClient     com.cdccreditsmart.app               I  x-certificate-pinning-enabled: false
2026-01-27 20:05:04.243 22335-30105 okhttp.OkHttpClient     com.cdccreditsmart.app               I  x-certificate-pinning-status: disabled-for-stability
2026-01-27 20:05:04.243 22335-30105 okhttp.OkHttpClient     com.cdccreditsmart.app               I  x-content-type-options: nosniff
2026-01-27 20:05:04.243 22335-30105 okhttp.OkHttpClient     com.cdccreditsmart.app               I  x-financial-data-protection: enabled
2026-01-27 20:05:04.243 22335-30105 okhttp.OkHttpClient     com.cdccreditsmart.app               I  x-frame-options: DENY
2026-01-27 20:05:04.244 22335-30105 okhttp.OkHttpClient     com.cdccreditsmart.app               I  x-transaction-security-level: maximum
2026-01-27 20:05:04.244 22335-30105 okhttp.OkHttpClient     com.cdccreditsmart.app               I  x-xss-protection: 1; mode=block
2026-01-27 20:05:04.244 22335-30105 okhttp.OkHttpClient     com.cdccreditsmart.app               I  via: 1.1 google
2026-01-27 20:05:04.244 22335-30105 okhttp.OkHttpClient     com.cdccreditsmart.app               I  alt-svc: h3=":443"; ma=2592000,h3-29=":443"; ma=2592000
2026-01-27 20:05:04.245 22335-30105 okhttp.OkHttpClient     com.cdccreditsmart.app               I  {"success":true,"requiresBackendRevalidation":false,"phoneNumbersProcessed":false,"complianceStatus":"OK","expectedBlockLevel":0,"message":"Device compliant","complianceConfig":{"maxComplianceCorrections":3,"correctionWindowMinutes":30,"autoBlockOnLimitReached":true,"enableDetailedTelemetry":true,"telemetryIntervalMinutes":5}}
2026-01-27 20:05:04.245 22335-30105 okhttp.OkHttpClient     com.cdccreditsmart.app               I  <-- END HTTP (328-byte body)
2026-01-27 20:05:04.266 22335-22575 HeartbeatManager        com.cdccreditsmart.app               I  âœ… Heartbeat aceito pelo backend (HTTP 200)
2026-01-27 20:05:04.267 22335-22575 HeartbeatManager        com.cdccreditsmart.app               D  ğŸ“Š Resposta do heartbeat:
2026-01-27 20:05:04.267 22335-22575 HeartbeatManager        com.cdccreditsmart.app               D     success: true
2026-01-27 20:05:04.267 22335-22575 HeartbeatManager        com.cdccreditsmart.app               D     complianceStatus: OK
2026-01-27 20:05:04.267 22335-22575 HeartbeatManager        com.cdccreditsmart.app               D     expectedBlockLevel: 0
2026-01-27 20:05:04.267 22335-22575 HeartbeatManager        com.cdccreditsmart.app               D     requiresBackendRevalidation: false
2026-01-27 20:05:04.267 22335-22575 HeartbeatManager        com.cdccreditsmart.app               I  âœ… Dispositivo CONFORME - NÃ­vel 0
2026-01-27 20:05:19.451 22335-22575 MdmCommandReceiver      com.cdccreditsmart.app               D  ğŸ’“ Ping JSON enviado (timestamp: 1769555119441)
2026-01-27 20:05:19.754 22335-27699 MdmCommandReceiver      com.cdccreditsmart.app               D  ğŸ“¥ Mensagem MDM recebida: {"type":"pong","timestamp":"2026-01-27T23:05:19.066Z"}
2026-01-27 20:05:19.765 22335-22575 MdmCommandReceiver      com.cdccreditsmart.app               D  ğŸ“¥ JSON recebido: {"type":"pong","timestamp":"2026-01-27T23:05:19.066Z"}
2026-01-27 20:05:19.821 22335-22575 MdmCommandReceiver      com.cdccreditsmart.app               D  ğŸ“¨ Tipo de mensagem: pong
2026-01-27 20:05:19.827 22335-22575 MdmCommandReceiver      com.cdccreditsmart.app               D  ğŸ’“ Pong recebido (latency: N/A)
2026-01-27 20:05:29.277 22335-22335 WebSocketManager        com.cdccreditsmart.app               D  Heartbeat ping sent
2026-01-27 20:05:29.500 22335-27700 WebSocketManager        com.cdccreditsmart.app               D  Message received: {"type":"pong","timestamp":"2026-01-27T23:05:28.813Z"}...
2026-01-27 20:05:29.501 22335-27700 WebSocketManager        com.cdccreditsmart.app               D  Received message type: pong
2026-01-27 20:05:29.501 22335-27700 WebSocketManager        com.cdccreditsmart.app               D  Pong received
2026-01-27 20:05:33.256 22335-22575 MdmCommandReceiver      com.cdccreditsmart.app               I  ğŸ” [Polling #4] Verificando comandos pendentes...
2026-01-27 20:05:33.297 22335-22575 SecureTokenStorage      com.cdccreditsmart.app               D  âœ… Usando IMEI para MDM: 8608***718
2026-01-27 20:05:33.297 22335-22575 MdmCommandReceiver      com.cdccreditsmart.app               I  ğŸ” ========================================
2026-01-27 20:05:33.297 22335-22575 MdmCommandReceiver      com.cdccreditsmart.app               I  ğŸ” BUSCANDO COMANDOS PENDENTES
2026-01-27 20:05:33.297 22335-22575 MdmCommandReceiver      com.cdccreditsmart.app               I  ğŸ” ========================================
2026-01-27 20:05:33.297 22335-22575 MdmCommandReceiver      com.cdccreditsmart.app               I  ğŸ” Identifier: 860875074339718
2026-01-27 20:05:33.297 22335-22575 MdmCommandReceiver      com.cdccreditsmart.app               I  ğŸ” Endpoint: GET /api/apk/device/860875074339718/commands
2026-01-27 20:05:33.316 22335-22575 MdmCommandReceiver      com.cdccreditsmart.app               D  ğŸ” Executando requisiÃ§Ã£o HTTP (timeout: 15s)...
2026-01-27 20:05:33.348 22335-30105 okhttp.OkHttpClient     com.cdccreditsmart.app               I  --> GET https://cdccreditsmart.com/api/apk/device/860875074339718/commands
2026-01-27 20:05:33.348 22335-30105 okhttp.OkHttpClient     com.cdccreditsmart.app               I  --> END GET
2026-01-27 20:05:33.917 22335-30105 okhttp.OkHttpClient     com.cdccreditsmart.app               I  <-- 200 https://cdccreditsmart.com/api/apk/device/860875074339718/commands (567ms)
2026-01-27 20:05:33.917 22335-30105 okhttp.OkHttpClient     com.cdccreditsmart.app               I  access-control-allow-credentials: true
2026-01-27 20:05:33.917 22335-30105 okhttp.OkHttpClient     com.cdccreditsmart.app               I  access-control-allow-headers: Origin, X-Requested-With, Content-Type, Accept, Authorization, x-client-key, x-client-token, x-client-secret, cache-control
2026-01-27 20:05:33.917 22335-30105 okhttp.OkHttpClient     com.cdccreditsmart.app               I  access-control-allow-methods: GET, POST, PUT, PATCH, DELETE, OPTIONS
2026-01-27 20:05:33.917 22335-30105 okhttp.OkHttpClient     com.cdccreditsmart.app               I  access-control-allow-origin: *
2026-01-27 20:05:33.917 22335-30105 okhttp.OkHttpClient     com.cdccreditsmart.app               I  access-control-max-age: 86400
2026-01-27 20:05:33.917 22335-30105 okhttp.OkHttpClient     com.cdccreditsmart.app               I  content-length: 104
2026-01-27 20:05:33.917 22335-30105 okhttp.OkHttpClient     com.cdccreditsmart.app               I  content-security-policy: default-src 'self'; script-src 'self' 'unsafe-inline' 'unsafe-eval' https://replit.com; style-src 'self' 'unsafe-inline' https://replit.com; img-src 'self' data: https:; font-src 'self' data: https://replit.com; connect-src 'self';
2026-01-27 20:05:33.918 22335-30105 okhttp.OkHttpClient     com.cdccreditsmart.app               I  content-type: application/json; charset=utf-8
2026-01-27 20:05:33.918 22335-30105 okhttp.OkHttpClient     com.cdccreditsmart.app               I  date: Tue, 27 Jan 2026 23:05:33 GMT
2026-01-27 20:05:33.918 22335-30105 okhttp.OkHttpClient     com.cdccreditsmart.app               I  etag: W/"68-1BzkVNqHEsu0XlMenwYbbDRd04w"
2026-01-27 20:05:33.918 22335-30105 okhttp.OkHttpClient     com.cdccreditsmart.app               I  permissions-policy: geolocation=(), microphone=(), camera=()
2026-01-27 20:05:33.918 22335-30105 okhttp.OkHttpClient     com.cdccreditsmart.app               I  referrer-policy: strict-origin-when-cross-origin
2026-01-27 20:05:33.918 22335-30105 okhttp.OkHttpClient     com.cdccreditsmart.app               I  strict-transport-security: max-age=63072000; includeSubDomains
2026-01-27 20:05:33.918 22335-30105 okhttp.OkHttpClient     com.cdccreditsmart.app               I  strict-transport-security: max-age=31536000; includeSubDomains
2026-01-27 20:05:33.918 22335-30105 okhttp.OkHttpClient     com.cdccreditsmart.app               I  x-anti-fraud-protection: active
2026-01-27 20:05:33.919 22335-30105 okhttp.OkHttpClient     com.cdccreditsmart.app               I  x-certificate-pinning-enabled: false
2026-01-27 20:05:33.919 22335-30105 okhttp.OkHttpClient     com.cdccreditsmart.app               I  x-certificate-pinning-status: disabled-for-stability
2026-01-27 20:05:33.919 22335-30105 okhttp.OkHttpClient     com.cdccreditsmart.app               I  x-content-type-options: nosniff
2026-01-27 20:05:33.919 22335-30105 okhttp.OkHttpClient     com.cdccreditsmart.app               I  x-financial-data-protection: enabled
2026-01-27 20:05:33.919 22335-30105 okhttp.OkHttpClient     com.cdccreditsmart.app               I  x-frame-options: DENY
2026-01-27 20:05:33.919 22335-30105 okhttp.OkHttpClient     com.cdccreditsmart.app               I  x-transaction-security-level: maximum
2026-01-27 20:05:33.919 22335-30105 okhttp.OkHttpClient     com.cdccreditsmart.app               I  x-xss-protection: 1; mode=block
2026-01-27 20:05:33.919 22335-30105 okhttp.OkHttpClient     com.cdccreditsmart.app               I  via: 1.1 google
2026-01-27 20:05:33.919 22335-30105 okhttp.OkHttpClient     com.cdccreditsmart.app               I  alt-svc: h3=":443"; ma=2592000,h3-29=":443"; ma=2592000
2026-01-27 20:05:33.921 22335-30105 okhttp.OkHttpClient     com.cdccreditsmart.app               I  {"deviceId":"device_1769137280282_l7srjesg25","serialNumber":"QJ3H4MKG","commandsCount":0,"commands":[]}
2026-01-27 20:05:33.921 22335-30105 okhttp.OkHttpClient     com.cdccreditsmart.app               I  <-- END HTTP (104-byte body)
2026-01-27 20:05:33.937 22335-22575 MdmCommandReceiver      com.cdccreditsmart.app               I  ğŸ” HTTP Response code: 200
2026-01-27 20:05:33.937 22335-22575 MdmCommandReceiver      com.cdccreditsmart.app               I  ğŸ” HTTP isSuccessful: true
2026-01-27 20:05:33.937 22335-22575 MdmCommandReceiver      com.cdccreditsmart.app               I  ğŸ” Response body deviceId: device_1769137280282_l7srjesg25
2026-01-27 20:05:33.937 22335-22575 MdmCommandReceiver      com.cdccreditsmart.app               I  ğŸ” Response body serialNumber: QJ3H4MKG
2026-01-27 20:05:33.937 22335-22575 MdmCommandReceiver      com.cdccreditsmart.app               I  ğŸ” Total de comandos: 0
2026-01-27 20:05:33.938 22335-22575 MdmCommandReceiver      com.cdccreditsmart.app               D  âœ… Nenhum comando pendente no servidor
2026-01-27 20:05:33.938 22335-22575 MdmCommandReceiver      com.cdccreditsmart.app               D  ğŸ“Š Fetch duration: 641ms
2026-01-27 20:05:59.279 22335-22335 WebSocketManager        com.cdccreditsmart.app               D  Heartbeat ping sent
2026-01-27 20:05:59.456 22335-22575 MdmCommandReceiver      com.cdccreditsmart.app               D  ğŸ’“ Ping JSON enviado (timestamp: 1769555159455)
2026-01-27 20:06:00.692 22335-27700 WebSocketManager        com.cdccreditsmart.app               D  Message received: {"type":"pong","timestamp":"2026-01-27T23:06:00.014Z"}...
2026-01-27 20:06:00.693 22335-27700 WebSocketManager        com.cdccreditsmart.app               D  Received message type: pong
2026-01-27 20:06:00.693 22335-27700 WebSocketManager        com.cdccreditsmart.app               D  Pong received
2026-01-27 20:06:01.212 22335-22335 MainActivity            com.cdccreditsmart.app               D  ========== NEW INTENT RECEIVED ==========
2026-01-27 20:06:01.273 22335-22481 OpenGLRenderer          com.cdccreditsmart.app               E  Unable to match the desired swap behavior.
2026-01-27 20:06:01.297 22335-30697 mali_gralloc            com.cdccreditsmart.app               D  register: id=335000013af, handle=0xb4000078dc5a53f0, importpid=-1, gRegisteredHandles=0
2026-01-27 20:06:01.304 22335-30697 mali_gralloc            com.cdccreditsmart.app               D  register: id=335000013b0, handle=0xb4000078dc5cfb70, importpid=-1, gRegisteredHandles=1
2026-01-27 20:06:01.349 22335-30697 mali_gralloc            com.cdccreditsmart.app               D  register: id=335000013b1, handle=0xb4000078dc5c0990, importpid=-1, gRegisteredHandles=2
2026-01-27 20:06:01.354 22335-30697 mali_gralloc            com.cdccreditsmart.app               D  register: id=335000013b2, handle=0xb4000078dc5cc690, importpid=-1, gRegisteredHandles=3
2026-01-27 20:06:03.257 22335-22575 MdmCommandReceiver      com.cdccreditsmart.app               I  ğŸ” [Polling #5] Verificando comandos pendentes...
2026-01-27 20:06:03.262 22335-22575 SecureTokenStorage      com.cdccreditsmart.app               D  âœ… Usando IMEI para MDM: 8608***718
2026-01-27 20:06:03.262 22335-22575 MdmCommandReceiver      com.cdccreditsmart.app               I  ğŸ” ========================================
2026-01-27 20:06:03.262 22335-22575 MdmCommandReceiver      com.cdccreditsmart.app               I  ğŸ” BUSCANDO COMANDOS PENDENTES
2026-01-27 20:06:03.262 22335-22575 MdmCommandReceiver      com.cdccreditsmart.app               I  ğŸ” ========================================
2026-01-27 20:06:03.262 22335-22575 MdmCommandReceiver      com.cdccreditsmart.app               I  ğŸ” Identifier: 860875074339718
2026-01-27 20:06:03.262 22335-22575 MdmCommandReceiver      com.cdccreditsmart.app               I  ğŸ” Endpoint: GET /api/apk/device/860875074339718/commands
2026-01-27 20:06:03.263 22335-22575 MdmCommandReceiver      com.cdccreditsmart.app               D  ğŸ” Executando requisiÃ§Ã£o HTTP (timeout: 15s)...
2026-01-27 20:06:03.270 22335-30105 okhttp.OkHttpClient     com.cdccreditsmart.app               I  --> GET https://cdccreditsmart.com/api/apk/device/860875074339718/commands
2026-01-27 20:06:03.270 22335-30105 okhttp.OkHttpClient     com.cdccreditsmart.app               I  --> END GET
2026-01-27 20:06:04.284 22335-22575 HeartbeatManager        com.cdccreditsmart.app               D  ğŸ’“ Usando authToken (fallback)
2026-01-27 20:06:04.292 22335-22575 HeartbeatManager        com.cdccreditsmart.app               D  ğŸ’“ Payload do heartbeat:
2026-01-27 20:06:04.292 22335-22575 HeartbeatManager        com.cdccreditsmart.app               D     deviceToken: eyJhbGciOiJIUzI1NiIs...
2026-01-27 20:06:04.292 22335-22575 HeartbeatManager        com.cdccreditsmart.app               D     currentBlockLevel: 0
2026-01-27 20:06:04.292 22335-22575 HeartbeatManager        com.cdccreditsmart.app               D     batteryLevel: 94
2026-01-27 20:06:04.292 22335-22575 HeartbeatManager        com.cdccreditsmart.app               D     isCharging: true
2026-01-27 20:06:04.292 22335-22575 HeartbeatManager        com.cdccreditsmart.app               D     currentSimImei: 860875...
2026-01-27 20:06:04.300 22335-30722 okhttp.OkHttpClient     com.cdccreditsmart.app               I  --> POST https://cdccreditsmart.com/api/apk/device/heartbeat
2026-01-27 20:06:04.300 22335-30722 okhttp.OkHttpClient     com.cdccreditsmart.app               I  Content-Type: application/json; charset=UTF-8
2026-01-27 20:06:04.300 22335-30722 okhttp.OkHttpClient     com.cdccreditsmart.app               I  Content-Length: 410
2026-01-27 20:06:04.300 22335-30722 okhttp.OkHttpClient     com.cdccreditsmart.app               I  Authorization: Bearer eyJhbGciOiJIUzI1NiIsInR5cCI6IkpXVCJ9.eyJ0eXBlIjoiYXBrIiwiZGV2aWNlSWQiOiJkZXZpY2VfMTc2OTEzNzI4MDI4Ml9sN3NyamVzZzI1IiwiaW1laSI6Ijg2MDg3NTA3NDMzOTcxOCIsInNlcmlhbE51bWJlciI6IlFKM0g0TUtHIiwiaWF0IjoxNzY5NTU1MDMwLCJleHAiOjE3NzczMzEwMzB9.oBDjC6itpg1V4ezHibcIWtyCj30eV36kn3781mY9b2E
2026-01-27 20:06:04.301 22335-30722 okhttp.OkHttpClient     com.cdccreditsmart.app               I  {"deviceToken":"eyJhbGciOiJIUzI1NiIsInR5cCI6IkpXVCJ9.eyJ0eXBlIjoiYXBrIiwiZGV2aWNlSWQiOiJkZXZpY2VfMTc2OTEzNzI4MDI4Ml9sN3NyamVzZzI1IiwiaW1laSI6Ijg2MDg3NTA3NDMzOTcxOCIsInNlcmlhbE51bWJlciI6IlFKM0g0TUtHIiwiaWF0IjoxNzY5NTU1MDMwLCJleHAiOjE3NzczMzEwMzB9.oBDjC6itpg1V4ezHibcIWtyCj30eV36kn3781mY9b2E","currentBlockLevel":0,"batteryLevel":94,"isCharging":true,"currentSimImei":"860875074339718","timestamp":1769555164292}
2026-01-27 20:06:04.301 22335-30722 okhttp.OkHttpClient     com.cdccreditsmart.app               I  --> END POST (410-byte body)
2026-01-27 20:06:04.550 22335-30105 okhttp.OkHttpClient     com.cdccreditsmart.app               I  <-- 200 https://cdccreditsmart.com/api/apk/device/860875074339718/commands (1279ms)
2026-01-27 20:06:04.550 22335-30105 okhttp.OkHttpClient     com.cdccreditsmart.app               I  access-control-allow-credentials: true
2026-01-27 20:06:04.550 22335-30105 okhttp.OkHttpClient     com.cdccreditsmart.app               I  access-control-allow-headers: Origin, X-Requested-With, Content-Type, Accept, Authorization, x-client-key, x-client-token, x-client-secret, cache-control
2026-01-27 20:06:04.550 22335-30105 okhttp.OkHttpClient     com.cdccreditsmart.app               I  access-control-allow-methods: GET, POST, PUT, PATCH, DELETE, OPTIONS
2026-01-27 20:06:04.551 22335-30105 okhttp.OkHttpClient     com.cdccreditsmart.app               I  access-control-allow-origin: *
2026-01-27 20:06:04.551 22335-30105 okhttp.OkHttpClient     com.cdccreditsmart.app               I  access-control-max-age: 86400
2026-01-27 20:06:04.551 22335-30105 okhttp.OkHttpClient     com.cdccreditsmart.app               I  content-length: 104
2026-01-27 20:06:04.551 22335-30105 okhttp.OkHttpClient     com.cdccreditsmart.app               I  content-security-policy: default-src 'self'; script-src 'self' 'unsafe-inline' 'unsafe-eval' https://replit.com; style-src 'self' 'unsafe-inline' https://replit.com; img-src 'self' data: https:; font-src 'self' data: https://replit.com; connect-src 'self';
2026-01-27 20:06:04.551 22335-30105 okhttp.OkHttpClient     com.cdccreditsmart.app               I  content-type: application/json; charset=utf-8
2026-01-27 20:06:04.551 22335-30105 okhttp.OkHttpClient     com.cdccreditsmart.app               I  date: Tue, 27 Jan 2026 23:06:03 GMT
2026-01-27 20:06:04.551 22335-30105 okhttp.OkHttpClient     com.cdccreditsmart.app               I  etag: W/"68-1BzkVNqHEsu0XlMenwYbbDRd04w"
2026-01-27 20:06:04.551 22335-30105 okhttp.OkHttpClient     com.cdccreditsmart.app               I  permissions-policy: geolocation=(), microphone=(), camera=()
2026-01-27 20:06:04.551 22335-30105 okhttp.OkHttpClient     com.cdccreditsmart.app               I  referrer-policy: strict-origin-when-cross-origin
2026-01-27 20:06:04.551 22335-30105 okhttp.OkHttpClient     com.cdccreditsmart.app               I  strict-transport-security: max-age=63072000; includeSubDomains
2026-01-27 20:06:04.551 22335-30105 okhttp.OkHttpClient     com.cdccreditsmart.app               I  strict-transport-security: max-age=31536000; includeSubDomains
2026-01-27 20:06:04.552 22335-30105 okhttp.OkHttpClient     com.cdccreditsmart.app               I  x-anti-fraud-protection: active
2026-01-27 20:06:04.552 22335-30105 okhttp.OkHttpClient     com.cdccreditsmart.app               I  x-certificate-pinning-enabled: false
2026-01-27 20:06:04.552 22335-30105 okhttp.OkHttpClient     com.cdccreditsmart.app               I  x-certificate-pinning-status: disabled-for-stability
2026-01-27 20:06:04.552 22335-30105 okhttp.OkHttpClient     com.cdccreditsmart.app               I  x-content-type-options: nosniff
2026-01-27 20:06:04.552 22335-30105 okhttp.OkHttpClient     com.cdccreditsmart.app               I  x-financial-data-protection: enabled
2026-01-27 20:06:04.552 22335-30105 okhttp.OkHttpClient     com.cdccreditsmart.app               I  x-frame-options: DENY
2026-01-27 20:06:04.552 22335-30105 okhttp.OkHttpClient     com.cdccreditsmart.app               I  x-transaction-security-level: maximum
2026-01-27 20:06:04.552 22335-30105 okhttp.OkHttpClient     com.cdccreditsmart.app               I  x-xss-protection: 1; mode=block
2026-01-27 20:06:04.552 22335-30105 okhttp.OkHttpClient     com.cdccreditsmart.app               I  via: 1.1 google
2026-01-27 20:06:04.552 22335-30105 okhttp.OkHttpClient     com.cdccreditsmart.app               I  alt-svc: h3=":443"; ma=2592000,h3-29=":443"; ma=2592000
2026-01-27 20:06:04.553 22335-30105 okhttp.OkHttpClient     com.cdccreditsmart.app               I  {"deviceId":"device_1769137280282_l7srjesg25","serialNumber":"QJ3H4MKG","commandsCount":0,"commands":[]}
2026-01-27 20:06:04.553 22335-30105 okhttp.OkHttpClient     com.cdccreditsmart.app               I  <-- END HTTP (104-byte body)
2026-01-27 20:06:04.556 22335-22575 MdmCommandReceiver      com.cdccreditsmart.app               I  ğŸ” HTTP Response code: 200
2026-01-27 20:06:04.556 22335-22575 MdmCommandReceiver      com.cdccreditsmart.app               I  ğŸ” HTTP isSuccessful: true
2026-01-27 20:06:04.556 22335-22575 MdmCommandReceiver      com.cdccreditsmart.app               I  ğŸ” Response body deviceId: device_1769137280282_l7srjesg25
2026-01-27 20:06:04.556 22335-22575 MdmCommandReceiver      com.cdccreditsmart.app               I  ğŸ” Response body serialNumber: QJ3H4MKG
2026-01-27 20:06:04.556 22335-22575 MdmCommandReceiver      com.cdccreditsmart.app               I  ğŸ” Total de comandos: 0
2026-01-27 20:06:04.556 22335-22575 MdmCommandReceiver      com.cdccreditsmart.app               D  âœ… Nenhum comando pendente no servidor
2026-01-27 20:06:04.556 22335-22575 MdmCommandReceiver      com.cdccreditsmart.app               D  ğŸ“Š Fetch duration: 1294ms
2026-01-27 20:06:05.028 22335-30722 okhttp.OkHttpClient     com.cdccreditsmart.app               I  <-- 200 https://cdccreditsmart.com/api/apk/device/heartbeat (726ms)
2026-01-27 20:06:05.028 22335-30722 okhttp.OkHttpClient     com.cdccreditsmart.app               I  access-control-allow-credentials: true
2026-01-27 20:06:05.028 22335-30722 okhttp.OkHttpClient     com.cdccreditsmart.app               I  access-control-allow-headers: Origin, X-Requested-With, Content-Type, Accept, Authorization, x-client-key, x-client-token, x-client-secret, cache-control
2026-01-27 20:06:05.028 22335-30722 okhttp.OkHttpClient     com.cdccreditsmart.app               I  access-control-allow-methods: GET, POST, PUT, PATCH, DELETE, OPTIONS
2026-01-27 20:06:05.028 22335-30722 okhttp.OkHttpClient     com.cdccreditsmart.app               I  access-control-allow-origin: *
2026-01-27 20:06:05.028 22335-30722 okhttp.OkHttpClient     com.cdccreditsmart.app               I  access-control-max-age: 86400
2026-01-27 20:06:05.028 22335-30722 okhttp.OkHttpClient     com.cdccreditsmart.app               I  content-length: 328
2026-01-27 20:06:05.028 22335-30722 okhttp.OkHttpClient     com.cdccreditsmart.app               I  content-security-policy: default-src 'self'; script-src 'self' 'unsafe-inline' 'unsafe-eval' https://replit.com; style-src 'self' 'unsafe-inline' https://replit.com; img-src 'self' data: https:; font-src 'self' data: https://replit.com; connect-src 'self';
2026-01-27 20:06:05.029 22335-30722 okhttp.OkHttpClient     com.cdccreditsmart.app               I  content-type: application/json; charset=utf-8
2026-01-27 20:06:05.030 22335-30722 okhttp.OkHttpClient     com.cdccreditsmart.app               I  date: Tue, 27 Jan 2026 23:06:04 GMT
2026-01-27 20:06:05.030 22335-30722 okhttp.OkHttpClient     com.cdccreditsmart.app               I  etag: W/"148-W5J1oUTiXm4EEqWTCSllQ09Pt1c"
2026-01-27 20:06:05.030 22335-30722 okhttp.OkHttpClient     com.cdccreditsmart.app               I  permissions-policy: geolocation=(), microphone=(), camera=()
2026-01-27 20:06:05.030 22335-30722 okhttp.OkHttpClient     com.cdccreditsmart.app               I  referrer-policy: strict-origin-when-cross-origin
2026-01-27 20:06:05.030 22335-30722 okhttp.OkHttpClient     com.cdccreditsmart.app               I  strict-transport-security: max-age=63072000; includeSubDomains
2026-01-27 20:06:05.030 22335-30722 okhttp.OkHttpClient     com.cdccreditsmart.app               I  strict-transport-security: max-age=31536000; includeSubDomains
2026-01-27 20:06:05.030 22335-30722 okhttp.OkHttpClient     com.cdccreditsmart.app               I  x-anti-fraud-protection: active
2026-01-27 20:06:05.030 22335-30722 okhttp.OkHttpClient     com.cdccreditsmart.app               I  x-certificate-pinning-enabled: false
2026-01-27 20:06:05.030 22335-30722 okhttp.OkHttpClient     com.cdccreditsmart.app               I  x-certificate-pinning-status: disabled-for-stability
2026-01-27 20:06:05.030 22335-30722 okhttp.OkHttpClient     com.cdccreditsmart.app               I  x-content-type-options: nosniff
2026-01-27 20:06:05.031 22335-30722 okhttp.OkHttpClient     com.cdccreditsmart.app               I  x-financial-data-protection: enabled
2026-01-27 20:06:05.031 22335-30722 okhttp.OkHttpClient     com.cdccreditsmart.app               I  x-frame-options: DENY
2026-01-27 20:06:05.031 22335-30722 okhttp.OkHttpClient     com.cdccreditsmart.app               I  x-transaction-security-level: maximum
2026-01-27 20:06:05.031 22335-30722 okhttp.OkHttpClient     com.cdccreditsmart.app               I  x-xss-protection: 1; mode=block
2026-01-27 20:06:05.031 22335-30722 okhttp.OkHttpClient     com.cdccreditsmart.app               I  via: 1.1 google
2026-01-27 20:06:05.031 22335-30722 okhttp.OkHttpClient     com.cdccreditsmart.app               I  alt-svc: h3=":443"; ma=2592000,h3-29=":443"; ma=2592000
2026-01-27 20:06:05.032 22335-30722 okhttp.OkHttpClient     com.cdccreditsmart.app               I  {"success":true,"requiresBackendRevalidation":false,"phoneNumbersProcessed":false,"complianceStatus":"OK","expectedBlockLevel":0,"message":"Device compliant","complianceConfig":{"maxComplianceCorrections":3,"correctionWindowMinutes":30,"autoBlockOnLimitReached":true,"enableDetailedTelemetry":true,"telemetryIntervalMinutes":5}}
2026-01-27 20:06:05.032 22335-30722 okhttp.OkHttpClient     com.cdccreditsmart.app               I  <-- END HTTP (328-byte body)
2026-01-27 20:06:05.046 22335-22575 HeartbeatManager        com.cdccreditsmart.app               I  âœ… Heartbeat aceito pelo backend (HTTP 200)
2026-01-27 20:06:05.046 22335-22575 HeartbeatManager        com.cdccreditsmart.app               D  ğŸ“Š Resposta do heartbeat:
2026-01-27 20:06:05.046 22335-22575 HeartbeatManager        com.cdccreditsmart.app               D     success: true
2026-01-27 20:06:05.046 22335-22575 HeartbeatManager        com.cdccreditsmart.app               D     complianceStatus: OK
2026-01-27 20:06:05.047 22335-22575 HeartbeatManager        com.cdccreditsmart.app               D     expectedBlockLevel: 0
2026-01-27 20:06:05.047 22335-22575 HeartbeatManager        com.cdccreditsmart.app               D     requiresBackendRevalidation: false
2026-01-27 20:06:05.047 22335-22575 HeartbeatManager        com.cdccreditsmart.app               I  âœ… Dispositivo CONFORME - NÃ­vel 0
2026-01-27 20:06:08.404 22335-27699 MdmCommandReceiver      com.cdccreditsmart.app               D  ğŸ“¥ Mensagem MDM recebida: {"type":"pong","timestamp":"2026-01-27T23:06:07.726Z"}
2026-01-27 20:06:08.406 22335-22575 MdmCommandReceiver      com.cdccreditsmart.app               D  ğŸ“¥ JSON recebido: {"type":"pong","timestamp":"2026-01-27T23:06:07.726Z"}
2026-01-27 20:06:08.407 22335-22575 MdmCommandReceiver      com.cdccreditsmart.app               D  ğŸ“¨ Tipo de mensagem: pong
2026-01-27 20:06:08.407 22335-22575 MdmCommandReceiver      com.cdccreditsmart.app               D  ğŸ’“ Pong recebido (latency: N/A)
2026-01-27 20:06:29.304 22335-22335 WebSocketManager        com.cdccreditsmart.app               D  Heartbeat ping sent
2026-01-27 20:06:29.582 22335-27700 WebSocketManager        com.cdccreditsmart.app               D  Message received: {"type":"pong","timestamp":"2026-01-27T23:06:28.908Z"}...
2026-01-27 20:06:29.582 22335-27700 WebSocketManager        com.cdccreditsmart.app               D  Received message type: pong
2026-01-27 20:06:29.583 22335-27700 WebSocketManager        com.cdccreditsmart.app               D  Pong received
2026-01-27 20:06:33.260 22335-22575 MdmCommandReceiver      com.cdccreditsmart.app               I  ğŸ” [Polling #6] Verificando comandos pendentes...
2026-01-27 20:06:33.270 22335-22575 SecureTokenStorage      com.cdccreditsmart.app               D  âœ… Usando IMEI para MDM: 8608***718
2026-01-27 20:06:33.270 22335-22575 MdmCommandReceiver      com.cdccreditsmart.app               I  ğŸ” ========================================
2026-01-27 20:06:33.270 22335-22575 MdmCommandReceiver      com.cdccreditsmart.app               I  ğŸ” BUSCANDO COMANDOS PENDENTES
2026-01-27 20:06:33.270 22335-22575 MdmCommandReceiver      com.cdccreditsmart.app               I  ğŸ” ========================================
2026-01-27 20:06:33.270 22335-22575 MdmCommandReceiver      com.cdccreditsmart.app               I  ğŸ” Identifier: 860875074339718
2026-01-27 20:06:33.270 22335-22575 MdmCommandReceiver      com.cdccreditsmart.app               I  ğŸ” Endpoint: GET /api/apk/device/860875074339718/commands
2026-01-27 20:06:33.273 22335-22575 MdmCommandReceiver      com.cdccreditsmart.app               D  ğŸ” Executando requisiÃ§Ã£o HTTP (timeout: 15s)...
2026-01-27 20:06:33.282 22335-30722 okhttp.OkHttpClient     com.cdccreditsmart.app               I  --> GET https://cdccreditsmart.com/api/apk/device/860875074339718/commands
2026-01-27 20:06:33.282 22335-30722 okhttp.OkHttpClient     com.cdccreditsmart.app               I  --> END GET
2026-01-27 20:06:34.060 22335-30722 okhttp.OkHttpClient     com.cdccreditsmart.app               I  <-- 200 https://cdccreditsmart.com/api/apk/device/860875074339718/commands (777ms)
2026-01-27 20:06:34.060 22335-30722 okhttp.OkHttpClient     com.cdccreditsmart.app               I  access-control-allow-credentials: true
2026-01-27 20:06:34.060 22335-30722 okhttp.OkHttpClient     com.cdccreditsmart.app               I  access-control-allow-headers: Origin, X-Requested-With, Content-Type, Accept, Authorization, x-client-key, x-client-token, x-client-secret, cache-control
2026-01-27 20:06:34.060 22335-30722 okhttp.OkHttpClient     com.cdccreditsmart.app               I  access-control-allow-methods: GET, POST, PUT, PATCH, DELETE, OPTIONS
2026-01-27 20:06:34.060 22335-30722 okhttp.OkHttpClient     com.cdccreditsmart.app               I  access-control-allow-origin: *
2026-01-27 20:06:34.060 22335-30722 okhttp.OkHttpClient     com.cdccreditsmart.app               I  access-control-max-age: 86400
2026-01-27 20:06:34.061 22335-30722 okhttp.OkHttpClient     com.cdccreditsmart.app               I  content-length: 104
2026-01-27 20:06:34.061 22335-30722 okhttp.OkHttpClient     com.cdccreditsmart.app               I  content-security-policy: default-src 'self'; script-src 'self' 'unsafe-inline' 'unsafe-eval' https://replit.com; style-src 'self' 'unsafe-inline' https://replit.com; img-src 'self' data: https:; font-src 'self' data: https://replit.com; connect-src 'self';
2026-01-27 20:06:34.061 22335-30722 okhttp.OkHttpClient     com.cdccreditsmart.app               I  content-type: application/json; charset=utf-8
2026-01-27 20:06:34.061 22335-30722 okhttp.OkHttpClient     com.cdccreditsmart.app               I  date: Tue, 27 Jan 2026 23:06:33 GMT
2026-01-27 20:06:34.061 22335-30722 okhttp.OkHttpClient     com.cdccreditsmart.app               I  etag: W/"68-1BzkVNqHEsu0XlMenwYbbDRd04w"
2026-01-27 20:06:34.061 22335-30722 okhttp.OkHttpClient     com.cdccreditsmart.app               I  permissions-policy: geolocation=(), microphone=(), camera=()
2026-01-27 20:06:34.062 22335-30722 okhttp.OkHttpClient     com.cdccreditsmart.app               I  referrer-policy: strict-origin-when-cross-origin
2026-01-27 20:06:34.062 22335-30722 okhttp.OkHttpClient     com.cdccreditsmart.app               I  strict-transport-security: max-age=63072000; includeSubDomains
2026-01-27 20:06:34.062 22335-30722 okhttp.OkHttpClient     com.cdccreditsmart.app               I  strict-transport-security: max-age=31536000; includeSubDomains
2026-01-27 20:06:34.062 22335-30722 okhttp.OkHttpClient     com.cdccreditsmart.app               I  x-anti-fraud-protection: active
2026-01-27 20:06:34.062 22335-30722 okhttp.OkHttpClient     com.cdccreditsmart.app               I  x-certificate-pinning-enabled: false
2026-01-27 20:06:34.062 22335-30722 okhttp.OkHttpClient     com.cdccreditsmart.app               I  x-certificate-pinning-status: disabled-for-stability
2026-01-27 20:06:34.062 22335-30722 okhttp.OkHttpClient     com.cdccreditsmart.app               I  x-content-type-options: nosniff
2026-01-27 20:06:34.063 22335-30722 okhttp.OkHttpClient     com.cdccreditsmart.app               I  x-financial-data-protection: enabled
2026-01-27 20:06:34.063 22335-30722 okhttp.OkHttpClient     com.cdccreditsmart.app               I  x-frame-options: DENY
2026-01-27 20:06:34.063 22335-30722 okhttp.OkHttpClient     com.cdccreditsmart.app               I  x-transaction-security-level: maximum
2026-01-27 20:06:34.063 22335-30722 okhttp.OkHttpClient     com.cdccreditsmart.app               I  x-xss-protection: 1; mode=block
2026-01-27 20:06:34.063 22335-30722 okhttp.OkHttpClient     com.cdccreditsmart.app               I  via: 1.1 google
2026-01-27 20:06:34.063 22335-30722 okhttp.OkHttpClient     com.cdccreditsmart.app               I  alt-svc: h3=":443"; ma=2592000,h3-29=":443"; ma=2592000
2026-01-27 20:06:34.064 22335-30722 okhttp.OkHttpClient     com.cdccreditsmart.app               I  {"deviceId":"device_1769137280282_l7srjesg25","serialNumber":"QJ3H4MKG","commandsCount":0,"commands":[]}
2026-01-27 20:06:34.064 22335-30722 okhttp.OkHttpClient     com.cdccreditsmart.app               I  <-- END HTTP (104-byte body)
2026-01-27 20:06:34.067 22335-22575 MdmCommandReceiver      com.cdccreditsmart.app               I  ğŸ” HTTP Response code: 200
2026-01-27 20:06:34.067 22335-22575 MdmCommandReceiver      com.cdccreditsmart.app               I  ğŸ” HTTP isSuccessful: true
2026-01-27 20:06:34.067 22335-22575 MdmCommandReceiver      com.cdccreditsmart.app               I  ğŸ” Response body deviceId: device_1769137280282_l7srjesg25
2026-01-27 20:06:34.067 22335-22575 MdmCommandReceiver      com.cdccreditsmart.app               I  ğŸ” Response body serialNumber: QJ3H4MKG
2026-01-27 20:06:34.067 22335-22575 MdmCommandReceiver      com.cdccreditsmart.app               I  ğŸ” Total de comandos: 0
2026-01-27 20:06:34.067 22335-22575 MdmCommandReceiver      com.cdccreditsmart.app               D  âœ… Nenhum comando pendente no servidor
2026-01-27 20:06:34.067 22335-22575 MdmCommandReceiver      com.cdccreditsmart.app               D  ğŸ“Š Fetch duration: 797ms
2026-01-27 20:06:39.461 22335-22575 MdmCommandReceiver      com.cdccreditsmart.app               D  ğŸ’“ Ping JSON enviado (timestamp: 1769555199459)
2026-01-27 20:06:39.713 22335-27699 MdmCommandReceiver      com.cdccreditsmart.app               D  ğŸ“¥ Mensagem MDM recebida: {"type":"pong","timestamp":"2026-01-27T23:06:39.043Z"}
2026-01-27 20:06:39.715 22335-22575 MdmCommandReceiver      com.cdccreditsmart.app               D  ğŸ“¥ JSON recebido: {"type":"pong","timestamp":"2026-01-27T23:06:39.043Z"}
2026-01-27 20:06:39.717 22335-22575 MdmCommandReceiver      com.cdccreditsmart.app               D  ğŸ“¨ Tipo de mensagem: pong
2026-01-27 20:06:39.718 22335-22575 MdmCommandReceiver      com.cdccreditsmart.app               D  ğŸ’“ Pong recebido (latency: N/A)
2026-01-27 20:06:59.337 22335-22335 WebSocketManager        com.cdccreditsmart.app               D  Heartbeat ping sent
2026-01-27 20:06:59.615 22335-27700 WebSocketManager        com.cdccreditsmart.app               D  Message received: {"type":"pong","timestamp":"2026-01-27T23:06:58.942Z"}...
2026-01-27 20:06:59.616 22335-27700 WebSocketManager        com.cdccreditsmart.app               D  Received message type: pong
2026-01-27 20:06:59.616 22335-27700 WebSocketManager        com.cdccreditsmart.app               D  Pong received
2026-01-27 20:07:03.263 22335-22575 MdmCommandReceiver      com.cdccreditsmart.app               I  ğŸ” [Polling #7] Verificando comandos pendentes...
2026-01-27 20:07:03.276 22335-22575 SecureTokenStorage      com.cdccreditsmart.app               D  âœ… Usando IMEI para MDM: 8608***718
2026-01-27 20:07:03.276 22335-22575 MdmCommandReceiver      com.cdccreditsmart.app               I  ğŸ” ========================================
2026-01-27 20:07:03.276 22335-22575 MdmCommandReceiver      com.cdccreditsmart.app               I  ğŸ” BUSCANDO COMANDOS PENDENTES
2026-01-27 20:07:03.276 22335-22575 MdmCommandReceiver      com.cdccreditsmart.app               I  ğŸ” ========================================
2026-01-27 20:07:03.277 22335-22575 MdmCommandReceiver      com.cdccreditsmart.app               I  ğŸ” Identifier: 860875074339718
2026-01-27 20:07:03.277 22335-22575 MdmCommandReceiver      com.cdccreditsmart.app               I  ğŸ” Endpoint: GET /api/apk/device/860875074339718/commands
2026-01-27 20:07:03.279 22335-22575 MdmCommandReceiver      com.cdccreditsmart.app               D  ğŸ” Executando requisiÃ§Ã£o HTTP (timeout: 15s)...
2026-01-27 20:07:03.288 22335-30722 okhttp.OkHttpClient     com.cdccreditsmart.app               I  --> GET https://cdccreditsmart.com/api/apk/device/860875074339718/commands
