2025-12-08 07:51:27.402 10189-10189 WebSocketManager        com.cdccreditsmart.app               D  Heartbeat ping sent
2025-12-08 07:51:27.600 10189-10243 WebSocketManager        com.cdccreditsmart.app               D  Message received: {"type":"pong","timestamp":"2025-12-08T10:51:27.853Z"}...
2025-12-08 07:51:27.600 10189-10243 WebSocketManager        com.cdccreditsmart.app               D  Received message type: pong
2025-12-08 07:51:27.600 10189-10243 WebSocketManager        com.cdccreditsmart.app               D  Pong received
2025-12-08 07:51:27.669 10189-10218 MdmCommandReceiver      com.cdccreditsmart.app               I  🔍 [Polling #3] Verificando comandos pendentes...
2025-12-08 07:51:27.672 10189-10218 SecureTokenStorage      com.cdccreditsmart.app               D  ⚠️ Usando Serial Number para MDM (IMEI indisponível): XV8W57...
2025-12-08 07:51:27.672 10189-10218 MdmCommandReceiver      com.cdccreditsmart.app               I  🔍 ========================================
2025-12-08 07:51:27.672 10189-10218 MdmCommandReceiver      com.cdccreditsmart.app               I  🔍 BUSCANDO COMANDOS PENDENTES
2025-12-08 07:51:27.672 10189-10218 MdmCommandReceiver      com.cdccreditsmart.app               I  🔍 ========================================
2025-12-08 07:51:27.672 10189-10218 MdmCommandReceiver      com.cdccreditsmart.app               I  🔍 Identifier: XV8W5766
2025-12-08 07:51:27.672 10189-10218 MdmCommandReceiver      com.cdccreditsmart.app               I  🔍 Endpoint: GET /api/apk/device/XV8W5766/commands
2025-12-08 07:51:27.675 10189-10218 MdmCommandReceiver      com.cdccreditsmart.app               D  🔍 Executando requisição HTTP (timeout: 15s)...
2025-12-08 07:51:27.677 10189-10237 okhttp.OkHttpClient     com.cdccreditsmart.app               I  --> GET https://cdccreditsmart.com/api/apk/device/XV8W5766/commands
2025-12-08 07:51:27.677 10189-10237 okhttp.OkHttpClient     com.cdccreditsmart.app               I  --> END GET
2025-12-08 07:51:27.698 10189-10237 SecureTokenStorage      com.cdccreditsmart.app               D  EncryptedSharedPreferences initialized successfully
2025-12-08 07:51:27.995 10189-10218 HeartbeatManager        com.cdccreditsmart.app               D  💓 Usando authToken (fallback)
2025-12-08 07:51:27.996 10189-10218 HeartbeatManager        com.cdccreditsmart.app               D  💓 Payload do heartbeat:
2025-12-08 07:51:27.996 10189-10218 HeartbeatManager        com.cdccreditsmart.app               D     deviceToken: eyJhbGciOiJIUzI1NiIs...
2025-12-08 07:51:27.996 10189-10218 HeartbeatManager        com.cdccreditsmart.app               D     currentBlockLevel: 0
2025-12-08 07:51:27.996 10189-10218 HeartbeatManager        com.cdccreditsmart.app               D     batteryLevel: 100
2025-12-08 07:51:27.996 10189-10218 HeartbeatManager        com.cdccreditsmart.app               D     isCharging: false
2025-12-08 07:51:27.997 10189-10218 HeartbeatManager        com.cdccreditsmart.app               D     currentSimImei: N/A...
2025-12-08 07:51:28.000 10189-10244 okhttp.OkHttpClient     com.cdccreditsmart.app               I  --> POST https://cdccreditsmart.com/api/apk/device/heartbeat
2025-12-08 07:51:28.000 10189-10244 okhttp.OkHttpClient     com.cdccreditsmart.app               I  Content-Type: application/json; charset=UTF-8
2025-12-08 07:51:28.000 10189-10244 okhttp.OkHttpClient     com.cdccreditsmart.app               I  Content-Length: 364
2025-12-08 07:51:28.000 10189-10244 okhttp.OkHttpClient     com.cdccreditsmart.app               I  Authorization: Bearer eyJhbGciOiJIUzI1NiIsInR5cCI6IkpXVCJ9.eyJkZXZpY2VJZCI6ImRldmljZV8xNzY1MTQ4NzcxNDYyXzR0ZXd3NDJwMTE0IiwiYXBrVG9rZW4iOiJYVjhXNTc2NiIsInR5cGUiOiJhcGsiLCJleHBpcmVzSW4iOiIyNGgiLCJpYXQiOjE3NjUxODg5ODMsImV4cCI6MTc2NTI3NTM4M30.muLfUOtUV3uQb4dj2-L5ojkEN6Jt4v2gQtGjUtDe1-Y
2025-12-08 07:51:28.001 10189-10244 okhttp.OkHttpClient     com.cdccreditsmart.app               I  {"deviceToken":"eyJhbGciOiJIUzI1NiIsInR5cCI6IkpXVCJ9.eyJkZXZpY2VJZCI6ImRldmljZV8xNzY1MTQ4NzcxNDYyXzR0ZXd3NDJwMTE0IiwiYXBrVG9rZW4iOiJYVjhXNTc2NiIsInR5cGUiOiJhcGsiLCJleHBpcmVzSW4iOiIyNGgiLCJpYXQiOjE3NjUxODg5ODMsImV4cCI6MTc2NTI3NTM4M30.muLfUOtUV3uQb4dj2-L5ojkEN6Jt4v2gQtGjUtDe1-Y","currentBlockLevel":0,"batteryLevel":100,"isCharging":false,"timestamp":1765191087996}
2025-12-08 07:51:28.001 10189-10244 okhttp.OkHttpClient     com.cdccreditsmart.app               I  --> END POST (364-byte body)
2025-12-08 07:51:28.028 10189-10244 SecureTokenStorage      com.cdccreditsmart.app               D  EncryptedSharedPreferences initialized successfully
2025-12-08 07:51:28.168 10189-10237 okhttp.OkHttpClient     com.cdccreditsmart.app               I  <-- 200 https://cdccreditsmart.com/api/apk/device/XV8W5766/commands (490ms)
2025-12-08 07:51:28.168 10189-10237 okhttp.OkHttpClient     com.cdccreditsmart.app               I  access-control-allow-credentials: true
2025-12-08 07:51:28.168 10189-10237 okhttp.OkHttpClient     com.cdccreditsmart.app               I  access-control-allow-headers: Origin, X-Requested-With, Content-Type, Accept, Authorization, x-client-key, x-client-token, x-client-secret, cache-control
2025-12-08 07:51:28.168 10189-10237 okhttp.OkHttpClient     com.cdccreditsmart.app               I  access-control-allow-methods: GET, POST, PUT, PATCH, DELETE, OPTIONS
2025-12-08 07:51:28.168 10189-10237 okhttp.OkHttpClient     com.cdccreditsmart.app               I  access-control-allow-origin: *
2025-12-08 07:51:28.169 10189-10237 okhttp.OkHttpClient     com.cdccreditsmart.app               I  access-control-max-age: 86400
2025-12-08 07:51:28.169 10189-10237 okhttp.OkHttpClient     com.cdccreditsmart.app               I  content-length: 454
2025-12-08 07:51:28.169 10189-10237 okhttp.OkHttpClient     com.cdccreditsmart.app               I  content-security-policy: default-src 'self'; script-src 'self' 'unsafe-inline' 'unsafe-eval' https://replit.com; style-src 'self' 'unsafe-inline' https://replit.com; img-src 'self' data: https:; font-src 'self' data: https://replit.com; connect-src 'self';
2025-12-08 07:51:28.169 10189-10237 okhttp.OkHttpClient     com.cdccreditsmart.app               I  content-type: application/json; charset=utf-8
2025-12-08 07:51:28.169 10189-10237 okhttp.OkHttpClient     com.cdccreditsmart.app               I  date: Mon, 08 Dec 2025 10:51:28 GMT
2025-12-08 07:51:28.169 10189-10237 okhttp.OkHttpClient     com.cdccreditsmart.app               I  etag: W/"1c6-raJ7cfKRi4jt8J12ocx+X788isE"
2025-12-08 07:51:28.169 10189-10237 okhttp.OkHttpClient     com.cdccreditsmart.app               I  permissions-policy: geolocation=(), microphone=(), camera=()
2025-12-08 07:51:28.169 10189-10237 okhttp.OkHttpClient     com.cdccreditsmart.app               I  referrer-policy: strict-origin-when-cross-origin
2025-12-08 07:51:28.169 10189-10237 okhttp.OkHttpClient     com.cdccreditsmart.app               I  strict-transport-security: max-age=63072000; includeSubDomains
2025-12-08 07:51:28.169 10189-10237 okhttp.OkHttpClient     com.cdccreditsmart.app               I  strict-transport-security: max-age=31536000; includeSubDomains
2025-12-08 07:51:28.169 10189-10237 okhttp.OkHttpClient     com.cdccreditsmart.app               I  x-anti-fraud-protection: active
2025-12-08 07:51:28.169 10189-10237 okhttp.OkHttpClient     com.cdccreditsmart.app               I  x-certificate-pinning-enabled: false
2025-12-08 07:51:28.170 10189-10237 okhttp.OkHttpClient     com.cdccreditsmart.app               I  x-certificate-pinning-status: disabled-for-stability
2025-12-08 07:51:28.170 10189-10237 okhttp.OkHttpClient     com.cdccreditsmart.app               I  x-content-type-options: nosniff
2025-12-08 07:51:28.170 10189-10237 okhttp.OkHttpClient     com.cdccreditsmart.app               I  x-financial-data-protection: enabled
2025-12-08 07:51:28.170 10189-10237 okhttp.OkHttpClient     com.cdccreditsmart.app               I  x-frame-options: DENY
2025-12-08 07:51:28.170 10189-10237 okhttp.OkHttpClient     com.cdccreditsmart.app               I  x-transaction-security-level: maximum
2025-12-08 07:51:28.170 10189-10237 okhttp.OkHttpClient     com.cdccreditsmart.app               I  x-xss-protection: 1; mode=block
2025-12-08 07:51:28.170 10189-10237 okhttp.OkHttpClient     com.cdccreditsmart.app               I  via: 1.1 google
2025-12-08 07:51:28.170 10189-10237 okhttp.OkHttpClient     com.cdccreditsmart.app               I  alt-svc: h3=":443"; ma=2592000,h3-29=":443"; ma=2592000
2025-12-08 07:51:28.171 10189-10237 okhttp.OkHttpClient     com.cdccreditsmart.app               I  {"deviceId":"device_1765148771462_4teww42p114","serialNumber":"XV8W5766","commandsCount":1,"commands":[{"id":"df9674df-a4fd-4e9c-b13b-354f1283bdf1","commandType":"UNINSTALL_APP","parameters":{"reason":"Admin requested uninstall","requestedAt":"2025-12-08T10:51:18.137Z","requestedBy":"admin@admin.com","uninstallCodeValidated":true},"priority":"critical","status":"pending","createdAt":"2025-12-08T10:51:18.174Z","expiresAt":"2025-12-09T10:51:18.137Z"}]}
2025-12-08 07:51:28.171 10189-10237 okhttp.OkHttpClient     com.cdccreditsmart.app               I  <-- END HTTP (454-byte body)
2025-12-08 07:51:28.180 10189-10218 MdmCommandReceiver      com.cdccreditsmart.app               I  🔍 HTTP Response code: 200
2025-12-08 07:51:28.180 10189-10218 MdmCommandReceiver      com.cdccreditsmart.app               I  🔍 HTTP isSuccessful: true
2025-12-08 07:51:28.180 10189-10218 MdmCommandReceiver      com.cdccreditsmart.app               I  🔍 Response body deviceId: device_1765148771462_4teww42p114
2025-12-08 07:51:28.180 10189-10218 MdmCommandReceiver      com.cdccreditsmart.app               I  🔍 Response body serialNumber: XV8W5766
2025-12-08 07:51:28.180 10189-10218 MdmCommandReceiver      com.cdccreditsmart.app               I  🔍 Total de comandos: 1
2025-12-08 07:51:28.180 10189-10218 MdmCommandReceiver      com.cdccreditsmart.app               I  📋 ========================================
2025-12-08 07:51:28.180 10189-10218 MdmCommandReceiver      com.cdccreditsmart.app               I  📋 1 COMANDOS PENDENTES ENCONTRADOS!
2025-12-08 07:51:28.180 10189-10218 MdmCommandReceiver      com.cdccreditsmart.app               I  📋 ========================================
2025-12-08 07:51:28.180 10189-10218 MdmCommandReceiver      com.cdccreditsmart.app               I  📋 [0] ID: df9674df-a4fd-4e9c-b13b-354f1283bdf1
2025-12-08 07:51:28.181 10189-10218 MdmCommandReceiver      com.cdccreditsmart.app               I  📋 [0] Tipo: UNINSTALL_APP
2025-12-08 07:51:28.181 10189-10218 MdmCommandReceiver      com.cdccreditsmart.app               I  📋 [0] Status: pending
2025-12-08 07:51:28.181 10189-10218 MdmCommandReceiver      com.cdccreditsmart.app               I  📋 [0] Prioridade: critical
2025-12-08 07:51:28.181 10189-10218 MdmCommandReceiver      com.cdccreditsmart.app               I  📋 [0] Parameters class: UninstallAppParameters
2025-12-08 07:51:28.181 10189-10218 MdmCommandReceiver      com.cdccreditsmart.app               I  📋 Processando comando (timeout: 60s)...
2025-12-08 07:51:28.182 10189-10218 MdmCommandReceiver      com.cdccreditsmart.app               I  ⚙️ Processando comando df9674df-a4fd-4e9c-b13b-354f1283bdf1 (tipo: UNINSTALL_APP)
2025-12-08 07:51:28.184 10189-10218 CdcForegroundService    com.cdccreditsmart.app               D  🔋 WakeLock adquirido para comando (30s timeout)
2025-12-08 07:51:28.184 10189-10218 MdmCommandReceiver      com.cdccreditsmart.app               D  🔋 WakeLock adquirido para comando MDM df9674df-a4fd-4e9c-b13b-354f1283bdf1
2025-12-08 07:51:28.185 10189-10218 MdmCommandReceiver      com.cdccreditsmart.app               D  📡 Enviando ACK: POST /api/apk/device/commands/df9674df-a4fd-4e9c-b13b-354f1283bdf1/status
2025-12-08 07:51:28.189 10189-10237 okhttp.OkHttpClient     com.cdccreditsmart.app               I  --> POST https://cdccreditsmart.com/api/apk/device/commands/df9674df-a4fd-4e9c-b13b-354f1283bdf1/status
2025-12-08 07:51:28.189 10189-10237 okhttp.OkHttpClient     com.cdccreditsmart.app               I  Content-Type: application/json; charset=UTF-8
2025-12-08 07:51:28.189 10189-10237 okhttp.OkHttpClient     com.cdccreditsmart.app               I  Content-Length: 25
2025-12-08 07:51:28.189 10189-10237 okhttp.OkHttpClient     com.cdccreditsmart.app               I  {"status":"acknowledged"}
2025-12-08 07:51:28.189 10189-10237 okhttp.OkHttpClient     com.cdccreditsmart.app               I  --> END POST (25-byte body)
2025-12-08 07:51:28.209 10189-10237 SecureTokenStorage      com.cdccreditsmart.app               D  EncryptedSharedPreferences initialized successfully
2025-12-08 07:51:28.510 10189-10237 okhttp.OkHttpClient     com.cdccreditsmart.app               I  <-- 404 https://cdccreditsmart.com/api/apk/device/commands/df9674df-a4fd-4e9c-b13b-354f1283bdf1/status (320ms)
2025-12-08 07:51:28.511 10189-10237 okhttp.OkHttpClient     com.cdccreditsmart.app               I  access-control-allow-credentials: true
2025-12-08 07:51:28.511 10189-10237 okhttp.OkHttpClient     com.cdccreditsmart.app               I  access-control-allow-headers: Origin, X-Requested-With, Content-Type, Accept, Authorization, x-client-key, x-client-token, x-client-secret, cache-control
2025-12-08 07:51:28.511 10189-10237 okhttp.OkHttpClient     com.cdccreditsmart.app               I  access-control-allow-methods: GET, POST, PUT, PATCH, DELETE, OPTIONS
2025-12-08 07:51:28.511 10189-10237 okhttp.OkHttpClient     com.cdccreditsmart.app               I  access-control-allow-origin: *
2025-12-08 07:51:28.511 10189-10237 okhttp.OkHttpClient     com.cdccreditsmart.app               I  access-control-max-age: 86400
2025-12-08 07:51:28.512 10189-10237 okhttp.OkHttpClient     com.cdccreditsmart.app               I  content-length: 497
2025-12-08 07:51:28.512 10189-10237 okhttp.OkHttpClient     com.cdccreditsmart.app               I  content-security-policy: default-src 'self'; script-src 'self' 'unsafe-inline' 'unsafe-eval' https://replit.com; style-src 'self' 'unsafe-inline' https://replit.com; img-src 'self' data: https:; font-src 'self' data: https://replit.com; connect-src 'self';
2025-12-08 07:51:28.512 10189-10237 okhttp.OkHttpClient     com.cdccreditsmart.app               I  content-type: application/json; charset=utf-8
2025-12-08 07:51:28.512 10189-10237 okhttp.OkHttpClient     com.cdccreditsmart.app               I  date: Mon, 08 Dec 2025 10:51:28 GMT
2025-12-08 07:51:28.513 10189-10237 okhttp.OkHttpClient     com.cdccreditsmart.app               I  etag: W/"1f1-16Pxk4Cj8XmGp/z85TUj3xhlkaA"
2025-12-08 07:51:28.513 10189-10237 okhttp.OkHttpClient     com.cdccreditsmart.app               I  permissions-policy: geolocation=(), microphone=(), camera=()
2025-12-08 07:51:28.513 10189-10237 okhttp.OkHttpClient     com.cdccreditsmart.app               I  referrer-policy: strict-origin-when-cross-origin
2025-12-08 07:51:28.513 10189-10237 okhttp.OkHttpClient     com.cdccreditsmart.app               I  strict-transport-security: max-age=63072000; includeSubDomains
2025-12-08 07:51:28.513 10189-10237 okhttp.OkHttpClient     com.cdccreditsmart.app               I  strict-transport-security: max-age=31536000; includeSubDomains
2025-12-08 07:51:28.513 10189-10237 okhttp.OkHttpClient     com.cdccreditsmart.app               I  x-anti-fraud-protection: active
2025-12-08 07:51:28.514 10189-10237 okhttp.OkHttpClient     com.cdccreditsmart.app               I  x-certificate-pinning-enabled: false
2025-12-08 07:51:28.515 10189-10237 okhttp.OkHttpClient     com.cdccreditsmart.app               I  x-certificate-pinning-status: disabled-for-stability
2025-12-08 07:51:28.515 10189-10237 okhttp.OkHttpClient     com.cdccreditsmart.app               I  x-content-type-options: nosniff
2025-12-08 07:51:28.515 10189-10237 okhttp.OkHttpClient     com.cdccreditsmart.app               I  x-financial-data-protection: enabled
2025-12-08 07:51:28.516 10189-10237 okhttp.OkHttpClient     com.cdccreditsmart.app               I  x-frame-options: DENY
2025-12-08 07:51:28.516 10189-10237 okhttp.OkHttpClient     com.cdccreditsmart.app               I  x-transaction-security-level: maximum
2025-12-08 07:51:28.516 10189-10237 okhttp.OkHttpClient     com.cdccreditsmart.app               I  x-xss-protection: 1; mode=block
2025-12-08 07:51:28.517 10189-10237 okhttp.OkHttpClient     com.cdccreditsmart.app               I  via: 1.1 google
2025-12-08 07:51:28.518 10189-10237 okhttp.OkHttpClient     com.cdccreditsmart.app               I  alt-svc: h3=":443"; ma=2592000,h3-29=":443"; ma=2592000
2025-12-08 07:51:28.518 10189-10237 okhttp.OkHttpClient     com.cdccreditsmart.app               I  {"error":"API endpoint not found","message":"Rota APK não encontrada","path":"/","method":"POST","timestamp":"2025-12-08T10:51:28.760Z","available_endpoints":["GET /api/apk/device/{serial}/status","POST /api/apk/device/{fingerprint}/sync","POST /api/apk/device/{fingerprint}/register-info","POST /api/apk/auth","GET /api/apk/device/{identifier}/commands","POST /api/apk/device/commands/{commandId}/status","POST /api/apk/device/{identifier}/command-response","GET /api/apk/device/commands/test"]}
2025-12-08 07:51:28.518 10189-10237 okhttp.OkHttpClient     com.cdccreditsmart.app               I  <-- END HTTP (497-byte body)
2025-12-08 07:51:28.520 10189-10218 MdmCommandReceiver      com.cdccreditsmart.app               W  ⚠️ Endpoint status falhou (HTTP 404), tentando fallback...
2025-12-08 07:51:28.523 10189-10218 SecureTokenStorage      com.cdccreditsmart.app               D  ⚠️ Usando Serial Number para MDM (IMEI indisponível): XV8W57...
2025-12-08 07:51:28.523 10189-10218 MdmCommandReceiver      com.cdccreditsmart.app               D  📡 Fallback: POST /api/apk/device/XV8W5766/command-response
2025-12-08 07:51:28.529 10189-10237 okhttp.OkHttpClient     com.cdccreditsmart.app               I  --> POST https://cdccreditsmart.com/api/apk/device/XV8W5766/command-response
2025-12-08 07:51:28.529 10189-10237 okhttp.OkHttpClient     com.cdccreditsmart.app               I  Content-Type: application/json; charset=UTF-8
2025-12-08 07:51:28.529 10189-10237 okhttp.OkHttpClient     com.cdccreditsmart.app               I  Content-Length: 76
2025-12-08 07:51:28.530 10189-10237 okhttp.OkHttpClient     com.cdccreditsmart.app               I  {"commandId":"df9674df-a4fd-4e9c-b13b-354f1283bdf1","status":"acknowledged"}
2025-12-08 07:51:28.530 10189-10237 okhttp.OkHttpClient     com.cdccreditsmart.app               I  --> END POST (76-byte body)
2025-12-08 07:51:28.549 10189-10237 SecureTokenStorage      com.cdccreditsmart.app               D  EncryptedSharedPreferences initialized successfully
2025-12-08 07:51:28.704 10189-10244 okhttp.OkHttpClient     com.cdccreditsmart.app               I  <-- 200 https://cdccreditsmart.com/api/apk/device/heartbeat (702ms)
2025-12-08 07:51:28.705 10189-10244 okhttp.OkHttpClient     com.cdccreditsmart.app               I  access-control-allow-credentials: true
2025-12-08 07:51:28.706 10189-10244 okhttp.OkHttpClient     com.cdccreditsmart.app               I  access-control-allow-headers: Origin, X-Requested-With, Content-Type, Accept, Authorization, x-client-key, x-client-token, x-client-secret, cache-control
2025-12-08 07:51:28.706 10189-10244 okhttp.OkHttpClient     com.cdccreditsmart.app               I  access-control-allow-methods: GET, POST, PUT, PATCH, DELETE, OPTIONS
2025-12-08 07:51:28.706 10189-10244 okhttp.OkHttpClient     com.cdccreditsmart.app               I  access-control-allow-origin: *
2025-12-08 07:51:28.707 10189-10244 okhttp.OkHttpClient     com.cdccreditsmart.app               I  access-control-max-age: 86400
2025-12-08 07:51:28.707 10189-10244 okhttp.OkHttpClient     com.cdccreditsmart.app               I  content-length: 328
2025-12-08 07:51:28.707 10189-10244 okhttp.OkHttpClient     com.cdccreditsmart.app               I  content-security-policy: default-src 'self'; script-src 'self' 'unsafe-inline' 'unsafe-eval' https://replit.com; style-src 'self' 'unsafe-inline' https://replit.com; img-src 'self' data: https:; font-src 'self' data: https://replit.com; connect-src 'self';
2025-12-08 07:51:28.707 10189-10244 okhttp.OkHttpClient     com.cdccreditsmart.app               I  content-type: application/json; charset=utf-8
2025-12-08 07:51:28.707 10189-10244 okhttp.OkHttpClient     com.cdccreditsmart.app               I  date: Mon, 08 Dec 2025 10:51:28 GMT
2025-12-08 07:51:28.708 10189-10244 okhttp.OkHttpClient     com.cdccreditsmart.app               I  etag: W/"148-W5J1oUTiXm4EEqWTCSllQ09Pt1c"
2025-12-08 07:51:28.708 10189-10244 okhttp.OkHttpClient     com.cdccreditsmart.app               I  permissions-policy: geolocation=(), microphone=(), camera=()
2025-12-08 07:51:28.710 10189-10244 okhttp.OkHttpClient     com.cdccreditsmart.app               I  referrer-policy: strict-origin-when-cross-origin
2025-12-08 07:51:28.710 10189-10244 okhttp.OkHttpClient     com.cdccreditsmart.app               I  strict-transport-security: max-age=63072000; includeSubDomains
2025-12-08 07:51:28.710 10189-10244 okhttp.OkHttpClient     com.cdccreditsmart.app               I  strict-transport-security: max-age=31536000; includeSubDomains
2025-12-08 07:51:28.710 10189-10244 okhttp.OkHttpClient     com.cdccreditsmart.app               I  x-anti-fraud-protection: active
2025-12-08 07:51:28.711 10189-10244 okhttp.OkHttpClient     com.cdccreditsmart.app               I  x-certificate-pinning-enabled: false
2025-12-08 07:51:28.711 10189-10244 okhttp.OkHttpClient     com.cdccreditsmart.app               I  x-certificate-pinning-status: disabled-for-stability
2025-12-08 07:51:28.711 10189-10244 okhttp.OkHttpClient     com.cdccreditsmart.app               I  x-content-type-options: nosniff
2025-12-08 07:51:28.711 10189-10244 okhttp.OkHttpClient     com.cdccreditsmart.app               I  x-financial-data-protection: enabled
2025-12-08 07:51:28.711 10189-10244 okhttp.OkHttpClient     com.cdccreditsmart.app               I  x-frame-options: DENY
2025-12-08 07:51:28.711 10189-10244 okhttp.OkHttpClient     com.cdccreditsmart.app               I  x-transaction-security-level: maximum
2025-12-08 07:51:28.711 10189-10244 okhttp.OkHttpClient     com.cdccreditsmart.app               I  x-xss-protection: 1; mode=block
2025-12-08 07:51:28.711 10189-10244 okhttp.OkHttpClient     com.cdccreditsmart.app               I  via: 1.1 google
2025-12-08 07:51:28.711 10189-10244 okhttp.OkHttpClient     com.cdccreditsmart.app               I  alt-svc: h3=":443"; ma=2592000,h3-29=":443"; ma=2592000
2025-12-08 07:51:28.711 10189-10244 okhttp.OkHttpClient     com.cdccreditsmart.app               I  {"success":true,"requiresBackendRevalidation":false,"phoneNumbersProcessed":false,"complianceStatus":"OK","expectedBlockLevel":0,"message":"Device compliant","complianceConfig":{"maxComplianceCorrections":3,"correctionWindowMinutes":30,"autoBlockOnLimitReached":true,"enableDetailedTelemetry":true,"telemetryIntervalMinutes":5}}
2025-12-08 07:51:28.712 10189-10244 okhttp.OkHttpClient     com.cdccreditsmart.app               I  <-- END HTTP (328-byte body)
2025-12-08 07:51:28.713 10189-10218 HeartbeatManager        com.cdccreditsmart.app               I  ✅ Heartbeat aceito pelo backend (HTTP 200)
2025-12-08 07:51:28.713 10189-10218 HeartbeatManager        com.cdccreditsmart.app               D  📊 Resposta do heartbeat:
2025-12-08 07:51:28.714 10189-10218 HeartbeatManager        com.cdccreditsmart.app               D     success: true
2025-12-08 07:51:28.714 10189-10218 HeartbeatManager        com.cdccreditsmart.app               D     complianceStatus: OK
2025-12-08 07:51:28.714 10189-10218 HeartbeatManager        com.cdccreditsmart.app               D     expectedBlockLevel: 0
2025-12-08 07:51:28.714 10189-10218 HeartbeatManager        com.cdccreditsmart.app               D     requiresBackendRevalidation: false
2025-12-08 07:51:28.714 10189-10218 HeartbeatManager        com.cdccreditsmart.app               I  ✅ Dispositivo CONFORME - Nível 0
2025-12-08 07:51:28.944 10189-10237 okhttp.OkHttpClient     com.cdccreditsmart.app               I  <-- 200 https://cdccreditsmart.com/api/apk/device/XV8W5766/command-response (413ms)
2025-12-08 07:51:28.945 10189-10237 okhttp.OkHttpClient     com.cdccreditsmart.app               I  access-control-allow-credentials: true
2025-12-08 07:51:28.945 10189-10237 okhttp.OkHttpClient     com.cdccreditsmart.app               I  access-control-allow-headers: Origin, X-Requested-With, Content-Type, Accept, Authorization, x-client-key, x-client-token, x-client-secret, cache-control
2025-12-08 07:51:28.945 10189-10237 okhttp.OkHttpClient     com.cdccreditsmart.app               I  access-control-allow-methods: GET, POST, PUT, PATCH, DELETE, OPTIONS
2025-12-08 07:51:28.945 10189-10237 okhttp.OkHttpClient     com.cdccreditsmart.app               I  access-control-allow-origin: *
2025-12-08 07:51:28.945 10189-10237 okhttp.OkHttpClient     com.cdccreditsmart.app               I  access-control-max-age: 86400
2025-12-08 07:51:28.945 10189-10237 okhttp.OkHttpClient     com.cdccreditsmart.app               I  content-length: 59
2025-12-08 07:51:28.945 10189-10237 okhttp.OkHttpClient     com.cdccreditsmart.app               I  content-security-policy: default-src 'self'; script-src 'self' 'unsafe-inline' 'unsafe-eval' https://replit.com; style-src 'self' 'unsafe-inline' https://replit.com; img-src 'self' data: https:; font-src 'self' data: https://replit.com; connect-src 'self';
2025-12-08 07:51:28.946 10189-10237 okhttp.OkHttpClient     com.cdccreditsmart.app               I  content-type: application/json; charset=utf-8
2025-12-08 07:51:28.946 10189-10237 okhttp.OkHttpClient     com.cdccreditsmart.app               I  date: Mon, 08 Dec 2025 10:51:29 GMT
2025-12-08 07:51:28.946 10189-10237 okhttp.OkHttpClient     com.cdccreditsmart.app               I  etag: W/"3b-9gCHwmPb8p6jYm5WExczQnIIdAU"
2025-12-08 07:51:28.946 10189-10237 okhttp.OkHttpClient     com.cdccreditsmart.app               I  permissions-policy: geolocation=(), microphone=(), camera=()
2025-12-08 07:51:28.946 10189-10237 okhttp.OkHttpClient     com.cdccreditsmart.app               I  referrer-policy: strict-origin-when-cross-origin
2025-12-08 07:51:28.946 10189-10237 okhttp.OkHttpClient     com.cdccreditsmart.app               I  strict-transport-security: max-age=63072000; includeSubDomains
2025-12-08 07:51:28.946 10189-10237 okhttp.OkHttpClient     com.cdccreditsmart.app               I  strict-transport-security: max-age=31536000; includeSubDomains
2025-12-08 07:51:28.946 10189-10237 okhttp.OkHttpClient     com.cdccreditsmart.app               I  x-anti-fraud-protection: active
2025-12-08 07:51:28.946 10189-10237 okhttp.OkHttpClient     com.cdccreditsmart.app               I  x-certificate-pinning-enabled: false
2025-12-08 07:51:28.946 10189-10237 okhttp.OkHttpClient     com.cdccreditsmart.app               I  x-certificate-pinning-status: disabled-for-stability
2025-12-08 07:51:28.946 10189-10237 okhttp.OkHttpClient     com.cdccreditsmart.app               I  x-content-type-options: nosniff
2025-12-08 07:51:28.946 10189-10237 okhttp.OkHttpClient     com.cdccreditsmart.app               I  x-financial-data-protection: enabled
2025-12-08 07:51:28.946 10189-10237 okhttp.OkHttpClient     com.cdccreditsmart.app               I  x-frame-options: DENY
2025-12-08 07:51:28.946 10189-10237 okhttp.OkHttpClient     com.cdccreditsmart.app               I  x-transaction-security-level: maximum
2025-12-08 07:51:28.946 10189-10237 okhttp.OkHttpClient     com.cdccreditsmart.app               I  x-xss-protection: 1; mode=block
2025-12-08 07:51:28.946 10189-10237 okhttp.OkHttpClient     com.cdccreditsmart.app               I  via: 1.1 google
2025-12-08 07:51:28.947 10189-10237 okhttp.OkHttpClient     com.cdccreditsmart.app               I  alt-svc: h3=":443"; ma=2592000,h3-29=":443"; ma=2592000
2025-12-08 07:51:28.947 10189-10237 okhttp.OkHttpClient     com.cdccreditsmart.app               I  {"success":true,"message":"Resposta do comando registrada"}
2025-12-08 07:51:28.947 10189-10237 okhttp.OkHttpClient     com.cdccreditsmart.app               I  <-- END HTTP (59-byte body)
2025-12-08 07:51:28.948 10189-10218 MdmCommandReceiver      com.cdccreditsmart.app               I  ✅ ACK enviado via fallback para comando df9674df-a4fd-4e9c-b13b-354f1283bdf1
2025-12-08 07:51:28.948 10189-10218 MdmCommandReceiver      com.cdccreditsmart.app               I  🚨 UNINSTALL_APP - Iniciando auto-destruição
2025-12-08 07:51:28.948 10189-10218 MdmCommandReceiver      com.cdccreditsmart.app               I      Motivo: Admin requested uninstall
2025-12-08 07:51:28.948 10189-10218 MdmCommandReceiver      com.cdccreditsmart.app               I      Wipe data: true
2025-12-08 07:51:28.948 10189-10218 MdmCommandReceiver      com.cdccreditsmart.app               I      Confirmation code: ausente
2025-12-08 07:51:28.955 10189-10218 SelfDestructManager     com.cdccreditsmart.app               I  ========================================
2025-12-08 07:51:28.955 10189-10218 SelfDestructManager     com.cdccreditsmart.app               I  🚨 INICIANDO SEQUÊNCIA DE AUTO-DESTRUIÇÃO
2025-12-08 07:51:28.955 10189-10218 SelfDestructManager     com.cdccreditsmart.app               I  ========================================
2025-12-08 07:51:28.955 10189-10218 SelfDestructManager     com.cdccreditsmart.app               I  📋 Motivo: Admin requested uninstall
2025-12-08 07:51:28.955 10189-10218 SelfDestructManager     com.cdccreditsmart.app               I  📋 Wipe data: true
2025-12-08 07:51:28.955 10189-10218 SelfDestructManager     com.cdccreditsmart.app               I  📋 Confirmation code: ausente
2025-12-08 07:51:28.955 10189-10218 SelfDestructManager     com.cdccreditsmart.app               I  👑 Nível de privilégio: DEVICE_ADMIN
2025-12-08 07:51:28.955 10189-10218 SelfDestructManager     com.cdccreditsmart.app               I  ⏸️ Pausando proteção do SettingsGuard...
2025-12-08 07:51:28.955 10189-10218 SettingsGuardService    com.cdccreditsmart.app               I  🗑️ Guard PAUSADO para desinstalação voluntária
2025-12-08 07:51:28.955 10189-10218 SettingsGuardService    com.cdccreditsmart.app               I     Proteção desativada - usuário pode desinstalar
2025-12-08 07:51:28.956 10189-10218 SettingsGuardService    com.cdccreditsmart.app               I     Timeout: 120s para auto-recuperação
2025-12-08 07:51:28.956 10189-10218 SelfDestructManager     com.cdccreditsmart.app               I  ✅ Proteção pausada - desinstalação autorizada
2025-12-08 07:51:28.956 10189-10218 SelfDestructManager     com.cdccreditsmart.app               I  🔐 [1/11] Verificando autorização...
2025-12-08 07:51:28.956 10189-10218 SelfDestructManager     com.cdccreditsmart.app               I  ✅ [1/11] Desinstalação autorizada pelo admin (validada no servidor)
2025-12-08 07:51:28.956 10189-10218 SelfDestructManager     com.cdccreditsmart.app               I  📝 [2/11] Registrando início da auto-destruição...
2025-12-08 07:51:28.956 10189-10218 SelfDestructManager     com.cdccreditsmart.app               I  📝 AUDIT LOG: Self-destruct initiated
2025-12-08 07:51:28.956 10189-10218 SelfDestructManager     com.cdccreditsmart.app               I     Reason: Admin requested uninstall
2025-12-08 07:51:28.956 10189-10218 SelfDestructManager     com.cdccreditsmart.app               I     Timestamp: 1765191088956
2025-12-08 07:51:28.956 10189-10218 SelfDestructManager     com.cdccreditsmart.app               I     Package: com.cdccreditsmart.app
2025-12-08 07:51:28.956 10189-10218 SelfDestructManager     com.cdccreditsmart.app               I     Device: Google sdk_gphone64_x86_64
2025-12-08 07:51:28.956 10189-10218 SelfDestructManager     com.cdccreditsmart.app               I  ✅ [2/11] Log inicial registrado
2025-12-08 07:51:28.956 10189-10218 SelfDestructManager     com.cdccreditsmart.app               I  ⏹️ [3/11] Parando serviços de background...
2025-12-08 07:51:28.956 10189-10218 SelfDestructManager     com.cdccreditsmart.app               I  ⏹️ Parando serviços de background...
2025-12-08 07:51:28.963 10189-10218 SelfDestructManager     com.cdccreditsmart.app               I     ✅ CdcForegroundService parado
2025-12-08 07:51:28.963 10189-10189 CdcForegroundService    com.cdccreditsmart.app               W  ⚠️ Serviço onDestroy() - limpando recursos e reiniciando automaticamente...
2025-12-08 07:51:28.963 10189-10189 CdcForegroundService    com.cdccreditsmart.app               I  🧹 Iniciando cleanup seguro de todos os componentes...
2025-12-08 07:51:28.963 10189-10189 CdcForegroundService    com.cdccreditsmart.app               D  ✅ ScreenStateReceiver listener removido
2025-12-08 07:51:28.964 10189-10218 SelfDestructManager     com.cdccreditsmart.app               I     ℹ️ SettingsGuardService não estava rodando
2025-12-08 07:51:28.965 10189-10189 CdcForegroundService    com.cdccreditsmart.app               D  ✅ ScreenStateReceiver desregistrado
2025-12-08 07:51:28.968 10189-10189 HeartbeatWorker         com.cdccreditsmart.app               I  🛑 Heartbeat cancelado
2025-12-08 07:51:28.968 10189-10189 CdcForegroundService    com.cdccreditsmart.app               D  ✅ HeartbeatWorker cancelado
2025-12-08 07:51:28.968 10189-10189 HeartbeatManager        com.cdccreditsmart.app               I  🛑 Parando HeartbeatManager...
2025-12-08 07:51:28.968 10189-10218 SelfDestructManager     com.cdccreditsmart.app               I     ✅ WorkManager jobs cancelados e limpos
2025-12-08 07:51:28.970 10189-10189 HeartbeatManager        com.cdccreditsmart.app               I  ✅ HeartbeatManager parado
2025-12-08 07:51:28.971 10189-10189 CdcForegroundService    com.cdccreditsmart.app               D  ✅ HeartbeatManager parado
2025-12-08 07:51:28.971 10189-10189 MdmCommandReceiver      com.cdccreditsmart.app               I  🔌 Desconectando MDM Command Receiver...
2025-12-08 07:51:28.972 10189-10189 MdmCommandReceiver      com.cdccreditsmart.app               I  🔌 MDM Command Receiver desconectado
2025-12-08 07:51:28.972 10189-10189 CdcForegroundService    com.cdccreditsmart.app               D  ✅ MDM Receiver desconectado
2025-12-08 07:51:28.972 10189-10189 WebSocketManager        com.cdccreditsmart.app               D  Disconnecting WebSocket
2025-12-08 07:51:28.972 10189-10189 CdcForegroundService    com.cdccreditsmart.app               D  ✅ WebSocket desconectado
2025-12-08 07:51:28.972 10189-10189 CdcForegroundService    com.cdccreditsmart.app               D  ✅ BlockedAppInterceptor destruído
2025-12-08 07:51:28.972 10189-10189 SettingsGuardService    com.cdccreditsmart.app               I  🛑 SettingsGuard PARADO
2025-12-08 07:51:28.973 10189-10189 CdcForegroundService    com.cdccreditsmart.app               D  ✅ SettingsGuard parado
2025-12-08 07:51:28.975 10189-10189 CdcForegroundService    com.cdccreditsmart.app               D  🔋 WakeLock liberado
2025-12-08 07:51:28.975 10189-10189 CdcForegroundService    com.cdccreditsmart.app               D  ✅ WakeLock liberado
2025-12-08 07:51:28.975 10189-10189 CdcForegroundService    com.cdccreditsmart.app               D  ✅ CoroutineScope cancelado
2025-12-08 07:51:28.976 10189-10189 CdcForegroundService    com.cdccreditsmart.app               D  ✅ Foreground notification removida
2025-12-08 07:51:28.977 10189-10189 CdcForegroundService    com.cdccreditsmart.app               I  ✅ Cleanup completo finalizado com sucesso
2025-12-08 07:51:28.983 10189-10189 CdcForegroundService    com.cdccreditsmart.app               I  ✅ Restart agendado via AlarmManager (1 segundo)
2025-12-08 07:51:28.984 10189-10218 SelfDestructManager     com.cdccreditsmart.app               I     ✅ 0 AlarmManager alarms cancelados
2025-12-08 07:51:28.984 10189-10218 SelfDestructManager     com.cdccreditsmart.app               I  ⏹️ Serviços de background: 2 parados, 0 falhas
2025-12-08 07:51:28.984 10189-10218 SelfDestructManager     com.cdccreditsmart.app               I  ✅ [3/11] Serviços de background parados
2025-12-08 07:51:28.984 10189-10218 SelfDestructManager     com.cdccreditsmart.app               I  🔓 [4/11] Removendo proteções avançadas...
2025-12-08 07:51:28.985 10189-10218 EnhancedProtections     com.cdccreditsmart.app               I  
2025-12-08 07:51:28.986 10189-10218 EnhancedProtections     com.cdccreditsmart.app               I  ╔════════════════════════════════════════════════════════════════╗
2025-12-08 07:51:28.986 10189-10218 EnhancedProtections     com.cdccreditsmart.app               I  ║  🚀 APLICANDO PROTEÇÕES AVANÇADAS CREDIT SMART                 ║
2025-12-08 07:51:28.986 10189-10218 EnhancedProtections     com.cdccreditsmart.app               I  ╚════════════════════════════════════════════════════════════════╝
2025-12-08 07:51:28.986 10189-10218 EnhancedProtections     com.cdccreditsmart.app               I  
2025-12-08 07:51:28.987 10189-10218 EnhancedProtections     com.cdccreditsmart.app               E  ❌ App não é Device Owner - proteções não podem ser aplicadas
2025-12-08 07:51:28.988 10189-10218 SelfDestructManager     com.cdccreditsmart.app               W  ⚠️ [4/11] Remoção parcial de proteções avançadas: App não é Device Owner - proteções não podem ser aplicadas
2025-12-08 07:51:28.988 10189-10218 SelfDestructManager     com.cdccreditsmart.app               I  🔓 [5/11] Removendo proteções do AppProtectionManager...
2025-12-08 07:51:28.988 10189-10218 AppProtectionManager    com.cdccreditsmart.app               I  
2025-12-08 07:51:28.988 10189-10218 AppProtectionManager    com.cdccreditsmart.app               I  ╔════════════════════════════════════════════════════════════════╗
2025-12-08 07:51:28.988 10189-10218 AppProtectionManager    com.cdccreditsmart.app               I  ║                                                                ║
2025-12-08 07:51:28.988 10189-10218 AppProtectionManager    com.cdccreditsmart.app               I  ║   🔓 REMOVENDO TODAS AS PROTEÇÕES PARA AUTO-DESINSTALAÇÃO     ║
2025-12-08 07:51:28.988 10189-10218 AppProtectionManager    com.cdccreditsmart.app               I  ║                                                                ║
2025-12-08 07:51:28.988 10189-10218 AppProtectionManager    com.cdccreditsmart.app               I  ╚════════════════════════════════════════════════════════════════╝
2025-12-08 07:51:28.988 10189-10218 AppProtectionManager    com.cdccreditsmart.app               I  
2025-12-08 07:51:28.989 10189-10218 AppProtectionManager    com.cdccreditsmart.app               W  ⚠️ App não é Device Owner - proteções não podem ser removidas
2025-12-08 07:51:28.989 10189-10218 SelfDestructManager     com.cdccreditsmart.app               I  ℹ️ [5/11] App não é Device Owner - proteções DPM não aplicadas, continuando...
2025-12-08 07:51:28.989 10189-10218 SelfDestructManager     com.cdccreditsmart.app               I  🔓 [6/11] Removendo bloqueio de desinstalação...
2025-12-08 07:51:28.990 10189-10218 SelfDestructManager     com.cdccreditsmart.app               W  ⚠️ App não é Device Owner - bloqueio não pode ser removido
2025-12-08 07:51:28.990 10189-10218 SelfDestructManager     com.cdccreditsmart.app               I  ℹ️ [6/11] Não é Device Owner - bloqueio DPM não aplicado
2025-12-08 07:51:28.991 10189-10218 SelfDestructManager     com.cdccreditsmart.app               I  👑 [7/11] Removendo privilégios de Device Owner/Admin...
2025-12-08 07:51:28.991 10189-10218 SelfDestructManager     com.cdccreditsmart.app               I  ⏭️ [7/11] Não é Device Owner - pulando para remoção de Device Admin
2025-12-08 07:51:28.991 10189-10218 SelfDestructManager     com.cdccreditsmart.app               I  🔓 [8/11] Verificando e removendo Device Admin...
2025-12-08 07:51:28.991 10189-10218 SelfDestructManager     com.cdccreditsmart.app               I  🔓 App ainda é Device Admin - removendo...
2025-12-08 07:51:29.010 10189-10189 CDCDeviceAdminReceiver  com.cdccreditsmart.app               W  ❌ ==================== DEVICE ADMIN DISABLED ====================
2025-12-08 07:51:29.010 10189-10189 CDCDeviceAdminReceiver  com.cdccreditsmart.app               W  ❌ Device Admin has been disabled
2025-12-08 07:51:29.010 10189-10189 CDCDeviceAdminReceiver  com.cdccreditsmart.app               W  ⏰ Timestamp: 1765191089010
2025-12-08 07:51:29.010 10189-10189 CDCDeviceAdminReceiver  com.cdccreditsmart.app               W  ⚠️ This should not happen during normal provisioning!
2025-12-08 07:51:29.010 10189-10189 CDCDeviceAdminReceiver  com.cdccreditsmart.app               W  ❌ =================================================================
2025-12-08 07:51:29.034 10189-10218 SelfDestructManager     com.cdccreditsmart.app               I  ✅ removeActiveAdmin() chamado - aguardando processamento...
2025-12-08 07:51:29.034 10189-10218 SelfDestructManager     com.cdccreditsmart.app               E  ❌ Erro ao remover Device Admin: StandaloneCoroutine was cancelled
                                                                                                    kotlinx.coroutines.JobCancellationException: StandaloneCoroutine was cancelled; job=StandaloneCoroutine{Cancelling}@ce7a320
2025-12-08 07:51:29.034 10189-10218 SelfDestructManager     com.cdccreditsmart.app               E  ❌ [8/11] ERRO CRÍTICO - Falha ao remover Device Admin
2025-12-08 07:51:29.034 10189-10218 SelfDestructManager     com.cdccreditsmart.app               E  ❌ Erro ao remover Device Admin: StandaloneCoroutine was cancelled
2025-12-08 07:51:29.034 10189-10218 SelfDestructManager     com.cdccreditsmart.app               E  ❌ Auto-destruição ABORTADA - desinstalação falhará
2025-12-08 07:51:29.034 10189-10218 SelfDestructManager     com.cdccreditsmart.app               I  📊 Enviando telemetria de FALHA ao backend...
2025-12-08 07:51:29.077 10189-10218 SecureTokenStorage      com.cdccreditsmart.app               D  EncryptedSharedPreferences initialized successfully
2025-12-08 07:51:29.078 10189-10218 ContractCodeStorage     com.cdccreditsmart.app               D  Retrieving contract code from storage
2025-12-08 07:51:29.148 10189-10218 ContractCodeStorage     com.cdccreditsmart.app               D  Storage verification: 7 valid, 0 tampered, 0 missing
2025-12-08 07:51:29.148 10189-10218 ContractCodeStorage     com.cdccreditsmart.app               D  Contract code retrieved successfully
2025-12-08 07:51:29.150 10189-10218 SelfDestructManager     com.cdccreditsmart.app               E  ❌ Erro ao enviar telemetria de falha
                                                                                                    kotlinx.coroutines.JobCancellationException: StandaloneCoroutine was cancelled; job=StandaloneCoroutine{Cancelling}@ce7a320
2025-12-08 07:51:29.150 10189-10218 SettingsGuardService    com.cdccreditsmart.app               I  ▶️ Guard RETOMADO após desinstalação cancelada
2025-12-08 07:51:29.150 10189-10218 SelfDestructManager     com.cdccreditsmart.app               I  ▶️ Proteção retomada após erro
2025-12-08 07:51:29.150 10189-10218 MdmCommandReceiver      com.cdccreditsmart.app               E  ❌ Erro na auto-destruição: Failed to remove Device Admin: Erro ao remover Device Admin: StandaloneCoroutine was cancelled
2025-12-08 07:51:29.151 10189-10218 MdmCommandReceiver      com.cdccreditsmart.app               D  📡 Enviando response para comando: df9674df-a4fd-4e9c-b13b-354f1283bdf1
2025-12-08 07:51:29.151 10189-10218 MdmCommandReceiver      com.cdccreditsmart.app               D  📡 Status: failed
2025-12-08 07:51:29.151 10189-10218 MdmCommandReceiver      com.cdccreditsmart.app               D  📡 Enviando: POST /api/apk/device/commands/df9674df-a4fd-4e9c-b13b-354f1283bdf1/status
2025-12-08 07:51:29.153 10189-10218 MdmCommandReceiver      com.cdccreditsmart.app               W  ⚠️ Endpoint status falhou (StandaloneCoroutine was cancelled), tentando fallback...
2025-12-08 07:51:29.153 10189-10237 okhttp.OkHttpClient     com.cdccreditsmart.app               I  --> POST https://cdccreditsmart.com/api/apk/device/commands/df9674df-a4fd-4e9c-b13b-354f1283bdf1/status
2025-12-08 07:51:29.154 10189-10237 okhttp.OkHttpClient     com.cdccreditsmart.app               I  Content-Type: application/json; charset=UTF-8
2025-12-08 07:51:29.154 10189-10237 okhttp.OkHttpClient     com.cdccreditsmart.app               I  Content-Length: 184
2025-12-08 07:51:29.154 10189-10237 okhttp.OkHttpClient     com.cdccreditsmart.app               I  {"status":"failed","result":{"success":false,"errorMessage":"Failed to remove Device Admin: Erro ao remover Device Admin: StandaloneCoroutine was cancelled","timestamp":1765191089151}}
2025-12-08 07:51:29.154 10189-10237 okhttp.OkHttpClient     com.cdccreditsmart.app               I  --> END POST (184-byte body)
2025-12-08 07:51:29.154 10189-10218 SecureTokenStorage      com.cdccreditsmart.app               D  ⚠️ Usando Serial Number para MDM (IMEI indisponível): XV8W57...
2025-12-08 07:51:29.154 10189-10218 MdmCommandReceiver      com.cdccreditsmart.app               D  📡 Fallback: Usando endpoint legado: POST /api/apk/device/XV8W5766/command-response
2025-12-08 07:51:29.156 10189-10218 MdmCommandReceiver      com.cdccreditsmart.app               E  ❌ Erro ao enviar command response: StandaloneCoroutine was cancelled
2025-12-08 07:51:29.157 10189-10218 MdmCommandReceiver      com.cdccreditsmart.app               I  🛑 Polling encerrado após 3 iterações
2025-12-08 07:51:29.157 10189-10244 okhttp.OkHttpClient     com.cdccreditsmart.app               I  --> POST https://cdccreditsmart.com/api/apk/device/XV8W5766/command-response
2025-12-08 07:51:29.158 10189-10244 okhttp.OkHttpClient     com.cdccreditsmart.app               I  Content-Type: application/json; charset=UTF-8
2025-12-08 07:51:29.158 10189-10244 okhttp.OkHttpClient     com.cdccreditsmart.app               I  Content-Length: 182
2025-12-08 07:51:29.158 10189-10244 okhttp.OkHttpClient     com.cdccreditsmart.app               I  {"commandId":"df9674df-a4fd-4e9c-b13b-354f1283bdf1","status":"failed","errorMessage":"Failed to remove Device Admin: Erro ao remover Device Admin: StandaloneCoroutine was cancelled"}
2025-12-08 07:51:29.158 10189-10244 okhttp.OkHttpClient     com.cdccreditsmart.app               I  --> END POST (182-byte body)
2025-12-08 07:51:29.177 10189-10243 WebSocketManager        com.cdccreditsmart.app               E  WebSocket failure: null (Ask Gemini)
                                                                                                    java.io.EOFException
                                                                                                    	at okio.RealBufferedSource.require(RealBufferedSource.kt:202)
                                                                                                    	at okio.RealBufferedSource.readByte(RealBufferedSource.kt:212)
                                                                                                    	at okhttp3.internal.ws.WebSocketReader.readHeader(WebSocketReader.kt:119)
                                                                                                    	at okhttp3.internal.ws.WebSocketReader.processNextFrame(WebSocketReader.kt:102)
                                                                                                    	at okhttp3.internal.ws.RealWebSocket.loopReader(RealWebSocket.kt:293)
                                                                                                    	at okhttp3.internal.ws.RealWebSocket$connect$1.onResponse(RealWebSocket.kt:195)
                                                                                                    	at okhttp3.internal.connection.RealCall$AsyncCall.run(RealCall.kt:519)
                                                                                                    	at java.util.concurrent.ThreadPoolExecutor.runWorker(ThreadPoolExecutor.java:1156)
                                                                                                    	at java.util.concurrent.ThreadPoolExecutor$Worker.run(ThreadPoolExecutor.java:651)
                                                                                                    	at java.lang.Thread.run(Thread.java:1119)
2025-12-08 07:51:29.178 10189-10243 CdcForegroundService    com.cdccreditsmart.app               E  ❌ Erro no WebSocket Flow: Connection failed: null
2025-12-08 07:51:29.181 10189-10242 MdmCommandReceiver      com.cdccreditsmart.app               E  ❌ ========================================
2025-12-08 07:51:29.181 10189-10242 MdmCommandReceiver      com.cdccreditsmart.app               E  ❌ WEBSOCKET MDM FALHOU!
2025-12-08 07:51:29.181 10189-10242 MdmCommandReceiver      com.cdccreditsmart.app               E  ❌ ========================================
2025-12-08 07:51:29.181 10189-10242 MdmCommandReceiver      com.cdccreditsmart.app               E  ❌ Reconexões anteriores: 0
2025-12-08 07:51:29.181 10189-10242 MdmCommandReceiver      com.cdccreditsmart.app               E  ❌ Tipo de erro: EOFException
2025-12-08 07:51:29.181 10189-10242 MdmCommandReceiver      com.cdccreditsmart.app               E  ❌ Mensagem: null
2025-12-08 07:51:29.181 10189-10242 MdmCommandReceiver      com.cdccreditsmart.app               E  ❌ Response code: null
2025-12-08 07:51:29.181 10189-10242 MdmCommandReceiver      com.cdccreditsmart.app               E  ❌ Response message: null
2025-12-08 07:51:29.181 10189-10242 MdmCommandReceiver      com.cdccreditsmart.app               E  ❌ ========================================
2025-12-08 07:51:29.181 10189-10237 SecureTokenStorage      com.cdccreditsmart.app               D  EncryptedSharedPreferences initialized successfully
2025-12-08 07:51:29.183 10189-10241 MdmCommandReceiver      com.cdccreditsmart.app               I  🔄 ========================================
2025-12-08 07:51:29.183 10189-10241 MdmCommandReceiver      com.cdccreditsmart.app               I  🔄 AGENDANDO RECONEXÃO WEBSOCKET MDM
