2026-01-27 20:04:19.483 22335-28818 TrafficStats            com.cdccreditsmart.app               D  tagSocket(164) with statsTag=0xffffffff, statsUid=-1
2026-01-27 20:04:20.395 22335-28818 SimpleHomeViewModel     com.cdccreditsmart.app               D  ğŸ“¥ Response Code: 200
2026-01-27 20:04:20.420 22335-22335 SimpleHomeViewModel     com.cdccreditsmart.app               D  âœ… Successfully fetched installments data
2026-01-27 20:04:20.421 22335-22335 SimpleHomeViewModel     com.cdccreditsmart.app               D  ğŸ“Š Device: REALME Note 60x
2026-01-27 20:04:20.421 22335-22335 SimpleHomeViewModel     com.cdccreditsmart.app               D  ğŸ“Š Total installments: 4
2026-01-27 20:04:20.421 22335-22335 SimpleHomeViewModel     com.cdccreditsmart.app               D  ğŸ“Š Paid: 0
2026-01-27 20:04:20.421 22335-22335 SimpleHomeViewModel     com.cdccreditsmart.app               D  ğŸ“Š Overdue: 0
2026-01-27 20:04:20.421 22335-22335 SimpleHomeViewModel     com.cdccreditsmart.app               D  ğŸ“Š All installments count: 4
2026-01-27 20:04:20.422 22335-22335 SimpleHomeViewModel     com.cdccreditsmart.app               D  ğŸ“‹ Parcela #1: status=pending, isPaid=false, dueDate=2026-02-07T03:01:36.146Z
2026-01-27 20:04:20.422 22335-22335 SimpleHomeViewModel     com.cdccreditsmart.app               D  ğŸ“‹ Parcela #2: status=pending, isPaid=false, dueDate=2026-02-22T03:01:36.146Z
2026-01-27 20:04:20.422 22335-22335 SimpleHomeViewModel     com.cdccreditsmart.app               D  ğŸ“‹ Parcela #3: status=pending, isPaid=false, dueDate=2026-03-09T03:01:36.146Z
2026-01-27 20:04:20.423 22335-22335 SimpleHomeViewModel     com.cdccreditsmart.app               D  ğŸ“‹ Parcela #4: status=pending, isPaid=false, dueDate=2026-03-24T03:01:36.146Z
2026-01-27 20:04:20.423 22335-22335 SimpleHomeViewModel     com.cdccreditsmart.app               I  ğŸ’¾ Salvando dados do cliente no storage - CustomerName: 'null', DeviceModel: 'REALME Note 60x'
2026-01-27 20:04:20.423 22335-22335 SecureTokenStorage      com.cdccreditsmart.app               D  ğŸ’¾ Salvando customer info - Name: null, Device: REALME Note 60x
2026-01-27 20:04:20.423 22335-22335 SecureTokenStorage      com.cdccreditsmart.app               W  âš ï¸ CustomerName vazio/null - nÃ£o salvando
2026-01-27 20:04:20.434 22335-22335 SecureTokenStorage      com.cdccreditsmart.app               D  âœ… DeviceModel salvo: REALME Note 60x
2026-01-27 20:04:20.434 22335-22335 SecureTokenStorage      com.cdccreditsmart.app               I  âœ… Customer info saved successfully!
2026-01-27 20:04:20.753 22335-22347 creditsmart.app         com.cdccreditsmart.app               I  Background concurrent mark compact GC freed 395279(18MB) AllocSpace objects, 39(1840KB) LOS objects, 61% free, 15MB/39MB, paused 942us,4.471ms total 217.829ms
2026-01-27 20:04:20.763 22335-22335 LocalInstallmentStorage com.cdccreditsmart.app               I  âœ… 4 parcelas salvas localmente (contrato: QJ3H4MKG)
2026-01-27 20:04:20.764 22335-22335 SimpleHomeViewModel     com.cdccreditsmart.app               I  âœ… 4 parcelas salvas localmente
2026-01-27 20:04:20.764 22335-22335 SimpleHomeViewModel     com.cdccreditsmart.app               I     â†’ 0 pagas
2026-01-27 20:04:20.764 22335-22335 SimpleHomeViewModel     com.cdccreditsmart.app               I     â†’ 4 pendentes
2026-01-27 20:04:20.764 22335-22335 SimpleHomeViewModel     com.cdccreditsmart.app               I     â†’ 0 em atraso
2026-01-27 20:04:20.764 22335-22335 SimpleHomeViewModel     com.cdccreditsmart.app               I     â†’ Dados disponÃ­veis para overlay e offline blocking
2026-01-27 20:04:20.764 22335-22335 SimpleHomeViewModel     com.cdccreditsmart.app               I  ğŸ’¾ Cache atualizado - prÃ³ximo acesso usarÃ¡ cache por 900s
2026-01-27 20:04:20.773 22335-22335 SecureTokenStorage      com.cdccreditsmart.app               D  ğŸ“– Lendo customerName: Marcos Antunes
2026-01-27 20:04:20.777 22335-22335 SecureTokenStorage      com.cdccreditsmart.app               D  ğŸ“– Lendo deviceModel: REALME Note 60x
2026-01-27 20:04:21.435 22335-22575 SupportRepository       com.cdccreditsmart.app               I  ğŸ“¡ Buscando dados de contato do servidor...
2026-01-27 20:04:21.436 22335-22335 Choreographer           com.cdccreditsmart.app               I  Skipped 39 frames!  The application may be doing too much work on its main thread.
2026-01-27 20:04:21.483 22335-27962 okhttp.OkHttpClient     com.cdccreditsmart.app               I  --> GET https://cdccreditsmart.com/v1/support/contact
2026-01-27 20:04:21.483 22335-27962 okhttp.OkHttpClient     com.cdccreditsmart.app               I  --> END GET
2026-01-27 20:04:21.862 22335-27962 okhttp.OkHttpClient     com.cdccreditsmart.app               I  <-- 200 https://cdccreditsmart.com/v1/support/contact (378ms)
2026-01-27 20:04:21.862 22335-27962 okhttp.OkHttpClient     com.cdccreditsmart.app               I  access-control-allow-credentials: true
2026-01-27 20:04:21.862 22335-27962 okhttp.OkHttpClient     com.cdccreditsmart.app               I  access-control-allow-headers: Origin, X-Requested-With, Content-Type, Accept, Authorization, x-client-key, x-client-token, x-client-secret, cache-control
2026-01-27 20:04:21.862 22335-27962 okhttp.OkHttpClient     com.cdccreditsmart.app               I  access-control-allow-methods: GET, POST, PUT, PATCH, DELETE, OPTIONS
2026-01-27 20:04:21.862 22335-27962 okhttp.OkHttpClient     com.cdccreditsmart.app               I  access-control-allow-origin: *
2026-01-27 20:04:21.862 22335-27962 okhttp.OkHttpClient     com.cdccreditsmart.app               I  access-control-max-age: 86400
2026-01-27 20:04:21.864 22335-27962 okhttp.OkHttpClient     com.cdccreditsmart.app               I  content-length: 111
2026-01-27 20:04:21.864 22335-27962 okhttp.OkHttpClient     com.cdccreditsmart.app               I  content-security-policy: default-src 'self'; script-src 'self' 'unsafe-inline' 'unsafe-eval' https://replit.com; style-src 'self' 'unsafe-inline' https://replit.com; img-src 'self' data: https:; font-src 'self' data: https://replit.com; connect-src 'self';
2026-01-27 20:04:21.864 22335-27962 okhttp.OkHttpClient     com.cdccreditsmart.app               I  content-type: application/json; charset=utf-8
2026-01-27 20:04:21.864 22335-27962 okhttp.OkHttpClient     com.cdccreditsmart.app               I  date: Tue, 27 Jan 2026 23:04:21 GMT
2026-01-27 20:04:21.864 22335-27962 okhttp.OkHttpClient     com.cdccreditsmart.app               I  etag: W/"6f-ar1ZGdhbShZ7SAODOF+BTA5O768"
2026-01-27 20:04:21.864 22335-27962 okhttp.OkHttpClient     com.cdccreditsmart.app               I  permissions-policy: geolocation=(), microphone=(), camera=()
2026-01-27 20:04:21.864 22335-27962 okhttp.OkHttpClient     com.cdccreditsmart.app               I  referrer-policy: strict-origin-when-cross-origin
2026-01-27 20:04:21.865 22335-27962 okhttp.OkHttpClient     com.cdccreditsmart.app               I  strict-transport-security: max-age=63072000; includeSubDomains
2026-01-27 20:04:21.865 22335-27962 okhttp.OkHttpClient     com.cdccreditsmart.app               I  strict-transport-security: max-age=31536000; includeSubDomains
2026-01-27 20:04:21.865 22335-27962 okhttp.OkHttpClient     com.cdccreditsmart.app               I  x-anti-fraud-protection: active
2026-01-27 20:04:21.865 22335-27962 okhttp.OkHttpClient     com.cdccreditsmart.app               I  x-certificate-pinning-enabled: false
2026-01-27 20:04:21.865 22335-27962 okhttp.OkHttpClient     com.cdccreditsmart.app               I  x-certificate-pinning-status: disabled-for-stability
2026-01-27 20:04:21.865 22335-27962 okhttp.OkHttpClient     com.cdccreditsmart.app               I  x-content-type-options: nosniff
2026-01-27 20:04:21.865 22335-27962 okhttp.OkHttpClient     com.cdccreditsmart.app               I  x-financial-data-protection: enabled
2026-01-27 20:04:21.865 22335-27962 okhttp.OkHttpClient     com.cdccreditsmart.app               I  x-frame-options: DENY
2026-01-27 20:04:21.865 22335-27962 okhttp.OkHttpClient     com.cdccreditsmart.app               I  x-transaction-security-level: maximum
2026-01-27 20:04:21.865 22335-27962 okhttp.OkHttpClient     com.cdccreditsmart.app               I  x-xss-protection: 1; mode=block
2026-01-27 20:04:21.865 22335-27962 okhttp.OkHttpClient     com.cdccreditsmart.app               I  via: 1.1 google
2026-01-27 20:04:21.865 22335-27962 okhttp.OkHttpClient     com.cdccreditsmart.app               I  alt-svc: h3=":443"; ma=2592000,h3-29=":443"; ma=2592000
2026-01-27 20:04:21.867 22335-27962 okhttp.OkHttpClient     com.cdccreditsmart.app               I  {"phone":"(85) 98188-8810","whatsapp":"(85) 98188-8810","contactLink":"https://www.cdccreditsmart.com/contato"}
2026-01-27 20:04:21.867 22335-27962 okhttp.OkHttpClient     com.cdccreditsmart.app               I  <-- END HTTP (111-byte body)
2026-01-27 20:04:21.871 22335-22575 SupportRepository       com.cdccreditsmart.app               I  âœ… Dados de contato atualizados: phone=true, whatsapp=true, link=true
2026-01-27 20:04:22.121 22335-22335 Choreographer           com.cdccreditsmart.app               I  Skipped 40 frames!  The application may be doing too much work on its main thread.
2026-01-27 20:04:22.131 22335-24735 OpenGLRenderer          com.cdccreditsmart.app               I  Davey! duration=1685ms; Flags=0, FrameTimelineVsyncId=1763855, IntendedVsync=9944405644572, Vsync=9944738718032, InputEventId=0, HandleInputStart=9944742972155, AnimationStart=9944742977655, PerformTraversalsStart=9944882654694, DrawStart=9944882943194, FrameDeadline=9944438975458, FrameInterval=9944742668963, FrameStartTime=16653673, SyncQueued=9945394700347, SyncStart=9945399237847, IssueDrawCommandsStart=9945399856078, SwapBuffers=9946085378231, FrameCompleted=9946095867347, DequeueBufferDuration=35846, QueueBufferDuration=731692, GpuCompleted=9946095867347, SwapBuffersCompleted=9946091447539, DisplayPresentTime=9942406180426, CommandSubmissionCompleted=9946085378231, 
2026-01-27 20:04:22.164 22335-24735 OpenGLRenderer          com.cdccreditsmart.app               I  Davey! duration=718ms; Flags=0, FrameTimelineVsyncId=1763891, IntendedVsync=9945421552800, Vsync=9946087719840, InputEventId=0, HandleInputStart=9946100710962, AnimationStart=9946100724731, PerformTraversalsStart=9946124800462, DrawStart=9946125220231, FrameDeadline=9946137640061, FrameInterval=9946098409655, FrameStartTime=16654176, SyncQueued=9946130286885, SyncStart=9946130507731, IssueDrawCommandsStart=9946130920962, SwapBuffers=9946133968001, FrameCompleted=9946140690424, DequeueBufferDuration=43154, QueueBufferDuration=390500, GpuCompleted=9946140690424, SwapBuffersCompleted=9946135261847, DisplayPresentTime=9942439493849, CommandSubmissionCompleted=9946133968001, 
2026-01-27 20:04:24.653 22335-22346 creditsmart.app         com.cdccreditsmart.app               I  Compiler allocated 4964KB to compile kotlin.Unit com.cdccreditsmart.app.presentation.screens.home.ModernHomeScreenKt.HeroHeaderCard$lambda$0(android.content.Context, java.lang.String, boolean, kotlin.jvm.functions.Function0, com.cdccreditsmart.app.support.SupportContactData, java.lang.String, java.lang.String, kotlin.jvm.functions.Function0, kotlin.jvm.functions.Function0, kotlin.jvm.functions.Function0, androidx.compose.foundation.layout.ColumnScope, androidx.compose.runtime.Composer, int)
2026-01-27 20:04:26.894 22335-22575 SettingsGuardService    com.cdccreditsmart.app               D  ğŸ“‹ Activity check - Full: com.android.searchlauncher.SearchLauncher, Simple: SearchLauncher
2026-01-27 20:04:26.995 22335-22481 mali_gralloc            com.cdccreditsmart.app               D  unregister: id=3350000139a, handle=0xb4000078dc5d4010, base=0x0, importpid=22335, count:0
2026-01-27 20:04:26.996 22335-22481 mali_gralloc            com.cdccreditsmart.app               D  unregister: id=3350000139b, handle=0xb4000078dc5d3ef0, base=0x0, importpid=22335, count:0
2026-01-27 20:04:26.998 22335-22481 mali_gralloc            com.cdccreditsmart.app               D  unregister: id=33500001398, handle=0xb4000078dc5d3cb0, base=0x0, importpid=22335, count:0
2026-01-27 20:04:27.010 22335-22481 mali_gralloc            com.cdccreditsmart.app               D  unregister: id=33500001399, handle=0xb4000078dc5d3830, base=0x0, importpid=22335, count:0
2026-01-27 20:04:28.501 22335-22464 FA                      com.cdccreditsmart.app               I  Application backgrounded at: timestamp_millis: 1769555066493
2026-01-27 20:04:29.225 22335-22335 WebSocketManager        com.cdccreditsmart.app               D  Heartbeat ping sent
2026-01-27 20:04:29.527 22335-27700 WebSocketManager        com.cdccreditsmart.app               D  Message received: {"type":"pong","timestamp":"2026-01-27T23:04:28.841Z"}...
2026-01-27 20:04:29.537 22335-27700 WebSocketManager        com.cdccreditsmart.app               D  Received message type: pong
2026-01-27 20:04:29.537 22335-27700 WebSocketManager        com.cdccreditsmart.app               D  Pong received
2026-01-27 20:04:33.252 22335-22575 MdmCommandReceiver      com.cdccreditsmart.app               I  ğŸ” [Polling #2] Verificando comandos pendentes...
2026-01-27 20:04:33.390 22335-22575 SecureTokenStorage      com.cdccreditsmart.app               D  âœ… Usando IMEI para MDM: 8608***718
2026-01-27 20:04:33.390 22335-22575 MdmCommandReceiver      com.cdccreditsmart.app               I  ğŸ” ========================================
2026-01-27 20:04:33.391 22335-22575 MdmCommandReceiver      com.cdccreditsmart.app               I  ğŸ” BUSCANDO COMANDOS PENDENTES
2026-01-27 20:04:33.391 22335-22575 MdmCommandReceiver      com.cdccreditsmart.app               I  ğŸ” ========================================
2026-01-27 20:04:33.391 22335-22575 MdmCommandReceiver      com.cdccreditsmart.app               I  ğŸ” Identifier: 860875074339718
2026-01-27 20:04:33.391 22335-22575 MdmCommandReceiver      com.cdccreditsmart.app               I  ğŸ” Endpoint: GET /api/apk/device/860875074339718/commands
2026-01-27 20:04:33.455 22335-22575 MdmCommandReceiver      com.cdccreditsmart.app               D  ğŸ” Executando requisiÃ§Ã£o HTTP (timeout: 15s)...
2026-01-27 20:04:33.531 22335-27962 okhttp.OkHttpClient     com.cdccreditsmart.app               I  --> GET https://cdccreditsmart.com/api/apk/device/860875074339718/commands
2026-01-27 20:04:33.531 22335-27962 okhttp.OkHttpClient     com.cdccreditsmart.app               I  --> END GET
2026-01-27 20:04:34.161 22335-27962 okhttp.OkHttpClient     com.cdccreditsmart.app               I  <-- 200 https://cdccreditsmart.com/api/apk/device/860875074339718/commands (629ms)
2026-01-27 20:04:34.162 22335-27962 okhttp.OkHttpClient     com.cdccreditsmart.app               I  access-control-allow-credentials: true
2026-01-27 20:04:34.162 22335-27962 okhttp.OkHttpClient     com.cdccreditsmart.app               I  access-control-allow-headers: Origin, X-Requested-With, Content-Type, Accept, Authorization, x-client-key, x-client-token, x-client-secret, cache-control
2026-01-27 20:04:34.162 22335-27962 okhttp.OkHttpClient     com.cdccreditsmart.app               I  access-control-allow-methods: GET, POST, PUT, PATCH, DELETE, OPTIONS
2026-01-27 20:04:34.162 22335-27962 okhttp.OkHttpClient     com.cdccreditsmart.app               I  access-control-allow-origin: *
2026-01-27 20:04:34.162 22335-27962 okhttp.OkHttpClient     com.cdccreditsmart.app               I  access-control-max-age: 86400
2026-01-27 20:04:34.162 22335-27962 okhttp.OkHttpClient     com.cdccreditsmart.app               I  content-length: 670
2026-01-27 20:04:34.162 22335-27962 okhttp.OkHttpClient     com.cdccreditsmart.app               I  content-security-policy: default-src 'self'; script-src 'self' 'unsafe-inline' 'unsafe-eval' https://replit.com; style-src 'self' 'unsafe-inline' https://replit.com; img-src 'self' data: https:; font-src 'self' data: https://replit.com; connect-src 'self';
2026-01-27 20:04:34.162 22335-27962 okhttp.OkHttpClient     com.cdccreditsmart.app               I  content-type: application/json; charset=utf-8
2026-01-27 20:04:34.162 22335-27962 okhttp.OkHttpClient     com.cdccreditsmart.app               I  date: Tue, 27 Jan 2026 23:04:33 GMT
2026-01-27 20:04:34.162 22335-27962 okhttp.OkHttpClient     com.cdccreditsmart.app               I  etag: W/"29e-IcKgcG1vnSznY+lMhdGsKxWucEY"
2026-01-27 20:04:34.163 22335-27962 okhttp.OkHttpClient     com.cdccreditsmart.app               I  permissions-policy: geolocation=(), microphone=(), camera=()
2026-01-27 20:04:34.163 22335-27962 okhttp.OkHttpClient     com.cdccreditsmart.app               I  referrer-policy: strict-origin-when-cross-origin
2026-01-27 20:04:34.163 22335-27962 okhttp.OkHttpClient     com.cdccreditsmart.app               I  strict-transport-security: max-age=63072000; includeSubDomains
2026-01-27 20:04:34.163 22335-27962 okhttp.OkHttpClient     com.cdccreditsmart.app               I  strict-transport-security: max-age=31536000; includeSubDomains
2026-01-27 20:04:34.163 22335-27962 okhttp.OkHttpClient     com.cdccreditsmart.app               I  x-anti-fraud-protection: active
2026-01-27 20:04:34.163 22335-27962 okhttp.OkHttpClient     com.cdccreditsmart.app               I  x-certificate-pinning-enabled: false
2026-01-27 20:04:34.163 22335-27962 okhttp.OkHttpClient     com.cdccreditsmart.app               I  x-certificate-pinning-status: disabled-for-stability
2026-01-27 20:04:34.163 22335-27962 okhttp.OkHttpClient     com.cdccreditsmart.app               I  x-content-type-options: nosniff
2026-01-27 20:04:34.163 22335-27962 okhttp.OkHttpClient     com.cdccreditsmart.app               I  x-financial-data-protection: enabled
2026-01-27 20:04:34.163 22335-27962 okhttp.OkHttpClient     com.cdccreditsmart.app               I  x-frame-options: DENY
2026-01-27 20:04:34.164 22335-27962 okhttp.OkHttpClient     com.cdccreditsmart.app               I  x-transaction-security-level: maximum
2026-01-27 20:04:34.164 22335-27962 okhttp.OkHttpClient     com.cdccreditsmart.app               I  x-xss-protection: 1; mode=block
2026-01-27 20:04:34.164 22335-27962 okhttp.OkHttpClient     com.cdccreditsmart.app               I  via: 1.1 google
2026-01-27 20:04:34.164 22335-27962 okhttp.OkHttpClient     com.cdccreditsmart.app               I  alt-svc: h3=":443"; ma=2592000,h3-29=":443"; ma=2592000
2026-01-27 20:04:34.165 22335-27962 okhttp.OkHttpClient     com.cdccreditsmart.app               I  {"deviceId":"device_1769137280282_l7srjesg25","serialNumber":"QJ3H4MKG","commandsCount":1,"commands":[{"id":"42431777-5610-4e8b-92c9-642eab18171a","commandType":"UNBLOCK_APPS_PROGRESSIVE","parameters":{"rules":[{"days":0,"level":0,"categories":[],"exceptions":[],"message_body":"Seu dispositivo estÃ¡ funcionando normalmente. Todas as parcelas estÃ£o em dia.","message_title":"RestriÃ§Ãµes Removidas"}],"reason":"Bloqueio manual forÃ§ado para nÃ­vel 0 pelo administrador","isManual":true,"categories":[],"exceptions":[],"daysOverdue":0,"targetLevel":0},"priority":"high","status":"pending","createdAt":"2026-01-27T23:04:32.347Z","expiresAt":"2026-01-28T23:04:32.329Z"}]}
2026-01-27 20:04:34.165 22335-27962 okhttp.OkHttpClient     com.cdccreditsmart.app               I  <-- END HTTP (670-byte body)
2026-01-27 20:04:34.311 22335-27962 MdmCommandAdapter       com.cdccreditsmart.app               D  PROGRESSIVE_BLOCK parsed - Format: legacy (rules), Level: 0, BlockCategories: 0, BlockedPackages: 0, HasBlockAllFlags: false, AlwaysAllowed: 0
2026-01-27 20:04:34.316 22335-22575 MdmCommandReceiver      com.cdccreditsmart.app               I  ğŸ” HTTP Response code: 200
2026-01-27 20:04:34.316 22335-22575 MdmCommandReceiver      com.cdccreditsmart.app               I  ğŸ” HTTP isSuccessful: true
2026-01-27 20:04:34.316 22335-22575 MdmCommandReceiver      com.cdccreditsmart.app               I  ğŸ” Response body deviceId: device_1769137280282_l7srjesg25
2026-01-27 20:04:34.316 22335-22575 MdmCommandReceiver      com.cdccreditsmart.app               I  ğŸ” Response body serialNumber: QJ3H4MKG
2026-01-27 20:04:34.316 22335-22575 MdmCommandReceiver      com.cdccreditsmart.app               I  ğŸ” Total de comandos: 1
2026-01-27 20:04:34.317 22335-22575 MdmCommandReceiver      com.cdccreditsmart.app               I  ğŸ“‹ ========================================
2026-01-27 20:04:34.318 22335-22575 MdmCommandReceiver      com.cdccreditsmart.app               I  ğŸ“‹ 1 COMANDOS PENDENTES ENCONTRADOS!
2026-01-27 20:04:34.318 22335-22575 MdmCommandReceiver      com.cdccreditsmart.app               I  ğŸ“‹ ========================================
2026-01-27 20:04:34.319 22335-22575 MdmCommandReceiver      com.cdccreditsmart.app               I  ğŸ“‹ [0] ID: 42431777-5610-4e8b-92c9-642eab18171a
2026-01-27 20:04:34.319 22335-22575 MdmCommandReceiver      com.cdccreditsmart.app               I  ğŸ“‹ [0] Tipo: UNBLOCK_APPS_PROGRESSIVE
2026-01-27 20:04:34.319 22335-22575 MdmCommandReceiver      com.cdccreditsmart.app               I  ğŸ“‹ [0] Status: pending
2026-01-27 20:04:34.319 22335-22575 MdmCommandReceiver      com.cdccreditsmart.app               I  ğŸ“‹ [0] Prioridade: high
2026-01-27 20:04:34.334 22335-22575 MdmCommandReceiver      com.cdccreditsmart.app               I  ğŸ“‹ [0] Parameters class: BlockParameters
2026-01-27 20:04:34.334 22335-22575 MdmCommandReceiver      com.cdccreditsmart.app               I  ğŸ“‹ Processando comando (timeout: 60s)...
2026-01-27 20:04:34.336 22335-22575 MdmCommandReceiver      com.cdccreditsmart.app               I  âš™ï¸ Processando comando 42431777-5610-4e8b-92c9-642eab18171a (tipo: UNBLOCK_APPS_PROGRESSIVE)
2026-01-27 20:04:34.351 22335-22575 CdcForegroundService    com.cdccreditsmart.app               D  ğŸ”‹ WakeLock adquirido para comando (30s timeout)
2026-01-27 20:04:34.351 22335-22575 MdmCommandReceiver      com.cdccreditsmart.app               D  ğŸ”‹ WakeLock adquirido para comando MDM 42431777-5610-4e8b-92c9-642eab18171a
2026-01-27 20:04:34.354 22335-22575 MdmCommandReceiver      com.cdccreditsmart.app               D  ğŸ“¡ Enviando ACK: POST /api/apk/device/commands/42431777-5610-4e8b-92c9-642eab18171a/status
2026-01-27 20:04:34.390 22335-27962 okhttp.OkHttpClient     com.cdccreditsmart.app               I  --> POST https://cdccreditsmart.com/api/apk/device/commands/42431777-5610-4e8b-92c9-642eab18171a/status
2026-01-27 20:04:34.391 22335-27962 okhttp.OkHttpClient     com.cdccreditsmart.app               I  Content-Type: application/json; charset=UTF-8
2026-01-27 20:04:34.391 22335-27962 okhttp.OkHttpClient     com.cdccreditsmart.app               I  Content-Length: 25
2026-01-27 20:04:34.391 22335-27962 okhttp.OkHttpClient     com.cdccreditsmart.app               I  {"status":"acknowledged"}
2026-01-27 20:04:34.392 22335-27962 okhttp.OkHttpClient     com.cdccreditsmart.app               I  --> END POST (25-byte body)
2026-01-27 20:04:34.812 22335-27962 okhttp.OkHttpClient     com.cdccreditsmart.app               I  <-- 404 https://cdccreditsmart.com/api/apk/device/commands/42431777-5610-4e8b-92c9-642eab18171a/status (420ms)
2026-01-27 20:04:34.812 22335-27962 okhttp.OkHttpClient     com.cdccreditsmart.app               I  access-control-allow-credentials: true
2026-01-27 20:04:34.812 22335-27962 okhttp.OkHttpClient     com.cdccreditsmart.app               I  access-control-allow-headers: Origin, X-Requested-With, Content-Type, Accept, Authorization, x-client-key, x-client-token, x-client-secret, cache-control
2026-01-27 20:04:34.813 22335-27962 okhttp.OkHttpClient     com.cdccreditsmart.app               I  access-control-allow-methods: GET, POST, PUT, PATCH, DELETE, OPTIONS
2026-01-27 20:04:34.813 22335-27962 okhttp.OkHttpClient     com.cdccreditsmart.app               I  access-control-allow-origin: *
2026-01-27 20:04:34.813 22335-27962 okhttp.OkHttpClient     com.cdccreditsmart.app               I  access-control-max-age: 86400
2026-01-27 20:04:34.813 22335-27962 okhttp.OkHttpClient     com.cdccreditsmart.app               I  content-length: 497
2026-01-27 20:04:34.813 22335-27962 okhttp.OkHttpClient     com.cdccreditsmart.app               I  content-security-policy: default-src 'self'; script-src 'self' 'unsafe-inline' 'unsafe-eval' https://replit.com; style-src 'self' 'unsafe-inline' https://replit.com; img-src 'self' data: https:; font-src 'self' data: https://replit.com; connect-src 'self';
2026-01-27 20:04:34.813 22335-27962 okhttp.OkHttpClient     com.cdccreditsmart.app               I  content-type: application/json; charset=utf-8
2026-01-27 20:04:34.813 22335-27962 okhttp.OkHttpClient     com.cdccreditsmart.app               I  date: Tue, 27 Jan 2026 23:04:34 GMT
2026-01-27 20:04:34.814 22335-27962 okhttp.OkHttpClient     com.cdccreditsmart.app               I  etag: W/"1f1-MlApcO4aG4eAKKPXeydNAsUzLW0"
2026-01-27 20:04:34.814 22335-27962 okhttp.OkHttpClient     com.cdccreditsmart.app               I  permissions-policy: geolocation=(), microphone=(), camera=()
2026-01-27 20:04:34.814 22335-27962 okhttp.OkHttpClient     com.cdccreditsmart.app               I  referrer-policy: strict-origin-when-cross-origin
2026-01-27 20:04:34.814 22335-27962 okhttp.OkHttpClient     com.cdccreditsmart.app               I  strict-transport-security: max-age=63072000; includeSubDomains
2026-01-27 20:04:34.814 22335-27962 okhttp.OkHttpClient     com.cdccreditsmart.app               I  strict-transport-security: max-age=31536000; includeSubDomains
2026-01-27 20:04:34.814 22335-27962 okhttp.OkHttpClient     com.cdccreditsmart.app               I  x-anti-fraud-protection: active
2026-01-27 20:04:34.814 22335-27962 okhttp.OkHttpClient     com.cdccreditsmart.app               I  x-certificate-pinning-enabled: false
2026-01-27 20:04:34.814 22335-27962 okhttp.OkHttpClient     com.cdccreditsmart.app               I  x-certificate-pinning-status: disabled-for-stability
2026-01-27 20:04:34.814 22335-27962 okhttp.OkHttpClient     com.cdccreditsmart.app               I  x-content-type-options: nosniff
2026-01-27 20:04:34.814 22335-27962 okhttp.OkHttpClient     com.cdccreditsmart.app               I  x-financial-data-protection: enabled
2026-01-27 20:04:34.815 22335-27962 okhttp.OkHttpClient     com.cdccreditsmart.app               I  x-frame-options: DENY
2026-01-27 20:04:34.815 22335-27962 okhttp.OkHttpClient     com.cdccreditsmart.app               I  x-transaction-security-level: maximum
2026-01-27 20:04:34.815 22335-27962 okhttp.OkHttpClient     com.cdccreditsmart.app               I  x-xss-protection: 1; mode=block
2026-01-27 20:04:34.815 22335-27962 okhttp.OkHttpClient     com.cdccreditsmart.app               I  via: 1.1 google
2026-01-27 20:04:34.815 22335-27962 okhttp.OkHttpClient     com.cdccreditsmart.app               I  alt-svc: h3=":443"; ma=2592000,h3-29=":443"; ma=2592000
2026-01-27 20:04:34.816 22335-27962 okhttp.OkHttpClient     com.cdccreditsmart.app               I  {"error":"API endpoint not found","message":"Rota APK nÃ£o encontrada","path":"/","method":"POST","timestamp":"2026-01-27T23:04:34.073Z","available_endpoints":["GET /api/apk/device/{serial}/status","POST /api/apk/device/{fingerprint}/sync","POST /api/apk/device/{fingerprint}/register-info","POST /api/apk/auth","GET /api/apk/device/{identifier}/commands","POST /api/apk/device/commands/{commandId}/status","POST /api/apk/device/{identifier}/command-response","GET /api/apk/device/commands/test"]}
2026-01-27 20:04:34.816 22335-27962 okhttp.OkHttpClient     com.cdccreditsmart.app               I  <-- END HTTP (497-byte body)
2026-01-27 20:04:34.819 22335-22575 MdmCommandReceiver      com.cdccreditsmart.app               W  âš ï¸ Endpoint status falhou (HTTP 404), tentando fallback...
2026-01-27 20:04:34.825 22335-22575 SecureTokenStorage      com.cdccreditsmart.app               D  âœ… Usando IMEI para MDM: 8608***718
2026-01-27 20:04:34.825 22335-22575 MdmCommandReceiver      com.cdccreditsmart.app               D  ğŸ“¡ Fallback: POST /api/apk/device/860875074339718/command-response
2026-01-27 20:04:34.836 22335-27962 okhttp.OkHttpClient     com.cdccreditsmart.app               I  --> POST https://cdccreditsmart.com/api/apk/device/860875074339718/command-response
2026-01-27 20:04:34.836 22335-27962 okhttp.OkHttpClient     com.cdccreditsmart.app               I  Content-Type: application/json; charset=UTF-8
2026-01-27 20:04:34.836 22335-27962 okhttp.OkHttpClient     com.cdccreditsmart.app               I  Content-Length: 76
2026-01-27 20:04:34.836 22335-27962 okhttp.OkHttpClient     com.cdccreditsmart.app               I  {"commandId":"42431777-5610-4e8b-92c9-642eab18171a","status":"acknowledged"}
2026-01-27 20:04:34.836 22335-27962 okhttp.OkHttpClient     com.cdccreditsmart.app               I  --> END POST (76-byte body)
2026-01-27 20:04:35.539 22335-27962 okhttp.OkHttpClient     com.cdccreditsmart.app               I  <-- 200 https://cdccreditsmart.com/api/apk/device/860875074339718/command-response (702ms)
2026-01-27 20:04:35.540 22335-27962 okhttp.OkHttpClient     com.cdccreditsmart.app               I  access-control-allow-credentials: true
2026-01-27 20:04:35.540 22335-27962 okhttp.OkHttpClient     com.cdccreditsmart.app               I  access-control-allow-headers: Origin, X-Requested-With, Content-Type, Accept, Authorization, x-client-key, x-client-token, x-client-secret, cache-control
2026-01-27 20:04:35.540 22335-27962 okhttp.OkHttpClient     com.cdccreditsmart.app               I  access-control-allow-methods: GET, POST, PUT, PATCH, DELETE, OPTIONS
2026-01-27 20:04:35.541 22335-27962 okhttp.OkHttpClient     com.cdccreditsmart.app               I  access-control-allow-origin: *
2026-01-27 20:04:35.541 22335-27962 okhttp.OkHttpClient     com.cdccreditsmart.app               I  access-control-max-age: 86400
2026-01-27 20:04:35.541 22335-27962 okhttp.OkHttpClient     com.cdccreditsmart.app               I  content-length: 59
2026-01-27 20:04:35.541 22335-27962 okhttp.OkHttpClient     com.cdccreditsmart.app               I  content-security-policy: default-src 'self'; script-src 'self' 'unsafe-inline' 'unsafe-eval' https://replit.com; style-src 'self' 'unsafe-inline' https://replit.com; img-src 'self' data: https:; font-src 'self' data: https://replit.com; connect-src 'self';
2026-01-27 20:04:35.541 22335-27962 okhttp.OkHttpClient     com.cdccreditsmart.app               I  content-type: application/json; charset=utf-8
2026-01-27 20:04:35.541 22335-27962 okhttp.OkHttpClient     com.cdccreditsmart.app               I  date: Tue, 27 Jan 2026 23:04:34 GMT
2026-01-27 20:04:35.541 22335-27962 okhttp.OkHttpClient     com.cdccreditsmart.app               I  etag: W/"3b-9gCHwmPb8p6jYm5WExczQnIIdAU"
2026-01-27 20:04:35.541 22335-27962 okhttp.OkHttpClient     com.cdccreditsmart.app               I  permissions-policy: geolocation=(), microphone=(), camera=()
2026-01-27 20:04:35.541 22335-27962 okhttp.OkHttpClient     com.cdccreditsmart.app               I  referrer-policy: strict-origin-when-cross-origin
2026-01-27 20:04:35.541 22335-27962 okhttp.OkHttpClient     com.cdccreditsmart.app               I  strict-transport-security: max-age=63072000; includeSubDomains
2026-01-27 20:04:35.542 22335-27962 okhttp.OkHttpClient     com.cdccreditsmart.app               I  strict-transport-security: max-age=31536000; includeSubDomains
2026-01-27 20:04:35.542 22335-27962 okhttp.OkHttpClient     com.cdccreditsmart.app               I  x-anti-fraud-protection: active
2026-01-27 20:04:35.542 22335-27962 okhttp.OkHttpClient     com.cdccreditsmart.app               I  x-certificate-pinning-enabled: false
2026-01-27 20:04:35.542 22335-27962 okhttp.OkHttpClient     com.cdccreditsmart.app               I  x-certificate-pinning-status: disabled-for-stability
2026-01-27 20:04:35.542 22335-27962 okhttp.OkHttpClient     com.cdccreditsmart.app               I  x-content-type-options: nosniff
2026-01-27 20:04:35.542 22335-27962 okhttp.OkHttpClient     com.cdccreditsmart.app               I  x-financial-data-protection: enabled
2026-01-27 20:04:35.542 22335-27962 okhttp.OkHttpClient     com.cdccreditsmart.app               I  x-frame-options: DENY
2026-01-27 20:04:35.542 22335-27962 okhttp.OkHttpClient     com.cdccreditsmart.app               I  x-transaction-security-level: maximum
2026-01-27 20:04:35.543 22335-27962 okhttp.OkHttpClient     com.cdccreditsmart.app               I  x-xss-protection: 1; mode=block
2026-01-27 20:04:35.543 22335-27962 okhttp.OkHttpClient     com.cdccreditsmart.app               I  via: 1.1 google
2026-01-27 20:04:35.543 22335-27962 okhttp.OkHttpClient     com.cdccreditsmart.app               I  alt-svc: h3=":443"; ma=2592000,h3-29=":443"; ma=2592000
2026-01-27 20:04:35.544 22335-27962 okhttp.OkHttpClient     com.cdccreditsmart.app               I  {"success":true,"message":"Resposta do comando registrada"}
2026-01-27 20:04:35.544 22335-27962 okhttp.OkHttpClient     com.cdccreditsmart.app               I  <-- END HTTP (59-byte body)
2026-01-27 20:04:35.546 22335-22575 MdmCommandReceiver      com.cdccreditsmart.app               I  âœ… ACK enviado via fallback para comando 42431777-5610-4e8b-92c9-642eab18171a
2026-01-27 20:04:35.546 22335-22575 MdmCommandReceiver      com.cdccreditsmart.app               I  âš™ï¸ Level: 0, Days: 0
2026-01-27 20:04:35.744 22335-22575 MdmCommandReceiver      com.cdccreditsmart.app               I  ğŸ• Timestamp confiÃ¡vel do servidor salvo
2026-01-27 20:04:35.744 22335-22575 MdmCommandReceiver      com.cdccreditsmart.app               I  ğŸ”“ NÃVEL 0 DETECTADO - Desbloqueando TODOS os apps...
2026-01-27 20:04:35.745 22335-22575 AppBlockingManager      com.cdccreditsmart.app               I  
2026-01-27 20:04:35.745 22335-22575 AppBlockingManager      com.cdccreditsmart.app               I  â•”â•â•â•â•â•â•â•â•â•â•â•â•â•â•â•â•â•â•â•â•â•â•â•â•â•â•â•â•â•â•â•â•â•â•â•â•â•â•â•â•â•â•â•â•â•â•â•â•â•â•â•â•â•—
2026-01-27 20:04:35.745 22335-22575 AppBlockingManager      com.cdccreditsmart.app               I  â•‘  ğŸ”“ DESBLOQUEIO TOTAL - NÃVEL 0 (PAGAMENTO)      â•‘
2026-01-27 20:04:35.745 22335-22575 AppBlockingManager      com.cdccreditsmart.app               I  â•šâ•â•â•â•â•â•â•â•â•â•â•â•â•â•â•â•â•â•â•â•â•â•â•â•â•â•â•â•â•â•â•â•â•â•â•â•â•â•â•â•â•â•â•â•â•â•â•â•â•â•â•â•â•
2026-01-27 20:04:35.745 22335-22575 AppBlockingManager      com.cdccreditsmart.app               I  
2026-01-27 20:04:35.745 22335-22575 AppBlockingManager      com.cdccreditsmart.app               D  ğŸ’¾ Estado de bloqueio limpo (incluindo categorias e pacotes acumulados)
2026-01-27 20:04:35.899 22335-22575 LocalAccountState       com.cdccreditsmart.app               D  âœ… Blocking state cleared
2026-01-27 20:04:35.900 22335-22575 AppBlockingManager      com.cdccreditsmart.app               D  ğŸ’¾ LocalAccountState blocking state tambÃ©m limpo
2026-01-27 20:04:35.941 22335-22575 AppBlockingManager      com.cdccreditsmart.app               I  ğŸ“ DISALLOW_CONFIG_LOCATION removido - usuÃ¡rio pode controlar GPS
2026-01-27 20:04:36.075 22335-22575 AppBlockingManager      com.cdccreditsmart.app               D  ğŸ“Š Total de apps a desbloquear: 302
2026-01-27 20:04:36.190 22335-22575 AppBlockingManager      com.cdccreditsmart.app               I  âœ… 302 apps liberados via setPackagesSuspended
2026-01-27 20:04:36.190 22335-22575 AppBlockingManager      com.cdccreditsmart.app               I  âœ… BlockedAppInterceptor tambÃ©m nÃ£o vai mais interceptar
2026-01-27 20:04:36.190 22335-22575 AppBlockingManager      com.cdccreditsmart.app               I  
2026-01-27 20:04:36.190 22335-22575 AppBlockingManager      com.cdccreditsmart.app               I  â•”â•â•â•â•â•â•â•â•â•â•â•â•â•â•â•â•â•â•â•â•â•â•â•â•â•â•â•â•â•â•â•â•â•â•â•â•â•â•â•â•â•â•â•â•â•â•â•â•â•â•â•â•â•—
2026-01-27 20:04:36.190 22335-22575 AppBlockingManager      com.cdccreditsmart.app               I  â•‘  âœ… DESBLOQUEIO TOTAL CONCLUÃDO COM SUCESSO!     â•‘
2026-01-27 20:04:36.190 22335-22575 AppBlockingManager      com.cdccreditsmart.app               I  â• â•â•â•â•â•â•â•â•â•â•â•â•â•â•â•â•â•â•â•â•â•â•â•â•â•â•â•â•â•â•â•â•â•â•â•â•â•â•â•â•â•â•â•â•â•â•â•â•â•â•â•â•â•£
2026-01-27 20:04:36.190 22335-22575 AppBlockingManager      com.cdccreditsmart.app               I  â•‘  Apps desbloqueados: 302              â•‘
2026-01-27 20:04:36.190 22335-22575 AppBlockingManager      com.cdccreditsmart.app               I  â•‘  Knox Lockscreen: Resetado                        â•‘
2026-01-27 20:04:36.190 22335-22575 AppBlockingManager      com.cdccreditsmart.app               I  â•‘  Estado de bloqueio: Limpo                        â•‘
2026-01-27 20:04:36.190 22335-22575 AppBlockingManager      com.cdccreditsmart.app               I  â•šâ•â•â•â•â•â•â•â•â•â•â•â•â•â•â•â•â•â•â•â•â•â•â•â•â•â•â•â•â•â•â•â•â•â•â•â•â•â•â•â•â•â•â•â•â•â•â•â•â•â•â•â•â•
2026-01-27 20:04:36.190 22335-22575 AppBlockingManager      com.cdccreditsmart.app               I  
2026-01-27 20:04:36.280 22335-22575 ReflectionKnoxClient    com.cdccreditsmart.app               W  Samsung Knox SDK nÃ£o encontrado - funcionalidade desabilitada
2026-01-27 20:04:36.284 22335-22575 MdmCommandReceiver      com.cdccreditsmart.app               I  âœ… Desbloqueio completo - Success: true, Apps: 302
2026-01-27 20:04:36.286 22335-22575 MdmCommandReceiver      com.cdccreditsmart.app               D  ğŸ“¡ Enviando response para comando: 42431777-5610-4e8b-92c9-642eab18171a
2026-01-27 20:04:36.286 22335-22575 MdmCommandReceiver      com.cdccreditsmart.app               D  ğŸ“¡ Status: completed
2026-01-27 20:04:36.286 22335-22575 MdmCommandReceiver      com.cdccreditsmart.app               D  ğŸ“¡ Enviando: POST /api/apk/device/commands/42431777-5610-4e8b-92c9-642eab18171a/status
2026-01-27 20:04:36.297 22335-27962 okhttp.OkHttpClient     com.cdccreditsmart.app               I  --> POST https://cdccreditsmart.com/api/apk/device/commands/42431777-5610-4e8b-92c9-642eab18171a/status
2026-01-27 20:04:36.299 22335-27962 okhttp.OkHttpClient     com.cdccreditsmart.app               I  Content-Type: application/json; charset=UTF-8
2026-01-27 20:04:36.300 22335-27962 okhttp.OkHttpClient     com.cdccreditsmart.app               I  Content-Length: 74
2026-01-27 20:04:36.301 22335-27962 okhttp.OkHttpClient     com.cdccreditsmart.app               I  {"status":"completed","result":{"success":true,"timestamp":1769555076286}}
2026-01-27 20:04:36.301 22335-27962 okhttp.OkHttpClient     com.cdccreditsmart.app               I  --> END POST (74-byte body)
2026-01-27 20:04:36.663 22335-27962 okhttp.OkHttpClient     com.cdccreditsmart.app               I  <-- 404 https://cdccreditsmart.com/api/apk/device/commands/42431777-5610-4e8b-92c9-642eab18171a/status (361ms)
2026-01-27 20:04:36.663 22335-27962 okhttp.OkHttpClient     com.cdccreditsmart.app               I  access-control-allow-credentials: true
2026-01-27 20:04:36.663 22335-27962 okhttp.OkHttpClient     com.cdccreditsmart.app               I  access-control-allow-headers: Origin, X-Requested-With, Content-Type, Accept, Authorization, x-client-key, x-client-token, x-client-secret, cache-control
2026-01-27 20:04:36.663 22335-27962 okhttp.OkHttpClient     com.cdccreditsmart.app               I  access-control-allow-methods: GET, POST, PUT, PATCH, DELETE, OPTIONS
2026-01-27 20:04:36.663 22335-27962 okhttp.OkHttpClient     com.cdccreditsmart.app               I  access-control-allow-origin: *
2026-01-27 20:04:36.664 22335-27962 okhttp.OkHttpClient     com.cdccreditsmart.app               I  access-control-max-age: 86400
2026-01-27 20:04:36.666 22335-27962 okhttp.OkHttpClient     com.cdccreditsmart.app               I  content-length: 497
2026-01-27 20:04:36.666 22335-27962 okhttp.OkHttpClient     com.cdccreditsmart.app               I  content-security-policy: default-src 'self'; script-src 'self' 'unsafe-inline' 'unsafe-eval' https://replit.com; style-src 'self' 'unsafe-inline' https://replit.com; img-src 'self' data: https:; font-src 'self' data: https://replit.com; connect-src 'self';
2026-01-27 20:04:36.666 22335-27962 okhttp.OkHttpClient     com.cdccreditsmart.app               I  content-type: application/json; charset=utf-8
2026-01-27 20:04:36.667 22335-27962 okhttp.OkHttpClient     com.cdccreditsmart.app               I  date: Tue, 27 Jan 2026 23:04:35 GMT
2026-01-27 20:04:36.667 22335-27962 okhttp.OkHttpClient     com.cdccreditsmart.app               I  etag: W/"1f1-n4pbua+jGUpF9WdcMFZhf6VtHz8"
2026-01-27 20:04:36.667 22335-27962 okhttp.OkHttpClient     com.cdccreditsmart.app               I  permissions-policy: geolocation=(), microphone=(), camera=()
2026-01-27 20:04:36.667 22335-27962 okhttp.OkHttpClient     com.cdccreditsmart.app               I  referrer-policy: strict-origin-when-cross-origin
2026-01-27 20:04:36.667 22335-27962 okhttp.OkHttpClient     com.cdccreditsmart.app               I  strict-transport-security: max-age=63072000; includeSubDomains
2026-01-27 20:04:36.667 22335-27962 okhttp.OkHttpClient     com.cdccreditsmart.app               I  strict-transport-security: max-age=31536000; includeSubDomains
2026-01-27 20:04:36.667 22335-27962 okhttp.OkHttpClient     com.cdccreditsmart.app               I  x-anti-fraud-protection: active
2026-01-27 20:04:36.667 22335-27962 okhttp.OkHttpClient     com.cdccreditsmart.app               I  x-certificate-pinning-enabled: false
2026-01-27 20:04:36.667 22335-27962 okhttp.OkHttpClient     com.cdccreditsmart.app               I  x-certificate-pinning-status: disabled-for-stability
2026-01-27 20:04:36.667 22335-27962 okhttp.OkHttpClient     com.cdccreditsmart.app               I  x-content-type-options: nosniff
2026-01-27 20:04:36.667 22335-27962 okhttp.OkHttpClient     com.cdccreditsmart.app               I  x-financial-data-protection: enabled
2026-01-27 20:04:36.667 22335-27962 okhttp.OkHttpClient     com.cdccreditsmart.app               I  x-frame-options: DENY
2026-01-27 20:04:36.667 22335-27962 okhttp.OkHttpClient     com.cdccreditsmart.app               I  x-transaction-security-level: maximum
2026-01-27 20:04:36.668 22335-27962 okhttp.OkHttpClient     com.cdccreditsmart.app               I  x-xss-protection: 1; mode=block
2026-01-27 20:04:36.668 22335-27962 okhttp.OkHttpClient     com.cdccreditsmart.app               I  via: 1.1 google
2026-01-27 20:04:36.668 22335-27962 okhttp.OkHttpClient     com.cdccreditsmart.app               I  alt-svc: h3=":443"; ma=2592000,h3-29=":443"; ma=2592000
2026-01-27 20:04:36.678 22335-27962 okhttp.OkHttpClient     com.cdccreditsmart.app               I  {"error":"API endpoint not found","message":"Rota APK nÃ£o encontrada","path":"/","method":"POST","timestamp":"2026-01-27T23:04:35.958Z","available_endpoints":["GET /api/apk/device/{serial}/status","POST /api/apk/device/{fingerprint}/sync","POST /api/apk/device/{fingerprint}/register-info","POST /api/apk/auth","GET /api/apk/device/{identifier}/commands","POST /api/apk/device/commands/{commandId}/status","POST /api/apk/device/{identifier}/command-response","GET /api/apk/device/commands/test"]}
2026-01-27 20:04:36.679 22335-27962 okhttp.OkHttpClient     com.cdccreditsmart.app               I  <-- END HTTP (497-byte body)
2026-01-27 20:04:36.681 22335-22575 MdmCommandReceiver      com.cdccreditsmart.app               W  âš ï¸ Endpoint status falhou (HTTP 404), tentando fallback...
2026-01-27 20:04:36.692 22335-22575 SecureTokenStorage      com.cdccreditsmart.app               D  âœ… Usando IMEI para MDM: 8608***718
2026-01-27 20:04:36.692 22335-22575 MdmCommandReceiver      com.cdccreditsmart.app               D  ğŸ“¡ Fallback: Usando endpoint legado: POST /api/apk/device/860875074339718/command-response
2026-01-27 20:04:36.708 22335-27962 okhttp.OkHttpClient     com.cdccreditsmart.app               I  --> POST https://cdccreditsmart.com/api/apk/device/860875074339718/command-response
2026-01-27 20:04:36.710 22335-27962 okhttp.OkHttpClient     com.cdccreditsmart.app               I  Content-Type: application/json; charset=UTF-8
2026-01-27 20:04:36.710 22335-27962 okhttp.OkHttpClient     com.cdccreditsmart.app               I  Content-Length: 127
2026-01-27 20:04:36.711 22335-27962 okhttp.OkHttpClient     com.cdccreditsmart.app               I  {"commandId":"42431777-5610-4e8b-92c9-642eab18171a","status":"completed","response":{"success":true,"timestamp":1769555076692}}
2026-01-27 20:04:36.712 22335-27962 okhttp.OkHttpClient     com.cdccreditsmart.app               I  --> END POST (127-byte body)
2026-01-27 20:04:37.219 22335-27962 okhttp.OkHttpClient     com.cdccreditsmart.app               I  <-- 200 https://cdccreditsmart.com/api/apk/device/860875074339718/command-response (507ms)
2026-01-27 20:04:37.221 22335-27962 okhttp.OkHttpClient     com.cdccreditsmart.app               I  access-control-allow-credentials: true
2026-01-27 20:04:37.221 22335-27962 okhttp.OkHttpClient     com.cdccreditsmart.app               I  access-control-allow-headers: Origin, X-Requested-With, Content-Type, Accept, Authorization, x-client-key, x-client-token, x-client-secret, cache-control
2026-01-27 20:04:37.221 22335-27962 okhttp.OkHttpClient     com.cdccreditsmart.app               I  access-control-allow-methods: GET, POST, PUT, PATCH, DELETE, OPTIONS
2026-01-27 20:04:37.221 22335-27962 okhttp.OkHttpClient     com.cdccreditsmart.app               I  access-control-allow-origin: *
2026-01-27 20:04:37.222 22335-27962 okhttp.OkHttpClient     com.cdccreditsmart.app               I  access-control-max-age: 86400
2026-01-27 20:04:37.222 22335-27962 okhttp.OkHttpClient     com.cdccreditsmart.app               I  content-length: 59
2026-01-27 20:04:37.222 22335-27962 okhttp.OkHttpClient     com.cdccreditsmart.app               I  content-security-policy: default-src 'self'; script-src 'self' 'unsafe-inline' 'unsafe-eval' https://replit.com; style-src 'self' 'unsafe-inline' https://replit.com; img-src 'self' data: https:; font-src 'self' data: https://replit.com; connect-src 'self';
2026-01-27 20:04:37.222 22335-27962 okhttp.OkHttpClient     com.cdccreditsmart.app               I  content-type: application/json; charset=utf-8
2026-01-27 20:04:37.223 22335-27962 okhttp.OkHttpClient     com.cdccreditsmart.app               I  date: Tue, 27 Jan 2026 23:04:36 GMT
2026-01-27 20:04:37.223 22335-27962 okhttp.OkHttpClient     com.cdccreditsmart.app               I  etag: W/"3b-9gCHwmPb8p6jYm5WExczQnIIdAU"
2026-01-27 20:04:37.224 22335-27962 okhttp.OkHttpClient     com.cdccreditsmart.app               I  permissions-policy: geolocation=(), microphone=(), camera=()
2026-01-27 20:04:37.224 22335-27962 okhttp.OkHttpClient     com.cdccreditsmart.app               I  referrer-policy: strict-origin-when-cross-origin
2026-01-27 20:04:37.224 22335-27962 okhttp.OkHttpClient     com.cdccreditsmart.app               I  strict-transport-security: max-age=63072000; includeSubDomains
2026-01-27 20:04:37.224 22335-27962 okhttp.OkHttpClient     com.cdccreditsmart.app               I  strict-transport-security: max-age=31536000; includeSubDomains
2026-01-27 20:04:37.224 22335-27962 okhttp.OkHttpClient     com.cdccreditsmart.app               I  x-anti-fraud-protection: active
2026-01-27 20:04:37.225 22335-27962 okhttp.OkHttpClient     com.cdccreditsmart.app               I  x-certificate-pinning-enabled: false
2026-01-27 20:04:37.225 22335-27962 okhttp.OkHttpClient     com.cdccreditsmart.app               I  x-certificate-pinning-status: disabled-for-stability
2026-01-27 20:04:37.225 22335-27962 okhttp.OkHttpClient     com.cdccreditsmart.app               I  x-content-type-options: nosniff
2026-01-27 20:04:37.225 22335-27962 okhttp.OkHttpClient     com.cdccreditsmart.app               I  x-financial-data-protection: enabled
2026-01-27 20:04:37.226 22335-27962 okhttp.OkHttpClient     com.cdccreditsmart.app               I  x-frame-options: DENY
2026-01-27 20:04:37.226 22335-27962 okhttp.OkHttpClient     com.cdccreditsmart.app               I  x-transaction-security-level: maximum
2026-01-27 20:04:37.226 22335-27962 okhttp.OkHttpClient     com.cdccreditsmart.app               I  x-xss-protection: 1; mode=block
2026-01-27 20:04:37.226 22335-27962 okhttp.OkHttpClient     com.cdccreditsmart.app               I  via: 1.1 google
2026-01-27 20:04:37.226 22335-27962 okhttp.OkHttpClient     com.cdccreditsmart.app               I  alt-svc: h3=":443"; ma=2592000,h3-29=":443"; ma=2592000
2026-01-27 20:04:37.230 22335-27962 okhttp.OkHttpClient     com.cdccreditsmart.app               I  {"success":true,"message":"Resposta do comando registrada"}
2026-01-27 20:04:37.230 22335-27962 okhttp.OkHttpClient     com.cdccreditsmart.app               I  <-- END HTTP (59-byte body)
2026-01-27 20:04:37.233 22335-22575 MdmCommandReceiver      com.cdccreditsmart.app               I  âœ… Response enviado via fallback para comando 42431777-5610-4e8b-92c9-642eab18171a: completed
2026-01-27 20:04:37.242 22335-22575 MdmCommandReceiver      com.cdccreditsmart.app               I  ğŸ“‹ ========================================
2026-01-27 20:04:37.243 22335-22575 MdmCommandReceiver      com.cdccreditsmart.app               D  ğŸ“Š Fetch duration: 3851ms
2026-01-27 20:04:39.428 22335-22575 MdmCommandReceiver      com.cdccreditsmart.app               D  ğŸ’“ Ping JSON enviado (timestamp: 1769555079422)
2026-01-27 20:04:39.938 22335-27699 MdmCommandReceiver      com.cdccreditsmart.app               D  ğŸ“¥ Mensagem MDM recebida: {"type":"pong","timestamp":"2026-01-27T23:04:38.976Z"}
2026-01-27 20:04:39.944 22335-22575 MdmCommandReceiver      com.cdccreditsmart.app               D  ğŸ“¥ JSON recebido: {"type":"pong","timestamp":"2026-01-27T23:04:38.976Z"}
2026-01-27 20:04:39.983 22335-22575 MdmCommandReceiver      com.cdccreditsmart.app               D  ğŸ“¨ Tipo de mensagem: pong
2026-01-27 20:04:40.008 22335-22575 MdmCommandReceiver      com.cdccreditsmart.app               D  ğŸ’“ Pong recebido (latency: N/A)
2026-01-27 20:04:56.341 22335-30042 IconProtectionWorker    com.cdccreditsmart.app               D  ğŸ” Verificando proteÃ§Ã£o do Ã­cone...
