2026-02-04 22:56:53.280 17788-18430 okhttp.OkHttpClient     com.cdccreditsmart.app               I  content-security-policy: default-src 'self'; script-src 'self' 'unsafe-inline' 'unsafe-eval' https://replit.com; style-src 'self' 'unsafe-inline' https://replit.com; img-src 'self' data: https:; font-src 'self' data: https://replit.com; connect-src 'self';
2026-02-04 22:56:53.280 17788-18430 okhttp.OkHttpClient     com.cdccreditsmart.app               I  content-type: application/json; charset=utf-8
2026-02-04 22:56:53.280 17788-18430 okhttp.OkHttpClient     com.cdccreditsmart.app               I  date: Thu, 05 Feb 2026 01:56:53 GMT
2026-02-04 22:56:53.280 17788-18430 okhttp.OkHttpClient     com.cdccreditsmart.app               I  etag: W/"3b-9gCHwmPb8p6jYm5WExczQnIIdAU"
2026-02-04 22:56:53.281 17788-18430 okhttp.OkHttpClient     com.cdccreditsmart.app               I  permissions-policy: geolocation=(), microphone=(), camera=()
2026-02-04 22:56:53.281 17788-18430 okhttp.OkHttpClient     com.cdccreditsmart.app               I  referrer-policy: strict-origin-when-cross-origin
2026-02-04 22:56:53.281 17788-18430 okhttp.OkHttpClient     com.cdccreditsmart.app               I  strict-transport-security: max-age=63072000; includeSubDomains
2026-02-04 22:56:53.281 17788-18430 okhttp.OkHttpClient     com.cdccreditsmart.app               I  strict-transport-security: max-age=31536000; includeSubDomains
2026-02-04 22:56:53.281 17788-18430 okhttp.OkHttpClient     com.cdccreditsmart.app               I  x-anti-fraud-protection: active
2026-02-04 22:56:53.281 17788-18430 okhttp.OkHttpClient     com.cdccreditsmart.app               I  x-certificate-pinning-enabled: false
2026-02-04 22:56:53.281 17788-18430 okhttp.OkHttpClient     com.cdccreditsmart.app               I  x-certificate-pinning-status: disabled-for-stability
2026-02-04 22:56:53.281 17788-18430 okhttp.OkHttpClient     com.cdccreditsmart.app               I  x-content-type-options: nosniff
2026-02-04 22:56:53.281 17788-18430 okhttp.OkHttpClient     com.cdccreditsmart.app               I  x-financial-data-protection: enabled
2026-02-04 22:56:53.281 17788-18430 okhttp.OkHttpClient     com.cdccreditsmart.app               I  x-frame-options: DENY
2026-02-04 22:56:53.281 17788-18430 okhttp.OkHttpClient     com.cdccreditsmart.app               I  x-transaction-security-level: maximum
2026-02-04 22:56:53.281 17788-18430 okhttp.OkHttpClient     com.cdccreditsmart.app               I  x-xss-protection: 1; mode=block
2026-02-04 22:56:53.281 17788-18430 okhttp.OkHttpClient     com.cdccreditsmart.app               I  via: 1.1 google
2026-02-04 22:56:53.281 17788-18430 okhttp.OkHttpClient     com.cdccreditsmart.app               I  alt-svc: h3=":443"; ma=2592000,h3-29=":443"; ma=2592000
2026-02-04 22:56:53.282 17788-18430 okhttp.OkHttpClient     com.cdccreditsmart.app               I  {"success":true,"message":"Resposta do comando registrada"}
2026-02-04 22:56:53.282 17788-18430 okhttp.OkHttpClient     com.cdccreditsmart.app               I  <-- END HTTP (59-byte body)
2026-02-04 22:56:53.285 17788-17921 MdmCommandReceiver      com.cdccreditsmart.app               I  âœ… Response enviado via fallback para comando 88cd514f-256b-4f26-8ba2-6c64877cfc06: completed
2026-02-04 22:56:53.285 17788-17921 MdmCommandReceiver      com.cdccreditsmart.app               I  ðŸ“‹ ========================================
2026-02-04 22:56:53.285 17788-17921 MdmCommandReceiver      com.cdccreditsmart.app               D  ðŸ“Š Fetch duration: 4326ms
2026-02-04 22:56:54.172 17788-17788 ScrollIdentify          com.cdccreditsmart.app               I  on fling
2026-02-04 22:56:55.324 17788-17788 WindowOnBackDispatcher  com.cdccreditsmart.app               W  sendCancelIfRunning: isInProgress=false callback=androidx.activity.OnBackPressedDispatcher$Api34Impl$createOnBackAnimationCallback$1@af4af06
2026-02-04 22:56:55.341 17788-17788 SecureTokenStorage      com.cdccreditsmart.app               D  âœ… Usando IMEI para MDM: 3531***198
2026-02-04 22:56:55.341 17788-17788 SimpleHomeViewModel     com.cdccreditsmart.app               D  ðŸ“¦ VerificaÃ§Ã£o de autenticaÃ§Ã£o:
2026-02-04 22:56:55.341 17788-17788 SimpleHomeViewModel     com.cdccreditsmart.app               D     Token: presente
2026-02-04 22:56:55.341 17788-17788 SimpleHomeViewModel     com.cdccreditsmart.app               D     DeviceInfo: presente
2026-02-04 22:56:55.341 17788-17788 SimpleHomeViewModel     com.cdccreditsmart.app               D     ContractCode: presente
2026-02-04 22:56:55.342 17788-17788 NetworkConnectivity     com.cdccreditsmart.app               D  âœ… Conectado via WiFi com internet
2026-02-04 22:56:55.342 17788-17788 SimpleHomeViewModel     com.cdccreditsmart.app               D  ðŸ“¡ Fetching device installments from /api/apk/device/installments...
2026-02-04 22:56:55.350 17788-18708 SimpleHomeViewModel     com.cdccreditsmart.app               D  âœ… Added Authorization header with token
2026-02-04 22:56:55.352 17788-18708 SecureTokenStorage      com.cdccreditsmart.app               D  âœ… Usando IMEI para MDM: 3531***198
2026-02-04 22:56:55.355 17788-18708 SimpleHomeViewModel     com.cdccreditsmart.app               D  ðŸ“± Added X-Device-IMEI header
2026-02-04 22:56:55.355 17788-18708 SimpleHomeViewModel     com.cdccreditsmart.app               D  ðŸ“± Added X-Device-SerialNumber header
2026-02-04 22:56:55.355 17788-18708 SimpleHomeViewModel     com.cdccreditsmart.app               D  ðŸ“± Added X-Device-ID header
2026-02-04 22:56:55.355 17788-18708 SimpleHomeViewModel     com.cdccreditsmart.app               D  ðŸ“¤ Request URL: https://cdccreditsmart.com/api/apk/device/installments
2026-02-04 22:56:56.163 17788-18708 SimpleHomeViewModel     com.cdccreditsmart.app               D  ðŸ“¥ Response Code: 200
2026-02-04 22:56:56.199 17788-17788 SimpleHomeViewModel     com.cdccreditsmart.app               D  âœ… Successfully fetched installments data
2026-02-04 22:56:56.199 17788-17788 SimpleHomeViewModel     com.cdccreditsmart.app               D  ðŸ“Š Device: MOTOROLA Moto G15 Power 128GB Grafite 4G 4GB RAM
2026-02-04 22:56:56.199 17788-17788 SimpleHomeViewModel     com.cdccreditsmart.app               D  ðŸ“Š Total installments: 24
2026-02-04 22:56:56.199 17788-17788 SimpleHomeViewModel     com.cdccreditsmart.app               D  ðŸ“Š Paid: 0
2026-02-04 22:56:56.199 17788-17788 SimpleHomeViewModel     com.cdccreditsmart.app               D  ðŸ“Š Overdue: 0
2026-02-04 22:56:56.199 17788-17788 SimpleHomeViewModel     com.cdccreditsmart.app               D  ðŸ“Š All installments count: 24
2026-02-04 22:56:56.199 17788-17788 SimpleHomeViewModel     com.cdccreditsmart.app               D  ðŸ“‹ Parcela #1: status=pending, isPaid=false, dueDate=2026-02-20T01:56:36.478Z
2026-02-04 22:56:56.199 17788-17788 SimpleHomeViewModel     com.cdccreditsmart.app               D  ðŸ“‹ Parcela #2: status=pending, isPaid=false, dueDate=2026-03-07T01:56:36.478Z
2026-02-04 22:56:56.199 17788-17788 SimpleHomeViewModel     com.cdccreditsmart.app               D  ðŸ“‹ Parcela #3: status=pending, isPaid=false, dueDate=2026-03-22T01:56:36.478Z
2026-02-04 22:56:56.199 17788-17788 SimpleHomeViewModel     com.cdccreditsmart.app               D  ðŸ“‹ Parcela #4: status=pending, isPaid=false, dueDate=2026-04-06T01:56:36.478Z
2026-02-04 22:56:56.199 17788-17788 SimpleHomeViewModel     com.cdccreditsmart.app               D  ðŸ“‹ Parcela #5: status=pending, isPaid=false, dueDate=2026-04-21T01:56:36.478Z
2026-02-04 22:56:56.199 17788-17788 SimpleHomeViewModel     com.cdccreditsmart.app               D  ðŸ“‹ Parcela #6: status=pending, isPaid=false, dueDate=2026-05-06T01:56:36.478Z
2026-02-04 22:56:56.199 17788-17788 SimpleHomeViewModel     com.cdccreditsmart.app               D  ðŸ“‹ Parcela #7: status=pending, isPaid=false, dueDate=2026-05-21T01:56:36.478Z
2026-02-04 22:56:56.199 17788-17788 SimpleHomeViewModel     com.cdccreditsmart.app               D  ðŸ“‹ Parcela #8: status=pending, isPaid=false, dueDate=2026-06-05T01:56:36.478Z
2026-02-04 22:56:56.199 17788-17788 SimpleHomeViewModel     com.cdccreditsmart.app               D  ðŸ“‹ Parcela #9: status=pending, isPaid=false, dueDate=2026-06-20T01:56:36.478Z
2026-02-04 22:56:56.199 17788-17788 SimpleHomeViewModel     com.cdccreditsmart.app               D  ðŸ“‹ Parcela #10: status=pending, isPaid=false, dueDate=2026-07-05T01:56:36.478Z
2026-02-04 22:56:56.199 17788-17788 SimpleHomeViewModel     com.cdccreditsmart.app               D  ðŸ“‹ Parcela #11: status=pending, isPaid=false, dueDate=2026-07-20T01:56:36.478Z
2026-02-04 22:56:56.199 17788-17788 SimpleHomeViewModel     com.cdccreditsmart.app               D  ðŸ“‹ Parcela #12: status=pending, isPaid=false, dueDate=2026-08-04T01:56:36.478Z
2026-02-04 22:56:56.199 17788-17788 SimpleHomeViewModel     com.cdccreditsmart.app               D  ðŸ“‹ Parcela #13: status=pending, isPaid=false, dueDate=2026-08-19T01:56:36.478Z
2026-02-04 22:56:56.199 17788-17788 SimpleHomeViewModel     com.cdccreditsmart.app               D  ðŸ“‹ Parcela #14: status=pending, isPaid=false, dueDate=2026-09-03T01:56:36.478Z
2026-02-04 22:56:56.200 17788-17788 SimpleHomeViewModel     com.cdccreditsmart.app               D  ðŸ“‹ Parcela #15: status=pending, isPaid=false, dueDate=2026-09-18T01:56:36.478Z
2026-02-04 22:56:56.200 17788-17788 SimpleHomeViewModel     com.cdccreditsmart.app               D  ðŸ“‹ Parcela #16: status=pending, isPaid=false, dueDate=2026-10-03T01:56:36.478Z
2026-02-04 22:56:56.200 17788-17788 SimpleHomeViewModel     com.cdccreditsmart.app               D  ðŸ“‹ Parcela #17: status=pending, isPaid=false, dueDate=2026-10-18T01:56:36.478Z
2026-02-04 22:56:56.200 17788-17788 SimpleHomeViewModel     com.cdccreditsmart.app               D  ðŸ“‹ Parcela #18: status=pending, isPaid=false, dueDate=2026-11-02T01:56:36.478Z
2026-02-04 22:56:56.200 17788-17788 SimpleHomeViewModel     com.cdccreditsmart.app               D  ðŸ“‹ Parcela #19: status=pending, isPaid=false, dueDate=2026-11-17T01:56:36.478Z
2026-02-04 22:56:56.200 17788-17788 SimpleHomeViewModel     com.cdccreditsmart.app               D  ðŸ“‹ Parcela #20: status=pending, isPaid=false, dueDate=2026-12-02T01:56:36.478Z
2026-02-04 22:56:56.200 17788-17788 SimpleHomeViewModel     com.cdccreditsmart.app               D  ðŸ“‹ Parcela #21: status=pending, isPaid=false, dueDate=2026-12-17T01:56:36.478Z
2026-02-04 22:56:56.200 17788-17788 SimpleHomeViewModel     com.cdccreditsmart.app               D  ðŸ“‹ Parcela #22: status=pending, isPaid=false, dueDate=2027-01-01T01:56:36.478Z
2026-02-04 22:56:56.200 17788-17788 SimpleHomeViewModel     com.cdccreditsmart.app               D  ðŸ“‹ Parcela #23: status=pending, isPaid=false, dueDate=2027-01-16T01:56:36.478Z
2026-02-04 22:56:56.200 17788-17788 SimpleHomeViewModel     com.cdccreditsmart.app               D  ðŸ“‹ Parcela #24: status=pending, isPaid=false, dueDate=2027-01-31T01:56:36.478Z
2026-02-04 22:56:56.200 17788-17788 SimpleHomeViewModel     com.cdccreditsmart.app               I  ðŸ’¾ Salvando dados do cliente no storage - CustomerName: 'null', DeviceModel: 'MOTOROLA Moto G15 Power 128GB Grafite 4G 4GB RAM'
2026-02-04 22:56:56.200 17788-17788 SecureTokenStorage      com.cdccreditsmart.app               D  ðŸ’¾ Salvando customer info - Name: null, Device: MOTOROLA Moto G15 Power 128GB Grafite 4G 4GB RAM
2026-02-04 22:56:56.200 17788-17788 SecureTokenStorage      com.cdccreditsmart.app               W  âš ï¸ CustomerName vazio/null - nÃ£o salvando
2026-02-04 22:56:56.202 17788-17788 SecureTokenStorage      com.cdccreditsmart.app               D  âœ… DeviceModel salvo: MOTOROLA Moto G15 Power 128GB Grafite 4G 4GB RAM
2026-02-04 22:56:56.202 17788-17788 SecureTokenStorage      com.cdccreditsmart.app               I  âœ… Customer info saved successfully!
2026-02-04 22:56:56.294 17788-17788 LocalInstallmentStorage com.cdccreditsmart.app               I  âœ… 24 parcelas salvas localmente (contrato: PSM9JT96)
2026-02-04 22:56:56.294 17788-17788 SimpleHomeViewModel     com.cdccreditsmart.app               I  âœ… 24 parcelas salvas localmente
2026-02-04 22:56:56.294 17788-17788 SimpleHomeViewModel     com.cdccreditsmart.app               I     â†’ 0 pagas
2026-02-04 22:56:56.294 17788-17788 SimpleHomeViewModel     com.cdccreditsmart.app               I     â†’ 24 pendentes
2026-02-04 22:56:56.294 17788-17788 SimpleHomeViewModel     com.cdccreditsmart.app               I     â†’ 0 em atraso
2026-02-04 22:56:56.294 17788-17788 SimpleHomeViewModel     com.cdccreditsmart.app               I     â†’ Dados disponÃ­veis para overlay e offline blocking
2026-02-04 22:56:56.295 17788-17788 SimpleHomeViewModel     com.cdccreditsmart.app               I  ðŸ’¾ Cache atualizado - prÃ³ximo acesso usarÃ¡ cache por 900s
2026-02-04 22:56:56.302 17788-17788 SecureTokenStorage      com.cdccreditsmart.app               D  ðŸ“– Lendo customerName: Marcos Antunes
2026-02-04 22:56:56.304 17788-17788 SecureTokenStorage      com.cdccreditsmart.app               D  ðŸ“– Lendo deviceModel: MOTOROLA Moto G15 Power 128GB Grafite 4G 4GB RAM
2026-02-04 22:56:56.794 17788-17921 SupportRepository       com.cdccreditsmart.app               D  âœ… Retornando contato do cache local
2026-02-04 22:56:57.549 17788-17788 ScrollIdentify          com.cdccreditsmart.app               I  on fling
2026-02-04 22:56:57.972 17788-17815 creditsmart.app         com.cdccreditsmart.app               I  Compiler allocated 5771KB to compile kotlin.Unit com.cdccreditsmart.app.presentation.screens.home.ModernHomeScreenKt.InstallmentCard$lambda$0(com.cdccreditsmart.network.dto.cdc.InstallmentItem, boolean, kotlin.jvm.functions.Function0, androidx.compose.foundation.layout.ColumnScope, androidx.compose.runtime.Composer, int)
2026-02-04 22:56:58.449 17788-17788 ScrollIdentify          com.cdccreditsmart.app               I  on fling
2026-02-04 22:56:58.812 17788-17921 MdmCommandReceiver      com.cdccreditsmart.app               D  ðŸ’“ WebSocket desconectado, parando ping
2026-02-04 22:56:58.813 17788-17921 MdmCommandReceiver      com.cdccreditsmart.app               D  ðŸ’“ Ping job encerrado
2026-02-04 22:57:00.029 17788-17788 ScrollIdentify          com.cdccreditsmart.app               I  on fling
2026-02-04 22:57:01.541 17788-17788 VRI[MainActivity]       com.cdccreditsmart.app               D  hardware acceleration = true, forceHwAccelerated = false
2026-02-04 22:57:01.550 17788-17788 InputEventReceiver      com.cdccreditsmart.app               D  Input log is disabled in InputEventReceiver.
2026-02-04 22:57:01.650 17788-17788 BufferQueueConsumer     com.cdccreditsmart.app               D  [](id:457c00000006,api:0,p:-1,c:17788) connect: controlledByApp=false
2026-02-04 22:57:01.651 17788-17788 BLASTBufferQueue        com.cdccreditsmart.app               D  [VRI[MainActivity]#6](f:0,a:0) constructor()
2026-02-04 22:57:01.651 17788-17788 BLASTBufferQueue        com.cdccreditsmart.app               D  [VRI[MainActivity]#6](f:0,a:0) update width=1080 height=2400 format=-2 mTransformHint=0
2026-02-04 22:57:01.693 17788-17925 BLASTBufferQueue        com.cdccreditsmart.app               D  [VRI[MainActivity]#6](f:0,a:1) acquireNextBufferLocked size=1080x2400 mFrameNumber=1 applyTransaction=true mTimestamp=67304392874780(auto) mPendingTransactions.size=0 graphicBufferId=76398878261275 transform=0
2026-02-04 22:57:02.888 17788-17788 WindowOnBackDispatcher  com.cdccreditsmart.app               W  sendCancelIfRunning: isInProgress=false callback=androidx.activity.OnBackPressedDispatcher$Api34Impl$createOnBackAnimationCallback$1@af4af06
2026-02-04 22:57:02.904 17788-17788 WindowOnBackDispatcher  com.cdccreditsmart.app               W  sendCancelIfRunning: isInProgress=false callback=androidx.compose.material3.ModalBottomSheetDialogLayout$Api34Impl$createBackCallback$1@df5d287
2026-02-04 22:57:02.922 17788-17925 HWUI                    com.cdccreditsmart.app               D  endAllActiveAnimators on 0xb400007a1840f610 (UnprojectedRipple) with handle 0xb400007af832cb90
2026-02-04 22:57:02.922 17788-17788 View                    com.cdccreditsmart.app               D  [Warning] assignParent to null: this = DecorView@ff86684[MainActivity]
2026-02-04 22:57:02.929 17788-17840 BLASTBufferQueue        com.cdccreditsmart.app               D  [VRI[MainActivity]#6](f:0,a:1) destructor()
2026-02-04 22:57:02.929 17788-17840 BufferQueueConsumer     com.cdccreditsmart.app               D  [VRI[MainActivity]#6(BLAST Consumer)6](id:457c00000006,api:0,p:-1,c:17788) disconnect
2026-02-04 22:57:03.025 17788-17788 PixPaymentViewModel     com.cdccreditsmart.app               D  Generating PIX QR Code for installment: b16944e7-0dad-46cc-9b6e-4ba0bd1fac21
2026-02-04 22:57:03.025 17788-17788 PixPaymentViewModel     com.cdccreditsmart.app               D  â³ Enviando requisiÃ§Ã£o ao backend (timeout: 180s)...
2026-02-04 22:57:03.036 17788-18716 PixRetryInterceptor     com.cdccreditsmart.app               D  ðŸŽ¯ PixRetryInterceptor ativado para: https://cdccreditsmart.com/v1/pix/generate/b16944e7-0dad-46cc-9b6e-4ba0bd1fac21
2026-02-04 22:57:03.036 17788-18716 PixRetryInterceptor     com.cdccreditsmart.app               D  âš™ï¸ ConfiguraÃ§Ã£o: MAX_RETRIES=3, TIMEOUT=180s
2026-02-04 22:57:03.036 17788-18716 PixRetryInterceptor     com.cdccreditsmart.app               D  ðŸ“¡ Tentativa 1/3 - Enviando requisiÃ§Ã£o...
2026-02-04 22:57:03.037 17788-18716 okhttp.OkHttpClient     com.cdccreditsmart.app               I  --> POST https://cdccreditsmart.com/v1/pix/generate/b16944e7-0dad-46cc-9b6e-4ba0bd1fac21
2026-02-04 22:57:03.037 17788-18716 okhttp.OkHttpClient     com.cdccreditsmart.app               I  Content-Length: 0
2026-02-04 22:57:03.037 17788-18716 okhttp.OkHttpClient     com.cdccreditsmart.app               I  Authorization: Bearer eyJhbGciOiJIUzI1NiIsInR5cCI6IkpXVCJ9.eyJkZXZpY2VJZCI6IjM1MzEwNDkwNjk1MzE5OCIsInNlcmlhbE51bWJlciI6IlpGNTI1R1JDUDgiLCJmaW5nZXJwcmludCI6IjE4YmQ2YWRiMmM2N2RhYzc1NjQ0YWU0ODkzOTc5NTAxOGI5ODVhMmVhMzA3ZDNiNDc2ODBjMGY0YzEzNWIzMTAiLCJ0eXBlIjoiYXBrIiwic2NvcGVzIjpbImRldmljZTpyZWFkIiwiZGV2aWNlOnN5bmMiXSwiaWF0IjoxNzcwMjU2NTc2LCJleHAiOjE4MDE3OTI1NzZ9.z1OCejERI8w-c5cOLPXStdo3QQxizsEp0aF3U_CrYoc
2026-02-04 22:57:03.038 17788-18716 okhttp.OkHttpClient     com.cdccreditsmart.app               I  --> END POST (0-byte body)
2026-02-04 22:57:04.978 17788-18716 okhttp.OkHttpClient     com.cdccreditsmart.app               I  <-- 200 https://cdccreditsmart.com/v1/pix/generate/b16944e7-0dad-46cc-9b6e-4ba0bd1fac21 (1939ms)
2026-02-04 22:57:04.978 17788-18716 okhttp.OkHttpClient     com.cdccreditsmart.app               I  access-control-allow-credentials: true
2026-02-04 22:57:04.978 17788-18716 okhttp.OkHttpClient     com.cdccreditsmart.app               I  access-control-allow-headers: Origin, X-Requested-With, Content-Type, Accept, Authorization, x-client-key, x-client-token, x-client-secret, cache-control
2026-02-04 22:57:04.978 17788-18716 okhttp.OkHttpClient     com.cdccreditsmart.app               I  access-control-allow-methods: GET, POST, PUT, PATCH, DELETE, OPTIONS
2026-02-04 22:57:04.978 17788-18716 okhttp.OkHttpClient     com.cdccreditsmart.app               I  access-control-allow-origin: *
2026-02-04 22:57:04.978 17788-18716 okhttp.OkHttpClient     com.cdccreditsmart.app               I  access-control-max-age: 86400
2026-02-04 22:57:04.978 17788-18716 okhttp.OkHttpClient     com.cdccreditsmart.app               I  content-length: 4452
2026-02-04 22:57:04.978 17788-18716 okhttp.OkHttpClient     com.cdccreditsmart.app               I  content-security-policy: default-src 'self'; script-src 'self' 'unsafe-inline' 'unsafe-eval' https://replit.com; style-src 'self' 'unsafe-inline' https://replit.com; img-src 'self' data: https:; font-src 'self' data: https://replit.com; connect-src 'self';
2026-02-04 22:57:04.978 17788-18716 okhttp.OkHttpClient     com.cdccreditsmart.app               I  content-type: application/json; charset=utf-8
2026-02-04 22:57:04.978 17788-18716 okhttp.OkHttpClient     com.cdccreditsmart.app               I  date: Thu, 05 Feb 2026 01:57:04 GMT
2026-02-04 22:57:04.978 17788-18716 okhttp.OkHttpClient     com.cdccreditsmart.app               I  etag: W/"1164-KY2FqDFK/JkGRj34Ot1PHYvL42M"
2026-02-04 22:57:04.978 17788-18716 okhttp.OkHttpClient     com.cdccreditsmart.app               I  permissions-policy: geolocation=(), microphone=(), camera=()
2026-02-04 22:57:04.979 17788-18716 okhttp.OkHttpClient     com.cdccreditsmart.app               I  referrer-policy: strict-origin-when-cross-origin
2026-02-04 22:57:04.979 17788-18716 okhttp.OkHttpClient     com.cdccreditsmart.app               I  strict-transport-security: max-age=63072000; includeSubDomains
2026-02-04 22:57:04.979 17788-18716 okhttp.OkHttpClient     com.cdccreditsmart.app               I  strict-transport-security: max-age=31536000; includeSubDomains
2026-02-04 22:57:04.979 17788-18716 okhttp.OkHttpClient     com.cdccreditsmart.app               I  x-anti-fraud-protection: active
2026-02-04 22:57:04.979 17788-18716 okhttp.OkHttpClient     com.cdccreditsmart.app               I  x-certificate-pinning-enabled: false
2026-02-04 22:57:04.979 17788-18716 okhttp.OkHttpClient     com.cdccreditsmart.app               I  x-certificate-pinning-status: disabled-for-stability
2026-02-04 22:57:04.979 17788-18716 okhttp.OkHttpClient     com.cdccreditsmart.app               I  x-content-type-options: nosniff
2026-02-04 22:57:04.979 17788-18716 okhttp.OkHttpClient     com.cdccreditsmart.app               I  x-financial-data-protection: enabled
2026-02-04 22:57:04.979 17788-18716 okhttp.OkHttpClient     com.cdccreditsmart.app               I  x-frame-options: DENY
2026-02-04 22:57:04.979 17788-18716 okhttp.OkHttpClient     com.cdccreditsmart.app               I  x-transaction-security-level: maximum
2026-02-04 22:57:04.979 17788-18716 okhttp.OkHttpClient     com.cdccreditsmart.app               I  x-xss-protection: 1; mode=block
2026-02-04 22:57:04.979 17788-18716 okhttp.OkHttpClient     com.cdccreditsmart.app               I  via: 1.1 google
2026-02-04 22:57:04.979 17788-18716 okhttp.OkHttpClient     com.cdccreditsmart.app               I  alt-svc: h3=":443"; ma=2592000,h3-29=":443"; ma=2592000
2026-02-04 22:57:04.980 17788-18716 okhttp.OkHttpClient     com.cdccreditsmart.app               I  {"success":true,"qrCode":"00020101021226870014br.gov.bcb.pix2565qrcode.santsbank.com/dynamic/ea42621b-542d-4fa6-a5b5-f6f99726d2865204000053039865802BR5911SIGNNA LTDA6009Sao Paulo62070503***6304F910","qrImage":"iVBORw0KGgoAAAANSUhEUgAAAgEAAAIBCAAAAAD1jTO9AAALxElEQVR4nO3dy4pdS3QFUV/j//9l+7aiM2E5d5WshiMGCA7rkUeNSTaSUumf//6PqP3nv39iVgLsSoBdCbArAXYlwK4E2JUAuxJgVwLsSoBdCbArAXYlwK4E2JUAuxJgVwLsSoBdCbArAXYlwK4E2JUAuxJgVwLsSoBdCbArAXYlwK4E2JUAuxJgVwLsSoDdf/3753/1z79/foFfVcQ5R+Www1vBtqisndkKaH3COcf6zlD5Gc45dAfYlQC7EmBXAuxKgF0JsCsBdiXA7ulFCC8vDNjXjL+5juOcbYEWw9gWFdDCVnbrsOuHTyd3B9iVALsSYFcC7EqAXQmwKwF2JcDu24sQjjeHl7cL1nd4W1TwUnnBVxxeTuacHabCDKgw8+IY5sBPugPsSoBdCbArAXYlwK4E2JUAuxJg98MXoZ85XjPAswbDVA7MvGy9zNBiGLTWtqhwDpV1tP7vdAfYlQC7EmBXAuxKgF0JsCsBdiXA7q++CH3C8whvKYedoXKcs5XFOnZrZ9Yxc7T+gu4AuxJgVwLsSoBdCbArAXYlwK4E2P3wRehvPmLsd/EmQ+uoLGYWW3xg+KjwAcyAGVpbefFp+EV3gF0JsCsBdiXArgTYlQC7EmBXAuy+vQjxiPFLPGtw4KfKn3KcTGVnflZ5cWzR+uO6A+xKgF0JsCsBdiXArgTYlQC7EmD39CK0DxS/9PK+sTNbObz8nY+Z/S4qbFHBVhYznHN4mfml7gC7EmBXAuxKgF0JsCsBdiXArgTYPb0IvTxi7AyV9WkGDG9rKwfOebEn7/rOHF6G9ysOeyDr21rdAXYlwK4E2JUAuxJgVwLsSoBdCbD75+XRgBeGTziZdSqgBWb+eAs7c9h1cM7O0AIztKgcGMaxxfAxs7oD7EqAXQmwKwF2JcCuBNiVALsSYPf0InTgFeLAVzC8lbUzW3lxbNFaO4xj68Vx8trv2nVmaFF50R1gVwLsSoBdCbArAXYlwK4E2JUAu6d/NQbeHF7wLsHWUQEtPjBDBS+tF6zvFhVmsBWwBYaP1oGZXQetl2F0B9iVALsSYFcC7EqAXQmwKwF2JcDu288I7VMDlT9uv4LKYubFnsP6thbD62UdnMPWpwpeWofuALsSYFcC7EqAXQmwKwF2JcCuBNh9+xkh8PjAm8NWDgyDrW2BFsNrW2y9YHjPWS8zeyAVUNkZKtgKaLH+ojvArgTYlQC7EmBXAuxKgF0JsCsBdk8vQvvCwOMDtvKydWB9t2gddoZzXlp8ODCz61T4gK2w9Uucs19x6A6wKwF2JcCuBNiVALsSYFcC7EqA3dOLEC8MvDmACjOgwgwfaOFo4dMMjuFtUeGcl8raFltghtZWQGvt8CfdAXYlwK4E2JUAuxJgVwLsSoBdCbB7ehFa+0CxlfXydrHnfNpimMqBmZetY2YrDK8dPip7DhVmsC0qh+4AuxJgVwLsSoBdCbArAXYlwK4E2D29CO0LAxXQOrC1w1R2ZiufHOtbwUuLk0ELzGwLtHaYCqgws47W6g6wKwF2JcCuBNiVALsSYFcC7EqA3dOL0OLNgQcKPmwLtBbDO0PlmFkvM4fju7ZFZTHzS3/qnNUdYFcC7EqAXQmwKwF2JcCuBNiVALun/31+XzzYOlprhw+c87MtsP7SorKYwQ4zc7TWDoMtZrZyYPjQHWBXAuxKgF0JsCsBdiXArgTYlQC7bz8jtC8MW8E+WTBMi8onx9Zx8ksLzGxrK9jWnnNUXuzWUXnRHWBXAuxKgF0JsCsBdiXArgTYlQC7pxehfWr4VAGtTzjnWKd1DB+tA1ugsufQOuzWYoYD+UDrwPCL7gC7EmBXAuxKgF0JsCsBdiXArgTY/fBfjf0SX7onb4sKaOGYoUXlE9ax5+wMdviPO779RXeAXQmwKwF2JcCuBNiVALsSYFcC7J5+RuiT44Fin0d2eGcOxzotKqC1dngrixlOPiqgBWa2BWZAha2tHLoD7EqAXQmwKwF2JcCuBNiVALsSYPf0IsTDwj41UFm0GD4wjGPrU4vKfgUVZta22MLOLGZ2/cAw639cd4BdCbArAXYlwK4E2JUAuxJgVwLsnl6E8Old4hjmoWOx9cuZF5zzM5/Wf/ZXffkKZvgKKi+6A+xKgF0JsCsBdiXArgTYlQC7EmD3w98jtFs7c2CdraMCWn8B375fui0qB4axWzvzgnN2ndahO8CuBNiVALsSYFcC7EqAXQmwKwF2Ty9Ci8eHXd/WVkALOwOGP81QOTCMly2wvlvbogJaOGZoUVnMvOgOsCsBdiXArgTYlQC7EmBXAuxKgN3Ti9A+PuzWzmCHD3sO67SoHHb4pbKOGVrYmcOu/8x+KSdva3UH2JUAuxJgVwLsSoBdCbArAXYlwO7b7xF68fIK8YJzXt43mFm0WN/KgRm2cLS2wvALhn95zovuALsSYFcC7EqAXQmwKwF2JcCuBNj99meEtvWC9V86vv34it1i+Gj9DAdyDpUXu7WVxcyL7gC7EmBXAuxKgF0JsCsBdiXArgTYPb0IgVeIY+uYOVqL4cU6M1TWMUNrMcwMlRe7tZUXbL34dDK6A+xKgF0JsCsBdiXArgTYlQC7EmD3wxch7Poxsy0cM7T+FL6Ck6mAFpjZ1tphKmtnqOBogRkcw+gOsCsBdiXArgTYlQC7EmBXAuxKgN2f/z1COJ4jtrWvGZ+wvidjZ6jgZ63FMKiwflQODONl69AdYFcC7EqAXQmwKwF2JcCuBNiVALunnxH69AqxwwfOYYvK2hkqoIWdAcM789I6sLXDtNYxTIvK2hkqh+4AuxJgVwLsSoBdCbArAXYlwK4E2P3wRWgd57B+zOBlmBkwvC0ws9hihgq2RQW01jFM66jgaIGZF90BdiXArgTYlQC7EmBXAuxKgF0JsHt6EToc7xLgK45hZtZuMUxrK+uYeWlhZxZbO7ytrSxmDrv+stUdYFcC7EqAXQmwKwF2JcCuBNiVALun3yO0Tw0v9jliK+ArmKGCo0VlZ6gcGP6Ek1mnsmgxjK2snTkO/KQ7wK4E2JUAuxJgVwLsSoBdCbArAXZPL0L7+EBlMcOHHaYFZra1GAZbfFi0WN/KYYep/Myes5XFzOFlBt0BdiXArgTYlQC7EmBXAuxKgF0JsPv2r8Z+9lLBFjNUQAvM0KJyYBhs0XqpgNbh2KJFBbR+hgM5hwpoHboD7EqAXQmwKwF2JcCuBNiVALsSYPf0M0L71IDjzeHYwq6zRetTBVReZkCFLT4shtexdbSOAw8/20J3gF0JsCsBdiXArgTYlQC7EmBXAuy+/YzQLx1vFz/7a7wcuDO01jFMiwq2tRX8rIVj5mgdugPsSoBdCbArAXYlwK4E2JUAuxJg99ufEXqxDxRUOJkP28LRwssMmGELVI4ZbIvKsU7rwMyuHz5tdQfYlQC7EmBXAuxKgF0JsCsBdiXA7ulFCC8vDOBdAp/WDy/n7Mynv88O42gtvuLTFlg/cPLL8OoOsCsBdiXArgTYlQC7EmBXAuxKgN23FyHwCrGOd4ljCzuzB+7MJy/rx5fS2gpoHY4tPhyY2XM+6Q6wKwF2JcCuBNiVALsSYFcC7EqA3Q9fhH6Gt4t9zdjKYgYM06KCbR2VT3adCh+2BVovdv3AyS9b3QF2JcCuBNiVALsSYFcC7EqAXQmw+6svQmvfLrZyOIaPFo6ZTy0+rG3t+lE5HDOc86I7wK4E2JUAuxJgVwLsSoBdCbArAXY/fBH69ObwyZ
2026-02-04 22:57:04.980 17788-18716 okhttp.OkHttpClient     com.cdccreditsmart.app               I  68Tx87gx2msltbWawfdmZPZoYWFVBhZjGzjq1Dd4BdCbArAXYlwK4E2JUAuxJgVwLsnv73+eMV4gVfwTlbAS0ws60DWzjWj2FaW1nMHFh/GcanrU/D3QF2JcCuBNiVALsSYFcC7EqAXQmwe3oRyv9j3QF2JcCuBNiVALsSYFcC7EqAXQmwKwF2JcCuBNiVALsSYFcC7EqAXQmwKwF2JcCuBNiVALsSYFcC7EqAXQmwKwF2JcCuBNiVALsSYFcC7EqAXQmwKwF2JcCuBNj9DyHBMS9J6nmNAAAAAElFTkSuQmCC","orderId":"abc99a44313e4e2cb1537cae131e30e8","transactionId":"pixi_01kgnr8tvpfmhsgqdach24xmg4","expirationDate":"2026-02-06T01:57:04.6424214+00:00"}
2026-02-04 22:57:04.980 17788-18716 okhttp.OkHttpClient     com.cdccreditsmart.app               I  <-- END HTTP (4452-byte body)
2026-02-04 22:57:04.981 17788-18716 PixRetryInterceptor     com.cdccreditsmart.app               D  ðŸ“¬ Response recebida em 1945ms - Status: 200
2026-02-04 22:57:04.989 17788-17788 PixPaymentViewModel     com.cdccreditsmart.app               D  âœ… Resposta recebida do backend em 1964ms
2026-02-04 22:57:04.989 17788-17788 PixPaymentViewModel     com.cdccreditsmart.app               D  QR Code generated successfully, orderId: abc99a44313e4e2cb1537cae131e30e8
2026-02-04 22:57:05.176 17788-17788 PixPaymentViewModel     com.cdccreditsmart.app               D  Stopped polling
2026-02-04 22:57:05.177 17788-17788 PixPaymentViewModel     com.cdccreditsmart.app               D  Started polling for orderId: abc99a44313e4e2cb1537cae131e30e8
2026-02-04 22:57:10.184 17788-17788 PixPaymentViewModel     com.cdccreditsmart.app               D  Checking payment status for orderId: abc99a44313e4e2cb1537cae131e30e8
2026-02-04 22:57:10.195 17788-18716 PixRetryInterceptor     com.cdccreditsmart.app               D  ðŸŽ¯ PixRetryInterceptor ativado para: https://cdccreditsmart.com/v1/pix/status/abc99a44313e4e2cb1537cae131e30e8
2026-02-04 22:57:10.195 17788-18716 PixRetryInterceptor     com.cdccreditsmart.app               D  âš™ï¸ ConfiguraÃ§Ã£o: MAX_RETRIES=3, TIMEOUT=180s
2026-02-04 22:57:10.195 17788-18716 PixRetryInterceptor     com.cdccreditsmart.app               D  ðŸ“¡ Tentativa 1/3 - Enviando requisiÃ§Ã£o...
2026-02-04 22:57:10.195 17788-18716 okhttp.OkHttpClient     com.cdccreditsmart.app               I  --> GET https://cdccreditsmart.com/v1/pix/status/abc99a44313e4e2cb1537cae131e30e8
2026-02-04 22:57:10.196 17788-18716 okhttp.OkHttpClient     com.cdccreditsmart.app               I  Authorization: Bearer eyJhbGciOiJIUzI1NiIsInR5cCI6IkpXVCJ9.eyJkZXZpY2VJZCI6IjM1MzEwNDkwNjk1MzE5OCIsInNlcmlhbE51bWJlciI6IlpGNTI1R1JDUDgiLCJmaW5nZXJwcmludCI6IjE4YmQ2YWRiMmM2N2RhYzc1NjQ0YWU0ODkzOTc5NTAxOGI5ODVhMmVhMzA3ZDNiNDc2ODBjMGY0YzEzNWIzMTAiLCJ0eXBlIjoiYXBrIiwic2NvcGVzIjpbImRldmljZTpyZWFkIiwiZGV2aWNlOnN5bmMiXSwiaWF0IjoxNzcwMjU2NTc2LCJleHAiOjE4MDE3OTI1NzZ9.z1OCejERI8w-c5cOLPXStdo3QQxizsEp0aF3U_CrYoc
2026-02-04 22:57:10.196 17788-18716 okhttp.OkHttpClient     com.cdccreditsmart.app               I  --> END GET
2026-02-04 22:57:11.407 17788-18716 okhttp.OkHttpClient     com.cdccreditsmart.app               I  <-- 200 https://cdccreditsmart.com/v1/pix/status/abc99a44313e4e2cb1537cae131e30e8 (1210ms)
2026-02-04 22:57:11.407 17788-18716 okhttp.OkHttpClient     com.cdccreditsmart.app               I  access-control-allow-credentials: true
2026-02-04 22:57:11.407 17788-18716 okhttp.OkHttpClient     com.cdccreditsmart.app               I  access-control-allow-headers: Origin, X-Requested-With, Content-Type, Accept, Authorization, x-client-key, x-client-token, x-client-secret, cache-control
2026-02-04 22:57:11.407 17788-18716 okhttp.OkHttpClient     com.cdccreditsmart.app               I  access-control-allow-methods: GET, POST, PUT, PATCH, DELETE, OPTIONS
2026-02-04 22:57:11.407 17788-18716 okhttp.OkHttpClient     com.cdccreditsmart.app               I  access-control-allow-origin: *
2026-02-04 22:57:11.407 17788-18716 okhttp.OkHttpClient     com.cdccreditsmart.app               I  access-control-max-age: 86400
2026-02-04 22:57:11.407 17788-18716 okhttp.OkHttpClient     com.cdccreditsmart.app               I  content-length: 77
2026-02-04 22:57:11.407 17788-18716 okhttp.OkHttpClient     com.cdccreditsmart.app               I  content-security-policy: default-src 'self'; script-src 'self' 'unsafe-inline' 'unsafe-eval' https://replit.com; style-src 'self' 'unsafe-inline' https://replit.com; img-src 'self' data: https:; font-src 'self' data: https://replit.com; connect-src 'self';
2026-02-04 22:57:11.407 17788-18716 okhttp.OkHttpClient     com.cdccreditsmart.app               I  content-type: application/json; charset=utf-8
2026-02-04 22:57:11.407 17788-18716 okhttp.OkHttpClient     com.cdccreditsmart.app               I  date: Thu, 05 Feb 2026 01:57:11 GMT
2026-02-04 22:57:11.408 17788-18716 okhttp.OkHttpClient     com.cdccreditsmart.app               I  etag: W/"4d-ADXI+ws2seLD5otr+KhSVs6Hqno"
2026-02-04 22:57:11.408 17788-18716 okhttp.OkHttpClient     com.cdccreditsmart.app               I  permissions-policy: geolocation=(), microphone=(), camera=()
2026-02-04 22:57:11.408 17788-18716 okhttp.OkHttpClient     com.cdccreditsmart.app               I  referrer-policy: strict-origin-when-cross-origin
2026-02-04 22:57:11.408 17788-18716 okhttp.OkHttpClient     com.cdccreditsmart.app               I  strict-transport-security: max-age=63072000; includeSubDomains
2026-02-04 22:57:11.408 17788-18716 okhttp.OkHttpClient     com.cdccreditsmart.app               I  strict-transport-security: max-age=31536000; includeSubDomains
2026-02-04 22:57:11.408 17788-18716 okhttp.OkHttpClient     com.cdccreditsmart.app               I  x-anti-fraud-protection: active
2026-02-04 22:57:11.408 17788-18716 okhttp.OkHttpClient     com.cdccreditsmart.app               I  x-certificate-pinning-enabled: false
2026-02-04 22:57:11.408 17788-18716 okhttp.OkHttpClient     com.cdccreditsmart.app               I  x-certificate-pinning-status: disabled-for-stability
2026-02-04 22:57:11.408 17788-18716 okhttp.OkHttpClient     com.cdccreditsmart.app               I  x-content-type-options: nosniff
2026-02-04 22:57:11.408 17788-18716 okhttp.OkHttpClient     com.cdccreditsmart.app               I  x-financial-data-protection: enabled
2026-02-04 22:57:11.408 17788-18716 okhttp.OkHttpClient     com.cdccreditsmart.app               I  x-frame-options: DENY
2026-02-04 22:57:11.408 17788-18716 okhttp.OkHttpClient     com.cdccreditsmart.app               I  x-transaction-security-level: maximum
2026-02-04 22:57:11.408 17788-18716 okhttp.OkHttpClient     com.cdccreditsmart.app               I  x-xss-protection: 1; mode=block
2026-02-04 22:57:11.408 17788-18716 okhttp.OkHttpClient     com.cdccreditsmart.app               I  via: 1.1 google
2026-02-04 22:57:11.408 17788-18716 okhttp.OkHttpClient     com.cdccreditsmart.app               I  alt-svc: h3=":443"; ma=2592000,h3-29=":443"; ma=2592000
2026-02-04 22:57:11.410 17788-18716 okhttp.OkHttpClient     com.cdccreditsmart.app               I  {"success":true,"status":"PENDING","paid":false,"source":"database_fallback"}
2026-02-04 22:57:11.410 17788-18716 okhttp.OkHttpClient     com.cdccreditsmart.app               I  <-- END HTTP (77-byte body)
2026-02-04 22:57:11.410 17788-18716 PixRetryInterceptor     com.cdccreditsmart.app               D  ðŸ“¬ Response recebida em 1215ms - Status: 200
2026-02-04 22:57:11.413 17788-17788 PixPaymentViewModel     com.cdccreditsmart.app               D  Payment status: paid=false
2026-02-04 22:57:16.421 17788-17788 PixPaymentViewModel     com.cdccreditsmart.app               D  Checking payment status for orderId: abc99a44313e4e2cb1537cae131e30e8
2026-02-04 22:57:16.428 17788-18716 PixRetryInterceptor     com.cdccreditsmart.app               D  ðŸŽ¯ PixRetryInterceptor ativado para: https://cdccreditsmart.com/v1/pix/status/abc99a44313e4e2cb1537cae131e30e8
2026-02-04 22:57:16.428 17788-18716 PixRetryInterceptor     com.cdccreditsmart.app               D  âš™ï¸ ConfiguraÃ§Ã£o: MAX_RETRIES=3, TIMEOUT=180s
2026-02-04 22:57:16.428 17788-18716 PixRetryInterceptor     com.cdccreditsmart.app               D  ðŸ“¡ Tentativa 1/3 - Enviando requisiÃ§Ã£o...
2026-02-04 22:57:16.428 17788-18716 okhttp.OkHttpClient     com.cdccreditsmart.app               I  --> GET https://cdccreditsmart.com/v1/pix/status/abc99a44313e4e2cb1537cae131e30e8
2026-02-04 22:57:16.428 17788-18716 okhttp.OkHttpClient     com.cdccreditsmart.app               I  Authorization: Bearer eyJhbGciOiJIUzI1NiIsInR5cCI6IkpXVCJ9.eyJkZXZpY2VJZCI6IjM1MzEwNDkwNjk1MzE5OCIsInNlcmlhbE51bWJlciI6IlpGNTI1R1JDUDgiLCJmaW5nZXJwcmludCI6IjE4YmQ2YWRiMmM2N2RhYzc1NjQ0YWU0ODkzOTc5NTAxOGI5ODVhMmVhMzA3ZDNiNDc2ODBjMGY0YzEzNWIzMTAiLCJ0eXBlIjoiYXBrIiwic2NvcGVzIjpbImRldmljZTpyZWFkIiwiZGV2aWNlOnN5bmMiXSwiaWF0IjoxNzcwMjU2NTc2LCJleHAiOjE4MDE3OTI1NzZ9.z1OCejERI8w-c5cOLPXStdo3QQxizsEp0aF3U_CrYoc
2026-02-04 22:57:16.428 17788-18716 okhttp.OkHttpClient     com.cdccreditsmart.app               I  --> END GET
2026-02-04 22:57:17.756 17788-18716 okhttp.OkHttpClient     com.cdccreditsmart.app               I  <-- 200 https://cdccreditsmart.com/v1/pix/status/abc99a44313e4e2cb1537cae131e30e8 (1327ms)
2026-02-04 22:57:17.756 17788-18716 okhttp.OkHttpClient     com.cdccreditsmart.app               I  access-control-allow-credentials: true
2026-02-04 22:57:17.756 17788-18716 okhttp.OkHttpClient     com.cdccreditsmart.app               I  access-control-allow-headers: Origin, X-Requested-With, Content-Type, Accept, Authorization, x-client-key, x-client-token, x-client-secret, cache-control
2026-02-04 22:57:17.757 17788-18716 okhttp.OkHttpClient     com.cdccreditsmart.app               I  access-control-allow-methods: GET, POST, PUT, PATCH, DELETE, OPTIONS
2026-02-04 22:57:17.757 17788-18716 okhttp.OkHttpClient     com.cdccreditsmart.app               I  access-control-allow-origin: *
2026-02-04 22:57:17.757 17788-18716 okhttp.OkHttpClient     com.cdccreditsmart.app               I  access-control-max-age: 86400
2026-02-04 22:57:17.757 17788-18716 okhttp.OkHttpClient     com.cdccreditsmart.app               I  content-length: 77
2026-02-04 22:57:17.757 17788-18716 okhttp.OkHttpClient     com.cdccreditsmart.app               I  content-security-policy: default-src 'self'; script-src 'self' 'unsafe-inline' 'unsafe-eval' https://replit.com; style-src 'self' 'unsafe-inline' https://replit.com; img-src 'self' data: https:; font-src 'self' data: https://replit.com; connect-src 'self';
2026-02-04 22:57:17.757 17788-18716 okhttp.OkHttpClient     com.cdccreditsmart.app               I  content-type: application/json; charset=utf-8
2026-02-04 22:57:17.757 17788-18716 okhttp.OkHttpClient     com.cdccreditsmart.app               I  date: Thu, 05 Feb 2026 01:57:17 GMT
2026-02-04 22:57:17.757 17788-18716 okhttp.OkHttpClient     com.cdccreditsmart.app               I  etag: W/"4d-ADXI+ws2seLD5otr+KhSVs6Hqno"
2026-02-04 22:57:17.757 17788-18716 okhttp.OkHttpClient     com.cdccreditsmart.app               I  permissions-policy: geolocation=(), microphone=(), camera=()
2026-02-04 22:57:17.757 17788-18716 okhttp.OkHttpClient     com.cdccreditsmart.app               I  referrer-policy: strict-origin-when-cross-origin
2026-02-04 22:57:17.757 17788-18716 okhttp.OkHttpClient     com.cdccreditsmart.app               I  strict-transport-security: max-age=63072000; includeSubDomains
2026-02-04 22:57:17.758 17788-18716 okhttp.OkHttpClient     com.cdccreditsmart.app               I  strict-transport-security: max-age=31536000; includeSubDomains
2026-02-04 22:57:17.758 17788-18716 okhttp.OkHttpClient     com.cdccreditsmart.app               I  x-anti-fraud-protection: active
2026-02-04 22:57:17.758 17788-18716 okhttp.OkHttpClient     com.cdccreditsmart.app               I  x-certificate-pinning-enabled: false
2026-02-04 22:57:17.758 17788-18716 okhttp.OkHttpClient     com.cdccreditsmart.app               I  x-certificate-pinning-status: disabled-for-stability
2026-02-04 22:57:17.758 17788-18716 okhttp.OkHttpClient     com.cdccreditsmart.app               I  x-content-type-options: nosniff
2026-02-04 22:57:17.758 17788-18716 okhttp.OkHttpClient     com.cdccreditsmart.app               I  x-financial-data-protection: enabled
2026-02-04 22:57:17.758 17788-18716 okhttp.OkHttpClient     com.cdccreditsmart.app               I  x-frame-options: DENY
2026-02-04 22:57:17.758 17788-18716 okhttp.OkHttpClient     com.cdccreditsmart.app               I  x-transaction-security-level: maximum
2026-02-04 22:57:17.758 17788-18716 okhttp.OkHttpClient     com.cdccreditsmart.app               I  x-xss-protection: 1; mode=block
2026-02-04 22:57:17.758 17788-18716 okhttp.OkHttpClient     com.cdccreditsmart.app               I  via: 1.1 google
2026-02-04 22:57:17.758 17788-18716 okhttp.OkHttpClient     com.cdccreditsmart.app               I  alt-svc: h3=":443"; ma=2592000,h3-29=":443"; ma=2592000
2026-02-04 22:57:17.760 17788-18716 okhttp.OkHttpClient     com.cdccreditsmart.app               I  {"success":true,"status":"PENDING","paid":false,"source":"database_fallback"}
2026-02-04 22:57:17.760 17788-18716 okhttp.OkHttpClient     com.cdccreditsmart.app               I  <-- END HTTP (77-byte body)
2026-02-04 22:57:17.760 17788-18716 PixRetryInterceptor     com.cdccreditsmart.app               D  ðŸ“¬ Response recebida em 1332ms - Status: 200
2026-02-04 22:57:17.763 17788-17788 PixPaymentViewModel     com.cdccreditsmart.app               D  Payment status: paid=false
2026-02-04 22:57:18.227 17788-17788 WebSocketManager        com.cdccreditsmart.app               D  Heartbeat ping sent
2026-02-04 22:57:18.426 17788-18413 WebSocketManager        com.cdccreditsmart.app               D  Message received: {"type":"pong","timestamp":"2026-02-05T01:57:18.328Z"}...
2026-02-04 22:57:18.426 17788-18413 WebSocketManager        com.cdccreditsmart.app               D  Received message type: pong
2026-02-04 22:57:18.426 17788-18413 WebSocketManager        com.cdccreditsmart.app               D  Pong received
2026-02-04 22:57:18.429 17788-17788 WebSocketManager        com.cdccreditsmart.app               D  Heartbeat ping sent
2026-02-04 22:57:18.630 17788-18413 WebSocketManager        com.cdccreditsmart.app               D  Message received: {"type":"pong","timestamp":"2026-02-05T01:57:18.531Z"}...
2026-02-04 22:57:18.631 17788-18413 WebSocketManager        com.cdccreditsmart.app               D  Received message type: pong
2026-02-04 22:57:18.631 17788-18413 WebSocketManager        com.cdccreditsmart.app               D  Pong received
2026-02-04 22:57:18.827 17788-17788 WebSocketManager        com.cdccreditsmart.app               D  Heartbeat ping sent
2026-02-04 22:57:18.959 17788-17921 MdmCommandReceiver      com.cdccreditsmart.app               I  ðŸ” [Polling #3] Verificando comandos pendentes...
2026-02-04 22:57:18.966 17788-17921 SecureTokenStorage      com.cdccreditsmart.app               D  âœ… Usando IMEI para MDM: 3531***198
2026-02-04 22:57:18.966 17788-17921 MdmCommandReceiver      com.cdccreditsmart.app               I  ðŸ” ========================================
2026-02-04 22:57:18.966 17788-17921 MdmCommandReceiver      com.cdccreditsmart.app               I  ðŸ” BUSCANDO COMANDOS PENDENTES
2026-02-04 22:57:18.966 17788-17921 MdmCommandReceiver      com.cdccreditsmart.app               I  ðŸ” ========================================
2026-02-04 22:57:18.966 17788-17921 MdmCommandReceiver      com.cdccreditsmart.app               I  ðŸ” Identifier: 353104906953198
2026-02-04 22:57:18.966 17788-17921 MdmCommandReceiver      com.cdccreditsmart.app               I  ðŸ” Endpoint: GET /api/apk/device/353104906953198/commands
2026-02-04 22:57:18.970 17788-17921 MdmCommandReceiver      com.cdccreditsmart.app               D  ðŸ” Executando requisiÃ§Ã£o HTTP (timeout: 15s)...
2026-02-04 22:57:18.979 17788-18430 okhttp.OkHttpClient     com.cdccreditsmart.app               I  --> GET https://cdccreditsmart.com/api/apk/device/353104906953198/commands
2026-02-04 22:57:18.979 17788-18430 okhttp.OkHttpClient     com.cdccreditsmart.app               I  --> END GET
2026-02-04 22:57:19.016 17788-17788 WebSocketManager        com.cdccreditsmart.app               D  Heartbeat ping sent
2026-02-04 22:57:19.026 17788-18427 WebSocketManager        com.cdccreditsmart.app               D  Message received: {"type":"pong","timestamp":"2026-02-05T01:57:18.925Z"}...
2026-02-04 22:57:19.027 17788-18427 WebSocketManager        com.cdccreditsmart.app               D  Received message type: pong
2026-02-04 22:57:19.027 17788-18427 WebSocketManager        com.cdccreditsmart.app               D  Pong received
2026-02-04 22:57:19.219 17788-18427 WebSocketManager        com.cdccreditsmart.app               D  Message received: {"type":"pong","timestamp":"2026-02-05T01:57:19.117Z"}...
2026-02-04 22:57:19.219 17788-17921 HeartbeatManager        com.cdccreditsmart.app               D  ðŸ’“ Usando authToken (fallback)
2026-02-04 22:57:19.219 17788-18427 WebSocketManager        com.cdccreditsmart.app               D  Received message type: pong
2026-02-04 22:57:19.219 17788-18427 WebSocketManager        com.cdccreditsmart.app               D  Pong received
2026-02-04 22:57:19.225 17788-17921 HeartbeatManager        com.cdccreditsmart.app               D  Heartbeat payload:
2026-02-04 22:57:19.225 17788-17921 HeartbeatManager        com.cdccreditsmart.app               D     deviceToken: eyJhbGciOiJIUzI1NiIs...
2026-02-04 22:57:19.225 17788-17921 HeartbeatManager        com.cdccreditsmart.app               D     policyLevel: 0
2026-02-04 22:57:19.225 17788-17921 HeartbeatManager        com.cdccreditsmart.app               D     batteryLevel: 100
2026-02-04 22:57:19.225 17788-17921 HeartbeatManager        com.cdccreditsmart.app               D     isCharging: true
2026-02-04 22:57:19.225 17788-17921 HeartbeatManager        com.cdccreditsmart.app               D     currentSimImei: 353104...
2026-02-04 22:57:19.235 17788-18387 okhttp.OkHttpClient     com.cdccreditsmart.app               I  --> POST https://cdccreditsmart.com/api/apk/device/heartbeat
2026-02-04 22:57:19.235 17788-18387 okhttp.OkHttpClient     com.cdccreditsmart.app               I  Content-Type: application/json; charset=UTF-8
2026-02-04 22:57:19.235 17788-18387 okhttp.OkHttpClient     com.cdccreditsmart.app               I  Content-Length: 519
2026-02-04 22:57:19.235 17788-18387 okhttp.OkHttpClient     com.cdccreditsmart.app               I  Authorization: Bearer eyJhbGciOiJIUzI1NiIsInR5cCI6IkpXVCJ9.eyJkZXZpY2VJZCI6IjM1MzEwNDkwNjk1MzE5OCIsInNlcmlhbE51bWJlciI6IlpGNTI1R1JDUDgiLCJmaW5nZXJwcmludCI6IjE4YmQ2YWRiMmM2N2RhYzc1NjQ0YWU0ODkzOTc5NTAxOGI5ODVhMmVhMzA3ZDNiNDc2ODBjMGY0YzEzNWIzMTAiLCJ0eXBlIjoiYXBrIiwic2NvcGVzIjpbImRldmljZTpyZWFkIiwiZGV2aWNlOnN5bmMiXSwiaWF0IjoxNzcwMjU2NTc2LCJleHAiOjE4MDE3OTI1NzZ9.z1OCejERI8w-c5cOLPXStdo3QQxizsEp0aF3U_CrYoc
2026-02-04 22:57:19.236 17788-18387 okhttp.OkHttpClient     com.cdccreditsmart.app               I  {"deviceToken":"eyJhbGciOiJIUzI1NiIsInR5cCI6IkpXVCJ9.eyJkZXZpY2VJZCI6IjM1MzEwNDkwNjk1MzE5OCIsInNlcmlhbE51bWJlciI6IlpGNTI1R1JDUDgiLCJmaW5nZXJwcmludCI6IjE4YmQ2YWRiMmM2N2RhYzc1NjQ0YWU0ODkzOTc5NTAxOGI5ODVhMmVhMzA3ZDNiNDc2ODBjMGY0YzEzNWIzMTAiLCJ0eXBlIjoiYXBrIiwic2NvcGVzIjpbImRldmljZTpyZWFkIiwiZGV2aWNlOnN5bmMiXSwiaWF0IjoxNzcwMjU2NTc2LCJleHAiOjE4MDE3OTI1NzZ9.z1OCejERI8w-c5cOLPXStdo3QQxizsEp0aF3U_CrYoc","currentBlockLevel":0,"batteryLevel":100,"isCharging":true,"currentSimImei":"353104906953198","timestamp":1770256639224}
2026-02-04 22:57:19.236 17788-18387 okhttp.OkHttpClient     com.cdccreditsmart.app               I  --> END POST (519-byte body)
2026-02-04 22:57:19.501 17788-18430 okhttp.OkHttpClient     com.cdccreditsmart.app               I  <-- 200 https://cdccreditsmart.com/api/apk/device/353104906953198/commands (521ms)
2026-02-04 22:57:19.501 17788-18430 okhttp.OkHttpClient     com.cdccreditsmart.app               I  access-control-allow-credentials: true
2026-02-04 22:57:19.501 17788-18430 okhttp.OkHttpClient     com.cdccreditsmart.app               I  access-control-allow-headers: Origin, X-Requested-With, Content-Type, Accept, Authorization, x-client-key, x-client-token, x-client-secret, cache-control
2026-02-04 22:57:19.501 17788-18430 okhttp.OkHttpClient     com.cdccreditsmart.app               I  access-control-allow-methods: GET, POST, PUT, PATCH, DELETE, OPTIONS
2026-02-04 22:57:19.501 17788-18430 okhttp.OkHttpClient     com.cdccreditsmart.app               I  access-control-allow-origin: *
2026-02-04 22:57:19.502 17788-18430 okhttp.OkHttpClient     com.cdccreditsmart.app               I  access-control-max-age: 86400
2026-02-04 22:57:19.502 17788-18430 okhttp.OkHttpClient     com.cdccreditsmart.app               I  content-length: 105
2026-02-04 22:57:19.502 17788-18430 okhttp.OkHttpClient     com.cdccreditsmart.app               I  content-security-policy: default-src 'self'; script-src 'self' 'unsafe-inline' 'unsafe-eval' https://replit.com; style-src 'self' 'unsafe-inline' https://replit.com; img-src 'self' data: https:; font-src 'self' data: https://replit.com; connect-src 'self';
2026-02-04 22:57:19.502 17788-18430 okhttp.OkHttpClient     com.cdccreditsmart.app               I  content-type: application/json; charset=utf-8
2026-02-04 22:57:19.502 17788-18430 okhttp.OkHttpClient     com.cdccreditsmart.app               I  date: Thu, 05 Feb 2026 01:57:19 GMT
2026-02-04 22:57:19.502 17788-18430 okhttp.OkHttpClient     com.cdccreditsmart.app               I  etag: W/"69-er+pLoqllaCDTC2mxwnV4h+rjcU"
2026-02-04 22:57:19.502 17788-18430 okhttp.OkHttpClient     com.cdccreditsmart.app               I  permissions-policy: geolocation=(), microphone=(), camera=()
2026-02-04 22:57:19.502 17788-18430 okhttp.OkHttpClient     com.cdccreditsmart.app               I  referrer-policy: strict-origin-when-cross-origin
2026-02-04 22:57:19.502 17788-18430 okhttp.OkHttpClient     com.cdccreditsmart.app               I  strict-transport-security: max-age=63072000; includeSubDomains
2026-02-04 22:57:19.502 17788-18430 okhttp.OkHttpClient     com.cdccreditsmart.app               I  strict-transport-security: max-age=31536000; includeSubDomains
2026-02-04 22:57:19.502 17788-18430 okhttp.OkHttpClient     com.cdccreditsmart.app               I  x-anti-fraud-protection: active
2026-02-04 22:57:19.502 17788-18430 okhttp.OkHttpClient     com.cdccreditsmart.app               I  x-certificate-pinning-enabled: false
2026-02-04 22:57:19.502 17788-18430 okhttp.OkHttpClient     com.cdccreditsmart.app               I  x-certificate-pinning-status: disabled-for-stability
2026-02-04 22:57:19.503 17788-18430 okhttp.OkHttpClient     com.cdccreditsmart.app               I  x-content-type-options: nosniff
2026-02-04 22:57:19.503 17788-18430 okhttp.OkHttpClient     com.cdccreditsmart.app               I  x-financial-data-protection: enabled
2026-02-04 22:57:19.503 17788-18430 okhttp.OkHttpClient     com.cdccreditsmart.app               I  x-frame-options: DENY
2026-02-04 22:57:19.503 17788-18430 okhttp.OkHttpClient     com.cdccreditsmart.app               I  x-transaction-security-level: maximum
2026-02-04 22:57:19.503 17788-18430 okhttp.OkHttpClient     com.cdccreditsmart.app               I  x-xss-protection: 1; mode=block
2026-02-04 22:57:19.503 17788-18430 okhttp.OkHttpClient     com.cdccreditsmart.app               I  via: 1.1 google
2026-02-04 22:57:19.503 17788-18430 okhttp.OkHttpClient     com.cdccreditsmart.app               I  alt-svc: h3=":443"; ma=2592000,h3-29=":443"; ma=2592000
2026-02-04 22:57:19.504 17788-18430 okhttp.OkHttpClient     com.cdccreditsmart.app               I  {"deviceId":"device_1770256537295_6tq8yq57jwb","serialNumber":"PSM9JT96","commandsCount":0,"commands":[]}
