2026-01-29 16:44:02.624 18823-18876 EnhancedProtections     com.cdccreditsmart.app               I  â• â•â•â•â•â•â•â•â•â•â•â•â•â•â•â•â•â•â•â•â•â•â•â•â•â•â•â•â•â•â•â•â•â•â•â•â•â•â•â•â•â•â•â•â•â•â•â•â•â•â•â•â•â•â•â•â•â•â•â•â•â•â•â•â•â•£
2026-01-29 16:44:02.624 18823-18876 EnhancedProtections     com.cdccreditsmart.app               I  â•‘  â†’ Parental: Nenhum app de controle parental detectado
2026-01-29 16:44:02.624 18823-18876 EnhancedProtections     com.cdccreditsmart.app               I  â•‘  â†’ System updates: bloqueado
2026-01-29 16:44:02.624 18823-18876 EnhancedProtections     com.cdccreditsmart.app               I  â•‘  â†’ Power saving: configurado
2026-01-29 16:44:02.624 18823-18876 EnhancedProtections     com.cdccreditsmart.app               I  â•‘  â†’ Multi-window: bloqueado
2026-01-29 16:44:02.624 18823-18876 EnhancedProtections     com.cdccreditsmart.app               I  â•šâ•â•â•â•â•â•â•â•â•â•â•â•â•â•â•â•â•â•â•â•â•â•â•â•â•â•â•â•â•â•â•â•â•â•â•â•â•â•â•â•â•â•â•â•â•â•â•â•â•â•â•â•â•â•â•â•â•â•â•â•â•â•â•â•â•
2026-01-29 16:44:02.624 18823-18876 EnhancedProtections     com.cdccreditsmart.app               I  
2026-01-29 16:44:02.625 18823-18863 SettingsGuardService    com.cdccreditsmart.app               I  â•‘   ðŸ”’ Device Owner: âœ… SIM                   â•‘
2026-01-29 16:44:02.626 18823-18874 EnhancedProtections     com.cdccreditsmart.app               I  
2026-01-29 16:44:02.626 18823-18874 EnhancedProtections     com.cdccreditsmart.app               I  â•”â•â•â•â•â•â•â•â•â•â•â•â•â•â•â•â•â•â•â•â•â•â•â•â•â•â•â•â•â•â•â•â•â•â•â•â•â•â•â•â•â•â•â•â•â•â•â•â•â•â•â•â•â•â•â•â•â•â•â•â•â•â•â•â•â•—
2026-01-29 16:44:02.626 18823-18874 EnhancedProtections     com.cdccreditsmart.app               I  â•‘  ðŸ“Š RESUMO DAS PROTEÃ‡Ã•ES AVANÃ‡ADAS                             â•‘
2026-01-29 16:44:02.626 18823-18874 EnhancedProtections     com.cdccreditsmart.app               I  â• â•â•â•â•â•â•â•â•â•â•â•â•â•â•â•â•â•â•â•â•â•â•â•â•â•â•â•â•â•â•â•â•â•â•â•â•â•â•â•â•â•â•â•â•â•â•â•â•â•â•â•â•â•â•â•â•â•â•â•â•â•â•â•â•â•£
2026-01-29 16:44:02.626 18823-18874 EnhancedProtections     com.cdccreditsmart.app               I  â•‘  OperaÃ§Ã£o: ATIVAR                                          â•‘
2026-01-29 16:44:02.626 18823-18874 EnhancedProtections     com.cdccreditsmart.app               I  â•‘  Success: true                                              â•‘
2026-01-29 16:44:02.626 18823-18874 EnhancedProtections     com.cdccreditsmart.app               I  â•‘  PolÃ­ticas aplicadas: 4                                     â•‘
2026-01-29 16:44:02.626 18823-18863 SettingsGuardService    com.cdccreditsmart.app               I  â•‘   ðŸ” Device Admin: âœ… SIM                   â•‘
2026-01-29 16:44:02.626 18823-18874 EnhancedProtections     com.cdccreditsmart.app               I  â•‘  Apps de controle parental detectados: 0                  â•‘
2026-01-29 16:44:02.626 18823-18863 SettingsGuardService    com.cdccreditsmart.app               I  â•šâ•â•â•â•â•â•â•â•â•â•â•â•â•â•â•â•â•â•â•â•â•â•â•â•â•â•â•â•â•â•â•â•â•â•â•â•â•â•â•â•â•â•â•â•â•â•â•â•â•â•â•â•â•â•â•â•â•
2026-01-29 16:44:02.626 18823-18874 EnhancedProtections     com.cdccreditsmart.app               I  â• â•â•â•â•â•â•â•â•â•â•â•â•â•â•â•â•â•â•â•â•â•â•â•â•â•â•â•â•â•â•â•â•â•â•â•â•â•â•â•â•â•â•â•â•â•â•â•â•â•â•â•â•â•â•â•â•â•â•â•â•â•â•â•â•â•£
2026-01-29 16:44:02.626 18823-18863 SettingsGuardService    com.cdccreditsmart.app               I  ðŸ›¡ï¸ SettingsGuard INICIADO
2026-01-29 16:44:02.626 18823-18874 EnhancedProtections     com.cdccreditsmart.app               I  â•‘  â†’ Parental: Nenhum app de controle parental detectado
2026-01-29 16:44:02.626 18823-18874 EnhancedProtections     com.cdccreditsmart.app               I  â•‘  â†’ System updates: bloqueado
2026-01-29 16:44:02.626 18823-18863 SettingsGuardService    com.cdccreditsmart.app               I     Modo de proteÃ§Ã£o: DEVICE_OWNER
2026-01-29 16:44:02.626 18823-18874 EnhancedProtections     com.cdccreditsmart.app               I  â•‘  â†’ Power saving: configurado
2026-01-29 16:44:02.626 18823-18863 SettingsGuardService    com.cdccreditsmart.app               I     âœ… Device Owner: ProteÃ§Ã£o mÃ¡xima ativa (setUninstallBlocked)
2026-01-29 16:44:02.626 18823-18874 EnhancedProtections     com.cdccreditsmart.app               I  â•‘  â†’ Multi-window: bloqueado
2026-01-29 16:44:02.626 18823-18863 SettingsGuardService    com.cdccreditsmart.app               I     ðŸ“¡ MONITORAMENTO ATIVO - protegendo telas de Settings/App Info
2026-01-29 16:44:02.626 18823-18874 EnhancedProtections     com.cdccreditsmart.app               I  â•šâ•â•â•â•â•â•â•â•â•â•â•â•â•â•â•â•â•â•â•â•â•â•â•â•â•â•â•â•â•â•â•â•â•â•â•â•â•â•â•â•â•â•â•â•â•â•â•â•â•â•â•â•â•â•â•â•â•â•â•â•â•â•â•â•â•
2026-01-29 16:44:02.626 18823-18863 SettingsGuardService    com.cdccreditsmart.app               I     ðŸ“¡ Mesmo com setUninstallBlocked, usuÃ¡rio nÃ£o pode ver telas de admin
2026-01-29 16:44:02.626 18823-18874 EnhancedProtections     com.cdccreditsmart.app               I  
2026-01-29 16:44:02.626 18823-18863 SettingsGuardService    com.cdccreditsmart.app               I  ðŸ” ========================================
2026-01-29 16:44:02.626 18823-18863 SettingsGuardService    com.cdccreditsmart.app               I  ðŸ” INICIANDO MONITORAMENTO ATIVO DE SETTINGS
2026-01-29 16:44:02.626 18823-18863 SettingsGuardService    com.cdccreditsmart.app               I  ðŸ” ========================================
2026-01-29 16:44:02.627 18823-18863 SettingsGuardService    com.cdccreditsmart.app               I  âœ… USAGE_STATS concedida - monitoramento preciso ativo
2026-01-29 16:44:02.628 18823-18863 SettingsGuardService    com.cdccreditsmart.app               I  ðŸ“¢ NotificaÃ§Ã£o de permissÃ£o USAGE_STATS cancelada
2026-01-29 16:44:02.628 18823-18863 SettingsGuardService    com.cdccreditsmart.app               I  ðŸ” Intervalo: 3000ms / 1000ms
2026-01-29 16:44:02.632 18823-18876 WorkPolicyManager       com.cdccreditsmart.app               I     âœ… setLockTaskPackages: 4 apps permitidos
2026-01-29 16:44:02.633 18823-18862 AppProtectionManager    com.cdccreditsmart.app               I    âœ… DesinstalaÃ§Ã£o bloqueada: true
2026-01-29 16:44:02.638 18823-18878 SettingsGuardService    com.cdccreditsmart.app               D  ðŸ“‹ Activity check - Full: com.cdccreditsmart.app.presentation.MainActivity, Simple: MainActivity
2026-01-29 16:44:02.645 18823-18874 WorkPolicyManager       com.cdccreditsmart.app               I     âœ… setLockTaskPackages: 4 apps permitidos
2026-01-29 16:44:02.648 18823-18876 WorkPolicyManager       com.cdccreditsmart.app               I     âœ… setLockTaskFeatures configurado (Android 9+)
2026-01-29 16:44:02.650 18823-18876 WorkPolicyManager       com.cdccreditsmart.app               I  
2026-01-29 16:44:02.650 18823-18876 WorkPolicyManager       com.cdccreditsmart.app               I  â•”â•â•â•â•â•â•â•â•â•â•â•â•â•â•â•â•â•â•â•â•â•â•â•â•â•â•â•â•â•â•â•â•â•â•â•â•â•â•â•â•â•â•â•â•â•â•â•â•â•â•â•â•â•â•â•â•â•â•â•â•â•â•â•â•â•—
2026-01-29 16:44:02.650 18823-18876 WorkPolicyManager       com.cdccreditsmart.app               I  â•‘  ðŸ“Š RESUMO DAS POLÃTICAS DE TRABALHO                           â•‘
2026-01-29 16:44:02.650 18823-18876 WorkPolicyManager       com.cdccreditsmart.app               I  â• â•â•â•â•â•â•â•â•â•â•â•â•â•â•â•â•â•â•â•â•â•â•â•â•â•â•â•â•â•â•â•â•â•â•â•â•â•â•â•â•â•â•â•â•â•â•â•â•â•â•â•â•â•â•â•â•â•â•â•â•â•â•â•â•â•£
2026-01-29 16:44:02.650 18823-18876 WorkPolicyManager       com.cdccreditsmart.app               I  â•‘  ðŸ‘‘ NÃ­vel de proteÃ§Ã£o: DEVICE OWNER FULL
2026-01-29 16:44:02.650 18823-18876 WorkPolicyManager       com.cdccreditsmart.app               I  â•‘  ðŸ“‹ PolÃ­ticas aplicadas: 22
2026-01-29 16:44:02.651 18823-18876 WorkPolicyManager       com.cdccreditsmart.app               I  â• â•â•â•â•â•â•â•â•â•â•â•â•â•â•â•â•â•â•â•â•â•â•â•â•â•â•â•â•â•â•â•â•â•â•â•â•â•â•â•â•â•â•â•â•â•â•â•â•â•â•â•â•â•â•â•â•â•â•â•â•â•â•â•â•â•£
2026-01-29 16:44:02.651 18823-18876 WorkPolicyManager       com.cdccreditsmart.app               I  â•‘  âœ… PROTEÃ‡Ã•ES ATIVAS:
2026-01-29 16:44:02.652 18823-18876 WorkPolicyManager       com.cdccreditsmart.app               I  â•‘     âœ… DesinstalaÃ§Ã£o bloqueada
2026-01-29 16:44:02.652 18823-18876 WorkPolicyManager       com.cdccreditsmart.app               I  â•‘     âœ… Force Stop bloqueado
2026-01-29 16:44:02.652 18823-18876 WorkPolicyManager       com.cdccreditsmart.app               I  â•‘     âœ… Clear Data bloqueado
2026-01-29 16:44:02.652 18823-18876 WorkPolicyManager       com.cdccreditsmart.app               I  â•‘     âœ… Controle do usuÃ¡rio desabilitado
2026-01-29 16:44:02.652 18823-18876 WorkPolicyManager       com.cdccreditsmart.app               I  â•‘     âœ… Wipe por senha incorreta desabilitado
2026-01-29 16:44:02.654 18823-18876 WorkPolicyManager       com.cdccreditsmart.app               I  â•‘     âœ… Factory Reset via Settings bloqueado
2026-01-29 16:44:02.654 18823-18876 WorkPolicyManager       com.cdccreditsmart.app               I  â•‘     âœ… Safe Mode bloqueado
2026-01-29 16:44:02.654 18823-18876 WorkPolicyManager       com.cdccreditsmart.app               I  â•‘     âœ… AdiÃ§Ã£o de usuÃ¡rios bloqueada
2026-01-29 16:44:02.656 18823-18876 WorkPolicyManager       com.cdccreditsmart.app               I  â•‘     âœ… RemoÃ§Ã£o de usuÃ¡rios bloqueada
2026-01-29 16:44:02.656 18823-18862 AppProtectionManager    com.cdccreditsmart.app               I    âŒ Force Stop bloqueado: false
2026-01-29 16:44:02.656 18823-18876 WorkPolicyManager       com.cdccreditsmart.app               I  â•‘     âœ… Troca de usuÃ¡rios bloqueada
2026-01-29 16:44:02.657 18823-18862 AppProtectionManager    com.cdccreditsmart.app               I    âœ… Factory Reset bloqueado: true
2026-01-29 16:44:02.657 18823-18876 WorkPolicyManager       com.cdccreditsmart.app               I  â•‘     âœ… ModificaÃ§Ã£o de contas bloqueada
2026-01-29 16:44:02.657 18823-18876 WorkPolicyManager       com.cdccreditsmart.app               I  â•‘     âœ… Network Reset bloqueado
2026-01-29 16:44:02.658 18823-18876 WorkPolicyManager       com.cdccreditsmart.app               I  â•‘     âœ… ConfiguraÃ§Ã£o de VPN bloqueada
2026-01-29 16:44:02.658 18823-18876 WorkPolicyManager       com.cdccreditsmart.app               I  â•‘     âœ… ConfiguraÃ§Ã£o de rede mÃ³vel bloqueada
2026-01-29 16:44:02.658 18823-18876 WorkPolicyManager       com.cdccreditsmart.app               I  â•‘     âœ… ConfiguraÃ§Ã£o de data/hora bloqueada
2026-01-29 16:44:02.658 18823-18876 WorkPolicyManager       com.cdccreditsmart.app               I  â•‘     âœ… Montagem de mÃ­dia externa bloqueada
2026-01-29 16:44:02.658 18823-18876 WorkPolicyManager       com.cdccreditsmart.app               I  â•‘     âœ… PolÃ­tica de atualizaÃ§Ãµes configurada
2026-01-29 16:44:02.658 18823-18876 WorkPolicyManager       com.cdccreditsmart.app               I  â•‘     âœ… ProteÃ§Ãµes avanÃ§adas aplicadas
2026-01-29 16:44:02.658 18823-18874 WorkPolicyManager       com.cdccreditsmart.app               I     âœ… setLockTaskFeatures configurado (Android 9+)
2026-01-29 16:44:02.659 18823-18876 WorkPolicyManager       com.cdccreditsmart.app               I  â•‘     âœ… Lock Task Mode configurado (kiosk)
2026-01-29 16:44:02.660 18823-18876 WorkPolicyManager       com.cdccreditsmart.app               I  â• â•â•â•â•â•â•â•â•â•â•â•â•â•â•â•â•â•â•â•â•â•â•â•â•â•â•â•â•â•â•â•â•â•â•â•â•â•â•â•â•â•â•â•â•â•â•â•â•â•â•â•â•â•â•â•â•â•â•â•â•â•â•â•â•â•£
2026-01-29 16:44:02.660 18823-18876 WorkPolicyManager       com.cdccreditsmart.app               I  â•‘  âš ï¸ AVISOS:
2026-01-29 16:44:02.660 18823-18876 WorkPolicyManager       com.cdccreditsmart.app               W  â•‘     âš ï¸ USB Debugging ativo (modo debug)
2026-01-29 16:44:02.660 18823-18876 WorkPolicyManager       com.cdccreditsmart.app               I  â•šâ•â•â•â•â•â•â•â•â•â•â•â•â•â•â•â•â•â•â•â•â•â•â•â•â•â•â•â•â•â•â•â•â•â•â•â•â•â•â•â•â•â•â•â•â•â•â•â•â•â•â•â•â•â•â•â•â•â•â•â•â•â•â•â•â•
2026-01-29 16:44:02.660 18823-18876 WorkPolicyManager       com.cdccreditsmart.app               I  
2026-01-29 16:44:02.660 18823-18876 CdcForegroundService    com.cdccreditsmart.app               I  ðŸ¢ Resultado: DEVICE_OWNER_FULL
2026-01-29 16:44:02.661 18823-18874 WorkPolicyManager       com.cdccreditsmart.app               I  
2026-01-29 16:44:02.663 18823-18863 CdcForegroundService    com.cdccreditsmart.app               I  ðŸ›¡ï¸ Guard ativo: true
2026-01-29 16:44:02.663 18823-18863 CdcForegroundService    com.cdccreditsmart.app               I  ðŸ›¡ï¸ Modo proteÃ§Ã£o: DEVICE_OWNER
2026-01-29 16:44:02.663 18823-18863 CdcForegroundService    com.cdccreditsmart.app               I  ðŸ›¡ï¸ Modo agressivo: false
2026-01-29 16:44:02.663 18823-18874 WorkPolicyManager       com.cdccreditsmart.app               I  â•”â•â•â•â•â•â•â•â•â•â•â•â•â•â•â•â•â•â•â•â•â•â•â•â•â•â•â•â•â•â•â•â•â•â•â•â•â•â•â•â•â•â•â•â•â•â•â•â•â•â•â•â•â•â•â•â•â•â•â•â•â•â•â•â•â•—
2026-01-29 16:44:02.663 18823-18874 WorkPolicyManager       com.cdccreditsmart.app               I  â•‘  ðŸ“Š RESUMO DAS POLÃTICAS DE TRABALHO                           â•‘
2026-01-29 16:44:02.663 18823-18863 CdcForegroundService    com.cdccreditsmart.app               I  ðŸ›¡ï¸ UsageStats: âœ… ATIVO
2026-01-29 16:44:02.663 18823-18863 CdcForegroundService    com.cdccreditsmart.app               I  ðŸ›¡ï¸ Overlay: âœ… ATIVO
2026-01-29 16:44:02.663 18823-18863 CdcForegroundService    com.cdccreditsmart.app               I  ðŸ›¡ï¸ ========================================
2026-01-29 16:44:02.664 18823-18862 AppProtectionManager    com.cdccreditsmart.app               I    âœ… Device Owner: true
2026-01-29 16:44:02.664 18823-18862 AppProtectionManager    com.cdccreditsmart.app               I  ========================================
2026-01-29 16:44:02.665 18823-18874 WorkPolicyManager       com.cdccreditsmart.app               I  â• â•â•â•â•â•â•â•â•â•â•â•â•â•â•â•â•â•â•â•â•â•â•â•â•â•â•â•â•â•â•â•â•â•â•â•â•â•â•â•â•â•â•â•â•â•â•â•â•â•â•â•â•â•â•â•â•â•â•â•â•â•â•â•â•â•£
2026-01-29 16:44:02.665 18823-18874 WorkPolicyManager       com.cdccreditsmart.app               I  â•‘  ðŸ‘‘ NÃ­vel de proteÃ§Ã£o: DEVICE OWNER FULL
2026-01-29 16:44:02.665 18823-18874 WorkPolicyManager       com.cdccreditsmart.app               I  â•‘  ðŸ“‹ PolÃ­ticas aplicadas: 22
2026-01-29 16:44:02.665 18823-18874 WorkPolicyManager       com.cdccreditsmart.app               I  â• â•â•â•â•â•â•â•â•â•â•â•â•â•â•â•â•â•â•â•â•â•â•â•â•â•â•â•â•â•â•â•â•â•â•â•â•â•â•â•â•â•â•â•â•â•â•â•â•â•â•â•â•â•â•â•â•â•â•â•â•â•â•â•â•â•£
2026-01-29 16:44:02.665 18823-18874 WorkPolicyManager       com.cdccreditsmart.app               I  â•‘  âœ… PROTEÃ‡Ã•ES ATIVAS:
2026-01-29 16:44:02.665 18823-18874 WorkPolicyManager       com.cdccreditsmart.app               I  â•‘     âœ… DesinstalaÃ§Ã£o bloqueada
2026-01-29 16:44:02.665 18823-18874 WorkPolicyManager       com.cdccreditsmart.app               I  â•‘     âœ… Force Stop bloqueado
2026-01-29 16:44:02.665 18823-18874 WorkPolicyManager       com.cdccreditsmart.app               I  â•‘     âœ… Clear Data bloqueado
2026-01-29 16:44:02.665 18823-18874 WorkPolicyManager       com.cdccreditsmart.app               I  â•‘     âœ… Controle do usuÃ¡rio desabilitado
2026-01-29 16:44:02.665 18823-18874 WorkPolicyManager       com.cdccreditsmart.app               I  â•‘     âœ… Wipe por senha incorreta desabilitado
2026-01-29 16:44:02.665 18823-18874 WorkPolicyManager       com.cdccreditsmart.app               I  â•‘     âœ… Factory Reset via Settings bloqueado
2026-01-29 16:44:02.665 18823-18874 WorkPolicyManager       com.cdccreditsmart.app               I  â•‘     âœ… Safe Mode bloqueado
2026-01-29 16:44:02.665 18823-18874 WorkPolicyManager       com.cdccreditsmart.app               I  â•‘     âœ… AdiÃ§Ã£o de usuÃ¡rios bloqueada
2026-01-29 16:44:02.665 18823-18874 WorkPolicyManager       com.cdccreditsmart.app               I  â•‘     âœ… RemoÃ§Ã£o de usuÃ¡rios bloqueada
2026-01-29 16:44:02.665 18823-18874 WorkPolicyManager       com.cdccreditsmart.app               I  â•‘     âœ… Troca de usuÃ¡rios bloqueada
2026-01-29 16:44:02.665 18823-18876 CdcForegroundService    com.cdccreditsmart.app               I  ðŸ¢ PolÃ­ticas aplicadas: 22/20
2026-01-29 16:44:02.665 18823-18874 WorkPolicyManager       com.cdccreditsmart.app               I  â•‘     âœ… ModificaÃ§Ã£o de contas bloqueada
2026-01-29 16:44:02.665 18823-18874 WorkPolicyManager       com.cdccreditsmart.app               I  â•‘     âœ… Network Reset bloqueado
2026-01-29 16:44:02.665 18823-18874 WorkPolicyManager       com.cdccreditsmart.app               I  â•‘     âœ… ConfiguraÃ§Ã£o de VPN bloqueada
2026-01-29 16:44:02.665 18823-18874 WorkPolicyManager       com.cdccreditsmart.app               I  â•‘     âœ… ConfiguraÃ§Ã£o de rede mÃ³vel bloqueada
2026-01-29 16:44:02.665 18823-18876 CdcForegroundService    com.cdccreditsmart.app               W  ðŸ¢ âš ï¸ USB Debugging ativo (modo debug)
2026-01-29 16:44:02.665 18823-18874 WorkPolicyManager       com.cdccreditsmart.app               I  â•‘     âœ… ConfiguraÃ§Ã£o de data/hora bloqueada
2026-01-29 16:44:02.666 18823-18876 CdcForegroundService    com.cdccreditsmart.app               I  ðŸ¢ ========================================
2026-01-29 16:44:02.666 18823-18874 WorkPolicyManager       com.cdccreditsmart.app               I  â•‘     âœ… Montagem de mÃ­dia externa bloqueada
2026-01-29 16:44:02.666 18823-18876 CdcForegroundService    com.cdccreditsmart.app               I  ðŸ›¡ï¸ ========================================
2026-01-29 16:44:02.666 18823-18874 WorkPolicyManager       com.cdccreditsmart.app               I  â•‘     âœ… PolÃ­tica de atualizaÃ§Ãµes configurada
2026-01-29 16:44:02.666 18823-18876 CdcForegroundService    com.cdccreditsmart.app               I  ðŸ›¡ï¸ INICIANDO SETTINGS GUARD (PROTEÃ‡ÃƒO AGRESSIVA)
2026-01-29 16:44:02.666 18823-18874 WorkPolicyManager       com.cdccreditsmart.app               I  â•‘     âœ… ProteÃ§Ãµes avanÃ§adas aplicadas
2026-01-29 16:44:02.666 18823-18876 CdcForegroundService    com.cdccreditsmart.app               I  ðŸ›¡ï¸ ========================================
2026-01-29 16:44:02.666 18823-18874 WorkPolicyManager       com.cdccreditsmart.app               I  â•‘     âœ… Lock Task Mode configurado (kiosk)
2026-01-29 16:44:02.666 18823-18874 WorkPolicyManager       com.cdccreditsmart.app               I  â• â•â•â•â•â•â•â•â•â•â•â•â•â•â•â•â•â•â•â•â•â•â•â•â•â•â•â•â•â•â•â•â•â•â•â•â•â•â•â•â•â•â•â•â•â•â•â•â•â•â•â•â•â•â•â•â•â•â•â•â•â•â•â•â•â•£
2026-01-29 16:44:02.666 18823-18874 WorkPolicyManager       com.cdccreditsmart.app               I  â•‘  âš ï¸ AVISOS:
2026-01-29 16:44:02.666 18823-18874 WorkPolicyManager       com.cdccreditsmart.app               W  â•‘     âš ï¸ USB Debugging ativo (modo debug)
2026-01-29 16:44:02.666 18823-18874 WorkPolicyManager       com.cdccreditsmart.app               I  â•šâ•â•â•â•â•â•â•â•â•â•â•â•â•â•â•â•â•â•â•â•â•â•â•â•â•â•â•â•â•â•â•â•â•â•â•â•â•â•â•â•â•â•â•â•â•â•â•â•â•â•â•â•â•â•â•â•â•â•â•â•â•â•â•â•â•
2026-01-29 16:44:02.666 18823-18874 WorkPolicyManager       com.cdccreditsmart.app               I  
2026-01-29 16:44:02.666 18823-18874 CdcForegroundService    com.cdccreditsmart.app               I  ðŸ¢ Resultado: DEVICE_OWNER_FULL
2026-01-29 16:44:02.666 18823-18874 CdcForegroundService    com.cdccreditsmart.app               I  ðŸ¢ PolÃ­ticas aplicadas: 22/20
2026-01-29 16:44:02.667 18823-18876 AutoPermissionManager   com.cdccreditsmart.app               I  ðŸ” ForÃ§ando concessÃ£o de permissÃµes especiais...
2026-01-29 16:44:02.667 18823-18862 CDCApplication          com.cdccreditsmart.app               I     VerificaÃ§Ã£o: {uninstall_blocked=true, force_stop_blocked=false, factory_reset_blocked=true, is_device_owner=true}
2026-01-29 16:44:02.668 18823-18874 CdcForegroundService    com.cdccreditsmart.app               W  ðŸ¢ âš ï¸ USB Debugging ativo (modo debug)
2026-01-29 16:44:02.668 18823-18874 CdcForegroundService    com.cdccreditsmart.app               I  ðŸ¢ ========================================
2026-01-29 16:44:02.668 18823-18876 SettingsGuardService    com.cdccreditsmart.app               I  
2026-01-29 16:44:02.668 18823-18876 SettingsGuardService    com.cdccreditsmart.app               I  â•”â•â•â•â•â•â•â•â•â•â•â•â•â•â•â•â•â•â•â•â•â•â•â•â•â•â•â•â•â•â•â•â•â•â•â•â•â•â•â•â•â•â•â•â•â•â•â•â•â•â•â•â•â•â•â•â•â•—
2026-01-29 16:44:02.668 18823-18876 SettingsGuardService    com.cdccreditsmart.app               I  â•‘   ðŸ›¡ï¸ SETTINGSGUARD - INICIALIZAÃ‡ÃƒO                    â•‘
2026-01-29 16:44:02.668 18823-18876 SettingsGuardService    com.cdccreditsmart.app               I  â• â•â•â•â•â•â•â•â•â•â•â•â•â•â•â•â•â•â•â•â•â•â•â•â•â•â•â•â•â•â•â•â•â•â•â•â•â•â•â•â•â•â•â•â•â•â•â•â•â•â•â•â•â•â•â•â•â•£
2026-01-29 16:44:02.669 18823-18876 SettingsGuardService    com.cdccreditsmart.app               I  â•‘   â„¹ï¸ Guard jÃ¡ estÃ¡ ativo - ignorando chamada         â•‘
2026-01-29 16:44:02.669 18823-18876 SettingsGuardService    com.cdccreditsmart.app               I  â•šâ•â•â•â•â•â•â•â•â•â•â•â•â•â•â•â•â•â•â•â•â•â•â•â•â•â•â•â•â•â•â•â•â•â•â•â•â•â•â•â•â•â•â•â•â•â•â•â•â•â•â•â•â•â•â•â•â•
2026-01-29 16:44:02.669 18823-18874 CdcForegroundService    com.cdccreditsmart.app               I  ðŸ›¡ï¸ ========================================
2026-01-29 16:44:02.669 18823-18874 CdcForegroundService    com.cdccreditsmart.app               I  ðŸ›¡ï¸ INICIANDO SETTINGS GUARD (PROTEÃ‡ÃƒO AGRESSIVA)
2026-01-29 16:44:02.671 18823-18874 CdcForegroundService    com.cdccreditsmart.app               I  ðŸ›¡ï¸ ========================================
2026-01-29 16:44:02.672 18823-18862 CDCApplication          com.cdccreditsmart.app               I  
2026-01-29 16:44:02.672 18823-18862 CDCApplication          com.cdccreditsmart.app               I  ðŸ” Executando diagnÃ³stico completo...
2026-01-29 16:44:02.673 18823-18863 OfflineEnf...mentWorker com.cdccreditsmart.app               I  âœ… OfflineEnforcementWorker agendado
2026-01-29 16:44:02.673 18823-18863 CdcForegroundService    com.cdccreditsmart.app               I  âœ… OfflineEnforcementWorker agendado
2026-01-29 16:44:02.674 18823-18863 PeriodicOverlayWorker   com.cdccreditsmart.app               I  ðŸ“… Agendando overlay automÃ¡tico
2026-01-29 16:44:02.674 18823-18862 ProtectionDiagnostics   com.cdccreditsmart.app               W  
2026-01-29 16:44:02.674 18823-18862 ProtectionDiagnostics   com.cdccreditsmart.app               W  â•”â•â•â•â•â•â•â•â•â•â•â•â•â•â•â•â•â•â•â•â•â•â•â•â•â•â•â•â•â•â•â•â•â•â•â•â•â•â•â•â•â•â•â•â•â•â•â•â•â•â•â•â•â•â•â•â•â•â•â•â•â•—
2026-01-29 16:44:02.674 18823-18862 ProtectionDiagnostics   com.cdccreditsmart.app               W  â•‘         DIAGNÃ“STICO COMPLETO DE PROTEÃ‡Ã•ES                 â•‘
2026-01-29 16:44:02.674 18823-18862 ProtectionDiagnostics   com.cdccreditsmart.app               W  â•šâ•â•â•â•â•â•â•â•â•â•â•â•â•â•â•â•â•â•â•â•â•â•â•â•â•â•â•â•â•â•â•â•â•â•â•â•â•â•â•â•â•â•â•â•â•â•â•â•â•â•â•â•â•â•â•â•â•â•â•â•â•
2026-01-29 16:44:02.674 18823-18862 ProtectionDiagnostics   com.cdccreditsmart.app               W  
2026-01-29 16:44:02.674 18823-18863 PeriodicOverlayWorker   com.cdccreditsmart.app               I     WorkManager interval: 15 minutos (mÃ­nimo obrigatÃ³rio)
2026-01-29 16:44:02.675 18823-18863 PeriodicOverlayWorker   com.cdccreditsmart.app               I     Cooldowns progressivos controlados internamente pelo worker
2026-01-29 16:44:02.676 18823-18876 CdcForegroundService    com.cdccreditsmart.app               I  ðŸ›¡ï¸ Guard ativo: true
2026-01-29 16:44:02.676 18823-18876 CdcForegroundService    com.cdccreditsmart.app               I  ðŸ›¡ï¸ Modo proteÃ§Ã£o: DEVICE_OWNER
2026-01-29 16:44:02.676 18823-18876 CdcForegroundService    com.cdccreditsmart.app               I  ðŸ›¡ï¸ Modo agressivo: false
2026-01-29 16:44:02.676 18823-18876 CdcForegroundService    com.cdccreditsmart.app               I  ðŸ›¡ï¸ UsageStats: âœ… ATIVO
2026-01-29 16:44:02.676 18823-18863 PeriodicOverlayWorker   com.cdccreditsmart.app               I  âœ… Overlay automÃ¡tico agendado com sucesso
2026-01-29 16:44:02.676 18823-18876 CdcForegroundService    com.cdccreditsmart.app               I  ðŸ›¡ï¸ Overlay: âœ… ATIVO
2026-01-29 16:44:02.676 18823-18876 CdcForegroundService    com.cdccreditsmart.app               I  ðŸ›¡ï¸ ========================================
2026-01-29 16:44:02.676 18823-18863 CdcForegroundService    com.cdccreditsmart.app               I  âœ… PeriodicOverlayWorker agendado
2026-01-29 16:44:02.677 18823-18862 ProtectionDiagnostics   com.cdccreditsmart.app               W  â•â•â•â•â•â•â•â•â•â•â•â•â•â•â•â•â•â•â•â•â•â•â•â•â•â•â•â•â•â•â•â•â•â•â•â•â•â•â•â•â•â•â•â•â•â•â•â•â•â•â•â•â•â•â•â•â•â•â•
2026-01-29 16:44:02.677 18823-18862 ProtectionDiagnostics   com.cdccreditsmart.app               W  1. STATUS DEVICE OWNER
2026-01-29 16:44:02.677 18823-18862 ProtectionDiagnostics   com.cdccreditsmart.app               W  â•â•â•â•â•â•â•â•â•â•â•â•â•â•â•â•â•â•â•â•â•â•â•â•â•â•â•â•â•â•â•â•â•â•â•â•â•â•â•â•â•â•â•â•â•â•â•â•â•â•â•â•â•â•â•â•â•â•â•
2026-01-29 16:44:02.677 18823-18862 ProtectionDiagnostics   com.cdccreditsmart.app               W  âœ… Ã‰ DEVICE OWNER
2026-01-29 16:44:02.677 18823-18862 ProtectionDiagnostics   com.cdccreditsmart.app               W  Package Name: com.cdccreditsmart.app
2026-01-29 16:44:02.677 18823-18862 ProtectionDiagnostics   com.cdccreditsmart.app               W  Admin Component: com.cdccreditsmart.app.device.CdcDeviceAdminReceiver
2026-01-29 16:44:02.677 18823-18862 ProtectionDiagnostics   com.cdccreditsmart.app               W  
2026-01-29 16:44:02.678 18823-18876 OfflineEnf...mentWorker com.cdccreditsmart.app               I  âœ… OfflineEnforcementWorker agendado
2026-01-29 16:44:02.678 18823-18876 CdcForegroundService    com.cdccreditsmart.app               I  âœ… OfflineEnforcementWorker agendado
2026-01-29 16:44:02.678 18823-18876 PeriodicOverlayWorker   com.cdccreditsmart.app               I  ðŸ“… Agendando overlay automÃ¡tico
2026-01-29 16:44:02.678 18823-18876 PeriodicOverlayWorker   com.cdccreditsmart.app               I     WorkManager interval: 15 minutos (mÃ­nimo obrigatÃ³rio)
2026-01-29 16:44:02.678 18823-18876 PeriodicOverlayWorker   com.cdccreditsmart.app               I     Cooldowns progressivos controlados internamente pelo worker
2026-01-29 16:44:02.682 18823-18876 PeriodicOverlayWorker   com.cdccreditsmart.app               I  âœ… Overlay automÃ¡tico agendado com sucesso
2026-01-29 16:44:02.682 18823-18876 CdcForegroundService    com.cdccreditsmart.app               I  âœ… PeriodicOverlayWorker agendado
2026-01-29 16:44:02.684 18823-18874 AutoPermissionManager   com.cdccreditsmart.app               I  ðŸ” ForÃ§ando concessÃ£o de permissÃµes especiais...
2026-01-29 16:44:02.686 18823-18862 ProtectionDiagnostics   com.cdccreditsmart.app               W  â•â•â•â•â•â•â•â•â•â•â•â•â•â•â•â•â•â•â•â•â•â•â•â•â•â•â•â•â•â•â•â•â•â•â•â•â•â•â•â•â•â•â•â•â•â•â•â•â•â•â•â•â•â•â•â•â•â•â•
2026-01-29 16:44:02.687 18823-18862 ProtectionDiagnostics   com.cdccreditsmart.app               W  2. ADMIN STATUS
2026-01-29 16:44:02.687 18823-18862 ProtectionDiagnostics   com.cdccreditsmart.app               W  â•â•â•â•â•â•â•â•â•â•â•â•â•â•â•â•â•â•â•â•â•â•â•â•â•â•â•â•â•â•â•â•â•â•â•â•â•â•â•â•â•â•â•â•â•â•â•â•â•â•â•â•â•â•â•â•â•â•â•
2026-01-29 16:44:02.687 18823-18862 ProtectionDiagnostics   com.cdccreditsmart.app               W  âŒ Admin INATIVO
2026-01-29 16:44:02.687 18823-18862 ProtectionDiagnostics   com.cdccreditsmart.app               W  
2026-01-29 16:44:02.688 18823-18862 PolicyHelper            com.cdccreditsmart.app               W  getUserRestrictions failed: null
2026-01-29 16:44:02.688 18823-18862 ProtectionDiagnostics   com.cdccreditsmart.app               W  â•â•â•â•â•â•â•â•â•â•â•â•â•â•â•â•â•â•â•â•â•â•â•â•â•â•â•â•â•â•â•â•â•â•â•â•â•â•â•â•â•â•â•â•â•â•â•â•â•â•â•â•â•â•â•â•â•â•â•
2026-01-29 16:44:02.688 18823-18862 ProtectionDiagnostics   com.cdccreditsmart.app               W  3. FACTORY RESET STATUS
2026-01-29 16:44:02.688 18823-18862 ProtectionDiagnostics   com.cdccreditsmart.app               W  â•â•â•â•â•â•â•â•â•â•â•â•â•â•â•â•â•â•â•â•â•â•â•â•â•â•â•â•â•â•â•â•â•â•â•â•â•â•â•â•â•â•â•â•â•â•â•â•â•â•â•â•â•â•â•â•â•â•â•
2026-01-29 16:44:02.688 18823-18862 ProtectionDiagnostics   com.cdccreditsmart.app               W  âŒ FACTORY RESET NÃƒO BLOQUEADO
2026-01-29 16:44:02.688 18823-18862 ProtectionDiagnostics   com.cdccreditsmart.app               E  
2026-01-29 16:44:02.688 18823-18862 ProtectionDiagnostics   com.cdccreditsmart.app               E  âš ï¸  CRÃTICO: DISALLOW_FACTORY_RESET NÃƒO FOI APLICADO!
2026-01-29 16:44:02.688 18823-18862 ProtectionDiagnostics   com.cdccreditsmart.app               E     UsuÃ¡rio PODE resetar via Settings
2026-01-29 16:44:02.688 18823-18862 ProtectionDiagnostics   com.cdccreditsmart.app               E  
2026-01-29 16:44:02.688 18823-18862 ProtectionDiagnostics   com.cdccreditsmart.app               W  
2026-01-29 16:44:02.688 18823-18862 ProtectionDiagnostics   com.cdccreditsmart.app               W  â•â•â•â•â•â•â•â•â•â•â•â•â•â•â•â•â•â•â•â•â•â•â•â•â•â•â•â•â•â•â•â•â•â•â•â•â•â•â•â•â•â•â•â•â•â•â•â•â•â•â•â•â•â•â•â•â•â•â•
2026-01-29 16:44:02.688 18823-18862 ProtectionDiagnostics   com.cdccreditsmart.app               W  4. OUTRAS PROTEÃ‡Ã•ES
2026-01-29 16:44:02.688 18823-18862 ProtectionDiagnostics   com.cdccreditsmart.app               W  â•â•â•â•â•â•â•â•â•â•â•â•â•â•â•â•â•â•â•â•â•â•â•â•â•â•â•â•â•â•â•â•â•â•â•â•â•â•â•â•â•â•â•â•â•â•â•â•â•â•â•â•â•â•â•â•â•â•â•
2026-01-29 16:44:02.690 18823-18862 PolicyHelper            com.cdccreditsmart.app               W  getUserRestrictions failed: null
2026-01-29 16:44:02.690 18823-18862 ProtectionDiagnostics   com.cdccreditsmart.app               W  
2026-01-29 16:44:02.690 18823-18862 ProtectionDiagnostics   com.cdccreditsmart.app               W  â•â•â•â•â•â•â•â•â•â•â•â•â•â•â•â•â•â•â•â•â•â•â•â•â•â•â•â•â•â•â•â•â•â•â•â•â•â•â•â•â•â•â•â•â•â•â•â•â•â•â•â•â•â•â•â•â•â•â•
2026-01-29 16:44:02.690 18823-18862 ProtectionDiagnostics   com.cdccreditsmart.app               W  5. RESUMO
2026-01-29 16:44:02.690 18823-18862 ProtectionDiagnostics   com.cdccreditsmart.app               W  â•â•â•â•â•â•â•â•â•â•â•â•â•â•â•â•â•â•â•â•â•â•â•â•â•â•â•â•â•â•â•â•â•â•â•â•â•â•â•â•â•â•â•â•â•â•â•â•â•â•â•â•â•â•â•â•â•â•â•
2026-01-29 16:44:02.690 18823-18862 ProtectionDiagnostics   com.cdccreditsmart.app               W  Device Owner: âœ… SIM
2026-01-29 16:44:02.690 18823-18862 ProtectionDiagnostics   com.cdccreditsmart.app               W  Admin Ativo: âŒ NÃƒO
2026-01-29 16:44:02.690 18823-18862 ProtectionDiagnostics   com.cdccreditsmart.app               W  Factory Reset Bloqueado: âŒ NÃƒO
2026-01-29 16:44:02.690 18823-18862 ProtectionDiagnostics   com.cdccreditsmart.app               W  ProteÃ§Ãµes Ativas: 0/0
2026-01-29 16:44:02.690 18823-18862 ProtectionDiagnostics   com.cdccreditsmart.app               W  
2026-01-29 16:44:02.690 18823-18862 ProtectionDiagnostics   com.cdccreditsmart.app               E  â•”â•â•â•â•â•â•â•â•â•â•â•â•â•â•â•â•â•â•â•â•â•â•â•â•â•â•â•â•â•â•â•â•â•â•â•â•â•â•â•â•â•â•â•â•â•â•â•â•â•â•â•â•â•â•â•â•â•â•â•â•â•—
2026-01-29 16:44:02.690 18823-18862 ProtectionDiagnostics   com.cdccreditsmart.app               E  â•‘  âš ï¸  ATENÃ‡ÃƒO: PROTEÃ‡Ã•ES NÃƒO APLICADAS!                    â•‘
2026-01-29 16:44:02.690 18823-18862 ProtectionDiagnostics   com.cdccreditsmart.app               E  â•‘                                                            â•‘
2026-01-29 16:44:02.690 18823-18862 ProtectionDiagnostics   com.cdccreditsmart.app               E  â•‘  App Ã‰ Device Owner mas proteÃ§Ãµes NÃƒO foram aplicadas.     â•‘
2026-01-29 16:44:02.690 18823-18862 ProtectionDiagnostics   com.cdccreditsmart.app               E  â•‘  AppProtectionManager.applyMaximumProtection() NÃƒO rodou! â•‘
2026-01-29 16:44:02.691 18823-18874 SettingsGuardService    com.cdccreditsmart.app               I  
2026-01-29 16:44:02.691 18823-18862 ProtectionDiagnostics   com.cdccreditsmart.app               E  â•‘                                                            â•‘
2026-01-29 16:44:02.691 18823-18862 ProtectionDiagnostics   com.cdccreditsmart.app               E  â•‘  VERIFIQUE:                                                â•‘
2026-01-29 16:44:02.691 18823-18874 SettingsGuardService    com.cdccreditsmart.app               I  â•”â•â•â•â•â•â•â•â•â•â•â•â•â•â•â•â•â•â•â•â•â•â•â•â•â•â•â•â•â•â•â•â•â•â•â•â•â•â•â•â•â•â•â•â•â•â•â•â•â•â•â•â•â•â•â•â•â•—
2026-01-29 16:44:02.691 18823-18874 SettingsGuardService    com.cdccreditsmart.app               I  â•‘   ðŸ›¡ï¸ SETTINGSGUARD - INICIALIZAÃ‡ÃƒO                    â•‘
2026-01-29 16:44:02.691 18823-18874 SettingsGuardService    com.cdccreditsmart.app               I  â• â•â•â•â•â•â•â•â•â•â•â•â•â•â•â•â•â•â•â•â•â•â•â•â•â•â•â•â•â•â•â•â•â•â•â•â•â•â•â•â•â•â•â•â•â•â•â•â•â•â•â•â•â•â•â•â•â•£
2026-01-29 16:44:02.691 18823-18862 ProtectionDiagnostics   com.cdccreditsmart.app               E  â•‘  - CDCApplication.onCreate() rodou?                        â•‘
2026-01-29 16:44:02.691 18823-18874 SettingsGuardService    com.cdccreditsmart.app               I  â•‘   â„¹ï¸ Guard jÃ¡ estÃ¡ ativo - ignorando chamada         â•‘
2026-01-29 16:44:02.691 18823-18862 ProtectionDiagnostics   com.cdccreditsmart.app               E  â•‘  - Houve algum erro durante aplicaÃ§Ã£o?                    â•‘
2026-01-29 16:44:02.691 18823-18874 SettingsGuardService    com.cdccreditsmart.app               I  â•šâ•â•â•â•â•â•â•â•â•â•â•â•â•â•â•â•â•â•â•â•â•â•â•â•â•â•â•â•â•â•â•â•â•â•â•â•â•â•â•â•â•â•â•â•â•â•â•â•â•â•â•â•â•â•â•â•â•
2026-01-29 16:44:02.691 18823-18862 ProtectionDiagnostics   com.cdccreditsmart.app               E  â•‘  - Reinicie o app para reaplica as proteÃ§Ãµes              â•‘
2026-01-29 16:44:02.691 18823-18862 ProtectionDiagnostics   com.cdccreditsmart.app               E  â•šâ•â•â•â•â•â•â•â•â•â•â•â•â•â•â•â•â•â•â•â•â•â•â•â•â•â•â•â•â•â•â•â•â•â•â•â•â•â•â•â•â•â•â•â•â•â•â•â•â•â•â•â•â•â•â•â•â•â•â•â•â•
2026-01-29 16:44:02.691 18823-18862 ProtectionDiagnostics   com.cdccreditsmart.app               W  
2026-01-29 16:44:02.691 18823-18862 ProtectionDiagnostics   com.cdccreditsmart.app               W  â•”â•â•â•â•â•â•â•â•â•â•â•â•â•â•â•â•â•â•â•â•â•â•â•â•â•â•â•â•â•â•â•â•â•â•â•â•â•â•â•â•â•â•â•â•â•â•â•â•â•â•â•â•â•â•â•â•â•â•â•â•â•—
2026-01-29 16:44:02.691 18823-18862 ProtectionDiagnostics   com.cdccreditsmart.app               W  â•‘         FIM DO DIAGNÃ“STICO                                 â•‘
2026-01-29 16:44:02.691 18823-18862 ProtectionDiagnostics   com.cdccreditsmart.app               W  â•šâ•â•â•â•â•â•â•â•â•â•â•â•â•â•â•â•â•â•â•â•â•â•â•â•â•â•â•â•â•â•â•â•â•â•â•â•â•â•â•â•â•â•â•â•â•â•â•â•â•â•â•â•â•â•â•â•â•â•â•â•â•
2026-01-29 16:44:02.691 18823-18862 ProtectionDiagnostics   com.cdccreditsmart.app               W  
2026-01-29 16:44:02.692 18823-18862 CDCApplication          com.cdccreditsmart.app               E  âš ï¸ ISSUES CRÃTICOS ENCONTRADOS:
2026-01-29 16:44:02.693 18823-18862 CDCApplication          com.cdccreditsmart.app               E     - PROTEÃ‡Ã•ES NÃƒO APLICADAS
2026-01-29 16:44:02.693 18823-18874 CdcForegroundService    com.cdccreditsmart.app               I  ðŸ›¡ï¸ Guard ativo: true
2026-01-29 16:44:02.693 18823-18874 CdcForegroundService    com.cdccreditsmart.app               I  ðŸ›¡ï¸ Modo proteÃ§Ã£o: DEVICE_OWNER
2026-01-29 16:44:02.693 18823-18874 CdcForegroundService    com.cdccreditsmart.app               I  ðŸ›¡ï¸ Modo agressivo: false
2026-01-29 16:44:02.693 18823-18874 CdcForegroundService    com.cdccreditsmart.app               I  ðŸ›¡ï¸ UsageStats: âœ… ATIVO
2026-01-29 16:44:02.693 18823-18874 CdcForegroundService    com.cdccreditsmart.app               I  ðŸ›¡ï¸ Overlay: âœ… ATIVO
2026-01-29 16:44:02.693 18823-18874 CdcForegroundService    com.cdccreditsmart.app               I  ðŸ›¡ï¸ ========================================
2026-01-29 16:44:02.695 18823-18874 OfflineEnf...mentWorker com.cdccreditsmart.app               I  âœ… OfflineEnforcementWorker agendado
2026-01-29 16:44:02.695 18823-18874 CdcForegroundService    com.cdccreditsmart.app               I  âœ… OfflineEnforcementWorker agendado
2026-01-29 16:44:02.695 18823-18874 PeriodicOverlayWorker   com.cdccreditsmart.app               I  ðŸ“… Agendando overlay automÃ¡tico
2026-01-29 16:44:02.695 18823-18874 PeriodicOverlayWorker   com.cdccreditsmart.app               I     WorkManager interval: 15 minutos (mÃ­nimo obrigatÃ³rio)
2026-01-29 16:44:02.695 18823-18874 PeriodicOverlayWorker   com.cdccreditsmart.app               I     Cooldowns progressivos controlados internamente pelo worker
2026-01-29 16:44:02.695 18823-18874 PeriodicOverlayWorker   com.cdccreditsmart.app               I  âœ… Overlay automÃ¡tico agendado com sucesso
2026-01-29 16:44:02.695 18823-18874 CdcForegroundService    com.cdccreditsmart.app               I  âœ… PeriodicOverlayWorker agendado
2026-01-29 16:44:02.696 18823-18862 KnoxEnhancedProtections com.cdccreditsmart.app               I  
2026-01-29 16:44:02.696 18823-18862 KnoxEnhancedProtections com.cdccreditsmart.app               I  â•”â•â•â•â•â•â•â•â•â•â•â•â•â•â•â•â•â•â•â•â•â•â•â•â•â•â•â•â•â•â•â•â•â•â•â•â•â•â•â•â•â•â•â•â•â•â•â•â•â•â•â•â•â•â•â•â•â•â•â•â•—
2026-01-29 16:44:02.696 18823-18862 KnoxEnhancedProtections com.cdccreditsmart.app               I  â•‘   ðŸ›¡ï¸ KNOX ENHANCED PROTECTIONS - INICIANDO             â•‘
2026-01-29 16:44:02.696 18823-18862 KnoxEnhancedProtections com.cdccreditsmart.app               I  â•šâ•â•â•â•â•â•â•â•â•â•â•â•â•â•â•â•â•â•â•â•â•â•â•â•â•â•â•â•â•â•â•â•â•â•â•â•â•â•â•â•â•â•â•â•â•â•â•â•â•â•â•â•â•â•â•â•â•â•â•â•
2026-01-29 16:44:02.696 18823-18862 KnoxEnhancedProtections com.cdccreditsmart.app               W  âŒ Dispositivo NÃƒO Ã© Samsung Knox
2026-01-29 16:44:02.696 18823-18862 KnoxEnhancedProtections com.cdccreditsmart.app               W     ProteÃ§Ãµes Knox Enhanced NÃƒO disponÃ­veis
2026-01-29 16:44:02.696 18823-18862 KnoxEnhancedProtections com.cdccreditsmart.app               W     Usando apenas proteÃ§Ãµes Android Device Owner padrÃ£o
2026-01-29 16:44:02.696 18823-18862 CDCApplication          com.cdccreditsmart.app               I  â•šâ•â•â•â•â•â•â•â•â•â•â•â•â•â•â•â•â•â•â•â•â•â•â•â•â•â•â•â•â•â•â•â•â•â•â•â•â•â•â•â•â•â•â•â•â•â•â•â•â•â•â•â•â•â•â•â•â•â•â•â•â•
2026-01-29 16:44:02.696 18823-18862 CDCApplication          com.cdccreditsmart.app               I  
2026-01-29 16:44:02.700 18823-18874 CDCApplication          com.cdccreditsmart.app               I  ðŸ‘¤ Verificando Managed Secondary User...
2026-01-29 16:44:02.703 18823-18862 TamperDetection         com.cdccreditsmart.app               I  ========================================
2026-01-29 16:44:02.703 18823-18862 TamperDetection         com.cdccreditsmart.app               I  ðŸ” VERIFICANDO INTEGRIDADE DO DISPOSITIVO
2026-01-29 16:44:02.703 18823-18862 TamperDetection         com.cdccreditsmart.app               I  ========================================
2026-01-29 16:44:02.713 18823-18862 TamperDetection         com.cdccreditsmart.app               I  âœ… Integridade OK - app pareado e tokens vÃ¡lidos
2026-01-29 16:44:02.713 18823-18862 TamperDetection         com.cdccreditsmart.app               I  ========================================
2026-01-29 16:44:02.716 18823-18874 WorkProfileManager      com.cdccreditsmart.app               W  âš ï¸ Erro ao usar getUserHandles: null
2026-01-29 16:44:02.717 18823-18874 creditsmart.app         com.cdccreditsmart.app               W  Accessing hidden method Landroid/os/UserManager;->getUsers()Ljava/util/List; (unsupported,test-api, reflection, allowed)
2026-01-29 16:44:02.718 18823-18874 WorkProfileManager      com.cdccreditsmart.app               W  âš ï¸ Erro ao usar getUsers: null
2026-01-29 16:44:02.718 18823-18874 CDCApplication          com.cdccreditsmart.app               I  ðŸ”§ Criando Managed Secondary User...
2026-01-29 16:44:02.718 18823-18874 WorkProfileManager      com.cdccreditsmart.app               I  
2026-01-29 16:44:02.718 18823-18874 WorkProfileManager      com.cdccreditsmart.app               I  ðŸ‘¤ ==================== CRIANDO USUÃRIO SECUNDÃRIO GERENCIADO ====================
2026-01-29 16:44:02.723 18823-18874 WorkProfileManager      com.cdccreditsmart.app               W  âš ï¸ Erro ao usar getUserHandles: null
2026-01-29 16:44:02.725 18823-18874 WorkProfileManager      com.cdccreditsmart.app               W  âš ï¸ Erro ao usar getUsers: null
2026-01-29 16:44:02.752 18823-18874 WorkProfileManager      com.cdccreditsmart.app               I  âœ… Affiliation ID criado: cdc-87e09821-1b82-497c-afe4-0c8bff602845
2026-01-29 16:44:02.752 18823-18874 WorkProfileManager      com.cdccreditsmart.app               I  ðŸ“‹ [1/5] Affiliation ID: cdc-87e09821-1b82-497c-afe4-0c8bff602845
2026-01-29 16:44:02.752 18823-18874 WorkProfileManager      com.cdccreditsmart.app               I  ðŸ“‹ [2/5] Extras preparados
2026-01-29 16:44:02.752 18823-18874 WorkProfileManager      com.cdccreditsmart.app               I  ðŸ”§ [3/5] Criando usuÃ¡rio secundÃ¡rio gerenciado...
2026-01-29 16:44:03.189 18823-18876 SecureTokenStorage      com.cdccreditsmart.app               D  âœ… Usando IMEI para MDM: 3531***198
2026-01-29 16:44:03.190 18823-18876 CdcForegroundService    com.cdccreditsmart.app               I  ðŸ” AuthToken presente: true
2026-01-29 16:44:03.190 18823-18876 CdcForegroundService    com.cdccreditsmart.app               I  ðŸ” AuthToken length: 259
2026-01-29 16:44:03.190 18823-18876 CdcForegroundService    com.cdccreditsmart.app               I  ðŸ” ContractCode presente: true
2026-01-29 16:44:03.190 18823-18876 CdcForegroundService    com.cdccreditsmart.app               I  ðŸ” ContractCode value: QJ3H****
2026-01-29 16:44:03.190 18823-18876 CdcForegroundService    com.cdccreditsmart.app               I  ðŸ” MDM SerialNumber presente: true
2026-01-29 16:44:03.190 18823-18876 CdcForegroundService    com.cdccreditsmart.app               I  ðŸ” MDM SerialNumber value: 35310490...
2026-01-29 16:44:03.190 18823-18876 CdcForegroundService    com.cdccreditsmart.app               I  ðŸ”§ ========================================
2026-01-29 16:44:03.190 18823-18876 CdcForegroundService    com.cdccreditsmart.app               I  ðŸ”§ INICIALIZANDO MDM COM SERIAL NUMBER: 35310490...
2026-01-29 16:44:03.190 18823-18876 CdcForegroundService    com.cdccreditsmart.app               I  ðŸ”§ ========================================
2026-01-29 16:44:03.190 18823-18876 CdcForegroundService    com.cdccreditsmart.app               I  ðŸ” Tokens encontrados - inicializando serviÃ§os MDM
2026-01-29 16:44:03.190 18823-18876 CdcForegroundService    com.cdccreditsmart.app               D  ðŸ“¡ Criando MdmCommandReceiver (usando serialNumber do SecureTokenStorage)...
2026-01-29 16:44:03.191 18823-18863 SecureTokenStorage      com.cdccreditsmart.app               D  âœ… Usando IMEI para MDM: 3531***198
2026-01-29 16:44:03.192 18823-18863 CdcForegroundService    com.cdccreditsmart.app               I  ðŸ” AuthToken presente: true
2026-01-29 16:44:03.192 18823-18863 CdcForegroundService    com.cdccreditsmart.app               I  ðŸ” AuthToken length: 259
2026-01-29 16:44:03.192 18823-18863 CdcForegroundService    com.cdccreditsmart.app               I  ðŸ” ContractCode presente: true
2026-01-29 16:44:03.192 18823-18863 CdcForegroundService    com.cdccreditsmart.app               I  ðŸ” ContractCode value: QJ3H****
2026-01-29 16:44:03.192 18823-18863 CdcForegroundService    com.cdccreditsmart.app               I  ðŸ” MDM SerialNumber presente: true
2026-01-29 16:44:03.192 18823-18863 CdcForegroundService    com.cdccreditsmart.app               I  ðŸ” MDM SerialNumber value: 35310490...
2026-01-29 16:44:03.192 18823-18863 CdcForegroundService    com.cdccreditsmart.app               D  âœ… MDM foi inicializado por outra thread - ignorando
2026-01-29 16:44:03.205 18823-18863 SecureTokenStorage      com.cdccreditsmart.app               D  âœ… Usando IMEI para MDM: 3531***198
2026-01-29 16:44:03.205 18823-18863 CdcForegroundService    com.cdccreditsmart.app               I  ðŸ” AuthToken presente: true
2026-01-29 16:44:03.205 18823-18863 CdcForegroundService    com.cdccreditsmart.app               I  ðŸ” AuthToken length: 259
2026-01-29 16:44:03.205 18823-18863 CdcForegroundService    com.cdccreditsmart.app               I  ðŸ” ContractCode presente: true
2026-01-29 16:44:03.205 18823-18863 CdcForegroundService    com.cdccreditsmart.app               I  ðŸ” ContractCode value: QJ3H****
2026-01-29 16:44:03.205 18823-18863 CdcForegroundService    com.cdccreditsmart.app               I  ðŸ” MDM SerialNumber presente: true
2026-01-29 16:44:03.205 18823-18863 CdcForegroundService    com.cdccreditsmart.app               I  ðŸ” MDM SerialNumber value: 35310490...
2026-01-29 16:44:03.205 18823-18863 CdcForegroundService    com.cdccreditsmart.app               D  âœ… MDM foi inicializado por outra thread - ignorando
2026-01-29 16:44:03.287 18823-18876 MdmCommandReceiver      com.cdccreditsmart.app               D  âœ… Foreground service reference set for WakeLock management
2026-01-29 16:44:03.287 18823-18876 CdcForegroundService    com.cdccreditsmart.app               D  ðŸ”‹ Foreground service reference passada para MdmCommandReceiver
2026-01-29 16:44:03.287 18823-18876 CdcForegroundService    com.cdccreditsmart.app               I  ðŸ’“ ========================================
2026-01-29 16:44:03.287 18823-18876 CdcForegroundService    com.cdccreditsmart.app               I  ðŸ’“ INICIANDO HEARTBEAT MANAGER (60s)
2026-01-29 16:44:03.287 18823-18876 CdcForegroundService    com.cdccreditsmart.app               I  ðŸ’“ ========================================
2026-01-29 16:44:03.289 18823-18876 HeartbeatManager        com.cdccreditsmart.app               I  ðŸ’“ ========================================
2026-01-29 16:44:03.289 18823-18876 HeartbeatManager        com.cdccreditsmart.app               I  ðŸ’“ INICIANDO HEARTBEAT MANAGER (60s)
2026-01-29 16:44:03.289 18823-18876 HeartbeatManager        com.cdccreditsmart.app               I  ðŸ’“ ========================================
2026-01-29 16:44:03.289 18823-18876 HeartbeatManager        com.cdccreditsmart.app               I  ðŸ’“ Intervalo: 60 segundos
2026-01-29 16:44:03.289 18823-18876 HeartbeatManager        com.cdccreditsmart.app               I  ðŸ’“ Endpoint: POST /api/apk/device/heartbeat
2026-01-29 16:44:03.289 18823-18876 CdcForegroundService    com.cdccreditsmart.app               I  ðŸ’“ HeartbeatManager iniciado ANTES do WebSocket
2026-01-29 16:44:03.290 18823-18876 CdcForegroundService    com.cdccreditsmart.app               I  ðŸ“¡ ========================================
2026-01-29 16:44:03.290 18823-18827 creditsmart.app         com.cdccreditsmart.app               I  Compiler allocated 6943KB to compile void android.view.ViewRootImpl.performTraversals()
2026-01-29 16:44:03.290 18823-18876 CdcForegroundService    com.cdccreditsmart.app               I  ðŸ“¡ CONECTANDO WebSocket MDM...
2026-01-29 16:44:03.290 18823-18876 CdcForegroundService    com.cdccreditsmart.app               I  ðŸ“¡ ========================================
2026-01-29 16:44:03.290 18823-18876 CdcForegroundService    com.cdccreditsmart.app               I  ðŸ“¡ AuthToken length: 259 caracteres
2026-01-29 16:44:03.290 18823-18863 HeartbeatManager        com.cdccreditsmart.app               I  ðŸ’“ Enviando heartbeat IMEDIATO...
2026-01-29 16:44:03.290 18823-18876 CdcForegroundService    com.cdccreditsmart.app               I  ðŸ“¡ AuthToken preview: eyJhbGciOiJIUzI1NiIs...
2026-01-29 16:44:03.290 18823-18876 CdcForegroundService    com.cdccreditsmart.app               I  ðŸ“¡ Contract code: QJ3H4MKG
2026-01-29 16:44:03.290 18823-18876 CdcForegroundService    com.cdccreditsmart.app               I  ðŸ“¡ Chamando mdmReceiver.connectMdmWebSocket()...
2026-01-29 16:44:03.294 18823-18876 SecureTokenStorage      com.cdccreditsmart.app               D  âœ… Usando IMEI para MDM: 3531***198
2026-01-29 16:44:03.294 18823-18876 MdmCommandReceiver      com.cdccreditsmart.app               I  ðŸ”— ========================================
2026-01-29 16:44:03.294 18823-18876 MdmCommandReceiver      com.cdccreditsmart.app               I  ðŸ”— INICIANDO CONEXÃƒO WEBSOCKET MDM
2026-01-29 16:44:03.294 18823-18876 MdmCommandReceiver      com.cdccreditsmart.app               I  ðŸ”— ========================================
2026-01-29 16:44:03.294 18823-18876 MdmCommandReceiver      com.cdccreditsmart.app               I  ðŸ”— URL base: wss://cdccreditsmart.com/ws/mdm-policies
2026-01-29 16:44:03.294 18823-18876 MdmCommandReceiver      com.cdccreditsmart.app               I  ðŸ”— JWT Token presente: true
2026-01-29 16:44:03.294 18823-18876 MdmCommandReceiver      com.cdccreditsmart.app               I  ðŸ”— JWT Token length: 259
2026-01-29 16:44:03.294 18823-18876 MdmCommandReceiver      com.cdccreditsmart.app               I  ðŸ”— JWT Token preview: eyJhbGciOiJIUzI1NiIsInR5cCI6Ik...
2026-01-29 16:44:03.294 18823-18876 MdmCommandReceiver      com.cdccreditsmart.app               I  ðŸ”— Device identifier: 353104906953198
2026-01-29 16:44:03.296 18823-18863 HeartbeatManager        com.cdccreditsmart.app               D  ðŸ’“ Usando authToken (fallback)
2026-01-29 16:44:03.301 18823-18876 MdmCommandReceiver      com.cdccreditsmart.app               D  ðŸ”— Criando WebSocket OkHttp...
2026-01-29 16:44:03.301 18823-18876 MdmCommandReceiver      com.cdccreditsmart.app               I  ðŸ”„ Iniciando polling IMEDIATAMENTE (nÃ£o esperar WebSocket)
2026-01-29 16:44:03.302 18823-18878 MdmCommandReceiver      com.cdccreditsmart.app               I  ðŸ”„ ========================================
2026-01-29 16:44:03.302 18823-18878 MdmCommandReceiver      com.cdccreditsmart.app               I  ðŸ”„ INICIANDO POLLING FALLBACK MDM
2026-01-29 16:44:03.302 18823-18878 MdmCommandReceiver      com.cdccreditsmart.app               I  ðŸ”„ ========================================
2026-01-29 16:44:03.302 18823-18878 MdmCommandReceiver      com.cdccreditsmart.app               I  ðŸ”„ Intervalo: 30 segundos
