2025-12-08 07:17:57.476  8368-8491  okhttp.OkHttpClient     com.cdccreditsmart.app               I  date: Mon, 08 Dec 2025 10:17:57 GMT
2025-12-08 07:17:57.476  8368-8491  okhttp.OkHttpClient     com.cdccreditsmart.app               I  etag: W/"69-JnxUXIkeOJE9HbxGWOIXIkjIGm0"
2025-12-08 07:17:57.476  8368-8491  okhttp.OkHttpClient     com.cdccreditsmart.app               I  permissions-policy: geolocation=(), microphone=(), camera=()
2025-12-08 07:17:57.476  8368-8491  okhttp.OkHttpClient     com.cdccreditsmart.app               I  referrer-policy: strict-origin-when-cross-origin
2025-12-08 07:17:57.476  8368-8491  okhttp.OkHttpClient     com.cdccreditsmart.app               I  strict-transport-security: max-age=63072000; includeSubDomains
2025-12-08 07:17:57.476  8368-8491  okhttp.OkHttpClient     com.cdccreditsmart.app               I  strict-transport-security: max-age=31536000; includeSubDomains
2025-12-08 07:17:57.476  8368-8491  okhttp.OkHttpClient     com.cdccreditsmart.app               I  x-anti-fraud-protection: active
2025-12-08 07:17:57.476  8368-8491  okhttp.OkHttpClient     com.cdccreditsmart.app               I  x-certificate-pinning-enabled: false
2025-12-08 07:17:57.476  8368-8491  okhttp.OkHttpClient     com.cdccreditsmart.app               I  x-certificate-pinning-status: disabled-for-stability
2025-12-08 07:17:57.476  8368-8491  okhttp.OkHttpClient     com.cdccreditsmart.app               I  x-content-type-options: nosniff
2025-12-08 07:17:57.476  8368-8491  okhttp.OkHttpClient     com.cdccreditsmart.app               I  x-financial-data-protection: enabled
2025-12-08 07:17:57.476  8368-8491  okhttp.OkHttpClient     com.cdccreditsmart.app               I  x-frame-options: DENY
2025-12-08 07:17:57.476  8368-8491  okhttp.OkHttpClient     com.cdccreditsmart.app               I  x-transaction-security-level: maximum
2025-12-08 07:17:57.477  8368-8491  okhttp.OkHttpClient     com.cdccreditsmart.app               I  x-xss-protection: 1; mode=block
2025-12-08 07:17:57.477  8368-8491  okhttp.OkHttpClient     com.cdccreditsmart.app               I  via: 1.1 google
2025-12-08 07:17:57.477  8368-8491  okhttp.OkHttpClient     com.cdccreditsmart.app               I  alt-svc: h3=":443"; ma=2592000,h3-29=":443"; ma=2592000
2025-12-08 07:17:57.478  8368-8491  okhttp.OkHttpClient     com.cdccreditsmart.app               I  {"deviceId":"device_1765148771462_4teww42p114","serialNumber":"XV8W5766","commandsCount":0,"commands":[]}
2025-12-08 07:17:57.478  8368-8491  okhttp.OkHttpClient     com.cdccreditsmart.app               I  <-- END HTTP (105-byte body)
2025-12-08 07:17:57.479  8368-8408  MdmCommandReceiver      com.cdccreditsmart.app               I  ðŸ” HTTP Response code: 200
2025-12-08 07:17:57.479  8368-8408  MdmCommandReceiver      com.cdccreditsmart.app               I  ðŸ” HTTP isSuccessful: true
2025-12-08 07:17:57.479  8368-8408  MdmCommandReceiver      com.cdccreditsmart.app               I  ðŸ” Response body deviceId: device_1765148771462_4teww42p114
2025-12-08 07:17:57.479  8368-8408  MdmCommandReceiver      com.cdccreditsmart.app               I  ðŸ” Response body serialNumber: XV8W5766
2025-12-08 07:17:57.479  8368-8408  MdmCommandReceiver      com.cdccreditsmart.app               I  ðŸ” Total de comandos: 0
2025-12-08 07:17:57.479  8368-8408  MdmCommandReceiver      com.cdccreditsmart.app               D  âœ… Nenhum comando pendente no servidor
2025-12-08 07:17:57.479  8368-8408  MdmCommandReceiver      com.cdccreditsmart.app               D  ðŸ“Š Fetch duration: 391ms
2025-12-08 07:17:57.479  8368-8408  MdmCommandReceiver      com.cdccreditsmart.app               I  ðŸ” [Polling #1] Verificando comandos pendentes...
2025-12-08 07:17:57.480  8368-8408  SecureTokenStorage      com.cdccreditsmart.app               D  âš ï¸ Usando Serial Number para MDM (IMEI indisponÃ­vel): XV8W57...
2025-12-08 07:17:57.480  8368-8408  MdmCommandReceiver      com.cdccreditsmart.app               I  ðŸ” ========================================
2025-12-08 07:17:57.480  8368-8408  MdmCommandReceiver      com.cdccreditsmart.app               I  ðŸ” BUSCANDO COMANDOS PENDENTES
2025-12-08 07:17:57.480  8368-8408  MdmCommandReceiver      com.cdccreditsmart.app               I  ðŸ” ========================================
2025-12-08 07:17:57.480  8368-8408  MdmCommandReceiver      com.cdccreditsmart.app               I  ðŸ” Identifier: XV8W5766
2025-12-08 07:17:57.481  8368-8408  MdmCommandReceiver      com.cdccreditsmart.app               I  ðŸ” Endpoint: GET /api/apk/device/XV8W5766/commands
2025-12-08 07:17:57.481  8368-8408  MdmCommandReceiver      com.cdccreditsmart.app               D  ðŸ” Executando requisiÃ§Ã£o HTTP (timeout: 15s)...
2025-12-08 07:17:57.483  8368-8491  okhttp.OkHttpClient     com.cdccreditsmart.app               I  --> GET https://cdccreditsmart.com/api/apk/device/XV8W5766/commands
2025-12-08 07:17:57.483  8368-8491  okhttp.OkHttpClient     com.cdccreditsmart.app               I  --> END GET
2025-12-08 07:17:57.503  8368-8491  SecureTokenStorage      com.cdccreditsmart.app               D  EncryptedSharedPreferences initialized successfully
2025-12-08 07:17:57.867  8368-8491  okhttp.OkHttpClient     com.cdccreditsmart.app               I  <-- 200 https://cdccreditsmart.com/api/apk/device/XV8W5766/commands (383ms)
2025-12-08 07:17:57.867  8368-8491  okhttp.OkHttpClient     com.cdccreditsmart.app               I  access-control-allow-credentials: true
2025-12-08 07:17:57.867  8368-8491  okhttp.OkHttpClient     com.cdccreditsmart.app               I  access-control-allow-headers: Origin, X-Requested-With, Content-Type, Accept, Authorization, x-client-key, x-client-token, x-client-secret, cache-control
2025-12-08 07:17:57.867  8368-8491  okhttp.OkHttpClient     com.cdccreditsmart.app               I  access-control-allow-methods: GET, POST, PUT, PATCH, DELETE, OPTIONS
2025-12-08 07:17:57.867  8368-8491  okhttp.OkHttpClient     com.cdccreditsmart.app               I  access-control-allow-origin: *
2025-12-08 07:17:57.867  8368-8491  okhttp.OkHttpClient     com.cdccreditsmart.app               I  access-control-max-age: 86400
2025-12-08 07:17:57.868  8368-8491  okhttp.OkHttpClient     com.cdccreditsmart.app               I  content-length: 105
2025-12-08 07:17:57.868  8368-8491  okhttp.OkHttpClient     com.cdccreditsmart.app               I  content-security-policy: default-src 'self'; script-src 'self' 'unsafe-inline' 'unsafe-eval' https://replit.com; style-src 'self' 'unsafe-inline' https://replit.com; img-src 'self' data: https:; font-src 'self' data: https://replit.com; connect-src 'self';
2025-12-08 07:17:57.868  8368-8491  okhttp.OkHttpClient     com.cdccreditsmart.app               I  content-type: application/json; charset=utf-8
2025-12-08 07:17:57.868  8368-8491  okhttp.OkHttpClient     com.cdccreditsmart.app               I  date: Mon, 08 Dec 2025 10:17:58 GMT
2025-12-08 07:17:57.868  8368-8491  okhttp.OkHttpClient     com.cdccreditsmart.app               I  etag: W/"69-JnxUXIkeOJE9HbxGWOIXIkjIGm0"
2025-12-08 07:17:57.868  8368-8491  okhttp.OkHttpClient     com.cdccreditsmart.app               I  permissions-policy: geolocation=(), microphone=(), camera=()
2025-12-08 07:17:57.868  8368-8491  okhttp.OkHttpClient     com.cdccreditsmart.app               I  referrer-policy: strict-origin-when-cross-origin
2025-12-08 07:17:57.868  8368-8491  okhttp.OkHttpClient     com.cdccreditsmart.app               I  strict-transport-security: max-age=63072000; includeSubDomains
2025-12-08 07:17:57.868  8368-8491  okhttp.OkHttpClient     com.cdccreditsmart.app               I  strict-transport-security: max-age=31536000; includeSubDomains
2025-12-08 07:17:57.868  8368-8491  okhttp.OkHttpClient     com.cdccreditsmart.app               I  x-anti-fraud-protection: active
2025-12-08 07:17:57.868  8368-8491  okhttp.OkHttpClient     com.cdccreditsmart.app               I  x-certificate-pinning-enabled: false
2025-12-08 07:17:57.868  8368-8491  okhttp.OkHttpClient     com.cdccreditsmart.app               I  x-certificate-pinning-status: disabled-for-stability
2025-12-08 07:17:57.868  8368-8491  okhttp.OkHttpClient     com.cdccreditsmart.app               I  x-content-type-options: nosniff
2025-12-08 07:17:57.869  8368-8491  okhttp.OkHttpClient     com.cdccreditsmart.app               I  x-financial-data-protection: enabled
2025-12-08 07:17:57.869  8368-8491  okhttp.OkHttpClient     com.cdccreditsmart.app               I  x-frame-options: DENY
2025-12-08 07:17:57.869  8368-8491  okhttp.OkHttpClient     com.cdccreditsmart.app               I  x-transaction-security-level: maximum
2025-12-08 07:17:57.869  8368-8491  okhttp.OkHttpClient     com.cdccreditsmart.app               I  x-xss-protection: 1; mode=block
2025-12-08 07:17:57.870  8368-8491  okhttp.OkHttpClient     com.cdccreditsmart.app               I  via: 1.1 google
2025-12-08 07:17:57.870  8368-8491  okhttp.OkHttpClient     com.cdccreditsmart.app               I  alt-svc: h3=":443"; ma=2592000,h3-29=":443"; ma=2592000
2025-12-08 07:17:57.871  8368-8491  okhttp.OkHttpClient     com.cdccreditsmart.app               I  {"deviceId":"device_1765148771462_4teww42p114","serialNumber":"XV8W5766","commandsCount":0,"commands":[]}
2025-12-08 07:17:57.871  8368-8491  okhttp.OkHttpClient     com.cdccreditsmart.app               I  <-- END HTTP (105-byte body)
2025-12-08 07:17:57.873  8368-8408  MdmCommandReceiver      com.cdccreditsmart.app               I  ðŸ” HTTP Response code: 200
2025-12-08 07:17:57.873  8368-8408  MdmCommandReceiver      com.cdccreditsmart.app               I  ðŸ” HTTP isSuccessful: true
2025-12-08 07:17:57.873  8368-8408  MdmCommandReceiver      com.cdccreditsmart.app               I  ðŸ” Response body deviceId: device_1765148771462_4teww42p114
2025-12-08 07:17:57.873  8368-8408  MdmCommandReceiver      com.cdccreditsmart.app               I  ðŸ” Response body serialNumber: XV8W5766
2025-12-08 07:17:57.873  8368-8408  MdmCommandReceiver      com.cdccreditsmart.app               I  ðŸ” Total de comandos: 0
2025-12-08 07:17:57.874  8368-8408  MdmCommandReceiver      com.cdccreditsmart.app               D  âœ… Nenhum comando pendente no servidor
2025-12-08 07:17:57.874  8368-8408  MdmCommandReceiver      com.cdccreditsmart.app               D  ðŸ“Š Fetch duration: 393ms
2025-12-08 07:17:59.088  8368-8408  MdmCommandReceiver      com.cdccreditsmart.app               I  ðŸ”„ Tentando reconectar WebSocket MDM (tentativa #1)...
2025-12-08 07:17:59.089  8368-8408  SecureTokenStorage      com.cdccreditsmart.app               D  âš ï¸ Usando Serial Number para MDM (IMEI indisponÃ­vel): XV8W57...
2025-12-08 07:17:59.089  8368-8408  MdmCommandReceiver      com.cdccreditsmart.app               I  ðŸ”— ========================================
2025-12-08 07:17:59.089  8368-8408  MdmCommandReceiver      com.cdccreditsmart.app               I  ðŸ”— INICIANDO CONEXÃƒO WEBSOCKET MDM
2025-12-08 07:17:59.089  8368-8408  MdmCommandReceiver      com.cdccreditsmart.app               I  ðŸ”— ========================================
2025-12-08 07:17:59.089  8368-8408  MdmCommandReceiver      com.cdccreditsmart.app               I  ðŸ”— URL base: wss://cdccreditsmart.com/ws/mdm-policies
2025-12-08 07:17:59.089  8368-8408  MdmCommandReceiver      com.cdccreditsmart.app               I  ðŸ”— JWT Token presente: true
2025-12-08 07:17:59.089  8368-8408  MdmCommandReceiver      com.cdccreditsmart.app               I  ðŸ”— JWT Token length: 260
2025-12-08 07:17:59.089  8368-8408  MdmCommandReceiver      com.cdccreditsmart.app               I  ðŸ”— JWT Token preview: eyJhbGciOiJIUzI1NiIsInR5cCI6Ik...
2025-12-08 07:17:59.089  8368-8408  MdmCommandReceiver      com.cdccreditsmart.app               I  ðŸ”— Device identifier: XV8W5766
2025-12-08 07:17:59.089  8368-8408  MdmCommandReceiver      com.cdccreditsmart.app               D  ðŸ”— Criando WebSocket OkHttp...
2025-12-08 07:17:59.089  8368-8408  MdmCommandReceiver      com.cdccreditsmart.app               I  ðŸ”„ Iniciando polling IMEDIATAMENTE (nÃ£o esperar WebSocket)
2025-12-08 07:17:59.089  8368-8408  MdmCommandReceiver      com.cdccreditsmart.app               D  â³ Polling jÃ¡ estÃ¡ ativo - ignorando chamada duplicada
2025-12-08 07:17:59.090  8368-8408  MdmCommandReceiver      com.cdccreditsmart.app               D  ðŸ”— WebSocket request enviado - aguardando resposta...
2025-12-08 07:17:59.579  8368-8451  MdmCommandReceiver      com.cdccreditsmart.app               I  âœ… WebSocket MDM CONECTADO COM SUCESSO!
2025-12-08 07:17:59.579  8368-8451  MdmCommandReceiver      com.cdccreditsmart.app               D  âœ… Response code: 101
2025-12-08 07:17:59.579  8368-8451  MdmCommandReceiver      com.cdccreditsmart.app               I  â³ Aguardando 'auth_required' do servidor...
2025-12-08 07:17:59.579  8368-8408  MdmCommandReceiver      com.cdccreditsmart.app               D  â° Watchdog cancelado (conexÃ£o resolvida)
2025-12-08 07:17:59.580  8368-8451  MdmCommandReceiver      com.cdccreditsmart.app               D  â³ Polling jÃ¡ estÃ¡ ativo - ignorando chamada duplicada
2025-12-08 07:17:59.580  8368-8408  MdmCommandReceiver      com.cdccreditsmart.app               I  ðŸ’“ Iniciando ping manual JSON (intervalo: 25s)
2025-12-08 07:17:59.580  8368-8451  MdmCommandReceiver      com.cdccreditsmart.app               D  ðŸ“¥ Mensagem MDM recebida: {"type":"welcome","message":"Connected to unified WebSocket server","connectionId":"2134b9ac-3903-4b65-b7a8-baa7c6e9fd44","path":"/ws/mdm-policies","routerKey":"mdm-policies","timestamp":"2025-12-08T10:17:59.755Z","serverTime":"2025-12-08T10:17:59.755Z"}
2025-12-08 07:17:59.580  8368-8451  MdmCommandReceiver      com.cdccreditsmart.app               D  ðŸ“¥ Mensagem MDM recebida: {"type":"auth_required","message":"Please authenticate via message with serialNumber, deviceFingerprint or androidId","timeout":60,"timestamp":"2025-12-08T10:17:59.756Z"}
2025-12-08 07:17:59.581  8368-8408  MdmCommandReceiver      com.cdccreditsmart.app               D  ðŸ“¥ JSON recebido: {"type":"welcome","message":"Connected to unified WebSocket server","connectionId":"2134b9ac-3903-4b65-b7a8-baa7c6e9fd44","path":"/ws/mdm-policies","routerKey":"mdm-policies","timestamp":"2025-12-08T10:17:59.755Z","serverTime":"2025-12-08T10:17:59.755Z"}
2025-12-08 07:17:59.581  8368-8506  MdmCommandReceiver      com.cdccreditsmart.app               D  ðŸ“¥ JSON recebido: {"type":"auth_required","message":"Please authenticate via message with serialNumber, deviceFingerprint or androidId","timeout":60,"timestamp":"2025-12-08T10:17:59.756Z"}
2025-12-08 07:17:59.581  8368-8506  MdmCommandReceiver      com.cdccreditsmart.app               D  ðŸ“¨ Tipo de mensagem: auth_required
2025-12-08 07:17:59.582  8368-8506  MdmCommandReceiver      com.cdccreditsmart.app               W  âš ï¸ ========================================
2025-12-08 07:17:59.582  8368-8506  MdmCommandReceiver      com.cdccreditsmart.app               W  âš ï¸ AUTENTICAÃ‡ÃƒO REQUERIDA PELO SERVIDOR
2025-12-08 07:17:59.582  8368-8506  MdmCommandReceiver      com.cdccreditsmart.app               W  âš ï¸ ========================================
2025-12-08 07:17:59.582  8368-8506  MdmCommandReceiver      com.cdccreditsmart.app               W  âš ï¸ Reenviando mensagem de autenticaÃ§Ã£o...
2025-12-08 07:17:59.582  8368-8408  MdmCommandReceiver      com.cdccreditsmart.app               D  ðŸ“¨ Tipo de mensagem: welcome
2025-12-08 07:17:59.582  8368-8408  MdmCommandReceiver      com.cdccreditsmart.app               D  ðŸ‘‹ Mensagem de boas-vindas do servidor
2025-12-08 07:17:59.583  8368-8506  SecureTokenStorage      com.cdccreditsmart.app               D  âš ï¸ Usando Serial Number para MDM (IMEI indisponÃ­vel): XV8W57...
2025-12-08 07:17:59.584  8368-8506  MdmCommandReceiver      com.cdccreditsmart.app               I  ðŸ” ========================================
2025-12-08 07:17:59.584  8368-8506  MdmCommandReceiver      com.cdccreditsmart.app               I  ðŸ” ENVIANDO AUTENTICAÃ‡ÃƒO WEBSOCKET
2025-12-08 07:17:59.585  8368-8506  MdmCommandReceiver      com.cdccreditsmart.app               I  ðŸ” ========================================
2025-12-08 07:17:59.585  8368-8506  MdmCommandReceiver      com.cdccreditsmart.app               I  ðŸ” serialNumber: XV8W5766...
2025-12-08 07:17:59.585  8368-8506  MdmCommandReceiver      com.cdccreditsmart.app               I  ðŸ” deviceToken: eyJhbGciOiJIUzI1NiIs...
2025-12-08 07:17:59.585  8368-8506  MdmCommandReceiver      com.cdccreditsmart.app               I  ðŸ” deviceFingerprint: N/A...
2025-12-08 07:17:59.585  8368-8506  MdmCommandReceiver      com.cdccreditsmart.app               I  ðŸ” imei: N/A***
2025-12-08 07:17:59.585  8368-8506  MdmCommandReceiver      com.cdccreditsmart.app               I  ðŸ” androidId: 555298e3...
2025-12-08 07:17:59.585  8368-8506  MdmCommandReceiver      com.cdccreditsmart.app               I  ðŸ” apkVersion: 1.0.0-debug
2025-12-08 07:17:59.585  8368-8506  MdmCommandReceiver      com.cdccreditsmart.app               I  âœ… Mensagem de autenticaÃ§Ã£o enviada com sucesso (7 campos)
2025-12-08 07:17:59.874  8368-8451  MdmCommandReceiver      com.cdccreditsmart.app               D  ðŸ“¥ Mensagem MDM recebida: {"type":"authenticated","deviceId":"device_1765148771462_4teww42p114","serialNumber":"XV8W5766","message":"Device authenticated successfully","timestamp":"2025-12-08T10:18:00.044Z"}
2025-12-08 07:17:59.875  8368-8506  MdmCommandReceiver      com.cdccreditsmart.app               D  ðŸ“¥ JSON recebido: {"type":"authenticated","deviceId":"device_1765148771462_4teww42p114","serialNumber":"XV8W5766","message":"Device authenticated successfully","timestamp":"2025-12-08T10:18:00.044Z"}
2025-12-08 07:17:59.875  8368-8506  MdmCommandReceiver      com.cdccreditsmart.app               D  ðŸ“¨ Tipo de mensagem: authenticated
2025-12-08 07:17:59.875  8368-8506  MdmCommandReceiver      com.cdccreditsmart.app               I  âœ… ========================================
2025-12-08 07:17:59.875  8368-8506  MdmCommandReceiver      com.cdccreditsmart.app               I  âœ… AUTENTICAÃ‡ÃƒO WEBSOCKET CONFIRMADA! (v2.5)
2025-12-08 07:17:59.875  8368-8506  MdmCommandReceiver      com.cdccreditsmart.app               I  âœ… ========================================
2025-12-08 07:17:59.875  8368-8506  MdmCommandReceiver      com.cdccreditsmart.app               I  âœ… Device ID: device_1765148771462_4teww42p114
2025-12-08 07:17:59.875  8368-8506  MdmCommandReceiver      com.cdccreditsmart.app               I  âœ… Serial Number: XV8W5766
2025-12-08 07:17:59.875  8368-8506  MdmCommandReceiver      com.cdccreditsmart.app               I  âœ… Mensagem: Device authenticated successfully
2025-12-08 07:17:59.875  8368-8506  MdmCommandReceiver      com.cdccreditsmart.app               I  âœ… Timestamp: 2025-12-08T10:18:00.044Z
2025-12-08 07:18:01.891  8368-8368  CdcForegroundService    com.cdccreditsmart.app               D  ðŸ“± ServiÃ§o onCreate()
2025-12-08 07:18:01.892  8368-8368  CdcForegroundService    com.cdccreditsmart.app               D  âœ… Canal de notificaÃ§Ã£o criado
2025-12-08 07:18:01.892  8368-8368  CdcForegroundService    com.cdccreditsmart.app               I  âœ… ScreenStateReceiver registrado
2025-12-08 07:18:01.893  8368-8368  CdcForegroundService    com.cdccreditsmart.app               D  ðŸš€ ServiÃ§o onStartCommand() - Action: com.cdccreditsmart.app.START_SERVICE
2025-12-08 07:18:01.896  8368-8368  CdcForegroundService    com.cdccreditsmart.app               I  âœ… Foreground Service ativo (Android 12+)
2025-12-08 07:18:01.897  8368-8506  CdcForegroundService    com.cdccreditsmart.app               I  ðŸ”§ ========================================
2025-12-08 07:18:01.897  8368-8506  CdcForegroundService    com.cdccreditsmart.app               I  ðŸ”§ INICIANDO initializeServices()...
2025-12-08 07:18:01.897  8368-8506  CdcForegroundService    com.cdccreditsmart.app               I  ðŸ”§ ========================================
2025-12-08 07:18:01.897  8368-8506  CdcForegroundService    com.cdccreditsmart.app               I  ðŸ”§ Inicializando serviÃ§os base (SettingsGuard, WorkPolicies)...
2025-12-08 07:18:01.897  8368-8506  CdcForegroundService    com.cdccreditsmart.app               I  ðŸ¢ ========================================
2025-12-08 07:18:01.897  8368-8506  CdcForegroundService    com.cdccreditsmart.app               I  ðŸ¢ APLICANDO POLÃTICAS DE AMBIENTE DE TRABALHO
2025-12-08 07:18:01.897  8368-8506  CdcForegroundService    com.cdccreditsmart.app               I  ðŸ¢ ========================================
2025-12-08 07:18:01.897  8368-8506  WorkPolicyManager       com.cdccreditsmart.app               I  
2025-12-08 07:18:01.897  8368-8506  WorkPolicyManager       com.cdccreditsmart.app               I  â•”â•â•â•â•â•â•â•â•â•â•â•â•â•â•â•â•â•â•â•â•â•â•â•â•â•â•â•â•â•â•â•â•â•â•â•â•â•â•â•â•â•â•â•â•â•â•â•â•â•â•â•â•â•â•â•â•â•â•â•â•â•â•â•â•â•—
2025-12-08 07:18:01.897  8368-8506  WorkPolicyManager       com.cdccreditsmart.app               I  â•‘  ðŸ¢ APLICANDO POLÃTICAS DE AMBIENTE DE TRABALHO                â•‘
2025-12-08 07:18:01.897  8368-8506  WorkPolicyManager       com.cdccreditsmart.app               I  â•‘     CDC CREDIT SMART - PROTEÃ‡ÃƒO EMPRESARIAL                    â•‘
2025-12-08 07:18:01.897  8368-8506  WorkPolicyManager       com.cdccreditsmart.app               I  â•šâ•â•â•â•â•â•â•â•â•â•â•â•â•â•â•â•â•â•â•â•â•â•â•â•â•â•â•â•â•â•â•â•â•â•â•â•â•â•â•â•â•â•â•â•â•â•â•â•â•â•â•â•â•â•â•â•â•â•â•â•â•â•â•â•â•
2025-12-08 07:18:01.897  8368-8506  WorkPolicyManager       com.cdccreditsmart.app               I  
2025-12-08 07:18:01.898  8368-8506  WorkPolicyManager       com.cdccreditsmart.app               I  ðŸ“‹ STATUS DO DISPOSITIVO:
2025-12-08 07:18:01.898  8368-8506  WorkPolicyManager       com.cdccreditsmart.app               I     Device Owner: âŒ NÃƒO
2025-12-08 07:18:01.898  8368-8506  WorkPolicyManager       com.cdccreditsmart.app               I     Device Admin: âŒ NÃƒO
2025-12-08 07:18:01.898  8368-8506  WorkPolicyManager       com.cdccreditsmart.app               I  
2025-12-08 07:18:01.898  8368-8506  WorkPolicyManager       com.cdccreditsmart.app               I  â•â•â•â•â•â•â•â•â•â•â•â•â•â•â•â•â•â•â•â•â•â•â•â•â•â•â•â•â•â•â•â•â•â•â•â•â•â•â•â•â•â•â•â•â•â•â•â•â•â•â•â•â•â•â•â•â•â•â•â•â•â•â•
2025-12-08 07:18:01.898  8368-8506  WorkPolicyManager       com.cdccreditsmart.app               I  âš ï¸ MODO BÃSICO - PROTEÃ‡ÃƒO MÃNIMA
2025-12-08 07:18:01.898  8368-8506  WorkPolicyManager       com.cdccreditsmart.app               I  â•â•â•â•â•â•â•â•â•â•â•â•â•â•â•â•â•â•â•â•â•â•â•â•â•â•â•â•â•â•â•â•â•â•â•â•â•â•â•â•â•â•â•â•â•â•â•â•â•â•â•â•â•â•â•â•â•â•â•â•â•â•â•
2025-12-08 07:18:01.898  8368-8506  WorkPolicyManager       com.cdccreditsmart.app               I  
2025-12-08 07:18:01.898  8368-8506  WorkPolicyManager       com.cdccreditsmart.app               E  âŒ ATENÃ‡ÃƒO: App NÃƒO Ã© Device Owner nem Device Admin!
2025-12-08 07:18:01.898  8368-8506  WorkPolicyManager       com.cdccreditsmart.app               E     â€¢ ProteÃ§Ãµes MDM nÃ£o disponÃ­veis
2025-12-08 07:18:01.898  8368-8506  WorkPolicyManager       com.cdccreditsmart.app               E     â€¢ UsuÃ¡rio pode desinstalar o app livremente
2025-12-08 07:18:01.898  8368-8506  WorkPolicyManager       com.cdccreditsmart.app               E     â€¢ Factory Reset nÃ£o Ã© bloqueÃ¡vel
2025-12-08 07:18:01.898  8368-8506  WorkPolicyManager       com.cdccreditsmart.app               E     â€¢ Aplicando proteÃ§Ãµes alternativas mÃ­nimas...
2025-12-08 07:18:01.898  8368-8506  WorkPolicyManager       com.cdccreditsmart.app               I  
2025-12-08 07:18:01.898  8368-8506  WorkPolicyManager       com.cdccreditsmart.app               I  ðŸ”„ [1/3] PERSISTÃŠNCIA DO APP
2025-12-08 07:18:01.898  8368-8506  WorkPolicyManager       com.cdccreditsmart.app               I  â”€â”€â”€â”€â”€â”€â”€â”€â”€â”€â”€â”€â”€â”€â”€â”€â”€â”€â”€â”€â”€â”€â”€â”€â”€â”€â”€â”€â”€â”€â”€â”€â”€â”€â”€â”€â”€â”€â”€â”€â”€â”€â”€â”€â”€â”€â”€â”€â”€â”€â”€â”€â”€â”€â”€â”€â”€â”€â”€â”€â”€â”€â”€
2025-12-08 07:18:01.898  8368-8506  WorkPolicyManager       com.cdccreditsmart.app               I     âœ… JÃ¡ isento de otimizaÃ§Ã£o de bateria
2025-12-08 07:18:01.898  8368-8506  WorkPolicyManager       com.cdccreditsmart.app               I     âœ… Foreground Service configurado via CdcForegroundService
2025-12-08 07:18:01.898  8368-8506  WorkPolicyManager       com.cdccreditsmart.app               I  
2025-12-08 07:18:01.899  8368-8506  WorkPolicyManager       com.cdccreditsmart.app               I  ðŸ“Š [2/3] MONITORAMENTO BÃSICO
2025-12-08 07:18:01.899  8368-8506  WorkPolicyManager       com.cdccreditsmart.app               I  â”€â”€â”€â”€â”€â”€â”€â”€â”€â”€â”€â”€â”€â”€â”€â”€â”€â”€â”€â”€â”€â”€â”€â”€â”€â”€â”€â”€â”€â”€â”€â”€â”€â”€â”€â”€â”€â”€â”€â”€â”€â”€â”€â”€â”€â”€â”€â”€â”€â”€â”€â”€â”€â”€â”€â”€â”€â”€â”€â”€â”€â”€â”€
2025-12-08 07:18:01.899  8368-8506  WorkPolicyManager       com.cdccreditsmart.app               I     âœ… WorkManager health check agendado
2025-12-08 07:18:01.899  8368-8506  WorkPolicyManager       com.cdccreditsmart.app               I  
2025-12-08 07:18:01.899  8368-8506  WorkPolicyManager       com.cdccreditsmart.app               I  ðŸ”” [3/3] NOTIFICAÃ‡Ã•ES
2025-12-08 07:18:01.899  8368-8506  WorkPolicyManager       com.cdccreditsmart.app               I  â”€â”€â”€â”€â”€â”€â”€â”€â”€â”€â”€â”€â”€â”€â”€â”€â”€â”€â”€â”€â”€â”€â”€â”€â”€â”€â”€â”€â”€â”€â”€â”€â”€â”€â”€â”€â”€â”€â”€â”€â”€â”€â”€â”€â”€â”€â”€â”€â”€â”€â”€â”€â”€â”€â”€â”€â”€â”€â”€â”€â”€â”€â”€
2025-12-08 07:18:01.899  8368-8506  WorkPolicyManager       com.cdccreditsmart.app               I     âœ… Canal de notificaÃ§Ã£o persistente criado
2025-12-08 07:18:01.899  8368-8506  WorkPolicyManager       com.cdccreditsmart.app               I  
2025-12-08 07:18:01.899  8368-8506  WorkPolicyManager       com.cdccreditsmart.app               I  â•”â•â•â•â•â•â•â•â•â•â•â•â•â•â•â•â•â•â•â•â•â•â•â•â•â•â•â•â•â•â•â•â•â•â•â•â•â•â•â•â•â•â•â•â•â•â•â•â•â•â•â•â•â•â•â•â•â•â•â•â•â•â•â•â•â•—
2025-12-08 07:18:01.899  8368-8506  WorkPolicyManager       com.cdccreditsmart.app               I  â•‘  ðŸ“Š RESUMO DAS POLÃTICAS DE TRABALHO                           â•‘
2025-12-08 07:18:01.899  8368-8506  WorkPolicyManager       com.cdccreditsmart.app               I  â• â•â•â•â•â•â•â•â•â•â•â•â•â•â•â•â•â•â•â•â•â•â•â•â•â•â•â•â•â•â•â•â•â•â•â•â•â•â•â•â•â•â•â•â•â•â•â•â•â•â•â•â•â•â•â•â•â•â•â•â•â•â•â•â•â•£
2025-12-08 07:18:01.899  8368-8506  WorkPolicyManager       com.cdccreditsmart.app               I  â•‘  âš ï¸ NÃ­vel de proteÃ§Ã£o: BASIC
2025-12-08 07:18:01.899  8368-8506  WorkPolicyManager       com.cdccreditsmart.app               I  â•‘  ðŸ“‹ PolÃ­ticas aplicadas: 4
2025-12-08 07:18:01.899  8368-8506  WorkPolicyManager       com.cdccreditsmart.app               I  â• â•â•â•â•â•â•â•â•â•â•â•â•â•â•â•â•â•â•â•â•â•â•â•â•â•â•â•â•â•â•â•â•â•â•â•â•â•â•â•â•â•â•â•â•â•â•â•â•â•â•â•â•â•â•â•â•â•â•â•â•â•â•â•â•â•£
2025-12-08 07:18:01.899  8368-8506  WorkPolicyManager       com.cdccreditsmart.app               I  â•‘  âœ… PROTEÃ‡Ã•ES ATIVAS:
2025-12-08 07:18:01.899  8368-8506  WorkPolicyManager       com.cdccreditsmart.app               I  â•‘     âœ… IsenÃ§Ã£o de otimizaÃ§Ã£o de bateria
2025-12-08 07:18:01.899  8368-8506  WorkPolicyManager       com.cdccreditsmart.app               I  â•‘     âœ… Foreground Service persistente
2025-12-08 07:18:01.899  8368-8506  WorkPolicyManager       com.cdccreditsmart.app               I  â•‘     âœ… Health check periÃ³dico agendado
2025-12-08 07:18:01.899  8368-8506  WorkPolicyManager       com.cdccreditsmart.app               I  â•‘     âœ… Canal de notificaÃ§Ã£o persistente criado
2025-12-08 07:18:01.899  8368-8506  WorkPolicyManager       com.cdccreditsmart.app               I  â• â•â•â•â•â•â•â•â•â•â•â•â•â•â•â•â•â•â•â•â•â•â•â•â•â•â•â•â•â•â•â•â•â•â•â•â•â•â•â•â•â•â•â•â•â•â•â•â•â•â•â•â•â•â•â•â•â•â•â•â•â•â•â•â•â•£
2025-12-08 07:18:01.899  8368-8506  WorkPolicyManager       com.cdccreditsmart.app               I  â•‘  âš ï¸ AVISOS:
2025-12-08 07:18:01.900  8368-8506  WorkPolicyManager       com.cdccreditsmart.app               W  â•‘     âŒ CRÃTICO: DesinstalaÃ§Ã£o NÃƒO bloqueÃ¡vel
2025-12-08 07:18:01.900  8368-8506  WorkPolicyManager       com.cdccreditsmart.app               W  â•‘     âŒ CRÃTICO: Factory Reset NÃƒO bloqueÃ¡vel
2025-12-08 07:18:01.900  8368-8506  WorkPolicyManager       com.cdccreditsmart.app               W  â•‘     âŒ CRÃTICO: Force Stop NÃƒO bloqueÃ¡vel
2025-12-08 07:18:01.900  8368-8506  WorkPolicyManager       com.cdccreditsmart.app               W  â•‘     âŒ CRÃTICO: Clear Data NÃƒO bloqueÃ¡vel
2025-12-08 07:18:01.900  8368-8506  WorkPolicyManager       com.cdccreditsmart.app               W  â•‘     âš ï¸ RecomendaÃ§Ã£o: Configurar como Device Owner via QR Code ou ADB
2025-12-08 07:18:01.900  8368-8506  WorkPolicyManager       com.cdccreditsmart.app               I  â•šâ•â•â•â•â•â•â•â•â•â•â•â•â•â•â•â•â•â•â•â•â•â•â•â•â•â•â•â•â•â•â•â•â•â•â•â•â•â•â•â•â•â•â•â•â•â•â•â•â•â•â•â•â•â•â•â•â•â•â•â•â•â•â•â•â•
2025-12-08 07:18:01.900  8368-8506  WorkPolicyManager       com.cdccreditsmart.app               I  
2025-12-08 07:18:01.900  8368-8506  CdcForegroundService    com.cdccreditsmart.app               I  ðŸ¢ Resultado: BASIC
2025-12-08 07:18:01.900  8368-8506  CdcForegroundService    com.cdccreditsmart.app               I  ðŸ¢ PolÃ­ticas aplicadas: 4/5
2025-12-08 07:18:01.900  8368-8506  CdcForegroundService    com.cdccreditsmart.app               W  ðŸ¢ âŒ CRÃTICO: DesinstalaÃ§Ã£o NÃƒO bloqueÃ¡vel
2025-12-08 07:18:01.900  8368-8506  CdcForegroundService    com.cdccreditsmart.app               W  ðŸ¢ âŒ CRÃTICO: Factory Reset NÃƒO bloqueÃ¡vel
2025-12-08 07:18:01.900  8368-8506  CdcForegroundService    com.cdccreditsmart.app               W  ðŸ¢ âŒ CRÃTICO: Force Stop NÃƒO bloqueÃ¡vel
2025-12-08 07:18:01.900  8368-8506  CdcForegroundService    com.cdccreditsmart.app               W  ðŸ¢ âŒ CRÃTICO: Clear Data NÃƒO bloqueÃ¡vel
2025-12-08 07:18:01.900  8368-8506  CdcForegroundService    com.cdccreditsmart.app               W  ðŸ¢ âš ï¸ RecomendaÃ§Ã£o: Configurar como Device Owner via QR Code ou ADB
2025-12-08 07:18:01.900  8368-8506  CdcForegroundService    com.cdccreditsmart.app               I  ðŸ¢ ========================================
2025-12-08 07:18:01.900  8368-8506  CdcForegroundService    com.cdccreditsmart.app               I  ðŸ›¡ï¸ ========================================
2025-12-08 07:18:01.900  8368-8506  CdcForegroundService    com.cdccreditsmart.app               I  ðŸ›¡ï¸ INICIANDO SETTINGS GUARD (PROTEÃ‡ÃƒO AGRESSIVA)
2025-12-08 07:18:01.900  8368-8506  CdcForegroundService    com.cdccreditsmart.app               I  ðŸ›¡ï¸ ========================================
2025-12-08 07:18:01.900  8368-8506  AutoPermissionManager   com.cdccreditsmart.app               W  âš ï¸ NÃ£o Ã© Device Owner - nÃ£o pode conceder permissÃµes especiais
2025-12-08 07:18:01.901  8368-8506  SettingsGuardService    com.cdccreditsmart.app               I  ðŸ›¡ï¸ SettingsGuard INICIADO
2025-12-08 07:18:01.901  8368-8506  SettingsGuardService    com.cdccreditsmart.app               I     Modo de proteÃ§Ã£o: BASIC
2025-12-08 07:18:01.901  8368-8506  SettingsGuardService    com.cdccreditsmart.app               I     âš ï¸ Sem privilÃ©gios: ProteÃ§Ã£o AGRESSIVA ativada
2025-12-08 07:18:01.901  8368-8506  SettingsGuardService    com.cdccreditsmart.app               I     ðŸ“¡ Monitorando Settings a cada 600ms
2025-12-08 07:18:01.901  8368-8506  SettingsGuardService    com.cdccreditsmart.app               I  ðŸ” Iniciando monitoramento ativo de Settings...
2025-12-08 07:18:01.902  8368-8506  SettingsGuardService    com.cdccreditsmart.app               I  ðŸ“¢ NotificaÃ§Ã£o de permissÃ£o USAGE_STATS cancelada
2025-12-08 07:18:01.902  8368-8506  CdcForegroundService    com.cdccreditsmart.app               I  ðŸ›¡ï¸ Guard ativo: true
2025-12-08 07:18:01.903  8368-8506  CdcForegroundService    com.cdccreditsmart.app               I  ðŸ›¡ï¸ Modo proteÃ§Ã£o: BASIC
2025-12-08 07:18:01.903  8368-8506  CdcForegroundService    com.cdccreditsmart.app               I  ðŸ›¡ï¸ Modo agressivo: false
2025-12-08 07:18:01.903  8368-8506  CdcForegroundService    com.cdccreditsmart.app               I  ðŸ›¡ï¸ UsageStats: âœ… ATIVO
2025-12-08 07:18:01.903  8368-8506  CdcForegroundService    com.cdccreditsmart.app               I  ðŸ›¡ï¸ Overlay: âœ… ATIVO
2025-12-08 07:18:01.903  8368-8506  CdcForegroundService    com.cdccreditsmart.app               I  ðŸ›¡ï¸ ========================================
2025-12-08 07:18:02.432  8368-8506  SecureTokenStorage      com.cdccreditsmart.app               D  EncryptedSharedPreferences initialized successfully
2025-12-08 07:18:02.433  8368-8506  ContractCodeStorage     com.cdccreditsmart.app               D  Retrieving contract code from storage
2025-12-08 07:18:02.532  8368-8506  ContractCodeStorage     com.cdccreditsmart.app               D  Storage verification: 7 valid, 0 tampered, 0 missing
2025-12-08 07:18:02.532  8368-8506  ContractCodeStorage     com.cdccreditsmart.app               D  Contract code retrieved successfully
2025-12-08 07:18:02.534  8368-8506  SecureTokenStorage      com.cdccreditsmart.app               D  âš ï¸ Usando Serial Number para MDM (IMEI indisponÃ­vel): XV8W57...
2025-12-08 07:18:02.534  8368-8506  CdcForegroundService    com.cdccreditsmart.app               I  ðŸ” AuthToken presente: true
2025-12-08 07:18:02.534  8368-8506  CdcForegroundService    com.cdccreditsmart.app               I  ðŸ” AuthToken length: 260
2025-12-08 07:18:02.534  8368-8506  CdcForegroundService    com.cdccreditsmart.app               I  ðŸ” ContractCode presente: true
2025-12-08 07:18:02.534  8368-8506  CdcForegroundService    com.cdccreditsmart.app               I  ðŸ” ContractCode value: XV8W****
2025-12-08 07:18:02.534  8368-8506  CdcForegroundService    com.cdccreditsmart.app               I  ðŸ” MDM SerialNumber presente: true
2025-12-08 07:18:02.534  8368-8506  CdcForegroundService    com.cdccreditsmart.app               I  ðŸ” MDM SerialNumber value: XV8W5766...
2025-12-08 07:18:02.534  8368-8506  CdcForegroundService    com.cdccreditsmart.app               I  ðŸ”§ ========================================
2025-12-08 07:18:02.534  8368-8506  CdcForegroundService    com.cdccreditsmart.app               I  ðŸ”§ INICIALIZANDO MDM COM SERIAL NUMBER: XV8W5766...
2025-12-08 07:18:02.534  8368-8506  CdcForegroundService    com.cdccreditsmart.app               I  ðŸ”§ ========================================
2025-12-08 07:18:02.534  8368-8506  CdcForegroundService    com.cdccreditsmart.app               I  ðŸ” Tokens encontrados - inicializando serviÃ§os MDM
2025-12-08 07:18:02.534  8368-8506  CdcForegroundService    com.cdccreditsmart.app               D  ðŸ“¡ Criando MdmCommandReceiver (usando serialNumber do SecureTokenStorage)...
2025-12-08 07:18:02.534  8368-8506  MdmCommandReceiver      com.cdccreditsmart.app               D  âœ… Foreground service reference set for WakeLock management
2025-12-08 07:18:02.534  8368-8506  CdcForegroundService    com.cdccreditsmart.app               D  ðŸ”‹ Foreground service reference passada para MdmCommandReceiver
2025-12-08 07:18:02.534  8368-8506  CdcForegroundService    com.cdccreditsmart.app               I  ðŸ’“ ========================================
2025-12-08 07:18:02.534  8368-8506  CdcForegroundService    com.cdccreditsmart.app               I  ðŸ’“ INICIANDO HEARTBEAT MANAGER (60s)
2025-12-08 07:18:02.534  8368-8506  CdcForegroundService    com.cdccreditsmart.app               I  ðŸ’“ ========================================
2025-12-08 07:18:02.534  8368-8506  HeartbeatManager        com.cdccreditsmart.app               I  ðŸ’“ ========================================
2025-12-08 07:18:02.534  8368-8506  HeartbeatManager        com.cdccreditsmart.app               I  ðŸ’“ INICIANDO HEARTBEAT MANAGER (60s)
2025-12-08 07:18:02.534  8368-8506  HeartbeatManager        com.cdccreditsmart.app               I  ðŸ’“ ========================================
2025-12-08 07:18:02.534  8368-8506  HeartbeatManager        com.cdccreditsmart.app               I  ðŸ’“ Intervalo: 60 segundos
2025-12-08 07:18:02.534  8368-8506  HeartbeatManager        com.cdccreditsmart.app               I  ðŸ’“ Endpoint: POST /api/apk/device/heartbeat
2025-12-08 07:18:02.534  8368-8506  CdcForegroundService    com.cdccreditsmart.app               I  ðŸ’“ HeartbeatManager iniciado ANTES do WebSocket
2025-12-08 07:18:02.534  8368-8506  CdcForegroundService    com.cdccreditsmart.app               I  ðŸ“¡ ========================================
2025-12-08 07:18:02.535  8368-8506  CdcForegroundService    com.cdccreditsmart.app               I  ðŸ“¡ CONECTANDO WebSocket MDM...
2025-12-08 07:18:02.535  8368-8506  CdcForegroundService    com.cdccreditsmart.app               I  ðŸ“¡ ========================================
2025-12-08 07:18:02.535  8368-8506  CdcForegroundService    com.cdccreditsmart.app               I  ðŸ“¡ AuthToken length: 260 caracteres
2025-12-08 07:18:02.535  8368-8506  CdcForegroundService    com.cdccreditsmart.app               I  ðŸ“¡ AuthToken preview: eyJhbGciOiJIUzI1NiIs...
2025-12-08 07:18:02.535  8368-8506  CdcForegroundService    com.cdccreditsmart.app               I  ðŸ“¡ Contract code: XV8W5766
2025-12-08 07:18:02.535  8368-8506  CdcForegroundService    com.cdccreditsmart.app               I  ðŸ“¡ Chamando mdmReceiver.connectMdmWebSocket()...
2025-12-08 07:18:02.535  8368-8408  HeartbeatManager        com.cdccreditsmart.app               I  ðŸ’“ Enviando heartbeat IMEDIATO...
2025-12-08 07:18:02.558  8368-8408  SecureTokenStorage      com.cdccreditsmart.app               D  EncryptedSharedPreferences initialized successfully
2025-12-08 07:18:02.559  8368-8408  HeartbeatManager        com.cdccreditsmart.app               D  ðŸ’“ Usando authToken (fallback)
2025-12-08 07:18:02.559  8368-8408  HeartbeatManager        com.cdccreditsmart.app               D  ðŸ’“ Payload do heartbeat:
2025-12-08 07:18:02.559  8368-8408  HeartbeatManager        com.cdccreditsmart.app               D     deviceToken: eyJhbGciOiJIUzI1NiIs...
2025-12-08 07:18:02.559  8368-8408  HeartbeatManager        com.cdccreditsmart.app               D     currentBlockLevel: 0
2025-12-08 07:18:02.559  8368-8408  HeartbeatManager        com.cdccreditsmart.app               D     batteryLevel: 100
2025-12-08 07:18:02.559  8368-8408  HeartbeatManager        com.cdccreditsmart.app               D     isCharging: false
2025-12-08 07:18:02.559  8368-8408  HeartbeatManager        com.cdccreditsmart.app               D     currentSimImei: N/A...
2025-12-08 07:18:02.562  8368-8491  okhttp.OkHttpClient     com.cdccreditsmart.app               I  --> POST https://cdccreditsmart.com/api/apk/device/heartbeat
2025-12-08 07:18:02.562  8368-8491  okhttp.OkHttpClient     com.cdccreditsmart.app               I  Content-Type: application/json; charset=UTF-8
2025-12-08 07:18:02.562  8368-8491  okhttp.OkHttpClient     com.cdccreditsmart.app               I  Content-Length: 364
2025-12-08 07:18:02.563  8368-8491  okhttp.OkHttpClient     com.cdccreditsmart.app               I  Authorization: Bearer eyJhbGciOiJIUzI1NiIsInR5cCI6IkpXVCJ9.eyJkZXZpY2VJZCI6ImRldmljZV8xNzY1MTQ4NzcxNDYyXzR0ZXd3NDJwMTE0IiwiYXBrVG9rZW4iOiJYVjhXNTc2NiIsInR5cGUiOiJhcGsiLCJleHBpcmVzSW4iOiIyNGgiLCJpYXQiOjE3NjUxODg5ODMsImV4cCI6MTc2NTI3NTM4M30.muLfUOtUV3uQb4dj2-L5ojkEN6Jt4v2gQtGjUtDe1-Y
2025-12-08 07:18:02.563  8368-8491  okhttp.OkHttpClient     com.cdccreditsmart.app               I  {"deviceToken":"eyJhbGciOiJIUzI1NiIsInR5cCI6IkpXVCJ9.eyJkZXZpY2VJZCI6ImRldmljZV8xNzY1MTQ4NzcxNDYyXzR0ZXd3NDJwMTE0IiwiYXBrVG9rZW4iOiJYVjhXNTc2NiIsInR5cGUiOiJhcGsiLCJleHBpcmVzSW4iOiIyNGgiLCJpYXQiOjE3NjUxODg5ODMsImV4cCI6MTc2NTI3NTM4M30.muLfUOtUV3uQb4dj2-L5ojkEN6Jt4v2gQtGjUtDe1-Y","currentBlockLevel":0,"batteryLevel":100,"isCharging":false,"timestamp":1765189082559}
2025-12-08 07:18:02.563  8368-8491  okhttp.OkHttpClient     com.cdccreditsmart.app               I  --> END POST (364-byte body)
2025-12-08 07:18:02.567  8368-8506  SecureTokenStorage      com.cdccreditsmart.app               D  EncryptedSharedPreferences initialized successfully
2025-12-08 07:18:02.567  8368-8506  SecureTokenStorage      com.cdccreditsmart.app               D  âš ï¸ Usando Serial Number para MDM (IMEI indisponÃ­vel): XV8W57...
2025-12-08 07:18:02.568  8368-8506  MdmCommandReceiver      com.cdccreditsmart.app               I  ðŸ”— ========================================
2025-12-08 07:18:02.568  8368-8506  MdmCommandReceiver      com.cdccreditsmart.app               I  ðŸ”— INICIANDO CONEXÃƒO WEBSOCKET MDM
2025-12-08 07:18:02.568  8368-8506  MdmCommandReceiver      com.cdccreditsmart.app               I  ðŸ”— ========================================
2025-12-08 07:18:02.568  8368-8506  MdmCommandReceiver      com.cdccreditsmart.app               I  ðŸ”— URL base: wss://cdccreditsmart.com/ws/mdm-policies
2025-12-08 07:18:02.568  8368-8506  MdmCommandReceiver      com.cdccreditsmart.app               I  ðŸ”— JWT Token presente: true
2025-12-08 07:18:02.568  8368-8506  MdmCommandReceiver      com.cdccreditsmart.app               I  ðŸ”— JWT Token length: 260
2025-12-08 07:18:02.568  8368-8506  MdmCommandReceiver      com.cdccreditsmart.app               I  ðŸ”— JWT Token preview: eyJhbGciOiJIUzI1NiIsInR5cCI6Ik...
2025-12-08 07:18:02.568  8368-8506  MdmCommandReceiver      com.cdccreditsmart.app               I  ðŸ”— Device identifier: XV8W5766
2025-12-08 07:18:02.569  8368-8506  MdmCommandReceiver      com.cdccreditsmart.app               D  ðŸ”— Criando WebSocket OkHttp...
2025-12-08 07:18:02.569  8368-8506  MdmCommandReceiver      com.cdccreditsmart.app               I  ðŸ”„ Iniciando polling IMEDIATAMENTE (nÃ£o esperar WebSocket)
2025-12-08 07:18:02.570  8368-8406  MdmCommandReceiver      com.cdccreditsmart.app               I  ðŸ”„ ========================================
2025-12-08 07:18:02.570  8368-8406  MdmCommandReceiver      com.cdccreditsmart.app               I  ðŸ”„ INICIANDO POLLING FALLBACK MDM
2025-12-08 07:18:02.570  8368-8406  MdmCommandReceiver      com.cdccreditsmart.app               I  ðŸ”„ ========================================
2025-12-08 07:18:02.570  8368-8406  MdmCommandReceiver      com.cdccreditsmart.app               I  ðŸ”„ Intervalo: 30 segundos
2025-12-08 07:18:02.570  8368-8406  MdmCommandReceiver      com.cdccreditsmart.app               I  ðŸ”„ Endpoint: GET /api/apk/device/{identifier}/commands
2025-12-08 07:18:02.570  8368-8406  MdmCommandReceiver      com.cdccreditsmart.app               I  ðŸ”„ Executando verificaÃ§Ã£o IMEDIATA de comandos...
2025-12-08 07:18:02.570  8368-8506  MdmCommandReceiver      com.cdccreditsmart.app               D  ðŸ”— WebSocket request enviado - aguardando resposta...
2025-12-08 07:18:02.570  8368-8506  CdcForegroundService    com.cdccreditsmart.app               I  ðŸ“¡ ========================================
2025-12-08 07:18:02.570  8368-8506  CdcForegroundService    com.cdccreditsmart.app               I  ðŸ“¡ connectMdmWebSocket() CHAMADO - Aguardando conexÃ£o...
2025-12-08 07:18:02.570  8368-8506  CdcForegroundService    com.cdccreditsmart.app               I  ðŸ“¡ PrÃ³ximo log esperado: 'âœ… WebSocket MDM CONECTADO'
2025-12-08 07:18:02.570  8368-8506  CdcForegroundService    com.cdccreditsmart.app               I  ðŸ“¡ ========================================
2025-12-08 07:18:02.570  8368-8506  CdcForegroundService    com.cdccreditsmart.app               D  ðŸ“¡ Criando WebSocketManager (flow-status)...
2025-12-08 07:18:02.571  8368-8406  SecureTokenStorage      com.cdccreditsmart.app               D  âš ï¸ Usando Serial Number para MDM (IMEI indisponÃ­vel): XV8W57...
2025-12-08 07:18:02.571  8368-8406  MdmCommandReceiver      com.cdccreditsmart.app               I  ðŸ” ========================================
2025-12-08 07:18:02.571  8368-8406  MdmCommandReceiver      com.cdccreditsmart.app               I  ðŸ” BUSCANDO COMANDOS PENDENTES
2025-12-08 07:18:02.571  8368-8406  MdmCommandReceiver      com.cdccreditsmart.app               I  ðŸ” ========================================
2025-12-08 07:18:02.571  8368-8406  MdmCommandReceiver      com.cdccreditsmart.app               I  ðŸ” Identifier: XV8W5766
2025-12-08 07:18:02.571  8368-8406  MdmCommandReceiver      com.cdccreditsmart.app               I  ðŸ” Endpoint: GET /api/apk/device/XV8W5766/commands
2025-12-08 07:18:02.571  8368-8506  WebSocketManager        com.cdccreditsmart.app               D  Connecting to WebSocket: wss://cdccreditsmart.com/ws/flow-status
2025-12-08 07:18:02.571  8368-8406  MdmCommandReceiver      com.cdccreditsmart.app               D  ðŸ” Executando requisiÃ§Ã£o HTTP (timeout: 15s)...
2025-12-08 07:18:02.574  8368-8438  okhttp.OkHttpClient     com.cdccreditsmart.app               I  --> GET https://cdccreditsmart.com/api/apk/device/XV8W5766/commands
2025-12-08 07:18:02.574  8368-8506  CdcForegroundService    com.cdccreditsmart.app               I  ðŸ“¡ WebSocketManager inicializado
2025-12-08 07:18:02.574  8368-8506  CdcForegroundService    com.cdccreditsmart.app               I  ðŸ’¡ Overlay automÃ¡tico: PeriodicOverlayWorker (a cada 10min)
2025-12-08 07:18:02.574  8368-8438  okhttp.OkHttpClient     com.cdccreditsmart.app               I  --> END GET
2025-12-08 07:18:02.575  8368-8506  HeartbeatWorker         com.cdccreditsmart.app               I  âœ… Heartbeat OTIMIZADO agendado via WorkManager
2025-12-08 07:18:02.575  8368-8506  HeartbeatWorker         com.cdccreditsmart.app               I     ðŸ“Š Intervalo: 60min (reduÃ§Ã£o de 75% vs 15min)
2025-12-08 07:18:02.575  8368-8506  HeartbeatWorker         com.cdccreditsmart.app               I     ðŸŽ¯ Economia: ~72 requisiÃ§Ãµes/dia por dispositivo
2025-12-08 07:18:02.575  8368-8506  IconProtectionWorker    com.cdccreditsmart.app               I  ðŸ“Œ IconProtectionWorker agendado (15 min)
2025-12-08 07:18:02.576  8368-8506  IconProtectionWorker    com.cdccreditsmart.app               I  ðŸ“Œ IconProtectionWorker executando agora
2025-12-08 07:18:02.577  8368-8506  CdcForegroundService    com.cdccreditsmart.app               I  ðŸ“Œ Worker de proteÃ§Ã£o do Ã­cone agendado e executando
2025-12-08 07:18:02.577  8368-8506  BlockingNotifWorker     com.cdccreditsmart.app               I  ðŸ“… Agendando verificaÃ§Ã£o de notificaÃ§Ãµes de bloqueio...
2025-12-08 07:18:02.577  8368-8506  BlockingNotifWorker     com.cdccreditsmart.app               I  âœ… Worker agendado para executar a cada 6h
2025-12-08 07:18:02.577  8368-8506  CdcForegroundService    com.cdccreditsmart.app               I  ðŸ“± Worker de notificaÃ§Ãµes de bloqueio agendado
2025-12-08 07:18:02.577  8368-8506  CdcForegroundService    com.cdccreditsmart.app               I  ðŸ”’ ========================================
2025-12-08 07:18:02.577  8368-8506  CdcForegroundService    com.cdccreditsmart.app               I  ðŸ”’ VERIFICANDO STUB PARA PERSISTÃŠNCIA
2025-12-08 07:18:02.577  8368-8506  CdcForegroundService    com.cdccreditsmart.app               I  ðŸ”’ ========================================
2025-12-08 07:18:02.578  8368-8506  StubManager             com.cdccreditsmart.app               D  Stub is NOT installed
2025-12-08 07:18:02.580  8368-8506  ContractCodeStorage     com.cdccreditsmart.app               D  Retrieving contract code from storage
2025-12-08 07:18:02.597  8368-8491  SecureTokenStorage      com.cdccreditsmart.app               D  EncryptedSharedPreferences initialized successfully
2025-12-08 07:18:02.599  8368-8399  JobInfo                 com.cdccreditsmart.app               W  Requested important-while-foreground flag for job16 is ignored and takes no effect
2025-12-08 07:18:02.632  8368-8521  IconProtectionWorker    com.cdccreditsmart.app               D  ðŸ” Verificando proteÃ§Ã£o do Ã­cone...
2025-12-08 07:18:02.635  8368-8521  LauncherIconProtector   com.cdccreditsmart.app               D  âœ… Atalho jÃ¡ existe na home screen
2025-12-08 07:18:02.635  8368-8521  IconProtectionWorker    com.cdccreditsmart.app               I  ðŸ“Š EstatÃ­sticas: Ã­cone restaurado 1 vezes
2025-12-08 07:18:02.635  8368-8521  IconProtectionWorker    com.cdccreditsmart.app               D  âœ… VerificaÃ§Ã£o de Ã­cone concluÃ­da
2025-12-08 07:18:02.639  8368-8405  WM-WorkerWrapper        com.cdccreditsmart.app               I  Worker result SUCCESS for Work [ id=34237d85-5ead-447f-9705-58d91661dd80, tags={ com.cdccreditsmart.app.workers.IconProtectionWorker } ]
2025-12-08 07:18:02.642  8368-8438  SecureTokenStorage      com.cdccreditsmart.app               D  EncryptedSharedPreferences initialized successfully
2025-12-08 07:18:02.673  8368-8506  ContractCodeStorage     com.cdccreditsmart.app               D  Storage verification: 7 valid, 0 tampered, 0 missing
2025-12-08 07:18:02.673  8368-8506  ContractCodeStorage     com.cdccreditsmart.app               D  Contract code retrieved successfully
2025-12-08 07:18:02.673  8368-8506  StubManager             com.cdccreditsmart.app               D  Enrollment complete: true (deviceId=device_176..., contractCode=XV8W57...)
2025-12-08 07:18:02.673  8368-8506  StubManager             com.cdccreditsmart.app               D  Stub APK not found in assets: cdc_stub.apk
2025-12-08 07:18:02.674  8368-8506  CdcForegroundService    com.cdccreditsmart.app               I  ðŸ”’ Stub instalado: false
2025-12-08 07:18:02.674  8368-8506  CdcForegroundService    com.cdccreditsmart.app               I  ðŸ”’ Enrollment completo: true
2025-12-08 07:18:02.674  8368-8506  CdcForegroundService    com.cdccreditsmart.app               I  ðŸ”’ APK em assets: false
2025-12-08 07:18:02.674  8368-8506  CdcForegroundService    com.cdccreditsmart.app               I  ðŸ”’ Device Owner: false
2025-12-08 07:18:02.674  8368-8506  CdcForegroundService    com.cdccreditsmart.app               I  ðŸ”’ Pode instalar: false
