2025-11-21 16:39:07.476  1022-1022  Scheduler               pid-1022                             E  trackPendingFrame: Too many pending frames
2025-11-21 16:39:07.476  1558-1672  ApplicationHelper       pid-1558                             E  Fail to get PackageManager
2025-11-21 16:39:07.476  1558-1672  ApplicationHelper       pid-1558                             E  Fail to get PackageManager
2025-11-21 16:39:07.478  1022-1092  surfaceflinger          pid-1022                             E  == MALI DEBUG ===eglp_winsys_populate_image_templates ==12288
2025-11-21 16:39:07.481  1204-1251  uas-service             pid-1204                             D  thread(pid=1676) ux_exact_android.anim.lf is uxtag 0x100420 ref 0x1
2025-11-21 16:39:07.484  1022-1022  Scheduler               pid-1022                             E  trackPendingFrame: Too many pending frames
2025-11-21 16:39:07.485  1022-1092  surfaceflinger          pid-1022                             E  == MALI DEBUG ===eglp_winsys_populate_image_templates ==12288
2025-11-21 16:39:07.492  1558-1721  mtkpower_client         pid-1558                             I  perf_cus_lock_hint hint:101, dur:100, pid:1558
2025-11-21 16:39:07.492  1022-1022  Scheduler               pid-1022                             E  trackPendingFrame: Too many pending frames
2025-11-21 16:39:07.493  1022-1092  surfaceflinger          pid-1022                             E  == MALI DEBUG ===eglp_winsys_populate_image_templates ==12288
2025-11-21 16:39:07.494   963-991   AppFlingMode            pid-963                              D  [CheckAppFlingHint] 101 com.afwsamples.testdpc -1
2025-11-21 16:39:07.494  1558-1721  mtkpower_client         pid-1558                             I  perf_cus_lock_hint, ret_hdl:4846
2025-11-21 16:39:07.494  1558-1721  PowerHalMgrImpl         pid-1558                             I  hdl:4846, pid:1558 
2025-11-21 16:39:07.495   963-1037  libPowerHal             pid-963                              I  [setGPUFreq] MTKPOWER_HINT_LAUNCHER_ANIMA user set gpu freq min:0, max:-1
2025-11-21 16:39:07.495   963-1037  libPowerHal             pid-963                              I  MTKPOWER_HINT_LAUNCHER_ANIMA: set gpu opp level max: 0
2025-11-21 16:39:07.495   963-1037  libPowerHal             pid-963                              I  [setGPUFreq] Soft min/max = (0, 0); Hard min/max = (44, 0)
2025-11-21 16:39:07.495   963-1037  libPowerHal             pid-963                              I  [setGPUFreq] final min/max = (0, 0)
2025-11-21 16:39:07.495   963-1037  libPowerHal             pid-963                              I  MTKPOWER_HINT_LAUNCHER_ANIMA: set gpu opp level: 0
2025-11-21 16:39:07.495  5553-5553  SmartPanelRepository    pid-5553                             I  hasLoadData true  data size = 12
2025-11-21 16:39:07.495   963-1037  libPowerHal             pid-963                              I  MTKPOWER_HINT_LAUNCHER_ANIMA: set gpu opp level max: 0
2025-11-21 16:39:07.496  1022-1092  surfaceflinger          pid-1022                             E  == MALI DEBUG ===eglp_winsys_populate_image_templates ==12288
2025-11-21 16:39:07.500  5553-14708 SmartPanelService       pid-5553                             I  onWindowsDrawn pkgName: com.afwsamples.testdpc, className: com.afwsamples.testdpc.PolicyManagementActivity launchState=3 windowsDrawnDelayMs =120
2025-11-21 16:39:07.501  1558-1672  ApplicationHelper       pid-1558                             E  Fail to get PackageManager
2025-11-21 16:39:07.501  1022-1022  Scheduler               pid-1022                             E  trackPendingFrame: Too many pending frames
2025-11-21 16:39:07.502  5553-5553  SceneController         pid-5553                             D  checkCanShow canShow: true  changed false 
2025-11-21 16:39:07.502  5553-5553  SmartPanelRepository    pid-5553                             I  hasLoadData true  data size = 12
2025-11-21 16:39:07.503  4832-5488  SimpleEventAdapt        pid-4832                             I  onActivityEvent get com.transsion.XOSLauncher, com.android.launcher3.uioverrides.QuickstepLauncher,false
2025-11-21 16:39:07.503  4832-5488  SimpleEventAdapt        pid-4832                             I  notifyEvent2  activity_event
2025-11-21 16:39:07.504  5553-5553  SceneController         pid-5553                             D  checkCanShow canShow: true  changed false 
2025-11-21 16:39:07.504  4832-5488  SimpleEventAdapt        pid-4832                             I  notifyEvent  1
2025-11-21 16:39:07.504  4832-5488  SimpleEventAdapt        pid-4832                             I  onActivityEvent get com.afwsamples.testdpc, com.afwsamples.testdpc.PolicyManagementActivity,true
2025-11-21 16:39:07.504  4832-5488  SimpleEventAdapt        pid-4832                             I  notifyEvent2  activity_event
2025-11-21 16:39:07.504  4832-5488  SimpleEventAdapt        pid-4832                             I  notifyEvent  1
2025-11-21 16:39:07.505   963-1037  mtkpower@impl           pid-963                              I  [powerd_req] TIMER_MSG_PERF_LOCK_TIMEOUT hdl:4842
2025-11-21 16:39:07.507   963-1037  mtkpower@impl           pid-963                              I  [powerd_req] TIMER_MSG_PERF_LOCK_TIMEOUT hdl:4840
2025-11-21 16:39:07.508   963-1037  libPowerHal             pid-963                              I  [PD] mtkpower@1.0-se update cmd:1408300 param:0
2025-11-21 16:39:07.508  4832-28498 CacheManager            pid-4832                             I   save new data to cache activity_event
2025-11-21 16:39:07.508  4832-28498 bsc                     pid-4832                             I  notifyDataChange in activity_event, 1
2025-11-21 16:39:07.509  4832-28498 DataServiceImplV2       pid-4832                             I  StandardDataService notifyDataChange  in 
2025-11-21 16:39:07.509   963-1037  mtkpower@impl           pid-963                              I  [powerd_req] TIMER_MSG_PERF_LOCK_TIMEOUT hdl:4841
2025-11-21 16:39:07.509   963-1037  libPowerHal             pid-963                              I  [PD] MTKPOWER_HINT_START_ACTIVITY_INNER update cmd:1408100 param:0
2025-11-21 16:39:07.509  1022-1022  Scheduler               pid-1022                             E  trackPendingFrame: Too many pending frames
2025-11-21 16:39:07.511  4832-5488  SimpleEventAdapt        pid-4832                             I  onAppForegroundEvent get com.transsion.XOSLauncher, false
2025-11-21 16:39:07.511  4832-5488  SimpleEventAdapt        pid-4832                             I  notifyEvent2  app_foreground
2025-11-21 16:39:07.511  4832-5488  SimpleEventAdapt        pid-4832                             I  notifyEvent  1
2025-11-21 16:39:07.515  4832-5488  SimpleEventAdapt        pid-4832                             I  onAppForegroundEvent get com.afwsamples.testdpc, true
2025-11-21 16:39:07.515  4832-5488  SimpleEventAdapt        pid-4832                             I  notifyEvent2  app_foreground
2025-11-21 16:39:07.515  4832-5488  SimpleEventAdapt        pid-4832                             I  notifyEvent  1
2025-11-21 16:39:07.516  3231-3231  StatusBarM...Repository pid-3231                             I  isInFullscreenMode:false com.afwsamples.testdpc
2025-11-21 16:39:07.516   927-1012  hwcomposer              pid-927                              I  [HWCDisplay] [Display_0 (type:1)] fps:78.854843,dur:1001.84,max:134.18,min:6.87  
2025-11-21 16:39:07.517  1022-1022  Scheduler               pid-1022                             E  trackPendingFrame: Too many pending frames
2025-11-21 16:39:07.525  3231-3231  StatusBarM...Repository pid-3231                             I  isInFullscreenMode:false com.afwsamples.testdpc
2025-11-21 16:39:07.526  1022-1022  Scheduler               pid-1022                             E  trackPendingFrame: Too many pending frames
2025-11-21 16:39:07.528  4832-28395 DataServiceImplV2       pid-4832                             I  StandardDataService notifyDataChange  curServiceName StandardDataService type:activity_event
2025-11-21 16:39:07.528  4832-28395 Kolun_AI                pid-4832                             I  SystemEventSubscribe: onPublishData {"type":"activity_event","time":1763753947507,"data":"{\"className\":\"com.android.launcher3.uioverrides.QuickstepLauncher\",\"isResumed\":false,\"packageName\":\"com.transsion.XOSLauncher\"}","provider":"dc","dc_version":2030370000,"data_version":1,"user_id":0}
2025-11-21 16:39:07.528  4832-28395 Kolun_AI                pid-4832                             I  SystemEventSubscribe: publisher.getMatcher() activity_event
2025-11-21 16:39:07.528  4832-28395 ApiInvoke1.7.1          pid-4832                             I  SubscribeManager: publishData success host DataCenter#StandardDataService matcher activity_event
2025-11-21 16:39:07.528  4832-28395 ApiInvoke1.7.1          pid-4832                             W  SubscribeBusServerImpl: onSafePublishData start ==>> publisher Publisher{channel='DataCenter', apiName='StandardDataService', label='activity_event'}
2025-11-21 16:39:07.528  4832-28395 ApiInvoke1.7.1          pid-4832                             W  SubscribeBusServerImpl: onSafePublishData, post publish data form DataCenter to {"pid": "4832","process": "com.transsion.kolun.aiservice","packageName": "com.transsion.kolun.aiservice","channels": ["com.transsion.kolun.aiservice","APPService","AiEngine","GlobalGuideChannel","DataCenter"],"version": "1.7.1"} pid 4832 isPublishLocal true isInvalidPublisher false
2025-11-21 16:39:07.530  5553-5553  SmartPanelService       pid-5553                             I  MSG_TASK_FOCUS
2025-11-21 16:39:07.531  5553-5553  ScenesManager           pid-5553                             I  handlerTaskChange new TaskId  old TaskId 
2025-11-21 16:39:07.532  1558-4999  WindowManager           pid-1558                             I  Relayout Window{751e5a0 u0 SnapshotStartingWindow for taskId=34}: oldVis=8 newVis=0 focusMayChange = true requestedWidth = -1 requestedHeight = -1 outFrames = ClientWindowFrames{frame=[0,0][1080,2436] display=[0,0][1080,2436] parentFrame=[0,0][0,0]} outSurfaceControl = Surface(name=SnapshotStartingWindow for taskId=34)/@0x7536bdf
2025-11-21 16:39:07.534  1022-1022  Scheduler               pid-1022                             E  trackPendingFrame: Too many pending frames
2025-11-21 16:39:07.536  4832-28498 CacheManager            pid-4832                             I   save new data to cache activity_event
2025-11-21 16:39:07.537  1558-5472  Hiber/fastState         pid-1558                             I  do fastUnfreeze reason=delay from activityIdle delay=1315
2025-11-21 16:39:07.538   963-992   mtkpower@impl           pid-963                              I  [setMode] type:5, enabled:0
2025-11-21 16:39:07.538   963-1037  libPowerHal             pid-963                              I  [unsetGPUFreq] current min:0, max:0; scn_gpu_min:0, scn_gpu_max:-1; scn_gpu_min(HL):-1, scn_gpu_max(HL):-1
2025-11-21 16:39:07.538   963-1037  libPowerHal             pid-963                              I  [setGPUFreq] Soft min/max = (0, 0); Hard min/max = (44, 0)
2025-11-21 16:39:07.538   963-1037  libPowerHal             pid-963                              I  [setGPUFreq] final min/max = (0, 0)
2025-11-21 16:39:07.538   963-1037  libPowerHal             pid-963                              I  LAUNCH: set gpu opp level: 0
2025-11-21 16:39:07.538   963-1037  libPowerHal             pid-963                              I  LAUNCH: set gpu opp level max: 0
2025-11-21 16:39:07.538   963-1037  libPowerHal             pid-963                              I  [PD] LAUNCH update cmd:1408700, param:100
2025-11-21 16:39:07.540   963-1037  libPowerHal             pid-963                              I  [PD] LAUNCH update cmd:300c000 param:0
2025-11-21 16:39:07.542  1022-1022  Scheduler               pid-1022                             E  trackPendingFrame: Too many pending frames
2025-11-21 16:39:07.543  1558-5472  PowerHalWrapper         pid-1558                             I  amsBoostStop AMS_BOOST_PACK_SWITCH:true, AMS_BOOST_ACT_SWITCH:false, AMS_BOOST_PROCESS_CREATE:false, AMS_BOOST_PROCESS_CREATE_FOR_GAME:false, AMS_BOOST_HOT_LAUNCH:false 
2025-11-21 16:39:07.544   963-991   mtkpower@impl           pid-963                              I  [mtkPowerHint] hint:22, hold:500, ext:30, ext_hold:1500
2025-11-21 16:39:07.544  4832-28498 bsc                     pid-4832                             I  notifyDataChange in activity_event, 1
2025-11-21 16:39:07.544   963-991   AppFlingMode            pid-963                              D  [CheckAppFlingHint] 22 com.afwsamples.testdpc -1
2025-11-21 16:39:07.544   963-991   AppFlingMode            pid-963                              D  [CheckAppFlingHint] 30 com.afwsamples.testdpc -1
2025-11-21 16:39:07.544  4832-28395 ApiInvoke1.7.1          pid-4832                             W  ApiRequest: do publishData to remote activity_event
2025-11-21 16:39:07.545 32585-32585 artd                    pid-32585                            I  MMAP_TRYLOCK is supported in uffd errno:2 addr:0x714fa27000 size:4096
2025-11-21 16:39:07.546  4832-28498 DataServiceImplV2       pid-4832                             I  StandardDataService notifyDataChange  in 
2025-11-21 16:39:07.546  4832-28498 CacheManager            pid-4832                             I   save new data to cache app_foreground
2025-11-21 16:39:07.546  4832-28498 bsc                     pid-4832                             I  notifyDataChange in app_foreground, 1
2025-11-21 16:39:07.547 32585-32585 artd                    pid-32585                            I  Starting artd
2025-11-21 16:39:07.548 32585-32585 AidlLazySe...eRegistrar pid-32585                            I  Registering service artd
2025-11-21 16:39:07.550  1558-1671  _T_AppBehavior          pid-1558                             I  APP_START_OCCURRED (pid:27502, packageName:com.afwsamples.testdpc, transitionType:9, launchedActivityName:com.afwsamples.testdpc.PolicyManagementActivity, callerPackage:com.transsion.XOSLauncher, currentTransitionDelayMs:45, startingWindowDelayMs:-1, bindApplicationDelayMs:-1, windowsDrawnDelayMs:120,compilationReason:9, compilationFilter:8 )
2025-11-21 16:39:07.551  1022-1022  Scheduler               pid-1022                             E  trackPendingFrame: Too many pending frames
2025-11-21 16:39:07.553 32585-32589 AidlLazySe...eRegistrar pid-32585                            I  Process has 1 (of 1 available) client(s) in use after notification artd has clients: 1
2025-11-21 16:39:07.557 17563-21204 IPCThreadState          pid-17563                            I  oneway function results for code 2 on binder at 0xb400007726052cf0 will be dropped but finished with status UNKNOWN_TRANSACTION
2025-11-21 16:39:07.560  1022-1022  Scheduler               pid-1022                             E  trackPendingFrame: Too many pending frames
2025-11-21 16:39:07.564  4832-28395 DataServiceImplV2       pid-4832                             I  StandardDataService notifyDataChange  curServiceName StandardDataService type:activity_event
2025-11-21 16:39:07.564  4832-28395 Kolun_AI                pid-4832                             I  SystemEventSubscribe: onPublishData {"type":"activity_event","time":1763753947523,"data":"{\"className\":\"com.afwsamples.testdpc.PolicyManagementActivity\",\"isResumed\":true,\"packageName\":\"com.afwsamples.testdpc\"}","provider":"dc","dc_version":2030370000,"data_version":1,"user_id":0}
2025-11-21 16:39:07.564  4832-28395 Kolun_AI                pid-4832                             I  SystemEventSubscribe: publisher.getMatcher() activity_event
2025-11-21 16:39:07.565  4832-28395 ApiInvoke1.7.1          pid-4832                             I  SubscribeManager: publishData success host DataCenter#StandardDataService matcher activity_event
2025-11-21 16:39:07.565  4832-28395 ApiInvoke1.7.1          pid-4832                             W  SubscribeBusServerImpl: onSafePublishData start ==>> publisher Publisher{channel='DataCenter', apiName='StandardDataService', label='activity_event'}
2025-11-21 16:39:07.565  4832-28395 ApiInvoke1.7.1          pid-4832                             W  SubscribeBusServerImpl: onSafePublishData, post publish data form DataCenter to {"pid": "4832","process": "com.transsion.kolun.aiservice","packageName": "com.transsion.kolun.aiservice","channels": ["com.transsion.kolun.aiservice","APPService","AiEngine","GlobalGuideChannel","DataCenter"],"version": "1.7.1"} pid 4832 isPublishLocal true isInvalidPublisher false
2025-11-21 16:39:07.565  4832-28498 DataServiceImplV2       pid-4832                             I  StandardDataService notifyDataChange  in 
2025-11-21 16:39:07.568  1022-1022  Scheduler               pid-1022                             E  trackPendingFrame: Too many pending frames
2025-11-21 16:39:07.568  3231-3310  SnapshotDrawerUtils     pid-3231                             V  Drawing snapshot surface sizeMismatch=false
2025-11-21 16:39:07.570  4832-28498 CacheManager            pid-4832                             I   save new data to cache app_foreground
2025-11-21 16:39:07.570  4832-28498 bsc                     pid-4832                             I  notifyDataChange in app_foreground, 1
2025-11-21 16:39:07.570  4832-28395 ApiInvoke1.7.1          pid-4832                             W  ApiRequest: do publishData to remote activity_event
2025-11-21 16:39:07.570  4832-28395 DataServiceImplV2       pid-4832                             I  StandardDataService notifyDataChange  curServiceName StandardDataService type:app_foreground
2025-11-21 16:39:07.570  4832-28395 Kolun_AI                pid-4832                             I  SystemEventSubscribe: onPublishData {"type":"app_foreground","time":1763753947546,"data":"{\"isForeground\":false,\"packageName\":\"com.transsion.XOSLauncher\"}","provider":"dc","dc_version":2030370000,"data_version":1,"user_id":0}
2025-11-21 16:39:07.571  4832-28395 Kolun_AI                pid-4832                             I  SystemEventSubscribe: publisher.getMatcher() app_foreground
2025-11-21 16:39:07.571  4832-28395 Kolun_AI                pid-4832                             I  SystemEventSubscribeheh:SimpleEventBus post event AppForegroundEvent{mPackageName='com.transsion.XOSLauncher', mIsForeground=false} 1763753947546
2025-11-21 16:39:07.571  1558-2065  ImeTracker              pid-1558                             I  com.afwsamples.testdpc:cf0cc726: onRequestHide at ORIGIN_SERVER reason HIDE_UNSPECIFIED_WINDOW fromUser false
2025-11-21 16:39:07.572  1558-1902  mtkpower_client         pid-1558                             I  perf_lock_rel, hdl:4829, tid:1902
2025-11-21 16:39:07.573  1558-1902  mtkpower_client         pid-1558                             I  perf_lock_acq, hdl:4829, dur:5000, num:2, pid:1558, tid:1902
2025-11-21 16:39:07.576  1022-1022  Scheduler               pid-1022                             E  trackPendingFrame: Too many pending frames
2025-11-21 16:39:07.576  1558-1902  mtkpower_client         pid-1558                             I  ret_hdl:4849
2025-11-21 16:39:07.577  1558-1902  PowerHalMgrImpl         pid-1558                             I  hdl:4849, pid:1558 
2025-11-21 16:39:07.577  1558-5508  WindowManager           pid-1558                             D  System monitor finishDrawingWindow w: Window{751e5a0 u0 SnapshotStartingWindow for taskId=34}; mDrawState = DRAW_PENDING
2025-11-21 16:39:07.578  1558-2065  ImeTracker              pid-1558                             I  com.afwsamples.testdpc:cf0cc726: onCancelled at PHASE_SERVER_SHOULD_HIDE
2025-11-21 16:39:07.578  1558-2065  TranWindow...erviceImpl pid-1558                             D  hookIMEVisibleChanged(), show:false
2025-11-21 16:39:07.578  1558-2065  TranMultiW...ponentImpl pid-1558                             I  hookInputMethodShown inputShown: false, connected:false, unbd:false
2025-11-21 16:39:07.579  4832-28498 DataServiceImplV2       pid-4832                             I  StandardDataService notifyDataChange  in 
2025-11-21 16:39:07.579  1558-2065  TranSCSour...anagerImpl pid-1558                             I  hookInputMethodShown inputShown: false
2025-11-21 16:39:07.579  4832-28395 ApiInvoke1.7.1          pid-4832                             I  SubscribeManager: publishData success host DataCenter#StandardDataService matcher app_foreground
2025-11-21 16:39:07.579  4832-28395 ApiInvoke1.7.1          pid-4832                             W  SubscribeBusServerImpl: onSafePublishData start ==>> publisher Publisher{channel='DataCenter', apiName='StandardDataService', label='app_foreground'}
2025-11-21 16:39:07.579  1558-2065  input_debug             pid-1558                             I  package: com.afwsamples.testdpc mNeedShowSafeInput: false inputType: 0 methodMap: true isKeyguardShowing: false enable: 0 isSplitScreen: false
2025-11-21 16:39:07.580  1558-1675  WindowManager           pid-1558                             I  this = Window{751e5a0 u0 SnapshotStartingWindow for taskId=34}, later than mainWin: Window{1dfd390 u0 com.afwsamples.testdpc/com.afwsamples.testdpc.PolicyManagementActivity}
2025-11-21 16:39:07.580  4832-4972  Kolun_AI                pid-4832                             I  SceneIdentify:onBusEvent AppForegroundEvent   com.transsion.XOSLauncher, false, SceneIdentify
2025-11-21 16:39:07.580  4832-4972  Kolun_AI                pid-4832                             I  PreventAccidentalTouchScene:mIsSceneIn: false
2025-11-21 16:39:07.583  1558-1675  TranStartingSurface     pid-1558                             I  onAnimationFinished remove com.android.server.wm.TranStartingSurface@355a0c2
2025-11-21 16:39:07.583  1558-1675  TranStartingSurface     pid-1558                             D  removeStartingSurface mSurfaceControl=Surface(name=TranStartingSurface)/@0x4290d transaction=android.view.SurfaceControl$Transaction@75a0709
2025-11-21 16:39:07.584  4832-4972  Kolun_AI                pid-4832                             I  SceneIdentify:checkShortVideo com.transsion.XOSLauncher false 
2025-11-21 16:39:07.584  4832-4972  Kolun_AI                pid-4832                             I  SceneIdentify:isShortVideoPkg false
2025-11-21 16:39:07.584  4832-4972  Kolun_AI                pid-4832                             I  SceneIdentify:checkGameOut  com.transsion.XOSLauncher, 
2025-11-21 16:39:07.584  4832-4972  Kolun_AI                pid-4832                             I  SceneIdentify:checkSocialOut  com.transsion.XOSLauncher, 
2025-11-21 16:39:07.584  4832-4972  Kolun_AI                pid-4832                             I  AppPredictManager:onBusEvent com.transsion.XOSLauncher false
2025-11-21 16:39:07.584  1022-1022  Scheduler               pid-1022                             E  trackPendingFrame: Too many pending frames
2025-11-21 16:39:07.586 29183-32458 PTCommittedOperation    pid-29183                            I  Receive new configuration for com.google.android.libraries.consentverifier#com.google.android.gms
2025-11-21 16:39:07.588 29183-32458 NearbyMediums           pid-29183                            I  ModuleInitializer handles incoming intent com.google.android.gms.phenotype.COMMITTED
2025-11-21 16:39:07.590  1558-1675  WindowManager           pid-1558                             I  this = Window{751e5a0 u0 SnapshotStartingWindow for taskId=34}, later than mainWin: Window{1dfd390 u0 com.afwsamples.testdpc/com.afwsamples.testdpc.PolicyManagementActivity}
2025-11-21 16:39:07.590 29183-30382 TapAndPay               pid-29183                            I  deviceSupportsTokenization: managed profile [CONTEXT service_id=79 ]
2025-11-21 16:39:07.593  4832-28395 ApiInvoke1.7.1          pid-4832                             W  SubscribeBusServerImpl: onSafePublishData, post publish data form DataCenter to {"pid": "4832","process": "com.transsion.kolun.aiservice","packageName": "com.transsion.kolun.aiservice","channels": ["com.transsion.kolun.aiservice","APPService","AiEngine","GlobalGuideChannel","DataCenter"],"version": "1.7.1"} pid 4832 isPublishLocal true isInvalidPublisher false
2025-11-21 16:39:07.593  1022-1022  Scheduler               pid-1022                             E  trackPendingFrame: Too many pending frames
2025-11-21 16:39:07.592  5553-5553  ScenesManager           pid-5553                             I  MSG_ACTIVITY_CHECK
2025-11-21 16:39:07.595 21250-21250 GoogleInpu...hodService pid-21250                            I  GoogleInputMethodService.onFinishInput():3095 
2025-11-21 16:39:07.595  5553-14579 ScenesManager           pid-5553                             I  put createTaskId 
2025-11-21 16:39:07.596  4832-28395 ApiInvoke1.7.1          pid-4832                             W  ApiRequest: do publishData to remote app_foreground
2025-11-21 16:39:07.596  4832-28395 DataServiceImplV2       pid-4832                             I  StandardDataService notifyDataChange  curServiceName StandardDataService type:app_foreground
2025-11-21 16:39:07.596  4832-28395 Kolun_AI                pid-4832                             I  SystemEventSubscribe: onPublishData {"type":"app_foreground","time":1763753947566,"data":"{\"isForeground\":true,\"packageName\":\"com.afwsamples.testdpc\"}","provider":"dc","dc_version":2030370000,"data_version":1,"user_id":0}
2025-11-21 16:39:07.596   963-1037  mtkpower@impl           pid-963                              I  [powerd_req] TIMER_MSG_PERF_LOCK_TIMEOUT hdl:4846
2025-11-21 16:39:07.596   963-1037  libPowerHal             pid-963                              I  [unsetGPUFreq] current min:0, max:0; scn_gpu_min:0, scn_gpu_max:-1; scn_gpu_min(HL):-1, scn_gpu_max(HL):-1
2025-11-21 16:39:07.596   963-1037  libPowerHal             pid-963                              I  [setGPUFreq] Soft min/max = (0, 0); Hard min/max = (44, 0)
2025-11-21 16:39:07.596   963-1037  libPowerHal             pid-963                              I  [setGPUFreq] final min/max = (0, 0)
2025-11-21 16:39:07.596   963-1037  libPowerHal             pid-963                              I  MTKPOWER_HINT_LAUNCHER_ANIMA: set gpu opp level: 0
2025-11-21 16:39:07.596   963-1037  libPowerHal             pid-963                              I  MTKPOWER_HINT_LAUNCHER_ANIMA: set gpu opp level max: 0
2025-11-21 16:39:07.601  1022-1022  Scheduler               pid-1022                             E  trackPendingFrame: Too many pending frames
2025-11-21 16:39:07.602  1022-4320  BufferQueueDebug        pid-1022                             I  [Surface(name=a13cd31 InputMethod)/@0x2a13784 - animation-leash of insets_animation#2551](this:0xb40000779be2e538,id:-1,api:0,p:-1,c:-1) BufferQueue core=(1022:/system/bin/surfaceflinger)
2025-11-21 16:39:07.602 21250-21250 GoogleInpu...hodService pid-21250                            I  GoogleInputMethodService.updateDeviceLockedStatus():2167 repeatCheckTimes = 0, locked = false
2025-11-21 16:39:07.602 21250-21250 GoogleInpu...hodService pid-21250                            I  GoogleInputMethodService.onStartInput():1911 onStartInput(EditorInfo{EditorInfo{packageName=com.afwsamples.testdpc, inputType=0, inputTypeString=NULL, enableLearning=false, autoCorrection=false, autoComplete=false, imeOptions=0, privateImeOptions=null, actionName=UNSPECIFIED, actionLabel=null, initialSelStart=-1, initialSelEnd=-1, initialCapsMode=0, label=null, fieldId=0, fieldName=null, extras=null, hintText=null, hintLocales=[]}}, false)
2025-11-21 16:39:07.603  4832-28395 Kolun_AI                pid-4832                             I  SystemEventSubscribe: publisher.getMatcher() app_foreground
2025-11-21 16:39:07.603  4832-28395 Kolun_AI                pid-4832                             I  SystemEventSubscribeheh:SimpleEventBus post event AppForegroundEvent{mPackageName='com.afwsamples.testdpc', mIsForeground=true} 1763753947566
2025-11-21 16:39:07.603  4832-4972  Kolun_AI                pid-4832                             I  SceneIdentify:onBusEvent AppForegroundEvent   com.afwsamples.testdpc, true, SceneIdentify
2025-11-21 16:39:07.603  4832-4972  Kolun_AI                pid-4832                             I  PreventAccidentalTouchScene:sceneIn
2025-11-21 16:39:07.603  4832-4972  Kolun_AI                pid-4832                             I  PreventAccidentalTouchScene:screenTouchMode: -1
2025-11-21 16:39:07.604  4832-4972  Kolun_AI                pid-4832                             I  PreventAccidentalTouchScene:mIsSceneIn: false
2025-11-21 16:39:07.604  4832-4972  Kolun_AI                pid-4832                             I  SceneIdentify:checkShortVideo com.afwsamples.testdpc true 
2025-11-21 16:39:07.604  4832-4972  Kolun_AI                pid-4832                             I  SceneIdentify:isShortVideoPkg false
2025-11-21 16:39:07.604  4832-4972  Kolun_AI                pid-4832                             I  SceneIdentify:checkGameIn  com.afwsamples.testdpc, 
2025-11-21 16:39:07.604  4832-4972  Kolun_AI                pid-4832                             I  SceneIdentify:checkSocialIn  com.afwsamples.testdpc, 
2025-11-21 16:39:07.604  4832-4972  Kolun_AI                pid-4832                             I  TipsSceneService:event com.afwsamples.testdpc
2025-11-21 16:39:07.604  4832-4972  Kolun_AI                pid-4832                             I  AppPredictManager:onBusEvent com.afwsamples.testdpc true
2025-11-21 16:39:07.605  4832-28395 ApiInvoke1.7.1          pid-4832                             I  SubscribeManager: publishData success host DataCenter#StandardDataService matcher app_foreground
2025-11-21 16:39:07.605  1022-1022  SurfaceFlinger          pid-1022                             I  onHandleDestroyed: name=Surface(name=TranStartingSurface)/@0x4290d - animation-leash of window_animation#2550, layerId=2550, parentId=0
2025-11-21 16:39:07.606 21250-21250 GoogleInpu...hodService pid-21250                            I  GoogleInputMethodService.updateDeviceLockedStatus():2167 repeatCheckTimes = 1, locked = false
2025-11-21 16:39:07.606  1558-1675  WindowManager           pid-1558                             I  this = Window{751e5a0 u0 SnapshotStartingWindow for taskId=34}, later than mainWin: Window{1dfd390 u0 com.afwsamples.testdpc/com.afwsamples.testdpc.PolicyManagementActivity}
2025-11-21 16:39:07.607 21250-21250 AndroidIME              pid-21250                            I  InputBundleManager.loadActiveInputBundleId():450 loadActiveInputBundleId: und-Latn-x-password, password
2025-11-21 16:39:07.610  1022-1022  Scheduler               pid-1022                             E  trackPendingFrame: Too many pending frames
2025-11-21 16:39:07.612  5553-14579 THubApi                 pid-5553                             D  getWindowingMode TaskInfo{userId=0 taskId=34 displayId=0 isRunning=true baseIntent=Intent { act=android.intent.action.MAIN cat=[android.intent.category.LAUNCHER] flg=0x10200000 pkg=com.afwsamples.testdpc cmp=com.afwsamples.testdpc/.PolicyManagementActivity } baseActivity=ComponentInfo{com.afwsamples.testdpc/com.afwsamples.testdpc.PolicyManagementActivity} topActivity=ComponentInfo{com.afwsamples.testdpc/com.afwsamples.testdpc.PolicyManagementActivity} origActivity=null realActivity=ComponentInfo{com.afwsamples.testdpc/com.afwsamples.testdpc.PolicyManagementActivity} numActivities=1 lastActiveTime=1719158 supportsMultiWindow=true resizeMode=1 isResizeable=true minWidth=-1 minHeight=-1 defaultMinSize=110 token=WCT{android.window.IWindowContainerToken$Stub$Proxy@f1db9fe} topActivityType=1 pictureInPictureParams=null shouldDockBigOverlays=false launchIntoPipHostTaskId=-1 lastParentTaskIdBeforePip=-1 displayCutoutSafeInsets=Rect(0, 99 - 0, 0) topActivityInfo=ActivityInfo{6c7c55f com.afwsamples.testdpc.PolicyManagementActivity} launchCookies=[android.os.BinderProxy@7ac2bac] positionInParent=Point(0, 0) parentTaskId=-1 isFocused=true isVisible=true isVisibleRequested=true isSleeping=false locusId=null displayAreaFeatureId=1 isTopActivityTransparent=false appCompatTaskInfo=AppCompatTaskInfo { topActivityInSizeCompat=false topActivityEligibleForLetterboxEducation= falseisLetterboxEducationEnabled= false isLetterboxDoubleTapEnabled= false topActivityEligibleForUserAspectRatioButton= false topActivityBoundsLetterboxed= false isFromLetterboxDoubleTap= false topActivityLetterboxVerticalPosition= -1 topActivityLetterboxHorizontalPosition= -1 topActivityLetterboxWidth=1080 topActivityLetterboxHeight=2436 isUserFullscreenOverrideEnabled=false isSystemFullscreenOverrideEnabled=false cameraCompatTaskInfo=CameraCompatTaskInfo { cameraCompatControlState=hidden freeformCameraCompatMode=inactive}}}
2025-11-21 16:39:07.613  4832-28395 ApiInvoke1.7.1          pid-4832                             W  SubscribeBusServerImpl: onSafePublishData start ==>> publisher Publisher{channel='DataCenter', apiName='StandardDataService', label='app_foreground'}
2025-11-21 16:39:07.613  4832-28395 ApiInvoke1.7.1          pid-4832                             W  SubscribeBusServerImpl: onSafePublishData, post publish data form DataCenter to {"pid": "4832","process": "com.transsion.kolun.aiservice","packageName": "com.transsion.kolun.aiservice","channels": ["com.transsion.kolun.aiservice","APPService","AiEngine","GlobalGuideChannel","DataCenter"],"version": "1.7.1"} pid 4832 isPublishLocal true isInvalidPublisher false
2025-11-21 16:39:07.614  1022-1022  BufferQueueDebug        pid-1022                             I  [Surface(name=TranStartingSurface)/@0x4290d - animation-leash of window_animation#2550](this:0xb40000779bdf8388,id:-1,api:0,p:-1,c:1022) onDestructor()
2025-11-21 16:39:07.614  1558-4375  PackageConfigPersister  pid-1558                             W  App-specific configuration not found for packageName: com.afwsamples.testdpc and userId: 0
2025-11-21 16:39:07.615  1558-1675  WindowManager           pid-1558                             I  this = Window{751e5a0 u0 SnapshotStartingWindow for taskId=34}, later than mainWin: Window{1dfd390 u0 com.afwsamples.testdpc/com.afwsamples.testdpc.PolicyManagementActivity}
2025-11-21 16:39:07.618  4832-28395 ApiInvoke1.7.1          pid-4832                             W  ApiRequest: do publishData to remote app_foreground
2025-11-21 16:39:07.618  1022-1022  Scheduler               pid-1022                             E  trackPendingFrame: Too many pending frames
2025-11-21 16:39:07.620  5553-14579 THubApi                 pid-5553                             I  isTheMainScreen classname: com.afwsamples.testdpc.PolicyManagementActivity  pkg:com.afwsamples.testdpc
2025-11-21 16:39:07.622  1558-1636  TranActivi...gerService pid-1558                             D  isTheMainScreen, displayId = 0, classname = com.afwsamples.testdpc.PolicyManagementActivity
2025-11-21 16:39:07.626  1022-1022  Scheduler               pid-1022                             E  trackPendingFrame: Too many pending frames
2025-11-21 16:39:07.628  5553-14579 THubApi                 pid-5553                             D  getUserId TaskInfo{userId=0 taskId=34 displayId=0 isRunning=true baseIntent=Intent { act=android.intent.action.MAIN cat=[android.intent.category.LAUNCHER] flg=0x10200000 pkg=com.afwsamples.testdpc cmp=com.afwsamples.testdpc/.PolicyManagementActivity } baseActivity=ComponentInfo{com.afwsamples.testdpc/com.afwsamples.testdpc.PolicyManagementActivity} topActivity=ComponentInfo{com.afwsamples.testdpc/com.afwsamples.testdpc.PolicyManagementActivity} origActivity=null realActivity=ComponentInfo{com.afwsamples.testdpc/com.afwsamples.testdpc.PolicyManagementActivity} numActivities=1 lastActiveTime=1719158 supportsMultiWindow=true resizeMode=1 isResizeable=true minWidth=-1 minHeight=-1 defaultMinSize=110 token=WCT{android.window.IWindowContainerToken$Stub$Proxy@f1db9fe} topActivityType=1 pictureInPictureParams=null shouldDockBigOverlays=false launchIntoPipHostTaskId=-1 lastParentTaskIdBeforePip=-1 displayCutoutSafeInsets=Rect(0, 99 - 0, 0) topActivityInfo=ActivityInfo{6c7c55f com.afwsamples.testdpc.PolicyManagementActivity} launchCookies=[android.os.BinderProxy@7ac2bac] positionInParent=Point(0, 0) parentTaskId=-1 isFocused=true isVisible=true isVisibleRequested=true isSleeping=false locusId=null displayAreaFeatureId=1 isTopActivityTransparent=false appCompatTaskInfo=AppCompatTaskInfo { topActivityInSizeCompat=false topActivityEligibleForLetterboxEducation= falseisLetterboxEducationEnabled= false isLetterboxDoubleTapEnabled= false topActivityEligibleForUserAspectRatioButton= false topActivityBoundsLetterboxed= false isFromLetterboxDoubleTap= false topActivityLetterboxVerticalPosition= -1 topActivityLetterboxHorizontalPosition= -1 topActivityLetterboxWidth=1080 topActivityLetterboxHeight=2436 isUserFullscreenOverrideEnabled=false isSystemFullscreenOverrideEnabled=false cameraCompatTaskInfo=CameraCompatTaskInfo { cameraCompatControlState=hidden freeformCameraCompatMode=inactive}}}
2025-11-21 16:39:07.628  5553-14332 ScenesManager           pid-5553                             I  ScenesInfo(isInSplitScreenMode=false, screenMode=0, oldTopPackage=, oldTopClass=, oldRelPackage=, oldRelClass=, topPackage=com.afwsamples.testdpc, topClass=com.afwsamples.testdpc.PolicyManagementActivity, relPackage=com.afwsamples.testdpc, relClass=com.afwsamples.testdpc.PolicyManagementActivity, taskId=34, userId=0, isTwinApp=false, isActivityChange=true, isResume=true, killPackages=[], isPersonalizedFlipScreen=false, timeStamp=1763753947628)
2025-11-21 16:39:07.628  7180-7339  Dialer                  pid-7180                             I  DupContactsManager - 联系人数据变化触发去重逻辑执行
2025-11-21 16:39:07.629  5553-14332 SmartEventManager       pid-5553                             D  dispatchEvent event: SmartEvent(action=key_scenes_change, extras=null)
2025-11-21 16:39:07.630  7316-7406  Dialer                  pid-7316                             I  DupContactsManager - 联系人数据变化触发去重逻辑执行
2025-11-21 16:39:07.630  1022-1022  SurfaceFlinger          pid-1022                             I  onHandleDestroyed: name=Surface(name=a13cd31 InputMethod)/@0x2a13784 - animation-leash of insets_animation#2541, layerId=2541, parentId=0
2025-11-21 16:39:07.633  5553-14332 GameSceneManager        pid-5553                             I  currentPackage   it.isResume true
2025-11-21 16:39:07.633  5553-14332 GameSceneManager        pid-5553                             I  handlerActivityStart isResume = true  pkgName = com.afwsamples.testdpc
2025-11-21 16:39:07.633  5553-14332 GameSceneManager        pid-5553                             I  exitSceneInMain false
2025-11-21 16:39:07.635  1022-1022  Scheduler               pid-1022                             E  trackPendingFrame: Too many pending frames
2025-11-21 16:39:07.639  1022-1022  BufferQueueDebug        pid-1022                             I  [Surface(name=a13cd31 InputMethod)/@0x2a13784 - animation-leash of insets_animation#2541](this:0xb40000779be89738,id:-1,api:0,p:-1,c:1022) onDestructor()
2025-11-21 16:39:07.643  5553-14332 VideoSceneManager       pid-5553                             I  handlerVideoStart isResume = true  currentPackage =   pkgName = com.afwsamples.testdpc
2025-11-21 16:39:07.643  1022-1022  Scheduler               pid-1022                             E  trackPendingFrame: Too many pending frames
2025-11-21 16:39:07.644  5553-14332 TurboSceneManager       pid-5553                             D  handlerActivityStart: pkg = com.afwsamples.testdpc
2025-11-21 16:39:07.644  5553-14332 TurboSceneManager       pid-5553                             D  handlerTurboStart  currentPackage = com.transsion.XOSLauncher  pkgName = com.afwsamples.testdpc  className = com.afwsamples.testdpc.PolicyManagementActivity
2025-11-21 16:39:07.648  1558-3300  TranActivi...gerService pid-1558                             D  getIsFloatingWindow mode = 1
2025-11-21 16:39:07.649  5553-5553  GameSceneManager        pid-5553                             I  checkAndHandleAPP cursor: count = 0
2025-11-21 16:39:07.649  5553-5553  GameSceneManager        pid-5553                             I  exitSceneInMain false
2025-11-21 16:39:07.651  5553-5553  VideoDataRepository     pid-5553                             I  checkVideoApp curosr: count = 0
2025-11-21 16:39:07.651  1022-1022  Scheduler               pid-1022                             E  trackPendingFrame: Too many pending frames
2025-11-21 16:39:07.659  1022-1022  Scheduler               pid-1022                             E  trackPendingFrame: Too many pending frames
2025-11-21 16:39:07.660  1558-3300  TranActivi...gerService pid-1558                             D  getIsFloatingWindow mode = 1
2025-11-21 16:39:07.661  5553-14332 TurboSceneManager       pid-5553                             D  checkTurboMode : 1
2025-11-21 16:39:07.661  5553-14332 AppBlackList            pid-5553                             D  checkInBlackList isGuidePage= false， isSmartPanelGesture= false
2025-11-21 16:39:07.661  5553-14332 AppBlackList            pid-5553                             D  checkInBlackList inBlackList= false， pkgAndCls= com.afwsamples.testdpc/com.afwsamples.testdpc.PolicyManagementActivity
2025-11-21 16:39:07.664  5553-14332 SmartPanelRepository    pid-5553                             I  hasLoadData true  data size = 12
2025-11-21 16:39:07.668  1558-3097  TranAppBri...Controller pid-1558                             D  [handleMessage] msg type: 1001 isCloudEnabled: true
2025-11-21 16:39:07.668  1022-1022  Scheduler               pid-1022                             E  trackPendingFrame: Too many pending frames
2025-11-21 16:39:07.668  5553-14332 SceneController         pid-5553                             D  checkCanShow canShow: true  changed false 
2025-11-21 16:39:07.669  5553-5553  HandleModeManager       pid-5553                             D  onScenesChange : false
2025-11-21 16:39:07.669  1558-2000  UserManagerService      pid-1558                             W  Requested status bar icon for non-badged user 0
2025-11-21 16:39:07.670  3231-3286  ShellTrans..._interrupt pid-3231                             D  finish handler: com.android.wm.shell.transition.DefaultTransitionHandler@8456f2e
2025-11-21 16:39:07.670  3231-3286  ShellTrans..._interrupt pid-3231                             D  onFinish: isLauncherReUseLeash = false
2025-11-21 16:39:07.670  3231-3286  WindowManagerShell      pid-3231                             V  Transition animation finished (aborted=false), notifying core (#215) android.os.BinderProxy@914dae8@0
2025-11-21 16:39:07.671  1558-1844  tranpm/BehaviorManager  pid-1558                             D  onMemPressureChange : level 1
2025-11-21 16:39:07.671  3231-3286  ShellTransitions        pid-3231                             D  Applied finish transaction
2025-11-21 16:39:07.671  3231-3286  ShellTrans..._interrupt pid-3231                             D  onFinish finish apply
2025-11-21 16:39:07.671 29077-29838 ChimeraPrvdrProxy       pid-29077                            I  Shutting down chimera ContentProvider com.google.android.gms.reminders.provider.RemindersChimeraProvider
2025-11-21 16:39:07.673  1558-1902  mtkpower_client         pid-1558                             I  perf_lock_rel, hdl:4849, tid:1902
2025-11-21 16:39:07.674   963-1037  libPowerHal             pid-963                              I  [PD] system_server update cmd:1408300 param:0
2025-11-21 16:39:07.676  1022-1022  Scheduler               pid-1022                             E  trackPendingFrame: Too many pending frames
2025-11-21 16:39:07.684  1022-1022  Scheduler               pid-1022                             E  trackPendingFrame: Too many pending frames
2025-11-21 16:39:07.689  1558-2000  WindowOrga...Controller pid-1558                             D  WCT isInterrupt: false
2025-11-21 16:39:07.690  1022-2040  SurfaceFlinger          pid-1022                             I  onHandleDestroyed: name=TranStartingSurface#2542, layerId=2542, parentId=0
2025-11-21 16:39:07.690  1204-1251  uas-service             pid-1204                             D  set scene=0x80000004 success
2025-11-21 16:39:07.690  1558-2000  WindowManager           pid-1558                             I    isAnimating=false  okToAnimate=true  win=Window{6f1902f u0 com.transsion.XOSLauncher/com.android.launcher3.uioverrides.QuickstepLauncher}
2025-11-21 16:39:07.690  1558-2000  WindowManager           pid-1558                             I    isAnimating=false  okToAnimate=true  win=Window{c35f31c u0 ZeroScreen}
2025-11-21 16:39:07.691   963-992   mtkpower@impl           pid-963                              I  [setMode] type:6, enabled:0
2025-11-21 16:39:07.691   963-992   mtkpower@impl           pid-963                              E  [setMode] unknown type
2025-11-21 16:39:07.691 21809-21809 VRI[ZeroScreen]         pid-21809                            D  visibilityChanged oldVisibility=true newVisibility=false
2025-11-21 16:39:07.692  1022-1022  Scheduler               pid-1022                             E  trackPendingFrame: Too many pending frames
2025-11-21 16:39:07.692  1558-2000  MagellanHandle          pid-1558                             D  updateRefreshRateForSceneVsyncs what = 21
2025-11-21 16:39:07.692  3231-3286  ShellEventHandler       pid-3231                             D  onTransitionFinished OPEN token=android.os.BinderProxy@914dae8
2025-11-21 16:39:07.692  3644-3644  VRI[QuickstepLauncher]  pid-3644                             D  visibilityChanged oldVisibility=true newVisibility=false
2025-11-21 16:39:07.692  3231-3286  WindowManagerShell      pid-3231                             V  Track 0 became idle
2025-11-21 16:39:07.692  3231-3286  WindowManagerShell      pid-3231                             V  All active transition animations finished
2025-11-21 16:39:07.693  1558-1867  Process                 pid-1558                             I  String at 0: 0x7890202401 = SFMainPolicy
2025-11-21 16:39:07.693  1558-1867  Process                 pid-1558                             I  String at 0: 0x7890202401 = SFRenderEnginePolicy
2025-11-21 16:39:07.693  1558-1867  TranCPUBooster          pid-1558                             D  [setAffinity] Pid:5553 mask:0-7
2025-11-21 16:39:07.697  1558-1636  WindowManager           pid-1558                             I  this = Window{751e5a0 u0 SnapshotStartingWindow for taskId=34}, later than mainWin: Window{1dfd390 u0 com.afwsamples.testdpc/com.afwsamples.testdpc.PolicyManagementActivity}
2025-11-21 16:39:07.701  3644-3644  BLASTBufferQueue        pid-3644                             D  [VRI[QuickstepLauncher]#32](f:0,a:1) destructor()
2025-11-21 16:39:07.701  3644-3644  BufferQueueConsumer     pid-3644                             D  [VRI[QuickstepLauncher]#32(BLAST Consumer)32](id:e3c00000024,api:0,p:-1,c:3644) disconnect
2025-11-21 16:39:07.704  1558-3304  UserManagerService      pid-1558                             W  Requested status bar icon for non-badged user 0
2025-11-21 16:39:07.705  1558-1675  WindowManager           pid-1558                             I  this = Window{751e5a0 u0 SnapshotStartingWindow for taskId=34}, later than mainWin: Window{1dfd390 u0 com.afwsamples.testdpc/com.afwsamples.testdpc.PolicyManagementActivity}
2025-11-21 16:39:07.706  1558-1721  mtkpower_client         pid-1558                             I  perf_lock_rel, hdl:4846, tid:1721
2025-11-21 16:39:07.708  1558-1675  WindowManager           pid-1558                             I  this = Window{751e5a0 u0 SnapshotStartingWindow for taskId=34}, later than mainWin: Window{1dfd390 u0 com.afwsamples.testdpc/com.afwsamples.testdpc.PolicyManagementActivity}
2025-11-21 16:39:07.710  1558-1671  WindowManager           pid-1558                             V  Finish Transition (#215): created at 11-21 16:39:07.360 collect-started=0.056ms request-sent=9.422ms started=28.099ms ready=28.064ms sent=35.655ms finished=329.253ms
2025-11-21 16:39:07.710  1558-3304  UserManagerService      pid-1558                             W  Requested status bar icon for non-badged user 0
2025-11-21 16:39:07.713  1558-4999  WindowManager           pid-1558                             I    isAnimating=false  okToAnimate=true  win=Window{751e5a0 u0 SnapshotStartingWindow for taskId=34}
2025-11-21 16:39:07.713  1022-2040  BufferQueueDebug        pid-1022                             I  [Surface(name=751e5a0 SnapshotStartingWindow for taskId=34)/@0x98bd4cb - animation-leash of window_animation#2552](this:0xb40000779be4da68,id:-1,api:0,p:-1,c:-1) BufferQueue core=(1022:/system/bin/surfaceflinger)
2025-11-21 16:39:07.715  1022-1022  BufferQueueDebug        pid-1022                             I  [TranStartingSurface#2542](this:0xb40000779be0c278,id:-1,api:0,p:-1,c:1022) onDestructor()
2025-11-21 16:39:07.715  1558-4999  WindowManager           pid-1558                             D  setParent old=ActivityRecord{4ee6d13 u0 com.afwsamples.testdpc/.PolicyManagementActivity t34},new=null,this window=Window{751e5a0 u0 SnapshotStartingWindow for taskId=34 EXITING},callers=com.android.server.wm.WindowContainer.removeChild:862 com.android.server.wm.ActivityRecord.removeChild:5325 com.android.server.wm.ActivityRecord.removeChild:482 com.android.server.wm.WindowContainer.removeImmediately:932 com.android.server.wm.WindowState.removeImmediately:2565 com.android.server.wm.WindowState.removeIfPossible:2754 
2025-11-21 16:39:07.716  1022-1022  SurfaceFlinger          pid-1022                             I  onHandleDestroyed: name=643eea9 ActivityRecordInputSink com.transsion.XOSLauncher/com.android.launcher3.uioverrides.QuickstepLauncher#2539, layerId=2539, parentId=0
2025-11-21 16:39:07.716  1558-4999  WindowManager           pid-1558                             I    onAnimationFinished on win=Window{751e5a0 u0 SnapshotStartingWindow for taskId=34}
