2025-12-08 05:40:56.388  6691-6691  CompatChangeReporter    com.cdccreditsmart.app               D  Compat change id reported: 352594277; UID 10217; state: ENABLED
2025-12-08 05:40:56.392  6691-6815  FA                      com.cdccreditsmart.app               I  Tag Manager is not found and thus will not be used
2025-12-08 05:40:56.398  6691-6691  CompatChangeReporter    com.cdccreditsmart.app               D  Compat change id reported: 349153669; UID 10217; state: ENABLED
2025-12-08 05:40:56.404  6691-6691  HWUI                    com.cdccreditsmart.app               W  Unknown dataspace 0
2025-12-08 05:40:56.409  6691-6832  HWUI                    com.cdccreditsmart.app               W  Failed to choose config with EGL_SWAP_BEHAVIOR_PRESERVED, retrying without...
2025-12-08 05:40:56.409  6691-6832  HWUI                    com.cdccreditsmart.app               W  Failed to initialize 101010-2 format, error = EGL_SUCCESS
2025-12-08 05:40:56.475  6691-6691  InsetsController        com.cdccreditsmart.app               D  Setting requestedVisibleTypes to -14 (was -9)
2025-12-08 05:40:56.485  6691-6691  Choreographer           com.cdccreditsmart.app               I  Skipped 34 frames!  The application may be doing too much work on its main thread.
2025-12-08 05:40:57.131  6691-6691  CdcForegroundService    com.cdccreditsmart.app               D  📱 Serviço onCreate()
2025-12-08 05:40:57.132  6691-6691  CdcForegroundService    com.cdccreditsmart.app               D  ✅ Canal de notificação criado
2025-12-08 05:40:57.134  6691-6691  CdcForegroundService    com.cdccreditsmart.app               I  ✅ ScreenStateReceiver registrado
2025-12-08 05:40:57.134  6691-6691  CdcForegroundService    com.cdccreditsmart.app               D  🚀 Serviço onStartCommand() - Action: null
2025-12-08 05:40:57.143  6691-6691  CdcForegroundService    com.cdccreditsmart.app               I  ✅ Foreground Service ativo (Android 12+)
2025-12-08 05:40:57.147  6691-6830  CdcForegroundService    com.cdccreditsmart.app               I  🔧 ========================================
2025-12-08 05:40:57.148  6691-6830  CdcForegroundService    com.cdccreditsmart.app               I  🔧 INICIANDO initializeServices()...
2025-12-08 05:40:57.148  6691-6830  CdcForegroundService    com.cdccreditsmart.app               I  🔧 ========================================
2025-12-08 05:40:57.148  6691-6830  CdcForegroundService    com.cdccreditsmart.app               I  🔧 Inicializando serviços base (SettingsGuard, WorkPolicies)...
2025-12-08 05:40:57.148  6691-6830  CdcForegroundService    com.cdccreditsmart.app               I  🏢 ========================================
2025-12-08 05:40:57.148  6691-6830  CdcForegroundService    com.cdccreditsmart.app               I  🏢 APLICANDO POLÍTICAS DE AMBIENTE DE TRABALHO
2025-12-08 05:40:57.148  6691-6830  CdcForegroundService    com.cdccreditsmart.app               I  🏢 ========================================
2025-12-08 05:40:57.149  6691-6830  WorkPolicyManager       com.cdccreditsmart.app               I  
2025-12-08 05:40:57.150  6691-6830  WorkPolicyManager       com.cdccreditsmart.app               I  ╔════════════════════════════════════════════════════════════════╗
2025-12-08 05:40:57.150  6691-6830  WorkPolicyManager       com.cdccreditsmart.app               I  ║  🏢 APLICANDO POLÍTICAS DE AMBIENTE DE TRABALHO                ║
2025-12-08 05:40:57.150  6691-6830  WorkPolicyManager       com.cdccreditsmart.app               I  ║     CDC CREDIT SMART - PROTEÇÃO EMPRESARIAL                    ║
2025-12-08 05:40:57.150  6691-6830  WorkPolicyManager       com.cdccreditsmart.app               I  ╚════════════════════════════════════════════════════════════════╝
2025-12-08 05:40:57.150  6691-6830  WorkPolicyManager       com.cdccreditsmart.app               I  
2025-12-08 05:40:57.158  6691-6830  WorkPolicyManager       com.cdccreditsmart.app               I  📋 STATUS DO DISPOSITIVO:
2025-12-08 05:40:57.158  6691-6830  WorkPolicyManager       com.cdccreditsmart.app               I     Device Owner: ❌ NÃO
2025-12-08 05:40:57.159  6691-6830  WorkPolicyManager       com.cdccreditsmart.app               I     Device Admin: ✅ SIM
2025-12-08 05:40:57.159  6691-6830  WorkPolicyManager       com.cdccreditsmart.app               I  
2025-12-08 05:40:57.159  6691-6830  WorkPolicyManager       com.cdccreditsmart.app               I  ═══════════════════════════════════════════════════════════════
2025-12-08 05:40:57.159  6691-6830  WorkPolicyManager       com.cdccreditsmart.app               I  🛡️ MODO DEVICE ADMIN - PROTEÇÃO PARCIAL
2025-12-08 05:40:57.159  6691-6830  WorkPolicyManager       com.cdccreditsmart.app               I  ═══════════════════════════════════════════════════════════════
2025-12-08 05:40:57.159  6691-6830  WorkPolicyManager       com.cdccreditsmart.app               I  
2025-12-08 05:40:57.159  6691-6830  WorkPolicyManager       com.cdccreditsmart.app               W  ⚠️ LIMITAÇÕES DO DEVICE ADMIN:
2025-12-08 05:40:57.159  6691-6830  WorkPolicyManager       com.cdccreditsmart.app               W     • Não pode bloquear desinstalação completamente
2025-12-08 05:40:57.159  6691-6830  WorkPolicyManager       com.cdccreditsmart.app               W     • Não pode bloquear Factory Reset via Settings
2025-12-08 05:40:57.159  6691-6830  WorkPolicyManager       com.cdccreditsmart.app               W     • Não pode desativar controles do usuário
2025-12-08 05:40:57.159  6691-6830  WorkPolicyManager       com.cdccreditsmart.app               W     • Proteções limitadas às APIs de Device Admin
2025-12-08 05:40:57.159  6691-6830  WorkPolicyManager       com.cdccreditsmart.app               I  
2025-12-08 05:40:57.159  6691-6830  WorkPolicyManager       com.cdccreditsmart.app               I  🔐 [1/4] POLÍTICAS DE SENHA
2025-12-08 05:40:57.159  6691-6830  WorkPolicyManager       com.cdccreditsmart.app               I  ───────────────────────────────────────────────────────────────
2025-12-08 05:40:57.159  6691-6830  WorkPolicyManager       com.cdccreditsmart.app               I     ✅ Políticas de senha configuradas (Device Admin)
2025-12-08 05:40:57.159  6691-6830  WorkPolicyManager       com.cdccreditsmart.app               I  
2025-12-08 05:40:57.159  6691-6830  WorkPolicyManager       com.cdccreditsmart.app               I  📱 [2/4] PROTEÇÕES DE PERSISTÊNCIA
2025-12-08 05:40:57.159  6691-6830  WorkPolicyManager       com.cdccreditsmart.app               I  ───────────────────────────────────────────────────────────────
2025-12-08 05:40:57.160  6691-6830  WorkPolicyManager       com.cdccreditsmart.app               I     ✅ Já isento de otimização de bateria
2025-12-08 05:40:57.160  6691-6830  WorkPolicyManager       com.cdccreditsmart.app               I     ✅ Foreground Service configurado via CdcForegroundService
2025-12-08 05:40:57.160  6691-6830  WorkPolicyManager       com.cdccreditsmart.app               I     ✅ WorkManager health check agendado
2025-12-08 05:40:57.160  6691-6830  WorkPolicyManager       com.cdccreditsmart.app               I  
2025-12-08 05:40:57.160  6691-6830  WorkPolicyManager       com.cdccreditsmart.app               I  🔔 [3/4] MONITORAMENTO
2025-12-08 05:40:57.160  6691-6830  WorkPolicyManager       com.cdccreditsmart.app               I  ───────────────────────────────────────────────────────────────
2025-12-08 05:40:57.160  6691-6830  WorkPolicyManager       com.cdccreditsmart.app               I     ✅ Monitor de desinstalação registrado via broadcast
2025-12-08 05:40:57.160  6691-6830  WorkPolicyManager       com.cdccreditsmart.app               I     ✅ Monitor de pacotes registrado
2025-12-08 05:40:57.160  6691-6830  WorkPolicyManager       com.cdccreditsmart.app               I  
2025-12-08 05:40:57.160  6691-6830  WorkPolicyManager       com.cdccreditsmart.app               I  ⚡ [4/4] PROTEÇÕES ALTERNATIVAS
2025-12-08 05:40:57.160  6691-6830  WorkPolicyManager       com.cdccreditsmart.app               I  ───────────────────────────────────────────────────────────────
2025-12-08 05:40:57.161  6691-6830  WorkPolicyManager       com.cdccreditsmart.app               I     ✅ Device Admin ativo e funcionando
2025-12-08 05:40:57.163  6691-6691  PermissionGateScreen    com.cdccreditsmart.app               I  🔍 VERIFICAÇÃO INICIAL DE PERMISSÕES:
2025-12-08 05:40:57.164  6691-6726  HWUI                    com.cdccreditsmart.app               I  Davey! duration=1208ms; Flags=1, FrameTimelineVsyncId=46329, IntendedVsync=262186833380, Vsync=262753500024, InputEventId=0, HandleInputStart=262764262639, AnimationStart=262764266475, PerformTraversalsStart=262764329702, DrawStart=263312053799, FrameDeadline=262203500046, FrameStartTime=262763664192, FrameInterval=16666666, WorkloadTarget=16666666, SyncQueued=263316253842, SyncStart=263341949404, IssueDrawCommandsStart=263342083064, SwapBuffers=263400295005, FrameCompleted=263420746948, DequeueBufferDuration=2664, QueueBufferDuration=196857, GpuCompleted=263420746948, SwapBuffersCompleted=263403002740, DisplayPresentTime=0, CommandSubmissionCompleted=263400295005, 
2025-12-08 05:40:57.165  6691-6691  PermissionGateScreen    com.cdccreditsmart.app               I     Nível: DEVICE_ADMIN
2025-12-08 05:40:57.165  6691-6691  PermissionGateScreen    com.cdccreditsmart.app               I     Todas concedidas: true
2025-12-08 05:40:57.166  6691-6691  PermissionGateScreen    com.cdccreditsmart.app               I     Bateria isenta: true
2025-12-08 05:40:57.166  6691-6691  PermissionGateScreen    com.cdccreditsmart.app               I     ✅ OK: Administrador do Dispositivo
2025-12-08 05:40:57.166  6691-6691  PermissionGateScreen    com.cdccreditsmart.app               I     ✅ OK: Permissões Básicas
2025-12-08 05:40:57.166  6691-6691  PermissionGateScreen    com.cdccreditsmart.app               I     ✅ OK: Monitoramento de Apps
2025-12-08 05:40:57.167  6691-6691  PermissionGateScreen    com.cdccreditsmart.app               I     ✅ OK: Mostrar Alertas
2025-12-08 05:40:57.167  6691-6691  PermissionGateScreen    com.cdccreditsmart.app               I     ✅ OK: Execução em Segundo Plano
2025-12-08 05:40:57.167  6691-6691  PermissionGateScreen    com.cdccreditsmart.app               I  ✅ TODAS AS PERMISSÕES JÁ CONCEDIDAS - navegando imediatamente
2025-12-08 05:40:57.168  6691-6691  SettingsGuardService    com.cdccreditsmart.app               I  ▶️ Guard RETOMADO após fluxo de permissões
2025-12-08 05:40:57.168  6691-6830  WorkPolicyManager       com.cdccreditsmart.app               I  
2025-12-08 05:40:57.168  6691-6830  WorkPolicyManager       com.cdccreditsmart.app               I  ╔════════════════════════════════════════════════════════════════╗
2025-12-08 05:40:57.168  6691-6830  WorkPolicyManager       com.cdccreditsmart.app               I  ║  📊 RESUMO DAS POLÍTICAS DE TRABALHO                           ║
2025-12-08 05:40:57.168  6691-6830  WorkPolicyManager       com.cdccreditsmart.app               I  ╠════════════════════════════════════════════════════════════════╣
2025-12-08 05:40:57.168  6691-6830  WorkPolicyManager       com.cdccreditsmart.app               I  ║  🔐 Nível de proteção: DEVICE ADMIN
2025-12-08 05:40:57.168  6691-6830  WorkPolicyManager       com.cdccreditsmart.app               I  ║  📋 Políticas aplicadas: 7
2025-12-08 05:40:57.168  6691-6830  WorkPolicyManager       com.cdccreditsmart.app               I  ╠════════════════════════════════════════════════════════════════╣
2025-12-08 05:40:57.168  6691-6830  WorkPolicyManager       com.cdccreditsmart.app               I  ║  ✅ PROTEÇÕES ATIVAS:
2025-12-08 05:40:57.168  6691-6830  WorkPolicyManager       com.cdccreditsmart.app               I  ║     ✅ Políticas de senha configuradas
2025-12-08 05:40:57.168  6691-6830  WorkPolicyManager       com.cdccreditsmart.app               I  ║     ✅ Isenção de otimização de bateria
2025-12-08 05:40:57.168  6691-6830  WorkPolicyManager       com.cdccreditsmart.app               I  ║     ✅ Foreground Service persistente ativado
2025-12-08 05:40:57.168  6691-6830  WorkPolicyManager       com.cdccreditsmart.app               I  ║     ✅ Verificação periódica de saúde agendada
2025-12-08 05:40:57.168  6691-6830  WorkPolicyManager       com.cdccreditsmart.app               I  ║     ✅ Monitor de desinstalação ativado
2025-12-08 05:40:57.168  6691-6830  WorkPolicyManager       com.cdccreditsmart.app               I  ║     ✅ Monitor de mudanças de pacotes ativado
2025-12-08 05:40:57.168  6691-6830  WorkPolicyManager       com.cdccreditsmart.app               I  ║     ✅ Políticas de Device Admin aplicadas
2025-12-08 05:40:57.168  6691-6830  WorkPolicyManager       com.cdccreditsmart.app               I  ╠════════════════════════════════════════════════════════════════╣
2025-12-08 05:40:57.168  6691-6830  WorkPolicyManager       com.cdccreditsmart.app               I  ║  ⚠️ AVISOS:
2025-12-08 05:40:57.168  6691-6830  WorkPolicyManager       com.cdccreditsmart.app               W  ║     ⚠️ Desinstalação: Usuário pode desinstalar (Device Admin não bloqueia)
2025-12-08 05:40:57.168  6691-6830  WorkPolicyManager       com.cdccreditsmart.app               W  ║     ⚠️ Factory Reset: Não bloqueável sem Device Owner
2025-12-08 05:40:57.168  6691-6830  WorkPolicyManager       com.cdccreditsmart.app               W  ║     ⚠️ Recomendação: Ativar Device Owner para proteção máxima
2025-12-08 05:40:57.168  6691-6830  WorkPolicyManager       com.cdccreditsmart.app               I  ╚════════════════════════════════════════════════════════════════╝
2025-12-08 05:40:57.168  6691-6830  WorkPolicyManager       com.cdccreditsmart.app               I  
2025-12-08 05:40:57.171  6691-6830  CdcForegroundService    com.cdccreditsmart.app               I  🏢 Resultado: DEVICE_ADMIN
2025-12-08 05:40:57.171  6691-6830  CdcForegroundService    com.cdccreditsmart.app               I  🏢 Políticas aplicadas: 7/10
2025-12-08 05:40:57.171  6691-6830  CdcForegroundService    com.cdccreditsmart.app               W  🏢 ⚠️ Desinstalação: Usuário pode desinstalar (Device Admin não bloqueia)
2025-12-08 05:40:57.171  6691-6830  CdcForegroundService    com.cdccreditsmart.app               W  🏢 ⚠️ Factory Reset: Não bloqueável sem Device Owner
2025-12-08 05:40:57.171  6691-6830  CdcForegroundService    com.cdccreditsmart.app               W  🏢 ⚠️ Recomendação: Ativar Device Owner para proteção máxima
2025-12-08 05:40:57.171  6691-6830  CdcForegroundService    com.cdccreditsmart.app               I  🏢 ========================================
2025-12-08 05:40:57.171  6691-6830  CdcForegroundService    com.cdccreditsmart.app               I  🛡️ ========================================
2025-12-08 05:40:57.171  6691-6830  CdcForegroundService    com.cdccreditsmart.app               I  🛡️ INICIANDO SETTINGS GUARD (PROTEÇÃO AGRESSIVA)
2025-12-08 05:40:57.171  6691-6830  CdcForegroundService    com.cdccreditsmart.app               I  🛡️ ========================================
2025-12-08 05:40:57.173  6691-6830  AutoPermissionManager   com.cdccreditsmart.app               W  ⚠️ Não é Device Owner - não pode conceder permissões especiais
2025-12-08 05:40:57.188  6691-6830  SettingsGuardService    com.cdccreditsmart.app               I  🛡️ SettingsGuard INICIADO
2025-12-08 05:40:57.188  6691-6830  SettingsGuardService    com.cdccreditsmart.app               I     Modo de proteção: DEVICE_ADMIN
2025-12-08 05:40:57.188  6691-6830  SettingsGuardService    com.cdccreditsmart.app               I     🔐 Device Admin: Proteção AGRESSIVA ativada
2025-12-08 05:40:57.188  6691-6830  SettingsGuardService    com.cdccreditsmart.app               I     📡 Monitorando Settings a cada 600ms
2025-12-08 05:40:57.188  6691-6830  SettingsGuardService    com.cdccreditsmart.app               I     📡 Quando Settings aberto: modo agressivo 400ms
2025-12-08 05:40:57.188  6691-6830  SettingsGuardService    com.cdccreditsmart.app               I  🔍 Iniciando monitoramento ativo de Settings...
2025-12-08 05:40:57.193  6691-6830  SettingsGuardService    com.cdccreditsmart.app               I  📢 Notificação de permissão USAGE_STATS cancelada
2025-12-08 05:40:57.197  6691-6830  CdcForegroundService    com.cdccreditsmart.app               I  🛡️ Guard ativo: true
2025-12-08 05:40:57.197  6691-6830  CdcForegroundService    com.cdccreditsmart.app               I  🛡️ Modo proteção: DEVICE_ADMIN
2025-12-08 05:40:57.197  6691-6830  CdcForegroundService    com.cdccreditsmart.app               I  🛡️ Modo agressivo: false
2025-12-08 05:40:57.197  6691-6830  CdcForegroundService    com.cdccreditsmart.app               I  🛡️ UsageStats: ✅ ATIVO
2025-12-08 05:40:57.197  6691-6830  CdcForegroundService    com.cdccreditsmart.app               I  🛡️ Overlay: ✅ ATIVO
2025-12-08 05:40:57.197  6691-6830  CdcForegroundService    com.cdccreditsmart.app               I  🛡️ ========================================
2025-12-08 05:40:57.206  6691-6691  Choreographer           com.cdccreditsmart.app               I  Skipped 38 frames!  The application may be doing too much work on its main thread.
2025-12-08 05:40:57.283  6691-6691  DeviceOwnerCheckVM      com.cdccreditsmart.app               I  ========================================
2025-12-08 05:40:57.283  6691-6691  DeviceOwnerCheckVM      com.cdccreditsmart.app               I  🔐 Verificando status de Device Owner...
2025-12-08 05:40:57.335  6691-6691  InsetsController        com.cdccreditsmart.app               D  hide(ime(), fromIme=false)
2025-12-08 05:40:57.336  6691-6691  ImeTracker              com.cdccreditsmart.app               I  com.cdccreditsmart.app:97c152cd: onCancelled at PHASE_CLIENT_ALREADY_HIDDEN
2025-12-08 05:40:57.700  6691-6691  InteractionJankMonitor  com.cdccreditsmart.app               W  Initializing without READ_DEVICE_CONFIG permission. enabled=false, interval=1, missedFrameThreshold=3, frameTimeThreshold=64, package=com.cdccreditsmart.app
2025-12-08 05:40:57.765  6691-6829  SecureTokenStorage      com.cdccreditsmart.app               D  EncryptedSharedPreferences initialized successfully
2025-12-08 05:40:57.765  6691-6829  ContractCodeStorage     com.cdccreditsmart.app               D  Retrieving contract code from storage
2025-12-08 05:40:57.785  6691-6691  DeviceUtils             com.cdccreditsmart.app               D  Device Owner check: false
2025-12-08 05:40:57.785  6691-6691  DeviceUtils             com.cdccreditsmart.app               D  Samsung device: false (Manufacturer: Google)
2025-12-08 05:40:57.785  6691-6691  DeviceOwnerCheckVM      com.cdccreditsmart.app               W  ⚠️ MODO DEBUG: Usuário já pulou provisionamento anteriormente
2025-12-08 05:40:57.785  6691-6691  DeviceOwnerCheckVM      com.cdccreditsmart.app               W  ⚠️ Permitindo acesso sem Device Owner (decisão memorizada)
2025-12-08 05:40:57.785  6691-6691  DeviceOwnerCheckVM      com.cdccreditsmart.app               I  ========================================
2025-12-08 05:40:57.832  6691-6691  RouterViewModel         com.cdccreditsmart.app               D  🚀 Iniciando verificação de autenticação...
2025-12-08 05:40:57.834  6691-6830  AuthOrchestrator        com.cdccreditsmart.app               D  🔐 Verificando autenticação...
2025-12-08 05:40:57.840  6691-6830  AuthOrchestrator        com.cdccreditsmart.app               D  🌐 Conectividade: ONLINE
2025-12-08 05:40:57.840  6691-6830  AuthOrchestrator        com.cdccreditsmart.app               D  🔄 ========== AUTO-DISCOVERY INICIADO ==========
2025-12-08 05:40:57.861  6691-6830  DeviceUtils             com.cdccreditsmart.app               E  SecurityException reading IMEI - permission denied (Ask Gemini)
                                                                                                    java.lang.SecurityException: getImeiForSlot: The uid 10217 does not meet the requirements to access device identifiers.
                                                                                                    	at android.os.Parcel.createExceptionOrNull(Parcel.java:3340)
                                                                                                    	at android.os.Parcel.createException(Parcel.java:3324)
                                                                                                    	at android.os.Parcel.readException(Parcel.java:3307)
                                                                                                    	at android.os.Parcel.readException(Parcel.java:3249)
                                                                                                    	at com.android.internal.telephony.ITelephony$Stub$Proxy.getImeiForSlot(ITelephony.java:12518)
                                                                                                    	at android.telephony.TelephonyManager.getImei(TelephonyManager.java:2387)
                                                                                                    	at android.telephony.TelephonyManager.getImei(TelephonyManager.java:2342)
                                                                                                    	at com.cdccreditsmart.app.utils.DeviceUtils.getDeviceImei(DeviceUtils.kt:106)
                                                                                                    	at com.cdccreditsmart.app.auth.AuthenticationOrchestrator.attemptAutoConnection(AuthenticationOrchestrator.kt:117)
                                                                                                    	at com.cdccreditsmart.app.auth.AuthenticationOrchestrator.access$attemptAutoConnection(AuthenticationOrchestrator.kt:29)
                                                                                                    	at com.cdccreditsmart.app.auth.AuthenticationOrchestrator$ensureAuthenticated$2.invokeSuspend(AuthenticationOrchestrator.kt:249)
                                                                                                    	at kotlin.coroutines.jvm.internal.BaseContinuationImpl.resumeWith(ContinuationImpl.kt:34)
                                                                                                    	at kotlinx.coroutines.DispatchedTask.run(DispatchedTask.kt:108)
                                                                                                    	at kotlinx.coroutines.internal.LimitedDispatcher$Worker.run(LimitedDispatcher.kt:115)
                                                                                                    	at kotlinx.coroutines.scheduling.TaskImpl.run(Tasks.kt:103)
                                                                                                    	at kotlinx.coroutines.scheduling.CoroutineScheduler.runSafely(CoroutineScheduler.kt:584)
                                                                                                    	at kotlinx.coroutines.scheduling.CoroutineScheduler$Worker.executeTask(CoroutineScheduler.kt:793)
                                                                                                    	at kotlinx.coroutines.scheduling.CoroutineScheduler$Worker.runWorker(CoroutineScheduler.kt:697)
                                                                                                    	at kotlinx.coroutines.scheduling.CoroutineScheduler$Worker.run(CoroutineScheduler.kt:684)
2025-12-08 05:40:57.861  6691-6830  AuthOrchestrator        com.cdccreditsmart.app               W  ⚠️ IMEI não disponível (permissão negada ou emulador)
2025-12-08 05:40:57.861  6691-6830  AuthOrchestrator        com.cdccreditsmart.app               D     → Fallback para pareamento manual
2025-12-08 05:40:57.861  6691-6830  ContractCodeStorage     com.cdccreditsmart.app               D  Retrieving contract code from storage
2025-12-08 05:40:57.922  6691-6829  ContractCodeStorage     com.cdccreditsmart.app               D  Storage verification: 0 valid, 0 tampered, 7 missing
2025-12-08 05:40:57.922  6691-6829  ContractCodeStorage     com.cdccreditsmart.app               W  No valid contract code found in any location
2025-12-08 05:40:57.923  6691-6829  SecureTokenStorage      com.cdccreditsmart.app               E  ❌ Nenhum identificador MDM disponível!
2025-12-08 05:40:57.923  6691-6829  CdcForegroundService    com.cdccreditsmart.app               I  🔐 AuthToken presente: false
2025-12-08 05:40:57.923  6691-6829  CdcForegroundService    com.cdccreditsmart.app               I  🔐 AuthToken length: 0
2025-12-08 05:40:57.923  6691-6829  CdcForegroundService    com.cdccreditsmart.app               I  🔐 ContractCode presente: false
2025-12-08 05:40:57.923  6691-6829  CdcForegroundService    com.cdccreditsmart.app               I  🔐 ContractCode value: null****
2025-12-08 05:40:57.923  6691-6829  CdcForegroundService    com.cdccreditsmart.app               I  🔐 MDM SerialNumber presente: false
2025-12-08 05:40:57.923  6691-6829  CdcForegroundService    com.cdccreditsmart.app               I  🔐 MDM SerialNumber value: ......
2025-12-08 05:40:57.923  6691-6829  CdcForegroundService    com.cdccreditsmart.app               I  📱 ========================================
2025-12-08 05:40:57.923  6691-6829  CdcForegroundService    com.cdccreditsmart.app               I  📱 AGUARDANDO PAIRING - MDM EM STANDBY
2025-12-08 05:40:57.923  6691-6829  CdcForegroundService    com.cdccreditsmart.app               I  📱 O usuário ainda não fez o pareamento inicial
2025-12-08 05:40:57.923  6691-6829  CdcForegroundService    com.cdccreditsmart.app               I  📱 Serviços MDM serão ativados após inserir código do contrato
2025-12-08 05:40:57.924  6691-6829  CdcForegroundService    com.cdccreditsmart.app               I  📱 NOTA: isMdmInitialized permanece FALSE para permitir reinicialização
2025-12-08 05:40:57.924  6691-6829  CdcForegroundService    com.cdccreditsmart.app               I  📱 ========================================
2025-12-08 05:40:58.023  6691-6830  ContractCodeStorage     com.cdccreditsmart.app               D  Storage verification: 0 valid, 0 tampered, 7 missing
2025-12-08 05:40:58.023  6691-6830  ContractCodeStorage     com.cdccreditsmart.app               W  No valid contract code found in any location
2025-12-08 05:40:58.023  6691-6830  AuthOrchestrator        com.cdccreditsmart.app               D  ❌ Código de pareamento não encontrado - precisa de novo código
2025-12-08 05:40:58.024  6691-6691  RouterViewModel         com.cdccreditsmart.app               D  ❌ Código de pareamento necessário - Ir para QR Scanner
2025-12-08 05:40:59.106  6691-6720  creditsmart.app         com.cdccreditsmart.app               I  Compiler allocated 5042KB to compile void android.view.ViewRootImpl.performTraversals()
2025-12-08 05:40:59.388  6691-6691  InsetsController        com.cdccreditsmart.app               D  show(ime(), fromIme=false)
2025-12-08 05:40:59.389  6691-6691  ImeTracker              com.cdccreditsmart.app               I  com.cdccreditsmart.app:59e548a5: onRequestShow at ORIGIN_CLIENT reason SHOW_SOFT_INPUT_BY_INSETS_API fromUser false
2025-12-08 05:40:59.391  6691-6691  InsetsController        com.cdccreditsmart.app               D  Setting requestedVisibleTypes to -6 (was -14)
2025-12-08 05:40:59.423  6691-6691  ImeTracker              com.cdccreditsmart.app               I  com.cdccreditsmart.app:ba227879: onRequestShow at ORIGIN_CLIENT reason SHOW_SOFT_INPUT fromUser false
2025-12-08 05:40:59.424  6691-6691  InsetsController        com.cdccreditsmart.app               D  show(ime(), fromIme=false)
2025-12-08 05:40:59.424  6691-6691  ImeTracker              com.cdccreditsmart.app               I  com.cdccreditsmart.app:ba227879: onCancelled at PHASE_CLIENT_REPORT_REQUESTED_VISIBLE_TYPES
2025-12-08 05:40:59.426  6691-6691  RemoteInpu...ectionImpl com.cdccreditsmart.app               W  requestCursorUpdates on inactive InputConnection
2025-12-08 05:41:00.731  6691-6691  ImeTracker              com.cdccreditsmart.app               I  com.cdccreditsmart.app:59e548a5: onShown
2025-12-08 05:41:01.322  6691-6691  PairingViewModel        com.cdccreditsmart.app               D  🚀 Iniciando pareamento com código: XV8W****
2025-12-08 05:41:01.323  6691-6691  NetworkConnectivity     com.cdccreditsmart.app               D  ✅ Conectado via WiFi com internet
2025-12-08 05:41:01.323  6691-6691  PairingViewModel        com.cdccreditsmart.app               D  📶 Estado da rede: Conectado via WiFi
2025-12-08 05:41:01.324  6691-6691  PairingViewModel        com.cdccreditsmart.app               D  ✅ Usando autenticação moderna: POST /api/apk/auth
2025-12-08 05:41:01.324  6691-6691  PairingViewModel        com.cdccreditsmart.app               D  ========== APK AUTHENTICATION ==========
2025-12-08 05:41:01.324  6691-6691  PairingViewModel        com.cdccreditsmart.app               D  Pairing Code: [REDACTED]
2025-12-08 05:41:01.324  6691-6691  PairingViewModel        com.cdccreditsmart.app               D  🔐 Tentando conceder permissão READ_PHONE_STATE antes de coletar IMEI...
2025-12-08 05:41:01.324  6691-6691  AutoPermissionManager   com.cdccreditsmart.app               E  ❌ App não é Device Owner - não pode conceder permissão: android.permission.READ_PHONE_STATE
2025-12-08 05:41:01.325  6691-6691  PairingViewModel        com.cdccreditsmart.app               W  ⚠️ Não foi possível conceder READ_PHONE_STATE automaticamente
2025-12-08 05:41:01.325  6691-6691  PairingViewModel        com.cdccreditsmart.app               W     Isso pode ocorrer se o app não estiver provisionado como Device Owner
2025-12-08 05:41:01.326  6691-6691  DeviceInfoManager       com.cdccreditsmart.app               I  ========================================
2025-12-08 05:41:01.326  6691-6691  DeviceInfoManager       com.cdccreditsmart.app               I  📱 Coletando informações de IMEI do dispositivo
2025-12-08 05:41:01.326  6691-6691  DeviceInfoManager       com.cdccreditsmart.app               I  ========================================
2025-12-08 05:41:01.331  6691-6691  DeviceInfoManager       com.cdccreditsmart.app               D  Número de SIMs detectados: 1
2025-12-08 05:41:01.340  6691-6691  DeviceInfoManager       com.cdccreditsmart.app               W  SecurityException no slot 0 (Ask Gemini)
                                                                                                    java.lang.SecurityException: getImeiForSlot: The uid 10217 does not meet the requirements to access device identifiers.
                                                                                                    	at android.os.Parcel.createExceptionOrNull(Parcel.java:3340)
                                                                                                    	at android.os.Parcel.createException(Parcel.java:3324)
                                                                                                    	at android.os.Parcel.readException(Parcel.java:3307)
                                                                                                    	at android.os.Parcel.readException(Parcel.java:3249)
                                                                                                    	at com.android.internal.telephony.ITelephony$Stub$Proxy.getImeiForSlot(ITelephony.java:12518)
                                                                                                    	at android.telephony.TelephonyManager.getImei(TelephonyManager.java:2387)
                                                                                                    	at com.cdccreditsmart.app.device.DeviceInfoManager.getDeviceImeiInfo(DeviceInfoManager.kt:96)
                                                                                                    	at com.cdccreditsmart.app.presentation.pairing.PairingViewModel.stepFallbackClaimByCodeOnly(PairingViewModel.kt:249)
                                                                                                    	at com.cdccreditsmart.app.presentation.pairing.PairingViewModel.access$stepFallbackClaimByCodeOnly(PairingViewModel.kt:48)
                                                                                                    	at com.cdccreditsmart.app.presentation.pairing.PairingViewModel$startHandshake$1.invokeSuspend(PairingViewModel.kt:99)
                                                                                                    	at kotlin.coroutines.jvm.internal.BaseContinuationImpl.resumeWith(ContinuationImpl.kt:34)
                                                                                                    	at kotlinx.coroutines.internal.DispatchedContinuationKt.resumeCancellableWith(DispatchedContinuation.kt:367)
                                                                                                    	at kotlinx.coroutines.intrinsics.CancellableKt.startCoroutineCancellable(Cancellable.kt:30)
                                                                                                    	at kotlinx.coroutines.intrinsics.CancellableKt.startCoroutineCancellable$default(Cancellable.kt:25)
                                                                                                    	at kotlinx.coroutines.CoroutineStart.invoke(CoroutineStart.kt:110)
                                                                                                    	at kotlinx.coroutines.AbstractCoroutine.start(AbstractCoroutine.kt:126)
                                                                                                    	at kotlinx.coroutines.BuildersKt__Builders_commonKt.launch(Builders.common.kt:56)
                                                                                                    	at kotlinx.coroutines.BuildersKt.launch(Unknown Source:1)
                                                                                                    	at kotlinx.coroutines.BuildersKt__Builders_commonKt.launch$default(Builders.common.kt:47)
                                                                                                    	at kotlinx.coroutines.BuildersKt.launch$default(Unknown Source:1)
                                                                                                    	at com.cdccreditsmart.app.presentation.pairing.PairingViewModel.startHandshake(PairingViewModel.kt:81)
                                                                                                    	at com.cdccreditsmart.app.navigation.NavigationKt$CDCNavigation$1$1$5$1$1.invokeSuspend(Navigation.kt:172)
                                                                                                    	at kotlin.coroutines.jvm.internal.BaseContinuationImpl.resumeWith(ContinuationImpl.kt:34)
                                                                                                    	at kotlinx.coroutines.DispatchedTask.run(DispatchedTask.kt:108)
                                                                                                    	at androidx.compose.ui.platform.AndroidUiDispatcher.performTrampolineDispatch(AndroidUiDispatcher.android.kt:81)
                                                                                                    	at androidx.compose.ui.platform.AndroidUiDispatcher.access$performTrampolineDispatch(AndroidUiDispatcher.android.kt:41)
                                                                                                    	at androidx.compose.ui.platform.AndroidUiDispatcher$dispatchCallback$1.run(AndroidUiDispatcher.android.kt:57)
                                                                                                    	at android.os.Handler.handleCallback(Handler.java:995)
                                                                                                    	at android.os.Handler.dispatchMessage(Handler.java:103)
                                                                                                    	at android.os.Looper.loopOnce(Looper.java:248)
                                                                                                    	at android.os.Looper.loop(Looper.java:338)
                                                                                                    	at android.app.ActivityThread.main(ActivityThread.java:9067)
                                                                                                    	at java.lang.reflect.Method.invoke(Native Method)
                                                                                                    	at com.android.internal.os.RuntimeInit$MethodAndArgsCaller.run(RuntimeInit.java:593)
                                                                                                    	at com.android.internal.os.ZygoteInit.main(ZygoteInit.java:932)
2025-12-08 05:41:01.340  6691-6691  DeviceInfoManager       com.cdccreditsmart.app               W  ❌ Nenhum IMEI válido encontrado
2025-12-08 05:41:01.340  6691-6691  DeviceInfoManager       com.cdccreditsmart.app               I  ========================================
2025-12-08 05:41:01.340  6691-6691  PairingViewModel        com.cdccreditsmart.app               W  ⚠️ IMEI não disponível - continuando sem IMEI
2025-12-08 05:41:01.340  6691-6691  PairingViewModel        com.cdccreditsmart.app               D  Sending POST /api/apk/auth...
2025-12-08 05:41:01.340  6691-6691  PairingViewModel        com.cdccreditsmart.app               D  Request - deviceImei: null
2025-12-08 05:41:01.340  6691-6691  PairingViewModel        com.cdccreditsmart.app               D  Request - additionalImeis count: 0
2025-12-08 05:41:01.340  6691-6691  PairingViewModel        com.cdccreditsmart.app               D  Request - imeiStatus: unavailable
2025-12-08 05:41:02.461  6691-6691  Choreographer           com.cdccreditsmart.app               I  Skipped 70 frames!  The application may be doing too much work on its main thread.
2025-12-08 05:41:02.467  6691-7017  okhttp.OkHttpClient     com.cdccreditsmart.app               I  --> POST https://cdccreditsmart.com/api/apk/auth
2025-12-08 05:41:02.467  6691-7017  okhttp.OkHttpClient     com.cdccreditsmart.app               I  Content-Type: application/json; charset=UTF-8
2025-12-08 05:41:02.467  6691-7017  okhttp.OkHttpClient     com.cdccreditsmart.app               I  Content-Length: 46
2025-12-08 05:41:02.467  6691-7017  okhttp.OkHttpClient     com.cdccreditsmart.app               I  {"code":"XV8W5766","imeiStatus":"unavailable"}
2025-12-08 05:41:02.467  6691-7017  okhttp.OkHttpClient     com.cdccreditsmart.app               I  --> END POST (46-byte body)
2025-12-08 05:41:02.513  6691-7021  ProfileInstaller        com.cdccreditsmart.app               D  Installing profile for com.cdccreditsmart.app
2025-12-08 05:41:02.547  6691-6691  InsetsController        com.cdccreditsmart.app               D  hide(ime(), fromIme=false)
2025-12-08 05:41:02.548  6691-6691  ImeTracker              com.cdccreditsmart.app               I  com.cdccreditsmart.app:a67b7077: onRequestHide at ORIGIN_CLIENT reason HIDE_SOFT_INPUT_BY_INSETS_API fromUser false
2025-12-08 05:41:02.549  6691-6691  InsetsController        com.cdccreditsmart.app               D  Setting requestedVisibleTypes to -14 (was -6)
2025-12-08 05:41:02.820  6691-6691  ImeTracker              com.cdccreditsmart.app               I  com.cdccreditsmart.app:2d019055: onCancelled at PHASE_CLIENT_ON_CONTROLS_CHANGED
2025-12-08 05:41:03.188  6691-6819  CompatChangeReporter    com.cdccreditsmart.app               D  Compat change id reported: 312399441; UID 10217; state: ENABLED
2025-12-08 05:41:03.812  6691-7017  okhttp.OkHttpClient     com.cdccreditsmart.app               I  <-- 200 https://cdccreditsmart.com/api/apk/auth (1345ms)
2025-12-08 05:41:03.812  6691-7017  okhttp.OkHttpClient     com.cdccreditsmart.app               I  access-control-allow-credentials: true
2025-12-08 05:41:03.812  6691-7017  okhttp.OkHttpClient     com.cdccreditsmart.app               I  access-control-allow-headers: Origin, X-Requested-With, Content-Type, Accept, Authorization, x-client-key, x-client-token, x-client-secret, cache-control
2025-12-08 05:41:03.812  6691-7017  okhttp.OkHttpClient     com.cdccreditsmart.app               I  access-control-allow-methods: GET, POST, PUT, PATCH, DELETE, OPTIONS
2025-12-08 05:41:03.812  6691-7017  okhttp.OkHttpClient     com.cdccreditsmart.app               I  access-control-allow-origin: *
2025-12-08 05:41:03.812  6691-7017  okhttp.OkHttpClient     com.cdccreditsmart.app               I  access-control-max-age: 86400
2025-12-08 05:41:03.812  6691-7017  okhttp.OkHttpClient     com.cdccreditsmart.app               I  content-length: 999
2025-12-08 05:41:03.812  6691-7017  okhttp.OkHttpClient     com.cdccreditsmart.app               I  content-security-policy: default-src 'self'; script-src 'self' 'unsafe-inline' 'unsafe-eval' https://replit.com; style-src 'self' 'unsafe-inline' https://replit.com; img-src 'self' data: https:; font-src 'self' data: https://replit.com; connect-src 'self';
2025-12-08 05:41:03.813  6691-7017  okhttp.OkHttpClient     com.cdccreditsmart.app               I  content-type: application/json; charset=utf-8
2025-12-08 05:41:03.813  6691-7017  okhttp.OkHttpClient     com.cdccreditsmart.app               I  date: Mon, 08 Dec 2025 08:41:04 GMT
2025-12-08 05:41:03.813  6691-7017  okhttp.OkHttpClient     com.cdccreditsmart.app               I  etag: W/"3e7-YEI9jXJw+6YD112PZxxGaOGIdJU"
2025-12-08 05:41:03.813  6691-7017  okhttp.OkHttpClient     com.cdccreditsmart.app               I  permissions-policy: geolocation=(), microphone=(), camera=()
2025-12-08 05:41:03.813  6691-7017  okhttp.OkHttpClient     com.cdccreditsmart.app               I  referrer-policy: strict-origin-when-cross-origin
2025-12-08 05:41:03.813  6691-7017  okhttp.OkHttpClient     com.cdccreditsmart.app               I  strict-transport-security: max-age=63072000; includeSubDomains
2025-12-08 05:41:03.813  6691-7017  okhttp.OkHttpClient     com.cdccreditsmart.app               I  strict-transport-security: max-age=31536000; includeSubDomains
2025-12-08 05:41:03.813  6691-7017  okhttp.OkHttpClient     com.cdccreditsmart.app               I  x-anti-fraud-protection: active
2025-12-08 05:41:03.813  6691-7017  okhttp.OkHttpClient     com.cdccreditsmart.app               I  x-certificate-pinning-enabled: false
2025-12-08 05:41:03.813  6691-7017  okhttp.OkHttpClient     com.cdccreditsmart.app               I  x-certificate-pinning-status: disabled-for-stability
2025-12-08 05:41:03.813  6691-7017  okhttp.OkHttpClient     com.cdccreditsmart.app               I  x-content-type-options: nosniff
2025-12-08 05:41:03.813  6691-7017  okhttp.OkHttpClient     com.cdccreditsmart.app               I  x-financial-data-protection: enabled
2025-12-08 05:41:03.813  6691-7017  okhttp.OkHttpClient     com.cdccreditsmart.app               I  x-frame-options: DENY
2025-12-08 05:41:03.816  6691-7017  okhttp.OkHttpClient     com.cdccreditsmart.app               I  x-transaction-security-level: maximum
2025-12-08 05:41:03.816  6691-7017  okhttp.OkHttpClient     com.cdccreditsmart.app               I  x-xss-protection: 1; mode=block
2025-12-08 05:41:03.816  6691-7017  okhttp.OkHttpClient     com.cdccreditsmart.app               I  via: 1.1 google
2025-12-08 05:41:03.816  6691-7017  okhttp.OkHttpClient     com.cdccreditsmart.app               I  alt-svc: h3=":443"; ma=2592000,h3-29=":443"; ma=2592000
2025-12-08 05:41:03.817  6691-7017  okhttp.OkHttpClient     com.cdccreditsmart.app               I  {"success":true,"authenticated":true,"authToken":"eyJhbGciOiJIUzI1NiIsInR5cCI6IkpXVCJ9.eyJkZXZpY2VJZCI6ImRldmljZV8xNzY1MTQ4NzcxNDYyXzR0ZXd3NDJwMTE0IiwiYXBrVG9rZW4iOiJYVjhXNTc2NiIsInR5cGUiOiJhcGsiLCJleHBpcmVzSW4iOiIyNGgiLCJpYXQiOjE3NjUxODMyNjQsImV4cCI6MTc2NTI2OTY2NH0.jNHS9CX9bWLwXtHStco-oafFKiVDk94jIEg7XTUF4fw","expiresIn":86400,"expiresAt":"2025-12-09T08:41:04.605Z","device":{"id":"device_1765148771462_4teww42p114","name":"Moto G15 Power","model":"G15 Power","brand":"Motorola","imei":"353104903560533","imeiList":["353104903560533"],"isBlocked":false,"status":"active","blockReason":null,"totalValue":"100.00","installmentValue":"8.99","installmentCount":24,"saleDate":"2025-12-07T23:10:29.075Z"},"customer":{"name":"Marcos Antunes","phone":"85981888810","cpf":"06452784323"},"store":{"name":"Loja Zona Sul","phone":"(11) 77777-9012","email":"zonasul@loja.com"},"paymentSummary":{"total":24,"paid":0,"pending":24,"overdue":0,"totalAmount":100,"paidAmount":0,"pendingAmount":215.76000000000005}}
2025-12-08 05:41:03.817  6691-7017  okhttp.OkHttpClient     com.cdccreditsmart.app               I  <-- END HTTP (999-byte body)
2025-12-08 05:41:03.849  6691-6691  PairingViewModel        com.cdccreditsmart.app               D  Response code: 200
2025-12-08 05:41:03.849  6691-6691  PairingViewModel        com.cdccreditsmart.app               D  Response message: 
2025-12-08 05:41:03.849  6691-6691  PairingViewModel        com.cdccreditsmart.app               D  Response body received
2025-12-08 05:41:03.849  6691-6691  PairingViewModel        com.cdccreditsmart.app               D  ✅ APK Authentication successful!
2025-12-08 05:41:03.849  6691-6691  PairingViewModel        com.cdccreditsmart.app               D  Auth token received, expires in 86400s
2025-12-08 05:41:03.849  6691-6691  PairingViewModel        com.cdccreditsmart.app               D  Device: Motorola G15 Power
2025-12-08 05:41:03.849  6691-6691  PairingViewModel        com.cdccreditsmart.app               D  Device ID: device_1765148771462_4teww42p114
2025-12-08 05:41:03.849  6691-6691  PairingViewModel        com.cdccreditsmart.app               D  Customer: Marcos Antunes
2025-12-08 05:41:03.849  6691-6691  PairingViewModel        com.cdccreditsmart.app               I  📊 DADOS DO BACKEND - CustomerName: 'Marcos Antunes', DeviceModel: 'G15 Power'
2025-12-08 05:41:03.900  6691-6691  SecureTokenStorage      com.cdccreditsmart.app               D  EncryptedSharedPreferences initialized successfully
2025-12-08 05:41:03.904  6691-6691  ContractCodeStorage     com.cdccreditsmart.app               D  Saving contract code to redundant storage
2025-12-08 05:41:03.972  6691-6691  ContractCodeStorage     com.cdccreditsmart.app               D  Saved to EncryptedPrefs
2025-12-08 05:41:04.046  6691-6691  ContractCodeStorage     com.cdccreditsmart.app               D  Successfully saved to file: .cdc_protected_code.enc
2025-12-08 05:41:04.046  6691-6691  ContractCodeStorage     com.cdccreditsmart.app               D  Saved to Protected Storage
2025-12-08 05:41:04.061  6691-6691  ContractCodeStorage     com.cdccreditsmart.app               D  Successfully saved to file: .cdc_contract_b1.enc
2025-12-08 05:41:04.076  6691-6691  ContractCodeStorage     com.cdccreditsmart.app               D  Successfully saved to file: .sys_device_cfg.enc
2025-12-08 05:41:04.097  6691-6691  ContractCodeStorage     com.cdccreditsmart.app               D  Successfully saved to file: .android_secure.enc
2025-12-08 05:41:04.149  6691-6691  ContractCodeStorage     com.cdccreditsmart.app               D  Contract code saved to ALL storage locations
2025-12-08 05:41:04.220  6691-6691  ContractCodeStorage     com.cdccreditsmart.app               D  Verification complete: 7/7 locations valid
2025-12-08 05:41:04.220  6691-6691  SecureTokenStorage      com.cdccreditsmart.app               D  Auth token saved successfully (contract code via ContractCodeStorage, deviceId: device_176...)
2025-12-08 05:41:04.221  6691-6691  SecureTokenStorage      com.cdccreditsmart.app               D  Serial number saved: XV8W57...
2025-12-08 05:41:04.221  6691-6691  PairingViewModel        com.cdccreditsmart.app               D  ℹ️ Nenhum IMEI para armazenar (dispositivo sem telefonia ou erro)
2025-12-08 05:41:04.221  6691-6691  PairingViewModel        com.cdccreditsmart.app               I  🚀 Iniciando CdcForegroundService para MDM...
2025-12-08 05:41:04.222  6691-6691  CdcForegroundService    com.cdccreditsmart.app               I  ✅ Serviço iniciado via startService()
2025-12-08 05:41:04.222  6691-6691  PairingViewModel        com.cdccreditsmart.app               I  🔄 Passando para step3 - CustomerName: 'Marcos Antunes', DeviceModel: 'G15 Power'
2025-12-08 05:41:04.222  6691-6691  PairingViewModel        com.cdccreditsmart.app               D  🔌 step3ConnectWebSocket chamado - CustomerName: 'Marcos Antunes', DeviceModel: 'G15 Power'
2025-12-08 05:41:04.223  6691-6691  PairingViewModel        com.cdccreditsmart.app               D  Registering FCM token with backend...
2025-12-08 05:41:04.227  6691-6691  WebSocketManager        com.cdccreditsmart.app               D  Connecting to WebSocket: wss://cdccreditsmart.com/ws/flow-status
2025-12-08 05:41:04.229  6691-6830  FcmTokenManager         com.cdccreditsmart.app               D  ========== REGISTERING FCM TOKEN WITH BACKEND ==========
2025-12-08 05:41:04.230  6691-6830  FcmTokenManager         com.cdccreditsmart.app               D  Current FCM token retrieved: db1InWgKRSu_8u2T23A6...
2025-12-08 05:41:04.241  6691-6691  CdcForegroundService    com.cdccreditsmart.app               D  🚀 Serviço onStartCommand() - Action: com.cdccreditsmart.app.START_SERVICE
2025-12-08 05:41:04.249  6691-6691  CdcForegroundService    com.cdccreditsmart.app               I  ✅ Foreground Service ativo (Android 12+)
2025-12-08 05:41:04.250  6691-6829  CdcForegroundService    com.cdccreditsmart.app               I  🔧 ========================================
2025-12-08 05:41:04.250  6691-6829  CdcForegroundService    com.cdccreditsmart.app               I  🔧 INICIANDO initializeServices()...
2025-12-08 05:41:04.251  6691-6829  CdcForegroundService    com.cdccreditsmart.app               I  🔧 ========================================
2025-12-08 05:41:04.251  6691-6829  CdcForegroundService    com.cdccreditsmart.app               D  ✅ Serviços base já inicializados
