--------- beginning of crash
--------- beginning of system
--------- beginning of main
2025-12-09 10:19:23.285 16386-16984 SettingsGuardService    com.cdccreditsmart.app               D  ğŸ“‹ Activity check - Full: null, Simple: null
2025-12-09 10:19:23.302 16386-16386 MainActivity            com.cdccreditsmart.app               D  ========== NEW INTENT RECEIVED ==========
2025-12-09 10:19:23.308 16386-16386 ActivityThread          com.cdccreditsmart.app               D  handleResumeActivity#3 r.window=com.android.internal.policy.PhoneWindow@a615a79a.mFinished = falsewillBeVisible = true
2025-12-09 10:19:23.334 16386-16386 BufferQueueConsumer     com.cdccreditsmart.app               D  [](id:400200000001,api:0,p:-1,c:16386) connect: controlledByApp=false
2025-12-09 10:19:23.334 16386-16386 BLASTBufferQueue        com.cdccreditsmart.app               D  [VRI[MainActivity]#1](f:0,a:0) constructor()
2025-12-09 10:19:23.334 16386-16386 BLASTBufferQueue        com.cdccreditsmart.app               D  [VRI[MainActivity]#1](f:0,a:0) update width=1080 height=2436 format=-3 mTransformHint=0
2025-12-09 10:19:23.336 16386-16386 InsetsController        com.cdccreditsmart.app               I  Insets animation onAnimationStart mShow:false, mDurationMs:340, types:statusBars
2025-12-09 10:19:23.478 16386-17006 BLASTBufferQueue        com.cdccreditsmart.app               D  [VRI[MainActivity]#1](f:0,a:1) acquireNextBufferLocked size=1080x2436 mFrameNumber=1 applyTransaction=true mTimestamp=1014650484291(auto) mPendingTransactions.size=0 graphicBufferId=70377334112267 transform=0
2025-12-09 10:19:23.861 16386-16386 InsetsController        com.cdccreditsmart.app               I  Insets animation onAnimationEnd
2025-12-09 10:19:23.903 16386-16984 SettingsGuardService    com.cdccreditsmart.app               D  ğŸ“‹ Activity check - Full: null, Simple: null
2025-12-09 10:19:24.506 16386-16984 SettingsGuardService    com.cdccreditsmart.app               D  ğŸ“‹ Activity check - Full: null, Simple: null
2025-12-09 10:19:25.109 16386-16984 SettingsGuardService    com.cdccreditsmart.app               D  ğŸ“‹ Activity check - Full: null, Simple: null
2025-12-09 10:19:25.712 16386-16984 SettingsGuardService    com.cdccreditsmart.app               D  ğŸ“‹ Activity check - Full: null, Simple: null
2025-12-09 10:19:26.314 16386-16984 SettingsGuardService    com.cdccreditsmart.app               D  ğŸ“‹ Activity check - Full: null, Simple: null
2025-12-09 10:19:26.917 16386-16984 SettingsGuardService    com.cdccreditsmart.app               D  ğŸ“‹ Activity check - Full: null, Simple: null
2025-12-09 10:19:27.520 16386-16984 SettingsGuardService    com.cdccreditsmart.app               D  ğŸ“‹ Activity check - Full: null, Simple: null
2025-12-09 10:19:28.123 16386-16984 SettingsGuardService    com.cdccreditsmart.app               D  ğŸ“‹ Activity check - Full: null, Simple: null
2025-12-09 10:19:28.726 16386-16984 SettingsGuardService    com.cdccreditsmart.app               D  ğŸ“‹ Activity check - Full: null, Simple: null
2025-12-09 10:19:29.186 16386-16386 TextSelection           com.cdccreditsmart.app               D  onUseCache cache=false
2025-12-09 10:19:29.212 16386-16386 TextSelection           com.cdccreditsmart.app               D  onUseCache cache=false
2025-12-09 10:19:29.275 16386-22976 ScrollPolicy            com.cdccreditsmart.app               I  BOOST_KSWAPD; duration: 3000
2025-12-09 10:19:29.278 16386-22976 PowerHalMgrImpl         com.cdccreditsmart.app               I  hdl:835, pid:16386 
2025-12-09 10:19:29.281 16386-22976 PowerHalMgrImpl         com.cdccreditsmart.app               I  hdl:836, pid:16386 
2025-12-09 10:19:29.325 16386-16386 ScrollIdentify          com.cdccreditsmart.app               I  on fling
2025-12-09 10:19:29.332 16386-22976 PowerHalMgrImpl         com.cdccreditsmart.app               I  hdl:838, pid:16386 
2025-12-09 10:19:29.333 16386-16984 SettingsGuardService    com.cdccreditsmart.app               D  ğŸ“‹ Activity check - Full: null, Simple: null
2025-12-09 10:19:29.935 16386-16984 SettingsGuardService    com.cdccreditsmart.app               D  ğŸ“‹ Activity check - Full: null, Simple: null
2025-12-09 10:19:30.409 16386-16386 TextSelection           com.cdccreditsmart.app               D  onUseCache cache=false
2025-12-09 10:19:30.501 16386-16386 InputMethodManager      com.cdccreditsmart.app               D  invalidateInput sessionid: 0
2025-12-09 10:19:30.505 16386-16386 InputMethodManager      com.cdccreditsmart.app               D  invalidateInput sessionid: 0
2025-12-09 10:19:30.508 16386-16386 InsetsController        com.cdccreditsmart.app               D  show(ime(), fromIme=false)
2025-12-09 10:19:30.509 16386-16386 ImeTracker              com.cdccreditsmart.app               I  com.cdccreditsmart.app:2f41af56: onRequestShow at ORIGIN_CLIENT reason SHOW_SOFT_INPUT_BY_INSETS_API fromUser false
2025-12-09 10:19:30.510 16386-16386 TranClassInfo           com.cdccreditsmart.app               D  instance successfully. com.transsion.hubcore.internal.latency.TranLatencyTrackerImpl@230a3fe from com.transsion.hubcore.internal.latency.ITranLatencyTracker
2025-12-09 10:19:30.511 16386-16386 InputMethodManager      com.cdccreditsmart.app               D  showSoftInput() view=androidx.compose.ui.platform.AndroidComposeView{615be0f VFED..... .F....ID 0,0-1080,2436 aid=1073741824} flags=0 reason=SHOW_SOFT_INPUT_BY_INSETS_API
2025-12-09 10:19:30.528 16386-16386 ImeTracker              com.cdccreditsmart.app               I  com.cdccreditsmart.app:90826c58: onRequestShow at ORIGIN_CLIENT reason SHOW_SOFT_INPUT fromUser false
2025-12-09 10:19:30.529 16386-16386 InputMethodManager      com.cdccreditsmart.app               D  showSoftInput() view=androidx.compose.ui.platform.AndroidComposeView{615be0f VFED..... .F...... 0,0-1080,2436 aid=1073741824} flags=0 reason=SHOW_SOFT_INPUT
2025-12-09 10:19:30.554 16386-16984 SettingsGuardService    com.cdccreditsmart.app               D  ğŸ“‹ Activity check - Full: null, Simple: null
2025-12-09 10:19:31.172 16386-16984 SettingsGuardService    com.cdccreditsmart.app               D  ğŸ“‹ Activity check - Full: null, Simple: null
2025-12-09 10:19:31.234 16386-16386 InsetsController        com.cdccreditsmart.app               D  show(ime(), fromIme=true)
2025-12-09 10:19:31.239 16386-16386 InsetsController        com.cdccreditsmart.app               I  Insets animation onAnimationStart mShow:true, mDurationMs:700, types:ime
2025-12-09 10:19:31.240 16386-16386 TranClassInfo           com.cdccreditsmart.app               D  instance successfully. com.transsion.hubcore.internal.jank.TranFrameTrackerImpl@4050e12 from com.transsion.hubcore.internal.jank.ITranFrameTracker
2025-12-09 10:19:31.779 16386-16984 SettingsGuardService    com.cdccreditsmart.app               D  ğŸ“‹ Activity check - Full: null, Simple: null
2025-12-09 10:19:31.948 16386-16386 InsetsController        com.cdccreditsmart.app               I  Insets animation onAnimationEnd
2025-12-09 10:19:31.949 16386-16386 ImeTracker              com.cdccreditsmart.app               I  com.cdccreditsmart.app:90826c58: onShown
2025-12-09 10:19:32.292 16386-22976 ScrollPolicy            com.cdccreditsmart.app               I  BOOST_KSWAPD; duration: 3000
2025-12-09 10:19:32.367 16386-22976 ScrollPolicy            com.cdccreditsmart.app               I  BOOST_KSWAPD; duration: 0
2025-12-09 10:19:32.381 16386-16984 SettingsGuardService    com.cdccreditsmart.app               D  ğŸ“‹ Activity check - Full: null, Simple: null
2025-12-09 10:19:32.383 16386-22976 PowerHalMgrImpl         com.cdccreditsmart.app               I  hdl:849, pid:16386 
2025-12-09 10:19:32.403 16386-16386 InputMethodManager      com.cdccreditsmart.app               D  invalidateInput sessionid: 0
2025-12-09 10:19:32.508 16386-16386 InsetsController        com.cdccreditsmart.app               D  show(ime(), fromIme=true)
2025-12-09 10:19:32.509 16386-16386 ImeTracker              com.cdccreditsmart.app               I  com.cdccreditsmart.app:2d6e9dba: onCancelled at PHASE_CLIENT_APPLY_ANIMATION
2025-12-09 10:19:32.984 16386-16984 SettingsGuardService    com.cdccreditsmart.app               D  ğŸ“‹ Activity check - Full: null, Simple: null
2025-12-09 10:19:33.586 16386-16984 SettingsGuardService    com.cdccreditsmart.app               D  ğŸ“‹ Activity check - Full: null, Simple: null
2025-12-09 10:19:34.187 16386-16984 SettingsGuardService    com.cdccreditsmart.app               D  ğŸ“‹ Activity check - Full: null, Simple: null
2025-12-09 10:19:34.607 16386-16386 InputMethodManager      com.cdccreditsmart.app               D  invalidateInput sessionid: 0
2025-12-09 10:19:34.690 16386-16386 InsetsController        com.cdccreditsmart.app               D  show(ime(), fromIme=true)
2025-12-09 10:19:34.690 16386-16386 ImeTracker              com.cdccreditsmart.app               I  com.cdccreditsmart.app:2b5efbdd: onCancelled at PHASE_CLIENT_APPLY_ANIMATION
2025-12-09 10:19:34.790 16386-16984 SettingsGuardService    com.cdccreditsmart.app               D  ğŸ“‹ Activity check - Full: null, Simple: null
2025-12-09 10:19:35.393 16386-16984 SettingsGuardService    com.cdccreditsmart.app               D  ğŸ“‹ Activity check - Full: null, Simple: null
2025-12-09 10:19:36.003 16386-16984 SettingsGuardService    com.cdccreditsmart.app               D  ğŸ“‹ Activity check - Full: null, Simple: null
2025-12-09 10:19:36.610 16386-16984 SettingsGuardService    com.cdccreditsmart.app               D  ğŸ“‹ Activity check - Full: null, Simple: null
2025-12-09 10:19:37.213 16386-16984 SettingsGuardService    com.cdccreditsmart.app               D  ğŸ“‹ Activity check - Full: null, Simple: null
2025-12-09 10:19:37.379 16386-16386 InputMethodManager      com.cdccreditsmart.app               D  invalidateInput sessionid: 0
2025-12-09 10:19:37.515 16386-16386 InsetsController        com.cdccreditsmart.app               D  show(ime(), fromIme=true)
2025-12-09 10:19:37.516 16386-16386 ImeTracker              com.cdccreditsmart.app               I  com.cdccreditsmart.app:b4d12e2f: onCancelled at PHASE_CLIENT_APPLY_ANIMATION
2025-12-09 10:19:37.815 16386-16984 SettingsGuardService    com.cdccreditsmart.app               D  ğŸ“‹ Activity check - Full: null, Simple: null
2025-12-09 10:19:38.420 16386-16984 SettingsGuardService    com.cdccreditsmart.app               D  ğŸ“‹ Activity check - Full: null, Simple: null
2025-12-09 10:19:39.023 16386-16984 SettingsGuardService    com.cdccreditsmart.app               D  ğŸ“‹ Activity check - Full: null, Simple: null
2025-12-09 10:19:39.626 16386-16984 SettingsGuardService    com.cdccreditsmart.app               D  ğŸ“‹ Activity check - Full: null, Simple: null
2025-12-09 10:19:40.228 16386-16984 SettingsGuardService    com.cdccreditsmart.app               D  ğŸ“‹ Activity check - Full: null, Simple: null
2025-12-09 10:19:40.831 16386-16984 SettingsGuardService    com.cdccreditsmart.app               D  ğŸ“‹ Activity check - Full: null, Simple: null
2025-12-09 10:19:41.441 16386-16984 SettingsGuardService    com.cdccreditsmart.app               D  ğŸ“‹ Activity check - Full: null, Simple: null
2025-12-09 10:19:42.045 16386-16984 SettingsGuardService    com.cdccreditsmart.app               D  ğŸ“‹ Activity check - Full: null, Simple: null
2025-12-09 10:19:42.380 16386-16956 creditsmart.app         com.cdccreditsmart.app               I  Compiler allocated 12MB to compile com.cdccreditsmart.app.protection.SettingsGuardService$SettingsCheckResult com.cdccreditsmart.app.protection.SettingsGuardService.checkSettingsActivity(java.lang.String, java.lang.String)
2025-12-09 10:19:42.444 16386-16386 TextSelection           com.cdccreditsmart.app               D  onUseCache cache=false
2025-12-09 10:19:42.626 16386-16386 PairingViewModel        com.cdccreditsmart.app               D  ğŸš€ Iniciando pareamento com cÃ³digo: XV8W****
2025-12-09 10:19:42.629 16386-16386 NetworkConnectivity     com.cdccreditsmart.app               D  âœ… Conectado via WiFi com internet
2025-12-09 10:19:42.630 16386-16386 PairingViewModel        com.cdccreditsmart.app               D  ğŸ“¶ Estado da rede: Conectado via WiFi
2025-12-09 10:19:42.630 16386-16386 PairingViewModel        com.cdccreditsmart.app               D  âœ… Usando autenticaÃ§Ã£o moderna: POST /api/apk/auth
2025-12-09 10:19:42.630 16386-16386 PairingViewModel        com.cdccreditsmart.app               D  ========== APK AUTHENTICATION ==========
2025-12-09 10:19:42.630 16386-16386 PairingViewModel        com.cdccreditsmart.app               D  Pairing Code: [REDACTED]
2025-12-09 10:19:42.630 16386-16386 PairingViewModel        com.cdccreditsmart.app               D  ğŸ” Tentando conceder permissÃ£o READ_PHONE_STATE antes de coletar IMEI...
2025-12-09 10:19:42.648 16386-16984 SettingsGuardService    com.cdccreditsmart.app               D  ğŸ“‹ Activity check - Full: null, Simple: null
2025-12-09 10:19:42.868 16386-16386 AutoPermissionManager   com.cdccreditsmart.app               I  âœ… PermissÃ£o concedida automaticamente: android.permission.READ_PHONE_STATE
2025-12-09 10:19:42.868 16386-16386 PairingViewModel        com.cdccreditsmart.app               I  âœ… PermissÃ£o READ_PHONE_STATE concedida com sucesso
2025-12-09 10:19:42.869 16386-16386 DeviceInfoManager       com.cdccreditsmart.app               I  ========================================
2025-12-09 10:19:42.869 16386-16386 DeviceInfoManager       com.cdccreditsmart.app               I  ğŸ“± Coletando informaÃ§Ãµes de IMEI do dispositivo
2025-12-09 10:19:42.869 16386-16386 DeviceInfoManager       com.cdccreditsmart.app               I  ========================================
2025-12-09 10:19:42.870 16386-16386 DeviceInfoManager       com.cdccreditsmart.app               D  NÃºmero de SIMs detectados: 3
2025-12-09 10:19:42.884 16386-16386 DeviceInfoManager       com.cdccreditsmart.app               D  âœ… IMEI vÃ¡lido encontrado no slot 0
2025-12-09 10:19:42.886 16386-16386 DeviceInfoManager       com.cdccreditsmart.app               D  âœ… IMEI vÃ¡lido encontrado no slot 1
2025-12-09 10:19:42.888 16386-16386 DeviceInfoManager       com.cdccreditsmart.app               I  âœ… 2 IMEI(s) vÃ¡lido(s) coletado(s)
2025-12-09 10:19:42.889 16386-16386 DeviceInfoManager       com.cdccreditsmart.app               I  ========================================
2025-12-09 10:19:42.890 16386-16386 PairingViewModel        com.cdccreditsmart.app               D  âœ… IMEI capturado: 352096****
2025-12-09 10:19:42.890 16386-16386 PairingViewModel        com.cdccreditsmart.app               D  ğŸ“± Dual-SIM detectado: 1 IMEI(s) adicional(is)
2025-12-09 10:19:42.891 16386-16386 PairingViewModel        com.cdccreditsmart.app               D  Sending POST /api/apk/auth...
2025-12-09 10:19:42.891 16386-16386 PairingViewModel        com.cdccreditsmart.app               D  Request - deviceImei: 352096****
2025-12-09 10:19:42.891 16386-16386 PairingViewModel        com.cdccreditsmart.app               D  Request - additionalImeis count: 1
2025-12-09 10:19:42.891 16386-16386 PairingViewModel        com.cdccreditsmart.app               D  Request - imeiStatus: null
2025-12-09 10:19:43.102 16386-16958 creditsmart.app         com.cdccreditsmart.app               I  Background concurrent mark compact GC freed 9948KB AllocSpace bytes, 47(2072KB) LOS objects, 50% free, 11MB/23MB, paused 2.199ms,2.719ms total 128.111ms
2025-12-09 10:19:43.252 16386-16984 SettingsGuardService    com.cdccreditsmart.app               D  ğŸ“‹ Activity check - Full: null, Simple: null
2025-12-09 10:19:43.327 16386-16386 Choreographer           com.cdccreditsmart.app               I  Skipped 46 frames!  The application may be doing too much work on its main thread.
2025-12-09 10:19:43.365 16386-16386 InsetsController        com.cdccreditsmart.app               D  hide(ime(), fromIme=false)
2025-12-09 10:19:43.366 16386-16386 ImeTracker              com.cdccreditsmart.app               I  com.cdccreditsmart.app:45438834: onRequestHide at ORIGIN_CLIENT reason HIDE_SOFT_INPUT_BY_INSETS_API fromUser false
2025-12-09 10:19:43.366 16386-16386 ImeTracker              com.cdccreditsmart.app               I  com.cdccreditsmart.app:7a443b4: onRequestHide at ORIGIN_CLIENT reason HIDE_SOFT_INPUT_REQUEST_HIDE_WITH_CONTROL fromUser false
2025-12-09 10:19:43.373 16386-16386 InsetsController        com.cdccreditsmart.app               I  Insets animation onAnimationStart mShow:false, mDurationMs:650, types:ime
2025-12-09 10:19:43.381 16386-16386 RemoteInpu...ectionImpl com.cdccreditsmart.app               W  requestCursorUpdates on inactive InputConnection
2025-12-09 10:19:43.449 16386-16386 InsetsController        com.cdccreditsmart.app               D  hide(ime(), fromIme=true)
2025-12-09 10:19:43.449 16386-16386 ImeTracker              com.cdccreditsmart.app               I  com.cdccreditsmart.app:7a443b4: onCancelled at PHASE_CLIENT_APPLY_ANIMATION
2025-12-09 10:19:43.860 16386-16984 SettingsGuardService    com.cdccreditsmart.app               D  ğŸ“‹ Activity check - Full: null, Simple: null
2025-12-09 10:19:44.026 16386-16386 InsetsController        com.cdccreditsmart.app               I  Insets animation onAnimationEnd
2025-12-09 10:19:44.027 16386-16386 ImeTracker              com.cdccreditsmart.app               I  com.cdccreditsmart.app:7a12ffb1: onRequestHide at ORIGIN_CLIENT reason HIDE_SOFT_INPUT_ON_ANIMATION_STATE_CHANGED fromUser false
2025-12-09 10:19:44.028 16386-16386 ImeTracker              com.cdccreditsmart.app               I  com.cdccreditsmart.app:45438834: onHidden
2025-12-09 10:19:44.115 16386-16386 PairingViewModel        com.cdccreditsmart.app               D  Response code: 200
2025-12-09 10:19:44.115 16386-16386 PairingViewModel        com.cdccreditsmart.app               D  Response message: 
2025-12-09 10:19:44.115 16386-16386 PairingViewModel        com.cdccreditsmart.app               D  Response body received
2025-12-09 10:19:44.115 16386-16386 PairingViewModel        com.cdccreditsmart.app               D  âœ… APK Authentication successful!
2025-12-09 10:19:44.115 16386-16386 PairingViewModel        com.cdccreditsmart.app               D  Auth token received, expires in 86400s
2025-12-09 10:19:44.115 16386-16386 PairingViewModel        com.cdccreditsmart.app               D  Device: Motorola G15 Power
2025-12-09 10:19:44.115 16386-16386 PairingViewModel        com.cdccreditsmart.app               D  Device ID: device_1765148771462_4teww42p114
2025-12-09 10:19:44.115 16386-16386 PairingViewModel        com.cdccreditsmart.app               D  Customer: Marcos Antunes
2025-12-09 10:19:44.115 16386-16386 PairingViewModel        com.cdccreditsmart.app               I  ğŸ“Š DADOS DO BACKEND - CustomerName: 'Marcos Antunes', DeviceModel: 'G15 Power'
2025-12-09 10:19:44.190 16386-16386 SecureTokenStorage      com.cdccreditsmart.app               D  EncryptedSharedPreferences initialized successfully
2025-12-09 10:19:44.191 16386-16386 ContractCodeStorage     com.cdccreditsmart.app               D  Saving contract code to redundant storage
2025-12-09 10:19:44.255 16386-16386 ContractCodeStorage     com.cdccreditsmart.app               D  Saved to EncryptedPrefs
2025-12-09 10:19:44.355 16386-16386 ContractCodeStorage     com.cdccreditsmart.app               D  Successfully saved to file: .cdc_protected_code.enc
2025-12-09 10:19:44.355 16386-16386 ContractCodeStorage     com.cdccreditsmart.app               D  Saved to Protected Storage
2025-12-09 10:19:44.385 16386-16386 ContractCodeStorage     com.cdccreditsmart.app               D  Successfully saved to file: .cdc_contract_b1.enc
2025-12-09 10:19:44.413 16386-16386 ContractCodeStorage     com.cdccreditsmart.app               D  Successfully saved to file: .sys_device_cfg.enc
2025-12-09 10:19:44.458 16386-16386 ContractCodeStorage     com.cdccreditsmart.app               D  Successfully saved to file: .android_secure.enc
2025-12-09 10:19:44.465 16386-16984 SettingsGuardService    com.cdccreditsmart.app               D  ğŸ“‹ Activity check - Full: null, Simple: null
2025-12-09 10:19:44.491 16386-16386 ContractCodeStorage     com.cdccreditsmart.app               D  Contract code saved to ALL storage locations
2025-12-09 10:19:44.643 16386-16386 ContractCodeStorage     com.cdccreditsmart.app               D  Verification complete: 7/7 locations valid
2025-12-09 10:19:44.643 16386-16386 SecureTokenStorage      com.cdccreditsmart.app               D  Auth token saved successfully (contract code via ContractCodeStorage, deviceId: device_176...)
2025-12-09 10:19:44.644 16386-16386 SecureTokenStorage      com.cdccreditsmart.app               D  Serial number saved: XV8W57...
2025-12-09 10:19:44.644 16386-16386 SecureTokenStorage      com.cdccreditsmart.app               I  âœ… IMEI salvo para MDM: 3520***365
2025-12-09 10:19:44.645 16386-16386 SecureTokenStorage      com.cdccreditsmart.app               I  âœ… 2 IMEI(s) validado(s) e armazenado(s) com hash SHA-256
2025-12-09 10:19:44.645 16386-16386 PairingViewModel        com.cdccreditsmart.app               I  âœ… 2 IMEI(s) validado(s) e armazenado(s) com seguranÃ§a
2025-12-09 10:19:44.645 16386-16386 PairingViewModel        com.cdccreditsmart.app               I  ğŸš€ Iniciando CdcForegroundService para MDM...
2025-12-09 10:19:44.648 16386-16386 CdcForegroundService    com.cdccreditsmart.app               I  âœ… ServiÃ§o iniciado via startService()
2025-12-09 10:19:44.648 16386-16386 PairingViewModel        com.cdccreditsmart.app               I  ğŸ”„ Passando para step3 - CustomerName: 'Marcos Antunes', DeviceModel: 'G15 Power'
2025-12-09 10:19:44.648 16386-16386 PairingViewModel        com.cdccreditsmart.app               D  ğŸ”Œ step3ConnectWebSocket chamado - CustomerName: 'Marcos Antunes', DeviceModel: 'G15 Power'
2025-12-09 10:19:44.648 16386-16386 PairingViewModel        com.cdccreditsmart.app               D  Registering FCM token with backend...
2025-12-09 10:19:44.651 16386-16984 FcmTokenManager         com.cdccreditsmart.app               D  ========== REGISTERING FCM TOKEN WITH BACKEND ==========
2025-12-09 10:19:44.652 16386-16386 WebSocketManager        com.cdccreditsmart.app               D  Connecting to WebSocket: wss://cdccreditsmart.com/ws/flow-status
2025-12-09 10:19:44.654 16386-16386 Choreographer           com.cdccreditsmart.app               I  Skipped 64 frames!  The application may be doing too much work on its main thread.
2025-12-09 10:19:44.655 16386-16984 FcmTokenManager         com.cdccreditsmart.app               D  Current FCM token retrieved: dGzHQ9BiSqi4KT139K5F...
2025-12-09 10:19:44.662 16386-16386 CdcForegroundService    com.cdccreditsmart.app               D  ğŸš€ ServiÃ§o onStartCommand() - Action: com.cdccreditsmart.app.START_SERVICE
2025-12-09 10:19:44.669 16386-16386 CdcForegroundService    com.cdccreditsmart.app               I  âœ… Foreground Service ativo (Android 12+)
2025-12-09 10:19:44.671 16386-16983 CdcForegroundService    com.cdccreditsmart.app               I  ğŸ”§ ========================================
2025-12-09 10:19:44.672 16386-16983 CdcForegroundService    com.cdccreditsmart.app               I  ğŸ”§ INICIANDO initializeServices()...
2025-12-09 10:19:44.672 16386-16983 CdcForegroundService    com.cdccreditsmart.app               I  ğŸ”§ ========================================
2025-12-09 10:19:44.672 16386-16983 CdcForegroundService    com.cdccreditsmart.app               D  âœ… ServiÃ§os base jÃ¡ inicializados
2025-12-09 10:19:44.825 16386-16984 SecureTokenStorage      com.cdccreditsmart.app               D  EncryptedSharedPreferences initialized successfully
2025-12-09 10:19:44.829 16386-16984 FcmTokenManager         com.cdccreditsmart.app               D  Sending FCM token to backend (payload: {"fcmToken": "dGzHQ9BiSqi4KT139K5F..."})
2025-12-09 10:19:44.830 16386-16984 FcmTokenManager         com.cdccreditsmart.app               D  Sending POST https://cdccreditsmart.com/api/apk/device/fcm-token...
2025-12-09 10:19:45.069 16386-16982 SettingsGuardService    com.cdccreditsmart.app               D  ğŸ“‹ Activity check - Full: null, Simple: null
2025-12-09 10:19:45.258 16386-16982 SecureTokenStorage      com.cdccreditsmart.app               D  EncryptedSharedPreferences initialized successfully
2025-12-09 10:19:45.259 16386-16982 ContractCodeStorage     com.cdccreditsmart.app               D  Retrieving contract code from storage
2025-12-09 10:19:45.589 16386-16982 ContractCodeStorage     com.cdccreditsmart.app               D  Storage verification: 7 valid, 0 tampered, 0 missing
2025-12-09 10:19:45.590 16386-16982 ContractCodeStorage     com.cdccreditsmart.app               D  Contract code retrieved successfully
2025-12-09 10:19:45.591 16386-16982 SecureTokenStorage      com.cdccreditsmart.app               D  âœ… Usando IMEI para MDM: 3520***365
2025-12-09 10:19:45.591 16386-16982 CdcForegroundService    com.cdccreditsmart.app               I  ğŸ” AuthToken presente: true
2025-12-09 10:19:45.591 16386-16982 CdcForegroundService    com.cdccreditsmart.app               I  ğŸ” AuthToken length: 260
2025-12-09 10:19:45.591 16386-16982 CdcForegroundService    com.cdccreditsmart.app               I  ğŸ” ContractCode presente: true
2025-12-09 10:19:45.591 16386-16982 CdcForegroundService    com.cdccreditsmart.app               I  ğŸ” ContractCode value: XV8W****
2025-12-09 10:19:45.591 16386-16982 CdcForegroundService    com.cdccreditsmart.app               I  ğŸ” MDM SerialNumber presente: true
2025-12-09 10:19:45.591 16386-16982 CdcForegroundService    com.cdccreditsmart.app               I  ğŸ” MDM SerialNumber value: 35209632...
2025-12-09 10:19:45.591 16386-16982 CdcForegroundService    com.cdccreditsmart.app               I  ğŸ”§ ========================================
2025-12-09 10:19:45.591 16386-16982 CdcForegroundService    com.cdccreditsmart.app               I  ğŸ”§ INICIALIZANDO MDM COM SERIAL NUMBER: 35209632...
2025-12-09 10:19:45.591 16386-16982 CdcForegroundService    com.cdccreditsmart.app               I  ğŸ”§ ========================================
2025-12-09 10:19:45.591 16386-16982 CdcForegroundService    com.cdccreditsmart.app               I  ğŸ” Tokens encontrados - inicializando serviÃ§os MDM
2025-12-09 10:19:45.591 16386-16982 CdcForegroundService    com.cdccreditsmart.app               D  ğŸ“¡ Criando MdmCommandReceiver (usando serialNumber do SecureTokenStorage)...
2025-12-09 10:19:45.592 16386-16982 MdmCommandReceiver      com.cdccreditsmart.app               D  âœ… Foreground service reference set for WakeLock management
2025-12-09 10:19:45.593 16386-16982 CdcForegroundService    com.cdccreditsmart.app               D  ğŸ”‹ Foreground service reference passada para MdmCommandReceiver
2025-12-09 10:19:45.593 16386-16982 CdcForegroundService    com.cdccreditsmart.app               I  ğŸ’“ ========================================
2025-12-09 10:19:45.593 16386-16982 CdcForegroundService    com.cdccreditsmart.app               I  ğŸ’“ INICIANDO HEARTBEAT MANAGER (60s)
2025-12-09 10:19:45.593 16386-16982 CdcForegroundService    com.cdccreditsmart.app               I  ğŸ’“ ========================================
2025-12-09 10:19:45.593 16386-16982 HeartbeatManager        com.cdccreditsmart.app               I  ğŸ’“ ========================================
2025-12-09 10:19:45.593 16386-16982 HeartbeatManager        com.cdccreditsmart.app               I  ğŸ’“ INICIANDO HEARTBEAT MANAGER (60s)
2025-12-09 10:19:45.593 16386-16982 HeartbeatManager        com.cdccreditsmart.app               I  ğŸ’“ ========================================
2025-12-09 10:19:45.593 16386-16982 HeartbeatManager        com.cdccreditsmart.app               I  ğŸ’“ Intervalo: 60 segundos
2025-12-09 10:19:45.593 16386-16982 HeartbeatManager        com.cdccreditsmart.app               I  ğŸ’“ Endpoint: POST /api/apk/device/heartbeat
2025-12-09 10:19:45.594 16386-16982 CdcForegroundService    com.cdccreditsmart.app               I  ğŸ’“ HeartbeatManager iniciado ANTES do WebSocket
2025-12-09 10:19:45.594 16386-16982 CdcForegroundService    com.cdccreditsmart.app               I  ğŸ“¡ ========================================
2025-12-09 10:19:45.594 16386-16982 CdcForegroundService    com.cdccreditsmart.app               I  ğŸ“¡ CONECTANDO WebSocket MDM...
2025-12-09 10:19:45.594 16386-16982 CdcForegroundService    com.cdccreditsmart.app               I  ğŸ“¡ ========================================
2025-12-09 10:19:45.594 16386-16982 CdcForegroundService    com.cdccreditsmart.app               I  ğŸ“¡ AuthToken length: 260 caracteres
2025-12-09 10:19:45.594 16386-16982 CdcForegroundService    com.cdccreditsmart.app               I  ğŸ“¡ AuthToken preview: eyJhbGciOiJIUzI1NiIs...
2025-12-09 10:19:45.594 16386-16982 CdcForegroundService    com.cdccreditsmart.app               I  ğŸ“¡ Contract code: XV8W5766
2025-12-09 10:19:45.594 16386-16982 CdcForegroundService    com.cdccreditsmart.app               I  ğŸ“¡ Chamando mdmReceiver.connectMdmWebSocket()...
2025-12-09 10:19:45.597 16386-16983 HeartbeatManager        com.cdccreditsmart.app               I  ğŸ’“ Enviando heartbeat IMEDIATO...
2025-12-09 10:19:45.660 16386-16984 FcmTokenManager         com.cdccreditsmart.app               D  Response code: 200
2025-12-09 10:19:45.660 16386-16984 FcmTokenManager         com.cdccreditsmart.app               D  âœ… FCM token registered successfully
2025-12-09 10:19:45.660 16386-16984 FcmTokenManager         com.cdccreditsmart.app               D  Response: {"success":true,"message":"FCM token registrado com sucesso"}
2025-12-09 10:19:45.661 16386-16984 PairingViewModel        com.cdccreditsmart.app               D  âœ… FCM token registered successfully
2025-12-09 10:19:45.672 16386-16984 SettingsGuardService    com.cdccreditsmart.app               D  ğŸ“‹ Activity check - Full: null, Simple: null
2025-12-09 10:19:45.689 16386-16982 SecureTokenStorage      com.cdccreditsmart.app               D  EncryptedSharedPreferences initialized successfully
2025-12-09 10:19:45.689 16386-16982 SecureTokenStorage      com.cdccreditsmart.app               D  âœ… Usando IMEI para MDM: 3520***365
2025-12-09 10:19:45.690 16386-16982 MdmCommandReceiver      com.cdccreditsmart.app               I  ğŸ”— ========================================
2025-12-09 10:19:45.690 16386-16982 MdmCommandReceiver      com.cdccreditsmart.app               I  ğŸ”— INICIANDO CONEXÃƒO WEBSOCKET MDM
2025-12-09 10:19:45.690 16386-16982 MdmCommandReceiver      com.cdccreditsmart.app               I  ğŸ”— ========================================
2025-12-09 10:19:45.690 16386-16982 MdmCommandReceiver      com.cdccreditsmart.app               I  ğŸ”— URL base: wss://cdccreditsmart.com/ws/mdm-policies
2025-12-09 10:19:45.690 16386-16982 MdmCommandReceiver      com.cdccreditsmart.app               I  ğŸ”— JWT Token presente: true
2025-12-09 10:19:45.690 16386-16982 MdmCommandReceiver      com.cdccreditsmart.app               I  ğŸ”— JWT Token length: 260
2025-12-09 10:19:45.690 16386-16982 MdmCommandReceiver      com.cdccreditsmart.app               I  ğŸ”— JWT Token preview: eyJhbGciOiJIUzI1NiIsInR5cCI6Ik...
2025-12-09 10:19:45.690 16386-16982 MdmCommandReceiver      com.cdccreditsmart.app               I  ğŸ”— Device identifier: 352096325698365
2025-12-09 10:19:45.690 16386-16982 MdmCommandReceiver      com.cdccreditsmart.app               D  ğŸ”— Criando WebSocket OkHttp...
2025-12-09 10:19:45.690 16386-16982 MdmCommandReceiver      com.cdccreditsmart.app               I  ğŸ”„ Iniciando polling IMEDIATAMENTE (nÃ£o esperar WebSocket)
2025-12-09 10:19:45.691 16386-24836 MdmCommandReceiver      com.cdccreditsmart.app               I  ğŸ”„ ========================================
2025-12-09 10:19:45.691 16386-24836 MdmCommandReceiver      com.cdccreditsmart.app               I  ğŸ”„ INICIANDO POLLING FALLBACK MDM
2025-12-09 10:19:45.691 16386-24836 MdmCommandReceiver      com.cdccreditsmart.app               I  ğŸ”„ ========================================
2025-12-09 10:19:45.691 16386-24836 MdmCommandReceiver      com.cdccreditsmart.app               I  ğŸ”„ Intervalo: 30 segundos
2025-12-09 10:19:45.691 16386-24836 MdmCommandReceiver      com.cdccreditsmart.app               I  ğŸ”„ Endpoint: GET /api/apk/device/{identifier}/commands
2025-12-09 10:19:45.691 16386-24836 MdmCommandReceiver      com.cdccreditsmart.app               I  ğŸ”„ Executando verificaÃ§Ã£o IMEDIATA de comandos...
2025-12-09 10:19:45.693 16386-16982 MdmCommandReceiver      com.cdccreditsmart.app               D  ğŸ”— WebSocket request enviado - aguardando resposta...
2025-12-09 10:19:45.693 16386-16982 CdcForegroundService    com.cdccreditsmart.app               I  ğŸ“¡ ========================================
2025-12-09 10:19:45.693 16386-16982 CdcForegroundService    com.cdccreditsmart.app               I  ğŸ“¡ connectMdmWebSocket() CHAMADO - Aguardando conexÃ£o...
2025-12-09 10:19:45.693 16386-16982 CdcForegroundService    com.cdccreditsmart.app               I  ğŸ“¡ PrÃ³ximo log esperado: 'âœ… WebSocket MDM CONECTADO'
2025-12-09 10:19:45.693 16386-16982 CdcForegroundService    com.cdccreditsmart.app               I  ğŸ“¡ ========================================
2025-12-09 10:19:45.693 16386-16982 CdcForegroundService    com.cdccreditsmart.app               D  ğŸ“¡ Criando WebSocketManager (flow-status)...
2025-12-09 10:19:45.693 16386-16982 WebSocketManager        com.cdccreditsmart.app               D  Connecting to WebSocket: wss://cdccreditsmart.com/ws/flow-status
2025-12-09 10:19:45.694 16386-24836 SecureTokenStorage      com.cdccreditsmart.app               D  âœ… Usando IMEI para MDM: 3520***365
2025-12-09 10:19:45.694 16386-24836 MdmCommandReceiver      com.cdccreditsmart.app               I  ğŸ” ========================================
2025-12-09 10:19:45.694 16386-24836 MdmCommandReceiver      com.cdccreditsmart.app               I  ğŸ” BUSCANDO COMANDOS PENDENTES
2025-12-09 10:19:45.694 16386-24836 MdmCommandReceiver      com.cdccreditsmart.app               I  ğŸ” ========================================
2025-12-09 10:19:45.694 16386-24836 MdmCommandReceiver      com.cdccreditsmart.app               I  ğŸ” Identifier: 352096325698365
2025-12-09 10:19:45.694 16386-24836 MdmCommandReceiver      com.cdccreditsmart.app               I  ğŸ” Endpoint: GET /api/apk/device/352096325698365/commands
2025-12-09 10:19:45.694 16386-16982 CdcForegroundService    com.cdccreditsmart.app               I  ğŸ“¡ WebSocketManager inicializado
2025-12-09 10:19:45.694 16386-16982 CdcForegroundService    com.cdccreditsmart.app               I  ğŸ’¡ Overlay automÃ¡tico: PeriodicOverlayWorker (a cada 10min)
2025-12-09 10:19:45.695 16386-24836 MdmCommandReceiver      com.cdccreditsmart.app               D  ğŸ” Executando requisiÃ§Ã£o HTTP (timeout: 15s)...
2025-12-09 10:19:45.695 16386-16982 HeartbeatWorker         com.cdccreditsmart.app               I  âœ… Heartbeat OTIMIZADO agendado via WorkManager
2025-12-09 10:19:45.695 16386-16982 HeartbeatWorker         com.cdccreditsmart.app               I     ğŸ“Š Intervalo: 60min (reduÃ§Ã£o de 75% vs 15min)
2025-12-09 10:19:45.695 16386-16982 HeartbeatWorker         com.cdccreditsmart.app               I     ğŸ¯ Economia: ~72 requisiÃ§Ãµes/dia por dispositivo
2025-12-09 10:19:45.696 16386-16982 IconProtectionWorker    com.cdccreditsmart.app               I  ğŸ“Œ IconProtectionWorker agendado (15 min)
2025-12-09 10:19:45.696 16386-16982 IconProtectionWorker    com.cdccreditsmart.app               I  ğŸ“Œ IconProtectionWorker executando agora
2025-12-09 10:19:45.696 16386-16982 CdcForegroundService    com.cdccreditsmart.app               I  ğŸ“Œ Worker de proteÃ§Ã£o do Ã­cone agendado e executando
2025-12-09 10:19:45.696 16386-16982 BlockingNotifWorker     com.cdccreditsmart.app               I  ğŸ“… Agendando verificaÃ§Ã£o de notificaÃ§Ãµes de bloqueio...
2025-12-09 10:19:45.697 16386-16982 BlockingNotifWorker     com.cdccreditsmart.app               I  âœ… Worker agendado para executar a cada 6h
2025-12-09 10:19:45.697 16386-16982 CdcForegroundService    com.cdccreditsmart.app               I  ğŸ“± Worker de notificaÃ§Ãµes de bloqueio agendado
2025-12-09 10:19:45.697 16386-16982 CdcForegroundService    com.cdccreditsmart.app               I  ğŸ”’ ========================================
2025-12-09 10:19:45.697 16386-16982 CdcForegroundService    com.cdccreditsmart.app               I  ğŸ”’ VERIFICANDO STUB PARA PERSISTÃŠNCIA
2025-12-09 10:19:45.697 16386-16982 CdcForegroundService    com.cdccreditsmart.app               I  ğŸ”’ ========================================
2025-12-09 10:19:45.699 16386-16982 StubManager             com.cdccreditsmart.app               D  Stub is NOT installed
2025-12-09 10:19:45.751 16386-16983 SecureTokenStorage      com.cdccreditsmart.app               D  EncryptedSharedPreferences initialized successfully
2025-12-09 10:19:45.754 16386-16983 HeartbeatManager        com.cdccreditsmart.app               D  ğŸ’“ Usando authToken (fallback)
2025-12-09 10:19:45.759 16386-16983 HeartbeatManager        com.cdccreditsmart.app               D  ğŸ’“ Payload do heartbeat:
2025-12-09 10:19:45.759 16386-16983 HeartbeatManager        com.cdccreditsmart.app               D     deviceToken: eyJhbGciOiJIUzI1NiIs...
2025-12-09 10:19:45.759 16386-16983 HeartbeatManager        com.cdccreditsmart.app               D     currentBlockLevel: 0
2025-12-09 10:19:45.759 16386-16983 HeartbeatManager        com.cdccreditsmart.app               D     batteryLevel: 54
2025-12-09 10:19:45.759 16386-16983 HeartbeatManager        com.cdccreditsmart.app               D     isCharging: true
2025-12-09 10:19:45.759 16386-16983 HeartbeatManager        com.cdccreditsmart.app               D     currentSimImei: 352096...
2025-12-09 10:19:45.851 16386-24845 IconProtectionWorker    com.cdccreditsmart.app               D  ğŸ” Verificando proteÃ§Ã£o do Ã­cone...
2025-12-09 10:19:45.861 16386-24845 LauncherIconProtector   com.cdccreditsmart.app               I  ğŸ“Œ Atalho nÃ£o encontrado - criando novo...
2025-12-09 10:19:45.894 16386-16982 SecureTokenStorage      com.cdccreditsmart.app               D  EncryptedSharedPreferences initialized successfully
2025-12-09 10:19:45.913 16386-16982 ContractCodeStorage     com.cdccreditsmart.app               D  Retrieving contract code from storage
2025-12-09 10:19:45.935 16386-24820 SecureTokenStorage      com.cdccreditsmart.app               D  EncryptedSharedPreferences initialized successfully
2025-12-09 10:19:45.979 16386-24845 LauncherIconProtector   com.cdccreditsmart.app               I  âœ… SolicitaÃ§Ã£o de atalho enviada ao launcher
2025-12-09 10:19:45.979 16386-24845 LauncherIconProtector   com.cdccreditsmart.app               I  ğŸ“Š Ãcone restaurado 1 vezes
2025-12-09 10:19:45.979 16386-24845 IconProtectionWorker    com.cdccreditsmart.app               I  ğŸ“Š EstatÃ­sticas: Ã­cone restaurado 1 vezes
2025-12-09 10:19:45.980 16386-24845 IconProtectionWorker    com.cdccreditsmart.app               D  âœ… VerificaÃ§Ã£o de Ã­cone concluÃ­da
2025-12-09 10:19:46.020 16386-16994 WM-WorkerWrapper        com.cdccreditsmart.app               I  Worker result SUCCESS for Work [ id=c86607f6-6815-48e8-ae72-6bc40fd1211a, tags={ com.cdccreditsmart.app.workers.IconProtectionWorker } ]
2025-12-09 10:19:46.054 16386-16958 creditsmart.app         com.cdccreditsmart.app               I  Background concurrent mark compact GC freed 5808KB AllocSpace bytes, 181(6548KB) LOS objects, 49% free, 13MB/27MB, paused 1.333ms,1.560ms total 200.513ms
2025-12-09 10:19:46.287 16386-16983 SettingsGuardService    com.cdccreditsmart.app               D  ğŸ“‹ Activity check - Full: null, Simple: null
2025-12-09 10:19:46.365 16386-24835 WebSocketManager        com.cdccreditsmart.app               D  WebSocket connection opened
2025-12-09 10:19:46.365 16386-24835 WebSocketManager        com.cdccreditsmart.app               D  WebSocket connected for contract: XV8W5766
2025-12-09 10:19:46.365 16386-24835 WebSocketManager        com.cdccreditsmart.app               D  Starting heartbeat
2025-12-09 10:19:46.407 16386-24840 WebSocketManager        com.cdccreditsmart.app               D  WebSocket connection opened
2025-12-09 10:19:46.407 16386-24840 WebSocketManager        com.cdccreditsmart.app               D  WebSocket connected for contract: XV8W5766
2025-12-09 10:19:46.407 16386-24840 WebSocketManager        com.cdccreditsmart.app               D  Starting heartbeat
2025-12-09 10:19:46.427 16386-24839 MdmCommandReceiver      com.cdccreditsmart.app               I  âœ… WebSocket MDM CONECTADO COM SUCESSO!
2025-12-09 10:19:46.430 16386-16983 MdmCommandReceiver      com.cdccreditsmart.app               D  â° Watchdog cancelado (conexÃ£o resolvida)
2025-12-09 10:19:46.459 16386-24836 MdmCommandReceiver      com.cdccreditsmart.app               I  ğŸ” HTTP Response code: 404
2025-12-09 10:19:46.459 16386-24836 MdmCommandReceiver      com.cdccreditsmart.app               I  ğŸ” HTTP isSuccessful: false
2025-12-09 10:19:46.461 16386-24836 MdmCommandReceiver      com.cdccreditsmart.app               E  âŒ ========================================
2025-12-09 10:19:46.461 16386-24836 MdmCommandReceiver      com.cdccreditsmart.app               E  âŒ ERRO AO BUSCAR COMANDOS PENDENTES
2025-12-09 10:19:46.461 16386-24836 MdmCommandReceiver      com.cdccreditsmart.app               E  âŒ ========================================
2025-12-09 10:19:46.461 16386-24836 MdmCommandReceiver      com.cdccreditsmart.app               E  âŒ HTTP Status: 404
2025-12-09 10:19:46.461 16386-24836 MdmCommandReceiver      com.cdccreditsmart.app               E  âŒ HTTP Message: 
2025-12-09 10:19:46.463 16386-24836 MdmCommandReceiver      com.cdccreditsmart.app               E  âŒ Error body: {"error":"Dispositivo nÃ£o encontrado","hint":"Use IMEI, Serial Number ou Device ID do aparelho cadastrado"}
2025-12-09 10:19:46.463 16386-24836 MdmCommandReceiver      com.cdccreditsmart.app               E  âŒ ========================================
2025-12-09 10:19:46.463 16386-24836 MdmCommandReceiver      com.cdccreditsmart.app               E  âŒ Device nÃ£o encontrado no backend!
2025-12-09 10:19:46.463 16386-24836 MdmCommandReceiver      com.cdccreditsmart.app               E  âŒ Identifier usado: 352096325698365
2025-12-09 10:19:46.463 16386-24836 MdmCommandReceiver      com.cdccreditsmart.app               I  ğŸ” [Polling #1] Verificando comandos pendentes...
2025-12-09 10:19:46.464 16386-24836 SecureTokenStorage      com.cdccreditsmart.app               D  âœ… Usando IMEI para MDM: 3520***365
2025-12-09 10:19:46.464 16386-24836 MdmCommandReceiver      com.cdccreditsmart.app               I  ğŸ” ========================================
2025-12-09 10:19:46.464 16386-24836 MdmCommandReceiver      com.cdccreditsmart.app               I  ğŸ” BUSCANDO COMANDOS PENDENTES
2025-12-09 10:19:46.464 16386-24836 MdmCommandReceiver      com.cdccreditsmart.app               I  ğŸ” ========================================
2025-12-09 10:19:46.464 16386-24836 MdmCommandReceiver      com.cdccreditsmart.app               I  ğŸ” Identifier: 352096325698365
2025-12-09 10:19:46.464 16386-24836 MdmCommandReceiver      com.cdccreditsmart.app               I  ğŸ” Endpoint: GET /api/apk/device/352096325698365/commands
2025-12-09 10:19:46.473 16386-24836 MdmCommandReceiver      com.cdccreditsmart.app               D  ğŸ” Executando requisiÃ§Ã£o HTTP (timeout: 15s)...
2025-12-09 10:19:46.475 16386-24839 MdmCommandReceiver      com.cdccreditsmart.app               D  âœ… Response code: 101
2025-12-09 10:19:46.475 16386-24839 MdmCommandReceiver      com.cdccreditsmart.app               I  ğŸ” Enviando autenticaÃ§Ã£o WebSocket imediatamente (v2.5)...
2025-12-09 10:19:46.476 16386-24839 SecureTokenStorage      com.cdccreditsmart.app               D  âœ… Usando IMEI para MDM: 3520***365
2025-12-09 10:19:46.478 16386-24839 MdmCommandReceiver      com.cdccreditsmart.app               I  ğŸ” ========================================
2025-12-09 10:19:46.478 16386-24839 MdmCommandReceiver      com.cdccreditsmart.app               I  ğŸ” ENVIANDO AUTENTICAÃ‡ÃƒO WEBSOCKET
2025-12-09 10:19:46.478 16386-24839 MdmCommandReceiver      com.cdccreditsmart.app               I  ğŸ” ========================================
2025-12-09 10:19:46.478 16386-24839 MdmCommandReceiver      com.cdccreditsmart.app               I  ğŸ” serialNumber: 35209632...
2025-12-09 10:19:46.478 16386-24839 MdmCommandReceiver      com.cdccreditsmart.app               I  ğŸ” deviceToken: eyJhbGciOiJIUzI1NiIs...
2025-12-09 10:19:46.478 16386-24839 MdmCommandReceiver      com.cdccreditsmart.app               I  ğŸ” deviceFingerprint: N/A...
2025-12-09 10:19:46.478 16386-24839 MdmCommandReceiver      com.cdccreditsmart.app               I  ğŸ” imei: 3520***
2025-12-09 10:19:46.478 16386-24839 MdmCommandReceiver      com.cdccreditsmart.app               I  ğŸ” androidId: 44d5250c...
2025-12-09 10:19:46.478 16386-24839 MdmCommandReceiver      com.cdccreditsmart.app               I  ğŸ” apkVersion: 1.0.0
2025-12-09 10:19:46.478 16386-24839 MdmCommandReceiver      com.cdccreditsmart.app               I  âœ… Mensagem de autenticaÃ§Ã£o enviada com sucesso (7 campos)
2025-12-09 10:19:46.479 16386-24839 MdmCommandReceiver      com.cdccreditsmart.app               D  â³ Polling jÃ¡ estÃ¡ ativo - ignorando chamada duplicada
2025-12-09 10:19:46.479 16386-24839 MdmCommandReceiver      com.cdccreditsmart.app               D  ğŸ“¥ Mensagem MDM recebida: {"type":"welcome","message":"Connected to unified WebSocket server","connectionId":"78c474ef-a43d-4b3d-9745-e5e167eac858","path":"/ws/mdm-policies","routerKey":"mdm-policies","timestamp":"2025-12-09T13:19:46.833Z","serverTime":"2025-12-09T13:19:46.833Z"}
2025-12-09 10:19:46.479 16386-16983 MdmCommandReceiver      com.cdccreditsmart.app               I  ğŸ’“ Iniciando ping manual JSON (intervalo: 25s)
2025-12-09 10:19:46.480 16386-24836 MdmCommandReceiver      com.cdccreditsmart.app               D  ğŸ“¥ JSON recebido: {"type":"welcome","message":"Connected to unified WebSocket server","connectionId":"78c474ef-a43d-4b3d-9745-e5e167eac858","path":"/ws/mdm-policies","routerKey":"mdm-policies","timestamp":"2025-12-09T13:19:46.833Z","serverTime":"2025-12-09T13:19:46.833Z"}
2025-12-09 10:19:46.494 16386-24839 MdmCommandReceiver      com.cdccreditsmart.app               D  ğŸ“¥ Mensagem MDM recebida: {"type":"auth_required","message":"Please authenticate via message with serialNumber, deviceFingerprint or androidId","timeout":60,"timestamp":"2025-12-09T13:19:46.834Z"}
2025-12-09 10:19:46.495 16386-24837 MdmCommandReceiver      com.cdccreditsmart.app               D  ğŸ“¥ JSON recebido: {"type":"auth_required","message":"Please authenticate via message with serialNumber, deviceFingerprint or androidId","timeout":60,"timestamp":"2025-12-09T13:19:46.834Z"}
2025-12-09 10:19:46.544 16386-24848 SecureTokenStorage      com.cdccreditsmart.app               D  EncryptedSharedPreferences initialized successfully
2025-12-09 10:19:46.556 16386-24836 MdmCommandReceiver      com.cdccreditsmart.app               D  ğŸ“¨ Tipo de mensagem: welcome
2025-12-09 10:19:46.556 16386-24836 MdmCommandReceiver      com.cdccreditsmart.app               D  ğŸ‘‹ Mensagem de boas-vindas do servidor
2025-12-09 10:19:46.566 16386-24837 MdmCommandReceiver      com.cdccreditsmart.app               D  ğŸ“¨ Tipo de mensagem: auth_required
2025-12-09 10:19:46.567 16386-24837 MdmCommandReceiver      com.cdccreditsmart.app               W  âš ï¸ ========================================
2025-12-09 10:19:46.567 16386-24837 MdmCommandReceiver      com.cdccreditsmart.app               W  âš ï¸ AUTENTICAÃ‡ÃƒO REQUERIDA PELO SERVIDOR
2025-12-09 10:19:46.568 16386-24837 MdmCommandReceiver      com.cdccreditsmart.app               W  âš ï¸ ========================================
2025-12-09 10:19:46.568 16386-24837 MdmCommandReceiver      com.cdccreditsmart.app               W  âš ï¸ Reenviando mensagem de autenticaÃ§Ã£o...
2025-12-09 10:19:46.572 16386-24837 SecureTokenStorage      com.cdccreditsmart.app               D  âœ… Usando IMEI para MDM: 3520***365
2025-12-09 10:19:46.580 16386-24837 MdmCommandReceiver      com.cdccreditsmart.app               I  ğŸ” ========================================
2025-12-09 10:19:46.580 16386-24837 MdmCommandReceiver      com.cdccreditsmart.app               I  ğŸ” ENVIANDO AUTENTICAÃ‡ÃƒO WEBSOCKET
2025-12-09 10:19:46.580 16386-24837 MdmCommandReceiver      com.cdccreditsmart.app               I  ğŸ” ========================================
2025-12-09 10:19:46.580 16386-24837 MdmCommandReceiver      com.cdccreditsmart.app               I  ğŸ” serialNumber: 35209632...
2025-12-09 10:19:46.580 16386-24837 MdmCommandReceiver      com.cdccreditsmart.app               I  ğŸ” deviceToken: eyJhbGciOiJIUzI1NiIs...
2025-12-09 10:19:46.580 16386-24837 MdmCommandReceiver      com.cdccreditsmart.app               I  ğŸ” deviceFingerprint: N/A...
2025-12-09 10:19:46.580 16386-24837 MdmCommandReceiver      com.cdccreditsmart.app               I  ğŸ” imei: 3520***
2025-12-09 10:19:46.580 16386-24837 MdmCommandReceiver      com.cdccreditsmart.app               I  ğŸ” androidId: 44d5250c...
2025-12-09 10:19:46.580 16386-24837 MdmCommandReceiver      com.cdccreditsmart.app               I  ğŸ” apkVersion: 1.0.0
2025-12-09 10:19:46.582 16386-24837 MdmCommandReceiver      com.cdccreditsmart.app               I  âœ… Mensagem de autenticaÃ§Ã£o enviada com sucesso (7 campos)
2025-12-09 10:19:46.654 16386-16386 PairingViewModel        com.cdccreditsmart.app               I  ğŸ’¾ Salvando dados no fallback (apÃ³s 2s) - CustomerName: 'Marcos Antunes', DeviceModel: 'G15 Power'
