2026-02-06 14:21:05.223  6627-6627  BLASTBufferQueue        com.cdccreditsmart.app               D  [VRI[MainActivity]#4](f:0,a:0) update width=960 height=1302 format=-2 mTransformHint=0
2026-02-06 14:21:05.285  6627-6766  BLASTBufferQueue        com.cdccreditsmart.app               D  [VRI[MainActivity]#4](f:0,a:1) acquireNextBufferLocked size=960x1302 mFrameNumber=1 applyTransaction=true mTimestamp=4989200781143(auto) mPendingTransactions.size=0 graphicBufferId=28462748270611 transform=0
2026-02-06 14:21:05.922  6627-6627  WindowOnBackDispatcher  com.cdccreditsmart.app               W  sendCancelIfRunning: isInProgress=false callback=androidx.activity.OnBackPressedDispatcher$Api34Impl$createOnBackAnimationCallback$1@da630ed
2026-02-06 14:21:05.934  6627-6766  HWUI                    com.cdccreditsmart.app               D  endAllActiveAnimators on 0xb4000073b5b61570 (UnprojectedRipple) with handle 0xb400007265b43a00
2026-02-06 14:21:05.934  6627-6627  View                    com.cdccreditsmart.app               D  [Warning] assignParent to null: this = DecorView@aeca933[MainActivity]
2026-02-06 14:21:05.946  6627-6648  BLASTBufferQueue        com.cdccreditsmart.app               D  [VRI[MainActivity]#4](f:0,a:1) destructor()
2026-02-06 14:21:05.946  6627-6648  BufferQueueConsumer     com.cdccreditsmart.app               D  [VRI[MainActivity]#4(BLAST Consumer)4](id:19e300000004,api:0,p:-1,c:6627) disconnect
2026-02-06 14:21:05.948  6627-6627  VRI[MainActivity]       com.cdccreditsmart.app               D  hardware acceleration = true, forceHwAccelerated = false
2026-02-06 14:21:05.957  6627-6627  InputEventReceiver      com.cdccreditsmart.app               D  Input log is disabled in InputEventReceiver.
2026-02-06 14:21:06.029  6627-6627  BufferQueueConsumer     com.cdccreditsmart.app               D  [](id:19e300000005,api:0,p:-1,c:6627) connect: controlledByApp=false
2026-02-06 14:21:06.029  6627-6627  BLASTBufferQueue        com.cdccreditsmart.app               D  [VRI[MainActivity]#5](f:0,a:0) constructor()
2026-02-06 14:21:06.029  6627-6627  BLASTBufferQueue        com.cdccreditsmart.app               D  [VRI[MainActivity]#5](f:0,a:0) update width=960 height=1053 format=-2 mTransformHint=0
2026-02-06 14:21:06.064  6627-6766  BLASTBufferQueue        com.cdccreditsmart.app               D  [VRI[MainActivity]#5](f:0,a:1) acquireNextBufferLocked size=960x1053 mFrameNumber=1 applyTransaction=true mTimestamp=4989980167297(auto) mPendingTransactions.size=0 graphicBufferId=28462748270615 transform=0
2026-02-06 14:21:06.768  6627-6627  WindowOnBackDispatcher  com.cdccreditsmart.app               W  sendCancelIfRunning: isInProgress=false callback=androidx.activity.OnBackPressedDispatcher$Api34Impl$createOnBackAnimationCallback$1@4174208
2026-02-06 14:21:06.778  6627-6766  HWUI                    com.cdccreditsmart.app               D  endAllActiveAnimators on 0xb4000073b5b69630 (UnprojectedRipple) with handle 0xb400007265b41270
2026-02-06 14:21:06.779  6627-6627  View                    com.cdccreditsmart.app               D  [Warning] assignParent to null: this = DecorView@90feb88[MainActivity]
2026-02-06 14:21:06.792  6627-6648  BLASTBufferQueue        com.cdccreditsmart.app               D  [VRI[MainActivity]#5](f:0,a:1) destructor()
2026-02-06 14:21:06.792  6627-6648  BufferQueueConsumer     com.cdccreditsmart.app               D  [VRI[MainActivity]#5(BLAST Consumer)5](id:19e300000005,api:0,p:-1,c:6627) disconnect
2026-02-06 14:21:06.816  6627-6627  UninstallFlowActivity   com.cdccreditsmart.app               I  
2026-02-06 14:21:06.817  6627-6627  UninstallFlowActivity   com.cdccreditsmart.app               I  ╔════════════════════════════════════════════════════════════╗
2026-02-06 14:21:06.817  6627-6627  UninstallFlowActivity   com.cdccreditsmart.app               I  ║     FLUXO DE DESINSTALAÇÃO SEGURA - CREDIT SMART          ║
2026-02-06 14:21:06.817  6627-6627  UninstallFlowActivity   com.cdccreditsmart.app               I  ╚════════════════════════════════════════════════════════════╝
2026-02-06 14:21:06.817  6627-6627  UninstallFlowActivity   com.cdccreditsmart.app               I  
2026-02-06 14:21:06.817  6627-6627  UninstallFlowActivity   com.cdccreditsmart.app               I  Tipo de desinstalação: not_activated
2026-02-06 14:21:06.817  6627-6627  UninstallFlowActivity   com.cdccreditsmart.app               I  Diálogo já lançado: false
2026-02-06 14:21:06.817  6627-6627  SettingsGuardService    com.cdccreditsmart.app               I  🗑️ Guard PAUSADO para desinstalação voluntária
2026-02-06 14:21:06.817  6627-6627  SettingsGuardService    com.cdccreditsmart.app               I     Proteção desativada - usuário pode desinstalar
2026-02-06 14:21:06.817  6627-6627  SettingsGuardService    com.cdccreditsmart.app               I     Timeout: 120s para auto-recuperação
2026-02-06 14:21:06.817  6627-6627  UninstallFlowActivity   com.cdccreditsmart.app               I  ⏸️ SettingsGuard pausado para desinstalação
2026-02-06 14:21:06.819  6627-6627  UninstallFlowActivity   com.cdccreditsmart.app               I  
2026-02-06 14:21:06.819  6627-6627  UninstallFlowActivity   com.cdccreditsmart.app               I  [PASSO 1/4] Verificando privilégios...
2026-02-06 14:21:06.819  6627-6627  UninstallFlowActivity   com.cdccreditsmart.app               I     Device Owner: SIM
2026-02-06 14:21:06.819  6627-6627  UninstallFlowActivity   com.cdccreditsmart.app               I     Device Admin: SIM
2026-02-06 14:21:06.819  6627-6627  UninstallFlowActivity   com.cdccreditsmart.app               I  
2026-02-06 14:21:06.819  6627-6627  UninstallFlowActivity   com.cdccreditsmart.app               I  [PASSO 2/4] Removendo bloqueios de Device Owner...
2026-02-06 14:21:06.828  6627-6627  UninstallFlowActivity   com.cdccreditsmart.app               I     OK: Bloqueio de desinstalação removido
2026-02-06 14:21:06.833  6627-6627  UninstallFlowActivity   com.cdccreditsmart.app               I     OK: User control disabled packages limpo
2026-02-06 14:21:06.833  6627-6627  UninstallFlowActivity   com.cdccreditsmart.app               I  
2026-02-06 14:21:06.833  6627-6627  UninstallFlowActivity   com.cdccreditsmart.app               I  [PASSO 3/4] Removendo Device Owner...
2026-02-06 14:21:06.921  6627-6627  UninstallFlowActivity   com.cdccreditsmart.app               I     OK: Device Owner removido com sucesso
2026-02-06 14:21:06.921  6627-6627  UninstallFlowActivity   com.cdccreditsmart.app               I  
2026-02-06 14:21:06.921  6627-6627  UninstallFlowActivity   com.cdccreditsmart.app               I  [PASSO 4/4] Iniciando desinstalação do sistema...
2026-02-06 14:21:06.921  6627-6627  UninstallFlowActivity   com.cdccreditsmart.app               I  
2026-02-06 14:21:06.950  6627-6627  Activity                com.cdccreditsmart.app               D  onResume setDolbyGameProfilePackage lastPkg =  currentPkg = com.cdccreditsmart.app
2026-02-06 14:21:06.951  6627-6627  UninstallFlowActivity   com.cdccreditsmart.app               I  
2026-02-06 14:21:06.951  6627-6627  UninstallFlowActivity   com.cdccreditsmart.app               I  ╔════════════════════════════════════════════════════════════╗
2026-02-06 14:21:06.951  6627-6627  UninstallFlowActivity   com.cdccreditsmart.app               I  ║     RETORNO DO DIÁLOGO DE DESINSTALAÇÃO                   ║
2026-02-06 14:21:06.951  6627-6627  UninstallFlowActivity   com.cdccreditsmart.app               I  ╚════════════════════════════════════════════════════════════╝
2026-02-06 14:21:06.951  6627-6627  UninstallFlowActivity   com.cdccreditsmart.app               I  
2026-02-06 14:21:06.961  6627-6627  VRI[Uninst...wActivity] com.cdccreditsmart.app               D  hardware acceleration = true, forceHwAccelerated = false
2026-02-06 14:21:06.974  6627-6627  InputEventReceiver      com.cdccreditsmart.app               D  Input log is disabled in InputEventReceiver.
2026-02-06 14:21:07.003  6627-6627  BufferQueueConsumer     com.cdccreditsmart.app               D  [](id:19e300000006,api:0,p:-1,c:6627) connect: controlledByApp=false
2026-02-06 14:21:07.006  6627-6627  BLASTBufferQueue        com.cdccreditsmart.app               D  [VRI[UninstallFlowActivity]#6](f:0,a:0) constructor()
2026-02-06 14:21:07.006  6627-6627  BLASTBufferQueue        com.cdccreditsmart.app               D  [VRI[UninstallFlowActivity]#6](f:0,a:0) update width=1080 height=2400 format=-2 mTransformHint=0
2026-02-06 14:21:07.028  6627-6766  BLASTBufferQueue        com.cdccreditsmart.app               D  [VRI[UninstallFlowActivity]#6](f:0,a:1) acquireNextBufferLocked size=1080x2400 mFrameNumber=1 applyTransaction=true mTimestamp=4990940415835(auto) mPendingTransactions.size=0 graphicBufferId=28462748270617 transform=0
2026-02-06 14:21:07.039  6627-6627  CDCDeviceAdminService   com.cdccreditsmart.app               I  Device Admin Service destroyed
2026-02-06 14:21:07.043  6627-6627  CDCDeviceAdminReceiver  com.cdccreditsmart.app               W  Device Admin disabled
2026-02-06 14:21:07.329  6627-6627  Activity                com.cdccreditsmart.app               D  onResume setDolbyGameProfilePackage lastPkg =  currentPkg = com.cdccreditsmart.app
2026-02-06 14:21:07.329  6627-6627  UninstallFlowActivity   com.cdccreditsmart.app               I  
2026-02-06 14:21:07.329  6627-6627  UninstallFlowActivity   com.cdccreditsmart.app               I  ╔════════════════════════════════════════════════════════════╗
2026-02-06 14:21:07.329  6627-6627  UninstallFlowActivity   com.cdccreditsmart.app               I  ║     RETORNO DO DIÁLOGO DE DESINSTALAÇÃO                   ║
2026-02-06 14:21:07.329  6627-6627  UninstallFlowActivity   com.cdccreditsmart.app               I  ╚════════════════════════════════════════════════════════════╝
2026-02-06 14:21:07.329  6627-6627  UninstallFlowActivity   com.cdccreditsmart.app               I  
2026-02-06 14:21:07.453  6627-6627  UninstallFlowActivity   com.cdccreditsmart.app               W  RESULTADO: Usuário CANCELOU a desinstalação
2026-02-06 14:21:07.454  6627-6627  UninstallFlowActivity   com.cdccreditsmart.app               W  
2026-02-06 14:21:07.454  6627-6627  UninstallFlowActivity   com.cdccreditsmart.app               W  ATENÇÃO: Proteções foram removidas e NÃO podem ser reaplicadas!
2026-02-06 14:21:07.454  6627-6627  UninstallFlowActivity   com.cdccreditsmart.app               W     O app não é mais Device Owner/Admin
2026-02-06 14:21:07.454  6627-6627  UninstallFlowActivity   com.cdccreditsmart.app               W     Para restaurar proteções, reprovisionar via:
2026-02-06 14:21:07.454  6627-6627  UninstallFlowActivity   com.cdccreditsmart.app               W       1. Factory reset + QR Code de provisionamento
2026-02-06 14:21:07.454  6627-6627  UninstallFlowActivity   com.cdccreditsmart.app               W       2. ADB: dpm set-device-owner
2026-02-06 14:21:07.454  6627-6627  SettingsGuardService    com.cdccreditsmart.app               I  ▶️ Guard RETOMADO após desinstalação cancelada
2026-02-06 14:21:07.454  6627-6627  UninstallFlowActivity   com.cdccreditsmart.app               I  ▶️ SettingsGuard retomado
2026-02-06 14:21:07.454  6627-6627  UninstallFlowActivity   com.cdccreditsmart.app               I  ▶️ SettingsGuard retomado após cancelamento
2026-02-06 14:21:07.497  6627-6627  Activity                com.cdccreditsmart.app               D  onResume setDolbyGameProfilePackage lastPkg =  currentPkg = com.cdccreditsmart.app
2026-02-06 14:21:07.548  6627-6627  VRI[Uninst...wActivity] com.cdccreditsmart.app               D  visibilityChanged oldVisibility=true newVisibility=false
2026-02-06 14:21:07.576  6627-6627  BLASTBufferQueue        com.cdccreditsmart.app               D  [VRI[UninstallFlowActivity]#6](f:0,a:1) destructor()
2026-02-06 14:21:07.576  6627-6627  BufferQueueConsumer     com.cdccreditsmart.app               D  [VRI[UninstallFlowActivity]#6(BLAST Consumer)6](id:19e300000006,api:0,p:-1,c:6627) disconnect
2026-02-06 14:21:07.590  6627-6627  WindowOnBackDispatcher  com.cdccreditsmart.app               W  sendCancelIfRunning: isInProgress=false callback=android.app.Activity$$ExternalSyntheticLambda0@6abac85
2026-02-06 14:21:07.591  6627-6627  UninstallFlowActivity   com.cdccreditsmart.app               I  onDestroy: App ainda instalado após tentativa de desinstalação
2026-02-06 14:21:07.592  6627-6627  View                    com.cdccreditsmart.app               D  [Warning] assignParent to null: this = DecorView@fbf38f4[UninstallFlowActivity]
2026-02-06 14:21:07.744  6627-6762  SettingsGuardService    com.cdccreditsmart.app               D  📋 Activity check - Full: com.cdccreditsmart.app.presentation.MainActivity, Simple: MainActivity
2026-02-06 14:21:07.843  6627-6627  UninstallFlowActivity   com.cdccreditsmart.app               W  RESULTADO: Usuário CANCELOU a desinstalação
2026-02-06 14:21:07.844  6627-6627  UninstallFlowActivity   com.cdccreditsmart.app               W  
2026-02-06 14:21:07.844  6627-6627  UninstallFlowActivity   com.cdccreditsmart.app               W  ATENÇÃO: Proteções foram removidas e NÃO podem ser reaplicadas!
2026-02-06 14:21:07.844  6627-6627  UninstallFlowActivity   com.cdccreditsmart.app               W     O app não é mais Device Owner/Admin
2026-02-06 14:21:07.844  6627-6627  UninstallFlowActivity   com.cdccreditsmart.app               W     Para restaurar proteções, reprovisionar via:
2026-02-06 14:21:07.844  6627-6627  UninstallFlowActivity   com.cdccreditsmart.app               W       1. Factory reset + QR Code de provisionamento
2026-02-06 14:21:07.844  6627-6627  UninstallFlowActivity   com.cdccreditsmart.app               W       2. ADB: dpm set-device-owner
2026-02-06 14:21:07.844  6627-6627  SettingsGuardService    com.cdccreditsmart.app               I  ▶️ Guard RETOMADO após desinstalação cancelada
2026-02-06 14:21:07.844  6627-6627  UninstallFlowActivity   com.cdccreditsmart.app               I  ▶️ SettingsGuard retomado
2026-02-06 14:21:07.844  6627-6627  UninstallFlowActivity   com.cdccreditsmart.app               I  ▶️ SettingsGuard retomado após cancelamento
2026-02-06 14:21:08.566  6627-6627  VRI[MainActivity]       com.cdccreditsmart.app               D  hardware acceleration = true, forceHwAccelerated = false
2026-02-06 14:21:08.577  6627-6627  InputEventReceiver      com.cdccreditsmart.app               D  Input log is disabled in InputEventReceiver.
2026-02-06 14:21:08.642  6627-6627  BufferQueueConsumer     com.cdccreditsmart.app               D  [](id:19e300000007,api:0,p:-1,c:6627) connect: controlledByApp=false
2026-02-06 14:21:08.642  6627-6627  BLASTBufferQueue        com.cdccreditsmart.app               D  [VRI[MainActivity]#7](f:0,a:0) constructor()
2026-02-06 14:21:08.643  6627-6627  BLASTBufferQueue        com.cdccreditsmart.app               D  [VRI[MainActivity]#7](f:0,a:0) update width=960 height=1302 format=-2 mTransformHint=0
2026-02-06 14:21:08.667  6627-6766  BLASTBufferQueue        com.cdccreditsmart.app               D  [VRI[MainActivity]#7](f:0,a:1) acquireNextBufferLocked size=960x1302 mFrameNumber=1 applyTransaction=true mTimestamp=4992582836451(auto) mPendingTransactions.size=0 graphicBufferId=28462748270623 transform=0
2026-02-06 14:21:09.243  6627-6627  WindowOnBackDispatcher  com.cdccreditsmart.app               W  sendCancelIfRunning: isInProgress=false callback=androidx.activity.OnBackPressedDispatcher$Api34Impl$createOnBackAnimationCallback$1@f50419a
2026-02-06 14:21:09.257  6627-6766  HWUI                    com.cdccreditsmart.app               D  endAllActiveAnimators on 0xb4000073b5b7b170 (UnprojectedRipple) with handle 0xb400007265b4b8c0
2026-02-06 14:21:09.258  6627-6627  View                    com.cdccreditsmart.app               D  [Warning] assignParent to null: this = DecorView@ca0af1a[MainActivity]
2026-02-06 14:21:09.258  6627-6627  BLASTBufferQueue        com.cdccreditsmart.app               D  [VRI[MainActivity]#7](f:0,a:1) destructor()
2026-02-06 14:21:09.258  6627-6627  BufferQueueConsumer     com.cdccreditsmart.app               D  [VRI[MainActivity]#7(BLAST Consumer)7](id:19e300000007,api:0,p:-1,c:6627) disconnect
2026-02-06 14:21:09.272  6627-6627  VRI[MainActivity]       com.cdccreditsmart.app               D  hardware acceleration = true, forceHwAccelerated = false
2026-02-06 14:21:09.279  6627-6627  InputEventReceiver      com.cdccreditsmart.app               D  Input log is disabled in InputEventReceiver.
2026-02-06 14:21:09.335  6627-6627  BufferQueueConsumer     com.cdccreditsmart.app               D  [](id:19e300000008,api:0,p:-1,c:6627) connect: controlledByApp=false
2026-02-06 14:21:09.336  6627-6627  BLASTBufferQueue        com.cdccreditsmart.app               D  [VRI[MainActivity]#8](f:0,a:0) constructor()
2026-02-06 14:21:09.336  6627-6627  BLASTBufferQueue        com.cdccreditsmart.app               D  [VRI[MainActivity]#8](f:0,a:0) update width=960 height=913 format=-2 mTransformHint=0
2026-02-06 14:21:09.361  6627-6766  BLASTBufferQueue        com.cdccreditsmart.app               D  [VRI[MainActivity]#8](f:0,a:1) acquireNextBufferLocked size=960x913 mFrameNumber=1 applyTransaction=true mTimestamp=4993277065758(auto) mPendingTransactions.size=0 graphicBufferId=28462748270627 transform=0
2026-02-06 14:21:09.958  6627-6627  WindowOnBackDispatcher  com.cdccreditsmart.app               W  sendCancelIfRunning: isInProgress=false callback=androidx.activity.OnBackPressedDispatcher$Api34Impl$createOnBackAnimationCallback$1@32a17c3
2026-02-06 14:21:09.967  6627-6766  HWUI                    com.cdccreditsmart.app               D  endAllActiveAnimators on 0xb4000073b5b7feb0 (UnprojectedRipple) with handle 0xb400007265b4cd60
2026-02-06 14:21:09.967  6627-6627  View                    com.cdccreditsmart.app               D  [Warning] assignParent to null: this = DecorView@5cab7a7[MainActivity]
2026-02-06 14:21:09.967  6627-6627  BLASTBufferQueue        com.cdccreditsmart.app               D  [VRI[MainActivity]#8](f:0,a:1) destructor()
2026-02-06 14:21:09.967  6627-6627  BufferQueueConsumer     com.cdccreditsmart.app               D  [VRI[MainActivity]#8(BLAST Consumer)8](id:19e300000008,api:0,p:-1,c:6627) disconnect
2026-02-06 14:21:10.011  6627-6627  UninstallFlowActivity   com.cdccreditsmart.app               I  
2026-02-06 14:21:10.011  6627-6627  UninstallFlowActivity   com.cdccreditsmart.app               I  ╔════════════════════════════════════════════════════════════╗
2026-02-06 14:21:10.011  6627-6627  UninstallFlowActivity   com.cdccreditsmart.app               I  ║     FLUXO DE DESINSTALAÇÃO SEGURA - CREDIT SMART          ║
2026-02-06 14:21:10.011  6627-6627  UninstallFlowActivity   com.cdccreditsmart.app               I  ╚════════════════════════════════════════════════════════════╝
2026-02-06 14:21:10.011  6627-6627  UninstallFlowActivity   com.cdccreditsmart.app               I  
2026-02-06 14:21:10.012  6627-6627  UninstallFlowActivity   com.cdccreditsmart.app               I  Tipo de desinstalação: not_activated
2026-02-06 14:21:10.012  6627-6627  UninstallFlowActivity   com.cdccreditsmart.app               I  Diálogo já lançado: false
2026-02-06 14:21:10.012  6627-6627  SettingsGuardService    com.cdccreditsmart.app               I  🗑️ Guard PAUSADO para desinstalação voluntária
2026-02-06 14:21:10.012  6627-6627  SettingsGuardService    com.cdccreditsmart.app               I     Proteção desativada - usuário pode desinstalar
2026-02-06 14:21:10.012  6627-6627  SettingsGuardService    com.cdccreditsmart.app               I     Timeout: 120s para auto-recuperação
2026-02-06 14:21:10.012  6627-6627  UninstallFlowActivity   com.cdccreditsmart.app               I  ⏸️ SettingsGuard pausado para desinstalação
2026-02-06 14:21:10.013  6627-6627  UninstallFlowActivity   com.cdccreditsmart.app               I  
2026-02-06 14:21:10.013  6627-6627  UninstallFlowActivity   com.cdccreditsmart.app               I  [PASSO 1/4] Verificando privilégios...
2026-02-06 14:21:10.013  6627-6627  UninstallFlowActivity   com.cdccreditsmart.app               I     Device Owner: NÃO
2026-02-06 14:21:10.013  6627-6627  UninstallFlowActivity   com.cdccreditsmart.app               I     Device Admin: NÃO
2026-02-06 14:21:10.013  6627-6627  UninstallFlowActivity   com.cdccreditsmart.app               I  
2026-02-06 14:21:10.013  6627-6627  UninstallFlowActivity   com.cdccreditsmart.app               I  [PASSO 2/4] App sem privilégios especiais
2026-02-06 14:21:10.013  6627-6627  UninstallFlowActivity   com.cdccreditsmart.app               I  [PASSO 3/4] Nenhuma proteção a remover
2026-02-06 14:21:10.013  6627-6627  UninstallFlowActivity   com.cdccreditsmart.app               I  
2026-02-06 14:21:10.013  6627-6627  UninstallFlowActivity   com.cdccreditsmart.app               I  [PASSO 4/4] Iniciando desinstalação do sistema...
2026-02-06 14:21:10.013  6627-6627  UninstallFlowActivity   com.cdccreditsmart.app               I  
2026-02-06 14:21:10.040  6627-6627  Activity                com.cdccreditsmart.app               D  onResume setDolbyGameProfilePackage lastPkg =  currentPkg = com.cdccreditsmart.app
2026-02-06 14:21:10.040  6627-6627  UninstallFlowActivity   com.cdccreditsmart.app               I  
2026-02-06 14:21:10.041  6627-6627  UninstallFlowActivity   com.cdccreditsmart.app               I  ╔════════════════════════════════════════════════════════════╗
2026-02-06 14:21:10.041  6627-6627  UninstallFlowActivity   com.cdccreditsmart.app               I  ║     RETORNO DO DIÁLOGO DE DESINSTALAÇÃO                   ║
2026-02-06 14:21:10.041  6627-6627  UninstallFlowActivity   com.cdccreditsmart.app               I  ╚════════════════════════════════════════════════════════════╝
2026-02-06 14:21:10.041  6627-6627  UninstallFlowActivity   com.cdccreditsmart.app               I  
2026-02-06 14:21:10.044  6627-6627  VRI[Uninst...wActivity] com.cdccreditsmart.app               D  hardware acceleration = true, forceHwAccelerated = false
2026-02-06 14:21:10.050  6627-6627  InputEventReceiver      com.cdccreditsmart.app               D  Input log is disabled in InputEventReceiver.
2026-02-06 14:21:10.076  6627-6627  BufferQueueConsumer     com.cdccreditsmart.app               D  [](id:19e300000009,api:0,p:-1,c:6627) connect: controlledByApp=false
2026-02-06 14:21:10.077  6627-6627  BLASTBufferQueue        com.cdccreditsmart.app               D  [VRI[UninstallFlowActivity]#9](f:0,a:0) constructor()
2026-02-06 14:21:10.077  6627-6627  BLASTBufferQueue        com.cdccreditsmart.app               D  [VRI[UninstallFlowActivity]#9](f:0,a:0) update width=1080 height=2400 format=-2 mTransformHint=0
2026-02-06 14:21:10.086  6627-6766  BLASTBufferQueue        com.cdccreditsmart.app               D  [VRI[UninstallFlowActivity]#9](f:0,a:1) acquireNextBufferLocked size=1080x2400 mFrameNumber=1 applyTransaction=true mTimestamp=4994001469374(auto) mPendingTransactions.size=0 graphicBufferId=28462748270628 transform=0
2026-02-06 14:21:10.191  6627-6627  Activity                com.cdccreditsmart.app               D  onResume setDolbyGameProfilePackage lastPkg =  currentPkg = com.cdccreditsmart.app
2026-02-06 14:21:10.191  6627-6627  UninstallFlowActivity   com.cdccreditsmart.app               I  
2026-02-06 14:21:10.192  6627-6627  UninstallFlowActivity   com.cdccreditsmart.app               I  ╔════════════════════════════════════════════════════════════╗
2026-02-06 14:21:10.192  6627-6627  UninstallFlowActivity   com.cdccreditsmart.app               I  ║     RETORNO DO DIÁLOGO DE DESINSTALAÇÃO                   ║
2026-02-06 14:21:10.192  6627-6627  UninstallFlowActivity   com.cdccreditsmart.app               I  ╚════════════════════════════════════════════════════════════╝
2026-02-06 14:21:10.192  6627-6627  UninstallFlowActivity   com.cdccreditsmart.app               I  
2026-02-06 14:21:10.541  6627-6627  UninstallFlowActivity   com.cdccreditsmart.app               W  RESULTADO: Usuário CANCELOU a desinstalação
2026-02-06 14:21:10.542  6627-6627  UninstallFlowActivity   com.cdccreditsmart.app               W  
2026-02-06 14:21:10.542  6627-6627  UninstallFlowActivity   com.cdccreditsmart.app               W  ATENÇÃO: Proteções foram removidas e NÃO podem ser reaplicadas!
2026-02-06 14:21:10.542  6627-6627  UninstallFlowActivity   com.cdccreditsmart.app               W     O app não é mais Device Owner/Admin
2026-02-06 14:21:10.542  6627-6627  UninstallFlowActivity   com.cdccreditsmart.app               W     Para restaurar proteções, reprovisionar via:
2026-02-06 14:21:10.542  6627-6627  UninstallFlowActivity   com.cdccreditsmart.app               W       1. Factory reset + QR Code de provisionamento
2026-02-06 14:21:10.542  6627-6627  UninstallFlowActivity   com.cdccreditsmart.app               W       2. ADB: dpm set-device-owner
2026-02-06 14:21:10.542  6627-6627  SettingsGuardService    com.cdccreditsmart.app               I  ▶️ Guard RETOMADO após desinstalação cancelada
2026-02-06 14:21:10.542  6627-6627  UninstallFlowActivity   com.cdccreditsmart.app               I  ▶️ SettingsGuard retomado
2026-02-06 14:21:10.542  6627-6627  UninstallFlowActivity   com.cdccreditsmart.app               I  ▶️ SettingsGuard retomado após cancelamento
2026-02-06 14:21:10.573  6627-6627  Activity                com.cdccreditsmart.app               D  onResume setDolbyGameProfilePackage lastPkg =  currentPkg = com.cdccreditsmart.app
2026-02-06 14:21:10.601  6627-6627  VRI[Uninst...wActivity] com.cdccreditsmart.app               D  visibilityChanged oldVisibility=true newVisibility=false
2026-02-06 14:21:10.610  6627-6627  WindowOnBackDispatcher  com.cdccreditsmart.app               W  sendCancelIfRunning: isInProgress=false callback=android.app.Activity$$ExternalSyntheticLambda0@6e189ab
2026-02-06 14:21:10.610  6627-6627  UninstallFlowActivity   com.cdccreditsmart.app               I  onDestroy: App ainda instalado após tentativa de desinstalação
2026-02-06 14:21:10.614  6627-6766  BLASTBufferQueue        com.cdccreditsmart.app               D  [VRI[UninstallFlowActivity]#9](f:0,a:1) destructor()
2026-02-06 14:21:10.614  6627-6766  BufferQueueConsumer     com.cdccreditsmart.app               D  [VRI[UninstallFlowActivity]#9(BLAST Consumer)9](id:19e300000009,api:0,p:-1,c:6627) disconnect
2026-02-06 14:21:10.615  6627-6627  View                    com.cdccreditsmart.app               D  [Warning] assignParent to null: this = DecorView@940b56f[UninstallFlowActivity]
2026-02-06 14:21:10.709  6627-6627  UninstallFlowActivity   com.cdccreditsmart.app               W  RESULTADO: Usuário CANCELOU a desinstalação
2026-02-06 14:21:10.710  6627-6627  UninstallFlowActivity   com.cdccreditsmart.app               W  
2026-02-06 14:21:10.710  6627-6627  UninstallFlowActivity   com.cdccreditsmart.app               W  ATENÇÃO: Proteções foram removidas e NÃO podem ser reaplicadas!
2026-02-06 14:21:10.710  6627-6627  UninstallFlowActivity   com.cdccreditsmart.app               W     O app não é mais Device Owner/Admin
2026-02-06 14:21:10.710  6627-6627  UninstallFlowActivity   com.cdccreditsmart.app               W     Para restaurar proteções, reprovisionar via:
2026-02-06 14:21:10.710  6627-6627  UninstallFlowActivity   com.cdccreditsmart.app               W       1. Factory reset + QR Code de provisionamento
2026-02-06 14:21:10.710  6627-6627  UninstallFlowActivity   com.cdccreditsmart.app               W       2. ADB: dpm set-device-owner
2026-02-06 14:21:10.710  6627-6627  SettingsGuardService    com.cdccreditsmart.app               I  ▶️ Guard RETOMADO após desinstalação cancelada
2026-02-06 14:21:10.710  6627-6627  UninstallFlowActivity   com.cdccreditsmart.app               I  ▶️ SettingsGuard retomado
2026-02-06 14:21:10.710  6627-6627  UninstallFlowActivity   com.cdccreditsmart.app               I  ▶️ SettingsGuard retomado após cancelamento
2026-02-06 14:21:10.752  6627-6762  SettingsGuardService    com.cdccreditsmart.app               D  📋 Activity check - Full: com.cdccreditsmart.app.presentation.MainActivity, Simple: MainActivity
2026-02-06 14:21:11.182  6627-6627  VRI[MainActivity]       com.cdccreditsmart.app               D  hardware acceleration = true, forceHwAccelerated = false
2026-02-06 14:21:11.189  6627-6627  InputEventReceiver      com.cdccreditsmart.app               D  Input log is disabled in InputEventReceiver.
2026-02-06 14:21:11.254  6627-6627  BufferQueueConsumer     com.cdccreditsmart.app               D  [](id:19e30000000a,api:0,p:-1,c:6627) connect: controlledByApp=false
2026-02-06 14:21:11.255  6627-6627  BLASTBufferQueue        com.cdccreditsmart.app               D  [VRI[MainActivity]#10](f:0,a:0) constructor()
2026-02-06 14:21:11.255  6627-6627  BLASTBufferQueue        com.cdccreditsmart.app               D  [VRI[MainActivity]#10](f:0,a:0) update width=960 height=1302 format=-2 mTransformHint=0
2026-02-06 14:21:11.277  6627-6766  BLASTBufferQueue        com.cdccreditsmart.app               D  [VRI[MainActivity]#10](f:0,a:1) acquireNextBufferLocked size=960x1302 mFrameNumber=1 applyTransaction=true mTimestamp=4995193192143(auto) mPendingTransactions.size=0 graphicBufferId=28462748270635 transform=0
2026-02-06 14:21:11.853  6627-6627  WindowOnBackDispatcher  com.cdccreditsmart.app               W  sendCancelIfRunning: isInProgress=false callback=androidx.activity.OnBackPressedDispatcher$Api34Impl$createOnBackAnimationCallback$1@723c7b0
2026-02-06 14:21:11.868  6627-6766  HWUI                    com.cdccreditsmart.app               D  endAllActiveAnimators on 0xb4000073b5b953e0 (UnprojectedRipple) with handle 0xb400007265b4efb0
2026-02-06 14:21:11.869  6627-6627  View                    com.cdccreditsmart.app               D  [Warning] assignParent to null: this = DecorView@9e84130[MainActivity]
2026-02-06 14:21:11.869  6627-6627  BLASTBufferQueue        com.cdccreditsmart.app               D  [VRI[MainActivity]#10](f:0,a:1) destructor()
2026-02-06 14:21:11.869  6627-6627  BufferQueueConsumer     com.cdccreditsmart.app               D  [VRI[MainActivity]#10(BLAST Consumer)10](id:19e30000000a,api:0,p:-1,c:6627) disconnect
2026-02-06 14:21:11.883  6627-6627  VRI[MainActivity]       com.cdccreditsmart.app               D  hardware acceleration = true, forceHwAccelerated = false
2026-02-06 14:21:11.890  6627-6627  InputEventReceiver      com.cdccreditsmart.app               D  Input log is disabled in InputEventReceiver.
2026-02-06 14:21:11.946  6627-6627  BufferQueueConsumer     com.cdccreditsmart.app               D  [](id:19e30000000b,api:0,p:-1,c:6627) connect: controlledByApp=false
2026-02-06 14:21:11.946  6627-6627  BLASTBufferQueue        com.cdccreditsmart.app               D  [VRI[MainActivity]#11](f:0,a:0) constructor()
2026-02-06 14:21:11.946  6627-6627  BLASTBufferQueue        com.cdccreditsmart.app               D  [VRI[MainActivity]#11](f:0,a:0) update width=960 height=913 format=-2 mTransformHint=0
2026-02-06 14:21:11.969  6627-6766  BLASTBufferQueue        com.cdccreditsmart.app               D  [VRI[MainActivity]#11](f:0,a:1) acquireNextBufferLocked size=960x913 mFrameNumber=1 applyTransaction=true mTimestamp=4995884993682(auto) mPendingTransactions.size=0 graphicBufferId=28462748270639 transform=0
2026-02-06 14:21:12.555  6627-6627  WindowOnBackDispatcher  com.cdccreditsmart.app               W  sendCancelIfRunning: isInProgress=false callback=androidx.activity.OnBackPressedDispatcher$Api34Impl$createOnBackAnimationCallback$1@4d7cce1
2026-02-06 14:21:12.565  6627-6766  HWUI                    com.cdccreditsmart.app               D  endAllActiveAnimators on 0xb4000073b5b96730 (UnprojectedRipple) with handle 0xb400007265b4f160
2026-02-06 14:21:12.565  6627-6627  View                    com.cdccreditsmart.app               D  [Warning] assignParent to null: this = DecorView@b4392e5[MainActivity]
2026-02-06 14:21:12.578  6627-6654  BLASTBufferQueue        com.cdccreditsmart.app               D  [VRI[MainActivity]#11](f:0,a:1) destructor()
2026-02-06 14:21:12.579  6627-6654  BufferQueueConsumer     com.cdccreditsmart.app               D  [VRI[MainActivity]#11(BLAST Consumer)11](id:19e30000000b,api:0,p:-1,c:6627) disconnect
2026-02-06 14:21:12.600  6627-6627  UninstallFlowActivity   com.cdccreditsmart.app               I  
2026-02-06 14:21:12.600  6627-6627  UninstallFlowActivity   com.cdccreditsmart.app               I  ╔════════════════════════════════════════════════════════════╗
2026-02-06 14:21:12.600  6627-6627  UninstallFlowActivity   com.cdccreditsmart.app               I  ║     FLUXO DE DESINSTALAÇÃO SEGURA - CREDIT SMART          ║
2026-02-06 14:21:12.600  6627-6627  UninstallFlowActivity   com.cdccreditsmart.app               I  ╚════════════════════════════════════════════════════════════╝
2026-02-06 14:21:12.600  6627-6627  UninstallFlowActivity   com.cdccreditsmart.app               I  
2026-02-06 14:21:12.600  6627-6627  UninstallFlowActivity   com.cdccreditsmart.app               I  Tipo de desinstalação: not_activated
2026-02-06 14:21:12.600  6627-6627  UninstallFlowActivity   com.cdccreditsmart.app               I  Diálogo já lançado: false
2026-02-06 14:21:12.601  6627-6627  SettingsGuardService    com.cdccreditsmart.app               I  🗑️ Guard PAUSADO para desinstalação voluntária
2026-02-06 14:21:12.601  6627-6627  SettingsGuardService    com.cdccreditsmart.app               I     Proteção desativada - usuário pode desinstalar
2026-02-06 14:21:12.601  6627-6627  SettingsGuardService    com.cdccreditsmart.app               I     Timeout: 120s para auto-recuperação
2026-02-06 14:21:12.601  6627-6627  UninstallFlowActivity   com.cdccreditsmart.app               I  ⏸️ SettingsGuard pausado para desinstalação
2026-02-06 14:21:12.603  6627-6627  UninstallFlowActivity   com.cdccreditsmart.app               I  
2026-02-06 14:21:12.603  6627-6627  UninstallFlowActivity   com.cdccreditsmart.app               I  [PASSO 1/4] Verificando privilégios...
2026-02-06 14:21:12.603  6627-6627  UninstallFlowActivity   com.cdccreditsmart.app               I     Device Owner: NÃO
2026-02-06 14:21:12.603  6627-6627  UninstallFlowActivity   com.cdccreditsmart.app               I     Device Admin: NÃO
2026-02-06 14:21:12.603  6627-6627  UninstallFlowActivity   com.cdccreditsmart.app               I  
2026-02-06 14:21:12.603  6627-6627  UninstallFlowActivity   com.cdccreditsmart.app               I  [PASSO 2/4] App sem privilégios especiais
2026-02-06 14:21:12.603  6627-6627  UninstallFlowActivity   com.cdccreditsmart.app               I  [PASSO 3/4] Nenhuma proteção a remover
2026-02-06 14:21:12.603  6627-6627  UninstallFlowActivity   com.cdccreditsmart.app               I  
2026-02-06 14:21:12.603  6627-6627  UninstallFlowActivity   com.cdccreditsmart.app               I  [PASSO 4/4] Iniciando desinstalação do sistema...
2026-02-06 14:21:12.603  6627-6627  UninstallFlowActivity   com.cdccreditsmart.app               I  
2026-02-06 14:21:12.624  6627-6627  Activity                com.cdccreditsmart.app               D  onResume setDolbyGameProfilePackage lastPkg =  currentPkg = com.cdccreditsmart.app
2026-02-06 14:21:12.625  6627-6627  UninstallFlowActivity   com.cdccreditsmart.app               I  
2026-02-06 14:21:12.626  6627-6627  UninstallFlowActivity   com.cdccreditsmart.app               I  ╔════════════════════════════════════════════════════════════╗
2026-02-06 14:21:12.626  6627-6627  UninstallFlowActivity   com.cdccreditsmart.app               I  ║     RETORNO DO DIÁLOGO DE DESINSTALAÇÃO                   ║
2026-02-06 14:21:12.626  6627-6627  UninstallFlowActivity   com.cdccreditsmart.app               I  ╚════════════════════════════════════════════════════════════╝
2026-02-06 14:21:12.626  6627-6627  UninstallFlowActivity   com.cdccreditsmart.app               I  
2026-02-06 14:21:12.631  6627-6627  VRI[Uninst...wActivity] com.cdccreditsmart.app               D  hardware acceleration = true, forceHwAccelerated = false
2026-02-06 14:21:12.635  6627-6627  InputEventReceiver      com.cdccreditsmart.app               D  Input log is disabled in InputEventReceiver.
2026-02-06 14:21:12.648  6627-6627  BufferQueueConsumer     com.cdccreditsmart.app               D  [](id:19e30000000c,api:0,p:-1,c:6627) connect: controlledByApp=false
2026-02-06 14:21:12.649  6627-6627  BLASTBufferQueue        com.cdccreditsmart.app               D  [VRI[UninstallFlowActivity]#12](f:0,a:0) constructor()
2026-02-06 14:21:12.649  6627-6627  BLASTBufferQueue        com.cdccreditsmart.app               D  [VRI[UninstallFlowActivity]#12](f:0,a:0) update width=1080 height=2400 format=-2 mTransformHint=0
2026-02-06 14:21:12.656  6627-6766  BLASTBufferQueue        com.cdccreditsmart.app               D  [VRI[UninstallFlowActivity]#12](f:0,a:1) acquireNextBufferLocked size=1080x2400 mFrameNumber=1 applyTransaction=true mTimestamp=4996572361682(auto) mPendingTransactions.size=0 graphicBufferId=28462748270640 transform=0
2026-02-06 14:21:12.752  6627-6627  Activity                com.cdccreditsmart.app               D  onResume setDolbyGameProfilePackage lastPkg =  currentPkg = com.cdccreditsmart.app
2026-02-06 14:21:12.753  6627-6627  UninstallFlowActivity   com.cdccreditsmart.app               I  
2026-02-06 14:21:12.753  6627-6627  UninstallFlowActivity   com.cdccreditsmart.app               I  ╔════════════════════════════════════════════════════════════╗
2026-02-06 14:21:12.753  6627-6627  UninstallFlowActivity   com.cdccreditsmart.app               I  ║     RETORNO DO DIÁLOGO DE DESINSTALAÇÃO                   ║
2026-02-06 14:21:12.753  6627-6627  UninstallFlowActivity   com.cdccreditsmart.app               I  ╚════════════════════════════════════════════════════════════╝
2026-02-06 14:21:12.753  6627-6627  UninstallFlowActivity   com.cdccreditsmart.app               I  
2026-02-06 14:21:13.126  6627-6627  UninstallFlowActivity   com.cdccreditsmart.app               W  RESULTADO: Usuário CANCELOU a desinstalação
2026-02-06 14:21:13.127  6627-6627  UninstallFlowActivity   com.cdccreditsmart.app               W  
2026-02-06 14:21:13.127  6627-6627  UninstallFlowActivity   com.cdccreditsmart.app               W  ATENÇÃO: Proteções foram removidas e NÃO podem ser reaplicadas!
2026-02-06 14:21:13.127  6627-6627  UninstallFlowActivity   com.cdccreditsmart.app               W     O app não é mais Device Owner/Admin
2026-02-06 14:21:13.127  6627-6627  UninstallFlowActivity   com.cdccreditsmart.app               W     Para restaurar proteções, reprovisionar via:
2026-02-06 14:21:13.127  6627-6627  UninstallFlowActivity   com.cdccreditsmart.app               W       1. Factory reset + QR Code de provisionamento
2026-02-06 14:21:13.127  6627-6627  UninstallFlowActivity   com.cdccreditsmart.app               W       2. ADB: dpm set-device-owner
2026-02-06 14:21:13.127  6627-6627  SettingsGuardService    com.cdccreditsmart.app               I  ▶️ Guard RETOMADO após desinstalação cancelada
2026-02-06 14:21:13.127  6627-6627  UninstallFlowActivity   com.cdccreditsmart.app               I  ▶️ SettingsGuard retomado
2026-02-06 14:21:13.127  6627-6627  UninstallFlowActivity   com.cdccreditsmart.app               I  ▶️ SettingsGuard retomado após cancelamento
2026-02-06 14:21:13.150  6627-6627  Activity                com.cdccreditsmart.app               D  onResume setDolbyGameProfilePackage lastPkg =  currentPkg = com.cdccreditsmart.app
2026-02-06 14:21:13.175  6627-6627  VRI[Uninst...wActivity] com.cdccreditsmart.app               D  visibilityChanged oldVisibility=true newVisibility=false
2026-02-06 14:21:13.182  6627-6627  WindowOnBackDispatcher  com.cdccreditsmart.app               W  sendCancelIfRunning: isInProgress=false callback=android.app.Activity$$ExternalSyntheticLambda0@8939409
2026-02-06 14:21:13.182  6627-6627  UninstallFlowActivity   com.cdccreditsmart.app               I  onDestroy: App ainda instalado após tentativa de desinstalação
2026-02-06 14:21:13.184  6627-6766  BLASTBufferQueue        com.cdccreditsmart.app               D  [VRI[UninstallFlowActivity]#12](f:0,a:1) destructor()
2026-02-06 14:21:13.184  6627-6766  BufferQueueConsumer     com.cdccreditsmart.app               D  [VRI[UninstallFlowActivity]#12(BLAST Consumer)12](id:19e30000000c,api:0,p:-1,c:6627) disconnect
2026-02-06 14:21:13.185  6627-6627  View                    com.cdccreditsmart.app               D  [Warning] assignParent to null: this = DecorView@7dd2722[UninstallFlowActivity]
2026-02-06 14:21:13.262  6627-6627  UninstallFlowActivity   com.cdccreditsmart.app               W  RESULTADO: Usuário CANCELOU a desinstalação
2026-02-06 14:21:13.263  6627-6627  UninstallFlowActivity   com.cdccreditsmart.app               W  
2026-02-06 14:21:13.263  6627-6627  UninstallFlowActivity   com.cdccreditsmart.app               W  ATENÇÃO: Proteções foram removidas e NÃO podem ser reaplicadas!
2026-02-06 14:21:13.263  6627-6627  UninstallFlowActivity   com.cdccreditsmart.app               W     O app não é mais Device Owner/Admin
2026-02-06 14:21:13.263  6627-6627  UninstallFlowActivity   com.cdccreditsmart.app               W     Para restaurar proteções, reprovisionar via:
2026-02-06 14:21:13.263  6627-6627  UninstallFlowActivity   com.cdccreditsmart.app               W       1. Factory reset + QR Code de provisionamento
2026-02-06 14:21:13.263  6627-6627  UninstallFlowActivity   com.cdccreditsmart.app               W       2. ADB: dpm set-device-owner
2026-02-06 14:21:13.263  6627-6627  SettingsGuardService    com.cdccreditsmart.app               I  ▶️ Guard RETOMADO após desinstalação cancelada
2026-02-06 14:21:13.263  6627-6627  UninstallFlowActivity   com.cdccreditsmart.app               I  ▶️ SettingsGuard retomado
2026-02-06 14:21:13.263  6627-6627  UninstallFlowActivity   com.cdccreditsmart.app               I  ▶️ SettingsGuard retomado após cancelamento
2026-02-06 14:21:13.757  6627-6762  SettingsGuardService    com.cdccreditsmart.app               D  📋 Activity check - Full: com.cdccreditsmart.app.presentation.MainActivity, Simple: MainActivity
2026-02-06 14:21:13.851  6627-6627  VRI[MainActivity]       com.cdccreditsmart.app               D  hardware acceleration = true, forceHwAccelerated = false
2026-02-06 14:21:13.860  6627-6627  InputEventReceiver      com.cdccreditsmart.app               D  Input log is disabled in InputEventReceiver.
2026-02-06 14:21:13.927  6627-6627  BufferQueueConsumer     com.cdccreditsmart.app               D  [](id:19e30000000d,api:0,p:-1,c:6627) connect: controlledByApp=false
2026-02-06 14:21:13.928  6627-6627  BLASTBufferQueue        com.cdccreditsmart.app               D  [VRI[MainActivity]#13](f:0,a:0) constructor()
2026-02-06 14:21:13.928  6627-6627  BLASTBufferQueue        com.cdccreditsmart.app               D  [VRI[MainActivity]#13](f:0,a:0) update width=960 height=1302 format=-2 mTransformHint=0
2026-02-06 14:21:13.954  6627-6766  BLASTBufferQueue        com.cdccreditsmart.app               D  [VRI[MainActivity]#13](f:0,a:1) acquireNextBufferLocked size=960x1302 mFrameNumber=1 applyTransaction=true mTimestamp=4997869658989(auto) mPendingTransactions.size=0 graphicBufferId=28462748270647 transform=0
2026-02-06 14:21:14.486  6627-6627  WindowOnBackDispatcher  com.cdccreditsmart.app               W  sendCancelIfRunning: isInProgress=false callback=androidx.activity.OnBackPressedDispatcher$Api34Impl$createOnBackAnimationCallback$1@3e4a191
2026-02-06 14:21:14.499  6627-6766  HWUI                    com.cdccreditsmart.app               D  endAllActiveAnimators on 0xb4000073b5ba88e0 (UnprojectedRipple) with handle 0xb400007265b54710
2026-02-06 14:21:14.500  6627-6627  View                    com.cdccreditsmart.app               D  [Warning] assignParent to null: this = DecorView@854ad11[MainActivity]
2026-02-06 14:21:14.510  6627-6650  BLASTBufferQueue        com.cdccreditsmart.app               D  [VRI[MainActivity]#13](f:0,a:1) destructor()
2026-02-06 14:21:14.510  6627-6650  BufferQueueConsumer     com.cdccreditsmart.app               D  [VRI[MainActivity]#13(BLAST Consumer)13](id:19e30000000d,api:0,p:-1,c:6627) disconnect
2026-02-06 14:21:14.516  6627-6627  VRI[MainActivity]       com.cdccreditsmart.app               D  hardware acceleration = true, forceHwAccelerated = false
2026-02-06 14:21:14.526  6627-6627  InputEventReceiver      com.cdccreditsmart.app               D  Input log is disabled in InputEventReceiver.
2026-02-06 14:21:14.588  6627-6627  BufferQueueConsumer     com.cdccreditsmart.app               D  [](id:19e30000000e,api:0,p:-1,c:6627) connect: controlledByApp=false
2026-02-06 14:21:14.589  6627-6627  BLASTBufferQueue        com.cdccreditsmart.app               D  [VRI[MainActivity]#14](f:0,a:0) constructor()
2026-02-06 14:21:14.589  6627-6627  BLASTBufferQueue        com.cdccreditsmart.app               D  [VRI[MainActivity]#14](f:0,a:0) update width=960 height=913 format=-2 mTransformHint=0
2026-02-06 14:21:14.615  6627-6766  BLASTBufferQueue        com.cdccreditsmart.app               D  [VRI[MainActivity]#14](f:0,a:1) acquireNextBufferLocked size=960x913 mFrameNumber=1 applyTransaction=true mTimestamp=4998530733451(auto) mPendingTransactions.size=0 graphicBufferId=28462748270651 transform=0
2026-02-06 14:21:15.202  6627-6627  WindowOnBackDispatcher  com.cdccreditsmart.app               W  sendCancelIfRunning: isInProgress=false callback=androidx.activity.OnBackPressedDispatcher$Api34Impl$createOnBackAnimationCallback$1@365764e
2026-02-06 14:21:15.211  6627-6766  HWUI                    com.cdccreditsmart.app               D  endAllActiveAnimators on 0xb4000073b5baaf80 (UnprojectedRipple) with handle 0xb400007265b3e5d0
2026-02-06 14:21:15.211  6627-6627  View                    com.cdccreditsmart.app               D  [Warning] assignParent to null: this = DecorView@7975982[MainActivity]
2026-02-06 14:21:15.224  6627-6648  BLASTBufferQueue        com.cdccreditsmart.app               D  [VRI[MainActivity]#14](f:0,a:1) destructor()
2026-02-06 14:21:15.224  6627-6648  BufferQueueConsumer     com.cdccreditsmart.app               D  [VRI[MainActivity]#14(BLAST Consumer)14](id:19e30000000e,api:0,p:-1,c:6627) disconnect
2026-02-06 14:21:15.251  6627-6627  UninstallFlowActivity   com.cdccreditsmart.app               I  
2026-02-06 14:21:15.251  6627-6627  UninstallFlowActivity   com.cdccreditsmart.app               I  ╔════════════════════════════════════════════════════════════╗
2026-02-06 14:21:15.251  6627-6627  UninstallFlowActivity   com.cdccreditsmart.app               I  ║     FLUXO DE DESINSTALAÇÃO SEGURA - CREDIT SMART          ║
2026-02-06 14:21:15.251  6627-6627  UninstallFlowActivity   com.cdccreditsmart.app               I  ╚════════════════════════════════════════════════════════════╝
2026-02-06 14:21:15.251  6627-6627  UninstallFlowActivity   com.cdccreditsmart.app               I  
2026-02-06 14:21:15.251  6627-6627  UninstallFlowActivity   com.cdccreditsmart.app               I  Tipo de desinstalação: not_activated
2026-02-06 14:21:15.251  6627-6627  UninstallFlowActivity   com.cdccreditsmart.app               I  Diálogo já lançado: false
2026-02-06 14:21:15.251  6627-6627  SettingsGuardService    com.cdccreditsmart.app               I  🗑️ Guard PAUSADO para desinstalação voluntária
2026-02-06 14:21:15.251  6627-6627  SettingsGuardService    com.cdccreditsmart.app               I     Proteção desativada - usuário pode desinstalar
2026-02-06 14:21:15.251  6627-6627  SettingsGuardService    com.cdccreditsmart.app               I     Timeout: 120s para auto-recuperação
2026-02-06 14:21:15.251  6627-6627  UninstallFlowActivity   com.cdccreditsmart.app               I  ⏸️ SettingsGuard pausado para desinstalação
2026-02-06 14:21:15.253  6627-6627  UninstallFlowActivity   com.cdccreditsmart.app               I  
2026-02-06 14:21:15.253  6627-6627  UninstallFlowActivity   com.cdccreditsmart.app               I  [PASSO 1/4] Verificando privilégios...
2026-02-06 14:21:15.253  6627-6627  UninstallFlowActivity   com.cdccreditsmart.app               I     Device Owner: NÃO
2026-02-06 14:21:15.253  6627-6627  UninstallFlowActivity   com.cdccreditsmart.app               I     Device Admin: NÃO
2026-02-06 14:21:15.253  6627-6627  UninstallFlowActivity   com.cdccreditsmart.app               I  
2026-02-06 14:21:15.254  6627-6627  UninstallFlowActivity   com.cdccreditsmart.app               I  [PASSO 2/4] App sem privilégios especiais
2026-02-06 14:21:15.254  6627-6627  UninstallFlowActivity   com.cdccreditsmart.app               I  [PASSO 3/4] Nenhuma proteção a remover
2026-02-06 14:21:15.254  6627-6627  UninstallFlowActivity   com.cdccreditsmart.app               I  
2026-02-06 14:21:15.254  6627-6627  UninstallFlowActivity   com.cdccreditsmart.app               I  [PASSO 4/4] Iniciando desinstalação do sistema...
2026-02-06 14:21:15.254  6627-6627  UninstallFlowActivity   com.cdccreditsmart.app               I  
2026-02-06 14:21:15.281  6627-6627  Activity                com.cdccreditsmart.app               D  onResume setDolbyGameProfilePackage lastPkg =  currentPkg = com.cdccreditsmart.app
2026-02-06 14:21:15.281  6627-6627  UninstallFlowActivity   com.cdccreditsmart.app               I  
2026-02-06 14:21:15.281  6627-6627  UninstallFlowActivity   com.cdccreditsmart.app               I  ╔════════════════════════════════════════════════════════════╗
2026-02-06 14:21:15.281  6627-6627  UninstallFlowActivity   com.cdccreditsmart.app               I  ║     RETORNO DO DIÁLOGO DE DESINSTALAÇÃO                   ║
2026-02-06 14:21:15.281  6627-6627  UninstallFlowActivity   com.cdccreditsmart.app               I  ╚════════════════════════════════════════════════════════════╝
2026-02-06 14:21:15.281  6627-6627  UninstallFlowActivity   com.cdccreditsmart.app               I  
2026-02-06 14:21:15.285  6627-6627  VRI[Uninst...wActivity] com.cdccreditsmart.app               D  hardware acceleration = true, forceHwAccelerated = false
