2025-12-08 09:06:36.827 14598-14638 CdcForegroundService    com.cdccreditsmart.app               I  ğŸ’“ HeartbeatManager iniciado ANTES do WebSocket
2025-12-08 09:06:36.827 14598-14638 CdcForegroundService    com.cdccreditsmart.app               I  ğŸ“¡ ========================================
2025-12-08 09:06:36.827 14598-14638 CdcForegroundService    com.cdccreditsmart.app               I  ğŸ“¡ CONECTANDO WebSocket MDM...
2025-12-08 09:06:36.828 14598-14638 CdcForegroundService    com.cdccreditsmart.app               I  ğŸ“¡ ========================================
2025-12-08 09:06:36.828 14598-14638 CdcForegroundService    com.cdccreditsmart.app               I  ğŸ“¡ AuthToken length: 260 caracteres
2025-12-08 09:06:36.828 14598-14638 CdcForegroundService    com.cdccreditsmart.app               I  ğŸ“¡ AuthToken preview: eyJhbGciOiJIUzI1NiIs...
2025-12-08 09:06:36.828 14598-14638 CdcForegroundService    com.cdccreditsmart.app               I  ğŸ“¡ Contract code: XV8W5766
2025-12-08 09:06:36.828 14598-14638 CdcForegroundService    com.cdccreditsmart.app               I  ğŸ“¡ Chamando mdmReceiver.connectMdmWebSocket()...
2025-12-08 09:06:36.831 14598-14633 HeartbeatManager        com.cdccreditsmart.app               I  ğŸ’“ Enviando heartbeat IMEDIATO...
2025-12-08 09:06:36.835 14598-14644 ContractCodeStorage     com.cdccreditsmart.app               D  Storage verification: 7 valid, 0 tampered, 0 missing
2025-12-08 09:06:36.844 14598-14644 ContractCodeStorage     com.cdccreditsmart.app               D  Contract code retrieved successfully
2025-12-08 09:06:36.845 14598-14644 SecureTokenStorage      com.cdccreditsmart.app               D  âš ï¸ Usando Serial Number para MDM (IMEI indisponÃ­vel): XV8W57...
2025-12-08 09:06:36.846 14598-14644 CdcForegroundService    com.cdccreditsmart.app               I  ğŸ” AuthToken presente: true
2025-12-08 09:06:36.846 14598-14644 CdcForegroundService    com.cdccreditsmart.app               I  ğŸ” AuthToken length: 260
2025-12-08 09:06:36.846 14598-14644 CdcForegroundService    com.cdccreditsmart.app               I  ğŸ” ContractCode presente: true
2025-12-08 09:06:36.846 14598-14644 CdcForegroundService    com.cdccreditsmart.app               I  ğŸ” ContractCode value: XV8W****
2025-12-08 09:06:36.846 14598-14644 CdcForegroundService    com.cdccreditsmart.app               I  ğŸ” MDM SerialNumber presente: true
2025-12-08 09:06:36.846 14598-14644 CdcForegroundService    com.cdccreditsmart.app               I  ğŸ” MDM SerialNumber value: XV8W5766...
2025-12-08 09:06:36.846 14598-14644 CdcForegroundService    com.cdccreditsmart.app               D  âœ… MDM foi inicializado por outra thread - ignorando
2025-12-08 09:06:36.868 14598-14647 okhttp.OkHttpClient     com.cdccreditsmart.app               I  --> POST https://cdccreditsmart.com/api/security/device-boot
2025-12-08 09:06:36.870 14598-14647 okhttp.OkHttpClient     com.cdccreditsmart.app               I  Content-Type: application/json; charset=UTF-8
2025-12-08 09:06:36.870 14598-14647 okhttp.OkHttpClient     com.cdccreditsmart.app               I  Content-Length: 475
2025-12-08 09:06:36.871 14598-14647 okhttp.OkHttpClient     com.cdccreditsmart.app               I  {"deviceFingerprint":"CDC_-1181676363_407aa9eb","bootTimestamp":1765195595412,"bootReason":"power_on","isFirstBootAfterInstall":false,"wasFactoryReset":false,"androidVersion":"16","apkVersion":"1.0.0-debug","securityPatchLevel":"2025-07-05","encryptionStatus":"unknown","deviceOwnerActive":false,"androidId":"555298e3034778dd","buildFingerprint":"google/sdk_gphone64_x86_64/emu64xa:16/BE2A.250530.026.D1/13818094:user/release-keys","hasAuthToken":true,"hasDeviceToken":false}
2025-12-08 09:06:36.871 14598-14647 okhttp.OkHttpClient     com.cdccreditsmart.app               I  --> END POST (475-byte body)
2025-12-08 09:06:36.874 14598-14633 SecureTokenStorage      com.cdccreditsmart.app               D  EncryptedSharedPreferences initialized successfully
2025-12-08 09:06:36.879 14598-14633 HeartbeatManager        com.cdccreditsmart.app               D  ğŸ’“ Usando authToken (fallback)
2025-12-08 09:06:36.890 14598-14638 SecureTokenStorage      com.cdccreditsmart.app               D  EncryptedSharedPreferences initialized successfully
2025-12-08 09:06:36.894 14598-14638 SecureTokenStorage      com.cdccreditsmart.app               D  âš ï¸ Usando Serial Number para MDM (IMEI indisponÃ­vel): XV8W57...
2025-12-08 09:06:36.894 14598-14638 MdmCommandReceiver      com.cdccreditsmart.app               I  ğŸ”— ========================================
2025-12-08 09:06:36.895 14598-14638 MdmCommandReceiver      com.cdccreditsmart.app               I  ğŸ”— INICIANDO CONEXÃƒO WEBSOCKET MDM
2025-12-08 09:06:36.895 14598-14638 MdmCommandReceiver      com.cdccreditsmart.app               I  ğŸ”— ========================================
2025-12-08 09:06:36.895 14598-14638 MdmCommandReceiver      com.cdccreditsmart.app               I  ğŸ”— URL base: wss://cdccreditsmart.com/ws/mdm-policies
2025-12-08 09:06:36.895 14598-14638 MdmCommandReceiver      com.cdccreditsmart.app               I  ğŸ”— JWT Token presente: true
2025-12-08 09:06:36.895 14598-14638 MdmCommandReceiver      com.cdccreditsmart.app               I  ğŸ”— JWT Token length: 260
2025-12-08 09:06:36.895 14598-14638 MdmCommandReceiver      com.cdccreditsmart.app               I  ğŸ”— JWT Token preview: eyJhbGciOiJIUzI1NiIsInR5cCI6Ik...
2025-12-08 09:06:36.895 14598-14638 MdmCommandReceiver      com.cdccreditsmart.app               I  ğŸ”— Device identifier: XV8W5766
2025-12-08 09:06:36.897 14598-14638 MdmCommandReceiver      com.cdccreditsmart.app               D  ğŸ”— Criando WebSocket OkHttp...
2025-12-08 09:06:36.897 14598-14638 MdmCommandReceiver      com.cdccreditsmart.app               I  ğŸ”„ Iniciando polling IMEDIATAMENTE (nÃ£o esperar WebSocket)
2025-12-08 09:06:36.899 14598-14634 MdmCommandReceiver      com.cdccreditsmart.app               I  ğŸ”„ ========================================
2025-12-08 09:06:36.899 14598-14634 MdmCommandReceiver      com.cdccreditsmart.app               I  ğŸ”„ INICIANDO POLLING FALLBACK MDM
2025-12-08 09:06:36.899 14598-14634 MdmCommandReceiver      com.cdccreditsmart.app               I  ğŸ”„ ========================================
2025-12-08 09:06:36.899 14598-14634 MdmCommandReceiver      com.cdccreditsmart.app               I  ğŸ”„ Intervalo: 30 segundos
2025-12-08 09:06:36.899 14598-14634 MdmCommandReceiver      com.cdccreditsmart.app               I  ğŸ”„ Endpoint: GET /api/apk/device/{identifier}/commands
2025-12-08 09:06:36.899 14598-14634 MdmCommandReceiver      com.cdccreditsmart.app               I  ğŸ”„ Executando verificaÃ§Ã£o IMEDIATA de comandos...
2025-12-08 09:06:36.902 14598-14634 SecureTokenStorage      com.cdccreditsmart.app               D  âš ï¸ Usando Serial Number para MDM (IMEI indisponÃ­vel): XV8W57...
2025-12-08 09:06:36.902 14598-14634 MdmCommandReceiver      com.cdccreditsmart.app               I  ğŸ” ========================================
2025-12-08 09:06:36.902 14598-14634 MdmCommandReceiver      com.cdccreditsmart.app               I  ğŸ” BUSCANDO COMANDOS PENDENTES
2025-12-08 09:06:36.902 14598-14634 MdmCommandReceiver      com.cdccreditsmart.app               I  ğŸ” ========================================
2025-12-08 09:06:36.902 14598-14633 HeartbeatManager        com.cdccreditsmart.app               D  ğŸ’“ Payload do heartbeat:
2025-12-08 09:06:36.902 14598-14633 HeartbeatManager        com.cdccreditsmart.app               D     deviceToken: eyJhbGciOiJIUzI1NiIs...
2025-12-08 09:06:36.902 14598-14633 HeartbeatManager        com.cdccreditsmart.app               D     currentBlockLevel: 0
2025-12-08 09:06:36.902 14598-14633 HeartbeatManager        com.cdccreditsmart.app               D     batteryLevel: 100
2025-12-08 09:06:36.903 14598-14633 HeartbeatManager        com.cdccreditsmart.app               D     isCharging: false
2025-12-08 09:06:36.903 14598-14633 HeartbeatManager        com.cdccreditsmart.app               D     currentSimImei: N/A...
2025-12-08 09:06:36.903 14598-14634 MdmCommandReceiver      com.cdccreditsmart.app               I  ğŸ” Identifier: XV8W5766
2025-12-08 09:06:36.903 14598-14634 MdmCommandReceiver      com.cdccreditsmart.app               I  ğŸ” Endpoint: GET /api/apk/device/XV8W5766/commands
2025-12-08 09:06:36.904 14598-14634 MdmCommandReceiver      com.cdccreditsmart.app               D  ğŸ” Executando requisiÃ§Ã£o HTTP (timeout: 15s)...
2025-12-08 09:06:36.907 14598-14638 MdmCommandReceiver      com.cdccreditsmart.app               D  ğŸ”— WebSocket request enviado - aguardando resposta...
2025-12-08 09:06:36.907 14598-14638 CdcForegroundService    com.cdccreditsmart.app               I  ğŸ“¡ ========================================
2025-12-08 09:06:36.907 14598-14638 CdcForegroundService    com.cdccreditsmart.app               I  ğŸ“¡ connectMdmWebSocket() CHAMADO - Aguardando conexÃ£o...
2025-12-08 09:06:36.907 14598-14638 CdcForegroundService    com.cdccreditsmart.app               I  ğŸ“¡ PrÃ³ximo log esperado: 'âœ… WebSocket MDM CONECTADO'
2025-12-08 09:06:36.907 14598-14638 CdcForegroundService    com.cdccreditsmart.app               I  ğŸ“¡ ========================================
2025-12-08 09:06:36.907 14598-14638 CdcForegroundService    com.cdccreditsmart.app               D  ğŸ“¡ Criando WebSocketManager (flow-status)...
2025-12-08 09:06:36.909 14598-14638 WebSocketManager        com.cdccreditsmart.app               D  Connecting to WebSocket: wss://cdccreditsmart.com/ws/flow-status
2025-12-08 09:06:36.911 14598-14638 CdcForegroundService    com.cdccreditsmart.app               I  ğŸ“¡ WebSocketManager inicializado
2025-12-08 09:06:36.911 14598-14638 CdcForegroundService    com.cdccreditsmart.app               I  ğŸ’¡ Overlay automÃ¡tico: PeriodicOverlayWorker (a cada 10min)
2025-12-08 09:06:36.913 14598-14638 HeartbeatWorker         com.cdccreditsmart.app               I  âœ… Heartbeat OTIMIZADO agendado via WorkManager
2025-12-08 09:06:36.914 14598-14638 HeartbeatWorker         com.cdccreditsmart.app               I     ğŸ“Š Intervalo: 60min (reduÃ§Ã£o de 75% vs 15min)
2025-12-08 09:06:36.914 14598-14638 HeartbeatWorker         com.cdccreditsmart.app               I     ğŸ¯ Economia: ~72 requisiÃ§Ãµes/dia por dispositivo
2025-12-08 09:06:36.917 14598-14638 IconProtectionWorker    com.cdccreditsmart.app               I  ğŸ“Œ IconProtectionWorker agendado (15 min)
2025-12-08 09:06:36.919 14598-14638 IconProtectionWorker    com.cdccreditsmart.app               I  ğŸ“Œ IconProtectionWorker executando agora
2025-12-08 09:06:36.920 14598-14638 CdcForegroundService    com.cdccreditsmart.app               I  ğŸ“Œ Worker de proteÃ§Ã£o do Ã­cone agendado e executando
2025-12-08 09:06:36.922 14598-14638 BlockingNotifWorker     com.cdccreditsmart.app               I  ğŸ“… Agendando verificaÃ§Ã£o de notificaÃ§Ãµes de bloqueio...
2025-12-08 09:06:36.922 14598-14638 BlockingNotifWorker     com.cdccreditsmart.app               I  âœ… Worker agendado para executar a cada 6h
2025-12-08 09:06:36.923 14598-14638 CdcForegroundService    com.cdccreditsmart.app               I  ğŸ“± Worker de notificaÃ§Ãµes de bloqueio agendado
2025-12-08 09:06:36.923 14598-14638 CdcForegroundService    com.cdccreditsmart.app               I  ğŸ”’ ========================================
2025-12-08 09:06:36.923 14598-14638 CdcForegroundService    com.cdccreditsmart.app               I  ğŸ”’ VERIFICANDO STUB PARA PERSISTÃŠNCIA
2025-12-08 09:06:36.924 14598-14638 CdcForegroundService    com.cdccreditsmart.app               I  ğŸ”’ ========================================
2025-12-08 09:06:36.927 14598-14638 StubManager             com.cdccreditsmart.app               D  Stub is NOT installed
2025-12-08 09:06:36.941 14598-14647 SecureTokenStorage      com.cdccreditsmart.app               D  EncryptedSharedPreferences initialized successfully
2025-12-08 09:06:36.961 14598-14638 SecureTokenStorage      com.cdccreditsmart.app               D  EncryptedSharedPreferences initialized successfully
2025-12-08 09:06:36.962 14598-14638 ContractCodeStorage     com.cdccreditsmart.app               D  Retrieving contract code from storage
2025-12-08 09:06:36.969 14598-14631 JobInfo                 com.cdccreditsmart.app               W  Requested important-while-foreground flag for job25 is ignored and takes no effect
2025-12-08 09:06:37.034 14598-14656 okhttp.OkHttpClient     com.cdccreditsmart.app               I  --> GET https://cdccreditsmart.com/api/apk/device/XV8W5766/commands
2025-12-08 09:06:37.035 14598-14656 okhttp.OkHttpClient     com.cdccreditsmart.app               I  --> END GET
2025-12-08 09:06:37.075 14598-14656 SecureTokenStorage      com.cdccreditsmart.app               D  EncryptedSharedPreferences initialized successfully
2025-12-08 09:06:37.105 14598-14657 okhttp.OkHttpClient     com.cdccreditsmart.app               I  --> POST https://cdccreditsmart.com/api/apk/device/heartbeat
2025-12-08 09:06:37.105 14598-14657 okhttp.OkHttpClient     com.cdccreditsmart.app               I  Content-Type: application/json; charset=UTF-8
2025-12-08 09:06:37.105 14598-14657 okhttp.OkHttpClient     com.cdccreditsmart.app               I  Content-Length: 364
2025-12-08 09:06:37.105 14598-14657 okhttp.OkHttpClient     com.cdccreditsmart.app               I  Authorization: Bearer eyJhbGciOiJIUzI1NiIsInR5cCI6IkpXVCJ9.eyJkZXZpY2VJZCI6ImRldmljZV8xNzY1MTQ4NzcxNDYyXzR0ZXd3NDJwMTE0IiwiYXBrVG9rZW4iOiJYVjhXNTc2NiIsInR5cGUiOiJhcGsiLCJleHBpcmVzSW4iOiIyNGgiLCJpYXQiOjE3NjUxOTQwNzYsImV4cCI6MTc2NTI4MDQ3Nn0.ls9aMXKyIbifUwDJ2K3gFXFn750Dv9Swbrj1yl5ls5Y
2025-12-08 09:06:37.106 14598-14657 okhttp.OkHttpClient     com.cdccreditsmart.app               I  {"deviceToken":"eyJhbGciOiJIUzI1NiIsInR5cCI6IkpXVCJ9.eyJkZXZpY2VJZCI6ImRldmljZV8xNzY1MTQ4NzcxNDYyXzR0ZXd3NDJwMTE0IiwiYXBrVG9rZW4iOiJYVjhXNTc2NiIsInR5cGUiOiJhcGsiLCJleHBpcmVzSW4iOiIyNGgiLCJpYXQiOjE3NjUxOTQwNzYsImV4cCI6MTc2NTI4MDQ3Nn0.ls9aMXKyIbifUwDJ2K3gFXFn750Dv9Swbrj1yl5ls5Y","currentBlockLevel":0,"batteryLevel":100,"isCharging":false,"timestamp":1765195596902}
2025-12-08 09:06:37.106 14598-14657 okhttp.OkHttpClient     com.cdccreditsmart.app               I  --> END POST (364-byte body)
2025-12-08 09:06:37.112 14598-14638 ContractCodeStorage     com.cdccreditsmart.app               D  Storage verification: 7 valid, 0 tampered, 0 missing
2025-12-08 09:06:37.112 14598-14638 ContractCodeStorage     com.cdccreditsmart.app               D  Contract code retrieved successfully
2025-12-08 09:06:37.112 14598-14638 StubManager             com.cdccreditsmart.app               D  Enrollment complete: true (deviceId=device_176..., contractCode=XV8W57...)
2025-12-08 09:06:37.113 14598-14638 StubManager             com.cdccreditsmart.app               D  Stub APK not found in assets: cdc_stub.apk
2025-12-08 09:06:37.114 14598-14638 CdcForegroundService    com.cdccreditsmart.app               I  ğŸ”’ Stub instalado: false
2025-12-08 09:06:37.114 14598-14638 CdcForegroundService    com.cdccreditsmart.app               I  ğŸ”’ Enrollment completo: true
2025-12-08 09:06:37.114 14598-14638 CdcForegroundService    com.cdccreditsmart.app               I  ğŸ”’ APK em assets: false
2025-12-08 09:06:37.114 14598-14638 CdcForegroundService    com.cdccreditsmart.app               I  ğŸ”’ Device Owner: false
2025-12-08 09:06:37.114 14598-14638 CdcForegroundService    com.cdccreditsmart.app               I  ğŸ”’ Pode instalar: false
2025-12-08 09:06:37.115 14598-14638 ContractCodeStorage     com.cdccreditsmart.app               D  Retrieving contract code from storage
2025-12-08 09:06:37.146 14598-14657 SecureTokenStorage      com.cdccreditsmart.app               D  EncryptedSharedPreferences initialized successfully
2025-12-08 09:06:37.181 14598-14633 SettingsGuardService    com.cdccreditsmart.app               D  ğŸ“‹ Activity check - Full: com.cdccreditsmart.app.presentation.MainActivity, Simple: MainActivity
2025-12-08 09:06:37.229 14598-14638 ContractCodeStorage     com.cdccreditsmart.app               D  Storage verification: 7 valid, 0 tampered, 0 missing
2025-12-08 09:06:37.230 14598-14638 ContractCodeStorage     com.cdccreditsmart.app               D  Contract code retrieved successfully
2025-12-08 09:06:37.230 14598-14638 StubManager             com.cdccreditsmart.app               D  Enrollment complete: true (deviceId=device_176..., contractCode=XV8W57...)
2025-12-08 09:06:37.230 14598-14638 StubManager             com.cdccreditsmart.app               D  Stub is NOT installed
2025-12-08 09:06:37.231 14598-14638 StubManager             com.cdccreditsmart.app               D  Stub APK not found in assets: cdc_stub.apk
2025-12-08 09:06:37.231 14598-14638 StubManager             com.cdccreditsmart.app               W  Stub APK not found in assets - skipping installation
2025-12-08 09:06:37.232 14598-14638 CdcForegroundService    com.cdccreditsmart.app               W  ğŸ”’ âš ï¸ Stub APK nÃ£o encontrado em assets/
2025-12-08 09:06:37.232 14598-14638 CdcForegroundService    com.cdccreditsmart.app               I  ğŸ”’ ========================================
2025-12-08 09:06:37.233 14598-14638 CdcForegroundService    com.cdccreditsmart.app               I  ğŸ“¦ ========================================
2025-12-08 09:06:37.234 14598-14638 CdcForegroundService    com.cdccreditsmart.app               I  ğŸ“¦ APK PRELOAD PARA FACTORY RESET (Multi-Fabricante)
2025-12-08 09:06:37.234 14598-14638 CdcForegroundService    com.cdccreditsmart.app               I  ğŸ“¦ ========================================
2025-12-08 09:06:37.234 14598-14638 ApkPreloadManager       com.cdccreditsmart.app               I  ğŸ“± Fabricante genÃ©rico - usando caminhos AOSP
2025-12-08 09:06:37.238 14598-14638 CdcForegroundService    com.cdccreditsmart.app               I  ğŸ“¦ APK em preload: false
2025-12-08 09:06:37.242 14598-14638 CdcForegroundService    com.cdccreditsmart.app               I  ğŸ“¦ â³ NÃ£o Ã© Device Owner - preload nÃ£o disponÃ­vel
2025-12-08 09:06:37.243 14598-14638 CdcForegroundService    com.cdccreditsmart.app               I  ğŸ“¦ ========================================
2025-12-08 09:06:37.244 14598-14638 CdcForegroundService    com.cdccreditsmart.app               I  ğŸ”„ ========================================
2025-12-08 09:06:37.244 14598-14638 CdcForegroundService    com.cdccreditsmart.app               I  ğŸ”„ SINCRONIZAÃ‡ÃƒO IMEDIATA DE BLOQUEIO
2025-12-08 09:06:37.246 14598-14638 CdcForegroundService    com.cdccreditsmart.app               I  ğŸ”„ ========================================
2025-12-08 09:06:37.247 14598-14638 CdcForegroundService    com.cdccreditsmart.app               W  ğŸ”„ âš ï¸ NÃ£o Ã© Device Owner - sincronizaÃ§Ã£o ignorada
2025-12-08 09:06:37.247 14598-14638 CdcForegroundService    com.cdccreditsmart.app               I  âœ… Todos os serviÃ§os MDM inicializados com sucesso
2025-12-08 09:06:37.454 14598-14598 CdcForegroundService    com.cdccreditsmart.app               D  ğŸš€ ServiÃ§o onStartCommand() - Action: com.cdccreditsmart.app.START_SERVICE
2025-12-08 09:06:37.462 14598-14598 CdcForegroundService    com.cdccreditsmart.app               I  âœ… Foreground Service ativo (Android 12+)
2025-12-08 09:06:37.463 14598-14638 CdcForegroundService    com.cdccreditsmart.app               I  ğŸ”§ ========================================
2025-12-08 09:06:37.463 14598-14638 CdcForegroundService    com.cdccreditsmart.app               I  ğŸ”§ INICIANDO initializeServices()...
2025-12-08 09:06:37.463 14598-14638 CdcForegroundService    com.cdccreditsmart.app               I  ğŸ”§ ========================================
2025-12-08 09:06:37.463 14598-14638 CdcForegroundService    com.cdccreditsmart.app               D  âœ… ServiÃ§os base jÃ¡ inicializados
2025-12-08 09:06:37.463 14598-14638 CdcForegroundService    com.cdccreditsmart.app               D  âœ… MDM jÃ¡ inicializado - ignorando chamada duplicada
2025-12-08 09:06:37.466 14598-14598 FactoryResetRecovery    com.cdccreditsmart.app               I  ========================================
2025-12-08 09:06:37.466 14598-14598 FactoryResetRecovery    com.cdccreditsmart.app               I  ğŸ”„ BOOT DETECTADO (android.intent.action.BOOT_COMPLETED) - Verificando recuperaÃ§Ã£o
2025-12-08 09:06:37.466 14598-14598 FactoryResetRecovery    com.cdccreditsmart.app               I  ========================================
2025-12-08 09:06:37.468 14598-14633 ContractCodeStorage     com.cdccreditsmart.app               D  Retrieving contract code from storage
2025-12-08 09:06:37.493 14598-14608 HWUI                    com.cdccreditsmart.app               I  Davey! duration=1534ms; Flags=1, FrameTimelineVsyncId=488870, IntendedVsync=8543575508802, Vsync=8543808842126, InputEventId=0, HandleInputStart=8543825719700, AnimationStart=8543825752800, PerformTraversalsStart=8543825771900, DrawStart=8544935103900, FrameDeadline=8543592175468, FrameStartTime=8543825066800, FrameInterval=16666666, WorkloadTarget=16666666, SyncQueued=8544943992600, SyncStart=8545010477100, IssueDrawCommandsStart=8545010565800, SwapBuffers=8545158601500, FrameCompleted=8545176846800, DequeueBufferDuration=15600, QueueBufferDuration=193100, GpuCompleted=8545176846800, SwapBuffersCompleted=8545171074200, DisplayPresentTime=0, CommandSubmissionCompleted=8545158601500, 
2025-12-08 09:06:37.527 14598-14598 PermissionGateScreen    com.cdccreditsmart.app               I  ğŸ” VERIFICAÃ‡ÃƒO INICIAL DE PERMISSÃ•ES:
2025-12-08 09:06:37.528 14598-14598 PermissionGateScreen    com.cdccreditsmart.app               I     NÃ­vel: DEVICE_ADMIN
2025-12-08 09:06:37.528 14598-14598 PermissionGateScreen    com.cdccreditsmart.app               I     Todas concedidas: true
2025-12-08 09:06:37.529 14598-14598 PermissionGateScreen    com.cdccreditsmart.app               I     Bateria isenta: true
2025-12-08 09:06:37.529 14598-14598 PermissionGateScreen    com.cdccreditsmart.app               I     âœ… OK: Administrador do Dispositivo
2025-12-08 09:06:37.529 14598-14598 PermissionGateScreen    com.cdccreditsmart.app               I     âœ… OK: PermissÃµes BÃ¡sicas
2025-12-08 09:06:37.529 14598-14598 PermissionGateScreen    com.cdccreditsmart.app               I     âœ… OK: Monitoramento de Apps
2025-12-08 09:06:37.529 14598-14598 PermissionGateScreen    com.cdccreditsmart.app               I     âœ… OK: Mostrar Alertas
2025-12-08 09:06:37.529 14598-14598 PermissionGateScreen    com.cdccreditsmart.app               I     âœ… OK: ExecuÃ§Ã£o em Segundo Plano
2025-12-08 09:06:37.529 14598-14598 PermissionGateScreen    com.cdccreditsmart.app               I  âœ… TODAS AS PERMISSÃ•ES JÃ CONCEDIDAS - navegando imediatamente
2025-12-08 09:06:37.529 14598-14598 SettingsGuardService    com.cdccreditsmart.app               I  â–¶ï¸ Guard RETOMADO apÃ³s fluxo de permissÃµes
2025-12-08 09:06:37.543 14598-14649 WebSocketManager        com.cdccreditsmart.app               D  WebSocket connection opened
2025-12-08 09:06:37.544 14598-14649 WebSocketManager        com.cdccreditsmart.app               D  WebSocket connected for contract: XV8W5766
2025-12-08 09:06:37.544 14598-14649 WebSocketManager        com.cdccreditsmart.app               D  Starting heartbeat
2025-12-08 09:06:37.550 14598-14648 MdmCommandReceiver      com.cdccreditsmart.app               I  âœ… WebSocket MDM CONECTADO COM SUCESSO!
2025-12-08 09:06:37.550 14598-14648 MdmCommandReceiver      com.cdccreditsmart.app               D  âœ… Response code: 101
2025-12-08 09:06:37.550 14598-14648 MdmCommandReceiver      com.cdccreditsmart.app               I  â³ Aguardando 'auth_required' do servidor...
2025-12-08 09:06:37.550 14598-14638 MdmCommandReceiver      com.cdccreditsmart.app               D  â° Watchdog cancelado (conexÃ£o resolvida)
2025-12-08 09:06:37.551 14598-14648 MdmCommandReceiver      com.cdccreditsmart.app               D  â³ Polling jÃ¡ estÃ¡ ativo - ignorando chamada duplicada
2025-12-08 09:06:37.551 14598-14638 MdmCommandReceiver      com.cdccreditsmart.app               I  ğŸ’“ Iniciando ping manual JSON (intervalo: 25s)
2025-12-08 09:06:37.552 14598-14648 MdmCommandReceiver      com.cdccreditsmart.app               D  ğŸ“¥ Mensagem MDM recebida: {"type":"welcome","message":"Connected to unified WebSocket server","connectionId":"c0ed5ce5-0083-4da1-8f37-a4b3cc1dcca3","path":"/ws/mdm-policies","routerKey":"mdm-policies","timestamp":"2025-12-08T12:06:37.839Z","serverTime":"2025-12-08T12:06:37.839Z"}
2025-12-08 09:06:37.554 14598-14648 MdmCommandReceiver      com.cdccreditsmart.app               D  ğŸ“¥ Mensagem MDM recebida: {"type":"auth_required","message":"Please authenticate via message with serialNumber, deviceFingerprint or androidId","timeout":60,"timestamp":"2025-12-08T12:06:37.840Z"}
2025-12-08 09:06:37.554 14598-14638 MdmCommandReceiver      com.cdccreditsmart.app               D  ğŸ“¥ JSON recebido: {"type":"welcome","message":"Connected to unified WebSocket server","connectionId":"c0ed5ce5-0083-4da1-8f37-a4b3cc1dcca3","path":"/ws/mdm-policies","routerKey":"mdm-policies","timestamp":"2025-12-08T12:06:37.839Z","serverTime":"2025-12-08T12:06:37.839Z"}
2025-12-08 09:06:37.558 14598-14644 MdmCommandReceiver      com.cdccreditsmart.app               D  ğŸ“¥ JSON recebido: {"type":"auth_required","message":"Please authenticate via message with serialNumber, deviceFingerprint or androidId","timeout":60,"timestamp":"2025-12-08T12:06:37.840Z"}
2025-12-08 09:06:37.592 14598-14598 Choreographer           com.cdccreditsmart.app               I  Skipped 85 frames!  The application may be doing too much work on its main thread.
2025-12-08 09:06:37.609 14598-14644 MdmCommandReceiver      com.cdccreditsmart.app               D  ğŸ“¨ Tipo de mensagem: auth_required
2025-12-08 09:06:37.612 14598-14644 MdmCommandReceiver      com.cdccreditsmart.app               W  âš ï¸ ========================================
2025-12-08 09:06:37.617 14598-14638 MdmCommandReceiver      com.cdccreditsmart.app               D  ğŸ“¨ Tipo de mensagem: welcome
2025-12-08 09:06:37.619 14598-14638 MdmCommandReceiver      com.cdccreditsmart.app               D  ğŸ‘‹ Mensagem de boas-vindas do servidor
2025-12-08 09:06:37.619 14598-14644 MdmCommandReceiver      com.cdccreditsmart.app               W  âš ï¸ AUTENTICAÃ‡ÃƒO REQUERIDA PELO SERVIDOR
2025-12-08 09:06:37.619 14598-14644 MdmCommandReceiver      com.cdccreditsmart.app               W  âš ï¸ ========================================
2025-12-08 09:06:37.619 14598-14644 MdmCommandReceiver      com.cdccreditsmart.app               W  âš ï¸ Reenviando mensagem de autenticaÃ§Ã£o...
2025-12-08 09:06:37.620 14598-14644 SecureTokenStorage      com.cdccreditsmart.app               D  âš ï¸ Usando Serial Number para MDM (IMEI indisponÃ­vel): XV8W57...
2025-12-08 09:06:37.652 14598-14644 MdmCommandReceiver      com.cdccreditsmart.app               I  ğŸ” ========================================
2025-12-08 09:06:37.654 14598-14644 MdmCommandReceiver      com.cdccreditsmart.app               I  ğŸ” ENVIANDO AUTENTICAÃ‡ÃƒO WEBSOCKET
2025-12-08 09:06:37.654 14598-14644 MdmCommandReceiver      com.cdccreditsmart.app               I  ğŸ” ========================================
2025-12-08 09:06:37.654 14598-14644 MdmCommandReceiver      com.cdccreditsmart.app               I  ğŸ” serialNumber: XV8W5766...
2025-12-08 09:06:37.655 14598-14644 MdmCommandReceiver      com.cdccreditsmart.app               I  ğŸ” deviceToken: eyJhbGciOiJIUzI1NiIs...
2025-12-08 09:06:37.655 14598-14644 MdmCommandReceiver      com.cdccreditsmart.app               I  ğŸ” deviceFingerprint: N/A...
2025-12-08 09:06:37.655 14598-14644 MdmCommandReceiver      com.cdccreditsmart.app               I  ğŸ” imei: N/A***
2025-12-08 09:06:37.655 14598-14644 MdmCommandReceiver      com.cdccreditsmart.app               I  ğŸ” androidId: 555298e3...
2025-12-08 09:06:37.655 14598-14644 MdmCommandReceiver      com.cdccreditsmart.app               I  ğŸ” apkVersion: 1.0.0-debug
2025-12-08 09:06:37.655 14598-14644 MdmCommandReceiver      com.cdccreditsmart.app               I  âœ… Mensagem de autenticaÃ§Ã£o enviada com sucesso (7 campos)
2025-12-08 09:06:37.662 14598-14598 BootReceiver            com.cdccreditsmart.app               I  Dispositivo iniciado - starting CdcForegroundService
2025-12-08 09:06:37.662 14598-14598 FactoryResetRecovery    com.cdccreditsmart.app               I  Initializing Factory Reset Recovery system
2025-12-08 09:06:37.666 14598-14598 FactoryResetRecovery    com.cdccreditsmart.app               W  Cannot read device serial: getSerial: The uid 10219 does not meet the requirements to access device identifiers.
2025-12-08 09:06:37.685 14598-14610 HWUI                    com.cdccreditsmart.app               I  Davey! duration=1474ms; Flags=0, FrameTimelineVsyncId=488907, IntendedVsync=8543892175456, Vsync=8545308842066, InputEventId=0, HandleInputStart=8545312588800, AnimationStart=8545312603000, PerformTraversalsStart=8545354777600, DrawStart=8545355053000, FrameDeadline=8545208842070, FrameStartTime=8545311496300, FrameInterval=16666666, WorkloadTarget=16666666, SyncQueued=8545362577700, SyncStart=8545365750400, IssueDrawCommandsStart=8545366334800, SwapBuffers=8545366476000, FrameCompleted=8545369752900, DequeueBufferDuration=15000, QueueBufferDuration=2139600, GpuCompleted=8545369657700, SwapBuffersCompleted=8545369752900, DisplayPresentTime=0, CommandSubmissionCompleted=8545366476000, 
2025-12-08 09:06:37.709 14598-14598 SecureTokenStorage      com.cdccreditsmart.app               D  EncryptedSharedPreferences initialized successfully
2025-12-08 09:06:37.709 14598-14598 ContractCodeStorage     com.cdccreditsmart.app               D  Retrieving contract code from storage
2025-12-08 09:06:37.818 14598-14633 ContractCodeStorage     com.cdccreditsmart.app               D  Storage verification: 7 valid, 0 tampered, 0 missing
2025-12-08 09:06:37.819 14598-14633 ContractCodeStorage     com.cdccreditsmart.app               D  Contract code retrieved successfully
2025-12-08 09:06:37.819 14598-14633 FactoryResetRecovery    com.cdccreditsmart.app               I  âœ… App jÃ¡ autenticado - nÃ£o Ã© recuperaÃ§Ã£o de factory reset
2025-12-08 09:06:37.876 14598-14656 okhttp.OkHttpClient     com.cdccreditsmart.app               I  <-- 200 https://cdccreditsmart.com/api/apk/device/XV8W5766/commands (841ms)
2025-12-08 09:06:37.894 14598-14656 okhttp.OkHttpClient     com.cdccreditsmart.app               I  access-control-allow-credentials: true
2025-12-08 09:06:37.894 14598-14656 okhttp.OkHttpClient     com.cdccreditsmart.app               I  access-control-allow-headers: Origin, X-Requested-With, Content-Type, Accept, Authorization, x-client-key, x-client-token, x-client-secret, cache-control
2025-12-08 09:06:37.898 14598-14656 okhttp.OkHttpClient     com.cdccreditsmart.app               I  access-control-allow-methods: GET, POST, PUT, PATCH, DELETE, OPTIONS
2025-12-08 09:06:37.899 14598-14656 okhttp.OkHttpClient     com.cdccreditsmart.app               I  access-control-allow-origin: *
2025-12-08 09:06:37.899 14598-14656 okhttp.OkHttpClient     com.cdccreditsmart.app               I  access-control-max-age: 86400
2025-12-08 09:06:37.903 14598-14656 okhttp.OkHttpClient     com.cdccreditsmart.app               I  content-length: 105
2025-12-08 09:06:37.907 14598-14656 okhttp.OkHttpClient     com.cdccreditsmart.app               I  content-security-policy: default-src 'self'; script-src 'self' 'unsafe-inline' 'unsafe-eval' https://replit.com; style-src 'self' 'unsafe-inline' https://replit.com; img-src 'self' data: https:; font-src 'self' data: https://replit.com; connect-src 'self';
2025-12-08 09:06:37.908 14598-14656 okhttp.OkHttpClient     com.cdccreditsmart.app               I  content-type: application/json; charset=utf-8
2025-12-08 09:06:37.908 14598-14656 okhttp.OkHttpClient     com.cdccreditsmart.app               I  date: Mon, 08 Dec 2025 12:06:38 GMT
2025-12-08 09:06:37.908 14598-14656 okhttp.OkHttpClient     com.cdccreditsmart.app               I  etag: W/"69-JnxUXIkeOJE9HbxGWOIXIkjIGm0"
2025-12-08 09:06:37.909 14598-14647 okhttp.OkHttpClient     com.cdccreditsmart.app               I  <-- 200 https://cdccreditsmart.com/api/security/device-boot (1036ms)
2025-12-08 09:06:37.910 14598-14647 okhttp.OkHttpClient     com.cdccreditsmart.app               I  access-control-allow-credentials: true
2025-12-08 09:06:37.910 14598-14647 okhttp.OkHttpClient     com.cdccreditsmart.app               I  access-control-allow-headers: Origin, X-Requested-With, Content-Type, Accept, Authorization, x-client-key, x-client-token, x-client-secret, cache-control
2025-12-08 09:06:37.911 14598-14647 okhttp.OkHttpClient     com.cdccreditsmart.app               I  access-control-allow-methods: GET, POST, PUT, PATCH, DELETE, OPTIONS
2025-12-08 09:06:37.911 14598-14647 okhttp.OkHttpClient     com.cdccreditsmart.app               I  access-control-allow-origin: *
2025-12-08 09:06:37.911 14598-14647 okhttp.OkHttpClient     com.cdccreditsmart.app               I  access-control-max-age: 86400
2025-12-08 09:06:37.911 14598-14656 okhttp.OkHttpClient     com.cdccreditsmart.app               I  permissions-policy: geolocation=(), microphone=(), camera=()
2025-12-08 09:06:37.912 14598-14656 okhttp.OkHttpClient     com.cdccreditsmart.app               I  referrer-policy: strict-origin-when-cross-origin
2025-12-08 09:06:37.912 14598-14656 okhttp.OkHttpClient     com.cdccreditsmart.app               I  strict-transport-security: max-age=63072000; includeSubDomains
2025-12-08 09:06:37.912 14598-14656 okhttp.OkHttpClient     com.cdccreditsmart.app               I  strict-transport-security: max-age=31536000; includeSubDomains
2025-12-08 09:06:37.912 14598-14656 okhttp.OkHttpClient     com.cdccreditsmart.app               I  x-anti-fraud-protection: active
2025-12-08 09:06:37.912 14598-14647 okhttp.OkHttpClient     com.cdccreditsmart.app               I  content-length: 234
2025-12-08 09:06:37.912 14598-14656 okhttp.OkHttpClient     com.cdccreditsmart.app               I  x-certificate-pinning-enabled: false
2025-12-08 09:06:37.913 14598-14647 okhttp.OkHttpClient     com.cdccreditsmart.app               I  content-security-policy: default-src 'self'; script-src 'self' 'unsafe-inline' 'unsafe-eval' https://replit.com; style-src 'self' 'unsafe-inline' https://replit.com; img-src 'self' data: https:; font-src 'self' data: https://replit.com; connect-src 'self';
2025-12-08 09:06:37.913 14598-14647 okhttp.OkHttpClient     com.cdccreditsmart.app               I  content-type: application/json; charset=utf-8
2025-12-08 09:06:37.913 14598-14647 okhttp.OkHttpClient     com.cdccreditsmart.app               I  date: Mon, 08 Dec 2025 12:06:38 GMT
2025-12-08 09:06:37.913 14598-14647 okhttp.OkHttpClient     com.cdccreditsmart.app               I  etag: W/"ea-6fGPPmEn8XS90WcbcAIDAZHUsk4"
2025-12-08 09:06:37.913 14598-14647 okhttp.OkHttpClient     com.cdccreditsmart.app               I  permissions-policy: geolocation=(), microphone=(), camera=()
2025-12-08 09:06:37.913 14598-14647 okhttp.OkHttpClient     com.cdccreditsmart.app               I  referrer-policy: strict-origin-when-cross-origin
2025-12-08 09:06:37.913 14598-14647 okhttp.OkHttpClient     com.cdccreditsmart.app               I  strict-transport-security: max-age=63072000; includeSubDomains
2025-12-08 09:06:37.913 14598-14647 okhttp.OkHttpClient     com.cdccreditsmart.app               I  strict-transport-security: max-age=31536000; includeSubDomains
2025-12-08 09:06:37.915 14598-14647 okhttp.OkHttpClient     com.cdccreditsmart.app               I  x-anti-fraud-protection: active
2025-12-08 09:06:37.915 14598-14647 okhttp.OkHttpClient     com.cdccreditsmart.app               I  x-certificate-pinning-enabled: false
2025-12-08 09:06:37.916 14598-14647 okhttp.OkHttpClient     com.cdccreditsmart.app               I  x-certificate-pinning-status: disabled-for-stability
2025-12-08 09:06:37.916 14598-14647 okhttp.OkHttpClient     com.cdccreditsmart.app               I  x-content-type-options: nosniff
2025-12-08 09:06:37.917 14598-14656 okhttp.OkHttpClient     com.cdccreditsmart.app               I  x-certificate-pinning-status: disabled-for-stability
2025-12-08 09:06:37.923 14598-14647 okhttp.OkHttpClient     com.cdccreditsmart.app               I  x-financial-data-protection: enabled
2025-12-08 09:06:37.935 14598-14647 okhttp.OkHttpClient     com.cdccreditsmart.app               I  x-frame-options: DENY
2025-12-08 09:06:37.935 14598-14647 okhttp.OkHttpClient     com.cdccreditsmart.app               I  x-transaction-security-level: maximum
2025-12-08 09:06:37.935 14598-14647 okhttp.OkHttpClient     com.cdccreditsmart.app               I  x-xss-protection: 1; mode=block
2025-12-08 09:06:37.935 14598-14647 okhttp.OkHttpClient     com.cdccreditsmart.app               I  via: 1.1 google
2025-12-08 09:06:37.935 14598-14647 okhttp.OkHttpClient     com.cdccreditsmart.app               I  alt-svc: h3=":443"; ma=2592000,h3-29=":443"; ma=2592000
2025-12-08 09:06:37.936 14598-14656 okhttp.OkHttpClient     com.cdccreditsmart.app               I  x-content-type-options: nosniff
2025-12-08 09:06:37.936 14598-14656 okhttp.OkHttpClient     com.cdccreditsmart.app               I  x-financial-data-protection: enabled
2025-12-08 09:06:37.936 14598-14656 okhttp.OkHttpClient     com.cdccreditsmart.app               I  x-frame-options: DENY
2025-12-08 09:06:37.936 14598-14656 okhttp.OkHttpClient     com.cdccreditsmart.app               I  x-transaction-security-level: maximum
2025-12-08 09:06:37.936 14598-14656 okhttp.OkHttpClient     com.cdccreditsmart.app               I  x-xss-protection: 1; mode=block
2025-12-08 09:06:37.936 14598-14656 okhttp.OkHttpClient     com.cdccreditsmart.app               I  via: 1.1 google
2025-12-08 09:06:37.936 14598-14656 okhttp.OkHttpClient     com.cdccreditsmart.app               I  alt-svc: h3=":443"; ma=2592000,h3-29=":443"; ma=2592000
2025-12-08 09:06:37.937 14598-14656 okhttp.OkHttpClient     com.cdccreditsmart.app               I  {"deviceId":"device_1765148771462_4teww42p114","serialNumber":"XV8W5766","commandsCount":0,"commands":[]}
2025-12-08 09:06:37.938 14598-14656 okhttp.OkHttpClient     com.cdccreditsmart.app               I  <-- END HTTP (105-byte body)
2025-12-08 09:06:37.941 14598-14647 okhttp.OkHttpClient     com.cdccreditsmart.app               I  {"success":true,"deviceId":"device_1765148771462_4teww42p114","serialNumber":"XV8W5766","pendingCommands":[],"serverTime":"2025-12-08T12:06:38.088Z","config":{"currentBlockLevel":6,"heartbeatIntervalMs":60000,"syncIntervalMs":300000}}
2025-12-08 09:06:37.942 14598-14647 okhttp.OkHttpClient     com.cdccreditsmart.app               I  <-- END HTTP (234-byte body)
2025-12-08 09:06:37.943 14598-14598 ContractCodeStorage     com.cdccreditsmart.app               D  Storage verification: 7 valid, 0 tampered, 0 missing
2025-12-08 09:06:37.943 14598-14598 ContractCodeStorage     com.cdccreditsmart.app               D  Contract code retrieved successfully
2025-12-08 09:06:37.950 14598-14648 MdmCommandReceiver      com.cdccreditsmart.app               D  ğŸ“¥ Mensagem MDM recebida: {"type":"authenticated","deviceId":"device_1765148771462_4teww42p114","serialNumber":"XV8W5766","message":"Device authenticated successfully","timestamp":"2025-12-08T12:06:38.238Z"}
2025-12-08 09:06:37.952 14598-14633 MdmCommandReceiver      com.cdccreditsmart.app               I  ğŸ” HTTP Response code: 200
2025-12-08 09:06:37.955 14598-14633 MdmCommandReceiver      com.cdccreditsmart.app               I  ğŸ” HTTP isSuccessful: true
2025-12-08 09:06:37.960 14598-14633 MdmCommandReceiver      com.cdccreditsmart.app               I  ğŸ” Response body deviceId: device_1765148771462_4teww42p114
2025-12-08 09:06:37.962 14598-14644 TamperDetection         com.cdccreditsmart.app               I  âœ… Boot reportado ao backend com sucesso!
2025-12-08 09:06:37.962 14598-14638 MdmCommandReceiver      com.cdccreditsmart.app               D  ğŸ“¥ JSON recebido: {"type":"authenticated","deviceId":"device_1765148771462_4teww42p114","serialNumber":"XV8W5766","message":"Device authenticated successfully","timestamp":"2025-12-08T12:06:38.238Z"}
2025-12-08 09:06:37.963 14598-14638 MdmCommandReceiver      com.cdccreditsmart.app               D  ğŸ“¨ Tipo de mensagem: authenticated
2025-12-08 09:06:37.964 14598-14638 MdmCommandReceiver      com.cdccreditsmart.app               I  âœ… ========================================
2025-12-08 09:06:37.966 14598-14638 MdmCommandReceiver      com.cdccreditsmart.app               I  âœ… AUTENTICAÃ‡ÃƒO WEBSOCKET CONFIRMADA! (v2.5)
2025-12-08 09:06:37.966 14598-14644 TamperDetection         com.cdccreditsmart.app               I     Success: true
2025-12-08 09:06:37.966 14598-14633 MdmCommandReceiver      com.cdccreditsmart.app               I  ğŸ” Response body serialNumber: XV8W5766
2025-12-08 09:06:37.966 14598-14633 MdmCommandReceiver      com.cdccreditsmart.app               I  ğŸ” Total de comandos: 0
2025-12-08 09:06:37.966 14598-14633 MdmCommandReceiver      com.cdccreditsmart.app               D  âœ… Nenhum comando pendente no servidor
2025-12-08 09:06:37.966 14598-14633 MdmCommandReceiver      com.cdccreditsmart.app               D  ğŸ“Š Fetch duration: 1063ms
2025-12-08 09:06:37.966 14598-14638 MdmCommandReceiver      com.cdccreditsmart.app               I  âœ… ========================================
2025-12-08 09:06:37.968 14598-14638 MdmCommandReceiver      com.cdccreditsmart.app               I  âœ… Device ID: device_1765148771462_4teww42p114
2025-12-08 09:06:37.970 14598-14638 MdmCommandReceiver      com.cdccreditsmart.app               I  âœ… Serial Number: XV8W5766
2025-12-08 09:06:37.970 14598-14638 MdmCommandReceiver      com.cdccreditsmart.app               I  âœ… Mensagem: Device authenticated successfully
2025-12-08 09:06:37.970 14598-14638 MdmCommandReceiver      com.cdccreditsmart.app               I  âœ… Timestamp: 2025-12-08T12:06:38.238Z
2025-12-08 09:06:37.970 14598-14633 MdmCommandReceiver      com.cdccreditsmart.app               I  ğŸ” [Polling #1] Verificando comandos pendentes...
2025-12-08 09:06:37.975 14598-14644 TamperDetection         com.cdccreditsmart.app               I     Status: 
2025-12-08 09:06:37.976 14598-14644 TamperDetection         com.cdccreditsmart.app               I     Message: 
2025-12-08 09:06:37.976 14598-14644 TamperDetection         com.cdccreditsmart.app               I     Device ID: device_1765148771462_4teww42p114
2025-12-08 09:06:37.976 14598-14644 TamperDetection         com.cdccreditsmart.app               I     Serial Number: XV8W5766
2025-12-08 09:06:37.976 14598-14644 TamperDetection         com.cdccreditsmart.app               I     Pending Commands: 0
2025-12-08 09:06:37.976 14598-14644 TamperDetection         com.cdccreditsmart.app               I     Server Time: 2025-12-08T12:06:38.088Z
2025-12-08 09:06:37.978 14598-14644 TamperDetection         com.cdccreditsmart.app               I     Config - Heartbeat Interval: 60000ms
2025-12-08 09:06:37.978 14598-14604 creditsmart.app         com.cdccreditsmart.app               I  Background concurrent mark compact GC freed 6791KB AllocSpace bytes, 192(6912KB) LOS objects, 49% free, 13MB/27MB, paused 1.528ms,5.319ms total 186.151ms
2025-12-08 09:06:37.978 14598-14644 TamperDetection         com.cdccreditsmart.app               I     Config - Debug Logs: false
2025-12-08 09:06:37.978 14598-14644 TamperDetection         com.cdccreditsmart.app               I     Config - Compliance Check: true
2025-12-08 09:06:37.981 14598-14633 SecureTokenStorage      com.cdccreditsmart.app               D  âš ï¸ Usando Serial Number para MDM (IMEI indisponÃ­vel): XV8W57...
2025-12-08 09:06:37.981 14598-14633 MdmCommandReceiver      com.cdccreditsmart.app               I  ğŸ” ========================================
2025-12-08 09:06:37.981 14598-14633 MdmCommandReceiver      com.cdccreditsmart.app               I  ğŸ” BUSCANDO COMANDOS PENDENTES
2025-12-08 09:06:37.981 14598-14633 MdmCommandReceiver      com.cdccreditsmart.app               I  ğŸ” ========================================
2025-12-08 09:06:37.981 14598-14633 MdmCommandReceiver      com.cdccreditsmart.app               I  ğŸ” Identifier: XV8W5766
2025-12-08 09:06:37.981 14598-14633 MdmCommandReceiver      com.cdccreditsmart.app               I  ğŸ” Endpoint: GET /api/apk/device/XV8W5766/commands
2025-12-08 09:06:37.983 14598-14633 MdmCommandReceiver      com.cdccreditsmart.app               D  ğŸ” Executando requisiÃ§Ã£o HTTP (timeout: 15s)...
2025-12-08 09:06:38.008 14598-14647 okhttp.OkHttpClient     com.cdccreditsmart.app               I  --> GET https://cdccreditsmart.com/api/apk/device/XV8W5766/commands
2025-12-08 09:06:38.009 14598-14647 okhttp.OkHttpClient     com.cdccreditsmart.app               I  --> END GET
2025-12-08 09:06:38.010 14598-14598 StubAppPreferences      com.cdccreditsmart.app               I  Enrollment data saved for factory reset recovery
2025-12-08 09:06:38.010 14598-14598 FactoryResetRecovery    com.cdccreditsmart.app               I  Enrollment data saved for recovery: serial=false, enrollment=true, contract=true
2025-12-08 09:06:38.011 14598-14598 FactoryResetRecovery    com.cdccreditsmart.app               I  Factory Reset Recovery initialized
2025-12-08 09:06:38.015 14598-14598 CdcForegroundService    com.cdccreditsmart.app               I  âœ… ServiÃ§o iniciado via startService()
2025-12-08 09:06:38.077 14598-14598 DeviceOwnerCheckVM      com.cdccreditsmart.app               I  ========================================
2025-12-08 09:06:38.077 14598-14598 DeviceOwnerCheckVM      com.cdccreditsmart.app               I  ğŸ” Verificando status de Device Owner...
2025-12-08 09:06:38.095 14598-14647 SecureTokenStorage      com.cdccreditsmart.app               D  EncryptedSharedPreferences initialized successfully
2025-12-08 09:06:38.129 14598-14674 IconProtectionWorker    com.cdccreditsmart.app               D  ğŸ” Verificando proteÃ§Ã£o do Ã­cone...
2025-12-08 09:06:38.133 14598-14598 CdcForegroundService    com.cdccreditsmart.app               D  ğŸš€ ServiÃ§o onStartCommand() - Action: com.cdccreditsmart.app.START_SERVICE
2025-12-08 09:06:38.136 14598-14674 LauncherIconProtector   com.cdccreditsmart.app               D  âœ… Atalho jÃ¡ existe na home screen
2025-12-08 09:06:38.136 14598-14674 IconProtectionWorker    com.cdccreditsmart.app               I  ğŸ“Š EstatÃ­sticas: Ã­cone restaurado 1 vezes
2025-12-08 09:06:38.136 14598-14674 IconProtectionWorker    com.cdccreditsmart.app               D  âœ… VerificaÃ§Ã£o de Ã­cone concluÃ­da
2025-12-08 09:06:38.138 14598-14631 WM-WorkerWrapper        com.cdccreditsmart.app               I  Worker result SUCCESS for Work [ id=66dcf343-483f-4d90-a4ec-b1bc0c9afaa6, tags={ com.cdccreditsmart.app.workers.IconProtectionWorker } ]
2025-12-08 09:06:38.143 14598-14598 CdcForegroundService    com.cdccreditsmart.app               I  âœ… Foreground Service ativo (Android 12+)
2025-12-08 09:06:38.145 14598-14632 CdcForegroundService    com.cdccreditsmart.app               I  ğŸ”§ ========================================
2025-12-08 09:06:38.145 14598-14632 CdcForegroundService    com.cdccreditsmart.app               I  ğŸ”§ INICIANDO initializeServices()...
2025-12-08 09:06:38.146 14598-14632 CdcForegroundService    com.cdccreditsmart.app               I  ğŸ”§ ========================================
2025-12-08 09:06:38.146 14598-14632 CdcForegroundService    com.cdccreditsmart.app               D  âœ… ServiÃ§os base jÃ¡ inicializados
2025-12-08 09:06:38.146 14598-14632 CdcForegroundService    com.cdccreditsmart.app               D  âœ… MDM jÃ¡ inicializado - ignorando chamada duplicada
2025-12-08 09:06:38.156 14598-14657 okhttp.OkHttpClient     com.cdccreditsmart.app               I  <-- 200 https://cdccreditsmart.com/api/apk/device/heartbeat (1050ms)
2025-12-08 09:06:38.156 14598-14657 okhttp.OkHttpClient     com.cdccreditsmart.app               I  access-control-allow-credentials: true
2025-12-08 09:06:38.161 14598-14657 okhttp.OkHttpClient     com.cdccreditsmart.app               I  access-control-allow-headers: Origin, X-Requested-With, Content-Type, Accept, Authorization, x-client-key, x-client-token, x-client-secret, cache-control
2025-12-08 09:06:38.162 14598-14657 okhttp.OkHttpClient     com.cdccreditsmart.app               I  access-control-allow-methods: GET, POST, PUT, PATCH, DELETE, OPTIONS
2025-12-08 09:06:38.162 14598-14657 okhttp.OkHttpClient     com.cdccreditsmart.app               I  access-control-allow-origin: *
2025-12-08 09:06:38.162 14598-14657 okhttp.OkHttpClient     com.cdccreditsmart.app               I  access-control-max-age: 86400
2025-12-08 09:06:38.162 14598-14657 okhttp.OkHttpClient     com.cdccreditsmart.app               I  content-length: 351
2025-12-08 09:06:38.162 14598-14657 okhttp.OkHttpClient     com.cdccreditsmart.app               I  content-security-policy: default-src 'self'; script-src 'self' 'unsafe-inline' 'unsafe-eval' https://replit.com; style-src 'self' 'unsafe-inline' https://replit.com; img-src 'self' data: https:; font-src 'self' data: https://replit.com; connect-src 'self';
2025-12-08 09:06:38.162 14598-14657 okhttp.OkHttpClient     com.cdccreditsmart.app               I  content-type: application/json; charset=utf-8
2025-12-08 09:06:38.162 14598-14657 okhttp.OkHttpClient     com.cdccreditsmart.app               I  date: Mon, 08 Dec 2025 12:06:38 GMT
2025-12-08 09:06:38.162 14598-14657 okhttp.OkHttpClient     com.cdccreditsmart.app               I  etag: W/"15f-Wbr9yH8wHYYUuMDdNp6r7t+Mark"
2025-12-08 09:06:38.162 14598-14657 okhttp.OkHttpClient     com.cdccreditsmart.app               I  permissions-policy: geolocation=(), microphone=(), camera=()
