                                                                                                    	at com.cdccreditsmart.app.utils.DeviceUtils.getDeviceImei(DeviceUtils.kt:106)
                                                                                                    	at com.cdccreditsmart.app.auth.AuthenticationOrchestrator.attemptAutoConnection(AuthenticationOrchestrator.kt:56)
                                                                                                    	at com.cdccreditsmart.app.auth.AuthenticationOrchestrator.access$attemptAutoConnection(AuthenticationOrchestrator.kt:25)
                                                                                                    	at com.cdccreditsmart.app.auth.AuthenticationOrchestrator$ensureAuthenticated$2.invokeSuspend(AuthenticationOrchestrator.kt:167)
                                                                                                    	at kotlin.coroutines.jvm.internal.BaseContinuationImpl.resumeWith(ContinuationImpl.kt:34)
                                                                                                    	at kotlinx.coroutines.DispatchedTask.run(DispatchedTask.kt:108)
                                                                                                    	at kotlinx.coroutines.internal.LimitedDispatcher$Worker.run(LimitedDispatcher.kt:115)
                                                                                                    	at kotlinx.coroutines.scheduling.TaskImpl.run(Tasks.kt:103)
                                                                                                    	at kotlinx.coroutines.scheduling.CoroutineScheduler.runSafely(CoroutineScheduler.kt:584)
                                                                                                    	at kotlinx.coroutines.scheduling.CoroutineScheduler$Worker.executeTask(CoroutineScheduler.kt:793)
                                                                                                    	at kotlinx.coroutines.scheduling.CoroutineScheduler$Worker.runWorker(CoroutineScheduler.kt:697)
                                                                                                    	at kotlinx.coroutines.scheduling.CoroutineScheduler$Worker.run(CoroutineScheduler.kt:684)
2025-12-04 21:30:13.763 18848-25267 AuthOrchestrator        com.cdccreditsmart.app               W  ⚠️ IMEI não disponível (permissão negada ou emulador)
2025-12-04 21:30:13.763 18848-25267 AuthOrchestrator        com.cdccreditsmart.app               D     → Fallback para pareamento manual
2025-12-04 21:30:13.763 18848-25267 ContractCodeStorage     com.cdccreditsmart.app               D  Retrieving contract code from storage
2025-12-04 21:30:13.898 18848-25345 ProfileInstaller        com.cdccreditsmart.app               D  Installing profile for com.cdccreditsmart.app
2025-12-04 21:30:14.544 18848-25267 ContractCodeStorage     com.cdccreditsmart.app               D  Storage verification: 7 valid, 0 tampered, 0 missing
2025-12-04 21:30:14.545 18848-25267 ContractCodeStorage     com.cdccreditsmart.app               D  Contract code retrieved successfully
2025-12-04 21:30:14.546 18848-25267 AuthOrchestrator        com.cdccreditsmart.app               D  ✅ Código de pareamento encontrado: VY9D****
2025-12-04 21:30:14.550 18848-25267 AuthOrchestrator        com.cdccreditsmart.app               D  🔑 Token existente encontrado - validando no servidor...
2025-12-04 21:30:14.811 18848-25339 okhttp.OkHttpClient     com.cdccreditsmart.app               I  --> GET https://cdccreditsmart.com/api/apk/device/status
2025-12-04 21:30:14.811 18848-25339 okhttp.OkHttpClient     com.cdccreditsmart.app               I  Authorization: Bearer eyJhbGciOiJIUzI1NiIsInR5cCI6IkpXVCJ9.eyJkZXZpY2VJZCI6ImRldmljZV8xNzY0ODkzMTMwNTQ5XzZzZTlpaHFyaG9rIiwiYXBrVG9rZW4iOiJWWTlEQjlFQyIsInR5cGUiOiJhcGsiLCJleHBpcmVzSW4iOiIyNGgiLCJpYXQiOjE3NjQ4OTMyMTYsImV4cCI6MTc2NDk3OTYxNn0.fdR5JdTVNsLXuduRachR6gXKQCtVGWn8ahHz4TQv0mg
2025-12-04 21:30:14.811 18848-25339 okhttp.OkHttpClient     com.cdccreditsmart.app               I  --> END GET
2025-12-04 21:30:15.427 18848-25339 okhttp.OkHttpClient     com.cdccreditsmart.app               I  <-- 200 https://cdccreditsmart.com/api/apk/device/status (615ms)
2025-12-04 21:30:15.427 18848-25339 okhttp.OkHttpClient     com.cdccreditsmart.app               I  access-control-allow-credentials: true
2025-12-04 21:30:15.427 18848-25339 okhttp.OkHttpClient     com.cdccreditsmart.app               I  access-control-allow-headers: Origin, X-Requested-With, Content-Type, Accept, Authorization, x-client-key, x-client-token, x-client-secret, cache-control
2025-12-04 21:30:15.427 18848-25339 okhttp.OkHttpClient     com.cdccreditsmart.app               I  access-control-allow-methods: GET, POST, PUT, PATCH, DELETE, OPTIONS
2025-12-04 21:30:15.427 18848-25339 okhttp.OkHttpClient     com.cdccreditsmart.app               I  access-control-allow-origin: *
2025-12-04 21:30:15.428 18848-25339 okhttp.OkHttpClient     com.cdccreditsmart.app               I  access-control-max-age: 86400
2025-12-04 21:30:15.428 18848-25339 okhttp.OkHttpClient     com.cdccreditsmart.app               I  content-length: 623
2025-12-04 21:30:15.428 18848-25339 okhttp.OkHttpClient     com.cdccreditsmart.app               I  content-security-policy: default-src 'self'; script-src 'self' 'unsafe-inline' 'unsafe-eval' https://replit.com; style-src 'self' 'unsafe-inline' https://replit.com; img-src 'self' data: https:; font-src 'self' data: https://replit.com; connect-src 'self';
2025-12-04 21:30:15.428 18848-25339 okhttp.OkHttpClient     com.cdccreditsmart.app               I  content-type: application/json; charset=utf-8
2025-12-04 21:30:15.428 18848-25339 okhttp.OkHttpClient     com.cdccreditsmart.app               I  date: Fri, 05 Dec 2025 00:30:15 GMT
2025-12-04 21:30:15.428 18848-25339 okhttp.OkHttpClient     com.cdccreditsmart.app               I  etag: W/"26f-3fKdMXhYNsAVMiyDHXxTaUxo62Q"
2025-12-04 21:30:15.428 18848-25339 okhttp.OkHttpClient     com.cdccreditsmart.app               I  permissions-policy: geolocation=(), microphone=(), camera=()
2025-12-04 21:30:15.428 18848-25339 okhttp.OkHttpClient     com.cdccreditsmart.app               I  referrer-policy: strict-origin-when-cross-origin
2025-12-04 21:30:15.428 18848-25339 okhttp.OkHttpClient     com.cdccreditsmart.app               I  server: Google Frontend
2025-12-04 21:30:15.428 18848-25339 okhttp.OkHttpClient     com.cdccreditsmart.app               I  strict-transport-security: max-age=63072000; includeSubDomains
2025-12-04 21:30:15.428 18848-25339 okhttp.OkHttpClient     com.cdccreditsmart.app               I  strict-transport-security: max-age=31536000; includeSubDomains
2025-12-04 21:30:15.428 18848-25339 okhttp.OkHttpClient     com.cdccreditsmart.app               I  x-anti-fraud-protection: active
2025-12-04 21:30:15.428 18848-25339 okhttp.OkHttpClient     com.cdccreditsmart.app               I  x-certificate-pinning-enabled: false
2025-12-04 21:30:15.429 18848-25339 okhttp.OkHttpClient     com.cdccreditsmart.app               I  x-certificate-pinning-status: disabled-for-stability
2025-12-04 21:30:15.429 18848-25339 okhttp.OkHttpClient     com.cdccreditsmart.app               I  x-cloud-trace-context: 9d5fe3b69135abc66601406477c8ccb2
2025-12-04 21:30:15.429 18848-25339 okhttp.OkHttpClient     com.cdccreditsmart.app               I  x-content-type-options: nosniff
2025-12-04 21:30:15.429 18848-25339 okhttp.OkHttpClient     com.cdccreditsmart.app               I  x-financial-data-protection: enabled
2025-12-04 21:30:15.429 18848-25339 okhttp.OkHttpClient     com.cdccreditsmart.app               I  x-frame-options: DENY
2025-12-04 21:30:15.429 18848-25339 okhttp.OkHttpClient     com.cdccreditsmart.app               I  x-transaction-security-level: maximum
2025-12-04 21:30:15.429 18848-25339 okhttp.OkHttpClient     com.cdccreditsmart.app               I  x-xss-protection: 1; mode=block
2025-12-04 21:30:15.429 18848-25339 okhttp.OkHttpClient     com.cdccreditsmart.app               I  via: 1.1 google
2025-12-04 21:30:15.429 18848-25339 okhttp.OkHttpClient     com.cdccreditsmart.app               I  alt-svc: h3=":443"; ma=2592000,h3-29=":443"; ma=2592000
2025-12-04 21:30:15.430 18848-25339 okhttp.OkHttpClient     com.cdccreditsmart.app               I  {"device":{"id":"device_1764893130549_6se9ihqrhok","serialNumber":"VY9DB9EC","name":"Moto G15 Power","isBlocked":false,"blockReason":null,"status":"active"},"shouldBlock":false,"overdueCount":0,"daysSinceOverdue":0,"pdvSession":{"status":"completed","currentStage":"completed","isActive":false,"lastHeartbeat":"2025-12-05T00:05:44.194Z","heartbeatAge":1471.519,"sessionStarted":"2025-12-05T00:05:32.879Z","sessionCompleted":"2025-12-05T00:05:44.194Z","shouldWait":false},"paymentInfo":{"totalInstallments":24,"paidInstallments":0,"remainingInstallments":24,"overdueInstallments":0,"allPaid":false,"canSelfUninstall":false}}
2025-12-04 21:30:15.430 18848-25339 okhttp.OkHttpClient     com.cdccreditsmart.app               I  <-- END HTTP (623-byte body)
2025-12-04 21:30:15.436 18848-25267 ContractCodeStorage     com.cdccreditsmart.app               D  Retrieving contract code from storage
2025-12-04 21:30:15.887 18848-25267 ContractCodeStorage     com.cdccreditsmart.app               D  Storage verification: 7 valid, 0 tampered, 0 missing
2025-12-04 21:30:15.888 18848-25267 ContractCodeStorage     com.cdccreditsmart.app               D  Contract code retrieved successfully
2025-12-04 21:30:15.892 18848-25267 ContractCodeStorage     com.cdccreditsmart.app               D  Saving contract code to redundant storage
2025-12-04 21:30:16.125 18848-25267 ContractCodeStorage     com.cdccreditsmart.app               D  Saved to EncryptedPrefs
2025-12-04 21:30:16.311 18848-25267 ContractCodeStorage     com.cdccreditsmart.app               D  Deleted existing file: .cdc_protected_code.enc
2025-12-04 21:30:16.405 18848-25267 ContractCodeStorage     com.cdccreditsmart.app               D  Successfully saved to file: .cdc_protected_code.enc
2025-12-04 21:30:16.405 18848-25267 ContractCodeStorage     com.cdccreditsmart.app               D  Saved to Protected Storage
2025-12-04 21:30:16.406 18848-25267 ContractCodeStorage     com.cdccreditsmart.app               D  Deleted existing file: .cdc_contract_b1.enc
2025-12-04 21:30:16.506 18848-25267 ContractCodeStorage     com.cdccreditsmart.app               D  Successfully saved to file: .cdc_contract_b1.enc
2025-12-04 21:30:16.507 18848-25267 ContractCodeStorage     com.cdccreditsmart.app               D  Deleted existing file: .sys_device_cfg.enc
2025-12-04 21:30:16.588 18848-25267 ContractCodeStorage     com.cdccreditsmart.app               D  Successfully saved to file: .sys_device_cfg.enc
2025-12-04 21:30:16.589 18848-25267 ContractCodeStorage     com.cdccreditsmart.app               D  Deleted existing file: .android_secure.enc
2025-12-04 21:30:16.683 18848-25267 ContractCodeStorage     com.cdccreditsmart.app               D  Successfully saved to file: .android_secure.enc
2025-12-04 21:30:16.734 18848-25267 ContractCodeStorage     com.cdccreditsmart.app               D  Contract code saved to ALL storage locations
2025-12-04 21:30:17.086 18848-25234 creditsmart.app         com.cdccreditsmart.app               I  Background concurrent mark compact GC freed 36MB AllocSpace bytes, 395(13MB) LOS objects, 49% free, 12MB/25MB, paused 794us,2.783ms total 116.420ms
2025-12-04 21:30:17.219 18848-25267 ContractCodeStorage     com.cdccreditsmart.app               D  Verification complete: 7/7 locations valid
2025-12-04 21:30:17.220 18848-25267 SecureTokenStorage      com.cdccreditsmart.app               D  Auth token saved successfully (contract code via ContractCodeStorage, deviceId: device_176...)
2025-12-04 21:30:17.220 18848-25267 AuthOrchestrator        com.cdccreditsmart.app               D  💾 DeviceId salvo: device_176...
2025-12-04 21:30:17.222 18848-25267 AuthOrchestrator        com.cdccreditsmart.app               D  Validação do token no servidor: SUCESSO
2025-12-04 21:30:17.222 18848-25267 AuthOrchestrator        com.cdccreditsmart.app               D  ✅ Token válido - autenticação OK!
2025-12-04 21:30:17.223 18848-18848 RouterViewModel         com.cdccreditsmart.app               D  ✅ Autenticado com sucesso
2025-12-04 21:30:17.224 18848-25265 AuthOrchestrator        com.cdccreditsmart.app               D  🔔 Registrando FCM token após validação de authToken...
2025-12-04 21:30:17.232 18848-25265 FcmTokenManager         com.cdccreditsmart.app               D  ========== REGISTERING FCM TOKEN WITH BACKEND ==========
2025-12-04 21:30:17.238 18848-25265 FcmTokenManager         com.cdccreditsmart.app               D  Current FCM token retrieved: euir8m-CSHWaqphCbjuB...
2025-12-04 21:30:17.247 18848-25265 FcmTokenManager         com.cdccreditsmart.app               D  Token already registered and cache is valid, skipping...
2025-12-04 21:30:17.247 18848-25265 AuthOrchestrator        com.cdccreditsmart.app               D  ✅ FCM token registrado após validação
2025-12-04 21:30:17.348 18848-18848 TermsAcceptanceStorage  com.cdccreditsmart.app               D  hasAcceptedTermsForContract(VY9DB9EC): true (saved: VY9DB9EC)
2025-12-04 21:30:17.348 18848-18848 RouterViewModel         com.cdccreditsmart.app               D  ✅ Termos já aceitos - Ir para HOME
2025-12-04 21:30:17.491 18848-18848 SimpleHomeViewModel     com.cdccreditsmart.app               D  📡 Fetching device installments from /api/apk/device/installments...
2025-12-04 21:30:17.688 18848-25347 SimpleHomeViewModel     com.cdccreditsmart.app               D  ✅ Added Authorization header with token
2025-12-04 21:30:17.688 18848-25347 SimpleHomeViewModel     com.cdccreditsmart.app               D  📤 Request URL: https://cdccreditsmart.com/api/apk/device/installments
2025-12-04 21:30:19.321 18848-25347 SimpleHomeViewModel     com.cdccreditsmart.app               D  📥 Response Code: 200
2025-12-04 21:30:19.346 18848-18848 SimpleHomeViewModel     com.cdccreditsmart.app               D  ✅ Successfully fetched installments data
2025-12-04 21:30:19.346 18848-18848 SimpleHomeViewModel     com.cdccreditsmart.app               D  📊 Device: Moto G15 Power
2025-12-04 21:30:19.346 18848-18848 SimpleHomeViewModel     com.cdccreditsmart.app               D  📊 Total installments: 24
2025-12-04 21:30:19.346 18848-18848 SimpleHomeViewModel     com.cdccreditsmart.app               D  📊 Paid: 0
2025-12-04 21:30:19.346 18848-18848 SimpleHomeViewModel     com.cdccreditsmart.app               D  📊 Overdue: 0
2025-12-04 21:30:19.346 18848-18848 SimpleHomeViewModel     com.cdccreditsmart.app               D  📊 All installments count: 24
2025-12-04 21:30:19.346 18848-18848 SimpleHomeViewModel     com.cdccreditsmart.app               I  💾 Salvando dados do cliente no storage - CustomerName: 'null', DeviceModel: 'Moto G15 Power'
2025-12-04 21:30:19.346 18848-18848 SecureTokenStorage      com.cdccreditsmart.app               D  💾 Salvando customer info - Name: null, Device: Moto G15 Power
2025-12-04 21:30:19.346 18848-18848 SecureTokenStorage      com.cdccreditsmart.app               W  ⚠️ CustomerName vazio/null - não salvando
2025-12-04 21:30:19.347 18848-18848 SecureTokenStorage      com.cdccreditsmart.app               D  ✅ DeviceModel salvo: Moto G15 Power
2025-12-04 21:30:19.347 18848-18848 SecureTokenStorage      com.cdccreditsmart.app               I  ✅ Customer info saved successfully!
2025-12-04 21:30:19.350 18848-18848 ContractCodeStorage     com.cdccreditsmart.app               D  Retrieving contract code from storage
2025-12-04 21:30:19.884 18848-18848 ContractCodeStorage     com.cdccreditsmart.app               D  Storage verification: 7 valid, 0 tampered, 0 missing
2025-12-04 21:30:19.884 18848-18848 ContractCodeStorage     com.cdccreditsmart.app               D  Contract code retrieved successfully
2025-12-04 21:30:20.040 18848-18848 LocalInstallmentStorage com.cdccreditsmart.app               I  ✅ 24 parcelas salvas localmente (contrato: VY9DB9EC)
2025-12-04 21:30:20.040 18848-18848 SimpleHomeViewModel     com.cdccreditsmart.app               I  ✅ 24 parcelas salvas localmente
2025-12-04 21:30:20.040 18848-18848 SimpleHomeViewModel     com.cdccreditsmart.app               I     → 0 em atraso
2025-12-04 21:30:20.040 18848-18848 SimpleHomeViewModel     com.cdccreditsmart.app               I     → 0 pagas
2025-12-04 21:30:20.040 18848-18848 SimpleHomeViewModel     com.cdccreditsmart.app               I     → Dados disponíveis para overlay e offline blocking
2025-12-04 21:30:20.041 18848-18848 Choreographer           com.cdccreditsmart.app               I  Skipped 41 frames!  The application may be doing too much work on its main thread.
2025-12-04 21:30:20.181 18848-18848 SecureTokenStorage      com.cdccreditsmart.app               D  📖 Lendo customerName: Marcos Antunes
2025-12-04 21:30:20.183 18848-18848 SecureTokenStorage      com.cdccreditsmart.app               D  📖 Lendo deviceModel: Moto G15 Power
2025-12-04 21:30:20.183 18848-18848 ContractCodeStorage     com.cdccreditsmart.app               D  Retrieving contract code from storage
2025-12-04 21:30:20.749 18848-18848 ContractCodeStorage     com.cdccreditsmart.app               D  Storage verification: 7 valid, 0 tampered, 0 missing
2025-12-04 21:30:20.749 18848-18848 ContractCodeStorage     com.cdccreditsmart.app               D  Contract code retrieved successfully
2025-12-04 21:30:21.013 18848-18848 Choreographer           com.cdccreditsmart.app               I  Skipped 57 frames!  The application may be doing too much work on its main thread.
2025-12-04 21:30:21.024 18848-25241 HWUI                    com.cdccreditsmart.app               I  Davey! duration=1678ms; Flags=0, FrameTimelineVsyncId=8107022, IntendedVsync=63656561218904, Vsync=63657246062732, InputEventId=0, HandleInputStart=63657257789409, AnimationStart=63657257791793, PerformTraversalsStart=63657288588793, DrawStart=63657288639563, FrameDeadline=63656581218904, FrameInterval=63657257152409, FrameStartTime=16701805, SyncQueued=63658222627794, SyncStart=63658222679870, IssueDrawCommandsStart=63658222829024, SwapBuffers=63658232976486, FrameCompleted=63658240139794, DequeueBufferDuration=30693, QueueBufferDuration=255385, GpuCompleted=63658240139794, SwapBuffersCompleted=63658233997640, DisplayPresentTime=63654103460409, CommandSubmissionCompleted=63658232976486, 
2025-12-04 21:30:24.554 18848-18848 TextSelection           com.cdccreditsmart.app               D  onUseCache cache=false
2025-12-04 21:30:25.134 18848-18848 TextSelection           com.cdccreditsmart.app               D  onUseCache cache=false
2025-12-04 21:30:25.802 18848-18848 VRI[MainActivity]       com.cdccreditsmart.app               D  visibilityChanged oldVisibility=true newVisibility=false
2025-12-04 21:30:25.829 18848-18848 BLASTBufferQueue        com.cdccreditsmart.app               D  [VRI[MainActivity]#0](f:0,a:1) destructor()
2025-12-04 21:30:25.829 18848-18848 BufferQueueConsumer     com.cdccreditsmart.app               D  [VRI[MainActivity]#0(BLAST Consumer)0](id:49a000000000,api:0,p:-1,c:18848) disconnect
2025-12-04 21:30:25.833 18848-18848 WindowOnBackDispatcher  com.cdccreditsmart.app               W  sendCancelIfRunning: isInProgress=false callback=androidx.activity.OnBackPressedDispatcher$Api34Impl$createOnBackAnimationCallback$1@a2e6c5c
2025-12-04 21:30:25.982 18848-25265 SettingsGuardService    com.cdccreditsmart.app               W  🚨 SETTINGS DETECTADO! (count: 2, dangerous: false)
2025-12-04 21:30:25.982 18848-25265 SettingsGuardService    com.cdccreditsmart.app               W     Pacote: com.transsion.XOSLauncher
2025-12-04 21:30:25.982 18848-25265 SettingsGuardService    com.cdccreditsmart.app               W     Chamando app para foreground...
2025-12-04 21:30:26.002 18848-18848 SettingsGuardService    com.cdccreditsmart.app               I  ✅ App trazido para foreground
2025-12-04 21:30:26.026 18848-18848 MainActivity            com.cdccreditsmart.app               D  ========== NEW INTENT RECEIVED ==========
2025-12-04 21:30:26.027 18848-18848 ActivityThread          com.cdccreditsmart.app               D  handleResumeActivity#3 r.window=com.android.internal.policy.PhoneWindow@be08b1ba.mFinished = falsewillBeVisible = true
2025-12-04 21:30:26.059 18848-18848 BufferQueueConsumer     com.cdccreditsmart.app               D  [](id:49a000000001,api:0,p:-1,c:18848) connect: controlledByApp=false
2025-12-04 21:30:26.059 18848-18848 BLASTBufferQueue        com.cdccreditsmart.app               D  [VRI[MainActivity]#1](f:0,a:0) constructor()
2025-12-04 21:30:26.059 18848-18848 BLASTBufferQueue        com.cdccreditsmart.app               D  [VRI[MainActivity]#1](f:0,a:0) update width=1080 height=2436 format=-3 mTransformHint=0
2025-12-04 21:30:26.062 18848-18848 InsetsController        com.cdccreditsmart.app               I  Insets animation onAnimationStart mShow:false, mDurationMs:340, types:statusBars
2025-12-04 21:30:26.091 18848-25286 BLASTBufferQueue        com.cdccreditsmart.app               D  [VRI[MainActivity]#1](f:0,a:1) acquireNextBufferLocked size=1080x2436 mFrameNumber=1 applyTransaction=true mTimestamp=63663307413102(auto) mPendingTransactions.size=0 graphicBufferId=80951543595019 transform=0
2025-12-04 21:30:26.282 18848-18848 TextSelection           com.cdccreditsmart.app               D  onUseCache cache=false
2025-12-04 21:30:26.346 18848-25340 TranClassInfo           com.cdccreditsmart.app               D  instance successfully. com.transsion.hubcore.view.TranSurfaceControlImpl@4ef308c from com.transsion.hubcore.view.ITranSurfaceControl
2025-12-04 21:30:26.350 18848-18848 ScrollIdentify          com.cdccreditsmart.app               I  on fling
2025-12-04 21:30:26.362 18848-25340 ScrollPolicy            com.cdccreditsmart.app               I  BOOST_KSWAPD; duration: 3000
2025-12-04 21:30:26.364 18848-25340 PowerHalMgrImpl         com.cdccreditsmart.app               I  hdl:35736, pid:18848 
2025-12-04 21:30:26.373 18848-25340 PowerHalMgrImpl         com.cdccreditsmart.app               I  hdl:35737, pid:18848 
2025-12-04 21:30:26.374 18848-25340 TranClassInfo           com.cdccreditsmart.app               D  instance successfully. com.transsion.hubcore.widget.TranScrollPolicyImpl@494e8b6 from com.transsion.hubcore.widget.ITranScrollPolicy
2025-12-04 21:30:26.374 18848-25340 TranClassInfo           com.cdccreditsmart.app               D  instance successfully. com.transsion.hubcore.spdopts.magellan.implement.TranScrollPolicyMagellanImpl@512b9b7 from com.transsion.hubcore.magellan.ITranMagellanScrollPolicyComponent
2025-12-04 21:30:26.386 18848-25340 PowerHalMgrImpl         com.cdccreditsmart.app               I  hdl:35739, pid:18848 
2025-12-04 21:30:26.408 18848-25265 SettingsGuardService    com.cdccreditsmart.app               I  ✅ App CDC em foreground - resetando contador
2025-12-04 21:30:26.499 18848-18848 InsetsController        com.cdccreditsmart.app               I  Insets animation onAnimationEnd
2025-12-04 21:30:27.193 18848-18848 TextSelection           com.cdccreditsmart.app               D  onUseCache cache=false
2025-12-04 21:30:27.205 18848-18848 Choreographer           com.cdccreditsmart.app               I  Skipped 54 frames!  The application may be doing too much work on its main thread.
2025-12-04 21:30:27.614 18848-25241 HWUI                    com.cdccreditsmart.app               I  Davey! duration=855ms; Flags=0, FrameTimelineVsyncId=8111042, IntendedVsync=63663969450191, Vsync=63664420576019, InputEventId=1123846596, HandleInputStart=63664421750640, AnimationStart=63664421752102, PerformTraversalsStart=63664751781102, DrawStart=63664751832717, FrameDeadline=63664440242717, FrameInterval=63664421317102, FrameStartTime=8354182, SyncQueued=63664820368717, SyncStart=63664820509332, IssueDrawCommandsStart=63664820705640, SwapBuffers=63664822635563, FrameCompleted=63664825069948, DequeueBufferDuration=19462, QueueBufferDuration=211385, GpuCompleted=63664825069948, SwapBuffersCompleted=63664823519486, DisplayPresentTime=63654337065409, CommandSubmissionCompleted=63664822635563, 
2025-12-04 21:30:27.615 18848-18848 Choreographer           com.cdccreditsmart.app               I  Skipped 48 frames!  The application may be doing too much work on its main thread.
2025-12-04 21:30:27.670 18848-25265 SettingsGuardService    com.cdccreditsmart.app               W  🚨 SETTINGS DETECTADO! (count: 2, dangerous: false)
2025-12-04 21:30:27.670 18848-25265 SettingsGuardService    com.cdccreditsmart.app               W     Pacote: com.transsion.XOSLauncher
2025-12-04 21:30:27.670 18848-25265 SettingsGuardService    com.cdccreditsmart.app               W     Chamando app para foreground...
2025-12-04 21:30:27.859 18848-18848 VRI[MainActivity]       com.cdccreditsmart.app               D  visibilityChanged oldVisibility=true newVisibility=false
2025-12-04 21:30:27.860 18848-18848 WindowOnBackDispatcher  com.cdccreditsmart.app               W  sendCancelIfRunning: isInProgress=false callback=androidx.activity.OnBackPressedDispatcher$Api34Impl$createOnBackAnimationCallback$1@a2e6c5c
2025-12-04 21:30:27.887 18848-18848 SettingsGuardService    com.cdccreditsmart.app               I  ✅ App trazido para foreground
2025-12-04 21:30:27.900 18848-25286 BLASTBufferQueue        com.cdccreditsmart.app               D  [VRI[MainActivity]#1](f:0,a:1) destructor()
2025-12-04 21:30:27.901 18848-25286 BufferQueueConsumer     com.cdccreditsmart.app               D  [VRI[MainActivity]#1(BLAST Consumer)1](id:49a000000001,api:0,p:-1,c:18848) disconnect
2025-12-04 21:30:27.924 18848-18848 MainActivity            com.cdccreditsmart.app               D  ========== NEW INTENT RECEIVED ==========
2025-12-04 21:30:27.925 18848-18848 ActivityThread          com.cdccreditsmart.app               D  handleResumeActivity#3 r.window=com.android.internal.policy.PhoneWindow@be08b1ba.mFinished = falsewillBeVisible = true
2025-12-04 21:30:27.950 18848-18848 BufferQueueConsumer     com.cdccreditsmart.app               D  [](id:49a000000002,api:0,p:-1,c:18848) connect: controlledByApp=false
2025-12-04 21:30:27.950 18848-18848 BLASTBufferQueue        com.cdccreditsmart.app               D  [VRI[MainActivity]#2](f:0,a:0) constructor()
2025-12-04 21:30:27.950 18848-18848 BLASTBufferQueue        com.cdccreditsmart.app               D  [VRI[MainActivity]#2](f:0,a:0) update width=1080 height=2436 format=-3 mTransformHint=0
2025-12-04 21:30:27.952 18848-18848 InsetsController        com.cdccreditsmart.app               I  Insets animation onAnimationStart mShow:false, mDurationMs:340, types:statusBars
2025-12-04 21:30:27.993 18848-25286 BLASTBufferQueue        com.cdccreditsmart.app               D  [VRI[MainActivity]#2](f:0,a:1) acquireNextBufferLocked size=1080x2436 mFrameNumber=1 applyTransaction=true mTimestamp=63665209237102(auto) mPendingTransactions.size=0 graphicBufferId=80951543595025 transform=0
2025-12-04 21:30:28.029 18848-25241 FrameEvents             com.cdccreditsmart.app               E  addRelease: Did not find frame.
2025-12-04 21:30:28.290 18848-25265 SettingsGuardService    com.cdccreditsmart.app               I  ✅ App CDC em foreground - resetando contador
2025-12-04 21:30:28.336 18848-18848 InsetsController        com.cdccreditsmart.app               I  Insets animation onAnimationEnd
2025-12-04 21:30:28.526 18848-18848 TextSelection           com.cdccreditsmart.app               D  onUseCache cache=false
2025-12-04 21:30:28.609 18848-25340 PowerHalMgrImpl         com.cdccreditsmart.app               I  hdl:35766, pid:18848 
2025-12-04 21:30:28.624 18848-25340 PowerHalMgrImpl         com.cdccreditsmart.app               I  hdl:35770, pid:18848 
2025-12-04 21:30:28.678 18848-25340 ScrollPolicy            com.cdccreditsmart.app               I  BOOST_SCENE_4; duration: 0
2025-12-04 21:30:28.681 18848-25340 PowerHalMgrImpl         com.cdccreditsmart.app               I  hdl:35773, pid:18848 
2025-12-04 21:30:29.189 18848-18848 VRI[MainActivity]       com.cdccreditsmart.app               D  visibilityChanged oldVisibility=true newVisibility=false
2025-12-04 21:30:29.214 18848-18848 BLASTBufferQueue        com.cdccreditsmart.app               D  [VRI[MainActivity]#2](f:0,a:1) destructor()
2025-12-04 21:30:29.214 18848-18848 BufferQueueConsumer     com.cdccreditsmart.app               D  [VRI[MainActivity]#2(BLAST Consumer)2](id:49a000000002,api:0,p:-1,c:18848) disconnect
2025-12-04 21:30:29.217 18848-18848 WindowOnBackDispatcher  com.cdccreditsmart.app               W  sendCancelIfRunning: isInProgress=false callback=androidx.activity.OnBackPressedDispatcher$Api34Impl$createOnBackAnimationCallback$1@a2e6c5c
2025-12-04 21:30:29.504 18848-25265 SettingsGuardService    com.cdccreditsmart.app               W  🚨 SETTINGS DETECTADO! (count: 2, dangerous: false)
2025-12-04 21:30:29.504 18848-25265 SettingsGuardService    com.cdccreditsmart.app               W     Pacote: com.transsion.XOSLauncher
2025-12-04 21:30:29.504 18848-25265 SettingsGuardService    com.cdccreditsmart.app               W     Chamando app para foreground...
2025-12-04 21:30:29.518 18848-18848 SettingsGuardService    com.cdccreditsmart.app               I  ✅ App trazido para foreground
2025-12-04 21:30:29.537 18848-18848 MainActivity            com.cdccreditsmart.app               D  ========== NEW INTENT RECEIVED ==========
2025-12-04 21:30:29.540 18848-18848 ActivityThread          com.cdccreditsmart.app               D  handleResumeActivity#3 r.window=com.android.internal.policy.PhoneWindow@be08b1ba.mFinished = falsewillBeVisible = true
2025-12-04 21:30:29.563 18848-18848 BufferQueueConsumer     com.cdccreditsmart.app               D  [](id:49a000000003,api:0,p:-1,c:18848) connect: controlledByApp=false
2025-12-04 21:30:29.564 18848-18848 BLASTBufferQueue        com.cdccreditsmart.app               D  [VRI[MainActivity]#3](f:0,a:0) constructor()
2025-12-04 21:30:29.564 18848-18848 BLASTBufferQueue        com.cdccreditsmart.app               D  [VRI[MainActivity]#3](f:0,a:0) update width=1080 height=2436 format=-3 mTransformHint=0
2025-12-04 21:30:29.566 18848-18848 InsetsController        com.cdccreditsmart.app               I  Insets animation onAnimationStart mShow:false, mDurationMs:340, types:statusBars
2025-12-04 21:30:29.615 18848-25286 BLASTBufferQueue        com.cdccreditsmart.app               D  [VRI[MainActivity]#3](f:0,a:1) acquireNextBufferLocked size=1080x2436 mFrameNumber=1 applyTransaction=true mTimestamp=63666831525409(auto) mPendingTransactions.size=0 graphicBufferId=80951543595031 transform=0
2025-12-04 21:30:29.616 18848-18848 Choreographer           com.cdccreditsmart.app               W  Already have a pending vsync event.  There should only be one at a time.
2025-12-04 21:30:29.924 18848-25265 SettingsGuardService    com.cdccreditsmart.app               I  ✅ App CDC em foreground - resetando contador
2025-12-04 21:30:29.954 18848-18848 InsetsController        com.cdccreditsmart.app               I  Insets animation onAnimationEnd
2025-12-04 21:30:30.326 18848-18848 TextSelection           com.cdccreditsmart.app               D  onUseCache cache=false
2025-12-04 21:30:30.999 18848-18848 VRI[MainActivity]       com.cdccreditsmart.app               D  visibilityChanged oldVisibility=true newVisibility=false
2025-12-04 21:30:31.034 18848-18848 BLASTBufferQueue        com.cdccreditsmart.app               D  [VRI[MainActivity]#3](f:0,a:1) destructor()
2025-12-04 21:30:31.034 18848-18848 BufferQueueConsumer     com.cdccreditsmart.app               D  [VRI[MainActivity]#3(BLAST Consumer)3](id:49a000000003,api:0,p:-1,c:18848) disconnect
2025-12-04 21:30:31.036 18848-18848 WindowOnBackDispatcher  com.cdccreditsmart.app               W  sendCancelIfRunning: isInProgress=false callback=androidx.activity.OnBackPressedDispatcher$Api34Impl$createOnBackAnimationCallback$1@a2e6c5c
2025-12-04 21:30:31.136 18848-25265 SettingsGuardService    com.cdccreditsmart.app               W  🚨 SETTINGS DETECTADO! (count: 2, dangerous: false)
2025-12-04 21:30:31.136 18848-25265 SettingsGuardService    com.cdccreditsmart.app               W     Pacote: com.transsion.XOSLauncher
2025-12-04 21:30:31.136 18848-25265 SettingsGuardService    com.cdccreditsmart.app               W     Chamando app para foreground...
2025-12-04 21:30:31.157 18848-18848 SettingsGuardService    com.cdccreditsmart.app               I  ✅ App trazido para foreground
2025-12-04 21:30:31.172 18848-18848 MainActivity            com.cdccreditsmart.app               D  ========== NEW INTENT RECEIVED ==========
2025-12-04 21:30:31.174 18848-18848 ActivityThread          com.cdccreditsmart.app               D  handleResumeActivity#3 r.window=com.android.internal.policy.PhoneWindow@be08b1ba.mFinished = falsewillBeVisible = true
2025-12-04 21:30:31.190 18848-18848 BufferQueueConsumer     com.cdccreditsmart.app               D  [](id:49a000000004,api:0,p:-1,c:18848) connect: controlledByApp=false
2025-12-04 21:30:31.190 18848-18848 BLASTBufferQueue        com.cdccreditsmart.app               D  [VRI[MainActivity]#4](f:0,a:0) constructor()
2025-12-04 21:30:31.190 18848-18848 BLASTBufferQueue        com.cdccreditsmart.app               D  [VRI[MainActivity]#4](f:0,a:0) update width=1080 height=2436 format=-3 mTransformHint=0
2025-12-04 21:30:31.303 18848-25286 BLASTBufferQueue        com.cdccreditsmart.app               D  [VRI[MainActivity]#4](f:0,a:1) acquireNextBufferLocked size=1080x2436 mFrameNumber=1 applyTransaction=true mTimestamp=63668519067256(auto) mPendingTransactions.size=0 graphicBufferId=80951543595037 transform=0
2025-12-04 21:30:31.326 18848-18848 InsetsController        com.cdccreditsmart.app               I  Insets animation onAnimationStart mShow:false, mDurationMs:340, types:statusBars
2025-12-04 21:30:31.578 18848-25265 SettingsGuardService    com.cdccreditsmart.app               I  ✅ App CDC em foreground - resetando contador
2025-12-04 21:30:31.721 18848-18848 InsetsController        com.cdccreditsmart.app               I  Insets animation onAnimationEnd
