---------------------------- PROCESS STARTED (30950) for package com.cdccreditsmart.app ----------------------------
2026-01-29 15:40:31.936 30950-30950 nativeloader            com.cdccreditsmart.app               D  Configuring clns-4 for other apk /data/app/~~llK07Rro4X7PAFDWOSHBew==/com.cdccreditsmart.app-NYOMVIGA-70XaOld7DprXw==/base.apk. target_sdk_version=35, uses_libraries=, library_path=/data/app/~~llK07Rro4X7PAFDWOSHBew==/com.cdccreditsmart.app-NYOMVIGA-70XaOld7DprXw==/lib/arm64:/data/app/~~llK07Rro4X7PAFDWOSHBew==/com.cdccreditsmart.app-NYOMVIGA-70XaOld7DprXw==/base.apk!/lib/arm64-v8a, permitted_path=/data:/mnt/expand:/data/user/0/com.cdccreditsmart.app
2026-01-29 15:40:31.938 30950-30950 CheckTime               com.cdccreditsmart.app               W  App running slow: Executing application classloader create took 551ms
2026-01-29 15:40:31.955 30950-30950 GraphicsEnvironment     com.cdccreditsmart.app               V  Currently set values for:
2026-01-29 15:40:31.955 30950-30950 GraphicsEnvironment     com.cdccreditsmart.app               V    angle_gl_driver_selection_pkgs=[]
2026-01-29 15:40:31.955 30950-30950 GraphicsEnvironment     com.cdccreditsmart.app               V    angle_gl_driver_selection_values=[]
2026-01-29 15:40:31.956 30950-30950 GraphicsEnvironment     com.cdccreditsmart.app               V  ANGLE GameManagerService for com.cdccreditsmart.app: false
2026-01-29 15:40:31.956 30950-30950 GraphicsEnvironment     com.cdccreditsmart.app               V  com.cdccreditsmart.app is not listed in per-application setting
2026-01-29 15:40:31.956 30950-30950 GraphicsEnvironment     com.cdccreditsmart.app               V  Neither updatable production driver nor prerelease driver is supported.
2026-01-29 15:40:32.034 30950-30950 Compatibil...geReporter com.cdccreditsmart.app               D  Compat change id reported: 183155436; UID 10255; state: ENABLED
2026-01-29 15:40:32.069 30950-30950 FirebaseApp             com.cdccreditsmart.app               I  Device unlocked: initializing all Firebase APIs for app [DEFAULT]
2026-01-29 15:40:32.122 30950-30950 FirebaseInitProvider    com.cdccreditsmart.app               I  FirebaseApp initialization successful
2026-01-29 15:40:32.136 30950-30950 WM-WrkMgrInitializer    com.cdccreditsmart.app               D  Initializing WorkManager with default configuration.
2026-01-29 15:40:32.165 30950-31014 creditsmart.app         com.cdccreditsmart.app               W  ClassLoaderContext classpath size mismatch. expected=14, found=0 (DLC[];PCL[base.apk*2362749783:base.apk!classes2.dex*2077728071:base.apk!classes3.dex*1470417517:base.apk!classes4.dex*921131364:base.apk!classes5.dex*533800944:base.apk!classes6.dex*2480635451:base.apk!classes7.dex*3035607751:base.apk!classes8.dex*1976413802:base.apk!classes9.dex*2452502054:base.apk!classes10.dex*4246123040:base.apk!classes11.dex*1195442794:base.apk!classes12.dex*3354210108:base.apk!classes13.dex*3966868064:base.apk!classes14.dex*3551114499]{PCL[/system/framework/org.apache.http.legacy.jar*3284119652]#PCL[/system/framework/com.android.media.remotedisplay.jar*2114713713]#PCL[/system/framework/com.android.location.provider.jar*3994156536]#PCL[/system/framework/org.apache.http.legacy.jar*3284119652]} | DLC[];PCL[])
2026-01-29 15:40:32.169 30950-31014 DynamiteModule          com.cdccreditsmart.app               I  Considering local module com.google.android.gms.measurement.dynamite:127 and remote module com.google.android.gms.measurement.dynamite:172
2026-01-29 15:40:32.169 30950-31014 DynamiteModule          com.cdccreditsmart.app               I  Selected remote version of com.google.android.gms.measurement.dynamite, version >= 172
2026-01-29 15:40:32.169 30950-31014 DynamiteModule          com.cdccreditsmart.app               V  Dynamite loader version >= 2, using loadModule2NoCrashUtils
2026-01-29 15:40:32.190 30950-31014 System                  com.cdccreditsmart.app               W  ClassLoader referenced unknown path: 
2026-01-29 15:40:32.193 30950-31014 nativeloader            com.cdccreditsmart.app               D  Configuring clns-5 for other apk . target_sdk_version=36, uses_libraries=, library_path=/data/app/~~GfLQb5vDpquP2ZOnbpx4zw==/com.google.android.gms-pI85nr6Mut6d_-O0vaOfmg==/lib/arm64:/data/app/~~GfLQb5vDpquP2ZOnbpx4zw==/com.google.android.gms-pI85nr6Mut6d_-O0vaOfmg==/base.apk!/lib/arm64-v8a, permitted_path=/data:/mnt/expand:/data/user/0/com.google.android.gms
2026-01-29 15:40:32.233 30950-31014 creditsmart.app         com.cdccreditsmart.app               W  ClassLoaderContext classpath size mismatch. expected=14, found=34 (DLC[];PCL[base.apk*2362749783:base.apk!classes2.dex*2077728071:base.apk!classes3.dex*1470417517:base.apk!classes4.dex*921131364:base.apk!classes5.dex*533800944:base.apk!classes6.dex*2480635451:base.apk!classes7.dex*3035607751:base.apk!classes8.dex*1976413802:base.apk!classes9.dex*2452502054:base.apk!classes10.dex*4246123040:base.apk!classes11.dex*1195442794:base.apk!classes12.dex*3354210108:base.apk!classes13.dex*3966868064:base.apk!classes14.dex*3551114499]{PCL[/system/framework/org.apache.http.legacy.jar*3284119652]#PCL[/system/framework/com.android.media.remotedisplay.jar*2114713713]#PCL[/system/framework/com.android.location.provider.jar*3994156536]#PCL[/system/framework/org.apache.http.legacy.jar*3284119652]} | DLC[];PCL[/data/app/~~llK07Rro4X7PAFDWOSHBew==/com.cdccreditsmart.app-NYOMVIGA-70XaOld7DprXw==/base.apk*1362708920:/data/app/~~llK07Rro4X7PAFDWOSHBew==/com.cdccreditsmart.app-NYOMVIGA-70XaOld7DprXw==/base.apk!classes2.dex*3729566076:/data/app/~~llK07Rro4X7PAFDWOSHBew==/com.cdccreditsmart.app-NYOMVIGA-70XaOld7DprXw==/base.apk!classes3.dex*1308847431:/data/app/~~llK07Rro4X7PAFDWOSHBew==/com.cdccreditsmart.app-NYOMVIGA-70XaOld7DprXw==/base.apk!classes4.dex*3508681499:/data/app/~~llK07Rro4X7PAFDWOSHBew==/com.cdccreditsmart.app-NYOMVIGA-70XaOld7DprXw==/base.apk!classes5.dex*1096429804:/data/app/~~llK07Rro4X7PAFDWOSHBew==/com.cdccreditsmart.app-NYOMVIGA-70XaOld7DprXw==/base.apk!classes6.dex*766910566:/data/app/~~llK07Rro4X7PAFDWOSHBew==/com.cdccreditsmart.app-NYOMVIGA-70XaOld7DprXw==/base.apk!classes7.dex*1804973077:/data/app/~~llK07Rro4X7PAFDWOSHBew==/com.cdccreditsmart.app-NYOMVIGA-70XaOld7DprXw==/base.apk!classes8.dex*1758036861:/data/app/~~llK07Rro4X7PAFDWOSHBew==/com.cdccreditsmart.app-NYOMVIGA-70XaOld7DprXw==/base.apk!classes9.dex*3611709176:/data/app/~~llK07Rro4X7PAFDWOSHBew==/com.cdccreditsmart.app-NYOMVIGA-70XaOld7DprXw==/base.apk!classes10.dex*2652566590:/data/app/~~llK07Rro4X7PAFDWOSHBew==/com.cdccreditsmart.app-NYOMVIGA-70XaOld7DprXw==/base.apk!classes11.dex*2522320244:/data/app/~~llK07Rro4X7PAFDWOSHBew==/com.cdccreditsmart.app-NYOMVIGA-70XaOld7DprXw==/base.apk!classes12.dex*2451601201:/data/app/~~llK07Rro4X7PAFDWOSHBew==/com.cdccreditsmart.app-NYOMVIGA-70XaOld7DprXw==/base.apk!classes13.dex*2417834281:/data/app/~~llK07Rro4X7PAFDWOSHBew==/com.cdccreditsmart.app-NYOMVIGA-70XaOld7DprXw==/base.apk!classes14.dex*3386100982:/data/app/~~llK07Rro4X7PAFDWOSHBew==/com.cdccreditsmart.app-NYOMVIGA-70XaOld7DprXw==/base.apk!classes15.dex*2312121797:/data/app/~~llK07Rro4X7PAFDWOSHBew==/com.cdccreditsmart.app-NYOMVIGA-70XaOld7DprXw==/base.apk!classes16.dex*3881465258:/data/app/~~llK07Rro4X7PAFDWOSHBew==/com.cdccreditsmart.app-NYOMVIGA-70XaOld7DprXw==/base.apk!classes17.dex*2837152282:/data/app/~~llK07Rro4X7PAFDWOSHBew==/com.cdccreditsmart.app-NYOMVIGA-70XaOld7DprXw==/base.apk!classes18.dex*273230066:/data/app/~~llK07Rro4X7PAFDWOSHBew==/com.cdccreditsmart.app-NYOMVIGA-70XaOld7DprXw==/base.apk!classes19.dex*3082227458:/data/app/~~llK07Rro4X7PAFDWOSHBew==/com.cdccreditsmart.app-NYOMVIGA-70XaOld7DprXw==/base.apk!classes20.dex*946853887:/data/app/~~llK07Rro4X7PAFDWOSHBew==/com.cdccreditsmart.app-NYOMVIGA-70XaOld7DprXw==/base.apk!classes21.dex*3717833656:/data/app/~~llK07Rro4X7PAFDWOSHBew==/com.cdccreditsmart.app-NYOMVIGA-70XaOld7DprXw==/base.apk!classes22.dex*922070930:/data/app/~~llK07Rro4X7PAFDWOSHBew==/com.cdccreditsmart.app-NYOMVIGA-70XaOld7DprXw==/base.apk!classes23.dex*3369650520:/data/app/~~llK07Rro4X7PAFDWOSHBew==/com.cdccreditsmart.app-NYOMVIGA-70XaOld7DprXw==/base.apk!classes24.dex*2913359979:/data/app/~~llK07Rro4X7PAFDWOSHBew==/com.cdccreditsmart.app-NYOMVIGA-70XaOld7DprXw==/base.apk!classes25.dex*1720965731:/data/app/~~llK07Rro4X7PAFDWOSHBew==/com.cdccreditsmart.app-NYOMVIGA-70XaOld7DprXw==/base.apk!classes26.dex*2343579395:/data/app/~~llK07Rro4X7PAFDWOSHBew==/com.cdccreditsmart.app-NYOMVIGA-70XaOld7DprXw==/base.apk!classes27.dex*192690577:/data/app/~~llK07Rro4X7PAFDWOSHBew==/com.cdccreditsmart.app-N
2026-01-29 15:40:32.268 30950-30950 WM-PackageManagerHelper com.cdccreditsmart.app               D  androidx.work.impl.background.systemjob.SystemJobService enabled
2026-01-29 15:40:32.268 30950-30950 WM-Schedulers           com.cdccreditsmart.app               D  Created SystemJobScheduler and enabled SystemJobService
2026-01-29 15:40:32.307 30950-30950 CheckTime               com.cdccreditsmart.app               W  App running slow: Executing handleBindApplication : installContentProviders took 299ms
2026-01-29 15:40:32.307 30950-30950 CrashHandler            com.cdccreditsmart.app               I  âœ… Global crash handler instalado
2026-01-29 15:40:32.307 30950-30950 CDCApplication          com.cdccreditsmart.app               I  CDC Application iniciando...
2026-01-29 15:40:32.309 30950-30950 CDCApplication          com.cdccreditsmart.app               I  Executando inicializacao completa...
2026-01-29 15:40:32.353 30950-30950 CDCApplication          com.cdccreditsmart.app               I  ========================================
2026-01-29 15:40:32.353 30950-30950 CDCApplication          com.cdccreditsmart.app               I  ğŸ” Verificando status de Device Owner...
2026-01-29 15:40:32.360 30950-30950 CDCApplication          com.cdccreditsmart.app               I  Device Owner Status: âŒ NÃƒO
2026-01-29 15:40:32.360 30950-30950 CDCApplication          com.cdccreditsmart.app               I  Package Name: com.cdccreditsmart.app
2026-01-29 15:40:32.360 30950-30950 CDCApplication          com.cdccreditsmart.app               E  
2026-01-29 15:40:32.360 30950-30950 CDCApplication          com.cdccreditsmart.app               E  â•”â•â•â•â•â•â•â•â•â•â•â•â•â•â•â•â•â•â•â•â•â•â•â•â•â•â•â•â•â•â•â•â•â•â•â•â•â•â•â•â•â•â•â•â•â•â•â•â•â•â•â•â•â•â•â•â•â•—
2026-01-29 15:40:32.360 30950-30950 CDCApplication          com.cdccreditsmart.app               E  â•‘  âš ï¸  APP NÃƒO ESTÃ PROVISIONADO COMO DEVICE OWNER  âš ï¸   â•‘
2026-01-29 15:40:32.360 30950-30950 CDCApplication          com.cdccreditsmart.app               E  â• â•â•â•â•â•â•â•â•â•â•â•â•â•â•â•â•â•â•â•â•â•â•â•â•â•â•â•â•â•â•â•â•â•â•â•â•â•â•â•â•â•â•â•â•â•â•â•â•â•â•â•â•â•â•â•â•â•£
2026-01-29 15:40:32.360 30950-30950 CDCApplication          com.cdccreditsmart.app               E  â•‘  O app precisa ser provisionado como Device Owner      â•‘
2026-01-29 15:40:32.360 30950-30950 CDCApplication          com.cdccreditsmart.app               E  â•‘  ANTES de poder conceder permissÃµes automaticamente.   â•‘
2026-01-29 15:40:32.360 30950-30950 CDCApplication          com.cdccreditsmart.app               E  â•‘                                                        â•‘
2026-01-29 15:40:32.360 30950-30950 CDCApplication          com.cdccreditsmart.app               E  â•‘  Provisione o dispositivo usando um dos mÃ©todos:       â•‘
2026-01-29 15:40:32.360 30950-30950 CDCApplication          com.cdccreditsmart.app               E  â•‘  1. ADB: adb shell dpm set-device-owner ...           â•‘
2026-01-29 15:40:32.360 30950-30950 CDCApplication          com.cdccreditsmart.app               E  â•‘  2. QR Code durante setup inicial                      â•‘
2026-01-29 15:40:32.360 30950-30950 CDCApplication          com.cdccreditsmart.app               E  â•‘  3. NFC durante setup inicial                          â•‘
2026-01-29 15:40:32.360 30950-30950 CDCApplication          com.cdccreditsmart.app               E  â•‘  4. Samsung Knox Mobile Enrollment                     â•‘
2026-01-29 15:40:32.360 30950-30950 CDCApplication          com.cdccreditsmart.app               E  â•šâ•â•â•â•â•â•â•â•â•â•â•â•â•â•â•â•â•â•â•â•â•â•â•â•â•â•â•â•â•â•â•â•â•â•â•â•â•â•â•â•â•â•â•â•â•â•â•â•â•â•â•â•â•â•â•â•â•
2026-01-29 15:40:32.360 30950-30950 CDCApplication          com.cdccreditsmart.app               E  
2026-01-29 15:40:32.360 30950-30950 CDCApplication          com.cdccreditsmart.app               I  ========================================
2026-01-29 15:40:32.361 30950-30950 CDCApplication          com.cdccreditsmart.app               D  â¸ï¸ App nÃ£o Ã© Device Owner - SettingsGuard serÃ¡ iniciado normalmente
2026-01-29 15:40:32.361 30950-30950 CDCApplication          com.cdccreditsmart.app               I  ğŸ”’ Iniciando sistema Keep Alive...
2026-01-29 15:40:32.366 30950-30950 KeepAliveManager        com.cdccreditsmart.app               I  ğŸ”’ ========================================
2026-01-29 15:40:32.366 30950-30950 KeepAliveManager        com.cdccreditsmart.app               I  ğŸ”’ INICIANDO SISTEMA KEEP ALIVE
2026-01-29 15:40:32.366 30950-30950 KeepAliveManager        com.cdccreditsmart.app               I  ğŸ”’ ========================================
2026-01-29 15:40:32.380 30950-30950 KeepAliveManager        com.cdccreditsmart.app               I  âœ… ServiceWatchdogWorker agendado (15min)
2026-01-29 15:40:32.381 30950-30950 Compatibil...geReporter com.cdccreditsmart.app               D  Compat change id reported: 160794467; UID 10255; state: ENABLED
2026-01-29 15:40:32.392 30950-30950 KeepAliveManager        com.cdccreditsmart.app               E  âŒ Erro ao agendar alarm: Caller com.cdccreditsmart.app needs to hold android.permission.SCHEDULE_EXACT_ALARM or android.permission.USE_EXACT_ALARM to set exact alarms. (Ask Gemini)
                                                                                                    java.lang.SecurityException: Caller com.cdccreditsmart.app needs to hold android.permission.SCHEDULE_EXACT_ALARM or android.permission.USE_EXACT_ALARM to set exact alarms.
                                                                                                    	at android.os.Parcel.createExceptionOrNull(Parcel.java:3079)
                                                                                                    	at android.os.Parcel.createException(Parcel.java:3063)
                                                                                                    	at android.os.Parcel.readException(Parcel.java:3046)
                                                                                                    	at android.os.Parcel.readException(Parcel.java:2988)
                                                                                                    	at android.app.IAlarmManager$Stub$Proxy.set(IAlarmManager.java:311)
                                                                                                    	at android.app.AlarmManager.setImpl(AlarmManager.java:1084)
                                                                                                    	at android.app.AlarmManager.setImpl(AlarmManager.java:1044)
                                                                                                    	at android.app.AlarmManager.setExactAndAllowWhileIdle(AlarmManager.java:1312)
                                                                                                    	at com.cdccreditsmart.app.keepalive.KeepAliveManager.scheduleAlarmWakeup(KeepAliveManager.kt:126)
                                                                                                    	at com.cdccreditsmart.app.keepalive.KeepAliveManager.startKeepAlive(KeepAliveManager.kt:50)
                                                                                                    	at com.cdccreditsmart.app.CDCApplication.startKeepAliveSystem(CDCApplication.kt:220)
                                                                                                    	at com.cdccreditsmart.app.CDCApplication.performFullInitialization(CDCApplication.kt:100)
                                                                                                    	at com.cdccreditsmart.app.CDCApplication.onCreate(CDCApplication.kt:66)
                                                                                                    	at android.app.Instrumentation.callApplicationOnCreate(Instrumentation.java:1316)
                                                                                                    	at android.app.ActivityThread.handleBindApplication(ActivityThread.java:7138)
                                                                                                    	at android.app.ActivityThread.-$$Nest$mhandleBindApplication(Unknown Source:0)
                                                                                                    	at android.app.ActivityThread$H.handleMessage(ActivityThread.java:2328)
                                                                                                    	at android.os.Handler.dispatchMessage(Handler.java:106)
                                                                                                    	at android.os.Looper.loopOnce(Looper.java:205)
                                                                                                    	at android.os.Looper.loop(Looper.java:294)
                                                                                                    	at android.app.ActivityThread.main(ActivityThread.java:8391)
                                                                                                    	at java.lang.reflect.Method.invoke(Native Method)
                                                                                                    	at com.android.internal.os.RuntimeInit$MethodAndArgsCaller.run(RuntimeInit.java:640)
                                                                                                    	at com.android.internal.os.ZygoteInit.main(ZygoteInit.java:995)
                                                                                                    Caused by: android.os.RemoteException: Remote stack trace:
                                                                                                    	at com.android.server.alarm.AlarmManagerService$5.set(AlarmManagerService.java:3149)
                                                                                                    	at android.app.IAlarmManager$Stub.onTransact(IAlarmManager.java:181)
                                                                                                    	at android.os.Binder.execTransactInternal(Binder.java:1339)
                                                                                                    	at android.os.Binder.execTransact(Binder.java:1275)
2026-01-29 15:40:32.395 30950-30950 KeepAliveManager        com.cdccreditsmart.app               I  ğŸ”‹ App NÃƒO Ã© Device Owner - permissÃ£o serÃ¡ solicitada na tela de permissÃµes
2026-01-29 15:40:32.395 30950-30950 KeepAliveManager        com.cdccreditsmart.app               I  ğŸ”’ Sistema Keep Alive ativo
2026-01-29 15:40:32.395 30950-30950 KeepAliveManager        com.cdccreditsmart.app               I  ğŸ”’ - WorkManager: verificaÃ§Ã£o a cada 15min
2026-01-29 15:40:32.395 30950-30950 KeepAliveManager        com.cdccreditsmart.app               I  ğŸ”’ - AlarmManager: wakeup a cada 10min
2026-01-29 15:40:32.395 30950-30950 KeepAliveManager        com.cdccreditsmart.app               I  ğŸ”’ ========================================
2026-01-29 15:40:32.395 30950-31034 creditsmart.app         com.cdccreditsmart.app               W  Accessing hidden method Ldalvik/system/VMStack;->getStackClass2()Ljava/lang/Class; (unsupported, reflection, allowed)
2026-01-29 15:40:32.397 30950-30950 CDCApplication          com.cdccreditsmart.app               I  ğŸ“Š Keep Alive Stats:
2026-01-29 15:40:32.397 30950-30950 CDCApplication          com.cdccreditsmart.app               I     - Restarts anteriores: 0
2026-01-29 15:40:32.397 30950-30950 CDCApplication          com.cdccreditsmart.app               I     - OtimizaÃ§Ã£o bateria: SIM (ruim)
2026-01-29 15:40:32.415 30950-31031 creditsmart.app         com.cdccreditsmart.app               E  No package ID 6a found for resource ID 0x6a0b0013.
2026-01-29 15:40:32.418 30950-31031 FA                      com.cdccreditsmart.app               I  App measurement initialized, version: 148008
2026-01-29 15:40:32.419 30950-31031 FA                      com.cdccreditsmart.app               I  To enable debug logging run: adb shell setprop log.tag.FA VERBOSE
2026-01-29 15:40:32.419 30950-31031 FA                      com.cdccreditsmart.app               I  To enable faster debug mode event logging run:
                                                                                                      adb shell setprop debug.firebase.analytics.app com.cdccreditsmart.app
2026-01-29 15:40:32.425 30950-31035 Compatibil...geReporter com.cdccreditsmart.app               D  Compat change id reported: 194532703; UID 10255; state: ENABLED
2026-01-29 15:40:32.425 30950-31035 Compatibil...geReporter com.cdccreditsmart.app               D  Compat change id reported: 253665015; UID 10255; state: ENABLED
2026-01-29 15:40:32.579 30950-31031 FA                      com.cdccreditsmart.app               I  Tag Manager is not found and thus will not be used
2026-01-29 15:40:32.733 30950-30950 SecureTokenStorage      com.cdccreditsmart.app               D  EncryptedSharedPreferences initialized successfully
2026-01-29 15:40:32.743 30950-30950 ContractCodeStorage     com.cdccreditsmart.app               D  Retrieving contract code from storage
2026-01-29 15:40:32.782 30950-31020 TrafficStats            com.cdccreditsmart.app               D  tagSocket(112) with statsTag=0x8001, statsUid=-1
2026-01-29 15:40:33.032 30950-30950 ContractCodeStorage     com.cdccreditsmart.app               D  Storage verification: 0 valid, 0 tampered, 7 missing
2026-01-29 15:40:33.032 30950-30950 ContractCodeStorage     com.cdccreditsmart.app               W  No valid contract code found in any location
2026-01-29 15:40:33.042 30950-31043 CDCApplication          com.cdccreditsmart.app               I  ğŸ§¹ ========================================
2026-01-29 15:40:33.042 30950-31043 CDCApplication          com.cdccreditsmart.app               I  ğŸ§¹ LIMPANDO ESTADO DE BLOQUEIO OBSOLETO
2026-01-29 15:40:33.042 30950-31043 CDCApplication          com.cdccreditsmart.app               I  ğŸ§¹ ========================================
2026-01-29 15:40:33.042 30950-31043 CDCApplication          com.cdccreditsmart.app               I  ğŸ§¹ Dispositivo nÃ£o estÃ¡ pareado - bloqueio anterior serÃ¡ removido
2026-01-29 15:40:33.043 30950-30950 CDCApplication          com.cdccreditsmart.app               I  Inicializacao completa finalizada
2026-01-29 15:40:33.043 30950-30950 CheckTime               com.cdccreditsmart.app               W  App running slow: Executing handleBindApplication : callApplicationOnCreate took 737ms
2026-01-29 15:40:33.044 30950-31043 CDCApplication          com.cdccreditsmart.app               I  ğŸ§¹ Estado anterior encontrado:
2026-01-29 15:40:33.045 30950-31043 CDCApplication          com.cdccreditsmart.app               I     NÃ­vel: 0
2026-01-29 15:40:33.045 30950-31043 CDCApplication          com.cdccreditsmart.app               I     Bloqueio manual: false
2026-01-29 15:40:33.045 30950-31043 CDCApplication          com.cdccreditsmart.app               I  ğŸ§¹ Nenhum bloqueio ativo - nada a limpar
2026-01-29 15:40:33.045 30950-31043 CDCApplication          com.cdccreditsmart.app               I  ğŸ§¹ ========================================
2026-01-29 15:40:33.049 30950-31045 AppProtectionManager    com.cdccreditsmart.app               I  
2026-01-29 15:40:33.049 30950-31045 AppProtectionManager    com.cdccreditsmart.app               I  â•”â•â•â•â•â•â•â•â•â•â•â•â•â•â•â•â•â•â•â•â•â•â•â•â•â•â•â•â•â•â•â•â•â•â•â•â•â•â•â•â•â•â•â•â•â•â•â•â•â•â•â•â•â•â•â•â•â•â•â•â•â•â•â•â•â•—
2026-01-29 15:40:33.049 30950-31045 AppProtectionManager    com.cdccreditsmart.app               I  â•‘     ğŸ›¡ï¸ APLICANDO MELHOR PROTEÃ‡ÃƒO DISPONÃVEL                    â•‘
2026-01-29 15:40:33.049 30950-31045 AppProtectionManager    com.cdccreditsmart.app               I  â•‘           CDC CREDIT SMART - PROTEÃ‡ÃƒO EM CAMADAS              â•‘
2026-01-29 15:40:33.049 30950-31045 AppProtectionManager    com.cdccreditsmart.app               I  â•šâ•â•â•â•â•â•â•â•â•â•â•â•â•â•â•â•â•â•â•â•â•â•â•â•â•â•â•â•â•â•â•â•â•â•â•â•â•â•â•â•â•â•â•â•â•â•â•â•â•â•â•â•â•â•â•â•â•â•â•â•â•â•â•â•â•
2026-01-29 15:40:33.049 30950-31045 AppProtectionManager    com.cdccreditsmart.app               I  
2026-01-29 15:40:33.051 30950-31045 AppProtectionManager    com.cdccreditsmart.app               I  ğŸ“‹ STATUS ATUAL:
2026-01-29 15:40:33.051 30950-31045 AppProtectionManager    com.cdccreditsmart.app               I     Device Owner: NÃƒO
2026-01-29 15:40:33.052 30950-31045 AppProtectionManager    com.cdccreditsmart.app               I     Device Admin: NÃƒO
2026-01-29 15:40:33.052 30950-31045 AppProtectionManager    com.cdccreditsmart.app               I  
2026-01-29 15:40:33.052 30950-31045 AppProtectionManager    com.cdccreditsmart.app               W  âš ï¸ NÃVEL: SEM PRIVILÃ‰GIOS
2026-01-29 15:40:33.052 30950-31045 AppProtectionManager    com.cdccreditsmart.app               W     App precisa ser ativado como Device Admin ou Device Owner
2026-01-29 15:40:33.052 30950-31045 AppProtectionManager    com.cdccreditsmart.app               W     para aplicar proteÃ§Ãµes contra desinstalaÃ§Ã£o.
2026-01-29 15:40:33.052 30950-31045 AppProtectionManager    com.cdccreditsmart.app               W  
2026-01-29 15:40:33.052 30950-31045 AppProtectionManager    com.cdccreditsmart.app               I     Iniciando serviÃ§os de persistÃªncia...
2026-01-29 15:40:33.058 30950-31045 AppProtectionManager    com.cdccreditsmart.app               I     âœ… Foreground Service iniciado
2026-01-29 15:40:33.059 30950-31045 AppProtectionManager    com.cdccreditsmart.app               I     âœ… ServiceWatchdog agendado (15 min)
2026-01-29 15:40:33.060 30950-31045 CDCApplication          com.cdccreditsmart.app               I  
2026-01-29 15:40:33.060 30950-31045 CDCApplication          com.cdccreditsmart.app               I  â•”â•â•â•â•â•â•â•â•â•â•â•â•â•â•â•â•â•â•â•â•â•â•â•â•â•â•â•â•â•â•â•â•â•â•â•â•â•â•â•â•â•â•â•â•â•â•â•â•â•â•â•â•â•â•â•â•â•â•â•â•â•—
2026-01-29 15:40:33.060 30950-31045 CDCApplication          com.cdccreditsmart.app               I  â•‘     RESULTADO DA APLICAÃ‡ÃƒO DE PROTEÃ‡Ã•ES                    â•‘
2026-01-29 15:40:33.060 30950-31045 CDCApplication          com.cdccreditsmart.app               I  â•šâ•â•â•â•â•â•â•â•â•â•â•â•â•â•â•â•â•â•â•â•â•â•â•â•â•â•â•â•â•â•â•â•â•â•â•â•â•â•â•â•â•â•â•â•â•â•â•â•â•â•â•â•â•â•â•â•â•â•â•â•â•
2026-01-29 15:40:33.060 30950-31045 CDCApplication          com.cdccreditsmart.app               I     NÃ­vel: NONE
2026-01-29 15:40:33.060 30950-31045 CDCApplication          com.cdccreditsmart.app               I     ProteÃ§Ãµes aplicadas: 0
2026-01-29 15:40:33.060 30950-31045 CDCApplication          com.cdccreditsmart.app               E     Status: SEM PROTEÃ‡ÃƒO
2026-01-29 15:40:33.060 30950-31045 CDCApplication          com.cdccreditsmart.app               E     App precisa ser provisionado como Device Owner
2026-01-29 15:40:33.060 30950-31045 CDCApplication          com.cdccreditsmart.app               E  
2026-01-29 15:40:33.060 30950-31045 CDCApplication          com.cdccreditsmart.app               E     Provisione o dispositivo usando:
2026-01-29 15:40:33.060 30950-31045 CDCApplication          com.cdccreditsmart.app               E     1. QR Code durante setup inicial
2026-01-29 15:40:33.060 30950-31045 CDCApplication          com.cdccreditsmart.app               E     2. ADB: adb shell dpm set-device-owner ...
2026-01-29 15:40:33.060 30950-31045 CDCApplication          com.cdccreditsmart.app               E     3. Samsung Knox Mobile Enrollment
2026-01-29 15:40:33.060 30950-31045 CDCApplication          com.cdccreditsmart.app               I  â•šâ•â•â•â•â•â•â•â•â•â•â•â•â•â•â•â•â•â•â•â•â•â•â•â•â•â•â•â•â•â•â•â•â•â•â•â•â•â•â•â•â•â•â•â•â•â•â•â•â•â•â•â•â•â•â•â•â•â•â•â•â•
2026-01-29 15:40:33.060 30950-31045 CDCApplication          com.cdccreditsmart.app               I  
2026-01-29 15:40:33.063 30950-31045 TamperDetection         com.cdccreditsmart.app               I  ========================================
2026-01-29 15:40:33.063 30950-31045 TamperDetection         com.cdccreditsmart.app               I  ğŸ” VERIFICANDO INTEGRIDADE DO DISPOSITIVO
2026-01-29 15:40:33.063 30950-31043 CDCApplication          com.cdccreditsmart.app               D  ğŸ‘¤ App nÃ£o Ã© Device Owner - pulando criaÃ§Ã£o de usuÃ¡rio secundÃ¡rio
2026-01-29 15:40:33.063 30950-31045 TamperDetection         com.cdccreditsmart.app               I  ========================================
2026-01-29 15:40:33.070 30950-31045 TamperDetection         com.cdccreditsmart.app               I  âœ… Primeira instalaÃ§Ã£o detectada
2026-01-29 15:40:33.070 30950-31045 TamperDetection         com.cdccreditsmart.app               I     Token e deviceId nÃ£o existem - app nunca foi pareado
2026-01-29 15:40:33.070 30950-31045 TamperDetection         com.cdccreditsmart.app               I  ========================================
2026-01-29 15:40:33.091 30950-31045 TamperDetection         com.cdccreditsmart.app               I  âœ… Device fingerprint criado: CDC_7773****
2026-01-29 15:40:33.097 30950-31045 TamperDetection         com.cdccreditsmart.app               I  
2026-01-29 15:40:33.097 30950-31045 TamperDetection         com.cdccreditsmart.app               I  â•”â•â•â•â•â•â•â•â•â•â•â•â•â•â•â•â•â•â•â•â•â•â•â•â•â•â•â•â•â•â•â•â•â•â•â•â•â•â•â•â•â•â•â•â•â•â•â•â•â•â•â•â•â•â•â•â•â•—
2026-01-29 15:40:33.097 30950-31045 TamperDetection         com.cdccreditsmart.app               I  â•‘    ğŸ“¡ BOOT REPORT ADIADO - AGUARDANDO PAREAMENTO      â•‘
2026-01-29 15:40:33.097 30950-31045 TamperDetection         com.cdccreditsmart.app               I  â• â•â•â•â•â•â•â•â•â•â•â•â•â•â•â•â•â•â•â•â•â•â•â•â•â•â•â•â•â•â•â•â•â•â•â•â•â•â•â•â•â•â•â•â•â•â•â•â•â•â•â•â•â•â•â•â•â•£
2026-01-29 15:40:33.097 30950-31045 TamperDetection         com.cdccreditsmart.app               I  â•‘  â³ Device ainda nÃ£o pareado com contrato              â•‘
2026-01-29 15:40:33.097 30950-31045 TamperDetection         com.cdccreditsmart.app               I  â•‘  â³ Boot serÃ¡ reportado apÃ³s autenticaÃ§Ã£o              â•‘
2026-01-29 15:40:33.097 30950-31045 TamperDetection         com.cdccreditsmart.app               I  â•‘  â„¹ï¸  Isso Ã© comportamento NORMAL antes do pareamento   â•‘
2026-01-29 15:40:33.097 30950-31045 TamperDetection         com.cdccreditsmart.app               I  â•šâ•â•â•â•â•â•â•â•â•â•â•â•â•â•â•â•â•â•â•â•â•â•â•â•â•â•â•â•â•â•â•â•â•â•â•â•â•â•â•â•â•â•â•â•â•â•â•â•â•â•â•â•â•â•â•â•â•
2026-01-29 15:40:33.097 30950-31045 TamperDetection         com.cdccreditsmart.app               I  
2026-01-29 15:40:33.098 30950-31045 CDCApplication          com.cdccreditsmart.app               I  ğŸ”’ Verificando status do SIM no boot da aplicaÃ§Ã£o...
2026-01-29 15:40:33.101 30950-31045 SimSwapManager          com.cdccreditsmart.app               I  ========================================
2026-01-29 15:40:33.101 30950-31045 SimSwapManager          com.cdccreditsmart.app               I  ğŸ”’ SIM SWAP: Iniciando verificaÃ§Ã£o de status do SIM
2026-01-29 15:40:33.101 30950-31045 SimSwapManager          com.cdccreditsmart.app               I  ========================================
2026-01-29 15:40:33.105 30950-31045 SimSwapDetector         com.cdccreditsmart.app               E  ğŸ”’ SIM SWAP: PermissÃ£o READ_PHONE_STATE NÃƒO CONCEDIDA!
2026-01-29 15:40:33.105 30950-31045 SimSwapManager          com.cdccreditsmart.app               E  ğŸ”’ SIM SWAP: Sem permissÃ£o READ_PHONE_STATE - verificaÃ§Ã£o cancelada
2026-01-29 15:40:33.105 30950-31045 SimSwapManager          com.cdccreditsmart.app               I  ========================================
2026-01-29 15:40:33.106 30950-31043 CDCApplication          com.cdccreditsmart.app               W  âš ï¸ VerificaÃ§Ã£o de SIM swap falhou ou encontrou problemas
2026-01-29 15:40:33.117 30950-31049 Compatibil...geReporter com.cdccreditsmart.app               D  Compat change id reported: 263076149; UID 10255; state: ENABLED
2026-01-29 15:40:33.159 30950-30950 MainActivity            com.cdccreditsmart.app               I  âœ… Brilho da tela definido para MÃXIMO
2026-01-29 15:40:33.160 30950-30950 MainActivity            com.cdccreditsmart.app               D  ğŸ“ BroadcastReceiver de localizaÃ§Ã£o registrado
2026-01-29 15:40:33.169 30950-30950 MainActivity            com.cdccreditsmart.app               I  ========================================
2026-01-29 15:40:33.169 30950-30950 MainActivity            com.cdccreditsmart.app               I  ğŸ“± SOLICITANDO PERMISSÃ•ES (NÃƒO DEVICE OWNER)
2026-01-29 15:40:33.169 30950-30950 MainActivity            com.cdccreditsmart.app               I  ========================================
2026-01-29 15:40:33.170 30950-31043 PersistentStateManager  com.cdccreditsmart.app               D  Nenhum estado local encontrado
2026-01-29 15:40:33.170 30950-31043 PersistentStateManager  com.cdccreditsmart.app               D  ğŸ†• Sem estado local - device novo ou pÃ³s factory reset
2026-01-29 15:40:33.170 30950-31043 MainActivity            com.cdccreditsmart.app               I  ğŸ†• Device nunca foi provisionado
2026-01-29 15:40:33.177 30950-30950 MainActivity            com.cdccreditsmart.app               I  ğŸ“‹ Runtime permissions a solicitar: 9
2026-01-29 15:40:33.177 30950-30950 MainActivity            com.cdccreditsmart.app               D    â€¢ android.permission.READ_PHONE_STATE
2026-01-29 15:40:33.177 30950-30950 MainActivity            com.cdccreditsmart.app               D    â€¢ android.permission.READ_CALL_LOG
2026-01-29 15:40:33.177 30950-30950 MainActivity            com.cdccreditsmart.app               D    â€¢ android.permission.CALL_PHONE
2026-01-29 15:40:33.177 30950-30950 MainActivity            com.cdccreditsmart.app               D    â€¢ android.permission.READ_CONTACTS
2026-01-29 15:40:33.177 30950-30950 MainActivity            com.cdccreditsmart.app               D    â€¢ android.permission.ACCESS_FINE_LOCATION
2026-01-29 15:40:33.177 30950-30950 MainActivity            com.cdccreditsmart.app               D    â€¢ android.permission.ACCESS_COARSE_LOCATION
2026-01-29 15:40:33.177 30950-30950 MainActivity            com.cdccreditsmart.app               D    â€¢ android.permission.ANSWER_PHONE_CALLS
2026-01-29 15:40:33.177 30950-30950 MainActivity            com.cdccreditsmart.app               D    â€¢ android.permission.READ_PHONE_NUMBERS
2026-01-29 15:40:33.177 30950-30950 MainActivity            com.cdccreditsmart.app               D    â€¢ android.permission.POST_NOTIFICATIONS
2026-01-29 15:40:33.177 30950-30950 SettingsGuardService    com.cdccreditsmart.app               I  â¸ï¸ Guard PAUSADO para fluxo de permissÃµes (timeout: 30s)
2026-01-29 15:40:33.196 30950-30950 SpecialPermissionReq    com.cdccreditsmart.app               I  ========================================
2026-01-29 15:40:33.196 30950-30950 SpecialPermissionReq    com.cdccreditsmart.app               I  ğŸ“Š STATUS DAS PERMISSÃ•ES ESPECIAIS
2026-01-29 15:40:33.196 30950-30950 SpecialPermissionReq    com.cdccreditsmart.app               I  ========================================
2026-01-29 15:40:33.197 30950-30950 SpecialPermissionReq    com.cdccreditsmart.app               I    USAGE_STATS: âŒ NÃƒO CONCEDIDA
2026-01-29 15:40:33.199 30950-30950 SpecialPermissionReq    com.cdccreditsmart.app               I    OVERLAY: âŒ NÃƒO CONCEDIDA
2026-01-29 15:40:33.201 30950-30950 SpecialPermissionReq    com.cdccreditsmart.app               I    BATTERY_OPT: âŒ NÃƒO ISENTO
2026-01-29 15:40:33.201 30950-30950 SpecialPermissionReq    com.cdccreditsmart.app               W  
2026-01-29 15:40:33.201 30950-30950 SpecialPermissionReq    com.cdccreditsmart.app               W  âš ï¸ PROTEÃ‡ÃƒO ANTI-DESINSTALAÃ‡ÃƒO COMPROMETIDA!
2026-01-29 15:40:33.201 30950-30950 SpecialPermissionReq    com.cdccreditsmart.app               W     Sem essas permissÃµes, a proteÃ§Ã£o via overlay nÃ£o funciona.
2026-01-29 15:40:33.201 30950-30950 SpecialPermissionReq    com.cdccreditsmart.app               W     O usuÃ¡rio conseguirÃ¡ acessar App Info e desinstalar.
2026-01-29 15:40:33.201 30950-30950 SpecialPermissionReq    com.cdccreditsmart.app               I  ========================================
2026-01-29 15:40:33.203 30950-30950 MainActivity            com.cdccreditsmart.app               W  ========================================
2026-01-29 15:40:33.203 30950-30950 MainActivity            com.cdccreditsmart.app               W  âš ï¸ PERMISSÃ•ES ESPECIAIS NECESSÃRIAS
2026-01-29 15:40:33.203 30950-30950 MainActivity            com.cdccreditsmart.app               W  ========================================
2026-01-29 15:40:33.203 30950-30950 MainActivity            com.cdccreditsmart.app               W  Para proteÃ§Ã£o anti-desinstalaÃ§Ã£o funcionar:
2026-01-29 15:40:33.203 30950-30950 MainActivity            com.cdccreditsmart.app               W    âŒ Acesso ao Uso de Apps
2026-01-29 15:40:33.203 30950-30950 MainActivity            com.cdccreditsmart.app               W       Permite detectar quando vocÃª abre as ConfiguraÃ§Ãµes para aplicar proteÃ§Ã£o
2026-01-29 15:40:33.203 30950-30950 MainActivity            com.cdccreditsmart.app               W    âŒ Exibir sobre outros apps
2026-01-29 15:40:33.203 30950-30950 MainActivity            com.cdccreditsmart.app               W       Permite mostrar avisos de proteÃ§Ã£o sobre outros aplicativos
2026-01-29 15:40:33.203 30950-30950 MainActivity            com.cdccreditsmart.app               W    âŒ ExecuÃ§Ã£o em Segundo Plano
2026-01-29 15:40:33.203 30950-30950 MainActivity            com.cdccreditsmart.app               W       Permite que o app funcione continuamente para manter a proteÃ§Ã£o ativa. Esta Ã© a Ãºnica permissÃ£o que o Android nÃ£o permite conceder automaticamente.
2026-01-29 15:40:33.203 30950-30950 MainActivity            com.cdccreditsmart.app               W  ========================================
2026-01-29 15:40:33.203 30950-30950 MainActivity            com.cdccreditsmart.app               W  O app solicitarÃ¡ essas permissÃµes na prÃ³xima interaÃ§Ã£o
2026-01-29 15:40:33.203 30950-30950 MainActivity            com.cdccreditsmart.app               W  ========================================
2026-01-29 15:40:33.257 30950-30950 Compatibil...geReporter com.cdccreditsmart.app               D  Compat change id reported: 237531167; UID 10255; state: DISABLED
2026-01-29 15:40:33.263 30950-30950 OpenGLRenderer          com.cdccreditsmart.app               W  Unknown dataspace 0
2026-01-29 15:40:33.284 30950-30950 Choreographer           com.cdccreditsmart.app               I  Skipped 103 frames!  The application may be doing too much work on its main thread.
2026-01-29 15:40:34.545 30950-31047 OpenGLRenderer          com.cdccreditsmart.app               E  Unable to match the desired swap behavior.
2026-01-29 15:40:34.573 30950-31070 mali_gralloc            com.cdccreditsmart.app               D  register: id=337000002d6, handle=0xb400007756010cd0, importpid=-1, gRegisteredHandles=0
2026-01-29 15:40:34.577 30950-31070 mali_gralloc            com.cdccreditsmart.app               D  register: id=337000002d7, handle=0xb400007756012350, importpid=-1, gRegisteredHandles=1
2026-01-29 15:40:34.582 30950-31070 mali_gralloc            com.cdccreditsmart.app               D  register: id=337000002d8, handle=0xb400007756012d70, importpid=-1, gRegisteredHandles=2
2026-01-29 15:40:34.590 30950-31070 mali_gralloc            com.cdccreditsmart.app               D  register: id=337000002d9, handle=0xb4000077560142d0, importpid=-1, gRegisteredHandles=3
2026-01-29 15:40:35.138 30950-30973 OpenGLRenderer          com.cdccreditsmart.app               I  Davey! duration=2989ms; Flags=1, FrameTimelineVsyncId=370316, IntendedVsync=1860114554259, Vsync=1861258712043, InputEventId=0, HandleInputStart=1861263344898, AnimationStart=1861263359168, PerformTraversalsStart=1861263858360, DrawStart=1862588881436, FrameDeadline=1860126665370, FrameInterval=1861260675091, FrameStartTime=11108328, SyncQueued=1862647256513, SyncStart=1862647420397, IssueDrawCommandsStart=1862648843282, SwapBuffers=1863095471128, FrameCompleted=1863104162128, DequeueBufferDuration=22885, QueueBufferDuration=450962, GpuCompleted=1863104162128, SwapBuffersCompleted=1863101975243, DisplayPresentTime=0, CommandSubmissionCompleted=1863095471128, 
2026-01-29 15:40:35.138 30950-30950 CdcForegroundService    com.cdccreditsmart.app               D  ğŸ“± ServiÃ§o onCreate()
2026-01-29 15:40:35.155 30950-30950 CdcForegroundService    com.cdccreditsmart.app               D  âœ… Canal de notificaÃ§Ã£o criado
2026-01-29 15:40:35.158 30950-30950 CdcForegroundService    com.cdccreditsmart.app               I  âœ… ScreenStateReceiver registrado (inclui ACTION_USER_PRESENT para detectar screen unlock)
2026-01-29 15:40:35.159 30950-30950 CdcForegroundService    com.cdccreditsmart.app               D  ğŸš€ ServiÃ§o onStartCommand() - Action: null
2026-01-29 15:40:35.177 30950-30950 CdcForegroundService    com.cdccreditsmart.app               I  âœ… Foreground Service ativo (Android 12+)
2026-01-29 15:40:35.181 30950-31043 CdcForegroundService    com.cdccreditsmart.app               I  ğŸ”§ ========================================
2026-01-29 15:40:35.181 30950-31043 CdcForegroundService    com.cdccreditsmart.app               I  ğŸ”§ INICIANDO initializeServices()...
2026-01-29 15:40:35.181 30950-31043 CdcForegroundService    com.cdccreditsmart.app               I  ğŸ”§ ========================================
2026-01-29 15:40:35.181 30950-31043 CdcForegroundService    com.cdccreditsmart.app               I  ğŸ”§ Inicializando serviÃ§os base (SettingsGuard, WorkPolicies)...
2026-01-29 15:40:35.181 30950-31043 CdcForegroundService    com.cdccreditsmart.app               I  ğŸ¢ ========================================
2026-01-29 15:40:35.181 30950-31043 CdcForegroundService    com.cdccreditsmart.app               I  ğŸ¢ APLICANDO POLÃTICAS DE AMBIENTE DE TRABALHO
2026-01-29 15:40:35.181 30950-31043 CdcForegroundService    com.cdccreditsmart.app               I  ğŸ¢ ========================================
2026-01-29 15:40:35.185 30950-31043 WorkPolicyManager       com.cdccreditsmart.app               I  
2026-01-29 15:40:35.185 30950-31043 WorkPolicyManager       com.cdccreditsmart.app               I  â•”â•â•â•â•â•â•â•â•â•â•â•â•â•â•â•â•â•â•â•â•â•â•â•â•â•â•â•â•â•â•â•â•â•â•â•â•â•â•â•â•â•â•â•â•â•â•â•â•â•â•â•â•â•â•â•â•â•â•â•â•â•â•â•â•â•—
2026-01-29 15:40:35.185 30950-31043 WorkPolicyManager       com.cdccreditsmart.app               I  â•‘  ğŸ¢ APLICANDO POLÃTICAS DE AMBIENTE DE TRABALHO                â•‘
2026-01-29 15:40:35.185 30950-31043 WorkPolicyManager       com.cdccreditsmart.app               I  â•‘     CDC CREDIT SMART - PROTEÃ‡ÃƒO EMPRESARIAL                    â•‘
2026-01-29 15:40:35.185 30950-31043 WorkPolicyManager       com.cdccreditsmart.app               I  â•šâ•â•â•â•â•â•â•â•â•â•â•â•â•â•â•â•â•â•â•â•â•â•â•â•â•â•â•â•â•â•â•â•â•â•â•â•â•â•â•â•â•â•â•â•â•â•â•â•â•â•â•â•â•â•â•â•â•â•â•â•â•â•â•â•â•
2026-01-29 15:40:35.185 30950-31043 WorkPolicyManager       com.cdccreditsmart.app               I  
2026-01-29 15:40:35.188 30950-31043 WorkPolicyManager       com.cdccreditsmart.app               I  ğŸ“‹ STATUS DO DISPOSITIVO:
2026-01-29 15:40:35.188 30950-31043 WorkPolicyManager       com.cdccreditsmart.app               I     Device Owner: âŒ NÃƒO
2026-01-29 15:40:35.188 30950-31043 WorkPolicyManager       com.cdccreditsmart.app               I     Device Admin: âŒ NÃƒO
2026-01-29 15:40:35.188 30950-31043 WorkPolicyManager       com.cdccreditsmart.app               I  
2026-01-29 15:40:35.188 30950-31043 WorkPolicyManager       com.cdccreditsmart.app               I  â•â•â•â•â•â•â•â•â•â•â•â•â•â•â•â•â•â•â•â•â•â•â•â•â•â•â•â•â•â•â•â•â•â•â•â•â•â•â•â•â•â•â•â•â•â•â•â•â•â•â•â•â•â•â•â•â•â•â•â•â•â•â•
2026-01-29 15:40:35.188 30950-31043 WorkPolicyManager       com.cdccreditsmart.app               I  âš ï¸ MODO BÃSICO - PROTEÃ‡ÃƒO MÃNIMA
2026-01-29 15:40:35.188 30950-31043 WorkPolicyManager       com.cdccreditsmart.app               I  â•â•â•â•â•â•â•â•â•â•â•â•â•â•â•â•â•â•â•â•â•â•â•â•â•â•â•â•â•â•â•â•â•â•â•â•â•â•â•â•â•â•â•â•â•â•â•â•â•â•â•â•â•â•â•â•â•â•â•â•â•â•â•
2026-01-29 15:40:35.188 30950-31043 WorkPolicyManager       com.cdccreditsmart.app               I  
2026-01-29 15:40:35.188 30950-31043 WorkPolicyManager       com.cdccreditsmart.app               E  âŒ ATENÃ‡ÃƒO: App NÃƒO Ã© Device Owner nem Device Admin!
2026-01-29 15:40:35.188 30950-31043 WorkPolicyManager       com.cdccreditsmart.app               E     â€¢ ProteÃ§Ãµes MDM nÃ£o disponÃ­veis
2026-01-29 15:40:35.188 30950-31043 WorkPolicyManager       com.cdccreditsmart.app               E     â€¢ UsuÃ¡rio pode desinstalar o app livremente
2026-01-29 15:40:35.188 30950-31043 WorkPolicyManager       com.cdccreditsmart.app               E     â€¢ Factory Reset nÃ£o Ã© bloqueÃ¡vel
2026-01-29 15:40:35.188 30950-31043 WorkPolicyManager       com.cdccreditsmart.app               E     â€¢ Aplicando proteÃ§Ãµes alternativas mÃ­nimas...
2026-01-29 15:40:35.188 30950-31043 WorkPolicyManager       com.cdccreditsmart.app               I  
2026-01-29 15:40:35.188 30950-31043 WorkPolicyManager       com.cdccreditsmart.app               I  ğŸ”„ [1/3] PERSISTÃŠNCIA DO APP
2026-01-29 15:40:35.188 30950-31043 WorkPolicyManager       com.cdccreditsmart.app               I  â”€â”€â”€â”€â”€â”€â”€â”€â”€â”€â”€â”€â”€â”€â”€â”€â”€â”€â”€â”€â”€â”€â”€â”€â”€â”€â”€â”€â”€â”€â”€â”€â”€â”€â”€â”€â”€â”€â”€â”€â”€â”€â”€â”€â”€â”€â”€â”€â”€â”€â”€â”€â”€â”€â”€â”€â”€â”€â”€â”€â”€â”€â”€
2026-01-29 15:40:35.189 30950-31043 WorkPolicyManager       com.cdccreditsmart.app               I     â„¹ï¸ Solicitando isenÃ§Ã£o de otimizaÃ§Ã£o de bateria...
2026-01-29 15:40:35.189 30950-31043 WorkPolicyManager       com.cdccreditsmart.app               I     â„¹ï¸ UsuÃ¡rio precisa conceder manualmente em Settings
2026-01-29 15:40:35.189 30950-31043 WorkPolicyManager       com.cdccreditsmart.app               I     âœ… Foreground Service configurado via CdcForegroundService
2026-01-29 15:40:35.189 30950-31043 WorkPolicyManager       com.cdccreditsmart.app               I  
2026-01-29 15:40:35.189 30950-31043 WorkPolicyManager       com.cdccreditsmart.app               I  ğŸ“Š [2/3] MONITORAMENTO BÃSICO
2026-01-29 15:40:35.189 30950-31043 WorkPolicyManager       com.cdccreditsmart.app               I  â”€â”€â”€â”€â”€â”€â”€â”€â”€â”€â”€â”€â”€â”€â”€â”€â”€â”€â”€â”€â”€â”€â”€â”€â”€â”€â”€â”€â”€â”€â”€â”€â”€â”€â”€â”€â”€â”€â”€â”€â”€â”€â”€â”€â”€â”€â”€â”€â”€â”€â”€â”€â”€â”€â”€â”€â”€â”€â”€â”€â”€â”€â”€
2026-01-29 15:40:35.189 30950-31043 WorkPolicyManager       com.cdccreditsmart.app               I     âœ… WorkManager health check agendado
2026-01-29 15:40:35.189 30950-31043 WorkPolicyManager       com.cdccreditsmart.app               I  
2026-01-29 15:40:35.189 30950-31043 WorkPolicyManager       com.cdccreditsmart.app               I  ğŸ”” [3/3] NOTIFICAÃ‡Ã•ES
2026-01-29 15:40:35.189 30950-31043 WorkPolicyManager       com.cdccreditsmart.app               I  â”€â”€â”€â”€â”€â”€â”€â”€â”€â”€â”€â”€â”€â”€â”€â”€â”€â”€â”€â”€â”€â”€â”€â”€â”€â”€â”€â”€â”€â”€â”€â”€â”€â”€â”€â”€â”€â”€â”€â”€â”€â”€â”€â”€â”€â”€â”€â”€â”€â”€â”€â”€â”€â”€â”€â”€â”€â”€â”€â”€â”€â”€â”€
2026-01-29 15:40:35.189 30950-31043 WorkPolicyManager       com.cdccreditsmart.app               I     âœ… Canal de notificaÃ§Ã£o persistente criado
2026-01-29 15:40:35.193 30950-31043 WorkPolicyManager       com.cdccreditsmart.app               I  
2026-01-29 15:40:35.193 30950-31043 WorkPolicyManager       com.cdccreditsmart.app               I  â•”â•â•â•â•â•â•â•â•â•â•â•â•â•â•â•â•â•â•â•â•â•â•â•â•â•â•â•â•â•â•â•â•â•â•â•â•â•â•â•â•â•â•â•â•â•â•â•â•â•â•â•â•â•â•â•â•â•â•â•â•â•â•â•â•â•—
2026-01-29 15:40:35.193 30950-31043 WorkPolicyManager       com.cdccreditsmart.app               I  â•‘  ğŸ“Š RESUMO DAS POLÃTICAS DE TRABALHO                           â•‘
2026-01-29 15:40:35.193 30950-31043 WorkPolicyManager       com.cdccreditsmart.app               I  â• â•â•â•â•â•â•â•â•â•â•â•â•â•â•â•â•â•â•â•â•â•â•â•â•â•â•â•â•â•â•â•â•â•â•â•â•â•â•â•â•â•â•â•â•â•â•â•â•â•â•â•â•â•â•â•â•â•â•â•â•â•â•â•â•â•£
2026-01-29 15:40:35.193 30950-31043 WorkPolicyManager       com.cdccreditsmart.app               I  â•‘  âš ï¸ NÃ­vel de proteÃ§Ã£o: BASIC
2026-01-29 15:40:35.193 30950-31043 WorkPolicyManager       com.cdccreditsmart.app               I  â•‘  ğŸ“‹ PolÃ­ticas aplicadas: 4
2026-01-29 15:40:35.193 30950-31043 WorkPolicyManager       com.cdccreditsmart.app               I  â• â•â•â•â•â•â•â•â•â•â•â•â•â•â•â•â•â•â•â•â•â•â•â•â•â•â•â•â•â•â•â•â•â•â•â•â•â•â•â•â•â•â•â•â•â•â•â•â•â•â•â•â•â•â•â•â•â•â•â•â•â•â•â•â•â•£
2026-01-29 15:40:35.193 30950-31043 WorkPolicyManager       com.cdccreditsmart.app               I  â•‘  âœ… PROTEÃ‡Ã•ES ATIVAS:
2026-01-29 15:40:35.194 30950-31043 WorkPolicyManager       com.cdccreditsmart.app               I  â•‘     âœ… IsenÃ§Ã£o de otimizaÃ§Ã£o de bateria
2026-01-29 15:40:35.194 30950-31043 WorkPolicyManager       com.cdccreditsmart.app               I  â•‘     âœ… Foreground Service persistente
2026-01-29 15:40:35.194 30950-31043 WorkPolicyManager       com.cdccreditsmart.app               I  â•‘     âœ… Health check periÃ³dico agendado
