2026-01-27 20:11:08.143 22335-30722 okhttp.OkHttpClient     com.cdccreditsmart.app               I  Authorization: Bearer eyJhbGciOiJIUzI1NiIsInR5cCI6IkpXVCJ9.eyJ0eXBlIjoiYXBrIiwiZGV2aWNlSWQiOiJkZXZpY2VfMTc2OTEzNzI4MDI4Ml9sN3NyamVzZzI1IiwiaW1laSI6Ijg2MDg3NTA3NDMzOTcxOCIsInNlcmlhbE51bWJlciI6IlFKM0g0TUtHIiwiaWF0IjoxNzY5NTU1MDMwLCJleHAiOjE3NzczMzEwMzB9.oBDjC6itpg1V4ezHibcIWtyCj30eV36kn3781mY9b2E
2026-01-27 20:11:08.143 22335-30722 okhttp.OkHttpClient     com.cdccreditsmart.app               I  {"deviceToken":"eyJhbGciOiJIUzI1NiIsInR5cCI6IkpXVCJ9.eyJ0eXBlIjoiYXBrIiwiZGV2aWNlSWQiOiJkZXZpY2VfMTc2OTEzNzI4MDI4Ml9sN3NyamVzZzI1IiwiaW1laSI6Ijg2MDg3NTA3NDMzOTcxOCIsInNlcmlhbE51bWJlciI6IlFKM0g0TUtHIiwiaWF0IjoxNzY5NTU1MDMwLCJleHAiOjE3NzczMzEwMzB9.oBDjC6itpg1V4ezHibcIWtyCj30eV36kn3781mY9b2E","currentBlockLevel":0,"batteryLevel":94,"isCharging":true,"currentSimImei":"860875074339718","timestamp":1769555468133}
2026-01-27 20:11:08.143 22335-30722 okhttp.OkHttpClient     com.cdccreditsmart.app               I  --> END POST (410-byte body)
2026-01-27 20:11:08.808 22335-30722 okhttp.OkHttpClient     com.cdccreditsmart.app               I  <-- 200 https://cdccreditsmart.com/api/apk/device/heartbeat (664ms)
2026-01-27 20:11:08.809 22335-30722 okhttp.OkHttpClient     com.cdccreditsmart.app               I  access-control-allow-credentials: true
2026-01-27 20:11:08.809 22335-30722 okhttp.OkHttpClient     com.cdccreditsmart.app               I  access-control-allow-headers: Origin, X-Requested-With, Content-Type, Accept, Authorization, x-client-key, x-client-token, x-client-secret, cache-control
2026-01-27 20:11:08.809 22335-30722 okhttp.OkHttpClient     com.cdccreditsmart.app               I  access-control-allow-methods: GET, POST, PUT, PATCH, DELETE, OPTIONS
2026-01-27 20:11:08.809 22335-30722 okhttp.OkHttpClient     com.cdccreditsmart.app               I  access-control-allow-origin: *
2026-01-27 20:11:08.809 22335-30722 okhttp.OkHttpClient     com.cdccreditsmart.app               I  access-control-max-age: 86400
2026-01-27 20:11:08.809 22335-30722 okhttp.OkHttpClient     com.cdccreditsmart.app               I  content-length: 328
2026-01-27 20:11:08.809 22335-30722 okhttp.OkHttpClient     com.cdccreditsmart.app               I  content-security-policy: default-src 'self'; script-src 'self' 'unsafe-inline' 'unsafe-eval' https://replit.com; style-src 'self' 'unsafe-inline' https://replit.com; img-src 'self' data: https:; font-src 'self' data: https://replit.com; connect-src 'self';
2026-01-27 20:11:08.809 22335-30722 okhttp.OkHttpClient     com.cdccreditsmart.app               I  content-type: application/json; charset=utf-8
2026-01-27 20:11:08.809 22335-30722 okhttp.OkHttpClient     com.cdccreditsmart.app               I  date: Tue, 27 Jan 2026 23:11:08 GMT
2026-01-27 20:11:08.810 22335-30722 okhttp.OkHttpClient     com.cdccreditsmart.app               I  etag: W/"148-W5J1oUTiXm4EEqWTCSllQ09Pt1c"
2026-01-27 20:11:08.810 22335-30722 okhttp.OkHttpClient     com.cdccreditsmart.app               I  permissions-policy: geolocation=(), microphone=(), camera=()
2026-01-27 20:11:08.810 22335-30722 okhttp.OkHttpClient     com.cdccreditsmart.app               I  referrer-policy: strict-origin-when-cross-origin
2026-01-27 20:11:08.810 22335-30722 okhttp.OkHttpClient     com.cdccreditsmart.app               I  strict-transport-security: max-age=63072000; includeSubDomains
2026-01-27 20:11:08.810 22335-30722 okhttp.OkHttpClient     com.cdccreditsmart.app               I  strict-transport-security: max-age=31536000; includeSubDomains
2026-01-27 20:11:08.810 22335-30722 okhttp.OkHttpClient     com.cdccreditsmart.app               I  x-anti-fraud-protection: active
2026-01-27 20:11:08.810 22335-30722 okhttp.OkHttpClient     com.cdccreditsmart.app               I  x-certificate-pinning-enabled: false
2026-01-27 20:11:08.810 22335-30722 okhttp.OkHttpClient     com.cdccreditsmart.app               I  x-certificate-pinning-status: disabled-for-stability
2026-01-27 20:11:08.811 22335-30722 okhttp.OkHttpClient     com.cdccreditsmart.app               I  x-content-type-options: nosniff
2026-01-27 20:11:08.811 22335-30722 okhttp.OkHttpClient     com.cdccreditsmart.app               I  x-financial-data-protection: enabled
2026-01-27 20:11:08.811 22335-30722 okhttp.OkHttpClient     com.cdccreditsmart.app               I  x-frame-options: DENY
2026-01-27 20:11:08.811 22335-30722 okhttp.OkHttpClient     com.cdccreditsmart.app               I  x-transaction-security-level: maximum
2026-01-27 20:11:08.811 22335-30722 okhttp.OkHttpClient     com.cdccreditsmart.app               I  x-xss-protection: 1; mode=block
2026-01-27 20:11:08.811 22335-30722 okhttp.OkHttpClient     com.cdccreditsmart.app               I  via: 1.1 google
2026-01-27 20:11:08.811 22335-30722 okhttp.OkHttpClient     com.cdccreditsmart.app               I  alt-svc: h3=":443"; ma=2592000,h3-29=":443"; ma=2592000
2026-01-27 20:11:08.814 22335-30722 okhttp.OkHttpClient     com.cdccreditsmart.app               I  {"success":true,"requiresBackendRevalidation":false,"phoneNumbersProcessed":false,"complianceStatus":"OK","expectedBlockLevel":0,"message":"Device compliant","complianceConfig":{"maxComplianceCorrections":3,"correctionWindowMinutes":30,"autoBlockOnLimitReached":true,"enableDetailedTelemetry":true,"telemetryIntervalMinutes":5}}
2026-01-27 20:11:08.814 22335-30722 okhttp.OkHttpClient     com.cdccreditsmart.app               I  <-- END HTTP (328-byte body)
2026-01-27 20:11:08.817 22335-22478 HeartbeatManager        com.cdccreditsmart.app               I  âœ… Heartbeat aceito pelo backend (HTTP 200)
2026-01-27 20:11:08.817 22335-22478 HeartbeatManager        com.cdccreditsmart.app               D  ğŸ“Š Resposta do heartbeat:
2026-01-27 20:11:08.817 22335-22478 HeartbeatManager        com.cdccreditsmart.app               D     success: true
2026-01-27 20:11:08.817 22335-22478 HeartbeatManager        com.cdccreditsmart.app               D     complianceStatus: OK
2026-01-27 20:11:08.817 22335-22478 HeartbeatManager        com.cdccreditsmart.app               D     expectedBlockLevel: 0
2026-01-27 20:11:08.817 22335-22478 HeartbeatManager        com.cdccreditsmart.app               D     requiresBackendRevalidation: false
2026-01-27 20:11:08.817 22335-22478 HeartbeatManager        com.cdccreditsmart.app               I  âœ… Dispositivo CONFORME - NÃ­vel 0
2026-01-27 20:11:19.492 22335-22478 MdmCommandReceiver      com.cdccreditsmart.app               D  ğŸ’“ Ping JSON enviado (timestamp: 1769555479491)
2026-01-27 20:11:19.700 22335-27699 MdmCommandReceiver      com.cdccreditsmart.app               D  ğŸ“¥ Mensagem MDM recebida: {"type":"pong","timestamp":"2026-01-27T23:11:19.030Z"}
2026-01-27 20:11:19.703 22335-22478 MdmCommandReceiver      com.cdccreditsmart.app               D  ğŸ“¥ JSON recebido: {"type":"pong","timestamp":"2026-01-27T23:11:19.030Z"}
2026-01-27 20:11:19.704 22335-22478 MdmCommandReceiver      com.cdccreditsmart.app               D  ğŸ“¨ Tipo de mensagem: pong
2026-01-27 20:11:19.705 22335-22478 MdmCommandReceiver      com.cdccreditsmart.app               D  ğŸ’“ Pong recebido (latency: N/A)
2026-01-27 20:11:29.556 22335-22335 WebSocketManager        com.cdccreditsmart.app               D  Heartbeat ping sent
2026-01-27 20:11:29.831 22335-27700 WebSocketManager        com.cdccreditsmart.app               D  Message received: {"type":"pong","timestamp":"2026-01-27T23:11:29.154Z"}...
2026-01-27 20:11:29.832 22335-27700 WebSocketManager        com.cdccreditsmart.app               D  Received message type: pong
2026-01-27 20:11:29.832 22335-27700 WebSocketManager        com.cdccreditsmart.app               D  Pong received
2026-01-27 20:11:33.292 22335-22478 MdmCommandReceiver      com.cdccreditsmart.app               I  ğŸ” [Polling #16] Verificando comandos pendentes...
2026-01-27 20:11:33.304 22335-22478 SecureTokenStorage      com.cdccreditsmart.app               D  âœ… Usando IMEI para MDM: 8608***718
2026-01-27 20:11:33.304 22335-22478 MdmCommandReceiver      com.cdccreditsmart.app               I  ğŸ” ========================================
2026-01-27 20:11:33.304 22335-22478 MdmCommandReceiver      com.cdccreditsmart.app               I  ğŸ” BUSCANDO COMANDOS PENDENTES
2026-01-27 20:11:33.304 22335-22478 MdmCommandReceiver      com.cdccreditsmart.app               I  ğŸ” ========================================
2026-01-27 20:11:33.304 22335-22478 MdmCommandReceiver      com.cdccreditsmart.app               I  ğŸ” Identifier: 860875074339718
2026-01-27 20:11:33.305 22335-22478 MdmCommandReceiver      com.cdccreditsmart.app               I  ğŸ” Endpoint: GET /api/apk/device/860875074339718/commands
2026-01-27 20:11:33.307 22335-22478 MdmCommandReceiver      com.cdccreditsmart.app               D  ğŸ” Executando requisiÃ§Ã£o HTTP (timeout: 15s)...
2026-01-27 20:11:33.316 22335-30722 okhttp.OkHttpClient     com.cdccreditsmart.app               I  --> GET https://cdccreditsmart.com/api/apk/device/860875074339718/commands
2026-01-27 20:11:33.316 22335-30722 okhttp.OkHttpClient     com.cdccreditsmart.app               I  --> END GET
2026-01-27 20:11:33.931 22335-30722 okhttp.OkHttpClient     com.cdccreditsmart.app               I  <-- 200 https://cdccreditsmart.com/api/apk/device/860875074339718/commands (614ms)
2026-01-27 20:11:33.931 22335-30722 okhttp.OkHttpClient     com.cdccreditsmart.app               I  access-control-allow-credentials: true
2026-01-27 20:11:33.932 22335-30722 okhttp.OkHttpClient     com.cdccreditsmart.app               I  access-control-allow-headers: Origin, X-Requested-With, Content-Type, Accept, Authorization, x-client-key, x-client-token, x-client-secret, cache-control
2026-01-27 20:11:33.932 22335-30722 okhttp.OkHttpClient     com.cdccreditsmart.app               I  access-control-allow-methods: GET, POST, PUT, PATCH, DELETE, OPTIONS
2026-01-27 20:11:33.932 22335-30722 okhttp.OkHttpClient     com.cdccreditsmart.app               I  access-control-allow-origin: *
2026-01-27 20:11:33.932 22335-30722 okhttp.OkHttpClient     com.cdccreditsmart.app               I  access-control-max-age: 86400
2026-01-27 20:11:33.932 22335-30722 okhttp.OkHttpClient     com.cdccreditsmart.app               I  content-length: 104
2026-01-27 20:11:33.932 22335-30722 okhttp.OkHttpClient     com.cdccreditsmart.app               I  content-security-policy: default-src 'self'; script-src 'self' 'unsafe-inline' 'unsafe-eval' https://replit.com; style-src 'self' 'unsafe-inline' https://replit.com; img-src 'self' data: https:; font-src 'self' data: https://replit.com; connect-src 'self';
2026-01-27 20:11:33.932 22335-30722 okhttp.OkHttpClient     com.cdccreditsmart.app               I  content-type: application/json; charset=utf-8
2026-01-27 20:11:33.932 22335-30722 okhttp.OkHttpClient     com.cdccreditsmart.app               I  date: Tue, 27 Jan 2026 23:11:33 GMT
2026-01-27 20:11:33.932 22335-30722 okhttp.OkHttpClient     com.cdccreditsmart.app               I  etag: W/"68-1BzkVNqHEsu0XlMenwYbbDRd04w"
2026-01-27 20:11:33.932 22335-30722 okhttp.OkHttpClient     com.cdccreditsmart.app               I  permissions-policy: geolocation=(), microphone=(), camera=()
2026-01-27 20:11:33.933 22335-30722 okhttp.OkHttpClient     com.cdccreditsmart.app               I  referrer-policy: strict-origin-when-cross-origin
2026-01-27 20:11:33.933 22335-30722 okhttp.OkHttpClient     com.cdccreditsmart.app               I  strict-transport-security: max-age=63072000; includeSubDomains
2026-01-27 20:11:33.933 22335-30722 okhttp.OkHttpClient     com.cdccreditsmart.app               I  strict-transport-security: max-age=31536000; includeSubDomains
2026-01-27 20:11:33.933 22335-30722 okhttp.OkHttpClient     com.cdccreditsmart.app               I  x-anti-fraud-protection: active
2026-01-27 20:11:33.933 22335-30722 okhttp.OkHttpClient     com.cdccreditsmart.app               I  x-certificate-pinning-enabled: false
2026-01-27 20:11:33.933 22335-30722 okhttp.OkHttpClient     com.cdccreditsmart.app               I  x-certificate-pinning-status: disabled-for-stability
2026-01-27 20:11:33.933 22335-30722 okhttp.OkHttpClient     com.cdccreditsmart.app               I  x-content-type-options: nosniff
2026-01-27 20:11:33.933 22335-30722 okhttp.OkHttpClient     com.cdccreditsmart.app               I  x-financial-data-protection: enabled
2026-01-27 20:11:33.933 22335-30722 okhttp.OkHttpClient     com.cdccreditsmart.app               I  x-frame-options: DENY
2026-01-27 20:11:33.934 22335-30722 okhttp.OkHttpClient     com.cdccreditsmart.app               I  x-transaction-security-level: maximum
2026-01-27 20:11:33.934 22335-30722 okhttp.OkHttpClient     com.cdccreditsmart.app               I  x-xss-protection: 1; mode=block
2026-01-27 20:11:33.934 22335-30722 okhttp.OkHttpClient     com.cdccreditsmart.app               I  via: 1.1 google
2026-01-27 20:11:33.934 22335-30722 okhttp.OkHttpClient     com.cdccreditsmart.app               I  alt-svc: h3=":443"; ma=2592000,h3-29=":443"; ma=2592000
2026-01-27 20:11:33.936 22335-30722 okhttp.OkHttpClient     com.cdccreditsmart.app               I  {"deviceId":"device_1769137280282_l7srjesg25","serialNumber":"QJ3H4MKG","commandsCount":0,"commands":[]}
2026-01-27 20:11:33.936 22335-30722 okhttp.OkHttpClient     com.cdccreditsmart.app               I  <-- END HTTP (104-byte body)
2026-01-27 20:11:33.939 22335-22478 MdmCommandReceiver      com.cdccreditsmart.app               I  ğŸ” HTTP Response code: 200
2026-01-27 20:11:33.939 22335-22478 MdmCommandReceiver      com.cdccreditsmart.app               I  ğŸ” HTTP isSuccessful: true
2026-01-27 20:11:33.939 22335-22478 MdmCommandReceiver      com.cdccreditsmart.app               I  ğŸ” Response body deviceId: device_1769137280282_l7srjesg25
2026-01-27 20:11:33.939 22335-22478 MdmCommandReceiver      com.cdccreditsmart.app               I  ğŸ” Response body serialNumber: QJ3H4MKG
2026-01-27 20:11:33.939 22335-22478 MdmCommandReceiver      com.cdccreditsmart.app               I  ğŸ” Total de comandos: 0
2026-01-27 20:11:33.939 22335-22478 MdmCommandReceiver      com.cdccreditsmart.app               D  âœ… Nenhum comando pendente no servidor
2026-01-27 20:11:33.939 22335-22478 MdmCommandReceiver      com.cdccreditsmart.app               D  ğŸ“Š Fetch duration: 634ms
2026-01-27 20:11:59.497 22335-22478 MdmCommandReceiver      com.cdccreditsmart.app               D  ğŸ’“ Ping JSON enviado (timestamp: 1769555519495)
2026-01-27 20:11:59.587 22335-22335 WebSocketManager        com.cdccreditsmart.app               D  Heartbeat ping sent
2026-01-27 20:11:59.696 22335-27699 MdmCommandReceiver      com.cdccreditsmart.app               D  ğŸ“¥ Mensagem MDM recebida: {"type":"pong","timestamp":"2026-01-27T23:11:59.026Z"}
2026-01-27 20:11:59.698 22335-22478 MdmCommandReceiver      com.cdccreditsmart.app               D  ğŸ“¥ JSON recebido: {"type":"pong","timestamp":"2026-01-27T23:11:59.026Z"}
2026-01-27 20:11:59.700 22335-22478 MdmCommandReceiver      com.cdccreditsmart.app               D  ğŸ“¨ Tipo de mensagem: pong
2026-01-27 20:11:59.701 22335-22478 MdmCommandReceiver      com.cdccreditsmart.app               D  ğŸ’“ Pong recebido (latency: N/A)
2026-01-27 20:11:59.788 22335-27700 WebSocketManager        com.cdccreditsmart.app               D  Message received: {"type":"pong","timestamp":"2026-01-27T23:11:59.112Z"}...
2026-01-27 20:11:59.788 22335-27700 WebSocketManager        com.cdccreditsmart.app               D  Received message type: pong
2026-01-27 20:11:59.788 22335-27700 WebSocketManager        com.cdccreditsmart.app               D  Pong received
2026-01-27 20:12:03.295 22335-22478 MdmCommandReceiver      com.cdccreditsmart.app               I  ğŸ” [Polling #17] Verificando comandos pendentes...
2026-01-27 20:12:03.308 22335-22478 SecureTokenStorage      com.cdccreditsmart.app               D  âœ… Usando IMEI para MDM: 8608***718
2026-01-27 20:12:03.308 22335-22478 MdmCommandReceiver      com.cdccreditsmart.app               I  ğŸ” ========================================
2026-01-27 20:12:03.308 22335-22478 MdmCommandReceiver      com.cdccreditsmart.app               I  ğŸ” BUSCANDO COMANDOS PENDENTES
2026-01-27 20:12:03.308 22335-22478 MdmCommandReceiver      com.cdccreditsmart.app               I  ğŸ” ========================================
2026-01-27 20:12:03.308 22335-22478 MdmCommandReceiver      com.cdccreditsmart.app               I  ğŸ” Identifier: 860875074339718
2026-01-27 20:12:03.309 22335-22478 MdmCommandReceiver      com.cdccreditsmart.app               I  ğŸ” Endpoint: GET /api/apk/device/860875074339718/commands
2026-01-27 20:12:03.311 22335-22478 MdmCommandReceiver      com.cdccreditsmart.app               D  ğŸ” Executando requisiÃ§Ã£o HTTP (timeout: 15s)...
2026-01-27 20:12:03.320 22335-30722 okhttp.OkHttpClient     com.cdccreditsmart.app               I  --> GET https://cdccreditsmart.com/api/apk/device/860875074339718/commands
2026-01-27 20:12:03.320 22335-30722 okhttp.OkHttpClient     com.cdccreditsmart.app               I  --> END GET
2026-01-27 20:12:04.035 22335-30722 okhttp.OkHttpClient     com.cdccreditsmart.app               I  <-- 200 https://cdccreditsmart.com/api/apk/device/860875074339718/commands (715ms)
2026-01-27 20:12:04.036 22335-30722 okhttp.OkHttpClient     com.cdccreditsmart.app               I  access-control-allow-credentials: true
2026-01-27 20:12:04.036 22335-30722 okhttp.OkHttpClient     com.cdccreditsmart.app               I  access-control-allow-headers: Origin, X-Requested-With, Content-Type, Accept, Authorization, x-client-key, x-client-token, x-client-secret, cache-control
2026-01-27 20:12:04.036 22335-30722 okhttp.OkHttpClient     com.cdccreditsmart.app               I  access-control-allow-methods: GET, POST, PUT, PATCH, DELETE, OPTIONS
2026-01-27 20:12:04.036 22335-30722 okhttp.OkHttpClient     com.cdccreditsmart.app               I  access-control-allow-origin: *
2026-01-27 20:12:04.036 22335-30722 okhttp.OkHttpClient     com.cdccreditsmart.app               I  access-control-max-age: 86400
2026-01-27 20:12:04.036 22335-30722 okhttp.OkHttpClient     com.cdccreditsmart.app               I  content-length: 104
2026-01-27 20:12:04.036 22335-30722 okhttp.OkHttpClient     com.cdccreditsmart.app               I  content-security-policy: default-src 'self'; script-src 'self' 'unsafe-inline' 'unsafe-eval' https://replit.com; style-src 'self' 'unsafe-inline' https://replit.com; img-src 'self' data: https:; font-src 'self' data: https://replit.com; connect-src 'self';
2026-01-27 20:12:04.037 22335-30722 okhttp.OkHttpClient     com.cdccreditsmart.app               I  content-type: application/json; charset=utf-8
2026-01-27 20:12:04.037 22335-30722 okhttp.OkHttpClient     com.cdccreditsmart.app               I  date: Tue, 27 Jan 2026 23:12:03 GMT
2026-01-27 20:12:04.037 22335-30722 okhttp.OkHttpClient     com.cdccreditsmart.app               I  etag: W/"68-1BzkVNqHEsu0XlMenwYbbDRd04w"
2026-01-27 20:12:04.037 22335-30722 okhttp.OkHttpClient     com.cdccreditsmart.app               I  permissions-policy: geolocation=(), microphone=(), camera=()
2026-01-27 20:12:04.037 22335-30722 okhttp.OkHttpClient     com.cdccreditsmart.app               I  referrer-policy: strict-origin-when-cross-origin
2026-01-27 20:12:04.037 22335-30722 okhttp.OkHttpClient     com.cdccreditsmart.app               I  strict-transport-security: max-age=63072000; includeSubDomains
2026-01-27 20:12:04.037 22335-30722 okhttp.OkHttpClient     com.cdccreditsmart.app               I  strict-transport-security: max-age=31536000; includeSubDomains
2026-01-27 20:12:04.038 22335-30722 okhttp.OkHttpClient     com.cdccreditsmart.app               I  x-anti-fraud-protection: active
2026-01-27 20:12:04.038 22335-30722 okhttp.OkHttpClient     com.cdccreditsmart.app               I  x-certificate-pinning-enabled: false
2026-01-27 20:12:04.038 22335-30722 okhttp.OkHttpClient     com.cdccreditsmart.app               I  x-certificate-pinning-status: disabled-for-stability
2026-01-27 20:12:04.038 22335-30722 okhttp.OkHttpClient     com.cdccreditsmart.app               I  x-content-type-options: nosniff
2026-01-27 20:12:04.038 22335-30722 okhttp.OkHttpClient     com.cdccreditsmart.app               I  x-financial-data-protection: enabled
2026-01-27 20:12:04.038 22335-30722 okhttp.OkHttpClient     com.cdccreditsmart.app               I  x-frame-options: DENY
2026-01-27 20:12:04.039 22335-30722 okhttp.OkHttpClient     com.cdccreditsmart.app               I  x-transaction-security-level: maximum
2026-01-27 20:12:04.039 22335-30722 okhttp.OkHttpClient     com.cdccreditsmart.app               I  x-xss-protection: 1; mode=block
2026-01-27 20:12:04.039 22335-30722 okhttp.OkHttpClient     com.cdccreditsmart.app               I  via: 1.1 google
2026-01-27 20:12:04.039 22335-30722 okhttp.OkHttpClient     com.cdccreditsmart.app               I  alt-svc: h3=":443"; ma=2592000,h3-29=":443"; ma=2592000
2026-01-27 20:12:04.040 22335-30722 okhttp.OkHttpClient     com.cdccreditsmart.app               I  {"deviceId":"device_1769137280282_l7srjesg25","serialNumber":"QJ3H4MKG","commandsCount":0,"commands":[]}
2026-01-27 20:12:04.040 22335-30722 okhttp.OkHttpClient     com.cdccreditsmart.app               I  <-- END HTTP (104-byte body)
2026-01-27 20:12:04.043 22335-22478 MdmCommandReceiver      com.cdccreditsmart.app               I  ğŸ” HTTP Response code: 200
2026-01-27 20:12:04.043 22335-22478 MdmCommandReceiver      com.cdccreditsmart.app               I  ğŸ” HTTP isSuccessful: true
2026-01-27 20:12:04.043 22335-22478 MdmCommandReceiver      com.cdccreditsmart.app               I  ğŸ” Response body deviceId: device_1769137280282_l7srjesg25
2026-01-27 20:12:04.043 22335-22478 MdmCommandReceiver      com.cdccreditsmart.app               I  ğŸ” Response body serialNumber: QJ3H4MKG
2026-01-27 20:12:04.043 22335-22478 MdmCommandReceiver      com.cdccreditsmart.app               I  ğŸ” Total de comandos: 0
2026-01-27 20:12:04.043 22335-22478 MdmCommandReceiver      com.cdccreditsmart.app               D  âœ… Nenhum comando pendente no servidor
2026-01-27 20:12:04.043 22335-22478 MdmCommandReceiver      com.cdccreditsmart.app               D  ğŸ“Š Fetch duration: 734ms
2026-01-27 20:12:08.830 22335-22478 HeartbeatManager        com.cdccreditsmart.app               D  ğŸ’“ Usando authToken (fallback)
2026-01-27 20:12:08.838 22335-22478 HeartbeatManager        com.cdccreditsmart.app               D  ğŸ’“ Payload do heartbeat:
2026-01-27 20:12:08.838 22335-22478 HeartbeatManager        com.cdccreditsmart.app               D     deviceToken: eyJhbGciOiJIUzI1NiIs...
2026-01-27 20:12:08.838 22335-22478 HeartbeatManager        com.cdccreditsmart.app               D     currentBlockLevel: 0
2026-01-27 20:12:08.838 22335-22478 HeartbeatManager        com.cdccreditsmart.app               D     batteryLevel: 94
2026-01-27 20:12:08.838 22335-22478 HeartbeatManager        com.cdccreditsmart.app               D     isCharging: true
2026-01-27 20:12:08.838 22335-22478 HeartbeatManager        com.cdccreditsmart.app               D     currentSimImei: 860875...
2026-01-27 20:12:08.846 22335-30722 okhttp.OkHttpClient     com.cdccreditsmart.app               I  --> POST https://cdccreditsmart.com/api/apk/device/heartbeat
2026-01-27 20:12:08.846 22335-30722 okhttp.OkHttpClient     com.cdccreditsmart.app               I  Content-Type: application/json; charset=UTF-8
2026-01-27 20:12:08.846 22335-30722 okhttp.OkHttpClient     com.cdccreditsmart.app               I  Content-Length: 410
2026-01-27 20:12:08.847 22335-30722 okhttp.OkHttpClient     com.cdccreditsmart.app               I  Authorization: Bearer eyJhbGciOiJIUzI1NiIsInR5cCI6IkpXVCJ9.eyJ0eXBlIjoiYXBrIiwiZGV2aWNlSWQiOiJkZXZpY2VfMTc2OTEzNzI4MDI4Ml9sN3NyamVzZzI1IiwiaW1laSI6Ijg2MDg3NTA3NDMzOTcxOCIsInNlcmlhbE51bWJlciI6IlFKM0g0TUtHIiwiaWF0IjoxNzY5NTU1MDMwLCJleHAiOjE3NzczMzEwMzB9.oBDjC6itpg1V4ezHibcIWtyCj30eV36kn3781mY9b2E
2026-01-27 20:12:08.847 22335-30722 okhttp.OkHttpClient     com.cdccreditsmart.app               I  {"deviceToken":"eyJhbGciOiJIUzI1NiIsInR5cCI6IkpXVCJ9.eyJ0eXBlIjoiYXBrIiwiZGV2aWNlSWQiOiJkZXZpY2VfMTc2OTEzNzI4MDI4Ml9sN3NyamVzZzI1IiwiaW1laSI6Ijg2MDg3NTA3NDMzOTcxOCIsInNlcmlhbE51bWJlciI6IlFKM0g0TUtHIiwiaWF0IjoxNzY5NTU1MDMwLCJleHAiOjE3NzczMzEwMzB9.oBDjC6itpg1V4ezHibcIWtyCj30eV36kn3781mY9b2E","currentBlockLevel":0,"batteryLevel":94,"isCharging":true,"currentSimImei":"860875074339718","timestamp":1769555528838}
2026-01-27 20:12:08.847 22335-30722 okhttp.OkHttpClient     com.cdccreditsmart.app               I  --> END POST (410-byte body)
2026-01-27 20:12:09.522 22335-30722 okhttp.OkHttpClient     com.cdccreditsmart.app               I  <-- 200 https://cdccreditsmart.com/api/apk/device/heartbeat (674ms)
2026-01-27 20:12:09.522 22335-30722 okhttp.OkHttpClient     com.cdccreditsmart.app               I  access-control-allow-credentials: true
2026-01-27 20:12:09.522 22335-30722 okhttp.OkHttpClient     com.cdccreditsmart.app               I  access-control-allow-headers: Origin, X-Requested-With, Content-Type, Accept, Authorization, x-client-key, x-client-token, x-client-secret, cache-control
2026-01-27 20:12:09.522 22335-30722 okhttp.OkHttpClient     com.cdccreditsmart.app               I  access-control-allow-methods: GET, POST, PUT, PATCH, DELETE, OPTIONS
2026-01-27 20:12:09.522 22335-30722 okhttp.OkHttpClient     com.cdccreditsmart.app               I  access-control-allow-origin: *
2026-01-27 20:12:09.522 22335-30722 okhttp.OkHttpClient     com.cdccreditsmart.app               I  access-control-max-age: 86400
2026-01-27 20:12:09.523 22335-30722 okhttp.OkHttpClient     com.cdccreditsmart.app               I  content-length: 328
2026-01-27 20:12:09.523 22335-30722 okhttp.OkHttpClient     com.cdccreditsmart.app               I  content-security-policy: default-src 'self'; script-src 'self' 'unsafe-inline' 'unsafe-eval' https://replit.com; style-src 'self' 'unsafe-inline' https://replit.com; img-src 'self' data: https:; font-src 'self' data: https://replit.com; connect-src 'self';
2026-01-27 20:12:09.523 22335-30722 okhttp.OkHttpClient     com.cdccreditsmart.app               I  content-type: application/json; charset=utf-8
2026-01-27 20:12:09.523 22335-30722 okhttp.OkHttpClient     com.cdccreditsmart.app               I  date: Tue, 27 Jan 2026 23:12:08 GMT
2026-01-27 20:12:09.523 22335-30722 okhttp.OkHttpClient     com.cdccreditsmart.app               I  etag: W/"148-W5J1oUTiXm4EEqWTCSllQ09Pt1c"
2026-01-27 20:12:09.523 22335-30722 okhttp.OkHttpClient     com.cdccreditsmart.app               I  permissions-policy: geolocation=(), microphone=(), camera=()
2026-01-27 20:12:09.523 22335-30722 okhttp.OkHttpClient     com.cdccreditsmart.app               I  referrer-policy: strict-origin-when-cross-origin
2026-01-27 20:12:09.523 22335-30722 okhttp.OkHttpClient     com.cdccreditsmart.app               I  strict-transport-security: max-age=63072000; includeSubDomains
2026-01-27 20:12:09.523 22335-30722 okhttp.OkHttpClient     com.cdccreditsmart.app               I  strict-transport-security: max-age=31536000; includeSubDomains
2026-01-27 20:12:09.524 22335-30722 okhttp.OkHttpClient     com.cdccreditsmart.app               I  x-anti-fraud-protection: active
2026-01-27 20:12:09.524 22335-30722 okhttp.OkHttpClient     com.cdccreditsmart.app               I  x-certificate-pinning-enabled: false
2026-01-27 20:12:09.524 22335-30722 okhttp.OkHttpClient     com.cdccreditsmart.app               I  x-certificate-pinning-status: disabled-for-stability
2026-01-27 20:12:09.524 22335-30722 okhttp.OkHttpClient     com.cdccreditsmart.app               I  x-content-type-options: nosniff
2026-01-27 20:12:09.524 22335-30722 okhttp.OkHttpClient     com.cdccreditsmart.app               I  x-financial-data-protection: enabled
2026-01-27 20:12:09.524 22335-30722 okhttp.OkHttpClient     com.cdccreditsmart.app               I  x-frame-options: DENY
2026-01-27 20:12:09.524 22335-30722 okhttp.OkHttpClient     com.cdccreditsmart.app               I  x-transaction-security-level: maximum
2026-01-27 20:12:09.525 22335-30722 okhttp.OkHttpClient     com.cdccreditsmart.app               I  x-xss-protection: 1; mode=block
2026-01-27 20:12:09.525 22335-30722 okhttp.OkHttpClient     com.cdccreditsmart.app               I  via: 1.1 google
2026-01-27 20:12:09.525 22335-30722 okhttp.OkHttpClient     com.cdccreditsmart.app               I  alt-svc: h3=":443"; ma=2592000,h3-29=":443"; ma=2592000
2026-01-27 20:12:09.527 22335-30722 okhttp.OkHttpClient     com.cdccreditsmart.app               I  {"success":true,"requiresBackendRevalidation":false,"phoneNumbersProcessed":false,"complianceStatus":"OK","expectedBlockLevel":0,"message":"Device compliant","complianceConfig":{"maxComplianceCorrections":3,"correctionWindowMinutes":30,"autoBlockOnLimitReached":true,"enableDetailedTelemetry":true,"telemetryIntervalMinutes":5}}
2026-01-27 20:12:09.527 22335-30722 okhttp.OkHttpClient     com.cdccreditsmart.app               I  <-- END HTTP (328-byte body)
2026-01-27 20:12:09.530 22335-22478 HeartbeatManager        com.cdccreditsmart.app               I  âœ… Heartbeat aceito pelo backend (HTTP 200)
2026-01-27 20:12:09.530 22335-22478 HeartbeatManager        com.cdccreditsmart.app               D  ğŸ“Š Resposta do heartbeat:
2026-01-27 20:12:09.530 22335-22478 HeartbeatManager        com.cdccreditsmart.app               D     success: true
2026-01-27 20:12:09.530 22335-22478 HeartbeatManager        com.cdccreditsmart.app               D     complianceStatus: OK
2026-01-27 20:12:09.530 22335-22478 HeartbeatManager        com.cdccreditsmart.app               D     expectedBlockLevel: 0
2026-01-27 20:12:09.530 22335-22478 HeartbeatManager        com.cdccreditsmart.app               D     requiresBackendRevalidation: false
2026-01-27 20:12:09.530 22335-22478 HeartbeatManager        com.cdccreditsmart.app               I  âœ… Dispositivo CONFORME - NÃ­vel 0
2026-01-27 20:12:13.718 22335-22335 KeepAliveReceiver       com.cdccreditsmart.app               I  â° ========================================
2026-01-27 20:12:13.718 22335-22335 KeepAliveReceiver       com.cdccreditsmart.app               I  â° ALARM WAKEUP: Verificando serviÃ§o
2026-01-27 20:12:13.718 22335-22335 KeepAliveReceiver       com.cdccreditsmart.app               I  â° ========================================
2026-01-27 20:12:13.723 22335-22335 KeepAliveManager        com.cdccreditsmart.app               D  âœ… CdcForegroundService estÃ¡ ativo
2026-01-27 20:12:13.723 22335-22335 KeepAliveReceiver       com.cdccreditsmart.app               I  âœ… ALARM: ServiÃ§o verificado com sucesso
2026-01-27 20:12:13.729 22335-22335 KeepAliveManager        com.cdccreditsmart.app               I  âœ… AlarmManager wakeup agendado (10min)
2026-01-27 20:12:13.729 22335-22335 KeepAliveReceiver       com.cdccreditsmart.app               I  â° PrÃ³ximo wakeup agendado
2026-01-27 20:12:13.729 22335-22335 KeepAliveReceiver       com.cdccreditsmart.app               I  â° ========================================
2026-01-27 20:12:13.747 22335-22478 ServiceWatchdogWorker   com.cdccreditsmart.app               I  ğŸ” ========================================
2026-01-27 20:12:13.747 22335-22478 ServiceWatchdogWorker   com.cdccreditsmart.app               I  ğŸ” WATCHDOG: Verificando CdcForegroundService
2026-01-27 20:12:13.747 22335-22478 ServiceWatchdogWorker   com.cdccreditsmart.app               I  ğŸ” ========================================
2026-01-27 20:12:13.749 22335-22478 KeepAliveManager        com.cdccreditsmart.app               D  âœ… CdcForegroundService estÃ¡ ativo
2026-01-27 20:12:13.753 22335-22478 ServiceWatchdogWorker   com.cdccreditsmart.app               I  ğŸ“Š EstatÃ­sticas Keep Alive:
2026-01-27 20:12:13.753 22335-22478 ServiceWatchdogWorker   com.cdccreditsmart.app               I     - ServiÃ§o ativo: true
2026-01-27 20:12:13.753 22335-22478 ServiceWatchdogWorker   com.cdccreditsmart.app               I     - Restarts: 0
2026-01-27 20:12:13.753 22335-22478 ServiceWatchdogWorker   com.cdccreditsmart.app               I     - OtimizaÃ§Ã£o bateria: NÃƒO (bom)
2026-01-27 20:12:13.753 22335-22478 ServiceWatchdogWorker   com.cdccreditsmart.app               I  ğŸ” ========================================
2026-01-27 20:12:13.753 22335-22478 ServiceWatchdogWorker   com.cdccreditsmart.app               I  âœ… WATCHDOG: ServiÃ§o verificado/reiniciado com sucesso
2026-01-27 20:12:13.767 22335-22471 WM-WorkerWrapper        com.cdccreditsmart.app               I  Worker result SUCCESS for Work [ id=c71f5853-863f-4057-9c14-2c306750aa48, tags={ com.cdccreditsmart.app.keepalive.ServiceWatchdogWorker, service_watchdog } ]
2026-01-27 20:12:16.544 22335-31596 PeriodicOverlayWorker   com.cdccreditsmart.app               I  
2026-01-27 20:12:16.546 22335-31596 PeriodicOverlayWorker   com.cdccreditsmart.app               I  â•”â•â•â•â•â•â•â•â•â•â•â•â•â•â•â•â•â•â•â•â•â•â•â•â•â•â•â•â•â•â•â•â•â•â•â•â•â•â•â•â•â•â•â•â•â•â•â•â•â•â•â•â•â•â•â•â•â•—
2026-01-27 20:12:16.546 22335-31596 PeriodicOverlayWorker   com.cdccreditsmart.app               I  â•‘  ğŸ”” VERIFICAÃ‡ÃƒO PERIÃ“DICA DE OVERLAY                  â•‘
2026-01-27 20:12:16.546 22335-31596 PeriodicOverlayWorker   com.cdccreditsmart.app               I  â•šâ•â•â•â•â•â•â•â•â•â•â•â•â•â•â•â•â•â•â•â•â•â•â•â•â•â•â•â•â•â•â•â•â•â•â•â•â•â•â•â•â•â•â•â•â•â•â•â•â•â•â•â•â•â•â•â•â•
2026-01-27 20:12:16.554 22335-31596 ContractCodeStorage     com.cdccreditsmart.app               D  Retrieving contract code from storage
2026-01-27 20:12:17.057 22335-31596 ContractCodeStorage     com.cdccreditsmart.app               D  Storage verification: 7 valid, 0 tampered, 0 missing
2026-01-27 20:12:17.059 22335-31596 ContractCodeStorage     com.cdccreditsmart.app               D  Contract code retrieved successfully
2026-01-27 20:12:17.059 22335-31596 PeriodicOverlayWorker   com.cdccreditsmart.app               I  ğŸ” VerificaÃ§Ã£o de pareamento:
2026-01-27 20:12:17.059 22335-31596 PeriodicOverlayWorker   com.cdccreditsmart.app               I     AuthToken presente: true
2026-01-27 20:12:17.059 22335-31596 PeriodicOverlayWorker   com.cdccreditsmart.app               I     ContractCode presente: true
2026-01-27 20:12:17.060 22335-31596 PeriodicOverlayWorker   com.cdccreditsmart.app               I     Dispositivo pareado: true
2026-01-27 20:12:17.144 22335-31596 PeriodicOverlayWorker   com.cdccreditsmart.app               I  ğŸ“Š Status de bloqueio:
2026-01-27 20:12:17.144 22335-31596 PeriodicOverlayWorker   com.cdccreditsmart.app               I     Current Level: 0
2026-01-27 20:12:17.144 22335-31596 PeriodicOverlayWorker   com.cdccreditsmart.app               I     Days Overdue: 0
2026-01-27 20:12:17.144 22335-31596 PeriodicOverlayWorker   com.cdccreditsmart.app               I     Manual Block: false
2026-01-27 20:12:17.144 22335-31596 PeriodicOverlayWorker   com.cdccreditsmart.app               I     Blocked Apps: 0
2026-01-27 20:12:17.282 22335-31596 PeriodicOverlayWorker   com.cdccreditsmart.app               I  âœ… Sem bloqueio ativo e sem dados offline - overlay nÃ£o serÃ¡ mostrado
2026-01-27 20:12:17.282 22335-31596 PeriodicOverlayWorker   com.cdccreditsmart.app               I  
2026-01-27 20:12:17.287 22335-22471 WM-WorkerWrapper        com.cdccreditsmart.app               I  Worker result SUCCESS for Work [ id=2e87077f-e516-4acf-8f21-d399785ce7c3, tags={ com.cdccreditsmart.app.workers.PeriodicOverlayWorker } ]
2026-01-27 20:12:29.602 22335-22335 WebSocketManager        com.cdccreditsmart.app               D  Heartbeat ping sent
2026-01-27 20:12:29.890 22335-27700 WebSocketManager        com.cdccreditsmart.app               D  Message received: {"type":"pong","timestamp":"2026-01-27T23:12:29.190Z"}...
2026-01-27 20:12:29.890 22335-27700 WebSocketManager        com.cdccreditsmart.app               D  Received message type: pong
2026-01-27 20:12:29.891 22335-27700 WebSocketManager        com.cdccreditsmart.app               D  Pong received
2026-01-27 20:12:33.297 22335-22477 MdmCommandReceiver      com.cdccreditsmart.app               I  ğŸ” [Polling #18] Verificando comandos pendentes...
2026-01-27 20:12:33.305 22335-22477 SecureTokenStorage      com.cdccreditsmart.app               D  âœ… Usando IMEI para MDM: 8608***718
2026-01-27 20:12:33.305 22335-22477 MdmCommandReceiver      com.cdccreditsmart.app               I  ğŸ” ========================================
2026-01-27 20:12:33.305 22335-22477 MdmCommandReceiver      com.cdccreditsmart.app               I  ğŸ” BUSCANDO COMANDOS PENDENTES
2026-01-27 20:12:33.305 22335-22477 MdmCommandReceiver      com.cdccreditsmart.app               I  ğŸ” ========================================
2026-01-27 20:12:33.305 22335-22477 MdmCommandReceiver      com.cdccreditsmart.app               I  ğŸ” Identifier: 860875074339718
2026-01-27 20:12:33.305 22335-22477 MdmCommandReceiver      com.cdccreditsmart.app               I  ğŸ” Endpoint: GET /api/apk/device/860875074339718/commands
2026-01-27 20:12:33.307 22335-22477 MdmCommandReceiver      com.cdccreditsmart.app               D  ğŸ” Executando requisiÃ§Ã£o HTTP (timeout: 15s)...
2026-01-27 20:12:33.316 22335-30722 okhttp.OkHttpClient     com.cdccreditsmart.app               I  --> GET https://cdccreditsmart.com/api/apk/device/860875074339718/commands
2026-01-27 20:12:33.316 22335-30722 okhttp.OkHttpClient     com.cdccreditsmart.app               I  --> END GET
2026-01-27 20:12:34.004 22335-30722 okhttp.OkHttpClient     com.cdccreditsmart.app               I  <-- 200 https://cdccreditsmart.com/api/apk/device/860875074339718/commands (687ms)
2026-01-27 20:12:34.005 22335-30722 okhttp.OkHttpClient     com.cdccreditsmart.app               I  access-control-allow-credentials: true
2026-01-27 20:12:34.005 22335-30722 okhttp.OkHttpClient     com.cdccreditsmart.app               I  access-control-allow-headers: Origin, X-Requested-With, Content-Type, Accept, Authorization, x-client-key, x-client-token, x-client-secret, cache-control
2026-01-27 20:12:34.005 22335-30722 okhttp.OkHttpClient     com.cdccreditsmart.app               I  access-control-allow-methods: GET, POST, PUT, PATCH, DELETE, OPTIONS
2026-01-27 20:12:34.005 22335-30722 okhttp.OkHttpClient     com.cdccreditsmart.app               I  access-control-allow-origin: *
2026-01-27 20:12:34.005 22335-30722 okhttp.OkHttpClient     com.cdccreditsmart.app               I  access-control-max-age: 86400
2026-01-27 20:12:34.005 22335-30722 okhttp.OkHttpClient     com.cdccreditsmart.app               I  content-length: 104
2026-01-27 20:12:34.005 22335-30722 okhttp.OkHttpClient     com.cdccreditsmart.app               I  content-security-policy: default-src 'self'; script-src 'self' 'unsafe-inline' 'unsafe-eval' https://replit.com; style-src 'self' 'unsafe-inline' https://replit.com; img-src 'self' data: https:; font-src 'self' data: https://replit.com; connect-src 'self';
2026-01-27 20:12:34.006 22335-30722 okhttp.OkHttpClient     com.cdccreditsmart.app               I  content-type: application/json; charset=utf-8
2026-01-27 20:12:34.006 22335-30722 okhttp.OkHttpClient     com.cdccreditsmart.app               I  date: Tue, 27 Jan 2026 23:12:33 GMT
2026-01-27 20:12:34.006 22335-30722 okhttp.OkHttpClient     com.cdccreditsmart.app               I  etag: W/"68-1BzkVNqHEsu0XlMenwYbbDRd04w"
2026-01-27 20:12:34.006 22335-30722 okhttp.OkHttpClient     com.cdccreditsmart.app               I  permissions-policy: geolocation=(), microphone=(), camera=()
2026-01-27 20:12:34.006 22335-30722 okhttp.OkHttpClient     com.cdccreditsmart.app               I  referrer-policy: strict-origin-when-cross-origin
2026-01-27 20:12:34.006 22335-30722 okhttp.OkHttpClient     com.cdccreditsmart.app               I  strict-transport-security: max-age=63072000; includeSubDomains
2026-01-27 20:12:34.006 22335-30722 okhttp.OkHttpClient     com.cdccreditsmart.app               I  strict-transport-security: max-age=31536000; includeSubDomains
2026-01-27 20:12:34.006 22335-30722 okhttp.OkHttpClient     com.cdccreditsmart.app               I  x-anti-fraud-protection: active
2026-01-27 20:12:34.006 22335-30722 okhttp.OkHttpClient     com.cdccreditsmart.app               I  x-certificate-pinning-enabled: false
2026-01-27 20:12:34.007 22335-30722 okhttp.OkHttpClient     com.cdccreditsmart.app               I  x-certificate-pinning-status: disabled-for-stability
2026-01-27 20:12:34.007 22335-30722 okhttp.OkHttpClient     com.cdccreditsmart.app               I  x-content-type-options: nosniff
2026-01-27 20:12:34.007 22335-30722 okhttp.OkHttpClient     com.cdccreditsmart.app               I  x-financial-data-protection: enabled
2026-01-27 20:12:34.007 22335-30722 okhttp.OkHttpClient     com.cdccreditsmart.app               I  x-frame-options: DENY
2026-01-27 20:12:34.007 22335-30722 okhttp.OkHttpClient     com.cdccreditsmart.app               I  x-transaction-security-level: maximum
2026-01-27 20:12:34.007 22335-30722 okhttp.OkHttpClient     com.cdccreditsmart.app               I  x-xss-protection: 1; mode=block
2026-01-27 20:12:34.007 22335-30722 okhttp.OkHttpClient     com.cdccreditsmart.app               I  via: 1.1 google
2026-01-27 20:12:34.007 22335-30722 okhttp.OkHttpClient     com.cdccreditsmart.app               I  alt-svc: h3=":443"; ma=2592000,h3-29=":443"; ma=2592000
2026-01-27 20:12:34.009 22335-30722 okhttp.OkHttpClient     com.cdccreditsmart.app               I  {"deviceId":"device_1769137280282_l7srjesg25","serialNumber":"QJ3H4MKG","commandsCount":0,"commands":[]}
2026-01-27 20:12:34.009 22335-30722 okhttp.OkHttpClient     com.cdccreditsmart.app               I  <-- END HTTP (104-byte body)
2026-01-27 20:12:34.011 22335-22477 MdmCommandReceiver      com.cdccreditsmart.app               I  ğŸ” HTTP Response code: 200
2026-01-27 20:12:34.011 22335-22477 MdmCommandReceiver      com.cdccreditsmart.app               I  ğŸ” HTTP isSuccessful: true
2026-01-27 20:12:34.011 22335-22477 MdmCommandReceiver      com.cdccreditsmart.app               I  ğŸ” Response body deviceId: device_1769137280282_l7srjesg25
2026-01-27 20:12:34.011 22335-22477 MdmCommandReceiver      com.cdccreditsmart.app               I  ğŸ” Response body serialNumber: QJ3H4MKG
2026-01-27 20:12:34.011 22335-22477 MdmCommandReceiver      com.cdccreditsmart.app               I  ğŸ” Total de comandos: 0
2026-01-27 20:12:34.011 22335-22477 MdmCommandReceiver      com.cdccreditsmart.app               D  âœ… Nenhum comando pendente no servidor
2026-01-27 20:12:34.012 22335-22477 MdmCommandReceiver      com.cdccreditsmart.app               D  ğŸ“Š Fetch duration: 706ms
2026-01-27 20:12:39.500 22335-22477 MdmCommandReceiver      com.cdccreditsmart.app               D  ğŸ’“ Ping JSON enviado (timestamp: 1769555559499)
2026-01-27 20:12:39.727 22335-27699 MdmCommandReceiver      com.cdccreditsmart.app               D  ğŸ“¥ Mensagem MDM recebida: {"type":"pong","timestamp":"2026-01-27T23:12:39.026Z"}
2026-01-27 20:12:39.729 22335-22477 MdmCommandReceiver      com.cdccreditsmart.app               D  ğŸ“¥ JSON recebido: {"type":"pong","timestamp":"2026-01-27T23:12:39.026Z"}
2026-01-27 20:12:39.730 22335-22477 MdmCommandReceiver      com.cdccreditsmart.app               D  ğŸ“¨ Tipo de mensagem: pong
2026-01-27 20:12:39.730 22335-22477 MdmCommandReceiver      com.cdccreditsmart.app               D  ğŸ’“ Pong recebido (latency: N/A)
2026-01-27 20:12:59.604 22335-22335 WebSocketManager        com.cdccreditsmart.app               D  Heartbeat ping sent
2026-01-27 20:12:59.812 22335-27700 WebSocketManager        com.cdccreditsmart.app               D  Message received: {"type":"pong","timestamp":"2026-01-27T23:12:59.139Z"}...
2026-01-27 20:12:59.813 22335-27700 WebSocketManager        com.cdccreditsmart.app               D  Received message type: pong
2026-01-27 20:12:59.813 22335-27700 WebSocketManager        com.cdccreditsmart.app               D  Pong received
2026-01-27 20:13:00.550 23440-23440 KeepAliveReceiver       com.cdccreditsmart.app               I  â° ========================================
2026-01-27 20:13:00.551 23440-23440 KeepAliveReceiver       com.cdccreditsmart.app               I  â° ALARM WAKEUP: Verificando serviÃ§o
2026-01-27 20:13:00.551 23440-23440 KeepAliveReceiver       com.cdccreditsmart.app               I  â° ========================================
2026-01-27 20:13:00.562 23440-23440 KeepAliveManager        com.cdccreditsmart.app               D  âœ… CdcForegroundService estÃ¡ ativo
2026-01-27 20:13:00.562 23440-23440 KeepAliveReceiver       com.cdccreditsmart.app               I  âœ… ALARM: ServiÃ§o verificado com sucesso
2026-01-27 20:13:00.568 23440-23440 KeepAliveManager        com.cdccreditsmart.app               I  âœ… AlarmManager wakeup agendado (10min)
2026-01-27 20:13:00.568 23440-23440 KeepAliveReceiver       com.cdccreditsmart.app               I  â° PrÃ³ximo wakeup agendado
2026-01-27 20:13:00.568 23440-23440 KeepAliveReceiver       com.cdccreditsmart.app               I  â° ========================================
2026-01-27 20:13:00.874 23440-24049 ServiceWatchdogWorker   com.cdccreditsmart.app               I  ğŸ” ========================================
2026-01-27 20:13:00.874 23440-24049 ServiceWatchdogWorker   com.cdccreditsmart.app               I  ğŸ” WATCHDOG: Verificando CdcForegroundService
2026-01-27 20:13:00.875 23440-24049 ServiceWatchdogWorker   com.cdccreditsmart.app               I  ğŸ” ========================================
2026-01-27 20:13:00.878 23440-24049 KeepAliveManager        com.cdccreditsmart.app               D  âœ… CdcForegroundService estÃ¡ ativo
2026-01-27 20:13:00.882 23440-24049 ServiceWatchdogWorker   com.cdccreditsmart.app               I  ğŸ“Š EstatÃ­sticas Keep Alive:
2026-01-27 20:13:00.882 23440-24049 ServiceWatchdogWorker   com.cdccreditsmart.app               I     - ServiÃ§o ativo: true
2026-01-27 20:13:00.883 23440-24049 ServiceWatchdogWorker   com.cdccreditsmart.app               I     - Restarts: 0
2026-01-27 20:13:00.883 23440-24049 ServiceWatchdogWorker   com.cdccreditsmart.app               I     - OtimizaÃ§Ã£o bateria: NÃƒO (bom)
2026-01-27 20:13:00.883 23440-24049 ServiceWatchdogWorker   com.cdccreditsmart.app               I  ğŸ” ========================================
2026-01-27 20:13:00.883 23440-24049 ServiceWatchdogWorker   com.cdccreditsmart.app               I  âœ… WATCHDOG: ServiÃ§o verificado/reiniciado com sucesso
2026-01-27 20:13:00.901 23440-23823 WM-WorkerWrapper        com.cdccreditsmart.app               I  Worker result SUCCESS for Work [ id=c42d25d4-6a70-4b70-83b0-9444bd4766f5, tags={ com.cdccreditsmart.app.keepalive.ServiceWatchdogWorker, service_watchdog } ]
2026-01-27 20:13:03.300 22335-22477 MdmCommandReceiver      com.cdccreditsmart.app               I  ğŸ” [Polling #19] Verificando comandos pendentes...
2026-01-27 20:13:03.310 22335-22477 SecureTokenStorage      com.cdccreditsmart.app               D  âœ… Usando IMEI para MDM: 8608***718
2026-01-27 20:13:03.311 22335-22477 MdmCommandReceiver      com.cdccreditsmart.app               I  ğŸ” ========================================
2026-01-27 20:13:03.311 22335-22477 MdmCommandReceiver      com.cdccreditsmart.app               I  ğŸ” BUSCANDO COMANDOS PENDENTES
2026-01-27 20:13:03.311 22335-22477 MdmCommandReceiver      com.cdccreditsmart.app               I  ğŸ” ========================================
2026-01-27 20:13:03.311 22335-22477 MdmCommandReceiver      com.cdccreditsmart.app               I  ğŸ” Identifier: 860875074339718
2026-01-27 20:13:03.311 22335-22477 MdmCommandReceiver      com.cdccreditsmart.app               I  ğŸ” Endpoint: GET /api/apk/device/860875074339718/commands
2026-01-27 20:13:03.314 22335-22477 MdmCommandReceiver      com.cdccreditsmart.app               D  ğŸ” Executando requisiÃ§Ã£o HTTP (timeout: 15s)...
2026-01-27 20:13:03.322 22335-30722 okhttp.OkHttpClient     com.cdccreditsmart.app               I  --> GET https://cdccreditsmart.com/api/apk/device/860875074339718/commands
2026-01-27 20:13:03.322 22335-30722 okhttp.OkHttpClient     com.cdccreditsmart.app               I  --> END GET
2026-01-27 20:13:04.213 22335-30722 okhttp.OkHttpClient     com.cdccreditsmart.app               I  <-- 200 https://cdccreditsmart.com/api/apk/device/860875074339718/commands (891ms)
2026-01-27 20:13:04.214 22335-30722 okhttp.OkHttpClient     com.cdccreditsmart.app               I  access-control-allow-credentials: true
2026-01-27 20:13:04.214 22335-30722 okhttp.OkHttpClient     com.cdccreditsmart.app               I  access-control-allow-headers: Origin, X-Requested-With, Content-Type, Accept, Authorization, x-client-key, x-client-token, x-client-secret, cache-control
2026-01-27 20:13:04.214 22335-30722 okhttp.OkHttpClient     com.cdccreditsmart.app               I  access-control-allow-methods: GET, POST, PUT, PATCH, DELETE, OPTIONS
2026-01-27 20:13:04.214 22335-30722 okhttp.OkHttpClient     com.cdccreditsmart.app               I  access-control-allow-origin: *
2026-01-27 20:13:04.214 22335-30722 okhttp.OkHttpClient     com.cdccreditsmart.app               I  access-control-max-age: 86400
2026-01-27 20:13:04.214 22335-30722 okhttp.OkHttpClient     com.cdccreditsmart.app               I  content-length: 104
2026-01-27 20:13:04.214 22335-30722 okhttp.OkHttpClient     com.cdccreditsmart.app               I  content-security-policy: default-src 'self'; script-src 'self' 'unsafe-inline' 'unsafe-eval' https://replit.com; style-src 'self' 'unsafe-inline' https://replit.com; img-src 'self' data: https:; font-src 'self' data: https://replit.com; connect-src 'self';
2026-01-27 20:13:04.214 22335-30722 okhttp.OkHttpClient     com.cdccreditsmart.app               I  content-type: application/json; charset=utf-8
2026-01-27 20:13:04.215 22335-30722 okhttp.OkHttpClient     com.cdccreditsmart.app               I  date: Tue, 27 Jan 2026 23:13:03 GMT
