2025-12-09 14:29:53.737  5471-17675 AppHelper               pid-5471                             I  info PanelItemInfo{ PackageName: com.transsnet.palmpay, Label: , Type: 2, added: false, Id: null, mIconPath: null, mIcon: 0}  iconList : [com.android.chromenull.jpg, com.gallery20null.jpg, com.google.android.gmnull.jpg, com.google.android.apps.googleassistantnull.jpg, com.transsnet.palmpaynull.jpg]
2025-12-09 14:29:53.742 12852-13775 Icing                   pid-12852                            I  Indexing done com.google.android.gms-apps
2025-12-09 14:29:53.746  5471-17666 AppHelper               pid-5471                             I  info PanelItemInfo{ PackageName: net.bat.store, Label: , Type: 2, added: false, Id: null, mIconPath: null, mIcon: 0}  iconList : [com.android.chromenull.jpg, com.gallery20null.jpg, com.google.android.gmnull.jpg, com.google.android.apps.googleassistantnull.jpg, com.transsnet.palmpaynull.jpg, net.bat.storenull.jpg]
2025-12-09 14:29:53.746  1584-3084  TranAppBri...Controller pid-1584                             D  [handleMessage] msg type: 1002 isCloudEnabled: true
2025-12-09 14:29:53.770  4162-5511  ProtoXDBBufferWrapper   pid-4162                             I  ProtoXDBBufferWrapper.flushToStorage():158 Flushed 25 data item(s) to storage.
2025-12-09 14:29:53.775  1584-1717  PackageManager          pid-1584                             W  Unable to load service info ResolveInfo{200f124 com.transsion.faceid/.TestAuthService m=0x108000 userHandle=null} (Ask Gemini)
                                                                                                    org.xmlpull.v1.XmlPullParserException: No android.accounts.AccountAuthenticator meta-data
                                                                                                    	at android.content.pm.RegisteredServicesCache.parseServiceInfo(RegisteredServicesCache.java:652)
                                                                                                    	at android.content.pm.RegisteredServicesCache.generateServicesMap(RegisteredServicesCache.java:493)
                                                                                                    	at android.content.pm.RegisteredServicesCache.handlePackageEvent(RegisteredServicesCache.java:219)
                                                                                                    	at android.content.pm.RegisteredServicesCache.-$$Nest$mhandlePackageEvent(Unknown Source:0)
                                                                                                    	at android.content.pm.RegisteredServicesCache$1.onReceive(RegisteredServicesCache.java:228)
                                                                                                    	at android.app.LoadedApk$ReceiverDispatcher$Args.lambda$getRunnable$0(LoadedApk.java:1851)
                                                                                                    	at android.app.LoadedApk$ReceiverDispatcher$Args.$r8$lambda$mcNAAl1SQ4MyJPyDg8TJ2x2h0Rk(Unknown Source:0)
                                                                                                    	at android.app.LoadedApk$ReceiverDispatcher$Args$$ExternalSyntheticLambda0.run(D8$$SyntheticClass:0)
                                                                                                    	at android.os.Handler.handleCallback(Handler.java:959)
                                                                                                    	at android.os.Handler.dispatchMessage(Handler.java:100)
                                                                                                    	at android.os.Looper.loopOnce(Looper.java:311)
                                                                                                    	at android.os.Looper.loop(Looper.java:408)
                                                                                                    	at android.os.HandlerThread.run(HandlerThread.java:85)
2025-12-09 14:29:53.777  5471-17675 Applicatio...ageManager pid-5471                             I  color1 =0,color2 =0,bgColor =0
2025-12-09 14:29:53.777  5471-17675 Applicatio...ageManager pid-5471                             I  dr is not VectorDrawable,so we do nothing !
2025-12-09 14:29:53.782 12852-23204 Blockstore              pid-12852                            I  (REDACTED) [DataStoreImpl] Clearing all the restore credential for %s packages
2025-12-09 14:29:53.783 12852-23204 Blockstore              pid-12852                            W  [DataStoreImpl] Does not contain gms package key space. [CONTEXT service_id=258 ]
2025-12-09 14:29:53.784 12852-23204 Blockstore              pid-12852                            I  (REDACTED) [PackageIntentOperation] Deleted restore credential for package %s is successful: %s
2025-12-09 14:29:53.785  1584-4796  BackupManagerService    pid-1584                             D  mUserServices size: 0
2025-12-09 14:29:53.792  1584-1667  ApplicationHelper       pid-1584                             E  Fail to get PackageManager
2025-12-09 14:29:53.794  1584-3773  BackupManagerService    pid-1584                             D  mUserServices size: 0
2025-12-09 14:29:53.797  1584-1667  ApplicationHelper       pid-1584                             E  Fail to get PackageManager
2025-12-09 14:29:53.797 12852-23204 Blockstore              pid-12852                            I  (REDACTED) [DataStoreImpl] Clearing all the Blockstore Data for package %s
2025-12-09 14:29:53.797 12852-23204 Blockstore              pid-12852                            I  (REDACTED) [DataStoreImpl] Clearing all the Blockstore Data for %s packages
2025-12-09 14:29:53.798 12852-23204 Blockstore              pid-12852                            I  (REDACTED) [DataStoreImpl] Allow listed package: %s
2025-12-09 14:29:53.798 12852-23204 Blockstore              pid-12852                            I  (REDACTED) [DataStoreImpl] Allow listed package: %s
2025-12-09 14:29:53.799 12852-23204 Blockstore              pid-12852                            I  (REDACTED) [DataStoreImpl] Allow listed package: %s
2025-12-09 14:29:53.799 12852-23204 Blockstore              pid-12852                            I  (REDACTED) [DataStoreImpl] Allow listed package: %s
2025-12-09 14:29:53.799 12852-23204 Blockstore              pid-12852                            I  (REDACTED) [DataStoreImpl] Allow listed package: %s
2025-12-09 14:29:53.799 12852-23204 Blockstore              pid-12852                            I  (REDACTED) [DataStoreImpl] Removing Blockstore data for packages %s
2025-12-09 14:29:53.808 12852-13775 Icing                   pid-12852                            I  Usage reports ok 0, Failed Usage reports 0, indexed 0, rejected 0
2025-12-09 14:29:53.817  5471-17675 AppHelper               pid-5471                             I  info PanelItemInfo{ PackageName: com.transsion.soundrecorder, Label: , Type: 2, added: false, Id: null, mIconPath: null, mIcon: 0}  iconList : [com.android.chromenull.jpg, com.gallery20null.jpg, com.google.android.gmnull.jpg, com.google.android.apps.googleassistantnull.jpg, com.transsnet.palmpaynull.jpg, net.bat.storenull.jpg, com.transsion.soundrecordernull.jpg]
2025-12-09 14:29:53.818  5471-17675 SmartPanelRepository    pid-5471                             I   innerShortcutList: 2
2025-12-09 14:29:53.818  5471-17675 SmartPanelRepository    pid-5471                             I  isInitDataFinished true appShortcutBean = com.facebook.katana,, maxAddNum = 22
2025-12-09 14:29:53.818  5471-17675 SmartPanelRepository    pid-5471                             I  isInitDataFinished true appShortcutBean = com.google.android.youtube,, maxAddNum = 21
2025-12-09 14:29:53.818  5471-17675 SmartPanelRepository    pid-5471                             I  isInitDataFinished true appShortcutBean = com.instagram.android,, maxAddNum = 20
2025-12-09 14:29:53.818  5471-17675 SmartPanelRepository    pid-5471                             I  isInitDataFinished true appShortcutBean = com.transsion.calculator,, maxAddNum = 19
2025-12-09 14:29:53.818  5471-17675 SmartPanelRepository    pid-5471                             I  isInitDataFinished true appShortcutBean = com.android.chrome,, maxAddNum = 18
2025-12-09 14:29:53.818  5471-17675 SmartPanelRepository    pid-5471                             I  isInitDataFinished true appShortcutBean = com.gallery20,, maxAddNum = 17
2025-12-09 14:29:53.818  5471-17675 SmartPanelRepository    pid-5471                             I  isInitDataFinished true appShortcutBean = com.transsion.notebook,, maxAddNum = 16
2025-12-09 14:29:53.818  5471-17675 SmartPanelRepository    pid-5471                             I  isInitDataFinished true appShortcutBean = screen_shot,, maxAddNum = 15
2025-12-09 14:29:53.818  5471-17675 SmartPanelRepository    pid-5471                             I  isInitDataFinished true appShortcutBean = screen_record,, maxAddNum = 14
2025-12-09 14:29:53.818  5471-17675 SmartPanelRepository    pid-5471                             I  isInitDataFinished true appShortcutBean = com.transsion.filemanagerx,, maxAddNum = 13
2025-12-09 14:29:53.819  5471-17675 SmartPanelRepository    pid-5471                             I  isInitDataFinished true appShortcutBean = com.ss.android.ugc.trill,, maxAddNum = 12
2025-12-09 14:29:53.819  5471-17675 SmartPanelRepository    pid-5471                             I  isInitDataFinished true appShortcutBean = com.google.android.gm,, maxAddNum = 11
2025-12-09 14:29:53.819  5471-17675 SmartPanelRepository    pid-5471                             I  updateAddedAppInfo: size: + 12 addedAppShortcutList [PanelItemInfo{ PackageName: com.facebook.katana, Label: Facebook, Type: 2, added: true, Id: null, mIconPath: /data/user/0/com.transsion.smartpanel/files/appIcon1765301199957/com.facebook.katananull.jpg, mIcon: 0}, PanelItemInfo{ PackageName: com.google.android.youtube, Label: YouTube, Type: 2, added: true, Id: null, mIconPath: /data/user/0/com.transsion.smartpanel/files/appIcon1765301199957/com.google.android.youtubenull.jpg, mIcon: 0}, PanelItemInfo{ PackageName: com.instagram.android, Label: Instagram, Type: 2, added: true, Id: null, mIconPath: /data/user/0/com.transsion.smartpanel/files/appIcon1765301199957/com.instagram.androidnull.jpg, mIcon: 0}, PanelItemInfo{ PackageName: com.transsion.calculator, Label: Calculator, Type: 2, added: true, Id: null, mIconPath: /data/user/0/com.transsion.smartpanel/files/appIcon1765301199957/com.transsion.calculatornull.jpg, mIcon: 0}, PanelItemInfo{ PackageName: com.android.chrome, Label: Chrome, Type: 2, added: true, Id: null, mIconPath: /data/user/0/com.transsion.smartpanel/files/appIcon1765301199957/com.android.chromenull.jpg, mIcon: 0}, PanelItemInfo{ PackageName: com.gallery20, Label: AI Gallery, Type: 2, added: true, Id: null, mIconPath: /data/user/0/com.transsion.smartpanel/files/appIcon1765301393440/com.gallery20null.jpg, mIcon: 0}, PanelItemInfo{ PackageName: com.transsion.notebook, Label: Notepad, Type: 2, added: true, Id: null, mIconPath: /data/user/0/com.transsion.smartpanel/files/appIcon1765301199957/com.transsion.notebooknull.jpg, mIcon: 0}, PanelItemInfo{ PackageName: screen_shot, Label: Screen Shot, Type: 0, added: true, Id: null, mIconPath: null, mIcon: 2131231892}, PanelItemInfo{ PackageName: screen_record, Label: Screen Record, Type: 0, added: true, Id: null, mIconPath: null, mIcon: 2131231891}, PanelItemInfo{ PackageName: com.transsion.filemanagerx, Label: File Manager, Type: 2, added: true, Id: null, mIconPath: /data/user/0/com.transsion.smartpanel/files/appIcon1765301199957/com.transsion.filemanagerxnull.jpg, mIcon: 0}, PanelItemInfo{ PackageName: com.ss.android.ugc.trill, Label: TikTok, Type: 2, added: true, Id: null, mIconPath: /data/user/0/com.transsion.smartpanel/files/appIcon1765301199957/com.ss.android.ugc.trillnull.jpg, mIcon: 0}, PanelItemInfo{ PackageName: com.google.android.gm, Label: Gmail, Type: 2, added: true, Id: null, mIconPath: /data/user/0/com.transsion.smartpanel/files/appIcon1765301199957/com.google.android.gmnull.jpg, mIcon: 0}]
2025-12-09 14:29:53.819  5471-17675 SmartPanelRepository    pid-5471                             I  updateAddedAppInfoSync finish 40
2025-12-09 14:29:53.828  5471-17666 AppHelper               pid-5471                             I  info PanelItemInfo{ PackageName: com.android.chrome, Label: , Type: 2, added: false, Id: null, mIconPath: null, mIcon: 0}  iconList : [com.android.chromenull.jpg, com.gallery20null.jpg, com.google.android.gmnull.jpg, com.google.android.apps.googleassistantnull.jpg, com.transsnet.palmpaynull.jpg, net.bat.storenull.jpg, com.transsion.soundrecordernull.jpg]
2025-12-09 14:29:53.841 12809-23212 Fitness                 pid-12809                            I  (REDACTED) FitCleanupIntentOperation received Intent %s
2025-12-09 14:29:53.844  1584-1717  PackageManager          pid-1584                             W  Unable to load service info ResolveInfo{59704f1 com.transsion.faceid/.TestAuthService m=0x108000 userHandle=null} (Ask Gemini)
                                                                                                    org.xmlpull.v1.XmlPullParserException: No android.accounts.AccountAuthenticator meta-data
                                                                                                    	at android.content.pm.RegisteredServicesCache.parseServiceInfo(RegisteredServicesCache.java:652)
                                                                                                    	at android.content.pm.RegisteredServicesCache.generateServicesMap(RegisteredServicesCache.java:493)
                                                                                                    	at android.content.pm.RegisteredServicesCache.handlePackageEvent(RegisteredServicesCache.java:219)
                                                                                                    	at android.content.pm.RegisteredServicesCache.-$$Nest$mhandlePackageEvent(Unknown Source:0)
                                                                                                    	at android.content.pm.RegisteredServicesCache$1.onReceive(RegisteredServicesCache.java:228)
                                                                                                    	at android.app.LoadedApk$ReceiverDispatcher$Args.lambda$getRunnable$0(LoadedApk.java:1851)
                                                                                                    	at android.app.LoadedApk$ReceiverDispatcher$Args.$r8$lambda$mcNAAl1SQ4MyJPyDg8TJ2x2h0Rk(Unknown Source:0)
                                                                                                    	at android.app.LoadedApk$ReceiverDispatcher$Args$$ExternalSyntheticLambda0.run(D8$$SyntheticClass:0)
                                                                                                    	at android.os.Handler.handleCallback(Handler.java:959)
                                                                                                    	at android.os.Handler.dispatchMessage(Handler.java:100)
                                                                                                    	at android.os.Looper.loopOnce(Looper.java:311)
                                                                                                    	at android.os.Looper.loop(Looper.java:408)
                                                                                                    	at android.os.HandlerThread.run(HandlerThread.java:85)
2025-12-09 14:29:53.851 12852-23201 SQLiteLog               pid-12852                            W  (28) double-quoted string literal: "com.android.internal.display.cutout.emulation.double"
2025-12-09 14:29:53.856  5471-17666 Applicatio...ageManager pid-5471                             I  color1 =0,color2 =0,bgColor =0
2025-12-09 14:29:53.856  5471-17666 Applicatio...ageManager pid-5471                             I  dr is not VectorDrawable,so we do nothing !
2025-12-09 14:29:53.865  5471-17666 AppHelper               pid-5471                             I  info PanelItemInfo{ PackageName: com.google.android.calendar, Label: , Type: 2, added: false, Id: null, mIconPath: null, mIcon: 0}  iconList : [com.android.chromenull.jpg, com.gallery20null.jpg, com.google.android.gmnull.jpg, com.google.android.apps.googleassistantnull.jpg, com.transsnet.palmpaynull.jpg, net.bat.storenull.jpg, com.transsion.soundrecordernull.jpg, com.google.android.calendarnull.jpg]
2025-12-09 14:29:53.874 12852-13733 WorkSourceUtil          pid-12852                            E  Could not find package: com.android.internal.display.cutout.emulation.double
2025-12-09 14:29:53.896 23245-23245 dex2oat32               pid-23245                            I  MMAP_TRYLOCK is supported in uffd errno:2 addr:0xf36a6000 size:4096
2025-12-09 14:29:53.903  1584-1667  ApplicationHelper       pid-1584                             E  Fail to get PackageManager
2025-12-09 14:29:53.903 12852-13733 WorkSourceUtil          pid-12852                            E  Could not find package: com.transsion.gamespace.app
2025-12-09 14:29:53.910  5471-17666 Applicatio...ageManager pid-5471                             I  color1 =0,color2 =0,bgColor =0
2025-12-09 14:29:53.910  5471-17666 Applicatio...ageManager pid-5471                             I  dr is not VectorDrawable,so we do nothing !
2025-12-09 14:29:53.913 12809-23211 Fitness                 pid-12809                            I  (REDACTED) FitCleanupIntentOperation received Intent %s
2025-12-09 14:29:53.915 12852-23203 Blockstore              pid-12852                            I  (REDACTED) [DataStoreImpl] Clearing all the restore credential for %s packages
2025-12-09 14:29:53.916 12852-23203 Blockstore              pid-12852                            W  [DataStoreImpl] Does not contain gms package key space. [CONTEXT service_id=258 ]
2025-12-09 14:29:53.917 12852-23203 Blockstore              pid-12852                            I  (REDACTED) [PackageIntentOperation] Deleted restore credential for package %s is successful: %s
2025-12-09 14:29:53.918  1584-5061  BackupManagerService    pid-1584                             D  mUserServices size: 0
2025-12-09 14:29:53.919  1584-4407  BackupManagerService    pid-1584                             D  mUserServices size: 0
2025-12-09 14:29:53.920 12852-23203 Blockstore              pid-12852                            I  (REDACTED) [DataStoreImpl] Clearing all the Blockstore Data for package %s
2025-12-09 14:29:53.920 23245-23245 dex2oat32               pid-23245                            W  Obsolete flag --compact-dex-level ignored
2025-12-09 14:29:53.920 23245-23245 dex2oat32               pid-23245                            W  Mismatch between instruction set variant of device (ISA: Arm64 Feature string: -a53,crc,lse,fp16,dotprod,-sve) and features returned by the hardware (ISA: Arm64 Feature string: -a53,-crc,-lse,-fp16,-dotprod,-sve)
2025-12-09 14:29:53.920 12852-23203 Blockstore              pid-12852                            I  (REDACTED) [DataStoreImpl] Clearing all the Blockstore Data for %s packages
2025-12-09 14:29:53.921 12852-23203 Blockstore              pid-12852                            I  (REDACTED) [DataStoreImpl] Allow listed package: %s
2025-12-09 14:29:53.921 12852-23203 Blockstore              pid-12852                            I  (REDACTED) [DataStoreImpl] Allow listed package: %s
2025-12-09 14:29:53.921 12852-23203 Blockstore              pid-12852                            I  (REDACTED) [DataStoreImpl] Allow listed package: %s
2025-12-09 14:29:53.922 12852-23203 Blockstore              pid-12852                            I  (REDACTED) [DataStoreImpl] Allow listed package: %s
2025-12-09 14:29:53.922 12852-23203 Blockstore              pid-12852                            I  (REDACTED) [DataStoreImpl] Allow listed package: %s
2025-12-09 14:29:53.923 12852-23203 Blockstore              pid-12852                            I  (REDACTED) [DataStoreImpl] Removing Blockstore data for packages %s
2025-12-09 14:29:53.944 12852-23201 SQLiteLog               pid-12852                            W  (28) double-quoted string literal: "com.transsion.gamespace.app"
2025-12-09 14:29:53.950 23245-23245 dex2oat32               pid-23245                            I  /apex/com.android.art/bin/dex2oat32 --output-vdex-fd=8 --class-loader-context-fds=10:11:12:13:14:15:16 --class-loader-context=PCL[];DLC[/data/user_de/0/com.google.android.gms/app_chimera/m/00000009/dl-SidecarAps.integ_251633805100400.apk];PCL[/product/priv-app/GmsCore/GmsCore.apk]{PCL[/system/framework/org.apache.http.legacy.jar]#PCL[/system/framework/com.android.media.remotedisplay.jar]#PCL[/system/framework/com.android.location.provider.jar]#PCL[/system_ext/framework/androidx.window.extensions.jar]#PCL[/system_ext/framework/androidx.window.sidecar.jar]} --classpath-dir=/data/user/0/com.google.android.gms/app_dg_cache/981325FE712DE8A8AB83655EBBCFB0558EA27BAD --input-vdex-fd=17 --compiler-filter=verify --compilation-reason=cmdline --compact-dex-level=none --max-image-block-size=524288 --resolve-startup-const-strings=true --generate-mini-debug-info --comments=app-name:com.google.android.gms,app-version-name:25.10.36 (260400-739992411),app-version-code:251036035,art-version:351610080
2025-12-09 14:29:53.951 12852-13775 Icing                   pid-12852                            I  Indexing com.google.android.gms-apps from com.google.android.gms
2025-12-09 14:29:53.959 12852-13775 Icing                   pid-12852                            I  doRemovePackageData com.android.internal.display.cutout.emulation.double
2025-12-09 14:29:53.961 12852-13775 Icing                   pid-12852                            I  doRemovePackageData com.transsion.gamespace.app
2025-12-09 14:29:53.962  5471-17666 AppHelper               pid-5471                             I  info PanelItemInfo{ PackageName: com.transsion.camera, Label: , Type: 2, added: false, Id: null, mIconPath: null, mIcon: 0}  iconList : [com.android.chromenull.jpg, com.gallery20null.jpg, com.google.android.gmnull.jpg, com.google.android.apps.googleassistantnull.jpg, com.transsnet.palmpaynull.jpg, net.bat.storenull.jpg, com.transsion.soundrecordernull.jpg, com.google.android.calendarnull.jpg, com.transsion.cameranull.jpg]
2025-12-09 14:29:53.982 23245-23245 dex2oat32               pid-23245                            I  Using CollectorTypeCMC GC.
2025-12-09 14:29:53.985  1584-1667  ApplicationHelper       pid-1584                             E  Fail to get PackageManager
2025-12-09 14:29:53.991 12852-13775 Icing                   pid-12852                            I  Indexing done com.google.android.gms-apps
2025-12-09 14:29:54.005  5471-17666 Applicatio...ageManager pid-5471                             I  color1 =0,color2 =0,bgColor =0
2025-12-09 14:29:54.005  5471-17666 Applicatio...ageManager pid-5471                             I  dr is not VectorDrawable,so we do nothing !
2025-12-09 14:29:54.010  1584-1919  libtrancpufreqtime      pid-1584                             D  [doPollPsi:227] cpu psi is high, 500ms at 1s window
2025-12-09 14:29:54.010  1584-1667  ApplicationHelper       pid-1584                             E  Fail to get PackageManager
2025-12-09 14:29:54.014 12809-23209 Fitness                 pid-12809                            I  (REDACTED) FitCleanupIntentOperation received Intent %s
2025-12-09 14:29:54.022 12852-13733 WorkSourceUtil          pid-12852                            E  Could not find package: com.android.internal.display.cutout.emulation.hole
2025-12-09 14:29:54.026  5471-17666 AppHelper               pid-5471                             I  info PanelItemInfo{ PackageName: com.transsion.deskclock, Label: , Type: 2, added: false, Id: null, mIconPath: null, mIcon: 0}  iconList : [com.android.chromenull.jpg, com.gallery20null.jpg, com.google.android.gmnull.jpg, com.google.android.apps.googleassistantnull.jpg, com.transsnet.palmpaynull.jpg, net.bat.storenull.jpg, com.transsion.soundrecordernull.jpg, com.google.android.calendarnull.jpg, com.transsion.cameranull.jpg, com.transsion.deskclocknull.jpg]
2025-12-09 14:29:54.026 12809-23212 Fitness                 pid-12809                            I  (REDACTED) FitCleanupIntentOperation received Intent %s
2025-12-09 14:29:54.031  1584-1717  PackageManager          pid-1584                             W  Unable to load service info ResolveInfo{11971d0 com.transsion.faceid/.TestAuthService m=0x108000 userHandle=null} (Ask Gemini)
                                                                                                    org.xmlpull.v1.XmlPullParserException: No android.accounts.AccountAuthenticator meta-data
                                                                                                    	at android.content.pm.RegisteredServicesCache.parseServiceInfo(RegisteredServicesCache.java:652)
                                                                                                    	at android.content.pm.RegisteredServicesCache.generateServicesMap(RegisteredServicesCache.java:493)
                                                                                                    	at android.content.pm.RegisteredServicesCache.handlePackageEvent(RegisteredServicesCache.java:219)
                                                                                                    	at android.content.pm.RegisteredServicesCache.-$$Nest$mhandlePackageEvent(Unknown Source:0)
                                                                                                    	at android.content.pm.RegisteredServicesCache$1.onReceive(RegisteredServicesCache.java:228)
                                                                                                    	at android.app.LoadedApk$ReceiverDispatcher$Args.lambda$getRunnable$0(LoadedApk.java:1851)
                                                                                                    	at android.app.LoadedApk$ReceiverDispatcher$Args.$r8$lambda$mcNAAl1SQ4MyJPyDg8TJ2x2h0Rk(Unknown Source:0)
                                                                                                    	at android.app.LoadedApk$ReceiverDispatcher$Args$$ExternalSyntheticLambda0.run(D8$$SyntheticClass:0)
                                                                                                    	at android.os.Handler.handleCallback(Handler.java:959)
                                                                                                    	at android.os.Handler.dispatchMessage(Handler.java:100)
                                                                                                    	at android.os.Looper.loopOnce(Looper.java:311)
                                                                                                    	at android.os.Looper.loop(Looper.java:408)
                                                                                                    	at android.os.HandlerThread.run(HandlerThread.java:85)
2025-12-09 14:29:54.039  1584-1667  ApplicationHelper       pid-1584                             E  Fail to get PackageManager
2025-12-09 14:29:54.043  1584-1667  ApplicationHelper       pid-1584                             E  Fail to get PackageManager
2025-12-09 14:29:54.044  1584-1667  ApplicationHelper       pid-1584                             E  Fail to get PackageManager
2025-12-09 14:29:54.045   934-1020  hwcomposer              pid-934                              I  [HWCDisplay] [Display_0 (type:1)] fps:30.493364,dur:1869.26,max:933.87,min:16.13  
2025-12-09 14:29:54.045  1584-1669  DisplayDeviceRepository pid-1584                             I  Display device changed: DisplayDeviceInfo{"Built-in Screen": uniqueId="local:0", 1080 x 2436, modeId 2, renderFrameRate 60.000004, defaultModeId 1, userPreferredModeId -1, supportedModes [{id=1, width=1080, height=2436, fps=120.00001, vsync=120.00001, synthetic=false, alternativeRefreshRates=[60.0], supportedHdrTypes=[]}, {id=2, width=1080, height=2436, fps=60.0, vsync=60.0, synthetic=false, alternativeRefreshRates=[120.00001], supportedHdrTypes=[]}], colorMode 0, supportedColorModes [0, 7, 9], hdrCapabilities HdrCapabilities{mSupportedHdrTypes=[], mMaxLuminance=500.0, mMaxAverageLuminance=500.0, mMinLuminance=0.0}, allmSupported false, gameContentTypeSupported false, density 440, 392.783 x 392.828 dpi, appVsyncOff 2400001, presDeadline 28600000, cutout DisplayCutout{insets=Rect(0, 99 - 0, 0) waterfall=Insets{left=0, top=0, right=0, bottom=0} boundingRect={Bounds=[Rect(0, 0 - 0, 0), Rect(474, 0 - 606, 99), Rect(0, 0 - 0, 0), Rect(0, 0 - 0, 0)]} cutoutPathParserInfo={CutoutPathParserInfo{displayWidth=1080 displayHeight=2436 physicalDisplayWidth=1080 physicalDisplayHeight=2436 density={2.75} cutoutSpec={M -24,0 L -24,36 L 24,36 L 24,0 Z @dp} rotation={0} scale={1.0} physicalPixelDisplaySizeRatio={1.0}}} sideOverrides={}}, touch INTERNAL, rotation 0, type INTERNAL, address {port=0}, deviceProductInfo null, state ON, committedState ON, frameRateOverride {uid=1000 frameRateHz=60.000004} {uid=10169 frameRateHz=60.000004} {uid=10287 frameRateHz=60.000004} , brightnessMinimum 0.0, brightnessMaximum 1.0, brightnessDefault 0.2, hdrSdrRatio NaN, FLAG_ALLOWED_TO_BE_DEFAULT_DISPLAY, FLAG_ROTATES_WITH_CONTENT, FLAG_SECURE, FLAG_SUPPORTS_PROTECTED_BUFFERS, FLAG_TRUSTED, installOrientation 0, displayShape DisplayShape{ spec=596679847 displayWidth=1080 displayHeight=2436 physicalPixelDisplaySizeRatio=1.0 rotation=0 offsetX=0 offsetY=0 scale=1.0}}
2025-12-09 14:29:54.050  1584-1667  ApplicationHelper       pid-1584                             E  Fail to get PackageManager
2025-12-09 14:29:54.052  1584-1669  Griffin/DeviceState     pid-1584                             I  virtualDisplayPackageName :{}
2025-12-09 14:29:54.053 12852-13775 Icing                   pid-12852                            I  doRemovePackageData com.android.internal.display.cutout.emulation.hole
2025-12-09 14:29:54.056 12852-13775 Icing                   pid-12852                            I  Indexing com.google.android.gms-apps from com.google.android.gms
2025-12-09 14:29:54.056 12809-23192 Fitness                 pid-12809                            I  (REDACTED) FitCleanupIntentOperation received Intent %s
2025-12-09 14:29:54.070  1584-1667  ApplicationHelper       pid-1584                             E  Fail to get PackageManager
2025-12-09 14:29:54.077  5471-17666 Applicatio...ageManager pid-5471                             I  color1 =0,color2 =0,bgColor =0
2025-12-09 14:29:54.077  5471-17666 Applicatio...ageManager pid-5471                             I  dr is not VectorDrawable,so we do nothing !
2025-12-09 14:29:54.091 12852-13775 Icing                   pid-12852                            I  Indexing done com.google.android.gms-apps
2025-12-09 14:29:54.112  5471-17666 AppHelper               pid-5471                             I  info PanelItemInfo{ PackageName: com.transsion.calculator, Label: , Type: 2, added: false, Id: null, mIconPath: null, mIcon: 0}  iconList : [com.android.chromenull.jpg, com.gallery20null.jpg, com.google.android.gmnull.jpg, com.google.android.apps.googleassistantnull.jpg, com.transsnet.palmpaynull.jpg, net.bat.storenull.jpg, com.transsion.soundrecordernull.jpg, com.google.android.calendarnull.jpg, com.transsion.cameranull.jpg, com.transsion.deskclocknull.jpg, com.transsion.calculatornull.jpg]
2025-12-09 14:29:54.123   971-1040  libPerfCtl              pid-971                              I  xgfGetFPS pid:3220 fps:-1
2025-12-09 14:29:54.123   971-1040  AppThermalMode          pid-971                              I  [perfNotifyThermalState] hdl:0
2025-12-09 14:29:54.123   971-1040  AppThermalMode          pid-971                              I  [findAppThermalIdx] Fail: appThermalModeEnable: 0,currentFPS: 60,fg->pid:13971
2025-12-09 14:29:54.123   971-1040  AppThermalMode          pid-971                              I  [perfNotifyThermalState] appThermalIdx -1:
2025-12-09 14:29:54.123   971-1040  libPerfCtl              pid-971                              I  xgfGetFPS pid:3598 fps:-1
2025-12-09 14:29:54.123   971-1040  AppThermalMode          pid-971                              I  [perfNotifyThermalState] hdl:0
2025-12-09 14:29:54.123   971-1040  AppThermalMode          pid-971                              I  [findAppThermalIdx] Fail: appThermalModeEnable: 0,currentFPS: 60,fg->pid:13971
2025-12-09 14:29:54.123   971-1040  AppThermalMode          pid-971                              I  [perfNotifyThermalState] appThermalIdx -1:
2025-12-09 14:29:54.123   971-1040  libPerfCtl              pid-971                              I  xgfGetFPS pid:13971 fps:-1
2025-12-09 14:29:54.123   971-1040  AppThermalMode          pid-971                              I  [perfNotifyThermalState] hdl:0
2025-12-09 14:29:54.123   971-1040  AppThermalMode          pid-971                              I  [findAppThermalIdx] Fail: appThermalModeEnable: 0,currentFPS: 60,fg->pid:13971
2025-12-09 14:29:54.123   971-1040  AppThermalMode          pid-971                              I  [perfNotifyThermalState] appThermalIdx -1:
2025-12-09 14:29:54.123   971-1040  libPowerHal             pid-971                              I  [updateFPS] pid(13971) : 60 => -1
2025-12-09 14:29:54.123   971-1065  libPowerHal             pid-971                              I  [perfNotifyAppState] pack:com.cdccreditsmart.app, act:com.cdccreditsmart.app.presentation.MainActivity, state:5, pid:13971, uid:10287, fps:-1
2025-12-09 14:29:54.125   971-1065  UxUtility               pid-971                              I  notifyForegroundApp pack:com.cdccreditsmart.app, uid:10287
2025-12-09 14:29:54.125   971-1065  TouchUtility            pid-971                              I  notifyAppState error = NULL
2025-12-09 14:29:54.129 12852-23208 Blockstore              pid-12852                            I  (REDACTED) [DataStoreImpl] Clearing all the restore credential for %s packages
2025-12-09 14:29:54.138  1584-1667  ApplicationHelper       pid-1584                             E  Fail to get PackageManager
2025-12-09 14:29:54.155 12852-23208 Blockstore              pid-12852                            W  [DataStoreImpl] Does not contain gms package key space. [CONTEXT service_id=258 ]
2025-12-09 14:29:54.157 12852-23208 Blockstore              pid-12852                            I  (REDACTED) [PackageIntentOperation] Deleted restore credential for package %s is successful: %s
2025-12-09 14:29:54.168  1584-1667  ApplicationHelper       pid-1584                             E  Fail to get PackageManager
2025-12-09 14:29:54.169 12852-12862 gle.android.gms         pid-12852                            I  Background concurrent mark compact GC freed 21MB AllocSpace bytes, 115(12MB) LOS objects, 49% free, 20MB/40MB, paused 5.846ms,12.126ms total 341.780ms
2025-12-09 14:29:54.170  1584-5039  BackupManagerService    pid-1584                             D  mUserServices size: 0
2025-12-09 14:29:54.171  1584-1653  BackupManagerService    pid-1584                             D  mUserServices size: 0
2025-12-09 14:29:54.172 12852-23208 Blockstore              pid-12852                            I  (REDACTED) [DataStoreImpl] Clearing all the Blockstore Data for package %s
2025-12-09 14:29:54.172 12852-23208 Blockstore              pid-12852                            I  (REDACTED) [DataStoreImpl] Clearing all the Blockstore Data for %s packages
2025-12-09 14:29:54.173 12852-23204 SQLiteLog               pid-12852                            W  (28) double-quoted string literal: "com.android.internal.display.cutout.emulation.hole"
2025-12-09 14:29:54.176 22766-22799 Finsky                  pid-22766                            I  [1475] rrq.accept(58): SCH: Scheduling phonesky job Id: 12-1, CT: 1765301393004, Constraints: [{ L: 15000, D: 86400000, C: CHARGING_NONE, I: IDLE_NONE, N: NET_ANY, B: BATTERY_ANY }]
2025-12-09 14:29:54.179  1584-1667  ApplicationHelper       pid-1584                             E  Fail to get PackageManager
2025-12-09 14:29:54.180 12852-23208 Blockstore              pid-12852                            I  (REDACTED) [DataStoreImpl] Allow listed package: %s
2025-12-09 14:29:54.187 22766-22799 Finsky                  pid-22766                            I  [1475] nat.apply(290): SCH: Scheduling 1 system job(s)
2025-12-09 14:29:54.188 12852-23208 Blockstore              pid-12852                            I  (REDACTED) [DataStoreImpl] Allow listed package: %s
2025-12-09 14:29:54.189 12852-23208 Blockstore              pid-12852                            I  (REDACTED) [DataStoreImpl] Allow listed package: %s
2025-12-09 14:29:54.190 12852-23208 Blockstore              pid-12852                            I  (REDACTED) [DataStoreImpl] Allow listed package: %s
2025-12-09 14:29:54.192  1584-1667  ApplicationHelper       pid-1584                             E  Fail to get PackageManager
2025-12-09 14:29:54.193 22766-22799 CompatChangeReporter    pid-22766                            D  Compat change id reported: 311402873; UID 10111; state: ENABLED
2025-12-09 14:29:54.193 22766-22799 CompatChangeReporter    pid-22766                            D  Compat change id reported: 323349338; UID 10111; state: ENABLED
2025-12-09 14:29:54.194 22766-22799 Finsky                  pid-22766                            I  [1475] agqy.b(244): SCH: Scheduling system job Id: 9162, L: 13817, D: 56637564, C: false, I: false, N: 1
2025-12-09 14:29:54.194 12852-23208 Blockstore              pid-12852                            I  (REDACTED) [DataStoreImpl] Allow listed package: %s
2025-12-09 14:29:54.195 12852-23208 Blockstore              pid-12852                            I  (REDACTED) [DataStoreImpl] Removing Blockstore data for packages %s
2025-12-09 14:29:54.207  1584-4407  CompatChangeReporter    pid-1584                             D  Compat change id reported: 311402873; UID 10111; state: ENABLED
2025-12-09 14:29:54.207  1584-4407  CompatChangeReporter    pid-1584                             D  Compat change id reported: 323349338; UID 10111; state: ENABLED
2025-12-09 14:29:54.214  1584-1667  ApplicationHelper       pid-1584                             E  Fail to get PackageManager
2025-12-09 14:29:54.222 12852-12864 gle.android.gms         pid-12852                            W  ApkAssets: Deleting an ApkAssets object '<empty> and /system_ext/priv-app/TranSettingsApk/TranSettingsApk.apk' with 1 weak references
2025-12-09 14:29:54.228 12852-13733 WorkSourceUtil          pid-12852                            E  Could not find package: com.android.internal.display.cutout.emulation.tall
2025-12-09 14:29:54.231  1584-1667  ApplicationHelper       pid-1584                             E  Fail to get PackageManager
2025-12-09 14:29:54.233 12852-12864 gle.android.gms         pid-12852                            W  ApkAssets: Deleting an ApkAssets object '/vendor/overlay/MtkSettingsResOverlay/MtkSettingsResOverlay.apk' with 1 weak references
2025-12-09 14:29:54.234 12852-12864 gle.android.gms         pid-12852                            W  ApkAssets: Deleting an ApkAssets object '/product/overlay/TranSettingsApkResOverlay/TranSettingsApkResOverlay.apk' with 1 weak references
2025-12-09 14:29:54.236 12852-12864 gle.android.gms         pid-12852                            W  ApkAssets: Deleting an ApkAssets object '<empty> and /data/app/~~FQ_CA_U7UZK6BlEq9MVbHg==/com.cdccreditsmart.app-nJ9Fgge3hliaF0SIvGUxPA==/base.apk' with 1 weak references
2025-12-09 14:29:54.236  1584-1667  ApplicationHelper       pid-1584                             E  Fail to get PackageManager
2025-12-09 14:29:54.251  1584-1667  ApplicationHelper       pid-1584                             E  Fail to get PackageManager
2025-12-09 14:29:54.252  1584-1667  ApplicationHelper       pid-1584                             E  Fail to get PackageManager
2025-12-09 14:29:54.252  1584-1667  ApplicationHelper       pid-1584                             E  Fail to get PackageManager
2025-12-09 14:29:54.254  1584-1667  ApplicationHelper       pid-1584                             E  Fail to get PackageManager
2025-12-09 14:29:54.256 12852-23248 Icing                   pid-12852                            I  doRemovePackageData com.android.internal.display.cutout.emulation.tall
2025-12-09 14:29:54.260 12852-23248 Icing                   pid-12852                            I  Indexing com.google.android.gms-apps from com.google.android.gms
2025-12-09 14:29:54.263 12852-23248 Icing                   pid-12852                            I  Indexing done com.google.android.gms-apps
2025-12-09 14:29:54.265  1584-1667  ApplicationHelper       pid-1584                             E  Fail to get PackageManager
2025-12-09 14:29:54.267 12852-23248 Icing                   pid-12852                            I  Indexing com.google.android.gms-apps from com.google.android.gms
2025-12-09 14:29:54.269   942-957   android.ha...ervice.mtk pid-942                              W  parseMsg: Get from client TYPE=thermal_hal_notify NAME=SKIN
2025-12-09 14:29:54.269   942-957   android.ha...ervice.mtk pid-942                              W  parseMsg:name.c_str():SKIN
2025-12-09 14:29:54.269   942-957   android.ha...ervice.mtk pid-942                              W  parseMsg:tz notify:SKIN
2025-12-09 14:29:54.269   942-957   android.ha...ervice.mtk pid-942                              I  Wait to accept a connection
2025-12-09 14:29:54.270   942-957   android.ha...l@2.0-impl pid-942                              I  Sending notification:  Type: SKIN Name: SKIN CurrentValue: 46 ThrottlingStatus: NONE
2025-12-09 14:29:54.270 22766-22794 Finsky                  pid-22766                            I  [1470] ozv.kk(181): [ContentSync] finished, scheduled=true
2025-12-09 14:29:54.270   942-957   android.ha...l@2.0-impl pid-942                              I  sendThermalChangedCallback
2025-12-09 14:29:54.271  1584-1667  ApplicationHelper       pid-1584                             E  Fail to get PackageManager
2025-12-09 14:29:54.271 22766-22799 Finsky                  pid-22766                            I  [1475] rrq.accept(58): SCH: Scheduling phonesky job Id: 12-1, CT: 1765301392973, Constraints: [{ L: 15000, D: 86400000, C: CHARGING_NONE, I: IDLE_NONE, N: NET_ANY, B: BATTERY_ANY }]
2025-12-09 14:29:54.273 12852-23204 Blockstore              pid-12852                            I  (REDACTED) [DataStoreImpl] Clearing all the restore credential for %s packages
2025-12-09 14:29:54.275 12852-23248 Icing                   pid-12852                            I  Indexing done com.google.android.gms-apps
2025-12-09 14:29:54.277 12852-23204 Blockstore              pid-12852                            W  [DataStoreImpl] Does not contain gms package key space. [CONTEXT service_id=258 ]
2025-12-09 14:29:54.280 12852-23204 Blockstore              pid-12852                            I  (REDACTED) [PackageIntentOperation] Deleted restore credential for package %s is successful: %s
2025-12-09 14:29:54.280  1584-5038  BackupManagerService    pid-1584                             D  mUserServices size: 0
2025-12-09 14:29:54.283  1584-5038  BackupManagerService    pid-1584                             D  mUserServices size: 0
2025-12-09 14:29:54.284  1584-1667  ApplicationHelper       pid-1584                             E  Fail to get PackageManager
2025-12-09 14:29:54.284 12852-23204 Blockstore              pid-12852                            I  (REDACTED) [DataStoreImpl] Clearing all the Blockstore Data for package %s
2025-12-09 14:29:54.285 12852-23204 Blockstore              pid-12852                            I  (REDACTED) [DataStoreImpl] Clearing all the Blockstore Data for %s packages
2025-12-09 14:29:54.288 12852-23253 SQLiteLog               pid-12852                            W  (28) double-quoted string literal: "com.android.internal.display.cutout.emulation.tall"
2025-12-09 14:29:54.292 12852-23204 Blockstore              pid-12852                            I  (REDACTED) [DataStoreImpl] Allow listed package: %s
2025-12-09 14:29:54.293 12852-23204 Blockstore              pid-12852                            I  (REDACTED) [DataStoreImpl] Allow listed package: %s
2025-12-09 14:29:54.293 12852-23204 Blockstore              pid-12852                            I  (REDACTED) [DataStoreImpl] Allow listed package: %s
2025-12-09 14:29:54.294 12852-23204 Blockstore              pid-12852                            I  (REDACTED) [DataStoreImpl] Allow listed package: %s
2025-12-09 14:29:54.295 12852-23204 Blockstore              pid-12852                            I  (REDACTED) [DataStoreImpl] Allow listed package: %s
2025-12-09 14:29:54.295  1584-1667  ApplicationHelper       pid-1584                             E  Fail to get PackageManager
2025-12-09 14:29:54.296 12852-23204 Blockstore              pid-12852                            I  (REDACTED) [DataStoreImpl] Removing Blockstore data for packages %s
2025-12-09 14:29:54.302  1584-1667  ApplicationHelper       pid-1584                             E  Fail to get PackageManager
2025-12-09 14:29:54.306 22766-22799 Finsky                  pid-22766                            I  [1475] nat.apply(290): SCH: Scheduling 1 system job(s)
2025-12-09 14:29:54.308 22766-22799 Finsky                  pid-22766                            I  [1475] agqy.b(244): SCH: Scheduling system job Id: 9162, L: 13666, D: 56637444, C: false, I: false, N: 1
2025-12-09 14:29:54.322  1584-1667  ApplicationHelper       pid-1584                             E  Fail to get PackageManager
2025-12-09 14:29:54.327  5471-17666 Applicatio...ageManager pid-5471                             I  color1 =0,color2 =0,bgColor =0
2025-12-09 14:29:54.328  5471-17666 Applicatio...ageManager pid-5471                             I  dr is not VectorDrawable,so we do nothing !
2025-12-09 14:29:54.330 22766-22799 Finsky                  pid-22766                            I  [1475] ozv.kk(181): [ContentSync] finished, scheduled=true
2025-12-09 14:29:54.339  1584-1667  ApplicationHelper       pid-1584                             E  Fail to get PackageManager
2025-12-09 14:29:54.341  1584-1667  ApplicationHelper       pid-1584                             E  Fail to get PackageManager
2025-12-09 14:29:54.343 22766-22799 Finsky                  pid-22766                            I  [1475] rrq.accept(58): SCH: Scheduling phonesky job Id: 37-12, CT: 1765301393376, Constraints: [{ L: 0, D: 0, C: CHARGING_NONE, I: IDLE_NONE, N: NET_NONE, B: BATTERY_ANY }, { L: 0, D: 0, C: CHARGING_NONE, I: IDLE_NONE, N: NET_NONE, B: BATTERY_ANY }]
2025-12-09 14:29:54.353  5471-17666 AppHelper               pid-5471                             I  info PanelItemInfo{ PackageName: com.transsion.carlcare, Label: , Type: 2, added: false, Id: null, mIconPath: null, mIcon: 0}  iconList : [com.android.chromenull.jpg, com.gallery20null.jpg, com.google.android.gmnull.jpg, com.google.android.apps.googleassistantnull.jpg, com.transsnet.palmpaynull.jpg, net.bat.storenull.jpg, com.transsion.soundrecordernull.jpg, com.google.android.calendarnull.jpg, com.transsion.cameranull.jpg, com.transsion.deskclocknull.jpg, com.transsion.calculatornull.jpg, com.transsion.carlcarenull.jpg]
2025-12-09 14:29:54.357  1584-1667  ApplicationHelper       pid-1584                             E  Fail to get PackageManager
2025-12-09 14:29:54.365  1584-1667  ApplicationHelper       pid-1584                             E  Fail to get PackageManager
2025-12-09 14:29:54.365  1584-1667  ApplicationHelper       pid-1584                             E  Fail to get PackageManager
2025-12-09 14:29:54.365  1584-1839  tranpm/BehaviorManager  pid-1584                             D  onMemPressureChange : level 0
2025-12-09 14:29:54.367 22766-22834 Finsky                  pid-22766                            I  [1491] nat.apply(290): SCH: Scheduling 1 system job(s)
2025-12-09 14:29:54.368 22766-22834 Finsky                  pid-22766                            I  [1491] nat.apply(455): SCH: Scheduling expedited system job 9171
2025-12-09 14:29:54.381  1584-1667  ApplicationHelper       pid-1584                             E  Fail to get PackageManager
2025-12-09 14:29:54.382  1584-1717  Magellan                pid-1584                             D  fallbackReportThrottlingIfNeeded return. 
2025-12-09 14:29:54.383 12852-23208 SQLiteLog               pid-12852                            W  (28) double-quoted string literal: "com.android.internal.display.cutout.emulation.waterfall"
2025-12-09 14:29:54.384  1584-1667  ApplicationHelper       pid-1584                             E  Fail to get PackageManager
2025-12-09 14:29:54.385   942-942   android.ha...ervice.mtk pid-942                              I  fill_temperatures filterType1 name: SKIN type: SKIN throttlingStatus: NONE value: 46 ret_temps size 0
2025-12-09 14:29:54.386  5471-17666 Applicatio...ageManager pid-5471                             I  color1 =0,color2 =0,bgColor =0
2025-12-09 14:29:54.386  5471-17666 Applicatio...ageManager pid-5471                             I  dr is not VectorDrawable,so we do nothing !
2025-12-09 14:29:54.387  1584-1717  SettingsProvider        pid-1584                             V  name : tran_board_temperature appId : 1000
2025-12-09 14:29:54.392  1584-1667  ApplicationHelper       pid-1584                             E  Fail to get PackageManager
2025-12-09 14:29:54.393 12852-21489 WorkSourceUtil          pid-12852                            E  Could not find package: com.android.internal.display.cutout.emulation.waterfall
