2025-12-04 07:11:42.808 14408-14408 CDCDeviceAdminReceiver  com.cdccreditsmart.app               I  [2025-12-04 10:11:42.808] [PID:14408] [TID:2|main] ğŸ‘¤ Current user: UserHandle{0}
2025-12-04 07:11:42.809 14408-14408 CDCDeviceAdminReceiver  com.cdccreditsmart.app               I  [2025-12-04 10:11:42.808] [PID:14408] [TID:2|main] ğŸ¯ Current user handle: UserHandle{0}
2025-12-04 07:11:42.815 14408-14408 CDCDeviceAdminReceiver  com.cdccreditsmart.app               I  [2025-12-04 10:11:42.814] [PID:14408] [TID:2|main] ğŸ”’ Device administration status:
2025-12-04 07:11:42.815 14408-14408 CDCDeviceAdminReceiver  com.cdccreditsmart.app               I  [2025-12-04 10:11:42.815] [PID:14408] [TID:2|main]    ğŸ”‘ Admin active: true
2025-12-04 07:11:42.817 14408-14408 CDCDeviceAdminReceiver  com.cdccreditsmart.app               I  [2025-12-04 10:11:42.815] [PID:14408] [TID:2|main]    ğŸ­ Device owner: false
2025-12-04 07:11:42.819 14408-14408 CDCDeviceAdminReceiver  com.cdccreditsmart.app               I  [2025-12-04 10:11:42.817] [PID:14408] [TID:2|main]    ğŸ“‹ Profile owner: false
2025-12-04 07:11:42.821 14408-14408 CDCDeviceAdminReceiver  com.cdccreditsmart.app               I  [2025-12-04 10:11:42.821] [PID:14408] [TID:2|main] ğŸ¢ Work Profile status (CRITICAL FOR PREPARATION):
2025-12-04 07:11:42.821 14408-14408 CDCDeviceAdminReceiver  com.cdccreditsmart.app               I  [2025-12-04 10:11:42.821] [PID:14408] [TID:2|main]    ğŸ¢ Is managed profile: false
2025-12-04 07:11:42.822 14408-14408 CDCDeviceAdminReceiver  com.cdccreditsmart.app               I  [2025-12-04 10:11:42.822] [PID:14408] [TID:2|main]    ğŸ”§ Is system user: true
2025-12-04 07:11:42.823 14408-14408 CDCDeviceAdminReceiver  com.cdccreditsmart.app               I  [2025-12-04 10:11:42.822] [PID:14408] [TID:2|main]    ğŸ”“ Is user unlocked: true
2025-12-04 07:11:42.826 14408-14408 CDCDeviceAdminReceiver  com.cdccreditsmart.app               I  [2025-12-04 10:11:42.825] [PID:14408] [TID:2|main]    ğŸ“± Device provisioned: true
2025-12-04 07:11:42.830 14408-14408 CDCDeviceAdminReceiver  com.cdccreditsmart.app               I  [2025-12-04 10:11:42.829] [PID:14408] [TID:2|main]    ğŸ‘¤ User setup complete: true
2025-12-04 07:11:42.833 14408-14408 CDCDeviceAdminReceiver  com.cdccreditsmart.app               I  [2025-12-04 10:11:42.832] [PID:14408] [TID:2|main] ğŸ” DEVICE CAPABILITIES ANALYSIS (Critical for work profile):
2025-12-04 07:11:42.838 14408-14408 CDCDeviceAdminReceiver  com.cdccreditsmart.app               W  [2025-12-04 10:11:42.837] [PID:14408] [TID:2|main]    ğŸ“· Could not check camera permission state
2025-12-04 07:11:42.841 14408-14408 CDCDeviceAdminReceiver  com.cdccreditsmart.app               W  Exception details: (Ask Gemini)
                                                                                                    java.lang.SecurityException: Calling identity is not authorized
                                                                                                    	at android.os.Parcel.createExceptionOrNull(Parcel.java:3340)
                                                                                                    	at android.os.Parcel.createException(Parcel.java:3324)
                                                                                                    	at android.os.Parcel.readException(Parcel.java:3307)
                                                                                                    	at android.os.Parcel.readException(Parcel.java:3249)
                                                                                                    	at android.app.admin.IDevicePolicyManager$Stub$Proxy.getPermissionGrantState(IDevicePolicyManager.java:11082)
                                                                                                    	at android.app.admin.DevicePolicyManager.getPermissionGrantState(DevicePolicyManager.java:14317)
                                                                                                    	at com.cdccreditsmart.device.CDCDeviceAdminReceiver.logDeviceCapabilities(CDCDeviceAdminReceiver.kt:821)
                                                                                                    	at com.cdccreditsmart.device.CDCDeviceAdminReceiver.onEnabled(CDCDeviceAdminReceiver.kt:383)
                                                                                                    	at android.app.admin.DeviceAdminReceiver.onReceive(DeviceAdminReceiver.java:1195)
                                                                                                    	at android.app.ActivityThread.handleReceiver(ActivityThread.java:5029)
                                                                                                    	at android.app.ActivityThread.-$$Nest$mhandleReceiver(Unknown Source:0)
                                                                                                    	at android.app.ActivityThread$H.handleMessage(ActivityThread.java:2577)
                                                                                                    	at android.os.Handler.dispatchMessage(Handler.java:110)
                                                                                                    	at android.os.Looper.loopOnce(Looper.java:248)
                                                                                                    	at android.os.Looper.loop(Looper.java:338)
                                                                                                    	at android.app.ActivityThread.main(ActivityThread.java:9067)
                                                                                                    	at java.lang.reflect.Method.invoke(Native Method)
                                                                                                    	at com.android.internal.os.RuntimeInit$MethodAndArgsCaller.run(RuntimeInit.java:593)
                                                                                                    	at com.android.internal.os.ZygoteInit.main(ZygoteInit.java:932)
                                                                                                    Caused by: android.os.RemoteException: Remote stack trace:
                                                                                                    	at com.android.internal.util.Preconditions.checkCallAuthorization(Preconditions.java:254)
                                                                                                    	at com.android.server.devicepolicy.DevicePolicyManagerService.getPermissionGrantState(DevicePolicyManagerService.java:17004)
                                                                                                    	at android.app.admin.IDevicePolicyManager$Stub.onTransact$getPermissionGrantState$(IDevicePolicyManager.java:15758)
                                                                                                    	at android.app.admin.IDevicePolicyManager$Stub.onTransact(IDevicePolicyManager.java:5121)
                                                                                                    	at android.os.Binder.execTransactInternal(Binder.java:1421)
                                                                                                    
2025-12-04 07:11:42.849 14408-14408 CDCDeviceAdminReceiver  com.cdccreditsmart.app               W  [2025-12-04 10:11:42.847] [PID:14408] [TID:2|main]    ğŸ”’ Could not check lock task packages
2025-12-04 07:11:42.855 14408-14408 CDCDeviceAdminReceiver  com.cdccreditsmart.app               W  Exception details: (Ask Gemini)
                                                                                                    java.lang.SecurityException: Caller does not have the required permissions for this user. Permission required: android.permission.MANAGE_DEVICE_POLICY_LOCK_TASK.
                                                                                                    	at android.os.Parcel.createExceptionOrNull(Parcel.java:3340)
                                                                                                    	at android.os.Parcel.createException(Parcel.java:3324)
                                                                                                    	at android.os.Parcel.readException(Parcel.java:3307)
                                                                                                    	at android.os.Parcel.readException(Parcel.java:3249)
                                                                                                    	at android.app.admin.IDevicePolicyManager$Stub$Proxy.getLockTaskPackages(IDevicePolicyManager.java:9915)
                                                                                                    	at android.app.admin.DevicePolicyManager.getLockTaskPackages(DevicePolicyManager.java:13097)
                                                                                                    	at com.cdccreditsmart.device.CDCDeviceAdminReceiver.logDeviceCapabilities(CDCDeviceAdminReceiver.kt:834)
                                                                                                    	at com.cdccreditsmart.device.CDCDeviceAdminReceiver.onEnabled(CDCDeviceAdminReceiver.kt:383)
                                                                                                    	at android.app.admin.DeviceAdminReceiver.onReceive(DeviceAdminReceiver.java:1195)
                                                                                                    	at android.app.ActivityThread.handleReceiver(ActivityThread.java:5029)
                                                                                                    	at android.app.ActivityThread.-$$Nest$mhandleReceiver(Unknown Source:0)
                                                                                                    	at android.app.ActivityThread$H.handleMessage(ActivityThread.java:2577)
                                                                                                    	at android.os.Handler.dispatchMessage(Handler.java:110)
                                                                                                    	at android.os.Looper.loopOnce(Looper.java:248)
                                                                                                    	at android.os.Looper.loop(Looper.java:338)
                                                                                                    	at android.app.ActivityThread.main(ActivityThread.java:9067)
                                                                                                    	at java.lang.reflect.Method.invoke(Native Method)
                                                                                                    	at com.android.internal.os.RuntimeInit$MethodAndArgsCaller.run(RuntimeInit.java:593)
                                                                                                    	at com.android.internal.os.ZygoteInit.main(ZygoteInit.java:932)
2025-12-04 07:11:42.868 14408-14408 CDCDeviceAdminReceiver  com.cdccreditsmart.app               I  [2025-12-04 10:11:42.867] [PID:14408] [TID:2|main]    ğŸ’¾ Storage encryption status: false
2025-12-04 07:11:42.870 14408-14408 CDCDeviceAdminReceiver  com.cdccreditsmart.app               I  [2025-12-04 10:11:42.870] [PID:14408] [TID:2|main] âœ… Device capabilities analysis completed
2025-12-04 07:11:42.871 14408-14408 CDC_PROVISIONING_DEBUG  com.cdccreditsmart.app               I  [2025-12-04 10:11:42.871] [PID:14408] [TID:2|main] ğŸ“‹ CALLBACK SEQUENCE (1 callbacks):
2025-12-04 07:11:42.871 14408-14408 CDC_PROVISIONING_DEBUG  com.cdccreditsmart.app               I  [2025-12-04 10:11:42.871] [PID:14408] [TID:2|main]    1. 2025-12-04 10:11:42.793 - onEnabled
2025-12-04 07:11:42.874 14408-14408 CDC_PROVISIONING_DEBUG  com.cdccreditsmart.app               I  [2025-12-04 10:11:42.871] [PID:14408] [TID:2|main] ğŸ” HANG DETECTION CHECK:
2025-12-04 07:11:42.876 14408-14408 CDC_PROVISIONING_DEBUG  com.cdccreditsmart.app               I  [2025-12-04 10:11:42.875] [PID:14408] [TID:2|main]    â±ï¸ Time since provisioning start: 78ms
2025-12-04 07:11:42.877 14408-14408 CDC_PROVISIONING_DEBUG  com.cdccreditsmart.app               I  [2025-12-04 10:11:42.877] [PID:14408] [TID:2|main]    â±ï¸ Time since last callback: 78ms
2025-12-04 07:11:42.878 14408-14408 CDCDeviceAdminReceiver  com.cdccreditsmart.app               I  [2025-12-04 10:11:42.878] [PID:14408] [TID:2|main] âœ… Admin enablement verification completed successfully
2025-12-04 07:11:42.880 14408-14408 CDCDeviceAdminReceiver  com.cdccreditsmart.app               I  [2025-12-04 10:11:42.879] [PID:14408] [TID:2|main] ğŸ onEnabled callback completed - work profile preparation should continue
2025-12-04 07:11:42.881 14408-14408 CDCDeviceAdminReceiver  com.cdccreditsmart.app               I  [2025-12-04 10:11:42.880] [PID:14408] [TID:2|main] ğŸ”‘ =================================================================
2025-12-04 07:11:42.902 14408-14408 PermissionGateScreen    com.cdccreditsmart.app               I  âœ… Device Admin status atualizado
2025-12-04 07:11:43.521 14408-14408 ImeTracker              com.cdccreditsmart.app               I  com.cdccreditsmart.app:3807753: onCancelled at PHASE_CLIENT_ALREADY_HIDDEN
2025-12-04 07:11:45.238 14408-14408 SettingsGuardService    com.cdccreditsmart.app               I  â¸ï¸ Guard PAUSADO para fluxo de permissÃµes
2025-12-04 07:11:47.679 14408-14446 FA                      com.cdccreditsmart.app               I  Application backgrounded at: timestamp_millis: 1764843105677
2025-12-04 07:12:00.198 14408-14408 ImeTracker              com.cdccreditsmart.app               I  com.cdccreditsmart.app:67ac5a37: onCancelled at PHASE_CLIENT_ALREADY_HIDDEN
2025-12-04 07:12:01.475 14408-14408 SettingsGuardService    com.cdccreditsmart.app               I  â¸ï¸ Guard PAUSADO para fluxo de permissÃµes
2025-12-04 07:12:02.587 14408-14455 HWUI                    com.cdccreditsmart.app               I  Davey! duration=823ms; Flags=0, FrameTimelineVsyncId=420698, IntendedVsync=14933189289677, Vsync=14933622622993, InputEventId=0, HandleInputStart=14933635018109, AnimationStart=14933635018952, PerformTraversalsStart=14933635214026, DrawStart=14933635250032, FrameDeadline=14933989289645, FrameStartTime=14933634610653, FrameInterval=16666666, WorkloadTarget=16666666, SyncQueued=14933635631024, SyncStart=14933703164724, IssueDrawCommandsStart=14933703267418, SwapBuffers=14933745623050, FrameCompleted=14934080704415, DequeueBufferDuration=254787300, QueueBufferDuration=186315, GpuCompleted=14934077225823, SwapBuffersCompleted=14934080704415, DisplayPresentTime=0, CommandSubmissionCompleted=14933745623050, 
2025-12-04 07:12:03.778 14408-14446 FA                      com.cdccreditsmart.app               I  Application backgrounded at: timestamp_millis: 1764843121777
2025-12-04 07:12:06.746 14408-14408 PermissionGateScreen    com.cdccreditsmart.app               I  âœ… TODAS AS PERMISSÃ•ES CONCEDIDAS! Prosseguindo para o app...
2025-12-04 07:12:06.747 14408-14408 SettingsGuardService    com.cdccreditsmart.app               I  â–¶ï¸ Guard RETOMADO apÃ³s fluxo de permissÃµes
2025-12-04 07:12:07.283 14408-14408 DeviceOwnerCheckVM      com.cdccreditsmart.app               I  ========================================
2025-12-04 07:12:07.283 14408-14408 DeviceOwnerCheckVM      com.cdccreditsmart.app               I  ğŸ” Verificando status de Device Owner...
2025-12-04 07:12:07.800 14408-14408 DeviceOwnerCheckVM      com.cdccreditsmart.app               W  âŒ Dispositivo NÃƒO Ã© Device Owner
2025-12-04 07:12:07.800 14408-14408 DeviceOwnerCheckVM      com.cdccreditsmart.app               W  Dispositivo: Google sdk_gphone64_x86_64 (Android 16)
2025-12-04 07:12:07.800 14408-14408 DeviceOwnerCheckVM      com.cdccreditsmart.app               W  Samsung: false
2025-12-04 07:12:07.800 14408-14408 DeviceOwnerCheckVM      com.cdccreditsmart.app               I  ========================================
2025-12-04 07:12:11.118 14408-14419 HWUI                    com.cdccreditsmart.app               I  Davey! duration=705ms; Flags=0, FrameTimelineVsyncId=423088, IntendedVsync=14941872622663, Vsync=14942305955979, InputEventId=0, HandleInputStart=14942312693802, AnimationStart=14942312694880, PerformTraversalsStart=14942315389404, DrawStart=14942315466099, FrameDeadline=14942439289307, FrameStartTime=14942311846063, FrameInterval=16666666, WorkloadTarget=16666666, SyncQueued=14942315476220, SyncStart=14942315725773, IssueDrawCommandsStart=14942316037123, SwapBuffers=14942534561138, FrameCompleted=14942578478996, DequeueBufferDuration=2427, QueueBufferDuration=320567, GpuCompleted=14942578478996, SwapBuffersCompleted=14942547850831, DisplayPresentTime=0, CommandSubmissionCompleted=14942534561138, 
2025-12-04 07:12:11.168 14408-14408 SettingsGuardService    com.cdccreditsmart.app               I  â–¶ï¸ Guard RETOMADO apÃ³s fluxo de permissÃµes
2025-12-04 07:12:11.261 14408-14408 ImeTracker              com.cdccreditsmart.app               I  com.cdccreditsmart.app:6ba07fef: onCancelled at PHASE_CLIENT_ALREADY_HIDDEN
2025-12-04 07:12:12.881 14408-14408 DeviceOwnerCheckVM      com.cdccreditsmart.app               W  âš ï¸ MODO DEBUG: Pulando verificaÃ§Ã£o de Device Owner
2025-12-04 07:12:12.881 14408-14408 DeviceOwnerCheckVM      com.cdccreditsmart.app               W  âš ï¸ ATENÃ‡ÃƒO: App pode nÃ£o funcionar corretamente sem Device Owner
2025-12-04 07:12:13.034 14408-14449 DeviceUtils             com.cdccreditsmart.app               E  SecurityException reading IMEI - permission denied (Ask Gemini)
                                                                                                    java.lang.SecurityException: getImeiForSlot: The uid 10229 does not meet the requirements to access device identifiers.
                                                                                                    	at android.os.Parcel.createExceptionOrNull(Parcel.java:3340)
                                                                                                    	at android.os.Parcel.createException(Parcel.java:3324)
                                                                                                    	at android.os.Parcel.readException(Parcel.java:3307)
                                                                                                    	at android.os.Parcel.readException(Parcel.java:3249)
                                                                                                    	at com.android.internal.telephony.ITelephony$Stub$Proxy.getImeiForSlot(ITelephony.java:12518)
                                                                                                    	at android.telephony.TelephonyManager.getImei(TelephonyManager.java:2387)
                                                                                                    	at android.telephony.TelephonyManager.getImei(TelephonyManager.java:2342)
                                                                                                    	at com.cdccreditsmart.app.utils.DeviceUtils.getDeviceImei(DeviceUtils.kt:106)
                                                                                                    	at com.cdccreditsmart.app.auth.AuthenticationOrchestrator.attemptAutoConnection(AuthenticationOrchestrator.kt:56)
                                                                                                    	at com.cdccreditsmart.app.auth.AuthenticationOrchestrator.access$attemptAutoConnection(AuthenticationOrchestrator.kt:25)
                                                                                                    	at com.cdccreditsmart.app.auth.AuthenticationOrchestrator$ensureAuthenticated$2.invokeSuspend(AuthenticationOrchestrator.kt:167)
                                                                                                    	at kotlin.coroutines.jvm.internal.BaseContinuationImpl.resumeWith(ContinuationImpl.kt:34)
                                                                                                    	at kotlinx.coroutines.DispatchedTask.run(DispatchedTask.kt:108)
                                                                                                    	at kotlinx.coroutines.internal.LimitedDispatcher$Worker.run(LimitedDispatcher.kt:115)
                                                                                                    	at kotlinx.coroutines.scheduling.TaskImpl.run(Tasks.kt:103)
                                                                                                    	at kotlinx.coroutines.scheduling.CoroutineScheduler.runSafely(CoroutineScheduler.kt:584)
                                                                                                    	at kotlinx.coroutines.scheduling.CoroutineScheduler$Worker.executeTask(CoroutineScheduler.kt:793)
                                                                                                    	at kotlinx.coroutines.scheduling.CoroutineScheduler$Worker.runWorker(CoroutineScheduler.kt:697)
                                                                                                    	at kotlinx.coroutines.scheduling.CoroutineScheduler$Worker.run(CoroutineScheduler.kt:684)
2025-12-04 07:12:13.036 14408-14449 AuthOrchestrator        com.cdccreditsmart.app               W  âš ï¸ IMEI nÃ£o disponÃ­vel (permissÃ£o negada ou emulador)
2025-12-04 07:12:13.091 14408-14449 ContractCodeStorage     com.cdccreditsmart.app               W  No valid contract code found in any location
2025-12-04 07:12:24.977 14408-14449 SettingsGuardService    com.cdccreditsmart.app               W  ğŸš¨ SETTINGS DETECTADO! (count: 2, dangerous: false)
2025-12-04 07:12:24.977 14408-14449 SettingsGuardService    com.cdccreditsmart.app               W     Pacote: com.google.android.apps.nexuslauncher
2025-12-04 07:12:24.977 14408-14449 SettingsGuardService    com.cdccreditsmart.app               W     Modo AGRESSIVO ativado!
2025-12-04 07:12:25.065 14408-14408 SettingsGuardService    com.cdccreditsmart.app               I  âœ… App trazido para foreground
2025-12-04 07:12:25.155 14408-14408 SettingsGuardService    com.cdccreditsmart.app               I  âœ… Overlay FULLSCREEN exibido
2025-12-04 07:12:25.481 14408-14449 SettingsGuardService    com.cdccreditsmart.app               W  ğŸš¨ SETTINGS DETECTADO! (count: 3, dangerous: false)
2025-12-04 07:12:25.481 14408-14449 SettingsGuardService    com.cdccreditsmart.app               W     Pacote: com.google.android.apps.nexuslauncher
2025-12-04 07:12:25.481 14408-14449 SettingsGuardService    com.cdccreditsmart.app               W     Modo AGRESSIVO ativado!
2025-12-04 07:12:25.758 14408-14408 SettingsGuardService    com.cdccreditsmart.app               I  âœ… App trazido para foreground
2025-12-04 07:12:26.220 14408-14408 ImeTracker              com.cdccreditsmart.app               I  com.cdccreditsmart.app:314911a: onCancelled at PHASE_CLIENT_ALREADY_HIDDEN
2025-12-04 07:12:34.813 14408-14408 SettingsGuardService    com.cdccreditsmart.app               I  âœ… App trazido para foreground
2025-12-04 07:12:36.681 14408-14449 SettingsGuardService    com.cdccreditsmart.app               W  ğŸš¨ SETTINGS DETECTADO! (count: 4, dangerous: false)
2025-12-04 07:12:36.681 14408-14449 SettingsGuardService    com.cdccreditsmart.app               W     Pacote: com.google.android.apps.nexuslauncher
2025-12-04 07:12:36.681 14408-14449 SettingsGuardService    com.cdccreditsmart.app               W     Modo AGRESSIVO ativado!
2025-12-04 07:12:36.694 14408-14408 SettingsGuardService    com.cdccreditsmart.app               I  âœ… App trazido para foreground
2025-12-04 07:12:36.715 14408-14408 SettingsGuardService    com.cdccreditsmart.app               I  âœ… Overlay FULLSCREEN exibido
2025-12-04 07:12:37.101 14408-14449 SettingsGuardService    com.cdccreditsmart.app               W  ğŸš¨ SETTINGS DETECTADO! (count: 5, dangerous: false)
2025-12-04 07:12:37.101 14408-14449 SettingsGuardService    com.cdccreditsmart.app               W     Pacote: com.google.android.apps.nexuslauncher
2025-12-04 07:12:37.101 14408-14449 SettingsGuardService    com.cdccreditsmart.app               W     Modo AGRESSIVO ativado!
2025-12-04 07:12:37.282 14408-14408 SettingsGuardService    com.cdccreditsmart.app               I  âœ… App trazido para foreground
2025-12-04 07:12:37.687 14408-14449 SettingsGuardService    com.cdccreditsmart.app               W  ğŸš¨ SETTINGS DETECTADO! (count: 6, dangerous: false)
2025-12-04 07:12:37.687 14408-14449 SettingsGuardService    com.cdccreditsmart.app               W     Pacote: com.google.android.apps.nexuslauncher
2025-12-04 07:12:37.687 14408-14449 SettingsGuardService    com.cdccreditsmart.app               W     Modo AGRESSIVO ativado!
2025-12-04 07:12:37.692 14408-14408 SettingsGuardService    com.cdccreditsmart.app               I  âœ… App trazido para foreground
2025-12-04 07:12:38.099 14408-14449 SettingsGuardService    com.cdccreditsmart.app               W  ğŸš¨ SETTINGS DETECTADO! (count: 7, dangerous: false)
2025-12-04 07:12:38.099 14408-14449 SettingsGuardService    com.cdccreditsmart.app               W     Pacote: com.google.android.apps.nexuslauncher
2025-12-04 07:12:38.099 14408-14449 SettingsGuardService    com.cdccreditsmart.app               W     Modo AGRESSIVO ativado!
2025-12-04 07:12:38.249 14408-14408 SettingsGuardService    com.cdccreditsmart.app               I  âœ… App trazido para foreground
2025-12-04 07:12:39.101 14408-14449 SettingsGuardService    com.cdccreditsmart.app               W  ğŸš¨ SETTINGS DETECTADO! (count: 8, dangerous: false)
2025-12-04 07:12:39.101 14408-14449 SettingsGuardService    com.cdccreditsmart.app               W     Pacote: com.google.android.apps.nexuslauncher
2025-12-04 07:12:39.102 14408-14449 SettingsGuardService    com.cdccreditsmart.app               W     Modo AGRESSIVO ativado!
2025-12-04 07:12:39.112 14408-14408 SettingsGuardService    com.cdccreditsmart.app               I  âœ… App trazido para foreground
2025-12-04 07:12:39.521 14408-14449 SettingsGuardService    com.cdccreditsmart.app               W  ğŸš¨ SETTINGS DETECTADO! (count: 9, dangerous: false)
2025-12-04 07:12:39.521 14408-14449 SettingsGuardService    com.cdccreditsmart.app               W     Pacote: com.google.android.apps.nexuslauncher
2025-12-04 07:12:39.521 14408-14449 SettingsGuardService    com.cdccreditsmart.app               W     Modo AGRESSIVO ativado!
2025-12-04 07:12:39.526 14408-14408 SettingsGuardService    com.cdccreditsmart.app               I  âœ… App trazido para foreground
2025-12-04 07:12:39.937 14408-14449 SettingsGuardService    com.cdccreditsmart.app               W  ğŸš¨ SETTINGS DETECTADO! (count: 10, dangerous: false)
2025-12-04 07:12:39.937 14408-14449 SettingsGuardService    com.cdccreditsmart.app               W     Pacote: com.google.android.apps.nexuslauncher
2025-12-04 07:12:39.937 14408-14449 SettingsGuardService    com.cdccreditsmart.app               W     Modo AGRESSIVO ativado!
2025-12-04 07:12:39.948 14408-14408 SettingsGuardService    com.cdccreditsmart.app               I  âœ… App trazido para foreground
2025-12-04 07:12:40.353 14408-14449 SettingsGuardService    com.cdccreditsmart.app               W  ğŸš¨ SETTINGS DETECTADO! (count: 11, dangerous: false)
2025-12-04 07:12:40.354 14408-14449 SettingsGuardService    com.cdccreditsmart.app               W     Pacote: com.google.android.apps.nexuslauncher
2025-12-04 07:12:40.354 14408-14449 SettingsGuardService    com.cdccreditsmart.app               W     Modo AGRESSIVO ativado!
2025-12-04 07:12:40.363 14408-14408 SettingsGuardService    com.cdccreditsmart.app               I  âœ… App trazido para foreground
2025-12-04 07:12:40.770 14408-14449 SettingsGuardService    com.cdccreditsmart.app               W  ğŸš¨ SETTINGS DETECTADO! (count: 12, dangerous: false)
2025-12-04 07:12:40.770 14408-14449 SettingsGuardService    com.cdccreditsmart.app               W     Pacote: com.google.android.apps.nexuslauncher
2025-12-04 07:12:40.770 14408-14449 SettingsGuardService    com.cdccreditsmart.app               W     Modo AGRESSIVO ativado!
2025-12-04 07:12:40.777 14408-14408 SettingsGuardService    com.cdccreditsmart.app               I  âœ… App trazido para foreground
2025-12-04 07:12:41.586 14408-14449 SettingsGuardService    com.cdccreditsmart.app               W  ğŸš¨ SETTINGS DETECTADO! (count: 13, dangerous: false)
2025-12-04 07:12:41.586 14408-14449 SettingsGuardService    com.cdccreditsmart.app               W     Pacote: com.google.android.apps.nexuslauncher
2025-12-04 07:12:41.586 14408-14449 SettingsGuardService    com.cdccreditsmart.app               W     Modo AGRESSIVO ativado!
2025-12-04 07:12:41.595 14408-14408 SettingsGuardService    com.cdccreditsmart.app               I  âœ… App trazido para foreground
2025-12-04 07:12:42.000 14408-14449 SettingsGuardService    com.cdccreditsmart.app               W  ğŸš¨ SETTINGS DETECTADO! (count: 14, dangerous: false)
2025-12-04 07:12:42.000 14408-14449 SettingsGuardService    com.cdccreditsmart.app               W     Pacote: com.google.android.apps.nexuslauncher
2025-12-04 07:12:42.000 14408-14449 SettingsGuardService    com.cdccreditsmart.app               W     Modo AGRESSIVO ativado!
2025-12-04 07:12:42.006 14408-14408 SettingsGuardService    com.cdccreditsmart.app               I  âœ… App trazido para foreground
2025-12-04 07:12:42.436 14408-14449 SettingsGuardService    com.cdccreditsmart.app               W  ğŸš¨ SETTINGS DETECTADO! (count: 15, dangerous: false)
2025-12-04 07:12:42.436 14408-14449 SettingsGuardService    com.cdccreditsmart.app               W     Pacote: com.google.android.apps.nexuslauncher
2025-12-04 07:12:42.436 14408-14449 SettingsGuardService    com.cdccreditsmart.app               W     Modo AGRESSIVO ativado!
2025-12-04 07:12:42.442 14408-14408 SettingsGuardService    com.cdccreditsmart.app               I  âœ… App trazido para foreground
2025-12-04 07:12:42.867 14408-14449 SettingsGuardService    com.cdccreditsmart.app               W  ğŸš¨ SETTINGS DETECTADO! (count: 16, dangerous: false)
2025-12-04 07:12:42.867 14408-14449 SettingsGuardService    com.cdccreditsmart.app               W     Pacote: com.google.android.apps.nexuslauncher
2025-12-04 07:12:42.867 14408-14449 SettingsGuardService    com.cdccreditsmart.app               W     Modo AGRESSIVO ativado!
2025-12-04 07:12:42.873 14408-14408 SettingsGuardService    com.cdccreditsmart.app               I  âœ… App trazido para foreground
2025-12-04 07:12:43.277 14408-14449 SettingsGuardService    com.cdccreditsmart.app               W  ğŸš¨ SETTINGS DETECTADO! (count: 17, dangerous: false)
2025-12-04 07:12:43.277 14408-14449 SettingsGuardService    com.cdccreditsmart.app               W     Pacote: com.google.android.apps.nexuslauncher
2025-12-04 07:12:43.277 14408-14449 SettingsGuardService    com.cdccreditsmart.app               W     Modo AGRESSIVO ativado!
2025-12-04 07:12:43.281 14408-14408 SettingsGuardService    com.cdccreditsmart.app               I  âœ… App trazido para foreground
2025-12-04 07:12:53.389 14408-14449 SettingsGuardService    com.cdccreditsmart.app               W  ğŸš¨ SETTINGS DETECTADO! (count: 18, dangerous: false)
2025-12-04 07:12:53.389 14408-14449 SettingsGuardService    com.cdccreditsmart.app               W     Pacote: com.google.android.apps.nexuslauncher
2025-12-04 07:12:53.390 14408-14449 SettingsGuardService    com.cdccreditsmart.app               W     Modo AGRESSIVO ativado!
2025-12-04 07:12:53.403 14408-14408 SettingsGuardService    com.cdccreditsmart.app               I  âœ… App trazido para foreground
2025-12-04 07:12:53.814 14408-14449 SettingsGuardService    com.cdccreditsmart.app               W  ğŸš¨ SETTINGS DETECTADO! (count: 19, dangerous: false)
2025-12-04 07:12:53.814 14408-14449 SettingsGuardService    com.cdccreditsmart.app               W     Pacote: com.google.android.apps.nexuslauncher
2025-12-04 07:12:53.814 14408-14449 SettingsGuardService    com.cdccreditsmart.app               W     Modo AGRESSIVO ativado!
2025-12-04 07:12:53.819 14408-14408 SettingsGuardService    com.cdccreditsmart.app               I  âœ… App trazido para foreground
2025-12-04 07:12:54.222 14408-14449 SettingsGuardService    com.cdccreditsmart.app               W  ğŸš¨ SETTINGS DETECTADO! (count: 20, dangerous: false)
2025-12-04 07:12:54.222 14408-14449 SettingsGuardService    com.cdccreditsmart.app               W     Pacote: com.google.android.apps.nexuslauncher
2025-12-04 07:12:54.222 14408-14449 SettingsGuardService    com.cdccreditsmart.app               W     Modo AGRESSIVO ativado!
2025-12-04 07:12:54.226 14408-14408 SettingsGuardService    com.cdccreditsmart.app               I  âœ… App trazido para foreground
2025-12-04 07:12:54.634 14408-14449 SettingsGuardService    com.cdccreditsmart.app               W  ğŸš¨ SETTINGS DETECTADO! (count: 21, dangerous: false)
2025-12-04 07:12:54.634 14408-14449 SettingsGuardService    com.cdccreditsmart.app               W     Pacote: com.google.android.apps.nexuslauncher
2025-12-04 07:12:54.634 14408-14449 SettingsGuardService    com.cdccreditsmart.app               W     Modo AGRESSIVO ativado!
2025-12-04 07:12:54.639 14408-14408 SettingsGuardService    com.cdccreditsmart.app               I  âœ… App trazido para foreground
2025-12-04 07:12:55.049 14408-14449 SettingsGuardService    com.cdccreditsmart.app               W  ğŸš¨ SETTINGS DETECTADO! (count: 22, dangerous: false)
2025-12-04 07:12:55.049 14408-14449 SettingsGuardService    com.cdccreditsmart.app               W     Pacote: com.google.android.apps.nexuslauncher
2025-12-04 07:12:55.049 14408-14449 SettingsGuardService    com.cdccreditsmart.app               W     Modo AGRESSIVO ativado!
2025-12-04 07:12:55.056 14408-14408 SettingsGuardService    com.cdccreditsmart.app               I  âœ… App trazido para foreground
2025-12-04 07:12:55.474 14408-14449 SettingsGuardService    com.cdccreditsmart.app               W  ğŸš¨ SETTINGS DETECTADO! (count: 23, dangerous: false)
2025-12-04 07:12:55.476 14408-14449 SettingsGuardService    com.cdccreditsmart.app               W     Pacote: com.android.settings
2025-12-04 07:12:55.476 14408-14449 SettingsGuardService    com.cdccreditsmart.app               W     Modo AGRESSIVO ativado!
2025-12-04 07:12:55.487 14408-14408 SettingsGuardService    com.cdccreditsmart.app               I  âœ… App trazido para foreground
2025-12-04 07:12:55.896 14408-14449 SettingsGuardService    com.cdccreditsmart.app               W  ğŸš¨ SETTINGS DETECTADO! (count: 24, dangerous: false)
2025-12-04 07:12:55.896 14408-14449 SettingsGuardService    com.cdccreditsmart.app               W     Pacote: com.android.settings
2025-12-04 07:12:55.896 14408-14449 SettingsGuardService    com.cdccreditsmart.app               W     Modo AGRESSIVO ativado!
2025-12-04 07:12:56.118 14408-14408 SettingsGuardService    com.cdccreditsmart.app               I  âœ… App trazido para foreground
2025-12-04 07:12:56.537 14408-14449 SettingsGuardService    com.cdccreditsmart.app               W  ğŸš¨ SETTINGS DETECTADO! (count: 25, dangerous: false)
2025-12-04 07:12:56.537 14408-14449 SettingsGuardService    com.cdccreditsmart.app               W     Pacote: com.google.android.apps.nexuslauncher
2025-12-04 07:12:56.537 14408-14449 SettingsGuardService    com.cdccreditsmart.app               W     Modo AGRESSIVO ativado!
2025-12-04 07:12:56.546 14408-14408 SettingsGuardService    com.cdccreditsmart.app               I  âœ… App trazido para foreground
2025-12-04 07:12:56.959 14408-14449 SettingsGuardService    com.cdccreditsmart.app               I  âœ… App CDC em foreground - resetando contador
2025-12-04 07:12:57.190 14408-14408 ImeTracker              com.cdccreditsmart.app               I  com.cdccreditsmart.app:2f320304: onCancelled at PHASE_CLIENT_ALREADY_HIDDEN
2025-12-04 07:12:58.180 14408-14449 SettingsGuardService    com.cdccreditsmart.app               W  ğŸš¨ SETTINGS DETECTADO! (count: 2, dangerous: false)
2025-12-04 07:12:58.180 14408-14449 SettingsGuardService    com.cdccreditsmart.app               W     Pacote: com.google.android.apps.nexuslauncher
2025-12-04 07:12:58.180 14408-14449 SettingsGuardService    com.cdccreditsmart.app               W     Modo AGRESSIVO ativado!
2025-12-04 07:12:58.197 14408-14408 SettingsGuardService    com.cdccreditsmart.app               I  âœ… App trazido para foreground
2025-12-04 07:12:58.211 14408-14408 SettingsGuardService    com.cdccreditsmart.app               I  âœ… Overlay FULLSCREEN exibido
2025-12-04 07:12:58.603 14408-14449 SettingsGuardService    com.cdccreditsmart.app               I  âœ… App CDC em foreground - resetando contador
2025-12-04 07:12:59.273 14408-14449 MainActivity            com.cdccreditsmart.app               I  ğŸ†• Device nunca foi provisionado
2025-12-04 07:12:59.276 14408-14408 MainActivity            com.cdccreditsmart.app               I  ========================================
2025-12-04 07:12:59.276 14408-14408 MainActivity            com.cdccreditsmart.app               I  ğŸ“± SOLICITANDO PERMISSÃ•ES (NÃƒO DEVICE OWNER)
2025-12-04 07:12:59.276 14408-14408 MainActivity            com.cdccreditsmart.app               I  ========================================
2025-12-04 07:12:59.277 14408-14408 MainActivity            com.cdccreditsmart.app               I  âœ… Todas as runtime permissions jÃ¡ foram concedidas!
2025-12-04 07:12:59.277 14408-14408 SpecialPermissionReq    com.cdccreditsmart.app               I  ========================================
2025-12-04 07:12:59.277 14408-14408 SpecialPermissionReq    com.cdccreditsmart.app               I  ğŸ“Š STATUS DAS PERMISSÃ•ES ESPECIAIS
2025-12-04 07:12:59.277 14408-14408 SpecialPermissionReq    com.cdccreditsmart.app               I  ========================================
2025-12-04 07:12:59.277 14408-14408 SpecialPermissionReq    com.cdccreditsmart.app               I    USAGE_STATS: âœ… CONCEDIDA
2025-12-04 07:12:59.277 14408-14408 SpecialPermissionReq    com.cdccreditsmart.app               I    OVERLAY: âœ… CONCEDIDA
2025-12-04 07:12:59.278 14408-14408 SpecialPermissionReq    com.cdccreditsmart.app               I  
2025-12-04 07:12:59.278 14408-14408 SpecialPermissionReq    com.cdccreditsmart.app               I  âœ… Todas as permissÃµes especiais concedidas!
2025-12-04 07:12:59.278 14408-14408 SpecialPermissionReq    com.cdccreditsmart.app               I     ProteÃ§Ã£o anti-desinstalaÃ§Ã£o ativa.
2025-12-04 07:12:59.278 14408-14408 SpecialPermissionReq    com.cdccreditsmart.app               I  ========================================
2025-12-04 07:12:59.278 14408-14408 MainActivity            com.cdccreditsmart.app               I  âœ… Todas as permissÃµes especiais jÃ¡ foram concedidas!
2025-12-04 07:13:00.409 14408-14408 PermissionGateScreen    com.cdccreditsmart.app               I  ========================================
2025-12-04 07:13:00.409 14408-14408 PermissionGateScreen    com.cdccreditsmart.app               I  ğŸšª PERMISSION GATE SCREEN INICIADO
2025-12-04 07:13:00.409 14408-14408 PermissionGateScreen    com.cdccreditsmart.app               I  ========================================
2025-12-04 07:13:00.409 14408-14408 PermissionGateScreen    com.cdccreditsmart.app               I  NÃ­vel de privilÃ©gio: DEVICE_ADMIN
2025-12-04 07:13:00.409 14408-14408 PermissionGateScreen    com.cdccreditsmart.app               I  PermissÃµes concedidas: 4
2025-12-04 07:13:00.409 14408-14408 PermissionGateScreen    com.cdccreditsmart.app               I  PermissÃµes faltando: 0
2025-12-04 07:13:00.409 14408-14408 PermissionGateScreen    com.cdccreditsmart.app               I    âœ… Administrador do Dispositivo
2025-12-04 07:13:00.409 14408-14408 PermissionGateScreen    com.cdccreditsmart.app               I    âœ… PermissÃµes do Sistema
2025-12-04 07:13:00.411 14408-14408 PermissionGateScreen    com.cdccreditsmart.app               I    âœ… Acesso ao Uso de Apps
2025-12-04 07:13:00.411 14408-14408 PermissionGateScreen    com.cdccreditsmart.app               I    âœ… Exibir sobre outros apps
2025-12-04 07:13:00.411 14408-14408 PermissionGateScreen    com.cdccreditsmart.app               I  ========================================
2025-12-04 07:13:00.417 14408-14408 Choreographer           com.cdccreditsmart.app               I  Skipped 60 frames!  The application may be doing too much work on its main thread.
2025-12-04 07:13:00.611 14408-14454 HWUI                    com.cdccreditsmart.app               I  Davey! duration=1142ms; Flags=0, FrameTimelineVsyncId=432780, IntendedVsync=14990922620701, Vsync=14991922620661, InputEventId=0, HandleInputStart=14991939355610, AnimationStart=14991939356756, PerformTraversalsStart=14991953978443, DrawStart=14991957666939, FrameDeadline=14991405954015, FrameStartTime=14991937883873, FrameInterval=16666666, WorkloadTarget=16666666, SyncQueued=14991957691554, SyncStart=14991986037590, IssueDrawCommandsStart=14991986122970, SwapBuffers=14991986756638, FrameCompleted=14992093641360, DequeueBufferDuration=3770, QueueBufferDuration=403040, GpuCompleted=14992093641360, SwapBuffersCompleted=14992020175689, DisplayPresentTime=0, CommandSubmissionCompleted=14991986756638, 
2025-12-04 07:13:00.628 14408-14408 WindowOnBackDispatcher  com.cdccreditsmart.app               W  sendCancelIfRunning: isInProgress=false callback=android.app.Activity$$ExternalSyntheticLambda0@4468082
2025-12-04 07:13:01.041 14408-14451 SettingsGuardService    com.cdccreditsmart.app               W  ğŸš¨ SETTINGS DETECTADO! (count: 2, dangerous: false)
2025-12-04 07:13:01.041 14408-14451 SettingsGuardService    com.cdccreditsmart.app               W     Pacote: com.google.android.apps.nexuslauncher
2025-12-04 07:13:01.041 14408-14451 SettingsGuardService    com.cdccreditsmart.app               W     Modo AGRESSIVO ativado!
2025-12-04 07:13:01.050 14408-14408 SettingsGuardService    com.cdccreditsmart.app               I  âœ… App trazido para foreground
2025-12-04 07:13:01.060 14408-14408 SettingsGuardService    com.cdccreditsmart.app               I  âœ… Overlay FULLSCREEN exibido
2025-12-04 07:13:01.414 14408-14408 PermissionGateScreen    com.cdccreditsmart.app               I  âœ… TODAS AS PERMISSÃ•ES CONCEDIDAS! Prosseguindo para o app...
2025-12-04 07:13:01.414 14408-14408 SettingsGuardService    com.cdccreditsmart.app               I  â–¶ï¸ Guard RETOMADO apÃ³s fluxo de permissÃµes
2025-12-04 07:13:01.456 14408-14451 SettingsGuardService    com.cdccreditsmart.app               W  ğŸš¨ SETTINGS DETECTADO! (count: 3, dangerous: false)
2025-12-04 07:13:01.456 14408-14451 SettingsGuardService    com.cdccreditsmart.app               W     Pacote: com.google.android.apps.nexuslauncher
2025-12-04 07:13:01.456 14408-14451 SettingsGuardService    com.cdccreditsmart.app               W     Modo AGRESSIVO ativado!
2025-12-04 07:13:01.461 14408-14408 SettingsGuardService    com.cdccreditsmart.app               I  âœ… App trazido para foreground
2025-12-04 07:13:01.867 14408-14451 SettingsGuardService    com.cdccreditsmart.app               I  âœ… App CDC em foreground - resetando contador
2025-12-04 07:13:02.350 14408-14408 DeviceOwnerCheckVM      com.cdccreditsmart.app               I  ========================================
2025-12-04 07:13:02.350 14408-14408 DeviceOwnerCheckVM      com.cdccreditsmart.app               I  ğŸ” Verificando status de Device Owner...
2025-12-04 07:13:02.376 14408-14408 ImeTracker              com.cdccreditsmart.app               I  com.cdccreditsmart.app:3e0df542: onCancelled at PHASE_CLIENT_ALREADY_HIDDEN
2025-12-04 07:13:02.844 14408-14454 HWUI                    com.cdccreditsmart.app               I  Davey! duration=761ms; Flags=0, FrameTimelineVsyncId=434233, IntendedVsync=14993522620597, Vsync=14993855953917, InputEventId=0, HandleInputStart=14993861406129, AnimationStart=14993861407188, PerformTraversalsStart=14993881541213, DrawStart=14993881582927, FrameDeadline=14993889287249, FrameStartTime=14993859876690, FrameInterval=16666666, WorkloadTarget=16666666, SyncQueued=14993889837784, SyncStart=14993890117785, IssueDrawCommandsStart=14993890641510, SwapBuffers=14993956667681, FrameCompleted=14994284376604, DequeueBufferDuration=3101, QueueBufferDuration=283843, GpuCompleted=14994284376604, SwapBuffersCompleted=14994036956223, DisplayPresentTime=0, CommandSubmissionCompleted=14993956667681, 
2025-12-04 07:13:02.903 14408-14408 DeviceOwnerCheckVM      com.cdccreditsmart.app               W  âŒ Dispositivo NÃƒO Ã© Device Owner
2025-12-04 07:13:02.903 14408-14408 DeviceOwnerCheckVM      com.cdccreditsmart.app               W  Dispositivo: Google sdk_gphone64_x86_64 (Android 16)
2025-12-04 07:13:02.903 14408-14408 DeviceOwnerCheckVM      com.cdccreditsmart.app               W  Samsung: false
2025-12-04 07:13:02.903 14408-14408 DeviceOwnerCheckVM      com.cdccreditsmart.app               I  ========================================
2025-12-04 07:13:03.133 14408-14408 SettingsGuardService    com.cdccreditsmart.app               I  â–¶ï¸ Guard RETOMADO apÃ³s fluxo de permissÃµes
2025-12-04 07:13:05.149 14408-14408 DeviceOwnerCheckVM      com.cdccreditsmart.app               W  âš ï¸ MODO DEBUG: Pulando verificaÃ§Ã£o de Device Owner
2025-12-04 07:13:05.149 14408-14408 DeviceOwnerCheckVM      com.cdccreditsmart.app               W  âš ï¸ ATENÃ‡ÃƒO: App pode nÃ£o funcionar corretamente sem Device Owner
2025-12-04 07:13:05.309 14408-14451 DeviceUtils             com.cdccreditsmart.app               E  SecurityException reading IMEI - permission denied (Ask Gemini)
                                                                                                    java.lang.SecurityException: getImeiForSlot: The uid 10229 does not meet the requirements to access device identifiers.
                                                                                                    	at android.os.Parcel.createExceptionOrNull(Parcel.java:3340)
                                                                                                    	at android.os.Parcel.createException(Parcel.java:3324)
                                                                                                    	at android.os.Parcel.readException(Parcel.java:3307)
                                                                                                    	at android.os.Parcel.readException(Parcel.java:3249)
                                                                                                    	at com.android.internal.telephony.ITelephony$Stub$Proxy.getImeiForSlot(ITelephony.java:12518)
                                                                                                    	at android.telephony.TelephonyManager.getImei(TelephonyManager.java:2387)
                                                                                                    	at android.telephony.TelephonyManager.getImei(TelephonyManager.java:2342)
                                                                                                    	at com.cdccreditsmart.app.utils.DeviceUtils.getDeviceImei(DeviceUtils.kt:106)
                                                                                                    	at com.cdccreditsmart.app.auth.AuthenticationOrchestrator.attemptAutoConnection(AuthenticationOrchestrator.kt:56)
                                                                                                    	at com.cdccreditsmart.app.auth.AuthenticationOrchestrator.access$attemptAutoConnection(AuthenticationOrchestrator.kt:25)
                                                                                                    	at com.cdccreditsmart.app.auth.AuthenticationOrchestrator$ensureAuthenticated$2.invokeSuspend(AuthenticationOrchestrator.kt:167)
                                                                                                    	at kotlin.coroutines.jvm.internal.BaseContinuationImpl.resumeWith(ContinuationImpl.kt:34)
                                                                                                    	at kotlinx.coroutines.DispatchedTask.run(DispatchedTask.kt:108)
                                                                                                    	at kotlinx.coroutines.internal.LimitedDispatcher$Worker.run(LimitedDispatcher.kt:115)
                                                                                                    	at kotlinx.coroutines.scheduling.TaskImpl.run(Tasks.kt:103)
                                                                                                    	at kotlinx.coroutines.scheduling.CoroutineScheduler.runSafely(CoroutineScheduler.kt:584)
                                                                                                    	at kotlinx.coroutines.scheduling.CoroutineScheduler$Worker.executeTask(CoroutineScheduler.kt:793)
                                                                                                    	at kotlinx.coroutines.scheduling.CoroutineScheduler$Worker.runWorker(CoroutineScheduler.kt:697)
                                                                                                    	at kotlinx.coroutines.scheduling.CoroutineScheduler$Worker.run(CoroutineScheduler.kt:684)
2025-12-04 07:13:05.309 14408-14451 AuthOrchestrator        com.cdccreditsmart.app               W  âš ï¸ IMEI nÃ£o disponÃ­vel (permissÃ£o negada ou emulador)
