---------------------------- PROCESS STARTED (26748) for package com.cdccreditsmart.app ----------------------------
2026-01-27 18:36:41.806 26748-26748 Compatibil...geReporter com.cdccreditsmart.app               D  Compat change id reported: 242716250; UID 10267; state: ENABLED
2026-01-27 18:36:41.870 26748-26748 ziparchive              com.cdccreditsmart.app               W  Unable to open '/data/app/~~y5Ug8_1IZogkHjr2ihkBPw==/com.cdccreditsmart.app-YpXe1K_ojCjHAkbanIT2xg==/base.dm': No such file or directory
2026-01-27 18:36:41.870 26748-26748 ziparchive              com.cdccreditsmart.app               W  Unable to open '/data/app/~~y5Ug8_1IZogkHjr2ihkBPw==/com.cdccreditsmart.app-YpXe1K_ojCjHAkbanIT2xg==/base.dm': No such file or directory
2026-01-27 18:36:42.422 26748-26748 nativeloader            com.cdccreditsmart.app               D  Configuring clns-4 for other apk /data/app/~~y5Ug8_1IZogkHjr2ihkBPw==/com.cdccreditsmart.app-YpXe1K_ojCjHAkbanIT2xg==/base.apk. target_sdk_version=35, uses_libraries=, library_path=/data/app/~~y5Ug8_1IZogkHjr2ihkBPw==/com.cdccreditsmart.app-YpXe1K_ojCjHAkbanIT2xg==/lib/arm64:/data/app/~~y5Ug8_1IZogkHjr2ihkBPw==/com.cdccreditsmart.app-YpXe1K_ojCjHAkbanIT2xg==/base.apk!/lib/arm64-v8a, permitted_path=/data:/mnt/expand:/data/user/0/com.cdccreditsmart.app
2026-01-27 18:36:42.423 26748-26748 CheckTime               com.cdccreditsmart.app               W  App running slow: Executing application classloader create took 553ms
2026-01-27 18:36:42.438 26748-26748 GraphicsEnvironment     com.cdccreditsmart.app               V  Currently set values for:
2026-01-27 18:36:42.439 26748-26748 GraphicsEnvironment     com.cdccreditsmart.app               V    angle_gl_driver_selection_pkgs=[]
2026-01-27 18:36:42.439 26748-26748 GraphicsEnvironment     com.cdccreditsmart.app               V    angle_gl_driver_selection_values=[]
2026-01-27 18:36:42.440 26748-26748 GraphicsEnvironment     com.cdccreditsmart.app               V  ANGLE GameManagerService for com.cdccreditsmart.app: false
2026-01-27 18:36:42.440 26748-26748 GraphicsEnvironment     com.cdccreditsmart.app               V  com.cdccreditsmart.app is not listed in per-application setting
2026-01-27 18:36:42.441 26748-26748 GraphicsEnvironment     com.cdccreditsmart.app               V  Neither updatable production driver nor prerelease driver is supported.
2026-01-27 18:36:42.534 26748-26748 Compatibil...geReporter com.cdccreditsmart.app               D  Compat change id reported: 183155436; UID 10267; state: ENABLED
2026-01-27 18:36:42.572 26748-26748 FirebaseApp             com.cdccreditsmart.app               I  Device unlocked: initializing all Firebase APIs for app [DEFAULT]
2026-01-27 18:36:42.617 26748-26748 FirebaseInitProvider    com.cdccreditsmart.app               I  FirebaseApp initialization successful
2026-01-27 18:36:42.667 26748-26748 WM-WrkMgrInitializer    com.cdccreditsmart.app               D  Initializing WorkManager with default configuration.
2026-01-27 18:36:42.818 26748-26748 WM-PackageManagerHelper com.cdccreditsmart.app               D  androidx.work.impl.background.systemjob.SystemJobService enabled
2026-01-27 18:36:42.818 26748-26748 WM-Schedulers           com.cdccreditsmart.app               D  Created SystemJobScheduler and enabled SystemJobService
2026-01-27 18:36:42.827 26748-26845 TrafficStats            com.cdccreditsmart.app               D  tagSocket(103) with statsTag=0x8001, statsUid=-1
2026-01-27 18:36:42.837 26748-26748 CheckTime               com.cdccreditsmart.app               W  App running slow: Executing handleBindApplication : installContentProviders took 332ms
2026-01-27 18:36:42.837 26748-26748 CrashHandler            com.cdccreditsmart.app               I  âœ… Global crash handler instalado
2026-01-27 18:36:42.837 26748-26748 CDCApplication          com.cdccreditsmart.app               I  ğŸš€ CDC Credit Smart Application iniciando...
2026-01-27 18:36:42.882 26748-26748 CDCApplication          com.cdccreditsmart.app               I  ğŸ” PRIORIDADE 0: Concedendo permissÃµes IMEDIATAMENTE...
2026-01-27 18:36:42.882 26748-26748 CDCApplication          com.cdccreditsmart.app               I  ========================================
2026-01-27 18:36:42.882 26748-26748 CDCApplication          com.cdccreditsmart.app               I  ğŸ” Verificando status de Device Owner...
2026-01-27 18:36:42.892 26748-26748 CDCApplication          com.cdccreditsmart.app               I  Device Owner Status: âŒ NÃƒO
2026-01-27 18:36:42.892 26748-26748 CDCApplication          com.cdccreditsmart.app               I  Package Name: com.cdccreditsmart.app
2026-01-27 18:36:42.892 26748-26748 CDCApplication          com.cdccreditsmart.app               E  
2026-01-27 18:36:42.892 26748-26748 CDCApplication          com.cdccreditsmart.app               E  â•”â•â•â•â•â•â•â•â•â•â•â•â•â•â•â•â•â•â•â•â•â•â•â•â•â•â•â•â•â•â•â•â•â•â•â•â•â•â•â•â•â•â•â•â•â•â•â•â•â•â•â•â•â•â•â•â•â•—
2026-01-27 18:36:42.892 26748-26748 CDCApplication          com.cdccreditsmart.app               E  â•‘  âš ï¸  APP NÃƒO ESTÃ PROVISIONADO COMO DEVICE OWNER  âš ï¸   â•‘
2026-01-27 18:36:42.892 26748-26748 CDCApplication          com.cdccreditsmart.app               E  â• â•â•â•â•â•â•â•â•â•â•â•â•â•â•â•â•â•â•â•â•â•â•â•â•â•â•â•â•â•â•â•â•â•â•â•â•â•â•â•â•â•â•â•â•â•â•â•â•â•â•â•â•â•â•â•â•â•£
2026-01-27 18:36:42.892 26748-26748 CDCApplication          com.cdccreditsmart.app               E  â•‘  O app precisa ser provisionado como Device Owner      â•‘
2026-01-27 18:36:42.892 26748-26748 CDCApplication          com.cdccreditsmart.app               E  â•‘  ANTES de poder conceder permissÃµes automaticamente.   â•‘
2026-01-27 18:36:42.892 26748-26748 CDCApplication          com.cdccreditsmart.app               E  â•‘                                                        â•‘
2026-01-27 18:36:42.892 26748-26748 CDCApplication          com.cdccreditsmart.app               E  â•‘  Provisione o dispositivo usando um dos mÃ©todos:       â•‘
2026-01-27 18:36:42.892 26748-26748 CDCApplication          com.cdccreditsmart.app               E  â•‘  1. ADB: adb shell dpm set-device-owner ...           â•‘
2026-01-27 18:36:42.892 26748-26748 CDCApplication          com.cdccreditsmart.app               E  â•‘  2. QR Code durante setup inicial                      â•‘
2026-01-27 18:36:42.892 26748-26748 CDCApplication          com.cdccreditsmart.app               E  â•‘  3. NFC durante setup inicial                          â•‘
2026-01-27 18:36:42.892 26748-26748 CDCApplication          com.cdccreditsmart.app               E  â•‘  4. Samsung Knox Mobile Enrollment                     â•‘
2026-01-27 18:36:42.892 26748-26748 CDCApplication          com.cdccreditsmart.app               E  â•šâ•â•â•â•â•â•â•â•â•â•â•â•â•â•â•â•â•â•â•â•â•â•â•â•â•â•â•â•â•â•â•â•â•â•â•â•â•â•â•â•â•â•â•â•â•â•â•â•â•â•â•â•â•â•â•â•â•
2026-01-27 18:36:42.892 26748-26748 CDCApplication          com.cdccreditsmart.app               E  
2026-01-27 18:36:42.892 26748-26748 CDCApplication          com.cdccreditsmart.app               I  ========================================
2026-01-27 18:36:42.892 26748-26748 CDCApplication          com.cdccreditsmart.app               I  ğŸ›¡ï¸ PRIORIDADE 0: Desabilitando Play Protect...
2026-01-27 18:36:42.896 26748-26748 CDCApplication          com.cdccreditsmart.app               D  App nao e Device Owner - Play Protect nao sera desabilitado
2026-01-27 18:36:42.896 26748-26748 CDCApplication          com.cdccreditsmart.app               I  ğŸš€ PRIORIDADE 1: Iniciando serviÃ§os crÃ­ticos IMEDIATAMENTE...
2026-01-27 18:36:42.897 26748-26748 CDCApplication          com.cdccreditsmart.app               D  â¸ï¸ App nÃ£o Ã© Device Owner - SettingsGuard serÃ¡ iniciado normalmente
2026-01-27 18:36:42.897 26748-26748 CDCApplication          com.cdccreditsmart.app               I  ğŸ”’ Iniciando sistema Keep Alive...
2026-01-27 18:36:42.902 26748-26748 KeepAliveManager        com.cdccreditsmart.app               I  ğŸ”’ ========================================
2026-01-27 18:36:42.902 26748-26748 KeepAliveManager        com.cdccreditsmart.app               I  ğŸ”’ INICIANDO SISTEMA KEEP ALIVE
2026-01-27 18:36:42.902 26748-26748 KeepAliveManager        com.cdccreditsmart.app               I  ğŸ”’ ========================================
2026-01-27 18:36:42.915 26748-26748 KeepAliveManager        com.cdccreditsmart.app               I  âœ… ServiceWatchdogWorker agendado (15min)
2026-01-27 18:36:42.916 26748-26748 Compatibil...geReporter com.cdccreditsmart.app               D  Compat change id reported: 160794467; UID 10267; state: ENABLED
2026-01-27 18:36:42.920 26748-26748 KeepAliveManager        com.cdccreditsmart.app               I  âœ… AlarmManager wakeup agendado (10min)
2026-01-27 18:36:42.924 26748-26748 KeepAliveManager        com.cdccreditsmart.app               I  ğŸ”‹ App NÃƒO Ã© Device Owner - permissÃ£o serÃ¡ solicitada na tela de permissÃµes
2026-01-27 18:36:42.924 26748-26748 KeepAliveManager        com.cdccreditsmart.app               I  ğŸ”’ Sistema Keep Alive ativo
2026-01-27 18:36:42.924 26748-26748 KeepAliveManager        com.cdccreditsmart.app               I  ğŸ”’ - WorkManager: verificaÃ§Ã£o a cada 15min
2026-01-27 18:36:42.925 26748-26748 KeepAliveManager        com.cdccreditsmart.app               I  ğŸ”’ - AlarmManager: wakeup a cada 10min
2026-01-27 18:36:42.925 26748-26748 KeepAliveManager        com.cdccreditsmart.app               I  ğŸ”’ ========================================
2026-01-27 18:36:42.927 26748-26748 CDCApplication          com.cdccreditsmart.app               I  ğŸ“Š Keep Alive Stats:
2026-01-27 18:36:42.927 26748-26748 CDCApplication          com.cdccreditsmart.app               I     - Restarts anteriores: 0
2026-01-27 18:36:42.927 26748-26748 CDCApplication          com.cdccreditsmart.app               I     - OtimizaÃ§Ã£o bateria: SIM (ruim)
2026-01-27 18:36:42.971 26748-26856 Compatibil...geReporter com.cdccreditsmart.app               D  Compat change id reported: 194532703; UID 10267; state: ENABLED
2026-01-27 18:36:42.972 26748-26856 Compatibil...geReporter com.cdccreditsmart.app               D  Compat change id reported: 253665015; UID 10267; state: ENABLED
2026-01-27 18:36:43.145 26748-26830 creditsmart.app         com.cdccreditsmart.app               W  ClassLoaderContext classpath size mismatch. expected=14, found=0 (DLC[];PCL[base.apk*2362749783:base.apk!classes2.dex*2077728071:base.apk!classes3.dex*1470417517:base.apk!classes4.dex*921131364:base.apk!classes5.dex*533800944:base.apk!classes6.dex*2480635451:base.apk!classes7.dex*3035607751:base.apk!classes8.dex*1976413802:base.apk!classes9.dex*2452502054:base.apk!classes10.dex*4246123040:base.apk!classes11.dex*1195442794:base.apk!classes12.dex*3354210108:base.apk!classes13.dex*3966868064:base.apk!classes14.dex*3551114499]{PCL[/system/framework/org.apache.http.legacy.jar*3284119652]#PCL[/system/framework/com.android.media.remotedisplay.jar*2114713713]#PCL[/system/framework/com.android.location.provider.jar*3994156536]#PCL[/system/framework/org.apache.http.legacy.jar*3284119652]} | DLC[];PCL[])
2026-01-27 18:36:43.152 26748-26830 DynamiteModule          com.cdccreditsmart.app               I  Considering local module com.google.android.gms.measurement.dynamite:127 and remote module com.google.android.gms.measurement.dynamite:172
2026-01-27 18:36:43.153 26748-26830 DynamiteModule          com.cdccreditsmart.app               I  Selected remote version of com.google.android.gms.measurement.dynamite, version >= 172
2026-01-27 18:36:43.153 26748-26830 DynamiteModule          com.cdccreditsmart.app               V  Dynamite loader version >= 2, using loadModule2NoCrashUtils
2026-01-27 18:36:43.182 26748-26830 System                  com.cdccreditsmart.app               W  ClassLoader referenced unknown path: 
2026-01-27 18:36:43.184 26748-26830 nativeloader            com.cdccreditsmart.app               D  Configuring clns-5 for other apk . target_sdk_version=36, uses_libraries=, library_path=/data/app/~~5mZ_FTk1A5jlnCNNCtab2w==/com.google.android.gms-lYxjf16gLKKEfmhcNEvaKw==/lib/arm64:/data/app/~~5mZ_FTk1A5jlnCNNCtab2w==/com.google.android.gms-lYxjf16gLKKEfmhcNEvaKw==/base.apk!/lib/arm64-v8a, permitted_path=/data:/mnt/expand:/data/user/0/com.google.android.gms
2026-01-27 18:36:43.210 26748-26830 creditsmart.app         com.cdccreditsmart.app               W  ClassLoaderContext classpath size mismatch. expected=14, found=34 (DLC[];PCL[base.apk*2362749783:base.apk!classes2.dex*2077728071:base.apk!classes3.dex*1470417517:base.apk!classes4.dex*921131364:base.apk!classes5.dex*533800944:base.apk!classes6.dex*2480635451:base.apk!classes7.dex*3035607751:base.apk!classes8.dex*1976413802:base.apk!classes9.dex*2452502054:base.apk!classes10.dex*4246123040:base.apk!classes11.dex*1195442794:base.apk!classes12.dex*3354210108:base.apk!classes13.dex*3966868064:base.apk!classes14.dex*3551114499]{PCL[/system/framework/org.apache.http.legacy.jar*3284119652]#PCL[/system/framework/com.android.media.remotedisplay.jar*2114713713]#PCL[/system/framework/com.android.location.provider.jar*3994156536]#PCL[/system/framework/org.apache.http.legacy.jar*3284119652]} | DLC[];PCL[/data/app/~~y5Ug8_1IZogkHjr2ihkBPw==/com.cdccreditsmart.app-YpXe1K_ojCjHAkbanIT2xg==/base.apk*1362708920:/data/app/~~y5Ug8_1IZogkHjr2ihkBPw==/com.cdccreditsmart.app-YpXe1K_ojCjHAkbanIT2xg==/base.apk!classes2.dex*3411762131:/data/app/~~y5Ug8_1IZogkHjr2ihkBPw==/com.cdccreditsmart.app-YpXe1K_ojCjHAkbanIT2xg==/base.apk!classes3.dex*4068461433:/data/app/~~y5Ug8_1IZogkHjr2ihkBPw==/com.cdccreditsmart.app-YpXe1K_ojCjHAkbanIT2xg==/base.apk!classes4.dex*3508681499:/data/app/~~y5Ug8_1IZogkHjr2ihkBPw==/com.cdccreditsmart.app-YpXe1K_ojCjHAkbanIT2xg==/base.apk!classes5.dex*1758015153:/data/app/~~y5Ug8_1IZogkHjr2ihkBPw==/com.cdccreditsmart.app-YpXe1K_ojCjHAkbanIT2xg==/base.apk!classes6.dex*3274477481:/data/app/~~y5Ug8_1IZogkHjr2ihkBPw==/com.cdccreditsmart.app-YpXe1K_ojCjHAkbanIT2xg==/base.apk!classes7.dex*1804973077:/data/app/~~y5Ug8_1IZogkHjr2ihkBPw==/com.cdccreditsmart.app-YpXe1K_ojCjHAkbanIT2xg==/base.apk!classes8.dex*2363983019:/data/app/~~y5Ug8_1IZogkHjr2ihkBPw==/com.cdccreditsmart.app-YpXe1K_ojCjHAkbanIT2xg==/base.apk!classes9.dex*3611709176:/data/app/~~y5Ug8_1IZogkHjr2ihkBPw==/com.cdccreditsmart.app-YpXe1K_ojCjHAkbanIT2xg==/base.apk!classes10.dex*2652566590:/data/app/~~y5Ug8_1IZogkHjr2ihkBPw==/com.cdccreditsmart.app-YpXe1K_ojCjHAkbanIT2xg==/base.apk!classes11.dex*2522320244:/data/app/~~y5Ug8_1IZogkHjr2ihkBPw==/com.cdccreditsmart.app-YpXe1K_ojCjHAkbanIT2xg==/base.apk!classes12.dex*2451601201:/data/app/~~y5Ug8_1IZogkHjr2ihkBPw==/com.cdccreditsmart.app-YpXe1K_ojCjHAkbanIT2xg==/base.apk!classes13.dex*2417834281:/data/app/~~y5Ug8_1IZogkHjr2ihkBPw==/com.cdccreditsmart.app-YpXe1K_ojCjHAkbanIT2xg==/base.apk!classes14.dex*3386100982:/data/app/~~y5Ug8_1IZogkHjr2ihkBPw==/com.cdccreditsmart.app-YpXe1K_ojCjHAkbanIT2xg==/base.apk!classes15.dex*2312121797:/data/app/~~y5Ug8_1IZogkHjr2ihkBPw==/com.cdccreditsmart.app-YpXe1K_ojCjHAkbanIT2xg==/base.apk!classes16.dex*1734452271:/data/app/~~y5Ug8_1IZogkHjr2ihkBPw==/com.cdccreditsmart.app-YpXe1K_ojCjHAkbanIT2xg==/base.apk!classes17.dex*2837152282:/data/app/~~y5Ug8_1IZogkHjr2ihkBPw==/com.cdccreditsmart.app-YpXe1K_ojCjHAkbanIT2xg==/base.apk!classes18.dex*273230066:/data/app/~~y5Ug8_1IZogkHjr2ihkBPw==/com.cdccreditsmart.app-YpXe1K_ojCjHAkbanIT2xg==/base.apk!classes19.dex*3325529635:/data/app/~~y5Ug8_1IZogkHjr2ihkBPw==/com.cdccreditsmart.app-YpXe1K_ojCjHAkbanIT2xg==/base.apk!classes20.dex*946853887:/data/app/~~y5Ug8_1IZogkHjr2ihkBPw==/com.cdccreditsmart.app-YpXe1K_ojCjHAkbanIT2xg==/base.apk!classes21.dex*3717833656:/data/app/~~y5Ug8_1IZogkHjr2ihkBPw==/com.cdccreditsmart.app-YpXe1K_ojCjHAkbanIT2xg==/base.apk!classes22.dex*537981868:/data/app/~~y5Ug8_1IZogkHjr2ihkBPw==/com.cdccreditsmart.app-YpXe1K_ojCjHAkbanIT2xg==/base.apk!classes23.dex*3775620521:/data/app/~~y5Ug8_1IZogkHjr2ihkBPw==/com.cdccreditsmart.app-YpXe1K_ojCjHAkbanIT2xg==/base.apk!classes24.dex*3138462036:/data/app/~~y5Ug8_1IZogkHjr2ihkBPw==/com.cdccreditsmart.app-YpXe1K_ojCjHAkbanIT2xg==/base.apk!classes25.dex*919391328:/data/app/~~y5Ug8_1IZogkHjr2ihkBPw==/com.cdccreditsmart.app-YpXe1K_ojCjHAkbanIT2xg==/base.apk!classes26.dex*1785080954:/data/app/~~y5Ug8_1IZogkHjr2ihkBPw==/com.cdccreditsmart.app-YpXe1K_ojCjHAkbanIT2xg==/base.apk!classes27.dex*3822722713:/data/app/~~y5Ug8_1IZogkHjr2ihkBPw==/com.cdccreditsmart.app-
2026-01-27 18:36:43.336 26748-26938 creditsmart.app         com.cdccreditsmart.app               W  Accessing hidden method Ldalvik/system/VMStack;->getStackClass2()Ljava/lang/Class; (unsupported, reflection, allowed)
2026-01-27 18:36:43.353 26748-26933 creditsmart.app         com.cdccreditsmart.app               E  No package ID 6a found for resource ID 0x6a0b0013.
2026-01-27 18:36:43.355 26748-26933 FA                      com.cdccreditsmart.app               I  App measurement initialized, version: 148008
2026-01-27 18:36:43.355 26748-26933 FA                      com.cdccreditsmart.app               I  To enable debug logging run: adb shell setprop log.tag.FA VERBOSE
2026-01-27 18:36:43.356 26748-26933 FA                      com.cdccreditsmart.app               I  To enable faster debug mode event logging run:
                                                                                                      adb shell setprop debug.firebase.analytics.app com.cdccreditsmart.app
2026-01-27 18:36:43.402 26748-26748 SecureTokenStorage      com.cdccreditsmart.app               D  EncryptedSharedPreferences initialized successfully
2026-01-27 18:36:43.410 26748-26748 ContractCodeStorage     com.cdccreditsmart.app               D  Retrieving contract code from storage
2026-01-27 18:36:43.643 26748-26933 FA                      com.cdccreditsmart.app               I  Tag Manager is not found and thus will not be used
2026-01-27 18:36:43.757 26748-26748 ContractCodeStorage     com.cdccreditsmart.app               D  Storage verification: 0 valid, 0 tampered, 7 missing
2026-01-27 18:36:43.757 26748-26748 ContractCodeStorage     com.cdccreditsmart.app               W  No valid contract code found in any location
2026-01-27 18:36:43.761 26748-26748 CDCApplication          com.cdccreditsmart.app               I  â¸ï¸ Sem tokens - aguardando pairing para iniciar serviÃ§o MDM
2026-01-27 18:36:43.767 26748-26748 CDCApplication          com.cdccreditsmart.app               I  âœ… ServiÃ§os crÃ­ticos iniciados em menos de 1 segundo!
2026-01-27 18:36:43.768 26748-27010 CDCApplication          com.cdccreditsmart.app               I  ğŸ§¹ ========================================
2026-01-27 18:36:43.768 26748-27010 CDCApplication          com.cdccreditsmart.app               I  ğŸ§¹ LIMPANDO ESTADO DE BLOQUEIO OBSOLETO
2026-01-27 18:36:43.768 26748-27010 CDCApplication          com.cdccreditsmart.app               I  ğŸ§¹ ========================================
2026-01-27 18:36:43.768 26748-27010 CDCApplication          com.cdccreditsmart.app               I  ğŸ§¹ Dispositivo nÃ£o estÃ¡ pareado - bloqueio anterior serÃ¡ removido
2026-01-27 18:36:43.770 26748-27009 CDCApplication          com.cdccreditsmart.app               I  ğŸ”„ PRIORIDADE 2: Iniciando operaÃ§Ãµes pesadas em BACKGROUND...
2026-01-27 18:36:43.770 26748-26748 CheckTime               com.cdccreditsmart.app               W  App running slow: Executing handleBindApplication : callApplicationOnCreate took 933ms
2026-01-27 18:36:43.777 26748-27010 CDCApplication          com.cdccreditsmart.app               I  ğŸ§¹ Estado anterior encontrado:
2026-01-27 18:36:43.777 26748-27010 CDCApplication          com.cdccreditsmart.app               I     NÃ­vel: 0
2026-01-27 18:36:43.777 26748-27010 CDCApplication          com.cdccreditsmart.app               I     Bloqueio manual: false
2026-01-27 18:36:43.777 26748-27010 CDCApplication          com.cdccreditsmart.app               I  ğŸ§¹ Nenhum bloqueio ativo - nada a limpar
2026-01-27 18:36:43.777 26748-27010 CDCApplication          com.cdccreditsmart.app               I  ğŸ§¹ ========================================
2026-01-27 18:36:43.783 26748-27009 AppProtectionManager    com.cdccreditsmart.app               I  
2026-01-27 18:36:43.783 26748-27009 AppProtectionManager    com.cdccreditsmart.app               I  â•”â•â•â•â•â•â•â•â•â•â•â•â•â•â•â•â•â•â•â•â•â•â•â•â•â•â•â•â•â•â•â•â•â•â•â•â•â•â•â•â•â•â•â•â•â•â•â•â•â•â•â•â•â•â•â•â•â•â•â•â•â•â•â•â•â•—
2026-01-27 18:36:43.783 26748-27009 AppProtectionManager    com.cdccreditsmart.app               I  â•‘     ğŸ›¡ï¸ APLICANDO MELHOR PROTEÃ‡ÃƒO DISPONÃVEL                    â•‘
2026-01-27 18:36:43.784 26748-27009 AppProtectionManager    com.cdccreditsmart.app               I  â•‘           CDC CREDIT SMART - PROTEÃ‡ÃƒO EM CAMADAS              â•‘
2026-01-27 18:36:43.784 26748-27009 AppProtectionManager    com.cdccreditsmart.app               I  â•šâ•â•â•â•â•â•â•â•â•â•â•â•â•â•â•â•â•â•â•â•â•â•â•â•â•â•â•â•â•â•â•â•â•â•â•â•â•â•â•â•â•â•â•â•â•â•â•â•â•â•â•â•â•â•â•â•â•â•â•â•â•â•â•â•â•
2026-01-27 18:36:43.784 26748-27009 AppProtectionManager    com.cdccreditsmart.app               I  
2026-01-27 18:36:43.786 26748-27009 AppProtectionManager    com.cdccreditsmart.app               I  ğŸ“‹ STATUS ATUAL:
2026-01-27 18:36:43.787 26748-27009 AppProtectionManager    com.cdccreditsmart.app               I     Device Owner: NÃƒO
2026-01-27 18:36:43.787 26748-27009 AppProtectionManager    com.cdccreditsmart.app               I     Device Admin: NÃƒO
2026-01-27 18:36:43.787 26748-27009 AppProtectionManager    com.cdccreditsmart.app               I  
2026-01-27 18:36:43.787 26748-27009 AppProtectionManager    com.cdccreditsmart.app               W  âš ï¸ NÃVEL: SEM PRIVILÃ‰GIOS
2026-01-27 18:36:43.787 26748-27009 AppProtectionManager    com.cdccreditsmart.app               W     App precisa ser ativado como Device Admin ou Device Owner
2026-01-27 18:36:43.787 26748-27009 AppProtectionManager    com.cdccreditsmart.app               W     para aplicar proteÃ§Ãµes contra desinstalaÃ§Ã£o.
2026-01-27 18:36:43.787 26748-27009 AppProtectionManager    com.cdccreditsmart.app               W  
2026-01-27 18:36:43.787 26748-27009 AppProtectionManager    com.cdccreditsmart.app               I     Iniciando serviÃ§os de persistÃªncia...
2026-01-27 18:36:43.794 26748-27009 AppProtectionManager    com.cdccreditsmart.app               I     âœ… Foreground Service iniciado
2026-01-27 18:36:43.797 26748-27009 AppProtectionManager    com.cdccreditsmart.app               I     âœ… ServiceWatchdog agendado (15 min)
2026-01-27 18:36:43.798 26748-27009 CDCApplication          com.cdccreditsmart.app               I  
2026-01-27 18:36:43.798 26748-27009 CDCApplication          com.cdccreditsmart.app               I  â•”â•â•â•â•â•â•â•â•â•â•â•â•â•â•â•â•â•â•â•â•â•â•â•â•â•â•â•â•â•â•â•â•â•â•â•â•â•â•â•â•â•â•â•â•â•â•â•â•â•â•â•â•â•â•â•â•â•â•â•â•â•—
2026-01-27 18:36:43.798 26748-27009 CDCApplication          com.cdccreditsmart.app               I  â•‘     RESULTADO DA APLICAÃ‡ÃƒO DE PROTEÃ‡Ã•ES                    â•‘
2026-01-27 18:36:43.798 26748-27009 CDCApplication          com.cdccreditsmart.app               I  â•šâ•â•â•â•â•â•â•â•â•â•â•â•â•â•â•â•â•â•â•â•â•â•â•â•â•â•â•â•â•â•â•â•â•â•â•â•â•â•â•â•â•â•â•â•â•â•â•â•â•â•â•â•â•â•â•â•â•â•â•â•â•
2026-01-27 18:36:43.798 26748-27009 CDCApplication          com.cdccreditsmart.app               I     NÃ­vel: NONE
2026-01-27 18:36:43.798 26748-27009 CDCApplication          com.cdccreditsmart.app               I     ProteÃ§Ãµes aplicadas: 0
2026-01-27 18:36:43.798 26748-27009 CDCApplication          com.cdccreditsmart.app               E     Status: SEM PROTEÃ‡ÃƒO
2026-01-27 18:36:43.798 26748-27009 CDCApplication          com.cdccreditsmart.app               E     App precisa ser provisionado como Device Owner
2026-01-27 18:36:43.798 26748-27009 CDCApplication          com.cdccreditsmart.app               E  
2026-01-27 18:36:43.798 26748-27009 CDCApplication          com.cdccreditsmart.app               E     Provisione o dispositivo usando:
2026-01-27 18:36:43.798 26748-27009 CDCApplication          com.cdccreditsmart.app               E     1. QR Code durante setup inicial
2026-01-27 18:36:43.798 26748-27009 CDCApplication          com.cdccreditsmart.app               E     2. ADB: adb shell dpm set-device-owner ...
2026-01-27 18:36:43.798 26748-27009 CDCApplication          com.cdccreditsmart.app               E     3. Samsung Knox Mobile Enrollment
2026-01-27 18:36:43.798 26748-27009 CDCApplication          com.cdccreditsmart.app               I  â•šâ•â•â•â•â•â•â•â•â•â•â•â•â•â•â•â•â•â•â•â•â•â•â•â•â•â•â•â•â•â•â•â•â•â•â•â•â•â•â•â•â•â•â•â•â•â•â•â•â•â•â•â•â•â•â•â•â•â•â•â•â•
2026-01-27 18:36:43.798 26748-27009 CDCApplication          com.cdccreditsmart.app               I  
2026-01-27 18:36:43.801 26748-27009 TamperDetection         com.cdccreditsmart.app               I  ========================================
2026-01-27 18:36:43.801 26748-27009 TamperDetection         com.cdccreditsmart.app               I  ğŸ” VERIFICANDO INTEGRIDADE DO DISPOSITIVO
2026-01-27 18:36:43.801 26748-27009 TamperDetection         com.cdccreditsmart.app               I  ========================================
2026-01-27 18:36:43.810 26748-27009 TamperDetection         com.cdccreditsmart.app               I  âœ… Primeira instalaÃ§Ã£o detectada
2026-01-27 18:36:43.811 26748-27009 TamperDetection         com.cdccreditsmart.app               I     Token e deviceId nÃ£o existem - app nunca foi pareado
2026-01-27 18:36:43.811 26748-27009 TamperDetection         com.cdccreditsmart.app               I  ========================================
2026-01-27 18:36:43.813 26748-27011 CDCApplication          com.cdccreditsmart.app               D  ğŸ‘¤ App nÃ£o Ã© Device Owner - pulando criaÃ§Ã£o de usuÃ¡rio secundÃ¡rio
2026-01-27 18:36:43.854 26748-27009 TamperDetection         com.cdccreditsmart.app               I  âœ… Device fingerprint criado: CDC_8886****
2026-01-27 18:36:43.862 26748-27009 TamperDetection         com.cdccreditsmart.app               I  
2026-01-27 18:36:43.862 26748-27009 TamperDetection         com.cdccreditsmart.app               I  â•”â•â•â•â•â•â•â•â•â•â•â•â•â•â•â•â•â•â•â•â•â•â•â•â•â•â•â•â•â•â•â•â•â•â•â•â•â•â•â•â•â•â•â•â•â•â•â•â•â•â•â•â•â•â•â•â•â•—
2026-01-27 18:36:43.862 26748-27009 TamperDetection         com.cdccreditsmart.app               I  â•‘    ğŸ“¡ BOOT REPORT ADIADO - AGUARDANDO PAREAMENTO      â•‘
2026-01-27 18:36:43.862 26748-27009 TamperDetection         com.cdccreditsmart.app               I  â• â•â•â•â•â•â•â•â•â•â•â•â•â•â•â•â•â•â•â•â•â•â•â•â•â•â•â•â•â•â•â•â•â•â•â•â•â•â•â•â•â•â•â•â•â•â•â•â•â•â•â•â•â•â•â•â•â•£
2026-01-27 18:36:43.862 26748-27009 TamperDetection         com.cdccreditsmart.app               I  â•‘  â³ Device ainda nÃ£o pareado com contrato              â•‘
2026-01-27 18:36:43.862 26748-27009 TamperDetection         com.cdccreditsmart.app               I  â•‘  â³ Boot serÃ¡ reportado apÃ³s autenticaÃ§Ã£o              â•‘
2026-01-27 18:36:43.862 26748-27009 TamperDetection         com.cdccreditsmart.app               I  â•‘  â„¹ï¸  Isso Ã© comportamento NORMAL antes do pareamento   â•‘
2026-01-27 18:36:43.862 26748-27009 TamperDetection         com.cdccreditsmart.app               I  â•šâ•â•â•â•â•â•â•â•â•â•â•â•â•â•â•â•â•â•â•â•â•â•â•â•â•â•â•â•â•â•â•â•â•â•â•â•â•â•â•â•â•â•â•â•â•â•â•â•â•â•â•â•â•â•â•â•â•
2026-01-27 18:36:43.862 26748-27009 TamperDetection         com.cdccreditsmart.app               I  
2026-01-27 18:36:43.863 26748-27009 CDCApplication          com.cdccreditsmart.app               I  âœ… OperaÃ§Ãµes pesadas concluÃ­das em background!
2026-01-27 18:36:43.864 26748-27009 CDCApplication          com.cdccreditsmart.app               I  ğŸ”’ Verificando status do SIM no boot da aplicaÃ§Ã£o...
2026-01-27 18:36:43.866 26748-27009 SimSwapManager          com.cdccreditsmart.app               I  ========================================
2026-01-27 18:36:43.866 26748-27009 SimSwapManager          com.cdccreditsmart.app               I  ğŸ”’ SIM SWAP: Iniciando verificaÃ§Ã£o de status do SIM
2026-01-27 18:36:43.866 26748-27009 SimSwapManager          com.cdccreditsmart.app               I  ========================================
2026-01-27 18:36:43.873 26748-27009 SimSwapDetector         com.cdccreditsmart.app               E  ğŸ”’ SIM SWAP: PermissÃ£o READ_PHONE_STATE NÃƒO CONCEDIDA!
2026-01-27 18:36:43.873 26748-27009 SimSwapManager          com.cdccreditsmart.app               E  ğŸ”’ SIM SWAP: Sem permissÃ£o READ_PHONE_STATE - verificaÃ§Ã£o cancelada
2026-01-27 18:36:43.873 26748-27009 SimSwapManager          com.cdccreditsmart.app               I  ========================================
2026-01-27 18:36:43.874 26748-27009 CDCApplication          com.cdccreditsmart.app               W  âš ï¸ VerificaÃ§Ã£o de SIM swap falhou ou encontrou problemas
2026-01-27 18:36:43.929 26748-26748 MainActivity            com.cdccreditsmart.app               I  âœ… Brilho da tela definido para MÃXIMO
2026-01-27 18:36:43.937 26748-26748 MainActivity            com.cdccreditsmart.app               D  ğŸ“ BroadcastReceiver de localizaÃ§Ã£o registrado
2026-01-27 18:36:43.942 26748-26852 Compatibil...geReporter com.cdccreditsmart.app               D  Compat change id reported: 263076149; UID 10267; state: ENABLED
2026-01-27 18:36:43.964 26748-26748 MainActivity            com.cdccreditsmart.app               I  ========================================
2026-01-27 18:36:43.964 26748-26748 MainActivity            com.cdccreditsmart.app               I  ğŸ“± SOLICITANDO PERMISSÃ•ES (NÃƒO DEVICE OWNER)
2026-01-27 18:36:43.964 26748-26748 MainActivity            com.cdccreditsmart.app               I  ========================================
2026-01-27 18:36:43.995 26748-27009 PersistentStateManager  com.cdccreditsmart.app               D  Nenhum estado local encontrado
2026-01-27 18:36:43.995 26748-27009 PersistentStateManager  com.cdccreditsmart.app               D  ğŸ†• Sem estado local - device novo ou pÃ³s factory reset
2026-01-27 18:36:43.995 26748-27009 MainActivity            com.cdccreditsmart.app               I  ğŸ†• Device nunca foi provisionado
2026-01-27 18:36:43.999 26748-26748 MainActivity            com.cdccreditsmart.app               I  ğŸ“‹ Runtime permissions a solicitar: 9
2026-01-27 18:36:43.999 26748-26748 MainActivity            com.cdccreditsmart.app               D    â€¢ android.permission.READ_PHONE_STATE
2026-01-27 18:36:43.999 26748-26748 MainActivity            com.cdccreditsmart.app               D    â€¢ android.permission.READ_CALL_LOG
2026-01-27 18:36:44.000 26748-26748 MainActivity            com.cdccreditsmart.app               D    â€¢ android.permission.CALL_PHONE
2026-01-27 18:36:44.000 26748-26748 MainActivity            com.cdccreditsmart.app               D    â€¢ android.permission.READ_CONTACTS
2026-01-27 18:36:44.000 26748-26748 MainActivity            com.cdccreditsmart.app               D    â€¢ android.permission.ACCESS_FINE_LOCATION
2026-01-27 18:36:44.000 26748-26748 MainActivity            com.cdccreditsmart.app               D    â€¢ android.permission.ACCESS_COARSE_LOCATION
2026-01-27 18:36:44.000 26748-26748 MainActivity            com.cdccreditsmart.app               D    â€¢ android.permission.ANSWER_PHONE_CALLS
2026-01-27 18:36:44.000 26748-26748 MainActivity            com.cdccreditsmart.app               D    â€¢ android.permission.READ_PHONE_NUMBERS
2026-01-27 18:36:44.000 26748-26748 MainActivity            com.cdccreditsmart.app               D    â€¢ android.permission.POST_NOTIFICATIONS
2026-01-27 18:36:44.000 26748-26748 SettingsGuardService    com.cdccreditsmart.app               I  â¸ï¸ Guard PAUSADO para fluxo de permissÃµes (timeout: 30s)
2026-01-27 18:36:44.044 26748-26748 SpecialPermissionReq    com.cdccreditsmart.app               I  ========================================
2026-01-27 18:36:44.044 26748-26748 SpecialPermissionReq    com.cdccreditsmart.app               I  ğŸ“Š STATUS DAS PERMISSÃ•ES ESPECIAIS
2026-01-27 18:36:44.044 26748-26748 SpecialPermissionReq    com.cdccreditsmart.app               I  ========================================
2026-01-27 18:36:44.049 26748-26748 SpecialPermissionReq    com.cdccreditsmart.app               I    USAGE_STATS: âŒ NÃƒO CONCEDIDA
2026-01-27 18:36:44.052 26748-26748 SpecialPermissionReq    com.cdccreditsmart.app               I    OVERLAY: âŒ NÃƒO CONCEDIDA
2026-01-27 18:36:44.055 26748-26748 SpecialPermissionReq    com.cdccreditsmart.app               I    BATTERY_OPT: âŒ NÃƒO ISENTO
2026-01-27 18:36:44.056 26748-26748 SpecialPermissionReq    com.cdccreditsmart.app               W  
2026-01-27 18:36:44.056 26748-26748 SpecialPermissionReq    com.cdccreditsmart.app               W  âš ï¸ PROTEÃ‡ÃƒO ANTI-DESINSTALAÃ‡ÃƒO COMPROMETIDA!
2026-01-27 18:36:44.056 26748-26748 SpecialPermissionReq    com.cdccreditsmart.app               W     Sem essas permissÃµes, a proteÃ§Ã£o via overlay nÃ£o funciona.
2026-01-27 18:36:44.056 26748-26748 SpecialPermissionReq    com.cdccreditsmart.app               W     O usuÃ¡rio conseguirÃ¡ acessar App Info e desinstalar.
2026-01-27 18:36:44.056 26748-26748 SpecialPermissionReq    com.cdccreditsmart.app               I  ========================================
2026-01-27 18:36:44.060 26748-26748 MainActivity            com.cdccreditsmart.app               W  ========================================
2026-01-27 18:36:44.060 26748-26748 MainActivity            com.cdccreditsmart.app               W  âš ï¸ PERMISSÃ•ES ESPECIAIS NECESSÃRIAS
2026-01-27 18:36:44.060 26748-26748 MainActivity            com.cdccreditsmart.app               W  ========================================
2026-01-27 18:36:44.060 26748-26748 MainActivity            com.cdccreditsmart.app               W  Para proteÃ§Ã£o anti-desinstalaÃ§Ã£o funcionar:
2026-01-27 18:36:44.060 26748-26748 MainActivity            com.cdccreditsmart.app               W    âŒ Acesso ao Uso de Apps
2026-01-27 18:36:44.060 26748-26748 MainActivity            com.cdccreditsmart.app               W       Permite detectar quando vocÃª abre as ConfiguraÃ§Ãµes para aplicar proteÃ§Ã£o
2026-01-27 18:36:44.060 26748-26748 MainActivity            com.cdccreditsmart.app               W    âŒ Exibir sobre outros apps
2026-01-27 18:36:44.060 26748-26748 MainActivity            com.cdccreditsmart.app               W       Permite mostrar avisos de proteÃ§Ã£o sobre outros aplicativos
2026-01-27 18:36:44.061 26748-26748 MainActivity            com.cdccreditsmart.app               W    âŒ ExecuÃ§Ã£o em Segundo Plano
2026-01-27 18:36:44.061 26748-26748 MainActivity            com.cdccreditsmart.app               W       Permite que o app funcione continuamente para manter a proteÃ§Ã£o ativa. Esta Ã© a Ãºnica permissÃ£o que o Android nÃ£o permite conceder automaticamente.
2026-01-27 18:36:44.061 26748-26748 MainActivity            com.cdccreditsmart.app               W  ========================================
2026-01-27 18:36:44.061 26748-26748 MainActivity            com.cdccreditsmart.app               W  O app solicitarÃ¡ essas permissÃµes na prÃ³xima interaÃ§Ã£o
2026-01-27 18:36:44.061 26748-26748 MainActivity            com.cdccreditsmart.app               W  ========================================
2026-01-27 18:36:44.142 26748-26748 Compatibil...geReporter com.cdccreditsmart.app               D  Compat change id reported: 237531167; UID 10267; state: DISABLED
2026-01-27 18:36:44.147 26748-26748 OpenGLRenderer          com.cdccreditsmart.app               W  Unknown dataspace 0
2026-01-27 18:36:44.188 26748-26748 Choreographer           com.cdccreditsmart.app               I  Skipped 80 frames!  The application may be doing too much work on its main thread.
2026-01-27 18:36:46.491 26748-27017 OpenGLRenderer          com.cdccreditsmart.app               E  Unable to match the desired swap behavior.
2026-01-27 18:36:46.588 26748-27296 mali_gralloc            com.cdccreditsmart.app               D  register: id=3350000083c, handle=0xb4000078dc5bcbb0, importpid=-1, gRegisteredHandles=0
2026-01-27 18:36:46.617 26748-27296 mali_gralloc            com.cdccreditsmart.app               D  register: id=3350000083d, handle=0xb4000078dc5bd810, importpid=-1, gRegisteredHandles=1
2026-01-27 18:36:46.629 26748-27296 mali_gralloc            com.cdccreditsmart.app               D  register: id=3350000083e, handle=0xb4000078dc5c0870, importpid=-1, gRegisteredHandles=2
2026-01-27 18:36:46.633 26748-27296 mali_gralloc            com.cdccreditsmart.app               D  register: id=3350000083f, handle=0xb4000078dc5c1ef0, importpid=-1, gRegisteredHandles=3
2026-01-27 18:36:50.607 26748-27301 SurfaceSyncGroup        com.cdccreditsmart.app               E  Failed to receive transaction ready in 4000ms. Marking SurfaceSyncGroup(wmsSync-VRI[MainActivity]#0) as ready
2026-01-27 18:36:50.608 26748-27301 SurfaceSyncGroup        com.cdccreditsmart.app               E  Failed to receive transaction ready in 4000ms. Marking SurfaceSyncGroup(VRI[MainActivity]#1) as ready
2026-01-27 18:36:51.092 26748-26765 OpenGLRenderer          com.cdccreditsmart.app               I  Davey! duration=8226ms; Flags=1, FrameTimelineVsyncId=820613, IntendedVsync=4686822716012, Vsync=4688155025452, InputEventId=0, HandleInputStart=4688169832992, AnimationStart=4688169848915, PerformTraversalsStart=4688170348531, DrawStart=4690582458760, FrameDeadline=4686839382679, FrameInterval=4688165582338, FrameStartTime=16653868, SyncQueued=4690679607029, SyncStart=4690680385990, IssueDrawCommandsStart=4690696290721, SwapBuffers=4695030244833, FrameCompleted=4695049912949, DequeueBufferDuration=19077, QueueBufferDuration=1271154, GpuCompleted=4695047647987, SwapBuffersCompleted=4695049912949, DisplayPresentTime=0, CommandSubmissionCompleted=4695030244833, 
2026-01-27 18:36:51.117 26748-26748 CdcForegroundService    com.cdccreditsmart.app               D  ğŸ“± ServiÃ§o onCreate()
2026-01-27 18:36:51.131 26748-26748 CdcForegroundService    com.cdccreditsmart.app               D  âœ… Canal de notificaÃ§Ã£o criado
2026-01-27 18:36:51.137 26748-26748 CdcForegroundService    com.cdccreditsmart.app               I  âœ… ScreenStateReceiver registrado (inclui ACTION_USER_PRESENT para detectar screen unlock)
2026-01-27 18:36:51.137 26748-26748 CdcForegroundService    com.cdccreditsmart.app               D  ğŸš€ ServiÃ§o onStartCommand() - Action: null
2026-01-27 18:36:51.204 26748-26748 CdcForegroundService    com.cdccreditsmart.app               I  âœ… Foreground Service ativo (Android 12+)
2026-01-27 18:36:51.208 26748-27009 CdcForegroundService    com.cdccreditsmart.app               I  ğŸ”§ ========================================
2026-01-27 18:36:51.208 26748-27009 CdcForegroundService    com.cdccreditsmart.app               I  ğŸ”§ INICIANDO initializeServices()...
2026-01-27 18:36:51.208 26748-27009 CdcForegroundService    com.cdccreditsmart.app               I  ğŸ”§ ========================================
2026-01-27 18:36:51.208 26748-27009 CdcForegroundService    com.cdccreditsmart.app               I  ğŸ”§ Inicializando serviÃ§os base (SettingsGuard, WorkPolicies)...
2026-01-27 18:36:51.208 26748-27009 CdcForegroundService    com.cdccreditsmart.app               I  ğŸ¢ ========================================
2026-01-27 18:36:51.208 26748-27009 CdcForegroundService    com.cdccreditsmart.app               I  ğŸ¢ APLICANDO POLÃTICAS DE AMBIENTE DE TRABALHO
2026-01-27 18:36:51.208 26748-27009 CdcForegroundService    com.cdccreditsmart.app               I  ğŸ¢ ========================================
2026-01-27 18:36:51.216 26748-27009 WorkPolicyManager       com.cdccreditsmart.app               I  
2026-01-27 18:36:51.216 26748-27009 WorkPolicyManager       com.cdccreditsmart.app               I  â•”â•â•â•â•â•â•â•â•â•â•â•â•â•â•â•â•â•â•â•â•â•â•â•â•â•â•â•â•â•â•â•â•â•â•â•â•â•â•â•â•â•â•â•â•â•â•â•â•â•â•â•â•â•â•â•â•â•â•â•â•â•â•â•â•â•—
2026-01-27 18:36:51.216 26748-27009 WorkPolicyManager       com.cdccreditsmart.app               I  â•‘  ğŸ¢ APLICANDO POLÃTICAS DE AMBIENTE DE TRABALHO                â•‘
2026-01-27 18:36:51.216 26748-27009 WorkPolicyManager       com.cdccreditsmart.app               I  â•‘     CDC CREDIT SMART - PROTEÃ‡ÃƒO EMPRESARIAL                    â•‘
2026-01-27 18:36:51.216 26748-27009 WorkPolicyManager       com.cdccreditsmart.app               I  â•šâ•â•â•â•â•â•â•â•â•â•â•â•â•â•â•â•â•â•â•â•â•â•â•â•â•â•â•â•â•â•â•â•â•â•â•â•â•â•â•â•â•â•â•â•â•â•â•â•â•â•â•â•â•â•â•â•â•â•â•â•â•â•â•â•â•
2026-01-27 18:36:51.216 26748-27009 WorkPolicyManager       com.cdccreditsmart.app               I  
2026-01-27 18:36:51.221 26748-27009 WorkPolicyManager       com.cdccreditsmart.app               I  ğŸ“‹ STATUS DO DISPOSITIVO:
2026-01-27 18:36:51.221 26748-27009 WorkPolicyManager       com.cdccreditsmart.app               I     Device Owner: âŒ NÃƒO
2026-01-27 18:36:51.221 26748-27009 WorkPolicyManager       com.cdccreditsmart.app               I     Device Admin: âŒ NÃƒO
2026-01-27 18:36:51.221 26748-27009 WorkPolicyManager       com.cdccreditsmart.app               I  
2026-01-27 18:36:51.221 26748-27009 WorkPolicyManager       com.cdccreditsmart.app               I  â•â•â•â•â•â•â•â•â•â•â•â•â•â•â•â•â•â•â•â•â•â•â•â•â•â•â•â•â•â•â•â•â•â•â•â•â•â•â•â•â•â•â•â•â•â•â•â•â•â•â•â•â•â•â•â•â•â•â•â•â•â•â•
2026-01-27 18:36:51.221 26748-27009 WorkPolicyManager       com.cdccreditsmart.app               I  âš ï¸ MODO BÃSICO - PROTEÃ‡ÃƒO MÃNIMA
2026-01-27 18:36:51.221 26748-27009 WorkPolicyManager       com.cdccreditsmart.app               I  â•â•â•â•â•â•â•â•â•â•â•â•â•â•â•â•â•â•â•â•â•â•â•â•â•â•â•â•â•â•â•â•â•â•â•â•â•â•â•â•â•â•â•â•â•â•â•â•â•â•â•â•â•â•â•â•â•â•â•â•â•â•â•
2026-01-27 18:36:51.221 26748-27009 WorkPolicyManager       com.cdccreditsmart.app               I  
2026-01-27 18:36:51.221 26748-27009 WorkPolicyManager       com.cdccreditsmart.app               E  âŒ ATENÃ‡ÃƒO: App NÃƒO Ã© Device Owner nem Device Admin!
2026-01-27 18:36:51.221 26748-27009 WorkPolicyManager       com.cdccreditsmart.app               E     â€¢ ProteÃ§Ãµes MDM nÃ£o disponÃ­veis
2026-01-27 18:36:51.221 26748-27009 WorkPolicyManager       com.cdccreditsmart.app               E     â€¢ UsuÃ¡rio pode desinstalar o app livremente
2026-01-27 18:36:51.221 26748-27009 WorkPolicyManager       com.cdccreditsmart.app               E     â€¢ Factory Reset nÃ£o Ã© bloqueÃ¡vel
2026-01-27 18:36:51.221 26748-27009 WorkPolicyManager       com.cdccreditsmart.app               E     â€¢ Aplicando proteÃ§Ãµes alternativas mÃ­nimas...
2026-01-27 18:36:51.221 26748-27009 WorkPolicyManager       com.cdccreditsmart.app               I  
2026-01-27 18:36:51.221 26748-27009 WorkPolicyManager       com.cdccreditsmart.app               I  ğŸ”„ [1/3] PERSISTÃŠNCIA DO APP
2026-01-27 18:36:51.221 26748-27009 WorkPolicyManager       com.cdccreditsmart.app               I  â”€â”€â”€â”€â”€â”€â”€â”€â”€â”€â”€â”€â”€â”€â”€â”€â”€â”€â”€â”€â”€â”€â”€â”€â”€â”€â”€â”€â”€â”€â”€â”€â”€â”€â”€â”€â”€â”€â”€â”€â”€â”€â”€â”€â”€â”€â”€â”€â”€â”€â”€â”€â”€â”€â”€â”€â”€â”€â”€â”€â”€â”€â”€
2026-01-27 18:36:51.222 26748-27009 WorkPolicyManager       com.cdccreditsmart.app               I     â„¹ï¸ Solicitando isenÃ§Ã£o de otimizaÃ§Ã£o de bateria...
2026-01-27 18:36:51.222 26748-27009 WorkPolicyManager       com.cdccreditsmart.app               I     â„¹ï¸ UsuÃ¡rio precisa conceder manualmente em Settings
2026-01-27 18:36:51.222 26748-27009 WorkPolicyManager       com.cdccreditsmart.app               I     âœ… Foreground Service configurado via CdcForegroundService
2026-01-27 18:36:51.222 26748-27009 WorkPolicyManager       com.cdccreditsmart.app               I  
2026-01-27 18:36:51.222 26748-27009 WorkPolicyManager       com.cdccreditsmart.app               I  ğŸ“Š [2/3] MONITORAMENTO BÃSICO
2026-01-27 18:36:51.222 26748-27009 WorkPolicyManager       com.cdccreditsmart.app               I  â”€â”€â”€â”€â”€â”€â”€â”€â”€â”€â”€â”€â”€â”€â”€â”€â”€â”€â”€â”€â”€â”€â”€â”€â”€â”€â”€â”€â”€â”€â”€â”€â”€â”€â”€â”€â”€â”€â”€â”€â”€â”€â”€â”€â”€â”€â”€â”€â”€â”€â”€â”€â”€â”€â”€â”€â”€â”€â”€â”€â”€â”€â”€
2026-01-27 18:36:51.222 26748-27009 WorkPolicyManager       com.cdccreditsmart.app               I     âœ… WorkManager health check agendado
2026-01-27 18:36:51.222 26748-27009 WorkPolicyManager       com.cdccreditsmart.app               I  
2026-01-27 18:36:51.222 26748-27009 WorkPolicyManager       com.cdccreditsmart.app               I  ğŸ”” [3/3] NOTIFICAÃ‡Ã•ES
2026-01-27 18:36:51.222 26748-27009 WorkPolicyManager       com.cdccreditsmart.app               I  â”€â”€â”€â”€â”€â”€â”€â”€â”€â”€â”€â”€â”€â”€â”€â”€â”€â”€â”€â”€â”€â”€â”€â”€â”€â”€â”€â”€â”€â”€â”€â”€â”€â”€â”€â”€â”€â”€â”€â”€â”€â”€â”€â”€â”€â”€â”€â”€â”€â”€â”€â”€â”€â”€â”€â”€â”€â”€â”€â”€â”€â”€â”€
2026-01-27 18:36:51.222 26748-27009 WorkPolicyManager       com.cdccreditsmart.app               I     âœ… Canal de notificaÃ§Ã£o persistente criado
2026-01-27 18:36:51.263 26748-27009 WorkPolicyManager       com.cdccreditsmart.app               I  
2026-01-27 18:36:51.263 26748-27009 WorkPolicyManager       com.cdccreditsmart.app               I  â•”â•â•â•â•â•â•â•â•â•â•â•â•â•â•â•â•â•â•â•â•â•â•â•â•â•â•â•â•â•â•â•â•â•â•â•â•â•â•â•â•â•â•â•â•â•â•â•â•â•â•â•â•â•â•â•â•â•â•â•â•â•â•â•â•â•—
2026-01-27 18:36:51.263 26748-27009 WorkPolicyManager       com.cdccreditsmart.app               I  â•‘  ğŸ“Š RESUMO DAS POLÃTICAS DE TRABALHO                           â•‘
2026-01-27 18:36:51.263 26748-27009 WorkPolicyManager       com.cdccreditsmart.app               I  â• â•â•â•â•â•â•â•â•â•â•â•â•â•â•â•â•â•â•â•â•â•â•â•â•â•â•â•â•â•â•â•â•â•â•â•â•â•â•â•â•â•â•â•â•â•â•â•â•â•â•â•â•â•â•â•â•â•â•â•â•â•â•â•â•â•£
2026-01-27 18:36:51.263 26748-27009 WorkPolicyManager       com.cdccreditsmart.app               I  â•‘  âš ï¸ NÃ­vel de proteÃ§Ã£o: BASIC
2026-01-27 18:36:51.264 26748-27009 WorkPolicyManager       com.cdccreditsmart.app               I  â•‘  ğŸ“‹ PolÃ­ticas aplicadas: 4
2026-01-27 18:36:51.264 26748-27009 WorkPolicyManager       com.cdccreditsmart.app               I  â• â•â•â•â•â•â•â•â•â•â•â•â•â•â•â•â•â•â•â•â•â•â•â•â•â•â•â•â•â•â•â•â•â•â•â•â•â•â•â•â•â•â•â•â•â•â•â•â•â•â•â•â•â•â•â•â•â•â•â•â•â•â•â•â•â•£
2026-01-27 18:36:51.264 26748-27009 WorkPolicyManager       com.cdccreditsmart.app               I  â•‘  âœ… PROTEÃ‡Ã•ES ATIVAS:
2026-01-27 18:36:51.264 26748-27009 WorkPolicyManager       com.cdccreditsmart.app               I  â•‘     âœ… IsenÃ§Ã£o de otimizaÃ§Ã£o de bateria
2026-01-27 18:36:51.264 26748-27009 WorkPolicyManager       com.cdccreditsmart.app               I  â•‘     âœ… Foreground Service persistente
2026-01-27 18:36:51.264 26748-27009 WorkPolicyManager       com.cdccreditsmart.app               I  â•‘     âœ… Health check periÃ³dico agendado
2026-01-27 18:36:51.264 26748-27009 WorkPolicyManager       com.cdccreditsmart.app               I  â•‘     âœ… Canal de notificaÃ§Ã£o persistente criado
2026-01-27 18:36:51.264 26748-27009 WorkPolicyManager       com.cdccreditsmart.app               I  â• â•â•â•â•â•â•â•â•â•â•â•â•â•â•â•â•â•â•â•â•â•â•â•â•â•â•â•â•â•â•â•â•â•â•â•â•â•â•â•â•â•â•â•â•â•â•â•â•â•â•â•â•â•â•â•â•â•â•â•â•â•â•â•â•â•£
2026-01-27 18:36:51.264 26748-27009 WorkPolicyManager       com.cdccreditsmart.app               I  â•‘  âš ï¸ AVISOS:
2026-01-27 18:36:51.264 26748-27009 WorkPolicyManager       com.cdccreditsmart.app               W  â•‘     âŒ CRÃTICO: DesinstalaÃ§Ã£o NÃƒO bloqueÃ¡vel
2026-01-27 18:36:51.264 26748-27009 WorkPolicyManager       com.cdccreditsmart.app               W  â•‘     âŒ CRÃTICO: Factory Reset NÃƒO bloqueÃ¡vel
2026-01-27 18:36:51.264 26748-27009 WorkPolicyManager       com.cdccreditsmart.app               W  â•‘     âŒ CRÃTICO: Force Stop NÃƒO bloqueÃ¡vel
2026-01-27 18:36:51.264 26748-27009 WorkPolicyManager       com.cdccreditsmart.app               W  â•‘     âŒ CRÃTICO: Clear Data NÃƒO bloqueÃ¡vel
2026-01-27 18:36:51.264 26748-27009 WorkPolicyManager       com.cdccreditsmart.app               W  â•‘     âš ï¸ RecomendaÃ§Ã£o: Configurar como Device Owner via QR Code ou ADB
2026-01-27 18:36:51.264 26748-27009 WorkPolicyManager       com.cdccreditsmart.app               I  â•šâ•â•â•â•â•â•â•â•â•â•â•â•â•â•â•â•â•â•â•â•â•â•â•â•â•â•â•â•â•â•â•â•â•â•â•â•â•â•â•â•â•â•â•â•â•â•â•â•â•â•â•â•â•â•â•â•â•â•â•â•â•â•â•â•â•
2026-01-27 18:36:51.264 26748-27009 WorkPolicyManager       com.cdccreditsmart.app               I  
2026-01-27 18:36:51.265 26748-27009 CdcForegroundService    com.cdccreditsmart.app               I  ğŸ¢ Resultado: BASIC
2026-01-27 18:36:51.265 26748-27009 CdcForegroundService    com.cdccreditsmart.app               I  ğŸ¢ PolÃ­ticas aplicadas: 4/5
2026-01-27 18:36:51.265 26748-27009 CdcForegroundService    com.cdccreditsmart.app               W  ğŸ¢ âŒ CRÃTICO: DesinstalaÃ§Ã£o NÃƒO bloqueÃ¡vel
2026-01-27 18:36:51.265 26748-27009 CdcForegroundService    com.cdccreditsmart.app               W  ğŸ¢ âŒ CRÃTICO: Factory Reset NÃƒO bloqueÃ¡vel
2026-01-27 18:36:51.265 26748-27009 CdcForegroundService    com.cdccreditsmart.app               W  ğŸ¢ âŒ CRÃTICO: Force Stop NÃƒO bloqueÃ¡vel
2026-01-27 18:36:51.266 26748-27009 CdcForegroundService    com.cdccreditsmart.app               W  ğŸ¢ âŒ CRÃTICO: Clear Data NÃƒO bloqueÃ¡vel
2026-01-27 18:36:51.266 26748-27009 CdcForegroundService    com.cdccreditsmart.app               W  ğŸ¢ âš ï¸ RecomendaÃ§Ã£o: Configurar como Device Owner via QR Code ou ADB
2026-01-27 18:36:51.266 26748-27009 CdcForegroundService    com.cdccreditsmart.app               I  ğŸ¢ ========================================
2026-01-27 18:36:51.266 26748-27009 CdcForegroundService    com.cdccreditsmart.app               I  ğŸ›¡ï¸ ========================================
2026-01-27 18:36:51.266 26748-27009 CdcForegroundService    com.cdccreditsmart.app               I  ğŸ›¡ï¸ INICIANDO SETTINGS GUARD (PROTEÃ‡ÃƒO AGRESSIVA)
2026-01-27 18:36:51.266 26748-27009 CdcForegroundService    com.cdccreditsmart.app               I  ğŸ›¡ï¸ ========================================
