2026-01-23 00:09:38.710  2782-24581 LAUNCHER3               pid-2782                             D  Branch-AppPredictorManager, getRecommendedApps from database, PredictedInfo{mComponent='com.android.settings/com.android.settings.Settings', mLaunchCount=3, mIgnored=false, mIgnoreTime=0, mUser=0}
2026-01-23 00:09:38.711  2782-2782  LAUNCHER3               pid-2782                             D  BubbleTextView，(drawDotIfNecessary)Meet, mForceHideDot: false, hasDot(): false, mDotParams.scale: 0.0, mDotParams.alpha : 255.0, isDotAnimRunning ?: false, mIsIconVisible : true
2026-01-23 00:09:38.711  2782-2782  LAUNCHER3               pid-2782                             D  BubbleTextView，(drawDotIfNecessary)Internet, mForceHideDot: false, hasDot(): false, mDotParams.scale: 0.0, mDotParams.alpha : 255.0, isDotAnimRunning ?: false, mIsIconVisible : true
2026-01-23 00:09:38.711  2782-2782  LAUNCHER3               pid-2782                             D  BubbleTextView，(drawDotIfNecessary)App Market, mForceHideDot: false, hasDot(): true, mDotParams.scale: 1.0, mDotParams.alpha : 255.0, isDotAnimRunning ?: false, mIsIconVisible : true
2026-01-23 00:09:38.711  2782-24581 LAUNCHER3               pid-2782                             D  Branch-AppPredictorManager, getRecommendedApps from database, PredictedInfo{mComponent='com.cdccreditsmart.app/com.cdccreditsmart.app.presentation.MainActivity', mLaunchCount=2, mIgnored=false, mIgnoreTime=0, mUser=0}
2026-01-23 00:09:38.711  2782-2782  LAUNCHER3               pid-2782                             D  OplusDotRenderer, current scale is : 1.0
2026-01-23 00:09:38.711  2782-2782  LAUNCHER3               pid-2782                             D  BubbleTextView，(drawDotIfNecessary)Play Store, mForceHideDot: false, hasDot(): false, mDotParams.scale: 0.0, mDotParams.alpha : 255.0, isDotAnimRunning ?: false, mIsIconVisible : true
2026-01-23 00:09:38.711  2782-24581 LAUNCHER3               pid-2782                             D  Branch-AppPredictorManager, getRecommendedApps from database, PredictedInfo{mComponent='com.google.android.dialer/com.google.android.dialer.extensions.GoogleDialtactsActivity', mLaunchCount=2, mIgnored=false, mIgnoreTime=0, mUser=0}
2026-01-23 00:09:38.711  2782-2782  LAUNCHER3               pid-2782                             D  BubbleTextView，(drawDotIfNecessary)Fotos, mForceHideDot: false, hasDot(): false, mDotParams.scale: 0.0, mDotParams.alpha : 255.0, isDotAnimRunning ?: false, mIsIconVisible : true
2026-01-23 00:09:38.712  2782-2782  LAUNCHER3               pid-2782                             D  BubbleTextView，(drawDotIfNecessary)Gerenciador do telefone, mForceHideDot: false, hasDot(): false, mDotParams.scale: 0.0, mDotParams.alpha : 255.0, isDotAnimRunning ?: false, mIsIconVisible : true
2026-01-23 00:09:38.712  2782-24581 LAUNCHER3               pid-2782                             D  Branch-AppPredictorManager, getRecommendedApps from database, PredictedInfo{mComponent='com.android.chrome/com.google.android.apps.chrome.Main', mLaunchCount=2, mIgnored=false, mIgnoreTime=0, mUser=0}
2026-01-23 00:09:38.712  2782-24581 LAUNCHER3               pid-2782                             D  Branch-AppPredictorManager, getPredictedApps after enabledCursor, count = 5
2026-01-23 00:09:38.712  2782-24581 LAUNCHER3               pid-2782                             D  Branch-AppPredictorManager, getPredictedApps cost = 4
2026-01-23 00:09:38.712  2782-24581 LAUNCHER3               pid-2782                             D  LauncherTaskbarAllAppsContainerView, tryAndUpdatePredictedApps,recommendedPkgs : 5numAllAppsColumns = 5
2026-01-23 00:09:38.712  2782-2782  LAUNCHER3               pid-2782                             D  BubbleTextView，(drawDotIfNecessary)YouTube, mForceHideDot: false, hasDot(): false, mDotParams.scale: 0.0, mDotParams.alpha : 255.0, isDotAnimRunning ?: false, mIsIconVisible : true
2026-01-23 00:09:38.712  2782-2782  LAUNCHER3               pid-2782                             D  BubbleTextView，(drawDotIfNecessary)Chrome, mForceHideDot: false, hasDot(): false, mDotParams.scale: 0.0, mDotParams.alpha : 255.0, isDotAnimRunning ?: false, mIsIconVisible : true
2026-01-23 00:09:38.713  2782-2782  LAUNCHER3               pid-2782                             D  BubbleTextView，(drawDotIfNecessary)Play Store, mForceHideDot: false, hasDot(): false, mDotParams.scale: 0.0, mDotParams.alpha : 255.0, isDotAnimRunning ?: false, mIsIconVisible : true
2026-01-23 00:09:38.713  2782-2782  LAUNCHER3               pid-2782                             D  BubbleTextView，(drawDotIfNecessary)Google, mForceHideDot: false, hasDot(): false, mDotParams.scale: 0.0, mDotParams.alpha : 255.0, isDotAnimRunning ?: false, mIsIconVisible : true
2026-01-23 00:09:38.713  2782-2782  LAUNCHER3               pid-2782                             D  BubbleTextView，(drawDotIfNecessary)Shopee, mForceHideDot: false, hasDot(): false, mDotParams.scale: 0.0, mDotParams.alpha : 255.0, isDotAnimRunning ?: false, mIsIconVisible : true
2026-01-23 00:09:38.713  2782-2782  LAUNCHER3               pid-2782                             D  BubbleTextView，(drawDotIfNecessary)Agenda, mForceHideDot: false, hasDot(): false, mDotParams.scale: 0.0, mDotParams.alpha : 255.0, isDotAnimRunning ?: false, mIsIconVisible : true
2026-01-23 00:09:38.713  2782-2782  LAUNCHER3               pid-2782                             D  BubbleTextView，(drawDotIfNecessary)AliExpress, mForceHideDot: false, hasDot(): false, mDotParams.scale: 0.0, mDotParams.alpha : 255.0, isDotAnimRunning ?: false, mIsIconVisible : true
2026-01-23 00:09:38.713  2782-2782  LAUNCHER3               pid-2782                             D  BubbleTextView，(drawDotIfNecessary)Aplicativos em destaque, mForceHideDot: false, hasDot(): true, mDotParams.scale: 1.0, mDotParams.alpha : 255.0, isDotAnimRunning ?: false, mIsIconVisible : true
2026-01-23 00:09:38.714  2782-2782  LAUNCHER3               pid-2782                             D  OplusDotRenderer, case dotOffsetX is larger than dotOffsetY
2026-01-23 00:09:38.714  2782-2782  LAUNCHER3               pid-2782                             D  OplusDotRenderer, current scale is : 1.0
2026-01-23 00:09:38.714  2782-2782  LAUNCHER3               pid-2782                             D  BubbleTextView，(drawDotIfNecessary)App Market, mForceHideDot: false, hasDot(): true, mDotParams.scale: 1.0, mDotParams.alpha : 255.0, isDotAnimRunning ?: false, mIsIconVisible : true
2026-01-23 00:09:38.714  2782-2782  LAUNCHER3               pid-2782                             D  OplusDotRenderer, case dotOffsetX is larger than dotOffsetY
2026-01-23 00:09:38.714  2782-2782  LAUNCHER3               pid-2782                             D  OplusDotRenderer, current scale is : 1.0
2026-01-23 00:09:38.714  2782-2782  LAUNCHER3               pid-2782                             D  BubbleTextView，(drawDotIfNecessary)AquaBlocks Puzzle Seas, mForceHideDot: false, hasDot(): false, mDotParams.scale: 0.0, mDotParams.alpha : 255.0, isDotAnimRunning ?: false, mIsIconVisible : true
2026-01-23 00:09:38.714  2782-2782  LAUNCHER3               pid-2782                             D  BubbleTextView，(drawDotIfNecessary)Assistente, mForceHideDot: false, hasDot(): false, mDotParams.scale: 0.0, mDotParams.alpha : 255.0, isDotAnimRunning ?: false, mIsIconVisible : true
2026-01-23 00:09:38.714  2782-2782  LAUNCHER3               pid-2782                             D  BubbleTextView，(drawDotIfNecessary)Block Blast!, mForceHideDot: false, hasDot(): false, mDotParams.scale: 0.0, mDotParams.alpha : 255.0, isDotAnimRunning ?: false, mIsIconVisible : true
2026-01-23 00:09:38.715  2782-2782  LAUNCHER3               pid-2782                             D  BubbleTextView，(drawDotIfNecessary)Booking.com, mForceHideDot: false, hasDot(): false, mDotParams.scale: 0.0, mDotParams.alpha : 255.0, isDotAnimRunning ?: false, mIsIconVisible : true
2026-01-23 00:09:38.715  2782-2782  LAUNCHER3               pid-2782                             D  BubbleTextView，(drawDotIfNecessary)Bubble Pop! - Shooter Puzzle, mForceHideDot: false, hasDot(): false, mDotParams.scale: 0.0, mDotParams.alpha : 255.0, isDotAnimRunning ?: false, mIsIconVisible : true
2026-01-23 00:09:38.715  2782-2782  LAUNCHER3               pid-2782                             D  BubbleTextView，(drawDotIfNecessary)Bússola, mForceHideDot: false, hasDot(): false, mDotParams.scale: 0.0, mDotParams.alpha : 255.0, isDotAnimRunning ?: false, mIsIconVisible : true
2026-01-23 00:09:38.715  2782-2782  LAUNCHER3               pid-2782                             D  BubbleTextView，(drawDotIfNecessary)Calculadora, mForceHideDot: false, hasDot(): false, mDotParams.scale: 0.0, mDotParams.alpha : 255.0, isDotAnimRunning ?: false, mIsIconVisible : true
2026-01-23 00:09:38.715  2782-2782  LAUNCHER3               pid-2782                             D  BubbleTextView，(drawDotIfNecessary)Câmera, mForceHideDot: false, hasDot(): false, mDotParams.scale: 0.0, mDotParams.alpha : 255.0, isDotAnimRunning ?: false, mIsIconVisible : true
2026-01-23 00:09:38.715  2782-2782  LAUNCHER3               pid-2782                             D  BubbleTextView，(drawDotIfNecessary)@Carteira, mForceHideDot: false, hasDot(): false, mDotParams.scale: 0.0, mDotParams.alpha : 255.0, isDotAnimRunning ?: false, mIsIconVisible : true
2026-01-23 00:09:38.716  2782-2782  LAUNCHER3               pid-2782                             D  BubbleTextView，(drawDotIfNecessary)Chrome, mForceHideDot: false, hasDot(): false, mDotParams.scale: 0.0, mDotParams.alpha : 255.0, isDotAnimRunning ?: false, mIsIconVisible : true
2026-01-23 00:09:38.716  1239-1387  InputReader             pid-1239                             D  dispatchTouches action MOVE now(ns): 6400203957921
2026-01-23 00:09:38.716  1239-1387  InputReader             pid-1239                             D  notifyMotion call dispatcher
2026-01-23 00:09:38.716  2782-2782  LAUNCHER3               pid-2782                             D  BubbleTextView，(drawDotIfNecessary)Clima, mForceHideDot: false, hasDot(): false, mDotParams.scale: 0.0, mDotParams.alpha : 255.0, isDotAnimRunning ?: false, mIsIconVisible : true
2026-01-23 00:09:38.716  2782-2782  LAUNCHER3               pid-2782                             D  BubbleTextView，(drawDotIfNecessary)Clonar telefone, mForceHideDot: false, hasDot(): false, mDotParams.scale: 0.0, mDotParams.alpha : 255.0, isDotAnimRunning ?: false, mIsIconVisible : true
2026-01-23 00:09:38.716  2782-2782  LAUNCHER3               pid-2782                             D  BubbleTextView，(drawDotIfNecessary)Collect Ball - Match Em All, mForceHideDot: false, hasDot(): false, mDotParams.scale: 0.0, mDotParams.alpha : 255.0, isDotAnimRunning ?: false, mIsIconVisible : true
2026-01-23 00:09:38.716  2782-2782  LAUNCHER3               pid-2782                             D  BubbleTextView，(drawDotIfNecessary)Configurações, mForceHideDot: false, hasDot(): false, mDotParams.scale: 0.0, mDotParams.alpha : 255.0, isDotAnimRunning ?: false, mIsIconVisible : true
2026-01-23 00:09:38.716  2782-2782  LAUNCHER3               pid-2782                             D  BubbleTextView，(drawDotIfNecessary)Contatos, mForceHideDot: false, hasDot(): false, mDotParams.scale: 0.0, mDotParams.alpha : 255.0, isDotAnimRunning ?: false, mIsIconVisible : true
2026-01-23 00:09:38.716  2782-2782  LAUNCHER3               pid-2782                             D  BubbleTextView，(drawDotIfNecessary)Credit Smart, mForceHideDot: false, hasDot(): false, mDotParams.scale: 0.0, mDotParams.alpha : 255.0, isDotAnimRunning ?: false, mIsIconVisible : true
2026-01-23 00:09:38.716  2782-2782  LAUNCHER3               pid-2782                             D  BubbleTextView，(drawDotIfNecessary)Defeat Zombie:Defense Strategy, mForceHideDot: false, hasDot(): false, mDotParams.scale: 0.0, mDotParams.alpha : 255.0, isDotAnimRunning ?: false, mIsIconVisible : true
2026-01-23 00:09:38.717  2782-2782  LAUNCHER3               pid-2782                             D  BubbleTextView，(drawDotIfNecessary)@Drive, mForceHideDot: false, hasDot(): false, mDotParams.scale: 0.0, mDotParams.alpha : 255.0, isDotAnimRunning ?: false, mIsIconVisible : true
2026-01-23 00:09:38.717  2782-2782  LAUNCHER3               pid-2782                             D  BubbleTextView，(drawDotIfNecessary)Emergência, mForceHideDot: false, hasDot(): false, mDotParams.scale: 0.0, mDotParams.alpha : 255.0, isDotAnimRunning ?: false, mIsIconVisible : true
2026-01-23 00:09:38.717  2782-2782  LAUNCHER3               pid-2782                             D  BubbleTextView，(drawDotIfNecessary)Facebook, mForceHideDot: false, hasDot(): false, mDotParams.scale: 0.0, mDotParams.alpha : 255.0, isDotAnimRunning ?: false, mIsIconVisible : true
2026-01-23 00:09:38.717  2782-2782  LAUNCHER3               pid-2782                             D  BubbleTextView，(drawDotIfNecessary)@Files, mForceHideDot: false, hasDot(): false, mDotParams.scale: 0.0, mDotParams.alpha : 255.0, isDotAnimRunning ?: false, mIsIconVisible : true
2026-01-23 00:09:38.717  2782-2782  LAUNCHER3               pid-2782                             D  BubbleTextView，(drawDotIfNecessary)Fitbit, mForceHideDot: false, hasDot(): false, mDotParams.scale: 0.0, mDotParams.alpha : 255.0, isDotAnimRunning ?: false, mIsIconVisible : true
2026-01-23 00:09:38.717  2782-2782  LAUNCHER3               pid-2782                             D  BubbleTextView，(drawDotIfNecessary)Fotos, mForceHideDot: false, hasDot(): false, mDotParams.scale: 0.0, mDotParams.alpha : 255.0, isDotAnimRunning ?: false, mIsIconVisible : true
2026-01-23 00:09:38.717  2782-2782  LAUNCHER3               pid-2782                             D  BubbleTextView，(drawDotIfNecessary)Fotos, mForceHideDot: false, hasDot(): false, mDotParams.scale: 0.0, mDotParams.alpha : 255.0, isDotAnimRunning ?: false, mIsIconVisible : true
2026-01-23 00:09:38.717  2782-2782  LAUNCHER3               pid-2782                             D  BubbleTextView，(drawDotIfNecessary)Fruit Shooting- Sharp Knife, mForceHideDot: false, hasDot(): false, mDotParams.scale: 0.0, mDotParams.alpha : 255.0, isDotAnimRunning ?: false, mIsIconVisible : true
2026-01-23 00:09:38.717  2782-2782  LAUNCHER3               pid-2782                             D  BubbleTextView，(drawDotIfNecessary)Gerenciador do telefone, mForceHideDot: false, hasDot(): false, mDotParams.scale: 0.0, mDotParams.alpha : 255.0, isDotAnimRunning ?: false, mIsIconVisible : true
2026-01-23 00:09:38.720  2782-2782  LAUNCHER3               pid-2782                             D  LauncherTaskbarAllAppsContainerView, updatePredictedData appSortRuleNeedChange: false, appSortRule: 0, mOldAppSortRule: 0, mUsingTabs: false
2026-01-23 00:09:38.721  1239-1387  InputReader             pid-1239                             D  dispatchTouches action MOVE now(ns): 6400209693190
2026-01-23 00:09:38.721  1239-1387  InputReader             pid-1239                             D  notifyMotion call dispatcher
2026-01-23 00:09:38.722  2782-2782  LAUNCHER3               pid-2782                             D  BubbleTextView，(drawDotIfNecessary)Configurações, mForceHideDot: false, hasDot(): false, mDotParams.scale: 0.0, mDotParams.alpha : 255.0, isDotAnimRunning ?: false, mIsIconVisible : true
2026-01-23 00:09:38.722  2782-2782  LAUNCHER3               pid-2782                             D  BubbleTextView，(drawDotIfNecessary)Meus arquivos, mForceHideDot: false, hasDot(): false, mDotParams.scale: 0.0, mDotParams.alpha : 255.0, isDotAnimRunning ?: false, mIsIconVisible : true
2026-01-23 00:09:38.722  2782-2782  LAUNCHER3               pid-2782                             D  BubbleTextView，(drawDotIfNecessary)Vídeos, mForceHideDot: false, hasDot(): false, mDotParams.scale: 0.0, mDotParams.alpha : 255.0, isDotAnimRunning ?: false, mIsIconVisible : true
2026-01-23 00:09:38.722  2782-2782  LAUNCHER3               pid-2782                             D  BubbleTextView，(drawDotIfNecessary)Clima, mForceHideDot: false, hasDot(): false, mDotParams.scale: 0.0, mDotParams.alpha : 255.0, isDotAnimRunning ?: false, mIsIconVisible : true
2026-01-23 00:09:38.723  2782-2782  LAUNCHER3               pid-2782                             D  BubbleTextView，(drawDotIfNecessary)Facebook, mForceHideDot: false, hasDot(): false, mDotParams.scale: 0.0, mDotParams.alpha : 255.0, isDotAnimRunning ?: false, mIsIconVisible : true
2026-01-23 00:09:38.723  2782-2782  LAUNCHER3               pid-2782                             D  BubbleTextView，(drawDotIfNecessary)@TikTok, mForceHideDot: false, hasDot(): false, mDotParams.scale: 0.0, mDotParams.alpha : 255.0, isDotAnimRunning ?: false, mIsIconVisible : true
2026-01-23 00:09:38.723  2782-2782  LAUNCHER3               pid-2782                             D  BubbleTextView，(drawDotIfNecessary)Netflix, mForceHideDot: false, hasDot(): false, mDotParams.scale: 0.0, mDotParams.alpha : 255.0, isDotAnimRunning ?: false, mIsIconVisible : true
2026-01-23 00:09:38.723  2782-2782  LAUNCHER3               pid-2782                             D  BubbleTextView，(drawDotIfNecessary)@LinkedIn, mForceHideDot: false, hasDot(): false, mDotParams.scale: 0.0, mDotParams.alpha : 255.0, isDotAnimRunning ?: false, mIsIconVisible : true
2026-01-23 00:09:38.723  2782-2782  LAUNCHER3               pid-2782                             D  BubbleTextView，(drawDotIfNecessary)Aplicativos em destaque, mForceHideDot: false, hasDot(): true, mDotParams.scale: 1.0, mDotParams.alpha : 255.0, isDotAnimRunning ?: false, mIsIconVisible : true
2026-01-23 00:09:38.723  2782-2782  LAUNCHER3               pid-2782                             D  OplusDotRenderer, current scale is : 1.0
2026-01-23 00:09:38.723  2782-2782  LAUNCHER3               pid-2782                             D  BubbleTextView，(drawDotIfNecessary)Jogos em destaque, mForceHideDot: false, hasDot(): true, mDotParams.scale: 1.0, mDotParams.alpha : 255.0, isDotAnimRunning ?: false, mIsIconVisible : true
2026-01-23 00:09:38.723  2782-2782  LAUNCHER3               pid-2782                             D  OplusDotRenderer, current scale is : 1.0
2026-01-23 00:09:38.723  2782-2782  LAUNCHER3               pid-2782                             D  BubbleTextView，(drawDotIfNecessary)Defeat Zombie:Defense Strategy, mForceHideDot: false, hasDot(): false, mDotParams.scale: 0.0, mDotParams.alpha : 255.0, isDotAnimRunning ?: false, mIsIconVisible : true
2026-01-23 00:09:38.723  2782-2782  LAUNCHER3               pid-2782                             D  BubbleTextView，(drawDotIfNecessary)AliExpress, mForceHideDot: false, hasDot(): false, mDotParams.scale: 0.0, mDotParams.alpha : 255.0, isDotAnimRunning ?: false, mIsIconVisible : true
2026-01-23 00:09:38.724  2782-2782  LAUNCHER3               pid-2782                             D  BubbleTextView，(drawDotIfNecessary)Shopee, mForceHideDot: false, hasDot(): false, mDotParams.scale: 0.0, mDotParams.alpha : 255.0, isDotAnimRunning ?: false, mIsIconVisible : true
2026-01-23 00:09:38.724  2782-2782  LAUNCHER3               pid-2782                             D  BubbleTextView，(drawDotIfNecessary)@Kwai, mForceHideDot: false, hasDot(): false, mDotParams.scale: 0.0, mDotParams.alpha : 255.0, isDotAnimRunning ?: false, mIsIconVisible : true
2026-01-23 00:09:38.724  2782-2782  LAUNCHER3               pid-2782                             D  BubbleTextView，(drawDotIfNecessary)Credit Smart, mForceHideDot: false, hasDot(): false, mDotParams.scale: 0.0, mDotParams.alpha : 255.0, isDotAnimRunning ?: false, mIsIconVisible : true
2026-01-23 00:09:38.724  2782-2782  LAUNCHER3               pid-2782                             D  BubbleTextView，(drawDotIfNecessary)Credit Smart, mForceHideDot: false, hasDot(): false, mDotParams.scale: 0.0, mDotParams.alpha : 255.0, isDotAnimRunning ?: false, mIsIconVisible : true
2026-01-23 00:09:38.727  1239-1387  InputReader             pid-1239                             D  dispatchTouches action MOVE now(ns): 6400215300690
2026-01-23 00:09:38.727  1239-1387  InputReader             pid-1239                             D  notifyMotion call dispatcher
2026-01-23 00:09:38.733  1239-1387  InputReader             pid-1239                             D  dispatchTouches action MOVE now(ns): 6400220919113
2026-01-23 00:09:38.733  1239-1387  InputReader             pid-1239                             D  notifyMotion call dispatcher
2026-01-23 00:09:38.738  1239-1387  InputReader             pid-1239                             D  dispatchTouches action MOVE now(ns): 6400226157690
2026-01-23 00:09:38.738  1239-1387  InputReader             pid-1239                             D  notifyMotion call dispatcher
2026-01-23 00:09:38.743  1239-1387  InputReader             pid-1239                             D  dispatchTouches action MOVE now(ns): 6400231638460
2026-01-23 00:09:38.743  1239-1387  InputReader             pid-1239                             D  notifyMotion call dispatcher
2026-01-23 00:09:38.749  1239-1387  InputReader             pid-1239                             D  dispatchTouches action MOVE now(ns): 6400237247536
2026-01-23 00:09:38.749  1239-1387  InputReader             pid-1239                             D  notifyMotion call dispatcher
2026-01-23 00:09:38.751   841-841   vendor.spr...or-service pid-841                              D  vibra_off
2026-01-23 00:09:38.754  1239-1387  InputReader             pid-1239                             D  dispatchTouches action MOVE now(ns): 6400242695921
2026-01-23 00:09:38.754  1239-1387  InputReader             pid-1239                             D  notifyMotion call dispatcher
2026-01-23 00:09:38.758  2782-2782  LAUNCHER3               pid-2782                             D  Branch-CommonUIController, showKeyBoard showOptimizefalse showServicefalse
2026-01-23 00:09:38.758  2782-2782  LAUNCHER3               pid-2782                             D  ActivityAppsSearchContainerLayout, showKeyboard===
2026-01-23 00:09:38.759  2782-2782  ImeTracker              pid-2782                             I  com.android.launcher3:6fb9f22f: onRequestHide at ORIGIN_CLIENT_HIDE_SOFT_INPUT reason HIDE_SOFT_INPUT
2026-01-23 00:09:38.759  1239-3742  ImeTracker              pid-1239                             I  com.android.launcher3:6fb9f22f: onCancelled at PHASE_SERVER_SHOULD_HIDE
2026-01-23 00:09:38.760  2782-2782  CustomSearchViewAnimate pid-2782                             D  openSoftInput: true
2026-01-23 00:09:38.760  2782-2782  AutofillManager         pid-2782                             D  view not autofillable - not passing ime action check
2026-01-23 00:09:38.760  1239-1387  InputReader             pid-1239                             D  dispatchTouches action MOVE now(ns): 6400248584267
2026-01-23 00:09:38.760  1239-1387  InputReader             pid-1239                             D  notifyMotion call dispatcher
2026-01-23 00:09:38.761  2782-2782  ImeTracker              pid-2782                             I  com.android.launcher3:43f1bf3c: onRequestShow at ORIGIN_CLIENT_SHOW_SOFT_INPUT reason SHOW_SOFT_INPUT
2026-01-23 00:09:38.761  2782-2782  InputMethodManager      pid-2782                             D  showSoftInput() view=com.coui.appcompat.searchview.COUISearchView$COUISearchAutoComplete{f7a24eb VFED..CL. .F....ID 0,0-456,60 #7f0903c5 app:id/search_src_text aid=1073741824} flags=0 reason=SHOW_SOFT_INPUT
2026-01-23 00:09:38.762  1239-3742  AppStartupManager       pid-1239                             D  error happend in shouldPreventStartService:checkStartupLimit
2026-01-23 00:09:38.765  1239-1387  InputReader             pid-1239                             D  dispatchTouches action MOVE now(ns): 6400253654229
2026-01-23 00:09:38.765  1239-1387  InputReader             pid-1239                             D  notifyMotion call dispatcher
2026-01-23 00:09:38.768  2782-2782  LAUNCHER3               pid-2782                             D  BubbleTextView，(drawDotIfNecessary)Agenda, mForceHideDot: false, hasDot(): false, mDotParams.scale: 0.0, mDotParams.alpha : 255.0, isDotAnimRunning ?: false, mIsIconVisible : true
2026-01-23 00:09:38.768  2782-2782  LAUNCHER3               pid-2782                             D  BubbleTextView，(drawDotIfNecessary)AliExpress, mForceHideDot: false, hasDot(): false, mDotParams.scale: 0.0, mDotParams.alpha : 255.0, isDotAnimRunning ?: false, mIsIconVisible : true
2026-01-23 00:09:38.769  2782-2782  LAUNCHER3               pid-2782                             D  BubbleTextView，(drawDotIfNecessary)Aplicativos em destaque, mForceHideDot: false, hasDot(): true, mDotParams.scale: 1.0, mDotParams.alpha : 255.0, isDotAnimRunning ?: false, mIsIconVisible : true
2026-01-23 00:09:38.769  2782-2782  LAUNCHER3               pid-2782                             D  OplusDotRenderer, case dotOffsetX is larger than dotOffsetY
2026-01-23 00:09:38.769 30977-30977 GoogleInpu...hodService pid-30977                            I  GoogleInputMethodService.onStartInputView():2095 onStartInputView(EditorInfo{EditorInfo{packageName=com.android.launcher3, inputType=90001, inputTypeString=Normal, enableLearning=false, autoCorrection=false, autoComplete=false, imeOptions=3, privateImeOptions=null, actionName=SEARCH, actionLabel=null, initialSelStart=0, initialSelEnd=0, initialCapsMode=3000, label=null, fieldId=2131297221, fieldName=null, extras=null, hintText=non-empty, hintLocales=[]}}, false)
2026-01-23 00:09:38.769  2782-2782  LAUNCHER3               pid-2782                             D  OplusDotRenderer, current scale is : 1.0
2026-01-23 00:09:38.769  2782-2782  LAUNCHER3               pid-2782                             D  BubbleTextView，(drawDotIfNecessary)App Market, mForceHideDot: false, hasDot(): true, mDotParams.scale: 1.0, mDotParams.alpha : 255.0, isDotAnimRunning ?: false, mIsIconVisible : true
2026-01-23 00:09:38.769  2782-2782  LAUNCHER3               pid-2782                             D  OplusDotRenderer, case dotOffsetX is larger than dotOffsetY
2026-01-23 00:09:38.769  2782-2782  LAUNCHER3               pid-2782                             D  OplusDotRenderer, current scale is : 1.0
2026-01-23 00:09:38.769  2782-2782  LAUNCHER3               pid-2782                             D  BubbleTextView，(drawDotIfNecessary)AquaBlocks Puzzle Seas, mForceHideDot: false, hasDot(): false, mDotParams.scale: 0.0, mDotParams.alpha : 255.0, isDotAnimRunning ?: false, mIsIconVisible : true
2026-01-23 00:09:38.769  2782-2782  LAUNCHER3               pid-2782                             D  BubbleTextView，(drawDotIfNecessary)Assistente, mForceHideDot: false, hasDot(): false, mDotParams.scale: 0.0, mDotParams.alpha : 255.0, isDotAnimRunning ?: false, mIsIconVisible : true
2026-01-23 00:09:38.769  2782-2782  LAUNCHER3               pid-2782                             D  BubbleTextView，(drawDotIfNecessary)Block Blast!, mForceHideDot: false, hasDot(): false, mDotParams.scale: 0.0, mDotParams.alpha : 255.0, isDotAnimRunning ?: false, mIsIconVisible : true
2026-01-23 00:09:38.769  2782-2782  LAUNCHER3               pid-2782                             D  BubbleTextView，(drawDotIfNecessary)Booking.com, mForceHideDot: false, hasDot(): false, mDotParams.scale: 0.0, mDotParams.alpha : 255.0, isDotAnimRunning ?: false, mIsIconVisible : true
2026-01-23 00:09:38.769  2782-2782  LAUNCHER3               pid-2782                             D  BubbleTextView，(drawDotIfNecessary)Bubble Pop! - Shooter Puzzle, mForceHideDot: false, hasDot(): false, mDotParams.scale: 0.0, mDotParams.alpha : 255.0, isDotAnimRunning ?: false, mIsIconVisible : true
2026-01-23 00:09:38.770  2782-2782  LAUNCHER3               pid-2782                             D  BubbleTextView，(drawDotIfNecessary)Bússola, mForceHideDot: false, hasDot(): false, mDotParams.scale: 0.0, mDotParams.alpha : 255.0, isDotAnimRunning ?: false, mIsIconVisible : true
2026-01-23 00:09:38.770  2782-2782  LAUNCHER3               pid-2782                             D  BubbleTextView，(drawDotIfNecessary)Calculadora, mForceHideDot: false, hasDot(): false, mDotParams.scale: 0.0, mDotParams.alpha : 255.0, isDotAnimRunning ?: false, mIsIconVisible : true
2026-01-23 00:09:38.770  2782-2782  LAUNCHER3               pid-2782                             D  BubbleTextView，(drawDotIfNecessary)Câmera, mForceHideDot: false, hasDot(): false, mDotParams.scale: 0.0, mDotParams.alpha : 255.0, isDotAnimRunning ?: false, mIsIconVisible : true
2026-01-23 00:09:38.770  2782-2782  LAUNCHER3               pid-2782                             D  BubbleTextView，(drawDotIfNecessary)@Carteira, mForceHideDot: false, hasDot(): false, mDotParams.scale: 0.0, mDotParams.alpha : 255.0, isDotAnimRunning ?: false, mIsIconVisible : true
2026-01-23 00:09:38.770  2782-2782  LAUNCHER3               pid-2782                             D  BubbleTextView，(drawDotIfNecessary)Chrome, mForceHideDot: false, hasDot(): false, mDotParams.scale: 0.0, mDotParams.alpha : 255.0, isDotAnimRunning ?: false, mIsIconVisible : true
2026-01-23 00:09:38.770  2782-2782  LAUNCHER3               pid-2782                             D  BubbleTextView，(drawDotIfNecessary)Clima, mForceHideDot: false, hasDot(): false, mDotParams.scale: 0.0, mDotParams.alpha : 255.0, isDotAnimRunning ?: false, mIsIconVisible : true
2026-01-23 00:09:38.770  2782-2782  LAUNCHER3               pid-2782                             D  BubbleTextView，(drawDotIfNecessary)Clonar telefone, mForceHideDot: false, hasDot(): false, mDotParams.scale: 0.0, mDotParams.alpha : 255.0, isDotAnimRunning ?: false, mIsIconVisible : true
2026-01-23 00:09:38.770  2782-2782  LAUNCHER3               pid-2782                             D  BubbleTextView，(drawDotIfNecessary)Collect Ball - Match Em All, mForceHideDot: false, hasDot(): false, mDotParams.scale: 0.0, mDotParams.alpha : 255.0, isDotAnimRunning ?: false, mIsIconVisible : true
2026-01-23 00:09:38.770  2782-2782  LAUNCHER3               pid-2782                             D  BubbleTextView，(drawDotIfNecessary)Configurações, mForceHideDot: false, hasDot(): false, mDotParams.scale: 0.0, mDotParams.alpha : 255.0, isDotAnimRunning ?: false, mIsIconVisible : true
2026-01-23 00:09:38.770  2782-2782  LAUNCHER3               pid-2782                             D  BubbleTextView，(drawDotIfNecessary)Contatos, mForceHideDot: false, hasDot(): false, mDotParams.scale: 0.0, mDotParams.alpha : 255.0, isDotAnimRunning ?: false, mIsIconVisible : true
2026-01-23 00:09:38.770  2782-2782  LAUNCHER3               pid-2782                             D  BubbleTextView，(drawDotIfNecessary)Credit Smart, mForceHideDot: false, hasDot(): false, mDotParams.scale: 0.0, mDotParams.alpha : 255.0, isDotAnimRunning ?: false, mIsIconVisible : true
2026-01-23 00:09:38.770 30977-30977 GoogleInpu...hodService pid-30977                            I  GoogleInputMethodService.updateDeviceLockedStatus():2246 repeatCheckTimes = 1, locked = false
2026-01-23 00:09:38.771  2782-2782  LAUNCHER3               pid-2782                             D  BubbleTextView，(drawDotIfNecessary)Defeat Zombie:Defense Strategy, mForceHideDot: false, hasDot(): false, mDotParams.scale: 0.0, mDotParams.alpha : 255.0, isDotAnimRunning ?: false, mIsIconVisible : true
2026-01-23 00:09:38.771  2782-2782  LAUNCHER3               pid-2782                             D  BubbleTextView，(drawDotIfNecessary)@Drive, mForceHideDot: false, hasDot(): false, mDotParams.scale: 0.0, mDotParams.alpha : 255.0, isDotAnimRunning ?: false, mIsIconVisible : true
2026-01-23 00:09:38.771  2782-2782  LAUNCHER3               pid-2782                             D  BubbleTextView，(drawDotIfNecessary)Emergência, mForceHideDot: false, hasDot(): false, mDotParams.scale: 0.0, mDotParams.alpha : 255.0, isDotAnimRunning ?: false, mIsIconVisible : true
2026-01-23 00:09:38.771  2782-2782  LAUNCHER3               pid-2782                             D  BubbleTextView，(drawDotIfNecessary)Facebook, mForceHideDot: false, hasDot(): false, mDotParams.scale: 0.0, mDotParams.alpha : 255.0, isDotAnimRunning ?: false, mIsIconVisible : true
2026-01-23 00:09:38.771  1239-1387  InputReader             pid-1239                             D  dispatchTouches action MOVE now(ns): 6400259365767
2026-01-23 00:09:38.771  1239-1387  InputReader             pid-1239                             D  notifyMotion call dispatcher
2026-01-23 00:09:38.771  2782-2782  LAUNCHER3               pid-2782                             D  BubbleTextView，(drawDotIfNecessary)@Files, mForceHideDot: false, hasDot(): false, mDotParams.scale: 0.0, mDotParams.alpha : 255.0, isDotAnimRunning ?: false, mIsIconVisible : true
2026-01-23 00:09:38.771  2782-2782  LAUNCHER3               pid-2782                             D  BubbleTextView，(drawDotIfNecessary)Fitbit, mForceHideDot: false, hasDot(): false, mDotParams.scale: 0.0, mDotParams.alpha : 255.0, isDotAnimRunning ?: false, mIsIconVisible : true
2026-01-23 00:09:38.771 30977-30977 AvailableM...tification pid-30977                            W  AvailableModulesNotification.loadModule():117 Module lom is not available
2026-01-23 00:09:38.771  2782-2782  LAUNCHER3               pid-2782                             D  BubbleTextView，(drawDotIfNecessary)Fotos, mForceHideDot: false, hasDot(): false, mDotParams.scale: 0.0, mDotParams.alpha : 255.0, isDotAnimRunning ?: false, mIsIconVisible : true
2026-01-23 00:09:38.771  2782-2782  LAUNCHER3               pid-2782                             D  BubbleTextView，(drawDotIfNecessary)Fotos, mForceHideDot: false, hasDot(): false, mDotParams.scale: 0.0, mDotParams.alpha : 255.0, isDotAnimRunning ?: false, mIsIconVisible : true
2026-01-23 00:09:38.771  2782-2782  LAUNCHER3               pid-2782                             D  BubbleTextView，(drawDotIfNecessary)Fruit Shooting- Sharp Knife, mForceHideDot: false, hasDot(): false, mDotParams.scale: 0.0, mDotParams.alpha : 255.0, isDotAnimRunning ?: false, mIsIconVisible : true
2026-01-23 00:09:38.772  2782-2782  LAUNCHER3               pid-2782                             D  BubbleTextView，(drawDotIfNecessary)Gerenciador do telefone, mForceHideDot: false, hasDot(): false, mDotParams.scale: 0.0, mDotParams.alpha : 255.0, isDotAnimRunning ?: false, mIsIconVisible : true
2026-01-23 00:09:38.775  2782-2782  LAUNCHER3               pid-2782                             D  Branch-CommonUIController, showKeyBoard showOptimizefalse showServicefalse
2026-01-23 00:09:38.775  2782-2782  LAUNCHER3               pid-2782                             D  ActivityAppsSearchContainerLayout, showKeyboard===
2026-01-23 00:09:38.775  2782-2782  CustomSearchViewAnimate pid-2782                             D  changeStateWithAnimation: same state , return. targetState = 1
2026-01-23 00:09:38.776  1239-1387  InputReader             pid-1239                             D  dispatchTouches action MOVE now(ns): 6400264815960
2026-01-23 00:09:38.777  1239-1387  InputReader             pid-1239                             D  notifyMotion call dispatcher
2026-01-23 00:09:38.777  2782-2782  LAUNCHER3               pid-2782                             D  BubbleTextView，(drawDotIfNecessary)Agenda, mForceHideDot: false, hasDot(): false, mDotParams.scale: 0.0, mDotParams.alpha : 255.0, isDotAnimRunning ?: false, mIsIconVisible : true
2026-01-23 00:09:38.778  2782-2782  LAUNCHER3               pid-2782                             D  BubbleTextView，(drawDotIfNecessary)AliExpress, mForceHideDot: false, hasDot(): false, mDotParams.scale: 0.0, mDotParams.alpha : 255.0, isDotAnimRunning ?: false, mIsIconVisible : true
2026-01-23 00:09:38.778  2782-2782  LAUNCHER3               pid-2782                             D  BubbleTextView，(drawDotIfNecessary)Aplicativos em destaque, mForceHideDot: false, hasDot(): true, mDotParams.scale: 1.0, mDotParams.alpha : 255.0, isDotAnimRunning ?: false, mIsIconVisible : true
2026-01-23 00:09:38.778  2782-2782  LAUNCHER3               pid-2782                             D  OplusDotRenderer, case dotOffsetX is larger than dotOffsetY
2026-01-23 00:09:38.778  2782-2782  LAUNCHER3               pid-2782                             D  OplusDotRenderer, current scale is : 1.0
2026-01-23 00:09:38.778  2782-2782  LAUNCHER3               pid-2782                             D  BubbleTextView，(drawDotIfNecessary)App Market, mForceHideDot: false, hasDot(): true, mDotParams.scale: 1.0, mDotParams.alpha : 255.0, isDotAnimRunning ?: false, mIsIconVisible : true
2026-01-23 00:09:38.778  2782-2782  LAUNCHER3               pid-2782                             D  OplusDotRenderer, case dotOffsetX is larger than dotOffsetY
2026-01-23 00:09:38.778  2782-2782  LAUNCHER3               pid-2782                             D  OplusDotRenderer, current scale is : 1.0
2026-01-23 00:09:38.778  2782-2782  LAUNCHER3               pid-2782                             D  BubbleTextView，(drawDotIfNecessary)AquaBlocks Puzzle Seas, mForceHideDot: false, hasDot(): false, mDotParams.scale: 0.0, mDotParams.alpha : 255.0, isDotAnimRunning ?: false, mIsIconVisible : true
2026-01-23 00:09:38.779  2782-2782  LAUNCHER3               pid-2782                             D  BubbleTextView，(drawDotIfNecessary)Assistente, mForceHideDot: false, hasDot(): false, mDotParams.scale: 0.0, mDotParams.alpha : 255.0, isDotAnimRunning ?: false, mIsIconVisible : true
2026-01-23 00:09:38.779  2782-2782  LAUNCHER3               pid-2782                             D  BubbleTextView，(drawDotIfNecessary)Block Blast!, mForceHideDot: false, hasDot(): false, mDotParams.scale: 0.0, mDotParams.alpha : 255.0, isDotAnimRunning ?: false, mIsIconVisible : true
2026-01-23 00:09:38.779  2782-2782  LAUNCHER3               pid-2782                             D  BubbleTextView，(drawDotIfNecessary)Booking.com, mForceHideDot: false, hasDot(): false, mDotParams.scale: 0.0, mDotParams.alpha : 255.0, isDotAnimRunning ?: false, mIsIconVisible : true
2026-01-23 00:09:38.779  2782-2782  LAUNCHER3               pid-2782                             D  BubbleTextView，(drawDotIfNecessary)Bubble Pop! - Shooter Puzzle, mForceHideDot: false, hasDot(): false, mDotParams.scale: 0.0, mDotParams.alpha : 255.0, isDotAnimRunning ?: false, mIsIconVisible : true
2026-01-23 00:09:38.779  2782-2782  LAUNCHER3               pid-2782                             D  BubbleTextView，(drawDotIfNecessary)Bússola, mForceHideDot: false, hasDot(): false, mDotParams.scale: 0.0, mDotParams.alpha : 255.0, isDotAnimRunning ?: false, mIsIconVisible : true
2026-01-23 00:09:38.779  2782-2782  LAUNCHER3               pid-2782                             D  BubbleTextView，(drawDotIfNecessary)Calculadora, mForceHideDot: false, hasDot(): false, mDotParams.scale: 0.0, mDotParams.alpha : 255.0, isDotAnimRunning ?: false, mIsIconVisible : true
2026-01-23 00:09:38.779  2782-2782  LAUNCHER3               pid-2782                             D  BubbleTextView，(drawDotIfNecessary)Câmera, mForceHideDot: false, hasDot(): false, mDotParams.scale: 0.0, mDotParams.alpha : 255.0, isDotAnimRunning ?: false, mIsIconVisible : true
2026-01-23 00:09:38.779  2782-2782  LAUNCHER3               pid-2782                             D  BubbleTextView，(drawDotIfNecessary)@Carteira, mForceHideDot: false, hasDot(): false, mDotParams.scale: 0.0, mDotParams.alpha : 255.0, isDotAnimRunning ?: false, mIsIconVisible : true
2026-01-23 00:09:38.779  2782-2782  LAUNCHER3               pid-2782                             D  BubbleTextView，(drawDotIfNecessary)Chrome, mForceHideDot: false, hasDot(): false, mDotParams.scale: 0.0, mDotParams.alpha : 255.0, isDotAnimRunning ?: false, mIsIconVisible : true
2026-01-23 00:09:38.779  2782-2782  LAUNCHER3               pid-2782                             D  BubbleTextView，(drawDotIfNecessary)Clima, mForceHideDot: false, hasDot(): false, mDotParams.scale: 0.0, mDotParams.alpha : 255.0, isDotAnimRunning ?: false, mIsIconVisible : true
2026-01-23 00:09:38.780  2782-2782  LAUNCHER3               pid-2782                             D  BubbleTextView，(drawDotIfNecessary)Clonar telefone, mForceHideDot: false, hasDot(): false, mDotParams.scale: 0.0, mDotParams.alpha : 255.0, isDotAnimRunning ?: false, mIsIconVisible : true
2026-01-23 00:09:38.780  2782-2782  LAUNCHER3               pid-2782                             D  BubbleTextView，(drawDotIfNecessary)Collect Ball - Match Em All, mForceHideDot: false, hasDot(): false, mDotParams.scale: 0.0, mDotParams.alpha : 255.0, isDotAnimRunning ?: false, mIsIconVisible : true
2026-01-23 00:09:38.780  2782-2782  LAUNCHER3               pid-2782                             D  BubbleTextView，(drawDotIfNecessary)Configurações, mForceHideDot: false, hasDot(): false, mDotParams.scale: 0.0, mDotParams.alpha : 255.0, isDotAnimRunning ?: false, mIsIconVisible : true
2026-01-23 00:09:38.780  2782-2782  LAUNCHER3               pid-2782                             D  BubbleTextView，(drawDotIfNecessary)Contatos, mForceHideDot: false, hasDot(): false, mDotParams.scale: 0.0, mDotParams.alpha : 255.0, isDotAnimRunning ?: false, mIsIconVisible : true
2026-01-23 00:09:38.780  2782-2782  LAUNCHER3               pid-2782                             D  BubbleTextView，(drawDotIfNecessary)Credit Smart, mForceHideDot: false, hasDot(): false, mDotParams.scale: 0.0, mDotParams.alpha : 255.0, isDotAnimRunning ?: false, mIsIconVisible : true
2026-01-23 00:09:38.780  2782-2782  LAUNCHER3               pid-2782                             D  BubbleTextView，(drawDotIfNecessary)Defeat Zombie:Defense Strategy, mForceHideDot: false, hasDot(): false, mDotParams.scale: 0.0, mDotParams.alpha : 255.0, isDotAnimRunning ?: false, mIsIconVisible : true
2026-01-23 00:09:38.780  2782-2782  LAUNCHER3               pid-2782                             D  BubbleTextView，(drawDotIfNecessary)@Drive, mForceHideDot: false, hasDot(): false, mDotParams.scale: 0.0, mDotParams.alpha : 255.0, isDotAnimRunning ?: false, mIsIconVisible : true
2026-01-23 00:09:38.780  2782-2782  LAUNCHER3               pid-2782                             D  BubbleTextView，(drawDotIfNecessary)Emergência, mForceHideDot: false, hasDot(): false, mDotParams.scale: 0.0, mDotParams.alpha : 255.0, isDotAnimRunning ?: false, mIsIconVisible : true
2026-01-23 00:09:38.780  2782-2782  LAUNCHER3               pid-2782                             D  BubbleTextView，(drawDotIfNecessary)Facebook, mForceHideDot: false, hasDot(): false, mDotParams.scale: 0.0, mDotParams.alpha : 255.0, isDotAnimRunning ?: false, mIsIconVisible : true
2026-01-23 00:09:38.781  2782-2782  LAUNCHER3               pid-2782                             D  BubbleTextView，(drawDotIfNecessary)@Files, mForceHideDot: false, hasDot(): false, mDotParams.scale: 0.0, mDotParams.alpha : 255.0, isDotAnimRunning ?: false, mIsIconVisible : true
2026-01-23 00:09:38.781  2782-2782  LAUNCHER3               pid-2782                             D  BubbleTextView，(drawDotIfNecessary)Fitbit, mForceHideDot: false, hasDot(): false, mDotParams.scale: 0.0, mDotParams.alpha : 255.0, isDotAnimRunning ?: false, mIsIconVisible : true
2026-01-23 00:09:38.781  2782-2782  LAUNCHER3               pid-2782                             D  BubbleTextView，(drawDotIfNecessary)Fotos, mForceHideDot: false, hasDot(): false, mDotParams.scale: 0.0, mDotParams.alpha : 255.0, isDotAnimRunning ?: false, mIsIconVisible : true
2026-01-23 00:09:38.781  2782-2782  LAUNCHER3               pid-2782                             D  BubbleTextView，(drawDotIfNecessary)Fotos, mForceHideDot: false, hasDot(): false, mDotParams.scale: 0.0, mDotParams.alpha : 255.0, isDotAnimRunning ?: false, mIsIconVisible : true
2026-01-23 00:09:38.781  2782-2782  LAUNCHER3               pid-2782                             D  BubbleTextView，(drawDotIfNecessary)Fruit Shooting- Sharp Knife, mForceHideDot: false, hasDot(): false, mDotParams.scale: 0.0, mDotParams.alpha : 255.0, isDotAnimRunning ?: false, mIsIconVisible : true
2026-01-23 00:09:38.781  2782-2782  LAUNCHER3               pid-2782                             D  BubbleTextView，(drawDotIfNecessary)Gerenciador do telefone, mForceHideDot: false, hasDot(): false, mDotParams.scale: 0.0, mDotParams.alpha : 255.0, isDotAnimRunning ?: false, mIsIconVisible : true
2026-01-23 00:09:38.782  1239-1387  InputReader             pid-1239                             D  dispatchTouches action MOVE now(ns): 6400270225190
2026-01-23 00:09:38.782  1239-1387  InputReader             pid-1239                             D  notifyMotion call dispatcher
2026-01-23 00:09:38.782  1239-6939  AlarmManagerService     pid-1239                             D  set alarm to kernel: 6615.579000000, type=2 
2026-01-23 00:09:38.783  1239-6939  AlarmManagerService     pid-1239                             D  set alarm to kernel: 6507.556000000, type=3 
2026-01-23 00:09:38.784  2782-2782  LAUNCHER3               pid-2782                             D  Branch-CommonUIController, showKeyBoard showOptimizefalse showServicefalse
2026-01-23 00:09:38.784  2782-2782  LAUNCHER3               pid-2782                             D  ActivityAppsSearchContainerLayout, showKeyboard===
2026-01-23 00:09:38.784  2782-2782  CustomSearchViewAnimate pid-2782                             D  changeStateWithAnimation: same state , return. targetState = 1
2026-01-23 00:09:38.786 30977-30977 KeyboardHeightUtil      pid-30977                            I  KeyboardHeightUtil.getOemKeyboardHeightRatio():175 systemKeyboardHeightRatio:1.000000.
2026-01-23 00:09:38.787 30977-30977 AndroidIME              pid-30977                            I  AbstractIme.onActivate():90 LatinIme.onActivate() : EditorInfo = EditorInfo{packageName=com.android.launcher3, inputType=90001, inputTypeString=Normal, enableLearning=false, autoCorrection=false, autoComplete=false, imeOptions=3, privateImeOptions=null, actionName=SEARCH, actionLabel=null, initialSelStart=0, initialSelEnd=0, initialCapsMode=3000, label=null, fieldId=2131297221, fieldName=null, extras=null, hintText=non-empty, hintLocales=[]}, IncognitoMode = false, DeviceLocked = false
2026-01-23 00:09:38.787  2782-2782  LAUNCHER3               pid-2782                             D  BubbleTextView，(drawDotIfNecessary)Agenda, mForceHideDot: false, hasDot(): false, mDotParams.scale: 0.0, mDotParams.alpha : 255.0, isDotAnimRunning ?: false, mIsIconVisible : true
2026-01-23 00:09:38.787  1239-1387  InputReader             pid-1239                             I  processEventsLocked: type=3 Count=4 code=57 value=-1 deviceId=4 when=6400275561000
2026-01-23 00:09:38.787  1239-1387  InputReader             pid-1239                             D  dispatchTouches action UP now(ns): 6400275750690
2026-01-23 00:09:38.787  2782-2782  LAUNCHER3               pid-2782                             D  BubbleTextView，(drawDotIfNecessary)AliExpress, mForceHideDot: false, hasDot(): false, mDotParams.scale: 0.0, mDotParams.alpha : 255.0, isDotAnimRunning ?: false, mIsIconVisible : true
2026-01-23 00:09:38.787  1239-1387  InputReader             pid-1239                             D  notifyMotion call dispatcher
2026-01-23 00:09:38.787  2782-2782  LAUNCHER3               pid-2782                             D  BubbleTextView，(drawDotIfNecessary)Aplicativos em destaque, mForceHideDot: false, hasDot(): true, mDotParams.scale: 1.0, mDotParams.alpha : 255.0, isDotAnimRunning ?: false, mIsIconVisible : true
2026-01-23 00:09:38.787  2782-2782  LAUNCHER3               pid-2782                             D  OplusDotRen