2025-12-06 11:53:27.223 31466-1190  SettingsGuardService    com.cdccreditsmart.app               D     Pacote: com.android.settings
2025-12-06 11:53:27.841 31466-1190  SettingsGuardService    com.cdccreditsmart.app               D  ðŸ“‹ SubSettings detectado (navegaÃ§Ã£o permitida)
2025-12-06 11:53:27.841 31466-1190  SettingsGuardService    com.cdccreditsmart.app               D     Pacote: com.android.settings
2025-12-06 11:53:27.841 31466-1190  SettingsGuardService    com.cdccreditsmart.app               D     NOTA: NÃ£o veio de caminho perigoso
2025-12-06 11:53:27.841 31466-1190  SettingsGuardService    com.cdccreditsmart.app               D  ðŸ“‹ Activity em Settings (permitida): com.android.settings.SubSettings
2025-12-06 11:53:27.841 31466-1190  SettingsGuardService    com.cdccreditsmart.app               D     Pacote: com.android.settings
2025-12-06 11:53:28.448 31466-1190  SettingsGuardService    com.cdccreditsmart.app               D  ðŸ“‹ SubSettings detectado (navegaÃ§Ã£o permitida)
2025-12-06 11:53:28.448 31466-1190  SettingsGuardService    com.cdccreditsmart.app               D     Pacote: com.android.settings
2025-12-06 11:53:28.448 31466-1190  SettingsGuardService    com.cdccreditsmart.app               D     NOTA: NÃ£o veio de caminho perigoso
2025-12-06 11:53:28.449 31466-1190  SettingsGuardService    com.cdccreditsmart.app               D  ðŸ“‹ Activity em Settings (permitida): com.android.settings.SubSettings
2025-12-06 11:53:28.449 31466-1190  SettingsGuardService    com.cdccreditsmart.app               D     Pacote: com.android.settings
2025-12-06 11:53:29.057 31466-1190  SettingsGuardService    com.cdccreditsmart.app               D  ðŸ“‹ ConfirmaÃ§Ã£o detectada (sem caminho perigoso anterior)
2025-12-06 11:53:29.057 31466-1190  SettingsGuardService    com.cdccreditsmart.app               D     Activity: ConfirmLockPassword
2025-12-06 11:53:29.057 31466-1190  SettingsGuardService    com.cdccreditsmart.app               D     NOTA: Provavelmente desbloqueio normal
2025-12-06 11:53:29.057 31466-1190  SettingsGuardService    com.cdccreditsmart.app               D  ðŸ“‹ Activity em Settings (permitida): com.android.settings.password.ConfirmLockPassword
2025-12-06 11:53:29.057 31466-1190  SettingsGuardService    com.cdccreditsmart.app               D     Pacote: com.android.settings
2025-12-06 11:53:29.673 31466-1190  SettingsGuardService    com.cdccreditsmart.app               D  ðŸ“‹ ConfirmaÃ§Ã£o detectada (sem caminho perigoso anterior)
2025-12-06 11:53:29.673 31466-1190  SettingsGuardService    com.cdccreditsmart.app               D     Activity: ConfirmLockPassword
2025-12-06 11:53:29.673 31466-1190  SettingsGuardService    com.cdccreditsmart.app               D     NOTA: Provavelmente desbloqueio normal
2025-12-06 11:53:29.673 31466-1190  SettingsGuardService    com.cdccreditsmart.app               D  ðŸ“‹ Activity em Settings (permitida): com.android.settings.password.ConfirmLockPassword
2025-12-06 11:53:29.673 31466-1190  SettingsGuardService    com.cdccreditsmart.app               D     Pacote: com.android.settings
2025-12-06 11:53:30.280 31466-1190  SettingsGuardService    com.cdccreditsmart.app               D  ðŸ“‹ SubSettings detectado (navegaÃ§Ã£o permitida)
2025-12-06 11:53:30.280 31466-1190  SettingsGuardService    com.cdccreditsmart.app               D     Pacote: com.android.settings
2025-12-06 11:53:30.280 31466-1190  SettingsGuardService    com.cdccreditsmart.app               D     NOTA: NÃ£o veio de caminho perigoso
2025-12-06 11:53:30.281 31466-1190  SettingsGuardService    com.cdccreditsmart.app               D  ðŸ“‹ Activity em Settings (permitida): com.android.settings.SubSettings
2025-12-06 11:53:30.281 31466-1190  SettingsGuardService    com.cdccreditsmart.app               D     Pacote: com.android.settings
2025-12-06 11:53:30.900 31466-1190  SettingsGuardService    com.cdccreditsmart.app               D  ðŸ“‹ SubSettings detectado (navegaÃ§Ã£o permitida)
2025-12-06 11:53:30.900 31466-1190  SettingsGuardService    com.cdccreditsmart.app               D     Pacote: com.android.settings
2025-12-06 11:53:30.900 31466-1190  SettingsGuardService    com.cdccreditsmart.app               D     NOTA: NÃ£o veio de caminho perigoso
2025-12-06 11:53:30.901 31466-1190  SettingsGuardService    com.cdccreditsmart.app               D  ðŸ“‹ Activity em Settings (permitida): com.android.settings.SubSettings
2025-12-06 11:53:30.901 31466-1190  SettingsGuardService    com.cdccreditsmart.app               D     Pacote: com.android.settings
2025-12-06 11:53:31.508 31466-1190  SettingsGuardService    com.cdccreditsmart.app               W  âš ï¸ Caminho perigoso detectado: Settings$SystemDashboardActivity
2025-12-06 11:53:31.508 31466-1190  SettingsGuardService    com.cdccreditsmart.app               W     SubSettings que vier agora serÃ¡ BLOQUEADO!
2025-12-06 11:53:31.509 31466-1190  SettingsGuardService    com.cdccreditsmart.app               D  ðŸ”„ Reset tracking - voltou para Ã¡rea segura
2025-12-06 11:53:31.509 31466-1190  SettingsGuardService    com.cdccreditsmart.app               D  ðŸ“‹ Activity em Settings (permitida): com.android.settings.Settings$SystemDashboardActivity
2025-12-06 11:53:31.509 31466-1190  SettingsGuardService    com.cdccreditsmart.app               D     Pacote: com.android.settings
2025-12-06 11:53:32.118 31466-1190  SettingsGuardService    com.cdccreditsmart.app               W  âš ï¸ Caminho perigoso detectado: Settings$SystemDashboardActivity
2025-12-06 11:53:32.118 31466-1190  SettingsGuardService    com.cdccreditsmart.app               W     SubSettings que vier agora serÃ¡ BLOQUEADO!
2025-12-06 11:53:32.118 31466-1190  SettingsGuardService    com.cdccreditsmart.app               D  ðŸ”„ Reset tracking - voltou para Ã¡rea segura
2025-12-06 11:53:32.118 31466-1190  SettingsGuardService    com.cdccreditsmart.app               D  ðŸ“‹ Activity em Settings (permitida): com.android.settings.Settings$SystemDashboardActivity
2025-12-06 11:53:32.118 31466-1190  SettingsGuardService    com.cdccreditsmart.app               D     Pacote: com.android.settings
2025-12-06 11:53:32.729 31466-1190  SettingsGuardService    com.cdccreditsmart.app               W  âš ï¸ Caminho perigoso detectado: Settings$SystemDashboardActivity
2025-12-06 11:53:32.729 31466-1190  SettingsGuardService    com.cdccreditsmart.app               W     SubSettings que vier agora serÃ¡ BLOQUEADO!
2025-12-06 11:53:32.730 31466-1190  SettingsGuardService    com.cdccreditsmart.app               D  ðŸ”„ Reset tracking - voltou para Ã¡rea segura
2025-12-06 11:53:32.730 31466-1190  SettingsGuardService    com.cdccreditsmart.app               D  ðŸ“‹ Activity em Settings (permitida): com.android.settings.Settings$SystemDashboardActivity
2025-12-06 11:53:32.730 31466-1190  SettingsGuardService    com.cdccreditsmart.app               D     Pacote: com.android.settings
2025-12-06 11:53:35.156 31466-1190  SettingsGuardService    com.cdccreditsmart.app               D  ðŸ“‹ Activity em Settings (permitida): com.transsion.settings.homepage.SettingsHomeActivity
2025-12-06 11:53:35.156 31466-1190  SettingsGuardService    com.cdccreditsmart.app               D     Pacote: com.android.settings
2025-12-06 11:53:35.762 31466-1190  SettingsGuardService    com.cdccreditsmart.app               D  ðŸ“‹ Activity em Settings (permitida): com.transsion.settings.homepage.SettingsHomeActivity
2025-12-06 11:53:35.762 31466-1190  SettingsGuardService    com.cdccreditsmart.app               D     Pacote: com.android.settings
2025-12-06 11:53:36.296 31466-31466 WebSocketManager        com.cdccreditsmart.app               D  Heartbeat ping sent
2025-12-06 11:53:36.370 31466-1190  SettingsGuardService    com.cdccreditsmart.app               D  ðŸ“‹ Activity em Settings (permitida): com.transsion.settings.homepage.SettingsHomeActivity
2025-12-06 11:53:36.370 31466-1190  SettingsGuardService    com.cdccreditsmart.app               D     Pacote: com.android.settings
2025-12-06 11:53:36.548 31466-1355  WebSocketManager        com.cdccreditsmart.app               D  Message received: {"type":"pong","timestamp":"2025-12-06T14:53:36.924Z"}...
2025-12-06 11:53:36.548 31466-1355  WebSocketManager        com.cdccreditsmart.app               D  Received message type: pong
2025-12-06 11:53:36.548 31466-1355  WebSocketManager        com.cdccreditsmart.app               D  Pong received
2025-12-06 11:53:36.979 31466-1190  SettingsGuardService    com.cdccreditsmart.app               D  ðŸ“‹ Activity em Settings (permitida): com.transsion.settings.homepage.SettingsHomeActivity
2025-12-06 11:53:36.979 31466-1190  SettingsGuardService    com.cdccreditsmart.app               D     Pacote: com.android.settings
2025-12-06 11:53:42.653 31466-1190  MdmCommandReceiver      com.cdccreditsmart.app               I  ðŸ” [Polling #3] Verificando comandos pendentes...
2025-12-06 11:53:42.663 31466-1190  SecureTokenStorage      com.cdccreditsmart.app               D  âš ï¸ Usando Serial Number para MDM (IMEI indisponÃ­vel): VY9DB9...
2025-12-06 11:53:42.663 31466-1190  MdmCommandReceiver      com.cdccreditsmart.app               I  ðŸ” ========================================
2025-12-06 11:53:42.663 31466-1190  MdmCommandReceiver      com.cdccreditsmart.app               I  ðŸ” BUSCANDO COMANDOS PENDENTES
2025-12-06 11:53:42.663 31466-1190  MdmCommandReceiver      com.cdccreditsmart.app               I  ðŸ” ========================================
2025-12-06 11:53:42.664 31466-1190  MdmCommandReceiver      com.cdccreditsmart.app               I  ðŸ” Identifier: VY9DB9EC
2025-12-06 11:53:42.664 31466-1190  MdmCommandReceiver      com.cdccreditsmart.app               I  ðŸ” Endpoint: GET /api/apk/device/VY9DB9EC/commands
2025-12-06 11:53:42.666 31466-1190  MdmCommandReceiver      com.cdccreditsmart.app               D  ðŸ” Executando requisiÃ§Ã£o HTTP (timeout: 15s)...
2025-12-06 11:53:42.676 31466-1492  okhttp.OkHttpClient     com.cdccreditsmart.app               I  --> GET https://cdccreditsmart.com/api/apk/device/VY9DB9EC/commands
2025-12-06 11:53:42.676 31466-1492  okhttp.OkHttpClient     com.cdccreditsmart.app               I  --> END GET
2025-12-06 11:53:43.037 31466-1190  SettingsGuardService    com.cdccreditsmart.app               W  ðŸŽ¯ PACOTE DE SEGURANÃ‡A DETECTADO - SEMPRE PERIGOSO!
2025-12-06 11:53:43.037 31466-1190  SettingsGuardService    com.cdccreditsmart.app               W     Pacote: com.transsion.applock
2025-12-06 11:53:43.037 31466-1190  SettingsGuardService    com.cdccreditsmart.app               W     Activity: com.transsion.applock.activity.ChooseLockActivity
2025-12-06 11:53:43.037 31466-1190  SettingsGuardService    com.cdccreditsmart.app               W  ðŸš¨ ÃREA PERIGOSA DETECTADA!
2025-12-06 11:53:43.037 31466-1190  SettingsGuardService    com.cdccreditsmart.app               W     Pacote: com.transsion.applock
2025-12-06 11:53:43.037 31466-1190  SettingsGuardService    com.cdccreditsmart.app               W     Atividade: com.transsion.applock.activity.ChooseLockActivity
2025-12-06 11:53:43.037 31466-1190  SettingsGuardService    com.cdccreditsmart.app               W     Chamando app para foreground...
2025-12-06 11:53:43.074 31466-31466 SettingsGuardService    com.cdccreditsmart.app               D  ðŸ  Enviado para Home primeiro (fecha Settings)
2025-12-06 11:53:43.253 31466-31466 SettingsGuardService    com.cdccreditsmart.app               I  âœ… App trazido para foreground
2025-12-06 11:53:43.253 31466-31466 ActivityThread          com.cdccreditsmart.app               D  mToDestroying.remove:ActivityRecord{97cd850 token=android.os.BinderProxy@68042d6 {com.cdccreditsmart.app/com.cdccreditsmart.app.presentation.MainActivity}}
2025-12-06 11:53:43.275 31466-31466 WindowOnBackDispatcher  com.cdccreditsmart.app               W  sendCancelIfRunning: isInProgress=false callback=android.app.Activity$$ExternalSyntheticLambda0@4a66e2f
2025-12-06 11:53:43.277 31466-31466 View                    com.cdccreditsmart.app               D  [Warning] assignParent to null: this = DecorView@7f80dc2[MainActivity]
2025-12-06 11:53:43.301 31466-3540  libMEOW                 com.cdccreditsmart.app               D  meow new tls: 0xb400007672c13180
2025-12-06 11:53:43.301 31466-3540  libMEOW                 com.cdccreditsmart.app               D  applied 1 plugins for [com.cdccreditsmart.app]:
2025-12-06 11:53:43.301 31466-3540  libMEOW                 com.cdccreditsmart.app               D    plugin 1: [libMEOW_gift.so]: 0xb400007592aab840
2025-12-06 11:53:43.302 31466-3540  libMEOW                 com.cdccreditsmart.app               D  rebuild call chain: 0xb400007672c531c0
2025-12-06 11:53:43.302 31466-3540  libMEOW                 com.cdccreditsmart.app               D  meow delete tls: 0xb400007672c13180
2025-12-06 11:53:43.307 31466-31466 ActivityThread          com.cdccreditsmart.app               D  ++ activityComponent:com.cdccreditsmart.app/com.cdccreditsmart.app.presentation.MainActivity counts:1 ALEAK_CLEAR_SUPPORT:true
2025-12-06 11:53:43.318 31466-1190  PersistentStateManager  com.cdccreditsmart.app               D  Nenhum estado local encontrado
2025-12-06 11:53:43.318 31466-1190  PersistentStateManager  com.cdccreditsmart.app               D  ðŸ†• Sem estado local - device novo ou pÃ³s factory reset
2025-12-06 11:53:43.318 31466-1190  MainActivity            com.cdccreditsmart.app               I  ðŸ†• Device nunca foi provisionado
2025-12-06 11:53:43.318 31466-31466 MainActivity            com.cdccreditsmart.app               I  ========================================
2025-12-06 11:53:43.318 31466-31466 MainActivity            com.cdccreditsmart.app               I  ðŸ“± SOLICITANDO PERMISSÃ•ES (NÃƒO DEVICE OWNER)
2025-12-06 11:53:43.318 31466-31466 MainActivity            com.cdccreditsmart.app               I  ========================================
2025-12-06 11:53:43.318 31466-31466 MainActivity            com.cdccreditsmart.app               I  âœ… Todas as runtime permissions jÃ¡ foram concedidas!
2025-12-06 11:53:43.318 31466-31466 SpecialPermissionReq    com.cdccreditsmart.app               I  ========================================
2025-12-06 11:53:43.318 31466-31466 SpecialPermissionReq    com.cdccreditsmart.app               I  ðŸ“Š STATUS DAS PERMISSÃ•ES ESPECIAIS
2025-12-06 11:53:43.318 31466-31466 SpecialPermissionReq    com.cdccreditsmart.app               I  ========================================
2025-12-06 11:53:43.319 31466-31466 SpecialPermissionReq    com.cdccreditsmart.app               I    USAGE_STATS: âœ… CONCEDIDA
2025-12-06 11:53:43.319 31466-31466 SpecialPermissionReq    com.cdccreditsmart.app               I    OVERLAY: âœ… CONCEDIDA
2025-12-06 11:53:43.320 31466-31466 SpecialPermissionReq    com.cdccreditsmart.app               I  
2025-12-06 11:53:43.320 31466-31466 SpecialPermissionReq    com.cdccreditsmart.app               I  âœ… Todas as permissÃµes especiais concedidas!
2025-12-06 11:53:43.320 31466-31466 SpecialPermissionReq    com.cdccreditsmart.app               I     ProteÃ§Ã£o anti-desinstalaÃ§Ã£o ativa.
2025-12-06 11:53:43.320 31466-31466 SpecialPermissionReq    com.cdccreditsmart.app               I  ========================================
2025-12-06 11:53:43.321 31466-31466 MainActivity            com.cdccreditsmart.app               I  âœ… Todas as permissÃµes especiais jÃ¡ foram concedidas!
2025-12-06 11:53:43.333 31466-31466 ActivityThread          com.cdccreditsmart.app               D  handleResumeActivity#3 r.window=nulla.mFinished = falsewillBeVisible = true
2025-12-06 11:53:43.333 31466-31466 ActivityThread          com.cdccreditsmart.app               D  handleResumeActivity#4 addView a.mVisibleFromClient=truea.mWindowAdded=falsedecor=DecorView@6dc4474[]
2025-12-06 11:53:43.333 31466-31466 ActivityThread          com.cdccreditsmart.app               D  handleResumeActivity#5 addView decor=DecorView@6dc4474[]
2025-12-06 11:53:43.336 31466-31466 VRI[MainActivity]       com.cdccreditsmart.app               D  hardware acceleration = true, forceHwAccelerated = false
2025-12-06 11:53:43.337 31466-31466 ViewRootImpl            com.cdccreditsmart.app               D  setView appearance:24 com.cdccreditsmart.app/com.cdccreditsmart.app.presentation.MainActivity
2025-12-06 11:53:43.340 31466-31466 InputEventReceiver      com.cdccreditsmart.app               D  Input log is disabled in InputEventReceiver.
2025-12-06 11:53:43.358 31466-1492  okhttp.OkHttpClient     com.cdccreditsmart.app               I  <-- 200 https://cdccreditsmart.com/api/apk/device/VY9DB9EC/commands (682ms)
2025-12-06 11:53:43.360 31466-1492  okhttp.OkHttpClient     com.cdccreditsmart.app               I  access-control-allow-credentials: true
2025-12-06 11:53:43.360 31466-1492  okhttp.OkHttpClient     com.cdccreditsmart.app               I  access-control-allow-headers: Origin, X-Requested-With, Content-Type, Accept, Authorization, x-client-key, x-client-token, x-client-secret, cache-control
2025-12-06 11:53:43.361 31466-1492  okhttp.OkHttpClient     com.cdccreditsmart.app               I  access-control-allow-methods: GET, POST, PUT, PATCH, DELETE, OPTIONS
2025-12-06 11:53:43.361 31466-1492  okhttp.OkHttpClient     com.cdccreditsmart.app               I  access-control-allow-origin: *
2025-12-06 11:53:43.361 31466-1492  okhttp.OkHttpClient     com.cdccreditsmart.app               I  access-control-max-age: 86400
2025-12-06 11:53:43.362 31466-1492  okhttp.OkHttpClient     com.cdccreditsmart.app               I  content-length: 105
2025-12-06 11:53:43.363 31466-1492  okhttp.OkHttpClient     com.cdccreditsmart.app               I  content-security-policy: default-src 'self'; script-src 'self' 'unsafe-inline' 'unsafe-eval' https://replit.com; style-src 'self' 'unsafe-inline' https://replit.com; img-src 'self' data: https:; font-src 'self' data: https://replit.com; connect-src 'self';
2025-12-06 11:53:43.363 31466-1492  okhttp.OkHttpClient     com.cdccreditsmart.app               I  content-type: application/json; charset=utf-8
2025-12-06 11:53:43.363 31466-1492  okhttp.OkHttpClient     com.cdccreditsmart.app               I  date: Sat, 06 Dec 2025 14:53:43 GMT
2025-12-06 11:53:43.363 31466-1492  okhttp.OkHttpClient     com.cdccreditsmart.app               I  etag: W/"69-8PetbeOP93W4v5dDvyWeYZadaf8"
2025-12-06 11:53:43.363 31466-1492  okhttp.OkHttpClient     com.cdccreditsmart.app               I  permissions-policy: geolocation=(), microphone=(), camera=()
2025-12-06 11:53:43.363 31466-1492  okhttp.OkHttpClient     com.cdccreditsmart.app               I  referrer-policy: strict-origin-when-cross-origin
2025-12-06 11:53:43.363 31466-1492  okhttp.OkHttpClient     com.cdccreditsmart.app               I  server: Google Frontend
2025-12-06 11:53:43.363 31466-1492  okhttp.OkHttpClient     com.cdccreditsmart.app               I  strict-transport-security: max-age=63072000; includeSubDomains
2025-12-06 11:53:43.363 31466-1492  okhttp.OkHttpClient     com.cdccreditsmart.app               I  strict-transport-security: max-age=31536000; includeSubDomains
2025-12-06 11:53:43.363 31466-1492  okhttp.OkHttpClient     com.cdccreditsmart.app               I  x-anti-fraud-protection: active
2025-12-06 11:53:43.363 31466-1492  okhttp.OkHttpClient     com.cdccreditsmart.app               I  x-certificate-pinning-enabled: false
2025-12-06 11:53:43.364 31466-1492  okhttp.OkHttpClient     com.cdccreditsmart.app               I  x-certificate-pinning-status: disabled-for-stability
2025-12-06 11:53:43.364 31466-1492  okhttp.OkHttpClient     com.cdccreditsmart.app               I  x-cloud-trace-context: 5e2820c23d867fbfe5be5ccf460407f4;o=1
2025-12-06 11:53:43.364 31466-1492  okhttp.OkHttpClient     com.cdccreditsmart.app               I  x-content-type-options: nosniff
2025-12-06 11:53:43.364 31466-1492  okhttp.OkHttpClient     com.cdccreditsmart.app               I  x-financial-data-protection: enabled
2025-12-06 11:53:43.366 31466-1492  okhttp.OkHttpClient     com.cdccreditsmart.app               I  x-frame-options: DENY
2025-12-06 11:53:43.367 31466-1492  okhttp.OkHttpClient     com.cdccreditsmart.app               I  x-transaction-security-level: maximum
2025-12-06 11:53:43.367 31466-1492  okhttp.OkHttpClient     com.cdccreditsmart.app               I  x-xss-protection: 1; mode=block
2025-12-06 11:53:43.367 31466-1492  okhttp.OkHttpClient     com.cdccreditsmart.app               I  via: 1.1 google
2025-12-06 11:53:43.368 31466-1492  okhttp.OkHttpClient     com.cdccreditsmart.app               I  alt-svc: h3=":443"; ma=2592000,h3-29=":443"; ma=2592000
2025-12-06 11:53:43.369 31466-1492  okhttp.OkHttpClient     com.cdccreditsmart.app               I  {"deviceId":"device_1764893130549_6se9ihqrhok","serialNumber":"VY9DB9EC","commandsCount":0,"commands":[]}
2025-12-06 11:53:43.371 31466-1492  okhttp.OkHttpClient     com.cdccreditsmart.app               I  <-- END HTTP (105-byte body)
2025-12-06 11:53:43.376 31466-1190  MdmCommandReceiver      com.cdccreditsmart.app               I  ðŸ” HTTP Response code: 200
2025-12-06 11:53:43.376 31466-1190  MdmCommandReceiver      com.cdccreditsmart.app               I  ðŸ” HTTP isSuccessful: true
2025-12-06 11:53:43.376 31466-1190  MdmCommandReceiver      com.cdccreditsmart.app               I  ðŸ” Response body deviceId: device_1764893130549_6se9ihqrhok
2025-12-06 11:53:43.376 31466-1190  MdmCommandReceiver      com.cdccreditsmart.app               I  ðŸ” Response body serialNumber: VY9DB9EC
2025-12-06 11:53:43.376 31466-1190  MdmCommandReceiver      com.cdccreditsmart.app               I  ðŸ” Total de comandos: 0
2025-12-06 11:53:43.376 31466-1190  MdmCommandReceiver      com.cdccreditsmart.app               D  âœ… Nenhum comando pendente no servidor
2025-12-06 11:53:43.376 31466-1190  MdmCommandReceiver      com.cdccreditsmart.app               D  ðŸ“Š Fetch duration: 712ms
2025-12-06 11:53:43.447 31466-31466 BufferQueueConsumer     com.cdccreditsmart.app               D  [](id:7aea00000006,api:0,p:-1,c:31466) connect: controlledByApp=false
2025-12-06 11:53:43.447 31466-31466 BLASTBufferQueue        com.cdccreditsmart.app               D  [VRI[MainActivity]#6](f:0,a:0) constructor()
2025-12-06 11:53:43.447 31466-31466 BLASTBufferQueue        com.cdccreditsmart.app               D  [VRI[MainActivity]#6](f:0,a:0) update width=1080 height=2436 format=-3 mTransformHint=0
2025-12-06 11:53:43.465 31466-1221  BLASTBufferQueue        com.cdccreditsmart.app               D  [VRI[MainActivity]#6](f:0,a:1) acquireNextBufferLocked size=1080x2436 mFrameNumber=1 applyTransaction=true mTimestamp=108106514023058(auto) mPendingTransactions.size=0 graphicBufferId=135145440935977 transform=0
2025-12-06 11:53:43.466 31466-31466 Choreographer           com.cdccreditsmart.app               W  Already have a pending vsync event.  There should only be one at a time.
2025-12-06 11:53:43.470 31466-31466 PermissionGateScreen    com.cdccreditsmart.app               I  ðŸ” VERIFICAÃ‡ÃƒO INICIAL DE PERMISSÃ•ES:
2025-12-06 11:53:43.470 31466-31466 PermissionGateScreen    com.cdccreditsmart.app               I     NÃ­vel: DEVICE_ADMIN
2025-12-06 11:53:43.470 31466-31466 PermissionGateScreen    com.cdccreditsmart.app               I     Todas concedidas: true
2025-12-06 11:53:43.470 31466-31466 PermissionGateScreen    com.cdccreditsmart.app               I     Bateria isenta: true
2025-12-06 11:53:43.470 31466-31466 PermissionGateScreen    com.cdccreditsmart.app               I     âœ… OK: Administrador do Dispositivo
2025-12-06 11:53:43.470 31466-31466 PermissionGateScreen    com.cdccreditsmart.app               I     âœ… OK: PermissÃµes BÃ¡sicas
2025-12-06 11:53:43.470 31466-31466 PermissionGateScreen    com.cdccreditsmart.app               I     âœ… OK: Monitoramento de Apps
2025-12-06 11:53:43.470 31466-31466 PermissionGateScreen    com.cdccreditsmart.app               I     âœ… OK: Mostrar Alertas
2025-12-06 11:53:43.470 31466-31466 PermissionGateScreen    com.cdccreditsmart.app               I     âœ… OK: ExecuÃ§Ã£o em Segundo Plano
2025-12-06 11:53:43.470 31466-31466 PermissionGateScreen    com.cdccreditsmart.app               I  âœ… TODAS AS PERMISSÃ•ES JÃ CONCEDIDAS - navegando imediatamente
2025-12-06 11:53:43.470 31466-31466 SettingsGuardService    com.cdccreditsmart.app               I  â–¶ï¸ Guard RETOMADO apÃ³s fluxo de permissÃµes
2025-12-06 11:53:43.484 31466-1348  SettingsGuardService    com.cdccreditsmart.app               I  âœ… App CDC em foreground - resetando contador
2025-12-06 11:53:43.533 31466-31466 DeviceOwnerCheckVM      com.cdccreditsmart.app               I  ========================================
2025-12-06 11:53:43.533 31466-31466 DeviceOwnerCheckVM      com.cdccreditsmart.app               I  ðŸ” Verificando status de Device Owner...
2025-12-06 11:53:43.570 31466-31466 InsetsController        com.cdccreditsmart.app               I  Insets animation onAnimationStart mShow:false, mDurationMs:340, types:statusBars
2025-12-06 11:53:43.936 31466-31466 InsetsController        com.cdccreditsmart.app               I  Insets animation onAnimationEnd
2025-12-06 11:53:44.040 31466-31466 DeviceUtils             com.cdccreditsmart.app               D  Device Owner check: false
2025-12-06 11:53:44.041 31466-31466 DeviceUtils             com.cdccreditsmart.app               D  Samsung device: false (Manufacturer: INFINIX)
2025-12-06 11:53:44.041 31466-31466 DeviceOwnerCheckVM      com.cdccreditsmart.app               W  âš ï¸ MODO DEBUG: UsuÃ¡rio jÃ¡ pulou provisionamento anteriormente
2025-12-06 11:53:44.041 31466-31466 DeviceOwnerCheckVM      com.cdccreditsmart.app               W  âš ï¸ Permitindo acesso sem Device Owner (decisÃ£o memorizada)
2025-12-06 11:53:44.041 31466-31466 DeviceOwnerCheckVM      com.cdccreditsmart.app               I  ========================================
2025-12-06 11:53:44.208 31466-31466 RouterViewModel         com.cdccreditsmart.app               D  ðŸš€ Iniciando verificaÃ§Ã£o de autenticaÃ§Ã£o...
2025-12-06 11:53:44.209 31466-1348  AuthOrchestrator        com.cdccreditsmart.app               D  ðŸ” Verificando autenticaÃ§Ã£o...
2025-12-06 11:53:44.211 31466-1348  AuthOrchestrator        com.cdccreditsmart.app               D  ðŸŒ Conectividade: ONLINE
2025-12-06 11:53:44.211 31466-1348  AuthOrchestrator        com.cdccreditsmart.app               D  ðŸ”„ ========== AUTO-DISCOVERY INICIADO ==========
2025-12-06 11:53:44.216 31466-1348  DeviceUtils             com.cdccreditsmart.app               E  SecurityException reading IMEI - permission denied (Ask Gemini)
                                                                                                    java.lang.SecurityException: getImeiForSlot: The uid 10301 does not meet the requirements to access device identifiers.
                                                                                                    	at android.os.Parcel.createExceptionOrNull(Parcel.java:3252)
                                                                                                    	at android.os.Parcel.createException(Parcel.java:3236)
                                                                                                    	at android.os.Parcel.readException(Parcel.java:3219)
                                                                                                    	at android.os.Parcel.readException(Parcel.java:3161)
                                                                                                    	at com.android.internal.telephony.ITelephony$Stub$Proxy.getImeiForSlot(ITelephony.java:12102)
                                                                                                    	at android.telephony.TelephonyManager.getImei(TelephonyManager.java:2356)
                                                                                                    	at android.telephony.TelephonyManager.getImei(TelephonyManager.java:2307)
                                                                                                    	at com.cdccreditsmart.app.utils.DeviceUtils.getDeviceImei(DeviceUtils.kt:106)
                                                                                                    	at com.cdccreditsmart.app.auth.AuthenticationOrchestrator.attemptAutoConnection(AuthenticationOrchestrator.kt:96)
                                                                                                    	at com.cdccreditsmart.app.auth.AuthenticationOrchestrator.access$attemptAutoConnection(AuthenticationOrchestrator.kt:28)
                                                                                                    	at com.cdccreditsmart.app.auth.AuthenticationOrchestrator$ensureAuthenticated$2.invokeSuspend(AuthenticationOrchestrator.kt:228)
                                                                                                    	at kotlin.coroutines.jvm.internal.BaseContinuationImpl.resumeWith(ContinuationImpl.kt:34)
                                                                                                    	at kotlinx.coroutines.DispatchedTask.run(DispatchedTask.kt:108)
                                                                                                    	at kotlinx.coroutines.internal.LimitedDispatcher$Worker.run(LimitedDispatcher.kt:115)
                                                                                                    	at kotlinx.coroutines.scheduling.TaskImpl.run(Tasks.kt:103)
                                                                                                    	at kotlinx.coroutines.scheduling.CoroutineScheduler.runSafely(CoroutineScheduler.kt:584)
                                                                                                    	at kotlinx.coroutines.scheduling.CoroutineScheduler$Worker.executeTask(CoroutineScheduler.kt:793)
                                                                                                    	at kotlinx.coroutines.scheduling.CoroutineScheduler$Worker.runWorker(CoroutineScheduler.kt:697)
                                                                                                    	at kotlinx.coroutines.scheduling.CoroutineScheduler$Worker.run(CoroutineScheduler.kt:684)
2025-12-06 11:53:44.216 31466-1348  AuthOrchestrator        com.cdccreditsmart.app               W  âš ï¸ IMEI nÃ£o disponÃ­vel (permissÃ£o negada ou emulador)
2025-12-06 11:53:44.217 31466-1348  AuthOrchestrator        com.cdccreditsmart.app               D     â†’ Fallback para pareamento manual
2025-12-06 11:53:44.217 31466-1348  ContractCodeStorage     com.cdccreditsmart.app               D  Retrieving contract code from storage
2025-12-06 11:53:44.526 31466-1348  ContractCodeStorage     com.cdccreditsmart.app               D  Storage verification: 7 valid, 0 tampered, 0 missing
2025-12-06 11:53:44.526 31466-1348  ContractCodeStorage     com.cdccreditsmart.app               D  Contract code retrieved successfully
2025-12-06 11:53:44.527 31466-1348  AuthOrchestrator        com.cdccreditsmart.app               D  âœ… CÃ³digo de pareamento encontrado: VY9D****
2025-12-06 11:53:44.529 31466-1348  AuthOrchestrator        com.cdccreditsmart.app               D  ðŸ”‘ Token existente encontrado - validando no servidor...
2025-12-06 11:53:44.540 31466-1492  okhttp.OkHttpClient     com.cdccreditsmart.app               I  --> GET https://cdccreditsmart.com/api/apk/device/status
2025-12-06 11:53:44.540 31466-1492  okhttp.OkHttpClient     com.cdccreditsmart.app               I  Authorization: Bearer eyJhbGciOiJIUzI1NiIsInR5cCI6IkpXVCJ9.eyJkZXZpY2VJZCI6ImRldmljZV8xNzY0ODkzMTMwNTQ5XzZzZTlpaHFyaG9rIiwiYXBrVG9rZW4iOiJWWTlEQjlFQyIsInR5cGUiOiJhcGsiLCJleHBpcmVzSW4iOiIyNGgiLCJpYXQiOjE3NjUwMjgxMTUsImV4cCI6MTc2NTExNDUxNX0.Zs1ApE_ghWMSOnPsS-3zjgPVCpgd2_neKm4JY71uQb4
2025-12-06 11:53:44.540 31466-1492  okhttp.OkHttpClient     com.cdccreditsmart.app               I  --> END GET
2025-12-06 11:53:44.764 31466-31466 TextSelection           com.cdccreditsmart.app               D  onUseCache cache=false
2025-12-06 11:53:44.835 31466-1397  ScrollPolicy            com.cdccreditsmart.app               I  BOOST_KSWAPD; duration: 3000
2025-12-06 11:53:44.840 31466-1397  PowerHalMgrImpl         com.cdccreditsmart.app               I  hdl:67814, pid:31466 
2025-12-06 11:53:44.849 31466-1397  PowerHalMgrImpl         com.cdccreditsmart.app               I  hdl:67816, pid:31466 
2025-12-06 11:53:44.934 31466-1397  ScrollPolicy            com.cdccreditsmart.app               I  BOOST_SCENE_4; duration: 0
2025-12-06 11:53:44.942 31466-1397  PowerHalMgrImpl         com.cdccreditsmart.app               I  hdl:67822, pid:31466 
2025-12-06 11:53:45.098 31466-1492  okhttp.OkHttpClient     com.cdccreditsmart.app               I  <-- 200 https://cdccreditsmart.com/api/apk/device/status (557ms)
2025-12-06 11:53:45.098 31466-1492  okhttp.OkHttpClient     com.cdccreditsmart.app               I  access-control-allow-credentials: true
2025-12-06 11:53:45.099 31466-1492  okhttp.OkHttpClient     com.cdccreditsmart.app               I  access-control-allow-headers: Origin, X-Requested-With, Content-Type, Accept, Authorization, x-client-key, x-client-token, x-client-secret, cache-control
2025-12-06 11:53:45.099 31466-1492  okhttp.OkHttpClient     com.cdccreditsmart.app               I  access-control-allow-methods: GET, POST, PUT, PATCH, DELETE, OPTIONS
2025-12-06 11:53:45.100 31466-1492  okhttp.OkHttpClient     com.cdccreditsmart.app               I  access-control-allow-origin: *
2025-12-06 11:53:45.100 31466-1492  okhttp.OkHttpClient     com.cdccreditsmart.app               I  access-control-max-age: 86400
2025-12-06 11:53:45.100 31466-1492  okhttp.OkHttpClient     com.cdccreditsmart.app               I  content-length: 625
2025-12-06 11:53:45.100 31466-1492  okhttp.OkHttpClient     com.cdccreditsmart.app               I  content-security-policy: default-src 'self'; script-src 'self' 'unsafe-inline' 'unsafe-eval' https://replit.com; style-src 'self' 'unsafe-inline' https://replit.com; img-src 'self' data: https:; font-src 'self' data: https://replit.com; connect-src 'self';
2025-12-06 11:53:45.100 31466-1492  okhttp.OkHttpClient     com.cdccreditsmart.app               I  content-type: application/json; charset=utf-8
2025-12-06 11:53:45.100 31466-1492  okhttp.OkHttpClient     com.cdccreditsmart.app               I  date: Sat, 06 Dec 2025 14:53:45 GMT
2025-12-06 11:53:45.100 31466-1492  okhttp.OkHttpClient     com.cdccreditsmart.app               I  etag: W/"271-Q7VLfrQMVdOdSZm222ZQWq+/Kug"
2025-12-06 11:53:45.100 31466-1492  okhttp.OkHttpClient     com.cdccreditsmart.app               I  permissions-policy: geolocation=(), microphone=(), camera=()
2025-12-06 11:53:45.100 31466-1492  okhttp.OkHttpClient     com.cdccreditsmart.app               I  referrer-policy: strict-origin-when-cross-origin
2025-12-06 11:53:45.100 31466-1492  okhttp.OkHttpClient     com.cdccreditsmart.app               I  server: Google Frontend
2025-12-06 11:53:45.100 31466-1492  okhttp.OkHttpClient     com.cdccreditsmart.app               I  strict-transport-security: max-age=63072000; includeSubDomains
2025-12-06 11:53:45.100 31466-1492  okhttp.OkHttpClient     com.cdccreditsmart.app               I  strict-transport-security: max-age=31536000; includeSubDomains
2025-12-06 11:53:45.100 31466-1492  okhttp.OkHttpClient     com.cdccreditsmart.app               I  x-anti-fraud-protection: active
2025-12-06 11:53:45.100 31466-1492  okhttp.OkHttpClient     com.cdccreditsmart.app               I  x-certificate-pinning-enabled: false
2025-12-06 11:53:45.100 31466-1492  okhttp.OkHttpClient     com.cdccreditsmart.app               I  x-certificate-pinning-status: disabled-for-stability
2025-12-06 11:53:45.100 31466-1492  okhttp.OkHttpClient     com.cdccreditsmart.app               I  x-cloud-trace-context: a7596d5078260537bafeb8531b04340b
2025-12-06 11:53:45.100 31466-1492  okhttp.OkHttpClient     com.cdccreditsmart.app               I  x-content-type-options: nosniff
2025-12-06 11:53:45.100 31466-1492  okhttp.OkHttpClient     com.cdccreditsmart.app               I  x-financial-data-protection: enabled
2025-12-06 11:53:45.100 31466-1492  okhttp.OkHttpClient     com.cdccreditsmart.app               I  x-frame-options: DENY
2025-12-06 11:53:45.101 31466-1492  okhttp.OkHttpClient     com.cdccreditsmart.app               I  x-transaction-security-level: maximum
2025-12-06 11:53:45.101 31466-1492  okhttp.OkHttpClient     com.cdccreditsmart.app               I  x-xss-protection: 1; mode=block
2025-12-06 11:53:45.101 31466-1492  okhttp.OkHttpClient     com.cdccreditsmart.app               I  via: 1.1 google
2025-12-06 11:53:45.101 31466-1492  okhttp.OkHttpClient     com.cdccreditsmart.app               I  alt-svc: h3=":443"; ma=2592000,h3-29=":443"; ma=2592000
2025-12-06 11:53:45.103 31466-1492  okhttp.OkHttpClient     com.cdccreditsmart.app               I  {"device":{"id":"device_1764893130549_6se9ihqrhok","serialNumber":"VY9DB9EC","name":"Moto G15 Power","isBlocked":false,"blockReason":null,"status":"active"},"shouldBlock":false,"overdueCount":0,"daysSinceOverdue":0,"pdvSession":{"status":"completed","currentStage":"completed","isActive":false,"lastHeartbeat":"2025-12-05T00:05:44.194Z","heartbeatAge":139681.234,"sessionStarted":"2025-12-05T00:05:32.879Z","sessionCompleted":"2025-12-05T00:05:44.194Z","shouldWait":false},"paymentInfo":{"totalInstallments":24,"paidInstallments":1,"remainingInstallments":23,"overdueInstallments":0,"allPaid":false,"canSelfUninstall":false}}
2025-12-06 11:53:45.104 31466-1492  okhttp.OkHttpClient     com.cdccreditsmart.app               I  <-- END HTTP (625-byte body)
2025-12-06 11:53:45.116 31466-1348  ContractCodeStorage     com.cdccreditsmart.app               D  Retrieving contract code from storage
2025-12-06 11:53:45.394 31466-1348  ContractCodeStorage     com.cdccreditsmart.app               D  Storage verification: 7 valid, 0 tampered, 0 missing
2025-12-06 11:53:45.396 31466-1348  ContractCodeStorage     com.cdccreditsmart.app               D  Contract code retrieved successfully
2025-12-06 11:53:45.401 31466-1348  ContractCodeStorage     com.cdccreditsmart.app               D  Saving contract code to redundant storage
2025-12-06 11:53:45.487 31466-31466 VRI[MainActivity]       com.cdccreditsmart.app               D  visibilityChanged oldVisibility=true newVisibility=false
2025-12-06 11:53:45.524 31466-31466 BLASTBufferQueue        com.cdccreditsmart.app               D  [VRI[MainActivity]#6](f:0,a:1) destructor()
2025-12-06 11:53:45.524 31466-31466 BufferQueueConsumer     com.cdccreditsmart.app               D  [VRI[MainActivity]#6(BLAST Consumer)6](id:7aea00000006,api:0,p:-1,c:31466) disconnect
2025-12-06 11:53:45.532 31466-1348  ContractCodeStorage     com.cdccreditsmart.app               D  Saved to EncryptedPrefs
2025-12-06 11:53:45.598 31466-1348  ContractCodeStorage     com.cdccreditsmart.app               D  Deleted existing file: .cdc_protected_code.enc
2025-12-06 11:53:45.629 31466-1348  ContractCodeStorage     com.cdccreditsmart.app               D  Successfully saved to file: .cdc_protected_code.enc
2025-12-06 11:53:45.629 31466-1348  ContractCodeStorage     com.cdccreditsmart.app               D  Saved to Protected Storage
2025-12-06 11:53:45.629 31466-1348  ContractCodeStorage     com.cdccreditsmart.app               D  Deleted existing file: .cdc_contract_b1.enc
2025-12-06 11:53:45.668 31466-1348  ContractCodeStorage     com.cdccreditsmart.app               D  Successfully saved to file: .cdc_contract_b1.enc
2025-12-06 11:53:45.668 31466-1348  ContractCodeStorage     com.cdccreditsmart.app               D  Deleted existing file: .sys_device_cfg.enc
2025-12-06 11:53:45.724 31466-1348  ContractCodeStorage     com.cdccreditsmart.app               D  Successfully saved to file: .sys_device_cfg.enc
2025-12-06 11:53:45.724 31466-1348  ContractCodeStorage     com.cdccreditsmart.app               D  Deleted existing file: .android_secure.enc
2025-12-06 11:53:45.854 31466-1348  ContractCodeStorage     com.cdccreditsmart.app               D  Successfully saved to file: .android_secure.enc
2025-12-06 11:53:45.908 31466-1348  ContractCodeStorage     com.cdccreditsmart.app               D  Contract code saved to ALL storage locations
2025-12-06 11:53:45.925 31466-1190  SettingsGuardService    com.cdccreditsmart.app               D  ðŸ“‹ Activity em Settings (permitida): com.transsion.settings.homepage.SettingsHomeActivity
2025-12-06 11:53:45.925 31466-1190  SettingsGuardService    com.cdccreditsmart.app               D     Pacote: com.android.settings
2025-12-06 11:53:46.195 31466-1348  ContractCodeStorage     com.cdccreditsmart.app               D  Verification complete: 7/7 locations valid
2025-12-06 11:53:46.196 31466-1348  SecureTokenStorage      com.cdccreditsmart.app               D  Auth token saved successfully (contract code via ContractCodeStorage, deviceId: device_176...)
2025-12-06 11:53:46.196 31466-1348  AuthOrchestrator        com.cdccreditsmart.app               D  ðŸ’¾ DeviceId salvo: device_176...
2025-12-06 11:53:46.197 31466-1348  AuthOrchestrator        com.cdccreditsmart.app               D  ValidaÃ§Ã£o do token no servidor: SUCESSO
2025-12-06 11:53:46.197 31466-1348  AuthOrchestrator        com.cdccreditsmart.app               D  âœ… Token vÃ¡lido - autenticaÃ§Ã£o OK!
2025-12-06 11:53:46.197 31466-1190  AuthOrchestrator        com.cdccreditsmart.app               D  ðŸ”” Registrando FCM token apÃ³s validaÃ§Ã£o de authToken...
2025-12-06 11:53:46.197 31466-31466 RouterViewModel         com.cdccreditsmart.app               D  âœ… Autenticado com sucesso
2025-12-06 11:53:46.198 31466-1190  FcmTokenManager         com.cdccreditsmart.app               D  ========== REGISTERING FCM TOKEN WITH BACKEND ==========
2025-12-06 11:53:46.201 31466-1190  FcmTokenManager         com.cdccreditsmart.app               D  Current FCM token retrieved: dAvz1R25RMO8E_jGWWoG...
2025-12-06 11:53:46.208 31466-1190  FcmTokenManager         com.cdccreditsmart.app               D  Token already registered and cache is valid, skipping...
2025-12-06 11:53:46.209 31466-1190  AuthOrchestrator        com.cdccreditsmart.app               D  âœ… FCM token registrado apÃ³s validaÃ§Ã£o
2025-12-06 11:53:46.280 31466-31466 TermsAcceptanceStorage  com.cdccreditsmart.app               D  hasAcceptedTermsForContract(VY9DB9EC): true (saved: VY9DB9EC)
2025-12-06 11:53:46.280 31466-31466 RouterViewModel         com.cdccreditsmart.app               D  âœ… Termos jÃ¡ aceitos - Ir para HOME
2025-12-06 11:53:46.381 31466-31466 SimpleHomeViewModel     com.cdccreditsmart.app               D  ðŸ“¡ Fetching device installments from /api/apk/device/installments...
2025-12-06 11:53:46.387 31466-3563  SimpleHomeViewModel     com.cdccreditsmart.app               D  âœ… Added Authorization header with token
2025-12-06 11:53:46.387 31466-3563  SimpleHomeViewModel     com.cdccreditsmart.app               D  ðŸ“¤ Request URL: https://cdccreditsmart.com/api/apk/device/installments
2025-12-06 11:53:46.533 31466-1190  SettingsGuardService    com.cdccreditsmart.app               D  ðŸ“‹ Activity em Settings (permitida): com.transsion.settings.homepage.SettingsHomeActivity
2025-12-06 11:53:46.533 31466-1190  SettingsGuardService    com.cdccreditsmart.app               D     Pacote: com.android.settings
2025-12-06 11:53:46.963 31466-1198  FA                      com.cdccreditsmart.app               I  Application backgrounded at: timestamp_millis: 1765032824962
2025-12-06 11:53:47.068 31466-3563  SimpleHomeViewModel     com.cdccreditsmart.app               D  ðŸ“¥ Response Code: 200
2025-12-06 11:53:47.083 31466-31466 SimpleHomeViewModel     com.cdccreditsmart.app               D  âœ… Successfully fetched installments data
2025-12-06 11:53:47.083 31466-31466 SimpleHomeViewModel     com.cdccreditsmart.app               D  ðŸ“Š Device: Moto G15 Power
2025-12-06 11:53:47.083 31466-31466 SimpleHomeViewModel     com.cdccreditsmart.app               D  ðŸ“Š Total installments: 24
2025-12-06 11:53:47.083 31466-31466 SimpleHomeViewModel     com.cdccreditsmart.app               D  ðŸ“Š Paid: 1
2025-12-06 11:53:47.083 31466-31466 SimpleHomeViewModel     com.cdccreditsmart.app               D  ðŸ“Š Overdue: 0
2025-12-06 11:53:47.084 31466-31466 SimpleHomeViewModel     com.cdccreditsmart.app               D  ðŸ“Š All installments count: 24
2025-12-06 11:53:47.084 31466-31466 SimpleHomeViewModel     com.cdccreditsmart.app               I  ðŸ’¾ Salvando dados do cliente no storage - CustomerName: 'null', DeviceModel: 'Moto G15 Power'
2025-12-06 11:53:47.084 31466-31466 SecureTokenStorage      com.cdccreditsmart.app               D  ðŸ’¾ Salvando customer info - Name: null, Device: Moto G15 Power
2025-12-06 11:53:47.084 31466-31466 SecureTokenStorage      com.cdccreditsmart.app               W  âš ï¸ CustomerName vazio/null - nÃ£o salvando
2025-12-06 11:53:47.085 31466-31466 SecureTokenStorage      com.cdccreditsmart.app               D  âœ… DeviceModel salvo: Moto G15 Power
2025-12-06 11:53:47.085 31466-31466 SecureTokenStorage      com.cdccreditsmart.app               I  âœ… Customer info saved successfully!
2025-12-06 11:53:47.085 31466-31466 ContractCodeStorage     com.cdccreditsmart.app               D  Retrieving contract code from storage
2025-12-06 11:53:47.141 31466-1190  SettingsGuardService    com.cdccreditsmart.app               D  ðŸ“‹ Activity em Settings (permitida): com.transsion.settings.homepage.SettingsHomeActivity
2025-12-06 11:53:47.141 31466-1190  SettingsGuardService    com.cdccreditsmart.app               D     Pacote: com.android.settings
2025-12-06 11:53:47.365 31466-31466 ContractCodeStorage     com.cdccreditsmart.app               D  Storage verification: 7 valid, 0 tampered, 0 missing
2025-12-06 11:53:47.365 31466-31466 ContractCodeStorage     com.cdccreditsmart.app               D  Contract code retrieved successfully
2025-12-06 11:53:47.430 31466-31466 LocalInstallmentStorage com.cdccreditsmart.app               I  âœ… 24 parcelas salvas localmente (contrato: VY9DB9EC)
2025-12-06 11:53:47.430 31466-31466 SimpleHomeViewModel     com.cdccreditsmart.app               I  âœ… 24 parcelas salvas localmente
2025-12-06 11:53:47.430 31466-31466 SimpleHomeViewModel     com.cdccreditsmart.app               I     â†’ 0 em atraso
2025-12-06 11:53:47.430 31466-31466 SimpleHomeViewModel     com.cdccreditsmart.app               I     â†’ 1 pagas
2025-12-06 11:53:47.430 31466-31466 SimpleHomeViewModel     com.cdccreditsmart.app               I     â†’ Dados disponÃ­veis para overlay e offline blocking
2025-12-06 11:54:01.097 31466-1190  SettingsGuardService    com.cdccreditsmart.app               D  ðŸ“‹ Activity em Settings (permitida): com.transsion.settings.homepage.SettingsHomeActivity
2025-12-06 11:54:01.097 31466-1190  SettingsGuardService    com.cdccreditsmart.app               D     Pacote: com.android.settings
2025-12-06 11:54:01.704 31466-1190  SettingsGuardService    com.cdccreditsmart.app               D  ðŸ“‹ Activity em Settings (permitida): com.transsion.settings.homepage.SettingsHomeActivity
2025-12-06 11:54:01.704 31466-1190  SettingsGuardService    com.cdccreditsmart.app               D     Pacote: com.android.settings
2025-12-06 11:54:02.325 31466-1190  SettingsGuardService    com.cdccreditsmart.app               D  ðŸ“‹ Activity em Settings (permitida): com.transsion.settings.homepage.SettingsHomeActivity
2025-12-06 11:54:02.325 31466-1190  SettingsGuardService    com.cdccreditsmart.app               D     Pacote: com.android.settings
2025-12-06 11:54:04.374 31466-31466 ScreenStateReceiver     com.cdccreditsmart.app               I  ðŸŒ™ Tela DESLIGADA - Reduzindo frequÃªncia para economizar bateria
2025-12-06 11:54:04.374 31466-31466 CdcForegroundService    com.cdccreditsmart.app               D  ðŸ”‹ Estado da tela mudou: DESLIGADA
