2026-01-27 20:03:00.798 23440-23440 creditsmart.app         com.cdccreditsmart.app               W  Verification of boolean com.google.crypto.tink.shaded.protobuf.GeneratedMessageLite.isInitialized(com.google.crypto.tink.shaded.protobuf.GeneratedMessageLite, boolean) took 124.312ms (361.99 bytecodes/s) (2296B approximate peak alloc)
2026-01-27 20:03:00.917 23440-23440 creditsmart.app         com.cdccreditsmart.app               W  Verification of void com.google.crypto.tink.shaded.protobuf.UnknownFieldSetLite.writeField(int, java.lang.Object, com.google.crypto.tink.shaded.protobuf.Writer) took 115.233ms (971.94 bytecodes/s) (3600B approximate peak alloc)
2026-01-27 20:03:00.918 23440-23838 creditsmart.app         com.cdccreditsmart.app               W  Accessing hidden method Ldalvik/system/VMStack;->getStackClass2()Ljava/lang/Class; (unsupported, reflection, allowed)
2026-01-27 20:03:01.108 23440-23823 Compatibil...geReporter com.cdccreditsmart.app               D  Compat change id reported: 194532703; UID 1910269; state: ENABLED
2026-01-27 20:03:01.108 23440-23823 Compatibil...geReporter com.cdccreditsmart.app               D  Compat change id reported: 253665015; UID 1910269; state: ENABLED
2026-01-27 20:03:01.199 23440-23787 creditsmart.app         com.cdccreditsmart.app               E  No package ID 6a found for resource ID 0x6a0b0013.
2026-01-27 20:03:01.230 23440-23732 TrafficStats            com.cdccreditsmart.app               D  tagSocket(120) with statsTag=0x8001, statsUid=-1
2026-01-27 20:03:01.383 23440-23787 FA                      com.cdccreditsmart.app               I  App measurement initialized, version: 148008
2026-01-27 20:03:01.383 23440-23787 FA                      com.cdccreditsmart.app               I  To enable debug logging run: adb shell setprop log.tag.FA VERBOSE
2026-01-27 20:03:01.386 23440-23787 FA                      com.cdccreditsmart.app               I  To enable faster debug mode event logging run:
                                                                                                      adb shell setprop debug.firebase.analytics.app com.cdccreditsmart.app
2026-01-27 20:03:01.925 22335-22335 SettingsGuardService    com.cdccreditsmart.app               I  â–¶ï¸ Guard RETOMADO apÃ³s fluxo de permissÃµes
2026-01-27 20:03:01.997 22335-22335 MainActivity            com.cdccreditsmart.app               D  ğŸ“ BroadcastReceiver de localizaÃ§Ã£o desregistrado
2026-01-27 20:03:01.999 22335-22335 WindowOnBackDispatcher  com.cdccreditsmart.app               W  sendCancelIfRunning: isInProgress=falsecallback=android.app.Activity$$ExternalSyntheticLambda0@b54f17f
2026-01-27 20:03:02.040 22335-22481 mali_gralloc            com.cdccreditsmart.app               D  unregister: id=3350000131c, handle=0xb4000078dc5b4ed0, base=0x0, importpid=22335, count:0
2026-01-27 20:03:02.040 22335-22481 mali_gralloc            com.cdccreditsmart.app               D  unregister: id=3350000131d, handle=0xb4000078dc5b56b0, base=0x0, importpid=22335, count:0
2026-01-27 20:03:02.040 22335-22481 mali_gralloc            com.cdccreditsmart.app               D  unregister: id=3350000131e, handle=0xb4000078dc5c13b0, base=0x0, importpid=22335, count:0
2026-01-27 20:03:02.040 22335-22481 mali_gralloc            com.cdccreditsmart.app               D  unregister: id=3350000131f, handle=0xb4000078dc5bc070, base=0x0, importpid=22335, count:0
2026-01-27 20:03:02.078 22335-22335 CdcForegroundService    com.cdccreditsmart.app               W  âš ï¸ Task removida - mantendo serviÃ§o ativo
2026-01-27 20:03:02.395 23440-23440 SecureTokenStorage      com.cdccreditsmart.app               D  EncryptedSharedPreferences initialized successfully
2026-01-27 20:03:02.439 23440-23440 ContractCodeStorage     com.cdccreditsmart.app               D  Retrieving contract code from storage
2026-01-27 20:03:03.330 22335-22335 CDCDeviceAdminReceiver  com.cdccreditsmart.app               I  User started: UserHandle{19}
2026-01-27 20:03:03.710 23440-23440 ContractCodeStorage     com.cdccreditsmart.app               D  Storage verification: 0 valid, 0 tampered, 7 missing
2026-01-27 20:03:03.710 23440-23440 ContractCodeStorage     com.cdccreditsmart.app               W  No valid contract code found in any location
2026-01-27 20:03:03.720 23440-23440 CDCApplication          com.cdccreditsmart.app               I  â¸ï¸ Sem tokens - aguardando pairing para iniciar serviÃ§o MDM
2026-01-27 20:03:03.765 23440-23440 CDCApplication          com.cdccreditsmart.app               I  âœ… ServiÃ§os crÃ­ticos iniciados em menos de 1 segundo!
2026-01-27 20:03:03.768 23440-23440 CheckTime               com.cdccreditsmart.app               W  App running slow: Executing handleBindApplication : callApplicationOnCreate took 3376ms
2026-01-27 20:03:03.783 23440-24050 CDCApplication          com.cdccreditsmart.app               I  ğŸ”„ PRIORIDADE 2: Iniciando operaÃ§Ãµes pesadas em BACKGROUND...
2026-01-27 20:03:03.798 23440-24050 AppProtectionManager    com.cdccreditsmart.app               I  
2026-01-27 20:03:03.798 23440-24050 AppProtectionManager    com.cdccreditsmart.app               I  â•”â•â•â•â•â•â•â•â•â•â•â•â•â•â•â•â•â•â•â•â•â•â•â•â•â•â•â•â•â•â•â•â•â•â•â•â•â•â•â•â•â•â•â•â•â•â•â•â•â•â•â•â•â•â•â•â•â•â•â•â•â•â•â•â•â•—
2026-01-27 20:03:03.798 23440-24050 AppProtectionManager    com.cdccreditsmart.app               I  â•‘     ğŸ›¡ï¸ APLICANDO MELHOR PROTEÃ‡ÃƒO DISPONÃVEL                    â•‘
2026-01-27 20:03:03.798 23440-24050 AppProtectionManager    com.cdccreditsmart.app               I  â•‘           CDC CREDIT SMART - PROTEÃ‡ÃƒO EM CAMADAS              â•‘
2026-01-27 20:03:03.798 23440-24050 AppProtectionManager    com.cdccreditsmart.app               I  â•šâ•â•â•â•â•â•â•â•â•â•â•â•â•â•â•â•â•â•â•â•â•â•â•â•â•â•â•â•â•â•â•â•â•â•â•â•â•â•â•â•â•â•â•â•â•â•â•â•â•â•â•â•â•â•â•â•â•â•â•â•â•â•â•â•â•
2026-01-27 20:03:03.798 23440-24050 AppProtectionManager    com.cdccreditsmart.app               I  
2026-01-27 20:03:03.802 23440-24051 CDCApplication          com.cdccreditsmart.app               I  ğŸ§¹ ========================================
2026-01-27 20:03:03.803 23440-24051 CDCApplication          com.cdccreditsmart.app               I  ğŸ§¹ LIMPANDO ESTADO DE BLOQUEIO OBSOLETO
2026-01-27 20:03:03.803 23440-24051 CDCApplication          com.cdccreditsmart.app               I  ğŸ§¹ ========================================
2026-01-27 20:03:03.803 23440-24051 CDCApplication          com.cdccreditsmart.app               I  ğŸ§¹ Dispositivo nÃ£o estÃ¡ pareado - bloqueio anterior serÃ¡ removido
2026-01-27 20:03:03.808 23440-24050 AppProtectionManager    com.cdccreditsmart.app               I  ğŸ“‹ STATUS ATUAL:
2026-01-27 20:03:03.809 23440-24050 AppProtectionManager    com.cdccreditsmart.app               I     Device Owner: NÃƒO
2026-01-27 20:03:03.809 23440-24050 AppProtectionManager    com.cdccreditsmart.app               I     Device Admin: SIM
2026-01-27 20:03:03.809 23440-24050 AppProtectionManager    com.cdccreditsmart.app               I  
2026-01-27 20:03:03.809 23440-24050 AppProtectionManager    com.cdccreditsmart.app               I  ğŸ” NÃVEL: DEVICE ADMIN (ProteÃ§Ã£o Parcial)
2026-01-27 20:03:03.809 23440-24050 AppProtectionManager    com.cdccreditsmart.app               I  ========================================
2026-01-27 20:03:03.809 23440-24050 AppProtectionManager    com.cdccreditsmart.app               I  ğŸ” APLICANDO PROTEÃ‡Ã•ES DE DEVICE ADMIN
2026-01-27 20:03:03.809 23440-24050 AppProtectionManager    com.cdccreditsmart.app               I  ========================================
2026-01-27 20:03:03.809 23440-24050 AppProtectionManager    com.cdccreditsmart.app               I  [1/3] Device Admin ativo - desinstalaÃ§Ã£o requer desativar admin primeiro
2026-01-27 20:03:03.809 23440-24050 AppProtectionManager    com.cdccreditsmart.app               I        â†’ UsuÃ¡rio precisa ir em Settings > Security > Device Admins
2026-01-27 20:03:03.809 23440-24050 AppProtectionManager    com.cdccreditsmart.app               I        â†’ Desativar 'CDC Credit Smart' antes de desinstalar
2026-01-27 20:03:03.809 23440-24050 AppProtectionManager    com.cdccreditsmart.app               I  
2026-01-27 20:03:03.809 23440-24050 AppProtectionManager    com.cdccreditsmart.app               I  [2/3] Aplicando persistÃªncia bÃ¡sica...
2026-01-27 20:03:03.809 23440-24050 AppProtectionManager    com.cdccreditsmart.app               I     Iniciando serviÃ§os de persistÃªncia...
2026-01-27 20:03:03.810 23440-24051 CDCApplication          com.cdccreditsmart.app               I  ğŸ§¹ Estado anterior encontrado:
2026-01-27 20:03:03.810 23440-24051 CDCApplication          com.cdccreditsmart.app               I     NÃ­vel: 0
2026-01-27 20:03:03.812 23440-24051 CDCApplication          com.cdccreditsmart.app               I     Bloqueio manual: false
2026-01-27 20:03:03.812 23440-24051 CDCApplication          com.cdccreditsmart.app               I  ğŸ§¹ Nenhum bloqueio ativo - nada a limpar
2026-01-27 20:03:03.812 23440-24051 CDCApplication          com.cdccreditsmart.app               I  ğŸ§¹ ========================================
2026-01-27 20:03:03.827 23440-24050 AppProtectionManager    com.cdccreditsmart.app               I     âœ… Foreground Service iniciado
2026-01-27 20:03:03.830 23440-24050 AppProtectionManager    com.cdccreditsmart.app               I     âœ… ServiceWatchdog agendado (15 min)
2026-01-27 20:03:03.830 23440-24050 AppProtectionManager    com.cdccreditsmart.app               I  
2026-01-27 20:03:03.830 23440-24050 AppProtectionManager    com.cdccreditsmart.app               I  [3/3] ProteÃ§Ãµes de Device Admin limitadas:
2026-01-27 20:03:03.830 23440-24050 AppProtectionManager    com.cdccreditsmart.app               I        âŒ setUninstallBlocked: Requer Device Owner
2026-01-27 20:03:03.831 23440-24050 AppProtectionManager    com.cdccreditsmart.app               I        âŒ setUserControlDisabledPackages: Requer Device Owner
2026-01-27 20:03:03.831 23440-24050 AppProtectionManager    com.cdccreditsmart.app               I        âŒ addUserRestriction: Requer Device Owner
2026-01-27 20:03:03.831 23440-24050 AppProtectionManager    com.cdccreditsmart.app               I        âœ… DesinstalaÃ§Ã£o requer desativar admin primeiro
2026-01-27 20:03:03.831 23440-24050 AppProtectionManager    com.cdccreditsmart.app               I        âœ… Foreground Service mantÃ©m app ativo
2026-01-27 20:03:03.831 23440-24050 AppProtectionManager    com.cdccreditsmart.app               I        âœ… WorkManager mantÃ©m tarefas executando
2026-01-27 20:03:03.831 23440-24050 AppProtectionManager    com.cdccreditsmart.app               I  ========================================
2026-01-27 20:03:03.831 23440-24050 AppProtectionManager    com.cdccreditsmart.app               I  ğŸ“Š RESUMO: Device Admin ativo com proteÃ§Ãµes parciais
2026-01-27 20:03:03.831 23440-24050 AppProtectionManager    com.cdccreditsmart.app               I  ========================================
2026-01-27 20:03:03.831 23440-24050 AppProtectionManager    com.cdccreditsmart.app               I  
2026-01-27 20:03:03.832 23440-24050 CDCApplication          com.cdccreditsmart.app               I  
2026-01-27 20:03:03.832 23440-24050 CDCApplication          com.cdccreditsmart.app               I  â•”â•â•â•â•â•â•â•â•â•â•â•â•â•â•â•â•â•â•â•â•â•â•â•â•â•â•â•â•â•â•â•â•â•â•â•â•â•â•â•â•â•â•â•â•â•â•â•â•â•â•â•â•â•â•â•â•â•â•â•â•â•—
2026-01-27 20:03:03.832 23440-24050 CDCApplication          com.cdccreditsmart.app               I  â•‘     RESULTADO DA APLICAÃ‡ÃƒO DE PROTEÃ‡Ã•ES                    â•‘
2026-01-27 20:03:03.832 23440-24050 CDCApplication          com.cdccreditsmart.app               I  â•šâ•â•â•â•â•â•â•â•â•â•â•â•â•â•â•â•â•â•â•â•â•â•â•â•â•â•â•â•â•â•â•â•â•â•â•â•â•â•â•â•â•â•â•â•â•â•â•â•â•â•â•â•â•â•â•â•â•â•â•â•â•
2026-01-27 20:03:03.832 23440-24050 CDCApplication          com.cdccreditsmart.app               I     NÃ­vel: DEVICE_ADMIN
2026-01-27 20:03:03.832 23440-24050 CDCApplication          com.cdccreditsmart.app               I     ProteÃ§Ãµes aplicadas: 2
2026-01-27 20:03:03.832 23440-24050 CDCApplication          com.cdccreditsmart.app               I     Status: PROTEÃ‡ÃƒO PARCIAL (Device Admin)
2026-01-27 20:03:03.832 23440-24050 CDCApplication          com.cdccreditsmart.app               I     DesinstalaÃ§Ã£o requer desativar admin primeiro
2026-01-27 20:03:03.832 23440-24050 CDCApplication          com.cdccreditsmart.app               I  â•šâ•â•â•â•â•â•â•â•â•â•â•â•â•â•â•â•â•â•â•â•â•â•â•â•â•â•â•â•â•â•â•â•â•â•â•â•â•â•â•â•â•â•â•â•â•â•â•â•â•â•â•â•â•â•â•â•â•â•â•â•â•
2026-01-27 20:03:03.832 23440-24050 CDCApplication          com.cdccreditsmart.app               I  
2026-01-27 20:03:03.836 23440-24052 CDCApplication          com.cdccreditsmart.app               D  ğŸ‘¤ App nÃ£o Ã© Device Owner - pulando criaÃ§Ã£o de usuÃ¡rio secundÃ¡rio
2026-01-27 20:03:03.837 23440-24050 TamperDetection         com.cdccreditsmart.app               I  ========================================
2026-01-27 20:03:03.837 23440-24050 TamperDetection         com.cdccreditsmart.app               I  ğŸ” VERIFICANDO INTEGRIDADE DO DISPOSITIVO
2026-01-27 20:03:03.837 23440-24050 TamperDetection         com.cdccreditsmart.app               I  ========================================
2026-01-27 20:03:03.846 23440-23440 CDCDeviceAdminService   com.cdccreditsmart.app               I  âœ… Device Admin Service created - System is communicating with CDC DPC
2026-01-27 20:03:03.852 23440-24050 TamperDetection         com.cdccreditsmart.app               I  âœ… Primeira instalaÃ§Ã£o detectada
2026-01-27 20:03:03.853 23440-24050 TamperDetection         com.cdccreditsmart.app               I     Token e deviceId nÃ£o existem - app nunca foi pareado
2026-01-27 20:03:03.853 23440-24050 TamperDetection         com.cdccreditsmart.app               I  ========================================
2026-01-27 20:03:03.871 23440-23440 FactoryResetRecovery    com.cdccreditsmart.app               I  ========================================
2026-01-27 20:03:03.871 23440-23440 FactoryResetRecovery    com.cdccreditsmart.app               I  ğŸ”„ BOOT DETECTADO (android.intent.action.LOCKED_BOOT_COMPLETED) - Verificando recuperaÃ§Ã£o
2026-01-27 20:03:03.871 23440-23440 FactoryResetRecovery    com.cdccreditsmart.app               I  ========================================
2026-01-27 20:03:03.873 23440-23440 CheckTime               com.cdccreditsmart.app               W  App running slow: Executing com.cdccreditsmart.app.recovery.FactoryResetRecoveryReceiver scheduleReceive took 5588ms
2026-01-27 20:03:03.891 23440-24052 ContractCodeStorage     com.cdccreditsmart.app               D  Retrieving contract code from storage
2026-01-27 20:03:03.894 23440-23440 Choreographer           com.cdccreditsmart.app               I  Skipped 210 frames!  The application may be doing too much work on its main thread.
2026-01-27 20:03:03.962 23440-24050 TamperDetection         com.cdccreditsmart.app               I  âœ… Device fingerprint criado: CDC_-978****
2026-01-27 20:03:03.996 23440-24052 ContractCodeStorage     com.cdccreditsmart.app               D  Storage verification: 0 valid, 0 tampered, 7 missing
2026-01-27 20:03:03.996 23440-24052 ContractCodeStorage     com.cdccreditsmart.app               W  No valid contract code found in any location
2026-01-27 20:03:04.002 23440-24050 TamperDetection         com.cdccreditsmart.app               I  
2026-01-27 20:03:04.002 23440-24050 TamperDetection         com.cdccreditsmart.app               I  â•”â•â•â•â•â•â•â•â•â•â•â•â•â•â•â•â•â•â•â•â•â•â•â•â•â•â•â•â•â•â•â•â•â•â•â•â•â•â•â•â•â•â•â•â•â•â•â•â•â•â•â•â•â•â•â•â•â•—
2026-01-27 20:03:04.003 23440-24050 TamperDetection         com.cdccreditsmart.app               I  â•‘    ğŸ“¡ BOOT REPORT ADIADO - AGUARDANDO PAREAMENTO      â•‘
2026-01-27 20:03:04.003 23440-24050 TamperDetection         com.cdccreditsmart.app               I  â• â•â•â•â•â•â•â•â•â•â•â•â•â•â•â•â•â•â•â•â•â•â•â•â•â•â•â•â•â•â•â•â•â•â•â•â•â•â•â•â•â•â•â•â•â•â•â•â•â•â•â•â•â•â•â•â•â•£
2026-01-27 20:03:04.003 23440-24050 TamperDetection         com.cdccreditsmart.app               I  â•‘  â³ Device ainda nÃ£o pareado com contrato              â•‘
2026-01-27 20:03:04.003 23440-24050 TamperDetection         com.cdccreditsmart.app               I  â•‘  â³ Boot serÃ¡ reportado apÃ³s autenticaÃ§Ã£o              â•‘
2026-01-27 20:03:04.003 23440-24050 TamperDetection         com.cdccreditsmart.app               I  â•‘  â„¹ï¸  Isso Ã© comportamento NORMAL antes do pareamento   â•‘
2026-01-27 20:03:04.003 23440-24050 TamperDetection         com.cdccreditsmart.app               I  â•šâ•â•â•â•â•â•â•â•â•â•â•â•â•â•â•â•â•â•â•â•â•â•â•â•â•â•â•â•â•â•â•â•â•â•â•â•â•â•â•â•â•â•â•â•â•â•â•â•â•â•â•â•â•â•â•â•â•
2026-01-27 20:03:04.003 23440-24050 TamperDetection         com.cdccreditsmart.app               I  
2026-01-27 20:03:04.004 23440-24050 CDCApplication          com.cdccreditsmart.app               I  âœ… OperaÃ§Ãµes pesadas concluÃ­das em background!
2026-01-27 20:03:04.004 23440-24050 CDCApplication          com.cdccreditsmart.app               I  ğŸ”’ Verificando status do SIM no boot da aplicaÃ§Ã£o...
2026-01-27 20:03:04.015 23440-24050 SimSwapManager          com.cdccreditsmart.app               I  ========================================
2026-01-27 20:03:04.015 23440-24050 SimSwapManager          com.cdccreditsmart.app               I  ğŸ”’ SIM SWAP: Iniciando verificaÃ§Ã£o de status do SIM
2026-01-27 20:03:04.015 23440-24050 SimSwapManager          com.cdccreditsmart.app               I  ========================================
2026-01-27 20:03:04.032 23440-24050 SimSwapDetector         com.cdccreditsmart.app               E  ğŸ”’ SIM SWAP: PermissÃ£o READ_PHONE_STATE NÃƒO CONCEDIDA!
2026-01-27 20:03:04.032 23440-24050 SimSwapManager          com.cdccreditsmart.app               E  ğŸ”’ SIM SWAP: Sem permissÃ£o READ_PHONE_STATE - verificaÃ§Ã£o cancelada
2026-01-27 20:03:04.032 23440-24050 SimSwapManager          com.cdccreditsmart.app               I  ========================================
2026-01-27 20:03:04.033 23440-24050 CDCApplication          com.cdccreditsmart.app               W  âš ï¸ VerificaÃ§Ã£o de SIM swap falhou ou encontrou problemas
2026-01-27 20:03:04.055 23440-24052 ApkPreloadManager       com.cdccreditsmart.app               I  ğŸ“± Fabricante detectado: realme
2026-01-27 20:03:04.077 23440-24052 FactoryResetRecovery    com.cdccreditsmart.app               I  â„¹ï¸ Sem manifesto de enrollment - app iniciarÃ¡ normalmente
2026-01-27 20:03:04.217 22335-22335 MainActivity            com.cdccreditsmart.app               I  âœ… Brilho da tela definido para MÃXIMO
2026-01-27 20:03:04.221 22335-22335 MainActivity            com.cdccreditsmart.app               D  ğŸ“ BroadcastReceiver de localizaÃ§Ã£o registrado
2026-01-27 20:03:04.228 22335-22335 MainActivity            com.cdccreditsmart.app               I  âœ… App Ã© Device Owner - permissÃµes serÃ£o concedidas automaticamente
2026-01-27 20:03:04.237 23440-23440 CdcForegroundService    com.cdccreditsmart.app               D  ğŸ“± ServiÃ§o onCreate()
2026-01-27 20:03:04.256 23440-23440 CdcForegroundService    com.cdccreditsmart.app               D  âœ… Canal de notificaÃ§Ã£o criado
2026-01-27 20:03:04.260 23440-23440 CdcForegroundService    com.cdccreditsmart.app               I  âœ… ScreenStateReceiver registrado (inclui ACTION_USER_PRESENT para detectar screen unlock)
2026-01-27 20:03:04.261 23440-23440 CdcForegroundService    com.cdccreditsmart.app               D  ğŸš€ ServiÃ§o onStartCommand() - Action: null
2026-01-27 20:03:04.269 22335-22479 PersistentStateManager  com.cdccreditsmart.app               D  Nenhum estado local encontrado
2026-01-27 20:03:04.269 22335-22479 PersistentStateManager  com.cdccreditsmart.app               D  ğŸ†• Sem estado local - device novo ou pÃ³s factory reset
2026-01-27 20:03:04.269 22335-22479 MainActivity            com.cdccreditsmart.app               I  ğŸ†• Device nunca foi provisionado
2026-01-27 20:03:04.332 23440-23440 CdcForegroundService    com.cdccreditsmart.app               I  âœ… Foreground Service ativo (Android 12+)
2026-01-27 20:03:04.455 23440-23440 creditsmart.app         com.cdccreditsmart.app               W  Verification of java.lang.Object com.cdccreditsmart.app.service.CdcForegroundService$initializeServices$1.invokeSuspend(java.lang.Object) took 113.651ms (15362.71 bytecodes/s) (37584B approximate peak alloc)
2026-01-27 20:03:04.460 23440-24052 CdcForegroundService    com.cdccreditsmart.app               I  ğŸ”§ ========================================
2026-01-27 20:03:04.460 23440-24052 CdcForegroundService    com.cdccreditsmart.app               I  ğŸ”§ INICIANDO initializeServices()...
2026-01-27 20:03:04.460 23440-24052 CdcForegroundService    com.cdccreditsmart.app               I  ğŸ”§ ========================================
2026-01-27 20:03:04.460 23440-24052 CdcForegroundService    com.cdccreditsmart.app               I  ğŸ“± Rodando em usuÃ¡rio secundÃ¡rio gerenciado (User ID: 19)
2026-01-27 20:03:04.460 23440-24052 CdcForegroundService    com.cdccreditsmart.app               I  ğŸ“± Dados de enrollment existem apenas no usuÃ¡rio primÃ¡rio
2026-01-27 20:03:04.460 23440-24052 CdcForegroundService    com.cdccreditsmart.app               I  ğŸ“± ServiÃ§o MDM nÃ£o serÃ¡ inicializado neste usuÃ¡rio
2026-01-27 20:03:04.460 23440-24052 CdcForegroundService    com.cdccreditsmart.app               I  ğŸ”§ ========================================
2026-01-27 20:03:04.632 23440-24055 Compatibil...geReporter com.cdccreditsmart.app               D  Compat change id reported: 263076149; UID 1910269; state: ENABLED
2026-01-27 20:03:04.720 23440-23440 CDC_PROVISIONING_DEBUG  com.cdccreditsmart.app               I  [2026-01-27 20:03:04.677] [PID:23440] [TID:2|main] ğŸ PROVISIONING STARTED: Timer started for hang detection
2026-01-27 20:03:04.737 23440-23440 CDC_PROVISIONING_DEBUG  com.cdccreditsmart.app               I  [2026-01-27 20:03:04.732] [PID:23440] [TID:2|main] ğŸ“ˆ CALLBACK PROGRESS: 1/3 completed
2026-01-27 20:03:04.741 23440-23440 CDC_PROVISIONING_DEBUG  com.cdccreditsmart.app               I  [2026-01-27 20:03:04.738] [PID:23440] [TID:2|main] ğŸ“ˆ Completed: onEnabled
2026-01-27 20:03:04.753 23440-23440 CDC_PROVISIONING_DEBUG  com.cdccreditsmart.app               I  [2026-01-27 20:03:04.741] [PID:23440] [TID:2|main] â³ Remaining: onProfileProvisioningComplete, onReadyForUserInitialization
2026-01-27 20:03:04.781 23440-23440 CDCDeviceAdminReceiver  com.cdccreditsmart.app               I  [2026-01-27 20:03:04.775] [PID:23440] [TID:2|main] ğŸ”‘ ==================== DEVICE ADMIN ENABLED ====================
2026-01-27 20:03:04.865 23440-23440 CDCDeviceAdminReceiver  com.cdccreditsmart.app               I  [2026-01-27 20:03:04.781] [PID:23440] [TID:2|main] âœ… Device Admin enabled successfully - CRITICAL CALLBACK FOR WORK PROFILE PREPARATION
2026-01-27 20:03:04.868 23440-23440 CDCDeviceAdminReceiver  com.cdccreditsmart.app               I  [2026-01-27 20:03:04.865] [PID:23440] [TID:2|main] â° Raw timestamp: 1769554984865
2026-01-27 20:03:04.872 23440-23440 CDCDeviceAdminReceiver  com.cdccreditsmart.app               I  [2026-01-27 20:03:04.869] [PID:23440] [TID:2|main] ğŸ” Starting comprehensive admin enablement verification...
2026-01-27 20:03:04.900 23440-23440 CDCDeviceAdminReceiver  com.cdccreditsmart.app               I  [2026-01-27 20:03:04.873] [PID:23440] [TID:2|main] ğŸ“‹ Admin component: ComponentInfo{com.cdccreditsmart.app/com.cdccreditsmart.device.CDCDeviceAdminReceiver}
2026-01-27 20:03:04.904 23440-23440 CDCDeviceAdminReceiver  com.cdccreditsmart.app               I  [2026-01-27 20:03:04.901] [PID:23440] [TID:2|main] ğŸ“± Package name: com.cdccreditsmart.app
2026-01-27 20:03:04.908 23440-23440 CDCDeviceAdminReceiver  com.cdccreditsmart.app               I  [2026-01-27 20:03:04.905] [PID:23440] [TID:2|main] ğŸ‘¤ Current user: UserHandle{19}
2026-01-27 20:03:04.928 23440-23440 CDCDeviceAdminReceiver  com.cdccreditsmart.app               I  [2026-01-27 20:03:04.908] [PID:23440] [TID:2|main] ğŸ¯ Current user handle: UserHandle{19}
2026-01-27 20:03:04.953 23440-23440 CDCDeviceAdminReceiver  com.cdccreditsmart.app               I  [2026-01-27 20:03:04.951] [PID:23440] [TID:2|main] ğŸ”’ Device administration status:
2026-01-27 20:03:04.966 23440-23440 CDCDeviceAdminReceiver  com.cdccreditsmart.app               I  [2026-01-27 20:03:04.953] [PID:23440] [TID:2|main]    ğŸ”‘ Admin active: true
2026-01-27 20:03:04.991 23440-23440 CDCDeviceAdminReceiver  com.cdccreditsmart.app               I  [2026-01-27 20:03:04.966] [PID:23440] [TID:2|main]    ğŸ­ Device owner: false
2026-01-27 20:03:05.020 22335-22479 SettingsGuardService    com.cdccreditsmart.app               D  ğŸ“‹ Activity check - Full: null, Simple: null
2026-01-27 20:03:05.036 23440-23440 CDCDeviceAdminReceiver  com.cdccreditsmart.app               I  [2026-01-27 20:03:04.998] [PID:23440] [TID:2|main]    ğŸ“‹ Profile owner: true
2026-01-27 20:03:05.054 23440-23440 CDCDeviceAdminReceiver  com.cdccreditsmart.app               I  [2026-01-27 20:03:05.043] [PID:23440] [TID:2|main] ğŸ¢ Work Profile status (CRITICAL FOR PREPARATION):
2026-01-27 20:03:05.069 23440-23440 CDCDeviceAdminReceiver  com.cdccreditsmart.app               I  [2026-01-27 20:03:05.054] [PID:23440] [TID:2|main]    ğŸ¢ Is managed profile: false
2026-01-27 20:03:05.089 23440-23440 CDCDeviceAdminReceiver  com.cdccreditsmart.app               I  [2026-01-27 20:03:05.069] [PID:23440] [TID:2|main]    ğŸ”§ Is system user: false
2026-01-27 20:03:05.100 23440-23440 CDCDeviceAdminReceiver  com.cdccreditsmart.app               I  [2026-01-27 20:03:05.089] [PID:23440] [TID:2|main]    ğŸ”“ Is user unlocked: true
2026-01-27 20:03:05.107 23440-23440 CDCDeviceAdminReceiver  com.cdccreditsmart.app               I  [2026-01-27 20:03:05.105] [PID:23440] [TID:2|main]    ğŸ“± Device provisioned: true
2026-01-27 20:03:05.114 23440-23440 CDCDeviceAdminReceiver  com.cdccreditsmart.app               I  [2026-01-27 20:03:05.111] [PID:23440] [TID:2|main]    ğŸ‘¤ User setup complete: true
2026-01-27 20:03:05.118 23440-23440 CDCDeviceAdminReceiver  com.cdccreditsmart.app               I  [2026-01-27 20:03:05.115] [PID:23440] [TID:2|main] ğŸ” DEVICE CAPABILITIES ANALYSIS (Critical for work profile):
2026-01-27 20:03:05.127 22335-22335 PermissionGateManager   com.cdccreditsmart.app               W  âš ï¸ Device Owner: 3 permissÃ£o(Ãµes) pendente(s)
2026-01-27 20:03:05.128 22335-22335 PermissionGateManager   com.cdccreditsmart.app               W     â†’ Falta: Acesso ao Uso de Apps
2026-01-27 20:03:05.128 22335-22335 PermissionGateManager   com.cdccreditsmart.app               W     â†’ Falta: Exibir sobre outros apps
2026-01-27 20:03:05.128 22335-22335 PermissionGateManager   com.cdccreditsmart.app               W     â†’ Falta: ExecuÃ§Ã£o em Segundo Plano
2026-01-27 20:03:05.170 23440-23440 CDCDeviceAdminReceiver  com.cdccreditsmart.app               I  [2026-01-27 20:03:05.165] [PID:23440] [TID:2|main]    ğŸ“· Camera permission grant state: 0
2026-01-27 20:03:05.198 23440-23440 CDCDeviceAdminReceiver  com.cdccreditsmart.app               W  [2026-01-27 20:03:05.194] [PID:23440] [TID:2|main]    ğŸ”’ Could not check lock task packages
2026-01-27 20:03:05.289 23440-23440 CDCDeviceAdminReceiver  com.cdccreditsmart.app               W  Exception details: (Ask Gemini)
                                                                                                    java.lang.SecurityException: User 19 is not allowed to use lock task
                                                                                                    	at android.os.Parcel.createExceptionOrNull(Parcel.java:3079)
                                                                                                    	at android.os.Parcel.createException(Parcel.java:3063)
                                                                                                    	at android.os.Parcel.readException(Parcel.java:3046)
                                                                                                    	at android.os.Parcel.readException(Parcel.java:2988)
                                                                                                    	at android.app.admin.IDevicePolicyManager$Stub$Proxy.getLockTaskPackages(IDevicePolicyManager.java:9557)
                                                                                                    	at android.app.admin.DevicePolicyManager.getLockTaskPackages(DevicePolicyManager.java:12229)
                                                                                                    	at com.cdccreditsmart.device.CDCDeviceAdminReceiver.logDeviceCapabilities(CDCDeviceAdminReceiver.kt:927)
                                                                                                    	at com.cdccreditsmart.device.CDCDeviceAdminReceiver.onEnabled(CDCDeviceAdminReceiver.kt:395)
                                                                                                    	at android.app.admin.DeviceAdminReceiver.onReceive(DeviceAdminReceiver.java:1188)
                                                                                                    	at android.app.ActivityThread.handleReceiver(ActivityThread.java:4558)
                                                                                                    	at android.app.ActivityThread.-$$Nest$mhandleReceiver(Unknown Source:0)
                                                                                                    	at android.app.ActivityThread$H.handleMessage(ActivityThread.java:2348)
                                                                                                    	at android.os.Handler.dispatchMessage(Handler.java:106)
                                                                                                    	at android.os.Looper.loopOnce(Looper.java:205)
                                                                                                    	at android.os.Looper.loop(Looper.java:294)
                                                                                                    	at android.app.ActivityThread.main(ActivityThread.java:8391)
                                                                                                    	at java.lang.reflect.Method.invoke(Native Method)
                                                                                                    	at com.android.internal.os.RuntimeInit$MethodAndArgsCaller.run(RuntimeInit.java:640)
                                                                                                    	at com.android.internal.os.ZygoteInit.main(ZygoteInit.java:995)
                                                                                                    Caused by: android.os.RemoteException: Remote stack trace:
                                                                                                    	at com.android.server.devicepolicy.DevicePolicyManagerService.enforceCanQueryLockTaskLocked(DevicePolicyManagerService.java:11251)
                                                                                                    	at com.android.server.devicepolicy.DevicePolicyManagerService.getLockTaskPackages(DevicePolicyManagerService.java:15081)
                                                                                                    	at android.app.admin.IDevicePolicyManager$Stub.onTransact(IDevicePolicyManager.java:4457)
                                                                                                    	at android.os.Binder.execTransactInternal(Binder.java:1339)
                                                                                                    	at android.os.Binder.execTransact(Binder.java:1275)
2026-01-27 20:03:05.319 23440-23440 CDCDeviceAdminReceiver  com.cdccreditsmart.app               I  [2026-01-27 20:03:05.307] [PID:23440] [TID:2|main]    ğŸ’¾ Storage encryption status: false
2026-01-27 20:03:05.342 23440-23440 CDCDeviceAdminReceiver  com.cdccreditsmart.app               I  [2026-01-27 20:03:05.320] [PID:23440] [TID:2|main] âœ… Device capabilities analysis completed
2026-01-27 20:03:05.349 23440-23440 CDC_PROVISIONING_DEBUG  com.cdccreditsmart.app               I  [2026-01-27 20:03:05.343] [PID:23440] [TID:2|main] ğŸ“‹ CALLBACK SEQUENCE (1 callbacks):
2026-01-27 20:03:05.354 23440-23440 CDC_PROVISIONING_DEBUG  com.cdccreditsmart.app               I  [2026-01-27 20:03:05.350] [PID:23440] [TID:2|main]    1. 2026-01-27 20:03:04.586 - onEnabled
2026-01-27 20:03:05.396 23440-23440 CDC_PROVISIONING_DEBUG  com.cdccreditsmart.app               I  [2026-01-27 20:03:05.354] [PID:23440] [TID:2|main] ğŸ” HANG DETECTION CHECK:
2026-01-27 20:03:05.400 23440-23440 CDC_PROVISIONING_DEBUG  com.cdccreditsmart.app               I  [2026-01-27 20:03:05.396] [PID:23440] [TID:2|main]    â±ï¸ Time since provisioning start: 768ms
2026-01-27 20:03:05.417 23440-23440 CDC_PROVISIONING_DEBUG  com.cdccreditsmart.app               I  [2026-01-27 20:03:05.400] [PID:23440] [TID:2|main]    â±ï¸ Time since last callback: 768ms
2026-01-27 20:03:05.451 23440-23440 CDCDeviceAdminReceiver  com.cdccreditsmart.app               I  [2026-01-27 20:03:05.417] [PID:23440] [TID:2|main] âœ… Admin enablement verification completed successfully
2026-01-27 20:03:05.463 22335-22481 OpenGLRenderer          com.cdccreditsmart.app               E  Unable to match the desired swap behavior.
2026-01-27 20:03:05.465 23440-23440 CDCDeviceAdminReceiver  com.cdccreditsmart.app               I  [2026-01-27 20:03:05.451] [PID:23440] [TID:2|main] ğŸ onEnabled callback completed - work profile preparation should continue
2026-01-27 20:03:05.479 23440-23440 CDCDeviceAdminReceiver  com.cdccreditsmart.app               I  [2026-01-27 20:03:05.466] [PID:23440] [TID:2|main] ğŸ”‘ =================================================================
2026-01-27 20:03:05.481 23440-23440 CheckTime               com.cdccreditsmart.app               W  App running slow: Executing com.cdccreditsmart.device.CDCDeviceAdminReceiver onReceive took 895ms
2026-01-27 20:03:05.482 23440-23440 CheckTime               com.cdccreditsmart.app               W  App running slow: Executing com.cdccreditsmart.device.CDCDeviceAdminReceiver scheduleReceive took 1606ms
2026-01-27 20:03:05.531 22335-24200 mali_gralloc            com.cdccreditsmart.app               D  register: id=3350000134e, handle=0xb4000078dc5d0c50, importpid=-1, gRegisteredHandles=0
2026-01-27 20:03:05.539 22335-24200 mali_gralloc            com.cdccreditsmart.app               D  register: id=3350000134f, handle=0xb4000078dc5bb1d0, importpid=-1, gRegisteredHandles=1
2026-01-27 20:03:05.544 22335-24200 mali_gralloc            com.cdccreditsmart.app               D  register: id=33500001350, handle=0xb4000078dc5ba570, importpid=-1, gRegisteredHandles=2
2026-01-27 20:03:05.550 22335-24200 mali_gralloc            com.cdccreditsmart.app               D  register: id=33500001351, handle=0xb4000078dc5b8290, importpid=-1, gRegisteredHandles=3
2026-01-27 20:03:05.957 22335-22359 OpenGLRenderer          com.cdccreditsmart.app               I  Davey! duration=1716ms; Flags=1, FrameTimelineVsyncId=1730088, IntendedVsync=9868209449907, Vsync=9868520444339, InputEventId=0, HandleInputStart=9868521759287, AnimationStart=9868521774748, PerformTraversalsStart=9868521783633, DrawStart=9869629070671, FrameDeadline=9868221561018, FrameInterval=9868521238441, FrameStartTime=11106944, SyncQueued=9869902647017, SyncStart=9869902871555, IssueDrawCommandsStart=9869903360286, SwapBuffers=9869919971132, FrameCompleted=9869925702747, DequeueBufferDuration=26538, QueueBufferDuration=638692, GpuCompleted=9869925702747, SwapBuffersCompleted=9869923738363, DisplayPresentTime=288234774265332736, CommandSubmissionCompleted=9869919971132, 
2026-01-27 20:03:05.960 22335-22335 PermissionGateScreen    com.cdccreditsmart.app               I  ğŸ” VERIFICAÃ‡ÃƒO INICIAL DE PERMISSÃ•ES:
2026-01-27 20:03:05.961 22335-22335 PermissionGateScreen    com.cdccreditsmart.app               I     NÃ­vel: DEVICE_OWNER
2026-01-27 20:03:05.961 22335-22335 PermissionGateScreen    com.cdccreditsmart.app               I     Todas concedidas: false
2026-01-27 20:03:05.968 22335-22335 PermissionGateScreen    com.cdccreditsmart.app               I     Bateria isenta: false
2026-01-27 20:03:05.968 22335-22335 PermissionGateScreen    com.cdccreditsmart.app               W     âŒ FALTA: Acesso ao Uso de Apps
2026-01-27 20:03:05.968 22335-22335 PermissionGateScreen    com.cdccreditsmart.app               W     âŒ FALTA: Exibir sobre outros apps
2026-01-27 20:03:05.968 22335-22335 PermissionGateScreen    com.cdccreditsmart.app               W     âŒ FALTA: ExecuÃ§Ã£o em Segundo Plano
2026-01-27 20:03:06.006 22335-22335 PermissionGateScreen    com.cdccreditsmart.app               I     âœ… OK: PermissÃµes BÃ¡sicas
2026-01-27 20:03:06.006 22335-22335 PermissionGateScreen    com.cdccreditsmart.app               I  ========================================
2026-01-27 20:03:06.006 22335-22335 PermissionGateScreen    com.cdccreditsmart.app               I  ğŸšª PERMISSION GATE SCREEN INICIADO
2026-01-27 20:03:06.006 22335-22335 PermissionGateScreen    com.cdccreditsmart.app               I  ========================================
2026-01-27 20:03:06.007 22335-22335 PermissionGateScreen    com.cdccreditsmart.app               I  NÃ­vel de privilÃ©gio: DEVICE_OWNER
2026-01-27 20:03:06.007 22335-22335 PermissionGateScreen    com.cdccreditsmart.app               I  PermissÃµes concedidas: 1
2026-01-27 20:03:06.007 22335-22335 PermissionGateScreen    com.cdccreditsmart.app               I  PermissÃµes faltando: 3
2026-01-27 20:03:06.007 22335-22335 PermissionGateScreen    com.cdccreditsmart.app               W    âŒ Acesso ao Uso de Apps
2026-01-27 20:03:06.007 22335-22335 PermissionGateScreen    com.cdccreditsmart.app               W    âŒ Exibir sobre outros apps
2026-01-27 20:03:06.007 22335-22335 PermissionGateScreen    com.cdccreditsmart.app               W    âŒ ExecuÃ§Ã£o em Segundo Plano
2026-01-27 20:03:06.007 22335-22335 PermissionGateScreen    com.cdccreditsmart.app               I    âœ… PermissÃµes BÃ¡sicas
2026-01-27 20:03:06.007 22335-22335 PermissionGateScreen    com.cdccreditsmart.app               I  ========================================
2026-01-27 20:03:06.007 22335-22335 PermissionGateScreen    com.cdccreditsmart.app               D  â° Iniciando verificaÃ§Ã£o periÃ³dica de permissÃµes (a cada 3s)...
2026-01-27 20:03:06.014 22335-22335 Choreographer           com.cdccreditsmart.app               I  Skipped 131 frames!  The application may be doing too much work on its main thread.
2026-01-27 20:03:06.123 22335-22359 OpenGLRenderer          com.cdccreditsmart.app               I  Davey! duration=1563ms; Flags=0, FrameTimelineVsyncId=1730295, IntendedVsync=9868531539505, Vsync=9869986563317, InputEventId=0, HandleInputStart=9869992594594, AnimationStart=9869992606324, PerformTraversalsStart=9870018365940, DrawStart=9870019261786, FrameDeadline=9869943137338, FrameInterval=9869991574324, FrameStartTime=11107052, SyncQueued=9870038235901, SyncStart=9870039039901, IssueDrawCommandsStart=9870039282401, SwapBuffers=9870044141324, FrameCompleted=9870095544940, DequeueBufferDuration=34462, QueueBufferDuration=534923, GpuCompleted=9870091231670, SwapBuffersCompleted=9870095544940, DisplayPresentTime=288234774265332736, CommandSubmissionCompleted=9870044141324, 
2026-01-27 20:03:06.649 23440-24052 ServiceWatchdogWorker   com.cdccreditsmart.app               I  ğŸ” ========================================
2026-01-27 20:03:06.649 23440-24052 ServiceWatchdogWorker   com.cdccreditsmart.app               I  ğŸ” WATCHDOG: Verificando CdcForegroundService
2026-01-27 20:03:06.649 23440-24052 ServiceWatchdogWorker   com.cdccreditsmart.app               I  ğŸ” ========================================
2026-01-27 20:03:06.662 23440-23440 BootReceiver            com.cdccreditsmart.app               I  Boot completed - iniciando servicos...
2026-01-27 20:03:06.664 23440-23440 PlayProtectManager      com.cdccreditsmart.app               D  App nao e Device Owner - pulando desabilitacao do Play Protect
2026-01-27 20:03:06.730 23440-24052 KeepAliveManager        com.cdccreditsmart.app               D  âœ… CdcForegroundService estÃ¡ ativo
2026-01-27 20:03:06.741 23440-23440 CdcForegroundService    com.cdccreditsmart.app               I  âœ… ServiÃ§o iniciado via startService()
2026-01-27 20:03:06.752 23440-23440 OfflineEnf...mentWorker com.cdccreditsmart.app               I  âœ… OfflineEnforcementWorker agendado
2026-01-27 20:03:06.752 23440-23440 BootReceiver            com.cdccreditsmart.app               I  OfflineEnforcementWorker agendado apos boot
2026-01-27 20:03:06.756 23440-23440 PeriodicOverlayWorker   com.cdccreditsmart.app               I  ğŸ“… Agendando overlay automÃ¡tico
2026-01-27 20:03:06.756 23440-23440 PeriodicOverlayWorker   com.cdccreditsmart.app               I     WorkManager interval: 15 minutos (mÃ­nimo obrigatÃ³rio)
2026-01-27 20:03:06.756 23440-23440 PeriodicOverlayWorker   com.cdccreditsmart.app               I     Cooldowns progressivos controlados internamente pelo worker
2026-01-27 20:03:06.758 23440-23440 PeriodicOverlayWorker   com.cdccreditsmart.app               I  âœ… Overlay automÃ¡tico agendado com sucesso
2026-01-27 20:03:06.758 23440-23440 BootReceiver            com.cdccreditsmart.app               I  PeriodicOverlayWorker agendado apos boot
2026-01-27 20:03:06.758 23440-23440 BootReceiver            com.cdccreditsmart.app               I  Servicos iniciados apos boot
2026-01-27 20:03:06.760 23440-23440 CdcForegroundService    com.cdccreditsmart.app               D  ğŸš€ ServiÃ§o onStartCommand() - Action: com.cdccreditsmart.app.START_SERVICE
2026-01-27 20:03:06.793 23440-24052 ServiceWatchdogWorker   com.cdccreditsmart.app               I  ğŸ“Š EstatÃ­sticas Keep Alive:
2026-01-27 20:03:06.793 23440-24052 ServiceWatchdogWorker   com.cdccreditsmart.app               I     - ServiÃ§o ativo: true
2026-01-27 20:03:06.793 23440-24052 ServiceWatchdogWorker   com.cdccreditsmart.app               I     - Restarts: 0
2026-01-27 20:03:06.793 23440-24052 ServiceWatchdogWorker   com.cdccreditsmart.app               I     - OtimizaÃ§Ã£o bateria: SIM (ruim)
2026-01-27 20:03:06.793 23440-24052 ServiceWatchdogWorker   com.cdccreditsmart.app               I  ğŸ” ========================================
2026-01-27 20:03:06.793 23440-24052 ServiceWatchdogWorker   com.cdccreditsmart.app               I  âœ… WATCHDOG: ServiÃ§o verificado/reiniciado com sucesso
2026-01-27 20:03:06.815 23440-23440 CdcForegroundService    com.cdccreditsmart.app               I  âœ… Foreground Service ativo (Android 12+)
2026-01-27 20:03:06.816 23440-24049 CdcForegroundService    com.cdccreditsmart.app               I  ğŸ”§ ========================================
2026-01-27 20:03:06.816 23440-24049 CdcForegroundService    com.cdccreditsmart.app               I  ğŸ”§ INICIANDO initializeServices()...
2026-01-27 20:03:06.816 23440-24049 CdcForegroundService    com.cdccreditsmart.app               I  ğŸ”§ ========================================
2026-01-27 20:03:06.816 23440-24049 CdcForegroundService    com.cdccreditsmart.app               I  ğŸ“± Rodando em usuÃ¡rio secundÃ¡rio gerenciado (User ID: 19)
2026-01-27 20:03:06.816 23440-24049 CdcForegroundService    com.cdccreditsmart.app               I  ğŸ“± Dados de enrollment existem apenas no usuÃ¡rio primÃ¡rio
2026-01-27 20:03:06.816 23440-24049 CdcForegroundService    com.cdccreditsmart.app               I  ğŸ“± ServiÃ§o MDM nÃ£o serÃ¡ inicializado neste usuÃ¡rio
2026-01-27 20:03:06.816 23440-24049 CdcForegroundService    com.cdccreditsmart.app               I  ğŸ”§ ========================================
2026-01-27 20:03:07.069 23440-23730 WM-WorkerWrapper        com.cdccreditsmart.app               I  Worker result SUCCESS for Work [ id=ea791e2a-7b88-4dcb-aefc-7917b067a7d7, tags={ com.cdccreditsmart.app.keepalive.ServiceWatchdogWorker } ]
2026-01-27 20:03:07.124 22335-22335 CdcForegroundService    com.cdccreditsmart.app               D  ğŸš€ ServiÃ§o onStartCommand() - Action: com.cdccreditsmart.app.START_SERVICE
2026-01-27 20:03:07.135 22335-22335 CdcForegroundService    com.cdccreditsmart.app               I  âœ… Foreground Service ativo (Android 12+)
2026-01-27 20:03:07.136 22335-22479 CdcForegroundService    com.cdccreditsmart.app               I  ğŸ”§ ========================================
2026-01-27 20:03:07.136 22335-22479 CdcForegroundService    com.cdccreditsmart.app               I  ğŸ”§ INICIANDO initializeServices()...
2026-01-27 20:03:07.136 22335-22479 CdcForegroundService    com.cdccreditsmart.app               I  ğŸ”§ ========================================
2026-01-27 20:03:07.136 22335-22479 CdcForegroundService    com.cdccreditsmart.app               D  âœ… ServiÃ§os base jÃ¡ inicializados
2026-01-27 20:03:07.489 23440-24049 OfflineEnf...mentWorker com.cdccreditsmart.app               I  ğŸ”„ ========================================
2026-01-27 20:03:07.489 23440-24049 OfflineEnf...mentWorker com.cdccreditsmart.app               I  ğŸ”„ OFFLINE ENFORCEMENT - EXECUTANDO
2026-01-27 20:03:07.489 23440-24049 OfflineEnf...mentWorker com.cdccreditsmart.app               I  ğŸ”„ ========================================
2026-01-27 20:03:07.649 22335-22479 ContractCodeStorage     com.cdccreditsmart.app               D  Retrieving contract code from storage
2026-01-27 20:03:07.713 22335-22479 ContractCodeStorage     com.cdccreditsmart.app               D  Storage verification: 0 valid, 0 tampered, 7 missing
2026-01-27 20:03:07.714 22335-22479 ContractCodeStorage     com.cdccreditsmart.app               W  No valid contract code found in any location
2026-01-27 20:03:07.746 22335-22479 SecureTokenStorage      com.cdccreditsmart.app               E  âŒ Nenhum identificador MDM disponÃ­vel!
2026-01-27 20:03:07.746 22335-22479 CdcForegroundService    com.cdccreditsmart.app               I  ğŸ” AuthToken presente: false
2026-01-27 20:03:07.746 22335-22479 CdcForegroundService    com.cdccreditsmart.app               I  ğŸ” AuthToken length: 0
2026-01-27 20:03:07.746 22335-22479 CdcForegroundService    com.cdccreditsmart.app               I  ğŸ” ContractCode presente: false
2026-01-27 20:03:07.746 22335-22479 CdcForegroundService    com.cdccreditsmart.app               I  ğŸ” ContractCode value: null****
2026-01-27 20:03:07.746 22335-22479 CdcForegroundService    com.cdccreditsmart.app               I  ğŸ” MDM SerialNumber presente: false
2026-01-27 20:03:07.747 22335-22479 CdcForegroundService    com.cdccreditsmart.app               I  ğŸ” MDM SerialNumber value: ......
2026-01-27 20:03:07.747 22335-22479 CdcForegroundService    com.cdccreditsmart.app               I  ğŸ“± ========================================
2026-01-27 20:03:07.747 22335-22479 CdcForegroundService    com.cdccreditsmart.app               I  ğŸ“± AGUARDANDO PAIRING - MDM EM STANDBY
2026-01-27 20:03:07.747 22335-22479 CdcForegroundService    com.cdccreditsmart.app               I  ğŸ“± O usuÃ¡rio ainda nÃ£o fez o pareamento inicial
2026-01-27 20:03:07.747 22335-22479 CdcForegroundService    com.cdccreditsmart.app               I  ğŸ“± ServiÃ§os MDM serÃ£o ativados apÃ³s inserir cÃ³digo do contrato
2026-01-27 20:03:07.747 22335-22479 CdcForegroundService    com.cdccreditsmart.app               I  ğŸ“± NOTA: isMdmInitialized permanece FALSE para permitir reinicializaÃ§Ã£o
2026-01-27 20:03:07.747 22335-22479 CdcForegroundService    com.cdccreditsmart.app               I  ğŸ“± ========================================
2026-01-27 20:03:07.983 23440-23453 creditsmart.app         com.cdccreditsmart.app               W  Suspending all threads took: 19.323ms
2026-01-27 20:03:08.032 22335-22479 SettingsGuardService    com.cdccreditsmart.app               D  ğŸ“‹ Activity check - Full: null, Simple: null
2026-01-27 20:03:08.053 23440-23453 creditsmart.app         com.cdccreditsmart.app               I  Background concurrent mark compact GC freed 110108(26MB) AllocSpace objects, 90(3656KB) LOS objects, 85% free, 4011KB/27MB, paused 20.103ms,1.801ms total 127.154ms
2026-01-27 20:03:08.452 23440-24049 OfflineEnf...mentWorker com.cdccreditsmart.app               I  â„¹ï¸ Sem dados offline - nada a fazer
2026-01-27 20:03:08.465 23440-24055 WM-WorkerWrapper        com.cdccreditsmart.app               I  Worker result SUCCESS for Work [ id=ecf244af-ac3e-4802-8854-f521bd227b1d, tags={ com.cdccreditsmart.app.offline.OfflineEnforcementWorker } ]
2026-01-27 20:03:08.512 22335-22335 SettingsGuardService    com.cdccreditsmart.app               I  â¸ï¸ Guard PAUSADO para fluxo de permissÃµes (timeout: 30s)
2026-01-27 20:03:09.118 23440-23440 NotificationHelper      com.cdccreditsmart.app               D  Notification channel created: cdc_default
2026-01-27 20:03:09.129 23440-23440 NotificationHelper      com.cdccreditsmart.app               D  Notification channel created: cdc_info
2026-01-27 20:03:09.143 23440-23440 NotificationHelper      com.cdccreditsmart.app               D  Notification channel created: cdc_alerts
2026-01-27 20:03:09.155 23440-23440 NotificationHelper      com.cdccreditsmart.app               D  Notification channel created: cdc_payments
2026-01-27 20:03:09.166 23440-23440 NotificationHelper      com.cdccreditsmart.app               D  Notification channel created: cdc_contract
2026-01-27 20:03:09.392 23440-23440 CdcMessagingService     com.cdccreditsmart.app               D  CdcMessagingService created
