2025-12-08 05:33:06.474  8838-8838  CDCApplication          com.cdccreditsmart.app               I     - Restarts anteriores: 0
2025-12-08 05:33:06.474  8838-8838  CDCApplication          com.cdccreditsmart.app               I     - OtimizaÃ§Ã£o bateria: SIM (ruim)
2025-12-08 05:33:06.482  8838-8838  Choreographer           com.cdccreditsmart.app               I  Skipped 42 frames!  The application may be doing too much work on its main thread.
2025-12-08 05:33:06.496  8838-8905  DisplayManager          com.cdccreditsmart.app               I  Choreographer implicitly registered for the refresh rate.
2025-12-08 05:33:06.501  8838-8838  creditsmart.app         com.cdccreditsmart.app               I  AssetManager2(0x704f0fa1d198) locale list changing from [] to [en-US]
2025-12-08 05:33:06.550  8838-8905  EGL_emulation           com.cdccreditsmart.app               I  Opening libGLESv1_CM_emulation.so
2025-12-08 05:33:06.553  8838-8905  EGL_emulation           com.cdccreditsmart.app               I  Opening libGLESv2_emulation.so
2025-12-08 05:33:06.596  8838-8905  HWUI                    com.cdccreditsmart.app               W  Failed to choose config with EGL_SWAP_BEHAVIOR_PRESERVED, retrying without...
2025-12-08 05:33:06.596  8838-8905  HWUI                    com.cdccreditsmart.app               W  Failed to initialize 101010-2 format, error = EGL_SUCCESS
2025-12-08 05:33:06.625  8838-8838  CompatChangeReporter    com.cdccreditsmart.app               D  Compat change id reported: 309578419; UID 10218; state: ENABLED
2025-12-08 05:33:06.635  8838-8838  DesktopModeFlags        com.cdccreditsmart.app               D  Toggle override initialized to: OVERRIDE_UNSET
2025-12-08 05:33:06.656  8838-8838  MainActivity            com.cdccreditsmart.app               D  ğŸ“ BroadcastReceiver de localizaÃ§Ã£o registrado
2025-12-08 05:33:06.660  8838-8838  MainActivity            com.cdccreditsmart.app               I  ========================================
2025-12-08 05:33:06.660  8838-8838  MainActivity            com.cdccreditsmart.app               I  ğŸ“± SOLICITANDO PERMISSÃ•ES (NÃƒO DEVICE OWNER)
2025-12-08 05:33:06.660  8838-8838  MainActivity            com.cdccreditsmart.app               I  ========================================
2025-12-08 05:33:06.665  8838-8876  PersistentStateManager  com.cdccreditsmart.app               D  Nenhum estado local encontrado
2025-12-08 05:33:06.665  8838-8876  PersistentStateManager  com.cdccreditsmart.app               D  ğŸ†• Sem estado local - device novo ou pÃ³s factory reset
2025-12-08 05:33:06.666  8838-8876  MainActivity            com.cdccreditsmart.app               I  ğŸ†• Device nunca foi provisionado
2025-12-08 05:33:06.667  8838-8838  MainActivity            com.cdccreditsmart.app               I  ğŸ“‹ Runtime permissions a solicitar: 1
2025-12-08 05:33:06.667  8838-8838  MainActivity            com.cdccreditsmart.app               D    â€¢ android.permission.READ_CONTACTS
2025-12-08 05:33:06.667  8838-8838  SettingsGuardService    com.cdccreditsmart.app               I  â¸ï¸ Guard PAUSADO para fluxo de permissÃµes
2025-12-08 05:33:06.717  8838-8838  SpecialPermissionReq    com.cdccreditsmart.app               I  ========================================
2025-12-08 05:33:06.718  8838-8838  SpecialPermissionReq    com.cdccreditsmart.app               I  ğŸ“Š STATUS DAS PERMISSÃ•ES ESPECIAIS
2025-12-08 05:33:06.718  8838-8838  SpecialPermissionReq    com.cdccreditsmart.app               I  ========================================
2025-12-08 05:33:06.720  8838-8838  SpecialPermissionReq    com.cdccreditsmart.app               I    USAGE_STATS: âŒ NÃƒO CONCEDIDA
2025-12-08 05:33:06.720  8838-8838  SpecialPermissionReq    com.cdccreditsmart.app               I    OVERLAY: âŒ NÃƒO CONCEDIDA
2025-12-08 05:33:06.721  8838-8838  SpecialPermissionReq    com.cdccreditsmart.app               W  
2025-12-08 05:33:06.721  8838-8838  SpecialPermissionReq    com.cdccreditsmart.app               W  âš ï¸ PROTEÃ‡ÃƒO ANTI-DESINSTALAÃ‡ÃƒO COMPROMETIDA!
2025-12-08 05:33:06.721  8838-8838  SpecialPermissionReq    com.cdccreditsmart.app               W     Sem essas permissÃµes, a proteÃ§Ã£o via overlay nÃ£o funciona.
2025-12-08 05:33:06.721  8838-8838  SpecialPermissionReq    com.cdccreditsmart.app               W     O usuÃ¡rio conseguirÃ¡ acessar App Info e desinstalar.
2025-12-08 05:33:06.721  8838-8838  SpecialPermissionReq    com.cdccreditsmart.app               I  ========================================
2025-12-08 05:33:06.722  8838-8838  MainActivity            com.cdccreditsmart.app               W  ========================================
2025-12-08 05:33:06.722  8838-8838  MainActivity            com.cdccreditsmart.app               W  âš ï¸ PERMISSÃ•ES ESPECIAIS NECESSÃRIAS
2025-12-08 05:33:06.722  8838-8838  MainActivity            com.cdccreditsmart.app               W  ========================================
2025-12-08 05:33:06.722  8838-8838  MainActivity            com.cdccreditsmart.app               W  Para proteÃ§Ã£o anti-desinstalaÃ§Ã£o funcionar:
2025-12-08 05:33:06.722  8838-8838  MainActivity            com.cdccreditsmart.app               W    âŒ Acesso ao Uso de Apps
2025-12-08 05:33:06.723  8838-8838  MainActivity            com.cdccreditsmart.app               W       Permite detectar quando vocÃª abre as ConfiguraÃ§Ãµes para aplicar proteÃ§Ã£o
2025-12-08 05:33:06.723  8838-8838  MainActivity            com.cdccreditsmart.app               W    âŒ Exibir sobre outros apps
2025-12-08 05:33:06.723  8838-8838  MainActivity            com.cdccreditsmart.app               W       Permite mostrar avisos de proteÃ§Ã£o sobre outros aplicativos
2025-12-08 05:33:06.723  8838-8838  MainActivity            com.cdccreditsmart.app               W  ========================================
2025-12-08 05:33:06.723  8838-8838  MainActivity            com.cdccreditsmart.app               W  O app solicitarÃ¡ essas permissÃµes na prÃ³xima interaÃ§Ã£o
2025-12-08 05:33:06.723  8838-8838  MainActivity            com.cdccreditsmart.app               W  ========================================
2025-12-08 05:33:06.776  8838-8868  FA                      com.cdccreditsmart.app               I  Tag Manager is not found and thus will not be used
2025-12-08 05:33:06.784  8838-8838  CompatChangeReporter    com.cdccreditsmart.app               D  Compat change id reported: 352594277; UID 10218; state: ENABLED
2025-12-08 05:33:06.791  8838-8838  CompatChangeReporter    com.cdccreditsmart.app               D  Compat change id reported: 349153669; UID 10218; state: ENABLED
2025-12-08 05:33:06.803  8838-8838  HWUI                    com.cdccreditsmart.app               W  Unknown dataspace 0
2025-12-08 05:33:06.811  8838-8838  InsetsController        com.cdccreditsmart.app               D  Setting requestedVisibleTypes to -14 (was -9)
2025-12-08 05:33:06.833  8838-8838  CdcForegroundService    com.cdccreditsmart.app               D  ğŸ“± ServiÃ§o onCreate()
2025-12-08 05:33:06.834  8838-8838  CdcForegroundService    com.cdccreditsmart.app               D  âœ… Canal de notificaÃ§Ã£o criado
2025-12-08 05:33:06.839  8838-8838  CdcForegroundService    com.cdccreditsmart.app               I  âœ… ScreenStateReceiver registrado
2025-12-08 05:33:06.842  8838-8838  CdcForegroundService    com.cdccreditsmart.app               D  ğŸš€ ServiÃ§o onStartCommand() - Action: null
2025-12-08 05:33:06.869  8838-8838  CdcForegroundService    com.cdccreditsmart.app               I  âœ… Foreground Service ativo (Android 12+)
2025-12-08 05:33:06.871  8838-8876  CdcForegroundService    com.cdccreditsmart.app               I  ğŸ”§ ========================================
2025-12-08 05:33:06.874  8838-8876  CdcForegroundService    com.cdccreditsmart.app               I  ğŸ”§ INICIANDO initializeServices()...
2025-12-08 05:33:06.877  8838-8876  CdcForegroundService    com.cdccreditsmart.app               I  ğŸ”§ ========================================
2025-12-08 05:33:06.878  8838-8876  CdcForegroundService    com.cdccreditsmart.app               I  ğŸ”§ Inicializando serviÃ§os base (SettingsGuard, WorkPolicies)...
2025-12-08 05:33:06.878  8838-8876  CdcForegroundService    com.cdccreditsmart.app               I  ğŸ¢ ========================================
2025-12-08 05:33:06.881  8838-8876  CdcForegroundService    com.cdccreditsmart.app               I  ğŸ¢ APLICANDO POLÃTICAS DE AMBIENTE DE TRABALHO
2025-12-08 05:33:06.881  8838-8876  CdcForegroundService    com.cdccreditsmart.app               I  ğŸ¢ ========================================
2025-12-08 05:33:06.885  8838-8876  WorkPolicyManager       com.cdccreditsmart.app               I  
2025-12-08 05:33:06.885  8838-8876  WorkPolicyManager       com.cdccreditsmart.app               I  â•”â•â•â•â•â•â•â•â•â•â•â•â•â•â•â•â•â•â•â•â•â•â•â•â•â•â•â•â•â•â•â•â•â•â•â•â•â•â•â•â•â•â•â•â•â•â•â•â•â•â•â•â•â•â•â•â•â•â•â•â•â•â•â•â•â•—
2025-12-08 05:33:06.885  8838-8876  WorkPolicyManager       com.cdccreditsmart.app               I  â•‘  ğŸ¢ APLICANDO POLÃTICAS DE AMBIENTE DE TRABALHO                â•‘
2025-12-08 05:33:06.885  8838-8876  WorkPolicyManager       com.cdccreditsmart.app               I  â•‘     CDC CREDIT SMART - PROTEÃ‡ÃƒO EMPRESARIAL                    â•‘
2025-12-08 05:33:06.885  8838-8876  WorkPolicyManager       com.cdccreditsmart.app               I  â•šâ•â•â•â•â•â•â•â•â•â•â•â•â•â•â•â•â•â•â•â•â•â•â•â•â•â•â•â•â•â•â•â•â•â•â•â•â•â•â•â•â•â•â•â•â•â•â•â•â•â•â•â•â•â•â•â•â•â•â•â•â•â•â•â•â•
2025-12-08 05:33:06.885  8838-8876  WorkPolicyManager       com.cdccreditsmart.app               I  
2025-12-08 05:33:06.886  8838-8876  WorkPolicyManager       com.cdccreditsmart.app               I  ğŸ“‹ STATUS DO DISPOSITIVO:
2025-12-08 05:33:06.886  8838-8876  WorkPolicyManager       com.cdccreditsmart.app               I     Device Owner: âŒ NÃƒO
2025-12-08 05:33:06.886  8838-8876  WorkPolicyManager       com.cdccreditsmart.app               I     Device Admin: âŒ NÃƒO
2025-12-08 05:33:06.887  8838-8876  WorkPolicyManager       com.cdccreditsmart.app               I  
2025-12-08 05:33:06.887  8838-8876  WorkPolicyManager       com.cdccreditsmart.app               I  â•â•â•â•â•â•â•â•â•â•â•â•â•â•â•â•â•â•â•â•â•â•â•â•â•â•â•â•â•â•â•â•â•â•â•â•â•â•â•â•â•â•â•â•â•â•â•â•â•â•â•â•â•â•â•â•â•â•â•â•â•â•â•
2025-12-08 05:33:06.887  8838-8876  WorkPolicyManager       com.cdccreditsmart.app               I  âš ï¸ MODO BÃSICO - PROTEÃ‡ÃƒO MÃNIMA
2025-12-08 05:33:06.887  8838-8876  WorkPolicyManager       com.cdccreditsmart.app               I  â•â•â•â•â•â•â•â•â•â•â•â•â•â•â•â•â•â•â•â•â•â•â•â•â•â•â•â•â•â•â•â•â•â•â•â•â•â•â•â•â•â•â•â•â•â•â•â•â•â•â•â•â•â•â•â•â•â•â•â•â•â•â•
2025-12-08 05:33:06.887  8838-8876  WorkPolicyManager       com.cdccreditsmart.app               I  
2025-12-08 05:33:06.887  8838-8876  WorkPolicyManager       com.cdccreditsmart.app               E  âŒ ATENÃ‡ÃƒO: App NÃƒO Ã© Device Owner nem Device Admin!
2025-12-08 05:33:06.887  8838-8876  WorkPolicyManager       com.cdccreditsmart.app               E     â€¢ ProteÃ§Ãµes MDM nÃ£o disponÃ­veis
2025-12-08 05:33:06.887  8838-8876  WorkPolicyManager       com.cdccreditsmart.app               E     â€¢ UsuÃ¡rio pode desinstalar o app livremente
2025-12-08 05:33:06.887  8838-8876  WorkPolicyManager       com.cdccreditsmart.app               E     â€¢ Factory Reset nÃ£o Ã© bloqueÃ¡vel
2025-12-08 05:33:06.887  8838-8876  WorkPolicyManager       com.cdccreditsmart.app               E     â€¢ Aplicando proteÃ§Ãµes alternativas mÃ­nimas...
2025-12-08 05:33:06.887  8838-8876  WorkPolicyManager       com.cdccreditsmart.app               I  
2025-12-08 05:33:06.887  8838-8876  WorkPolicyManager       com.cdccreditsmart.app               I  ğŸ”„ [1/3] PERSISTÃŠNCIA DO APP
2025-12-08 05:33:06.887  8838-8876  WorkPolicyManager       com.cdccreditsmart.app               I  â”€â”€â”€â”€â”€â”€â”€â”€â”€â”€â”€â”€â”€â”€â”€â”€â”€â”€â”€â”€â”€â”€â”€â”€â”€â”€â”€â”€â”€â”€â”€â”€â”€â”€â”€â”€â”€â”€â”€â”€â”€â”€â”€â”€â”€â”€â”€â”€â”€â”€â”€â”€â”€â”€â”€â”€â”€â”€â”€â”€â”€â”€â”€
2025-12-08 05:33:06.894  8838-8876  WorkPolicyManager       com.cdccreditsmart.app               I     â„¹ï¸ Solicitando isenÃ§Ã£o de otimizaÃ§Ã£o de bateria...
2025-12-08 05:33:06.894  8838-8876  WorkPolicyManager       com.cdccreditsmart.app               I     â„¹ï¸ UsuÃ¡rio precisa conceder manualmente em Settings
2025-12-08 05:33:06.894  8838-8876  WorkPolicyManager       com.cdccreditsmart.app               I     âœ… Foreground Service configurado via CdcForegroundService
2025-12-08 05:33:06.894  8838-8876  WorkPolicyManager       com.cdccreditsmart.app               I  
2025-12-08 05:33:06.894  8838-8876  WorkPolicyManager       com.cdccreditsmart.app               I  ğŸ“Š [2/3] MONITORAMENTO BÃSICO
2025-12-08 05:33:06.894  8838-8876  WorkPolicyManager       com.cdccreditsmart.app               I  â”€â”€â”€â”€â”€â”€â”€â”€â”€â”€â”€â”€â”€â”€â”€â”€â”€â”€â”€â”€â”€â”€â”€â”€â”€â”€â”€â”€â”€â”€â”€â”€â”€â”€â”€â”€â”€â”€â”€â”€â”€â”€â”€â”€â”€â”€â”€â”€â”€â”€â”€â”€â”€â”€â”€â”€â”€â”€â”€â”€â”€â”€â”€
2025-12-08 05:33:06.894  8838-8876  WorkPolicyManager       com.cdccreditsmart.app               I     âœ… WorkManager health check agendado
2025-12-08 05:33:06.894  8838-8876  WorkPolicyManager       com.cdccreditsmart.app               I  
2025-12-08 05:33:06.894  8838-8876  WorkPolicyManager       com.cdccreditsmart.app               I  ğŸ”” [3/3] NOTIFICAÃ‡Ã•ES
2025-12-08 05:33:06.894  8838-8876  WorkPolicyManager       com.cdccreditsmart.app               I  â”€â”€â”€â”€â”€â”€â”€â”€â”€â”€â”€â”€â”€â”€â”€â”€â”€â”€â”€â”€â”€â”€â”€â”€â”€â”€â”€â”€â”€â”€â”€â”€â”€â”€â”€â”€â”€â”€â”€â”€â”€â”€â”€â”€â”€â”€â”€â”€â”€â”€â”€â”€â”€â”€â”€â”€â”€â”€â”€â”€â”€â”€â”€
2025-12-08 05:33:06.894  8838-8876  WorkPolicyManager       com.cdccreditsmart.app               I     âœ… Canal de notificaÃ§Ã£o persistente criado
2025-12-08 05:33:06.911  8838-8876  WorkPolicyManager       com.cdccreditsmart.app               I  
2025-12-08 05:33:06.911  8838-8876  WorkPolicyManager       com.cdccreditsmart.app               I  â•”â•â•â•â•â•â•â•â•â•â•â•â•â•â•â•â•â•â•â•â•â•â•â•â•â•â•â•â•â•â•â•â•â•â•â•â•â•â•â•â•â•â•â•â•â•â•â•â•â•â•â•â•â•â•â•â•â•â•â•â•â•â•â•â•â•—
2025-12-08 05:33:06.911  8838-8876  WorkPolicyManager       com.cdccreditsmart.app               I  â•‘  ğŸ“Š RESUMO DAS POLÃTICAS DE TRABALHO                           â•‘
2025-12-08 05:33:06.911  8838-8876  WorkPolicyManager       com.cdccreditsmart.app               I  â• â•â•â•â•â•â•â•â•â•â•â•â•â•â•â•â•â•â•â•â•â•â•â•â•â•â•â•â•â•â•â•â•â•â•â•â•â•â•â•â•â•â•â•â•â•â•â•â•â•â•â•â•â•â•â•â•â•â•â•â•â•â•â•â•â•£
2025-12-08 05:33:06.911  8838-8876  WorkPolicyManager       com.cdccreditsmart.app               I  â•‘  âš ï¸ NÃ­vel de proteÃ§Ã£o: BASIC
2025-12-08 05:33:06.911  8838-8876  WorkPolicyManager       com.cdccreditsmart.app               I  â•‘  ğŸ“‹ PolÃ­ticas aplicadas: 4
2025-12-08 05:33:06.911  8838-8876  WorkPolicyManager       com.cdccreditsmart.app               I  â• â•â•â•â•â•â•â•â•â•â•â•â•â•â•â•â•â•â•â•â•â•â•â•â•â•â•â•â•â•â•â•â•â•â•â•â•â•â•â•â•â•â•â•â•â•â•â•â•â•â•â•â•â•â•â•â•â•â•â•â•â•â•â•â•â•£
2025-12-08 05:33:06.911  8838-8876  WorkPolicyManager       com.cdccreditsmart.app               I  â•‘  âœ… PROTEÃ‡Ã•ES ATIVAS:
2025-12-08 05:33:06.911  8838-8876  WorkPolicyManager       com.cdccreditsmart.app               I  â•‘     âœ… IsenÃ§Ã£o de otimizaÃ§Ã£o de bateria
2025-12-08 05:33:06.911  8838-8876  WorkPolicyManager       com.cdccreditsmart.app               I  â•‘     âœ… Foreground Service persistente
2025-12-08 05:33:06.911  8838-8876  WorkPolicyManager       com.cdccreditsmart.app               I  â•‘     âœ… Health check periÃ³dico agendado
2025-12-08 05:33:06.911  8838-8876  WorkPolicyManager       com.cdccreditsmart.app               I  â•‘     âœ… Canal de notificaÃ§Ã£o persistente criado
2025-12-08 05:33:06.911  8838-8876  WorkPolicyManager       com.cdccreditsmart.app               I  â• â•â•â•â•â•â•â•â•â•â•â•â•â•â•â•â•â•â•â•â•â•â•â•â•â•â•â•â•â•â•â•â•â•â•â•â•â•â•â•â•â•â•â•â•â•â•â•â•â•â•â•â•â•â•â•â•â•â•â•â•â•â•â•â•â•£
2025-12-08 05:33:06.911  8838-8876  WorkPolicyManager       com.cdccreditsmart.app               I  â•‘  âš ï¸ AVISOS:
2025-12-08 05:33:06.911  8838-8876  WorkPolicyManager       com.cdccreditsmart.app               W  â•‘     âŒ CRÃTICO: DesinstalaÃ§Ã£o NÃƒO bloqueÃ¡vel
2025-12-08 05:33:06.911  8838-8876  WorkPolicyManager       com.cdccreditsmart.app               W  â•‘     âŒ CRÃTICO: Factory Reset NÃƒO bloqueÃ¡vel
2025-12-08 05:33:06.911  8838-8876  WorkPolicyManager       com.cdccreditsmart.app               W  â•‘     âŒ CRÃTICO: Force Stop NÃƒO bloqueÃ¡vel
2025-12-08 05:33:06.911  8838-8876  WorkPolicyManager       com.cdccreditsmart.app               W  â•‘     âŒ CRÃTICO: Clear Data NÃƒO bloqueÃ¡vel
2025-12-08 05:33:06.911  8838-8876  WorkPolicyManager       com.cdccreditsmart.app               W  â•‘     âš ï¸ RecomendaÃ§Ã£o: Configurar como Device Owner via QR Code ou ADB
2025-12-08 05:33:06.911  8838-8876  WorkPolicyManager       com.cdccreditsmart.app               I  â•šâ•â•â•â•â•â•â•â•â•â•â•â•â•â•â•â•â•â•â•â•â•â•â•â•â•â•â•â•â•â•â•â•â•â•â•â•â•â•â•â•â•â•â•â•â•â•â•â•â•â•â•â•â•â•â•â•â•â•â•â•â•â•â•â•â•
2025-12-08 05:33:06.911  8838-8876  WorkPolicyManager       com.cdccreditsmart.app               I  
2025-12-08 05:33:06.911  8838-8876  CdcForegroundService    com.cdccreditsmart.app               I  ğŸ¢ Resultado: BASIC
2025-12-08 05:33:06.911  8838-8876  CdcForegroundService    com.cdccreditsmart.app               I  ğŸ¢ PolÃ­ticas aplicadas: 4/5
2025-12-08 05:33:06.911  8838-8876  CdcForegroundService    com.cdccreditsmart.app               W  ğŸ¢ âŒ CRÃTICO: DesinstalaÃ§Ã£o NÃƒO bloqueÃ¡vel
2025-12-08 05:33:06.911  8838-8876  CdcForegroundService    com.cdccreditsmart.app               W  ğŸ¢ âŒ CRÃTICO: Factory Reset NÃƒO bloqueÃ¡vel
2025-12-08 05:33:06.912  8838-8876  CdcForegroundService    com.cdccreditsmart.app               W  ğŸ¢ âŒ CRÃTICO: Force Stop NÃƒO bloqueÃ¡vel
2025-12-08 05:33:06.912  8838-8876  CdcForegroundService    com.cdccreditsmart.app               W  ğŸ¢ âŒ CRÃTICO: Clear Data NÃƒO bloqueÃ¡vel
2025-12-08 05:33:06.912  8838-8876  CdcForegroundService    com.cdccreditsmart.app               W  ğŸ¢ âš ï¸ RecomendaÃ§Ã£o: Configurar como Device Owner via QR Code ou ADB
2025-12-08 05:33:06.912  8838-8876  CdcForegroundService    com.cdccreditsmart.app               I  ğŸ¢ ========================================
2025-12-08 05:33:06.912  8838-8876  CdcForegroundService    com.cdccreditsmart.app               I  ğŸ›¡ï¸ ========================================
2025-12-08 05:33:06.912  8838-8876  CdcForegroundService    com.cdccreditsmart.app               I  ğŸ›¡ï¸ INICIANDO SETTINGS GUARD (PROTEÃ‡ÃƒO AGRESSIVA)
2025-12-08 05:33:06.912  8838-8876  CdcForegroundService    com.cdccreditsmart.app               I  ğŸ›¡ï¸ ========================================
2025-12-08 05:33:06.923  8838-8876  AutoPermissionManager   com.cdccreditsmart.app               W  âš ï¸ NÃ£o Ã© Device Owner - nÃ£o pode conceder permissÃµes especiais
2025-12-08 05:33:06.949  8838-8876  SettingsGuardService    com.cdccreditsmart.app               I  ğŸ›¡ï¸ SettingsGuard INICIADO
2025-12-08 05:33:06.949  8838-8876  SettingsGuardService    com.cdccreditsmart.app               I     Modo de proteÃ§Ã£o: BASIC
2025-12-08 05:33:06.950  8838-8876  SettingsGuardService    com.cdccreditsmart.app               I     âš ï¸ Sem privilÃ©gios: ProteÃ§Ã£o AGRESSIVA ativada
2025-12-08 05:33:06.953  8838-8876  SettingsGuardService    com.cdccreditsmart.app               I     ğŸ“¡ Monitorando Settings a cada 600ms
2025-12-08 05:33:06.953  8838-8876  SettingsGuardService    com.cdccreditsmart.app               I  ğŸ” Iniciando monitoramento ativo de Settings...
2025-12-08 05:33:06.954  8838-8876  SettingsGuardService    com.cdccreditsmart.app               W  âš ï¸ Sem permissÃ£o PACKAGE_USAGE_STATS
2025-12-08 05:33:06.954  8838-8876  SettingsGuardService    com.cdccreditsmart.app               W     Monitoramento via ActivityManager (menos preciso)
2025-12-08 05:33:06.954  8838-8876  SettingsGuardService    com.cdccreditsmart.app               W     IMPORTANTE: Conceda permissÃ£o em ConfiguraÃ§Ãµes > Apps > Credit Smart > Acesso especial > Acesso uso
2025-12-08 05:33:06.984  8838-8876  SettingsGuardService    com.cdccreditsmart.app               I  ğŸ“¢ NotificaÃ§Ã£o de permissÃ£o USAGE_STATS exibida
2025-12-08 05:33:06.984  8838-8876  SettingsGuardService    com.cdccreditsmart.app               W  âš ï¸ Sem permissÃ£o SYSTEM_ALERT_WINDOW
2025-12-08 05:33:06.986  8838-8876  SettingsGuardService    com.cdccreditsmart.app               W     Overlays de bloqueio nÃ£o funcionarÃ£o
2025-12-08 05:33:06.989  8838-8876  CdcForegroundService    com.cdccreditsmart.app               I  ğŸ›¡ï¸ Guard ativo: true
2025-12-08 05:33:06.989  8838-8876  CdcForegroundService    com.cdccreditsmart.app               I  ğŸ›¡ï¸ Modo proteÃ§Ã£o: BASIC
2025-12-08 05:33:06.989  8838-8876  CdcForegroundService    com.cdccreditsmart.app               I  ğŸ›¡ï¸ Modo agressivo: false
2025-12-08 05:33:06.989  8838-8876  CdcForegroundService    com.cdccreditsmart.app               I  ğŸ›¡ï¸ UsageStats: âŒ INATIVO
2025-12-08 05:33:06.989  8838-8876  CdcForegroundService    com.cdccreditsmart.app               I  ğŸ›¡ï¸ Overlay: âŒ INATIVO
2025-12-08 05:33:06.989  8838-8876  CdcForegroundService    com.cdccreditsmart.app               W  ğŸ›¡ï¸ âš ï¸ UsageStats nÃ£o ativo - guard usarÃ¡ ActivityManager (menos preciso)
2025-12-08 05:33:06.989  8838-8876  CdcForegroundService    com.cdccreditsmart.app               W  ğŸ›¡ï¸ âš ï¸ Overlay nÃ£o ativo - guard usarÃ¡ bringAppToForeground
2025-12-08 05:33:06.989  8838-8876  CdcForegroundService    com.cdccreditsmart.app               I  ğŸ›¡ï¸ ========================================
2025-12-08 05:33:06.997  8838-8878  SettingsGuardService    com.cdccreditsmart.app               I  â–¶ï¸ App voltou ao foreground durante fluxo de permissÃ£o - retomando guard
2025-12-08 05:33:06.997  8838-8878  SettingsGuardService    com.cdccreditsmart.app               I  â–¶ï¸ Guard RETOMADO apÃ³s fluxo de permissÃµes
2025-12-08 05:33:07.723  8838-8876  SettingsGuardService    com.cdccreditsmart.app               D  ğŸ“‹ Activity check - Full: null, Simple: null
2025-12-08 05:33:07.726  8838-8838  creditsmart.app         com.cdccreditsmart.app               W  Verification of void androidx.compose.ui.focus.FocusInvalidationManager.scheduleInvalidation(androidx.compose.ui.focus.FocusEventModifierNode) took 154.083ms (38.94 bytecodes/s) (0B arena alloc)
2025-12-08 05:33:07.830  8838-8878  SecureTokenStorage      com.cdccreditsmart.app               D  EncryptedSharedPreferences initialized successfully
2025-12-08 05:33:07.831  8838-8878  ContractCodeStorage     com.cdccreditsmart.app               D  Retrieving contract code from storage
2025-12-08 05:33:07.976  8838-8878  ContractCodeStorage     com.cdccreditsmart.app               D  Storage verification: 0 valid, 0 tampered, 7 missing
2025-12-08 05:33:07.976  8838-8878  ContractCodeStorage     com.cdccreditsmart.app               W  No valid contract code found in any location
2025-12-08 05:33:07.979  8838-8878  SecureTokenStorage      com.cdccreditsmart.app               E  âŒ Nenhum identificador MDM disponÃ­vel!
2025-12-08 05:33:07.980  8838-8878  CdcForegroundService    com.cdccreditsmart.app               I  ğŸ” AuthToken presente: false
2025-12-08 05:33:07.980  8838-8878  CdcForegroundService    com.cdccreditsmart.app               I  ğŸ” AuthToken length: 0
2025-12-08 05:33:07.980  8838-8878  CdcForegroundService    com.cdccreditsmart.app               I  ğŸ” ContractCode presente: false
2025-12-08 05:33:07.980  8838-8878  CdcForegroundService    com.cdccreditsmart.app               I  ğŸ” ContractCode value: null****
2025-12-08 05:33:07.980  8838-8878  CdcForegroundService    com.cdccreditsmart.app               I  ğŸ” MDM SerialNumber presente: false
2025-12-08 05:33:07.980  8838-8878  CdcForegroundService    com.cdccreditsmart.app               I  ğŸ” MDM SerialNumber value: ......
2025-12-08 05:33:07.980  8838-8878  CdcForegroundService    com.cdccreditsmart.app               I  ğŸ“± ========================================
2025-12-08 05:33:07.980  8838-8878  CdcForegroundService    com.cdccreditsmart.app               I  ğŸ“± AGUARDANDO PAIRING - MDM EM STANDBY
2025-12-08 05:33:07.980  8838-8878  CdcForegroundService    com.cdccreditsmart.app               I  ğŸ“± O usuÃ¡rio ainda nÃ£o fez o pareamento inicial
2025-12-08 05:33:07.980  8838-8878  CdcForegroundService    com.cdccreditsmart.app               I  ğŸ“± ServiÃ§os MDM serÃ£o ativados apÃ³s inserir cÃ³digo do contrato
2025-12-08 05:33:07.980  8838-8878  CdcForegroundService    com.cdccreditsmart.app               I  ğŸ“± NOTA: isMdmInitialized permanece FALSE para permitir reinicializaÃ§Ã£o
2025-12-08 05:33:07.980  8838-8878  CdcForegroundService    com.cdccreditsmart.app               I  ğŸ“± ========================================
2025-12-08 05:33:08.474  8838-8878  SettingsGuardService    com.cdccreditsmart.app               D  ğŸ“‹ Activity check - Full: null, Simple: null
2025-12-08 05:33:08.630  8838-8843  creditsmart.app         com.cdccreditsmart.app               I  Compiler allocated 5042KB to compile void android.view.ViewRootImpl.performTraversals()
2025-12-08 05:33:09.406  8838-8878  SettingsGuardService    com.cdccreditsmart.app               D  ğŸ“‹ Activity check - Full: null, Simple: null
2025-12-08 05:33:09.891  8838-8904  HWUI                    com.cdccreditsmart.app               I  Davey! duration=3062ms; Flags=1, FrameTimelineVsyncId=70442, IntendedVsync=1223179390734, Vsync=1223246057398, InputEventId=0, HandleInputStart=1223261011100, AnimationStart=1223261036700, PerformTraversalsStart=1223261064900, DrawStart=1226171448400, FrameDeadline=1223196057400, FrameStartTime=1223260974800, FrameInterval=16666666, WorkloadTarget=16666666, SyncQueued=1226199762600, SyncStart=1226205117900, IssueDrawCommandsStart=1226205274300, SwapBuffers=1226228776600, FrameCompleted=1226246943300, DequeueBufferDuration=15500, QueueBufferDuration=852600, GpuCompleted=1226246943300, SwapBuffersCompleted=1226230885300, DisplayPresentTime=0, CommandSubmissionCompleted=1226228776600, 
2025-12-08 05:33:09.900  8838-8838  PermissionGateScreen    com.cdccreditsmart.app               I  ğŸ” VERIFICAÃ‡ÃƒO INICIAL DE PERMISSÃ•ES:
2025-12-08 05:33:09.900  8838-8838  PermissionGateScreen    com.cdccreditsmart.app               I     NÃ­vel: BASIC
2025-12-08 05:33:09.900  8838-8838  PermissionGateScreen    com.cdccreditsmart.app               I     Todas concedidas: false
2025-12-08 05:33:09.901  8838-8838  PermissionGateScreen    com.cdccreditsmart.app               I     Bateria isenta: false
2025-12-08 05:33:09.901  8838-8838  PermissionGateScreen    com.cdccreditsmart.app               W     âŒ FALTA: Administrador do Dispositivo
2025-12-08 05:33:09.901  8838-8838  PermissionGateScreen    com.cdccreditsmart.app               W     âŒ FALTA: Monitoramento de Apps
2025-12-08 05:33:09.901  8838-8838  PermissionGateScreen    com.cdccreditsmart.app               W     âŒ FALTA: Mostrar Alertas
2025-12-08 05:33:09.901  8838-8838  PermissionGateScreen    com.cdccreditsmart.app               W     âŒ FALTA: ExecuÃ§Ã£o em Segundo Plano
2025-12-08 05:33:09.901  8838-8838  PermissionGateScreen    com.cdccreditsmart.app               I     âœ… OK: PermissÃµes BÃ¡sicas
2025-12-08 05:33:09.904  8838-8838  PermissionGateScreen    com.cdccreditsmart.app               I  ========================================
2025-12-08 05:33:09.904  8838-8838  PermissionGateScreen    com.cdccreditsmart.app               I  ğŸšª PERMISSION GATE SCREEN INICIADO
2025-12-08 05:33:09.904  8838-8838  PermissionGateScreen    com.cdccreditsmart.app               I  ========================================
2025-12-08 05:33:09.904  8838-8838  PermissionGateScreen    com.cdccreditsmart.app               I  NÃ­vel de privilÃ©gio: BASIC
2025-12-08 05:33:09.904  8838-8838  PermissionGateScreen    com.cdccreditsmart.app               I  PermissÃµes concedidas: 1
2025-12-08 05:33:09.904  8838-8838  PermissionGateScreen    com.cdccreditsmart.app               I  PermissÃµes faltando: 4
2025-12-08 05:33:09.904  8838-8838  PermissionGateScreen    com.cdccreditsmart.app               W    âŒ Administrador do Dispositivo
2025-12-08 05:33:09.904  8838-8838  PermissionGateScreen    com.cdccreditsmart.app               W    âŒ Monitoramento de Apps
2025-12-08 05:33:09.904  8838-8838  PermissionGateScreen    com.cdccreditsmart.app               W    âŒ Mostrar Alertas
2025-12-08 05:33:09.904  8838-8838  PermissionGateScreen    com.cdccreditsmart.app               W    âŒ ExecuÃ§Ã£o em Segundo Plano
2025-12-08 05:33:09.905  8838-8838  PermissionGateScreen    com.cdccreditsmart.app               I    âœ… PermissÃµes BÃ¡sicas
2025-12-08 05:33:09.905  8838-8838  PermissionGateScreen    com.cdccreditsmart.app               I  ========================================
2025-12-08 05:33:09.905  8838-8838  PermissionGateScreen    com.cdccreditsmart.app               D  â° Iniciando verificaÃ§Ã£o periÃ³dica de permissÃµes...
2025-12-08 05:33:09.914  8838-8838  Choreographer           com.cdccreditsmart.app               I  Skipped 162 frames!  The application may be doing too much work on its main thread.
2025-12-08 05:33:09.943  8838-8838  SettingsGuardService    com.cdccreditsmart.app               I  â–¶ï¸ Guard RETOMADO apÃ³s fluxo de permissÃµes
2025-12-08 05:33:09.943  8838-8838  MainActivity            com.cdccreditsmart.app               I  âœ… TODAS as permissÃµes foram concedidas pelo usuÃ¡rio!
2025-12-08 05:33:09.943  8838-8838  MainActivity            com.cdccreditsmart.app               D    âœ… android.permission.READ_CONTACTS
2025-12-08 05:33:09.962  8838-8848  HWUI                    com.cdccreditsmart.app               I  Davey! duration=2751ms; Flags=0, FrameTimelineVsyncId=70625, IntendedVsync=1223562724052, Vsync=1226262723944, InputEventId=0, HandleInputStart=1226274070700, AnimationStart=1226274140100, PerformTraversalsStart=1226293945500, DrawStart=1226295063100, FrameDeadline=1226279390610, FrameStartTime=1226273564800, FrameInterval=16666666, WorkloadTarget=16666666, SyncQueued=1226300752000, SyncStart=1226300964500, IssueDrawCommandsStart=1226301020300, SwapBuffers=1226305531500, FrameCompleted=1226314272200, DequeueBufferDuration=14700, QueueBufferDuration=268100, GpuCompleted=1226314272200, SwapBuffersCompleted=1226306894500, DisplayPresentTime=0, CommandSubmissionCompleted=1226305531500, 
2025-12-08 05:33:09.985  8838-8868  FA                      com.cdccreditsmart.app               I  Application backgrounded at: timestamp_millis: 1765182787253
2025-12-08 05:33:10.001  8838-8838  InsetsController        com.cdccreditsmart.app               D  hide(ime(), fromIme=false)
2025-12-08 05:33:10.001  8838-8838  ImeTracker              com.cdccreditsmart.app               I  com.cdccreditsmart.app:ebc96757: onCancelled at PHASE_CLIENT_ALREADY_HIDDEN
2025-12-08 05:33:10.021  8838-8878  SettingsGuardService    com.cdccreditsmart.app               D  ğŸ“‹ Activity check - Full: null, Simple: null
2025-12-08 05:33:10.680  8838-8878  SettingsGuardService    com.cdccreditsmart.app               D  ğŸ“‹ Activity check - Full: null, Simple: null
2025-12-08 05:33:11.289  8838-8878  SettingsGuardService    com.cdccreditsmart.app               D  ğŸ“‹ Activity check - Full: null, Simple: null
2025-12-08 05:33:11.375  8838-8838  SettingsGuardService    com.cdccreditsmart.app               I  â¸ï¸ Guard PAUSADO para fluxo de permissÃµes
2025-12-08 05:33:12.070  8838-8878  SettingsGuardService    com.cdccreditsmart.app               I  â–¶ï¸ App voltou ao foreground durante fluxo de permissÃ£o - retomando guard
2025-12-08 05:33:12.070  8838-8878  SettingsGuardService    com.cdccreditsmart.app               I  â–¶ï¸ Guard RETOMADO apÃ³s fluxo de permissÃµes
2025-12-08 05:33:12.290  8838-8983  ProfileInstaller        com.cdccreditsmart.app               D  Installing profile for com.cdccreditsmart.app
2025-12-08 05:33:12.861  8838-8878  SettingsGuardService    com.cdccreditsmart.app               D  ğŸ“‹ Activity check - Full: null, Simple: null
2025-12-08 05:33:13.475  8838-8878  SettingsGuardService    com.cdccreditsmart.app               D  ğŸ“‹ Activity check - Full: null, Simple: null
2025-12-08 05:33:13.518  8838-8868  FA                      com.cdccreditsmart.app               I  Application backgrounded at: timestamp_millis: 1765182791517
2025-12-08 05:33:13.694  8838-8844  creditsmart.app         com.cdccreditsmart.app               I  Background concurrent mark compact GC freed 7634KB AllocSpace bytes, 128(4224KB) LOS objects, 49% free, 6242KB/12MB, paused 819us,1.630ms total 174.535ms
2025-12-08 05:33:14.202  8838-8878  SettingsGuardService    com.cdccreditsmart.app               D  ğŸ“‹ Activity check - Full: null, Simple: null
2025-12-08 05:33:14.809  8838-8878  SettingsGuardService    com.cdccreditsmart.app               D  ğŸ“‹ Activity check - Full: null, Simple: null
2025-12-08 05:33:14.942  8838-8838  VRI[MainActivity]       com.cdccreditsmart.app               D  visibilityChanged oldVisibility=true newVisibility=false
2025-12-08 05:33:22.900  8838-8838  ViewRootImpl            com.cdccreditsmart.app               D  Skipping stats log for color mode
2025-12-08 05:33:23.206  8838-8838  InsetsController        com.cdccreditsmart.app               D  hide(ime(), fromIme=false)
2025-12-08 05:33:23.206  8838-8838  ImeTracker              com.cdccreditsmart.app               I  com.cdccreditsmart.app:c893ca08: onCancelled at PHASE_CLIENT_ALREADY_HIDDEN
2025-12-08 05:33:23.294  8838-8878  SettingsGuardService    com.cdccreditsmart.app               D  ğŸ“‹ Activity check - Full: null, Simple: null
2025-12-08 05:33:23.490  8838-8838  InteractionJankMonitor  com.cdccreditsmart.app               W  Initializing without READ_DEVICE_CONFIG permission. enabled=false, interval=1, missedFrameThreshold=3, frameTimeThreshold=64, package=com.cdccreditsmart.app
2025-12-08 05:33:23.897  8838-8878  SettingsGuardService    com.cdccreditsmart.app               D  ğŸ“‹ Activity check - Full: null, Simple: null
2025-12-08 05:33:24.499  8838-8878  SettingsGuardService    com.cdccreditsmart.app               D  ğŸ“‹ Activity check - Full: null, Simple: null
2025-12-08 05:33:25.061  8838-8838  VRI[MainActivity]       com.cdccreditsmart.app               D  visibilityChanged oldVisibility=true newVisibility=false
2025-12-08 05:33:25.078  8838-8905  HWUI                    com.cdccreditsmart.app               D  endAllActiveAnimators on 0x704f5fa191c0 (UnprojectedRipple) with handle 0x704f3fa4bb90
2025-12-08 05:33:26.339  8838-8868  FA                      com.cdccreditsmart.app               I  Application backgrounded at: timestamp_millis: 1765182804336
2025-12-08 05:33:28.579  8838-8838  ViewRootImpl            com.cdccreditsmart.app               D  Skipping stats log for color mode
2025-12-08 05:33:28.583  8838-8838  PermissionGateScreen    com.cdccreditsmart.app               I  âœ… Device Admin status atualizado
2025-12-08 05:33:28.584  8838-8838  VRI[MainActivity]       com.cdccreditsmart.app               D  visibilityChanged oldVisibility=false newVisibility=true
2025-12-08 05:33:28.715  8838-8878  SettingsGuardService    com.cdccreditsmart.app               D  ğŸ“‹ Activity check - Full: null, Simple: null
2025-12-08 05:33:28.787  8838-8838  InsetsController        com.cdccreditsmart.app               D  hide(ime(), fromIme=false)
2025-12-08 05:33:28.787  8838-8838  ImeTracker              com.cdccreditsmart.app               I  com.cdccreditsmart.app:5613476d: onCancelled at PHASE_CLIENT_ALREADY_HIDDEN
2025-12-08 05:33:29.318  8838-8878  SettingsGuardService    com.cdccreditsmart.app               D  ğŸ“‹ Activity check - Full: null, Simple: null
2025-12-08 05:33:29.921  8838-8878  SettingsGuardService    com.cdccreditsmart.app               D  ğŸ“‹ Activity check - Full: null, Simple: null
2025-12-08 05:33:30.523  8838-8878  SettingsGuardService    com.cdccreditsmart.app               D  ğŸ“‹ Activity check - Full: null, Simple: null
2025-12-08 05:33:30.825  8838-8838  SettingsGuardService    com.cdccreditsmart.app               I  â¸ï¸ Guard PAUSADO para fluxo de permissÃµes
2025-12-08 05:33:31.127  8838-8878  SettingsGuardService    com.cdccreditsmart.app               I  â–¶ï¸ App voltou ao foreground durante fluxo de permissÃ£o - retomando guard
2025-12-08 05:33:31.127  8838-8878  SettingsGuardService    com.cdccreditsmart.app               I  â–¶ï¸ Guard RETOMADO apÃ³s fluxo de permissÃµes
2025-12-08 05:33:31.578  8838-8838  VRI[MainActivity]       com.cdccreditsmart.app               D  visibilityChanged oldVisibility=true newVisibility=false
2025-12-08 05:33:31.594  8838-8905  HWUI                    com.cdccreditsmart.app               D  endAllActiveAnimators on 0x704f5fa462c0 (UnprojectedRipple) with handle 0x704f3fa4b7d0
2025-12-08 05:33:32.914  8838-8868  FA                      com.cdccreditsmart.app               I  Application backgrounded at: timestamp_millis: 1765182810912
