2025-11-18 00:33:28.956   753-1391  RoleContro...erviceImpl system_server                        E  Default/fallback role holder package doesn't qualify for the role, package: com.google.android.gms, role: android.app.role.SYSTEM_DEPENDENCY_INSTALLER
2025-11-18 00:33:28.966  6292-6812  NetworkScheduler.Stats  com.google.android.gms.persistent    I  (REDACTED) Task %s/%s finished executing. cause:%s result: %s elapsed_millis: %s uptime_millis: %s exec_start_elapsed_seconds: %s
2025-11-18 00:33:28.971  6292-6329  .gms.persistent         com.google.android.gms.persistent    I  AssetManager2(0x75403d584dd8) locale list changing from [] to [en-US]
2025-11-18 00:33:28.971  6725-6750  .apps.wellbeing         com.google.android.apps.wellbeing    I  AssetManager2(0x75403d576ff8) locale list changing from [] to [en-US]
2025-11-18 00:33:28.977  6725-6750  .apps.wellbeing         com.google.android.apps.wellbeing    I  AssetManager2(0x75403d57b4b8) locale list changing from [] to [en-US]
2025-11-18 00:33:28.979  6725-6750  .apps.wellbeing         com.google.android.apps.wellbeing    I  AssetManager2(0x75403d56f938) locale list changing from [] to [en-US]
2025-11-18 00:33:28.989  1468-1816  SatelliteAppTracker     com.android.phone                    I  onPackageModified : com.google.android.gms
2025-11-18 00:33:28.993   753-753   ConditionProviders      system_server                        V  enabling condition provider for 0: ComponentInfo{com.google.android.apps.wellbeing/com.google.android.apps.wellbeing.azr.impl.AzrConditionProviderService}
2025-11-18 00:33:28.993   753-753   ConditionProviders      system_server                        V  Not registering ComponentInfo{com.google.android.apps.wellbeing/com.google.android.apps.wellbeing.azr.impl.AzrConditionProviderService} is already bound
2025-11-18 00:33:28.995  1468-1468  CarrierSvcBindHelper    com.android.phone                    D  onPackageModified: com.google.android.gms
2025-11-18 00:33:28.997  1278-6126  Permission...erviceImpl com....android.permissioncontroller  I  Updating user sensitive for uid 10147
2025-11-18 00:33:28.998  1277-1277  ControlsLi...rollerImpl com.android.systemui                 D  ServiceConfig reloaded, count: 0
2025-11-18 00:33:28.998   753-1230  ShortcutService         system_server                        D  received package broadcast intent: Intent { act=android.intent.action.PACKAGE_CHANGED dat=package: flg=0x45000010 pkg=android (has extras) }
2025-11-18 00:33:28.998   753-1230  ShortcutService         system_server                        D  changing package: com.google.android.gms userId=0
2025-11-18 00:33:28.999   753-1391  RoleContro...erviceImpl system_server                        E  Default/fallback role holder package doesn't qualify for the role, package: com.google.android.gms, role: android.app.role.WALLET
2025-11-18 00:33:28.999  6292-6383  PTCommittedOperation    com.google.android.gms.persistent    I  Receive new configuration for com.google.android.gms.auth_cryptauth
2025-11-18 00:33:28.999  1468-1468  CarrierSvcBindHelper    com.android.phone                    D  No carrier app for: 0
2025-11-18 00:33:29.001  6292-6389  NearbyMediums           com.google.android.gms.persistent    I  ModuleInitializer handles incoming intent com.google.android.gms.phenotype.COMMITTED
2025-11-18 00:33:29.002  6304-6403  ModuleInitIntentOp      com.google.android.gms               W  Dropping unexpected action com.google.android.gms.phenotype.COMMITTED
2025-11-18 00:33:29.004  6304-6409  ModuleInitIntentOp      com.google.android.gms               W  Dropping unexpected action com.google.android.gms.phenotype.COMMITTED
2025-11-18 00:33:29.005  6304-6400  AutofillFlagChangeInten com.google.android.gms               I  onHandleIntent() [CONTEXT service_id=177 ]
2025-11-18 00:33:29.005  6304-6400  ModuleInitIntentOp      com.google.android.gms               W  Dropping unexpected action com.google.android.gms.phenotype.COMMITTED
2025-11-18 00:33:29.006  6725-6750  .apps.wellbeing         com.google.android.apps.wellbeing    I  AssetManager2(0x75403d5782b8) locale list changing from [] to [en-US]
2025-11-18 00:33:29.007  6304-6400  GestureExchange         com.google.android.gms               I  Gesture Exchange module is disabled. [CONTEXT service_id=451 ]
2025-11-18 00:33:29.008  6304-6407  SyncIntentOperation     com.google.android.gms               I  (REDACTED) Handling the intent: %s.
2025-11-18 00:33:29.009   753-1230  ShortcutService         system_server                        D  received package broadcast intent: Intent { act=android.intent.action.PACKAGE_CHANGED dat=package: flg=0x45000010 (has extras) }
2025-11-18 00:33:29.009   753-1230  ShortcutService         system_server                        D  changing package: com.google.android.gms userId=0
2025-11-18 00:33:29.010  1278-6126  Permission...erviceImpl com....android.permissioncontroller  I  Updating user sensitive for uid 10147
2025-11-18 00:33:29.012  1468-1468  SmsApplication          com.android.phone                    E  com.google.android.apps.messaging lost android:read_cell_broadcasts:  (fixing)
2025-11-18 00:33:29.012  6304-6398  MdiSyncModule           com.google.android.gms               I  flag handling is skipping irrelevant intent.
2025-11-18 00:33:29.012   753-2263  AppOpService            system_server                        W  Ignored setUidMode call for runtime permission app op: uid = 10144, code = READ_CELL_BROADCASTS, mode = allow, callingUid = 1001, oldMode = allow
2025-11-18 00:33:29.014  6304-6404  MlBenchmarkInstaller    com.google.android.gms               I  (REDACTED) Intent: %s
2025-11-18 00:33:29.014  6304-6404  MlBenchmarkInstaller    com.google.android.gms               I  (REDACTED) COMMITTED Extra package name: %s
2025-11-18 00:33:29.014   753-753   ConditionProviders      system_server                        V  enabling condition provider for 0: ComponentInfo{com.google.android.apps.wellbeing/com.google.android.apps.wellbeing.azr.impl.AzrConditionProviderService}
2025-11-18 00:33:29.016   753-753   ConditionProviders      system_server                        V  Not registering ComponentInfo{com.google.android.apps.wellbeing/com.google.android.apps.wellbeing.azr.impl.AzrConditionProviderService} is already bound
2025-11-18 00:33:29.017  6304-6404  ModuleInitIntentOp      com.google.android.gms               W  Dropping unexpected action com.google.android.gms.phenotype.COMMITTED
2025-11-18 00:33:29.017  6304-6407  LocationHistory         com.google.android.gms               I  (REDACTED) [IntentOperation] Handling action %s
2025-11-18 00:33:29.018   753-776   AppOpService            system_server                        W  Ignored setUidMode call for runtime permission app op: uid = 1001, code = READ_SMS, mode = allow, callingUid = 1001, oldMode = allow
2025-11-18 00:33:29.019   753-2492  AppOpService            system_server                        W  Ignored setUidMode call for runtime permission app op: uid = 1001, code = RECEIVE_SMS, mode = allow, callingUid = 1001, oldMode = allow
2025-11-18 00:33:29.020   753-2444  AppOpService            system_server                        W  Ignored setUidMode call for runtime permission app op: uid = 1001, code = RECEIVE_WAP_PUSH, mode = allow, callingUid = 1001, oldMode = allow
2025-11-18 00:33:29.021   753-1391  SignedPackage           system_server                        W  Cannot get ApplicationInfo for package: com.google.android.devicelockcontroller
2025-11-18 00:33:29.022  6304-6404  GmsSyncPolicyEngine     com.google.android.gms               I  (REDACTED) Periodic sync %d disabled by policy, cancelled.
2025-11-18 00:33:29.022  6304-6404  GmsSyncPolicyEngine     com.google.android.gms               I  (REDACTED) Periodic sync %d disabled by policy, cancelled.
2025-11-18 00:33:29.022  6304-6404  GmsSyncPolicyEngine     com.google.android.gms               I  (REDACTED) Periodic sync %d disabled by policy, cancelled.
2025-11-18 00:33:29.023   753-776   AppOpService            system_server                        W  Ignored setUidMode call for runtime permission app op: uid = 1001, code = SEND_SMS, mode = allow, callingUid = 1001, oldMode = allow
2025-11-18 00:33:29.024   753-974   Accessibil...gerService system_server                        V  onUserStateChangedLocked for userId: 0, forceUpdate: false
2025-11-18 00:33:29.024   753-776   AppOpService            system_server                        W  Ignored setUidMode call for runtime permission app op: uid = 1001, code = READ_CELL_BROADCASTS, mode = allow, callingUid = 1001, oldMode = allow
2025-11-18 00:33:29.025   753-974   Magnificat...ionManager system_server                        W  requestConnection duplicated request: connect=false, mConnectionState=DISCONNECTED
2025-11-18 00:33:29.028   753-753   IPCThreadState          system_server                        W  Sending oneway calls to frozen process.
2025-11-18 00:33:29.030   753-753   IPCThreadState          system_server                        W  Sending oneway calls to frozen process.
2025-11-18 00:33:29.031  6304-6423  AppLinksAsyncVerifierV2 com.google.android.gms               I  (REDACTED) Verification result: checking for a statement with source %s, relation delegate_permission/common.handle_all_urls, and target %s --> %b.
2025-11-18 00:33:29.031  6304-6401  AppLinksHostsVerifierV2 com.google.android.gms               I  (REDACTED) Adding relation extensions for host: %s
2025-11-18 00:33:29.032  6304-6401  AppLinksHostsVerifierV2 com.google.android.gms               I  (REDACTED) Verification %s complete. Successful hosts: %s. Failed hosts: %s. Error hosts: %s.
2025-11-18 00:33:29.033   753-793   IPCThreadState          system_server                        W  Sending oneway calls to frozen process.
2025-11-18 00:33:29.033  1468-1813  ImsResolver             com.android.phone                    D  maybeAddedImsService, packageName: com.google.android.gms
2025-11-18 00:33:29.033  1468-1813  ImsResolver             com.android.phone                    V  searchForImsServices: package=com.google.android.gms, users=[UserHandle{0}]
2025-11-18 00:33:29.033  1468-1813  ImsResolver             com.android.phone                    V  searchForImsServices: package=com.google.android.gms, users=[UserHandle{0}]
2025-11-18 00:33:29.035  1944-2912  AiAiEcho                com.google.android.as                I  AppIndexer Package:[com.google.android.gms] UserProfile:[0] Enabled:[true].
2025-11-18 00:33:29.035  1944-2912  AiAiEcho                com.google.android.as                I  AppFetcherImplV2 updateApps package:[com.google.android.gms], userId:[0], reason:[package is updated.].
2025-11-18 00:33:29.036  6725-6750  .apps.wellbeing         com.google.android.apps.wellbeing    I  AssetManager2(0x75403d56ecb8) locale list changing from [] to [en-US]
2025-11-18 00:33:29.037  1468-1468  SatelliteController     com.android.phone                    D  packageStateChanged: package:com.google.android.gms DefaultSmsPackageName:com.google.android.apps.messaging
2025-11-18 00:33:29.037  1468-1468  SatelliteController     com.android.phone                    V  Neither SMS or SatelliteGateway package
2025-11-18 00:33:29.037  1607-1648  PackageUpdatedTask      com...le.android.apps.nexuslauncher  D  Package updated: mOp=UPDATE packages=[com.google.android.gms], user=UserHandle{0}
2025-11-18 00:33:29.037  6304-6401  AppLinksRequestHandler  com.google.android.gms               I  (REDACTED) Updating url filtering rules for %s: %s
2025-11-18 00:33:29.039  6304-6401  AppLinksModuleInit      com.google.android.gms               I  Rerunning all WIP verifications [CONTEXT service_id=244 ]
2025-11-18 00:33:29.040  6304-6401  AppLinksRequestHandler  com.google.android.gms               I  (REDACTED) Processing %d WIP requests.
2025-11-18 00:33:29.040  1607-1648  AllAppsList             com...le.android.apps.nexuslauncher  W  updatePackage: no Activities matched updated package, removing any AppInfo with package=com.google.android.gms, user=UserHandle{0}
2025-11-18 00:33:29.040  6304-6401  AppLinksModuleInit      com.google.android.gms               I  Scheduling periodic verification update. [CONTEXT service_id=244 ]
2025-11-18 00:33:29.041  6304-6401  AppLinksVerUpdate       com.google.android.gms               I  Verification update scheduled. [CONTEXT service_id=244 ]
2025-11-18 00:33:29.041  6304-6401  AppLinksModuleInit      com.google.android.gms               I  Scheduling regular retry verifications. [CONTEXT service_id=244 ]
2025-11-18 00:33:29.041  6304-6401  AppLinksVerRegularRetry com.google.android.gms               I  Retries scheduled. [CONTEXT service_id=244 ]
2025-11-18 00:33:29.043  6292-6810  NetworkScheduler.Stats  com.google.android.gms.persistent    I  (REDACTED) Task %s/%s started execution. cause:%s exec_start_elapsed_seconds: %s
2025-11-18 00:33:29.045  1468-1468  SmsApplication          com.android.phone                    E  com.google.android.apps.messaging lost android:read_cell_broadcasts:  (fixing)
2025-11-18 00:33:29.045   753-2444  AppOpService            system_server                        W  Ignored setUidMode call for runtime permission app op: uid = 10144, code = READ_CELL_BROADCASTS, mode = allow, callingUid = 1001, oldMode = allow
2025-11-18 00:33:29.047  6292-6812  NetworkScheduler.Stats  com.google.android.gms.persistent    I  (REDACTED) Task %s/%s finished executing. cause:%s result: %s elapsed_millis: %s uptime_millis: %s exec_start_elapsed_seconds: %s
2025-11-18 00:33:29.049  6725-6750  .apps.wellbeing         com.google.android.apps.wellbeing    I  AssetManager2(0x75403d57c458) locale list changing from [] to [en-US]
2025-11-18 00:33:29.052   753-2263  AppOpService            system_server                        W  Ignored setUidMode call for runtime permission app op: uid = 1001, code = READ_SMS, mode = allow, callingUid = 1001, oldMode = allow
2025-11-18 00:33:29.055   753-2395  AppOpService            system_server                        W  Ignored setUidMode call for runtime permission app op: uid = 1001, code = RECEIVE_SMS, mode = allow, callingUid = 1001, oldMode = allow
2025-11-18 00:33:29.055   753-2395  AppOpService            system_server                        W  Ignored setUidMode call for runtime permission app op: uid = 1001, code = RECEIVE_WAP_PUSH, mode = allow, callingUid = 1001, oldMode = allow
2025-11-18 00:33:29.056   753-2492  AppOpService            system_server                        W  Ignored setUidMode call for runtime permission app op: uid = 1001, code = SEND_SMS, mode = allow, callingUid = 1001, oldMode = allow
2025-11-18 00:33:29.057   753-2492  AppOpService            system_server                        W  Ignored setUidMode call for runtime permission app op: uid = 1001, code = READ_CELL_BROADCASTS, mode = allow, callingUid = 1001, oldMode = allow
2025-11-18 00:33:29.058  1468-1468  SatelliteA...Controller com.android.phone                    D  Current default SMS app:ComponentInfo{com.google.android.apps.messaging/com.google.android.apps.messaging.shared.receiver.SmsDeliverReceiver}
2025-11-18 00:33:29.058  1468-1468  SatelliteController     com.android.phone                    D  getSelectedSatelliteSubId: subId=-1
2025-11-18 00:33:29.058  6304-6397  TelephonySpamInit       com.google.android.gms               I  onModuleUpdated TelephonySpam module initialized [CONTEXT service_id=150 ]
2025-11-18 00:33:29.058  1468-1468  SatelliteA...Controller com.android.phone                    D  supportedMsgApps:com.google.android.apps.messaging
2025-11-18 00:33:29.058  6304-6397  SpamListSync            com.google.android.gms               I  scheduleSyncTasks [CONTEXT service_id=150 ]
2025-11-18 00:33:29.058  6304-6397  SpamListSync            com.google.android.gms               I  schedulePeriodicTask [CONTEXT service_id=150 ]
2025-11-18 00:33:29.058  6304-6397  SpamListSync            com.google.android.gms               I  scheduleOneTimeTask [CONTEXT service_id=150 ]
2025-11-18 00:33:29.061  6304-6397  GmsThreadNetwork        com.google.android.gms               I  (REDACTED) [ThreadNetworkModuleInitIntentOperation] Initializing runtime states: %d
2025-11-18 00:33:29.061  6304-6397  GmsThreadNetwork        com.google.android.gms               I  (REDACTED) [ThreadNetworkModuleInitIntentOperation] Enable component %s
2025-11-18 00:33:29.064  6304-6397  GmsThreadNetwork        com.google.android.gms               I  (REDACTED) [BorderRouterSynchronizer] Scheduled periodic Border Router sync task: %s
2025-11-18 00:33:29.064  6304-6397  GmsThreadNetwork        com.google.android.gms               W  [ThreadNetworkModuleInitIntentOperation] Skip joining preferred or random network: flag disabled [CONTEXT service_id=305 ]
2025-11-18 00:33:29.065  6725-6750  .apps.wellbeing         com.google.android.apps.wellbeing    I  AssetManager2(0x75403d577c78) locale list changing from [] to [en-US]
2025-11-18 00:33:29.071  6304-6397  Thunderbird             com.google.android.gms               I  (REDACTED) Refreshing ThunderbirdSettings state: %s
2025-11-18 00:33:29.077  6304-6397  PlatformFeedback        com.google.android.gms               I  (REDACTED) [%s] Platform feedback enabled=%s, setting component enabled state.
2025-11-18 00:33:29.080  6292-6292  Thunderbird             com.google.android.gms.persistent    I  starting outgoing sms listener [CONTEXT service_id=226 ]
2025-11-18 00:33:29.081  6304-6397  ActiveUnlock_FeatureEna com.google.android.gms               I  (REDACTED) enableSetupEnhancements: %b isAllowlisted: %b hash: %s
2025-11-18 00:33:29.081  6725-6750  .apps.wellbeing         com.google.android.apps.wellbeing    I  AssetManager2(0x75403d57c778) locale list changing from [] to [en-US]
2025-11-18 00:33:29.083  6304-6397  ChimeraUtils            com.google.android.gms               W  Module com.google.android.gms.activeunlock_primary missing resource null(0)
2025-11-18 00:33:29.083  6304-6397  ActiveUnlock_FeatureEna com.google.android.gms               I  (REDACTED) enableSetupEnhancements: %b isAllowlisted: %b hash: %s
2025-11-18 00:33:29.086  6304-6397  Trustlet_Onbody         com.google.android.gms               I  (REDACTED) onbodyAlreadySet: %s
2025-11-18 00:33:29.086  6304-6397  Trustlet_Onbody         com.google.android.gms               I  (REDACTED) isOnbodySuggestionEnabledByPhenotype: %s
2025-11-18 00:33:29.086  6304-6397  Trustlet_Onbody         com.google.android.gms               I  (REDACTED) isTrustAgentEnabled: %s
2025-11-18 00:33:29.086  6304-6397  Trustlet_Onbody         com.google.android.gms               I  Trustlet onbody is supported. [CONTEXT service_id=294 ]
2025-11-18 00:33:29.086  6304-6397  Trustlet_Onbody         com.google.android.gms               I  (REDACTED) isSupported: %s
2025-11-18 00:33:29.086  6304-6397  Trustlet_Onbody         com.google.android.gms               I  (REDACTED) isChromeOsDevice: %s
2025-11-18 00:33:29.097  6725-6750  .apps.wellbeing         com.google.android.apps.wellbeing    I  AssetManager2(0x75403d579898) locale list changing from [] to [en-US]
2025-11-18 00:33:29.100  6304-6404  SystemUpdate            com.google.android.gms               I  [Installation,ReceiverIntentOperation] Received intent: Intent { act=com.google.android.gms.update.BASE_MODULE_INIT cat=[targeted_intent_op_prefix:.update.control.ReceiverIntentOperation] xflg=0x4 cmp=com.google.android.gms/.chimera.GmsIntentOperationService }.
2025-11-18 00:33:29.105  6292-6390  UsageReportingOptionsSt com.google.android.gms.persistent    I  (REDACTED) User 0 is opted-in? %b
2025-11-18 00:33:29.105  6292-6390  UsageReportingOptionsSt com.google.android.gms.persistent    I  Updating global setting to unknown [CONTEXT service_id=41 ]
2025-11-18 00:33:29.105  6725-6750  .apps.wellbeing         com.google.android.apps.wellbeing    I  AssetManager2(0x75403d57ae78) locale list changing from [] to [en-US]
2025-11-18 00:33:29.111  6725-6750  .apps.wellbeing         com.google.android.apps.wellbeing    I  AssetManager2(0x75403d57cdb8) locale list changing from [] to [en-US]
2025-11-18 00:33:29.114  6304-6401  Wear_Controller         com.google.android.gms               I  Wearable module requires a companion app to be installed.
2025-11-18 00:33:29.114  6304-6401  Wear_Controller         com.google.android.gms               I  onStartup - Wear is not available on this device.
2025-11-18 00:33:29.115  6725-6750  .apps.wellbeing         com.google.android.apps.wellbeing    I  AssetManager2(0x75403d5788f8) locale list changing from [] to [en-US]
2025-11-18 00:33:29.121  6304-6403  SystemUpdate            com.google.android.gms               I  [Execution,InstallationEventIntentOperation] Handling event of type 1.
2025-11-18 00:33:29.124  6725-6750  .apps.wellbeing         com.google.android.apps.wellbeing    I  AssetManager2(0x75403d57d3f8) locale list changing from [] to [en-US]
2025-11-18 00:33:29.127  6304-6403  SystemUpdate            com.google.android.gms               I  [Execution,InstallationIntentOperation] Received intent: Intent { act=com.google.android.gms.update.INSTALL_UPDATE cat=[targeted_intent_op_prefix:.update.execution.InstallationIntentOperation] xflg=0x4 cmp=com.google.android.gms/.chimera.GmsIntentOperationService (has extras) }.
2025-11-18 00:33:29.127  6304-6403  SystemUpdate            com.google.android.gms               I  [Execution,ExecutionManager] Start action execution: finished-execution
2025-11-18 00:33:29.127  6304-6403  SystemUpdate            com.google.android.gms               I  [Execution,ExecutionManager] Action finished-execution executed for 0.00 seconds.
2025-11-18 00:33:29.131  6725-6750  .apps.wellbeing         com.google.android.apps.wellbeing    I  AssetManager2(0x75403d576698) locale list changing from [] to [en-US]
2025-11-18 00:33:29.134  6725-6750  .apps.wellbeing         com.google.android.apps.wellbeing    I  AssetManager2(0x75403d57b7d8) locale list changing from [] to [en-US]
2025-11-18 00:33:29.137  6725-6750  .apps.wellbeing         com.google.android.apps.wellbeing    I  AssetManager2(0x75403d579ed8) locale list changing from [] to [en-US]
2025-11-18 00:33:29.143   753-2492  ContextHubService       system_server                        D  Added callback, total callbacks 5
2025-11-18 00:33:29.144  6304-6401  ChimeraUtils            com.google.android.gms               W  Module com.google.android.gms.location__nonwearable missing resource location_module_display_name(0)
2025-11-18 00:33:29.145  6725-6750  .apps.wellbeing         com.google.android.apps.wellbeing    I  AssetManager2(0x75403d577958) locale list changing from [] to [en-US]
2025-11-18 00:33:29.146  6304-6401  DrivingDndInitializer   com.google.android.gms               I  Initialize Driving dnd Priority modes
2025-11-18 00:33:29.150  6304-6401  ChimeraUtils            com.google.android.gms               W  Module com.google.android.gms.location__nonwearable missing resource location_module_display_name(0)
2025-11-18 00:33:29.152  6304-6401  ChimeraUtils            com.google.android.gms               W  Module com.google.android.gms.location__nonwearable missing resource location_module_display_name(0)
2025-11-18 00:33:29.152  6292-6784  GCoreUlr                com.google.android.gms.persistent    I  Unbound from all signal providers.
2025-11-18 00:33:29.157  6725-6750  .apps.wellbeing         com.google.android.apps.wellbeing    I  AssetManager2(0x75403d577f98) locale list changing from [] to [en-US]
2025-11-18 00:33:29.159  6304-6401  DrivingDndInitializer   com.google.android.gms               I  Starting Driving Mode logger service for heartbeat
2025-11-18 00:33:29.159  6292-6368  ChimeraUtils            com.google.android.gms.persistent    W  Module com.google.android.gms.location_base missing resource location_module_display_name(0)
2025-11-18 00:33:29.161  6304-6798  ChimeraUtils            com.google.android.gms               W  Module com.google.android.gms.location__nonwearable missing resource location_module_display_name(0)
2025-11-18 00:33:29.164  6292-6292  GCoreUlr                com.google.android.gms.persistent    I  Unbound from all signal providers.
2025-11-18 00:33:29.164  6292-6292  GCoreUlr                com.google.android.gms.persistent    I  Stopping handler for UlrDispSvcFast
2025-11-18 00:33:29.165  6304-6401  NewModuleComplete       com.google.android.gms               I  Received com.google.android.chimera.IntentOperation.NEW_MODULE(com.google.android.gms.chimera.GmsIntentOperationService,1,true)
2025-11-18 00:33:29.168  6304-6404  NewModuleHelper         com.google.android.gms               I  Received com.google.android.chimera.container.NEW_MODULE_FINALIZE(2/0): com.google.android.gms.chimera.GmsIntentOperationService,1,true
2025-11-18 00:33:29.172  6304-6304  CAR.DRIVINGMODE         com.google.android.gms               I  Successfully unregister transition listener
2025-11-18 00:33:29.173  6292-6292  BoundBrokerSvc          com.google.android.gms.persistent    D  onBind: Intent { act=com.google.android.gms.nearby.presence.service.START xflg=0x4 cmp=com.google.android.gms/.chimera.PersistentApiServiceNoInstantApps }
2025-11-18 00:33:29.173  6292-6292  BoundBrokerSvc          com.google.android.gms.persistent    D  Loading bound service for intent: Intent { act=com.google.android.gms.nearby.presence.service.START xflg=0x4 cmp=com.google.android.gms/.chimera.PersistentApiServiceNoInstantApps }
2025-11-18 00:33:29.173  6725-6750  .apps.wellbeing         com.google.android.apps.wellbeing    I  AssetManager2(0x75403d57d0d8) locale list changing from [] to [en-US]
2025-11-18 00:33:29.177  1944-3325  AiAiEcho                com.google.android.as                I  Settings changed for uri: content://settings/secure/nearby_sharing_component
2025-11-18 00:33:29.179  1944-2161  AiAiEcho                com.google.android.as                I  Predicting[0]:  [CONTEXT sampling_count=5 ]
2025-11-18 00:33:29.179  1944-2161  AiAiEcho                com.google.android.as                I  EchoTargets: 
                                                                                                    Filtered by AiAi flag check: 
                                                                                                    [CONTEXT ratelimit_period="10 SECONDS" ]
2025-11-18 00:33:29.179  1944-2161  AiAiEcho                com.google.android.as                I  #remoteViewsTwiddler: feature disabled.
2025-11-18 00:33:29.180  6304-6403  ChimeraProxyRslvr       com.google.android.gms               W  No registered Chimera impl for com.google.android.gms.nearby.sharing.SharingSliceProvider
2025-11-18 00:33:29.180  6304-6403  ChimeraProxyRslvr       com.google.android.gms               W  No registered Chimera impl for com.google.android.gms.nearby.sharing.SharingSliceProvider
2025-11-18 00:33:29.180  6304-6403  ChimeraPrvdrProxy       com.google.android.gms               E  Provider proxy missing implementation
2025-11-18 00:33:29.180  1944-2161  AiAiEcho                com.google.android.as                I  Predicting[0]:  [CONTEXT sampling_count=5 ]
2025-11-18 00:33:29.180  1944-2161  AiAiEcho                com.google.android.as                I  EchoTargets: 
                                                                                                    Filtered by AiAi flag check: 
                                                                                                    [CONTEXT ratelimit_period="10 SECONDS" ]
2025-11-18 00:33:29.180  1944-2161  AiAiEcho                com.google.android.as                I  #remoteViewsTwiddler: feature disabled.
2025-11-18 00:33:29.181   753-1231  Background...rolService system_server                        D  Package event received: 0
2025-11-18 00:33:29.181  1944-2161  AiAiEcho                com.google.android.as                I  #postPredictionTargets: Sending updates to UISurface lockscreen with targets# 0 (types=[])
2025-11-18 00:33:29.181  1944-2161  AiAiEcho                com.google.android.as                I  #postPredictionTargets: Sending updates to UISurface home with targets# 0 (types=[])
2025-11-18 00:33:29.181  1277-1277  PageIndicator           com.android.systemui                 W  Total number of pages invalid: 0. Assuming 1 page.
2025-11-18 00:33:29.183  6725-6750  .apps.wellbeing         com.google.android.apps.wellbeing    I  AssetManager2(0x75403d57be18) locale list changing from [] to [en-US]
2025-11-18 00:33:29.183  1607-1607  SsBaseTemplateCard      com...le.android.apps.nexuslauncher  D  No text view can be set up
2025-11-18 00:33:29.183  1607-1607  SsBaseTemplateCard      com...le.android.apps.nexuslauncher  D  Passed-in item info is null
2025-11-18 00:33:29.183  1607-1607  SsBaseTemplateCard      com...le.android.apps.nexuslauncher  D  Passed-in item info is null
2025-11-18 00:33:29.183  1607-1607  SsBaseTemplateCard      com...le.android.apps.nexuslauncher  D  Passed-in item info is null
2025-11-18 00:33:29.183  1607-1607  SsBaseTemplateCard      com...le.android.apps.nexuslauncher  I  Secondary card pane is null
2025-11-18 00:33:29.183  6304-6403  NearbySharing           com.google.android.gms               I  Granted slice and uri permissions to android
2025-11-18 00:33:29.184  6304-6423  NearbySharing           com.google.android.gms               I  Create pesudo logger.
2025-11-18 00:33:29.184  6304-6304  NearbySharing           com.google.android.gms               I  SharingTileService created.
2025-11-18 00:33:29.185  6304-6403  NearbySharing           com.google.android.gms               I  Granted slice and uri permissions to com.google.android.apps.nbu.files
2025-11-18 00:33:29.185  6292-6367  NearbyPresence          com.google.android.gms.persistent    I  (REDACTED) the count of deprecated key alias %s is %s
2025-11-18 00:33:29.187  6304-6403  NearbySharing           com.google.android.gms               I  com.google.android.gms.nearby.sharing.receive.SamsungQrCodeActivity enable=false
2025-11-18 00:33:29.190  6292-6367  NearbyPresence          com.google.android.gms.persistent    I  (REDACTED) the count of deprecated key alias %s is %s
2025-11-18 00:33:29.191  6292-6292  WearableService         com.google.android.gms.persistent    D  Creating wearable service asynchronously.
2025-11-18 00:33:29.191  1277-1436  ndroid.systemui         com.android.systemui                 I  AssetManager2(0x75403d57e9d8) locale list changing from [] to [en-US]
2025-11-18 00:33:29.193  6292-6367  NearbyPresence          com.google.android.gms.persistent    I  (REDACTED) the count of deprecated key alias %s is %s
2025-11-18 00:33:29.194  6292-6330  WearableService         com.google.android.gms.persistent    D  onGetService: waiting for onCreate to be completed.
2025-11-18 00:33:29.200  6725-6750  .apps.wellbeing         com.google.android.apps.wellbeing    I  AssetManager2(0x75403d57baf8) locale list changing from [] to [en-US]
2025-11-18 00:33:29.202  6292-6335  Wear_Controller         com.google.android.gms.persistent    I  Wearable module requires a companion app to be installed.
2025-11-18 00:33:29.202  6292-6335  WearableService         com.google.android.gms.persistent    I  onCreate: Wearable Services not starting. Wear is not available on this device.
2025-11-18 00:33:29.204  6292-6330  WearableService         com.google.android.gms.persistent    W  onGetService: Wear is not available on this device.
2025-11-18 00:33:29.204  6292-6366  NearbySharing           com.google.android.gms.persistent    I  Create pesudo logger.
2025-11-18 00:33:29.205  6304-6403  NearbySharing           com.google.android.gms               I  Runtime state initialization complete. Sharing is enabled.
2025-11-18 00:33:29.205  6292-6292  ChimeraUtils            com.google.android.gms.persistent    W  Module com.google.android.gms.nearby missing resource null(0)
2025-11-18 00:33:29.206  6292-6292  ChimeraUtils            com.google.android.gms.persistent    W  Module com.google.android.gms.nearby missing resource null(0)
2025-11-18 00:33:29.207  6304-6403  NewModuleComplete       com.google.android.gms               I  Received com.google.android.chimera.IntentOperation.NEW_MODULE(com.google.android.gms.chimera.GmsIntentOperationService,2,false)
2025-11-18 00:33:29.213  6292-6367  NearbyPresence          com.google.android.gms.persistent    I  (REDACTED) %s: Start BleAdvertiseBluetoothProvider.
2025-11-18 00:33:29.216   753-1183  ConnectivityService     system_server                        D  NetReassign [no changes] [c 0] [a 0] [i 0]
2025-11-18 00:33:29.218  6292-6367  NearbyPresence          com.google.android.gms.persistent    I  (REDACTED) %s verified [!=] new request %s does not equal to the old request %s
2025-11-18 00:33:29.218  6292-6367  NearbyPresence          com.google.android.gms.persistent    I  (REDACTED) %s verified [!=] new request %s does not equal to the old request %s
2025-11-18 00:33:29.219  6304-6404  NewModuleHelper         com.google.android.gms               I  Received com.google.android.chimera.container.NEW_MODULE_FINALIZE(2/1): com.google.android.gms.chimera.GmsIntentOperationService,2,false
2025-11-18 00:33:29.219  6292-6367  NearbyPresence          com.google.android.gms.persistent    I  (REDACTED) %s verified [!=] new request %s does not equal to the old request %s
2025-11-18 00:33:29.220  6292-6367  AbstractGmsTracer       com.google.android.gms.persistent    E  Traced class shouldn't be obfuscated: dfpb [CONTEXT service_id=259 ]
2025-11-18 00:33:29.220  6292-6367  NearbyPresence          com.google.android.gms.persistent    I  (REDACTED) %s verified [!=] new request %s does not equal to the old request %s
2025-11-18 00:33:29.220  6304-6404  NewModuleHelper         com.google.android.gms               I  Completed all new module init intents for all processes.
2025-11-18 00:33:29.220  6292-6367  NearbyPresence          com.google.android.gms.persistent    I  MdnsServerProviderController is not enabled or requested [CONTEXT service_id=317 ]
2025-11-18 00:33:29.221  6292-6367  NearbyPresence          com.google.android.gms.persistent    I  (REDACTED) BleAdvertiseProviderController: request.isRequested() %s
2025-11-18 00:33:29.221  6292-6367  NearbyPresence          com.google.android.gms.persistent    I  (REDACTED) %s: Overriding the broadcastV1 request to : %s
2025-11-18 00:33:29.221  6292-6367  NearbyPresence          com.google.android.gms.persistent    I  (REDACTED) %s: Enabling engine.
2025-11-18 00:33:29.222  6292-6367  NearbyPresence          com.google.android.gms.persistent    I  (REDACTED) %s verified [!=] new request %s does not equal to the old request %s
2025-11-18 00:33:29.222  6292-6367  NearbyPresence          com.google.android.gms.persistent    I  (REDACTED) %s verified [==] new request %s equals to the old request
2025-11-18 00:33:29.222  6292-6810  NetworkScheduler.Stats  com.google.android.gms.persistent    I  (REDACTED) Task %s/%s started execution. cause:%s exec_start_elapsed_seconds: %s
2025-11-18 00:33:29.223  6292-6292  NearbySharing           com.google.android.gms.persistent    I  ReceiveSurfaceService created with vendorMetadata null
2025-11-18 00:33:29.224  6292-6292  NearbySharing           com.google.android.gms.persistent    I  ReceiveSurfaceService started
2025-11-18 00:33:29.228  6292-6367  NearbyPresence          com.google.android.gms.persistent    W  TidepoolIdentityProvider: Main Tidepool status toggle not enabled! Returned empty broadcast credentials. [CONTEXT service_id=317 ]
2025-11-18 00:33:29.228  6292-6367  NearbyPresence          com.google.android.gms.persistent    W  TidepoolIdentityProvider: Main Tidepool status toggle not enabled! Returned empty shared credentials. [CONTEXT service_id=317 ]
2025-11-18 00:33:29.228  6292-6367  NearbyPresence          com.google.android.gms.persistent    I  (REDACTED) %s: register with identity provider name %s broadcast size %s discover size %s
2025-11-18 00:33:29.228  6292-6292  NearbySharing           com.google.android.gms.persistent    I  SendSurfaceService started
2025-11-18 00:33:29.228  6292-6292  BoundBrokerSvc          com.google.android.gms.persistent    D  onBind: Intent { act=com.google.android.gms.nearby.presence.service.START dat=chimera-action:/... xflg=0x4 cmp=com.google.android.gms/.chimera.PersistentApiServiceNoInstantApps }
2025-11-18 00:33:29.228  6292-6292  BoundBrokerSvc          com.google.android.gms.persistent    D  Loading bound service for intent: Intent { act=com.google.android.gms.nearby.presence.service.START dat=chimera-action:/... xflg=0x4 cmp=com.google.android.gms/.chimera.PersistentApiServiceNoInstantApps }
2025-11-18 00:33:29.230  6292-6292  BoundBrokerSvc          com.google.android.gms.persistent    D  onBind: Intent { act=com.google.android.gms.nearby.sharing.START_SERVICE dat=chimera-action:/... xflg=0x4 cmp=com.google.android.gms/.chimera.PersistentApiServiceNoInstantApps }
2025-11-18 00:33:29.230  6292-6292  BoundBrokerSvc          com.google.android.gms.persistent    D  Loading bound service for intent: Intent { act=com.google.android.gms.nearby.sharing.START_SERVICE dat=chimera-action:/... xflg=0x4 cmp=com.google.android.gms/.chimera.PersistentApiServiceNoInstantApps }
2025-11-18 00:33:29.230   753-1183  ConnectivityService     system_server                        D  NetReassign [no changes] [c 0] [a 0] [i 1]
2025-11-18 00:33:29.231  6292-6367  NearbyPresence          com.google.android.gms.persistent    I  NetworkMonitorImpl started. [CONTEXT service_id=317 ]
2025-11-18 00:33:29.233  6292-6367  NearbyPresence          com.google.android.gms.persistent    I  (REDACTED) Scheduled Presence server sync periodic task with period %s seconds.
2025-11-18 00:33:29.233  6292-6376  NearbyPresence          com.google.android.gms.persistent    I  (REDACTED) NetworkMonitorImpl onAvailable %s
2025-11-18 00:33:29.233  6292-6376  NearbyPresence          com.google.android.gms.persistent    I  (REDACTED) NetworkMonitorImpl onLinkPropertiesChanged %s
2025-11-18 00:33:29.233  6292-6367  NearbyPresence          com.google.android.gms.persistent    I  (REDACTED) %s verified [==] new request %s equals to the old request
2025-11-18 00:33:29.233  6292-6367  NearbyPresence          com.google.android.gms.persistent    I  (REDACTED) %s verified [==] new request %s equals to the old request
2025-11-18 00:33:29.233  6725-6750  .apps.wellbeing         com.google.android.apps.wellbeing    I  AssetManager2(0x75403d5785d8) locale list changing from [] to [en-US]
2025-11-18 00:33:29.234  6292-6292  NearbySharing           com.google.android.gms.persistent    I  NearbySharingService onCreate
2025-11-18 00:33:29.238  6725-6750  .apps.wellbeing         com.google.android.apps.wellbeing    I  AssetManager2(0x75403d57d718) locale list changing from [] to [en-US]
2025-11-18 00:33:29.240  6292-6367  GmsCoreXrpcWrapper      com.google.android.gms.persistent    I  (REDACTED) Returning a channel provider with trafficStatsTag=%d trafficStatsUid=%d
2025-11-18 00:33:29.243  6292-6367  NearbySharing           com.google.android.gms.persistent    W  No supported accounts found.
2025-11-18 00:33:29.244  6292-6367  NearbySharing           com.google.android.gms.persistent    I  There is no account metadata, return default instance.
2025-11-18 00:33:29.244  6292-6367  NearbySharing           com.google.android.gms.persistent    I  There is no account metadata, return default instance.
2025-11-18 00:33:29.244  6292-6367  NearbySharing           com.google.android.gms.persistent    I  There is no account metadata, return default instance.
2025-11-18 00:33:29.245  6292-6367  NearbySharing           com.google.android.gms.persistent    W  Cannot call setVisibility() on DisabledNearbySharingProviderV2
2025-11-18 00:33:29.246  6292-6367  NearbySharing           com.google.android.gms.persistent    I  Not qualified for default opt-in. Multiple accounts are found.
2025-11-18 00:33:29.246  6725-6750  .apps.wellbeing         com.google.android.apps.wellbeing    I  AssetManager2(0x75403d579bb8) locale list changing from [] to [en-US]
2025-11-18 00:33:29.246  6292-6292  NearbySharing           com.google.android.gms.persistent    I  NearbySharingService created
2025-11-18 00:33:29.247  6292-6292  BoundBrokerSvc          com.google.android.gms.persistent    D  onBind: Intent { act=com.google.android.gms.nearby.uwb.service.START dat=chimera-action:/... xflg=0x4 cmp=com.google.android.gms/.chimera.PersistentApiServiceNoInstantApps }
2025-11-18 00:33:29.248  6292-6292  BoundBrokerSvc          com.google.android.gms.persistent    D  Loading bound service for intent: Intent { act=com.google.android.gms.nearby.uwb.service.START dat=chimera-action:/... xflg=0x4 cmp=com.google.android.gms/.chimera.PersistentApiServiceNoInstantApps }
2025-11-18 00:33:29.249  6292-6367  NearbySharing           com.google.android.gms.persistent    I  Broadcasting NearbySharing state change.
2025-11-18 00:33:29.249  6292-6352  NearbySharing           com.google.android.gms.persistent    I  A new client has bound to the NearbySharingService ClientBridge for calling package com.google.android.gms and PID 6304
2025-11-18 00:33:29.250  6292-6292  BoundBrokerSvc          com.google.android.gms.persistent    D  onBind: Intent { act=com.google.android.gms.nearby.connection.service.START xflg=0x4 pkg=com.google.android.gms }
2025-11-18 00:33:29.250  6292-6292  BoundBrokerSvc          com.google.android.gms.persistent    D  Loading bound service for intent: Intent { act=com.google.android.gms.nearby.connection.service.START xflg=0x4 pkg=com.google.android.gms }
2025-11-18 00:33:29.251  6292-6367  NearbySharing           com.google.android.gms.persistent    I  Screen is unlocked
2025-11-18 00:33:29.251  6292-6367  NearbySharing           com.google.android.gms.persistent    I  Location is enabled
2025-11-18 00:33:29.251  6292-6367  NearbySharing           com.google.android.gms.persistent    I  Uwb feature is off.
2025-11-18 00:33:29.251  6292-6367  NearbySharing           com.google.android.gms.persistent    I  Stopping scanning because Bluetooth is disabled.
2025-11-18 00:33:29.251  6292-6367  NearbySharing           com.google.android.gms.persistent    I  Stopping Fast Init advertisement because Bluetooth is off.
2025-11-18 00:33:29.251  6292-6367  NearbySharing           com.google.android.gms.persistent    I  Stopping advertising because Bluetooth is disabled.
2025-11-18 00:33:29.251  6292-6292  NearbyMediums           com.google.android.gms.persistent    I  WifiNetwork initialized with useWifiNetworkV2:true (provider non-null)
2025-11-18 00:33:29.252  6292-6292  TetheringManager        com.google.android.gms.persistent    I  registerTetheringEventCallback:com.google.android.gms
2025-11-18 00:33:29.252  6292-6367  NearbySharing           com.google.android.gms.persistent    I  There is no account metadata, return default instance.
2025-11-18 00:33:29.252  6292-6292  BluetoothAdapter        com.google.android.gms.persistent    D  isLeEnabled(): ON
2025-11-18 00:33:29.254  6292-6367  NearbySharing           com.google.android.gms.persistent    I  Fast Initiation Scanning has stopped
2025-11-18 00:33:29.254  6292-6367  NearbySharing           com.google.android.gms.persistent    I  Stopping FastInitiation scanning because Bluetooth is disabled.
2025-11-18 00:33:29.254  6292-6368  NearbyUWB               com.google.android.gms.persistent    I  Use AOSP Backend in UWB API. [CONTEXT service_id=49 ]
2025-11-18 00:33:29.255  6292-6367  NearbySharing           com.google.android.gms.persistent    I  Dismissing HUN as there's no device nearby.
2025-11-18 00:33:29.257  6292-6292  NearbyMediums           com.google.android.gms.persistent    W  Failed to retrieve default NfcAdapter, NFC is unsupported.
2025-11-18 00:33:29.259  6292-6810  NetworkScheduler.Stats  com.google.android.gms.persistent    I  (REDACTED) Task %s/%s finished executing. cause:%s result: %s elapsed_millis: %s uptime_millis: %s exec_start_elapsed_seconds: %s
2025-11-18 00:33:29.259  6292-6292  SystemServiceRegistry   com.google.android.gms.persistent    W  No service published for: wifiaware
2025-11-18 00:33:29.260  6292-6292  SystemServiceRegistry   com.google.android.gms.persistent    W  No service published for: wifiaware
2025-11-18 00:33:29.261  6292-6292  TetheringManager        com.google.android.gms.persistent    I  registerTetheringEventCallback:com.google.android.gms
2025-11-18 00:33:29.262  6292-6421  Nearby                  com.google.android.gms.persistent    I  (REDACTED) Beginning attempt #%d out of %d for %s...
2025-11-18 00:33:29.263  6292-6367  NearbySharing           com.google.android.gms.persistent    I  Bluetooth is enabled
2025-11-18 00:33:29.263  6292-6367  NearbySharing           com.google.android.gms.persistent    I  Uwb feature is off.
2025-11-18 00:33:29.263  6292-6421  NearbyMediums           com.google.android.gms.persistent    I  BluetoothAdapter's name was not set by Nearby Connections, ignoring call to restore default scan mode.
2025-11-18 00:33:29.264  6292-6292  DesktopModeFlags        com.google.android.gms.persistent    D  Toggle override initialized to: OVERRIDE_UNSET
2025-11-18 00:33:29.265  6292-6421  NearbyMediums           com.google.android.gms.persistent    I  BluetoothAdapter's name was not set by Nearby Connections, ignoring call to restore device name
2025-11-18 00:33:29.267  6292-6367  NearbySharing           com.google.android.gms.persistent    I  Stopping scanning because Nearby Sharing is disabled.
2025-11-18 00:33:29.268  6292-6367  NearbySharing           com.google.android.gms.persistent    I  Stopping Fast Init advertisement because we're not scanning in the foreground.
2025-11-18 00:33:29.269  6292-6292  TetheringManager        com.google.android.gms.persistent    I  registerTetheringEventCallback caller:com.google.android.gms
2025-11-18 00:33:29.269   753-1183  ConnectivityService     system_server                        D  NetReassign [no changes] [c 0] [a 0] [i 0]
2025-11-18 00:33:29.269   753-1572  ConnectivityService     system_server                        D  requestNetwork for uid/pid:10147/6292 activeRequest: null callbackRequest: 235 [NetworkRequest [ REQUEST id=236, [ Capabilities: INTERNET&NOT_RESTRICTED&TRUSTED&NOT_VCN_MANAGED&NOT_BANDWIDTH_CONSTRAINED Uid: 10147 RequestorUid: 10147 RequestorPkg: com.google.android.gms UnderlyingNetworks: Null] ]] callback flags: 0 order: 2147483647 isUidTracked: false declaredMethods: AVAIL|LOSING|LOST|UNAVAIL|NC|LP|BLK
2025-11-18 00:33:29.270   753-1183  ConnectivityService     system_server                        D  NetReassign [236 : null  100] [c 0] [a 1] [i 0]
2025-11-18 00:33:29.270   753-1177  OemPaidWif...orkFactory system_server                        D  got request NetworkRequest [ REQUEST id=236, [ Capabilities: INTERNET&NOT_RESTRICTED&TRUSTED&NOT_VCN_MANAGED&NOT_BANDWIDTH_CONSTRAINED Uid: 10147 RequestorUid: 10147 RequestorPkg: com.google.android.gms UnderlyingNetworks: Null] ]
2025-11-18 00:33:29.270   753-1177  MultiInter...orkFactory system_server                        D  got request NetworkRequest [ REQUEST id=236, [ Capabilities: INTERNET&NOT_RESTRICTED&TRUSTED&NOT_VCN_MANAGED&NOT_BANDWIDTH_CONSTRAINED Uid: 10147 RequestorUid: 10147 RequestorPkg: com.google.android.gms UnderlyingNetworks: Null] ]
2025-11-18 00:33:29.270   753-1177  WifiNetworkFactory      system_server                        D  got request NetworkRequest [ REQUEST id=236, [ Capabilities: INTERNET&NOT_RESTRICTED&TRUSTED&NOT_VCN_MANAGED&NOT_BANDWIDTH_CONSTRAINED Uid: 10147 RequestorUid: 10147 RequestorPkg: com.google.android.gms UnderlyingNetworks: Null] ]
2025-11-18 00:33:29.270   753-1177  UntrustedW...orkFactory system_server                        D  got request NetworkRequest [ REQUEST id=236, [ Capabilities: INTERNET&NOT_RESTRICTED&TRUSTED&NOT_VCN_MANAGED&NOT_BANDWIDTH_CONSTRAINED Uid: 10147 RequestorUid: 10147 RequestorPkg: com.google.android.gms UnderlyingNetworks: Null] ]
2025-11-18 00:33:29.271  6292-6376  NearbyMediums           com.google.android.gms.persistent    I  WifiNetwork defaultNetworkCallback onAvailable netId:100
2025-11-18 00:33:29.271  6292-6367  NearbySharing           com.google.android.gms.persistent    I  Stopping advertising because Nearby Sharing is disabled.
2025-11-18 00:33:29.273  6292-6367  NearbySharing           com.google.android.gms.persistent    I  There is no account metadata, return default instance.
2025-11-18 00:33:29.273  6292-6367  NearbySharing           com.google.android.gms.persistent    I  There is no account metadata, return default instance.
2025-11-18 00:33:29.274  6292-6367  NearbySharing           com.google.android.gms.persistent    I  Stopping FastInitiation scanning because visibility is hidden.
2025-11-18 00:33:29.275  6292-6367  NearbySharing           com.google.android.gms.persistent    I  Fast Initiation Scanning has stopped
2025-11-18 00:33:29.277  6292-6367  NearbySharing           com.google.android.gms.persistent    I  Dismissing HUN as there's no device nearby.
2025-11-18 00:33:29.281  6292-6421  NearbyMediums           com.google.android.gms.persistent    I  [WifiNetworkV2] networkCallback doAvailable netId:100 wifiStatusChangedCallbacks.size:0 freq:2447
2025-11-18 00:33:29.281  6292-6421  NearbyMediums           com.google.android.gms.persistent    I  WifiNetwork setTelephonyIsDataConnected:true
2025-11-18 00:33:29.281  6292-6330  NearbyConnections       com.google.android.gms.persistent    I  Client 26063932 requested setting downloads directory to null.
2025-11-18 00:33:29.281  6292-6330  NearbyConnections       com.google.android.gms.persistent    I  Client 26063932 with package name 0p:com.google.android.gms.nearby.presence and sdk version 254435000 has connected, downloads dir is set to null.
