2025-12-09 10:19:49.395 16386-24837 CategoryMapper          com.cdccreditsmart.app               W  âš ï¸ Categoria desconhecida: productivity
2025-12-09 10:19:49.395 16386-24837 CategoryMapper          com.cdccreditsmart.app               W  âš ï¸ Categoria desconhecida: finance
2025-12-09 10:19:49.395 16386-24837 CategoryMapper          com.cdccreditsmart.app               D  âœ… App bloqueÃ¡vel detectado: com.transsion.compass
2025-12-09 10:19:49.395 16386-24837 CategoryMapper          com.cdccreditsmart.app               W  âš ï¸ Categoria desconhecida: streaming
2025-12-09 10:19:49.395 16386-24837 CategoryMapper          com.cdccreditsmart.app               W  âš ï¸ Categoria desconhecida: social
2025-12-09 10:19:49.395 16386-24837 CategoryMapper          com.cdccreditsmart.app               W  âš ï¸ Categoria desconhecida: shopping
2025-12-09 10:19:49.395 16386-24837 CategoryMapper          com.cdccreditsmart.app               W  âš ï¸ Categoria desconhecida: productivity
2025-12-09 10:19:49.395 16386-24837 CategoryMapper          com.cdccreditsmart.app               W  âš ï¸ Categoria desconhecida: finance
2025-12-09 10:19:49.396 16386-24837 CategoryMapper          com.cdccreditsmart.app               D  âœ… App bloqueÃ¡vel detectado: cn.wps.moffice_eng
2025-12-09 10:19:49.396 16386-24837 CategoryMapper          com.cdccreditsmart.app               W  âš ï¸ Categoria desconhecida: streaming
2025-12-09 10:19:49.396 16386-24837 CategoryMapper          com.cdccreditsmart.app               W  âš ï¸ Categoria desconhecida: social
2025-12-09 10:19:49.396 16386-24837 CategoryMapper          com.cdccreditsmart.app               W  âš ï¸ Categoria desconhecida: shopping
2025-12-09 10:19:49.396 16386-24837 CategoryMapper          com.cdccreditsmart.app               W  âš ï¸ Categoria desconhecida: productivity
2025-12-09 10:19:49.396 16386-24837 CategoryMapper          com.cdccreditsmart.app               W  âš ï¸ Categoria desconhecida: finance
2025-12-09 10:19:49.397 16386-24837 CategoryMapper          com.cdccreditsmart.app               D  âœ… App bloqueÃ¡vel detectado: com.transsion.deskclock
2025-12-09 10:19:49.397 16386-24837 CategoryMapper          com.cdccreditsmart.app               W  âš ï¸ Categoria desconhecida: streaming
2025-12-09 10:19:49.397 16386-24837 CategoryMapper          com.cdccreditsmart.app               W  âš ï¸ Categoria desconhecida: social
2025-12-09 10:19:49.397 16386-24837 CategoryMapper          com.cdccreditsmart.app               W  âš ï¸ Categoria desconhecida: shopping
2025-12-09 10:19:49.397 16386-24837 CategoryMapper          com.cdccreditsmart.app               W  âš ï¸ Categoria desconhecida: productivity
2025-12-09 10:19:49.397 16386-24837 CategoryMapper          com.cdccreditsmart.app               W  âš ï¸ Categoria desconhecida: finance
2025-12-09 10:19:49.397 16386-24837 CategoryMapper          com.cdccreditsmart.app               D  âœ… App bloqueÃ¡vel detectado: com.mediatek.gbaservice
2025-12-09 10:19:49.397 16386-24837 CategoryMapper          com.cdccreditsmart.app               W  âš ï¸ Categoria desconhecida: streaming
2025-12-09 10:19:49.397 16386-24837 CategoryMapper          com.cdccreditsmart.app               W  âš ï¸ Categoria desconhecida: social
2025-12-09 10:19:49.397 16386-24837 CategoryMapper          com.cdccreditsmart.app               W  âš ï¸ Categoria desconhecida: shopping
2025-12-09 10:19:49.397 16386-24837 CategoryMapper          com.cdccreditsmart.app               W  âš ï¸ Categoria desconhecida: productivity
2025-12-09 10:19:49.397 16386-24837 CategoryMapper          com.cdccreditsmart.app               W  âš ï¸ Categoria desconhecida: finance
2025-12-09 10:19:49.398 16386-24837 CategoryMapper          com.cdccreditsmart.app               D  âœ… App bloqueÃ¡vel detectado: com.transsion.kolun.assistant
2025-12-09 10:19:49.398 16386-24837 CategoryMapper          com.cdccreditsmart.app               W  âš ï¸ Categoria desconhecida: streaming
2025-12-09 10:19:49.398 16386-24837 CategoryMapper          com.cdccreditsmart.app               W  âš ï¸ Categoria desconhecida: social
2025-12-09 10:19:49.398 16386-24837 CategoryMapper          com.cdccreditsmart.app               W  âš ï¸ Categoria desconhecida: shopping
2025-12-09 10:19:49.398 16386-24837 CategoryMapper          com.cdccreditsmart.app               W  âš ï¸ Categoria desconhecida: productivity
2025-12-09 10:19:49.398 16386-24837 CategoryMapper          com.cdccreditsmart.app               W  âš ï¸ Categoria desconhecida: finance
2025-12-09 10:19:49.399 16386-24837 CategoryMapper          com.cdccreditsmart.app               D  ğŸ›¡ï¸ App crÃ­tico do sistema detectado: com.google.android.inputmethod.latin
2025-12-09 10:19:49.399 16386-24837 CategoryMapper          com.cdccreditsmart.app               D  ğŸ›¡ï¸ App protegido (nÃ£o bloqueia): com.google.android.inputmethod.latin
2025-12-09 10:19:49.400 16386-24837 CategoryMapper          com.cdccreditsmart.app               D  âœ… App bloqueÃ¡vel detectado: com.google.android.apps.restore
2025-12-09 10:19:49.400 16386-24837 CategoryMapper          com.cdccreditsmart.app               W  âš ï¸ Categoria desconhecida: streaming
2025-12-09 10:19:49.400 16386-24837 CategoryMapper          com.cdccreditsmart.app               W  âš ï¸ Categoria desconhecida: social
2025-12-09 10:19:49.400 16386-24837 CategoryMapper          com.cdccreditsmart.app               W  âš ï¸ Categoria desconhecida: shopping
2025-12-09 10:19:49.400 16386-24837 CategoryMapper          com.cdccreditsmart.app               W  âš ï¸ Categoria desconhecida: productivity
2025-12-09 10:19:49.400 16386-24837 CategoryMapper          com.cdccreditsmart.app               W  âš ï¸ Categoria desconhecida: finance
2025-12-09 10:19:49.401 16386-24837 CategoryMapper          com.cdccreditsmart.app               D  âœ… App bloqueÃ¡vel detectado: com.mediatek.MtkTelephonyServiceResOverlay
2025-12-09 10:19:49.401 16386-24837 CategoryMapper          com.cdccreditsmart.app               W  âš ï¸ Categoria desconhecida: streaming
2025-12-09 10:19:49.401 16386-24837 CategoryMapper          com.cdccreditsmart.app               W  âš ï¸ Categoria desconhecida: social
2025-12-09 10:19:49.401 16386-24837 CategoryMapper          com.cdccreditsmart.app               W  âš ï¸ Categoria desconhecida: shopping
2025-12-09 10:19:49.401 16386-24837 CategoryMapper          com.cdccreditsmart.app               W  âš ï¸ Categoria desconhecida: productivity
2025-12-09 10:19:49.401 16386-24837 CategoryMapper          com.cdccreditsmart.app               W  âš ï¸ Categoria desconhecida: finance
2025-12-09 10:19:49.401 16386-24837 CategoryMapper          com.cdccreditsmart.app               I  ğŸ“Š Total de apps marcados para bloqueio: 7
2025-12-09 10:19:49.401 16386-24837 AppBlockingManager      com.cdccreditsmart.app               I     âœ… Legacy packages: 7
2025-12-09 10:19:49.401 16386-24837 AppBlockingManager      com.cdccreditsmart.app               I  
2025-12-09 10:19:49.401 16386-24837 AppBlockingManager      com.cdccreditsmart.app               I  ğŸ›¡ï¸ FILTRANDO PACKAGES PROTEGIDOS...
2025-12-09 10:19:49.401 16386-24837 AppBlockingManager      com.cdccreditsmart.app               D     â†’ Exceptions (exceptions): 0
2025-12-09 10:19:49.401 16386-24837 AppBlockingManager      com.cdccreditsmart.app               D     â†’ LegalWhitelist (TJMG): 199
2025-12-09 10:19:49.401 16386-24837 AppBlockingManager      com.cdccreditsmart.app               I     âœ… Removidos 0 packages por nome direto
2025-12-09 10:19:49.401 16386-24837 AppBlockingManager      com.cdccreditsmart.app               I     ğŸ›¡ï¸ Verificando isProtectedByException() com exceÃ§Ãµes: []
2025-12-09 10:19:49.401 16386-24837 AppBlockingManager      com.cdccreditsmart.app               I     âœ… Removidos 0 apps protegidos por exceÃ§Ãµes semÃ¢nticas
2025-12-09 10:19:49.401 16386-24837 AppBlockingManager      com.cdccreditsmart.app               I     ğŸ›¡ï¸ Total removidos: 0 packages protegidos
2025-12-09 10:19:49.401 16386-24837 AppBlockingManager      com.cdccreditsmart.app               I     ğŸ“Š Total a bloquear: 7
2025-12-09 10:19:49.401 16386-24837 AppBlockingManager      com.cdccreditsmart.app               I  
2025-12-09 10:19:49.401 16386-24837 AppBlockingManager      com.cdccreditsmart.app               I  ğŸ’¾ PERSISTINDO ESTADO ANTES DO BLOQUEIO...
2025-12-09 10:19:49.401 16386-24837 AppBlockingManager      com.cdccreditsmart.app               D  ğŸ’¾ Estado de bloqueio salvo: level=6, days=0, reason=SincronizaÃ§Ã£o automÃ¡tica apÃ³s reinstalaÃ§Ã£o
2025-12-09 10:19:49.401 16386-24837 AppBlockingManager      com.cdccreditsmart.app               I     âœ… saveBlockingState() - NÃ­vel 6 salvo
2025-12-09 10:19:49.401 16386-24837 AppBlockingManager      com.cdccreditsmart.app               D  ğŸ’¾ Categorias bloqueadas salvas: [games, streaming, social, shopping, productivity, finance]
2025-12-09 10:19:49.401 16386-24837 AppBlockingManager      com.cdccreditsmart.app               I     âœ… saveBlockedCategories() - 6 categorias salvas
2025-12-09 10:19:49.401 16386-24837 AppBlockingManager      com.cdccreditsmart.app               D  ğŸ’¾ Pacotes bloqueados salvos: 7 apps
2025-12-09 10:19:49.401 16386-24837 AppBlockingManager      com.cdccreditsmart.app               I     âœ… saveBlockedPackages() - 7 packages salvos
2025-12-09 10:19:49.449 16386-24837 LocalAccountState       com.cdccreditsmart.app               D  âœ… Blocking state saved: level=6, days=0, categories=6, packages=7
2025-12-09 10:19:49.449 16386-24837 AppBlockingManager      com.cdccreditsmart.app               D  ğŸ’¾ LocalAccountState persistido: level=6, packages=7
2025-12-09 10:19:49.449 16386-24837 AppBlockingManager      com.cdccreditsmart.app               I     âœ… persistToLocalAccountState() - Estado offline persistido
2025-12-09 10:19:49.449 16386-24837 DebtAgingCalculator     com.cdccreditsmart.app               I  âœ… ========================================
2025-12-09 10:19:49.449 16386-24837 DebtAgingCalculator     com.cdccreditsmart.app               I  âœ… RESET DE DIAS AUTORIZADO PELO SERVIDOR
2025-12-09 10:19:49.449 16386-24837 DebtAgingCalculator     com.cdccreditsmart.app               I  âœ… ========================================
2025-12-09 10:19:49.449 16386-24837 DebtAgingCalculator     com.cdccreditsmart.app               I  âœ… NÃ­vel do servidor: 6
2025-12-09 10:19:49.449 16386-24837 DebtAgingCalculator     com.cdccreditsmart.app               I  âœ… Dias do servidor: 0
2025-12-09 10:19:49.511 16386-24837 DebtAgingCalculator     com.cdccreditsmart.app               I  âœ… Max anterior: 0
2025-12-09 10:19:49.515 16386-24837 DebtAgingCalculator     com.cdccreditsmart.app               I  âœ… Max atualizado para: 0
2025-12-09 10:19:49.515 16386-24837 DebtAgingCalculator     com.cdccreditsmart.app               I  âœ… Timestamp confiÃ¡vel atualizado: 1765286389512
2025-12-09 10:19:49.515 16386-24837 DebtAgingCalculator     com.cdccreditsmart.app               I  âœ… Timestamps incremento offline resetados (wall-clock e elapsedRealtime)
2025-12-09 10:19:49.515 16386-24837 DebtAgingCalculator     com.cdccreditsmart.app               I  âœ… ========================================
2025-12-09 10:19:49.515 16386-24837 AppBlockingManager      com.cdccreditsmart.app               I     âœ… Max dias atualizado pelo servidor: 0
2025-12-09 10:19:49.547 16386-24837 AppBlockingManager      com.cdccreditsmart.app               I  
2025-12-09 10:19:49.547 16386-24837 AppBlockingManager      com.cdccreditsmart.app               I  ğŸ¯ APLICANDO BLOQUEIO via setApplicationHidden()...
2025-12-09 10:19:49.547 16386-24837 AppBlockingManager      com.cdccreditsmart.app               I     ğŸ”’ Chamando setApplicationHidden() com 7 packages
2025-12-09 10:19:49.547 16386-24837 AppBlockingManager      com.cdccreditsmart.app               D     ğŸ“‹ Primeiros 10 packages: [com.android.internal.display.cutout.emulation.corner, com.android.internal.display.cutout.emulation.double, com.transsion.gamespace.app, com.android.internal.display.cutout.emulation.hole, com.android.internal.display.cutout.emulation.tall, com.android.internal.display.cutout.emulation.waterfall, com.afmobi.boomplayer]
2025-12-09 10:19:49.741 16386-24837 AppBlockingManager      com.cdccreditsmart.app               D  âœ… App oculto: com.android.internal.display.cutout.emulation.corner
2025-12-09 10:19:49.769 16386-16386 TextSelection           com.cdccreditsmart.app               D  onUseCache cache=false
2025-12-09 10:19:49.838 16386-24837 AppBlockingManager      com.cdccreditsmart.app               D  âœ… App oculto: com.android.internal.display.cutout.emulation.double
2025-12-09 10:19:49.883 16386-16386 ActivityThread          com.cdccreditsmart.app               D  handleResumeActivity#3 r.window=com.android.internal.policy.PhoneWindow@a615a79a.mFinished = falsewillBeVisible = true
2025-12-09 10:19:49.901 16386-16386 BufferQueueConsumer     com.cdccreditsmart.app               D  [](id:400200000003,api:0,p:-1,c:16386) connect: controlledByApp=false
2025-12-09 10:19:49.901 16386-16386 BLASTBufferQueue        com.cdccreditsmart.app               D  [VRI[MainActivity]#3](f:0,a:0) constructor()
2025-12-09 10:19:49.901 16386-16386 BLASTBufferQueue        com.cdccreditsmart.app               D  [VRI[MainActivity]#3](f:0,a:0) update width=1080 height=2436 format=-3 mTransformHint=0
2025-12-09 10:19:49.914 16386-17006 BLASTBufferQueue        com.cdccreditsmart.app               D  [VRI[MainActivity]#3](f:0,a:1) acquireNextBufferLocked size=1080x2436 mFrameNumber=1 applyTransaction=true mTimestamp=1041086585831(auto) mPendingTransactions.size=0 graphicBufferId=70377334112274 transform=0
2025-12-09 10:19:49.927 16386-16386 Choreographer           com.cdccreditsmart.app               W  Already have a pending vsync event.  There should only be one at a time.
2025-12-09 10:19:49.950 16386-16386 InsetsController        com.cdccreditsmart.app               I  Insets animation onAnimationStart mShow:false, mDurationMs:340, types:statusBars
2025-12-09 10:19:50.077 16386-16982 SettingsGuardService    com.cdccreditsmart.app               D  ğŸ“‹ Activity check - Full: null, Simple: null
2025-12-09 10:19:50.298 16386-16386 InsetsController        com.cdccreditsmart.app               I  Insets animation onAnimationEnd
2025-12-09 10:19:50.454 16386-16958 creditsmart.app         com.cdccreditsmart.app               I  Background concurrent mark compact GC freed 11MB AllocSpace bytes, 98(3880KB) LOS objects, 49% free, 13MB/27MB, paused 699us,1.530ms total 138.683ms
2025-12-09 10:19:50.599 16386-24837 AppBlockingManager      com.cdccreditsmart.app               D  âœ… App oculto: com.transsion.gamespace.app
2025-12-09 10:19:50.702 16386-16982 SettingsGuardService    com.cdccreditsmart.app               D  ğŸ“‹ Activity check - Full: null, Simple: null
2025-12-09 10:19:50.708 16386-16386 VRI[Blocke...nActivity] com.cdccreditsmart.app               D  visibilityChanged oldVisibility=true newVisibility=false
2025-12-09 10:19:50.731 16386-16962 BLASTBufferQueue        com.cdccreditsmart.app               D  [VRI[BlockedAppExplanationActivity]#2](f:0,a:3) destructor()
2025-12-09 10:19:50.732 16386-16962 BufferQueueConsumer     com.cdccreditsmart.app               D  [VRI[BlockedAppExplanationActivity]#2(BLAST Consumer)2](id:400200000002,api:0,p:-1,c:16386) disconnect
2025-12-09 10:19:51.060 16386-16386 ActivityThread          com.cdccreditsmart.app               D  mToDestroying.remove:ActivityRecord{bca1d32 token=android.os.BinderProxy@e81c21 {com.cdccreditsmart.app/com.cdccreditsmart.app.blocking.BlockedAppExplanationActivity}}
2025-12-09 10:19:51.064 16386-16386 WindowOnBackDispatcher  com.cdccreditsmart.app               W  sendCancelIfRunning: isInProgress=false callback=android.app.Activity$$ExternalSyntheticLambda0@166cd39
2025-12-09 10:19:51.067 16386-16386 View                    com.cdccreditsmart.app               D  [Warning] assignParent to null: this = DecorView@39c6f94[BlockedAppExplanationActivity]
2025-12-09 10:19:51.090 16386-24837 AppBlockingManager      com.cdccreditsmart.app               D  âœ… App oculto: com.android.internal.display.cutout.emulation.hole
2025-12-09 10:19:51.234 16386-16386 TextSelection           com.cdccreditsmart.app               D  onUseCache cache=false
2025-12-09 10:19:51.302 16386-16386 NavController           com.cdccreditsmart.app               I  Ignoring popBackStack to route pairing/qr_scanner as it was not found on the current back stack
2025-12-09 10:19:51.310 16386-16982 SettingsGuardService    com.cdccreditsmart.app               D  ğŸ“‹ Activity check - Full: null, Simple: null
2025-12-09 10:19:51.354 16386-24837 AppBlockingManager      com.cdccreditsmart.app               D  âœ… App oculto: com.android.internal.display.cutout.emulation.tall
2025-12-09 10:19:51.412 16386-16982 NetworkConnectivity     com.cdccreditsmart.app               D  âœ… Conectado via WiFi com internet
2025-12-09 10:19:51.413 16386-16982 SupportRepository       com.cdccreditsmart.app               I  ğŸ“¡ Buscando termos do servidor (version=latest)...
2025-12-09 10:19:51.628 16386-24837 AppBlockingManager      com.cdccreditsmart.app               D  âœ… App oculto: com.android.internal.display.cutout.emulation.waterfall
2025-12-09 10:19:51.899 16386-24837 AppBlockingManager      com.cdccreditsmart.app               D  âœ… App oculto: com.afmobi.boomplayer
2025-12-09 10:19:51.899 16386-24837 AppBlockingManager      com.cdccreditsmart.app               I     âœ… 7 apps bloqueados via setApplicationHidden()
2025-12-09 10:19:51.914 16386-16982 SettingsGuardService    com.cdccreditsmart.app               D  ğŸ“‹ Activity check - Full: null, Simple: null
2025-12-09 10:19:51.928 16386-16982 SupportRepository       com.cdccreditsmart.app               I  âœ… Hash dos termos validado com sucesso
2025-12-09 10:19:51.928 16386-16982 SupportRepository       com.cdccreditsmart.app               I  âœ… Termos atualizados: vv2.1 (id=54a62376-e9dd-4b7c-b474-8ecaa4c26cfc)
2025-12-09 10:19:52.569 16386-16982 SettingsGuardService    com.cdccreditsmart.app               D  ğŸ“‹ Activity check - Full: null, Simple: null
2025-12-09 10:19:53.192 16386-16982 SettingsGuardService    com.cdccreditsmart.app               D  ğŸ“‹ Activity check - Full: null, Simple: null
2025-12-09 10:19:53.837 16386-16982 SettingsGuardService    com.cdccreditsmart.app               D  ğŸ“‹ Activity check - Full: null, Simple: null
2025-12-09 10:19:53.882 16386-16958 creditsmart.app         com.cdccreditsmart.app               I  Background concurrent mark compact GC freed 7172KB AllocSpace bytes, 14(1112KB) LOS objects, 50% free, 21MB/42MB, paused 5.601ms,2.196ms total 344.709ms
2025-12-09 10:19:54.323 16386-16386 Choreographer           com.cdccreditsmart.app               I  Skipped 142 frames!  The application may be doing too much work on its main thread.
2025-12-09 10:19:54.332 16386-24837 AppBlockingManager      com.cdccreditsmart.app               I     âœ… 0 apps desbloqueados via setApplicationHidden()
2025-12-09 10:19:54.334 16386-24837 ReflectionKnoxClient    com.cdccreditsmart.app               W  Samsung Knox SDK nÃ£o encontrado - funcionalidade desabilitada
2025-12-09 10:19:54.334 16386-24837 AppBlockingManager      com.cdccreditsmart.app               W  Samsung Knox nÃ£o disponÃ­vel - pulando atualizaÃ§Ã£o de lockscreen
2025-12-09 10:19:54.334 16386-24837 AppBlockingManager      com.cdccreditsmart.app               I  
2025-12-09 10:19:54.334 16386-24837 AppBlockingManager      com.cdccreditsmart.app               I  â•”â•â•â•â•â•â•â•â•â•â•â•â•â•â•â•â•â•â•â•â•â•â•â•â•â•â•â•â•â•â•â•â•â•â•â•â•â•â•â•â•â•â•â•â•â•â•â•â•â•â•â•â•â•â•â•â•â•â•â•â•â•â•â•â•â•—
2025-12-09 10:19:54.334 16386-24837 AppBlockingManager      com.cdccreditsmart.app               I  â•‘  âœ… BLOQUEIO PROGRESSIVO CONCLUÃDO                             â•‘
2025-12-09 10:19:54.334 16386-24837 AppBlockingManager      com.cdccreditsmart.app               I  â• â•â•â•â•â•â•â•â•â•â•â•â•â•â•â•â•â•â•â•â•â•â•â•â•â•â•â•â•â•â•â•â•â•â•â•â•â•â•â•â•â•â•â•â•â•â•â•â•â•â•â•â•â•â•â•â•â•â•â•â•â•â•â•â•â•£
2025-12-09 10:19:54.334 16386-24837 AppBlockingManager      com.cdccreditsmart.app               I  â•‘  Formato: legacy (categories)
2025-12-09 10:19:54.335 16386-24837 AppBlockingManager      com.cdccreditsmart.app               I  â•‘  NÃ­vel efetivo aplicado: 6
2025-12-09 10:19:54.335 16386-24837 AppBlockingManager      com.cdccreditsmart.app               I  â•‘  NÃ­vel anterior: 6
2025-12-09 10:19:54.336 16386-24837 AppBlockingManager      com.cdccreditsmart.app               I  â•‘  Apps bloqueados: 7
2025-12-09 10:19:54.336 16386-24837 AppBlockingManager      com.cdccreditsmart.app               I  â•‘  Apps desbloqueados: 0
2025-12-09 10:19:54.337 16386-24837 AppBlockingManager      com.cdccreditsmart.app               I  â•‘  Packages protegidos removidos: 0 (direto: 0, exceÃ§Ãµes: 0)
2025-12-09 10:19:54.338 16386-24837 AppBlockingManager      com.cdccreditsmart.app               I  â•šâ•â•â•â•â•â•â•â•â•â•â•â•â•â•â•â•â•â•â•â•â•â•â•â•â•â•â•â•â•â•â•â•â•â•â•â•â•â•â•â•â•â•â•â•â•â•â•â•â•â•â•â•â•â•â•â•â•â•â•â•â•â•â•â•â•
2025-12-09 10:19:54.339 16386-24837 CdcForegroundService    com.cdccreditsmart.app               I  ğŸ”„ âœ… Bloqueio aplicado com sucesso!
2025-12-09 10:19:54.339 16386-24837 CdcForegroundService    com.cdccreditsmart.app               I  ğŸ”„    Apps bloqueados: 7
2025-12-09 10:19:54.339 16386-24837 CdcForegroundService    com.cdccreditsmart.app               I  ğŸ”„ ========================================
2025-12-09 10:19:54.340 16386-24837 CdcForegroundService    com.cdccreditsmart.app               I  âœ… Todos os serviÃ§os MDM inicializados com sucesso
2025-12-09 10:19:54.528 16386-24837 SettingsGuardService    com.cdccreditsmart.app               D  ğŸ“‹ Activity check - Full: null, Simple: null
2025-12-09 10:19:55.133 16386-24837 SettingsGuardService    com.cdccreditsmart.app               D  ğŸ“‹ Activity check - Full: null, Simple: null
2025-12-09 10:19:55.393 16386-16386 TextSelection           com.cdccreditsmart.app               D  onUseCache cache=false
2025-12-09 10:19:55.492 16386-16386 TermsAcceptanceStorage  com.cdccreditsmart.app               I  Salvando aceitaÃ§Ã£o de termos vv2.1 para contrato XV8W5766
2025-12-09 10:19:55.659 16386-16386 SecureTokenStorage      com.cdccreditsmart.app               D  EncryptedSharedPreferences initialized successfully
2025-12-09 10:19:55.661 16386-16386 NetworkConnectivity     com.cdccreditsmart.app               D  âœ… Conectado via WiFi com internet
2025-12-09 10:19:55.661 16386-16386 SimpleHomeViewModel     com.cdccreditsmart.app               D  ğŸ“¡ Fetching device installments from /api/apk/device/installments...
2025-12-09 10:19:55.735 16386-24837 SettingsGuardService    com.cdccreditsmart.app               D  ğŸ” Guard loop ativo - iteraÃ§Ã£o #100 (modo: normal)
2025-12-09 10:19:55.739 16386-24837 SettingsGuardService    com.cdccreditsmart.app               D  ğŸ“‹ Activity check - Full: null, Simple: null
2025-12-09 10:19:55.761 16386-25040 SimpleHomeViewModel     com.cdccreditsmart.app               D  âœ… Added Authorization header with token
2025-12-09 10:19:55.761 16386-25040 SimpleHomeViewModel     com.cdccreditsmart.app               D  ğŸ“¤ Request URL: https://cdccreditsmart.com/api/apk/device/installments
2025-12-09 10:19:56.342 16386-24837 SettingsGuardService    com.cdccreditsmart.app               D  ğŸ“‹ Activity check - Full: null, Simple: null
2025-12-09 10:19:56.452 16386-25040 SimpleHomeViewModel     com.cdccreditsmart.app               D  ğŸ“¥ Response Code: 200
2025-12-09 10:19:56.458 16386-16386 SimpleHomeViewModel     com.cdccreditsmart.app               D  âœ… Successfully fetched installments data
2025-12-09 10:19:56.458 16386-16386 SimpleHomeViewModel     com.cdccreditsmart.app               D  ğŸ“Š Device: Moto G15 Power
2025-12-09 10:19:56.458 16386-16386 SimpleHomeViewModel     com.cdccreditsmart.app               D  ğŸ“Š Total installments: 24
2025-12-09 10:19:56.458 16386-16386 SimpleHomeViewModel     com.cdccreditsmart.app               D  ğŸ“Š Paid: 0
2025-12-09 10:19:56.458 16386-16386 SimpleHomeViewModel     com.cdccreditsmart.app               D  ğŸ“Š Overdue: 0
2025-12-09 10:19:56.458 16386-16386 SimpleHomeViewModel     com.cdccreditsmart.app               D  ğŸ“Š All installments count: 24
2025-12-09 10:19:56.458 16386-16386 SimpleHomeViewModel     com.cdccreditsmart.app               D  ğŸ“‹ Parcela #1: status=pending, isPaid=false, dueDate=2025-12-22T23:10:29.071Z
2025-12-09 10:19:56.458 16386-16386 SimpleHomeViewModel     com.cdccreditsmart.app               D  ğŸ“‹ Parcela #2: status=pending, isPaid=false, dueDate=2026-01-06T23:10:29.071Z
2025-12-09 10:19:56.458 16386-16386 SimpleHomeViewModel     com.cdccreditsmart.app               D  ğŸ“‹ Parcela #3: status=pending, isPaid=false, dueDate=2026-01-21T23:10:29.071Z
2025-12-09 10:19:56.458 16386-16386 SimpleHomeViewModel     com.cdccreditsmart.app               D  ğŸ“‹ Parcela #4: status=pending, isPaid=false, dueDate=2026-02-05T23:10:29.071Z
2025-12-09 10:19:56.458 16386-16386 SimpleHomeViewModel     com.cdccreditsmart.app               D  ğŸ“‹ Parcela #5: status=pending, isPaid=false, dueDate=2026-02-20T23:10:29.071Z
2025-12-09 10:19:56.458 16386-16386 SimpleHomeViewModel     com.cdccreditsmart.app               D  ğŸ“‹ Parcela #6: status=pending, isPaid=false, dueDate=2026-03-07T23:10:29.071Z
2025-12-09 10:19:56.458 16386-16386 SimpleHomeViewModel     com.cdccreditsmart.app               D  ğŸ“‹ Parcela #7: status=pending, isPaid=false, dueDate=2026-03-22T23:10:29.071Z
2025-12-09 10:19:56.458 16386-16386 SimpleHomeViewModel     com.cdccreditsmart.app               D  ğŸ“‹ Parcela #8: status=pending, isPaid=false, dueDate=2026-04-06T23:10:29.071Z
2025-12-09 10:19:56.458 16386-16386 SimpleHomeViewModel     com.cdccreditsmart.app               D  ğŸ“‹ Parcela #9: status=pending, isPaid=false, dueDate=2026-04-21T23:10:29.071Z
2025-12-09 10:19:56.458 16386-16386 SimpleHomeViewModel     com.cdccreditsmart.app               D  ğŸ“‹ Parcela #10: status=pending, isPaid=false, dueDate=2026-05-06T23:10:29.071Z
2025-12-09 10:19:56.458 16386-16386 SimpleHomeViewModel     com.cdccreditsmart.app               D  ğŸ“‹ Parcela #11: status=pending, isPaid=false, dueDate=2026-05-21T23:10:29.071Z
2025-12-09 10:19:56.458 16386-16386 SimpleHomeViewModel     com.cdccreditsmart.app               D  ğŸ“‹ Parcela #12: status=pending, isPaid=false, dueDate=2026-06-05T23:10:29.071Z
2025-12-09 10:19:56.458 16386-16386 SimpleHomeViewModel     com.cdccreditsmart.app               D  ğŸ“‹ Parcela #13: status=pending, isPaid=false, dueDate=2026-06-20T23:10:29.071Z
2025-12-09 10:19:56.458 16386-16386 SimpleHomeViewModel     com.cdccreditsmart.app               D  ğŸ“‹ Parcela #14: status=pending, isPaid=false, dueDate=2026-07-05T23:10:29.071Z
2025-12-09 10:19:56.458 16386-16386 SimpleHomeViewModel     com.cdccreditsmart.app               D  ğŸ“‹ Parcela #15: status=pending, isPaid=false, dueDate=2026-07-20T23:10:29.071Z
2025-12-09 10:19:56.458 16386-16386 SimpleHomeViewModel     com.cdccreditsmart.app               D  ğŸ“‹ Parcela #16: status=pending, isPaid=false, dueDate=2026-08-04T23:10:29.071Z
2025-12-09 10:19:56.458 16386-16386 SimpleHomeViewModel     com.cdccreditsmart.app               D  ğŸ“‹ Parcela #17: status=pending, isPaid=false, dueDate=2026-08-19T23:10:29.071Z
2025-12-09 10:19:56.458 16386-16386 SimpleHomeViewModel     com.cdccreditsmart.app               D  ğŸ“‹ Parcela #18: status=pending, isPaid=false, dueDate=2026-09-03T23:10:29.071Z
2025-12-09 10:19:56.458 16386-16386 SimpleHomeViewModel     com.cdccreditsmart.app               D  ğŸ“‹ Parcela #19: status=pending, isPaid=false, dueDate=2026-09-18T23:10:29.071Z
2025-12-09 10:19:56.458 16386-16386 SimpleHomeViewModel     com.cdccreditsmart.app               D  ğŸ“‹ Parcela #20: status=pending, isPaid=false, dueDate=2026-10-03T23:10:29.071Z
2025-12-09 10:19:56.458 16386-16386 SimpleHomeViewModel     com.cdccreditsmart.app               D  ğŸ“‹ Parcela #21: status=pending, isPaid=false, dueDate=2026-10-18T23:10:29.071Z
2025-12-09 10:19:56.459 16386-16386 SimpleHomeViewModel     com.cdccreditsmart.app               D  ğŸ“‹ Parcela #22: status=pending, isPaid=false, dueDate=2026-11-02T23:10:29.071Z
2025-12-09 10:19:56.459 16386-16386 SimpleHomeViewModel     com.cdccreditsmart.app               D  ğŸ“‹ Parcela #23: status=pending, isPaid=false, dueDate=2026-11-17T23:10:29.071Z
2025-12-09 10:19:56.459 16386-16386 SimpleHomeViewModel     com.cdccreditsmart.app               D  ğŸ“‹ Parcela #24: status=pending, isPaid=false, dueDate=2026-12-02T23:10:29.071Z
2025-12-09 10:19:56.459 16386-16386 SimpleHomeViewModel     com.cdccreditsmart.app               I  ğŸ’¾ Salvando dados do cliente no storage - CustomerName: 'null', DeviceModel: 'Moto G15 Power'
2025-12-09 10:19:56.459 16386-16386 SecureTokenStorage      com.cdccreditsmart.app               D  ğŸ’¾ Salvando customer info - Name: null, Device: Moto G15 Power
2025-12-09 10:19:56.459 16386-16386 SecureTokenStorage      com.cdccreditsmart.app               W  âš ï¸ CustomerName vazio/null - nÃ£o salvando
2025-12-09 10:19:56.460 16386-16386 SecureTokenStorage      com.cdccreditsmart.app               D  âœ… DeviceModel salvo: Moto G15 Power
2025-12-09 10:19:56.460 16386-16386 SecureTokenStorage      com.cdccreditsmart.app               I  âœ… Customer info saved successfully!
2025-12-09 10:19:56.461 16386-16386 ContractCodeStorage     com.cdccreditsmart.app               D  Retrieving contract code from storage
2025-12-09 10:19:56.683 16386-16386 ContractCodeStorage     com.cdccreditsmart.app               D  Storage verification: 7 valid, 0 tampered, 0 missing
2025-12-09 10:19:56.683 16386-16386 ContractCodeStorage     com.cdccreditsmart.app               D  Contract code retrieved successfully
2025-12-09 10:19:56.763 16386-16386 LocalInstallmentStorage com.cdccreditsmart.app               I  âœ… 24 parcelas salvas localmente (contrato: XV8W5766)
2025-12-09 10:19:56.764 16386-16386 SimpleHomeViewModel     com.cdccreditsmart.app               I  âœ… 24 parcelas salvas localmente
2025-12-09 10:19:56.764 16386-16386 SimpleHomeViewModel     com.cdccreditsmart.app               I     â†’ 0 pagas
2025-12-09 10:19:56.764 16386-16386 SimpleHomeViewModel     com.cdccreditsmart.app               I     â†’ 24 pendentes
2025-12-09 10:19:56.764 16386-16386 SimpleHomeViewModel     com.cdccreditsmart.app               I     â†’ 0 em atraso
2025-12-09 10:19:56.764 16386-16386 SimpleHomeViewModel     com.cdccreditsmart.app               I     â†’ Dados disponÃ­veis para overlay e offline blocking
2025-12-09 10:19:56.764 16386-16386 SimpleHomeViewModel     com.cdccreditsmart.app               I  ğŸ’¾ Cache atualizado - prÃ³ximo acesso usarÃ¡ cache por 300s
2025-12-09 10:19:56.837 16386-16386 SecureTokenStorage      com.cdccreditsmart.app               D  EncryptedSharedPreferences initialized successfully
2025-12-09 10:19:56.837 16386-16386 SecureTokenStorage      com.cdccreditsmart.app               D  ğŸ“– Lendo customerName: Marcos Antunes
2025-12-09 10:19:56.838 16386-16386 SecureTokenStorage      com.cdccreditsmart.app               D  ğŸ“– Lendo deviceModel: Moto G15 Power
2025-12-09 10:19:56.838 16386-16386 ContractCodeStorage     com.cdccreditsmart.app               D  Retrieving contract code from storage
2025-12-09 10:19:56.946 16386-24837 SettingsGuardService    com.cdccreditsmart.app               D  ğŸ“‹ Activity check - Full: null, Simple: null
2025-12-09 10:19:57.140 16386-16386 ContractCodeStorage     com.cdccreditsmart.app               D  Storage verification: 7 valid, 0 tampered, 0 missing
2025-12-09 10:19:57.140 16386-16386 ContractCodeStorage     com.cdccreditsmart.app               D  Contract code retrieved successfully
2025-12-09 10:19:57.319 16386-20214 HWUI                    com.cdccreditsmart.app               I  Davey! duration=851ms; Flags=0, FrameTimelineVsyncId=418071, IntendedVsync=1047633781683, Vsync=1047934464537, InputEventId=0, HandleInputStart=1047937037523, AnimationStart=1047937038523, PerformTraversalsStart=1047950151985, DrawStart=1047950191139, FrameDeadline=1047653781683, FrameInterval=1047936815370, FrameStartTime=16704603, SyncQueued=1048421646139, SyncStart=1048421699677, IssueDrawCommandsStart=1048421840600, SwapBuffers=1048477728062, FrameCompleted=1048485782216, DequeueBufferDuration=24616, QueueBufferDuration=269154, GpuCompleted=1048485782216, SwapBuffersCompleted=1048479996677, DisplayPresentTime=1044624532062, CommandSubmissionCompleted=1048477728062, 
2025-12-09 10:19:57.549 16386-24837 SettingsGuardService    com.cdccreditsmart.app               D  ğŸ“‹ Activity check - Full: null, Simple: null
2025-12-09 10:19:58.151 16386-24837 SettingsGuardService    com.cdccreditsmart.app               D  ğŸ“‹ Activity check - Full: null, Simple: null
2025-12-09 10:19:58.754 16386-24837 SettingsGuardService    com.cdccreditsmart.app               D  ğŸ“‹ Activity check - Full: null, Simple: null
2025-12-09 10:19:59.237 16386-16386 TextSelection           com.cdccreditsmart.app               D  onUseCache cache=false
2025-12-09 10:19:59.351 16386-22976 ScrollPolicy            com.cdccreditsmart.app               I  BOOST_KSWAPD; duration: 3000
2025-12-09 10:19:59.362 16386-24837 SettingsGuardService    com.cdccreditsmart.app               D  ğŸ“‹ Activity check - Full: null, Simple: null
2025-12-09 10:19:59.363 16386-22976 PowerHalMgrImpl         com.cdccreditsmart.app               I  hdl:899, pid:16386 
2025-12-09 10:19:59.377 16386-22976 PowerHalMgrImpl         com.cdccreditsmart.app               I  hdl:902, pid:16386 
2025-12-09 10:19:59.428 16386-22976 ScrollPolicy            com.cdccreditsmart.app               I  BOOST_KSWAPD; duration: 0
2025-12-09 10:19:59.434 16386-22976 PowerHalMgrImpl         com.cdccreditsmart.app               I  hdl:903, pid:16386 
2025-12-09 10:19:59.976 16386-24837 SettingsGuardService    com.cdccreditsmart.app               D  ğŸ“‹ Activity check - Full: null, Simple: null
2025-12-09 10:20:00.072 16386-16386 VRI[MainActivity]       com.cdccreditsmart.app               D  visibilityChanged oldVisibility=true newVisibility=false
2025-12-09 10:20:00.195 16386-16386 BLASTBufferQueue        com.cdccreditsmart.app               D  [VRI[MainActivity]#3](f:0,a:1) destructor()
2025-12-09 10:20:00.195 16386-16386 BufferQueueConsumer     com.cdccreditsmart.app               D  [VRI[MainActivity]#3(BLAST Consumer)3](id:400200000003,api:0,p:-1,c:16386) disconnect
2025-12-09 10:20:00.199 16386-16386 WindowOnBackDispatcher  com.cdccreditsmart.app               W  sendCancelIfRunning: isInProgress=false callback=androidx.activity.OnBackPressedDispatcher$Api34Impl$createOnBackAnimationCallback$1@855f558
2025-12-09 10:20:01.860 16386-24629 FA                      com.cdccreditsmart.app               I  Application backgrounded at: timestamp_millis: 1765286399858
2025-12-09 10:20:11.480 16386-24837 MdmCommandReceiver      com.cdccreditsmart.app               D  ğŸ’“ WebSocket desconectado, parando ping
2025-12-09 10:20:11.481 16386-24837 MdmCommandReceiver      com.cdccreditsmart.app               D  ğŸ’“ Ping job encerrado
