2026-01-29 18:34:45.464 16382-16523 CdcForegroundService    com.cdccreditsmart.app               I  ğŸ” MDM SerialNumber presente: true
2026-01-29 18:34:45.464 16382-16523 CdcForegroundService    com.cdccreditsmart.app               I  ğŸ” MDM SerialNumber value: 86087507...
2026-01-29 18:34:45.464 16382-16523 CdcForegroundService    com.cdccreditsmart.app               I  ğŸ”§ ========================================
2026-01-29 18:34:45.464 16382-16523 CdcForegroundService    com.cdccreditsmart.app               I  ğŸ”§ INICIALIZANDO MDM COM SERIAL NUMBER: 86087507...
2026-01-29 18:34:45.464 16382-16523 CdcForegroundService    com.cdccreditsmart.app               I  ğŸ”§ ========================================
2026-01-29 18:34:45.464 16382-16523 CdcForegroundService    com.cdccreditsmart.app               I  ğŸ” Tokens encontrados - inicializando serviÃ§os MDM
2026-01-29 18:34:45.464 16382-16523 CdcForegroundService    com.cdccreditsmart.app               D  ğŸ“¡ Criando MdmCommandReceiver (usando serialNumber do SecureTokenStorage)...
2026-01-29 18:34:45.476 16382-16523 MdmCommandReceiver      com.cdccreditsmart.app               D  âœ… Foreground service reference set for WakeLock management
2026-01-29 18:34:45.476 16382-16523 CdcForegroundService    com.cdccreditsmart.app               D  ğŸ”‹ Foreground service reference passada para MdmCommandReceiver
2026-01-29 18:34:45.476 16382-16523 CdcForegroundService    com.cdccreditsmart.app               I  ğŸ’“ ========================================
2026-01-29 18:34:45.476 16382-16523 CdcForegroundService    com.cdccreditsmart.app               I  ğŸ’“ INICIANDO HEARTBEAT MANAGER (60s)
2026-01-29 18:34:45.476 16382-16523 CdcForegroundService    com.cdccreditsmart.app               I  ğŸ’“ ========================================
2026-01-29 18:34:45.476 16382-16523 HeartbeatManager        com.cdccreditsmart.app               I  ğŸ’“ ========================================
2026-01-29 18:34:45.476 16382-16523 HeartbeatManager        com.cdccreditsmart.app               I  ğŸ’“ INICIANDO HEARTBEAT MANAGER (60s)
2026-01-29 18:34:45.476 16382-16523 HeartbeatManager        com.cdccreditsmart.app               I  ğŸ’“ ========================================
2026-01-29 18:34:45.476 16382-16523 HeartbeatManager        com.cdccreditsmart.app               I  ğŸ’“ Intervalo: 60 segundos
2026-01-29 18:34:45.476 16382-16523 HeartbeatManager        com.cdccreditsmart.app               I  ğŸ’“ Endpoint: POST /api/apk/device/heartbeat
2026-01-29 18:34:45.477 16382-16523 CdcForegroundService    com.cdccreditsmart.app               I  ğŸ’“ HeartbeatManager iniciado ANTES do WebSocket
2026-01-29 18:34:45.477 16382-16523 CdcForegroundService    com.cdccreditsmart.app               I  ğŸ“¡ ========================================
2026-01-29 18:34:45.477 16382-16523 CdcForegroundService    com.cdccreditsmart.app               I  ğŸ“¡ CONECTANDO WebSocket MDM...
2026-01-29 18:34:45.477 16382-16523 CdcForegroundService    com.cdccreditsmart.app               I  ğŸ“¡ ========================================
2026-01-29 18:34:45.477 16382-16523 CdcForegroundService    com.cdccreditsmart.app               I  ğŸ“¡ AuthToken length: 8 caracteres
2026-01-29 18:34:45.477 16382-16523 CdcForegroundService    com.cdccreditsmart.app               I  ğŸ“¡ AuthToken preview: QJ3H4MKG...
2026-01-29 18:34:45.477 16382-16523 CdcForegroundService    com.cdccreditsmart.app               I  ğŸ“¡ Contract code: QJ3H4MKG
2026-01-29 18:34:45.477 16382-16523 CdcForegroundService    com.cdccreditsmart.app               I  ğŸ“¡ Chamando mdmReceiver.connectMdmWebSocket()...
2026-01-29 18:34:45.481 16382-16522 HeartbeatManager        com.cdccreditsmart.app               I  ğŸ’“ Enviando heartbeat IMEDIATO...
2026-01-29 18:34:45.482 16382-16523 SecureTokenStorage      com.cdccreditsmart.app               D  âœ… Usando IMEI para MDM: 8608***718
2026-01-29 18:34:45.482 16382-16523 MdmCommandReceiver      com.cdccreditsmart.app               I  ğŸ”— ========================================
2026-01-29 18:34:45.482 16382-16523 MdmCommandReceiver      com.cdccreditsmart.app               I  ğŸ”— INICIANDO CONEXÃƒO WEBSOCKET MDM
2026-01-29 18:34:45.482 16382-16523 MdmCommandReceiver      com.cdccreditsmart.app               I  ğŸ”— ========================================
2026-01-29 18:34:45.482 16382-16523 MdmCommandReceiver      com.cdccreditsmart.app               I  ğŸ”— URL base: wss://cdccreditsmart.com/ws/mdm-policies
2026-01-29 18:34:45.482 16382-16523 MdmCommandReceiver      com.cdccreditsmart.app               I  ğŸ”— JWT Token presente: true
2026-01-29 18:34:45.482 16382-16523 MdmCommandReceiver      com.cdccreditsmart.app               I  ğŸ”— JWT Token length: 8
2026-01-29 18:34:45.482 16382-16523 MdmCommandReceiver      com.cdccreditsmart.app               I  ğŸ”— JWT Token preview: QJ3H4MKG...
2026-01-29 18:34:45.483 16382-16523 MdmCommandReceiver      com.cdccreditsmart.app               I  ğŸ”— Device identifier: 860875074339718
2026-01-29 18:34:45.484 16382-16523 MdmCommandReceiver      com.cdccreditsmart.app               D  ğŸ”— Criando WebSocket OkHttp...
2026-01-29 18:34:45.484 16382-16523 MdmCommandReceiver      com.cdccreditsmart.app               I  ğŸ”„ Iniciando polling IMEDIATAMENTE (nÃ£o esperar WebSocket)
2026-01-29 18:34:45.485 16382-16947 MdmCommandReceiver      com.cdccreditsmart.app               I  ğŸ”„ ========================================
2026-01-29 18:34:45.485 16382-16947 MdmCommandReceiver      com.cdccreditsmart.app               I  ğŸ”„ INICIANDO POLLING FALLBACK MDM
2026-01-29 18:34:45.485 16382-16947 MdmCommandReceiver      com.cdccreditsmart.app               I  ğŸ”„ ========================================
2026-01-29 18:34:45.485 16382-16947 MdmCommandReceiver      com.cdccreditsmart.app               I  ğŸ”„ Intervalo: 30 segundos
2026-01-29 18:34:45.485 16382-16947 MdmCommandReceiver      com.cdccreditsmart.app               I  ğŸ”„ Endpoint: GET /api/apk/device/{identifier}/commands
2026-01-29 18:34:45.485 16382-16947 MdmCommandReceiver      com.cdccreditsmart.app               I  ğŸ”„ Executando verificaÃ§Ã£o IMEDIATA de comandos...
2026-01-29 18:34:45.493 16382-16947 SecureTokenStorage      com.cdccreditsmart.app               D  âœ… Usando IMEI para MDM: 8608***718
2026-01-29 18:34:45.493 16382-16947 MdmCommandReceiver      com.cdccreditsmart.app               I  ğŸ” ========================================
2026-01-29 18:34:45.493 16382-16947 MdmCommandReceiver      com.cdccreditsmart.app               I  ğŸ” BUSCANDO COMANDOS PENDENTES
2026-01-29 18:34:45.493 16382-16947 MdmCommandReceiver      com.cdccreditsmart.app               I  ğŸ” ========================================
2026-01-29 18:34:45.493 16382-16947 MdmCommandReceiver      com.cdccreditsmart.app               I  ğŸ” Identifier: 860875074339718
2026-01-29 18:34:45.493 16382-16947 MdmCommandReceiver      com.cdccreditsmart.app               I  ğŸ” Endpoint: GET /api/apk/device/860875074339718/commands
2026-01-29 18:34:45.494 16382-16523 MdmCommandReceiver      com.cdccreditsmart.app               D  ğŸ”— WebSocket request enviado - aguardando resposta...
2026-01-29 18:34:45.494 16382-16523 CdcForegroundService    com.cdccreditsmart.app               I  ğŸ“¡ ========================================
2026-01-29 18:34:45.494 16382-16523 CdcForegroundService    com.cdccreditsmart.app               I  ğŸ“¡ connectMdmWebSocket() CHAMADO - Aguardando conexÃ£o...
2026-01-29 18:34:45.494 16382-16523 CdcForegroundService    com.cdccreditsmart.app               I  ğŸ“¡ PrÃ³ximo log esperado: 'âœ… WebSocket MDM CONECTADO'
2026-01-29 18:34:45.494 16382-16523 CdcForegroundService    com.cdccreditsmart.app               I  ğŸ“¡ ========================================
2026-01-29 18:34:45.494 16382-16523 CdcForegroundService    com.cdccreditsmart.app               D  ğŸ“¡ Criando WebSocketManager (flow-status)...
2026-01-29 18:34:45.495 16382-16947 MdmCommandReceiver      com.cdccreditsmart.app               D  ğŸ” Executando requisiÃ§Ã£o HTTP (timeout: 15s)...
2026-01-29 18:34:45.495 16382-16523 WebSocketManager        com.cdccreditsmart.app               D  Connecting to WebSocket: wss://cdccreditsmart.com/ws/flow-status
2026-01-29 18:34:45.498 16382-16523 CdcForegroundService    com.cdccreditsmart.app               I  ğŸ“¡ WebSocketManager inicializado
2026-01-29 18:34:45.499 16382-16523 CdcForegroundService    com.cdccreditsmart.app               I  ğŸ’¡ Overlay automÃ¡tico: PeriodicOverlayWorker (a cada 10min)
2026-01-29 18:34:45.502 16382-16523 HeartbeatWorker         com.cdccreditsmart.app               I  âœ… Heartbeat OTIMIZADO agendado via WorkManager
2026-01-29 18:34:45.502 16382-16523 HeartbeatWorker         com.cdccreditsmart.app               I     ğŸ“Š Intervalo: 60min (reduÃ§Ã£o de 75% vs 15min)
2026-01-29 18:34:45.502 16382-16523 HeartbeatWorker         com.cdccreditsmart.app               I     ğŸ¯ Economia: ~72 requisiÃ§Ãµes/dia por dispositivo
2026-01-29 18:34:45.502 16382-16522 HeartbeatManager        com.cdccreditsmart.app               D  ğŸ’“ Usando authToken (fallback)
2026-01-29 18:34:45.503 16382-16523 BlockingNotifWorker     com.cdccreditsmart.app               I  ğŸ“… Agendando verificaÃ§Ã£o de notificaÃ§Ãµes de bloqueio...
2026-01-29 18:34:45.503 16382-16523 BlockingNotifWorker     com.cdccreditsmart.app               I  âœ… Worker agendado para executar a cada 6h
2026-01-29 18:34:45.503 16382-16523 CdcForegroundService    com.cdccreditsmart.app               I  ğŸ“± Worker de notificaÃ§Ãµes de bloqueio agendado
2026-01-29 18:34:45.504 16382-16523 CdcForegroundService    com.cdccreditsmart.app               I  ğŸ“¦ ========================================
2026-01-29 18:34:45.504 16382-16523 CdcForegroundService    com.cdccreditsmart.app               I  ğŸ“¦ APK PRELOAD PARA FACTORY RESET (Multi-Fabricante)
2026-01-29 18:34:45.504 16382-16523 CdcForegroundService    com.cdccreditsmart.app               I  ğŸ“¦ ========================================
2026-01-29 18:34:45.504 16382-16951 TrafficStats            com.cdccreditsmart.app               D  tagSocket(162) with statsTag=0xffffffff, statsUid=-1
2026-01-29 18:34:45.505 16382-16952 TrafficStats            com.cdccreditsmart.app               D  tagSocket(179) with statsTag=0xffffffff, statsUid=-1
2026-01-29 18:34:45.507 16382-16523 ApkPreloadManager       com.cdccreditsmart.app               I  ğŸ“± Fabricante detectado: realme
2026-01-29 18:34:45.514 16382-16522 HeartbeatManager        com.cdccreditsmart.app               D  Heartbeat payload:
2026-01-29 18:34:45.514 16382-16522 HeartbeatManager        com.cdccreditsmart.app               D     deviceToken: QJ3H4MKG...
2026-01-29 18:34:45.514 16382-16522 HeartbeatManager        com.cdccreditsmart.app               D     policyLevel: 0
2026-01-29 18:34:45.514 16382-16522 HeartbeatManager        com.cdccreditsmart.app               D     batteryLevel: 87
2026-01-29 18:34:45.514 16382-16522 HeartbeatManager        com.cdccreditsmart.app               D     isCharging: true
2026-01-29 18:34:45.514 16382-16522 HeartbeatManager        com.cdccreditsmart.app               D     currentSimImei: 860875...
2026-01-29 18:34:45.520 16382-16523 CdcForegroundService    com.cdccreditsmart.app               I  ğŸ“¦ APK em preload: false
2026-01-29 18:34:45.542 16382-16523 CdcForegroundService    com.cdccreditsmart.app               I  ğŸ“¦ Construindo manifesto:
2026-01-29 18:34:45.542 16382-16523 CdcForegroundService    com.cdccreditsmart.app               I     ContractCode: QJ3H4MKG...
2026-01-29 18:34:45.542 16382-16523 CdcForegroundService    com.cdccreditsmart.app               I     DeviceId: device_176...
2026-01-29 18:34:45.542 16382-16523 CdcForegroundService    com.cdccreditsmart.app               I     IMEI: 860875...
2026-01-29 18:34:45.542 16382-16523 CdcForegroundService    com.cdccreditsmart.app               I  ğŸ“¦ Salvando manifesto de enrollment para auto-reativaÃ§Ã£o
2026-01-29 18:34:45.542 16382-16523 ApkPreloadManager       com.cdccreditsmart.app               I  ========================================
2026-01-29 18:34:45.542 16382-16523 ApkPreloadManager       com.cdccreditsmart.app               I  ğŸ“¦ INSTALANDO APK NO PRELOAD (Multi-Fabricante)
2026-01-29 18:34:45.542 16382-16523 ApkPreloadManager       com.cdccreditsmart.app               I  ========================================
2026-01-29 18:34:45.544 16382-16523 ApkPreloadManager       com.cdccreditsmart.app               I  ğŸ“ APK fonte: /data/app/~~x8l8HGececURDM4Injup7A==/com.cdccreditsmart.app-W3mrOfPJPHsdVyauab6nMw==/base.apk
2026-01-29 18:34:45.544 16382-16523 ApkPreloadManager       com.cdccreditsmart.app               I  ğŸ“± Android 34 (14)
2026-01-29 18:34:45.544 16382-16523 ApkPreloadManager       com.cdccreditsmart.app               I  ğŸ“± Fabricante: realme
2026-01-29 18:34:45.544 16382-16523 ApkPreloadManager       com.cdccreditsmart.app               I  ğŸ“± Marca: realme
2026-01-29 18:34:45.545 16382-16523 ApkPreloadManager       com.cdccreditsmart.app               I  ğŸ“± Produto: RMX3938
2026-01-29 18:34:45.545 16382-16523 ApkPreloadManager       com.cdccreditsmart.app               I  ğŸ“± Modelo: RMX3938
2026-01-29 18:34:45.545 16382-16523 ApkPreloadManager       com.cdccreditsmart.app               I  ğŸ“± Fabricante detectado: realme
2026-01-29 18:34:45.545 16382-16523 ApkPreloadManager       com.cdccreditsmart.app               I  ğŸ” Caminhos de preload a tentar: 6
2026-01-29 18:34:45.545 16382-16523 ApkPreloadManager       com.cdccreditsmart.app               D     1. /data/realme/preload/apps
2026-01-29 18:34:45.545 16382-16523 ApkPreloadManager       com.cdccreditsmart.app               D     2. /data/system/device_owner_data/preloads
2026-01-29 18:34:45.545 16382-16523 ApkPreloadManager       com.cdccreditsmart.app               D     3. /data/system/device_owner_data
2026-01-29 18:34:45.546 16382-16523 ApkPreloadManager       com.cdccreditsmart.app               D     4. /data/oppo_commonsys/preload
2026-01-29 18:34:45.546 16382-16523 ApkPreloadManager       com.cdccreditsmart.app               D     5. /data/preloads/apps
2026-01-29 18:34:45.546 16382-16523 ApkPreloadManager       com.cdccreditsmart.app               D     6. /data/preload/apps
2026-01-29 18:34:45.546 16382-16523 ApkPreloadManager       com.cdccreditsmart.app               I  
2026-01-29 18:34:45.546 16382-16523 ApkPreloadManager       com.cdccreditsmart.app               I  ğŸ“‚ Tentando: /data/realme/preload/apps
2026-01-29 18:34:45.546 16382-16523 ApkPreloadManager       com.cdccreditsmart.app               I     ğŸ“ DiretÃ³rio nÃ£o existe - tentando criar...
2026-01-29 18:34:45.547 16382-16523 ApkPreloadManager       com.cdccreditsmart.app               W     âš ï¸ NÃ£o foi possÃ­vel criar diretÃ³rio
2026-01-29 18:34:45.547 16382-16523 ApkPreloadManager       com.cdccreditsmart.app               I  
2026-01-29 18:34:45.547 16382-16523 ApkPreloadManager       com.cdccreditsmart.app               I  ğŸ“‚ Tentando: /data/system/device_owner_data/preloads
2026-01-29 18:34:45.547 16382-16523 ApkPreloadManager       com.cdccreditsmart.app               I     ğŸ“ DiretÃ³rio nÃ£o existe - tentando criar...
2026-01-29 18:34:45.548 16382-16523 ApkPreloadManager       com.cdccreditsmart.app               W     âš ï¸ NÃ£o foi possÃ­vel criar diretÃ³rio
2026-01-29 18:34:45.548 16382-16523 ApkPreloadManager       com.cdccreditsmart.app               I  
2026-01-29 18:34:45.548 16382-16523 ApkPreloadManager       com.cdccreditsmart.app               I  ğŸ“‚ Tentando: /data/system/device_owner_data
2026-01-29 18:34:45.548 16382-16523 ApkPreloadManager       com.cdccreditsmart.app               I     ğŸ“ DiretÃ³rio nÃ£o existe - tentando criar...
2026-01-29 18:34:45.548 16382-16523 ApkPreloadManager       com.cdccreditsmart.app               W     âš ï¸ NÃ£o foi possÃ­vel criar diretÃ³rio
2026-01-29 18:34:45.548 16382-16523 ApkPreloadManager       com.cdccreditsmart.app               I  
2026-01-29 18:34:45.548 16382-16523 ApkPreloadManager       com.cdccreditsmart.app               I  ğŸ“‚ Tentando: /data/oppo_commonsys/preload
2026-01-29 18:34:45.548 16382-16523 ApkPreloadManager       com.cdccreditsmart.app               I     ğŸ“ DiretÃ³rio nÃ£o existe - tentando criar...
2026-01-29 18:34:45.549 16382-16523 ApkPreloadManager       com.cdccreditsmart.app               W     âš ï¸ NÃ£o foi possÃ­vel criar diretÃ³rio
2026-01-29 18:34:45.549 16382-16523 ApkPreloadManager       com.cdccreditsmart.app               I  
2026-01-29 18:34:45.549 16382-16523 ApkPreloadManager       com.cdccreditsmart.app               I  ğŸ“‚ Tentando: /data/preloads/apps
2026-01-29 18:34:45.549 16382-16523 ApkPreloadManager       com.cdccreditsmart.app               I     ğŸ“ DiretÃ³rio nÃ£o existe - tentando criar...
2026-01-29 18:34:45.549 16382-16523 ApkPreloadManager       com.cdccreditsmart.app               W     âš ï¸ NÃ£o foi possÃ­vel criar diretÃ³rio
2026-01-29 18:34:45.549 16382-16523 ApkPreloadManager       com.cdccreditsmart.app               I  
2026-01-29 18:34:45.549 16382-16523 ApkPreloadManager       com.cdccreditsmart.app               I  ğŸ“‚ Tentando: /data/preload/apps
2026-01-29 18:34:45.549 16382-16523 ApkPreloadManager       com.cdccreditsmart.app               I     ğŸ“ DiretÃ³rio nÃ£o existe - tentando criar...
2026-01-29 18:34:45.550 16382-16523 ApkPreloadManager       com.cdccreditsmart.app               W     âš ï¸ NÃ£o foi possÃ­vel criar diretÃ³rio
2026-01-29 18:34:45.550 16382-16523 ApkPreloadManager       com.cdccreditsmart.app               E  
2026-01-29 18:34:45.550 16382-16523 ApkPreloadManager       com.cdccreditsmart.app               E  âŒ FALHA: Nenhum caminho de preload acessÃ­vel
2026-01-29 18:34:45.545 16382-16382 DefaultDispatch         com.cdccreditsmart.app               W  type=1400 audit(0.0:1398): avc:  denied  { getattr } for  path="/data/preloads" dev="dm-48" ino=98 scontext=u:r:untrusted_app:s0:c7,c257,c512,c768 tcontext=u:object_r:preloads_data_file:s0 tclass=dir permissive=0 app=com.cdccreditsmart.app
2026-01-29 18:34:45.550 16382-16523 ApkPreloadManager       com.cdccreditsmart.app               E     Fabricante: realme
2026-01-29 18:34:45.550 16382-16523 ApkPreloadManager       com.cdccreditsmart.app               E     O sistema de recuperaÃ§Ã£o via stub ainda funcionarÃ¡
2026-01-29 18:34:45.550 16382-16523 ApkPreloadManager       com.cdccreditsmart.app               I  ========================================
2026-01-29 18:34:45.550 16382-16523 CdcForegroundService    com.cdccreditsmart.app               W  ğŸ“¦ âš ï¸ Nenhum caminho de preload acessÃ­vel neste dispositivo
2026-01-29 18:34:45.550 16382-16523 CdcForegroundService    com.cdccreditsmart.app               W  ğŸ“¦    O sistema de recuperaÃ§Ã£o via stub ainda funcionarÃ¡
2026-01-29 18:34:45.550 16382-16523 CdcForegroundService    com.cdccreditsmart.app               I  ğŸ“¦ ========================================
2026-01-29 18:34:45.550 16382-16523 CdcForegroundService    com.cdccreditsmart.app               I  ğŸ”„ ========================================
2026-01-29 18:34:45.550 16382-16523 CdcForegroundService    com.cdccreditsmart.app               I  ğŸ”„ SINCRONIZAÃ‡ÃƒO IMEDIATA DE BLOQUEIO
2026-01-29 18:34:45.550 16382-16523 CdcForegroundService    com.cdccreditsmart.app               I  ğŸ”„ ========================================
2026-01-29 18:34:45.551 16382-16523 CdcForegroundService    com.cdccreditsmart.app               I  ğŸ”„ NÃ­vel de bloqueio LOCAL atual: 0
2026-01-29 18:34:45.643 16382-16523 CdcForegroundService    com.cdccreditsmart.app               I  ğŸ”„ Enviando heartbeat de sincronizaÃ§Ã£o...
2026-01-29 18:34:46.335 16382-16521 FcmTokenManager         com.cdccreditsmart.app               D  Response code: 200
2026-01-29 18:34:46.336 16382-16521 FcmTokenManager         com.cdccreditsmart.app               D  âœ… FCM token registered successfully
2026-01-29 18:34:46.336 16382-16521 FcmTokenManager         com.cdccreditsmart.app               D  Response: {"success":true,"message":"FCM token registrado com sucesso"}
2026-01-29 18:34:46.345 16382-16521 AuthOrchestrator        com.cdccreditsmart.app               D  âœ… FCM token registrado
2026-01-29 18:34:46.467 16382-16951 MdmCommandReceiver      com.cdccreditsmart.app               I  âœ… WebSocket MDM CONECTADO COM SUCESSO!
2026-01-29 18:34:46.467 16382-16521 MdmCommandReceiver      com.cdccreditsmart.app               D  â° Watchdog cancelado (conexÃ£o resolvida)
2026-01-29 18:34:46.468 16382-16951 MdmCommandReceiver      com.cdccreditsmart.app               D  âœ… Response code: 101
2026-01-29 18:34:46.468 16382-16951 MdmCommandReceiver      com.cdccreditsmart.app               I  ğŸ” Enviando autenticaÃ§Ã£o WebSocket imediatamente (v2.5)...
2026-01-29 18:34:46.484 16382-16951 SecureTokenStorage      com.cdccreditsmart.app               D  âœ… Usando IMEI para MDM: 8608***718
2026-01-29 18:34:46.494 16382-16951 MdmCommandReceiver      com.cdccreditsmart.app               I  ğŸ” ========================================
2026-01-29 18:34:46.494 16382-16951 MdmCommandReceiver      com.cdccreditsmart.app               I  ğŸ” ENVIANDO AUTENTICAÃ‡ÃƒO WEBSOCKET
2026-01-29 18:34:46.494 16382-16951 MdmCommandReceiver      com.cdccreditsmart.app               I  ğŸ” ========================================
2026-01-29 18:34:46.494 16382-16951 MdmCommandReceiver      com.cdccreditsmart.app               I  ğŸ” serialNumber (contractCode): QJ3H4MKG
2026-01-29 18:34:46.494 16382-16951 MdmCommandReceiver      com.cdccreditsmart.app               I  ğŸ” deviceToken: QJ3H4MKG...
2026-01-29 18:34:46.494 16382-16951 MdmCommandReceiver      com.cdccreditsmart.app               I  ğŸ” deviceFingerprint: N/A...
2026-01-29 18:34:46.494 16382-16951 MdmCommandReceiver      com.cdccreditsmart.app               I  ğŸ” imei: 8608***
2026-01-29 18:34:46.494 16382-16951 MdmCommandReceiver      com.cdccreditsmart.app               I  ğŸ” androidId: b9a075a9...
2026-01-29 18:34:46.494 16382-16951 MdmCommandReceiver      com.cdccreditsmart.app               I  ğŸ” apkVersion: 1.0.0-debug
2026-01-29 18:34:46.494 16382-16951 MdmCommandReceiver      com.cdccreditsmart.app               I  âœ… Mensagem de autenticaÃ§Ã£o enviada com sucesso (7 campos)
2026-01-29 18:34:46.495 16382-16951 MdmCommandReceiver      com.cdccreditsmart.app               D  â³ Polling jÃ¡ estÃ¡ ativo - ignorando chamada duplicada
2026-01-29 18:34:46.496 16382-16521 MdmCommandReceiver      com.cdccreditsmart.app               I  ğŸ’“ Iniciando ping manual JSON (intervalo: 40s)
2026-01-29 18:34:46.496 16382-16951 MdmCommandReceiver      com.cdccreditsmart.app               D  ğŸ“¥ Mensagem MDM recebida: {"type":"welcome","message":"Connected to unified WebSocket server","connectionId":"873adb9e-9a9c-4410-887d-f1e9f2c7a61d","path":"/ws/mdm-policies","routerKey":"mdm-policies","timestamp":"2026-01-29T21:34:45.002Z","serverTime":"2026-01-29T21:34:45.002Z"}
2026-01-29 18:34:46.499 16382-16521 MdmCommandReceiver      com.cdccreditsmart.app               D  ğŸ“¥ JSON recebido: {"type":"welcome","message":"Connected to unified WebSocket server","connectionId":"873adb9e-9a9c-4410-887d-f1e9f2c7a61d","path":"/ws/mdm-policies","routerKey":"mdm-policies","timestamp":"2026-01-29T21:34:45.002Z","serverTime":"2026-01-29T21:34:45.002Z"}
2026-01-29 18:34:46.499 16382-16951 MdmCommandReceiver      com.cdccreditsmart.app               D  ğŸ“¥ Mensagem MDM recebida: {"type":"auth_error","message":"Serial number or device fingerprint required for MDM connections","timestamp":"2026-01-29T21:34:45.003Z"}
2026-01-29 18:34:46.500 16382-16951 MdmCommandReceiver      com.cdccreditsmart.app               W  âš ï¸ WebSocket MDM fechando (code=4001)
2026-01-29 18:34:46.500 16382-16950 MdmCommandReceiver      com.cdccreditsmart.app               D  ğŸ“¥ JSON recebido: {"type":"auth_error","message":"Serial number or device fingerprint required for MDM connections","timestamp":"2026-01-29T21:34:45.003Z"}
2026-01-29 18:34:46.661 16382-16925 okhttp.OkHttpClient     com.cdccreditsmart.app               I  --> GET https://cdccreditsmart.com/api/apk/device/860875074339718/commands
2026-01-29 18:34:46.661 16382-16925 okhttp.OkHttpClient     com.cdccreditsmart.app               I  --> END GET
2026-01-29 18:34:46.768 16382-16521 MdmCommandReceiver      com.cdccreditsmart.app               D  ğŸ“¨ Tipo de mensagem: welcome
2026-01-29 18:34:46.768 16382-16521 MdmCommandReceiver      com.cdccreditsmart.app               D  ğŸ‘‹ Mensagem de boas-vindas do servidor
2026-01-29 18:34:46.771 16382-16950 MdmCommandReceiver      com.cdccreditsmart.app               D  ğŸ“¨ Tipo de mensagem: auth_error
2026-01-29 18:34:46.771 16382-16950 MdmCommandReceiver      com.cdccreditsmart.app               E  âŒ ========================================
2026-01-29 18:34:46.771 16382-16950 MdmCommandReceiver      com.cdccreditsmart.app               E  âŒ ERRO DE AUTENTICAÃ‡ÃƒO WEBSOCKET!
2026-01-29 18:34:46.771 16382-16950 MdmCommandReceiver      com.cdccreditsmart.app               E  âŒ ========================================
2026-01-29 18:34:46.771 16382-16950 MdmCommandReceiver      com.cdccreditsmart.app               E  âŒ Erro: Serial number or device fingerprint required for MDM connections
2026-01-29 18:34:46.772 16382-16950 MdmCommandReceiver      com.cdccreditsmart.app               E  âŒ CÃ³digo: 
2026-01-29 18:34:46.910 16382-16952 WebSocketManager        com.cdccreditsmart.app               D  WebSocket connection opened
2026-01-29 18:34:46.910 16382-16952 WebSocketManager        com.cdccreditsmart.app               D  WebSocket connected for contract: QJ3H4MKG
2026-01-29 18:34:46.910 16382-16952 WebSocketManager        com.cdccreditsmart.app               D  Starting heartbeat
2026-01-29 18:34:47.002 16382-16954 okhttp.OkHttpClient     com.cdccreditsmart.app               I  --> POST https://cdccreditsmart.com/api/apk/device/heartbeat
2026-01-29 18:34:47.003 16382-16954 okhttp.OkHttpClient     com.cdccreditsmart.app               I  Content-Type: application/json; charset=UTF-8
2026-01-29 18:34:47.003 16382-16954 okhttp.OkHttpClient     com.cdccreditsmart.app               I  Content-Length: 145
2026-01-29 18:34:47.003 16382-16954 okhttp.OkHttpClient     com.cdccreditsmart.app               I  Authorization: Bearer QJ3H4MKG
2026-01-29 18:34:47.003 16382-16954 okhttp.OkHttpClient     com.cdccreditsmart.app               I  {"deviceToken":"QJ3H4MKG","currentBlockLevel":0,"batteryLevel":87,"isCharging":true,"currentSimImei":"860875074339718","timestamp":1769722485514}
2026-01-29 18:34:47.004 16382-16954 okhttp.OkHttpClient     com.cdccreditsmart.app               I  --> END POST (145-byte body)
2026-01-29 18:34:47.006 16382-16955 okhttp.OkHttpClient     com.cdccreditsmart.app               I  --> POST https://cdccreditsmart.com/api/apk/device/heartbeat
2026-01-29 18:34:47.006 16382-16955 okhttp.OkHttpClient     com.cdccreditsmart.app               I  Content-Type: application/json; charset=UTF-8
2026-01-29 18:34:47.006 16382-16955 okhttp.OkHttpClient     com.cdccreditsmart.app               I  Content-Length: 159
2026-01-29 18:34:47.006 16382-16955 okhttp.OkHttpClient     com.cdccreditsmart.app               I  Authorization: Bearer QJ3H4MKG
2026-01-29 18:34:47.007 16382-16955 okhttp.OkHttpClient     com.cdccreditsmart.app               I  {"timestamp":1769722485638,"status":"active","batteryLevel":87,"currentBlockLevel":0,"blockedAppsCount":0,"progressiveBlockActive":false,"isManualBlock":false}
2026-01-29 18:34:47.007 16382-16955 okhttp.OkHttpClient     com.cdccreditsmart.app               I  --> END POST (159-byte body)
2026-01-29 18:34:47.116 16382-16929 okhttp.OkHttpClient     com.cdccreditsmart.app               I  <-- 200 https://cdccreditsmart.com/api/apk/discover/860875074339718 (5609ms)
2026-01-29 18:34:47.116 16382-16929 okhttp.OkHttpClient     com.cdccreditsmart.app               I  access-control-allow-credentials: true
2026-01-29 18:34:47.116 16382-16929 okhttp.OkHttpClient     com.cdccreditsmart.app               I  access-control-allow-headers: Origin, X-Requested-With, Content-Type, Accept, Authorization, x-client-key, x-client-token, x-client-secret, cache-control
2026-01-29 18:34:47.116 16382-16929 okhttp.OkHttpClient     com.cdccreditsmart.app               I  access-control-allow-methods: GET, POST, PUT, PATCH, DELETE, OPTIONS
2026-01-29 18:34:47.116 16382-16929 okhttp.OkHttpClient     com.cdccreditsmart.app               I  access-control-allow-origin: *
2026-01-29 18:34:47.117 16382-16929 okhttp.OkHttpClient     com.cdccreditsmart.app               I  access-control-max-age: 86400
2026-01-29 18:34:47.117 16382-16929 okhttp.OkHttpClient     com.cdccreditsmart.app               I  content-length: 596
2026-01-29 18:34:47.117 16382-16929 okhttp.OkHttpClient     com.cdccreditsmart.app               I  content-security-policy: default-src 'self'; script-src 'self' 'unsafe-inline' 'unsafe-eval' https://replit.com; style-src 'self' 'unsafe-inline' https://replit.com; img-src 'self' data: https:; font-src 'self' data: https://replit.com; connect-src 'self';
2026-01-29 18:34:47.117 16382-16929 okhttp.OkHttpClient     com.cdccreditsmart.app               I  content-type: application/json; charset=utf-8
2026-01-29 18:34:47.117 16382-16929 okhttp.OkHttpClient     com.cdccreditsmart.app               I  date: Thu, 29 Jan 2026 21:34:45 GMT
2026-01-29 18:34:47.117 16382-16929 okhttp.OkHttpClient     com.cdccreditsmart.app               I  etag: W/"254-K9OJxUUFPJMZ2kGbhCrQ4tFdWNc"
2026-01-29 18:34:47.117 16382-16929 okhttp.OkHttpClient     com.cdccreditsmart.app               I  permissions-policy: geolocation=(), microphone=(), camera=()
2026-01-29 18:34:47.117 16382-16929 okhttp.OkHttpClient     com.cdccreditsmart.app               I  referrer-policy: strict-origin-when-cross-origin
2026-01-29 18:34:47.118 16382-16929 okhttp.OkHttpClient     com.cdccreditsmart.app               I  strict-transport-security: max-age=63072000; includeSubDomains
2026-01-29 18:34:47.118 16382-16929 okhttp.OkHttpClient     com.cdccreditsmart.app               I  strict-transport-security: max-age=31536000; includeSubDomains
2026-01-29 18:34:47.118 16382-16929 okhttp.OkHttpClient     com.cdccreditsmart.app               I  x-anti-fraud-protection: active
2026-01-29 18:34:47.118 16382-16929 okhttp.OkHttpClient     com.cdccreditsmart.app               I  x-certificate-pinning-enabled: false
2026-01-29 18:34:47.118 16382-16929 okhttp.OkHttpClient     com.cdccreditsmart.app               I  x-certificate-pinning-status: disabled-for-stability
2026-01-29 18:34:47.118 16382-16929 okhttp.OkHttpClient     com.cdccreditsmart.app               I  x-content-type-options: nosniff
2026-01-29 18:34:47.118 16382-16929 okhttp.OkHttpClient     com.cdccreditsmart.app               I  x-financial-data-protection: enabled
2026-01-29 18:34:47.118 16382-16929 okhttp.OkHttpClient     com.cdccreditsmart.app               I  x-frame-options: DENY
2026-01-29 18:34:47.119 16382-16929 okhttp.OkHttpClient     com.cdccreditsmart.app               I  x-transaction-security-level: maximum
2026-01-29 18:34:47.119 16382-16929 okhttp.OkHttpClient     com.cdccreditsmart.app               I  x-xss-protection: 1; mode=block
2026-01-29 18:34:47.119 16382-16929 okhttp.OkHttpClient     com.cdccreditsmart.app               I  via: 1.1 google
2026-01-29 18:34:47.119 16382-16929 okhttp.OkHttpClient     com.cdccreditsmart.app               I  alt-svc: h3=":443"; ma=2592000,h3-29=":443"; ma=2592000
2026-01-29 18:34:47.120 16382-16929 okhttp.OkHttpClient     com.cdccreditsmart.app               I  {"success":true,"token":"QJ3H4MKG","device":{"id":"device_1769137280282_l7srjesg25","name":"REALME Note 60x","serialNumber":"QJ3H4MKG","imei":"860875074339718","imeiList":["860875074339718"],"meid":null,"meidList":null,"simSlotCount":1,"model":"Note 60x","brand":"REALME","status":"active","isBlocked":false,"blockReason":null},"customer":{"id":"f854a5cf-8b7e-4a66-a55f-a9f41948eb34","name":"Marcos Antunes","cpf":"06452784323","phone":"85981888810"},"connection":{"matchType":"imei_exact","useImei":"860875074339718","useSerialNumber":"QJ3H4MKG","useDeviceId":"device_1769137280282_l7srjesg25"}}
2026-01-29 18:34:47.121 16382-16929 okhttp.OkHttpClient     com.cdccreditsmart.app               I  <-- END HTTP (596-byte body)
2026-01-29 18:34:47.125 16382-16523 AuthOrchestrator        com.cdccreditsmart.app               D  âœ… ========== AUTO-DISCOVERY BEM-SUCEDIDO ==========
2026-01-29 18:34:47.125 16382-16523 AuthOrchestrator        com.cdccreditsmart.app               D  âœ… Dispositivo encontrado:
2026-01-29 18:34:47.125 16382-16523 AuthOrchestrator        com.cdccreditsmart.app               D     - Nome: REALME Note 60x
2026-01-29 18:34:47.125 16382-16523 AuthOrchestrator        com.cdccreditsmart.app               D     - DeviceId: device_17691372...
2026-01-29 18:34:47.125 16382-16523 AuthOrchestrator        com.cdccreditsmart.app               D     - SerialNumber: QJ3H4MKG
2026-01-29 18:34:47.125 16382-16523 AuthOrchestrator        com.cdccreditsmart.app               D     - IMEI: 8608***718
2026-01-29 18:34:47.125 16382-16523 AuthOrchestrator        com.cdccreditsmart.app               D     - Status: active
2026-01-29 18:34:47.125 16382-16523 AuthOrchestrator        com.cdccreditsmart.app               D     - Bloqueado: false
2026-01-29 18:34:47.125 16382-16523 AuthOrchestrator        com.cdccreditsmart.app               D  âœ… Cliente:
2026-01-29 18:34:47.125 16382-16523 AuthOrchestrator        com.cdccreditsmart.app               D     - Nome: Marcos Antunes
2026-01-29 18:34:47.125 16382-16523 AuthOrchestrator        com.cdccreditsmart.app               D     - CPF: 064***
2026-01-29 18:34:47.125 16382-16523 AuthOrchestrator        com.cdccreditsmart.app               D  âœ… ConexÃ£o:
2026-01-29 18:34:47.125 16382-16523 AuthOrchestrator        com.cdccreditsmart.app               D     - Usar IMEI: 860875074339718
2026-01-29 18:34:47.126 16382-16523 AuthOrchestrator        com.cdccreditsmart.app               D     - Usar SerialNumber: QJ3H4MKG
2026-01-29 18:34:47.126 16382-16523 AuthOrchestrator        com.cdccreditsmart.app               D     - Usar DeviceId: device_1769137280282_l7srjesg25
2026-01-29 18:34:47.126 16382-16523 ContractCodeStorage     com.cdccreditsmart.app               D  Saving contract code to redundant storage
2026-01-29 18:34:47.285 16382-16523 ContractCodeStorage     com.cdccreditsmart.app               D  Saved to EncryptedPrefs
2026-01-29 18:34:47.401 16382-16925 okhttp.OkHttpClient     com.cdccreditsmart.app               I  <-- 200 https://cdccreditsmart.com/api/apk/device/860875074339718/commands (739ms)
2026-01-29 18:34:47.401 16382-16925 okhttp.OkHttpClient     com.cdccreditsmart.app               I  access-control-allow-credentials: true
2026-01-29 18:34:47.401 16382-16925 okhttp.OkHttpClient     com.cdccreditsmart.app               I  access-control-allow-headers: Origin, X-Requested-With, Content-Type, Accept, Authorization, x-client-key, x-client-token, x-client-secret, cache-control
2026-01-29 18:34:47.401 16382-16925 okhttp.OkHttpClient     com.cdccreditsmart.app               I  access-control-allow-methods: GET, POST, PUT, PATCH, DELETE, OPTIONS
2026-01-29 18:34:47.401 16382-16925 okhttp.OkHttpClient     com.cdccreditsmart.app               I  access-control-allow-origin: *
2026-01-29 18:34:47.401 16382-16925 okhttp.OkHttpClient     com.cdccreditsmart.app               I  access-control-max-age: 86400
2026-01-29 18:34:47.401 16382-16925 okhttp.OkHttpClient     com.cdccreditsmart.app               I  content-length: 2720
2026-01-29 18:34:47.401 16382-16925 okhttp.OkHttpClient     com.cdccreditsmart.app               I  content-security-policy: default-src 'self'; script-src 'self' 'unsafe-inline' 'unsafe-eval' https://replit.com; style-src 'self' 'unsafe-inline' https://replit.com; img-src 'self' data: https:; font-src 'self' data: https://replit.com; connect-src 'self';
2026-01-29 18:34:47.401 16382-16925 okhttp.OkHttpClient     com.cdccreditsmart.app               I  content-type: application/json; charset=utf-8
2026-01-29 18:34:47.401 16382-16925 okhttp.OkHttpClient     com.cdccreditsmart.app               I  date: Thu, 29 Jan 2026 21:34:45 GMT
2026-01-29 18:34:47.402 16382-16925 okhttp.OkHttpClient     com.cdccreditsmart.app               I  etag: W/"aa0-3/ncu4l2MN2zeJbusPog77mZxgc"
2026-01-29 18:34:47.402 16382-16925 okhttp.OkHttpClient     com.cdccreditsmart.app               I  permissions-policy: geolocation=(), microphone=(), camera=()
2026-01-29 18:34:47.402 16382-16925 okhttp.OkHttpClient     com.cdccreditsmart.app               I  referrer-policy: strict-origin-when-cross-origin
2026-01-29 18:34:47.402 16382-16925 okhttp.OkHttpClient     com.cdccreditsmart.app               I  strict-transport-security: max-age=63072000; includeSubDomains
2026-01-29 18:34:47.402 16382-16925 okhttp.OkHttpClient     com.cdccreditsmart.app               I  strict-transport-security: max-age=31536000; includeSubDomains
2026-01-29 18:34:47.402 16382-16925 okhttp.OkHttpClient     com.cdccreditsmart.app               I  x-anti-fraud-protection: active
2026-01-29 18:34:47.402 16382-16523 ContractCodeStorage     com.cdccreditsmart.app               D  Deleted existing file: .cdc_protected_code.enc
2026-01-29 18:34:47.402 16382-16925 okhttp.OkHttpClient     com.cdccreditsmart.app               I  x-certificate-pinning-enabled: false
2026-01-29 18:34:47.402 16382-16925 okhttp.OkHttpClient     com.cdccreditsmart.app               I  x-certificate-pinning-status: disabled-for-stability
2026-01-29 18:34:47.402 16382-16925 okhttp.OkHttpClient     com.cdccreditsmart.app               I  x-content-type-options: nosniff
2026-01-29 18:34:47.402 16382-16925 okhttp.OkHttpClient     com.cdccreditsmart.app               I  x-financial-data-protection: enabled
2026-01-29 18:34:47.402 16382-16925 okhttp.OkHttpClient     com.cdccreditsmart.app               I  x-frame-options: DENY
2026-01-29 18:34:47.403 16382-16925 okhttp.OkHttpClient     com.cdccreditsmart.app               I  x-transaction-security-level: maximum
2026-01-29 18:34:47.403 16382-16925 okhttp.OkHttpClient     com.cdccreditsmart.app               I  x-xss-protection: 1; mode=block
2026-01-29 18:34:47.403 16382-16925 okhttp.OkHttpClient     com.cdccreditsmart.app               I  via: 1.1 google
2026-01-29 18:34:47.403 16382-16925 okhttp.OkHttpClient     com.cdccreditsmart.app               I  alt-svc: h3=":443"; ma=2592000,h3-29=":443"; ma=2592000
2026-01-29 18:34:47.421 16382-16925 okhttp.OkHttpClient     com.cdccreditsmart.app               I  {"deviceId":"device_1769137280282_l7srjesg25","serialNumber":"QJ3H4MKG","commandsCount":1,"commands":[{"id":"300bd6eb-1c9e-41a4-8992-5cd827b48147","commandType":"PROGRESSIVE_BLOCK","parameters":{"rules":[{"days":0,"level":0,"categories":[],"exceptions":[],"message_body":"Seu dispositivo estÃ¡ funcionando normalmente. Todas as parcelas estÃ£o em dia.","message_title":"Dispositivo Liberado"},{"days":3,"level":1,"categories":["photos","gallery","video_players","web_browsers"],"exceptions":["com.whatsapp","com.android.dialer","com.android.messaging","bancos_allowed","emails_allowed"],"message_body":"Seu aparelho estÃ¡ com atraso de 3 dias. Aplicativos de fotos, galeria, vÃ­deos e navegadores foram temporariamente limitados atÃ© a regularizaÃ§Ã£o.","message_title":"AtenÃ§Ã£o: limite de apps reduzido"},{"days":6,"level":2,"categories":["youtube","music_players","play_store","games"],"exceptions":["com.whatsapp","com.android.dialer","com.android.messaging","bancos_allowed","emails_allowed"],"message_body":"Atraso de 6 dias. YouTube, apps de mÃºsica, Play Store e jogos foram limitados alÃ©m das restriÃ§Ãµes anteriores.","message_title":"AtenÃ§Ã£o: restriÃ§Ã£o ampliada"},{"days":9,"level":3,"categories":["social_media"],"exceptions":["com.whatsapp","com.android.dialer","com.android.messaging","bancos_allowed","emails_allowed"],"message_body":"Atraso de 9 dias. Todas as redes sociais foram limitadas, exceto WhatsApp.","message_title":"AtenÃ§Ã£o: redes sociais limitadas"},{"days":12,"level":4,"categories":["all_apps_except_whatsapp"],"exceptions":["com.whatsapp","com.android.dialer","com.android.messaging","bancos_allowed","emails_allowed"],"message_body":"Atraso de 12 dias. Quase todos os aplicativos estÃ£o limitados, WhatsApp continua liberado.","message_title":"AtenÃ§Ã£o: restriÃ§Ã£o severa"},{"days":15,"level":5,"categories":["all_apps_except_banks_calls_sms_emails"],"exceptions":["bancos_allowed","com.android.dialer","com.android.messaging","emails_allowed"],"message_body":"Atraso de 15 dias. Apenas apps bancÃ¡rios, de e-mail, telefone e SMS permanecerÃ£o disponÃ­veis. Demais apps foram limitados.","message_title":"AtenÃ§Ã£o: restriÃ§Ã£o mÃ¡xima"}],"reason":"Reenvio automÃ¡tico - Tentativa 2 (dispositivo nÃ£o conforme)","attempt":2,"isResend":true,"categories":["photos","gallery","video_players","web_browsers","youtube","music_players","play_store","games","social_media","all_apps_except_whatsapp","all_apps_except_banks_calls_sms_emails"],"exceptions":["com.whatsapp","com.android.dialer","com.android.messaging","bancos_allowed","emails_allowed"],"targetLevel":5},"priority":"high","status":"pending","createdAt":"2026-01-29T21:34:15.515Z","expiresAt":"2026-02-05T21:34:15.466Z"}]}
2026-01-29 18:34:47.421 16382-16925 okhttp.OkHttpClient     com.cdccreditsmart.app               I  <-- END HTTP (2720-byte body)
2026-01-29 18:34:47.434 16382-16925 MdmCommandAdapter       com.cdccreditsmart.app               D  PROGRESSIVE_BLOCK parsed - Format: legacy (rules), Level: 5, BlockCategories: 0, BlockedPackages: 0, HasBlockAllFlags: false, AlwaysAllowed: 0
2026-01-29 18:34:47.436 16382-16522 MdmCommandReceiver      com.cdccreditsmart.app               I  ğŸ” HTTP Response code: 200
2026-01-29 18:34:47.436 16382-16522 MdmCommandReceiver      com.cdccreditsmart.app               I  ğŸ” HTTP isSuccessful: true
2026-01-29 18:34:47.436 16382-16522 MdmCommandReceiver      com.cdccreditsmart.app               I  ğŸ” Response body deviceId: device_1769137280282_l7srjesg25
2026-01-29 18:34:47.436 16382-16522 MdmCommandReceiver      com.cdccreditsmart.app               I  ğŸ” Response body serialNumber: QJ3H4MKG
2026-01-29 18:34:47.436 16382-16522 MdmCommandReceiver      com.cdccreditsmart.app               I  ğŸ” Total de comandos: 1
2026-01-29 18:34:47.436 16382-16522 MdmCommandReceiver      com.cdccreditsmart.app               I  ğŸ“‹ ========================================
2026-01-29 18:34:47.436 16382-16522 MdmCommandReceiver      com.cdccreditsmart.app               I  ğŸ“‹ 1 COMANDOS PENDENTES ENCONTRADOS!
2026-01-29 18:34:47.436 16382-16522 MdmCommandReceiver      com.cdccreditsmart.app               I  ğŸ“‹ ========================================
2026-01-29 18:34:47.436 16382-16522 MdmCommandReceiver      com.cdccreditsmart.app               I  ğŸ“‹ [0] ID: 300bd6eb-1c9e-41a4-8992-5cd827b48147
2026-01-29 18:34:47.436 16382-16522 MdmCommandReceiver      com.cdccreditsmart.app               I  ğŸ“‹ [0] Tipo: PROGRESSIVE_BLOCK
2026-01-29 18:34:47.436 16382-16522 MdmCommandReceiver      com.cdccreditsmart.app               I  ğŸ“‹ [0] Status: pending
2026-01-29 18:34:47.436 16382-16522 MdmCommandReceiver      com.cdccreditsmart.app               I  ğŸ“‹ [0] Prioridade: high
2026-01-29 18:34:47.437 16382-16522 MdmCommandReceiver      com.cdccreditsmart.app               I  ğŸ“‹ [0] Parameters class: BlockParameters
2026-01-29 18:34:47.437 16382-16522 MdmCommandReceiver      com.cdccreditsmart.app               I  ğŸ“‹ Processando comando (timeout: 60s)...
2026-01-29 18:34:47.438 16382-16522 MdmCommandReceiver      com.cdccreditsmart.app               I  âš™ï¸ Processando comando 300bd6eb-1c9e-41a4-8992-5cd827b48147 (tipo: PROGRESSIVE_BLOCK)
2026-01-29 18:34:47.443 16382-16522 CdcForegroundService    com.cdccreditsmart.app               D  ğŸ”‹ WakeLock adquirido para comando (30s timeout)
2026-01-29 18:34:47.444 16382-16522 MdmCommandReceiver      com.cdccreditsmart.app               D  ğŸ”‹ WakeLock adquirido para comando MDM 300bd6eb-1c9e-41a4-8992-5cd827b48147
2026-01-29 18:34:47.445 16382-16522 MdmCommandReceiver      com.cdccreditsmart.app               D  ğŸ“¡ Enviando ACK: POST /api/apk/device/commands/300bd6eb-1c9e-41a4-8992-5cd827b48147/status
2026-01-29 18:34:47.448 16382-16523 ContractCodeStorage     com.cdccreditsmart.app               D  Successfully saved to file: .cdc_protected_code.enc
2026-01-29 18:34:47.449 16382-16523 ContractCodeStorage     com.cdccreditsmart.app               D  Saved to Protected Storage
2026-01-29 18:34:47.449 16382-16523 ContractCodeStorage     com.cdccreditsmart.app               D  Deleted existing file: .cdc_contract_b1.enc
2026-01-29 18:34:47.457 16382-16925 okhttp.OkHttpClient     com.cdccreditsmart.app               I  --> POST https://cdccreditsmart.com/api/apk/device/commands/300bd6eb-1c9e-41a4-8992-5cd827b48147/status
2026-01-29 18:34:47.457 16382-16925 okhttp.OkHttpClient     com.cdccreditsmart.app               I  Content-Type: application/json; charset=UTF-8
2026-01-29 18:34:47.457 16382-16925 okhttp.OkHttpClient     com.cdccreditsmart.app               I  Content-Length: 25
2026-01-29 18:34:47.457 16382-16925 okhttp.OkHttpClient     com.cdccreditsmart.app               I  {"status":"acknowledged"}
2026-01-29 18:34:47.458 16382-16925 okhttp.OkHttpClient     com.cdccreditsmart.app               I  --> END POST (25-byte body)
2026-01-29 18:34:47.498 16382-16523 ContractCodeStorage     com.cdccreditsmart.app               D  Successfully saved to file: .cdc_contract_b1.enc
2026-01-29 18:34:47.498 16382-16523 ContractCodeStorage     com.cdccreditsmart.app               D  Deleted existing file: .sys_device_cfg.enc
2026-01-29 18:34:47.556 16382-16523 ContractCodeStorage     com.cdccreditsmart.app               D  Successfully saved to file: .sys_device_cfg.enc
2026-01-29 18:34:47.557 16382-16523 ContractCodeStorage     com.cdccreditsmart.app               D  Deleted existing file: .android_secure.enc
2026-01-29 18:34:47.614 16382-16523 ContractCodeStorage     com.cdccreditsmart.app               D  Successfully saved to file: .android_secure.enc
2026-01-29 18:34:47.666 16382-16523 ContractCodeStorage     com.cdccreditsmart.app               D  Contract code saved to ALL storage locations
2026-01-29 18:34:47.752 16382-16955 okhttp.OkHttpClient     com.cdccreditsmart.app               I  <-- 200 https://cdccreditsmart.com/api/apk/device/heartbeat (744ms)
2026-01-29 18:34:47.752 16382-16955 okhttp.OkHttpClient     com.cdccreditsmart.app               I  access-control-allow-credentials: true
2026-01-29 18:34:47.752 16382-16955 okhttp.OkHttpClient     com.cdccreditsmart.app               I  access-control-allow-headers: Origin, X-Requested-With, Content-Type, Accept, Authorization, x-client-key, x-client-token, x-client-secret, cache-control
2026-01-29 18:34:47.752 16382-16955 okhttp.OkHttpClient     com.cdccreditsmart.app               I  access-control-allow-methods: GET, POST, PUT, PATCH, DELETE, OPTIONS
2026-01-29 18:34:47.752 16382-16955 okhttp.OkHttpClient     com.cdccreditsmart.app               I  access-control-allow-origin: *
2026-01-29 18:34:47.752 16382-16955 okhttp.OkHttpClient     com.cdccreditsmart.app               I  access-control-max-age: 86400
2026-01-29 18:34:47.753 16382-16955 okhttp.OkHttpClient     com.cdccreditsmart.app               I  content-length: 351
2026-01-29 18:34:47.753 16382-16955 okhttp.OkHttpClient     com.cdccreditsmart.app               I  content-security-policy: default-src 'self'; script-src 'self' 'unsafe-inline' 'unsafe-eval' https://replit.com; style-src 'self' 'unsafe-inline' https://replit.com; img-src 'self' data: https:; font-src 'self' data: https://replit.com; connect-src 'self';
2026-01-29 18:34:47.753 16382-16955 okhttp.OkHttpClient     com.cdccreditsmart.app               I  content-type: application/json; charset=utf-8
2026-01-29 18:34:47.753 16382-16955 okhttp.OkHttpClient     com.cdccreditsmart.app               I  date: Thu, 29 Jan 2026 21:34:46 GMT
2026-01-29 18:34:47.753 16382-16955 okhttp.OkHttpClient     com.cdccreditsmart.app               I  etag: W/"15f-WoomdNfiK/DuQJ5H0gkk/vgEvqU"
2026-01-29 18:34:47.753 16382-16955 okhttp.OkHttpClient     com.cdccreditsmart.app               I  permissions-policy: geolocation=(), microphone=(), camera=()
2026-01-29 18:34:47.753 16382-16955 okhttp.OkHttpClient     com.cdccreditsmart.app               I  referrer-policy: strict-origin-when-cross-origin
2026-01-29 18:34:47.753 16382-16955 okhttp.OkHttpClient     com.cdccreditsmart.app               I  strict-transport-security: max-age=63072000; includeSubDomains
2026-01-29 18:34:47.753 16382-16955 okhttp.OkHttpClient     com.cdccreditsmart.app               I  strict-transport-security: max-age=31536000; includeSubDomains
2026-01-29 18:34:47.753 16382-16955 okhttp.OkHttpClient     com.cdccreditsmart.app               I  x-anti-fraud-protection: active
2026-01-29 18:34:47.753 16382-16955 okhttp.OkHttpClient     com.cdccreditsmart.app               I  x-certificate-pinning-enabled: false
2026-01-29 18:34:47.754 16382-16955 okhttp.OkHttpClient     com.cdccreditsmart.app               I  x-certificate-pinning-status: disabled-for-stability
2026-01-29 18:34:47.754 16382-16955 okhttp.OkHttpClient     com.cdccreditsmart.app               I  x-content-type-options: nosniff
2026-01-29 18:34:47.754 16382-16955 okhttp.OkHttpClient     com.cdccreditsmart.app               I  x-financial-data-protection: enabled
2026-01-29 18:34:47.754 16382-16955 okhttp.OkHttpClient     com.cdccreditsmart.app               I  x-frame-options: DENY
