2025-11-21 16:39:07.962 32585-32589 artd                    pid-32585                            I  OatFileAssistant test for existing oat file /data/user_de/0/com.google.android.gms/app_chimera/m/00000001/oat/arm64/CronetDynamite.vdex: File /data/user_de/0/com.google.android.gms/app_chimera/m/00000001/oat/arm64/CronetDynamite.vdex does not exist.
2025-11-21 16:39:07.962 32585-32589 artd                    pid-32585                            I  GetBestInfo checking dm (/data/user_de/0/com.google.android.gms/app_chimera/m/00000001/CronetDynamite.dm)
2025-11-21 16:39:07.962 32585-32589 ziparchive              pid-32585                            W  Unable to open '/data/user_de/0/com.google.android.gms/app_chimera/m/00000001/CronetDynamite.dm': No such file or directory
2025-11-21 16:39:07.962 32585-32589 artd                    pid-32585                            I  OatFileAssistant test for existing oat file /data/user_de/0/com.google.android.gms/app_chimera/m/00000001/CronetDynamite.dm: I/O error
2025-11-21 16:39:07.962 32585-32589 artd                    pid-32585                            I  GetBestInfo checking dm (/data/user_de/0/com.google.android.gms/app_chimera/m/00000001/CronetDynamite.dm)
2025-11-21 16:39:07.962 32585-32589 ziparchive              pid-32585                            W  Unable to open '/data/user_de/0/com.google.android.gms/app_chimera/m/00000001/CronetDynamite.dm': No such file or directory
2025-11-21 16:39:07.962 32585-32589 artd                    pid-32585                            I  OatFileAssistant test for existing oat file /data/user_de/0/com.google.android.gms/app_chimera/m/00000001/CronetDynamite.dm: I/O error
2025-11-21 16:39:07.962 32585-32589 artd                    pid-32585                            I  GetBestInfo no usable artifacts
2025-11-21 16:39:07.964 32585-32589 artd                    pid-32585                            I  Dex parent of /data/user_de/0/com.google.android.gms/app_chimera/m/00000002/DynamiteLoader.apk is not writable: No such file or directory
2025-11-21 16:39:07.964 32585-32589 artd                    pid-32585                            I  GetBestInfo checking odex in dalvik-cache (/data/dalvik-cache/arm64/data@user_de@0@com.google.android.gms@app_chimera@m@00000002@DynamiteLoader.apk@classes.dex)
2025-11-21 16:39:07.964 32585-32589 artd                    pid-32585                            I  Loading /data/dalvik-cache/arm64/data@user_de@0@com.google.android.gms@app_chimera@m@00000002@DynamiteLoader.apk@classes.dex with executable: 0
2025-11-21 16:39:07.964 32585-32589 artd                    pid-32585                            I  OatFileAssistant test for existing oat file /data/dalvik-cache/arm64/data@user_de@0@com.google.android.gms@app_chimera@m@00000002@DynamiteLoader.apk@classes.dex: File /data/dalvik-cache/arm64/data@user_de@0@com.google.android.gms@app_chimera@m@00000002@DynamiteLoader.apk@classes.vdex does not exist.
2025-11-21 16:39:07.964 32585-32589 artd                    pid-32585                            I  GetBestInfo checking odex next to the dex file (/data/user_de/0/com.google.android.gms/app_chimera/m/00000002/oat/arm64/DynamiteLoader.odex)
2025-11-21 16:39:07.964 32585-32589 artd                    pid-32585                            I  Loading /data/user_de/0/com.google.android.gms/app_chimera/m/00000002/oat/arm64/DynamiteLoader.odex with executable: 0
2025-11-21 16:39:07.964 32585-32589 artd                    pid-32585                            I  OatFileAssistant test for existing oat file /data/user_de/0/com.google.android.gms/app_chimera/m/00000002/oat/arm64/DynamiteLoader.odex: File /data/user_de/0/com.google.android.gms/app_chimera/m/00000002/oat/arm64/DynamiteLoader.vdex does not exist.
2025-11-21 16:39:07.964 32585-32589 artd                    pid-32585                            I  GetBestInfo checking vdex in dalvik-cache (/data/dalvik-cache/arm64/data@user_de@0@com.google.android.gms@app_chimera@m@00000002@DynamiteLoader.apk@classes.vdex)
2025-11-21 16:39:07.964 32585-32589 artd                    pid-32585                            I  unable to open vdex file /data/dalvik-cache/arm64/data@user_de@0@com.google.android.gms@app_chimera@m@00000002@DynamiteLoader.apk@classes.vdex: File /data/dalvik-cache/arm64/data@user_de@0@com.google.android.gms@app_chimera@m@00000002@DynamiteLoader.apk@classes.vdex does not exist.
2025-11-21 16:39:07.964 32585-32589 artd                    pid-32585                            I  OatFileAssistant test for existing oat file /data/dalvik-cache/arm64/data@user_de@0@com.google.android.gms@app_chimera@m@00000002@DynamiteLoader.apk@classes.vdex: File /data/dalvik-cache/arm64/data@user_de@0@com.google.android.gms@app_chimera@m@00000002@DynamiteLoader.apk@classes.vdex does not exist.
2025-11-21 16:39:07.964 32585-32589 artd                    pid-32585                            I  GetBestInfo checking vdex next to the dex file (/data/user_de/0/com.google.android.gms/app_chimera/m/00000002/oat/arm64/DynamiteLoader.vdex)
2025-11-21 16:39:07.964 32585-32589 artd                    pid-32585                            I  unable to open vdex file /data/user_de/0/com.google.android.gms/app_chimera/m/00000002/oat/arm64/DynamiteLoader.vdex: File /data/user_de/0/com.google.android.gms/app_chimera/m/00000002/oat/arm64/DynamiteLoader.vdex does not exist.
2025-11-21 16:39:07.964 32585-32589 artd                    pid-32585                            I  OatFileAssistant test for existing oat file /data/user_de/0/com.google.android.gms/app_chimera/m/00000002/oat/arm64/DynamiteLoader.vdex: File /data/user_de/0/com.google.android.gms/app_chimera/m/00000002/oat/arm64/DynamiteLoader.vdex does not exist.
2025-11-21 16:39:07.964 32585-32589 artd                    pid-32585                            I  GetBestInfo checking dm (/data/user_de/0/com.google.android.gms/app_chimera/m/00000002/DynamiteLoader.dm)
2025-11-21 16:39:07.964 32585-32589 ziparchive              pid-32585                            W  Unable to open '/data/user_de/0/com.google.android.gms/app_chimera/m/00000002/DynamiteLoader.dm': No such file or directory
2025-11-21 16:39:07.964 32585-32589 artd                    pid-32585                            I  OatFileAssistant test for existing oat file /data/user_de/0/com.google.android.gms/app_chimera/m/00000002/DynamiteLoader.dm: I/O error
2025-11-21 16:39:07.964 32585-32589 artd                    pid-32585                            I  GetBestInfo checking dm (/data/user_de/0/com.google.android.gms/app_chimera/m/00000002/DynamiteLoader.dm)
2025-11-21 16:39:07.964 32585-32589 ziparchive              pid-32585                            W  Unable to open '/data/user_de/0/com.google.android.gms/app_chimera/m/00000002/DynamiteLoader.dm': No such file or directory
2025-11-21 16:39:07.964 32585-32589 artd                    pid-32585                            I  OatFileAssistant test for existing oat file /data/user_de/0/com.google.android.gms/app_chimera/m/00000002/DynamiteLoader.dm: I/O error
2025-11-21 16:39:07.964 32585-32589 artd                    pid-32585                            I  GetBestInfo no usable artifacts
2025-11-21 16:39:07.967 32585-32589 artd                    pid-32585                            I  Dex parent of /data/user_de/0/com.google.android.gms/app_chimera/m/00000010/dl-VisionOcr.optional_254534100000.apk is not writable: Permission denied
2025-11-21 16:39:07.967 32585-32589 artd                    pid-32585                            I  GetBestInfo checking odex in dalvik-cache (/data/dalvik-cache/arm64/data@user_de@0@com.google.android.gms@app_chimera@m@00000010@dl-VisionOcr.optional_254534100000.apk@classes.dex)
2025-11-21 16:39:07.967 32585-32589 artd                    pid-32585                            I  Loading /data/dalvik-cache/arm64/data@user_de@0@com.google.android.gms@app_chimera@m@00000010@dl-VisionOcr.optional_254534100000.apk@classes.dex with executable: 0
2025-11-21 16:39:07.967 32585-32589 artd                    pid-32585                            I  OatFileAssistant test for existing oat file /data/dalvik-cache/arm64/data@user_de@0@com.google.android.gms@app_chimera@m@00000010@dl-VisionOcr.optional_254534100000.apk@classes.dex: File /data/dalvik-cache/arm64/data@user_de@0@com.google.android.gms@app_chimera@m@00000010@dl-VisionOcr.optional_254534100000.apk@classes.vdex does not exist.
2025-11-21 16:39:07.967 32585-32589 artd                    pid-32585                            I  GetBestInfo checking odex next to the dex file (/data/user_de/0/com.google.android.gms/app_chimera/m/00000010/oat/arm64/dl-VisionOcr.optional_254534100000.odex)
2025-11-21 16:39:07.967 32585-32589 artd                    pid-32585                            I  Loading /data/user_de/0/com.google.android.gms/app_chimera/m/00000010/oat/arm64/dl-VisionOcr.optional_254534100000.odex with executable: 0
2025-11-21 16:39:07.970 32585-32589 artd                    pid-32585                            I  Successfully loaded /data/user_de/0/com.google.android.gms/app_chimera/m/00000010/oat/arm64/dl-VisionOcr.optional_254534100000.odex with executable: 0
2025-11-21 16:39:07.970 32585-32589 artd                    pid-32585                            I  /data/user_de/0/com.google.android.gms/app_chimera/m/00000010/oat/arm64/dl-VisionOcr.optional_254534100000.odex is kOatUpToDate with filter verify
2025-11-21 16:39:07.973  1022-1022  BufferQueueProducer     pid-1022                             I  [StatusBar#85](this:0xb40000779bde4498,id:-1,api:0,p:-1,c:1022) queueBuffer: fps=3.20 dur=1561.92 max=1110.52 min=8.36
2025-11-21 16:39:07.973 32585-32589 artd                    pid-32585                            I  Dex parent of /data/user/0/com.google.android.gms/app_dg_cache/0A2EB415626664D90269011A1B536A8FCFC77BCD/the.apk is not writable: Permission denied
2025-11-21 16:39:07.973 32585-32589 artd                    pid-32585                            I  GetBestInfo checking odex in dalvik-cache (/data/dalvik-cache/arm64/data@user@0@com.google.android.gms@app_dg_cache@0A2EB415626664D90269011A1B536A8FCFC77BCD@the.apk@classes.dex)
2025-11-21 16:39:07.973 32585-32589 artd                    pid-32585                            I  Loading /data/dalvik-cache/arm64/data@user@0@com.google.android.gms@app_dg_cache@0A2EB415626664D90269011A1B536A8FCFC77BCD@the.apk@classes.dex with executable: 0
2025-11-21 16:39:07.973 32585-32589 artd                    pid-32585                            I  OatFileAssistant test for existing oat file /data/dalvik-cache/arm64/data@user@0@com.google.android.gms@app_dg_cache@0A2EB415626664D90269011A1B536A8FCFC77BCD@the.apk@classes.dex: File /data/dalvik-cache/arm64/data@user@0@com.google.android.gms@app_dg_cache@0A2EB415626664D90269011A1B536A8FCFC77BCD@the.apk@classes.vdex does not exist.
2025-11-21 16:39:07.973 32585-32589 artd                    pid-32585                            I  GetBestInfo checking odex next to the dex file (/data/user/0/com.google.android.gms/app_dg_cache/0A2EB415626664D90269011A1B536A8FCFC77BCD/oat/arm64/the.odex)
2025-11-21 16:39:07.973 32585-32589 artd                    pid-32585                            I  Loading /data/user/0/com.google.android.gms/app_dg_cache/0A2EB415626664D90269011A1B536A8FCFC77BCD/oat/arm64/the.odex with executable: 0
2025-11-21 16:39:07.974 32585-32589 artd                    pid-32585                            I  Successfully loaded /data/user/0/com.google.android.gms/app_dg_cache/0A2EB415626664D90269011A1B536A8FCFC77BCD/oat/arm64/the.odex with executable: 0
2025-11-21 16:39:07.975 32585-32589 artd                    pid-32585                            W  ClassLoaderContext type mismatch. expected=DLC, found=PCL (PCL[];DLC[/data/user_de/0/com.google.android.gms/app_chimera/m/00000009/dl-SidecarAps.integ_251633805100400.apk*36308036];PCL[/product/priv-app/GmsCore/GmsCore.apk*1289739567]{PCL[/system/framework/org.apache.http.legacy.jar*437079508]#PCL[/system/framework/com.android.media.remotedisplay.jar*2042759013]#PCL[/system/framework/com.android.location.provider.jar*3414091812]#PCL[/system_ext/framework/androidx.window.extensions.jar*982563657]#PCL[/system_ext/framework/androidx.window.sidecar.jar*391518838]} | PCL[];PCL[/data/app/~~zqIlRzBhSYy0J-HociVMdw==/com.google.android.gms-2NjaMEomGx2aY1WqmykIAw==/base.apk*1653684527]{PCL[/system/framework/org.apache.http.legacy.jar*437079508]#PCL[/system/framework/com.android.media.remotedisplay.jar*2042759013]#PCL[/system/framework/com.android.location.provider.jar*3414091812]#PCL[/system_ext/framework/androidx.window.extensions.jar*982563657]#PCL[/system_ext/framework/androidx.window.sidecar.jar*391518838]})
2025-11-21 16:39:07.975 32585-32589 artd                    pid-32585                            I  ClassLoaderContext check failed. Context was PCL[];DLC[/data/user_de/0/com.google.android.gms/app_chimera/m/00000009/dl-SidecarAps.integ_251633805100400.apk*36308036];PCL[/product/priv-app/GmsCore/GmsCore.apk*1289739567]{PCL[/system/framework/org.apache.http.legacy.jar*437079508]#PCL[/system/framework/com.android.media.remotedisplay.jar*2042759013]#PCL[/system/framework/com.android.location.provider.jar*3414091812]#PCL[/system_ext/framework/androidx.window.extensions.jar*982563657]#PCL[/system_ext/framework/androidx.window.sidecar.jar*391518838]}. The expected context is PCL[];PCL[/data/app/~~zqIlRzBhSYy0J-HociVMdw==/com.google.android.gms-2NjaMEomGx2aY1WqmykIAw==/base.apk*1653684527]{PCL[/system/framework/org.apache.http.legacy.jar*437079508]#PCL[/system/framework/com.android.media.remotedisplay.jar*2042759013]#PCL[/system/framework/com.android.location.provider.jar*3414091812]#PCL[/system_ext/framework/androidx.window.extensions.jar*982563657]#PCL[/system_ext/framework/androidx.window.sidecar.jar*391518838]}
2025-11-21 16:39:07.975 32585-32589 artd                    pid-32585                            I  /data/user/0/com.google.android.gms/app_dg_cache/0A2EB415626664D90269011A1B536A8FCFC77BCD/oat/arm64/the.odex is kOaContextOutOfDate with filter verify
2025-11-21 16:39:07.975 32585-32589 artd                    pid-32585                            I  GetBestInfo checking vdex in dalvik-cache (/data/dalvik-cache/arm64/data@user@0@com.google.android.gms@app_dg_cache@0A2EB415626664D90269011A1B536A8FCFC77BCD@the.apk@classes.vdex)
2025-11-21 16:39:07.975 32585-32589 artd                    pid-32585                            I  unable to open vdex file /data/dalvik-cache/arm64/data@user@0@com.google.android.gms@app_dg_cache@0A2EB415626664D90269011A1B536A8FCFC77BCD@the.apk@classes.vdex: File /data/dalvik-cache/arm64/data@user@0@com.google.android.gms@app_dg_cache@0A2EB415626664D90269011A1B536A8FCFC77BCD@the.apk@classes.vdex does not exist.
2025-11-21 16:39:07.975 32585-32589 artd                    pid-32585                            I  OatFileAssistant test for existing oat file /data/dalvik-cache/arm64/data@user@0@com.google.android.gms@app_dg_cache@0A2EB415626664D90269011A1B536A8FCFC77BCD@the.apk@classes.vdex: File /data/dalvik-cache/arm64/data@user@0@com.google.android.gms@app_dg_cache@0A2EB415626664D90269011A1B536A8FCFC77BCD@the.apk@classes.vdex does not exist.
2025-11-21 16:39:07.975 32585-32589 artd                    pid-32585                            I  GetBestInfo checking vdex next to the dex file (/data/user/0/com.google.android.gms/app_dg_cache/0A2EB415626664D90269011A1B536A8FCFC77BCD/oat/arm64/the.vdex)
2025-11-21 16:39:07.975 32585-32589 artd                    pid-32585                            I  Successfully loaded /data/user/0/com.google.android.gms/app_dg_cache/0A2EB415626664D90269011A1B536A8FCFC77BCD/oat/arm64/the.vdex with executable: 0
2025-11-21 16:39:07.975 32585-32589 artd                    pid-32585                            I  Image checksum test skipped for vdex file /data/user/0/com.google.android.gms/app_dg_cache/0A2EB415626664D90269011A1B536A8FCFC77BCD/oat/arm64/the.vdex
2025-11-21 16:39:07.975 32585-32589 artd                    pid-32585                            I  /data/user/0/com.google.android.gms/app_dg_cache/0A2EB415626664D90269011A1B536A8FCFC77BCD/oat/arm64/the.vdex is kOatUpToDate with filter verify
2025-11-21 16:39:07.976 32585-32589 artd                    pid-32585                            I  Dex parent of /data/user_de/0/com.google.android.gms/app_chimera/m/00000005/GoogleCertificates.apk is not writable: No such file or directory
2025-11-21 16:39:07.976 32585-32589 artd                    pid-32585                            I  GetBestInfo checking odex in dalvik-cache (/data/dalvik-cache/arm64/data@user_de@0@com.google.android.gms@app_chimera@m@00000005@GoogleCertificates.apk@classes.dex)
2025-11-21 16:39:07.976 32585-32589 artd                    pid-32585                            I  Loading /data/dalvik-cache/arm64/data@user_de@0@com.google.android.gms@app_chimera@m@00000005@GoogleCertificates.apk@classes.dex with executable: 0
2025-11-21 16:39:07.976 32585-32589 artd                    pid-32585                            I  OatFileAssistant test for existing oat file /data/dalvik-cache/arm64/data@user_de@0@com.google.android.gms@app_chimera@m@00000005@GoogleCertificates.apk@classes.dex: File /data/dalvik-cache/arm64/data@user_de@0@com.google.android.gms@app_chimera@m@00000005@GoogleCertificates.apk@classes.vdex does not exist.
2025-11-21 16:39:07.976 32585-32589 artd                    pid-32585                            I  GetBestInfo checking odex next to the dex file (/data/user_de/0/com.google.android.gms/app_chimera/m/00000005/oat/arm64/GoogleCertificates.odex)
2025-11-21 16:39:07.976 32585-32589 artd                    pid-32585                            I  Loading /data/user_de/0/com.google.android.gms/app_chimera/m/00000005/oat/arm64/GoogleCertificates.odex with executable: 0
2025-11-21 16:39:07.976 32585-32589 artd                    pid-32585                            I  OatFileAssistant test for existing oat file /data/user_de/0/com.google.android.gms/app_chimera/m/00000005/oat/arm64/GoogleCertificates.odex: File /data/user_de/0/com.google.android.gms/app_chimera/m/00000005/oat/arm64/GoogleCertificates.vdex does not exist.
2025-11-21 16:39:07.976 32585-32589 artd                    pid-32585                            I  GetBestInfo checking vdex in dalvik-cache (/data/dalvik-cache/arm64/data@user_de@0@com.google.android.gms@app_chimera@m@00000005@GoogleCertificates.apk@classes.vdex)
2025-11-21 16:39:07.976 32585-32589 artd                    pid-32585                            I  unable to open vdex file /data/dalvik-cache/arm64/data@user_de@0@com.google.android.gms@app_chimera@m@00000005@GoogleCertificates.apk@classes.vdex: File /data/dalvik-cache/arm64/data@user_de@0@com.google.android.gms@app_chimera@m@00000005@GoogleCertificates.apk@classes.vdex does not exist.
2025-11-21 16:39:07.976 32585-32589 artd                    pid-32585                            I  OatFileAssistant test for existing oat file /data/dalvik-cache/arm64/data@user_de@0@com.google.android.gms@app_chimera@m@00000005@GoogleCertificates.apk@classes.vdex: File /data/dalvik-cache/arm64/data@user_de@0@com.google.android.gms@app_chimera@m@00000005@GoogleCertificates.apk@classes.vdex does not exist.
2025-11-21 16:39:07.976 32585-32589 artd                    pid-32585                            I  GetBestInfo checking vdex next to the dex file (/data/user_de/0/com.google.android.gms/app_chimera/m/00000005/oat/arm64/GoogleCertificates.vdex)
2025-11-21 16:39:07.976 32585-32589 artd                    pid-32585                            I  unable to open vdex file /data/user_de/0/com.google.android.gms/app_chimera/m/00000005/oat/arm64/GoogleCertificates.vdex: File /data/user_de/0/com.google.android.gms/app_chimera/m/00000005/oat/arm64/GoogleCertificates.vdex does not exist.
2025-11-21 16:39:07.976 32585-32589 artd                    pid-32585                            I  OatFileAssistant test for existing oat file /data/user_de/0/com.google.android.gms/app_chimera/m/00000005/oat/arm64/GoogleCertificates.vdex: File /data/user_de/0/com.google.android.gms/app_chimera/m/00000005/oat/arm64/GoogleCertificates.vdex does not exist.
2025-11-21 16:39:07.976 32585-32589 artd                    pid-32585                            I  GetBestInfo checking dm (/data/user_de/0/com.google.android.gms/app_chimera/m/00000005/GoogleCertificates.dm)
2025-11-21 16:39:07.976 32585-32589 ziparchive              pid-32585                            W  Unable to open '/data/user_de/0/com.google.android.gms/app_chimera/m/00000005/GoogleCertificates.dm': No such file or directory
2025-11-21 16:39:07.976 32585-32589 artd                    pid-32585                            I  OatFileAssistant test for existing oat file /data/user_de/0/com.google.android.gms/app_chimera/m/00000005/GoogleCertificates.dm: I/O error
2025-11-21 16:39:07.976 32585-32589 artd                    pid-32585                            I  GetBestInfo checking dm (/data/user_de/0/com.google.android.gms/app_chimera/m/00000005/GoogleCertificates.dm)
2025-11-21 16:39:07.976 32585-32589 ziparchive              pid-32585                            W  Unable to open '/data/user_de/0/com.google.android.gms/app_chimera/m/00000005/GoogleCertificates.dm': No such file or directory
2025-11-21 16:39:07.976 32585-32589 artd                    pid-32585                            I  OatFileAssistant test for existing oat file /data/user_de/0/com.google.android.gms/app_chimera/m/00000005/GoogleCertificates.dm: I/O error
2025-11-21 16:39:07.976 32585-32589 artd                    pid-32585                            I  GetBestInfo no usable artifacts
2025-11-21 16:39:07.985  1558-1672  ApplicationHelper       pid-1558                             E  Fail to get PackageManager
2025-11-21 16:39:07.986  1558-1672  ApplicationHelper       pid-1558                             E  Fail to get PackageManager
2025-11-21 16:39:07.988 30754-31178 ManagedChannelImpl      pid-30754                            W  [{0}] Failed to resolve name. status={1}
2025-11-21 16:39:07.990  1558-1672  ApplicationHelper       pid-1558                             E  Fail to get PackageManager
2025-11-21 16:39:07.994 32585-32589 artd                    pid-32585                            I  Dex parent of /data/user_de/0/com.google.android.gms/app_chimera/m/0000000a/dl-VisionOcr.optional_251036100000.apk is not writable: Permission denied
2025-11-21 16:39:07.995 32585-32589 artd                    pid-32585                            I  GetBestInfo checking odex in dalvik-cache (/data/dalvik-cache/arm64/data@user_de@0@com.google.android.gms@app_chimera@m@0000000a@dl-VisionOcr.optional_251036100000.apk@classes.dex)
2025-11-21 16:39:07.995 32585-32589 artd                    pid-32585                            I  Loading /data/dalvik-cache/arm64/data@user_de@0@com.google.android.gms@app_chimera@m@0000000a@dl-VisionOcr.optional_251036100000.apk@classes.dex with executable: 0
2025-11-21 16:39:07.995 32585-32589 artd                    pid-32585                            I  OatFileAssistant test for existing oat file /data/dalvik-cache/arm64/data@user_de@0@com.google.android.gms@app_chimera@m@0000000a@dl-VisionOcr.optional_251036100000.apk@classes.dex: File /data/dalvik-cache/arm64/data@user_de@0@com.google.android.gms@app_chimera@m@0000000a@dl-VisionOcr.optional_251036100000.apk@classes.vdex does not exist.
2025-11-21 16:39:07.995 32585-32589 artd                    pid-32585                            I  GetBestInfo checking odex next to the dex file (/data/user_de/0/com.google.android.gms/app_chimera/m/0000000a/oat/arm64/dl-VisionOcr.optional_251036100000.odex)
2025-11-21 16:39:07.995 32585-32589 artd                    pid-32585                            I  Loading /data/user_de/0/com.google.android.gms/app_chimera/m/0000000a/oat/arm64/dl-VisionOcr.optional_251036100000.odex with executable: 0
2025-11-21 16:39:07.999  1558-1844  tranpm/BehaviorManager  pid-1558                             D  onMemPressureChange : level 2
2025-11-21 16:39:08.001 32585-32589 artd                    pid-32585                            I  Successfully loaded /data/user_de/0/com.google.android.gms/app_chimera/m/0000000a/oat/arm64/dl-VisionOcr.optional_251036100000.odex with executable: 0
2025-11-21 16:39:08.001 32585-32589 artd                    pid-32585                            I  /data/user_de/0/com.google.android.gms/app_chimera/m/0000000a/oat/arm64/dl-VisionOcr.optional_251036100000.odex is kOatUpToDate with filter verify
2025-11-21 16:39:08.003 29183-29183 BoundBrokerSvc          pid-29183                            D  onUnbind: Intent { act=com.google.android.gms.auth.proximity.devicesyncservice.START dat=chimera-action:/... cmp=com.google.android.gms/.chimera.PersistentBoundBrokerService }
2025-11-21 16:39:08.005 32585-32589 artd                    pid-32585                            I  Dex parent of /data/user/0/com.google.android.gms/app_dg_cache/F5338DE2BC19B72E4BF9F7CAC38ECD5ACE5D1DF2/the.apk is not writable: Permission denied
2025-11-21 16:39:08.005 32585-32589 artd                    pid-32585                            I  GetBestInfo checking odex in dalvik-cache (/data/dalvik-cache/arm64/data@user@0@com.google.android.gms@app_dg_cache@F5338DE2BC19B72E4BF9F7CAC38ECD5ACE5D1DF2@the.apk@classes.dex)
2025-11-21 16:39:08.005 32585-32589 artd                    pid-32585                            I  Loading /data/dalvik-cache/arm64/data@user@0@com.google.android.gms@app_dg_cache@F5338DE2BC19B72E4BF9F7CAC38ECD5ACE5D1DF2@the.apk@classes.dex with executable: 0
2025-11-21 16:39:08.005 32585-32589 artd                    pid-32585                            I  OatFileAssistant test for existing oat file /data/dalvik-cache/arm64/data@user@0@com.google.android.gms@app_dg_cache@F5338DE2BC19B72E4BF9F7CAC38ECD5ACE5D1DF2@the.apk@classes.dex: File /data/dalvik-cache/arm64/data@user@0@com.google.android.gms@app_dg_cache@F5338DE2BC19B72E4BF9F7CAC38ECD5ACE5D1DF2@the.apk@classes.vdex does not exist.
2025-11-21 16:39:08.005 32585-32589 artd                    pid-32585                            I  GetBestInfo checking odex next to the dex file (/data/user/0/com.google.android.gms/app_dg_cache/F5338DE2BC19B72E4BF9F7CAC38ECD5ACE5D1DF2/oat/arm64/the.odex)
2025-11-21 16:39:08.005 32585-32589 artd                    pid-32585                            I  Loading /data/user/0/com.google.android.gms/app_dg_cache/F5338DE2BC19B72E4BF9F7CAC38ECD5ACE5D1DF2/oat/arm64/the.odex with executable: 0
2025-11-21 16:39:08.006 32585-32589 artd                    pid-32585                            I  Successfully loaded /data/user/0/com.google.android.gms/app_dg_cache/F5338DE2BC19B72E4BF9F7CAC38ECD5ACE5D1DF2/oat/arm64/the.odex with executable: 0
2025-11-21 16:39:08.007 32585-32589 artd                    pid-32585                            W  ClassLoaderContext classpath element mismatch. expected=/product/priv-app/GmsCore/GmsCore.apk, found=/data/app/~~zqIlRzBhSYy0J-HociVMdw==/com.google.android.gms-2NjaMEomGx2aY1WqmykIAw==/base.apk (PCL[];PCL[/product/priv-app/GmsCore/GmsCore.apk*1289739567]{PCL[/system/framework/org.apache.http.legacy.jar*437079508]#PCL[/system/framework/com.android.media.remotedisplay.jar*2042759013]#PCL[/system/framework/com.android.location.provider.jar*3414091812]#PCL[/system_ext/framework/androidx.window.extensions.jar*982563657]#PCL[/system_ext/framework/androidx.window.sidecar.jar*391518838]} | PCL[];PCL[/data/app/~~zqIlRzBhSYy0J-HociVMdw==/com.google.android.gms-2NjaMEomGx2aY1WqmykIAw==/base.apk*1653684527]{PCL[/system/framework/org.apache.http.legacy.jar*437079508]#PCL[/system/framework/com.android.media.remotedisplay.jar*2042759013]#PCL[/system/framework/com.android.location.provider.jar*3414091812]#PCL[/system_ext/framework/androidx.window.extensions.jar*982563657]#PCL[/system_ext/framework/androidx.window.sidecar.jar*391518838]})
2025-11-21 16:39:08.007 32585-32589 artd                    pid-32585                            I  ClassLoaderContext check failed. Context was PCL[];PCL[/product/priv-app/GmsCore/GmsCore.apk*1289739567]{PCL[/system/framework/org.apache.http.legacy.jar*437079508]#PCL[/system/framework/com.android.media.remotedisplay.jar*2042759013]#PCL[/system/framework/com.android.location.provider.jar*3414091812]#PCL[/system_ext/framework/androidx.window.extensions.jar*982563657]#PCL[/system_ext/framework/androidx.window.sidecar.jar*391518838]}. The expected context is PCL[];PCL[/data/app/~~zqIlRzBhSYy0J-HociVMdw==/com.google.android.gms-2NjaMEomGx2aY1WqmykIAw==/base.apk*1653684527]{PCL[/system/framework/org.apache.http.legacy.jar*437079508]#PCL[/system/framework/com.android.media.remotedisplay.jar*2042759013]#PCL[/system/framework/com.android.location.provider.jar*3414091812]#PCL[/system_ext/framework/androidx.window.extensions.jar*982563657]#PCL[/system_ext/framework/androidx.window.sidecar.jar*391518838]}
2025-11-21 16:39:08.007 32585-32589 artd                    pid-32585                            I  /data/user/0/com.google.android.gms/app_dg_cache/F5338DE2BC19B72E4BF9F7CAC38ECD5ACE5D1DF2/oat/arm64/the.odex is kOaContextOutOfDate with filter verify
2025-11-21 16:39:08.007 32585-32589 artd                    pid-32585                            I  GetBestInfo checking vdex in dalvik-cache (/data/dalvik-cache/arm64/data@user@0@com.google.android.gms@app_dg_cache@F5338DE2BC19B72E4BF9F7CAC38ECD5ACE5D1DF2@the.apk@classes.vdex)
2025-11-21 16:39:08.007 32585-32589 artd                    pid-32585                            I  unable to open vdex file /data/dalvik-cache/arm64/data@user@0@com.google.android.gms@app_dg_cache@F5338DE2BC19B72E4BF9F7CAC38ECD5ACE5D1DF2@the.apk@classes.vdex: File /data/dalvik-cache/arm64/data@user@0@com.google.android.gms@app_dg_cache@F5338DE2BC19B72E4BF9F7CAC38ECD5ACE5D1DF2@the.apk@classes.vdex does not exist.
2025-11-21 16:39:08.007 32585-32589 artd                    pid-32585                            I  OatFileAssistant test for existing oat file /data/dalvik-cache/arm64/data@user@0@com.google.android.gms@app_dg_cache@F5338DE2BC19B72E4BF9F7CAC38ECD5ACE5D1DF2@the.apk@classes.vdex: File /data/dalvik-cache/arm64/data@user@0@com.google.android.gms@app_dg_cache@F5338DE2BC19B72E4BF9F7CAC38ECD5ACE5D1DF2@the.apk@classes.vdex does not exist.
2025-11-21 16:39:08.007 32585-32589 artd                    pid-32585                            I  GetBestInfo checking vdex next to the dex file (/data/user/0/com.google.android.gms/app_dg_cache/F5338DE2BC19B72E4BF9F7CAC38ECD5ACE5D1DF2/oat/arm64/the.vdex)
2025-11-21 16:39:08.007 32585-32589 artd                    pid-32585                            I  Successfully loaded /data/user/0/com.google.android.gms/app_dg_cache/F5338DE2BC19B72E4BF9F7CAC38ECD5ACE5D1DF2/oat/arm64/the.vdex with executable: 0
2025-11-21 16:39:08.007 32585-32589 artd                    pid-32585                            I  Image checksum test skipped for vdex file /data/user/0/com.google.android.gms/app_dg_cache/F5338DE2BC19B72E4BF9F7CAC38ECD5ACE5D1DF2/oat/arm64/the.vdex
2025-11-21 16:39:08.007 32585-32589 artd                    pid-32585                            I  /data/user/0/com.google.android.gms/app_dg_cache/F5338DE2BC19B72E4BF9F7CAC38ECD5ACE5D1DF2/oat/arm64/the.vdex is kOatUpToDate with filter verify
2025-11-21 16:39:08.010 32585-32589 artd                    pid-32585                            I  Dex parent of /data/user_de/10/com.google.android.gms/app_chimera/m/00000001/dl-Appsearch.optional_254534100400.apk is not writable: Permission denied
2025-11-21 16:39:08.010 32585-32589 artd                    pid-32585                            I  GetBestInfo checking odex in dalvik-cache (/data/dalvik-cache/arm64/data@user_de@10@com.google.android.gms@app_chimera@m@00000001@dl-Appsearch.optional_254534100400.apk@classes.dex)
2025-11-21 16:39:08.010 32585-32589 artd                    pid-32585                            I  Loading /data/dalvik-cache/arm64/data@user_de@10@com.google.android.gms@app_chimera@m@00000001@dl-Appsearch.optional_254534100400.apk@classes.dex with executable: 0
2025-11-21 16:39:08.010 32585-32589 artd                    pid-32585                            I  OatFileAssistant test for existing oat file /data/dalvik-cache/arm64/data@user_de@10@com.google.android.gms@app_chimera@m@00000001@dl-Appsearch.optional_254534100400.apk@classes.dex: File /data/dalvik-cache/arm64/data@user_de@10@com.google.android.gms@app_chimera@m@00000001@dl-Appsearch.optional_254534100400.apk@classes.vdex does not exist.
2025-11-21 16:39:08.010 32585-32589 artd                    pid-32585                            I  GetBestInfo checking odex next to the dex file (/data/user_de/10/com.google.android.gms/app_chimera/m/00000001/oat/arm64/dl-Appsearch.optional_254534100400.odex)
2025-11-21 16:39:08.010 32585-32589 artd                    pid-32585                            I  Loading /data/user_de/10/com.google.android.gms/app_chimera/m/00000001/oat/arm64/dl-Appsearch.optional_254534100400.odex with executable: 0
2025-11-21 16:39:08.010 32585-32589 artd                    pid-32585                            I  OatFileAssistant test for existing oat file /data/user_de/10/com.google.android.gms/app_chimera/m/00000001/oat/arm64/dl-Appsearch.optional_254534100400.odex: File /data/user_de/10/com.google.android.gms/app_chimera/m/00000001/oat/arm64/dl-Appsearch.optional_254534100400.vdex does not exist.
2025-11-21 16:39:08.010 32585-32589 artd                    pid-32585                            I  GetBestInfo checking vdex in dalvik-cache (/data/dalvik-cache/arm64/data@user_de@10@com.google.android.gms@app_chimera@m@00000001@dl-Appsearch.optional_254534100400.apk@classes.vdex)
2025-11-21 16:39:08.010 32585-32589 artd                    pid-32585                            I  unable to open vdex file /data/dalvik-cache/arm64/data@user_de@10@com.google.android.gms@app_chimera@m@00000001@dl-Appsearch.optional_254534100400.apk@classes.vdex: File /data/dalvik-cache/arm64/data@user_de@10@com.google.android.gms@app_chimera@m@00000001@dl-Appsearch.optional_254534100400.apk@classes.vdex does not exist.
2025-11-21 16:39:08.010 32585-32589 artd                    pid-32585                            I  OatFileAssistant test for existing oat file /data/dalvik-cache/arm64/data@user_de@10@com.google.android.gms@app_chimera@m@00000001@dl-Appsearch.optional_254534100400.apk@classes.vdex: File /data/dalvik-cache/arm64/data@user_de@10@com.google.android.gms@app_chimera@m@00000001@dl-Appsearch.optional_254534100400.apk@classes.vdex does not exist.
2025-11-21 16:39:08.010 32585-32589 artd                    pid-32585                            I  GetBestInfo checking vdex next to the dex file (/data/user_de/10/com.google.android.gms/app_chimera/m/00000001/oat/arm64/dl-Appsearch.optional_254534100400.vdex)
2025-11-21 16:39:08.010 32585-32589 artd                    pid-32585                            I  unable to open vdex file /data/user_de/10/com.google.android.gms/app_chimera/m/00000001/oat/arm64/dl-Appsearch.optional_254534100400.vdex: File /data/user_de/10/com.google.android.gms/app_chimera/m/00000001/oat/arm64/dl-Appsearch.optional_254534100400.vdex does not exist.
2025-11-21 16:39:08.010 32585-32589 artd                    pid-32585                            I  OatFileAssistant test for existing oat file /data/user_de/10/com.google.android.gms/app_chimera/m/00000001/oat/arm64/dl-Appsearch.optional_254534100400.vdex: File /data/user_de/10/com.google.android.gms/app_chimera/m/00000001/oat/arm64/dl-Appsearch.optional_254534100400.vdex does not exist.
2025-11-21 16:39:08.010 32585-32589 artd                    pid-32585                            I  GetBestInfo checking dm (/data/user_de/10/com.google.android.gms/app_chimera/m/00000001/dl-Appsearch.optional_254534100400.dm)
2025-11-21 16:39:08.010 32585-32589 ziparchive              pid-32585                            W  Unable to open '/data/user_de/10/com.google.android.gms/app_chimera/m/00000001/dl-Appsearch.optional_254534100400.dm': No such file or directory
2025-11-21 16:39:08.010 32585-32589 artd                    pid-32585                            I  OatFileAssistant test for existing oat file /data/user_de/10/com.google.android.gms/app_chimera/m/00000001/dl-Appsearch.optional_254534100400.dm: I/O error
2025-11-21 16:39:08.010 32585-32589 artd                    pid-32585                            I  GetBestInfo checking dm (/data/user_de/10/com.google.android.gms/app_chimera/m/00000001/dl-Appsearch.optional_254534100400.dm)
2025-11-21 16:39:08.010 32585-32589 ziparchive              pid-32585                            W  Unable to open '/data/user_de/10/com.google.android.gms/app_chimera/m/00000001/dl-Appsearch.optional_254534100400.dm': No such file or directory
2025-11-21 16:39:08.010 32585-32589 artd                    pid-32585                            I  OatFileAssistant test for existing oat file /data/user_de/10/com.google.android.gms/app_chimera/m/00000001/dl-Appsearch.optional_254534100400.dm: I/O error
2025-11-21 16:39:08.010 32585-32589 artd                    pid-32585                            I  GetBestInfo no usable artifacts
2025-11-21 16:39:08.014 32585-32589 artd                    pid-32585                            I  Dex parent of /data/user_de/0/com.google.android.gms/app_chimera/m/00000011/dl-Appsearch.optional_254534100400.apk is not writable: Permission denied
2025-11-21 16:39:08.014 32585-32589 artd                    pid-32585                            I  GetBestInfo checking odex in dalvik-cache (/data/dalvik-cache/arm64/data@user_de@0@com.google.android.gms@app_chimera@m@00000011@dl-Appsearch.optional_254534100400.apk@classes.dex)
2025-11-21 16:39:08.014 32585-32589 artd                    pid-32585                            I  Loading /data/dalvik-cache/arm64/data@user_de@0@com.google.android.gms@app_chimera@m@00000011@dl-Appsearch.optional_254534100400.apk@classes.dex with executable: 0
2025-11-21 16:39:08.014 32585-32589 artd                    pid-32585                            I  OatFileAssistant test for existing oat file /data/dalvik-cache/arm64/data@user_de@0@com.google.android.gms@app_chimera@m@00000011@dl-Appsearch.optional_254534100400.apk@classes.dex: File /data/dalvik-cache/arm64/data@user_de@0@com.google.android.gms@app_chimera@m@00000011@dl-Appsearch.optional_254534100400.apk@classes.vdex does not exist.
2025-11-21 16:39:08.014 32585-32589 artd                    pid-32585                            I  GetBestInfo checking odex next to the dex file (/data/user_de/0/com.google.android.gms/app_chimera/m/00000011/oat/arm64/dl-Appsearch.optional_254534100400.odex)
2025-11-21 16:39:08.014 32585-32589 artd                    pid-32585                            I  Loading /data/user_de/0/com.google.android.gms/app_chimera/m/00000011/oat/arm64/dl-Appsearch.optional_254534100400.odex with executable: 0
2025-11-21 16:39:08.018 32585-32589 artd                    pid-32585                            I  Successfully loaded /data/user_de/0/com.google.android.gms/app_chimera/m/00000011/oat/arm64/dl-Appsearch.optional_254534100400.odex with executable: 0
2025-11-21 16:39:08.018 32585-32589 artd                    pid-32585                            I  /data/user_de/0/com.google.android.gms/app_chimera/m/00000011/oat/arm64/dl-Appsearch.optional_254534100400.odex is kOatUpToDate with filter verify
2025-11-21 16:39:08.024 32585-32589 artd                    pid-32585                            I  Dex parent of /data/user/0/com.google.android.gms/app_dg_cache/130E39F90D58E4163DE0B253C588D026C07C9B8B/the.apk is not writable: Permission denied
2025-11-21 16:39:08.024 32585-32589 artd                    pid-32585                            I  GetBestInfo checking odex in dalvik-cache (/data/dalvik-cache/arm64/data@user@0@com.google.android.gms@app_dg_cache@130E39F90D58E4163DE0B253C588D026C07C9B8B@the.apk@classes.dex)
2025-11-21 16:39:08.024 32585-32589 artd                    pid-32585                            I  Loading /data/dalvik-cache/arm64/data@user@0@com.google.android.gms@app_dg_cache@130E39F90D58E4163DE0B253C588D026C07C9B8B@the.apk@classes.dex with executable: 0
2025-11-21 16:39:08.025 32585-32589 artd                    pid-32585                            I  OatFileAssistant test for existing oat file /data/dalvik-cache/arm64/data@user@0@com.google.android.gms@app_dg_cache@130E39F90D58E4163DE0B253C588D026C07C9B8B@the.apk@classes.dex: File /data/dalvik-cache/arm64/data@user@0@com.google.android.gms@app_dg_cache@130E39F90D58E4163DE0B253C588D026C07C9B8B@the.apk@classes.vdex does not exist.
2025-11-21 16:39:08.025 32585-32589 artd                    pid-32585                            I  GetBestInfo checking odex next to the dex file (/data/user/0/com.google.android.gms/app_dg_cache/130E39F90D58E4163DE0B253C588D026C07C9B8B/oat/arm64/the.odex)
2025-11-21 16:39:08.025 32585-32589 artd                    pid-32585                            I  Loading /data/user/0/com.google.android.gms/app_dg_cache/130E39F90D58E4163DE0B253C588D026C07C9B8B/oat/arm64/the.odex with executable: 0
2025-11-21 16:39:08.027 32585-32589 artd                    pid-32585                            I  Successfully loaded /data/user/0/com.google.android.gms/app_dg_cache/130E39F90D58E4163DE0B253C588D026C07C9B8B/oat/arm64/the.odex with executable: 0
2025-11-21 16:39:08.029 32585-32589 artd                    pid-32585                            I  /data/user/0/com.google.android.gms/app_dg_cache/130E39F90D58E4163DE0B253C588D026C07C9B8B/oat/arm64/the.odex is kOatUpToDate with filter verify
2025-11-21 16:39:08.031  7316-32438 ContactsAp...anagerImpl pid-7316                             I  getAllAccountsAsyncInternal()
2025-11-21 16:39:08.032 32585-32589 artd                    pid-32585                            I  Dex parent of /data/user_de/0/com.google.android.gms/app_chimera/m/0000000b/dl-MlkitOcrCommon.optional_251036100400.apk is not writable: Permission denied
2025-11-21 16:39:08.032 32585-32589 artd                    pid-32585                            I  GetBestInfo checking odex in dalvik-cache (/data/dalvik-cache/arm64/data@user_de@0@com.google.android.gms@app_chimera@m@0000000b@dl-MlkitOcrCommon.optional_251036100400.apk@classes.dex)
2025-11-21 16:39:08.032 32585-32589 artd                    pid-32585                            I  Loading /data/dalvik-cache/arm64/data@user_de@0@com.google.android.gms@app_chimera@m@0000000b@dl-MlkitOcrCommon.optional_251036100400.apk@classes.dex with executable: 0
2025-11-21 16:39:08.032 32585-32589 artd                    pid-32585                            I  OatFileAssistant test for existing oat file /data/dalvik-cache/arm64/data@user_de@0@com.google.android.gms@app_chimera@m@0000000b@dl-MlkitOcrCommon.optional_251036100400.apk@classes.dex: File /data/dalvik-cache/arm64/data@user_de@0@com.google.android.gms@app_chimera@m@0000000b@dl-MlkitOcrCommon.optional_251036100400.apk@classes.vdex does not exist.
2025-11-21 16:39:08.032 32585-32589 artd                    pid-32585                            I  GetBestInfo checking odex next to the dex file (/data/user_de/0/com.google.android.gms/app_chimera/m/0000000b/oat/arm64/dl-MlkitOcrCommon.optional_251036100400.odex)
2025-11-21 16:39:08.032 32585-32589 artd                    pid-32585                            I  Loading /data/user_de/0/com.google.android.gms/app_chimera/m/0000000b/oat/arm64/dl-MlkitOcrCommon.optional_251036100400.odex with executable: 0
2025-11-21 16:39:08.032  7316-32438 ContactsAp...anagerImpl pid-7316                             I  getAccountsWithDataSets() count=1
2025-11-21 16:39:08.037 32585-32589 artd                    pid-32585                            I  Successfully loaded /data/user_de/0/com.google.android.gms/app_chimera/m/0000000b/oat/arm64/dl-MlkitOcrCommon.optional_251036100400.odex with executable: 0
2025-11-21 16:39:08.038 32585-32589 artd                    pid-32585                            I  /data/user_de/0/com.google.android.gms/app_chimera/m/0000000b/oat/arm64/dl-MlkitOcrCommon.optional_251036100400.odex is kOatUpToDate with filter verify
2025-11-21 16:39:08.038  7316-32438 ContactsAp...anagerImpl pid-7316                             I  getAllAccountsAsyncInternal().apply()
2025-11-21 16:39:08.039  7316-32438 ContactsAp...anagerImpl pid-7316                             I  getAllAccountsAsyncInternal().account(0):c*n*a*o*d*m*n*i*e*g*a*l*c*m
2025-11-21 16:39:08.040 32585-32589 artd                    pid-32585                            I  Dex parent of /data/user_de/0/com.google.android.gms/app_chimera/m/00000012/dl-MlkitBarcodeUi.optional_254534100400.apk is not writable: Permission denied
2025-11-21 16:39:08.040 32585-32589 artd                    pid-32585                            I  GetBestInfo checking odex in dalvik-cache (/data/dalvik-cache/arm64/data@user_de@0@com.google.android.gms@app_chimera@m@00000012@dl-MlkitBarcodeUi.optional_254534100400.apk@classes.dex)
2025-11-21 16:39:08.041 32585-32589 artd                    pid-32585                            I  Loading /data/dalvik-cache/arm64/data@user_de@0@com.google.android.gms@app_chimera@m@00000012@dl-MlkitBarcodeUi.optional_254534100400.apk@classes.dex with executable: 0
2025-11-21 16:39:08.041 32585-32589 artd                    pid-32585                            I  OatFileAssistant test for existing oat file /data/dalvik-cache/arm64/data@user_de@0@com.google.android.gms@app_chimera@m@00000012@dl-MlkitBarcodeUi.optional_254534100400.apk@classes.dex: File /data/dalvik-cache/arm64/data@user_de@0@com.google.android.gms@app_chimera@m@00000012@dl-MlkitBarcodeUi.optional_254534100400.apk@classes.vdex does not exist.
2025-11-21 16:39:08.041 32585-32589 artd                    pid-32585                            I  GetBestInfo checking odex next to the dex file (/data/user_de/0/com.google.android.gms/app_chimera/m/00000012/oat/arm64/dl-MlkitBarcodeUi.optional_254534100400.odex)
2025-11-21 16:39:08.041 32585-32589 artd                    pid-32585                            I  Loading /data/user_de/0/com.google.android.gms/app_chimera/m/00000012/oat/arm64/dl-MlkitBarcodeUi.optional_254534100400.odex with executable: 0
2025-11-21 16:39:08.042  7180-7297  ContactsAp...anagerImpl pid-7180                             I  getAllAccountsAsyncInternal()
2025-11-21 16:39:08.042  7180-7297  ContactsAp...anagerImpl pid-7180                             I  getAccountsWithDataSets() count=1
2025-11-21 16:39:08.043  7180-7297  ContactsAp...anagerImpl pid-7180                             I  getAllAccountsAsyncInternal().apply()
2025-11-21 16:39:08.043  7180-7297  ContactsAp...anagerImpl pid-7180                             I  getAllAccountsAsyncInternal().account(0):c*n*a*o*d*m*n*i*e*g*a*l*c*m
2025-11-21 16:39:08.045 32585-32589 artd                    pid-32585                            I  Successfully loaded /data/user_de/0/com.google.android.gms/app_chimera/m/00000012/oat/arm64/dl-MlkitBarcodeUi.optional_254534100400.odex with executable: 0
2025-11-21 16:39:08.045 32585-32589 artd                    pid-32585                            I  /data/user_de/0/com.google.android.gms/app_chimera/m/00000012/oat/arm64/dl-MlkitBarcodeUi.optional_254534100400.odex is kOatUpToDate with filter verify
2025-11-21 16:39:08.045  7316-32438 Applicatio...ageManager pid-7316                             I  color1 =0,color2 =0,bgColor =0
2025-11-21 16:39:08.045  7316-32438 Applicatio...ageManager pid-7316                             I  dr is not VectorDrawable,so we do nothing !
2025-11-21 16:39:08.046   963-1037  mtkpower@impl           pid-963                              I  [powerd_req] TIMER_MSG_PERF_LOCK_TIMEOUT hdl:4847
2025-11-21 16:39:08.046   963-1037  libPowerHal             pid-963                              I  [PD] MTKPOWER_HINT_PACK_SWITCH update cmd:1000000 param:2
2025-11-21 16:39:08.045  7316-32438 ContactsAp...anagerImpl pid-7316                             I  getAllAccountsAsyncInternal().account(0):c*n*a*o*d*m*n*i*e*g*a*l*c*m
2025-11-21 16:39:08.048 32585-32589 artd                    pid-32585                            I  Dex parent of /data/user_de/0/com.google.android.gms/app_chimera/m/00000009/dl-SidecarAps.integ_251633805100400.apk is not writable: Permission denied
2025-11-21 16:39:08.048 32585-32589 artd                    pid-32585                            I  GetBestInfo checking odex in dalvik-cache (/data/dalvik-cache/arm64/data@user_de@0@com.google.android.gms@app_chimera@m@00000009@dl-SidecarAps.integ_251633805100400.apk@classes.dex)
2025-11-21 16:39:08.048 32585-32589 artd                    pid-32585                            I  Loading /data/dalvik-cache/arm64/data@user_de@0@com.google.android.gms@app_chimera@m@00000009@dl-SidecarAps.integ_251633805100400.apk@classes.dex with executable: 0
2025-11-21 16:39:08.048 32585-32589 artd                    pid-32585                            I  OatFileAssistant test for existing oat file /data/dalvik-cache/arm64/data@user_de@0@com.google.android.gms@app_chimera@m@00000009@dl-SidecarAps.integ_251633805100400.apk@classes.dex: File /data/dalvik-cache/arm64/data@user_de@0@com.google.android.gms@app_chimera@m@00000009@dl-SidecarAps.integ_251633805100400.apk@classes.vdex does not exist.
2025-11-21 16:39:08.048 32585-32589 artd                    pid-32585                            I  GetBestInfo checking odex next to the dex file (/data/user_de/0/com.google.android.gms/app_chimera/m/00000009/oat/arm64/dl-SidecarAps.integ_251633805100400.odex)
2025-11-21 16:39:08.048 32585-32589 artd                    pid-32585                            I  Loading /data/user_de/0/com.google.android.gms/app_chimera/m/00000009/oat/arm64/dl-SidecarAps.integ_251633805100400.odex with executable: 0
