--------- beginning of crash
--------- beginning of system
2025-12-09 12:03:16.190  1562-4971  TranDynami...rollerImpl pid-1562                             E  TranDynamicBarAnimControllerImpl setSimplifyAnimByLauncherType pkgName:com.cdccreditsmart.app
2025-12-09 12:03:16.190  1562-1893  TranDynami...rollerImpl pid-1562                             E  TranDynamicBarAnimControllerImpl setSimplifyAnimByLauncherType pkgName:com.cdccreditsmart.app
2025-12-09 12:03:16.190  1562-4971  TranDynami...rollerImpl pid-1562                             E  end setSimplifyAnimByLauncherType mSimplifyAnimOpenPkgName:com.cdccreditsmart.app simplifyAnimByLauncherType:1
2025-12-09 12:03:16.191  1562-1893  TranDynami...rollerImpl pid-1562                             E  end setSimplifyAnimByLauncherType mSimplifyAnimOpenPkgName:com.cdccreditsmart.app simplifyAnimByLauncherType:1
2025-12-09 12:03:16.350  1562-3276  PayJoyActivityRecord    pid-1562                             E  activity resuming com.cdccreditsmart.app
2025-12-09 12:03:16.350  1562-3276  PayJoyAccessService     pid-1562                             E  activity resuming com.cdccreditsmart.app
--------- beginning of main
2025-12-09 12:03:44.120 12649-12649 ImeTracker              com.cdccreditsmart.app               I  com.cdccreditsmart.app:f4ef8c04: onRequestHide at ORIGIN_CLIENT reason HIDE_SOFT_INPUT_ON_ANIMATION_STATE_CHANGED fromUser false
2025-12-09 12:03:44.127 12649-12649 ImeTracker              com.cdccreditsmart.app               I  com.cdccreditsmart.app:f4ef8c04: onFailed at PHASE_CLIENT_VIEW_SERVED
---------------------------- PROCESS STARTED (12649) for package com.cdccreditsmart.app ----------------------------
---------------------------- PROCESS STARTED (13687) for package com.cdccreditsmart.app ----------------------------
2025-12-09 12:03:45.502  1562-1893  TranDynami...rollerImpl system_server                        E  TranDynamicBarAnimControllerImpl setSimplifyAnimByLauncherType pkgName:com.cdccreditsmart.app
2025-12-09 12:03:45.502  1562-1893  TranDynami...rollerImpl system_server                        E  end setSimplifyAnimByLauncherType mSimplifyAnimOpenPkgName:com.cdccreditsmart.app simplifyAnimByLauncherType:0
2025-12-09 12:03:45.663 12649-19216 FA                      com.cdccreditsmart.app               I  Application backgrounded at: timestamp_millis: 1765292623658
2025-12-09 12:03:57.698  1562-1893  TranDynami...rollerImpl system_server                        E  TranDynamicBarAnimControllerImpl setSimplifyAnimByLauncherType pkgName:com.cdccreditsmart.app
2025-12-09 12:03:57.698  1562-1893  TranDynami...rollerImpl system_server                        E  end setSimplifyAnimByLauncherType mSimplifyAnimOpenPkgName:com.cdccreditsmart.app simplifyAnimByLauncherType:0
2025-12-09 12:03:57.708  1562-5142  TranDynami...rollerImpl system_server                        E  TranDynamicBarAnimControllerImpl setSimplifyAnimByLauncherType pkgName:com.cdccreditsmart.app
2025-12-09 12:03:57.708  1562-5142  TranDynami...rollerImpl system_server                        E  end setSimplifyAnimByLauncherType mSimplifyAnimOpenPkgName:com.cdccreditsmart.app simplifyAnimByLauncherType:1
2025-12-09 12:03:57.764  1562-3687  PayJoyActivityRecord    system_server                        E  activity resuming com.cdccreditsmart.app
2025-12-09 12:03:57.764  1562-3687  PayJoyAccessService     system_server                        E  activity resuming com.cdccreditsmart.app
2025-12-09 12:03:57.973 12649-12649 MainActivity            com.cdccreditsmart.app               D  ========== NEW INTENT RECEIVED ==========
2025-12-09 12:03:57.976 12649-12649 ActivityThread          com.cdccreditsmart.app               D  handleResumeActivity#3 r.window=com.android.internal.policy.PhoneWindow@3024743a.mFinished = falsewillBeVisible = true
2025-12-09 12:03:57.990 12649-12649 BufferQueueConsumer     com.cdccreditsmart.app               D  [](id:316900000002,api:0,p:-1,c:12649) connect: controlledByApp=false
2025-12-09 12:03:57.990 12649-12649 BLASTBufferQueue        com.cdccreditsmart.app               D  [VRI[MainActivity]#2](f:0,a:0) constructor()
2025-12-09 12:03:57.990 12649-12649 BLASTBufferQueue        com.cdccreditsmart.app               D  [VRI[MainActivity]#2](f:0,a:0) update width=1080 height=2436 format=-3 mTransformHint=0
2025-12-09 12:03:57.994 12649-12649 InsetsController        com.cdccreditsmart.app               I  Insets animation onAnimationStart mShow:false, mDurationMs:340, types:statusBars
2025-12-09 12:03:58.030 12649-13201 BLASTBufferQueue        com.cdccreditsmart.app               D  [VRI[MainActivity]#2](f:0,a:1) acquireNextBufferLocked size=1080x2436 mFrameNumber=1 applyTransaction=true mTimestamp=695589483733(auto) mPendingTransactions.size=0 graphicBufferId=54327041327118 transform=0
2025-12-09 12:03:58.035 12649-12649 Choreographer           com.cdccreditsmart.app               W  Already have a pending vsync event.  There should only be one at a time.
2025-12-09 12:03:58.112 12649-12649 InputMethodManager      com.cdccreditsmart.app               D  invalidateInput sessionid: 0
2025-12-09 12:03:58.365 12649-13197 SettingsGuardService    com.cdccreditsmart.app               D  ğŸ“‹ Activity check - Full: null, Simple: null
2025-12-09 12:03:58.378 12649-12649 InsetsController        com.cdccreditsmart.app               I  Insets animation onAnimationEnd
2025-12-09 12:03:58.821 12649-12649 InsetsController        com.cdccreditsmart.app               D  show(ime(), fromIme=true)
2025-12-09 12:03:58.831 12649-12649 ImeTracker              com.cdccreditsmart.app               I  com.cdccreditsmart.app:2ec14182: onShown
2025-12-09 12:03:58.968 12649-13197 SettingsGuardService    com.cdccreditsmart.app               D  ğŸ“‹ Activity check - Full: null, Simple: null
2025-12-09 12:03:59.386 12649-12649 InputMethodManager      com.cdccreditsmart.app               D  invalidateInput sessionid: 0
2025-12-09 12:03:59.586 12649-13197 SettingsGuardService    com.cdccreditsmart.app               D  ğŸ“‹ Activity check - Full: null, Simple: null
2025-12-09 12:03:59.709 12649-12649 InputMethodManager      com.cdccreditsmart.app               D  invalidateInput sessionid: 0
2025-12-09 12:03:59.743 12649-12649 InsetsController        com.cdccreditsmart.app               D  show(ime(), fromIme=true)
2025-12-09 12:03:59.743 12649-12649 ImeTracker              com.cdccreditsmart.app               I  com.cdccreditsmart.app:8dfe876b: onCancelled at PHASE_CLIENT_APPLY_ANIMATION
2025-12-09 12:03:59.911 12649-12649 InsetsController        com.cdccreditsmart.app               D  show(ime(), fromIme=true)
2025-12-09 12:03:59.911 12649-12649 ImeTracker              com.cdccreditsmart.app               I  com.cdccreditsmart.app:43e4dfcd: onCancelled at PHASE_CLIENT_APPLY_ANIMATION
2025-12-09 12:04:00.191 12649-13197 SettingsGuardService    com.cdccreditsmart.app               D  ğŸ“‹ Activity check - Full: null, Simple: null
2025-12-09 12:04:00.796 12649-13197 SettingsGuardService    com.cdccreditsmart.app               D  ğŸ“‹ Activity check - Full: null, Simple: null
2025-12-09 12:04:01.405 12649-13197 SettingsGuardService    com.cdccreditsmart.app               D  ğŸ“‹ Activity check - Full: null, Simple: null
2025-12-09 12:04:02.007 12649-13197 SettingsGuardService    com.cdccreditsmart.app               D  ğŸ“‹ Activity check - Full: null, Simple: null
2025-12-09 12:04:02.612 12649-13197 SettingsGuardService    com.cdccreditsmart.app               D  ğŸ“‹ Activity check - Full: null, Simple: null
2025-12-09 12:04:03.220 12649-13197 SettingsGuardService    com.cdccreditsmart.app               D  ğŸ“‹ Activity check - Full: null, Simple: null
2025-12-09 12:04:03.701 12649-12649 InputMethodManager      com.cdccreditsmart.app               D  invalidateInput sessionid: 0
2025-12-09 12:04:03.827 12649-13197 SettingsGuardService    com.cdccreditsmart.app               D  ğŸ“‹ Activity check - Full: null, Simple: null
2025-12-09 12:04:03.836 12649-12649 InsetsController        com.cdccreditsmart.app               D  show(ime(), fromIme=true)
2025-12-09 12:04:03.836 12649-12649 ImeTracker              com.cdccreditsmart.app               I  com.cdccreditsmart.app:12e1c180: onCancelled at PHASE_CLIENT_APPLY_ANIMATION
2025-12-09 12:04:04.429 12649-13197 SettingsGuardService    com.cdccreditsmart.app               D  ğŸ“‹ Activity check - Full: null, Simple: null
2025-12-09 12:04:05.031 12649-13197 SettingsGuardService    com.cdccreditsmart.app               D  ğŸ“‹ Activity check - Full: null, Simple: null
2025-12-09 12:04:05.637 12649-13197 SettingsGuardService    com.cdccreditsmart.app               D  ğŸ“‹ Activity check - Full: null, Simple: null
2025-12-09 12:04:06.243 12649-13197 SettingsGuardService    com.cdccreditsmart.app               D  ğŸ“‹ Activity check - Full: null, Simple: null
2025-12-09 12:04:06.855 12649-13197 SettingsGuardService    com.cdccreditsmart.app               D  ğŸ“‹ Activity check - Full: null, Simple: null
2025-12-09 12:04:07.462 12649-13197 SettingsGuardService    com.cdccreditsmart.app               D  ğŸ“‹ Activity check - Full: null, Simple: null
2025-12-09 12:04:08.070 12649-13197 SettingsGuardService    com.cdccreditsmart.app               D  ğŸ“‹ Activity check - Full: null, Simple: null
2025-12-09 12:04:08.673 12649-13197 SettingsGuardService    com.cdccreditsmart.app               D  ğŸ“‹ Activity check - Full: null, Simple: null
2025-12-09 12:04:09.280 12649-13197 SettingsGuardService    com.cdccreditsmart.app               D  ğŸ“‹ Activity check - Full: null, Simple: null
2025-12-09 12:04:09.374 12649-12649 TextSelection           com.cdccreditsmart.app               D  onUseCache cache=false
2025-12-09 12:04:09.560 12649-12649 PairingViewModel        com.cdccreditsmart.app               D  ğŸš€ Iniciando pareamento com cÃ³digo: XV8W****
2025-12-09 12:04:09.563 12649-12649 NetworkConnectivity     com.cdccreditsmart.app               D  âœ… Conectado via WiFi com internet
2025-12-09 12:04:09.564 12649-12649 PairingViewModel        com.cdccreditsmart.app               D  ğŸ“¶ Estado da rede: Conectado via WiFi
2025-12-09 12:04:09.564 12649-12649 PairingViewModel        com.cdccreditsmart.app               D  âœ… Usando autenticaÃ§Ã£o moderna: POST /api/apk/auth
2025-12-09 12:04:09.564 12649-12649 PairingViewModel        com.cdccreditsmart.app               D  ========== APK AUTHENTICATION ==========
2025-12-09 12:04:09.564 12649-12649 PairingViewModel        com.cdccreditsmart.app               D  Pairing Code: [REDACTED]
2025-12-09 12:04:09.564 12649-12649 PairingViewModel        com.cdccreditsmart.app               D  ğŸ” Tentando conceder permissÃ£o READ_PHONE_STATE antes de coletar IMEI...
2025-12-09 12:04:09.873 12649-12649 AutoPermissionManager   com.cdccreditsmart.app               I  âœ… PermissÃ£o concedida automaticamente: android.permission.READ_PHONE_STATE
2025-12-09 12:04:09.874 12649-12649 PairingViewModel        com.cdccreditsmart.app               I  âœ… PermissÃ£o READ_PHONE_STATE concedida com sucesso
2025-12-09 12:04:09.875 12649-12649 DeviceInfoManager       com.cdccreditsmart.app               I  ========================================
2025-12-09 12:04:09.875 12649-12649 DeviceInfoManager       com.cdccreditsmart.app               I  ğŸ“± Coletando informaÃ§Ãµes de IMEI do dispositivo
2025-12-09 12:04:09.875 12649-12649 DeviceInfoManager       com.cdccreditsmart.app               I  ========================================
2025-12-09 12:04:09.877 12649-12649 DeviceInfoManager       com.cdccreditsmart.app               D  NÃºmero de SIMs detectados: 3
2025-12-09 12:04:09.883 12649-12649 DeviceInfoManager       com.cdccreditsmart.app               D  âœ… IMEI vÃ¡lido encontrado no slot 0
2025-12-09 12:04:09.887 12649-12649 DeviceInfoManager       com.cdccreditsmart.app               D  âœ… IMEI vÃ¡lido encontrado no slot 1
2025-12-09 12:04:09.888 12649-13197 SettingsGuardService    com.cdccreditsmart.app               D  ğŸ“‹ Activity check - Full: null, Simple: null
2025-12-09 12:04:09.891 12649-12649 DeviceInfoManager       com.cdccreditsmart.app               I  âœ… 2 IMEI(s) vÃ¡lido(s) coletado(s)
2025-12-09 12:04:09.891 12649-12649 DeviceInfoManager       com.cdccreditsmart.app               I  ========================================
2025-12-09 12:04:09.892 12649-12649 PairingViewModel        com.cdccreditsmart.app               D  âœ… IMEI capturado: 352096****
2025-12-09 12:04:09.892 12649-12649 PairingViewModel        com.cdccreditsmart.app               D  ğŸ“± Dual-SIM detectado: 1 IMEI(s) adicional(is)
2025-12-09 12:04:09.894 12649-12649 PairingViewModel        com.cdccreditsmart.app               D  Sending POST /api/apk/auth...
2025-12-09 12:04:09.894 12649-12649 PairingViewModel        com.cdccreditsmart.app               D  Request - deviceImei: 352096****
2025-12-09 12:04:09.894 12649-12649 PairingViewModel        com.cdccreditsmart.app               D  Request - additionalImeis count: 1
2025-12-09 12:04:09.894 12649-12649 PairingViewModel        com.cdccreditsmart.app               D  Request - imeiStatus: null
2025-12-09 12:04:10.514 12649-12649 TextSelection           com.cdccreditsmart.app               D  onUseCache cache=false
2025-12-09 12:04:10.530 12649-12649 TextSelection           com.cdccreditsmart.app               D  onUseCache cache=false
2025-12-09 12:04:10.532 12649-12649 Choreographer           com.cdccreditsmart.app               I  Skipped 64 frames!  The application may be doing too much work on its main thread.
2025-12-09 12:04:10.553 12649-13197 SettingsGuardService    com.cdccreditsmart.app               D  ğŸ“‹ Activity check - Full: null, Simple: null
2025-12-09 12:04:10.575 12649-12649 InsetsController        com.cdccreditsmart.app               D  hide(ime(), fromIme=false)
2025-12-09 12:04:10.575 12649-13132 creditsmart.app         com.cdccreditsmart.app               I  Background concurrent mark compact GC freed 13MB AllocSpace bytes, 28(1320KB) LOS objects, 49% free, 13MB/26MB, paused 9.512ms,12.210ms total 486.536ms
2025-12-09 12:04:10.576 12649-12649 ImeTracker              com.cdccreditsmart.app               I  com.cdccreditsmart.app:a5a3c18: onRequestHide at ORIGIN_CLIENT reason HIDE_SOFT_INPUT_BY_INSETS_API fromUser false
2025-12-09 12:04:10.576 12649-12649 ImeTracker              com.cdccreditsmart.app               I  com.cdccreditsmart.app:39e189e0: onRequestHide at ORIGIN_CLIENT reason HIDE_SOFT_INPUT_REQUEST_HIDE_WITH_CONTROL fromUser false
2025-12-09 12:04:10.584 12649-12649 InsetsController        com.cdccreditsmart.app               I  Insets animation onAnimationStart mShow:false, mDurationMs:650, types:ime
2025-12-09 12:04:10.594 12649-12649 RemoteInpu...ectionImpl com.cdccreditsmart.app               W  requestCursorUpdates on inactive InputConnection
2025-12-09 12:04:10.675 12649-12649 InsetsController        com.cdccreditsmart.app               D  hide(ime(), fromIme=true)
2025-12-09 12:04:10.676 12649-12649 ImeTracker              com.cdccreditsmart.app               I  com.cdccreditsmart.app:39e189e0: onCancelled at PHASE_CLIENT_APPLY_ANIMATION
2025-12-09 12:04:11.163 12649-13197 SettingsGuardService    com.cdccreditsmart.app               D  ğŸ“‹ Activity check - Full: null, Simple: null
2025-12-09 12:04:11.233 12649-12649 InsetsController        com.cdccreditsmart.app               I  Insets animation onAnimationEnd
2025-12-09 12:04:11.234 12649-12649 ImeTracker              com.cdccreditsmart.app               I  com.cdccreditsmart.app:d4cf0f0e: onRequestHide at ORIGIN_CLIENT reason HIDE_SOFT_INPUT_ON_ANIMATION_STATE_CHANGED fromUser false
2025-12-09 12:04:11.236 12649-12649 ImeTracker              com.cdccreditsmart.app               I  com.cdccreditsmart.app:a5a3c18: onHidden
2025-12-09 12:04:11.816 12649-13197 SettingsGuardService    com.cdccreditsmart.app               D  ğŸ“‹ Activity check - Full: null, Simple: null
2025-12-09 12:04:12.419 12649-13197 SettingsGuardService    com.cdccreditsmart.app               D  ğŸ“‹ Activity check - Full: null, Simple: null
2025-12-09 12:04:12.489 12649-12649 PairingViewModel        com.cdccreditsmart.app               D  Response code: 200
2025-12-09 12:04:12.489 12649-12649 PairingViewModel        com.cdccreditsmart.app               D  Response message: 
2025-12-09 12:04:12.489 12649-12649 PairingViewModel        com.cdccreditsmart.app               D  Response body received
2025-12-09 12:04:12.489 12649-12649 PairingViewModel        com.cdccreditsmart.app               D  âœ… APK Authentication successful!
2025-12-09 12:04:12.489 12649-12649 PairingViewModel        com.cdccreditsmart.app               D  Auth token received, expires in 86400s
2025-12-09 12:04:12.489 12649-12649 PairingViewModel        com.cdccreditsmart.app               D  Device: Motorola G15 Power
2025-12-09 12:04:12.489 12649-12649 PairingViewModel        com.cdccreditsmart.app               D  Device ID: device_1765148771462_4teww42p114
2025-12-09 12:04:12.489 12649-12649 PairingViewModel        com.cdccreditsmart.app               D  Customer: Marcos Antunes
2025-12-09 12:04:12.490 12649-12649 PairingViewModel        com.cdccreditsmart.app               I  ğŸ“Š DADOS DO BACKEND - CustomerName: 'Marcos Antunes', DeviceModel: 'G15 Power'
2025-12-09 12:04:12.568 12649-12649 SecureTokenStorage      com.cdccreditsmart.app               D  EncryptedSharedPreferences initialized successfully
2025-12-09 12:04:12.569 12649-12649 ContractCodeStorage     com.cdccreditsmart.app               D  Saving contract code to redundant storage
2025-12-09 12:04:12.651 12649-12649 ContractCodeStorage     com.cdccreditsmart.app               D  Saved to EncryptedPrefs
2025-12-09 12:04:12.786 12649-12649 ContractCodeStorage     com.cdccreditsmart.app               D  Successfully saved to file: .cdc_protected_code.enc
2025-12-09 12:04:12.786 12649-12649 ContractCodeStorage     com.cdccreditsmart.app               D  Saved to Protected Storage
2025-12-09 12:04:12.836 12649-12649 ContractCodeStorage     com.cdccreditsmart.app               D  Successfully saved to file: .cdc_contract_b1.enc
2025-12-09 12:04:12.869 12649-12649 ContractCodeStorage     com.cdccreditsmart.app               D  Successfully saved to file: .sys_device_cfg.enc
2025-12-09 12:04:12.909 12649-12649 ContractCodeStorage     com.cdccreditsmart.app               D  Successfully saved to file: .android_secure.enc
2025-12-09 12:04:12.950 12649-12649 ContractCodeStorage     com.cdccreditsmart.app               D  Contract code saved to ALL storage locations
2025-12-09 12:04:13.022 12649-13197 SettingsGuardService    com.cdccreditsmart.app               D  ğŸ“‹ Activity check - Full: null, Simple: null
2025-12-09 12:04:13.198 12649-12649 ContractCodeStorage     com.cdccreditsmart.app               D  Verification complete: 7/7 locations valid
2025-12-09 12:04:13.199 12649-12649 SecureTokenStorage      com.cdccreditsmart.app               D  Auth token saved successfully (contract code via ContractCodeStorage, deviceId: device_176...)
2025-12-09 12:04:13.199 12649-12649 SecureTokenStorage      com.cdccreditsmart.app               D  Serial number saved: XV8W57...
2025-12-09 12:04:13.200 12649-12649 SecureTokenStorage      com.cdccreditsmart.app               I  âœ… IMEI salvo para MDM: 3520***365
2025-12-09 12:04:13.202 12649-12649 SecureTokenStorage      com.cdccreditsmart.app               I  âœ… 2 IMEI(s) validado(s) e armazenado(s) com hash SHA-256
2025-12-09 12:04:13.202 12649-12649 PairingViewModel        com.cdccreditsmart.app               I  âœ… 2 IMEI(s) validado(s) e armazenado(s) com seguranÃ§a
2025-12-09 12:04:13.202 12649-12649 PairingViewModel        com.cdccreditsmart.app               I  ğŸš€ Iniciando CdcForegroundService para MDM...
2025-12-09 12:04:13.226 12649-12649 CdcForegroundService    com.cdccreditsmart.app               I  âœ… ServiÃ§o iniciado via startService()
2025-12-09 12:04:13.226 12649-12649 PairingViewModel        com.cdccreditsmart.app               I  ğŸ”„ Passando para step3 - CustomerName: 'Marcos Antunes', DeviceModel: 'G15 Power'
2025-12-09 12:04:13.226 12649-12649 PairingViewModel        com.cdccreditsmart.app               D  ğŸ”Œ step3ConnectWebSocket chamado - CustomerName: 'Marcos Antunes', DeviceModel: 'G15 Power'
2025-12-09 12:04:13.226 12649-12649 PairingViewModel        com.cdccreditsmart.app               D  Registering FCM token with backend...
2025-12-09 12:04:13.228 12649-13197 FcmTokenManager         com.cdccreditsmart.app               D  ========== REGISTERING FCM TOKEN WITH BACKEND ==========
2025-12-09 12:04:13.229 12649-12649 WebSocketManager        com.cdccreditsmart.app               D  Connecting to WebSocket: wss://cdccreditsmart.com/ws/flow-status
2025-12-09 12:04:13.233 12649-12649 Choreographer           com.cdccreditsmart.app               I  Skipped 43 frames!  The application may be doing too much work on its main thread.
2025-12-09 12:04:13.233 12649-13195 FcmTokenManager         com.cdccreditsmart.app               D  Current FCM token retrieved: crnsqv29SG6PWTMKjPgQ...
2025-12-09 12:04:13.241 12649-12649 CdcForegroundService    com.cdccreditsmart.app               D  ğŸš€ ServiÃ§o onStartCommand() - Action: com.cdccreditsmart.app.START_SERVICE
2025-12-09 12:04:13.259 12649-12649 CdcForegroundService    com.cdccreditsmart.app               I  âœ… Foreground Service ativo (Android 12+)
2025-12-09 12:04:13.261 12649-16823 HWUI                    com.cdccreditsmart.app               I  Davey! duration=746ms; Flags=0, FrameTimelineVsyncId=299293, IntendedVsync=710061811363, Vsync=710780118107, InputEventId=0, HandleInputStart=710794012272, AnimationStart=710794013580, PerformTraversalsStart=710797303964, DrawStart=710797352656, FrameDeadline=710081811363, FrameInterval=710793619733, FrameStartTime=16704636, SyncQueued=710801141195, SyncStart=710801228964, IssueDrawCommandsStart=710801299656, SwapBuffers=710805358195, FrameCompleted=710808191349, DequeueBufferDuration=31077, QueueBufferDuration=306154, GpuCompleted=710808191349, SwapBuffersCompleted=710806644580, DisplayPresentTime=-2, CommandSubmissionCompleted=710805358195, 
2025-12-09 12:04:13.261 12649-13197 CdcForegroundService    com.cdccreditsmart.app               I  ğŸ”§ ========================================
2025-12-09 12:04:13.261 12649-13197 CdcForegroundService    com.cdccreditsmart.app               I  ğŸ”§ INICIANDO initializeServices()...
2025-12-09 12:04:13.261 12649-13197 CdcForegroundService    com.cdccreditsmart.app               I  ğŸ”§ ========================================
2025-12-09 12:04:13.261 12649-13197 CdcForegroundService    com.cdccreditsmart.app               D  âœ… ServiÃ§os base jÃ¡ inicializados
2025-12-09 12:04:13.520 12649-13195 SecureTokenStorage      com.cdccreditsmart.app               D  EncryptedSharedPreferences initialized successfully
2025-12-09 12:04:13.524 12649-13195 FcmTokenManager         com.cdccreditsmart.app               D  Sending FCM token to backend (payload: {"fcmToken": "crnsqv29SG6PWTMKjPgQ..."})
2025-12-09 12:04:13.527 12649-13195 FcmTokenManager         com.cdccreditsmart.app               D  Sending POST https://cdccreditsmart.com/api/apk/device/fcm-token...
2025-12-09 12:04:13.632 12649-13196 SettingsGuardService    com.cdccreditsmart.app               D  ğŸ“‹ Activity check - Full: null, Simple: null
2025-12-09 12:04:13.878 12649-19966 WebSocketManager        com.cdccreditsmart.app               D  WebSocket connection opened
2025-12-09 12:04:13.879 12649-19966 WebSocketManager        com.cdccreditsmart.app               D  WebSocket connected for contract: XV8W5766
2025-12-09 12:04:13.879 12649-19966 WebSocketManager        com.cdccreditsmart.app               D  Starting heartbeat
2025-12-09 12:04:13.916 12649-13196 SecureTokenStorage      com.cdccreditsmart.app               D  EncryptedSharedPreferences initialized successfully
2025-12-09 12:04:13.919 12649-13196 ContractCodeStorage     com.cdccreditsmart.app               D  Retrieving contract code from storage
2025-12-09 12:04:14.237 12649-13197 SettingsGuardService    com.cdccreditsmart.app               D  ğŸ“‹ Activity check - Full: null, Simple: null
2025-12-09 12:04:14.307 12649-13195 FcmTokenManager         com.cdccreditsmart.app               D  Response code: 200
2025-12-09 12:04:14.308 12649-13195 FcmTokenManager         com.cdccreditsmart.app               D  âœ… FCM token registered successfully
2025-12-09 12:04:14.308 12649-13195 FcmTokenManager         com.cdccreditsmart.app               D  Response: {"success":true,"message":"FCM token registrado com sucesso"}
2025-12-09 12:04:14.311 12649-13195 PairingViewModel        com.cdccreditsmart.app               D  âœ… FCM token registered successfully
2025-12-09 12:04:14.694 12649-13196 ContractCodeStorage     com.cdccreditsmart.app               D  Storage verification: 7 valid, 0 tampered, 0 missing
2025-12-09 12:04:14.696 12649-13196 ContractCodeStorage     com.cdccreditsmart.app               D  Contract code retrieved successfully
2025-12-09 12:04:14.699 12649-13196 SecureTokenStorage      com.cdccreditsmart.app               D  âœ… Usando IMEI para MDM: 3520***365
2025-12-09 12:04:14.699 12649-13196 CdcForegroundService    com.cdccreditsmart.app               I  ğŸ” AuthToken presente: true
2025-12-09 12:04:14.699 12649-13196 CdcForegroundService    com.cdccreditsmart.app               I  ğŸ” AuthToken length: 260
2025-12-09 12:04:14.699 12649-13196 CdcForegroundService    com.cdccreditsmart.app               I  ğŸ” ContractCode presente: true
2025-12-09 12:04:14.699 12649-13196 CdcForegroundService    com.cdccreditsmart.app               I  ğŸ” ContractCode value: XV8W****
2025-12-09 12:04:14.699 12649-13196 CdcForegroundService    com.cdccreditsmart.app               I  ğŸ” MDM SerialNumber presente: true
2025-12-09 12:04:14.699 12649-13196 CdcForegroundService    com.cdccreditsmart.app               I  ğŸ” MDM SerialNumber value: 35209632...
2025-12-09 12:04:14.700 12649-13196 CdcForegroundService    com.cdccreditsmart.app               I  ğŸ”§ ========================================
2025-12-09 12:04:14.701 12649-13196 CdcForegroundService    com.cdccreditsmart.app               I  ğŸ”§ INICIALIZANDO MDM COM SERIAL NUMBER: 35209632...
2025-12-09 12:04:14.701 12649-13196 CdcForegroundService    com.cdccreditsmart.app               I  ğŸ”§ ========================================
2025-12-09 12:04:14.701 12649-13196 CdcForegroundService    com.cdccreditsmart.app               I  ğŸ” Tokens encontrados - inicializando serviÃ§os MDM
2025-12-09 12:04:14.701 12649-13196 CdcForegroundService    com.cdccreditsmart.app               D  ğŸ“¡ Criando MdmCommandReceiver (usando serialNumber do SecureTokenStorage)...
2025-12-09 12:04:14.705 12649-13196 MdmCommandReceiver      com.cdccreditsmart.app               D  âœ… Foreground service reference set for WakeLock management
2025-12-09 12:04:14.705 12649-13196 CdcForegroundService    com.cdccreditsmart.app               D  ğŸ”‹ Foreground service reference passada para MdmCommandReceiver
2025-12-09 12:04:14.705 12649-13196 CdcForegroundService    com.cdccreditsmart.app               I  ğŸ’“ ========================================
2025-12-09 12:04:14.705 12649-13196 CdcForegroundService    com.cdccreditsmart.app               I  ğŸ’“ INICIANDO HEARTBEAT MANAGER (60s)
2025-12-09 12:04:14.705 12649-13196 CdcForegroundService    com.cdccreditsmart.app               I  ğŸ’“ ========================================
2025-12-09 12:04:14.707 12649-13196 HeartbeatManager        com.cdccreditsmart.app               I  ğŸ’“ ========================================
2025-12-09 12:04:14.707 12649-13196 HeartbeatManager        com.cdccreditsmart.app               I  ğŸ’“ INICIANDO HEARTBEAT MANAGER (60s)
2025-12-09 12:04:14.708 12649-13196 HeartbeatManager        com.cdccreditsmart.app               I  ğŸ’“ ========================================
2025-12-09 12:04:14.709 12649-13196 HeartbeatManager        com.cdccreditsmart.app               I  ğŸ’“ Intervalo: 60 segundos
2025-12-09 12:04:14.709 12649-13196 HeartbeatManager        com.cdccreditsmart.app               I  ğŸ’“ Endpoint: POST /api/apk/device/heartbeat
2025-12-09 12:04:14.713 12649-13196 CdcForegroundService    com.cdccreditsmart.app               I  ğŸ’“ HeartbeatManager iniciado ANTES do WebSocket
2025-12-09 12:04:14.714 12649-13195 HeartbeatManager        com.cdccreditsmart.app               I  ğŸ’“ Enviando heartbeat IMEDIATO...
2025-12-09 12:04:14.714 12649-13196 CdcForegroundService    com.cdccreditsmart.app               I  ğŸ“¡ ========================================
2025-12-09 12:04:14.715 12649-13196 CdcForegroundService    com.cdccreditsmart.app               I  ğŸ“¡ CONECTANDO WebSocket MDM...
2025-12-09 12:04:14.715 12649-13196 CdcForegroundService    com.cdccreditsmart.app               I  ğŸ“¡ ========================================
2025-12-09 12:04:14.716 12649-13196 CdcForegroundService    com.cdccreditsmart.app               I  ğŸ“¡ AuthToken length: 260 caracteres
2025-12-09 12:04:14.717 12649-13196 CdcForegroundService    com.cdccreditsmart.app               I  ğŸ“¡ AuthToken preview: eyJhbGciOiJIUzI1NiIs...
2025-12-09 12:04:14.717 12649-13196 CdcForegroundService    com.cdccreditsmart.app               I  ğŸ“¡ Contract code: XV8W5766
2025-12-09 12:04:14.718 12649-13196 CdcForegroundService    com.cdccreditsmart.app               I  ğŸ“¡ Chamando mdmReceiver.connectMdmWebSocket()...
2025-12-09 12:04:14.859 12649-13195 SecureTokenStorage      com.cdccreditsmart.app               D  EncryptedSharedPreferences initialized successfully
2025-12-09 12:04:14.912 12649-13195 HeartbeatManager        com.cdccreditsmart.app               D  ğŸ’“ Usando authToken (fallback)
2025-12-09 12:04:14.923 12649-13197 SettingsGuardService    com.cdccreditsmart.app               D  ğŸ“‹ Activity check - Full: null, Simple: null
2025-12-09 12:04:14.933 12649-13195 HeartbeatManager        com.cdccreditsmart.app               D  ğŸ’“ Payload do heartbeat:
2025-12-09 12:04:14.933 12649-13195 HeartbeatManager        com.cdccreditsmart.app               D     deviceToken: eyJhbGciOiJIUzI1NiIs...
2025-12-09 12:04:14.933 12649-13195 HeartbeatManager        com.cdccreditsmart.app               D     currentBlockLevel: 0
2025-12-09 12:04:14.933 12649-13195 HeartbeatManager        com.cdccreditsmart.app               D     batteryLevel: 57
2025-12-09 12:04:14.933 12649-13195 HeartbeatManager        com.cdccreditsmart.app               D     isCharging: true
2025-12-09 12:04:14.933 12649-13195 HeartbeatManager        com.cdccreditsmart.app               D     currentSimImei: 352096...
2025-12-09 12:04:15.032 12649-13196 SecureTokenStorage      com.cdccreditsmart.app               D  EncryptedSharedPreferences initialized successfully
2025-12-09 12:04:15.034 12649-13196 SecureTokenStorage      com.cdccreditsmart.app               D  âœ… Usando IMEI para MDM: 3520***365
2025-12-09 12:04:15.034 12649-13196 MdmCommandReceiver      com.cdccreditsmart.app               I  ğŸ”— ========================================
2025-12-09 12:04:15.034 12649-13196 MdmCommandReceiver      com.cdccreditsmart.app               I  ğŸ”— INICIANDO CONEXÃƒO WEBSOCKET MDM
2025-12-09 12:04:15.034 12649-13196 MdmCommandReceiver      com.cdccreditsmart.app               I  ğŸ”— ========================================
2025-12-09 12:04:15.034 12649-13196 MdmCommandReceiver      com.cdccreditsmart.app               I  ğŸ”— URL base: wss://cdccreditsmart.com/ws/mdm-policies
2025-12-09 12:04:15.034 12649-13196 MdmCommandReceiver      com.cdccreditsmart.app               I  ğŸ”— JWT Token presente: true
2025-12-09 12:04:15.034 12649-13196 MdmCommandReceiver      com.cdccreditsmart.app               I  ğŸ”— JWT Token length: 260
2025-12-09 12:04:15.034 12649-13196 MdmCommandReceiver      com.cdccreditsmart.app               I  ğŸ”— JWT Token preview: eyJhbGciOiJIUzI1NiIsInR5cCI6Ik...
2025-12-09 12:04:15.034 12649-13196 MdmCommandReceiver      com.cdccreditsmart.app               I  ğŸ”— Device identifier: 352096325698365
2025-12-09 12:04:15.035 12649-13196 MdmCommandReceiver      com.cdccreditsmart.app               D  ğŸ”— Criando WebSocket OkHttp...
2025-12-09 12:04:15.035 12649-13196 MdmCommandReceiver      com.cdccreditsmart.app               I  ğŸ”„ Iniciando polling IMEDIATAMENTE (nÃ£o esperar WebSocket)
2025-12-09 12:04:15.044 12649-13197 MdmCommandReceiver      com.cdccreditsmart.app               I  ğŸ”„ ========================================
2025-12-09 12:04:15.044 12649-13197 MdmCommandReceiver      com.cdccreditsmart.app               I  ğŸ”„ INICIANDO POLLING FALLBACK MDM
2025-12-09 12:04:15.044 12649-13197 MdmCommandReceiver      com.cdccreditsmart.app               I  ğŸ”„ ========================================
2025-12-09 12:04:15.044 12649-13197 MdmCommandReceiver      com.cdccreditsmart.app               I  ğŸ”„ Intervalo: 30 segundos
2025-12-09 12:04:15.044 12649-13197 MdmCommandReceiver      com.cdccreditsmart.app               I  ğŸ”„ Endpoint: GET /api/apk/device/{identifier}/commands
2025-12-09 12:04:15.044 12649-13197 MdmCommandReceiver      com.cdccreditsmart.app               I  ğŸ”„ Executando verificaÃ§Ã£o IMEDIATA de comandos...
2025-12-09 12:04:15.046 12649-13197 SecureTokenStorage      com.cdccreditsmart.app               D  âœ… Usando IMEI para MDM: 3520***365
2025-12-09 12:04:15.046 12649-13197 MdmCommandReceiver      com.cdccreditsmart.app               I  ğŸ” ========================================
2025-12-09 12:04:15.046 12649-13197 MdmCommandReceiver      com.cdccreditsmart.app               I  ğŸ” BUSCANDO COMANDOS PENDENTES
2025-12-09 12:04:15.046 12649-13197 MdmCommandReceiver      com.cdccreditsmart.app               I  ğŸ” ========================================
2025-12-09 12:04:15.046 12649-13197 MdmCommandReceiver      com.cdccreditsmart.app               I  ğŸ” Identifier: 352096325698365
2025-12-09 12:04:15.046 12649-13197 MdmCommandReceiver      com.cdccreditsmart.app               I  ğŸ” Endpoint: GET /api/apk/device/352096325698365/commands
2025-12-09 12:04:15.047 12649-13197 MdmCommandReceiver      com.cdccreditsmart.app               D  ğŸ” Executando requisiÃ§Ã£o HTTP (timeout: 15s)...
2025-12-09 12:04:15.050 12649-13196 MdmCommandReceiver      com.cdccreditsmart.app               D  ğŸ”— WebSocket request enviado - aguardando resposta...
2025-12-09 12:04:15.051 12649-13196 CdcForegroundService    com.cdccreditsmart.app               I  ğŸ“¡ ========================================
2025-12-09 12:04:15.051 12649-13196 CdcForegroundService    com.cdccreditsmart.app               I  ğŸ“¡ connectMdmWebSocket() CHAMADO - Aguardando conexÃ£o...
2025-12-09 12:04:15.051 12649-13196 CdcForegroundService    com.cdccreditsmart.app               I  ğŸ“¡ PrÃ³ximo log esperado: 'âœ… WebSocket MDM CONECTADO'
2025-12-09 12:04:15.051 12649-13196 CdcForegroundService    com.cdccreditsmart.app               I  ğŸ“¡ ========================================
2025-12-09 12:04:15.051 12649-13196 CdcForegroundService    com.cdccreditsmart.app               D  ğŸ“¡ Criando WebSocketManager (flow-status)...
2025-12-09 12:04:15.052 12649-13196 WebSocketManager        com.cdccreditsmart.app               D  Connecting to WebSocket: wss://cdccreditsmart.com/ws/flow-status
2025-12-09 12:04:15.052 12649-13196 CdcForegroundService    com.cdccreditsmart.app               I  ğŸ“¡ WebSocketManager inicializado
2025-12-09 12:04:15.053 12649-13196 CdcForegroundService    com.cdccreditsmart.app               I  ğŸ’¡ Overlay automÃ¡tico: PeriodicOverlayWorker (a cada 10min)
2025-12-09 12:04:15.060 12649-13196 HeartbeatWorker         com.cdccreditsmart.app               I  âœ… Heartbeat OTIMIZADO agendado via WorkManager
2025-12-09 12:04:15.060 12649-13196 HeartbeatWorker         com.cdccreditsmart.app               I     ğŸ“Š Intervalo: 60min (reduÃ§Ã£o de 75% vs 15min)
2025-12-09 12:04:15.060 12649-13196 HeartbeatWorker         com.cdccreditsmart.app               I     ğŸ¯ Economia: ~72 requisiÃ§Ãµes/dia por dispositivo
2025-12-09 12:04:15.082 12649-13196 IconProtectionWorker    com.cdccreditsmart.app               I  ğŸ“Œ IconProtectionWorker agendado (15 min)
2025-12-09 12:04:15.085 12649-13196 IconProtectionWorker    com.cdccreditsmart.app               I  ğŸ“Œ IconProtectionWorker executando agora
2025-12-09 12:04:15.085 12649-13196 CdcForegroundService    com.cdccreditsmart.app               I  ğŸ“Œ Worker de proteÃ§Ã£o do Ã­cone agendado e executando
2025-12-09 12:04:15.085 12649-13196 BlockingNotifWorker     com.cdccreditsmart.app               I  ğŸ“… Agendando verificaÃ§Ã£o de notificaÃ§Ãµes de bloqueio...
2025-12-09 12:04:15.085 12649-13196 BlockingNotifWorker     com.cdccreditsmart.app               I  âœ… Worker agendado para executar a cada 6h
2025-12-09 12:04:15.086 12649-13196 CdcForegroundService    com.cdccreditsmart.app               I  ğŸ“± Worker de notificaÃ§Ãµes de bloqueio agendado
2025-12-09 12:04:15.086 12649-13196 CdcForegroundService    com.cdccreditsmart.app               I  ğŸ”’ ========================================
2025-12-09 12:04:15.086 12649-13196 CdcForegroundService    com.cdccreditsmart.app               I  ğŸ”’ VERIFICANDO STUB PARA PERSISTÃŠNCIA
2025-12-09 12:04:15.086 12649-13196 CdcForegroundService    com.cdccreditsmart.app               I  ğŸ”’ ========================================
2025-12-09 12:04:15.087 12649-13196 StubManager             com.cdccreditsmart.app               D  Stub is NOT installed
2025-12-09 12:04:15.233 12649-12649 PairingViewModel        com.cdccreditsmart.app               I  ğŸ’¾ Salvando dados no fallback (apÃ³s 2s) - CustomerName: 'Marcos Antunes', DeviceModel: 'G15 Power'
2025-12-09 12:04:15.234 12649-12649 SecureTokenStorage      com.cdccreditsmart.app               D  ğŸ’¾ Salvando customer info - Name: Marcos Antunes, Device: G15 Power
2025-12-09 12:04:15.235 12649-12649 SecureTokenStorage      com.cdccreditsmart.app               D  âœ… CustomerName salvo: Marcos Antunes
2025-12-09 12:04:15.235 12649-12649 SecureTokenStorage      com.cdccreditsmart.app               D  âœ… DeviceModel salvo: G15 Power
2025-12-09 12:04:15.235 12649-12649 SecureTokenStorage      com.cdccreditsmart.app               I  âœ… Customer info saved successfully!
2025-12-09 12:04:15.235 12649-12649 PairingViewModel        com.cdccreditsmart.app               I  ğŸ“… ========================================
2025-12-09 12:04:15.235 12649-12649 PairingViewModel        com.cdccreditsmart.app               I  ğŸ“… AGENDANDO WORKERS PÃ“S-PAREAMENTO
2025-12-09 12:04:15.235 12649-12649 PairingViewModel        com.cdccreditsmart.app               I  ğŸ“… ========================================
2025-12-09 12:04:15.236 12649-12649 AutoBlockingWorker      com.cdccreditsmart.app               I  âœ… VerificaÃ§Ã£o automÃ¡tica de bloqueio agendada (diariamente Ã s 00:00)
2025-12-09 12:04:15.236 12649-12649 AutoBlockingWorker      com.cdccreditsmart.app               I     PrÃ³xima execuÃ§Ã£o em: 715 minutos
2025-12-09 12:04:15.236 12649-12649 PairingViewModel        com.cdccreditsmart.app               I  ğŸ“… âœ… AutoBlockingWorker agendado
2025-12-09 12:04:15.236 12649-12649 PeriodicOverlayWorker   com.cdccreditsmart.app               I  ğŸ“… Agendando overlay automÃ¡tico
2025-12-09 12:04:15.236 12649-12649 PeriodicOverlayWorker   com.cdccreditsmart.app               I     WorkManager interval: 15 minutos (mÃ­nimo obrigatÃ³rio)
2025-12-09 12:04:15.237 12649-12649 PeriodicOverlayWorker   com.cdccreditsmart.app               I     Cooldowns progressivos controlados internamente pelo worker
2025-12-09 12:04:15.237 12649-12649 PeriodicOverlayWorker   com.cdccreditsmart.app               I  âœ… Overlay automÃ¡tico agendado com sucesso
2025-12-09 12:04:15.237 12649-12649 PairingViewModel        com.cdccreditsmart.app               I  ğŸ“… âœ… PeriodicOverlayWorker agendado
2025-12-09 12:04:15.237 12649-12649 PairingViewModel        com.cdccreditsmart.app               I  ğŸ“… ========================================
2025-12-09 12:04:15.237 12649-12649 PairingViewModel        com.cdccreditsmart.app               I  ğŸ“… âœ… WORKERS AGENDADOS COM SUCESSO
2025-12-09 12:04:15.237 12649-12649 PairingViewModel        com.cdccreditsmart.app               I  ğŸ“… ========================================
2025-12-09 12:04:15.261 12649-12649 WindowOnBackDispatcher  com.cdccreditsmart.app               W  sendCancelIfRunning: isInProgress=false callback=androidx.activity.OnBackPressedDispatcher$Api34Impl$createOnBackAnimationCallback$1@61271bd
2025-12-09 12:04:15.336 12649-13196 SecureTokenStorage      com.cdccreditsmart.app               D  EncryptedSharedPreferences initialized successfully
2025-12-09 12:04:15.337 12649-13196 ContractCodeStorage     com.cdccreditsmart.app               D  Retrieving contract code from storage
2025-12-09 12:04:15.479 12649-13132 creditsmart.app         com.cdccreditsmart.app               I  Background concurrent mark compact GC freed 7771KB AllocSpace bytes, 226(8352KB) LOS objects, 49% free, 15MB/30MB, paused 7.584ms,4.567ms total 706.225ms
2025-12-09 12:04:15.531 12649-13197 SettingsGuardService    com.cdccreditsmart.app               D  ğŸ“‹ Activity check - Full: null, Simple: null
2025-12-09 12:04:15.597 12649-19978 IconProtectionWorker    com.cdccreditsmart.app               D  ğŸ” Verificando proteÃ§Ã£o do Ã­cone...
2025-12-09 12:04:15.610 12649-19978 LauncherIconProtector   com.cdccreditsmart.app               I  ğŸ“Œ Atalho nÃ£o encontrado - criando novo...
2025-12-09 12:04:15.687 12649-19974 WebSocketManager        com.cdccreditsmart.app               D  WebSocket connection opened
2025-12-09 12:04:15.687 12649-19974 WebSocketManager        com.cdccreditsmart.app               D  WebSocket connected for contract: XV8W5766
2025-12-09 12:04:15.687 12649-19974 WebSocketManager        com.cdccreditsmart.app               D  Starting heartbeat
2025-12-09 12:04:15.708 12649-19262 SecureTokenStorage      com.cdccreditsmart.app               D  EncryptedSharedPreferences initialized successfully
2025-12-09 12:04:15.718 12649-19978 LauncherIconProtector   com.cdccreditsmart.app               I  âœ… SolicitaÃ§Ã£o de atalho enviada ao launcher
2025-12-09 12:04:15.720 12649-19973 MdmCommandReceiver      com.cdccreditsmart.app               I  âœ… WebSocket MDM CONECTADO COM SUCESSO!
2025-12-09 12:04:15.721 12649-19973 MdmCommandReceiver      com.cdccreditsmart.app               D  âœ… Response code: 101
2025-12-09 12:04:15.721 12649-19973 MdmCommandReceiver      com.cdccreditsmart.app               I  ğŸ” Enviando autenticaÃ§Ã£o WebSocket imediatamente (v2.5)...
2025-12-09 12:04:15.722 12649-19973 SecureTokenStorage      com.cdccreditsmart.app               D  âœ… Usando IMEI para MDM: 3520***365
2025-12-09 12:04:15.722 12649-19978 LauncherIconProtector   com.cdccreditsmart.app               I  ğŸ“Š Ãcone restaurado 1 vezes
2025-12-09 12:04:15.722 12649-19978 IconProtectionWorker    com.cdccreditsmart.app               I  ğŸ“Š EstatÃ­sticas: Ã­cone restaurado 1 vezes
2025-12-09 12:04:15.723 12649-19978 IconProtectionWorker    com.cdccreditsmart.app               D  âœ… VerificaÃ§Ã£o de Ã­cone concluÃ­da
2025-12-09 12:04:15.724 12649-13195 MdmCommandReceiver      com.cdccreditsmart.app               D  â° Watchdog cancelado (conexÃ£o resolvida)
2025-12-09 12:04:15.726 12649-13181 WM-WorkerWrapper        com.cdccreditsmart.app               I  Worker result SUCCESS for Work [ id=c29b0dc7-96cb-4fe0-a1e3-98b91dbc8743, tags={ com.cdccreditsmart.app.workers.IconProtectionWorker } ]
2025-12-09 12:04:15.731 12649-19973 MdmCommandReceiver      com.cdccreditsmart.app               I  ğŸ” ========================================
2025-12-09 12:04:15.731 12649-19973 MdmCommandReceiver      com.cdccreditsmart.app               I  ğŸ” ENVIANDO AUTENTICAÃ‡ÃƒO WEBSOCKET
2025-12-09 12:04:15.731 12649-19973 MdmCommandReceiver      com.cdccreditsmart.app               I  ğŸ” ========================================
2025-12-09 12:04:15.731 12649-19973 MdmCommandReceiver      com.cdccreditsmart.app               I  ğŸ” serialNumber: 35209632...
2025-12-09 12:04:15.731 12649-19973 MdmCommandReceiver      com.cdccreditsmart.app               I  ğŸ” deviceToken: eyJhbGciOiJIUzI1NiIs...
2025-12-09 12:04:15.731 12649-19973 MdmCommandReceiver      com.cdccreditsmart.app               I  ğŸ” deviceFingerprint: N/A...
2025-12-09 12:04:15.731 12649-19973 MdmCommandReceiver      com.cdccreditsmart.app               I  ğŸ” imei: 3520***
2025-12-09 12:04:15.731 12649-19973 MdmCommandReceiver      com.cdccreditsmart.app               I  ğŸ” androidId: f38e7687...
2025-12-09 12:04:15.731 12649-19973 MdmCommandReceiver      com.cdccreditsmart.app               I  ğŸ” apkVersion: 1.0.0
2025-12-09 12:04:15.740 12649-19973 MdmCommandReceiver      com.cdccreditsmart.app               I  âœ… Mensagem de autenticaÃ§Ã£o enviada com sucesso (7 campos)
2025-12-09 12:04:15.741 12649-13195 MdmCommandReceiver      com.cdccreditsmart.app               I  ğŸ’“ Iniciando ping manual JSON (intervalo: 25s)
2025-12-09 12:04:15.741 12649-19973 MdmCommandReceiver      com.cdccreditsmart.app               D  â³ Polling jÃ¡ estÃ¡ ativo - ignorando chamada duplicada
2025-12-09 12:04:15.741 12649-19973 MdmCommandReceiver      com.cdccreditsmart.app               D  ğŸ“¥ Mensagem MDM recebida: {"type":"welcome","message":"Connected to unified WebSocket server","connectionId":"4c3e730b-cde8-4e48-8f0f-d12469757340","path":"/ws/mdm-policies","routerKey":"mdm-policies","timestamp":"2025-12-09T15:04:16.668Z","serverTime":"2025-12-09T15:04:16.668Z"}
2025-12-09 12:04:15.742 12649-13195 MdmCommandReceiver      com.cdccreditsmart.app               D  ğŸ“¥ JSON recebido: {"type":"welcome","message":"Connected to unified WebSocket server","connectionId":"4c3e730b-cde8-4e48-8f0f-d12469757340","path":"/ws/mdm-policies","routerKey":"mdm-policies","timestamp":"2025-12-09T15:04:16.668Z","serverTime":"2025-12-09T15:04:16.668Z"}
2025-12-09 12:04:15.755 12649-19973 MdmCommandReceiver      com.cdccreditsmart.app               D  ğŸ“¥ Mensagem MDM recebida: {"type":"auth_required","message":"Please authenticate via message with serialNumber, deviceFingerprint or androidId","timeout":60,"timestamp":"2025-12-09T15:04:16.670Z"}
2025-12-09 12:04:15.755 12649-13197 MdmCommandReceiver      com.cdccreditsmart.app               D  ğŸ“¥ JSON recebido: {"type":"auth_required","message":"Please authenticate via message with serialNumber, deviceFingerprint or androidId","timeout":60,"timestamp":"2025-12-09T15:04:16.670Z"}
2025-12-09 12:04:15.849 12649-13197 MdmCommandReceiver      com.cdccreditsmart.app               D  ğŸ“¨ Tipo de mensagem: auth_required
2025-12-09 12:04:15.849 12649-13197 MdmCommandReceiver      com.cdccreditsmart.app               W  âš ï¸ ========================================
2025-12-09 12:04:15.849 12649-13197 MdmCommandReceiver      com.cdccreditsmart.app               W  âš ï¸ AUTENTICAÃ‡ÃƒO REQUERIDA PELO SERVIDOR
2025-12-09 12:04:15.849 12649-13197 MdmCommandReceiver      com.cdccreditsmart.app               W  âš ï¸ ========================================
2025-12-09 12:04:15.849 12649-13197 MdmCommandReceiver      com.cdccreditsmart.app               W  âš ï¸ Reenviando mensagem de autenticaÃ§Ã£o...
2025-12-09 12:04:15.850 12649-13197 SecureTokenStorage      com.cdccreditsmart.app               D  âœ… Usando IMEI para MDM: 3520***365
2025-12-09 12:04:15.851 12649-13197 MdmCommandReceiver      com.cdccreditsmart.app               I  ğŸ” ========================================
2025-12-09 12:04:15.851 12649-13197 MdmCommandReceiver      com.cdccreditsmart.app               I  ğŸ” ENVIANDO AUTENTICAÃ‡ÃƒO WEBSOCKET
2025-12-09 12:04:15.851 12649-13197 MdmCommandReceiver      com.cdccreditsmart.app               I  ğŸ” ========================================
2025-12-09 12:04:15.851 12649-13197 MdmCommandReceiver      com.cdccreditsmart.app               I  ğŸ” serialNumber: 35209632...
2025-12-09 12:04:15.851 12649-13197 MdmCommandReceiver      com.cdccreditsmart.app               I  ğŸ” deviceToken: eyJhbGciOiJIUzI1NiIs...
2025-12-09 12:04:15.851 12649-13197 MdmCommandReceiver      com.cdccreditsmart.app               I  ğŸ” deviceFingerprint: N/A...
2025-12-09 12:04:15.851 12649-13197 MdmCommandReceiver      com.cdccreditsmart.app               I  ğŸ” imei: 3520***
2025-12-09 12:04:15.851 12649-13197 MdmCommandReceiver      com.cdccreditsmart.app               I  ğŸ” androidId: f38e7687...
2025-12-09 12:04:15.851 12649-13197 MdmCommandReceiver      com.cdccreditsmart.app               I  ğŸ” apkVersion: 1.0.0
2025-12-09 12:04:15.851 12649-13197 MdmCommandReceiver      com.cdccreditsmart.app               I  âœ… Mensagem de autenticaÃ§Ã£o enviada com sucesso (7 campos)
2025-12-09 12:04:15.886 12649-13195 MdmCommandReceiver      com.cdccreditsmart.app               D  ğŸ“¨ Tipo de mensagem: welcome
2025-12-09 12:04:15.902 12649-13195 MdmCommandReceiver      com.cdccreditsmart.app               D  ğŸ‘‹ Mensagem de boas-vindas do servidor
2025-12-09 12:04:15.929 12649-19979 SecureTokenStorage      com.cdccreditsmart.app               D  EncryptedSharedPreferences initialized successfully
2025-12-09 12:04:16.033 12649-19973 MdmCommandReceiver      com.cdccreditsmart.app               D  ğŸ“¥ Mensagem MDM recebida: {"type":"auth_error","message":"Device not found in system","timestamp":"2025-12-09T15:04:16.970Z"}
2025-12-09 12:04:16.046 12649-13195 MdmCommandReceiver      com.cdccreditsmart.app               D  ğŸ“¥ JSON recebido: {"type":"auth_error","message":"Device not found in system","timestamp":"2025-12-09T15:04:16.970Z"}
2025-12-09 12:04:16.071 12649-13195 MdmCommandReceiver      com.cdccreditsmart.app               D  ğŸ“¨ Tipo de mensagem: auth_error
