2025-12-09 15:24:41.515  1556-1655  WindowManager           pid-1556                             V  Sent Transition (#185) createdAt=12-09 15:24:41.325 via request=TransitionRequestInfo { type = OPEN, triggerTask = TaskInfo{userId=0 taskId=7 displayId=0 isRunning=true baseIntent=Intent { act=android.intent.action.MAIN cat=[android.intent.category.HOME] flg=0x10208000 cmp=com.transsion.XOSLauncher/com.android.launcher3.uioverrides.QuickstepLauncher } baseActivity=ComponentInfo{com.transsion.XOSLauncher/com.android.launcher3.uioverrides.QuickstepLauncher} topActivity=ComponentInfo{com.transsion.XOSLauncher/com.android.launcher3.uioverrides.QuickstepLauncher} origActivity=null realActivity=ComponentInfo{com.transsion.XOSLauncher/com.android.launcher3.uioverrides.QuickstepLauncher} numActivities=1 lastActiveTime=727846 supportsMultiWindow=false resizeMode=2 isResizeable=true minWidth=-1 minHeight=-1 defaultMinSize=110 token=WCT{RemoteToken{1538243 Task{ec84af3 #7 type=home I=com.transsion.XOSLauncher/com.android.launcher3.uioverrides.QuickstepLauncher}}} topActivityType=2 pictureInPictureParams=null shouldDockBigOverlays=false launchIntoPipHostTaskId=-1 lastParentTaskIdBeforePip=-1 displayCutoutSafeInsets=null topActivityInfo=ActivityInfo{b960272 com.android.launcher3.uioverrides.QuickstepLauncher} launchCookies=[] positionInParent=Point(0, 0) parentTaskId=-1 isFocused=true isVisible=true isVisibleRequested=true isSleeping=false locusId=LocusId[17_chars] displayAreaFeatureId=1 isTopActivityTransparent=false appCompatTaskInfo=AppCompatTaskInfo { topActivityInSizeCompat=false topActivityEligibleForLetterboxEducation= falseisLetterboxEducationEnabled= false isLetterboxDoubleTapEnabled= false topActivityEligibleForUserAspectRatioButton= false topActivityBoundsLetterboxed= false isFromLetterboxDoubleTap= false topActivityLetterboxVerticalPosition= -1 topActivityLetterboxHorizontalPosition= -1 topActivityLetterboxWidth=1080 topActivityLetterboxHeight=2436 isUserFullscreenOverrideEnabled=false isSystemFullscreenOverrideEnabled=false cameraCompatTaskInfo=CameraCompatTaskInfo { cameraCompatControlState=hidden freeformCameraCompatMode=inactive}}}, pipTask = null, remoteTransition = null, displayChange = null, flags = 0, debugId = 185 }
2025-12-09 15:24:41.515  1556-1655  WindowManager           pid-1556                             V      startWCT=WindowContainerTransaction { changes = {} hops = [] errorCallbackToken=null taskFragmentOrganizer=null mInterrupt=false }
2025-12-09 15:24:41.515  1556-1655  WindowManager           pid-1556                             V      info={id=185 t=OPEN f=0x0 trk=0 r=[0@Point(0, 0)] c=[
                                                                                                            {null m=OPEN f=STARTING_WINDOW_TRANSFER|FILLS_TASK|IS_BEHIND_STARTING_WINDOW leash=Surface(name=ActivityRecord{8d194d5 u0 com.cdccreditsmart.app/.presentation.MainActivity t36})/@0x767f6ba sb=Rect(0, 0 - 0, 0) eb=Rect(0, 0 - 1080, 2436) mSimplifyStartAbsBounds=Rect(0, 0 - 0, 0) d=-1->0 r=-1->0:-1 bc=ff000000 component=com.cdccreditsmart.app/.presentation.MainActivity},
                                                                                                            {null m=TO_BACK f=FILLS_TASK|IS_BEHIND_STARTING_WINDOW leash=Surface(name=ActivityRecord{1193933 u0 com.cdccreditsmart.app/.presentation.MainActivity t36})/@0x62bbe5 sb=Rect(0, 0 - 1080, 2436) eb=Rect(0, 0 - 1080, 2436) mSimplifyStartAbsBounds=Rect(0, 0 - 0, 0) d=0 bc=ff000000 component=com.cdccreditsmart.app/.presentation.MainActivity}
                                                                                                        ]}
2025-12-09 15:24:41.516  1556-1655  WindowManager           pid-1556                             V  Finish Transition (#184): created at 12-09 15:24:40.865 collect-started=0.051ms request-sent=23.311ms started=39.979ms ready=58.659ms sent=214.889ms finished=647.437ms
2025-12-09 15:24:41.516 23345-23345 VRI[ZeroScreen]         pid-23345                            D  visibilityChanged oldVisibility=true newVisibility=false
2025-12-09 15:24:41.517  1556-3641  MagellanHandle          pid-1556                             D  updateRefreshRateForSceneVsyncs what = 21
2025-12-09 15:24:41.517 22568-22592 ShellEventHandler       pid-22568                            D  onTransitionFinished NONE token=android.os.BinderProxy@b3654c7
2025-12-09 15:24:41.517  3568-3568  VRI[QuickstepLauncher]  pid-3568                             D  visibilityChanged oldVisibility=true newVisibility=false
2025-12-09 15:24:41.517 22568-22592 WindowManagerShell      pid-22568                            V  Track 0 became idle
2025-12-09 15:24:41.520 22568-22592 WindowManagerShell      pid-22568                            V  onTransitionReady (#185) android.os.BinderProxy@7b4f354: {id=185 t=OPEN f=0x0 trk=0 r=[0@Point(0, 0)] c=[{null m=OPEN f=STARTING_WINDOW_TRANSFER|FILLS_TASK|IS_BEHIND_STARTING_WINDOW leash=Surface(name=ActivityRecord{8d194d5 u0 com.cdccreditsmart.app/.presentation.MainActivity t36})/@0xbf6a397 sb=Rect(0, 0 - 0, 0) eb=Rect(0, 0 - 1080, 2436) mSimplifyStartAbsBounds=Rect(0, 0 - 0, 0) d=-1->0 r=-1->0:-1 bc=ff000000 component=com.cdccreditsmart.app/.presentation.MainActivity},{null m=TO_BACK f=FILLS_TASK|IS_BEHIND_STARTING_WINDOW leash=Surface(name=ActivityRecord{1193933 u0 com.cdccreditsmart.app/.presentation.MainActivity t36})/@0xba5d984 sb=Rect(0, 0 - 1080, 2436) eb=Rect(0, 0 - 1080, 2436) mSimplifyStartAbsBounds=Rect(0, 0 - 0, 0) d=0 bc=ff000000 component=com.cdccreditsmart.app/.presentation.MainActivity}]}
2025-12-09 15:24:41.521 22568-22592 WindowManagerShell      pid-22568                            V  Non-visible anim so abort: (#185) android.os.BinderProxy@7b4f354@0
2025-12-09 15:24:41.521 22568-22592 ShellTransitions        pid-22568                            W  Force apply visibility for startingWindowEmbeddedChange = {null m=OPEN f=STARTING_WINDOW_TRANSFER|FILLS_TASK|IS_BEHIND_STARTING_WINDOW leash=Surface(name=ActivityRecord{8d194d5 u0 com.cdccreditsmart.app/.presentation.MainActivity t36})/@0xbf6a397 sb=Rect(0, 0 - 0, 0) eb=Rect(0, 0 - 1080, 2436) mSimplifyStartAbsBounds=Rect(0, 0 - 0, 0) d=-1->0 r=-1->0:-1 bc=ff000000 component=com.cdccreditsmart.app/.presentation.MainActivity}
2025-12-09 15:24:41.521  1013-1013  BufferQueueDebug        pid-1013                             I  [ActivityRecord{442b05a u0 com.cdccreditsmart.app/.presentation.MainActivity t36}#2115](this:0xb400007184f61628,id:-1,api:0,p:-1,c:1013) onDestructor()
2025-12-09 15:24:41.521  1013-1013  SurfaceFlinger          pid-1013                             I  onHandleDestroyed: name=Transition Root: Task=36#2163, layerId=2163, parentId=0
2025-12-09 15:24:41.522 22568-22592 ShellTrans..._interrupt pid-22568                            D  isOpenOrCloseMode: falseisInterruptedTask: false isSplitMode: false isTranssionLauncher: false
2025-12-09 15:24:41.522 22568-22592 ShellTrans..._interrupt pid-22568                            D  isIconLaunchRemoteTransitionInterrupted isopenorclose: false   mHasPlayingTransitions: false mFinishHasPlayingTransitions: false
2025-12-09 15:24:41.522 22568-22592 ShellTrans..._interrupt pid-22568                            D  processReadyQueuemIfTransitionReUseLeash: false
2025-12-09 15:24:41.522  1556-1983  WindowManager           pid-1556                             I    isAnimating=false  okToAnimate=true  win=Window{accd15b u0 ZeroScreen}
2025-12-09 15:24:41.523 22568-22592 ShellTrans..._interrupt pid-22568                            D  isOpenOrCloseMode: falseisInterruptedTask: false isSplitMode: false isTranssionLauncher: false
2025-12-09 15:24:41.523 22568-22592 ShellTrans..._interrupt pid-22568                            D  isIconLaunchRemoteTransitionInterrupted isopenorclose: false   mHasPlayingTransitions: false mFinishHasPlayingTransitions: false
2025-12-09 15:24:41.523 22568-22592 ShellTrans..._interrupt pid-22568                            D  onFinish: isLauncherReUseLeash = false
2025-12-09 15:24:41.523  4987-15821 SmartEventManager       pid-4987                             D  dispatchEvent event: SmartEvent(action=activity_check, extras=Bundle[{is_activity_check=true}])
2025-12-09 15:24:41.523 22568-22592 WindowManagerShell      pid-22568                            V  Transition animation finished (aborted=true), notifying core (#185) android.os.BinderProxy@7b4f354@0
2025-12-09 15:24:41.523  4987-15821 SmartPanelService       pid-4987                             I  activityCheck pkgName: com.cdccreditsmart.app, className: com.cdccreditsmart.app.presentation.MainActivity isResume=false isDrawn = false
2025-12-09 15:24:41.523  4987-15821 MultiWindowUtils        pid-4987                             I  pkg in multi window
2025-12-09 15:24:41.523 22568-22592 ShellTransitions        pid-22568                            D  Applied finish transaction
2025-12-09 15:24:41.523 22568-22592 ShellTrans..._interrupt pid-22568                            D  onFinish finish apply
2025-12-09 15:24:41.523  4987-4987  SmartPanelRepository    pid-4987                             I  hasLoadData true  data size = 11
2025-12-09 15:24:41.525  4987-4987  SceneController         pid-4987                             D  checkCanShow canShow: true  changed false 
2025-12-09 15:24:41.528  3456-4831  TranTele/T...aceManager pid-3456                             I  [onReceive] action: android.net.wifi.RSSI_CHANGED
2025-12-09 15:24:41.530  1013-1013  BufferQueueDebug        pid-1013                             I  [Transition Root: Task=36#2163](this:0xb400007184ee6ef8,id:-1,api:0,p:-1,c:1013) onDestructor()
2025-12-09 15:24:41.531  1556-1556  PayJoyAccessService     pid-1556                             D  new package going to top com.cdccreditsmart.app
2025-12-09 15:24:41.532  1556-2987  AppWidgetServiceImpl    pid-1556                             D  Trying to notify widget providers changed
2025-12-09 15:24:41.532  4987-17363 SmartPanelService       pid-4987                             I  onTaskFocusChanged taskId: 7  focused: false
2025-12-09 15:24:41.532  4987-17363 SmartPanelService       pid-4987                             I  onTaskFocusChanged taskId: 36  focused: true
2025-12-09 15:24:41.536  1556-1823  TranMemcgComponentImpl  pid-1556                             D  diedProcNameList=[]
2025-12-09 15:24:41.536  1556-1823  TranMemcgComponentImpl  pid-1556                             D  getBufferSize=3; 3
2025-12-09 15:24:41.537  1556-1981  ParceledListSlice       pid-1556                             W  Element #41 is 19508 bytes.
2025-12-09 15:24:41.537  1556-2042  EventHub                pid-1556                             D  getevents BTN_TOUCH DOWN
2025-12-09 15:24:41.537  1556-1981  ParceledListSlice       pid-1556                             W  Element #42 is 19544 bytes.
2025-12-09 15:24:41.537  1556-1981  ParceledListSlice       pid-1556                             W  Element #43 is 19384 bytes.
2025-12-09 15:24:41.537  1556-4915  ParceledListSlice       pid-1556                             W  Element #44 is 19472 bytes.
2025-12-09 15:24:41.537  1556-4915  ParceledListSlice       pid-1556                             W  Element #45 is 19408 bytes.
2025-12-09 15:24:41.541   662-662   TlcKM                   pid-662                              D  TEE_Update
2025-12-09 15:24:41.541   662-662   TlcKM                   pid-662                              D  split_update_chunks
2025-12-09 15:24:41.543  1556-3831  Hiber/hiber             pid-1556                             I  begin socketDestroy, mUid: 10278
2025-12-09 15:24:41.543 27009-27009 ActivityThread          pid-27009                            D  ++ activityComponent:com.cdccreditsmart.app/com.cdccreditsmart.app.presentation.MainActivity counts:2 ALEAK_CLEAR_SUPPORT:true
2025-12-09 15:24:41.544   662-662   TlcKM                   pid-662                              D  TEE_Update exiting with 0
2025-12-09 15:24:41.544  1556-4410  TranActivi...gerService pid-1556                             D  getIsFloatingWindow mode = 1
2025-12-09 15:24:41.544  1556-4406  WindowManager           pid-1556                             I    isAnimating=false  okToAnimate=true  win=Window{978a5ab u0 com.transsion.XOSLauncher/com.android.launcher3.uioverrides.QuickstepLauncher}
2025-12-09 15:24:41.545   662-662   TlcKM                   pid-662                              D  TEE_Finish
2025-12-09 15:24:41.545   662-662   TlcKM                   pid-662                              D  split_update_chunks
2025-12-09 15:24:41.545   662-662   TlcKM                   pid-662                              D  release_operation_slot: release op slot #0 (handle 0x514ea7f1060c398c; 0 ops live)
2025-12-09 15:24:41.545   662-662   TlcKM                   pid-662                              D  TEE_Finish exiting with 0
2025-12-09 15:24:41.546  1556-3641  WindowOrga...Controller pid-1556                             D  WCT isInterrupt: false
2025-12-09 15:24:41.547  1556-1876  Process                 pid-1556                             I  String at 0: 0x7edb43d601 = SFMainPolicy
2025-12-09 15:24:41.547  4987-14063 THubApi                 pid-4987                             D  getWindowingMode TaskInfo{userId=0 taskId=36 displayId=0 isRunning=true baseIntent=Intent { flg=0x34008000 cmp=com.cdccreditsmart.app/.presentation.MainActivity } baseActivity=ComponentInfo{com.cdccreditsmart.app/com.cdccreditsmart.app.presentation.MainActivity} topActivity=ComponentInfo{com.cdccreditsmart.app/com.cdccreditsmart.app.presentation.MainActivity} origActivity=null realActivity=ComponentInfo{com.cdccreditsmart.app/com.cdccreditsmart.app.presentation.MainActivity} numActivities=1 lastActiveTime=728060 supportsMultiWindow=true resizeMode=1 isResizeable=true minWidth=-1 minHeight=-1 defaultMinSize=110 token=WCT{android.window.IWindowContainerToken$Stub$Proxy@4a486ee} topActivityType=1 pictureInPictureParams=null shouldDockBigOverlays=false launchIntoPipHostTaskId=-1 lastParentTaskIdBeforePip=-1 displayCutoutSafeInsets=null topActivityInfo=ActivityInfo{53e278f com.cdccreditsmart.app.presentation.MainActivity} launchCookies=[] positionInParent=Point(0, 0) parentTaskId=-1 isFocused=true isVisible=true isVisibleRequested=true isSleeping=false locusId=null displayAreaFeatureId=1 isTopActivityTransparent=false appCompatTaskInfo=AppCompatTaskInfo { topActivityInSizeCompat=false topActivityEligibleForLetterboxEducation= falseisLetterboxEducationEnabled= false isLetterboxDoubleTapEnabled= false topActivityEligibleForUserAspectRatioButton= false topActivityBoundsLetterboxed= false isFromLetterboxDoubleTap= false topActivityLetterboxVerticalPosition= -1 topActivityLetterboxHorizontalPosition= -1 topActivityLetterboxWidth=1080 topActivityLetterboxHeight=2436 isUserFullscreenOverrideEnabled=false isSystemFullscreenOverrideEnabled=false cameraCompatTaskInfo=CameraCompatTaskInfo { cameraCompatControlState=hidden freeformCameraCompatMode=inactive}}}
2025-12-09 15:24:41.547  1556-1876  Process                 pid-1556                             I  String at 0: 0x7edb43d601 = SFRenderEnginePolicy
2025-12-09 15:24:41.548  1556-2041  InputDispatcher         pid-1556                             D  No new touched window at (433.8, 2435.8) in display 0
2025-12-09 15:24:41.548   955-975   AppFlingMode            pid-955                              D  [CheckAppFlingHint] 25 com.cdccreditsmart.app 90
2025-12-09 15:24:41.548  1556-1655  WindowManager           pid-1556                             V  Finish Transition (#185): created at 12-09 15:24:41.325 collect-started=0.106ms request-sent=21.277ms started=71.574ms ready=162.621ms sent=169.883ms finished=221.068ms
2025-12-09 15:24:41.548  4987-4987  TouchSliderConsumer     pid-4987                             D  onInputEvent : ACTION_DOWN
2025-12-09 15:24:41.548  4987-4987  TouchSliderConsumer     pid-4987                             D  consumeTouchEvent : 433.75 2435.75 RectF(1035.0, 294.0, 1083.0, 660.0) 
2025-12-09 15:24:41.550  1556-3641  WindowManager           pid-1556                             I    isAnimating=false  okToAnimate=true  win=Window{f0fdbdc u0 com.cdccreditsmart.app/com.cdccreditsmart.app.presentation.MainActivity}
2025-12-09 15:24:41.551  1556-3641  MagellanHandle          pid-1556                             D  updateRefreshRateForSceneVsyncs what = 21
2025-12-09 15:24:41.551 22568-22802 TrEdgeBack...ureHandler pid-22568                            D  isWithinTouchRegion: false withinRange:false
2025-12-09 15:24:41.551 22568-22592 ShellEventHandler       pid-22568                            D  onTransitionFinished OPEN token=android.os.BinderProxy@7b4f354
2025-12-09 15:24:41.551 22568-22592 WindowManagerShell      pid-22568                            V  Track 0 became idle
2025-12-09 15:24:41.551 22568-22592 WindowManagerShell      pid-22568                            V  All active transition animations finished
2025-12-09 15:24:41.551   662-662   TlcKM                   pid-662                              D  TEE_Abort
2025-12-09 15:24:41.551   662-662   TlcKM                   pid-662                              E  lookup_operation: op 0x514ea7f1060c398c not found
2025-12-09 15:24:41.551   662-662   TlcKM                   pid-662                              E  lookup_operation(session, operation_handle, &op) == -28
2025-12-09 15:24:41.551   662-662   TlcKM                   pid-662                              D  TEE_Abort exiting with -28
2025-12-09 15:24:41.552  3568-3568  BLASTBufferQueue        pid-3568                             D  [VRI[QuickstepLauncher]#47](f:0,a:1) destructor()
2025-12-09 15:24:41.552  3568-3568  BufferQueueConsumer     pid-3568                             D  [VRI[QuickstepLauncher]#47(BLAST Consumer)47](id:df000000033,api:0,p:-1,c:3568) disconnect
2025-12-09 15:24:41.553  1556-1887  mtkpower_client         pid-1556                             I  perf_lock_rel, hdl:2729, tid:1887
2025-12-09 15:24:41.556 23345-23345 BLASTBufferQueue        pid-23345                            D  [VRI[ZeroScreen]#29](f:0,a:1) destructor()
2025-12-09 15:24:41.556 23345-23345 BufferQueueConsumer     pid-23345                            D  [VRI[ZeroScreen]#29(BLAST Consumer)29](id:5b310000001d,api:0,p:-1,c:23345) disconnect
2025-12-09 15:24:41.557  1556-1659  SurfaceComposerClient   pid-1556                             D  Transaction::apply InputWindowCommands.focusRequests timestamp=728056551735, windowName=<null>
2025-12-09 15:24:41.557  1556-1887  mtkpower_client         pid-1556                             I  perf_lock_rel, hdl:2729, tid:1887
2025-12-09 15:24:41.559  1556-3831  TranNetwor...tiLinkImpl pid-1556                             D  linkTurb destorySocketByUid  uid :10278
2025-12-09 15:24:41.559  1556-3831  Hiber/hiber             pid-1556                             I  clearDnsCache again!!!
2025-12-09 15:24:41.561  4987-15821 SmartEventManager       pid-4987                             D  dispatchEvent event: SmartEvent(action=activity_check, extras=Bundle[{is_activity_check=true}])
2025-12-09 15:24:41.561  4987-18217 SmartPanelService       pid-4987                             I  activityCheck pkgName: com.cdccreditsmart.app, className: com.cdccreditsmart.app.presentation.MainActivity isResume=true isDrawn = false
2025-12-09 15:24:41.561  4987-18217 MultiWindowUtils        pid-4987                             I  pkg in multi window
2025-12-09 15:24:41.561  4987-4987  SmartPanelRepository    pid-4987                             I  hasLoadData true  data size = 11
2025-12-09 15:24:41.562  1556-1983  MagellanHandle          pid-1556                             D  updateRefreshRateForSceneVsyncs what = 23
2025-12-09 15:24:41.562  4987-4987  SceneController         pid-4987                             D  checkCanShow canShow: true  changed false 
2025-12-09 15:24:41.563  1556-1823  TranMemcgComponentImpl  pid-1556                             D  buffer not full, no need release
2025-12-09 15:24:41.566   660-24972 keystore2               pid-660                              I  system/security/keystore2/src/security_level.rs:235 - create_operation start
2025-12-09 15:24:41.566   660-24972 keystore2               pid-660                              I  system/security/keystore2/src/security_level.rs:237 - caller_pid=27009
2025-12-09 15:24:41.566   660-24972 keystore2               pid-660                              I  system/security/keystore2/src/security_level.rs:238 - caller_uid=10287
2025-12-09 15:24:41.566   660-24972 keystore2               pid-660                              I  system/security/keystore2/src/security_level.rs:239 - forced=false
2025-12-09 15:24:41.566   660-24972 keystore2               pid-660                              I  system/security/keystore2/src/security_level.rs:240 - key.domain=r#KEY_ID
2025-12-09 15:24:41.566   660-24972 keystore2               pid-660                              I  system/security/keystore2/src/security_level.rs:241 - key.alias=None
2025-12-09 15:24:41.566   660-24972 keystore2               pid-660                              I  system/security/keystore2/src/security_level.rs:277 - with_try_import start
2025-12-09 15:24:41.566   660-24972 keystore2               pid-660                              I  system/security/keystore2/src/security_level.rs:299 - with_try_import end
2025-12-09 15:24:41.566   660-24972 keystore2               pid-660                              I  system/security/keystore2/src/security_level.rs:333 - authorize_create start
2025-12-09 15:24:41.566   660-24972 keystore2               pid-660                              I  system/security/keystore2/src/security_level.rs:344 - authorize_create end
2025-12-09 15:24:41.566   660-24972 keystore2               pid-660                              I  system/security/keystore2/src/security_level.rs:345 - unwrap_key_if_required start
2025-12-09 15:24:41.566   660-24972 keystore2               pid-660                              I  system/security/keystore2/src/security_level.rs:353 - unwrap_key_if_required end
2025-12-09 15:24:41.566   660-24972 keystore2               pid-660                              I  system/security/keystore2/src/security_level.rs:354 - upgrade_keyblob_if_required_with start
2025-12-09 15:24:41.567   662-662   TlcKM                   pid-662                              D  TEE_Begin 5.0
2025-12-09 15:24:41.567   662-662   TlcKM                   pid-662                              D  purpose = 0x00000001
2025-12-09 15:24:41.567   662-662   TlcKM                   pid-662                              D  find_spare_operation_slot: allocate op 0x1c56253c2a5215d0 to slot #0 (1 ops live)
2025-12-09 15:24:41.568   662-662   TlcKM                   pid-662                              D  TEE_Begin exiting with 0
2025-12-09 15:24:41.568   660-24972 keystore2               pid-660                              I  system/security/keystore2/src/security_level.rs:395 - upgrade_keyblob_if_required_with end
2025-12-09 15:24:41.568   660-24972 keystore2               pid-660                              I  system/security/keystore2/src/enforcements.rs:249 - finalize_create_authorization self.state=NoAuthRequired
2025-12-09 15:24:41.568   660-24972 keystore2               pid-660                              I  system/security/keystore2/src/security_level.rs:401 - operation_db.create_operation start
2025-12-09 15:24:41.568   660-24972 keystore2               pid-660                              I  system/security/keystore2/src/security_level.rs:419 - operation_db.create_operation end
2025-12-09 15:24:41.569   662-662   TlcKM                   pid-662                              D  TEE_Update
2025-12-09 15:24:41.569   662-662   TlcKM                   pid-662                              D  split_update_chunks
2025-12-09 15:24:41.570   662-662   TlcKM                   pid-662                              D  TEE_Update exiting with 0
2025-12-09 15:24:41.570   662-662   TlcKM                   pid-662                              D  TEE_Finish
2025-12-09 15:24:41.570   662-662   TlcKM                   pid-662                              D  split_update_chunks
2025-12-09 15:24:41.571   662-662   TlcKM                   pid-662                              D  release_operation_slot: release op slot #0 (handle 0x1c56253c2a5215d0; 0 ops live)
2025-12-09 15:24:41.571   662-662   TlcKM                   pid-662                              D  TEE_Finish exiting with 0
2025-12-09 15:24:41.571   662-662   TlcKM                   pid-662                              D  TEE_Abort
2025-12-09 15:24:41.571   662-662   TlcKM                   pid-662                              E  lookup_operation: op 0x1c56253c2a5215d0 not found
2025-12-09 15:24:41.571   662-662   TlcKM                   pid-662                              E  lookup_operation(session, operation_handle, &op) == -28
2025-12-09 15:24:41.571   662-662   TlcKM                   pid-662                              D  TEE_Abort exiting with -28
2025-12-09 15:24:41.572 27009-27095 ContractCodeStorage     pid-27009                            D  Verification complete: 7/7 locations valid
2025-12-09 15:24:41.572 27009-27095 SecureTokenStorage      pid-27009                            D  Auth token saved successfully (contract code via ContractCodeStorage, deviceId: device_176...)
2025-12-09 15:24:41.572 27009-27095 AuthOrchestrator        pid-27009                            D  ðŸ’¾ DeviceId salvo: device_176...
2025-12-09 15:24:41.572 27009-27095 AuthOrchestrator        pid-27009                            D  ValidaÃ§Ã£o do token no servidor: SUCESSO
2025-12-09 15:24:41.572 27009-27095 AuthOrchestrator        pid-27009                            D  âœ… Token vÃ¡lido - autenticaÃ§Ã£o OK!
2025-12-09 15:24:41.572 27009-27095 AuthOrchestrator        pid-27009                            I  ðŸ”§ Garantindo que CdcForegroundService estÃ¡ rodando...
2025-12-09 15:24:41.572  1013-1013  SurfaceFlinger          pid-1013                             D  Focus addInputWindowCommands timestamp=728056551735, windowName=<null>
2025-12-09 15:24:41.573  1013-1013  SurfaceFlinger          pid-1013                             I  onHandleDestroyed: name=com.facebook.appmanager/com.facebook.oxygen.appmanager.ui.landing.StubInstallActivity#2151, layerId=2151, parentId=0
2025-12-09 15:24:41.573 27009-27225 AuthOrchestrator        pid-27009                            D  ðŸ”” Registrando FCM token apÃ³s validaÃ§Ã£o de authToken...
2025-12-09 15:24:41.573  1013-1013  SurfaceFlinger          pid-1013                             I  onHandleDestroyed: name=79d14f0 ActivityRecordInputSink com.cdccreditsmart.app/.presentation.MainActivity#2164, layerId=2164, parentId=0
2025-12-09 15:24:41.573  1013-1013  SurfaceFlinger          pid-1013                             I  onHandleDestroyed: name=a1c902d ActivityRecordInputSink com.transsion.XOSLauncher/com.android.launcher3.uioverrides.QuickstepLauncher#2132, layerId=2132, parentId=0
2025-12-09 15:24:41.575 27009-27225 FcmTokenManager         pid-27009                            D  ========== REGISTERING FCM TOKEN WITH BACKEND ==========
2025-12-09 15:24:41.576  1556-4925  os.permiss...issionInfo pid-1556                             D  checkPermission 10168:android.permission.BIND_APPWIDGET:true
2025-12-09 15:24:41.576  1556-4925  os.permission           pid-1556                             I  Grant permission: android.permission.BIND_APPWIDGET to uid: 10168
2025-12-09 15:24:41.577  1013-2022  SurfaceFlinger          pid-1013                             D  updateWinowInfo=1, setFocusedWindow timestamp=728056551735, windowName=<null>
2025-12-09 15:24:41.577 27009-27225 FcmTokenManager         pid-27009                            D  Current FCM token retrieved: dSjoyECwTo2iVTKKz0la...
2025-12-09 15:24:41.580  1013-1013  BufferQueueProducer     pid-1013                             I  [NavigationBar0#1210](this:0xb400007184eb95f8,id:-1,api:0,p:-1,c:1013) queueBuffer: fps=58.09 dur=1153.32 max=343.31 min=7.61
2025-12-09 15:24:41.581  1013-1013  BufferQueueDebug        pid-1013                             I  [a1c902d ActivityRecordInputSink com.transsion.XOSLauncher/com.android.launcher3.uioverrides.QuickstepLauncher#2132](this:0xb400007184e52db8,id:-1,api:0,p:-1,c:1013) onDestructor()
2025-12-09 15:24:41.582  1013-1013  BufferQueueDebug        pid-1013                             I  [79d14f0 ActivityRecordInputSink com.cdccreditsmart.app/.presentation.MainActivity#2164](this:0xb400007184f9d2f8,id:-1,api:0,p:-1,c:1013) onDestructor()
2025-12-09 15:24:41.582  1013-1013  BufferQueueDebug        pid-1013                             I  [com.facebook.appmanager/com.facebook.oxygen.appmanager.ui.landing.StubInstallActivity#2151](this:0xb400007184fb11e8,id:-1,api:0,p:-1,c:1013) onDestructor()
2025-12-09 15:24:41.582   660-24972 keystore2               pid-660                              I  system/security/keystore2/src/security_level.rs:235 - create_operation start
2025-12-09 15:24:41.582   660-24972 keystore2               pid-660                              I  system/security/keystore2/src/security_level.rs:237 - caller_pid=27009
2025-12-09 15:24:41.582   660-24972 keystore2               pid-660                              I  system/security/keystore2/src/security_level.rs:238 - caller_uid=10287
2025-12-09 15:24:41.582   660-24972 keystore2               pid-660                              I  system/security/keystore2/src/security_level.rs:239 - forced=false
2025-12-09 15:24:41.582   660-24972 keystore2               pid-660                              I  system/security/keystore2/src/security_level.rs:240 - key.domain=r#KEY_ID
2025-12-09 15:24:41.582   660-24972 keystore2               pid-660                              I  system/security/keystore2/src/security_level.rs:241 - key.alias=None
2025-12-09 15:24:41.582   660-24972 keystore2               pid-660                              I  system/security/keystore2/src/security_level.rs:277 - with_try_import start
2025-12-09 15:24:41.583   660-24972 keystore2               pid-660                              I  system/security/keystore2/src/security_level.rs:299 - with_try_import end
2025-12-09 15:24:41.583   660-24972 keystore2               pid-660                              I  system/security/keystore2/src/security_level.rs:333 - authorize_create start
2025-12-09 15:24:41.583   660-24972 keystore2               pid-660                              I  system/security/keystore2/src/security_level.rs:344 - authorize_create end
2025-12-09 15:24:41.583   660-24972 keystore2               pid-660                              I  system/security/keystore2/src/security_level.rs:345 - unwrap_key_if_required start
2025-12-09 15:24:41.583   660-24972 keystore2               pid-660                              I  system/security/keystore2/src/security_level.rs:353 - unwrap_key_if_required end
2025-12-09 15:24:41.583   660-24972 keystore2               pid-660                              I  system/security/keystore2/src/security_level.rs:354 - upgrade_keyblob_if_required_with start
2025-12-09 15:24:41.583   662-662   TlcKM                   pid-662                              D  TEE_Begin 5.0
2025-12-09 15:24:41.583   662-662   TlcKM                   pid-662                              D  purpose = 0x00000000
2025-12-09 15:24:41.584   662-662   TlcKM                   pid-662                              D  find_spare_operation_slot: allocate op 0x142b8b5479a260e5 to slot #0 (1 ops live)
2025-12-09 15:24:41.584   662-662   TlcKM                   pid-662                              D  TEE_Begin exiting with 0
2025-12-09 15:24:41.584   660-24972 keystore2               pid-660                              I  system/security/keystore2/src/security_level.rs:395 - upgrade_keyblob_if_required_with end
2025-12-09 15:24:41.584   660-24972 keystore2               pid-660                              I  system/security/keystore2/src/enforcements.rs:249 - finalize_create_authorization self.state=NoAuthRequired
2025-12-09 15:24:41.584   660-24972 keystore2               pid-660                              I  system/security/keystore2/src/security_level.rs:401 - operation_db.create_operation start
2025-12-09 15:24:41.584   660-24972 keystore2               pid-660                              I  system/security/keystore2/src/security_level.rs:419 - operation_db.create_operation end
2025-12-09 15:24:41.585   662-662   TlcKM                   pid-662                              D  TEE_Update
2025-12-09 15:24:41.585   662-662   TlcKM                   pid-662                              D  split_update_chunks
2025-12-09 15:24:41.586   662-662   TlcKM                   pid-662                              D  TEE_Update exiting with 0
2025-12-09 15:24:41.587   662-662   TlcKM                   pid-662                              D  TEE_Finish
2025-12-09 15:24:41.587   662-662   TlcKM                   pid-662                              D  split_update_chunks
2025-12-09 15:24:41.587   662-662   TlcKM                   pid-662                              D  release_operation_slot: release op slot #0 (handle 0x142b8b5479a260e5; 0 ops live)
2025-12-09 15:24:41.587   662-662   TlcKM                   pid-662                              D  TEE_Finish exiting with 0
2025-12-09 15:24:41.587   662-662   TlcKM                   pid-662                              D  TEE_Abort
2025-12-09 15:24:41.587   662-662   TlcKM                   pid-662                              E  lookup_operation: op 0x142b8b5479a260e5 not found
2025-12-09 15:24:41.587   662-662   TlcKM                   pid-662                              E  lookup_operation(session, operation_handle, &op) == -28
2025-12-09 15:24:41.587   662-662   TlcKM                   pid-662                              D  TEE_Abort exiting with -28
2025-12-09 15:24:41.589   660-24972 keystore2               pid-660                              I  system/security/keystore2/src/security_level.rs:235 - create_operation start
2025-12-09 15:24:41.589   660-24972 keystore2               pid-660                              I  system/security/keystore2/src/security_level.rs:237 - caller_pid=27009
2025-12-09 15:24:41.589   660-24972 keystore2               pid-660                              I  system/security/keystore2/src/security_level.rs:238 - caller_uid=10287
2025-12-09 15:24:41.589   660-24972 keystore2               pid-660                              I  system/security/keystore2/src/security_level.rs:239 - forced=false
2025-12-09 15:24:41.589   660-24972 keystore2               pid-660                              I  system/security/keystore2/src/security_level.rs:240 - key.domain=r#KEY_ID
2025-12-09 15:24:41.589   660-24972 keystore2               pid-660                              I  system/security/keystore2/src/security_level.rs:241 - key.alias=None
2025-12-09 15:24:41.589   660-24972 keystore2               pid-660                              I  system/security/keystore2/src/security_level.rs:277 - with_try_import start
2025-12-09 15:24:41.590   660-24972 keystore2               pid-660                              I  system/security/keystore2/src/security_level.rs:299 - with_try_import end
2025-12-09 15:24:41.590   660-24972 keystore2               pid-660                              I  system/security/keystore2/src/security_level.rs:333 - authorize_create start
2025-12-09 15:24:41.590   660-24972 keystore2               pid-660                              I  system/security/keystore2/src/security_level.rs:344 - authorize_create end
2025-12-09 15:24:41.590   660-24972 keystore2               pid-660                              I  system/security/keystore2/src/security_level.rs:345 - unwrap_key_if_required start
2025-12-09 15:24:41.590   660-24972 keystore2               pid-660                              I  system/security/keystore2/src/security_level.rs:353 - unwrap_key_if_required end
2025-12-09 15:24:41.590   660-24972 keystore2               pid-660                              I  system/security/keystore2/src/security_level.rs:354 - upgrade_keyblob_if_required_with start
2025-12-09 15:24:41.590   662-662   TlcKM                   pid-662                              D  TEE_Begin 5.0
2025-12-09 15:24:41.590   662-662   TlcKM                   pid-662                              D  purpose = 0x00000001
2025-12-09 15:24:41.590  1013-1013  DisplayModeController   pid-1013                             D  setDesiredMode 0 {mode={fps=60.00 Hz, modePtr={id=1, vsyncRate=60.00 Hz, peakRefreshRate=60.00 Hz}}, emitEvent=true, force=false}
2025-12-09 15:24:41.590  1013-1013  Scheduler               pid-1013                             D  MtkOverrideDuration: update vsync 60
2025-12-09 15:24:41.590  1013-1013  SurfaceFlinger          pid-1013                             E  MtkDuration override mode is disabled
2025-12-09 15:24:41.590  1013-1013  Scheduler               pid-1013                             D  MtkOverrideDuration: reset override duration
2025-12-09 15:24:41.590  1013-1013  PowerHalWrapper         pid-1013                             I  updateFps(): 60
2025-12-09 15:24:41.591   926-1196  hwcomposer              pid-926                              I  [HWC] (0) displaySetActiveConfig config:1  
2025-12-09 15:24:41.591   662-662   TlcKM                   pid-662                              D  find_spare_operation_slot: allocate op 0x35ad4a73374d9cc4 to slot #0 (1 ops live)
2025-12-09 15:24:41.591   662-662   TlcKM                   pid-662                              D  TEE_Begin exiting with 0
2025-12-09 15:24:41.592   660-24972 keystore2               pid-660                              I  system/security/keystore2/src/security_level.rs:395 - upgrade_keyblob_if_required_with end
2025-12-09 15:24:41.592   660-24972 keystore2               pid-660                              I  system/security/keystore2/src/enforcements.rs:249 - finalize_create_authorization self.state=NoAuthRequired
2025-12-09 15:24:41.592   660-24972 keystore2               pid-660                              I  system/security/keystore2/src/security_level.rs:401 - operation_db.create_operation start
2025-12-09 15:24:41.592   660-24972 keystore2               pid-660                              I  system/security/keystore2/src/security_level.rs:419 - operation_db.create_operation end
2025-12-09 15:24:41.594   662-662   TlcKM                   pid-662                              D  TEE_Update
2025-12-09 15:24:41.594   662-662   TlcKM                   pid-662                              D  split_update_chunks
2025-12-09 15:24:41.595   662-662   TlcKM                   pid-662                              D  TEE_Update exiting with 0
2025-12-09 15:24:41.595   662-662   TlcKM                   pid-662                              D  TEE_Finish
2025-12-09 15:24:41.595   662-662   TlcKM                   pid-662                              D  split_update_chunks
2025-12-09 15:24:41.596   662-662   TlcKM                   pid-662                              D  release_operation_slot: release op slot #0 (handle 0x35ad4a73374d9cc4; 0 ops live)
2025-12-09 15:24:41.596   662-662   TlcKM                   pid-662                              D  TEE_Finish exiting with 0
2025-12-09 15:24:41.596  1013-1013  PowerHalWrapper         pid-1013                             I  updateFps(): 60
2025-12-09 15:24:41.596  1556-1656  Looper                  pid-1556                             W  Slow dispatch took 107ms android.ui h=com.android.server.wm.ActivityTaskManagerService$UiHandler c=<recycled PooledLambda@50499bc> m=0
2025-12-09 15:24:41.596   662-662   TlcKM                   pid-662                              D  TEE_Abort
2025-12-09 15:24:41.596   662-662   TlcKM                   pid-662                              E  lookup_operation: op 0x35ad4a73374d9cc4 not found
2025-12-09 15:24:41.596   662-662   TlcKM                   pid-662                              E  lookup_operation(session, operation_handle, &op) == -28
2025-12-09 15:24:41.596   662-662   TlcKM                   pid-662                              D  TEE_Abort exiting with -28
2025-12-09 15:24:41.597  1013-1013  PowerHalWrapper         pid-1013                             I  updateFps(): 60
2025-12-09 15:24:41.597  1556-1656  WindowManager           pid-1556                             I  onSwipeFromBottom mBlockTransientStatusBar:false
2025-12-09 15:24:41.597  1556-1656  tf/c_TranF...ponentImpl pid-1556                             D  interceptTransientBars: direction=null
2025-12-09 15:24:41.598  1210-1244  uas-service             pid-1210                             D  set scene=0x10 success
2025-12-09 15:24:41.600   926-1186  hwcomposer              pid-926                              W  [DRMDEV] paramIsSame(), id 403, w 1080/1080, h 2436/2436, pitch 1088/1088, format 0x1/0x2, secure 0/0  
2025-12-09 15:24:41.600   660-24972 keystore2               pid-660                              I  system/security/keystore2/src/security_level.rs:235 - create_operation start
2025-12-09 15:24:41.600   660-24972 keystore2               pid-660                              I  system/security/keystore2/src/security_level.rs:237 - caller_pid=27009
2025-12-09 15:24:41.600   660-24972 keystore2               pid-660                              I  system/security/keystore2/src/security_level.rs:238 - caller_uid=10287
2025-12-09 15:24:41.600   660-24972 keystore2               pid-660                              I  system/security/keystore2/src/security_level.rs:239 - forced=false
2025-12-09 15:24:41.600   660-24972 keystore2               pid-660                              I  system/security/keystore2/src/security_level.rs:240 - key.domain=r#KEY_ID
2025-12-09 15:24:41.600   660-24972 keystore2               pid-660                              I  system/security/keystore2/src/security_level.rs:241 - key.alias=None
2025-12-09 15:24:41.600   660-24972 keystore2               pid-660                              I  system/security/keystore2/src/security_level.rs:277 - with_try_import start
2025-12-09 15:24:41.601   660-24972 keystore2               pid-660                              I  system/security/keystore2/src/security_level.rs:299 - with_try_import end
2025-12-09 15:24:41.601   660-24972 keystore2               pid-660                              I  system/security/keystore2/src/security_level.rs:333 - authorize_create start
2025-12-09 15:24:41.601   660-24972 keystore2               pid-660                              I  system/security/keystore2/src/security_level.rs:344 - authorize_create end
2025-12-09 15:24:41.601   660-24972 keystore2               pid-660                              I  system/security/keystore2/src/security_level.rs:345 - unwrap_key_if_required start
2025-12-09 15:24:41.601   660-24972 keystore2               pid-660                              I  system/security/keystore2/src/security_level.rs:353 - unwrap_key_if_required end
2025-12-09 15:24:41.601   660-24972 keystore2               pid-660                              I  system/security/keystore2/src/security_level.rs:354 - upgrade_keyblob_if_required_with start
2025-12-09 15:24:41.601   662-662   TlcKM                   pid-662                              D  TEE_Begin 5.0
2025-12-09 15:24:41.601   662-662   TlcKM                   pid-662                              D  purpose = 0x00000001
2025-12-09 15:24:41.603   662-662   TlcKM                   pid-662                              D  find_spare_operation_slot: allocate op 0xb544b4db8ab4d328 to slot #0 (1 ops live)
2025-12-09 15:24:41.603  1013-3093  SurfaceFlinger          pid-1013                             I  onHandleDestroyed: name=Transition Root: ActivityRecord{8d194d5 u0 com.cdccreditsmart.app/.presentation.MainActivity t36}#2176, layerId=2176, parentId=0
2025-12-09 15:24:41.603   662-662   TlcKM                   pid-662                              D  TEE_Begin exiting with 0
2025-12-09 15:24:41.604   660-24972 keystore2               pid-660                              I  system/security/keystore2/src/security_level.rs:395 - upgrade_keyblob_if_required_with end
2025-12-09 15:24:41.604   660-24972 keystore2               pid-660                              I  system/security/keystore2/src/enforcements.rs:249 - finalize_create_authorization self.state=NoAuthRequired
2025-12-09 15:24:41.604   660-24972 keystore2               pid-660                              I  system/security/keystore2/src/security_level.rs:401 - operation_db.create_operation start
2025-12-09 15:24:41.604   660-24972 keystore2               pid-660                              I  system/security/keystore2/src/security_level.rs:419 - operation_db.create_operation end
2025-12-09 15:24:41.604  4987-14063 THubApi                 pid-4987                             I  isTheMainScreen classname: com.cdccreditsmart.app.presentation.MainActivity  pkg:com.cdccreditsmart.app
2025-12-09 15:24:41.605   662-662   TlcKM                   pid-662                              D  TEE_Update
2025-12-09 15:24:41.605   662-662   TlcKM                   pid-662                              D  split_update_chunks
2025-12-09 15:24:41.605  1013-1013  BufferQueueDebug        pid-1013                             I  [Transition Root: ActivityRecord{8d194d5 u0 com.cdccreditsmart.app/.presentation.MainActivity t36}#2176](this:0xb400007184ef2538,id:-1,api:0,p:-1,c:1013) onDestructor()
2025-12-09 15:24:41.606   662-662   TlcKM                   pid-662                              D  TEE_Update exiting with 0
2025-12-09 15:24:41.606  4987-18217 SmartEventManager       pid-4987                             D  dispatchEvent event: SmartEvent(action=activity_check, extras=Bundle[{is_activity_check=true}])
2025-12-09 15:24:41.607   662-662   TlcKM                   pid-662                              D  TEE_Finish
2025-12-09 15:24:41.607   662-662   TlcKM                   pid-662                              D  split_update_chunks
2025-12-09 15:24:41.608   662-662   TlcKM                   pid-662                              D  release_operation_slot: release op slot #0 (handle 0xb544b4db8ab4d328; 0 ops live)
2025-12-09 15:24:41.608   662-662   TlcKM                   pid-662                              D  TEE_Finish exiting with 0
2025-12-09 15:24:41.608   662-662   TlcKM                   pid-662                              D  TEE_Abort
2025-12-09 15:24:41.608   662-662   TlcKM                   pid-662                              E  lookup_operation: op 0xb544b4db8ab4d328 not found
2025-12-09 15:24:41.608   662-662   TlcKM                   pid-662                              E  lookup_operation(session, operation_handle, &op) == -28
2025-12-09 15:24:41.608   662-662   TlcKM                   pid-662                              D  TEE_Abort exiting with -28
2025-12-09 15:24:41.615  4987-4987  SmartPanelRepository    pid-4987                             I  hasLoadData true  data size = 11
2025-12-09 15:24:41.615  1556-1887  mtkpower_client         pid-1556                             I  perf_lock_rel, hdl:2729, tid:1887
2025-12-09 15:24:41.615   660-24972 keystore2               pid-660                              I  system/security/keystore2/src/security_level.rs:235 - create_operation start
2025-12-09 15:24:41.615   660-24972 keystore2               pid-660                              I  system/security/keystore2/src/security_level.rs:237 - caller_pid=27009
2025-12-09 15:24:41.615   660-24972 keystore2               pid-660                              I  system/security/keystore2/src/security_level.rs:238 - caller_uid=10287
2025-12-09 15:24:41.615   660-24972 keystore2               pid-660                              I  system/security/keystore2/src/security_level.rs:239 - forced=false
2025-12-09 15:24:41.615   660-24972 keystore2               pid-660                              I  system/security/keystore2/src/security_level.rs:240 - key.domain=r#KEY_ID
2025-12-09 15:24:41.615   660-24972 keystore2               pid-660                              I  system/security/keystore2/src/security_level.rs:241 - key.alias=None
2025-12-09 15:24:41.615   660-24972 keystore2               pid-660                              I  system/security/keystore2/src/security_level.rs:277 - with_try_import start
2025-12-09 15:24:41.616   660-24972 keystore2               pid-660                              I  system/security/keystore2/src/security_level.rs:299 - with_try_import end
2025-12-09 15:24:41.616   660-24972 keystore2               pid-660                              I  system/security/keystore2/src/security_level.rs:333 - authorize_create start
2025-12-09 15:24:41.617   660-24972 keystore2               pid-660                              I  system/security/keystore2/src/security_level.rs:344 - authorize_create end
2025-12-09 15:24:41.617   660-24972 keystore2               pid-660                              I  system/security/keystore2/src/security_level.rs:345 - unwrap_key_if_required start
2025-12-09 15:24:41.617   660-24972 keystore2               pid-660                              I  system/security/keystore2/src/security_level.rs:353 - unwrap_key_if_required end
2025-12-09 15:24:41.617   660-24972 keystore2               pid-660                              I  system/security/keystore2/src/security_level.rs:354 - upgrade_keyblob_if_required_with start
2025-12-09 15:24:41.617  1556-1887  mtkpower_client         pid-1556                             I  perf_lock_acq, hdl:2729, dur:5000, num:2, pid:1556, tid:1887
2025-12-09 15:24:41.617   662-662   TlcKM                   pid-662                              D  TEE_Begin 5.0
2025-12-09 15:24:41.617   662-662   TlcKM                   pid-662                              D  purpose = 0x00000000
