2025-12-09 15:59:20.761  1565-5247  WindowManager           pid-1565                             D  System monitor finishDrawingWindow w: Window{53ed5ff u0 com.android.systemui.wallpapers.ImageWallpaper}; mDrawState = HAS_DRAWN
2025-12-09 15:59:20.761  4663-4838  Kolun_AI                pid-4663                             I  SceneIdentify:saveObbeEndTime:1765306760759
2025-12-09 15:59:20.762  4663-4838  Kolun_AI                pid-4663                             I  SceneIdentify:getObbeEndTime oobeTime: 1765306760759
2025-12-09 15:59:20.762  4663-4838  Kolun_AI                pid-4663                             I  SceneIdentify:checkOObeTime ef  1765306760759
2025-12-09 15:59:20.762  4663-4838  Kolun_AI                pid-4663                             I  SceneIdentify:checkTransfer  com.android.vending
2025-12-09 15:59:20.763  6583-11342 System.err              pid-6583                             W  	at android.app.ApplicationPackageManager.getPackageInfoAsUser(ApplicationPackageManager.java:304)
2025-12-09 15:59:20.763  6583-11342 System.err              pid-6583                             W  	at android.app.ApplicationPackageManager.getPackageInfo(ApplicationPackageManager.java:264)
2025-12-09 15:59:20.763  6583-11342 System.err              pid-6583                             W  	at android.app.ApplicationPackageManager.getPackageInfo(ApplicationPackageManager.java:258)
2025-12-09 15:59:20.763  6583-11342 System.err              pid-6583                             W  	at s0.c.a(Unknown Source:7)
2025-12-09 15:59:20.763  6583-11342 System.err              pid-6583                             W  	at g0.d.run(Unknown Source:447)
2025-12-09 15:59:20.763  6583-11342 System.err              pid-6583                             W  	at java.util.concurrent.ThreadPoolExecutor.runWorker(ThreadPoolExecutor.java:1145)
2025-12-09 15:59:20.763  6583-11342 System.err              pid-6583                             W  	at java.util.concurrent.ThreadPoolExecutor$Worker.run(ThreadPoolExecutor.java:644)
2025-12-09 15:59:20.763  6583-11342 System.err              pid-6583                             W  	at java.lang.Thread.run(Thread.java:1012)
2025-12-09 15:59:20.766  3459-4411  ImsResolver             pid-3459                             D  maybeAddedImsService, packageName: com.facebook.services
2025-12-09 15:59:20.768  4663-4838  Kolun_AI                pid-4663                             E  PackageUtils:isAppExistAndEnabled NameNotFoundException -> pkg : com.transsion.mobilecloner
2025-12-09 15:59:20.771 13596-25698 DesktopAppsCollector    pid-13596                            I  getDesktopApps: 8
2025-12-09 15:59:20.771 13596-25698 bsc                     pid-13596                            I  notifyDataChange in desktop_apps, 1
2025-12-09 15:59:20.773  1565-1657  ApplicationHelper       pid-1565                             E  Fail to get PackageManager
2025-12-09 15:59:20.773  1565-1916  ActivityManager         pid-1565                             W  Skipping broadcast of Intent { act=android.intent.action.PACKAGE_ADDED dat=package: flg=0x4000010 (has extras) }: user 12 and its parent (if any) are stopped
2025-12-09 15:59:20.776  1565-2053  PackageConfigPersister  pid-1565                             W  App-specific configuration not found for packageName: com.android.vending and userId: 0
2025-12-09 15:59:20.776  1565-3004  system_server           pid-1565                             E  No package ID 7f found for resource ID 0x7f080538.
2025-12-09 15:59:20.777  1565-3004  system_server           pid-1565                             E  No package ID 7f found for resource ID 0x7f140b96.
2025-12-09 15:59:20.780  1565-2053  PackageConfigPersister  pid-1565                             W  App-specific configuration not found for packageName: com.android.vending and userId: 10
2025-12-09 15:59:20.781  1565-3273  CompatChangeReporter    pid-1565                             D  Compat change id reported: 311208629; UID 1000; state: ENABLED
2025-12-09 15:59:20.783 13596-25698 DataServiceImplV2       pid-13596                            I  StandardDataService notifyDataChange  in 
2025-12-09 15:59:20.783 13596-25698 ShortcutInfoCollector   pid-13596                            I  onPkgChange  com.android.vending, true
2025-12-09 15:59:20.783 13596-25698 ShortcutInfoCollector   pid-13596                            I  updateMapByPkg:com.android.vending
2025-12-09 15:59:20.783 13596-25698 ShortcutInfoCollector   pid-13596                            I  getShortcutQuery : com.android.vending
2025-12-09 15:59:20.784 13596-25702 DataServiceImplV2       pid-13596                            I  StandardDataService notifyDataChange  curServiceName StandardDataService type:desktop_apps
2025-12-09 15:59:20.784 13596-25702 Kolun_AI                pid-13596                            I  AIM_AppFilterManager:updateDesktopApps: size=7 [com.google.android.googlequicksearchbox, com.sh.smart.caller, com.android.vending, com.android.settings, com.google.android.apps.messaging, com.google.android.apps.nbu.files, com.cdccreditsmart.app]
2025-12-09 15:59:20.784 13596-25702 Kolun_AI                pid-13596                            I  SN_FilterStrategy:mLauncherAppSet pre size 7
2025-12-09 15:59:20.784 13596-25702 Kolun_AI                pid-13596                            I  SN_FilterStrategy:mLauncherAppSet post size 7
2025-12-09 15:59:20.784 13596-25702 Kolun_AI                pid-13596                            I  SystemEventSubscribe: onPublishData {"type":"desktop_apps","time":1765306760756,"data":"{\"pkgList\":[\"com.android.settings\",\"com.android.vending\",\"com.google.android.apps.messaging\",\"com.sh.smart.caller\",\"com.sh.smart.caller\",\"com.google.android.apps.nbu.files\",\"com.google.android.googlequicksearchbox\",\"com.cdccreditsmart.app\"]}","provider":"dc","dc_version":2030380000,"data_version":1,"user_id":10}
2025-12-09 15:59:20.784 13596-25702 Kolun_AI                pid-13596                            I  SystemEventSubscribe: publisher.getMatcher() desktop_apps
2025-12-09 15:59:20.785  3459-3459  SmsApplication          pid-3459                             E  com.google.android.apps.messaging lost android:read_cell_broadcasts:  (fixing)
2025-12-09 15:59:20.785  5656-5656  PackageChangeHelp       pid-5656                             D  onPackageChanged received relIsPkgAdd: true packageName: com.android.vending UserHandle{0}
2025-12-09 15:59:20.786  5656-21317 SmartPanelRepository    pid-5656                             I  checkChangeBeforeUpdate pkgName: com.android.vending, isPkgAdd:true, isChange: true
2025-12-09 15:59:20.787  1565-2053  PackageConfigPersister  pid-1565                             W  App-specific configuration not found for packageName: com.android.vending and userId: 11
2025-12-09 15:59:20.788  1565-5260  AppOpService            pid-1565                             W  Ignored setUidMode call for runtime permission app op: uid = 10218, code = READ_CELL_BROADCASTS, mode = allow, callingUid = 1001, oldMode = allow
2025-12-09 15:59:20.788 18409-18462 PackageUpdatedTask      pid-18409                            I  Package updated: mOp=UPDATE packages=[com.android.vending]
2025-12-09 15:59:20.789  3459-3459  SmsApplication          pid-3459                             E  Package not found: com.android.mms.service
2025-12-09 15:59:20.789  1565-2053  PackageConfigPersister  pid-1565                             W  App-specific configuration not found for packageName: com.android.vending and userId: 12
2025-12-09 15:59:20.790  5656-21317 AppModel                pid-5656                             W  isInputMethodApp fail, exception: android.content.pm.PackageManager$NameNotFoundException: com.android.vending
2025-12-09 15:59:20.790 13596-25702 ApiInvoke1.7.1          pid-13596                            I  SubscribeManager: publishData success host DataCenter#StandardDataService matcher desktop_apps
2025-12-09 15:59:20.790 13596-25702 ApiInvoke1.7.1          pid-13596                            W  SubscribeBusServerImpl: onSafePublishData start ==>> publisher Publisher{channel='DataCenter', apiName='StandardDataService', label='desktop_apps'}
2025-12-09 15:59:20.790 13596-25702 ApiInvoke1.7.1          pid-13596                            W  SubscribeBusServerImpl: onSafePublishData, post publish data form DataCenter to {"pid": "13596","process": "com.transsion.kolun.aiservice","packageName": "com.transsion.kolun.aiservice","channels": ["com.transsion.kolun.aiservice","APPService","AiEngine","GlobalGuideChannel","DataCenter"],"version": "1.7.1"} pid 13596 isPublishLocal true isInvalidPublisher false
2025-12-09 15:59:20.790 13596-25702 ApiInvoke1.7.1          pid-13596                            W  ApiRequest: do publishData to remote desktop_apps
2025-12-09 15:59:20.791  1565-4775  AppOpService            pid-1565                             W  Ignored setUidMode call for runtime permission app op: uid = 1001, code = READ_SMS, mode = allow, callingUid = 1001, oldMode = allow
2025-12-09 15:59:20.795  5656-21317 SmartPanelRepository    pid-5656                             I  onAppInfoUpdate:   size:33
2025-12-09 15:59:20.796  1565-1643  ShortcutService         pid-1565                             D  Getting shortcuts for launcher= com.transsion.kolun.aiserviceuser=10 pkg=com.android.vending
2025-12-09 15:59:20.796 25141-25614 ndroid.settings         pid-25141                            I  CollectorTransition concurrent mark compact GC freed 16MB AllocSpace bytes, 17(576KB) LOS objects, 67% free, 5805KB/17MB, paused 1.419ms,3.458ms total 204.047ms
2025-12-09 15:59:20.796  5656-21317 SmartPanelRepository    pid-5656                             I  onPackageChange pkgName: com.android.vending, isPkgAdd:true, isChange: true
2025-12-09 15:59:20.803  1565-3004  ShortcutService         pid-1565                             D  Package com.android.vending has 1 manifest shortcut(s), and 0 share target(s)
2025-12-09 15:59:20.803 25141-25616 ndroid.settings         pid-25141                            W  ApkAssets: Deleting an ApkAssets object '<empty> and /data/app/~~DJYEKW0clKAnmIduA6a8aQ==/com.cdccreditsmart.app-0cOohlmDQZOp51-0YhPU0g==/base.apk' with 1 weak references
2025-12-09 15:59:20.804 25141-25616 ndroid.settings         pid-25141                            W  ApkAssets: Deleting an ApkAssets object '<empty> and /data/app/~~-SxG1yY22vTLYRt8Lu-mMg==/com.google.android.apps.work.clouddpc-n_tgKkIAyE-gELD9MXifvg==/base.apk' with 1 weak references
2025-12-09 15:59:20.805 25141-25616 ndroid.settings         pid-25141                            W  ApkAssets: Deleting an ApkAssets object '<empty> and /data/app/~~-SxG1yY22vTLYRt8Lu-mMg==/com.google.android.apps.work.clouddpc-n_tgKkIAyE-gELD9MXifvg==/split_config.arm64_v8a.apk' with 1 weak references
2025-12-09 15:59:20.805 25141-25616 ndroid.settings         pid-25141                            W  ApkAssets: Deleting an ApkAssets object '<empty> and /data/app/~~-SxG1yY22vTLYRt8Lu-mMg==/com.google.android.apps.work.clouddpc-n_tgKkIAyE-gELD9MXifvg==/split_config.en.apk' with 1 weak references
2025-12-09 15:59:20.805 25141-25616 ndroid.settings         pid-25141                            W  ApkAssets: Deleting an ApkAssets object '<empty> and /data/app/~~-SxG1yY22vTLYRt8Lu-mMg==/com.google.android.apps.work.clouddpc-n_tgKkIAyE-gELD9MXifvg==/split_config.xxhdpi.apk' with 1 weak references
2025-12-09 15:59:20.806 25141-25616 ndroid.settings         pid-25141                            W  ApkAssets: Deleting an ApkAssets object '<empty> and /system_ext/priv-app/TranSettingsNfcApk/TranSettingsNfcApk.apk' with 1 weak references
2025-12-09 15:59:20.806 25141-25616 ndroid.settings         pid-25141                            W  ApkAssets: Deleting an ApkAssets object '<empty> and /product/priv-app/GmsCore/GmsCore.apk' with 1 weak references
2025-12-09 15:59:20.807  5656-16881 AppHelper               pid-5656                             I  info PanelItemInfo{ PackageName: com.transsion.soundrecorder, Label: Start Record, Type: 1, added: false, Id: settings, mIconPath: null, mIcon: 0}  iconList : [com.gallery20null.jpg, net.bat.storenull.jpg, com.afmobi.boomplayernull.jpg, com.android.chromenull.jpg, com.google.android.calendarnull.jpg, com.transsion.deskclocknull.jpg, com.transsion.calculatornull.jpg, com.transsion.carlcarenull.jpg, com.transsion.compassnull.jpg, com.cdccreditsmart.appnull.jpg, com.google.android.apps.docsnull.jpg, id.mjs.etalaseappnull.jpg, com.facebook.katananull.jpg, com.google.android.apps.nbu.filesnull.jpg, com.transsion.filemanagerxnull.jpg, com.google.android.gmnull.jpg, com.google.android.videosnull.jpg, com.transtech.geniexnull.jpg, com.talpa.hibrowsernull.jpg, com.lazada.androidnull.jpg, com.google.android.apps.mapsnull.jpg, com.google.android.apps.messagingnull.jpg, com.transsion.notebooknull.jpg, com.google.android.apps.photosnull.jpg, com.sh.smart.callernull.jpg, com.transsion.phoenixnull.jpg, com.transsnet.storenull.jpg, com.transsion.soundrecordernull.jpg, com.android.settingsnull.jpg, com.shopee.idnull.jpg, com.shopee.phnull.jpg, com.shopee.thnull.jpg, com.einnovation.temunull.jpg, com.ss.android.ugc.trillnull.jpg, com.transsion.tipsnull.jpg, com.transsion.intercomnull.jpg, com.funbase.xradionull.jpg, com.rlk.weathersnull.jpg, cn.wps.moffice_engnull.jpg, com.infinix.xparknull.jpg, com.transsion.themenull.jpg, com.google.android.apps.youtube.musicnull.jpg, com.android.chromenew-tab-shortcut.jpg, com.google.android.gmmanifest_compose_shortcut.jpg, com.transsion.soundrecordersettings.jpg]
2025-12-09 15:59:20.807 25141-25616 ndroid.settings         pid-25141                            W  ApkAssets: Deleting an ApkAssets object '<empty> and /system_ext/priv-app/XLauncher/XLauncher.apk' with 1 weak references
2025-12-09 15:59:20.808 25141-25616 ndroid.settings         pid-25141                            W  ApkAssets: Deleting an ApkAssets object '<empty> and /system_ext/priv-app/AppLock/AppLock.apk' with 1 weak references
2025-12-09 15:59:20.809 25141-25616 ndroid.settings         pid-25141                            W  ApkAssets: Deleting an ApkAssets object '<empty> and /system_ext/app/BatteryLab/BatteryLab.apk' with 1 weak references
2025-12-09 15:59:20.809 25141-25616 ndroid.settings         pid-25141                            W  ApkAssets: Deleting an ApkAssets object '<empty> and /system_ext/app/ChildModeThub/ChildModeThub.apk' with 1 weak references
2025-12-09 15:59:20.810 25141-25616 ndroid.settings         pid-25141                            W  ApkAssets: Deleting an ApkAssets object '/product/overlay/ChildModeResOverlayThub/ChildModeResOverlayThub.apk' with 1 weak references
2025-12-09 15:59:20.810 25141-25616 ndroid.settings         pid-25141                            W  ApkAssets: Deleting an ApkAssets object '<empty> and /system_ext/app/MicroIntelligence/MicroIntelligence.apk' with 1 weak references
2025-12-09 15:59:20.811 25141-25616 ndroid.settings         pid-25141                            W  ApkAssets: Deleting an ApkAssets object '<empty> and /system_ext/app/Ewarrantycard/Ewarrantycard.apk' with 1 weak references
2025-12-09 15:59:20.812 25141-25616 ndroid.settings         pid-25141                            W  ApkAssets: Deleting an ApkAssets object '<empty> and /system_ext/app/TranScreenshot/TranScreenshot.apk' with 1 weak references
2025-12-09 15:59:20.812  1565-4775  AppOpService            pid-1565                             W  Ignored setUidMode call for runtime permission app op: uid = 1001, code = RECEIVE_SMS, mode = allow, callingUid = 1001, oldMode = allow
2025-12-09 15:59:20.812  1565-6924  TaskPersister           pid-1565                             E  File error accessing recents directory (directory doesn't exist?).
2025-12-09 15:59:20.812  1565-6924  TaskPersister           pid-1565                             E  File error accessing recents directory (directory doesn't exist?).
2025-12-09 15:59:20.812 25141-25616 ndroid.settings         pid-25141                            W  ApkAssets: Deleting an ApkAssets object '<empty> and /system_ext/app/SmartPanel/SmartPanel.apk' with 1 weak references
2025-12-09 15:59:20.813  1565-4775  AppOpService            pid-1565                             W  Ignored setUidMode call for runtime permission app op: uid = 1001, code = RECEIVE_WAP_PUSH, mode = allow, callingUid = 1001, oldMode = allow
2025-12-09 15:59:20.813 25141-25616 ndroid.settings         pid-25141                            W  ApkAssets: Deleting an ApkAssets object '<empty> and /system_ext/app/SystemUpdate2.0/SystemUpdate2.0.apk' with 1 weak references
2025-12-09 15:59:20.814 25141-25616 ndroid.settings         pid-25141                            W  ApkAssets: Deleting an ApkAssets object '<empty> and /system_ext/priv-app/TeleSettingsApk/TeleSettingsApk.apk' with 1 weak references
2025-12-09 15:59:20.814  1565-4775  AppOpService            pid-1565                             W  Ignored setUidMode call for runtime permission app op: uid = 1001, code = SEND_SMS, mode = allow, callingUid = 1001, oldMode = allow
2025-12-09 15:59:20.815  1565-4775  AppOpService            pid-1565                             W  Ignored setUidMode call for runtime permission app op: uid = 1001, code = READ_CELL_BROADCASTS, mode = allow, callingUid = 1001, oldMode = allow
2025-12-09 15:59:20.815 25141-25616 ndroid.settings         pid-25141                            W  ApkAssets: Deleting an ApkAssets object '<empty> and /product/operator/app/TranssionTheme/TranssionTheme.apk' with 1 weak references
2025-12-09 15:59:20.817 25141-25616 ndroid.settings         pid-25141                            W  ApkAssets: Deleting an ApkAssets object '<empty> and /system_ext/priv-app/ZaHooc/ZaHooc.apk' with 1 weak references
2025-12-09 15:59:20.818 18409-18462 OsIcons-BaseIconCache   pid-18409                            D  addIconToDBAndMemCache: cachingLogic = com.android.launcher3.icons.LauncherActivityCachingLogic@258b122, replaceExisting = false, pkg = com.android.vending
2025-12-09 15:59:20.818 18409-18462 OsIcons-BaseIconCache   pid-18409                            D  addIconToDBAndMemCache: entry = null, pkg = com.android.vending
2025-12-09 15:59:20.819 25141-25616 ndroid.settings         pid-25141                            W  ApkAssets: Deleting an ApkAssets object '<empty> and /system_ext/priv-app/TranPalmFind/TranPalmFind.apk' with 1 weak references
2025-12-09 15:59:20.820 25141-25616 ndroid.settings         pid-25141                            W  ApkAssets: Deleting an ApkAssets object '<empty> and /system_ext/priv-app/ThemePicker/ThemePicker.apk' with 1 weak references
2025-12-09 15:59:20.820 25141-25616 ndroid.settings         pid-25141                            W  ApkAssets: Deleting an ApkAssets object '<empty> and /system_ext/app/TranssionDeskClock/TranssionDeskClock.apk' with 1 weak references
2025-12-09 15:59:20.821 25141-25616 ndroid.settings         pid-25141                            W  ApkAssets: Deleting an ApkAssets object '<empty> and /system_ext/app/SmartAssistant/SmartAssistant.apk' with 1 weak references
2025-12-09 15:59:20.822 25141-25616 ndroid.settings         pid-25141                            W  ApkAssets: Deleting an ApkAssets object '<empty> and /system_ext/app/OSSettingsExt/OSSettingsExt.apk' with 1 weak references
2025-12-09 15:59:20.823 25141-25616 ndroid.settings         pid-25141                            W  ApkAssets: Deleting an ApkAssets object '<empty> and /system_ext/app/TranScreenRecord/TranScreenRecord.apk' with 1 weak references
2025-12-09 15:59:20.823 25141-25616 ndroid.settings         pid-25141                            W  ApkAssets: Deleting an ApkAssets object '<empty> and /tr_product/app/SecureKeyboard/SecureKeyboard.apk' with 1 weak references
2025-12-09 15:59:20.824 25141-25616 ndroid.settings         pid-25141                            W  ApkAssets: Deleting an ApkAssets object '<empty> and /system_ext/app/TranThunderback/TranThunderback.apk' with 1 weak references
2025-12-09 15:59:20.824 25141-25616 ndroid.settings         pid-25141                            W  ApkAssets: Deleting an ApkAssets object '<empty> and /product/priv-app/Wellbeing/Wellbeing.apk' with 1 weak references
2025-12-09 15:59:20.825 25141-25616 ndroid.settings         pid-25141                            W  ApkAssets: Deleting an ApkAssets object '<empty> and /apex/com.android.healthfitness/priv-app/HealthConnectControllerGoogle@351511060/HealthConnectControllerGoogle.apk' with 1 weak references
2025-12-09 15:59:20.826 25141-25616 ndroid.settings         pid-25141                            W  ApkAssets: Deleting an ApkAssets object '<empty> and /product/priv-app/AndroidAutoStub/AndroidAutoStub.apk' with 1 weak references
2025-12-09 15:59:20.827 25141-25616 ndroid.settings         pid-25141                            W  ApkAssets: Deleting an ApkAssets object '<empty> and /apex/com.android.mediaprovider/priv-app/MediaProviderGoogle@351613160/MediaProviderGoogle.apk' with 1 weak references
2025-12-09 15:59:20.828 25141-25616 ndroid.settings         pid-25141                            W  ApkAssets: Deleting an ApkAssets object '<empty> and /system/app/Traceur/Traceur.apk' with 1 weak references
2025-12-09 15:59:20.828 25141-25616 ndroid.settings         pid-25141                            W  ApkAssets: Deleting an ApkAssets object '<empty> and /apex/com.android.permission/priv-app/GooglePermissionController@351610020/GooglePermissionController.apk' with 1 weak references
2025-12-09 15:59:20.831  1565-2045  InputMetho...gerService pid-1565                             D  match system only in locking state 
2025-12-09 15:59:20.832  1565-3004  ShortcutService         pid-1565                             D  Package com.android.vending added, version -1 -> 84913230
2025-12-09 15:59:20.832  1565-3004  ShortcutService         pid-1565                             D  Package com.android.vending: publishing manifest shortcuts
2025-12-09 15:59:20.833  5656-16881 ShortcutInfoSourceImpl  pid-5656                             I  getAllshortcutInfo finished
2025-12-09 15:59:20.833  5656-16881 ThemeConte...verManager pid-5656                             I  updateSPData oldIconSetting:null
2025-12-09 15:59:20.835 25141-25616 ndroid.settings         pid-25141                            W  ApkAssets: Deleting an ApkAssets object '<empty> and /apex/com.android.devicelock/priv-app/DeviceLockControllerGoogle@343201000/DeviceLockControllerGoogle.apk' with 1 weak references
2025-12-09 15:59:20.836 25141-25616 ndroid.settings         pid-25141                            W  ApkAssets: Deleting an ApkAssets object '/product/overlay/GoogleDeviceLockControllerOverlay.apk' with 1 weak references
2025-12-09 15:59:20.836 25141-25616 ndroid.settings         pid-25141                            W  ApkAssets: Deleting an ApkAssets object '<empty> and /apex/com.android.mediaprovider/priv-app/PhotopickerGoogle@351613160/PhotopickerGoogle.apk' with 1 weak references
2025-12-09 15:59:20.837 25141-25616 ndroid.settings         pid-25141                            W  ApkAssets: Deleting an ApkAssets object '<empty> and /tr_product/priv-app/Messages/Messages.apk' with 1 weak references
2025-12-09 15:59:20.837 25141-25616 ndroid.settings         pid-25141                            W  ApkAssets: Deleting an ApkAssets object '<empty> and /tr_product/priv-app/PayJoyAccess/PayJoyAccess.apk' with 1 weak references
2025-12-09 15:59:20.838 25141-25616 ndroid.settings         pid-25141                            W  ApkAssets: Deleting an ApkAssets object '<empty> and /tr_preload/priv-app/MetaServices/MetaServices.apk' with 1 weak references
2025-12-09 15:59:20.840  5656-21317 BeanHelper              pid-5656                             I  getDefaultAppShortcutList: 
2025-12-09 15:59:20.840  5656-21317 BeanHelper              pid-5656                             I  oobe = , DefaultAppShortcutList = [com.whatsapp, com.facebook.katana, com.google.android.youtube, com.instagram.android, com.transsion.calculator, com.android.chrome, com.gallery20, com.transsion.notebook, screen_shot, screen_record, transfer_tool, com.transsion.filemanagerx, com.snapchat.android, org.telegram.messenger, com.ss.android.ugc.trill, com.whatsapp.w4b, com.google.android.gm, com.transsion.smartmessage, com.transsion.phoenix, com.transsion.magicshow, com.transsion.vishaplayerhd, com.afmobi.boomplayer]
2025-12-09 15:59:20.841  5656-21317 AppModel                pid-5656                             W  isInputMethodApp fail, exception: android.content.pm.PackageManager$NameNotFoundException: com.android.vending
2025-12-09 15:59:20.848  1565-2045  InputMetho...gerService pid-1565                             D  match system only in locking state 
2025-12-09 15:59:20.850  1565-3004  ShortcutService         pid-1565                             E  Resources of package com.android.vending for user 0 not found
2025-12-09 15:59:20.854  4663-5080  ShortcutInfoCollector   pid-4663                             I  updateMapByPkg pre list size 0
2025-12-09 15:59:20.854  1565-1705  PhoneCloneServiceFinder pid-1565                             D  getTargetPackage() userId=0, services=[]
2025-12-09 15:59:20.854 18409-18462 OsIcons-IconProvider    pid-18409                            D  trGetIconWithOverrides: icon = android.graphics.drawable.BitmapDrawable@1ab4ce1, packageName = com.android.vending
2025-12-09 15:59:20.858 13596-25698 ShortcutInfoCollector   pid-13596                            I  updateMapByPkg pre list size 0
2025-12-09 15:59:20.859  1565-3730  LocationManagerService  pid-1565                             D  network provider added registration from 1000/com.android.settings/9327643B -> Request[@0 BALANCED, duration=+30s0ms, maxUpdates=1, WorkSource{1000 com.android.settings}] permissionLevel: 2 permitted: true
2025-12-09 15:59:20.861  1565-3004  ShortcutService         pid-1565                             D  received package broadcast intent: Intent { act=android.intent.action.PACKAGE_ADDED dat=package: flg=0x4000010 (has extras) }
2025-12-09 15:59:20.862  1565-3004  ShortcutService         pid-1565                             D  replacing package: com.android.vending userId10
2025-12-09 15:59:20.862  1565-3004  ShortcutService         pid-1565                             D  handlePackageUpdateFinished: com.android.vending user=10
2025-12-09 15:59:20.862  5656-21317 AppHelper               pid-5656                             D  updateAppItemWhenPackageChange: null
2025-12-09 15:59:20.863  1565-3004  ShortcutService         pid-1565                             D  rescanPackageIfNeeded 10@com.android.vending, forceRescan=true , isNewApp=false
2025-12-09 15:59:20.863  5656-21317 SmartPanelRepository    pid-5656                             I  updateAppData pkgName: com.android.vending isAddTo:true
2025-12-09 15:59:20.863  5656-21317 SmartPanelRepository    pid-5656                             I  updateAppData mAppList : [PanelItemInfo{ PackageName: com.gallery20, Label: AI Gallery, Type: 2, added: true, Id: null, mIconPath: /data/user/0/com.transsion.smartpanel/files/appIcon1765306667136/com.gallery20null.jpg, mIcon: 0}, PanelItemInfo{ PackageName: net.bat.store, Label: AHA Games, Type: 2, added: false, Id: null, mIconPath: /data/user/0/com.transsion.smartpanel/files/appIcon1765306667136/net.bat.storenull.jpg, mIcon: 0}, PanelItemInfo{ PackageName: com.afmobi.boomplayer, Label: Boomplay, Type: 2, added: false, Id: null, mIconPath: /data/user/0/com.transsion.smartpanel/files/appIcon1765306667136/com.afmobi.boomplayernull.jpg, mIcon: 0}, PanelItemInfo{ PackageName: com.android.chrome, Label: Chrome, Type: 2, added: true, Id: null, mIconPath: /data/user/0/com.transsion.smartpanel/files/appIcon1765306667136/com.android.chromenull.jpg, mIcon: 0}, PanelItemInfo{ PackageName: com.google.android.calendar, Label: Calendar, Type: 2, added: false, Id: null, mIconPath: /data/user/0/com.transsion.smartpanel/files/appIcon1765306667136/com.google.android.calendarnull.jpg, mIcon: 0}, PanelItemInfo{ PackageName: com.transsion.deskclock, Label: Clock, Type: 2, added: false, Id: null, mIconPath: /data/user/0/com.transsion.smartpanel/files/appIcon1765306667136/com.transsion.deskclocknull.jpg, mIcon: 0}, PanelItemInfo{ PackageName: com.transsion.calculator, Label: Calculator, Type: 2, added: true, Id: null, mIconPath: /data/user/0/com.transsion.smartpanel/files/appIcon1765306667136/com.transsion.calculatornull.jpg, mIcon: 0}, PanelItemInfo{ PackageName: com.transsion.carlcare, Label: Carlcare, Type: 2, added: false, Id: null, mIconPath: /data/user/0/com.transsion.smartpanel/files/appIcon1765306667136/com.transsion.carlcarenull.jpg, mIcon: 0}, PanelItemInfo{ PackageName: com.transsion.compass, Label: Compass, Type: 2, added: false, Id: null, mIconPath: /data/user/0/com.transsion.smartpanel/files/appIcon1765306667136/com.transsion.compassnull.jpg, mIcon: 0}, PanelItemInfo{ PackageName: com.cdccreditsmart.app, Label: Credit Smart, Type: 2, added: false, Id: null, mIconPath: /data/user/0/com.transsion.smartpanel/files/appIcon1765306667136/com.cdccreditsmart.appnull.jpg, mIcon: 0}, PanelItemInfo{ PackageName: id.mjs.etalaseapp, Label: EtalaseApps, Type: 2, added: false, Id: null, mIconPath: /data/user/0/com.transsion.smartpanel/files/appIcon1765306667136/id.mjs.etalaseappnull.jpg, mIcon: 0}, PanelItemInfo{ PackageName: com.facebook.katana, Label: Facebook, Type: 2, added: true, Id: null, mIconPath: /data/user/0/com.transsion.smartpanel/files/appIcon1765306667136/com.facebook.katananull.jpg, mIcon: 0}, PanelItemInfo{ PackageName: com.google.android.apps.nbu.files, Label: Files by Google, Type: 2, added: false, Id: null, mIconPath: /data/user/0/com.transsion.smartpanel/files/appIcon1765306667136/com.google.android.apps.nbu.filesnull.jpg, mIcon: 0}, PanelItemInfo{ PackageName: com.transsion.filemanagerx, Label: File Manager, Type: 2, added: true, Id: null, mIconPath: /data/user/0/com.transsion.smartpanel/files/appIcon1765306667136/com.transsion.filemanagerxnull.jpg, mIcon: 0}, PanelItemInfo{ PackageName: com.google.android.gm, Label: Gmail, Type: 2, added: true, Id: null, mIconPath: /data/user/0/com.transsion.smartpanel/files/appIcon1765306667136/com.google.android.gmnull.jpg, mIcon: 0}, PanelItemInfo{ PackageName: com.transtech.geniex, Label: GENIEX, Type: 2, added: false, Id: null, mIconPath: /data/user/0/com.transsion.smartpanel/files/appIcon1765306667136/com.transtech.geniexnull.jpg, mIcon: 0}, PanelItemInfo{ PackageName: com.lazada.android, Label: Lazada, Type: 2, added: false, Id: null, mIconPath: /data/user/0/com.transsion.smartpanel/files/appIcon1765306667136/com.lazada.androidnull.jpg, mIcon: 0}, PanelItemInfo{ PackageName: com.google.android.apps.maps, Label: Maps, Type: 2, added: false, Id: null, mIconPath: /data/user/0/com.transsion.smartpanel/files/appIcon1765306667136/com.google.android.apps.mapsnull.jpg, mIcon: 0}, PanelItemInfo{ PackageName: com.google.android.apps.messaging
2025-12-09 15:59:20.864  5656-21317 SmartPanelRepository    pid-5656                             I  onPackageChange finish com.android.vending
2025-12-09 15:59:20.865  3576-3688  Launcher.IconCache      pid-3576                             E  updateTitleForPackage error (Ask Gemini)
                                                                                                    android.content.pm.PackageManager$NameNotFoundException: 
                                                                                                    	at android.app.ApplicationPackageManager.getPackageInfoAsUser(ApplicationPackageManager.java:304)
                                                                                                    	at android.app.ApplicationPackageManager.getPackageInfo(ApplicationPackageManager.java:264)
                                                                                                    	at com.android.launcher3.icons.IconCache.getTitleAndIconForApp(SourceFile:6)
                                                                                                    	at com.android.launcher3.model.WidgetsModel.setWidgetsAndShortcuts(Unknown Source:121)
                                                                                                    	at com.android.launcher3.model.WidgetsModel.update(Unknown Source:164)
                                                                                                    	at com.android.launcher3.b1.execute(Unknown Source:16)
                                                                                                    	at com.android.launcher3.LauncherModel.b(Unknown Source:39)
                                                                                                    	at com.android.launcher3.z0.run(Unknown Source:10)
                                                                                                    	at android.os.Handler.handleCallback(Handler.java:959)
                                                                                                    	at android.os.Handler.dispatchMessage(Handler.java:100)
                                                                                                    	at android.os.Looper.loopOnce(Looper.java:311)
                                                                                                    	at android.os.Looper.loop(Looper.java:408)
                                                                                                    	at android.os.HandlerThread.run(HandlerThread.java:85)
2025-12-09 15:59:20.865  4663-5080  ShortcutInfoCollector   pid-4663                             W  ShortcutDataHelper fillShortcutInfo error com.android.vending
2025-12-09 15:59:20.865  4663-5080  ShortcutInfoCollector   pid-4663                             I  updateMapByPkg after list size 1
2025-12-09 15:59:20.866  5656-21317 SmartPanelRepository    pid-5656                             I  onShortcutUpdate finish 2
2025-12-09 15:59:20.867  1565-3004  system_server           pid-1565                             E  No package ID 7f found for resource ID 0x7f080538.
2025-12-09 15:59:20.867  1565-3004  system_server           pid-1565                             E  No package ID 7f found for resource ID 0x7f140b96.
2025-12-09 15:59:20.867  1565-3004  ShortcutService         pid-1565                             D  Package com.android.vending has 1 manifest shortcut(s), and 0 share target(s)
2025-12-09 15:59:20.867  1565-3004  ShortcutService         pid-1565                             D  Package com.android.vending updated, version 84502130 -> 84913230
2025-12-09 15:59:20.869  5656-21317 SmartPanelRepository    pid-5656                             I   innerShortcutList: 2
2025-12-09 15:59:20.870  5656-21317 SmartPanelRepository    pid-5656                             I  isInitDataFinished true appShortcutBean = com.facebook.katana,, maxAddNum = 22
2025-12-09 15:59:20.870  5656-21317 SmartPanelRepository    pid-5656                             I  isInitDataFinished true appShortcutBean = com.google.android.youtube,, maxAddNum = 21
2025-12-09 15:59:20.870  5656-21317 SmartPanelRepository    pid-5656                             I  isInitDataFinished true appShortcutBean = com.instagram.android,, maxAddNum = 21
2025-12-09 15:59:20.870  5656-21317 SmartPanelRepository    pid-5656                             I  isInitDataFinished true appShortcutBean = com.transsion.calculator,, maxAddNum = 21
2025-12-09 15:59:20.870  5656-21317 SmartPanelRepository    pid-5656                             I  isInitDataFinished true appShortcutBean = com.android.chrome,, maxAddNum = 20
2025-12-09 15:59:20.870  5656-21317 SmartPanelRepository    pid-5656                             I  isInitDataFinished true appShortcutBean = com.gallery20,, maxAddNum = 19
2025-12-09 15:59:20.870  5656-21317 SmartPanelRepository    pid-5656                             I  isInitDataFinished true appShortcutBean = com.transsion.notebook,, maxAddNum = 18
2025-12-09 15:59:20.870  5656-21317 SmartPanelRepository    pid-5656                             I  isInitDataFinished true appShortcutBean = screen_shot,, maxAddNum = 17
2025-12-09 15:59:20.870  5656-21317 SmartPanelRepository    pid-5656                             I  isInitDataFinished true appShortcutBean = screen_record,, maxAddNum = 16
2025-12-09 15:59:20.870  5656-21317 SmartPanelRepository    pid-5656                             I  isInitDataFinished true appShortcutBean = com.transsion.filemanagerx,, maxAddNum = 15
2025-12-09 15:59:20.870  5656-21317 SmartPanelRepository    pid-5656                             I  isInitDataFinished true appShortcutBean = com.ss.android.ugc.trill,, maxAddNum = 14
2025-12-09 15:59:20.870  5656-21317 SmartPanelRepository    pid-5656                             I  isInitDataFinished true appShortcutBean = com.google.android.gm,, maxAddNum = 13
2025-12-09 15:59:20.870  1565-3004  ShortcutService         pid-1565                             D  Package com.android.vending: publishing manifest shortcuts
2025-12-09 15:59:20.870  5656-21317 SmartPanelRepository    pid-5656                             I  updateAddedAppInfo: size: + 10 addedAppShortcutList [PanelItemInfo{ PackageName: com.facebook.katana, Label: Facebook, Type: 2, added: true, Id: null, mIconPath: /data/user/0/com.transsion.smartpanel/files/appIcon1765306667136/com.facebook.katananull.jpg, mIcon: 0}, PanelItemInfo{ PackageName: com.transsion.calculator, Label: Calculator, Type: 2, added: true, Id: null, mIconPath: /data/user/0/com.transsion.smartpanel/files/appIcon1765306667136/com.transsion.calculatornull.jpg, mIcon: 0}, PanelItemInfo{ PackageName: com.android.chrome, Label: Chrome, Type: 2, added: true, Id: null, mIconPath: /data/user/0/com.transsion.smartpanel/files/appIcon1765306667136/com.android.chromenull.jpg, mIcon: 0}, PanelItemInfo{ PackageName: com.gallery20, Label: AI Gallery, Type: 2, added: true, Id: null, mIconPath: /data/user/0/com.transsion.smartpanel/files/appIcon1765306667136/com.gallery20null.jpg, mIcon: 0}, PanelItemInfo{ PackageName: com.transsion.notebook, Label: Notepad, Type: 2, added: true, Id: null, mIconPath: /data/user/0/com.transsion.smartpanel/files/appIcon1765306667136/com.transsion.notebooknull.jpg, mIcon: 0}, PanelItemInfo{ PackageName: screen_shot, Label: Screen Shot, Type: 0, added: true, Id: null, mIconPath: null, mIcon: 2131231892}, PanelItemInfo{ PackageName: screen_record, Label: Screen Record, Type: 0, added: true, Id: null, mIconPath: null, mIcon: 2131231891}, PanelItemInfo{ PackageName: com.transsion.filemanagerx, Label: File Manager, Type: 2, added: true, Id: null, mIconPath: /data/user/0/com.transsion.smartpanel/files/appIcon1765306667136/com.transsion.filemanagerxnull.jpg, mIcon: 0}, PanelItemInfo{ PackageName: com.ss.android.ugc.trill, Label: TikTok, Type: 2, added: true, Id: null, mIconPath: /data/user/0/com.transsion.smartpanel/files/appIcon1765306667136/com.ss.android.ugc.trillnull.jpg, mIcon: 0}, PanelItemInfo{ PackageName: com.google.android.gm, Label: Gmail, Type: 2, added: true, Id: null, mIconPath: /data/user/0/com.transsion.smartpanel/files/appIcon1765306667136/com.google.android.gmnull.jpg, mIcon: 0}]
2025-12-09 15:59:20.871  5656-21317 SmartPanelRepository    pid-5656                             I  updateAddedAppInfoSync finish 33
2025-12-09 15:59:20.873  3576-3576  EventBus                pid-3576                             D  No subscribers registered for event class com.transsion.launcher3.setting.event.SettingBindAllWidgetEvent
2025-12-09 15:59:20.873  3576-3576  EventBus                pid-3576                             D  No subscribers registered for event class lj.i
2025-12-09 15:59:20.878 25141-25616 ndroid.settings         pid-25141                            W  ApkAssets: Deleting an ApkAssets object '<empty> and /system_ext/app/SmartRecogize/SmartRecogize.apk' with 1 weak references
2025-12-09 15:59:20.879  1565-1657  ApplicationHelper       pid-1565                             E  Fail to get PackageManager
2025-12-09 15:59:20.879 25141-25616 ndroid.settings         pid-25141                            W  ApkAssets: Deleting an ApkAssets object '<empty> and /system_ext/app/Ella/Ella.apk' with 1 weak references
2025-12-09 15:59:20.880 25141-25616 ndroid.settings         pid-25141                            W  ApkAssets: Deleting an ApkAssets object '<empty> and /system_ext/priv-app/TranSystemUI/TranSystemUI.apk' with 1 weak references
2025-12-09 15:59:20.881 25141-25616 ndroid.settings         pid-25141                            W  ApkAssets: Deleting an ApkAssets object '/product/overlay/SystemUIOverlay.apk' with 1 weak references
2025-12-09 15:59:20.881 25141-25616 ndroid.settings         pid-25141                            W  ApkAssets: Deleting an ApkAssets object '<empty> and /system_ext/priv-app/TranLivePicker/TranLivePicker.apk' with 1 weak references
2025-12-09 15:59:20.889  1565-1999  ActivityManager         pid-1565                             W  Unbind failed: could not find connection for android.app.LoadedApk$ServiceDispatcher$InnerConnection@e03f02e
2025-12-09 15:59:20.892 13444-13458 Permission...erviceImpl pid-13444                            I  Updating user sensitive for uid 1010209
2025-12-09 15:59:20.895 13596-25698 ShortcutInfoCollector   pid-13596                            I  updateMapByPkg after list size 1
2025-12-09 15:59:20.893 25141-25616 ndroid.settings         pid-25141                            W  ApkAssets: Deleting an ApkAssets object '<empty> and /system_ext/priv-app/SmartCaller/SmartCaller.apk' with 1 weak references
2025-12-09 15:59:20.896  4727-4727  Registered...onentCache pid-4727                             D  RegisteredComponentCache has changed.
2025-12-09 15:59:20.896 25141-25616 ndroid.settings         pid-25141                            W  ApkAssets: Deleting an ApkAssets object '<empty> and /system_ext/priv-app/SetupWizard/SetupWizard.apk' with 1 weak references
2025-12-09 15:59:20.897 25141-25616 ndroid.settings         pid-25141                            W  ApkAssets: Deleting an ApkAssets object '<empty> and /system_ext/priv-app/GooglePackageInstaller/GooglePackageInstaller.apk' with 1 weak references
2025-12-09 15:59:20.897 25141-25616 ndroid.settings         pid-25141                            W  ApkAssets: Deleting an ApkAssets object '/product/overlay/TranGooglePackageInstallerOverlay.apk' with 1 weak references
2025-12-09 15:59:20.899 25141-25616 ndroid.settings         pid-25141                            W  ApkAssets: Deleting an ApkAssets object '<empty> and /product/app/SpeechServicesByGoogle/SpeechServicesByGoogle.apk' with 1 weak references
2025-12-09 15:59:20.899  1565-1705  Magnificat...ionManager pid-1565                             W  requestConnection duplicated request: connect=false, mConnectionState=DISCONNECTED
2025-12-09 15:59:20.900 25141-25616 ndroid.settings         pid-25141                            W  ApkAssets: Deleting an ApkAssets object '<empty> and /product/app/LatinImeGoogle/LatinImeGoogle.apk' with 1 weak references
2025-12-09 15:59:20.901  3459-3459  SmsApplication          pid-3459                             E  com.google.android.apps.messaging lost android:read_cell_broadcasts:  (fixing)
2025-12-09 15:59:20.901 25141-25616 ndroid.settings         pid-25141                            W  ApkAssets: Deleting an ApkAssets object '<empty> and /product/priv-app/SecurityCom/SecurityCom.apk' with 1 weak references
2025-12-09 15:59:20.902 25141-25616 ndroid.settings         pid-25141                            W  ApkAssets: Deleting an ApkAssets object '<empty> and /product/priv-app/PrivateComputeServices/PrivateComputeServices.apk' with 1 weak references
2025-12-09 15:59:20.902  1565-1657  ApplicationHelper       pid-1565                             E  Fail to get PackageManager
2025-12-09 15:59:20.902  1565-5267  AppOpService            pid-1565                             W  Ignored setUidMode call for runtime permission app op: uid = 10218, code = READ_CELL_BROADCASTS, mode = allow, callingUid = 1001, oldMode = allow
2025-12-09 15:59:20.902 25141-25616 ndroid.settings         pid-25141                            W  ApkAssets: Deleting an ApkAssets object '<empty> and /product/priv-app/GooglePartnerSetup/GooglePartnerSetup.apk' with 1 weak references
2025-12-09 15:59:20.904  3459-3459  SmsApplication          pid-3459                             W  com.android.phone does not have OP_WRITE_SMS:  (fixing)
2025-12-09 15:59:20.905  1565-1643  AppOpService            pid-1565                             W  Ignored setUidMode call for runtime permission app op: uid = 1001001, code = READ_SMS, mode = allow, callingUid = 1001, oldMode = allow
2025-12-09 15:59:20.906  1565-3363  AppOpService            pid-1565                             W  Ignored setUidMode call for runtime permission app op: uid = 1001001, code = RECEIVE_SMS, mode = allow, callingUid = 1001, oldMode = allow
2025-12-09 15:59:20.906  1565-3363  AppOpService            pid-1565                             W  Ignored setUidMode call for runtime permission app op: uid = 1001001, code = RECEIVE_WAP_PUSH, mode = allow, callingUid = 1001, oldMode = allow
2025-12-09 15:59:20.907  1565-3363  AppOpService            pid-1565                             W  Ignored setUidMode call for runtime permission app op: uid = 1001001, code = SEND_SMS, mode = allow, callingUid = 1001, oldMode = allow
2025-12-09 15:59:20.907  1565-3363  AppOpService            pid-1565                             W  Ignored setUidMode call for runtime permission app op: uid = 1001001, code = READ_CELL_BROADCASTS, mode = allow, callingUid = 1001, oldMode = allow
2025-12-09 15:59:20.907 25141-25616 ndroid.settings         pid-25141                            W  ApkAssets: Deleting an ApkAssets object '<empty> and /product/priv-app/FamilyLinkParentalControls/FamilyLinkParentalControls.apk' with 1 weak references
2025-12-09 15:59:20.907  3459-3459  SmsApplication          pid-3459                             W  com.android.bluetooth does not have OP_WRITE_SMS:  (fixing)
2025-12-09 15:59:20.908 25141-25616 ndroid.settings         pid-25141                            W  ApkAssets: Deleting an ApkAssets object '<empty> and /system/app/PrintSpooler/PrintSpooler.apk' with 1 weak references
2025-12-09 15:59:20.908  1565-4775  AppOpService            pid-1565                             W  Ignored setUidMode call for runtime permission app op: uid = 1001002, code = READ_SMS, mode = allow, callingUid = 1001, oldMode = allow
2025-12-09 15:59:20.908 25141-25616 ndroid.settings         pid-25141                            W  ApkAssets: Deleting an ApkAssets object '<empty> and /system/priv-app/ManagedProvisioning/ManagedProvisioning.apk' with 1 weak references
2025-12-09 15:59:20.909 25141-25616 ndroid.settings         pid-25141                            W  ApkAssets: Deleting an ApkAssets object '<empty> and /system/priv-app/MtkCalendarProvider/MtkCalendarProvider.apk' with 1 weak references
2025-12-09 15:59:20.909  1565-1643  AppOpService            pid-1565                             W  Ignored setUidMode call for runtime permission app op: uid = 1001002, code = RECEIVE_SMS, mode = allow, callingUid = 1001, oldMode = allow
2025-12-09 15:59:20.909 25141-25616 ndroid.settings         pid-25141                            W  ApkAssets: Deleting an ApkAssets object '<empty> and /tr_preload/operator/app/Temu/Temu.apk' with 1 weak references
2025-12-09 15:59:20.909  1565-1643  AppOpService            pid-1565                             W  Ignored setUidMode call for runtime permission app op: uid = 1001002, code = RECEIVE_WAP_PUSH, mode = allow, callingUid = 1001, oldMode = allow
2025-12-09 15:59:20.909 25141-25616 ndroid.settings         pid-25141                            W  ApkAssets: Deleting an ApkAssets object '<empty> and /tr_preload/operator/app/Lazada/Lazada.apk' with 1 weak references
2025-12-09 15:59:20.909  1565-1643  AppOpService            pid-1565                             W  Ignored setUidMode call for runtime permission app op: uid = 1001002, code = SEND_SMS, mode = allow, callingUid = 1001, oldMode = allow
2025-12-09 15:59:20.910  1565-1643  AppOpService            pid-1565                             W  Ignored setUidMode call for runtime permission app op: uid = 1001002, code = READ_CELL_BROADCASTS, mode = allow, callingUid = 1001, oldMode = allow
2025-12-09 15:59:20.910  3459-3459  SmsApplication          pid-3459                             W  com.android.mms.service does not have OP_WRITE_SMS:  (fixing)
2025-12-09 15:59:20.911  1565-1643  AppOpService            pid-1565                             W  Ignored setUidMode call for runtime permission app op: uid = 1001001, code = READ_SMS, mode = allow, callingUid = 1001, oldMode = allow
2025-12-09 15:59:20.911  1565-1643  AppOpService            pid-1565                             W  Ignored setUidMode call for runtime permission app op: uid = 1001001, code = RECEIVE_SMS, mode = allow, callingUid = 1001, oldMode = allow
2025-12-09 15:59:20.912  1565-1643  AppOpService            pid-1565                             W  Ignored setUidMode call for runtime permission app op: uid = 1001001, code = RECEIVE_WAP_PUSH, mode = allow, callingUid = 1001, oldMode = allow
2025-12-09 15:59:20.912  1565-1643  AppOpService            pid-1565                             W  Ignored setUidMode call for runtime permission app op: uid = 1001001, code = SEND_SMS, mode = allow, callingUid = 1001, oldMode = allow
2025-12-09 15:59:20.912  1565-1643  AppOpService            pid-1565                             W  Ignored setUidMode call for runtime permission app op: uid = 1001001, code = READ_CELL_BROADCASTS, mode = allow, callingUid = 1001, oldMode = allow
