2025-12-09 15:58:17.171 13697-23990 MlBenchmarkInstaller    pid-13697                            I  (REDACTED) Intent: %s
2025-12-09 15:58:17.171 13697-23990 MlBenchmarkInstaller    pid-13697                            I  (REDACTED) COMMITTED Extra package name: %s
2025-12-09 15:58:17.172 13697-23159 ModuleInitIntentOp      pid-13697                            W  Dropping unexpected action com.google.android.gms.phenotype.COMMITTED
2025-12-09 15:58:17.174 21807-23110 PTCommittedOperation    pid-21807                            I  Receive new configuration for com.google.android.gms.trustlet_place
2025-12-09 15:58:17.179 13697-23159 ModuleInitIntentOp      pid-13697                            W  Dropping unexpected action com.google.android.gms.phenotype.COMMITTED
2025-12-09 15:58:17.183 13697-23990 LocationHistory         pid-13697                            I  (REDACTED) [IntentOperation] Handling action %s
2025-12-09 15:58:17.184 13697-23159 GmsSyncPolicyEngine     pid-13697                            I  (REDACTED) Periodic sync %d disabled by policy, cancelled.
2025-12-09 15:58:17.184 13697-23460 SystemUpdate            pid-13697                            I  [Installation,ReceiverIntentOperation] System update management not enabled in this context. Ignoring intent: Intent { act=com.google.android.gms.phenotype.COMMITTED pkg=com.google.android.gms cmp=com.google.android.gms/.chimera.GmsIntentOperationService (has extras) }
2025-12-09 15:58:17.185 13697-23159 GmsSyncPolicyEngine     pid-13697                            I  (REDACTED) Periodic sync %d disabled by policy, cancelled.
2025-12-09 15:58:17.185 13697-23159 GmsSyncPolicyEngine     pid-13697                            I  (REDACTED) Periodic sync %d disabled by policy, cancelled.
2025-12-09 15:58:17.192  1565-1657  ApplicationHelper       pid-1565                             E  Fail to get PackageManager
2025-12-09 15:58:17.200  1565-1657  ApplicationHelper       pid-1565                             E  Fail to get PackageManager
2025-12-09 15:58:17.200  1565-1657  ApplicationHelper       pid-1565                             E  Fail to get PackageManager
2025-12-09 15:58:17.204  4639-5142  MediaProvider           pid-4639                             W  isAppCloneUserPair for user 0: false
2025-12-09 15:58:17.205  1565-1657  ApplicationHelper       pid-1565                             E  Fail to get PackageManager
2025-12-09 15:58:17.206  1565-1657  ApplicationHelper       pid-1565                             E  Fail to get PackageManager
2025-12-09 15:58:17.206  1565-1657  ApplicationHelper       pid-1565                             E  Fail to get PackageManager
2025-12-09 15:58:17.207 13697-23460 ModuleInitIntentOp      pid-13697                            W  Dropping unexpected action com.google.android.gms.phenotype.COMMITTED
2025-12-09 15:58:17.207 13697-23460 ModuleInitIntentOp      pid-13697                            W  Dropping unexpected action com.google.android.gms.phenotype.COMMITTED
2025-12-09 15:58:17.208 13697-23460 ModuleInitIntentOp      pid-13697                            W  Dropping unexpected action com.google.android.gms.phenotype.COMMITTED
2025-12-09 15:58:17.209 13697-23460 SyncIntentOperation     pid-13697                            I  (REDACTED) Handling the intent: %s.
2025-12-09 15:58:17.210 13697-24135 MdiSyncModule           pid-13697                            I  flag handling is skipping irrelevant intent.
2025-12-09 15:58:17.211 13697-24135 MlBenchmarkInstaller    pid-13697                            I  (REDACTED) Intent: %s
2025-12-09 15:58:17.211 13697-24135 MlBenchmarkInstaller    pid-13697                            I  (REDACTED) COMMITTED Extra package name: %s
2025-12-09 15:58:17.211 13697-24135 ModuleInitIntentOp      pid-13697                            W  Dropping unexpected action com.google.android.gms.phenotype.COMMITTED
2025-12-09 15:58:17.212  1565-1657  ApplicationHelper       pid-1565                             E  Fail to get PackageManager
2025-12-09 15:58:17.214 13697-23989 ModuleInitIntentOp      pid-13697                            W  Dropping unexpected action com.google.android.gms.phenotype.COMMITTED
2025-12-09 15:58:17.216 21807-23480 PTCommittedOperation    pid-21807                            I  Receive new configuration for com.google.android.gms.appstate
2025-12-09 15:58:17.220 13697-23989 GmsSyncPolicyEngine     pid-13697                            I  (REDACTED) Periodic sync %d disabled by policy, cancelled.
2025-12-09 15:58:17.220  1565-1657  ApplicationHelper       pid-1565                             E  Fail to get PackageManager
2025-12-09 15:58:17.221 13697-24135 LocationHistory         pid-13697                            I  (REDACTED) [IntentOperation] Handling action %s
2025-12-09 15:58:17.222 13697-23989 GmsSyncPolicyEngine     pid-13697                            I  (REDACTED) Periodic sync %d disabled by policy, cancelled.
2025-12-09 15:58:17.223 13697-23989 GmsSyncPolicyEngine     pid-13697                            I  (REDACTED) Periodic sync %d disabled by policy, cancelled.
2025-12-09 15:58:17.224 13697-23990 SystemUpdate            pid-13697                            I  [Installation,ReceiverIntentOperation] System update management not enabled in this context. Ignoring intent: Intent { act=com.google.android.gms.phenotype.COMMITTED pkg=com.google.android.gms cmp=com.google.android.gms/.chimera.GmsIntentOperationService (has extras) }
2025-12-09 15:58:17.224  1565-1657  ApplicationHelper       pid-1565                             E  Fail to get PackageManager
2025-12-09 15:58:17.229 12084-12216 UriTaskContentObserver  pid-12084                            I  (REDACTED) Throttling content uri change event for %s
2025-12-09 15:58:17.235  1565-1657  ApplicationHelper       pid-1565                             E  Fail to get PackageManager
2025-12-09 15:58:17.239  4639-23798 MediaProvider           pid-4639                             W  isAppCloneUserPair for user 0: false
2025-12-09 15:58:17.244  1565-1657  ApplicationHelper       pid-1565                             E  Fail to get PackageManager
2025-12-09 15:58:17.248 12084-12216 UriTaskContentObserver  pid-12084                            I  (REDACTED) Throttling content uri change event for %s
2025-12-09 15:58:17.252  1565-1657  ApplicationHelper       pid-1565                             E  Fail to get PackageManager
2025-12-09 15:58:17.253  1565-1657  ApplicationHelper       pid-1565                             E  Fail to get PackageManager
2025-12-09 15:58:17.254  1565-1657  ApplicationHelper       pid-1565                             E  Fail to get PackageManager
2025-12-09 15:58:17.258  1565-1657  ApplicationHelper       pid-1565                             E  Fail to get PackageManager
2025-12-09 15:58:17.265  4639-5141  MediaProvider           pid-4639                             W  isAppCloneUserPair for user 0: false
2025-12-09 15:58:17.269 12084-12216 UriTaskContentObserver  pid-12084                            I  (REDACTED) Throttling content uri change event for %s
2025-12-09 15:58:17.271  1565-1657  ApplicationHelper       pid-1565                             E  Fail to get PackageManager
2025-12-09 15:58:17.279  1565-1657  ApplicationHelper       pid-1565                             E  Fail to get PackageManager
2025-12-09 15:58:17.287  1565-1657  ApplicationHelper       pid-1565                             E  Fail to get PackageManager
2025-12-09 15:58:17.288  1565-1657  ApplicationHelper       pid-1565                             E  Fail to get PackageManager
2025-12-09 15:58:17.294  4639-5142  MediaProvider           pid-4639                             W  isAppCloneUserPair for user 0: false
2025-12-09 15:58:17.319  4639-5151  MediaProvider           pid-4639                             W  isAppCloneUserPair for user 0: false
2025-12-09 15:58:17.323 12084-12216 UriTaskContentObserver  pid-12084                            I  (REDACTED) Throttling content uri change event for %s
2025-12-09 15:58:17.345  1565-2955  InetDiagMessage         pid-1565                             D  Destroyed 0 sockets, proto=IPPROTO_TCP, family=AF_INET, states=14
2025-12-09 15:58:17.348  1565-2955  InetDiagMessage         pid-1565                             D  Destroyed 8 sockets, proto=IPPROTO_TCP, family=AF_INET6, states=14
2025-12-09 15:58:17.348  1565-2955  InetDiagMessage         pid-1565                             D  Destroyed live tcp sockets for uids={10277} in 5ms
2025-12-09 15:58:17.350  1565-2955  InetDiagMessage         pid-1565                             D  Destroyed 0 sockets, proto=IPPROTO_TCP, family=AF_INET, states=14
2025-12-09 15:58:17.351  1565-2955  InetDiagMessage         pid-1565                             D  Destroyed 0 sockets, proto=IPPROTO_TCP, family=AF_INET6, states=14
2025-12-09 15:58:17.351  1565-2955  InetDiagMessage         pid-1565                             D  Destroyed live tcp sockets for uids={20277} in 3ms
2025-12-09 15:58:17.366  1565-1657  ApplicationHelper       pid-1565                             E  Fail to get PackageManager
2025-12-09 15:58:17.366  1565-1657  ApplicationHelper       pid-1565                             E  Fail to get PackageManager
2025-12-09 15:58:17.369  1565-1657  ApplicationHelper       pid-1565                             E  Fail to get PackageManager
2025-12-09 15:58:17.371 24314-24314 dex2oat32               pid-24314                            I  dex2oat took 829.402ms (673.540ms cpu) (threads: 8) arena alloc=0B (0B) java alloc=1388KB (1422056B) native alloc=1663KB (1703664B) free=1986KB (2033792B)
2025-12-09 15:58:17.371 13697-23990 ModuleInitIntentOp      pid-13697                            W  Dropping unexpected action com.google.android.gms.phenotype.COMMITTED
2025-12-09 15:58:17.372 13697-23990 ModuleInitIntentOp      pid-13697                            W  Dropping unexpected action com.google.android.gms.phenotype.COMMITTED
2025-12-09 15:58:17.372 13697-23990 ModuleInitIntentOp      pid-13697                            W  Dropping unexpected action com.google.android.gms.phenotype.COMMITTED
2025-12-09 15:58:17.373  1565-1657  ApplicationHelper       pid-1565                             E  Fail to get PackageManager
2025-12-09 15:58:17.373  1565-1657  ApplicationHelper       pid-1565                             E  Fail to get PackageManager
2025-12-09 15:58:17.375 13697-23988 SyncIntentOperation     pid-13697                            I  (REDACTED) Handling the intent: %s.
2025-12-09 15:58:17.380  1565-1657  ApplicationHelper       pid-1565                             E  Fail to get PackageManager
2025-12-09 15:58:17.383 13697-24189 MdiSyncModule           pid-13697                            I  flag handling is skipping irrelevant intent.
2025-12-09 15:58:17.383 21807-23999 PTCommittedOperation    pid-21807                            I  Receive new configuration for com.google.android.gms.findmydevice
2025-12-09 15:58:17.386  1565-1657  ApplicationHelper       pid-1565                             E  Fail to get PackageManager
2025-12-09 15:58:17.388 13697-23988 MlBenchmarkInstaller    pid-13697                            I  (REDACTED) Intent: %s
2025-12-09 15:58:17.388 13697-23988 MlBenchmarkInstaller    pid-13697                            I  (REDACTED) COMMITTED Extra package name: %s
2025-12-09 15:58:17.390 21807-21816 .gms.persistent         pid-21807                            I  Background concurrent mark compact GC freed 15MB AllocSpace bytes, 4(208KB) LOS objects, 49% free, 15MB/30MB, paused 456us,1.331ms total 130.685ms
2025-12-09 15:58:17.390 13697-24189 ModuleInitIntentOp      pid-13697                            W  Dropping unexpected action com.google.android.gms.phenotype.COMMITTED
2025-12-09 15:58:17.391  1565-1657  ApplicationHelper       pid-1565                             E  Fail to get PackageManager
2025-12-09 15:58:17.395  1565-1657  ApplicationHelper       pid-1565                             E  Fail to get PackageManager
2025-12-09 15:58:17.400 13697-24189 ModuleInitIntentOp      pid-13697                            W  Dropping unexpected action com.google.android.gms.phenotype.COMMITTED
2025-12-09 15:58:17.401  1565-1657  WindowOrie...onListener pid-1565                             V  Proposed rotation changed!  proposedRotation=0, oldProposedRotation=-1, x=-0.64305, y=6.14895, z=6.0810003
2025-12-09 15:58:17.401  1022-1226  DisplayModeController   pid-1022                             D  setDesiredMode 0 {mode={fps=120.00 Hz, modePtr={id=0, vsyncRate=120.00 Hz, peakRefreshRate=120.00 Hz}}, emitEvent=true, force=false}
2025-12-09 15:58:17.401  1022-1226  Scheduler               pid-1022                             D  MtkOverrideDuration: update vsync 120
2025-12-09 15:58:17.401  1022-1226  SurfaceFlinger          pid-1022                             E  MtkDuration override mode is disabled
2025-12-09 15:58:17.402  1022-1226  Scheduler               pid-1022                             D  MtkOverrideDuration: reset override duration
2025-12-09 15:58:17.402  1022-1226  PowerHalWrapper         pid-1022                             I  updateFps(): 120
2025-12-09 15:58:17.402 13697-24189 LocationHistory         pid-13697                            I  (REDACTED) [IntentOperation] Handling action %s
2025-12-09 15:58:17.406 13697-23988 GmsSyncPolicyEngine     pid-13697                            I  (REDACTED) Periodic sync %d disabled by policy, cancelled.
2025-12-09 15:58:17.407 13697-23988 GmsSyncPolicyEngine     pid-13697                            I  (REDACTED) Periodic sync %d disabled by policy, cancelled.
2025-12-09 15:58:17.408 13697-23989 SystemUpdate            pid-13697                            I  [Installation,ReceiverIntentOperation] System update management not enabled in this context. Ignoring intent: Intent { act=com.google.android.gms.phenotype.COMMITTED pkg=com.google.android.gms cmp=com.google.android.gms/.chimera.GmsIntentOperationService (has extras) }
2025-12-09 15:58:17.409 24274-24275 artd                    pid-24274                            I  dex2oat returned code 0
2025-12-09 15:58:17.410 13697-23988 GmsSyncPolicyEngine     pid-13697                            I  (REDACTED) Periodic sync %d disabled by policy, cancelled.
2025-12-09 15:58:17.413  1565-1657  ApplicationHelper       pid-1565                             E  Fail to get PackageManager
2025-12-09 15:58:17.414   927-1018  hwcomposer              pid-927                              I  [HWC] (0) displaySetActiveConfig config:0  
2025-12-09 15:58:17.420  1565-5008  ArtService              pid-1565                             I  Dexopt result: [packageName = com.google.android.gms] DexContainerFileDexoptResult{dexContainerFile=/data/user_de/10/com.google.android.gms/app_chimera/m/0000000b/dl-MlkitOcrCommon.optional_251036100400.apk, primaryAbi=true, abi=arm64-v8a, actualCompilerFilter=verify, status=PERFORMED, dex2oatWallTimeMillis=978, dex2oatCpuTimeMillis=750, sizeBytes=86792, sizeBeforeBytes=0, extendedStatusFlags=[]}
2025-12-09 15:58:17.421  1565-1657  ApplicationHelper       pid-1565                             E  Fail to get PackageManager
2025-12-09 15:58:17.426 24274-24275 artd                    pid-24274                            I  Dex parent of /data/user/0/com.google.android.gms/app_dg_cache/F2DA33623C7C8602EEBF9A226BC4329FB4FEF326/the.apk is not writable: Permission denied
2025-12-09 15:58:17.426 24274-24275 artd                    pid-24274                            I  GetBestInfo checking odex in dalvik-cache (/data/dalvik-cache/arm64/data@user@0@com.google.android.gms@app_dg_cache@F2DA33623C7C8602EEBF9A226BC4329FB4FEF326@the.apk@classes.dex)
2025-12-09 15:58:17.426 24274-24275 artd                    pid-24274                            I  Loading /data/dalvik-cache/arm64/data@user@0@com.google.android.gms@app_dg_cache@F2DA33623C7C8602EEBF9A226BC4329FB4FEF326@the.apk@classes.dex with executable: 0
2025-12-09 15:58:17.426 24274-24275 artd                    pid-24274                            I  OatFileAssistant test for existing oat file /data/dalvik-cache/arm64/data@user@0@com.google.android.gms@app_dg_cache@F2DA33623C7C8602EEBF9A226BC4329FB4FEF326@the.apk@classes.dex: File /data/dalvik-cache/arm64/data@user@0@com.google.android.gms@app_dg_cache@F2DA33623C7C8602EEBF9A226BC4329FB4FEF326@the.apk@classes.vdex does not exist.
2025-12-09 15:58:17.426 24274-24275 artd                    pid-24274                            I  GetBestInfo checking odex next to the dex file (/data/user/0/com.google.android.gms/app_dg_cache/F2DA33623C7C8602EEBF9A226BC4329FB4FEF326/oat/arm64/the.odex)
2025-12-09 15:58:17.426 24274-24275 artd                    pid-24274                            I  Loading /data/user/0/com.google.android.gms/app_dg_cache/F2DA33623C7C8602EEBF9A226BC4329FB4FEF326/oat/arm64/the.odex with executable: 0
2025-12-09 15:58:17.427 24274-24275 artd                    pid-24274                            I  Successfully loaded /data/user/0/com.google.android.gms/app_dg_cache/F2DA33623C7C8602EEBF9A226BC4329FB4FEF326/oat/arm64/the.odex with executable: 0
2025-12-09 15:58:17.428  1565-1657  ApplicationHelper       pid-1565                             E  Fail to get PackageManager
2025-12-09 15:58:17.428  1565-1657  ApplicationHelper       pid-1565                             E  Fail to get PackageManager
2025-12-09 15:58:17.428 24274-24275 artd                    pid-24274                            W  ClassLoaderContext type mismatch. expected=PCL, found=DLC (PCL[];PCL[/product/priv-app/GmsCore/GmsCore.apk*1289739567]{PCL[/system/framework/org.apache.http.legacy.jar*437079508]#PCL[/system/framework/com.android.media.remotedisplay.jar*2042759013]#PCL[/system/framework/com.android.location.provider.jar*3414091812]#PCL[/system_ext/framework/androidx.window.extensions.jar*982563657]#PCL[/system_ext/framework/androidx.window.sidecar.jar*391518838]} | PCL[];DLC[/data/user_de/0/com.google.android.gms/app_chimera/m/00000009/dl-SidecarAps.integ_251633805100400.apk*36308036];PCL[/product/priv-app/GmsCore/GmsCore.apk*1289739567]{PCL[/system/framework/org.apache.http.legacy.jar*437079508]#PCL[/system/framework/com.android.media.remotedisplay.jar*2042759013]#PCL[/system/framework/com.android.location.provider.jar*3414091812]#PCL[/system_ext/framework/androidx.window.extensions.jar*982563657]#PCL[/system_ext/framework/androidx.window.sidecar.jar*391518838]})
2025-12-09 15:58:17.428 24274-24275 artd                    pid-24274                            I  ClassLoaderContext check failed. Context was PCL[];PCL[/product/priv-app/GmsCore/GmsCore.apk*1289739567]{PCL[/system/framework/org.apache.http.legacy.jar*437079508]#PCL[/system/framework/com.android.media.remotedisplay.jar*2042759013]#PCL[/system/framework/com.android.location.provider.jar*3414091812]#PCL[/system_ext/framework/androidx.window.extensions.jar*982563657]#PCL[/system_ext/framework/androidx.window.sidecar.jar*391518838]}. The expected context is PCL[];DLC[/data/user_de/0/com.google.android.gms/app_chimera/m/00000009/dl-SidecarAps.integ_251633805100400.apk*36308036];PCL[/product/priv-app/GmsCore/GmsCore.apk*1289739567]{PCL[/system/framework/org.apache.http.legacy.jar*437079508]#PCL[/system/framework/com.android.media.remotedisplay.jar*2042759013]#PCL[/system/framework/com.android.location.provider.jar*3414091812]#PCL[/system_ext/framework/androidx.window.extensions.jar*982563657]#PCL[/system_ext/framework/androidx.window.sidecar.jar*391518838]}
2025-12-09 15:58:17.428 24274-24275 artd                    pid-24274                            I  /data/user/0/com.google.android.gms/app_dg_cache/F2DA33623C7C8602EEBF9A226BC4329FB4FEF326/oat/arm64/the.odex is kOaContextOutOfDate with filter verify
2025-12-09 15:58:17.428 24274-24275 artd                    pid-24274                            I  GetBestInfo checking vdex in dalvik-cache (/data/dalvik-cache/arm64/data@user@0@com.google.android.gms@app_dg_cache@F2DA33623C7C8602EEBF9A226BC4329FB4FEF326@the.apk@classes.vdex)
2025-12-09 15:58:17.428 24274-24275 artd                    pid-24274                            I  unable to open vdex file /data/dalvik-cache/arm64/data@user@0@com.google.android.gms@app_dg_cache@F2DA33623C7C8602EEBF9A226BC4329FB4FEF326@the.apk@classes.vdex: File /data/dalvik-cache/arm64/data@user@0@com.google.android.gms@app_dg_cache@F2DA33623C7C8602EEBF9A226BC4329FB4FEF326@the.apk@classes.vdex does not exist.
2025-12-09 15:58:17.428 24274-24275 artd                    pid-24274                            I  OatFileAssistant test for existing oat file /data/dalvik-cache/arm64/data@user@0@com.google.android.gms@app_dg_cache@F2DA33623C7C8602EEBF9A226BC4329FB4FEF326@the.apk@classes.vdex: File /data/dalvik-cache/arm64/data@user@0@com.google.android.gms@app_dg_cache@F2DA33623C7C8602EEBF9A226BC4329FB4FEF326@the.apk@classes.vdex does not exist.
2025-12-09 15:58:17.428 24274-24275 artd                    pid-24274                            I  GetBestInfo checking vdex next to the dex file (/data/user/0/com.google.android.gms/app_dg_cache/F2DA33623C7C8602EEBF9A226BC4329FB4FEF326/oat/arm64/the.vdex)
2025-12-09 15:58:17.429 24274-24275 artd                    pid-24274                            I  Successfully loaded /data/user/0/com.google.android.gms/app_dg_cache/F2DA33623C7C8602EEBF9A226BC4329FB4FEF326/oat/arm64/the.vdex with executable: 0
2025-12-09 15:58:17.429 24274-24275 artd                    pid-24274                            I  Image checksum test skipped for vdex file /data/user/0/com.google.android.gms/app_dg_cache/F2DA33623C7C8602EEBF9A226BC4329FB4FEF326/oat/arm64/the.vdex
2025-12-09 15:58:17.429 24274-24275 artd                    pid-24274                            I  /data/user/0/com.google.android.gms/app_dg_cache/F2DA33623C7C8602EEBF9A226BC4329FB4FEF326/oat/arm64/the.vdex is kOatUpToDate with filter verify
2025-12-09 15:58:17.429 24274-24275 artd                    pid-24274                            I  Should not recompile
2025-12-09 15:58:17.429  1565-5008  ArtService              pid-1565                             I  Dexopt result: [packageName = com.google.android.gms] DexContainerFileDexoptResult{dexContainerFile=/data/user/0/com.google.android.gms/app_dg_cache/F2DA33623C7C8602EEBF9A226BC4329FB4FEF326/the.apk, primaryAbi=true, abi=arm64-v8a, actualCompilerFilter=verify, status=SKIPPED, dex2oatWallTimeMillis=0, dex2oatCpuTimeMillis=0, sizeBytes=0, sizeBeforeBytes=0, extendedStatusFlags=[]}
2025-12-09 15:58:17.429  1022-1022  PowerHalWrapper         pid-1022                             I  updateFps(): 120
2025-12-09 15:58:17.430  1022-1022  PowerHalWrapper         pid-1022                             I  updateFps(): 120
2025-12-09 15:58:17.430 24274-24275 artd                    pid-24274                            I  Dex parent of /data/user_de/0/com.google.android.gms/app_chimera/m/00000007/MeasurementDynamite.apk is not writable: Permission denied
2025-12-09 15:58:17.430 24274-24275 artd                    pid-24274                            I  GetBestInfo checking odex in dalvik-cache (/data/dalvik-cache/arm64/data@user_de@0@com.google.android.gms@app_chimera@m@00000007@MeasurementDynamite.apk@classes.dex)
2025-12-09 15:58:17.430 24274-24275 artd                    pid-24274                            I  Loading /data/dalvik-cache/arm64/data@user_de@0@com.google.android.gms@app_chimera@m@00000007@MeasurementDynamite.apk@classes.dex with executable: 0
2025-12-09 15:58:17.430 24274-24275 artd                    pid-24274                            I  OatFileAssistant test for existing oat file /data/dalvik-cache/arm64/data@user_de@0@com.google.android.gms@app_chimera@m@00000007@MeasurementDynamite.apk@classes.dex: File /data/dalvik-cache/arm64/data@user_de@0@com.google.android.gms@app_chimera@m@00000007@MeasurementDynamite.apk@classes.vdex does not exist.
2025-12-09 15:58:17.430 24274-24275 artd                    pid-24274                            I  GetBestInfo checking odex next to the dex file (/data/user_de/0/com.google.android.gms/app_chimera/m/00000007/oat/arm64/MeasurementDynamite.odex)
2025-12-09 15:58:17.430 24274-24275 artd                    pid-24274                            I  Loading /data/user_de/0/com.google.android.gms/app_chimera/m/00000007/oat/arm64/MeasurementDynamite.odex with executable: 0
2025-12-09 15:58:17.431 24274-24275 artd                    pid-24274                            I  Successfully loaded /data/user_de/0/com.google.android.gms/app_chimera/m/00000007/oat/arm64/MeasurementDynamite.odex with executable: 0
2025-12-09 15:58:17.431 24274-24275 artd                    pid-24274                            I  /data/user_de/0/com.google.android.gms/app_chimera/m/00000007/oat/arm64/MeasurementDynamite.odex is kOatUpToDate with filter verify
2025-12-09 15:58:17.431 24274-24275 artd                    pid-24274                            I  Should not recompile
2025-12-09 15:58:17.431  1565-5008  ArtService              pid-1565                             I  Dexopt result: [packageName = com.google.android.gms] DexContainerFileDexoptResult{dexContainerFile=/data/user_de/0/com.google.android.gms/app_chimera/m/00000007/MeasurementDynamite.apk, primaryAbi=true, abi=arm64-v8a, actualCompilerFilter=verify, status=SKIPPED, dex2oatWallTimeMillis=0, dex2oatCpuTimeMillis=0, sizeBytes=0, sizeBeforeBytes=0, extendedStatusFlags=[]}
2025-12-09 15:58:17.432  1565-5008  TransDexopter           pid-1565                             I  secondary compile completed: true, duration: 2917ms
2025-12-09 15:58:17.434  1565-1657  ApplicationHelper       pid-1565                             E  Fail to get PackageManager
2025-12-09 15:58:17.437 13697-23988 EnterpriseLoader        pid-13697                            I  [ConditionsChecker] ZT config not present. [CONTEXT service_id=225 ]
2025-12-09 15:58:17.440  1565-1657  ApplicationHelper       pid-1565                             E  Fail to get PackageManager
2025-12-09 15:58:17.441  1565-1657  ApplicationHelper       pid-1565                             E  Fail to get PackageManager
2025-12-09 15:58:17.441  1565-1657  ApplicationHelper       pid-1565                             E  Fail to get PackageManager
2025-12-09 15:58:17.451  1565-1657  ApplicationHelper       pid-1565                             E  Fail to get PackageManager
2025-12-09 15:58:17.453  1565-1657  ApplicationHelper       pid-1565                             E  Fail to get PackageManager
2025-12-09 15:58:17.461  1565-1657  ApplicationHelper       pid-1565                             E  Fail to get PackageManager
2025-12-09 15:58:17.470  1565-1657  ApplicationHelper       pid-1565                             E  Fail to get PackageManager
2025-12-09 15:58:17.472  1565-1657  ApplicationHelper       pid-1565                             E  Fail to get PackageManager
2025-12-09 15:58:17.472  1565-1657  ApplicationHelper       pid-1565                             E  Fail to get PackageManager
2025-12-09 15:58:17.473  1565-1657  ApplicationHelper       pid-1565                             E  Fail to get PackageManager
2025-12-09 15:58:17.474  1565-1657  ApplicationHelper       pid-1565                             E  Fail to get PackageManager
2025-12-09 15:58:17.474  4794-4868  TrancareProviderLib     pid-4794                             D  [MSG_CHECK_DATA_SIZE_CYCLE]
2025-12-09 15:58:17.474  4794-4868  TrancareProviderLib     pid-4794                             D  [cleanExpiredData]+
2025-12-09 15:58:17.474  4794-4868  TrancareProviderLib     pid-4794                             W  sheet no exist, sheetName = t_242260000001_click_event
2025-12-09 15:58:17.475  4794-4868  TrancareProviderLib     pid-4794                             W  sheet no exist, sheetName = t_242260000004_click_event_input
2025-12-09 15:58:17.475  4794-4868  TrancareProviderLib     pid-4794                             W  sheet no exist, sheetName = t_tran_data_center_game_exp
2025-12-09 15:58:17.475  1565-1657  ApplicationHelper       pid-1565                             E  Fail to get PackageManager
2025-12-09 15:58:17.485  1565-1657  ApplicationHelper       pid-1565                             E  Fail to get PackageManager
2025-12-09 15:58:17.485  1565-1657  ApplicationHelper       pid-1565                             E  Fail to get PackageManager
2025-12-09 15:58:17.489  1565-1657  ApplicationHelper       pid-1565                             E  Fail to get PackageManager
2025-12-09 15:58:17.489  1565-1657  ApplicationHelper       pid-1565                             E  Fail to get PackageManager
2025-12-09 15:58:17.501  4794-4868  TrancareProviderLib     pid-4794                             W  sheet no exist, sheetName = t_lmk_info
2025-12-09 15:58:17.501  4794-4868  TrancareProviderLib     pid-4794                             W  sheet no exist, sheetName = t_tran_data_center_game
2025-12-09 15:58:17.502  4794-4868  TrancareProviderLib     pid-4794                             D  [cleanExpiredData]-
2025-12-09 15:58:17.502  4794-4868  TrancareProviderLib     pid-4794                             D  [cleanSizeOutData]+
2025-12-09 15:58:17.502  4794-4868  TrancareProviderLib     pid-4794                             D  [cleanSizeOutData]-
2025-12-09 15:58:17.502  4794-4868  TrancareProviderLib     pid-4794                             D  [cleanUnusedSheet]+
2025-12-09 15:58:17.502  4794-4868  TrancareProviderLib     pid-4794                             W  sheet no exist, sheetName = t_242260000001_click_event
2025-12-09 15:58:17.504  4794-4868  TrancareProviderLib     pid-4794                             W  sheet no exist, sheetName = t_242260000004_click_event_input
2025-12-09 15:58:17.505  4794-4868  TrancareProviderLib     pid-4794                             W  sheet no exist, sheetName = t_tran_data_center_game_exp
2025-12-09 15:58:17.506  4794-4868  TrancareProviderLib     pid-4794                             W  sheet no exist, sheetName = t_lmk_info
2025-12-09 15:58:17.508  1565-1657  ApplicationHelper       pid-1565                             E  Fail to get PackageManager
2025-12-09 15:58:17.508  1565-1657  ApplicationHelper       pid-1565                             E  Fail to get PackageManager
2025-12-09 15:58:17.509  4794-4868  TrancareProviderLib     pid-4794                             W  sheet no exist, sheetName = t_tran_data_center_game
2025-12-09 15:58:17.509  4794-4868  TrancareProviderLib     pid-4794                             D  [cleanUnusedSheet]-
2025-12-09 15:58:17.513  4794-4868  TrancareProviderLib     pid-4794                             E  Parse t_tran_data_center_game_exp is failed or t_tran_data_center_game_exp is not found!!!
2025-12-09 15:58:17.525  1565-5265  ConnectivityService     pid-1565                             D  requestNetwork for uid/pid:10277/23841 activeRequest: null callbackRequest: 557 [NetworkRequest [ REQUEST id=558, [ Capabilities: INTERNET&NOT_RESTRICTED&TRUSTED&NOT_VCN_MANAGED&NOT_BANDWIDTH_CONSTRAINED Uid: 10277 RequestorUid: 10277 RequestorPkg: com.lazada.android UnderlyingNetworks: Null] ]] callback flags: 0 order: 2147483647 isUidTracked: false declaredMethods: ALL
2025-12-09 15:58:17.527 13697-23990 ModuleInitIntentOp      pid-13697                            W  Dropping unexpected action com.google.android.gms.phenotype.COMMITTED
2025-12-09 15:58:17.528 13697-23990 ModuleInitIntentOp      pid-13697                            W  Dropping unexpected action com.google.android.gms.phenotype.COMMITTED
2025-12-09 15:58:17.529 13697-24136 SyncIntentOperation     pid-13697                            I  (REDACTED) Handling the intent: %s.
2025-12-09 15:58:17.532  1565-1823  BroadcastQueue          pid-1565                             D  Hiber/broadcast restricted queue.uid=10279 action=BroadcastRecord{28038b9 android.net.conn.CONNECTIVITY_CHANGE/u-1}
2025-12-09 15:58:17.535 13697-23989 ModuleInitIntentOp      pid-13697                            W  Dropping unexpected action com.google.android.gms.phenotype.COMMITTED
2025-12-09 15:58:17.536  1565-2943  OemPaidWif...orkFactory pid-1565                             D  got request NetworkRequest [ REQUEST id=558, [ Capabilities: INTERNET&NOT_RESTRICTED&TRUSTED&NOT_VCN_MANAGED&NOT_BANDWIDTH_CONSTRAINED Uid: 10277 RequestorUid: 10277 RequestorPkg: com.lazada.android UnderlyingNetworks: Null] ]
2025-12-09 15:58:17.537  1565-2943  MultiInter...orkFactory pid-1565                             D  got request NetworkRequest [ REQUEST id=558, [ Capabilities: INTERNET&NOT_RESTRICTED&TRUSTED&NOT_VCN_MANAGED&NOT_BANDWIDTH_CONSTRAINED Uid: 10277 RequestorUid: 10277 RequestorPkg: com.lazada.android UnderlyingNetworks: Null] ]
2025-12-09 15:58:17.539  1565-2943  WifiNetworkFactory      pid-1565                             D  got request NetworkRequest [ REQUEST id=558, [ Capabilities: INTERNET&NOT_RESTRICTED&TRUSTED&NOT_VCN_MANAGED&NOT_BANDWIDTH_CONSTRAINED Uid: 10277 RequestorUid: 10277 RequestorPkg: com.lazada.android UnderlyingNetworks: Null] ]
2025-12-09 15:58:17.539   935-944   android.ha...ervice.mtk pid-935                              W  parseMsg: Get from client TYPE=thermal_hal_notify NAME=SKIN
2025-12-09 15:58:17.539   935-944   android.ha...ervice.mtk pid-935                              W  parseMsg:name.c_str():SKIN
2025-12-09 15:58:17.539   935-944   android.ha...ervice.mtk pid-935                              W  parseMsg:tz notify:SKIN
2025-12-09 15:58:17.539   935-944   android.ha...ervice.mtk pid-935                              I  Wait to accept a connection
2025-12-09 15:58:17.539   935-944   android.ha...l@2.0-impl pid-935                              I  Sending notification:  Type: SKIN Name: SKIN CurrentValue: 47 ThrottlingStatus: SEVERE
2025-12-09 15:58:17.539   935-944   android.ha...l@2.0-impl pid-935                              I  sendThermalChangedCallback
2025-12-09 15:58:17.540  4794-4868  TrancareProviderLib     pid-4794                             E  Parse t_lmk_info is failed or t_lmk_info is not found!!!
2025-12-09 15:58:17.540  4794-4868  TrancareProviderLib     pid-4794                             E  Parse t_tran_data_center_game is failed or t_tran_data_center_game is not found!!!
2025-12-09 15:58:17.540 13697-23989 MdiSyncModule           pid-13697                            I  flag handling is skipping irrelevant intent.
2025-12-09 15:58:17.540  1565-2943  UntrustedW...orkFactory pid-1565                             D  got request NetworkRequest [ REQUEST id=558, [ Capabilities: INTERNET&NOT_RESTRICTED&TRUSTED&NOT_VCN_MANAGED&NOT_BANDWIDTH_CONSTRAINED Uid: 10277 RequestorUid: 10277 RequestorPkg: com.lazada.android UnderlyingNetworks: Null] ]
2025-12-09 15:58:17.541 13697-23159 MlBenchmarkInstaller    pid-13697                            I  (REDACTED) Intent: %s
2025-12-09 15:58:17.541  1565-2955  ConnectivityService     pid-1565                             D  NetReassign [558 : null  100] [c 1] [a 3] [i 7]
2025-12-09 15:58:17.541 13697-23159 MlBenchmarkInstaller    pid-13697                            I  (REDACTED) COMMITTED Extra package name: %s
2025-12-09 15:58:17.543 13697-23159 ModuleInitIntentOp      pid-13697                            W  Dropping unexpected action com.google.android.gms.phenotype.COMMITTED
2025-12-09 15:58:17.544 13697-23159 ModuleInitIntentOp      pid-13697                            W  Dropping unexpected action com.google.android.gms.phenotype.COMMITTED
2025-12-09 15:58:17.545 13697-23159 LocationHistory         pid-13697                            I  (REDACTED) [IntentOperation] Handling action %s
2025-12-09 15:58:17.550 13697-23463 SystemUpdate            pid-13697                            I  [Installation,ReceiverIntentOperation] System update management not enabled in this context. Ignoring intent: Intent { act=com.google.android.gms.phenotype.COMMITTED pkg=com.google.android.gms cmp=com.google.android.gms/.chimera.GmsIntentOperationService (has extras) }
2025-12-09 15:58:17.552 13697-24135 GmsSyncPolicyEngine     pid-13697                            I  (REDACTED) Periodic sync %d disabled by policy, cancelled.
2025-12-09 15:58:17.557 13697-24135 GmsSyncPolicyEngine     pid-13697                            I  (REDACTED) Periodic sync %d disabled by policy, cancelled.
2025-12-09 15:58:17.559 13697-24135 GmsSyncPolicyEngine     pid-13697                            I  (REDACTED) Periodic sync %d disabled by policy, cancelled.
2025-12-09 15:58:17.569  3459-3459  TranSignal...ponentImpl pid-3459                             D  [WCDMA] dbm: -97
2025-12-09 15:58:17.569  3459-3459  TranSignal...ponentImpl pid-3459                             D  [WCDMA] dbm: -97
2025-12-09 15:58:17.572  1565-1657  ApplicationHelper       pid-1565                             E  Fail to get PackageManager
2025-12-09 15:58:17.572  1565-1657  ApplicationHelper       pid-1565                             E  Fail to get PackageManager
2025-12-09 15:58:17.578  3459-5153  TranTele/T...aceManager pid-3459                             I  TTC - onSignalStrengthsChanged
2025-12-09 15:58:17.578  3459-5153  SignalPredictController pid-3459                             I  [onSignalStrengthsChanged] ignore mServiceState: 1
2025-12-09 15:58:17.579 21807-23110 PTCommittedOperation    pid-21807                            I  Receive new configuration for com.google.android.gms.checkin
2025-12-09 15:58:17.592  1565-1831  TranSignal...ponentImpl pid-1565                             D  [WCDMA] dbm: -97
2025-12-09 15:58:17.594  1565-1657  ApplicationHelper       pid-1565                             E  Fail to get PackageManager
2025-12-09 15:58:17.596  1565-1657  ApplicationHelper       pid-1565                             E  Fail to get PackageManager
2025-12-09 15:58:17.598  1565-1906  libtrancpufreqtime      pid-1565                             D  [doPollPsi:227] cpu psi is high, 500ms at 1s window
2025-12-09 15:58:17.602  1022-1226  DisplayModeController   pid-1022                             D  setDesiredMode 0 {mode={fps=60.00 Hz, modePtr={id=1, vsyncRate=60.00 Hz, peakRefreshRate=60.00 Hz}}, emitEvent=false, force=false}
2025-12-09 15:58:17.602  1022-1226  Scheduler               pid-1022                             D  MtkOverrideDuration: update vsync 60
2025-12-09 15:58:17.602  1022-1226  SurfaceFlinger          pid-1022                             E  MtkDuration override mode is disabled
2025-12-09 15:58:17.602  1022-1226  Scheduler               pid-1022                             D  MtkOverrideDuration: reset override duration
2025-12-09 15:58:17.602  1022-1226  PowerHalWrapper         pid-1022                             I  updateFps(): 60
2025-12-09 15:58:17.606   927-1018  hwcomposer              pid-927                              I  [HWC] (0) displaySetActiveConfig config:1  
2025-12-09 15:58:17.613  1022-1022  PowerHalWrapper         pid-1022                             I  updateFps(): 60
2025-12-09 15:58:17.614  1022-1022  PowerHalWrapper         pid-1022                             I  updateFps(): 60
2025-12-09 15:58:17.619  1565-1657  ApplicationHelper       pid-1565                             E  Fail to get PackageManager
2025-12-09 15:58:17.622  4794-4868  TrancareProviderLib     pid-4794                             D  [MSG_CHECK_TIME_CYCLE]
2025-12-09 15:58:17.622  4794-4868  TrancareProviderLib     pid-4794                             D  [processTimeCheck]+ correctedDiffTime = 0
2025-12-09 15:58:17.622  4794-4868  TrancareProviderLib     pid-4794                             D  [processTimeCheck]-
2025-12-09 15:58:17.623  4794-4868  TrancareProviderLib     pid-4794                             D  [MSG_CHECK_CACHE_CYCLE]
2025-12-09 15:58:17.623  4794-4868  TrancareProviderLib     pid-4794                             D  [flushCacheToDataBase]+
2025-12-09 15:58:17.623  4794-4868  TrancareProviderLib     pid-4794                             D  [flushCacheToDataBase]-
2025-12-09 15:58:17.623  1565-1657  ApplicationHelper       pid-1565                             E  Fail to get PackageManager
2025-12-09 15:58:17.629  1565-1657  ApplicationHelper       pid-1565                             E  Fail to get PackageManager
2025-12-09 15:58:17.631  1565-1657  ApplicationHelper       pid-1565                             E  Fail to get PackageManager
2025-12-09 15:58:17.631  1565-1657  ApplicationHelper       pid-1565                             E  Fail to get PackageManager
2025-12-09 15:58:17.636  1565-1657  ApplicationHelper       pid-1565                             E  Fail to get PackageManager
2025-12-09 15:58:17.636  1565-1657  ApplicationHelper       pid-1565                             E  Fail to get PackageManager
2025-12-09 15:58:17.637 13697-24135 SettingsChangedIntentOp pid-13697                            I  telephonyspam phenotype flag changed [CONTEXT service_id=150 ]
2025-12-09 15:58:17.637 13697-24135 SpamListSync            pid-13697                            I  schedulePeriodicTask [CONTEXT service_id=150 ]
2025-12-09 15:58:17.649  1565-1657  ApplicationHelper       pid-1565                             E  Fail to get PackageManager
2025-12-09 15:58:17.653  1565-1657  ApplicationHelper       pid-1565                             E  Fail to get PackageManager
2025-12-09 15:58:17.703  1565-1657  ApplicationHelper       pid-1565                             E  Fail to get PackageManager
2025-12-09 15:58:17.703  1565-1657  ApplicationHelper       pid-1565                             E  Fail to get PackageManager
2025-12-09 15:58:17.706  1565-1657  ApplicationHelper       pid-1565                             E  Fail to get PackageManager
2025-12-09 15:58:17.706  1565-1657  ApplicationHelper       pid-1565                             E  Fail to get PackageManager
2025-12-09 15:58:17.711 13697-23463 ModuleInitIntentOp      pid-13697                            W  Dropping unexpected action com.google.android.gms.phenotype.COMMITTED
2025-12-09 15:58:17.711  1565-1657  ApplicationHelper       pid-1565                             E  Fail to get PackageManager
2025-12-09 15:58:17.711 13697-24188 ModuleInitIntentOp      pid-13697                            W  Dropping unexpected action com.google.android.gms.phenotype.COMMITTED
2025-12-09 15:58:17.712 13697-24188 ModuleInitIntentOp      pid-13697                            W  Dropping unexpected action com.google.android.gms.phenotype.COMMITTED
2025-12-09 15:58:17.712 13697-24188 SyncIntentOperation     pid-13697                            I  (REDACTED) Handling the intent: %s.
2025-12-09 15:58:17.714 13697-24188 MdiSyncModule           pid-13697                            I  flag handling is skipping irrelevant intent.
2025-12-09 15:58:17.714 13697-24188 MlBenchmarkInstaller    pid-13697                            I  (REDACTED) Intent: %s
2025-12-09 15:58:17.714 13697-24188 MlBenchmarkInstaller    pid-13697                            I  (REDACTED) COMMITTED Extra package name: %s
2025-12-09 15:58:17.716 13697-23466 ModuleInitIntentOp      pid-13697                            W  Dropping unexpected action com.google.android.gms.phenotype.COMMITTED
2025-12-09 15:58:17.716 21807-23997 PTCommittedOperation    pid-21807                            I  Receive new configuration for com.google.android.gms.reachability
2025-12-09 15:58:17.717 13697-23466 ModuleInitIntentOp      pid-13697                            W  Dropping unexpected action com.google.android.gms.phenotype.COMMITTED
2025-12-09 15:58:17.717 13697-24135 LocationHistory         pid-13697                            I  (REDACTED) [IntentOperation] Handling action %s
2025-12-09 15:58:17.718 13697-23466 SystemUpdate            pid-13697                            I  [Installation,ReceiverIntentOperation] System update management not enabled in this context. Ignoring intent: Intent { act=com.google.android.gms.phenotype.COMMITTED pkg=com.google.android.gms cmp=com.google.android.gms/.chimera.GmsIntentOperationService (has extras) }
2025-12-09 15:58:17.719 13697-24187 GmsSyncPolicyEngine     pid-13697                            I  (REDACTED) Periodic sync %d disabled by policy, cancelled.
2025-12-09 15:58:17.720 13697-24187 GmsSyncPolicyEngine     pid-13697                            I  (REDACTED) Periodic sync %d disabled by policy, cancelled.
2025-12-09 15:58:17.721 13697-24187 GmsSyncPolicyEngine     pid-13697                            I  (REDACTED) Periodic sync %d disabled by policy, cancelled.
2025-12-09 15:58:17.726 23315-23711 ValarMorghulis          pid-23315                            I  0ooo======3906/////////1750
2025-12-09 15:58:17.734  1565-1657  ApplicationHelper       pid-1565                             E  Fail to get PackageManager
2025-12-09 15:58:17.753  1565-1657  ApplicationHelper       pid-1565                             E  Fail to get PackageManager
2025-12-09 15:58:17.766  1565-1657  ApplicationHelper       pid-1565                             E  Fail to get PackageManager
2025-12-09 15:58:17.766  1565-1657  ApplicationHelper       pid-1565                             E  Fail to get PackageManager
2025-12-09 15:58:17.769  1565-1657  ApplicationHelper       pid-1565                             E  Fail to get PackageManager
2025-12-09 15:58:17.770  1565-1657  ApplicationHelper       pid-1565                             E  Fail to get PackageManager
2025-12-09 15:58:17.772  1565-1657  ApplicationHelper       pid-1565                             E  Fail to get PackageManager
2025-12-09 15:58:17.775 13697-23159 ModuleInitIntentOp      pid-13697                            W  Dropping unexpected action com.google.android.gms.phenotype.COMMITTED
2025-12-09 15:58:17.775 13697-23159 ModuleInitIntentOp      pid-13697                            W  Dropping unexpected action com.google.android.gms.phenotype.COMMITTED
2025-12-09 15:58:17.776  1565-1639  system_server           pid-1565                             I  Background concurrent mark compact GC freed 90MB AllocSpace bytes, 5(112KB) LOS objects, 32% free, 99MB/147MB, paused 5.721ms,5.686ms total 664.307ms
2025-12-09 15:58:17.777 21807-23997 PTCommittedOperation    pid-21807                            I  Receive new configuration for com.google.android.gms.mdisync
2025-12-09 15:58:17.777 13697-23989 ModuleInitIntentOp      pid-13697                            W  Dropping unexpected action com.google.android.gms.phenotype.COMMITTED
2025-12-09 15:58:17.778  1565-1641  system_server           pid-1565                             W  ApkAssets: Deleting an ApkAssets object '<empty> and /tr_product/app/CalendarGoogle/CalendarGoogle.apk' with 1 weak references
2025-12-09 15:58:17.779  1565-1641  system_server           pid-1565                             W  ApkAssets: Deleting an ApkAssets object '<empty> and /product/operator/app/Videos/Videos.apk' with 1 weak references
2025-12-09 15:58:17.779  1565-1641  system_server           pid-1565                             W  ApkAssets: Deleting an ApkAssets object '<empty> and /system_ext/priv-app/SmartCaller/SmartCaller.apk' with 1 weak references
2025-12-09 15:58:17.780  1565-1641  system_server           pid-1565                             W  ApkAssets: Deleting an ApkAssets object '<empty> and /tr_preload/app/Phoenix/Phoenix.apk' with 1 weak references
2025-12-09 15:58:17.780  1565-1641  system_server           pid-1565                             W  ApkAssets: Deleting an ApkAssets object '<empty> and /tr_preload/operator/app/TikTok/TikTok.apk' with 1 weak references
2025-12-09 15:58:17.780 13697-23989 SyncIntentOperation     pid-13697                            I  (REDACTED) Handling the intent: %s.
2025-12-09 15:58:17.781  1565-1641  system_server           pid-1565                             W  ApkAssets: Deleting an ApkAssets object '<empty> and /system_ext/app/palmid_os15_mr1/palmid_os15_mr1.apk' with 1 weak references
2025-12-09 15:58:17.782  1565-1641  system_server           pid-1565                             W  ApkAssets: Deleting an ApkAssets object '<empty> and /product/operator/app/Drive/Drive.apk' with 1 weak references
2025-12-09 15:58:17.786 13697-23990 MdiSyncModule           pid-13697                            I  handling relevant flag change...
2025-12-09 15:58:17.787 13697-23988 MlBenchmarkInstaller    pid-13697                            I  (REDACTED) Intent: %s
2025-12-09 15:58:17.787 13697-23988 MlBenchmarkInstaller    pid-13697                            I  (REDACTED) COMMITTED Extra package name: %s
2025-12-09 15:58:17.788 13697-23463 ModuleInitIntentOp      pid-13697                            W  Dropping unexpected action com.google.android.gms.phenotype.COMMITTED
2025-12-09 15:58:17.788 13697-23463 ModuleInitIntentOp      pid-13697                            W  Dropping unexpected action com.google.android.gms.phenotype.COMMITTED
2025-12-09 15:58:17.789 13697-23463 LocationHistory         pid-13697                            I  (REDACTED) [IntentOperation] Handling action %s
2025-12-09 15:58:17.790 13697-23159 SystemUpdate            pid-13697                            I  [Installation,ReceiverIntentOperation] System update management not enabled in this context. Ignoring intent: Intent { act=com.google.android.gms.phenotype.COMMITTED pkg=com.google.android.gms cmp=com.google.android.gms/.chimera.GmsIntentOperationService (has extras) }
2025-12-09 15:58:17.791 13697-23990 MdiSyncModule           pid-13697                            I  flag handling completed
2025-12-09 15:58:17.792 13697-23988 GmsSyncPolicyEngine     pid-13697                            I  (REDACTED) Periodic sync %d disabled by policy, cancelled.
2025-12-09 15:58:17.793 13697-23988 GmsSyncPolicyEngine     pid-13697                            I  (REDACTED) Periodic sync %d disabled by policy, cancelled.
2025-12-09 15:58:17.794 13697-23988 GmsSyncPolicyEngine     pid-13697                            I  (REDACTED) Periodic sync %d disabled by policy, cancelled.
