2025-11-17 20:18:52.854  1587-1587  adbd                    adbd                                 I  BlockingConnectionAdapter(host-18): stopping
2025-11-17 20:18:52.854  1587-1587  adbd                    adbd                                 I  BlockingConnectionAdapter(host-18): stopped
2025-11-17 20:18:52.856  1587-1587  adbd                    adbd                                 I  BlockingConnectionAdapter(host-15): destructing
2025-11-17 20:18:52.856  1587-1587  adbd                    adbd                                 I  BlockingConnectionAdapter(host-15): already stopped
2025-11-17 20:18:52.862  1587-1587  adbd                    adbd                                 I  BlockingConnectionAdapter(host-18): destructing
2025-11-17 20:18:52.862  1587-8480  adbd                    adbd                                 I  host-23: write thread spawning
2025-11-17 20:18:52.863  1587-1587  adbd                    adbd                                 I  BlockingConnectionAdapter(host-18): already stopped
2025-11-17 20:18:52.867  1587-8479  adbd                    adbd                                 I  host-23: read thread spawning
2025-11-17 20:18:52.874   721-1228  EmulatorCl...ardMonitor system_server                        W  Failure to read from host clipboard (Ask Gemini)
                                                                                                    java.io.EOFException
                                                                                                    	at com.android.server.clipboard.EmulatorClipboardMonitor.readFully(EmulatorClipboardMonitor.java:230)
                                                                                                    	at com.android.server.clipboard.EmulatorClipboardMonitor.receiveMessage(EmulatorClipboardMonitor.java:108)
                                                                                                    	at com.android.server.clipboard.EmulatorClipboardMonitor.lambda$new$0(EmulatorClipboardMonitor.java:147)
                                                                                                    	at com.android.server.clipboard.EmulatorClipboardMonitor.$r8$lambda$I665hZBuK4A9PXws4VUFbdMwhbk(EmulatorClipboardMonitor.java:0)
                                                                                                    	at com.android.server.clipboard.EmulatorClipboardMonitor$$ExternalSyntheticLambda0.run(R8$$SyntheticClass:0)
                                                                                                    	at java.lang.Thread.run(Thread.java:1119)
2025-11-17 20:18:52.884  1587-1587  adbd                    adbd                                 I  adbd_auth: loading keys from /data/misc/adb/adb_keys
2025-11-17 20:18:53.001   721-759   SystemClockTime         system_server                        D  Setting time of day to sec=1763421563
2025-11-17 20:19:23.169  1448-1448  SatelliteController     com.android.phone                    D  Satellite for carrier is not supported.
2025-11-17 20:19:23.170  1448-1448  SatelliteController     com.android.phone                    D  Satellite for carrier is not supported.
2025-11-17 20:19:23.172  1448-1448  SatelliteController     com.android.phone                    D  registerForSatelliteModemStateChanged: add Listeners for ModemState
2025-11-17 20:19:23.173  1448-1448  SatelliteController     com.android.phone                    E  registerForSatelliteModemStateChanged: mSatelliteSessionController is not initialized yet
2025-11-17 20:19:23.229  1448-1448  SatelliteController     com.android.phone                    D  registerForSatelliteModemStateChanged: add Listeners for ModemState
2025-11-17 20:19:23.235  1448-1448  SatelliteController     com.android.phone                    E  registerForSatelliteModemStateChanged: mSatelliteSessionController is not initialized yet
2025-11-17 20:19:23.238   721-768   ActivityManager         system_server                        D  sync unfroze 1502 com.android.settings for 10
2025-11-17 20:19:23.239   721-768   ActivityManager         system_server                        D  sync unfroze 5626 com.android.keychain for 10
2025-11-17 20:19:23.240   721-768   ActivityManager         system_server                        D  sync unfroze 3886 com.android.dynsystem:dynsystem for 10
2025-11-17 20:19:23.246   721-768   ActivityManager         system_server                        D  sync unfroze 3866 com.android.dynsystem for 10
2025-11-17 20:19:23.260  1557-1603  PackageUpdatedTask      com...le.android.apps.nexuslauncher  D  Package updated: mOp=UPDATE packages=[com.google.android.calendar], user=UserHandle{0}
2025-11-17 20:19:23.261   721-768   ActivityManager         system_server                        D  sync unfroze 3379 com.android.providers.calendar for 3
2025-11-17 20:19:23.272   721-1228  androidtc               system_server                        D  Initializing SystemTextClassifier, type = System
2025-11-17 20:19:23.281   721-768   ActivityManager         system_server                        D  sync unfroze 6858 com.google.android.apps.messaging for 3
2025-11-17 20:19:23.286   721-721   DevicePolicyManager     system_server                        D  updateSystemUpdateFreezePeriodsRecord
2025-11-17 20:19:23.303   721-768   ActivityManager         system_server                        D  sync unfroze 6236 com.google.android.apps.photos for 3
2025-11-17 20:19:23.319  1855-1855  AiAiTextClassifier      com.google.android.as                I  onCreateTextClassificationSession = TextClassificationSessionId {9b5d389e-58a1-44be-affe-068c63c7158c}
2025-11-17 20:19:23.337  1258-1258  ClipboardListener       com.android.systemui                 I  Clipboard overlay suppressed.
2025-11-17 20:19:23.338  1258-1258  ClipboardListener       com.android.systemui                 I  Clipboard overlay suppressed.
2025-11-17 20:19:23.346   721-768   ActivityManager         system_server                        D  sync unfroze 4383 com.google.android.apps.safetyhub for 3
2025-11-17 20:19:23.349  6547-8309  androidtc               com...gle.android.inputmethod.latin  D  Initializing SystemTextClassifier, type = System
2025-11-17 20:19:23.353  1502-1502  BootBroadcastReceiver   com.android.settings                 D  refresh job and clear data from action=android.intent.action.TIME_SET
2025-11-17 20:19:23.365  1502-7937  DatabaseUtils           com.android.settings                 D  clear data after current time = 1763421563363
2025-11-17 20:19:23.373   721-760   Looper                  system_server                        W  Slow dispatch took 125ms android.ui app=system_server main=false group=TOP_APP h=com.android.server.am.ActivityManagerService$UiHandler c=null m=68
2025-11-17 20:19:23.376  1448-1684  SatelliteController     com.android.phone                    E  registerForSatelliteCommunicationAccessStateChanged: SatelliteManager is null
2025-11-17 20:19:23.376  1448-1684  SatelliteController     com.android.phone                    D  isCarrierRoamingNtnEligible: satellite access is not allowed
2025-11-17 20:19:23.376  1448-1684  SatelliteController     com.android.phone                    D  evaluateCarrierRoamingNtnEligibilityChange: isCarrierRoamingNtnEligible=false
2025-11-17 20:19:23.376  1448-1684  SatelliteController     com.android.phone                    D  getSelectedSatelliteSubId: subId=-1
2025-11-17 20:19:23.376  1448-1684  SatelliteController     com.android.phone                    D  notifyNtnEligibility: phoneId=0 currentNtnEligibility=false
2025-11-17 20:19:23.376  1448-1684  SatelliteController     com.android.phone                    V  getWwanIsInService: return false
2025-11-17 20:19:23.377  1448-1684  SatelliteController     com.android.phone                    D  updateLastNotifiedNtnModeAndNotify: subId=1 initialized=true lastNotifiedNtnMode=false currNtnMode=false
2025-11-17 20:19:23.377  1448-1684  SatelliteController     com.android.phone                    D  iisInCarrierRoamingNbIotNtn: satellite is disabled
2025-11-17 20:19:23.420  6858-6858  WM-RescheduleReceiver   com.google.android.apps.messaging    D  Received intent Intent { act=android.intent.action.TIME_SET flg=0x25200010 xflg=0x4 cmp=com.google.android.apps.messaging/androidx.work.impl.background.systemalarm.RescheduleReceiver }
2025-11-17 20:19:23.435  6858-6878  ForwardSyncCache        com.google.android.apps.messaging    I  reclaimMemory: Clearing caches
2025-11-17 20:19:23.438  6858-6878  BugleSpam               com.google.android.apps.messaging    W  trimming memory: closing msg model.
2025-11-17 20:19:23.439   721-1551  ContextImpl             system_server                        W  Calling a method in the system process without a qualified user: android.app.ContextImpl.sendBroadcastMultiplePermissions:1319 android.content.Context.sendBroadcastMultiplePermissions:2583 com.android.server.TelephonyRegistry.broadcastServiceStateChanged:4159 com.android.server.TelephonyRegistry.notifyServiceStateForPhoneId:1848 com.android.internal.telephony.ITelephonyRegistry$Stub.onTransact:613 
2025-11-17 20:19:23.448  6858-6878  Bugle                   com.google.android.apps.messaging    W  TextClassifierLibManagerImpl: Reclaiming memory at level: 40
2025-11-17 20:19:23.452  6858-6878  ForwardSyncCache        com.google.android.apps.messaging    I  reclaimMemory: Clearing caches
2025-11-17 20:19:23.453  6858-6878  BugleSpam               com.google.android.apps.messaging    W  trimming memory: closing msg model.
2025-11-17 20:19:23.453  6858-6878  Bugle                   com.google.android.apps.messaging    W  TextClassifierLibManagerImpl: Reclaiming memory at level: 40
2025-11-17 20:19:23.453  6858-6878  ForwardSyncCache        com.google.android.apps.messaging    I  reclaimMemory: Clearing caches
2025-11-17 20:19:23.453  6858-6878  BugleSpam               com.google.android.apps.messaging    W  trimming memory: closing msg model.
2025-11-17 20:19:23.453  6858-6878  Bugle                   com.google.android.apps.messaging    W  TextClassifierLibManagerImpl: Reclaiming memory at level: 40
2025-11-17 20:19:23.459   721-1551  ContextImpl             system_server                        W  Calling a method in the system process without a qualified user: android.app.ContextImpl.sendBroadcastMultiplePermissions:1352 com.android.server.TelephonyRegistry.broadcastServiceStateChanged:4164 com.android.server.TelephonyRegistry.notifyServiceStateForPhoneId:1848 com.android.internal.telephony.ITelephonyRegistry$Stub.onTransact:613 android.os.Binder.execTransactInternal:1421 
2025-11-17 20:19:23.462   721-1551  ContextImpl             system_server                        W  Calling a method in the system process without a qualified user: android.app.ContextImpl.sendBroadcastMultiplePermissions:1352 com.android.server.TelephonyRegistry.broadcastServiceStateChanged:4173 com.android.server.TelephonyRegistry.notifyServiceStateForPhoneId:1848 com.android.internal.telephony.ITelephonyRegistry$Stub.onTransact:613 android.os.Binder.execTransactInternal:1421 
2025-11-17 20:19:23.468   721-1551  ContextImpl             system_server                        W  Calling a method in the system process without a qualified user: android.app.ContextImpl.sendBroadcastMultiplePermissions:1352 com.android.server.TelephonyRegistry.broadcastServiceStateChanged:4179 com.android.server.TelephonyRegistry.notifyServiceStateForPhoneId:1848 com.android.internal.telephony.ITelephonyRegistry$Stub.onTransact:613 android.os.Binder.execTransactInternal:1421 
2025-11-17 20:19:23.476  1258-1258  GlobalActionsDialogLite com.android.systemui                 D  Service changed before actions created
2025-11-17 20:19:23.476  1258-1258  GlobalActionsDialogLite com.android.systemui                 D  Service changed before actions created
2025-11-17 20:19:23.479  1448-1448  ServiceStateProvider    com.android.phone                    D  subId=1
2025-11-17 20:19:23.496  1502-7937  PeriodicJobManager      com.android.settings                 D  schedule next alarm job at Nov 18, 2025, 00:00:00
2025-11-17 20:19:23.516  1855-2059  AiAiTextClassifier      com.google.android.as                I  GenerateLinks did not find valid links, returning empty result
2025-11-17 20:19:23.532  1855-2059  AiAiTextClassifier      com.google.android.as                I  GenerateLinks did not find valid links, returning empty result
2025-11-17 20:19:23.541  1448-1448  SatelliteController     com.android.phone                    D  iisInCarrierRoamingNbIotNtn: satellite is disabled
2025-11-17 20:19:23.543   721-768   ActivityManager         system_server                        D  sync unfroze 3419 com.google.android.dialer for 3
2025-11-17 20:19:23.551  1855-2031  AiAiTranslate           com.google.android.as                I  C2T - not in a conversation
2025-11-17 20:19:23.575  1557-1603  s.nexuslauncher         com...le.android.apps.nexuslauncher  I  AssetManager2(0x70e5eced27d8) locale list changing from [] to [en-US]
2025-11-17 20:19:23.581   721-1167  ConnectivityService     system_server                        I  Update capabilities for net 101 : -NOT_SUSPENDED
2025-11-17 20:19:23.592   721-1167  IPCThreadState          system_server                        W  Sending oneway calls to frozen process.
2025-11-17 20:19:23.592   721-1167  IPCThreadState          system_server                        W  Sending oneway calls to frozen process.
2025-11-17 20:19:23.593   721-1167  ConnectivityService     system_server                        D  [101 CELLULAR] EVENT_NETWORK_INFO_CHANGED, going from CONNECTED to SUSPENDED
2025-11-17 20:19:23.598  1557-1603  HWUI                    com...le.android.apps.nexuslauncher  W  Image decoding logging dropped!
2025-11-17 20:19:23.601   721-1551  ContextImpl             system_server                        W  Calling a method in the system process without a qualified user: android.app.ContextImpl.sendBroadcastMultiplePermissions:1352 android.content.Context.sendBroadcastMultiplePermissions:2529 android.content.Context.sendBroadcastMultiplePermissions:2517 com.android.server.TelephonyRegistry.broadcastDataConnectionStateChanged:4378 com.android.server.TelephonyRegistry.notifyDataConnectionForSubscriber:2321 
2025-11-17 20:19:23.604  3379-3379  ActivityThread          com.android.providers.calendar       D  Package [com.android.vending] reported as REPLACED, but missing application info. Assuming REMOVED.
2025-11-17 20:19:23.606   721-1159  MboOceController        system_server                        E  onDataConnectionStateChanged unexpected State: 3
2025-11-17 20:19:23.609   721-1159  WifiDataStall           system_server                        E  onDataConnectionStateChanged unexpected State: 3
2025-11-17 20:19:23.612  4383-4383  ActivityThread          com.google.android.apps.safetyhub    D  Package [com.google.android.gms] reported as REPLACED, but missing application info. Assuming REMOVED.
2025-11-17 20:19:23.612  3379-3379  ActivityThread          com.android.providers.calendar       D  Package [com.android.vending] reported as REPLACED, but missing application info. Assuming REMOVED.
2025-11-17 20:19:23.612  3379-3379  ActivityThread          com.android.providers.calendar       D  Package [com.google.android.gms] reported as REPLACED, but missing application info. Assuming REMOVED.
2025-11-17 20:19:23.612  3379-3379  ActivityThread          com.android.providers.calendar       D  Package [com.google.android.gms] reported as REPLACED, but missing application info. Assuming REMOVED.
2025-11-17 20:19:23.626  1557-1603  HWUI                    com...le.android.apps.nexuslauncher  W  Image decoding logging dropped!
2025-11-17 20:19:23.631  4383-4383  ActivityThread          com.google.android.apps.safetyhub    D  Package [com.google.android.gms] reported as REPLACED, but missing application info. Assuming REMOVED.
2025-11-17 20:19:23.630  1448-1448  MultiSimSe...Controller com.android.phone                    D  notifySubscriptionInfoChanged
2025-11-17 20:19:23.633   721-768   ActivityManager         system_server                        D  sync unfroze 8308 com.google.android.gms.ui for 10
2025-11-17 20:19:23.666   721-768   ActivityManager         system_server                        D  sync unfroze 6636 com.google.android.gms.unstable for 10
2025-11-17 20:19:23.668   721-721   AS.AudioService         system_server                        I  onSubscriptionsChanged()
2025-11-17 20:19:23.669  1502-7937  BatteryUsa...ntProvider com.android.settings                 D  getLastFullChargeTimestamp() in 69/ms
2025-11-17 20:19:23.675  1557-1603  HWUI                    com...le.android.apps.nexuslauncher  W  Image decoding logging dropped!
2025-11-17 20:19:23.693   721-1173  AppOps                  system_server                        E  attributionTag VCN not declared in manifest of android
2025-11-17 20:19:23.705  1502-7937  DatabaseUtils           com.android.settings                 D  getLastFullChargeTime() lastFullChargeTime=Nov 17, 2025, 20:09:04 in 209/ms
2025-11-17 20:19:23.705  1502-7937  DatabaseUtils           com.android.settings                 D  getBatteryEvents for timestamp: 1763410144017
2025-11-17 20:19:23.705  1502-7937  BatteryUsa...ntProvider com.android.settings                 D  getQueryBatteryEventTypes from uri: content://com.android.settings.battery.usage.provider/BatteryEvent?timestamp=1763410144017&batteryEventType=3%2C4
2025-11-17 20:19:23.705  1502-7937  BatteryUsa...ntProvider com.android.settings                 D  getQueryTimestamp from uri: content://com.android.settings.battery.usage.provider/BatteryEvent?timestamp=1763410144017&batteryEventType=3%2C4
2025-11-17 20:19:23.709   721-1173  AppOps                  system_server                        E  attributionTag VCN not declared in manifest of android
2025-11-17 20:19:23.710  1502-7937  BatteryUsa...ntProvider com.android.settings                 W  getBatteryEvents() in 5/ms
2025-11-17 20:19:23.719  1502-7937  DatabaseUtils           com.android.settings                 D  getBatteryEvents size=3 in 9/ms
2025-11-17 20:19:23.731   721-750   IPCThreadState          system_server                        W  Sending oneway calls to frozen process.
2025-11-17 20:19:23.731   721-750   IPCThreadState          system_server                        W  Sending oneway calls to frozen process.
2025-11-17 20:19:23.732   721-750   IPCThreadState          system_server                        W  Sending oneway calls to frozen process.
2025-11-17 20:19:23.740  1448-1448  Telephony               com.android.phone                    I  TelecomAccountRegistry$TelecomAccountTelephonyCallback: TelecomAccountRegistry: onServiceStateChanged: newState=1, mServiceState=0
2025-11-17 20:19:23.745  1448-1448  Telephony               com.android.phone                    W  registerMmTelCapabilityCallback: registration failed, no ImsService available. Exception: code: 1
2025-11-17 20:19:23.754  6858-7154  BugleRcsEngine          com.google.android.apps.messaging    I  SIM state event delay enabled: attempts 0, maxAttempts 3, delaySeconds 90 MSIM delayseconds 90, effective delay seconds 90 [CONTEXT thread_id=82 ]
2025-11-17 20:19:23.755  6858-7154  BugleRcsEngine          com.google.android.apps.messaging    I  posted simEventProcessTask to handler with delay 90 [CONTEXT thread_id=82 ]
2025-11-17 20:19:23.759  1448-1448  Telephony               com.android.phone                    I  isRttCurrentlySupported -- regular acct, hasVoiceAvailability: false
                                                                                                     isRttSupported: false
                                                                                                     alwaysAllowWhileRoaming: false
                                                                                                     isRoaming: false
                                                                                                     isOnWfc: false
2025-11-17 20:19:23.775  6858-8173  SimStateSchedulerImpl   com.google.android.apps.messaging    I  Scheduling UPDATE_PHONE_SIMS_STATE. Delay Seconds: 0, UpdateTrigger: UPDATE_TRIGGER_SUBSCRIPTIONS_CHANGED
2025-11-17 20:19:23.776  6858-8173  SimStateSchedulerImpl   com.google.android.apps.messaging    I  Scheduling WORK_TYPE_UPDATE_PHONE_SIMS_STATE using PWQ. Delay Seconds: 0, UpdateTrigger: 2
2025-11-17 20:19:23.776  1448-1448  MultiSimSe...Controller com.android.phone                    D  onSubscriptionsChanged
2025-11-17 20:19:23.776  1448-1448  MultiSimSe...Controller com.android.phone                    D  isReadyToReevaluate: subInfoInitialized=true, carrierConfigsLoaded=true, satelliteEnabledOrBeingEnabled=false
2025-11-17 20:19:23.777  1448-1448  MultiSimSe...Controller com.android.phone                    D  updateDefaults
2025-11-17 20:19:23.777  1448-1448  MultiSimSe...Controller com.android.phone                    D  isReadyToReevaluate: subInfoInitialized=true, carrierConfigsLoaded=true, satelliteEnabledOrBeingEnabled=false
2025-11-17 20:19:23.777  1448-1448  MultiSimSe...Controller com.android.phone                    D  updateDefaultValues: change: 0
2025-11-17 20:19:23.777  1448-1448  MultiSimSe...Controller com.android.phone                    D  isReadyToReevaluate: subInfoInitialized=true, carrierConfigsLoaded=true, satelliteEnabledOrBeingEnabled=false
2025-11-17 20:19:23.778  1448-1448  Telephony               com.android.phone                    I  TelecomAccountRegistry: onSubscriptionsChanged - update accounts
2025-11-17 20:19:23.778  1448-1448  Telephony               com.android.phone                    I  PstnIncomingCallNotifier: Unregistering: [0]
2025-11-17 20:19:23.780  1448-1448  Telephony               com.android.phone                    D  Unregistering: Handler (com.android.internal.telephony.GsmCdmaPhone) {1bf870b}
2025-11-17 20:19:23.781  1448-1448  PhoneInterfaceManager   com.android.phone                    I  unregisterMmTelCapabilityCallback: 1 is inactive, ignoring unregister.
2025-11-17 20:19:23.781  1448-1448  PhoneInterfaceManager   com.android.phone                    I  unregisterImsRegistrationCallback: 1is inactive, ignoring unregister.
2025-11-17 20:19:23.783  1448-1448  Telephony               com.android.phone                    I  TelecomAccountRegistry: setupAccounts: Found 1 phones.  Attempting to register.
2025-11-17 20:19:23.783  1448-1448  Telephony               com.android.phone                    I  TelecomAccountRegistry: setupAccounts: Phone with subscription id 1
2025-11-17 20:19:23.783  1448-1448  Simultaneo...ingTracker com.android.phone                    V  Device is not simultaneous calling capable
2025-11-17 20:19:23.785  1448-1448  Telephony               com.android.phone                    D  isEmergencyPreferredAccount: subId=1, activeData=1
2025-11-17 20:19:23.785  1448-1448  Telephony               com.android.phone                    D  isEmergencyPreferredAccount: Device does not require preference.
2025-11-17 20:19:23.785  1448-1448  Telephony               com.android.phone                    I  isRttCurrentlySupported -- regular acct, hasVoiceAvailability: false
                                                                                                     isRttSupported: false
                                                                                                     alwaysAllowWhileRoaming: false
                                                                                                     isRoaming: false
                                                                                                     isOnWfc: false
2025-11-17 20:19:23.794  6370-8512  SystemUpdate            com.google.android.gms               I  [Installation,ReceiverIntentOperation] Received intent: Intent { act=android.intent.action.TIME_SET flg=0x25200010 xflg=0x4 pkg=com.google.android.gms cmp=com.google.android.gms/.chimera.GmsIntentOperationService$PersistentTrustedReceiver }.
2025-11-17 20:19:23.811  6370-8513  AlarmManager            com.google.android.gms               I  setExactAndAllowWhileIdle [name: RemindersNSREFRESH_TIME_REMINDERS_ALARM type: 0 triggerAtMillis: 1763424000000]
2025-11-17 20:19:23.849   721-768   ActivityManager         system_server                        D  sync unfroze 6972 com.google.android.googlequicksearchbox:search for 3
2025-11-17 20:19:23.858  6370-8515  SystemUpdate            com.google.android.gms               I  [Execution,InstallationEventIntentOperation] Handling event of type 6.
2025-11-17 20:19:23.883  1448-1448  HWUI                    com.android.phone                    W  Image decoding logging dropped!
2025-11-17 20:19:23.884   721-768   ActivityManager         system_server                        D  sync unfroze 1261 com.google.android.permissioncontroller for 3
2025-11-17 20:19:23.897  6972-6998  fcqb                    com...d.googlequicksearchbox:search  E  (REDACTED) Trace %s timed out after %d ms. Complete trace: %s (Ask Gemini)
                                                                                                    fcrl: 
                                                                                                    	at tk_trace.LocationUpdateRequester#isEnabled(Started After:54)
                                                                                                    	at tk_trace.LocationUpdateRequester#requestOrRemoveLocationUpdates(Started After:54)
                                                                                                    	at tk_trace.LocationUpdateRequestScheduler#scheduleLocationUpdateRequest(Started After:54)
                                                                                                    	at tk_trace.LocationUpdateApplicationStartupListener#onApplicationStartup(Started After:0)
                                                                                                    	at tk_trace.LocationUpdateApplicationStartupListener(Started After:0)
                                                                                                    	at tk_trace.Startup Listeners(Started After:0)
                                                                                                    	at tk_trace.Application.onCreate(Started After:0)
                                                                                                    	at tk_trace.Application creation(Started After:0)
2025-11-17 20:19:23.897  6972-6999  fcqb                    com...d.googlequicksearchbox:search  E  (REDACTED) Trace %s timed out after %d ms. Complete trace: %s (Ask Gemini)
                                                                                                    fcrl: 
                                                                                                    	at tk_trace.Read SignedOutState(Started After:0)
                                                                                                    	at tk_trace.Get SignedOutState(Started After:0)
                                                                                                    	at tk_trace.handleBroadcast(Started After:0)
                                                                                                    	at tk_trace.Broadcast to com.google.apps.tiktok.experiments.phenotype.ConfigurationUpdatedReceiver_Receiver com.google.android.gms.phenotype.UPDATE(Started After:0)
2025-11-17 20:19:23.903  6972-6972  WM-RescheduleReceiver   com...d.googlequicksearchbox:search  D  Received intent Intent { act=android.intent.action.TIME_SET flg=0x25200010 xflg=0x4 cmp=com.google.android.googlequicksearchbox/androidx.work.impl.background.systemalarm.RescheduleReceiver }
2025-11-17 20:19:23.906  6370-8513  SystemUpdate            com.google.android.gms               I  [Execution,InstallationIntentOperation] Received intent: Intent { act=com.google.android.gms.update.INSTALL_UPDATE cat=[targeted_intent_op_prefix:.update.execution.InstallationIntentOperation] xflg=0x4 cmp=com.google.android.gms/.chimera.GmsIntentOperationService (has extras) }.
2025-11-17 20:19:23.906  6370-8513  SystemUpdate            com.google.android.gms               I  [Execution,ExecutionManager] Start action execution: finished-execution
2025-11-17 20:19:23.907  6370-8513  SystemUpdate            com.google.android.gms               I  [Execution,ExecutionManager] Action finished-execution executed for 0.00 seconds.
2025-11-17 20:19:23.942  6348-6348  BoundBrokerSvc          com.google.android.gms.persistent    D  onRebind: Intent { act=com.google.android.gms.clearcut.bootcount.service.START dat=chimera-action:/... xflg=0x4 cmp=com.google.android.gms/.chimera.PersistentBoundBrokerService }
2025-11-17 20:19:23.943  1844-1844  WM-RescheduleReceiver   com...ndroid.providers.media.module  D  Received intent Intent { act=android.intent.action.TIME_SET flg=0x25200010 xflg=0x4 cmp=com.google.android.providers.media.module/androidx.work.impl.background.systemalarm.RescheduleReceiver }
2025-11-17 20:19:23.948  1258-1258  ClipboardListener       com.android.systemui                 I  Clipboard overlay suppressed.
2025-11-17 20:19:23.954   721-768   ActivityManager         system_server                        D  sync unfroze 3300 com.google.android.rkpdapp for 3
2025-11-17 20:19:23.965   721-768   ActivityManager         system_server                        D  sync unfroze 5286 com.google.android.settings.intelligence for 3
2025-11-17 20:19:24.020  3419-3419  WM-RescheduleReceiver   com.google.android.dialer            D  Received intent Intent { act=android.intent.action.TIME_SET flg=0x25200010 xflg=0x4 cmp=com.google.android.dialer/androidx.work.impl.background.systemalarm.RescheduleReceiver }
2025-11-17 20:19:24.055  1448-1448  Telephony               com.android.phone                    I  TelecomAccountRegistry$AccountEntry: registerPstnPhoneAccount: Registering account=[[ ] PhoneAccount: ComponentInfo{com.android.phone/com.android.services.telephony.TelephonyConnectionService}, 1, UserHandle{0} Capabilities: CallProvider MultiUser PlaceEmerg SimSub  Audio Routes: BESW Schemes: tel voicemail  Extras: Bundle[{android.telecom.extra.SUPPORTS_VIDEO_CALLING_FALLBACK=true}] GroupId: *** SC Restrictions: [ ]] with Telecom. subId=1
2025-11-17 20:19:24.074  4383-4383  TimedProcessReaper      com.google.android.apps.safetyhub    W  Memory state is: 400
2025-11-17 20:19:24.137   721-2310  Telecom                 system_server                        I  TelecomServiceImpl$1: registerPhoneAccount: account=[[ ] PhoneAccount: ComponentInfo{com.android.phone/com.android.services.telephony.TelephonyConnectionService}, 1, UserHandle{0} Capabilities: CallProvider MultiUser PlaceEmerg SimSub  Audio Routes: BESW Schemes: tel voicemail  Extras: Bundle[{android.telecom.extra.SUPPORTS_VIDEO_CALLING_FALLBACK=true}] GroupId: *** SC Restrictions: [ ]]: TSI.rPA(cap)@AWc
2025-11-17 20:19:24.147  4603-4657  BugleRcsEngine          com...le.android.apps.messaging:rcs  I  SIM state event delay enabled: attempts 0, maxAttempts 3, delaySeconds 90 MSIM delayseconds 90, effective delay seconds 90 [CONTEXT thread_id=62 ]
2025-11-17 20:19:24.149  4603-4657  BugleRcsEngine          com...le.android.apps.messaging:rcs  I  posted simEventProcessTask to handler with delay 90 [CONTEXT thread_id=62 ]
2025-11-17 20:19:24.156   721-2310  Telecom                 system_server                        I  PhoneAccountRegistrar: Modify account: [ComponentInfo{com.android.phone/com.android.services.telephony.TelephonyConnectionService}, 1, UserHandle{0}]: TSI.rPA(cap)@AWc
2025-11-17 20:19:24.165   721-2310  Telecom                 system_server                        I  CallsManager: handlePhoneAccountChanged: phoneAccount=[[X] PhoneAccount: ComponentInfo{com.android.phone/com.android.services.telephony.TelephonyConnectionService}, 1, UserHandle{0} Capabilities: CallProvider MultiUser PlaceEmerg SimSub  Audio Routes: BESW Schemes: tel voicemail  Extras: Bundle[{android.telecom.extra.SUPPORTS_VIDEO_CALLING_FALLBACK=true}] GroupId: *** SC Restrictions: [ ]]: TSI.rPA(cap)@AWc
2025-11-17 20:19:24.173  6858-8172  BugleDataModel          com.google.android.apps.messaging    I  Scheduling country code detector action, because a subscription changed its state.
2025-11-17 20:19:24.206   721-768   ActivityManager         system_server                        D  sync unfroze 2736 com.google.android.tts for 3
2025-11-17 20:19:24.232  6858-8172  BugleDataModel          com.google.android.apps.messaging    I  Scheduling self participants refresh action, because a subscription changed its state.
2025-11-17 20:19:24.254   721-2148  CompatChangeReporter    system_server                        D  Compat change id reported: 311208749; UID 10148; state: ENABLED
2025-11-17 20:19:24.254   721-2148  ActivityManager         system_server                        I  Background started FGS: Allowed [callingPackage: com.google.android.apps.wellbeing; callingUid: 10148; uidState: BFGS; uidBFSL: [BFSL]; intent: Intent { xflg=0x4 cmp=com.google.android.apps.wellbeing/com.google.apps.tiktok.concurrent.InternalForegroundService (has extras) }; code:BACKGROUND_ACTIVITY_PERMISSION; tempAllowListReason:<b75d0e8 android.intent.action.TIME_SET/u-1,reasonCode:TIME_CHANGED,duration:20000,callingUid:1000>; allowWiu:58; targetSdkVersion:35; callerTargetSdkVersion:35; startForegroundCount:0; bindFromPackage:null: isBindService:false]
2025-11-17 20:19:24.261  1557-1603  HWUI                    com...le.android.apps.nexuslauncher  W  Image decoding logging dropped!
2025-11-17 20:19:24.262  1557-1603  AlphabeticIndexCompat   com...le.android.apps.nexuslauncher  D  computeSectionName: cs: Calendar sectionName: C
2025-11-17 20:19:24.266  1557-1557  AllAppsStore            com...le.android.apps.nexuslauncher  D  setApps: apps.length=20
2025-11-17 20:19:24.266  1557-1557  AllAppsStore            com...le.android.apps.nexuslauncher  D  notifyUpdate: notifying listeners
2025-11-17 20:19:24.266  1557-1557  ActivityAl...tainerView com...le.android.apps.nexuslauncher  D  onAppsUpdated; number of apps: 20
2025-11-17 20:19:24.266  1557-1557  ActivityAl...tainerView com...le.android.apps.nexuslauncher  D  rebindAdapters: force: false
2025-11-17 20:19:24.271  1557-1557  ActivityAl...tainerView com...le.android.apps.nexuslauncher  D  rebindAdapters: Not needed.
2025-11-17 20:19:24.271  1557-1557  StatsLog                com...le.android.apps.nexuslauncher  D  LAUNCHER_ALLAPPS_COUNT
2025-11-17 20:19:24.272  1557-1557  AlphabeticalAppsList    com...le.android.apps.nexuslauncher  D  Clearing FastScrollerSections.
2025-11-17 20:19:24.272  1557-1557  AlphabeticalAppsList    com...le.android.apps.nexuslauncher  D  Adding apps with sections. HasPrivateApps: false
2025-11-17 20:19:24.272  1557-1557  AlphabeticalAppsList    com...le.android.apps.nexuslauncher  D  addAppsWithSections: adding sectionName: C with appInfoTitle: Calendar
2025-11-17 20:19:24.272  1557-1557  AlphabeticalAppsList    com...le.android.apps.nexuslauncher  D  addAppsWithSections: adding sectionName: D with appInfoTitle: Drive
2025-11-17 20:19:24.272  1557-1557  AlphabeticalAppsList    com...le.android.apps.nexuslauncher  D  addAppsWithSections: adding sectionName: F with appInfoTitle: Files
2025-11-17 20:19:24.272  1557-1557  AlphabeticalAppsList    com...le.android.apps.nexuslauncher  D  addAppsWithSections: adding sectionName: G with appInfoTitle: Gmail
2025-11-17 20:19:24.272  1557-1557  AlphabeticalAppsList    com...le.android.apps.nexuslauncher  D  addAppsWithSections: adding sectionName: M with appInfoTitle: Maps
2025-11-17 20:19:24.272  1557-1557  AlphabeticalAppsList    com...le.android.apps.nexuslauncher  D  addAppsWithSections: adding sectionName: P with appInfoTitle: Phone
2025-11-17 20:19:24.272  1557-1557  AlphabeticalAppsList    com...le.android.apps.nexuslauncher  D  addAppsWithSections: adding sectionName: S with appInfoTitle: Safety
2025-11-17 20:19:24.272  1557-1557  AlphabeticalAppsList    com...le.android.apps.nexuslauncher  D  addAppsWithSections: adding sectionName: T with appInfoTitle: TMoble
2025-11-17 20:19:24.272  1557-1557  AlphabeticalAppsList    com...le.android.apps.nexuslauncher  D  addAppsWithSections: adding sectionName: Y with appInfoTitle: YouTube
2025-11-17 20:19:24.272  1557-1557  AlphabeticalAppsList    com...le.android.apps.nexuslauncher  D  Adding FastScrollSection duplicate to scroll to the bottom.
2025-11-17 20:19:24.278  1557-1557  AlphabeticalAppsList    com...le.android.apps.nexuslauncher  D  Clearing FastScrollerSections.
2025-11-17 20:19:24.282  1557-1557  AlphabeticalAppsList    com...le.android.apps.nexuslauncher  D  Adding apps with sections. HasPrivateApps: false
2025-11-17 20:19:24.282  1557-1557  AlphabeticalAppsList    com...le.android.apps.nexuslauncher  D  addAppsWithSections: adding sectionName: C with appInfoTitle: Calendar
2025-11-17 20:19:24.282  1557-1557  AlphabeticalAppsList    com...le.android.apps.nexuslauncher  D  addAppsWithSections: adding sectionName: D with appInfoTitle: Drive
2025-11-17 20:19:24.282  1557-1557  AlphabeticalAppsList    com...le.android.apps.nexuslauncher  D  addAppsWithSections: adding sectionName: F with appInfoTitle: Files
2025-11-17 20:19:24.282  1557-1557  AlphabeticalAppsList    com...le.android.apps.nexuslauncher  D  addAppsWithSections: adding sectionName: G with appInfoTitle: Gmail
2025-11-17 20:19:24.282  1557-1557  AlphabeticalAppsList    com...le.android.apps.nexuslauncher  D  addAppsWithSections: adding sectionName: M with appInfoTitle: Maps
2025-11-17 20:19:24.282  1557-1557  AlphabeticalAppsList    com...le.android.apps.nexuslauncher  D  addAppsWithSections: adding sectionName: P with appInfoTitle: Phone
2025-11-17 20:19:24.282  1557-1557  AlphabeticalAppsList    com...le.android.apps.nexuslauncher  D  addAppsWithSections: adding sectionName: S with appInfoTitle: Safety
2025-11-17 20:19:24.282  1557-1557  AlphabeticalAppsList    com...le.android.apps.nexuslauncher  D  addAppsWithSections: adding sectionName: T with appInfoTitle: TMoble
2025-11-17 20:19:24.282  1557-1557  AlphabeticalAppsList    com...le.android.apps.nexuslauncher  D  addAppsWithSections: adding sectionName: Y with appInfoTitle: YouTube
2025-11-17 20:19:24.282  1557-1557  AlphabeticalAppsList    com...le.android.apps.nexuslauncher  D  Adding FastScrollSection duplicate to scroll to the bottom.
2025-11-17 20:19:24.297   721-2148  CompatChangeReporter    system_server                        D  Compat change id reported: 296558535; UID 10148; state: ENABLED
2025-11-17 20:19:24.299   721-2148  CompatChangeReporter    system_server                        D  Compat change id reported: 317799821; UID 10148; state: ENABLED
2025-11-17 20:19:24.299   721-2148  CompatChangeReporter    system_server                        D  Compat change id reported: 313677553; UID 10148; state: ENABLED
2025-11-17 20:19:24.310   235-235   lowmemorykiller         lmkd                                 I  Kill 'com.android.externalstorage' (3119), uid 10102, oom_score_adj 995 to free 76616kB rss, 29944kB swap; reason: device is not responding
2025-11-17 20:19:24.317   721-2310  Telecom                 system_server                        I  PhoneAccountRegistrar: getSimCallManager: SimCallManager for subId 1 queried, returning: null: TSI.rPA(cap)@AWc
2025-11-17 20:19:24.317   721-2310  Telecom                 system_server                        I  PhoneAccountRegistrar: Notifying telephony of voice service override change for 1 SIMs, hasService = false: TSI.rPA(cap)@AWc
2025-11-17 20:19:24.322  1448-1448  PhoneInterfaceManager   com.android.phone                    I  setVoiceServiceStateOverride: subId=1, phone=Handler (com.android.internal.telephony.GsmCdmaPhone) {1bf870b}, hasService=false, callingPackage=com.android.server.telecom
2025-11-17 20:19:24.323  1448-1448  Telephony               com.android.phone                    I  TelecomAccountRegistry$AccountEntry: Registered phoneAccount: [[ ] PhoneAccount: ComponentInfo{com.android.phone/com.android.services.telephony.TelephonyConnectionService}, 1, UserHandle{0} Capabilities: CallProvider MultiUser PlaceEmerg SimSub  Audio Routes: BESW Schemes: tel voicemail  Extras: Bundle[{android.telecom.extra.SUPPORTS_VIDEO_CALLING_FALLBACK=true}] GroupId: *** SC Restrictions: [ ]] with handle: ComponentInfo{com.android.phone/com.android.services.telephony.TelephonyConnectionService}, 1, UserHandle{0}
2025-11-17 20:19:24.323  1448-1448  Telephony               com.android.phone                    I  PstnIncomingCallNotifier: Registering: [0]
2025-11-17 20:19:24.324  1448-1448  Telephony               com.android.phone                    D  Registering: Handler (com.android.internal.telephony.GsmCdmaPhone) {1bf870b}
2025-11-17 20:19:24.324  1448-1448  Telephony               com.android.phone                    W  registerMmTelCapabilityCallback: registration failed, no ImsService available. Exception: code: 1
2025-11-17 20:19:24.325  1448-1448  Telephony               com.android.phone                    W  registerImsRegistrationCallback: registration failed, no ImsService available. Exception: code: 1
2025-11-17 20:19:24.325  1448-1448  Telephony               com.android.phone                    D  Finished registering mSimultaneousCallingTrackerListener for phoneId = 0; subId = 1
2025-11-17 20:19:24.336   721-2148  Foreground...ggerModule system_server                        W  Foreground service start for UID: 10148 does not have any types
2025-11-17 20:19:24.350   721-920   UsageStatsService       system_server                        I  User[0] Time changed in by 30 seconds
2025-11-17 20:19:24.351   721-920   UsageStatsService       system_server                        I  User[0] Flushing usage stats to disk
2025-11-17 20:19:24.383  1448-1448  CallNotifier            com.android.phone                    I  onSubscriptionsChanged
2025-11-17 20:19:24.384  1448-1448  CallNotifier            com.android.phone                    I  updatePhoneStateListeners: update CF/MWI for subId=1
2025-11-17 20:19:24.384  1448-1448  NotificationMgr         com.android.phone                    I  updateCfi: subId= 1, visible=N
2025-11-17 20:19:24.408   235-243   lowmemorykiller         lmkd                                 E  process_mrelease 3119 failed: No such process
2025-11-17 20:19:24.419   721-768   ActivityManager         system_server                        D  sync unfroze 2949 com.google.android.cellbroadcastreceiver for 3
2025-11-17 20:19:24.453  1448-1448  NotificationMgr         com.android.phone                    I  updateMwi(): subId:1 isRefresh:true state:N->N (changed:N)
2025-11-17 20:19:24.462  1557-1557  b/387844520             com...le.android.apps.nexuslauncher  D  getOutlineOffsetX: measured width = 198, mNormalizedIconSize = 182, last updated width = 198
2025-11-17 20:19:24.464  1557-1557  BaseAllAppsAdapter      com...le.android.apps.nexuslauncher  D  onBindViewHolder: isPrivateSpaceItem: false isStateTransitioning: false isScrolling: false readyToAnimate: false currentState: 0 currentAlpha: 1.0
2025-11-17 20:19:24.465  1557-1557  BaseAllAppsAdapter      com...le.android.apps.nexuslauncher  D  onBindViewHolder: isPrivateSpaceItem: false isStateTransitioning: false isScrolling: false readyToAnimate: false currentState: 0 currentAlpha: 1.0
2025-11-17 20:19:24.465  1557-1557  BaseAllAppsAdapter      com...le.android.apps.nexuslauncher  D  onBindViewHolder: isPrivateSpaceItem: false isStateTransitioning: false isScrolling: false readyToAnimate: false currentState: 0 currentAlpha: 1.0
2025-11-17 20:19:24.477  2949-2949  ActivityThread          com...android.cellbroadcastreceiver  D  Package [com.google.android.gms] reported as REPLACED, but missing application info. Assuming REMOVED.
2025-11-17 20:19:24.487  1557-1557  BaseAllAppsAdapter      com...le.android.apps.nexuslauncher  D  onBindViewHolder: isPrivateSpaceItem: false isStateTransitioning: false isScrolling: false readyToAnimate: false currentState: 0 currentAlpha: 1.0
2025-11-17 20:19:24.488  2949-2949  ActivityThread          com...android.cellbroadcastreceiver  D  Package [com.google.android.gms] reported as REPLACED, but missing application info. Assuming REMOVED.
2025-11-17 20:19:24.491  1557-1557  BaseAllAppsAdapter      com...le.android.apps.nexuslauncher  D  onBindViewHolder: isPrivateSpaceItem: false isStateTransitioning: false isScrolling: false readyToAnimate: false currentState: 0 currentAlpha: 1.0
2025-11-17 20:19:24.492  1557-1557  BaseAllAppsAdapter      com...le.android.apps.nexuslauncher  D  onBindViewHolder: isPrivateSpaceItem: false isStateTransitioning: false isScrolling: false readyToAnimate: false currentState: 0 currentAlpha: 1.0
2025-11-17 20:19:24.492  1557-1557  BaseAllAppsAdapter      com...le.android.apps.nexuslauncher  D  onBindViewHolder: isPrivateSpaceItem: false isStateTransitioning: false isScrolling: false readyToAnimate: false currentState: 0 currentAlpha: 1.0
2025-11-17 20:19:24.493  1557-1557  BaseAllAppsAdapter      com...le.android.apps.nexuslauncher  D  onBindViewHolder: isPrivateSpaceItem: false isStateTransitioning: false isScrolling: false readyToAnimate: false currentState: 0 currentAlpha: 1.0
2025-11-17 20:19:24.493  1557-1557  BaseAllAppsAdapter      com...le.android.apps.nexuslauncher  D  onBindViewHolder: isPrivateSpaceItem: false isStateTransitioning: false isScrolling: false readyToAnimate: false currentState: 0 currentAlpha: 1.0
2025-11-17 20:19:24.511  1557-1557  BaseAllAppsAdapter      com...le.android.apps.nexuslauncher  D  onBindViewHolder: isPrivateSpaceItem: false isStateTransitioning: false isScrolling: false readyToAnimate: false currentState: 0 currentAlpha: 1.0
2025-11-17 20:19:24.511  1557-1557  BaseAllAppsAdapter      com...le.android.apps.nexuslauncher  D  onBindViewHolder: isPrivateSpaceItem: false isStateTransitioning: false isScrolling: false readyToAnimate: false currentState: 0 currentAlpha: 1.0
2025-11-17 20:19:24.512   721-920   UsageStatsDatabase      system_server                        I  Time changed by +30s147ms. files deleted: 0 files moved: 4
2025-11-17 20:19:24.512  1557-1557  BaseAllAppsAdapter      com...le.android.apps.nexuslauncher  D  onBindViewHolder: isPrivateSpaceItem: false isStateTransitioning: false isScrolling: false readyToAnimate: false currentState: 0 currentAlpha: 1.0
2025-11-17 20:19:24.512  1557-1557  BaseAllAppsAdapter      com...le.android.apps.nexuslauncher  D  onBindViewHolder: isPrivateSpaceItem: false isStateTransitioning: false isScrolling: false readyToAnimate: false currentState: 0 currentAlpha: 1.0
2025-11-17 20:19:24.512  1557-1557  BaseAllAppsAdapter      com...le.android.apps.nexuslauncher  D  onBindViewHolder: isPrivateSpaceItem: false isStateTransitioning: false isScrolling: false readyToAnimate: false currentState: 0 currentAlpha: 1.0
2025-11-17 20:19:24.513  1557-1557  BaseAllAppsAdapter      com...le.android.apps.nexuslauncher  D  onBindViewHolder: isPrivateSpaceItem: false isStateTransitioning: false isScrolling: false readyToAnimate: false currentState: 0 currentAlpha: 1.0
2025-11-17 20:19:24.513  1557-1557  BaseAllAppsAdapter      com...le.android.apps.nexuslauncher  D  onBindViewHolder: isPrivateSpaceItem: false isStateTransitioning: false isScrolling: false readyToAnimate: false currentState: 0 currentAlpha: 1.0
2025-11-17 20:19:24.513  1557-1557  BaseAllAppsAdapter      com...le.android.apps.nexuslauncher  D  onBindViewHolder: isPrivateSpaceItem: false isStateTransitioning: false isScrolling: false readyToAnimate: false currentState: 0 currentAlpha: 1.0
2025-11-17 20:19:24.513  1557-1557  BaseAllAppsAdapter      com...le.android.apps.nexuslauncher  D  onBindViewHolder: isPrivateSpaceItem: false isStateTransitioning: false isScrolling: false readyToAnimate: false currentState: 0 currentAlpha: 1.0
2025-11-17 20:19:24.524   721-920   Configuration           system_server                        V  Updating configuration, locales updated from [] to [en_US]
2025-11-17 20:19:24.525   721-920   Configuration           system_server                        V  Updating configuration, locales updated from [] to [en_US]
2025-11-17 20:19:24.525   721-920   Configuration           system_server                        V  Updating configuration, locales updated from [] to [en_US]
2025-11-17 20:19:24.525  1448-1448  NotificationMgr         com.android.phone                    I  maybeSendVoicemailNotificationUsingDefaultDialer: count: 0->0 (changed=false)
2025-11-17 20:19:24.525   721-920   Configuration           system_server                        V  Updating configuration, locales updated from [] to [en_US]
2025-11-17 20:19:24.526  1448-1448  NotificationMgr         com.android.phone                    I  maybeSendVoicemailNotificationUsingDefaultDialer: skip bcast to:com.google.android.dialer, user:UserHandle{0}
2025-11-17 20:19:24.529  1448-1448  Simultaneo...ingTracker com.android.phone                    V  Received EVENT 101
2025-11-17 20:19:24.529  1448-1448  Simultaneo...ingTracker com.android.phone                    D  Ignoring updatePhoneMapAndSimultaneousCallSupportMap since device is not DSDA capable.
2025-11-17 20:19:24.540  1557-1557  BaseAllAppsAdapter      com...le.android.apps.nexuslauncher  D  onBindViewHolder: isPrivateSpaceItem: false isStateTransitioning: false isScrolling: false readyToAnimate: false currentState: 0 currentAlpha: 1.0
2025-11-17 20:19:24.540  1557-1557  BaseAllAppsAdapter      com...le.android.apps.nexuslauncher  D  onBindViewHolder: isPrivateSpaceItem: false isStateTransitioning: false isScrolling: false readyToAnimate: false currentState: 0 currentAlpha: 1.0
