2026-02-04 22:22:17.549 10189-10189 NavController           com.cdccreditsmart.app               I  Ignoring popBackStack to route pairing/qr_scanner as it was not found on the current back stack
2026-02-04 22:22:17.597 10189-10189 TermsScreen             com.cdccreditsmart.app               I  ðŸš€ TermsAcceptanceScreen INICIANDO - contractCode=PFB3PRMZ
2026-02-04 22:22:17.598 10189-10189 TermsScreen             com.cdccreditsmart.app               I  âœ… Context obtido
2026-02-04 22:22:17.598 10189-10189 TermsScreen             com.cdccreditsmart.app               I  âœ… Scope criado
2026-02-04 22:22:17.626 10189-10189 TermsScreen             com.cdccreditsmart.app               I  âœ… Estados inicializados, preparando LaunchedEffect
2026-02-04 22:22:17.702 10189-10189 TermsScreen             com.cdccreditsmart.app               I  ðŸ”„ LaunchedEffect INICIANDO
2026-02-04 22:22:17.702 10189-10189 TermsScreen             com.cdccreditsmart.app               I  ðŸ“„ Iniciando carregamento de termos...
2026-02-04 22:22:17.704 10189-10329 TermsScreen             com.cdccreditsmart.app               I  ðŸ”§ Criando SupportRepository...
2026-02-04 22:22:17.705 10189-10329 TermsScreen             com.cdccreditsmart.app               I  âœ… SupportRepository criado
2026-02-04 22:22:17.706 10189-10189 TermsScreen             com.cdccreditsmart.app               I  ðŸ“¡ Chamando getContractTerms...
2026-02-04 22:22:17.721 10189-10329 NetworkConnectivity     com.cdccreditsmart.app               D  âœ… Conectado via WiFi com internet
2026-02-04 22:22:17.721 10189-10329 SupportRepository       com.cdccreditsmart.app               I  ðŸ“¡ Buscando termos do servidor (version=latest)...
2026-02-04 22:22:17.822 10189-10829 okhttp.OkHttpClient     com.cdccreditsmart.app               I  --> GET https://cdccreditsmart.com/v1/contract/terms?version=latest
2026-02-04 22:22:17.823 10189-10829 okhttp.OkHttpClient     com.cdccreditsmart.app               I  --> END GET
2026-02-04 22:22:18.245 10189-10829 okhttp.OkHttpClient     com.cdccreditsmart.app               I  <-- 200 https://cdccreditsmart.com/v1/contract/terms?version=latest (421ms)
2026-02-04 22:22:18.245 10189-10829 okhttp.OkHttpClient     com.cdccreditsmart.app               I  access-control-allow-credentials: true
2026-02-04 22:22:18.245 10189-10829 okhttp.OkHttpClient     com.cdccreditsmart.app               I  access-control-allow-headers: Origin, X-Requested-With, Content-Type, Accept, Authorization, x-client-key, x-client-token, x-client-secret, cache-control
2026-02-04 22:22:18.245 10189-10829 okhttp.OkHttpClient     com.cdccreditsmart.app               I  access-control-allow-methods: GET, POST, PUT, PATCH, DELETE, OPTIONS
2026-02-04 22:22:18.245 10189-10829 okhttp.OkHttpClient     com.cdccreditsmart.app               I  access-control-allow-origin: *
2026-02-04 22:22:18.245 10189-10829 okhttp.OkHttpClient     com.cdccreditsmart.app               I  access-control-max-age: 86400
2026-02-04 22:22:18.245 10189-10829 okhttp.OkHttpClient     com.cdccreditsmart.app               I  content-length: 6438
2026-02-04 22:22:18.246 10189-10829 okhttp.OkHttpClient     com.cdccreditsmart.app               I  content-security-policy: default-src 'self'; script-src 'self' 'unsafe-inline' 'unsafe-eval' https://replit.com; style-src 'self' 'unsafe-inline' https://replit.com; img-src 'self' data: https:; font-src 'self' data: https://replit.com; connect-src 'self';
2026-02-04 22:22:18.246 10189-10829 okhttp.OkHttpClient     com.cdccreditsmart.app               I  content-type: application/json; charset=utf-8
2026-02-04 22:22:18.246 10189-10829 okhttp.OkHttpClient     com.cdccreditsmart.app               I  date: Thu, 05 Feb 2026 01:22:18 GMT
2026-02-04 22:22:18.246 10189-10829 okhttp.OkHttpClient     com.cdccreditsmart.app               I  etag: W/"1926-n/zQQzqVGQMCmWBdldsM5HoDANo"
2026-02-04 22:22:18.246 10189-10829 okhttp.OkHttpClient     com.cdccreditsmart.app               I  permissions-policy: geolocation=(), microphone=(), camera=()
2026-02-04 22:22:18.246 10189-10829 okhttp.OkHttpClient     com.cdccreditsmart.app               I  referrer-policy: strict-origin-when-cross-origin
2026-02-04 22:22:18.246 10189-10829 okhttp.OkHttpClient     com.cdccreditsmart.app               I  strict-transport-security: max-age=63072000; includeSubDomains
2026-02-04 22:22:18.247 10189-10829 okhttp.OkHttpClient     com.cdccreditsmart.app               I  strict-transport-security: max-age=31536000; includeSubDomains
2026-02-04 22:22:18.247 10189-10829 okhttp.OkHttpClient     com.cdccreditsmart.app               I  x-anti-fraud-protection: active
2026-02-04 22:22:18.247 10189-10829 okhttp.OkHttpClient     com.cdccreditsmart.app               I  x-certificate-pinning-enabled: false
2026-02-04 22:22:18.247 10189-10829 okhttp.OkHttpClient     com.cdccreditsmart.app               I  x-certificate-pinning-status: disabled-for-stability
2026-02-04 22:22:18.247 10189-10829 okhttp.OkHttpClient     com.cdccreditsmart.app               I  x-content-type-options: nosniff
2026-02-04 22:22:18.247 10189-10829 okhttp.OkHttpClient     com.cdccreditsmart.app               I  x-financial-data-protection: enabled
2026-02-04 22:22:18.247 10189-10829 okhttp.OkHttpClient     com.cdccreditsmart.app               I  x-frame-options: DENY
2026-02-04 22:22:18.247 10189-10829 okhttp.OkHttpClient     com.cdccreditsmart.app               I  x-transaction-security-level: maximum
2026-02-04 22:22:18.247 10189-10829 okhttp.OkHttpClient     com.cdccreditsmart.app               I  x-xss-protection: 1; mode=block
2026-02-04 22:22:18.247 10189-10829 okhttp.OkHttpClient     com.cdccreditsmart.app               I  via: 1.1 google
2026-02-04 22:22:18.248 10189-10829 okhttp.OkHttpClient     com.cdccreditsmart.app               I  alt-svc: h3=":443"; ma=2592000,h3-29=":443"; ma=2592000
2026-02-04 22:22:18.261 10189-10829 okhttp.OkHttpClient     com.cdccreditsmart.app               I  {"id":"6068397f-11c5-4640-817f-e86e5ddcee8d","success":true,"version":"v5.0","hash":"eecbb739c2ee7d044be83c16b9c788d828c2908f20c23f5e0c6e59e7eb1773b2","text":"CONTRATO DE VENDA A PRAZO (CREDIÃRIO)\n\nDE DISPOSITIVO MÃ“VEL COM ALIENAÃ‡ÃƒO FIDUCIÃRIA\n\nCREDIT SMART â€“ SISTEMA DE CRÃ‰DITO INTELIGENTE\n\nData de vigÃªncia: 03/02/2026\nVersÃ£o: v5.0 â€“ CrediÃ¡rio com LimitaÃ§Ã£o TÃ©cnica Progressiva\n\nPARTES CONTRATANTES\n\nVENDEDORA (CREDORA FIDUCIÃRIA):\nCredit Smart LTDA, pessoa jurÃ­dica de direito privado, inscrita no CNPJ nÂº [informar], com sede em [endereÃ§o completo], doravante denominada CREDIT SMART.\n\nCLIENTE (DEVEDOR FIDUCIANTE):\nPessoa fÃ­sica identificada por documentaÃ§Ã£o oficial e biometria facial, doravante denominada CLIENTE.\n\nCLÃUSULA PRIMEIRA â€“ NATUREZA DA OPERAÃ‡ÃƒO\n\n1.1. A CREDIT SMART NÃƒO Ã© instituiÃ§Ã£o financeira.\n\n1.2. O presente contrato refere-se exclusivamente Ã  VENDA DIRETA A PRAZO (CREDIÃRIO) de dispositivo mÃ³vel, nÃ£o constituindo financiamento, operaÃ§Ã£o bancÃ¡ria, concessÃ£o profissional de crÃ©dito ou intermediaÃ§Ã£o financeira.\n\n1.3. O parcelamento Ã© condiÃ§Ã£o comercial de venda do prÃ³prio produto.\n\nCLÃUSULA SEGUNDA â€“ OBJETO\n\n2.1. Venda de dispositivo mÃ³vel (smartphone ou tablet), conforme pedido do CLIENTE.\n\n2.2. O pagamento serÃ¡ realizado de forma parcelada, nos termos deste contrato.\n\n2.3. O bem Ã© dado em ALIENAÃ‡ÃƒO FIDUCIÃRIA, permanecendo a propriedade com a CREDIT SMART atÃ© a quitaÃ§Ã£o integral.\n\n2.4. O CLIENTE recebe a posse direta desde a entrega.\n\nCLÃUSULA TERCEIRA â€“ PROPRIEDADE FIDUCIÃRIA\n\n3.1. A propriedade fiduciÃ¡ria Ã© resolÃºvel e se consolida automaticamente no CLIENTE apÃ³s a quitaÃ§Ã£o total.\n\n3.2. AtÃ© a quitaÃ§Ã£o, Ã© vedada a venda, cessÃ£o, doaÃ§Ã£o ou transferÃªncia do dispositivo.\n\nCLÃUSULA QUARTA â€“ PREÃ‡O E PAGAMENTO\n\nPreÃ§o Ã  vista: [valor]\n\nPreÃ§o a prazo (crediÃ¡rio): [valor]\n\nEntrada: [valor]\n\nValor parcelado: [valor]\n\nParcelas: [quantidade]\n\nPeriodicidade: quinzenal (a cada 15 dias)\n\nMeios de pagamento: PIX, boleto ou outros autorizados\n\n4.1. Encargos\n\nO preÃ§o a prazo poderÃ¡ incluir encargos pelo parcelamento, devidamente informados, conforme o CÃ³digo de Defesa do Consumidor.\n\n4.2. Atraso\n\nJuros de mora: 1% ao mÃªs\n\nMulta: 2%\n\nNegativaÃ§Ã£o apÃ³s 10 dias\n\n4.3. QuitaÃ§Ã£o antecipada\n\nPermitida a qualquer tempo, com reduÃ§Ã£o proporcional dos encargos futuros.\n\nCLÃUSULA QUINTA â€“ LIMITAÃ‡ÃƒO TÃ‰CNICA DE APLICAÃ‡Ã•ES\n5.1. PrincÃ­pio TÃ©cnico\n\nA CREDIT SMART NÃƒO BLOQUEIA O DISPOSITIVO.\nEm caso de inadimplemento, poderÃ¡ aplicar LIMITAÃ‡ÃƒO TÃ‰CNICA, REMOTA, PROGRESSIVA E REVERSÃVEL DE APLICAÃ‡Ã•ES, como mecanismo de garantia do crediÃ¡rio.\n\nA limitaÃ§Ã£o ocorre no nÃ­vel de aplicativo, sem inutilizar o aparelho.\n\n5.2. Funcionalidades Sempre AcessÃ­veis\n\nJamais serÃ£o limitados:\n\nChamadas telefÃ´nicas\n\nSMS\n\nServiÃ§os de emergÃªncia\n\nAcesso bÃ¡sico ao sistema operacional\n\nDocumentos digitais oficiais, incluindo aplicativos governamentais de identificaÃ§Ã£o civil, previdenciÃ¡ria, saÃºde, trÃ¢nsito ou equivalentes reconhecidos pelo sistema operacional\n\n5.3. AplicaÃ§Ãµes Sujeitas Ã  LimitaÃ§Ã£o\n\nPoderÃ£o ser total ou parcialmente limitadas:\n\nAplicaÃ§Ãµes de comunicaÃ§Ã£o\n\nAplicaÃ§Ãµes de redes sociais\n\nAplicaÃ§Ãµes de trabalho, produtividade ou geraÃ§Ã£o de renda\n\nAplicaÃ§Ãµes de entretenimento e streaming\n\nAplicaÃ§Ãµes financeiras e bancÃ¡rias\n\nQualquer outro aplicativo instalado no dispositivo\n\nA classificaÃ§Ã£o Ã© tÃ©cnica e sistÃªmica, nÃ£o individualizada por nome de aplicativo.\n\n5.4. Progressividade\n\nA limitaÃ§Ã£o poderÃ¡ evoluir conforme dias de atraso, podendo chegar Ã  restriÃ§Ã£o da maioria dos aplicativos, mantendo apenas as funcionalidades essenciais descritas na clÃ¡usula 5.2.\n\n5.5. NotificaÃ§Ã£o e Restabelecimento\n\nO CLIENTE serÃ¡ previamente notificado\n\nApÃ³s o pagamento, o acesso Ã© restabelecido automaticamente\n\nNÃ£o hÃ¡ cobranÃ§a de taxa de desbloqu
2026-02-04 22:22:18.262 10189-10829 okhttp.OkHttpClient     com.cdccreditsmart.app               I  Ã§Ãµes de aplicativos\n\nProteger a garantia fiduciÃ¡ria\n\nVerificar integridade do sistema\n\nLocalizar o dispositivo em casos excepcionais\n\n6.2. O aplicativo NÃƒO acessa:\n\nConteÃºdo de mensagens\n\nArquivos pessoais\n\nFotos, vÃ­deos ou histÃ³rico de navegaÃ§Ã£o\n\nSenhas ou credenciais bancÃ¡rias\n\n6.3. ApÃ³s a quitaÃ§Ã£o integral:\n\nO aplicativo Ã© removido\n\nO monitoramento Ã© encerrado\n\nDados tÃ©cnicos sÃ£o excluÃ­dos\n\nCLÃUSULA SÃ‰TIMA â€“ PROTEÃ‡ÃƒO DE DADOS PESSOAIS\n\nTratamento de dados em conformidade com a Lei Geral de ProteÃ§Ã£o de Dados Pessoais, incluindo:\n\nDados cadastrais\n\nDados contratuais\n\nBiometria facial (prevenÃ§Ã£o Ã  fraude)\n\nDados tÃ©cnicos do dispositivo\n\nCanal do encarregado: dpo@creditsmart.com.br\n\nCLÃUSULA OITAVA â€“ INADIMPLÃŠNCIA\n\nO inadimplemento poderÃ¡ resultar em:\n\nLimitaÃ§Ã£o tÃ©cnica de aplicaÃ§Ãµes\n\nNegativaÃ§Ã£o\n\nCobranÃ§a extrajudicial\n\nApÃ³s 60 dias: vencimento antecipado e busca e apreensÃ£o, conforme Decreto-Lei nÂº 911/1969\n\nCLÃUSULA NONA â€“ FURTO, ROUBO OU PERDA\n\n9.1. ComunicaÃ§Ã£o obrigatÃ³ria em atÃ© 24 horas, com Boletim de OcorrÃªncia.\n\n9.2. O evento nÃ£o extingue a obrigaÃ§Ã£o de pagamento, salvo seguro contratado.\n\nCLÃUSULA DÃ‰CIMA â€“ DIREITO DE ARREPENDIMENTO\n\nO CLIENTE poderÃ¡ desistir no prazo de 7 dias, conforme o CÃ³digo de Defesa do Consumidor, mediante devoluÃ§Ã£o do dispositivo em perfeito estado.\n\nCLÃUSULA DÃ‰CIMA PRIMEIRA â€“ ASSINATURA ELETRÃ”NICA\n\nContrato firmado por biometria facial, IP, data, hora e hash criptogrÃ¡fico, com plena validade jurÃ­dica.\n\nCLÃUSULA DÃ‰CIMA SEGUNDA â€“ FORO\n\nFica eleito o foro da comarca de residÃªncia do CLIENTE, nos termos do CÃ³digo de Defesa do Consumidor.\n\nDECLARAÃ‡ÃƒO FINAL DO CLIENTE\n\nO CLIENTE declara que:\n\nCompreendeu que se trata de VENDA A PRAZO (CREDIÃRIO)\n\nEstÃ¡ ciente da limitaÃ§Ã£o tÃ©cnica de aplicaÃ§Ãµes em caso de atraso\n\nReconhece que o dispositivo nÃ£o Ã© bloqueado integralmente\n\nAutoriza o uso do aplicativo de controle\n\nRecebeu cÃ³pia do contrato\n\nCredit Smart LTDA\nSistema de CrÃ©dito Inteligente\n\nContrato assinado eletronicamente\nHash criptogrÃ¡fico: [automÃ¡tico]\nData/Hora: [timestamp]","effectiveDate":"2026-02-04T00:00:00.000Z"}
2026-02-04 22:22:18.262 10189-10829 okhttp.OkHttpClient     com.cdccreditsmart.app               I  <-- END HTTP (6438-byte body)
2026-02-04 22:22:18.294 10189-10329 SupportRepository       com.cdccreditsmart.app               I  âœ… Hash dos termos validado com sucesso
2026-02-04 22:22:18.295 10189-10329 SupportRepository       com.cdccreditsmart.app               I  âœ… Termos atualizados: vv5.0 (id=6068397f-11c5-4640-817f-e86e5ddcee8d)
2026-02-04 22:22:18.296 10189-10189 TermsScreen             com.cdccreditsmart.app               I  ðŸ“¥ Resposta recebida do getContractTerms
2026-02-04 22:22:18.296 10189-10189 TermsScreen             com.cdccreditsmart.app               I  âœ… Termos carregados: vv5.0
2026-02-04 22:22:18.314 10189-10189 TermsScreen             com.cdccreditsmart.app               I  ðŸš€ TermsAcceptanceScreen INICIANDO - contractCode=PFB3PRMZ
2026-02-04 22:22:18.314 10189-10189 TermsScreen             com.cdccreditsmart.app               I  âœ… Context obtido
2026-02-04 22:22:18.315 10189-10189 TermsScreen             com.cdccreditsmart.app               I  âœ… Scope criado
2026-02-04 22:22:18.318 10189-10189 TermsScreen             com.cdccreditsmart.app               I  âœ… Estados inicializados, preparando LaunchedEffect
2026-02-04 22:22:18.696 10189-10189 TermsScreen             com.cdccreditsmart.app               I  ðŸš€ TermsAcceptanceScreen INICIANDO - contractCode=PFB3PRMZ
2026-02-04 22:22:18.696 10189-10189 TermsScreen             com.cdccreditsmart.app               I  âœ… Context obtido
2026-02-04 22:22:18.696 10189-10189 TermsScreen             com.cdccreditsmart.app               I  âœ… Scope criado
2026-02-04 22:22:18.697 10189-10189 TermsScreen             com.cdccreditsmart.app               I  âœ… Estados inicializados, preparando LaunchedEffect
2026-02-04 22:22:19.617 10189-10189 TermsScreen             com.cdccreditsmart.app               I  ðŸ“¤ Enviando aceitaÃ§Ã£o de termos para o backend...
2026-02-04 22:22:19.617 10189-10189 TermsScreen             com.cdccreditsmart.app               I     IMEI: 353104****
2026-02-04 22:22:19.617 10189-10189 TermsScreen             com.cdccreditsmart.app               I     Version: v5.0
2026-02-04 22:22:19.617 10189-10189 TermsScreen             com.cdccreditsmart.app               I     Hash: eecbb739c2ee7d044be8...
2026-02-04 22:22:19.906 10189-10829 okhttp.OkHttpClient     com.cdccreditsmart.app               I  --> POST https://cdccreditsmart.com/v1/contract/accept
2026-02-04 22:22:19.906 10189-10829 okhttp.OkHttpClient     com.cdccreditsmart.app               I  Content-Type: application/json; charset=UTF-8
2026-02-04 22:22:19.906 10189-10829 okhttp.OkHttpClient     com.cdccreditsmart.app               I  Content-Length: 127
2026-02-04 22:22:19.907 10189-10829 okhttp.OkHttpClient     com.cdccreditsmart.app               I  {"imei":"353104906953198","termsVersion":"v5.0","termsHash":"eecbb739c2ee7d044be83c16b9c788d828c2908f20c23f5e0c6e59e7eb1773b2"}
2026-02-04 22:22:19.907 10189-10829 okhttp.OkHttpClient     com.cdccreditsmart.app               I  --> END POST (127-byte body)
2026-02-04 22:22:20.274 10189-10829 okhttp.OkHttpClient     com.cdccreditsmart.app               I  <-- 200 https://cdccreditsmart.com/v1/contract/accept (366ms)
2026-02-04 22:22:20.274 10189-10829 okhttp.OkHttpClient     com.cdccreditsmart.app               I  access-control-allow-credentials: true
2026-02-04 22:22:20.275 10189-10829 okhttp.OkHttpClient     com.cdccreditsmart.app               I  access-control-allow-headers: Origin, X-Requested-With, Content-Type, Accept, Authorization, x-client-key, x-client-token, x-client-secret, cache-control
2026-02-04 22:22:20.275 10189-10829 okhttp.OkHttpClient     com.cdccreditsmart.app               I  access-control-allow-methods: GET, POST, PUT, PATCH, DELETE, OPTIONS
2026-02-04 22:22:20.275 10189-10829 okhttp.OkHttpClient     com.cdccreditsmart.app               I  access-control-allow-origin: *
2026-02-04 22:22:20.275 10189-10829 okhttp.OkHttpClient     com.cdccreditsmart.app               I  access-control-max-age: 86400
2026-02-04 22:22:20.275 10189-10829 okhttp.OkHttpClient     com.cdccreditsmart.app               I  content-length: 776
2026-02-04 22:22:20.275 10189-10829 okhttp.OkHttpClient     com.cdccreditsmart.app               I  content-security-policy: default-src 'self'; script-src 'self' 'unsafe-inline' 'unsafe-eval' https://replit.com; style-src 'self' 'unsafe-inline' https://replit.com; img-src 'self' data: https:; font-src 'self' data: https://replit.com; connect-src 'self';
2026-02-04 22:22:20.275 10189-10829 okhttp.OkHttpClient     com.cdccreditsmart.app               I  content-type: application/json; charset=utf-8
2026-02-04 22:22:20.275 10189-10829 okhttp.OkHttpClient     com.cdccreditsmart.app               I  date: Thu, 05 Feb 2026 01:22:20 GMT
2026-02-04 22:22:20.276 10189-10829 okhttp.OkHttpClient     com.cdccreditsmart.app               I  etag: W/"308-bWnh9cY3PSWCViqmvSbJvQIgPe8"
2026-02-04 22:22:20.276 10189-10829 okhttp.OkHttpClient     com.cdccreditsmart.app               I  permissions-policy: geolocation=(), microphone=(), camera=()
2026-02-04 22:22:20.276 10189-10829 okhttp.OkHttpClient     com.cdccreditsmart.app               I  referrer-policy: strict-origin-when-cross-origin
2026-02-04 22:22:20.276 10189-10829 okhttp.OkHttpClient     com.cdccreditsmart.app               I  strict-transport-security: max-age=63072000; includeSubDomains
2026-02-04 22:22:20.276 10189-10829 okhttp.OkHttpClient     com.cdccreditsmart.app               I  strict-transport-security: max-age=31536000; includeSubDomains
2026-02-04 22:22:20.276 10189-10829 okhttp.OkHttpClient     com.cdccreditsmart.app               I  x-anti-fraud-protection: active
2026-02-04 22:22:20.276 10189-10829 okhttp.OkHttpClient     com.cdccreditsmart.app               I  x-certificate-pinning-enabled: false
2026-02-04 22:22:20.276 10189-10829 okhttp.OkHttpClient     com.cdccreditsmart.app               I  x-certificate-pinning-status: disabled-for-stability
2026-02-04 22:22:20.276 10189-10829 okhttp.OkHttpClient     com.cdccreditsmart.app               I  x-content-type-options: nosniff
2026-02-04 22:22:20.276 10189-10829 okhttp.OkHttpClient     com.cdccreditsmart.app               I  x-financial-data-protection: enabled
2026-02-04 22:22:20.277 10189-10829 okhttp.OkHttpClient     com.cdccreditsmart.app               I  x-frame-options: DENY
2026-02-04 22:22:20.277 10189-10829 okhttp.OkHttpClient     com.cdccreditsmart.app               I  x-transaction-security-level: maximum
2026-02-04 22:22:20.277 10189-10829 okhttp.OkHttpClient     com.cdccreditsmart.app               I  x-xss-protection: 1; mode=block
2026-02-04 22:22:20.277 10189-10829 okhttp.OkHttpClient     com.cdccreditsmart.app               I  via: 1.1 google
2026-02-04 22:22:20.277 10189-10829 okhttp.OkHttpClient     com.cdccreditsmart.app               I  alt-svc: h3=":443"; ma=2592000,h3-29=":443"; ma=2592000
2026-02-04 22:22:20.281 10189-10829 okhttp.OkHttpClient     com.cdccreditsmart.app               I  {"success":true,"message":"Terms accepted successfully","termsAcceptedAt":"2026-02-05T01:22:20.201Z","termsVersion":"v5.0","deviceReady":true,"saleId":"sale_1770254468961_jxqio1pc13h","token":"eyJhbGciOiJIUzI1NiIsInR5cCI6IkpXVCJ9.eyJkZXZpY2VJZCI6IjM1MzEwNDkwNjk1MzE5OCIsInNlcmlhbE51bWJlciI6IlpGNTI1R1JDUDgiLCJmaW5nZXJwcmludCI6IjE4YmQ2YWRiMmM2N2RhYzc1NjQ0YWU0ODkzOTc5NTAxOGI5ODVhMmVhMzA3ZDNiNDc2ODBjMGY0YzEzNWIzMTAiLCJ0eXBlIjoiYXBrIiwic2NvcGVzIjpbImRldmljZTpyZWFkIiwiZGV2aWNlOnN5bmMiXSwiaWF0IjoxNzcwMjU0NTIyLCJleHAiOjE4MDE3OTA1MjJ9.dypVQVgkpfe0Hg3HEzT1FF3Av_bGbZvUPfVfwMdbcn4","customerName":"Marcos Antunes","deviceModel":"Dispositivo","device":null,"customer":{"id":"e57f223e-c75f-47c3-a080-f5f4e301dc2c","name":"Marcos Antunes","cpf":"064.527.843-23","phone":"85981888810"}}
2026-02-04 22:22:20.281 10189-10829 okhttp.OkHttpClient     com.cdccreditsmart.app               I  <-- END HTTP (776-byte body)
2026-02-04 22:22:20.294 10189-10189 TermsScreen             com.cdccreditsmart.app               I  âœ… Termos aceitos com sucesso!
2026-02-04 22:22:20.295 10189-10189 TermsScreen             com.cdccreditsmart.app               I     Accepted at: 2026-02-05T01:22:20.201Z
2026-02-04 22:22:20.295 10189-10189 TermsScreen             com.cdccreditsmart.app               I     DeviceReady: true
2026-02-04 22:22:20.298 10189-10189 TermsAcceptanceStorage  com.cdccreditsmart.app               I  Salvando aceitaÃ§Ã£o de termos vv5.0 para contrato PFB3PRMZ
2026-02-04 22:22:20.431 10189-10189 TermsScreen             com.cdccreditsmart.app               I  ðŸ”§ Processando dados do dispositivo...
2026-02-04 22:22:20.431 10189-10189 ContractCodeStorage     com.cdccreditsmart.app               D  Saving contract code to redundant storage
2026-02-04 22:22:20.521 10189-10189 ContractCodeStorage     com.cdccreditsmart.app               D  Saved to EncryptedPrefs
2026-02-04 22:22:20.587 10189-10189 ContractCodeStorage     com.cdccreditsmart.app               D  Deleted existing file: .cdc_protected_code.enc
2026-02-04 22:22:20.617 10189-10189 ContractCodeStorage     com.cdccreditsmart.app               D  Successfully saved to file: .cdc_protected_code.enc
2026-02-04 22:22:20.617 10189-10189 ContractCodeStorage     com.cdccreditsmart.app               D  Saved to Protected Storage
2026-02-04 22:22:20.618 10189-10189 ContractCodeStorage     com.cdccreditsmart.app               D  Deleted existing file: .cdc_contract_b1.enc
2026-02-04 22:22:20.651 10189-10189 ContractCodeStorage     com.cdccreditsmart.app               D  Successfully saved to file: .cdc_contract_b1.enc
2026-02-04 22:22:20.651 10189-10189 ContractCodeStorage     com.cdccreditsmart.app               D  Deleted existing file: .sys_device_cfg.enc
2026-02-04 22:22:20.682 10189-10189 ContractCodeStorage     com.cdccreditsmart.app               D  Successfully saved to file: .sys_device_cfg.enc
2026-02-04 22:22:20.682 10189-10189 ContractCodeStorage     com.cdccreditsmart.app               D  Deleted existing file: .android_secure.enc
2026-02-04 22:22:20.714 10189-10189 ContractCodeStorage     com.cdccreditsmart.app               D  Successfully saved to file: .android_secure.enc
2026-02-04 22:22:20.738 10189-10189 ContractCodeStorage     com.cdccreditsmart.app               D  Contract code saved to ALL storage locations
2026-02-04 22:22:20.901 10189-10189 ContractCodeStorage     com.cdccreditsmart.app               D  Verification complete: 7/7 locations valid
2026-02-04 22:22:20.901 10189-10189 TermsScreen             com.cdccreditsmart.app               I     âœ… ContractCode salvo (mÃ­nimo): PFB3PRMZ
2026-02-04 22:22:20.903 10189-10189 SecureTokenStorage      com.cdccreditsmart.app               I  âœ… IMEI salvo para MDM: 3531***198
2026-02-04 22:22:20.903 10189-10189 TermsScreen             com.cdccreditsmart.app               I     âœ… IMEI salvo para MDM (mÃ­nimo): 35310490...
2026-02-04 22:22:20.907 10189-10189 ContractCodeStorage     com.cdccreditsmart.app               D  Saving contract code to redundant storage
2026-02-04 22:22:20.920 10189-10189 ContractCodeStorage     com.cdccreditsmart.app               D  Saved to EncryptedPrefs
2026-02-04 22:22:20.924 10189-10189 ContractCodeStorage     com.cdccreditsmart.app               D  Deleted existing file: .cdc_protected_code.enc
2026-02-04 22:22:20.958 10189-10189 ContractCodeStorage     com.cdccreditsmart.app               D  Successfully saved to file: .cdc_protected_code.enc
2026-02-04 22:22:20.958 10189-10189 ContractCodeStorage     com.cdccreditsmart.app               D  Saved to Protected Storage
2026-02-04 22:22:20.959 10189-10189 ContractCodeStorage     com.cdccreditsmart.app               D  Deleted existing file: .cdc_contract_b1.enc
2026-02-04 22:22:20.989 10189-10189 ContractCodeStorage     com.cdccreditsmart.app               D  Successfully saved to file: .cdc_contract_b1.enc
2026-02-04 22:22:20.990 10189-10189 ContractCodeStorage     com.cdccreditsmart.app               D  Deleted existing file: .sys_device_cfg.enc
2026-02-04 22:22:21.020 10189-10189 ContractCodeStorage     com.cdccreditsmart.app               D  Successfully saved to file: .sys_device_cfg.enc
2026-02-04 22:22:21.020 10189-10189 ContractCodeStorage     com.cdccreditsmart.app               D  Deleted existing file: .android_secure.enc
2026-02-04 22:22:21.051 10189-10189 ContractCodeStorage     com.cdccreditsmart.app               D  Successfully saved to file: .android_secure.enc
2026-02-04 22:22:21.073 10189-10189 ContractCodeStorage     com.cdccreditsmart.app               D  Contract code saved to ALL storage locations
2026-02-04 22:22:21.244 10189-10189 ContractCodeStorage     com.cdccreditsmart.app               D  Verification complete: 7/7 locations valid
2026-02-04 22:22:21.244 10189-10189 SecureTokenStorage      com.cdccreditsmart.app               D  Auth token saved successfully (contract code via ContractCodeStorage, deviceId: PFB3PRMZ...)
2026-02-04 22:22:21.244 10189-10189 TermsScreen             com.cdccreditsmart.app               I     âœ… Token JWT salvo IMEDIATAMENTE
2026-02-04 22:22:21.244 10189-10189 TermsScreen             com.cdccreditsmart.app               W  âš ï¸ Backend nÃ£o retornou dados completos (deviceReady=true)
2026-02-04 22:22:21.244 10189-10189 TermsScreen             com.cdccreditsmart.app               W     Usando dados mÃ­nimos jÃ¡ salvos
2026-02-04 22:22:21.250 10189-10189 ContractCodeStorage     com.cdccreditsmart.app               D  Saving contract code to redundant storage
2026-02-04 22:22:21.261 10189-10189 ContractCodeStorage     com.cdccreditsmart.app               D  Saved to EncryptedPrefs
2026-02-04 22:22:21.265 10189-10189 ContractCodeStorage     com.cdccreditsmart.app               D  Deleted existing file: .cdc_protected_code.enc
2026-02-04 22:22:21.298 10189-10189 ContractCodeStorage     com.cdccreditsmart.app               D  Successfully saved to file: .cdc_protected_code.enc
2026-02-04 22:22:21.298 10189-10189 ContractCodeStorage     com.cdccreditsmart.app               D  Saved to Protected Storage
2026-02-04 22:22:21.299 10189-10189 ContractCodeStorage     com.cdccreditsmart.app               D  Deleted existing file: .cdc_contract_b1.enc
2026-02-04 22:22:21.332 10189-10189 ContractCodeStorage     com.cdccreditsmart.app               D  Successfully saved to file: .cdc_contract_b1.enc
2026-02-04 22:22:21.332 10189-10189 ContractCodeStorage     com.cdccreditsmart.app               D  Deleted existing file: .sys_device_cfg.enc
2026-02-04 22:22:21.363 10189-10189 ContractCodeStorage     com.cdccreditsmart.app               D  Successfully saved to file: .sys_device_cfg.enc
2026-02-04 22:22:21.364 10189-10189 ContractCodeStorage     com.cdccreditsmart.app               D  Deleted existing file: .android_secure.enc
2026-02-04 22:22:21.396 10189-10189 ContractCodeStorage     com.cdccreditsmart.app               D  Successfully saved to file: .android_secure.enc
2026-02-04 22:22:21.418 10189-10189 ContractCodeStorage     com.cdccreditsmart.app               D  Contract code saved to ALL storage locations
2026-02-04 22:22:21.581 10189-10189 ContractCodeStorage     com.cdccreditsmart.app               D  Verification complete: 7/7 locations valid
2026-02-04 22:22:21.581 10189-10189 SecureTokenStorage      com.cdccreditsmart.app               D  Device info saved successfully from auto-discovery
2026-02-04 22:22:21.581 10189-10189 SecureTokenStorage      com.cdccreditsmart.app               D    - DeviceId: PFB3PRMZ...
2026-02-04 22:22:21.581 10189-10189 SecureTokenStorage      com.cdccreditsmart.app               D    - SerialNumber: PFB3PRMZ
2026-02-04 22:22:21.581 10189-10189 SecureTokenStorage      com.cdccreditsmart.app               D    - IMEI: 3531***
2026-02-04 22:22:21.581 10189-10189 SecureTokenStorage      com.cdccreditsmart.app               D    - ContractCode: PFB3PRMZ
2026-02-04 22:22:21.581 10189-10189 TermsScreen             com.cdccreditsmart.app               W     âœ… DeviceInfo mÃ­nimo salvo via fallback
2026-02-04 22:22:21.587 10189-10189 SecureTokenStorage      com.cdccreditsmart.app               D  âœ… Usando IMEI para MDM: 3531***198
2026-02-04 22:22:21.587 10189-10189 TermsScreen             com.cdccreditsmart.app               I  ðŸ“Š Estado apÃ³s aceite:
2026-02-04 22:22:21.587 10189-10189 TermsScreen             com.cdccreditsmart.app               I     ContractCode: âœ… PFB3PRMZ
2026-02-04 22:22:21.587 10189-10189 TermsScreen             com.cdccreditsmart.app               I     Token: âœ…
2026-02-04 22:22:21.587 10189-10189 TermsScreen             com.cdccreditsmart.app               I     DeviceId: âœ…
2026-02-04 22:22:21.587 10189-10189 TermsScreen             com.cdccreditsmart.app               I     IMEI: âœ…
2026-02-04 22:22:21.587 10189-10189 TermsScreen             com.cdccreditsmart.app               I  ðŸ“Š Estado FINAL:
2026-02-04 22:22:21.587 10189-10189 TermsScreen             com.cdccreditsmart.app               I     Token: âœ… PRESENTE
2026-02-04 22:22:21.588 10189-10189 TermsScreen             com.cdccreditsmart.app               I  ðŸš€ Iniciando serviÃ§o de foreground...
2026-02-04 22:22:21.590 10189-10189 CdcForegroundService    com.cdccreditsmart.app               I  âœ… ServiÃ§o iniciado via startService()
2026-02-04 22:22:21.590 10189-10189 TermsScreen             com.cdccreditsmart.app               I  âœ… VerificaÃ§Ã£o final OK - ContractCode persistido: PFB3PRMZ
2026-02-04 22:22:21.597 10189-10189 Choreographer           com.cdccreditsmart.app               I  Skipped 78 frames!  The application may be doing too much work on its main thread.
2026-02-04 22:22:21.608 10189-10189 CdcForegroundService    com.cdccreditsmart.app               D  ðŸš€ ServiÃ§o onStartCommand() - Action: com.cdccreditsmart.app.START_SERVICE
2026-02-04 22:22:21.613 10189-10189 CdcForegroundService    com.cdccreditsmart.app               I  âœ… Foreground Service ativo (Android 12+)
2026-02-04 22:22:21.614 10189-10330 CdcForegroundService    com.cdccreditsmart.app               I  ðŸ”§ ========================================
2026-02-04 22:22:21.614 10189-10330 CdcForegroundService    com.cdccreditsmart.app               I  ðŸ”§ INICIANDO initializeServices()...
2026-02-04 22:22:21.614 10189-10330 CdcForegroundService    com.cdccreditsmart.app               I  ðŸ”§ ========================================
2026-02-04 22:22:21.614 10189-10330 CdcForegroundService    com.cdccreditsmart.app               D  âœ… ServiÃ§os base jÃ¡ inicializados
2026-02-04 22:22:21.615 10189-10330 CdcForegroundService    com.cdccreditsmart.app               D  âœ… MDM jÃ¡ inicializado - ignorando chamada duplicada
2026-02-04 22:22:21.669 10189-10189 SecureTokenStorage      com.cdccreditsmart.app               D  âœ… Usando IMEI para MDM: 3531***198
2026-02-04 22:22:21.669 10189-10189 SimpleHomeViewModel     com.cdccreditsmart.app               D  ðŸ“¦ VerificaÃ§Ã£o de autenticaÃ§Ã£o:
2026-02-04 22:22:21.669 10189-10189 SimpleHomeViewModel     com.cdccreditsmart.app               D     Token: presente
2026-02-04 22:22:21.669 10189-10189 SimpleHomeViewModel     com.cdccreditsmart.app               D     DeviceInfo: presente
2026-02-04 22:22:21.669 10189-10189 SimpleHomeViewModel     com.cdccreditsmart.app               D     ContractCode: presente
2026-02-04 22:22:21.672 10189-10189 NetworkConnectivity     com.cdccreditsmart.app               D  âœ… Conectado via WiFi com internet
2026-02-04 22:22:21.672 10189-10189 SimpleHomeViewModel     com.cdccreditsmart.app               D  ðŸ“¡ Fetching device installments from /api/apk/device/installments...
2026-02-04 22:22:22.073 10189-10839 SimpleHomeViewModel     com.cdccreditsmart.app               D  âœ… Added Authorization header with token
2026-02-04 22:22:22.076 10189-10839 SecureTokenStorage      com.cdccreditsmart.app               D  âœ… Usando IMEI para MDM: 3531***198
2026-02-04 22:22:22.080 10189-10839 SimpleHomeViewModel     com.cdccreditsmart.app               D  ðŸ“± Added X-Device-IMEI header
2026-02-04 22:22:22.080 10189-10839 SimpleHomeViewModel     com.cdccreditsmart.app               D  ðŸ“± Added X-Device-SerialNumber header
2026-02-04 22:22:22.081 10189-10839 SimpleHomeViewModel     com.cdccreditsmart.app               D  ðŸ“± Added X-Device-ID header
2026-02-04 22:22:22.081 10189-10839 SimpleHomeViewModel     com.cdccreditsmart.app               D  ðŸ“¤ Request URL: https://cdccreditsmart.com/api/apk/device/installments
2026-02-04 22:22:22.136 10189-10189 Choreographer           com.cdccreditsmart.app               I  Skipped 30 frames!  The application may be doing too much work on its main thread.
2026-02-04 22:22:22.812 10189-10839 SimpleHomeViewModel     com.cdccreditsmart.app               D  ðŸ“¥ Response Code: 200
2026-02-04 22:22:22.835 10189-10189 SimpleHomeViewModel     com.cdccreditsmart.app               D  âœ… Successfully fetched installments data
2026-02-04 22:22:22.835 10189-10189 SimpleHomeViewModel     com.cdccreditsmart.app               D  ðŸ“Š Device: 
2026-02-04 22:22:22.835 10189-10189 SimpleHomeViewModel     com.cdccreditsmart.app               D  ðŸ“Š Total installments: 0
2026-02-04 22:22:22.836 10189-10189 SimpleHomeViewModel     com.cdccreditsmart.app               D  ðŸ“Š Paid: 0
2026-02-04 22:22:22.836 10189-10189 SimpleHomeViewModel     com.cdccreditsmart.app               D  ðŸ“Š Overdue: 0
2026-02-04 22:22:22.836 10189-10189 SimpleHomeViewModel     com.cdccreditsmart.app               D  ðŸ“Š All installments count: 0
2026-02-04 22:22:22.836 10189-10189 SimpleHomeViewModel     com.cdccreditsmart.app               I  ðŸ’¾ Salvando dados do cliente no storage - CustomerName: 'null', DeviceModel: ''
2026-02-04 22:22:22.836 10189-10189 SimpleHomeViewModel     com.cdccreditsmart.app               W  âš ï¸ WARNING: Backend returned ZERO installments!
2026-02-04 22:22:22.836 10189-10189 SimpleHomeViewModel     com.cdccreditsmart.app               W  âš ï¸ This is likely a backend issue - check /api/apk/device/installments endpoint
2026-02-04 22:22:22.973 10189-10189 LocalInstallmentStorage com.cdccreditsmart.app               I  âœ… 0 parcelas salvas localmente (contrato: PFB3PRMZ)
2026-02-04 22:22:22.973 10189-10189 SimpleHomeViewModel     com.cdccreditsmart.app               I  âœ… 0 parcelas salvas localmente
2026-02-04 22:22:22.973 10189-10189 SimpleHomeViewModel     com.cdccreditsmart.app               I     â†’ 0 pagas
2026-02-04 22:22:22.973 10189-10189 SimpleHomeViewModel     com.cdccreditsmart.app               I     â†’ 0 pendentes
2026-02-04 22:22:22.973 10189-10189 SimpleHomeViewModel     com.cdccreditsmart.app               I     â†’ 0 em atraso
2026-02-04 22:22:22.973 10189-10189 SimpleHomeViewModel     com.cdccreditsmart.app               I     â†’ Dados disponÃ­veis para overlay e offline blocking
2026-02-04 22:22:22.973 10189-10189 SimpleHomeViewModel     com.cdccreditsmart.app               I  ðŸ’¾ Cache atualizado - prÃ³ximo acesso usarÃ¡ cache por 900s
2026-02-04 22:22:22.982 10189-10189 SecureTokenStorage      com.cdccreditsmart.app               D  ðŸ“– Lendo customerName: Marcos Antunes
2026-02-04 22:22:22.985 10189-10189 SecureTokenStorage      com.cdccreditsmart.app               D  ðŸ“– Lendo deviceModel: moto g15
2026-02-04 22:22:23.151 10189-10208 creditsmart.app         com.cdccreditsmart.app               I  Background concurrent mark compact GC freed 13MB AllocSpace bytes, 257(9664KB) LOS objects, 59% free, 16MB/40MB, paused 1.280ms,40.767ms total 204.526ms
2026-02-04 22:22:23.489 10189-10189 Choreographer           com.cdccreditsmart.app               I  Skipped 30 frames!  The application may be doing too much work on its main thread.
2026-02-04 22:22:23.490 10189-10330 SupportRepository       com.cdccreditsmart.app               I  ðŸ“¡ Buscando dados de contato do servidor...
2026-02-04 22:22:23.501 10189-10829 okhttp.OkHttpClient     com.cdccreditsmart.app               I  --> GET https://cdccreditsmart.com/v1/support/contact
2026-02-04 22:22:23.501 10189-10829 okhttp.OkHttpClient     com.cdccreditsmart.app               I  --> END GET
2026-02-04 22:22:23.566 10189-10789 HWUI                    com.cdccreditsmart.app               I  Davey! duration=718ms; Flags=0, FrameTimelineVsyncId=11320785, IntendedVsync=65792536217526, Vsync=65792669213270, InputEventId=0, HandleInputStart=65792670009305, AnimationStart=65792670012997, PerformTraversalsStart=65792896334613, DrawStart=65792896476382, FrameDeadline=65792572786036, FrameInterval=65792669390228, FrameStartTime=16624468, SyncQueued=65793180786613, SyncStart=65793180981382, IssueDrawCommandsStart=65793181734920, SwapBuffers=65793246078228, FrameCompleted=65793255168689, DequeueBufferDuration=151385, QueueBufferDuration=358077, GpuCompleted=65793255168689, SwapBuffersCompleted=65793246720766, DisplayPresentTime=65790521788997, CommandSubmissionCompleted=65793246078228, 
2026-02-04 22:22:23.878 10189-10829 okhttp.OkHttpClient     com.cdccreditsmart.app               I  <-- 200 https://cdccreditsmart.com/v1/support/contact (376ms)
2026-02-04 22:22:23.878 10189-10829 okhttp.OkHttpClient     com.cdccreditsmart.app               I  access-control-allow-credentials: true
2026-02-04 22:22:23.878 10189-10829 okhttp.OkHttpClient     com.cdccreditsmart.app               I  access-control-allow-headers: Origin, X-Requested-With, Content-Type, Accept, Authorization, x-client-key, x-client-token, x-client-secret, cache-control
2026-02-04 22:22:23.878 10189-10829 okhttp.OkHttpClient     com.cdccreditsmart.app               I  access-control-allow-methods: GET, POST, PUT, PATCH, DELETE, OPTIONS
2026-02-04 22:22:23.879 10189-10829 okhttp.OkHttpClient     com.cdccreditsmart.app               I  access-control-allow-origin: *
2026-02-04 22:22:23.879 10189-10829 okhttp.OkHttpClient     com.cdccreditsmart.app               I  access-control-max-age: 86400
2026-02-04 22:22:23.879 10189-10829 okhttp.OkHttpClient     com.cdccreditsmart.app               I  content-length: 111
2026-02-04 22:22:23.879 10189-10829 okhttp.OkHttpClient     com.cdccreditsmart.app               I  content-security-policy: default-src 'self'; script-src 'self' 'unsafe-inline' 'unsafe-eval' https://replit.com; style-src 'self' 'unsafe-inline' https://replit.com; img-src 'self' data: https:; font-src 'self' data: https://replit.com; connect-src 'self';
2026-02-04 22:22:23.879 10189-10829 okhttp.OkHttpClient     com.cdccreditsmart.app               I  content-type: application/json; charset=utf-8
2026-02-04 22:22:23.879 10189-10829 okhttp.OkHttpClient     com.cdccreditsmart.app               I  date: Thu, 05 Feb 2026 01:22:23 GMT
2026-02-04 22:22:23.879 10189-10829 okhttp.OkHttpClient     com.cdccreditsmart.app               I  etag: W/"6f-ar1ZGdhbShZ7SAODOF+BTA5O768"
2026-02-04 22:22:23.879 10189-10829 okhttp.OkHttpClient     com.cdccreditsmart.app               I  permissions-policy: geolocation=(), microphone=(), camera=()
2026-02-04 22:22:23.879 10189-10829 okhttp.OkHttpClient     com.cdccreditsmart.app               I  referrer-policy: strict-origin-when-cross-origin
2026-02-04 22:22:23.880 10189-10829 okhttp.OkHttpClient     com.cdccreditsmart.app               I  strict-transport-security: max-age=63072000; includeSubDomains
2026-02-04 22:22:23.880 10189-10829 okhttp.OkHttpClient     com.cdccreditsmart.app               I  strict-transport-security: max-age=31536000; includeSubDomains
2026-02-04 22:22:23.880 10189-10829 okhttp.OkHttpClient     com.cdccreditsmart.app               I  x-anti-fraud-protection: active
2026-02-04 22:22:23.880 10189-10829 okhttp.OkHttpClient     com.cdccreditsmart.app               I  x-certificate-pinning-enabled: false
2026-02-04 22:22:23.880 10189-10829 okhttp.OkHttpClient     com.cdccreditsmart.app               I  x-certificate-pinning-status: disabled-for-stability
2026-02-04 22:22:23.880 10189-10829 okhttp.OkHttpClient     com.cdccreditsmart.app               I  x-content-type-options: nosniff
2026-02-04 22:22:23.880 10189-10829 okhttp.OkHttpClient     com.cdccreditsmart.app               I  x-financial-data-protection: enabled
2026-02-04 22:22:23.880 10189-10829 okhttp.OkHttpClient     com.cdccreditsmart.app               I  x-frame-options: DENY
2026-02-04 22:22:23.880 10189-10829 okhttp.OkHttpClient     com.cdccreditsmart.app               I  x-transaction-security-level: maximum
2026-02-04 22:22:23.881 10189-10829 okhttp.OkHttpClient     com.cdccreditsmart.app               I  x-xss-protection: 1; mode=block
2026-02-04 22:22:23.881 10189-10829 okhttp.OkHttpClient     com.cdccreditsmart.app               I  via: 1.1 google
2026-02-04 22:22:23.881 10189-10829 okhttp.OkHttpClient     com.cdccreditsmart.app               I  alt-svc: h3=":443"; ma=2592000,h3-29=":443"; ma=2592000
2026-02-04 22:22:23.883 10189-10829 okhttp.OkHttpClient     com.cdccreditsmart.app               I  {"phone":"(85) 98188-8810","whatsapp":"(85) 98188-8810","contactLink":"https://www.cdccreditsmart.com/contato"}
2026-02-04 22:22:23.884 10189-10829 okhttp.OkHttpClient     com.cdccreditsmart.app               I  <-- END HTTP (111-byte body)
2026-02-04 22:22:23.890 10189-10330 SupportRepository       com.cdccreditsmart.app               I  âœ… Dados de contato atualizados: phone=true, whatsapp=true, link=true
2026-02-04 22:22:25.139 10189-10189 ScrollIdentify          com.cdccreditsmart.app               I  on fling
2026-02-04 22:22:26.909 10189-10189 ScrollIdentify          com.cdccreditsmart.app               I  on fling
2026-02-04 22:22:28.046 10189-10189 ScrollIdentify          com.cdccreditsmart.app               I  on fling
2026-02-04 22:22:29.320 10189-10189 ScrollIdentify          com.cdccreditsmart.app               I  on fling
2026-02-04 22:22:29.717 10189-10189 ScrollIdentify          com.cdccreditsmart.app               I  on fling
2026-02-04 22:22:30.042 10189-10189 ScrollIdentify          com.cdccreditsmart.app               I  on fling
2026-02-04 22:22:30.508 10189-10189 ScrollIdentify          com.cdccreditsmart.app               I  on fling
2026-02-04 22:22:30.848 10189-10189 ScrollIdentify          com.cdccreditsmart.app               I  on fling
2026-02-04 22:22:31.138 10189-10189 ScrollIdentify          com.cdccreditsmart.app               I  on fling
2026-02-04 22:22:31.447 10189-10189 ScrollIdentify          com.cdccreditsmart.app               I  on fling
2026-02-04 22:22:31.712 10189-10189 ScrollIdentify          com.cdccreditsmart.app               I  on fling
2026-02-04 22:22:31.995 10189-10189 ScrollIdentify          com.cdccreditsmart.app               I  on fling
2026-02-04 22:22:32.293 10189-10189 ScrollIdentify          com.cdccreditsmart.app               I  on fling
2026-02-04 22:22:32.864 10189-10189 ScrollIdentify          com.cdccreditsmart.app               I  on fling
2026-02-04 22:22:33.158 10189-10189 ScrollIdentify          com.cdccreditsmart.app               I  on fling
2026-02-04 22:22:33.499 10189-10189 ScrollIdentify          com.cdccreditsmart.app               I  on fling
2026-02-04 22:22:33.890 10189-10189 ScrollIdentify          com.cdccreditsmart.app               I  on fling
2026-02-04 22:22:33.962 10189-10189 WebSocketManager        com.cdccreditsmart.app               D  Heartbeat ping sent
2026-02-04 22:22:34.159 10189-10814 WebSocketManager        com.cdccreditsmart.app               D  Message received: {"type":"pong","timestamp":"2026-02-05T01:22:34.094Z"}...
2026-02-04 22:22:34.159 10189-10814 WebSocketManager        com.cdccreditsmart.app               D  Received message type: pong
2026-02-04 22:22:34.159 10189-10814 WebSocketManager        com.cdccreditsmart.app               D  Pong received
2026-02-04 22:22:34.161 10189-10189 WebSocketManager        com.cdccreditsmart.app               D  Heartbeat ping sent
2026-02-04 22:22:34.222 10189-10189 ScrollIdentify          com.cdccreditsmart.app               I  on fling
2026-02-04 22:22:34.355 10189-10814 WebSocketManager        com.cdccreditsmart.app               D  Message received: {"type":"pong","timestamp":"2026-02-05T01:22:34.290Z"}...
2026-02-04 22:22:34.355 10189-10814 WebSocketManager        com.cdccreditsmart.app               D  Received message type: pong
2026-02-04 22:22:34.355 10189-10814 WebSocketManager        com.cdccreditsmart.app               D  Pong received
2026-02-04 22:22:34.576 10189-10189 ScrollIdentify          com.cdccreditsmart.app               I  on fling
2026-02-04 22:22:34.584 10189-10189 WebSocketManager        com.cdccreditsmart.app               D  Heartbeat ping sent
2026-02-04 22:22:34.772 10189-10189 WebSocketManager        com.cdccreditsmart.app               D  Heartbeat ping sent
2026-02-04 22:22:34.778 10189-10828 WebSocketManager        com.cdccreditsmart.app               D  Message received: {"type":"pong","timestamp":"2026-02-05T01:22:34.714Z"}...
2026-02-04 22:22:34.778 10189-10828 WebSocketManager        com.cdccreditsmart.app               D  Received message type: pong
2026-02-04 22:22:34.778 10189-10828 WebSocketManager        com.cdccreditsmart.app               D  Pong received
2026-02-04 22:22:34.843 10189-10330 MdmCommandReceiver      com.cdccreditsmart.app               I  ðŸ” [Polling #2] Verificando comandos pendentes...
2026-02-04 22:22:34.847 10189-10330 SecureTokenStorage      com.cdccreditsmart.app               D  âœ… Usando IMEI para MDM: 3531***198
2026-02-04 22:22:34.847 10189-10330 MdmCommandReceiver      com.cdccreditsmart.app               I  ðŸ” ========================================
2026-02-04 22:22:34.847 10189-10330 MdmCommandReceiver      com.cdccreditsmart.app               I  ðŸ” BUSCANDO COMANDOS PENDENTES
2026-02-04 22:22:34.847 10189-10330 MdmCommandReceiver      com.cdccreditsmart.app               I  ðŸ” ========================================
2026-02-04 22:22:34.847 10189-10330 MdmCommandReceiver      com.cdccreditsmart.app               I  ðŸ” Identifier: 353104906953198
2026-02-04 22:22:34.847 10189-10330 MdmCommandReceiver      com.cdccreditsmart.app               I  ðŸ” Endpoint: GET /api/apk/device/353104906953198/commands
2026-02-04 22:22:34.849 10189-10330 MdmCommandReceiver      com.cdccreditsmart.app               D  ðŸ” Executando requisiÃ§Ã£o HTTP (timeout: 15s)...
2026-02-04 22:22:34.857 10189-10829 okhttp.OkHttpClient     com.cdccreditsmart.app               I  --> GET https://cdccreditsmart.com/api/apk/device/353104906953198/commands
2026-02-04 22:22:34.857 10189-10829 okhttp.OkHttpClient     com.cdccreditsmart.app               I  --> END GET
2026-02-04 22:22:34.969 10189-10828 WebSocketManager        com.cdccreditsmart.app               D  Message received: {"type":"pong","timestamp":"2026-02-05T01:22:34.903Z"}...
2026-02-04 22:22:34.969 10189-10828 WebSocketManager        com.cdccreditsmart.app               D  Received message type: pong
2026-02-04 22:22:34.969 10189-10828 WebSocketManager        com.cdccreditsmart.app               D  Pong received
2026-02-04 22:22:35.443 10189-10829 okhttp.OkHttpClient     com.cdccreditsmart.app               I  <-- 200 https://cdccreditsmart.com/api/apk/device/353104906953198/commands (585ms)
2026-02-04 22:22:35.443 10189-10829 okhttp.OkHttpClient     com.cdccreditsmart.app               I  access-control-allow-credentials: true
2026-02-04 22:22:35.443 10189-10829 okhttp.OkHttpClient     com.cdccreditsmart.app               I  access-control-allow-headers: Origin, X-Requested-With, Content-Type, Accept, Authorization, x-client-key, x-client-token, x-client-secret, cache-control
2026-02-04 22:22:35.444 10189-10829 okhttp.OkHttpClient     com.cdccreditsmart.app               I  access-control-allow-methods: GET, POST, PUT, PATCH, DELETE, OPTIONS
2026-02-04 22:22:35.444 10189-10829 okhttp.OkHttpClient     com.cdccreditsmart.app               I  access-control-allow-origin: *
2026-02-04 22:22:35.444 10189-10829 okhttp.OkHttpClient     com.cdccreditsmart.app               I  access-control-max-age: 86400
2026-02-04 22:22:35.444 10189-10829 okhttp.OkHttpClient     com.cdccreditsmart.app               I  content-length: 499
2026-02-04 22:22:35.444 10189-10829 okhttp.OkHttpClient     com.cdccreditsmart.app               I  content-security-policy: default-src 'self'; script-src 'self' 'unsafe-inline' 'unsafe-eval' https://replit.com; style-src 'self' 'unsafe-inline' https://replit.com; img-src 'self' data: https:; font-src 'self' data: https://replit.com; connect-src 'self';
2026-02-04 22:22:35.444 10189-10829 okhttp.OkHttpClient     com.cdccreditsmart.app               I  content-type: application/json; charset=utf-8
2026-02-04 22:22:35.444 10189-10829 okhttp.OkHttpClient     com.cdccreditsmart.app               I  date: Thu, 05 Feb 2026 01:22:35 GMT
2026-02-04 22:22:35.444 10189-10829 okhttp.OkHttpClient     com.cdccreditsmart.app               I  etag: W/"1f3-MX/LGiCBjiEn9BYNzT1GXnIMxqU"
2026-02-04 22:22:35.444 10189-10829 okhttp.OkHttpClient     com.cdccreditsmart.app               I  permissions-policy: geolocation=(), microphone=(), camera=()
2026-02-04 22:22:35.445 10189-10829 okhttp.OkHttpClient     com.cdccreditsmart.app               I  referrer-policy: strict-origin-when-cross-origin
2026-02-04 22:22:35.445 10189-10829 okhttp.OkHttpClient     com.cdccreditsmart.app               I  strict-transport-security: max-age=63072000; includeSubDomains
2026-02-04 22:22:35.445 10189-10829 okhttp.OkHttpClient     com.cdccreditsmart.app               I  strict-transport-security: max-age=31536000; includeSubDomains
