2025-12-09 12:18:26.665 20324-20327 artd                    pid-20324                            I  OatFileAssistant test for existing oat file /data/dalvik-cache/arm64/data@user_de@10@com.google.android.gms@app_chimera@m@0000000b@dl-MlkitBarcodeUi.optional_251036100400.apk@classes.dex: File /data/dalvik-cache/arm64/data@user_de@10@com.google.android.gms@app_chimera@m@0000000b@dl-MlkitBarcodeUi.optional_251036100400.apk@classes.vdex does not exist.
2025-12-09 12:18:26.665 20324-20327 artd                    pid-20324                            I  GetBestInfo checking odex next to the dex file (/data/user_de/10/com.google.android.gms/app_chimera/m/0000000b/oat/arm64/dl-MlkitBarcodeUi.optional_251036100400.odex)
2025-12-09 12:18:26.665 20324-20327 artd                    pid-20324                            I  Loading /data/user_de/10/com.google.android.gms/app_chimera/m/0000000b/oat/arm64/dl-MlkitBarcodeUi.optional_251036100400.odex with executable: 0
2025-12-09 12:18:26.665 20324-20327 artd                    pid-20324                            I  OatFileAssistant test for existing oat file /data/user_de/10/com.google.android.gms/app_chimera/m/0000000b/oat/arm64/dl-MlkitBarcodeUi.optional_251036100400.odex: File /data/user_de/10/com.google.android.gms/app_chimera/m/0000000b/oat/arm64/dl-MlkitBarcodeUi.optional_251036100400.vdex does not exist.
2025-12-09 12:18:26.665 20324-20327 artd                    pid-20324                            I  GetBestInfo checking vdex in dalvik-cache (/data/dalvik-cache/arm64/data@user_de@10@com.google.android.gms@app_chimera@m@0000000b@dl-MlkitBarcodeUi.optional_251036100400.apk@classes.vdex)
2025-12-09 12:18:26.665 20324-20327 artd                    pid-20324                            I  unable to open vdex file /data/dalvik-cache/arm64/data@user_de@10@com.google.android.gms@app_chimera@m@0000000b@dl-MlkitBarcodeUi.optional_251036100400.apk@classes.vdex: File /data/dalvik-cache/arm64/data@user_de@10@com.google.android.gms@app_chimera@m@0000000b@dl-MlkitBarcodeUi.optional_251036100400.apk@classes.vdex does not exist.
2025-12-09 12:18:26.665 20324-20327 artd                    pid-20324                            I  OatFileAssistant test for existing oat file /data/dalvik-cache/arm64/data@user_de@10@com.google.android.gms@app_chimera@m@0000000b@dl-MlkitBarcodeUi.optional_251036100400.apk@classes.vdex: File /data/dalvik-cache/arm64/data@user_de@10@com.google.android.gms@app_chimera@m@0000000b@dl-MlkitBarcodeUi.optional_251036100400.apk@classes.vdex does not exist.
2025-12-09 12:18:26.665 20324-20327 artd                    pid-20324                            I  GetBestInfo checking vdex next to the dex file (/data/user_de/10/com.google.android.gms/app_chimera/m/0000000b/oat/arm64/dl-MlkitBarcodeUi.optional_251036100400.vdex)
2025-12-09 12:18:26.665 20324-20327 artd                    pid-20324                            I  unable to open vdex file /data/user_de/10/com.google.android.gms/app_chimera/m/0000000b/oat/arm64/dl-MlkitBarcodeUi.optional_251036100400.vdex: File /data/user_de/10/com.google.android.gms/app_chimera/m/0000000b/oat/arm64/dl-MlkitBarcodeUi.optional_251036100400.vdex does not exist.
2025-12-09 12:18:26.665 20324-20327 artd                    pid-20324                            I  OatFileAssistant test for existing oat file /data/user_de/10/com.google.android.gms/app_chimera/m/0000000b/oat/arm64/dl-MlkitBarcodeUi.optional_251036100400.vdex: File /data/user_de/10/com.google.android.gms/app_chimera/m/0000000b/oat/arm64/dl-MlkitBarcodeUi.optional_251036100400.vdex does not exist.
2025-12-09 12:18:26.665 20324-20327 artd                    pid-20324                            I  GetBestInfo checking dm (/data/user_de/10/com.google.android.gms/app_chimera/m/0000000b/dl-MlkitBarcodeUi.optional_251036100400.dm)
2025-12-09 12:18:26.665 20324-20327 ziparchive              pid-20324                            W  Unable to open '/data/user_de/10/com.google.android.gms/app_chimera/m/0000000b/dl-MlkitBarcodeUi.optional_251036100400.dm': No such file or directory
2025-12-09 12:18:26.665 20324-20327 artd                    pid-20324                            I  OatFileAssistant test for existing oat file /data/user_de/10/com.google.android.gms/app_chimera/m/0000000b/dl-MlkitBarcodeUi.optional_251036100400.dm: I/O error
2025-12-09 12:18:26.665 20324-20327 artd                    pid-20324                            I  GetBestInfo checking dm (/data/user_de/10/com.google.android.gms/app_chimera/m/0000000b/dl-MlkitBarcodeUi.optional_251036100400.dm)
2025-12-09 12:18:26.665 20324-20327 ziparchive              pid-20324                            W  Unable to open '/data/user_de/10/com.google.android.gms/app_chimera/m/0000000b/dl-MlkitBarcodeUi.optional_251036100400.dm': No such file or directory
2025-12-09 12:18:26.668 12833-20120 LocationHistory         pid-12833                            I  (REDACTED) [IntentOperation] Handling action %s
2025-12-09 12:18:26.668 20324-20327 artd                    pid-20324                            I  OatFileAssistant test for existing oat file /data/user_de/10/com.google.android.gms/app_chimera/m/0000000b/dl-MlkitBarcodeUi.optional_251036100400.dm: I/O error
2025-12-09 12:18:26.668 20324-20327 artd                    pid-20324                            I  GetBestInfo no usable artifacts
2025-12-09 12:18:26.674 12833-20204 SystemUpdate            pid-12833                            I  [Installation,ReceiverIntentOperation] System update management not enabled in this context. Ignoring intent: Intent { act=com.google.android.gms.phenotype.COMMITTED pkg=com.google.android.gms cmp=com.google.android.gms/.chimera.GmsIntentOperationService (has extras) }
2025-12-09 12:18:26.675 12833-20202 GmsSyncPolicyEngine     pid-12833                            I  (REDACTED) Periodic sync %d disabled by policy, cancelled.
2025-12-09 12:18:26.677 20324-20327 artd                    pid-20324                            I  Running dex2oat: /apex/com.android.art/bin/art_exec --drop-capabilities --set-task-profile=Dex2OatBootComplete --set-priority=background --keep-fds=6:7:8:9:10:11:12:13:14:15 -- /apex/com.android.art/bin/dex2oat32 --zip-fd=6 --zip-location=/data/user_de/10/com.google.android.gms/app_chimera/m/0000000b/dl-MlkitBarcodeUi.optional_251036100400.apk --oat-fd=7 --oat-location=/data/user_de/10/com.google.android.gms/app_chimera/m/0000000b/oat/arm64/dl-MlkitBarcodeUi.optional_251036100400.odex --output-vdex-fd=8 --swap-fd=9 --class-loader-context-fds=10:11:12:13:14:15 --class-loader-context=DLC[];PCL[/product/priv-app/GmsCore/GmsCore.apk]{PCL[/system/framework/org.apache.http.legacy.jar]#PCL[/system/framework/com.android.media.remotedisplay.jar]#PCL[/system/framework/com.android.location.provider.jar]#PCL[/system_ext/framework/androidx.window.extensions.jar]#PCL[/system_ext/framework/androidx.window.sidecar.jar]} --classpath-dir=/data/user_de/10/com.google.android.gms/app_chimera/m/0000000b --instruction-set=arm64 --instruction-set-features=default --instruction-set-variant=cortex-a55 --compiler-filter=verify --compilation-reason=cmdline --compact-dex-level=none --max-image-block-size=524288 --resolve-startup-const-strings=true --generate-mini-debug-info --runtime-arg -Xtarget-sdk-version:35 --runtime-arg -Xhidden-api-policy:enabled --runtime-arg -Xms64m --runtime-arg -Xmx512m --comments=app-name:com.google.android.gms,app-version-name:25.10.36 (260400-739992411),app-version-code:251036035,art-version:351610080
                                                                                                    Opened FDs: 6:/data/user_de/10/com.google.android.gms/app_chimera/m/0000000b/dl-MlkitBarcodeUi.optional_251036100400.apk 7:/data/user_de/10/com.google.android.gms/app_chimera/m/0000000b/oat/arm64/dl-MlkitBarcodeUi.optional_251036100400.odex.5zSOBW.tmp 8:/data/user_de/10/com.google.android.gms/app_chimera/m/0000000b/oat/arm64/dl-MlkitBarcodeUi.optional_251036100400.vdex.uGJpQS.tmp 9:/data/user_de/10/com.google.android.gms/app_chimera/m/0000000b/oat/arm64/dl-MlkitBarcodeUi.optional_251036100400.odex.swap.enOFH1.tmp 10:/product/priv-app/GmsCore/GmsCore.apk 11:/system_ext/framework/androidx.window.sidecar.jar 12:/system_ext/framework/androidx.window.extensions.jar 13:/system/framework/com.android.location.provider.jar 14:/system/framework/com.android.media.remotedisplay.jar 15:/system/framework/org.apache.http.legacy.jar 
2025-12-09 12:18:26.677 12833-20202 GmsSyncPolicyEngine     pid-12833                            I  (REDACTED) Periodic sync %d disabled by policy, cancelled.
2025-12-09 12:18:26.680 12833-20202 GmsSyncPolicyEngine     pid-12833                            I  (REDACTED) Periodic sync %d disabled by policy, cancelled.
2025-12-09 12:18:26.710  1561-1662  ApplicationHelper       pid-1561                             E  Fail to get PackageManager
2025-12-09 12:18:26.715  1561-1662  ApplicationHelper       pid-1561                             E  Fail to get PackageManager
2025-12-09 12:18:26.715  1561-1662  ApplicationHelper       pid-1561                             E  Fail to get PackageManager
2025-12-09 12:18:26.720 12833-19680 ModuleInitIntentOp      pid-12833                            W  Dropping unexpected action com.google.android.gms.phenotype.COMMITTED
2025-12-09 12:18:26.721 12833-19680 ModuleInitIntentOp      pid-12833                            W  Dropping unexpected action com.google.android.gms.phenotype.COMMITTED
2025-12-09 12:18:26.722 12833-19680 ModuleInitIntentOp      pid-12833                            W  Dropping unexpected action com.google.android.gms.phenotype.COMMITTED
2025-12-09 12:18:26.724 12833-20200 SyncIntentOperation     pid-12833                            I  (REDACTED) Handling the intent: %s.
2025-12-09 12:18:26.729  1561-1662  ApplicationHelper       pid-1561                             E  Fail to get PackageManager
2025-12-09 12:18:26.729  1561-1662  ApplicationHelper       pid-1561                             E  Fail to get PackageManager
2025-12-09 12:18:26.730 12833-20120 MdiSyncModule           pid-12833                            I  flag handling is skipping irrelevant intent.
2025-12-09 12:18:26.731 12833-20120 MlBenchmarkInstaller    pid-12833                            I  (REDACTED) Intent: %s
2025-12-09 12:18:26.732 12833-20204 LPGcmTaskChimeraService pid-12833                            I  Scheduling sync task. [CONTEXT service_id=167 ]
2025-12-09 12:18:26.733 12833-20120 MlBenchmarkInstaller    pid-12833                            I  (REDACTED) COMMITTED Extra package name: %s
2025-12-09 12:18:26.733  1561-1662  ApplicationHelper       pid-1561                             E  Fail to get PackageManager
2025-12-09 12:18:26.735  1561-1910  libtrancpufreqtime      pid-1561                             D  [doPollPsi:227] cpu psi is high, 500ms at 1s window
2025-12-09 12:18:26.736 12833-20120 ModuleInitIntentOp      pid-12833                            W  Dropping unexpected action com.google.android.gms.phenotype.COMMITTED
2025-12-09 12:18:26.738 12833-20371 ModuleInitIntentOp      pid-12833                            W  Dropping unexpected action com.google.android.gms.phenotype.COMMITTED
2025-12-09 12:18:26.738 12833-20371 LocationHistory         pid-12833                            I  (REDACTED) [IntentOperation] Handling action %s
2025-12-09 12:18:26.740 12833-20371 SystemUpdate            pid-12833                            I  [Installation,ReceiverIntentOperation] System update management not enabled in this context. Ignoring intent: Intent { act=com.google.android.gms.phenotype.COMMITTED pkg=com.google.android.gms cmp=com.google.android.gms/.chimera.GmsIntentOperationService (has extras) }
2025-12-09 12:18:26.741 12833-20204 GmsSyncPolicyEngine     pid-12833                            I  (REDACTED) Periodic sync %d disabled by policy, cancelled.
2025-12-09 12:18:26.744   957-992   libPerfCtl              pid-957                              I  xgfGetFPS pid:3207 fps:-1
2025-12-09 12:18:26.745   957-992   AppThermalMode          pid-957                              I  [perfNotifyThermalState] hdl:0
2025-12-09 12:18:26.745   957-992   AppThermalMode          pid-957                              I  [findAppThermalIdx] Fail: appThermalModeEnable: 0,currentFPS: 60,fg->pid:8105
2025-12-09 12:18:26.745   957-992   AppThermalMode          pid-957                              I  [perfNotifyThermalState] appThermalIdx -1:
2025-12-09 12:18:26.745   957-992   libPerfCtl              pid-957                              I  xgfGetFPS pid:3605 fps:-1
2025-12-09 12:18:26.745   957-992   AppThermalMode          pid-957                              I  [perfNotifyThermalState] hdl:0
2025-12-09 12:18:26.745   957-992   AppThermalMode          pid-957                              I  [findAppThermalIdx] Fail: appThermalModeEnable: 0,currentFPS: 60,fg->pid:8105
2025-12-09 12:18:26.745   957-992   AppThermalMode          pid-957                              I  [perfNotifyThermalState] appThermalIdx -1:
2025-12-09 12:18:26.745   957-992   libPerfCtl              pid-957                              I  xgfGetFPS pid:8105 fps:59
2025-12-09 12:18:26.745   957-992   AppThermalMode          pid-957                              I  [perfNotifyThermalState] hdl:0
2025-12-09 12:18:26.745   957-992   AppThermalMode          pid-957                              I  [findAppThermalIdx] Fail: appThermalModeEnable: 0,currentFPS: 60,fg->pid:8105
2025-12-09 12:18:26.745   957-992   AppThermalMode          pid-957                              I  [perfNotifyThermalState] appThermalIdx -1:
2025-12-09 12:18:26.745 12833-20200 GmsSyncPolicyEngine     pid-12833                            I  (REDACTED) Periodic sync %d disabled by policy, cancelled.
2025-12-09 12:18:26.745  1561-1662  ApplicationHelper       pid-1561                             E  Fail to get PackageManager
2025-12-09 12:18:26.751  1561-1921  ActivityManager         pid-1561                             I    Force stopping service ServiceRecord{9e70e11 u10 com.google.android.gms/.fido.fido2.pollux.CableAuthenticatorService c:com.google.android.gms}
2025-12-09 12:18:26.751 12833-20204 GmsSyncPolicyEngine     pid-12833                            I  (REDACTED) Periodic sync %d disabled
2025-12-09 12:18:26.751 12833-20200 GmsSyncPolicyEngine     pid-12833                            I  (REDACTED) Periodic sync %d disabled by policy, cancelled.
2025-12-09 12:18:26.754 12833-20200 GmsSyncPolicyEngine     pid-12833                            I  (REDACTED) Periodic sync %d disabled by policy, cancelled.
2025-12-09 12:18:26.764 20370-20370 dex2oat32               pid-20370                            I  MMAP_TRYLOCK is supported in uffd errno:2 addr:0xf4f91000 size:4096
2025-12-09 12:18:26.764  1561-1662  ApplicationHelper       pid-1561                             E  Fail to get PackageManager
2025-12-09 12:18:26.764  1561-1662  ApplicationHelper       pid-1561                             E  Fail to get PackageManager
2025-12-09 12:18:26.773 20370-20370 dex2oat32               pid-20370                            W  Obsolete flag --compact-dex-level ignored
2025-12-09 12:18:26.775 20370-20370 dex2oat32               pid-20370                            W  Mismatch between instruction set variant of device (ISA: Arm64 Feature string: -a53,crc,lse,fp16,dotprod,-sve) and features returned by the hardware (ISA: Arm64 Feature string: -a53,-crc,-lse,-fp16,-dotprod,-sve)
2025-12-09 12:18:26.778 20270-20368 PTCommittedOperation    pid-20270                            I  Receive new configuration for com.google.android.gms.languageprofile
2025-12-09 12:18:26.783 20370-20370 dex2oat32               pid-20370                            I  /apex/com.android.art/bin/dex2oat32 --output-vdex-fd=8 --class-loader-context-fds=10:11:12:13:14:15 --class-loader-context=DLC[];PCL[/product/priv-app/GmsCore/GmsCore.apk]{PCL[/system/framework/org.apache.http.legacy.jar]#PCL[/system/framework/com.android.media.remotedisplay.jar]#PCL[/system/framework/com.android.location.provider.jar]#PCL[/system_ext/framework/androidx.window.extensions.jar]#PCL[/system_ext/framework/androidx.window.sidecar.jar]} --classpath-dir=/data/user_de/10/com.google.android.gms/app_chimera/m/0000000b --compiler-filter=verify --compilation-reason=cmdline --compact-dex-level=none --max-image-block-size=524288 --resolve-startup-const-strings=true --generate-mini-debug-info --comments=app-name:com.google.android.gms,app-version-name:25.10.36 (260400-739992411),app-version-code:251036035,art-version:351610080
2025-12-09 12:18:26.784   940-982   android.ha...ervice.mtk pid-940                              W  parseMsg: Get from client TYPE=thermal_hal_notify NAME=SKIN
2025-12-09 12:18:26.784   940-982   android.ha...ervice.mtk pid-940                              W  parseMsg:name.c_str():SKIN
2025-12-09 12:18:26.784   940-982   android.ha...ervice.mtk pid-940                              W  parseMsg:tz notify:SKIN
2025-12-09 12:18:26.784   940-982   android.ha...ervice.mtk pid-940                              I  Wait to accept a connection
2025-12-09 12:18:26.786   940-982   android.ha...l@2.0-impl pid-940                              I  Sending notification:  Type: SKIN Name: SKIN CurrentValue: 49.857 ThrottlingStatus: SEVERE
2025-12-09 12:18:26.786   940-982   android.ha...l@2.0-impl pid-940                              I  sendThermalChangedCallback
2025-12-09 12:18:26.790  1561-1711  CredentialManager       pid-1561                             I  CredentialManagerServiceImpl constructed for: com.google.android.gms/.auth.api.credentials.credman.service.PasswordAndPasskeyService
2025-12-09 12:18:26.790  1561-1711  CredentialManager       pid-1561                             I  newServiceInfoLocked, mInfo null, com.google.android.gms/com.google.android.gms.auth.api.credentials.credman.service.PasswordAndPasskeyService
2025-12-09 12:18:26.791 17374-17487 PackageUpdatedTask      pid-17374                            I  Package updated: mOp=UPDATE packages=[com.google.android.gms]
2025-12-09 12:18:26.799  1561-1561  ConditionProviders      pid-1561                             V  enabling condition provider for 0: ComponentInfo{com.google.android.apps.wellbeing/com.google.android.apps.wellbeing.azr.impl.AzrConditionProviderService}
2025-12-09 12:18:26.799  1561-1561  ConditionProviders      pid-1561                             V  Not registering ComponentInfo{com.google.android.apps.wellbeing/com.google.android.apps.wellbeing.azr.impl.AzrConditionProviderService} is already bound
2025-12-09 12:18:26.803  3475-3475  CarrierSvcBindHelper    pid-3475                             D  onPackageModified: com.google.android.gms
2025-12-09 12:18:26.805 17374-17487 AllAppsList             pid-17374                            W  updatePromiseInstallInfo: no Activities matched updated package, removing all apps from package=com.google.android.gms
2025-12-09 12:18:26.806  3475-3475  CarrierSvcBindHelper    pid-3475                             D  No carrier app for: 0
2025-12-09 12:18:26.807  1561-3017  ShortcutService         pid-1561                             D  received package broadcast intent: Intent { act=android.intent.action.PACKAGE_CHANGED dat=package: flg=0x45000010 (has extras) }
2025-12-09 12:18:26.807  1561-3017  ShortcutService         pid-1561                             D  changing package: com.google.android.gms userId10
2025-12-09 12:18:26.807  3475-3475  CarrierSvcBindHelper    pid-3475                             D  No carrier app for: 1
2025-12-09 12:18:26.807  3475-3475  CarrierSvcBindHelper    pid-3475                             D  No carrier app for: 2
2025-12-09 12:18:26.808  1561-3017  ShortcutService         pid-1561                             D  handlePackageChanged: com.google.android.gms user=10
2025-12-09 12:18:26.808  1561-3017  ShortcutService         pid-1561                             D  rescanPackageIfNeeded 10@com.google.android.gms, forceRescan=true , isNewApp=true
2025-12-09 12:18:26.809 12508-12522 Permission...erviceImpl pid-12508                            I  Updating user sensitive for uid 1010113
2025-12-09 12:18:26.812  5012-5012  Registered...onentCache pid-5012                             D  RegisteredComponentCache has changed.
2025-12-09 12:18:26.813  1561-3017  ShortcutService         pid-1561                             D  Package com.google.android.gms has 0 manifest shortcut(s), and 0 share target(s)
2025-12-09 12:18:26.817 12583-13128 PkgChangeInfoCollector  pid-12583                            I  onReceive android.intent.action.PACKAGE_CHANGED
2025-12-09 12:18:26.818 12583-13142 PkgChangeInfoCollector  pid-12583                            I  onPkgChange com.google.android.gms
2025-12-09 12:18:26.818 12583-13142 PkgChangeInfoCollector  pid-12583                            W  onPkgChange pkg change: com.google.android.gms
2025-12-09 12:18:26.818 12583-12718 SceneIdentify           pid-12583                            I  PackageChangedEvent in SceneIdentify
2025-12-09 12:18:26.820 12583-12718 Kolun_AI                pid-12583                            I  Util-scenes:isAdminUser: false
2025-12-09 12:18:26.820  1561-1662  ApplicationHelper       pid-1561                             E  Fail to get PackageManager
2025-12-09 12:18:26.820  1561-1662  ApplicationHelper       pid-1561                             E  Fail to get PackageManager
2025-12-09 12:18:26.822 12583-13142 PkgChangeInfoCollector  pid-12583                            W  onPkgChange skip change
2025-12-09 12:18:26.827  1561-1662  ApplicationHelper       pid-1561                             E  Fail to get PackageManager
2025-12-09 12:18:26.848  3475-3475  SmsApplication          pid-3475                             E  com.google.android.apps.messaging lost android:read_cell_broadcasts:  (fixing)
2025-12-09 12:18:26.850  1561-4962  AppOpService            pid-1561                             W  Ignored setUidMode call for runtime permission app op: uid = 10218, code = READ_CELL_BROADCASTS, mode = allow, callingUid = 1001, oldMode = allow
2025-12-09 12:18:26.852  5012-5601  Registered...onentCache pid-5012                             I  New Components => 
2025-12-09 12:18:26.852  5012-5601  Registered...onentCache pid-5012                             I  ComponentInfo: ResolveInfo{eba4d3a com.transsion.settings.nfc/com.transsion.nfc.wallet.TranWalletCardEnterActivity m=0x108000 userHandle=UserHandle{0}}, techs: android.nfc.tech.MifareClassic, 
2025-12-09 12:18:26.852  5012-5601  Registered...onentCache pid-5012                             I  ComponentInfo: ResolveInfo{eba4d3a com.transsion.settings.nfc/com.transsion.nfc.wallet.TranWalletCardEnterActivity m=0x108000 userHandle=UserHandle{0}}, techs: android.nfc.tech.MifareUltralight, 
2025-12-09 12:18:26.852  5012-5601  Registered...onentCache pid-5012                             I  ComponentInfo: ResolveInfo{db6bdeb com.android.apps.tag/.TagViewer m=0x108000 userHandle=UserHandle{0}}, techs: android.nfc.tech.Ndef, 
2025-12-09 12:18:26.852  5012-5601  Registered...onentCache pid-5012                             I  Removed Components => 
2025-12-09 12:18:26.852  5012-5601  Registered...onentCache pid-5012                             I  ComponentInfo: ResolveInfo{d6dcfe7 com.transsion.settings.nfc/com.transsion.nfc.wallet.TranWalletCardEnterActivity m=0x108000 userHandle=UserHandle{0}}, techs: android.nfc.tech.MifareClassic, 
2025-12-09 12:18:26.852  5012-5601  Registered...onentCache pid-5012                             I  ComponentInfo: ResolveInfo{d6dcfe7 com.transsion.settings.nfc/com.transsion.nfc.wallet.TranWalletCardEnterActivity m=0x108000 userHandle=UserHandle{0}}, techs: android.nfc.tech.MifareUltralight, 
2025-12-09 12:18:26.852  5012-5601  Registered...onentCache pid-5012                             I  ComponentInfo: ResolveInfo{c41794 com.android.apps.tag/.TagViewer m=0x108000 userHandle=UserHandle{0}}, techs: android.nfc.tech.Ndef, 
2025-12-09 12:18:26.853  1561-1662  ApplicationHelper       pid-1561                             E  Fail to get PackageManager
2025-12-09 12:18:26.856  3475-3475  SmsApplication          pid-3475                             W  com.android.phone does not have OP_WRITE_SMS:  (fixing)
2025-12-09 12:18:26.857  1561-3370  AppOpService            pid-1561                             W  Ignored setUidMode call for runtime permission app op: uid = 1001001, code = READ_SMS, mode = allow, callingUid = 1001, oldMode = allow
2025-12-09 12:18:26.860  1561-3370  AppOpService            pid-1561                             W  Ignored setUidMode call for runtime permission app op: uid = 1001001, code = RECEIVE_SMS, mode = allow, callingUid = 1001, oldMode = allow
2025-12-09 12:18:26.862  1561-4962  AppOpService            pid-1561                             W  Ignored setUidMode call for runtime permission app op: uid = 1001001, code = RECEIVE_WAP_PUSH, mode = allow, callingUid = 1001, oldMode = allow
2025-12-09 12:18:26.865  1561-3819  AppOpService            pid-1561                             W  Ignored setUidMode call for runtime permission app op: uid = 1001001, code = SEND_SMS, mode = allow, callingUid = 1001, oldMode = allow
2025-12-09 12:18:26.868  1561-3819  AppOpService            pid-1561                             W  Ignored setUidMode call for runtime permission app op: uid = 1001001, code = READ_CELL_BROADCASTS, mode = allow, callingUid = 1001, oldMode = allow
2025-12-09 12:18:26.871  3475-3475  SmsApplication          pid-3475                             W  com.android.bluetooth does not have OP_WRITE_SMS:  (fixing)
2025-12-09 12:18:26.873  1561-4962  AppOpService            pid-1561                             W  Ignored setUidMode call for runtime permission app op: uid = 1001002, code = READ_SMS, mode = allow, callingUid = 1001, oldMode = allow
2025-12-09 12:18:26.875  1561-4962  AppOpService            pid-1561                             W  Ignored setUidMode call for runtime permission app op: uid = 1001002, code = RECEIVE_SMS, mode = allow, callingUid = 1001, oldMode = allow
2025-12-09 12:18:26.876  1561-4962  AppOpService            pid-1561                             W  Ignored setUidMode call for runtime permission app op: uid = 1001002, code = RECEIVE_WAP_PUSH, mode = allow, callingUid = 1001, oldMode = allow
2025-12-09 12:18:26.877  1561-4406  AppOpService            pid-1561                             W  Ignored setUidMode call for runtime permission app op: uid = 1001002, code = SEND_SMS, mode = allow, callingUid = 1001, oldMode = allow
2025-12-09 12:18:26.878  1561-4406  AppOpService            pid-1561                             W  Ignored setUidMode call for runtime permission app op: uid = 1001002, code = READ_CELL_BROADCASTS, mode = allow, callingUid = 1001, oldMode = allow
2025-12-09 12:18:26.881  3475-3475  SmsApplication          pid-3475                             W  com.android.mms.service does not have OP_WRITE_SMS:  (fixing)
2025-12-09 12:18:26.882  1561-3370  AppOpService            pid-1561                             W  Ignored setUidMode call for runtime permission app op: uid = 1001001, code = READ_SMS, mode = allow, callingUid = 1001, oldMode = allow
2025-12-09 12:18:26.886  1561-4406  AppOpService            pid-1561                             W  Ignored setUidMode call for runtime permission app op: uid = 1001001, code = RECEIVE_SMS, mode = allow, callingUid = 1001, oldMode = allow
2025-12-09 12:18:26.887  1561-4406  AppOpService            pid-1561                             W  Ignored setUidMode call for runtime permission app op: uid = 1001001, code = RECEIVE_WAP_PUSH, mode = allow, callingUid = 1001, oldMode = allow
2025-12-09 12:18:26.888  1561-4406  AppOpService            pid-1561                             W  Ignored setUidMode call for runtime permission app op: uid = 1001001, code = SEND_SMS, mode = allow, callingUid = 1001, oldMode = allow
2025-12-09 12:18:26.889  1561-4406  AppOpService            pid-1561                             W  Ignored setUidMode call for runtime permission app op: uid = 1001001, code = READ_CELL_BROADCASTS, mode = allow, callingUid = 1001, oldMode = allow
2025-12-09 12:18:26.894  3475-3475  SmsApplication          pid-3475                             W  com.android.providers.telephony does not have OP_WRITE_SMS:  (fixing)
2025-12-09 12:18:26.895  1561-4962  AppOpService            pid-1561                             W  Ignored setUidMode call for runtime permission app op: uid = 1001001, code = READ_SMS, mode = allow, callingUid = 1001, oldMode = allow
2025-12-09 12:18:26.897  1561-4962  AppOpService            pid-1561                             W  Ignored setUidMode call for runtime permission app op: uid = 1001001, code = RECEIVE_SMS, mode = allow, callingUid = 1001, oldMode = allow
2025-12-09 12:18:26.899  1561-4406  AppOpService            pid-1561                             W  Ignored setUidMode call for runtime permission app op: uid = 1001001, code = RECEIVE_WAP_PUSH, mode = allow, callingUid = 1001, oldMode = allow
2025-12-09 12:18:26.903  1561-4406  AppOpService            pid-1561                             W  Ignored setUidMode call for runtime permission app op: uid = 1001001, code = SEND_SMS, mode = allow, callingUid = 1001, oldMode = allow
2025-12-09 12:18:26.904  1561-2025  RoleService             pid-1561                             I  Granting default roles...
2025-12-09 12:18:26.904  1561-4406  AppOpService            pid-1561                             W  Ignored setUidMode call for runtime permission app op: uid = 1001001, code = READ_CELL_BROADCASTS, mode = allow, callingUid = 1001, oldMode = allow
2025-12-09 12:18:26.906  3475-3475  CellBroadcastUtils      pid-3475                             E  getDefaultCellBroadcastReceiverPackageName: no package found
2025-12-09 12:18:26.915  3475-3475  SmsApplication          pid-3475                             W  com.transsion.cloudserver does not have OP_WRITE_SMS:  (fixing)
2025-12-09 12:18:26.923  1561-5199  AppOpService            pid-1561                             W  Ignored setUidMode call for runtime permission app op: uid = 1010152, code = READ_SMS, mode = allow, callingUid = 1001, oldMode = allow
2025-12-09 12:18:26.927  1561-1993  AppOpService            pid-1561                             W  Ignored setUidMode call for runtime permission app op: uid = 1010152, code = RECEIVE_SMS, mode = allow, callingUid = 1001, oldMode = allow
2025-12-09 12:18:26.928  1561-3370  AppOpService            pid-1561                             W  Ignored setUidMode call for runtime permission app op: uid = 1010152, code = RECEIVE_WAP_PUSH, mode = allow, callingUid = 1001, oldMode = allow
2025-12-09 12:18:26.929  1561-3819  AppOpService            pid-1561                             W  Ignored setUidMode call for runtime permission app op: uid = 1010152, code = SEND_SMS, mode = allow, callingUid = 1001, oldMode = allow
2025-12-09 12:18:26.933  1561-1993  AppOpService            pid-1561                             W  Ignored setUidMode call for runtime permission app op: uid = 1010152, code = READ_CELL_BROADCASTS, mode = allow, callingUid = 1001, oldMode = allow
2025-12-09 12:18:26.943  1561-3415  AppOpService            pid-1561                             W  Ignored setUidMode call for runtime permission app op: uid = 1001, code = READ_SMS, mode = allow, callingUid = 1001, oldMode = allow
2025-12-09 12:18:26.943  1561-1711  PackageManager          pid-1561                             W  Unable to load service info ResolveInfo{f3959e2 com.transsion.faceid/.TestAuthService m=0x108000 userHandle=null} (Ask Gemini)
                                                                                                    org.xmlpull.v1.XmlPullParserException: No android.accounts.AccountAuthenticator meta-data
                                                                                                    	at android.content.pm.RegisteredServicesCache.parseServiceInfo(RegisteredServicesCache.java:652)
                                                                                                    	at android.content.pm.RegisteredServicesCache.generateServicesMap(RegisteredServicesCache.java:493)
                                                                                                    	at android.content.pm.RegisteredServicesCache.handlePackageEvent(RegisteredServicesCache.java:219)
                                                                                                    	at android.content.pm.RegisteredServicesCache.-$$Nest$mhandlePackageEvent(Unknown Source:0)
                                                                                                    	at android.content.pm.RegisteredServicesCache$1.onReceive(RegisteredServicesCache.java:228)
                                                                                                    	at android.app.LoadedApk$ReceiverDispatcher$Args.lambda$getRunnable$0(LoadedApk.java:1851)
                                                                                                    	at android.app.LoadedApk$ReceiverDispatcher$Args.$r8$lambda$mcNAAl1SQ4MyJPyDg8TJ2x2h0Rk(Unknown Source:0)
                                                                                                    	at android.app.LoadedApk$ReceiverDispatcher$Args$$ExternalSyntheticLambda0.run(D8$$SyntheticClass:0)
                                                                                                    	at android.os.Handler.handleCallback(Handler.java:959)
                                                                                                    	at android.os.Handler.dispatchMessage(Handler.java:100)
                                                                                                    	at android.os.Looper.loopOnce(Looper.java:311)
                                                                                                    	at android.os.Looper.loop(Looper.java:408)
                                                                                                    	at android.os.HandlerThread.run(HandlerThread.java:85)
2025-12-09 12:18:26.946  1561-4406  AppOpService            pid-1561                             W  Ignored setUidMode call for runtime permission app op: uid = 1001, code = RECEIVE_SMS, mode = allow, callingUid = 1001, oldMode = allow
2025-12-09 12:18:26.946  1561-4406  AppOpService            pid-1561                             W  Ignored setUidMode call for runtime permission app op: uid = 1001, code = RECEIVE_WAP_PUSH, mode = allow, callingUid = 1001, oldMode = allow
2025-12-09 12:18:26.949  1561-4406  AppOpService            pid-1561                             W  Ignored setUidMode call for runtime permission app op: uid = 1001, code = SEND_SMS, mode = allow, callingUid = 1001, oldMode = allow
2025-12-09 12:18:26.955  1561-4406  AppOpService            pid-1561                             W  Ignored setUidMode call for runtime permission app op: uid = 1001, code = READ_CELL_BROADCASTS, mode = allow, callingUid = 1001, oldMode = allow
2025-12-09 12:18:26.961  1561-12530 RoleContro...erviceImpl pid-1561                             E  Default/fallback role holder package doesn't qualify for the role, package: com.google.android.gms.supervision, role: android.app.role.SYSTEM_SUPERVISION
2025-12-09 12:18:26.973  3475-4171  ImsResolver             pid-3475                             D  maybeAddedImsService, packageName: com.google.android.gms
2025-12-09 12:18:26.974  1561-1638  system_server           pid-1561                             I  Background concurrent mark compact GC freed 139MB AllocSpace bytes, 5(124KB) LOS objects, 30% free, 111MB/159MB, paused 13.601ms,12.785ms total 1.289s
2025-12-09 12:18:26.976  1561-1662  ApplicationHelper       pid-1561                             E  Fail to get PackageManager
2025-12-09 12:18:26.979  1561-1860  TranCpuPow...ponentImpl pid-1561                             W  cpu_h_loading(541861000032) is disable.
2025-12-09 12:18:26.982  1561-1860  BatteryService          pid-1561                             D  widetemperaturebatteryburn check uevent: {SUBSYSTEM=misc, MAJOR=10, SEQNUM=6924, ACTION=change, DEVNAME=tran_cpu_metrics, SYS_CPU_LOADING={"o":"1", "cl":"92", "top":[{"n":"system_server", "p":"1561","u":"1000","a":"-900","l":"174"}, {"n":"android.vending", "p":"6170","u":"10111","a":"999","l":"123"}, {"n":".gms.persistent", "p":"12744","u":"1010113","a":"0","l":"75"}, {"n":"gle.android.gms", "p":"12833","u":"1010113","a":"0","l":"73"}, {"n":"ogle.android.as", "p":"12785","u":"1010100","a":"100","l":"51"}, {"n":".gms.persistent", "p":"10374","u":"10113","a":"100","l":"31"}, {"n":"earchbox:search", "p":"13657","u":"1010114","a":"905","l":"21"}, {"n":"kswapd0", "p":"143","u":"0","a":"0","l":"21"}, {"n":"ion.XOSLauncher", "p":"3605","u":"10168","a":"0","l":"14"}, {"n":"earchbox:search", "p":"5541","u":"10114","a":"905","l":"14"}], "w":"5", "f":{"c0":"500000,1300000", "c1":"725000,1300000", "c2":"-1,-1"}, "c":{"c0":"6", "c1":"2", "c2":"-1"}}, MINOR=99, DEVPATH=/devices/virtual/misc/tran_cpu_metrics}
2025-12-09 12:18:26.982 20370-20370 dex2oat32               pid-20370                            I  Using CollectorTypeCMC GC.
2025-12-09 12:18:26.982  1561-1860  BatteryService          pid-1561                             D  widetemperaturebatteryburn PORT_STATE no availd
2025-12-09 12:18:26.985  1561-1662  ApplicationHelper       pid-1561                             E  Fail to get PackageManager
2025-12-09 12:18:26.985  1561-1662  ApplicationHelper       pid-1561                             E  Fail to get PackageManager
2025-12-09 12:18:26.997  1561-1662  ApplicationHelper       pid-1561                             E  Fail to get PackageManager
2025-12-09 12:18:26.998  1561-1662  ApplicationHelper       pid-1561                             E  Fail to get PackageManager
2025-12-09 12:18:26.998  1561-1662  ApplicationHelper       pid-1561                             E  Fail to get PackageManager
2025-12-09 12:18:27.004  1561-1662  ApplicationHelper       pid-1561                             E  Fail to get PackageManager
2025-12-09 12:18:27.004  1561-1662  ApplicationHelper       pid-1561                             E  Fail to get PackageManager
2025-12-09 12:18:27.006  1561-1711  PhoneCloneServiceFinder pid-1561                             D  getTargetPackage() userId=10, services=[]
2025-12-09 12:18:27.021  1561-1662  ApplicationHelper       pid-1561                             E  Fail to get PackageManager
2025-12-09 12:18:27.023  1561-1662  ApplicationHelper       pid-1561                             E  Fail to get PackageManager
2025-12-09 12:18:27.023  1561-1662  ApplicationHelper       pid-1561                             E  Fail to get PackageManager
2025-12-09 12:18:27.041  1561-1662  ApplicationHelper       pid-1561                             E  Fail to get PackageManager
2025-12-09 12:18:27.041  1561-1662  ApplicationHelper       pid-1561                             E  Fail to get PackageManager
2025-12-09 12:18:27.041  1561-1662  ApplicationHelper       pid-1561                             E  Fail to get PackageManager
2025-12-09 12:18:27.041  1561-1662  ApplicationHelper       pid-1561                             E  Fail to get PackageManager
2025-12-09 12:18:27.041  1561-1662  ApplicationHelper       pid-1561                             E  Fail to get PackageManager
2025-12-09 12:18:27.041  1561-1662  ApplicationHelper       pid-1561                             E  Fail to get PackageManager
2025-12-09 12:18:27.041  1561-1662  ApplicationHelper       pid-1561                             E  Fail to get PackageManager
2025-12-09 12:18:27.041  1561-1662  ApplicationHelper       pid-1561                             E  Fail to get PackageManager
2025-12-09 12:18:27.041  1561-1662  ApplicationHelper       pid-1561                             E  Fail to get PackageManager
2025-12-09 12:18:27.041  1561-1662  ApplicationHelper       pid-1561                             E  Fail to get PackageManager
2025-12-09 12:18:27.041  1561-1662  ApplicationHelper       pid-1561                             E  Fail to get PackageManager
2025-12-09 12:18:27.041  1561-1662  ApplicationHelper       pid-1561                             E  Fail to get PackageManager
2025-12-09 12:18:27.041  1561-1662  ApplicationHelper       pid-1561                             E  Fail to get PackageManager
2025-12-09 12:18:27.041  1561-1662  ApplicationHelper       pid-1561                             E  Fail to get PackageManager
2025-12-09 12:18:27.041  1561-1662  ApplicationHelper       pid-1561                             E  Fail to get PackageManager
2025-12-09 12:18:27.041  1561-1662  ApplicationHelper       pid-1561                             E  Fail to get PackageManager
2025-12-09 12:18:27.041  1561-1662  ApplicationHelper       pid-1561                             E  Fail to get PackageManager
2025-12-09 12:18:27.041  1561-1662  ApplicationHelper       pid-1561                             E  Fail to get PackageManager
2025-12-09 12:18:27.056  1561-1662  ApplicationHelper       pid-1561                             E  Fail to get PackageManager
2025-12-09 12:18:27.056  1561-1662  ApplicationHelper       pid-1561                             E  Fail to get PackageManager
2025-12-09 12:18:27.107  1561-1662  ApplicationHelper       pid-1561                             E  Fail to get PackageManager
2025-12-09 12:18:27.107  1561-1662  ApplicationHelper       pid-1561                             E  Fail to get PackageManager
2025-12-09 12:18:27.109  1561-1662  ApplicationHelper       pid-1561                             E  Fail to get PackageManager
2025-12-09 12:18:27.120  1561-1662  ApplicationHelper       pid-1561                             E  Fail to get PackageManager
2025-12-09 12:18:27.148 12833-12833 BoundBrokerSvc          pid-12833                            D  onUnbind: Intent { act=com.google.android.mdd.service.START dat=chimera-action:/... cmp=com.google.android.gms/.chimera.GmsBoundBrokerService }
2025-12-09 12:18:27.160  1561-12530 Role                    pid-1561                             W  Cannot get ApplicationInfo for default holder: com.google.android.apps.photos
2025-12-09 12:18:27.161  1561-1662  ApplicationHelper       pid-1561                             E  Fail to get PackageManager
2025-12-09 12:18:27.161  1561-1662  ApplicationHelper       pid-1561                             E  Fail to get PackageManager
2025-12-09 12:18:27.161  1561-1662  ApplicationHelper       pid-1561                             E  Fail to get PackageManager
2025-12-09 12:18:27.168 12833-20199 ModuleInitIntentOp      pid-12833                            W  Dropping unexpected action com.google.android.gms.phenotype.COMMITTED
2025-12-09 12:18:27.168   929-1013  hwcomposer              pid-929                              I  [HWCDisplay] [Display_0 (type:1)] fps:59.851288,dur:1002.48,max:17.55,min:15.68  
2025-12-09 12:18:27.170 12833-20120 ModuleInitIntentOp      pid-12833                            W  Dropping unexpected action com.google.android.gms.phenotype.COMMITTED
2025-12-09 12:18:27.171 12833-20120 ModuleInitIntentOp      pid-12833                            W  Dropping unexpected action com.google.android.gms.phenotype.COMMITTED
2025-12-09 12:18:27.173  1561-1662  ApplicationHelper       pid-1561                             E  Fail to get PackageManager
2025-12-09 12:18:27.173  1561-1662  ApplicationHelper       pid-1561                             E  Fail to get PackageManager
2025-12-09 12:18:27.173  1561-1662  ApplicationHelper       pid-1561                             E  Fail to get PackageManager
2025-12-09 12:18:27.174 12833-20202 SyncIntentOperation     pid-12833                            I  (REDACTED) Handling the intent: %s.
2025-12-09 12:18:27.180 20270-20362 PTCommittedOperation    pid-20270                            I  Receive new configuration for com.google.android.gms.findmydevice
2025-12-09 12:18:27.187 12833-20120 MdiSyncModule           pid-12833                            I  flag handling is skipping irrelevant intent.
2025-12-09 12:18:27.188 12833-20204 MlBenchmarkInstaller    pid-12833                            I  (REDACTED) Intent: %s
2025-12-09 12:18:27.189 12833-20204 MlBenchmarkInstaller    pid-12833                            I  (REDACTED) COMMITTED Extra package name: %s
2025-12-09 12:18:27.193 12833-20204 ModuleInitIntentOp      pid-12833                            W  Dropping unexpected action com.google.android.gms.phenotype.COMMITTED
2025-12-09 12:18:27.198 12833-20120 ModuleInitIntentOp      pid-12833                            W  Dropping unexpected action com.google.android.gms.phenotype.COMMITTED
2025-12-09 12:18:27.198 12833-20204 LocationHistory         pid-12833                            I  (REDACTED) [IntentOperation] Handling action %s
2025-12-09 12:18:27.200 12833-20120 GmsSyncPolicyEngine     pid-12833                            I  (REDACTED) Periodic sync %d disabled by policy, cancelled.
2025-12-09 12:18:27.202 12833-20120 GmsSyncPolicyEngine     pid-12833                            I  (REDACTED) Periodic sync %d disabled by policy, cancelled.
2025-12-09 12:18:27.208 12833-20202 SystemUpdate            pid-12833                            I  [Installation,ReceiverIntentOperation] System update management not enabled in this context. Ignoring intent: Intent { act=com.google.android.gms.phenotype.COMMITTED pkg=com.google.android.gms cmp=com.google.android.gms/.chimera.GmsIntentOperationService (has extras) }
2025-12-09 12:18:27.208 12833-20120 GmsSyncPolicyEngine     pid-12833                            I  (REDACTED) Periodic sync %d disabled by policy, cancelled.
2025-12-09 12:18:27.217  1021-1021  BufferQueueProducer     pid-1021                             I  [com.cdccreditsmart.app/com.cdccreditsmart.app.presentation.MainActivity#742](this:0xb4000073434600c8,id:-1,api:0,p:-1,c:1021) queueBuffer: fps=59.89 dur=1001.81 max=17.07 min=16.25
2025-12-09 12:18:27.221  1561-1662  ApplicationHelper       pid-1561                             E  Fail to get PackageManager
2025-12-09 12:18:27.239  1561-1662  ApplicationHelper       pid-1561                             E  Fail to get PackageManager
2025-12-09 12:18:27.239  1561-1662  ApplicationHelper       pid-1561                             E  Fail to get PackageManager
2025-12-09 12:18:27.239  1561-1662  ApplicationHelper       pid-1561                             E  Fail to get PackageManager
2025-12-09 12:18:27.247 12833-20200 EnterpriseLoader        pid-12833                            I  [ConditionsChecker] ZT config not present. [CONTEXT service_id=225 ]
2025-12-09 12:18:27.254  1561-1662  ApplicationHelper       pid-1561                             E  Fail to get PackageManager
2025-12-09 12:18:27.254  1561-1662  ApplicationHelper       pid-1561                             E  Fail to get PackageManager
2025-12-09 12:18:27.254  1561-1662  ApplicationHelper       pid-1561                             E  Fail to get PackageManager
2025-12-09 12:18:27.256  8105-12376 SettingsGuardService    pid-8105                             D   Activity check - Full: null, Simple: null
2025-12-09 12:18:27.263  1561-1662  ApplicationHelper       pid-1561                             E  Fail to get PackageManager
2025-12-09 12:18:27.270  1561-1662  ApplicationHelper       pid-1561                             E  Fail to get PackageManager
2025-12-09 12:18:27.270  1561-1662  ApplicationHelper       pid-1561                             E  Fail to get PackageManager
2025-12-09 12:18:27.270  1561-1662  ApplicationHelper       pid-1561                             E  Fail to get PackageManager
2025-12-09 12:18:27.270  1561-1662  ApplicationHelper       pid-1561                             E  Fail to get PackageManager
2025-12-09 12:18:27.270  1561-1662  ApplicationHelper       pid-1561                             E  Fail to get PackageManager
2025-12-09 12:18:27.298 14361-14361 ContactsAp...anagerImpl pid-14361                            I  [onReceive]intent = Intent { act=android.intent.action.PACKAGE_CHANGED dat=package: flg=0x45000010 (has extras) }
2025-12-09 12:18:27.298 14361-14361 ContactsAp...anagerImpl pid-14361                            I  [onReceive]intent  end
2025-12-09 12:18:27.301 16028-16028 ContactsAp...anagerImpl pid-16028                            I  [onReceive]intent = Intent { act=android.intent.action.PACKAGE_CHANGED dat=package: flg=0x45000010 (has extras) }
2025-12-09 12:18:27.302 16028-16028 ContactsAp...anagerImpl pid-16028                            I  [onReceive]intent  end
2025-12-09 12:18:27.302 14361-19976 ContactsAp...anagerImpl pid-14361                            I  loadAccountTypes.call()
2025-12-09 12:18:27.302 14361-19976 ContactsAp...anagerImpl pid-14361                            I  getAccountsWithDataSets() count=0
2025-12-09 12:18:27.302 14361-19976 ContactsAp...anagerImpl pid-14361                            I  getAccountsWithDataSets() count=0
2025-12-09 12:18:27.305 14361-20375 ContactsAp...untLocator pid-14361                            I  getDeviceLocalAccounts() size: before=0, after=1
2025-12-09 12:18:27.305 16028-19977 ContactsAp...anagerImpl pid-16028                            I  loadAccountTypes.call()
2025-12-09 12:18:27.305 16028-19977 ContactsAp...anagerImpl pid-16028                            I  getAccountsWithDataSets() count=0
2025-12-09 12:18:27.305 16028-19977 ContactsAp...anagerImpl pid-16028                            I  getAccountsWithDataSets() count=0
2025-12-09 12:18:27.306 14361-14361 ContactsAp...anagerImpl pid-14361                            I  [FutureCallback] AccountWithDataSet:P*o*e
