2026-01-27 18:19:54.774 14631-18530 okhttp.OkHttpClient     com.cdccreditsmart.app               I  content-security-policy: default-src 'self'; script-src 'self' 'unsafe-inline' 'unsafe-eval' https://replit.com; style-src 'self' 'unsafe-inline' https://replit.com; img-src 'self' data: https:; font-src 'self' data: https://replit.com; connect-src 'self';
2026-01-27 18:19:54.774 14631-18530 okhttp.OkHttpClient     com.cdccreditsmart.app               I  content-type: application/json; charset=utf-8
2026-01-27 18:19:54.775 14631-14653 OpenGLRenderer          com.cdccreditsmart.app               I  Davey! duration=1286ms; Flags=0, FrameTimelineVsyncId=755632, IntendedVsync=3677457903549, Vsync=3677502329273, InputEventId=0, HandleInputStart=3677508201407, AnimationStart=3677508209600, PerformTraversalsStart=3678115382599, DrawStart=3678115688907, FrameDeadline=3677514442236, FrameInterval=3677508148177, FrameStartTime=11106431, SyncQueued=3678507458830, SyncStart=3678508386830, IssueDrawCommandsStart=3678508629945, SwapBuffers=3678524602214, FrameCompleted=3678745221830, DequeueBufferDuration=28923, QueueBufferDuration=505577, GpuCompleted=3678533355753, SwapBuffersCompleted=3678745221830, DisplayPresentTime=3673813599487, CommandSubmissionCompleted=3678524602214, 
2026-01-27 18:19:54.776 14631-18530 okhttp.OkHttpClient     com.cdccreditsmart.app               I  date: Tue, 27 Jan 2026 21:19:54 GMT
2026-01-27 18:19:54.776 14631-18530 okhttp.OkHttpClient     com.cdccreditsmart.app               I  etag: W/"148-W5J1oUTiXm4EEqWTCSllQ09Pt1c"
2026-01-27 18:19:54.776 14631-18530 okhttp.OkHttpClient     com.cdccreditsmart.app               I  permissions-policy: geolocation=(), microphone=(), camera=()
2026-01-27 18:19:54.776 14631-18530 okhttp.OkHttpClient     com.cdccreditsmart.app               I  referrer-policy: strict-origin-when-cross-origin
2026-01-27 18:19:54.776 14631-18530 okhttp.OkHttpClient     com.cdccreditsmart.app               I  strict-transport-security: max-age=63072000; includeSubDomains
2026-01-27 18:19:54.777 14631-18530 okhttp.OkHttpClient     com.cdccreditsmart.app               I  strict-transport-security: max-age=31536000; includeSubDomains
2026-01-27 18:19:54.777 14631-18530 okhttp.OkHttpClient     com.cdccreditsmart.app               I  x-anti-fraud-protection: active
2026-01-27 18:19:54.777 14631-18530 okhttp.OkHttpClient     com.cdccreditsmart.app               I  x-certificate-pinning-enabled: false
2026-01-27 18:19:54.777 14631-18530 okhttp.OkHttpClient     com.cdccreditsmart.app               I  x-certificate-pinning-status: disabled-for-stability
2026-01-27 18:19:54.777 14631-18530 okhttp.OkHttpClient     com.cdccreditsmart.app               I  x-content-type-options: nosniff
2026-01-27 18:19:54.777 14631-18530 okhttp.OkHttpClient     com.cdccreditsmart.app               I  x-financial-data-protection: enabled
2026-01-27 18:19:54.778 14631-18530 okhttp.OkHttpClient     com.cdccreditsmart.app               I  x-frame-options: DENY
2026-01-27 18:19:54.778 14631-18530 okhttp.OkHttpClient     com.cdccreditsmart.app               I  x-transaction-security-level: maximum
2026-01-27 18:19:54.778 14631-18530 okhttp.OkHttpClient     com.cdccreditsmart.app               I  x-xss-protection: 1; mode=block
2026-01-27 18:19:54.778 14631-18530 okhttp.OkHttpClient     com.cdccreditsmart.app               I  via: 1.1 google
2026-01-27 18:19:54.778 14631-18530 okhttp.OkHttpClient     com.cdccreditsmart.app               I  alt-svc: h3=":443"; ma=2592000,h3-29=":443"; ma=2592000
2026-01-27 18:19:54.789 14631-14821 OpenGLRenderer          com.cdccreditsmart.app               I  Davey! duration=1023ms; Flags=0, FrameTimelineVsyncId=755686, IntendedVsync=3677513424180, Vsync=3678501885503, InputEventId=0, HandleInputStart=3678513660714, AnimationStart=3678513668099, PerformTraversalsStart=3678523965214, DrawStart=3678524261330, FrameDeadline=3678547338467, FrameInterval=3678512521214, FrameStartTime=11106307, SyncQueued=3678524555022, SyncStart=3678745429022, IssueDrawCommandsStart=3678745534676, SwapBuffers=3678748355253, FrameCompleted=3678757895983, DequeueBufferDuration=16807, QueueBufferDuration=438231, GpuCompleted=3678757895983, SwapBuffersCompleted=3678753913445, DisplayPresentTime=3673830292218, CommandSubmissionCompleted=3678748355253, 
2026-01-27 18:19:54.792 14631-18530 okhttp.OkHttpClient     com.cdccreditsmart.app               I  {"success":true,"requiresBackendRevalidation":false,"phoneNumbersProcessed":false,"complianceStatus":"OK","expectedBlockLevel":0,"message":"Device compliant","complianceConfig":{"maxComplianceCorrections":3,"correctionWindowMinutes":30,"autoBlockOnLimitReached":true,"enableDetailedTelemetry":true,"telemetryIntervalMinutes":5}}
2026-01-27 18:19:54.793 14631-18530 okhttp.OkHttpClient     com.cdccreditsmart.app               I  <-- END HTTP (328-byte body)
2026-01-27 18:19:54.817 14631-14772 CdcForegroundService    com.cdccreditsmart.app               I  ðŸ”„ Resposta do backend:
2026-01-27 18:19:54.821 14631-14772 CdcForegroundService    com.cdccreditsmart.app               I  ðŸ”„    complianceStatus: OK
2026-01-27 18:19:54.841 14631-14772 CdcForegroundService    com.cdccreditsmart.app               I  ðŸ”„    expectedBlockLevel: 0
2026-01-27 18:19:54.846 14631-14772 CdcForegroundService    com.cdccreditsmart.app               I  ðŸ”„    currentLocalLevel: 0
2026-01-27 18:19:54.846 14631-14772 CdcForegroundService    com.cdccreditsmart.app               I  ðŸ”„ âœ… Dispositivo CONFORME - nÃ­vel correto (0)
2026-01-27 18:19:54.846 14631-14772 CdcForegroundService    com.cdccreditsmart.app               I  ðŸ”„ ========================================
2026-01-27 18:19:54.846 14631-14772 CdcForegroundService    com.cdccreditsmart.app               I  âœ… Todos os serviÃ§os MDM inicializados com sucesso
2026-01-27 18:19:55.785 14631-14642 creditsmart.app         com.cdccreditsmart.app               I  Compiler allocated 6326KB to compile void com.cdccreditsmart.app.presentation.screens.terms.TermsAcceptanceScreenKt.TermsAcceptanceScreen(java.lang.String, kotlin.jvm.functions.Function0, androidx.compose.runtime.Composer, int)
2026-01-27 18:19:56.147 14631-14631 TermsAcceptanceStorage  com.cdccreditsmart.app               I  Salvando aceitaÃ§Ã£o de termos vv2.1 para contrato QJ3H4MKG
2026-01-27 18:19:56.623 14631-14631 SecureTokenStorage      com.cdccreditsmart.app               D  âœ… Usando IMEI para MDM: 8608***718
2026-01-27 18:19:56.635 14631-14631 NetworkConnectivity     com.cdccreditsmart.app               D  âœ… Conectado via WiFi com internet
2026-01-27 18:19:56.635 14631-14631 SimpleHomeViewModel     com.cdccreditsmart.app               D  ðŸ“¡ Fetching device installments from /api/apk/device/installments...
2026-01-27 18:19:57.583 14631-18886 SimpleHomeViewModel     com.cdccreditsmart.app               D  âœ… Added Authorization header with token
2026-01-27 18:19:57.592 14631-18886 SecureTokenStorage      com.cdccreditsmart.app               D  âœ… Usando IMEI para MDM: 8608***718
2026-01-27 18:19:57.605 14631-18886 SimpleHomeViewModel     com.cdccreditsmart.app               D  ðŸ“± Added X-Device-IMEI header
2026-01-27 18:19:57.605 14631-18886 SimpleHomeViewModel     com.cdccreditsmart.app               D  ðŸ“± Added X-Device-SerialNumber header
2026-01-27 18:19:57.605 14631-18886 SimpleHomeViewModel     com.cdccreditsmart.app               D  ðŸ“± Added X-Device-ID header
2026-01-27 18:19:57.605 14631-18886 SimpleHomeViewModel     com.cdccreditsmart.app               D  ðŸ“¤ Request URL: https://cdccreditsmart.com/api/apk/device/installments
2026-01-27 18:19:57.637 14631-18886 TrafficStats            com.cdccreditsmart.app               D  tagSocket(155) with statsTag=0xffffffff, statsUid=-1
2026-01-27 18:19:57.638 14631-14631 Choreographer           com.cdccreditsmart.app               I  Skipped 66 frames!  The application may be doing too much work on its main thread.
2026-01-27 18:19:58.618 14631-18886 SimpleHomeViewModel     com.cdccreditsmart.app               D  ðŸ“¥ Response Code: 200
2026-01-27 18:19:58.735 14631-14631 SimpleHomeViewModel     com.cdccreditsmart.app               D  âœ… Successfully fetched installments data
2026-01-27 18:19:58.735 14631-14631 SimpleHomeViewModel     com.cdccreditsmart.app               D  ðŸ“Š Device: REALME Note 60x
2026-01-27 18:19:58.735 14631-14631 SimpleHomeViewModel     com.cdccreditsmart.app               D  ðŸ“Š Total installments: 4
2026-01-27 18:19:58.735 14631-14631 SimpleHomeViewModel     com.cdccreditsmart.app               D  ðŸ“Š Paid: 0
2026-01-27 18:19:58.735 14631-14631 SimpleHomeViewModel     com.cdccreditsmart.app               D  ðŸ“Š Overdue: 0
2026-01-27 18:19:58.735 14631-14631 SimpleHomeViewModel     com.cdccreditsmart.app               D  ðŸ“Š All installments count: 4
2026-01-27 18:19:58.735 14631-14631 SimpleHomeViewModel     com.cdccreditsmart.app               D  ðŸ“‹ Parcela #1: status=pending, isPaid=false, dueDate=2026-02-07T03:01:36.146Z
2026-01-27 18:19:58.735 14631-14631 SimpleHomeViewModel     com.cdccreditsmart.app               D  ðŸ“‹ Parcela #2: status=pending, isPaid=false, dueDate=2026-02-22T03:01:36.146Z
2026-01-27 18:19:58.736 14631-14631 SimpleHomeViewModel     com.cdccreditsmart.app               D  ðŸ“‹ Parcela #3: status=pending, isPaid=false, dueDate=2026-03-09T03:01:36.146Z
2026-01-27 18:19:58.736 14631-14631 SimpleHomeViewModel     com.cdccreditsmart.app               D  ðŸ“‹ Parcela #4: status=pending, isPaid=false, dueDate=2026-03-24T03:01:36.146Z
2026-01-27 18:19:58.736 14631-14631 SimpleHomeViewModel     com.cdccreditsmart.app               I  ðŸ’¾ Salvando dados do cliente no storage - CustomerName: 'null', DeviceModel: 'REALME Note 60x'
2026-01-27 18:19:58.737 14631-14631 SecureTokenStorage      com.cdccreditsmart.app               D  ðŸ’¾ Salvando customer info - Name: null, Device: REALME Note 60x
2026-01-27 18:19:58.737 14631-14631 SecureTokenStorage      com.cdccreditsmart.app               W  âš ï¸ CustomerName vazio/null - nÃ£o salvando
2026-01-27 18:19:58.746 14631-14631 SecureTokenStorage      com.cdccreditsmart.app               D  âœ… DeviceModel salvo: REALME Note 60x
2026-01-27 18:19:58.747 14631-14631 SecureTokenStorage      com.cdccreditsmart.app               I  âœ… Customer info saved successfully!
2026-01-27 18:19:59.362 14631-14631 LocalInstallmentStorage com.cdccreditsmart.app               I  âœ… 4 parcelas salvas localmente (contrato: QJ3H4MKG)
2026-01-27 18:19:59.362 14631-14631 SimpleHomeViewModel     com.cdccreditsmart.app               I  âœ… 4 parcelas salvas localmente
2026-01-27 18:19:59.362 14631-14631 SimpleHomeViewModel     com.cdccreditsmart.app               I     â†’ 0 pagas
2026-01-27 18:19:59.362 14631-14631 SimpleHomeViewModel     com.cdccreditsmart.app               I     â†’ 4 pendentes
2026-01-27 18:19:59.362 14631-14631 SimpleHomeViewModel     com.cdccreditsmart.app               I     â†’ 0 em atraso
2026-01-27 18:19:59.362 14631-14631 SimpleHomeViewModel     com.cdccreditsmart.app               I     â†’ Dados disponÃ­veis para overlay e offline blocking
2026-01-27 18:19:59.362 14631-14631 SimpleHomeViewModel     com.cdccreditsmart.app               I  ðŸ’¾ Cache atualizado - prÃ³ximo acesso usarÃ¡ cache por 900s
2026-01-27 18:19:59.364 14631-14631 Choreographer           com.cdccreditsmart.app               I  Skipped 39 frames!  The application may be doing too much work on its main thread.
2026-01-27 18:19:59.468 14631-14631 SecureTokenStorage      com.cdccreditsmart.app               D  ðŸ“– Lendo customerName: Marcos Antunes
2026-01-27 18:19:59.486 14631-14631 SecureTokenStorage      com.cdccreditsmart.app               D  ðŸ“– Lendo deviceModel: REALME Note 60x
2026-01-27 18:20:00.110 14631-14631 Choreographer           com.cdccreditsmart.app               I  Skipped 43 frames!  The application may be doing too much work on its main thread.
2026-01-27 18:20:00.110 14631-14772 SupportRepository       com.cdccreditsmart.app               I  ðŸ“¡ Buscando dados de contato do servidor...
2026-01-27 18:20:00.190 14631-14772 creditsmart.app         com.cdccreditsmart.app               W  Weak pointer dereference blocked for 11 milliseconds.
2026-01-27 18:20:00.667 14631-18530 okhttp.OkHttpClient     com.cdccreditsmart.app               I  --> GET https://cdccreditsmart.com/v1/support/contact
2026-01-27 18:20:00.667 14631-18530 okhttp.OkHttpClient     com.cdccreditsmart.app               I  --> END GET
2026-01-27 18:20:00.854 14631-14643 creditsmart.app         com.cdccreditsmart.app               I  Background concurrent mark compact GC freed 381017(17MB) AllocSpace objects, 55(2512KB) LOS objects, 61% free, 14MB/38MB, paused 27.874ms,9ms total 895.284ms
2026-01-27 18:20:01.133 14631-14631 Choreographer           com.cdccreditsmart.app               I  Skipped 60 frames!  The application may be doing too much work on its main thread.
2026-01-27 18:20:01.150 14631-14821 OpenGLRenderer          com.cdccreditsmart.app               I  Davey! duration=2436ms; Flags=0, FrameTimelineVsyncId=757145, IntendedVsync=3682676073081, Vsync=3683325715620, InputEventId=0, HandleInputStart=3683342093826, AnimationStart=3683342099557, PerformTraversalsStart=3683374535711, DrawStart=3683375046749, FrameDeadline=3682742717652, FrameInterval=3683341613557, FrameStartTime=16657501, SyncQueued=3684082911133, SyncStart=3684083174133, IssueDrawCommandsStart=3684083784595, SwapBuffers=3685104274671, FrameCompleted=3685113290287, DequeueBufferDuration=41038, QueueBufferDuration=698308, GpuCompleted=3685113290287, SwapBuffersCompleted=3685108483864, DisplayPresentTime=3678861217099, CommandSubmissionCompleted=3685104274671, 
2026-01-27 18:20:01.153 14631-18530 okhttp.OkHttpClient     com.cdccreditsmart.app               I  <-- 200 https://cdccreditsmart.com/v1/support/contact (484ms)
2026-01-27 18:20:01.153 14631-18530 okhttp.OkHttpClient     com.cdccreditsmart.app               I  access-control-allow-credentials: true
2026-01-27 18:20:01.153 14631-18530 okhttp.OkHttpClient     com.cdccreditsmart.app               I  access-control-allow-headers: Origin, X-Requested-With, Content-Type, Accept, Authorization, x-client-key, x-client-token, x-client-secret, cache-control
2026-01-27 18:20:01.154 14631-18530 okhttp.OkHttpClient     com.cdccreditsmart.app               I  access-control-allow-methods: GET, POST, PUT, PATCH, DELETE, OPTIONS
2026-01-27 18:20:01.154 14631-18530 okhttp.OkHttpClient     com.cdccreditsmart.app               I  access-control-allow-origin: *
2026-01-27 18:20:01.154 14631-18530 okhttp.OkHttpClient     com.cdccreditsmart.app               I  access-control-max-age: 86400
2026-01-27 18:20:01.154 14631-18530 okhttp.OkHttpClient     com.cdccreditsmart.app               I  content-length: 111
2026-01-27 18:20:01.154 14631-18530 okhttp.OkHttpClient     com.cdccreditsmart.app               I  content-security-policy: default-src 'self'; script-src 'self' 'unsafe-inline' 'unsafe-eval' https://replit.com; style-src 'self' 'unsafe-inline' https://replit.com; img-src 'self' data: https:; font-src 'self' data: https://replit.com; connect-src 'self';
2026-01-27 18:20:01.154 14631-18530 okhttp.OkHttpClient     com.cdccreditsmart.app               I  content-type: application/json; charset=utf-8
2026-01-27 18:20:01.154 14631-18530 okhttp.OkHttpClient     com.cdccreditsmart.app               I  date: Tue, 27 Jan 2026 21:20:00 GMT
2026-01-27 18:20:01.154 14631-18530 okhttp.OkHttpClient     com.cdccreditsmart.app               I  etag: W/"6f-ar1ZGdhbShZ7SAODOF+BTA5O768"
2026-01-27 18:20:01.154 14631-18530 okhttp.OkHttpClient     com.cdccreditsmart.app               I  permissions-policy: geolocation=(), microphone=(), camera=()
2026-01-27 18:20:01.154 14631-18530 okhttp.OkHttpClient     com.cdccreditsmart.app               I  referrer-policy: strict-origin-when-cross-origin
2026-01-27 18:20:01.154 14631-18530 okhttp.OkHttpClient     com.cdccreditsmart.app               I  strict-transport-security: max-age=63072000; includeSubDomains
2026-01-27 18:20:01.155 14631-18530 okhttp.OkHttpClient     com.cdccreditsmart.app               I  strict-transport-security: max-age=31536000; includeSubDomains
2026-01-27 18:20:01.155 14631-18530 okhttp.OkHttpClient     com.cdccreditsmart.app               I  x-anti-fraud-protection: active
2026-01-27 18:20:01.155 14631-18530 okhttp.OkHttpClient     com.cdccreditsmart.app               I  x-certificate-pinning-enabled: false
2026-01-27 18:20:01.155 14631-18530 okhttp.OkHttpClient     com.cdccreditsmart.app               I  x-certificate-pinning-status: disabled-for-stability
2026-01-27 18:20:01.155 14631-18530 okhttp.OkHttpClient     com.cdccreditsmart.app               I  x-content-type-options: nosniff
2026-01-27 18:20:01.155 14631-18530 okhttp.OkHttpClient     com.cdccreditsmart.app               I  x-financial-data-protection: enabled
2026-01-27 18:20:01.155 14631-18530 okhttp.OkHttpClient     com.cdccreditsmart.app               I  x-frame-options: DENY
2026-01-27 18:20:01.155 14631-18530 okhttp.OkHttpClient     com.cdccreditsmart.app               I  x-transaction-security-level: maximum
2026-01-27 18:20:01.155 14631-18530 okhttp.OkHttpClient     com.cdccreditsmart.app               I  x-xss-protection: 1; mode=block
2026-01-27 18:20:01.155 14631-18530 okhttp.OkHttpClient     com.cdccreditsmart.app               I  via: 1.1 google
2026-01-27 18:20:01.156 14631-18530 okhttp.OkHttpClient     com.cdccreditsmart.app               I  alt-svc: h3=":443"; ma=2592000,h3-29=":443"; ma=2592000
2026-01-27 18:20:01.162 14631-18530 okhttp.OkHttpClient     com.cdccreditsmart.app               I  {"phone":"(85) 98188-8810","whatsapp":"(85) 98188-8810","contactLink":"https://www.cdccreditsmart.com/contato"}
2026-01-27 18:20:01.162 14631-18530 okhttp.OkHttpClient     com.cdccreditsmart.app               I  <-- END HTTP (111-byte body)
2026-01-27 18:20:01.178 14631-14772 SupportRepository       com.cdccreditsmart.app               I  âœ… Dados de contato atualizados: phone=true, whatsapp=true, link=true
2026-01-27 18:20:15.233 14631-14772 MdmCommandReceiver      com.cdccreditsmart.app               D  ðŸ’“ WebSocket desconectado, parando ping
2026-01-27 18:20:15.233 14631-14772 MdmCommandReceiver      com.cdccreditsmart.app               D  ðŸ’“ Ping job encerrado
2026-01-27 18:20:19.603 14631-14631 WebSocketManager        com.cdccreditsmart.app               D  Heartbeat ping sent
2026-01-27 18:20:19.702 14631-14631 SecureTokenStorage      com.cdccreditsmart.app               D  ðŸ“– Lendo customerName: Marcos Antunes
2026-01-27 18:20:19.709 14631-14631 SecureTokenStorage      com.cdccreditsmart.app               D  ðŸ“– Lendo deviceModel: REALME Note 60x
2026-01-27 18:20:19.825 14631-18086 WebSocketManager        com.cdccreditsmart.app               D  Message received: {"type":"pong","timestamp":"2026-01-27T21:20:19.140Z"}...
2026-01-27 18:20:19.839 14631-18086 WebSocketManager        com.cdccreditsmart.app               D  Received message type: pong
2026-01-27 18:20:19.839 14631-18086 WebSocketManager        com.cdccreditsmart.app               D  Pong received
2026-01-27 18:20:19.885 14631-14642 creditsmart.app         com.cdccreditsmart.app               I  Compiler allocated 4654KB to compile kotlin.Unit com.cdccreditsmart.app.presentation.screens.home.ModernHomeScreenKt.HeroHeaderCard$lambda$0(android.content.Context, java.lang.String, java.lang.String, java.lang.String, kotlin.jvm.functions.Function0, kotlin.jvm.functions.Function0, kotlin.jvm.functions.Function0, com.cdccreditsmart.app.support.SupportContactData, kotlin.jvm.functions.Function0, androidx.compose.foundation.layout.ColumnScope, androidx.compose.runtime.Composer, int)
2026-01-27 18:20:20.093 14631-14772 SupportRepository       com.cdccreditsmart.app               D  âœ… Retornando contato do cache local
2026-01-27 18:20:23.194 14631-14772 MdmCommandReceiver      com.cdccreditsmart.app               I  ðŸ” [Polling #2] Verificando comandos pendentes...
2026-01-27 18:20:23.214 14631-14772 SecureTokenStorage      com.cdccreditsmart.app               D  âœ… Usando IMEI para MDM: 8608***718
2026-01-27 18:20:23.214 14631-14772 MdmCommandReceiver      com.cdccreditsmart.app               I  ðŸ” ========================================
2026-01-27 18:20:23.214 14631-14772 MdmCommandReceiver      com.cdccreditsmart.app               I  ðŸ” BUSCANDO COMANDOS PENDENTES
2026-01-27 18:20:23.214 14631-14772 MdmCommandReceiver      com.cdccreditsmart.app               I  ðŸ” ========================================
2026-01-27 18:20:23.214 14631-14772 MdmCommandReceiver      com.cdccreditsmart.app               I  ðŸ” Identifier: 860875074339718
2026-01-27 18:20:23.214 14631-14772 MdmCommandReceiver      com.cdccreditsmart.app               I  ðŸ” Endpoint: GET /api/apk/device/860875074339718/commands
2026-01-27 18:20:23.242 14631-14772 MdmCommandReceiver      com.cdccreditsmart.app               D  ðŸ” Executando requisiÃ§Ã£o HTTP (timeout: 15s)...
2026-01-27 18:20:23.317 14631-18530 okhttp.OkHttpClient     com.cdccreditsmart.app               I  --> GET https://cdccreditsmart.com/api/apk/device/860875074339718/commands
2026-01-27 18:20:23.318 14631-18530 okhttp.OkHttpClient     com.cdccreditsmart.app               I  --> END GET
2026-01-27 18:20:23.458 14631-14631 Compatibil...geReporter com.cdccreditsmart.app               D  Compat change id reported: 147798919; UID 10263; state: ENABLED
2026-01-27 18:20:24.280 14631-14631 Choreographer           com.cdccreditsmart.app               I  Skipped 38 frames!  The application may be doing too much work on its main thread.
2026-01-27 18:20:24.304 14631-14821 OpenGLRenderer          com.cdccreditsmart.app               I  Davey! duration=1066ms; Flags=0, FrameTimelineVsyncId=759805, IntendedVsync=3707190927479, Vsync=3707557315633, InputEventId=728286013, HandleInputStart=3707568652617, AnimationStart=3707568707347, PerformTraversalsStart=3707568711424, DrawStart=3707568976386, FrameDeadline=3707207594146, FrameInterval=3707568321617, FrameStartTime=16654007, SyncQueued=3707614180694, SyncStart=3707614322732, IssueDrawCommandsStart=3707614496040, SwapBuffers=3708244327308, FrameCompleted=3708257527616, DequeueBufferDuration=20423, QueueBufferDuration=965307, GpuCompleted=3708257527616, SwapBuffersCompleted=3708252442385, DisplayPresentTime=3691718245974, CommandSubmissionCompleted=3708244327308, 
2026-01-27 18:20:24.341 14631-18530 okhttp.OkHttpClient     com.cdccreditsmart.app               I  <-- 200 https://cdccreditsmart.com/api/apk/device/860875074339718/commands (1022ms)
2026-01-27 18:20:24.341 14631-18530 okhttp.OkHttpClient     com.cdccreditsmart.app               I  access-control-allow-credentials: true
2026-01-27 18:20:24.341 14631-18530 okhttp.OkHttpClient     com.cdccreditsmart.app               I  access-control-allow-headers: Origin, X-Requested-With, Content-Type, Accept, Authorization, x-client-key, x-client-token, x-client-secret, cache-control
2026-01-27 18:20:24.341 14631-18530 okhttp.OkHttpClient     com.cdccreditsmart.app               I  access-control-allow-methods: GET, POST, PUT, PATCH, DELETE, OPTIONS
2026-01-27 18:20:24.341 14631-18530 okhttp.OkHttpClient     com.cdccreditsmart.app               I  access-control-allow-origin: *
2026-01-27 18:20:24.341 14631-18530 okhttp.OkHttpClient     com.cdccreditsmart.app               I  access-control-max-age: 86400
2026-01-27 18:20:24.341 14631-18530 okhttp.OkHttpClient     com.cdccreditsmart.app               I  content-length: 104
2026-01-27 18:20:24.341 14631-18530 okhttp.OkHttpClient     com.cdccreditsmart.app               I  content-security-policy: default-src 'self'; script-src 'self' 'unsafe-inline' 'unsafe-eval' https://replit.com; style-src 'self' 'unsafe-inline' https://replit.com; img-src 'self' data: https:; font-src 'self' data: https://replit.com; connect-src 'self';
2026-01-27 18:20:24.342 14631-18530 okhttp.OkHttpClient     com.cdccreditsmart.app               I  content-type: application/json; charset=utf-8
2026-01-27 18:20:24.342 14631-18530 okhttp.OkHttpClient     com.cdccreditsmart.app               I  date: Tue, 27 Jan 2026 21:20:23 GMT
2026-01-27 18:20:24.342 14631-18530 okhttp.OkHttpClient     com.cdccreditsmart.app               I  etag: W/"68-1BzkVNqHEsu0XlMenwYbbDRd04w"
2026-01-27 18:20:24.342 14631-18530 okhttp.OkHttpClient     com.cdccreditsmart.app               I  permissions-policy: geolocation=(), microphone=(), camera=()
2026-01-27 18:20:24.342 14631-18530 okhttp.OkHttpClient     com.cdccreditsmart.app               I  referrer-policy: strict-origin-when-cross-origin
2026-01-27 18:20:24.343 14631-18530 okhttp.OkHttpClient     com.cdccreditsmart.app               I  strict-transport-security: max-age=63072000; includeSubDomains
2026-01-27 18:20:24.343 14631-18530 okhttp.OkHttpClient     com.cdccreditsmart.app               I  strict-transport-security: max-age=31536000; includeSubDomains
2026-01-27 18:20:24.343 14631-18530 okhttp.OkHttpClient     com.cdccreditsmart.app               I  x-anti-fraud-protection: active
2026-01-27 18:20:24.343 14631-18530 okhttp.OkHttpClient     com.cdccreditsmart.app               I  x-certificate-pinning-enabled: false
2026-01-27 18:20:24.343 14631-18530 okhttp.OkHttpClient     com.cdccreditsmart.app               I  x-certificate-pinning-status: disabled-for-stability
2026-01-27 18:20:24.343 14631-18530 okhttp.OkHttpClient     com.cdccreditsmart.app               I  x-content-type-options: nosniff
2026-01-27 18:20:24.343 14631-18530 okhttp.OkHttpClient     com.cdccreditsmart.app               I  x-financial-data-protection: enabled
2026-01-27 18:20:24.343 14631-18530 okhttp.OkHttpClient     com.cdccreditsmart.app               I  x-frame-options: DENY
2026-01-27 18:20:24.343 14631-18530 okhttp.OkHttpClient     com.cdccreditsmart.app               I  x-transaction-security-level: maximum
2026-01-27 18:20:24.343 14631-18530 okhttp.OkHttpClient     com.cdccreditsmart.app               I  x-xss-protection: 1; mode=block
2026-01-27 18:20:24.344 14631-18530 okhttp.OkHttpClient     com.cdccreditsmart.app               I  via: 1.1 google
2026-01-27 18:20:24.344 14631-18530 okhttp.OkHttpClient     com.cdccreditsmart.app               I  alt-svc: h3=":443"; ma=2592000,h3-29=":443"; ma=2592000
2026-01-27 18:20:24.345 14631-18530 okhttp.OkHttpClient     com.cdccreditsmart.app               I  {"deviceId":"device_1769137280282_l7srjesg25","serialNumber":"QJ3H4MKG","commandsCount":0,"commands":[]}
2026-01-27 18:20:24.345 14631-18530 okhttp.OkHttpClient     com.cdccreditsmart.app               I  <-- END HTTP (104-byte body)
2026-01-27 18:20:24.368 14631-14772 MdmCommandReceiver      com.cdccreditsmart.app               I  ðŸ” HTTP Response code: 200
2026-01-27 18:20:24.369 14631-14772 MdmCommandReceiver      com.cdccreditsmart.app               I  ðŸ” HTTP isSuccessful: true
2026-01-27 18:20:24.369 14631-14772 MdmCommandReceiver      com.cdccreditsmart.app               I  ðŸ” Response body deviceId: device_1769137280282_l7srjesg25
2026-01-27 18:20:24.369 14631-14772 MdmCommandReceiver      com.cdccreditsmart.app               I  ðŸ” Response body serialNumber: QJ3H4MKG
2026-01-27 18:20:24.369 14631-14772 MdmCommandReceiver      com.cdccreditsmart.app               I  ðŸ” Total de comandos: 0
2026-01-27 18:20:24.369 14631-14772 MdmCommandReceiver      com.cdccreditsmart.app               D  âœ… Nenhum comando pendente no servidor
2026-01-27 18:20:24.369 14631-14772 MdmCommandReceiver      com.cdccreditsmart.app               D  ðŸ“Š Fetch duration: 1155ms
2026-01-27 18:20:40.586 15614-15663 Compatibil...geReporter com.cdccreditsmart.app               D  Compat change id reported: 150939131; UID 1410263; state: ENABLED
2026-01-27 18:20:41.944 14631-14631 creditsmart.app         com.cdccreditsmart.app               W  Verification of void androidx.compose.material3.ModalBottomSheetKt.ModalBottomSheet-dYc4hso(kotlin.jvm.functions.Function0, androidx.compose.ui.Modifier, androidx.compose.material3.SheetState, float, androidx.compose.ui.graphics.Shape, long, long, float, long, kotlin.jvm.functions.Function2, kotlin.jvm.functions.Function2, androidx.compose.material3.ModalBottomSheetProperties, kotlin.jvm.functions.Function3, androidx.compose.runtime.Composer, int, int, int) took 153.929ms (9134.06 bytecodes/s) (46664B approximate peak alloc)
2026-01-27 18:20:42.695 14631-14775 OpenGLRenderer          com.cdccreditsmart.app               E  Unable to match the desired swap behavior.
2026-01-27 18:20:42.730 14631-20452 mali_gralloc            com.cdccreditsmart.app               D  register: id=335000007bc, handle=0xb4000078dc5ecaf0, importpid=-1, gRegisteredHandles=4
2026-01-27 18:20:42.735 14631-20452 mali_gralloc            com.cdccreditsmart.app               D  register: id=335000007bd, handle=0xb4000078dc5ebfb0, importpid=-1, gRegisteredHandles=5
2026-01-27 18:20:42.775 14631-20452 mali_gralloc            com.cdccreditsmart.app               D  register: id=335000007be, handle=0xb4000078dc5ed3f0, importpid=-1, gRegisteredHandles=6
2026-01-27 18:20:42.779 14631-20452 mali_gralloc            com.cdccreditsmart.app               D  register: id=335000007bf, handle=0xb4000078dc5e1030, importpid=-1, gRegisteredHandles=7
2026-01-27 18:20:42.792 14631-14631 Choreographer           com.cdccreditsmart.app               I  Skipped 30 frames!  The application may be doing too much work on its main thread.
2026-01-27 18:20:42.803 14631-15509 OpenGLRenderer          com.cdccreditsmart.app               I  Davey! duration=1068ms; Flags=1, FrameTimelineVsyncId=766606, IntendedVsync=3725693709255, Vsync=3725743671756, InputEventId=0, HandleInputStart=3725746560604, AnimationStart=3725746621181, PerformTraversalsStart=3726318123949, DrawStart=3726722450411, FrameDeadline=3725710375922, FrameInterval=3725746524296, FrameStartTime=16653911, SyncQueued=3726746738911, SyncStart=3726749214180, IssueDrawCommandsStart=3726749844257, SwapBuffers=3726760739988, FrameCompleted=3726764987411, DequeueBufferDuration=19576, QueueBufferDuration=814808, GpuCompleted=3726764987411, SwapBuffersCompleted=3726764658680, DisplayPresentTime=-6997610893056016450, CommandSubmissionCompleted=3726760739988, 
2026-01-27 18:20:43.519 14631-14631 Choreographer           com.cdccreditsmart.app               I  Skipped 36 frames!  The application may be doing too much work on its main thread.
2026-01-27 18:20:47.397 14631-14631 WindowOnBackDispatcher  com.cdccreditsmart.app               W  sendCancelIfRunning: isInProgress=falsecallback=androidx.compose.material3.ModalBottomSheetDialogLayout$Api34Impl$createBackCallback$1@6c818a1
2026-01-27 18:20:47.455 14631-14775 mali_gralloc            com.cdccreditsmart.app               D  unregister: id=335000007be, handle=0xb4000078dc5ed3f0, base=0x0, importpid=14631, count:0
2026-01-27 18:20:47.456 14631-14775 mali_gralloc            com.cdccreditsmart.app               D  unregister: id=335000007bf, handle=0xb4000078dc5e1030, base=0x0, importpid=14631, count:0
2026-01-27 18:20:47.457 14631-14631 mali_gralloc            com.cdccreditsmart.app               D  unregister: id=335000007bd, handle=0xb4000078dc5ebfb0, base=0x0, importpid=14631, count:0
2026-01-27 18:20:47.457 14631-14631 mali_gralloc            com.cdccreditsmart.app               D  unregister: id=335000007bc, handle=0xb4000078dc5ecaf0, base=0x0, importpid=14631, count:0
2026-01-27 18:20:48.097 14631-14775 OpenGLRenderer          com.cdccreditsmart.app               E  Unable to match the desired swap behavior.
2026-01-27 18:20:48.100 14631-20609 mali_gralloc            com.cdccreditsmart.app               D  register: id=335000007c0, handle=0xb4000078dc5ee710, importpid=-1, gRegisteredHandles=4
2026-01-27 18:20:48.101 14631-20609 mali_gralloc            com.cdccreditsmart.app               D  register: id=335000007c1, handle=0xb4000078dc5eb110, importpid=-1, gRegisteredHandles=5
2026-01-27 18:20:48.105 14631-20609 mali_gralloc            com.cdccreditsmart.app               D  register: id=335000007c2, handle=0xb4000078dc5df9b0, importpid=-1, gRegisteredHandles=6
2026-01-27 18:20:48.109 14631-20609 mali_gralloc            com.cdccreditsmart.app               D  register: id=335000007c3, handle=0xb4000078dc5ce2b0, importpid=-1, gRegisteredHandles=7
2026-01-27 18:20:48.322 14631-20613 IconProtectionWorker    com.cdccreditsmart.app               D  ðŸ” Verificando proteÃ§Ã£o do Ã­cone...
2026-01-27 18:20:48.349 14631-20613 LauncherIconProtector   com.cdccreditsmart.app               D  âœ… Atalho jÃ¡ existe na home screen
2026-01-27 18:20:48.351 14631-20613 IconProtectionWorker    com.cdccreditsmart.app               I  ðŸ“Š EstatÃ­sticas: Ã­cone restaurado 1 vezes
2026-01-27 18:20:48.351 14631-20613 IconProtectionWorker    com.cdccreditsmart.app               D  âœ… VerificaÃ§Ã£o de Ã­cone concluÃ­da
2026-01-27 18:20:48.356 14631-14765 WM-WorkerWrapper        com.cdccreditsmart.app               I  Worker result SUCCESS for Work [ id=db4ac571-234f-40dc-8c58-ac725e8bbc93, tags={ com.cdccreditsmart.app.workers.IconProtectionWorker } ]
2026-01-27 18:20:48.879 14631-18080 MdmCommandReceiver      com.cdccreditsmart.app               D  ðŸ“¥ Mensagem MDM recebida: {"type":"auth_timeout","message":"Authentication timeout - connection closing","timestamp":"2026-01-27T21:20:48.193Z"}
2026-01-27 18:20:48.883 14631-14772 MdmCommandReceiver      com.cdccreditsmart.app               D  ðŸ“¥ JSON recebido: {"type":"auth_timeout","message":"Authentication timeout - connection closing","timestamp":"2026-01-27T21:20:48.193Z"}
2026-01-27 18:20:48.888 14631-18080 MdmCommandReceiver      com.cdccreditsmart.app               W  âš ï¸ WebSocket MDM fechando (code=4002)
2026-01-27 18:20:48.932 14631-14772 MdmCommandReceiver      com.cdccreditsmart.app               D  ðŸ“¨ Tipo de mensagem: auth_timeout
2026-01-27 18:20:48.937 14631-14772 MdmCommandReceiver      com.cdccreditsmart.app               E  â° ========================================
2026-01-27 18:20:48.937 14631-14772 MdmCommandReceiver      com.cdccreditsmart.app               E  â° TIMEOUT DE AUTENTICAÃ‡ÃƒO WEBSOCKET!
2026-01-27 18:20:48.938 14631-14772 MdmCommandReceiver      com.cdccreditsmart.app               E  â° ========================================
2026-01-27 18:20:48.938 14631-14772 MdmCommandReceiver      com.cdccreditsmart.app               E  â° Mensagem: Authentication timeout - connection closing
2026-01-27 18:20:48.938 14631-14772 MdmCommandReceiver      com.cdccreditsmart.app               E  â° ConexÃ£o serÃ¡ fechada pelo servidor (cÃ³digo 4002)
2026-01-27 18:20:49.609 14631-14631 WebSocketManager        com.cdccreditsmart.app               D  Heartbeat ping sent
2026-01-27 18:20:49.874 14631-18086 WebSocketManager        com.cdccreditsmart.app               D  Message received: {"type":"pong","timestamp":"2026-01-27T21:20:49.191Z"}...
2026-01-27 18:20:49.874 14631-18086 WebSocketManager        com.cdccreditsmart.app               D  Received message type: pong
2026-01-27 18:20:49.874 14631-18086 WebSocketManager        com.cdccreditsmart.app               D  Pong received
2026-01-27 18:20:50.633 14631-14631 WindowOnBackDispatcher  com.cdccreditsmart.app               W  sendCancelIfRunning: isInProgress=falsecallback=androidx.compose.material3.ModalBottomSheetDialogLayout$Api34Impl$createBackCallback$1@dd7e2f3
2026-01-27 18:20:50.652 14631-14775 mali_gralloc            com.cdccreditsmart.app               D  unregister: id=335000007c1, handle=0xb4000078dc5eb110, base=0x0, importpid=14631, count:0
2026-01-27 18:20:50.653 14631-14775 mali_gralloc            com.cdccreditsmart.app               D  unregister: id=335000007c2, handle=0xb4000078dc5df9b0, base=0x0, importpid=14631, count:0
2026-01-27 18:20:50.655 14631-14631 mali_gralloc            com.cdccreditsmart.app               D  unregister: id=335000007c3, handle=0xb4000078dc5ce2b0, base=0x0, importpid=14631, count:0
2026-01-27 18:20:50.655 14631-14631 mali_gralloc            com.cdccreditsmart.app               D  unregister: id=335000007c0, handle=0xb4000078dc5ee710, base=0x0, importpid=14631, count:0
2026-01-27 18:20:52.512 14631-14631 SecureTokenStorage      com.cdccreditsmart.app               D  ðŸ“– Lendo customerName: Marcos Antunes
2026-01-27 18:20:52.516 14631-14631 SecureTokenStorage      com.cdccreditsmart.app               D  ðŸ“– Lendo deviceModel: REALME Note 60x
2026-01-27 18:20:52.518 14631-14631 ContractCodeStorage     com.cdccreditsmart.app               D  Retrieving contract code from storage
2026-01-27 18:20:52.831 14631-14631 ContractCodeStorage     com.cdccreditsmart.app               D  Storage verification: 7 valid, 0 tampered, 0 missing
2026-01-27 18:20:52.837 14631-14631 ContractCodeStorage     com.cdccreditsmart.app               D  Contract code retrieved successfully
2026-01-27 18:20:52.932 14631-14772 SupportRepository       com.cdccreditsmart.app               D  âœ… Retornando contato do cache local
2026-01-27 18:20:52.974 14631-14631 Choreographer           com.cdccreditsmart.app               I  Skipped 31 frames!  The application may be doing too much work on its main thread.
2026-01-27 18:20:53.196 14631-14772 MdmCommandReceiver      com.cdccreditsmart.app               I  ðŸ” [Polling #3] Verificando comandos pendentes...
2026-01-27 18:20:53.204 14631-14772 SecureTokenStorage      com.cdccreditsmart.app               D  âœ… Usando IMEI para MDM: 8608***718
2026-01-27 18:20:53.204 14631-14772 MdmCommandReceiver      com.cdccreditsmart.app               I  ðŸ” ========================================
2026-01-27 18:20:53.204 14631-14772 MdmCommandReceiver      com.cdccreditsmart.app               I  ðŸ” BUSCANDO COMANDOS PENDENTES
2026-01-27 18:20:53.204 14631-14772 MdmCommandReceiver      com.cdccreditsmart.app               I  ðŸ” ========================================
2026-01-27 18:20:53.204 14631-14772 MdmCommandReceiver      com.cdccreditsmart.app               I  ðŸ” Identifier: 860875074339718
2026-01-27 18:20:53.204 14631-14772 MdmCommandReceiver      com.cdccreditsmart.app               I  ðŸ” Endpoint: GET /api/apk/device/860875074339718/commands
2026-01-27 18:20:53.237 14631-14772 MdmCommandReceiver      com.cdccreditsmart.app               D  ðŸ” Executando requisiÃ§Ã£o HTTP (timeout: 15s)...
2026-01-27 18:20:53.275 14631-18530 okhttp.OkHttpClient     com.cdccreditsmart.app               I  --> GET https://cdccreditsmart.com/api/apk/device/860875074339718/commands
2026-01-27 18:20:53.276 14631-18530 okhttp.OkHttpClient     com.cdccreditsmart.app               I  --> END GET
2026-01-27 18:20:53.863 14631-18530 okhttp.OkHttpClient     com.cdccreditsmart.app               I  <-- 200 https://cdccreditsmart.com/api/apk/device/860875074339718/commands (582ms)
2026-01-27 18:20:53.863 14631-18530 okhttp.OkHttpClient     com.cdccreditsmart.app               I  access-control-allow-credentials: true
2026-01-27 18:20:53.863 14631-18530 okhttp.OkHttpClient     com.cdccreditsmart.app               I  access-control-allow-headers: Origin, X-Requested-With, Content-Type, Accept, Authorization, x-client-key, x-client-token, x-client-secret, cache-control
2026-01-27 18:20:53.864 14631-18530 okhttp.OkHttpClient     com.cdccreditsmart.app               I  access-control-allow-methods: GET, POST, PUT, PATCH, DELETE, OPTIONS
2026-01-27 18:20:53.864 14631-18530 okhttp.OkHttpClient     com.cdccreditsmart.app               I  access-control-allow-origin: *
2026-01-27 18:20:53.864 14631-18530 okhttp.OkHttpClient     com.cdccreditsmart.app               I  access-control-max-age: 86400
2026-01-27 18:20:53.864 14631-18530 okhttp.OkHttpClient     com.cdccreditsmart.app               I  content-length: 104
2026-01-27 18:20:53.864 14631-18530 okhttp.OkHttpClient     com.cdccreditsmart.app               I  content-security-policy: default-src 'self'; script-src 'self' 'unsafe-inline' 'unsafe-eval' https://replit.com; style-src 'self' 'unsafe-inline' https://replit.com; img-src 'self' data: https:; font-src 'self' data: https://replit.com; connect-src 'self';
2026-01-27 18:20:53.864 14631-18530 okhttp.OkHttpClient     com.cdccreditsmart.app               I  content-type: application/json; charset=utf-8
2026-01-27 18:20:53.864 14631-18530 okhttp.OkHttpClient     com.cdccreditsmart.app               I  date: Tue, 27 Jan 2026 21:20:53 GMT
2026-01-27 18:20:53.864 14631-18530 okhttp.OkHttpClient     com.cdccreditsmart.app               I  etag: W/"68-1BzkVNqHEsu0XlMenwYbbDRd04w"
2026-01-27 18:20:53.864 14631-18530 okhttp.OkHttpClient     com.cdccreditsmart.app               I  permissions-policy: geolocation=(), microphone=(), camera=()
2026-01-27 18:20:53.864 14631-18530 okhttp.OkHttpClient     com.cdccreditsmart.app               I  referrer-policy: strict-origin-when-cross-origin
2026-01-27 18:20:53.864 14631-18530 okhttp.OkHttpClient     com.cdccreditsmart.app               I  strict-transport-security: max-age=63072000; includeSubDomains
2026-01-27 18:20:53.865 14631-18530 okhttp.OkHttpClient     com.cdccreditsmart.app               I  strict-transport-security: max-age=31536000; includeSubDomains
2026-01-27 18:20:53.865 14631-18530 okhttp.OkHttpClient     com.cdccreditsmart.app               I  x-anti-fraud-protection: active
2026-01-27 18:20:53.865 14631-18530 okhttp.OkHttpClient     com.cdccreditsmart.app               I  x-certificate-pinning-enabled: false
2026-01-27 18:20:53.865 14631-18530 okhttp.OkHttpClient     com.cdccreditsmart.app               I  x-certificate-pinning-status: disabled-for-stability
2026-01-27 18:20:53.865 14631-18530 okhttp.OkHttpClient     com.cdccreditsmart.app               I  x-content-type-options: nosniff
2026-01-27 18:20:53.865 14631-18530 okhttp.OkHttpClient     com.cdccreditsmart.app               I  x-financial-data-protection: enabled
2026-01-27 18:20:53.865 14631-18530 okhttp.OkHttpClient     com.cdccreditsmart.app               I  x-frame-options: DENY
2026-01-27 18:20:53.865 14631-18530 okhttp.OkHttpClient     com.cdccreditsmart.app               I  x-transaction-security-level: maximum
2026-01-27 18:20:53.865 14631-18530 okhttp.OkHttpClient     com.cdccreditsmart.app               I  x-xss-protection: 1; mode=block
2026-01-27 18:20:53.865 14631-18530 okhttp.OkHttpClient     com.cdccreditsmart.app               I  via: 1.1 google
2026-01-27 18:20:53.865 14631-18530 okhttp.OkHttpClient     com.cdccreditsmart.app               I  alt-svc: h3=":443"; ma=2592000,h3-29=":443"; ma=2592000
2026-01-27 18:20:53.867 14631-18530 okhttp.OkHttpClient     com.cdccreditsmart.app               I  {"deviceId":"device_1769137280282_l7srjesg25","serialNumber":"QJ3H4MKG","commandsCount":0,"commands":[]}
2026-01-27 18:20:53.867 14631-18530 okhttp.OkHttpClient     com.cdccreditsmart.app               I  <-- END HTTP (104-byte body)
2026-01-27 18:20:53.872 14631-14772 MdmCommandReceiver      com.cdccreditsmart.app               I  ðŸ” HTTP Response code: 200
2026-01-27 18:20:53.873 14631-14772 MdmCommandReceiver      com.cdccreditsmart.app               I  ðŸ” HTTP isSuccessful: true
2026-01-27 18:20:53.873 14631-14772 MdmCommandReceiver      com.cdccreditsmart.app               I  ðŸ” Response body deviceId: device_1769137280282_l7srjesg25
2026-01-27 18:20:53.873 14631-14772 MdmCommandReceiver      com.cdccreditsmart.app               I  ðŸ” Response body serialNumber: QJ3H4MKG
2026-01-27 18:20:53.873 14631-14772 MdmCommandReceiver      com.cdccreditsmart.app               I  ðŸ” Total de comandos: 0
2026-01-27 18:20:53.873 14631-14772 MdmCommandReceiver      com.cdccreditsmart.app               D  âœ… Nenhum comando pendente no servidor
2026-01-27 18:20:53.873 14631-14772 MdmCommandReceiver      com.cdccreditsmart.app               D  ðŸ“Š Fetch duration: 669ms
2026-01-27 18:20:54.592 14631-14772 HeartbeatManager        com.cdccreditsmart.app               D  ðŸ’“ Usando authToken (fallback)
2026-01-27 18:20:54.606 14631-14772 HeartbeatManager        com.cdccreditsmart.app               D  ðŸ’“ Payload do heartbeat:
2026-01-27 18:20:54.607 14631-14772 HeartbeatManager        com.cdccreditsmart.app               D     deviceToken: eyJhbGciOiJIUzI1NiIs...
2026-01-27 18:20:54.607 14631-14772 HeartbeatManager        com.cdccreditsmart.app               D     currentBlockLevel: 0
2026-01-27 18:20:54.607 14631-14772 HeartbeatManager        com.cdccreditsmart.app               D     batteryLevel: 85
2026-01-27 18:20:54.607 14631-14772 HeartbeatManager        com.cdccreditsmart.app               D     isCharging: true
2026-01-27 18:20:54.607 14631-14772 HeartbeatManager        com.cdccreditsmart.app               D     currentSimImei: 860875...
2026-01-27 18:20:54.632 14631-18530 okhttp.OkHttpClient     com.cdccreditsmart.app               I  --> POST https://cdccreditsmart.com/api/apk/device/heartbeat
2026-01-27 18:20:54.632 14631-18530 okhttp.OkHttpClient     com.cdccreditsmart.app               I  Content-Type: application/json; charset=UTF-8
2026-01-27 18:20:54.633 14631-18530 okhttp.OkHttpClient     com.cdccreditsmart.app               I  Content-Length: 410
2026-01-27 18:20:54.633 14631-18530 okhttp.OkHttpClient     com.cdccreditsmart.app               I  Authorization: Bearer eyJhbGciOiJIUzI1NiIsInR5cCI6IkpXVCJ9.eyJ0eXBlIjoiYXBrIiwiZGV2aWNlSWQiOiJkZXZpY2VfMTc2OTEzNzI4MDI4Ml9sN3NyamVzZzI1IiwiaW1laSI6Ijg2MDg3NTA3NDMzOTcxOCIsInNlcmlhbE51bWJlciI6IlFKM0g0TUtHIiwiaWF0IjoxNzY5NTQ4NzgwLCJleHAiOjE3NzczMjQ3ODB9.SRDNwUlG1AXLCB1wxqAneEyZXA0NphpirJn2F9dglCo
2026-01-27 18:20:54.634 14631-18530 okhttp.OkHttpClient     com.cdccreditsmart.app               I  {"deviceToken":"eyJhbGciOiJIUzI1NiIsInR5cCI6IkpXVCJ9.eyJ0eXBlIjoiYXBrIiwiZGV2aWNlSWQiOiJkZXZpY2VfMTc2OTEzNzI4MDI4Ml9sN3NyamVzZzI1IiwiaW1laSI6Ijg2MDg3NTA3NDMzOTcxOCIsInNlcmlhbE51bWJlciI6IlFKM0g0TUtHIiwiaWF0IjoxNzY5NTQ4NzgwLCJleHAiOjE3NzczMjQ3ODB9.SRDNwUlG1AXLCB1wxqAneEyZXA0NphpirJn2F9dglCo","currentBlockLevel":0,"batteryLevel":85,"isCharging":true,"currentSimImei":"860875074339718","timestamp":1769548854606}
2026-01-27 18:20:54.634 14631-18530 okhttp.OkHttpClient     com.cdccreditsmart.app               I  --> END POST (410-byte body)
