2025-12-09 16:00:17.225  1565-1659  DisplayManagerService   pid-1565                             D  Ignore redundant display event 0/2 to 1010197/19091
2025-12-09 16:00:17.225  1565-1659  DisplayManagerService   pid-1565                             D  Ignore redundant display event 0/2 to 1010177/19168
2025-12-09 16:00:17.225  1565-1659  DisplayManagerService   pid-1565                             D  Ignore redundant display event 0/2 to 10215/20060
2025-12-09 16:00:17.225  1565-1659  DisplayManagerService   pid-1565                             D  Ignore redundant display event 0/2 to 1010168/20209
2025-12-09 16:00:17.225  1565-1659  DisplayManagerService   pid-1565                             D  Ignore redundant display event 0/2 to 10209/20994
2025-12-09 16:00:17.225   914-959   AudioALSAStreamOut      pid-914                              D  +setScreenState(), flag 65536, mode 1
2025-12-09 16:00:17.225  1565-1659  DisplayManagerService   pid-1565                             D  Ignore redundant display event 0/2 to 10263/23027
2025-12-09 16:00:17.225  1565-1659  DisplayManagerService   pid-1565                             D  Ignore redundant display event 0/2 to 10276/23314
2025-12-09 16:00:17.225  1565-1659  DisplayManagerService   pid-1565                             D  Ignore redundant display event 0/2 to 10277/23315
2025-12-09 16:00:17.225  1565-1659  DisplayManagerService   pid-1565                             D  Ignore redundant display event 0/2 to 10155/24879
2025-12-09 16:00:17.225  1565-1659  DisplayManagerService   pid-1565                             D  Ignore redundant display event 0/2 to 1010209/24933
2025-12-09 16:00:17.225  1565-1659  DisplayManagerService   pid-1565                             D  Ignore redundant display event 0/2 to 10265/26356
2025-12-09 16:00:17.225   914-959   AudioALSAHardware       pid-914                              D  -setParameters(): screen_state=on
2025-12-09 16:00:17.225  1004-2974  AudioFlinger            pid-1004                             I  -mAudioHwDevs(primary)->setParameters(): screen_state=on
2025-12-09 16:00:17.226  1004-2974  AudioFlinger            pid-1004                             I  +mAudioHwDevs(bluetooth)->setParameters(): screen_state=on
2025-12-09 16:00:17.227  1004-2974  AudioFlinger            pid-1004                             I  -mAudioHwDevs(bluetooth)->setParameters(): screen_state=on
2025-12-09 16:00:17.227  1004-2974  AudioFlinger            pid-1004                             I  +mAudioHwDevs(usb)->setParameters(): screen_state=on
2025-12-09 16:00:17.228  1004-2974  AudioFlinger            pid-1004                             I  -mAudioHwDevs(usb)->setParameters(): screen_state=on
2025-12-09 16:00:17.228  1004-2974  AudioFlinger            pid-1004                             I  +mAudioHwDevs(r_submix)->setParameters(): screen_state=on
2025-12-09 16:00:17.229  1004-2974  AudioFlinger            pid-1004                             I  -mAudioHwDevs(r_submix)->setParameters(): screen_state=on
2025-12-09 16:00:17.230  1004-2974  TranFlinger             pid-1004                             E  setPareters is is 0
2025-12-09 16:00:17.232  1565-1657  ApplicationHelper       pid-1565                             E  Fail to get PackageManager
2025-12-09 16:00:17.238  1565-1657  ApplicationHelper       pid-1565                             E  Fail to get PackageManager
2025-12-09 16:00:17.240  1565-1657  ApplicationHelper       pid-1565                             E  Fail to get PackageManager
2025-12-09 16:00:17.241  1022-1022  SurfaceFlinger          pid-1022                             E  Out of order buffers detected for RequestedLayerState{com.transsion.XOSLauncher/com.android.launcher3.uioverrides.QuickstepLauncher#1353 parentId=947} producedId=19 frameNumber=58 -> producedId=19 frameNumber=26
2025-12-09 16:00:17.246  1565-1657  ApplicationHelper       pid-1565                             E  Fail to get PackageManager
2025-12-09 16:00:17.248  1565-1657  ApplicationHelper       pid-1565                             E  Fail to get PackageManager
2025-12-09 16:00:17.249  1565-1657  ApplicationHelper       pid-1565                             E  Fail to get PackageManager
2025-12-09 16:00:17.258  1022-1022  SurfaceFlinger          pid-1022                             E  Out of order buffers detected for RequestedLayerState{com.transsion.XOSLauncher/com.android.launcher3.uioverrides.QuickstepLauncher#1353 parentId=947} producedId=19 frameNumber=58 -> producedId=19 frameNumber=27
2025-12-09 16:00:17.264  1565-1657  ApplicationHelper       pid-1565                             E  Fail to get PackageManager
2025-12-09 16:00:17.265  1565-1657  ApplicationHelper       pid-1565                             E  Fail to get PackageManager
2025-12-09 16:00:17.282  1022-1022  SurfaceFlinger          pid-1022                             E  Out of order buffers detected for RequestedLayerState{com.transsion.XOSLauncher/com.android.launcher3.uioverrides.QuickstepLauncher#1353 parentId=947} producedId=19 frameNumber=58 -> producedId=19 frameNumber=28
2025-12-09 16:00:17.299  5656-6841  TAG_AppListProvider     pid-5656                             D  2 sql SELECT DISTINCT network_acceleration FROM t_game_settings WHERE package_name=?
2025-12-09 16:00:17.300   956-1025  mtkpower@impl           pid-956                              I  [powerd_req] TIMER_MSG_PERF_LOCK_TIMEOUT hdl:2024
2025-12-09 16:00:17.301   956-1025  libPowerHal             pid-956                              I  [setClusterFreq] MTKPOWER_HINT_PACK_SWITCH: sysfs_freq set cpu freq: -1 1900000 -1 1900000 
2025-12-09 16:00:17.301   956-1025  libPowerHal             pid-956                              I  [setClusterHardFreq] MTKPOWER_HINT_PACK_SWITCH: hard userlimit set cpu freq: -1 1900000 -1 1900000
2025-12-09 16:00:17.301   956-1025  libPowerHal             pid-956                              I  [setClusterFreq] MTKPOWER_HINT_PACK_SWITCH: sysfs_freq set cpu freq: -1 1900000 -1 1900000 
2025-12-09 16:00:17.302   956-1025  libPowerHal             pid-956                              I  [PD] MTKPOWER_HINT_PACK_SWITCH update cmd:1000000 param:2
2025-12-09 16:00:17.308  1022-1022  SurfaceFlinger          pid-1022                             E  Out of order buffers detected for RequestedLayerState{com.transsion.XOSLauncher/com.android.launcher3.uioverrides.QuickstepLauncher#1353 parentId=947} producedId=19 frameNumber=58 -> producedId=19 frameNumber=29
2025-12-09 16:00:17.325  1022-1022  SurfaceFlinger          pid-1022                             E  Out of order buffers detected for RequestedLayerState{com.transsion.XOSLauncher/com.android.launcher3.uioverrides.QuickstepLauncher#1353 parentId=947} producedId=19 frameNumber=58 -> producedId=19 frameNumber=30
2025-12-09 16:00:17.342  1022-1022  SurfaceFlinger          pid-1022                             E  Out of order buffers detected for RequestedLayerState{com.transsion.XOSLauncher/com.android.launcher3.uioverrides.QuickstepLauncher#1353 parentId=947} producedId=19 frameNumber=58 -> producedId=19 frameNumber=31
2025-12-09 16:00:17.526 25744-25744 JobService              pid-25744                            W  onNetworkChanged() not implemented in com.google.android.finsky.scheduler.process.backgroundimpl.PhoneskyJobServiceBackground. Must override in a subclass.
2025-12-09 16:00:17.529  3459-5186  TranTele/T...aceManager pid-3459                             I  [onReceive] action: android.net.wifi.RSSI_CHANGED
2025-12-09 16:00:17.538  1565-1565  MBrainLocalService      pid-1565                             D  isVendorFreezeConditionPass is false
2025-12-09 16:00:17.538  1565-1565  MBrainLocalService      pid-1565                             D  notifyNetworkChange failed
2025-12-09 16:00:17.540  6822-6908  BugleRcsEngine          pid-6822                             I  Connected state: [1], networkType: [WIFI] [CONTEXT thread_id=427 ]
2025-12-09 16:00:17.540  6822-6915  BugleRcsEngine          pid-6822                             I  handleMessage processing message:[NOTIFY_UPTIME_IGNORE_STATE_CHANGED] with [non-null]:RcsEngineImpl reference [CONTEXT log_prefix="RcsEngineImpl[DUAL_REG]:[3957dc96-4ec7]>Handler" thread_id=429 ]
2025-12-09 16:00:17.544 11025-11262 VASDK-NetworkState      pid-11025                            D  onCapabilitiesChanged, init time:1765306284414 cellular:false wifi:true
2025-12-09 16:00:17.544  6822-6915  BugleRcsEngine          pid-6822                             I  RCS Configuration storage in Bugle is disabled by p/h flag, using ProvisioningEngineStateCache.getProvisioningConfigurationForGivenSimIfExist() [CONTEXT log_prefix="ProvisioningEngineDataRetriever" thread_id=429 ]
2025-12-09 16:00:17.548 18443-18715 VASDK-NetworkState      pid-18443                            D  onCapabilitiesChanged, init time:1765306514602 cellular:false wifi:true
2025-12-09 16:00:17.548 18492-18949 AI_CORE_SERVICE_        pid-18492                            D  AI_ELLA_AppNetworkManager onCapabilitiesChanged 100 ,[ Transports: WIFI Capabilities: NOT_METERED&INTERNET&NOT_RESTRICTED&TRUSTED&NOT_VPN&VALIDATED&NOT_ROAMING&FOREGROUND&NOT_CONGESTED&NOT_SUSPENDED&NOT_VCN_MANAGED&NOT_BANDWIDTH_CONSTRAINED LinkUpBandwidth>=12000Kbps LinkDnBandwidth>=60000Kbps TransportInfo: <SSID: <unknown ssid>, BSSID: 02:00:00:00:00:00, MAC: 02:00:00:00:00:00, IP: /192.168.40.199, Security type: 2, Supplicant state: COMPLETED, Wi-Fi standard: 11ac, RSSI: -67, Link speed: 234Mbps, Tx Link speed: 234Mbps, Max Supported Tx Link speed: 433Mbps, Rx Link speed: 260Mbps, Max Supported Rx Link speed: 433Mbps, Frequency: 5180MHz, Net ID: -1, Metered hint: false, score: 60, isUsable: true, CarrierMerged: false, SubscriptionId: -1, IsPrimary: 1, Trusted: true, Restricted: false, Ephemeral: false, OEM paid: false, OEM private: false, OSU AP: false, FQDN: <none>, Provider friendly name: <none>, Requesting package name: <none><none>MLO Information: , Is TID-To-Link negotiation supported by the AP: false, AP MLD Address: <none>, AP MLO Link Id: <none>, AP MLO Affiliated links: <none>, Vendor Data: <none>> SignalStrength: -67 AdminUids: [10157] SSID: "Orion B_5G" UnderlyingNetworks: Null]
2025-12-09 16:00:17.550 19091-19432 AI_CORE_SERVICE_        pid-19091                            D  AI_ELLA_AppNetworkManager onCapabilitiesChanged 100 ,[ Transports: WIFI Capabilities: NOT_METERED&INTERNET&NOT_RESTRICTED&TRUSTED&NOT_VPN&VALIDATED&NOT_ROAMING&FOREGROUND&NOT_CONGESTED&NOT_SUSPENDED&NOT_VCN_MANAGED&NOT_BANDWIDTH_CONSTRAINED LinkUpBandwidth>=12000Kbps LinkDnBandwidth>=60000Kbps TransportInfo: <SSID: <unknown ssid>, BSSID: 02:00:00:00:00:00, MAC: 02:00:00:00:00:00, IP: /192.168.40.199, Security type: 2, Supplicant state: COMPLETED, Wi-Fi standard: 11ac, RSSI: -67, Link speed: 234Mbps, Tx Link speed: 234Mbps, Max Supported Tx Link speed: 433Mbps, Rx Link speed: 260Mbps, Max Supported Rx Link speed: 433Mbps, Frequency: 5180MHz, Net ID: -1, Metered hint: false, score: 60, isUsable: true, CarrierMerged: false, SubscriptionId: -1, IsPrimary: -1, Trusted: true, Restricted: false, Ephemeral: false, OEM paid: false, OEM private: false, OSU AP: false, FQDN: <none>, Provider friendly name: <none>, Requesting package name: <none><none>MLO Information: , Is TID-To-Link negotiation supported by the AP: false, AP MLD Address: <none>, AP MLO Link Id: <none>, AP MLO Affiliated links: <none>, Vendor Data: <none>> SignalStrength: -67 UnderlyingNetworks: Null]
2025-12-09 16:00:17.552 14482-14781 WM-NetworkStateTracker  pid-14482                            D  Network capabilities changed: [ Transports: WIFI Capabilities: NOT_METERED&INTERNET&NOT_RESTRICTED&TRUSTED&NOT_VPN&VALIDATED&NOT_ROAMING&FOREGROUND&NOT_CONGESTED&NOT_SUSPENDED&NOT_VCN_MANAGED&NOT_BANDWIDTH_CONSTRAINED LinkUpBandwidth>=12000Kbps LinkDnBandwidth>=60000Kbps TransportInfo: <SSID: <unknown ssid>, BSSID: 02:00:00:00:00:00, MAC: 02:00:00:00:00:00, IP: /192.168.40.199, Security type: 2, Supplicant state: COMPLETED, Wi-Fi standard: 11ac, RSSI: -67, Link speed: 234Mbps, Tx Link speed: 234Mbps, Max Supported Tx Link speed: 433Mbps, Rx Link speed: 260Mbps, Max Supported Rx Link speed: 433Mbps, Frequency: 5180MHz, Net ID: -1, Metered hint: false, score: 60, isUsable: true, CarrierMerged: false, SubscriptionId: -1, IsPrimary: -1, Trusted: true, Restricted: false, Ephemeral: false, OEM paid: false, OEM private: false, OSU AP: false, FQDN: <none>, Provider friendly name: <none>, Requesting package name: <none><none>MLO Information: , Is TID-To-Link negotiation supported by the AP: false, AP MLD Address: <none>, AP MLO Link Id: <none>, AP MLO Affiliated links: <none>, Vendor Data: <none>> SignalStrength: -67 UnderlyingNetworks: Null]
2025-12-09 16:00:17.559 12084-12124 NullBinder              pid-12084                            I  NullBinder for android.net.action.RECOMMEND_NETWORKS triggering remote TransactionTooLargeException due to Service without Chimera impl
2025-12-09 16:00:17.559 12084-12124 .gms.persistent         pid-12084                            W  Large reply transaction of 1056768 bytes, interface descriptor , code 1
2025-12-09 16:00:17.611  1022-1022  BufferQueueProducer     pid-1022                             I  [StatusBar#980](this:0xb400007b7aaab7c8,id:-1,api:0,p:-1,c:1022) queueBuffer: fps=3.69 dur=3526.59 max=2591.40 min=8.20
2025-12-09 16:00:17.704  1565-2949  TranWifiTputMonitor     pid-1565                             D  top app: com.transsion.XOSLauncher in white list: false
2025-12-09 16:00:17.706  3459-3985  TLinkBrush_DATA         pid-3459                             D  [TranSST0] checkTopApp: [com.transsion.XOSLauncher],
2025-12-09 16:00:17.757  1565-1823  ActivityManager         pid-1565                             D  performServiceRestartLocked: app=com.cdccreditsmart.app process=com.cdccreditsmart.app uid=10287 restartDelay=1000
2025-12-09 16:00:17.759  1565-1823  Grammatica...ctionUtils pid-1565                             V  AttributionSource: android.content.AttributionSource@2f7f96d0 does not have READ_SYSTEM_GRAMMATICAL_GENDER permission.
2025-12-09 16:00:17.774  1565-1565  NetworkStatusMonitor    pid-1565                             D  getAllInterfaceNames network type is wifi
2025-12-09 16:00:17.775  1565-1565  NetworkStatusMonitor    pid-1565                             D  onNetworkTypeChanged wifi => wifi
2025-12-09 16:00:17.795   905-905   Zygote                  pid-905                              D  Forked child process 26577
2025-12-09 16:00:17.797  1565-2951  TranWifiSm...Controller pid-1565                             I  top app: com.transsion.XOSLauncher in white list: false ,Landscape screen: false
2025-12-09 16:00:17.798  1565-1824  ActivityManager         pid-1565                             I  Start proc 26577:com.cdccreditsmart.app/u0a287 for service {com.cdccreditsmart.app/androidx.work.impl.background.systemjob.SystemJobService}
2025-12-09 16:00:17.800   904-1153  OemNetd                 pid-904                              E  transmitAppUidToNetwork uid=(0)
2025-12-09 16:00:17.813 26577-26577 creditsmart.app         pid-26577                            I  Using CollectorTypeCMC GC.
2025-12-09 16:00:17.818 26577-26577 creditsmart.app         pid-26577                            E  Not starting debugger since process cannot load the jdwp agent.
2025-12-09 16:00:17.823 26577-26577 nativeloader            pid-26577                            D  Load libframework-connectivity-tiramisu-jni.so using APEX ns com_android_tethering for caller /apex/com.android.tethering/javalib/framework-connectivity-t.jar: ok
2025-12-09 16:00:17.828 26577-26577 TranInstanceHelper      pid-26577                            W  Failed to instance com.transsion.hubcore.linkplus.implement.app.TranActivityThreadLinkplusImpl, java.lang.ClassNotFoundException: com.transsion.hubcore.linkplus.implement.app.TranActivityThreadLinkplusImpl
2025-12-09 16:00:17.828 26577-26577 TranClassInfo           pid-26577                            D  instance successfully. com.transsion.hubcore.app.TranActivityThreadImpl@ab030d2 from com.transsion.hubcore.app.ITranActivityThread
2025-12-09 16:00:17.830 26577-26577 os.SingleLice           pid-26577                            D  instance successfully. com.transsion.widget.v3.FloatingToolbarLice@50f5a3 from com.transsion.widget.FloatingToolbarLiceFactory
2025-12-09 16:00:17.830 26577-26577 os.SingleLiceFactory    pid-26577                            D  instance successfully. com.transsion.widget.v3.FloatingToolbarLice@50f5a3 from android.app.IActivityThreadLice
2025-12-09 16:00:17.831 26577-26577 os.SingleLice           pid-26577                            D  instance successfully. com.transsion.common.v1.CommonLice@c6270a0 from com.transsion.common.CommonLiceFactory
2025-12-09 16:00:17.831 26577-26577 os.SingleLiceFactory    pid-26577                            D  instance successfully. com.transsion.common.v1.CommonLice@c6270a0 from android.app.IActivityThreadLice
2025-12-09 16:00:17.832 26577-26577 os.SingleLiceFactory    pid-26577                            D  instance successfully. com.transsion.typeface.v1.TypefaceLice@ffae459 from android.app.IActivityThreadLice
2025-12-09 16:00:17.832 26577-26577 os.SingleLiceFactory    pid-26577                            D  using android.app.IActivityThreadLice$DefaultImpl@53c881e instead of com.transsion.sun.SunLiceFactory  from android.app.IActivityThreadLice
2025-12-09 16:00:17.833 26577-26577 os.SingleLice           pid-26577                            D  instance successfully. com.transsion.fdleak.FdLeakLice@17348ff from com.transsion.fdleak.FdLeakLiceFactory
2025-12-09 16:00:17.833 26577-26577 os.SingleLiceFactory    pid-26577                            D  instance successfully. com.transsion.fdleak.FdLeakLice@17348ff from android.app.IActivityThreadLice
2025-12-09 16:00:17.833 26577-26577 os.LiceInfo             pid-26577                            D  instance successfully. com.transsion.app.ActivityThreadLice@28df6cc from android.app.IActivityThreadLice
2025-12-09 16:00:17.836  1565-5259  ActivityManager         pid-1565                             V  New death recipient com.android.server.am.ActivityManagerService$AppDeathRecipient@159b67c for thread android.os.BinderProxy@8b4ab05
2025-12-09 16:00:17.839  1565-5259  os.Activit...erviceLice pid-1565                             D  make process active com.cdccreditsmart.app(26577)
2025-12-09 16:00:17.841  1565-3164  Hiber/appStateMachine   pid-1565                             I  uid:10287 enter RunningState
2025-12-09 16:00:17.842  1565-1657  ApplicationHelper       pid-1565                             E  Fail to get PackageManager
2025-12-09 16:00:17.844 26577-26577 TranClassInfo           pid-26577                            D  instance successfully. com.transsion.hubcore.graphics.TranGraphicImpl@56c6d15 from com.transsion.hubcore.graphics.ITranGraphic
2025-12-09 16:00:17.845 26577-26577 os.SingleLiceFactory    pid-26577                            D  instance successfully. com.transsion.typeface.v1.TypefaceLice@ffae459 from android.graphics.IGraphicLice
2025-12-09 16:00:17.845 26577-26577 os.LiceInfo             pid-26577                            D  instance successfully. com.transsion.graphics.GraphicLice@ba5082a from android.graphics.IGraphicLice
2025-12-09 16:00:17.846 26577-26577 CompatChangeReporter    pid-26577                            D  Compat change id reported: 202956589; UID 10287; state: ENABLED
2025-12-09 16:00:17.850 26577-26577 DebugTheme...emeUpdated pid-26577                            D  reload start !TranResourcesUtils.isRunningOnSystemServer()=true currentForegroundUser=0
2025-12-09 16:00:17.861 26577-26577 nativeloader            pid-26577                            D  Configuring clns-7 for other apk /data/app/~~DJYEKW0clKAnmIduA6a8aQ==/com.cdccreditsmart.app-0cOohlmDQZOp51-0YhPU0g==/base.apk. target_sdk_version=35, uses_libraries=, library_path=/data/app/~~DJYEKW0clKAnmIduA6a8aQ==/com.cdccreditsmart.app-0cOohlmDQZOp51-0YhPU0g==/lib/arm64:/data/app/~~DJYEKW0clKAnmIduA6a8aQ==/com.cdccreditsmart.app-0cOohlmDQZOp51-0YhPU0g==/base.apk!/lib/arm64-v8a, permitted_path=/data:/mnt/expand:/data/user/0/com.cdccreditsmart.app
2025-12-09 16:00:17.867 26577-26577 CompatChangeReporter    pid-26577                            D  Compat change id reported: 279646685; UID 10287; state: ENABLED
2025-12-09 16:00:17.868 26577-26577 GraphicsEnvironment     pid-26577                            V  Currently set values for:
2025-12-09 16:00:17.868 26577-26577 GraphicsEnvironment     pid-26577                            V    angle_gl_driver_selection_pkgs=[]
2025-12-09 16:00:17.868 26577-26577 GraphicsEnvironment     pid-26577                            V    angle_gl_driver_selection_values=[]
2025-12-09 16:00:17.868 26577-26577 GraphicsEnvironment     pid-26577                            V  Global.Settings values are invalid: number of packages: 0, number of values: 0
2025-12-09 16:00:17.868 26577-26577 GraphicsEnvironment     pid-26577                            V  Neither updatable production driver nor prerelease driver is supported.
2025-12-09 16:00:17.871 26577-26577 LoadedApk               pid-26577                            I  No resource references to update in package com.transsion.theme.icon
2025-12-09 16:00:17.876 26577-26577 os.SingleLiceFactory    pid-26577                            D  using android.app.IActivityThreadLice$DefaultImpl@53c881e instead of com.transsion.activityembedding.ActivityEmbeddingLiceFactory  from android.app.IActivityThreadLice
2025-12-09 16:00:17.881 26577-26577 FirebaseApp             pid-26577                            I  Device unlocked: initializing all Firebase APIs for app [DEFAULT]
2025-12-09 16:00:17.886 26577-26577 FirebaseInitProvider    pid-26577                            I  FirebaseApp initialization successful
2025-12-09 16:00:17.888 26577-26577 MbrainDebugManagerImpl  pid-26577                            D  getService failed
2025-12-09 16:00:17.891 26577-26577 WM-WrkMgrInitializer    pid-26577                            D  Initializing WorkManager with default configuration.
2025-12-09 16:00:17.892  1565-1657  ApplicationHelper       pid-1565                             E  Fail to get PackageManager
2025-12-09 16:00:17.895 26577-26577 WM-PackageManagerHelper pid-26577                            D  Skipping component enablement for androidx.work.impl.background.systemjob.SystemJobService
2025-12-09 16:00:17.895 26577-26577 WM-Schedulers           pid-26577                            D  Created SystemJobScheduler and enabled SystemJobService
2025-12-09 16:00:17.902 26577-26577 CrashHandler            pid-26577                            I  ✅ Global crash handler instalado
2025-12-09 16:00:17.902 26577-26577 CDCApplication          pid-26577                            I  🚀 CDC Credit Smart Application iniciando...
2025-12-09 16:00:17.903 26577-26596 DynamiteModule          pid-26577                            I  Considering local module com.google.android.gms.measurement.dynamite:127 and remote module com.google.android.gms.measurement.dynamite:140
2025-12-09 16:00:17.903 26577-26596 DynamiteModule          pid-26577                            I  Selected remote version of com.google.android.gms.measurement.dynamite, version >= 140
2025-12-09 16:00:17.903 26577-26596 DynamiteModule          pid-26577                            V  Dynamite loader version >= 2, using loadModule2NoCrashUtils
2025-12-09 16:00:17.903 26577-26577 CDCApplication          pid-26577                            I  🔐 PRIORIDADE 0: Concedendo permissões IMEDIATAMENTE...
2025-12-09 16:00:17.903 26577-26577 CDCApplication          pid-26577                            I  ========================================
2025-12-09 16:00:17.903 26577-26577 CDCApplication          pid-26577                            I  🔐 Verificando status de Device Owner...
2025-12-09 16:00:17.904 26577-26577 CompatChangeReporter    pid-26577                            D  Compat change id reported: 307233716; UID 10287; state: ENABLED
2025-12-09 16:00:17.905 26577-26577 CDCApplication          pid-26577                            I  Device Owner Status: ✅ SIM
2025-12-09 16:00:17.905 26577-26577 CDCApplication          pid-26577                            I  Package Name: com.cdccreditsmart.app
2025-12-09 16:00:17.905 26577-26577 CDCApplication          pid-26577                            I  ✅ App é Device Owner - prosseguindo com concessão de permissões...
2025-12-09 16:00:17.905 26577-26577 CDCApplication          pid-26577                            I  ========================================
2025-12-09 16:00:17.905 26577-26577 AutoPermissionManager   pid-26577                            I  ========================================
2025-12-09 16:00:17.905 26577-26577 AutoPermissionManager   pid-26577                            I  🔐 INICIANDO CONCESSÃO AUTOMÁTICA DE PERMISSÕES
2025-12-09 16:00:17.905 26577-26577 AutoPermissionManager   pid-26577                            I  ========================================
2025-12-09 16:00:17.906 26577-26577 AutoPermissionManager   pid-26577                            I  ✅ App é Device Owner - concedendo permissões automaticamente...
2025-12-09 16:00:17.906 26577-26577 AutoPermissionManager   pid-26577                            I  🚀 ========================================
2025-12-09 16:00:17.906 26577-26577 AutoPermissionManager   pid-26577                            I  🚀 CONCESSÃO RÁPIDA DE PERMISSÕES (Device Owner)
2025-12-09 16:00:17.906 26577-26577 AutoPermissionManager   pid-26577                            I  🚀 ========================================
2025-12-09 16:00:17.907 26577-26577 AutoPermissionManager   pid-26577                            D    ⏩ Já concedida: android.permission.READ_PHONE_STATE
2025-12-09 16:00:17.907 26577-26577 AutoPermissionManager   pid-26577                            D    ⏩ Já concedida: android.permission.READ_CALL_LOG
2025-12-09 16:00:17.907 26577-26577 AutoPermissionManager   pid-26577                            D    ⏩ Já concedida: android.permission.CALL_PHONE
2025-12-09 16:00:17.908 26577-26577 AutoPermissionManager   pid-26577                            D    ⏩ Já concedida: android.permission.READ_CONTACTS
2025-12-09 16:00:17.908 26577-26577 AutoPermissionManager   pid-26577                            D    ⏩ Já concedida: android.permission.ACCESS_FINE_LOCATION
2025-12-09 16:00:17.908 26577-26577 AutoPermissionManager   pid-26577                            D    ⏩ Já concedida: android.permission.ACCESS_COARSE_LOCATION
2025-12-09 16:00:17.909 26577-26577 AutoPermissionManager   pid-26577                            D    ⏩ Já concedida: android.permission.ANSWER_PHONE_CALLS
2025-12-09 16:00:17.909 26577-26577 AutoPermissionManager   pid-26577                            D    ⏩ Já concedida: android.permission.READ_PHONE_NUMBERS
2025-12-09 16:00:17.909 26577-26577 AutoPermissionManager   pid-26577                            D    ⏩ Já concedida: android.permission.ACCESS_BACKGROUND_LOCATION
2025-12-09 16:00:17.910 26577-26577 AutoPermissionManager   pid-26577                            D    ⏩ Já concedida: android.permission.POST_NOTIFICATIONS
2025-12-09 16:00:17.910 26577-26577 AutoPermissionManager   pid-26577                            I  🚀 ========================================
2025-12-09 16:00:17.910 26577-26577 AutoPermissionManager   pid-26577                            I  🚀 RESUMO DA CONCESSÃO RÁPIDA:
2025-12-09 16:00:17.910 26577-26577 AutoPermissionManager   pid-26577                            I    ✅ Novas permissões concedidas: 0
2025-12-09 16:00:17.910 26577-26577 AutoPermissionManager   pid-26577                            I    ⏩ Já estavam concedidas: 10
2025-12-09 16:00:17.910 26577-26577 AutoPermissionManager   pid-26577                            I    ❌ Erros/Falhas: 0
2025-12-09 16:00:17.910 26577-26577 AutoPermissionManager   pid-26577                            I    📋 Total processadas: 10
2025-12-09 16:00:17.910 26577-26577 AutoPermissionManager   pid-26577                            I  🚀 ========================================
2025-12-09 16:00:17.910 26577-26577 AutoPermissionManager   pid-26577                            I  🔍 Verificando status final de todas as permissões...
2025-12-09 16:00:17.910 26577-26577 AutoPermissionManager   pid-26577                            D    ✅ CONCEDIDA - android.permission.READ_PHONE_STATE
2025-12-09 16:00:17.910 26577-26577 AutoPermissionManager   pid-26577                            D    ✅ CONCEDIDA - android.permission.READ_CALL_LOG
2025-12-09 16:00:17.910 26577-26577 AutoPermissionManager   pid-26577                            D    ✅ CONCEDIDA - android.permission.CALL_PHONE
2025-12-09 16:00:17.910 26577-26577 AutoPermissionManager   pid-26577                            D    ✅ CONCEDIDA - android.permission.READ_CONTACTS
2025-12-09 16:00:17.910 26577-26577 AutoPermissionManager   pid-26577                            D    ✅ CONCEDIDA - android.permission.ACCESS_FINE_LOCATION
2025-12-09 16:00:17.910 26577-26577 AutoPermissionManager   pid-26577                            D    ✅ CONCEDIDA - android.permission.ACCESS_COARSE_LOCATION
2025-12-09 16:00:17.910 26577-26577 AutoPermissionManager   pid-26577                            D    ✅ CONCEDIDA - android.permission.ANSWER_PHONE_CALLS
2025-12-09 16:00:17.910 26577-26577 AutoPermissionManager   pid-26577                            D    ✅ CONCEDIDA - android.permission.READ_PHONE_NUMBERS
2025-12-09 16:00:17.910 26577-26577 AutoPermissionManager   pid-26577                            D    ✅ CONCEDIDA - android.permission.ACCESS_BACKGROUND_LOCATION
2025-12-09 16:00:17.910 26577-26577 AutoPermissionManager   pid-26577                            D    ✅ CONCEDIDA - android.permission.POST_NOTIFICATIONS
2025-12-09 16:00:17.910 26577-26577 AutoPermissionManager   pid-26577                            I  🎉 TODAS AS PERMISSÕES FORAM CONCEDIDAS COM SUCESSO!
2025-12-09 16:00:17.910 26577-26577 AutoPermissionManager   pid-26577                            I  ========================================
2025-12-09 16:00:17.910 26577-26577 AutoPermissionManager   pid-26577                            I  🔐 CONFIGURANDO PERMISSÕES ESPECIAIS (Device Owner)
2025-12-09 16:00:17.910 26577-26577 AutoPermissionManager   pid-26577                            I  ========================================
2025-12-09 16:00:17.910 26577-26577 AutoPermissionManager   pid-26577                            I  📊 ========================================
2025-12-09 16:00:17.910 26577-26577 AutoPermissionManager   pid-26577                            I  📊 CONCEDENDO PACKAGE_USAGE_STATS (Usage Access)
2025-12-09 16:00:17.910 26577-26577 AutoPermissionManager   pid-26577                            I  📊 ========================================
2025-12-09 16:00:17.911 26577-26600 TranClassInfo           pid-26577                            D  instance successfully. com.transsion.hubcore.database.sqlite.TranSQLiteDatabaseImpl@4fffc6a from com.transsion.hubcore.database.sqlite.ITranSQLiteDatabase
2025-12-09 16:00:17.912 26577-26577 AutoPermissionManager   pid-26577                            I  📊 ✅ PACKAGE_USAGE_STATS já está concedida!
2025-12-09 16:00:17.912 26577-26577 AutoPermissionManager   pid-26577                            I  🪟 ========================================
2025-12-09 16:00:17.912 26577-26600 TranClassInfo           pid-26577                            D  instance successfully. com.transsion.hubcore.spdopts.others.implement.TranSQLiteDatabaseComponentImpl@3e2f55b from com.transsion.hubcore.spdcomponent.ITranSQLiteDatabaseComponent
2025-12-09 16:00:17.912 26577-26577 AutoPermissionManager   pid-26577                            I  🪟 CONCEDENDO SYSTEM_ALERT_WINDOW (Overlay)
2025-12-09 16:00:17.912 26577-26577 AutoPermissionManager   pid-26577                            I  🪟 ========================================
2025-12-09 16:00:17.913 26577-26577 AutoPermissionManager   pid-26577                            I  🪟 ✅ SYSTEM_ALERT_WINDOW já está concedida!
2025-12-09 16:00:17.913 26577-26577 AutoPermissionManager   pid-26577                            I  🔋 ========================================
2025-12-09 16:00:17.913 26577-26577 AutoPermissionManager   pid-26577                            I  🔋 VERIFICANDO ISENÇÃO DE OTIMIZAÇÃO DE BATERIA
2025-12-09 16:00:17.913 26577-26577 AutoPermissionManager   pid-26577                            I  🔋 ========================================
2025-12-09 16:00:17.916 26577-26577 AutoPermissionManager   pid-26577                            I  🔋 ✅ App JÁ está isento de otimização de bateria
2025-12-09 16:00:17.916 26577-26577 AutoPermissionManager   pid-26577                            I  🔋 ========================================
2025-12-09 16:00:17.916 26577-26577 AutoPermissionManager   pid-26577                            I  📍 Forçando GPS/Localização sempre ativo...
2025-12-09 16:00:17.917  1565-5259  DevicePolicyManager     pid-1565                             V  calling locationMgr.setLocationEnabledForUser(true, UserHandle{0}) when it was true
2025-12-09 16:00:17.919 26577-26577 AutoPermissionManager   pid-26577                            I  ✅ Localização forçada via setLocationEnabled (Android 9+)
2025-12-09 16:00:17.919 26577-26596 CompatChangeReporter    pid-26577                            D  Compat change id reported: 312399441; UID 10287; state: ENABLED
2025-12-09 16:00:17.920  1565-5259  DevicePolicyEngine      pid-1565                             I  Couldn't find any receivers that handle ACTION_DEVICE_POLICY_SET_RESULT in package com.cdccreditsmart.app
2025-12-09 16:00:17.920  1565-5259  DevicePolicyEngine      pid-1565                             D  Writing device policies to file.
2025-12-09 16:00:17.920  1565-5259  DevicePolicyEngine      pid-1565                             D  Writing to /data/system/device_policy_state.xml
2025-12-09 16:00:17.920 26577-26596 creditsmart.app         pid-26577                            W  ClassLoaderContext type mismatch. expected=PCL, found=DLC (PCL[] | DLC[];PCL[/data/app/~~DJYEKW0clKAnmIduA6a8aQ==/com.cdccreditsmart.app-0cOohlmDQZOp51-0YhPU0g==/base.apk*1353663623])
2025-12-09 16:00:17.924  1565-5259  DevicePolicyManager     pid-1565                             I  Changing user restriction no_config_location to: true caller: CallerIdentity[uid=10287, pkg=com.cdccreditsmart.app, cmp=com.cdccreditsmart.app/com.cdccreditsmart.device.CDCDeviceAdminReceiver]
2025-12-09 16:00:17.925 26577-26577 AutoPermissionManager   pid-26577                            I  ✅ Restrição DISALLOW_CONFIG_LOCATION aplicada
2025-12-09 16:00:17.925 26577-26577 AutoPermissionManager   pid-26577                            I     Usuário não pode desativar GPS/Localização
2025-12-09 16:00:17.926 26577-26577 AutoPermissionManager   pid-26577                            I  📍 Status atual - GPS: true, Network: true
2025-12-09 16:00:17.926 26577-26577 AutoPermissionManager   pid-26577                            I  📍 Configuração de localização concluída
2025-12-09 16:00:17.927 26577-26577 AutoPermissionManager   pid-26577                            I  ✅ Política de permissões configurada para AUTO_GRANT
2025-12-09 16:00:17.927 26577-26577 AutoPermissionManager   pid-26577                            I  📊 ========================================
2025-12-09 16:00:17.927 26577-26577 AutoPermissionManager   pid-26577                            I  📊 VERIFICAÇÃO FINAL: PACKAGE_USAGE_STATS
2025-12-09 16:00:17.927 26577-26577 AutoPermissionManager   pid-26577                            I  📊 ========================================
2025-12-09 16:00:17.927 26577-26577 AutoPermissionManager   pid-26577                            I  📊 ✅ PACKAGE_USAGE_STATS está ATIVA!
2025-12-09 16:00:17.927 26577-26577 AutoPermissionManager   pid-26577                            I  📊    SettingsGuard pode monitorar activities precisamente
2025-12-09 16:00:17.927 26577-26577 AutoPermissionManager   pid-26577                            I  📊 ========================================
2025-12-09 16:00:17.927 26577-26577 AutoPermissionManager   pid-26577                            I  ========================================
2025-12-09 16:00:17.927 26577-26577 CDCApplication          pid-26577                            I  🚀 PRIORIDADE 1: Iniciando serviços críticos IMEDIATAMENTE...
2025-12-09 16:00:17.928 26577-26577 CDCApplication          pid-26577                            I  🛡️ ========================================
2025-12-09 16:00:17.928 26577-26577 CDCApplication          pid-26577                            I  🛡️ INICIANDO SETTINGSGUARD IMEDIATAMENTE
2025-12-09 16:00:17.928 26577-26577 CDCApplication          pid-26577                            I  🛡️ ========================================
2025-12-09 16:00:17.928 26577-26577 CDCApplication          pid-26577                            I  🛡️ Device Owner detectado - proteção máxima iniciando...
2025-12-09 16:00:17.928 26577-26577 SettingsGuardService    pid-26577                            I  
2025-12-09 16:00:17.928 26577-26577 SettingsGuardService    pid-26577                            I  ╔════════════════════════════════════════════════════════╗
2025-12-09 16:00:17.928 26577-26577 SettingsGuardService    pid-26577                            I  ║   🛡️ SETTINGSGUARD - INICIALIZAÇÃO                    ║
2025-12-09 16:00:17.928 26577-26577 SettingsGuardService    pid-26577                            I  ╠════════════════════════════════════════════════════════╣
2025-12-09 16:00:17.930 26577-26577 SettingsGuardService    pid-26577                            I  ║   📱 Modo proteção: DEVICE_OWNER                    ║
2025-12-09 16:00:17.930 26577-26577 SettingsGuardService    pid-26577                            I  ║   📊 UsageStats: ✅ CONCEDIDA              ║
2025-12-09 16:00:17.930 26577-26577 SettingsGuardService    pid-26577                            I  ║   🪟 Overlay: ✅ CONCEDIDA                 ║
2025-12-09 16:00:17.930 26577-26577 SettingsGuardService    pid-26577                            I  ║   🔒 Device Owner: ✅ SIM                   ║
2025-12-09 16:00:17.931 26577-26577 SettingsGuardService    pid-26577                            I  ║   🔐 Device Admin: ✅ SIM                   ║
2025-12-09 16:00:17.931 26577-26577 SettingsGuardService    pid-26577                            I  ╚════════════════════════════════════════════════════════╝
2025-12-09 16:00:17.931 26577-26577 SettingsGuardService    pid-26577                            I  🛡️ SettingsGuard INICIADO
2025-12-09 16:00:17.931 26577-26577 SettingsGuardService    pid-26577                            I     Modo de proteção: DEVICE_OWNER
2025-12-09 16:00:17.931 26577-26577 SettingsGuardService    pid-26577                            I     ✅ Device Owner: Proteção máxima ativa (setUninstallBlocked)
2025-12-09 16:00:17.931 26577-26577 SettingsGuardService    pid-26577                            I     📡 MONITORAMENTO ATIVO - protegendo telas de Settings/App Info
2025-12-09 16:00:17.931 26577-26577 SettingsGuardService    pid-26577                            I     📡 Mesmo com setUninstallBlocked, usuário não pode ver telas de admin
2025-12-09 16:00:17.931 26577-26577 SettingsGuardService    pid-26577                            I  🔍 ========================================
2025-12-09 16:00:17.931 26577-26577 SettingsGuardService    pid-26577                            I  🔍 INICIANDO MONITORAMENTO ATIVO DE SETTINGS
2025-12-09 16:00:17.931 26577-26577 SettingsGuardService    pid-26577                            I  🔍 ========================================
2025-12-09 16:00:17.932 26577-26577 SettingsGuardService    pid-26577                            I  ✅ USAGE_STATS concedida - monitoramento preciso ativo
2025-12-09 16:00:17.932 26577-26577 SettingsGuardService    pid-26577                            I  📢 Notificação de permissão USAGE_STATS cancelada
2025-12-09 16:00:17.932 26577-26577 SettingsGuardService    pid-26577                            I  ✅ OVERLAY concedida - overlays funcionarão
2025-12-09 16:00:17.932 26577-26577 SettingsGuardService    pid-26577                            I  🔍 Intervalo normal: 5000ms
2025-12-09 16:00:17.932 26577-26577 SettingsGuardService    pid-26577                            I  🔍 Intervalo agressivo: 2000ms
2025-12-09 16:00:17.932 26577-26577 SettingsGuardService    pid-26577                            I  🔍 ========================================
2025-12-09 16:00:17.934 26577-26577 CDCApplication          pid-26577                            I  🛡️ ✅ SettingsGuardService iniciado com sucesso!
2025-12-09 16:00:17.934 26577-26577 CDCApplication          pid-26577                            I  🛡️    Dispositivo protegido contra acesso a Settings
2025-12-09 16:00:17.934 26577-26577 CDCApplication          pid-26577                            I  🛡️ ========================================
2025-12-09 16:00:17.934 26577-26577 CDCApplication          pid-26577                            I  🔒 Iniciando sistema Keep Alive...
2025-12-09 16:00:17.934 26577-26577 KeepAliveManager        pid-26577                            I  🔒 ========================================
2025-12-09 16:00:17.934 26577-26577 KeepAliveManager        pid-26577                            I  🔒 INICIANDO SISTEMA KEEP ALIVE
2025-12-09 16:00:17.934 26577-26577 KeepAliveManager        pid-26577                            I  🔒 ========================================
2025-12-09 16:00:17.937 26577-26577 KeepAliveManager        pid-26577                            I  ✅ ServiceWatchdogWorker agendado (15min)
2025-12-09 16:00:17.939 26577-26604 SettingsGuardService    pid-26577                            D  📋 Activity check - Full: com.android.launcher3.uioverrides.QuickstepLauncher, Simple: QuickstepLauncher
2025-12-09 16:00:17.940 26577-26577 KeepAliveManager        pid-26577                            I  ✅ AlarmManager wakeup agendado (10min)
2025-12-09 16:00:17.942 26577-26577 KeepAliveManager        pid-26577                            I  ✅ App isento de otimização de bateria
2025-12-09 16:00:17.942 26577-26577 KeepAliveManager        pid-26577                            I  🔒 Sistema Keep Alive ativo
2025-12-09 16:00:17.943 26577-26577 KeepAliveManager        pid-26577                            I  🔒 - WorkManager: verificação a cada 15min
2025-12-09 16:00:17.943 26577-26577 KeepAliveManager        pid-26577                            I  🔒 - AlarmManager: wakeup a cada 10min
2025-12-09 16:00:17.943 26577-26577 KeepAliveManager        pid-26577                            I  🔒 ========================================
2025-12-09 16:00:17.945 26577-26577 CDCApplication          pid-26577                            I  📊 Keep Alive Stats:
2025-12-09 16:00:17.945 26577-26577 CDCApplication          pid-26577                            I     - Restarts anteriores: 0
2025-12-09 16:00:17.945 26577-26577 CDCApplication          pid-26577                            I     - Otimização bateria: NÃO (bom)
2025-12-09 16:00:17.946 26577-26600 CompatChangeReporter    pid-26577                            D  Compat change id reported: 311402873; UID 10287; state: ENABLED
2025-12-09 16:00:17.946 26577-26600 CompatChangeReporter    pid-26577                            D  Compat change id reported: 323349338; UID 10287; state: ENABLED
2025-12-09 16:00:17.948  1565-3895  CompatChangeReporter    pid-1565                             D  Compat change id reported: 311402873; UID 10287; state: ENABLED
2025-12-09 16:00:17.948  1565-3895  CompatChangeReporter    pid-1565                             D  Compat change id reported: 323349338; UID 10287; state: ENABLED
2025-12-09 16:00:17.969   658-26567 keystore2               pid-658                              I  system/security/keystore2/src/security_level.rs:235 - create_operation start
2025-12-09 16:00:17.969   658-26567 keystore2               pid-658                              I  system/security/keystore2/src/security_level.rs:237 - caller_pid=26577
2025-12-09 16:00:17.969   658-26567 keystore2               pid-658                              I  system/security/keystore2/src/security_level.rs:238 - caller_uid=10287
2025-12-09 16:00:17.969   658-26567 keystore2               pid-658                              I  system/security/keystore2/src/security_level.rs:239 - forced=false
2025-12-09 16:00:17.969   658-26567 keystore2               pid-658                              I  system/security/keystore2/src/security_level.rs:240 - key.domain=r#KEY_ID
2025-12-09 16:00:17.969   658-26567 keystore2               pid-658                              I  system/security/keystore2/src/security_level.rs:241 - key.alias=None
2025-12-09 16:00:17.969   658-26567 keystore2               pid-658                              I  system/security/keystore2/src/security_level.rs:277 - with_try_import start
2025-12-09 16:00:17.970   658-26567 keystore2               pid-658                              I  system/security/keystore2/src/security_level.rs:299 - with_try_import end
2025-12-09 16:00:17.970   658-26567 keystore2               pid-658                              I  system/security/keystore2/src/security_level.rs:333 - authorize_create start
2025-12-09 16:00:17.970   658-26567 keystore2               pid-658                              I  system/security/keystore2/src/security_level.rs:344 - authorize_create end
2025-12-09 16:00:17.970   658-26567 keystore2               pid-658                              I  system/security/keystore2/src/security_level.rs:345 - unwrap_key_if_required start
2025-12-09 16:00:17.970   658-26567 keystore2               pid-658                              I  system/security/keystore2/src/security_level.rs:353 - unwrap_key_if_required end
2025-12-09 16:00:17.970   658-26567 keystore2               pid-658                              I  system/security/keystore2/src/security_level.rs:354 - upgrade_keyblob_if_required_with start
2025-12-09 16:00:17.971   660-660   TlcKM                   pid-660                              D  TEE_Begin 5.0
2025-12-09 16:00:17.971   660-660   TlcKM                   pid-660                              D  purpose = 0x00000000
2025-12-09 16:00:17.973   660-660   TlcKM                   pid-660                              D  find_spare_operation_slot: allocate op 0x63657bfad8bd7fb7 to slot #0 (1 ops live)
2025-12-09 16:00:17.973   660-660   TlcKM                   pid-660                              D  TEE_Begin exiting with 0
2025-12-09 16:00:17.974   658-26567 keystore2               pid-658                              I  system/security/keystore2/src/security_level.rs:395 - upgrade_keyblob_if_required_with end
2025-12-09 16:00:17.974   658-26567 keystore2               pid-658                              I  system/security/keystore2/src/enforcements.rs:249 - finalize_create_authorization self.state=NoAuthRequired
2025-12-09 16:00:17.974   658-26567 keystore2               pid-658                              I  system/security/keystore2/src/security_level.rs:401 - operation_db.create_operation start
2025-12-09 16:00:17.974   658-26567 keystore2               pid-658                              I  system/security/keystore2/src/security_level.rs:419 - operation_db.create_operation end
2025-12-09 16:00:17.975   660-660   TlcKM                   pid-660                              D  TEE_Update
2025-12-09 16:00:17.975   660-660   TlcKM                   pid-660                              D  split_update_chunks
2025-12-09 16:00:17.978   660-660   TlcKM                   pid-660                              D  TEE_Update exiting with 0
2025-12-09 16:00:17.979   660-660   TlcKM                   pid-660                              D  TEE_Finish
2025-12-09 16:00:17.979   660-660   TlcKM                   pid-660                              D  split_update_chunks
2025-12-09 16:00:17.981   660-660   TlcKM                   pid-660                              D  release_operation_slot: release op slot #0 (handle 0x63657bfad8bd7fb7; 0 ops live)
2025-12-09 16:00:17.981   660-660   TlcKM                   pid-660                              D  TEE_Finish exiting with 0
2025-12-09 16:00:17.981   660-660   TlcKM                   pid-660                              D  TEE_Abort
2025-12-09 16:00:17.981   660-660   TlcKM                   pid-660                              E  lookup_operation: op 0x63657bfad8bd7fb7 not found
2025-12-09 16:00:17.981   660-660   TlcKM                   pid-660                              E  lookup_operation(session, operation_handle, &op) == -28
2025-12-09 16:00:17.981   660-660   TlcKM                   pid-660                              D  TEE_Abort exiting with -28
2025-12-09 16:00:17.982   658-26567 keystore2               pid-658                              I  system/security/keystore2/src/security_level.rs:235 - create_operation start
2025-12-09 16:00:17.982   658-26567 keystore2               pid-658                              I  system/security/keystore2/src/security_level.rs:237 - caller_pid=26577
2025-12-09 16:00:17.982   658-26567 keystore2               pid-658                              I  system/security/keystore2/src/security_level.rs:238 - caller_uid=10287
2025-12-09 16:00:17.982   658-26567 keystore2               pid-658                              I  system/security/keystore2/src/security_level.rs:239 - forced=false
2025-12-09 16:00:17.982   658-26567 keystore2               pid-658                              I  system/security/keystore2/src/security_level.rs:240 - key.domain=r#KEY_ID
2025-12-09 16:00:17.982   658-26567 keystore2               pid-658                              I  system/security/keystore2/src/security_level.rs:241 - key.alias=None
