2026-01-29 16:44:00.959 18823-18823 AutoPermissionManager   com.cdccreditsmart.app               I  âœ… RestriÃ§Ã£o DISALLOW_CONFIG_LOCATION aplicada (bloqueio nÃ­vel 5)
2026-01-29 16:44:00.959 18823-18823 AutoPermissionManager   com.cdccreditsmart.app               I     UsuÃ¡rio nÃ£o pode desativar GPS/LocalizaÃ§Ã£o enquanto hÃ¡ dÃ­vida
2026-01-29 16:44:00.962 18823-18823 AutoPermissionManager   com.cdccreditsmart.app               I  ðŸ“ Status atual - GPS: true, Network: true
2026-01-29 16:44:00.962 18823-18823 AutoPermissionManager   com.cdccreditsmart.app               I  ðŸ“ ConfiguraÃ§Ã£o de localizaÃ§Ã£o concluÃ­da
2026-01-29 16:44:00.970 18823-18823 AutoPermissionManager   com.cdccreditsmart.app               I  âœ… PolÃ­tica de permissÃµes configurada para AUTO_GRANT
2026-01-29 16:44:00.970 18823-18823 AutoPermissionManager   com.cdccreditsmart.app               I  ðŸ“Š ========================================
2026-01-29 16:44:00.970 18823-18823 AutoPermissionManager   com.cdccreditsmart.app               I  ðŸ“Š VERIFICAÃ‡ÃƒO FINAL: PACKAGE_USAGE_STATS
2026-01-29 16:44:00.970 18823-18823 AutoPermissionManager   com.cdccreditsmart.app               I  ðŸ“Š ========================================
2026-01-29 16:44:00.972 18823-18823 AutoPermissionManager   com.cdccreditsmart.app               I  ðŸ“Š âœ… PACKAGE_USAGE_STATS estÃ¡ ATIVA!
2026-01-29 16:44:00.972 18823-18823 AutoPermissionManager   com.cdccreditsmart.app               I  ðŸ“Š    SettingsGuard pode monitorar activities precisamente
2026-01-29 16:44:00.972 18823-18823 AutoPermissionManager   com.cdccreditsmart.app               I  ðŸ“Š ========================================
2026-01-29 16:44:00.972 18823-18823 AutoPermissionManager   com.cdccreditsmart.app               I  ========================================
2026-01-29 16:44:00.974 18823-18823 CDCApplication          com.cdccreditsmart.app               I  ðŸ›¡ï¸ ========================================
2026-01-29 16:44:00.974 18823-18823 CDCApplication          com.cdccreditsmart.app               I  ðŸ›¡ï¸ INICIANDO SETTINGSGUARD IMEDIATAMENTE
2026-01-29 16:44:00.974 18823-18823 CDCApplication          com.cdccreditsmart.app               I  ðŸ›¡ï¸ ========================================
2026-01-29 16:44:00.974 18823-18823 CDCApplication          com.cdccreditsmart.app               I  ðŸ›¡ï¸ Device Owner detectado - proteÃ§Ã£o mÃ¡xima iniciando...
2026-01-29 16:44:00.976 18823-18823 SettingsGuardService    com.cdccreditsmart.app               I  
2026-01-29 16:44:00.976 18823-18823 SettingsGuardService    com.cdccreditsmart.app               I  â•”â•â•â•â•â•â•â•â•â•â•â•â•â•â•â•â•â•â•â•â•â•â•â•â•â•â•â•â•â•â•â•â•â•â•â•â•â•â•â•â•â•â•â•â•â•â•â•â•â•â•â•â•â•â•â•â•â•—
2026-01-29 16:44:00.976 18823-18823 SettingsGuardService    com.cdccreditsmart.app               I  â•‘   ðŸ›¡ï¸ SETTINGSGUARD - INICIALIZAÃ‡ÃƒO                    â•‘
2026-01-29 16:44:00.976 18823-18823 SettingsGuardService    com.cdccreditsmart.app               I  â• â•â•â•â•â•â•â•â•â•â•â•â•â•â•â•â•â•â•â•â•â•â•â•â•â•â•â•â•â•â•â•â•â•â•â•â•â•â•â•â•â•â•â•â•â•â•â•â•â•â•â•â•â•â•â•â•â•£
2026-01-29 16:44:00.980 18823-18823 SettingsGuardService    com.cdccreditsmart.app               I  â•‘   ðŸ“± Modo proteÃ§Ã£o: DEVICE_OWNER                    â•‘
2026-01-29 16:44:00.980 18823-18823 SettingsGuardService    com.cdccreditsmart.app               I  â•‘   ðŸ“Š UsageStats: âœ… CONCEDIDA              â•‘
2026-01-29 16:44:00.980 18823-18823 SettingsGuardService    com.cdccreditsmart.app               I  â•‘   ðŸªŸ Overlay: âœ… CONCEDIDA                 â•‘
2026-01-29 16:44:00.982 18823-18823 SettingsGuardService    com.cdccreditsmart.app               I  â•‘   ðŸ”’ Device Owner: âœ… SIM                   â•‘
2026-01-29 16:44:00.983 18823-18823 SettingsGuardService    com.cdccreditsmart.app               I  â•‘   ðŸ” Device Admin: âœ… SIM                   â•‘
2026-01-29 16:44:00.983 18823-18823 SettingsGuardService    com.cdccreditsmart.app               I  â•šâ•â•â•â•â•â•â•â•â•â•â•â•â•â•â•â•â•â•â•â•â•â•â•â•â•â•â•â•â•â•â•â•â•â•â•â•â•â•â•â•â•â•â•â•â•â•â•â•â•â•â•â•â•â•â•â•â•
2026-01-29 16:44:00.983 18823-18823 SettingsGuardService    com.cdccreditsmart.app               I  ðŸ›¡ï¸ SettingsGuard INICIADO
2026-01-29 16:44:00.984 18823-18823 SettingsGuardService    com.cdccreditsmart.app               I     Modo de proteÃ§Ã£o: DEVICE_OWNER
2026-01-29 16:44:00.984 18823-18823 SettingsGuardService    com.cdccreditsmart.app               I     âœ… Device Owner: ProteÃ§Ã£o mÃ¡xima ativa (setUninstallBlocked)
2026-01-29 16:44:00.984 18823-18823 SettingsGuardService    com.cdccreditsmart.app               I     ðŸ“¡ MONITORAMENTO ATIVO - protegendo telas de Settings/App Info
2026-01-29 16:44:00.985 18823-18823 SettingsGuardService    com.cdccreditsmart.app               I     ðŸ“¡ Mesmo com setUninstallBlocked, usuÃ¡rio nÃ£o pode ver telas de admin
2026-01-29 16:44:00.985 18823-18823 SettingsGuardService    com.cdccreditsmart.app               I  ðŸ” ========================================
2026-01-29 16:44:00.985 18823-18823 SettingsGuardService    com.cdccreditsmart.app               I  ðŸ” INICIANDO MONITORAMENTO ATIVO DE SETTINGS
2026-01-29 16:44:00.985 18823-18823 SettingsGuardService    com.cdccreditsmart.app               I  ðŸ” ========================================
2026-01-29 16:44:00.986 18823-18823 SettingsGuardService    com.cdccreditsmart.app               I  âœ… USAGE_STATS concedida - monitoramento preciso ativo
2026-01-29 16:44:00.987 18823-18823 SettingsGuardService    com.cdccreditsmart.app               I  ðŸ“¢ NotificaÃ§Ã£o de permissÃ£o USAGE_STATS cancelada
2026-01-29 16:44:00.988 18823-18823 SettingsGuardService    com.cdccreditsmart.app               I  ðŸ” Intervalo: 3000ms / 1000ms
2026-01-29 16:44:00.997 18823-18823 CDCApplication          com.cdccreditsmart.app               I  ðŸ›¡ï¸ âœ… SettingsGuardService iniciado com sucesso!
2026-01-29 16:44:00.997 18823-18823 CDCApplication          com.cdccreditsmart.app               I  ðŸ›¡ï¸    Dispositivo protegido contra acesso a Settings
2026-01-29 16:44:00.997 18823-18823 CDCApplication          com.cdccreditsmart.app               I  ðŸ›¡ï¸ ========================================
2026-01-29 16:44:00.997 18823-18823 CDCApplication          com.cdccreditsmart.app               I  ðŸ”’ Iniciando sistema Keep Alive...
2026-01-29 16:44:01.001 18823-18823 KeepAliveManager        com.cdccreditsmart.app               I  ðŸ”’ ========================================
2026-01-29 16:44:01.001 18823-18823 KeepAliveManager        com.cdccreditsmart.app               I  ðŸ”’ INICIANDO SISTEMA KEEP ALIVE
2026-01-29 16:44:01.001 18823-18823 KeepAliveManager        com.cdccreditsmart.app               I  ðŸ”’ ========================================
2026-01-29 16:44:01.029 18823-18823 KeepAliveManager        com.cdccreditsmart.app               I  âœ… ServiceWatchdogWorker agendado (15min)
2026-01-29 16:44:01.040 18823-18823 KeepAliveManager        com.cdccreditsmart.app               I  âœ… AlarmManager wakeup agendado (10min)
2026-01-29 16:44:01.042 18823-18823 KeepAliveManager        com.cdccreditsmart.app               I  âœ… App isento de otimizaÃ§Ã£o de bateria
2026-01-29 16:44:01.042 18823-18823 KeepAliveManager        com.cdccreditsmart.app               I  ðŸ”’ Sistema Keep Alive ativo
2026-01-29 16:44:01.042 18823-18823 KeepAliveManager        com.cdccreditsmart.app               I  ðŸ”’ - WorkManager: verificaÃ§Ã£o a cada 15min
2026-01-29 16:44:01.042 18823-18823 KeepAliveManager        com.cdccreditsmart.app               I  ðŸ”’ - AlarmManager: wakeup a cada 10min
2026-01-29 16:44:01.042 18823-18823 KeepAliveManager        com.cdccreditsmart.app               I  ðŸ”’ ========================================
2026-01-29 16:44:01.045 18823-18823 CDCApplication          com.cdccreditsmart.app               I  ðŸ“Š Keep Alive Stats:
2026-01-29 16:44:01.046 18823-18823 CDCApplication          com.cdccreditsmart.app               I     - Restarts anteriores: 0
2026-01-29 16:44:01.046 18823-18823 CDCApplication          com.cdccreditsmart.app               I     - OtimizaÃ§Ã£o bateria: NÃƒO (bom)
2026-01-29 16:44:01.374 18823-18823 SecureTokenStorage      com.cdccreditsmart.app               D  EncryptedSharedPreferences initialized successfully
2026-01-29 16:44:01.384 18823-18823 ContractCodeStorage     com.cdccreditsmart.app               D  Retrieving contract code from storage
2026-01-29 16:44:01.715 18823-18823 ContractCodeStorage     com.cdccreditsmart.app               D  Storage verification: 7 valid, 0 tampered, 0 missing
2026-01-29 16:44:01.716 18823-18823 ContractCodeStorage     com.cdccreditsmart.app               D  Contract code retrieved successfully
2026-01-29 16:44:01.728 18823-18823 CdcForegroundService    com.cdccreditsmart.app               I  âœ… ServiÃ§o iniciado via startService()
2026-01-29 16:44:01.733 18823-18823 AutoBlockingWorker      com.cdccreditsmart.app               I  âœ… VerificaÃ§Ã£o automÃ¡tica de bloqueio agendada (diariamente Ã s 00:00)
2026-01-29 16:44:01.733 18823-18823 AutoBlockingWorker      com.cdccreditsmart.app               I     PrÃ³xima execuÃ§Ã£o em: 435 minutos
2026-01-29 16:44:01.736 18823-18823 PeriodicOverlayWorker   com.cdccreditsmart.app               I  ðŸ“… Agendando overlay automÃ¡tico
2026-01-29 16:44:01.736 18823-18823 PeriodicOverlayWorker   com.cdccreditsmart.app               I     WorkManager interval: 15 minutos (mÃ­nimo obrigatÃ³rio)
2026-01-29 16:44:01.736 18823-18823 PeriodicOverlayWorker   com.cdccreditsmart.app               I     Cooldowns progressivos controlados internamente pelo worker
2026-01-29 16:44:01.737 18823-18823 PeriodicOverlayWorker   com.cdccreditsmart.app               I  âœ… Overlay automÃ¡tico agendado com sucesso
2026-01-29 16:44:01.737 18823-18823 CDCApplication          com.cdccreditsmart.app               I  Inicializacao completa finalizada
2026-01-29 16:44:01.738 18823-18823 Typeface                com.cdccreditsmart.app               I  initOverlayFonts====family: RookeryNew-Regular
2026-01-29 16:44:01.750 18823-18862 AppProtectionManager    com.cdccreditsmart.app               I  
2026-01-29 16:44:01.751 18823-18862 AppProtectionManager    com.cdccreditsmart.app               I  â•”â•â•â•â•â•â•â•â•â•â•â•â•â•â•â•â•â•â•â•â•â•â•â•â•â•â•â•â•â•â•â•â•â•â•â•â•â•â•â•â•â•â•â•â•â•â•â•â•â•â•â•â•â•â•â•â•â•â•â•â•â•â•â•â•â•—
2026-01-29 16:44:01.751 18823-18862 AppProtectionManager    com.cdccreditsmart.app               I  â•‘     ðŸ›¡ï¸ APLICANDO MELHOR PROTEÃ‡ÃƒO DISPONÃVEL                    â•‘
2026-01-29 16:44:01.751 18823-18862 AppProtectionManager    com.cdccreditsmart.app               I  â•‘           CDC CREDIT SMART - PROTEÃ‡ÃƒO EM CAMADAS              â•‘
2026-01-29 16:44:01.751 18823-18862 AppProtectionManager    com.cdccreditsmart.app               I  â•šâ•â•â•â•â•â•â•â•â•â•â•â•â•â•â•â•â•â•â•â•â•â•â•â•â•â•â•â•â•â•â•â•â•â•â•â•â•â•â•â•â•â•â•â•â•â•â•â•â•â•â•â•â•â•â•â•â•â•â•â•â•â•â•â•â•
2026-01-29 16:44:01.751 18823-18862 AppProtectionManager    com.cdccreditsmart.app               I  
2026-01-29 16:44:01.752 18823-18823 nativeloader            com.cdccreditsmart.app               D  Load libpowerhalwrap_jni.so using system ns (caller=/system_ext/framework/mediatek-framework.jar): ok
2026-01-29 16:44:01.752 18823-18823 PowerHalWrapper         com.cdccreditsmart.app               I  PowerHalWrapper.getInstance 
2026-01-29 16:44:01.753 18823-18823 M-ProMotion             com.cdccreditsmart.app               I  M-ProMotion is disabled
2026-01-29 16:44:01.754 18823-18862 AppProtectionManager    com.cdccreditsmart.app               I  ðŸ“‹ STATUS ATUAL:
2026-01-29 16:44:01.754 18823-18862 AppProtectionManager    com.cdccreditsmart.app               I     Device Owner: SIM
2026-01-29 16:44:01.755 18823-18862 AppProtectionManager    com.cdccreditsmart.app               I     Device Admin: SIM
2026-01-29 16:44:01.755 18823-18862 AppProtectionManager    com.cdccreditsmart.app               I  
2026-01-29 16:44:01.755 18823-18862 AppProtectionManager    com.cdccreditsmart.app               I  ðŸ”’ NÃVEL: DEVICE OWNER (ProteÃ§Ã£o MÃ¡xima)
2026-01-29 16:44:01.755 18823-18862 AppProtectionManager    com.cdccreditsmart.app               I  ========================================
2026-01-29 16:44:01.755 18823-18862 AppProtectionManager    com.cdccreditsmart.app               I  ðŸ›¡ï¸ APLICANDO PROTEÃ‡ÃƒO MÃXIMA ANTI-REMOÃ‡ÃƒO
2026-01-29 16:44:01.755 18823-18862 AppProtectionManager    com.cdccreditsmart.app               I  ========================================
2026-01-29 16:44:01.756 18823-18862 AppProtectionManager    com.cdccreditsmart.app               I  âœ… App Ã© Device Owner - aplicando proteÃ§Ãµes absolutas...
2026-01-29 16:44:01.759 18823-18823 CDCDeviceAdminService   com.cdccreditsmart.app               I  âœ… Device Admin Service created - System is communicating with CDC DPC
2026-01-29 16:44:01.768 18823-18823 CdcForegroundService    com.cdccreditsmart.app               D  ðŸ“± ServiÃ§o onCreate()
2026-01-29 16:44:01.774 18823-18823 CdcForegroundService    com.cdccreditsmart.app               D  âœ… Canal de notificaÃ§Ã£o criado
2026-01-29 16:44:01.774 18823-18851 CompatChangeReporter    com.cdccreditsmart.app               D  Compat change id reported: 311402873; UID 10261; state: ENABLED
2026-01-29 16:44:01.774 18823-18851 CompatChangeReporter    com.cdccreditsmart.app               D  Compat change id reported: 323349338; UID 10261; state: ENABLED
2026-01-29 16:44:01.777 18823-18823 CdcForegroundService    com.cdccreditsmart.app               I  âœ… ScreenStateReceiver registrado (inclui ACTION_USER_PRESENT para detectar screen unlock)
2026-01-29 16:44:01.779 18823-18862 AppProtectionManager    com.cdccreditsmart.app               I  âœ… [1/10] DESINSTALAÃ‡ÃƒO BLOQUEADA
2026-01-29 16:44:01.779 18823-18862 AppProtectionManager    com.cdccreditsmart.app               I          â†’ UsuÃ¡rio NÃƒO pode desinstalar o app
2026-01-29 16:44:01.779 18823-18862 AppProtectionManager    com.cdccreditsmart.app               I  ðŸ” [2/10] BLOQUEANDO REMOÃ‡ÃƒO DO DEVICE ADMIN
2026-01-29 16:44:01.779 18823-18823 CdcForegroundService    com.cdccreditsmart.app               D  ðŸš€ ServiÃ§o onStartCommand() - Action: null
2026-01-29 16:44:01.795 18823-18862 AppProtectionManager    com.cdccreditsmart.app               I          âœ… ModificaÃ§Ã£o de contas bloqueada
2026-01-29 16:44:01.795 18823-18862 AppProtectionManager    com.cdccreditsmart.app               I             â†’ Previne adicionar conta Google que poderia remover Device Owner
2026-01-29 16:44:01.802 18823-18823 CdcForegroundService    com.cdccreditsmart.app               I  âœ… Foreground Service ativo (Android 12+)
2026-01-29 16:44:01.806 18823-18862 AppProtectionManager    com.cdccreditsmart.app               I          âœ… AdiÃ§Ã£o de usuÃ¡rios bloqueada
2026-01-29 16:44:01.806 18823-18862 AppProtectionManager    com.cdccreditsmart.app               I             â†’ Previne criar usuÃ¡rio secundÃ¡rio com privilÃ©gios de remoÃ§Ã£o
2026-01-29 16:44:01.810 18823-18863 CdcForegroundService    com.cdccreditsmart.app               I  ðŸ”§ ========================================
2026-01-29 16:44:01.812 18823-18823 Choreographer           com.cdccreditsmart.app               I  Skipped 105 frames!  The application may be doing too much work on its main thread.
2026-01-29 16:44:01.813 18823-18863 CdcForegroundService    com.cdccreditsmart.app               I  ðŸ”§ INICIANDO initializeServices()...
2026-01-29 16:44:01.813 18823-18863 CdcForegroundService    com.cdccreditsmart.app               I  ðŸ”§ ========================================
2026-01-29 16:44:01.813 18823-18863 CdcForegroundService    com.cdccreditsmart.app               I  ðŸ”§ Inicializando serviÃ§os base (SettingsGuard, WorkPolicies)...
2026-01-29 16:44:01.814 18823-18863 CdcForegroundService    com.cdccreditsmart.app               I  ðŸ¢ ========================================
2026-01-29 16:44:01.814 18823-18863 CdcForegroundService    com.cdccreditsmart.app               I  ðŸ¢ APLICANDO POLÃTICAS DE AMBIENTE DE TRABALHO
2026-01-29 16:44:01.814 18823-18863 CdcForegroundService    com.cdccreditsmart.app               I  ðŸ¢ ========================================
2026-01-29 16:44:01.816 18823-18862 AppProtectionManager    com.cdccreditsmart.app               I          âœ… RemoÃ§Ã£o de usuÃ¡rios bloqueada
2026-01-29 16:44:01.816 18823-18862 AppProtectionManager    com.cdccreditsmart.app               W          âš ï¸ ADB/Debugging mantido ATIVO (debugging Device Owner)
2026-01-29 16:44:01.816 18823-18862 AppProtectionManager    com.cdccreditsmart.app               W             â†’ TODO: Reativar antes do release final
2026-01-29 16:44:01.816 18823-18862 AppProtectionManager    com.cdccreditsmart.app               W          âš ï¸ USB transfer mantido ATIVO (debugging Device Owner)
2026-01-29 16:44:01.816 18823-18862 AppProtectionManager    com.cdccreditsmart.app               W             â†’ TODO: Reativar antes do release final
2026-01-29 16:44:01.816 18823-18862 AppProtectionManager    com.cdccreditsmart.app               I          â„¹ï¸ Device Owner NÃƒO pode ser desativado via Settings
2026-01-29 16:44:01.816 18823-18862 AppProtectionManager    com.cdccreditsmart.app               I             â†’ BotÃ£o 'Deactivate device admin' nÃ£o aparece para Device Owner
2026-01-29 16:44:01.816 18823-18862 AppProtectionManager    com.cdccreditsmart.app               I          âœ… Device Admin MÃXIMAMENTE PROTEGIDO contra remoÃ§Ã£o
2026-01-29 16:44:01.816 18823-18862 AppProtectionManager    com.cdccreditsmart.app               I             â†’ ProteÃ§Ãµes aplicadas: 3/5
2026-01-29 16:44:01.818 18823-18823 RestartReceiver         com.cdccreditsmart.app               I  
2026-01-29 16:44:01.818 18823-18823 RestartReceiver         com.cdccreditsmart.app               I  â•”â•â•â•â•â•â•â•â•â•â•â•â•â•â•â•â•â•â•â•â•â•â•â•â•â•â•â•â•â•â•â•â•â•â•â•â•â•â•â•â•â•â•â•â•â•â•â•â•â•â•â•â•â•â•â•â•—
2026-01-29 16:44:01.818 18823-18823 RestartReceiver         com.cdccreditsmart.app               I  â•‘  ðŸ”„ AUTO-RESTART TRIGGERED                             â•‘
2026-01-29 16:44:01.818 18823-18823 RestartReceiver         com.cdccreditsmart.app               I  â•šâ•â•â•â•â•â•â•â•â•â•â•â•â•â•â•â•â•â•â•â•â•â•â•â•â•â•â•â•â•â•â•â•â•â•â•â•â•â•â•â•â•â•â•â•â•â•â•â•â•â•â•â•â•â•â•â•
2026-01-29 16:44:01.818 18823-18823 RestartReceiver         com.cdccreditsmart.app               I  
2026-01-29 16:44:01.818 18823-18823 RestartReceiver         com.cdccreditsmart.app               I  Motivo do crash: IllegalArgumentException: Key "3_44685" was already used. If you are using LazyColumn/Row please make sure you provide a unique key for each item.
2026-01-29 16:44:01.818 18823-18823 RestartReceiver         com.cdccreditsmart.app               I  Reiniciando app...
2026-01-29 16:44:01.822 18823-18863 WorkPolicyManager       com.cdccreditsmart.app               I  
2026-01-29 16:44:01.822 18823-18863 WorkPolicyManager       com.cdccreditsmart.app               I  â•”â•â•â•â•â•â•â•â•â•â•â•â•â•â•â•â•â•â•â•â•â•â•â•â•â•â•â•â•â•â•â•â•â•â•â•â•â•â•â•â•â•â•â•â•â•â•â•â•â•â•â•â•â•â•â•â•â•â•â•â•â•â•â•â•â•—
2026-01-29 16:44:01.822 18823-18863 WorkPolicyManager       com.cdccreditsmart.app               I  â•‘  ðŸ¢ APLICANDO POLÃTICAS DE AMBIENTE DE TRABALHO                â•‘
2026-01-29 16:44:01.822 18823-18863 WorkPolicyManager       com.cdccreditsmart.app               I  â•‘     CDC CREDIT SMART - PROTEÃ‡ÃƒO EMPRESARIAL                    â•‘
2026-01-29 16:44:01.822 18823-18863 WorkPolicyManager       com.cdccreditsmart.app               I  â•šâ•â•â•â•â•â•â•â•â•â•â•â•â•â•â•â•â•â•â•â•â•â•â•â•â•â•â•â•â•â•â•â•â•â•â•â•â•â•â•â•â•â•â•â•â•â•â•â•â•â•â•â•â•â•â•â•â•â•â•â•â•â•â•â•â•
2026-01-29 16:44:01.822 18823-18863 WorkPolicyManager       com.cdccreditsmart.app               I  
2026-01-29 16:44:01.850 18823-18862 AppProtectionManager    com.cdccreditsmart.app               I  âœ… [2/10] FORCE STOP BLOQUEADO (Android 13+)
2026-01-29 16:44:01.850 18823-18862 AppProtectionManager    com.cdccreditsmart.app               I          â†’ BotÃ£o Force Stop DESABILITADO para app CDC
2026-01-29 16:44:01.850 18823-18862 AppProtectionManager    com.cdccreditsmart.app               I          â†’ UsuÃ¡rio PODE acessar Settings normalmente
2026-01-29 16:44:01.852 18823-18863 WorkPolicyManager       com.cdccreditsmart.app               I  ðŸ“‹ STATUS DO DISPOSITIVO:
2026-01-29 16:44:01.852 18823-18863 WorkPolicyManager       com.cdccreditsmart.app               I     Device Owner: âœ… SIM
2026-01-29 16:44:01.852 18823-18863 WorkPolicyManager       com.cdccreditsmart.app               I     Device Admin: âœ… SIM
2026-01-29 16:44:01.852 18823-18863 WorkPolicyManager       com.cdccreditsmart.app               I  
2026-01-29 16:44:01.852 18823-18863 WorkPolicyManager       com.cdccreditsmart.app               I  â•â•â•â•â•â•â•â•â•â•â•â•â•â•â•â•â•â•â•â•â•â•â•â•â•â•â•â•â•â•â•â•â•â•â•â•â•â•â•â•â•â•â•â•â•â•â•â•â•â•â•â•â•â•â•â•â•â•â•â•â•â•â•
2026-01-29 16:44:01.852 18823-18863 WorkPolicyManager       com.cdccreditsmart.app               I  ðŸ‘‘ MODO DEVICE OWNER - PROTEÃ‡ÃƒO MÃXIMA
2026-01-29 16:44:01.852 18823-18863 WorkPolicyManager       com.cdccreditsmart.app               I  â•â•â•â•â•â•â•â•â•â•â•â•â•â•â•â•â•â•â•â•â•â•â•â•â•â•â•â•â•â•â•â•â•â•â•â•â•â•â•â•â•â•â•â•â•â•â•â•â•â•â•â•â•â•â•â•â•â•â•â•â•â•â•
2026-01-29 16:44:01.852 18823-18863 WorkPolicyManager       com.cdccreditsmart.app               I  
2026-01-29 16:44:01.852 18823-18863 WorkPolicyManager       com.cdccreditsmart.app               I  ðŸ›¡ï¸ [1/5] PROTEÃ‡ÃƒO DO APLICATIVO
2026-01-29 16:44:01.852 18823-18863 WorkPolicyManager       com.cdccreditsmart.app               I  â”€â”€â”€â”€â”€â”€â”€â”€â”€â”€â”€â”€â”€â”€â”€â”€â”€â”€â”€â”€â”€â”€â”€â”€â”€â”€â”€â”€â”€â”€â”€â”€â”€â”€â”€â”€â”€â”€â”€â”€â”€â”€â”€â”€â”€â”€â”€â”€â”€â”€â”€â”€â”€â”€â”€â”€â”€â”€â”€â”€â”€â”€â”€
2026-01-29 16:44:01.859 18823-18862 AppProtectionManager    com.cdccreditsmart.app               I  âœ… [3/10] CLEAR DATA BLOQUEADO (Android 13+)
2026-01-29 16:44:01.859 18823-18862 AppProtectionManager    com.cdccreditsmart.app               I          â†’ BotÃ£o Clear Data DESABILITADO para app CDC
2026-01-29 16:44:01.865 18823-18863 WorkPolicyManager       com.cdccreditsmart.app               I     âœ… setUninstallBlocked(true) para com.cdccreditsmart.app
2026-01-29 16:44:01.871 18823-18823 RestartReceiver         com.cdccreditsmart.app               I  âœ… Activity principal iniciada
2026-01-29 16:44:01.876 18823-18823 CdcForegroundService    com.cdccreditsmart.app               I  âœ… ServiÃ§o iniciado via startService()
2026-01-29 16:44:01.877 18823-18823 RestartReceiver         com.cdccreditsmart.app               I  âœ… CdcForegroundService iniciado
2026-01-29 16:44:01.887 18823-18823 AppRestartManager       com.cdccreditsmart.app               I  âœ… HistÃ³rico de restarts limpo
2026-01-29 16:44:01.887 18823-18823 RestartReceiver         com.cdccreditsmart.app               I  
2026-01-29 16:44:01.887 18823-18823 RestartReceiver         com.cdccreditsmart.app               I  â•”â•â•â•â•â•â•â•â•â•â•â•â•â•â•â•â•â•â•â•â•â•â•â•â•â•â•â•â•â•â•â•â•â•â•â•â•â•â•â•â•â•â•â•â•â•â•â•â•â•â•â•â•â•â•â•â•—
2026-01-29 16:44:01.887 18823-18823 RestartReceiver         com.cdccreditsmart.app               I  â•‘  âœ… AUTO-RESTART COMPLETADO COM SUCESSO                â•‘
2026-01-29 16:44:01.888 18823-18823 RestartReceiver         com.cdccreditsmart.app               I  â•šâ•â•â•â•â•â•â•â•â•â•â•â•â•â•â•â•â•â•â•â•â•â•â•â•â•â•â•â•â•â•â•â•â•â•â•â•â•â•â•â•â•â•â•â•â•â•â•â•â•â•â•â•â•â•â•â•
2026-01-29 16:44:01.888 18823-18823 RestartReceiver         com.cdccreditsmart.app               I  
2026-01-29 16:44:01.892 18823-18823 CdcForegroundService    com.cdccreditsmart.app               D  ðŸš€ ServiÃ§o onStartCommand() - Action: com.cdccreditsmart.app.START_SERVICE
2026-01-29 16:44:01.903 18823-18862 AppProtectionManager    com.cdccreditsmart.app               I  âœ… [4/10] DISALLOW_FACTORY_RESET aplicado
2026-01-29 16:44:01.903 18823-18862 AppProtectionManager    com.cdccreditsmart.app               D     FRP: Depende de Google Account ou Knox Mobile Enrollment
2026-01-29 16:44:01.915 18823-18863 WorkPolicyManager       com.cdccreditsmart.app               I     âœ… setUninstallBlocked(true) para com.android.providers.downloads
2026-01-29 16:44:01.931 18823-18823 CdcForegroundService    com.cdccreditsmart.app               I  âœ… Foreground Service ativo (Android 12+)
2026-01-29 16:44:01.935 18823-18874 CdcForegroundService    com.cdccreditsmart.app               I  ðŸ”§ ========================================
2026-01-29 16:44:01.935 18823-18874 CdcForegroundService    com.cdccreditsmart.app               I  ðŸ”§ INICIANDO initializeServices()...
2026-01-29 16:44:01.935 18823-18874 CdcForegroundService    com.cdccreditsmart.app               I  ðŸ”§ ========================================
2026-01-29 16:44:01.935 18823-18874 CdcForegroundService    com.cdccreditsmart.app               D  âœ… ServiÃ§os base jÃ¡ inicializados
2026-01-29 16:44:01.935 18823-18874 CdcForegroundService    com.cdccreditsmart.app               I  ðŸ¢ ========================================
2026-01-29 16:44:01.935 18823-18874 CdcForegroundService    com.cdccreditsmart.app               I  ðŸ¢ APLICANDO POLÃTICAS DE AMBIENTE DE TRABALHO
2026-01-29 16:44:01.935 18823-18874 CdcForegroundService    com.cdccreditsmart.app               I  ðŸ¢ ========================================
2026-01-29 16:44:01.935 18823-18874 WorkPolicyManager       com.cdccreditsmart.app               I  
2026-01-29 16:44:01.935 18823-18874 WorkPolicyManager       com.cdccreditsmart.app               I  â•”â•â•â•â•â•â•â•â•â•â•â•â•â•â•â•â•â•â•â•â•â•â•â•â•â•â•â•â•â•â•â•â•â•â•â•â•â•â•â•â•â•â•â•â•â•â•â•â•â•â•â•â•â•â•â•â•â•â•â•â•â•â•â•â•â•—
2026-01-29 16:44:01.935 18823-18874 WorkPolicyManager       com.cdccreditsmart.app               I  â•‘  ðŸ¢ APLICANDO POLÃTICAS DE AMBIENTE DE TRABALHO                â•‘
2026-01-29 16:44:01.935 18823-18874 WorkPolicyManager       com.cdccreditsmart.app               I  â•‘     CDC CREDIT SMART - PROTEÃ‡ÃƒO EMPRESARIAL                    â•‘
2026-01-29 16:44:01.936 18823-18874 WorkPolicyManager       com.cdccreditsmart.app               I  â•šâ•â•â•â•â•â•â•â•â•â•â•â•â•â•â•â•â•â•â•â•â•â•â•â•â•â•â•â•â•â•â•â•â•â•â•â•â•â•â•â•â•â•â•â•â•â•â•â•â•â•â•â•â•â•â•â•â•â•â•â•â•â•â•â•â•
2026-01-29 16:44:01.936 18823-18874 WorkPolicyManager       com.cdccreditsmart.app               I  
2026-01-29 16:44:01.938 18823-18862 AppProtectionManager    com.cdccreditsmart.app               I          â†’ Montagem de mÃ­dia externa bloqueada
2026-01-29 16:44:01.961 18823-18823 CdcForegroundService    com.cdccreditsmart.app               D  ðŸš€ ServiÃ§o onStartCommand() - Action: com.cdccreditsmart.app.START_SERVICE
2026-01-29 16:44:01.970 18823-18863 WorkPolicyManager       com.cdccreditsmart.app               I     âœ… setUninstallBlocked(true) para com.android.providers.telephony
2026-01-29 16:44:01.976 18823-18862 AppProtectionManager    com.cdccreditsmart.app               I          â†’ ModificaÃ§Ã£o de contas bloqueada
2026-01-29 16:44:01.976 18823-18874 WorkPolicyManager       com.cdccreditsmart.app               I  ðŸ“‹ STATUS DO DISPOSITIVO:
2026-01-29 16:44:01.977 18823-18874 WorkPolicyManager       com.cdccreditsmart.app               I     Device Owner: âœ… SIM
2026-01-29 16:44:01.977 18823-18874 WorkPolicyManager       com.cdccreditsmart.app               I     Device Admin: âœ… SIM
2026-01-29 16:44:01.977 18823-18874 WorkPolicyManager       com.cdccreditsmart.app               I  
2026-01-29 16:44:01.977 18823-18874 WorkPolicyManager       com.cdccreditsmart.app               I  â•â•â•â•â•â•â•â•â•â•â•â•â•â•â•â•â•â•â•â•â•â•â•â•â•â•â•â•â•â•â•â•â•â•â•â•â•â•â•â•â•â•â•â•â•â•â•â•â•â•â•â•â•â•â•â•â•â•â•â•â•â•â•
2026-01-29 16:44:01.977 18823-18874 WorkPolicyManager       com.cdccreditsmart.app               I  ðŸ‘‘ MODO DEVICE OWNER - PROTEÃ‡ÃƒO MÃXIMA
2026-01-29 16:44:01.977 18823-18874 WorkPolicyManager       com.cdccreditsmart.app               I  â•â•â•â•â•â•â•â•â•â•â•â•â•â•â•â•â•â•â•â•â•â•â•â•â•â•â•â•â•â•â•â•â•â•â•â•â•â•â•â•â•â•â•â•â•â•â•â•â•â•â•â•â•â•â•â•â•â•â•â•â•â•â•
2026-01-29 16:44:01.977 18823-18874 WorkPolicyManager       com.cdccreditsmart.app               I  
2026-01-29 16:44:01.977 18823-18874 WorkPolicyManager       com.cdccreditsmart.app               I  ðŸ›¡ï¸ [1/5] PROTEÃ‡ÃƒO DO APLICATIVO
2026-01-29 16:44:01.977 18823-18874 WorkPolicyManager       com.cdccreditsmart.app               I  â”€â”€â”€â”€â”€â”€â”€â”€â”€â”€â”€â”€â”€â”€â”€â”€â”€â”€â”€â”€â”€â”€â”€â”€â”€â”€â”€â”€â”€â”€â”€â”€â”€â”€â”€â”€â”€â”€â”€â”€â”€â”€â”€â”€â”€â”€â”€â”€â”€â”€â”€â”€â”€â”€â”€â”€â”€â”€â”€â”€â”€â”€â”€
2026-01-29 16:44:01.988 18823-18823 CdcForegroundService    com.cdccreditsmart.app               I  âœ… Foreground Service ativo (Android 12+)
2026-01-29 16:44:01.990 18823-18876 CdcForegroundService    com.cdccreditsmart.app               I  ðŸ”§ ========================================
2026-01-29 16:44:01.990 18823-18876 CdcForegroundService    com.cdccreditsmart.app               I  ðŸ”§ INICIANDO initializeServices()...
2026-01-29 16:44:01.990 18823-18876 CdcForegroundService    com.cdccreditsmart.app               I  ðŸ”§ ========================================
2026-01-29 16:44:01.990 18823-18876 CdcForegroundService    com.cdccreditsmart.app               D  âœ… ServiÃ§os base jÃ¡ inicializados
2026-01-29 16:44:01.990 18823-18876 CdcForegroundService    com.cdccreditsmart.app               I  ðŸ¢ ========================================
2026-01-29 16:44:01.990 18823-18876 CdcForegroundService    com.cdccreditsmart.app               I  ðŸ¢ APLICANDO POLÃTICAS DE AMBIENTE DE TRABALHO
2026-01-29 16:44:01.990 18823-18876 CdcForegroundService    com.cdccreditsmart.app               I  ðŸ¢ ========================================
2026-01-29 16:44:01.990 18823-18876 WorkPolicyManager       com.cdccreditsmart.app               I  
2026-01-29 16:44:01.990 18823-18876 WorkPolicyManager       com.cdccreditsmart.app               I  â•”â•â•â•â•â•â•â•â•â•â•â•â•â•â•â•â•â•â•â•â•â•â•â•â•â•â•â•â•â•â•â•â•â•â•â•â•â•â•â•â•â•â•â•â•â•â•â•â•â•â•â•â•â•â•â•â•â•â•â•â•â•â•â•â•â•—
2026-01-29 16:44:01.990 18823-18876 WorkPolicyManager       com.cdccreditsmart.app               I  â•‘  ðŸ¢ APLICANDO POLÃTICAS DE AMBIENTE DE TRABALHO                â•‘
2026-01-29 16:44:01.990 18823-18876 WorkPolicyManager       com.cdccreditsmart.app               I  â•‘     CDC CREDIT SMART - PROTEÃ‡ÃƒO EMPRESARIAL                    â•‘
2026-01-29 16:44:01.990 18823-18876 WorkPolicyManager       com.cdccreditsmart.app               I  â•šâ•â•â•â•â•â•â•â•â•â•â•â•â•â•â•â•â•â•â•â•â•â•â•â•â•â•â•â•â•â•â•â•â•â•â•â•â•â•â•â•â•â•â•â•â•â•â•â•â•â•â•â•â•â•â•â•â•â•â•â•â•â•â•â•â•
2026-01-29 16:44:01.990 18823-18876 WorkPolicyManager       com.cdccreditsmart.app               I  
2026-01-29 16:44:01.998 18823-18879 vulkan                  com.cdccreditsmart.app               D  searching for layers in '/data/app/~~Wo1ZCPp8i4tUSwdLhhH2kg==/com.cdccreditsmart.app-5pt6SDEyDxRy06YFbJiC2A==/lib/arm64'
2026-01-29 16:44:02.001 18823-18879 vulkan                  com.cdccreditsmart.app               D  searching for layers in '/data/app/~~Wo1ZCPp8i4tUSwdLhhH2kg==/com.cdccreditsmart.app-5pt6SDEyDxRy06YFbJiC2A==/base.apk!/lib/arm64-v8a'
2026-01-29 16:44:02.001 18823-18879 vulkan                  com.cdccreditsmart.app               D  searching for layers in '/data/app/~~Wo1ZCPp8i4tUSwdLhhH2kg==/com.cdccreditsmart.app-5pt6SDEyDxRy06YFbJiC2A==/lib/arm64'
2026-01-29 16:44:02.002 18823-18879 vulkan                  com.cdccreditsmart.app               D  searching for layers in '/data/app/~~Wo1ZCPp8i4tUSwdLhhH2kg==/com.cdccreditsmart.app-5pt6SDEyDxRy06YFbJiC2A==/base.apk!/lib/arm64-v8a'
2026-01-29 16:44:02.008 18823-18862 AppProtectionManager    com.cdccreditsmart.app               I          â†’ Network reset bloqueado (proteÃ§Ã£o extra)
2026-01-29 16:44:02.010 18823-18879 MMUD                    com.cdccreditsmart.app               D  mtk_memory_debug_init com.cdccreditsmart.app 0xb40000781574f5d0
2026-01-29 16:44:02.010 18823-18876 WorkPolicyManager       com.cdccreditsmart.app               I  ðŸ“‹ STATUS DO DISPOSITIVO:
2026-01-29 16:44:02.010 18823-18876 WorkPolicyManager       com.cdccreditsmart.app               I     Device Owner: âœ… SIM
2026-01-29 16:44:02.011 18823-18876 WorkPolicyManager       com.cdccreditsmart.app               I     Device Admin: âœ… SIM
2026-01-29 16:44:02.011 18823-18876 WorkPolicyManager       com.cdccreditsmart.app               I  
2026-01-29 16:44:02.011 18823-18876 WorkPolicyManager       com.cdccreditsmart.app               I  â•â•â•â•â•â•â•â•â•â•â•â•â•â•â•â•â•â•â•â•â•â•â•â•â•â•â•â•â•â•â•â•â•â•â•â•â•â•â•â•â•â•â•â•â•â•â•â•â•â•â•â•â•â•â•â•â•â•â•â•â•â•â•
2026-01-29 16:44:02.011 18823-18876 WorkPolicyManager       com.cdccreditsmart.app               I  ðŸ‘‘ MODO DEVICE OWNER - PROTEÃ‡ÃƒO MÃXIMA
2026-01-29 16:44:02.011 18823-18876 WorkPolicyManager       com.cdccreditsmart.app               I  â•â•â•â•â•â•â•â•â•â•â•â•â•â•â•â•â•â•â•â•â•â•â•â•â•â•â•â•â•â•â•â•â•â•â•â•â•â•â•â•â•â•â•â•â•â•â•â•â•â•â•â•â•â•â•â•â•â•â•â•â•â•â•
2026-01-29 16:44:02.011 18823-18876 WorkPolicyManager       com.cdccreditsmart.app               I  
2026-01-29 16:44:02.011 18823-18876 WorkPolicyManager       com.cdccreditsmart.app               I  ðŸ›¡ï¸ [1/5] PROTEÃ‡ÃƒO DO APLICATIVO
2026-01-29 16:44:02.011 18823-18876 WorkPolicyManager       com.cdccreditsmart.app               I  â”€â”€â”€â”€â”€â”€â”€â”€â”€â”€â”€â”€â”€â”€â”€â”€â”€â”€â”€â”€â”€â”€â”€â”€â”€â”€â”€â”€â”€â”€â”€â”€â”€â”€â”€â”€â”€â”€â”€â”€â”€â”€â”€â”€â”€â”€â”€â”€â”€â”€â”€â”€â”€â”€â”€â”€â”€â”€â”€â”€â”€â”€â”€
2026-01-29 16:44:02.024 18823-18862 AppProtectionManager    com.cdccreditsmart.app               I          â†’ Outgoing beam bloqueado (proteÃ§Ã£o extra)
2026-01-29 16:44:02.024 18823-18862 AppProtectionManager    com.cdccreditsmart.app               D     OEM unlock: Bloqueado via Knox Enhanced Protections
2026-01-29 16:44:02.024 18823-18862 AppProtectionManager    com.cdccreditsmart.app               W  
2026-01-29 16:44:02.024 18823-18862 AppProtectionManager    com.cdccreditsmart.app               W  ðŸ“‹ IMPORTANTE - LIMITAÃ‡Ã•ES DO ANDROID:
2026-01-29 16:44:02.024 18823-18862 AppProtectionManager    com.cdccreditsmart.app               W     âœ… Factory reset VIA SETTINGS: BLOQUEADO
2026-01-29 16:44:02.024 18823-18862 AppProtectionManager    com.cdccreditsmart.app               W     âŒ Factory reset VIA RECOVERY MODE (Volume+Power): NÃƒO BLOQUEÃVEL
2026-01-29 16:44:02.024 18823-18862 AppProtectionManager    com.cdccreditsmart.app               W     âŒ Fastboot/Bootloader: Operam ABAIXO do Android - NÃƒO BLOQUEÃVEL
2026-01-29 16:44:02.024 18823-18862 AppProtectionManager    com.cdccreditsmart.app               W  
2026-01-29 16:44:02.025 18823-18862 AppProtectionManager    com.cdccreditsmart.app               W     Dispositivos Motorola podem ter Settings customizados.
2026-01-29 16:44:02.025 18823-18862 AppProtectionManager    com.cdccreditsmart.app               W     Apps Settings da Motorola foram bloqueados como proteÃ§Ã£o extra.
2026-01-29 16:44:02.031 18823-18863 WorkPolicyManager       com.cdccreditsmart.app               I     âœ… setUninstallBlocked(true) para com.android.phone
2026-01-29 16:44:02.035 18823-18876 WorkPolicyManager       com.cdccreditsmart.app               I     âœ… setUninstallBlocked(true) para com.cdccreditsmart.app
2026-01-29 16:44:02.058 18823-18862 AppProtectionManager    com.cdccreditsmart.app               I  âœ… [5/10] HARD RESET BLOQUEADO (BotÃµes)
2026-01-29 16:44:02.058 18823-18862 AppProtectionManager    com.cdccreditsmart.app               I          â†’ Safe mode bloqueado
2026-01-29 16:44:02.063 18823-18874 WorkPolicyManager       com.cdccreditsmart.app               I     âœ… setUninstallBlocked(true) para com.cdccreditsmart.app
2026-01-29 16:44:02.072 18823-18876 WorkPolicyManager       com.cdccreditsmart.app               I     âœ… setUninstallBlocked(true) para com.android.providers.downloads
2026-01-29 16:44:02.104 18823-18862 AppProtectionManager    com.cdccreditsmart.app               I          â†’ System updates adiados (proteÃ§Ã£o reset)
2026-01-29 16:44:02.107 18823-18874 WorkPolicyManager       com.cdccreditsmart.app               I     âœ… setUninstallBlocked(true) para com.android.providers.downloads
2026-01-29 16:44:02.111 18823-18862 AppProtectionManager    com.cdccreditsmart.app               I          â†’ VPN config bloqueado
2026-01-29 16:44:02.112 18823-18863 WorkPolicyManager       com.cdccreditsmart.app               I     âœ… setUninstallBlocked(true) para com.google.android.gms
2026-01-29 16:44:02.112 18823-18863 WorkPolicyManager       com.cdccreditsmart.app               I     â„¹ï¸ 4/4 pacotes crÃ­ticos protegidos
2026-01-29 16:44:02.113 18823-18883 MMUD                    com.cdccreditsmart.app               D  get_leak_baseline 3246391296
2026-01-29 16:44:02.120 18823-18863 WorkPolicyManager       com.cdccreditsmart.app               I     âœ… setUserControlDisabledPackages (Android 13+)
2026-01-29 16:44:02.120 18823-18863 WorkPolicyManager       com.cdccreditsmart.app               I     âœ… Clear Data bloqueado via setUserControlDisabledPackages
2026-01-29 16:44:02.124 18823-18874 WorkPolicyManager       com.cdccreditsmart.app               I     âœ… setUninstallBlocked(true) para com.android.providers.telephony
2026-01-29 16:44:02.124 18823-18823 CompatChangeReporter    com.cdccreditsmart.app               D  Compat change id reported: 309578419; UID 10261; state: ENABLED
2026-01-29 16:44:02.130 18823-18862 AppProtectionManager    com.cdccreditsmart.app               I          â†’ Data/hora config bloqueado
2026-01-29 16:44:02.131 18823-18862 AppProtectionManager    com.cdccreditsmart.app               W  
2026-01-29 16:44:02.131 18823-18862 AppProtectionManager    com.cdccreditsmart.app               W  âš ï¸ LIMITAÃ‡ÃƒO: Hard reset via recovery mode pode nÃ£o ser bloqueado
2026-01-29 16:44:02.131 18823-18862 AppProtectionManager    com.cdccreditsmart.app               W     Dispositivos Samsung com Knox tÃªm proteÃ§Ã£o adicional
2026-01-29 16:44:02.131 18823-18862 AppProtectionManager    com.cdccreditsmart.app               I  âœ… [6/10] RECOVERY MODE - Redes mÃ³veis LIBERADAS
2026-01-29 16:44:02.131 18823-18862 AppProtectionManager    com.cdccreditsmart.app               I          â†’ UsuÃ¡rio pode controlar dados mÃ³veis
2026-01-29 16:44:02.131 18823-18862 AppProtectionManager    com.cdccreditsmart.app               W          â†’ ADB/Debug mantido ativo (debugging Device Owner)
2026-01-29 16:44:02.131 18823-18862 AppProtectionManager    com.cdccreditsmart.app               W          â†’ USB transfer mantido ativo (debugging Device Owner)
2026-01-29 16:44:02.131 18823-18862 AppProtectionManager    com.cdccreditsmart.app               I  âœ… [7/10] SETTINGS TOTALMENTE ACESSÃVEL (Android 13+)
2026-01-29 16:44:02.131 18823-18862 AppProtectionManager    com.cdccreditsmart.app               I          â†’ UsuÃ¡rio PODE acessar Settings > Apps normalmente
2026-01-29 16:44:02.131 18823-18862 AppProtectionManager    com.cdccreditsmart.app               I          â†’ BotÃµes Desinstalar/Force Stop/Clear Data desabilitados para CDC
2026-01-29 16:44:02.138 18823-18863 WorkPolicyManager       com.cdccreditsmart.app               I     âœ… Controle do usuÃ¡rio desabilitado para com.cdccreditsmart.app
2026-01-29 16:44:02.142 18823-18862 AppProtectionManager    com.cdccreditsmart.app               I  âœ… [8/10] CONTROLE DE USUÃRIO BLOQUEADO
2026-01-29 16:44:02.142 18823-18862 AppProtectionManager    com.cdccreditsmart.app               I          â†’ CriaÃ§Ã£o de usuÃ¡rios bloqueada
2026-01-29 16:44:02.148 18823-18876 WorkPolicyManager       com.cdccreditsmart.app               I     âœ… setUninstallBlocked(true) para com.android.providers.telephony
2026-01-29 16:44:02.154 18823-18862 AppProtectionManager    com.cdccreditsmart.app               I          â†’ RemoÃ§Ã£o de usuÃ¡rios bloqueada
2026-01-29 16:44:02.154 18823-18823 MainActivity            com.cdccreditsmart.app               I  âœ… Brilho da tela definido para MÃXIMO
2026-01-29 16:44:02.157 18823-18823 MainActivity            com.cdccreditsmart.app               D  ðŸ“ BroadcastReceiver de localizaÃ§Ã£o registrado
2026-01-29 16:44:02.158 18823-18863 PolicyHelper            com.cdccreditsmart.app               W  setMaximumFailedPasswordsForWipe failed: null
2026-01-29 16:44:02.158 18823-18863 WorkPolicyManager       com.cdccreditsmart.app               I     âœ… setMaximumFailedPasswordsForWipe(100000) - Wipe desabilitado
2026-01-29 16:44:02.158 18823-18863 WorkPolicyManager       com.cdccreditsmart.app               I  
2026-01-29 16:44:02.159 18823-18863 WorkPolicyManager       com.cdccreditsmart.app               I  ðŸ”’ [2/5] SEGURANÃ‡A DO DISPOSITIVO
2026-01-29 16:44:02.159 18823-18863 WorkPolicyManager       com.cdccreditsmart.app               I  â”€â”€â”€â”€â”€â”€â”€â”€â”€â”€â”€â”€â”€â”€â”€â”€â”€â”€â”€â”€â”€â”€â”€â”€â”€â”€â”€â”€â”€â”€â”€â”€â”€â”€â”€â”€â”€â”€â”€â”€â”€â”€â”€â”€â”€â”€â”€â”€â”€â”€â”€â”€â”€â”€â”€â”€â”€â”€â”€â”€â”€â”€â”€
2026-01-29 16:44:02.166 18823-18874 WorkPolicyManager       com.cdccreditsmart.app               I     âœ… setUninstallBlocked(true) para com.android.phone
2026-01-29 16:44:02.173 18823-18863 WorkPolicyManager       com.cdccreditsmart.app               I     âœ… DISALLOW_FACTORY_RESET aplicado
2026-01-29 16:44:02.175 18823-18862 AppProtectionManager    com.cdccreditsmart.app               I          â†’ Troca de usuÃ¡rios bloqueada
2026-01-29 16:44:02.177 18823-18823 MainActivity            com.cdccreditsmart.app               I  âœ… App Ã© Device Owner - permissÃµes serÃ£o concedidas automaticamente
2026-01-29 16:44:02.180 18823-18878 PersistentStateManager  com.cdccreditsmart.app               D  Nenhum estado local encontrado
2026-01-29 16:44:02.181 18823-18878 PersistentStateManager  com.cdccreditsmart.app               D  ðŸ†• Sem estado local - device novo ou pÃ³s factory reset
2026-01-29 16:44:02.181 18823-18878 MainActivity            com.cdccreditsmart.app               I  ðŸ†• Device nunca foi provisionado
2026-01-29 16:44:02.183 18823-18874 WorkPolicyManager       com.cdccreditsmart.app               I     âœ… setUninstallBlocked(true) para com.google.android.gms
2026-01-29 16:44:02.184 18823-18874 WorkPolicyManager       com.cdccreditsmart.app               I     â„¹ï¸ 4/4 pacotes crÃ­ticos protegidos
2026-01-29 16:44:02.190 18823-18863 WorkPolicyManager       com.cdccreditsmart.app               I     âœ… DISALLOW_SAFE_BOOT
2026-01-29 16:44:02.193 18823-18863 WorkPolicyManager       com.cdccreditsmart.app               W     âš ï¸ Debugging/ADB permitido (debugging Device Owner)
2026-01-29 16:44:02.193 18823-18863 WorkPolicyManager       com.cdccreditsmart.app               W     âš ï¸ USB transfer permitido (debugging Device Owner)
2026-01-29 16:44:02.193 18823-18863 WorkPolicyManager       com.cdccreditsmart.app               I  
2026-01-29 16:44:02.193 18823-18863 WorkPolicyManager       com.cdccreditsmart.app               I  ðŸ‘¥ [3/5] CONTROLE DE USUÃRIOS
2026-01-29 16:44:02.193 18823-18863 WorkPolicyManager       com.cdccreditsmart.app               I  â”€â”€â”€â”€â”€â”€â”€â”€â”€â”€â”€â”€â”€â”€â”€â”€â”€â”€â”€â”€â”€â”€â”€â”€â”€â”€â”€â”€â”€â”€â”€â”€â”€â”€â”€â”€â”€â”€â”€â”€â”€â”€â”€â”€â”€â”€â”€â”€â”€â”€â”€â”€â”€â”€â”€â”€â”€â”€â”€â”€â”€â”€â”€
2026-01-29 16:44:02.197 18823-18876 WorkPolicyManager       com.cdccreditsmart.app               I     âœ… setUninstallBlocked(true) para com.android.phone
2026-01-29 16:44:02.208 18823-18862 AppProtectionManager    com.cdccreditsmart.app               I  âœ… [9/10] TASK KILLING PREVENIDO
2026-01-29 16:44:02.208 18823-18862 AppProtectionManager    com.cdccreditsmart.app               I          â†’ Lock Task Mode configurado
2026-01-29 16:44:02.218 18823-18874 WorkPolicyManager       com.cdccreditsmart.app               I     âœ… setUserControlDisabledPackages (Android 13+)
2026-01-29 16:44:02.219 18823-18874 WorkPolicyManager       com.cdccreditsmart.app               I     âœ… Clear Data bloqueado via setUserControlDisabledPackages
2026-01-29 16:44:02.226 18823-18863 WorkPolicyManager       com.cdccreditsmart.app               I     âœ… DISALLOW_ADD_USER
2026-01-29 16:44:02.238 18823-18862 AppProtectionManager    com.cdccreditsmart.app               I          â†’ Lock Task features configuradas
2026-01-29 16:44:02.243 18823-18823 Activity                com.cdccreditsmart.app               D  onResume setDolbyGameProfilePackage lastPkg =  currentPkg = com.cdccreditsmart.app
2026-01-29 16:44:02.252 18823-18873 PowerHalWrapper         com.cdccreditsmart.app               I  PowerHalWrapper.getInstance 
2026-01-29 16:44:02.254 18823-18849 FA                      com.cdccreditsmart.app               I  Tag Manager is not found and thus will not be used
2026-01-29 16:44:02.256 18823-18823 SurfaceFactory          com.cdccreditsmart.app               I  [static] sSurfaceFactory = com.mediatek.view.impl.SurfaceFactoryImpl@997f6ef
2026-01-29 16:44:02.261 18823-18862 AppProtectionManager    com.cdccreditsmart.app               I  âœ… [10/10] WIPE DO SISTEMA BLOQUEADO
2026-01-29 16:44:02.261 18823-18862 AppProtectionManager    com.cdccreditsmart.app               I          â†’ Profile removal bloqueado
2026-01-29 16:44:02.261 18823-18876 WorkPolicyManager       com.cdccreditsmart.app               I     âœ… setUninstallBlocked(true) para com.google.android.gms
2026-01-29 16:44:02.262 18823-18876 WorkPolicyManager       com.cdccreditsmart.app               I     â„¹ï¸ 4/4 pacotes crÃ­ticos protegidos
2026-01-29 16:44:02.267 18823-18874 WorkPolicyManager       com.cdccreditsmart.app               I     âœ… Controle do usuÃ¡rio desabilitado para com.cdccreditsmart.app
2026-01-29 16:44:02.272 18823-18823 HWUI                    com.cdccreditsmart.app               W  Unknown dataspace 0
2026-01-29 16:44:02.277 18823-18863 WorkPolicyManager       com.cdccreditsmart.app               I     âœ… DISALLOW_REMOVE_USER
2026-01-29 16:44:02.279 18823-18823 VRI[MainActivity]       com.cdccreditsmart.app               D  hardware acceleration = true, forceHwAccelerated = false
2026-01-29 16:44:02.282 18823-18876 WorkPolicyManager       com.cdccreditsmart.app               I     âœ… setUserControlDisabledPackages (Android 13+)
2026-01-29 16:44:02.282 18823-18876 WorkPolicyManager       com.cdccreditsmart.app               I     âœ… Clear Data bloqueado via setUserControlDisabledPackages
2026-01-29 16:44:02.289 18823-18862 AppProtectionManager    com.cdccreditsmart.app               I          â†’ Config credentials bloqueado
2026-01-29 16:44:02.290 18823-18874 PolicyHelper            com.cdccreditsmart.app               W  setMaximumFailedPasswordsForWipe failed: null
2026-01-29 16:44:02.290 18823-18874 WorkPolicyManager       com.cdccreditsmart.app               I     âœ… setMaximumFailedPasswordsForWipe(100000) - Wipe desabilitado
2026-01-29 16:44:02.290 18823-18874 WorkPolicyManager       com.cdccreditsmart.app               I  
2026-01-29 16:44:02.290 18823-18874 WorkPolicyManager       com.cdccreditsmart.app               I  ðŸ”’ [2/5] SEGURANÃ‡A DO DISPOSITIVO
2026-01-29 16:44:02.290 18823-18874 WorkPolicyManager       com.cdccreditsmart.app               I  â”€â”€â”€â”€â”€â”€â”€â”€â”€â”€â”€â”€â”€â”€â”€â”€â”€â”€â”€â”€â”€â”€â”€â”€â”€â”€â”€â”€â”€â”€â”€â”€â”€â”€â”€â”€â”€â”€â”€â”€â”€â”€â”€â”€â”€â”€â”€â”€â”€â”€â”€â”€â”€â”€â”€â”€â”€â”€â”€â”€â”€â”€â”€
2026-01-29 16:44:02.295 18823-18823 InputEventReceiver      com.cdccreditsmart.app               D  Input log is disabled in InputEventReceiver.
2026-01-29 16:44:02.314 18823-18863 WorkPolicyManager       com.cdccreditsmart.app               I     âœ… DISALLOW_USER_SWITCH
2026-01-29 16:44:02.322 18823-18862 AppProtectionManager    com.cdccreditsmart.app               I          â†’ Keyguard protegido
2026-01-29 16:44:02.322 18823-18862 AppProtectionManager    com.cdccreditsmart.app               I  [11/10] RECOVERY BOOT - Dispositivo nÃ£o-Samsung
2026-01-29 16:44:02.322 18823-18862 AppProtectionManager    com.cdccreditsmart.app               W          âš ï¸ Recovery mode pode nÃ£o ser totalmente bloqueado
2026-01-29 16:44:02.322 18823-18862 AppProtectionManager    com.cdccreditsmart.app               W          â†’ ProteÃ§Ã£o limitada Ã s restriÃ§Ãµes padrÃ£o do Android
2026-01-29 16:44:02.322 18823-18862 AppProtectionManager    com.cdccreditsmart.app               I  ========================================
2026-01-29 16:44:02.322 18823-18862 AppProtectionManager    com.cdccreditsmart.app               I  ðŸ“± BLOQUEANDO APPS SETTINGS DA MOTOROLA
2026-01-29 16:44:02.322 18823-18862 AppProtectionManager    com.cdccreditsmart.app               I  ========================================
2026-01-29 16:44:02.325 18823-18876 WorkPolicyManager       com.cdccreditsmart.app               I     âœ… Controle do usuÃ¡rio desabilitado para com.cdccreditsmart.app
2026-01-29 16:44:02.328 18823-18863 WorkPolicyManager       com.cdccreditsmart.app               I     âœ… DISALLOW_MODIFY_ACCOUNTS
2026-01-29 16:44:02.328 18823-18863 WorkPolicyManager       com.cdccreditsmart.app               I  
2026-01-29 16:44:02.328 18823-18863 WorkPolicyManager       com.cdccreditsmart.app               I  ðŸŒ [4/5] CONFIGURAÃ‡Ã•ES DE REDE
2026-01-29 16:44:02.328 18823-18863 WorkPolicyManager       com.cdccreditsmart.app               I  â”€â”€â”€â”€â”€â”€â”€â”€â”€â”€â”€â”€â”€â”€â”€â”€â”€â”€â”€â”€â”€â”€â”€â”€â”€â”€â”€â”€â”€â”€â”€â”€â”€â”€â”€â”€â”€â”€â”€â”€â”€â”€â”€â”€â”€â”€â”€â”€â”€â”€â”€â”€â”€â”€â”€â”€â”€â”€â”€â”€â”€â”€â”€
