2025-12-09 12:19:04.455  5975-14492 THubApi                 pid-5975                             D  getUserId TaskInfo{userId=0 taskId=18 displayId=0 isRunning=true baseIntent=Intent { act=android.intent.action.MAIN cat=[android.intent.category.LAUNCHER] flg=0x10200000 pkg=com.instagram.android cmp=com.instagram.android/.activity.MainTabActivity } baseActivity=ComponentInfo{com.facebook.appmanager/com.facebook.oxygen.appmanager.ui.landing.StubInstallActivity} topActivity=ComponentInfo{com.facebook.appmanager/com.facebook.oxygen.appmanager.ui.landing.StubInstallActivity} origActivity=null realActivity=ComponentInfo{com.instagram.android/com.instagram.android.activity.MainTabActivity} numActivities=1 lastActiveTime=486935 supportsMultiWindow=true resizeMode=1 isResizeable=true minWidth=-1 minHeight=-1 defaultMinSize=110 token=WCT{android.window.IWindowContainerToken$Stub$Proxy@9e67fab} topActivityType=1 pictureInPictureParams=null shouldDockBigOverlays=false launchIntoPipHostTaskId=-1 lastParentTaskIdBeforePip=-1 displayCutoutSafeInsets=null topActivityInfo=ActivityInfo{b4ca608 com.facebook.oxygen.appmanager.ui.landing.StubInstallActivity} launchCookies=[android.os.BinderProxy@79f641c] positionInParent=Point(0, 0) parentTaskId=-1 isFocused=true isVisible=true isVisibleRequested=true isSleeping=false locusId=null displayAreaFeatureId=1 isTopActivityTransparent=true appCompatTaskInfo=AppCompatTaskInfo { topActivityInSizeCompat=false topActivityEligibleForLetterboxEducation= falseisLetterboxEducationEnabled= false isLetterboxDoubleTapEnabled= false topActivityEligibleForUserAspectRatioButton= false topActivityBoundsLetterboxed= false isFromLetterboxDoubleTap= false topActivityLetterboxVerticalPosition= -1 topActivityLetterboxHorizontalPosition= -1 topActivityLetterboxWidth=1080 topActivityLetterboxHeight=2436 isUserFullscreenOverrideEnabled=false isSystemFullscreenOverrideEnabled=false cameraCompatTaskInfo=CameraCompatTaskInfo { cameraCompatControlState=hidden freeformCameraCompatMode=inactive}}}
2025-12-09 12:19:04.456 20324-20324 artd                    pid-20324                            I  OatFileAssistant test for existing oat file /data/dalvik-cache/arm64/data@user_de@0@com.google.android.gms@app_chimera@m@0000000a@dl-TfliteDynamiteDynamite.integ_243930801100400.apk@classes.dex: File /data/dalvik-cache/arm64/data@user_de@0@com.google.android.gms@app_chimera@m@0000000a@dl-TfliteDynamiteDynamite.integ_243930801100400.apk@classes.vdex does not exist.
2025-12-09 12:19:04.456 20324-20324 artd                    pid-20324                            I  GetBestInfo checking odex next to the dex file (/data/user_de/0/com.google.android.gms/app_chimera/m/0000000a/oat/arm64/dl-TfliteDynamiteDynamite.integ_243930801100400.odex)
2025-12-09 12:19:04.456 20324-20324 artd                    pid-20324                            I  Loading /data/user_de/0/com.google.android.gms/app_chimera/m/0000000a/oat/arm64/dl-TfliteDynamiteDynamite.integ_243930801100400.odex with executable: 0
2025-12-09 12:19:04.457 20324-20324 artd                    pid-20324                            I  Successfully loaded /data/user_de/0/com.google.android.gms/app_chimera/m/0000000a/oat/arm64/dl-TfliteDynamiteDynamite.integ_243930801100400.odex with executable: 0
2025-12-09 12:19:04.457 20324-20324 artd                    pid-20324                            I  /data/user_de/0/com.google.android.gms/app_chimera/m/0000000a/oat/arm64/dl-TfliteDynamiteDynamite.integ_243930801100400.odex is kOatUpToDate with filter verify
2025-12-09 12:19:04.457 20324-20324 artd                    pid-20324                            I  Should not recompile
2025-12-09 12:19:04.458  1561-2058  ImeTracker              pid-1561                             I  com.facebook.appmanager:e1387555: onRequestHide at ORIGIN_SERVER reason HIDE_UNSPECIFIED_WINDOW fromUser false
2025-12-09 12:19:04.459  1561-2058  ImeTracker              pid-1561                             I  com.facebook.appmanager:e1387555: onCancelled at PHASE_SERVER_SHOULD_HIDE
2025-12-09 12:19:04.459  1561-2058  TranWindow...erviceImpl pid-1561                             D  hookIMEVisibleChanged(), show:false
2025-12-09 12:19:04.459  1561-2058  TranMultiW...ponentImpl pid-1561                             I  hookInputMethodShown inputShown: false, connected:false, unbd:false
2025-12-09 12:19:04.459  1561-2058  TranSCSour...anagerImpl pid-1561                             I  hookInputMethodShown inputShown: false
2025-12-09 12:19:04.459  1561-2058  TranSecure...anagerImpl pid-1561                             D  hookInputShowFromIMMS inputShow= false , mVisible = false , mNeedShow = false
2025-12-09 12:19:04.459  1561-2058  input_debug             pid-1561                             I  package: com.facebook.appmanager mNeedShowSafeInput: false inputType: 0 methodMap: true isKeyguardShowing: false enable: 0 isSplitScreen: false
2025-12-09 12:19:04.463  4428-4428  InputEventReceiver      pid-4428                             D  Input log is disabled in InputEventReceiver.
2025-12-09 12:19:04.464  1561-5214  ArtService              pid-1561                             I  Dexopt result: [packageName = com.google.android.gms] DexContainerFileDexoptResult{dexContainerFile=/data/user_de/0/com.google.android.gms/app_chimera/m/0000000a/dl-TfliteDynamiteDynamite.integ_243930801100400.apk, primaryAbi=true, abi=arm64-v8a, actualCompilerFilter=verify, status=SKIPPED, dex2oatWallTimeMillis=0, dex2oatCpuTimeMillis=0, sizeBytes=0, sizeBeforeBytes=0, extendedStatusFlags=[]}
2025-12-09 12:19:04.465 20324-20324 artd                    pid-20324                            I  Dex parent of /data/user_de/0/com.google.android.gms/app_chimera/m/00000005/GoogleCertificates.apk is not writable: Permission denied
2025-12-09 12:19:04.465 20324-20324 artd                    pid-20324                            I  GetBestInfo checking odex in dalvik-cache (/data/dalvik-cache/arm64/data@user_de@0@com.google.android.gms@app_chimera@m@00000005@GoogleCertificates.apk@classes.dex)
2025-12-09 12:19:04.465 20324-20324 artd                    pid-20324                            I  Loading /data/dalvik-cache/arm64/data@user_de@0@com.google.android.gms@app_chimera@m@00000005@GoogleCertificates.apk@classes.dex with executable: 0
2025-12-09 12:19:04.465 20324-20324 artd                    pid-20324                            I  OatFileAssistant test for existing oat file /data/dalvik-cache/arm64/data@user_de@0@com.google.android.gms@app_chimera@m@00000005@GoogleCertificates.apk@classes.dex: File /data/dalvik-cache/arm64/data@user_de@0@com.google.android.gms@app_chimera@m@00000005@GoogleCertificates.apk@classes.vdex does not exist.
2025-12-09 12:19:04.465 20324-20324 artd                    pid-20324                            I  GetBestInfo checking odex next to the dex file (/data/user_de/0/com.google.android.gms/app_chimera/m/00000005/oat/arm64/GoogleCertificates.odex)
2025-12-09 12:19:04.465 20324-20324 artd                    pid-20324                            I  Loading /data/user_de/0/com.google.android.gms/app_chimera/m/00000005/oat/arm64/GoogleCertificates.odex with executable: 0
2025-12-09 12:19:04.466 20324-20324 artd                    pid-20324                            I  Successfully loaded /data/user_de/0/com.google.android.gms/app_chimera/m/00000005/oat/arm64/GoogleCertificates.odex with executable: 0
2025-12-09 12:19:04.466 20324-20324 artd                    pid-20324                            I  /data/user_de/0/com.google.android.gms/app_chimera/m/00000005/oat/arm64/GoogleCertificates.odex is kOatUpToDate with filter verify
2025-12-09 12:19:04.466 20324-20324 artd                    pid-20324                            I  Should not recompile
2025-12-09 12:19:04.466  1561-5214  ArtService              pid-1561                             I  Dexopt result: [packageName = com.google.android.gms] DexContainerFileDexoptResult{dexContainerFile=/data/user_de/0/com.google.android.gms/app_chimera/m/00000005/GoogleCertificates.apk, primaryAbi=true, abi=arm64-v8a, actualCompilerFilter=verify, status=SKIPPED, dex2oatWallTimeMillis=0, dex2oatCpuTimeMillis=0, sizeBytes=0, sizeBeforeBytes=0, extendedStatusFlags=[]}
2025-12-09 12:19:04.470 20324-20324 artd                    pid-20324                            I  Dex parent of /data/user_de/10/com.google.android.gms/app_chimera/m/00000001/CronetDynamite.apk is not writable: Permission denied
2025-12-09 12:19:04.470 20324-20324 artd                    pid-20324                            I  GetBestInfo checking odex in dalvik-cache (/data/dalvik-cache/arm64/data@user_de@10@com.google.android.gms@app_chimera@m@00000001@CronetDynamite.apk@classes.dex)
2025-12-09 12:19:04.470 20324-20324 artd                    pid-20324                            I  Loading /data/dalvik-cache/arm64/data@user_de@10@com.google.android.gms@app_chimera@m@00000001@CronetDynamite.apk@classes.dex with executable: 0
2025-12-09 12:19:04.470 20324-20324 artd                    pid-20324                            I  OatFileAssistant test for existing oat file /data/dalvik-cache/arm64/data@user_de@10@com.google.android.gms@app_chimera@m@00000001@CronetDynamite.apk@classes.dex: File /data/dalvik-cache/arm64/data@user_de@10@com.google.android.gms@app_chimera@m@00000001@CronetDynamite.apk@classes.vdex does not exist.
2025-12-09 12:19:04.470 20324-20324 artd                    pid-20324                            I  GetBestInfo checking odex next to the dex file (/data/user_de/10/com.google.android.gms/app_chimera/m/00000001/oat/arm64/CronetDynamite.odex)
2025-12-09 12:19:04.470 20324-20324 artd                    pid-20324                            I  Loading /data/user_de/10/com.google.android.gms/app_chimera/m/00000001/oat/arm64/CronetDynamite.odex with executable: 0
2025-12-09 12:19:04.470 20324-20324 artd                    pid-20324                            I  Successfully loaded /data/user_de/10/com.google.android.gms/app_chimera/m/00000001/oat/arm64/CronetDynamite.odex with executable: 0
2025-12-09 12:19:04.470 20324-20324 artd                    pid-20324                            I  /data/user_de/10/com.google.android.gms/app_chimera/m/00000001/oat/arm64/CronetDynamite.odex is kOatUpToDate with filter verify
2025-12-09 12:19:04.471 20324-20324 artd                    pid-20324                            I  Should not recompile
2025-12-09 12:19:04.472  1561-5214  ArtService              pid-1561                             I  Dexopt result: [packageName = com.google.android.gms] DexContainerFileDexoptResult{dexContainerFile=/data/user_de/10/com.google.android.gms/app_chimera/m/00000001/CronetDynamite.apk, primaryAbi=true, abi=arm64-v8a, actualCompilerFilter=verify, status=SKIPPED, dex2oatWallTimeMillis=0, dex2oatCpuTimeMillis=0, sizeBytes=0, sizeBeforeBytes=0, extendedStatusFlags=[]}
2025-12-09 12:19:04.474 20324-20324 artd                    pid-20324                            I  Dex parent of /data/user_de/10/com.google.android.gms/app_chimera/m/0000000a/dl-TfliteDynamiteDynamite.integ_243930801100400.apk is not writable: Permission denied
2025-12-09 12:19:04.474 20324-20324 artd                    pid-20324                            I  GetBestInfo checking odex in dalvik-cache (/data/dalvik-cache/arm64/data@user_de@10@com.google.android.gms@app_chimera@m@0000000a@dl-TfliteDynamiteDynamite.integ_243930801100400.apk@classes.dex)
2025-12-09 12:19:04.474 20324-20324 artd                    pid-20324                            I  Loading /data/dalvik-cache/arm64/data@user_de@10@com.google.android.gms@app_chimera@m@0000000a@dl-TfliteDynamiteDynamite.integ_243930801100400.apk@classes.dex with executable: 0
2025-12-09 12:19:04.474 20324-20324 artd                    pid-20324                            I  OatFileAssistant test for existing oat file /data/dalvik-cache/arm64/data@user_de@10@com.google.android.gms@app_chimera@m@0000000a@dl-TfliteDynamiteDynamite.integ_243930801100400.apk@classes.dex: File /data/dalvik-cache/arm64/data@user_de@10@com.google.android.gms@app_chimera@m@0000000a@dl-TfliteDynamiteDynamite.integ_243930801100400.apk@classes.vdex does not exist.
2025-12-09 12:19:04.474 20324-20324 artd                    pid-20324                            I  GetBestInfo checking odex next to the dex file (/data/user_de/10/com.google.android.gms/app_chimera/m/0000000a/oat/arm64/dl-TfliteDynamiteDynamite.integ_243930801100400.odex)
2025-12-09 12:19:04.474 20324-20324 artd                    pid-20324                            I  Loading /data/user_de/10/com.google.android.gms/app_chimera/m/0000000a/oat/arm64/dl-TfliteDynamiteDynamite.integ_243930801100400.odex with executable: 0
2025-12-09 12:19:04.475  4428-4428  GoogleInpu...hodService pid-4428                             I  GoogleInputMethodService.onFinishInput():1984 
2025-12-09 12:19:04.476 20324-20324 artd                    pid-20324                            I  Successfully loaded /data/user_de/10/com.google.android.gms/app_chimera/m/0000000a/oat/arm64/dl-TfliteDynamiteDynamite.integ_243930801100400.odex with executable: 0
2025-12-09 12:19:04.476 20324-20324 artd                    pid-20324                            I  /data/user_de/10/com.google.android.gms/app_chimera/m/0000000a/oat/arm64/dl-TfliteDynamiteDynamite.integ_243930801100400.odex is kOatUpToDate with filter verify
2025-12-09 12:19:04.476 20324-20324 artd                    pid-20324                            I  Should not recompile
2025-12-09 12:19:04.476  4428-4428  Module                  pid-4428                             I  DeviceLockedStatusModuleProvider$Module.updateDeviceLockedStatus():100 repeatCheckTimes = 0, locked = false
2025-12-09 12:19:04.477  1561-5214  ArtService              pid-1561                             I  Dexopt result: [packageName = com.google.android.gms] DexContainerFileDexoptResult{dexContainerFile=/data/user_de/10/com.google.android.gms/app_chimera/m/0000000a/dl-TfliteDynamiteDynamite.integ_243930801100400.apk, primaryAbi=true, abi=arm64-v8a, actualCompilerFilter=verify, status=SKIPPED, dex2oatWallTimeMillis=0, dex2oatCpuTimeMillis=0, sizeBytes=0, sizeBeforeBytes=0, extendedStatusFlags=[]}
2025-12-09 12:19:04.477  4428-4428  GoogleInpu...hodService pid-4428                             I  GoogleInputMethodService.onStartInput():1248 onStartInput(EditorInfo{EditorInfo{packageName=com.facebook.appmanager, inputType=0, inputTypeString=NULL, enableLearning=false, autoCorrection=false, autoComplete=false, imeOptions=0, privateImeOptions=null, actionName=UNSPECIFIED, actionLabel=null, initialSelStart=-1, initialSelEnd=-1, initialCapsMode=0, label=null, fieldId=0, fieldName=null, extras=null, hintText=null, hintLocales=[]}}, false)
2025-12-09 12:19:04.479 20324-20324 artd                    pid-20324                            I  Dex parent of /data/user/10/com.google.android.gms/app_dg_cache/F2DA33623C7C8602EEBF9A226BC4329FB4FEF326/the.apk is not writable: Permission denied
2025-12-09 12:19:04.479 20324-20324 artd                    pid-20324                            I  GetBestInfo checking odex in dalvik-cache (/data/dalvik-cache/arm64/data@user@10@com.google.android.gms@app_dg_cache@F2DA33623C7C8602EEBF9A226BC4329FB4FEF326@the.apk@classes.dex)
2025-12-09 12:19:04.479 20324-20324 artd                    pid-20324                            I  Loading /data/dalvik-cache/arm64/data@user@10@com.google.android.gms@app_dg_cache@F2DA33623C7C8602EEBF9A226BC4329FB4FEF326@the.apk@classes.dex with executable: 0
2025-12-09 12:19:04.479 20324-20324 artd                    pid-20324                            I  OatFileAssistant test for existing oat file /data/dalvik-cache/arm64/data@user@10@com.google.android.gms@app_dg_cache@F2DA33623C7C8602EEBF9A226BC4329FB4FEF326@the.apk@classes.dex: File /data/dalvik-cache/arm64/data@user@10@com.google.android.gms@app_dg_cache@F2DA33623C7C8602EEBF9A226BC4329FB4FEF326@the.apk@classes.vdex does not exist.
2025-12-09 12:19:04.479 20324-20324 artd                    pid-20324                            I  GetBestInfo checking odex next to the dex file (/data/user/10/com.google.android.gms/app_dg_cache/F2DA33623C7C8602EEBF9A226BC4329FB4FEF326/oat/arm64/the.odex)
2025-12-09 12:19:04.479 20324-20324 artd                    pid-20324                            I  Loading /data/user/10/com.google.android.gms/app_dg_cache/F2DA33623C7C8602EEBF9A226BC4329FB4FEF326/oat/arm64/the.odex with executable: 0
2025-12-09 12:19:04.480 20324-20324 artd                    pid-20324                            I  Successfully loaded /data/user/10/com.google.android.gms/app_dg_cache/F2DA33623C7C8602EEBF9A226BC4329FB4FEF326/oat/arm64/the.odex with executable: 0
2025-12-09 12:19:04.480  1561-1994  PackageConfigPersister  pid-1561                             W  App-specific configuration not found for packageName: com.facebook.appmanager and userId: 0
2025-12-09 12:19:04.480 20324-20324 artd                    pid-20324                            I  /data/user/10/com.google.android.gms/app_dg_cache/F2DA33623C7C8602EEBF9A226BC4329FB4FEF326/oat/arm64/the.odex is kOatUpToDate with filter verify
2025-12-09 12:19:04.480 20324-20324 artd                    pid-20324                            I  Should not recompile
2025-12-09 12:19:04.482  4428-4428  Module                  pid-4428                             I  DeviceLockedStatusModuleProvider$Module.updateDeviceLockedStatus():100 repeatCheckTimes = 1, locked = false
2025-12-09 12:19:04.485  1561-5214  ArtService              pid-1561                             I  Dexopt result: [packageName = com.google.android.gms] DexContainerFileDexoptResult{dexContainerFile=/data/user/10/com.google.android.gms/app_dg_cache/F2DA33623C7C8602EEBF9A226BC4329FB4FEF326/the.apk, primaryAbi=true, abi=arm64-v8a, actualCompilerFilter=verify, status=SKIPPED, dex2oatWallTimeMillis=0, dex2oatCpuTimeMillis=0, sizeBytes=0, sizeBeforeBytes=0, extendedStatusFlags=[]}
2025-12-09 12:19:04.487 20324-20324 artd                    pid-20324                            I  Dex parent of /data/user_de/10/com.google.android.gms/app_chimera/m/00000002/DynamiteLoader.apk is not writable: Permission denied
2025-12-09 12:19:04.487 20324-20324 artd                    pid-20324                            I  GetBestInfo checking odex in dalvik-cache (/data/dalvik-cache/arm64/data@user_de@10@com.google.android.gms@app_chimera@m@00000002@DynamiteLoader.apk@classes.dex)
2025-12-09 12:19:04.487 20324-20324 artd                    pid-20324                            I  Loading /data/dalvik-cache/arm64/data@user_de@10@com.google.android.gms@app_chimera@m@00000002@DynamiteLoader.apk@classes.dex with executable: 0
2025-12-09 12:19:04.487 20324-20324 artd                    pid-20324                            I  OatFileAssistant test for existing oat file /data/dalvik-cache/arm64/data@user_de@10@com.google.android.gms@app_chimera@m@00000002@DynamiteLoader.apk@classes.dex: File /data/dalvik-cache/arm64/data@user_de@10@com.google.android.gms@app_chimera@m@00000002@DynamiteLoader.apk@classes.vdex does not exist.
2025-12-09 12:19:04.487 20324-20324 artd                    pid-20324                            I  GetBestInfo checking odex next to the dex file (/data/user_de/10/com.google.android.gms/app_chimera/m/00000002/oat/arm64/DynamiteLoader.odex)
2025-12-09 12:19:04.487 20324-20324 artd                    pid-20324                            I  Loading /data/user_de/10/com.google.android.gms/app_chimera/m/00000002/oat/arm64/DynamiteLoader.odex with executable: 0
2025-12-09 12:19:04.487 20905-20905 os.SingleLiceFactory    pid-20905                            D  using android.app.IActivityThreadLice$DefaultImpl@dd9a8b9 instead of com.transsion.activityembedding.ActivityEmbeddingLiceFactory  from android.app.IActivityThreadLice
2025-12-09 12:19:04.488 20324-20324 artd                    pid-20324                            I  Successfully loaded /data/user_de/10/com.google.android.gms/app_chimera/m/00000002/oat/arm64/DynamiteLoader.odex with executable: 0
2025-12-09 12:19:04.488  1021-4282  BufferQueueDebug        pid-1021                             I  [Surface(name=15fd245 InputMethod)/@0x250d6cb - animation-leash of insets_animation#792](this:0xb4000073434e5e38,id:-1,api:0,p:-1,c:-1) BufferQueue core=(1021:/system/bin/surfaceflinger)
2025-12-09 12:19:04.488 20324-20324 artd                    pid-20324                            I  /data/user_de/10/com.google.android.gms/app_chimera/m/00000002/oat/arm64/DynamiteLoader.odex is kOatUpToDate with filter verify
2025-12-09 12:19:04.489 20324-20324 artd                    pid-20324                            I  Should not recompile
2025-12-09 12:19:04.489  1561-5214  ArtService              pid-1561                             I  Dexopt result: [packageName = com.google.android.gms] DexContainerFileDexoptResult{dexContainerFile=/data/user_de/10/com.google.android.gms/app_chimera/m/00000002/DynamiteLoader.apk, primaryAbi=true, abi=arm64-v8a, actualCompilerFilter=verify, status=SKIPPED, dex2oatWallTimeMillis=0, dex2oatCpuTimeMillis=0, sizeBytes=0, sizeBeforeBytes=0, extendedStatusFlags=[]}
2025-12-09 12:19:04.492 20324-20324 artd                    pid-20324                            I  Dex parent of /data/user/10/com.google.android.gms/app_dg_cache/5F85806448AFADCA40F2837A7EE740118568B3EC/the.apk is not writable: Permission denied
2025-12-09 12:19:04.492 20324-20324 artd                    pid-20324                            I  GetBestInfo checking odex in dalvik-cache (/data/dalvik-cache/arm64/data@user@10@com.google.android.gms@app_dg_cache@5F85806448AFADCA40F2837A7EE740118568B3EC@the.apk@classes.dex)
2025-12-09 12:19:04.492 20324-20324 artd                    pid-20324                            I  Loading /data/dalvik-cache/arm64/data@user@10@com.google.android.gms@app_dg_cache@5F85806448AFADCA40F2837A7EE740118568B3EC@the.apk@classes.dex with executable: 0
2025-12-09 12:19:04.492 20324-20324 artd                    pid-20324                            I  OatFileAssistant test for existing oat file /data/dalvik-cache/arm64/data@user@10@com.google.android.gms@app_dg_cache@5F85806448AFADCA40F2837A7EE740118568B3EC@the.apk@classes.dex: File /data/dalvik-cache/arm64/data@user@10@com.google.android.gms@app_dg_cache@5F85806448AFADCA40F2837A7EE740118568B3EC@the.apk@classes.vdex does not exist.
2025-12-09 12:19:04.492 20324-20324 artd                    pid-20324                            I  GetBestInfo checking odex next to the dex file (/data/user/10/com.google.android.gms/app_dg_cache/5F85806448AFADCA40F2837A7EE740118568B3EC/oat/arm64/the.odex)
2025-12-09 12:19:04.492 20324-20324 artd                    pid-20324                            I  Loading /data/user/10/com.google.android.gms/app_dg_cache/5F85806448AFADCA40F2837A7EE740118568B3EC/oat/arm64/the.odex with executable: 0
2025-12-09 12:19:04.492  1561-1665  WindowManager           pid-1561                             D  updateSystemBarAttributes appearance:0, win appearance:0, opaqueAppearance:0, win:Window{9086995 u0 com.facebook.appmanager/com.facebook.oxygen.appmanager.ui.landing.StubInstallActivity}, appearanceRegions=[AppearanceRegion{ bounds=[0,0][1080,2436]}]
2025-12-09 12:19:04.493 20324-20324 artd                    pid-20324                            I  Successfully loaded /data/user/10/com.google.android.gms/app_dg_cache/5F85806448AFADCA40F2837A7EE740118568B3EC/oat/arm64/the.odex with executable: 0
2025-12-09 12:19:04.494 20324-20324 artd                    pid-20324                            I  /data/user/10/com.google.android.gms/app_dg_cache/5F85806448AFADCA40F2837A7EE740118568B3EC/oat/arm64/the.odex is kOatUpToDate with filter verify
2025-12-09 12:19:04.494 20324-20324 artd                    pid-20324                            I  Should not recompile
2025-12-09 12:19:04.494  1561-5214  ArtService              pid-1561                             I  Dexopt result: [packageName = com.google.android.gms] DexContainerFileDexoptResult{dexContainerFile=/data/user/10/com.google.android.gms/app_dg_cache/5F85806448AFADCA40F2837A7EE740118568B3EC/the.apk, primaryAbi=true, abi=arm64-v8a, actualCompilerFilter=verify, status=SKIPPED, dex2oatWallTimeMillis=0, dex2oatCpuTimeMillis=0, sizeBytes=0, sizeBeforeBytes=0, extendedStatusFlags=[]}
2025-12-09 12:19:04.494  3207-3207  StatusBarM...Repository pid-3207                             I  isInFullscreenMode:false com.facebook.appmanager
2025-12-09 12:19:04.495  1561-1837  tranpm/BehaviorManager  pid-1561                             D  onMemPressureChange : level 2
2025-12-09 12:19:04.496 20324-20324 artd                    pid-20324                            I  Dex parent of /data/user_de/0/com.google.android.gms/app_chimera/m/00000009/dl-SidecarAps.integ_251633805100400.apk is not writable: Permission denied
2025-12-09 12:19:04.496 20324-20324 artd                    pid-20324                            I  GetBestInfo checking odex in dalvik-cache (/data/dalvik-cache/arm64/data@user_de@0@com.google.android.gms@app_chimera@m@00000009@dl-SidecarAps.integ_251633805100400.apk@classes.dex)
2025-12-09 12:19:04.496 20324-20324 artd                    pid-20324                            I  Loading /data/dalvik-cache/arm64/data@user_de@0@com.google.android.gms@app_chimera@m@00000009@dl-SidecarAps.integ_251633805100400.apk@classes.dex with executable: 0
2025-12-09 12:19:04.496 20324-20324 artd                    pid-20324                            I  OatFileAssistant test for existing oat file /data/dalvik-cache/arm64/data@user_de@0@com.google.android.gms@app_chimera@m@00000009@dl-SidecarAps.integ_251633805100400.apk@classes.dex: File /data/dalvik-cache/arm64/data@user_de@0@com.google.android.gms@app_chimera@m@00000009@dl-SidecarAps.integ_251633805100400.apk@classes.vdex does not exist.
2025-12-09 12:19:04.496 20324-20324 artd                    pid-20324                            I  GetBestInfo checking odex next to the dex file (/data/user_de/0/com.google.android.gms/app_chimera/m/00000009/oat/arm64/dl-SidecarAps.integ_251633805100400.odex)
2025-12-09 12:19:04.496 20324-20324 artd                    pid-20324                            I  Loading /data/user_de/0/com.google.android.gms/app_chimera/m/00000009/oat/arm64/dl-SidecarAps.integ_251633805100400.odex with executable: 0
2025-12-09 12:19:04.498 20324-20324 artd                    pid-20324                            I  Successfully loaded /data/user_de/0/com.google.android.gms/app_chimera/m/00000009/oat/arm64/dl-SidecarAps.integ_251633805100400.odex with executable: 0
2025-12-09 12:19:04.498 20324-20324 artd                    pid-20324                            I  /data/user_de/0/com.google.android.gms/app_chimera/m/00000009/oat/arm64/dl-SidecarAps.integ_251633805100400.odex is kOatUpToDate with filter verify
2025-12-09 12:19:04.499 20324-20324 artd                    pid-20324                            I  Should not recompile
2025-12-09 12:19:04.499  1561-5214  ArtService              pid-1561                             I  Dexopt result: [packageName = com.google.android.gms] DexContainerFileDexoptResult{dexContainerFile=/data/user_de/0/com.google.android.gms/app_chimera/m/00000009/dl-SidecarAps.integ_251633805100400.apk, primaryAbi=true, abi=arm64-v8a, actualCompilerFilter=verify, status=SKIPPED, dex2oatWallTimeMillis=0, dex2oatCpuTimeMillis=0, sizeBytes=0, sizeBeforeBytes=0, extendedStatusFlags=[]}
2025-12-09 12:19:04.504 20324-20324 artd                    pid-20324                            I  Dex parent of /data/user/0/com.google.android.gms/app_dg_cache/5F85806448AFADCA40F2837A7EE740118568B3EC/the.apk is not writable: Permission denied
2025-12-09 12:19:04.504 20324-20324 artd                    pid-20324                            I  GetBestInfo checking odex in dalvik-cache (/data/dalvik-cache/arm64/data@user@0@com.google.android.gms@app_dg_cache@5F85806448AFADCA40F2837A7EE740118568B3EC@the.apk@classes.dex)
2025-12-09 12:19:04.504 20324-20324 artd                    pid-20324                            I  Loading /data/dalvik-cache/arm64/data@user@0@com.google.android.gms@app_dg_cache@5F85806448AFADCA40F2837A7EE740118568B3EC@the.apk@classes.dex with executable: 0
2025-12-09 12:19:04.504 20324-20324 artd                    pid-20324                            I  OatFileAssistant test for existing oat file /data/dalvik-cache/arm64/data@user@0@com.google.android.gms@app_dg_cache@5F85806448AFADCA40F2837A7EE740118568B3EC@the.apk@classes.dex: File /data/dalvik-cache/arm64/data@user@0@com.google.android.gms@app_dg_cache@5F85806448AFADCA40F2837A7EE740118568B3EC@the.apk@classes.vdex does not exist.
2025-12-09 12:19:04.504 20324-20324 artd                    pid-20324                            I  GetBestInfo checking odex next to the dex file (/data/user/0/com.google.android.gms/app_dg_cache/5F85806448AFADCA40F2837A7EE740118568B3EC/oat/arm64/the.odex)
2025-12-09 12:19:04.504 20324-20324 artd                    pid-20324                            I  Loading /data/user/0/com.google.android.gms/app_dg_cache/5F85806448AFADCA40F2837A7EE740118568B3EC/oat/arm64/the.odex with executable: 0
2025-12-09 12:19:04.505 20324-20324 artd                    pid-20324                            I  Successfully loaded /data/user/0/com.google.android.gms/app_dg_cache/5F85806448AFADCA40F2837A7EE740118568B3EC/oat/arm64/the.odex with executable: 0
2025-12-09 12:19:04.507 20324-20324 artd                    pid-20324                            I  /data/user/0/com.google.android.gms/app_dg_cache/5F85806448AFADCA40F2837A7EE740118568B3EC/oat/arm64/the.odex is kOatUpToDate with filter verify
2025-12-09 12:19:04.507 20324-20324 artd                    pid-20324                            I  Should not recompile
2025-12-09 12:19:04.508  1561-5214  ArtService              pid-1561                             I  Dexopt result: [packageName = com.google.android.gms] DexContainerFileDexoptResult{dexContainerFile=/data/user/0/com.google.android.gms/app_dg_cache/5F85806448AFADCA40F2837A7EE740118568B3EC/the.apk, primaryAbi=true, abi=arm64-v8a, actualCompilerFilter=verify, status=SKIPPED, dex2oatWallTimeMillis=0, dex2oatCpuTimeMillis=0, sizeBytes=0, sizeBeforeBytes=0, extendedStatusFlags=[]}
2025-12-09 12:19:04.513 20324-20324 artd                    pid-20324                            I  Dex parent of /data/user_de/10/com.google.android.gms/app_chimera/m/00000010/dl-MlkitOcrCommon.optional_251036100400.apk is not writable: Permission denied
2025-12-09 12:19:04.513 20324-20324 artd                    pid-20324                            I  GetBestInfo checking odex in dalvik-cache (/data/dalvik-cache/arm64/data@user_de@10@com.google.android.gms@app_chimera@m@00000010@dl-MlkitOcrCommon.optional_251036100400.apk@classes.dex)
2025-12-09 12:19:04.513 20324-20324 artd                    pid-20324                            I  Loading /data/dalvik-cache/arm64/data@user_de@10@com.google.android.gms@app_chimera@m@00000010@dl-MlkitOcrCommon.optional_251036100400.apk@classes.dex with executable: 0
2025-12-09 12:19:04.513 20324-20324 artd                    pid-20324                            I  OatFileAssistant test for existing oat file /data/dalvik-cache/arm64/data@user_de@10@com.google.android.gms@app_chimera@m@00000010@dl-MlkitOcrCommon.optional_251036100400.apk@classes.dex: File /data/dalvik-cache/arm64/data@user_de@10@com.google.android.gms@app_chimera@m@00000010@dl-MlkitOcrCommon.optional_251036100400.apk@classes.vdex does not exist.
2025-12-09 12:19:04.513 20324-20324 artd                    pid-20324                            I  GetBestInfo checking odex next to the dex file (/data/user_de/10/com.google.android.gms/app_chimera/m/00000010/oat/arm64/dl-MlkitOcrCommon.optional_251036100400.odex)
2025-12-09 12:19:04.513 20324-20324 artd                    pid-20324                            I  Loading /data/user_de/10/com.google.android.gms/app_chimera/m/00000010/oat/arm64/dl-MlkitOcrCommon.optional_251036100400.odex with executable: 0
2025-12-09 12:19:04.513 20324-20324 artd                    pid-20324                            I  OatFileAssistant test for existing oat file /data/user_de/10/com.google.android.gms/app_chimera/m/00000010/oat/arm64/dl-MlkitOcrCommon.optional_251036100400.odex: File /data/user_de/10/com.google.android.gms/app_chimera/m/00000010/oat/arm64/dl-MlkitOcrCommon.optional_251036100400.vdex does not exist.
2025-12-09 12:19:04.513 20324-20324 artd                    pid-20324                            I  GetBestInfo checking vdex in dalvik-cache (/data/dalvik-cache/arm64/data@user_de@10@com.google.android.gms@app_chimera@m@00000010@dl-MlkitOcrCommon.optional_251036100400.apk@classes.vdex)
2025-12-09 12:19:04.513 20324-20324 artd                    pid-20324                            I  unable to open vdex file /data/dalvik-cache/arm64/data@user_de@10@com.google.android.gms@app_chimera@m@00000010@dl-MlkitOcrCommon.optional_251036100400.apk@classes.vdex: File /data/dalvik-cache/arm64/data@user_de@10@com.google.android.gms@app_chimera@m@00000010@dl-MlkitOcrCommon.optional_251036100400.apk@classes.vdex does not exist.
2025-12-09 12:19:04.513 20324-20324 artd                    pid-20324                            I  OatFileAssistant test for existing oat file /data/dalvik-cache/arm64/data@user_de@10@com.google.android.gms@app_chimera@m@00000010@dl-MlkitOcrCommon.optional_251036100400.apk@classes.vdex: File /data/dalvik-cache/arm64/data@user_de@10@com.google.android.gms@app_chimera@m@00000010@dl-MlkitOcrCommon.optional_251036100400.apk@classes.vdex does not exist.
2025-12-09 12:19:04.513 20324-20324 artd                    pid-20324                            I  GetBestInfo checking vdex next to the dex file (/data/user_de/10/com.google.android.gms/app_chimera/m/00000010/oat/arm64/dl-MlkitOcrCommon.optional_251036100400.vdex)
2025-12-09 12:19:04.513 20324-20324 artd                    pid-20324                            I  unable to open vdex file /data/user_de/10/com.google.android.gms/app_chimera/m/00000010/oat/arm64/dl-MlkitOcrCommon.optional_251036100400.vdex: File /data/user_de/10/com.google.android.gms/app_chimera/m/00000010/oat/arm64/dl-MlkitOcrCommon.optional_251036100400.vdex does not exist.
2025-12-09 12:19:04.513 20324-20324 artd                    pid-20324                            I  OatFileAssistant test for existing oat file /data/user_de/10/com.google.android.gms/app_chimera/m/00000010/oat/arm64/dl-MlkitOcrCommon.optional_251036100400.vdex: File /data/user_de/10/com.google.android.gms/app_chimera/m/00000010/oat/arm64/dl-MlkitOcrCommon.optional_251036100400.vdex does not exist.
2025-12-09 12:19:04.513 20324-20324 artd                    pid-20324                            I  GetBestInfo checking dm (/data/user_de/10/com.google.android.gms/app_chimera/m/00000010/dl-MlkitOcrCommon.optional_251036100400.dm)
2025-12-09 12:19:04.513 20324-20324 ziparchive              pid-20324                            W  Unable to open '/data/user_de/10/com.google.android.gms/app_chimera/m/00000010/dl-MlkitOcrCommon.optional_251036100400.dm': No such file or directory
2025-12-09 12:19:04.513 20324-20324 artd                    pid-20324                            I  OatFileAssistant test for existing oat file /data/user_de/10/com.google.android.gms/app_chimera/m/00000010/dl-MlkitOcrCommon.optional_251036100400.dm: I/O error
2025-12-09 12:19:04.513 20324-20324 artd                    pid-20324                            I  GetBestInfo checking dm (/data/user_de/10/com.google.android.gms/app_chimera/m/00000010/dl-MlkitOcrCommon.optional_251036100400.dm)
2025-12-09 12:19:04.513 20324-20324 ziparchive              pid-20324                            W  Unable to open '/data/user_de/10/com.google.android.gms/app_chimera/m/00000010/dl-MlkitOcrCommon.optional_251036100400.dm': No such file or directory
2025-12-09 12:19:04.513 20324-20324 artd                    pid-20324                            I  OatFileAssistant test for existing oat file /data/user_de/10/com.google.android.gms/app_chimera/m/00000010/dl-MlkitOcrCommon.optional_251036100400.dm: I/O error
2025-12-09 12:19:04.513 20324-20324 artd                    pid-20324                            I  GetBestInfo no usable artifacts
2025-12-09 12:19:04.517  1561-1662  ApplicationHelper       pid-1561                             E  Fail to get PackageManager
2025-12-09 12:19:04.517  1021-1021  SurfaceFlinger          pid-1021                             I  onHandleDestroyed: name=Surface(name=15fd245 InputMethod)/@0x250d6cb - animation-leash of insets_animation#776, layerId=776, parentId=0
2025-12-09 12:19:04.521 20324-20324 artd                    pid-20324                            I  Running dex2oat: /apex/com.android.art/bin/art_exec --drop-capabilities --set-task-profile=Dex2OatBootComplete --set-priority=background --keep-fds=6:7:8:9:10:11:12:13:14:15 -- /apex/com.android.art/bin/dex2oat32 --zip-fd=6 --zip-location=/data/user_de/10/com.google.android.gms/app_chimera/m/00000010/dl-MlkitOcrCommon.optional_251036100400.apk --oat-fd=7 --oat-location=/data/user_de/10/com.google.android.gms/app_chimera/m/00000010/oat/arm64/dl-MlkitOcrCommon.optional_251036100400.odex --output-vdex-fd=8 --swap-fd=9 --class-loader-context-fds=10:11:12:13:14:15 --class-loader-context=DLC[];PCL[/product/priv-app/GmsCore/GmsCore.apk]{PCL[/system/framework/org.apache.http.legacy.jar]#PCL[/system/framework/com.android.media.remotedisplay.jar]#PCL[/system/framework/com.android.location.provider.jar]#PCL[/system_ext/framework/androidx.window.extensions.jar]#PCL[/system_ext/framework/androidx.window.sidecar.jar]} --classpath-dir=/data/user_de/10/com.google.android.gms/app_chimera/m/00000010 --instruction-set=arm64 --instruction-set-features=default --instruction-set-variant=cortex-a55 --compiler-filter=verify --compilation-reason=cmdline --compact-dex-level=none --max-image-block-size=524288 --resolve-startup-const-strings=true --generate-mini-debug-info --runtime-arg -Xtarget-sdk-version:35 --runtime-arg -Xhidden-api-policy:enabled --runtime-arg -Xms64m --runtime-arg -Xmx512m --comments=app-name:com.google.android.gms,app-version-name:25.10.36 (260400-739992411),app-version-code:251036035,art-version:351610080
                                                                                                    Opened FDs: 6:/data/user_de/10/com.google.android.gms/app_chimera/m/00000010/dl-MlkitOcrCommon.optional_251036100400.apk 7:/data/user_de/10/com.google.android.gms/app_chimera/m/00000010/oat/arm64/dl-MlkitOcrCommon.optional_251036100400.odex.7cNeac.tmp 8:/data/user_de/10/com.google.android.gms/app_chimera/m/00000010/oat/arm64/dl-MlkitOcrCommon.optional_251036100400.vdex.rtmQgb.tmp 9:/data/user_de/10/com.google.android.gms/app_chimera/m/00000010/oat/arm64/dl-MlkitOcrCommon.optional_251036100400.odex.swap.VOuvbO.tmp 10:/product/priv-app/GmsCore/GmsCore.apk 11:/system_ext/framework/androidx.window.sidecar.jar 12:/system_ext/framework/androidx.window.extensions.jar 13:/system/framework/com.android.location.provider.jar 14:/system/framework/com.android.media.remotedisplay.jar 15:/system/framework/org.apache.http.legacy.jar 
2025-12-09 12:19:04.526  1021-1021  BufferQueueDebug        pid-1021                             I  [Surface(name=15fd245 InputMethod)/@0x250d6cb - animation-leash of insets_animation#776](this:0xb400007343435558,id:-1,api:0,p:-1,c:1021) onDestructor()
2025-12-09 12:19:04.532  3207-3261  ShellTrans..._interrupt pid-3207                             D  finish handler: com.android.wm.shell.transition.DefaultTransitionHandler@503e841
2025-12-09 12:19:04.532  3207-3261  ShellTrans..._interrupt pid-3207                             D  onFinish: isLauncherReUseLeash = false
2025-12-09 12:19:04.532  3207-3261  WindowManagerShell      pid-3207                             V  Transition animation finished (aborted=false), notifying core (#61) android.os.BinderProxy@d791898@0
2025-12-09 12:19:04.533  3207-3261  ShellTransitions        pid-3207                             D  Applied finish transaction
2025-12-09 12:19:04.533  3207-3261  ShellTrans..._interrupt pid-3207                             D  onFinish finish apply
2025-12-09 12:19:04.534  1561-5222  WindowOrga...Controller pid-1561                             D  WCT isInterrupt: false
2025-12-09 12:19:04.534  1561-2988  AudioSystem             pid-1561                             D  +setParameters(): app_in_recents=false 
2025-12-09 12:19:04.535  1195-1230  uas-service             pid-1195                             D  set scene=0x80000004 success
2025-12-09 12:19:04.535  1561-1712  mtkpower_client         pid-1561                             I  perf_lock_rel, hdl:1022, tid:1712
2025-12-09 12:19:04.536  1561-5222  MagellanHandle          pid-1561                             D  updateRefreshRateForSceneVsyncs what = 21
2025-12-09 12:19:04.536  1561-1664  MagellanHandle          pid-1561                             D  updateRefreshRateForSceneVsyncs what = 23
2025-12-09 12:19:04.536  3207-3261  ShellEventHandler       pid-3207                             D  onTransitionFinished OPEN token=android.os.BinderProxy@d791898
2025-12-09 12:19:04.536  3207-3261  WindowManagerShell      pid-3207                             V  Track 0 became idle
2025-12-09 12:19:04.536  3207-3261  WindowManagerShell      pid-3207                             V  All active transition animations finished
2025-12-09 12:19:04.536   957-1017  libPowerHal             pid-957                              I  [unsetGPUFreq] current min:0, max:0; scn_gpu_min:0, scn_gpu_max:-1; scn_gpu_min(HL):-1, scn_gpu_max(HL):-1
2025-12-09 12:19:04.537   957-1017  libPowerHal             pid-957                              I  [setGPUFreq] Soft min/max = (0, 0); Hard min/max = (44, 0)
2025-12-09 12:19:04.537   957-1017  libPowerHal             pid-957                              I  [setGPUFreq] final min/max = (0, 0)
2025-12-09 12:19:04.537   957-1017  libPowerHal             pid-957                              I  MTKPOWER_HINT_LAUNCHER_ANIMA: set gpu opp level: 0
2025-12-09 12:19:04.537  1561-1661  WindowManager           pid-1561                             V  Finish Transition (#61): created at 12-09 12:19:03.648 collect-started=0.053ms request-sent=22.528ms started=43.903ms ready=356.867ms sent=562.976ms finished=885.83ms
2025-12-09 12:19:04.537   957-1017  libPowerHal             pid-957                              I  MTKPOWER_HINT_LAUNCHER_ANIMA: set gpu opp level max: 0
2025-12-09 12:19:04.537  1561-1862  Process                 pid-1561                             I  String at 0: 0x741bff6601 = SFMainPolicy
2025-12-09 12:19:04.537  1561-1862  Process                 pid-1561                             I  String at 0: 0x741bff6601 = SFRenderEnginePolicy
2025-12-09 12:19:04.537  1561-1664  CompatChangeReporter    pid-1561                             D  Compat change id reported: 151861875; UID 10269; state: ENABLED
2025-12-09 12:19:04.537  1561-1862  TranCPUBooster          pid-1561                             D  [setAffinity] Pid:5975 mask:0-7
2025-12-09 12:19:04.538  1561-1664  PowerHalWrapper         pid-1561                             I  amsBoostNotify pid:19664,activity:com.instagram.android.activity.MainTabActivity, package:com.instagram.android, mProcessCreatePackcom.facebook.appmanager 
2025-12-09 12:19:04.538  1561-1664  PowerHalWrapper         pid-1561                             I  state: 0 
2025-12-09 12:19:04.538  1561-1664  mtkpower_client         pid-1561                             I  [PowerHal_Wrap_notifyAppState] com.instagram.android/com.instagram.android.activity.MainTabActivity pid=19664 activityId:10701559 state:0
2025-12-09 12:19:04.538  1561-1664  mtkpower_client         pid-1561                             I  [Legacy][PowerHal_Wrap_notifyAppState] com.instagram.android/com.instagram.android.activity.MainTabActivity pid=19664 state:10701559
2025-12-09 12:19:04.538   957-1017  libPowerHal             pid-957                              I  [perfNotifyAppState] pack:com.instagram.android, act:com.instagram.android.activity.MainTabActivity, state:0, pid:19664, uid:10269, fps:-1
2025-12-09 12:19:04.539  1561-1664  PowerHalWrapper         pid-1561                             I  amsBoostNotify AMS_BOOST_PROCESS_CREATE_BOOST:true 
2025-12-09 12:19:04.540  1561-1664  MagellanHandle          pid-1561                             D  updateRefreshRateForSceneVsyncs what = 23
2025-12-09 12:19:04.541 19664-19664 ActivityThread          pid-19664                            D  handleResumeActivity#0 return
2025-12-09 12:19:04.541 19664-19664 ActivityThread          pid-19664                            D  mToDestroying.remove:ActivityRecord{97d1cc5 token=android.os.BinderProxy@6cafaf3 {com.instagram.android/com.instagram.android.activity.MainTabActivity}}
2025-12-09 12:19:04.543  1561-1662  ApplicationHelper       pid-1561                             E  Fail to get PackageManager
2025-12-09 12:19:04.548 19664-19664 ContentCaptureHelper    pid-19664                            I  Setting logging level to OFF
2025-12-09 12:19:04.551  1000-1086  AudioFlinger            pid-1000                             I  setParameters: filtered keyvalue app_in_recents=false
2025-12-09 12:19:04.551  1000-1086  AudioFlinger            pid-1000                             I  +mAudioHwDevs(primary)->setParameters(): app_in_recents=false
2025-12-09 12:19:04.551   916-916   AudioALSAHardware       pid-916                              D  +setParameters(): app_in_recents=false
2025-12-09 12:19:04.552   916-916   AudioALSAHardware       pid-916                              D  -setParameters(): app_in_recents=false
2025-12-09 12:19:04.552  1021-1021  SurfaceFlinger          pid-1021                             I  onHandleDestroyed: name=Transition Root: Task=18#784, layerId=784, parentId=0
2025-12-09 12:19:04.552  1000-1086  AudioFlinger            pid-1000                             I  -mAudioHwDevs(primary)->setParameters(): app_in_recents=false
2025-12-09 12:19:04.552  1000-1086  AudioFlinger            pid-1000                             I  +mAudioHwDevs(bluetooth)->setParameters(): app_in_recents=false
2025-12-09 12:19:04.553  1000-1086  AudioFlinger            pid-1000                             I  -mAudioHwDevs(bluetooth)->setParameters(): app_in_recents=false
2025-12-09 12:19:04.553  1000-1086  AudioFlinger            pid-1000                             I  +mAudioHwDevs(usb)->setParameters(): app_in_recents=false
2025-12-09 12:19:04.554  1000-1086  AudioFlinger            pid-1000                             I  -mAudioHwDevs(usb)->setParameters(): app_in_recents=false
2025-12-09 12:19:04.554  1000-1086  AudioFlinger            pid-1000                             I  +mAudioHwDevs(r_submix)->setParameters(): app_in_recents=false
2025-12-09 12:19:04.554  1000-1086  AudioFlinger            pid-1000                             I  -mAudioHwDevs(r_submix)->setParameters(): app_in_recents=false
2025-12-09 12:19:04.554  1000-1086  TranFlinger             pid-1000                             E  setPareters is is 0
2025-12-09 12:19:04.555  1000-1086  TranFlinger             pid-1000                             D  Audioflinger app_in_recents = false
2025-12-09 12:19:04.555  1000-1086  TranFlinger             pid-1000                             D  Audioflinger sec app_in_recents  is 0
2025-12-09 12:19:04.560  1021-1021  BufferQueueDebug        pid-1021                             I  [Transition Root: Task=18#784](this:0xb4000073434cc428,id:-1,api:0,p:-1,c:1021) onDestructor()
2025-12-09 12:19:04.563   929-1213  hwcomposer              pid-929                              W  [DRMDEV] paramIsSame(), id 116, w 1080/1080, h 2436/2436, pitch 1088/1088, format 0x1/0x2, secure 0/0  
2025-12-09 12:19:04.568  1561-1665  WindowManager           pid-1561                             D  set alpha = 0.6 dim = SmoothDimmer#DimState with host=WindowedMagnification:0:31@204559566, surface=Surface(name=Dim Layer for - WindowedMagnification:0:31)/@0xa63498
2025-12-09 12:19:04.595  1561-1993  UserManagerService      pid-1561                             W  Requested status bar icon for non-badged user 0
2025-12-09 12:19:04.598  1561-5222  MagellanHandle          pid-1561                             D  updateRefreshRateForSceneVsyncs what = 23
2025-12-09 12:19:04.601  1561-5222  WindowManager           pid-1561                             D  setParent old=Task{3c6bcd #18 type=standard A=10269:com.instagram.android},new=null,this window=ActivityRecord{a34af7 u0 com.instagram.android/.activity.MainTabActivity t18 f}},callers=com.android.server.wm.WindowContainer.removeChild:862 com.android.server.wm.TaskFragment.removeChild:3257 com.android.server.wm.Task.removeChild:1590 com.android.server.wm.Task.removeChild:1573 com.android.server.wm.WindowContainer.removeImmediately:932 com.android.server.wm.WindowToken.removeImmediately:359 
2025-12-09 12:19:04.605  1561-5222  TransitionController    pid-1561                             D  mCollectingTransition = null can't setReady, wc = Display{#0 state=ON size=1080x2436 ROTATION_0} ready = true
2025-12-09 12:19:04.607  1561-5222  TransitionController    pid-1561                             D  mCollectingTransition = null can't setReady, wc = Display{#0 state=ON size=1080x2436 ROTATION_0} ready = true
2025-12-09 12:19:04.615  4948-5551  SimpleEventAdapt        pid-4948                             I  onAppStartEvent get com.instagram.android,start false
2025-12-09 12:19:04.618  1021-1021  SurfaceFlinger          pid-1021                             I  onHandleDestroyed: name=ActivityRecord{a34af7 u0 com.instagram.android/.activity.MainTabActivity t18}#778, layerId=778, parentId=0
