2025-12-09 14:29:54.394  1584-1667  ApplicationHelper       pid-1584                             E  Fail to get PackageManager
2025-12-09 14:29:54.394  1584-2025  BackupManagerService    pid-1584                             D  mUserServices size: 0
2025-12-09 14:29:54.404 12852-23195 Blockstore              pid-12852                            I  (REDACTED) [DataStoreImpl] Clearing all the restore credential for %s packages
2025-12-09 14:29:54.406  1584-1667  ApplicationHelper       pid-1584                             E  Fail to get PackageManager
2025-12-09 14:29:54.409  5471-17666 AppHelper               pid-5471                             I  info PanelItemInfo{ PackageName: com.transsion.compass, Label: , Type: 2, added: false, Id: null, mIconPath: null, mIcon: 0}  iconList : [com.android.chromenull.jpg, com.gallery20null.jpg, com.google.android.gmnull.jpg, com.google.android.apps.googleassistantnull.jpg, com.transsnet.palmpaynull.jpg, net.bat.storenull.jpg, com.transsion.soundrecordernull.jpg, com.google.android.calendarnull.jpg, com.transsion.cameranull.jpg, com.transsion.deskclocknull.jpg, com.transsion.calculatornull.jpg, com.transsion.carlcarenull.jpg, com.transsion.compassnull.jpg]
2025-12-09 14:29:54.414 12852-21739 Icing                   pid-12852                            I  doRemovePackageData com.android.internal.display.cutout.emulation.waterfall
2025-12-09 14:29:54.423  1584-1667  ApplicationHelper       pid-1584                             E  Fail to get PackageManager
2025-12-09 14:29:54.429  1584-1667  ApplicationHelper       pid-1584                             E  Fail to get PackageManager
2025-12-09 14:29:54.431 12852-21739 Icing                   pid-12852                            I  Indexing com.google.android.gms-apps from com.google.android.gms
2025-12-09 14:29:54.433 12852-21739 Icing                   pid-12852                            I  Indexing done com.google.android.gms-apps
2025-12-09 14:29:54.438 12852-23195 Blockstore              pid-12852                            W  [DataStoreImpl] Does not contain gms package key space. [CONTEXT service_id=258 ]
2025-12-09 14:29:54.442  1584-1839  tranpm/BehaviorManager  pid-1584                             D  onMemPressureChange : level 0
2025-12-09 14:29:54.442 12852-23195 Blockstore              pid-12852                            I  (REDACTED) [PackageIntentOperation] Deleted restore credential for package %s is successful: %s
2025-12-09 14:29:54.443  1584-5038  BackupManagerService    pid-1584                             D  mUserServices size: 0
2025-12-09 14:29:54.443  1584-5038  BackupManagerService    pid-1584                             D  mUserServices size: 0
2025-12-09 14:29:54.444 12852-23195 Blockstore              pid-12852                            I  (REDACTED) [DataStoreImpl] Clearing all the Blockstore Data for package %s
2025-12-09 14:29:54.447 22766-22805 Finsky                  pid-22766                            I  [1481] rrq.accept(58): SCH: Scheduling phonesky job Id: 12-1, CT: 1765301393457, Constraints: [{ L: 15000, D: 86400000, C: CHARGING_NONE, I: IDLE_NONE, N: NET_ANY, B: BATTERY_ANY }]
2025-12-09 14:29:54.449 12852-23195 Blockstore              pid-12852                            I  (REDACTED) [DataStoreImpl] Clearing all the Blockstore Data for %s packages
2025-12-09 14:29:54.452 12852-23195 Blockstore              pid-12852                            I  (REDACTED) [DataStoreImpl] Allow listed package: %s
2025-12-09 14:29:54.452 12852-23195 Blockstore              pid-12852                            I  (REDACTED) [DataStoreImpl] Allow listed package: %s
2025-12-09 14:29:54.453 12852-23195 Blockstore              pid-12852                            I  (REDACTED) [DataStoreImpl] Allow listed package: %s
2025-12-09 14:29:54.454 12852-23195 Blockstore              pid-12852                            I  (REDACTED) [DataStoreImpl] Allow listed package: %s
2025-12-09 14:29:54.458 12852-23195 Blockstore              pid-12852                            I  (REDACTED) [DataStoreImpl] Allow listed package: %s
2025-12-09 14:29:54.464 12852-23195 Blockstore              pid-12852                            I  (REDACTED) [DataStoreImpl] Removing Blockstore data for packages %s
2025-12-09 14:29:54.469 22766-22799 Finsky                  pid-22766                            I  [1475] nat.apply(290): SCH: Scheduling 0 system job(s)
2025-12-09 14:29:54.472 22766-22775 android.vending         pid-22766                            I  Background concurrent mark compact GC freed 5948KB AllocSpace bytes, 6(248KB) LOS objects, 49% free, 15MB/30MB, paused 3.145ms,3.692ms total 637.731ms
2025-12-09 14:29:54.479 12852-23207 SQLiteLog               pid-12852                            W  (28) double-quoted string literal: "com.afmobi.boomplayer"
2025-12-09 14:29:54.479  5471-17666 Applicatio...ageManager pid-5471                             I  color1 =0,color2 =0,bgColor =0
2025-12-09 14:29:54.479  5471-17666 Applicatio...ageManager pid-5471                             I  dr is not VectorDrawable,so we do nothing !
2025-12-09 14:29:54.481 22766-22805 Finsky                  pid-22766                            I  [1481] rrq.accept(58): SCH: Scheduling phonesky job Id: 12-1, CT: 1765301393126, Constraints: [{ L: 15000, D: 86400000, C: CHARGING_NONE, I: IDLE_NONE, N: NET_ANY, B: BATTERY_ANY }]
2025-12-09 14:29:54.482 22766-22799 Finsky                  pid-22766                            I  [1475] ozv.kk(181): [ContentSync] finished, scheduled=true
2025-12-09 14:29:54.490  1584-1667  ApplicationHelper       pid-1584                             E  Fail to get PackageManager
2025-12-09 14:29:54.491 22766-22766 Finsky                  pid-22766                            I  [2] agsu.onStartJob(126): SCH: job service start with id 9171.
2025-12-09 14:29:54.494 22766-22799 Finsky                  pid-22766                            I  [1475] nat.apply(290): SCH: Scheduling 0 system job(s)
2025-12-09 14:29:54.503 22766-22794 Finsky                  pid-22766                            I  [1470] ozv.kk(181): [ContentSync] finished, scheduled=true
2025-12-09 14:29:54.505 22766-22799 Finsky                  pid-22766                            I  [1475] rrq.accept(58): SCH: Scheduling phonesky job Id: 37-9, CT: 1765301392913, Constraints: [{ L: 0, D: 0, C: CHARGING_NONE, I: IDLE_NONE, N: NET_NONE, B: BATTERY_ANY }, { L: 0, D: 0, C: CHARGING_NONE, I: IDLE_NONE, N: NET_NONE, B: BATTERY_ANY }]
2025-12-09 14:29:54.506 12852-21489 WorkSourceUtil          pid-12852                            E  Could not find package: com.afmobi.boomplayer
2025-12-09 14:29:54.511  5471-17666 AppHelper               pid-5471                             I  info PanelItemInfo{ PackageName: com.cdccreditsmart.app, Label: , Type: 2, added: false, Id: null, mIconPath: null, mIcon: 0}  iconList : [com.android.chromenull.jpg, com.gallery20null.jpg, com.google.android.gmnull.jpg, com.google.android.apps.googleassistantnull.jpg, com.transsnet.palmpaynull.jpg, net.bat.storenull.jpg, com.transsion.soundrecordernull.jpg, com.google.android.calendarnull.jpg, com.transsion.cameranull.jpg, com.transsion.deskclocknull.jpg, com.transsion.calculatornull.jpg, com.transsion.carlcarenull.jpg, com.transsion.compassnull.jpg, com.cdccreditsmart.appnull.jpg]
2025-12-09 14:29:54.512  1584-1667  ApplicationHelper       pid-1584                             E  Fail to get PackageManager
2025-12-09 14:29:54.512 22766-22805 Finsky                  pid-22766                            I  [1481] nat.apply(290): SCH: Scheduling 0 system job(s)
2025-12-09 14:29:54.517 22766-22805 Finsky                  pid-22766                            I  [1481] rrq.accept(58): SCH: Scheduling phonesky job Id: 12-1, CT: 1765301393228, Constraints: [{ L: 15000, D: 86400000, C: CHARGING_NONE, I: IDLE_NONE, N: NET_ANY, B: BATTERY_ANY }]
2025-12-09 14:29:54.523 12852-21747 Icing                   pid-12852                            I  doRemovePackageData com.afmobi.boomplayer
2025-12-09 14:29:54.525 12852-21747 Icing                   pid-12852                            I  Indexing com.google.android.gms-apps from com.google.android.gms
2025-12-09 14:29:54.533 12852-21747 Icing                   pid-12852                            I  Indexing done com.google.android.gms-apps
2025-12-09 14:29:54.539  5471-17666 Applicatio...ageManager pid-5471                             I  color1 =0,color2 =0,bgColor =0
2025-12-09 14:29:54.539  5471-17666 Applicatio...ageManager pid-5471                             I  dr is not VectorDrawable,so we do nothing !
2025-12-09 14:29:54.546 22766-23186 Finsky                  pid-22766                            I  [1532] nas.a(185): SCH: Satisfied jobs for 9171 are: 37-8, 37-9, 37-10, 37-11, 37-12, 37-13, 37-14
2025-12-09 14:29:54.548 22766-22834 Finsky                  pid-22766                            I  [1491] nat.apply(290): SCH: Scheduling 0 system job(s)
2025-12-09 14:29:54.553  5471-17666 AppHelper               pid-5471                             I  info PanelItemInfo{ PackageName: com.google.android.apps.docs, Label: , Type: 2, added: false, Id: null, mIconPath: null, mIcon: 0}  iconList : [com.android.chromenull.jpg, com.gallery20null.jpg, com.google.android.gmnull.jpg, com.google.android.apps.googleassistantnull.jpg, com.transsnet.palmpaynull.jpg, net.bat.storenull.jpg, com.transsion.soundrecordernull.jpg, com.google.android.calendarnull.jpg, com.transsion.cameranull.jpg, com.transsion.deskclocknull.jpg, com.transsion.calculatornull.jpg, com.transsion.carlcarenull.jpg, com.transsion.compassnull.jpg, com.cdccreditsmart.appnull.jpg, com.google.android.apps.docsnull.jpg]
2025-12-09 14:29:54.555 22766-22834 Finsky                  pid-22766                            I  [1491] ozv.kk(181): [ContentSync] finished, scheduled=true
2025-12-09 14:29:54.557 22766-23270 Finsky                  pid-22766                            I  [1546] adhf.accept(98): SCH: Job 37-8 starting
2025-12-09 14:29:54.560 22766-22766 Finsky                  pid-22766                            I  [2] PackageAddedOrRemovedEventJob.a(62): Received an install/uninstall event for package com.android.internal.display.cutout.emulation.corner with replacing being false
2025-12-09 14:29:54.565 22766-22766 Finsky                  pid-22766                            I  [2] agrc.q(56): SCH: jobFinished: 37-8. TimeElapsed: 6ms.
2025-12-09 14:29:54.574 22766-22834 Finsky                  pid-22766                            I  [1491] rrq.accept(58): SCH: Scheduling phonesky job Id: 37-8, CT: 1765301392717, Constraints: [{ L: 0, D: 0, C: CHARGING_NONE, I: IDLE_NONE, N: NET_NONE, B: BATTERY_ANY }, { L: 0, D: 0, C: CHARGING_NONE, I: IDLE_NONE, N: NET_NONE, B: BATTERY_ANY }]
2025-12-09 14:29:54.575  5471-17666 Applicatio...ageManager pid-5471                             I  color1 =0,color2 =0,bgColor =0
2025-12-09 14:29:54.575  5471-17666 Applicatio...ageManager pid-5471                             I  dr is not VectorDrawable,so we do nothing !
2025-12-09 14:29:54.576 23245-23245 dex2oat32               pid-23245                            I  dex2oat took 660.064ms (326.252ms cpu) (threads: 8) arena alloc=0B (0B) java alloc=128KB (131072B) native alloc=629KB (644912B) free=1746KB (1788032B)
2025-12-09 14:29:54.577 22766-23270 Finsky                  pid-22766                            I  [1546] adhf.accept(98): SCH: Job 37-9 starting
2025-12-09 14:29:54.580 22766-23270 Finsky                  pid-22766                            I  [1546] adhf.accept(98): SCH: Job 37-10 starting
2025-12-09 14:29:54.591  5471-17666 AppHelper               pid-5471                             I  info PanelItemInfo{ PackageName: id.mjs.etalaseapp, Label: , Type: 2, added: false, Id: null, mIconPath: null, mIcon: 0}  iconList : [com.android.chromenull.jpg, com.gallery20null.jpg, com.google.android.gmnull.jpg, com.google.android.apps.googleassistantnull.jpg, com.transsnet.palmpaynull.jpg, net.bat.storenull.jpg, com.transsion.soundrecordernull.jpg, com.google.android.calendarnull.jpg, com.transsion.cameranull.jpg, com.transsion.deskclocknull.jpg, com.transsion.calculatornull.jpg, com.transsion.carlcarenull.jpg, com.transsion.compassnull.jpg, com.cdccreditsmart.appnull.jpg, com.google.android.apps.docsnull.jpg, id.mjs.etalaseappnull.jpg]
2025-12-09 14:29:54.594 22766-22834 Finsky                  pid-22766                            I  [1491] aehv.b(366): Not an active Cubes user. Ignoring package install/uninstall event.
2025-12-09 14:29:54.595 22766-22834 Finsky                  pid-22766                            I  [1491] nat.apply(290): SCH: Scheduling 0 system job(s)
2025-12-09 14:29:54.596 22766-23270 Finsky                  pid-22766                            I  [1546] adhf.accept(98): SCH: Job 37-11 starting
2025-12-09 14:29:54.603 22766-22766 Finsky                  pid-22766                            I  [2] adhf.accept(98): SCH: Job 37-12 starting
2025-12-09 14:29:54.608 22766-22766 Finsky                  pid-22766                            I  [2] PackageAddedOrRemovedEventJob.a(62): Received an install/uninstall event for package com.android.internal.display.cutout.emulation.double with replacing being false
2025-12-09 14:29:54.609 13971-14345 creditsmart.app         pid-13971                            I  Background concurrent mark compact GC freed 7965KB AllocSpace bytes, 14(1112KB) LOS objects, 50% free, 21MB/42MB, paused 1.182ms,2.322ms total 320.174ms
2025-12-09 14:29:54.614 22766-22766 Finsky                  pid-22766                            I  [2] agrc.q(56): SCH: jobFinished: 37-9. TimeElapsed: 10ms.
2025-12-09 14:29:54.616  5471-17666 Applicatio...ageManager pid-5471                             I  color1 =0,color2 =0,bgColor =0
2025-12-09 14:29:54.616  5471-17666 Applicatio...ageManager pid-5471                             I  dr is not VectorDrawable,so we do nothing !
2025-12-09 14:29:54.617  1010-2039  SurfaceFlinger          pid-1010                             D  [SF client] REMOVE (0xb4000077969470c0) for (13971:com.cdccreditsmart.app)
2025-12-09 14:29:54.628  5471-17666 AppHelper               pid-5471                             I  info PanelItemInfo{ PackageName: com.facebook.katana, Label: , Type: 2, added: false, Id: null, mIconPath: null, mIcon: 0}  iconList : [com.android.chromenull.jpg, com.gallery20null.jpg, com.google.android.gmnull.jpg, com.google.android.apps.googleassistantnull.jpg, com.transsnet.palmpaynull.jpg, net.bat.storenull.jpg, com.transsion.soundrecordernull.jpg, com.google.android.calendarnull.jpg, com.transsion.cameranull.jpg, com.transsion.deskclocknull.jpg, com.transsion.calculatornull.jpg, com.transsion.carlcarenull.jpg, com.transsion.compassnull.jpg, com.cdccreditsmart.appnull.jpg, com.google.android.apps.docsnull.jpg, id.mjs.etalaseappnull.jpg, com.facebook.katananull.jpg]
2025-12-09 14:29:54.632 22766-22766 Finsky                  pid-22766                            I  [2] PackageAddedOrRemovedEventJob.a(62): Received an install/uninstall event for package com.transsion.gamespace.app with replacing being false
2025-12-09 14:29:54.633 22766-22766 Finsky                  pid-22766                            I  [2] agrc.q(56): SCH: jobFinished: 37-10. TimeElapsed: 16ms.
2025-12-09 14:29:54.636 22766-22766 Finsky                  pid-22766                            I  [2] PackageAddedOrRemovedEventJob.a(62): Received an install/uninstall event for package com.android.internal.display.cutout.emulation.hole with replacing being false
2025-12-09 14:29:54.637 15497-17782 artd                    pid-15497                            I  dex2oat returned code 0
2025-12-09 14:29:54.639 17711-17711 Finsky                  pid-17711                            I  [2] rhs.c(108): DSC::L: Update all listeners for download <3:RUNNING:73%[73%]> in group Google Play:zaE3G_NjSJWITXl0DlYbDg
2025-12-09 14:29:54.640 17711-17711 Finsky                  pid-17711                            I  [2] rhs.c(148): DSC::L: Updating listener nmj@40b6ffa for download <3:RUNNING:73%[73%]>
2025-12-09 14:29:54.641 20533-22921 Finsky:background       pid-20533                            I  [1399] aqil.k(30): DS::IDC: updateWith: <3:RUNNING:73%[73%]>
2025-12-09 14:29:54.645 17711-17711 Finsky                  pid-17711                            I  [2] rhs.c(148): DSC::L: Updating listener rca@e5e559a for download <3:RUNNING:73%[73%]>
2025-12-09 14:29:54.646 17711-17711 Finsky                  pid-17711                            I  [2] rhs.c(148): DSC::L: Updating listener DownloadServiceManagerListener::prx@835b565 for download <3:RUNNING:73%[73%]>
2025-12-09 14:29:54.647 17711-17711 Finsky                  pid-17711                            I  [2] rby.f(179): DSM::L:status update is skipped for non-installer download.
2025-12-09 14:29:54.650 17711-17711 Finsky                  pid-17711                            I  [2] rhs.c(148): DSC::L: Updating listener DownloadServiceManagerListener::afdt@677cd64 for download <3:RUNNING:73%[73%]>
2025-12-09 14:29:54.651 17711-17711 Finsky                  pid-17711                            I  [2] rby.f(179): DSM::L:status update is skipped for non-installer download.
2025-12-09 14:29:54.652 17711-17711 Finsky                  pid-17711                            I  [2] rhs.c(148): DSC::L: Updating listener ahin@be32bcc for download <3:RUNNING:73%[73%]>
2025-12-09 14:29:54.652 17711-17711 Finsky                  pid-17711                            I  [2] ahij.f(89): SU: Received onStateUpdate with status: 2
2025-12-09 14:29:54.655 22766-22766 Finsky                  pid-22766                            I  [2] agrc.q(56): SCH: jobFinished: 37-11. TimeElapsed: 8ms.
2025-12-09 14:29:54.656  5471-17666 Applicatio...ageManager pid-5471                             I  color1 =0,color2 =0,bgColor =0
2025-12-09 14:29:54.656  5471-17666 Applicatio...ageManager pid-5471                             I  dr is not VectorDrawable,so we do nothing !
2025-12-09 14:29:54.661  1584-5012  ArtService              pid-1584                             I  Dexopt result: [packageName = com.google.android.gms] DexContainerFileDexoptResult{dexContainerFile=/data/user/0/com.google.android.gms/app_dg_cache/981325FE712DE8A8AB83655EBBCFB0558EA27BAD/the.apk, primaryAbi=true, abi=arm64-v8a, actualCompilerFilter=verify, status=PERFORMED, dex2oatWallTimeMillis=933, dex2oatCpuTimeMillis=430, sizeBytes=50872, sizeBeforeBytes=532, extendedStatusFlags=[]}
2025-12-09 14:29:54.664 15497-17782 artd                    pid-15497                            I  Dex parent of /data/user_de/0/com.google.android.gms/app_chimera/m/00000001/CronetDynamite.apk is not writable: Permission denied
2025-12-09 14:29:54.664 15497-17782 artd                    pid-15497                            I  GetBestInfo checking odex in dalvik-cache (/data/dalvik-cache/arm64/data@user_de@0@com.google.android.gms@app_chimera@m@00000001@CronetDynamite.apk@classes.dex)
2025-12-09 14:29:54.665 15497-17782 artd                    pid-15497                            I  Loading /data/dalvik-cache/arm64/data@user_de@0@com.google.android.gms@app_chimera@m@00000001@CronetDynamite.apk@classes.dex with executable: 0
2025-12-09 14:29:54.665 15497-17782 artd                    pid-15497                            I  OatFileAssistant test for existing oat file /data/dalvik-cache/arm64/data@user_de@0@com.google.android.gms@app_chimera@m@00000001@CronetDynamite.apk@classes.dex: File /data/dalvik-cache/arm64/data@user_de@0@com.google.android.gms@app_chimera@m@00000001@CronetDynamite.apk@classes.vdex does not exist.
2025-12-09 14:29:54.665 15497-17782 artd                    pid-15497                            I  GetBestInfo checking odex next to the dex file (/data/user_de/0/com.google.android.gms/app_chimera/m/00000001/oat/arm64/CronetDynamite.odex)
2025-12-09 14:29:54.665 15497-17782 artd                    pid-15497                            I  Loading /data/user_de/0/com.google.android.gms/app_chimera/m/00000001/oat/arm64/CronetDynamite.odex with executable: 0
2025-12-09 14:29:54.667 22766-22766 Finsky                  pid-22766                            I  [2] PackageAddedOrRemovedEventJob.a(62): Received an install/uninstall event for package com.android.internal.display.cutout.emulation.tall with replacing being false
2025-12-09 14:29:54.668 15497-17782 artd                    pid-15497                            I  Successfully loaded /data/user_de/0/com.google.android.gms/app_chimera/m/00000001/oat/arm64/CronetDynamite.odex with executable: 0
2025-12-09 14:29:54.669 15497-17782 artd                    pid-15497                            I  /data/user_de/0/com.google.android.gms/app_chimera/m/00000001/oat/arm64/CronetDynamite.odex is kOatUpToDate with filter verify
2025-12-09 14:29:54.670 15497-17782 artd                    pid-15497                            I  Should not recompile
2025-12-09 14:29:54.671  1584-5012  ArtService              pid-1584                             I  Dexopt result: [packageName = com.google.android.gms] DexContainerFileDexoptResult{dexContainerFile=/data/user_de/0/com.google.android.gms/app_chimera/m/00000001/CronetDynamite.apk, primaryAbi=true, abi=arm64-v8a, actualCompilerFilter=verify, status=SKIPPED, dex2oatWallTimeMillis=0, dex2oatCpuTimeMillis=0, sizeBytes=0, sizeBeforeBytes=0, extendedStatusFlags=[]}
2025-12-09 14:29:54.671 22766-22834 Finsky                  pid-22766                            I  [1491] rrq.accept(58): SCH: Scheduling phonesky job Id: 37-13, CT: 1765301393515, Constraints: [{ L: 0, D: 0, C: CHARGING_NONE, I: IDLE_NONE, N: NET_NONE, B: BATTERY_ANY }, { L: 0, D: 0, C: CHARGING_NONE, I: IDLE_NONE, N: NET_NONE, B: BATTERY_ANY }]
2025-12-09 14:29:54.672 22766-22834 Finsky                  pid-22766                            I  [1491] aehv.b(366): Not an active Cubes user. Ignoring package install/uninstall event.
2025-12-09 14:29:54.677 22766-22805 Finsky                  pid-22766                            I  [1481] aehv.b(366): Not an active Cubes user. Ignoring package install/uninstall event.
2025-12-09 14:29:54.677 22766-22805 Finsky                  pid-22766                            I  [1481] aehv.b(366): Not an active Cubes user. Ignoring package install/uninstall event.
2025-12-09 14:29:54.678 22766-22766 Finsky                  pid-22766                            I  [2] agrc.q(56): SCH: jobFinished: 37-12. TimeElapsed: 13ms.
2025-12-09 14:29:54.679 15497-17782 artd                    pid-15497                            I  Dex parent of /data/user_de/10/com.google.android.gms/app_chimera/m/0000000b/dl-MlkitBarcodeUi.optional_251036100400.apk is not writable: Permission denied
2025-12-09 14:29:54.679 15497-17782 artd                    pid-15497                            I  GetBestInfo checking odex in dalvik-cache (/data/dalvik-cache/arm64/data@user_de@10@com.google.android.gms@app_chimera@m@0000000b@dl-MlkitBarcodeUi.optional_251036100400.apk@classes.dex)
2025-12-09 14:29:54.680 15497-17782 artd                    pid-15497                            I  Loading /data/dalvik-cache/arm64/data@user_de@10@com.google.android.gms@app_chimera@m@0000000b@dl-MlkitBarcodeUi.optional_251036100400.apk@classes.dex with executable: 0
2025-12-09 14:29:54.680 15497-17782 artd                    pid-15497                            I  OatFileAssistant test for existing oat file /data/dalvik-cache/arm64/data@user_de@10@com.google.android.gms@app_chimera@m@0000000b@dl-MlkitBarcodeUi.optional_251036100400.apk@classes.dex: File /data/dalvik-cache/arm64/data@user_de@10@com.google.android.gms@app_chimera@m@0000000b@dl-MlkitBarcodeUi.optional_251036100400.apk@classes.vdex does not exist.
2025-12-09 14:29:54.680 15497-17782 artd                    pid-15497                            I  GetBestInfo checking odex next to the dex file (/data/user_de/10/com.google.android.gms/app_chimera/m/0000000b/oat/arm64/dl-MlkitBarcodeUi.optional_251036100400.odex)
2025-12-09 14:29:54.681 15497-17782 artd                    pid-15497                            I  Loading /data/user_de/10/com.google.android.gms/app_chimera/m/0000000b/oat/arm64/dl-MlkitBarcodeUi.optional_251036100400.odex with executable: 0
2025-12-09 14:29:54.681 22766-22766 Finsky                  pid-22766                            I  [2] adhf.accept(98): SCH: Job 37-13 starting
2025-12-09 14:29:54.683 22766-22766 Finsky                  pid-22766                            I  [2] adhf.accept(98): SCH: Job 37-14 starting
2025-12-09 14:29:54.684 15497-17782 artd                    pid-15497                            I  Successfully loaded /data/user_de/10/com.google.android.gms/app_chimera/m/0000000b/oat/arm64/dl-MlkitBarcodeUi.optional_251036100400.odex with executable: 0
2025-12-09 14:29:54.685 15497-17782 artd                    pid-15497                            I  /data/user_de/10/com.google.android.gms/app_chimera/m/0000000b/oat/arm64/dl-MlkitBarcodeUi.optional_251036100400.odex is kOatUpToDate with filter verify
2025-12-09 14:29:54.686 22766-22766 Finsky                  pid-22766                            I  [2] PackageAddedOrRemovedEventJob.a(62): Received an install/uninstall event for package com.android.internal.display.cutout.emulation.waterfall with replacing being false
2025-12-09 14:29:54.687 15497-17782 artd                    pid-15497                            I  Should not recompile
2025-12-09 14:29:54.687 22766-22766 Finsky                  pid-22766                            I  [2] agrc.q(56): SCH: jobFinished: 37-13. TimeElapsed: 2ms.
2025-12-09 14:29:54.687  1584-5012  ArtService              pid-1584                             I  Dexopt result: [packageName = com.google.android.gms] DexContainerFileDexoptResult{dexContainerFile=/data/user_de/10/com.google.android.gms/app_chimera/m/0000000b/dl-MlkitBarcodeUi.optional_251036100400.apk, primaryAbi=true, abi=arm64-v8a, actualCompilerFilter=verify, status=SKIPPED, dex2oatWallTimeMillis=0, dex2oatCpuTimeMillis=0, sizeBytes=0, sizeBeforeBytes=0, extendedStatusFlags=[]}
2025-12-09 14:29:54.689  5471-17666 AppHelper               pid-5471                             I  info PanelItemInfo{ PackageName: com.google.android.apps.nbu.files, Label: , Type: 2, added: false, Id: null, mIconPath: null, mIcon: 0}  iconList : [com.android.chromenull.jpg, com.gallery20null.jpg, com.google.android.gmnull.jpg, com.google.android.apps.googleassistantnull.jpg, com.transsnet.palmpaynull.jpg, net.bat.storenull.jpg, com.transsion.soundrecordernull.jpg, com.google.android.calendarnull.jpg, com.transsion.cameranull.jpg, com.transsion.deskclocknull.jpg, com.transsion.calculatornull.jpg, com.transsion.carlcarenull.jpg, com.transsion.compassnull.jpg, com.cdccreditsmart.appnull.jpg, com.google.android.apps.docsnull.jpg, id.mjs.etalaseappnull.jpg, com.facebook.katananull.jpg, com.google.android.apps.nbu.filesnull.jpg]
2025-12-09 14:29:54.689 15497-15502 artd                    pid-15497                            I  Dex parent of /data/user_de/0/com.google.android.gms/app_chimera/m/00000002/DynamiteLoader.apk is not writable: Permission denied
2025-12-09 14:29:54.689 15497-15502 artd                    pid-15497                            I  GetBestInfo checking odex in dalvik-cache (/data/dalvik-cache/arm64/data@user_de@0@com.google.android.gms@app_chimera@m@00000002@DynamiteLoader.apk@classes.dex)
2025-12-09 14:29:54.689 15497-15502 artd                    pid-15497                            I  Loading /data/dalvik-cache/arm64/data@user_de@0@com.google.android.gms@app_chimera@m@00000002@DynamiteLoader.apk@classes.dex with executable: 0
2025-12-09 14:29:54.689 15497-15502 artd                    pid-15497                            I  OatFileAssistant test for existing oat file /data/dalvik-cache/arm64/data@user_de@0@com.google.android.gms@app_chimera@m@00000002@DynamiteLoader.apk@classes.dex: File /data/dalvik-cache/arm64/data@user_de@0@com.google.android.gms@app_chimera@m@00000002@DynamiteLoader.apk@classes.vdex does not exist.
2025-12-09 14:29:54.689 15497-15502 artd                    pid-15497                            I  GetBestInfo checking odex next to the dex file (/data/user_de/0/com.google.android.gms/app_chimera/m/00000002/oat/arm64/DynamiteLoader.odex)
2025-12-09 14:29:54.689 15497-15502 artd                    pid-15497                            I  Loading /data/user_de/0/com.google.android.gms/app_chimera/m/00000002/oat/arm64/DynamiteLoader.odex with executable: 0
2025-12-09 14:29:54.690 15497-15502 artd                    pid-15497                            I  Successfully loaded /data/user_de/0/com.google.android.gms/app_chimera/m/00000002/oat/arm64/DynamiteLoader.odex with executable: 0
2025-12-09 14:29:54.690 15497-15502 artd                    pid-15497                            I  /data/user_de/0/com.google.android.gms/app_chimera/m/00000002/oat/arm64/DynamiteLoader.odex is kOatUpToDate with filter verify
2025-12-09 14:29:54.690 15497-15502 artd                    pid-15497                            I  Should not recompile
2025-12-09 14:29:54.691 22766-22766 Finsky                  pid-22766                            I  [2] PackageAddedOrRemovedEventJob.a(62): Received an install/uninstall event for package com.afmobi.boomplayer with replacing being false
2025-12-09 14:29:54.691  1584-4407  TLinkBrush_DATA         pid-1584                             D  [NetdEvent]onTcpSocketStatsEvent
2025-12-09 14:29:54.691  1584-5012  ArtService              pid-1584                             I  Dexopt result: [packageName = com.google.android.gms] DexContainerFileDexoptResult{dexContainerFile=/data/user_de/0/com.google.android.gms/app_chimera/m/00000002/DynamiteLoader.apk, primaryAbi=true, abi=arm64-v8a, actualCompilerFilter=verify, status=SKIPPED, dex2oatWallTimeMillis=0, dex2oatCpuTimeMillis=0, sizeBytes=0, sizeBeforeBytes=0, extendedStatusFlags=[]}
2025-12-09 14:29:54.692 22766-22766 Finsky                  pid-22766                            I  [2] agrc.q(56): SCH: jobFinished: 37-14. TimeElapsed: 3ms.
2025-12-09 14:29:54.694 22766-22834 Finsky                  pid-22766                            I  [1491] aehv.b(366): Not an active Cubes user. Ignoring package install/uninstall event.
2025-12-09 14:29:54.694 22766-22805 Finsky                  pid-22766                            I  [1481] nat.apply(290): SCH: Scheduling 0 system job(s)
2025-12-09 14:29:54.695 15497-15502 artd                    pid-15497                            I  Dex parent of /data/user_de/10/com.google.android.gms/app_chimera/m/0000000f/dl-MlkitOcrCommon.optional_251036100400.apk is not writable: Permission denied
2025-12-09 14:29:54.695 15497-15502 artd                    pid-15497                            I  GetBestInfo checking odex in dalvik-cache (/data/dalvik-cache/arm64/data@user_de@10@com.google.android.gms@app_chimera@m@0000000f@dl-MlkitOcrCommon.optional_251036100400.apk@classes.dex)
2025-12-09 14:29:54.695 15497-15502 artd                    pid-15497                            I  Loading /data/dalvik-cache/arm64/data@user_de@10@com.google.android.gms@app_chimera@m@0000000f@dl-MlkitOcrCommon.optional_251036100400.apk@classes.dex with executable: 0
2025-12-09 14:29:54.695 15497-15502 artd                    pid-15497                            I  OatFileAssistant test for existing oat file /data/dalvik-cache/arm64/data@user_de@10@com.google.android.gms@app_chimera@m@0000000f@dl-MlkitOcrCommon.optional_251036100400.apk@classes.dex: File /data/dalvik-cache/arm64/data@user_de@10@com.google.android.gms@app_chimera@m@0000000f@dl-MlkitOcrCommon.optional_251036100400.apk@classes.vdex does not exist.
2025-12-09 14:29:54.695 15497-15502 artd                    pid-15497                            I  GetBestInfo checking odex next to the dex file (/data/user_de/10/com.google.android.gms/app_chimera/m/0000000f/oat/arm64/dl-MlkitOcrCommon.optional_251036100400.odex)
2025-12-09 14:29:54.695 15497-15502 artd                    pid-15497                            I  Loading /data/user_de/10/com.google.android.gms/app_chimera/m/0000000f/oat/arm64/dl-MlkitOcrCommon.optional_251036100400.odex with executable: 0
2025-12-09 14:29:54.695 15497-15502 artd                    pid-15497                            I  Successfully loaded /data/user_de/10/com.google.android.gms/app_chimera/m/0000000f/oat/arm64/dl-MlkitOcrCommon.optional_251036100400.odex with executable: 0
2025-12-09 14:29:54.696 15497-15502 artd                    pid-15497                            I  /data/user_de/10/com.google.android.gms/app_chimera/m/0000000f/oat/arm64/dl-MlkitOcrCommon.optional_251036100400.odex is kOatUpToDate with filter verify
2025-12-09 14:29:54.696 15497-15502 artd                    pid-15497                            I  Should not recompile
2025-12-09 14:29:54.696  1584-5012  ArtService              pid-1584                             I  Dexopt result: [packageName = com.google.android.gms] DexContainerFileDexoptResult{dexContainerFile=/data/user_de/10/com.google.android.gms/app_chimera/m/0000000f/dl-MlkitOcrCommon.optional_251036100400.apk, primaryAbi=true, abi=arm64-v8a, actualCompilerFilter=verify, status=SKIPPED, dex2oatWallTimeMillis=0, dex2oatCpuTimeMillis=0, sizeBytes=0, sizeBeforeBytes=0, extendedStatusFlags=[]}
2025-12-09 14:29:54.697 22766-22834 Finsky                  pid-22766                            I  [1491] aehv.b(366): Not an active Cubes user. Ignoring package install/uninstall event.
2025-12-09 14:29:54.697 22766-22834 Finsky                  pid-22766                            I  [1491] aehv.b(366): Not an active Cubes user. Ignoring package install/uninstall event.
2025-12-09 14:29:54.700 22766-22805 Finsky                  pid-22766                            I  [1481] rrq.accept(58): SCH: Scheduling phonesky job Id: 37-14, CT: 1765301393590, Constraints: [{ L: 0, D: 0, C: CHARGING_NONE, I: IDLE_NONE, N: NET_NONE, B: BATTERY_ANY }, { L: 0, D: 0, C: CHARGING_NONE, I: IDLE_NONE, N: NET_NONE, B: BATTERY_ANY }]
2025-12-09 14:29:54.700 15497-15502 artd                    pid-15497                            I  Dex parent of /data/user_de/0/com.google.android.gms/app_chimera/m/0000000a/dl-TfliteDynamiteDynamite.integ_243930801100400.apk is not writable: Permission denied
2025-12-09 14:29:54.700 15497-15502 artd                    pid-15497                            I  GetBestInfo checking odex in dalvik-cache (/data/dalvik-cache/arm64/data@user_de@0@com.google.android.gms@app_chimera@m@0000000a@dl-TfliteDynamiteDynamite.integ_243930801100400.apk@classes.dex)
2025-12-09 14:29:54.701 15497-15502 artd                    pid-15497                            I  Loading /data/dalvik-cache/arm64/data@user_de@0@com.google.android.gms@app_chimera@m@0000000a@dl-TfliteDynamiteDynamite.integ_243930801100400.apk@classes.dex with executable: 0
2025-12-09 14:29:54.701 15497-15502 artd                    pid-15497                            I  OatFileAssistant test for existing oat file /data/dalvik-cache/arm64/data@user_de@0@com.google.android.gms@app_chimera@m@0000000a@dl-TfliteDynamiteDynamite.integ_243930801100400.apk@classes.dex: File /data/dalvik-cache/arm64/data@user_de@0@com.google.android.gms@app_chimera@m@0000000a@dl-TfliteDynamiteDynamite.integ_243930801100400.apk@classes.vdex does not exist.
2025-12-09 14:29:54.701 15497-15502 artd                    pid-15497                            I  GetBestInfo checking odex next to the dex file (/data/user_de/0/com.google.android.gms/app_chimera/m/0000000a/oat/arm64/dl-TfliteDynamiteDynamite.integ_243930801100400.odex)
2025-12-09 14:29:54.701 15497-15502 artd                    pid-15497                            I  Loading /data/user_de/0/com.google.android.gms/app_chimera/m/0000000a/oat/arm64/dl-TfliteDynamiteDynamite.integ_243930801100400.odex with executable: 0
2025-12-09 14:29:54.701 15497-15502 artd                    pid-15497                            I  Successfully loaded /data/user_de/0/com.google.android.gms/app_chimera/m/0000000a/oat/arm64/dl-TfliteDynamiteDynamite.integ_243930801100400.odex with executable: 0
2025-12-09 14:29:54.701 15497-15502 artd                    pid-15497                            I  /data/user_de/0/com.google.android.gms/app_chimera/m/0000000a/oat/arm64/dl-TfliteDynamiteDynamite.integ_243930801100400.odex is kOatUpToDate with filter verify
2025-12-09 14:29:54.702 15497-15502 artd                    pid-15497                            I  Should not recompile
2025-12-09 14:29:54.703  1584-5012  ArtService              pid-1584                             I  Dexopt result: [packageName = com.google.android.gms] DexContainerFileDexoptResult{dexContainerFile=/data/user_de/0/com.google.android.gms/app_chimera/m/0000000a/dl-TfliteDynamiteDynamite.integ_243930801100400.apk, primaryAbi=true, abi=arm64-v8a, actualCompilerFilter=verify, status=SKIPPED, dex2oatWallTimeMillis=0, dex2oatCpuTimeMillis=0, sizeBytes=0, sizeBeforeBytes=0, extendedStatusFlags=[]}
2025-12-09 14:29:54.705 15497-17782 artd                    pid-15497                            I  Dex parent of /data/user_de/0/com.google.android.gms/app_chimera/m/00000005/GoogleCertificates.apk is not writable: Permission denied
2025-12-09 14:29:54.705 15497-17782 artd                    pid-15497                            I  GetBestInfo checking odex in dalvik-cache (/data/dalvik-cache/arm64/data@user_de@0@com.google.android.gms@app_chimera@m@00000005@GoogleCertificates.apk@classes.dex)
2025-12-09 14:29:54.705 15497-17782 artd                    pid-15497                            I  Loading /data/dalvik-cache/arm64/data@user_de@0@com.google.android.gms@app_chimera@m@00000005@GoogleCertificates.apk@classes.dex with executable: 0
2025-12-09 14:29:54.705 15497-17782 artd                    pid-15497                            I  OatFileAssistant test for existing oat file /data/dalvik-cache/arm64/data@user_de@0@com.google.android.gms@app_chimera@m@00000005@GoogleCertificates.apk@classes.dex: File /data/dalvik-cache/arm64/data@user_de@0@com.google.android.gms@app_chimera@m@00000005@GoogleCertificates.apk@classes.vdex does not exist.
2025-12-09 14:29:54.705 15497-17782 artd                    pid-15497                            I  GetBestInfo checking odex next to the dex file (/data/user_de/0/com.google.android.gms/app_chimera/m/00000005/oat/arm64/GoogleCertificates.odex)
2025-12-09 14:29:54.705 15497-17782 artd                    pid-15497                            I  Loading /data/user_de/0/com.google.android.gms/app_chimera/m/00000005/oat/arm64/GoogleCertificates.odex with executable: 0
2025-12-09 14:29:54.706 15497-17782 artd                    pid-15497                            I  Successfully loaded /data/user_de/0/com.google.android.gms/app_chimera/m/00000005/oat/arm64/GoogleCertificates.odex with executable: 0
2025-12-09 14:29:54.706 15497-17782 artd                    pid-15497                            I  /data/user_de/0/com.google.android.gms/app_chimera/m/00000005/oat/arm64/GoogleCertificates.odex is kOatUpToDate with filter verify
2025-12-09 14:29:54.707 15497-17782 artd                    pid-15497                            I  Should not recompile
2025-12-09 14:29:54.707  1584-5012  ArtService              pid-1584                             I  Dexopt result: [packageName = com.google.android.gms] DexContainerFileDexoptResult{dexContainerFile=/data/user_de/0/com.google.android.gms/app_chimera/m/00000005/GoogleCertificates.apk, primaryAbi=true, abi=arm64-v8a, actualCompilerFilter=verify, status=SKIPPED, dex2oatWallTimeMillis=0, dex2oatCpuTimeMillis=0, sizeBytes=0, sizeBeforeBytes=0, extendedStatusFlags=[]}
2025-12-09 14:29:54.711 15497-15502 artd                    pid-15497                            I  Dex parent of /data/user_de/10/com.google.android.gms/app_chimera/m/0000000e/dl-VisionOcr.optional_251036100000.apk is not writable: Permission denied
2025-12-09 14:29:54.711 15497-15502 artd                    pid-15497                            I  GetBestInfo checking odex in dalvik-cache (/data/dalvik-cache/arm64/data@user_de@10@com.google.android.gms@app_chimera@m@0000000e@dl-VisionOcr.optional_251036100000.apk@classes.dex)
2025-12-09 14:29:54.711 15497-15502 artd                    pid-15497                            I  Loading /data/dalvik-cache/arm64/data@user_de@10@com.google.android.gms@app_chimera@m@0000000e@dl-VisionOcr.optional_251036100000.apk@classes.dex with executable: 0
2025-12-09 14:29:54.711 15497-15502 artd                    pid-15497                            I  OatFileAssistant test for existing oat file /data/dalvik-cache/arm64/data@user_de@10@com.google.android.gms@app_chimera@m@0000000e@dl-VisionOcr.optional_251036100000.apk@classes.dex: File /data/dalvik-cache/arm64/data@user_de@10@com.google.android.gms@app_chimera@m@0000000e@dl-VisionOcr.optional_251036100000.apk@classes.vdex does not exist.
2025-12-09 14:29:54.711 15497-15502 artd                    pid-15497                            I  GetBestInfo checking odex next to the dex file (/data/user_de/10/com.google.android.gms/app_chimera/m/0000000e/oat/arm64/dl-VisionOcr.optional_251036100000.odex)
2025-12-09 14:29:54.711 15497-15502 artd                    pid-15497                            I  Loading /data/user_de/10/com.google.android.gms/app_chimera/m/0000000e/oat/arm64/dl-VisionOcr.optional_251036100000.odex with executable: 0
2025-12-09 14:29:54.712 15497-15502 artd                    pid-15497                            I  Successfully loaded /data/user_de/10/com.google.android.gms/app_chimera/m/0000000e/oat/arm64/dl-VisionOcr.optional_251036100000.odex with executable: 0
2025-12-09 14:29:54.712 15497-15502 artd                    pid-15497                            I  /data/user_de/10/com.google.android.gms/app_chimera/m/0000000e/oat/arm64/dl-VisionOcr.optional_251036100000.odex is kOatUpToDate with filter verify
2025-12-09 14:29:54.713 15497-15502 artd                    pid-15497                            I  Should not recompile
2025-12-09 14:29:54.713  1584-5012  ArtService              pid-1584                             I  Dexopt result: [packageName = com.google.android.gms] DexContainerFileDexoptResult{dexContainerFile=/data/user_de/10/com.google.android.gms/app_chimera/m/0000000e/dl-VisionOcr.optional_251036100000.apk, primaryAbi=true, abi=arm64-v8a, actualCompilerFilter=verify, status=SKIPPED, dex2oatWallTimeMillis=0, dex2oatCpuTimeMillis=0, sizeBytes=0, sizeBeforeBytes=0, extendedStatusFlags=[]}
2025-12-09 14:29:54.714 15497-17782 artd                    pid-15497                            I  Dex parent of /data/user_de/10/com.google.android.gms/app_chimera/m/00000001/CronetDynamite.apk is not writable: Permission denied
2025-12-09 14:29:54.714 15497-17782 artd                    pid-15497                            I  GetBestInfo checking odex in dalvik-cache (/data/dalvik-cache/arm64/data@user_de@10@com.google.android.gms@app_chimera@m@00000001@CronetDynamite.apk@classes.dex)
2025-12-09 14:29:54.714 15497-17782 artd                    pid-15497                            I  Loading /data/dalvik-cache/arm64/data@user_de@10@com.google.android.gms@app_chimera@m@00000001@CronetDynamite.apk@classes.dex with executable: 0
2025-12-09 14:29:54.714 15497-17782 artd                    pid-15497                            I  OatFileAssistant test for existing oat file /data/dalvik-cache/arm64/data@user_de@10@com.google.android.gms@app_chimera@m@00000001@CronetDynamite.apk@classes.dex: File /data/dalvik-cache/arm64/data@user_de@10@com.google.android.gms@app_chimera@m@00000001@CronetDynamite.apk@classes.vdex does not exist.
2025-12-09 14:29:54.714 15497-17782 artd                    pid-15497                            I  GetBestInfo checking odex next to the dex file (/data/user_de/10/com.google.android.gms/app_chimera/m/00000001/oat/arm64/CronetDynamite.odex)
2025-12-09 14:29:54.714 15497-17782 artd                    pid-15497                            I  Loading /data/user_de/10/com.google.android.gms/app_chimera/m/00000001/oat/arm64/CronetDynamite.odex with executable: 0
2025-12-09 14:29:54.715 15497-17782 artd                    pid-15497                            I  Successfully loaded /data/user_de/10/com.google.android.gms/app_chimera/m/00000001/oat/arm64/CronetDynamite.odex with executable: 0
2025-12-09 14:29:54.715 22766-22805 Finsky                  pid-22766                            I  [1481] nat.apply(290): SCH: Scheduling 0 system job(s)
2025-12-09 14:29:54.715 15497-17782 artd                    pid-15497                            I  /data/user_de/10/com.google.android.gms/app_chimera/m/00000001/oat/arm64/CronetDynamite.odex is kOatUpToDate with filter verify
2025-12-09 14:29:54.715 15497-17782 artd                    pid-15497                            I  Should not recompile
2025-12-09 14:29:54.715  1584-5012  ArtService              pid-1584                             I  Dexopt result: [packageName = com.google.android.gms] DexContainerFileDexoptResult{dexContainerFile=/data/user_de/10/com.google.android.gms/app_chimera/m/00000001/CronetDynamite.apk, primaryAbi=true, abi=arm64-v8a, actualCompilerFilter=verify, status=SKIPPED, dex2oatWallTimeMillis=0, dex2oatCpuTimeMillis=0, sizeBytes=0, sizeBeforeBytes=0, extendedStatusFlags=[]}
2025-12-09 14:29:54.718 15497-15502 artd                    pid-15497                            I  Dex parent of /data/user/10/com.google.android.gms/app_dg_cache/F2DA33623C7C8602EEBF9A226BC4329FB4FEF326/the.apk is not writable: Permission denied
2025-12-09 14:29:54.718 15497-15502 artd                    pid-15497                            I  GetBestInfo checking odex in dalvik-cache (/data/dalvik-cache/arm64/data@user@10@com.google.android.gms@app_dg_cache@F2DA33623C7C8602EEBF9A226BC4329FB4FEF326@the.apk@classes.dex)
2025-12-09 14:29:54.718 15497-15502 artd                    pid-15497                            I  Loading /data/dalvik-cache/arm64/data@user@10@com.google.android.gms@app_dg_cache@F2DA33623C7C8602EEBF9A226BC4329FB4FEF326@the.apk@classes.dex with executable: 0
2025-12-09 14:29:54.718 15497-15502 artd                    pid-15497                            I  OatFileAssistant test for existing oat file /data/dalvik-cache/arm64/data@user@10@com.google.android.gms@app_dg_cache@F2DA33623C7C8602EEBF9A226BC4329FB4FEF326@the.apk@classes.dex: File /data/dalvik-cache/arm64/data@user@10@com.google.android.gms@app_dg_cache@F2DA33623C7C8602EEBF9A226BC4329FB4FEF326@the.apk@classes.vdex does not exist.
2025-12-09 14:29:54.718 15497-15502 artd                    pid-15497                            I  GetBestInfo checking odex next to the dex file (/data/user/10/com.google.android.gms/app_dg_cache/F2DA33623C7C8602EEBF9A226BC4329FB4FEF326/oat/arm64/the.odex)
2025-12-09 14:29:54.718 15497-15502 artd                    pid-15497                            I  Loading /data/user/10/com.google.android.gms/app_dg_cache/F2DA33623C7C8602EEBF9A226BC4329FB4FEF326/oat/arm64/the.odex with executable: 0
2025-12-09 14:29:54.718 15497-15502 artd                    pid-15497                            I  Successfully loaded /data/user/10/com.google.android.gms/app_dg_cache/F2DA33623C7C8602EEBF9A226BC4329FB4FEF326/oat/arm64/the.odex with executable: 0
2025-12-09 14:29:54.719 15497-15502 artd                    pid-15497                            I  /data/user/10/com.google.android.gms/app_dg_cache/F2DA33623C7C8602EEBF9A226BC4329FB4FEF326/oat/arm64/the.odex is kOatUpToDate with filter verify
2025-12-09 14:29:54.719 15497-15502 artd                    pid-15497                            I  Should not recompile
2025-12-09 14:29:54.719  1584-5012  ArtService              pid-1584                             I  Dexopt result: [packageName = com.google.android.gms] DexContainerFileDexoptResult{dexContainerFile=/data/user/10/com.google.android.gms/app_dg_cache/F2DA33623C7C8602EEBF9A226BC4329FB4FEF326/the.apk, primaryAbi=true, abi=arm64-v8a, actualCompilerFilter=verify, status=SKIPPED, dex2oatWallTimeMillis=0, dex2oatCpuTimeMillis=0, sizeBytes=0, sizeBeforeBytes=0, extendedStatusFlags=[]}
2025-12-09 14:29:54.720 15497-17782 artd                    pid-15497                            I  Dex parent of /data/user_de/10/com.google.android.gms/app_chimera/m/00000002/DynamiteLoader.apk is not writable: Permission denied
2025-12-09 14:29:54.720 15497-17782 artd                    pid-15497                            I  GetBestInfo checking odex in dalvik-cache (/data/dalvik-cache/arm64/data@user_de@10@com.google.android.gms@app_chimera@m@00000002@DynamiteLoader.apk@classes.dex)
2025-12-09 14:29:54.720 15497-17782 artd                    pid-15497                            I  Loading /data/dalvik-cache/arm64/data@user_de@10@com.google.android.gms@app_chimera@m@00000002@DynamiteLoader.apk@classes.dex with executable: 0
2025-12-09 14:29:54.720 15497-17782 artd                    pid-15497                            I  OatFileAssistant test for existing oat file /data/dalvik-cache/arm64/data@user_de@10@com.google.android.gms@app_chimera@m@00000002@DynamiteLoader.apk@classes.dex: File /data/dalvik-cache/arm64/data@user_de@10@com.google.android.gms@app_chimera@m@00000002@DynamiteLoader.apk@classes.vdex does not exist.
2025-12-09 14:29:54.720 15497-17782 artd                    pid-15497                            I  GetBestInfo checking odex next to the dex file (/data/user_de/10/com.google.android.gms/app_chimera/m/00000002/oat/arm64/DynamiteLoader.odex)
2025-12-09 14:29:54.720 15497-17782 artd                    pid-15497                            I  Loading /data/user_de/10/com.google.android.gms/app_chimera/m/00000002/oat/arm64/DynamiteLoader.odex with executable: 0
