                                                                                                    	at fago.run(PG:13)
                                                                                                    	at djth.run(PG:3) 
                                                                                                    	at firb.run(PG:50) 
                                                                                                    	at djsz.run(PG:14) 
                                                                                                    	at java.lang.Thread.run(Thread.java:1012) 
                                                                                                    	at djum.run(PG:74) 
2026-01-23 00:09:37.931  1239-1386  InputDispatcher         pid-1239                             D  dispatchKeyLocked injectionResult is -1
2026-01-23 00:09:37.931  1239-1386  InputDispatcher         pid-1239                             D  dispatchKeyLocked injectionResult is -1
2026-01-23 00:09:37.932  1239-1387  InputReader             pid-1239                             D  dispatchTouches action MOVE now(ns): 6399420754460
2026-01-23 00:09:37.932  1239-1387  InputReader             pid-1239                             D  notifyMotion call dispatcher
2026-01-23 00:09:37.933  1239-1386  InputDispatcher         pid-1239                             D  dispatchKeyLocked injectionResult is -1
2026-01-23 00:09:37.933   835-835   PowerHAL                pid-835                              D  Enter getSceneIdByName: sceneName:POWER_HINT_VENDOR_INTERACTION_FLING
2026-01-23 00:09:37.934   835-835   PowerHAL                pid-835                              D  ###Enter interaction_fling scene bgn###
2026-01-23 00:09:37.934   835-835   PowerHAL                pid-835                              D  Enter common_set: enable:1, duration: 0, /sys/devices/system/cpu/cpufreq/policy0/scaling_min_freq: 1820000
2026-01-23 00:09:37.934   835-835   PowerHAL                pid-835                              D  Enter set_cluster_freqs_max_min: 
2026-01-23 00:09:37.934   835-835   PowerHAL                pid-835                              D  Enter common_set: enable:1, duration: 0, /sys/devices/system/cpu/cpufreq/policy0/scaling_max_freq: 1820000
2026-01-23 00:09:37.934   835-835   PowerHAL                pid-835                              D  Enter set_cluster_freqs_max_min: 
2026-01-23 00:09:37.934   835-835   PowerHAL                pid-835                              D  Enter common_set: enable:1, duration: 0, /sys/devices/system/cpu/cpufreq/policy6/scaling_min_freq: 2028000
2026-01-23 00:09:37.934   835-835   PowerHAL                pid-835                              D  Enter set_cluster_freqs_max_min: 
2026-01-23 00:09:37.934   835-835   PowerHAL                pid-835                              D  Enter common_set: enable:1, duration: 0, /sys/devices/system/cpu/cpufreq/policy6/scaling_max_freq: 2028000
2026-01-23 00:09:37.934   835-835   PowerHAL                pid-835                              D  Enter set_cluster_freqs_max_min: 
2026-01-23 00:09:37.934   835-835   PowerHAL                pid-835                              D  Enter common_subsys_set: enable:1, duration: 0, subsys:uclamp: conf_4:5
2026-01-23 00:09:37.934   835-835   PowerHAL                pid-835                              D  ###Enter interaction_fling scene end###
2026-01-23 00:09:37.937  1239-1386  InputDispatcher         pid-1239                             D  dispatchKeyLocked injectionResult is -1
2026-01-23 00:09:37.938  1239-1387  InputReader             pid-1239                             D  dispatchTouches action MOVE now(ns): 6399426375806
2026-01-23 00:09:37.938  1239-1387  InputReader             pid-1239                             D  notifyMotion call dispatcher
2026-01-23 00:09:37.938  1239-1386  InputDispatcher         pid-1239                             D  dispatchKeyLocked injectionResult is -1
2026-01-23 00:09:37.940  2198-28329 BLASTBufferQueue        pid-2198                             D  [VRI[NavigationBar0]#1](f:0,a:2) PendingRelease=1, PendingBuffersToHold=0, SyncedFrameNumbers=0, lacfnr:6406, lapfnr:6406
2026-01-23 00:09:37.941  1239-1386  InputDispatcher         pid-1239                             D  dispatchKeyLocked injectionResult is -1
2026-01-23 00:09:37.942  2782-2782  LAUNCHER3               pid-2782                             D  WorkspaceStateTransitionAnimation, setWorkspaceProperty skip scrim
2026-01-23 00:09:37.942  2782-2782  LAUNCHER3               pid-2782                             D  BubbleTextView，, mForceHideDot = false, forceHideDot = false, mIsIconVisible = true, text = Música
2026-01-23 00:09:37.942  2782-2782  LAUNCHER3               pid-2782                             D  BubbleTextView，, mForceHideDot = false, forceHideDot = false, mIsIconVisible = true, text = Meet
2026-01-23 00:09:37.942  2782-2782  LAUNCHER3               pid-2782                             D  BubbleTextView，, mForceHideDot = false, forceHideDot = false, mIsIconVisible = true, text = Internet
2026-01-23 00:09:37.942  2782-2782  LAUNCHER3               pid-2782                             D  BubbleTextView，, mForceHideDot = false, forceHideDot = false, mIsIconVisible = true, text = App Market
2026-01-23 00:09:37.942  2782-2782  LAUNCHER3               pid-2782                             D  BubbleTextView，, mForceHideDot = false, forceHideDot = false, mIsIconVisible = true, text = Play Store
2026-01-23 00:09:37.942  2782-2782  LAUNCHER3               pid-2782                             D  BubbleTextView，, mForceHideDot = false, forceHideDot = false, mIsIconVisible = true, text = Fotos
2026-01-23 00:09:37.942  2782-2782  LAUNCHER3               pid-2782                             D  BubbleTextView，, mForceHideDot = false, forceHideDot = false, mIsIconVisible = true, text = Gerenciador do telefone
2026-01-23 00:09:37.942  2782-2782  LAUNCHER3               pid-2782                             D  BubbleTextView，, mForceHideDot = false, forceHideDot = false, mIsIconVisible = true, text = Configurações
2026-01-23 00:09:37.942  2782-2782  LAUNCHER3               pid-2782                             D  BubbleTextView，, mForceHideDot = false, forceHideDot = false, mIsIconVisible = true, text = Meus arquivos
2026-01-23 00:09:37.943  2782-2782  LAUNCHER3               pid-2782                             D  BubbleTextView，, mForceHideDot = false, forceHideDot = false, mIsIconVisible = true, text = Vídeos
2026-01-23 00:09:37.943  2782-2782  LAUNCHER3               pid-2782                             D  BubbleTextView，, mForceHideDot = false, forceHideDot = false, mIsIconVisible = true, text = Clima
2026-01-23 00:09:37.943  2782-2782  LAUNCHER3               pid-2782                             D  BubbleTextView，, mForceHideDot = false, forceHideDot = false, mIsIconVisible = true, text = Facebook
2026-01-23 00:09:37.943  2782-2782  LAUNCHER3               pid-2782                             D  BubbleTextView，, mForceHideDot = false, forceHideDot = false, mIsIconVisible = true, text = @TikTok
2026-01-23 00:09:37.943  2782-2782  LAUNCHER3               pid-2782                             D  BubbleTextView，, mForceHideDot = false, forceHideDot = false, mIsIconVisible = true, text = Netflix
2026-01-23 00:09:37.943  2782-2782  LAUNCHER3               pid-2782                             D  BubbleTextView，, mForceHideDot = false, forceHideDot = false, mIsIconVisible = true, text = @LinkedIn
2026-01-23 00:09:37.943  2782-2782  LAUNCHER3               pid-2782                             D  BubbleTextView，, mForceHideDot = false, forceHideDot = false, mIsIconVisible = true, text = Aplicativos em destaque
2026-01-23 00:09:37.943  2782-2782  LAUNCHER3               pid-2782                             D  BubbleTextView，, mForceHideDot = false, forceHideDot = false, mIsIconVisible = true, text = Jogos em destaque
2026-01-23 00:09:37.943  2782-2782  LAUNCHER3               pid-2782                             D  BubbleTextView，, mForceHideDot = false, forceHideDot = false, mIsIconVisible = true, text = Defeat Zombie:Defense Strategy
2026-01-23 00:09:37.943  2782-2782  LAUNCHER3               pid-2782                             D  BubbleTextView，, mForceHideDot = false, forceHideDot = false, mIsIconVisible = true, text = AliExpress
2026-01-23 00:09:37.943  2782-2782  LAUNCHER3               pid-2782                             D  BubbleTextView，, mForceHideDot = false, forceHideDot = false, mIsIconVisible = true, text = Shopee
2026-01-23 00:09:37.943  2782-2782  LAUNCHER3               pid-2782                             D  BubbleTextView，, mForceHideDot = false, forceHideDot = false, mIsIconVisible = true, text = @Kwai
2026-01-23 00:09:37.943  2782-2782  LAUNCHER3               pid-2782                             D  BubbleTextView，, mForceHideDot = false, forceHideDot = false, mIsIconVisible = true, text = Credit Smart
2026-01-23 00:09:37.943  2782-2782  LAUNCHER3               pid-2782                             D  BubbleTextView，, mForceHideDot = false, forceHideDot = false, mIsIconVisible = true, text = Credit Smart
2026-01-23 00:09:37.943  2782-2782  UiFirstManager          pid-2782                             D  UiFirstAnimatorListener: scene = LAUNCHER_ANIMATION
2026-01-23 00:09:37.944  1239-1387  InputReader             pid-1239                             D  dispatchTouches action MOVE now(ns): 6399432270729
2026-01-23 00:09:37.944  1239-1387  InputReader             pid-1239                             D  notifyMotion call dispatcher
2026-01-23 00:09:37.949  2782-2782  LAUNCHER3               pid-2782                             D  BubbleTextView，(drawDotIfNecessary)Música, mForceHideDot: false, hasDot(): false, mDotParams.scale: 0.0, mDotParams.alpha : 255.0, isDotAnimRunning ?: false, mIsIconVisible : true
2026-01-23 00:09:37.949  2782-2782  LAUNCHER3               pid-2782                             D  BubbleTextView，(drawDotIfNecessary)Meet, mForceHideDot: false, hasDot(): false, mDotParams.scale: 0.0, mDotParams.alpha : 255.0, isDotAnimRunning ?: false, mIsIconVisible : true
2026-01-23 00:09:37.949  2782-2782  LAUNCHER3               pid-2782                             D  BubbleTextView，(drawDotIfNecessary)Internet, mForceHideDot: false, hasDot(): false, mDotParams.scale: 0.0, mDotParams.alpha : 255.0, isDotAnimRunning ?: false, mIsIconVisible : true
2026-01-23 00:09:37.949  2782-2782  LAUNCHER3               pid-2782                             D  BubbleTextView，(drawDotIfNecessary)App Market, mForceHideDot: false, hasDot(): true, mDotParams.scale: 1.0, mDotParams.alpha : 255.0, isDotAnimRunning ?: false, mIsIconVisible : true
2026-01-23 00:09:37.949  2782-2782  LAUNCHER3               pid-2782                             D  OplusDotRenderer, current scale is : 1.0
2026-01-23 00:09:37.949  1239-1387  InputReader             pid-1239                             D  dispatchTouches action MOVE now(ns): 6399437668422
2026-01-23 00:09:37.949  1239-1387  InputReader             pid-1239                             D  notifyMotion call dispatcher
2026-01-23 00:09:37.949  2782-2782  LAUNCHER3               pid-2782                             D  BubbleTextView，(drawDotIfNecessary)Play Store, mForceHideDot: false, hasDot(): false, mDotParams.scale: 0.0, mDotParams.alpha : 255.0, isDotAnimRunning ?: false, mIsIconVisible : true
2026-01-23 00:09:37.949  2782-2782  LAUNCHER3               pid-2782                             D  BubbleTextView，(drawDotIfNecessary)Fotos, mForceHideDot: false, hasDot(): false, mDotParams.scale: 0.0, mDotParams.alpha : 255.0, isDotAnimRunning ?: false, mIsIconVisible : true
2026-01-23 00:09:37.950  2782-2782  LAUNCHER3               pid-2782                             D  BubbleTextView，(drawDotIfNecessary)Gerenciador do telefone, mForceHideDot: false, hasDot(): false, mDotParams.scale: 0.0, mDotParams.alpha : 255.0, isDotAnimRunning ?: false, mIsIconVisible : true
2026-01-23 00:09:37.951  2782-2782  ViewNative              pid-2782                             D  java.lang.ClassNotFoundException: com.oplus.inner.view.ViewWrapper
2026-01-23 00:09:37.951  2198-28329 BLASTBufferQueue        pid-2198                             D  [VRI[NavigationBar0]#1](f:0,a:3) PendingRelease=1, PendingBuffersToHold=0, SyncedFrameNumbers=0, lacfnr:6408, lapfnr:6408
2026-01-23 00:09:37.952  2782-2782  ViewNative              pid-2782                             D  java.lang.ClassNotFoundException: com.color.inner.view.ViewWrapper
2026-01-23 00:09:37.952  2782-2782  ViewNative              pid-2782                             D  java.lang.ClassNotFoundException: com.oplus.inner.view.ViewWrapper
2026-01-23 00:09:37.952  2782-2782  ViewNative              pid-2782                             D  java.lang.ClassNotFoundException: com.color.inner.view.ViewWrapper
2026-01-23 00:09:37.952  2782-2782  ViewNative              pid-2782                             D  java.lang.ClassNotFoundException: com.oplus.inner.view.ViewWrapper
2026-01-23 00:09:37.952  2782-2782  ViewNative              pid-2782                             D  java.lang.ClassNotFoundException: com.color.inner.view.ViewWrapper
2026-01-23 00:09:37.952  2782-2782  ViewNative              pid-2782                             D  java.lang.ClassNotFoundException: com.oplus.inner.view.ViewWrapper
2026-01-23 00:09:37.952  2782-2782  ViewNative              pid-2782                             D  java.lang.ClassNotFoundException: com.color.inner.view.ViewWrapper
2026-01-23 00:09:37.953  2782-2782  AutofillManager         pid-2782                             D  view not autofillable - not passing ime action check
2026-01-23 00:09:37.953  2782-2782  AutofillManager         pid-2782                             D  view not autofillable - not passing ime action check
2026-01-23 00:09:37.953  2782-2782  CombineFolderHelper     pid-2782                             D  onStateTransitionStart Normal
2026-01-23 00:09:37.953  2782-2782  CombineFolderHelper     pid-2782                             D  clear select list
2026-01-23 00:09:37.954  2782-2782  ToggleBarRootView       pid-2782                             D  onStateTransitionStart Normal
2026-01-23 00:09:37.954  2782-2782  UiFirstManager          pid-2782                             D  setForAnimationStart: LAUNCHER_ANIMATION,isAnimationStart = true
2026-01-23 00:09:37.954  2782-2782  UiFirstManager          pid-2782                             D  setTaskAnimation: type is 4 uxValue is -1 flag is 4
2026-01-23 00:09:37.954  2782-2782  UiFirstManager          pid-2782                             D  updateSpline :java.lang.reflect.InvocationTargetException
2026-01-23 00:09:37.955  1239-1387  InputReader             pid-1239                             D  dispatchTouches action MOVE now(ns): 6399443089383
2026-01-23 00:09:37.955  1239-1387  InputReader             pid-1239                             D  notifyMotion call dispatcher
2026-01-23 00:09:37.959  2782-2782  LAUNCHER3               pid-2782                             D  BubbleTextView，(drawDotIfNecessary)Configurações, mForceHideDot: false, hasDot(): false, mDotParams.scale: 0.0, mDotParams.alpha : 255.0, isDotAnimRunning ?: false, mIsIconVisible : true
2026-01-23 00:09:37.960  2782-2782  LAUNCHER3               pid-2782                             D  BubbleTextView，(drawDotIfNecessary)Meus arquivos, mForceHideDot: false, hasDot(): false, mDotParams.scale: 0.0, mDotParams.alpha : 255.0, isDotAnimRunning ?: false, mIsIconVisible : true
2026-01-23 00:09:37.960  1239-1387  InputReader             pid-1239                             D  dispatchTouches action MOVE now(ns): 6399448650268
2026-01-23 00:09:37.960  1239-1387  InputReader             pid-1239                             D  notifyMotion call dispatcher
2026-01-23 00:09:37.960  2782-2782  LAUNCHER3               pid-2782                             D  BubbleTextView，(drawDotIfNecessary)Vídeos, mForceHideDot: false, hasDot(): false, mDotParams.scale: 0.0, mDotParams.alpha : 255.0, isDotAnimRunning ?: false, mIsIconVisible : true
2026-01-23 00:09:37.961  2782-2782  LAUNCHER3               pid-2782                             D  BubbleTextView，(drawDotIfNecessary)Clima, mForceHideDot: false, hasDot(): false, mDotParams.scale: 0.0, mDotParams.alpha : 255.0, isDotAnimRunning ?: false, mIsIconVisible : true
2026-01-23 00:09:37.961  2782-2782  LAUNCHER3               pid-2782                             D  BubbleTextView，(drawDotIfNecessary)Facebook, mForceHideDot: false, hasDot(): false, mDotParams.scale: 0.0, mDotParams.alpha : 255.0, isDotAnimRunning ?: false, mIsIconVisible : true
2026-01-23 00:09:37.961  2782-2782  LAUNCHER3               pid-2782                             D  BubbleTextView，(drawDotIfNecessary)@TikTok, mForceHideDot: false, hasDot(): false, mDotParams.scale: 0.0, mDotParams.alpha : 255.0, isDotAnimRunning ?: false, mIsIconVisible : true
2026-01-23 00:09:37.962  2782-2782  LAUNCHER3               pid-2782                             D  BubbleTextView，(drawDotIfNecessary)Netflix, mForceHideDot: false, hasDot(): false, mDotParams.scale: 0.0, mDotParams.alpha : 255.0, isDotAnimRunning ?: false, mIsIconVisible : true
2026-01-23 00:09:37.962  2782-2782  LAUNCHER3               pid-2782                             D  BubbleTextView，(drawDotIfNecessary)@LinkedIn, mForceHideDot: false, hasDot(): false, mDotParams.scale: 0.0, mDotParams.alpha : 255.0, isDotAnimRunning ?: false, mIsIconVisible : true
2026-01-23 00:09:37.962  2782-2782  LAUNCHER3               pid-2782                             D  BubbleTextView，(drawDotIfNecessary)Aplicativos em destaque, mForceHideDot: false, hasDot(): true, mDotParams.scale: 1.0, mDotParams.alpha : 255.0, isDotAnimRunning ?: false, mIsIconVisible : true
2026-01-23 00:09:37.962  2198-28329 BLASTBufferQueue        pid-2198                             D  [VRI[NavigationBar0]#1](f:0,a:2) PendingRelease=1, PendingBuffersToHold=0, SyncedFrameNumbers=0, lacfnr:6408, lapfnr:6408
2026-01-23 00:09:37.963  2782-2782  LAUNCHER3               pid-2782                             D  OplusDotRenderer, current scale is : 1.0
2026-01-23 00:09:37.963  2782-2782  LAUNCHER3               pid-2782                             D  BubbleTextView，(drawDotIfNecessary)Jogos em destaque, mForceHideDot: false, hasDot(): true, mDotParams.scale: 1.0, mDotParams.alpha : 255.0, isDotAnimRunning ?: false, mIsIconVisible : true
2026-01-23 00:09:37.963  2782-2782  LAUNCHER3               pid-2782                             D  OplusDotRenderer, current scale is : 1.0
2026-01-23 00:09:37.964  2782-2782  LAUNCHER3               pid-2782                             D  BubbleTextView，(drawDotIfNecessary)Defeat Zombie:Defense Strategy, mForceHideDot: false, hasDot(): false, mDotParams.scale: 0.0, mDotParams.alpha : 255.0, isDotAnimRunning ?: false, mIsIconVisible : true
2026-01-23 00:09:37.964  2782-2782  LAUNCHER3               pid-2782                             D  BubbleTextView，(drawDotIfNecessary)AliExpress, mForceHideDot: false, hasDot(): false, mDotParams.scale: 0.0, mDotParams.alpha : 255.0, isDotAnimRunning ?: false, mIsIconVisible : true
2026-01-23 00:09:37.965  2782-2782  LAUNCHER3               pid-2782                             D  BubbleTextView，(drawDotIfNecessary)Shopee, mForceHideDot: false, hasDot(): false, mDotParams.scale: 0.0, mDotParams.alpha : 255.0, isDotAnimRunning ?: false, mIsIconVisible : true
2026-01-23 00:09:37.965  2782-2782  LAUNCHER3               pid-2782                             D  BubbleTextView，(drawDotIfNecessary)@Kwai, mForceHideDot: false, hasDot(): false, mDotParams.scale: 0.0, mDotParams.alpha : 255.0, isDotAnimRunning ?: false, mIsIconVisible : true
2026-01-23 00:09:37.965  2782-2782  LAUNCHER3               pid-2782                             D  BubbleTextView，(drawDotIfNecessary)Credit Smart, mForceHideDot: false, hasDot(): false, mDotParams.scale: 0.0, mDotParams.alpha : 255.0, isDotAnimRunning ?: false, mIsIconVisible : true
2026-01-23 00:09:37.965  2782-2782  LAUNCHER3               pid-2782                             D  BubbleTextView，(drawDotIfNecessary)Credit Smart, mForceHideDot: false, hasDot(): false, mDotParams.scale: 0.0, mDotParams.alpha : 255.0, isDotAnimRunning ?: false, mIsIconVisible : true
2026-01-23 00:09:37.965  2782-2782  LAUNCHER3               pid-2782                             D  BubbleTextView，(drawDotIfNecessary), mForceHideDot: false, hasDot(): false, mDotParams.scale: 0.0, mDotParams.alpha : 255.0, isDotAnimRunning ?: false, mIsIconVisible : true
2026-01-23 00:09:37.966  2782-2782  LAUNCHER3               pid-2782                             D  BubbleTextView，(drawDotIfNecessary), mForceHideDot: false, hasDot(): false, mDotParams.scale: 0.0, mDotParams.alpha : 255.0, isDotAnimRunning ?: false, mIsIconVisible : true
2026-01-23 00:09:37.966  2782-2782  LAUNCHER3               pid-2782                             D  BubbleTextView，(drawDotIfNecessary), mForceHideDot: false, hasDot(): false, mDotParams.scale: 0.0, mDotParams.alpha : 255.0, isDotAnimRunning ?: false, mIsIconVisible : true
2026-01-23 00:09:37.966  1239-1387  InputReader             pid-1239                             D  dispatchTouches action MOVE now(ns): 6399454156999
2026-01-23 00:09:37.966  1239-1387  InputReader             pid-1239                             D  notifyMotion call dispatcher
2026-01-23 00:09:37.966  2782-2782  LAUNCHER3               pid-2782                             D  BubbleTextView，(drawDotIfNecessary), mForceHideDot: false, hasDot(): false, mDotParams.scale: 0.0, mDotParams.alpha : 255.0, isDotAnimRunning ?: false, mIsIconVisible : true
2026-01-23 00:09:37.966  2782-2782  LAUNCHER3               pid-2782                             D  BubbleTextView，(drawDotIfNecessary)Gravador de som, mForceHideDot: false, hasDot(): false, mDotParams.scale: 0.0, mDotParams.alpha : 255.0, isDotAnimRunning ?: false, mIsIconVisible : true
2026-01-23 00:09:37.966  2782-2782  LAUNCHER3               pid-2782                             D  BubbleTextView，(drawDotIfNecessary)Defeat Zombie:Defense Strategy, mForceHideDot: false, hasDot(): false, mDotParams.scale: 0.0, mDotParams.alpha : 255.0, isDotAnimRunning ?: false, mIsIconVisible : true
2026-01-23 00:09:37.971  1239-1387  InputReader             pid-1239                             D  dispatchTouches action MOVE now(ns): 6399459853037
2026-01-23 00:09:37.972  1239-1387  InputReader             pid-1239                             D  notifyMotion call dispatcher
2026-01-23 00:09:37.972   841-841   vendor.spr...or-service pid-841                              D  vibra_off
2026-01-23 00:09:37.974  2198-28329 BLASTBufferQueue        pid-2198                             D  [VRI[NavigationBar0]#1](f:0,a:3) PendingRelease=1, PendingBuffersToHold=0, SyncedFrameNumbers=0, lacfnr:6410, lapfnr:6410
2026-01-23 00:09:37.975   801-807   statsd                  pid-801                              W  StateTracker not found for state atom 27
2026-01-23 00:09:37.977  1239-1387  InputReader             pid-1239                             D  dispatchTouches action MOVE now(ns): 6399465161806
2026-01-23 00:09:37.977  1239-1387  InputReader             pid-1239                             D  notifyMotion call dispatcher
2026-01-23 00:09:37.983  1239-1387  InputReader             pid-1239                             D  dispatchTouches action MOVE now(ns): 6399471128422
2026-01-23 00:09:37.983  1239-1387  InputReader             pid-1239                             D  notifyMotion call dispatcher
2026-01-23 00:09:37.985  2198-28329 BLASTBufferQueue        pid-2198                             D  [VRI[NavigationBar0]#1](f:0,a:2) PendingRelease=1, PendingBuffersToHold=0, SyncedFrameNumbers=0, lacfnr:6410, lapfnr:6410
2026-01-23 00:09:37.988  1239-1387  InputReader             pid-1239                             D  dispatchTouches action MOVE now(ns): 6399476338537
2026-01-23 00:09:37.988  1239-1387  InputReader             pid-1239                             D  notifyMotion call dispatcher
2026-01-23 00:09:37.994 30977-31368 mali_gralloc            pid-30977                            D  unregister: id=33000000662, handle=0xb4000074ce466dd0, base=0x0, importpid=30977, count:0
2026-01-23 00:09:37.995  1239-1387  InputReader             pid-1239                             D  dispatchTouches action MOVE now(ns): 6399483016037
2026-01-23 00:09:37.995 30977-31368 mali_gralloc            pid-30977                            D  unregister: id=33000000663, handle=0xb4000074ce494b50, base=0x0, importpid=30977, count:0
2026-01-23 00:09:37.995 30977-31368 mali_gralloc            pid-30977                            D  unregister: id=33000000665, handle=0xb4000074ce47af90, base=0x0, importpid=30977, count:0
2026-01-23 00:09:37.995  1239-1387  InputReader             pid-1239                             D  notifyMotion call dispatcher
2026-01-23 00:09:37.996  2198-28329 BLASTBufferQueue        pid-2198                             D  [VRI[NavigationBar0]#1](f:0,a:2) PendingRelease=1, PendingBuffersToHold=0, SyncedFrameNumbers=0, lacfnr:6411, lapfnr:6411
2026-01-23 00:09:38.000  1239-1387  InputReader             pid-1239                             D  dispatchTouches action MOVE now(ns): 6399488223306
2026-01-23 00:09:38.000  1239-1387  InputReader             pid-1239                             D  notifyMotion call dispatcher
2026-01-23 00:09:38.004   845-845   mali_gralloc            pid-845                              D  unregister: id=33000000663, handle=0xb40000708eee7990, base=0x0, importpid=845, count:0
2026-01-23 00:09:38.004   845-845   mali_gralloc            pid-845                              D  unregister: id=33000000662, handle=0xb40000708eee58f0, base=0x0, importpid=845, count:0
2026-01-23 00:09:38.004   817-927   mali_gralloc            pid-817                              D  unregister: id=33000000662, handle=0xb400007450586690, base=0x0, importpid=817, count:0
2026-01-23 00:09:38.005  1239-1387  InputReader             pid-1239                             D  dispatchTouches action MOVE now(ns): 6399493001922
2026-01-23 00:09:38.005  1239-1387  InputReader             pid-1239                             D  notifyMotion call dispatcher
2026-01-23 00:09:38.005   817-927   mali_gralloc            pid-817                              D  unregister: id=33000000665, handle=0xb400007450594430, base=0x0, importpid=817, count:0
2026-01-23 00:09:38.006   817-927   mali_gralloc            pid-817                              D  unregister: id=33000000664, handle=0xb400007450594f70, base=0x0, importpid=817, count:0
2026-01-23 00:09:38.006   817-927   mali_gralloc            pid-817                              D  unregister: id=33000000663, handle=0xb400007450590f50, base=0x0, importpid=817, count:0
2026-01-23 00:09:38.007 30977-30977 mali_gralloc            pid-30977                            D  unregister: id=33000000664, handle=0xb4000074ce4957b0, base=0x0, importpid=30977, count:0
2026-01-23 00:09:38.009  2198-2350  WallpaperService        pid-2198                             D  Wallpaper opaque is false
2026-01-23 00:09:38.009  2198-28329 BLASTBufferQueue        pid-2198                             D  [VRI[NavigationBar0]#1](f:0,a:3) PendingRelease=1, PendingBuffersToHold=0, SyncedFrameNumbers=0, lacfnr:6413, lapfnr:6413
2026-01-23 00:09:38.010  1239-1387  InputReader             pid-1239                             D  dispatchTouches action MOVE now(ns): 6399498562499
2026-01-23 00:09:38.010  1239-1387  InputReader             pid-1239                             D  notifyMotion call dispatcher
2026-01-23 00:09:38.014   845-919   mali_gralloc            pid-845                              D  unregister: id=33000000665, handle=0xb40000708eee60d0, base=0x0, importpid=845, count:0
2026-01-23 00:09:38.017  1239-1387  InputReader             pid-1239                             D  dispatchTouches action MOVE now(ns): 6399505104652
2026-01-23 00:09:38.017  1239-1387  InputReader             pid-1239                             D  notifyMotion call dispatcher
2026-01-23 00:09:38.019  2198-2350  WallpaperService        pid-2198                             D  Wallpaper opaque is false
2026-01-23 00:09:38.020  2198-2680  BLASTBufferQueue        pid-2198                             D  [VRI[NavigationBar0]#1](f:0,a:3) PendingRelease=1, PendingBuffersToHold=0, SyncedFrameNumbers=0, lacfnr:6414, lapfnr:6414
2026-01-23 00:09:38.021  1239-1387  InputReader             pid-1239                             D  dispatchTouches action MOVE now(ns): 6399509874729
2026-01-23 00:09:38.022  1239-1387  InputReader             pid-1239                             D  notifyMotion call dispatcher
2026-01-23 00:09:38.027  1239-1387  InputReader             pid-1239                             D  dispatchTouches action MOVE now(ns): 6399515373575
2026-01-23 00:09:38.027  1239-1387  InputReader             pid-1239                             D  notifyMotion call dispatcher
2026-01-23 00:09:38.031  2198-28329 BLASTBufferQueue        pid-2198                             D  [VRI[NavigationBar0]#1](f:0,a:2) PendingRelease=1, PendingBuffersToHold=0, SyncedFrameNumbers=0, lacfnr:6414, lapfnr:6414
2026-01-23 00:09:38.032  1239-1387  InputReader             pid-1239                             D  dispatchTouches action MOVE now(ns): 6399520832883
2026-01-23 00:09:38.033  1239-1387  InputReader             pid-1239                             D  notifyMotion call dispatcher
2026-01-23 00:09:38.039  1239-1387  InputReader             pid-1239                             D  dispatchTouches action MOVE now(ns): 6399527055883
2026-01-23 00:09:38.039  1239-1387  InputReader             pid-1239                             D  notifyMotion call dispatcher
2026-01-23 00:09:38.040  2198-2680  BLASTBufferQueue        pid-2198                             D  [VRI[NavigationBar0]#1](f:0,a:2) PendingRelease=1, PendingBuffersToHold=0, SyncedFrameNumbers=0, lacfnr:6415, lapfnr:6415
2026-01-23 00:09:38.043  1239-1387  InputReader             pid-1239                             D  dispatchTouches action MOVE now(ns): 6399531871306
2026-01-23 00:09:38.044  1239-1387  InputReader             pid-1239                             D  notifyMotion call dispatcher
2026-01-23 00:09:38.052  2198-2680  BLASTBufferQueue        pid-2198                             D  [VRI[NavigationBar0]#1](f:0,a:2) PendingRelease=1, PendingBuffersToHold=0, SyncedFrameNumbers=0, lacfnr:6416, lapfnr:6416
2026-01-23 00:09:38.054  1239-1387  InputReader             pid-1239                             D  dispatchTouches action MOVE now(ns): 6399537930614
2026-01-23 00:09:38.054  1239-1387  InputReader             pid-1239                             D  notifyMotion call dispatcher
2026-01-23 00:09:38.057  1239-1387  InputReader             pid-1239                             D  dispatchTouches action MOVE now(ns): 6399544931114
2026-01-23 00:09:38.057  1239-1387  InputReader             pid-1239                             D  notifyMotion call dispatcher
2026-01-23 00:09:38.060  1239-1387  InputReader             pid-1239                             D  dispatchTouches action MOVE now(ns): 6399548703614
2026-01-23 00:09:38.060  1239-1387  InputReader             pid-1239                             D  notifyMotion call dispatcher
2026-01-23 00:09:38.062  2198-2680  BLASTBufferQueue        pid-2198                             D  [VRI[NavigationBar0]#1](f:0,a:2) PendingRelease=1, PendingBuffersToHold=0, SyncedFrameNumbers=0, lacfnr:6417, lapfnr:6417
2026-01-23 00:09:38.066  1239-1387  InputReader             pid-1239                             D  dispatchTouches action MOVE now(ns): 6399554114652
2026-01-23 00:09:38.066  1239-1387  InputReader             pid-1239                             D  notifyMotion call dispatcher
2026-01-23 00:09:38.071  1239-1387  InputReader             pid-1239                             I  processEventsLocked: type=3 Count=4 code=48 value=1 deviceId=4 when=6399559543000
2026-01-23 00:09:38.071  1239-1387  InputReader             pid-1239                             D  dispatchTouches action MOVE now(ns): 6399559838268
2026-01-23 00:09:38.071  1239-1387  InputReader             pid-1239                             D  notifyMotion call dispatcher
2026-01-23 00:09:38.077  1239-1387  InputReader             pid-1239                             D  dispatchTouches action MOVE now(ns): 6399565193999
2026-01-23 00:09:38.077  1239-1387  InputReader             pid-1239                             D  notifyMotion call dispatcher
2026-01-23 00:09:38.082  1239-1387  InputReader             pid-1239                             D  dispatchTouches action MOVE now(ns): 6399570761460
2026-01-23 00:09:38.082  1239-1387  InputReader             pid-1239                             D  notifyMotion call dispatcher
2026-01-23 00:09:38.084  2782-2782  ImeTracker              pid-2782                             I  com.android.launcher3:7509971f: onRequestHide at ORIGIN_CLIENT_HIDE_SOFT_INPUT reason HIDE_SOFT_INPUT_BY_INSETS_API
2026-01-23 00:09:38.084  2198-28329 BLASTBufferQueue        pid-2198                             D  [VRI[NavigationBar0]#1](f:0,a:3) PendingRelease=1, PendingBuffersToHold=0, SyncedFrameNumbers=0, lacfnr:6419, lapfnr:6419
2026-01-23 00:09:38.086  1239-6939  ImeTracker              pid-1239                             I  com.android.launcher3:7509971f: onCancelled at PHASE_SERVER_SHOULD_HIDE
2026-01-23 00:09:38.088  1239-1387  InputReader             pid-1239                             D  dispatchTouches action MOVE now(ns): 6399576105806
2026-01-23 00:09:38.088  1239-1387  InputReader             pid-1239                             D  notifyMotion call dispatcher
2026-01-23 00:09:38.089  2782-2782  ImeTracker              pid-2782                             I  com.android.launcher3:54d4ba68: onHidden
2026-01-23 00:09:38.093  2782-2782  LAUNCHER3               pid-2782                             D  ScreenInfo, getRealNavigationBarHeight:96
2026-01-23 00:09:38.093  2782-2782  LAUNCHER3               pid-2782                             D  ScreenInfo, getRealNavigationBarHeight:96
2026-01-23 00:09:38.094  1239-1387  InputReader             pid-1239                             D  dispatchTouches action MOVE now(ns): 6399582247345
2026-01-23 00:09:38.094  1239-1387  InputReader             pid-1239                             D  notifyMotion call dispatcher
2026-01-23 00:09:38.096  2198-28329 BLASTBufferQueue        pid-2198                             D  [VRI[NavigationBar0]#1](f:0,a:3) PendingRelease=1, PendingBuffersToHold=0, SyncedFrameNumbers=0, lacfnr:6420, lapfnr:6420
2026-01-23 00:09:38.099  1239-1387  InputReader             pid-1239                             D  dispatchTouches action MOVE now(ns): 6399587057152
2026-01-23 00:09:38.099  1239-1387  InputReader             pid-1239                             D  notifyMotion call dispatcher
2026-01-23 00:09:38.104  1239-1387  InputReader             pid-1239                             D  dispatchTouches action MOVE now(ns): 6399592683845
2026-01-23 00:09:38.104  1239-1387  InputReader             pid-1239                             D  notifyMotion call dispatcher
2026-01-23 00:09:38.107  2198-28329 BLASTBufferQueue        pid-2198                             D  [VRI[NavigationBar0]#1](f:0,a:4) PendingRelease=1, PendingBuffersToHold=0, SyncedFrameNumbers=0, lacfnr:6422, lapfnr:6422
2026-01-23 00:09:38.110  1239-1387  InputReader             pid-1239                             I  processEventsLocked: type=3 Count=4 code=57 value=-1 deviceId=4 when=6399597994000
2026-01-23 00:09:38.110  1239-1387  InputReader             pid-1239                             D  dispatchTouches action UP now(ns): 6399598245883
2026-01-23 00:09:38.110  1239-1387  InputReader             pid-1239                             D  notifyMotion call dispatcher
2026-01-23 00:09:38.110  5295-5323  aoap                    pid-5295                             I  send OpaEligibilityChange broadcast to CommonBroadcastReceiver
2026-01-23 00:09:38.112  1239-4559  BroadcastQueue          pid-1239                             V  Enqueuing BroadcastRecord{b78ae78 com.google.android.apps.gsa.broadcastreceiver.ACTION_OPA_ELIGIBILITY_CHANGE/u0} from uid 10159 pid 5295 for 1 receivers
2026-01-23 00:09:38.113   835-835   PowerHAL                pid-835                              D  ###Exit interaction_fling scene bgn###
2026-01-23 00:09:38.113   835-835   PowerHAL                pid-835                              D  Enter common_set: enable:0, duration: 0, /sys/devices/system/cpu/cpufreq/policy0/scaling_min_freq: 1820000
2026-01-23 00:09:38.113   835-835   PowerHAL                pid-835                              D  Enter set_cluster_freqs_max_min: 
2026-01-23 00:09:38.113   835-835   PowerHAL                pid-835                              D  Enter common_set: enable:0, duration: 0, /sys/devices/system/cpu/cpufreq/policy0/scaling_max_freq: 1820000
2026-01-23 00:09:38.113   835-835   PowerHAL                pid-835                              D  Enter set_cluster_freqs_max_min: 
2026-01-23 00:09:38.113   835-835   PowerHAL                pid-835                              D  Enter common_set: enable:0, duration: 0, /sys/devices/system/cpu/cpufreq/policy6/scaling_min_freq: 2028000
2026-01-23 00:09:38.113   835-835   PowerHAL                pid-835                              D  Enter set_cluster_freqs_max_min: 
2026-01-23 00:09:38.113   835-835   PowerHAL                pid-835                              D  Enter common_set: enable:0, duration: 0, /sys/devices/system/cpu/cpufreq/policy6/scaling_max_freq: 2028000
2026-01-23 00:09:38.113   835-835   PowerHAL                pid-835                              D  Enter set_cluster_freqs_max_min: 
2026-01-23 00:09:38.113   835-835   PowerHAL                pid-835                              D  Enter common_subsys_set: enable:0, duration: 0, subsys:uclamp: conf_4:5
2026-01-23 00:09:38.113   835-835   PowerHAL                pid-835                              D  ###Exit interaction_fling scene end###
2026-01-23 00:09:38.113  1239-6072  PackageManager          pid-1239                             D  Considering set com.google.android.googlequicksearchbox/com.google.android.apps.gsa.staticplugins.opa.EnterOpaActivityFromDeeplink's state as 1 with userId = 0, callingPackage = com.google.android.googlequicksearchbox:10159
2026-01-23 00:09:38.114  2198-2198  KeyButtonView           pid-2198                             I  Back button event: ACTION_UP
2026-01-23 00:09:38.114  1239-1272  ProcessStats            pid-1239                             W  Tracking association SourceState{9207575 com.google.android.gms/10153 BTop #44877} whose proc state 2 is better than process ProcessState{d340dac com.google.android.gms.persistent/10153 pkg=com.google.android.gms (sub)} proc state 6 (2307 skipped)
2026-01-23 00:09:38.115  1239-2092  WindowManager           pid-1239                             D  The getTopActivityName is com.android.searchlauncher.SearchLauncher
2026-01-23 00:09:38.119  1239-1386  InputDispatcher         pid-1239                             D  delay time is 0
2026-01-23 00:09:38.119   841-841   vendor.spr...or-service pid-841                              D  Vibra::perform
2026-01-23 00:09:38.119   841-841   vendor.spr...or-service pid-841                              D  vibra_on 35
2026-01-23 00:09:38.120  1239-2092  PackageManager          pid-1239                             W  try to disable com.google.android.googlequicksearchbox
2026-01-23 00:09:38.120  1239-2092  PackageManager          pid-1239                             W  OPERATOR_CODENULL
2026-01-23 00:09:38.120  2198-28329 BLASTBufferQueue        pid-2198                             D  [VRI[NavigationBar0]#1](f:0,a:3) PendingRelease=1, PendingBuffersToHold=0, SyncedFrameNumbers=0, lacfnr:6422, lapfnr:6422
2026-01-23 00:09:38.120  1239-2092  PackageManager          pid-1239                             D  Considering set com.google.android.googlequicksearchbox/com.google.android.apps.gsa.staticplugins.opa.EnterOpaActivityFromLauncher's state as 2 with userId = 0, callingPackage = com.google.android.googlequicksearchbox:10159
2026-01-23 00:09:38.123  1239-2092  PackageManager          pid-1239                             W  try to disable com.google.android.googlequicksearchbox
2026-01-23 00:09:38.123  1239-2092  PackageManager          pid-1239                             W  OPERATOR_CODENULL
2026-01-23 00:09:38.123  1239-2092  PackageManager          pid-1239                             D  Considering set com.google.android.googlequicksearchbox/com.google.android.googlequicksearchbox.VoiceSearchActivity's state as 2 with userId = 0, callingPackage = com.google.android.googlequicksearchbox:10159
2026-01-23 00:09:38.129  2198-28329 BLASTBufferQueue        pid-2198                             D  [VRI[NavigationBar0]#1](f:0,a:3) PendingRelease=1, PendingBuffersToHold=0, SyncedFrameNumbers=0, lacfnr:6423, lapfnr:6423
2026-01-23 00:09:38.133  5295-5374  azur                    pid-5295                             I  (REDACTED) Set Assistant Enabled to %s
2026-01-23 00:09:38.136  1239-2092  PackageManager          pid-1239                             W  try to disable com.google.android.googlequicksearchbox
2026-01-23 00:09:38.136  1239-2092  PackageManager          pid-1239                             W  OPERATOR_CODENULL
2026-01-23 00:09:38.136  1239-2092  PackageManager          pid-1239                             D  Considering set com.google.android.googlequicksearchbox/com.google.android.apps.gsa.staticplugins.opa.widget.impl.OpaWidgetProvider's state as 2 with userId = 0, callingPackage = com.google.android.googlequicksearchbox:10159
2026-01-23 00:09:38.141  2198-28329 BLASTBufferQueue        pid-2198                             D  [VRI[NavigationBar0]#1](f:0,a:3) PendingRelease=1, PendingBuffersToHold=0, SyncedFrameNumbers=0, lacfnr:6424, lapfnr:6424
2026-01-23 00:09:38.143  1239-2092  BroadcastQueue          pid-1239                             V  Enqueuing BroadcastRecord{f71b353 com.google.apps.tiktok.account.api.controller.REQUIREMENT_STATE_CHANGED/u0} from uid 10159 pid 5295 for 1 receivers
2026-01-23 00:09:38.150   841-841   vendor.spr...or-service pid-841                              D  vibra_off
2026-01-23 00:09:38.151  2198-28329 BLASTBufferQueue        pid-2198                             D  [VRI[NavigationBar0]#1](f:0,a:3) PendingRelease=1, PendingBuffersToHold=0, SyncedFrameNumbers=0, lacfnr:6425, lapfnr:6425
2026-01-23 00:09:38.161  5295-5372  azul                    pid-5295                             I  Set Assistant eligibility status
2026-01-23 00:09:38.163  2198-28329 BLASTBufferQueue        pid-2198                             D  [VRI[NavigationBar0]#1](f:0,a:3) PendingRelease=1, PendingBuffersToHold=0, SyncedFrameNumbers=0, lacfnr:6426, lapfnr:6426
2026-01-23 00:09:38.173  2198-28329 BLASTBufferQueue        pid-2198                             D  [VRI[NavigationBar0]#1](f:0,a:3) PendingRelease=1, PendingBuffersToHold=0, SyncedFrameNumbers=0, lacfnr:6427, lapfnr:6427
2026-01-23 00:09:38.185  2198-28329 BLASTBufferQueue        pid-2198                             D  [VRI[NavigationBar0]#1](f:0,a:3) PendingRelease=1, PendingBuffersToHold=0, SyncedFrameNumbers=0, lacfnr:6428, lapfnr:6428
2026-01-23 00:09:38.193  1239-2092  AppStartupManager       pid-1239                             D  error happend in shouldPreventStartService:checkStartupLimit
2026-01-23 00:09:38.196  2198-28329 BLASTBufferQueue        pid-2198                             D  [VRI[NavigationBar0]#1](f:0,a:3) PendingRelease=1, PendingBuffersToHold=0, SyncedFrameNumbers=0, lacfnr:6429, lapfnr:6429
2026-01-23 00:09:38.196  5295-5372  agwv                    pid-5295                             I  (REDACTED) Util.isLowRamDevice: %b, canUsePreemptibleAudioSource: %b
2026-01-23 00:09:38.206  2198-28329 BLASTBufferQueue        pid-2198                             D  [VRI[NavigationBar0]#1](f:0,a:3) PendingRelease=1, PendingBuffersToHold=0, SyncedFrameNumbers=0, lacfnr:6430, lapfnr:6430
2026-01-23 00:09:38.209  1239-2092  AppStartupManager       pid-1239                             D  error happend in shouldPreventStartService:checkStartupLimit
2026-01-23 00:09:38.218  2198-28329 BLASTBufferQueue        pid-2198                             D  [VRI[NavigationBar0]#1](f:0,a:3) PendingRelease=1, PendingBuffersToHold=0, SyncedFrameNumbers=0, lacfnr:6431, lapfnr:6431
2026-01-23 00:09:38.229  2198-28329 BLASTBufferQueue        pid-2198                             D  [VRI[NavigationBar0]#1](f:0,a:3) PendingRelease=1, PendingBuffersToHold=0, SyncedFrameNumbers=0, lacfnr:6432, lapfnr:6432
2026-01-23 00:09:38.233  5295-5329  alik                    pid-5295                             I  NGA enabled in interactor.
2026-01-23 00:09:38.234  5295-5329  alik                    pid-5295                             I  (REDACTED) Nga state changed to %s
2026-01-23 00:09:38.235  5295-5329  alik                    pid-5295                             I  (REDACTED) isTngActive=%s
2026-01-23 00:09:38.236  2782-2782  ViewNative              pid-2782                             D  java.lang.ClassNotFoundException: com.oplus.inner.view.ViewWrapper
2026-01-23 00:09:38.236  2782-2782  ViewNative              pid-2782                             D  java.lang.ClassNotFoundException: com.color.inner.view.ViewWrapper
2026-01-23 00:09:38.237  2782-2782  ViewNative              pid-2782                             D  java.lang.ClassNotFoundException: com.oplus.inner.view.ViewWrapper
2026-01-23 00:09:38.238  2782-2782  ViewNative              pid-2782                             D  java.lang.ClassNotFoundException: com.color.inner.view.ViewWrapper
2026-01-23 00:09:38.238  2782-2782  ViewNative              pid-2782                             D  java.lang.ClassNotFoundException: com.oplus.inner.view.ViewWrapper
2026-01-23 00:09:38.239  2782-2782  ViewNative              pid-2782                             D  java.lang.ClassNotFoundException: com.color.inner.view.ViewWrapper
2026-01-23 00:09:38.239  2782-2782  ViewNative              pid-2782                             D  java.lang.ClassNotFoundException: com.oplus.inner.view.ViewWrapper
2026-01-23 00:09:38.240  2782-2782  ViewNative              pid-2782                             D  java.lang.ClassNotFoundException: com.color.inner.view.ViewWrapper
2026-01-23 00:09:38.240  2198-28329 BLASTBufferQueue        pid-2198                             D  [VRI[NavigationBar0]#1](f:0,a:3) PendingRelease=1, PendingBuffersToHold=0, SyncedFrameNumbers=0, lacfnr:6433, lapfnr:6433
2026-01-23 00:09:38.241  2782-2782  AutofillManager         pid-2782                             D  view not autofillable - not passing ime action check
2026-01-23 00:09:38.251  2198-28329 BLASTBufferQueue        pid-2198                             D  [VRI[NavigationBar0]#1](f:0,a:4) PendingRelease=1, PendingBuffersToHold=0, SyncedFrameNumbers=0, lacfnr:6435, lapfnr:6435
2026-01-23 00:09:38.262  2198-28329 BLASTBufferQueue        pid-2198                             D  [VRI[NavigationBar0]#1](f:0,a:3) PendingRelease=1, PendingBuffersToHold=0, SyncedFrameNumbers=0, lacfnr:6435, lapfnr:6435
2026-01-23 00:09:38.269  2782-2782  Branch-Bra...anagerImpl pid-2782                             D  exitDrawer
2026-01-23 00:09:38.269  2782-2782  LAUNCHER3               pid-2782                             D  Branch-AlphabeticalAppsList, updateAdapterItems
2026-01-23 00:09:38.269  2782-2782  LAUNCHER3               pid-2782                             D  Branch-CommonUIController,  branchRefillAdapterItems
2026-01-23 00:09:38.269  2782-2782  LAUNCHER3               pid-2782                             D  Branch-DrawerCommonController, protectExpired field false
2026-01-23 00:09:38.270  2782-2782  LAUNCHER3               pid-2782                             D  Branch-DrawerCommonController, protectExpired field false
2026-01-23 00:09:38.270  2782-2782  LAUNCHER3               pid-2782                             D  Branch-BranchUIManagerImpl, addLocalPredictedApps needShowAd false noConfigAd:true totalSize 0
2026-01-23 00:09:38.271  2782-2782  LAUNCHER3               pid-2782                             D  AlphabeticalAppsList, setSearchResults mLastQuery = , query = 
2026-01-23 00:09:38.273  2782-2782  LAUNCHER3               pid-2782                             D  ScreenInfo, getRealNavigationBarHeight:96
2026-01-23 00:09:38.274  2198-28329 BLASTBufferQueue        pid-2198                             D  [VRI[NavigationBar0]#1](f:0,a:3) PendingRelease=1, PendingBuffersToHold=0, SyncedFrameNumbers=0, lacfnr:6436, lapfnr:6436
2026-01-23 00:09:38.275  2782-2782  LAUNCHER3               pid-2782                             D  ScreenInfo, getRealNavigationBarHeight:96
2026-01-23 00:09:38.277  2782-2782  LAUNCHER3               pid-2782                             D  ActivityAllAppsSearchBarController, afterTextChanged mQuery =  s=  mSearchAlgorithm = com.android.launcher3.allapps.drawer.common.BranchSearchAlgorithmImpl@7fa2848
2026-01-23 00:09:38.278  2782-2782  Branch-Bra...orithmImpl pid-2782                             D  cancel interruptActiveRequest  = true
2026-01-23 00:09:38.278  2782-2782  LAUNCHER3               pid-2782                             D  Branch-SearchResponseImpl, cancelQuery
2026-01-23 00:09:38.278  2782-2782  LAUNCHER3               pid-2782                             D  Branch-AlphabeticalAppsList, updateAdapterItems
2026-01-23 00:09:38.278  2782-2782  LAUNCHER3               pid-2782                             D  Branch-CommonUIController,  branchRefillAdapterItems
