2026-02-06 14:34:09.012  9182-9182  View                    com.cdccreditsmart.app               D  [Warning] assignParent to null: this = DecorView@e01101[UninstallFlowActivity]
2026-02-06 14:34:09.177  9182-9182  VRI[MainActivity]       com.cdccreditsmart.app               D  hardware acceleration = true, forceHwAccelerated = false
2026-02-06 14:34:09.185  9182-9182  InputEventReceiver      com.cdccreditsmart.app               D  Input log is disabled in InputEventReceiver.
2026-02-06 14:34:09.256  9182-9182  BufferQueueConsumer     com.cdccreditsmart.app               D  [](id:23de0000000a,api:0,p:-1,c:9182) connect: controlledByApp=false
2026-02-06 14:34:09.256  9182-9182  BLASTBufferQueue        com.cdccreditsmart.app               D  [VRI[MainActivity]#10](f:0,a:0) constructor()
2026-02-06 14:34:09.256  9182-9182  BLASTBufferQueue        com.cdccreditsmart.app               D  [VRI[MainActivity]#10](f:0,a:0) update width=960 height=1302 format=-2 mTransformHint=0
2026-02-06 14:34:09.280  9182-9405  BLASTBufferQueue        com.cdccreditsmart.app               D  [VRI[MainActivity]#10](f:0,a:1) acquireNextBufferLocked size=960x1302 mFrameNumber=1 applyTransaction=true mTimestamp=5773195781189(auto) mPendingTransactions.size=0 graphicBufferId=39436389711915 transform=0
2026-02-06 14:34:09.835  9182-9182  WindowOnBackDispatcher  com.cdccreditsmart.app               W  sendCancelIfRunning: isInProgress=false callback=androidx.activity.OnBackPressedDispatcher$Api34Impl$createOnBackAnimationCallback$1@37e635c
2026-02-06 14:34:09.843  9182-9405  HWUI                    com.cdccreditsmart.app               D  endAllActiveAnimators on 0xb4000073b5b96da0 (UnprojectedRipple) with handle 0xb400007265b53e70
2026-02-06 14:34:09.844  9182-9182  View                    com.cdccreditsmart.app               D  [Warning] assignParent to null: this = DecorView@461f4dc[MainActivity]
2026-02-06 14:34:09.845  9182-9199  BLASTBufferQueue        com.cdccreditsmart.app               D  [VRI[MainActivity]#10](f:0,a:1) destructor()
2026-02-06 14:34:09.845  9182-9199  BufferQueueConsumer     com.cdccreditsmart.app               D  [VRI[MainActivity]#10(BLAST Consumer)10](id:23de0000000a,api:0,p:-1,c:9182) disconnect
2026-02-06 14:34:09.856  9182-9182  VRI[MainActivity]       com.cdccreditsmart.app               D  hardware acceleration = true, forceHwAccelerated = false
2026-02-06 14:34:09.865  9182-9182  InputEventReceiver      com.cdccreditsmart.app               D  Input log is disabled in InputEventReceiver.
2026-02-06 14:34:09.918  9182-9182  BufferQueueConsumer     com.cdccreditsmart.app               D  [](id:23de0000000b,api:0,p:-1,c:9182) connect: controlledByApp=false
2026-02-06 14:34:09.918  9182-9182  BLASTBufferQueue        com.cdccreditsmart.app               D  [VRI[MainActivity]#11](f:0,a:0) constructor()
2026-02-06 14:34:09.918  9182-9182  BLASTBufferQueue        com.cdccreditsmart.app               D  [VRI[MainActivity]#11](f:0,a:0) update width=960 height=913 format=-2 mTransformHint=0
2026-02-06 14:34:09.942  9182-9405  BLASTBufferQueue        com.cdccreditsmart.app               D  [VRI[MainActivity]#11](f:0,a:1) acquireNextBufferLocked size=960x913 mFrameNumber=1 applyTransaction=true mTimestamp=5773858367959(auto) mPendingTransactions.size=0 graphicBufferId=39436389711919 transform=0
2026-02-06 14:34:10.739  9182-9182  WindowOnBackDispatcher  com.cdccreditsmart.app               W  sendCancelIfRunning: isInProgress=false callback=androidx.activity.OnBackPressedDispatcher$Api34Impl$createOnBackAnimationCallback$1@885009d
2026-02-06 14:34:10.748  9182-9405  HWUI                    com.cdccreditsmart.app               D  endAllActiveAnimators on 0xb4000073b5ba68b0 (UnprojectedRipple) with handle 0xb400007265b501b0
2026-02-06 14:34:10.749  9182-9182  View                    com.cdccreditsmart.app               D  [Warning] assignParent to null: this = DecorView@b107ae1[MainActivity]
2026-02-06 14:34:10.760  9182-9199  BLASTBufferQueue        com.cdccreditsmart.app               D  [VRI[MainActivity]#11](f:0,a:1) destructor()
2026-02-06 14:34:10.760  9182-9199  BufferQueueConsumer     com.cdccreditsmart.app               D  [VRI[MainActivity]#11(BLAST Consumer)11](id:23de0000000b,api:0,p:-1,c:9182) disconnect
2026-02-06 14:34:10.783  9182-9182  UninstallFlowActivity   com.cdccreditsmart.app               I  
2026-02-06 14:34:10.784  9182-9182  UninstallFlowActivity   com.cdccreditsmart.app               I  â•”â•â•â•â•â•â•â•â•â•â•â•â•â•â•â•â•â•â•â•â•â•â•â•â•â•â•â•â•â•â•â•â•â•â•â•â•â•â•â•â•â•â•â•â•â•â•â•â•â•â•â•â•â•â•â•â•â•â•â•â•â•—
2026-02-06 14:34:10.784  9182-9182  UninstallFlowActivity   com.cdccreditsmart.app               I  â•‘     FLUXO DE DESINSTALAÃ‡ÃƒO SEGURA - CREDIT SMART          â•‘
2026-02-06 14:34:10.784  9182-9182  UninstallFlowActivity   com.cdccreditsmart.app               I  â•šâ•â•â•â•â•â•â•â•â•â•â•â•â•â•â•â•â•â•â•â•â•â•â•â•â•â•â•â•â•â•â•â•â•â•â•â•â•â•â•â•â•â•â•â•â•â•â•â•â•â•â•â•â•â•â•â•â•â•â•â•â•
2026-02-06 14:34:10.784  9182-9182  UninstallFlowActivity   com.cdccreditsmart.app               I  
2026-02-06 14:34:10.784  9182-9182  UninstallFlowActivity   com.cdccreditsmart.app               I  Tipo de desinstalaÃ§Ã£o: not_activated
2026-02-06 14:34:10.784  9182-9182  UninstallFlowActivity   com.cdccreditsmart.app               I  DiÃ¡logo jÃ¡ lanÃ§ado: false
2026-02-06 14:34:10.784  9182-9182  UninstallFlowActivity   com.cdccreditsmart.app               I  JÃ¡ foi pausado: false
2026-02-06 14:34:10.785  9182-9182  SettingsGuardService    com.cdccreditsmart.app               I  ğŸ—‘ï¸ Guard PAUSADO para desinstalaÃ§Ã£o voluntÃ¡ria
2026-02-06 14:34:10.785  9182-9182  SettingsGuardService    com.cdccreditsmart.app               I     ProteÃ§Ã£o desativada - usuÃ¡rio pode desinstalar
2026-02-06 14:34:10.785  9182-9182  SettingsGuardService    com.cdccreditsmart.app               I     Timeout: 120s para auto-recuperaÃ§Ã£o
2026-02-06 14:34:10.785  9182-9182  UninstallFlowActivity   com.cdccreditsmart.app               I  â¸ï¸ SettingsGuard pausado para desinstalaÃ§Ã£o
2026-02-06 14:34:10.786  9182-9182  UninstallFlowActivity   com.cdccreditsmart.app               I  
2026-02-06 14:34:10.786  9182-9182  UninstallFlowActivity   com.cdccreditsmart.app               I  [PASSO 1/4] Verificando privilÃ©gios...
2026-02-06 14:34:10.786  9182-9182  UninstallFlowActivity   com.cdccreditsmart.app               I     Device Owner: NÃƒO
2026-02-06 14:34:10.786  9182-9182  UninstallFlowActivity   com.cdccreditsmart.app               I     Device Admin: NÃƒO
2026-02-06 14:34:10.786  9182-9182  UninstallFlowActivity   com.cdccreditsmart.app               I  
2026-02-06 14:34:10.786  9182-9182  UninstallFlowActivity   com.cdccreditsmart.app               I  [PASSO 2/4] App sem privilÃ©gios especiais
2026-02-06 14:34:10.786  9182-9182  UninstallFlowActivity   com.cdccreditsmart.app               I  [PASSO 3/4] Nenhuma proteÃ§Ã£o a remover
2026-02-06 14:34:10.786  9182-9182  UninstallFlowActivity   com.cdccreditsmart.app               I  
2026-02-06 14:34:10.786  9182-9182  UninstallFlowActivity   com.cdccreditsmart.app               I  [PASSO 4/4] Iniciando desinstalaÃ§Ã£o do sistema...
2026-02-06 14:34:10.786  9182-9182  UninstallFlowActivity   com.cdccreditsmart.app               I  
2026-02-06 14:34:10.817  9182-9182  Activity                com.cdccreditsmart.app               D  onResume setDolbyGameProfilePackage lastPkg =  currentPkg = com.cdccreditsmart.app
2026-02-06 14:34:10.818  9182-9182  UninstallFlowActivity   com.cdccreditsmart.app               D  onResume: Ignorando - diÃ¡logo ainda nÃ£o apareceu (aguardando onPause)
2026-02-06 14:34:10.823  9182-9182  VRI[Uninst...wActivity] com.cdccreditsmart.app               D  hardware acceleration = true, forceHwAccelerated = false
2026-02-06 14:34:10.829  9182-9182  InputEventReceiver      com.cdccreditsmart.app               D  Input log is disabled in InputEventReceiver.
2026-02-06 14:34:10.845  9182-9182  BufferQueueConsumer     com.cdccreditsmart.app               D  [](id:23de0000000c,api:0,p:-1,c:9182) connect: controlledByApp=false
2026-02-06 14:34:10.845  9182-9182  BLASTBufferQueue        com.cdccreditsmart.app               D  [VRI[UninstallFlowActivity]#12](f:0,a:0) constructor()
2026-02-06 14:34:10.845  9182-9182  BLASTBufferQueue        com.cdccreditsmart.app               D  [VRI[UninstallFlowActivity]#12](f:0,a:0) update width=1080 height=2400 format=-2 mTransformHint=0
2026-02-06 14:34:10.853  9182-9405  BLASTBufferQueue        com.cdccreditsmart.app               D  [VRI[UninstallFlowActivity]#12](f:0,a:1) acquireNextBufferLocked size=1080x2400 mFrameNumber=1 applyTransaction=true mTimestamp=5774769566113(auto) mPendingTransactions.size=0 graphicBufferId=39436389711920 transform=0
2026-02-06 14:34:10.859  9182-9182  UninstallFlowActivity   com.cdccreditsmart.app               D  onPause: Activity pausada (diÃ¡logo de desinstalaÃ§Ã£o apareceu)
2026-02-06 14:34:10.971  9182-9182  Activity                com.cdccreditsmart.app               D  onResume setDolbyGameProfilePackage lastPkg =  currentPkg = com.cdccreditsmart.app
2026-02-06 14:34:10.971  9182-9182  UninstallFlowActivity   com.cdccreditsmart.app               I  
2026-02-06 14:34:10.971  9182-9182  UninstallFlowActivity   com.cdccreditsmart.app               I  â•”â•â•â•â•â•â•â•â•â•â•â•â•â•â•â•â•â•â•â•â•â•â•â•â•â•â•â•â•â•â•â•â•â•â•â•â•â•â•â•â•â•â•â•â•â•â•â•â•â•â•â•â•â•â•â•â•â•â•â•â•â•—
2026-02-06 14:34:10.971  9182-9182  UninstallFlowActivity   com.cdccreditsmart.app               I  â•‘     RETORNO DO DIÃLOGO DE DESINSTALAÃ‡ÃƒO                   â•‘
2026-02-06 14:34:10.971  9182-9182  UninstallFlowActivity   com.cdccreditsmart.app               I  â•šâ•â•â•â•â•â•â•â•â•â•â•â•â•â•â•â•â•â•â•â•â•â•â•â•â•â•â•â•â•â•â•â•â•â•â•â•â•â•â•â•â•â•â•â•â•â•â•â•â•â•â•â•â•â•â•â•â•â•â•â•â•
2026-02-06 14:34:10.971  9182-9182  UninstallFlowActivity   com.cdccreditsmart.app               I  
2026-02-06 14:34:11.471  9182-9182  UninstallFlowActivity   com.cdccreditsmart.app               W  RESULTADO: UsuÃ¡rio CANCELOU a desinstalaÃ§Ã£o
2026-02-06 14:34:11.472  9182-9182  UninstallFlowActivity   com.cdccreditsmart.app               W  
2026-02-06 14:34:11.472  9182-9182  UninstallFlowActivity   com.cdccreditsmart.app               W  ATENÃ‡ÃƒO: ProteÃ§Ãµes foram removidas e NÃƒO podem ser reaplicadas!
2026-02-06 14:34:11.472  9182-9182  UninstallFlowActivity   com.cdccreditsmart.app               W     O app nÃ£o Ã© mais Device Owner/Admin
2026-02-06 14:34:11.472  9182-9182  UninstallFlowActivity   com.cdccreditsmart.app               W     Para restaurar proteÃ§Ãµes, reprovisionar via:
2026-02-06 14:34:11.472  9182-9182  UninstallFlowActivity   com.cdccreditsmart.app               W       1. Factory reset + QR Code de provisionamento
2026-02-06 14:34:11.472  9182-9182  UninstallFlowActivity   com.cdccreditsmart.app               W       2. ADB: dpm set-device-owner
2026-02-06 14:34:11.472  9182-9182  SettingsGuardService    com.cdccreditsmart.app               I  â–¶ï¸ Guard RETOMADO apÃ³s desinstalaÃ§Ã£o cancelada
2026-02-06 14:34:11.472  9182-9182  UninstallFlowActivity   com.cdccreditsmart.app               I  â–¶ï¸ SettingsGuard retomado
2026-02-06 14:34:11.472  9182-9182  UninstallFlowActivity   com.cdccreditsmart.app               I  â–¶ï¸ SettingsGuard retomado apÃ³s cancelamento
2026-02-06 14:34:11.481  9182-9182  UninstallFlowActivity   com.cdccreditsmart.app               D  onPause: Activity pausada (diÃ¡logo de desinstalaÃ§Ã£o apareceu)
2026-02-06 14:34:11.505  9182-9182  Activity                com.cdccreditsmart.app               D  onResume setDolbyGameProfilePackage lastPkg =  currentPkg = com.cdccreditsmart.app
2026-02-06 14:34:11.514  9182-9182  VRI[Uninst...wActivity] com.cdccreditsmart.app               D  visibilityChanged oldVisibility=true newVisibility=false
2026-02-06 14:34:11.539  9182-9182  BLASTBufferQueue        com.cdccreditsmart.app               D  [VRI[UninstallFlowActivity]#12](f:0,a:1) destructor()
2026-02-06 14:34:11.539  9182-9182  BufferQueueConsumer     com.cdccreditsmart.app               D  [VRI[UninstallFlowActivity]#12(BLAST Consumer)12](id:23de0000000c,api:0,p:-1,c:9182) disconnect
2026-02-06 14:34:11.546  9182-9182  WindowOnBackDispatcher  com.cdccreditsmart.app               W  sendCancelIfRunning: isInProgress=false callback=android.app.Activity$$ExternalSyntheticLambda0@2858245
2026-02-06 14:34:11.546  9182-9182  UninstallFlowActivity   com.cdccreditsmart.app               I  onDestroy: App ainda instalado apÃ³s tentativa de desinstalaÃ§Ã£o
2026-02-06 14:34:11.547  9182-9182  View                    com.cdccreditsmart.app               D  [Warning] assignParent to null: this = DecorView@c093ee[UninstallFlowActivity]
