2025-12-04 06:37:23.812 12304-12304 ImeTracker              com.cdccreditsmart.app               I  com.cdccreditsmart.app:d7969c01: onCancelled at PHASE_CLIENT_ALREADY_HIDDEN
2025-12-04 06:37:24.611 12304-12304 creditsmart.app         com.cdccreditsmart.app               I  AssetManager2(0x7978a5eb3818) locale list changing from [] to [en-US]
2025-12-04 06:37:24.617 12304-12304 creditsmart.app         com.cdccreditsmart.app               I  AssetManager2(0x7978a5eb1298) locale list changing from [] to [en-US]
2025-12-04 06:37:24.617 12304-12304 ActivityThread          com.cdccreditsmart.app               I  ApplicationInfo updating for com.cdccreditsmart.app, new timestamp: 12856058
                                                                                                    assets removed: []
                                                                                                    assets added: [/data/resource-cache/com.android.systemui-neutral-N4DZ.frro, /data/resource-cache/com.android.systemui-accent-3dnp.frro, /data/resource-cache/com.android.systemui-dynamic-Jq3o.frro]
2025-12-04 06:37:25.209 12304-12304 SettingsGuardService    com.cdccreditsmart.app               I  â–¶ï¸ Guard RETOMADO apÃ³s fluxo de permissÃµes
2025-12-04 06:37:25.219 12304-12304 WindowOnBackDispatcher  com.cdccreditsmart.app               W  sendCancelIfRunning: isInProgress=false callback=android.app.Activity$$ExternalSyntheticLambda0@4fba758
2025-12-04 06:37:25.296 12304-12304 creditsmart.app         com.cdccreditsmart.app               I  AssetManager2(0x7978a5ea7c98) locale list changing from [] to [en-US]
2025-12-04 06:37:25.304 12304-12304 creditsmart.app         com.cdccreditsmart.app               I  AssetManager2(0x7978a5eb0938) locale list changing from [] to [en-US]
2025-12-04 06:37:25.324 12304-12343 MainActivity            com.cdccreditsmart.app               I  ğŸ†• Device nunca foi provisionado
2025-12-04 06:37:25.328 12304-12304 MainActivity            com.cdccreditsmart.app               I  ========================================
2025-12-04 06:37:25.328 12304-12304 MainActivity            com.cdccreditsmart.app               I  ğŸ“± SOLICITANDO PERMISSÃ•ES (NÃƒO DEVICE OWNER)
2025-12-04 06:37:25.328 12304-12304 MainActivity            com.cdccreditsmart.app               I  ========================================
2025-12-04 06:37:25.328 12304-12304 MainActivity            com.cdccreditsmart.app               I  ğŸ“‹ Runtime permissions a solicitar: 3
2025-12-04 06:37:25.345 12304-12304 SpecialPermissionReq    com.cdccreditsmart.app               I  ========================================
2025-12-04 06:37:25.345 12304-12304 SpecialPermissionReq    com.cdccreditsmart.app               I  ğŸ“Š STATUS DAS PERMISSÃ•ES ESPECIAIS
2025-12-04 06:37:25.346 12304-12304 SpecialPermissionReq    com.cdccreditsmart.app               I  ========================================
2025-12-04 06:37:25.346 12304-12304 SpecialPermissionReq    com.cdccreditsmart.app               I    USAGE_STATS: âœ… CONCEDIDA
2025-12-04 06:37:25.346 12304-12304 SpecialPermissionReq    com.cdccreditsmart.app               I    OVERLAY: âœ… CONCEDIDA
2025-12-04 06:37:25.346 12304-12304 SpecialPermissionReq    com.cdccreditsmart.app               I  
2025-12-04 06:37:25.346 12304-12304 SpecialPermissionReq    com.cdccreditsmart.app               I  âœ… Todas as permissÃµes especiais concedidas!
2025-12-04 06:37:25.346 12304-12304 SpecialPermissionReq    com.cdccreditsmart.app               I     ProteÃ§Ã£o anti-desinstalaÃ§Ã£o ativa.
2025-12-04 06:37:25.346 12304-12304 SpecialPermissionReq    com.cdccreditsmart.app               I  ========================================
2025-12-04 06:37:25.346 12304-12304 MainActivity            com.cdccreditsmart.app               I  âœ… Todas as permissÃµes especiais jÃ¡ foram concedidas!
2025-12-04 06:37:26.033 12304-12304 PermissionGateScreen    com.cdccreditsmart.app               I  ========================================
2025-12-04 06:37:26.036 12304-12304 PermissionGateScreen    com.cdccreditsmart.app               I  ğŸšª PERMISSION GATE SCREEN INICIADO
2025-12-04 06:37:26.036 12304-12304 PermissionGateScreen    com.cdccreditsmart.app               I  ========================================
2025-12-04 06:37:26.036 12304-12304 PermissionGateScreen    com.cdccreditsmart.app               I  NÃ­vel de privilÃ©gio: DEVICE_ADMIN
2025-12-04 06:37:26.036 12304-12304 PermissionGateScreen    com.cdccreditsmart.app               I  PermissÃµes concedidas: 3
2025-12-04 06:37:26.036 12304-12304 PermissionGateScreen    com.cdccreditsmart.app               I  PermissÃµes faltando: 1
2025-12-04 06:37:26.036 12304-12304 PermissionGateScreen    com.cdccreditsmart.app               W    âŒ PermissÃµes do Sistema
2025-12-04 06:37:26.037 12304-12304 PermissionGateScreen    com.cdccreditsmart.app               I    âœ… Administrador do Dispositivo
2025-12-04 06:37:26.037 12304-12304 PermissionGateScreen    com.cdccreditsmart.app               I    âœ… Acesso ao Uso de Apps
2025-12-04 06:37:26.037 12304-12304 PermissionGateScreen    com.cdccreditsmart.app               I    âœ… Exibir sobre outros apps
2025-12-04 06:37:26.037 12304-12304 PermissionGateScreen    com.cdccreditsmart.app               I  ========================================
2025-12-04 06:37:26.041 12304-12304 Choreographer           com.cdccreditsmart.app               I  Skipped 38 frames!  The application may be doing too much work on its main thread.
2025-12-04 06:37:26.118 12304-12314 HWUI                    com.cdccreditsmart.app               I  Davey! duration=743ms; Flags=1, FrameTimelineVsyncId=325848, IntendedVsync=12856672706071, Vsync=12856906039395, InputEventId=0, HandleInputStart=12856910827258, AnimationStart=12856910828100, PerformTraversalsStart=12856912767551, DrawStart=12857253398643, FrameDeadline=12856689372737, FrameStartTime=12856910722040, FrameInterval=16666666, WorkloadTarget=16666666, SyncQueued=12857261388462, SyncStart=12857402508756, IssueDrawCommandsStart=12857402666980, SwapBuffers=12857544065463, FrameCompleted=12857556938346, DequeueBufferDuration=2468, QueueBufferDuration=477688, GpuCompleted=12857556938346, SwapBuffersCompleted=12857545666578, DisplayPresentTime=279227712449545279, CommandSubmissionCompleted=12857544065463, 
2025-12-04 06:37:26.375 12304-12304 MainActivity            com.cdccreditsmart.app               W  âš ï¸ Algumas permissÃµes foram NEGADAS pelo usuÃ¡rio:
2025-12-04 06:37:26.451 12304-12304 ImeTracker              com.cdccreditsmart.app               I  com.cdccreditsmart.app:f713f738: onCancelled at PHASE_CLIENT_ALREADY_HIDDEN
2025-12-04 06:37:30.099 12304-12310 creditsmart.app         com.cdccreditsmart.app               W  Cleared Reference was only reachable from finalizer (only reported once)
2025-12-04 06:37:32.097 12304-12508 FA                      com.cdccreditsmart.app               I  Application backgrounded at: timestamp_millis: 1764841050095
2025-12-04 06:37:34.493 12304-12341 SettingsGuardService    com.cdccreditsmart.app               W  ğŸš¨ SETTINGS DETECTADO! (count: 2)
2025-12-04 06:37:34.494 12304-12341 SettingsGuardService    com.cdccreditsmart.app               W     Pacote: com.android.settings
2025-12-04 06:37:34.494 12304-12341 SettingsGuardService    com.cdccreditsmart.app               W     Modo AGRESSIVO ativado!
2025-12-04 06:37:34.500 12304-12304 SettingsGuardService    com.cdccreditsmart.app               I  âœ… App trazido para foreground
2025-12-04 06:37:34.514 12304-12304 SettingsGuardService    com.cdccreditsmart.app               I  âœ… Overlay FULLSCREEN exibido
2025-12-04 06:37:34.905 12304-12341 SettingsGuardService    com.cdccreditsmart.app               I  âœ… App CDC em foreground - resetando contador
2025-12-04 06:37:35.358 12304-12304 ImeTracker              com.cdccreditsmart.app               I  com.cdccreditsmart.app:49d7a468: onCancelled at PHASE_CLIENT_ALREADY_HIDDEN
2025-12-04 06:37:40.350 12304-12508 FA                      com.cdccreditsmart.app               I  Application backgrounded at: timestamp_millis: 1764841058350
2025-12-04 06:37:47.024 12304-12341 SettingsGuardService    com.cdccreditsmart.app               W  ğŸš¨ SETTINGS DETECTADO! (count: 2)
2025-12-04 06:37:47.024 12304-12341 SettingsGuardService    com.cdccreditsmart.app               W     Pacote: com.android.settings
2025-12-04 06:37:47.024 12304-12341 SettingsGuardService    com.cdccreditsmart.app               W     Modo AGRESSIVO ativado!
2025-12-04 06:37:47.033 12304-12304 SettingsGuardService    com.cdccreditsmart.app               I  âœ… App trazido para foreground
2025-12-04 06:37:47.044 12304-12304 SettingsGuardService    com.cdccreditsmart.app               I  âœ… Overlay FULLSCREEN exibido
2025-12-04 06:37:47.435 12304-12341 SettingsGuardService    com.cdccreditsmart.app               W  ğŸš¨ SETTINGS DETECTADO! (count: 3)
2025-12-04 06:37:47.435 12304-12341 SettingsGuardService    com.cdccreditsmart.app               W     Pacote: com.android.settings
2025-12-04 06:37:47.435 12304-12341 SettingsGuardService    com.cdccreditsmart.app               W     Modo AGRESSIVO ativado!
2025-12-04 06:37:47.461 12304-12304 SettingsGuardService    com.cdccreditsmart.app               I  âœ… App trazido para foreground
2025-12-04 06:37:47.926 12304-12341 SettingsGuardService    com.cdccreditsmart.app               W  ğŸš¨ SETTINGS DETECTADO! (count: 4)
2025-12-04 06:37:47.926 12304-12341 SettingsGuardService    com.cdccreditsmart.app               W     Pacote: com.android.settings
2025-12-04 06:37:47.926 12304-12341 SettingsGuardService    com.cdccreditsmart.app               W     Modo AGRESSIVO ativado!
2025-12-04 06:37:48.201 12304-12304 SettingsGuardService    com.cdccreditsmart.app               I  âœ… App trazido para foreground
2025-12-04 06:37:48.523 12304-12304 ImeTracker              com.cdccreditsmart.app               I  com.cdccreditsmart.app:fcb456c1: onCancelled at PHASE_CLIENT_ALREADY_HIDDEN
2025-12-04 06:37:48.608 12304-12341 SettingsGuardService    com.cdccreditsmart.app               I  âœ… App CDC em foreground - resetando contador
2025-12-04 06:37:52.248 12304-12341 SettingsGuardService    com.cdccreditsmart.app               W  ğŸš¨ SETTINGS DETECTADO! (count: 2)
2025-12-04 06:37:52.248 12304-12341 SettingsGuardService    com.cdccreditsmart.app               W     Pacote: com.android.settings
2025-12-04 06:37:52.248 12304-12341 SettingsGuardService    com.cdccreditsmart.app               W     Modo AGRESSIVO ativado!
2025-12-04 06:37:52.259 12304-12304 SettingsGuardService    com.cdccreditsmart.app               I  âœ… App trazido para foreground
2025-12-04 06:37:52.627 12304-12304 SettingsGuardService    com.cdccreditsmart.app               I  âœ… Overlay FULLSCREEN exibido
2025-12-04 06:37:52.687 12304-12341 SettingsGuardService    com.cdccreditsmart.app               I  âœ… App CDC em foreground - resetando contador
2025-12-04 06:37:53.370 12304-12317 HWUI                    com.cdccreditsmart.app               I  Davey! duration=838ms; Flags=1, FrameTimelineVsyncId=334195, IntendedVsync=12883789371653, Vsync=12884139371639, InputEventId=0, HandleInputStart=12884151744510, AnimationStart=12884151745480, PerformTraversalsStart=12884152539993, DrawStart=12884540808943, FrameDeadline=12883806038319, FrameStartTime=12884151560670, FrameInterval=16666666, WorkloadTarget=16666666, SyncQueued=12884547519405, SyncStart=12884644534448, IssueDrawCommandsStart=12884644705897, SwapBuffers=12884666562708, FrameCompleted=12884724969225, DequeueBufferDuration=2240, QueueBufferDuration=295491, GpuCompleted=12884724969225, SwapBuffersCompleted=12884711303204, DisplayPresentTime=288234774265332736, CommandSubmissionCompleted=12884666562708, 
2025-12-04 06:37:53.788 12304-12304 ImeTracker              com.cdccreditsmart.app               I  com.cdccreditsmart.app:34ae04e0: onCancelled at PHASE_CLIENT_ALREADY_HIDDEN
2025-12-04 06:37:58.018 12304-12508 FA                      com.cdccreditsmart.app               I  Application backgrounded at: timestamp_millis: 1764841076016
2025-12-04 06:38:06.660 12304-12341 SettingsGuardService    com.cdccreditsmart.app               W  ğŸš¨ SETTINGS DETECTADO! (count: 2)
2025-12-04 06:38:06.660 12304-12341 SettingsGuardService    com.cdccreditsmart.app               W     Pacote: com.android.settings
2025-12-04 06:38:06.660 12304-12341 SettingsGuardService    com.cdccreditsmart.app               W     Modo AGRESSIVO ativado!
2025-12-04 06:38:06.668 12304-12304 SettingsGuardService    com.cdccreditsmart.app               I  âœ… App trazido para foreground
2025-12-04 06:38:06.712 12304-12304 SettingsGuardService    com.cdccreditsmart.app               I  âœ… Overlay FULLSCREEN exibido
2025-12-04 06:38:07.255 12304-12341 SettingsGuardService    com.cdccreditsmart.app               I  âœ… App CDC em foreground - resetando contador
2025-12-04 06:38:07.739 12304-12304 ImeTracker              com.cdccreditsmart.app               I  com.cdccreditsmart.app:361dca48: onCancelled at PHASE_CLIENT_ALREADY_HIDDEN
2025-12-04 06:38:12.680 12304-12341 SettingsGuardService    com.cdccreditsmart.app               W  ğŸš¨ SETTINGS DETECTADO! (count: 2)
2025-12-04 06:38:12.680 12304-12341 SettingsGuardService    com.cdccreditsmart.app               W     Pacote: com.android.settings
2025-12-04 06:38:12.680 12304-12341 SettingsGuardService    com.cdccreditsmart.app               W     Modo AGRESSIVO ativado!
2025-12-04 06:38:12.688 12304-12304 SettingsGuardService    com.cdccreditsmart.app               I  âœ… App trazido para foreground
2025-12-04 06:38:12.947 12304-12304 SettingsGuardService    com.cdccreditsmart.app               I  âœ… Overlay FULLSCREEN exibido
2025-12-04 06:38:13.097 12304-12341 SettingsGuardService    com.cdccreditsmart.app               I  âœ… App CDC em foreground - resetando contador
2025-12-04 06:38:13.885 12304-12304 ImeTracker              com.cdccreditsmart.app               I  com.cdccreditsmart.app:784955a8: onCancelled at PHASE_CLIENT_ALREADY_HIDDEN
2025-12-04 06:38:44.056 12304-12304 PermissionGateScreen    com.cdccreditsmart.app               I  ğŸ“‹ PermissÃµes runtime faltando: 3
2025-12-04 06:38:44.056 12304-12304 PermissionGateScreen    com.cdccreditsmart.app               I     runtimeAlreadyAsked: false
2025-12-04 06:38:44.056 12304-12304 PermissionGateScreen    com.cdccreditsmart.app               I     - android.permission.RECEIVE_SMS
2025-12-04 06:38:44.056 12304-12304 PermissionGateScreen    com.cdccreditsmart.app               I     - android.permission.READ_SMS
2025-12-04 06:38:44.056 12304-12304 PermissionGateScreen    com.cdccreditsmart.app               I     - android.permission.READ_CONTACTS
2025-12-04 06:38:44.056 12304-12304 PermissionGateScreen    com.cdccreditsmart.app               I  ğŸ“± Primeira vez - lanÃ§ando diÃ¡logo de permissÃµes runtime
2025-12-04 06:38:44.289 12304-12304 PermissionGateScreen    com.cdccreditsmart.app               I  ğŸ“‹ Resultado das permissÃµes runtime:
2025-12-04 06:38:44.289 12304-12304 PermissionGateScreen    com.cdccreditsmart.app               I     âŒ android.permission.RECEIVE_SMS
2025-12-04 06:38:44.289 12304-12304 PermissionGateScreen    com.cdccreditsmart.app               I     âŒ android.permission.READ_SMS
2025-12-04 06:38:44.289 12304-12304 PermissionGateScreen    com.cdccreditsmart.app               I     âŒ android.permission.READ_CONTACTS
2025-12-04 06:38:44.290 12304-12304 PermissionGateScreen    com.cdccreditsmart.app               I  âœ… Runtime permissions atualizadas - faltam: 1
2025-12-04 06:38:44.402 12304-12304 ImeTracker              com.cdccreditsmart.app               I  com.cdccreditsmart.app:ed2a3d30: onCancelled at PHASE_CLIENT_ALREADY_HIDDEN
---------------------------- PROCESS ENDED (12304) for package com.cdccreditsmart.app ----------------------------
---------------------------- PROCESS STARTED (12784) for package com.cdccreditsmart.app ----------------------------
2025-12-04 06:39:54.444 12784-12784 creditsmart.app         com.cdccreditsmart.app               W  hiddenapi: DexFile /data/data/com.cdccreditsmart.app/code_cache/.studio/instruments-25d868d4.jar is in boot class path but is not in a known location
2025-12-04 06:39:54.507 12784-12784 creditsmart.app         com.cdccreditsmart.app               W  Redefining intrinsic method java.lang.Thread java.lang.Thread.currentThread(). This may cause the unexpected use of the original definition of java.lang.Thread java.lang.Thread.currentThread()in methods that have already been compiled.
2025-12-04 06:39:54.507 12784-12784 creditsmart.app         com.cdccreditsmart.app               W  Redefining intrinsic method boolean java.lang.Thread.interrupted(). This may cause the unexpected use of the original definition of boolean java.lang.Thread.interrupted()in methods that have already been compiled.
2025-12-04 06:39:54.731 12784-12784 creditsmart.app         com.cdccreditsmart.app               I  AssetManager2(0x7978a5e9d6f8) locale list changing from [] to [en-US]
2025-12-04 06:39:54.735 12784-12784 creditsmart.app         com.cdccreditsmart.app               I  AssetManager2(0x7978a5e98bf8) locale list changing from [] to [en-US]
2025-12-04 06:39:54.776 12784-12784 FirebaseApp             com.cdccreditsmart.app               I  Device unlocked: initializing all Firebase APIs for app [DEFAULT]
2025-12-04 06:39:54.791 12784-12784 FirebaseInitProvider    com.cdccreditsmart.app               I  FirebaseApp initialization successful
2025-12-04 06:39:54.850 12784-12804 ashmem                  com.cdccreditsmart.app               E  Pinning is deprecated since Android Q. Please use trim or other methods.
2025-12-04 06:39:54.855 12784-12784 CrashHandler            com.cdccreditsmart.app               I  âœ… Global crash handler instalado
2025-12-04 06:39:54.856 12784-12784 CDCApplication          com.cdccreditsmart.app               I  ğŸš€ CDC Credit Smart Application iniciando...
2025-12-04 06:39:54.856 12784-12784 CDCApplication          com.cdccreditsmart.app               I  ========================================
2025-12-04 06:39:54.856 12784-12784 CDCApplication          com.cdccreditsmart.app               I  ğŸ” Verificando status de Device Owner...
2025-12-04 06:39:54.856 12784-12784 CDCApplication          com.cdccreditsmart.app               I  Device Owner Status: âŒ NÃƒO
2025-12-04 06:39:54.856 12784-12784 CDCApplication          com.cdccreditsmart.app               I  Package Name: com.cdccreditsmart.app
2025-12-04 06:39:54.856 12784-12784 CDCApplication          com.cdccreditsmart.app               E  
2025-12-04 06:39:54.856 12784-12784 CDCApplication          com.cdccreditsmart.app               E  â•”â•â•â•â•â•â•â•â•â•â•â•â•â•â•â•â•â•â•â•â•â•â•â•â•â•â•â•â•â•â•â•â•â•â•â•â•â•â•â•â•â•â•â•â•â•â•â•â•â•â•â•â•â•â•â•â•â•—
2025-12-04 06:39:54.856 12784-12784 CDCApplication          com.cdccreditsmart.app               E  â•‘  âš ï¸  APP NÃƒO ESTÃ PROVISIONADO COMO DEVICE OWNER  âš ï¸   â•‘
2025-12-04 06:39:54.856 12784-12784 CDCApplication          com.cdccreditsmart.app               E  â• â•â•â•â•â•â•â•â•â•â•â•â•â•â•â•â•â•â•â•â•â•â•â•â•â•â•â•â•â•â•â•â•â•â•â•â•â•â•â•â•â•â•â•â•â•â•â•â•â•â•â•â•â•â•â•â•â•£
2025-12-04 06:39:54.856 12784-12784 CDCApplication          com.cdccreditsmart.app               E  â•‘  O app precisa ser provisionado como Device Owner      â•‘
2025-12-04 06:39:54.856 12784-12784 CDCApplication          com.cdccreditsmart.app               E  â•‘  ANTES de poder conceder permissÃµes automaticamente.   â•‘
2025-12-04 06:39:54.856 12784-12784 CDCApplication          com.cdccreditsmart.app               E  â•‘                                                        â•‘
2025-12-04 06:39:54.856 12784-12784 CDCApplication          com.cdccreditsmart.app               E  â•‘  Provisione o dispositivo usando um dos mÃ©todos:       â•‘
2025-12-04 06:39:54.856 12784-12784 CDCApplication          com.cdccreditsmart.app               E  â•‘  1. ADB: adb shell dpm set-device-owner ...           â•‘
2025-12-04 06:39:54.856 12784-12784 CDCApplication          com.cdccreditsmart.app               E  â•‘  2. QR Code durante setup inicial                      â•‘
2025-12-04 06:39:54.857 12784-12784 CDCApplication          com.cdccreditsmart.app               E  â•‘  3. NFC durante setup inicial                          â•‘
2025-12-04 06:39:54.857 12784-12784 CDCApplication          com.cdccreditsmart.app               E  â•‘  4. Samsung Knox Mobile Enrollment                     â•‘
2025-12-04 06:39:54.857 12784-12784 CDCApplication          com.cdccreditsmart.app               E  â•šâ•â•â•â•â•â•â•â•â•â•â•â•â•â•â•â•â•â•â•â•â•â•â•â•â•â•â•â•â•â•â•â•â•â•â•â•â•â•â•â•â•â•â•â•â•â•â•â•â•â•â•â•â•â•â•â•â•
2025-12-04 06:39:54.857 12784-12784 CDCApplication          com.cdccreditsmart.app               E  
2025-12-04 06:39:54.857 12784-12784 CDCApplication          com.cdccreditsmart.app               I  ========================================
2025-12-04 06:39:54.858 12784-12784 AppProtectionManager    com.cdccreditsmart.app               I  
2025-12-04 06:39:54.858 12784-12784 AppProtectionManager    com.cdccreditsmart.app               I  â•”â•â•â•â•â•â•â•â•â•â•â•â•â•â•â•â•â•â•â•â•â•â•â•â•â•â•â•â•â•â•â•â•â•â•â•â•â•â•â•â•â•â•â•â•â•â•â•â•â•â•â•â•â•â•â•â•â•â•â•â•â•â•â•â•â•—
2025-12-04 06:39:54.858 12784-12784 AppProtectionManager    com.cdccreditsmart.app               I  â•‘     ğŸ›¡ï¸ APLICANDO MELHOR PROTEÃ‡ÃƒO DISPONÃVEL                    â•‘
2025-12-04 06:39:54.858 12784-12784 AppProtectionManager    com.cdccreditsmart.app               I  â•‘           CDC CREDIT SMART - PROTEÃ‡ÃƒO EM CAMADAS              â•‘
2025-12-04 06:39:54.858 12784-12784 AppProtectionManager    com.cdccreditsmart.app               I  â•šâ•â•â•â•â•â•â•â•â•â•â•â•â•â•â•â•â•â•â•â•â•â•â•â•â•â•â•â•â•â•â•â•â•â•â•â•â•â•â•â•â•â•â•â•â•â•â•â•â•â•â•â•â•â•â•â•â•â•â•â•â•â•â•â•â•
2025-12-04 06:39:54.858 12784-12784 AppProtectionManager    com.cdccreditsmart.app               I  
2025-12-04 06:39:54.859 12784-12784 AppProtectionManager    com.cdccreditsmart.app               I  ğŸ“‹ STATUS ATUAL:
2025-12-04 06:39:54.859 12784-12784 AppProtectionManager    com.cdccreditsmart.app               I     Device Owner: NÃƒO
2025-12-04 06:39:54.859 12784-12784 AppProtectionManager    com.cdccreditsmart.app               I     Device Admin: SIM
2025-12-04 06:39:54.859 12784-12784 AppProtectionManager    com.cdccreditsmart.app               I  
2025-12-04 06:39:54.859 12784-12784 AppProtectionManager    com.cdccreditsmart.app               I  ğŸ” NÃVEL: DEVICE ADMIN (ProteÃ§Ã£o Parcial)
2025-12-04 06:39:54.859 12784-12784 AppProtectionManager    com.cdccreditsmart.app               I  ========================================
2025-12-04 06:39:54.859 12784-12784 AppProtectionManager    com.cdccreditsmart.app               I  ğŸ” APLICANDO PROTEÃ‡Ã•ES DE DEVICE ADMIN
2025-12-04 06:39:54.859 12784-12784 AppProtectionManager    com.cdccreditsmart.app               I  ========================================
2025-12-04 06:39:54.859 12784-12784 AppProtectionManager    com.cdccreditsmart.app               I  [1/3] Device Admin ativo - desinstalaÃ§Ã£o requer desativar admin primeiro
2025-12-04 06:39:54.859 12784-12784 AppProtectionManager    com.cdccreditsmart.app               I        â†’ UsuÃ¡rio precisa ir em Settings > Security > Device Admins
2025-12-04 06:39:54.859 12784-12784 AppProtectionManager    com.cdccreditsmart.app               I        â†’ Desativar 'CDC Credit Smart' antes de desinstalar
2025-12-04 06:39:54.859 12784-12784 AppProtectionManager    com.cdccreditsmart.app               I  
2025-12-04 06:39:54.859 12784-12784 AppProtectionManager    com.cdccreditsmart.app               I  [2/3] Aplicando persistÃªncia bÃ¡sica...
2025-12-04 06:39:54.859 12784-12784 AppProtectionManager    com.cdccreditsmart.app               I     Iniciando serviÃ§os de persistÃªncia...
2025-12-04 06:39:54.865 12784-12784 AppProtectionManager    com.cdccreditsmart.app               I     âœ… Foreground Service iniciado
2025-12-04 06:39:54.879 12784-12784 AppProtectionManager    com.cdccreditsmart.app               I     âœ… ServiceWatchdog agendado (15 min)
2025-12-04 06:39:54.879 12784-12784 AppProtectionManager    com.cdccreditsmart.app               I  
2025-12-04 06:39:54.879 12784-12784 AppProtectionManager    com.cdccreditsmart.app               I  [3/3] ProteÃ§Ãµes de Device Admin limitadas:
2025-12-04 06:39:54.879 12784-12784 AppProtectionManager    com.cdccreditsmart.app               I        âŒ setUninstallBlocked: Requer Device Owner
2025-12-04 06:39:54.879 12784-12784 AppProtectionManager    com.cdccreditsmart.app               I        âŒ setUserControlDisabledPackages: Requer Device Owner
2025-12-04 06:39:54.879 12784-12784 AppProtectionManager    com.cdccreditsmart.app               I        âŒ addUserRestriction: Requer Device Owner
2025-12-04 06:39:54.879 12784-12784 AppProtectionManager    com.cdccreditsmart.app               I        âœ… DesinstalaÃ§Ã£o requer desativar admin primeiro
2025-12-04 06:39:54.879 12784-12784 AppProtectionManager    com.cdccreditsmart.app               I        âœ… Foreground Service mantÃ©m app ativo
2025-12-04 06:39:54.879 12784-12784 AppProtectionManager    com.cdccreditsmart.app               I        âœ… WorkManager mantÃ©m tarefas executando
2025-12-04 06:39:54.879 12784-12784 AppProtectionManager    com.cdccreditsmart.app               I  ========================================
2025-12-04 06:39:54.879 12784-12784 AppProtectionManager    com.cdccreditsmart.app               I  ğŸ“Š RESUMO: Device Admin ativo com proteÃ§Ãµes parciais
2025-12-04 06:39:54.879 12784-12784 AppProtectionManager    com.cdccreditsmart.app               I  ========================================
2025-12-04 06:39:54.879 12784-12784 AppProtectionManager    com.cdccreditsmart.app               I  
2025-12-04 06:39:54.879 12784-12784 CDCApplication          com.cdccreditsmart.app               I  
2025-12-04 06:39:54.879 12784-12784 CDCApplication          com.cdccreditsmart.app               I  â•”â•â•â•â•â•â•â•â•â•â•â•â•â•â•â•â•â•â•â•â•â•â•â•â•â•â•â•â•â•â•â•â•â•â•â•â•â•â•â•â•â•â•â•â•â•â•â•â•â•â•â•â•â•â•â•â•â•â•â•â•â•—
2025-12-04 06:39:54.879 12784-12784 CDCApplication          com.cdccreditsmart.app               I  â•‘     RESULTADO DA APLICAÃ‡ÃƒO DE PROTEÃ‡Ã•ES                    â•‘
2025-12-04 06:39:54.879 12784-12784 CDCApplication          com.cdccreditsmart.app               I  â•šâ•â•â•â•â•â•â•â•â•â•â•â•â•â•â•â•â•â•â•â•â•â•â•â•â•â•â•â•â•â•â•â•â•â•â•â•â•â•â•â•â•â•â•â•â•â•â•â•â•â•â•â•â•â•â•â•â•â•â•â•â•
2025-12-04 06:39:54.879 12784-12784 CDCApplication          com.cdccreditsmart.app               I     NÃ­vel: DEVICE_ADMIN
2025-12-04 06:39:54.879 12784-12784 CDCApplication          com.cdccreditsmart.app               I     ProteÃ§Ãµes aplicadas: 2
2025-12-04 06:39:54.879 12784-12784 CDCApplication          com.cdccreditsmart.app               I     Status: PROTEÃ‡ÃƒO PARCIAL (Device Admin)
2025-12-04 06:39:54.879 12784-12784 CDCApplication          com.cdccreditsmart.app               I     DesinstalaÃ§Ã£o requer desativar admin primeiro
2025-12-04 06:39:54.880 12784-12784 CDCApplication          com.cdccreditsmart.app               I  â•šâ•â•â•â•â•â•â•â•â•â•â•â•â•â•â•â•â•â•â•â•â•â•â•â•â•â•â•â•â•â•â•â•â•â•â•â•â•â•â•â•â•â•â•â•â•â•â•â•â•â•â•â•â•â•â•â•â•â•â•â•â•
2025-12-04 06:39:54.880 12784-12784 CDCApplication          com.cdccreditsmart.app               I  
2025-12-04 06:39:54.880 12784-12784 TamperDetection         com.cdccreditsmart.app               I  ========================================
2025-12-04 06:39:54.880 12784-12784 TamperDetection         com.cdccreditsmart.app               I  ğŸ” VERIFICANDO INTEGRIDADE DO DISPOSITIVO
2025-12-04 06:39:54.880 12784-12784 TamperDetection         com.cdccreditsmart.app               I  ========================================
2025-12-04 06:39:54.882 12784-12800 creditsmart.app         com.cdccreditsmart.app               W  ClassLoaderContext classpath size mismatch. expected=1, found=0 (DLC[];PCL[base.apk*630649996]{PCL[/system/framework/org.apache.http.legacy.jar*4247870504]#PCL[/system/framework/com.android.media.remotedisplay.jar*487574312]#PCL[/system/framework/com.android.location.provider.jar*1570284764]#PCL[/system_ext/framework/androidx.window.extensions.jar*1030441313]#PCL[/system_ext/framework/androidx.window.sidecar.jar*3860983653]} | DLC[];PCL[])
2025-12-04 06:39:54.925 12784-12800 DynamiteModule          com.cdccreditsmart.app               I  Considering local module com.google.android.gms.measurement.dynamite:127 and remote module com.google.android.gms.measurement.dynamite:170
2025-12-04 06:39:54.929 12784-12800 DynamiteModule          com.cdccreditsmart.app               I  Selected remote version of com.google.android.gms.measurement.dynamite, version >= 170
2025-12-04 06:39:54.971 12784-12800 System                  com.cdccreditsmart.app               W  ClassLoader referenced unknown path: 
2025-12-04 06:39:54.981 12784-12800 creditsmart.app         com.cdccreditsmart.app               I  AssetManager2(0x7978a5e9c438) locale list changing from [] to [en-US]
2025-12-04 06:39:54.996 12784-12784 TamperDetection         com.cdccreditsmart.app               I  âœ… Primeira instalaÃ§Ã£o detectada
2025-12-04 06:39:54.996 12784-12784 TamperDetection         com.cdccreditsmart.app               I     Token e deviceId nÃ£o existem - app nunca foi pareado
2025-12-04 06:39:54.996 12784-12784 TamperDetection         com.cdccreditsmart.app               I  ========================================
2025-12-04 06:39:55.003 12784-12800 creditsmart.app         com.cdccreditsmart.app               W  ClassLoaderContext classpath size mismatch. expected=1, found=2 (DLC[];PCL[base.apk*630649996]{PCL[/system/framework/org.apache.http.legacy.jar*4247870504]#PCL[/system/framework/com.android.media.remotedisplay.jar*487574312]#PCL[/system/framework/com.android.location.provider.jar*1570284764]#PCL[/system_ext/framework/androidx.window.extensions.jar*1030441313]#PCL[/system_ext/framework/androidx.window.sidecar.jar*3860983653]} | DLC[];PCL[/data/data/com.cdccreditsmart.app/code_cache/.overlay/base.apk/classes29.dex*735801701:/data/app/~~MvL9_zaWyU9snlVGrSqsfg==/com.cdccreditsmart.app-m3coObamiRb5uQUxEAXunA==/base.apk*2825262010])
2025-12-04 06:39:55.008 12784-12784 TamperDetection         com.cdccreditsmart.app               I  
2025-12-04 06:39:55.008 12784-12784 TamperDetection         com.cdccreditsmart.app               I  â•”â•â•â•â•â•â•â•â•â•â•â•â•â•â•â•â•â•â•â•â•â•â•â•â•â•â•â•â•â•â•â•â•â•â•â•â•â•â•â•â•â•â•â•â•â•â•â•â•â•â•â•â•â•â•â•â•â•—
2025-12-04 06:39:55.008 12784-12784 TamperDetection         com.cdccreditsmart.app               I  â•‘    ğŸ“¡ REPORTAR BOOT AO BACKEND                        â•‘
2025-12-04 06:39:55.008 12784-12784 TamperDetection         com.cdccreditsmart.app               I  â• â•â•â•â•â•â•â•â•â•â•â•â•â•â•â•â•â•â•â•â•â•â•â•â•â•â•â•â•â•â•â•â•â•â•â•â•â•â•â•â•â•â•â•â•â•â•â•â•â•â•â•â•â•â•â•â•â•£
2025-12-04 06:39:55.009 12784-12784 TamperDetection         com.cdccreditsmart.app               I  â•‘  Device Fingerprint: CDC_-1244237****      â•‘
2025-12-04 06:39:55.010 12784-12784 TamperDetection         com.cdccreditsmart.app               I  â•‘  Boot Timestamp: 1764841195009          â•‘
2025-12-04 06:39:55.010 12784-12784 TamperDetection         com.cdccreditsmart.app               I  â•‘                                                        â•‘
2025-12-04 06:39:55.010 12784-12784 TamperDetection         com.cdccreditsmart.app               I  â•‘  Backend detectarÃ¡ factory reset comparando:          â•‘
2025-12-04 06:39:55.010 12784-12784 TamperDetection         com.cdccreditsmart.app               I  â•‘  â€¢ Fingerprint histÃ³rico vs atual                     â•‘
2025-12-04 06:39:55.010 12784-12784 TamperDetection         com.cdccreditsmart.app               I  â•‘  â€¢ Timestamp do Ãºltimo boot vs agora                  â•‘
2025-12-04 06:39:55.010 12784-12784 TamperDetection         com.cdccreditsmart.app               I  â•‘  â€¢ Token vÃ¡lido vs ausente                            â•‘
2025-12-04 06:39:55.010 12784-12784 TamperDetection         com.cdccreditsmart.app               I  â•šâ•â•â•â•â•â•â•â•â•â•â•â•â•â•â•â•â•â•â•â•â•â•â•â•â•â•â•â•â•â•â•â•â•â•â•â•â•â•â•â•â•â•â•â•â•â•â•â•â•â•â•â•â•â•â•â•â•
2025-12-04 06:39:55.010 12784-12784 TamperDetection         com.cdccreditsmart.app               I  
2025-12-04 06:39:55.010 12784-12784 TamperDetection         com.cdccreditsmart.app               I  âš ï¸ TODO: Implementar POST /api/security/device-boot
2025-12-04 06:39:55.011 12784-12800 creditsmart.app         com.cdccreditsmart.app               I  AssetManager2(0x7978a5ea4458) locale list changing from [] to [en-US]
2025-12-04 06:39:55.013 12784-12800 creditsmart.app         com.cdccreditsmart.app               I  AssetManager2(0x7978a5ea5718) locale list changing from [] to [en-US]
2025-12-04 06:39:55.017 12784-12811 CDCApplication          com.cdccreditsmart.app               I  ğŸ”’ Verificando status do SIM no boot da aplicaÃ§Ã£o...
2025-12-04 06:39:55.018 12784-12811 SimSwapManager          com.cdccreditsmart.app               I  ========================================
2025-12-04 06:39:55.018 12784-12811 SimSwapManager          com.cdccreditsmart.app               I  ğŸ”’ SIM SWAP: Iniciando verificaÃ§Ã£o de status do SIM
2025-12-04 06:39:55.018 12784-12811 SimSwapManager          com.cdccreditsmart.app               I  ========================================
2025-12-04 06:39:55.049 12784-12816 creditsmart.app         com.cdccreditsmart.app               I  hiddenapi: Accessing hidden method Ldalvik/system/VMStack;->getStackClass2()Ljava/lang/Class; (runtime_flags=0, domain=core-platform, api=unsupported) from Lm7/aox; (domain=app) using reflection: allowed
2025-12-04 06:39:55.054 12784-12815 creditsmart.app         com.cdccreditsmart.app               E  No package ID 6a found for resource ID 0x6a0b0013.
2025-12-04 06:39:55.055 12784-12815 FA                      com.cdccreditsmart.app               I  App measurement initialized, version: 146007
2025-12-04 06:39:55.055 12784-12815 FA                      com.cdccreditsmart.app               I  To enable debug logging run: adb shell setprop log.tag.FA VERBOSE
2025-12-04 06:39:55.055 12784-12815 FA                      com.cdccreditsmart.app               I  To enable faster debug mode event logging run:
                                                                                                      adb shell setprop debug.firebase.analytics.app com.cdccreditsmart.app
2025-12-04 06:39:55.057 12784-12816 PhClient                com.cdccreditsmart.app               I  Unable to retrieve flag snapshot for com.google.android.gms.measurement#com.cdccreditsmart.app, using defaults.
2025-12-04 06:39:55.083 12784-12811 SimSwapDetector         com.cdccreditsmart.app               W  ğŸ”’ SIM SWAP: ICCID vazio no SubscriptionInfo
2025-12-04 06:39:55.124 12784-12811 SimSwapDetector         com.cdccreditsmart.app               E  ğŸ”’ SIM SWAP: SecurityException no fallback (Ask Gemini)
                                                                                                    java.lang.SecurityException: getIccSerialNumber: The uid 10225 does not meet the requirements to access device identifiers.
                                                                                                    	at android.os.Parcel.createExceptionOrNull(Parcel.java:3340)
                                                                                                    	at android.os.Parcel.createException(Parcel.java:3324)
                                                                                                    	at android.os.Parcel.readException(Parcel.java:3307)
                                                                                                    	at android.os.Parcel.readException(Parcel.java:3249)
                                                                                                    	at com.android.internal.telephony.IPhoneSubInfo$Stub$Proxy.getIccSerialNumberForSubscriber(IPhoneSubInfo.java:1331)
                                                                                                    	at android.telephony.TelephonyManager.getSimSerialNumber(TelephonyManager.java:4332)
                                                                                                    	at android.telephony.TelephonyManager.getSimSerialNumber(TelephonyManager.java:4289)
                                                                                                    	at com.cdccreditsmart.app.security.SimSwapDetector.getSimSerialFallback(SimSwapDetector.kt:123)
                                                                                                    	at com.cdccreditsmart.app.security.SimSwapDetector.getCurrentSimSerial(SimSwapDetector.kt:95)
                                                                                                    	at com.cdccreditsmart.app.security.SimSwapDetector.getSimInfo(SimSwapDetector.kt:256)
                                                                                                    	at com.cdccreditsmart.app.security.SimSwapManager$checkSimStatus$2.invokeSuspend(SimSwapManager.kt:143)
                                                                                                    	at kotlin.coroutines.jvm.internal.BaseContinuationImpl.resumeWith(ContinuationImpl.kt:34)
                                                                                                    	at kotlinx.coroutines.DispatchedTask.run(DispatchedTask.kt:108)
                                                                                                    	at kotlinx.coroutines.internal.LimitedDispatcher$Worker.run(LimitedDispatcher.kt:115)
                                                                                                    	at kotlinx.coroutines.scheduling.TaskImpl.run(Tasks.kt:103)
                                                                                                    	at kotlinx.coroutines.scheduling.CoroutineScheduler.runSafely(CoroutineScheduler.kt:584)
                                                                                                    	at kotlinx.coroutines.scheduling.CoroutineScheduler$Worker.executeTask(CoroutineScheduler.kt:793)
                                                                                                    	at kotlinx.coroutines.scheduling.CoroutineScheduler$Worker.runWorker(CoroutineScheduler.kt:697)
                                                                                                    	at kotlinx.coroutines.scheduling.CoroutineScheduler$Worker.run(CoroutineScheduler.kt:684)
2025-12-04 06:39:55.147 12784-12811 SimSwapDetector         com.cdccreditsmart.app               I  ğŸ”’ SIM SWAP: InformaÃ§Ãµes do SIM coletadas:
2025-12-04 06:39:55.147 12784-12811 SimSwapDetector         com.cdccreditsmart.app               I     Serial: nÃ£o disponÃ­vel...
2025-12-04 06:39:55.147 12784-12811 SimSwapDetector         com.cdccreditsmart.app               I     Operadora: T-Mobile
2025-12-04 06:39:55.147 12784-12811 SimSwapDetector         com.cdccreditsmart.app               I     SIM ativo: false
2025-12-04 06:39:55.147 12784-12811 SimSwapManager          com.cdccreditsmart.app               W  ğŸ”’ SIM SWAP: Nenhum SIM ativo detectado - sem aÃ§Ã£o necessÃ¡ria
2025-12-04 06:39:55.147 12784-12811 SimSwapManager          com.cdccreditsmart.app               I  ========================================
2025-12-04 06:39:55.157 12784-12811 CDCApplication          com.cdccreditsmart.app               I  âœ… VerificaÃ§Ã£o de SIM swap concluÃ­da com sucesso
2025-12-04 06:39:55.182 12784-12784 ContractCodeStorage     com.cdccreditsmart.app               W  No valid contract code found in any location
2025-12-04 06:39:55.183 12784-12784 CDCApplication          com.cdccreditsmart.app               I  â¸ï¸ Sem tokens - aguardando pairing para iniciar serviÃ§o MDM
2025-12-04 06:39:55.187 12784-12784 AutoBlockingWorker      com.cdccreditsmart.app               I  âœ… VerificaÃ§Ã£o automÃ¡tica de bloqueio agendada (diariamente Ã s 00:00)
2025-12-04 06:39:55.187 12784-12784 AutoBlockingWorker      com.cdccreditsmart.app               I     PrÃ³xima execuÃ§Ã£o em: 860 minutos
2025-12-04 06:39:55.187 12784-12784 CDCApplication          com.cdccreditsmart.app               I  ğŸ“… Agendando overlay automÃ¡tico com intervalo progressivo...
2025-12-04 06:39:55.189 12784-12784 PeriodicOverlayWorker   com.cdccreditsmart.app               I  ğŸ“… Agendando overlay automÃ¡tico com INTERVALO PROGRESSIVO
2025-12-04 06:39:55.189 12784-12784 PeriodicOverlayWorker   com.cdccreditsmart.app               I     1-4 dias de atraso: a cada 10 minutos
2025-12-04 06:39:55.189 12784-12784 PeriodicOverlayWorker   com.cdccreditsmart.app               I     5-14 dias de atraso: a cada 5 minutos
2025-12-04 06:39:55.189 12784-12784 PeriodicOverlayWorker   com.cdccreditsmart.app               I     15+ dias de atraso: a cada 3 minutos
2025-12-04 06:39:55.189 12784-12784 WM-WorkSpec             com.cdccreditsmart.app               W  Interval duration lesser than minimum allowed value; Changed to 900000
2025-12-04 06:39:55.189 12784-12784 WM-WorkSpec             com.cdccreditsmart.app               W  Flex duration lesser than minimum allowed value; Changed to 300000
2025-12-04 06:39:55.189 12784-12784 PeriodicOverlayWorker   com.cdccreditsmart.app               I  âœ… Overlay automÃ¡tico agendado com sucesso
2025-12-04 06:39:55.189 12784-12784 CDCApplication          com.cdccreditsmart.app               I  ğŸ”’ Iniciando sistema Keep Alive...
2025-12-04 06:39:55.194 12784-12784 KeepAliveManager        com.cdccreditsmart.app               I  ğŸ”’ ========================================
2025-12-04 06:39:55.194 12784-12784 KeepAliveManager        com.cdccreditsmart.app               I  ğŸ”’ INICIANDO SISTEMA KEEP ALIVE
2025-12-04 06:39:55.194 12784-12784 KeepAliveManager        com.cdccreditsmart.app               I  ğŸ”’ ========================================
2025-12-04 06:39:55.194 12784-12784 KeepAliveManager        com.cdccreditsmart.app               I  âœ… ServiceWatchdogWorker agendado (15min)
2025-12-04 06:39:55.196 12784-12784 KeepAliveManager        com.cdccreditsmart.app               I  âœ… AlarmManager wakeup agendado (10min)
2025-12-04 06:39:55.196 12784-12784 KeepAliveManager        com.cdccreditsmart.app               I  ğŸ”‹ Tentando desativar otimizaÃ§Ã£o de bateria automaticamente...
2025-12-04 06:39:55.196 12784-12784 KeepAliveManager        com.cdccreditsmart.app               I  ğŸ”‹ App NÃƒO Ã© Device Owner - abrindo configuraÃ§Ãµes do sistema
2025-12-04 06:39:55.204 12784-12784 KeepAliveManager        com.cdccreditsmart.app               I  âœ… Tela de isenÃ§Ã£o de bateria aberta para o usuÃ¡rio
2025-12-04 06:39:55.204 12784-12784 KeepAliveManager        com.cdccreditsmart.app               I  ğŸ”’ Sistema Keep Alive ativo
2025-12-04 06:39:55.204 12784-12784 KeepAliveManager        com.cdccreditsmart.app               I  ğŸ”’ - WorkManager: verificaÃ§Ã£o a cada 15min
2025-12-04 06:39:55.204 12784-12784 KeepAliveManager        com.cdccreditsmart.app               I  ğŸ”’ - AlarmManager: wakeup a cada 10min
2025-12-04 06:39:55.204 12784-12784 KeepAliveManager        com.cdccreditsmart.app               I  ğŸ”’ ========================================
2025-12-04 06:39:55.204 12784-12784 CDCApplication          com.cdccreditsmart.app               I  ğŸ“Š Keep Alive Stats:
2025-12-04 06:39:55.204 12784-12784 CDCApplication          com.cdccreditsmart.app               I     - Restarts anteriores: 0
2025-12-04 06:39:55.204 12784-12784 CDCApplication          com.cdccreditsmart.app               I     - OtimizaÃ§Ã£o bateria: SIM (ruim)
2025-12-04 06:39:55.535 12784-12784 BootReceiver            com.cdccreditsmart.app               I  ğŸš€ Dispositivo iniciado - starting CdcForegroundService
2025-12-04 06:39:55.561 12784-12784 CdcForegroundService    com.cdccreditsmart.app               I  âœ… ServiÃ§o iniciado via startService()
2025-12-04 06:39:55.563 12784-12784 Choreographer           com.cdccreditsmart.app               I  Skipped 41 frames!  The application may be doing too much work on its main thread.
2025-12-04 06:39:55.569 12784-12784 CdcForegroundService    com.cdccreditsmart.app               I  âœ… ScreenStateReceiver registrado
2025-12-04 06:39:55.587 12784-12784 CdcForegroundService    com.cdccreditsmart.app               I  âœ… Foreground Service ativo (Android 12+)
2025-12-04 06:39:55.590 12784-12813 CdcForegroundService    com.cdccreditsmart.app               I  ğŸ”§ ========================================
2025-12-04 06:39:55.590 12784-12813 CdcForegroundService    com.cdccreditsmart.app               I  ğŸ”§ INICIANDO initializeServices()...
2025-12-04 06:39:55.590 12784-12813 CdcForegroundService    com.cdccreditsmart.app               I  ğŸ”§ ========================================
2025-12-04 06:39:55.590 12784-12813 CdcForegroundService    com.cdccreditsmart.app               I  ğŸ¢ ========================================
2025-12-04 06:39:55.590 12784-12813 CdcForegroundService    com.cdccreditsmart.app               I  ğŸ¢ APLICANDO POLÃTICAS DE AMBIENTE DE TRABALHO
2025-12-04 06:39:55.590 12784-12813 CdcForegroundService    com.cdccreditsmart.app               I  ğŸ¢ ========================================
2025-12-04 06:39:55.591 12784-12813 WorkPolicyManager       com.cdccreditsmart.app               I  
2025-12-04 06:39:55.591 12784-12813 WorkPolicyManager       com.cdccreditsmart.app               I  â•”â•â•â•â•â•â•â•â•â•â•â•â•â•â•â•â•â•â•â•â•â•â•â•â•â•â•â•â•â•â•â•â•â•â•â•â•â•â•â•â•â•â•â•â•â•â•â•â•â•â•â•â•â•â•â•â•â•â•â•â•â•â•â•â•â•—
2025-12-04 06:39:55.591 12784-12813 WorkPolicyManager       com.cdccreditsmart.app               I  â•‘  ğŸ¢ APLICANDO POLÃTICAS DE AMBIENTE DE TRABALHO                â•‘
2025-12-04 06:39:55.591 12784-12813 WorkPolicyManager       com.cdccreditsmart.app               I  â•‘     CDC CREDIT SMART - PROTEÃ‡ÃƒO EMPRESARIAL                    â•‘
2025-12-04 06:39:55.591 12784-12813 WorkPolicyManager       com.cdccreditsmart.app               I  â•šâ•â•â•â•â•â•â•â•â•â•â•â•â•â•â•â•â•â•â•â•â•â•â•â•â•â•â•â•â•â•â•â•â•â•â•â•â•â•â•â•â•â•â•â•â•â•â•â•â•â•â•â•â•â•â•â•â•â•â•â•â•â•â•â•â•
2025-12-04 06:39:55.591 12784-12813 WorkPolicyManager       com.cdccreditsmart.app               I  
2025-12-04 06:39:55.597 12784-12813 WorkPolicyManager       com.cdccreditsmart.app               I  ğŸ“‹ STATUS DO DISPOSITIVO:
2025-12-04 06:39:55.597 12784-12813 WorkPolicyManager       com.cdccreditsmart.app               I     Device Owner: âŒ NÃƒO
2025-12-04 06:39:55.597 12784-12813 WorkPolicyManager       com.cdccreditsmart.app               I     Device Admin: âœ… SIM
2025-12-04 06:39:55.597 12784-12813 WorkPolicyManager       com.cdccreditsmart.app               I  
2025-12-04 06:39:55.597 12784-12813 WorkPolicyManager       com.cdccreditsmart.app               I  â•â•â•â•â•â•â•â•â•â•â•â•â•â•â•â•â•â•â•â•â•â•â•â•â•â•â•â•â•â•â•â•â•â•â•â•â•â•â•â•â•â•â•â•â•â•â•â•â•â•â•â•â•â•â•â•â•â•â•â•â•â•â•
2025-12-04 06:39:55.597 12784-12813 WorkPolicyManager       com.cdccreditsmart.app               I  ğŸ›¡ï¸ MODO DEVICE ADMIN - PROTEÃ‡ÃƒO PARCIAL
2025-12-04 06:39:55.597 12784-12813 WorkPolicyManager       com.cdccreditsmart.app               I  â•â•â•â•â•â•â•â•â•â•â•â•â•â•â•â•â•â•â•â•â•â•â•â•â•â•â•â•â•â•â•â•â•â•â•â•â•â•â•â•â•â•â•â•â•â•â•â•â•â•â•â•â•â•â•â•â•â•â•â•â•â•â•
2025-12-04 06:39:55.597 12784-12813 WorkPolicyManager       com.cdccreditsmart.app               I  
2025-12-04 06:39:55.597 12784-12813 WorkPolicyManager       com.cdccreditsmart.app               W  âš ï¸ LIMITAÃ‡Ã•ES DO DEVICE ADMIN:
2025-12-04 06:39:55.597 12784-12813 WorkPolicyManager       com.cdccreditsmart.app               W     â€¢ NÃ£o pode bloquear desinstalaÃ§Ã£o completamente
2025-12-04 06:39:55.597 12784-12784 CdcForegroundService    com.cdccreditsmart.app               I  âœ… Foreground Service ativo (Android 12+)
2025-12-04 06:39:55.597 12784-12813 WorkPolicyManager       com.cdccreditsmart.app               W     â€¢ NÃ£o pode bloquear Factory Reset via Settings
2025-12-04 06:39:55.597 12784-12813 WorkPolicyManager       com.cdccreditsmart.app               W     â€¢ NÃ£o pode desativar controles do usuÃ¡rio
2025-12-04 06:39:55.597 12784-12813 WorkPolicyManager       com.cdccreditsmart.app               W     â€¢ ProteÃ§Ãµes limitadas Ã s APIs de Device Admin
2025-12-04 06:39:55.597 12784-12813 WorkPolicyManager       com.cdccreditsmart.app               I  
2025-12-04 06:39:55.597 12784-12813 WorkPolicyManager       com.cdccreditsmart.app               I  ğŸ” [1/4] POLÃTICAS DE SENHA
2025-12-04 06:39:55.597 12784-12813 WorkPolicyManager       com.cdccreditsmart.app               I  â”€â”€â”€â”€â”€â”€â”€â”€â”€â”€â”€â”€â”€â”€â”€â”€â”€â”€â”€â”€â”€â”€â”€â”€â”€â”€â”€â”€â”€â”€â”€â”€â”€â”€â”€â”€â”€â”€â”€â”€â”€â”€â”€â”€â”€â”€â”€â”€â”€â”€â”€â”€â”€â”€â”€â”€â”€â”€â”€â”€â”€â”€â”€
2025-12-04 06:39:55.597 12784-12813 WorkPolicyManager       com.cdccreditsmart.app               I     âœ… PolÃ­ticas de senha configuradas (Device Admin)
2025-12-04 06:39:55.597 12784-12813 WorkPolicyManager       com.cdccreditsmart.app               I  
2025-12-04 06:39:55.597 12784-12813 WorkPolicyManager       com.cdccreditsmart.app               I  ğŸ“± [2/4] PROTEÃ‡Ã•ES DE PERSISTÃŠNCIA
