                                                                                                    	at retrofit2.converter.moshi.MoshiResponseBodyConverter.convert(MoshiResponseBodyConverter.java:46)
                                                                                                    	at retrofit2.converter.moshi.MoshiResponseBodyConverter.convert(MoshiResponseBodyConverter.java:27)
                                                                                                    	at retrofit2.OkHttpCall.parseResponse(OkHttpCall.java:246)
                                                                                                    	at retrofit2.OkHttpCall$1.onResponse(OkHttpCall.java:156)
                                                                                                    	at okhttp3.internal.connection.RealCall$AsyncCall.run(RealCall.kt:519)
                                                                                                    	at java.util.concurrent.ThreadPoolExecutor.runWorker(ThreadPoolExecutor.java:1145)
                                                                                                    	at java.util.concurrent.ThreadPoolExecutor$Worker.run(ThreadPoolExecutor.java:644)
                                                                                                    	at java.lang.Thread.run(Thread.java:1012)
---------------------------- PROCESS ENDED (4396) for package com.cdccreditsmart.app ----------------------------
---------------------------- PROCESS STARTED (15674) for package com.cdccreditsmart.app ----------------------------
2025-11-10 19:49:07.638 15674-15674 ziparchive              com.cdccreditsmart.app               W  Unable to open '/data/app/~~RV1VJ-MJn7IxOZNn-p4XCw==/com.cdccreditsmart.app-VHiNCHg79C0PdXquA38N6g==/base.dm': No such file or directory
2025-11-10 19:49:07.638 15674-15674 ziparchive              com.cdccreditsmart.app               W  Unable to open '/data/app/~~RV1VJ-MJn7IxOZNn-p4XCw==/com.cdccreditsmart.app-VHiNCHg79C0PdXquA38N6g==/base.dm': No such file or directory
2025-11-10 19:49:08.560 15674-15674 nativeloader            com.cdccreditsmart.app               D  Configuring clns-7 for other apk /data/app/~~RV1VJ-MJn7IxOZNn-p4XCw==/com.cdccreditsmart.app-VHiNCHg79C0PdXquA38N6g==/base.apk. target_sdk_version=35, uses_libraries=, library_path=/data/app/~~RV1VJ-MJn7IxOZNn-p4XCw==/com.cdccreditsmart.app-VHiNCHg79C0PdXquA38N6g==/lib/arm64:/data/app/~~RV1VJ-MJn7IxOZNn-p4XCw==/com.cdccreditsmart.app-VHiNCHg79C0PdXquA38N6g==/base.apk!/lib/arm64-v8a, permitted_path=/data:/mnt/expand:/data/user/0/com.cdccreditsmart.app
2025-11-10 19:49:08.565 15674-15674 CompatChangeReporter    com.cdccreditsmart.app               D  Compat change id reported: 202956589; UID 10265; state: ENABLED
2025-11-10 19:49:08.587 15674-15674 GraphicsEnvironment     com.cdccreditsmart.app               V  Currently set values for:
2025-11-10 19:49:08.587 15674-15674 GraphicsEnvironment     com.cdccreditsmart.app               V    angle_gl_driver_selection_pkgs=[]
2025-11-10 19:49:08.587 15674-15674 GraphicsEnvironment     com.cdccreditsmart.app               V    angle_gl_driver_selection_values=[]
2025-11-10 19:49:08.587 15674-15674 GraphicsEnvironment     com.cdccreditsmart.app               V  Global.Settings values are invalid: number of packages: 0, number of values: 0
2025-11-10 19:49:08.587 15674-15674 GraphicsEnvironment     com.cdccreditsmart.app               V  Neither updatable production driver nor prerelease driver is supported.
2025-11-10 19:49:08.704 15674-15674 FirebaseApp             com.cdccreditsmart.app               I  Device unlocked: initializing all Firebase APIs for app [DEFAULT]
2025-11-10 19:49:08.777 15674-15674 FirebaseInitProvider    com.cdccreditsmart.app               I  FirebaseApp initialization successful
2025-11-10 19:49:08.815 15674-15674 MbrainDebugManagerImpl  com.cdccreditsmart.app               D  getService failed
2025-11-10 19:49:08.820 15674-15674 WM-WrkMgrInitializer    com.cdccreditsmart.app               D  Initializing WorkManager with default configuration.
2025-11-10 19:49:08.852 15674-15690 creditsmart.app         com.cdccreditsmart.app               W  ClassLoaderContext classpath size mismatch. expected=1, found=0 (DLC[];PCL[base.apk*2610929939]{PCL[/system/framework/org.apache.http.legacy.jar*437079508]#PCL[/system/framework/com.android.media.remotedisplay.jar*2042759013]#PCL[/system/framework/com.android.location.provider.jar*3414091812]#PCL[/system_ext/framework/androidx.window.extensions.jar*83288132]#PCL[/system_ext/framework/androidx.window.sidecar.jar*3142613169]} | DLC[];PCL[])
2025-11-10 19:49:08.862 15674-15690 DynamiteModule          com.cdccreditsmart.app               I  Considering local module com.google.android.gms.measurement.dynamite:127 and remote module com.google.android.gms.measurement.dynamite:165
2025-11-10 19:49:08.862 15674-15690 DynamiteModule          com.cdccreditsmart.app               I  Selected remote version of com.google.android.gms.measurement.dynamite, version >= 165
2025-11-10 19:49:08.863 15674-15690 DynamiteModule          com.cdccreditsmart.app               V  Dynamite loader version >= 2, using loadModule2NoCrashUtils
2025-11-10 19:49:08.921 15674-15690 System                  com.cdccreditsmart.app               W  ClassLoader referenced unknown path: 
2025-11-10 19:49:08.924 15674-15690 nativeloader            com.cdccreditsmart.app               D  Configuring clns-8 for other apk . target_sdk_version=36, uses_libraries=, library_path=/data/app/~~sk4SCoPtdlvw19bwjMnCCg==/com.google.android.gms-8YwSAzYNYYUVbIJWpbgoEA==/lib/arm64:/data/app/~~sk4SCoPtdlvw19bwjMnCCg==/com.google.android.gms-8YwSAzYNYYUVbIJWpbgoEA==/base.apk!/lib/arm64-v8a, permitted_path=/data:/mnt/expand:/data/user/0/com.google.android.gms
2025-11-10 19:49:08.967 15674-15690 creditsmart.app         com.cdccreditsmart.app               W  ClassLoaderContext classpath element checksum mismatch. expected=2610929939, found=26723388 (DLC[];PCL[base.apk*2610929939]{PCL[/system/framework/org.apache.http.legacy.jar*437079508]#PCL[/system/framework/com.android.media.remotedisplay.jar*2042759013]#PCL[/system/framework/com.android.location.provider.jar*3414091812]#PCL[/system_ext/framework/androidx.window.extensions.jar*83288132]#PCL[/system_ext/framework/androidx.window.sidecar.jar*3142613169]} | DLC[];PCL[/data/app/~~RV1VJ-MJn7IxOZNn-p4XCw==/com.cdccreditsmart.app-VHiNCHg79C0PdXquA38N6g==/base.apk*26723388])
2025-11-10 19:49:09.030 15674-15674 WM-PackageManagerHelper com.cdccreditsmart.app               D  Skipping component enablement for androidx.work.impl.background.systemjob.SystemJobService
2025-11-10 19:49:09.030 15674-15674 WM-Schedulers           com.cdccreditsmart.app               D  Created SystemJobScheduler and enabled SystemJobService
2025-11-10 19:49:09.045 15674-15674 CompatChangeReporter    com.cdccreditsmart.app               D  Compat change id reported: 279646685; UID 10265; state: ENABLED
2025-11-10 19:49:09.129 15674-15699 creditsmart.app         com.cdccreditsmart.app               W  Accessing hidden method Ldalvik/system/VMStack;->getStackClass2()Ljava/lang/Class; (unsupported, reflection, allowed)
2025-11-10 19:49:09.208 15674-15697 creditsmart.app         com.cdccreditsmart.app               E  No package ID 6a found for resource ID 0x6a0b000f.
2025-11-10 19:49:09.212 15674-15697 FA                      com.cdccreditsmart.app               I  App measurement initialized, version: 143003
2025-11-10 19:49:09.212 15674-15697 FA                      com.cdccreditsmart.app               I  To enable debug logging run: adb shell setprop log.tag.FA VERBOSE
2025-11-10 19:49:09.213 15674-15697 FA                      com.cdccreditsmart.app               I  To enable faster debug mode event logging run:
                                                                                                      adb shell setprop debug.firebase.analytics.app com.cdccreditsmart.app
2025-11-10 19:49:09.245 15674-15695 CompatChangeReporter    com.cdccreditsmart.app               D  Compat change id reported: 311402873; UID 10265; state: ENABLED
2025-11-10 19:49:09.245 15674-15695 CompatChangeReporter    com.cdccreditsmart.app               D  Compat change id reported: 323349338; UID 10265; state: ENABLED
2025-11-10 19:49:09.447 15674-15674 ContractCodeStorage     com.cdccreditsmart.app               D  Retrieving contract code from storage
2025-11-10 19:49:09.883 15674-15674 ContractCodeStorage     com.cdccreditsmart.app               D  Storage verification: 7 valid, 0 tampered, 0 missing
2025-11-10 19:49:09.883 15674-15674 ContractCodeStorage     com.cdccreditsmart.app               D  Contract code retrieved successfully
2025-11-10 19:49:09.884 15674-15674 CDCApplication          com.cdccreditsmart.app               I  âœ… Tokens encontrados - iniciando CdcForegroundService
2025-11-10 19:49:09.897 15674-15674 CdcForegroundService    com.cdccreditsmart.app               I  âœ… ServiÃ§o iniciado via startService()
2025-11-10 19:49:09.939 15674-15674 BlockingCheckWorker     com.cdccreditsmart.app               D  âœ… Scheduled periodic blocking check (every 6 hours)
2025-11-10 19:49:09.939 15674-15674 Typeface                com.cdccreditsmart.app               I  initOverlayFonts====family: RookeryNew-Regular
2025-11-10 19:49:09.953 15674-15674 nativeloader            com.cdccreditsmart.app               D  Load libpowerhalwrap_jni.so using system ns (caller=/system_ext/framework/mediatek-framework.jar): ok
2025-11-10 19:49:09.953 15674-15674 PowerHalWrapper         com.cdccreditsmart.app               I  PowerHalWrapper.getInstance 
2025-11-10 19:49:09.955 15674-15674 M-ProMotion             com.cdccreditsmart.app               I  M-ProMotion is disabled
2025-11-10 19:49:09.964 15674-15709 vulkan                  com.cdccreditsmart.app               D  searching for layers in '/data/app/~~RV1VJ-MJn7IxOZNn-p4XCw==/com.cdccreditsmart.app-VHiNCHg79C0PdXquA38N6g==/lib/arm64'
2025-11-10 19:49:09.966 15674-15709 vulkan                  com.cdccreditsmart.app               D  searching for layers in '/data/app/~~RV1VJ-MJn7IxOZNn-p4XCw==/com.cdccreditsmart.app-VHiNCHg79C0PdXquA38N6g==/base.apk!/lib/arm64-v8a'
2025-11-10 19:49:09.967 15674-15709 vulkan                  com.cdccreditsmart.app               D  searching for layers in '/data/app/~~RV1VJ-MJn7IxOZNn-p4XCw==/com.cdccreditsmart.app-VHiNCHg79C0PdXquA38N6g==/lib/arm64'
2025-11-10 19:49:09.968 15674-15709 vulkan                  com.cdccreditsmart.app               D  searching for layers in '/data/app/~~RV1VJ-MJn7IxOZNn-p4XCw==/com.cdccreditsmart.app-VHiNCHg79C0PdXquA38N6g==/base.apk!/lib/arm64-v8a'
2025-11-10 19:49:09.982 15674-15709 MMUD                    com.cdccreditsmart.app               D  mtk_memory_debug_init com.cdccreditsmart.app 0xb400007641be75d0
2025-11-10 19:49:10.035 15674-15674 CompatChangeReporter    com.cdccreditsmart.app               D  Compat change id reported: 309578419; UID 10265; state: ENABLED
2025-11-10 19:49:10.086 15674-15713 MMUD                    com.cdccreditsmart.app               D  get_leak_baseline 3246391296
2025-11-10 19:49:10.127 15674-15674 Activity                com.cdccreditsmart.app               D  onResume setDolbyGameProfilePackage lastPkg =  currentPkg = com.cdccreditsmart.app
2025-11-10 19:49:10.133 15674-15707 PowerHalWrapper         com.cdccreditsmart.app               I  PowerHalWrapper.getInstance 
2025-11-10 19:49:10.135 15674-15697 FA                      com.cdccreditsmart.app               I  Tag Manager is not found and thus will not be used
2025-11-10 19:49:10.138 15674-15674 SurfaceFactory          com.cdccreditsmart.app               I  [static] sSurfaceFactory = com.mediatek.view.impl.SurfaceFactoryImpl@f039ef2
2025-11-10 19:49:10.152 15674-15674 HWUI                    com.cdccreditsmart.app               W  Unknown dataspace 0
2025-11-10 19:49:10.158 15674-15674 VRI[MainActivity]       com.cdccreditsmart.app               D  hardware acceleration = true, forceHwAccelerated = false
2025-11-10 19:49:10.173 15674-15674 InputEventReceiver      com.cdccreditsmart.app               D  Input log is disabled in InputEventReceiver.
2025-11-10 19:49:10.184 15674-15674 BootReceiver            com.cdccreditsmart.app               I  ðŸš€ Dispositivo iniciado - starting CdcForegroundService
2025-11-10 19:49:10.187 15674-15674 CdcForegroundService    com.cdccreditsmart.app               I  âœ… ServiÃ§o iniciado via startService()
2025-11-10 19:49:10.192 15674-15674 Choreographer           com.cdccreditsmart.app               I  Skipped 81 frames!  The application may be doing too much work on its main thread.
2025-11-10 19:49:10.845 15674-15678 creditsmart.app         com.cdccreditsmart.app               I  Compiler allocated 6943KB to compile void android.view.ViewRootImpl.performTraversals()
2025-11-10 19:49:11.308 15674-15674 View                    com.cdccreditsmart.app               D  [ANR Warning]onMeasure time too long, this =androidx.compose.ui.platform.AndroidComposeView{5d766b4 VFED..... ......I. 0,0-0,0}time =468 ms
2025-11-10 19:49:11.308 15674-15674 View                    com.cdccreditsmart.app               D  [ANR Warning]onMeasure time too long, this =androidx.compose.ui.platform.ComposeView{7211795 V.E...... ......I. 0,0-0,0}time =469 ms
2025-11-10 19:49:11.310 15674-15674 View                    com.cdccreditsmart.app               D  [ANR Warning]onMeasure time too long, this =android.widget.FrameLayout{84a0aa V.E...... ......I. 0,0-0,0 #1020002 android:id/content}time =469 ms
2025-11-10 19:49:11.311 15674-15674 View                    com.cdccreditsmart.app               D  [ANR Warning]onMeasure time too long, this =android.widget.LinearLayout{ee8649b V.E...... ......I. 0,0-0,0}time =476 ms
2025-11-10 19:49:11.312 15674-15674 View                    com.cdccreditsmart.app               D  [ANR Warning]onMeasure time too long, this =DecorView@27c4038[MainActivity]time =477 ms
2025-11-10 19:49:11.327 15674-15674 BufferQueueConsumer     com.cdccreditsmart.app               D  [](id:3d3a00000000,api:0,p:-1,c:15674) connect: controlledByApp=false
2025-11-10 19:49:11.332 15674-15674 BLASTBufferQueue        com.cdccreditsmart.app               D  [VRI[MainActivity]#0](f:0,a:0) constructor()
2025-11-10 19:49:11.333 15674-15674 BLASTBufferQueue        com.cdccreditsmart.app               D  [VRI[MainActivity]#0](f:0,a:0) update width=1080 height=2400 format=-3 mTransformHint=0
2025-11-10 19:49:11.340 15674-15674 FBI                     com.cdccreditsmart.app               E  Can't load library: dlopen failed: library "libmagtsync.so" not found
2025-11-10 19:49:11.398 15674-15709 GrallocExtra            com.cdccreditsmart.app               I  gralloc_extra_query:is_SW3D 0
2025-11-10 19:49:11.447 15674-15709 GrallocExtra            com.cdccreditsmart.app               I  gralloc_extra_query:is_SW3D 0
2025-11-10 19:49:11.448 15674-15709 BLASTBufferQueue        com.cdccreditsmart.app               D  [VRI[MainActivity]#0](f:0,a:1) acquireNextBufferLocked size=1080x2400 mFrameNumber=1 applyTransaction=true mTimestamp=100156393804277(auto) mPendingTransactions.size=0 graphicBufferId=67319317397507 transform=0
2025-11-10 19:49:11.456 15674-15674 CdcForegroundService    com.cdccreditsmart.app               D  ðŸ“± ServiÃ§o onCreate()
2025-11-10 19:49:11.458 15674-15674 CdcForegroundService    com.cdccreditsmart.app               D  âœ… Canal de notificaÃ§Ã£o criado
2025-11-10 19:49:11.464 15674-15674 CdcForegroundService    com.cdccreditsmart.app               D  ðŸ”‹ WakeLock adquirido
2025-11-10 19:49:11.465 15674-15674 CdcForegroundService    com.cdccreditsmart.app               D  ðŸš€ ServiÃ§o onStartCommand() - Action: com.cdccreditsmart.app.START_SERVICE
2025-11-10 19:49:11.465 15674-15683 HWUI                    com.cdccreditsmart.app               I  Davey! duration=2613ms; Flags=1, FrameTimelineVsyncId=1744721, IntendedVsync=100153782806661, Vsync=100155131667747, InputEventId=0, HandleInputStart=100155140606430, AnimationStart=100155140643892, PerformTraversalsStart=100155140965507, DrawStart=100156320530354, FrameDeadline=100153798806661, FrameInterval=100155138743354, FrameStartTime=16652606, SyncQueued=100156335327892, SyncStart=100156335495892, IssueDrawCommandsStart=100156336802354, SwapBuffers=100156393055661, FrameCompleted=100156396379354, DequeueBufferDuration=35923, QueueBufferDuration=1152308, GpuCompleted=100156395375046, SwapBuffersCompleted=100156396379354, DisplayPresentTime=72904454231359566, CommandSubmissionCompleted=100156393055661, 
2025-11-10 19:49:11.490 15674-15674 CdcForegroundService    com.cdccreditsmart.app               I  âœ… Foreground Service ativo (Android 12+)
2025-11-10 19:49:11.499 15674-15731 CdcForegroundService    com.cdccreditsmart.app               I  ðŸ”§ ========================================
2025-11-10 19:49:11.499 15674-15731 CdcForegroundService    com.cdccreditsmart.app               I  ðŸ”§ INICIANDO initializeServices()...
2025-11-10 19:49:11.499 15674-15731 CdcForegroundService    com.cdccreditsmart.app               I  ðŸ”§ ========================================
2025-11-10 19:49:11.500 15674-15674 CdcForegroundService    com.cdccreditsmart.app               D  ðŸ’“ Heartbeat iniciado (5 minutos)
2025-11-10 19:49:11.502 15674-15674 CdcForegroundService    com.cdccreditsmart.app               D  ðŸš€ ServiÃ§o onStartCommand() - Action: com.cdccreditsmart.app.START_SERVICE
2025-11-10 19:49:11.511 15674-15674 CdcForegroundService    com.cdccreditsmart.app               I  âœ… Foreground Service ativo (Android 12+)
2025-11-10 19:49:11.512 15674-15731 CdcForegroundService    com.cdccreditsmart.app               I  ðŸ”§ ========================================
2025-11-10 19:49:11.512 15674-15731 CdcForegroundService    com.cdccreditsmart.app               I  ðŸ”§ INICIANDO initializeServices()...
2025-11-10 19:49:11.512 15674-15731 CdcForegroundService    com.cdccreditsmart.app               I  ðŸ”§ ========================================
2025-11-10 19:49:11.513 15674-15674 CdcForegroundService    com.cdccreditsmart.app               D  ðŸ’“ Heartbeat iniciado (5 minutos)
2025-11-10 19:49:11.537 15674-15674 RouterViewModel         com.cdccreditsmart.app               D  ðŸš€ Iniciando verificaÃ§Ã£o de autenticaÃ§Ã£o...
2025-11-10 19:49:11.539 15674-15732 AuthOrchestrator        com.cdccreditsmart.app               D  ðŸ” Verificando autenticaÃ§Ã£o...
2025-11-10 19:49:11.539 15674-15732 ContractCodeStorage     com.cdccreditsmart.app               D  Retrieving contract code from storage
2025-11-10 19:49:11.546 15674-15674 Choreographer           com.cdccreditsmart.app               I  Skipped 74 frames!  The application may be doing too much work on its main thread.
2025-11-10 19:49:11.584 15674-15709 BLASTBufferQueue        com.cdccreditsmart.app               D  [VRI[MainActivity]#0](f:0,a:1) destructor()
2025-11-10 19:49:11.584 15674-15709 BufferQueueConsumer     com.cdccreditsmart.app               D  [VRI[MainActivity]#0(BLAST Consumer)0](id:3d3a00000000,api:0,p:-1,c:15674) disconnect
2025-11-10 19:49:11.997 15674-15732 ContractCodeStorage     com.cdccreditsmart.app               D  Storage verification: 7 valid, 0 tampered, 0 missing
2025-11-10 19:49:11.997 15674-15732 ContractCodeStorage     com.cdccreditsmart.app               D  Contract code retrieved successfully
2025-11-10 19:49:11.998 15674-15732 AuthOrchestrator        com.cdccreditsmart.app               D  âœ… CÃ³digo de pareamento encontrado: BVYG****
2025-11-10 19:49:12.000 15674-15732 AuthOrchestrator        com.cdccreditsmart.app               D  ðŸ”‘ Token existente encontrado - validando no servidor...
2025-11-10 19:49:12.169 15674-15731 ContractCodeStorage     com.cdccreditsmart.app               D  Retrieving contract code from storage
2025-11-10 19:49:12.186 15674-15697 FA                      com.cdccreditsmart.app               I  Application backgrounded at: timestamp_millis: 1762814950182
2025-11-10 19:49:12.204 15674-15739 ContractCodeStorage     com.cdccreditsmart.app               D  Retrieving contract code from storage
2025-11-10 19:49:12.681 15674-15731 ContractCodeStorage     com.cdccreditsmart.app               D  Storage verification: 7 valid, 0 tampered, 0 missing
2025-11-10 19:49:12.682 15674-15731 ContractCodeStorage     com.cdccreditsmart.app               D  Contract code retrieved successfully
2025-11-10 19:49:12.687 15674-15731 CdcForegroundService    com.cdccreditsmart.app               I  ðŸ” AuthToken presente: true
2025-11-10 19:49:12.687 15674-15731 CdcForegroundService    com.cdccreditsmart.app               I  ðŸ” AuthToken length: 259
2025-11-10 19:49:12.687 15674-15731 CdcForegroundService    com.cdccreditsmart.app               I  ðŸ” ContractCode presente: true
2025-11-10 19:49:12.688 15674-15731 CdcForegroundService    com.cdccreditsmart.app               I  ðŸ” ContractCode value: BVYG****
2025-11-10 19:49:12.688 15674-15731 CdcForegroundService    com.cdccreditsmart.app               I  ðŸ” DeviceId presente: true
2025-11-10 19:49:12.688 15674-15731 CdcForegroundService    com.cdccreditsmart.app               I  ðŸ” DeviceId value: device_176...
2025-11-10 19:49:12.688 15674-15731 CdcForegroundService    com.cdccreditsmart.app               I  ðŸ”§ ========================================
2025-11-10 19:49:12.688 15674-15731 CdcForegroundService    com.cdccreditsmart.app               I  ðŸ”§ INICIALIZANDO MDM COM DEVICE_ID: device_176...
2025-11-10 19:49:12.688 15674-15731 CdcForegroundService    com.cdccreditsmart.app               I  ðŸ”§ ========================================
2025-11-10 19:49:12.688 15674-15731 CdcForegroundService    com.cdccreditsmart.app               I  ðŸ” Tokens encontrados - inicializando serviÃ§os MDM
2025-11-10 19:49:12.688 15674-15731 CdcForegroundService    com.cdccreditsmart.app               D  ðŸ“¡ Criando MdmCommandReceiver com deviceId...
2025-11-10 19:49:12.695 15674-15731 CdcForegroundService    com.cdccreditsmart.app               D  ðŸ“¡ Conectando MdmCommandReceiver ao WebSocket MDM...
2025-11-10 19:49:12.695 15674-15731 MdmCommandReceiver      com.cdccreditsmart.app               I  ðŸ”— Iniciando conexÃ£o WebSocket MDM...
2025-11-10 19:49:12.695 15674-15731 MdmCommandReceiver      com.cdccreditsmart.app               D  ðŸ”— URL: wss://cdccreditsmart.com/ws
2025-11-10 19:49:12.695 15674-15731 MdmCommandReceiver      com.cdccreditsmart.app               D  ðŸ”— JWT Token presente: true
2025-11-10 19:49:12.695 15674-15731 MdmCommandReceiver      com.cdccreditsmart.app               D  ðŸ”— Using deviceId: device_176...
2025-11-10 19:49:12.695 15674-15731 MdmCommandReceiver      com.cdccreditsmart.app               D  ðŸ”Œ MDM Command Receiver desconectado
2025-11-10 19:49:12.706 15674-15731 MdmCommandReceiver      com.cdccreditsmart.app               D  ðŸ”— Criando WebSocket OkHttp...
2025-11-10 19:49:12.718 15674-15731 MdmCommandReceiver      com.cdccreditsmart.app               D  ðŸ”— WebSocket request enviado - aguardando resposta...
2025-11-10 19:49:12.718 15674-15731 CdcForegroundService    com.cdccreditsmart.app               I  ðŸ“¡ MdmCommandReceiver inicializado - aguardando conexÃ£o
2025-11-10 19:49:12.718 15674-15731 CdcForegroundService    com.cdccreditsmart.app               D  ðŸ“¡ Criando WebSocketManager (flow-status)...
2025-11-10 19:49:12.721 15674-15731 WebSocketManager        com.cdccreditsmart.app               D  Connecting to WebSocket: wss://cdccreditsmart.com/ws/flow-status
2025-11-10 19:49:12.727 15674-15731 CdcForegroundService    com.cdccreditsmart.app               I  ðŸ“¡ WebSocketManager inicializado
2025-11-10 19:49:12.727 15674-15731 CdcForegroundService    com.cdccreditsmart.app               I  âœ… Todos os serviÃ§os inicializados com sucesso
2025-11-10 19:49:12.784 15674-15739 ContractCodeStorage     com.cdccreditsmart.app               D  Storage verification: 7 valid, 0 tampered, 0 missing
2025-11-10 19:49:12.785 15674-15739 ContractCodeStorage     com.cdccreditsmart.app               D  Contract code retrieved successfully
2025-11-10 19:49:12.792 15674-15739 CdcForegroundService    com.cdccreditsmart.app               I  ðŸ” AuthToken presente: true
2025-11-10 19:49:12.792 15674-15739 CdcForegroundService    com.cdccreditsmart.app               I  ðŸ” AuthToken length: 259
2025-11-10 19:49:12.792 15674-15739 CdcForegroundService    com.cdccreditsmart.app               I  ðŸ” ContractCode presente: true
2025-11-10 19:49:12.792 15674-15739 CdcForegroundService    com.cdccreditsmart.app               I  ðŸ” ContractCode value: BVYG****
2025-11-10 19:49:12.792 15674-15739 CdcForegroundService    com.cdccreditsmart.app               I  ðŸ” DeviceId presente: true
2025-11-10 19:49:12.792 15674-15739 CdcForegroundService    com.cdccreditsmart.app               I  ðŸ” DeviceId value: device_176...
2025-11-10 19:49:12.792 15674-15739 CdcForegroundService    com.cdccreditsmart.app               I  ðŸ”§ ========================================
2025-11-10 19:49:12.793 15674-15739 CdcForegroundService    com.cdccreditsmart.app               I  ðŸ”§ INICIALIZANDO MDM COM DEVICE_ID: device_176...
2025-11-10 19:49:12.793 15674-15739 CdcForegroundService    com.cdccreditsmart.app               I  ðŸ”§ ========================================
2025-11-10 19:49:12.793 15674-15739 CdcForegroundService    com.cdccreditsmart.app               I  ðŸ” Tokens encontrados - inicializando serviÃ§os MDM
2025-11-10 19:49:12.793 15674-15739 CdcForegroundService    com.cdccreditsmart.app               D  ðŸ“¡ Criando MdmCommandReceiver com deviceId...
2025-11-10 19:49:12.796 15674-15739 CdcForegroundService    com.cdccreditsmart.app               D  ðŸ“¡ Conectando MdmCommandReceiver ao WebSocket MDM...
2025-11-10 19:49:12.796 15674-15739 MdmCommandReceiver      com.cdccreditsmart.app               I  ðŸ”— Iniciando conexÃ£o WebSocket MDM...
2025-11-10 19:49:12.796 15674-15739 MdmCommandReceiver      com.cdccreditsmart.app               D  ðŸ”— URL: wss://cdccreditsmart.com/ws
2025-11-10 19:49:12.796 15674-15739 MdmCommandReceiver      com.cdccreditsmart.app               D  ðŸ”— JWT Token presente: true
2025-11-10 19:49:12.796 15674-15739 MdmCommandReceiver      com.cdccreditsmart.app               D  ðŸ”— Using deviceId: device_176...
2025-11-10 19:49:12.796 15674-15739 MdmCommandReceiver      com.cdccreditsmart.app               D  ðŸ”Œ MDM Command Receiver desconectado
2025-11-10 19:49:12.802 15674-15739 MdmCommandReceiver      com.cdccreditsmart.app               D  ðŸ”— Criando WebSocket OkHttp...
2025-11-10 19:49:12.806 15674-15739 MdmCommandReceiver      com.cdccreditsmart.app               D  ðŸ”— WebSocket request enviado - aguardando resposta...
2025-11-10 19:49:12.806 15674-15739 CdcForegroundService    com.cdccreditsmart.app               I  ðŸ“¡ MdmCommandReceiver inicializado - aguardando conexÃ£o
2025-11-10 19:49:12.806 15674-15739 CdcForegroundService    com.cdccreditsmart.app               D  ðŸ“¡ Criando WebSocketManager (flow-status)...
2025-11-10 19:49:12.807 15674-15739 WebSocketManager        com.cdccreditsmart.app               D  Connecting to WebSocket: wss://cdccreditsmart.com/ws/flow-status
2025-11-10 19:49:12.813 15674-15739 CdcForegroundService    com.cdccreditsmart.app               I  ðŸ“¡ WebSocketManager inicializado
2025-11-10 19:49:12.813 15674-15739 CdcForegroundService    com.cdccreditsmart.app               I  âœ… Todos os serviÃ§os inicializados com sucesso
2025-11-10 19:49:13.628 15674-15741 MdmCommandReceiver      com.cdccreditsmart.app               I  âœ… WebSocket MDM CONECTADO COM SUCESSO!
2025-11-10 19:49:13.628 15674-15747 MdmCommandReceiver      com.cdccreditsmart.app               I  âœ… WebSocket MDM CONECTADO COM SUCESSO!
2025-11-10 19:49:13.628 15674-15747 MdmCommandReceiver      com.cdccreditsmart.app               D  âœ… Response code: 101
2025-11-10 19:49:13.628 15674-15742 WebSocketManager        com.cdccreditsmart.app               D  WebSocket connection opened
2025-11-10 19:49:13.628 15674-15747 MdmCommandReceiver      com.cdccreditsmart.app               I  ðŸ”„ Iniciando polling fallback (30s)...
2025-11-10 19:49:13.628 15674-15741 MdmCommandReceiver      com.cdccreditsmart.app               D  âœ… Response code: 101
2025-11-10 19:49:13.628 15674-15748 WebSocketManager        com.cdccreditsmart.app               D  WebSocket connection opened
2025-11-10 19:49:13.629 15674-15742 WebSocketManager        com.cdccreditsmart.app               D  WebSocket connected for contract: BVYG2VS2
2025-11-10 19:49:13.629 15674-15748 WebSocketManager        com.cdccreditsmart.app               D  WebSocket connected for contract: BVYG2VS2
2025-11-10 19:49:13.629 15674-15748 WebSocketManager        com.cdccreditsmart.app               D  Starting heartbeat
2025-11-10 19:49:13.629 15674-15741 MdmCommandReceiver      com.cdccreditsmart.app               I  ðŸ”„ Iniciando polling fallback (30s)...
2025-11-10 19:49:13.629 15674-15742 WebSocketManager        com.cdccreditsmart.app               D  Starting heartbeat
2025-11-10 19:49:13.630 15674-15747 MdmCommandReceiver      com.cdccreditsmart.app               D  ðŸ“¥ Mensagem MDM recebida: {"type":"welcome","message":"Connected to unified WebSocket server","connectionId":"f0b1d1b6-bc5f-4d19-b58e-c744f81472a2","path":"/ws","routerKey":"device-control","timestamp":"2025-11-10T22:49:13.190Z","serverTime":"2025-11-10T22:49:13.190Z"}
2025-11-10 19:49:13.630 15674-15741 MdmCommandReceiver      com.cdccreditsmart.app               D  ðŸ“¥ Mensagem MDM recebida: {"type":"welcome","message":"Connected to unified WebSocket server","connectionId":"3890698f-bd93-4f4d-b5ec-17d6054e375e","path":"/ws","routerKey":"device-control","timestamp":"2025-11-10T22:49:13.185Z","serverTime":"2025-11-10T22:49:13.185Z"}
2025-11-10 19:49:13.632 15674-15731 MdmCommandReceiver      com.cdccreditsmart.app               I  ðŸ”„ Iniciando polling fallback (30s)
2025-11-10 19:49:13.633 15674-15739 MdmCommandReceiver      com.cdccreditsmart.app               I  ðŸ”„ Iniciando polling fallback (30s)
2025-11-10 19:49:13.635 15674-15764 MdmCommandReceiver      com.cdccreditsmart.app               D  ðŸ“¥ JSON recebido: {"type":"welcome","message":"Connected to unified WebSocket server","connectionId":"f0b1d1b6-bc5f-4d19-b58e-c744f81472a2","path":"/ws","routerKey":"device-control","timestamp":"2025-11-10T22:49:13.190Z","serverTime":"2025-11-10T22:49:13.190Z"}
2025-11-10 19:49:13.636 15674-15763 MdmCommandReceiver      com.cdccreditsmart.app               D  ðŸ“¥ JSON recebido: {"type":"welcome","message":"Connected to unified WebSocket server","connectionId":"3890698f-bd93-4f4d-b5ec-17d6054e375e","path":"/ws","routerKey":"device-control","timestamp":"2025-11-10T22:49:13.185Z","serverTime":"2025-11-10T22:49:13.185Z"}
2025-11-10 19:49:13.664 15674-15763 MdmCommandReceiver      com.cdccreditsmart.app               D  ðŸ“¨ Tipo de mensagem: welcome
2025-11-10 19:49:13.664 15674-15763 MdmCommandReceiver      com.cdccreditsmart.app               D  ðŸ‘‹ Mensagem de boas-vindas do servidor
2025-11-10 19:49:13.666 15674-15764 MdmCommandReceiver      com.cdccreditsmart.app               D  ðŸ“¨ Tipo de mensagem: welcome
2025-11-10 19:49:13.666 15674-15764 MdmCommandReceiver      com.cdccreditsmart.app               D  ðŸ‘‹ Mensagem de boas-vindas do servidor
2025-11-10 19:49:13.720 15674-15769 okhttp.OkHttpClient     com.cdccreditsmart.app               I  --> GET https://cdccreditsmart.com/api/apk/device/status
2025-11-10 19:49:13.720 15674-15769 okhttp.OkHttpClient     com.cdccreditsmart.app               I  Authorization: Bearer eyJhbGciOiJIUzI1NiIsInR5cCI6IkpXVCJ9.eyJkZXZpY2VJZCI6ImRldmljZV8xNzYyNzI1MzU5MTUzX29ncWkyMGdxcXAiLCJhcGtUb2tlbiI6IkJWWUcyVlMyIiwidHlwZSI6ImFwayIsImV4cGlyZXNJbiI6IjI0aCIsImlhdCI6MTc2Mjc1NTA1MiwiZXhwIjoxNzYyODQxNDUyfQ.OciMIY8O2estqItztSmUlB-JhCkebA1BTMGvJh2Sf0U
2025-11-10 19:49:13.720 15674-15769 okhttp.OkHttpClient     com.cdccreditsmart.app               I  --> END GET
2025-11-10 19:49:14.811 15674-15769 okhttp.OkHttpClient     com.cdccreditsmart.app               I  <-- 200 https://cdccreditsmart.com/api/apk/device/status (1089ms)
2025-11-10 19:49:14.811 15674-15769 okhttp.OkHttpClient     com.cdccreditsmart.app               I  access-control-allow-credentials: true
2025-11-10 19:49:14.811 15674-15769 okhttp.OkHttpClient     com.cdccreditsmart.app               I  access-control-allow-headers: Origin, X-Requested-With, Content-Type, Accept, Authorization, x-client-key, x-client-token, x-client-secret, cache-control
2025-11-10 19:49:14.811 15674-15769 okhttp.OkHttpClient     com.cdccreditsmart.app               I  access-control-allow-methods: GET, POST, PUT, PATCH, DELETE, OPTIONS
2025-11-10 19:49:14.811 15674-15769 okhttp.OkHttpClient     com.cdccreditsmart.app               I  access-control-allow-origin: *
2025-11-10 19:49:14.811 15674-15769 okhttp.OkHttpClient     com.cdccreditsmart.app               I  access-control-max-age: 86400
2025-11-10 19:49:14.811 15674-15769 okhttp.OkHttpClient     com.cdccreditsmart.app               I  content-length: 472
2025-11-10 19:49:14.812 15674-15769 okhttp.OkHttpClient     com.cdccreditsmart.app               I  content-security-policy: default-src 'self'; script-src 'self' 'unsafe-inline' 'unsafe-eval' https://replit.com; style-src 'self' 'unsafe-inline' https://replit.com; img-src 'self' data: https:; font-src 'self' data: https://replit.com; connect-src 'self';
2025-11-10 19:49:14.812 15674-15769 okhttp.OkHttpClient     com.cdccreditsmart.app               I  content-type: application/json; charset=utf-8
2025-11-10 19:49:14.812 15674-15769 okhttp.OkHttpClient     com.cdccreditsmart.app               I  date: Mon, 10 Nov 2025 22:49:14 GMT
2025-11-10 19:49:14.812 15674-15769 okhttp.OkHttpClient     com.cdccreditsmart.app               I  etag: W/"1d8-2VBVXLnN2Gd9zeRf2m7P1j5xd+U"
2025-11-10 19:49:14.812 15674-15769 okhttp.OkHttpClient     com.cdccreditsmart.app               I  permissions-policy: geolocation=(), microphone=(), camera=()
2025-11-10 19:49:14.812 15674-15769 okhttp.OkHttpClient     com.cdccreditsmart.app               I  referrer-policy: strict-origin-when-cross-origin
2025-11-10 19:49:14.812 15674-15769 okhttp.OkHttpClient     com.cdccreditsmart.app               I  server: Google Frontend
2025-11-10 19:49:14.812 15674-15769 okhttp.OkHttpClient     com.cdccreditsmart.app               I  strict-transport-security: max-age=63072000; includeSubDomains
2025-11-10 19:49:14.812 15674-15769 okhttp.OkHttpClient     com.cdccreditsmart.app               I  strict-transport-security: max-age=31536000; includeSubDomains
2025-11-10 19:49:14.812 15674-15769 okhttp.OkHttpClient     com.cdccreditsmart.app               I  x-anti-fraud-protection: active
2025-11-10 19:49:14.812 15674-15769 okhttp.OkHttpClient     com.cdccreditsmart.app               I  x-certificate-pinning-enabled: false
2025-11-10 19:49:14.812 15674-15769 okhttp.OkHttpClient     com.cdccreditsmart.app               I  x-certificate-pinning-status: disabled-for-stability
2025-11-10 19:49:14.812 15674-15769 okhttp.OkHttpClient     com.cdccreditsmart.app               I  x-cloud-trace-context: 45d490152186da353b793175edb21e27
2025-11-10 19:49:14.813 15674-15769 okhttp.OkHttpClient     com.cdccreditsmart.app               I  x-content-type-options: nosniff
2025-11-10 19:49:14.813 15674-15769 okhttp.OkHttpClient     com.cdccreditsmart.app               I  x-financial-data-protection: enabled
2025-11-10 19:49:14.813 15674-15769 okhttp.OkHttpClient     com.cdccreditsmart.app               I  x-frame-options: DENY
2025-11-10 19:49:14.813 15674-15769 okhttp.OkHttpClient     com.cdccreditsmart.app               I  x-transaction-security-level: maximum
2025-11-10 19:49:14.813 15674-15769 okhttp.OkHttpClient     com.cdccreditsmart.app               I  x-xss-protection: 1; mode=block
2025-11-10 19:49:14.813 15674-15769 okhttp.OkHttpClient     com.cdccreditsmart.app               I  via: 1.1 google
2025-11-10 19:49:14.813 15674-15769 okhttp.OkHttpClient     com.cdccreditsmart.app               I  alt-svc: h3=":443"; ma=2592000,h3-29=":443"; ma=2592000
2025-11-10 19:49:14.815 15674-15769 okhttp.OkHttpClient     com.cdccreditsmart.app               I  {"device":{"id":"device_1762725359153_ogqi20gqqp","serialNumber":"BVYG2VS2","name":"Moto G15 Power","isBlocked":true,"blockReason":"hgf","status":"blocked"},"shouldBlock":false,"overdueCount":0,"daysSinceOverdue":0,"pdvSession":{"status":"completed","currentStage":"completed","isActive":false,"lastHeartbeat":"2025-11-09T21:56:50.180Z","heartbeatAge":89544.131,"sessionStarted":"2025-11-09T21:56:01.537Z","sessionCompleted":"2025-11-09T21:56:50.180Z","shouldWait":false}}
2025-11-10 19:49:14.815 15674-15769 okhttp.OkHttpClient     com.cdccreditsmart.app               I  <-- END HTTP (472-byte body)
2025-11-10 19:49:14.826 15674-15732 ContractCodeStorage     com.cdccreditsmart.app               D  Retrieving contract code from storage
2025-11-10 19:49:14.998 15674-15732 ContractCodeStorage     com.cdccreditsmart.app               D  Storage verification: 7 valid, 0 tampered, 0 missing
2025-11-10 19:49:14.999 15674-15732 ContractCodeStorage     com.cdccreditsmart.app               D  Contract code retrieved successfully
2025-11-10 19:49:15.003 15674-15732 ContractCodeStorage     com.cdccreditsmart.app               D  Saving contract code to redundant storage
2025-11-10 19:49:15.079 15674-15732 ContractCodeStorage     com.cdccreditsmart.app               D  Saved to EncryptedPrefs
2025-11-10 19:49:15.172 15674-15732 ContractCodeStorage     com.cdccreditsmart.app               E  Failed to save to file: .cdc_protected_code.enc (Ask Gemini)
                                                                                                    java.io.IOException: output file already exists, please use a new file: .cdc_protected_code.enc
                                                                                                    	at androidx.security.crypto.EncryptedFile.openFileOutput(EncryptedFile.java:260)
                                                                                                    	at com.cdccreditsmart.app.storage.ContractCodeStorage.saveToEncryptedFileWithMAC(ContractCodeStorage.kt:344)
                                                                                                    	at com.cdccreditsmart.app.storage.ContractCodeStorage.saveToProtectedStorage(ContractCodeStorage.kt:266)
                                                                                                    	at com.cdccreditsmart.app.storage.ContractCodeStorage.saveContractCode(ContractCodeStorage.kt:120)
                                                                                                    	at com.cdccreditsmart.app.security.SecureTokenStorage.saveAuthToken(SecureTokenStorage.kt:75)
                                                                                                    	at com.cdccreditsmart.app.auth.AuthenticationOrchestrator.validateTokenOnServer(AuthenticationOrchestrator.kt:91)
                                                                                                    	at com.cdccreditsmart.app.auth.AuthenticationOrchestrator.access$validateTokenOnServer(AuthenticationOrchestrator.kt:19)
                                                                                                    	at com.cdccreditsmart.app.auth.AuthenticationOrchestrator$validateTokenOnServer$1.invokeSuspend(Unknown Source:15)
                                                                                                    	at kotlin.coroutines.jvm.internal.BaseContinuationImpl.resumeWith(ContinuationImpl.kt:34)
                                                                                                    	at kotlinx.coroutines.DispatchedTask.run(DispatchedTask.kt:108)
                                                                                                    	at kotlinx.coroutines.internal.LimitedDispatcher$Worker.run(LimitedDispatcher.kt:115)
                                                                                                    	at kotlinx.coroutines.scheduling.TaskImpl.run(Tasks.kt:103)
                                                                                                    	at kotlinx.coroutines.scheduling.CoroutineScheduler.runSafely(CoroutineScheduler.kt:584)
                                                                                                    	at kotlinx.coroutines.scheduling.CoroutineScheduler$Worker.executeTask(CoroutineScheduler.kt:793)
                                                                                                    	at kotlinx.coroutines.scheduling.CoroutineScheduler$Worker.runWorker(CoroutineScheduler.kt:697)
                                                                                                    	at kotlinx.coroutines.scheduling.CoroutineScheduler$Worker.run(CoroutineScheduler.kt:684)
2025-11-10 19:49:15.173 15674-15732 ContractCodeStorage     com.cdccreditsmart.app               D  Saved to Protected Storage
2025-11-10 19:49:15.201 15674-15732 ContractCodeStorage     com.cdccreditsmart.app               E  Failed to save to file: .cdc_contract_b1.enc (Ask Gemini)
                                                                                                    java.io.IOException: output file already exists, please use a new file: .cdc_contract_b1.enc
                                                                                                    	at androidx.security.crypto.EncryptedFile.openFileOutput(EncryptedFile.java:260)
                                                                                                    	at com.cdccreditsmart.app.storage.ContractCodeStorage.saveToEncryptedFileWithMAC(ContractCodeStorage.kt:344)
                                                                                                    	at com.cdccreditsmart.app.storage.ContractCodeStorage.saveToBackupFile1(ContractCodeStorage.kt:299)
                                                                                                    	at com.cdccreditsmart.app.storage.ContractCodeStorage.saveContractCode(ContractCodeStorage.kt:121)
                                                                                                    	at com.cdccreditsmart.app.security.SecureTokenStorage.saveAuthToken(SecureTokenStorage.kt:75)
                                                                                                    	at com.cdccreditsmart.app.auth.AuthenticationOrchestrator.validateTokenOnServer(AuthenticationOrchestrator.kt:91)
                                                                                                    	at com.cdccreditsmart.app.auth.AuthenticationOrchestrator.access$validateTokenOnServer(AuthenticationOrchestrator.kt:19)
                                                                                                    	at com.cdccreditsmart.app.auth.AuthenticationOrchestrator$validateTokenOnServer$1.invokeSuspend(Unknown Source:15)
                                                                                                    	at kotlin.coroutines.jvm.internal.BaseContinuationImpl.resumeWith(ContinuationImpl.kt:34)
                                                                                                    	at kotlinx.coroutines.DispatchedTask.run(DispatchedTask.kt:108)
                                                                                                    	at kotlinx.coroutines.internal.LimitedDispatcher$Worker.run(LimitedDispatcher.kt:115)
                                                                                                    	at kotlinx.coroutines.scheduling.TaskImpl.run(Tasks.kt:103)
                                                                                                    	at kotlinx.coroutines.scheduling.CoroutineScheduler.runSafely(CoroutineScheduler.kt:584)
                                                                                                    	at kotlinx.coroutines.scheduling.CoroutineScheduler$Worker.executeTask(CoroutineScheduler.kt:793)
                                                                                                    	at kotlinx.coroutines.scheduling.CoroutineScheduler$Worker.runWorker(CoroutineScheduler.kt:697)
                                                                                                    	at kotlinx.coroutines.scheduling.CoroutineScheduler$Worker.run(CoroutineScheduler.kt:684)
2025-11-10 19:49:15.229 15674-15732 ContractCodeStorage     com.cdccreditsmart.app               E  Failed to save to file: .sys_device_cfg.enc (Ask Gemini)
                                                                                                    java.io.IOException: output file already exists, please use a new file: .sys_device_cfg.enc
                                                                                                    	at androidx.security.crypto.EncryptedFile.openFileOutput(EncryptedFile.java:260)
                                                                                                    	at com.cdccreditsmart.app.storage.ContractCodeStorage.saveToEncryptedFileWithMAC(ContractCodeStorage.kt:344)
                                                                                                    	at com.cdccreditsmart.app.storage.ContractCodeStorage.saveToBackupFile2(ContractCodeStorage.kt:307)
                                                                                                    	at com.cdccreditsmart.app.storage.ContractCodeStorage.saveContractCode(ContractCodeStorage.kt:122)
                                                                                                    	at com.cdccreditsmart.app.security.SecureTokenStorage.saveAuthToken(SecureTokenStorage.kt:75)
                                                                                                    	at com.cdccreditsmart.app.auth.AuthenticationOrchestrator.validateTokenOnServer(AuthenticationOrchestrator.kt:91)
                                                                                                    	at com.cdccreditsmart.app.auth.AuthenticationOrchestrator.access$validateTokenOnServer(AuthenticationOrchestrator.kt:19)
                                                                                                    	at com.cdccreditsmart.app.auth.AuthenticationOrchestrator$validateTokenOnServer$1.invokeSuspend(Unknown Source:15)
                                                                                                    	at kotlin.coroutines.jvm.internal.BaseContinuationImpl.resumeWith(ContinuationImpl.kt:34)
                                                                                                    	at kotlinx.coroutines.DispatchedTask.run(DispatchedTask.kt:108)
                                                                                                    	at kotlinx.coroutines.internal.LimitedDispatcher$Worker.run(LimitedDispatcher.kt:115)
                                                                                                    	at kotlinx.coroutines.scheduling.TaskImpl.run(Tasks.kt:103)
                                                                                                    	at kotlinx.coroutines.scheduling.CoroutineScheduler.runSafely(CoroutineScheduler.kt:584)
                                                                                                    	at kotlinx.coroutines.scheduling.CoroutineScheduler$Worker.executeTask(CoroutineScheduler.kt:793)
                                                                                                    	at kotlinx.coroutines.scheduling.CoroutineScheduler$Worker.runWorker(CoroutineScheduler.kt:697)
                                                                                                    	at kotlinx.coroutines.scheduling.CoroutineScheduler$Worker.run(CoroutineScheduler.kt:684)
2025-11-10 19:49:15.258 15674-15732 ContractCodeStorage     com.cdccreditsmart.app               E  Failed to save to file: .android_secure.enc (Ask Gemini)
                                                                                                    java.io.IOException: output file already exists, please use a new file: .android_secure.enc
                                                                                                    	at androidx.security.crypto.EncryptedFile.openFileOutput(EncryptedFile.java:260)
                                                                                                    	at com.cdccreditsmart.app.storage.ContractCodeStorage.saveToEncryptedFileWithMAC(ContractCodeStorage.kt:344)
                                                                                                    	at com.cdccreditsmart.app.storage.ContractCodeStorage.saveToBackupFile3(ContractCodeStorage.kt:315)
                                                                                                    	at com.cdccreditsmart.app.storage.ContractCodeStorage.saveContractCode(ContractCodeStorage.kt:123)
                                                                                                    	at com.cdccreditsmart.app.security.SecureTokenStorage.saveAuthToken(SecureTokenStorage.kt:75)
                                                                                                    	at com.cdccreditsmart.app.auth.AuthenticationOrchestrator.validateTokenOnServer(AuthenticationOrchestrator.kt:91)
