2025-12-09 12:19:04.219  3207-3261  ShellTrans..._interrupt pid-3207                             D  isOpenOrCloseMode: falseisInterruptedTask: false isSplitMode: false isTranssionLauncher: false
2025-12-09 12:19:04.219  3207-3261  ShellTrans..._interrupt pid-3207                             D  isIconLaunchRemoteTransitionInterrupted isopenorclose: false   mHasPlayingTransitions: false mFinishHasPlayingTransitions: false
2025-12-09 12:19:04.219  3207-3261  ShellTrans..._interrupt pid-3207                             D  processReadyQueuemIfTransitionReUseLeash: false
2025-12-09 12:19:04.219  3207-3261  WindowManagerShell      pid-3207                             V  Playing animation for (#61) android.os.BinderProxy@d791898@0
2025-12-09 12:19:04.219  3207-3261  ShellEventHandler       pid-3207                             D  onTransitionStarting OPEN token=android.os.BinderProxy@d791898
2025-12-09 12:19:04.219  3207-3261  ShellTrans..._interrupt pid-3207                             D  isOpenOrCloseMode: falseisInterruptedTask: false isSplitMode: false isTranssionLauncher: false
2025-12-09 12:19:04.219  3207-3261  ShellTrans..._interrupt pid-3207                             D  setupAnimHierarchy  ifNoReparentForInterrupt(info):  false ifMerge: false
2025-12-09 12:19:04.219  3207-3261  ShellTrans..._interrupt pid-3207                             D  isOpenOrCloseMode: falseisInterruptedTask: false isSplitMode: false isTranssionLauncher: false
2025-12-09 12:19:04.219  3207-3261  WindowManagerShell      pid-3207                             V   try handler com.android.wm.shell.transition.DefaultMixedHandler@df2ff0e
2025-12-09 12:19:04.219  3207-3261  WindowManagerShell      pid-3207                             V   try handler com.android.wm.shell.keyguard.KeyguardTransitionHandler@d010d2f
2025-12-09 12:19:04.219  3207-3261  WindowManagerShell      pid-3207                             V   try handler com.android.wm.shell.pip.PipTransition@cd11f3c
2025-12-09 12:19:04.219  3207-3261  WindowManagerShell      pid-3207                             V   try handler com.android.wm.shell.activityembedding.ActivityEmbeddingController@f6c4c5
2025-12-09 12:19:04.219  3207-3261  WindowManagerShell      pid-3207                             V   try handler com.android.wm.shell.recents.RecentsTransitionHandler@e63fe1a
2025-12-09 12:19:04.219  3207-3261  ShellRecents            pid-3207                             V  RecentsTransitionHandler.startAnimation: no controller found
2025-12-09 12:19:04.219  3207-3261  WindowManagerShell      pid-3207                             V   try handler com.android.wm.shell.splitscreen.StageCoordinator@a1b4d4b
2025-12-09 12:19:04.219  3207-3261  WindowManagerShell      pid-3207                             V   try handler com.android.wm.shell.transition.RemoteTransitionHandler@22ef328
2025-12-09 12:19:04.219  3207-3261  WindowManagerShell      pid-3207                             V  Transition doesn't have explicit remote, search filters for match for {id=61 t=OPEN f=0x40000 trk=0 opt={t=CUSTOM enterResId=0 exitResId=0} r=[0@Point(0, 0)] c=[{WCT{android.window.IWindowContainerToken$Stub$Proxy@ee3b062} m=OPEN f=TRANSLUCENT leash=Surface(name=Task=18)/@0x2332644 sb=Rect(0, 0 - 1080, 2436) eb=Rect(0, 0 - 1080, 2436) mSimplifyStartAbsBounds=Rect(846, 833 - 1008, 995) d=0 taskParent=-1}]}
2025-12-09 12:19:04.219  3207-3261  WindowManagerShell      pid-3207                             V   Delegate animation for (#61) to null
2025-12-09 12:19:04.219  3207-3261  WindowManagerShell      pid-3207                             V   try handler com.android.wm.shell.transition.DefaultTransitionHandler@503e841
2025-12-09 12:19:04.219  3207-3261  WindowManagerShell      pid-3207                             V  start default transition animation, info = {id=61 t=OPEN f=0x40000 trk=0 opt={t=CUSTOM enterResId=0 exitResId=0} r=[0@Point(0, 0)] c=[{WCT{android.window.IWindowContainerToken$Stub$Proxy@ee3b062} m=OPEN f=TRANSLUCENT leash=Surface(name=Task=18)/@0x2332644 sb=Rect(0, 0 - 1080, 2436) eb=Rect(0, 0 - 1080, 2436) mSimplifyStartAbsBounds=Rect(846, 833 - 1008, 995) d=0 taskParent=-1}]}
2025-12-09 12:19:04.220  3207-3261  ShellTransitions        pid-3207                             D  isCustomizedsSceneAnimType = 0
2025-12-09 12:19:04.220  1561-1665  ActivityTaskManager     pid-1561                             I  this = Task{3c6bcd #18 type=standard A=10269:com.instagram.android} is in Transition
2025-12-09 12:19:04.220  3207-3261  WindowManagerShell      pid-3207                             V  loadAnimation: anim=android.view.animation.AnimationSet@95e62b0 animAttr=0x4 type=OPEN isEntrance=true
2025-12-09 12:19:04.221  3207-3261  ShellTrans..._interrupt pid-3207                             D  dispatchTransition: consumed by com.android.wm.shell.transition.DefaultTransitionHandler@503e841
2025-12-09 12:19:04.221  3207-3261  WindowManagerShell      pid-3207                             V   animated by com.android.wm.shell.transition.DefaultTransitionHandler@503e841
2025-12-09 12:19:04.228  1561-1661  _T_AppBehavior          pid-1561                             I  APP_START_OCCURRED (pid:19837, packageName:com.facebook.appmanager, transitionType:7, launchedActivityName:com.facebook.oxygen.appmanager.ui.landing.StubInstallActivity, callerPackage:com.instagram.android, currentTransitionDelayMs:583, startingWindowDelayMs:-1, bindApplicationDelayMs:255, windowsDrawnDelayMs:575,compilationReason:2, compilationFilter:4 )
2025-12-09 12:19:04.233 19837-19837 TranClassInfo           pid-19837                            D  instance successfully. com.transsion.hubcore.app.TranAppImpl@33906b0 from com.transsion.hubcore.app.ITranApp
2025-12-09 12:19:04.233  1561-1669  TranSuccCrashMgr        pid-1561                             I  Post key event: type=0, event=wm_activity_launch_time0,com.facebook.appmanager/com.facebook.oxygen.appmanager.ui.landing.StubInstallActivity,575, ext=null
2025-12-09 12:19:04.234  1561-1661  ActivityTaskManager     pid-1561                             I  Displayed com.facebook.appmanager/com.facebook.oxygen.appmanager.ui.landing.StubInstallActivity for user 0: +575ms
2025-12-09 12:19:04.235  1561-1661  WindowManager           pid-1561                             V  Sent Transition (#61) createdAt=12-09 12:19:03.648 via request=TransitionRequestInfo { type = OPEN, triggerTask = TaskInfo{userId=0 taskId=18 displayId=0 isRunning=true baseIntent=Intent { act=android.intent.action.MAIN cat=[android.intent.category.LAUNCHER] flg=0x10200000 pkg=com.instagram.android cmp=com.instagram.android/.activity.MainTabActivity } baseActivity=ComponentInfo{com.instagram.android/com.instagram.android.activity.MainTabActivity} topActivity=ComponentInfo{com.instagram.android/com.instagram.android.activity.MainTabActivity} origActivity=null realActivity=ComponentInfo{com.instagram.android/com.instagram.android.activity.MainTabActivity} numActivities=1 lastActiveTime=486191 supportsMultiWindow=false resizeMode=1 isResizeable=true minWidth=-1 minHeight=-1 defaultMinSize=110 token=WCT{RemoteToken{fb818d9 Task{3c6bcd #18 type=standard A=10269:com.instagram.android}}} topActivityType=1 pictureInPictureParams=null shouldDockBigOverlays=false launchIntoPipHostTaskId=-1 lastParentTaskIdBeforePip=-1 displayCutoutSafeInsets=Rect(0, 99 - 0, 0) topActivityInfo=ActivityInfo{9cae29e com.instagram.android.activity.MainTabActivity} launchCookies=[android.os.BinderProxy@a2d17f] positionInParent=Point(0, 0) parentTaskId=-1 isFocused=false isVisible=false isVisibleRequested=false isSleeping=false locusId=null displayAreaFeatureId=1 isTopActivityTransparent=true appCompatTaskInfo=AppCompatTaskInfo { topActivityInSizeCompat=false topActivityEligibleForLetterboxEducation= falseisLetterboxEducationEnabled= false isLetterboxDoubleTapEnabled= false topActivityEligibleForUserAspectRatioButton= false topActivityBoundsLetterboxed= false isFromLetterboxDoubleTap= false topActivityLetterboxVerticalPosition= -1 topActivityLetterboxHorizontalPosition= -1 topActivityLetterboxWidth=1080 topActivityLetterboxHeight=2436 isUserFullscreenOverrideEnabled=false isSystemFullscreenOverrideEnabled=false cameraCompatTaskInfo=CameraCompatTaskInfo { cameraCompatControlState=hidden freeformCameraCompatMode=inactive}}}, pipTask = null, remoteTransition = null, displayChange = null, flags = 0, debugId = 61 }
2025-12-09 12:19:04.236 19837-19837 os.FrameworkDoorMan     pid-19837                            D  add field mTypefaceNative to class android.graphics.Paint by source-modified.
2025-12-09 12:19:04.236 19837-19837 os.FrameworkDoorMan     pid-19837                            D  add field mOSTypefaceFlag to class android.graphics.Paint by source-modified.
2025-12-09 12:19:04.237 19837-19837 CompatChangeReporter    pid-19837                            D  Compat change id reported: 63938206; UID 10214; state: ENABLED
2025-12-09 12:19:04.241  1561-1661  WindowManager           pid-1561                             V      startWCT=WindowContainerTransaction { changes = {} hops = [] errorCallbackToken=null taskFragmentOrganizer=null mInterrupt=false }
2025-12-09 12:19:04.241  1561-1661  WindowManager           pid-1561                             V      info={id=61 t=OPEN f=0x40000 trk=0 opt={t=CUSTOM enterResId=0 exitResId=0} r=[0@Point(0, 0)] c=[
                                                                                                            {WCT{RemoteToken{fb818d9 Task{3c6bcd #18 type=standard A=10269:com.instagram.android}}} m=OPEN f=TRANSLUCENT leash=Surface(name=Task=18)/@0x510efd8 sb=Rect(0, 0 - 1080, 2436) eb=Rect(0, 0 - 1080, 2436) mSimplifyStartAbsBounds=Rect(846, 833 - 1008, 995) d=0 taskParent=-1}
                                                                                                        ]}
2025-12-09 12:19:04.244  1561-3819  UserManagerService      pid-1561                             W  Requested status bar icon for non-badged user 0
2025-12-09 12:19:04.244 19837-19837 CompatChangeReporter    pid-19837                            D  Compat change id reported: 270674727; UID 10214; state: ENABLED
2025-12-09 12:19:04.246  1021-1089  SurfaceFlinger          pid-1021                             D  [SF client] NEW(0xb4000073a32e97c0) for (19837:com.facebook.appmanager)
2025-12-09 12:19:04.248 19837-19837 VRI[StubIn...lActivity] pid-19837                            D  hardware acceleration = true, forceHwAccelerated = false
2025-12-09 12:19:04.248 19837-19837 ViewRootImpl            pid-19837                            D  setView appearance:0 com.facebook.appmanager/com.facebook.oxygen.appmanager.ui.landing.StubInstallActivity
2025-12-09 12:19:04.250  1021-1089  BufferQueueDebug        pid-1021                             I  [9086995 com.facebook.appmanager/com.facebook.oxygen.appmanager.ui.landing.StubInstallActivity#786](this:0xb4000073434aa168,id:-1,api:0,p:-1,c:-1) BufferQueue core=(1021:/system/bin/surfaceflinger)
2025-12-09 12:19:04.252  1561-1993  WindowManager           pid-1561                             D  currentFocusId 0 newFocusId: 0 currentFocusIsMultiWindow: false newFocusIsMultiWindow: false
2025-12-09 12:19:04.252  1561-1993  WindowManager           pid-1561                             W  Changing focus from Window{701b9f7 u0 com.facebook.appmanager/com.facebook.oxygen.appmanager.ui.landing.StubInstallActivity} to Window{9086995 u0 com.facebook.appmanager/com.facebook.oxygen.appmanager.ui.landing.StubInstallActivity} displayId=0 Callers=com.android.server.wm.RootWindowContainer.updateFocusedWindowLocked:528 com.android.server.wm.WindowManagerService.updateFocusedWindowLocked:6847 com.android.server.wm.WindowManagerService.addWindow:2076 com.android.server.wm.Session.addToDisplayAsUser:257 
2025-12-09 12:19:04.252  1561-1993  WindowManager           pid-1561                             D  notifyAppOnFocusChange focusedWindow = com.facebook.appmanager/com.facebook.oxygen.appmanager.ui.landing.StubInstallActivity mFocusChangeCallback = android.window.IFocusChangeCallback$Stub$Proxy@86340c0
2025-12-09 12:19:04.253  1021-1089  BufferQueueDebug        pid-1021                             I  [Surface(name=89807f8 NavigationBar0)/@0xbcd2c22 - animation-leash of insets_animation#787](this:0xb4000073434dd588,id:-1,api:0,p:-1,c:-1) BufferQueue core=(1021:/system/bin/surfaceflinger)
2025-12-09 12:19:04.256  1021-4282  BufferQueueDebug        pid-1021                             I  [Surface(name=f3e8a90 StatusBar)/@0x2bad06d - animation-leash of insets_animation#788](this:0xb4000073434d1f48,id:-1,api:0,p:-1,c:-1) BufferQueue core=(1021:/system/bin/surfaceflinger)
2025-12-09 12:19:04.258  1561-1993  WindowManager           pid-1561                             D  updateSystemBarAttributes appearance:16, win appearance:0, opaqueAppearance:0, win:Window{9086995 u0 com.facebook.appmanager/com.facebook.oxygen.appmanager.ui.landing.StubInstallActivity}, appearanceRegions=[AppearanceRegion{ bounds=[0,0][1080,2436]}]
2025-12-09 12:19:04.258  1561-1993  TranDisplayJamMonitor   pid-1561                             D  Transparent window overlay on focus window. WindowInfo:Window{3544c8c u0 ZeroScreen}
2025-12-09 12:19:04.258  1561-1993  TranDisplayJamMonitor   pid-1561                             D  checkExceptionWindowResult = 1025
2025-12-09 12:19:04.258  1561-1993  TranDisplayJamMonitor   pid-1561                             D  check display window jam detection:Window{9086995 u0 com.facebook.appmanager/com.facebook.oxygen.appmanager.ui.landing.StubInstallActivity}
2025-12-09 12:19:04.258  1561-1993  TranDisplayJamMonitor   pid-1561                             D  remove screen rotation animation detection
2025-12-09 12:19:04.259 19837-19837 InputEventReceiver      pid-19837                            D  Input log is disabled in InputEventReceiver.
2025-12-09 12:19:04.260  3207-3207  StatusBarM...Repository pid-3207                             I  isInFullscreenMode:false com.facebook.appmanager
2025-12-09 12:19:04.263   907-907   Zygote                  pid-907                              D  Forked child process 20905
2025-12-09 12:19:04.265  1561-3775  CoreBackPreview         pid-1561                             D  Window{9086995 u0 com.facebook.appmanager/com.facebook.oxygen.appmanager.ui.landing.StubInstallActivity}: Setting back callback OnBackInvokedCallbackInfo{mCallback=android.window.IOnBackInvokedCallback$Stub$Proxy@e51da26, mPriority=0, mIsAnimationCallback=false}
2025-12-09 12:19:04.269   957-992   libPerfCtl              pid-957                              I  xgfGetFPS pid:3207 fps:-1
2025-12-09 12:19:04.269   957-992   AppThermalMode          pid-957                              I  [perfNotifyThermalState] hdl:0
2025-12-09 12:19:04.269   957-992   AppThermalMode          pid-957                              I  [findAppThermalIdx] Fail: appThermalModeEnable: 0,currentFPS: -1,fg->pid:19837
2025-12-09 12:19:04.269   957-992   AppThermalMode          pid-957                              I  [perfNotifyThermalState] appThermalIdx -1:
2025-12-09 12:19:04.269   957-992   libPerfCtl              pid-957                              I  xgfGetFPS pid:3605 fps:39
2025-12-09 12:19:04.269   957-992   AppThermalMode          pid-957                              I  [perfNotifyThermalState] hdl:0
2025-12-09 12:19:04.269   957-992   AppThermalMode          pid-957                              I  [findAppThermalIdx] Fail: appThermalModeEnable: 0,currentFPS: -1,fg->pid:19837
2025-12-09 12:19:04.269   957-992   AppThermalMode          pid-957                              I  [perfNotifyThermalState] appThermalIdx -1:
2025-12-09 12:19:04.269   957-992   libPerfCtl              pid-957                              I  xgfGetFPS pid:8105 fps:-1
2025-12-09 12:19:04.269   957-992   AppThermalMode          pid-957                              I  [perfNotifyThermalState] hdl:0
2025-12-09 12:19:04.269   957-992   AppThermalMode          pid-957                              I  [findAppThermalIdx] Fail: appThermalModeEnable: 0,currentFPS: -1,fg->pid:19837
2025-12-09 12:19:04.269   957-992   AppThermalMode          pid-957                              I  [perfNotifyThermalState] appThermalIdx -1:
2025-12-09 12:19:04.270   957-992   libPerfCtl              pid-957                              I  xgfGetFPS pid:14217 fps:-1
2025-12-09 12:19:04.270   957-992   AppThermalMode          pid-957                              I  [perfNotifyThermalState] hdl:0
2025-12-09 12:19:04.270   957-992   AppThermalMode          pid-957                              I  [findAppThermalIdx] Fail: appThermalModeEnable: 0,currentFPS: -1,fg->pid:19837
2025-12-09 12:19:04.270   957-992   AppThermalMode          pid-957                              I  [perfNotifyThermalState] appThermalIdx -1:
2025-12-09 12:19:04.270   957-992   libPerfCtl              pid-957                              I  xgfGetFPS pid:19837 fps:-1
2025-12-09 12:19:04.270   957-992   AppThermalMode          pid-957                              I  [perfNotifyThermalState] hdl:0
2025-12-09 12:19:04.270   957-992   AppThermalMode          pid-957                              I  [findAppThermalIdx] Fail: appThermalModeEnable: 0,currentFPS: -1,fg->pid:19837
2025-12-09 12:19:04.270   957-992   AppThermalMode          pid-957                              I  [perfNotifyThermalState] appThermalIdx -1:
2025-12-09 12:19:04.274 19837-20871 mali                    pid-19837                            I  [DebugProp] GPU Debug-Mechanism Disable !
2025-12-09 12:19:04.275  1561-1832  ActivityManager         pid-1561                             W  Slow operation: 51ms so far, now at startProcess: returned from zygote!
2025-12-09 12:19:04.288  1021-4282  BufferQueueDebug        pid-1021                             I  [com.facebook.appmanager/com.facebook.oxygen.appmanager.ui.landing.StubInstallActivity#789](this:0xb4000073434eb958,id:-1,api:0,p:-1,c:-1) BufferQueue core=(1021:/system/bin/surfaceflinger)
2025-12-09 12:19:04.289  3207-3757  VersionsUtils           pid-3207                             I   getVersion mCurrentVersion 20202088
2025-12-09 12:19:04.289  3207-3757  IslandManager           pid-3207                             I  checkIslandPermission result true granted 1
2025-12-09 12:19:04.289  3207-3757  IslandManager           pid-3207                             W  cancel islandId 10006 not exist in mIslandIdsSet
2025-12-09 12:19:04.295  1561-3072  TranAppBri...Controller pid-1561                             D  [handleMessage] msg type: 1001 isCloudEnabled: true
2025-12-09 12:19:04.301  1561-1665  SurfaceComposerClient   pid-1561                             D  Transaction::apply InputWindowCommands.focusRequests timestamp=486817589259, windowName=9086995 com.facebook.appmanager/com.facebook.oxygen.appmanager.ui.landing.StubInstallActivity
2025-12-09 12:19:04.303  1561-1832  ActivityManager         pid-1561                             W  Slow operation: 79ms so far, now at startProcess: done updating battery stats
2025-12-09 12:19:04.303  1561-1832  ActivityManager         pid-1561                             W  Slow operation: 80ms so far, now at startProcess: building log message
2025-12-09 12:19:04.303  1561-1832  ActivityManager         pid-1561                             I  Start proc 20905:com.facebook.system/u0a208 for content provider {com.facebook.system/com.facebook.oxygen.installer.api.AppManagerApiProvider}
2025-12-09 12:19:04.304  1561-1832  ActivityManager         pid-1561                             W  Slow operation: 80ms so far, now at startProcess: starting to update pids map
2025-12-09 12:19:04.309  1561-3072  WindowManager           pid-1561                             D  getTopPackages# topPackages = []
2025-12-09 12:19:04.310 20905-20905 facebook.system         pid-20905                            I  Using CollectorTypeCMC GC.
2025-12-09 12:19:04.310  1561-1832  ActivityManager         pid-1561                             W  Slow operation: 86ms so far, now at startProcess: done updating pids map
2025-12-09 12:19:04.316 20905-20905 facebook.system         pid-20905                            E  Not starting debugger since process cannot load the jdwp agent.
2025-12-09 12:19:04.317  1021-1021  SurfaceFlinger          pid-1021                             D  Focus addInputWindowCommands timestamp=486817589259, windowName=9086995 com.facebook.appmanager/com.facebook.oxygen.appmanager.ui.landing.StubInstallActivity
2025-12-09 12:19:04.321  1021-2033  SurfaceFlinger          pid-1021                             D  updateWinowInfo=1, setFocusedWindow timestamp=486817589259, windowName=9086995 com.facebook.appmanager/com.facebook.oxygen.appmanager.ui.landing.StubInstallActivity
2025-12-09 12:19:04.321 19837-19837 BufferQueueConsumer     pid-19837                            D  [](id:4d7d00000001,api:0,p:-1,c:19837) connect: controlledByApp=false
2025-12-09 12:19:04.322 19837-19837 BLASTBufferQueue        pid-19837                            D  [VRI[StubInstallActivity]#1](f:0,a:0) constructor()
2025-12-09 12:19:04.322 19837-19837 BLASTBufferQueue        pid-19837                            D  [VRI[StubInstallActivity]#1](f:0,a:0) update width=1056 height=841 format=-3 mTransformHint=0
2025-12-09 12:19:04.322  1021-1095  surfaceflinger          pid-1021                             E  == MALI DEBUG ===eglp_winsys_populate_image_templates ==12288
2025-12-09 12:19:04.323 20905-20905 nativeloader            pid-20905                            D  Load libframework-connectivity-tiramisu-jni.so using APEX ns com_android_tethering for caller /apex/com.android.tethering/javalib/framework-connectivity-t.jar: ok
2025-12-09 12:19:04.349 20905-20905 TranInstanceHelper      pid-20905                            W  Failed to instance com.transsion.hubcore.linkplus.implement.app.TranActivityThreadLinkplusImpl, java.lang.ClassNotFoundException: com.transsion.hubcore.linkplus.implement.app.TranActivityThreadLinkplusImpl
2025-12-09 12:19:04.349  5975-19751 TAG_AppListProvider     pid-5975                             D  2 sql SELECT DISTINCT network_acceleration FROM t_game_settings WHERE package_name=?
2025-12-09 12:19:04.350 20905-20905 TranClassInfo           pid-20905                            D  instance successfully. com.transsion.hubcore.app.TranActivityThreadImpl@4a6edbd from com.transsion.hubcore.app.ITranActivityThread
2025-12-09 12:19:04.353 20905-20905 os.SingleLice           pid-20905                            D  instance successfully. com.transsion.widget.v3.FloatingToolbarLice@4b0ffb2 from com.transsion.widget.FloatingToolbarLiceFactory
2025-12-09 12:19:04.353 20905-20905 os.SingleLiceFactory    pid-20905                            D  instance successfully. com.transsion.widget.v3.FloatingToolbarLice@4b0ffb2 from android.app.IActivityThreadLice
2025-12-09 12:19:04.354 20905-20905 os.SingleLice           pid-20905                            D  instance successfully. com.transsion.common.v1.CommonLice@2f14b03 from com.transsion.common.CommonLiceFactory
2025-12-09 12:19:04.354 20905-20905 os.SingleLiceFactory    pid-20905                            D  instance successfully. com.transsion.common.v1.CommonLice@2f14b03 from android.app.IActivityThreadLice
2025-12-09 12:19:04.354 20831-20831 dex2oat32               pid-20831                            I  dex2oat took 1.102s (787.407ms cpu) (threads: 8) arena alloc=0B (0B) java alloc=1163KB (1191632B) native alloc=1648KB (1687744B) free=1879KB (1924144B)
2025-12-09 12:19:04.355 20905-20905 os.SingleLiceFactory    pid-20905                            D  instance successfully. com.transsion.typeface.v1.TypefaceLice@cea0a80 from android.app.IActivityThreadLice
2025-12-09 12:19:04.356 20905-20905 os.SingleLiceFactory    pid-20905                            D  using android.app.IActivityThreadLice$DefaultImpl@dd9a8b9 instead of com.transsion.sun.SunLiceFactory  from android.app.IActivityThreadLice
2025-12-09 12:19:04.357 20905-20905 os.SingleLice           pid-20905                            D  instance successfully. com.transsion.fdleak.FdLeakLice@f2b64fe from com.transsion.fdleak.FdLeakLiceFactory
2025-12-09 12:19:04.357 20905-20905 os.SingleLiceFactory    pid-20905                            D  instance successfully. com.transsion.fdleak.FdLeakLice@f2b64fe from android.app.IActivityThreadLice
2025-12-09 12:19:04.357 20905-20905 os.LiceInfo             pid-20905                            D  instance successfully. com.transsion.app.ActivityThreadLice@8b3945f from android.app.IActivityThreadLice
2025-12-09 12:19:04.362  1561-1993  ActivityManager         pid-1561                             V  New death recipient com.android.server.am.ActivityManagerService$AppDeathRecipient@5f172b2 for thread android.os.BinderProxy@6c4203
2025-12-09 12:19:04.365  1561-1993  os.Activit...erviceLice pid-1561                             D  make process active com.facebook.system(20905)
2025-12-09 12:19:04.368  1561-1662  ApplicationHelper       pid-1561                             E  Fail to get PackageManager
2025-12-09 12:19:04.375 20905-20905 TranClassInfo           pid-20905                            D  instance successfully. com.transsion.hubcore.graphics.TranGraphicImpl@c254eac from com.transsion.hubcore.graphics.ITranGraphic
2025-12-09 12:19:04.376 20905-20905 os.SingleLiceFactory    pid-20905                            D  instance successfully. com.transsion.typeface.v1.TypefaceLice@cea0a80 from android.graphics.IGraphicLice
2025-12-09 12:19:04.376 20905-20905 os.LiceInfo             pid-20905                            D  instance successfully. com.transsion.graphics.GraphicLice@ee31775 from android.graphics.IGraphicLice
2025-12-09 12:19:04.379 20905-20905 CompatChangeReporter    pid-20905                            D  Compat change id reported: 202956589; UID 10208; state: ENABLED
2025-12-09 12:19:04.390 20905-20905 DebugTheme...emeUpdated pid-20905                            D  reload start !TranResourcesUtils.isRunningOnSystemServer()=true currentForegroundUser=0
2025-12-09 12:19:04.410  5975-14492 ScenesManager           pid-5975                             I  put createTaskId com.instagram.android18
2025-12-09 12:19:04.412 19837-20871 BLASTBufferQueue        pid-19837                            D  [VRI[StubInstallActivity]#1](f:0,a:1) acquireNextBufferLocked size=1056x841 mFrameNumber=1 applyTransaction=true mTimestamp=486933243413(auto) mPendingTransactions.size=0 graphicBufferId=85199266250758 transform=0
2025-12-09 12:19:04.413  1021-1095  surfaceflinger          pid-1021                             E  == MALI DEBUG ===eglp_winsys_populate_image_templates ==12288
2025-12-09 12:19:04.413  1561-3775  WindowManager           pid-1561                             D  System monitor finishDrawingWindow w: Window{9086995 u0 com.facebook.appmanager/com.facebook.oxygen.appmanager.ui.landing.StubInstallActivity}; mDrawState = DRAW_PENDING
2025-12-09 12:19:04.413  1561-1891  mtkpower_client         pid-1561                             I  perf_lock_rel, hdl:1019, tid:1891
2025-12-09 12:19:04.414   957-1017  libPowerHal             pid-957                              I  [PD] system_server update cmd:1408300 param:0
2025-12-09 12:19:04.414  1021-1088  SurfaceFlinger          pid-1021                             I  onHandleDestroyed: name=Surface(name=89807f8 NavigationBar0)/@0xbcd2c22 - animation-leash of insets_animation#782, layerId=782, parentId=0
2025-12-09 12:19:04.415  1561-1665  WindowManager           pid-1561                             I    isAnimating=false  okToAnimate=true  win=Window{9086995 u0 com.facebook.appmanager/com.facebook.oxygen.appmanager.ui.landing.StubInstallActivity}
2025-12-09 12:19:04.415  1021-1088  SurfaceFlinger          pid-1021                             I  onHandleDestroyed: name=Surface(name=f3e8a90 StatusBar)/@0x2bad06d - animation-leash of insets_animation#783, layerId=783, parentId=0
2025-12-09 12:19:04.416  1021-1088  BufferQueueDebug        pid-1021                             I  [Surface(name=9086995 com.facebook.appmanager/com.facebook.oxygen.appmanager.ui.landing.StubInstallActivity)/@0x96e5675 - animation-leash of window_animation#790](this:0xb4000073434ff848,id:-1,api:0,p:-1,c:-1) BufferQueue core=(1021:/system/bin/surfaceflinger)
2025-12-09 12:19:04.417  1021-1021  BufferQueueDebug        pid-1021                             I  [Surface(name=89807f8 NavigationBar0)/@0xbcd2c22 - animation-leash of insets_animation#782](this:0xb4000073434b57a8,id:-1,api:0,p:-1,c:1021) onDestructor()
2025-12-09 12:19:04.417  1021-1021  BufferQueueDebug        pid-1021                             I  [Surface(name=f3e8a90 StatusBar)/@0x2bad06d - animation-leash of insets_animation#783](this:0xb4000073435080f8,id:-1,api:0,p:-1,c:1021) onDestructor()
2025-12-09 12:19:04.421  1561-1993  ActivityTa...er_Recents pid-1561                             D  	excludeFromRecents=true, taskIndex = 3, isOnHomeDisplay: false, isAnimatingByRecents: false
2025-12-09 12:19:04.421   957-975   mtkpower@impl           pid-957                              I  [setMode] type:5, enabled:0
2025-12-09 12:19:04.421  1561-1993  ActivityTa...er_Recents pid-1561                             D  Although task#Task=14 has FLAG_ACTIVITY_EXCLUDE_FROM_RECENTS, but it's in whiteList, so keep it
2025-12-09 12:19:04.421  1561-1993  ActivityTa...er_Recents pid-1561                             D  	excludeFromRecents=true, taskIndex = 4, isOnHomeDisplay: false, isAnimatingByRecents: false
2025-12-09 12:19:04.421  1561-1993  ActivityTa...er_Recents pid-1561                             D  Although task#Task=13 has FLAG_ACTIVITY_EXCLUDE_FROM_RECENTS, but it's in whiteList, so keep it
2025-12-09 12:19:04.422  1561-1993  PowerHalWrapper         pid-1561                             I  amsBoostStop AMS_BOOST_PACK_SWITCH:false, AMS_BOOST_ACT_SWITCH:false, AMS_BOOST_PROCESS_CREATE:true, AMS_BOOST_PROCESS_CREATE_FOR_GAME:false, AMS_BOOST_HOT_LAUNCH:false 
2025-12-09 12:19:04.422   957-1017  libPowerHal             pid-957                              I  [unsetGPUFreq] current min:0, max:0; scn_gpu_min:0, scn_gpu_max:-1; scn_gpu_min(HL):-1, scn_gpu_max(HL):-1
2025-12-09 12:19:04.422   957-1017  libPowerHal             pid-957                              I  [setGPUFreq] Soft min/max = (0, 0); Hard min/max = (44, 0)
2025-12-09 12:19:04.422   957-1017  libPowerHal             pid-957                              I  [setGPUFreq] final min/max = (0, 0)
2025-12-09 12:19:04.422   957-1017  libPowerHal             pid-957                              I  LAUNCH: set gpu opp level: 0
2025-12-09 12:19:04.423  5975-14492 THubApi                 pid-5975                             D  getWindowingMode TaskInfo{userId=0 taskId=18 displayId=0 isRunning=true baseIntent=Intent { act=android.intent.action.MAIN cat=[android.intent.category.LAUNCHER] flg=0x10200000 pkg=com.instagram.android cmp=com.instagram.android/.activity.MainTabActivity } baseActivity=ComponentInfo{com.facebook.appmanager/com.facebook.oxygen.appmanager.ui.landing.StubInstallActivity} topActivity=ComponentInfo{com.facebook.appmanager/com.facebook.oxygen.appmanager.ui.landing.StubInstallActivity} origActivity=null realActivity=ComponentInfo{com.instagram.android/com.instagram.android.activity.MainTabActivity} numActivities=1 lastActiveTime=486935 supportsMultiWindow=true resizeMode=1 isResizeable=true minWidth=-1 minHeight=-1 defaultMinSize=110 token=WCT{android.window.IWindowContainerToken$Stub$Proxy@9e67fab} topActivityType=1 pictureInPictureParams=null shouldDockBigOverlays=false launchIntoPipHostTaskId=-1 lastParentTaskIdBeforePip=-1 displayCutoutSafeInsets=null topActivityInfo=ActivityInfo{b4ca608 com.facebook.oxygen.appmanager.ui.landing.StubInstallActivity} launchCookies=[android.os.BinderProxy@79f641c] positionInParent=Point(0, 0) parentTaskId=-1 isFocused=true isVisible=true isVisibleRequested=true isSleeping=false locusId=null displayAreaFeatureId=1 isTopActivityTransparent=true appCompatTaskInfo=AppCompatTaskInfo { topActivityInSizeCompat=false topActivityEligibleForLetterboxEducation= falseisLetterboxEducationEnabled= false isLetterboxDoubleTapEnabled= false topActivityEligibleForUserAspectRatioButton= false topActivityBoundsLetterboxed= false isFromLetterboxDoubleTap= false topActivityLetterboxVerticalPosition= -1 topActivityLetterboxHorizontalPosition= -1 topActivityLetterboxWidth=1080 topActivityLetterboxHeight=2436 isUserFullscreenOverrideEnabled=false isSystemFullscreenOverrideEnabled=false cameraCompatTaskInfo=CameraCompatTaskInfo { cameraCompatControlState=hidden freeformCameraCompatMode=inactive}}}
2025-12-09 12:19:04.424   957-1017  libPowerHal             pid-957                              I  LAUNCH: set gpu opp level max: 0
2025-12-09 12:19:04.424   957-1017  libPowerHal             pid-957                              I  [PD] LAUNCH update cmd:1408700, param:100
2025-12-09 12:19:04.424 20905-20905 nativeloader            pid-20905                            D  Configuring clns-shared-7 for other apk /tr_preload/priv-app/MetaAppInstaller/MetaAppInstaller.apk. target_sdk_version=35, uses_libraries=, library_path=/tr_preload/priv-app/MetaAppInstaller/lib/arm64:/system/lib64:/system_ext/lib64, permitted_path=/data:/mnt/expand:/data/user/0/com.facebook.system:/tr_preload/priv-app/MetaAppInstaller:/system/lib64:/system_ext/lib64
2025-12-09 12:19:04.425 20324-20324 artd                    pid-20324                            I  dex2oat returned code 0
2025-12-09 12:19:04.426  1021-4282  BufferQueueDebug        pid-1021                             I  [Dim Layer for - WindowedMagnification:0:31#791](this:0xb4000073434934e8,id:-1,api:0,p:-1,c:-1) BufferQueue core=(1021:/system/bin/surfaceflinger)
2025-12-09 12:19:04.427   957-974   mtkpower@impl           pid-957                              I  [mtkPowerHint] hint:21, hold:0, ext:30, ext_hold:30000
2025-12-09 12:19:04.427  1195-1230  uas-service             pid-1195                             D  thread(pid=1666) ux_exact_android.anim.lf is uxtag 0x100420 ref 0x1
2025-12-09 12:19:04.427   957-974   AppFlingMode            pid-957                              D  [CheckAppFlingHint] 30 com.facebook.appmanager -1
2025-12-09 12:19:04.428   957-1017  libPowerHal             pid-957                              I  [PD] MTKPOWER_HINT_PROCESS_CREATE update cmd:300c000 param:0
2025-12-09 12:19:04.428  1561-1712  mtkpower_client         pid-1561                             I  perf_cus_lock_hint hint:101, dur:220, pid:1561
2025-12-09 12:19:04.429   957-974   AppFlingMode            pid-957                              D  [CheckAppFlingHint] 101 com.facebook.appmanager -1
2025-12-09 12:19:04.429   957-1017  libPowerHal             pid-957                              I  [PD] MTKPOWER_HINT_PROCESS_CREATE update cmd:2054400, param:1
2025-12-09 12:19:04.433   957-1017  libPowerHal             pid-957                              I  [PD] MTKPOWER_HINT_PROCESS_CREATE update cmd:1000000 param:-1
2025-12-09 12:19:04.441  1561-1712  mtkpower_client         pid-1561                             I  perf_cus_lock_hint, ret_hdl:1021
2025-12-09 12:19:04.441  1561-1712  PowerHalMgrImpl         pid-1561                             I  hdl:1021, pid:1561 
2025-12-09 12:19:04.441  1561-1712  mtkpower_client         pid-1561                             I  perf_cus_lock_hint hint:101, dur:220, pid:1561
2025-12-09 12:19:04.441   957-974   AppFlingMode            pid-957                              D  [CheckAppFlingHint] 101 com.facebook.appmanager -1
2025-12-09 12:19:04.441   957-1017  libPowerHal             pid-957                              I  [setGPUFreq] MTKPOWER_HINT_LAUNCHER_ANIMA user set gpu freq min:0, max:-1
2025-12-09 12:19:04.441   957-1017  libPowerHal             pid-957                              I  MTKPOWER_HINT_LAUNCHER_ANIMA: set gpu opp level max: 0
2025-12-09 12:19:04.441   957-1017  libPowerHal             pid-957                              I  [setGPUFreq] Soft min/max = (0, 0); Hard min/max = (44, 0)
2025-12-09 12:19:04.441   957-1017  libPowerHal             pid-957                              I  [setGPUFreq] final min/max = (0, 0)
2025-12-09 12:19:04.441   957-1017  libPowerHal             pid-957                              I  MTKPOWER_HINT_LAUNCHER_ANIMA: set gpu opp level: 0
2025-12-09 12:19:04.441   957-1017  libPowerHal             pid-957                              I  MTKPOWER_HINT_LAUNCHER_ANIMA: set gpu opp level max: 0
2025-12-09 12:19:04.442  1561-1712  mtkpower_client         pid-1561                             I  perf_cus_lock_hint, ret_hdl:1022
2025-12-09 12:19:04.442  1561-1712  PowerHalMgrImpl         pid-1561                             I  hdl:1022, pid:1561 
2025-12-09 12:19:04.443  1561-1662  ApplicationHelper       pid-1561                             E  Fail to get PackageManager
2025-12-09 12:19:04.443 20905-20905 CompatChangeReporter    pid-20905                            D  Compat change id reported: 279646685; UID 10208; state: ENABLED
2025-12-09 12:19:04.443  1561-1662  ApplicationHelper       pid-1561                             E  Fail to get PackageManager
2025-12-09 12:19:04.443  1561-1662  ApplicationHelper       pid-1561                             E  Fail to get PackageManager
2025-12-09 12:19:04.443  1561-1662  ApplicationHelper       pid-1561                             E  Fail to get PackageManager
2025-12-09 12:19:04.444  1561-1662  ApplicationHelper       pid-1561                             E  Fail to get PackageManager
2025-12-09 12:19:04.444  1561-1662  ApplicationHelper       pid-1561                             E  Fail to get PackageManager
2025-12-09 12:19:04.444  1561-1662  ApplicationHelper       pid-1561                             E  Fail to get PackageManager
2025-12-09 12:19:04.444  1561-1662  ApplicationHelper       pid-1561                             E  Fail to get PackageManager
2025-12-09 12:19:04.444  1561-1662  ApplicationHelper       pid-1561                             E  Fail to get PackageManager
2025-12-09 12:19:04.444  1561-1662  ApplicationHelper       pid-1561                             E  Fail to get PackageManager
2025-12-09 12:19:04.444  1561-1662  ApplicationHelper       pid-1561                             E  Fail to get PackageManager
2025-12-09 12:19:04.444  1561-1662  ApplicationHelper       pid-1561                             E  Fail to get PackageManager
2025-12-09 12:19:04.444  1561-1662  ApplicationHelper       pid-1561                             E  Fail to get PackageManager
2025-12-09 12:19:04.444  1561-1662  ApplicationHelper       pid-1561                             E  Fail to get PackageManager
2025-12-09 12:19:04.444  1561-1662  ApplicationHelper       pid-1561                             E  Fail to get PackageManager
2025-12-09 12:19:04.444  1561-1662  ApplicationHelper       pid-1561                             E  Fail to get PackageManager
2025-12-09 12:19:04.444  1561-1662  ApplicationHelper       pid-1561                             E  Fail to get PackageManager
2025-12-09 12:19:04.444  1561-1662  ApplicationHelper       pid-1561                             E  Fail to get PackageManager
2025-12-09 12:19:04.444  1561-1662  ApplicationHelper       pid-1561                             E  Fail to get PackageManager
2025-12-09 12:19:04.444  1561-1662  ApplicationHelper       pid-1561                             E  Fail to get PackageManager
2025-12-09 12:19:04.444  1561-5214  ArtService              pid-1561                             I  Dexopt result: [packageName = com.google.android.gms] DexContainerFileDexoptResult{dexContainerFile=/data/user_de/10/com.google.android.gms/app_chimera/m/0000000f/dl-VisionOcr.optional_251036100000.apk, primaryAbi=true, abi=arm64-v8a, actualCompilerFilter=verify, status=PERFORMED, dex2oatWallTimeMillis=1330, dex2oatCpuTimeMillis=910, sizeBytes=68072, sizeBeforeBytes=0, extendedStatusFlags=[]}
2025-12-09 12:19:04.445 20905-20905 GraphicsEnvironment     pid-20905                            V  Currently set values for:
2025-12-09 12:19:04.445 20905-20905 GraphicsEnvironment     pid-20905                            V    angle_gl_driver_selection_pkgs=[]
2025-12-09 12:19:04.445 20905-20905 GraphicsEnvironment     pid-20905                            V    angle_gl_driver_selection_values=[]
2025-12-09 12:19:04.445 20905-20905 GraphicsEnvironment     pid-20905                            V  Global.Settings values are invalid: number of packages: 0, number of values: 0
2025-12-09 12:19:04.445 20905-20905 GraphicsEnvironment     pid-20905                            V  Neither updatable production driver nor prerelease driver is supported.
2025-12-09 12:19:04.446  1561-1891  GcBackgroundFeature     pid-1561                             W  set HeapTaskThread = 3621 to 0-5
2025-12-09 12:19:04.446 20324-20324 artd                    pid-20324                            I  Dex parent of /data/user_de/10/com.google.android.gms/app_chimera/m/0000000b/dl-MlkitBarcodeUi.optional_251036100400.apk is not writable: Permission denied
2025-12-09 12:19:04.447 20324-20324 artd                    pid-20324                            I  GetBestInfo checking odex in dalvik-cache (/data/dalvik-cache/arm64/data@user_de@10@com.google.android.gms@app_chimera@m@0000000b@dl-MlkitBarcodeUi.optional_251036100400.apk@classes.dex)
2025-12-09 12:19:04.447 20324-20324 artd                    pid-20324                            I  Loading /data/dalvik-cache/arm64/data@user_de@10@com.google.android.gms@app_chimera@m@0000000b@dl-MlkitBarcodeUi.optional_251036100400.apk@classes.dex with executable: 0
2025-12-09 12:19:04.447 20324-20324 artd                    pid-20324                            I  OatFileAssistant test for existing oat file /data/dalvik-cache/arm64/data@user_de@10@com.google.android.gms@app_chimera@m@0000000b@dl-MlkitBarcodeUi.optional_251036100400.apk@classes.dex: File /data/dalvik-cache/arm64/data@user_de@10@com.google.android.gms@app_chimera@m@0000000b@dl-MlkitBarcodeUi.optional_251036100400.apk@classes.vdex does not exist.
2025-12-09 12:19:04.447 20324-20324 artd                    pid-20324                            I  GetBestInfo checking odex next to the dex file (/data/user_de/10/com.google.android.gms/app_chimera/m/0000000b/oat/arm64/dl-MlkitBarcodeUi.optional_251036100400.odex)
2025-12-09 12:19:04.447 20324-20324 artd                    pid-20324                            I  Loading /data/user_de/10/com.google.android.gms/app_chimera/m/0000000b/oat/arm64/dl-MlkitBarcodeUi.optional_251036100400.odex with executable: 0
2025-12-09 12:19:04.447   957-1017  libPowerHal             pid-957                              I  [setGPUFreq] MTKPOWER_HINT_LAUNCHER_ANIMA user set gpu freq min:0, max:-1
2025-12-09 12:19:04.447   957-1017  libPowerHal             pid-957                              I  MTKPOWER_HINT_LAUNCHER_ANIMA: set gpu opp level max: 0
2025-12-09 12:19:04.447   957-1017  libPowerHal             pid-957                              I  [setGPUFreq] Soft min/max = (0, 0); Hard min/max = (44, 0)
2025-12-09 12:19:04.447   957-1017  libPowerHal             pid-957                              I  [setGPUFreq] final min/max = (0, 0)
2025-12-09 12:19:04.447   957-1017  libPowerHal             pid-957                              I  MTKPOWER_HINT_LAUNCHER_ANIMA: set gpu opp level: 0
2025-12-09 12:19:04.447   957-1017  libPowerHal             pid-957                              I  MTKPOWER_HINT_LAUNCHER_ANIMA: set gpu opp level max: 0
2025-12-09 12:19:04.448 20324-20324 artd                    pid-20324                            I  Successfully loaded /data/user_de/10/com.google.android.gms/app_chimera/m/0000000b/oat/arm64/dl-MlkitBarcodeUi.optional_251036100400.odex with executable: 0
2025-12-09 12:19:04.448 20324-20324 artd                    pid-20324                            I  /data/user_de/10/com.google.android.gms/app_chimera/m/0000000b/oat/arm64/dl-MlkitBarcodeUi.optional_251036100400.odex is kOatUpToDate with filter verify
2025-12-09 12:19:04.449 20324-20324 artd                    pid-20324                            I  Should not recompile
2025-12-09 12:19:04.449  1561-5214  ArtService              pid-1561                             I  Dexopt result: [packageName = com.google.android.gms] DexContainerFileDexoptResult{dexContainerFile=/data/user_de/10/com.google.android.gms/app_chimera/m/0000000b/dl-MlkitBarcodeUi.optional_251036100400.apk, primaryAbi=true, abi=arm64-v8a, actualCompilerFilter=verify, status=SKIPPED, dex2oatWallTimeMillis=0, dex2oatCpuTimeMillis=0, sizeBytes=0, sizeBeforeBytes=0, extendedStatusFlags=[]}
2025-12-09 12:19:04.451 20324-20324 artd                    pid-20324                            I  Dex parent of /data/user_de/0/com.google.android.gms/app_chimera/m/00000002/DynamiteLoader.apk is not writable: Permission denied
2025-12-09 12:19:04.451 20324-20324 artd                    pid-20324                            I  GetBestInfo checking odex in dalvik-cache (/data/dalvik-cache/arm64/data@user_de@0@com.google.android.gms@app_chimera@m@00000002@DynamiteLoader.apk@classes.dex)
2025-12-09 12:19:04.451 20324-20324 artd                    pid-20324                            I  Loading /data/dalvik-cache/arm64/data@user_de@0@com.google.android.gms@app_chimera@m@00000002@DynamiteLoader.apk@classes.dex with executable: 0
2025-12-09 12:19:04.451 20324-20324 artd                    pid-20324                            I  OatFileAssistant test for existing oat file /data/dalvik-cache/arm64/data@user_de@0@com.google.android.gms@app_chimera@m@00000002@DynamiteLoader.apk@classes.dex: File /data/dalvik-cache/arm64/data@user_de@0@com.google.android.gms@app_chimera@m@00000002@DynamiteLoader.apk@classes.vdex does not exist.
2025-12-09 12:19:04.451 20324-20324 artd                    pid-20324                            I  GetBestInfo checking odex next to the dex file (/data/user_de/0/com.google.android.gms/app_chimera/m/00000002/oat/arm64/DynamiteLoader.odex)
2025-12-09 12:19:04.451 20324-20324 artd                    pid-20324                            I  Loading /data/user_de/0/com.google.android.gms/app_chimera/m/00000002/oat/arm64/DynamiteLoader.odex with executable: 0
2025-12-09 12:19:04.451  5975-14492 THubApi                 pid-5975                             I  isTheMainScreen classname: com.facebook.oxygen.appmanager.ui.landing.StubInstallActivity  pkg:com.facebook.appmanager
2025-12-09 12:19:04.452 20324-20324 artd                    pid-20324                            I  Successfully loaded /data/user_de/0/com.google.android.gms/app_chimera/m/00000002/oat/arm64/DynamiteLoader.odex with executable: 0
2025-12-09 12:19:04.452 20324-20324 artd                    pid-20324                            I  /data/user_de/0/com.google.android.gms/app_chimera/m/00000002/oat/arm64/DynamiteLoader.odex is kOatUpToDate with filter verify
2025-12-09 12:19:04.452 20324-20324 artd                    pid-20324                            I  Should not recompile
2025-12-09 12:19:04.452  1561-5214  ArtService              pid-1561                             I  Dexopt result: [packageName = com.google.android.gms] DexContainerFileDexoptResult{dexContainerFile=/data/user_de/0/com.google.android.gms/app_chimera/m/00000002/DynamiteLoader.apk, primaryAbi=true, abi=arm64-v8a, actualCompilerFilter=verify, status=SKIPPED, dex2oatWallTimeMillis=0, dex2oatCpuTimeMillis=0, sizeBytes=0, sizeBeforeBytes=0, extendedStatusFlags=[]}
2025-12-09 12:19:04.453 20905-20905 LoadedApk               pid-20905                            I  No resource references to update in package com.transsion.theme.icon
2025-12-09 12:19:04.453  1561-3775  TranActivi...gerService pid-1561                             D  isTheMainScreen, displayId = 0, classname = com.facebook.oxygen.appmanager.ui.landing.StubInstallActivity
2025-12-09 12:19:04.454 20324-20324 artd                    pid-20324                            I  Dex parent of /data/user_de/0/com.google.android.gms/app_chimera/m/0000000a/dl-TfliteDynamiteDynamite.integ_243930801100400.apk is not writable: Permission denied
2025-12-09 12:19:04.455 20324-20324 artd                    pid-20324                            I  GetBestInfo checking odex in dalvik-cache (/data/dalvik-cache/arm64/data@user_de@0@com.google.android.gms@app_chimera@m@0000000a@dl-TfliteDynamiteDynamite.integ_243930801100400.apk@classes.dex)
2025-12-09 12:19:04.455 20324-20324 artd                    pid-20324                            I  Loading /data/dalvik-cache/arm64/data@user_de@0@com.google.android.gms@app_chimera@m@0000000a@dl-TfliteDynamiteDynamite.integ_243930801100400.apk@classes.dex with executable: 0
