2025-12-16 13:56:52.946  2391-2524  creditsmart.app         com.cdccreditsmart.app               W  Verification of java.lang.Object m.kl.a() took 458.826ms (39.23 bytecodes/s) (0B arena alloc)
2025-12-16 13:56:53.363  2391-2546  SecureTokenStorage      com.cdccreditsmart.app               D  EncryptedSharedPreferences initialized successfully
2025-12-16 13:56:53.363  2391-2546  ContractCodeStorage     com.cdccreditsmart.app               D  Retrieving contract code from storage
2025-12-16 13:56:53.487  2391-2524  creditsmart.app         com.cdccreditsmart.app               W  Verification of java.lang.Object m.nr.a() took 470.314ms (36.15 bytecodes/s) (0B arena alloc)
2025-12-16 13:56:54.095  2391-2391  creditsmart.app         com.cdccreditsmart.app               W  Verification of void androidx.compose.ui.platform.AndroidComposeView.<init>(android.content.Context, kotlin.coroutines.CoroutineContext) took 459.333ms (1865.75 bytecodes/s) (0B arena alloc)
2025-12-16 13:56:54.209  2391-2546  ContractCodeStorage     com.cdccreditsmart.app               D  Storage verification: 0 valid, 0 tampered, 7 missing
2025-12-16 13:56:54.210  2391-2546  ContractCodeStorage     com.cdccreditsmart.app               W  No valid contract code found in any location
2025-12-16 13:56:54.214  2391-2546  SecureTokenStorage      com.cdccreditsmart.app               E  âŒ Nenhum identificador MDM disponÃ­vel!
2025-12-16 13:56:54.214  2391-2546  CdcForegroundService    com.cdccreditsmart.app               I  ğŸ” AuthToken presente: false
2025-12-16 13:56:54.214  2391-2546  CdcForegroundService    com.cdccreditsmart.app               I  ğŸ” AuthToken length: 0
2025-12-16 13:56:54.214  2391-2546  CdcForegroundService    com.cdccreditsmart.app               I  ğŸ” ContractCode presente: false
2025-12-16 13:56:54.214  2391-2546  CdcForegroundService    com.cdccreditsmart.app               I  ğŸ” ContractCode value: null****
2025-12-16 13:56:54.214  2391-2546  CdcForegroundService    com.cdccreditsmart.app               I  ğŸ” MDM SerialNumber presente: false
2025-12-16 13:56:54.214  2391-2546  CdcForegroundService    com.cdccreditsmart.app               I  ğŸ” MDM SerialNumber value: ......
2025-12-16 13:56:54.214  2391-2546  CdcForegroundService    com.cdccreditsmart.app               I  ğŸ“± ========================================
2025-12-16 13:56:54.214  2391-2546  CdcForegroundService    com.cdccreditsmart.app               I  ğŸ“± AGUARDANDO PAIRING - MDM EM STANDBY
2025-12-16 13:56:54.214  2391-2546  CdcForegroundService    com.cdccreditsmart.app               I  ğŸ“± O usuÃ¡rio ainda nÃ£o fez o pareamento inicial
2025-12-16 13:56:54.214  2391-2546  CdcForegroundService    com.cdccreditsmart.app               I  ğŸ“± ServiÃ§os MDM serÃ£o ativados apÃ³s inserir cÃ³digo do contrato
2025-12-16 13:56:54.214  2391-2546  CdcForegroundService    com.cdccreditsmart.app               I  ğŸ“± NOTA: isMdmInitialized permanece FALSE para permitir reinicializaÃ§Ã£o
2025-12-16 13:56:54.214  2391-2546  CdcForegroundService    com.cdccreditsmart.app               I  ğŸ“± ========================================
2025-12-16 13:56:54.277  2391-2524  creditsmart.app         com.cdccreditsmart.app               W  Verification of boolean m.xr.equals(java.lang.Object) took 777.415ms (21.87 bytecodes/s) (0B arena alloc)
2025-12-16 13:56:54.296  2391-2524  ConfigurationContentLdr com.cdccreditsmart.app               W  ContentProvider query returned null cursor, using default values
2025-12-16 13:56:54.926  2391-2524  FA                      com.cdccreditsmart.app               I  App measurement initialized, version: 118001
2025-12-16 13:56:54.986  2391-2524  FA                      com.cdccreditsmart.app               I  To enable debug logging run: adb shell setprop log.tag.FA VERBOSE
2025-12-16 13:56:54.986  2391-2524  FA                      com.cdccreditsmart.app               I  To enable faster debug mode event logging run:
                                                                                                      adb shell setprop debug.firebase.analytics.app com.cdccreditsmart.app
2025-12-16 13:56:55.443  2391-2524  creditsmart.app         com.cdccreditsmart.app               W  Verification of java.lang.Object m.bi.h(m.bi, m.be, m.acv) took 158.858ms (100.72 bytecodes/s) (0B arena alloc)
2025-12-16 13:56:55.785  2391-2546  SettingsGuardService    com.cdccreditsmart.app               D  ğŸ“‹ Activity check - Full: null, Simple: null
2025-12-16 13:56:56.259  2391-2524  creditsmart.app         com.cdccreditsmart.app               W  Verification of java.lang.Object m.afw.a(java.lang.Object) took 143.834ms (132.10 bytecodes/s) (0B arena alloc)
2025-12-16 13:56:56.661  2391-2391  creditsmart.app         com.cdccreditsmart.app               W  Verification of boolean androidx.compose.ui.input.pointer.NodeParent.buildCache(androidx.collection.LongSparseArray, androidx.compose.ui.layout.LayoutCoordinates, androidx.compose.ui.input.pointer.InternalPointerEvent, boolean) took 100.933ms (465.65 bytecodes/s) (0B arena alloc)
2025-12-16 13:56:57.049  2391-2895  adservices              com.cdccreditsmart.app               E  Failed to bind to measurement service: com.android.adservices.shared.common.exception.ServiceUnavailableException: Service is not available.
2025-12-16 13:56:57.665  2391-2524  FA                      com.cdccreditsmart.app               I  Tag Manager is not found and thus will not be used
2025-12-16 13:56:58.799  2391-2546  SettingsGuardService    com.cdccreditsmart.app               D  ğŸ“‹ Activity check - Full: null, Simple: null
2025-12-16 13:56:59.491  2391-2396  creditsmart.app         com.cdccreditsmart.app               W  Suspending all threads took: 97.349ms
2025-12-16 13:56:59.596  2391-2396  creditsmart.app         com.cdccreditsmart.app               I  Background concurrent mark compact GC freed 6091KB AllocSpace bytes, 130(5160KB) LOS objects, 49% free, 4558KB/9116KB, paused 100.255ms,3.789ms total 841.361ms
2025-12-16 13:57:00.358  2391-2392  creditsmart.app         com.cdccreditsmart.app               I  Thread[2,tid=2392,WaitingInMainSignalCatcherLoop,Thread*=0x7f15aa3a12c0,peer=0x2002f70,"Signal Catcher"]: reacting to signal 3
2025-12-16 13:57:00.358  2391-2392  creditsmart.app         com.cdccreditsmart.app               I  
2025-12-16 13:57:01.089  2391-2392  creditsmart.app         com.cdccreditsmart.app               I  Wrote stack traces to tombstoned
2025-12-16 13:57:01.253  2391-2391  creditsmart.app         com.cdccreditsmart.app               W  Verification of kotlin.Unit com.cdccreditsmart.app.navigation.NavigationKt.CDCNavigation$lambda$0$0(androidx.navigation.NavHostController, android.content.Context, androidx.navigation.NavGraphBuilder) took 136.534ms (4980.43 bytecodes/s) (0B arena alloc)
2025-12-16 13:57:02.333  2391-2391  creditsmart.app         com.cdccreditsmart.app               W  Verification of void androidx.navigation.compose.NavHostKt.NavHost(androidx.navigation.NavHostController, java.lang.String, androidx.compose.ui.Modifier, androidx.compose.ui.Alignment, java.lang.String, kotlin.jvm.functions.Function1, kotlin.jvm.functions.Function1, kotlin.jvm.functions.Function1, kotlin.jvm.functions.Function1, kotlin.jvm.functions.Function1, androidx.compose.runtime.Composer, int, int) took 790.470ms (888.08 bytecodes/s) (0B arena alloc)
2025-12-16 13:57:02.905  2391-2391  creditsmart.app         com.cdccreditsmart.app               W  Verification of java.lang.Object androidx.navigation.NavType$Companion$FloatType$1.parseValue(java.lang.String) took 121.529ms (41.14 bytecodes/s) (0B arena alloc)
2025-12-16 13:57:08.251  2391-2546  ServiceWatchdogWorker   com.cdccreditsmart.app               I  ğŸ” ========================================
2025-12-16 13:57:08.251  2391-2546  ServiceWatchdogWorker   com.cdccreditsmart.app               I  ğŸ” WATCHDOG: Verificando CdcForegroundService
2025-12-16 13:57:08.251  2391-2546  ServiceWatchdogWorker   com.cdccreditsmart.app               I  ğŸ” ========================================
2025-12-16 13:57:08.253  2391-2546  KeepAliveManager        com.cdccreditsmart.app               D  âœ… CdcForegroundService estÃ¡ ativo
2025-12-16 13:57:08.267  2391-2402  HWUI                    com.cdccreditsmart.app               I  Davey! duration=16195ms; Flags=1, FrameTimelineVsyncId=11794, IntendedVsync=35334260768, Vsync=35567594092, InputEventId=0, HandleInputStart=35572727700, AnimationStart=35572745900, PerformTraversalsStart=35572766400, DrawStart=50895995900, FrameDeadline=35350927434, FrameStartTime=35570164100, FrameInterval=16666666, WorkloadTarget=16666666, SyncQueued=51324702400, SyncStart=51331375100, IssueDrawCommandsStart=51334307400, SwapBuffers=51430586000, FrameCompleted=51536410900, DequeueBufferDuration=16200, QueueBufferDuration=637600, GpuCompleted=51536332900, SwapBuffersCompleted=51536410900, DisplayPresentTime=0, CommandSubmissionCompleted=51430586000, 
2025-12-16 13:57:08.286  2391-2546  ServiceWatchdogWorker   com.cdccreditsmart.app               I  ğŸ“Š EstatÃ­sticas Keep Alive:
2025-12-16 13:57:08.286  2391-2546  ServiceWatchdogWorker   com.cdccreditsmart.app               I     - ServiÃ§o ativo: true
2025-12-16 13:57:08.286  2391-2546  ServiceWatchdogWorker   com.cdccreditsmart.app               I     - Restarts: 0
2025-12-16 13:57:08.286  2391-2546  ServiceWatchdogWorker   com.cdccreditsmart.app               I     - OtimizaÃ§Ã£o bateria: SIM (ruim)
2025-12-16 13:57:08.286  2391-2546  ServiceWatchdogWorker   com.cdccreditsmart.app               I  ğŸ” ========================================
2025-12-16 13:57:08.286  2391-2546  ServiceWatchdogWorker   com.cdccreditsmart.app               I  âœ… WATCHDOG: ServiÃ§o verificado/reiniciado com sucesso
2025-12-16 13:57:08.296  2391-2534  WM-WorkerWrapper        com.cdccreditsmart.app               I  Worker result SUCCESS for Work [ id=0dbfc5f2-3443-4171-bd7a-d02940750429, tags={ com.cdccreditsmart.app.keepalive.ServiceWatchdogWorker } ]
2025-12-16 13:57:08.494  2391-2391  creditsmart.app         com.cdccreditsmart.app               W  Verification of void androidx.compose.runtime.snapshots.ReadonlySnapshot.<clinit>() took 105.572ms (47.36 bytecodes/s) (0B arena alloc)
2025-12-16 13:57:08.531  2391-2391  PermissionGateScreen    com.cdccreditsmart.app               I  ğŸ” VERIFICAÃ‡ÃƒO INICIAL DE PERMISSÃ•ES:
2025-12-16 13:57:08.531  2391-2391  PermissionGateScreen    com.cdccreditsmart.app               I     NÃ­vel: BASIC
2025-12-16 13:57:08.531  2391-2391  PermissionGateScreen    com.cdccreditsmart.app               I     Todas concedidas: false
2025-12-16 13:57:08.539  2391-2391  PermissionGateScreen    com.cdccreditsmart.app               I     Bateria isenta: false
2025-12-16 13:57:08.542  2391-2391  PermissionGateScreen    com.cdccreditsmart.app               W     âŒ FALTA: Administrador do Dispositivo
2025-12-16 13:57:08.542  2391-2391  PermissionGateScreen    com.cdccreditsmart.app               W     âŒ FALTA: PermissÃµes BÃ¡sicas
2025-12-16 13:57:08.542  2391-2391  PermissionGateScreen    com.cdccreditsmart.app               W     âŒ FALTA: Monitoramento de Apps
2025-12-16 13:57:08.542  2391-2391  PermissionGateScreen    com.cdccreditsmart.app               W     âŒ FALTA: Mostrar Alertas
2025-12-16 13:57:08.542  2391-2391  PermissionGateScreen    com.cdccreditsmart.app               W     âŒ FALTA: ExecuÃ§Ã£o em Segundo Plano
2025-12-16 13:57:08.542  2391-2391  PermissionGateScreen    com.cdccreditsmart.app               I  ========================================
2025-12-16 13:57:08.542  2391-2391  PermissionGateScreen    com.cdccreditsmart.app               I  ğŸšª PERMISSION GATE SCREEN INICIADO
2025-12-16 13:57:08.542  2391-2391  PermissionGateScreen    com.cdccreditsmart.app               I  ========================================
2025-12-16 13:57:08.542  2391-2391  PermissionGateScreen    com.cdccreditsmart.app               I  NÃ­vel de privilÃ©gio: BASIC
2025-12-16 13:57:08.543  2391-2391  PermissionGateScreen    com.cdccreditsmart.app               I  PermissÃµes concedidas: 0
2025-12-16 13:57:08.543  2391-2391  PermissionGateScreen    com.cdccreditsmart.app               I  PermissÃµes faltando: 5
2025-12-16 13:57:08.543  2391-2391  PermissionGateScreen    com.cdccreditsmart.app               W    âŒ Administrador do Dispositivo
2025-12-16 13:57:08.543  2391-2391  PermissionGateScreen    com.cdccreditsmart.app               W    âŒ PermissÃµes BÃ¡sicas
2025-12-16 13:57:08.543  2391-2391  PermissionGateScreen    com.cdccreditsmart.app               W    âŒ Monitoramento de Apps
2025-12-16 13:57:08.543  2391-2391  PermissionGateScreen    com.cdccreditsmart.app               W    âŒ Mostrar Alertas
2025-12-16 13:57:08.543  2391-2391  PermissionGateScreen    com.cdccreditsmart.app               W    âŒ ExecuÃ§Ã£o em Segundo Plano
2025-12-16 13:57:08.543  2391-2391  PermissionGateScreen    com.cdccreditsmart.app               I  ========================================
2025-12-16 13:57:08.543  2391-2391  PermissionGateScreen    com.cdccreditsmart.app               D  â° Iniciando verificaÃ§Ã£o periÃ³dica de permissÃµes...
2025-12-16 13:57:08.562  2391-2391  Choreographer           com.cdccreditsmart.app               I  Skipped 905 frames!  The application may be doing too much work on its main thread.
2025-12-16 13:57:08.585  2391-2391  SimChangeBroadcastRcvr  com.cdccreditsmart.app               D  ğŸ”’ SIM SWAP: BroadcastReceiver acionado com action: android.intent.action.SIM_STATE_CHANGED
2025-12-16 13:57:08.585  2391-2391  SimChangeBroadcastRcvr  com.cdccreditsmart.app               D  ğŸ”’ SIM SWAP: Estado do SIM: LOADED
2025-12-16 13:57:08.585  2391-2391  SimChangeBroadcastRcvr  com.cdccreditsmart.app               I  ğŸ”’ SIM SWAP: SIM card foi carregado/preparado â†’ iniciando verificaÃ§Ã£o
2025-12-16 13:57:08.588  2391-2546  SimSwapManager          com.cdccreditsmart.app               I  ========================================
2025-12-16 13:57:08.588  2391-2546  SimSwapManager          com.cdccreditsmart.app               I  ğŸ”’ SIM SWAP: Iniciando verificaÃ§Ã£o de status do SIM
2025-12-16 13:57:08.588  2391-2546  SimSwapManager          com.cdccreditsmart.app               I  ========================================
2025-12-16 13:57:08.591  2391-2546  SimSwapDetector         com.cdccreditsmart.app               E  ğŸ”’ SIM SWAP: PermissÃ£o READ_PHONE_STATE NÃƒO CONCEDIDA!
2025-12-16 13:57:08.593  2391-2546  SimSwapManager          com.cdccreditsmart.app               E  ğŸ”’ SIM SWAP: Sem permissÃ£o READ_PHONE_STATE - verificaÃ§Ã£o cancelada
2025-12-16 13:57:08.593  2391-2546  SimSwapManager          com.cdccreditsmart.app               I  ========================================
2025-12-16 13:57:08.593  2391-2548  SimChangeBroadcastRcvr  com.cdccreditsmart.app               W  ğŸ”’ SIM SWAP: VerificaÃ§Ã£o falhou ou encontrou problemas
2025-12-16 13:57:08.688  2391-2391  CarrierConfigChanged    com.cdccreditsmart.app               I  â•â•â•â•â•â•â•â•â•â•â•â•â•â•â•â•â•â•â•â•â•â•â•â•â•â•â•â•â•â•â•â•â•â•â•â•â•â•â•â•â•â•â•â•â•â•â•â•â•â•â•â•â•â•â•â•
2025-12-16 13:57:08.688  2391-2391  CarrierConfigChanged    com.cdccreditsmart.app               I  Carrier Config Changed Detected
2025-12-16 13:57:08.688  2391-2391  CarrierConfigChanged    com.cdccreditsmart.app               I  â•â•â•â•â•â•â•â•â•â•â•â•â•â•â•â•â•â•â•â•â•â•â•â•â•â•â•â•â•â•â•â•â•â•â•â•â•â•â•â•â•â•â•â•â•â•â•â•â•â•â•â•â•â•â•â•
2025-12-16 13:57:08.705  2391-3379  ProfileInstaller        com.cdccreditsmart.app               D  Installing profile for com.cdccreditsmart.app
2025-12-16 13:57:08.758  2391-2391  CarrierConfigChanged    com.cdccreditsmart.app               E  Permission denied to read SIM info (Ask Gemini)
                                                                                                    java.lang.SecurityException: getIccSerialNumber: The uid 10217 does not meet the requirements to access device identifiers.
                                                                                                    	at android.os.Parcel.createExceptionOrNull(Parcel.java:3340)
                                                                                                    	at android.os.Parcel.createException(Parcel.java:3324)
                                                                                                    	at android.os.Parcel.readException(Parcel.java:3307)
                                                                                                    	at android.os.Parcel.readException(Parcel.java:3249)
                                                                                                    	at com.android.internal.telephony.IPhoneSubInfo$Stub$Proxy.getIccSerialNumberForSubscriber(IPhoneSubInfo.java:1331)
                                                                                                    	at android.telephony.TelephonyManager.getSimSerialNumber(TelephonyManager.java:4332)
                                                                                                    	at android.telephony.TelephonyManager.getSimSerialNumber(TelephonyManager.java:4289)
                                                                                                    	at com.cdccreditsmart.app.receivers.CarrierConfigChangedReceiver.handleCarrierConfigChanged(CarrierConfigChangedReceiver.kt:65)
                                                                                                    	at com.cdccreditsmart.app.receivers.CarrierConfigChangedReceiver.onReceive(CarrierConfigChangedReceiver.kt:47)
                                                                                                    	at android.app.ActivityThread.handleReceiver(ActivityThread.java:5029)
                                                                                                    	at android.app.ActivityThread.-$$Nest$mhandleReceiver(Unknown Source:0)
                                                                                                    	at android.app.ActivityThread$H.handleMessage(ActivityThread.java:2577)
                                                                                                    	at android.os.Handler.dispatchMessage(Handler.java:110)
                                                                                                    	at android.os.Looper.loopOnce(Looper.java:248)
                                                                                                    	at android.os.Looper.loop(Looper.java:338)
                                                                                                    	at android.app.ActivityThread.main(ActivityThread.java:9067)
                                                                                                    	at java.lang.reflect.Method.invoke(Native Method)
                                                                                                    	at com.android.internal.os.RuntimeInit$MethodAndArgsCaller.run(RuntimeInit.java:593)
                                                                                                    	at com.android.internal.os.ZygoteInit.main(ZygoteInit.java:932)
2025-12-16 13:57:08.815  2391-2546  OfflineEnf...mentWorker com.cdccreditsmart.app               I  ğŸ”„ ========================================
2025-12-16 13:57:08.815  2391-2546  OfflineEnf...mentWorker com.cdccreditsmart.app               I  ğŸ”„ OFFLINE ENFORCEMENT - EXECUTANDO
2025-12-16 13:57:08.815  2391-2546  OfflineEnf...mentWorker com.cdccreditsmart.app               I  ğŸ”„ ========================================
2025-12-16 13:57:08.824  2391-2391  CarrierConfigChanged    com.cdccreditsmart.app               I  â•â•â•â•â•â•â•â•â•â•â•â•â•â•â•â•â•â•â•â•â•â•â•â•â•â•â•â•â•â•â•â•â•â•â•â•â•â•â•â•â•â•â•â•â•â•â•â•â•â•â•â•â•â•â•â•
2025-12-16 13:57:08.824  2391-2391  CarrierConfigChanged    com.cdccreditsmart.app               I  Carrier Config Changed Detected
2025-12-16 13:57:08.829  2391-2391  CarrierConfigChanged    com.cdccreditsmart.app               I  â•â•â•â•â•â•â•â•â•â•â•â•â•â•â•â•â•â•â•â•â•â•â•â•â•â•â•â•â•â•â•â•â•â•â•â•â•â•â•â•â•â•â•â•â•â•â•â•â•â•â•â•â•â•â•â•
2025-12-16 13:57:08.885  2391-2391  CarrierConfigChanged    com.cdccreditsmart.app               E  Permission denied to read SIM info (Ask Gemini)
                                                                                                    java.lang.SecurityException: getIccSerialNumber: The uid 10217 does not meet the requirements to access device identifiers.
                                                                                                    	at android.os.Parcel.createExceptionOrNull(Parcel.java:3340)
                                                                                                    	at android.os.Parcel.createException(Parcel.java:3324)
                                                                                                    	at android.os.Parcel.readException(Parcel.java:3307)
                                                                                                    	at android.os.Parcel.readException(Parcel.java:3249)
                                                                                                    	at com.android.internal.telephony.IPhoneSubInfo$Stub$Proxy.getIccSerialNumberForSubscriber(IPhoneSubInfo.java:1331)
                                                                                                    	at android.telephony.TelephonyManager.getSimSerialNumber(TelephonyManager.java:4332)
                                                                                                    	at android.telephony.TelephonyManager.getSimSerialNumber(TelephonyManager.java:4289)
                                                                                                    	at com.cdccreditsmart.app.receivers.CarrierConfigChangedReceiver.handleCarrierConfigChanged(CarrierConfigChangedReceiver.kt:65)
                                                                                                    	at com.cdccreditsmart.app.receivers.CarrierConfigChangedReceiver.onReceive(CarrierConfigChangedReceiver.kt:47)
                                                                                                    	at android.app.ActivityThread.handleReceiver(ActivityThread.java:5029)
                                                                                                    	at android.app.ActivityThread.-$$Nest$mhandleReceiver(Unknown Source:0)
                                                                                                    	at android.app.ActivityThread$H.handleMessage(ActivityThread.java:2577)
                                                                                                    	at android.os.Handler.dispatchMessage(Handler.java:110)
                                                                                                    	at android.os.Looper.loopOnce(Looper.java:248)
                                                                                                    	at android.os.Looper.loop(Looper.java:338)
                                                                                                    	at android.app.ActivityThread.main(ActivityThread.java:9067)
                                                                                                    	at java.lang.reflect.Method.invoke(Native Method)
                                                                                                    	at com.android.internal.os.RuntimeInit$MethodAndArgsCaller.run(RuntimeInit.java:593)
                                                                                                    	at com.android.internal.os.ZygoteInit.main(ZygoteInit.java:932)
2025-12-16 13:57:08.987  2391-2524  FA                      com.cdccreditsmart.app               I  Application backgrounded at: timestamp_millis: 1765904219868
2025-12-16 13:57:09.515  2391-2391  CarrierConfigChanged    com.cdccreditsmart.app               I  â•â•â•â•â•â•â•â•â•â•â•â•â•â•â•â•â•â•â•â•â•â•â•â•â•â•â•â•â•â•â•â•â•â•â•â•â•â•â•â•â•â•â•â•â•â•â•â•â•â•â•â•â•â•â•â•
2025-12-16 13:57:09.516  2391-2391  CarrierConfigChanged    com.cdccreditsmart.app               I  Carrier Config Changed Detected
2025-12-16 13:57:09.516  2391-2391  CarrierConfigChanged    com.cdccreditsmart.app               I  â•â•â•â•â•â•â•â•â•â•â•â•â•â•â•â•â•â•â•â•â•â•â•â•â•â•â•â•â•â•â•â•â•â•â•â•â•â•â•â•â•â•â•â•â•â•â•â•â•â•â•â•â•â•â•â•
2025-12-16 13:57:09.562  2391-2546  OfflineEnf...mentWorker com.cdccreditsmart.app               I  â„¹ï¸ Sem dados offline - nada a fazer
2025-12-16 13:57:09.565  2391-2391  CarrierConfigChanged    com.cdccreditsmart.app               E  Permission denied to read SIM info (Ask Gemini)
                                                                                                    java.lang.SecurityException: getIccSerialNumber: The uid 10217 does not meet the requirements to access device identifiers.
                                                                                                    	at android.os.Parcel.createExceptionOrNull(Parcel.java:3340)
                                                                                                    	at android.os.Parcel.createException(Parcel.java:3324)
                                                                                                    	at android.os.Parcel.readException(Parcel.java:3307)
                                                                                                    	at android.os.Parcel.readException(Parcel.java:3249)
                                                                                                    	at com.android.internal.telephony.IPhoneSubInfo$Stub$Proxy.getIccSerialNumberForSubscriber(IPhoneSubInfo.java:1331)
                                                                                                    	at android.telephony.TelephonyManager.getSimSerialNumber(TelephonyManager.java:4332)
                                                                                                    	at android.telephony.TelephonyManager.getSimSerialNumber(TelephonyManager.java:4289)
                                                                                                    	at com.cdccreditsmart.app.receivers.CarrierConfigChangedReceiver.handleCarrierConfigChanged(CarrierConfigChangedReceiver.kt:65)
                                                                                                    	at com.cdccreditsmart.app.receivers.CarrierConfigChangedReceiver.onReceive(CarrierConfigChangedReceiver.kt:47)
                                                                                                    	at android.app.ActivityThread.handleReceiver(ActivityThread.java:5029)
                                                                                                    	at android.app.ActivityThread.-$$Nest$mhandleReceiver(Unknown Source:0)
                                                                                                    	at android.app.ActivityThread$H.handleMessage(ActivityThread.java:2577)
                                                                                                    	at android.os.Handler.dispatchMessage(Handler.java:110)
                                                                                                    	at android.os.Looper.loopOnce(Looper.java:248)
                                                                                                    	at android.os.Looper.loop(Looper.java:338)
                                                                                                    	at android.app.ActivityThread.main(ActivityThread.java:9067)
                                                                                                    	at java.lang.reflect.Method.invoke(Native Method)
                                                                                                    	at com.android.internal.os.RuntimeInit$MethodAndArgsCaller.run(RuntimeInit.java:593)
                                                                                                    	at com.android.internal.os.ZygoteInit.main(ZygoteInit.java:932)
2025-12-16 13:57:09.584  2391-2391  FactoryResetRecovery    com.cdccreditsmart.app               I  ========================================
2025-12-16 13:57:09.590  2391-2391  FactoryResetRecovery    com.cdccreditsmart.app               I  ğŸ”„ BOOT DETECTADO (android.intent.action.BOOT_COMPLETED) - Verificando recuperaÃ§Ã£o
2025-12-16 13:57:09.591  2391-2391  FactoryResetRecovery    com.cdccreditsmart.app               I  ========================================
2025-12-16 13:57:09.610  2391-2546  ContractCodeStorage     com.cdccreditsmart.app               D  Retrieving contract code from storage
2025-12-16 13:57:09.617  2391-2391  InteractionJankMonitor  com.cdccreditsmart.app               W  Initializing without READ_DEVICE_CONFIG permission. enabled=false, interval=1, missedFrameThreshold=3, frameTimeThreshold=64, package=com.cdccreditsmart.app
2025-12-16 13:57:09.620  2391-2456  WM-WorkerWrapper        com.cdccreditsmart.app               I  Worker result SUCCESS for Work [ id=d4024291-cab3-4ee8-b3ac-a038f13df251, tags={ com.cdccreditsmart.app.offline.OfflineEnforcementWorker } ]
2025-12-16 13:57:09.824  2391-2391  BootReceiver            com.cdccreditsmart.app               I  ğŸ“± Boot completed - iniciando serviÃ§os...
2025-12-16 13:57:09.887  2391-2391  FactoryResetRecovery    com.cdccreditsmart.app               I  Initializing Factory Reset Recovery system
2025-12-16 13:57:09.910  2391-2546  ContractCodeStorage     com.cdccreditsmart.app               D  Storage verification: 0 valid, 0 tampered, 7 missing
2025-12-16 13:57:09.910  2391-2546  ContractCodeStorage     com.cdccreditsmart.app               W  No valid contract code found in any location
2025-12-16 13:57:09.915  2391-2391  ApkSignatureVerifier    com.cdccreditsmart.app               I  Added trusted signature hash: 7aeb48763df1ebeb...
2025-12-16 13:57:09.915  2391-2391  ApkSignatureVerifier    com.cdccreditsmart.app               I  Initialized and persisted self-signature: 7aeb48763df1ebeb...
2025-12-16 13:57:09.934  2391-2391  FactoryResetRecovery    com.cdccreditsmart.app               W  Cannot read device serial: getSerial: The uid 10217 does not meet the requirements to access device identifiers.
2025-12-16 13:57:09.960  2391-2546  creditsmart.app         com.cdccreditsmart.app               I  IncrementDisableThreadFlip blocked for 5.604ms
2025-12-16 13:57:09.984  2391-2546  SecureTokenStorage      com.cdccreditsmart.app               D  EncryptedSharedPreferences initialized successfully
2025-12-16 13:57:09.992  2391-2396  creditsmart.app         com.cdccreditsmart.app               I  Background concurrent mark compact GC freed 2941KB AllocSpace bytes, 54(2136KB) LOS objects, 49% free, 6560KB/12MB, paused 4.205ms,3.731ms total 481.655ms
2025-12-16 13:57:09.993  2391-2546  ApkPreloadManager       com.cdccreditsmart.app               I  ğŸ“± Fabricante genÃ©rico - usando caminhos AOSP
2025-12-16 13:57:10.025  2391-2546  FactoryResetRecovery    com.cdccreditsmart.app               I  â„¹ï¸ Sem manifesto de enrollment - app iniciarÃ¡ normalmente
2025-12-16 13:57:10.055  2391-2391  SecureTokenStorage      com.cdccreditsmart.app               D  EncryptedSharedPreferences initialized successfully
2025-12-16 13:57:10.055  2391-2391  ContractCodeStorage     com.cdccreditsmart.app               D  Retrieving contract code from storage
2025-12-16 13:57:10.544  2391-2391  ContractCodeStorage     com.cdccreditsmart.app               D  Storage verification: 0 valid, 0 tampered, 7 missing
2025-12-16 13:57:10.545  2391-2391  ContractCodeStorage     com.cdccreditsmart.app               W  No valid contract code found in any location
2025-12-16 13:57:10.546  2391-2391  FactoryResetRecovery    com.cdccreditsmart.app               W  No enrollment data available to save
2025-12-16 13:57:10.556  2391-2391  FactoryResetRecovery    com.cdccreditsmart.app               I  Factory Reset Recovery initialized
2025-12-16 13:57:10.582  2391-2391  CdcForegroundService    com.cdccreditsmart.app               I  âœ… ServiÃ§o iniciado via startService()
2025-12-16 13:57:10.586  2391-2391  OfflineEnf...mentWorker com.cdccreditsmart.app               I  âœ… OfflineEnforcementWorker agendado
2025-12-16 13:57:10.589  2391-2391  BootReceiver            com.cdccreditsmart.app               I  âœ… OfflineEnforcementWorker agendado apÃ³s boot
2025-12-16 13:57:10.593  2391-2391  PeriodicOverlayWorker   com.cdccreditsmart.app               I  ğŸ“… Agendando overlay automÃ¡tico
2025-12-16 13:57:10.593  2391-2391  PeriodicOverlayWorker   com.cdccreditsmart.app               I     WorkManager interval: 15 minutos (mÃ­nimo obrigatÃ³rio)
2025-12-16 13:57:10.595  2391-2391  PeriodicOverlayWorker   com.cdccreditsmart.app               I     Cooldowns progressivos controlados internamente pelo worker
2025-12-16 13:57:10.596  2391-2391  PeriodicOverlayWorker   com.cdccreditsmart.app               I  âœ… Overlay automÃ¡tico agendado com sucesso
2025-12-16 13:57:10.599  2391-2391  BootReceiver            com.cdccreditsmart.app               I  âœ… PeriodicOverlayWorker agendado apÃ³s boot
2025-12-16 13:57:10.602  2391-2391  BootReceiver            com.cdccreditsmart.app               I  âœ… ServiÃ§os iniciados apÃ³s boot
2025-12-16 13:57:10.602  2391-2391  Choreographer           com.cdccreditsmart.app               I  Skipped 59 frames!  The application may be doing too much work on its main thread.
2025-12-16 13:57:10.713  2391-2402  HWUI                    com.cdccreditsmart.app               I  Davey! duration=1101ms; Flags=0, FrameTimelineVsyncId=15227, IntendedVsync=52900926732, Vsync=53884260026, InputEventId=0, HandleInputStart=53899859000, AnimationStart=53899874400, PerformTraversalsStart=53971577000, DrawStart=53971673400, FrameDeadline=53134260056, FrameStartTime=53897841200, FrameInterval=16666666, WorkloadTarget=16666666, SyncQueued=53998893200, SyncStart=53999040100, IssueDrawCommandsStart=53999093000, SwapBuffers=53999643300, FrameCompleted=54002267300, DequeueBufferDuration=22600, QueueBufferDuration=423300, GpuCompleted=54002267300, SwapBuffersCompleted=54000621800, DisplayPresentTime=0, CommandSubmissionCompleted=53999643300, 
2025-12-16 13:57:10.740  2391-2391  BootInterceptor         com.cdccreditsmart.app               I  ========================================
2025-12-16 13:57:10.762  2391-2391  BootInterceptor         com.cdccreditsmart.app               I  ğŸ”„ BOOT EVENT DETECTADO
2025-12-16 13:57:10.763  2391-2391  BootInterceptor         com.cdccreditsmart.app               I  ========================================
2025-12-16 13:57:10.763  2391-2391  BootInterceptor         com.cdccreditsmart.app               I  âœ… BOOT COMPLETO DETECTADO
2025-12-16 13:57:10.765  2391-2391  BootInterceptor         com.cdccreditsmart.app               I     Sistema Android iniciado com sucesso
2025-12-16 13:57:10.765  2391-2391  BootInterceptor         com.cdccreditsmart.app               I     Device Fingerprint: CDC_-1959633****
2025-12-16 13:57:10.998  2391-2391  SecureTokenStorage      com.cdccreditsmart.app               D  EncryptedSharedPreferences initialized successfully
2025-12-16 13:57:10.999  2391-2391  TamperDetection         com.cdccreditsmart.app               I  
2025-12-16 13:57:10.999  2391-2391  TamperDetection         com.cdccreditsmart.app               I  â•”â•â•â•â•â•â•â•â•â•â•â•â•â•â•â•â•â•â•â•â•â•â•â•â•â•â•â•â•â•â•â•â•â•â•â•â•â•â•â•â•â•â•â•â•â•â•â•â•â•â•â•â•â•â•â•â•â•—
2025-12-16 13:57:10.999  2391-2391  TamperDetection         com.cdccreditsmart.app               I  â•‘    ğŸ“¡ BOOT REPORT ADIADO - AGUARDANDO PAREAMENTO      â•‘
2025-12-16 13:57:10.999  2391-2391  TamperDetection         com.cdccreditsmart.app               I  â• â•â•â•â•â•â•â•â•â•â•â•â•â•â•â•â•â•â•â•â•â•â•â•â•â•â•â•â•â•â•â•â•â•â•â•â•â•â•â•â•â•â•â•â•â•â•â•â•â•â•â•â•â•â•â•â•â•£
2025-12-16 13:57:10.999  2391-2391  TamperDetection         com.cdccreditsmart.app               I  â•‘  â³ Device ainda nÃ£o pareado com contrato              â•‘
2025-12-16 13:57:10.999  2391-2391  TamperDetection         com.cdccreditsmart.app               I  â•‘  â³ Boot serÃ¡ reportado apÃ³s autenticaÃ§Ã£o              â•‘
2025-12-16 13:57:10.999  2391-2391  TamperDetection         com.cdccreditsmart.app               I  â•‘  â„¹ï¸  Isso Ã© comportamento NORMAL antes do pareamento   â•‘
2025-12-16 13:57:10.999  2391-2391  TamperDetection         com.cdccreditsmart.app               I  â•šâ•â•â•â•â•â•â•â•â•â•â•â•â•â•â•â•â•â•â•â•â•â•â•â•â•â•â•â•â•â•â•â•â•â•â•â•â•â•â•â•â•â•â•â•â•â•â•â•â•â•â•â•â•â•â•â•â•
2025-12-16 13:57:10.999  2391-2391  TamperDetection         com.cdccreditsmart.app               I  
2025-12-16 13:57:10.999  2391-2391  BootInterceptor         com.cdccreditsmart.app               I  ========================================
2025-12-16 13:57:11.007  2391-2391  CdcForegroundService    com.cdccreditsmart.app               D  ğŸš€ ServiÃ§o onStartCommand() - Action: com.cdccreditsmart.app.START_SERVICE
2025-12-16 13:57:11.073  2391-2391  CdcForegroundService    com.cdccreditsmart.app               I  âœ… Foreground Service ativo (Android 12+)
2025-12-16 13:57:11.077  2391-2546  CdcForegroundService    com.cdccreditsmart.app               I  ğŸ”§ ========================================
2025-12-16 13:57:11.079  2391-2546  CdcForegroundService    com.cdccreditsmart.app               I  ğŸ”§ INICIANDO initializeServices()...
2025-12-16 13:57:11.079  2391-2546  CdcForegroundService    com.cdccreditsmart.app               I  ğŸ”§ ========================================
2025-12-16 13:57:11.080  2391-2546  CdcForegroundService    com.cdccreditsmart.app               D  âœ… ServiÃ§os base jÃ¡ inicializados
2025-12-16 13:57:11.311  2391-2391  NotificationHelper      com.cdccreditsmart.app               D  Notification channel created: cdc_default
2025-12-16 13:57:11.316  2391-2391  NotificationHelper      com.cdccreditsmart.app               D  Notification channel created: cdc_info
2025-12-16 13:57:11.326  2391-2391  NotificationHelper      com.cdccreditsmart.app               D  Notification channel created: cdc_alerts
2025-12-16 13:57:11.333  2391-2391  NotificationHelper      com.cdccreditsmart.app               D  Notification channel created: cdc_payments
2025-12-16 13:57:11.341  2391-2391  NotificationHelper      com.cdccreditsmart.app               D  Notification channel created: cdc_contract
2025-12-16 13:57:11.860  2391-2546  SecureTokenStorage      com.cdccreditsmart.app               D  EncryptedSharedPreferences initialized successfully
2025-12-16 13:57:11.870  2391-2546  ContractCodeStorage     com.cdccreditsmart.app               D  Retrieving contract code from storage
2025-12-16 13:57:12.085  2391-2391  CdcMessagingService     com.cdccreditsmart.app               D  CdcMessagingService created
2025-12-16 13:57:12.126  2391-3561  CdcMessagingService     com.cdccreditsmart.app               D  ========== NEW FCM TOKEN RECEIVED ==========
2025-12-16 13:57:12.129  2391-3561  CdcMessagingService     com.cdccreditsmart.app               D  Token: f9PC3csVSpCbXRWJ_Om3...
2025-12-16 13:57:12.233  2391-2546  ContractCodeStorage     com.cdccreditsmart.app               D  Storage verification: 0 valid, 0 tampered, 7 missing
2025-12-16 13:57:12.233  2391-2546  ContractCodeStorage     com.cdccreditsmart.app               W  No valid contract code found in any location
2025-12-16 13:57:12.235  2391-2546  SecureTokenStorage      com.cdccreditsmart.app               E  âŒ Nenhum identificador MDM disponÃ­vel!
2025-12-16 13:57:12.235  2391-2546  CdcForegroundService    com.cdccreditsmart.app               I  ğŸ” AuthToken presente: false
2025-12-16 13:57:12.235  2391-2546  CdcForegroundService    com.cdccreditsmart.app               I  ğŸ” AuthToken length: 0
2025-12-16 13:57:12.269  2391-2546  CdcForegroundService    com.cdccreditsmart.app               I  ğŸ” ContractCode presente: false
2025-12-16 13:57:12.270  2391-2546  CdcForegroundService    com.cdccreditsmart.app               I  ğŸ” ContractCode value: null****
2025-12-16 13:57:12.277  2391-2546  CdcForegroundService    com.cdccreditsmart.app               I  ğŸ” MDM SerialNumber presente: false
2025-12-16 13:57:12.277  2391-2546  CdcForegroundService    com.cdccreditsmart.app               I  ğŸ” MDM SerialNumber value: ......
2025-12-16 13:57:12.277  2391-2546  CdcForegroundService    com.cdccreditsmart.app               I  ğŸ“± ========================================
2025-12-16 13:57:12.277  2391-2546  CdcForegroundService    com.cdccreditsmart.app               I  ğŸ“± AGUARDANDO PAIRING - MDM EM STANDBY
2025-12-16 13:57:12.277  2391-2546  CdcForegroundService    com.cdccreditsmart.app               I  ğŸ“± O usuÃ¡rio ainda nÃ£o fez o pareamento inicial
2025-12-16 13:57:12.286  2391-2546  CdcForegroundService    com.cdccreditsmart.app               I  ğŸ“± ServiÃ§os MDM serÃ£o ativados apÃ³s inserir cÃ³digo do contrato
2025-12-16 13:57:12.294  2391-2546  CdcForegroundService    com.cdccreditsmart.app               I  ğŸ“± NOTA: isMdmInitialized permanece FALSE para permitir reinicializaÃ§Ã£o
2025-12-16 13:57:12.294  2391-2546  CdcForegroundService    com.cdccreditsmart.app               I  ğŸ“± ========================================
2025-12-16 13:57:12.614  2391-3561  FcmTokenManager         com.cdccreditsmart.app               D  FCM token saved locally: f9PC3csVSpCbXRWJ_Om3...
2025-12-16 13:57:12.626  2391-2546  FcmTokenManager         com.cdccreditsmart.app               D  ========== REGISTERING FCM TOKEN WITH BACKEND ==========
2025-12-16 13:57:12.634  2391-2546  FcmTokenManager         com.cdccreditsmart.app               D  Current FCM token retrieved: f9PC3csVSpCbXRWJ_Om3...
2025-12-16 13:57:12.699  2391-2396  creditsmart.app         com.cdccreditsmart.app               W  Suspending all threads took: 51.231ms
2025-12-16 13:57:13.104  2391-2546  creditsmart.app         com.cdccreditsmart.app               I  IncrementDisableThreadFlip blocked for 27.886ms
2025-12-16 13:57:13.280  2391-2546  SecureTokenStorage      com.cdccreditsmart.app               D  EncryptedSharedPreferences initialized successfully
2025-12-16 13:57:13.291  2391-2546  FcmTokenManager         com.cdccreditsmart.app               E  Cannot register: Auth token not available
2025-12-16 13:57:13.292  2391-2546  CdcMessagingService     com.cdccreditsmart.app               E  âŒ Failed to register FCM token with backend: User not authenticated
2025-12-16 13:57:13.374  2391-2396  creditsmart.app         com.cdccreditsmart.app               I  Background concurrent mark compact GC freed 3053KB AllocSpace bytes, 117(4340KB) LOS objects, 49% free, 7309KB/14MB, paused 165.144ms,94.711ms total 1.051s


Aplicativos e serviÃ§os do sistema estÃ£o sendo bloqueados ou interrompidos

o guard esta sendo burlado facil, pois nÃ£o fecha nem retorna a tela perigosa.

deve ter politica pro usuario nÃ£o conseguir remover permissoes do app principalmente de aparecer sobre outros apps Ã© backgroud.



deve bloquear telas que podem remover permissÃµes do app, o app deve ter uma politica que ninguem nenhum usuario consiga remover permissÃµes dele.

deve fechar o app restringido Ã© nÃ£o so chamar o home e aparecer o banner.