2026-02-06 14:33:33.267  9182-9398  SettingsGuardService    com.cdccreditsmart.app               I  â•‘   ğŸ”’ Device Owner: âŒ NÃƒO                   â•‘
2026-02-06 14:33:33.268  9182-9398  SettingsGuardService    com.cdccreditsmart.app               I  â•‘   ğŸ” Device Admin: âŒ NÃƒO                   â•‘
2026-02-06 14:33:33.268  9182-9398  SettingsGuardService    com.cdccreditsmart.app               I  â•šâ•â•â•â•â•â•â•â•â•â•â•â•â•â•â•â•â•â•â•â•â•â•â•â•â•â•â•â•â•â•â•â•â•â•â•â•â•â•â•â•â•â•â•â•â•â•â•â•â•â•â•â•â•â•â•â•â•
2026-02-06 14:33:33.268  9182-9398  SettingsGuardService    com.cdccreditsmart.app               I  ğŸ›¡ï¸ SettingsGuard INICIADO
2026-02-06 14:33:33.268  9182-9398  SettingsGuardService    com.cdccreditsmart.app               I     Modo de proteÃ§Ã£o: BASIC
2026-02-06 14:33:33.268  9182-9398  SettingsGuardService    com.cdccreditsmart.app               I     âš ï¸ Sem privilÃ©gios: ProteÃ§Ã£o AGRESSIVA ativada
2026-02-06 14:33:33.268  9182-9398  SettingsGuardService    com.cdccreditsmart.app               I     ğŸ“¡ Monitorando Settings a cada 3000ms
2026-02-06 14:33:33.268  9182-9398  SettingsGuardService    com.cdccreditsmart.app               I  ğŸ” ========================================
2026-02-06 14:33:33.268  9182-9398  SettingsGuardService    com.cdccreditsmart.app               I  ğŸ” INICIANDO MONITORAMENTO ATIVO DE SETTINGS
2026-02-06 14:33:33.268  9182-9398  SettingsGuardService    com.cdccreditsmart.app               I  ğŸ” ========================================
2026-02-06 14:33:33.269  9182-9398  SettingsGuardService    com.cdccreditsmart.app               W  âš ï¸ Sem permissÃ£o PACKAGE_USAGE_STATS
2026-02-06 14:33:33.269  9182-9398  SettingsGuardService    com.cdccreditsmart.app               W     Monitoramento via ActivityManager (menos preciso)
2026-02-06 14:33:33.269  9182-9398  SettingsGuardService    com.cdccreditsmart.app               W     IMPORTANTE: Conceda permissÃ£o em ConfiguraÃ§Ãµes > Apps > Credit Smart > Acesso especial > Acesso uso
2026-02-06 14:33:33.282  9182-9398  SettingsGuardService    com.cdccreditsmart.app               I  ğŸ“¢ NotificaÃ§Ã£o de permissÃ£o USAGE_STATS exibida
2026-02-06 14:33:33.282  9182-9398  SettingsGuardService    com.cdccreditsmart.app               W  âš ï¸ Sem permissÃ£o OVERLAY
2026-02-06 14:33:33.282  9182-9398  SettingsGuardService    com.cdccreditsmart.app               I  ğŸ” Intervalo: 3000ms / 1000ms
2026-02-06 14:33:33.284  9182-9400  SettingsGuardService    com.cdccreditsmart.app               I  â–¶ï¸ App CDC em foreground - fluxo de permissÃ£o concluÃ­do
2026-02-06 14:33:33.284  9182-9400  SettingsGuardService    com.cdccreditsmart.app               I  â–¶ï¸ Guard RETOMADO apÃ³s fluxo de permissÃµes
2026-02-06 14:33:33.284  9182-9398  CdcForegroundService    com.cdccreditsmart.app               I  ğŸ›¡ï¸ Guard ativo: true
2026-02-06 14:33:33.285  9182-9398  CdcForegroundService    com.cdccreditsmart.app               I  ğŸ›¡ï¸ Modo proteÃ§Ã£o: BASIC
2026-02-06 14:33:33.285  9182-9398  CdcForegroundService    com.cdccreditsmart.app               I  ğŸ›¡ï¸ Modo agressivo: false
2026-02-06 14:33:33.285  9182-9398  CdcForegroundService    com.cdccreditsmart.app               I  ğŸ›¡ï¸ UsageStats: âŒ INATIVO
2026-02-06 14:33:33.285  9182-9398  CdcForegroundService    com.cdccreditsmart.app               I  ğŸ›¡ï¸ Overlay: âŒ INATIVO
2026-02-06 14:33:33.285  9182-9398  CdcForegroundService    com.cdccreditsmart.app               W  ğŸ›¡ï¸ âš ï¸ UsageStats nÃ£o ativo - guard usarÃ¡ ActivityManager (menos preciso)
2026-02-06 14:33:33.285  9182-9398  CdcForegroundService    com.cdccreditsmart.app               W  ğŸ›¡ï¸ âš ï¸ Overlay nÃ£o ativo - guard usarÃ¡ bringAppToForeground
2026-02-06 14:33:33.285  9182-9398  CdcForegroundService    com.cdccreditsmart.app               I  ğŸ›¡ï¸ ========================================
2026-02-06 14:33:33.289  9182-9398  OfflineEnf...mentWorker com.cdccreditsmart.app               I  âœ… OfflineEnforcementWorker agendado
2026-02-06 14:33:33.289  9182-9398  CdcForegroundService    com.cdccreditsmart.app               I  âœ… OfflineEnforcementWorker agendado
2026-02-06 14:33:33.301  9182-9398  PeriodicOverlayWorker   com.cdccreditsmart.app               I  ğŸ“… Agendando overlay automÃ¡tico
2026-02-06 14:33:33.301  9182-9398  PeriodicOverlayWorker   com.cdccreditsmart.app               I     WorkManager interval: 15 minutos (mÃ­nimo obrigatÃ³rio)
2026-02-06 14:33:33.301  9182-9398  PeriodicOverlayWorker   com.cdccreditsmart.app               I     Cooldowns progressivos controlados internamente pelo worker
2026-02-06 14:33:33.303  9182-9182  PermissionGateScreen    com.cdccreditsmart.app               I  ğŸ” VERIFICAÃ‡ÃƒO INICIAL DE PERMISSÃ•ES:
2026-02-06 14:33:33.303  9182-9182  PermissionGateScreen    com.cdccreditsmart.app               I     NÃ­vel: BASIC
2026-02-06 14:33:33.303  9182-9182  PermissionGateScreen    com.cdccreditsmart.app               I     Todas concedidas: false
2026-02-06 14:33:33.304  9182-9182  PermissionGateScreen    com.cdccreditsmart.app               I     Bateria isenta: false
2026-02-06 14:33:33.304  9182-9182  PermissionGateScreen    com.cdccreditsmart.app               W     âŒ FALTA: Administrador do Dispositivo
2026-02-06 14:33:33.304  9182-9182  PermissionGateScreen    com.cdccreditsmart.app               W     âŒ FALTA: PermissÃµes BÃ¡sicas
2026-02-06 14:33:33.305  9182-9182  PermissionGateScreen    com.cdccreditsmart.app               W     âŒ FALTA: Monitoramento de Apps
2026-02-06 14:33:33.305  9182-9182  PermissionGateScreen    com.cdccreditsmart.app               W     âŒ FALTA: Mostrar Alertas
2026-02-06 14:33:33.305  9182-9182  PermissionGateScreen    com.cdccreditsmart.app               W     âŒ FALTA: ExecuÃ§Ã£o em Segundo Plano
2026-02-06 14:33:33.305  9182-9398  PeriodicOverlayWorker   com.cdccreditsmart.app               I  âœ… Overlay automÃ¡tico agendado com sucesso
2026-02-06 14:33:33.305  9182-9398  CdcForegroundService    com.cdccreditsmart.app               I  âœ… PeriodicOverlayWorker agendado
2026-02-06 14:33:33.305  9182-9182  PermissionGateScreen    com.cdccreditsmart.app               I  ========================================
2026-02-06 14:33:33.305  9182-9182  PermissionGateScreen    com.cdccreditsmart.app               I  ğŸšª PERMISSION GATE SCREEN INICIADO
2026-02-06 14:33:33.305  9182-9182  PermissionGateScreen    com.cdccreditsmart.app               I  ========================================
2026-02-06 14:33:33.305  9182-9182  PermissionGateScreen    com.cdccreditsmart.app               I  NÃ­vel de privilÃ©gio: BASIC
2026-02-06 14:33:33.306  9182-9182  PermissionGateScreen    com.cdccreditsmart.app               I  PermissÃµes concedidas: 0
2026-02-06 14:33:33.306  9182-9182  PermissionGateScreen    com.cdccreditsmart.app               I  PermissÃµes faltando: 5
2026-02-06 14:33:33.306  9182-9182  PermissionGateScreen    com.cdccreditsmart.app               W    âŒ Administrador do Dispositivo
2026-02-06 14:33:33.306  9182-9182  PermissionGateScreen    com.cdccreditsmart.app               W    âŒ PermissÃµes BÃ¡sicas
2026-02-06 14:33:33.306  9182-9182  PermissionGateScreen    com.cdccreditsmart.app               W    âŒ Monitoramento de Apps
2026-02-06 14:33:33.306  9182-9182  PermissionGateScreen    com.cdccreditsmart.app               W    âŒ Mostrar Alertas
2026-02-06 14:33:33.306  9182-9182  PermissionGateScreen    com.cdccreditsmart.app               W    âŒ ExecuÃ§Ã£o em Segundo Plano
2026-02-06 14:33:33.306  9182-9182  PermissionGateScreen    com.cdccreditsmart.app               I  ========================================
2026-02-06 14:33:33.307  9182-9182  PermissionGateScreen    com.cdccreditsmart.app               D  â° Iniciando verificaÃ§Ã£o periÃ³dica de permissÃµes (a cada 3s)...
2026-02-06 14:33:33.322  9182-9182  Choreographer           com.cdccreditsmart.app               I  Skipped 150 frames!  The application may be doing too much work on its main thread.
2026-02-06 14:33:33.370  9182-9398  ServiceWatchdogWorker   com.cdccreditsmart.app               I  ğŸ” ========================================
2026-02-06 14:33:33.370  9182-9398  ServiceWatchdogWorker   com.cdccreditsmart.app               I  ğŸ” WATCHDOG: Verificando CdcForegroundService
2026-02-06 14:33:33.370  9182-9398  ServiceWatchdogWorker   com.cdccreditsmart.app               I  ğŸ” ========================================
2026-02-06 14:33:33.372  9182-9398  KeepAliveManager        com.cdccreditsmart.app               D  âœ… CdcForegroundService estÃ¡ ativo
2026-02-06 14:33:33.374  9182-9398  ServiceWatchdogWorker   com.cdccreditsmart.app               I  ğŸ“Š EstatÃ­sticas Keep Alive:
2026-02-06 14:33:33.374  9182-9398  ServiceWatchdogWorker   com.cdccreditsmart.app               I     - ServiÃ§o ativo: true
2026-02-06 14:33:33.374  9182-9398  ServiceWatchdogWorker   com.cdccreditsmart.app               I     - Restarts: 0
2026-02-06 14:33:33.374  9182-9398  ServiceWatchdogWorker   com.cdccreditsmart.app               I     - OtimizaÃ§Ã£o bateria: SIM (ruim)
2026-02-06 14:33:33.374  9182-9398  ServiceWatchdogWorker   com.cdccreditsmart.app               I  ğŸ” ========================================
2026-02-06 14:33:33.374  9182-9398  ServiceWatchdogWorker   com.cdccreditsmart.app               I  âœ… WATCHDOG: ServiÃ§o verificado/reiniciado com sucesso
2026-02-06 14:33:33.386  9182-9489  LibMBrainProxy          com.cdccreditsmart.app               D  Init Paramters
2026-02-06 14:33:33.402  9182-9368  WM-WorkerWrapper        com.cdccreditsmart.app               I  Worker result SUCCESS for Work [ id=4d857bc4-671e-43b7-9512-349c218fee83, tags={ com.cdccreditsmart.app.keepalive.ServiceWatchdogWorker } ]
2026-02-06 14:33:33.416  9182-9182  NotificationHelper      com.cdccreditsmart.app               D  Notification channel created: cdc_default
2026-02-06 14:33:33.421  9182-9182  NotificationHelper      com.cdccreditsmart.app               D  Notification channel created: cdc_info
2026-02-06 14:33:33.441  9182-9182  NotificationHelper      com.cdccreditsmart.app               D  Notification channel created: cdc_alerts
2026-02-06 14:33:33.452  9182-9182  NotificationHelper      com.cdccreditsmart.app               D  Notification channel created: cdc_payments
2026-02-06 14:33:33.471  9182-9182  NotificationHelper      com.cdccreditsmart.app               D  Notification channel created: cdc_contract
2026-02-06 14:33:33.648  9182-9182  CdcMessagingService     com.cdccreditsmart.app               D  CdcMessagingService created
2026-02-06 14:33:33.671  9182-9400  OfflineEnf...mentWorker com.cdccreditsmart.app               I  ğŸ”„ ========================================
2026-02-06 14:33:33.671  9182-9400  OfflineEnf...mentWorker com.cdccreditsmart.app               I  ğŸ”„ OFFLINE ENFORCEMENT - EXECUTANDO
2026-02-06 14:33:33.671  9182-9400  OfflineEnf...mentWorker com.cdccreditsmart.app               I  ğŸ”„ ========================================
2026-02-06 14:33:33.677  9182-9498  CdcMessagingService     com.cdccreditsmart.app               D  ========== NEW FCM TOKEN RECEIVED ==========
2026-02-06 14:33:33.677  9182-9498  CdcMessagingService     com.cdccreditsmart.app               D  Token: flFqyHX3QMucj5NTSOn2...
2026-02-06 14:33:33.815  9182-9398  ContractCodeStorage     com.cdccreditsmart.app               D  Retrieving contract code from storage
2026-02-06 14:33:33.877  9182-9398  ContractCodeStorage     com.cdccreditsmart.app               D  Storage verification: 0 valid, 0 tampered, 7 missing
2026-02-06 14:33:33.877  9182-9398  ContractCodeStorage     com.cdccreditsmart.app               W  No valid contract code found in any location
2026-02-06 14:33:33.901  9182-9398  SecureTokenStorage      com.cdccreditsmart.app               E  âŒ Nenhum identificador MDM disponÃ­vel!
2026-02-06 14:33:33.903  9182-9398  CdcForegroundService    com.cdccreditsmart.app               I  ğŸ” AuthToken presente: false
2026-02-06 14:33:33.904  9182-9398  CdcForegroundService    com.cdccreditsmart.app               I  ğŸ” AuthToken length: 0
2026-02-06 14:33:33.904  9182-9398  CdcForegroundService    com.cdccreditsmart.app               I  ğŸ” ContractCode presente: false
2026-02-06 14:33:33.908  9182-9398  CdcForegroundService    com.cdccreditsmart.app               I  ğŸ” ContractCode value: null****
2026-02-06 14:33:33.908  9182-9398  CdcForegroundService    com.cdccreditsmart.app               I  ğŸ” MDM SerialNumber presente: false
2026-02-06 14:33:33.908  9182-9398  CdcForegroundService    com.cdccreditsmart.app               I  ğŸ” MDM SerialNumber value: ......
2026-02-06 14:33:33.908  9182-9398  CdcForegroundService    com.cdccreditsmart.app               I  ğŸ“± ========================================
2026-02-06 14:33:33.908  9182-9398  CdcForegroundService    com.cdccreditsmart.app               I  ğŸ“± AGUARDANDO PAIRING - MDM EM STANDBY
2026-02-06 14:33:33.908  9182-9398  CdcForegroundService    com.cdccreditsmart.app               I  ğŸ“± O usuÃ¡rio ainda nÃ£o fez o pareamento inicial
2026-02-06 14:33:33.908  9182-9398  CdcForegroundService    com.cdccreditsmart.app               I  ğŸ“± ServiÃ§os MDM serÃ£o ativados apÃ³s inserir cÃ³digo do contrato
2026-02-06 14:33:33.909  9182-9398  CdcForegroundService    com.cdccreditsmart.app               I  ğŸ“± NOTA: isMdmInitialized permanece FALSE para permitir reinicializaÃ§Ã£o
2026-02-06 14:33:33.911  9182-9398  CdcForegroundService    com.cdccreditsmart.app               I  ğŸ“± ========================================
2026-02-06 14:33:34.096  9182-9498  FcmTokenManager         com.cdccreditsmart.app               D  FCM token saved locally: flFqyHX3QMucj5NTSOn2...
2026-02-06 14:33:34.102  9182-9398  FcmTokenManager         com.cdccreditsmart.app               D  ========== REGISTERING FCM TOKEN WITH BACKEND ==========
2026-02-06 14:33:34.113  9182-9399  FcmTokenManager         com.cdccreditsmart.app               D  Current FCM token retrieved: flFqyHX3QMucj5NTSOn2...
2026-02-06 14:33:34.176  9182-9399  FcmTokenManager         com.cdccreditsmart.app               E  Cannot register: Auth token not available
2026-02-06 14:33:34.178  9182-9182  InteractionJankMonitor  com.cdccreditsmart.app               W  Initializing without READ_DEVICE_CONFIG permission. enabled=false, interval=1, missedFrameThreshold=3, frameTimeThreshold=64, package=com.cdccreditsmart.app
2026-02-06 14:33:34.179  9182-9399  CdcMessagingService     com.cdccreditsmart.app               E  âŒ Failed to register FCM token with backend: User not authenticated
2026-02-06 14:33:34.226  9182-9400  LocalAccountState       com.cdccreditsmart.app               D  isDevicePaired: false (contractCode=vazio)
2026-02-06 14:33:34.226  9182-9400  OfflineEnf...mentWorker com.cdccreditsmart.app               I  âš ï¸ Dispositivo NÃƒO PAREADO - nenhum bloqueio serÃ¡ aplicado
2026-02-06 14:33:34.226  9182-9400  OfflineEnf...mentWorker com.cdccreditsmart.app               I  ğŸ”„ ========================================
2026-02-06 14:33:34.230  9182-9355  WM-WorkerWrapper        com.cdccreditsmart.app               I  Worker result SUCCESS for Work [ id=20b741cf-e2c6-4818-b234-1b3ca546eefd, tags={ com.cdccreditsmart.app.offline.OfflineEnforcementWorker } ]
2026-02-06 14:33:34.338  9182-9191  creditsmart.app         com.cdccreditsmart.app               I  Compiler allocated 6943KB to compile void android.view.ViewRootImpl.performTraversals()
2026-02-06 14:33:35.342  9182-9333  FA                      com.cdccreditsmart.app               I  Application backgrounded at: timestamp_millis: 1770399213338
2026-02-06 14:33:36.081  9182-9531  ProfileInstaller        com.cdccreditsmart.app               D  Installing profile for com.cdccreditsmart.app
2026-02-06 14:33:36.289  9182-9400  SettingsGuardService    com.cdccreditsmart.app               D  ğŸ“‹ Activity check - Full: null, Simple: null
2026-02-06 14:33:39.302  9182-9400  SettingsGuardService    com.cdccreditsmart.app               D  ğŸ“‹ Activity check - Full: null, Simple: null
2026-02-06 14:33:39.318  9182-9192  creditsmart.app         com.cdccreditsmart.app               I  Background concurrent mark compact GC freed 8264KB AllocSpace bytes, 148(6032KB) LOS objects, 66% free, 6951KB/20MB, paused 603us,5.107ms total 85.724ms
2026-02-06 14:33:41.776  9182-9182  CDCDeviceAdminReceiver  com.cdccreditsmart.app               I  onEnabled: full path
2026-02-06 14:33:41.792  9182-9182  CDCDeviceAdminService   com.cdccreditsmart.app               I  âœ… Device Admin Service created - System is communicating with CDC DPC
2026-02-06 14:33:42.309  9182-9399  SettingsGuardService    com.cdccreditsmart.app               D  ğŸ“‹ Activity check - Full: null, Simple: null
2026-02-06 14:33:42.337  9182-9399  PermissionGateManager   com.cdccreditsmart.app               W  âš ï¸ Device Owner: 3 permissÃ£o(Ãµes) pendente(s)
2026-02-06 14:33:42.339  9182-9399  PermissionGateManager   com.cdccreditsmart.app               W     â†’ Falta: Acesso ao Uso de Apps
2026-02-06 14:33:42.339  9182-9399  PermissionGateManager   com.cdccreditsmart.app               W     â†’ Falta: Exibir sobre outros apps
2026-02-06 14:33:42.339  9182-9399  PermissionGateManager   com.cdccreditsmart.app               W     â†’ Falta: ExecuÃ§Ã£o em Segundo Plano
2026-02-06 14:33:42.695  9182-9182  SettingsGuardService    com.cdccreditsmart.app               I  â–¶ï¸ Guard RETOMADO apÃ³s fluxo de permissÃµes
2026-02-06 14:33:42.695  9182-9182  MainActivity            com.cdccreditsmart.app               W  âš ï¸ Algumas permissÃµes foram NEGADAS pelo usuÃ¡rio:
2026-02-06 14:33:42.695  9182-9182  MainActivity            com.cdccreditsmart.app               D    âœ… CONCEDIDA - android.permission.READ_PHONE_STATE
2026-02-06 14:33:42.695  9182-9182  MainActivity            com.cdccreditsmart.app               D    âŒ NEGADA - android.permission.READ_CALL_LOG
2026-02-06 14:33:42.695  9182-9182  MainActivity            com.cdccreditsmart.app               D    âŒ NEGADA - android.permission.CALL_PHONE
2026-02-06 14:33:42.695  9182-9182  MainActivity            com.cdccreditsmart.app               D    âŒ NEGADA - android.permission.READ_CONTACTS
2026-02-06 14:33:42.696  9182-9182  MainActivity            com.cdccreditsmart.app               D    âœ… CONCEDIDA - android.permission.ACCESS_FINE_LOCATION
2026-02-06 14:33:42.696  9182-9182  MainActivity            com.cdccreditsmart.app               D    âœ… CONCEDIDA - android.permission.ACCESS_COARSE_LOCATION
2026-02-06 14:33:42.696  9182-9182  MainActivity            com.cdccreditsmart.app               D    âŒ NEGADA - android.permission.ANSWER_PHONE_CALLS
2026-02-06 14:33:42.696  9182-9182  MainActivity            com.cdccreditsmart.app               D    âŒ NEGADA - android.permission.READ_PHONE_NUMBERS
2026-02-06 14:33:42.696  9182-9182  MainActivity            com.cdccreditsmart.app               D    âœ… CONCEDIDA - android.permission.POST_NOTIFICATIONS
2026-02-06 14:33:42.697  9182-9182  Activity                com.cdccreditsmart.app               D  onResume setDolbyGameProfilePackage lastPkg =  currentPkg = com.cdccreditsmart.app
2026-02-06 14:33:44.278  9182-9182  ScrollIdentify          com.cdccreditsmart.app               I  on fling
2026-02-06 14:33:45.321  9182-9400  SettingsGuardService    com.cdccreditsmart.app               D  ğŸ“‹ Activity check - Full: null, Simple: null
2026-02-06 14:33:45.371  9182-9182  ScrollIdentify          com.cdccreditsmart.app               I  on fling
2026-02-06 14:33:47.125  9182-9405  BLASTBufferQueue        com.cdccreditsmart.app               D  [VRI[MainActivity]#0](f:0,a:1) destructor()
2026-02-06 14:33:47.126  9182-9405  BufferQueueConsumer     com.cdccreditsmart.app               D  [VRI[MainActivity]#0(BLAST Consumer)0](id:23de00000000,api:0,p:-1,c:9182) disconnect
2026-02-06 14:33:47.316  9182-9182  SettingsGuardService    com.cdccreditsmart.app               I  â–¶ï¸ Guard RETOMADO apÃ³s fluxo de permissÃµes
2026-02-06 14:33:47.368  9182-9182  MainActivity            com.cdccreditsmart.app               D  ğŸ“ BroadcastReceiver de localizaÃ§Ã£o desregistrado
2026-02-06 14:33:47.372  9182-9182  WindowOnBackDispatcher  com.cdccreditsmart.app               W  sendCancelIfRunning: isInProgress=false callback=android.app.Activity$$ExternalSyntheticLambda0@f96b11
2026-02-06 14:33:47.391  9182-9182  View                    com.cdccreditsmart.app               D  [Warning] assignParent to null: this = DecorView@f7af3f1[MainActivity]
2026-02-06 14:33:47.430  9182-9182  CdcForegroundService    com.cdccreditsmart.app               W  âš ï¸ Task removida - mantendo serviÃ§o ativo
2026-02-06 14:33:49.228  9182-9333  FA                      com.cdccreditsmart.app               I  Application backgrounded at: timestamp_millis: 1770399227225
2026-02-06 14:33:49.353  9182-9182  MainActivity            com.cdccreditsmart.app               I  âœ… Brilho da tela definido para MÃXIMO
2026-02-06 14:33:49.354  9182-9182  MainActivity            com.cdccreditsmart.app               D  ğŸ“ BroadcastReceiver de localizaÃ§Ã£o registrado
2026-02-06 14:33:49.358  9182-9400  PersistentStateManager  com.cdccreditsmart.app               D  Nenhum estado local encontrado
2026-02-06 14:33:49.358  9182-9400  PersistentStateManager  com.cdccreditsmart.app               D  ğŸ†• Sem estado local - device novo ou pÃ³s factory reset
2026-02-06 14:33:49.358  9182-9400  MainActivity            com.cdccreditsmart.app               I  ğŸ†• Device nunca foi provisionado
2026-02-06 14:33:49.358  9182-9182  MainActivity            com.cdccreditsmart.app               I  âœ… App Ã© Device Owner - permissÃµes serÃ£o concedidas automaticamente
2026-02-06 14:33:49.366  9182-9182  Activity                com.cdccreditsmart.app               D  onResume setDolbyGameProfilePackage lastPkg =  currentPkg = com.cdccreditsmart.app
2026-02-06 14:33:49.372  9182-9182  VRI[MainActivity]       com.cdccreditsmart.app               D  hardware acceleration = true, forceHwAccelerated = false
2026-02-06 14:33:49.378  9182-9182  InputEventReceiver      com.cdccreditsmart.app               D  Input log is disabled in InputEventReceiver.
2026-02-06 14:33:49.485  9182-9182  PermissionGateScreen    com.cdccreditsmart.app               I  ğŸ” DEVICE OWNER DETECTADO - tentando concessÃ£o automÃ¡tica IMEDIATA
2026-02-06 14:33:49.487  9182-9182  AutoPermissionManager   com.cdccreditsmart.app               I  ğŸš€ ========================================
2026-02-06 14:33:49.488  9182-9182  AutoPermissionManager   com.cdccreditsmart.app               I  ğŸš€ CONCESSÃƒO RÃPIDA DE PERMISSÃ•ES (Device Owner)
2026-02-06 14:33:49.488  9182-9182  AutoPermissionManager   com.cdccreditsmart.app               I  ğŸš€ ========================================
2026-02-06 14:33:49.489  9182-9182  AutoPermissionManager   com.cdccreditsmart.app               D    â© JÃ¡ concedida: android.permission.READ_PHONE_STATE
2026-02-06 14:33:49.551  9182-9182  AutoPermissionManager   com.cdccreditsmart.app               I    âœ… Concedida: android.permission.READ_CALL_LOG
2026-02-06 14:33:49.607  9182-9182  AutoPermissionManager   com.cdccreditsmart.app               I    âœ… Concedida: android.permission.CALL_PHONE
2026-02-06 14:33:49.706  9182-9182  AutoPermissionManager   com.cdccreditsmart.app               I    âœ… Concedida: android.permission.READ_CONTACTS
2026-02-06 14:33:49.707  9182-9182  AutoPermissionManager   com.cdccreditsmart.app               D    â© JÃ¡ concedida: android.permission.ACCESS_FINE_LOCATION
2026-02-06 14:33:49.707  9182-9182  AutoPermissionManager   com.cdccreditsmart.app               D    â© JÃ¡ concedida: android.permission.ACCESS_COARSE_LOCATION
2026-02-06 14:33:49.747  9182-9182  AutoPermissionManager   com.cdccreditsmart.app               I    âœ… Concedida: android.permission.ANSWER_PHONE_CALLS
2026-02-06 14:33:49.785  9182-9182  AutoPermissionManager   com.cdccreditsmart.app               I    âœ… Concedida: android.permission.READ_PHONE_NUMBERS
2026-02-06 14:33:49.858  9182-9182  AutoPermissionManager   com.cdccreditsmart.app               I    âœ… Concedida: android.permission.ACCESS_BACKGROUND_LOCATION
2026-02-06 14:33:49.858  9182-9182  AutoPermissionManager   com.cdccreditsmart.app               D    â© JÃ¡ concedida: android.permission.POST_NOTIFICATIONS
2026-02-06 14:33:49.859  9182-9182  AutoPermissionManager   com.cdccreditsmart.app               I  ğŸš€ ========================================
2026-02-06 14:33:49.859  9182-9182  AutoPermissionManager   com.cdccreditsmart.app               I  ğŸš€ RESUMO DA CONCESSÃƒO RÃPIDA:
2026-02-06 14:33:49.859  9182-9182  AutoPermissionManager   com.cdccreditsmart.app               I    âœ… Novas permissÃµes concedidas: 6
2026-02-06 14:33:49.859  9182-9182  AutoPermissionManager   com.cdccreditsmart.app               I    â© JÃ¡ estavam concedidas: 4
2026-02-06 14:33:49.859  9182-9182  AutoPermissionManager   com.cdccreditsmart.app               I    âŒ Erros/Falhas: 0
2026-02-06 14:33:49.859  9182-9182  AutoPermissionManager   com.cdccreditsmart.app               I    ğŸ“‹ Total processadas: 10
2026-02-06 14:33:49.859  9182-9182  AutoPermissionManager   com.cdccreditsmart.app               I  ğŸš€ ========================================
2026-02-06 14:33:49.859  9182-9182  PermissionGateScreen    com.cdccreditsmart.app               I  âœ… Runtime permissions concedidas automaticamente
2026-02-06 14:33:49.863  9182-9182  PermissionGateManager   com.cdccreditsmart.app               W  âš ï¸ Device Owner: 3 permissÃ£o(Ãµes) pendente(s)
2026-02-06 14:33:49.863  9182-9182  PermissionGateManager   com.cdccreditsmart.app               W     â†’ Falta: Acesso ao Uso de Apps
2026-02-06 14:33:49.863  9182-9182  PermissionGateManager   com.cdccreditsmart.app               W     â†’ Falta: Exibir sobre outros apps
2026-02-06 14:33:49.863  9182-9182  PermissionGateManager   com.cdccreditsmart.app               W     â†’ Falta: ExecuÃ§Ã£o em Segundo Plano
2026-02-06 14:33:50.078  9182-9182  View                    com.cdccreditsmart.app               D  [ANR Warning]onMeasure time too long, this =androidx.compose.ui.platform.AndroidComposeView{f31bb91 VFED..... ......I. 0,0-0,0}time =653 ms
2026-02-06 14:33:50.078  9182-9182  View                    com.cdccreditsmart.app               D  [ANR Warning]onMeasure time too long, this =androidx.compose.ui.platform.ComposeView{bea8b9f V.E...... ......I. 0,0-0,0}time =654 ms
2026-02-06 14:33:50.078  9182-9182  View                    com.cdccreditsmart.app               D  [ANR Warning]onMeasure time too long, this =android.widget.FrameLayout{56214ec V.E...... ......I. 0,0-0,0 #1020002 android:id/content}time =654 ms
2026-02-06 14:33:50.078  9182-9182  View                    com.cdccreditsmart.app               D  [ANR Warning]onMeasure time too long, this =android.widget.LinearLayout{7ab00b5 V.E...... ......I. 0,0-0,0}time =654 ms
2026-02-06 14:33:50.078  9182-9182  View                    com.cdccreditsmart.app               D  [ANR Warning]onMeasure time too long, this =DecorView@f04a34a[MainActivity]time =654 ms
2026-02-06 14:33:50.094  9182-9182  BufferQueueConsumer     com.cdccreditsmart.app               D  [](id:23de00000001,api:0,p:-1,c:9182) connect: controlledByApp=false
2026-02-06 14:33:50.095  9182-9182  BLASTBufferQueue        com.cdccreditsmart.app               D  [VRI[MainActivity]#1](f:0,a:0) constructor()
2026-02-06 14:33:50.095  9182-9182  BLASTBufferQueue        com.cdccreditsmart.app               D  [VRI[MainActivity]#1](f:0,a:0) update width=1080 height=2400 format=-3 mTransformHint=0
2026-02-06 14:33:50.200  9182-9405  BLASTBufferQueue        com.cdccreditsmart.app               D  [VRI[MainActivity]#1](f:0,a:1) acquireNextBufferLocked size=1080x2400 mFrameNumber=1 applyTransaction=true mTimestamp=5754115350419(auto) mPendingTransactions.size=0 graphicBufferId=39436389711879 transform=0
2026-02-06 14:33:50.216  9182-9182  PermissionGateScreen    com.cdccreditsmart.app               I  ğŸ” VERIFICAÃ‡ÃƒO INICIAL DE PERMISSÃ•ES:
2026-02-06 14:33:50.216  9182-9182  PermissionGateScreen    com.cdccreditsmart.app               I     NÃ­vel: DEVICE_OWNER
2026-02-06 14:33:50.216  9182-9182  PermissionGateScreen    com.cdccreditsmart.app               I     Todas concedidas: false
2026-02-06 14:33:50.217  9182-9182  PermissionGateScreen    com.cdccreditsmart.app               I     Bateria isenta: false
2026-02-06 14:33:50.217  9182-9182  PermissionGateScreen    com.cdccreditsmart.app               W     âŒ FALTA: Acesso ao Uso de Apps
2026-02-06 14:33:50.217  9182-9182  PermissionGateScreen    com.cdccreditsmart.app               W     âŒ FALTA: Exibir sobre outros apps
2026-02-06 14:33:50.217  9182-9182  PermissionGateScreen    com.cdccreditsmart.app               W     âŒ FALTA: ExecuÃ§Ã£o em Segundo Plano
2026-02-06 14:33:50.217  9182-9182  PermissionGateScreen    com.cdccreditsmart.app               I     âœ… OK: PermissÃµes BÃ¡sicas
2026-02-06 14:33:50.218  9182-9182  PermissionGateScreen    com.cdccreditsmart.app               I  ========================================
2026-02-06 14:33:50.218  9182-9182  PermissionGateScreen    com.cdccreditsmart.app               I  ğŸšª PERMISSION GATE SCREEN INICIADO
2026-02-06 14:33:50.218  9182-9182  PermissionGateScreen    com.cdccreditsmart.app               I  ========================================
2026-02-06 14:33:50.218  9182-9400  AutoPermissionManager   com.cdccreditsmart.app               I  ========================================
2026-02-06 14:33:50.218  9182-9400  AutoPermissionManager   com.cdccreditsmart.app               I  ğŸ” INICIANDO CONCESSÃƒO AUTOMÃTICA DE PERMISSÃ•ES
2026-02-06 14:33:50.219  9182-9400  AutoPermissionManager   com.cdccreditsmart.app               I  ========================================
2026-02-06 14:33:50.219  9182-9182  PermissionGateScreen    com.cdccreditsmart.app               I  NÃ­vel de privilÃ©gio: DEVICE_OWNER
2026-02-06 14:33:50.219  9182-9182  PermissionGateScreen    com.cdccreditsmart.app               I  PermissÃµes concedidas: 1
2026-02-06 14:33:50.219  9182-9182  PermissionGateScreen    com.cdccreditsmart.app               I  PermissÃµes faltando: 3
2026-02-06 14:33:50.219  9182-9182  PermissionGateScreen    com.cdccreditsmart.app               W    âŒ Acesso ao Uso de Apps
2026-02-06 14:33:50.219  9182-9182  PermissionGateScreen    com.cdccreditsmart.app               W    âŒ Exibir sobre outros apps
2026-02-06 14:33:50.219  9182-9182  PermissionGateScreen    com.cdccreditsmart.app               W    âŒ ExecuÃ§Ã£o em Segundo Plano
2026-02-06 14:33:50.219  9182-9182  PermissionGateScreen    com.cdccreditsmart.app               I    âœ… PermissÃµes BÃ¡sicas
2026-02-06 14:33:50.219  9182-9182  PermissionGateScreen    com.cdccreditsmart.app               I  ========================================
2026-02-06 14:33:50.220  9182-9182  PermissionGateScreen    com.cdccreditsmart.app               D  â° Iniciando verificaÃ§Ã£o periÃ³dica de permissÃµes (a cada 3s)...
2026-02-06 14:33:50.224  9182-9182  Choreographer           com.cdccreditsmart.app               I  Skipped 50 frames!  The application may be doing too much work on its main thread.
2026-02-06 14:33:50.230  9182-9214  HWUI                    com.cdccreditsmart.app               I  Davey! duration=835ms; Flags=1, FrameTimelineVsyncId=372047, IntendedVsync=5753284102522, Vsync=5753284102522, InputEventId=0, HandleInputStart=5753296660573, AnimationStart=5753296663342, PerformTraversalsStart=5753296664496, DrawStart=5754067073496, FrameDeadline=5753304102522, FrameInterval=5753296645111, FrameStartTime=16628349, SyncQueued=5754109630111, SyncStart=5754109679958, IssueDrawCommandsStart=5754110087035, SwapBuffers=5754115265727, FrameCompleted=5754119988804, DequeueBufferDuration=15923, QueueBufferDuration=849230, GpuCompleted=5754119988804, SwapBuffersCompleted=5754116470419, DisplayPresentTime=1101, CommandSubmissionCompleted=5754115265727, 
2026-02-06 14:33:50.231  9182-9400  AutoPermissionManager   com.cdccreditsmart.app               I  ğŸ“‹ Status: Device Owner=true, Profile Owner=false
2026-02-06 14:33:50.231  9182-9400  AutoPermissionManager   com.cdccreditsmart.app               I  âœ… App Ã© Device Owner - concedendo permissÃµes automaticamente...
2026-02-06 14:33:50.233  9182-9400  AutoPermissionManager   com.cdccreditsmart.app               I  ğŸš€ ========================================
2026-02-06 14:33:50.233  9182-9400  AutoPermissionManager   com.cdccreditsmart.app               I  ğŸš€ CONCESSÃƒO RÃPIDA DE PERMISSÃ•ES (Device Owner)
2026-02-06 14:33:50.233  9182-9400  AutoPermissionManager   com.cdccreditsmart.app               I  ğŸš€ ========================================
2026-02-06 14:33:50.234  9182-9400  AutoPermissionManager   com.cdccreditsmart.app               D    â© JÃ¡ concedida: android.permission.READ_PHONE_STATE
2026-02-06 14:33:50.280  9182-9215  HWUI                    com.cdccreditsmart.app               I  Davey! duration=875ms; Flags=0, FrameTimelineVsyncId=372076, IntendedVsync=5753300730871, Vsync=5754132152671, InputEventId=0, HandleInputStart=5754142553111, AnimationStart=5754142557111, PerformTraversalsStart=5754153561496, DrawStart=5754153838958, FrameDeadline=5754152148321, FrameInterval=5754140627342, FrameStartTime=16628436, SyncQueued=5754165957188, SyncStart=5754166255342, IssueDrawCommandsStart=5754166600573, SwapBuffers=5754170716265, FrameCompleted=5754176076188, DequeueBufferDuration=32384, QueueBufferDuration=776692, GpuCompleted=5754176076188, SwapBuffersCompleted=5754172356265, DisplayPresentTime=54645181552263712, CommandSubmissionCompleted=5754170716265, 
2026-02-06 14:33:50.348  9182-9400  AutoPermissionManager   com.cdccreditsmart.app               I    âœ… Concedida: android.permission.READ_CALL_LOG
2026-02-06 14:33:50.437  9182-9400  AutoPermissionManager   com.cdccreditsmart.app               I    âœ… Concedida: android.permission.CALL_PHONE
2026-02-06 14:33:50.510  9182-9400  AutoPermissionManager   com.cdccreditsmart.app               I    âœ… Concedida: android.permission.READ_CONTACTS
2026-02-06 14:33:50.511  9182-9400  AutoPermissionManager   com.cdccreditsmart.app               D    â© JÃ¡ concedida: android.permission.ACCESS_FINE_LOCATION
2026-02-06 14:33:50.512  9182-9400  AutoPermissionManager   com.cdccreditsmart.app               D    â© JÃ¡ concedida: android.permission.ACCESS_COARSE_LOCATION
2026-02-06 14:33:50.572  9182-9400  AutoPermissionManager   com.cdccreditsmart.app               I    âœ… Concedida: android.permission.ANSWER_PHONE_CALLS
2026-02-06 14:33:50.638  9182-9400  AutoPermissionManager   com.cdccreditsmart.app               I    âœ… Concedida: android.permission.READ_PHONE_NUMBERS
2026-02-06 14:33:50.638  9182-9400  AutoPermissionManager   com.cdccreditsmart.app               D    â© JÃ¡ concedida: android.permission.ACCESS_BACKGROUND_LOCATION
2026-02-06 14:33:50.639  9182-9400  AutoPermissionManager   com.cdccreditsmart.app               D    â© JÃ¡ concedida: android.permission.POST_NOTIFICATIONS
2026-02-06 14:33:50.639  9182-9400  AutoPermissionManager   com.cdccreditsmart.app               I  ğŸš€ ========================================
2026-02-06 14:33:50.639  9182-9400  AutoPermissionManager   com.cdccreditsmart.app               I  ğŸš€ RESUMO DA CONCESSÃƒO RÃPIDA:
2026-02-06 14:33:50.639  9182-9400  AutoPermissionManager   com.cdccreditsmart.app               I    âœ… Novas permissÃµes concedidas: 5
2026-02-06 14:33:50.639  9182-9400  AutoPermissionManager   com.cdccreditsmart.app               I    â© JÃ¡ estavam concedidas: 5
2026-02-06 14:33:50.639  9182-9400  AutoPermissionManager   com.cdccreditsmart.app               I    âŒ Erros/Falhas: 0
2026-02-06 14:33:50.639  9182-9400  AutoPermissionManager   com.cdccreditsmart.app               I    ğŸ“‹ Total processadas: 10
2026-02-06 14:33:50.639  9182-9400  AutoPermissionManager   com.cdccreditsmart.app               I  ğŸš€ ========================================
2026-02-06 14:33:50.639  9182-9400  AutoPermissionManager   com.cdccreditsmart.app               I  ğŸ” Verificando status final de todas as permissÃµes...
2026-02-06 14:33:50.642  9182-9400  AutoPermissionManager   com.cdccreditsmart.app               D    âœ… CONCEDIDA - android.permission.READ_PHONE_STATE
2026-02-06 14:33:50.643  9182-9400  AutoPermissionManager   com.cdccreditsmart.app               D    âŒ NEGADA - android.permission.READ_CALL_LOG
2026-02-06 14:33:50.644  9182-9400  AutoPermissionManager   com.cdccreditsmart.app               D    âŒ NEGADA - android.permission.CALL_PHONE
2026-02-06 14:33:50.645  9182-9400  AutoPermissionManager   com.cdccreditsmart.app               D    âŒ NEGADA - android.permission.READ_CONTACTS
2026-02-06 14:33:50.646  9182-9400  AutoPermissionManager   com.cdccreditsmart.app               D    âœ… CONCEDIDA - android.permission.ACCESS_FINE_LOCATION
2026-02-06 14:33:50.647  9182-9400  AutoPermissionManager   com.cdccreditsmart.app               D    âœ… CONCEDIDA - android.permission.ACCESS_COARSE_LOCATION
2026-02-06 14:33:50.648  9182-9400  AutoPermissionManager   com.cdccreditsmart.app               D    âŒ NEGADA - android.permission.ANSWER_PHONE_CALLS
2026-02-06 14:33:50.649  9182-9400  AutoPermissionManager   com.cdccreditsmart.app               D    âŒ NEGADA - android.permission.READ_PHONE_NUMBERS
2026-02-06 14:33:50.650  9182-9400  AutoPermissionManager   com.cdccreditsmart.app               D    âœ… CONCEDIDA - android.permission.ACCESS_BACKGROUND_LOCATION
2026-02-06 14:33:50.651  9182-9400  AutoPermissionManager   com.cdccreditsmart.app               D    âœ… CONCEDIDA - android.permission.POST_NOTIFICATIONS
2026-02-06 14:33:50.651  9182-9400  AutoPermissionManager   com.cdccreditsmart.app               W  âš ï¸ Algumas permissÃµes ainda nÃ£o foram concedidas (runtime pode demorar para atualizar)
2026-02-06 14:33:50.651  9182-9400  AutoPermissionManager   com.cdccreditsmart.app               I  ========================================
2026-02-06 14:33:50.651  9182-9400  AutoPermissionManager   com.cdccreditsmart.app               I  ğŸ” CONFIGURANDO PERMISSÃ•ES ESPECIAIS (Device Owner)
2026-02-06 14:33:50.651  9182-9400  AutoPermissionManager   com.cdccreditsmart.app               I  ========================================
2026-02-06 14:33:50.652  9182-9400  AutoPermissionManager   com.cdccreditsmart.app               I  ğŸ“Š ========================================
2026-02-06 14:33:50.652  9182-9400  AutoPermissionManager   com.cdccreditsmart.app               I  ğŸ“Š CONCEDENDO PACKAGE_USAGE_STATS (Usage Access)
2026-02-06 14:33:50.652  9182-9400  AutoPermissionManager   com.cdccreditsmart.app               I  ğŸ“Š ========================================
2026-02-06 14:33:50.654  9182-9400  AutoPermissionManager   com.cdccreditsmart.app               I  ğŸ“Š Estado atual: 3 (precisa MODE_ALLOWED=0)
2026-02-06 14:33:50.654  9182-9400  AutoPermissionManager   com.cdccreditsmart.app               I  ğŸ“Š Tentando conceder automaticamente...
2026-02-06 14:33:50.654  9182-9400  AutoPermissionManager   com.cdccreditsmart.app               D  ğŸ“Š Tentativa 1: AppOpsManager.setMode() via reflexÃ£o
2026-02-06 14:33:50.654  9182-9400  creditsmart.app         com.cdccreditsmart.app               W  Accessing hidden method Landroid/app/AppOpsManager;->setMode(IILjava/lang/String;I)V (unsupported,test-api, reflection, allowed)
2026-02-06 14:33:50.655  9182-9400  AutoPermissionManager   com.cdccreditsmart.app               I  ğŸ“Š    âœ… setMode() executado
2026-02-06 14:33:50.656  9182-9400  AutoPermissionManager   com.cdccreditsmart.app               I  ğŸ“Š âœ… PACKAGE_USAGE_STATS CONCEDIDA COM SUCESSO!
2026-02-06 14:33:50.656  9182-9400  AutoPermissionManager   com.cdccreditsmart.app               I  ğŸ“Š    SettingsGuardService agora pode monitorar activities
2026-02-06 14:33:50.656  9182-9400  AutoPermissionManager   com.cdccreditsmart.app               I  ğŸ“Š ========================================
2026-02-06 14:33:50.656  9182-9400  AutoPermissionManager   com.cdccreditsmart.app               I  ğŸªŸ ========================================
2026-02-06 14:33:50.656  9182-9400  AutoPermissionManager   com.cdccreditsmart.app               I  ğŸªŸ CONCEDENDO SYSTEM_ALERT_WINDOW (Overlay)
2026-02-06 14:33:50.656  9182-9400  AutoPermissionManager   com.cdccreditsmart.app               I  ğŸªŸ ========================================
2026-02-06 14:33:50.658  9182-9400  AutoPermissionManager   com.cdccreditsmart.app               I  ğŸªŸ Tentando conceder automaticamente...
2026-02-06 14:33:50.658  9182-9400  AutoPermissionManager   com.cdccreditsmart.app               D  ğŸªŸ Tentativa 1: AppOpsManager.setMode() via reflexÃ£o
2026-02-06 14:33:50.658  9182-9400  AutoPermissionManager   com.cdccreditsmart.app               I  ğŸªŸ    âœ… setMode() executado
2026-02-06 14:33:50.659  9182-9400  AutoPermissionManager   com.cdccreditsmart.app               I  ğŸªŸ âœ… SYSTEM_ALERT_WINDOW CONCEDIDA COM SUCESSO!
2026-02-06 14:33:50.659  9182-9400  AutoPermissionManager   com.cdccreditsmart.app               I  ğŸªŸ    SettingsGuard overlay agora pode funcionar
2026-02-06 14:33:50.659  9182-9400  AutoPermissionManager   com.cdccreditsmart.app               I  ğŸªŸ ========================================
2026-02-06 14:33:50.659  9182-9400  AutoPermissionManager   com.cdccreditsmart.app               I  ğŸ”‹ ========================================
2026-02-06 14:33:50.659  9182-9400  AutoPermissionManager   com.cdccreditsmart.app               I  ğŸ”‹ VERIFICANDO ISENÃ‡ÃƒO DE OTIMIZAÃ‡ÃƒO DE BATERIA
2026-02-06 14:33:50.659  9182-9400  AutoPermissionManager   com.cdccreditsmart.app               I  ğŸ”‹ ========================================
2026-02-06 14:33:50.659  9182-9400  AutoPermissionManager   com.cdccreditsmart.app               I  ğŸ”‹ âš ï¸ App NÃƒO estÃ¡ isento - solicitando isenÃ§Ã£o...
2026-02-06 14:33:50.688  9182-9400  AutoPermissionManager   com.cdccreditsmart.app               I  ğŸ”‹ âœ… DiÃ¡logo de isenÃ§Ã£o de bateria exibido
2026-02-06 14:33:50.688  9182-9400  AutoPermissionManager   com.cdccreditsmart.app               I  ğŸ”‹ ========================================
2026-02-06 14:33:50.688  9182-9400  AutoPermissionManager   com.cdccreditsmart.app               I  ğŸ“ ForÃ§ando GPS/LocalizaÃ§Ã£o sempre ativo...
2026-02-06 14:33:50.696  9182-9400  AutoPermissionManager   com.cdccreditsmart.app               I  âœ… LocalizaÃ§Ã£o forÃ§ada via setLocationEnabled (Android 9+)
2026-02-06 14:33:50.699  9182-9400  AutoPermissionManager   com.cdccreditsmart.app               I  ğŸ“ Sem bloqueio ativo - usuÃ¡rio pode controlar GPS normalmente
2026-02-06 14:33:50.703  9182-9400  AutoPermissionManager   com.cdccreditsmart.app               I  ğŸ“ Status atual - GPS: true, Network: true
2026-02-06 14:33:50.703  9182-9400  AutoPermissionManager   com.cdccreditsmart.app               I  ğŸ“ ConfiguraÃ§Ã£o de localizaÃ§Ã£o concluÃ­da
2026-02-06 14:33:50.711  9182-9400  AutoPermissionManager   com.cdccreditsmart.app               I  âœ… PolÃ­tica de permissÃµes configurada para AUTO_GRANT
2026-02-06 14:33:50.711  9182-9400  AutoPermissionManager   com.cdccreditsmart.app               I  ğŸ“Š ========================================
2026-02-06 14:33:50.711  9182-9400  AutoPermissionManager   com.cdccreditsmart.app               I  ğŸ“Š VERIFICAÃ‡ÃƒO FINAL: PACKAGE_USAGE_STATS
2026-02-06 14:33:50.711  9182-9400  AutoPermissionManager   com.cdccreditsmart.app               I  ğŸ“Š ========================================
2026-02-06 14:33:50.713  9182-9400  AutoPermissionManager   com.cdccreditsmart.app               I  ğŸ“Š âœ… PACKAGE_USAGE_STATS estÃ¡ ATIVA!
2026-02-06 14:33:50.713  9182-9400  AutoPermissionManager   com.cdccreditsmart.app               I  ğŸ“Š    SettingsGuard pode monitorar activities precisamente
2026-02-06 14:33:50.713  9182-9400  AutoPermissionManager   com.cdccreditsmart.app               I  ğŸ“Š ========================================
2026-02-06 14:33:50.713  9182-9400  AutoPermissionManager   com.cdccreditsmart.app               I  ========================================
2026-02-06 14:33:51.219  9182-9400  PermissionGateManager   com.cdccreditsmart.app               W  âš ï¸ Device Owner: 1 permissÃ£o(Ãµes) pendente(s)
2026-02-06 14:33:51.219  9182-9400  PermissionGateManager   com.cdccreditsmart.app               W     â†’ Falta: ExecuÃ§Ã£o em Segundo Plano
2026-02-06 14:33:51.329  9182-9400  SettingsGuardService    com.cdccreditsmart.app               I  âœ… USAGE_STATS concedida
2026-02-06 14:33:51.330  9182-9400  SettingsGuardService    com.cdccreditsmart.app               I  ğŸ“¢ NotificaÃ§Ã£o de permissÃ£o USAGE_STATS cancelada
2026-02-06 14:33:51.354  9182-9400  SettingsGuardService    com.cdccreditsmart.app               D  ğŸ“‹ Activity check - Full: com.android.settings.fuelgauge.RequestIgnoreBatteryOptimizations, Simple: RequestIgnoreBatteryOptimizations
2026-02-06 14:33:51.395  9182-9400  SettingsGuardService    com.cdccreditsmart.app               W  ğŸ¯ ATIVIDADE PERIGOSA DETECTADA!
2026-02-06 14:33:51.395  9182-9400  SettingsGuardService    com.cdccreditsmart.app               W     Pacote: com.android.settings
2026-02-06 14:33:51.395  9182-9400  SettingsGuardService    com.cdccreditsmart.app               W     Activity completa: com.android.settings.fuelgauge.RequestIgnoreBatteryOptimizations
2026-02-06 14:33:51.395  9182-9400  SettingsGuardService    com.cdccreditsmart.app               W     Activity simplificada: RequestIgnoreBatteryOptimizations
2026-02-06 14:33:51.395  9182-9400  SettingsGuardService    com.cdccreditsmart.app               W     Match: BatteryOptimization
2026-02-06 14:33:51.395  9182-9400  SettingsGuardService    com.cdccreditsmart.app               W  ğŸš¨ ÃREA PERIGOSA: com.android.settings.fuelgauge.RequestIgnoreBatteryOptimizations
2026-02-06 14:33:51.400  9182-9182  SettingsGuardService    com.cdccreditsmart.app               W  âš ï¸ NÃ£o foi possÃ­vel fazer force-stop do Settings: Permission Denial: killBackgroundProcesses() from pid=9182, uid=10304 requires android.permission.KILL_BACKGROUND_PROCESSES
2026-02-06 14:33:51.435  9182-9182  SettingsGuardService    com.cdccreditsmart.app               I  ğŸ  Settings FECHADO - enviado para Home
2026-02-06 14:33:51.599  9182-9182  SettingsGuardService    com.cdccreditsmart.app               I  âœ… Tela de bloqueio exibida (Settings fechado)
2026-02-06 14:33:51.940  9182-9182  Activity                com.cdccreditsmart.app               D  onResume setDolbyGameProfilePackage lastPkg =  currentPkg = com.cdccreditsmart.app
2026-02-06 14:33:51.946  9182-9182  VRI[AppAcc...nActivity] com.cdccreditsmart.app               D  hardware acceleration = true, forceHwAccelerated = false
2026-02-06 14:33:51.956  9182-9182  InputEventReceiver      com.cdccreditsmart.app               D  Input log is disabled in InputEventReceiver.
2026-02-06 14:33:52.212  9182-9182  LocalInstallmentStorage com.cdccreditsmart.app               W  âš ï¸ Nenhuma parcela armazenada localmente
2026-02-06 14:33:52.379  9182-9182  BufferQueueConsumer     com.cdccreditsmart.app               D  [](id:23de00000002,api:0,p:-1,c:9182) connect: controlledByApp=false
2026-02-06 14:33:52.379  9182-9182  BLASTBufferQueue        com.cdccreditsmart.app               D  [VRI[AppAccessExplanationActivity]#2](f:0,a:0) constructor()
2026-02-06 14:33:52.379  9182-9182  BLASTBufferQueue        com.cdccreditsmart.app               D  [VRI[AppAccessExplanationActivity]#2](f:0,a:0) update width=1080 height=2400 format=-1 mTransformHint=0
2026-02-06 14:33:52.445  9182-9400  SettingsGuardService    com.cdccreditsmart.app               D  ğŸ“‹ Activity check - Full: com.cdccreditsmart.app.appmanagement.AppAccessExplanationActivity, Simple: AppAccessExplanationActivity
2026-02-06 14:33:52.448  9182-9400  SettingsGuardService    com.cdccreditsmart.app               I  âœ… App CDC em foreground - resetando contador e throttle
2026-02-06 14:33:52.530  9182-9405  BLASTBufferQueue        com.cdccreditsmart.app               D  [VRI[AppAccessExplanationActivity]#2](f:0,a:1) acquireNextBufferLocked size=1080x2400 mFrameNumber=1 applyTransaction=true mTimestamp=5756446027573(auto) mPendingTransactions.size=0 graphicBufferId=39436389711883 transform=0
2026-02-06 14:33:52.536  9182-9182  Choreographer           com.cdccreditsmart.app               I  Skipped 32 frames!  The application may be doing too much work on its main thread.
2026-02-06 14:33:52.536  9182-9400  SupportRepository       com.cdccreditsmart.app               I  ğŸ“¡ Buscando dados de contato do servidor...
2026-02-06 14:33:52.544  9182-9182  CdcForegroundService    com.cdccreditsmart.app               D  ğŸš€ ServiÃ§o onStartCommand() - Action: com.cdccreditsmart.app.START_SERVICE
2026-02-06 14:33:52.555  9182-9182  CdcForegroundService    com.cdccreditsmart.app               I  âœ… Foreground Service com localizaÃ§Ã£o habilitada
2026-02-06 14:33:52.558  9182-9182  CdcForegroundService    com.cdccreditsmart.app               W  âš ï¸ Falha ao iniciar FGS com tipo combinado, tentando sem location: Starting FGS with type location callerApp=ProcessRecord{9b26318 9182:com.cdccreditsmart.app/u0a304} targetSDK=35 requires permissions: all of the permissions allOf=true [android.permission.FOREGROUND_SERVICE_LOCATION] any of the permissions allOf=false [android.permission.ACCESS_COARSE_LOCATION, android.permission.ACCESS_FINE_LOCATION]  and the app must be in the eligible state/exemptions to access the foreground only permission
2026-02-06 14:33:52.565  9182-9182  CdcForegroundService    com.cdccreditsmart.app               I  âœ… Foreground Service ativo (Android 12+)
