2025-12-08 07:16:18.679  8368-8407  WorkPolicyManager       com.cdccreditsmart.app               I  â”€â”€â”€â”€â”€â”€â”€â”€â”€â”€â”€â”€â”€â”€â”€â”€â”€â”€â”€â”€â”€â”€â”€â”€â”€â”€â”€â”€â”€â”€â”€â”€â”€â”€â”€â”€â”€â”€â”€â”€â”€â”€â”€â”€â”€â”€â”€â”€â”€â”€â”€â”€â”€â”€â”€â”€â”€â”€â”€â”€â”€â”€â”€
2025-12-08 07:16:18.679  8368-8407  WorkPolicyManager       com.cdccreditsmart.app               I     âœ… PolÃ­ticas de senha configuradas (Device Admin)
2025-12-08 07:16:18.679  8368-8407  WorkPolicyManager       com.cdccreditsmart.app               I  
2025-12-08 07:16:18.679  8368-8407  WorkPolicyManager       com.cdccreditsmart.app               I  ğŸ“± [2/4] PROTEÃ‡Ã•ES DE PERSISTÃŠNCIA
2025-12-08 07:16:18.679  8368-8407  WorkPolicyManager       com.cdccreditsmart.app               I  â”€â”€â”€â”€â”€â”€â”€â”€â”€â”€â”€â”€â”€â”€â”€â”€â”€â”€â”€â”€â”€â”€â”€â”€â”€â”€â”€â”€â”€â”€â”€â”€â”€â”€â”€â”€â”€â”€â”€â”€â”€â”€â”€â”€â”€â”€â”€â”€â”€â”€â”€â”€â”€â”€â”€â”€â”€â”€â”€â”€â”€â”€â”€
2025-12-08 07:16:18.679  8368-8407  WorkPolicyManager       com.cdccreditsmart.app               I     âœ… JÃ¡ isento de otimizaÃ§Ã£o de bateria
2025-12-08 07:16:18.680  8368-8407  WorkPolicyManager       com.cdccreditsmart.app               I     âœ… Foreground Service configurado via CdcForegroundService
2025-12-08 07:16:18.680  8368-8407  WorkPolicyManager       com.cdccreditsmart.app               I     âœ… WorkManager health check agendado
2025-12-08 07:16:18.680  8368-8407  WorkPolicyManager       com.cdccreditsmart.app               I  
2025-12-08 07:16:18.680  8368-8407  WorkPolicyManager       com.cdccreditsmart.app               I  ğŸ”” [3/4] MONITORAMENTO
2025-12-08 07:16:18.680  8368-8407  WorkPolicyManager       com.cdccreditsmart.app               I  â”€â”€â”€â”€â”€â”€â”€â”€â”€â”€â”€â”€â”€â”€â”€â”€â”€â”€â”€â”€â”€â”€â”€â”€â”€â”€â”€â”€â”€â”€â”€â”€â”€â”€â”€â”€â”€â”€â”€â”€â”€â”€â”€â”€â”€â”€â”€â”€â”€â”€â”€â”€â”€â”€â”€â”€â”€â”€â”€â”€â”€â”€â”€
2025-12-08 07:16:18.680  8368-8407  WorkPolicyManager       com.cdccreditsmart.app               I     âœ… Monitor de desinstalaÃ§Ã£o registrado via broadcast
2025-12-08 07:16:18.680  8368-8407  WorkPolicyManager       com.cdccreditsmart.app               I     âœ… Monitor de pacotes registrado
2025-12-08 07:16:18.680  8368-8407  WorkPolicyManager       com.cdccreditsmart.app               I  
2025-12-08 07:16:18.680  8368-8407  WorkPolicyManager       com.cdccreditsmart.app               I  âš¡ [4/4] PROTEÃ‡Ã•ES ALTERNATIVAS
2025-12-08 07:16:18.680  8368-8407  WorkPolicyManager       com.cdccreditsmart.app               I  â”€â”€â”€â”€â”€â”€â”€â”€â”€â”€â”€â”€â”€â”€â”€â”€â”€â”€â”€â”€â”€â”€â”€â”€â”€â”€â”€â”€â”€â”€â”€â”€â”€â”€â”€â”€â”€â”€â”€â”€â”€â”€â”€â”€â”€â”€â”€â”€â”€â”€â”€â”€â”€â”€â”€â”€â”€â”€â”€â”€â”€â”€â”€
2025-12-08 07:16:18.680  8368-8407  WorkPolicyManager       com.cdccreditsmart.app               I     âœ… Device Admin ativo e funcionando
2025-12-08 07:16:18.683  8368-8407  WorkPolicyManager       com.cdccreditsmart.app               I  
2025-12-08 07:16:18.683  8368-8407  WorkPolicyManager       com.cdccreditsmart.app               I  â•”â•â•â•â•â•â•â•â•â•â•â•â•â•â•â•â•â•â•â•â•â•â•â•â•â•â•â•â•â•â•â•â•â•â•â•â•â•â•â•â•â•â•â•â•â•â•â•â•â•â•â•â•â•â•â•â•â•â•â•â•â•â•â•â•â•—
2025-12-08 07:16:18.683  8368-8407  WorkPolicyManager       com.cdccreditsmart.app               I  â•‘  ğŸ“Š RESUMO DAS POLÃTICAS DE TRABALHO                           â•‘
2025-12-08 07:16:18.683  8368-8407  WorkPolicyManager       com.cdccreditsmart.app               I  â• â•â•â•â•â•â•â•â•â•â•â•â•â•â•â•â•â•â•â•â•â•â•â•â•â•â•â•â•â•â•â•â•â•â•â•â•â•â•â•â•â•â•â•â•â•â•â•â•â•â•â•â•â•â•â•â•â•â•â•â•â•â•â•â•â•£
2025-12-08 07:16:18.684  8368-8407  WorkPolicyManager       com.cdccreditsmart.app               I  â•‘  ğŸ” NÃ­vel de proteÃ§Ã£o: DEVICE ADMIN
2025-12-08 07:16:18.684  8368-8407  WorkPolicyManager       com.cdccreditsmart.app               I  â•‘  ğŸ“‹ PolÃ­ticas aplicadas: 7
2025-12-08 07:16:18.684  8368-8407  WorkPolicyManager       com.cdccreditsmart.app               I  â• â•â•â•â•â•â•â•â•â•â•â•â•â•â•â•â•â•â•â•â•â•â•â•â•â•â•â•â•â•â•â•â•â•â•â•â•â•â•â•â•â•â•â•â•â•â•â•â•â•â•â•â•â•â•â•â•â•â•â•â•â•â•â•â•â•£
2025-12-08 07:16:18.684  8368-8407  WorkPolicyManager       com.cdccreditsmart.app               I  â•‘  âœ… PROTEÃ‡Ã•ES ATIVAS:
2025-12-08 07:16:18.684  8368-8407  WorkPolicyManager       com.cdccreditsmart.app               I  â•‘     âœ… PolÃ­ticas de senha configuradas
2025-12-08 07:16:18.684  8368-8407  WorkPolicyManager       com.cdccreditsmart.app               I  â•‘     âœ… IsenÃ§Ã£o de otimizaÃ§Ã£o de bateria
2025-12-08 07:16:18.684  8368-8407  WorkPolicyManager       com.cdccreditsmart.app               I  â•‘     âœ… Foreground Service persistente ativado
2025-12-08 07:16:18.684  8368-8407  WorkPolicyManager       com.cdccreditsmart.app               I  â•‘     âœ… VerificaÃ§Ã£o periÃ³dica de saÃºde agendada
2025-12-08 07:16:18.684  8368-8407  WorkPolicyManager       com.cdccreditsmart.app               I  â•‘     âœ… Monitor de desinstalaÃ§Ã£o ativado
2025-12-08 07:16:18.684  8368-8407  WorkPolicyManager       com.cdccreditsmart.app               I  â•‘     âœ… Monitor de mudanÃ§as de pacotes ativado
2025-12-08 07:16:18.684  8368-8407  WorkPolicyManager       com.cdccreditsmart.app               I  â•‘     âœ… PolÃ­ticas de Device Admin aplicadas
2025-12-08 07:16:18.684  8368-8407  WorkPolicyManager       com.cdccreditsmart.app               I  â• â•â•â•â•â•â•â•â•â•â•â•â•â•â•â•â•â•â•â•â•â•â•â•â•â•â•â•â•â•â•â•â•â•â•â•â•â•â•â•â•â•â•â•â•â•â•â•â•â•â•â•â•â•â•â•â•â•â•â•â•â•â•â•â•â•£
2025-12-08 07:16:18.684  8368-8407  WorkPolicyManager       com.cdccreditsmart.app               I  â•‘  âš ï¸ AVISOS:
2025-12-08 07:16:18.684  8368-8407  WorkPolicyManager       com.cdccreditsmart.app               W  â•‘     âš ï¸ DesinstalaÃ§Ã£o: UsuÃ¡rio pode desinstalar (Device Admin nÃ£o bloqueia)
2025-12-08 07:16:18.684  8368-8407  WorkPolicyManager       com.cdccreditsmart.app               W  â•‘     âš ï¸ Factory Reset: NÃ£o bloqueÃ¡vel sem Device Owner
2025-12-08 07:16:18.684  8368-8407  WorkPolicyManager       com.cdccreditsmart.app               W  â•‘     âš ï¸ RecomendaÃ§Ã£o: Ativar Device Owner para proteÃ§Ã£o mÃ¡xima
2025-12-08 07:16:18.684  8368-8407  WorkPolicyManager       com.cdccreditsmart.app               I  â•šâ•â•â•â•â•â•â•â•â•â•â•â•â•â•â•â•â•â•â•â•â•â•â•â•â•â•â•â•â•â•â•â•â•â•â•â•â•â•â•â•â•â•â•â•â•â•â•â•â•â•â•â•â•â•â•â•â•â•â•â•â•â•â•â•â•
2025-12-08 07:16:18.684  8368-8407  WorkPolicyManager       com.cdccreditsmart.app               I  
2025-12-08 07:16:18.685  8368-8407  CdcForegroundService    com.cdccreditsmart.app               I  ğŸ¢ Resultado: DEVICE_ADMIN
2025-12-08 07:16:18.685  8368-8407  CdcForegroundService    com.cdccreditsmart.app               I  ğŸ¢ PolÃ­ticas aplicadas: 7/10
2025-12-08 07:16:18.685  8368-8407  CdcForegroundService    com.cdccreditsmart.app               W  ğŸ¢ âš ï¸ DesinstalaÃ§Ã£o: UsuÃ¡rio pode desinstalar (Device Admin nÃ£o bloqueia)
2025-12-08 07:16:18.685  8368-8407  CdcForegroundService    com.cdccreditsmart.app               W  ğŸ¢ âš ï¸ Factory Reset: NÃ£o bloqueÃ¡vel sem Device Owner
2025-12-08 07:16:18.685  8368-8407  CdcForegroundService    com.cdccreditsmart.app               W  ğŸ¢ âš ï¸ RecomendaÃ§Ã£o: Ativar Device Owner para proteÃ§Ã£o mÃ¡xima
2025-12-08 07:16:18.685  8368-8407  CdcForegroundService    com.cdccreditsmart.app               I  ğŸ¢ ========================================
2025-12-08 07:16:18.685  8368-8407  CdcForegroundService    com.cdccreditsmart.app               I  ğŸ›¡ï¸ ========================================
2025-12-08 07:16:18.685  8368-8407  CdcForegroundService    com.cdccreditsmart.app               I  ğŸ›¡ï¸ INICIANDO SETTINGS GUARD (PROTEÃ‡ÃƒO AGRESSIVA)
2025-12-08 07:16:18.685  8368-8407  CdcForegroundService    com.cdccreditsmart.app               I  ğŸ›¡ï¸ ========================================
2025-12-08 07:16:18.686  8368-8368  ApkSignatureVerifier    com.cdccreditsmart.app               I  Added trusted signature hash: 7aeb48763df1ebeb...
2025-12-08 07:16:18.686  8368-8368  ApkSignatureVerifier    com.cdccreditsmart.app               I  Initialized and persisted self-signature: 7aeb48763df1ebeb...
2025-12-08 07:16:18.687  8368-8407  AutoPermissionManager   com.cdccreditsmart.app               W  âš ï¸ NÃ£o Ã© Device Owner - nÃ£o pode conceder permissÃµes especiais
2025-12-08 07:16:18.689  8368-8407  SettingsGuardService    com.cdccreditsmart.app               I  ğŸ›¡ï¸ SettingsGuard INICIADO
2025-12-08 07:16:18.689  8368-8407  SettingsGuardService    com.cdccreditsmart.app               I     Modo de proteÃ§Ã£o: DEVICE_ADMIN
2025-12-08 07:16:18.689  8368-8407  SettingsGuardService    com.cdccreditsmart.app               I     ğŸ” Device Admin: ProteÃ§Ã£o AGRESSIVA ativada
2025-12-08 07:16:18.689  8368-8407  SettingsGuardService    com.cdccreditsmart.app               I     ğŸ“¡ Monitorando Settings a cada 600ms
2025-12-08 07:16:18.689  8368-8407  SettingsGuardService    com.cdccreditsmart.app               I     ğŸ“¡ Quando Settings aberto: modo agressivo 400ms
2025-12-08 07:16:18.689  8368-8407  SettingsGuardService    com.cdccreditsmart.app               I  ğŸ” Iniciando monitoramento ativo de Settings...
2025-12-08 07:16:18.690  8368-8368  FactoryResetRecovery    com.cdccreditsmart.app               W  Cannot read device serial: getSerial: The uid 10217 does not meet the requirements to access device identifiers.
2025-12-08 07:16:18.690  8368-8407  SettingsGuardService    com.cdccreditsmart.app               I  ğŸ“¢ NotificaÃ§Ã£o de permissÃ£o USAGE_STATS cancelada
2025-12-08 07:16:18.693  8368-8407  CdcForegroundService    com.cdccreditsmart.app               I  ğŸ›¡ï¸ Guard ativo: true
2025-12-08 07:16:18.693  8368-8407  CdcForegroundService    com.cdccreditsmart.app               I  ğŸ›¡ï¸ Modo proteÃ§Ã£o: DEVICE_ADMIN
2025-12-08 07:16:18.693  8368-8407  CdcForegroundService    com.cdccreditsmart.app               I  ğŸ›¡ï¸ Modo agressivo: false
2025-12-08 07:16:18.694  8368-8407  CdcForegroundService    com.cdccreditsmart.app               I  ğŸ›¡ï¸ UsageStats: âœ… ATIVO
2025-12-08 07:16:18.694  8368-8407  CdcForegroundService    com.cdccreditsmart.app               I  ğŸ›¡ï¸ Overlay: âœ… ATIVO
2025-12-08 07:16:18.694  8368-8407  CdcForegroundService    com.cdccreditsmart.app               I  ğŸ›¡ï¸ ========================================
2025-12-08 07:16:18.694  8368-8408  SettingsGuardService    com.cdccreditsmart.app               D  ğŸ“‹ Activity check - Full: com.cdccreditsmart.app.presentation.MainActivity, Simple: MainActivity
2025-12-08 07:16:18.714  8368-8368  SecureTokenStorage      com.cdccreditsmart.app               D  EncryptedSharedPreferences initialized successfully
2025-12-08 07:16:18.714  8368-8368  ContractCodeStorage     com.cdccreditsmart.app               D  Retrieving contract code from storage
2025-12-08 07:16:18.759  8368-8368  ContractCodeStorage     com.cdccreditsmart.app               D  Storage verification: 0 valid, 0 tampered, 7 missing
2025-12-08 07:16:18.760  8368-8368  ContractCodeStorage     com.cdccreditsmart.app               W  No valid contract code found in any location
2025-12-08 07:16:18.760  8368-8368  FactoryResetRecovery    com.cdccreditsmart.app               W  No enrollment data available to save
2025-12-08 07:16:18.760  8368-8368  FactoryResetRecovery    com.cdccreditsmart.app               I  Factory Reset Recovery initialized
2025-12-08 07:16:18.763  8368-8368  CdcForegroundService    com.cdccreditsmart.app               I  âœ… ServiÃ§o iniciado via startService()
2025-12-08 07:16:19.210  8368-8372  creditsmart.app         com.cdccreditsmart.app               I  Compiler allocated 5042KB to compile void android.view.ViewRootImpl.performTraversals()
2025-12-08 07:16:19.227  8368-8407  SecureTokenStorage      com.cdccreditsmart.app               D  EncryptedSharedPreferences initialized successfully
2025-12-08 07:16:19.228  8368-8407  ContractCodeStorage     com.cdccreditsmart.app               D  Retrieving contract code from storage
2025-12-08 07:16:19.265  8368-8407  ContractCodeStorage     com.cdccreditsmart.app               D  Storage verification: 0 valid, 0 tampered, 7 missing
2025-12-08 07:16:19.265  8368-8407  ContractCodeStorage     com.cdccreditsmart.app               W  No valid contract code found in any location
2025-12-08 07:16:19.268  8368-8407  SecureTokenStorage      com.cdccreditsmart.app               E  âŒ Nenhum identificador MDM disponÃ­vel!
2025-12-08 07:16:19.269  8368-8407  CdcForegroundService    com.cdccreditsmart.app               I  ğŸ” AuthToken presente: false
2025-12-08 07:16:19.269  8368-8407  CdcForegroundService    com.cdccreditsmart.app               I  ğŸ” AuthToken length: 0
2025-12-08 07:16:19.269  8368-8407  CdcForegroundService    com.cdccreditsmart.app               I  ğŸ” ContractCode presente: false
2025-12-08 07:16:19.269  8368-8407  CdcForegroundService    com.cdccreditsmart.app               I  ğŸ” ContractCode value: null****
2025-12-08 07:16:19.269  8368-8407  CdcForegroundService    com.cdccreditsmart.app               I  ğŸ” MDM SerialNumber presente: false
2025-12-08 07:16:19.270  8368-8407  CdcForegroundService    com.cdccreditsmart.app               I  ğŸ” MDM SerialNumber value: ......
2025-12-08 07:16:19.270  8368-8407  CdcForegroundService    com.cdccreditsmart.app               I  ğŸ“± ========================================
2025-12-08 07:16:19.270  8368-8407  CdcForegroundService    com.cdccreditsmart.app               I  ğŸ“± AGUARDANDO PAIRING - MDM EM STANDBY
2025-12-08 07:16:19.270  8368-8407  CdcForegroundService    com.cdccreditsmart.app               I  ğŸ“± O usuÃ¡rio ainda nÃ£o fez o pareamento inicial
2025-12-08 07:16:19.270  8368-8407  CdcForegroundService    com.cdccreditsmart.app               I  ğŸ“± ServiÃ§os MDM serÃ£o ativados apÃ³s inserir cÃ³digo do contrato
2025-12-08 07:16:19.270  8368-8407  CdcForegroundService    com.cdccreditsmart.app               I  ğŸ“± NOTA: isMdmInitialized permanece FALSE para permitir reinicializaÃ§Ã£o
2025-12-08 07:16:19.270  8368-8407  CdcForegroundService    com.cdccreditsmart.app               I  ğŸ“± ========================================
2025-12-08 07:16:19.301  8368-8407  SettingsGuardService    com.cdccreditsmart.app               D  ğŸ“‹ Activity check - Full: com.cdccreditsmart.app.presentation.MainActivity, Simple: MainActivity
2025-12-08 07:16:19.563  8368-8418  okhttp.OkHttpClient     com.cdccreditsmart.app               I  --> POST https://cdccreditsmart.com/api/security/device-boot
2025-12-08 07:16:19.564  8368-8418  okhttp.OkHttpClient     com.cdccreditsmart.app               I  Content-Type: application/json; charset=UTF-8
2025-12-08 07:16:19.564  8368-8418  okhttp.OkHttpClient     com.cdccreditsmart.app               I  Content-Length: 475
2025-12-08 07:16:19.564  8368-8418  okhttp.OkHttpClient     com.cdccreditsmart.app               I  {"deviceFingerprint":"CDC_-1181676363_da3e2e37","bootTimestamp":1765188978344,"bootReason":"power_on","isFirstBootAfterInstall":false,"wasFactoryReset":true,"androidVersion":"16","apkVersion":"1.0.0-debug","securityPatchLevel":"2025-07-05","encryptionStatus":"unknown","deviceOwnerActive":false,"androidId":"555298e3034778dd","buildFingerprint":"google/sdk_gphone64_x86_64/emu64xa:16/BE2A.250530.026.D1/13818094:user/release-keys","hasAuthToken":false,"hasDeviceToken":false}
2025-12-08 07:16:19.565  8368-8418  okhttp.OkHttpClient     com.cdccreditsmart.app               I  --> END POST (475-byte body)
2025-12-08 07:16:19.669  8368-8418  SecureTokenStorage      com.cdccreditsmart.app               D  EncryptedSharedPreferences initialized successfully
2025-12-08 07:16:19.671  8368-8418  RetrofitProvider        com.cdccreditsmart.app               W  âš ï¸ JWT token not found in SecureTokenStorage - request will be unauthenticated
2025-12-08 07:16:19.694  8368-8368  CdcForegroundService    com.cdccreditsmart.app               D  ğŸš€ ServiÃ§o onStartCommand() - Action: com.cdccreditsmart.app.START_SERVICE
2025-12-08 07:16:19.704  8368-8368  CdcForegroundService    com.cdccreditsmart.app               I  âœ… Foreground Service ativo (Android 12+)
2025-12-08 07:16:19.706  8368-8368  FactoryResetRecovery    com.cdccreditsmart.app               I  ========================================
2025-12-08 07:16:19.709  8368-8368  FactoryResetRecovery    com.cdccreditsmart.app               I  ğŸ”„ BOOT DETECTADO (android.intent.action.BOOT_COMPLETED) - Verificando recuperaÃ§Ã£o
2025-12-08 07:16:19.709  8368-8368  FactoryResetRecovery    com.cdccreditsmart.app               I  ========================================
2025-12-08 07:16:19.711  8368-8407  CdcForegroundService    com.cdccreditsmart.app               I  ğŸ”§ ========================================
2025-12-08 07:16:19.711  8368-8407  CdcForegroundService    com.cdccreditsmart.app               I  ğŸ”§ INICIANDO initializeServices()...
2025-12-08 07:16:19.711  8368-8407  CdcForegroundService    com.cdccreditsmart.app               I  ğŸ”§ ========================================
2025-12-08 07:16:19.711  8368-8407  CdcForegroundService    com.cdccreditsmart.app               D  âœ… ServiÃ§os base jÃ¡ inicializados
2025-12-08 07:16:19.713  8368-8407  ContractCodeStorage     com.cdccreditsmart.app               D  Retrieving contract code from storage
2025-12-08 07:16:19.760  8368-8368  PermissionGateScreen    com.cdccreditsmart.app               I  ğŸ” VERIFICAÃ‡ÃƒO INICIAL DE PERMISSÃ•ES:
2025-12-08 07:16:19.764  8368-8368  PermissionGateScreen    com.cdccreditsmart.app               I     NÃ­vel: DEVICE_ADMIN
2025-12-08 07:16:19.767  8368-8378  HWUI                    com.cdccreditsmart.app               I  Davey! duration=1040ms; Flags=1, FrameTimelineVsyncId=66919, IntendedVsync=1926359106824, Vsync=1926475773486, InputEventId=0, HandleInputStart=1926488353000, AnimationStart=1926488366500, PerformTraversalsStart=1926488385100, DrawStart=1927333409300, FrameDeadline=1926375773490, FrameStartTime=1926488056900, FrameInterval=16666666, WorkloadTarget=16666666, SyncQueued=1927354679500, SyncStart=1927367414200, IssueDrawCommandsStart=1927367515900, SwapBuffers=1927401810200, FrameCompleted=1927412239200, DequeueBufferDuration=47600, QueueBufferDuration=358000, GpuCompleted=1927412239200, SwapBuffersCompleted=1927407047800, DisplayPresentTime=0, CommandSubmissionCompleted=1927401810200, 
2025-12-08 07:16:19.769  8368-8368  PermissionGateScreen    com.cdccreditsmart.app               I     Todas concedidas: true
2025-12-08 07:16:19.775  8368-8368  PermissionGateScreen    com.cdccreditsmart.app               I     Bateria isenta: true
2025-12-08 07:16:19.775  8368-8368  PermissionGateScreen    com.cdccreditsmart.app               I     âœ… OK: Administrador do Dispositivo
2025-12-08 07:16:19.775  8368-8368  PermissionGateScreen    com.cdccreditsmart.app               I     âœ… OK: PermissÃµes BÃ¡sicas
2025-12-08 07:16:19.775  8368-8368  PermissionGateScreen    com.cdccreditsmart.app               I     âœ… OK: Monitoramento de Apps
2025-12-08 07:16:19.775  8368-8368  PermissionGateScreen    com.cdccreditsmart.app               I     âœ… OK: Mostrar Alertas
2025-12-08 07:16:19.775  8368-8368  PermissionGateScreen    com.cdccreditsmart.app               I     âœ… OK: ExecuÃ§Ã£o em Segundo Plano
2025-12-08 07:16:19.775  8368-8368  PermissionGateScreen    com.cdccreditsmart.app               I  âœ… TODAS AS PERMISSÃ•ES JÃ CONCEDIDAS - navegando imediatamente
2025-12-08 07:16:19.775  8368-8368  SettingsGuardService    com.cdccreditsmart.app               I  â–¶ï¸ Guard RETOMADO apÃ³s fluxo de permissÃµes
2025-12-08 07:16:19.845  8368-8368  Choreographer           com.cdccreditsmart.app               I  Skipped 60 frames!  The application may be doing too much work on its main thread.
2025-12-08 07:16:19.864  8368-8407  ContractCodeStorage     com.cdccreditsmart.app               D  Storage verification: 0 valid, 0 tampered, 7 missing
2025-12-08 07:16:19.864  8368-8407  ContractCodeStorage     com.cdccreditsmart.app               W  No valid contract code found in any location
2025-12-08 07:16:19.876  8368-8368  BootReceiver            com.cdccreditsmart.app               I  Dispositivo iniciado - starting CdcForegroundService
2025-12-08 07:16:19.877  8368-8368  FactoryResetRecovery    com.cdccreditsmart.app               I  Initializing Factory Reset Recovery system
2025-12-08 07:16:19.880  8368-8368  FactoryResetRecovery    com.cdccreditsmart.app               W  Cannot read device serial: getSerial: The uid 10217 does not meet the requirements to access device identifiers.
2025-12-08 07:16:19.897  8368-8380  HWUI                    com.cdccreditsmart.app               I  Davey! duration=1044ms; Flags=0, FrameTimelineVsyncId=66949, IntendedVsync=1926559106816, Vsync=1927559106776, InputEventId=0, HandleInputStart=1927566351400, AnimationStart=1927566698000, PerformTraversalsStart=1927586009100, DrawStart=1927586119600, FrameDeadline=1927442440114, FrameStartTime=1927565098500, FrameInterval=16666666, WorkloadTarget=16666666, SyncQueued=1927591552100, SyncStart=1927591914700, IssueDrawCommandsStart=1927591968600, SwapBuffers=1927593005900, FrameCompleted=1927603516200, DequeueBufferDuration=15600, QueueBufferDuration=6746800, GpuCompleted=1927603449400, SwapBuffersCompleted=1927603516200, DisplayPresentTime=0, CommandSubmissionCompleted=1927593005900, 
2025-12-08 07:16:19.906  8368-8368  SecureTokenStorage      com.cdccreditsmart.app               D  EncryptedSharedPreferences initialized successfully
2025-12-08 07:16:19.906  8368-8368  ContractCodeStorage     com.cdccreditsmart.app               D  Retrieving contract code from storage
2025-12-08 07:16:19.917  8368-8406  SettingsGuardService    com.cdccreditsmart.app               D  ğŸ“‹ Activity check - Full: com.cdccreditsmart.app.presentation.MainActivity, Simple: MainActivity
2025-12-08 07:16:19.926  8368-8407  SecureTokenStorage      com.cdccreditsmart.app               D  EncryptedSharedPreferences initialized successfully
2025-12-08 07:16:19.926  8368-8407  ApkPreloadManager       com.cdccreditsmart.app               I  ğŸ“± Fabricante genÃ©rico - usando caminhos AOSP
2025-12-08 07:16:19.926  8368-8407  FactoryResetRecovery    com.cdccreditsmart.app               I  â„¹ï¸ Sem manifesto de enrollment - app iniciarÃ¡ normalmente
2025-12-08 07:16:19.972  8368-8368  ContractCodeStorage     com.cdccreditsmart.app               D  Storage verification: 0 valid, 0 tampered, 7 missing
2025-12-08 07:16:19.972  8368-8368  ContractCodeStorage     com.cdccreditsmart.app               W  No valid contract code found in any location
2025-12-08 07:16:19.972  8368-8368  FactoryResetRecovery    com.cdccreditsmart.app               W  No enrollment data available to save
2025-12-08 07:16:19.973  8368-8368  FactoryResetRecovery    com.cdccreditsmart.app               I  Factory Reset Recovery initialized
2025-12-08 07:16:19.981  8368-8368  CdcForegroundService    com.cdccreditsmart.app               I  âœ… ServiÃ§o iniciado via startService()
2025-12-08 07:16:20.034  8368-8368  DeviceOwnerCheckVM      com.cdccreditsmart.app               I  ========================================
2025-12-08 07:16:20.034  8368-8368  DeviceOwnerCheckVM      com.cdccreditsmart.app               I  ğŸ” Verificando status de Device Owner...
2025-12-08 07:16:20.071  8368-8368  CdcForegroundService    com.cdccreditsmart.app               D  ğŸš€ ServiÃ§o onStartCommand() - Action: com.cdccreditsmart.app.START_SERVICE
2025-12-08 07:16:20.076  8368-8368  CdcForegroundService    com.cdccreditsmart.app               I  âœ… Foreground Service ativo (Android 12+)
2025-12-08 07:16:20.081  8368-8407  CdcForegroundService    com.cdccreditsmart.app               I  ğŸ”§ ========================================
2025-12-08 07:16:20.081  8368-8407  CdcForegroundService    com.cdccreditsmart.app               I  ğŸ”§ INICIANDO initializeServices()...
2025-12-08 07:16:20.081  8368-8407  CdcForegroundService    com.cdccreditsmart.app               I  ğŸ”§ ========================================
2025-12-08 07:16:20.081  8368-8368  BootInterceptor         com.cdccreditsmart.app               I  ========================================
2025-12-08 07:16:20.081  8368-8368  BootInterceptor         com.cdccreditsmart.app               I  ğŸ”„ BOOT EVENT DETECTADO
2025-12-08 07:16:20.081  8368-8368  BootInterceptor         com.cdccreditsmart.app               I  ========================================
2025-12-08 07:16:20.081  8368-8368  BootInterceptor         com.cdccreditsmart.app               I  âœ… BOOT COMPLETO DETECTADO
2025-12-08 07:16:20.081  8368-8368  BootInterceptor         com.cdccreditsmart.app               I     Sistema Android iniciado com sucesso
2025-12-08 07:16:20.082  8368-8368  BootInterceptor         com.cdccreditsmart.app               I     Device Fingerprint: CDC_-1181676****
2025-12-08 07:16:20.089  8368-8407  CdcForegroundService    com.cdccreditsmart.app               D  âœ… ServiÃ§os base jÃ¡ inicializados
2025-12-08 07:16:20.123  8368-8368  SecureTokenStorage      com.cdccreditsmart.app               D  EncryptedSharedPreferences initialized successfully
2025-12-08 07:16:20.135  8368-8368  libc                    com.cdccreditsmart.app               W  Access denied finding property "ro.boot.bootreason"
2025-12-08 07:16:20.136  8368-8368  TamperDetection         com.cdccreditsmart.app               I  
2025-12-08 07:16:20.136  8368-8368  TamperDetection         com.cdccreditsmart.app               I  â•”â•â•â•â•â•â•â•â•â•â•â•â•â•â•â•â•â•â•â•â•â•â•â•â•â•â•â•â•â•â•â•â•â•â•â•â•â•â•â•â•â•â•â•â•â•â•â•â•â•â•â•â•â•â•â•â•â•—
2025-12-08 07:16:20.136  8368-8368  TamperDetection         com.cdccreditsmart.app               I  â•‘    ğŸ“¡ REPORTAR BOOT AO BACKEND (CAMPOS COMPLETOS)     â•‘
2025-12-08 07:16:20.136  8368-8368  TamperDetection         com.cdccreditsmart.app               I  â• â•â•â•â•â•â•â•â•â•â•â•â•â•â•â•â•â•â•â•â•â•â•â•â•â•â•â•â•â•â•â•â•â•â•â•â•â•â•â•â•â•â•â•â•â•â•â•â•â•â•â•â•â•â•â•â•â•£
2025-12-08 07:16:20.136  8368-8368  TamperDetection         com.cdccreditsmart.app               I  â•‘  Device Fingerprint: CDC_-1181676****
2025-12-08 07:16:20.136  8368-8368  TamperDetection         com.cdccreditsmart.app               I  â•‘  Boot Timestamp: 1765188980082
2025-12-08 07:16:20.136  8368-8368  TamperDetection         com.cdccreditsmart.app               I  â•‘  Boot Reason: power_on
2025-12-08 07:16:20.136  8368-8368  TamperDetection         com.cdccreditsmart.app               I  â•‘  Is First Boot After Install: false
2025-12-08 07:16:20.136  8368-8368  TamperDetection         com.cdccreditsmart.app               I  â•‘  Was Factory Reset: true
2025-12-08 07:16:20.136  8368-8368  TamperDetection         com.cdccreditsmart.app               I  â•‘  Android Version: 16
2025-12-08 07:16:20.136  8368-8368  TamperDetection         com.cdccreditsmart.app               I  â•‘  APK Version: 1.0.0-debug
2025-12-08 07:16:20.136  8368-8368  TamperDetection         com.cdccreditsmart.app               I  â•‘  Security Patch Level: 2025-07-05
2025-12-08 07:16:20.136  8368-8368  TamperDetection         com.cdccreditsmart.app               I  â•‘  Encryption Status: unknown
2025-12-08 07:16:20.136  8368-8368  TamperDetection         com.cdccreditsmart.app               I  â•‘  Device Owner Active: false
2025-12-08 07:16:20.136  8368-8368  TamperDetection         com.cdccreditsmart.app               I  â•‘  Has Auth Token: false
2025-12-08 07:16:20.136  8368-8368  TamperDetection         com.cdccreditsmart.app               I  â•‘  Has Device Token: false
2025-12-08 07:16:20.136  8368-8368  TamperDetection         com.cdccreditsmart.app               I  â•‘  IMEI: N/A***
2025-12-08 07:16:20.136  8368-8368  TamperDetection         com.cdccreditsmart.app               I  â•‘  Android ID: 555298e3...
2025-12-08 07:16:20.136  8368-8368  TamperDetection         com.cdccreditsmart.app               I  â•šâ•â•â•â•â•â•â•â•â•â•â•â•â•â•â•â•â•â•â•â•â•â•â•â•â•â•â•â•â•â•â•â•â•â•â•â•â•â•â•â•â•â•â•â•â•â•â•â•â•â•â•â•â•â•â•â•â•
2025-12-08 07:16:20.136  8368-8368  TamperDetection         com.cdccreditsmart.app               I  
2025-12-08 07:16:20.136  8368-8368  BootInterceptor         com.cdccreditsmart.app               I  ========================================
2025-12-08 07:16:20.136  8368-8407  TamperDetection         com.cdccreditsmart.app               I  ğŸ“¡ Enviando POST /api/security/device-boot...
2025-12-08 07:16:20.128  8368-8368  creditsmart.app         com.cdccreditsmart.app               W  type=1400 audit(0.0:265): avc:  denied  { read } for  name="u:object_r:bootloader_boot_reason_prop:s0" dev="tmpfs" ino=83 scontext=u:r:untrusted_app:s0:c217,c256,c512,c768 tcontext=u:object_r:bootloader_boot_reason_prop:s0 tclass=file permissive=0 app=com.cdccreditsmart.app
2025-12-08 07:16:20.150  8368-8438  okhttp.OkHttpClient     com.cdccreditsmart.app               I  --> POST https://cdccreditsmart.com/api/security/device-boot
2025-12-08 07:16:20.151  8368-8438  okhttp.OkHttpClient     com.cdccreditsmart.app               I  Content-Type: application/json; charset=UTF-8
2025-12-08 07:16:20.153  8368-8438  okhttp.OkHttpClient     com.cdccreditsmart.app               I  Content-Length: 475
2025-12-08 07:16:20.153  8368-8438  okhttp.OkHttpClient     com.cdccreditsmart.app               I  {"deviceFingerprint":"CDC_-1181676363_da3e2e37","bootTimestamp":1765188980082,"bootReason":"power_on","isFirstBootAfterInstall":false,"wasFactoryReset":true,"androidVersion":"16","apkVersion":"1.0.0-debug","securityPatchLevel":"2025-07-05","encryptionStatus":"unknown","deviceOwnerActive":false,"androidId":"555298e3034778dd","buildFingerprint":"google/sdk_gphone64_x86_64/emu64xa:16/BE2A.250530.026.D1/13818094:user/release-keys","hasAuthToken":false,"hasDeviceToken":false}
2025-12-08 07:16:20.154  8368-8438  okhttp.OkHttpClient     com.cdccreditsmart.app               I  --> END POST (475-byte body)
2025-12-08 07:16:20.164  8368-8368  InsetsController        com.cdccreditsmart.app               D  hide(ime(), fromIme=false)
2025-12-08 07:16:20.165  8368-8368  ImeTracker              com.cdccreditsmart.app               I  com.cdccreditsmart.app:73affa4b: onCancelled at PHASE_CLIENT_ALREADY_HIDDEN
2025-12-08 07:16:20.198  8368-8438  SecureTokenStorage      com.cdccreditsmart.app               D  EncryptedSharedPreferences initialized successfully
2025-12-08 07:16:20.199  8368-8438  RetrofitProvider        com.cdccreditsmart.app               W  âš ï¸ JWT token not found in SecureTokenStorage - request will be unauthenticated
2025-12-08 07:16:20.239  8368-8407  SecureTokenStorage      com.cdccreditsmart.app               D  EncryptedSharedPreferences initialized successfully
2025-12-08 07:16:20.239  8368-8407  ContractCodeStorage     com.cdccreditsmart.app               D  Retrieving contract code from storage
2025-12-08 07:16:20.381  8368-8407  ContractCodeStorage     com.cdccreditsmart.app               D  Storage verification: 0 valid, 0 tampered, 7 missing
2025-12-08 07:16:20.381  8368-8407  ContractCodeStorage     com.cdccreditsmart.app               W  No valid contract code found in any location
2025-12-08 07:16:20.384  8368-8407  SecureTokenStorage      com.cdccreditsmart.app               E  âŒ Nenhum identificador MDM disponÃ­vel!
2025-12-08 07:16:20.384  8368-8407  CdcForegroundService    com.cdccreditsmart.app               I  ğŸ” AuthToken presente: false
2025-12-08 07:16:20.385  8368-8407  CdcForegroundService    com.cdccreditsmart.app               I  ğŸ” AuthToken length: 0
2025-12-08 07:16:20.385  8368-8407  CdcForegroundService    com.cdccreditsmart.app               I  ğŸ” ContractCode presente: false
2025-12-08 07:16:20.385  8368-8407  CdcForegroundService    com.cdccreditsmart.app               I  ğŸ” ContractCode value: null****
2025-12-08 07:16:20.385  8368-8407  CdcForegroundService    com.cdccreditsmart.app               I  ğŸ” MDM SerialNumber presente: false
2025-12-08 07:16:20.385  8368-8407  CdcForegroundService    com.cdccreditsmart.app               I  ğŸ” MDM SerialNumber value: ......
2025-12-08 07:16:20.385  8368-8407  CdcForegroundService    com.cdccreditsmart.app               I  ğŸ“± ========================================
2025-12-08 07:16:20.385  8368-8407  CdcForegroundService    com.cdccreditsmart.app               I  ğŸ“± AGUARDANDO PAIRING - MDM EM STANDBY
2025-12-08 07:16:20.385  8368-8407  CdcForegroundService    com.cdccreditsmart.app               I  ğŸ“± O usuÃ¡rio ainda nÃ£o fez o pareamento inicial
2025-12-08 07:16:20.385  8368-8407  CdcForegroundService    com.cdccreditsmart.app               I  ğŸ“± ServiÃ§os MDM serÃ£o ativados apÃ³s inserir cÃ³digo do contrato
2025-12-08 07:16:20.385  8368-8407  CdcForegroundService    com.cdccreditsmart.app               I  ğŸ“± NOTA: isMdmInitialized permanece FALSE para permitir reinicializaÃ§Ã£o
2025-12-08 07:16:20.385  8368-8407  CdcForegroundService    com.cdccreditsmart.app               I  ğŸ“± ========================================
2025-12-08 07:16:20.420  8368-8418  okhttp.OkHttpClient     com.cdccreditsmart.app               I  <-- 401 https://cdccreditsmart.com/api/security/device-boot (854ms)
2025-12-08 07:16:20.420  8368-8418  okhttp.OkHttpClient     com.cdccreditsmart.app               I  access-control-allow-credentials: true
2025-12-08 07:16:20.421  8368-8418  okhttp.OkHttpClient     com.cdccreditsmart.app               I  access-control-allow-headers: Origin, X-Requested-With, Content-Type, Accept, Authorization, x-client-key, x-client-token, x-client-secret, cache-control
2025-12-08 07:16:20.421  8368-8418  okhttp.OkHttpClient     com.cdccreditsmart.app               I  access-control-allow-methods: GET, POST, PUT, PATCH, DELETE, OPTIONS
2025-12-08 07:16:20.421  8368-8418  okhttp.OkHttpClient     com.cdccreditsmart.app               I  access-control-allow-origin: *
2025-12-08 07:16:20.421  8368-8418  okhttp.OkHttpClient     com.cdccreditsmart.app               I  access-control-max-age: 86400
2025-12-08 07:16:20.421  8368-8418  okhttp.OkHttpClient     com.cdccreditsmart.app               I  content-length: 47
2025-12-08 07:16:20.421  8368-8418  okhttp.OkHttpClient     com.cdccreditsmart.app               I  content-security-policy: default-src 'self'; script-src 'self' 'unsafe-inline' 'unsafe-eval' https://replit.com; style-src 'self' 'unsafe-inline' https://replit.com; img-src 'self' data: https:; font-src 'self' data: https://replit.com; connect-src 'self';
2025-12-08 07:16:20.421  8368-8418  okhttp.OkHttpClient     com.cdccreditsmart.app               I  content-type: application/json; charset=utf-8
2025-12-08 07:16:20.421  8368-8418  okhttp.OkHttpClient     com.cdccreditsmart.app               I  date: Mon, 08 Dec 2025 10:16:20 GMT
2025-12-08 07:16:20.421  8368-8418  okhttp.OkHttpClient     com.cdccreditsmart.app               I  etag: W/"2f-UfTNmpWAAYs7O6B1cAxVd8HwkNk"
2025-12-08 07:16:20.421  8368-8418  okhttp.OkHttpClient     com.cdccreditsmart.app               I  permissions-policy: geolocation=(), microphone=(), camera=()
2025-12-08 07:16:20.421  8368-8418  okhttp.OkHttpClient     com.cdccreditsmart.app               I  referrer-policy: strict-origin-when-cross-origin
2025-12-08 07:16:20.421  8368-8418  okhttp.OkHttpClient     com.cdccreditsmart.app               I  strict-transport-security: max-age=63072000; includeSubDomains
2025-12-08 07:16:20.422  8368-8418  okhttp.OkHttpClient     com.cdccreditsmart.app               I  strict-transport-security: max-age=31536000; includeSubDomains
2025-12-08 07:16:20.422  8368-8418  okhttp.OkHttpClient     com.cdccreditsmart.app               I  x-anti-fraud-protection: active
2025-12-08 07:16:20.422  8368-8418  okhttp.OkHttpClient     com.cdccreditsmart.app               I  x-certificate-pinning-enabled: false
2025-12-08 07:16:20.422  8368-8418  okhttp.OkHttpClient     com.cdccreditsmart.app               I  x-certificate-pinning-status: disabled-for-stability
2025-12-08 07:16:20.422  8368-8418  okhttp.OkHttpClient     com.cdccreditsmart.app               I  x-content-type-options: nosniff
2025-12-08 07:16:20.422  8368-8418  okhttp.OkHttpClient     com.cdccreditsmart.app               I  x-financial-data-protection: enabled
2025-12-08 07:16:20.422  8368-8418  okhttp.OkHttpClient     com.cdccreditsmart.app               I  x-frame-options: DENY
2025-12-08 07:16:20.422  8368-8418  okhttp.OkHttpClient     com.cdccreditsmart.app               I  x-transaction-security-level: maximum
2025-12-08 07:16:20.422  8368-8418  okhttp.OkHttpClient     com.cdccreditsmart.app               I  x-xss-protection: 1; mode=block
2025-12-08 07:16:20.422  8368-8418  okhttp.OkHttpClient     com.cdccreditsmart.app               I  via: 1.1 google
2025-12-08 07:16:20.423  8368-8418  okhttp.OkHttpClient     com.cdccreditsmart.app               I  alt-svc: h3=":443"; ma=2592000,h3-29=":443"; ma=2592000
2025-12-08 07:16:20.423  8368-8418  okhttp.OkHttpClient     com.cdccreditsmart.app               I  {"error":"Token de autorizaÃ§Ã£o obrigatÃ³rio"}
2025-12-08 07:16:20.423  8368-8418  okhttp.OkHttpClient     com.cdccreditsmart.app               I  <-- END HTTP (47-byte body)
2025-12-08 07:16:20.430  8368-8407  TamperDetection         com.cdccreditsmart.app               E  âŒ Erro ao reportar boot ao backend
2025-12-08 07:16:20.430  8368-8407  TamperDetection         com.cdccreditsmart.app               E     HTTP Status: 401
2025-12-08 07:16:20.430  8368-8407  TamperDetection         com.cdccreditsmart.app               E     HTTP Message: 
2025-12-08 07:16:20.434  8368-8407  TamperDetection         com.cdccreditsmart.app               E     Error body: {"error":"Token de autorizaÃ§Ã£o obrigatÃ³rio"}
2025-12-08 07:16:20.497  8368-8368  InteractionJankMonitor  com.cdccreditsmart.app               W  Initializing without READ_DEVICE_CONFIG permission. enabled=false, interval=1, missedFrameThreshold=3, frameTimeThreshold=64, package=com.cdccreditsmart.app
2025-12-08 07:16:20.504  8368-8438  okhttp.OkHttpClient     com.cdccreditsmart.app               I  <-- 401 https://cdccreditsmart.com/api/security/device-boot (349ms)
2025-12-08 07:16:20.504  8368-8438  okhttp.OkHttpClient     com.cdccreditsmart.app               I  access-control-allow-credentials: true
2025-12-08 07:16:20.504  8368-8438  okhttp.OkHttpClient     com.cdccreditsmart.app               I  access-control-allow-headers: Origin, X-Requested-With, Content-Type, Accept, Authorization, x-client-key, x-client-token, x-client-secret, cache-control
2025-12-08 07:16:20.504  8368-8438  okhttp.OkHttpClient     com.cdccreditsmart.app               I  access-control-allow-methods: GET, POST, PUT, PATCH, DELETE, OPTIONS
2025-12-08 07:16:20.504  8368-8438  okhttp.OkHttpClient     com.cdccreditsmart.app               I  access-control-allow-origin: *
2025-12-08 07:16:20.504  8368-8438  okhttp.OkHttpClient     com.cdccreditsmart.app               I  access-control-max-age: 86400
2025-12-08 07:16:20.505  8368-8438  okhttp.OkHttpClient     com.cdccreditsmart.app               I  content-length: 47
2025-12-08 07:16:20.505  8368-8438  okhttp.OkHttpClient     com.cdccreditsmart.app               I  content-security-policy: default-src 'self'; script-src 'self' 'unsafe-inline' 'unsafe-eval' https://replit.com; style-src 'self' 'unsafe-inline' https://replit.com; img-src 'self' data: https:; font-src 'self' data: https://replit.com; connect-src 'self';
2025-12-08 07:16:20.505  8368-8438  okhttp.OkHttpClient     com.cdccreditsmart.app               I  content-type: application/json; charset=utf-8
2025-12-08 07:16:20.505  8368-8438  okhttp.OkHttpClient     com.cdccreditsmart.app               I  date: Mon, 08 Dec 2025 10:16:20 GMT
2025-12-08 07:16:20.505  8368-8438  okhttp.OkHttpClient     com.cdccreditsmart.app               I  etag: W/"2f-UfTNmpWAAYs7O6B1cAxVd8HwkNk"
2025-12-08 07:16:20.505  8368-8438  okhttp.OkHttpClient     com.cdccreditsmart.app               I  permissions-policy: geolocation=(), microphone=(), camera=()
2025-12-08 07:16:20.505  8368-8438  okhttp.OkHttpClient     com.cdccreditsmart.app               I  referrer-policy: strict-origin-when-cross-origin
2025-12-08 07:16:20.505  8368-8438  okhttp.OkHttpClient     com.cdccreditsmart.app               I  strict-transport-security: max-age=63072000; includeSubDomains
2025-12-08 07:16:20.506  8368-8438  okhttp.OkHttpClient     com.cdccreditsmart.app               I  strict-transport-security: max-age=31536000; includeSubDomains
2025-12-08 07:16:20.506  8368-8438  okhttp.OkHttpClient     com.cdccreditsmart.app               I  x-anti-fraud-protection: active
2025-12-08 07:16:20.506  8368-8438  okhttp.OkHttpClient     com.cdccreditsmart.app               I  x-certificate-pinning-enabled: false
2025-12-08 07:16:20.506  8368-8438  okhttp.OkHttpClient     com.cdccreditsmart.app               I  x-certificate-pinning-status: disabled-for-stability
2025-12-08 07:16:20.507  8368-8438  okhttp.OkHttpClient     com.cdccreditsmart.app               I  x-content-type-options: nosniff
2025-12-08 07:16:20.507  8368-8438  okhttp.OkHttpClient     com.cdccreditsmart.app               I  x-financial-data-protection: enabled
2025-12-08 07:16:20.507  8368-8438  okhttp.OkHttpClient     com.cdccreditsmart.app               I  x-frame-options: DENY
2025-12-08 07:16:20.507  8368-8438  okhttp.OkHttpClient     com.cdccreditsmart.app               I  x-transaction-security-level: maximum
2025-12-08 07:16:20.507  8368-8438  okhttp.OkHttpClient     com.cdccreditsmart.app               I  x-xss-protection: 1; mode=block
2025-12-08 07:16:20.507  8368-8438  okhttp.OkHttpClient     com.cdccreditsmart.app               I  via: 1.1 google
2025-12-08 07:16:20.507  8368-8438  okhttp.OkHttpClient     com.cdccreditsmart.app               I  alt-svc: h3=":443"; ma=2592000,h3-29=":443"; ma=2592000
2025-12-08 07:16:20.508  8368-8438  okhttp.OkHttpClient     com.cdccreditsmart.app               I  {"error":"Token de autorizaÃ§Ã£o obrigatÃ³rio"}
2025-12-08 07:16:20.508  8368-8438  okhttp.OkHttpClient     com.cdccreditsmart.app               I  <-- END HTTP (47-byte body)
2025-12-08 07:16:20.509  8368-8407  TamperDetection         com.cdccreditsmart.app               E  âŒ Erro ao reportar boot ao backend
2025-12-08 07:16:20.510  8368-8407  TamperDetection         com.cdccreditsmart.app               E     HTTP Status: 401
2025-12-08 07:16:20.510  8368-8407  TamperDetection         com.cdccreditsmart.app               E     HTTP Message: 
2025-12-08 07:16:20.510  8368-8407  TamperDetection         com.cdccreditsmart.app               E     Error body: {"error":"Token de autorizaÃ§Ã£o obrigatÃ³rio"}
2025-12-08 07:16:20.538  8368-8368  DeviceUtils             com.cdccreditsmart.app               D  Device Owner check: false
2025-12-08 07:16:20.538  8368-8368  DeviceUtils             com.cdccreditsmart.app               D  Samsung device: false (Manufacturer: Google)
2025-12-08 07:16:20.538  8368-8368  DeviceOwnerCheckVM      com.cdccreditsmart.app               W  âš ï¸ MODO DEBUG: UsuÃ¡rio jÃ¡ pulou provisionamento anteriormente
2025-12-08 07:16:20.538  8368-8368  DeviceOwnerCheckVM      com.cdccreditsmart.app               W  âš ï¸ Permitindo acesso sem Device Owner (decisÃ£o memorizada)
2025-12-08 07:16:20.538  8368-8368  DeviceOwnerCheckVM      com.cdccreditsmart.app               I  ========================================
2025-12-08 07:16:20.563  8368-8368  RouterViewModel         com.cdccreditsmart.app               D  ğŸš€ Iniciando verificaÃ§Ã£o de autenticaÃ§Ã£o...
2025-12-08 07:16:20.566  8368-8407  AuthOrchestrator        com.cdccreditsmart.app               D  ğŸ” Verificando autenticaÃ§Ã£o...
2025-12-08 07:16:20.569  8368-8407  AuthOrchestrator        com.cdccreditsmart.app               D  ğŸŒ Conectividade: ONLINE
2025-12-08 07:16:20.570  8368-8407  AuthOrchestrator        com.cdccreditsmart.app               D  ğŸ”„ ========== AUTO-DISCOVERY INICIADO ==========
2025-12-08 07:16:20.578  8368-8407  DeviceUtils             com.cdccreditsmart.app               E  SecurityException reading IMEI - permission denied (Ask Gemini)
                                                                                                    java.lang.SecurityException: getImeiForSlot: The uid 10217 does not meet the requirements to access device identifiers.
                                                                                                    	at android.os.Parcel.createExceptionOrNull(Parcel.java:3340)
                                                                                                    	at android.os.Parcel.createException(Parcel.java:3324)
                                                                                                    	at android.os.Parcel.readException(Parcel.java:3307)
                                                                                                    	at android.os.Parcel.readException(Parcel.java:3249)
                                                                                                    	at com.android.internal.telephony.ITelephony$Stub$Proxy.getImeiForSlot(ITelephony.java:12518)
                                                                                                    	at android.telephony.TelephonyManager.getImei(TelephonyManager.java:2387)
                                                                                                    	at android.telephony.TelephonyManager.getImei(TelephonyManager.java:2342)
                                                                                                    	at com.cdccreditsmart.app.utils.DeviceUtils.getDeviceImei(DeviceUtils.kt:106)
                                                                                                    	at com.cdccreditsmart.app.auth.AuthenticationOrchestrator.attemptAutoConnection(AuthenticationOrchestrator.kt:117)
                                                                                                    	at com.cdccreditsmart.app.auth.AuthenticationOrchestrator.access$attemptAutoConnection(AuthenticationOrchestrator.kt:29)
                                                                                                    	at com.cdccreditsmart.app.auth.AuthenticationOrchestrator$ensureAuthenticated$2.invokeSuspend(AuthenticationOrchestrator.kt:249)
                                                                                                    	at kotlin.coroutines.jvm.internal.BaseContinuationImpl.resumeWith(ContinuationImpl.kt:34)
                                                                                                    	at kotlinx.coroutines.DispatchedTask.run(DispatchedTask.kt:108)
                                                                                                    	at kotlinx.coroutines.internal.LimitedDispatcher$Worker.run(LimitedDispatcher.kt:115)
                                                                                                    	at kotlinx.coroutines.scheduling.TaskImpl.run(Tasks.kt:103)
                                                                                                    	at kotlinx.coroutines.scheduling.CoroutineScheduler.runSafely(CoroutineScheduler.kt:584)
                                                                                                    	at kotlinx.coroutines.scheduling.CoroutineScheduler$Worker.executeTask(CoroutineScheduler.kt:793)
                                                                                                    	at kotlinx.coroutines.scheduling.CoroutineScheduler$Worker.runWorker(CoroutineScheduler.kt:697)
                                                                                                    	at kotlinx.coroutines.scheduling.CoroutineScheduler$Worker.run(CoroutineScheduler.kt:684)
2025-12-08 07:16:20.578  8368-8407  AuthOrchestrator        com.cdccreditsmart.app               W  âš ï¸ IMEI nÃ£o disponÃ­vel (permissÃ£o negada ou emulador)
2025-12-08 07:16:20.578  8368-8407  AuthOrchestrator        com.cdccreditsmart.app               D     â†’ Fallback para pareamento manual
2025-12-08 07:16:20.578  8368-8407  ContractCodeStorage     com.cdccreditsmart.app               D  Retrieving contract code from storage
2025-12-08 07:16:20.634  8368-8406  SecureTokenStorage      com.cdccreditsmart.app               D  EncryptedSharedPreferences initialized successfully
2025-12-08 07:16:20.635  8368-8406  ContractCodeStorage     com.cdccreditsmart.app               D  Retrieving contract code from storage
2025-12-08 07:16:20.653  8368-8407  ContractCodeStorage     com.cdccreditsmart.app               D  Storage verification: 0 valid, 0 tampered, 7 missing
2025-12-08 07:16:20.654  8368-8407  ContractCodeStorage     com.cdccreditsmart.app               W  No valid contract code found in any location
2025-12-08 07:16:20.654  8368-8407  AuthOrchestrator        com.cdccreditsmart.app               D  âŒ CÃ³digo de pareamento nÃ£o encontrado - precisa de novo cÃ³digo
2025-12-08 07:16:20.655  8368-8368  RouterViewModel         com.cdccreditsmart.app               D  âŒ CÃ³digo de pareamento necessÃ¡rio - Ir para QR Scanner
2025-12-08 07:16:20.700  8368-8406  ContractCodeStorage     com.cdccreditsmart.app               D  Storage verification: 0 valid, 0 tampered, 7 missing
2025-12-08 07:16:20.700  8368-8406  ContractCodeStorage     com.cdccreditsmart.app               W  No valid contract code found in any location
2025-12-08 07:16:20.702  8368-8406  SecureTokenStorage      com.cdccreditsmart.app               E  âŒ Nenhum identificador MDM disponÃ­vel!
2025-12-08 07:16:20.702  8368-8406  CdcForegroundService    com.cdccreditsmart.app               I  ğŸ” AuthToken presente: false
