2025-12-04 06:39:57.459 12784-12784 PermissionGateScreen    com.cdccreditsmart.app               I  ========================================
2025-12-04 06:39:57.459 12784-12784 PermissionGateScreen    com.cdccreditsmart.app               I  ğŸšª PERMISSION GATE SCREEN INICIADO
2025-12-04 06:39:57.459 12784-12784 PermissionGateScreen    com.cdccreditsmart.app               I  ========================================
2025-12-04 06:39:57.459 12784-12784 PermissionGateScreen    com.cdccreditsmart.app               I  NÃ­vel de privilÃ©gio: DEVICE_ADMIN
2025-12-04 06:39:57.459 12784-12784 PermissionGateScreen    com.cdccreditsmart.app               I  PermissÃµes concedidas: 3
2025-12-04 06:39:57.459 12784-12784 PermissionGateScreen    com.cdccreditsmart.app               I  PermissÃµes faltando: 1
2025-12-04 06:39:57.459 12784-12784 PermissionGateScreen    com.cdccreditsmart.app               W    âŒ PermissÃµes do Sistema
2025-12-04 06:39:57.459 12784-12784 PermissionGateScreen    com.cdccreditsmart.app               I    âœ… Administrador do Dispositivo
2025-12-04 06:39:57.459 12784-12784 PermissionGateScreen    com.cdccreditsmart.app               I    âœ… Acesso ao Uso de Apps
2025-12-04 06:39:57.459 12784-12784 PermissionGateScreen    com.cdccreditsmart.app               I    âœ… Exibir sobre outros apps
2025-12-04 06:39:57.459 12784-12784 PermissionGateScreen    com.cdccreditsmart.app               I  ========================================
2025-12-04 06:39:57.461 12784-12784 Choreographer           com.cdccreditsmart.app               I  Skipped 47 frames!  The application may be doing too much work on its main thread.
2025-12-04 06:39:57.548 12784-12795 HWUI                    com.cdccreditsmart.app               I  Davey! duration=1537ms; Flags=1, FrameTimelineVsyncId=344113, IntendedVsync=13007289366713, Vsync=13007556033369, InputEventId=0, HandleInputStart=13007567372107, AnimationStart=13007567373031, PerformTraversalsStart=13007567373498, DrawStart=13008604977192, FrameDeadline=13007306033379, FrameStartTime=13007567312453, FrameInterval=16666666, WorkloadTarget=16666666, SyncQueued=13008641386731, SyncStart=13008789037770, IssueDrawCommandsStart=13008789130453, SwapBuffers=13008943064960, FrameCompleted=13008974603439, DequeueBufferDuration=2243, QueueBufferDuration=181346, GpuCompleted=13008974603439, SwapBuffersCompleted=13008964723526, DisplayPresentTime=0, CommandSubmissionCompleted=13008943064960, 
2025-12-04 06:39:57.634 12784-12795 HWUI                    com.cdccreditsmart.app               I  Davey! duration=936ms; Flags=0, FrameTimelineVsyncId=344566, IntendedVsync=13008189366677, Vsync=13008972699979, InputEventId=0, HandleInputStart=13008982482438, AnimationStart=13008982483642, PerformTraversalsStart=13008987165700, DrawStart=13008987258354, FrameDeadline=13009006033311, FrameStartTime=13008982172089, FrameInterval=16666666, WorkloadTarget=16666666, SyncQueued=13008993213860, SyncStart=13008993250066, IssueDrawCommandsStart=13008993295018, SwapBuffers=13009021762581, FrameCompleted=13009126249777, DequeueBufferDuration=2731, QueueBufferDuration=126080, GpuCompleted=13009126249777, SwapBuffersCompleted=13009092259440, DisplayPresentTime=0, CommandSubmissionCompleted=13009021762581, 
2025-12-04 06:39:57.697 12784-12784 ImeTracker              com.cdccreditsmart.app               I  com.cdccreditsmart.app:3e46e0e0: onCancelled at PHASE_CLIENT_ALREADY_HIDDEN
2025-12-04 06:39:58.022 12784-12784 InteractionJankMonitor  com.cdccreditsmart.app               W  Initializing without READ_DEVICE_CONFIG permission. enabled=false, interval=1, missedFrameThreshold=3, frameTimeThreshold=64, package=com.cdccreditsmart.app
2025-12-04 06:39:59.299 12784-12784 PermissionGateScreen    com.cdccreditsmart.app               I  ğŸ“‹ PermissÃµes runtime faltando: 3
2025-12-04 06:39:59.299 12784-12784 PermissionGateScreen    com.cdccreditsmart.app               I     runtimeAlreadyAsked: false
2025-12-04 06:39:59.299 12784-12784 PermissionGateScreen    com.cdccreditsmart.app               I     - android.permission.RECEIVE_SMS
2025-12-04 06:39:59.299 12784-12784 PermissionGateScreen    com.cdccreditsmart.app               I     - android.permission.READ_SMS
2025-12-04 06:39:59.299 12784-12784 PermissionGateScreen    com.cdccreditsmart.app               I     - android.permission.READ_CONTACTS
2025-12-04 06:39:59.299 12784-12784 PermissionGateScreen    com.cdccreditsmart.app               I  ğŸ“± Primeira vez - lanÃ§ando diÃ¡logo de permissÃµes runtime
2025-12-04 06:39:59.561 12784-12784 PermissionGateScreen    com.cdccreditsmart.app               I  ğŸ“‹ Resultado das permissÃµes runtime:
2025-12-04 06:39:59.562 12784-12784 PermissionGateScreen    com.cdccreditsmart.app               I     âŒ android.permission.RECEIVE_SMS
2025-12-04 06:39:59.562 12784-12784 PermissionGateScreen    com.cdccreditsmart.app               I     âŒ android.permission.READ_SMS
2025-12-04 06:39:59.562 12784-12784 PermissionGateScreen    com.cdccreditsmart.app               I     âŒ android.permission.READ_CONTACTS
2025-12-04 06:39:59.566 12784-12784 PermissionGateScreen    com.cdccreditsmart.app               I  âœ… Runtime permissions atualizadas - faltam: 1
2025-12-04 06:39:59.613 12784-12784 ImeTracker              com.cdccreditsmart.app               I  com.cdccreditsmart.app:4165361: onCancelled at PHASE_CLIENT_ALREADY_HIDDEN
2025-12-04 06:40:01.870 12784-12784 PermissionGateScreen    com.cdccreditsmart.app               I  ğŸ“‹ PermissÃµes runtime faltando: 3
2025-12-04 06:40:01.870 12784-12784 PermissionGateScreen    com.cdccreditsmart.app               I     runtimeAlreadyAsked: true
2025-12-04 06:40:01.870 12784-12784 PermissionGateScreen    com.cdccreditsmart.app               I     - android.permission.RECEIVE_SMS
2025-12-04 06:40:01.870 12784-12784 PermissionGateScreen    com.cdccreditsmart.app               I     - android.permission.READ_SMS
2025-12-04 06:40:01.870 12784-12784 PermissionGateScreen    com.cdccreditsmart.app               I     - android.permission.READ_CONTACTS
2025-12-04 06:40:01.870 12784-12784 PermissionGateScreen    com.cdccreditsmart.app               I  ğŸ”§ JÃ¡ pedimos antes - abrindo configuraÃ§Ãµes do app
2025-12-04 06:40:01.870 12784-12784 SettingsGuardService    com.cdccreditsmart.app               I  â¸ï¸ Guard PAUSADO para fluxo de permissÃµes
2025-12-04 06:40:03.936 12784-12815 FA                      com.cdccreditsmart.app               I  Application backgrounded at: timestamp_millis: 1764841201932
2025-12-04 06:40:22.906 12784-12784 CDCDeviceAdminReceiver  com.cdccreditsmart.app               W  âŒ ==================== DEVICE ADMIN DISABLED ====================
2025-12-04 06:40:22.906 12784-12784 CDCDeviceAdminReceiver  com.cdccreditsmart.app               W  âŒ Device Admin has been disabled
2025-12-04 06:40:22.906 12784-12784 CDCDeviceAdminReceiver  com.cdccreditsmart.app               W  â° Timestamp: 1764841222906
2025-12-04 06:40:22.906 12784-12784 CDCDeviceAdminReceiver  com.cdccreditsmart.app               W  âš ï¸ This should not happen during normal provisioning!
2025-12-04 06:40:22.906 12784-12784 CDCDeviceAdminReceiver  com.cdccreditsmart.app               W  âŒ =================================================================
---------------------------- PROCESS ENDED (12784) for package com.cdccreditsmart.app ----------------------------
---------------------------- PROCESS STARTED (13086) for package com.cdccreditsmart.app ----------------------------
2025-12-04 06:44:42.712 13086-13086 creditsmart.app         com.cdccreditsmart.app               I  AssetManager2(0x7978a5e9d6f8) locale list changing from [] to [en-US]
2025-12-04 06:44:42.750 13086-13086 FirebaseApp             com.cdccreditsmart.app               I  Device unlocked: initializing all Firebase APIs for app [DEFAULT]
2025-12-04 06:44:42.771 13086-13086 FirebaseInitProvider    com.cdccreditsmart.app               I  FirebaseApp initialization successful
2025-12-04 06:44:42.818 13086-13104 creditsmart.app         com.cdccreditsmart.app               W  ClassLoaderContext classpath size mismatch. expected=1, found=0 (DLC[];PCL[base.apk*630649996]{PCL[/system/framework/org.apache.http.legacy.jar*4247870504]#PCL[/system/framework/com.android.media.remotedisplay.jar*487574312]#PCL[/system/framework/com.android.location.provider.jar*1570284764]#PCL[/system_ext/framework/androidx.window.extensions.jar*1030441313]#PCL[/system_ext/framework/androidx.window.sidecar.jar*3860983653]} | DLC[];PCL[])
2025-12-04 06:44:42.825 13086-13104 DynamiteModule          com.cdccreditsmart.app               I  Considering local module com.google.android.gms.measurement.dynamite:127 and remote module com.google.android.gms.measurement.dynamite:170
2025-12-04 06:44:42.826 13086-13104 DynamiteModule          com.cdccreditsmart.app               I  Selected remote version of com.google.android.gms.measurement.dynamite, version >= 170
2025-12-04 06:44:42.842 13086-13086 CrashHandler            com.cdccreditsmart.app               I  âœ… Global crash handler instalado
2025-12-04 06:44:42.842 13086-13086 CDCApplication          com.cdccreditsmart.app               I  ğŸš€ CDC Credit Smart Application iniciando...
2025-12-04 06:44:42.842 13086-13086 CDCApplication          com.cdccreditsmart.app               I  ========================================
2025-12-04 06:44:42.842 13086-13086 CDCApplication          com.cdccreditsmart.app               I  ğŸ” Verificando status de Device Owner...
2025-12-04 06:44:42.845 13086-13104 System                  com.cdccreditsmart.app               W  ClassLoader referenced unknown path: 
2025-12-04 06:44:42.845 13086-13086 CDCApplication          com.cdccreditsmart.app               I  Device Owner Status: âŒ NÃƒO
2025-12-04 06:44:42.845 13086-13086 CDCApplication          com.cdccreditsmart.app               I  Package Name: com.cdccreditsmart.app
2025-12-04 06:44:42.845 13086-13086 CDCApplication          com.cdccreditsmart.app               E  
2025-12-04 06:44:42.845 13086-13086 CDCApplication          com.cdccreditsmart.app               E  â•”â•â•â•â•â•â•â•â•â•â•â•â•â•â•â•â•â•â•â•â•â•â•â•â•â•â•â•â•â•â•â•â•â•â•â•â•â•â•â•â•â•â•â•â•â•â•â•â•â•â•â•â•â•â•â•â•â•—
2025-12-04 06:44:42.845 13086-13086 CDCApplication          com.cdccreditsmart.app               E  â•‘  âš ï¸  APP NÃƒO ESTÃ PROVISIONADO COMO DEVICE OWNER  âš ï¸   â•‘
2025-12-04 06:44:42.845 13086-13086 CDCApplication          com.cdccreditsmart.app               E  â• â•â•â•â•â•â•â•â•â•â•â•â•â•â•â•â•â•â•â•â•â•â•â•â•â•â•â•â•â•â•â•â•â•â•â•â•â•â•â•â•â•â•â•â•â•â•â•â•â•â•â•â•â•â•â•â•â•£
2025-12-04 06:44:42.845 13086-13086 CDCApplication          com.cdccreditsmart.app               E  â•‘  O app precisa ser provisionado como Device Owner      â•‘
2025-12-04 06:44:42.845 13086-13086 CDCApplication          com.cdccreditsmart.app               E  â•‘  ANTES de poder conceder permissÃµes automaticamente.   â•‘
2025-12-04 06:44:42.846 13086-13086 CDCApplication          com.cdccreditsmart.app               E  â•‘                                                        â•‘
2025-12-04 06:44:42.846 13086-13086 CDCApplication          com.cdccreditsmart.app               E  â•‘  Provisione o dispositivo usando um dos mÃ©todos:       â•‘
2025-12-04 06:44:42.846 13086-13086 CDCApplication          com.cdccreditsmart.app               E  â•‘  1. ADB: adb shell dpm set-device-owner ...           â•‘
2025-12-04 06:44:42.846 13086-13086 CDCApplication          com.cdccreditsmart.app               E  â•‘  2. QR Code durante setup inicial                      â•‘
2025-12-04 06:44:42.846 13086-13086 CDCApplication          com.cdccreditsmart.app               E  â•‘  3. NFC durante setup inicial                          â•‘
2025-12-04 06:44:42.846 13086-13086 CDCApplication          com.cdccreditsmart.app               E  â•‘  4. Samsung Knox Mobile Enrollment                     â•‘
2025-12-04 06:44:42.846 13086-13086 CDCApplication          com.cdccreditsmart.app               E  â•šâ•â•â•â•â•â•â•â•â•â•â•â•â•â•â•â•â•â•â•â•â•â•â•â•â•â•â•â•â•â•â•â•â•â•â•â•â•â•â•â•â•â•â•â•â•â•â•â•â•â•â•â•â•â•â•â•â•
2025-12-04 06:44:42.846 13086-13086 CDCApplication          com.cdccreditsmart.app               E  
2025-12-04 06:44:42.846 13086-13086 CDCApplication          com.cdccreditsmart.app               I  ========================================
2025-12-04 06:44:42.851 13086-13086 AppProtectionManager    com.cdccreditsmart.app               I  
2025-12-04 06:44:42.851 13086-13086 AppProtectionManager    com.cdccreditsmart.app               I  â•”â•â•â•â•â•â•â•â•â•â•â•â•â•â•â•â•â•â•â•â•â•â•â•â•â•â•â•â•â•â•â•â•â•â•â•â•â•â•â•â•â•â•â•â•â•â•â•â•â•â•â•â•â•â•â•â•â•â•â•â•â•â•â•â•â•—
2025-12-04 06:44:42.851 13086-13086 AppProtectionManager    com.cdccreditsmart.app               I  â•‘     ğŸ›¡ï¸ APLICANDO MELHOR PROTEÃ‡ÃƒO DISPONÃVEL                    â•‘
2025-12-04 06:44:42.851 13086-13086 AppProtectionManager    com.cdccreditsmart.app               I  â•‘           CDC CREDIT SMART - PROTEÃ‡ÃƒO EM CAMADAS              â•‘
2025-12-04 06:44:42.851 13086-13086 AppProtectionManager    com.cdccreditsmart.app               I  â•šâ•â•â•â•â•â•â•â•â•â•â•â•â•â•â•â•â•â•â•â•â•â•â•â•â•â•â•â•â•â•â•â•â•â•â•â•â•â•â•â•â•â•â•â•â•â•â•â•â•â•â•â•â•â•â•â•â•â•â•â•â•â•â•â•â•
2025-12-04 06:44:42.851 13086-13086 AppProtectionManager    com.cdccreditsmart.app               I  
2025-12-04 06:44:42.853 13086-13086 AppProtectionManager    com.cdccreditsmart.app               I  ğŸ“‹ STATUS ATUAL:
2025-12-04 06:44:42.853 13086-13086 AppProtectionManager    com.cdccreditsmart.app               I     Device Owner: NÃƒO
2025-12-04 06:44:42.853 13086-13086 AppProtectionManager    com.cdccreditsmart.app               I     Device Admin: NÃƒO
2025-12-04 06:44:42.853 13086-13086 AppProtectionManager    com.cdccreditsmart.app               I  
2025-12-04 06:44:42.854 13086-13086 AppProtectionManager    com.cdccreditsmart.app               W  âš ï¸ NÃVEL: SEM PRIVILÃ‰GIOS
2025-12-04 06:44:42.854 13086-13086 AppProtectionManager    com.cdccreditsmart.app               W     App precisa ser ativado como Device Admin ou Device Owner
2025-12-04 06:44:42.854 13086-13086 AppProtectionManager    com.cdccreditsmart.app               W     para aplicar proteÃ§Ãµes contra desinstalaÃ§Ã£o.
2025-12-04 06:44:42.854 13086-13086 AppProtectionManager    com.cdccreditsmart.app               W  
2025-12-04 06:44:42.854 13086-13086 AppProtectionManager    com.cdccreditsmart.app               I     Iniciando serviÃ§os de persistÃªncia...
2025-12-04 06:44:42.872 13086-13086 AppProtectionManager    com.cdccreditsmart.app               I     âœ… Foreground Service iniciado
2025-12-04 06:44:42.885 13086-13086 AppProtectionManager    com.cdccreditsmart.app               I     âœ… ServiceWatchdog agendado (15 min)
2025-12-04 06:44:42.885 13086-13086 CDCApplication          com.cdccreditsmart.app               I  
2025-12-04 06:44:42.885 13086-13086 CDCApplication          com.cdccreditsmart.app               I  â•”â•â•â•â•â•â•â•â•â•â•â•â•â•â•â•â•â•â•â•â•â•â•â•â•â•â•â•â•â•â•â•â•â•â•â•â•â•â•â•â•â•â•â•â•â•â•â•â•â•â•â•â•â•â•â•â•â•â•â•â•â•—
2025-12-04 06:44:42.885 13086-13086 CDCApplication          com.cdccreditsmart.app               I  â•‘     RESULTADO DA APLICAÃ‡ÃƒO DE PROTEÃ‡Ã•ES                    â•‘
2025-12-04 06:44:42.885 13086-13086 CDCApplication          com.cdccreditsmart.app               I  â•šâ•â•â•â•â•â•â•â•â•â•â•â•â•â•â•â•â•â•â•â•â•â•â•â•â•â•â•â•â•â•â•â•â•â•â•â•â•â•â•â•â•â•â•â•â•â•â•â•â•â•â•â•â•â•â•â•â•â•â•â•â•
2025-12-04 06:44:42.885 13086-13086 CDCApplication          com.cdccreditsmart.app               I     NÃ­vel: NONE
2025-12-04 06:44:42.885 13086-13086 CDCApplication          com.cdccreditsmart.app               I     ProteÃ§Ãµes aplicadas: 0
2025-12-04 06:44:42.885 13086-13086 CDCApplication          com.cdccreditsmart.app               E     Status: SEM PROTEÃ‡ÃƒO
2025-12-04 06:44:42.885 13086-13086 CDCApplication          com.cdccreditsmart.app               E     App precisa ser provisionado como Device Owner
2025-12-04 06:44:42.885 13086-13086 CDCApplication          com.cdccreditsmart.app               E  
2025-12-04 06:44:42.885 13086-13086 CDCApplication          com.cdccreditsmart.app               E     Provisione o dispositivo usando:
2025-12-04 06:44:42.885 13086-13086 CDCApplication          com.cdccreditsmart.app               E     1. QR Code durante setup inicial
2025-12-04 06:44:42.885 13086-13086 CDCApplication          com.cdccreditsmart.app               E     2. ADB: adb shell dpm set-device-owner ...
2025-12-04 06:44:42.885 13086-13086 CDCApplication          com.cdccreditsmart.app               E     3. Samsung Knox Mobile Enrollment
2025-12-04 06:44:42.885 13086-13086 CDCApplication          com.cdccreditsmart.app               I  â•šâ•â•â•â•â•â•â•â•â•â•â•â•â•â•â•â•â•â•â•â•â•â•â•â•â•â•â•â•â•â•â•â•â•â•â•â•â•â•â•â•â•â•â•â•â•â•â•â•â•â•â•â•â•â•â•â•â•â•â•â•â•
2025-12-04 06:44:42.885 13086-13086 CDCApplication          com.cdccreditsmart.app               I  
2025-12-04 06:44:42.887 13086-13086 TamperDetection         com.cdccreditsmart.app               I  ========================================
2025-12-04 06:44:42.887 13086-13086 TamperDetection         com.cdccreditsmart.app               I  ğŸ” VERIFICANDO INTEGRIDADE DO DISPOSITIVO
2025-12-04 06:44:42.887 13086-13086 TamperDetection         com.cdccreditsmart.app               I  ========================================
2025-12-04 06:44:42.890 13086-13113 ashmem                  com.cdccreditsmart.app               E  Pinning is deprecated since Android Q. Please use trim or other methods.
2025-12-04 06:44:42.893 13086-13104 creditsmart.app         com.cdccreditsmart.app               I  AssetManager2(0x7978a5ea1ed8) locale list changing from [] to [en-US]
2025-12-04 06:44:42.905 13086-13104 creditsmart.app         com.cdccreditsmart.app               W  ClassLoaderContext classpath element checksum mismatch. expected=630649996, found=308834958 (DLC[];PCL[base.apk*630649996]{PCL[/system/framework/org.apache.http.legacy.jar*4247870504]#PCL[/system/framework/com.android.media.remotedisplay.jar*487574312]#PCL[/system/framework/com.android.location.provider.jar*1570284764]#PCL[/system_ext/framework/androidx.window.extensions.jar*1030441313]#PCL[/system_ext/framework/androidx.window.sidecar.jar*3860983653]} | DLC[];PCL[/data/app/~~kayoCRBD9zoagkesjycCdA==/com.cdccreditsmart.app-DhvxeiR9-RLielOpK47Keg==/base.apk*308834958])
2025-12-04 06:44:42.913 13086-13104 creditsmart.app         com.cdccreditsmart.app               I  AssetManager2(0x7978a5ea0c18) locale list changing from [] to [en-US]
2025-12-04 06:44:42.933 13086-13104 creditsmart.app         com.cdccreditsmart.app               I  AssetManager2(0x7978a5ea1258) locale list changing from [] to [en-US]
2025-12-04 06:44:42.994 13086-13120 JobInfo                 com.cdccreditsmart.app               W  Requested important-while-foreground flag for job0 is ignored and takes no effect
2025-12-04 06:44:43.007 13086-13123 creditsmart.app         com.cdccreditsmart.app               I  hiddenapi: Accessing hidden method Ldalvik/system/VMStack;->getStackClass2()Ljava/lang/Class; (runtime_flags=0, domain=core-platform, api=unsupported) from Lm7/aox; (domain=app) using reflection: allowed
2025-12-04 06:44:43.020 13086-13123 PhClient                com.cdccreditsmart.app               I  Unable to retrieve flag snapshot for com.google.android.gms.measurement#com.cdccreditsmart.app, using defaults.
2025-12-04 06:44:43.033 13086-13122 creditsmart.app         com.cdccreditsmart.app               E  No package ID 6a found for resource ID 0x6a0b0013.
2025-12-04 06:44:43.035 13086-13122 FA                      com.cdccreditsmart.app               I  App measurement initialized, version: 146007
2025-12-04 06:44:43.035 13086-13122 FA                      com.cdccreditsmart.app               I  To enable debug logging run: adb shell setprop log.tag.FA VERBOSE
2025-12-04 06:44:43.035 13086-13122 FA                      com.cdccreditsmart.app               I  To enable faster debug mode event logging run:
                                                                                                      adb shell setprop debug.firebase.analytics.app com.cdccreditsmart.app
2025-12-04 06:44:43.110 13086-13086 TamperDetection         com.cdccreditsmart.app               I  âœ… Primeira instalaÃ§Ã£o detectada
2025-12-04 06:44:43.110 13086-13086 TamperDetection         com.cdccreditsmart.app               I     Token e deviceId nÃ£o existem - app nunca foi pareado
2025-12-04 06:44:43.110 13086-13086 TamperDetection         com.cdccreditsmart.app               I  ========================================
2025-12-04 06:44:43.125 13086-13086 TamperDetection         com.cdccreditsmart.app               I  âœ… Device fingerprint criado: CDC_-124****
2025-12-04 06:44:43.125 13086-13086 TamperDetection         com.cdccreditsmart.app               I  
2025-12-04 06:44:43.125 13086-13086 TamperDetection         com.cdccreditsmart.app               I  â•”â•â•â•â•â•â•â•â•â•â•â•â•â•â•â•â•â•â•â•â•â•â•â•â•â•â•â•â•â•â•â•â•â•â•â•â•â•â•â•â•â•â•â•â•â•â•â•â•â•â•â•â•â•â•â•â•â•—
2025-12-04 06:44:43.125 13086-13086 TamperDetection         com.cdccreditsmart.app               I  â•‘    ğŸ“¡ REPORTAR BOOT AO BACKEND                        â•‘
2025-12-04 06:44:43.125 13086-13086 TamperDetection         com.cdccreditsmart.app               I  â• â•â•â•â•â•â•â•â•â•â•â•â•â•â•â•â•â•â•â•â•â•â•â•â•â•â•â•â•â•â•â•â•â•â•â•â•â•â•â•â•â•â•â•â•â•â•â•â•â•â•â•â•â•â•â•â•â•£
2025-12-04 06:44:43.125 13086-13086 TamperDetection         com.cdccreditsmart.app               I  â•‘  Device Fingerprint: CDC_-1244237****      â•‘
2025-12-04 06:44:43.125 13086-13086 TamperDetection         com.cdccreditsmart.app               I  â•‘  Boot Timestamp: 1764841483125          â•‘
2025-12-04 06:44:43.125 13086-13086 TamperDetection         com.cdccreditsmart.app               I  â•‘                                                        â•‘
2025-12-04 06:44:43.125 13086-13086 TamperDetection         com.cdccreditsmart.app               I  â•‘  Backend detectarÃ¡ factory reset comparando:          â•‘
2025-12-04 06:44:43.125 13086-13086 TamperDetection         com.cdccreditsmart.app               I  â•‘  â€¢ Fingerprint histÃ³rico vs atual                     â•‘
2025-12-04 06:44:43.125 13086-13086 TamperDetection         com.cdccreditsmart.app               I  â•‘  â€¢ Timestamp do Ãºltimo boot vs agora                  â•‘
2025-12-04 06:44:43.125 13086-13086 TamperDetection         com.cdccreditsmart.app               I  â•‘  â€¢ Token vÃ¡lido vs ausente                            â•‘
2025-12-04 06:44:43.125 13086-13086 TamperDetection         com.cdccreditsmart.app               I  â•šâ•â•â•â•â•â•â•â•â•â•â•â•â•â•â•â•â•â•â•â•â•â•â•â•â•â•â•â•â•â•â•â•â•â•â•â•â•â•â•â•â•â•â•â•â•â•â•â•â•â•â•â•â•â•â•â•â•
2025-12-04 06:44:43.125 13086-13086 TamperDetection         com.cdccreditsmart.app               I  
2025-12-04 06:44:43.125 13086-13086 TamperDetection         com.cdccreditsmart.app               I  âš ï¸ TODO: Implementar POST /api/security/device-boot
2025-12-04 06:44:43.129 13086-13126 CDCApplication          com.cdccreditsmart.app               I  ğŸ”’ Verificando status do SIM no boot da aplicaÃ§Ã£o...
2025-12-04 06:44:43.130 13086-13126 SimSwapManager          com.cdccreditsmart.app               I  ========================================
2025-12-04 06:44:43.130 13086-13126 SimSwapManager          com.cdccreditsmart.app               I  ğŸ”’ SIM SWAP: Iniciando verificaÃ§Ã£o de status do SIM
2025-12-04 06:44:43.130 13086-13126 SimSwapManager          com.cdccreditsmart.app               I  ========================================
2025-12-04 06:44:43.135 13086-13126 SimSwapDetector         com.cdccreditsmart.app               E  ğŸ”’ SIM SWAP: PermissÃ£o READ_PHONE_STATE NÃƒO CONCEDIDA!
2025-12-04 06:44:43.135 13086-13126 SimSwapManager          com.cdccreditsmart.app               E  ğŸ”’ SIM SWAP: Sem permissÃ£o READ_PHONE_STATE - verificaÃ§Ã£o cancelada
2025-12-04 06:44:43.135 13086-13126 SimSwapManager          com.cdccreditsmart.app               I  ========================================
2025-12-04 06:44:43.135 13086-13126 CDCApplication          com.cdccreditsmart.app               W  âš ï¸ VerificaÃ§Ã£o de SIM swap falhou ou encontrou problemas
2025-12-04 06:44:43.249 13086-13122 FA                      com.cdccreditsmart.app               I  Tag Manager is not found and thus will not be used
2025-12-04 06:44:43.310 13086-13086 ContractCodeStorage     com.cdccreditsmart.app               W  No valid contract code found in any location
2025-12-04 06:44:43.311 13086-13086 CDCApplication          com.cdccreditsmart.app               I  â¸ï¸ Sem tokens - aguardando pairing para iniciar serviÃ§o MDM
2025-12-04 06:44:43.312 13086-13086 AutoBlockingWorker      com.cdccreditsmart.app               I  âœ… VerificaÃ§Ã£o automÃ¡tica de bloqueio agendada (diariamente Ã s 00:00)
2025-12-04 06:44:43.312 13086-13086 AutoBlockingWorker      com.cdccreditsmart.app               I     PrÃ³xima execuÃ§Ã£o em: 855 minutos
2025-12-04 06:44:43.312 13086-13086 CDCApplication          com.cdccreditsmart.app               I  ğŸ“… Agendando overlay automÃ¡tico com intervalo progressivo...
2025-12-04 06:44:43.314 13086-13086 PeriodicOverlayWorker   com.cdccreditsmart.app               I  ğŸ“… Agendando overlay automÃ¡tico com INTERVALO PROGRESSIVO
2025-12-04 06:44:43.314 13086-13086 PeriodicOverlayWorker   com.cdccreditsmart.app               I     1-4 dias de atraso: a cada 10 minutos
2025-12-04 06:44:43.314 13086-13086 PeriodicOverlayWorker   com.cdccreditsmart.app               I     5-14 dias de atraso: a cada 5 minutos
2025-12-04 06:44:43.314 13086-13086 PeriodicOverlayWorker   com.cdccreditsmart.app               I     15+ dias de atraso: a cada 3 minutos
2025-12-04 06:44:43.314 13086-13086 WM-WorkSpec             com.cdccreditsmart.app               W  Interval duration lesser than minimum allowed value; Changed to 900000
2025-12-04 06:44:43.315 13086-13086 WM-WorkSpec             com.cdccreditsmart.app               W  Flex duration lesser than minimum allowed value; Changed to 300000
2025-12-04 06:44:43.316 13086-13086 PeriodicOverlayWorker   com.cdccreditsmart.app               I  âœ… Overlay automÃ¡tico agendado com sucesso
2025-12-04 06:44:43.316 13086-13086 CDCApplication          com.cdccreditsmart.app               I  ğŸ”’ Iniciando sistema Keep Alive...
2025-12-04 06:44:43.317 13086-13086 KeepAliveManager        com.cdccreditsmart.app               I  ğŸ”’ ========================================
2025-12-04 06:44:43.317 13086-13086 KeepAliveManager        com.cdccreditsmart.app               I  ğŸ”’ INICIANDO SISTEMA KEEP ALIVE
2025-12-04 06:44:43.317 13086-13086 KeepAliveManager        com.cdccreditsmart.app               I  ğŸ”’ ========================================
2025-12-04 06:44:43.318 13086-13086 KeepAliveManager        com.cdccreditsmart.app               I  âœ… ServiceWatchdogWorker agendado (15min)
2025-12-04 06:44:43.321 13086-13086 KeepAliveManager        com.cdccreditsmart.app               I  âœ… AlarmManager wakeup agendado (10min)
2025-12-04 06:44:43.323 13086-13086 KeepAliveManager        com.cdccreditsmart.app               I  ğŸ”‹ Tentando desativar otimizaÃ§Ã£o de bateria automaticamente...
2025-12-04 06:44:43.323 13086-13086 KeepAliveManager        com.cdccreditsmart.app               I  ğŸ”‹ App NÃƒO Ã© Device Owner - abrindo configuraÃ§Ãµes do sistema
2025-12-04 06:44:43.329 13086-13086 KeepAliveManager        com.cdccreditsmart.app               I  âœ… Tela de isenÃ§Ã£o de bateria aberta para o usuÃ¡rio
2025-12-04 06:44:43.329 13086-13086 KeepAliveManager        com.cdccreditsmart.app               I  ğŸ”’ Sistema Keep Alive ativo
2025-12-04 06:44:43.329 13086-13086 KeepAliveManager        com.cdccreditsmart.app               I  ğŸ”’ - WorkManager: verificaÃ§Ã£o a cada 15min
2025-12-04 06:44:43.329 13086-13086 KeepAliveManager        com.cdccreditsmart.app               I  ğŸ”’ - AlarmManager: wakeup a cada 10min
2025-12-04 06:44:43.329 13086-13086 KeepAliveManager        com.cdccreditsmart.app               I  ğŸ”’ ========================================
2025-12-04 06:44:43.331 13086-13086 CDCApplication          com.cdccreditsmart.app               I  ğŸ“Š Keep Alive Stats:
2025-12-04 06:44:43.331 13086-13086 CDCApplication          com.cdccreditsmart.app               I     - Restarts anteriores: 0
2025-12-04 06:44:43.331 13086-13086 CDCApplication          com.cdccreditsmart.app               I     - OtimizaÃ§Ã£o bateria: SIM (ruim)
2025-12-04 06:44:43.344 13086-13086 Choreographer           com.cdccreditsmart.app               I  Skipped 30 frames!  The application may be doing too much work on its main thread.
2025-12-04 06:44:43.350 13086-13134 DisplayManager          com.cdccreditsmart.app               I  Choreographer implicitly registered for the refresh rate.
2025-12-04 06:44:43.352 13086-13086 creditsmart.app         com.cdccreditsmart.app               I  AssetManager2(0x7978a5ea2b58) locale list changing from [] to [en-US]
2025-12-04 06:44:43.395 13086-13134 EGL_emulation           com.cdccreditsmart.app               I  Opening libGLESv1_CM_emulation.so
2025-12-04 06:44:43.396 13086-13134 EGL_emulation           com.cdccreditsmart.app               I  Opening libGLESv2_emulation.so
2025-12-04 06:44:43.399 13086-13086 MainActivity            com.cdccreditsmart.app               I  ========================================
2025-12-04 06:44:43.399 13086-13086 MainActivity            com.cdccreditsmart.app               I  ğŸ“± SOLICITANDO PERMISSÃ•ES (NÃƒO DEVICE OWNER)
2025-12-04 06:44:43.399 13086-13086 MainActivity            com.cdccreditsmart.app               I  ========================================
2025-12-04 06:44:43.400 13086-13127 MainActivity            com.cdccreditsmart.app               I  ğŸ†• Device nunca foi provisionado
2025-12-04 06:44:43.402 13086-13086 MainActivity            com.cdccreditsmart.app               I  ğŸ“‹ Runtime permissions a solicitar: 9
2025-12-04 06:44:43.411 13086-13086 SpecialPermissionReq    com.cdccreditsmart.app               I  ========================================
2025-12-04 06:44:43.411 13086-13086 SpecialPermissionReq    com.cdccreditsmart.app               I  ğŸ“Š STATUS DAS PERMISSÃ•ES ESPECIAIS
2025-12-04 06:44:43.411 13086-13086 SpecialPermissionReq    com.cdccreditsmart.app               I  ========================================
2025-12-04 06:44:43.412 13086-13086 SpecialPermissionReq    com.cdccreditsmart.app               I    USAGE_STATS: âŒ NÃƒO CONCEDIDA
2025-12-04 06:44:43.413 13086-13086 SpecialPermissionReq    com.cdccreditsmart.app               I    OVERLAY: âŒ NÃƒO CONCEDIDA
2025-12-04 06:44:43.413 13086-13086 SpecialPermissionReq    com.cdccreditsmart.app               W  
2025-12-04 06:44:43.413 13086-13086 SpecialPermissionReq    com.cdccreditsmart.app               W  âš ï¸ PROTEÃ‡ÃƒO ANTI-DESINSTALAÃ‡ÃƒO COMPROMETIDA!
2025-12-04 06:44:43.413 13086-13086 SpecialPermissionReq    com.cdccreditsmart.app               W     Sem essas permissÃµes, a proteÃ§Ã£o via overlay nÃ£o funciona.
2025-12-04 06:44:43.413 13086-13086 SpecialPermissionReq    com.cdccreditsmart.app               W     O usuÃ¡rio conseguirÃ¡ acessar App Info e desinstalar.
2025-12-04 06:44:43.413 13086-13086 SpecialPermissionReq    com.cdccreditsmart.app               I  ========================================
2025-12-04 06:44:43.413 13086-13086 MainActivity            com.cdccreditsmart.app               W  ========================================
2025-12-04 06:44:43.413 13086-13086 MainActivity            com.cdccreditsmart.app               W  âš ï¸ PERMISSÃ•ES ESPECIAIS NECESSÃRIAS
2025-12-04 06:44:43.414 13086-13086 MainActivity            com.cdccreditsmart.app               W  ========================================
2025-12-04 06:44:43.414 13086-13086 MainActivity            com.cdccreditsmart.app               W  Para proteÃ§Ã£o anti-desinstalaÃ§Ã£o funcionar:
2025-12-04 06:44:43.414 13086-13086 MainActivity            com.cdccreditsmart.app               W    âŒ Acesso ao Uso de Apps
2025-12-04 06:44:43.414 13086-13086 MainActivity            com.cdccreditsmart.app               W       Permite detectar quando vocÃª abre as ConfiguraÃ§Ãµes para aplicar proteÃ§Ã£o
2025-12-04 06:44:43.414 13086-13086 MainActivity            com.cdccreditsmart.app               W    âŒ Exibir sobre outros apps
2025-12-04 06:44:43.414 13086-13086 MainActivity            com.cdccreditsmart.app               W       Permite mostrar avisos de proteÃ§Ã£o sobre outros aplicativos
2025-12-04 06:44:43.414 13086-13086 MainActivity            com.cdccreditsmart.app               W  ========================================
2025-12-04 06:44:43.414 13086-13086 MainActivity            com.cdccreditsmart.app               W  O app solicitarÃ¡ essas permissÃµes na prÃ³xima interaÃ§Ã£o
2025-12-04 06:44:43.414 13086-13086 MainActivity            com.cdccreditsmart.app               W  ========================================
2025-12-04 06:44:43.437 13086-13134 HWUI                    com.cdccreditsmart.app               W  Failed to choose config with EGL_SWAP_BEHAVIOR_PRESERVED, retrying without...
2025-12-04 06:44:43.437 13086-13134 HWUI                    com.cdccreditsmart.app               W  Failed to initialize 101010-2 format, error = EGL_SUCCESS
2025-12-04 06:44:43.455 13086-13086 HWUI                    com.cdccreditsmart.app               W  Unknown dataspace 0
2025-12-04 06:44:43.626 13086-13086 CdcForegroundService    com.cdccreditsmart.app               I  âœ… ScreenStateReceiver registrado
2025-12-04 06:44:43.639 13086-13086 CdcForegroundService    com.cdccreditsmart.app               I  âœ… Foreground Service ativo (Android 12+)
2025-12-04 06:44:43.643 13086-13127 CdcForegroundService    com.cdccreditsmart.app               I  ğŸ”§ ========================================
2025-12-04 06:44:43.644 13086-13127 CdcForegroundService    com.cdccreditsmart.app               I  ğŸ”§ INICIANDO initializeServices()...
2025-12-04 06:44:43.644 13086-13127 CdcForegroundService    com.cdccreditsmart.app               I  ğŸ”§ ========================================
2025-12-04 06:44:43.644 13086-13127 CdcForegroundService    com.cdccreditsmart.app               I  ğŸ¢ ========================================
2025-12-04 06:44:43.644 13086-13127 CdcForegroundService    com.cdccreditsmart.app               I  ğŸ¢ APLICANDO POLÃTICAS DE AMBIENTE DE TRABALHO
2025-12-04 06:44:43.644 13086-13127 CdcForegroundService    com.cdccreditsmart.app               I  ğŸ¢ ========================================
2025-12-04 06:44:43.644 13086-13127 WorkPolicyManager       com.cdccreditsmart.app               I  
2025-12-04 06:44:43.644 13086-13127 WorkPolicyManager       com.cdccreditsmart.app               I  â•”â•â•â•â•â•â•â•â•â•â•â•â•â•â•â•â•â•â•â•â•â•â•â•â•â•â•â•â•â•â•â•â•â•â•â•â•â•â•â•â•â•â•â•â•â•â•â•â•â•â•â•â•â•â•â•â•â•â•â•â•â•â•â•â•â•—
2025-12-04 06:44:43.644 13086-13127 WorkPolicyManager       com.cdccreditsmart.app               I  â•‘  ğŸ¢ APLICANDO POLÃTICAS DE AMBIENTE DE TRABALHO                â•‘
2025-12-04 06:44:43.644 13086-13127 WorkPolicyManager       com.cdccreditsmart.app               I  â•‘     CDC CREDIT SMART - PROTEÃ‡ÃƒO EMPRESARIAL                    â•‘
2025-12-04 06:44:43.644 13086-13127 WorkPolicyManager       com.cdccreditsmart.app               I  â•šâ•â•â•â•â•â•â•â•â•â•â•â•â•â•â•â•â•â•â•â•â•â•â•â•â•â•â•â•â•â•â•â•â•â•â•â•â•â•â•â•â•â•â•â•â•â•â•â•â•â•â•â•â•â•â•â•â•â•â•â•â•â•â•â•â•
2025-12-04 06:44:43.644 13086-13127 WorkPolicyManager       com.cdccreditsmart.app               I  
2025-12-04 06:44:43.645 13086-13127 WorkPolicyManager       com.cdccreditsmart.app               I  ğŸ“‹ STATUS DO DISPOSITIVO:
2025-12-04 06:44:43.645 13086-13127 WorkPolicyManager       com.cdccreditsmart.app               I     Device Owner: âŒ NÃƒO
2025-12-04 06:44:43.645 13086-13127 WorkPolicyManager       com.cdccreditsmart.app               I     Device Admin: âŒ NÃƒO
2025-12-04 06:44:43.645 13086-13127 WorkPolicyManager       com.cdccreditsmart.app               I  
2025-12-04 06:44:43.645 13086-13127 WorkPolicyManager       com.cdccreditsmart.app               I  â•â•â•â•â•â•â•â•â•â•â•â•â•â•â•â•â•â•â•â•â•â•â•â•â•â•â•â•â•â•â•â•â•â•â•â•â•â•â•â•â•â•â•â•â•â•â•â•â•â•â•â•â•â•â•â•â•â•â•â•â•â•â•
2025-12-04 06:44:43.645 13086-13127 WorkPolicyManager       com.cdccreditsmart.app               I  âš ï¸ MODO BÃSICO - PROTEÃ‡ÃƒO MÃNIMA
2025-12-04 06:44:43.645 13086-13127 WorkPolicyManager       com.cdccreditsmart.app               I  â•â•â•â•â•â•â•â•â•â•â•â•â•â•â•â•â•â•â•â•â•â•â•â•â•â•â•â•â•â•â•â•â•â•â•â•â•â•â•â•â•â•â•â•â•â•â•â•â•â•â•â•â•â•â•â•â•â•â•â•â•â•â•
2025-12-04 06:44:43.645 13086-13127 WorkPolicyManager       com.cdccreditsmart.app               I  
2025-12-04 06:44:43.645 13086-13127 WorkPolicyManager       com.cdccreditsmart.app               E  âŒ ATENÃ‡ÃƒO: App NÃƒO Ã© Device Owner nem Device Admin!
2025-12-04 06:44:43.645 13086-13127 WorkPolicyManager       com.cdccreditsmart.app               E     â€¢ ProteÃ§Ãµes MDM nÃ£o disponÃ­veis
2025-12-04 06:44:43.645 13086-13127 WorkPolicyManager       com.cdccreditsmart.app               E     â€¢ UsuÃ¡rio pode desinstalar o app livremente
2025-12-04 06:44:43.645 13086-13127 WorkPolicyManager       com.cdccreditsmart.app               E     â€¢ Factory Reset nÃ£o Ã© bloqueÃ¡vel
2025-12-04 06:44:43.645 13086-13127 WorkPolicyManager       com.cdccreditsmart.app               E     â€¢ Aplicando proteÃ§Ãµes alternativas mÃ­nimas...
2025-12-04 06:44:43.645 13086-13127 WorkPolicyManager       com.cdccreditsmart.app               I  
2025-12-04 06:44:43.645 13086-13127 WorkPolicyManager       com.cdccreditsmart.app               I  ğŸ”„ [1/3] PERSISTÃŠNCIA DO APP
2025-12-04 06:44:43.645 13086-13127 WorkPolicyManager       com.cdccreditsmart.app               I  â”€â”€â”€â”€â”€â”€â”€â”€â”€â”€â”€â”€â”€â”€â”€â”€â”€â”€â”€â”€â”€â”€â”€â”€â”€â”€â”€â”€â”€â”€â”€â”€â”€â”€â”€â”€â”€â”€â”€â”€â”€â”€â”€â”€â”€â”€â”€â”€â”€â”€â”€â”€â”€â”€â”€â”€â”€â”€â”€â”€â”€â”€â”€
2025-12-04 06:44:43.645 13086-13127 WorkPolicyManager       com.cdccreditsmart.app               I     â„¹ï¸ Solicitando isenÃ§Ã£o de otimizaÃ§Ã£o de bateria...
2025-12-04 06:44:43.645 13086-13127 WorkPolicyManager       com.cdccreditsmart.app               I     â„¹ï¸ UsuÃ¡rio precisa conceder manualmente em Settings
2025-12-04 06:44:43.645 13086-13127 WorkPolicyManager       com.cdccreditsmart.app               I     âœ… Foreground Service configurado via CdcForegroundService
2025-12-04 06:44:43.645 13086-13127 WorkPolicyManager       com.cdccreditsmart.app               I  
2025-12-04 06:44:43.645 13086-13127 WorkPolicyManager       com.cdccreditsmart.app               I  ğŸ“Š [2/3] MONITORAMENTO BÃSICO
2025-12-04 06:44:43.645 13086-13127 WorkPolicyManager       com.cdccreditsmart.app               I  â”€â”€â”€â”€â”€â”€â”€â”€â”€â”€â”€â”€â”€â”€â”€â”€â”€â”€â”€â”€â”€â”€â”€â”€â”€â”€â”€â”€â”€â”€â”€â”€â”€â”€â”€â”€â”€â”€â”€â”€â”€â”€â”€â”€â”€â”€â”€â”€â”€â”€â”€â”€â”€â”€â”€â”€â”€â”€â”€â”€â”€â”€â”€
2025-12-04 06:44:43.645 13086-13127 WorkPolicyManager       com.cdccreditsmart.app               I     âœ… WorkManager health check agendado
2025-12-04 06:44:43.645 13086-13127 WorkPolicyManager       com.cdccreditsmart.app               I  
2025-12-04 06:44:43.645 13086-13127 WorkPolicyManager       com.cdccreditsmart.app               I  ğŸ”” [3/3] NOTIFICAÃ‡Ã•ES
2025-12-04 06:44:43.645 13086-13127 WorkPolicyManager       com.cdccreditsmart.app               I  â”€â”€â”€â”€â”€â”€â”€â”€â”€â”€â”€â”€â”€â”€â”€â”€â”€â”€â”€â”€â”€â”€â”€â”€â”€â”€â”€â”€â”€â”€â”€â”€â”€â”€â”€â”€â”€â”€â”€â”€â”€â”€â”€â”€â”€â”€â”€â”€â”€â”€â”€â”€â”€â”€â”€â”€â”€â”€â”€â”€â”€â”€â”€
2025-12-04 06:44:43.645 13086-13127 WorkPolicyManager       com.cdccreditsmart.app               I     âœ… Canal de notificaÃ§Ã£o persistente criado
2025-12-04 06:44:43.645 13086-13126 ServiceWatchdogWorker   com.cdccreditsmart.app               I  ğŸ” ========================================
2025-12-04 06:44:43.645 13086-13126 ServiceWatchdogWorker   com.cdccreditsmart.app               I  ğŸ” WATCHDOG: Verificando CdcForegroundService
2025-12-04 06:44:43.645 13086-13126 ServiceWatchdogWorker   com.cdccreditsmart.app               I  ğŸ” ========================================
2025-12-04 06:44:43.646 13086-13127 WorkPolicyManager       com.cdccreditsmart.app               I  
2025-12-04 06:44:43.647 13086-13126 ServiceWatchdogWorker   com.cdccreditsmart.app               I  ğŸ“Š EstatÃ­sticas Keep Alive:
2025-12-04 06:44:43.647 13086-13126 ServiceWatchdogWorker   com.cdccreditsmart.app               I     - ServiÃ§o ativo: true
2025-12-04 06:44:43.648 13086-13126 ServiceWatchdogWorker   com.cdccreditsmart.app               I     - Restarts: 0
2025-12-04 06:44:43.648 13086-13126 ServiceWatchdogWorker   com.cdccreditsmart.app               I     - OtimizaÃ§Ã£o bateria: SIM (ruim)
2025-12-04 06:44:43.648 13086-13126 ServiceWatchdogWorker   com.cdccreditsmart.app               I  ğŸ” ========================================
2025-12-04 06:44:43.648 13086-13126 ServiceWatchdogWorker   com.cdccreditsmart.app               I  âœ… WATCHDOG: ServiÃ§o verificado/reiniciado com sucesso
2025-12-04 06:44:43.648 13086-13127 WorkPolicyManager       com.cdccreditsmart.app               I  â•”â•â•â•â•â•â•â•â•â•â•â•â•â•â•â•â•â•â•â•â•â•â•â•â•â•â•â•â•â•â•â•â•â•â•â•â•â•â•â•â•â•â•â•â•â•â•â•â•â•â•â•â•â•â•â•â•â•â•â•â•â•â•â•â•â•—
2025-12-04 06:44:43.648 13086-13127 WorkPolicyManager       com.cdccreditsmart.app               I  â•‘  ğŸ“Š RESUMO DAS POLÃTICAS DE TRABALHO                           â•‘
2025-12-04 06:44:43.648 13086-13127 WorkPolicyManager       com.cdccreditsmart.app               I  â• â•â•â•â•â•â•â•â•â•â•â•â•â•â•â•â•â•â•â•â•â•â•â•â•â•â•â•â•â•â•â•â•â•â•â•â•â•â•â•â•â•â•â•â•â•â•â•â•â•â•â•â•â•â•â•â•â•â•â•â•â•â•â•â•â•£
2025-12-04 06:44:43.648 13086-13127 WorkPolicyManager       com.cdccreditsmart.app               I  â•‘  âš ï¸ NÃ­vel de proteÃ§Ã£o: BASIC
2025-12-04 06:44:43.648 13086-13127 WorkPolicyManager       com.cdccreditsmart.app               I  â•‘  ğŸ“‹ PolÃ­ticas aplicadas: 4
2025-12-04 06:44:43.648 13086-13127 WorkPolicyManager       com.cdccreditsmart.app               I  â• â•â•â•â•â•â•â•â•â•â•â•â•â•â•â•â•â•â•â•â•â•â•â•â•â•â•â•â•â•â•â•â•â•â•â•â•â•â•â•â•â•â•â•â•â•â•â•â•â•â•â•â•â•â•â•â•â•â•â•â•â•â•â•â•â•£
2025-12-04 06:44:43.648 13086-13127 WorkPolicyManager       com.cdccreditsmart.app               I  â•‘  âœ… PROTEÃ‡Ã•ES ATIVAS:
2025-12-04 06:44:43.648 13086-13127 WorkPolicyManager       com.cdccreditsmart.app               I  â•‘     âœ… IsenÃ§Ã£o de otimizaÃ§Ã£o de bateria
2025-12-04 06:44:43.648 13086-13127 WorkPolicyManager       com.cdccreditsmart.app               I  â•‘     âœ… Foreground Service persistente
2025-12-04 06:44:43.648 13086-13127 WorkPolicyManager       com.cdccreditsmart.app               I  â•‘     âœ… Health check periÃ³dico agendado
2025-12-04 06:44:43.648 13086-13127 WorkPolicyManager       com.cdccreditsmart.app               I  â•‘     âœ… Canal de notificaÃ§Ã£o persistente criado
2025-12-04 06:44:43.648 13086-13127 WorkPolicyManager       com.cdccreditsmart.app               I  â• â•â•â•â•â•â•â•â•â•â•â•â•â•â•â•â•â•â•â•â•â•â•â•â•â•â•â•â•â•â•â•â•â•â•â•â•â•â•â•â•â•â•â•â•â•â•â•â•â•â•â•â•â•â•â•â•â•â•â•â•â•â•â•â•â•£
2025-12-04 06:44:43.648 13086-13127 WorkPolicyManager       com.cdccreditsmart.app               I  â•‘  âš ï¸ AVISOS:
2025-12-04 06:44:43.648 13086-13127 WorkPolicyManager       com.cdccreditsmart.app               W  â•‘     âŒ CRÃTICO: DesinstalaÃ§Ã£o NÃƒO bloqueÃ¡vel
2025-12-04 06:44:43.651 13086-13113 WM-WorkerWrapper        com.cdccreditsmart.app               I  Worker result SUCCESS for Work [ id=7df9db58-f43b-4869-9b2d-c7dbb89f6b98, tags={ com.cdccreditsmart.app.keepalive.ServiceWatchdogWorker } ]
2025-12-04 06:44:43.652 13086-13127 WorkPolicyManager       com.cdccreditsmart.app               W  â•‘     âŒ CRÃTICO: Factory Reset NÃƒO bloqueÃ¡vel
2025-12-04 06:44:43.652 13086-13127 WorkPolicyManager       com.cdccreditsmart.app               W  â•‘     âŒ CRÃTICO: Force Stop NÃƒO bloqueÃ¡vel
2025-12-04 06:44:43.653 13086-13127 WorkPolicyManager       com.cdccreditsmart.app               W  â•‘     âŒ CRÃTICO: Clear Data NÃƒO bloqueÃ¡vel
2025-12-04 06:44:43.653 13086-13127 WorkPolicyManager       com.cdccreditsmart.app               W  â•‘     âš ï¸ RecomendaÃ§Ã£o: Configurar como Device Owner via QR Code ou ADB
2025-12-04 06:44:43.653 13086-13127 WorkPolicyManager       com.cdccreditsmart.app               I  â•šâ•â•â•â•â•â•â•â•â•â•â•â•â•â•â•â•â•â•â•â•â•â•â•â•â•â•â•â•â•â•â•â•â•â•â•â•â•â•â•â•â•â•â•â•â•â•â•â•â•â•â•â•â•â•â•â•â•â•â•â•â•â•â•â•â•
2025-12-04 06:44:43.653 13086-13127 WorkPolicyManager       com.cdccreditsmart.app               I  
2025-12-04 06:44:43.653 13086-13127 CdcForegroundService    com.cdccreditsmart.app               I  ğŸ¢ Resultado: BASIC
2025-12-04 06:44:43.653 13086-13127 CdcForegroundService    com.cdccreditsmart.app               I  ğŸ¢ PolÃ­ticas aplicadas: 4/5
2025-12-04 06:44:43.653 13086-13127 CdcForegroundService    com.cdccreditsmart.app               W  ğŸ¢ âŒ CRÃTICO: DesinstalaÃ§Ã£o NÃƒO bloqueÃ¡vel
2025-12-04 06:44:43.653 13086-13127 CdcForegroundService    com.cdccreditsmart.app               W  ğŸ¢ âŒ CRÃTICO: Factory Reset NÃƒO bloqueÃ¡vel
2025-12-04 06:44:43.653 13086-13127 CdcForegroundService    com.cdccreditsmart.app               W  ğŸ¢ âŒ CRÃTICO: Force Stop NÃƒO bloqueÃ¡vel
2025-12-04 06:44:43.653 13086-13127 CdcForegroundService    com.cdccreditsmart.app               W  ğŸ¢ âŒ CRÃTICO: Clear Data NÃƒO bloqueÃ¡vel
2025-12-04 06:44:43.654 13086-13127 CdcForegroundService    com.cdccreditsmart.app               W  ğŸ¢ âš ï¸ RecomendaÃ§Ã£o: Configurar como Device Owner via QR Code ou ADB
2025-12-04 06:44:43.654 13086-13127 CdcForegroundService    com.cdccreditsmart.app               I  ğŸ¢ ========================================
2025-12-04 06:44:43.654 13086-13127 CdcForegroundService    com.cdccreditsmart.app               I  ğŸ›¡ï¸ ========================================
2025-12-04 06:44:43.654 13086-13127 CdcForegroundService    com.cdccreditsmart.app               I  ğŸ›¡ï¸ INICIANDO SETTINGS GUARD (PROTEÃ‡ÃƒO AGRESSIVA)
2025-12-04 06:44:43.654 13086-13127 CdcForegroundService    com.cdccreditsmart.app               I  ğŸ›¡ï¸ ========================================
2025-12-04 06:44:43.657 13086-13127 SettingsGuardService    com.cdccreditsmart.app               I  ğŸ›¡ï¸ SettingsGuard INICIADO
2025-12-04 06:44:43.657 13086-13127 SettingsGuardService    com.cdccreditsmart.app               I     Modo de proteÃ§Ã£o: BASIC
2025-12-04 06:44:43.657 13086-13127 SettingsGuardService    com.cdccreditsmart.app               I     âš ï¸ Sem privilÃ©gios: ProteÃ§Ã£o AGRESSIVA ativada
2025-12-04 06:44:43.657 13086-13127 SettingsGuardService    com.cdccreditsmart.app               I     ğŸ“¡ Monitorando Settings a cada 600ms
2025-12-04 06:44:43.657 13086-13127 SettingsGuardService    com.cdccreditsmart.app               W  âš ï¸ Sem permissÃ£o PACKAGE_USAGE_STATS
2025-12-04 06:44:43.658 13086-13127 SettingsGuardService    com.cdccreditsmart.app               W     Monitoramento via ActivityManager (menos preciso)
2025-12-04 06:44:43.658 13086-13127 SettingsGuardService    com.cdccreditsmart.app               W  âš ï¸ Sem permissÃ£o SYSTEM_ALERT_WINDOW
2025-12-04 06:44:43.658 13086-13127 SettingsGuardService    com.cdccreditsmart.app               W     Overlays de bloqueio nÃ£o funcionarÃ£o
2025-12-04 06:44:43.669 13086-13127 CdcForegroundService    com.cdccreditsmart.app               I  ğŸ›¡ï¸ Guard ativo: true
2025-12-04 06:44:43.669 13086-13127 CdcForegroundService    com.cdccreditsmart.app               I  ğŸ›¡ï¸ Modo proteÃ§Ã£o: BASIC
2025-12-04 06:44:43.669 13086-13127 CdcForegroundService    com.cdccreditsmart.app               I  ğŸ›¡ï¸ Modo agressivo: false
2025-12-04 06:44:43.669 13086-13127 CdcForegroundService    com.cdccreditsmart.app               I  ğŸ›¡ï¸ UsageStats: âŒ INATIVO
2025-12-04 06:44:43.669 13086-13127 CdcForegroundService    com.cdccreditsmart.app               I  ğŸ›¡ï¸ Overlay: âŒ INATIVO
2025-12-04 06:44:43.669 13086-13127 CdcForegroundService    com.cdccreditsmart.app               W  ğŸ›¡ï¸ âš ï¸ UsageStats necessÃ¡rio para monitorar Settings!
2025-12-04 06:44:43.669 13086-13127 CdcForegroundService    com.cdccreditsmart.app               W  ğŸ›¡ï¸ âš ï¸ Overlay necessÃ¡rio para bloquear acesso!
2025-12-04 06:44:43.669 13086-13127 CdcForegroundService    com.cdccreditsmart.app               I  ğŸ›¡ï¸ ========================================
2025-12-04 06:44:44.812 13086-13129 ContractCodeStorage     com.cdccreditsmart.app               W  No valid contract code found in any location
2025-12-04 06:44:44.821 13086-13129 SecureTokenStorage      com.cdccreditsmart.app               E  âŒ Nenhum identificador MDM disponÃ­vel!
2025-12-04 06:44:44.822 13086-13129 CdcForegroundService    com.cdccreditsmart.app               I  ğŸ” AuthToken presente: false
2025-12-04 06:44:44.822 13086-13129 CdcForegroundService    com.cdccreditsmart.app               I  ğŸ” AuthToken length: 0
2025-12-04 06:44:44.822 13086-13129 CdcForegroundService    com.cdccreditsmart.app               I  ğŸ” ContractCode presente: false
2025-12-04 06:44:44.822 13086-13129 CdcForegroundService    com.cdccreditsmart.app               I  ğŸ” ContractCode value: null****
2025-12-04 06:44:44.822 13086-13129 CdcForegroundService    com.cdccreditsmart.app               I  ğŸ” MDM SerialNumber presente: false
2025-12-04 06:44:44.822 13086-13129 CdcForegroundService    com.cdccreditsmart.app               I  ğŸ” MDM SerialNumber value: ......
