2025-12-16 13:56:48.717  2391-2391  nativeloader            com.cdccreditsmart.app               D  Load libframework-connectivity-tiramisu-jni.so using APEX ns com_android_tethering for caller /apex/com.android.tethering/javalib/framework-connectivity-t.jar: ok
2025-12-16 13:56:49.070  2391-2391  nativeloader            com.cdccreditsmart.app               D  Configuring clns-9 for other apk /data/app/~~FckpViOKAoVSAelVMuMWWA==/com.cdccreditsmart.app-6sU8tFcgfXO-lBONL-xJ3Q==/base.apk. target_sdk_version=35, uses_libraries=, library_path=/data/app/~~FckpViOKAoVSAelVMuMWWA==/com.cdccreditsmart.app-6sU8tFcgfXO-lBONL-xJ3Q==/lib/x86_64:/data/app/~~FckpViOKAoVSAelVMuMWWA==/com.cdccreditsmart.app-6sU8tFcgfXO-lBONL-xJ3Q==/base.apk!/lib/x86_64, permitted_path=/data:/mnt/expand:/data/user/0/com.cdccreditsmart.app
---------------------------- PROCESS STARTED (2391) for package com.cdccreditsmart.app ----------------------------
2025-12-16 13:56:49.071  2391-2391  CompatChangeReporter    com.cdccreditsmart.app               D  Compat change id reported: 202956589; UID 10217; state: ENABLED
2025-12-16 13:56:49.075  2391-2391  creditsmart.app         com.cdccreditsmart.app               I  AssetManager2(0x7f16aa3921d8) locale list changing from [] to [en-US]
2025-12-16 13:56:49.082  2391-2391  GraphicsEnvironment     com.cdccreditsmart.app               V  Currently set values for:
2025-12-16 13:56:49.082  2391-2391  GraphicsEnvironment     com.cdccreditsmart.app               V    angle_gl_driver_selection_pkgs=[]
2025-12-16 13:56:49.082  2391-2391  GraphicsEnvironment     com.cdccreditsmart.app               V    angle_gl_driver_selection_values=[]
2025-12-16 13:56:49.082  2391-2391  GraphicsEnvironment     com.cdccreditsmart.app               V  com.cdccreditsmart.app is not listed in per-application setting
2025-12-16 13:56:49.082  2391-2391  GraphicsEnvironment     com.cdccreditsmart.app               V  ANGLE allowlist from config: com.dreamgames.royalmatch com.dts.freefiremax com.dxx.firenow com.gramgames.mergedragons com.ludo.king com.mojang.minecraftpe com.my.defense com.nintendo.zaka com.os.airforce com.playrix.fishdomdd.gplay io.teslatech.callbreak jp.konami.prospia net.peakgames.toonblast
2025-12-16 13:56:49.082  2391-2391  GraphicsEnvironment     com.cdccreditsmart.app               V  com.cdccreditsmart.app is not listed in ANGLE allowlist or settings, returning default
2025-12-16 13:56:49.082  2391-2391  GraphicsEnvironment     com.cdccreditsmart.app               V  Neither updatable production driver nor prerelease driver is supported.
2025-12-16 13:56:49.406  2391-2391  FirebaseApp             com.cdccreditsmart.app               I  Device unlocked: initializing all Firebase APIs for app [DEFAULT]
2025-12-16 13:56:49.506  2391-2391  FirebaseInitProvider    com.cdccreditsmart.app               I  FirebaseApp initialization successful
2025-12-16 13:56:49.603  2391-2391  CompatChangeReporter    com.cdccreditsmart.app               D  Compat change id reported: 279646685; UID 10217; state: ENABLED
2025-12-16 13:56:49.649  2391-2391  WM-WrkMgrInitializer    com.cdccreditsmart.app               D  Initializing WorkManager with default configuration.
2025-12-16 13:56:49.901  2391-2391  WM-PackageManagerHelper com.cdccreditsmart.app               D  androidx.work.impl.background.systemjob.SystemJobService enabled
2025-12-16 13:56:49.901  2391-2391  WM-Schedulers           com.cdccreditsmart.app               D  Created SystemJobScheduler and enabled SystemJobService
2025-12-16 13:56:49.917  2391-2391  CrashHandler            com.cdccreditsmart.app               I  âœ… Global crash handler instalado
2025-12-16 13:56:49.917  2391-2391  CDCApplication          com.cdccreditsmart.app               I  ğŸš€ CDC Credit Smart Application iniciando...
2025-12-16 13:56:49.954  2391-2426  DynamiteModule          com.cdccreditsmart.app               I  Considering local module com.google.android.gms.measurement.dynamite:127 and remote module com.google.android.gms.measurement.dynamite:140
2025-12-16 13:56:49.959  2391-2426  DynamiteModule          com.cdccreditsmart.app               I  Selected remote version of com.google.android.gms.measurement.dynamite, version >= 140
2025-12-16 13:56:49.959  2391-2426  DynamiteModule          com.cdccreditsmart.app               V  Dynamite loader version >= 2, using loadModule2NoCrashUtils
2025-12-16 13:56:50.082  2391-2391  CDCApplication          com.cdccreditsmart.app               I  ğŸ” PRIORIDADE 0: Concedendo permissÃµes IMEDIATAMENTE...
2025-12-16 13:56:50.082  2391-2391  CDCApplication          com.cdccreditsmart.app               I  ========================================
2025-12-16 13:56:50.082  2391-2391  CDCApplication          com.cdccreditsmart.app               I  ğŸ” Verificando status de Device Owner...
2025-12-16 13:56:50.085  2391-2391  CompatChangeReporter    com.cdccreditsmart.app               D  Compat change id reported: 307233716; UID 10217; state: ENABLED
2025-12-16 13:56:50.086  2391-2391  CDCApplication          com.cdccreditsmart.app               I  Device Owner Status: âŒ NÃƒO
2025-12-16 13:56:50.086  2391-2391  CDCApplication          com.cdccreditsmart.app               I  Package Name: com.cdccreditsmart.app
2025-12-16 13:56:50.086  2391-2391  CDCApplication          com.cdccreditsmart.app               E  
2025-12-16 13:56:50.086  2391-2391  CDCApplication          com.cdccreditsmart.app               E  â•”â•â•â•â•â•â•â•â•â•â•â•â•â•â•â•â•â•â•â•â•â•â•â•â•â•â•â•â•â•â•â•â•â•â•â•â•â•â•â•â•â•â•â•â•â•â•â•â•â•â•â•â•â•â•â•â•â•—
2025-12-16 13:56:50.086  2391-2391  CDCApplication          com.cdccreditsmart.app               E  â•‘  âš ï¸  APP NÃƒO ESTÃ PROVISIONADO COMO DEVICE OWNER  âš ï¸   â•‘
2025-12-16 13:56:50.086  2391-2391  CDCApplication          com.cdccreditsmart.app               E  â• â•â•â•â•â•â•â•â•â•â•â•â•â•â•â•â•â•â•â•â•â•â•â•â•â•â•â•â•â•â•â•â•â•â•â•â•â•â•â•â•â•â•â•â•â•â•â•â•â•â•â•â•â•â•â•â•â•£
2025-12-16 13:56:50.086  2391-2391  CDCApplication          com.cdccreditsmart.app               E  â•‘  O app precisa ser provisionado como Device Owner      â•‘
2025-12-16 13:56:50.086  2391-2391  CDCApplication          com.cdccreditsmart.app               E  â•‘  ANTES de poder conceder permissÃµes automaticamente.   â•‘
2025-12-16 13:56:50.086  2391-2391  CDCApplication          com.cdccreditsmart.app               E  â•‘                                                        â•‘
2025-12-16 13:56:50.086  2391-2391  CDCApplication          com.cdccreditsmart.app               E  â•‘  Provisione o dispositivo usando um dos mÃ©todos:       â•‘
2025-12-16 13:56:50.086  2391-2391  CDCApplication          com.cdccreditsmart.app               E  â•‘  1. ADB: adb shell dpm set-device-owner ...           â•‘
2025-12-16 13:56:50.086  2391-2391  CDCApplication          com.cdccreditsmart.app               E  â•‘  2. QR Code durante setup inicial                      â•‘
2025-12-16 13:56:50.086  2391-2391  CDCApplication          com.cdccreditsmart.app               E  â•‘  3. NFC durante setup inicial                          â•‘
2025-12-16 13:56:50.086  2391-2391  CDCApplication          com.cdccreditsmart.app               E  â•‘  4. Samsung Knox Mobile Enrollment                     â•‘
2025-12-16 13:56:50.087  2391-2391  CDCApplication          com.cdccreditsmart.app               E  â•šâ•â•â•â•â•â•â•â•â•â•â•â•â•â•â•â•â•â•â•â•â•â•â•â•â•â•â•â•â•â•â•â•â•â•â•â•â•â•â•â•â•â•â•â•â•â•â•â•â•â•â•â•â•â•â•â•â•
2025-12-16 13:56:50.087  2391-2391  CDCApplication          com.cdccreditsmart.app               E  
2025-12-16 13:56:50.087  2391-2391  CDCApplication          com.cdccreditsmart.app               I  ========================================
2025-12-16 13:56:50.087  2391-2391  CDCApplication          com.cdccreditsmart.app               I  ğŸš€ PRIORIDADE 1: Iniciando serviÃ§os crÃ­ticos IMEDIATAMENTE...
2025-12-16 13:56:50.087  2391-2391  CDCApplication          com.cdccreditsmart.app               D  â¸ï¸ App nÃ£o Ã© Device Owner - SettingsGuard serÃ¡ iniciado normalmente
2025-12-16 13:56:50.087  2391-2391  CDCApplication          com.cdccreditsmart.app               I  ğŸ”’ Iniciando sistema Keep Alive...
2025-12-16 13:56:50.091  2391-2391  KeepAliveManager        com.cdccreditsmart.app               I  ğŸ”’ ========================================
2025-12-16 13:56:50.091  2391-2391  KeepAliveManager        com.cdccreditsmart.app               I  ğŸ”’ INICIANDO SISTEMA KEEP ALIVE
2025-12-16 13:56:50.091  2391-2391  KeepAliveManager        com.cdccreditsmart.app               I  ğŸ”’ ========================================
2025-12-16 13:56:50.149  2391-2456  CompatChangeReporter    com.cdccreditsmart.app               D  Compat change id reported: 312399441; UID 10217; state: ENABLED
2025-12-16 13:56:50.152  2391-2391  KeepAliveManager        com.cdccreditsmart.app               I  âœ… ServiceWatchdogWorker agendado (15min)
2025-12-16 13:56:50.213  2391-2391  KeepAliveManager        com.cdccreditsmart.app               I  âœ… AlarmManager wakeup agendado (10min)
2025-12-16 13:56:50.243  2391-2391  KeepAliveManager        com.cdccreditsmart.app               I  ğŸ”‹ App NÃƒO Ã© Device Owner - permissÃ£o serÃ¡ solicitada na tela de permissÃµes
2025-12-16 13:56:50.243  2391-2391  KeepAliveManager        com.cdccreditsmart.app               I  ğŸ”’ Sistema Keep Alive ativo
2025-12-16 13:56:50.243  2391-2391  KeepAliveManager        com.cdccreditsmart.app               I  ğŸ”’ - WorkManager: verificaÃ§Ã£o a cada 15min
2025-12-16 13:56:50.243  2391-2391  KeepAliveManager        com.cdccreditsmart.app               I  ğŸ”’ - AlarmManager: wakeup a cada 10min
2025-12-16 13:56:50.243  2391-2391  KeepAliveManager        com.cdccreditsmart.app               I  ğŸ”’ ========================================
2025-12-16 13:56:50.248  2391-2391  CDCApplication          com.cdccreditsmart.app               I  ğŸ“Š Keep Alive Stats:
2025-12-16 13:56:50.248  2391-2391  CDCApplication          com.cdccreditsmart.app               I     - Restarts anteriores: 0
2025-12-16 13:56:50.248  2391-2391  CDCApplication          com.cdccreditsmart.app               I     - OtimizaÃ§Ã£o bateria: SIM (ruim)
2025-12-16 13:56:50.259  2391-2456  ashmem                  com.cdccreditsmart.app               E  Pinning is deprecated since Android Q. Please use trim or other methods.
2025-12-16 13:56:50.461  2391-2426  creditsmart.app         com.cdccreditsmart.app               I  AssetManager2(0x7f16aa39d3f8) locale list changing from [] to [en-US]
2025-12-16 13:56:50.490  2391-2426  creditsmart.app         com.cdccreditsmart.app               I  AssetManager2(0x7f16aa39d718) locale list changing from [] to [en-US]
2025-12-16 13:56:50.493  2391-2426  creditsmart.app         com.cdccreditsmart.app               I  AssetManager2(0x7f16aa397958) locale list changing from [] to [en-US]
2025-12-16 13:56:51.150  2391-2391  SecureTokenStorage      com.cdccreditsmart.app               D  EncryptedSharedPreferences initialized successfully
2025-12-16 13:56:51.168  2391-2391  ContractCodeStorage     com.cdccreditsmart.app               D  Retrieving contract code from storage
2025-12-16 13:56:51.317  2391-2520  CompatChangeReporter    com.cdccreditsmart.app               D  Compat change id reported: 311402873; UID 10217; state: ENABLED
2025-12-16 13:56:51.320  2391-2520  CompatChangeReporter    com.cdccreditsmart.app               D  Compat change id reported: 323349338; UID 10217; state: ENABLED
2025-12-16 13:56:51.428  2391-2391  ContractCodeStorage     com.cdccreditsmart.app               D  Storage verification: 0 valid, 0 tampered, 7 missing
2025-12-16 13:56:51.428  2391-2391  ContractCodeStorage     com.cdccreditsmart.app               W  No valid contract code found in any location
2025-12-16 13:56:51.429  2391-2391  CDCApplication          com.cdccreditsmart.app               I  â¸ï¸ Sem tokens - aguardando pairing para iniciar serviÃ§o MDM
2025-12-16 13:56:51.446  2391-2391  CDCApplication          com.cdccreditsmart.app               I  âœ… ServiÃ§os crÃ­ticos iniciados em menos de 1 segundo!
2025-12-16 13:56:51.447  2391-2546  CDCApplication          com.cdccreditsmart.app               I  ğŸ§¹ ========================================
2025-12-16 13:56:51.447  2391-2546  CDCApplication          com.cdccreditsmart.app               I  ğŸ§¹ LIMPANDO ESTADO DE BLOQUEIO OBSOLETO
2025-12-16 13:56:51.447  2391-2546  CDCApplication          com.cdccreditsmart.app               I  ğŸ§¹ ========================================
2025-12-16 13:56:51.447  2391-2546  CDCApplication          com.cdccreditsmart.app               I  ğŸ§¹ Dispositivo nÃ£o estÃ¡ pareado - bloqueio anterior serÃ¡ removido
2025-12-16 13:56:51.456  2391-2546  CDCApplication          com.cdccreditsmart.app               I  ğŸ§¹ Estado anterior encontrado:
2025-12-16 13:56:51.459  2391-2546  CDCApplication          com.cdccreditsmart.app               I     NÃ­vel: 0
2025-12-16 13:56:51.459  2391-2546  CDCApplication          com.cdccreditsmart.app               I     Bloqueio manual: false
2025-12-16 13:56:51.459  2391-2546  CDCApplication          com.cdccreditsmart.app               I  ğŸ§¹ Nenhum bloqueio ativo - nada a limpar
2025-12-16 13:56:51.459  2391-2546  CDCApplication          com.cdccreditsmart.app               I  ğŸ§¹ ========================================
2025-12-16 13:56:51.459  2391-2547  CDCApplication          com.cdccreditsmart.app               I  ğŸ”„ PRIORIDADE 2: Iniciando operaÃ§Ãµes pesadas em BACKGROUND...
2025-12-16 13:56:51.475  2391-2391  Choreographer           com.cdccreditsmart.app               I  Skipped 109 frames!  The application may be doing too much work on its main thread.
2025-12-16 13:56:51.488  2391-2391  creditsmart.app         com.cdccreditsmart.app               I  AssetManager2(0x7f16aa396cd8) locale list changing from [] to [en-US]
2025-12-16 13:56:51.489  2391-2550  DisplayManager          com.cdccreditsmart.app               I  Choreographer implicitly registered for the refresh rate.
2025-12-16 13:56:51.520  2391-2547  AppProtectionManager    com.cdccreditsmart.app               I  
2025-12-16 13:56:51.521  2391-2547  AppProtectionManager    com.cdccreditsmart.app               I  â•”â•â•â•â•â•â•â•â•â•â•â•â•â•â•â•â•â•â•â•â•â•â•â•â•â•â•â•â•â•â•â•â•â•â•â•â•â•â•â•â•â•â•â•â•â•â•â•â•â•â•â•â•â•â•â•â•â•â•â•â•â•â•â•â•â•—
2025-12-16 13:56:51.521  2391-2547  AppProtectionManager    com.cdccreditsmart.app               I  â•‘     ğŸ›¡ï¸ APLICANDO MELHOR PROTEÃ‡ÃƒO DISPONÃVEL                    â•‘
2025-12-16 13:56:51.521  2391-2547  AppProtectionManager    com.cdccreditsmart.app               I  â•‘           CDC CREDIT SMART - PROTEÃ‡ÃƒO EM CAMADAS              â•‘
2025-12-16 13:56:51.521  2391-2547  AppProtectionManager    com.cdccreditsmart.app               I  â•šâ•â•â•â•â•â•â•â•â•â•â•â•â•â•â•â•â•â•â•â•â•â•â•â•â•â•â•â•â•â•â•â•â•â•â•â•â•â•â•â•â•â•â•â•â•â•â•â•â•â•â•â•â•â•â•â•â•â•â•â•â•â•â•â•â•
2025-12-16 13:56:51.522  2391-2547  AppProtectionManager    com.cdccreditsmart.app               I  
2025-12-16 13:56:51.537  2391-2547  AppProtectionManager    com.cdccreditsmart.app               I  ğŸ“‹ STATUS ATUAL:
2025-12-16 13:56:51.537  2391-2547  AppProtectionManager    com.cdccreditsmart.app               I     Device Owner: NÃƒO
2025-12-16 13:56:51.538  2391-2547  AppProtectionManager    com.cdccreditsmart.app               I     Device Admin: NÃƒO
2025-12-16 13:56:51.538  2391-2547  AppProtectionManager    com.cdccreditsmart.app               I  
2025-12-16 13:56:51.538  2391-2547  AppProtectionManager    com.cdccreditsmart.app               W  âš ï¸ NÃVEL: SEM PRIVILÃ‰GIOS
2025-12-16 13:56:51.538  2391-2547  AppProtectionManager    com.cdccreditsmart.app               W     App precisa ser ativado como Device Admin ou Device Owner
2025-12-16 13:56:51.538  2391-2547  AppProtectionManager    com.cdccreditsmart.app               W     para aplicar proteÃ§Ãµes contra desinstalaÃ§Ã£o.
2025-12-16 13:56:51.538  2391-2547  AppProtectionManager    com.cdccreditsmart.app               W  
2025-12-16 13:56:51.538  2391-2547  AppProtectionManager    com.cdccreditsmart.app               I     Iniciando serviÃ§os de persistÃªncia...
2025-12-16 13:56:51.561  2391-2550  EGL_emulation           com.cdccreditsmart.app               I  Opening libGLESv1_CM_emulation.so
2025-12-16 13:56:51.562  2391-2550  EGL_emulation           com.cdccreditsmart.app               I  Opening libGLESv2_emulation.so
2025-12-16 13:56:51.575  2391-2550  HWUI                    com.cdccreditsmart.app               W  Failed to choose config with EGL_SWAP_BEHAVIOR_PRESERVED, retrying without...
2025-12-16 13:56:51.575  2391-2550  HWUI                    com.cdccreditsmart.app               W  Failed to initialize 101010-2 format, error = EGL_SUCCESS
2025-12-16 13:56:51.633  2391-2547  AppProtectionManager    com.cdccreditsmart.app               I     âœ… Foreground Service iniciado
2025-12-16 13:56:51.640  2391-2547  AppProtectionManager    com.cdccreditsmart.app               I     âœ… ServiceWatchdog agendado (15 min)
2025-12-16 13:56:51.654  2391-2547  CDCApplication          com.cdccreditsmart.app               I  
2025-12-16 13:56:51.677  2391-2547  CDCApplication          com.cdccreditsmart.app               I  â•”â•â•â•â•â•â•â•â•â•â•â•â•â•â•â•â•â•â•â•â•â•â•â•â•â•â•â•â•â•â•â•â•â•â•â•â•â•â•â•â•â•â•â•â•â•â•â•â•â•â•â•â•â•â•â•â•â•â•â•â•â•—
2025-12-16 13:56:51.678  2391-2547  CDCApplication          com.cdccreditsmart.app               I  â•‘     RESULTADO DA APLICAÃ‡ÃƒO DE PROTEÃ‡Ã•ES                    â•‘
2025-12-16 13:56:51.678  2391-2547  CDCApplication          com.cdccreditsmart.app               I  â•šâ•â•â•â•â•â•â•â•â•â•â•â•â•â•â•â•â•â•â•â•â•â•â•â•â•â•â•â•â•â•â•â•â•â•â•â•â•â•â•â•â•â•â•â•â•â•â•â•â•â•â•â•â•â•â•â•â•â•â•â•â•
2025-12-16 13:56:51.686  2391-2547  CDCApplication          com.cdccreditsmart.app               I     NÃ­vel: NONE
2025-12-16 13:56:51.686  2391-2547  CDCApplication          com.cdccreditsmart.app               I     ProteÃ§Ãµes aplicadas: 0
2025-12-16 13:56:51.699  2391-2547  CDCApplication          com.cdccreditsmart.app               E     Status: SEM PROTEÃ‡ÃƒO
2025-12-16 13:56:51.701  2391-2547  CDCApplication          com.cdccreditsmart.app               E     App precisa ser provisionado como Device Owner
2025-12-16 13:56:51.705  2391-2547  CDCApplication          com.cdccreditsmart.app               E  
2025-12-16 13:56:51.714  2391-2547  CDCApplication          com.cdccreditsmart.app               E     Provisione o dispositivo usando:
2025-12-16 13:56:51.720  2391-2547  CDCApplication          com.cdccreditsmart.app               E     1. QR Code durante setup inicial
2025-12-16 13:56:51.720  2391-2547  CDCApplication          com.cdccreditsmart.app               E     2. ADB: adb shell dpm set-device-owner ...
2025-12-16 13:56:51.720  2391-2547  CDCApplication          com.cdccreditsmart.app               E     3. Samsung Knox Mobile Enrollment
2025-12-16 13:56:51.720  2391-2547  CDCApplication          com.cdccreditsmart.app               I  â•šâ•â•â•â•â•â•â•â•â•â•â•â•â•â•â•â•â•â•â•â•â•â•â•â•â•â•â•â•â•â•â•â•â•â•â•â•â•â•â•â•â•â•â•â•â•â•â•â•â•â•â•â•â•â•â•â•â•â•â•â•â•
2025-12-16 13:56:51.720  2391-2547  CDCApplication          com.cdccreditsmart.app               I  
2025-12-16 13:56:51.721  2391-2456  JobInfo                 com.cdccreditsmart.app               W  Requested important-while-foreground flag for job1 is ignored and takes no effect
2025-12-16 13:56:51.722  2391-2391  CompatChangeReporter    com.cdccreditsmart.app               D  Compat change id reported: 309578419; UID 10217; state: ENABLED
2025-12-16 13:56:51.725  2391-2391  DesktopModeFlags        com.cdccreditsmart.app               D  Toggle override initialized to: OVERRIDE_UNSET
2025-12-16 13:56:51.733  2391-2524  creditsmart.app         com.cdccreditsmart.app               W  Verification of void m.pc.<clinit>() took 495.084ms (3330.74 bytecodes/s) (0B arena alloc)
2025-12-16 13:56:51.763  2391-2546  CDCApplication          com.cdccreditsmart.app               D  ğŸ‘¤ App nÃ£o Ã© Device Owner - pulando criaÃ§Ã£o de usuÃ¡rio secundÃ¡rio
2025-12-16 13:56:51.787  2391-2391  MainActivity            com.cdccreditsmart.app               D  ğŸ“ BroadcastReceiver de localizaÃ§Ã£o registrado
2025-12-16 13:56:51.788  2391-2547  TamperDetection         com.cdccreditsmart.app               I  ========================================
2025-12-16 13:56:51.792  2391-2547  TamperDetection         com.cdccreditsmart.app               I  ğŸ” VERIFICANDO INTEGRIDADE DO DISPOSITIVO
2025-12-16 13:56:51.793  2391-2547  TamperDetection         com.cdccreditsmart.app               I  ========================================
2025-12-16 13:56:51.809  2391-2391  MainActivity            com.cdccreditsmart.app               I  ========================================
2025-12-16 13:56:51.809  2391-2391  MainActivity            com.cdccreditsmart.app               I  ğŸ“± SOLICITANDO PERMISSÃ•ES (NÃƒO DEVICE OWNER)
2025-12-16 13:56:51.809  2391-2391  MainActivity            com.cdccreditsmart.app               I  ========================================
2025-12-16 13:56:51.840  2391-2548  PersistentStateManager  com.cdccreditsmart.app               D  Nenhum estado local encontrado
2025-12-16 13:56:51.844  2391-2391  MainActivity            com.cdccreditsmart.app               I  ğŸ“‹ Runtime permissions a solicitar: 9
2025-12-16 13:56:51.844  2391-2391  MainActivity            com.cdccreditsmart.app               D    â€¢ android.permission.READ_PHONE_STATE
2025-12-16 13:56:51.844  2391-2391  MainActivity            com.cdccreditsmart.app               D    â€¢ android.permission.READ_CALL_LOG
2025-12-16 13:56:51.844  2391-2391  MainActivity            com.cdccreditsmart.app               D    â€¢ android.permission.CALL_PHONE
2025-12-16 13:56:51.844  2391-2391  MainActivity            com.cdccreditsmart.app               D    â€¢ android.permission.READ_CONTACTS
2025-12-16 13:56:51.844  2391-2391  MainActivity            com.cdccreditsmart.app               D    â€¢ android.permission.ACCESS_FINE_LOCATION
2025-12-16 13:56:51.844  2391-2391  MainActivity            com.cdccreditsmart.app               D    â€¢ android.permission.ACCESS_COARSE_LOCATION
2025-12-16 13:56:51.844  2391-2391  MainActivity            com.cdccreditsmart.app               D    â€¢ android.permission.ANSWER_PHONE_CALLS
2025-12-16 13:56:51.844  2391-2391  MainActivity            com.cdccreditsmart.app               D    â€¢ android.permission.READ_PHONE_NUMBERS
2025-12-16 13:56:51.844  2391-2391  MainActivity            com.cdccreditsmart.app               D    â€¢ android.permission.POST_NOTIFICATIONS
2025-12-16 13:56:51.844  2391-2391  SettingsGuardService    com.cdccreditsmart.app               I  â¸ï¸ Guard PAUSADO para fluxo de permissÃµes (timeout: 30s)
2025-12-16 13:56:51.845  2391-2548  PersistentStateManager  com.cdccreditsmart.app               D  ğŸ†• Sem estado local - device novo ou pÃ³s factory reset
2025-12-16 13:56:51.849  2391-2548  MainActivity            com.cdccreditsmart.app               I  ğŸ†• Device nunca foi provisionado
2025-12-16 13:56:51.891  2391-2391  SpecialPermissionReq    com.cdccreditsmart.app               I  ========================================
2025-12-16 13:56:51.891  2391-2391  SpecialPermissionReq    com.cdccreditsmart.app               I  ğŸ“Š STATUS DAS PERMISSÃ•ES ESPECIAIS
2025-12-16 13:56:51.891  2391-2391  SpecialPermissionReq    com.cdccreditsmart.app               I  ========================================
2025-12-16 13:56:51.893  2391-2391  SpecialPermissionReq    com.cdccreditsmart.app               I    USAGE_STATS: âŒ NÃƒO CONCEDIDA
2025-12-16 13:56:51.896  2391-2391  SpecialPermissionReq    com.cdccreditsmart.app               I    OVERLAY: âŒ NÃƒO CONCEDIDA
2025-12-16 13:56:51.899  2391-2391  SpecialPermissionReq    com.cdccreditsmart.app               I    BATTERY_OPT: âŒ NÃƒO ISENTO
2025-12-16 13:56:51.899  2391-2391  SpecialPermissionReq    com.cdccreditsmart.app               W  
2025-12-16 13:56:51.899  2391-2391  SpecialPermissionReq    com.cdccreditsmart.app               W  âš ï¸ PROTEÃ‡ÃƒO ANTI-DESINSTALAÃ‡ÃƒO COMPROMETIDA!
2025-12-16 13:56:51.899  2391-2391  SpecialPermissionReq    com.cdccreditsmart.app               W     Sem essas permissÃµes, a proteÃ§Ã£o via overlay nÃ£o funciona.
2025-12-16 13:56:51.899  2391-2391  SpecialPermissionReq    com.cdccreditsmart.app               W     O usuÃ¡rio conseguirÃ¡ acessar App Info e desinstalar.
2025-12-16 13:56:51.899  2391-2391  SpecialPermissionReq    com.cdccreditsmart.app               I  ========================================
2025-12-16 13:56:51.906  2391-2391  MainActivity            com.cdccreditsmart.app               W  ========================================
2025-12-16 13:56:51.906  2391-2391  MainActivity            com.cdccreditsmart.app               W  âš ï¸ PERMISSÃ•ES ESPECIAIS NECESSÃRIAS
2025-12-16 13:56:51.906  2391-2391  MainActivity            com.cdccreditsmart.app               W  ========================================
2025-12-16 13:56:51.906  2391-2391  MainActivity            com.cdccreditsmart.app               W  Para proteÃ§Ã£o anti-desinstalaÃ§Ã£o funcionar:
2025-12-16 13:56:51.906  2391-2391  MainActivity            com.cdccreditsmart.app               W    âŒ Acesso ao Uso de Apps
2025-12-16 13:56:51.906  2391-2391  MainActivity            com.cdccreditsmart.app               W       Permite detectar quando vocÃª abre as ConfiguraÃ§Ãµes para aplicar proteÃ§Ã£o
2025-12-16 13:56:51.906  2391-2391  MainActivity            com.cdccreditsmart.app               W    âŒ Exibir sobre outros apps
2025-12-16 13:56:51.906  2391-2391  MainActivity            com.cdccreditsmart.app               W       Permite mostrar avisos de proteÃ§Ã£o sobre outros aplicativos
2025-12-16 13:56:51.906  2391-2391  MainActivity            com.cdccreditsmart.app               W    âŒ ExecuÃ§Ã£o em Segundo Plano
2025-12-16 13:56:51.906  2391-2391  MainActivity            com.cdccreditsmart.app               W       Permite que o app funcione continuamente para manter a proteÃ§Ã£o ativa. Esta Ã© a Ãºnica permissÃ£o que o Android nÃ£o permite conceder automaticamente.
2025-12-16 13:56:51.906  2391-2391  MainActivity            com.cdccreditsmart.app               W  ========================================
2025-12-16 13:56:51.907  2391-2391  MainActivity            com.cdccreditsmart.app               W  O app solicitarÃ¡ essas permissÃµes na prÃ³xima interaÃ§Ã£o
2025-12-16 13:56:51.907  2391-2391  MainActivity            com.cdccreditsmart.app               W  ========================================
2025-12-16 13:56:52.005  2391-2391  CompatChangeReporter    com.cdccreditsmart.app               D  Compat change id reported: 352594277; UID 10217; state: ENABLED
2025-12-16 13:56:52.013  2391-2524  creditsmart.app         com.cdccreditsmart.app               W  Verification of java.lang.Object m.my.a() took 117.774ms (144.34 bytecodes/s) (0B arena alloc)
2025-12-16 13:56:52.016  2391-2391  CompatChangeReporter    com.cdccreditsmart.app               D  Compat change id reported: 349153669; UID 10217; state: ENABLED
2025-12-16 13:56:52.022  2391-2391  HWUI                    com.cdccreditsmart.app               W  Unknown dataspace 0
2025-12-16 13:56:52.032  2391-2391  InsetsController        com.cdccreditsmart.app               D  Setting requestedVisibleTypes to -14 (was -9)
2025-12-16 13:56:52.049  2391-2547  SecureTokenStorage      com.cdccreditsmart.app               D  EncryptedSharedPreferences initialized successfully
2025-12-16 13:56:52.051  2391-2391  CdcForegroundService    com.cdccreditsmart.app               D  ğŸ“± ServiÃ§o onCreate()
2025-12-16 13:56:52.053  2391-2547  TamperDetection         com.cdccreditsmart.app               I  âœ… Primeira instalaÃ§Ã£o detectada
2025-12-16 13:56:52.053  2391-2547  TamperDetection         com.cdccreditsmart.app               I     Token e deviceId nÃ£o existem - app nunca foi pareado
2025-12-16 13:56:52.054  2391-2547  TamperDetection         com.cdccreditsmart.app               I  ========================================
2025-12-16 13:56:52.072  2391-2391  CdcForegroundService    com.cdccreditsmart.app               D  âœ… Canal de notificaÃ§Ã£o criado
2025-12-16 13:56:52.079  2391-2391  CdcForegroundService    com.cdccreditsmart.app               I  âœ… ScreenStateReceiver registrado (inclui ACTION_USER_PRESENT para detectar screen unlock)
2025-12-16 13:56:52.080  2391-2391  CdcForegroundService    com.cdccreditsmart.app               D  ğŸš€ ServiÃ§o onStartCommand() - Action: null
2025-12-16 13:56:52.190  2391-2391  CdcForegroundService    com.cdccreditsmart.app               I  âœ… Foreground Service ativo (Android 12+)
2025-12-16 13:56:52.200  2391-2548  CdcForegroundService    com.cdccreditsmart.app               I  ğŸ”§ ========================================
2025-12-16 13:56:52.200  2391-2548  CdcForegroundService    com.cdccreditsmart.app               I  ğŸ”§ INICIANDO initializeServices()...
2025-12-16 13:56:52.200  2391-2548  CdcForegroundService    com.cdccreditsmart.app               I  ğŸ”§ ========================================
2025-12-16 13:56:52.200  2391-2548  CdcForegroundService    com.cdccreditsmart.app               I  ğŸ”§ Inicializando serviÃ§os base (SettingsGuard, WorkPolicies)...
2025-12-16 13:56:52.201  2391-2548  CdcForegroundService    com.cdccreditsmart.app               I  ğŸ¢ ========================================
2025-12-16 13:56:52.201  2391-2548  CdcForegroundService    com.cdccreditsmart.app               I  ğŸ¢ APLICANDO POLÃTICAS DE AMBIENTE DE TRABALHO
2025-12-16 13:56:52.201  2391-2548  CdcForegroundService    com.cdccreditsmart.app               I  ğŸ¢ ========================================
2025-12-16 13:56:52.219  2391-2547  TamperDetection         com.cdccreditsmart.app               I  âœ… Device fingerprint criado: CDC_-195****
2025-12-16 13:56:52.220  2391-2547  TamperDetection         com.cdccreditsmart.app               I  
2025-12-16 13:56:52.220  2391-2547  TamperDetection         com.cdccreditsmart.app               I  â•”â•â•â•â•â•â•â•â•â•â•â•â•â•â•â•â•â•â•â•â•â•â•â•â•â•â•â•â•â•â•â•â•â•â•â•â•â•â•â•â•â•â•â•â•â•â•â•â•â•â•â•â•â•â•â•â•â•—
2025-12-16 13:56:52.221  2391-2547  TamperDetection         com.cdccreditsmart.app               I  â•‘    ğŸ“¡ BOOT REPORT ADIADO - AGUARDANDO PAREAMENTO      â•‘
2025-12-16 13:56:52.221  2391-2547  TamperDetection         com.cdccreditsmart.app               I  â• â•â•â•â•â•â•â•â•â•â•â•â•â•â•â•â•â•â•â•â•â•â•â•â•â•â•â•â•â•â•â•â•â•â•â•â•â•â•â•â•â•â•â•â•â•â•â•â•â•â•â•â•â•â•â•â•â•£
2025-12-16 13:56:52.221  2391-2547  TamperDetection         com.cdccreditsmart.app               I  â•‘  â³ Device ainda nÃ£o pareado com contrato              â•‘
2025-12-16 13:56:52.221  2391-2547  TamperDetection         com.cdccreditsmart.app               I  â•‘  â³ Boot serÃ¡ reportado apÃ³s autenticaÃ§Ã£o              â•‘
2025-12-16 13:56:52.221  2391-2547  TamperDetection         com.cdccreditsmart.app               I  â•‘  â„¹ï¸  Isso Ã© comportamento NORMAL antes do pareamento   â•‘
2025-12-16 13:56:52.221  2391-2547  TamperDetection         com.cdccreditsmart.app               I  â•šâ•â•â•â•â•â•â•â•â•â•â•â•â•â•â•â•â•â•â•â•â•â•â•â•â•â•â•â•â•â•â•â•â•â•â•â•â•â•â•â•â•â•â•â•â•â•â•â•â•â•â•â•â•â•â•â•â•
2025-12-16 13:56:52.221  2391-2547  TamperDetection         com.cdccreditsmart.app               I  
2025-12-16 13:56:52.229  2391-2546  CDCApplication          com.cdccreditsmart.app               I  ğŸ”’ Verificando status do SIM no boot da aplicaÃ§Ã£o...
2025-12-16 13:56:52.236  2391-2548  WorkPolicyManager       com.cdccreditsmart.app               I  
2025-12-16 13:56:52.239  2391-2548  WorkPolicyManager       com.cdccreditsmart.app               I  â•”â•â•â•â•â•â•â•â•â•â•â•â•â•â•â•â•â•â•â•â•â•â•â•â•â•â•â•â•â•â•â•â•â•â•â•â•â•â•â•â•â•â•â•â•â•â•â•â•â•â•â•â•â•â•â•â•â•â•â•â•â•â•â•â•â•—
2025-12-16 13:56:52.239  2391-2548  WorkPolicyManager       com.cdccreditsmart.app               I  â•‘  ğŸ¢ APLICANDO POLÃTICAS DE AMBIENTE DE TRABALHO                â•‘
2025-12-16 13:56:52.239  2391-2548  WorkPolicyManager       com.cdccreditsmart.app               I  â•‘     CDC CREDIT SMART - PROTEÃ‡ÃƒO EMPRESARIAL                    â•‘
2025-12-16 13:56:52.240  2391-2548  WorkPolicyManager       com.cdccreditsmart.app               I  â•šâ•â•â•â•â•â•â•â•â•â•â•â•â•â•â•â•â•â•â•â•â•â•â•â•â•â•â•â•â•â•â•â•â•â•â•â•â•â•â•â•â•â•â•â•â•â•â•â•â•â•â•â•â•â•â•â•â•â•â•â•â•â•â•â•â•
2025-12-16 13:56:52.240  2391-2548  WorkPolicyManager       com.cdccreditsmart.app               I  
2025-12-16 13:56:52.248  2391-2547  CDCApplication          com.cdccreditsmart.app               I  âœ… OperaÃ§Ãµes pesadas concluÃ­das em background!
2025-12-16 13:56:52.263  2391-2546  SimSwapManager          com.cdccreditsmart.app               I  ========================================
2025-12-16 13:56:52.264  2391-2546  SimSwapManager          com.cdccreditsmart.app               I  ğŸ”’ SIM SWAP: Iniciando verificaÃ§Ã£o de status do SIM
2025-12-16 13:56:52.264  2391-2546  SimSwapManager          com.cdccreditsmart.app               I  ========================================
2025-12-16 13:56:52.271  2391-2546  SimSwapDetector         com.cdccreditsmart.app               E  ğŸ”’ SIM SWAP: PermissÃ£o READ_PHONE_STATE NÃƒO CONCEDIDA!
2025-12-16 13:56:52.272  2391-2546  SimSwapManager          com.cdccreditsmart.app               E  ğŸ”’ SIM SWAP: Sem permissÃ£o READ_PHONE_STATE - verificaÃ§Ã£o cancelada
2025-12-16 13:56:52.272  2391-2546  SimSwapManager          com.cdccreditsmart.app               I  ========================================
2025-12-16 13:56:52.274  2391-2546  CDCApplication          com.cdccreditsmart.app               W  âš ï¸ VerificaÃ§Ã£o de SIM swap falhou ou encontrou problemas
2025-12-16 13:56:52.279  2391-2548  WorkPolicyManager       com.cdccreditsmart.app               I  ğŸ“‹ STATUS DO DISPOSITIVO:
2025-12-16 13:56:52.284  2391-2548  WorkPolicyManager       com.cdccreditsmart.app               I     Device Owner: âŒ NÃƒO
2025-12-16 13:56:52.299  2391-2548  WorkPolicyManager       com.cdccreditsmart.app               I     Device Admin: âŒ NÃƒO
2025-12-16 13:56:52.300  2391-2548  WorkPolicyManager       com.cdccreditsmart.app               I  
2025-12-16 13:56:52.305  2391-2548  WorkPolicyManager       com.cdccreditsmart.app               I  â•â•â•â•â•â•â•â•â•â•â•â•â•â•â•â•â•â•â•â•â•â•â•â•â•â•â•â•â•â•â•â•â•â•â•â•â•â•â•â•â•â•â•â•â•â•â•â•â•â•â•â•â•â•â•â•â•â•â•â•â•â•â•
2025-12-16 13:56:52.312  2391-2548  WorkPolicyManager       com.cdccreditsmart.app               I  âš ï¸ MODO BÃSICO - PROTEÃ‡ÃƒO MÃNIMA
2025-12-16 13:56:52.313  2391-2548  WorkPolicyManager       com.cdccreditsmart.app               I  â•â•â•â•â•â•â•â•â•â•â•â•â•â•â•â•â•â•â•â•â•â•â•â•â•â•â•â•â•â•â•â•â•â•â•â•â•â•â•â•â•â•â•â•â•â•â•â•â•â•â•â•â•â•â•â•â•â•â•â•â•â•â•
2025-12-16 13:56:52.313  2391-2548  WorkPolicyManager       com.cdccreditsmart.app               I  
2025-12-16 13:56:52.313  2391-2548  WorkPolicyManager       com.cdccreditsmart.app               E  âŒ ATENÃ‡ÃƒO: App NÃƒO Ã© Device Owner nem Device Admin!
2025-12-16 13:56:52.313  2391-2548  WorkPolicyManager       com.cdccreditsmart.app               E     â€¢ ProteÃ§Ãµes MDM nÃ£o disponÃ­veis
2025-12-16 13:56:52.313  2391-2548  WorkPolicyManager       com.cdccreditsmart.app               E     â€¢ UsuÃ¡rio pode desinstalar o app livremente
2025-12-16 13:56:52.313  2391-2548  WorkPolicyManager       com.cdccreditsmart.app               E     â€¢ Factory Reset nÃ£o Ã© bloqueÃ¡vel
2025-12-16 13:56:52.313  2391-2548  WorkPolicyManager       com.cdccreditsmart.app               E     â€¢ Aplicando proteÃ§Ãµes alternativas mÃ­nimas...
2025-12-16 13:56:52.313  2391-2548  WorkPolicyManager       com.cdccreditsmart.app               I  
2025-12-16 13:56:52.313  2391-2548  WorkPolicyManager       com.cdccreditsmart.app               I  ğŸ”„ [1/3] PERSISTÃŠNCIA DO APP
2025-12-16 13:56:52.313  2391-2548  WorkPolicyManager       com.cdccreditsmart.app               I  â”€â”€â”€â”€â”€â”€â”€â”€â”€â”€â”€â”€â”€â”€â”€â”€â”€â”€â”€â”€â”€â”€â”€â”€â”€â”€â”€â”€â”€â”€â”€â”€â”€â”€â”€â”€â”€â”€â”€â”€â”€â”€â”€â”€â”€â”€â”€â”€â”€â”€â”€â”€â”€â”€â”€â”€â”€â”€â”€â”€â”€â”€â”€
2025-12-16 13:56:52.334  2391-2548  WorkPolicyManager       com.cdccreditsmart.app               I     â„¹ï¸ Solicitando isenÃ§Ã£o de otimizaÃ§Ã£o de bateria...
2025-12-16 13:56:52.339  2391-2548  WorkPolicyManager       com.cdccreditsmart.app               I     â„¹ï¸ UsuÃ¡rio precisa conceder manualmente em Settings
2025-12-16 13:56:52.339  2391-2548  WorkPolicyManager       com.cdccreditsmart.app               I     âœ… Foreground Service configurado via CdcForegroundService
2025-12-16 13:56:52.339  2391-2548  WorkPolicyManager       com.cdccreditsmart.app               I  
2025-12-16 13:56:52.339  2391-2548  WorkPolicyManager       com.cdccreditsmart.app               I  ğŸ“Š [2/3] MONITORAMENTO BÃSICO
2025-12-16 13:56:52.339  2391-2548  WorkPolicyManager       com.cdccreditsmart.app               I  â”€â”€â”€â”€â”€â”€â”€â”€â”€â”€â”€â”€â”€â”€â”€â”€â”€â”€â”€â”€â”€â”€â”€â”€â”€â”€â”€â”€â”€â”€â”€â”€â”€â”€â”€â”€â”€â”€â”€â”€â”€â”€â”€â”€â”€â”€â”€â”€â”€â”€â”€â”€â”€â”€â”€â”€â”€â”€â”€â”€â”€â”€â”€
2025-12-16 13:56:52.339  2391-2548  WorkPolicyManager       com.cdccreditsmart.app               I     âœ… WorkManager health check agendado
2025-12-16 13:56:52.339  2391-2548  WorkPolicyManager       com.cdccreditsmart.app               I  
2025-12-16 13:56:52.339  2391-2548  WorkPolicyManager       com.cdccreditsmart.app               I  ğŸ”” [3/3] NOTIFICAÃ‡Ã•ES
2025-12-16 13:56:52.339  2391-2548  WorkPolicyManager       com.cdccreditsmart.app               I  â”€â”€â”€â”€â”€â”€â”€â”€â”€â”€â”€â”€â”€â”€â”€â”€â”€â”€â”€â”€â”€â”€â”€â”€â”€â”€â”€â”€â”€â”€â”€â”€â”€â”€â”€â”€â”€â”€â”€â”€â”€â”€â”€â”€â”€â”€â”€â”€â”€â”€â”€â”€â”€â”€â”€â”€â”€â”€â”€â”€â”€â”€â”€
2025-12-16 13:56:52.339  2391-2548  WorkPolicyManager       com.cdccreditsmart.app               I     âœ… Canal de notificaÃ§Ã£o persistente criado
2025-12-16 13:56:52.404  2391-2548  WorkPolicyManager       com.cdccreditsmart.app               I  
2025-12-16 13:56:52.407  2391-2548  WorkPolicyManager       com.cdccreditsmart.app               I  â•”â•â•â•â•â•â•â•â•â•â•â•â•â•â•â•â•â•â•â•â•â•â•â•â•â•â•â•â•â•â•â•â•â•â•â•â•â•â•â•â•â•â•â•â•â•â•â•â•â•â•â•â•â•â•â•â•â•â•â•â•â•â•â•â•â•—
2025-12-16 13:56:52.417  2391-2548  WorkPolicyManager       com.cdccreditsmart.app               I  â•‘  ğŸ“Š RESUMO DAS POLÃTICAS DE TRABALHO                           â•‘
2025-12-16 13:56:52.420  2391-2548  WorkPolicyManager       com.cdccreditsmart.app               I  â• â•â•â•â•â•â•â•â•â•â•â•â•â•â•â•â•â•â•â•â•â•â•â•â•â•â•â•â•â•â•â•â•â•â•â•â•â•â•â•â•â•â•â•â•â•â•â•â•â•â•â•â•â•â•â•â•â•â•â•â•â•â•â•â•â•£
2025-12-16 13:56:52.429  2391-2548  WorkPolicyManager       com.cdccreditsmart.app               I  â•‘  âš ï¸ NÃ­vel de proteÃ§Ã£o: BASIC
2025-12-16 13:56:52.429  2391-2548  WorkPolicyManager       com.cdccreditsmart.app               I  â•‘  ğŸ“‹ PolÃ­ticas aplicadas: 4
2025-12-16 13:56:52.429  2391-2548  WorkPolicyManager       com.cdccreditsmart.app               I  â• â•â•â•â•â•â•â•â•â•â•â•â•â•â•â•â•â•â•â•â•â•â•â•â•â•â•â•â•â•â•â•â•â•â•â•â•â•â•â•â•â•â•â•â•â•â•â•â•â•â•â•â•â•â•â•â•â•â•â•â•â•â•â•â•â•£
2025-12-16 13:56:52.429  2391-2548  WorkPolicyManager       com.cdccreditsmart.app               I  â•‘  âœ… PROTEÃ‡Ã•ES ATIVAS:
2025-12-16 13:56:52.430  2391-2548  WorkPolicyManager       com.cdccreditsmart.app               I  â•‘     âœ… IsenÃ§Ã£o de otimizaÃ§Ã£o de bateria
2025-12-16 13:56:52.430  2391-2548  WorkPolicyManager       com.cdccreditsmart.app               I  â•‘     âœ… Foreground Service persistente
2025-12-16 13:56:52.431  2391-2548  WorkPolicyManager       com.cdccreditsmart.app               I  â•‘     âœ… Health check periÃ³dico agendado
2025-12-16 13:56:52.438  2391-2548  WorkPolicyManager       com.cdccreditsmart.app               I  â•‘     âœ… Canal de notificaÃ§Ã£o persistente criado
2025-12-16 13:56:52.439  2391-2548  WorkPolicyManager       com.cdccreditsmart.app               I  â• â•â•â•â•â•â•â•â•â•â•â•â•â•â•â•â•â•â•â•â•â•â•â•â•â•â•â•â•â•â•â•â•â•â•â•â•â•â•â•â•â•â•â•â•â•â•â•â•â•â•â•â•â•â•â•â•â•â•â•â•â•â•â•â•â•£
2025-12-16 13:56:52.439  2391-2548  WorkPolicyManager       com.cdccreditsmart.app               I  â•‘  âš ï¸ AVISOS:
2025-12-16 13:56:52.439  2391-2548  WorkPolicyManager       com.cdccreditsmart.app               W  â•‘     âŒ CRÃTICO: DesinstalaÃ§Ã£o NÃƒO bloqueÃ¡vel
2025-12-16 13:56:52.439  2391-2548  WorkPolicyManager       com.cdccreditsmart.app               W  â•‘     âŒ CRÃTICO: Factory Reset NÃƒO bloqueÃ¡vel
2025-12-16 13:56:52.439  2391-2548  WorkPolicyManager       com.cdccreditsmart.app               W  â•‘     âŒ CRÃTICO: Force Stop NÃƒO bloqueÃ¡vel
2025-12-16 13:56:52.439  2391-2548  WorkPolicyManager       com.cdccreditsmart.app               W  â•‘     âŒ CRÃTICO: Clear Data NÃƒO bloqueÃ¡vel
2025-12-16 13:56:52.439  2391-2548  WorkPolicyManager       com.cdccreditsmart.app               W  â•‘     âš ï¸ RecomendaÃ§Ã£o: Configurar como Device Owner via QR Code ou ADB
2025-12-16 13:56:52.439  2391-2548  WorkPolicyManager       com.cdccreditsmart.app               I  â•šâ•â•â•â•â•â•â•â•â•â•â•â•â•â•â•â•â•â•â•â•â•â•â•â•â•â•â•â•â•â•â•â•â•â•â•â•â•â•â•â•â•â•â•â•â•â•â•â•â•â•â•â•â•â•â•â•â•â•â•â•â•â•â•â•â•
2025-12-16 13:56:52.439  2391-2548  WorkPolicyManager       com.cdccreditsmart.app               I  
2025-12-16 13:56:52.463  2391-2548  CdcForegroundService    com.cdccreditsmart.app               I  ğŸ¢ Resultado: BASIC
2025-12-16 13:56:52.465  2391-2548  CdcForegroundService    com.cdccreditsmart.app               I  ğŸ¢ PolÃ­ticas aplicadas: 4/5
2025-12-16 13:56:52.467  2391-2548  CdcForegroundService    com.cdccreditsmart.app               W  ğŸ¢ âŒ CRÃTICO: DesinstalaÃ§Ã£o NÃƒO bloqueÃ¡vel
2025-12-16 13:56:52.467  2391-2548  CdcForegroundService    com.cdccreditsmart.app               W  ğŸ¢ âŒ CRÃTICO: Factory Reset NÃƒO bloqueÃ¡vel
2025-12-16 13:56:52.467  2391-2548  CdcForegroundService    com.cdccreditsmart.app               W  ğŸ¢ âŒ CRÃTICO: Force Stop NÃƒO bloqueÃ¡vel
2025-12-16 13:56:52.467  2391-2548  CdcForegroundService    com.cdccreditsmart.app               W  ğŸ¢ âŒ CRÃTICO: Clear Data NÃƒO bloqueÃ¡vel
2025-12-16 13:56:52.467  2391-2548  CdcForegroundService    com.cdccreditsmart.app               W  ğŸ¢ âš ï¸ RecomendaÃ§Ã£o: Configurar como Device Owner via QR Code ou ADB
2025-12-16 13:56:52.467  2391-2548  CdcForegroundService    com.cdccreditsmart.app               I  ğŸ¢ ========================================
2025-12-16 13:56:52.467  2391-2548  CdcForegroundService    com.cdccreditsmart.app               I  ğŸ›¡ï¸ ========================================
2025-12-16 13:56:52.467  2391-2548  CdcForegroundService    com.cdccreditsmart.app               I  ğŸ›¡ï¸ INICIANDO SETTINGS GUARD (PROTEÃ‡ÃƒO AGRESSIVA)
2025-12-16 13:56:52.467  2391-2548  CdcForegroundService    com.cdccreditsmart.app               I  ğŸ›¡ï¸ ========================================
2025-12-16 13:56:52.471  2391-2548  AutoPermissionManager   com.cdccreditsmart.app               W  âš ï¸ NÃ£o Ã© Device Owner - nÃ£o pode conceder permissÃµes especiais
2025-12-16 13:56:52.481  2391-2548  SettingsGuardService    com.cdccreditsmart.app               I  
2025-12-16 13:56:52.484  2391-2548  SettingsGuardService    com.cdccreditsmart.app               I  â•”â•â•â•â•â•â•â•â•â•â•â•â•â•â•â•â•â•â•â•â•â•â•â•â•â•â•â•â•â•â•â•â•â•â•â•â•â•â•â•â•â•â•â•â•â•â•â•â•â•â•â•â•â•â•â•â•â•—
2025-12-16 13:56:52.484  2391-2548  SettingsGuardService    com.cdccreditsmart.app               I  â•‘   ğŸ›¡ï¸ SETTINGSGUARD - INICIALIZAÃ‡ÃƒO                    â•‘
2025-12-16 13:56:52.484  2391-2524  creditsmart.app         com.cdccreditsmart.app               W  Verification of java.lang.Object m.oo.a() took 242.572ms (74.20 bytecodes/s) (0B arena alloc)
2025-12-16 13:56:52.499  2391-2548  SettingsGuardService    com.cdccreditsmart.app               I  â• â•â•â•â•â•â•â•â•â•â•â•â•â•â•â•â•â•â•â•â•â•â•â•â•â•â•â•â•â•â•â•â•â•â•â•â•â•â•â•â•â•â•â•â•â•â•â•â•â•â•â•â•â•â•â•â•â•£
2025-12-16 13:56:52.534  2391-2548  SettingsGuardService    com.cdccreditsmart.app               I  â•‘   ğŸ“± Modo proteÃ§Ã£o: BASIC                           â•‘
2025-12-16 13:56:52.536  2391-2548  SettingsGuardService    com.cdccreditsmart.app               I  â•‘   ğŸ“Š UsageStats: âŒ NEGADA                 â•‘
2025-12-16 13:56:52.536  2391-2548  SettingsGuardService    com.cdccreditsmart.app               I  â•‘   ğŸªŸ Overlay: âŒ NEGADA                    â•‘
2025-12-16 13:56:52.572  2391-2548  SettingsGuardService    com.cdccreditsmart.app               I  â•‘   ğŸ”’ Device Owner: âŒ NÃƒO                   â•‘
2025-12-16 13:56:52.591  2391-2548  SettingsGuardService    com.cdccreditsmart.app               I  â•‘   ğŸ” Device Admin: âŒ NÃƒO                   â•‘
2025-12-16 13:56:52.594  2391-2548  SettingsGuardService    com.cdccreditsmart.app               I  â•šâ•â•â•â•â•â•â•â•â•â•â•â•â•â•â•â•â•â•â•â•â•â•â•â•â•â•â•â•â•â•â•â•â•â•â•â•â•â•â•â•â•â•â•â•â•â•â•â•â•â•â•â•â•â•â•â•â•
2025-12-16 13:56:52.594  2391-2548  SettingsGuardService    com.cdccreditsmart.app               I  ğŸ›¡ï¸ SettingsGuard INICIADO
2025-12-16 13:56:52.598  2391-2548  SettingsGuardService    com.cdccreditsmart.app               I     Modo de proteÃ§Ã£o: BASIC
2025-12-16 13:56:52.599  2391-2548  SettingsGuardService    com.cdccreditsmart.app               I     âš ï¸ Sem privilÃ©gios: ProteÃ§Ã£o AGRESSIVA ativada
2025-12-16 13:56:52.599  2391-2548  SettingsGuardService    com.cdccreditsmart.app               I     ğŸ“¡ Monitorando Settings a cada 3000ms
2025-12-16 13:56:52.599  2391-2548  SettingsGuardService    com.cdccreditsmart.app               I  ğŸ” ========================================
2025-12-16 13:56:52.599  2391-2548  SettingsGuardService    com.cdccreditsmart.app               I  ğŸ” INICIANDO MONITORAMENTO ATIVO DE SETTINGS
2025-12-16 13:56:52.599  2391-2548  SettingsGuardService    com.cdccreditsmart.app               I  ğŸ” ========================================
2025-12-16 13:56:52.599  2391-2548  SettingsGuardService    com.cdccreditsmart.app               W  âš ï¸ Sem permissÃ£o PACKAGE_USAGE_STATS
2025-12-16 13:56:52.599  2391-2548  SettingsGuardService    com.cdccreditsmart.app               W     Monitoramento via ActivityManager (menos preciso)
2025-12-16 13:56:52.599  2391-2548  SettingsGuardService    com.cdccreditsmart.app               W     IMPORTANTE: Conceda permissÃ£o em ConfiguraÃ§Ãµes > Apps > Credit Smart > Acesso especial > Acesso uso
2025-12-16 13:56:52.707  2391-2548  SettingsGuardService    com.cdccreditsmart.app               I  ğŸ“¢ NotificaÃ§Ã£o de permissÃ£o USAGE_STATS exibida
2025-12-16 13:56:52.708  2391-2548  SettingsGuardService    com.cdccreditsmart.app               W  âš ï¸ Sem permissÃ£o OVERLAY
2025-12-16 13:56:52.708  2391-2548  SettingsGuardService    com.cdccreditsmart.app               I  ğŸ” Intervalo: 3000ms / 1000ms
2025-12-16 13:56:52.717  2391-2548  CdcForegroundService    com.cdccreditsmart.app               I  ğŸ›¡ï¸ Guard ativo: true
2025-12-16 13:56:52.718  2391-2548  CdcForegroundService    com.cdccreditsmart.app               I  ğŸ›¡ï¸ Modo proteÃ§Ã£o: BASIC
2025-12-16 13:56:52.718  2391-2548  CdcForegroundService    com.cdccreditsmart.app               I  ğŸ›¡ï¸ Modo agressivo: false
2025-12-16 13:56:52.718  2391-2548  CdcForegroundService    com.cdccreditsmart.app               I  ğŸ›¡ï¸ UsageStats: âŒ INATIVO
2025-12-16 13:56:52.718  2391-2548  CdcForegroundService    com.cdccreditsmart.app               I  ğŸ›¡ï¸ Overlay: âŒ INATIVO
2025-12-16 13:56:52.719  2391-2548  CdcForegroundService    com.cdccreditsmart.app               W  ğŸ›¡ï¸ âš ï¸ UsageStats nÃ£o ativo - guard usarÃ¡ ActivityManager (menos preciso)
2025-12-16 13:56:52.719  2391-2548  CdcForegroundService    com.cdccreditsmart.app               W  ğŸ›¡ï¸ âš ï¸ Overlay nÃ£o ativo - guard usarÃ¡ bringAppToForeground
2025-12-16 13:56:52.719  2391-2548  CdcForegroundService    com.cdccreditsmart.app               I  ğŸ›¡ï¸ ========================================
2025-12-16 13:56:52.721  2391-2548  OfflineEnf...mentWorker com.cdccreditsmart.app               I  âœ… OfflineEnforcementWorker agendado
2025-12-16 13:56:52.721  2391-2548  CdcForegroundService    com.cdccreditsmart.app               I  âœ… OfflineEnforcementWorker agendado
2025-12-16 13:56:52.723  2391-2548  PeriodicOverlayWorker   com.cdccreditsmart.app               I  ğŸ“… Agendando overlay automÃ¡tico
2025-12-16 13:56:52.723  2391-2548  PeriodicOverlayWorker   com.cdccreditsmart.app               I     WorkManager interval: 15 minutos (mÃ­nimo obrigatÃ³rio)
2025-12-16 13:56:52.724  2391-2548  PeriodicOverlayWorker   com.cdccreditsmart.app               I     Cooldowns progressivos controlados internamente pelo worker
2025-12-16 13:56:52.725  2391-2548  PeriodicOverlayWorker   com.cdccreditsmart.app               I  âœ… Overlay automÃ¡tico agendado com sucesso
2025-12-16 13:56:52.725  2391-2548  CdcForegroundService    com.cdccreditsmart.app               I  âœ… PeriodicOverlayWorker agendado
2025-12-16 13:56:52.750  2391-2546  SettingsGuardService    com.cdccreditsmart.app               I  â–¶ï¸ App CDC em foreground - fluxo de permissÃ£o concluÃ­do
2025-12-16 13:56:52.750  2391-2546  SettingsGuardService    com.cdccreditsmart.app               I  â–¶ï¸ Guard RETOMADO apÃ³s fluxo de permissÃµes
2025-12-16 13:56:52.871  2391-2534  JobInfo                 com.cdccreditsmart.app               W  Requested important-while-foreground flag for job2 is ignored and takes no effect
