2025-11-16 23:17:06.396 11285-11398 okhttp.OkHttpClient     com.cdccreditsmart.app               I  strict-transport-security: max-age=63072000; includeSubDomains
2025-11-16 23:17:06.396 11285-11398 okhttp.OkHttpClient     com.cdccreditsmart.app               I  strict-transport-security: max-age=31536000; includeSubDomains
2025-11-16 23:17:06.396 11285-11398 okhttp.OkHttpClient     com.cdccreditsmart.app               I  x-anti-fraud-protection: active
2025-11-16 23:17:06.396 11285-11398 okhttp.OkHttpClient     com.cdccreditsmart.app               I  x-certificate-pinning-enabled: false
2025-11-16 23:17:06.396 11285-11398 okhttp.OkHttpClient     com.cdccreditsmart.app               I  x-certificate-pinning-status: disabled-for-stability
2025-11-16 23:17:06.396 11285-11398 okhttp.OkHttpClient     com.cdccreditsmart.app               I  x-cloud-trace-context: fbbf9bc1e3cd1d65c4b9fd54fdfeeb97
2025-11-16 23:17:06.396 11285-11398 okhttp.OkHttpClient     com.cdccreditsmart.app               I  x-content-type-options: nosniff
2025-11-16 23:17:06.396 11285-11398 okhttp.OkHttpClient     com.cdccreditsmart.app               I  x-financial-data-protection: enabled
2025-11-16 23:17:06.396 11285-11398 okhttp.OkHttpClient     com.cdccreditsmart.app               I  x-frame-options: DENY
2025-11-16 23:17:06.396 11285-11398 okhttp.OkHttpClient     com.cdccreditsmart.app               I  x-transaction-security-level: maximum
2025-11-16 23:17:06.396 11285-11398 okhttp.OkHttpClient     com.cdccreditsmart.app               I  x-xss-protection: 1; mode=block
2025-11-16 23:17:06.396 11285-11398 okhttp.OkHttpClient     com.cdccreditsmart.app               I  via: 1.1 google
2025-11-16 23:17:06.396 11285-11398 okhttp.OkHttpClient     com.cdccreditsmart.app               I  alt-svc: h3=":443"; ma=2592000,h3-29=":443"; ma=2592000
2025-11-16 23:17:06.398 11285-11398 okhttp.OkHttpClient     com.cdccreditsmart.app               I  {"deviceId":"device_1763345744228_4fyqpmlmh75","serialNumber":"AFD8YG79","commandsCount":0,"commands":[]}
2025-11-16 23:17:06.398 11285-11398 okhttp.OkHttpClient     com.cdccreditsmart.app               I  <-- END HTTP (105-byte body)
2025-11-16 23:17:06.399 11285-11423 MdmCommandReceiver      com.cdccreditsmart.app               D  âœ… Nenhum comando pendente
2025-11-16 23:17:06.399 11285-11423 MdmCommandReceiver      com.cdccreditsmart.app               D  ðŸ“Š Fetch duration: 324ms
2025-11-16 23:17:06.399 11285-11423 MdmCommandReceiver      com.cdccreditsmart.app               D  â³ [Polling #3] Aguardando 29674ms atÃ© prÃ³xima verificaÃ§Ã£o...
2025-11-16 23:17:09.733 11285-11285 WebSocketManager        com.cdccreditsmart.app               D  Heartbeat ping sent
2025-11-16 23:17:09.896 11285-11428 WebSocketManager        com.cdccreditsmart.app               D  Message received: {"type":"pong","timestamp":"2025-11-17T02:17:11.551Z"}...
2025-11-16 23:17:09.896 11285-11428 WebSocketManager        com.cdccreditsmart.app               D  Received message type: pong
2025-11-16 23:17:09.896 11285-11428 WebSocketManager        com.cdccreditsmart.app               D  Pong received
2025-11-16 23:17:10.127 11285-11423 BlockedAppInterceptor   com.cdccreditsmart.app               D  ðŸ”‹ OTIMIZAÃ‡ÃƒO: Sem apps bloqueados - pausando monitoramento (60s)
2025-11-16 23:17:10.405 11285-11285 WebSocketManager        com.cdccreditsmart.app               D  Heartbeat ping sent
2025-11-16 23:17:10.410 11285-11423 MdmCommandReceiver      com.cdccreditsmart.app               D  ðŸ” [Polling #3] Verificando comandos pendentes...
2025-11-16 23:17:10.412 11285-11423 SecureTokenStorage      com.cdccreditsmart.app               D  âš ï¸ Usando Serial Number para MDM (IMEI indisponÃ­vel): AFD8YG...
2025-11-16 23:17:10.412 11285-11423 MdmCommandReceiver      com.cdccreditsmart.app               D  ðŸ” Buscando comandos pendentes com identifier: AFD8YG79...
2025-11-16 23:17:10.413 11285-11398 okhttp.OkHttpClient     com.cdccreditsmart.app               I  --> GET https://cdccreditsmart.com/api/apk/device/AFD8YG79/commands
2025-11-16 23:17:10.413 11285-11398 okhttp.OkHttpClient     com.cdccreditsmart.app               I  --> END GET
2025-11-16 23:17:10.571 11285-11433 WebSocketManager        com.cdccreditsmart.app               D  Message received: {"type":"pong","timestamp":"2025-11-17T02:17:12.226Z"}...
2025-11-16 23:17:10.572 11285-11433 WebSocketManager        com.cdccreditsmart.app               D  Received message type: pong
2025-11-16 23:17:10.572 11285-11433 WebSocketManager        com.cdccreditsmart.app               D  Pong received
2025-11-16 23:17:10.722 11285-11398 okhttp.OkHttpClient     com.cdccreditsmart.app               I  <-- 200 https://cdccreditsmart.com/api/apk/device/AFD8YG79/commands (308ms)
2025-11-16 23:17:10.722 11285-11398 okhttp.OkHttpClient     com.cdccreditsmart.app               I  access-control-allow-credentials: true
2025-11-16 23:17:10.722 11285-11398 okhttp.OkHttpClient     com.cdccreditsmart.app               I  access-control-allow-headers: Origin, X-Requested-With, Content-Type, Accept, Authorization, x-client-key, x-client-token, x-client-secret, cache-control
2025-11-16 23:17:10.722 11285-11398 okhttp.OkHttpClient     com.cdccreditsmart.app               I  access-control-allow-methods: GET, POST, PUT, PATCH, DELETE, OPTIONS
2025-11-16 23:17:10.722 11285-11398 okhttp.OkHttpClient     com.cdccreditsmart.app               I  access-control-allow-origin: *
2025-11-16 23:17:10.722 11285-11398 okhttp.OkHttpClient     com.cdccreditsmart.app               I  access-control-max-age: 86400
2025-11-16 23:17:10.722 11285-11398 okhttp.OkHttpClient     com.cdccreditsmart.app               I  content-length: 105
2025-11-16 23:17:10.722 11285-11398 okhttp.OkHttpClient     com.cdccreditsmart.app               I  content-security-policy: default-src 'self'; script-src 'self' 'unsafe-inline' 'unsafe-eval' https://replit.com; style-src 'self' 'unsafe-inline' https://replit.com; img-src 'self' data: https:; font-src 'self' data: https://replit.com; connect-src 'self';
2025-11-16 23:17:10.722 11285-11398 okhttp.OkHttpClient     com.cdccreditsmart.app               I  content-type: application/json; charset=utf-8
2025-11-16 23:17:10.722 11285-11398 okhttp.OkHttpClient     com.cdccreditsmart.app               I  date: Mon, 17 Nov 2025 02:17:12 GMT
2025-11-16 23:17:10.722 11285-11398 okhttp.OkHttpClient     com.cdccreditsmart.app               I  etag: W/"69-H5UyKQcmxNYYA3rh8nPao1qiPuA"
2025-11-16 23:17:10.722 11285-11398 okhttp.OkHttpClient     com.cdccreditsmart.app               I  permissions-policy: geolocation=(), microphone=(), camera=()
2025-11-16 23:17:10.722 11285-11398 okhttp.OkHttpClient     com.cdccreditsmart.app               I  referrer-policy: strict-origin-when-cross-origin
2025-11-16 23:17:10.722 11285-11398 okhttp.OkHttpClient     com.cdccreditsmart.app               I  server: Google Frontend
2025-11-16 23:17:10.722 11285-11398 okhttp.OkHttpClient     com.cdccreditsmart.app               I  strict-transport-security: max-age=63072000; includeSubDomains
2025-11-16 23:17:10.722 11285-11398 okhttp.OkHttpClient     com.cdccreditsmart.app               I  strict-transport-security: max-age=31536000; includeSubDomains
2025-11-16 23:17:10.722 11285-11398 okhttp.OkHttpClient     com.cdccreditsmart.app               I  x-anti-fraud-protection: active
2025-11-16 23:17:10.722 11285-11398 okhttp.OkHttpClient     com.cdccreditsmart.app               I  x-certificate-pinning-enabled: false
2025-11-16 23:17:10.722 11285-11398 okhttp.OkHttpClient     com.cdccreditsmart.app               I  x-certificate-pinning-status: disabled-for-stability
2025-11-16 23:17:10.722 11285-11398 okhttp.OkHttpClient     com.cdccreditsmart.app               I  x-cloud-trace-context: 240c3f51789385fec4b9fd54fdfeeccf;o=1
2025-11-16 23:17:10.722 11285-11398 okhttp.OkHttpClient     com.cdccreditsmart.app               I  x-content-type-options: nosniff
2025-11-16 23:17:10.722 11285-11398 okhttp.OkHttpClient     com.cdccreditsmart.app               I  x-financial-data-protection: enabled
2025-11-16 23:17:10.722 11285-11398 okhttp.OkHttpClient     com.cdccreditsmart.app               I  x-frame-options: DENY
2025-11-16 23:17:10.722 11285-11398 okhttp.OkHttpClient     com.cdccreditsmart.app               I  x-transaction-security-level: maximum
2025-11-16 23:17:10.722 11285-11398 okhttp.OkHttpClient     com.cdccreditsmart.app               I  x-xss-protection: 1; mode=block
2025-11-16 23:17:10.722 11285-11398 okhttp.OkHttpClient     com.cdccreditsmart.app               I  via: 1.1 google
2025-11-16 23:17:10.722 11285-11398 okhttp.OkHttpClient     com.cdccreditsmart.app               I  alt-svc: h3=":443"; ma=2592000,h3-29=":443"; ma=2592000
2025-11-16 23:17:10.722 11285-11398 okhttp.OkHttpClient     com.cdccreditsmart.app               I  {"deviceId":"device_1763345744228_4fyqpmlmh75","serialNumber":"AFD8YG79","commandsCount":0,"commands":[]}
2025-11-16 23:17:10.722 11285-11398 okhttp.OkHttpClient     com.cdccreditsmart.app               I  <-- END HTTP (105-byte body)
2025-11-16 23:17:10.723 11285-11423 MdmCommandReceiver      com.cdccreditsmart.app               D  âœ… Nenhum comando pendente
2025-11-16 23:17:10.724 11285-11423 MdmCommandReceiver      com.cdccreditsmart.app               D  ðŸ“Š Fetch duration: 312ms
2025-11-16 23:17:10.724 11285-11423 MdmCommandReceiver      com.cdccreditsmart.app               D  â³ [Polling #3] Aguardando 29686ms atÃ© prÃ³xima verificaÃ§Ã£o...
2025-11-16 23:17:25.884 11285-11285 CDC_PROVISIONING_DEBUG  com.cdccreditsmart.app               I  [2025-11-17 02:17:25.884] [PID:11285] [TID:2|main] ðŸ PROVISIONING STARTED: Timer started for hang detection
2025-11-16 23:17:25.885 11285-11285 CDC_PROVISIONING_DEBUG  com.cdccreditsmart.app               I  [2025-11-17 02:17:25.885] [PID:11285] [TID:2|main] ðŸ“ˆ CALLBACK PROGRESS: 1/3 completed
2025-11-16 23:17:25.885 11285-11285 CDC_PROVISIONING_DEBUG  com.cdccreditsmart.app               I  [2025-11-17 02:17:25.885] [PID:11285] [TID:2|main] ðŸ“ˆ Completed: onEnabled
2025-11-16 23:17:25.885 11285-11285 CDC_PROVISIONING_DEBUG  com.cdccreditsmart.app               I  [2025-11-17 02:17:25.885] [PID:11285] [TID:2|main] â³ Remaining: onProfileProvisioningComplete, onReadyForUserInitialization
2025-11-16 23:17:25.885 11285-11285 CDCDeviceAdminReceiver  com.cdccreditsmart.app               I  [2025-11-17 02:17:25.885] [PID:11285] [TID:2|main] ðŸ”‘ ==================== DEVICE ADMIN ENABLED ====================
2025-11-16 23:17:25.885 11285-11285 CDCDeviceAdminReceiver  com.cdccreditsmart.app               I  [2025-11-17 02:17:25.885] [PID:11285] [TID:2|main] âœ… Device Admin enabled successfully - CRITICAL CALLBACK FOR WORK PROFILE PREPARATION
2025-11-16 23:17:25.885 11285-11285 CDCDeviceAdminReceiver  com.cdccreditsmart.app               I  [2025-11-17 02:17:25.885] [PID:11285] [TID:2|main] â° Raw timestamp: 1763345845885
2025-11-16 23:17:25.885 11285-11285 CDCDeviceAdminReceiver  com.cdccreditsmart.app               I  [2025-11-17 02:17:25.885] [PID:11285] [TID:2|main] ðŸ” Starting comprehensive admin enablement verification...
2025-11-16 23:17:25.885 11285-11285 CDCDeviceAdminReceiver  com.cdccreditsmart.app               I  [2025-11-17 02:17:25.885] [PID:11285] [TID:2|main] ðŸ“‹ Admin component: ComponentInfo{com.cdccreditsmart.app/com.cdccreditsmart.device.CDCDeviceAdminReceiver}
2025-11-16 23:17:25.885 11285-11285 CDCDeviceAdminReceiver  com.cdccreditsmart.app               I  [2025-11-17 02:17:25.885] [PID:11285] [TID:2|main] ðŸ“± Package name: com.cdccreditsmart.app
2025-11-16 23:17:25.885 11285-11285 CDCDeviceAdminReceiver  com.cdccreditsmart.app               I  [2025-11-17 02:17:25.885] [PID:11285] [TID:2|main] ðŸ‘¤ Current user: UserHandle{0}
2025-11-16 23:17:25.885 11285-11285 CDCDeviceAdminReceiver  com.cdccreditsmart.app               I  [2025-11-17 02:17:25.885] [PID:11285] [TID:2|main] ðŸŽ¯ Current user handle: UserHandle{0}
2025-11-16 23:17:25.918 11285-11285 CDCDeviceAdminReceiver  com.cdccreditsmart.app               I  [2025-11-17 02:17:25.918] [PID:11285] [TID:2|main] ðŸ”’ Device administration status:
2025-11-16 23:17:25.918 11285-11285 CDCDeviceAdminReceiver  com.cdccreditsmart.app               I  [2025-11-17 02:17:25.918] [PID:11285] [TID:2|main]    ðŸ”‘ Admin active: true
2025-11-16 23:17:25.918 11285-11285 CDCDeviceAdminReceiver  com.cdccreditsmart.app               I  [2025-11-17 02:17:25.918] [PID:11285] [TID:2|main]    ðŸ­ Device owner: true
2025-11-16 23:17:25.918 11285-11285 CDCDeviceAdminReceiver  com.cdccreditsmart.app               I  [2025-11-17 02:17:25.918] [PID:11285] [TID:2|main]    ðŸ“‹ Profile owner: false
2025-11-16 23:17:25.919 11285-11285 CDCDeviceAdminReceiver  com.cdccreditsmart.app               I  [2025-11-17 02:17:25.918] [PID:11285] [TID:2|main] ðŸ¢ Work Profile status (CRITICAL FOR PREPARATION):
2025-11-16 23:17:25.919 11285-11285 CDCDeviceAdminReceiver  com.cdccreditsmart.app               I  [2025-11-17 02:17:25.919] [PID:11285] [TID:2|main]    ðŸ¢ Is managed profile: false
2025-11-16 23:17:25.919 11285-11285 CDCDeviceAdminReceiver  com.cdccreditsmart.app               I  [2025-11-17 02:17:25.919] [PID:11285] [TID:2|main]    ðŸ”§ Is system user: true
2025-11-16 23:17:25.919 11285-11285 CDCDeviceAdminReceiver  com.cdccreditsmart.app               I  [2025-11-17 02:17:25.919] [PID:11285] [TID:2|main]    ðŸ”“ Is user unlocked: true
2025-11-16 23:17:25.920 11285-11285 CDCDeviceAdminReceiver  com.cdccreditsmart.app               I  [2025-11-17 02:17:25.920] [PID:11285] [TID:2|main]    ðŸ“± Device provisioned: true
2025-11-16 23:17:25.923 11285-11285 CDCDeviceAdminReceiver  com.cdccreditsmart.app               I  [2025-11-17 02:17:25.923] [PID:11285] [TID:2|main]    ðŸ‘¤ User setup complete: true
2025-11-16 23:17:25.923 11285-11285 CDCDeviceAdminReceiver  com.cdccreditsmart.app               I  [2025-11-17 02:17:25.923] [PID:11285] [TID:2|main] ðŸ” DEVICE CAPABILITIES ANALYSIS (Critical for work profile):
2025-11-16 23:17:25.929 11285-11285 CDCDeviceAdminReceiver  com.cdccreditsmart.app               I  [2025-11-17 02:17:25.929] [PID:11285] [TID:2|main]    ðŸ“· Camera permission grant state: 0
2025-11-16 23:17:25.933 11285-11285 CDCDeviceAdminReceiver  com.cdccreditsmart.app               I  [2025-11-17 02:17:25.933] [PID:11285] [TID:2|main]    ðŸ”’ Lock task packages: []
2025-11-16 23:17:25.934 11285-11285 CDCDeviceAdminReceiver  com.cdccreditsmart.app               I  [2025-11-17 02:17:25.934] [PID:11285] [TID:2|main]    ðŸ’¾ Storage encryption status: false
2025-11-16 23:17:25.934 11285-11285 CDCDeviceAdminReceiver  com.cdccreditsmart.app               I  [2025-11-17 02:17:25.934] [PID:11285] [TID:2|main] âœ… Device capabilities analysis completed
2025-11-16 23:17:25.934 11285-11285 CDC_PROVISIONING_DEBUG  com.cdccreditsmart.app               I  [2025-11-17 02:17:25.934] [PID:11285] [TID:2|main] ðŸ“‹ CALLBACK SEQUENCE (1 callbacks):
2025-11-16 23:17:25.934 11285-11285 CDC_PROVISIONING_DEBUG  com.cdccreditsmart.app               I  [2025-11-17 02:17:25.934] [PID:11285] [TID:2|main]    1. 2025-11-17 02:17:25.884 - onEnabled
2025-11-16 23:17:25.934 11285-11285 CDC_PROVISIONING_DEBUG  com.cdccreditsmart.app               I  [2025-11-17 02:17:25.934] [PID:11285] [TID:2|main] ðŸ” HANG DETECTION CHECK:
2025-11-16 23:17:25.934 11285-11285 CDC_PROVISIONING_DEBUG  com.cdccreditsmart.app               I  [2025-11-17 02:17:25.934] [PID:11285] [TID:2|main]    â±ï¸ Time since provisioning start: 50ms
2025-11-16 23:17:25.934 11285-11285 CDC_PROVISIONING_DEBUG  com.cdccreditsmart.app               I  [2025-11-17 02:17:25.934] [PID:11285] [TID:2|main]    â±ï¸ Time since last callback: 50ms
2025-11-16 23:17:25.934 11285-11285 CDCDeviceAdminReceiver  com.cdccreditsmart.app               I  [2025-11-17 02:17:25.934] [PID:11285] [TID:2|main] âœ… Admin enablement verification completed successfully
2025-11-16 23:17:25.934 11285-11285 CDCDeviceAdminReceiver  com.cdccreditsmart.app               I  [2025-11-17 02:17:25.934] [PID:11285] [TID:2|main] ðŸ onEnabled callback completed - work profile preparation should continue
2025-11-16 23:17:25.934 11285-11285 CDCDeviceAdminReceiver  com.cdccreditsmart.app               I  [2025-11-17 02:17:25.934] [PID:11285] [TID:2|main] ðŸ”‘ =================================================================
2025-11-16 23:17:35.747 11285-11285 WebSocketManager        com.cdccreditsmart.app               D  Heartbeat ping sent
2025-11-16 23:17:35.918 11285-11417 WebSocketManager        com.cdccreditsmart.app               D  Message received: {"type":"pong","timestamp":"2025-11-17T02:17:37.568Z"}...
2025-11-16 23:17:35.918 11285-11417 WebSocketManager        com.cdccreditsmart.app               D  Received message type: pong
2025-11-16 23:17:35.918 11285-11417 WebSocketManager        com.cdccreditsmart.app               D  Pong received
2025-11-16 23:17:36.063 11285-11285 WebSocketManager        com.cdccreditsmart.app               D  Heartbeat ping sent
2025-11-16 23:17:36.075 11285-11423 MdmCommandReceiver      com.cdccreditsmart.app               D  ðŸ” [Polling #4] Verificando comandos pendentes...
2025-11-16 23:17:36.076 11285-11423 SecureTokenStorage      com.cdccreditsmart.app               D  âš ï¸ Usando Serial Number para MDM (IMEI indisponÃ­vel): AFD8YG...
2025-11-16 23:17:36.076 11285-11423 MdmCommandReceiver      com.cdccreditsmart.app               D  ðŸ” Buscando comandos pendentes com identifier: AFD8YG79...
2025-11-16 23:17:36.077 11285-11398 okhttp.OkHttpClient     com.cdccreditsmart.app               I  --> GET https://cdccreditsmart.com/api/apk/device/AFD8YG79/commands
2025-11-16 23:17:36.077 11285-11398 okhttp.OkHttpClient     com.cdccreditsmart.app               I  --> END GET
2025-11-16 23:17:36.227 11285-11422 WebSocketManager        com.cdccreditsmart.app               D  Message received: {"type":"pong","timestamp":"2025-11-17T02:17:37.880Z"}...
2025-11-16 23:17:36.228 11285-11422 WebSocketManager        com.cdccreditsmart.app               D  Received message type: pong
2025-11-16 23:17:36.228 11285-11422 WebSocketManager        com.cdccreditsmart.app               D  Pong received
2025-11-16 23:17:36.397 11285-11398 okhttp.OkHttpClient     com.cdccreditsmart.app               I  <-- 200 https://cdccreditsmart.com/api/apk/device/AFD8YG79/commands (319ms)
2025-11-16 23:17:36.397 11285-11398 okhttp.OkHttpClient     com.cdccreditsmart.app               I  access-control-allow-credentials: true
2025-11-16 23:17:36.398 11285-11398 okhttp.OkHttpClient     com.cdccreditsmart.app               I  access-control-allow-headers: Origin, X-Requested-With, Content-Type, Accept, Authorization, x-client-key, x-client-token, x-client-secret, cache-control
2025-11-16 23:17:36.398 11285-11398 okhttp.OkHttpClient     com.cdccreditsmart.app               I  access-control-allow-methods: GET, POST, PUT, PATCH, DELETE, OPTIONS
2025-11-16 23:17:36.398 11285-11398 okhttp.OkHttpClient     com.cdccreditsmart.app               I  access-control-allow-origin: *
2025-11-16 23:17:36.398 11285-11398 okhttp.OkHttpClient     com.cdccreditsmart.app               I  access-control-max-age: 86400
2025-11-16 23:17:36.398 11285-11398 okhttp.OkHttpClient     com.cdccreditsmart.app               I  content-length: 105
2025-11-16 23:17:36.398 11285-11398 okhttp.OkHttpClient     com.cdccreditsmart.app               I  content-security-policy: default-src 'self'; script-src 'self' 'unsafe-inline' 'unsafe-eval' https://replit.com; style-src 'self' 'unsafe-inline' https://replit.com; img-src 'self' data: https:; font-src 'self' data: https://replit.com; connect-src 'self';
2025-11-16 23:17:36.398 11285-11398 okhttp.OkHttpClient     com.cdccreditsmart.app               I  content-type: application/json; charset=utf-8
2025-11-16 23:17:36.398 11285-11398 okhttp.OkHttpClient     com.cdccreditsmart.app               I  date: Mon, 17 Nov 2025 02:17:38 GMT
2025-11-16 23:17:36.398 11285-11398 okhttp.OkHttpClient     com.cdccreditsmart.app               I  etag: W/"69-H5UyKQcmxNYYA3rh8nPao1qiPuA"
2025-11-16 23:17:36.398 11285-11398 okhttp.OkHttpClient     com.cdccreditsmart.app               I  permissions-policy: geolocation=(), microphone=(), camera=()
2025-11-16 23:17:36.398 11285-11398 okhttp.OkHttpClient     com.cdccreditsmart.app               I  referrer-policy: strict-origin-when-cross-origin
2025-11-16 23:17:36.398 11285-11398 okhttp.OkHttpClient     com.cdccreditsmart.app               I  server: Google Frontend
2025-11-16 23:17:36.398 11285-11398 okhttp.OkHttpClient     com.cdccreditsmart.app               I  strict-transport-security: max-age=63072000; includeSubDomains
2025-11-16 23:17:36.398 11285-11398 okhttp.OkHttpClient     com.cdccreditsmart.app               I  strict-transport-security: max-age=31536000; includeSubDomains
2025-11-16 23:17:36.398 11285-11398 okhttp.OkHttpClient     com.cdccreditsmart.app               I  x-anti-fraud-protection: active
2025-11-16 23:17:36.398 11285-11398 okhttp.OkHttpClient     com.cdccreditsmart.app               I  x-certificate-pinning-enabled: false
2025-11-16 23:17:36.398 11285-11398 okhttp.OkHttpClient     com.cdccreditsmart.app               I  x-certificate-pinning-status: disabled-for-stability
2025-11-16 23:17:36.398 11285-11398 okhttp.OkHttpClient     com.cdccreditsmart.app               I  x-cloud-trace-context: b45dcef65e8c81fe45bf8dbc5847c291
2025-11-16 23:17:36.398 11285-11398 okhttp.OkHttpClient     com.cdccreditsmart.app               I  x-content-type-options: nosniff
2025-11-16 23:17:36.398 11285-11398 okhttp.OkHttpClient     com.cdccreditsmart.app               I  x-financial-data-protection: enabled
2025-11-16 23:17:36.398 11285-11398 okhttp.OkHttpClient     com.cdccreditsmart.app               I  x-frame-options: DENY
2025-11-16 23:17:36.398 11285-11398 okhttp.OkHttpClient     com.cdccreditsmart.app               I  x-transaction-security-level: maximum
2025-11-16 23:17:36.398 11285-11398 okhttp.OkHttpClient     com.cdccreditsmart.app               I  x-xss-protection: 1; mode=block
2025-11-16 23:17:36.398 11285-11398 okhttp.OkHttpClient     com.cdccreditsmart.app               I  via: 1.1 google
2025-11-16 23:17:36.398 11285-11398 okhttp.OkHttpClient     com.cdccreditsmart.app               I  alt-svc: h3=":443"; ma=2592000,h3-29=":443"; ma=2592000
2025-11-16 23:17:36.399 11285-11398 okhttp.OkHttpClient     com.cdccreditsmart.app               I  {"deviceId":"device_1763345744228_4fyqpmlmh75","serialNumber":"AFD8YG79","commandsCount":0,"commands":[]}
2025-11-16 23:17:36.400 11285-11398 okhttp.OkHttpClient     com.cdccreditsmart.app               I  <-- END HTTP (105-byte body)
2025-11-16 23:17:36.401 11285-11423 MdmCommandReceiver      com.cdccreditsmart.app               D  âœ… Nenhum comando pendente
2025-11-16 23:17:36.402 11285-11423 MdmCommandReceiver      com.cdccreditsmart.app               D  ðŸ“Š Fetch duration: 326ms
2025-11-16 23:17:36.402 11285-11423 MdmCommandReceiver      com.cdccreditsmart.app               D  â³ [Polling #4] Aguardando 29673ms atÃ© prÃ³xima verificaÃ§Ã£o...
2025-11-16 23:17:38.226 11285-11285 SimpleHomeViewModel     com.cdccreditsmart.app               D  ðŸ“¡ Fetching device installments from /api/apk/device/installments...
2025-11-16 23:17:38.229 11285-11555 SimpleHomeViewModel     com.cdccreditsmart.app               D  âœ… Added Authorization header with token
2025-11-16 23:17:38.229 11285-11555 SimpleHomeViewModel     com.cdccreditsmart.app               D  ðŸ“¤ Request URL: https://cdccreditsmart.com/api/apk/device/installments
2025-11-16 23:17:38.641 11285-11555 SimpleHomeViewModel     com.cdccreditsmart.app               D  ðŸ“¥ Response Code: 200
2025-11-16 23:17:38.648 11285-11285 SimpleHomeViewModel     com.cdccreditsmart.app               D  âœ… Successfully fetched installments data
2025-11-16 23:17:38.648 11285-11285 SimpleHomeViewModel     com.cdccreditsmart.app               D  ðŸ“Š Device: Moto G15 Power
2025-11-16 23:17:38.648 11285-11285 SimpleHomeViewModel     com.cdccreditsmart.app               D  ðŸ“Š Total installments: 24
2025-11-16 23:17:38.648 11285-11285 SimpleHomeViewModel     com.cdccreditsmart.app               D  ðŸ“Š Paid: 0
2025-11-16 23:17:38.648 11285-11285 SimpleHomeViewModel     com.cdccreditsmart.app               D  ðŸ“Š Overdue: 0
2025-11-16 23:17:38.648 11285-11285 SimpleHomeViewModel     com.cdccreditsmart.app               D  ðŸ“Š All installments count: 24
2025-11-16 23:17:38.648 11285-11285 SimpleHomeViewModel     com.cdccreditsmart.app               I  ðŸ’¾ Salvando dados do cliente no storage - CustomerName: 'null', DeviceModel: 'Moto G15 Power'
2025-11-16 23:17:38.648 11285-11285 SecureTokenStorage      com.cdccreditsmart.app               D  ðŸ’¾ Salvando customer info - Name: null, Device: Moto G15 Power
2025-11-16 23:17:38.649 11285-11285 SecureTokenStorage      com.cdccreditsmart.app               W  âš ï¸ CustomerName vazio/null - nÃ£o salvando
2025-11-16 23:17:38.649 11285-11285 SecureTokenStorage      com.cdccreditsmart.app               D  âœ… DeviceModel salvo: Moto G15 Power
2025-11-16 23:17:38.649 11285-11285 SecureTokenStorage      com.cdccreditsmart.app               I  âœ… Customer info saved successfully!
2025-11-16 23:17:38.681 11285-11285 SecureTokenStorage      com.cdccreditsmart.app               D  ðŸ“– Lendo customerName: Marcos Antunes
2025-11-16 23:17:38.681 11285-11285 SecureTokenStorage      com.cdccreditsmart.app               D  ðŸ“– Lendo deviceModel: Moto G15 Power
2025-11-16 23:17:38.681 11285-11285 ContractCodeStorage     com.cdccreditsmart.app               D  Retrieving contract code from storage
2025-11-16 23:17:38.735 11285-11285 ContractCodeStorage     com.cdccreditsmart.app               D  Storage verification: 7 valid, 0 tampered, 0 missing
2025-11-16 23:17:38.735 11285-11285 ContractCodeStorage     com.cdccreditsmart.app               D  Contract code retrieved successfully
2025-11-16 23:17:39.735 11285-11285 WebSocketManager        com.cdccreditsmart.app               D  Heartbeat ping sent
2025-11-16 23:17:39.897 11285-11428 WebSocketManager        com.cdccreditsmart.app               D  Message received: {"type":"pong","timestamp":"2025-11-17T02:17:41.553Z"}...
2025-11-16 23:17:39.897 11285-11428 WebSocketManager        com.cdccreditsmart.app               D  Received message type: pong
2025-11-16 23:17:39.897 11285-11428 WebSocketManager        com.cdccreditsmart.app               D  Pong received
2025-11-16 23:17:40.410 11285-11423 MdmCommandReceiver      com.cdccreditsmart.app               D  ðŸ” [Polling #4] Verificando comandos pendentes...
2025-11-16 23:17:40.412 11285-11423 SecureTokenStorage      com.cdccreditsmart.app               D  âš ï¸ Usando Serial Number para MDM (IMEI indisponÃ­vel): AFD8YG...
2025-11-16 23:17:40.412 11285-11423 MdmCommandReceiver      com.cdccreditsmart.app               D  ðŸ” Buscando comandos pendentes com identifier: AFD8YG79...
2025-11-16 23:17:40.413 11285-11398 okhttp.OkHttpClient     com.cdccreditsmart.app               I  --> GET https://cdccreditsmart.com/api/apk/device/AFD8YG79/commands
2025-11-16 23:17:40.413 11285-11398 okhttp.OkHttpClient     com.cdccreditsmart.app               I  --> END GET
2025-11-16 23:17:40.423 11285-11285 WebSocketManager        com.cdccreditsmart.app               D  Heartbeat ping sent
2025-11-16 23:17:40.586 11285-11433 WebSocketManager        com.cdccreditsmart.app               D  Message received: {"type":"pong","timestamp":"2025-11-17T02:17:42.244Z"}...
2025-11-16 23:17:40.587 11285-11433 WebSocketManager        com.cdccreditsmart.app               D  Received message type: pong
2025-11-16 23:17:40.587 11285-11433 WebSocketManager        com.cdccreditsmart.app               D  Pong received
2025-11-16 23:17:40.857 11285-11398 okhttp.OkHttpClient     com.cdccreditsmart.app               I  <-- 200 https://cdccreditsmart.com/api/apk/device/AFD8YG79/commands (443ms)
2025-11-16 23:17:40.857 11285-11398 okhttp.OkHttpClient     com.cdccreditsmart.app               I  access-control-allow-credentials: true
2025-11-16 23:17:40.857 11285-11398 okhttp.OkHttpClient     com.cdccreditsmart.app               I  access-control-allow-headers: Origin, X-Requested-With, Content-Type, Accept, Authorization, x-client-key, x-client-token, x-client-secret, cache-control
2025-11-16 23:17:40.857 11285-11398 okhttp.OkHttpClient     com.cdccreditsmart.app               I  access-control-allow-methods: GET, POST, PUT, PATCH, DELETE, OPTIONS
2025-11-16 23:17:40.857 11285-11398 okhttp.OkHttpClient     com.cdccreditsmart.app               I  access-control-allow-origin: *
2025-11-16 23:17:40.857 11285-11398 okhttp.OkHttpClient     com.cdccreditsmart.app               I  access-control-max-age: 86400
2025-11-16 23:17:40.857 11285-11398 okhttp.OkHttpClient     com.cdccreditsmart.app               I  content-length: 105
2025-11-16 23:17:40.857 11285-11398 okhttp.OkHttpClient     com.cdccreditsmart.app               I  content-security-policy: default-src 'self'; script-src 'self' 'unsafe-inline' 'unsafe-eval' https://replit.com; style-src 'self' 'unsafe-inline' https://replit.com; img-src 'self' data: https:; font-src 'self' data: https://replit.com; connect-src 'self';
2025-11-16 23:17:40.857 11285-11398 okhttp.OkHttpClient     com.cdccreditsmart.app               I  content-type: application/json; charset=utf-8
2025-11-16 23:17:40.857 11285-11398 okhttp.OkHttpClient     com.cdccreditsmart.app               I  date: Mon, 17 Nov 2025 02:17:42 GMT
2025-11-16 23:17:40.857 11285-11398 okhttp.OkHttpClient     com.cdccreditsmart.app               I  etag: W/"69-H5UyKQcmxNYYA3rh8nPao1qiPuA"
2025-11-16 23:17:40.857 11285-11398 okhttp.OkHttpClient     com.cdccreditsmart.app               I  permissions-policy: geolocation=(), microphone=(), camera=()
2025-11-16 23:17:40.857 11285-11398 okhttp.OkHttpClient     com.cdccreditsmart.app               I  referrer-policy: strict-origin-when-cross-origin
2025-11-16 23:17:40.857 11285-11398 okhttp.OkHttpClient     com.cdccreditsmart.app               I  server: Google Frontend
2025-11-16 23:17:40.857 11285-11398 okhttp.OkHttpClient     com.cdccreditsmart.app               I  strict-transport-security: max-age=63072000; includeSubDomains
2025-11-16 23:17:40.857 11285-11398 okhttp.OkHttpClient     com.cdccreditsmart.app               I  strict-transport-security: max-age=31536000; includeSubDomains
2025-11-16 23:17:40.857 11285-11398 okhttp.OkHttpClient     com.cdccreditsmart.app               I  x-anti-fraud-protection: active
2025-11-16 23:17:40.857 11285-11398 okhttp.OkHttpClient     com.cdccreditsmart.app               I  x-certificate-pinning-enabled: false
2025-11-16 23:17:40.857 11285-11398 okhttp.OkHttpClient     com.cdccreditsmart.app               I  x-certificate-pinning-status: disabled-for-stability
2025-11-16 23:17:40.857 11285-11398 okhttp.OkHttpClient     com.cdccreditsmart.app               I  x-cloud-trace-context: 6ed853cdf53caccf45bf8dbc5847caa8
2025-11-16 23:17:40.857 11285-11398 okhttp.OkHttpClient     com.cdccreditsmart.app               I  x-content-type-options: nosniff
2025-11-16 23:17:40.857 11285-11398 okhttp.OkHttpClient     com.cdccreditsmart.app               I  x-financial-data-protection: enabled
2025-11-16 23:17:40.857 11285-11398 okhttp.OkHttpClient     com.cdccreditsmart.app               I  x-frame-options: DENY
2025-11-16 23:17:40.857 11285-11398 okhttp.OkHttpClient     com.cdccreditsmart.app               I  x-transaction-security-level: maximum
2025-11-16 23:17:40.857 11285-11398 okhttp.OkHttpClient     com.cdccreditsmart.app               I  x-xss-protection: 1; mode=block
2025-11-16 23:17:40.857 11285-11398 okhttp.OkHttpClient     com.cdccreditsmart.app               I  via: 1.1 google
2025-11-16 23:17:40.857 11285-11398 okhttp.OkHttpClient     com.cdccreditsmart.app               I  alt-svc: h3=":443"; ma=2592000,h3-29=":443"; ma=2592000
2025-11-16 23:17:40.858 11285-11398 okhttp.OkHttpClient     com.cdccreditsmart.app               I  {"deviceId":"device_1763345744228_4fyqpmlmh75","serialNumber":"AFD8YG79","commandsCount":0,"commands":[]}
2025-11-16 23:17:40.858 11285-11398 okhttp.OkHttpClient     com.cdccreditsmart.app               I  <-- END HTTP (105-byte body)
2025-11-16 23:17:40.859 11285-11423 MdmCommandReceiver      com.cdccreditsmart.app               D  âœ… Nenhum comando pendente
2025-11-16 23:17:40.859 11285-11423 MdmCommandReceiver      com.cdccreditsmart.app               D  ðŸ“Š Fetch duration: 447ms
2025-11-16 23:17:40.859 11285-11423 MdmCommandReceiver      com.cdccreditsmart.app               D  â³ [Polling #4] Aguardando 29551ms atÃ© prÃ³xima verificaÃ§Ã£o...
2025-11-16 23:17:41.575 11285-11285 SecureTokenStorage      com.cdccreditsmart.app               D  ðŸ“– Lendo customerName: Marcos Antunes
2025-11-16 23:17:41.575 11285-11285 SecureTokenStorage      com.cdccreditsmart.app               D  ðŸ“– Lendo deviceModel: Moto G15 Power
2025-11-16 23:17:41.575 11285-11285 ContractCodeStorage     com.cdccreditsmart.app               D  Retrieving contract code from storage
2025-11-16 23:17:41.639 11285-11285 ContractCodeStorage     com.cdccreditsmart.app               D  Storage verification: 7 valid, 0 tampered, 0 missing
2025-11-16 23:17:41.639 11285-11285 ContractCodeStorage     com.cdccreditsmart.app               D  Contract code retrieved successfully
2025-11-16 23:18:05.770 11285-11285 WebSocketManager        com.cdccreditsmart.app               D  Heartbeat ping sent
2025-11-16 23:18:05.792 11285-11423 BlockedAppInterceptor   com.cdccreditsmart.app               D  ðŸ”‹ OTIMIZAÃ‡ÃƒO: Sem apps bloqueados - pausando monitoramento (60s)
2025-11-16 23:18:05.937 11285-11417 WebSocketManager        com.cdccreditsmart.app               D  Message received: {"type":"pong","timestamp":"2025-11-17T02:18:07.589Z"}...
2025-11-16 23:18:05.937 11285-11417 WebSocketManager        com.cdccreditsmart.app               D  Received message type: pong
2025-11-16 23:18:05.937 11285-11417 WebSocketManager        com.cdccreditsmart.app               D  Pong received
2025-11-16 23:18:06.063 11285-11285 WebSocketManager        com.cdccreditsmart.app               D  Heartbeat ping sent
2025-11-16 23:18:06.077 11285-11423 MdmCommandReceiver      com.cdccreditsmart.app               D  ðŸ” [Polling #5] Verificando comandos pendentes...
2025-11-16 23:18:06.079 11285-11423 SecureTokenStorage      com.cdccreditsmart.app               D  âš ï¸ Usando Serial Number para MDM (IMEI indisponÃ­vel): AFD8YG...
2025-11-16 23:18:06.079 11285-11423 MdmCommandReceiver      com.cdccreditsmart.app               D  ðŸ” Buscando comandos pendentes com identifier: AFD8YG79...
2025-11-16 23:18:06.081 11285-11398 okhttp.OkHttpClient     com.cdccreditsmart.app               I  --> GET https://cdccreditsmart.com/api/apk/device/AFD8YG79/commands
2025-11-16 23:18:06.081 11285-11398 okhttp.OkHttpClient     com.cdccreditsmart.app               I  --> END GET
2025-11-16 23:18:06.269 11285-11422 WebSocketManager        com.cdccreditsmart.app               D  Message received: {"type":"pong","timestamp":"2025-11-17T02:18:07.924Z"}...
2025-11-16 23:18:06.269 11285-11422 WebSocketManager        com.cdccreditsmart.app               D  Received message type: pong
2025-11-16 23:18:06.269 11285-11422 WebSocketManager        com.cdccreditsmart.app               D  Pong received
2025-11-16 23:18:06.411 11285-11398 okhttp.OkHttpClient     com.cdccreditsmart.app               I  <-- 200 https://cdccreditsmart.com/api/apk/device/AFD8YG79/commands (330ms)
2025-11-16 23:18:06.411 11285-11398 okhttp.OkHttpClient     com.cdccreditsmart.app               I  access-control-allow-credentials: true
2025-11-16 23:18:06.411 11285-11398 okhttp.OkHttpClient     com.cdccreditsmart.app               I  access-control-allow-headers: Origin, X-Requested-With, Content-Type, Accept, Authorization, x-client-key, x-client-token, x-client-secret, cache-control
2025-11-16 23:18:06.411 11285-11398 okhttp.OkHttpClient     com.cdccreditsmart.app               I  access-control-allow-methods: GET, POST, PUT, PATCH, DELETE, OPTIONS
2025-11-16 23:18:06.411 11285-11398 okhttp.OkHttpClient     com.cdccreditsmart.app               I  access-control-allow-origin: *
2025-11-16 23:18:06.411 11285-11398 okhttp.OkHttpClient     com.cdccreditsmart.app               I  access-control-max-age: 86400
2025-11-16 23:18:06.411 11285-11398 okhttp.OkHttpClient     com.cdccreditsmart.app               I  content-length: 105
2025-11-16 23:18:06.411 11285-11398 okhttp.OkHttpClient     com.cdccreditsmart.app               I  content-security-policy: default-src 'self'; script-src 'self' 'unsafe-inline' 'unsafe-eval' https://replit.com; style-src 'self' 'unsafe-inline' https://replit.com; img-src 'self' data: https:; font-src 'self' data: https://replit.com; connect-src 'self';
2025-11-16 23:18:06.411 11285-11398 okhttp.OkHttpClient     com.cdccreditsmart.app               I  content-type: application/json; charset=utf-8
2025-11-16 23:18:06.411 11285-11398 okhttp.OkHttpClient     com.cdccreditsmart.app               I  date: Mon, 17 Nov 2025 02:18:08 GMT
2025-11-16 23:18:06.411 11285-11398 okhttp.OkHttpClient     com.cdccreditsmart.app               I  etag: W/"69-H5UyKQcmxNYYA3rh8nPao1qiPuA"
2025-11-16 23:18:06.411 11285-11398 okhttp.OkHttpClient     com.cdccreditsmart.app               I  permissions-policy: geolocation=(), microphone=(), camera=()
2025-11-16 23:18:06.411 11285-11398 okhttp.OkHttpClient     com.cdccreditsmart.app               I  referrer-policy: strict-origin-when-cross-origin
2025-11-16 23:18:06.412 11285-11398 okhttp.OkHttpClient     com.cdccreditsmart.app               I  server: Google Frontend
2025-11-16 23:18:06.412 11285-11398 okhttp.OkHttpClient     com.cdccreditsmart.app               I  strict-transport-security: max-age=63072000; includeSubDomains
2025-11-16 23:18:06.412 11285-11398 okhttp.OkHttpClient     com.cdccreditsmart.app               I  strict-transport-security: max-age=31536000; includeSubDomains
2025-11-16 23:18:06.412 11285-11398 okhttp.OkHttpClient     com.cdccreditsmart.app               I  x-anti-fraud-protection: active
2025-11-16 23:18:06.412 11285-11398 okhttp.OkHttpClient     com.cdccreditsmart.app               I  x-certificate-pinning-enabled: false
2025-11-16 23:18:06.412 11285-11398 okhttp.OkHttpClient     com.cdccreditsmart.app               I  x-certificate-pinning-status: disabled-for-stability
2025-11-16 23:18:06.412 11285-11398 okhttp.OkHttpClient     com.cdccreditsmart.app               I  x-cloud-trace-context: edf23ba6f61f0aaf14c3faf9611e8d83
2025-11-16 23:18:06.412 11285-11398 okhttp.OkHttpClient     com.cdccreditsmart.app               I  x-content-type-options: nosniff
2025-11-16 23:18:06.412 11285-11398 okhttp.OkHttpClient     com.cdccreditsmart.app               I  x-financial-data-protection: enabled
2025-11-16 23:18:06.412 11285-11398 okhttp.OkHttpClient     com.cdccreditsmart.app               I  x-frame-options: DENY
2025-11-16 23:18:06.412 11285-11398 okhttp.OkHttpClient     com.cdccreditsmart.app               I  x-transaction-security-level: maximum
2025-11-16 23:18:06.412 11285-11398 okhttp.OkHttpClient     com.cdccreditsmart.app               I  x-xss-protection: 1; mode=block
2025-11-16 23:18:06.412 11285-11398 okhttp.OkHttpClient     com.cdccreditsmart.app               I  via: 1.1 google
2025-11-16 23:18:06.412 11285-11398 okhttp.OkHttpClient     com.cdccreditsmart.app               I  alt-svc: h3=":443"; ma=2592000,h3-29=":443"; ma=2592000
2025-11-16 23:18:06.413 11285-11398 okhttp.OkHttpClient     com.cdccreditsmart.app               I  {"deviceId":"device_1763345744228_4fyqpmlmh75","serialNumber":"AFD8YG79","commandsCount":0,"commands":[]}
2025-11-16 23:18:06.413 11285-11398 okhttp.OkHttpClient     com.cdccreditsmart.app               I  <-- END HTTP (105-byte body)
2025-11-16 23:18:06.414 11285-11423 MdmCommandReceiver      com.cdccreditsmart.app               D  âœ… Nenhum comando pendente
2025-11-16 23:18:06.414 11285-11423 MdmCommandReceiver      com.cdccreditsmart.app               D  ðŸ“Š Fetch duration: 335ms
2025-11-16 23:18:06.414 11285-11423 MdmCommandReceiver      com.cdccreditsmart.app               D  â³ [Polling #5] Aguardando 29663ms atÃ© prÃ³xima verificaÃ§Ã£o...
2025-11-16 23:18:09.739 11285-11285 WebSocketManager        com.cdccreditsmart.app               D  Heartbeat ping sent
2025-11-16 23:18:09.902 11285-11428 WebSocketManager        com.cdccreditsmart.app               D  Message received: {"type":"pong","timestamp":"2025-11-17T02:18:11.559Z"}...
2025-11-16 23:18:09.902 11285-11428 WebSocketManager        com.cdccreditsmart.app               D  Received message type: pong
2025-11-16 23:18:09.902 11285-11428 WebSocketManager        com.cdccreditsmart.app               D  Pong received
2025-11-16 23:18:10.129 11285-11423 BlockedAppInterceptor   com.cdccreditsmart.app               D  ðŸ”‹ OTIMIZAÃ‡ÃƒO: Sem apps bloqueados - pausando monitoramento (60s)
2025-11-16 23:18:10.412 11285-11343 MdmCommandReceiver      com.cdccreditsmart.app               D  ðŸ” [Polling #5] Verificando comandos pendentes...
2025-11-16 23:18:10.414 11285-11343 SecureTokenStorage      com.cdccreditsmart.app               D  âš ï¸ Usando Serial Number para MDM (IMEI indisponÃ­vel): AFD8YG...
2025-11-16 23:18:10.415 11285-11343 MdmCommandReceiver      com.cdccreditsmart.app               D  ðŸ” Buscando comandos pendentes com identifier: AFD8YG79...
2025-11-16 23:18:10.417 11285-11398 okhttp.OkHttpClient     com.cdccreditsmart.app               I  --> GET https://cdccreditsmart.com/api/apk/device/AFD8YG79/commands
2025-11-16 23:18:10.417 11285-11398 okhttp.OkHttpClient     com.cdccreditsmart.app               I  --> END GET
2025-11-16 23:18:10.425 11285-11285 WebSocketManager        com.cdccreditsmart.app               D  Heartbeat ping sent
2025-11-16 23:18:10.586 11285-11433 WebSocketManager        com.cdccreditsmart.app               D  Message received: {"type":"pong","timestamp":"2025-11-17T02:18:12.244Z"}...
2025-11-16 23:18:10.586 11285-11433 WebSocketManager        com.cdccreditsmart.app               D  Received message type: pong
2025-11-16 23:18:10.586 11285-11433 WebSocketManager        com.cdccreditsmart.app               D  Pong received
2025-11-16 23:18:10.739 11285-11398 okhttp.OkHttpClient     com.cdccreditsmart.app               I  <-- 200 https://cdccreditsmart.com/api/apk/device/AFD8YG79/commands (321ms)
2025-11-16 23:18:10.739 11285-11398 okhttp.OkHttpClient     com.cdccreditsmart.app               I  access-control-allow-credentials: true
2025-11-16 23:18:10.739 11285-11398 okhttp.OkHttpClient     com.cdccreditsmart.app               I  access-control-allow-headers: Origin, X-Requested-With, Content-Type, Accept, Authorization, x-client-key, x-client-token, x-client-secret, cache-control
2025-11-16 23:18:10.739 11285-11398 okhttp.OkHttpClient     com.cdccreditsmart.app               I  access-control-allow-methods: GET, POST, PUT, PATCH, DELETE, OPTIONS
2025-11-16 23:18:10.739 11285-11398 okhttp.OkHttpClient     com.cdccreditsmart.app               I  access-control-allow-origin: *
2025-11-16 23:18:10.739 11285-11398 okhttp.OkHttpClient     com.cdccreditsmart.app               I  access-control-max-age: 86400
2025-11-16 23:18:10.739 11285-11398 okhttp.OkHttpClient     com.cdccreditsmart.app               I  content-length: 105
2025-11-16 23:18:10.739 11285-11398 okhttp.OkHttpClient     com.cdccreditsmart.app               I  content-security-policy: default-src 'self'; script-src 'self' 'unsafe-inline' 'unsafe-eval' https://replit.com; style-src 'self' 'unsafe-inline' https://replit.com; img-src 'self' data: https:; font-src 'self' data: https://replit.com; connect-src 'self';
2025-11-16 23:18:10.739 11285-11398 okhttp.OkHttpClient     com.cdccreditsmart.app               I  content-type: application/json; charset=utf-8
2025-11-16 23:18:10.739 11285-11398 okhttp.OkHttpClient     com.cdccreditsmart.app               I  date: Mon, 17 Nov 2025 02:18:12 GMT
2025-11-16 23:18:10.739 11285-11398 okhttp.OkHttpClient     com.cdccreditsmart.app               I  etag: W/"69-H5UyKQcmxNYYA3rh8nPao1qiPuA"
2025-11-16 23:18:10.739 11285-11398 okhttp.OkHttpClient     com.cdccreditsmart.app               I  permissions-policy: geolocation=(), microphone=(), camera=()
2025-11-16 23:18:10.739 11285-11398 okhttp.OkHttpClient     com.cdccreditsmart.app               I  referrer-policy: strict-origin-when-cross-origin
2025-11-16 23:18:10.739 11285-11398 okhttp.OkHttpClient     com.cdccreditsmart.app               I  server: Google Frontend
2025-11-16 23:18:10.739 11285-11398 okhttp.OkHttpClient     com.cdccreditsmart.app               I  strict-transport-security: max-age=63072000; includeSubDomains
2025-11-16 23:18:10.739 11285-11398 okhttp.OkHttpClient     com.cdccreditsmart.app               I  strict-transport-security: max-age=31536000; includeSubDomains
2025-11-16 23:18:10.739 11285-11398 okhttp.OkHttpClient     com.cdccreditsmart.app               I  x-anti-fraud-protection: active
2025-11-16 23:18:10.739 11285-11398 okhttp.OkHttpClient     com.cdccreditsmart.app               I  x-certificate-pinning-enabled: false
2025-11-16 23:18:10.739 11285-11398 okhttp.OkHttpClient     com.cdccreditsmart.app               I  x-certificate-pinning-status: disabled-for-stability
2025-11-16 23:18:10.739 11285-11398 okhttp.OkHttpClient     com.cdccreditsmart.app               I  x-cloud-trace-context: 811a616132d6cfeb14c3faf9611e85a9
2025-11-16 23:18:10.739 11285-11398 okhttp.OkHttpClient     com.cdccreditsmart.app               I  x-content-type-options: nosniff
2025-11-16 23:18:10.739 11285-11398 okhttp.OkHttpClient     com.cdccreditsmart.app               I  x-financial-data-protection: enabled
2025-11-16 23:18:10.739 11285-11398 okhttp.OkHttpClient     com.cdccreditsmart.app               I  x-frame-options: DENY
2025-11-16 23:18:10.739 11285-11398 okhttp.OkHttpClient     com.cdccreditsmart.app               I  x-transaction-security-level: maximum
2025-11-16 23:18:10.739 11285-11398 okhttp.OkHttpClient     com.cdccreditsmart.app               I  x-xss-protection: 1; mode=block
2025-11-16 23:18:10.739 11285-11398 okhttp.OkHttpClient     com.cdccreditsmart.app               I  via: 1.1 google
2025-11-16 23:18:10.739 11285-11398 okhttp.OkHttpClient     com.cdccreditsmart.app               I  alt-svc: h3=":443"; ma=2592000,h3-29=":443"; ma=2592000
2025-11-16 23:18:10.740 11285-11398 okhttp.OkHttpClient     com.cdccreditsmart.app               I  {"deviceId":"device_1763345744228_4fyqpmlmh75","serialNumber":"AFD8YG79","commandsCount":0,"commands":[]}
2025-11-16 23:18:10.740 11285-11398 okhttp.OkHttpClient     com.cdccreditsmart.app               I  <-- END HTTP (105-byte body)
2025-11-16 23:18:10.741 11285-11343 MdmCommandReceiver      com.cdccreditsmart.app               D  âœ… Nenhum comando pendente
2025-11-16 23:18:10.741 11285-11343 MdmCommandReceiver      com.cdccreditsmart.app               D  ðŸ“Š Fetch duration: 326ms
2025-11-16 23:18:10.742 11285-11343 MdmCommandReceiver      com.cdccreditsmart.app               D  â³ [Polling #5] Aguardando 29670ms atÃ© prÃ³xima verificaÃ§Ã£o...
2025-11-16 23:18:19.676 11285-11285 VRI[MainActivity]       com.cdccreditsmart.app               D  visibilityChanged oldVisibility=true newVisibility=false
2025-11-16 23:18:19.712 11285-11285 WindowOnBackDispatcher  com.cdccreditsmart.app               W  sendCancelIfRunning: isInProgress=false callback=androidx.activity.OnBackPressedDispatcher$Api34Impl$createOnBackAnimationCallback$1@71688ba
2025-11-16 23:18:21.767 11285-11581 FA                      com.cdccreditsmart.app               I  Application backgrounded at: timestamp_millis: 1763345899764
2025-11-16 23:18:31.576 11285-11285 ViewRootImpl            com.cdccreditsmart.app               D  Skipping stats log for color mode
2025-11-16 23:18:31.578 11285-11285 MainActivity            com.cdccreditsmart.app               D  ========== NEW INTENT RECEIVED ==========
2025-11-16 23:18:31.743 11285-11285 InsetsController        com.cdccreditsmart.app               D  hide(ime(), fromIme=false)
2025-11-16 23:18:31.743 11285-11285 ImeTracker              com.cdccreditsmart.app               I  com.cdccreditsmart.app:d5da1e39: onCancelled at PHASE_CLIENT_ALREADY_HIDDEN
2025-11-16 23:18:35.772 11285-11285 WebSocketManager        com.cdccreditsmart.app               D  Heartbeat ping sent
2025-11-16 23:18:35.942 11285-11417 WebSocketManager        com.cdccreditsmart.app               D  Message received: {"type":"pong","timestamp":"2025-11-17T02:18:37.593Z"}...
2025-11-16 23:18:35.942 11285-11417 WebSocketManager        com.cdccreditsmart.app               D  Received message type: pong
2025-11-16 23:18:35.942 11285-11417 WebSocketManager        com.cdccreditsmart.app               D  Pong received
2025-11-16 23:18:36.066 11285-11285 WebSocketManager        com.cdccreditsmart.app               D  Heartbeat ping sent
2025-11-16 23:18:36.078 11285-11343 MdmCommandReceiver      com.cdccreditsmart.app               D  ðŸ” [Polling #6] Verificando comandos pendentes...
2025-11-16 23:18:36.079 11285-11343 SecureTokenStorage      com.cdccreditsmart.app               D  âš ï¸ Usando Serial Number para MDM (IMEI indisponÃ­vel): AFD8YG...
2025-11-16 23:18:36.079 11285-11343 MdmCommandReceiver      com.cdccreditsmart.app               D  ðŸ” Buscando comandos pendentes com identifier: AFD8YG79...
2025-11-16 23:18:36.081 11285-11398 okhttp.OkHttpClient     com.cdccreditsmart.app               I  --> GET https://cdccreditsmart.com/api/apk/device/AFD8YG79/commands
2025-11-16 23:18:36.081 11285-11398 okhttp.OkHttpClient     com.cdccreditsmart.app               I  --> END GET
