2025-12-09 15:58:15.941  3576-14988 ScrollPolicy            pid-3576                             I  BOOST_KSWAPD; duration: 3000
2025-12-09 15:58:15.941   956-974   AppFlingMode            pid-956                              D  [CheckAppFlingHint] 49 com.transsion.XOSLauncher 120
2025-12-09 15:58:15.941  1565-4652  mtkpower_client         pid-1565                             I  perf_lock_acq, hdl:1520, dur:3000, num:2, pid:1565, tid:4652
2025-12-09 15:58:15.942  1565-4652  mtkpower_client         pid-1565                             I  ret_hdl:1529
2025-12-09 15:58:15.943   956-1025  libPowerHal             pid-956                              I  [fpsgo_ctrl_render_thread] 3832, 0xb400007918626bf8
2025-12-09 15:58:15.943  3576-14988 PowerHalMgrImpl         pid-3576                             I  hdl:1529, pid:3576 
2025-12-09 15:58:15.943  1565-4652  mtkpower_client         pid-1565                             I  perf_lock_rel, hdl:1529, tid:4652
2025-12-09 15:58:15.944  1565-5247  mtkpower_client         pid-1565                             I  perf_lock_acq, hdl:1529, dur:3000, num:2, pid:1565, tid:5247
2025-12-09 15:58:15.944   956-1025  libPowerHal             pid-956                              I  [fpsgo_ctrl_render_thread] 3832, 0xb400007918626bf8
2025-12-09 15:58:15.944   956-1025  libPowerHal             pid-956                              I  [PD] system_server update ONESHOT cmd:2000300 param:3832
2025-12-09 15:58:15.944   956-974   AppFlingMode            pid-956                              D  [CheckAppFlingHint] 43 com.transsion.XOSLauncher 120
2025-12-09 15:58:15.944   956-974   AppFlingMode            pid-956                              D  [findAppFlingRscListIndex] -1 -1 -1 9 -1 -1 -1 -1
2025-12-09 15:58:15.944   956-974   AppFlingMode            pid-956                              D  match app scn rsc index:9
2025-12-09 15:58:15.944   956-974   mtkpower@impl           pid-956                              I  [libpowerhal_CusLockHint] AppFling RscSize:20
2025-12-09 15:58:15.944   956-974   mtkpower@impl           pid-956                              I  [libpowerhal_CusLockHint] AppFling data:0x00400000, 1800000
2025-12-09 15:58:15.944   956-974   mtkpower@impl           pid-956                              I  [libpowerhal_CusLockHint] AppFling data:0x00400100, 2000000
2025-12-09 15:58:15.944   956-974   mtkpower@impl           pid-956                              I  [libpowerhal_CusLockHint] AppFling data:0x01408300, 100
2025-12-09 15:58:15.944   956-974   mtkpower@impl           pid-956                              I  [libpowerhal_CusLockHint] AppFling data:0x00c00000, 15
2025-12-09 15:58:15.944   956-974   mtkpower@impl           pid-956                              I  [libpowerhal_CusLockHint] AppFling data:0x10000010, 3000000
2025-12-09 15:58:15.944   956-974   mtkpower@impl           pid-956                              I  [libpowerhal_CusLockHint] AppFling data:0x10000011, 3000000
2025-12-09 15:58:15.944   956-974   mtkpower@impl           pid-956                              I  [libpowerhal_CusLockHint] AppFling data:0x01408300, 100
2025-12-09 15:58:15.944   956-974   mtkpower@impl           pid-956                              I  [libpowerhal_CusLockHint] AppFling data:0x01408100, 40
2025-12-09 15:58:15.944   956-974   mtkpower@impl           pid-956                              I  [libpowerhal_CusLockHint] AppFling data:0x02050000, 0
2025-12-09 15:58:15.945   956-974   mtkpower@impl           pid-956                              I  [libpowerhal_CusLockHint] AppFling data:0x0300c000, 15
2025-12-09 15:58:15.945  1565-1657  ApplicationHelper       pid-1565                             E  Fail to get PackageManager
2025-12-09 15:58:15.946   956-1025  libPowerHal             pid-956                              I  [setGPUFreq] MTKPOWER_HINT_UX_SCROLLING user set gpu freq min:15, max:-1
2025-12-09 15:58:15.946   956-1025  libPowerHal             pid-956                              I  MTKPOWER_HINT_UX_SCROLLING: set gpu opp level max: 0
2025-12-09 15:58:15.946   956-1025  libPowerHal             pid-956                              I  [setGPUFreq] Soft min/max = (0, 0); Hard min/max = (44, 0)
2025-12-09 15:58:15.946   956-1025  libPowerHal             pid-956                              I  [setGPUFreq] final min/max = (0, 0)
2025-12-09 15:58:15.946   956-1025  libPowerHal             pid-956                              I  MTKPOWER_HINT_UX_SCROLLING: set gpu opp level: 0
2025-12-09 15:58:15.946   956-1025  libPowerHal             pid-956                              I  MTKPOWER_HINT_UX_SCROLLING: set gpu opp level max: 0
2025-12-09 15:58:15.946  1565-3064  TranAppBri...Controller pid-1565                             D  [handleMessage] msg type: 1002 isCloudEnabled: true
2025-12-09 15:58:15.947   956-1025  libPowerHal             pid-956                              I  [touch_boost_enabled] value:0
2025-12-09 15:58:15.948  1079-1079  FPSGO                   pid-1079                             I  fpsgo_boost_sched_rate_ns:0
2025-12-09 15:58:15.948  1079-1079  mtkpower_client         pid-1079                             I  perf_lock_acq, hdl:0, dur:0, num:12, tid:1079
2025-12-09 15:58:15.949  1565-5247  mtkpower_client         pid-1565                             I  ret_hdl:1531
2025-12-09 15:58:15.949  1079-1079  mtkpower_client         pid-1079                             I  ret_hdl:1532
2025-12-09 15:58:15.949  1079-1079  FPSGO                   pid-1079                             I  perfLockAcq hdl:1532
2025-12-09 15:58:15.950  3576-14988 PowerHalMgrImpl         pid-3576                             I  hdl:1531, pid:3576 
2025-12-09 15:58:15.950   956-1025  libPowerHal             pid-956                              I  cmdSetting - unknown cmd:1438500, scmd:(null) ,param_1:0
2025-12-09 15:58:15.950   956-1025  libPowerHal             pid-956                              I  cmdSetting - unknown cmd:1438800, scmd:(null) ,param_1:0
2025-12-09 15:58:15.952  1565-5247  mtkpower_client         pid-1565                             I  perf_lock_rel, hdl:1531, tid:5247
2025-12-09 15:58:15.953   956-1025  libPowerHal             pid-956                              I  [PD] system_server update cmd:3408500 param:1
2025-12-09 15:58:15.953   956-1025  libPowerHal             pid-956                              I  [touch_boost_enabled] value:-1
2025-12-09 15:58:15.953   956-1025  libPowerHal             pid-956                              I  [PD] system_server update cmd:3408500 param:-1
2025-12-09 15:58:15.954  1565-1708  mtkpower_client         pid-1565                             I  perf_cus_lock_hint hint:101, dur:1000, pid:1565
2025-12-09 15:58:15.954  1203-1227  uas-service             pid-1203                             D  set scene=0x80000010 success
2025-12-09 15:58:15.954  1203-1227  uas-service             pid-1203                             D  set scene=0x8 success
2025-12-09 15:58:15.955  1565-1859  Hiber/fastState         pid-1565                             I  do fastFreeze reason=cpuboost
2025-12-09 15:58:15.955   956-974   AppFlingMode            pid-956                              D  [CheckAppFlingHint] 101 com.transsion.XOSLauncher 120
2025-12-09 15:58:15.955  1565-1859  TranCPUBooster          pid-1565                             E  boostscene6 get uas mask= 95
2025-12-09 15:58:15.955  1565-1708  mtkpower_client         pid-1565                             I  perf_cus_lock_hint, ret_hdl:1533
2025-12-09 15:58:15.955  1565-1708  PowerHalMgrImpl         pid-1565                             I  hdl:1533, pid:1565 
2025-12-09 15:58:15.956  1565-3792  Hiber/fastState         pid-1565                             W  uid=10244 is exempt-app
2025-12-09 15:58:15.956  1565-3792  Hiber/fastState         pid-1565                             W  uid=10265 is pending
2025-12-09 15:58:15.956  1565-3792  Hiber/fastState         pid-1565                             W  uid=10127 is default-app
2025-12-09 15:58:15.956  1565-1859  Process                 pid-1565                             I  String at 0: 0x7baa296601 = ProcessCapacityNormal
2025-12-09 15:58:15.956   956-1025  libPowerHal             pid-956                              I  [setGPUFreq] MTKPOWER_HINT_LAUNCHER_ANIMA user set gpu freq min:0, max:-1
2025-12-09 15:58:15.956   956-1025  libPowerHal             pid-956                              I  MTKPOWER_HINT_LAUNCHER_ANIMA: set gpu opp level max: 0
2025-12-09 15:58:15.956   956-1025  libPowerHal             pid-956                              I  [setGPUFreq] Soft min/max = (0, 0); Hard min/max = (44, 0)
2025-12-09 15:58:15.956   956-1025  libPowerHal             pid-956                              I  [setGPUFreq] final min/max = (0, 0)
2025-12-09 15:58:15.956   956-1025  libPowerHal             pid-956                              I  MTKPOWER_HINT_LAUNCHER_ANIMA: set gpu opp level: 0
2025-12-09 15:58:15.956   956-1025  libPowerHal             pid-956                              I  MTKPOWER_HINT_LAUNCHER_ANIMA: set gpu opp level max: 0
2025-12-09 15:58:15.956  1565-1859  TranCPUBooster          pid-1565                             D  [setAffinity] Pid:1022 mask:6-7
2025-12-09 15:58:15.956  1565-1859  Process                 pid-1565                             I  String at 0: 0x7baa296601 = ProcessCapacityNormal
2025-12-09 15:58:15.956  1565-3792  Hiber/fastState         pid-1565                             W  uid=10218 is default-app
2025-12-09 15:58:15.956  1565-1859  TranCPUBooster          pid-1565                             D  [setAffinity] Pid:1088 mask:6-7
2025-12-09 15:58:15.956  1565-1859  TranCPUBooster          pid-1565                             D  [setAffinity] Pid:5656 mask:0-5
2025-12-09 15:58:15.957  1203-1227  uas-service             pid-1203                             D  thread(pid=1660) ux_exact_android.anim is uxtag 0x100420 ref 0x1
2025-12-09 15:58:15.958  3576-3576  InsetsController        pid-3576                             I  Insets animation onAnimationEnd
2025-12-09 15:58:15.959  3576-3576  ImeTracker              pid-3576                             I  com.transsion.XOSLauncher:a61674de: onRequestHide at ORIGIN_CLIENT reason HIDE_SOFT_INPUT_ON_ANIMATION_STATE_CHANGED fromUser false
2025-12-09 15:58:15.960  3576-3576  ImeTracker              pid-3576                             I  com.transsion.XOSLauncher:524eb5aa: onHidden
2025-12-09 15:58:15.960  1565-3167  Hiber/nati...viceClient pid-1565                             I  check binder uid=10066
2025-12-09 15:58:15.962  1565-2044  ImeTracker              pid-1565                             I  com.transsion.XOSLauncher:a61674de: onCancelled at PHASE_SERVER_SHOULD_HIDE
2025-12-09 15:58:15.962  1565-2044  TranWindow...erviceImpl pid-1565                             D  hookIMEVisibleChanged(), show:false
2025-12-09 15:58:15.962  1565-2044  TranMultiW...ponentImpl pid-1565                             I  hookInputMethodShown inputShown: false, connected:false, unbd:false
2025-12-09 15:58:15.962  1565-2044  TranSCSour...anagerImpl pid-1565                             I  hookInputMethodShown inputShown: false
2025-12-09 15:58:15.962  1565-2044  TranSecure...anagerImpl pid-1565                             D  hookInputShowFromIMMS inputShow= false , mVisible = false , mNeedShow = false
2025-12-09 15:58:15.963  1565-3167  Hiber/nati...viceClient pid-1565                             I  check binder uid=10131
2025-12-09 15:58:15.965  1565-1708  mtkpower_client         pid-1565                             I  perf_lock_rel, hdl:1533, tid:1708
2025-12-09 15:58:15.965  1565-3792  Hiber/fastState         pid-1565                             I  fastFreeze reason=cpuboost size=11 uids=[10066, 10131, 10165, 10197, 10208, 10209, 10210, 10231, 10242, 10277, 10279] about costTime=9ms
2025-12-09 15:58:15.966   956-1025  libPowerHal             pid-956                              I  [unsetGPUFreq] current min:0, max:0; scn_gpu_min:0, scn_gpu_max:-1; scn_gpu_min(HL):-1, scn_gpu_max(HL):-1
2025-12-09 15:58:15.966   956-1025  libPowerHal             pid-956                              I  [setGPUFreq] Soft min/max = (0, 0); Hard min/max = (44, 0)
2025-12-09 15:58:15.966   956-1025  libPowerHal             pid-956                              I  [setGPUFreq] final min/max = (0, 0)
2025-12-09 15:58:15.966   956-1025  libPowerHal             pid-956                              I  MTKPOWER_HINT_LAUNCHER_ANIMA: set gpu opp level: 0
2025-12-09 15:58:15.966   956-1025  libPowerHal             pid-956                              I  MTKPOWER_HINT_LAUNCHER_ANIMA: set gpu opp level max: 0
2025-12-09 15:58:15.968  1565-3167  Hiber/nati...viceClient pid-1565                             I  check binder uid=10165
2025-12-09 15:58:15.971  1565-1657  ApplicationHelper       pid-1565                             E  Fail to get PackageManager
2025-12-09 15:58:15.972  1565-3167  Hiber/nati...viceClient pid-1565                             I  check binder uid=10197
2025-12-09 15:58:15.974  1565-3167  Hiber/nati...viceClient pid-1565                             I  check binder uid=10208
2025-12-09 15:58:15.976  1565-3167  Hiber/nati...viceClient pid-1565                             I  check binder uid=10209
2025-12-09 15:58:15.977  1565-3167  Hiber/nati...viceClient pid-1565                             I  check binder uid=10210
2025-12-09 15:58:15.979  1565-3167  Hiber/nati...viceClient pid-1565                             I  check binder uid=10231
2025-12-09 15:58:15.981  1565-3167  Hiber/nati...viceClient pid-1565                             I  check binder uid=10242
2025-12-09 15:58:15.982  1565-3167  Hiber/nati...viceClient pid-1565                             I  check binder uid=10277
2025-12-09 15:58:15.983  1565-3167  Hiber/nati...viceClient pid-1565                             I  check binder uid=10279
2025-12-09 15:58:15.991  3576-3576  TrWorkSpace             pid-3576                             W  setAlpha: 0.0
2025-12-09 15:58:15.992  1565-1657  ApplicationHelper       pid-1565                             E  Fail to get PackageManager
2025-12-09 15:58:15.993  1565-1657  ApplicationHelper       pid-1565                             E  Fail to get PackageManager
2025-12-09 15:58:15.994   956-1025  libPowerHal             pid-956                              I  [PD] MTKPOWER_HINT_APP_TOUCH update cmd:3408b00 param:0
2025-12-09 15:58:15.994   956-975   mtkpower@impl           pid-956                              I  [setBoost] Boost::INTERACTION,escap_time 759. leave_time:371
2025-12-09 15:58:15.995   956-975   AppFlingMode            pid-956                              D  [CheckAppFlingHint] 0 com.transsion.XOSLauncher 120
2025-12-09 15:58:15.995   956-975   AppFlingMode            pid-956                              D  [findAppFlingRscListIndex] -1 -1 -1 9 -1 -1 -1 -1
2025-12-09 15:58:15.995   956-975   AppFlingMode            pid-956                              D  match app scn rsc index:9
2025-12-09 15:58:15.995   956-975   mtkpower@impl           pid-956                              I  [libpowerhal_CusLockHint] AppFling RscSize:20
2025-12-09 15:58:15.995   956-975   mtkpower@impl           pid-956                              I  [libpowerhal_CusLockHint] AppFling data:0x00400000, 1800000
2025-12-09 15:58:15.995   956-975   mtkpower@impl           pid-956                              I  [libpowerhal_CusLockHint] AppFling data:0x00400100, 2000000
2025-12-09 15:58:15.995   956-975   mtkpower@impl           pid-956                              I  [libpowerhal_CusLockHint] AppFling data:0x01408300, 100
2025-12-09 15:58:15.995   956-975   mtkpower@impl           pid-956                              I  [libpowerhal_CusLockHint] AppFling data:0x00c00000, 15
2025-12-09 15:58:15.995   956-975   mtkpower@impl           pid-956                              I  [libpowerhal_CusLockHint] AppFling data:0x10000010, 3000000
2025-12-09 15:58:15.995   956-975   mtkpower@impl           pid-956                              I  [libpowerhal_CusLockHint] AppFling data:0x10000011, 3000000
2025-12-09 15:58:15.995   956-975   mtkpower@impl           pid-956                              I  [libpowerhal_CusLockHint] AppFling data:0x01408300, 100
2025-12-09 15:58:15.995   956-975   mtkpower@impl           pid-956                              I  [libpowerhal_CusLockHint] AppFling data:0x01408100, 40
2025-12-09 15:58:15.995   956-975   mtkpower@impl           pid-956                              I  [libpowerhal_CusLockHint] AppFling data:0x02050000, 0
2025-12-09 15:58:15.995   956-975   mtkpower@impl           pid-956                              I  [libpowerhal_CusLockHint] AppFling data:0x0300c000, 15
2025-12-09 15:58:15.995   956-1025  libPowerHal             pid-956                              I  [setGPUFreq] INTERACTION user set gpu freq min:15, max:-1
2025-12-09 15:58:15.995   956-1025  libPowerHal             pid-956                              I  INTERACTION: set gpu opp level max: 0
2025-12-09 15:58:15.995   956-1025  libPowerHal             pid-956                              I  [setGPUFreq] Soft min/max = (0, 0); Hard min/max = (44, 0)
2025-12-09 15:58:15.995   956-1025  libPowerHal             pid-956                              I  [setGPUFreq] final min/max = (0, 0)
2025-12-09 15:58:15.995   956-1025  libPowerHal             pid-956                              I  INTERACTION: set gpu opp level: 0
2025-12-09 15:58:15.995   956-1025  libPowerHal             pid-956                              I  INTERACTION: set gpu opp level max: 0
2025-12-09 15:58:15.996   956-1025  libPowerHal             pid-956                              I  [unsetGPUFreq] current min:0, max:0; scn_gpu_min:15, scn_gpu_max:-1; scn_gpu_min(HL):-1, scn_gpu_max(HL):-1
2025-12-09 15:58:15.996   956-1025  libPowerHal             pid-956                              I  [setGPUFreq] Soft min/max = (0, 0); Hard min/max = (44, 0)
2025-12-09 15:58:15.996   956-1025  libPowerHal             pid-956                              I  [setGPUFreq] final min/max = (0, 0)
2025-12-09 15:58:15.996   956-1025  libPowerHal             pid-956                              I  INTERACTION: set gpu opp level: 0
2025-12-09 15:58:15.996  3576-3576  TrWorkSpace             pid-3576                             W  setAlpha: 0.0
2025-12-09 15:58:15.996   956-1025  libPowerHal             pid-956                              I  INTERACTION: set gpu opp level max: 0
2025-12-09 15:58:15.997  3576-3576  TrJankMonitorWrapper    pid-3576                             I  =============cancel==============cujType:66
2025-12-09 15:58:15.997  3576-3576  AbstractSt...Controller pid-3576                             D  AbstractStateChangeTouchController[SwipeToOverviewTouchController]targetState :AllApps
2025-12-09 15:58:15.997  3576-3576  TrFolderCore            pid-3576                             I  onStateTransitionStart :[AllApps]
2025-12-09 15:58:15.997  3576-3691  TrQuickste...ionManager pid-3576                             I  cancelTaskLaunchAnimator: null
2025-12-09 15:58:15.997 13596-14179 ScreenTouchCollector    pid-13596                            I  resetTouchPara:reason= InputEvent ACTION_UP or ACTION_CANCEL
2025-12-09 15:58:15.997  3576-3576  TrWorkSpace             pid-3576                             W  setAlpha: 0.0
2025-12-09 15:58:15.997  3576-3576  ScrollIdentify          pid-3576                             I  on fling
2025-12-09 15:58:15.998  1565-5265  SettingsProvider        pid-1565                             V  name : launcher_static_window_anim appId : 10169
2025-12-09 15:58:15.998  1565-5265  SettingsProvider        pid-1565                             V  Package name : com.transsion.XOSLauncher privateFlags : -1402990328
2025-12-09 15:58:15.999  3576-3576  TrJankMonitorWrapper    pid-3576                             I  =============begin-next-frame==============cujType:25
2025-12-09 15:58:15.999  3576-3576  TrWorkSpace             pid-3576                             W  setAlpha: 0.0
2025-12-09 15:58:16.000  4663-5707  ScreenTouchCollector    pid-4663                             I  resetTouchPara:reason= InputEvent ACTION_UP or ACTION_CANCEL
2025-12-09 15:58:16.002   956-1025  libPowerHal             pid-956                              I  [unsetGPUFreq] current min:0, max:0; scn_gpu_min:15, scn_gpu_max:-1; scn_gpu_min(HL):-1, scn_gpu_max(HL):-1
2025-12-09 15:58:16.002   956-1025  libPowerHal             pid-956                              I  [setGPUFreq] Soft min/max = (0, 0); Hard min/max = (44, 0)
2025-12-09 15:58:16.002   956-1025  libPowerHal             pid-956                              I  [setGPUFreq] final min/max = (0, 0)
2025-12-09 15:58:16.002   956-1025  libPowerHal             pid-956                              I  MTKPOWER_HINT_UX_MOVE_SCROLLING: set gpu opp level: 0
2025-12-09 15:58:16.002   956-1025  libPowerHal             pid-956                              I  MTKPOWER_HINT_UX_MOVE_SCROLLING: set gpu opp level max: 0
2025-12-09 15:58:16.004  1565-1657  ApplicationHelper       pid-1565                             E  Fail to get PackageManager
2025-12-09 15:58:16.005 16777-23277 Finsky:background       pid-16777                            I  [1054] aqil.k(30): DS::IDC: updateWith: <8:SUCCEEDED>
2025-12-09 15:58:16.005 16777-23277 Finsky:background       pid-16777                            I  [1054] aqil.k(195): DS::IDC: All invisible downloads are finished.
2025-12-09 15:58:16.006 16777-23277 Finsky:background       pid-16777                            I  [1054] rhf.c(6): DS::ISM: Stopping invisible download job
2025-12-09 15:58:16.008  3576-3576  TrWorkSpace             pid-3576                             W  setAlpha: 0.0
2025-12-09 15:58:16.009  1565-5268  mtkpower_client         pid-1565                             I  perf_lock_acq, hdl:1531, dur:3000, num:4, pid:1565, tid:5268
2025-12-09 15:58:16.010   956-1025  libPowerHal             pid-956                              I  [fpsgo_noctrl_render_thread] -3832, 0xb400007918621e50
2025-12-09 15:58:16.010   956-1025  libPowerHal             pid-956                              E  Could not open '/sys/kernel/fpsgo/fstb/set_render_no_ctrl'
2025-12-09 15:58:16.010   956-1025  libPowerHal             pid-956                              E  error : 2, No such file or directory
2025-12-09 15:58:16.010   956-1025  libPowerHal             pid-956                              I  [fpsgo_ctrl_render_thread] 3832, 0xb400007918621e50
2025-12-09 15:58:16.011  1565-5268  mtkpower_client         pid-1565                             I  ret_hdl:1535
2025-12-09 15:58:16.012  3576-14988 PowerHalMgrImpl         pid-3576                             I  hdl:1535, pid:3576 
2025-12-09 15:58:16.012  1565-5268  mtkpower_client         pid-1565                             I  perf_lock_rel, hdl:1535, tid:5268
2025-12-09 15:58:16.013   956-974   AppFlingMode            pid-956                              D  [CheckAppFlingHint] 43 com.transsion.XOSLauncher 120
2025-12-09 15:58:16.013   956-974   AppFlingMode            pid-956                              D  [findAppFlingRscListIndex] -1 -1 -1 9 -1 -1 -1 -1
2025-12-09 15:58:16.013   956-974   AppFlingMode            pid-956                              D  match app scn rsc index:9
2025-12-09 15:58:16.013   956-974   mtkpower@impl           pid-956                              I  [libpowerhal_CusLockHint] AppFling RscSize:20
2025-12-09 15:58:16.013   956-974   mtkpower@impl           pid-956                              I  [libpowerhal_CusLockHint] AppFling data:0x00400000, 1800000
2025-12-09 15:58:16.013   956-974   mtkpower@impl           pid-956                              I  [libpowerhal_CusLockHint] AppFling data:0x00400100, 2000000
2025-12-09 15:58:16.013   956-974   mtkpower@impl           pid-956                              I  [libpowerhal_CusLockHint] AppFling data:0x01408300, 100
2025-12-09 15:58:16.013   956-974   mtkpower@impl           pid-956                              I  [libpowerhal_CusLockHint] AppFling data:0x00c00000, 15
2025-12-09 15:58:16.013   956-974   mtkpower@impl           pid-956                              I  [libpowerhal_CusLockHint] AppFling data:0x10000010, 3000000
2025-12-09 15:58:16.013   956-974   mtkpower@impl           pid-956                              I  [libpowerhal_CusLockHint] AppFling data:0x10000011, 3000000
2025-12-09 15:58:16.013   956-974   mtkpower@impl           pid-956                              I  [libpowerhal_CusLockHint] AppFling data:0x01408300, 100
2025-12-09 15:58:16.013   956-974   mtkpower@impl           pid-956                              I  [libpowerhal_CusLockHint] AppFling data:0x01408100, 40
2025-12-09 15:58:16.013   956-974   mtkpower@impl           pid-956                              I  [libpowerhal_CusLockHint] AppFling data:0x02050000, 0
2025-12-09 15:58:16.013   956-974   mtkpower@impl           pid-956                              I  [libpowerhal_CusLockHint] AppFling data:0x0300c000, 15
2025-12-09 15:58:16.013   956-1025  libPowerHal             pid-956                              I  [fpsgo_noctrl_render_thread] -3832, 0xb400007918621e50
2025-12-09 15:58:16.013   956-1025  libPowerHal             pid-956                              E  Could not open '/sys/kernel/fpsgo/fstb/set_render_no_ctrl'
2025-12-09 15:58:16.013   956-1025  libPowerHal             pid-956                              E  error : 2, No such file or directory
2025-12-09 15:58:16.013   956-1025  libPowerHal             pid-956                              I  [PD] system_server update ONESHOT cmd:2000400 param:-3832
2025-12-09 15:58:16.013   956-1025  libPowerHal             pid-956                              I  [fpsgo_ctrl_render_thread] 3832, 0xb400007918621e50
2025-12-09 15:58:16.013   956-1025  libPowerHal             pid-956                              I  [PD] system_server update ONESHOT cmd:2000300 param:3832
2025-12-09 15:58:16.015  1565-1657  ApplicationHelper       pid-1565                             E  Fail to get PackageManager
2025-12-09 15:58:16.015  1565-1657  ApplicationHelper       pid-1565                             E  Fail to get PackageManager
2025-12-09 15:58:16.016  3576-3576  TrWorkSpace             pid-3576                             W  setAlpha: 0.0
2025-12-09 15:58:16.016 14852-14852 Finsky                  pid-14852                            I  [2] DownloadServiceReceiver.b(102): DSR: Download broadcast received by main process for <8:SUCCEEDED>
2025-12-09 15:58:16.017   956-1025  libPowerHal             pid-956                              I  [setGPUFreq] MTKPOWER_HINT_UX_SCROLLING user set gpu freq min:15, max:-1
2025-12-09 15:58:16.017   956-1025  libPowerHal             pid-956                              I  MTKPOWER_HINT_UX_SCROLLING: set gpu opp level max: 0
2025-12-09 15:58:16.017   956-1025  libPowerHal             pid-956                              I  [setGPUFreq] Soft min/max = (0, 0); Hard min/max = (44, 0)
2025-12-09 15:58:16.017   956-1025  libPowerHal             pid-956                              I  [setGPUFreq] final min/max = (0, 0)
2025-12-09 15:58:16.017   956-1025  libPowerHal             pid-956                              I  MTKPOWER_HINT_UX_SCROLLING: set gpu opp level: 0
2025-12-09 15:58:16.017   956-1025  libPowerHal             pid-956                              I  MTKPOWER_HINT_UX_SCROLLING: set gpu opp level max: 0
2025-12-09 15:58:16.017 14852-14852 Finsky                  pid-14852                            I  [2] rhs.c(108): DSC::L: Update all listeners for download <8:SUCCEEDED> in group Google Play:GLtyZnllSvK2_wJZACUEYA
2025-12-09 15:58:16.018 14852-14852 Finsky                  pid-14852                            I  [2] rhs.c(148): DSC::L: Updating listener ahin@ca4839 for download <8:SUCCEEDED>
2025-12-09 15:58:16.019 14852-14852 Finsky                  pid-14852                            I  [2] ahij.f(89): SU: Received onStateUpdate with status: 3
2025-12-09 15:58:16.019 14852-14852 Finsky                  pid-14852                            I  [2] rhv.d(1): unregisterListener
2025-12-09 15:58:16.019   956-1025  libPowerHal             pid-956                              I  [unsetGPUFreq] current min:0, max:0; scn_gpu_min:15, scn_gpu_max:-1; scn_gpu_min(HL):-1, scn_gpu_max(HL):-1
2025-12-09 15:58:16.019   956-1025  libPowerHal             pid-956                              I  [setGPUFreq] Soft min/max = (0, 0); Hard min/max = (44, 0)
2025-12-09 15:58:16.019   956-1025  libPowerHal             pid-956                              I  [setGPUFreq] final min/max = (0, 0)
2025-12-09 15:58:16.019   956-1025  libPowerHal             pid-956                              I  MTKPOWER_HINT_UX_SCROLLING: set gpu opp level: 0
2025-12-09 15:58:16.020   956-1025  libPowerHal             pid-956                              I  MTKPOWER_HINT_UX_SCROLLING: set gpu opp level max: 0
2025-12-09 15:58:16.024  3576-3576  TrWorkSpace             pid-3576                             W  setAlpha: 0.0
2025-12-09 15:58:16.028 14852-14852 Finsky                  pid-14852                            I  [2] rhs.c(148): DSC::L: Updating listener rca@929c130 for download <8:SUCCEEDED>
2025-12-09 15:58:16.028 14852-14852 Finsky                  pid-14852                            I  [2] rhs.c(148): DSC::L: Updating listener DownloadServiceManagerListener::prx@75ebecd for download <8:SUCCEEDED>
2025-12-09 15:58:16.028 14852-14852 Finsky                  pid-14852                            I  [2] rby.f(179): DSM::L:status update is skipped for non-installer download.
2025-12-09 15:58:16.029 14852-14852 Finsky                  pid-14852                            I  [2] rhs.c(148): DSC::L: Updating listener DownloadServiceManagerListener::afdt@2731c07 for download <8:SUCCEEDED>
2025-12-09 15:58:16.029 14852-14852 Finsky                  pid-14852                            I  [2] rby.f(179): DSM::L:status update is skipped for non-installer download.
2025-12-09 15:58:16.030 14852-14852 Finsky                  pid-14852                            I  [2] rhs.c(148): DSC::L: Updating listener nmj@434ca for download <8:SUCCEEDED>
2025-12-09 15:58:16.030 14852-15006 Finsky                  pid-14852                            I  [923] mgp.g(167): RECEIVER_DOWNLOAD_SERVICE#logWorkEndAndFinishGoAsync: SUCCESS
2025-12-09 15:58:16.032  3576-3576  TrWorkSpace             pid-3576                             W  setAlpha: 0.0
2025-12-09 15:58:16.037 16777-23287 Finsky:background       pid-16777                            I  [1056] afff.apply(152): SCH: Canceling job 40-9998
2025-12-09 15:58:16.038 14852-14852 Finsky                  pid-14852                            I  [2] ahjh.o(1172): SU: Self-update ready to be installed, waiting for market to close.
2025-12-09 15:58:16.039 14852-14852 Finsky                  pid-14852                            I  [2] apoz.run(207): SU: Self-update installation running.
2025-12-09 15:58:16.039 16777-17721 Finsky:background       pid-16777                            I  [1033] agqw.a(15): SCH: no pending jobs to schedule.
2025-12-09 15:58:16.041  3576-3576  TrWorkSpace             pid-3576                             W  setAlpha: 0.0
2025-12-09 15:58:16.045  1565-1657  ApplicationHelper       pid-1565                             E  Fail to get PackageManager
2025-12-09 15:58:16.046  1565-1657  ApplicationHelper       pid-1565                             E  Fail to get PackageManager
2025-12-09 15:58:16.048  1565-1657  ApplicationHelper       pid-1565                             E  Fail to get PackageManager
2025-12-09 15:58:16.048  1565-1657  ApplicationHelper       pid-1565                             E  Fail to get PackageManager
2025-12-09 15:58:16.049  3576-3576  TrWorkSpace             pid-3576                             W  setAlpha: 0.0
2025-12-09 15:58:16.056 21807-23238 Auth                    pid-21807                            I  [AuthManaged, PasswordComplexityHelperImpl] Updating password complexity components state.
2025-12-09 15:58:16.056 21807-23238 Auth                    pid-21807                            I  [AuthManaged, PasswordComplexityHelperImpl] Disabling com.google.android.gms.auth.managed.admin.DeviceAdminReceiver
2025-12-09 15:58:16.056  1565-1657  ApplicationHelper       pid-1565                             E  Fail to get PackageManager
2025-12-09 15:58:16.057 21807-23238 Auth                    pid-21807                            I  [AuthManaged, PasswordComplexityHelperImpl] Disabling com.google.android.gms.auth.managed.ui.SetNewPasswordActivity
2025-12-09 15:58:16.057  1565-4652  PackageInstaller        pid-1565                             I  Installation Boost On
2025-12-09 15:58:16.057  3576-3576  TrWorkSpace             pid-3576                             W  setAlpha: 0.0
2025-12-09 15:58:16.058  1565-4652  PowerHalWrapper         pid-1565                             I  <setInstallationBoost> enable:true 
2025-12-09 15:58:16.059   956-974   AppFlingMode            pid-956                              D  [CheckAppFlingHint] 29 com.transsion.XOSLauncher 120
2025-12-09 15:58:16.063   956-997   libPerfCtl              pid-956                              I  xgfGetFPS pid:3576 fps:108
2025-12-09 15:58:16.063   956-997   AppThermalMode          pid-956                              I  [perfNotifyThermalState] hdl:0
2025-12-09 15:58:16.063   956-997   AppThermalMode          pid-956                              I  [findAppThermalIdx] Fail: appThermalModeEnable: 0,currentFPS: 120,fg->pid:3576
2025-12-09 15:58:16.063   956-997   AppThermalMode          pid-956                              I  [perfNotifyThermalState] appThermalIdx -1:
2025-12-09 15:58:16.063   956-997   libPerfCtl              pid-956                              I  xgfGetFPS pid:4180 fps:-1
2025-12-09 15:58:16.063   956-997   AppThermalMode          pid-956                              I  [perfNotifyThermalState] hdl:0
2025-12-09 15:58:16.063   956-997   AppThermalMode          pid-956                              I  [findAppThermalIdx] Fail: appThermalModeEnable: 0,currentFPS: 120,fg->pid:3576
2025-12-09 15:58:16.063   956-997   AppThermalMode          pid-956                              I  [perfNotifyThermalState] appThermalIdx -1:
2025-12-09 15:58:16.063   956-997   libPerfCtl              pid-956                              I  xgfGetFPS pid:5656 fps:-1
2025-12-09 15:58:16.063   956-997   AppThermalMode          pid-956                              I  [perfNotifyThermalState] hdl:0
2025-12-09 15:58:16.063   956-997   AppThermalMode          pid-956                              I  [findAppThermalIdx] Fail: appThermalModeEnable: 0,currentFPS: 120,fg->pid:3576
2025-12-09 15:58:16.063   956-997   AppThermalMode          pid-956                              I  [perfNotifyThermalState] appThermalIdx -1:
2025-12-09 15:58:16.063   956-997   libPerfCtl              pid-956                              I  xgfGetFPS pid:20060 fps:-1
2025-12-09 15:58:16.063   956-997   AppThermalMode          pid-956                              I  [perfNotifyThermalState] hdl:0
2025-12-09 15:58:16.063   956-997   AppThermalMode          pid-956                              I  [findAppThermalIdx] Fail: appThermalModeEnable: 0,currentFPS: 120,fg->pid:3576
2025-12-09 15:58:16.063   956-997   AppThermalMode          pid-956                              I  [perfNotifyThermalState] appThermalIdx -1:
2025-12-09 15:58:16.063   956-997   libPerfCtl              pid-956                              I  xgfGetFPS pid:22223 fps:78
2025-12-09 15:58:16.063   956-997   AppThermalMode          pid-956                              I  [perfNotifyThermalState] hdl:0
2025-12-09 15:58:16.063   956-997   AppThermalMode          pid-956                              I  [findAppThermalIdx] Fail: appThermalModeEnable: 0,currentFPS: 120,fg->pid:3576
2025-12-09 15:58:16.063   956-997   AppThermalMode          pid-956                              I  [perfNotifyThermalState] appThermalIdx -1:
2025-12-09 15:58:16.066  3576-3576  TrWorkSpace             pid-3576                             W  setAlpha: 0.0
2025-12-09 15:58:16.071 18409-24302 libMEOW                 pid-18409                            D  meow new tls: 0xb400007a0f8b11b0
2025-12-09 15:58:16.071 18409-24302 libMEOW                 pid-18409                            D  applied 1 plugins for [com.transsion.XOSLauncher]:
2025-12-09 15:58:16.071 18409-24302 libMEOW                 pid-18409                            D    plugin 1: [libMEOW_gift.so]: 0xb40000795f70c820
2025-12-09 15:58:16.072 18409-24302 libMEOW                 pid-18409                            D  rebuild call chain: 0xb400007a0f8e11e0
2025-12-09 15:58:16.074  3576-3576  TrWorkSpace             pid-3576                             W  setAlpha: 0.0
2025-12-09 15:58:16.082  3576-3576  TrWorkSpace             pid-3576                             W  setAlpha: 0.0
2025-12-09 15:58:16.090  3576-3576  TrJankMonitorWrapper    pid-3576                             I  =============end==============cujType:25
2025-12-09 15:58:16.091  3576-3576  TrWorkSpace             pid-3576                             W  setAlpha: 0.0
2025-12-09 15:58:16.093 18409-18462 libMEOW                 pid-18409                            D  meow new tls: 0xb400007a0f8f11f0
2025-12-09 15:58:16.093 18409-18462 libMEOW                 pid-18409                            D  applied 1 plugins for [com.transsion.XOSLauncher]:
2025-12-09 15:58:16.093 18409-18462 libMEOW                 pid-18409                            D    plugin 1: [libMEOW_gift.so]: 0xb40000795f70c820
2025-12-09 15:58:16.093 18409-18462 libMEOW                 pid-18409                            D  rebuild call chain: 0xb400007a0f881180
2025-12-09 15:58:16.095 18409-18462 ion.XOSLauncher         pid-18409                            E  == MALI DEBUG ===eglp_winsys_populate_image_templates ==12288
2025-12-09 15:58:16.100  3576-3576  TrWorkSpace             pid-3576                             W  setVisibility: 4
2025-12-09 15:58:16.100  3576-3576  TrWorkSpace             pid-3576                             W  setAlpha: 0.0
2025-12-09 15:58:16.100  3576-3576  TrLauncher              pid-3576                             D  onStateSetEnd: AllApps
2025-12-09 15:58:16.100  3576-3576  LauncherPreAnalytics    pid-3576                             I  postAthenaEvent tid = 9461 eventName = a_z_pageex bundle = Bundle[{tab=All, tab_status=1, FORMAT=portrait}]
2025-12-09 15:58:16.100  3576-3576  TrFolderCore            pid-3576                             I  onStateTransitionComplete:[AllApps]
2025-12-09 15:58:16.100  3576-3576  PreviewSta...ionHandler pid-3576                             D  onStateTransitionComplete: AllApps  from Normal
2025-12-09 15:58:16.101  3576-3576  StatsLog                pid-3576                             I  LAUNCHER_ALLAPPS_OPEN_UP
2025-12-09 15:58:16.101  1203-1227  uas-service             pid-1203                             D  set scene=0x80000008 success
2025-12-09 15:58:16.105  1565-1859  Process                 pid-1565                             I  String at 0: 0x7baa296601 = SFMainPolicy
2025-12-09 15:58:16.106  1565-1859  Process                 pid-1565                             I  String at 0: 0x7baa296601 = SFRenderEnginePolicy
2025-12-09 15:58:16.106  1565-1859  TranCPUBooster          pid-1565                             D  [setAffinity] Pid:5656 mask:0-7
2025-12-09 15:58:16.107  1565-1859  Hiber/fastState         pid-1565                             I  do fastUnfreeze reason=cpuboost delay=0
2025-12-09 15:58:16.110  1565-3792  Hiber/fastState         pid-1565                             I  fastUnFreeze reason=cpuboost size=11 uids=[10066, 10131, 10165, 10197, 10208, 10209, 10210, 10231, 10242, 10277, 10279] about costTime=3ms
2025-12-09 15:58:16.120  1022-1084  SurfaceFlinger          pid-1022                             I  setDesiredDisplayModeSpecs: calling_process=system_server
2025-12-09 15:58:16.121  1022-1022  SurfaceFlinger          pid-1022                             I  setDesiredDisplayModeSpecs: policy={defaultModeId=1, allowGroupSwitching=false, primaryRanges={physical=[60.00 Hz, 120.00 Hz], render=[60.00 Hz, 120.00 Hz]}, appRequestRanges={physical=[0.00 Hz, 120.00 Hz], render=[0.00 Hz, 120.00 Hz]} idleScreenConfig=nullptr}
2025-12-09 15:58:16.121  1022-1022  RefreshRateSelector     pid-1022                             I  Display 0 policy changed
                                                                                                    Previous: {defaultModeId=0, allowGroupSwitching=false, primaryRanges={physical=[60.00 Hz, 120.00 Hz], render=[60.00 Hz, 120.00 Hz]}, appRequestRanges={physical=[0.00 Hz, 120.00 Hz], render=[0.00 Hz, 120.00 Hz]} idleScreenConfig=nullptr}
                                                                                                    Current:  DisplayManagerPolicy{defaultModeId=1, allowGroupSwitching=false, primaryRanges={physical=[60.00 Hz, 120.00 Hz], render=[60.00 Hz, 120.00 Hz]}, appRequestRanges={physical=[0.00 Hz, 120.00 Hz], render=[0.00 Hz, 120.00 Hz]} idleScreenConfig=nullptr}
                                                                                                    0 mode changes were performed under the previous policy
2025-12-09 15:58:16.121  1022-1022  DisplayModeController   pid-1022                             D  setDesiredMode 0 {mode={fps=120.00 Hz, modePtr={id=0, vsyncRate=120.00 Hz, peakRefreshRate=120.00 Hz}}, emitEvent=true, force=false}
2025-12-09 15:58:16.122  1565-1659  DisplayDeviceRepository pid-1565                             I  Display device changed: DisplayDeviceInfo{"Built-in Screen": uniqueId="local:0", 1080 x 2436, modeId 1, renderFrameRate 120.00001, defaultModeId 1, userPreferredModeId -1, supportedModes [{id=1, width=1080, height=2436, fps=120.00001, vsync=120.00001, synthetic=false, alternativeRefreshRates=[60.0], supportedHdrTypes=[]}, {id=2, width=1080, height=2436, fps=60.0, vsync=60.0, synthetic=false, alternativeRefreshRates=[120.00001], supportedHdrTypes=[]}], colorMode 0, supportedColorModes [0, 7, 9], hdrCapabilities HdrCapabilities{mSupportedHdrTypes=[], mMaxLuminance=500.0, mMaxAverageLuminance=500.0, mMinLuminance=0.0}, allmSupported false, gameContentTypeSupported false, density 440, 392.783 x 392.828 dpi, appVsyncOff 2399998, presDeadline 11933334, cutout DisplayCutout{insets=Rect(0, 99 - 0, 0) waterfall=Insets{left=0, top=0, right=0, bottom=0} boundingRect={Bounds=[Rect(0, 0 - 0, 0), Rect(474, 0 - 606, 99), Rect(0, 0 - 0, 0), Rect(0, 0 - 0, 0)]} cutoutPathParserInfo={CutoutPathParserInfo{displayWidth=1080 displayHeight=2436 physicalDisplayWidth=1080 physicalDisplayHeight=2436 density={2.75} cutoutSpec={M -24,0 L -24,36 L 24,36 L 24,0 Z @dp} rotation={0} scale={1.0} physicalPixelDisplaySizeRatio={1.0}}} sideOverrides={}}, touch INTERNAL, rotation 0, type INTERNAL, address {port=0}, deviceProductInfo null, state ON, committedState ON, frameRateOverride , brightnessMinimum 0.0, brightnessMaximum 1.0, brightnessDefault 0.2, hdrSdrRatio NaN, FLAG_ALLOWED_TO_BE_DEFAULT_DISPLAY, FLAG_ROTATES_WITH_CONTENT, FLAG_SECURE, FLAG_SUPPORTS_PROTECTED_BUFFERS, FLAG_TRUSTED, installOrientation 0, displayShape DisplayShape{ spec=596679847 displayWidth=1080 displayHeight=2436 physicalPixelDisplaySizeRatio=1.0 rotation=0 offsetX=0 offsetY=0 scale=1.0}}
2025-12-09 15:58:16.123  1565-1659  Griffin/DeviceState     pid-1565                             I  virtualDisplayPackageName :{}
2025-12-09 15:58:16.129  1565-1659  DisplayDeviceRepository pid-1565                             I  Display device changed: DisplayDeviceInfo{"Built-in Screen": uniqueId="local:0", 1080 x 2436, modeId 1, renderFrameRate 120.00001, defaultModeId 1, userPreferredModeId -1, supportedModes [{id=1, width=1080, height=2436, fps=120.00001, vsync=120.00001, synthetic=false, alternativeRefreshRates=[60.0], supportedHdrTypes=[]}, {id=2, width=1080, height=2436, fps=60.0, vsync=60.0, synthetic=false, alternativeRefreshRates=[120.00001], supportedHdrTypes=[]}], colorMode 0, supportedColorModes [0, 7, 9], hdrCapabilities HdrCapabilities{mSupportedHdrTypes=[], mMaxLuminance=500.0, mMaxAverageLuminance=500.0, mMinLuminance=0.0}, allmSupported false, gameContentTypeSupported false, density 440, 392.783 x 392.828 dpi, appVsyncOff 2399998, presDeadline 11933334, cutout DisplayCutout{insets=Rect(0, 99 - 0, 0) waterfall=Insets{left=0, top=0, right=0, bottom=0} boundingRect={Bounds=[Rect(0, 0 - 0, 0), Rect(474, 0 - 606, 99), Rect(0, 0 - 0, 0), Rect(0, 0 - 0, 0)]} cutoutPathParserInfo={CutoutPathParserInfo{displayWidth=1080 displayHeight=2436 physicalDisplayWidth=1080 physicalDisplayHeight=2436 density={2.75} cutoutSpec={M -24,0 L -24,36 L 24,36 L 24,0 Z @dp} rotation={0} scale={1.0} physicalPixelDisplaySizeRatio={1.0}}} sideOverrides={}}, touch INTERNAL, rotation 0, type INTERNAL, address {port=0}, deviceProductInfo null, state ON, committedState ON, frameRateOverride {uid=1000 frameRateHz=60.000004} {uid=10168 frameRateHz=120.00001} {uid=10169 frameRateHz=120.00001} , brightnessMinimum 0.0, brightnessMaximum 1.0, brightnessDefault 0.2, hdrSdrRatio NaN, FLAG_ALLOWED_TO_BE_DEFAULT_DISPLAY, FLAG_ROTATES_WITH_CONTENT, FLAG_SECURE, FLAG_SUPPORTS_PROTECTED_BUFFERS, FLAG_TRUSTED, installOrientation 0, displayShape DisplayShape{ spec=596679847 displayWidth=1080 displayHeight=2436 physicalPixelDisplaySizeRatio=1.0 rotation=0 offsetX=0 offsetY=0 scale=1.0}}
2025-12-09 15:58:16.129  1565-1659  Griffin/DeviceState     pid-1565                             I  virtualDisplayPackageName :{}
2025-12-09 15:58:16.130  1565-2973  AudioSystem             pid-1565                             D  +setParameters(): screen_state=on 
2025-12-09 15:58:16.131  1004-2975  AudioFlinger            pid-1004                             I  setParameters: filtered keyvalue screen_state=on
2025-12-09 15:58:16.131  1004-2975  AudioFlinger            pid-1004                             I  +mAudioHwDevs(primary)->setParameters(): screen_state=on
2025-12-09 15:58:16.131   914-964   AudioALSAHardware       pid-914                              D  +setParameters(): screen_state=on
2025-12-09 15:58:16.131   914-964   AudioALSAStreamOut      pid-914                              D  +setScreenState(), flag 2, mode 1
2025-12-09 15:58:16.131   914-964   AudioALSAStreamOut      pid-914                              D  +setScreenState(), flag 8, mode 1
2025-12-09 15:58:16.131   914-964   AudioALSAStreamOut      pid-914                              D  +setScreenState(), flag 4, mode 1
2025-12-09 15:58:16.131   914-964   AudioALSAStreamOut      pid-914                              D  +setScreenState(), flag 32768, mode 1
2025-12-09 15:58:16.131   914-964   AudioALSAStreamOut      pid-914                              D  +setScreenState(), flag 65536, mode 1
2025-12-09 15:58:16.131   914-964   AudioALSAHardware       pid-914                              D  -setParameters(): screen_state=on
2025-12-09 15:58:16.131  1004-2975  AudioFlinger            pid-1004                             I  -mAudioHwDevs(primary)->setParameters(): screen_state=on
2025-12-09 15:58:16.131  1004-2975  AudioFlinger            pid-1004                             I  +mAudioHwDevs(bluetooth)->setParameters(): screen_state=on
2025-12-09 15:58:16.131  1004-2975  AudioFlinger            pid-1004                             I  -mAudioHwDevs(bluetooth)->setParameters(): screen_state=on
2025-12-09 15:58:16.131  1004-2975  AudioFlinger            pid-1004                             I  +mAudioHwDevs(usb)->setParameters(): screen_state=on
2025-12-09 15:58:16.132  1004-2975  AudioFlinger            pid-1004                             I  -mAudioHwDevs(usb)->setParameters(): screen_state=on
2025-12-09 15:58:16.132  1004-2975  AudioFlinger            pid-1004                             I  +mAudioHwDevs(r_submix)->setParameters(): screen_state=on
2025-12-09 15:58:16.132  1004-2975  AudioFlinger            pid-1004                             I  -mAudioHwDevs(r_submix)->setParameters(): screen_state=on
2025-12-09 15:58:16.132  1004-2975  TranFlinger             pid-1004                             E  setPareters is is 0
2025-12-09 15:58:16.132  1565-1657  ApplicationHelper       pid-1565                             E  Fail to get PackageManager
2025-12-09 15:58:16.133  5656-5656  SmartPanelService       pid-5656                             I  mDisplayListener onDisplayChanged
2025-12-09 15:58:16.138  1565-1657  ApplicationHelper       pid-1565                             E  Fail to get PackageManager
2025-12-09 15:58:16.139  1565-1657  ApplicationHelper       pid-1565                             E  Fail to get PackageManager
2025-12-09 15:58:16.141  1565-1657  ApplicationHelper       pid-1565                             E  Fail to get PackageManager
2025-12-09 15:58:16.148  1565-1657  ApplicationHelper       pid-1565                             E  Fail to get PackageManager
2025-12-09 15:58:16.149  1565-1657  ApplicationHelper       pid-1565                             E  Fail to get PackageManager
2025-12-09 15:58:16.159  1565-1657  ApplicationHelper       pid-1565                             E  Fail to get PackageManager
2025-12-09 15:58:16.159  1565-1657  ApplicationHelper       pid-1565                             E  Fail to get PackageManager
2025-12-09 15:58:16.162  1565-1657  ApplicationHelper       pid-1565                             E  Fail to get PackageManager
2025-12-09 15:58:16.162  1565-1657  ApplicationHelper       pid-1565                             E  Fail to get PackageManager
2025-12-09 15:58:16.165 21807-23110 PTCommittedOperation    pid-21807                            I  Receive new configuration for com.google.android.gms
2025-12-09 15:58:16.165 21807-23110 PTCommittedOperation    pid-21807                            I  Running Fixer Framework for com.google.android.gms
