2025-11-21 16:39:06.761   916-949   AudioALSAHardware       pid-916                              D  +setParameters(): screen_state=on
2025-11-21 16:39:06.761   916-949   AudioALSAStreamOut      pid-916                              D  +setScreenState(), flag 2, mode 1
2025-11-21 16:39:06.761   916-949   AudioALSAStreamOut      pid-916                              D  +setScreenState(), flag 8, mode 1
2025-11-21 16:39:06.761   916-949   AudioALSAStreamOut      pid-916                              D  +setScreenState(), flag 4, mode 1
2025-11-21 16:39:06.761   916-949   AudioALSAStreamOut      pid-916                              D  +setScreenState(), flag 32768, mode 1
2025-11-21 16:39:06.761   916-949   AudioALSAStreamOut      pid-916                              D  +setScreenState(), flag 65536, mode 1
2025-11-21 16:39:06.761   916-949   AudioALSAHardware       pid-916                              D  -setParameters(): screen_state=on
2025-11-21 16:39:06.764   994-1087  AudioFlinger            pid-994                              I  -mAudioHwDevs(primary)->setParameters(): screen_state=on
2025-11-21 16:39:06.764   994-1087  AudioFlinger            pid-994                              I  +mAudioHwDevs(bluetooth)->setParameters(): screen_state=on
2025-11-21 16:39:06.765   994-1087  AudioFlinger            pid-994                              I  -mAudioHwDevs(bluetooth)->setParameters(): screen_state=on
2025-11-21 16:39:06.765   994-1087  AudioFlinger            pid-994                              I  +mAudioHwDevs(usb)->setParameters(): screen_state=on
2025-11-21 16:39:06.766  1558-1672  ApplicationHelper       pid-1558                             E  Fail to get PackageManager
2025-11-21 16:39:06.766  1558-1672  ApplicationHelper       pid-1558                             E  Fail to get PackageManager
2025-11-21 16:39:06.766   994-1087  AudioFlinger            pid-994                              I  -mAudioHwDevs(usb)->setParameters(): screen_state=on
2025-11-21 16:39:06.766   994-1087  AudioFlinger            pid-994                              I  +mAudioHwDevs(r_submix)->setParameters(): screen_state=on
2025-11-21 16:39:06.767   994-1087  AudioFlinger            pid-994                              I  -mAudioHwDevs(r_submix)->setParameters(): screen_state=on
2025-11-21 16:39:06.767   994-1087  TranFlinger             pid-994                              E  setPareters is is 0
2025-11-21 16:39:06.771  1022-1022  SurfaceFlinger          pid-1022                             I  onHandleDestroyed: name=com.afwsamples.testdpc/com.afwsamples.testdpc.SetupManagementLaunchActivity#2529, layerId=2529, parentId=0
2025-11-21 16:39:06.779  1022-1022  BufferQueueDebug        pid-1022                             I  [com.afwsamples.testdpc/com.afwsamples.testdpc.SetupManagementLaunchActivity#2529](this:0xb40000779be0c278,id:-1,api:0,p:-1,c:1022) onDestructor()
2025-11-21 16:39:06.791  1558-3014  AudioSystem             pid-1558                             D  +setParameters(): screen_state=on 
2025-11-21 16:39:06.793  3231-3799  VersionsUtils           pid-3231                             I   getVersion mCurrentVersion 20202078
2025-11-21 16:39:06.793   994-1087  AudioFlinger            pid-994                              I  setParameters: filtered keyvalue screen_state=on
2025-11-21 16:39:06.793   994-1087  AudioFlinger            pid-994                              I  +mAudioHwDevs(primary)->setParameters(): screen_state=on
2025-11-21 16:39:06.794   916-949   AudioALSAHardware       pid-916                              D  +setParameters(): screen_state=on
2025-11-21 16:39:06.794  1558-3706  UserManagerService      pid-1558                             W  Requested status bar icon for non-badged user 0
2025-11-21 16:39:06.794   916-949   AudioALSAStreamOut      pid-916                              D  +setScreenState(), flag 2, mode 1
2025-11-21 16:39:06.794   916-949   AudioALSAStreamOut      pid-916                              D  +setScreenState(), flag 8, mode 1
2025-11-21 16:39:06.794   916-949   AudioALSAStreamOut      pid-916                              D  +setScreenState(), flag 4, mode 1
2025-11-21 16:39:06.794   916-949   AudioALSAStreamOut      pid-916                              D  +setScreenState(), flag 32768, mode 1
2025-11-21 16:39:06.794   916-949   AudioALSAStreamOut      pid-916                              D  +setScreenState(), flag 65536, mode 1
2025-11-21 16:39:06.795   916-949   AudioALSAHardware       pid-916                              D  -setParameters(): screen_state=on
2025-11-21 16:39:06.795   994-1087  AudioFlinger            pid-994                              I  -mAudioHwDevs(primary)->setParameters(): screen_state=on
2025-11-21 16:39:06.795   994-1087  AudioFlinger            pid-994                              I  +mAudioHwDevs(bluetooth)->setParameters(): screen_state=on
2025-11-21 16:39:06.796   994-1087  AudioFlinger            pid-994                              I  -mAudioHwDevs(bluetooth)->setParameters(): screen_state=on
2025-11-21 16:39:06.796   994-1087  AudioFlinger            pid-994                              I  +mAudioHwDevs(usb)->setParameters(): screen_state=on
2025-11-21 16:39:06.796   994-1087  AudioFlinger            pid-994                              I  -mAudioHwDevs(usb)->setParameters(): screen_state=on
2025-11-21 16:39:06.796   994-1087  AudioFlinger            pid-994                              I  +mAudioHwDevs(r_submix)->setParameters(): screen_state=on
2025-11-21 16:39:06.797  1558-3706  UserManagerService      pid-1558                             W  Requested status bar icon for non-badged user 0
2025-11-21 16:39:06.797   994-1087  AudioFlinger            pid-994                              I  -mAudioHwDevs(r_submix)->setParameters(): screen_state=on
2025-11-21 16:39:06.797   994-1087  TranFlinger             pid-994                              E  setPareters is is 0
2025-11-21 16:39:06.798  5553-15061 TAG_AppListProvider     pid-5553                             D  2 sql SELECT DISTINCT network_acceleration FROM t_game_settings WHERE package_name=?
2025-11-21 16:39:06.803  3231-3799  IslandManager           pid-3231                             I  checkIslandPermission result true granted 1
2025-11-21 16:39:06.806  3231-3799  IslandManager           pid-3231                             W  cancel islandId 10006 not exist in mIslandIdsSet
2025-11-21 16:39:06.842  1558-1672  ApplicationHelper       pid-1558                             E  Fail to get PackageManager
2025-11-21 16:39:06.862  1022-1022  BufferQueueProducer     pid-1022                             I  [NavigationBar0#82](this:0xb40000779bde1708,id:-1,api:0,p:-1,c:1022) queueBuffer: fps=16.50 dur=2848.46 max=2454.85 min=7.52
2025-11-21 16:39:06.870  1558-1631  system_server           pid-1558                             I  Background concurrent mark compact GC freed 63MB AllocSpace bytes, 1175(31MB) LOS objects, 24% free, 150MB/198MB, paused 8.343ms,36.438ms total 1.162s
2025-11-21 16:39:06.875   963-1037  mtkpower@impl           pid-963                              I  [powerd_req] TIMER_MSG_PERF_LOCK_TIMEOUT hdl:4837
2025-11-21 16:39:06.875   963-1037  libPowerHal             pid-963                              I  [setClusterFreq] MTKPOWER_HINT_PACK_SWITCH: sysfs_freq set cpu freq: -1 1900000 -1 1900000 
2025-11-21 16:39:06.875   963-1037  libPowerHal             pid-963                              I  [setClusterHardFreq] MTKPOWER_HINT_PACK_SWITCH: hard userlimit set cpu freq: -1 1900000 -1 1900000
2025-11-21 16:39:06.875   963-1037  libPowerHal             pid-963                              I  [setClusterFreq] MTKPOWER_HINT_PACK_SWITCH: sysfs_freq set cpu freq: -1 1900000 -1 1900000 
2025-11-21 16:39:06.876   963-1037  libPowerHal             pid-963                              I  [PD] MTKPOWER_HINT_PACK_SWITCH update cmd:1000000 param:2
2025-11-21 16:39:06.911  1558-1844  tranpm/BehaviorManager  pid-1558                             D  onMemPressureChange : level 2
2025-11-21 16:39:06.952 29227-32563 DownloadManager         pid-29227                            D  [5] Finished with status SUCCESS
2025-11-21 16:39:06.959  1558-1672  ApplicationHelper       pid-1558                             E  Fail to get PackageManager
2025-11-21 16:39:06.982  1558-1672  ApplicationHelper       pid-1558                             E  Fail to get PackageManager
2025-11-21 16:39:06.982  1558-28913 AppOpService            pid-1558                             W  Ignored setUidMode call for runtime permission app op: uid = 1010099, code = FINE_LOCATION, mode = allow, callingUid = 1000, oldMode = allow
2025-11-21 16:39:06.991 29077-30359 NewModuleHelper         pid-29077                            I  Sending com.google.android.chimera.IntentOperation.NEW_MODULE Container service: com.google.android.gms.chimera.GmsIntentOperationService Intents: 1,false,true
2025-11-21 16:39:07.004  1558-1672  ApplicationHelper       pid-1558                             E  Fail to get PackageManager
2025-11-21 16:39:07.010  1558-1672  ApplicationHelper       pid-1558                             E  Fail to get PackageManager
2025-11-21 16:39:07.037  3644-3676  ion.XOSLauncher         pid-3644                             I  NativeAlloc concurrent mark compact GC freed 17MB AllocSpace bytes, 61(4980KB) LOS objects, 49% free, 15MB/30MB, paused 6.125ms,4.161ms total 530.344ms
2025-11-21 16:39:07.045  1558-1672  ApplicationHelper       pid-1558                             E  Fail to get PackageManager
2025-11-21 16:39:07.062 29077-30359 GmsDebugLogger          pid-29077                            I  [46] container:2545349260400
2025-11-21 16:39:07.067   515-515   lowmemorykiller         pid-515                              I  TranMemoryInfo: vmstat time slice: 1080
2025-11-21 16:39:07.067   515-515   lowmemorykiller         pid-515                              I  TranMemoryInfo: PSI stat: 10, 11.80, 4.07, 3.81, 1.14
2025-11-21 16:39:07.067   515-515   lowmemorykiller         pid-515                              I  TranMemoryInfo: vmstat: 6852, 0, 19373, 0, 11653
2025-11-21 16:39:07.067   515-515   lowmemorykiller         pid-515                              D  TranMemoryInfo: kswapd pgscan_kswapd 17551944 to 17578055, pgsteal_kswapd 12294159 to 12313532, stime 11584 to 11653
2025-11-21 16:39:07.068   515-515   lowmemorykiller         pid-515                              I  TranMemoryInfo: kswapd has been run.
2025-11-21 16:39:07.068   515-515   lowmemorykiller         pid-515                              I  TranMemoryInfo: kswapd reclaim amount : 19373 pages
2025-11-21 16:39:07.068   515-515   lowmemorykiller         pid-515                              I  TranMemoryInfo: kswapd reclaim efficiency : 112 KB/ms
2025-11-21 16:39:07.070 29077-29090 gle.android.gms         pid-29077                            I  Background concurrent mark compact GC freed 17MB AllocSpace bytes, 70(10MB) LOS objects, 49% free, 17MB/34MB, paused 40.867ms,48.707ms total 1.140s
2025-11-21 16:39:07.076  1558-1672  ApplicationHelper       pid-1558                             E  Fail to get PackageManager
2025-11-21 16:39:07.083  3644-3677  BpBinder                pid-3644                             I  onLastStrongRef automatically unlinking death recipients: 
2025-11-21 16:39:07.085 29077-29092 System                  pid-29077                            W  A resource failed to call SQLiteConnectionPool.close. 
2025-11-21 16:39:07.086 29077-29092 SQLiteConnectionPool    pid-29077                            W  A SQLiteConnection object for database '/data/user/10/com.google.android.gms/databases/backup_d2d_restore_app_info.db' was leaked!  Please fix your application to end transactions in progress properly and to close the database when it is no longer needed.
2025-11-21 16:39:07.086 29077-29092 System                  pid-29077                            W  A resource failed to call SQLiteConnection.close. 
2025-11-21 16:39:07.086 29077-29092 SQLiteConnectionPool    pid-29077                            W  A SQLiteConnection object for database '/data/user/10/com.google.android.gms/databases/backup_d2d_restore_app_info.db' was leaked!  Please fix your application to end transactions in progress properly and to close the database when it is no longer needed.
2025-11-21 16:39:07.086 29077-29092 System                  pid-29077                            W  A resource failed to call SQLiteConnection.close. 
2025-11-21 16:39:07.091 29077-30359 ChimeraConfigurator     pid-29077                            I  Checking 5 listeners. All downloaded: false
2025-11-21 16:39:07.094 29077-30688 ziparchive              pid-29077                            W  Unable to open '/data/user_de/10/com.google.android.gms/app_chimera/m/00000001/dl-Appsearch.optional_254534100400.dm': No such file or directory
2025-11-21 16:39:07.105  3644-3678  ion.XOSLauncher         pid-3644                             W  ApkAssets: Deleting an ApkAssets object '<empty> and /data/app/~~Lm2JlLJpLT_FHjDSz7RVIg==/com.google.android.apps.docs-V_DOhKMeGPIcKCwpNDfzcA==/base.apk' with 1 weak references
2025-11-21 16:39:07.105  3644-3678  ion.XOSLauncher         pid-3644                             W  ApkAssets: Deleting an ApkAssets object '<empty> and /data/app/~~Lm2JlLJpLT_FHjDSz7RVIg==/com.google.android.apps.docs-V_DOhKMeGPIcKCwpNDfzcA==/split_config.arm64_v8a.apk' with 1 weak references
2025-11-21 16:39:07.105  3644-3678  ion.XOSLauncher         pid-3644                             W  ApkAssets: Deleting an ApkAssets object '<empty> and /data/app/~~Lm2JlLJpLT_FHjDSz7RVIg==/com.google.android.apps.docs-V_DOhKMeGPIcKCwpNDfzcA==/split_config.pt.apk' with 1 weak references
2025-11-21 16:39:07.105  3644-3678  ion.XOSLauncher         pid-3644                             W  ApkAssets: Deleting an ApkAssets object '<empty> and /data/app/~~Lm2JlLJpLT_FHjDSz7RVIg==/com.google.android.apps.docs-V_DOhKMeGPIcKCwpNDfzcA==/split_config.xxhdpi.apk' with 1 weak references
2025-11-21 16:39:07.106  3644-3678  ion.XOSLauncher         pid-3644                             W  ApkAssets: Deleting an ApkAssets object '<empty> and /product/priv-app/VelvetCtS/VelvetCtS.apk' with 2 weak references
2025-11-21 16:39:07.107  3644-3678  ion.XOSLauncher         pid-3644                             W  ApkAssets: Deleting an ApkAssets object '<empty> and /system_ext/priv-app/SmartCaller/SmartCaller.apk' with 1 weak references
2025-11-21 16:39:07.108  3644-3678  ion.XOSLauncher         pid-3644                             W  ApkAssets: Deleting an ApkAssets object '<empty> and /data/app/~~pa_cVk4qbeIHFSkQuJPVgw==/com.android.vending-1zMH-r-1FCEEXB_s2yL3GA==/base.apk' with 2 weak references
2025-11-21 16:39:07.108  3644-3678  ion.XOSLauncher         pid-3644                             W  ApkAssets: Deleting an ApkAssets object '<empty> and /data/app/~~pa_cVk4qbeIHFSkQuJPVgw==/com.android.vending-1zMH-r-1FCEEXB_s2yL3GA==/split_config.arm64_v8a.apk' with 2 weak references
2025-11-21 16:39:07.109  3644-3678  ion.XOSLauncher         pid-3644                             W  ApkAssets: Deleting an ApkAssets object '<empty> and /data/app/~~pa_cVk4qbeIHFSkQuJPVgw==/com.android.vending-1zMH-r-1FCEEXB_s2yL3GA==/split_config.pt.apk' with 2 weak references
2025-11-21 16:39:07.109  3644-3678  ion.XOSLauncher         pid-3644                             W  ApkAssets: Deleting an ApkAssets object '<empty> and /data/app/~~pa_cVk4qbeIHFSkQuJPVgw==/com.android.vending-1zMH-r-1FCEEXB_s2yL3GA==/split_phonesky_data_loader.apk' with 2 weak references
2025-11-21 16:39:07.109  3644-3678  ion.XOSLauncher         pid-3644                             W  ApkAssets: Deleting an ApkAssets object '<empty> and /data/app/~~pa_cVk4qbeIHFSkQuJPVgw==/com.android.vending-1zMH-r-1FCEEXB_s2yL3GA==/split_phonesky_data_loader.config.arm64_v8a.apk' with 2 weak references
2025-11-21 16:39:07.109  3644-3678  ion.XOSLauncher         pid-3644                             W  ApkAssets: Deleting an ApkAssets object '<empty> and /data/app/~~pa_cVk4qbeIHFSkQuJPVgw==/com.android.vending-1zMH-r-1FCEEXB_s2yL3GA==/split_phonesky_webrtc_native_lib.apk' with 2 weak references
2025-11-21 16:39:07.109  3644-3678  ion.XOSLauncher         pid-3644                             W  ApkAssets: Deleting an ApkAssets object '<empty> and /data/app/~~pa_cVk4qbeIHFSkQuJPVgw==/com.android.vending-1zMH-r-1FCEEXB_s2yL3GA==/split_phonesky_webrtc_native_lib.config.arm64_v8a.apk' with 2 weak references
2025-11-21 16:39:07.113  1558-1672  ApplicationHelper       pid-1558                             E  Fail to get PackageManager
2025-11-21 16:39:07.114  3644-3678  ion.XOSLauncher         pid-3644                             W  ApkAssets: Deleting an ApkAssets object '<empty> and /system_ext/priv-app/TranSettingsApk/TranSettingsApk.apk' with 1 weak references
2025-11-21 16:39:07.114  3231-3799  VersionsUtils           pid-3231                             I   getVersion mCurrentVersion 20202078
2025-11-21 16:39:07.114  3231-3799  IslandManager           pid-3231                             I  checkIslandPermission result true granted 1
2025-11-21 16:39:07.114  3231-3799  IslandManager           pid-3231                             W  cancel islandId 10006 not exist in mIslandIdsSet
2025-11-21 16:39:07.114  3644-3678  ion.XOSLauncher         pid-3644                             W  ApkAssets: Deleting an ApkAssets object '/vendor/overlay/MtkSettingsResOverlay/MtkSettingsResOverlay.apk' with 1 weak references
2025-11-21 16:39:07.114  3644-3678  ion.XOSLauncher         pid-3644                             W  ApkAssets: Deleting an ApkAssets object '/product/overlay/TranSettingsApkResOverlay/TranSettingsApkResOverlay.apk' with 1 weak references
2025-11-21 16:39:07.116  3644-3678  ion.XOSLauncher         pid-3644                             W  ApkAssets: Deleting an ApkAssets object '<empty> and /system_ext/priv-app/TranSystemUI/TranSystemUI.apk' with 1 weak references
2025-11-21 16:39:07.116  3644-3678  ion.XOSLauncher         pid-3644                             W  ApkAssets: Deleting an ApkAssets object '/product/overlay/SystemUIOverlay.apk' with 1 weak references
2025-11-21 16:39:07.117  3644-3678  ion.XOSLauncher         pid-3644                             W  ApkAssets: Deleting an ApkAssets object '<empty> and /product/priv-app/FilesGoogle/FilesGoogle.apk' with 1 weak references
2025-11-21 16:39:07.118  3644-3678  ion.XOSLauncher         pid-3644                             W  ApkAssets: Deleting an ApkAssets object '<empty> and /system/priv-app/DocumentsUIGoogle/DocumentsUIGoogle.apk' with 1 weak references
2025-11-21 16:39:07.118  3644-3678  ion.XOSLauncher         pid-3644                             W  ApkAssets: Deleting an ApkAssets object '<empty> and /system/priv-app/DocumentsUIGoogle/DocumentsUIGoogle-hdpi.apk' with 1 weak references
2025-11-21 16:39:07.118  3644-3678  ion.XOSLauncher         pid-3644                             W  ApkAssets: Deleting an ApkAssets object '<empty> and /system/priv-app/DocumentsUIGoogle/DocumentsUIGoogle-ldpi.apk' with 1 weak references
2025-11-21 16:39:07.118  3644-3678  ion.XOSLauncher         pid-3644                             W  ApkAssets: Deleting an ApkAssets object '<empty> and /system/priv-app/DocumentsUIGoogle/DocumentsUIGoogle-mdpi.apk' with 1 weak references
2025-11-21 16:39:07.119  3644-3678  ion.XOSLauncher         pid-3644                             W  ApkAssets: Deleting an ApkAssets object '<empty> and /system/priv-app/DocumentsUIGoogle/DocumentsUIGoogle-tvdpi.apk' with 1 weak references
2025-11-21 16:39:07.121  3644-3678  ion.XOSLauncher         pid-3644                             W  ApkAssets: Deleting an ApkAssets object '<empty> and /system/priv-app/DocumentsUIGoogle/DocumentsUIGoogle-xhdpi.apk' with 1 weak references
2025-11-21 16:39:07.121  3644-3678  ion.XOSLauncher         pid-3644                             W  ApkAssets: Deleting an ApkAssets object '<empty> and /system/priv-app/DocumentsUIGoogle/DocumentsUIGoogle-xxhdpi.apk' with 1 weak references
2025-11-21 16:39:07.121  3644-3678  ion.XOSLauncher         pid-3644                             W  ApkAssets: Deleting an ApkAssets object '<empty> and /system/priv-app/DocumentsUIGoogle/DocumentsUIGoogle-xxxhdpi.apk' with 1 weak references
2025-11-21 16:39:07.121  3644-3678  ion.XOSLauncher         pid-3644                             W  ApkAssets: Deleting an ApkAssets object '/product/overlay/GoogleDocumentsUIOverlay.apk' with 1 weak references
2025-11-21 16:39:07.122 29077-29092 gle.android.gms         pid-29077                            W  ApkAssets: Deleting an ApkAssets object '<empty> and /system_ext/priv-app/GoogleServicesFramework/GoogleServicesFramework.apk' with 1 weak references
2025-11-21 16:39:07.123  3644-3678  System                  pid-3644                             W  A resource failed to call release. 
2025-11-21 16:39:07.123  3644-3678  System                  pid-3644                             W  A resource failed to call release. 
2025-11-21 16:39:07.123  3644-3678  System                  pid-3644                             W  A resource failed to call release. 
2025-11-21 16:39:07.134  1558-1672  ApplicationHelper       pid-1558                             E  Fail to get PackageManager
2025-11-21 16:39:07.138  1558-1672  ApplicationHelper       pid-1558                             E  Fail to get PackageManager
2025-11-21 16:39:07.149  1558-1672  ApplicationHelper       pid-1558                             E  Fail to get PackageManager
2025-11-21 16:39:07.170 29183-32466 PTCommittedOperation    pid-29183                            I  Receive new configuration for com.google.android.gms.geotimezone
2025-11-21 16:39:07.175  1558-1672  ApplicationHelper       pid-1558                             E  Fail to get PackageManager
2025-11-21 16:39:07.176  1558-1672  ApplicationHelper       pid-1558                             E  Fail to get PackageManager
2025-11-21 16:39:07.177  1558-1672  ApplicationHelper       pid-1558                             E  Fail to get PackageManager
2025-11-21 16:39:07.183 29183-29877 NearbyMediums           pid-29183                            I  ModuleInitializer handles incoming intent com.google.android.gms.phenotype.COMMITTED
2025-11-21 16:39:07.185 29183-29877 TapAndPay               pid-29183                            I  deviceSupportsTokenization: managed profile [CONTEXT service_id=79 ]
2025-11-21 16:39:07.234  1558-2990  TranWifiTputMonitor     pid-1558                             D  top app: com.transsion.XOSLauncher in white list: false
2025-11-21 16:39:07.239  1558-1923  libtrancpufreqtime      pid-1558                             D  [doPollPsi:219] cpu psi is high, 500ms at 1s window
2025-11-21 16:39:07.252  1558-28913 Role                    pid-1558                             W  Cannot get ApplicationInfo for default holder: com.android.chrome
2025-11-21 16:39:07.264  1558-2992  TranWifiSm...Controller pid-1558                             I  top app: com.transsion.XOSLauncher in white list: false ,Landscape screen: false
2025-11-21 16:39:07.266   903-17959 OemNetd                 pid-903                              E  transmitAppUidToNetwork uid=(0)
2025-11-21 16:39:07.271  1558-28913 RoleContro...erviceImpl pid-1558                             E  Default/fallback role holder package doesn't qualify for the role, package: com.google.android.gms.supervision, role: android.app.role.SYSTEM_SUPERVISION
2025-11-21 16:39:07.294  1558-1672  ApplicationHelper       pid-1558                             E  Fail to get PackageManager
2025-11-21 16:39:07.298  1558-1672  ApplicationHelper       pid-1558                             E  Fail to get PackageManager
2025-11-21 16:39:07.303  1558-2061  EventHub                pid-1558                             D  getevents BTN_TOUCH DOWN
2025-11-21 16:39:07.304   963-991   AppFlingMode            pid-963                              D  [CheckAppFlingHint] 25 com.transsion.XOSLauncher -1
2025-11-21 16:39:07.305  3644-3644  TextSelection           pid-3644                             D  onUseCache cache=null
2025-11-21 16:39:07.305  3644-3644  LauncherGestureDetector pid-3644                             D  gestureDetectorOnTouch: topView->null
2025-11-21 16:39:07.305  3644-3644  Launcher                pid-3644                             D  #shouldBlockNavGestureTouchWithAnimation result : false isDragging = false isFinishedSwitchingState = false isLoading false isRemovingTask false isZsScrolling false isSearchSwiping false currState Normal
2025-11-21 16:39:07.305  1558-2060  WindowManager           pid-1558                             D  onUserActivity: mGestureSleepRunnable remove
2025-11-21 16:39:07.305   963-1025  libPowerHal             pid-963                              E  [getCPUFreq] error cid:2, nClusterNum:2
2025-11-21 16:39:07.307  3231-3708  TrEdgeBack...ureHandler pid-3231                             D  isWithinTouchRegion: true withinRange:false
2025-11-21 16:39:07.307   963-1037  libPowerHal             pid-963                              I  [setClusterFreq] mtkpower@1.0-se: sysfs_freq set cpu freq: 1800000 1900000 1900000 1900000 
2025-11-21 16:39:07.307  1204-1251  uas-service             pid-1204                             D  set scene=0x10 success
2025-11-21 16:39:07.309  5553-5553  TouchSliderConsumer     pid-5553                             D  onInputEvent : ACTION_DOWN
2025-11-21 16:39:07.309  5553-5553  TouchSliderConsumer     pid-5553                             D  consumeTouchEvent : 707.25 898.0 RectF(1035.0, 294.0, 1083.0, 660.0) 
2025-11-21 16:39:07.320  1022-1092  surfaceflinger          pid-1022                             E  == MALI DEBUG ===eglp_winsys_populate_image_templates ==12288
2025-11-21 16:39:07.324  1022-1092  surfaceflinger          pid-1022                             E  == MALI DEBUG ===eglp_winsys_populate_image_templates ==12288
2025-11-21 16:39:07.325  1558-1902  PreStartAppFeature      pid-1558                             W  PreStartAppFeature: com.afwsamples.testdpc
2025-11-21 16:39:07.327  1558-1902  ActivityTaskManager     pid-1558                             D  ActivityTaskManagerService setSimplifyAnimByLauncherType packageName: com.afwsamples.testdpc
2025-11-21 16:39:07.327  1558-1902  TranDynami...rollerImpl pid-1558                             E  TranDynamicBarAnimControllerImpl setSimplifyAnimByLauncherType pkgName:com.afwsamples.testdpc
2025-11-21 16:39:07.327  1558-1902  TranDynami...rollerImpl pid-1558                             E  end setSimplifyAnimByLauncherType mSimplifyAnimOpenPkgName:com.afwsamples.testdpc simplifyAnimByLauncherType:0
2025-11-21 16:39:07.328  1558-1902  os.WindowM...erviceLice pid-1558                             D  onStartActivityAsUser, isPreloadIntent =  false
2025-11-21 16:39:07.328  1558-1721  mtkpower_client         pid-1558                             I  perf_cus_lock_hint hint:105, dur:150, pid:1558
2025-11-21 16:39:07.328   963-991   AppFlingMode            pid-963                              D  [CheckAppFlingHint] 105 com.transsion.XOSLauncher -1
2025-11-21 16:39:07.329  1558-1902  ActivityTaskManager     pid-1558                             I  agaresFW preload processName=com.afwsamples.testdpc for ComponentInfo{com.afwsamples.testdpc/com.afwsamples.testdpc.PolicyManagementActivity}
2025-11-21 16:39:07.330   963-1037  libPowerHal             pid-963                              I  [setClusterFreq] MTKPOWER_HINT_START_ACTIVITY_INNER: sysfs_freq set cpu freq: 1900000 1900000 1900000 1900000 
2025-11-21 16:39:07.332   963-1024  libPerfCtl              pid-963                              I  xgfGetFPS pid:3231 fps:86
2025-11-21 16:39:07.332   963-1024  AppThermalMode          pid-963                              I  [perfNotifyThermalState] hdl:0
2025-11-21 16:39:07.333   963-1024  AppThermalMode          pid-963                              I  [findAppThermalIdx] Fail: appThermalModeEnable: 0,currentFPS: -1,fg->pid:3644
2025-11-21 16:39:07.333   963-1024  AppThermalMode          pid-963                              I  [perfNotifyThermalState] appThermalIdx -1:
2025-11-21 16:39:07.333   963-1024  libPerfCtl              pid-963                              I  xgfGetFPS pid:3644 fps:-1
2025-11-21 16:39:07.333   963-1024  AppThermalMode          pid-963                              I  [perfNotifyThermalState] hdl:0
2025-11-21 16:39:07.333   963-1024  AppThermalMode          pid-963                              I  [findAppThermalIdx] Fail: appThermalModeEnable: 0,currentFPS: -1,fg->pid:3644
2025-11-21 16:39:07.333   963-1024  AppThermalMode          pid-963                              I  [perfNotifyThermalState] appThermalIdx -1:
2025-11-21 16:39:07.333   963-1024  libPerfCtl              pid-963                              I  xgfGetFPS pid:5553 fps:-1
2025-11-21 16:39:07.333   963-1024  AppThermalMode          pid-963                              I  [perfNotifyThermalState] hdl:0
2025-11-21 16:39:07.333   963-1024  AppThermalMode          pid-963                              I  [findAppThermalIdx] Fail: appThermalModeEnable: 0,currentFPS: -1,fg->pid:3644
2025-11-21 16:39:07.333   963-1024  AppThermalMode          pid-963                              I  [perfNotifyThermalState] appThermalIdx -1:
2025-11-21 16:39:07.333   963-1024  libPerfCtl              pid-963                              I  xgfGetFPS pid:21809 fps:-1
2025-11-21 16:39:07.333   963-1024  AppThermalMode          pid-963                              I  [perfNotifyThermalState] hdl:0
2025-11-21 16:39:07.333   963-1024  AppThermalMode          pid-963                              I  [findAppThermalIdx] Fail: appThermalModeEnable: 0,currentFPS: -1,fg->pid:3644
2025-11-21 16:39:07.333   963-1024  AppThermalMode          pid-963                              I  [perfNotifyThermalState] appThermalIdx -1:
2025-11-21 16:39:07.333  1022-1092  surfaceflinger          pid-1022                             E  == MALI DEBUG ===eglp_winsys_populate_image_templates ==12288
2025-11-21 16:39:07.333   963-1024  libPerfCtl              pid-963                              I  xgfGetFPS pid:27502 fps:105
2025-11-21 16:39:07.333   963-1024  AppThermalMode          pid-963                              I  [perfNotifyThermalState] hdl:0
2025-11-21 16:39:07.333   963-1024  AppThermalMode          pid-963                              I  [findAppThermalIdx] Fail: appThermalModeEnable: 0,currentFPS: -1,fg->pid:3644
2025-11-21 16:39:07.333   963-1024  AppThermalMode          pid-963                              I  [perfNotifyThermalState] appThermalIdx -1:
2025-11-21 16:39:07.334  1558-1721  mtkpower_client         pid-1558                             I  perf_cus_lock_hint, ret_hdl:4841
2025-11-21 16:39:07.334  1558-1721  PowerHalMgrImpl         pid-1558                             I  hdl:4841, pid:1558 
2025-11-21 16:39:07.341  1022-1092  surfaceflinger          pid-1022                             E  == MALI DEBUG ===eglp_winsys_populate_image_templates ==12288
2025-11-21 16:39:07.347   963-1037  libPowerHal             pid-963                              I  [PD] MTKPOWER_HINT_APP_TOUCH update cmd:3408b00 param:0
2025-11-21 16:39:07.347  3644-3644  TrJankMonitorWrapper    pid-3644                             I  =============end==============cujType:10204
2025-11-21 16:39:07.347  3644-3644  OsIcons-Fa...apDrawable pid-3644                             D  resetScale: mScale = 1.0
2025-11-21 16:39:07.347  3644-3644  ItemClickHandler        pid-3644                             D  onClick + 
2025-11-21 16:39:07.347  3644-3644  WindowInterruptProgress pid-3644                             D  isInterceptItemClick: null mIsRunning: false mType: 3
2025-11-21 16:39:07.347  3644-3644  LauncherPreAnalytics    pid-3644                             I  postAthenaEvent tid = 9461 eventName = launcher_icon_click bundle = Bundle[{is_folder=0, pkg=com.afwsamples.testdpc, grid=4x6, time=1763753947347, position=2-2, page_num=1, location=desktop}]
2025-11-21 16:39:07.348  3644-3644  FloatingIconView        pid-3644                             D  getLocationBoundsForView: 0.83678806
2025-11-21 16:39:07.348  3644-3768  TrLauncher              pid-3644                             E  startActivitySafely hasBeenResumed=true
2025-11-21 16:39:07.348  3644-3768  FloatingIconView        pid-3644                             D  getLocationBoundsForView: 0.83678806
2025-11-21 16:39:07.348  3644-3764  FloatingIconView        pid-3644                             D  getIconResult: supportsAdaptiveIcons: true
2025-11-21 16:39:07.348  1022-1092  surfaceflinger          pid-1022                             E  == MALI DEBUG ===eglp_winsys_populate_image_templates ==12288
2025-11-21 16:39:07.350  1204-1251  uas-service             pid-1204                             D  set scene=0x80000010 success
2025-11-21 16:39:07.350  1558-5122  ActivityTaskManager     pid-1558                             D  ActivityTaskManagerService setSimplifyAnimByLauncherType packageName: com.afwsamples.testdpc
2025-11-21 16:39:07.350  1558-5122  TranDynami...rollerImpl pid-1558                             E  TranDynamicBarAnimControllerImpl setSimplifyAnimByLauncherType pkgName:com.afwsamples.testdpc
2025-11-21 16:39:07.350  1558-5122  TranDynami...rollerImpl pid-1558                             E  start setSimplifyAnimByLauncherType mSimplifyAnimByLauncherType:1  mSimplifyAnimLaunchBounds: Rect(588, 833 - 750, 995)
2025-11-21 16:39:07.350  1558-5122  TranDynami...rollerImpl pid-1558                             E  end setSimplifyAnimByLauncherType mSimplifyAnimOpenPkgName:com.afwsamples.testdpc simplifyAnimByLauncherType:1
2025-11-21 16:39:07.351  1558-5122  os.WindowM...erviceLice pid-1558                             D  onStartActivityAsUser, isPreloadIntent =  false
2025-11-21 16:39:07.351  1558-5122  ActivityTaskManager     pid-1558                             E  agaresPreload error: activityInfo is null
2025-11-21 16:39:07.351  1558-5122  ActivityTaskManager     pid-1558                             I  floatWindow : tempActivityOptions.getThunderBackSupport() = false , userId = 0
2025-11-21 16:39:07.352  1558-5122  Hiber/fastState         pid-1558                             I  do fastFreeze reason=appStart
2025-11-21 16:39:07.352  1558-1721  mtkpower_client         pid-1558                             I  perf_cus_lock_hint hint:105, dur:150, pid:1558
2025-11-21 16:39:07.353  1558-5122  os.permiss...issionInfo pid-1558                             D  checkPermission 10170:android.permission.INTERNAL_SYSTEM_WINDOW:true
2025-11-21 16:39:07.353  1558-5122  os.permission           pid-1558                             I  Grant permission: android.permission.INTERNAL_SYSTEM_WINDOW to uid: 10170
2025-11-21 16:39:07.353  1558-5122  ActivityTaskManager     pid-1558                             I  floatWindow: multiWindowId = 0
2025-11-21 16:39:07.353  1558-5122  ActivityTaskManager     pid-1558                             I  TaskLaunchParamsModifier: pkgName = null, isMultiWindowTaskDisplayArea  = false
2025-11-21 16:39:07.353  1558-5122  ActivityTaskManager     pid-1558                             D  TaskLaunchParamsModifier:task=null activity=null display-from-option=0 display-id=0 task-display-area-windowing-mode=1 suggested-display-area=DefaultTaskDisplayArea@45290404
2025-11-21 16:39:07.353   963-991   AppFlingMode            pid-963                              D  [CheckAppFlingHint] 105 com.transsion.XOSLauncher -1
2025-11-21 16:39:07.353  1558-5122  AppLockLice             pid-1558                             D  onActivityStarterIntercept: callingPackage = com.transsion.XOSLauncher, aInfo.packageName:com.afwsamples.testdpc,mComeLockPkgList =[]
2025-11-21 16:39:07.354  1558-5122  ActivityTaskManager     pid-1558                             I  overlay orientation -2
2025-11-21 16:39:07.354  1558-5122  OptProp                 pid-1558                             W  Cannot read opt property android.window.PROPERTY_COMPAT_ALLOW_ORIENTATION_OVERRIDE
2025-11-21 16:39:07.354  1558-5122  ActivityOptions         pid-1558                             D  ActivityOptions getFromDynamicIslandToWindow: false
2025-11-21 16:39:07.354  1558-5122  ActivityOptions         pid-1558                             D  ActivityOptions getSimplifyAnimByLauncherType mSimplifyAnimType: 1
2025-11-21 16:39:07.354  1558-1721  mtkpower_client         pid-1558                             I  perf_cus_lock_hint, ret_hdl:4842
2025-11-21 16:39:07.355  1558-1721  PowerHalMgrImpl         pid-1558                             I  hdl:4842, pid:1558 
2025-11-21 16:39:07.356  1558-3934  Hiber/fastState         pid-1558                             W  uid=10247 is exempt-app
2025-11-21 16:39:07.356  1558-3934  Hiber/fastState         pid-1558                             W  uid=10127 is default-app
2025-11-21 16:39:07.356  1558-3934  Hiber/fastState         pid-1558                             W  uid=10293 is pending
2025-11-21 16:39:07.356  1558-3934  Hiber/fastState         pid-1558                             W  uid=10220 is default-app
2025-11-21 16:39:07.357  1558-3207  Hiber/nati...viceClient pid-1558                             I  check binder uid=10065
2025-11-21 16:39:07.358  1558-5122  MagellanHandle          pid-1558                             D  updateRefreshRateForSceneVsyncs what = 23
2025-11-21 16:39:07.359  1558-5122  Grammatica...ctionUtils pid-1558                             V  AttributionSource: android.content.AttributionSource@ad76f29 does not have READ_SYSTEM_GRAMMATICAL_GENDER permission.
2025-11-21 16:39:07.359  1558-3207  Hiber/nati...viceClient pid-1558                             I  check binder uid=10099
2025-11-21 16:39:07.359  1558-5122  OptProp                 pid-1558                             W  Cannot read opt property android.window.PROPERTY_COMPAT_ALLOW_RESIZEABLE_ACTIVITY_OVERRIDES
2025-11-21 16:39:07.360  1558-3207  Hiber/nati...viceClient pid-1558                             I  check binder uid=10166
2025-11-21 16:39:07.360  1558-5122  OptProp                 pid-1558                             W  Cannot read opt property android.window.PROPERTY_COMPAT_ALLOW_MIN_ASPECT_RATIO_OVERRIDE
2025-11-21 16:39:07.360  1558-3207  Hiber/nati...viceClient pid-1558                             I  check binder uid=10187
2025-11-21 16:39:07.360  1558-3207  Hiber/nati...viceClient pid-1558                             I  check binder uid=10240
2025-11-21 16:39:07.360  1558-5122  TranStarti...Controller pid-1558                             D  hookStartActivity isStartingFromLauncher=true callingPackage=com.transsion.XOSLauncher
2025-11-21 16:39:07.361  1558-5122  ActivityTaskManager     pid-1558                             I  TaskLaunchParamsModifier: pkgName = null, isMultiWindowTaskDisplayArea  = false
2025-11-21 16:39:07.361  1558-5122  ActivityTaskManager     pid-1558                             D  TaskLaunchParamsModifier:task=null activity=ActivityRecord{cdc50d1 u0 com.afwsamples.testdpc/.PolicyManagementActivity display-from-option=0 display-id=0 task-display-area-windowing-mode=1 suggested-display-area=DefaultTaskDisplayArea@45290404
2025-11-21 16:39:07.361  1558-5122  TranMemcgComponentImpl  pid-1558                             D  over recent repeated process pid=27502
2025-11-21 16:39:07.361  1558-3207  Hiber/nati...viceClient pid-1558                             I  check binder uid=10243
2025-11-21 16:39:07.361  1558-5122  ActivityTaskManager     pid-1558                             I  TaskLaunchParamsModifier: pkgName = null, isMultiWindowTaskDisplayArea  = false
2025-11-21 16:39:07.362  1558-5122  ActivityTaskManager     pid-1558                             D  TaskLaunchParamsModifier:task=Task{a6ca905 #34 type=standard A=10293:com.afwsamples.testdpc} activity=ActivityRecord{cdc50d1 u0 com.afwsamples.testdpc/.PolicyManagementActivity t-1} display-from-option=0 display-id=0 task-display-area-windowing-mode=1 suggested-display-area=DefaultTaskDisplayArea@45290404 inherit-from-source=fullscreen non-freeform-task-display-area display-area=DefaultTaskDisplayArea@45290404 default-portrait freeform-size-mismatch=Rect(286, 705 - 794, 1785)
2025-11-21 16:39:07.362  1558-5122  ActivityTaskManager     pid-1558                             I  needHookReparentToDefaultDisplay: sourceRecord = ActivityRecord{77af230 u0 com.transsion.XOSLauncher/com.android.launcher3.uioverrides.QuickstepLauncher t7},r = ActivityRecord{cdc50d1 u0 com.afwsamples.testdpc/.PolicyManagementActivity t-1}, tda = null
2025-11-21 16:39:07.363  1558-5122  os.fingerprint          pid-1558                             D  onTaskMovedToFront Task{a6ca905 #34 type=standard A=10293:com.afwsamples.testdpc}
2025-11-21 16:39:07.363  3493-4045  TLinkBrush_DATA         pid-3493                             D  [TranSST0] checkTopApp: [com.transsion.XOSLauncher],
2025-11-21 16:39:07.363  1558-5122  os.fingerprint          pid-1558                             D  activityComponent = ComponentInfo{com.afwsamples.testdpc/com.afwsamples.testdpc.PolicyManagementActivity} inMultiWindow = false
2025-11-21 16:39:07.363  1558-3934  Hiber/fastState         pid-1558                             I  fastFreeze reason=appStart size=6 uids=[10065, 10099, 10166, 10187, 10240, 10243] about costTime=4ms
2025-11-21 16:39:07.364  1558-5122  TranStarti...Controller pid-1558                             D  hookAddStartingWindow activityRecord=ActivityRecord{4ee6d13 u0 com.afwsamples.testdpc/.PolicyManagementActivity t34} snapshot=TaskSnapshot{ mId=1763753943033 mCaptureTime=1714591427253 mTopActivityComponent=com.afwsamples.testdpc/.PolicyManagementActivity mSnapshot=android.hardware.HardwareBuffer@918f637 (1080x2436) mColorSpace=sRGB IEC61966-2.1 (id=0, model=RGB) mOrientation=1 mRotation=0 mTaskSize=Point(1080, 2436) mContentInsets=[0,99][0,44] mLetterboxInsets=[0,0][0,0] mIsLowResolution=false mIsRealSnapshot=true mWindowingMode=1 mAppearance=16 mIsTranslucent=false mHasImeSurface=false mInternalReferences=2 type=1
2025-11-21 16:39:07.364 29203-29532 ScreenTouchCollector    pid-29203                            I  resetTouchPara:reason= InputEvent ACTION_UP or ACTION_CANCEL
2025-11-21 16:39:07.364  1022-2040  BufferQueueDebug        pid-1022                             I  [TranStartingSurface#2542](this:0xb40000779be0c278,id:-1,api:0,p:-1,c:-1) BufferQueue core=(1022:/system/bin/surfaceflinger)
2025-11-21 16:39:07.365   963-992   mtkpower@impl           pid-963                              I  [setMode] type:5, enabled:1
2025-11-21 16:39:07.365   963-992   AppFlingMode            pid-963                              D  [CheckAppFlingHint] 11 com.transsion.XOSLauncher -1
2025-11-21 16:39:07.365  1558-5122  TranStartingSurface     pid-1558                             D   createSnapshotSurface mSurfaceControl=Surface(name=TranStartingSurface)/@0x4290d rect=Rect(0, 0 - 1080, 2436) snapshotBuffer=android.hardware.HardwareBuffer@918f637 rotate=-1
2025-11-21 16:39:07.366  1558-1837  TranMemcgComponentImpl  pid-1558                             D  diedProcNameList=[]
2025-11-21 16:39:07.366  1558-1837  TranMemcgComponentImpl  pid-1558                             D  getBufferSize=3; 3
2025-11-21 16:39:07.366  1558-1837  TranMemcgComponentImpl  pid-1558                             D  buffer not full, no need release
2025-11-21 16:39:07.366  1558-5122  TranStarti...Controller pid-1558                             D  addStartingSurface activityRecord=ActivityRecord{4ee6d13 u0 com.afwsamples.testdpc/.PolicyManagementActivity t34} mCurrentTranStartingSurface=com.android.server.wm.TranStartingSurface@355a0c2 type=1
2025-11-21 16:39:07.366  1558-5122  TranStarti...Controller pid-1558                             D  activityRecord ActivityRecord{4ee6d13 u0 com.afwsamples.testdpc/.PolicyManagementActivity t34} is ShowStartingSurface res=true
2025-11-21 16:39:07.366  1558-5122  ActivityTaskManager     pid-1558                             W  Add starting :ActivityRecord{4ee6d13 u0 com.afwsamples.testdpc/.PolicyManagementActivity t34} startingData=SnapshotStartingData{a7cbed3 waitForSyncTransactionCommit=false removeAfterTransaction= 0}
2025-11-21 16:39:07.367  1558-5122  MagellanHandle          pid-1558                             D  updateRefreshRateForSceneVsyncs what = 23
2025-11-21 16:39:07.367  1022-1092  surfaceflinger          pid-1022                             E  == MALI DEBUG ===eglp_winsys_populate_image_templates ==12288
2025-11-21 16:39:07.367  1558-5122  PowerHalWrapper         pid-1558                             I  amsBoostNotify pid:3644,activity:com.android.launcher3.uioverrides.QuickstepLauncher, package:com.transsion.XOSLauncher, mProcessCreatePackcom.afwsamples.testdpc 
2025-11-21 16:39:07.367  1558-5122  PowerHalWrapper         pid-1558                             I  state: 0 
2025-11-21 16:39:07.368  1558-5122  mtkpower_client         pid-1558                             I  [PowerHal_Wrap_notifyAppState] com.transsion.XOSLauncher/com.android.launcher3.uioverrides.QuickstepLauncher pid=3644 activityId:125497904 state:0
2025-11-21 16:39:07.368  1558-5122  mtkpower_client         pid-1558                             I  [Legacy][PowerHal_Wrap_notifyAppState] com.transsion.XOSLauncher/com.android.launcher3.uioverrides.QuickstepLauncher pid=3644 state:125497904
2025-11-21 16:39:07.368   963-1037  libPowerHal             pid-963                              I  [setGPUFreq] LAUNCH user set gpu freq min:0, max:-1
2025-11-21 16:39:07.368   963-1037  libPowerHal             pid-963                              I  LAUNCH: set gpu opp level: 0
2025-11-21 16:39:07.369   963-1037  libPowerHal             pid-963                              I  LAUNCH: set gpu opp level max: 0
2025-11-21 16:39:07.369   963-1037  libPowerHal             pid-963                              I  [setGPUFreq] Soft min/max = (0, 0); Hard min/max = (44, 0)
2025-11-21 16:39:07.369   963-1037  libPowerHal             pid-963                              I  [setGPUFreq] final min/max = (0, 0)
2025-11-21 16:39:07.369   963-1037  libPowerHal             pid-963                              I  LAUNCH: set gpu opp level: 0
2025-11-21 16:39:07.369   963-1037  libPowerHal             pid-963                              I  LAUNCH: set gpu opp level max: 0
2025-11-21 16:39:07.369  1558-5122  PowerHalWrapper         pid-1558                             I  amsBoostNotify AMS_BOOST_PROCESS_CREATE_BOOST:false 
2025-11-21 16:39:07.369  1558-5122  PowerHalWrapper         pid-1558                             I  <amsBoostResume> last:com.transsion.XOSLauncher, next:com.afwsamples.testdpchasATProcess:true 
2025-11-21 16:39:07.370  1558-1721  mtkpower_client         pid-1558                             I  perf_cus_lock_hint hint:101, dur:1000, pid:1558
2025-11-21 16:39:07.370   963-1037  libPowerHal             pid-963                              I  [perfNotifyAppState] pack:com.transsion.XOSLauncher, act:com.android.launcher3.uioverrides.QuickstepLauncher, state:0, pid:3644, uid:10170, fps:-1
2025-11-21 16:39:07.370   963-991   AppFlingMode            pid-963                              D  [CheckAppFlingHint] 101 com.transsion.XOSLauncher -1
2025-11-21 16:39:07.370  1204-1251  uas-service             pid-1204                             D  set scene=0x4 success
2025-11-21 16:39:07.370  1558-1558  MBrainLocalService      pid-1558                             D  isVendorFreezeConditionPass is false
2025-11-21 16:39:07.370  1558-1558  MBrainLocalService      pid-1558                             E  notifyAppSwitch failed
2025-11-21 16:39:07.370  3231-3310  TranSplashScreenManager pid-3231                             D  modifySuggestType 2 => 2 for ActivityInfo{84cfc0b com.afwsamples.testdpc.PolicyManagementActivity}
2025-11-21 16:39:07.371   963-1037  libPowerHal             pid-963                              I  [setGPUFreq] MTKPOWER_HINT_LAUNCHER_ANIMA user set gpu freq min:0, max:-1
2025-11-21 16:39:07.371   963-1037  libPowerHal             pid-963                              I  MTKPOWER_HINT_LAUNCHER_ANIMA: set gpu opp level max: 0
2025-11-21 16:39:07.371   963-1037  libPowerHal             pid-963                              I  [setGPUFreq] Soft min/max = (0, 0); Hard min/max = (44, 0)
2025-11-21 16:39:07.371   963-1037  libPowerHal             pid-963                              I  [setGPUFreq] final min/max = (0, 0)
2025-11-21 16:39:07.371   963-1037  libPowerHal             pid-963                              I  MTKPOWER_HINT_LAUNCHER_ANIMA: set gpu opp level: 0
2025-11-21 16:39:07.371   963-1037  libPowerHal             pid-963                              I  MTKPOWER_HINT_LAUNCHER_ANIMA: set gpu opp level max: 0
2025-11-21 16:39:07.371  1558-5122  SmartPanelLice          pid-1558                             D  handleStartActivityResult result is 2
2025-11-21 16:39:07.371   963-1037  libPowerHal             pid-963                              I  [setClusterHardFreq] MTKPOWER_HINT_LAUNCHER_ANIMA: hard userlimit set cpu freq: -1 1900000 -1 1900000
2025-11-21 16:39:07.371   963-1037  libPowerHal             pid-963                              I  [thermal ux] update cluster0 to freqToSet:2000000 maxToSet:2000000
2025-11-21 16:39:07.371   963-1037  libPowerHal             pid-963                              I  [thermal ux] update cluster1 to freqToSet:2200000 maxToSet:2200000
2025-11-21 16:39:07.371   963-1037  libPowerHal             pid-963                              I  [setClusterFreq] MTKPOWER_HINT_LAUNCHER_ANIMA: sysfs_freq set cpu freq: 2000000 -1 2200000 -1 
2025-11-21 16:39:07.371   963-991   AppFlingMode            pid-963                              D  [CheckAppFlingHint] 22 com.transsion.XOSLauncher -1
