2025-12-09 15:59:21.360  3576-3739  MMKV                    pid-3576                             I  <MMKV.cpp:1174::sync> MMKV::sync, SyncFlag = 0
2025-12-09 15:59:21.361  4704-4704  TPMS_EVENT              pid-4704                             I  Notify: com.transsion.aicore.main, of: app_update:com.android.vending, DEBUG = false
2025-12-09 15:59:21.364  4704-4704  TPMS                    pid-4704                             D  backgroundWhitelistUid:android.content.pm.PackageManager$NameNotFoundException: com.transsion.aicore.main
2025-12-09 15:59:21.366  5484-5484  BatteryLab...rSaveUtils pid-5484                             W  isPowerSaveOpen: false
2025-12-09 15:59:21.366  5484-5484  BatteryLabService       pid-5484                             D  current level == 45, temperature == 389
2025-12-09 15:59:21.366  5484-5484  BatteryLabService       pid-5484                             D  funcNamepumpstat
2025-12-09 15:59:21.366  5484-5484  BLab-Setti...viderUtils pid-5484                             D  isUserSetupCompleteSdk = 1
2025-12-09 15:59:21.367  5484-5484  BatteryLabService       pid-5484                             D  system is charging
2025-12-09 15:59:21.367  5484-5484  BLab-Power...viderUtils pid-5484                             D  isPowerSaveModeReminderOn: 1
2025-12-09 15:59:21.369  4704-4704  TPMS_EVENT              pid-4704                             I  Notify: com.transsion.phonemanager, of: app_update:com.android.vending, DEBUG = false
2025-12-09 15:59:21.370 18628-18628 ActivityThread          pid-18628                            D  Package [com.android.vending] reported as REPLACED, but missing application info. Assuming REMOVED.
2025-12-09 15:59:21.371 13573-13573 TPMS_EVENT              pid-13573                            I  Notify: com.transsion.aicore.main, of: app_update:com.android.vending, DEBUG = false
2025-12-09 15:59:21.371  1565-1705  PackageManager          pid-1565                             W  Unable to load service info ResolveInfo{fe8b642 com.transsion.faceid/.TestAuthService m=0x108000 userHandle=null} (Ask Gemini)
                                                                                                    org.xmlpull.v1.XmlPullParserException: No android.accounts.AccountAuthenticator meta-data
                                                                                                    	at android.content.pm.RegisteredServicesCache.parseServiceInfo(RegisteredServicesCache.java:652)
                                                                                                    	at android.content.pm.RegisteredServicesCache.generateServicesMap(RegisteredServicesCache.java:493)
                                                                                                    	at android.content.pm.RegisteredServicesCache.handlePackageEvent(RegisteredServicesCache.java:219)
                                                                                                    	at android.content.pm.RegisteredServicesCache.-$$Nest$mhandlePackageEvent(Unknown Source:0)
                                                                                                    	at android.content.pm.RegisteredServicesCache$1.onReceive(RegisteredServicesCache.java:228)
                                                                                                    	at android.app.LoadedApk$ReceiverDispatcher$Args.lambda$getRunnable$0(LoadedApk.java:1851)
                                                                                                    	at android.app.LoadedApk$ReceiverDispatcher$Args.$r8$lambda$mcNAAl1SQ4MyJPyDg8TJ2x2h0Rk(Unknown Source:0)
                                                                                                    	at android.app.LoadedApk$ReceiverDispatcher$Args$$ExternalSyntheticLambda0.run(D8$$SyntheticClass:0)
                                                                                                    	at android.os.Handler.handleCallback(Handler.java:959)
                                                                                                    	at android.os.Handler.dispatchMessage(Handler.java:100)
                                                                                                    	at android.os.Looper.loopOnce(Looper.java:311)
                                                                                                    	at android.os.Looper.loop(Looper.java:408)
                                                                                                    	at android.os.HandlerThread.run(HandlerThread.java:85)
2025-12-09 15:59:21.372  3576-3688  ModelDbController       pid-3576                             I  update: table = favorites, values = options=0 intent=#Intent;action=android.intent.action.MAIN;category=android.intent.category.LAUNCHER;launchFlags=0x10200000;package=com.android.chrome;component=com.android.chrome/com.google.android.apps.chrome.Main;end profileId=0 screen=2 container=-101 restored=0 icon=[B@230e81f rank=0 category=0 cellX=2 cellY=0 spanX=1 spanY=1 title=Chrome itemType=0
2025-12-09 15:59:21.372 14330-25769 Bugle                   pid-14330                            I  BroadcastReceiverAsyncWorkTracker: Acknowledging broadcast of cggb@6336994
2025-12-09 15:59:21.375  3459-3459  SmsApplication          pid-3459                             E  com.google.android.apps.messaging lost android:read_cell_broadcasts:  (fixing)
2025-12-09 15:59:21.376  1565-5267  AppOpService            pid-1565                             W  Ignored setUidMode call for runtime permission app op: uid = 10218, code = READ_CELL_BROADCASTS, mode = allow, callingUid = 1001, oldMode = allow
2025-12-09 15:59:21.378  1565-1657  ApplicationHelper       pid-1565                             E  Fail to get PackageManager
2025-12-09 15:59:21.379  4704-4704  os_lock_noti_receive    pid-4704                             D  onReceive: action = android.intent.action.PACKAGE_ADDED, pkg = com.android.vendinglockPopSwitch = true, lockNotifySwitch = true
2025-12-09 15:59:21.381  4704-4704  os_lock_no...baseHelper pid-4704                             D  setNotificationData: type = 3, data.size = 1
2025-12-09 15:59:21.381 25730-25764 TranClassInfo           pid-25730                            D  instance successfully. com.transsion.hubcore.database.sqlite.TranSQLiteDatabaseImpl@2f66fef from com.transsion.hubcore.database.sqlite.ITranSQLiteDatabase
2025-12-09 15:59:21.382 25730-25764 TranClassInfo           pid-25730                            D  instance successfully. com.transsion.hubcore.spdopts.others.implement.TranSQLiteDatabaseComponentImpl@ae2aafc from com.transsion.hubcore.spdcomponent.ITranSQLiteDatabaseComponent
2025-12-09 15:59:21.382  1565-1657  ApplicationHelper       pid-1565                             E  Fail to get PackageManager
2025-12-09 15:59:21.383 25730-25764 KeyChain                pid-25730                            W  Creating new DB.
2025-12-09 15:59:21.383  4704-4704  os_lock_no...baseHelper pid-4704                             E  notifyChangeForOberver: uri = /allowedlist--- observer from = setNotificationData
2025-12-09 15:59:21.384  1565-3730  OomAdjuster             pid-1565                             D  Not killing cached processes
2025-12-09 15:59:21.384  3459-3459  SmsApplication          pid-3459                             W  com.android.phone does not have OP_WRITE_SMS:  (fixing)
2025-12-09 15:59:21.384 13596-13617 kolun.aiservice         pid-13596                            W  ApkAssets: Deleting an ApkAssets object '<empty> and /system_ext/app/SmartRecogize/SmartRecogize.apk' with 1 weak references
2025-12-09 15:59:21.384  1565-5267  AppOpService            pid-1565                             W  Ignored setUidMode call for runtime permission app op: uid = 1001001, code = READ_SMS, mode = allow, callingUid = 1001, oldMode = allow
2025-12-09 15:59:21.385  1565-1657  ApplicationHelper       pid-1565                             E  Fail to get PackageManager
2025-12-09 15:59:21.386  1565-3246  os.permiss...issionInfo pid-1565                             D  checkPermission 10183:android.permission.INTERACT_ACROSS_USERS_FULL:false
2025-12-09 15:59:21.386  1565-3246  ActivityManager         pid-1565                             W  Unable to start service Intent { act=com.transsion.tpms.action.EVENT pkg=com.transsion.aicore.main (has extras) } U=0: not found
2025-12-09 15:59:21.392 22223-22223 TrNotifica...DataLoader pid-22223                            I  getAllowContentValue Observer =============== 
2025-12-09 15:59:21.393  1565-5267  AppOpService            pid-1565                             W  Ignored setUidMode call for runtime permission app op: uid = 1001001, code = RECEIVE_SMS, mode = allow, callingUid = 1001, oldMode = allow
2025-12-09 15:59:21.393  1565-5267  AppOpService            pid-1565                             W  Ignored setUidMode call for runtime permission app op: uid = 1001001, code = RECEIVE_WAP_PUSH, mode = allow, callingUid = 1001, oldMode = allow
2025-12-09 15:59:21.393  1565-3363  AppOpService            pid-1565                             W  Ignored setUidMode call for runtime permission app op: uid = 1001001, code = SEND_SMS, mode = allow, callingUid = 1001, oldMode = allow
2025-12-09 15:59:21.394  1565-4777  AppOpService            pid-1565                             W  Ignored setUidMode call for runtime permission app op: uid = 1001001, code = READ_CELL_BROADCASTS, mode = allow, callingUid = 1001, oldMode = allow
2025-12-09 15:59:21.395  3576-3576  SuggestionWidgetManager pid-3576                             I  SuggestionWidgetManager onBindWorkspaceItemsChanged 1
2025-12-09 15:59:21.395  4704-4704  os_lock_noti_receive    pid-4704                             I  onReceive: add pkg = com.android.vending to allowed list
2025-12-09 15:59:21.395  4704-4704  os_lock_po...baseHelper pid-4704                             D  getPopData: type = 1
2025-12-09 15:59:21.396  3576-3688  PackageUpdatedTask      pid-3576                             I  Package updated: mOp=UPDATE packages=[com.transsion.filemanagerx]
2025-12-09 15:59:21.396  1565-1705  PhoneCloneServiceFinder pid-1565                             D  getTargetPackage() userId=10, services=[]
2025-12-09 15:59:21.396 13596-13617 kolun.aiservice         pid-13596                            W  ApkAssets: Deleting an ApkAssets object '<empty> and /data/app/~~kKam-p30tuaGYg7h1q3NTA==/com.android.vending-MHxjKOseI87h7ttiuPOupg==/base.apk' with 1 weak references
2025-12-09 15:59:21.396  1565-1657  ApplicationHelper       pid-1565                             E  Fail to get PackageManager
2025-12-09 15:59:21.397 13596-13617 kolun.aiservice         pid-13596                            W  ApkAssets: Deleting an ApkAssets object '<empty> and /data/app/~~kKam-p30tuaGYg7h1q3NTA==/com.android.vending-MHxjKOseI87h7ttiuPOupg==/split_config.arm64_v8a.apk' with 1 weak references
2025-12-09 15:59:21.397 13596-13617 kolun.aiservice         pid-13596                            W  ApkAssets: Deleting an ApkAssets object '<empty> and /data/app/~~kKam-p30tuaGYg7h1q3NTA==/com.android.vending-MHxjKOseI87h7ttiuPOupg==/split_config.en.apk' with 1 weak references
2025-12-09 15:59:21.397 13596-13617 kolun.aiservice         pid-13596                            W  ApkAssets: Deleting an ApkAssets object '<empty> and /data/app/~~kKam-p30tuaGYg7h1q3NTA==/com.android.vending-MHxjKOseI87h7ttiuPOupg==/split_phonesky_data_loader.apk' with 1 weak references
2025-12-09 15:59:21.397 13596-13617 kolun.aiservice         pid-13596                            W  ApkAssets: Deleting an ApkAssets object '<empty> and /data/app/~~kKam-p30tuaGYg7h1q3NTA==/com.android.vending-MHxjKOseI87h7ttiuPOupg==/split_phonesky_data_loader.config.arm64_v8a.apk' with 1 weak references
2025-12-09 15:59:21.397 13596-13617 kolun.aiservice         pid-13596                            W  ApkAssets: Deleting an ApkAssets object '<empty> and /data/app/~~kKam-p30tuaGYg7h1q3NTA==/com.android.vending-MHxjKOseI87h7ttiuPOupg==/split_phonesky_webrtc_native_lib.apk' with 1 weak references
2025-12-09 15:59:21.397 13596-13617 kolun.aiservice         pid-13596                            W  ApkAssets: Deleting an ApkAssets object '<empty> and /data/app/~~kKam-p30tuaGYg7h1q3NTA==/com.android.vending-MHxjKOseI87h7ttiuPOupg==/split_phonesky_webrtc_native_lib.config.arm64_v8a.apk' with 1 weak references
2025-12-09 15:59:21.399  3576-3830  Api                     pid-3576                             D  get LauncherDataServiceImpl from cache
2025-12-09 15:59:21.399  3576-3830  Api                     pid-3576                             D  get LauncherDataServiceImpl from cache
2025-12-09 15:59:21.399  3576-3830  Api                     pid-3576                             D  get LauncherDataServiceImpl from cache
2025-12-09 15:59:21.399  3576-3830  Api                     pid-3576                             D  get LauncherDataServiceImpl from cache
2025-12-09 15:59:21.399 25730-25764 KeyChain                pid-25730                            W  Existing alias: !!DefaultGuardKeyMustNotDelete!!
2025-12-09 15:59:21.400 25730-25764 KeyChain                pid-25730                            W  Marking as selectable: !!DefaultGuardKeyMustNotDelete!!
2025-12-09 15:59:21.400 25730-25764 KeyChain                pid-25730                            W  Existing alias: crypto
2025-12-09 15:59:21.400 25730-25764 KeyChain                pid-25730                            W  Marking as selectable: crypto
2025-12-09 15:59:21.400 25730-25764 KeyChain                pid-25730                            W  Existing alias: fl.install.id.sec.key
2025-12-09 15:59:21.400 25730-25764 KeyChain                pid-25730                            W  Marking as selectable: fl.install.id.sec.key
2025-12-09 15:59:21.403  1565-1657  ApplicationHelper       pid-1565                             E  Fail to get PackageManager
2025-12-09 15:59:21.404  1565-1657  ApplicationHelper       pid-1565                             E  Fail to get PackageManager
2025-12-09 15:59:21.405  1565-1657  ApplicationHelper       pid-1565                             E  Fail to get PackageManager
2025-12-09 15:59:21.405  4704-4704  os_lock_po...baseHelper pid-4704                             D  getPopData: type = 4
2025-12-09 15:59:21.405  1565-1657  ApplicationHelper       pid-1565                             E  Fail to get PackageManager
2025-12-09 15:59:21.405  1565-1657  ApplicationHelper       pid-1565                             E  Fail to get PackageManager
2025-12-09 15:59:21.406  4704-4704  os_lock_pop_receive     pid-4704                             D  actionAdded: pkg = com.android.vending, inPopBlockDb = false, inPopFilterDb = false, no do!!!
2025-12-09 15:59:21.406  4704-4704  NotiCenterReceiver      pid-4704                             I  onReceive: add pkg = com.android.vending to allowed list
2025-12-09 15:59:21.407  4704-4704  os_noti_cloud_13        pid-4704                             D  onReceive: 监听到安装了 ： com.android.vending
2025-12-09 15:59:21.407  1565-1916  ActivityManager         pid-1565                             W  Skipping broadcast of Intent { act=android.intent.action.PACKAGE_REPLACED dat=package: flg=0x4000010 pkg=com.android.vending (has extras) }: user 11 and its parent (if any) are stopped
2025-12-09 15:59:21.407  1565-1916  ActivityManager         pid-1565                             W  Skipping broadcast of Intent { act=android.intent.action.PACKAGE_REPLACED dat=package: flg=0x4000010 pkg=com.android.vending (has extras) }: user 12 and its parent (if any) are stopped
2025-12-09 15:59:21.408  4704-4979  os_noti_ce...terManager pid-4704                             E  parseRuleFile: e = java.io.FileNotFoundException: /data/user/0/com.hoffnung/cache/os_noti_center_config.txt: open failed: ENOENT (No such file or directory)
2025-12-09 15:59:21.408  4704-4979  os_noti_ce...terManager pid-4704                             I  parseRuleFile: 总结行数 = 0
2025-12-09 15:59:21.408  4704-4979  os_noti_ce...terManager pid-4704                             E  parseRuleFile: Coat time = 1
2025-12-09 15:59:21.408  4704-4979  os_noti_ce...terManager pid-4704                             I  parseSaveRules: allRuleList isEmpty = true
2025-12-09 15:59:21.408  1565-1916  ActivityManager         pid-1565                             W  Skipping broadcast of Intent { act=android.intent.action.MY_PACKAGE_REPLACED flg=0x4000010 pkg=com.android.vending (has extras) }: user 11 and its parent (if any) are stopped
2025-12-09 15:59:21.409  1565-1916  ActivityManager         pid-1565                             W  Skipping broadcast of Intent { act=android.intent.action.MY_PACKAGE_REPLACED flg=0x4000010 pkg=com.android.vending (has extras) }: user 12 and its parent (if any) are stopped
2025-12-09 15:59:21.409  1565-1916  PackageInstallerSession pid-1565                             D  Marking session 2057491806 as applied
2025-12-09 15:59:21.410  1565-4775  os.permiss...issionInfo pid-1565                             D  checkPermission 10183:android.permission.INTERACT_ACROSS_USERS_FULL:false
2025-12-09 15:59:21.410  4704-5065  AAM                     pid-4704                             D  ACTION_PACKAGE_ADDED data is empty return, country: , language: en_US
2025-12-09 15:59:21.411  4704-4704  os_noti_cloud_13        pid-4704                             D  getPkgUid: e = com.android.vending
2025-12-09 15:59:21.412  3459-3459  SmsApplication          pid-3459                             W  com.android.bluetooth does not have OP_WRITE_SMS:  (fixing)
2025-12-09 15:59:21.413  1565-4840  AppOpService            pid-1565                             W  Ignored setUidMode call for runtime permission app op: uid = 1001002, code = READ_SMS, mode = allow, callingUid = 1001, oldMode = allow
2025-12-09 15:59:21.413  1565-1657  ApplicationHelper       pid-1565                             E  Fail to get PackageManager
2025-12-09 15:59:21.414  1565-4840  AppOpService            pid-1565                             W  Ignored setUidMode call for runtime permission app op: uid = 1001002, code = RECEIVE_SMS, mode = allow, callingUid = 1001, oldMode = allow
2025-12-09 15:59:21.415  1565-4840  AppOpService            pid-1565                             W  Ignored setUidMode call for runtime permission app op: uid = 1001002, code = RECEIVE_WAP_PUSH, mode = allow, callingUid = 1001, oldMode = allow
2025-12-09 15:59:21.416  1565-1981  AppOpService            pid-1565                             W  Ignored setUidMode call for runtime permission app op: uid = 1001002, code = SEND_SMS, mode = allow, callingUid = 1001, oldMode = allow
2025-12-09 15:59:21.416  1565-1981  AppOpService            pid-1565                             W  Ignored setUidMode call for runtime permission app op: uid = 1001002, code = READ_CELL_BROADCASTS, mode = allow, callingUid = 1001, oldMode = allow
2025-12-09 15:59:21.417  3459-3459  SmsApplication          pid-3459                             W  com.android.mms.service does not have OP_WRITE_SMS:  (fixing)
2025-12-09 15:59:21.419  1565-4504  AppOpService            pid-1565                             W  Ignored setUidMode call for runtime permission app op: uid = 1001001, code = READ_SMS, mode = allow, callingUid = 1001, oldMode = allow
2025-12-09 15:59:21.419  1565-1980  ActivityManager         pid-1565                             I  checkedOptions.getThunderBackSupport() = false, packageName = com.android.vending , thunderbackUserId = 0
2025-12-09 15:59:21.419  1565-1980  ActivityTaskManager     pid-1565                             D  ActivityTaskManagerService setFromDynamicIslandToWindow packageName: com.android.vending
2025-12-09 15:59:21.419  1565-1980  TranDynami...rollerImpl pid-1565                             E  TranDynamicBarAnimControllerImpl setFromDynamicIslandToWindow pkgName:com.android.vending
2025-12-09 15:59:21.419  1565-1980  TranDynami...rollerImpl pid-1565                             E  start setFromDynamicIslandToWindow startFromDynamicIsland:false
2025-12-09 15:59:21.419  1565-1980  TranDynami...rollerImpl pid-1565                             E  end setFromDynamicIslandToWindow mDynamicIslandPkgName:com.android.vending mStartFromDynamicIsland:false
2025-12-09 15:59:21.420 13573-13573 os_lock_noti_receive    pid-13573                            D  onReceive: action = android.intent.action.PACKAGE_ADDED, pkg = com.android.vendinglockPopSwitch = true, lockNotifySwitch = true
2025-12-09 15:59:21.421  1565-3730  AppOpService            pid-1565                             W  Ignored setUidMode call for runtime permission app op: uid = 1001001, code = RECEIVE_SMS, mode = allow, callingUid = 1001, oldMode = allow
2025-12-09 15:59:21.421  1565-1980  TABE-TranT...ponentImpl pid-1565                             I  PackageName=com.android.vending
2025-12-09 15:59:21.421  1565-1980  ziparchive              pid-1565                             W  Unable to open '/data/app/vmdl2057491806.tmp/base.apk': No such file or directory
2025-12-09 15:59:21.421  1565-1980  zipro                   pid-1565                             W  Error opening archive /data/app/vmdl2057491806.tmp/base.apk: I/O error
2025-12-09 15:59:21.422  4704-5211  os_lock_no...fgProvider pid-4704                             I  query: uri = content://com.transsion.locknotification.NotificationCfgProvider/allowedlist, selection = null, selectionArgs = null
2025-12-09 15:59:21.422  1565-1980  TABE-TranT...ponentImpl pid-1565                             E  SEND_INSTALL_INFO_MSG: 1 ,infoPkgInstallInfo{mPackageName='com.android.vending', mPackageVersionCode=84913230, mPackageSize=0, mCode=1, mInstaller='com.android.vending', mInstallDurationTimes=60972s, mDataLoader=0}
2025-12-09 15:59:21.422 13573-13573 os_lock_no...baseHelper pid-13573                            D  setNotificationData: type = 3, data.size = 1
2025-12-09 15:59:21.422  1565-3730  AppOpService            pid-1565                             W  Ignored setUidMode call for runtime permission app op: uid = 1001001, code = RECEIVE_WAP_PUSH, mode = allow, callingUid = 1001, oldMode = allow
2025-12-09 15:59:21.423 13573-13573 os_lock_no...baseHelper pid-13573                            E  notifyChangeForOberver: uri = /allowedlist--- observer from = setNotificationData
2025-12-09 15:59:21.423  1565-4777  AppOpService            pid-1565                             W  Ignored setUidMode call for runtime permission app op: uid = 1001001, code = SEND_SMS, mode = allow, callingUid = 1001, oldMode = allow
2025-12-09 15:59:21.424 22223-22223 TrNotifica...DataLoader pid-22223                            I  getAllowContentValue Observer =============== 
2025-12-09 15:59:21.427  3576-3688  OsIcons-BaseIconCache   pid-3576                             D  addIconToDBAndMemCache: cachingLogic = com.android.launcher3.icons.LauncherActivityCachingLogic@76d4410, replaceExisting = false, pkg = com.transsion.filemanagerx
2025-12-09 15:59:21.427  3576-3688  OsIcons-BaseIconCache   pid-3576                             D  addIconToDBAndMemCache: entry = null, pkg = com.transsion.filemanagerx
2025-12-09 15:59:21.427  3576-3830  SuggestionWidgetManager pid-3576                             I  SuggestionWidgetManager onBindWorkspaceItemsChanged : 1, false
2025-12-09 15:59:21.427  3576-3830  SuggestionWidgetManager pid-3576                             I  SuggestionWidgetManager onBindWorkspaceItemsChanged : isSugListContainsPkgList:false [com.android.chrome]
2025-12-09 15:59:21.428  1565-1980  ResilientAtomicFile     pid-1565                             W  Preserving older package-session backup
2025-12-09 15:59:21.428  4704-15686 os_lock_no...fgProvider pid-4704                             I  query: uri = content://com.transsion.locknotification.NotificationCfgProvider/allowedlist, selection = null, selectionArgs = null
2025-12-09 15:59:21.429 13573-13573 os_lock_noti_receive    pid-13573                            I  onReceive: add pkg = com.android.vending to allowed list
2025-12-09 15:59:21.429 13573-13573 os_lock_po...baseHelper pid-13573                            D  getPopData: type = 1
2025-12-09 15:59:21.430  1565-2963  TranLockSc...tification pid-1565                             D  mLockScreenNotificationAllowedSet size: 373
2025-12-09 15:59:21.431  1565-4774  Griffin/fi...eBroadcast pid-1565                             D  not limit Intent { act=com.google.android.libraries.storage.protostore.SIGNAL_ACTION dat=android://com.google.android.gms/... flg=0x10000010 pkg=com.google.android.gms } for resultTo not null
2025-12-09 15:59:21.432 13573-13573 os_lock_po...baseHelper pid-13573                            D  getPopData: type = 4
2025-12-09 15:59:21.433 13573-13573 os_lock_pop_receive     pid-13573                            D  actionAdded: pkg = com.android.vending, inPopBlockDb = false, inPopFilterDb = false, no do!!!
2025-12-09 15:59:21.434 13573-13573 NotiCenterReceiver      pid-13573                            I  onReceive: add pkg = com.android.vending to allowed list
2025-12-09 15:59:21.434  1565-3437  AppOpService            pid-1565                             W  Ignored setUidMode call for runtime permission app op: uid = 1001001, code = READ_CELL_BROADCASTS, mode = allow, callingUid = 1001, oldMode = allow
2025-12-09 15:59:21.434 13573-13573 os_noti_cloud_13        pid-13573                            D  onReceive: 监听到安装了 ： com.android.vending
2025-12-09 15:59:21.434 13573-13812 AAM                     pid-13573                            D  ACTION_PACKAGE_ADDED data is empty return, country: , language: en_US
2025-12-09 15:59:21.436  1565-3273  CompatChangeReporter    pid-1565                             D  Compat change id reported: 311208629; UID 1001000; state: ENABLED
2025-12-09 15:59:21.436 13573-13748 os_noti_ce...terManager pid-13573                            E  parseRuleFile: e = java.io.FileNotFoundException: /data/user/10/com.hoffnung/cache/os_noti_center_config.txt: open failed: ENOENT (No such file or directory)
2025-12-09 15:59:21.437 13573-13748 os_noti_ce...terManager pid-13573                            I  parseRuleFile: 总结行数 = 0
2025-12-09 15:59:21.437 13573-13748 os_noti_ce...terManager pid-13573                            E  parseRuleFile: Coat time = 2
2025-12-09 15:59:21.437 13573-13748 os_noti_ce...terManager pid-13573                            I  parseSaveRules: allRuleList isEmpty = true
2025-12-09 15:59:21.442  1565-1657  ApplicationHelper       pid-1565                             E  Fail to get PackageManager
2025-12-09 15:59:21.442  1565-1657  ApplicationHelper       pid-1565                             E  Fail to get PackageManager
2025-12-09 15:59:21.445 13573-13573 os_noti_cloud_13        pid-13573                            D  onCreate: 
2025-12-09 15:59:21.446 13573-13573 os_noti_cloud_13        pid-13573                            I  setupTables
2025-12-09 15:59:21.447  3459-3459  SmsApplication          pid-3459                             W  com.android.providers.telephony does not have OP_WRITE_SMS:  (fixing)
2025-12-09 15:59:21.448  1203-1203  uas-service             pid-1203                             E  thread_id = ux_exact_gclauncher is Invalid
2025-12-09 15:59:21.448  1203-1203  uas-service             pid-1203                             E  check uxtaglist failed.
2025-12-09 15:59:21.449  8031-25776 phonemaster_log         pid-8031                             I  HiManager_CustomTpmsEventService: receiver4 event=app_update value=com.android.vending
2025-12-09 15:59:21.452  8031-25776 phonemaster_log         pid-8031                             E  SuperSaveUtils: Settings.Secure get super_save status fail 
2025-12-09 15:59:21.452  8031-25776 System.err              pid-8031                             W  android.provider.Settings$SettingNotFoundException: super_power_saving_mode
2025-12-09 15:59:21.452  1565-4504  AppOpService            pid-1565                             W  Ignored setUidMode call for runtime permission app op: uid = 1001001, code = READ_SMS, mode = allow, callingUid = 1001, oldMode = allow
2025-12-09 15:59:21.453  8031-25776 System.err              pid-8031                             W  	at android.provider.Settings.parseIntSetting(Settings.java:4007)
2025-12-09 15:59:21.453  8031-25776 System.err              pid-8031                             W  	at android.provider.Settings.-$$Nest$smparseIntSetting(Unknown Source:0)
2025-12-09 15:59:21.453  8031-25776 System.err              pid-8031                             W  	at android.provider.Settings$Secure.getIntForUser(Settings.java:7373)
2025-12-09 15:59:21.453  8031-25776 System.err              pid-8031                             W  	at android.provider.Settings$Secure.getInt(Settings.java:7366)
2025-12-09 15:59:21.453  8031-25776 System.err              pid-8031                             W  	at m.d.d(SourceFile:1)
2025-12-09 15:59:21.453  8031-25776 System.err              pid-8031                             W  	at com.transsion.phonemanager.CustomTpmsEventService.c(SourceFile:22)
2025-12-09 15:59:21.453  8031-25776 System.err              pid-8031                             W  	at com.hoffnung.tpms_sdk.TpmsEventService.onHandleIntent(Unknown Source:289)
2025-12-09 15:59:21.453  8031-25776 System.err              pid-8031                             W  	at android.app.IntentService$ServiceHandler.handleMessage(IntentService.java:77)
2025-12-09 15:59:21.453  8031-25776 System.err              pid-8031                             W  	at android.os.Handler.dispatchMessage(Handler.java:107)
2025-12-09 15:59:21.453  8031-25776 System.err              pid-8031                             W  	at android.os.Looper.loopOnce(Looper.java:311)
2025-12-09 15:59:21.453  8031-25776 System.err              pid-8031                             W  	at android.os.Looper.loop(Looper.java:408)
2025-12-09 15:59:21.453  8031-25776 System.err              pid-8031                             W  	at android.os.HandlerThread.run(HandlerThread.java:85)
2025-12-09 15:59:21.455  1565-4504  AppOpService            pid-1565                             W  Ignored setUidMode call for runtime permission app op: uid = 1001001, code = RECEIVE_SMS, mode = allow, callingUid = 1001, oldMode = allow
2025-12-09 15:59:21.455  1565-4504  AppOpService            pid-1565                             W  Ignored setUidMode call for runtime permission app op: uid = 1001001, code = RECEIVE_WAP_PUSH, mode = allow, callingUid = 1001, oldMode = allow
2025-12-09 15:59:21.456 18237-18237 BatteryLab...rSaveUtils pid-18237                            W  isPowerSaveOpen: false
2025-12-09 15:59:21.456 18237-18237 BatteryLabService       pid-18237                            D  current level == 45, temperature == 389
2025-12-09 15:59:21.456 18237-18237 BatteryLabService       pid-18237                            D  funcNamepumpstat
2025-12-09 15:59:21.456  1565-4504  AppOpService            pid-1565                             W  Ignored setUidMode call for runtime permission app op: uid = 1001001, code = SEND_SMS, mode = allow, callingUid = 1001, oldMode = allow
2025-12-09 15:59:21.457 18237-18237 BLab-Setti...viderUtils pid-18237                            D  isUserSetupCompleteSdk = 1
2025-12-09 15:59:21.457  1565-4504  AppOpService            pid-1565                             W  Ignored setUidMode call for runtime permission app op: uid = 1001001, code = READ_CELL_BROADCASTS, mode = allow, callingUid = 1001, oldMode = allow
2025-12-09 15:59:21.457 18237-18237 BatteryLabService       pid-18237                            D  system is charging
2025-12-09 15:59:21.457 18237-18237 BLab-Power...viderUtils pid-18237                            D  isPowerSaveModeReminderOn: 1
2025-12-09 15:59:21.458 12084-12084 StrictMode              pid-12084                            D  StrictMode policy violation: android.os.strictmode.UnsafeIntentLaunchViolation: Launch of unsafe intent: Intent { act=android.intent.action.PACKAGE_REMOVED dat=package: flg=0x4000010 pkg=com.google.android.gms cmp=com.google.android.gms/.chimera.GmsIntentOperationService (has extras) } (Ask Gemini)
                                                                                                    	at android.os.StrictMode.onUnsafeIntentLaunch(StrictMode.java:2386)
                                                                                                    	at android.content.Intent.prepareToLeaveProcess(Intent.java:12566)
                                                                                                    	at android.content.Intent.prepareToLeaveProcess(Intent.java:12479)
                                                                                                    	at android.app.ContextImpl.startServiceCommon(ContextImpl.java:2142)
                                                                                                    	at android.app.ContextImpl.startService(ContextImpl.java:2095)
                                                                                                    	at android.content.ContextWrapper.startService(ContextWrapper.java:848)
                                                                                                    	at android.content.ContextWrapper.startService(ContextWrapper.java:848)
                                                                                                    	at android.content.ContextWrapper.startService(ContextWrapper.java:848)
                                                                                                    	at bjnl.apply(:com.google.android.gms@251036035@25.10.36 (260400-739992411):5)
                                                                                                    	at bjnp.a(:com.google.android.gms@251036035@25.10.36 (260400-739992411):1)
                                                                                                    	at bjnp.startService(:com.google.android.gms@251036035@25.10.36 (260400-739992411):53)
                                                                                                    	at sob.c(:com.google.android.gms@251036035@25.10.36 (260400-739992411):71)
                                                                                                    	at sob.b(:com.google.android.gms@251036035@25.10.36 (260400-739992411):214)
                                                                                                    	at apkr.onReceive(:com.google.android.gms@251036035@25.10.36 (260400-739992411):5)
                                                                                                    	at apep.a(:com.google.android.gms@251036035@25.10.36 (260400-739992411):34)
                                                                                                    	at sje.onReceive(:com.google.android.gms@251036035@25.10.36 (260400-739992411):32)
                                                                                                    	at atfx.c(:com.google.android.gms@251036035@25.10.36 (260400-739992411):20)
                                                                                                    	at atfx.a(:com.google.android.gms@251036035@25.10.36 (260400-739992411):5)
                                                                                                    	at atfv.call(:com.google.android.gms@251036035@25.10.36 (260400-739992411):9)
                                                                                                    	at java.util.concurrent.FutureTask.run(FutureTask.java:264)
                                                                                                    	at android.os.Handler.handleCallback(Handler.java:959)
                                                                                                    	at android.os.Handler.dispatchMessage(Handler.java:100)
                                                                                                    	at android.os.Looper.loopOnce(Looper.java:311)
                                                                                                    	at android.os.Looper.loop(Looper.java:408)
                                                                                                    	at android.app.ActivityThread.main(ActivityThread.java:9119)
                                                                                                    	at java.lang.reflect.Method.invoke(Native Method)
                                                                                                    	at com.android.internal.os.RuntimeInit$MethodAndArgsCaller.run(RuntimeInit.java:627)
                                                                                                    	at com.android.internal.os.ZygoteInit.main(ZygoteInit.java:970)
2025-12-09 15:59:21.459 12084-12198 GmsStrictMode           pid-12084                            W  UNSAFE_INTENT_LAUNCH [CONTEXT service_id=256 ] (Ask Gemini)
                                                                                                    android.os.strictmode.UnsafeIntentLaunchViolation: Launch of unsafe intent: Intent { act=android.intent.action.PACKAGE_REMOVED dat=package: flg=0x4000010 pkg=com.google.android.gms cmp=com.google.android.gms/.chimera.GmsIntentOperationService (has extras) }
                                                                                                    	at android.os.StrictMode.onUnsafeIntentLaunch(StrictMode.java:2386)
                                                                                                    	at android.content.Intent.prepareToLeaveProcess(Intent.java:12566)
                                                                                                    	at android.content.Intent.prepareToLeaveProcess(Intent.java:12479)
                                                                                                    	at android.app.ContextImpl.startServiceCommon(ContextImpl.java:2142)
                                                                                                    	at android.app.ContextImpl.startService(ContextImpl.java:2095)
                                                                                                    	at android.content.ContextWrapper.startService(ContextWrapper.java:848)
                                                                                                    	at android.content.ContextWrapper.startService(ContextWrapper.java:848)
                                                                                                    	at android.content.ContextWrapper.startService(ContextWrapper.java:848)
                                                                                                    	at bjnl.apply(:com.google.android.gms@251036035@25.10.36 (260400-739992411):5)
                                                                                                    	at bjnp.a(:com.google.android.gms@251036035@25.10.36 (260400-739992411):1)
                                                                                                    	at bjnp.startService(:com.google.android.gms@251036035@25.10.36 (260400-739992411):53)
                                                                                                    	at sob.c(:com.google.android.gms@251036035@25.10.36 (260400-739992411):71)
                                                                                                    	at sob.b(:com.google.android.gms@251036035@25.10.36 (260400-739992411):214)
                                                                                                    	at apkr.onReceive(:com.google.android.gms@251036035@25.10.36 (260400-739992411):5)
                                                                                                    	at apep.a(:com.google.android.gms@251036035@25.10.36 (260400-739992411):34)
                                                                                                    	at sje.onReceive(:com.google.android.gms@251036035@25.10.36 (260400-739992411):32)
                                                                                                    	at atfx.c(:com.google.android.gms@251036035@25.10.36 (260400-739992411):20)
                                                                                                    	at atfx.a(:com.google.android.gms@251036035@25.10.36 (260400-739992411):5)
                                                                                                    	at atfv.call(:com.google.android.gms@251036035@25.10.36 (260400-739992411):9)
                                                                                                    	at java.util.concurrent.FutureTask.run(FutureTask.java:264)
                                                                                                    	at android.os.Handler.handleCallback(Handler.java:959)
                                                                                                    	at android.os.Handler.dispatchMessage(Handler.java:100)
                                                                                                    	at android.os.Looper.loopOnce(Looper.java:311)
                                                                                                    	at android.os.Looper.loop(Looper.java:408)
                                                                                                    	at android.app.ActivityThread.main(ActivityThread.java:9119)
                                                                                                    	at java.lang.reflect.Method.invoke(Native Method)
                                                                                                    	at com.android.internal.os.RuntimeInit$MethodAndArgsCaller.run(RuntimeInit.java:627)
                                                                                                    	at com.android.internal.os.ZygoteInit.main(ZygoteInit.java:970)
2025-12-09 15:59:21.459  1565-3242  os.permiss...issionInfo pid-1565                             D  checkPermission 10183:android.permission.INTERACT_ACROSS_USERS_FULL:false
2025-12-09 15:59:21.459  1565-3242  ActivityManager         pid-1565                             W  Unable to start service Intent { act=com.transsion.tpms.action.EVENT pkg=com.transsion.aicore.main (has extras) } U=0: not found
2025-12-09 15:59:21.460  3459-3459  CellBroadcastUtils      pid-3459                             E  getDefaultCellBroadcastReceiverPackageName: no package found
2025-12-09 15:59:21.461  1565-1657  ApplicationHelper       pid-1565                             E  Fail to get PackageManager
2025-12-09 15:59:21.461  1565-1657  ApplicationHelper       pid-1565                             E  Fail to get PackageManager
2025-12-09 15:59:21.461  3459-3459  SmsApplication          pid-3459                             W  com.transsion.cloudserver does not have OP_WRITE_SMS:  (fixing)
2025-12-09 15:59:21.463 13573-13573 os_noti_cloud_13        pid-13573                            D  exeAppNotiRule: rule = 
2025-12-09 15:59:21.462  1565-4504  AppOpService            pid-1565                             W  Ignored setUidMode call for runtime permission app op: uid = 1010155, code = READ_SMS, mode = allow, callingUid = 1001, oldMode = allow
2025-12-09 15:59:21.463  1565-1657  ApplicationHelper       pid-1565                             E  Fail to get PackageManager
2025-12-09 15:59:21.465  3576-3688  OsIcons-IconProvider    pid-3576                             D  trGetIconWithOverrides: icon = android.graphics.drawable.BitmapDrawable@bdedfe9, packageName = com.transsion.filemanagerx
2025-12-09 15:59:21.466  1565-1643  AppOpService            pid-1565                             W  Ignored setUidMode call for runtime permission app op: uid = 1010155, code = RECEIVE_SMS, mode = allow, callingUid = 1001, oldMode = allow
2025-12-09 15:59:21.467  1565-1643  AppOpService            pid-1565                             W  Ignored setUidMode call for runtime permission app op: uid = 1010155, code = RECEIVE_WAP_PUSH, mode = allow, callingUid = 1001, oldMode = allow
2025-12-09 15:59:21.468  1565-4504  AppOpService            pid-1565                             W  Ignored setUidMode call for runtime permission app op: uid = 1010155, code = SEND_SMS, mode = allow, callingUid = 1001, oldMode = allow
2025-12-09 15:59:21.469  1565-4504  AppOpService            pid-1565                             W  Ignored setUidMode call for runtime permission app op: uid = 1010155, code = READ_CELL_BROADCASTS, mode = allow, callingUid = 1001, oldMode = allow
2025-12-09 15:59:21.469  1565-1657  ApplicationHelper       pid-1565                             E  Fail to get PackageManager
2025-12-09 15:59:21.470  1565-3273  AppOpService            pid-1565                             W  Ignored setUidMode call for runtime permission app op: uid = 1001, code = READ_SMS, mode = allow, callingUid = 1001, oldMode = allow
2025-12-09 15:59:21.462  4704-15686 os_lock_no...fgProvider pid-4704                             I  query: uri = content://com.transsion.locknotification.NotificationCfgProvider/allowedlist, selection = null, selectionArgs = null
2025-12-09 15:59:21.471  4704-5051  ActivityThread          pid-4704                             E  Failed to find provider info for com.transsion.spacesaversdk.provider
2025-12-09 15:59:21.471  4704-5051  SnapshotController      pid-4704                             D  delSnapshotApp By broadcast: com.android.vending
2025-12-09 15:59:21.472  1565-3273  AppOpService            pid-1565                             W  Ignored setUidMode call for runtime permission app op: uid = 1001, code = RECEIVE_SMS, mode = allow, callingUid = 1001, oldMode = allow
2025-12-09 15:59:21.474  1565-4504  AppOpService            pid-1565                             W  Ignored setUidMode call for runtime permission app op: uid = 1001, code = RECEIVE_WAP_PUSH, mode = allow, callingUid = 1001, oldMode = allow
2025-12-09 15:59:21.474 25384-25384 android.vending         pid-25384                            I  Using CollectorTypeCMC GC.
2025-12-09 15:59:21.475  1565-4504  AppOpService            pid-1565                             W  Ignored setUidMode call for runtime permission app op: uid = 1001, code = SEND_SMS, mode = allow, callingUid = 1001, oldMode = allow
2025-12-09 15:59:21.477  1565-4504  AppOpService            pid-1565                             W  Ignored setUidMode call for runtime permission app op: uid = 1001, code = READ_CELL_BROADCASTS, mode = allow, callingUid = 1001, oldMode = allow
2025-12-09 15:59:21.479 25384-25384 android.vending         pid-25384                            E  Not starting debugger since process cannot load the jdwp agent.
2025-12-09 15:59:21.481 25384-25384 nativeloader            pid-25384                            D  Load libframework-connectivity-tiramisu-jni.so using APEX ns com_android_tethering for caller /apex/com.android.tethering/javalib/framework-connectivity-t.jar: ok
2025-12-09 15:59:21.482  1565-1824  ActivityManager         pid-1565                             I  Start proc 25384:com.android.vending/u10a112 for broadcast {com.android.vending/com.google.android.finsky.packagemonitor.impl.PackageMonitorReceiverImpl$RegisteredReceiver}
2025-12-09 15:59:21.483  1565-1705  PhoneCloneServiceFinder pid-1565                             D  getTargetPackage() userId=0, services=[]
2025-12-09 15:59:21.485  1565-1657  ApplicationHelper       pid-1565                             E  Fail to get PackageManager
2025-12-09 15:59:21.486  1565-1705  PackageManager          pid-1565                             W  Unable to load service info ResolveInfo{6008fda com.transsion.faceid/.TestAuthService m=0x108000 userHandle=null} (Ask Gemini)
                                                                                                    org.xmlpull.v1.XmlPullParserException: No android.accounts.AccountAuthenticator meta-data
                                                                                                    	at android.content.pm.RegisteredServicesCache.parseServiceInfo(RegisteredServicesCache.java:652)
                                                                                                    	at android.content.pm.RegisteredServicesCache.generateServicesMap(RegisteredServicesCache.java:493)
                                                                                                    	at android.content.pm.RegisteredServicesCache.handlePackageEvent(RegisteredServicesCache.java:219)
                                                                                                    	at android.content.pm.RegisteredServicesCache.-$$Nest$mhandlePackageEvent(Unknown Source:0)
                                                                                                    	at android.content.pm.RegisteredServicesCache$1.onReceive(RegisteredServicesCache.java:228)
                                                                                                    	at android.app.LoadedApk$ReceiverDispatcher$Args.lambda$getRunnable$0(LoadedApk.java:1851)
                                                                                                    	at android.app.LoadedApk$ReceiverDispatcher$Args.$r8$lambda$mcNAAl1SQ4MyJPyDg8TJ2x2h0Rk(Unknown Source:0)
                                                                                                    	at android.app.LoadedApk$ReceiverDispatcher$Args$$ExternalSyntheticLambda0.run(D8$$SyntheticClass:0)
