2025-12-09 12:04:16.071 12649-13195 MdmCommandReceiver      com.cdccreditsmart.app               E  âŒ ========================================
2025-12-09 12:04:16.071 12649-13195 MdmCommandReceiver      com.cdccreditsmart.app               E  âŒ ERRO DE AUTENTICAÃ‡ÃƒO WEBSOCKET!
2025-12-09 12:04:16.071 12649-13195 MdmCommandReceiver      com.cdccreditsmart.app               E  âŒ ========================================
2025-12-09 12:04:16.071 12649-13195 MdmCommandReceiver      com.cdccreditsmart.app               E  âŒ Erro: Device not found in system
2025-12-09 12:04:16.071 12649-13195 MdmCommandReceiver      com.cdccreditsmart.app               E  âŒ CÃ³digo: 
2025-12-09 12:04:16.157 12649-19973 MdmCommandReceiver      com.cdccreditsmart.app               D  ğŸ“¥ Mensagem MDM recebida: {"type":"auth_error","message":"Device not found in system","timestamp":"2025-12-09T15:04:17.103Z"}
2025-12-09 12:04:16.158 12649-13197 MdmCommandReceiver      com.cdccreditsmart.app               D  ğŸ“¥ JSON recebido: {"type":"auth_error","message":"Device not found in system","timestamp":"2025-12-09T15:04:17.103Z"}
2025-12-09 12:04:16.158 12649-13195 MdmCommandReceiver      com.cdccreditsmart.app               I  ğŸ” HTTP Response code: 404
2025-12-09 12:04:16.158 12649-13195 MdmCommandReceiver      com.cdccreditsmart.app               I  ğŸ” HTTP isSuccessful: false
2025-12-09 12:04:16.158 12649-13195 MdmCommandReceiver      com.cdccreditsmart.app               E  âŒ ========================================
2025-12-09 12:04:16.158 12649-13195 MdmCommandReceiver      com.cdccreditsmart.app               E  âŒ ERRO AO BUSCAR COMANDOS PENDENTES
2025-12-09 12:04:16.158 12649-13195 MdmCommandReceiver      com.cdccreditsmart.app               E  âŒ ========================================
2025-12-09 12:04:16.158 12649-13195 MdmCommandReceiver      com.cdccreditsmart.app               E  âŒ HTTP Status: 404
2025-12-09 12:04:16.158 12649-13195 MdmCommandReceiver      com.cdccreditsmart.app               E  âŒ HTTP Message: 
2025-12-09 12:04:16.160 12649-13195 MdmCommandReceiver      com.cdccreditsmart.app               E  âŒ Error body: {"error":"Dispositivo nÃ£o encontrado","hint":"Use IMEI, Serial Number ou Device ID do aparelho cadastrado"}
2025-12-09 12:04:16.160 12649-13195 MdmCommandReceiver      com.cdccreditsmart.app               E  âŒ ========================================
2025-12-09 12:04:16.160 12649-13195 MdmCommandReceiver      com.cdccreditsmart.app               E  âŒ Device nÃ£o encontrado no backend!
2025-12-09 12:04:16.160 12649-13195 MdmCommandReceiver      com.cdccreditsmart.app               E  âŒ Identifier usado: 352096325698365
2025-12-09 12:04:16.172 12649-13195 MdmCommandReceiver      com.cdccreditsmart.app               I  ğŸ” [Polling #1] Verificando comandos pendentes...
2025-12-09 12:04:16.173 12649-13195 SecureTokenStorage      com.cdccreditsmart.app               D  âœ… Usando IMEI para MDM: 3520***365
2025-12-09 12:04:16.173 12649-13195 MdmCommandReceiver      com.cdccreditsmart.app               I  ğŸ” ========================================
2025-12-09 12:04:16.173 12649-13195 MdmCommandReceiver      com.cdccreditsmart.app               I  ğŸ” BUSCANDO COMANDOS PENDENTES
2025-12-09 12:04:16.173 12649-13195 MdmCommandReceiver      com.cdccreditsmart.app               I  ğŸ” ========================================
2025-12-09 12:04:16.173 12649-13195 MdmCommandReceiver      com.cdccreditsmart.app               I  ğŸ” Identifier: 352096325698365
2025-12-09 12:04:16.173 12649-13195 MdmCommandReceiver      com.cdccreditsmart.app               I  ğŸ” Endpoint: GET /api/apk/device/352096325698365/commands
2025-12-09 12:04:16.173 12649-13197 MdmCommandReceiver      com.cdccreditsmart.app               D  ğŸ“¨ Tipo de mensagem: auth_error
2025-12-09 12:04:16.173 12649-13197 MdmCommandReceiver      com.cdccreditsmart.app               E  âŒ ========================================
2025-12-09 12:04:16.173 12649-13197 MdmCommandReceiver      com.cdccreditsmart.app               E  âŒ ERRO DE AUTENTICAÃ‡ÃƒO WEBSOCKET!
2025-12-09 12:04:16.173 12649-13197 MdmCommandReceiver      com.cdccreditsmart.app               E  âŒ ========================================
2025-12-09 12:04:16.173 12649-13197 MdmCommandReceiver      com.cdccreditsmart.app               E  âŒ Erro: Device not found in system
2025-12-09 12:04:16.173 12649-13197 MdmCommandReceiver      com.cdccreditsmart.app               E  âŒ CÃ³digo: 
2025-12-09 12:04:16.174 12649-13195 MdmCommandReceiver      com.cdccreditsmart.app               D  ğŸ” Executando requisiÃ§Ã£o HTTP (timeout: 15s)...
2025-12-09 12:04:16.285 12649-13195 SettingsGuardService    com.cdccreditsmart.app               D  ğŸ“‹ Activity check - Full: null, Simple: null
2025-12-09 12:04:16.451 12649-19262 SecureTokenStorage      com.cdccreditsmart.app               D  EncryptedSharedPreferences initialized successfully
2025-12-09 12:04:16.596 12649-13195 HeartbeatManager        com.cdccreditsmart.app               I  âœ… Heartbeat aceito pelo backend (HTTP 200)
2025-12-09 12:04:16.596 12649-13195 HeartbeatManager        com.cdccreditsmart.app               D  ğŸ“Š Resposta do heartbeat:
2025-12-09 12:04:16.596 12649-13195 HeartbeatManager        com.cdccreditsmart.app               D     success: true
2025-12-09 12:04:16.596 12649-13195 HeartbeatManager        com.cdccreditsmart.app               D     complianceStatus: NON_COMPLIANT
2025-12-09 12:04:16.596 12649-13195 HeartbeatManager        com.cdccreditsmart.app               D     expectedBlockLevel: 6
2025-12-09 12:04:16.596 12649-13195 HeartbeatManager        com.cdccreditsmart.app               D     requiresBackendRevalidation: true
2025-12-09 12:04:16.596 12649-13195 HeartbeatManager        com.cdccreditsmart.app               W  âš ï¸ Backend exige revalidaÃ§Ã£o de IMEI!
2025-12-09 12:04:16.596 12649-13195 HeartbeatManager        com.cdccreditsmart.app               W  
2025-12-09 12:04:16.596 12649-13195 HeartbeatManager        com.cdccreditsmart.app               W  â•”â•â•â•â•â•â•â•â•â•â•â•â•â•â•â•â•â•â•â•â•â•â•â•â•â•â•â•â•â•â•â•â•â•â•â•â•â•â•â•â•â•â•â•â•â•â•â•â•â•â•â•â•â•—
2025-12-09 12:04:16.596 12649-13195 HeartbeatManager        com.cdccreditsmart.app               W  â•‘  âš ï¸ DISPOSITIVO NÃƒO-CONFORME DETECTADO!          â•‘
2025-12-09 12:04:16.596 12649-13195 HeartbeatManager        com.cdccreditsmart.app               W  â• â•â•â•â•â•â•â•â•â•â•â•â•â•â•â•â•â•â•â•â•â•â•â•â•â•â•â•â•â•â•â•â•â•â•â•â•â•â•â•â•â•â•â•â•â•â•â•â•â•â•â•â•â•£
2025-12-09 12:04:16.596 12649-13195 HeartbeatManager        com.cdccreditsmart.app               W  â•‘  NÃ­vel atual: 0                              â•‘
2025-12-09 12:04:16.596 12649-13195 HeartbeatManager        com.cdccreditsmart.app               W  â•‘  NÃ­vel esperado: 6                            â•‘
2025-12-09 12:04:16.596 12649-13195 HeartbeatManager        com.cdccreditsmart.app               W  â•‘  Tentativa: 1/3                         â•‘
2025-12-09 12:04:16.596 12649-13195 HeartbeatManager        com.cdccreditsmart.app               W  â•šâ•â•â•â•â•â•â•â•â•â•â•â•â•â•â•â•â•â•â•â•â•â•â•â•â•â•â•â•â•â•â•â•â•â•â•â•â•â•â•â•â•â•â•â•â•â•â•â•â•â•â•â•â•
2025-12-09 12:04:16.596 12649-13195 HeartbeatManager        com.cdccreditsmart.app               W  
2025-12-09 12:04:16.596 12649-13195 HeartbeatManager        com.cdccreditsmart.app               I  ğŸ”§ Chamando forceComplianceCorrection(6)...
2025-12-09 12:04:16.597 12649-13195 AppBlockingManager      com.cdccreditsmart.app               W  âš ï¸ NÃƒO-CONFORMIDADE DETECTADA pelo backend!
2025-12-09 12:04:16.597 12649-13195 AppBlockingManager      com.cdccreditsmart.app               W     NÃ­vel atual (SharedPrefs): 0
2025-12-09 12:04:16.597 12649-13195 AppBlockingManager      com.cdccreditsmart.app               W     NÃ­vel esperado: 6
2025-12-09 12:04:16.597 12649-13195 AppBlockingManager      com.cdccreditsmart.app               I  ğŸ”§ Iniciando correÃ§Ã£o para nÃ­vel 6...
2025-12-09 12:04:16.606 12649-13195 AppBlockingManager      com.cdccreditsmart.app               I  âœ… App Ã© Device Owner - prosseguindo com correÃ§Ã£o
2025-12-09 12:04:16.606 12649-13195 AppBlockingManager      com.cdccreditsmart.app               I     â†’ Categorias para nÃ­vel 6: []
2025-12-09 12:04:16.610 12649-13196 ContractCodeStorage     com.cdccreditsmart.app               D  Storage verification: 7 valid, 0 tampered, 0 missing
2025-12-09 12:04:16.610 12649-13196 ContractCodeStorage     com.cdccreditsmart.app               D  Contract code retrieved successfully
2025-12-09 12:04:16.610 12649-13196 StubManager             com.cdccreditsmart.app               D  Enrollment complete: true (deviceId=device_176..., contractCode=XV8W57...)
2025-12-09 12:04:16.610 12649-13195 AppBlockingManager      com.cdccreditsmart.app               I     â†’ Chamando applyProgressiveBlock()...
2025-12-09 12:04:16.612 12649-13195 AppBlockingManager      com.cdccreditsmart.app               I  
2025-12-09 12:04:16.613 12649-13195 AppBlockingManager      com.cdccreditsmart.app               I  â•”â•â•â•â•â•â•â•â•â•â•â•â•â•â•â•â•â•â•â•â•â•â•â•â•â•â•â•â•â•â•â•â•â•â•â•â•â•â•â•â•â•â•â•â•â•â•â•â•â•â•â•â•â•â•â•â•â•â•â•â•â•â•â•â•â•—
2025-12-09 12:04:16.613 12649-13195 AppBlockingManager      com.cdccreditsmart.app               I  â•‘  ğŸ”’ APLICANDO BLOQUEIO PROGRESSIVO                             â•‘
2025-12-09 12:04:16.613 12649-13195 AppBlockingManager      com.cdccreditsmart.app               I  â• â•â•â•â•â•â•â•â•â•â•â•â•â•â•â•â•â•â•â•â•â•â•â•â•â•â•â•â•â•â•â•â•â•â•â•â•â•â•â•â•â•â•â•â•â•â•â•â•â•â•â•â•â•â•â•â•â•â•â•â•â•â•â•â•â•£
2025-12-09 12:04:16.613 12649-13195 AppBlockingManager      com.cdccreditsmart.app               I  â•‘  NÃ­vel efetivo: 6 (target=6, level=0)
2025-12-09 12:04:16.613 12649-13195 AppBlockingManager      com.cdccreditsmart.app               I  â•‘  NÃ­vel anterior: 0
2025-12-09 12:04:16.613 12649-13195 AppBlockingManager      com.cdccreditsmart.app               I  â•‘  TransiÃ§Ã£o: PRIMEIRO BLOQUEIO (0 â†’ 6)
2025-12-09 12:04:16.613 12649-13195 AppBlockingManager      com.cdccreditsmart.app               I  â•‘  Dias de atraso: 0
2025-12-09 12:04:16.613 12649-13195 AppBlockingManager      com.cdccreditsmart.app               I  â•‘  Formato: unknown
2025-12-09 12:04:16.613 12649-13195 AppBlockingManager      com.cdccreditsmart.app               I  â•šâ•â•â•â•â•â•â•â•â•â•â•â•â•â•â•â•â•â•â•â•â•â•â•â•â•â•â•â•â•â•â•â•â•â•â•â•â•â•â•â•â•â•â•â•â•â•â•â•â•â•â•â•â•â•â•â•â•â•â•â•â•â•â•â•â•
2025-12-09 12:04:16.614 12649-13195 AppBlockingManager      com.cdccreditsmart.app               I  ğŸ“‹ Formato detectado: Legacy (rules/categories)
2025-12-09 12:04:16.614 12649-13195 AppBlockingManager      com.cdccreditsmart.app               D     Legacy - rules: 0
2025-12-09 12:04:16.614 12649-13195 AppBlockingManager      com.cdccreditsmart.app               D     Legacy - categories: 0
2025-12-09 12:04:16.614 12649-13195 AppBlockingManager      com.cdccreditsmart.app               D     Legacy - exceptions: 0
2025-12-09 12:04:16.615 12649-13196 StubManager             com.cdccreditsmart.app               D  Stub APK not found in assets: cdc_stub.apk
2025-12-09 12:04:16.632 12649-13196 CdcForegroundService    com.cdccreditsmart.app               I  ğŸ”’ Stub instalado: false
2025-12-09 12:04:16.632 12649-13196 CdcForegroundService    com.cdccreditsmart.app               I  ğŸ”’ Enrollment completo: true
2025-12-09 12:04:16.632 12649-13196 CdcForegroundService    com.cdccreditsmart.app               I  ğŸ”’ APK em assets: false
2025-12-09 12:04:16.632 12649-13196 CdcForegroundService    com.cdccreditsmart.app               I  ğŸ”’ Device Owner: true
2025-12-09 12:04:16.632 12649-13196 CdcForegroundService    com.cdccreditsmart.app               I  ğŸ”’ Pode instalar: false
2025-12-09 12:04:16.633 12649-13195 AppBlockingManager      com.cdccreditsmart.app               D  Estado anterior - NÃ­vel: 0, Categorias: 0
2025-12-09 12:04:16.634 12649-13195 AppBlockingManager      com.cdccreditsmart.app               D  ğŸ“Š [ReferÃªncia/Legacy] Categorias do getCategoriesForLevel(6): 10
2025-12-09 12:04:16.639 12649-13195 AppBlockingManager      com.cdccreditsmart.app               I  ğŸ“¦ MODO LEGACY: Usando extractCategoriesFromRules...
2025-12-09 12:04:16.639 12649-13195 AppBlockingManager      com.cdccreditsmart.app               I     ğŸ¯ Legacy: Usando TODAS as categorias do backend SEM filtro de nÃ­vel
2025-12-09 12:04:16.640 12649-13195 AppBlockingManager      com.cdccreditsmart.app               D  ğŸ“‹ Sem rules - usando categorias diretas do comando (backward compatibility)
2025-12-09 12:04:16.640 12649-13196 ContractCodeStorage     com.cdccreditsmart.app               D  Retrieving contract code from storage
2025-12-09 12:04:16.640 12649-13195 AppBlockingManager      com.cdccreditsmart.app               D  ğŸ“‹ Categorias diretas: 0
2025-12-09 12:04:16.641 12649-13195 AppBlockingManager      com.cdccreditsmart.app               D  ğŸ“‹ Exceptions diretas: 0
2025-12-09 12:04:16.641 12649-13195 AppBlockingManager      com.cdccreditsmart.app               I     ğŸ“‚ Categorias extraÃ­das: 0
2025-12-09 12:04:16.641 12649-13195 AppBlockingManager      com.cdccreditsmart.app               D     ğŸ“‚ Categorias: []
2025-12-09 12:04:16.642 12649-13195 AppBlockingManager      com.cdccreditsmart.app               I  â¬†ï¸ NÃ­vel AUMENTOU (0 â†’ 6): ACUMULANDO categorias
2025-12-09 12:04:16.643 12649-13195 AppBlockingManager      com.cdccreditsmart.app               D     ğŸ“Š Categorias acumuladas: 0
2025-12-09 12:04:16.893 12649-13197 SettingsGuardService    com.cdccreditsmart.app               D  ğŸ“‹ Activity check - Full: null, Simple: null
2025-12-09 12:04:16.933 12649-13195 CategoryMapper          com.cdccreditsmart.app               I  ğŸ” Processando 0 categorias para bloqueio
2025-12-09 12:04:16.933 12649-13195 CategoryMapper          com.cdccreditsmart.app               D  Categorias: []
2025-12-09 12:04:16.933 12649-13195 CategoryMapper          com.cdccreditsmart.app               D  ExceÃ§Ãµes: []
2025-12-09 12:04:16.936 12649-13197 MdmCommandReceiver      com.cdccreditsmart.app               I  ğŸ” HTTP Response code: 404
2025-12-09 12:04:16.937 12649-13197 MdmCommandReceiver      com.cdccreditsmart.app               I  ğŸ” HTTP isSuccessful: false
2025-12-09 12:04:16.937 12649-13197 MdmCommandReceiver      com.cdccreditsmart.app               E  âŒ ========================================
2025-12-09 12:04:16.937 12649-13197 MdmCommandReceiver      com.cdccreditsmart.app               E  âŒ ERRO AO BUSCAR COMANDOS PENDENTES
2025-12-09 12:04:16.937 12649-13197 MdmCommandReceiver      com.cdccreditsmart.app               E  âŒ ========================================
2025-12-09 12:04:16.937 12649-13197 MdmCommandReceiver      com.cdccreditsmart.app               E  âŒ HTTP Status: 404
2025-12-09 12:04:16.937 12649-13197 MdmCommandReceiver      com.cdccreditsmart.app               E  âŒ HTTP Message: 
2025-12-09 12:04:16.937 12649-13197 MdmCommandReceiver      com.cdccreditsmart.app               E  âŒ Error body: {"error":"Dispositivo nÃ£o encontrado","hint":"Use IMEI, Serial Number ou Device ID do aparelho cadastrado"}
2025-12-09 12:04:16.937 12649-13197 MdmCommandReceiver      com.cdccreditsmart.app               E  âŒ ========================================
2025-12-09 12:04:16.937 12649-13197 MdmCommandReceiver      com.cdccreditsmart.app               E  âŒ Device nÃ£o encontrado no backend!
2025-12-09 12:04:16.937 12649-13197 MdmCommandReceiver      com.cdccreditsmart.app               E  âŒ Identifier usado: 352096325698365
2025-12-09 12:04:16.953 12649-13195 CategoryMapper          com.cdccreditsmart.app               D  âœ… App bloqueÃ¡vel detectado: com.google.android.networkstack.tethering
2025-12-09 12:04:16.957 12649-13195 CategoryMapper          com.cdccreditsmart.app               D  âœ… App bloqueÃ¡vel detectado: com.mediatek.ims
2025-12-09 12:04:16.965 12649-13195 CategoryMapper          com.cdccreditsmart.app               D  âœ… App bloqueÃ¡vel detectado: com.android.cts.priv.ctsshim
2025-12-09 12:04:16.971 12649-13195 CategoryMapper          com.cdccreditsmart.app               D  âœ… App bloqueÃ¡vel detectado: com.google.android.youtube
2025-12-09 12:04:16.974 12649-13195 CategoryMapper          com.cdccreditsmart.app               D  âœ… App bloqueÃ¡vel detectado: com.transsion.statisticalsales
2025-12-09 12:04:16.976 12649-13195 CategoryMapper          com.cdccreditsmart.app               D  âœ… App bloqueÃ¡vel detectado: com.zaz.translate
2025-12-09 12:04:16.977 12649-13195 CategoryMapper          com.cdccreditsmart.app               D  âœ… App bloqueÃ¡vel detectado: com.android.internal.display.cutout.emulation.corner
2025-12-09 12:04:16.979 12649-13195 CategoryMapper          com.cdccreditsmart.app               D  ğŸ›¡ï¸ App protegido (nÃ£o bloqueia): com.google.android.ext.services
2025-12-09 12:04:16.996 12649-13195 CategoryMapper          com.cdccreditsmart.app               D  âœ… App bloqueÃ¡vel detectado: com.zhiliaoapp.musically.go
2025-12-09 12:04:16.997 12649-13195 CategoryMapper          com.cdccreditsmart.app               D  âœ… App bloqueÃ¡vel detectado: com.android.internal.display.cutout.emulation.double
2025-12-09 12:04:17.000 12649-13195 CategoryMapper          com.cdccreditsmart.app               D  âœ… App bloqueÃ¡vel detectado: com.transsion.inearmonitor
2025-12-09 12:04:17.000 12649-13195 CategoryMapper          com.cdccreditsmart.app               D  ğŸ›¡ï¸ App protegido (nÃ£o bloqueia): com.android.providers.telephony
2025-12-09 12:04:17.003 12649-13195 CategoryMapper          com.cdccreditsmart.app               D  âœ… App bloqueÃ¡vel detectado: com.android.dynsystem
2025-12-09 12:04:17.004 12649-13195 CategoryMapper          com.cdccreditsmart.app               D  âœ… App bloqueÃ¡vel detectado: com.transsion.plat.appupdate
2025-12-09 12:04:17.005 12649-13195 CategoryMapper          com.cdccreditsmart.app               D  âœ… App bloqueÃ¡vel detectado: com.google.android.googlequicksearchbox
2025-12-09 12:04:17.006 12649-13195 CategoryMapper          com.cdccreditsmart.app               D  âœ… App bloqueÃ¡vel detectado: com.talpa.hiservice
2025-12-09 12:04:17.037 12649-13195 LegalWhitelist          com.cdccreditsmart.app               D  âš–ï¸ App governamental protegido: com.google.android.cellbroadcastservice
2025-12-09 12:04:17.038 12649-13195 CategoryMapper          com.cdccreditsmart.app               D  âš–ï¸ App protegido por lei (TJMG): com.google.android.cellbroadcastservice - App governamental (TJMG)
2025-12-09 12:04:17.038 12649-13195 CategoryMapper          com.cdccreditsmart.app               D  ğŸ›¡ï¸ App protegido (nÃ£o bloqueia): com.google.android.cellbroadcastservice
2025-12-09 12:04:17.039 12649-13195 CategoryMapper          com.cdccreditsmart.app               D  âœ… App bloqueÃ¡vel detectado: com.transsion.phonemaster
2025-12-09 12:04:17.056 12649-13195 CategoryMapper          com.cdccreditsmart.app               D  âœ… App bloqueÃ¡vel detectado: com.transsion.spacesaversdk
2025-12-09 12:04:17.056 12649-13195 CategoryMapper          com.cdccreditsmart.app               D  ğŸ›¡ï¸ App protegido (nÃ£o bloqueia): com.android.providers.calendar
2025-12-09 12:04:17.068 12649-13195 CategoryMapper          com.cdccreditsmart.app               D  âœ… App bloqueÃ¡vel detectado: com.transsion.manualguide
2025-12-09 12:04:17.070 12649-13195 CategoryMapper          com.cdccreditsmart.app               D  âœ… App bloqueÃ¡vel detectado: com.google.android.apps.googleassistant
2025-12-09 12:04:17.072 12649-13195 CategoryMapper          com.cdccreditsmart.app               D  âœ… App bloqueÃ¡vel detectado: com.mediatek.telephony
2025-12-09 12:04:17.073 12649-13195 CategoryMapper          com.cdccreditsmart.app               D  âœ… App bloqueÃ¡vel detectado: com.transsion.airtransfer
2025-12-09 12:04:17.073 12649-13195 CategoryMapper          com.cdccreditsmart.app               D  ğŸ›¡ï¸ App protegido (nÃ£o bloqueia): com.android.providers.media
2025-12-09 12:04:17.097 12649-13195 CategoryMapper          com.cdccreditsmart.app               D  âœ… App bloqueÃ¡vel detectado: com.android.networkstack.tethering.overlay
2025-12-09 12:04:17.098 12649-13195 CategoryMapper          com.cdccreditsmart.app               D  âœ… App bloqueÃ¡vel detectado: com.google.android.onetimeinitializer
2025-12-09 12:04:17.098 12649-13195 CategoryMapper          com.cdccreditsmart.app               D  ğŸ›¡ï¸ App protegido (nÃ£o bloqueia): com.google.android.ext.shared
2025-12-09 12:04:17.106 12649-13195 CategoryMapper          com.cdccreditsmart.app               D  âœ… App bloqueÃ¡vel detectado: com.transsion.gamespace.app
2025-12-09 12:04:17.118 12649-13195 CategoryMapper          com.cdccreditsmart.app               D  âœ… App bloqueÃ¡vel detectado: com.mediatek.location.lppe.main
2025-12-09 12:04:17.132 12649-13196 ContractCodeStorage     com.cdccreditsmart.app               D  Storage verification: 7 valid, 0 tampered, 0 missing
2025-12-09 12:04:17.132 12649-13196 ContractCodeStorage     com.cdccreditsmart.app               D  Contract code retrieved successfully
2025-12-09 12:04:17.132 12649-13196 StubManager             com.cdccreditsmart.app               D  Enrollment complete: true (deviceId=device_176..., contractCode=XV8W57...)
2025-12-09 12:04:17.133 12649-13196 StubManager             com.cdccreditsmart.app               D  Stub is NOT installed
2025-12-09 12:04:17.133 12649-13196 StubManager             com.cdccreditsmart.app               D  Stub APK not found in assets: cdc_stub.apk
2025-12-09 12:04:17.133 12649-13196 StubManager             com.cdccreditsmart.app               W  Stub APK not found in assets - skipping installation
2025-12-09 12:04:17.133 12649-13196 CdcForegroundService    com.cdccreditsmart.app               W  ğŸ”’ âš ï¸ Stub APK nÃ£o encontrado em assets/
2025-12-09 12:04:17.133 12649-13196 CdcForegroundService    com.cdccreditsmart.app               I  ğŸ”’ ========================================
2025-12-09 12:04:17.133 12649-13195 CategoryMapper          com.cdccreditsmart.app               D  âœ… App bloqueÃ¡vel detectado: com.android.virtualmachine.res
2025-12-09 12:04:17.134 12649-13196 CdcForegroundService    com.cdccreditsmart.app               I  ğŸ“¦ ========================================
2025-12-09 12:04:17.134 12649-13196 CdcForegroundService    com.cdccreditsmart.app               I  ğŸ“¦ APK PRELOAD PARA FACTORY RESET (Multi-Fabricante)
2025-12-09 12:04:17.134 12649-13196 CdcForegroundService    com.cdccreditsmart.app               I  ğŸ“¦ ========================================
2025-12-09 12:04:17.137 12649-13196 ApkPreloadManager       com.cdccreditsmart.app               I  ğŸ“± Fabricante detectado: infinix
2025-12-09 12:04:17.138 12649-13195 CategoryMapper          com.cdccreditsmart.app               D  âœ… App bloqueÃ¡vel detectado: com.transsion.aiwallpaper
2025-12-09 12:04:17.141 12649-13196 CdcForegroundService    com.cdccreditsmart.app               I  ğŸ“¦ APK em preload: false
2025-12-09 12:04:17.144 12649-13195 CategoryMapper          com.cdccreditsmart.app               D  âœ… App bloqueÃ¡vel detectado: com.android.wallpapercropper
2025-12-09 12:04:17.146 12649-13196 ContractCodeStorage     com.cdccreditsmart.app               D  Retrieving contract code from storage
2025-12-09 12:04:17.146 12649-13195 CategoryMapper          com.cdccreditsmart.app               D  âœ… App bloqueÃ¡vel detectado: com.google.android.federatedcompute
2025-12-09 12:04:17.151 12649-13195 CategoryMapper          com.cdccreditsmart.app               D  âœ… App bloqueÃ¡vel detectado: com.transsion.magicfont
2025-12-09 12:04:17.153 12649-13195 CategoryMapper          com.cdccreditsmart.app               D  âœ… App bloqueÃ¡vel detectado: com.transsion.magicshow
2025-12-09 12:04:17.164 12649-13195 CategoryMapper          com.cdccreditsmart.app               D  âœ… App bloqueÃ¡vel detectado: com.mediatek.schpwronoff
2025-12-09 12:04:17.167 12649-13195 CategoryMapper          com.cdccreditsmart.app               D  âœ… App bloqueÃ¡vel detectado: com.mediatek.SettingsProviderResOverlay
2025-12-09 12:04:17.169 12649-13195 CategoryMapper          com.cdccreditsmart.app               D  âœ… App bloqueÃ¡vel detectado: com.idea.questionnaire
2025-12-09 12:04:17.178 12649-13195 CategoryMapper          com.cdccreditsmart.app               D  âœ… App bloqueÃ¡vel detectado: com.mediatek.gnss.nonframeworklbs
2025-12-09 12:04:17.180 12649-13195 CategoryMapper          com.cdccreditsmart.app               D  âœ… App bloqueÃ¡vel detectado: com.transsion.dynamicbar
2025-12-09 12:04:17.184 12649-13195 CategoryMapper          com.cdccreditsmart.app               D  âœ… App bloqueÃ¡vel detectado: com.transsion.aivoiceassistant
2025-12-09 12:04:17.192 12649-13195 CategoryMapper          com.cdccreditsmart.app               D  âœ… App bloqueÃ¡vel detectado: com.google.android.server.deviceconfig.resources
2025-12-09 12:04:17.198 12649-13195 CategoryMapper          com.cdccreditsmart.app               D  âœ… App bloqueÃ¡vel detectado: com.android.networkstack.tethering.inprocess.overlay
2025-12-09 12:04:17.205 12649-13195 CategoryMapper          com.cdccreditsmart.app               D  âœ… App bloqueÃ¡vel detectado: com.android.wifi.resources.overlay
2025-12-09 12:04:17.206 12649-13195 CategoryMapper          com.cdccreditsmart.app               D  ğŸ›¡ï¸ App protegido (nÃ£o bloqueia): com.android.externalstorage
2025-12-09 12:04:17.211 12649-13195 CategoryMapper          com.cdccreditsmart.app               D  âœ… App bloqueÃ¡vel detectado: com.mediatek.ygps
2025-12-09 12:04:17.212 12649-13195 CategoryMapper          com.cdccreditsmart.app               D  âœ… App bloqueÃ¡vel detectado: com.mediatek.simprocessor
2025-12-09 12:04:17.214 12649-13195 CategoryMapper          com.cdccreditsmart.app               D  âœ… App bloqueÃ¡vel detectado: com.android.htmlviewer
2025-12-09 12:04:17.214 12649-13195 CategoryMapper          com.cdccreditsmart.app               D  âœ… App bloqueÃ¡vel detectado: com.android.companiondevicemanager
2025-12-09 12:04:17.215 12649-13195 CategoryMapper          com.cdccreditsmart.app               D  âœ… App bloqueÃ¡vel detectado: com.transsion.aichargeprovider
2025-12-09 12:04:17.216 12649-13195 CategoryMapper          com.cdccreditsmart.app               D  âœ… App bloqueÃ¡vel detectado: com.android.mms.service
2025-12-09 12:04:17.216 12649-13195 CategoryMapper          com.cdccreditsmart.app               D  ğŸ›¡ï¸ App protegido (nÃ£o bloqueia): com.android.providers.downloads
2025-12-09 12:04:17.223 12649-13195 CategoryMapper          com.cdccreditsmart.app               D  âœ… App bloqueÃ¡vel detectado: com.google.android.health.connect.backuprestore
2025-12-09 12:04:17.223 12649-13195 CategoryMapper          com.cdccreditsmart.app               D  âš–ï¸ App protegido por lei (TJMG): com.google.android.apps.messaging - Mensagens SMS (TJMG)
2025-12-09 12:04:17.223 12649-13195 CategoryMapper          com.cdccreditsmart.app               D  ğŸ›¡ï¸ App protegido (nÃ£o bloqueia): com.google.android.apps.messaging
2025-12-09 12:04:17.228 12649-13195 CategoryMapper          com.cdccreditsmart.app               D  âœ… App bloqueÃ¡vel detectado: com.google.android.networkstack.tethering.overlay
2025-12-09 12:04:17.230 12649-13195 CategoryMapper          com.cdccreditsmart.app               D  âœ… App bloqueÃ¡vel detectado: com.mediatek.engineermode
2025-12-09 12:04:17.234 12649-13195 CategoryMapper          com.cdccreditsmart.app               D  âœ… App bloqueÃ¡vel detectado: com.westalgo.factorycamera
2025-12-09 12:04:17.234 12649-13195 LegalWhitelist          com.cdccreditsmart.app               D  âš–ï¸ App governamental protegido: com.transsion.iotservice
2025-12-09 12:04:17.234 12649-13195 CategoryMapper          com.cdccreditsmart.app               D  âš–ï¸ App protegido por lei (TJMG): com.transsion.iotservice - App governamental (TJMG)
2025-12-09 12:04:17.234 12649-13195 CategoryMapper          com.cdccreditsmart.app               D  ğŸ›¡ï¸ App protegido (nÃ£o bloqueia): com.transsion.iotservice
2025-12-09 12:04:17.236 12649-13195 CategoryMapper          com.cdccreditsmart.app               D  âœ… App bloqueÃ¡vel detectado: com.android.connectivity.resources.overlay
2025-12-09 12:04:17.237 12649-13195 CategoryMapper          com.cdccreditsmart.app               D  âš–ï¸ App protegido por lei (TJMG): com.cdccreditsmart.app - App CDC Credit Smart
2025-12-09 12:04:17.237 12649-13195 CategoryMapper          com.cdccreditsmart.app               D  ğŸ›¡ï¸ App protegido (nÃ£o bloqueia): com.cdccreditsmart.app
2025-12-09 12:04:17.238 12649-13195 CategoryMapper          com.cdccreditsmart.app               D  âœ… App bloqueÃ¡vel detectado: com.mediatek.omacp
2025-12-09 12:04:17.241 12649-13195 CategoryMapper          com.cdccreditsmart.app               D  ğŸ›¡ï¸ App crÃ­tico do sistema detectado: com.android.systemui.os.overlay
2025-12-09 12:04:17.241 12649-13195 CategoryMapper          com.cdccreditsmart.app               D  ğŸ›¡ï¸ App protegido (nÃ£o bloqueia): com.android.systemui.os.overlay
2025-12-09 12:04:17.247 12649-13195 CategoryMapper          com.cdccreditsmart.app               D  âœ… App bloqueÃ¡vel detectado: com.transsion.overlaysuw.resoverlay
2025-12-09 12:04:17.251 12649-13195 CategoryMapper          com.cdccreditsmart.app               D  âœ… App bloqueÃ¡vel detectado: com.transsion.iotcard
2025-12-09 12:04:17.253 12649-13195 CategoryMapper          com.cdccreditsmart.app               D  âœ… App bloqueÃ¡vel detectado: com.google.android.configupdater
2025-12-09 12:04:17.254 12649-13195 CategoryMapper          com.cdccreditsmart.app               D  âœ… App bloqueÃ¡vel detectado: com.transsion.trproduct.overlaysuw.resoverlay
2025-12-09 12:04:17.255 12649-13195 CategoryMapper          com.cdccreditsmart.app               D  âœ… App bloqueÃ¡vel detectado: com.transsion.dualapp
2025-12-09 12:04:17.256 12649-13195 CategoryMapper          com.cdccreditsmart.app               D  ğŸ›¡ï¸ App crÃ­tico do sistema detectado: com.google.android.providers.media.module
2025-12-09 12:04:17.256 12649-13195 CategoryMapper          com.cdccreditsmart.app               D  ğŸ›¡ï¸ App protegido (nÃ£o bloqueia): com.google.android.providers.media.module
2025-12-09 12:04:17.257 12649-13195 CategoryMapper          com.cdccreditsmart.app               D  âœ… App bloqueÃ¡vel detectado: com.google.android.overlay.modules.permissioncontroller
2025-12-09 12:04:17.258 12649-13195 CategoryMapper          com.cdccreditsmart.app               D  âœ… App bloqueÃ¡vel detectado: com.google.android.apps.safetyhub
2025-12-09 12:04:17.259 12649-13195 CategoryMapper          com.cdccreditsmart.app               D  âœ… App bloqueÃ¡vel detectado: com.infinix
2025-12-09 12:04:17.260 12649-13195 CategoryMapper          com.cdccreditsmart.app               D  âœ… App bloqueÃ¡vel detectado: com.google.ar.core
2025-12-09 12:04:17.261 12649-13195 CategoryMapper          com.cdccreditsmart.app               D  ğŸ›¡ï¸ App crÃ­tico do sistema detectado: com.android.providers.downloads.ui
2025-12-09 12:04:17.261 12649-13195 CategoryMapper          com.cdccreditsmart.app               D  ğŸ›¡ï¸ App protegido (nÃ£o bloqueia): com.android.providers.downloads.ui
2025-12-09 12:04:17.266 12649-13195 CategoryMapper          com.cdccreditsmart.app               D  âœ… App bloqueÃ¡vel detectado: com.google.android.hotspot2.osulogin
2025-12-09 12:04:17.267 12649-13195 CategoryMapper          com.cdccreditsmart.app               D  âœ… App bloqueÃ¡vel detectado: com.android.vending
2025-12-09 12:04:17.269 12649-13195 CategoryMapper          com.cdccreditsmart.app               D  âœ… App bloqueÃ¡vel detectado: com.android.pacprocessor
2025-12-09 12:04:17.269 12649-13195 CategoryMapper          com.cdccreditsmart.app               D  âœ… App bloqueÃ¡vel detectado: com.android.simappdialog
2025-12-09 12:04:17.270 12649-13195 CategoryMapper          com.cdccreditsmart.app               D  âœ… App bloqueÃ¡vel detectado: com.jiiov.fingerprint_factorytest
2025-12-09 12:04:17.272 12649-13195 CategoryMapper          com.cdccreditsmart.app               D  âœ… App bloqueÃ¡vel detectado: com.transsion.settings.bluetooth
2025-12-09 12:04:17.274 12649-13195 CategoryMapper          com.cdccreditsmart.app               D  âœ… App bloqueÃ¡vel detectado: com.google.android.adservices.api
2025-12-09 12:04:17.275 12649-13195 CategoryMapper          com.cdccreditsmart.app               D  âœ… App bloqueÃ¡vel detectado: com.android.internal.display.cutout.emulation.hole
2025-12-09 12:04:17.277 12649-13195 CategoryMapper          com.cdccreditsmart.app               D  âœ… App bloqueÃ¡vel detectado: com.android.internal.display.cutout.emulation.tall
2025-12-09 12:04:17.281 12649-13195 CategoryMapper          com.cdccreditsmart.app               D  âœ… App bloqueÃ¡vel detectado: com.android.certinstaller
2025-12-09 12:04:17.282 12649-13195 CategoryMapper          com.cdccreditsmart.app               D  âœ… App bloqueÃ¡vel detectado: com.transsion.theme.icon
2025-12-09 12:04:17.283 12649-13195 CategoryMapper          com.cdccreditsmart.app               D  âœ… App bloqueÃ¡vel detectado: com.android.carrierconfig
2025-12-09 12:04:17.288 12649-13195 CategoryMapper          com.cdccreditsmart.app               D  âœ… App bloqueÃ¡vel detectado: com.google.android.marvin.talkback
2025-12-09 12:04:17.289 12649-13195 CategoryMapper          com.cdccreditsmart.app               D  âœ… App bloqueÃ¡vel detectado: com.mediatek.networkstack.inprocess.overlay
2025-12-09 12:04:17.289 12649-13195 CategoryMapper          com.cdccreditsmart.app               D  ğŸ›¡ï¸ App crÃ­tico do sistema detectado: com.android.internal.systemui.navbar.threebutton
2025-12-09 12:04:17.290 12649-13195 CategoryMapper          com.cdccreditsmart.app               D  ğŸ›¡ï¸ App protegido (nÃ£o bloqueia): com.android.internal.systemui.navbar.threebutton
2025-12-09 12:04:17.290 12649-13195 CategoryMapper          com.cdccreditsmart.app               D  ğŸ›¡ï¸ App protegido (nÃ£o bloqueia): android
2025-12-09 12:04:17.290 12649-13195 CategoryMapper          com.cdccreditsmart.app               D  âœ… App bloqueÃ¡vel detectado: com.transsion.multiwindow
2025-12-09 12:04:17.291 12649-13195 CategoryMapper          com.cdccreditsmart.app               D  âœ… App bloqueÃ¡vel detectado: com.android.hotwordenrollment.xgoogle
2025-12-09 12:04:17.295 12649-13195 CategoryMapper          com.cdccreditsmart.app               D  âœ… App bloqueÃ¡vel detectado: com.transsion.easypic
2025-12-09 12:04:17.296 12649-13195 CategoryMapper          com.cdccreditsmart.app               D  âœ… App bloqueÃ¡vel detectado: com.transsion.livewallpaper.theme
2025-12-09 12:04:17.297 12649-13195 CategoryMapper          com.cdccreditsmart.app               D  âœ… App bloqueÃ¡vel detectado: com.transsion.livewallpaper.x6880
2025-12-09 12:04:17.298 12649-13195 CategoryMapper          com.cdccreditsmart.app               D  âœ… App bloqueÃ¡vel detectado: com.google.android.sdksandbox
2025-12-09 12:04:17.300 12649-13195 CategoryMapper          com.cdccreditsmart.app               D  âœ… App bloqueÃ¡vel detectado: com.transsion.mobilecloner
2025-12-09 12:04:17.304 12649-13195 CategoryMapper          com.cdccreditsmart.app               D  âœ… App bloqueÃ¡vel detectado: com.android.egg
2025-12-09 12:04:17.307 12649-13195 CategoryMapper          com.cdccreditsmart.app               D  âœ… App bloqueÃ¡vel detectado: com.android.mtp
2025-12-09 12:04:17.307 12649-13195 CategoryMapper          com.cdccreditsmart.app               D  ğŸ›¡ï¸ App protegido (nÃ£o bloqueia): com.android.nfc
2025-12-09 12:04:17.432 12649-13195 CategoryMapper          com.cdccreditsmart.app               D  âœ… App bloqueÃ¡vel detectado: com.android.ons
2025-12-09 12:04:17.436 12649-13195 CategoryMapper          com.cdccreditsmart.app               D  âœ… App bloqueÃ¡vel detectado: com.android.stk
2025-12-09 12:04:17.457 12649-13195 CategoryMapper          com.cdccreditsmart.app               D  âœ… App bloqueÃ¡vel detectado: com.android.backupconfirm
2025-12-09 12:04:17.462 12649-13195 CategoryMapper          com.cdccreditsmart.app               D  âœ… App bloqueÃ¡vel detectado: com.instagram.android
2025-12-09 12:04:17.464 12649-13195 CategoryMapper          com.cdccreditsmart.app               D  âœ… App bloqueÃ¡vel detectado: com.transsion.aicore.main
2025-12-09 12:04:17.466 12649-13195 CategoryMapper          com.cdccreditsmart.app               D  âœ… App bloqueÃ¡vel detectado: com.xui.xhide
2025-12-09 12:04:17.473 12649-13195 CategoryMapper          com.cdccreditsmart.app               D  âœ… App bloqueÃ¡vel detectado: com.trassion.infinix.xclub
2025-12-09 12:04:17.474 12649-13195 CategoryMapper          com.cdccreditsmart.app               D  âœ… App bloqueÃ¡vel detectado: com.google.android.as
2025-12-09 12:04:17.476 12649-13195 CategoryMapper          com.cdccreditsmart.app               D  âœ… App bloqueÃ¡vel detectado: com.google.android.gm
2025-12-09 12:04:17.477 12649-13195 CategoryMapper          com.cdccreditsmart.app               D  âœ… App bloqueÃ¡vel detectado: com.transsion.avatar
2025-12-09 12:04:17.478 12649-13195 CategoryMapper          com.cdccreditsmart.app               D  âœ… App bloqueÃ¡vel detectado: com.transsion.healthlife
2025-12-09 12:04:17.485 12649-13195 CategoryMapper          com.cdccreditsmart.app               D  âœ… App bloqueÃ¡vel detectado: com.android.compos.payload
2025-12-09 12:04:17.486 12649-13195 CategoryMapper          com.cdccreditsmart.app               D  âœ… App bloqueÃ¡vel detectado: com.google.android.apps.tachyon
2025-12-09 12:04:17.492 12649-13195 CategoryMapper          com.cdccreditsmart.app               D  âœ… App bloqueÃ¡vel detectado: com.mediatek.mdmlsample
2025-12-09 12:04:17.497 12649-13195 CategoryMapper          com.cdccreditsmart.app               D  âœ… App bloqueÃ¡vel detectado: com.transsion.camera
2025-12-09 12:04:17.498 12649-13208 SettingsGuardService    com.cdccreditsmart.app               D  ğŸ“‹ Activity check - Full: null, Simple: null
2025-12-09 12:04:17.505 12649-13195 CategoryMapper          com.cdccreditsmart.app               D  âœ… App bloqueÃ¡vel detectado: com.google.android.overlay.gmsconfig.common
2025-12-09 12:04:17.508 12649-13195 CategoryMapper          com.cdccreditsmart.app               D  âœ… App bloqueÃ¡vel detectado: com.mediatek.networkstack.overlay
2025-12-09 12:04:17.512 12649-13195 CategoryMapper          com.cdccreditsmart.app               D  âœ… App bloqueÃ¡vel detectado: com.transsion.personalizedService.xos
2025-12-09 12:04:17.516 12649-13195 CategoryMapper          com.cdccreditsmart.app               D  âœ… App bloqueÃ¡vel detectado: com.android.settings.intelligence
2025-12-09 12:04:17.517 12649-13195 CategoryMapper          com.cdccreditsmart.app               D  âœ… App bloqueÃ¡vel detectado: com.transsion.keyguardclock
2025-12-09 12:04:17.522 12649-13195 CategoryMapper          com.cdccreditsmart.app               D  âœ… App bloqueÃ¡vel detectado: com.mediatek.frameworkresoverlay
2025-12-09 12:04:17.525 12649-13195 CategoryMapper          com.cdccreditsmart.app               D  âœ… App bloqueÃ¡vel detectado: com.transsion.keyguardtheme
2025-12-09 12:04:17.546 12649-13195 CategoryMapper          com.cdccreditsmart.app               D  âœ… App bloqueÃ¡vel detectado: com.transsion.aicore.cv.matting
2025-12-09 12:04:17.552 12649-13195 CategoryMapper          com.cdccreditsmart.app               D  âœ… App bloqueÃ¡vel detectado: com.transsion.faceid
2025-12-09 12:04:17.553 12649-13195 CategoryMapper          com.cdccreditsmart.app               D  âœ… App bloqueÃ¡vel detectado: com.theme.icondefaultshape_c42
2025-12-09 12:04:17.554 12649-13195 CategoryMapper          com.cdccreditsmart.app               D  âœ… App bloqueÃ¡vel detectado: com.theme.icondefaultshape_f27
2025-12-09 12:04:17.570 12649-13195 CategoryMapper          com.cdccreditsmart.app               D  âœ… App bloqueÃ¡vel detectado: com.theme.icondefaultshape_hok
2025-12-09 12:04:17.572 12649-13195 CategoryMapper          com.cdccreditsmart.app               D  âœ… App bloqueÃ¡vel detectado: com.theme.icondefaultshape_x54
2025-12-09 12:04:17.575 12649-13195 CategoryMapper          com.cdccreditsmart.app               D  âœ… App bloqueÃ¡vel detectado: com.debug.loggerui
2025-12-09 12:04:17.576 12649-13195 CategoryMapper          com.cdccreditsmart.app               D  ğŸ›¡ï¸ App crÃ­tico do sistema detectado: com.android.systemui.accessibility.accessibilitymenu
2025-12-09 12:04:17.576 12649-13195 CategoryMapper          com.cdccreditsmart.app               D  ğŸ›¡ï¸ App protegido (nÃ£o bloqueia): com.android.systemui.accessibility.accessibilitymenu
2025-12-09 12:04:17.576 12649-13195 CategoryMapper          com.cdccreditsmart.app               D  ğŸ›¡ï¸ App protegido (nÃ£o bloqueia): com.google.android.permissioncontroller
2025-12-09 12:04:17.580 12649-13195 CategoryMapper          com.cdccreditsmart.app               D  âœ… App bloqueÃ¡vel detectado: com.transsnet.palmpay
2025-12-09 12:04:17.589 12649-13195 CategoryMapper          com.cdccreditsmart.app               D  âœ… App bloqueÃ¡vel detectado: com.google.android.setupwizard
2025-12-09 12:04:17.589 12649-13195 CategoryMapper          com.cdccreditsmart.app               D  ğŸ›¡ï¸ App protegido (nÃ£o bloqueia): com.android.providers.settings
2025-12-09 12:04:17.594 12649-13195 CategoryMapper          com.cdccreditsmart.app               D  âœ… App bloqueÃ¡vel detectado: com.android.sharedstoragebackup
2025-12-09 12:04:17.595 12649-13195 CategoryMapper          com.cdccreditsmart.app               D  âœ… App bloqueÃ¡vel detectado: com.mediatek.batterywarning
2025-12-09 12:04:17.596 12649-13195 CategoryMapper          com.cdccreditsmart.app               D  âœ… App bloqueÃ¡vel detectado: com.transsion.aicore.llm
2025-12-09 12:04:17.597 12649-13195 CategoryMapper          com.cdccreditsmart.app               D  âœ… App bloqueÃ¡vel detectado: com.transsion.aicore.ocr
2025-12-09 12:04:17.599 12649-13195 CategoryMapper          com.cdccreditsmart.app               D  âœ… App bloqueÃ¡vel detectado: com.facebook.services
2025-12-09 12:04:17.600 12649-13195 CategoryMapper          com.cdccreditsmart.app               D  âœ… App bloqueÃ¡vel detectado: com.transsion.necessity
2025-12-09 12:04:17.600 12649-13195 CategoryMapper          com.cdccreditsmart.app               D  âœ… App bloqueÃ¡vel detectado: com.android.printspooler
2025-12-09 12:04:17.611 12649-13195 CategoryMapper          com.cdccreditsmart.app               D  âœ… App bloqueÃ¡vel detectado: com.gallery20
2025-12-09 12:04:17.612 12649-13195 CategoryMapper          com.cdccreditsmart.app               D  âœ… App bloqueÃ¡vel detectado: com.android.hotwordenrollment.okgoogle
2025-12-09 12:04:17.613 12649-13195 CategoryMapper          com.cdccreditsmart.app               D  âœ… App bloqueÃ¡vel detectado: com.transsion.trproductframeworkresoverlay
2025-12-09 12:04:17.615 12649-13195 CategoryMapper          com.cdccreditsmart.app               D  âœ… App bloqueÃ¡vel detectado: com.transsion.livewallpaper.pictorial
2025-12-09 12:04:17.617 12649-13195 CategoryMapper          com.cdccreditsmart.app               D  âœ… App bloqueÃ¡vel detectado: com.infinix.xpark
2025-12-09 12:04:17.642 12649-13195 CategoryMapper          com.cdccreditsmart.app               D  âœ… App bloqueÃ¡vel detectado: com.android.dreams.basic
2025-12-09 12:04:17.649 12649-13195 CategoryMapper          com.cdccreditsmart.app               D  ğŸ›¡ï¸ App crÃ­tico do sistema detectado: com.transsion.XOSLauncher
2025-12-09 12:04:17.649 12649-13195 CategoryMapper          com.cdccreditsmart.app               D  ğŸ›¡ï¸ App protegido (nÃ£o bloqueia): com.transsion.XOSLauncher
2025-12-09 12:04:17.653 12649-13195 CategoryMapper          com.cdccreditsmart.app               D  âœ… App bloqueÃ¡vel detectado: com.scorpio.securitycom
2025-12-09 12:04:17.670 12649-13195 CategoryMapper          com.cdccreditsmart.app               D  âœ… App bloqueÃ¡vel detectado: com.google.android.overlay.modules.ext.services
2025-12-09 12:04:17.685 12649-13195 CategoryMapper          com.cdccreditsmart.app               D  âœ… App bloqueÃ¡vel detectado: com.google.android.as.oss
2025-12-09 12:04:17.694 12649-13195 CategoryMapper          com.cdccreditsmart.app               D  âœ… App bloqueÃ¡vel detectado: com.transsion.phonemanager
2025-12-09 12:04:17.695 12649-13195 CategoryMapper          com.cdccreditsmart.app               D  âœ… App bloqueÃ¡vel detectado: com.android.se
2025-12-09 12:04:17.700 12649-13195 CategoryMapper          com.cdccreditsmart.app               D  âœ… App bloqueÃ¡vel detectado: com.android.inputdevices
2025-12-09 12:04:17.705 12649-13195 CategoryMapper          com.cdccreditsmart.app               D  âœ… App bloqueÃ¡vel detectado: com.google.android.apps.wellbeing
2025-12-09 12:04:17.708 12649-13195 CategoryMapper          com.cdccreditsmart.app               D  âœ… App bloqueÃ¡vel detectado: com.funbase.xradio
2025-12-09 12:04:17.708 12649-13195 CategoryMapper          com.cdccreditsmart.app               D  âœ… App bloqueÃ¡vel detectado: com.google.android.overlay.gmsconfig.photos
2025-12-09 12:04:17.712 12649-13195 CategoryMapper          com.cdccreditsmart.app               D  âœ… App bloqueÃ¡vel detectado: com.google.android.devicelockcontroller
2025-12-09 12:04:17.747 12649-13195 CategoryMapper          com.cdccreditsmart.app               D  âœ… App bloqueÃ¡vel detectado: com.android.settings.resoverlay
2025-12-09 12:04:17.748 12649-13195 CategoryMapper          com.cdccreditsmart.app               D  âœ… App bloqueÃ¡vel detectado: com.transsion.livewallpaper.magictouch
2025-12-09 12:04:17.757 12649-13195 CategoryMapper          com.cdccreditsmart.app               D  âœ… App bloqueÃ¡vel detectado: com.android.bips
2025-12-09 12:04:17.765 12649-13195 CategoryMapper          com.cdccreditsmart.app               D  âœ… App bloqueÃ¡vel detectado: com.mediatek
2025-12-09 12:04:17.772 12649-13195 CategoryMapper          com.cdccreditsmart.app               D  âœ… App bloqueÃ¡vel detectado: com.transsion.ossettingsext
2025-12-09 12:04:17.774 12649-13195 CategoryMapper          com.cdccreditsmart.app               D  âœ… App bloqueÃ¡vel detectado: com.google.android.apps.nbu.files
2025-12-09 12:04:17.780 12649-13195 CategoryMapper          com.cdccreditsmart.app               D  âœ… App bloqueÃ¡vel detectado: com.transsion.settings.wifi
2025-12-09 12:04:17.785 12649-13195 CategoryMapper          com.cdccreditsmart.app               D  âœ… App bloqueÃ¡vel detectado: com.transsion.resolver
2025-12-09 12:04:17.794 12649-13195 CategoryMapper          com.cdccreditsmart.app               D  âœ… App bloqueÃ¡vel detectado: com.google.android.captiveportallogin
2025-12-09 12:04:17.796 12649-13195 CategoryMapper          com.cdccreditsmart.app               D  âœ… App bloqueÃ¡vel detectado: com.transsion.overlay.aivoiceassistant
2025-12-09 12:04:17.799 12649-13195 CategoryMapper          com.cdccreditsmart.app               D  âœ… App bloqueÃ¡vel detectado: com.lazada.android
2025-12-09 12:04:17.800 12649-13195 CategoryMapper          com.cdccreditsmart.app               D  âœ… App bloqueÃ¡vel detectado: com.google.android.overlay.gmsconfig.geotz
2025-12-09 12:04:17.806 12649-13195 CategoryMapper          com.cdccreditsmart.app               D  âœ… App bloqueÃ¡vel detectado: com.google.android.appsearch.apk
2025-12-09 12:04:17.809 12649-13195 CategoryMapper          com.cdccreditsmart.app               D  âœ… App bloqueÃ¡vel detectado: com.android.musicfx
2025-12-09 12:04:17.813 12649-13195 CategoryMapper          com.cdccreditsmart.app               D  âœ… App bloqueÃ¡vel detectado: com.transsion.audiosmartconnect
2025-12-09 12:04:17.815 12649-13195 CategoryMapper          com.cdccreditsmart.app               D  âœ… App bloqueÃ¡vel detectado: com.google.android.apps.docs
2025-12-09 12:04:17.815 12649-13195 CategoryMapper          com.cdccreditsmart.app               D  âœ… App bloqueÃ¡vel detectado: com.google.android.apps.maps
2025-12-09 12:04:17.822 12649-19216 FA                      com.cdccreditsmart.app               I  Application backgrounded at: timestamp_millis: 1765292655820
2025-12-09 12:04:17.822 12649-13195 CategoryMapper          com.cdccreditsmart.app               D  âœ… App bloqueÃ¡vel detectado: com.transsion.filemanagerx
2025-12-09 12:04:17.823 12649-13195 CategoryMapper          com.cdccreditsmart.app               D  âœ… App bloqueÃ¡vel detectado: com.google.android.modulemetadata
2025-12-09 12:04:17.828 12649-13195 CategoryMapper          com.cdccreditsmart.app               D  âœ… App bloqueÃ¡vel detectado: com.android.customization.themes
2025-12-09 12:04:17.829 12649-13195 CategoryMapper          com.cdccreditsmart.app               D  âœ… App bloqueÃ¡vel detectado: com.transsion.screenrecorder
2025-12-09 12:04:17.848 12649-13195 CategoryMapper          com.cdccreditsmart.app               D  âœ… App bloqueÃ¡vel detectado: com.theme.icondefaultshape_x121
2025-12-09 12:04:17.853 12649-13195 CategoryMapper          com.cdccreditsmart.app               D  âœ… App bloqueÃ¡vel detectado: com.theme.icondefaultshape_x123
2025-12-09 12:04:17.855 12649-13195 CategoryMapper          com.cdccreditsmart.app               D  âœ… App bloqueÃ¡vel detectado: com.hoffnung
2025-12-09 12:04:17.861 12649-13195 CategoryMapper          com.cdccreditsmart.app               D  âœ… App bloqueÃ¡vel detectado: com.android.cellbroadcastreceiver
2025-12-09 12:04:17.866 12649-13195 CategoryMapper          com.cdccreditsmart.app               D  âœ… App bloqueÃ¡vel detectado: com.google.android.webview
