2026-01-29 15:40:35.194 30950-31043 WorkPolicyManager       com.cdccreditsmart.app               I  â•‘     âœ… Canal de notificaÃ§Ã£o persistente criado
2026-01-29 15:40:35.194 30950-31043 WorkPolicyManager       com.cdccreditsmart.app               I  â• â•â•â•â•â•â•â•â•â•â•â•â•â•â•â•â•â•â•â•â•â•â•â•â•â•â•â•â•â•â•â•â•â•â•â•â•â•â•â•â•â•â•â•â•â•â•â•â•â•â•â•â•â•â•â•â•â•â•â•â•â•â•â•â•â•£
2026-01-29 15:40:35.194 30950-31043 WorkPolicyManager       com.cdccreditsmart.app               I  â•‘  âš ï¸ AVISOS:
2026-01-29 15:40:35.194 30950-31043 WorkPolicyManager       com.cdccreditsmart.app               W  â•‘     âŒ CRÃTICO: DesinstalaÃ§Ã£o NÃƒO bloqueÃ¡vel
2026-01-29 15:40:35.194 30950-31043 WorkPolicyManager       com.cdccreditsmart.app               W  â•‘     âŒ CRÃTICO: Factory Reset NÃƒO bloqueÃ¡vel
2026-01-29 15:40:35.194 30950-31043 WorkPolicyManager       com.cdccreditsmart.app               W  â•‘     âŒ CRÃTICO: Force Stop NÃƒO bloqueÃ¡vel
2026-01-29 15:40:35.194 30950-31043 WorkPolicyManager       com.cdccreditsmart.app               W  â•‘     âŒ CRÃTICO: Clear Data NÃƒO bloqueÃ¡vel
2026-01-29 15:40:35.194 30950-31043 WorkPolicyManager       com.cdccreditsmart.app               W  â•‘     âš ï¸ RecomendaÃ§Ã£o: Configurar como Device Owner via QR Code ou ADB
2026-01-29 15:40:35.194 30950-31043 WorkPolicyManager       com.cdccreditsmart.app               I  â•šâ•â•â•â•â•â•â•â•â•â•â•â•â•â•â•â•â•â•â•â•â•â•â•â•â•â•â•â•â•â•â•â•â•â•â•â•â•â•â•â•â•â•â•â•â•â•â•â•â•â•â•â•â•â•â•â•â•â•â•â•â•â•â•â•â•
2026-01-29 15:40:35.194 30950-31043 WorkPolicyManager       com.cdccreditsmart.app               I  
2026-01-29 15:40:35.194 30950-31043 CdcForegroundService    com.cdccreditsmart.app               I  ğŸ¢ Resultado: BASIC
2026-01-29 15:40:35.194 30950-31043 CdcForegroundService    com.cdccreditsmart.app               I  ğŸ¢ PolÃ­ticas aplicadas: 4/5
2026-01-29 15:40:35.194 30950-31043 CdcForegroundService    com.cdccreditsmart.app               W  ğŸ¢ âŒ CRÃTICO: DesinstalaÃ§Ã£o NÃƒO bloqueÃ¡vel
2026-01-29 15:40:35.194 30950-31043 CdcForegroundService    com.cdccreditsmart.app               W  ğŸ¢ âŒ CRÃTICO: Factory Reset NÃƒO bloqueÃ¡vel
2026-01-29 15:40:35.194 30950-31043 CdcForegroundService    com.cdccreditsmart.app               W  ğŸ¢ âŒ CRÃTICO: Force Stop NÃƒO bloqueÃ¡vel
2026-01-29 15:40:35.194 30950-31043 CdcForegroundService    com.cdccreditsmart.app               W  ğŸ¢ âŒ CRÃTICO: Clear Data NÃƒO bloqueÃ¡vel
2026-01-29 15:40:35.194 30950-31043 CdcForegroundService    com.cdccreditsmart.app               W  ğŸ¢ âš ï¸ RecomendaÃ§Ã£o: Configurar como Device Owner via QR Code ou ADB
2026-01-29 15:40:35.194 30950-31043 CdcForegroundService    com.cdccreditsmart.app               I  ğŸ¢ ========================================
2026-01-29 15:40:35.194 30950-31043 CdcForegroundService    com.cdccreditsmart.app               I  ğŸ›¡ï¸ ========================================
2026-01-29 15:40:35.194 30950-31043 CdcForegroundService    com.cdccreditsmart.app               I  ğŸ›¡ï¸ INICIANDO SETTINGS GUARD (PROTEÃ‡ÃƒO AGRESSIVA)
2026-01-29 15:40:35.194 30950-31043 CdcForegroundService    com.cdccreditsmart.app               I  ğŸ›¡ï¸ ========================================
2026-01-29 15:40:35.195 30950-31043 AutoPermissionManager   com.cdccreditsmart.app               W  âš ï¸ NÃ£o Ã© Device Owner - nÃ£o pode conceder permissÃµes especiais
2026-01-29 15:40:35.196 30950-31043 SettingsGuardService    com.cdccreditsmart.app               I  
2026-01-29 15:40:35.196 30950-31043 SettingsGuardService    com.cdccreditsmart.app               I  â•”â•â•â•â•â•â•â•â•â•â•â•â•â•â•â•â•â•â•â•â•â•â•â•â•â•â•â•â•â•â•â•â•â•â•â•â•â•â•â•â•â•â•â•â•â•â•â•â•â•â•â•â•â•â•â•â•â•—
2026-01-29 15:40:35.197 30950-31043 SettingsGuardService    com.cdccreditsmart.app               I  â•‘   ğŸ›¡ï¸ SETTINGSGUARD - INICIALIZAÃ‡ÃƒO                    â•‘
2026-01-29 15:40:35.197 30950-31043 SettingsGuardService    com.cdccreditsmart.app               I  â• â•â•â•â•â•â•â•â•â•â•â•â•â•â•â•â•â•â•â•â•â•â•â•â•â•â•â•â•â•â•â•â•â•â•â•â•â•â•â•â•â•â•â•â•â•â•â•â•â•â•â•â•â•â•â•â•â•£
2026-01-29 15:40:35.203 30950-31043 SettingsGuardService    com.cdccreditsmart.app               I  â•‘   ğŸ“± Modo proteÃ§Ã£o: BASIC                           â•‘
2026-01-29 15:40:35.203 30950-31043 SettingsGuardService    com.cdccreditsmart.app               I  â•‘   ğŸ“Š UsageStats: âŒ NEGADA                 â•‘
2026-01-29 15:40:35.203 30950-31043 SettingsGuardService    com.cdccreditsmart.app               I  â•‘   ğŸªŸ Overlay: âŒ NEGADA                    â•‘
2026-01-29 15:40:35.205 30950-31043 SettingsGuardService    com.cdccreditsmart.app               I  â•‘   ğŸ”’ Device Owner: âŒ NÃƒO                   â•‘
2026-01-29 15:40:35.206 30950-31043 SettingsGuardService    com.cdccreditsmart.app               I  â•‘   ğŸ” Device Admin: âŒ NÃƒO                   â•‘
2026-01-29 15:40:35.206 30950-31043 SettingsGuardService    com.cdccreditsmart.app               I  â•šâ•â•â•â•â•â•â•â•â•â•â•â•â•â•â•â•â•â•â•â•â•â•â•â•â•â•â•â•â•â•â•â•â•â•â•â•â•â•â•â•â•â•â•â•â•â•â•â•â•â•â•â•â•â•â•â•â•
2026-01-29 15:40:35.206 30950-31043 SettingsGuardService    com.cdccreditsmart.app               I  ğŸ›¡ï¸ SettingsGuard INICIADO
2026-01-29 15:40:35.206 30950-31043 SettingsGuardService    com.cdccreditsmart.app               I     Modo de proteÃ§Ã£o: BASIC
2026-01-29 15:40:35.206 30950-31043 SettingsGuardService    com.cdccreditsmart.app               I     âš ï¸ Sem privilÃ©gios: ProteÃ§Ã£o AGRESSIVA ativada
2026-01-29 15:40:35.206 30950-31043 SettingsGuardService    com.cdccreditsmart.app               I     ğŸ“¡ Monitorando Settings a cada 3000ms
2026-01-29 15:40:35.206 30950-31043 SettingsGuardService    com.cdccreditsmart.app               I  ğŸ” ========================================
2026-01-29 15:40:35.206 30950-31043 SettingsGuardService    com.cdccreditsmart.app               I  ğŸ” INICIANDO MONITORAMENTO ATIVO DE SETTINGS
2026-01-29 15:40:35.206 30950-31043 SettingsGuardService    com.cdccreditsmart.app               I  ğŸ” ========================================
2026-01-29 15:40:35.208 30950-31043 SettingsGuardService    com.cdccreditsmart.app               W  âš ï¸ Sem permissÃ£o PACKAGE_USAGE_STATS
2026-01-29 15:40:35.208 30950-31043 SettingsGuardService    com.cdccreditsmart.app               W     Monitoramento via ActivityManager (menos preciso)
2026-01-29 15:40:35.208 30950-31043 SettingsGuardService    com.cdccreditsmart.app               W     IMPORTANTE: Conceda permissÃ£o em ConfiguraÃ§Ãµes > Apps > Credit Smart > Acesso especial > Acesso uso
2026-01-29 15:40:35.212 30950-30950 PermissionGateScreen    com.cdccreditsmart.app               I  ğŸ” VERIFICAÃ‡ÃƒO INICIAL DE PERMISSÃ•ES:
2026-01-29 15:40:35.212 30950-30950 PermissionGateScreen    com.cdccreditsmart.app               I     NÃ­vel: BASIC
2026-01-29 15:40:35.213 30950-30950 PermissionGateScreen    com.cdccreditsmart.app               I     Todas concedidas: false
2026-01-29 15:40:35.214 30950-30950 PermissionGateScreen    com.cdccreditsmart.app               I     Bateria isenta: false
2026-01-29 15:40:35.214 30950-30950 PermissionGateScreen    com.cdccreditsmart.app               W     âŒ FALTA: Administrador do Dispositivo
2026-01-29 15:40:35.214 30950-30950 PermissionGateScreen    com.cdccreditsmart.app               W     âŒ FALTA: PermissÃµes BÃ¡sicas
2026-01-29 15:40:35.214 30950-30950 PermissionGateScreen    com.cdccreditsmart.app               W     âŒ FALTA: Monitoramento de Apps
2026-01-29 15:40:35.214 30950-30950 PermissionGateScreen    com.cdccreditsmart.app               W     âŒ FALTA: Mostrar Alertas
2026-01-29 15:40:35.214 30950-30950 PermissionGateScreen    com.cdccreditsmart.app               W     âŒ FALTA: ExecuÃ§Ã£o em Segundo Plano
2026-01-29 15:40:35.215 30950-30950 PermissionGateScreen    com.cdccreditsmart.app               I  ========================================
2026-01-29 15:40:35.215 30950-30950 PermissionGateScreen    com.cdccreditsmart.app               I  ğŸšª PERMISSION GATE SCREEN INICIADO
2026-01-29 15:40:35.216 30950-30950 PermissionGateScreen    com.cdccreditsmart.app               I  ========================================
2026-01-29 15:40:35.216 30950-30950 PermissionGateScreen    com.cdccreditsmart.app               I  NÃ­vel de privilÃ©gio: BASIC
2026-01-29 15:40:35.216 30950-30950 PermissionGateScreen    com.cdccreditsmart.app               I  PermissÃµes concedidas: 0
2026-01-29 15:40:35.216 30950-30950 PermissionGateScreen    com.cdccreditsmart.app               I  PermissÃµes faltando: 5
2026-01-29 15:40:35.216 30950-30950 PermissionGateScreen    com.cdccreditsmart.app               W    âŒ Administrador do Dispositivo
2026-01-29 15:40:35.216 30950-30950 PermissionGateScreen    com.cdccreditsmart.app               W    âŒ PermissÃµes BÃ¡sicas
2026-01-29 15:40:35.216 30950-30950 PermissionGateScreen    com.cdccreditsmart.app               W    âŒ Monitoramento de Apps
2026-01-29 15:40:35.216 30950-30950 PermissionGateScreen    com.cdccreditsmart.app               W    âŒ Mostrar Alertas
2026-01-29 15:40:35.216 30950-30950 PermissionGateScreen    com.cdccreditsmart.app               W    âŒ ExecuÃ§Ã£o em Segundo Plano
2026-01-29 15:40:35.216 30950-30950 PermissionGateScreen    com.cdccreditsmart.app               I  ========================================
2026-01-29 15:40:35.217 30950-30950 PermissionGateScreen    com.cdccreditsmart.app               D  â° Iniciando verificaÃ§Ã£o periÃ³dica de permissÃµes (a cada 3s)...
2026-01-29 15:40:35.228 30950-31043 SettingsGuardService    com.cdccreditsmart.app               I  ğŸ“¢ NotificaÃ§Ã£o de permissÃ£o USAGE_STATS exibida
2026-01-29 15:40:35.228 30950-31043 SettingsGuardService    com.cdccreditsmart.app               W  âš ï¸ Sem permissÃ£o OVERLAY
2026-01-29 15:40:35.228 30950-31043 SettingsGuardService    com.cdccreditsmart.app               I  ğŸ” Intervalo: 3000ms / 1000ms
2026-01-29 15:40:35.230 30950-31045 SettingsGuardService    com.cdccreditsmart.app               I  â–¶ï¸ App CDC em foreground - fluxo de permissÃ£o concluÃ­do
2026-01-29 15:40:35.230 30950-31045 SettingsGuardService    com.cdccreditsmart.app               I  â–¶ï¸ Guard RETOMADO apÃ³s fluxo de permissÃµes
2026-01-29 15:40:35.231 30950-31043 CdcForegroundService    com.cdccreditsmart.app               I  ğŸ›¡ï¸ Guard ativo: true
2026-01-29 15:40:35.231 30950-31043 CdcForegroundService    com.cdccreditsmart.app               I  ğŸ›¡ï¸ Modo proteÃ§Ã£o: BASIC
2026-01-29 15:40:35.231 30950-31043 CdcForegroundService    com.cdccreditsmart.app               I  ğŸ›¡ï¸ Modo agressivo: false
2026-01-29 15:40:35.231 30950-31043 CdcForegroundService    com.cdccreditsmart.app               I  ğŸ›¡ï¸ UsageStats: âŒ INATIVO
2026-01-29 15:40:35.231 30950-31043 CdcForegroundService    com.cdccreditsmart.app               I  ğŸ›¡ï¸ Overlay: âŒ INATIVO
2026-01-29 15:40:35.231 30950-31043 CdcForegroundService    com.cdccreditsmart.app               W  ğŸ›¡ï¸ âš ï¸ UsageStats nÃ£o ativo - guard usarÃ¡ ActivityManager (menos preciso)
2026-01-29 15:40:35.231 30950-31043 CdcForegroundService    com.cdccreditsmart.app               W  ğŸ›¡ï¸ âš ï¸ Overlay nÃ£o ativo - guard usarÃ¡ bringAppToForeground
2026-01-29 15:40:35.231 30950-31043 CdcForegroundService    com.cdccreditsmart.app               I  ğŸ›¡ï¸ ========================================
2026-01-29 15:40:35.232 30950-30950 Choreographer           com.cdccreditsmart.app               I  Skipped 111 frames!  The application may be doing too much work on its main thread.
2026-01-29 15:40:35.236 30950-31043 OfflineEnf...mentWorker com.cdccreditsmart.app               I  âœ… OfflineEnforcementWorker agendado
2026-01-29 15:40:35.237 30950-31043 CdcForegroundService    com.cdccreditsmart.app               I  âœ… OfflineEnforcementWorker agendado
2026-01-29 15:40:35.239 30950-31043 PeriodicOverlayWorker   com.cdccreditsmart.app               I  ğŸ“… Agendando overlay automÃ¡tico
2026-01-29 15:40:35.239 30950-31043 PeriodicOverlayWorker   com.cdccreditsmart.app               I     WorkManager interval: 15 minutos (mÃ­nimo obrigatÃ³rio)
2026-01-29 15:40:35.239 30950-31043 PeriodicOverlayWorker   com.cdccreditsmart.app               I     Cooldowns progressivos controlados internamente pelo worker
2026-01-29 15:40:35.240 30950-31043 PeriodicOverlayWorker   com.cdccreditsmart.app               I  âœ… Overlay automÃ¡tico agendado com sucesso
2026-01-29 15:40:35.240 30950-31043 CdcForegroundService    com.cdccreditsmart.app               I  âœ… PeriodicOverlayWorker agendado
2026-01-29 15:40:35.252 30950-31043 ServiceWatchdogWorker   com.cdccreditsmart.app               I  ğŸ” ========================================
2026-01-29 15:40:35.252 30950-31043 ServiceWatchdogWorker   com.cdccreditsmart.app               I  ğŸ” WATCHDOG: Verificando CdcForegroundService
2026-01-29 15:40:35.252 30950-31043 ServiceWatchdogWorker   com.cdccreditsmart.app               I  ğŸ” ========================================
2026-01-29 15:40:35.253 30950-31043 KeepAliveManager        com.cdccreditsmart.app               D  âœ… CdcForegroundService estÃ¡ ativo
2026-01-29 15:40:35.255 30950-31043 ServiceWatchdogWorker   com.cdccreditsmart.app               I  ğŸ“Š EstatÃ­sticas Keep Alive:
2026-01-29 15:40:35.255 30950-31043 ServiceWatchdogWorker   com.cdccreditsmart.app               I     - ServiÃ§o ativo: true
2026-01-29 15:40:35.255 30950-31043 ServiceWatchdogWorker   com.cdccreditsmart.app               I     - Restarts: 0
2026-01-29 15:40:35.255 30950-31043 ServiceWatchdogWorker   com.cdccreditsmart.app               I     - OtimizaÃ§Ã£o bateria: SIM (ruim)
2026-01-29 15:40:35.255 30950-31043 ServiceWatchdogWorker   com.cdccreditsmart.app               I  ğŸ” ========================================
2026-01-29 15:40:35.255 30950-31043 ServiceWatchdogWorker   com.cdccreditsmart.app               I  âœ… WATCHDOG: ServiÃ§o verificado/reiniciado com sucesso
2026-01-29 15:40:35.328 30950-31037 WM-WorkerWrapper        com.cdccreditsmart.app               I  Worker result SUCCESS for Work [ id=5ab1d008-0847-4809-9eaa-629a16716beb, tags={ com.cdccreditsmart.app.keepalive.ServiceWatchdogWorker } ]
2026-01-29 15:40:35.382 30950-31043 OfflineEnf...mentWorker com.cdccreditsmart.app               I  ğŸ”„ ========================================
2026-01-29 15:40:35.382 30950-31043 OfflineEnf...mentWorker com.cdccreditsmart.app               I  ğŸ”„ OFFLINE ENFORCEMENT - EXECUTANDO
2026-01-29 15:40:35.382 30950-31043 OfflineEnf...mentWorker com.cdccreditsmart.app               I  ğŸ”„ ========================================
2026-01-29 15:40:35.682 30950-31043 OfflineEnf...mentWorker com.cdccreditsmart.app               I  â„¹ï¸ Sem dados offline - nada a fazer
2026-01-29 15:40:35.689 30950-31049 WM-WorkerWrapper        com.cdccreditsmart.app               I  Worker result SUCCESS for Work [ id=434fbb94-f553-4f2c-8bd1-9224c8b430fc, tags={ com.cdccreditsmart.app.offline.OfflineEnforcementWorker } ]
2026-01-29 15:40:35.750 30950-31043 ContractCodeStorage     com.cdccreditsmart.app               D  Retrieving contract code from storage
2026-01-29 15:40:35.793 30950-31043 ContractCodeStorage     com.cdccreditsmart.app               D  Storage verification: 0 valid, 0 tampered, 7 missing
2026-01-29 15:40:35.793 30950-31043 ContractCodeStorage     com.cdccreditsmart.app               W  No valid contract code found in any location
2026-01-29 15:40:35.814 30950-31043 SecureTokenStorage      com.cdccreditsmart.app               E  âŒ Nenhum identificador MDM disponÃ­vel!
2026-01-29 15:40:35.815 30950-31043 CdcForegroundService    com.cdccreditsmart.app               I  ğŸ” AuthToken presente: false
2026-01-29 15:40:35.815 30950-31043 CdcForegroundService    com.cdccreditsmart.app               I  ğŸ” AuthToken length: 0
2026-01-29 15:40:35.815 30950-31043 CdcForegroundService    com.cdccreditsmart.app               I  ğŸ” ContractCode presente: false
2026-01-29 15:40:35.815 30950-31043 CdcForegroundService    com.cdccreditsmart.app               I  ğŸ” ContractCode value: null****
2026-01-29 15:40:35.815 30950-31043 CdcForegroundService    com.cdccreditsmart.app               I  ğŸ” MDM SerialNumber presente: false
2026-01-29 15:40:35.815 30950-31043 CdcForegroundService    com.cdccreditsmart.app               I  ğŸ” MDM SerialNumber value: ......
2026-01-29 15:40:35.815 30950-31043 CdcForegroundService    com.cdccreditsmart.app               I  ğŸ“± ========================================
2026-01-29 15:40:35.815 30950-31043 CdcForegroundService    com.cdccreditsmart.app               I  ğŸ“± AGUARDANDO PAIRING - MDM EM STANDBY
2026-01-29 15:40:35.815 30950-31043 CdcForegroundService    com.cdccreditsmart.app               I  ğŸ“± O usuÃ¡rio ainda nÃ£o fez o pareamento inicial
2026-01-29 15:40:35.815 30950-31043 CdcForegroundService    com.cdccreditsmart.app               I  ğŸ“± ServiÃ§os MDM serÃ£o ativados apÃ³s inserir cÃ³digo do contrato
2026-01-29 15:40:35.815 30950-31043 CdcForegroundService    com.cdccreditsmart.app               I  ğŸ“± NOTA: isMdmInitialized permanece FALSE para permitir reinicializaÃ§Ã£o
2026-01-29 15:40:35.815 30950-31043 CdcForegroundService    com.cdccreditsmart.app               I  ğŸ“± ========================================
2026-01-29 15:40:36.618 30950-30950 NotificationHelper      com.cdccreditsmart.app               D  Notification channel created: cdc_default
2026-01-29 15:40:36.622 30950-30950 NotificationHelper      com.cdccreditsmart.app               D  Notification channel created: cdc_info
2026-01-29 15:40:36.626 30950-30950 NotificationHelper      com.cdccreditsmart.app               D  Notification channel created: cdc_alerts
2026-01-29 15:40:36.630 30950-30950 NotificationHelper      com.cdccreditsmart.app               D  Notification channel created: cdc_payments
2026-01-29 15:40:36.635 30950-30950 NotificationHelper      com.cdccreditsmart.app               D  Notification channel created: cdc_contract
2026-01-29 15:40:36.701 30950-30950 CdcMessagingService     com.cdccreditsmart.app               D  CdcMessagingService created
2026-01-29 15:40:36.706 30950-31091 CdcMessagingService     com.cdccreditsmart.app               D  ========== NEW FCM TOKEN RECEIVED ==========
2026-01-29 15:40:36.707 30950-31091 CdcMessagingService     com.cdccreditsmart.app               D  Token: cEl8dYNOQNqPXiXKlGyO...
2026-01-29 15:40:36.927 30950-31091 FcmTokenManager         com.cdccreditsmart.app               D  FCM token saved locally: cEl8dYNOQNqPXiXKlGyO...
2026-01-29 15:40:36.930 30950-31043 FcmTokenManager         com.cdccreditsmart.app               D  ========== REGISTERING FCM TOKEN WITH BACKEND ==========
2026-01-29 15:40:36.932 30950-31043 FcmTokenManager         com.cdccreditsmart.app               D  Current FCM token retrieved: cEl8dYNOQNqPXiXKlGyO...
2026-01-29 15:40:36.942 30950-31043 FcmTokenManager         com.cdccreditsmart.app               E  Cannot register: Auth token not available
2026-01-29 15:40:36.942 30950-31043 CdcMessagingService     com.cdccreditsmart.app               E  âŒ Failed to register FCM token with backend: User not authenticated
2026-01-29 15:40:37.216 30950-31031 FA                      com.cdccreditsmart.app               I  Application backgrounded at: timestamp_millis: 1769712035215
2026-01-29 15:40:38.236 30950-31044 SettingsGuardService    com.cdccreditsmart.app               D  ğŸ“‹ Activity check - Full: null, Simple: null
2026-01-29 15:40:38.877 30950-31095 ProfileInstaller        com.cdccreditsmart.app               D  Installing profile for com.cdccreditsmart.app
2026-01-29 15:40:39.983 30950-30950 CDCDeviceAdminReceiver  com.cdccreditsmart.app               I  onEnabled: full path
2026-01-29 15:40:40.026 30950-30950 CDCDeviceAdminService   com.cdccreditsmart.app               I  âœ… Device Admin Service created - System is communicating with CDC DPC
2026-01-29 15:40:40.882 30950-30950 Compatibil...geReporter com.cdccreditsmart.app               D  Compat change id reported: 78294732; UID 10255; state: ENABLED
2026-01-29 15:40:40.884 30950-30950 SettingsGuardService    com.cdccreditsmart.app               I  â–¶ï¸ Guard RETOMADO apÃ³s fluxo de permissÃµes
2026-01-29 15:40:40.884 30950-30950 MainActivity            com.cdccreditsmart.app               W  âš ï¸ Algumas permissÃµes foram NEGADAS pelo usuÃ¡rio:
2026-01-29 15:40:40.884 30950-30950 MainActivity            com.cdccreditsmart.app               D    âœ… CONCEDIDA - android.permission.READ_PHONE_STATE
2026-01-29 15:40:40.885 30950-30950 MainActivity            com.cdccreditsmart.app               D    âŒ NEGADA - android.permission.READ_CALL_LOG
2026-01-29 15:40:40.885 30950-30950 MainActivity            com.cdccreditsmart.app               D    âŒ NEGADA - android.permission.CALL_PHONE
2026-01-29 15:40:40.885 30950-30950 MainActivity            com.cdccreditsmart.app               D    âŒ NEGADA - android.permission.READ_CONTACTS
2026-01-29 15:40:40.885 30950-30950 MainActivity            com.cdccreditsmart.app               D    âœ… CONCEDIDA - android.permission.ACCESS_FINE_LOCATION
2026-01-29 15:40:40.885 30950-30950 MainActivity            com.cdccreditsmart.app               D    âœ… CONCEDIDA - android.permission.ACCESS_COARSE_LOCATION
2026-01-29 15:40:40.885 30950-30950 MainActivity            com.cdccreditsmart.app               D    âŒ NEGADA - android.permission.ANSWER_PHONE_CALLS
2026-01-29 15:40:40.885 30950-30950 MainActivity            com.cdccreditsmart.app               D    âŒ NEGADA - android.permission.READ_PHONE_NUMBERS
2026-01-29 15:40:40.885 30950-30950 MainActivity            com.cdccreditsmart.app               D    âœ… CONCEDIDA - android.permission.POST_NOTIFICATIONS
2026-01-29 15:40:41.245 30950-31044 PermissionGateManager   com.cdccreditsmart.app               W  âš ï¸ Device Owner: 3 permissÃ£o(Ãµes) pendente(s)
2026-01-29 15:40:41.245 30950-31044 PermissionGateManager   com.cdccreditsmart.app               W     â†’ Falta: Acesso ao Uso de Apps
2026-01-29 15:40:41.246 30950-31044 PermissionGateManager   com.cdccreditsmart.app               W     â†’ Falta: Exibir sobre outros apps
2026-01-29 15:40:41.246 30950-31044 PermissionGateManager   com.cdccreditsmart.app               W     â†’ Falta: ExecuÃ§Ã£o em Segundo Plano
2026-01-29 15:40:41.260 30950-31044 SettingsGuardService    com.cdccreditsmart.app               D  ğŸ“‹ Activity check - Full: null, Simple: null
2026-01-29 15:40:44.276 30950-31044 SettingsGuardService    com.cdccreditsmart.app               D  ğŸ“‹ Activity check - Full: null, Simple: null
2026-01-29 15:40:46.920 30950-30950 Compatibil...geReporter com.cdccreditsmart.app               D  Compat change id reported: 171228096; UID 10255; state: ENABLED
2026-01-29 15:40:47.287 30950-31044 SettingsGuardService    com.cdccreditsmart.app               D  ğŸ“‹ Activity check - Full: null, Simple: null
2026-01-29 15:40:48.107 30950-30950 SettingsGuardService    com.cdccreditsmart.app               I  â¸ï¸ Guard PAUSADO para fluxo de permissÃµes (timeout: 30s)
2026-01-29 15:40:48.766 30950-31047 OpenGLRenderer          com.cdccreditsmart.app               D  endAllActiveAnimators on 0xb400007596070310 (UnprojectedRipple) with handle 0xb400007636039d50
2026-01-29 15:40:48.772 30950-31246 mali_gralloc            com.cdccreditsmart.app               D  unregister: id=337000002d6, handle=0xb400007756010cd0, base=0x0, importpid=30950, count:0
2026-01-29 15:40:48.794 30950-30973 mali_gralloc            com.cdccreditsmart.app               D  unregister: id=337000002d9, handle=0xb4000077560142d0, base=0x0, importpid=30950, count:0
2026-01-29 15:40:48.800 30950-30973 mali_gralloc            com.cdccreditsmart.app               D  unregister: id=337000002d8, handle=0xb400007756012d70, base=0x0, importpid=30950, count:0
2026-01-29 15:40:48.800 30950-30973 mali_gralloc            com.cdccreditsmart.app               D  unregister: id=337000002d7, handle=0xb400007756012350, base=0x0, importpid=30950, count:0
2026-01-29 15:40:50.207 30950-31031 FA                      com.cdccreditsmart.app               I  Application backgrounded at: timestamp_millis: 1769712048204
2026-01-29 15:40:52.872 30950-31047 OpenGLRenderer          com.cdccreditsmart.app               E  Unable to match the desired swap behavior.
2026-01-29 15:40:52.874 30950-31285 mali_gralloc            com.cdccreditsmart.app               D  register: id=33700000300, handle=0xb400007756010850, importpid=-1, gRegisteredHandles=0
2026-01-29 15:40:52.875 30950-31285 mali_gralloc            com.cdccreditsmart.app               D  register: id=33700000301, handle=0xb40000775601d990, importpid=-1, gRegisteredHandles=1
2026-01-29 15:40:52.877 30950-31285 mali_gralloc            com.cdccreditsmart.app               D  register: id=33700000302, handle=0xb400007755fe0490, importpid=-1, gRegisteredHandles=2
2026-01-29 15:40:52.878 30950-31285 mali_gralloc            com.cdccreditsmart.app               D  register: id=33700000303, handle=0xb400007756022a90, importpid=-1, gRegisteredHandles=3
2026-01-29 15:40:53.296 30950-31044 SettingsGuardService    com.cdccreditsmart.app               I  âœ… USAGE_STATS concedida
2026-01-29 15:40:53.297 30950-31044 SettingsGuardService    com.cdccreditsmart.app               I  ğŸ“¢ NotificaÃ§Ã£o de permissÃ£o USAGE_STATS cancelada
2026-01-29 15:40:53.307 30950-31043 PermissionGateManager   com.cdccreditsmart.app               W  âš ï¸ Device Owner: 2 permissÃ£o(Ãµes) pendente(s)
2026-01-29 15:40:53.307 30950-31043 PermissionGateManager   com.cdccreditsmart.app               W     â†’ Falta: Exibir sobre outros apps
2026-01-29 15:40:53.307 30950-31043 PermissionGateManager   com.cdccreditsmart.app               W     â†’ Falta: ExecuÃ§Ã£o em Segundo Plano
2026-01-29 15:40:53.326 30950-31044 SettingsGuardService    com.cdccreditsmart.app               I  â–¶ï¸ App CDC em foreground - fluxo de permissÃ£o concluÃ­do
2026-01-29 15:40:53.327 30950-31044 SettingsGuardService    com.cdccreditsmart.app               I  â–¶ï¸ Guard RETOMADO apÃ³s fluxo de permissÃµes
2026-01-29 15:40:55.608 30950-30950 SettingsGuardService    com.cdccreditsmart.app               I  â¸ï¸ Guard PAUSADO para fluxo de permissÃµes (timeout: 30s)
2026-01-29 15:40:56.347 30950-31044 SettingsGuardService    com.cdccreditsmart.app               D  âœ… Atividade permitida durante fluxo de permissÃµes: com.android.settings.fuelgauge.RequestIgnoreBatteryOptimizations
2026-01-29 15:40:58.790 30950-30950 SettingsGuardService    com.cdccreditsmart.app               I  â¸ï¸ Guard PAUSADO para fluxo de permissÃµes (timeout: 30s)
2026-01-29 15:40:59.322 30950-31044 PermissionGateManager   com.cdccreditsmart.app               W  âš ï¸ Device Owner: 1 permissÃ£o(Ãµes) pendente(s)
2026-01-29 15:40:59.323 30950-31044 PermissionGateManager   com.cdccreditsmart.app               W     â†’ Falta: Exibir sobre outros apps
2026-01-29 15:40:59.362 30950-31044 SettingsGuardService    com.cdccreditsmart.app               D  âœ… Atividade permitida durante fluxo de permissÃµes: com.android.settings.spa.SpaActivity
2026-01-29 15:40:59.475 30950-31047 mali_gralloc            com.cdccreditsmart.app               D  unregister: id=33700000302, handle=0xb400007755fe0490, base=0x0, importpid=30950, count:0
2026-01-29 15:40:59.476 30950-31047 mali_gralloc            com.cdccreditsmart.app               D  unregister: id=33700000303, handle=0xb400007756022a90, base=0x0, importpid=30950, count:0
2026-01-29 15:40:59.481 30950-31047 mali_gralloc            com.cdccreditsmart.app               D  unregister: id=33700000300, handle=0xb400007756010850, base=0x0, importpid=30950, count:0
2026-01-29 15:40:59.481 30950-31047 mali_gralloc            com.cdccreditsmart.app               D  unregister: id=33700000301, handle=0xb40000775601d990, base=0x0, importpid=30950, count:0
2026-01-29 15:40:59.484 30950-31047 OpenGLRenderer          com.cdccreditsmart.app               D  endAllActiveAnimators on 0xb40000759601d4f0 (UnprojectedRipple) with handle 0xb400007636033b10
2026-01-29 15:41:00.868 30950-31031 FA                      com.cdccreditsmart.app               I  Application backgrounded at: timestamp_millis: 1769712058866
2026-01-29 15:41:02.331 30950-31044 PermissionGateManager   com.cdccreditsmart.app               I  âœ… Device Owner: Todas as permissÃµes especiais concedidas!
2026-01-29 15:41:02.333 30950-30950 PermissionGateScreen    com.cdccreditsmart.app               I  âœ… TODAS AS PERMISSÃ•ES CONCEDIDAS! Prosseguindo para o app...
2026-01-29 15:41:02.333 30950-30950 SettingsGuardService    com.cdccreditsmart.app               I  â–¶ï¸ Guard RETOMADO apÃ³s fluxo de permissÃµes
2026-01-29 15:41:02.903 30950-30950 DeviceOwnerCheckVM      com.cdccreditsmart.app               I  ========================================
2026-01-29 15:41:02.903 30950-30950 DeviceOwnerCheckVM      com.cdccreditsmart.app               I  ğŸ” Verificando status de Device Owner...
2026-01-29 15:41:03.407 30950-30950 DeviceUtils             com.cdccreditsmart.app               D  Device Owner check: true
2026-01-29 15:41:03.407 30950-30950 DeviceUtils             com.cdccreditsmart.app               D  Samsung device: false (Manufacturer: realme)
2026-01-29 15:41:03.407 30950-30950 DeviceOwnerCheckVM      com.cdccreditsmart.app               I  âœ… Dispositivo Ã© Device Owner - permitindo acesso ao app
2026-01-29 15:41:03.407 30950-30950 DeviceOwnerCheckVM      com.cdccreditsmart.app               I  ========================================
2026-01-29 15:41:03.428 30950-30950 RouterViewModel         com.cdccreditsmart.app               D  ğŸš€ Iniciando verificaÃ§Ã£o de autenticaÃ§Ã£o...
2026-01-29 15:41:03.433 30950-31044 AuthOrchestrator        com.cdccreditsmart.app               D  ğŸ” Verificando autenticaÃ§Ã£o...
2026-01-29 15:41:03.455 30950-31044 AuthOrchestrator        com.cdccreditsmart.app               D  ğŸŒ Conectividade: ONLINE
2026-01-29 15:41:03.455 30950-31044 AuthOrchestrator        com.cdccreditsmart.app               D  ğŸ”„ ========== AUTO-DISCOVERY INICIADO ==========
2026-01-29 15:41:03.470 30950-31044 DeviceUtils             com.cdccreditsmart.app               D  IMEI retrieved successfully: 8608***
2026-01-29 15:41:03.470 30950-31044 AuthOrchestrator        com.cdccreditsmart.app               D  ğŸ“± IMEI obtido: 8608***718
2026-01-29 15:41:03.470 30950-31044 AuthOrchestrator        com.cdccreditsmart.app               D  ğŸ” Tentando auto-discovery...
2026-01-29 15:41:03.470 30950-31044 AuthOrchestrator        com.cdccreditsmart.app               D     Endpoint: GET /api/apk/discover/860875074339718
2026-01-29 15:41:03.545 30950-31337 okhttp.OkHttpClient     com.cdccreditsmart.app               I  --> GET https://cdccreditsmart.com/api/apk/discover/860875074339718
2026-01-29 15:41:03.546 30950-31337 okhttp.OkHttpClient     com.cdccreditsmart.app               I  --> END GET
2026-01-29 15:41:03.789 30950-31047 OpenGLRenderer          com.cdccreditsmart.app               E  Unable to match the desired swap behavior.
2026-01-29 15:41:03.793 30950-31342 mali_gralloc            com.cdccreditsmart.app               D  register: id=33700000317, handle=0xb40000775601caf0, importpid=-1, gRegisteredHandles=0
2026-01-29 15:41:03.794 30950-31342 mali_gralloc            com.cdccreditsmart.app               D  register: id=33700000318, handle=0xb400007756016490, importpid=-1, gRegisteredHandles=1
2026-01-29 15:41:03.795 30950-31342 mali_gralloc            com.cdccreditsmart.app               D  register: id=33700000319, handle=0xb4000077560131f0, importpid=-1, gRegisteredHandles=2
2026-01-29 15:41:03.796 30950-31342 mali_gralloc            com.cdccreditsmart.app               D  register: id=3370000031a, handle=0xb40000775600f770, importpid=-1, gRegisteredHandles=3
2026-01-29 15:41:03.915 30950-31337 TrafficStats            com.cdccreditsmart.app               D  tagSocket(5) with statsTag=0xffffffff, statsUid=-1
2026-01-29 15:41:04.550 30950-30950 SettingsGuardService    com.cdccreditsmart.app               I  â–¶ï¸ Guard RETOMADO apÃ³s fluxo de permissÃµes
2026-01-29 15:41:05.463 30950-31337 okhttp.OkHttpClient     com.cdccreditsmart.app               I  <-- 200 https://cdccreditsmart.com/api/apk/discover/860875074339718 (1916ms)
2026-01-29 15:41:05.463 30950-31337 okhttp.OkHttpClient     com.cdccreditsmart.app               I  access-control-allow-credentials: true
2026-01-29 15:41:05.464 30950-31337 okhttp.OkHttpClient     com.cdccreditsmart.app               I  access-control-allow-headers: Origin, X-Requested-With, Content-Type, Accept, Authorization, x-client-key, x-client-token, x-client-secret, cache-control
2026-01-29 15:41:05.464 30950-31337 okhttp.OkHttpClient     com.cdccreditsmart.app               I  access-control-allow-methods: GET, POST, PUT, PATCH, DELETE, OPTIONS
2026-01-29 15:41:05.464 30950-31337 okhttp.OkHttpClient     com.cdccreditsmart.app               I  access-control-allow-origin: *
2026-01-29 15:41:05.464 30950-31337 okhttp.OkHttpClient     com.cdccreditsmart.app               I  access-control-max-age: 86400
2026-01-29 15:41:05.464 30950-31337 okhttp.OkHttpClient     com.cdccreditsmart.app               I  content-length: 577
2026-01-29 15:41:05.464 30950-31337 okhttp.OkHttpClient     com.cdccreditsmart.app               I  content-security-policy: default-src 'self'; script-src 'self' 'unsafe-inline' 'unsafe-eval' https://replit.com; style-src 'self' 'unsafe-inline' https://replit.com; img-src 'self' data: https:; font-src 'self' data: https://replit.com; connect-src 'self';
2026-01-29 15:41:05.464 30950-31337 okhttp.OkHttpClient     com.cdccreditsmart.app               I  content-type: application/json; charset=utf-8
2026-01-29 15:41:05.464 30950-31337 okhttp.OkHttpClient     com.cdccreditsmart.app               I  date: Thu, 29 Jan 2026 18:41:04 GMT
2026-01-29 15:41:05.464 30950-31337 okhttp.OkHttpClient     com.cdccreditsmart.app               I  etag: W/"241-zscYL9TAS6Nc8gLmxqzHKgV8Bqk"
2026-01-29 15:41:05.464 30950-31337 okhttp.OkHttpClient     com.cdccreditsmart.app               I  permissions-policy: geolocation=(), microphone=(), camera=()
2026-01-29 15:41:05.465 30950-31337 okhttp.OkHttpClient     com.cdccreditsmart.app               I  referrer-policy: strict-origin-when-cross-origin
2026-01-29 15:41:05.465 30950-31337 okhttp.OkHttpClient     com.cdccreditsmart.app               I  strict-transport-security: max-age=63072000; includeSubDomains
2026-01-29 15:41:05.465 30950-31337 okhttp.OkHttpClient     com.cdccreditsmart.app               I  strict-transport-security: max-age=31536000; includeSubDomains
2026-01-29 15:41:05.465 30950-31337 okhttp.OkHttpClient     com.cdccreditsmart.app               I  x-anti-fraud-protection: active
2026-01-29 15:41:05.465 30950-31337 okhttp.OkHttpClient     com.cdccreditsmart.app               I  x-certificate-pinning-enabled: false
2026-01-29 15:41:05.465 30950-31337 okhttp.OkHttpClient     com.cdccreditsmart.app               I  x-certificate-pinning-status: disabled-for-stability
2026-01-29 15:41:05.465 30950-31337 okhttp.OkHttpClient     com.cdccreditsmart.app               I  x-content-type-options: nosniff
2026-01-29 15:41:05.465 30950-31337 okhttp.OkHttpClient     com.cdccreditsmart.app               I  x-financial-data-protection: enabled
2026-01-29 15:41:05.465 30950-31337 okhttp.OkHttpClient     com.cdccreditsmart.app               I  x-frame-options: DENY
2026-01-29 15:41:05.465 30950-31337 okhttp.OkHttpClient     com.cdccreditsmart.app               I  x-transaction-security-level: maximum
2026-01-29 15:41:05.465 30950-31337 okhttp.OkHttpClient     com.cdccreditsmart.app               I  x-xss-protection: 1; mode=block
2026-01-29 15:41:05.466 30950-31337 okhttp.OkHttpClient     com.cdccreditsmart.app               I  via: 1.1 google
2026-01-29 15:41:05.466 30950-31337 okhttp.OkHttpClient     com.cdccreditsmart.app               I  alt-svc: h3=":443"; ma=2592000,h3-29=":443"; ma=2592000
2026-01-29 15:41:05.468 30950-31337 okhttp.OkHttpClient     com.cdccreditsmart.app               I  {"success":true,"device":{"id":"device_1769137280282_l7srjesg25","name":"REALME Note 60x","serialNumber":"QJ3H4MKG","imei":"860875074339718","imeiList":["860875074339718"],"meid":null,"meidList":null,"simSlotCount":1,"model":"Note 60x","brand":"REALME","status":"active","isBlocked":false,"blockReason":null},"customer":{"id":"f854a5cf-8b7e-4a66-a55f-a9f41948eb34","name":"Marcos Antunes","cpf":"06452784323","phone":"85981888810"},"connection":{"matchType":"imei_exact","useImei":"860875074339718","useSerialNumber":"QJ3H4MKG","useDeviceId":"device_1769137280282_l7srjesg25"}}
2026-01-29 15:41:05.468 30950-31337 okhttp.OkHttpClient     com.cdccreditsmart.app               I  <-- END HTTP (577-byte body)
2026-01-29 15:41:05.477 30950-31044 AuthOrchestrator        com.cdccreditsmart.app               D  âœ… ========== AUTO-DISCOVERY BEM-SUCEDIDO ==========
2026-01-29 15:41:05.477 30950-31044 AuthOrchestrator        com.cdccreditsmart.app               D  âœ… Dispositivo encontrado:
2026-01-29 15:41:05.477 30950-31044 AuthOrchestrator        com.cdccreditsmart.app               D     - Nome: REALME Note 60x
2026-01-29 15:41:05.477 30950-31044 AuthOrchestrator        com.cdccreditsmart.app               D     - DeviceId: device_17691372...
2026-01-29 15:41:05.477 30950-31044 AuthOrchestrator        com.cdccreditsmart.app               D     - SerialNumber: QJ3H4MKG
2026-01-29 15:41:05.477 30950-31044 AuthOrchestrator        com.cdccreditsmart.app               D     - IMEI: 8608***718
2026-01-29 15:41:05.478 30950-31044 AuthOrchestrator        com.cdccreditsmart.app               D     - Status: active
2026-01-29 15:41:05.478 30950-31044 AuthOrchestrator        com.cdccreditsmart.app               D     - Bloqueado: false
2026-01-29 15:41:05.478 30950-31044 AuthOrchestrator        com.cdccreditsmart.app               D  âœ… Cliente:
2026-01-29 15:41:05.478 30950-31044 AuthOrchestrator        com.cdccreditsmart.app               D     - Nome: Marcos Antunes
2026-01-29 15:41:05.478 30950-31044 AuthOrchestrator        com.cdccreditsmart.app               D     - CPF: 064***
2026-01-29 15:41:05.478 30950-31044 AuthOrchestrator        com.cdccreditsmart.app               D  âœ… ConexÃ£o:
2026-01-29 15:41:05.478 30950-31044 AuthOrchestrator        com.cdccreditsmart.app               D     - Usar IMEI: 860875074339718
2026-01-29 15:41:05.478 30950-31044 AuthOrchestrator        com.cdccreditsmart.app               D     - Usar SerialNumber: QJ3H4MKG
2026-01-29 15:41:05.478 30950-31044 AuthOrchestrator        com.cdccreditsmart.app               D     - Usar DeviceId: device_1769137280282_l7srjesg25
2026-01-29 15:41:05.478 30950-31044 ContractCodeStorage     com.cdccreditsmart.app               D  Saving contract code to redundant storage
2026-01-29 15:41:05.665 30950-31044 ContractCodeStorage     com.cdccreditsmart.app               D  Saved to EncryptedPrefs
2026-01-29 15:41:05.888 30950-31044 ContractCodeStorage     com.cdccreditsmart.app               D  Successfully saved to file: .cdc_protected_code.enc
2026-01-29 15:41:05.888 30950-31044 ContractCodeStorage     com.cdccreditsmart.app               D  Saved to Protected Storage
2026-01-29 15:41:05.940 30950-31044 ContractCodeStorage     com.cdccreditsmart.app               D  Successfully saved to file: .cdc_contract_b1.enc
2026-01-29 15:41:05.996 30950-31044 ContractCodeStorage     com.cdccreditsmart.app               D  Successfully saved to file: .sys_device_cfg.enc
2026-01-29 15:41:06.053 30950-31044 ContractCodeStorage     com.cdccreditsmart.app               D  Successfully saved to file: .android_secure.enc
2026-01-29 15:41:06.131 30950-31044 ContractCodeStorage     com.cdccreditsmart.app               D  Contract code saved to ALL storage locations
2026-01-29 15:41:06.432 30950-31044 ContractCodeStorage     com.cdccreditsmart.app               D  Verification complete: 7/7 locations valid
2026-01-29 15:41:06.455 30950-31044 ContractCodeStorage     com.cdccreditsmart.app               D  Saving contract code to redundant storage
2026-01-29 15:41:06.478 30950-31044 ContractCodeStorage     com.cdccreditsmart.app               D  Saved to EncryptedPrefs
2026-01-29 15:41:06.486 30950-31044 ContractCodeStorage     com.cdccreditsmart.app               D  Deleted existing file: .cdc_protected_code.enc
2026-01-29 15:41:06.538 30950-31044 ContractCodeStorage     com.cdccreditsmart.app               D  Successfully saved to file: .cdc_protected_code.enc
2026-01-29 15:41:06.538 30950-31044 ContractCodeStorage     com.cdccreditsmart.app               D  Saved to Protected Storage
2026-01-29 15:41:06.539 30950-31044 ContractCodeStorage     com.cdccreditsmart.app               D  Deleted existing file: .cdc_contract_b1.enc
2026-01-29 15:41:06.587 30950-31044 ContractCodeStorage     com.cdccreditsmart.app               D  Successfully saved to file: .cdc_contract_b1.enc
2026-01-29 15:41:06.588 30950-31044 ContractCodeStorage     com.cdccreditsmart.app               D  Deleted existing file: .sys_device_cfg.enc
2026-01-29 15:41:06.633 30950-31044 ContractCodeStorage     com.cdccreditsmart.app               D  Successfully saved to file: .sys_device_cfg.enc
2026-01-29 15:41:06.633 30950-31044 ContractCodeStorage     com.cdccreditsmart.app               D  Deleted existing file: .android_secure.enc
2026-01-29 15:41:06.680 30950-31044 ContractCodeStorage     com.cdccreditsmart.app               D  Successfully saved to file: .android_secure.enc
2026-01-29 15:41:06.722 30950-31044 ContractCodeStorage     com.cdccreditsmart.app               D  Contract code saved to ALL storage locations
2026-01-29 15:41:07.022 30950-31044 ContractCodeStorage     com.cdccreditsmart.app               D  Verification complete: 7/7 locations valid
2026-01-29 15:41:07.022 30950-31044 SecureTokenStorage      com.cdccreditsmart.app               D  Device info saved successfully from auto-discovery
2026-01-29 15:41:07.023 30950-31044 SecureTokenStorage      com.cdccreditsmart.app               D    - DeviceId: device_17691372...
2026-01-29 15:41:07.023 30950-31044 SecureTokenStorage      com.cdccreditsmart.app               D    - SerialNumber: QJ3H4MKG
2026-01-29 15:41:07.023 30950-31044 SecureTokenStorage      com.cdccreditsmart.app               D    - IMEI: 8608***
2026-01-29 15:41:07.023 30950-31044 SecureTokenStorage      com.cdccreditsmart.app               D    - ContractCode: QJ3H4MKG
2026-01-29 15:41:07.023 30950-31044 AuthOrchestrator        com.cdccreditsmart.app               D  ğŸ’¾ Dados salvos:
2026-01-29 15:41:07.023 30950-31044 AuthOrchestrator        com.cdccreditsmart.app               D     - ContractCode: QJ3H4MKG
2026-01-29 15:41:07.023 30950-31044 AuthOrchestrator        com.cdccreditsmart.app               D     - DeviceId: device_17691372...
2026-01-29 15:41:07.023 30950-31044 AuthOrchestrator        com.cdccreditsmart.app               D     - IMEI: 8608***718
2026-01-29 15:41:07.023 30950-31044 AuthOrchestrator        com.cdccreditsmart.app               W  âš ï¸ [6/7] Discovery nÃ£o retornou token - headers IMEI serÃ£o usados como fallback
2026-01-29 15:41:07.025 30950-31044 AuthOrchestrator        com.cdccreditsmart.app               D  ğŸ‰ ========== AUTO-DISCOVERY CONCLUÃDO ==========
2026-01-29 15:41:07.025 30950-31044 AuthOrchestrator        com.cdccreditsmart.app               D  âœ… Auto-conexÃ£o bem-sucedida - autenticaÃ§Ã£o OK!
2026-01-29 15:41:07.025 30950-31044 AuthOrchestrator        com.cdccreditsmart.app               I  ğŸ”§ Garantindo que CdcForegroundService estÃ¡ rodando...
2026-01-29 15:41:07.025 30950-31043 AuthOrchestrator        com.cdccreditsmart.app               D  ğŸ”” Registrando FCM token apÃ³s auto-discovery...
2026-01-29 15:41:07.028 30950-31043 FcmTokenManager         com.cdccreditsmart.app               D  ========== REGISTERING FCM TOKEN WITH BACKEND ==========
2026-01-29 15:41:07.031 30950-31044 CdcForegroundService    com.cdccreditsmart.app               I  âœ… ServiÃ§o iniciado via startService()
2026-01-29 15:41:07.031 30950-31044 AuthOrchestrator        com.cdccreditsmart.app               I  âœ… CdcForegroundService iniciado apÃ³s autenticaÃ§Ã£o
2026-01-29 15:41:07.032 30950-31043 FcmTokenManager         com.cdccreditsmart.app               D  Current FCM token retrieved: cEl8dYNOQNqPXiXKlGyO...
2026-01-29 15:41:07.033 30950-30950 RouterViewModel         com.cdccreditsmart.app               D  âœ… Autenticado com sucesso
2026-01-29 15:41:07.295 30950-31043 FcmTokenManager         com.cdccreditsmart.app               E  Cannot register: Auth token not available
2026-01-29 15:41:07.295 30950-31043 AuthOrchestrator        com.cdccreditsmart.app               W  âš ï¸ Erro ao registrar FCM token: User not authenticated
2026-01-29 15:41:07.373 30950-30950 TermsAcceptanceStorage  com.cdccreditsmart.app               D  hasAcceptedTermsForContract(QJ3H4MKG): false (saved: null)
2026-01-29 15:41:07.373 30950-30950 RouterViewModel         com.cdccreditsmart.app               D  ğŸ“„ Termos NÃƒO aceitos - Ir para TERMS_ACCEPTANCE
2026-01-29 15:41:07.374 30950-30950 CdcForegroundService    com.cdccreditsmart.app               D  ğŸš€ ServiÃ§o onStartCommand() - Action: com.cdccreditsmart.app.START_SERVICE
2026-01-29 15:41:07.385 30950-30950 CdcForegroundService    com.cdccreditsmart.app               I  âœ… Foreground Service ativo (Android 12+)
2026-01-29 15:41:07.386 30950-31043 CdcForegroundService    com.cdccreditsmart.app               I  ğŸ”§ ========================================
2026-01-29 15:41:07.386 30950-31043 CdcForegroundService    com.cdccreditsmart.app               I  ğŸ”§ INICIANDO initializeServices()...
2026-01-29 15:41:07.386 30950-31043 CdcForegroundService    com.cdccreditsmart.app               I  ğŸ”§ ========================================
2026-01-29 15:41:07.386 30950-31043 CdcForegroundService    com.cdccreditsmart.app               D  âœ… ServiÃ§os base jÃ¡ inicializados
2026-01-29 15:41:07.510 30950-31045 NetworkConnectivity     com.cdccreditsmart.app               D  âœ… Conectado via WiFi com internet
2026-01-29 15:41:07.512 30950-31045 SupportRepository       com.cdccreditsmart.app               I  ğŸ“¡ Buscando termos do servidor (version=latest)...
2026-01-29 15:41:07.896 30950-31043 SecureTokenStorage      com.cdccreditsmart.app               D  âœ… Usando IMEI para MDM: 8608***718
2026-01-29 15:41:07.896 30950-31043 CdcForegroundService    com.cdccreditsmart.app               I  ğŸ” AuthToken presente: false
2026-01-29 15:41:07.896 30950-31043 CdcForegroundService    com.cdccreditsmart.app               I  ğŸ” AuthToken length: 0
2026-01-29 15:41:07.896 30950-31043 CdcForegroundService    com.cdccreditsmart.app               I  ğŸ” ContractCode presente: true
2026-01-29 15:41:07.896 30950-31043 CdcForegroundService    com.cdccreditsmart.app               I  ğŸ” ContractCode value: QJ3H****
2026-01-29 15:41:07.896 30950-31043 CdcForegroundService    com.cdccreditsmart.app               I  ğŸ” MDM SerialNumber presente: true
2026-01-29 15:41:07.896 30950-31043 CdcForegroundService    com.cdccreditsmart.app               I  ğŸ” MDM SerialNumber value: 86087507...
2026-01-29 15:41:07.896 30950-31043 CdcForegroundService    com.cdccreditsmart.app               I  ğŸ“± ========================================
2026-01-29 15:41:07.896 30950-31043 CdcForegroundService    com.cdccreditsmart.app               I  ğŸ“± AGUARDANDO PAIRING - MDM EM STANDBY
2026-01-29 15:41:07.896 30950-31043 CdcForegroundService    com.cdccreditsmart.app               I  ğŸ“± O usuÃ¡rio ainda nÃ£o fez o pareamento inicial
2026-01-29 15:41:07.896 30950-31043 CdcForegroundService    com.cdccreditsmart.app               I  ğŸ“± ServiÃ§os MDM serÃ£o ativados apÃ³s inserir cÃ³digo do contrato
2026-01-29 15:41:07.896 30950-31043 CdcForegroundService    com.cdccreditsmart.app               I  ğŸ“± NOTA: isMdmInitialized permanece FALSE para permitir reinicializaÃ§Ã£o
2026-01-29 15:41:07.896 30950-31043 CdcForegroundService    com.cdccreditsmart.app               I  ğŸ“± ========================================
2026-01-29 15:41:08.567 30950-31337 okhttp.OkHttpClient     com.cdccreditsmart.app               I  --> GET https://cdccreditsmart.com/v1/contract/terms?version=latest
2026-01-29 15:41:08.567 30950-31337 okhttp.OkHttpClient     com.cdccreditsmart.app               I  --> END GET
2026-01-29 15:41:09.443 30950-31337 okhttp.OkHttpClient     com.cdccreditsmart.app               I  <-- 200 https://cdccreditsmart.com/v1/contract/terms?version=latest (875ms)
2026-01-29 15:41:09.443 30950-31337 okhttp.OkHttpClient     com.cdccreditsmart.app               I  access-control-allow-credentials: true
2026-01-29 15:41:09.443 30950-31337 okhttp.OkHttpClient     com.cdccreditsmart.app               I  access-control-allow-headers: Origin, X-Requested-With, Content-Type, Accept, Authorization, x-client-key, x-client-token, x-client-secret, cache-control
2026-01-29 15:41:09.444 30950-31337 okhttp.OkHttpClient     com.cdccreditsmart.app               I  access-control-allow-methods: GET, POST, PUT, PATCH, DELETE, OPTIONS
2026-01-29 15:41:09.444 30950-31337 okhttp.OkHttpClient     com.cdccreditsmart.app               I  access-control-allow-origin: *
2026-01-29 15:41:09.444 30950-31337 okhttp.OkHttpClient     com.cdccreditsmart.app               I  access-control-max-age: 86400
2026-01-29 15:41:09.444 30950-31337 okhttp.OkHttpClient     com.cdccreditsmart.app               I  content-length: 44554
