2025-12-06 15:02:20.100 26943-29386 SettingsGuardService    com.cdccreditsmart.app               D  ðŸ“‹ Activity check - Full: com.android.launcher3.uioverrides.QuickstepLauncher, Simple: QuickstepLauncher
2025-12-06 15:02:20.710 26943-29386 SettingsGuardService    com.cdccreditsmart.app               D  ðŸ“‹ Activity check - Full: com.transsion.settings.homepage.SettingsHomeActivity, Simple: SettingsHomeActivity
2025-12-06 15:02:20.726 26943-29386 SettingsGuardService    com.cdccreditsmart.app               D  ðŸ“‹ Activity em Settings (permitida): com.transsion.settings.homepage.SettingsHomeActivity
2025-12-06 15:02:20.726 26943-29386 SettingsGuardService    com.cdccreditsmart.app               D     Pacote: com.android.settings
2025-12-06 15:02:21.329 26943-29386 SettingsGuardService    com.cdccreditsmart.app               D  ðŸ“‹ Activity check - Full: com.transsion.settings.homepage.SettingsHomeActivity, Simple: SettingsHomeActivity
2025-12-06 15:02:21.342 26943-29386 SettingsGuardService    com.cdccreditsmart.app               D  ðŸ“‹ Activity em Settings (permitida): com.transsion.settings.homepage.SettingsHomeActivity
2025-12-06 15:02:21.342 26943-29386 SettingsGuardService    com.cdccreditsmart.app               D     Pacote: com.android.settings
2025-12-06 15:02:21.437 26943-31498 FA                      com.cdccreditsmart.app               I  Application backgrounded at: timestamp_millis: 1765044139435
2025-12-06 15:02:21.946 26943-29386 SettingsGuardService    com.cdccreditsmart.app               D  ðŸ“‹ Activity check - Full: com.transsion.settings.homepage.SettingsHomeActivity, Simple: SettingsHomeActivity
2025-12-06 15:02:21.963 26943-29386 SettingsGuardService    com.cdccreditsmart.app               D  ðŸ“‹ Activity em Settings (permitida): com.transsion.settings.homepage.SettingsHomeActivity
2025-12-06 15:02:21.963 26943-29386 SettingsGuardService    com.cdccreditsmart.app               D     Pacote: com.android.settings
2025-12-06 15:02:22.566 26943-29386 SettingsGuardService    com.cdccreditsmart.app               D  ðŸ“‹ Activity check - Full: com.android.settings.Settings$SecurityDashboardActivity, Simple: SecurityDashboardActivity
2025-12-06 15:02:22.566 26943-29386 SettingsGuardService    com.cdccreditsmart.app               I  âœ… Tela de Senha/SeguranÃ§a PERMITIDA: SecurityDashboardActivity
2025-12-06 15:02:22.566 26943-29386 SettingsGuardService    com.cdccreditsmart.app               D     Activity completa: com.android.settings.Settings$SecurityDashboardActivity
2025-12-06 15:02:22.566 26943-29386 SettingsGuardService    com.cdccreditsmart.app               D     UsuÃ¡rio pode alterar senha/biometria do dispositivo
2025-12-06 15:02:23.168 26943-29386 SettingsGuardService    com.cdccreditsmart.app               D  ðŸ“‹ Activity check - Full: com.android.settings.Settings$SecurityDashboardActivity, Simple: SecurityDashboardActivity
2025-12-06 15:02:23.169 26943-29386 SettingsGuardService    com.cdccreditsmart.app               I  âœ… Tela de Senha/SeguranÃ§a PERMITIDA: SecurityDashboardActivity
2025-12-06 15:02:23.169 26943-29386 SettingsGuardService    com.cdccreditsmart.app               D     Activity completa: com.android.settings.Settings$SecurityDashboardActivity
2025-12-06 15:02:23.169 26943-29386 SettingsGuardService    com.cdccreditsmart.app               D     UsuÃ¡rio pode alterar senha/biometria do dispositivo
2025-12-06 15:02:23.772 26943-29386 SettingsGuardService    com.cdccreditsmart.app               D  ðŸ“‹ Activity check - Full: com.android.settings.Settings$SecurityDashboardActivity, Simple: SecurityDashboardActivity
2025-12-06 15:02:23.772 26943-29386 SettingsGuardService    com.cdccreditsmart.app               I  âœ… Tela de Senha/SeguranÃ§a PERMITIDA: SecurityDashboardActivity
2025-12-06 15:02:23.773 26943-29386 SettingsGuardService    com.cdccreditsmart.app               D     Activity completa: com.android.settings.Settings$SecurityDashboardActivity
2025-12-06 15:02:23.773 26943-29386 SettingsGuardService    com.cdccreditsmart.app               D     UsuÃ¡rio pode alterar senha/biometria do dispositivo
2025-12-06 15:02:27.387 26943-29386 SettingsGuardService    com.cdccreditsmart.app               D  ðŸ“‹ Activity check - Full: com.transsion.applock.activity.ChooseLockActivity, Simple: ChooseLockActivity
2025-12-06 15:02:27.387 26943-29386 SettingsGuardService    com.cdccreditsmart.app               I  âœ… Tela de Senha/SeguranÃ§a PERMITIDA: ChooseLockActivity
2025-12-06 15:02:27.387 26943-29386 SettingsGuardService    com.cdccreditsmart.app               D     Activity completa: com.transsion.applock.activity.ChooseLockActivity
2025-12-06 15:02:27.387 26943-29386 SettingsGuardService    com.cdccreditsmart.app               D     UsuÃ¡rio pode alterar senha/biometria do dispositivo
2025-12-06 15:02:27.990 26943-29386 SettingsGuardService    com.cdccreditsmart.app               D  ðŸ“‹ Activity check - Full: com.transsion.applock.activity.ChooseLockActivity, Simple: ChooseLockActivity
2025-12-06 15:02:27.990 26943-29386 SettingsGuardService    com.cdccreditsmart.app               I  âœ… Tela de Senha/SeguranÃ§a PERMITIDA: ChooseLockActivity
2025-12-06 15:02:27.991 26943-29386 SettingsGuardService    com.cdccreditsmart.app               D     Activity completa: com.transsion.applock.activity.ChooseLockActivity
2025-12-06 15:02:27.991 26943-29386 SettingsGuardService    com.cdccreditsmart.app               D     UsuÃ¡rio pode alterar senha/biometria do dispositivo
2025-12-06 15:02:28.594 26943-29386 SettingsGuardService    com.cdccreditsmart.app               D  ðŸ“‹ Activity check - Full: com.android.settings.Settings$SecurityDashboardActivity, Simple: SecurityDashboardActivity
2025-12-06 15:02:28.595 26943-29386 SettingsGuardService    com.cdccreditsmart.app               I  âœ… Tela de Senha/SeguranÃ§a PERMITIDA: SecurityDashboardActivity
2025-12-06 15:02:28.596 26943-29386 SettingsGuardService    com.cdccreditsmart.app               D     Activity completa: com.android.settings.Settings$SecurityDashboardActivity
2025-12-06 15:02:28.596 26943-29386 SettingsGuardService    com.cdccreditsmart.app               D     UsuÃ¡rio pode alterar senha/biometria do dispositivo
2025-12-06 15:02:29.199 26943-29386 SettingsGuardService    com.cdccreditsmart.app               D  ðŸ“‹ Activity check - Full: com.android.settings.Settings$SecurityDashboardActivity, Simple: SecurityDashboardActivity
2025-12-06 15:02:29.200 26943-29386 SettingsGuardService    com.cdccreditsmart.app               I  âœ… Tela de Senha/SeguranÃ§a PERMITIDA: SecurityDashboardActivity
2025-12-06 15:02:29.200 26943-29386 SettingsGuardService    com.cdccreditsmart.app               D     Activity completa: com.android.settings.Settings$SecurityDashboardActivity
2025-12-06 15:02:29.200 26943-29386 SettingsGuardService    com.cdccreditsmart.app               D     UsuÃ¡rio pode alterar senha/biometria do dispositivo
2025-12-06 15:02:29.803 26943-29386 SettingsGuardService    com.cdccreditsmart.app               D  ðŸ“‹ Activity check - Full: com.android.settings.SubSettings, Simple: SubSettings
2025-12-06 15:02:29.815 26943-29386 SettingsGuardService    com.cdccreditsmart.app               D  ðŸ“‹ SubSettings detectado (navegaÃ§Ã£o permitida)
2025-12-06 15:02:29.815 26943-29386 SettingsGuardService    com.cdccreditsmart.app               D     Pacote: com.android.settings
2025-12-06 15:02:29.815 26943-29386 SettingsGuardService    com.cdccreditsmart.app               D     NOTA: NÃ£o veio de caminho perigoso
2025-12-06 15:02:29.815 26943-29386 SettingsGuardService    com.cdccreditsmart.app               D  ðŸ“‹ Activity em Settings (permitida): com.android.settings.SubSettings
2025-12-06 15:02:29.816 26943-29386 SettingsGuardService    com.cdccreditsmart.app               D     Pacote: com.android.settings
2025-12-06 15:02:30.418 26943-29386 SettingsGuardService    com.cdccreditsmart.app               D  ðŸ“‹ Activity check - Full: com.android.settings.SubSettings, Simple: SubSettings
2025-12-06 15:02:30.424 26943-29386 SettingsGuardService    com.cdccreditsmart.app               D  ðŸ“‹ SubSettings detectado (navegaÃ§Ã£o permitida)
2025-12-06 15:02:30.424 26943-29386 SettingsGuardService    com.cdccreditsmart.app               D     Pacote: com.android.settings
2025-12-06 15:02:30.424 26943-29386 SettingsGuardService    com.cdccreditsmart.app               D     NOTA: NÃ£o veio de caminho perigoso
2025-12-06 15:02:30.424 26943-29386 SettingsGuardService    com.cdccreditsmart.app               D  ðŸ“‹ Activity em Settings (permitida): com.android.settings.SubSettings
2025-12-06 15:02:30.424 26943-29386 SettingsGuardService    com.cdccreditsmart.app               D     Pacote: com.android.settings
2025-12-06 15:02:31.027 26943-29386 SettingsGuardService    com.cdccreditsmart.app               D  ðŸ“‹ Activity check - Full: com.android.settings.SubSettings, Simple: SubSettings
2025-12-06 15:02:31.039 26943-29386 SettingsGuardService    com.cdccreditsmart.app               D  ðŸ“‹ SubSettings detectado (navegaÃ§Ã£o permitida)
2025-12-06 15:02:31.039 26943-29386 SettingsGuardService    com.cdccreditsmart.app               D     Pacote: com.android.settings
2025-12-06 15:02:31.039 26943-29386 SettingsGuardService    com.cdccreditsmart.app               D     NOTA: NÃ£o veio de caminho perigoso
2025-12-06 15:02:31.039 26943-29386 SettingsGuardService    com.cdccreditsmart.app               D  ðŸ“‹ Activity em Settings (permitida): com.android.settings.SubSettings
2025-12-06 15:02:31.039 26943-29386 SettingsGuardService    com.cdccreditsmart.app               D     Pacote: com.android.settings
2025-12-06 15:02:31.641 26943-29386 SettingsGuardService    com.cdccreditsmart.app               D  ðŸ“‹ Activity check - Full: com.android.settings.SubSettings, Simple: SubSettings
2025-12-06 15:02:31.645 26943-29386 SettingsGuardService    com.cdccreditsmart.app               D  ðŸ“‹ SubSettings detectado (navegaÃ§Ã£o permitida)
2025-12-06 15:02:31.645 26943-29386 SettingsGuardService    com.cdccreditsmart.app               D     Pacote: com.android.settings
2025-12-06 15:02:31.645 26943-29386 SettingsGuardService    com.cdccreditsmart.app               D     NOTA: NÃ£o veio de caminho perigoso
2025-12-06 15:02:31.645 26943-29386 SettingsGuardService    com.cdccreditsmart.app               D  ðŸ“‹ Activity em Settings (permitida): com.android.settings.SubSettings
2025-12-06 15:02:31.645 26943-29386 SettingsGuardService    com.cdccreditsmart.app               D     Pacote: com.android.settings
2025-12-06 15:02:32.247 26943-29386 SettingsGuardService    com.cdccreditsmart.app               D  ðŸ“‹ Activity check - Full: com.android.settings.SubSettings, Simple: SubSettings
2025-12-06 15:02:32.251 26943-29386 SettingsGuardService    com.cdccreditsmart.app               D  ðŸ“‹ SubSettings detectado (navegaÃ§Ã£o permitida)
2025-12-06 15:02:32.251 26943-29386 SettingsGuardService    com.cdccreditsmart.app               D     Pacote: com.android.settings
2025-12-06 15:02:32.251 26943-29386 SettingsGuardService    com.cdccreditsmart.app               D     NOTA: NÃ£o veio de caminho perigoso
2025-12-06 15:02:32.252 26943-29386 SettingsGuardService    com.cdccreditsmart.app               D  ðŸ“‹ Activity em Settings (permitida): com.android.settings.SubSettings
2025-12-06 15:02:32.252 26943-29386 SettingsGuardService    com.cdccreditsmart.app               D     Pacote: com.android.settings
2025-12-06 15:02:32.855 26943-29386 SettingsGuardService    com.cdccreditsmart.app               D  ðŸ“‹ Activity check - Full: com.android.settings.SubSettings, Simple: SubSettings
2025-12-06 15:02:32.864 26943-29386 SettingsGuardService    com.cdccreditsmart.app               D  ðŸ“‹ SubSettings detectado (navegaÃ§Ã£o permitida)
2025-12-06 15:02:32.864 26943-29386 SettingsGuardService    com.cdccreditsmart.app               D     Pacote: com.android.settings
2025-12-06 15:02:32.864 26943-29386 SettingsGuardService    com.cdccreditsmart.app               D     NOTA: NÃ£o veio de caminho perigoso
2025-12-06 15:02:32.865 26943-29386 SettingsGuardService    com.cdccreditsmart.app               D  ðŸ“‹ Activity em Settings (permitida): com.android.settings.SubSettings
2025-12-06 15:02:32.865 26943-29386 SettingsGuardService    com.cdccreditsmart.app               D     Pacote: com.android.settings
2025-12-06 15:02:33.468 26943-29386 SettingsGuardService    com.cdccreditsmart.app               D  ðŸ“‹ Activity check - Full: com.android.settings.SubSettings, Simple: SubSettings
2025-12-06 15:02:33.470 26943-29386 SettingsGuardService    com.cdccreditsmart.app               D  ðŸ“‹ SubSettings detectado (navegaÃ§Ã£o permitida)
2025-12-06 15:02:33.470 26943-29386 SettingsGuardService    com.cdccreditsmart.app               D     Pacote: com.android.settings
2025-12-06 15:02:33.470 26943-29386 SettingsGuardService    com.cdccreditsmart.app               D     NOTA: NÃ£o veio de caminho perigoso
2025-12-06 15:02:33.470 26943-29386 SettingsGuardService    com.cdccreditsmart.app               D  ðŸ“‹ Activity em Settings (permitida): com.android.settings.SubSettings
2025-12-06 15:02:33.470 26943-29386 SettingsGuardService    com.cdccreditsmart.app               D     Pacote: com.android.settings
2025-12-06 15:02:34.078 26943-29386 SettingsGuardService    com.cdccreditsmart.app               D  ðŸ“‹ Activity check - Full: com.android.settings.SubSettings, Simple: SubSettings
2025-12-06 15:02:34.085 26943-29386 SettingsGuardService    com.cdccreditsmart.app               D  ðŸ“‹ SubSettings detectado (navegaÃ§Ã£o permitida)
2025-12-06 15:02:34.085 26943-29386 SettingsGuardService    com.cdccreditsmart.app               D     Pacote: com.android.settings
2025-12-06 15:02:34.085 26943-29386 SettingsGuardService    com.cdccreditsmart.app               D     NOTA: NÃ£o veio de caminho perigoso
2025-12-06 15:02:34.086 26943-29386 SettingsGuardService    com.cdccreditsmart.app               D  ðŸ“‹ Activity em Settings (permitida): com.android.settings.SubSettings
2025-12-06 15:02:34.086 26943-29386 SettingsGuardService    com.cdccreditsmart.app               D     Pacote: com.android.settings
2025-12-06 15:02:34.689 26943-29386 SettingsGuardService    com.cdccreditsmart.app               D  ðŸ“‹ Activity check - Full: com.android.settings.applications.specialaccess.deviceadmin.DeviceAdminAdd, Simple: DeviceAdminAdd
2025-12-06 15:02:34.695 26943-29386 SettingsGuardService    com.cdccreditsmart.app               W  ðŸŽ¯ ATIVIDADE PERIGOSA DETECTADA!
2025-12-06 15:02:34.696 26943-29386 SettingsGuardService    com.cdccreditsmart.app               W     Pacote: com.android.settings
2025-12-06 15:02:34.696 26943-29386 SettingsGuardService    com.cdccreditsmart.app               W     Activity completa: com.android.settings.applications.specialaccess.deviceadmin.DeviceAdminAdd
2025-12-06 15:02:34.696 26943-29386 SettingsGuardService    com.cdccreditsmart.app               W     Activity simplificada: DeviceAdminAdd
2025-12-06 15:02:34.696 26943-29386 SettingsGuardService    com.cdccreditsmart.app               W     Match: DeviceAdminAdd
2025-12-06 15:02:34.696 26943-29386 SettingsGuardService    com.cdccreditsmart.app               W  ðŸš¨ ÃREA PERIGOSA DETECTADA!
2025-12-06 15:02:34.696 26943-29386 SettingsGuardService    com.cdccreditsmart.app               W     Pacote: com.android.settings
2025-12-06 15:02:34.696 26943-29386 SettingsGuardService    com.cdccreditsmart.app               W     Atividade: com.android.settings.applications.specialaccess.deviceadmin.DeviceAdminAdd
2025-12-06 15:02:34.696 26943-29386 SettingsGuardService    com.cdccreditsmart.app               W     Chamando app para foreground...
2025-12-06 15:02:34.711 26943-26943 SettingsGuardService    com.cdccreditsmart.app               D  ðŸ  Enviado para Home primeiro (fecha Settings)
2025-12-06 15:02:34.874 26943-26943 SettingsGuardService    com.cdccreditsmart.app               I  âœ… App trazido para foreground
2025-12-06 15:02:34.874 26943-26943 ActivityThread          com.cdccreditsmart.app               D  mToDestroying.remove:ActivityRecord{b16ab31 token=android.os.BinderProxy@ea26643 {com.cdccreditsmart.app/com.cdccreditsmart.app.presentation.MainActivity}}
2025-12-06 15:02:34.900 26943-26943 MainActivity            com.cdccreditsmart.app               D  ðŸ“ BroadcastReceiver de localizaÃ§Ã£o desregistrado
2025-12-06 15:02:34.901 26943-26943 WindowOnBackDispatcher  com.cdccreditsmart.app               W  sendCancelIfRunning: isInProgress=false callback=android.app.Activity$$ExternalSyntheticLambda0@5a0f299
2025-12-06 15:02:34.903 26943-26943 View                    com.cdccreditsmart.app               D  [Warning] assignParent to null: this = DecorView@728b2e5[MainActivity]
2025-12-06 15:02:35.114 26943-29386 SettingsGuardService    com.cdccreditsmart.app               D  ðŸ“‹ Activity check - Full: com.android.settings.applications.specialaccess.deviceadmin.DeviceAdminAdd, Simple: DeviceAdminAdd
2025-12-06 15:02:35.120 26943-29386 SettingsGuardService    com.cdccreditsmart.app               W  ðŸŽ¯ ATIVIDADE PERIGOSA DETECTADA!
2025-12-06 15:02:35.120 26943-29386 SettingsGuardService    com.cdccreditsmart.app               W     Pacote: com.android.settings
2025-12-06 15:02:35.120 26943-29386 SettingsGuardService    com.cdccreditsmart.app               W     Activity completa: com.android.settings.applications.specialaccess.deviceadmin.DeviceAdminAdd
2025-12-06 15:02:35.120 26943-29386 SettingsGuardService    com.cdccreditsmart.app               W     Activity simplificada: DeviceAdminAdd
2025-12-06 15:02:35.120 26943-29386 SettingsGuardService    com.cdccreditsmart.app               W     Match: DeviceAdminAdd
2025-12-06 15:02:35.120 26943-29386 SettingsGuardService    com.cdccreditsmart.app               W  ðŸš¨ ÃREA PERIGOSA DETECTADA!
2025-12-06 15:02:35.121 26943-29386 SettingsGuardService    com.cdccreditsmart.app               W     Pacote: com.android.settings
2025-12-06 15:02:35.121 26943-29386 SettingsGuardService    com.cdccreditsmart.app               W     Atividade: com.android.settings.applications.specialaccess.deviceadmin.DeviceAdminAdd
2025-12-06 15:02:35.121 26943-29386 SettingsGuardService    com.cdccreditsmart.app               W     Chamando app para foreground...
2025-12-06 15:02:35.126 26943-26943 SettingsGuardService    com.cdccreditsmart.app               D  ðŸ  Enviado para Home primeiro (fecha Settings)
2025-12-06 15:02:35.286 26943-26943 SettingsGuardService    com.cdccreditsmart.app               I  âœ… App trazido para foreground
2025-12-06 15:02:35.530 26943-29386 SettingsGuardService    com.cdccreditsmart.app               D  ðŸ“‹ Activity check - Full: com.android.settings.applications.specialaccess.deviceadmin.DeviceAdminAdd, Simple: DeviceAdminAdd
2025-12-06 15:02:35.536 26943-29386 SettingsGuardService    com.cdccreditsmart.app               W  ðŸŽ¯ ATIVIDADE PERIGOSA DETECTADA!
2025-12-06 15:02:35.536 26943-29386 SettingsGuardService    com.cdccreditsmart.app               W     Pacote: com.android.settings
2025-12-06 15:02:35.536 26943-29386 SettingsGuardService    com.cdccreditsmart.app               W     Activity completa: com.android.settings.applications.specialaccess.deviceadmin.DeviceAdminAdd
2025-12-06 15:02:35.536 26943-29386 SettingsGuardService    com.cdccreditsmart.app               W     Activity simplificada: DeviceAdminAdd
2025-12-06 15:02:35.536 26943-29386 SettingsGuardService    com.cdccreditsmart.app               W     Match: DeviceAdminAdd
2025-12-06 15:02:35.537 26943-29386 SettingsGuardService    com.cdccreditsmart.app               W  ðŸš¨ ÃREA PERIGOSA DETECTADA!
2025-12-06 15:02:35.537 26943-29386 SettingsGuardService    com.cdccreditsmart.app               W     Pacote: com.android.settings
2025-12-06 15:02:35.537 26943-29386 SettingsGuardService    com.cdccreditsmart.app               W     Atividade: com.android.settings.applications.specialaccess.deviceadmin.DeviceAdminAdd
2025-12-06 15:02:35.537 26943-29386 SettingsGuardService    com.cdccreditsmart.app               W     Chamando app para foreground...
2025-12-06 15:02:35.543 26943-26943 SettingsGuardService    com.cdccreditsmart.app               D  ðŸ  Enviado para Home primeiro (fecha Settings)
2025-12-06 15:02:35.712 26943-26943 SettingsGuardService    com.cdccreditsmart.app               I  âœ… App trazido para foreground
2025-12-06 15:02:35.737 26943-31577 libMEOW                 com.cdccreditsmart.app               D  meow new tls: 0xb400007672c93200
2025-12-06 15:02:35.737 26943-31577 libMEOW                 com.cdccreditsmart.app               D  applied 1 plugins for [com.cdccreditsmart.app]:
2025-12-06 15:02:35.737 26943-31577 libMEOW                 com.cdccreditsmart.app               D    plugin 1: [libMEOW_gift.so]: 0xb400007592aab840
2025-12-06 15:02:35.737 26943-31577 libMEOW                 com.cdccreditsmart.app               D  rebuild call chain: 0xb400007672ce3250
2025-12-06 15:02:35.737 26943-31577 libMEOW                 com.cdccreditsmart.app               D  meow delete tls: 0xb400007672c93200
2025-12-06 15:02:35.765 26943-26943 ActivityThread          com.cdccreditsmart.app               D  ++ activityComponent:com.cdccreditsmart.app/com.cdccreditsmart.app.presentation.MainActivity counts:1 ALEAK_CLEAR_SUPPORT:true
2025-12-06 15:02:35.777 26943-26943 MainActivity            com.cdccreditsmart.app               D  ðŸ“ BroadcastReceiver de localizaÃ§Ã£o registrado
2025-12-06 15:02:35.779 26943-26943 MainActivity            com.cdccreditsmart.app               I  ========================================
2025-12-06 15:02:35.779 26943-26943 MainActivity            com.cdccreditsmart.app               I  ðŸ“± SOLICITANDO PERMISSÃ•ES (NÃƒO DEVICE OWNER)
2025-12-06 15:02:35.779 26943-26943 MainActivity            com.cdccreditsmart.app               I  ========================================
2025-12-06 15:02:35.781 26943-29386 PersistentStateManager  com.cdccreditsmart.app               D  Nenhum estado local encontrado
2025-12-06 15:02:35.781 26943-29386 PersistentStateManager  com.cdccreditsmart.app               D  ðŸ†• Sem estado local - device novo ou pÃ³s factory reset
2025-12-06 15:02:35.781 26943-29386 MainActivity            com.cdccreditsmart.app               I  ðŸ†• Device nunca foi provisionado
2025-12-06 15:02:35.783 26943-26943 MainActivity            com.cdccreditsmart.app               I  âœ… Todas as runtime permissions jÃ¡ foram concedidas!
2025-12-06 15:02:35.783 26943-26943 SpecialPermissionReq    com.cdccreditsmart.app               I  ========================================
2025-12-06 15:02:35.783 26943-26943 SpecialPermissionReq    com.cdccreditsmart.app               I  ðŸ“Š STATUS DAS PERMISSÃ•ES ESPECIAIS
2025-12-06 15:02:35.783 26943-26943 SpecialPermissionReq    com.cdccreditsmart.app               I  ========================================
2025-12-06 15:02:35.783 26943-26943 SpecialPermissionReq    com.cdccreditsmart.app               I    USAGE_STATS: âœ… CONCEDIDA
2025-12-06 15:02:35.784 26943-26943 SpecialPermissionReq    com.cdccreditsmart.app               I    OVERLAY: âœ… CONCEDIDA
2025-12-06 15:02:35.785 26943-26943 SpecialPermissionReq    com.cdccreditsmart.app               I  
2025-12-06 15:02:35.785 26943-26943 SpecialPermissionReq    com.cdccreditsmart.app               I  âœ… Todas as permissÃµes especiais concedidas!
2025-12-06 15:02:35.785 26943-26943 SpecialPermissionReq    com.cdccreditsmart.app               I     ProteÃ§Ã£o anti-desinstalaÃ§Ã£o ativa.
2025-12-06 15:02:35.785 26943-26943 SpecialPermissionReq    com.cdccreditsmart.app               I  ========================================
2025-12-06 15:02:35.785 26943-26943 MainActivity            com.cdccreditsmart.app               I  âœ… Todas as permissÃµes especiais jÃ¡ foram concedidas!
2025-12-06 15:02:35.793 26943-26943 ActivityThread          com.cdccreditsmart.app               D  handleResumeActivity#3 r.window=nulla.mFinished = falsewillBeVisible = true
2025-12-06 15:02:35.793 26943-26943 ActivityThread          com.cdccreditsmart.app               D  handleResumeActivity#4 addView a.mVisibleFromClient=truea.mWindowAdded=falsedecor=DecorView@c4ef180[]
2025-12-06 15:02:35.793 26943-26943 ActivityThread          com.cdccreditsmart.app               D  handleResumeActivity#5 addView decor=DecorView@c4ef180[]
2025-12-06 15:02:35.803 26943-26943 VRI[MainActivity]       com.cdccreditsmart.app               D  hardware acceleration = true, forceHwAccelerated = false
2025-12-06 15:02:35.805 26943-26943 ViewRootImpl            com.cdccreditsmart.app               D  setView appearance:24 com.cdccreditsmart.app/com.cdccreditsmart.app.presentation.MainActivity
2025-12-06 15:02:35.818 26943-26943 InputEventReceiver      com.cdccreditsmart.app               D  Input log is disabled in InputEventReceiver.
2025-12-06 15:02:35.923 26943-26943 BufferQueueConsumer     com.cdccreditsmart.app               D  [](id:693f00000006,api:0,p:-1,c:26943) connect: controlledByApp=false
2025-12-06 15:02:35.923 26943-26943 BLASTBufferQueue        com.cdccreditsmart.app               D  [VRI[MainActivity]#6](f:0,a:0) constructor()
2025-12-06 15:02:35.923 26943-26943 BLASTBufferQueue        com.cdccreditsmart.app               D  [VRI[MainActivity]#6](f:0,a:0) update width=1080 height=2436 format=-3 mTransformHint=0
2025-12-06 15:02:35.942 26943-29345 BLASTBufferQueue        com.cdccreditsmart.app               D  [VRI[MainActivity]#6](f:0,a:1) acquireNextBufferLocked size=1080x2436 mFrameNumber=1 applyTransaction=true mTimestamp=119438991766195(auto) mPendingTransactions.size=0 graphicBufferId=115719303856169 transform=0
2025-12-06 15:02:35.944 26943-26943 Choreographer           com.cdccreditsmart.app               W  Already have a pending vsync event.  There should only be one at a time.
2025-12-06 15:02:35.947 26943-26943 PermissionGateScreen    com.cdccreditsmart.app               I  ðŸ” VERIFICAÃ‡ÃƒO INICIAL DE PERMISSÃ•ES:
2025-12-06 15:02:35.947 26943-26943 PermissionGateScreen    com.cdccreditsmart.app               I     NÃ­vel: DEVICE_ADMIN
2025-12-06 15:02:35.947 26943-26943 PermissionGateScreen    com.cdccreditsmart.app               I     Todas concedidas: true
2025-12-06 15:02:35.947 26943-29386 SettingsGuardService    com.cdccreditsmart.app               D  ðŸ“‹ Activity check - Full: com.cdccreditsmart.app.presentation.MainActivity, Simple: MainActivity
2025-12-06 15:02:35.948 26943-26943 PermissionGateScreen    com.cdccreditsmart.app               I     Bateria isenta: true
2025-12-06 15:02:35.948 26943-26943 PermissionGateScreen    com.cdccreditsmart.app               I     âœ… OK: Administrador do Dispositivo
2025-12-06 15:02:35.948 26943-26943 PermissionGateScreen    com.cdccreditsmart.app               I     âœ… OK: PermissÃµes BÃ¡sicas
2025-12-06 15:02:35.948 26943-26943 PermissionGateScreen    com.cdccreditsmart.app               I     âœ… OK: Monitoramento de Apps
2025-12-06 15:02:35.948 26943-26943 PermissionGateScreen    com.cdccreditsmart.app               I     âœ… OK: Mostrar Alertas
2025-12-06 15:02:35.948 26943-26943 PermissionGateScreen    com.cdccreditsmart.app               I     âœ… OK: ExecuÃ§Ã£o em Segundo Plano
2025-12-06 15:02:35.948 26943-26943 PermissionGateScreen    com.cdccreditsmart.app               I  âœ… TODAS AS PERMISSÃ•ES JÃ CONCEDIDAS - navegando imediatamente
2025-12-06 15:02:35.948 26943-26943 SettingsGuardService    com.cdccreditsmart.app               I  â–¶ï¸ Guard RETOMADO apÃ³s fluxo de permissÃµes
2025-12-06 15:02:35.950 26943-29386 SettingsGuardService    com.cdccreditsmart.app               I  âœ… App CDC em foreground - resetando contador
2025-12-06 15:02:36.004 26943-26943 DeviceOwnerCheckVM      com.cdccreditsmart.app               I  ========================================
2025-12-06 15:02:36.004 26943-26943 DeviceOwnerCheckVM      com.cdccreditsmart.app               I  ðŸ” Verificando status de Device Owner...
2025-12-06 15:02:36.032 26943-26943 InsetsController        com.cdccreditsmart.app               I  Insets animation onAnimationStart mShow:false, mDurationMs:340, types:statusBars
2025-12-06 15:02:36.394 26943-26943 InsetsController        com.cdccreditsmart.app               I  Insets animation onAnimationEnd
2025-12-06 15:02:36.505 26943-26943 DeviceUtils             com.cdccreditsmart.app               D  Device Owner check: false
2025-12-06 15:02:36.505 26943-26943 DeviceUtils             com.cdccreditsmart.app               D  Samsung device: false (Manufacturer: INFINIX)
2025-12-06 15:02:36.505 26943-26943 DeviceOwnerCheckVM      com.cdccreditsmart.app               W  âš ï¸ MODO DEBUG: UsuÃ¡rio jÃ¡ pulou provisionamento anteriormente
2025-12-06 15:02:36.505 26943-26943 DeviceOwnerCheckVM      com.cdccreditsmart.app               W  âš ï¸ Permitindo acesso sem Device Owner (decisÃ£o memorizada)
2025-12-06 15:02:36.505 26943-26943 DeviceOwnerCheckVM      com.cdccreditsmart.app               I  ========================================
2025-12-06 15:02:36.553 26943-29386 SettingsGuardService    com.cdccreditsmart.app               D  ðŸ“‹ Activity check - Full: com.cdccreditsmart.app.presentation.MainActivity, Simple: MainActivity
2025-12-06 15:02:36.673 26943-26943 RouterViewModel         com.cdccreditsmart.app               D  ðŸš€ Iniciando verificaÃ§Ã£o de autenticaÃ§Ã£o...
2025-12-06 15:02:36.673 26943-29386 AuthOrchestrator        com.cdccreditsmart.app               D  ðŸ” Verificando autenticaÃ§Ã£o...
2025-12-06 15:02:36.676 26943-29386 AuthOrchestrator        com.cdccreditsmart.app               D  ðŸŒ Conectividade: ONLINE
2025-12-06 15:02:36.676 26943-29386 AuthOrchestrator        com.cdccreditsmart.app               D  ðŸ”„ ========== AUTO-DISCOVERY INICIADO ==========
2025-12-06 15:02:36.680 26943-29386 DeviceUtils             com.cdccreditsmart.app               E  SecurityException reading IMEI - permission denied (Ask Gemini)
                                                                                                    java.lang.SecurityException: getImeiForSlot: The uid 10302 does not meet the requirements to access device identifiers.
                                                                                                    	at android.os.Parcel.createExceptionOrNull(Parcel.java:3252)
                                                                                                    	at android.os.Parcel.createException(Parcel.java:3236)
                                                                                                    	at android.os.Parcel.readException(Parcel.java:3219)
                                                                                                    	at android.os.Parcel.readException(Parcel.java:3161)
                                                                                                    	at com.android.internal.telephony.ITelephony$Stub$Proxy.getImeiForSlot(ITelephony.java:12102)
                                                                                                    	at android.telephony.TelephonyManager.getImei(TelephonyManager.java:2356)
                                                                                                    	at android.telephony.TelephonyManager.getImei(TelephonyManager.java:2307)
                                                                                                    	at com.cdccreditsmart.app.utils.DeviceUtils.getDeviceImei(DeviceUtils.kt:106)
                                                                                                    	at com.cdccreditsmart.app.auth.AuthenticationOrchestrator.attemptAutoConnection(AuthenticationOrchestrator.kt:96)
                                                                                                    	at com.cdccreditsmart.app.auth.AuthenticationOrchestrator.access$attemptAutoConnection(AuthenticationOrchestrator.kt:28)
                                                                                                    	at com.cdccreditsmart.app.auth.AuthenticationOrchestrator$ensureAuthenticated$2.invokeSuspend(AuthenticationOrchestrator.kt:228)
                                                                                                    	at kotlin.coroutines.jvm.internal.BaseContinuationImpl.resumeWith(ContinuationImpl.kt:34)
                                                                                                    	at kotlinx.coroutines.DispatchedTask.run(DispatchedTask.kt:108)
                                                                                                    	at kotlinx.coroutines.internal.LimitedDispatcher$Worker.run(LimitedDispatcher.kt:115)
                                                                                                    	at kotlinx.coroutines.scheduling.TaskImpl.run(Tasks.kt:103)
                                                                                                    	at kotlinx.coroutines.scheduling.CoroutineScheduler.runSafely(CoroutineScheduler.kt:584)
                                                                                                    	at kotlinx.coroutines.scheduling.CoroutineScheduler$Worker.executeTask(CoroutineScheduler.kt:793)
                                                                                                    	at kotlinx.coroutines.scheduling.CoroutineScheduler$Worker.runWorker(CoroutineScheduler.kt:697)
                                                                                                    	at kotlinx.coroutines.scheduling.CoroutineScheduler$Worker.run(CoroutineScheduler.kt:684)
2025-12-06 15:02:36.680 26943-29386 AuthOrchestrator        com.cdccreditsmart.app               W  âš ï¸ IMEI nÃ£o disponÃ­vel (permissÃ£o negada ou emulador)
2025-12-06 15:02:36.680 26943-29386 AuthOrchestrator        com.cdccreditsmart.app               D     â†’ Fallback para pareamento manual
2025-12-06 15:02:36.680 26943-29386 ContractCodeStorage     com.cdccreditsmart.app               D  Retrieving contract code from storage
2025-12-06 15:02:36.916 26943-26943 TextSelection           com.cdccreditsmart.app               D  onUseCache cache=false
2025-12-06 15:02:37.057 26943-29554 ScrollPolicy            com.cdccreditsmart.app               I  BOOST_SCENE_4; duration: 0
2025-12-06 15:02:37.061 26943-29554 PowerHalMgrImpl         com.cdccreditsmart.app               I  hdl:73658, pid:26943 
2025-12-06 15:02:37.171 26943-29330 SettingsGuardService    com.cdccreditsmart.app               D  ðŸ“‹ Activity check - Full: com.android.launcher3.uioverrides.QuickstepLauncher, Simple: QuickstepLauncher
2025-12-06 15:02:37.275 26943-29386 ContractCodeStorage     com.cdccreditsmart.app               D  Storage verification: 7 valid, 0 tampered, 0 missing
2025-12-06 15:02:37.276 26943-29386 ContractCodeStorage     com.cdccreditsmart.app               D  Contract code retrieved successfully
2025-12-06 15:02:37.276 26943-29386 AuthOrchestrator        com.cdccreditsmart.app               D  âœ… CÃ³digo de pareamento encontrado: VY9D****
2025-12-06 15:02:37.281 26943-29386 AuthOrchestrator        com.cdccreditsmart.app               D  ðŸ”‘ Token existente encontrado - validando no servidor...
2025-12-06 15:02:37.288 26943-31246 okhttp.OkHttpClient     com.cdccreditsmart.app               I  --> GET https://cdccreditsmart.com/api/apk/device/status
2025-12-06 15:02:37.288 26943-31246 okhttp.OkHttpClient     com.cdccreditsmart.app               I  Authorization: Bearer eyJhbGciOiJIUzI1NiIsInR5cCI6IkpXVCJ9.eyJkZXZpY2VJZCI6ImRldmljZV8xNzY0ODkzMTMwNTQ5XzZzZTlpaHFyaG9rIiwiYXBrVG9rZW4iOiJWWTlEQjlFQyIsInR5cGUiOiJhcGsiLCJleHBpcmVzSW4iOiIyNGgiLCJpYXQiOjE3NjUwMzg1MDksImV4cCI6MTc2NTEyNDkwOX0.d5qlws73OAJEKDgKxMkAr11Ph5TTV8ca1DKJaXDbpwo
2025-12-06 15:02:37.289 26943-31246 okhttp.OkHttpClient     com.cdccreditsmart.app               I  --> END GET
2025-12-06 15:02:37.659 26943-26943 VRI[MainActivity]       com.cdccreditsmart.app               D  visibilityChanged oldVisibility=true newVisibility=false
2025-12-06 15:02:37.688 26943-26943 BLASTBufferQueue        com.cdccreditsmart.app               D  [VRI[MainActivity]#6](f:0,a:1) destructor()
2025-12-06 15:02:37.688 26943-26943 BufferQueueConsumer     com.cdccreditsmart.app               D  [VRI[MainActivity]#6(BLAST Consumer)6](id:693f00000006,api:0,p:-1,c:26943) disconnect
2025-12-06 15:02:37.776 26943-29386 SettingsGuardService    com.cdccreditsmart.app               D  ðŸ“‹ Activity check - Full: com.android.launcher3.uioverrides.QuickstepLauncher, Simple: QuickstepLauncher
2025-12-06 15:02:38.028 26943-31246 okhttp.OkHttpClient     com.cdccreditsmart.app               I  <-- 200 https://cdccreditsmart.com/api/apk/device/status (739ms)
2025-12-06 15:02:38.028 26943-31246 okhttp.OkHttpClient     com.cdccreditsmart.app               I  access-control-allow-credentials: true
2025-12-06 15:02:38.028 26943-31246 okhttp.OkHttpClient     com.cdccreditsmart.app               I  access-control-allow-headers: Origin, X-Requested-With, Content-Type, Accept, Authorization, x-client-key, x-client-token, x-client-secret, cache-control
2025-12-06 15:02:38.028 26943-31246 okhttp.OkHttpClient     com.cdccreditsmart.app               I  access-control-allow-methods: GET, POST, PUT, PATCH, DELETE, OPTIONS
2025-12-06 15:02:38.028 26943-31246 okhttp.OkHttpClient     com.cdccreditsmart.app               I  access-control-allow-origin: *
2025-12-06 15:02:38.028 26943-31246 okhttp.OkHttpClient     com.cdccreditsmart.app               I  access-control-max-age: 86400
2025-12-06 15:02:38.029 26943-31246 okhttp.OkHttpClient     com.cdccreditsmart.app               I  content-length: 625
2025-12-06 15:02:38.029 26943-31246 okhttp.OkHttpClient     com.cdccreditsmart.app               I  content-security-policy: default-src 'self'; script-src 'self' 'unsafe-inline' 'unsafe-eval' https://replit.com; style-src 'self' 'unsafe-inline' https://replit.com; img-src 'self' data: https:; font-src 'self' data: https://replit.com; connect-src 'self';
2025-12-06 15:02:38.029 26943-31246 okhttp.OkHttpClient     com.cdccreditsmart.app               I  content-type: application/json; charset=utf-8
2025-12-06 15:02:38.029 26943-31246 okhttp.OkHttpClient     com.cdccreditsmart.app               I  date: Sat, 06 Dec 2025 18:02:38 GMT
2025-12-06 15:02:38.029 26943-31246 okhttp.OkHttpClient     com.cdccreditsmart.app               I  etag: W/"271-cVJzru5U5R2M7PB9BudQ8ONlnkQ"
2025-12-06 15:02:38.029 26943-31246 okhttp.OkHttpClient     com.cdccreditsmart.app               I  permissions-policy: geolocation=(), microphone=(), camera=()
2025-12-06 15:02:38.029 26943-31246 okhttp.OkHttpClient     com.cdccreditsmart.app               I  referrer-policy: strict-origin-when-cross-origin
2025-12-06 15:02:38.029 26943-31246 okhttp.OkHttpClient     com.cdccreditsmart.app               I  server: Google Frontend
2025-12-06 15:02:38.029 26943-31246 okhttp.OkHttpClient     com.cdccreditsmart.app               I  strict-transport-security: max-age=63072000; includeSubDomains
2025-12-06 15:02:38.029 26943-31246 okhttp.OkHttpClient     com.cdccreditsmart.app               I  strict-transport-security: max-age=31536000; includeSubDomains
2025-12-06 15:02:38.029 26943-31246 okhttp.OkHttpClient     com.cdccreditsmart.app               I  x-anti-fraud-protection: active
2025-12-06 15:02:38.029 26943-31246 okhttp.OkHttpClient     com.cdccreditsmart.app               I  x-certificate-pinning-enabled: false
2025-12-06 15:02:38.029 26943-31246 okhttp.OkHttpClient     com.cdccreditsmart.app               I  x-certificate-pinning-status: disabled-for-stability
2025-12-06 15:02:38.029 26943-31246 okhttp.OkHttpClient     com.cdccreditsmart.app               I  x-cloud-trace-context: 538a0e822a81df5182b6dd500fafd3c1;o=1
2025-12-06 15:02:38.029 26943-31246 okhttp.OkHttpClient     com.cdccreditsmart.app               I  x-content-type-options: nosniff
2025-12-06 15:02:38.031 26943-31246 okhttp.OkHttpClient     com.cdccreditsmart.app               I  x-financial-data-protection: enabled
2025-12-06 15:02:38.031 26943-31246 okhttp.OkHttpClient     com.cdccreditsmart.app               I  x-frame-options: DENY
2025-12-06 15:02:38.032 26943-31246 okhttp.OkHttpClient     com.cdccreditsmart.app               I  x-transaction-security-level: maximum
2025-12-06 15:02:38.032 26943-31246 okhttp.OkHttpClient     com.cdccreditsmart.app               I  x-xss-protection: 1; mode=block
2025-12-06 15:02:38.032 26943-31246 okhttp.OkHttpClient     com.cdccreditsmart.app               I  via: 1.1 google
2025-12-06 15:02:38.032 26943-31246 okhttp.OkHttpClient     com.cdccreditsmart.app               I  alt-svc: h3=":443"; ma=2592000,h3-29=":443"; ma=2592000
2025-12-06 15:02:38.033 26943-31246 okhttp.OkHttpClient     com.cdccreditsmart.app               I  {"device":{"id":"device_1764893130549_6se9ihqrhok","serialNumber":"VY9DB9EC","name":"Moto G15 Power","isBlocked":false,"blockReason":null,"status":"active"},"shouldBlock":false,"overdueCount":0,"daysSinceOverdue":0,"pdvSession":{"status":"completed","currentStage":"completed","isActive":false,"lastHeartbeat":"2025-12-05T00:05:44.194Z","heartbeatAge":151014.119,"sessionStarted":"2025-12-05T00:05:32.879Z","sessionCompleted":"2025-12-05T00:05:44.194Z","shouldWait":false},"paymentInfo":{"totalInstallments":24,"paidInstallments":1,"remainingInstallments":23,"overdueInstallments":0,"allPaid":false,"canSelfUninstall":false}}
2025-12-06 15:02:38.033 26943-31246 okhttp.OkHttpClient     com.cdccreditsmart.app               I  <-- END HTTP (625-byte body)
2025-12-06 15:02:38.039 26943-29386 ContractCodeStorage     com.cdccreditsmart.app               D  Retrieving contract code from storage
2025-12-06 15:02:38.374 26943-29386 ContractCodeStorage     com.cdccreditsmart.app               D  Storage verification: 7 valid, 0 tampered, 0 missing
2025-12-06 15:02:38.375 26943-29386 ContractCodeStorage     com.cdccreditsmart.app               D  Contract code retrieved successfully
2025-12-06 15:02:38.380 26943-29330 SettingsGuardService    com.cdccreditsmart.app               D  ðŸ“‹ Activity check - Full: com.android.settings.SubSettings, Simple: SubSettings
2025-12-06 15:02:38.385 26943-29386 ContractCodeStorage     com.cdccreditsmart.app               D  Saving contract code to redundant storage
2025-12-06 15:02:38.390 26943-29330 SettingsGuardService    com.cdccreditsmart.app               D  ðŸ“‹ SubSettings detectado (navegaÃ§Ã£o permitida)
2025-12-06 15:02:38.390 26943-29330 SettingsGuardService    com.cdccreditsmart.app               D     Pacote: com.android.settings
2025-12-06 15:02:38.390 26943-29330 SettingsGuardService    com.cdccreditsmart.app               D     NOTA: NÃ£o veio de caminho perigoso
2025-12-06 15:02:38.391 26943-29330 SettingsGuardService    com.cdccreditsmart.app               D  ðŸ“‹ Activity em Settings (permitida): com.android.settings.SubSettings
2025-12-06 15:02:38.391 26943-29330 SettingsGuardService    com.cdccreditsmart.app               D     Pacote: com.android.settings
2025-12-06 15:02:38.457 26943-29386 ContractCodeStorage     com.cdccreditsmart.app               D  Saved to EncryptedPrefs
2025-12-06 15:02:38.535 26943-29386 ContractCodeStorage     com.cdccreditsmart.app               D  Deleted existing file: .cdc_protected_code.enc
2025-12-06 15:02:38.570 26943-29386 ContractCodeStorage     com.cdccreditsmart.app               D  Successfully saved to file: .cdc_protected_code.enc
2025-12-06 15:02:38.570 26943-29386 ContractCodeStorage     com.cdccreditsmart.app               D  Saved to Protected Storage
2025-12-06 15:02:38.570 26943-29386 ContractCodeStorage     com.cdccreditsmart.app               D  Deleted existing file: .cdc_contract_b1.enc
2025-12-06 15:02:38.610 26943-29386 ContractCodeStorage     com.cdccreditsmart.app               D  Successfully saved to file: .cdc_contract_b1.enc
2025-12-06 15:02:38.611 26943-29386 ContractCodeStorage     com.cdccreditsmart.app               D  Deleted existing file: .sys_device_cfg.enc
2025-12-06 15:02:38.648 26943-29386 ContractCodeStorage     com.cdccreditsmart.app               D  Successfully saved to file: .sys_device_cfg.enc
2025-12-06 15:02:38.649 26943-29386 ContractCodeStorage     com.cdccreditsmart.app               D  Deleted existing file: .android_secure.enc
2025-12-06 15:02:38.676 26943-29386 ContractCodeStorage     com.cdccreditsmart.app               D  Successfully saved to file: .android_secure.enc
2025-12-06 15:02:38.696 26943-29386 ContractCodeStorage     com.cdccreditsmart.app               D  Contract code saved to ALL storage locations
2025-12-06 15:02:38.828 26943-29386 ContractCodeStorage     com.cdccreditsmart.app               D  Verification complete: 7/7 locations valid
2025-12-06 15:02:38.829 26943-29386 SecureTokenStorage      com.cdccreditsmart.app               D  Auth token saved successfully (contract code via ContractCodeStorage, deviceId: device_176...)
2025-12-06 15:02:38.829 26943-29386 AuthOrchestrator        com.cdccreditsmart.app               D  ðŸ’¾ DeviceId salvo: device_176...
2025-12-06 15:02:38.829 26943-29386 AuthOrchestrator        com.cdccreditsmart.app               D  ValidaÃ§Ã£o do token no servidor: SUCESSO
2025-12-06 15:02:38.829 26943-29386 AuthOrchestrator        com.cdccreditsmart.app               D  âœ… Token vÃ¡lido - autenticaÃ§Ã£o OK!
2025-12-06 15:02:38.829 26943-29330 AuthOrchestrator        com.cdccreditsmart.app               D  ðŸ”” Registrando FCM token apÃ³s validaÃ§Ã£o de authToken...
2025-12-06 15:02:38.829 26943-26943 RouterViewModel         com.cdccreditsmart.app               D  âœ… Autenticado com sucesso
2025-12-06 15:02:38.829 26943-29330 FcmTokenManager         com.cdccreditsmart.app               D  ========== REGISTERING FCM TOKEN WITH BACKEND ==========
2025-12-06 15:02:38.831 26943-29330 FcmTokenManager         com.cdccreditsmart.app               D  Current FCM token retrieved: eiOrfXolTR61-uIcgWSg...
2025-12-06 15:02:38.835 26943-29330 FcmTokenManager         com.cdccreditsmart.app               D  Token already registered and cache is valid, skipping...
2025-12-06 15:02:38.835 26943-29330 AuthOrchestrator        com.cdccreditsmart.app               D  âœ… FCM token registrado apÃ³s validaÃ§Ã£o
2025-12-06 15:02:38.889 26943-26943 TermsAcceptanceStorage  com.cdccreditsmart.app               D  hasAcceptedTermsForContract(VY9DB9EC): true (saved: VY9DB9EC)
2025-12-06 15:02:38.889 26943-26943 RouterViewModel         com.cdccreditsmart.app               D  âœ… Termos jÃ¡ aceitos - Ir para HOME
2025-12-06 15:02:38.983 26943-26943 NetworkConnectivity     com.cdccreditsmart.app               D  âœ… Conectado via WiFi com internet
2025-12-06 15:02:38.983 26943-26943 SimpleHomeViewModel     com.cdccreditsmart.app               D  ðŸ“¡ Fetching device installments from /api/apk/device/installments...
2025-12-06 15:02:38.991 26943-31595 SimpleHomeViewModel     com.cdccreditsmart.app               D  âœ… Added Authorization header with token
2025-12-06 15:02:38.991 26943-31595 SimpleHomeViewModel     com.cdccreditsmart.app               D  ðŸ“¤ Request URL: https://cdccreditsmart.com/api/apk/device/installments
2025-12-06 15:02:38.994 26943-29330 SettingsGuardService    com.cdccreditsmart.app               D  ðŸ“‹ Activity check - Full: com.android.settings.SubSettings, Simple: SubSettings
2025-12-06 15:02:39.001 26943-29330 SettingsGuardService    com.cdccreditsmart.app               D  ðŸ“‹ SubSettings detectado (navegaÃ§Ã£o permitida)
2025-12-06 15:02:39.001 26943-29330 SettingsGuardService    com.cdccreditsmart.app               D     Pacote: com.android.settings
2025-12-06 15:02:39.001 26943-29330 SettingsGuardService    com.cdccreditsmart.app               D     NOTA: NÃ£o veio de caminho perigoso
2025-12-06 15:02:39.002 26943-29330 SettingsGuardService    com.cdccreditsmart.app               D  ðŸ“‹ Activity em Settings (permitida): com.android.settings.SubSettings
2025-12-06 15:02:39.002 26943-29330 SettingsGuardService    com.cdccreditsmart.app               D     Pacote: com.android.settings
2025-12-06 15:02:39.116 26943-31498 FA                      com.cdccreditsmart.app               I  Application backgrounded at: timestamp_millis: 1765044157115
2025-12-06 15:02:39.603 26943-31595 SimpleHomeViewModel     com.cdccreditsmart.app               D  ðŸ“¥ Response Code: 200
2025-12-06 15:02:39.607 26943-29330 SettingsGuardService    com.cdccreditsmart.app               D  ðŸ“‹ Activity check - Full: com.android.settings.applications.specialaccess.deviceadmin.DeviceAdminAdd, Simple: DeviceAdminAdd
2025-12-06 15:02:39.612 26943-29330 SettingsGuardService    com.cdccreditsmart.app               W  ðŸŽ¯ ATIVIDADE PERIGOSA DETECTADA!
2025-12-06 15:02:39.612 26943-29330 SettingsGuardService    com.cdccreditsmart.app               W     Pacote: com.android.settings
2025-12-06 15:02:39.612 26943-29330 SettingsGuardService    com.cdccreditsmart.app               W     Activity completa: com.android.settings.applications.specialaccess.deviceadmin.DeviceAdminAdd
2025-12-06 15:02:39.613 26943-29330 SettingsGuardService    com.cdccreditsmart.app               W     Activity simplificada: DeviceAdminAdd
2025-12-06 15:02:39.613 26943-29330 SettingsGuardService    com.cdccreditsmart.app               W     Match: DeviceAdminAdd
2025-12-06 15:02:39.613 26943-29330 SettingsGuardService    com.cdccreditsmart.app               W  ðŸš¨ ÃREA PERIGOSA DETECTADA!
2025-12-06 15:02:39.613 26943-29330 SettingsGuardService    com.cdccreditsmart.app               W     Pacote: com.android.settings
2025-12-06 15:02:39.613 26943-29330 SettingsGuardService    com.cdccreditsmart.app               W     Atividade: com.android.settings.applications.specialaccess.deviceadmin.DeviceAdminAdd
