2026-01-23 00:09:38.278  2782-2782  LAUNCHER3               pid-2782                             D  Branch-DrawerCommonController, protectExpired field false
2026-01-23 00:09:38.279  2782-2782  LAUNCHER3               pid-2782                             D  Branch-DrawerCommonController, protectExpired field false
2026-01-23 00:09:38.279  2782-2782  LAUNCHER3               pid-2782                             D  Branch-BranchUIManagerImpl, addLocalPredictedApps needShowAd false noConfigAd:true totalSize 0
2026-01-23 00:09:38.279  2782-2782  LAUNCHER3               pid-2782                             D  AlphabeticalAppsList, setSearchResults mLastQuery = , query = 
2026-01-23 00:09:38.281  2782-2782  CustomSearchViewAnimate pid-2782                             D  changeStateImmediately: state normal
2026-01-23 00:09:38.281  2782-2782  LAUNCHER3               pid-2782                             D  CustomSearchViewAnimate, changeStateImmediately
2026-01-23 00:09:38.281  2782-2782  LAUNCHER3               pid-2782                             D  Branch-AlphabeticalAppsList, updateAdapterItems
2026-01-23 00:09:38.281  2782-2782  LAUNCHER3               pid-2782                             D  Branch-CommonUIController,  branchRefillAdapterItems
2026-01-23 00:09:38.281  2782-2782  LAUNCHER3               pid-2782                             D  Branch-DrawerCommonController, protectExpired field false
2026-01-23 00:09:38.282  2782-2782  LAUNCHER3               pid-2782                             D  Branch-DrawerCommonController, protectExpired field false
2026-01-23 00:09:38.282  2782-2782  LAUNCHER3               pid-2782                             D  Branch-BranchUIManagerImpl, addLocalPredictedApps needShowAd false noConfigAd:true totalSize 0
2026-01-23 00:09:38.283  2782-2782  CombineFolderHelper     pid-2782                             D  onStateTransitionComplete Normal
2026-01-23 00:09:38.283  2782-2782  LAUNCHER3               pid-2782                             D  LetterIndexFastScrollHelper, reset 
2026-01-23 00:09:38.283  2782-2782  LAUNCHER3               pid-2782                             D  LetterIndexFastScrollHelper, setCanStartAnim false
2026-01-23 00:09:38.283  2782-2782  ToggleBarRootView       pid-2782                             D  onStateTransitionComplete Normal
2026-01-23 00:09:38.284  2782-2782  UiFirstManager          pid-2782                             D  setForAnimationStart: LAUNCHER_ANIMATION,isAnimationStart = false
2026-01-23 00:09:38.284  2782-2782  UiFirstManager          pid-2782                             D  setTaskAnimation: type is 4 uxValue is -1 flag is 0
2026-01-23 00:09:38.284  2782-2782  UiFirstManager          pid-2782                             D  updateSpline :java.lang.reflect.InvocationTargetException
2026-01-23 00:09:38.285  2198-28329 BLASTBufferQueue        pid-2198                             D  [VRI[NavigationBar0]#1](f:0,a:3) PendingRelease=1, PendingBuffersToHold=0, SyncedFrameNumbers=0, lacfnr:6437, lapfnr:6437
2026-01-23 00:09:38.289  2782-2782  LAUNCHER3               pid-2782                             D  Branch-BranchUIManagerImpl, bindSuggestedApp BranchEntity: YouTube, pkg name:com.google.android.youtube isAd false
2026-01-23 00:09:38.289  2782-2782  LAUNCHER3               pid-2782                             D  Badge, BubbleTextView，applyColorDotState -- this: ComponentInfo{com.google.android.youtube/com.google.android.youtube.app.honeycomb.Shell$HomeActivity}/user:UserHandle{0}, oldBadgeType = 0, mDotInfo = null, newBadgeType = 0, current dot scale = 0.0
2026-01-23 00:09:38.290  2782-2782  LAUNCHER3               pid-2782                             D  Branch-BranchUIManagerImpl, bindSuggestedApp BranchEntity: Chrome, pkg name:com.android.chrome isAd false
2026-01-23 00:09:38.290  2782-2782  LAUNCHER3               pid-2782                             D  Badge, BubbleTextView，applyColorDotState -- this: ComponentInfo{com.android.chrome/com.google.android.apps.chrome.Main}/user:UserHandle{0}, oldBadgeType = 0, mDotInfo = null, newBadgeType = 0, current dot scale = 0.0
2026-01-23 00:09:38.290  2782-2782  LAUNCHER3               pid-2782                             D  Branch-BranchUIManagerImpl, bindSuggestedApp BranchEntity: Google Play Store, pkg name:com.android.vending isAd false
2026-01-23 00:09:38.291  2782-2782  LAUNCHER3               pid-2782                             D  Badge, BubbleTextView，applyColorDotState -- this: ComponentInfo{com.android.vending/com.android.vending.AssetBrowserActivity}/user:UserHandle{0}, oldBadgeType = 0, mDotInfo = null, newBadgeType = 0, current dot scale = 0.0
2026-01-23 00:09:38.291  2782-2782  LAUNCHER3               pid-2782                             D  Branch-BranchUIManagerImpl, bindSuggestedApp BranchEntity: Google, pkg name:com.google.android.googlequicksearchbox isAd false
2026-01-23 00:09:38.291  2782-2782  LAUNCHER3               pid-2782                             D  Badge, BubbleTextView，applyColorDotState -- this: ComponentInfo{com.google.android.googlequicksearchbox/com.google.android.googlequicksearchbox.SearchActivity}/user:UserHandle{0}, oldBadgeType = 0, mDotInfo = null, newBadgeType = 0, current dot scale = 0.0
2026-01-23 00:09:38.292   824-824   enhanceHAL              pid-824                              D  sunlightRead: current ambient = 18
2026-01-23 00:09:38.292  2782-2782  LAUNCHER3               pid-2782                             D  Branch-BranchUIManagerImpl, bindSuggestedApp BranchEntity: Shopee: Compre de Tudo Online, pkg name:com.shopee.br isAd true
2026-01-23 00:09:38.292  2782-2782  LAUNCHER3               pid-2782                             D  Branch-BranchUIManagerImpl, updateBubbleBadge
2026-01-23 00:09:38.292  2782-2782  LAUNCHER3               pid-2782                             D  Badge, BubbleTextView，applyColorDotState -- this: ComponentInfo{com.shopee.br/com.shopee.app.ui.home.HomeActivity_}/user:UserHandle{0}, oldBadgeType = 0, mDotInfo = null, newBadgeType = 0, current dot scale = 0.0
2026-01-23 00:09:38.296  2198-28329 BLASTBufferQueue        pid-2198                             D  [VRI[NavigationBar0]#1](f:0,a:3) PendingRelease=1, PendingBuffersToHold=0, SyncedFrameNumbers=0, lacfnr:6438, lapfnr:6438
2026-01-23 00:09:38.297  2782-2782  LAUNCHER3               pid-2782                             D  Badge, BubbleTextView，applyColorDotState -- this: ComponentInfo{com.google.android.calendar/com.android.calendar.AllInOneActivity}/user:UserHandle{0}, oldBadgeType = 0, mDotInfo = null, newBadgeType = 0, current dot scale = 0.0
2026-01-23 00:09:38.298  2782-2782  LAUNCHER3               pid-2782                             D  Badge, BubbleTextView，applyColorDotState -- this: ComponentInfo{com.alibaba.aliexpresshd/com.aliexpress.app.FirstActivity}/user:UserHandle{0}, oldBadgeType = 0, mDotInfo = null, newBadgeType = 0, current dot scale = 0.0
2026-01-23 00:09:38.299  5295-5295  View                    pid-5295                             W  requestLayout() improperly called by android.widget.FrameLayout{6844b88 V.E...... ......ID 0,0-720,224 #7f0b1edd app:id/googleapp_discover_header_container} during layout: running second layout pass
2026-01-23 00:09:38.299  2782-2782  LAUNCHER3               pid-2782                             D  PlusPopupDataProvider, getDotInfoForItem: dotInfo=DotInfo:[Type=1,Number=1, hasNotify=true]
2026-01-23 00:09:38.299  2782-2782  LAUNCHER3               pid-2782                             D  Badge, BubbleTextView，applyColorDotState -- this: ComponentInfo{com.heytap.market/com.oppo.cdo.ui.external.desktop.DeskHotAppActivity}/user:UserHandle{0}, oldBadgeType = 0, mDotInfo = DotInfo:[Type=1,Number=1, hasNotify=true], newBadgeType = 1, current dot scale = 0.0
2026-01-23 00:09:38.299  2782-2782  LAUNCHER3               pid-2782                             D  BubbleTextView，, applyBadgeNumberState: oldBadgeType: 0, newBadgeType: 1, wasBadgeNumber: false, isBadgeNumber: true, mDotInfo = DotInfo:[Type=1,Number=1, hasNotify=true]
2026-01-23 00:09:38.301  2782-2782  LAUNCHER3               pid-2782                             D  PlusPopupDataProvider, getDotInfoForItem: dotInfo=DotInfo:[Type=1,Number=1, hasNotify=true]
2026-01-23 00:09:38.301  2782-2782  LAUNCHER3               pid-2782                             D  Badge, BubbleTextView，applyColorDotState -- this: ComponentInfo{com.heytap.market/com.heytap.market.activity.MainActivity}/user:UserHandle{0}, oldBadgeType = 0, mDotInfo = DotInfo:[Type=1,Number=1, hasNotify=true], newBadgeType = 1, current dot scale = 0.0
2026-01-23 00:09:38.301  2782-2782  LAUNCHER3               pid-2782                             D  BubbleTextView，, applyBadgeNumberState: oldBadgeType: 0, newBadgeType: 1, wasBadgeNumber: false, isBadgeNumber: true, mDotInfo = DotInfo:[Type=1,Number=1, hasNotify=true]
2026-01-23 00:09:38.302  2782-2782  LAUNCHER3               pid-2782                             D  Badge, BubbleTextView，applyColorDotState -- this: ComponentInfo{com.fullmetalgamedev.aquablockspuzzleseas/com.google.firebase.MessagingUnityPlayerActivity}/user:UserHandle{0}, oldBadgeType = 0, mDotInfo = null, newBadgeType = 0, current dot scale = 0.0
2026-01-23 00:09:38.303  1239-6939  AppStartupManager       pid-1239                             D  error happend in shouldPreventStartService:checkStartupLimit
2026-01-23 00:09:38.305  2782-2782  LAUNCHER3               pid-2782                             D  Badge, BubbleTextView，applyColorDotState -- this: ComponentInfo{com.google.android.apps.googleassistant/com.google.android.apps.googleassistant.AssistantActivity}/user:UserHandle{0}, oldBadgeType = 0, mDotInfo = null, newBadgeType = 0, current dot scale = 0.0
2026-01-23 00:09:38.305  2782-2782  LAUNCHER3               pid-2782                             D  Badge, BubbleTextView，applyColorDotState -- this: ComponentInfo{com.block.juggle/org.cocos2dx.javascript.AppActivity}/user:UserHandle{0}, oldBadgeType = 0, mDotInfo = null, newBadgeType = 0, current dot scale = 0.0
2026-01-23 00:09:38.306  2782-2782  LAUNCHER3               pid-2782                             D  Badge, BubbleTextView，applyColorDotState -- this: ComponentInfo{com.booking/com.booking.startup.HomeActivity}/user:UserHandle{0}, oldBadgeType = 0, mDotInfo = null, newBadgeType = 0, current dot scale = 0.0
2026-01-23 00:09:38.306   845-1294  mali_gralloc            pid-845                              D  register: id=33000000667, handle=0xb40000708eee1f90, importpid=5295, gRegisteredHandles=21
2026-01-23 00:09:38.306  2782-2782  LAUNCHER3               pid-2782                             D  Badge, BubbleTextView，applyColorDotState -- this: ComponentInfo{com.katanlabs.bubblepop/com.google.firebase.MessagingUnityPlayerActivity}/user:UserHandle{0}, oldBadgeType = 0, mDotInfo = null, newBadgeType = 0, current dot scale = 0.0
2026-01-23 00:09:38.307   845-919   mali_gralloc            pid-845                              D  unregister: id=33000000664, handle=0xb40000708eedc110, base=0x0, importpid=845, count:0
2026-01-23 00:09:38.307   835-835   PowerHAL                pid-835                              D  ###Exit interaction_touch scene bgn###
2026-01-23 00:09:38.307   835-835   PowerHAL                pid-835                              D  Enter common_set: enable:0, duration: 0, /sys/devices/system/cpu/cpufreq/policy0/scaling_min_freq: 1820000
2026-01-23 00:09:38.307   835-835   PowerHAL                pid-835                              D  Enter set_cluster_freqs_max_min: 
2026-01-23 00:09:38.307   835-835   PowerHAL                pid-835                              D  Enter common_set: enable:0, duration: 0, /sys/devices/system/cpu/cpufreq/policy0/scaling_max_freq: 1820000
2026-01-23 00:09:38.307   835-835   PowerHAL                pid-835                              D  Enter set_cluster_freqs_max_min: 
2026-01-23 00:09:38.307   835-835   PowerHAL                pid-835                              D  Enter common_set: enable:0, duration: 0, /sys/devices/system/cpu/cpufreq/policy6/scaling_min_freq: 2028000
2026-01-23 00:09:38.307   835-835   PowerHAL                pid-835                              D  Enter set_cluster_freqs_max_min: 
2026-01-23 00:09:38.307   835-835   PowerHAL                pid-835                              D  Enter common_set: enable:0, duration: 0, /sys/devices/system/cpu/cpufreq/policy6/scaling_max_freq: 2028000
2026-01-23 00:09:38.307   835-835   PowerHAL                pid-835                              D  Enter set_cluster_freqs_max_min: 
2026-01-23 00:09:38.307   835-835   PowerHAL                pid-835                              D  Enter devfreq_ddr_set: enable:0, duration: 0, /sys/class/devfreq/scene-frequency/sprd-governor/scene_boost_dfs: max
2026-01-23 00:09:38.307   835-835   PowerHAL                pid-835                              D  ###Exit interaction_touch scene end###
2026-01-23 00:09:38.307  2782-2782  LAUNCHER3               pid-2782                             D  Badge, BubbleTextView，applyColorDotState -- this: ComponentInfo{com.coloros.compass2/com.coloros.compass.flat.FlatCompass}/user:UserHandle{0}, oldBadgeType = 0, mDotInfo = null, newBadgeType = 0, current dot scale = 0.0
2026-01-23 00:09:38.309  2198-28329 BLASTBufferQueue        pid-2198                             D  [VRI[NavigationBar0]#1](f:0,a:3) PendingRelease=1, PendingBuffersToHold=0, SyncedFrameNumbers=0, lacfnr:6439, lapfnr:6439
2026-01-23 00:09:38.309  2782-2782  LAUNCHER3               pid-2782                             D  Badge, BubbleTextView，applyColorDotState -- this: ComponentInfo{com.google.android.calculator/com.android.calculator2.Calculator}/user:UserHandle{0}, oldBadgeType = 0, mDotInfo = null, newBadgeType = 0, current dot scale = 0.0
2026-01-23 00:09:38.309  2782-2782  LAUNCHER3               pid-2782                             D  Badge, BubbleTextView，applyColorDotState -- this: ComponentInfo{com.android.camera2/com.android.camera.CameraLauncher}/user:UserHandle{0}, oldBadgeType = 0, mDotInfo = null, newBadgeType = 0, current dot scale = 0.0
2026-01-23 00:09:38.310  2782-2782  LAUNCHER3               pid-2782                             D  Badge, BubbleTextView，applyColorDotState -- this: ComponentInfo{com.google.android.apps.walletnfcrel/com.google.commerce.tapandpay.android.wallet.WalletActivity}/user:UserHandle{0}, oldBadgeType = 0, mDotInfo = null, newBadgeType = 0, current dot scale = 0.0
2026-01-23 00:09:38.311  2782-2782  LAUNCHER3               pid-2782                             D  Badge, BubbleTextView，applyColorDotState -- this: ComponentInfo{com.android.chrome/com.google.android.apps.chrome.Main}/user:UserHandle{0}, oldBadgeType = 0, mDotInfo = null, newBadgeType = 0, current dot scale = 0.0
2026-01-23 00:09:38.311  2782-2782  LAUNCHER3               pid-2782                             D  Badge, BubbleTextView，applyColorDotState -- this: ComponentInfo{com.coloros.weather2/com.oplus.weather.main.view.WeatherMainActivity}/user:UserHandle{0}, oldBadgeType = 0, mDotInfo = null, newBadgeType = 0, current dot scale = 0.0
2026-01-23 00:09:38.312  2782-2782  LAUNCHER3               pid-2782                             D  Badge, BubbleTextView，applyColorDotState -- this: ComponentInfo{com.realme.backuprestore/com.oplus.phoneclone.PhoneCloneMainActivity}/user:UserHandle{0}, oldBadgeType = 0, mDotInfo = null, newBadgeType = 0, current dot scale = 0.0
2026-01-23 00:09:38.313  2782-2782  LAUNCHER3               pid-2782                             D  Badge, BubbleTextView，applyColorDotState -- this: ComponentInfo{com.katanlabs.matchballgame/com.unity3d.player.UnityPlayerActivity}/user:UserHandle{0}, oldBadgeType = 0, mDotInfo = null, newBadgeType = 0, current dot scale = 0.0
2026-01-23 00:09:38.313  2782-2782  LAUNCHER3               pid-2782                             D  Badge, BubbleTextView，applyColorDotState -- this: ComponentInfo{com.android.settings/com.android.settings.Settings}/user:UserHandle{0}, oldBadgeType = 0, mDotInfo = null, newBadgeType = 0, current dot scale = 0.0
2026-01-23 00:09:38.313  2782-2782  LAUNCHER3               pid-2782                             D  Badge, BubbleTextView，applyColorDotState -- this: ComponentInfo{com.google.android.contacts/com.android.contacts.activities.PeopleActivity}/user:UserHandle{0}, oldBadgeType = 0, mDotInfo = null, newBadgeType = 0, current dot scale = 0.0
2026-01-23 00:09:38.314  2782-2782  LAUNCHER3               pid-2782                             D  Badge, BubbleTextView，applyColorDotState -- this: ComponentInfo{com.cdccreditsmart.app/com.cdccreditsmart.app.presentation.MainActivity}/user:UserHandle{0}, oldBadgeType = 0, mDotInfo = null, newBadgeType = 0, current dot scale = 0.0
2026-01-23 00:09:38.315  2782-2782  LAUNCHER3               pid-2782                             D  Badge, BubbleTextView，applyColorDotState -- this: ComponentInfo{com.fullmetalgamedev.zombieDefence/com.cocos.game.AppActivity}/user:UserHandle{0}, oldBadgeType = 0, mDotInfo = null, newBadgeType = 0, current dot scale = 0.0
2026-01-23 00:09:38.316  2782-2782  LAUNCHER3               pid-2782                             D  Badge, BubbleTextView，applyColorDotState -- this: ComponentInfo{com.google.android.apps.docs/com.google.android.apps.docs.app.NewMainProxyActivity}/user:UserHandle{0}, oldBadgeType = 0, mDotInfo = null, newBadgeType = 0, current dot scale = 0.0
2026-01-23 00:09:38.316  2782-2782  LAUNCHER3               pid-2782                             D  Badge, BubbleTextView，applyColorDotState -- this: ComponentInfo{com.google.android.apps.safetyhub/com.google.android.apps.safetyhub.LauncherActivity}/user:UserHandle{0}, oldBadgeType = 0, mDotInfo = null, newBadgeType = 0, current dot scale = 0.0
2026-01-23 00:09:38.317  2782-2782  LAUNCHER3               pid-2782                             D  Badge, BubbleTextView，applyColorDotState -- this: ComponentInfo{com.facebook.katana/com.facebook.katana.LoginActivity}/user:UserHandle{0}, oldBadgeType = 0, mDotInfo = null, newBadgeType = 0, current dot scale = 0.0
2026-01-23 00:09:38.317  2782-2782  LAUNCHER3               pid-2782                             D  Badge, BubbleTextView，applyColorDotState -- this: ComponentInfo{com.google.android.apps.nbu.files/com.google.android.apps.nbu.files.home.HomeActivity}/user:UserHandle{0}, oldBadgeType = 0, mDotInfo = null, newBadgeType = 0, current dot scale = 0.0
2026-01-23 00:09:38.318  2782-2782  LAUNCHER3               pid-2782                             D  Badge, BubbleTextView，applyColorDotState -- this: ComponentInfo{com.fitbit.FitbitMobile/com.fitbit.FirstActivity}/user:UserHandle{0}, oldBadgeType = 0, mDotInfo = null, newBadgeType = 0, current dot scale = 0.0
2026-01-23 00:09:38.318  2782-2782  LAUNCHER3               pid-2782                             D  Badge, BubbleTextView，applyColorDotState -- this: ComponentInfo{com.coloros.gallery3d/com.coloros.gallery3d.app.MainActivity}/user:UserHandle{0}, oldBadgeType = 0, mDotInfo = null, newBadgeType = 0, current dot scale = 0.0
2026-01-23 00:09:38.319  2782-2782  LAUNCHER3               pid-2782                             D  Badge, BubbleTextView，applyColorDotState -- this: ComponentInfo{com.google.android.apps.photos/com.google.android.apps.photos.home.HomeActivity}/user:UserHandle{0}, oldBadgeType = 0, mDotInfo = null, newBadgeType = 0, current dot scale = 0.0
2026-01-23 00:09:38.319  2782-2782  LAUNCHER3               pid-2782                             D  Badge, BubbleTextView，applyColorDotState -- this: ComponentInfo{com.fullmetalgamedev.fruitshooting/com.unity3d.player.UnityPlayerActivity}/user:UserHandle{0}, oldBadgeType = 0, mDotInfo = null, newBadgeType = 0, current dot scale = 0.0
2026-01-23 00:09:38.320  2782-2782  LAUNCHER3               pid-2782                             D  Badge, BubbleTextView，applyColorDotState -- this: ComponentInfo{com.coloros.phonemanager/com.oplus.phonemanager.FakeActivity}/user:UserHandle{0}, oldBadgeType = 0, mDotInfo = null, newBadgeType = 0, current dot scale = 0.0
2026-01-23 00:09:38.321  3442-4402  tpn                     pid-3442                             I  (REDACTED) on opa visibility changed %s
2026-01-23 00:09:38.323  2198-28329 BLASTBufferQueue        pid-2198                             D  [VRI[NavigationBar0]#1](f:0,a:3) PendingRelease=1, PendingBuffersToHold=0, SyncedFrameNumbers=0, lacfnr:6440, lapfnr:6440
2026-01-23 00:09:38.324  2782-2782  LAUNCHER3               pid-2782                             D  ActivityAllAppsContainerView, updateSearchResultsVisibility mIsSearching = false
2026-01-23 00:09:38.324  2782-2782  ViewNative              pid-2782                             D  java.lang.ClassNotFoundException: com.oplus.inner.view.ViewWrapper
2026-01-23 00:09:38.324  2782-2782  ViewNative              pid-2782                             D  java.lang.ClassNotFoundException: com.color.inner.view.ViewWrapper
2026-01-23 00:09:38.325  2782-2782  ViewNative              pid-2782                             D  java.lang.ClassNotFoundException: com.oplus.inner.view.ViewWrapper
2026-01-23 00:09:38.325  2782-2782  ViewNative              pid-2782                             D  java.lang.ClassNotFoundException: com.color.inner.view.ViewWrapper
2026-01-23 00:09:38.325  2782-2782  LAUNCHER3               pid-2782                             D  ActivityAllAppsContainerView, updateSearchResultsVisibility mIsSearching = false
2026-01-23 00:09:38.325  2782-2782  LAUNCHER3               pid-2782                             D  Branch-AlphabeticalAppsList, updateAdapterItems
2026-01-23 00:09:38.325  2782-2782  LAUNCHER3               pid-2782                             D  Branch-CommonUIController,  branchRefillAdapterItems
2026-01-23 00:09:38.325  5295-5328  alik                    pid-5295                             I  NGA enabled in interactor.
2026-01-23 00:09:38.325  2782-2782  LAUNCHER3               pid-2782                             D  Branch-DrawerCommonController, protectExpired field false
2026-01-23 00:09:38.326  5295-5295  acer                    pid-5295                             I  We were killed and are starting back!
2026-01-23 00:09:38.326  2782-2782  LAUNCHER3               pid-2782                             D  Branch-DrawerCommonController, protectExpired field false
2026-01-23 00:09:38.326  2782-2782  LAUNCHER3               pid-2782                             D  Branch-BranchUIManagerImpl, addLocalPredictedApps needShowAd false noConfigAd:true totalSize 0
2026-01-23 00:09:38.327  2782-2782  LAUNCHER3               pid-2782                             D  AlphabeticalAppsList, setSearchResults mLastQuery = , query = 
2026-01-23 00:09:38.328  2782-2782  LAUNCHER3               pid-2782                             D  ActivityAllAppsContainerView, updateSearchResultsVisibility mIsSearching = false
2026-01-23 00:09:38.328  2782-2782  CustomSearchViewAnimate pid-2782                             D  changeStateImmediately: state normal
2026-01-23 00:09:38.328  2782-2782  LAUNCHER3               pid-2782                             D  CustomSearchViewAnimate, changeStateImmediately
2026-01-23 00:09:38.329  2198-28329 BLASTBufferQueue        pid-2198                             D  [VRI[NavigationBar0]#1](f:0,a:3) PendingRelease=1, PendingBuffersToHold=0, SyncedFrameNumbers=0, lacfnr:6441, lapfnr:6441
2026-01-23 00:09:38.329  3442-4489  tfz                     pid-3442                             I  (REDACTED) Nga on-device enabled based on TNG:MA active state: %b
2026-01-23 00:09:38.330  5295-5447  acfo                    pid-5295                             I  (REDACTED) Event Bus thread starting with TID %d
2026-01-23 00:09:38.330  3442-4489  tpn                     pid-3442                             I  (REDACTED) on opa visibility changed %s
2026-01-23 00:09:38.337  2782-2782  LAUNCHER3               pid-2782                             D  CustomSearchViewAnimate, changeStateWithOutAnimation: w = 151 , targetState = 0
2026-01-23 00:09:38.337  2782-2782  AutofillManager         pid-2782                             D  view not autofillable - not passing ime action check
2026-01-23 00:09:38.337  2782-2782  CustomSearchViewAnimate pid-2782                             D  openSoftInput: false
2026-01-23 00:09:38.338  2782-2782  ImeTracker              pid-2782                             I  com.android.launcher3:3a634930: onRequestHide at ORIGIN_CLIENT_HIDE_SOFT_INPUT reason HIDE_SOFT_INPUT
2026-01-23 00:09:38.338 30977-30977 GoogleInpu...hodService pid-30977                            I  GoogleInputMethodService.onStartInput():1982 onStartInput(EditorInfo{EditorInfo{packageName=com.android.launcher3, inputType=90001, inputTypeString=Normal, enableLearning=false, autoCorrection=false, autoComplete=false, imeOptions=3, privateImeOptions=null, actionName=SEARCH, actionLabel=null, initialSelStart=0, initialSelEnd=0, initialCapsMode=3000, label=null, fieldId=2131297221, fieldName=null, extras=null, hintText=non-empty, hintLocales=[]}}, true)
2026-01-23 00:09:38.339 30977-30977 GoogleInpu...hodService pid-30977                            I  GoogleInputMethodService.updateDeviceLockedStatus():2246 repeatCheckTimes = 1, locked = false
2026-01-23 00:09:38.339 30977-30977 SessionManager          pid-30977                            W  SessionManager.beginSession():53 Try to begin an already begun session [INPUT_SESSION], end it first
2026-01-23 00:09:38.339  1239-2092  ImeTracker              pid-1239                             I  com.android.launcher3:3a634930: onCancelled at PHASE_SERVER_SHOULD_HIDE
2026-01-23 00:09:38.340  2198-28329 BLASTBufferQueue        pid-2198                             D  [VRI[NavigationBar0]#1](f:0,a:3) PendingRelease=1, PendingBuffersToHold=0, SyncedFrameNumbers=0, lacfnr:6442, lapfnr:6442
2026-01-23 00:09:38.340 30977-30977 AndroidIME              pid-30977                            I  InputBundleManager.loadActiveInputBundleId():450 loadActiveInputBundleId: pt-BR, ime_portuguese_brazil
2026-01-23 00:09:38.341  2782-2782  AutofillManager         pid-2782                             D  view not autofillable - not passing ime action check
2026-01-23 00:09:38.341  1239-6939  PackageConfigPersister  pid-1239                             W  App-specific configuration not found for packageName: com.android.launcher3 and userId: 0
2026-01-23 00:09:38.342  2782-2782  ImeTracker              pid-2782                             I  com.android.launcher3:96d8a855: onRequestHide at ORIGIN_CLIENT_HIDE_SOFT_INPUT reason HIDE_SOFT_INPUT
2026-01-23 00:09:38.343  1239-2092  ImeTracker              pid-1239                             I  com.android.launcher3:96d8a855: onCancelled at PHASE_SERVER_SHOULD_HIDE
2026-01-23 00:09:38.345  2782-2782  LAUNCHER3               pid-2782                             D  CustomSearchViewAnimate, changeStateWithOutAnimation: same state , return. targetState = 0
2026-01-23 00:09:38.351  2198-28329 BLASTBufferQueue        pid-2198                             D  [VRI[NavigationBar0]#1](f:0,a:3) PendingRelease=1, PendingBuffersToHold=0, SyncedFrameNumbers=0, lacfnr:6443, lapfnr:6443
2026-01-23 00:09:38.352 30977-30977 GoogleInpu...hodService pid-30977                            I  GoogleInputMethodService.onStartInput():1982 onStartInput(EditorInfo{EditorInfo{packageName=com.android.launcher3, inputType=90001, inputTypeString=Normal, enableLearning=false, autoCorrection=false, autoComplete=false, imeOptions=3, privateImeOptions=null, actionName=SEARCH, actionLabel=null, initialSelStart=0, initialSelEnd=0, initialCapsMode=3000, label=null, fieldId=2131297221, fieldName=null, extras=null, hintText=non-empty, hintLocales=[]}}, true)
2026-01-23 00:09:38.354 30977-30977 GoogleInpu...hodService pid-30977                            I  GoogleInputMethodService.updateDeviceLockedStatus():2246 repeatCheckTimes = 1, locked = false
2026-01-23 00:09:38.354 30977-30977 SessionManager          pid-30977                            W  SessionManager.beginSession():53 Try to begin an already begun session [INPUT_SESSION], end it first
2026-01-23 00:09:38.356 30977-30977 AndroidIME              pid-30977                            I  InputBundleManager.loadActiveInputBundleId():450 loadActiveInputBundleId: pt-BR, ime_portuguese_brazil
2026-01-23 00:09:38.357  1239-6939  PackageConfigPersister  pid-1239                             W  App-specific configuration not found for packageName: com.android.launcher3 and userId: 0
2026-01-23 00:09:38.362  2198-28329 BLASTBufferQueue        pid-2198                             D  [VRI[NavigationBar0]#1](f:0,a:3) PendingRelease=1, PendingBuffersToHold=0, SyncedFrameNumbers=0, lacfnr:6444, lapfnr:6444
2026-01-23 00:09:38.371  1239-3742  AppStartupManager       pid-1239                             D  error happend in shouldPreventStartService:checkStartupLimit
2026-01-23 00:09:38.374  2198-28329 BLASTBufferQueue        pid-2198                             D  [VRI[NavigationBar0]#1](f:0,a:3) PendingRelease=1, PendingBuffersToHold=0, SyncedFrameNumbers=0, lacfnr:6445, lapfnr:6445
2026-01-23 00:09:38.385  2198-28329 BLASTBufferQueue        pid-2198                             D  [VRI[NavigationBar0]#1](f:0,a:3) PendingRelease=1, PendingBuffersToHold=0, SyncedFrameNumbers=0, lacfnr:6446, lapfnr:6446
2026-01-23 00:09:38.390  5295-5447  cahu                    pid-5295                             W  No value provided for the places model index flag.
2026-01-23 00:09:38.391  5295-5447  cahu                    pid-5295                             W  No value provided for the places model index flag.
2026-01-23 00:09:38.395  2198-28329 BLASTBufferQueue        pid-2198                             D  [VRI[NavigationBar0]#1](f:0,a:3) PendingRelease=1, PendingBuffersToHold=0, SyncedFrameNumbers=0, lacfnr:6447, lapfnr:6447
2026-01-23 00:09:38.407  2198-28329 BLASTBufferQueue        pid-2198                             D  [VRI[NavigationBar0]#1](f:0,a:3) PendingRelease=1, PendingBuffersToHold=0, SyncedFrameNumbers=0, lacfnr:6448, lapfnr:6448
2026-01-23 00:09:38.418  2198-28329 BLASTBufferQueue        pid-2198                             D  [VRI[NavigationBar0]#1](f:0,a:3) PendingRelease=1, PendingBuffersToHold=0, SyncedFrameNumbers=0, lacfnr:6449, lapfnr:6449
2026-01-23 00:09:38.422  5295-5303  earchbox:search         pid-5295                             I  JIT allocated 59KB for compiled code of java.lang.Object rhe.b()
2026-01-23 00:09:38.429  2198-28329 BLASTBufferQueue        pid-2198                             D  [VRI[NavigationBar0]#1](f:0,a:3) PendingRelease=1, PendingBuffersToHold=0, SyncedFrameNumbers=0, lacfnr:6450, lapfnr:6450
2026-01-23 00:09:38.438  5295-5447  agxd                    pid-5295                             I  getLocaleToModelSpecsMap
2026-01-23 00:09:38.438  5295-5447  agxd                    pid-5295                             I  Fetching latest config from MDD...
2026-01-23 00:09:38.440  2198-28329 BLASTBufferQueue        pid-2198                             D  [VRI[NavigationBar0]#1](f:0,a:3) PendingRelease=1, PendingBuffersToHold=0, SyncedFrameNumbers=0, lacfnr:6451, lapfnr:6451
2026-01-23 00:09:38.447  5295-5447  agxd                    pid-5295                             I  (REDACTED) Found map of size: %d
2026-01-23 00:09:38.451  2198-28329 BLASTBufferQueue        pid-2198                             D  [VRI[NavigationBar0]#1](f:0,a:3) PendingRelease=1, PendingBuffersToHold=0, SyncedFrameNumbers=0, lacfnr:6452, lapfnr:6452
2026-01-23 00:09:38.463  2198-28329 BLASTBufferQueue        pid-2198                             D  [VRI[NavigationBar0]#1](f:0,a:3) PendingRelease=1, PendingBuffersToHold=0, SyncedFrameNumbers=0, lacfnr:6453, lapfnr:6453
2026-01-23 00:09:38.463  5295-5447  aley                    pid-5295                             I  (REDACTED) Initializing MicroDataManager InitializeType-%d, isForced-%b, isActivePhoneEnrollment-%b isActiveGoogleHomeEnrollment-%b
2026-01-23 00:09:38.465  5295-5323  agxd                    pid-5295                             I  getLocaleToModelSpecsMap
2026-01-23 00:09:38.466  5295-5447  acou                    pid-5295                             I  Returning false in #takeChangeMicroDetectorMode without doing anything.
2026-01-23 00:09:38.467  5295-5323  agxd                    pid-5295                             I  Fetching latest config from MDD...
2026-01-23 00:09:38.468  5295-5323  agxd                    pid-5295                             I  (REDACTED) Found map of size: %d
2026-01-23 00:09:38.471  5295-5323  agzg                    pid-5295                             I  (REDACTED) Location for model with model type: %s and locale: %s, is : %s
2026-01-23 00:09:38.472  5295-5323  agzn                    pid-5295                             I  (REDACTED) #getHotwordModel [locale: %s, modelType: %s]
2026-01-23 00:09:38.474  2198-28329 BLASTBufferQueue        pid-2198                             D  [VRI[NavigationBar0]#1](f:0,a:3) PendingRelease=1, PendingBuffersToHold=0, SyncedFrameNumbers=0, lacfnr:6454, lapfnr:6454
2026-01-23 00:09:38.474  5295-5372  emrh                    pid-5295                             I  (REDACTED) %s TNG App is logging Clearcut event named %s with the %s account state and %s source
2026-01-23 00:09:38.477  1239-6939  BroadcastQueue          pid-1239                             D  Receiver BroadcastFilter{b27eb34 10159/u0 ReceiverList{8b42e07 5295 com.google.android.googlequicksearchbox:search/10159/u0 remote:6dd3c46}} finished with BroadcastRecord{f71b353 com.google.apps.tiktok.account.api.controller.REQUIREMENT_STATE_CHANGED/u0} took 14ms
2026-01-23 00:09:38.484  2198-28329 BLASTBufferQueue        pid-2198                             D  [VRI[NavigationBar0]#1](f:0,a:3) PendingRelease=1, PendingBuffersToHold=0, SyncedFrameNumbers=0, lacfnr:6455, lapfnr:6455
2026-01-23 00:09:38.495  2198-28329 BLASTBufferQueue        pid-2198                             D  [VRI[NavigationBar0]#1](f:0,a:3) PendingRelease=1, PendingBuffersToHold=0, SyncedFrameNumbers=0, lacfnr:6456, lapfnr:6456
2026-01-23 00:09:38.506  2198-28329 BLASTBufferQueue        pid-2198                             D  [VRI[NavigationBar0]#1](f:0,a:3) PendingRelease=1, PendingBuffersToHold=0, SyncedFrameNumbers=0, lacfnr:6457, lapfnr:6457
2026-01-23 00:09:38.517  5295-5329  agzn                    pid-5295                             I  (REDACTED) #getHotwordModelFromMobstore [mobstoreUri: %s]
2026-01-23 00:09:38.519  2198-28329 BLASTBufferQueue        pid-2198                             D  [VRI[NavigationBar0]#1](f:0,a:3) PendingRelease=1, PendingBuffersToHold=0, SyncedFrameNumbers=0, lacfnr:6458, lapfnr:6458
2026-01-23 00:09:38.528  2198-28329 BLASTBufferQueue        pid-2198                             D  [VRI[NavigationBar0]#1](f:0,a:3) PendingRelease=1, PendingBuffersToHold=0, SyncedFrameNumbers=0, lacfnr:6459, lapfnr:6459
2026-01-23 00:09:38.531  5295-5374  agzg                    pid-5295                             I  (REDACTED) MicroDataManager InitializationTask. googleHotwordData is null: true, hotwordModel is null: %b , sourceLocationOfCurrentHotwordModel %s
2026-01-23 00:09:38.533  5295-5447  agxd                    pid-5295                             I  getLocaleToModelSpecsMap
2026-01-23 00:09:38.533  5295-5447  agxd                    pid-5295                             I  Fetching latest config from MDD...
2026-01-23 00:09:38.533  5295-5447  agxd                    pid-5295                             I  (REDACTED) Found map of size: %d
2026-01-23 00:09:38.534  5295-5447  acou                    pid-5295                             I  Returning false in #takeChangeMicroDetectorMode without doing anything.
2026-01-23 00:09:38.539  2198-28329 BLASTBufferQueue        pid-2198                             D  [VRI[NavigationBar0]#1](f:0,a:3) PendingRelease=1, PendingBuffersToHold=0, SyncedFrameNumbers=0, lacfnr:6460, lapfnr:6460
2026-01-23 00:09:38.551  2198-28329 BLASTBufferQueue        pid-2198                             D  [VRI[NavigationBar0]#1](f:0,a:4) PendingRelease=1, PendingBuffersToHold=0, SyncedFrameNumbers=0, lacfnr:6462, lapfnr:6462
2026-01-23 00:09:38.562  2198-28329 BLASTBufferQueue        pid-2198                             D  [VRI[NavigationBar0]#1](f:0,a:3) PendingRelease=1, PendingBuffersToHold=0, SyncedFrameNumbers=0, lacfnr:6462, lapfnr:6462
2026-01-23 00:09:38.573  2198-28329 BLASTBufferQueue        pid-2198                             D  [VRI[NavigationBar0]#1](f:0,a:3) PendingRelease=1, PendingBuffersToHold=0, SyncedFrameNumbers=0, lacfnr:6463, lapfnr:6463
2026-01-23 00:09:38.584  2198-28329 BLASTBufferQueue        pid-2198                             D  [VRI[NavigationBar0]#1](f:0,a:4) PendingRelease=1, PendingBuffersToHold=0, SyncedFrameNumbers=0, lacfnr:6465, lapfnr:6465
2026-01-23 00:09:38.596  2198-28329 BLASTBufferQueue        pid-2198                             D  [VRI[NavigationBar0]#1](f:0,a:3) PendingRelease=1, PendingBuffersToHold=0, SyncedFrameNumbers=0, lacfnr:6465, lapfnr:6465
2026-01-23 00:09:38.607  2198-28329 BLASTBufferQueue        pid-2198                             D  [VRI[NavigationBar0]#1](f:0,a:2) PendingRelease=1, PendingBuffersToHold=0, SyncedFrameNumbers=0, lacfnr:6465, lapfnr:6465
2026-01-23 00:09:38.655  1239-1387  InputReader             pid-1239                             I  processEventsLocked: type=1 Count=10 code=330 value=1 deviceId=4 when=6400142527000
2026-01-23 00:09:38.655  1239-1387  InputReader             pid-1239                             D  dispatchTouches action DOWN now(ns): 6400143019998
2026-01-23 00:09:38.655  1239-1387  InputReader             pid-1239                             D  notifyMotion call dispatcher
2026-01-23 00:09:38.657   835-835   PowerHAL                pid-835                              D  Enter getSceneIdByName: sceneName:POWER_HINT_VENDOR_INTERACTION_TOUCH
2026-01-23 00:09:38.657   835-835   PowerHAL                pid-835                              D  ###Enter interaction_touch scene bgn###
2026-01-23 00:09:38.657   835-835   PowerHAL                pid-835                              D  Enter common_set: enable:1, duration: 0, /sys/devices/system/cpu/cpufreq/policy0/scaling_min_freq: 1820000
2026-01-23 00:09:38.657   835-835   PowerHAL                pid-835                              D  Enter set_cluster_freqs_max_min: 
2026-01-23 00:09:38.657   835-835   PowerHAL                pid-835                              D  Enter common_set: enable:1, duration: 0, /sys/devices/system/cpu/cpufreq/policy0/scaling_max_freq: 1820000
2026-01-23 00:09:38.657   835-835   PowerHAL                pid-835                              D  Enter set_cluster_freqs_max_min: 
2026-01-23 00:09:38.657   835-835   PowerHAL                pid-835                              D  Enter common_set: enable:1, duration: 0, /sys/devices/system/cpu/cpufreq/policy6/scaling_min_freq: 2028000
2026-01-23 00:09:38.657   835-835   PowerHAL                pid-835                              D  Enter set_cluster_freqs_max_min: 
2026-01-23 00:09:38.657   835-835   PowerHAL                pid-835                              D  Enter common_set: enable:1, duration: 0, /sys/devices/system/cpu/cpufreq/policy6/scaling_max_freq: 2028000
2026-01-23 00:09:38.657   835-835   PowerHAL                pid-835                              D  Enter set_cluster_freqs_max_min: 
2026-01-23 00:09:38.657   835-835   PowerHAL                pid-835                              D  Enter devfreq_ddr_set: enable:1, duration: 0, /sys/class/devfreq/scene-frequency/sprd-governor/scene_boost_dfs: max
2026-01-23 00:09:38.657   835-835   PowerHAL                pid-835                              D  ###Enter interaction_touch scene end###
2026-01-23 00:09:38.659  2782-2782  LAUNCHER3               pid-2782                             D  StatusBarController, canInterceptTouch: SlideDown type not NotificationCenter
2026-01-23 00:09:38.659  2782-2782  ItemClickHandler        pid-2782                             D  hookStartProcessForLauncher: start ---> 
2026-01-23 00:09:38.660  1239-1387  InputReader             pid-1239                             D  dispatchTouches action MOVE now(ns): 6400148342844
2026-01-23 00:09:38.660  1239-1387  InputReader             pid-1239                             D  notifyMotion call dispatcher
2026-01-23 00:09:38.660  2782-2782  ItemClickHandler        pid-2782                             D  hookStartProcessForLauncher: end ---->
2026-01-23 00:09:38.666  1239-1387  InputReader             pid-1239                             D  dispatchTouches action MOVE now(ns): 6400153977267
2026-01-23 00:09:38.666  1239-1387  InputReader             pid-1239                             D  notifyMotion call dispatcher
2026-01-23 00:09:38.668  5295-5304  earchbox:search         pid-5295                             I  Background concurrent mark compact GC freed 346739(24MB) AllocSpace objects, 37(3132KB) LOS objects, 52% free, 22MB/46MB, paused 848us,2.363ms total 147.114ms
2026-01-23 00:09:38.671  1239-1387  InputReader             pid-1239                             D  dispatchTouches action MOVE now(ns): 6400159361344
2026-01-23 00:09:38.671  1239-1387  InputReader             pid-1239                             D  notifyMotion call dispatcher
2026-01-23 00:09:38.677  1239-1387  InputReader             pid-1239                             D  dispatchTouches action MOVE now(ns): 6400165128498
2026-01-23 00:09:38.677  1239-1387  InputReader             pid-1239                             D  notifyMotion call dispatcher
2026-01-23 00:09:38.682  1239-1387  InputReader             pid-1239                             D  dispatchTouches action MOVE now(ns): 6400170572344
2026-01-23 00:09:38.682  1239-1387  InputReader             pid-1239                             D  notifyMotion call dispatcher
2026-01-23 00:09:38.688  1239-1387  InputReader             pid-1239                             D  dispatchTouches action MOVE now(ns): 6400176376921
2026-01-23 00:09:38.688  1239-1387  InputReader             pid-1239                             D  notifyMotion call dispatcher
2026-01-23 00:09:38.694  1239-1387  InputReader             pid-1239                             D  dispatchTouches action MOVE now(ns): 6400181941998
2026-01-23 00:09:38.694  1239-1387  InputReader             pid-1239                             D  notifyMotion call dispatcher
2026-01-23 00:09:38.699  1239-1387  InputReader             pid-1239                             D  dispatchTouches action MOVE now(ns): 6400187531037
2026-01-23 00:09:38.699  1239-1387  InputReader             pid-1239                             D  notifyMotion call dispatcher
2026-01-23 00:09:38.704  2782-2782  LAUNCHER3               pid-2782                             D  WorkspaceStateTransitionAnimation, setWorkspaceProperty skip scrim
2026-01-23 00:09:38.705  2782-2782  LAUNCHER3               pid-2782                             D  BubbleTextView，, mForceHideDot = false, forceHideDot = false, mIsIconVisible = true, text = Música
2026-01-23 00:09:38.705  2782-2782  LAUNCHER3               pid-2782                             D  BubbleTextView，, mForceHideDot = false, forceHideDot = false, mIsIconVisible = true, text = Meet
2026-01-23 00:09:38.705  2782-2782  LAUNCHER3               pid-2782                             D  BubbleTextView，, mForceHideDot = false, forceHideDot = false, mIsIconVisible = true, text = Internet
2026-01-23 00:09:38.705  1239-1387  InputReader             pid-1239                             D  dispatchTouches action MOVE now(ns): 6400193254729
2026-01-23 00:09:38.705  2782-2782  LAUNCHER3               pid-2782                             D  BubbleTextView，, mForceHideDot = false, forceHideDot = false, mIsIconVisible = true, text = App Market
2026-01-23 00:09:38.705  1239-1387  InputReader             pid-1239                             D  notifyMotion call dispatcher
2026-01-23 00:09:38.705  2782-2782  LAUNCHER3               pid-2782                             D  BubbleTextView，, mForceHideDot = false, forceHideDot = false, mIsIconVisible = true, text = Play Store
2026-01-23 00:09:38.705  2782-2782  LAUNCHER3               pid-2782                             D  BubbleTextView，, mForceHideDot = false, forceHideDot = false, mIsIconVisible = true, text = Fotos
2026-01-23 00:09:38.705  2782-2782  LAUNCHER3               pid-2782                             D  BubbleTextView，, mForceHideDot = false, forceHideDot = false, mIsIconVisible = true, text = Gerenciador do telefone
2026-01-23 00:09:38.705  2782-2782  LAUNCHER3               pid-2782                             D  BubbleTextView，, mForceHideDot = false, forceHideDot = false, mIsIconVisible = true, text = Configurações
2026-01-23 00:09:38.705  2782-2782  LAUNCHER3               pid-2782                             D  BubbleTextView，, mForceHideDot = false, forceHideDot = false, mIsIconVisible = true, text = Meus arquivos
2026-01-23 00:09:38.705   841-841   vendor.spr...or-service pid-841                              D  Vibra::perform
2026-01-23 00:09:38.705  2782-2782  LAUNCHER3               pid-2782                             D  BubbleTextView，, mForceHideDot = false, forceHideDot = false, mIsIconVisible = true, text = Vídeos
2026-01-23 00:09:38.705  2782-2782  LAUNCHER3               pid-2782                             D  BubbleTextView，, mForceHideDot = false, forceHideDot = false, mIsIconVisible = true, text = Clima
2026-01-23 00:09:38.705  2782-2782  LAUNCHER3               pid-2782                             D  BubbleTextView，, mForceHideDot = false, forceHideDot = false, mIsIconVisible = true, text = Facebook
2026-01-23 00:09:38.705   841-841   vendor.spr...or-service pid-841                              D  vibra_on 45
2026-01-23 00:09:38.705  2782-2782  LAUNCHER3               pid-2782                             D  BubbleTextView，, mForceHideDot = false, forceHideDot = false, mIsIconVisible = true, text = @TikTok
2026-01-23 00:09:38.705  2782-2782  LAUNCHER3               pid-2782                             D  BubbleTextView，, mForceHideDot = false, forceHideDot = false, mIsIconVisible = true, text = Netflix
2026-01-23 00:09:38.705  2782-2782  LAUNCHER3               pid-2782                             D  BubbleTextView，, mForceHideDot = false, forceHideDot = false, mIsIconVisible = true, text = @LinkedIn
2026-01-23 00:09:38.705  2782-2782  LAUNCHER3               pid-2782                             D  BubbleTextView，, mForceHideDot = false, forceHideDot = false, mIsIconVisible = true, text = Aplicativos em destaque
2026-01-23 00:09:38.705  2782-2782  LAUNCHER3               pid-2782                             D  BubbleTextView，, mForceHideDot = false, forceHideDot = false, mIsIconVisible = true, text = Jogos em destaque
2026-01-23 00:09:38.705  2782-2782  LAUNCHER3               pid-2782                             D  BubbleTextView，, mForceHideDot = false, forceHideDot = false, mIsIconVisible = true, text = Defeat Zombie:Defense Strategy
2026-01-23 00:09:38.705  2782-2782  LAUNCHER3               pid-2782                             D  BubbleTextView，, mForceHideDot = false, forceHideDot = false, mIsIconVisible = true, text = AliExpress
2026-01-23 00:09:38.705  2782-2782  LAUNCHER3               pid-2782                             D  BubbleTextView，, mForceHideDot = false, forceHideDot = false, mIsIconVisible = true, text = Shopee
2026-01-23 00:09:38.705  2782-2782  LAUNCHER3               pid-2782                             D  BubbleTextView，, mForceHideDot = false, forceHideDot = false, mIsIconVisible = true, text = @Kwai
2026-01-23 00:09:38.705  2782-2782  LAUNCHER3               pid-2782                             D  BubbleTextView，, mForceHideDot = false, forceHideDot = false, mIsIconVisible = true, text = Credit Smart
2026-01-23 00:09:38.706  2782-2782  LAUNCHER3               pid-2782                             D  BubbleTextView，, mForceHideDot = false, forceHideDot = false, mIsIconVisible = true, text = Credit Smart
2026-01-23 00:09:38.707  2782-2782  CombineFolderHelper     pid-2782                             D  onStateTransitionStart AllApps
2026-01-23 00:09:38.707  2782-2782  CombineFolderHelper     pid-2782                             D  clear select list
2026-01-23 00:09:38.708  2782-2782  ToggleBarRootView       pid-2782                             D  onStateTransitionStart AllApps
2026-01-23 00:09:38.708  2782-2782  LAUNCHER3               pid-2782                             D  Branch-LauncherTaskbarAllAppsContainerView, tryAndUpdatePredictedApps,updatePredictedApps = true
2026-01-23 00:09:38.709  2782-2782  AutofillManager         pid-2782                             D  view not autofillable - not passing ime action check
2026-01-23 00:09:38.709  2782-24581 LAUNCHER3               pid-2782                             D  Branch-AppPredictorManager, getRecommendedApps from database, PredictedInfo{mComponent='com.android.camera2/com.android.camera.CameraLauncher', mLaunchCount=4, mIgnored=false, mIgnoreTime=0, mUser=0}
2026-01-23 00:09:38.710  1239-1387  InputReader             pid-1239                             D  dispatchTouches action MOVE now(ns): 6400198370152
2026-01-23 00:09:38.710  1239-1387  InputReader             pid-1239                             D  notifyMotion call dispatcher
2026-01-23 00:09:38.710  2782-2782  LAUNCHER3               pid-2782                             D  BubbleTextView，(drawDotIfNecessary)Música, mForceHideDot: false, hasDot(): false, mDotParams.scale: 0.0, mDotParams.alpha : 255.0, isDotAnimRunning ?: false, mIsIconVisible : true
