2025-12-08 07:16:20.702  8368-8406  CdcForegroundService    com.cdccreditsmart.app               I  ğŸ” AuthToken length: 0
2025-12-08 07:16:20.702  8368-8406  CdcForegroundService    com.cdccreditsmart.app               I  ğŸ” ContractCode presente: false
2025-12-08 07:16:20.702  8368-8406  CdcForegroundService    com.cdccreditsmart.app               I  ğŸ” ContractCode value: null****
2025-12-08 07:16:20.702  8368-8406  CdcForegroundService    com.cdccreditsmart.app               I  ğŸ” MDM SerialNumber presente: false
2025-12-08 07:16:20.702  8368-8406  CdcForegroundService    com.cdccreditsmart.app               I  ğŸ” MDM SerialNumber value: ......
2025-12-08 07:16:20.702  8368-8406  CdcForegroundService    com.cdccreditsmart.app               I  ğŸ“± ========================================
2025-12-08 07:16:20.702  8368-8406  CdcForegroundService    com.cdccreditsmart.app               I  ğŸ“± AGUARDANDO PAIRING - MDM EM STANDBY
2025-12-08 07:16:20.702  8368-8406  CdcForegroundService    com.cdccreditsmart.app               I  ğŸ“± O usuÃ¡rio ainda nÃ£o fez o pareamento inicial
2025-12-08 07:16:20.702  8368-8406  CdcForegroundService    com.cdccreditsmart.app               I  ğŸ“± ServiÃ§os MDM serÃ£o ativados apÃ³s inserir cÃ³digo do contrato
2025-12-08 07:16:20.702  8368-8406  CdcForegroundService    com.cdccreditsmart.app               I  ğŸ“± NOTA: isMdmInitialized permanece FALSE para permitir reinicializaÃ§Ã£o
2025-12-08 07:16:20.702  8368-8406  CdcForegroundService    com.cdccreditsmart.app               I  ğŸ“± ========================================
2025-12-08 07:16:21.898  8368-8368  InsetsController        com.cdccreditsmart.app               D  show(ime(), fromIme=false)
2025-12-08 07:16:21.899  8368-8368  ImeTracker              com.cdccreditsmart.app               I  com.cdccreditsmart.app:ca95d617: onRequestShow at ORIGIN_CLIENT reason SHOW_SOFT_INPUT_BY_INSETS_API fromUser false
2025-12-08 07:16:21.899  8368-8368  InsetsController        com.cdccreditsmart.app               D  Setting requestedVisibleTypes to -6 (was -14)
2025-12-08 07:16:21.921  8368-8368  ImeTracker              com.cdccreditsmart.app               I  com.cdccreditsmart.app:4266f36f: onRequestShow at ORIGIN_CLIENT reason SHOW_SOFT_INPUT fromUser false
2025-12-08 07:16:21.922  8368-8368  InsetsController        com.cdccreditsmart.app               D  show(ime(), fromIme=false)
2025-12-08 07:16:21.922  8368-8368  ImeTracker              com.cdccreditsmart.app               I  com.cdccreditsmart.app:4266f36f: onCancelled at PHASE_CLIENT_REPORT_REQUESTED_VISIBLE_TYPES
2025-12-08 07:16:21.923  8368-8368  RemoteInpu...ectionImpl com.cdccreditsmart.app               W  requestCursorUpdates on inactive InputConnection
2025-12-08 07:16:22.427  8368-8368  ImeTracker              com.cdccreditsmart.app               I  com.cdccreditsmart.app:ca95d617: onShown
2025-12-08 07:16:23.083  8368-8368  PairingViewModel        com.cdccreditsmart.app               D  ğŸš€ Iniciando pareamento com cÃ³digo: XV8W****
2025-12-08 07:16:23.084  8368-8368  NetworkConnectivity     com.cdccreditsmart.app               D  âœ… Conectado via WiFi com internet
2025-12-08 07:16:23.085  8368-8368  PairingViewModel        com.cdccreditsmart.app               D  ğŸ“¶ Estado da rede: Conectado via WiFi
2025-12-08 07:16:23.085  8368-8368  PairingViewModel        com.cdccreditsmart.app               D  âœ… Usando autenticaÃ§Ã£o moderna: POST /api/apk/auth
2025-12-08 07:16:23.085  8368-8368  PairingViewModel        com.cdccreditsmart.app               D  ========== APK AUTHENTICATION ==========
2025-12-08 07:16:23.085  8368-8368  PairingViewModel        com.cdccreditsmart.app               D  Pairing Code: [REDACTED]
2025-12-08 07:16:23.085  8368-8368  PairingViewModel        com.cdccreditsmart.app               D  ğŸ” Tentando conceder permissÃ£o READ_PHONE_STATE antes de coletar IMEI...
2025-12-08 07:16:23.086  8368-8368  AutoPermissionManager   com.cdccreditsmart.app               E  âŒ App nÃ£o Ã© Device Owner - nÃ£o pode conceder permissÃ£o: android.permission.READ_PHONE_STATE
2025-12-08 07:16:23.086  8368-8368  PairingViewModel        com.cdccreditsmart.app               W  âš ï¸ NÃ£o foi possÃ­vel conceder READ_PHONE_STATE automaticamente
2025-12-08 07:16:23.086  8368-8368  PairingViewModel        com.cdccreditsmart.app               W     Isso pode ocorrer se o app nÃ£o estiver provisionado como Device Owner
2025-12-08 07:16:23.086  8368-8368  DeviceInfoManager       com.cdccreditsmart.app               I  ========================================
2025-12-08 07:16:23.086  8368-8368  DeviceInfoManager       com.cdccreditsmart.app               I  ğŸ“± Coletando informaÃ§Ãµes de IMEI do dispositivo
2025-12-08 07:16:23.086  8368-8368  DeviceInfoManager       com.cdccreditsmart.app               I  ========================================
2025-12-08 07:16:23.087  8368-8368  DeviceInfoManager       com.cdccreditsmart.app               D  NÃºmero de SIMs detectados: 1
2025-12-08 07:16:23.091  8368-8368  DeviceInfoManager       com.cdccreditsmart.app               W  SecurityException no slot 0 (Ask Gemini)
                                                                                                    java.lang.SecurityException: getImeiForSlot: The uid 10217 does not meet the requirements to access device identifiers.
                                                                                                    	at android.os.Parcel.createExceptionOrNull(Parcel.java:3340)
                                                                                                    	at android.os.Parcel.createException(Parcel.java:3324)
                                                                                                    	at android.os.Parcel.readException(Parcel.java:3307)
                                                                                                    	at android.os.Parcel.readException(Parcel.java:3249)
                                                                                                    	at com.android.internal.telephony.ITelephony$Stub$Proxy.getImeiForSlot(ITelephony.java:12518)
                                                                                                    	at android.telephony.TelephonyManager.getImei(TelephonyManager.java:2387)
                                                                                                    	at com.cdccreditsmart.app.device.DeviceInfoManager.getDeviceImeiInfo(DeviceInfoManager.kt:96)
                                                                                                    	at com.cdccreditsmart.app.presentation.pairing.PairingViewModel.stepFallbackClaimByCodeOnly(PairingViewModel.kt:253)
                                                                                                    	at com.cdccreditsmart.app.presentation.pairing.PairingViewModel.access$stepFallbackClaimByCodeOnly(PairingViewModel.kt:48)
                                                                                                    	at com.cdccreditsmart.app.presentation.pairing.PairingViewModel$startHandshake$1.invokeSuspend(PairingViewModel.kt:99)
                                                                                                    	at kotlin.coroutines.jvm.internal.BaseContinuationImpl.resumeWith(ContinuationImpl.kt:34)
                                                                                                    	at kotlinx.coroutines.internal.DispatchedContinuationKt.resumeCancellableWith(DispatchedContinuation.kt:367)
                                                                                                    	at kotlinx.coroutines.intrinsics.CancellableKt.startCoroutineCancellable(Cancellable.kt:30)
                                                                                                    	at kotlinx.coroutines.intrinsics.CancellableKt.startCoroutineCancellable$default(Cancellable.kt:25)
                                                                                                    	at kotlinx.coroutines.CoroutineStart.invoke(CoroutineStart.kt:110)
                                                                                                    	at kotlinx.coroutines.AbstractCoroutine.start(AbstractCoroutine.kt:126)
                                                                                                    	at kotlinx.coroutines.BuildersKt__Builders_commonKt.launch(Builders.common.kt:56)
                                                                                                    	at kotlinx.coroutines.BuildersKt.launch(Unknown Source:1)
                                                                                                    	at kotlinx.coroutines.BuildersKt__Builders_commonKt.launch$default(Builders.common.kt:47)
                                                                                                    	at kotlinx.coroutines.BuildersKt.launch$default(Unknown Source:1)
                                                                                                    	at com.cdccreditsmart.app.presentation.pairing.PairingViewModel.startHandshake(PairingViewModel.kt:81)
                                                                                                    	at com.cdccreditsmart.app.navigation.NavigationKt$CDCNavigation$1$1$5$1$1.invokeSuspend(Navigation.kt:172)
                                                                                                    	at kotlin.coroutines.jvm.internal.BaseContinuationImpl.resumeWith(ContinuationImpl.kt:34)
                                                                                                    	at kotlinx.coroutines.DispatchedTask.run(DispatchedTask.kt:108)
                                                                                                    	at androidx.compose.ui.platform.AndroidUiDispatcher.performTrampolineDispatch(AndroidUiDispatcher.android.kt:81)
                                                                                                    	at androidx.compose.ui.platform.AndroidUiDispatcher.access$performTrampolineDispatch(AndroidUiDispatcher.android.kt:41)
                                                                                                    	at androidx.compose.ui.platform.AndroidUiDispatcher$dispatchCallback$1.run(AndroidUiDispatcher.android.kt:57)
                                                                                                    	at android.os.Handler.handleCallback(Handler.java:995)
                                                                                                    	at android.os.Handler.dispatchMessage(Handler.java:103)
                                                                                                    	at android.os.Looper.loopOnce(Looper.java:248)
                                                                                                    	at android.os.Looper.loop(Looper.java:338)
                                                                                                    	at android.app.ActivityThread.main(ActivityThread.java:9067)
                                                                                                    	at java.lang.reflect.Method.invoke(Native Method)
                                                                                                    	at com.android.internal.os.RuntimeInit$MethodAndArgsCaller.run(RuntimeInit.java:593)
                                                                                                    	at com.android.internal.os.ZygoteInit.main(ZygoteInit.java:932)
2025-12-08 07:16:23.091  8368-8368  DeviceInfoManager       com.cdccreditsmart.app               W  âŒ Nenhum IMEI vÃ¡lido encontrado
2025-12-08 07:16:23.092  8368-8368  DeviceInfoManager       com.cdccreditsmart.app               I  ========================================
2025-12-08 07:16:23.093  8368-8368  PairingViewModel        com.cdccreditsmart.app               W  âš ï¸ IMEI nÃ£o disponÃ­vel - continuando sem IMEI
2025-12-08 07:16:23.094  8368-8368  PairingViewModel        com.cdccreditsmart.app               D  Sending POST /api/apk/auth...
2025-12-08 07:16:23.094  8368-8368  PairingViewModel        com.cdccreditsmart.app               D  Request - deviceImei: null
2025-12-08 07:16:23.094  8368-8368  PairingViewModel        com.cdccreditsmart.app               D  Request - additionalImeis count: 0
2025-12-08 07:16:23.094  8368-8368  PairingViewModel        com.cdccreditsmart.app               D  Request - imeiStatus: unavailable
2025-12-08 07:16:23.270  8368-8438  okhttp.OkHttpClient     com.cdccreditsmart.app               I  --> POST https://cdccreditsmart.com/api/apk/auth
2025-12-08 07:16:23.270  8368-8438  okhttp.OkHttpClient     com.cdccreditsmart.app               I  Content-Type: application/json; charset=UTF-8
2025-12-08 07:16:23.270  8368-8438  okhttp.OkHttpClient     com.cdccreditsmart.app               I  Content-Length: 46
2025-12-08 07:16:23.271  8368-8438  okhttp.OkHttpClient     com.cdccreditsmart.app               I  {"code":"XV8W5766","imeiStatus":"unavailable"}
2025-12-08 07:16:23.271  8368-8438  okhttp.OkHttpClient     com.cdccreditsmart.app               I  --> END POST (46-byte body)
2025-12-08 07:16:23.633  8368-8438  okhttp.OkHttpClient     com.cdccreditsmart.app               I  <-- 200 https://cdccreditsmart.com/api/apk/auth (362ms)
2025-12-08 07:16:23.633  8368-8438  okhttp.OkHttpClient     com.cdccreditsmart.app               I  access-control-allow-credentials: true
2025-12-08 07:16:23.634  8368-8438  okhttp.OkHttpClient     com.cdccreditsmart.app               I  access-control-allow-headers: Origin, X-Requested-With, Content-Type, Accept, Authorization, x-client-key, x-client-token, x-client-secret, cache-control
2025-12-08 07:16:23.634  8368-8438  okhttp.OkHttpClient     com.cdccreditsmart.app               I  access-control-allow-methods: GET, POST, PUT, PATCH, DELETE, OPTIONS
2025-12-08 07:16:23.634  8368-8438  okhttp.OkHttpClient     com.cdccreditsmart.app               I  access-control-allow-origin: *
2025-12-08 07:16:23.634  8368-8438  okhttp.OkHttpClient     com.cdccreditsmart.app               I  access-control-max-age: 86400
2025-12-08 07:16:23.634  8368-8438  okhttp.OkHttpClient     com.cdccreditsmart.app               I  content-length: 999
2025-12-08 07:16:23.634  8368-8438  okhttp.OkHttpClient     com.cdccreditsmart.app               I  content-security-policy: default-src 'self'; script-src 'self' 'unsafe-inline' 'unsafe-eval' https://replit.com; style-src 'self' 'unsafe-inline' https://replit.com; img-src 'self' data: https:; font-src 'self' data: https://replit.com; connect-src 'self';
2025-12-08 07:16:23.634  8368-8438  okhttp.OkHttpClient     com.cdccreditsmart.app               I  content-type: application/json; charset=utf-8
2025-12-08 07:16:23.634  8368-8438  okhttp.OkHttpClient     com.cdccreditsmart.app               I  date: Mon, 08 Dec 2025 10:16:23 GMT
2025-12-08 07:16:23.634  8368-8438  okhttp.OkHttpClient     com.cdccreditsmart.app               I  etag: W/"3e7-qkxuX4Uu1zDs+hGIdMcx7psz+X0"
2025-12-08 07:16:23.634  8368-8438  okhttp.OkHttpClient     com.cdccreditsmart.app               I  permissions-policy: geolocation=(), microphone=(), camera=()
2025-12-08 07:16:23.634  8368-8438  okhttp.OkHttpClient     com.cdccreditsmart.app               I  referrer-policy: strict-origin-when-cross-origin
2025-12-08 07:16:23.634  8368-8438  okhttp.OkHttpClient     com.cdccreditsmart.app               I  strict-transport-security: max-age=63072000; includeSubDomains
2025-12-08 07:16:23.634  8368-8438  okhttp.OkHttpClient     com.cdccreditsmart.app               I  strict-transport-security: max-age=31536000; includeSubDomains
2025-12-08 07:16:23.634  8368-8438  okhttp.OkHttpClient     com.cdccreditsmart.app               I  x-anti-fraud-protection: active
2025-12-08 07:16:23.634  8368-8438  okhttp.OkHttpClient     com.cdccreditsmart.app               I  x-certificate-pinning-enabled: false
2025-12-08 07:16:23.634  8368-8438  okhttp.OkHttpClient     com.cdccreditsmart.app               I  x-certificate-pinning-status: disabled-for-stability
2025-12-08 07:16:23.634  8368-8438  okhttp.OkHttpClient     com.cdccreditsmart.app               I  x-content-type-options: nosniff
2025-12-08 07:16:23.634  8368-8438  okhttp.OkHttpClient     com.cdccreditsmart.app               I  x-financial-data-protection: enabled
2025-12-08 07:16:23.634  8368-8438  okhttp.OkHttpClient     com.cdccreditsmart.app               I  x-frame-options: DENY
2025-12-08 07:16:23.635  8368-8438  okhttp.OkHttpClient     com.cdccreditsmart.app               I  x-transaction-security-level: maximum
2025-12-08 07:16:23.635  8368-8438  okhttp.OkHttpClient     com.cdccreditsmart.app               I  x-xss-protection: 1; mode=block
2025-12-08 07:16:23.635  8368-8438  okhttp.OkHttpClient     com.cdccreditsmart.app               I  via: 1.1 google
2025-12-08 07:16:23.635  8368-8438  okhttp.OkHttpClient     com.cdccreditsmart.app               I  alt-svc: h3=":443"; ma=2592000,h3-29=":443"; ma=2592000
2025-12-08 07:16:23.636  8368-8438  okhttp.OkHttpClient     com.cdccreditsmart.app               I  {"success":true,"authenticated":true,"authToken":"eyJhbGciOiJIUzI1NiIsInR5cCI6IkpXVCJ9.eyJkZXZpY2VJZCI6ImRldmljZV8xNzY1MTQ4NzcxNDYyXzR0ZXd3NDJwMTE0IiwiYXBrVG9rZW4iOiJYVjhXNTc2NiIsInR5cGUiOiJhcGsiLCJleHBpcmVzSW4iOiIyNGgiLCJpYXQiOjE3NjUxODg5ODMsImV4cCI6MTc2NTI3NTM4M30.muLfUOtUV3uQb4dj2-L5ojkEN6Jt4v2gQtGjUtDe1-Y","expiresIn":86400,"expiresAt":"2025-12-09T10:16:23.732Z","device":{"id":"device_1765148771462_4teww42p114","name":"Moto G15 Power","model":"G15 Power","brand":"Motorola","imei":"353104903560533","imeiList":["353104903560533"],"isBlocked":false,"status":"active","blockReason":null,"totalValue":"100.00","installmentValue":"8.99","installmentCount":24,"saleDate":"2025-12-07T23:10:29.075Z"},"customer":{"name":"Marcos Antunes","phone":"85981888810","cpf":"06452784323"},"store":{"name":"Loja Zona Sul","phone":"(11) 77777-9012","email":"zonasul@loja.com"},"paymentSummary":{"total":24,"paid":0,"pending":24,"overdue":0,"totalAmount":100,"paidAmount":0,"pendingAmount":215.76000000000005}}
2025-12-08 07:16:23.636  8368-8438  okhttp.OkHttpClient     com.cdccreditsmart.app               I  <-- END HTTP (999-byte body)
2025-12-08 07:16:23.665  8368-8368  PairingViewModel        com.cdccreditsmart.app               D  Response code: 200
2025-12-08 07:16:23.665  8368-8368  PairingViewModel        com.cdccreditsmart.app               D  Response message: 
2025-12-08 07:16:23.665  8368-8368  PairingViewModel        com.cdccreditsmart.app               D  Response body received
2025-12-08 07:16:23.665  8368-8368  PairingViewModel        com.cdccreditsmart.app               D  âœ… APK Authentication successful!
2025-12-08 07:16:23.665  8368-8368  PairingViewModel        com.cdccreditsmart.app               D  Auth token received, expires in 86400s
2025-12-08 07:16:23.665  8368-8368  PairingViewModel        com.cdccreditsmart.app               D  Device: Motorola G15 Power
2025-12-08 07:16:23.665  8368-8368  PairingViewModel        com.cdccreditsmart.app               D  Device ID: device_1765148771462_4teww42p114
2025-12-08 07:16:23.665  8368-8368  PairingViewModel        com.cdccreditsmart.app               D  Customer: Marcos Antunes
2025-12-08 07:16:23.666  8368-8368  PairingViewModel        com.cdccreditsmart.app               I  ğŸ“Š DADOS DO BACKEND - CustomerName: 'Marcos Antunes', DeviceModel: 'G15 Power'
2025-12-08 07:16:23.689  8368-8368  SecureTokenStorage      com.cdccreditsmart.app               D  EncryptedSharedPreferences initialized successfully
2025-12-08 07:16:23.690  8368-8368  ContractCodeStorage     com.cdccreditsmart.app               D  Saving contract code to redundant storage
2025-12-08 07:16:23.752  8368-8368  ContractCodeStorage     com.cdccreditsmart.app               D  Saved to EncryptedPrefs
2025-12-08 07:16:23.826  8368-8368  ContractCodeStorage     com.cdccreditsmart.app               D  Successfully saved to file: .cdc_protected_code.enc
2025-12-08 07:16:23.826  8368-8368  ContractCodeStorage     com.cdccreditsmart.app               D  Saved to Protected Storage
2025-12-08 07:16:23.835  8368-8368  ContractCodeStorage     com.cdccreditsmart.app               D  Successfully saved to file: .cdc_contract_b1.enc
2025-12-08 07:16:23.843  8368-8368  ContractCodeStorage     com.cdccreditsmart.app               D  Successfully saved to file: .sys_device_cfg.enc
2025-12-08 07:16:23.853  8368-8368  ContractCodeStorage     com.cdccreditsmart.app               D  Successfully saved to file: .android_secure.enc
2025-12-08 07:16:23.890  8368-8368  ContractCodeStorage     com.cdccreditsmart.app               D  Contract code saved to ALL storage locations
2025-12-08 07:16:23.954  8368-8368  ContractCodeStorage     com.cdccreditsmart.app               D  Verification complete: 7/7 locations valid
2025-12-08 07:16:23.954  8368-8368  SecureTokenStorage      com.cdccreditsmart.app               D  Auth token saved successfully (contract code via ContractCodeStorage, deviceId: device_176...)
2025-12-08 07:16:23.954  8368-8368  SecureTokenStorage      com.cdccreditsmart.app               D  Serial number saved: XV8W57...
2025-12-08 07:16:23.954  8368-8368  PairingViewModel        com.cdccreditsmart.app               D  â„¹ï¸ Nenhum IMEI para armazenar (dispositivo sem telefonia ou erro)
2025-12-08 07:16:23.954  8368-8368  PairingViewModel        com.cdccreditsmart.app               I  ğŸš€ Iniciando CdcForegroundService para MDM...
2025-12-08 07:16:23.959  8368-8368  CdcForegroundService    com.cdccreditsmart.app               I  âœ… ServiÃ§o iniciado via startService()
2025-12-08 07:16:23.959  8368-8368  PairingViewModel        com.cdccreditsmart.app               I  ğŸ”„ Passando para step3 - CustomerName: 'Marcos Antunes', DeviceModel: 'G15 Power'
2025-12-08 07:16:23.959  8368-8368  PairingViewModel        com.cdccreditsmart.app               D  ğŸ”Œ step3ConnectWebSocket chamado - CustomerName: 'Marcos Antunes', DeviceModel: 'G15 Power'
2025-12-08 07:16:23.959  8368-8368  PairingViewModel        com.cdccreditsmart.app               D  Registering FCM token with backend...
2025-12-08 07:16:23.962  8368-8406  FcmTokenManager         com.cdccreditsmart.app               D  ========== REGISTERING FCM TOKEN WITH BACKEND ==========
2025-12-08 07:16:23.964  8368-8368  WebSocketManager        com.cdccreditsmart.app               D  Connecting to WebSocket: wss://cdccreditsmart.com/ws/flow-status
2025-12-08 07:16:23.965  8368-8406  FcmTokenManager         com.cdccreditsmart.app               D  Current FCM token retrieved: eQe0SgnZQIO-7BtaocPM...
2025-12-08 07:16:24.010  8368-8368  CdcForegroundService    com.cdccreditsmart.app               D  ğŸš€ ServiÃ§o onStartCommand() - Action: com.cdccreditsmart.app.START_SERVICE
2025-12-08 07:16:24.020  8368-8368  CdcForegroundService    com.cdccreditsmart.app               I  âœ… Foreground Service ativo (Android 12+)
2025-12-08 07:16:24.020  8368-8407  CdcForegroundService    com.cdccreditsmart.app               I  ğŸ”§ ========================================
2025-12-08 07:16:24.020  8368-8407  CdcForegroundService    com.cdccreditsmart.app               I  ğŸ”§ INICIANDO initializeServices()...
2025-12-08 07:16:24.020  8368-8407  CdcForegroundService    com.cdccreditsmart.app               I  ğŸ”§ ========================================
2025-12-08 07:16:24.020  8368-8407  CdcForegroundService    com.cdccreditsmart.app               D  âœ… ServiÃ§os base jÃ¡ inicializados
2025-12-08 07:16:24.044  8368-8406  SecureTokenStorage      com.cdccreditsmart.app               D  EncryptedSharedPreferences initialized successfully
2025-12-08 07:16:24.046  8368-8406  FcmTokenManager         com.cdccreditsmart.app               D  Sending FCM token to backend (payload: {"fcmToken": "eQe0SgnZQIO-7BtaocPM..."})
2025-12-08 07:16:24.047  8368-8406  FcmTokenManager         com.cdccreditsmart.app               D  Sending POST https://cdccreditsmart.com/api/apk/device/fcm-token...
2025-12-08 07:16:24.060  8368-8368  InsetsController        com.cdccreditsmart.app               D  hide(ime(), fromIme=false)
2025-12-08 07:16:24.062  8368-8368  ImeTracker              com.cdccreditsmart.app               I  com.cdccreditsmart.app:b73a4e64: onRequestHide at ORIGIN_CLIENT reason HIDE_SOFT_INPUT_BY_INSETS_API fromUser false
2025-12-08 07:16:24.062  8368-8368  InsetsController        com.cdccreditsmart.app               D  Setting requestedVisibleTypes to -14 (was -6)
2025-12-08 07:16:24.295  8368-8368  ImeTracker              com.cdccreditsmart.app               I  system_server:b99c7f59: onCancelled at PHASE_CLIENT_ON_CONTROLS_CHANGED
2025-12-08 07:16:24.346  8368-8449  ProfileInstaller        com.cdccreditsmart.app               D  Installing profile for com.cdccreditsmart.app
2025-12-08 07:16:24.458  8368-8444  WebSocketManager        com.cdccreditsmart.app               D  WebSocket connection opened
2025-12-08 07:16:24.458  8368-8444  WebSocketManager        com.cdccreditsmart.app               D  WebSocket connected for contract: XV8W5766
2025-12-08 07:16:24.459  8368-8444  WebSocketManager        com.cdccreditsmart.app               D  Starting heartbeat
2025-12-08 07:16:24.537  8368-8408  SecureTokenStorage      com.cdccreditsmart.app               D  EncryptedSharedPreferences initialized successfully
2025-12-08 07:16:24.537  8368-8408  ContractCodeStorage     com.cdccreditsmart.app               D  Retrieving contract code from storage
2025-12-08 07:16:24.645  8368-8408  ContractCodeStorage     com.cdccreditsmart.app               D  Storage verification: 7 valid, 0 tampered, 0 missing
2025-12-08 07:16:24.645  8368-8408  ContractCodeStorage     com.cdccreditsmart.app               D  Contract code retrieved successfully
2025-12-08 07:16:24.648  8368-8408  SecureTokenStorage      com.cdccreditsmart.app               D  âš ï¸ Usando Serial Number para MDM (IMEI indisponÃ­vel): XV8W57...
2025-12-08 07:16:24.648  8368-8408  CdcForegroundService    com.cdccreditsmart.app               I  ğŸ” AuthToken presente: true
2025-12-08 07:16:24.648  8368-8408  CdcForegroundService    com.cdccreditsmart.app               I  ğŸ” AuthToken length: 260
2025-12-08 07:16:24.648  8368-8408  CdcForegroundService    com.cdccreditsmart.app               I  ğŸ” ContractCode presente: true
2025-12-08 07:16:24.648  8368-8408  CdcForegroundService    com.cdccreditsmart.app               I  ğŸ” ContractCode value: XV8W****
2025-12-08 07:16:24.648  8368-8408  CdcForegroundService    com.cdccreditsmart.app               I  ğŸ” MDM SerialNumber presente: true
2025-12-08 07:16:24.648  8368-8408  CdcForegroundService    com.cdccreditsmart.app               I  ğŸ” MDM SerialNumber value: XV8W5766...
2025-12-08 07:16:24.648  8368-8408  CdcForegroundService    com.cdccreditsmart.app               I  ğŸ”§ ========================================
2025-12-08 07:16:24.648  8368-8408  CdcForegroundService    com.cdccreditsmart.app               I  ğŸ”§ INICIALIZANDO MDM COM SERIAL NUMBER: XV8W5766...
2025-12-08 07:16:24.648  8368-8408  CdcForegroundService    com.cdccreditsmart.app               I  ğŸ”§ ========================================
2025-12-08 07:16:24.648  8368-8408  CdcForegroundService    com.cdccreditsmart.app               I  ğŸ” Tokens encontrados - inicializando serviÃ§os MDM
2025-12-08 07:16:24.649  8368-8408  CdcForegroundService    com.cdccreditsmart.app               D  ğŸ“¡ Criando MdmCommandReceiver (usando serialNumber do SecureTokenStorage)...
2025-12-08 07:16:24.660  8368-8408  MdmCommandReceiver      com.cdccreditsmart.app               D  âœ… Foreground service reference set for WakeLock management
2025-12-08 07:16:24.660  8368-8408  CdcForegroundService    com.cdccreditsmart.app               D  ğŸ”‹ Foreground service reference passada para MdmCommandReceiver
2025-12-08 07:16:24.660  8368-8408  CdcForegroundService    com.cdccreditsmart.app               I  ğŸ’“ ========================================
2025-12-08 07:16:24.660  8368-8408  CdcForegroundService    com.cdccreditsmart.app               I  ğŸ’“ INICIANDO HEARTBEAT MANAGER (60s)
2025-12-08 07:16:24.660  8368-8408  CdcForegroundService    com.cdccreditsmart.app               I  ğŸ’“ ========================================
2025-12-08 07:16:24.662  8368-8408  HeartbeatManager        com.cdccreditsmart.app               I  ğŸ’“ ========================================
2025-12-08 07:16:24.662  8368-8408  HeartbeatManager        com.cdccreditsmart.app               I  ğŸ’“ INICIANDO HEARTBEAT MANAGER (60s)
2025-12-08 07:16:24.662  8368-8408  HeartbeatManager        com.cdccreditsmart.app               I  ğŸ’“ ========================================
2025-12-08 07:16:24.663  8368-8408  HeartbeatManager        com.cdccreditsmart.app               I  ğŸ’“ Intervalo: 60 segundos
2025-12-08 07:16:24.663  8368-8408  HeartbeatManager        com.cdccreditsmart.app               I  ğŸ’“ Endpoint: POST /api/apk/device/heartbeat
2025-12-08 07:16:24.663  8368-8408  CdcForegroundService    com.cdccreditsmart.app               I  ğŸ’“ HeartbeatManager iniciado ANTES do WebSocket
2025-12-08 07:16:24.664  8368-8408  CdcForegroundService    com.cdccreditsmart.app               I  ğŸ“¡ ========================================
2025-12-08 07:16:24.664  8368-8408  CdcForegroundService    com.cdccreditsmart.app               I  ğŸ“¡ CONECTANDO WebSocket MDM...
2025-12-08 07:16:24.664  8368-8408  CdcForegroundService    com.cdccreditsmart.app               I  ğŸ“¡ ========================================
2025-12-08 07:16:24.665  8368-8408  CdcForegroundService    com.cdccreditsmart.app               I  ğŸ“¡ AuthToken length: 260 caracteres
2025-12-08 07:16:24.665  8368-8407  HeartbeatManager        com.cdccreditsmart.app               I  ğŸ’“ Enviando heartbeat IMEDIATO...
2025-12-08 07:16:24.665  8368-8408  CdcForegroundService    com.cdccreditsmart.app               I  ğŸ“¡ AuthToken preview: eyJhbGciOiJIUzI1NiIs...
2025-12-08 07:16:24.666  8368-8408  CdcForegroundService    com.cdccreditsmart.app               I  ğŸ“¡ Contract code: XV8W5766
2025-12-08 07:16:24.666  8368-8408  CdcForegroundService    com.cdccreditsmart.app               I  ğŸ“¡ Chamando mdmReceiver.connectMdmWebSocket()...
2025-12-08 07:16:24.670  8368-8406  FcmTokenManager         com.cdccreditsmart.app               D  Response code: 200
2025-12-08 07:16:24.671  8368-8406  FcmTokenManager         com.cdccreditsmart.app               D  âœ… FCM token registered successfully
2025-12-08 07:16:24.671  8368-8406  FcmTokenManager         com.cdccreditsmart.app               D  Response: {"success":true,"message":"FCM token registrado com sucesso"}
2025-12-08 07:16:24.672  8368-8406  PairingViewModel        com.cdccreditsmart.app               D  âœ… FCM token registered successfully
2025-12-08 07:16:24.705  8368-8407  SecureTokenStorage      com.cdccreditsmart.app               D  EncryptedSharedPreferences initialized successfully
2025-12-08 07:16:24.706  8368-8407  HeartbeatManager        com.cdccreditsmart.app               D  ğŸ’“ Usando authToken (fallback)
2025-12-08 07:16:24.716  8368-8407  HeartbeatManager        com.cdccreditsmart.app               D  ğŸ’“ Payload do heartbeat:
2025-12-08 07:16:24.717  8368-8407  HeartbeatManager        com.cdccreditsmart.app               D     deviceToken: eyJhbGciOiJIUzI1NiIs...
2025-12-08 07:16:24.717  8368-8407  HeartbeatManager        com.cdccreditsmart.app               D     currentBlockLevel: 0
2025-12-08 07:16:24.717  8368-8407  HeartbeatManager        com.cdccreditsmart.app               D     batteryLevel: 100
2025-12-08 07:16:24.717  8368-8407  HeartbeatManager        com.cdccreditsmart.app               D     isCharging: false
2025-12-08 07:16:24.717  8368-8407  HeartbeatManager        com.cdccreditsmart.app               D     currentSimImei: N/A...
2025-12-08 07:16:24.720  8368-8408  SecureTokenStorage      com.cdccreditsmart.app               D  EncryptedSharedPreferences initialized successfully
2025-12-08 07:16:24.722  8368-8408  SecureTokenStorage      com.cdccreditsmart.app               D  âš ï¸ Usando Serial Number para MDM (IMEI indisponÃ­vel): XV8W57...
2025-12-08 07:16:24.722  8368-8408  MdmCommandReceiver      com.cdccreditsmart.app               I  ğŸ”— ========================================
2025-12-08 07:16:24.722  8368-8408  MdmCommandReceiver      com.cdccreditsmart.app               I  ğŸ”— INICIANDO CONEXÃƒO WEBSOCKET MDM
2025-12-08 07:16:24.722  8368-8408  MdmCommandReceiver      com.cdccreditsmart.app               I  ğŸ”— ========================================
2025-12-08 07:16:24.722  8368-8408  MdmCommandReceiver      com.cdccreditsmart.app               I  ğŸ”— URL base: wss://cdccreditsmart.com/ws/mdm-policies
2025-12-08 07:16:24.722  8368-8408  MdmCommandReceiver      com.cdccreditsmart.app               I  ğŸ”— JWT Token presente: true
2025-12-08 07:16:24.722  8368-8408  MdmCommandReceiver      com.cdccreditsmart.app               I  ğŸ”— JWT Token length: 260
2025-12-08 07:16:24.722  8368-8408  MdmCommandReceiver      com.cdccreditsmart.app               I  ğŸ”— JWT Token preview: eyJhbGciOiJIUzI1NiIsInR5cCI6Ik...
2025-12-08 07:16:24.722  8368-8408  MdmCommandReceiver      com.cdccreditsmart.app               I  ğŸ”— Device identifier: XV8W5766
2025-12-08 07:16:24.722  8368-8408  MdmCommandReceiver      com.cdccreditsmart.app               D  ğŸ”— Criando WebSocket OkHttp...
2025-12-08 07:16:24.723  8368-8408  MdmCommandReceiver      com.cdccreditsmart.app               I  ğŸ”„ Iniciando polling IMEDIATAMENTE (nÃ£o esperar WebSocket)
2025-12-08 07:16:24.725  8368-8408  MdmCommandReceiver      com.cdccreditsmart.app               D  ğŸ”— WebSocket request enviado - aguardando resposta...
2025-12-08 07:16:24.726  8368-8408  CdcForegroundService    com.cdccreditsmart.app               I  ğŸ“¡ ========================================
2025-12-08 07:16:24.726  8368-8408  CdcForegroundService    com.cdccreditsmart.app               I  ğŸ“¡ connectMdmWebSocket() CHAMADO - Aguardando conexÃ£o...
2025-12-08 07:16:24.726  8368-8408  CdcForegroundService    com.cdccreditsmart.app               I  ğŸ“¡ PrÃ³ximo log esperado: 'âœ… WebSocket MDM CONECTADO'
2025-12-08 07:16:24.726  8368-8408  CdcForegroundService    com.cdccreditsmart.app               I  ğŸ“¡ ========================================
2025-12-08 07:16:24.726  8368-8408  CdcForegroundService    com.cdccreditsmart.app               D  ğŸ“¡ Criando WebSocketManager (flow-status)...
2025-12-08 07:16:24.727  8368-8408  WebSocketManager        com.cdccreditsmart.app               D  Connecting to WebSocket: wss://cdccreditsmart.com/ws/flow-status
2025-12-08 07:16:24.728  8368-8408  CdcForegroundService    com.cdccreditsmart.app               I  ğŸ“¡ WebSocketManager inicializado
2025-12-08 07:16:24.729  8368-8408  CdcForegroundService    com.cdccreditsmart.app               I  ğŸ’¡ Overlay automÃ¡tico: PeriodicOverlayWorker (a cada 10min)
2025-12-08 07:16:24.733  8368-8408  HeartbeatWorker         com.cdccreditsmart.app               I  âœ… Heartbeat OTIMIZADO agendado via WorkManager
2025-12-08 07:16:24.733  8368-8408  HeartbeatWorker         com.cdccreditsmart.app               I     ğŸ“Š Intervalo: 60min (reduÃ§Ã£o de 75% vs 15min)
2025-12-08 07:16:24.733  8368-8408  HeartbeatWorker         com.cdccreditsmart.app               I     ğŸ¯ Economia: ~72 requisiÃ§Ãµes/dia por dispositivo
2025-12-08 07:16:24.733  8368-8406  MdmCommandReceiver      com.cdccreditsmart.app               I  ğŸ”„ ========================================
2025-12-08 07:16:24.734  8368-8406  MdmCommandReceiver      com.cdccreditsmart.app               I  ğŸ”„ INICIANDO POLLING FALLBACK MDM
2025-12-08 07:16:24.734  8368-8406  MdmCommandReceiver      com.cdccreditsmart.app               I  ğŸ”„ ========================================
2025-12-08 07:16:24.734  8368-8406  MdmCommandReceiver      com.cdccreditsmart.app               I  ğŸ”„ Intervalo: 30 segundos
2025-12-08 07:16:24.734  8368-8406  MdmCommandReceiver      com.cdccreditsmart.app               I  ğŸ”„ Endpoint: GET /api/apk/device/{identifier}/commands
2025-12-08 07:16:24.734  8368-8406  MdmCommandReceiver      com.cdccreditsmart.app               I  ğŸ”„ Executando verificaÃ§Ã£o IMEDIATA de comandos...
2025-12-08 07:16:24.734  8368-8408  IconProtectionWorker    com.cdccreditsmart.app               I  ğŸ“Œ IconProtectionWorker agendado (15 min)
2025-12-08 07:16:24.735  8368-8408  IconProtectionWorker    com.cdccreditsmart.app               I  ğŸ“Œ IconProtectionWorker executando agora
2025-12-08 07:16:24.735  8368-8408  CdcForegroundService    com.cdccreditsmart.app               I  ğŸ“Œ Worker de proteÃ§Ã£o do Ã­cone agendado e executando
2025-12-08 07:16:24.736  8368-8408  BlockingNotifWorker     com.cdccreditsmart.app               I  ğŸ“… Agendando verificaÃ§Ã£o de notificaÃ§Ãµes de bloqueio...
2025-12-08 07:16:24.738  8368-8408  BlockingNotifWorker     com.cdccreditsmart.app               I  âœ… Worker agendado para executar a cada 6h
2025-12-08 07:16:24.738  8368-8408  CdcForegroundService    com.cdccreditsmart.app               I  ğŸ“± Worker de notificaÃ§Ãµes de bloqueio agendado
2025-12-08 07:16:24.738  8368-8408  CdcForegroundService    com.cdccreditsmart.app               I  ğŸ”’ ========================================
2025-12-08 07:16:24.738  8368-8408  CdcForegroundService    com.cdccreditsmart.app               I  ğŸ”’ VERIFICANDO STUB PARA PERSISTÃŠNCIA
2025-12-08 07:16:24.738  8368-8408  CdcForegroundService    com.cdccreditsmart.app               I  ğŸ”’ ========================================
2025-12-08 07:16:24.739  8368-8406  SecureTokenStorage      com.cdccreditsmart.app               D  âš ï¸ Usando Serial Number para MDM (IMEI indisponÃ­vel): XV8W57...
2025-12-08 07:16:24.739  8368-8406  MdmCommandReceiver      com.cdccreditsmart.app               I  ğŸ” ========================================
2025-12-08 07:16:24.739  8368-8406  MdmCommandReceiver      com.cdccreditsmart.app               I  ğŸ” BUSCANDO COMANDOS PENDENTES
2025-12-08 07:16:24.739  8368-8406  MdmCommandReceiver      com.cdccreditsmart.app               I  ğŸ” ========================================
2025-12-08 07:16:24.739  8368-8406  MdmCommandReceiver      com.cdccreditsmart.app               I  ğŸ” Identifier: XV8W5766
2025-12-08 07:16:24.739  8368-8406  MdmCommandReceiver      com.cdccreditsmart.app               I  ğŸ” Endpoint: GET /api/apk/device/XV8W5766/commands
2025-12-08 07:16:24.742  8368-8408  StubManager             com.cdccreditsmart.app               D  Stub is NOT installed
2025-12-08 07:16:24.751  8368-8406  MdmCommandReceiver      com.cdccreditsmart.app               D  ğŸ” Executando requisiÃ§Ã£o HTTP (timeout: 15s)...
2025-12-08 07:16:24.791  8368-8408  SecureTokenStorage      com.cdccreditsmart.app               D  EncryptedSharedPreferences initialized successfully
2025-12-08 07:16:24.792  8368-8408  ContractCodeStorage     com.cdccreditsmart.app               D  Retrieving contract code from storage
2025-12-08 07:16:24.828  8368-8438  okhttp.OkHttpClient     com.cdccreditsmart.app               I  --> GET https://cdccreditsmart.com/api/apk/device/XV8W5766/commands
2025-12-08 07:16:24.829  8368-8438  okhttp.OkHttpClient     com.cdccreditsmart.app               I  --> END GET
2025-12-08 07:16:24.835  8368-8404  JobInfo                 com.cdccreditsmart.app               W  Requested important-while-foreground flag for job10 is ignored and takes no effect
2025-12-08 07:16:24.905  8368-8438  SecureTokenStorage      com.cdccreditsmart.app               D  EncryptedSharedPreferences initialized successfully
2025-12-08 07:16:24.918  8368-8418  okhttp.OkHttpClient     com.cdccreditsmart.app               I  --> POST https://cdccreditsmart.com/api/apk/device/heartbeat
2025-12-08 07:16:24.919  8368-8418  okhttp.OkHttpClient     com.cdccreditsmart.app               I  Content-Type: application/json; charset=UTF-8
2025-12-08 07:16:24.922  8368-8418  okhttp.OkHttpClient     com.cdccreditsmart.app               I  Content-Length: 364
2025-12-08 07:16:24.922  8368-8418  okhttp.OkHttpClient     com.cdccreditsmart.app               I  Authorization: Bearer eyJhbGciOiJIUzI1NiIsInR5cCI6IkpXVCJ9.eyJkZXZpY2VJZCI6ImRldmljZV8xNzY1MTQ4NzcxNDYyXzR0ZXd3NDJwMTE0IiwiYXBrVG9rZW4iOiJYVjhXNTc2NiIsInR5cGUiOiJhcGsiLCJleHBpcmVzSW4iOiIyNGgiLCJpYXQiOjE3NjUxODg5ODMsImV4cCI6MTc2NTI3NTM4M30.muLfUOtUV3uQb4dj2-L5ojkEN6Jt4v2gQtGjUtDe1-Y
2025-12-08 07:16:24.923  8368-8418  okhttp.OkHttpClient     com.cdccreditsmart.app               I  {"deviceToken":"eyJhbGciOiJIUzI1NiIsInR5cCI6IkpXVCJ9.eyJkZXZpY2VJZCI6ImRldmljZV8xNzY1MTQ4NzcxNDYyXzR0ZXd3NDJwMTE0IiwiYXBrVG9rZW4iOiJYVjhXNTc2NiIsInR5cGUiOiJhcGsiLCJleHBpcmVzSW4iOiIyNGgiLCJpYXQiOjE3NjUxODg5ODMsImV4cCI6MTc2NTI3NTM4M30.muLfUOtUV3uQb4dj2-L5ojkEN6Jt4v2gQtGjUtDe1-Y","currentBlockLevel":0,"batteryLevel":100,"isCharging":false,"timestamp":1765188984716}
2025-12-08 07:16:24.923  8368-8418  okhttp.OkHttpClient     com.cdccreditsmart.app               I  --> END POST (364-byte body)
2025-12-08 07:16:24.969  8368-8456  IconProtectionWorker    com.cdccreditsmart.app               D  ğŸ” Verificando proteÃ§Ã£o do Ã­cone...
2025-12-08 07:16:24.980  8368-8418  SecureTokenStorage      com.cdccreditsmart.app               D  EncryptedSharedPreferences initialized successfully
2025-12-08 07:16:24.987  8368-8456  LauncherIconProtector   com.cdccreditsmart.app               I  ğŸ“Œ Atalho nÃ£o encontrado - criando novo...
2025-12-08 07:16:25.019  8368-8456  LauncherIconProtector   com.cdccreditsmart.app               I  âœ… SolicitaÃ§Ã£o de atalho enviada ao launcher
2025-12-08 07:16:25.019  8368-8456  LauncherIconProtector   com.cdccreditsmart.app               I  ğŸ“Š Ãcone restaurado 1 vezes
2025-12-08 07:16:25.020  8368-8456  IconProtectionWorker    com.cdccreditsmart.app               I  ğŸ“Š EstatÃ­sticas: Ã­cone restaurado 1 vezes
2025-12-08 07:16:25.020  8368-8456  IconProtectionWorker    com.cdccreditsmart.app               D  âœ… VerificaÃ§Ã£o de Ã­cone concluÃ­da
2025-12-08 07:16:25.023  8368-8399  WM-WorkerWrapper        com.cdccreditsmart.app               I  Worker result SUCCESS for Work [ id=12dd8476-224c-4a67-965f-1da03b42595f, tags={ com.cdccreditsmart.app.workers.IconProtectionWorker } ]
2025-12-08 07:16:25.095  8368-8373  creditsmart.app         com.cdccreditsmart.app               I  Background concurrent mark compact GC freed 7111KB AllocSpace bytes, 171(6188KB) LOS objects, 49% free, 15MB/30MB, paused 1.211ms,1.935ms total 189.521ms
2025-12-08 07:16:25.122  8368-8408  ContractCodeStorage     com.cdccreditsmart.app               D  Storage verification: 7 valid, 0 tampered, 0 missing
2025-12-08 07:16:25.122  8368-8408  ContractCodeStorage     com.cdccreditsmart.app               D  Contract code retrieved successfully
2025-12-08 07:16:25.123  8368-8408  StubManager             com.cdccreditsmart.app               D  Enrollment complete: true (deviceId=device_176..., contractCode=XV8W57...)
2025-12-08 07:16:25.123  8368-8408  StubManager             com.cdccreditsmart.app               D  Stub APK not found in assets: cdc_stub.apk
2025-12-08 07:16:25.125  8368-8408  CdcForegroundService    com.cdccreditsmart.app               I  ğŸ”’ Stub instalado: false
2025-12-08 07:16:25.125  8368-8408  CdcForegroundService    com.cdccreditsmart.app               I  ğŸ”’ Enrollment completo: true
2025-12-08 07:16:25.125  8368-8408  CdcForegroundService    com.cdccreditsmart.app               I  ğŸ”’ APK em assets: false
2025-12-08 07:16:25.125  8368-8408  CdcForegroundService    com.cdccreditsmart.app               I  ğŸ”’ Device Owner: false
2025-12-08 07:16:25.125  8368-8408  CdcForegroundService    com.cdccreditsmart.app               I  ğŸ”’ Pode instalar: false
2025-12-08 07:16:25.126  8368-8408  ContractCodeStorage     com.cdccreditsmart.app               D  Retrieving contract code from storage
2025-12-08 07:16:25.205  8368-8451  MdmCommandReceiver      com.cdccreditsmart.app               I  âœ… WebSocket MDM CONECTADO COM SUCESSO!
2025-12-08 07:16:25.205  8368-8451  MdmCommandReceiver      com.cdccreditsmart.app               D  âœ… Response code: 101
2025-12-08 07:16:25.206  8368-8451  MdmCommandReceiver      com.cdccreditsmart.app               I  â³ Aguardando 'auth_required' do servidor...
2025-12-08 07:16:25.206  8368-8451  MdmCommandReceiver      com.cdccreditsmart.app               D  â³ Polling jÃ¡ estÃ¡ ativo - ignorando chamada duplicada
2025-12-08 07:16:25.207  8368-8451  MdmCommandReceiver      com.cdccreditsmart.app               D  ğŸ“¥ Mensagem MDM recebida: {"type":"welcome","message":"Connected to unified WebSocket server","connectionId":"b701f936-deec-4517-8fde-e37587f5de83","path":"/ws/mdm-policies","routerKey":"mdm-policies","timestamp":"2025-12-08T10:16:25.293Z","serverTime":"2025-12-08T10:16:25.293Z"}
2025-12-08 07:16:25.209  8368-8455  MdmCommandReceiver      com.cdccreditsmart.app               I  ğŸ’“ Iniciando ping manual JSON (intervalo: 25s)
2025-12-08 07:16:25.210  8368-8407  MdmCommandReceiver      com.cdccreditsmart.app               D  â° Watchdog cancelado (conexÃ£o resolvida)
2025-12-08 07:16:25.228  8368-8452  WebSocketManager        com.cdccreditsmart.app               D  WebSocket connection opened
2025-12-08 07:16:25.228  8368-8452  WebSocketManager        com.cdccreditsmart.app               D  WebSocket connected for contract: XV8W5766
2025-12-08 07:16:25.228  8368-8452  WebSocketManager        com.cdccreditsmart.app               D  Starting heartbeat
2025-12-08 07:16:25.241  8368-8406  MdmCommandReceiver      com.cdccreditsmart.app               D  ğŸ“¥ JSON recebido: {"type":"welcome","message":"Connected to unified WebSocket server","connectionId":"b701f936-deec-4517-8fde-e37587f5de83","path":"/ws/mdm-policies","routerKey":"mdm-policies","timestamp":"2025-12-08T10:16:25.293Z","serverTime":"2025-12-08T10:16:25.293Z"}
2025-12-08 07:16:25.242  8368-8451  MdmCommandReceiver      com.cdccreditsmart.app               D  ğŸ“¥ Mensagem MDM recebida: {"type":"auth_required","message":"Please authenticate via message with serialNumber, deviceFingerprint or androidId","timeout":60,"timestamp":"2025-12-08T10:16:25.294Z"}
2025-12-08 07:16:25.243  8368-8407  MdmCommandReceiver      com.cdccreditsmart.app               D  ğŸ“¥ JSON recebido: {"type":"auth_required","message":"Please authenticate via message with serialNumber, deviceFingerprint or androidId","timeout":60,"timestamp":"2025-12-08T10:16:25.294Z"}
2025-12-08 07:16:25.270  8368-8406  MdmCommandReceiver      com.cdccreditsmart.app               D  ğŸ“¨ Tipo de mensagem: welcome
2025-12-08 07:16:25.271  8368-8406  MdmCommandReceiver      com.cdccreditsmart.app               D  ğŸ‘‹ Mensagem de boas-vindas do servidor
2025-12-08 07:16:25.290  8368-8407  MdmCommandReceiver      com.cdccreditsmart.app               D  ğŸ“¨ Tipo de mensagem: auth_required
2025-12-08 07:16:25.290  8368-8407  MdmCommandReceiver      com.cdccreditsmart.app               W  âš ï¸ ========================================
2025-12-08 07:16:25.290  8368-8407  MdmCommandReceiver      com.cdccreditsmart.app               W  âš ï¸ AUTENTICAÃ‡ÃƒO REQUERIDA PELO SERVIDOR
2025-12-08 07:16:25.290  8368-8407  MdmCommandReceiver      com.cdccreditsmart.app               W  âš ï¸ ========================================
2025-12-08 07:16:25.290  8368-8407  MdmCommandReceiver      com.cdccreditsmart.app               W  âš ï¸ Reenviando mensagem de autenticaÃ§Ã£o...
2025-12-08 07:16:25.295  8368-8408  ContractCodeStorage     com.cdccreditsmart.app               D  Storage verification: 7 valid, 0 tampered, 0 missing
2025-12-08 07:16:25.295  8368-8408  ContractCodeStorage     com.cdccreditsmart.app               D  Contract code retrieved successfully
2025-12-08 07:16:25.295  8368-8408  StubManager             com.cdccreditsmart.app               D  Enrollment complete: true (deviceId=device_176..., contractCode=XV8W57...)
2025-12-08 07:16:25.295  8368-8408  StubManager             com.cdccreditsmart.app               D  Stub is NOT installed
2025-12-08 07:16:25.295  8368-8408  StubManager             com.cdccreditsmart.app               D  Stub APK not found in assets: cdc_stub.apk
2025-12-08 07:16:25.295  8368-8408  StubManager             com.cdccreditsmart.app               W  Stub APK not found in assets - skipping installation
2025-12-08 07:16:25.296  8368-8408  CdcForegroundService    com.cdccreditsmart.app               W  ğŸ”’ âš ï¸ Stub APK nÃ£o encontrado em assets/
2025-12-08 07:16:25.298  8368-8408  CdcForegroundService    com.cdccreditsmart.app               I  ğŸ”’ ========================================
2025-12-08 07:16:25.298  8368-8408  CdcForegroundService    com.cdccreditsmart.app               I  ğŸ“¦ ========================================
2025-12-08 07:16:25.298  8368-8408  CdcForegroundService    com.cdccreditsmart.app               I  ğŸ“¦ APK PRELOAD PARA FACTORY RESET (Multi-Fabricante)
2025-12-08 07:16:25.298  8368-8408  CdcForegroundService    com.cdccreditsmart.app               I  ğŸ“¦ ========================================
2025-12-08 07:16:25.298  8368-8408  ApkPreloadManager       com.cdccreditsmart.app               I  ğŸ“± Fabricante genÃ©rico - usando caminhos AOSP
2025-12-08 07:16:25.299  8368-8408  CdcForegroundService    com.cdccreditsmart.app               I  ğŸ“¦ APK em preload: false
2025-12-08 07:16:25.299  8368-8407  SecureTokenStorage      com.cdccreditsmart.app               D  âš ï¸ Usando Serial Number para MDM (IMEI indisponÃ­vel): XV8W57...
