---------------------------- PROCESS STARTED (11612) for package com.cdccreditsmart.app ----------------------------
2025-12-04 06:28:09.603 11612-11612 creditsmart.app         com.cdccreditsmart.app               I  AssetManager2(0x7978a5e9d6f8) locale list changing from [] to [en-US]
2025-12-04 06:28:09.662 11612-11612 FirebaseApp             com.cdccreditsmart.app               I  Device unlocked: initializing all Firebase APIs for app [DEFAULT]
2025-12-04 06:28:09.686 11612-11612 FirebaseInitProvider    com.cdccreditsmart.app               I  FirebaseApp initialization successful
2025-12-04 06:28:09.722 11612-11629 creditsmart.app         com.cdccreditsmart.app               W  ClassLoaderContext classpath size mismatch. expected=1, found=0 (DLC[];PCL[base.apk*630649996]{PCL[/system/framework/org.apache.http.legacy.jar*4247870504]#PCL[/system/framework/com.android.media.remotedisplay.jar*487574312]#PCL[/system/framework/com.android.location.provider.jar*1570284764]#PCL[/system_ext/framework/androidx.window.extensions.jar*1030441313]#PCL[/system_ext/framework/androidx.window.sidecar.jar*3860983653]} | DLC[];PCL[])
2025-12-04 06:28:09.731 11612-11629 DynamiteModule          com.cdccreditsmart.app               I  Considering local module com.google.android.gms.measurement.dynamite:127 and remote module com.google.android.gms.measurement.dynamite:170
2025-12-04 06:28:09.731 11612-11629 DynamiteModule          com.cdccreditsmart.app               I  Selected remote version of com.google.android.gms.measurement.dynamite, version >= 170
2025-12-04 06:28:09.746 11612-11629 System                  com.cdccreditsmart.app               W  ClassLoader referenced unknown path: 
2025-12-04 06:28:09.763 11612-11629 creditsmart.app         com.cdccreditsmart.app               I  AssetManager2(0x7978a5ea4458) locale list changing from [] to [en-US]
2025-12-04 06:28:09.769 11612-11612 CrashHandler            com.cdccreditsmart.app               I  âœ… Global crash handler instalado
2025-12-04 06:28:09.769 11612-11612 CDCApplication          com.cdccreditsmart.app               I  ğŸš€ CDC Credit Smart Application iniciando...
2025-12-04 06:28:09.769 11612-11612 CDCApplication          com.cdccreditsmart.app               I  ========================================
2025-12-04 06:28:09.769 11612-11612 CDCApplication          com.cdccreditsmart.app               I  ğŸ” Verificando status de Device Owner...
2025-12-04 06:28:09.773 11612-11612 CDCApplication          com.cdccreditsmart.app               I  Device Owner Status: âŒ NÃƒO
2025-12-04 06:28:09.774 11612-11612 CDCApplication          com.cdccreditsmart.app               I  Package Name: com.cdccreditsmart.app
2025-12-04 06:28:09.774 11612-11612 CDCApplication          com.cdccreditsmart.app               E  
2025-12-04 06:28:09.774 11612-11612 CDCApplication          com.cdccreditsmart.app               E  â•”â•â•â•â•â•â•â•â•â•â•â•â•â•â•â•â•â•â•â•â•â•â•â•â•â•â•â•â•â•â•â•â•â•â•â•â•â•â•â•â•â•â•â•â•â•â•â•â•â•â•â•â•â•â•â•â•â•—
2025-12-04 06:28:09.774 11612-11612 CDCApplication          com.cdccreditsmart.app               E  â•‘  âš ï¸  APP NÃƒO ESTÃ PROVISIONADO COMO DEVICE OWNER  âš ï¸   â•‘
2025-12-04 06:28:09.774 11612-11612 CDCApplication          com.cdccreditsmart.app               E  â• â•â•â•â•â•â•â•â•â•â•â•â•â•â•â•â•â•â•â•â•â•â•â•â•â•â•â•â•â•â•â•â•â•â•â•â•â•â•â•â•â•â•â•â•â•â•â•â•â•â•â•â•â•â•â•â•â•£
2025-12-04 06:28:09.774 11612-11612 CDCApplication          com.cdccreditsmart.app               E  â•‘  O app precisa ser provisionado como Device Owner      â•‘
2025-12-04 06:28:09.774 11612-11612 CDCApplication          com.cdccreditsmart.app               E  â•‘  ANTES de poder conceder permissÃµes automaticamente.   â•‘
2025-12-04 06:28:09.774 11612-11612 CDCApplication          com.cdccreditsmart.app               E  â•‘                                                        â•‘
2025-12-04 06:28:09.774 11612-11612 CDCApplication          com.cdccreditsmart.app               E  â•‘  Provisione o dispositivo usando um dos mÃ©todos:       â•‘
2025-12-04 06:28:09.774 11612-11612 CDCApplication          com.cdccreditsmart.app               E  â•‘  1. ADB: adb shell dpm set-device-owner ...           â•‘
2025-12-04 06:28:09.774 11612-11612 CDCApplication          com.cdccreditsmart.app               E  â•‘  2. QR Code durante setup inicial                      â•‘
2025-12-04 06:28:09.774 11612-11612 CDCApplication          com.cdccreditsmart.app               E  â•‘  3. NFC durante setup inicial                          â•‘
2025-12-04 06:28:09.774 11612-11612 CDCApplication          com.cdccreditsmart.app               E  â•‘  4. Samsung Knox Mobile Enrollment                     â•‘
2025-12-04 06:28:09.774 11612-11612 CDCApplication          com.cdccreditsmart.app               E  â•šâ•â•â•â•â•â•â•â•â•â•â•â•â•â•â•â•â•â•â•â•â•â•â•â•â•â•â•â•â•â•â•â•â•â•â•â•â•â•â•â•â•â•â•â•â•â•â•â•â•â•â•â•â•â•â•â•â•
2025-12-04 06:28:09.775 11612-11612 CDCApplication          com.cdccreditsmart.app               E  
2025-12-04 06:28:09.775 11612-11612 CDCApplication          com.cdccreditsmart.app               I  ========================================
2025-12-04 06:28:09.781 11612-11612 AppProtectionManager    com.cdccreditsmart.app               I  
2025-12-04 06:28:09.781 11612-11612 AppProtectionManager    com.cdccreditsmart.app               I  â•”â•â•â•â•â•â•â•â•â•â•â•â•â•â•â•â•â•â•â•â•â•â•â•â•â•â•â•â•â•â•â•â•â•â•â•â•â•â•â•â•â•â•â•â•â•â•â•â•â•â•â•â•â•â•â•â•â•â•â•â•â•â•â•â•â•—
2025-12-04 06:28:09.782 11612-11612 AppProtectionManager    com.cdccreditsmart.app               I  â•‘     ğŸ›¡ï¸ APLICANDO MELHOR PROTEÃ‡ÃƒO DISPONÃVEL                    â•‘
2025-12-04 06:28:09.782 11612-11612 AppProtectionManager    com.cdccreditsmart.app               I  â•‘           CDC CREDIT SMART - PROTEÃ‡ÃƒO EM CAMADAS              â•‘
2025-12-04 06:28:09.782 11612-11612 AppProtectionManager    com.cdccreditsmart.app               I  â•šâ•â•â•â•â•â•â•â•â•â•â•â•â•â•â•â•â•â•â•â•â•â•â•â•â•â•â•â•â•â•â•â•â•â•â•â•â•â•â•â•â•â•â•â•â•â•â•â•â•â•â•â•â•â•â•â•â•â•â•â•â•â•â•â•â•
2025-12-04 06:28:09.782 11612-11612 AppProtectionManager    com.cdccreditsmart.app               I  
2025-12-04 06:28:09.787 11612-11612 AppProtectionManager    com.cdccreditsmart.app               I  ğŸ“‹ STATUS ATUAL:
2025-12-04 06:28:09.788 11612-11629 creditsmart.app         com.cdccreditsmart.app               W  ClassLoaderContext classpath element checksum mismatch. expected=630649996, found=3450785434 (DLC[];PCL[base.apk*630649996]{PCL[/system/framework/org.apache.http.legacy.jar*4247870504]#PCL[/system/framework/com.android.media.remotedisplay.jar*487574312]#PCL[/system/framework/com.android.location.provider.jar*1570284764]#PCL[/system_ext/framework/androidx.window.extensions.jar*1030441313]#PCL[/system_ext/framework/androidx.window.sidecar.jar*3860983653]} | DLC[];PCL[/data/app/~~QXyo03XGVdxZoklTET8nKQ==/com.cdccreditsmart.app-opYhhzpK8J59wpGFVI7Qcg==/base.apk*3450785434])
2025-12-04 06:28:09.788 11612-11612 AppProtectionManager    com.cdccreditsmart.app               I     Device Owner: NÃƒO
2025-12-04 06:28:09.788 11612-11612 AppProtectionManager    com.cdccreditsmart.app               I     Device Admin: NÃƒO
2025-12-04 06:28:09.788 11612-11612 AppProtectionManager    com.cdccreditsmart.app               I  
2025-12-04 06:28:09.788 11612-11612 AppProtectionManager    com.cdccreditsmart.app               W  âš ï¸ NÃVEL: SEM PRIVILÃ‰GIOS
2025-12-04 06:28:09.788 11612-11612 AppProtectionManager    com.cdccreditsmart.app               W     App precisa ser ativado como Device Admin ou Device Owner
2025-12-04 06:28:09.788 11612-11612 AppProtectionManager    com.cdccreditsmart.app               W     para aplicar proteÃ§Ãµes contra desinstalaÃ§Ã£o.
2025-12-04 06:28:09.788 11612-11612 AppProtectionManager    com.cdccreditsmart.app               W  
2025-12-04 06:28:09.788 11612-11612 AppProtectionManager    com.cdccreditsmart.app               I     Iniciando serviÃ§os de persistÃªncia...
2025-12-04 06:28:09.791 11612-11612 AppProtectionManager    com.cdccreditsmart.app               I     âœ… Foreground Service iniciado
2025-12-04 06:28:09.800 11612-11641 ashmem                  com.cdccreditsmart.app               E  Pinning is deprecated since Android Q. Please use trim or other methods.
2025-12-04 06:28:09.810 11612-11612 AppProtectionManager    com.cdccreditsmart.app               I     âœ… ServiceWatchdog agendado (15 min)
2025-12-04 06:28:09.810 11612-11612 CDCApplication          com.cdccreditsmart.app               I  
2025-12-04 06:28:09.810 11612-11612 CDCApplication          com.cdccreditsmart.app               I  â•”â•â•â•â•â•â•â•â•â•â•â•â•â•â•â•â•â•â•â•â•â•â•â•â•â•â•â•â•â•â•â•â•â•â•â•â•â•â•â•â•â•â•â•â•â•â•â•â•â•â•â•â•â•â•â•â•â•â•â•â•â•—
2025-12-04 06:28:09.810 11612-11612 CDCApplication          com.cdccreditsmart.app               I  â•‘     RESULTADO DA APLICAÃ‡ÃƒO DE PROTEÃ‡Ã•ES                    â•‘
2025-12-04 06:28:09.810 11612-11612 CDCApplication          com.cdccreditsmart.app               I  â•šâ•â•â•â•â•â•â•â•â•â•â•â•â•â•â•â•â•â•â•â•â•â•â•â•â•â•â•â•â•â•â•â•â•â•â•â•â•â•â•â•â•â•â•â•â•â•â•â•â•â•â•â•â•â•â•â•â•â•â•â•â•
2025-12-04 06:28:09.810 11612-11612 CDCApplication          com.cdccreditsmart.app               I     NÃ­vel: NONE
2025-12-04 06:28:09.810 11612-11612 CDCApplication          com.cdccreditsmart.app               I     ProteÃ§Ãµes aplicadas: 0
2025-12-04 06:28:09.810 11612-11612 CDCApplication          com.cdccreditsmart.app               E     Status: SEM PROTEÃ‡ÃƒO
2025-12-04 06:28:09.810 11612-11612 CDCApplication          com.cdccreditsmart.app               E     App precisa ser provisionado como Device Owner
2025-12-04 06:28:09.810 11612-11612 CDCApplication          com.cdccreditsmart.app               E  
2025-12-04 06:28:09.810 11612-11612 CDCApplication          com.cdccreditsmart.app               E     Provisione o dispositivo usando:
2025-12-04 06:28:09.810 11612-11612 CDCApplication          com.cdccreditsmart.app               E     1. QR Code durante setup inicial
2025-12-04 06:28:09.810 11612-11612 CDCApplication          com.cdccreditsmart.app               E     2. ADB: adb shell dpm set-device-owner ...
2025-12-04 06:28:09.810 11612-11612 CDCApplication          com.cdccreditsmart.app               E     3. Samsung Knox Mobile Enrollment
2025-12-04 06:28:09.810 11612-11612 CDCApplication          com.cdccreditsmart.app               I  â•šâ•â•â•â•â•â•â•â•â•â•â•â•â•â•â•â•â•â•â•â•â•â•â•â•â•â•â•â•â•â•â•â•â•â•â•â•â•â•â•â•â•â•â•â•â•â•â•â•â•â•â•â•â•â•â•â•â•â•â•â•â•
2025-12-04 06:28:09.810 11612-11612 CDCApplication          com.cdccreditsmart.app               I  
2025-12-04 06:28:09.810 11612-11612 TamperDetection         com.cdccreditsmart.app               I  ========================================
2025-12-04 06:28:09.810 11612-11612 TamperDetection         com.cdccreditsmart.app               I  ğŸ” VERIFICANDO INTEGRIDADE DO DISPOSITIVO
2025-12-04 06:28:09.810 11612-11612 TamperDetection         com.cdccreditsmart.app               I  ========================================
2025-12-04 06:28:09.820 11612-11629 creditsmart.app         com.cdccreditsmart.app               I  AssetManager2(0x7978a5e9c438) locale list changing from [] to [en-US]
2025-12-04 06:28:09.821 11612-11629 creditsmart.app         com.cdccreditsmart.app               I  AssetManager2(0x7978a5ea5718) locale list changing from [] to [en-US]
2025-12-04 06:28:09.865 11612-11648 creditsmart.app         com.cdccreditsmart.app               I  hiddenapi: Accessing hidden method Ldalvik/system/VMStack;->getStackClass2()Ljava/lang/Class; (runtime_flags=0, domain=core-platform, api=unsupported) from Lm7/aox; (domain=app) using reflection: allowed
2025-12-04 06:28:09.876 11612-11648 PhClient                com.cdccreditsmart.app               I  Unable to retrieve flag snapshot for com.google.android.gms.measurement#com.cdccreditsmart.app, using defaults.
2025-12-04 06:28:09.877 11612-11647 JobInfo                 com.cdccreditsmart.app               W  Requested important-while-foreground flag for job0 is ignored and takes no effect
2025-12-04 06:28:09.892 11612-11646 creditsmart.app         com.cdccreditsmart.app               E  No package ID 6a found for resource ID 0x6a0b0013.
2025-12-04 06:28:09.894 11612-11646 FA                      com.cdccreditsmart.app               I  App measurement initialized, version: 146007
2025-12-04 06:28:09.896 11612-11646 FA                      com.cdccreditsmart.app               I  To enable debug logging run: adb shell setprop log.tag.FA VERBOSE
2025-12-04 06:28:09.896 11612-11646 FA                      com.cdccreditsmart.app               I  To enable faster debug mode event logging run:
                                                                                                      adb shell setprop debug.firebase.analytics.app com.cdccreditsmart.app
2025-12-04 06:28:09.992 11612-11612 TamperDetection         com.cdccreditsmart.app               I  âœ… Primeira instalaÃ§Ã£o detectada
2025-12-04 06:28:09.992 11612-11612 TamperDetection         com.cdccreditsmart.app               I     Token e deviceId nÃ£o existem - app nunca foi pareado
2025-12-04 06:28:09.992 11612-11612 TamperDetection         com.cdccreditsmart.app               I  ========================================
2025-12-04 06:28:10.001 11612-11612 TamperDetection         com.cdccreditsmart.app               I  âœ… Device fingerprint criado: CDC_-124****
2025-12-04 06:28:10.001 11612-11612 TamperDetection         com.cdccreditsmart.app               I  
2025-12-04 06:28:10.001 11612-11612 TamperDetection         com.cdccreditsmart.app               I  â•”â•â•â•â•â•â•â•â•â•â•â•â•â•â•â•â•â•â•â•â•â•â•â•â•â•â•â•â•â•â•â•â•â•â•â•â•â•â•â•â•â•â•â•â•â•â•â•â•â•â•â•â•â•â•â•â•â•—
2025-12-04 06:28:10.001 11612-11612 TamperDetection         com.cdccreditsmart.app               I  â•‘    ğŸ“¡ REPORTAR BOOT AO BACKEND                        â•‘
2025-12-04 06:28:10.001 11612-11612 TamperDetection         com.cdccreditsmart.app               I  â• â•â•â•â•â•â•â•â•â•â•â•â•â•â•â•â•â•â•â•â•â•â•â•â•â•â•â•â•â•â•â•â•â•â•â•â•â•â•â•â•â•â•â•â•â•â•â•â•â•â•â•â•â•â•â•â•â•£
2025-12-04 06:28:10.001 11612-11612 TamperDetection         com.cdccreditsmart.app               I  â•‘  Device Fingerprint: CDC_-1244237****      â•‘
2025-12-04 06:28:10.001 11612-11612 TamperDetection         com.cdccreditsmart.app               I  â•‘  Boot Timestamp: 1764840490001          â•‘
2025-12-04 06:28:10.001 11612-11612 TamperDetection         com.cdccreditsmart.app               I  â•‘                                                        â•‘
2025-12-04 06:28:10.001 11612-11612 TamperDetection         com.cdccreditsmart.app               I  â•‘  Backend detectarÃ¡ factory reset comparando:          â•‘
2025-12-04 06:28:10.001 11612-11612 TamperDetection         com.cdccreditsmart.app               I  â•‘  â€¢ Fingerprint histÃ³rico vs atual                     â•‘
2025-12-04 06:28:10.001 11612-11612 TamperDetection         com.cdccreditsmart.app               I  â•‘  â€¢ Timestamp do Ãºltimo boot vs agora                  â•‘
2025-12-04 06:28:10.001 11612-11612 TamperDetection         com.cdccreditsmart.app               I  â•‘  â€¢ Token vÃ¡lido vs ausente                            â•‘
2025-12-04 06:28:10.001 11612-11612 TamperDetection         com.cdccreditsmart.app               I  â•šâ•â•â•â•â•â•â•â•â•â•â•â•â•â•â•â•â•â•â•â•â•â•â•â•â•â•â•â•â•â•â•â•â•â•â•â•â•â•â•â•â•â•â•â•â•â•â•â•â•â•â•â•â•â•â•â•â•
2025-12-04 06:28:10.001 11612-11612 TamperDetection         com.cdccreditsmart.app               I  
2025-12-04 06:28:10.001 11612-11612 TamperDetection         com.cdccreditsmart.app               I  âš ï¸ TODO: Implementar POST /api/security/device-boot
2025-12-04 06:28:10.007 11612-11646 FA                      com.cdccreditsmart.app               I  Tag Manager is not found and thus will not be used
2025-12-04 06:28:10.009 11612-11652 CDCApplication          com.cdccreditsmart.app               I  ğŸ”’ Verificando status do SIM no boot da aplicaÃ§Ã£o...
2025-12-04 06:28:10.013 11612-11652 SimSwapManager          com.cdccreditsmart.app               I  ========================================
2025-12-04 06:28:10.013 11612-11652 SimSwapManager          com.cdccreditsmart.app               I  ğŸ”’ SIM SWAP: Iniciando verificaÃ§Ã£o de status do SIM
2025-12-04 06:28:10.013 11612-11652 SimSwapManager          com.cdccreditsmart.app               I  ========================================
2025-12-04 06:28:10.016 11612-11652 SimSwapDetector         com.cdccreditsmart.app               E  ğŸ”’ SIM SWAP: PermissÃ£o READ_PHONE_STATE NÃƒO CONCEDIDA!
2025-12-04 06:28:10.016 11612-11652 SimSwapManager          com.cdccreditsmart.app               E  ğŸ”’ SIM SWAP: Sem permissÃ£o READ_PHONE_STATE - verificaÃ§Ã£o cancelada
2025-12-04 06:28:10.016 11612-11652 SimSwapManager          com.cdccreditsmart.app               I  ========================================
2025-12-04 06:28:10.016 11612-11653 CDCApplication          com.cdccreditsmart.app               W  âš ï¸ VerificaÃ§Ã£o de SIM swap falhou ou encontrou problemas
2025-12-04 06:28:10.138 11612-11612 ContractCodeStorage     com.cdccreditsmart.app               W  No valid contract code found in any location
2025-12-04 06:28:10.139 11612-11612 CDCApplication          com.cdccreditsmart.app               I  â¸ï¸ Sem tokens - aguardando pairing para iniciar serviÃ§o MDM
2025-12-04 06:28:10.141 11612-11612 AutoBlockingWorker      com.cdccreditsmart.app               I  âœ… VerificaÃ§Ã£o automÃ¡tica de bloqueio agendada (diariamente Ã s 00:00)
2025-12-04 06:28:10.141 11612-11612 AutoBlockingWorker      com.cdccreditsmart.app               I     PrÃ³xima execuÃ§Ã£o em: 871 minutos
2025-12-04 06:28:10.141 11612-11612 CDCApplication          com.cdccreditsmart.app               I  ğŸ“… Agendando overlay automÃ¡tico com intervalo progressivo...
2025-12-04 06:28:10.142 11612-11612 PeriodicOverlayWorker   com.cdccreditsmart.app               I  ğŸ“… Agendando overlay automÃ¡tico com INTERVALO PROGRESSIVO
2025-12-04 06:28:10.142 11612-11612 PeriodicOverlayWorker   com.cdccreditsmart.app               I     1-4 dias de atraso: a cada 10 minutos
2025-12-04 06:28:10.142 11612-11612 PeriodicOverlayWorker   com.cdccreditsmart.app               I     5-14 dias de atraso: a cada 5 minutos
2025-12-04 06:28:10.142 11612-11612 PeriodicOverlayWorker   com.cdccreditsmart.app               I     15+ dias de atraso: a cada 3 minutos
2025-12-04 06:28:10.142 11612-11612 WM-WorkSpec             com.cdccreditsmart.app               W  Interval duration lesser than minimum allowed value; Changed to 900000
2025-12-04 06:28:10.142 11612-11612 WM-WorkSpec             com.cdccreditsmart.app               W  Flex duration lesser than minimum allowed value; Changed to 300000
2025-12-04 06:28:10.144 11612-11612 PeriodicOverlayWorker   com.cdccreditsmart.app               I  âœ… Overlay automÃ¡tico agendado com sucesso
2025-12-04 06:28:10.144 11612-11612 CDCApplication          com.cdccreditsmart.app               I  ğŸ”’ Iniciando sistema Keep Alive...
2025-12-04 06:28:10.145 11612-11612 KeepAliveManager        com.cdccreditsmart.app               I  ğŸ”’ ========================================
2025-12-04 06:28:10.145 11612-11612 KeepAliveManager        com.cdccreditsmart.app               I  ğŸ”’ INICIANDO SISTEMA KEEP ALIVE
2025-12-04 06:28:10.145 11612-11612 KeepAliveManager        com.cdccreditsmart.app               I  ğŸ”’ ========================================
2025-12-04 06:28:10.145 11612-11612 KeepAliveManager        com.cdccreditsmart.app               I  âœ… ServiceWatchdogWorker agendado (15min)
2025-12-04 06:28:10.147 11612-11612 KeepAliveManager        com.cdccreditsmart.app               I  âœ… AlarmManager wakeup agendado (10min)
2025-12-04 06:28:10.148 11612-11612 KeepAliveManager        com.cdccreditsmart.app               I  ğŸ”‹ Tentando desativar otimizaÃ§Ã£o de bateria automaticamente...
2025-12-04 06:28:10.149 11612-11612 KeepAliveManager        com.cdccreditsmart.app               I  ğŸ”‹ App NÃƒO Ã© Device Owner - abrindo configuraÃ§Ãµes do sistema
2025-12-04 06:28:10.155 11612-11612 KeepAliveManager        com.cdccreditsmart.app               I  âœ… Tela de isenÃ§Ã£o de bateria aberta para o usuÃ¡rio
2025-12-04 06:28:10.155 11612-11612 KeepAliveManager        com.cdccreditsmart.app               I  ğŸ”’ Sistema Keep Alive ativo
2025-12-04 06:28:10.156 11612-11612 KeepAliveManager        com.cdccreditsmart.app               I  ğŸ”’ - WorkManager: verificaÃ§Ã£o a cada 15min
2025-12-04 06:28:10.156 11612-11612 KeepAliveManager        com.cdccreditsmart.app               I  ğŸ”’ - AlarmManager: wakeup a cada 10min
2025-12-04 06:28:10.156 11612-11612 KeepAliveManager        com.cdccreditsmart.app               I  ğŸ”’ ========================================
2025-12-04 06:28:10.158 11612-11612 CDCApplication          com.cdccreditsmart.app               I  ğŸ“Š Keep Alive Stats:
2025-12-04 06:28:10.158 11612-11612 CDCApplication          com.cdccreditsmart.app               I     - Restarts anteriores: 0
2025-12-04 06:28:10.159 11612-11612 CDCApplication          com.cdccreditsmart.app               I     - OtimizaÃ§Ã£o bateria: SIM (ruim)
2025-12-04 06:28:10.173 11612-11657 DisplayManager          com.cdccreditsmart.app               I  Choreographer implicitly registered for the refresh rate.
2025-12-04 06:28:10.176 11612-11612 creditsmart.app         com.cdccreditsmart.app               I  AssetManager2(0x7978a5e9f958) locale list changing from [] to [en-US]
2025-12-04 06:28:10.231 11612-11612 MainActivity            com.cdccreditsmart.app               I  ========================================
2025-12-04 06:28:10.231 11612-11612 MainActivity            com.cdccreditsmart.app               I  ğŸ“± SOLICITANDO PERMISSÃ•ES (NÃƒO DEVICE OWNER)
2025-12-04 06:28:10.231 11612-11612 MainActivity            com.cdccreditsmart.app               I  ========================================
2025-12-04 06:28:10.231 11612-11653 MainActivity            com.cdccreditsmart.app               I  ğŸ†• Device nunca foi provisionado
2025-12-04 06:28:10.233 11612-11657 EGL_emulation           com.cdccreditsmart.app               I  Opening libGLESv1_CM_emulation.so
2025-12-04 06:28:10.233 11612-11612 MainActivity            com.cdccreditsmart.app               I  ğŸ“‹ Runtime permissions a solicitar: 9
2025-12-04 06:28:10.236 11612-11657 EGL_emulation           com.cdccreditsmart.app               I  Opening libGLESv2_emulation.so
2025-12-04 06:28:10.247 11612-11612 SpecialPermissionReq    com.cdccreditsmart.app               I  ========================================
2025-12-04 06:28:10.247 11612-11612 SpecialPermissionReq    com.cdccreditsmart.app               I  ğŸ“Š STATUS DAS PERMISSÃ•ES ESPECIAIS
2025-12-04 06:28:10.247 11612-11612 SpecialPermissionReq    com.cdccreditsmart.app               I  ========================================
2025-12-04 06:28:10.250 11612-11612 SpecialPermissionReq    com.cdccreditsmart.app               I    USAGE_STATS: âŒ NÃƒO CONCEDIDA
2025-12-04 06:28:10.252 11612-11612 SpecialPermissionReq    com.cdccreditsmart.app               I    OVERLAY: âŒ NÃƒO CONCEDIDA
2025-12-04 06:28:10.253 11612-11612 SpecialPermissionReq    com.cdccreditsmart.app               W  
2025-12-04 06:28:10.253 11612-11612 SpecialPermissionReq    com.cdccreditsmart.app               W  âš ï¸ PROTEÃ‡ÃƒO ANTI-DESINSTALAÃ‡ÃƒO COMPROMETIDA!
2025-12-04 06:28:10.253 11612-11612 SpecialPermissionReq    com.cdccreditsmart.app               W     Sem essas permissÃµes, a proteÃ§Ã£o via overlay nÃ£o funciona.
2025-12-04 06:28:10.253 11612-11612 SpecialPermissionReq    com.cdccreditsmart.app               W     O usuÃ¡rio conseguirÃ¡ acessar App Info e desinstalar.
2025-12-04 06:28:10.253 11612-11612 SpecialPermissionReq    com.cdccreditsmart.app               I  ========================================
2025-12-04 06:28:10.253 11612-11612 MainActivity            com.cdccreditsmart.app               W  ========================================
2025-12-04 06:28:10.253 11612-11612 MainActivity            com.cdccreditsmart.app               W  âš ï¸ PERMISSÃ•ES ESPECIAIS NECESSÃRIAS
2025-12-04 06:28:10.253 11612-11612 MainActivity            com.cdccreditsmart.app               W  ========================================
2025-12-04 06:28:10.253 11612-11612 MainActivity            com.cdccreditsmart.app               W  Para proteÃ§Ã£o anti-desinstalaÃ§Ã£o funcionar:
2025-12-04 06:28:10.253 11612-11612 MainActivity            com.cdccreditsmart.app               W    âŒ Acesso ao Uso de Apps
2025-12-04 06:28:10.253 11612-11612 MainActivity            com.cdccreditsmart.app               W       Permite detectar quando vocÃª abre as ConfiguraÃ§Ãµes para aplicar proteÃ§Ã£o
2025-12-04 06:28:10.253 11612-11612 MainActivity            com.cdccreditsmart.app               W    âŒ Exibir sobre outros apps
2025-12-04 06:28:10.253 11612-11612 MainActivity            com.cdccreditsmart.app               W       Permite mostrar avisos de proteÃ§Ã£o sobre outros aplicativos
2025-12-04 06:28:10.253 11612-11612 MainActivity            com.cdccreditsmart.app               W  ========================================
2025-12-04 06:28:10.253 11612-11612 MainActivity            com.cdccreditsmart.app               W  O app solicitarÃ¡ essas permissÃµes na prÃ³xima interaÃ§Ã£o
2025-12-04 06:28:10.253 11612-11612 MainActivity            com.cdccreditsmart.app               W  ========================================
2025-12-04 06:28:10.257 11612-11657 HWUI                    com.cdccreditsmart.app               W  Failed to choose config with EGL_SWAP_BEHAVIOR_PRESERVED, retrying without...
2025-12-04 06:28:10.257 11612-11657 HWUI                    com.cdccreditsmart.app               W  Failed to initialize 101010-2 format, error = EGL_SUCCESS
2025-12-04 06:28:10.308 11612-11612 HWUI                    com.cdccreditsmart.app               W  Unknown dataspace 0
2025-12-04 06:28:10.368 11612-11612 CdcForegroundService    com.cdccreditsmart.app               I  âœ… ScreenStateReceiver registrado
2025-12-04 06:28:10.394 11612-11612 CdcForegroundService    com.cdccreditsmart.app               I  âœ… Foreground Service ativo (Android 12+)
2025-12-04 06:28:10.397 11612-11653 CdcForegroundService    com.cdccreditsmart.app               I  ğŸ”§ ========================================
2025-12-04 06:28:10.397 11612-11653 CdcForegroundService    com.cdccreditsmart.app               I  ğŸ”§ INICIANDO initializeServices()...
2025-12-04 06:28:10.397 11612-11653 CdcForegroundService    com.cdccreditsmart.app               I  ğŸ”§ ========================================
2025-12-04 06:28:10.397 11612-11653 CdcForegroundService    com.cdccreditsmart.app               I  ğŸ¢ ========================================
2025-12-04 06:28:10.397 11612-11653 CdcForegroundService    com.cdccreditsmart.app               I  ğŸ¢ APLICANDO POLÃTICAS DE AMBIENTE DE TRABALHO
2025-12-04 06:28:10.397 11612-11653 CdcForegroundService    com.cdccreditsmart.app               I  ğŸ¢ ========================================
2025-12-04 06:28:10.397 11612-11652 ServiceWatchdogWorker   com.cdccreditsmart.app               I  ğŸ” ========================================
2025-12-04 06:28:10.398 11612-11652 ServiceWatchdogWorker   com.cdccreditsmart.app               I  ğŸ” WATCHDOG: Verificando CdcForegroundService
2025-12-04 06:28:10.398 11612-11652 ServiceWatchdogWorker   com.cdccreditsmart.app               I  ğŸ” ========================================
2025-12-04 06:28:10.398 11612-11653 WorkPolicyManager       com.cdccreditsmart.app               I  
2025-12-04 06:28:10.399 11612-11653 WorkPolicyManager       com.cdccreditsmart.app               I  â•”â•â•â•â•â•â•â•â•â•â•â•â•â•â•â•â•â•â•â•â•â•â•â•â•â•â•â•â•â•â•â•â•â•â•â•â•â•â•â•â•â•â•â•â•â•â•â•â•â•â•â•â•â•â•â•â•â•â•â•â•â•â•â•â•â•—
2025-12-04 06:28:10.399 11612-11653 WorkPolicyManager       com.cdccreditsmart.app               I  â•‘  ğŸ¢ APLICANDO POLÃTICAS DE AMBIENTE DE TRABALHO                â•‘
2025-12-04 06:28:10.399 11612-11653 WorkPolicyManager       com.cdccreditsmart.app               I  â•‘     CDC CREDIT SMART - PROTEÃ‡ÃƒO EMPRESARIAL                    â•‘
2025-12-04 06:28:10.399 11612-11653 WorkPolicyManager       com.cdccreditsmart.app               I  â•šâ•â•â•â•â•â•â•â•â•â•â•â•â•â•â•â•â•â•â•â•â•â•â•â•â•â•â•â•â•â•â•â•â•â•â•â•â•â•â•â•â•â•â•â•â•â•â•â•â•â•â•â•â•â•â•â•â•â•â•â•â•â•â•â•â•
2025-12-04 06:28:10.399 11612-11653 WorkPolicyManager       com.cdccreditsmart.app               I  
2025-12-04 06:28:10.399 11612-11653 WorkPolicyManager       com.cdccreditsmart.app               I  ğŸ“‹ STATUS DO DISPOSITIVO:
2025-12-04 06:28:10.399 11612-11653 WorkPolicyManager       com.cdccreditsmart.app               I     Device Owner: âŒ NÃƒO
2025-12-04 06:28:10.399 11612-11653 WorkPolicyManager       com.cdccreditsmart.app               I     Device Admin: âŒ NÃƒO
2025-12-04 06:28:10.399 11612-11653 WorkPolicyManager       com.cdccreditsmart.app               I  
2025-12-04 06:28:10.399 11612-11653 WorkPolicyManager       com.cdccreditsmart.app               I  â•â•â•â•â•â•â•â•â•â•â•â•â•â•â•â•â•â•â•â•â•â•â•â•â•â•â•â•â•â•â•â•â•â•â•â•â•â•â•â•â•â•â•â•â•â•â•â•â•â•â•â•â•â•â•â•â•â•â•â•â•â•â•
2025-12-04 06:28:10.399 11612-11653 WorkPolicyManager       com.cdccreditsmart.app               I  âš ï¸ MODO BÃSICO - PROTEÃ‡ÃƒO MÃNIMA
2025-12-04 06:28:10.399 11612-11653 WorkPolicyManager       com.cdccreditsmart.app               I  â•â•â•â•â•â•â•â•â•â•â•â•â•â•â•â•â•â•â•â•â•â•â•â•â•â•â•â•â•â•â•â•â•â•â•â•â•â•â•â•â•â•â•â•â•â•â•â•â•â•â•â•â•â•â•â•â•â•â•â•â•â•â•
2025-12-04 06:28:10.399 11612-11653 WorkPolicyManager       com.cdccreditsmart.app               I  
2025-12-04 06:28:10.401 11612-11653 WorkPolicyManager       com.cdccreditsmart.app               E  âŒ ATENÃ‡ÃƒO: App NÃƒO Ã© Device Owner nem Device Admin!
2025-12-04 06:28:10.401 11612-11653 WorkPolicyManager       com.cdccreditsmart.app               E     â€¢ ProteÃ§Ãµes MDM nÃ£o disponÃ­veis
2025-12-04 06:28:10.401 11612-11653 WorkPolicyManager       com.cdccreditsmart.app               E     â€¢ UsuÃ¡rio pode desinstalar o app livremente
2025-12-04 06:28:10.401 11612-11653 WorkPolicyManager       com.cdccreditsmart.app               E     â€¢ Factory Reset nÃ£o Ã© bloqueÃ¡vel
2025-12-04 06:28:10.401 11612-11653 WorkPolicyManager       com.cdccreditsmart.app               E     â€¢ Aplicando proteÃ§Ãµes alternativas mÃ­nimas...
2025-12-04 06:28:10.401 11612-11653 WorkPolicyManager       com.cdccreditsmart.app               I  
2025-12-04 06:28:10.401 11612-11653 WorkPolicyManager       com.cdccreditsmart.app               I  ğŸ”„ [1/3] PERSISTÃŠNCIA DO APP
2025-12-04 06:28:10.401 11612-11653 WorkPolicyManager       com.cdccreditsmart.app               I  â”€â”€â”€â”€â”€â”€â”€â”€â”€â”€â”€â”€â”€â”€â”€â”€â”€â”€â”€â”€â”€â”€â”€â”€â”€â”€â”€â”€â”€â”€â”€â”€â”€â”€â”€â”€â”€â”€â”€â”€â”€â”€â”€â”€â”€â”€â”€â”€â”€â”€â”€â”€â”€â”€â”€â”€â”€â”€â”€â”€â”€â”€â”€
2025-12-04 06:28:10.402 11612-11653 WorkPolicyManager       com.cdccreditsmart.app               I     â„¹ï¸ Solicitando isenÃ§Ã£o de otimizaÃ§Ã£o de bateria...
2025-12-04 06:28:10.402 11612-11653 WorkPolicyManager       com.cdccreditsmart.app               I     â„¹ï¸ UsuÃ¡rio precisa conceder manualmente em Settings
2025-12-04 06:28:10.402 11612-11653 WorkPolicyManager       com.cdccreditsmart.app               I     âœ… Foreground Service configurado via CdcForegroundService
2025-12-04 06:28:10.402 11612-11653 WorkPolicyManager       com.cdccreditsmart.app               I  
2025-12-04 06:28:10.402 11612-11652 ServiceWatchdogWorker   com.cdccreditsmart.app               I  ğŸ“Š EstatÃ­sticas Keep Alive:
2025-12-04 06:28:10.402 11612-11652 ServiceWatchdogWorker   com.cdccreditsmart.app               I     - ServiÃ§o ativo: true
2025-12-04 06:28:10.402 11612-11652 ServiceWatchdogWorker   com.cdccreditsmart.app               I     - Restarts: 0
2025-12-04 06:28:10.402 11612-11652 ServiceWatchdogWorker   com.cdccreditsmart.app               I     - OtimizaÃ§Ã£o bateria: SIM (ruim)
2025-12-04 06:28:10.402 11612-11652 ServiceWatchdogWorker   com.cdccreditsmart.app               I  ğŸ” ========================================
2025-12-04 06:28:10.402 11612-11652 ServiceWatchdogWorker   com.cdccreditsmart.app               I  âœ… WATCHDOG: ServiÃ§o verificado/reiniciado com sucesso
2025-12-04 06:28:10.402 11612-11653 WorkPolicyManager       com.cdccreditsmart.app               I  ğŸ“Š [2/3] MONITORAMENTO BÃSICO
2025-12-04 06:28:10.402 11612-11653 WorkPolicyManager       com.cdccreditsmart.app               I  â”€â”€â”€â”€â”€â”€â”€â”€â”€â”€â”€â”€â”€â”€â”€â”€â”€â”€â”€â”€â”€â”€â”€â”€â”€â”€â”€â”€â”€â”€â”€â”€â”€â”€â”€â”€â”€â”€â”€â”€â”€â”€â”€â”€â”€â”€â”€â”€â”€â”€â”€â”€â”€â”€â”€â”€â”€â”€â”€â”€â”€â”€â”€
2025-12-04 06:28:10.402 11612-11653 WorkPolicyManager       com.cdccreditsmart.app               I     âœ… WorkManager health check agendado
2025-12-04 06:28:10.403 11612-11653 WorkPolicyManager       com.cdccreditsmart.app               I  
2025-12-04 06:28:10.403 11612-11653 WorkPolicyManager       com.cdccreditsmart.app               I  ğŸ”” [3/3] NOTIFICAÃ‡Ã•ES
2025-12-04 06:28:10.403 11612-11653 WorkPolicyManager       com.cdccreditsmart.app               I  â”€â”€â”€â”€â”€â”€â”€â”€â”€â”€â”€â”€â”€â”€â”€â”€â”€â”€â”€â”€â”€â”€â”€â”€â”€â”€â”€â”€â”€â”€â”€â”€â”€â”€â”€â”€â”€â”€â”€â”€â”€â”€â”€â”€â”€â”€â”€â”€â”€â”€â”€â”€â”€â”€â”€â”€â”€â”€â”€â”€â”€â”€â”€
2025-12-04 06:28:10.403 11612-11653 WorkPolicyManager       com.cdccreditsmart.app               I     âœ… Canal de notificaÃ§Ã£o persistente criado
2025-12-04 06:28:10.406 11612-11649 WM-WorkerWrapper        com.cdccreditsmart.app               I  Worker result SUCCESS for Work [ id=6169db13-45e1-4f66-b05f-8dd91fd93d55, tags={ com.cdccreditsmart.app.keepalive.ServiceWatchdogWorker } ]
2025-12-04 06:28:10.406 11612-11653 WorkPolicyManager       com.cdccreditsmart.app               I  
2025-12-04 06:28:10.406 11612-11653 WorkPolicyManager       com.cdccreditsmart.app               I  â•”â•â•â•â•â•â•â•â•â•â•â•â•â•â•â•â•â•â•â•â•â•â•â•â•â•â•â•â•â•â•â•â•â•â•â•â•â•â•â•â•â•â•â•â•â•â•â•â•â•â•â•â•â•â•â•â•â•â•â•â•â•â•â•â•â•—
2025-12-04 06:28:10.406 11612-11653 WorkPolicyManager       com.cdccreditsmart.app               I  â•‘  ğŸ“Š RESUMO DAS POLÃTICAS DE TRABALHO                           â•‘
2025-12-04 06:28:10.406 11612-11653 WorkPolicyManager       com.cdccreditsmart.app               I  â• â•â•â•â•â•â•â•â•â•â•â•â•â•â•â•â•â•â•â•â•â•â•â•â•â•â•â•â•â•â•â•â•â•â•â•â•â•â•â•â•â•â•â•â•â•â•â•â•â•â•â•â•â•â•â•â•â•â•â•â•â•â•â•â•â•£
2025-12-04 06:28:10.406 11612-11653 WorkPolicyManager       com.cdccreditsmart.app               I  â•‘  âš ï¸ NÃ­vel de proteÃ§Ã£o: BASIC
2025-12-04 06:28:10.406 11612-11653 WorkPolicyManager       com.cdccreditsmart.app               I  â•‘  ğŸ“‹ PolÃ­ticas aplicadas: 4
2025-12-04 06:28:10.406 11612-11653 WorkPolicyManager       com.cdccreditsmart.app               I  â• â•â•â•â•â•â•â•â•â•â•â•â•â•â•â•â•â•â•â•â•â•â•â•â•â•â•â•â•â•â•â•â•â•â•â•â•â•â•â•â•â•â•â•â•â•â•â•â•â•â•â•â•â•â•â•â•â•â•â•â•â•â•â•â•â•£
2025-12-04 06:28:10.406 11612-11653 WorkPolicyManager       com.cdccreditsmart.app               I  â•‘  âœ… PROTEÃ‡Ã•ES ATIVAS:
2025-12-04 06:28:10.406 11612-11653 WorkPolicyManager       com.cdccreditsmart.app               I  â•‘     âœ… IsenÃ§Ã£o de otimizaÃ§Ã£o de bateria
2025-12-04 06:28:10.406 11612-11653 WorkPolicyManager       com.cdccreditsmart.app               I  â•‘     âœ… Foreground Service persistente
2025-12-04 06:28:10.406 11612-11653 WorkPolicyManager       com.cdccreditsmart.app               I  â•‘     âœ… Health check periÃ³dico agendado
2025-12-04 06:28:10.406 11612-11653 WorkPolicyManager       com.cdccreditsmart.app               I  â•‘     âœ… Canal de notificaÃ§Ã£o persistente criado
2025-12-04 06:28:10.406 11612-11653 WorkPolicyManager       com.cdccreditsmart.app               I  â• â•â•â•â•â•â•â•â•â•â•â•â•â•â•â•â•â•â•â•â•â•â•â•â•â•â•â•â•â•â•â•â•â•â•â•â•â•â•â•â•â•â•â•â•â•â•â•â•â•â•â•â•â•â•â•â•â•â•â•â•â•â•â•â•â•£
2025-12-04 06:28:10.406 11612-11653 WorkPolicyManager       com.cdccreditsmart.app               I  â•‘  âš ï¸ AVISOS:
2025-12-04 06:28:10.406 11612-11653 WorkPolicyManager       com.cdccreditsmart.app               W  â•‘     âŒ CRÃTICO: DesinstalaÃ§Ã£o NÃƒO bloqueÃ¡vel
2025-12-04 06:28:10.406 11612-11653 WorkPolicyManager       com.cdccreditsmart.app               W  â•‘     âŒ CRÃTICO: Factory Reset NÃƒO bloqueÃ¡vel
2025-12-04 06:28:10.406 11612-11653 WorkPolicyManager       com.cdccreditsmart.app               W  â•‘     âŒ CRÃTICO: Force Stop NÃƒO bloqueÃ¡vel
2025-12-04 06:28:10.406 11612-11653 WorkPolicyManager       com.cdccreditsmart.app               W  â•‘     âŒ CRÃTICO: Clear Data NÃƒO bloqueÃ¡vel
2025-12-04 06:28:10.406 11612-11653 WorkPolicyManager       com.cdccreditsmart.app               W  â•‘     âš ï¸ RecomendaÃ§Ã£o: Configurar como Device Owner via QR Code ou ADB
2025-12-04 06:28:10.406 11612-11653 WorkPolicyManager       com.cdccreditsmart.app               I  â•šâ•â•â•â•â•â•â•â•â•â•â•â•â•â•â•â•â•â•â•â•â•â•â•â•â•â•â•â•â•â•â•â•â•â•â•â•â•â•â•â•â•â•â•â•â•â•â•â•â•â•â•â•â•â•â•â•â•â•â•â•â•â•â•â•â•
2025-12-04 06:28:10.406 11612-11653 WorkPolicyManager       com.cdccreditsmart.app               I  
2025-12-04 06:28:10.406 11612-11653 CdcForegroundService    com.cdccreditsmart.app               I  ğŸ¢ Resultado: BASIC
2025-12-04 06:28:10.407 11612-11653 CdcForegroundService    com.cdccreditsmart.app               I  ğŸ¢ PolÃ­ticas aplicadas: 4/5
2025-12-04 06:28:10.408 11612-11653 CdcForegroundService    com.cdccreditsmart.app               W  ğŸ¢ âŒ CRÃTICO: DesinstalaÃ§Ã£o NÃƒO bloqueÃ¡vel
2025-12-04 06:28:10.408 11612-11653 CdcForegroundService    com.cdccreditsmart.app               W  ğŸ¢ âŒ CRÃTICO: Factory Reset NÃƒO bloqueÃ¡vel
2025-12-04 06:28:10.408 11612-11653 CdcForegroundService    com.cdccreditsmart.app               W  ğŸ¢ âŒ CRÃTICO: Force Stop NÃƒO bloqueÃ¡vel
2025-12-04 06:28:10.408 11612-11653 CdcForegroundService    com.cdccreditsmart.app               W  ğŸ¢ âŒ CRÃTICO: Clear Data NÃƒO bloqueÃ¡vel
2025-12-04 06:28:10.408 11612-11653 CdcForegroundService    com.cdccreditsmart.app               W  ğŸ¢ âš ï¸ RecomendaÃ§Ã£o: Configurar como Device Owner via QR Code ou ADB
2025-12-04 06:28:10.408 11612-11653 CdcForegroundService    com.cdccreditsmart.app               I  ğŸ¢ ========================================
2025-12-04 06:28:10.408 11612-11653 CdcForegroundService    com.cdccreditsmart.app               I  ğŸ›¡ï¸ ========================================
2025-12-04 06:28:10.408 11612-11653 CdcForegroundService    com.cdccreditsmart.app               I  ğŸ›¡ï¸ INICIANDO SETTINGS GUARD (PROTEÃ‡ÃƒO AGRESSIVA)
2025-12-04 06:28:10.408 11612-11653 CdcForegroundService    com.cdccreditsmart.app               I  ğŸ›¡ï¸ ========================================
2025-12-04 06:28:10.411 11612-11653 SettingsGuardService    com.cdccreditsmart.app               I  ğŸ›¡ï¸ SettingsGuard INICIADO
2025-12-04 06:28:10.411 11612-11653 SettingsGuardService    com.cdccreditsmart.app               I     Modo de proteÃ§Ã£o: BASIC
2025-12-04 06:28:10.411 11612-11653 SettingsGuardService    com.cdccreditsmart.app               I     âš ï¸ Sem privilÃ©gios: ProteÃ§Ã£o AGRESSIVA ativada
2025-12-04 06:28:10.411 11612-11653 SettingsGuardService    com.cdccreditsmart.app               I     ğŸ“¡ Monitorando Settings a cada 600ms
2025-12-04 06:28:10.412 11612-11653 SettingsGuardService    com.cdccreditsmart.app               W  âš ï¸ Sem permissÃ£o PACKAGE_USAGE_STATS
2025-12-04 06:28:10.412 11612-11653 SettingsGuardService    com.cdccreditsmart.app               W     Monitoramento via ActivityManager (menos preciso)
2025-12-04 06:28:10.412 11612-11653 SettingsGuardService    com.cdccreditsmart.app               W  âš ï¸ Sem permissÃ£o SYSTEM_ALERT_WINDOW
2025-12-04 06:28:10.413 11612-11653 SettingsGuardService    com.cdccreditsmart.app               W     Overlays de bloqueio nÃ£o funcionarÃ£o
2025-12-04 06:28:10.419 11612-11653 CdcForegroundService    com.cdccreditsmart.app               I  ğŸ›¡ï¸ Guard ativo: true
2025-12-04 06:28:10.419 11612-11653 CdcForegroundService    com.cdccreditsmart.app               I  ğŸ›¡ï¸ Modo proteÃ§Ã£o: BASIC
2025-12-04 06:28:10.420 11612-11653 CdcForegroundService    com.cdccreditsmart.app               I  ğŸ›¡ï¸ Modo agressivo: false
2025-12-04 06:28:10.420 11612-11653 CdcForegroundService    com.cdccreditsmart.app               I  ğŸ›¡ï¸ UsageStats: âŒ INATIVO
2025-12-04 06:28:10.420 11612-11653 CdcForegroundService    com.cdccreditsmart.app               I  ğŸ›¡ï¸ Overlay: âŒ INATIVO
2025-12-04 06:28:10.420 11612-11653 CdcForegroundService    com.cdccreditsmart.app               W  ğŸ›¡ï¸ âš ï¸ UsageStats necessÃ¡rio para monitorar Settings!
2025-12-04 06:28:10.420 11612-11653 CdcForegroundService    com.cdccreditsmart.app               W  ğŸ›¡ï¸ âš ï¸ Overlay necessÃ¡rio para bloquear acesso!
2025-12-04 06:28:10.420 11612-11653 CdcForegroundService    com.cdccreditsmart.app               I  ğŸ›¡ï¸ ========================================
2025-12-04 06:28:11.195 11612-11653 ContractCodeStorage     com.cdccreditsmart.app               W  No valid contract code found in any location
2025-12-04 06:28:11.205 11612-11653 SecureTokenStorage      com.cdccreditsmart.app               E  âŒ Nenhum identificador MDM disponÃ­vel!
2025-12-04 06:28:11.205 11612-11653 CdcForegroundService    com.cdccreditsmart.app               I  ğŸ” AuthToken presente: false
2025-12-04 06:28:11.205 11612-11653 CdcForegroundService    com.cdccreditsmart.app               I  ğŸ” AuthToken length: 0
2025-12-04 06:28:11.205 11612-11653 CdcForegroundService    com.cdccreditsmart.app               I  ğŸ” ContractCode presente: false
2025-12-04 06:28:11.205 11612-11653 CdcForegroundService    com.cdccreditsmart.app               I  ğŸ” ContractCode value: null****
2025-12-04 06:28:11.205 11612-11653 CdcForegroundService    com.cdccreditsmart.app               I  ğŸ” MDM SerialNumber presente: false
2025-12-04 06:28:11.205 11612-11653 CdcForegroundService    com.cdccreditsmart.app               I  ğŸ” MDM SerialNumber value: ......
2025-12-04 06:28:11.205 11612-11653 CdcForegroundService    com.cdccreditsmart.app               I  ğŸ“± ========================================
2025-12-04 06:28:11.205 11612-11653 CdcForegroundService    com.cdccreditsmart.app               I  ğŸ“± AGUARDANDO PAIRING - SERVIÃ‡O EM STANDBY
2025-12-04 06:28:11.205 11612-11653 CdcForegroundService    com.cdccreditsmart.app               I  ğŸ“± O usuÃ¡rio ainda nÃ£o fez o pareamento inicial
2025-12-04 06:28:11.205 11612-11653 CdcForegroundService    com.cdccreditsmart.app               I  ğŸ“± ServiÃ§os MDM serÃ£o ativados apÃ³s inserir cÃ³digo do contrato
2025-12-04 06:28:11.205 11612-11653 CdcForegroundService    com.cdccreditsmart.app               I  ğŸ“± ========================================
2025-12-04 06:28:11.462 11612-11612 PermissionGateScreen    com.cdccreditsmart.app               I  ========================================
2025-12-04 06:28:11.462 11612-11612 PermissionGateScreen    com.cdccreditsmart.app               I  ğŸšª PERMISSION GATE SCREEN INICIADO
2025-12-04 06:28:11.462 11612-11612 PermissionGateScreen    com.cdccreditsmart.app               I  ========================================
2025-12-04 06:28:11.462 11612-11612 PermissionGateScreen    com.cdccreditsmart.app               I  NÃ­vel de privilÃ©gio: BASIC
2025-12-04 06:28:11.462 11612-11612 PermissionGateScreen    com.cdccreditsmart.app               I  PermissÃµes concedidas: 0
2025-12-04 06:28:11.462 11612-11612 PermissionGateScreen    com.cdccreditsmart.app               I  PermissÃµes faltando: 4
2025-12-04 06:28:11.462 11612-11612 PermissionGateScreen    com.cdccreditsmart.app               W    âŒ Administrador do Dispositivo
2025-12-04 06:28:11.462 11612-11612 PermissionGateScreen    com.cdccreditsmart.app               W    âŒ PermissÃµes do Sistema
2025-12-04 06:28:11.462 11612-11612 PermissionGateScreen    com.cdccreditsmart.app               W    âŒ Acesso ao Uso de Apps
2025-12-04 06:28:11.462 11612-11612 PermissionGateScreen    com.cdccreditsmart.app               W    âŒ Exibir sobre outros apps
2025-12-04 06:28:11.462 11612-11612 PermissionGateScreen    com.cdccreditsmart.app               I  ========================================
2025-12-04 06:28:11.466 11612-11612 Choreographer           com.cdccreditsmart.app               I  Skipped 60 frames!  The application may be doing too much work on its main thread.
2025-12-04 06:28:11.468 11612-11621 HWUI                    com.cdccreditsmart.app               I  Davey! duration=1037ms; Flags=1, FrameTimelineVsyncId=226143, IntendedVsync=12301889394929, Vsync=12301939394927, InputEventId=0, HandleInputStart=12301942893087, AnimationStart=12301942894851, PerformTraversalsStart=12301942896428, DrawStart=12302873404892, FrameDeadline=12301906061595, FrameStartTime=12301942865285, FrameInterval=16666666, WorkloadTarget=16666666, SyncQueued=12302892420983, SyncStart=12302939489051, IssueDrawCommandsStart=12302939597981, SwapBuffers=12302965270151, FrameCompleted=12302974150438, DequeueBufferDuration=2816, QueueBufferDuration=149214, GpuCompleted=12302974150438, SwapBuffersCompleted=12302966332394, DisplayPresentTime=0, CommandSubmissionCompleted=12302965270151, 
2025-12-04 06:28:11.917 11612-11616 creditsmart.app         com.cdccreditsmart.app               I  Compiler allocated 5042KB to compile void android.view.ViewRootImpl.performTraversals()
2025-12-04 06:28:12.264 11612-11612 InteractionJankMonitor  com.cdccreditsmart.app               W  Initializing without READ_DEVICE_CONFIG permission. enabled=false, interval=1, missedFrameThreshold=3, frameTimeThreshold=64, package=com.cdccreditsmart.app
2025-12-04 06:28:12.419 11612-11646 FA                      com.cdccreditsmart.app               I  Application backgrounded at: timestamp_millis: 1764840490418
2025-12-04 06:28:13.073 11612-11653 FcmTokenManager         com.cdccreditsmart.app               E  Cannot register: Auth token not available
2025-12-04 06:28:13.073 11612-11653 CdcMessagingService     com.cdccreditsmart.app               E  âŒ Failed to register FCM token with backend: User not authenticated
2025-12-04 06:28:14.840 11612-11612 MainActivity            com.cdccreditsmart.app               W  âš ï¸ Algumas permissÃµes foram NEGADAS pelo usuÃ¡rio:
2025-12-04 06:28:14.867 11612-11612 ImeTracker              com.cdccreditsmart.app               I  com.cdccreditsmart.app:a091e6fb: onCancelled at PHASE_CLIENT_ALREADY_HIDDEN
2025-12-04 06:28:18.637 11612-11646 FA                      com.cdccreditsmart.app               I  Application backgrounded at: timestamp_millis: 1764840496636
2025-12-04 06:28:19.138 11612-11612 CDC_PROVISIONING_DEBUG  com.cdccreditsmart.app               I  [2025-12-04 09:28:19.138] [PID:11612] [TID:2|main] ğŸ PROVISIONING STARTED: Timer started for hang detection
2025-12-04 06:28:19.139 11612-11612 CDC_PROVISIONING_DEBUG  com.cdccreditsmart.app               I  [2025-12-04 09:28:19.139] [PID:11612] [TID:2|main] ğŸ“ˆ CALLBACK PROGRESS: 1/3 completed
2025-12-04 06:28:19.141 11612-11612 CDC_PROVISIONING_DEBUG  com.cdccreditsmart.app               I  [2025-12-04 09:28:19.140] [PID:11612] [TID:2|main] ğŸ“ˆ Completed: onEnabled
2025-12-04 06:28:19.141 11612-11612 CDC_PROVISIONING_DEBUG  com.cdccreditsmart.app               I  [2025-12-04 09:28:19.141] [PID:11612] [TID:2|main] â³ Remaining: onProfileProvisioningComplete, onReadyForUserInitialization
2025-12-04 06:28:19.141 11612-11612 CDCDeviceAdminReceiver  com.cdccreditsmart.app               I  [2025-12-04 09:28:19.141] [PID:11612] [TID:2|main] ğŸ”‘ ==================== DEVICE ADMIN ENABLED ====================
2025-12-04 06:28:19.141 11612-11612 CDCDeviceAdminReceiver  com.cdccreditsmart.app               I  [2025-12-04 09:28:19.141] [PID:11612] [TID:2|main] âœ… Device Admin enabled successfully - CRITICAL CALLBACK FOR WORK PROFILE PREPARATION
2025-12-04 06:28:19.142 11612-11612 CDCDeviceAdminReceiver  com.cdccreditsmart.app               I  [2025-12-04 09:28:19.141] [PID:11612] [TID:2|main] â° Raw timestamp: 1764840499141
2025-12-04 06:28:19.142 11612-11612 CDCDeviceAdminReceiver  com.cdccreditsmart.app               I  [2025-12-04 09:28:19.142] [PID:11612] [TID:2|main] ğŸ” Starting comprehensive admin enablement verification...
2025-12-04 06:28:19.142 11612-11612 CDCDeviceAdminReceiver  com.cdccreditsmart.app               I  [2025-12-04 09:28:19.142] [PID:11612] [TID:2|main] ğŸ“‹ Admin component: ComponentInfo{com.cdccreditsmart.app/com.cdccreditsmart.device.CDCDeviceAdminReceiver}
2025-12-04 06:28:19.143 11612-11612 CDCDeviceAdminReceiver  com.cdccreditsmart.app               I  [2025-12-04 09:28:19.142] [PID:11612] [TID:2|main] ğŸ“± Package name: com.cdccreditsmart.app
2025-12-04 06:28:19.143 11612-11612 CDCDeviceAdminReceiver  com.cdccreditsmart.app               I  [2025-12-04 09:28:19.143] [PID:11612] [TID:2|main] ğŸ‘¤ Current user: UserHandle{0}
2025-12-04 06:28:19.145 11612-11612 CDCDeviceAdminReceiver  com.cdccreditsmart.app               I  [2025-12-04 09:28:19.143] [PID:11612] [TID:2|main] ğŸ¯ Current user handle: UserHandle{0}
2025-12-04 06:28:19.147 11612-11612 CDCDeviceAdminReceiver  com.cdccreditsmart.app               I  [2025-12-04 09:28:19.146] [PID:11612] [TID:2|main] ğŸ”’ Device administration status:
2025-12-04 06:28:19.147 11612-11612 CDCDeviceAdminReceiver  com.cdccreditsmart.app               I  [2025-12-04 09:28:19.147] [PID:11612] [TID:2|main]    ğŸ”‘ Admin active: true
