2025-12-06 11:52:33.166 31466-1221  creditsmart.app         com.cdccreditsmart.app               D  MBrain is disabled
2025-12-06 11:52:33.166 31466-1221  creditsmart.app         com.cdccreditsmart.app               D  initMbrain failed
2025-12-06 11:52:33.169 31466-31466 DisplayEventDispatcher  com.cdccreditsmart.app               W  Vsync time out! vsyncScheduleDelay=341ms
2025-12-06 11:52:33.169 31466-31466 Choreographer           com.cdccreditsmart.app               W  Already have a pending vsync event.  There should only be one at a time.
2025-12-06 11:52:33.169 31466-31466 Choreographer           com.cdccreditsmart.app               W  Already have a pending vsync event.  There should only be one at a time.
2025-12-06 11:52:33.185 31466-31466 CdcForegroundService    com.cdccreditsmart.app               D  ðŸ“± ServiÃ§o onCreate()
2025-12-06 11:52:33.188 31466-31466 CdcForegroundService    com.cdccreditsmart.app               D  âœ… Canal de notificaÃ§Ã£o criado
2025-12-06 11:52:33.190 31466-31466 CdcForegroundService    com.cdccreditsmart.app               I  âœ… ScreenStateReceiver registrado
2025-12-06 11:52:33.191 31466-31466 CdcForegroundService    com.cdccreditsmart.app               D  ðŸš€ ServiÃ§o onStartCommand() - Action: null
2025-12-06 11:52:33.199 31466-31466 CdcForegroundService    com.cdccreditsmart.app               I  âœ… Foreground Service ativo (Android 12+)
2025-12-06 11:52:33.201 31466-1191  CdcForegroundService    com.cdccreditsmart.app               I  ðŸ”§ ========================================
2025-12-06 11:52:33.201 31466-1191  CdcForegroundService    com.cdccreditsmart.app               I  ðŸ”§ INICIANDO initializeServices()...
2025-12-06 11:52:33.201 31466-1191  CdcForegroundService    com.cdccreditsmart.app               I  ðŸ”§ ========================================
2025-12-06 11:52:33.201 31466-1191  CdcForegroundService    com.cdccreditsmart.app               I  ðŸ¢ ========================================
2025-12-06 11:52:33.201 31466-1191  CdcForegroundService    com.cdccreditsmart.app               I  ðŸ¢ APLICANDO POLÃTICAS DE AMBIENTE DE TRABALHO
2025-12-06 11:52:33.201 31466-1191  CdcForegroundService    com.cdccreditsmart.app               I  ðŸ¢ ========================================
2025-12-06 11:52:33.205 31466-31466 CdcForegroundService    com.cdccreditsmart.app               D  ðŸš€ ServiÃ§o onStartCommand() - Action: com.cdccreditsmart.app.START_SERVICE
2025-12-06 11:52:33.206 31466-1191  WorkPolicyManager       com.cdccreditsmart.app               I  
2025-12-06 11:52:33.206 31466-1191  WorkPolicyManager       com.cdccreditsmart.app               I  â•”â•â•â•â•â•â•â•â•â•â•â•â•â•â•â•â•â•â•â•â•â•â•â•â•â•â•â•â•â•â•â•â•â•â•â•â•â•â•â•â•â•â•â•â•â•â•â•â•â•â•â•â•â•â•â•â•â•â•â•â•â•â•â•â•â•—
2025-12-06 11:52:33.206 31466-1191  WorkPolicyManager       com.cdccreditsmart.app               I  â•‘  ðŸ¢ APLICANDO POLÃTICAS DE AMBIENTE DE TRABALHO                â•‘
2025-12-06 11:52:33.206 31466-1191  WorkPolicyManager       com.cdccreditsmart.app               I  â•‘     CDC CREDIT SMART - PROTEÃ‡ÃƒO EMPRESARIAL                    â•‘
2025-12-06 11:52:33.206 31466-1191  WorkPolicyManager       com.cdccreditsmart.app               I  â•šâ•â•â•â•â•â•â•â•â•â•â•â•â•â•â•â•â•â•â•â•â•â•â•â•â•â•â•â•â•â•â•â•â•â•â•â•â•â•â•â•â•â•â•â•â•â•â•â•â•â•â•â•â•â•â•â•â•â•â•â•â•â•â•â•â•
2025-12-06 11:52:33.206 31466-1191  WorkPolicyManager       com.cdccreditsmart.app               I  
2025-12-06 11:52:33.208 31466-1191  WorkPolicyManager       com.cdccreditsmart.app               I  ðŸ“‹ STATUS DO DISPOSITIVO:
2025-12-06 11:52:33.208 31466-1191  WorkPolicyManager       com.cdccreditsmart.app               I     Device Owner: âŒ NÃƒO
2025-12-06 11:52:33.208 31466-1191  WorkPolicyManager       com.cdccreditsmart.app               I     Device Admin: âœ… SIM
2025-12-06 11:52:33.208 31466-1191  WorkPolicyManager       com.cdccreditsmart.app               I  
2025-12-06 11:52:33.208 31466-1191  WorkPolicyManager       com.cdccreditsmart.app               I  â•â•â•â•â•â•â•â•â•â•â•â•â•â•â•â•â•â•â•â•â•â•â•â•â•â•â•â•â•â•â•â•â•â•â•â•â•â•â•â•â•â•â•â•â•â•â•â•â•â•â•â•â•â•â•â•â•â•â•â•â•â•â•
2025-12-06 11:52:33.208 31466-1191  WorkPolicyManager       com.cdccreditsmart.app               I  ðŸ›¡ï¸ MODO DEVICE ADMIN - PROTEÃ‡ÃƒO PARCIAL
2025-12-06 11:52:33.208 31466-1191  WorkPolicyManager       com.cdccreditsmart.app               I  â•â•â•â•â•â•â•â•â•â•â•â•â•â•â•â•â•â•â•â•â•â•â•â•â•â•â•â•â•â•â•â•â•â•â•â•â•â•â•â•â•â•â•â•â•â•â•â•â•â•â•â•â•â•â•â•â•â•â•â•â•â•â•
2025-12-06 11:52:33.208 31466-1191  WorkPolicyManager       com.cdccreditsmart.app               I  
2025-12-06 11:52:33.208 31466-1191  WorkPolicyManager       com.cdccreditsmart.app               W  âš ï¸ LIMITAÃ‡Ã•ES DO DEVICE ADMIN:
2025-12-06 11:52:33.208 31466-1191  WorkPolicyManager       com.cdccreditsmart.app               W     â€¢ NÃ£o pode bloquear desinstalaÃ§Ã£o completamente
2025-12-06 11:52:33.208 31466-1191  WorkPolicyManager       com.cdccreditsmart.app               W     â€¢ NÃ£o pode bloquear Factory Reset via Settings
2025-12-06 11:52:33.208 31466-1191  WorkPolicyManager       com.cdccreditsmart.app               W     â€¢ NÃ£o pode desativar controles do usuÃ¡rio
2025-12-06 11:52:33.208 31466-1191  WorkPolicyManager       com.cdccreditsmart.app               W     â€¢ ProteÃ§Ãµes limitadas Ã s APIs de Device Admin
2025-12-06 11:52:33.208 31466-1191  WorkPolicyManager       com.cdccreditsmart.app               I  
2025-12-06 11:52:33.208 31466-1191  WorkPolicyManager       com.cdccreditsmart.app               I  ðŸ” [1/4] POLÃTICAS DE SENHA
2025-12-06 11:52:33.208 31466-1191  WorkPolicyManager       com.cdccreditsmart.app               I  â”€â”€â”€â”€â”€â”€â”€â”€â”€â”€â”€â”€â”€â”€â”€â”€â”€â”€â”€â”€â”€â”€â”€â”€â”€â”€â”€â”€â”€â”€â”€â”€â”€â”€â”€â”€â”€â”€â”€â”€â”€â”€â”€â”€â”€â”€â”€â”€â”€â”€â”€â”€â”€â”€â”€â”€â”€â”€â”€â”€â”€â”€â”€
2025-12-06 11:52:33.208 31466-1191  WorkPolicyManager       com.cdccreditsmart.app               I     âœ… PolÃ­ticas de senha configuradas (Device Admin)
2025-12-06 11:52:33.208 31466-1191  WorkPolicyManager       com.cdccreditsmart.app               I  
2025-12-06 11:52:33.208 31466-1191  WorkPolicyManager       com.cdccreditsmart.app               I  ðŸ“± [2/4] PROTEÃ‡Ã•ES DE PERSISTÃŠNCIA
2025-12-06 11:52:33.208 31466-1191  WorkPolicyManager       com.cdccreditsmart.app               I  â”€â”€â”€â”€â”€â”€â”€â”€â”€â”€â”€â”€â”€â”€â”€â”€â”€â”€â”€â”€â”€â”€â”€â”€â”€â”€â”€â”€â”€â”€â”€â”€â”€â”€â”€â”€â”€â”€â”€â”€â”€â”€â”€â”€â”€â”€â”€â”€â”€â”€â”€â”€â”€â”€â”€â”€â”€â”€â”€â”€â”€â”€â”€
2025-12-06 11:52:33.209 31466-1191  WorkPolicyManager       com.cdccreditsmart.app               I     âœ… JÃ¡ isento de otimizaÃ§Ã£o de bateria
2025-12-06 11:52:33.209 31466-1191  WorkPolicyManager       com.cdccreditsmart.app               I     âœ… Foreground Service configurado via CdcForegroundService
2025-12-06 11:52:33.209 31466-1191  WorkPolicyManager       com.cdccreditsmart.app               I     âœ… WorkManager health check agendado
2025-12-06 11:52:33.209 31466-1191  WorkPolicyManager       com.cdccreditsmart.app               I  
2025-12-06 11:52:33.209 31466-1191  WorkPolicyManager       com.cdccreditsmart.app               I  ðŸ”” [3/4] MONITORAMENTO
2025-12-06 11:52:33.209 31466-1191  WorkPolicyManager       com.cdccreditsmart.app               I  â”€â”€â”€â”€â”€â”€â”€â”€â”€â”€â”€â”€â”€â”€â”€â”€â”€â”€â”€â”€â”€â”€â”€â”€â”€â”€â”€â”€â”€â”€â”€â”€â”€â”€â”€â”€â”€â”€â”€â”€â”€â”€â”€â”€â”€â”€â”€â”€â”€â”€â”€â”€â”€â”€â”€â”€â”€â”€â”€â”€â”€â”€â”€
2025-12-06 11:52:33.209 31466-1191  WorkPolicyManager       com.cdccreditsmart.app               I     âœ… Monitor de desinstalaÃ§Ã£o registrado via broadcast
2025-12-06 11:52:33.210 31466-31466 CdcForegroundService    com.cdccreditsmart.app               I  âœ… Foreground Service ativo (Android 12+)
2025-12-06 11:52:33.210 31466-31466 CdcForegroundService    com.cdccreditsmart.app               D  â³ ServiÃ§os jÃ¡ inicializados - ignorando chamada duplicada
2025-12-06 11:52:33.210 31466-1191  WorkPolicyManager       com.cdccreditsmart.app               I     âœ… Monitor de pacotes registrado
2025-12-06 11:52:33.211 31466-1191  WorkPolicyManager       com.cdccreditsmart.app               I  
2025-12-06 11:52:33.211 31466-1191  WorkPolicyManager       com.cdccreditsmart.app               I  âš¡ [4/4] PROTEÃ‡Ã•ES ALTERNATIVAS
2025-12-06 11:52:33.211 31466-1191  WorkPolicyManager       com.cdccreditsmart.app               I  â”€â”€â”€â”€â”€â”€â”€â”€â”€â”€â”€â”€â”€â”€â”€â”€â”€â”€â”€â”€â”€â”€â”€â”€â”€â”€â”€â”€â”€â”€â”€â”€â”€â”€â”€â”€â”€â”€â”€â”€â”€â”€â”€â”€â”€â”€â”€â”€â”€â”€â”€â”€â”€â”€â”€â”€â”€â”€â”€â”€â”€â”€â”€
2025-12-06 11:52:33.214 31466-1191  WorkPolicyManager       com.cdccreditsmart.app               I     âœ… Device Admin ativo e funcionando
2025-12-06 11:52:33.216 31466-1191  WorkPolicyManager       com.cdccreditsmart.app               I  
2025-12-06 11:52:33.216 31466-1191  WorkPolicyManager       com.cdccreditsmart.app               I  â•”â•â•â•â•â•â•â•â•â•â•â•â•â•â•â•â•â•â•â•â•â•â•â•â•â•â•â•â•â•â•â•â•â•â•â•â•â•â•â•â•â•â•â•â•â•â•â•â•â•â•â•â•â•â•â•â•â•â•â•â•â•â•â•â•â•—
2025-12-06 11:52:33.217 31466-1191  WorkPolicyManager       com.cdccreditsmart.app               I  â•‘  ðŸ“Š RESUMO DAS POLÃTICAS DE TRABALHO                           â•‘
2025-12-06 11:52:33.217 31466-1191  WorkPolicyManager       com.cdccreditsmart.app               I  â• â•â•â•â•â•â•â•â•â•â•â•â•â•â•â•â•â•â•â•â•â•â•â•â•â•â•â•â•â•â•â•â•â•â•â•â•â•â•â•â•â•â•â•â•â•â•â•â•â•â•â•â•â•â•â•â•â•â•â•â•â•â•â•â•â•£
2025-12-06 11:52:33.218 31466-1191  WorkPolicyManager       com.cdccreditsmart.app               I  â•‘  ðŸ” NÃ­vel de proteÃ§Ã£o: DEVICE ADMIN
2025-12-06 11:52:33.218 31466-1191  WorkPolicyManager       com.cdccreditsmart.app               I  â•‘  ðŸ“‹ PolÃ­ticas aplicadas: 7
2025-12-06 11:52:33.218 31466-1191  WorkPolicyManager       com.cdccreditsmart.app               I  â• â•â•â•â•â•â•â•â•â•â•â•â•â•â•â•â•â•â•â•â•â•â•â•â•â•â•â•â•â•â•â•â•â•â•â•â•â•â•â•â•â•â•â•â•â•â•â•â•â•â•â•â•â•â•â•â•â•â•â•â•â•â•â•â•â•£
2025-12-06 11:52:33.218 31466-1191  WorkPolicyManager       com.cdccreditsmart.app               I  â•‘  âœ… PROTEÃ‡Ã•ES ATIVAS:
2025-12-06 11:52:33.218 31466-1191  WorkPolicyManager       com.cdccreditsmart.app               I  â•‘     âœ… PolÃ­ticas de senha configuradas
2025-12-06 11:52:33.218 31466-1191  WorkPolicyManager       com.cdccreditsmart.app               I  â•‘     âœ… IsenÃ§Ã£o de otimizaÃ§Ã£o de bateria
2025-12-06 11:52:33.218 31466-1191  WorkPolicyManager       com.cdccreditsmart.app               I  â•‘     âœ… Foreground Service persistente ativado
2025-12-06 11:52:33.218 31466-1191  WorkPolicyManager       com.cdccreditsmart.app               I  â•‘     âœ… VerificaÃ§Ã£o periÃ³dica de saÃºde agendada
2025-12-06 11:52:33.218 31466-1191  WorkPolicyManager       com.cdccreditsmart.app               I  â•‘     âœ… Monitor de desinstalaÃ§Ã£o ativado
2025-12-06 11:52:33.218 31466-1191  WorkPolicyManager       com.cdccreditsmart.app               I  â•‘     âœ… Monitor de mudanÃ§as de pacotes ativado
2025-12-06 11:52:33.218 31466-1191  WorkPolicyManager       com.cdccreditsmart.app               I  â•‘     âœ… PolÃ­ticas de Device Admin aplicadas
2025-12-06 11:52:33.218 31466-1191  WorkPolicyManager       com.cdccreditsmart.app               I  â• â•â•â•â•â•â•â•â•â•â•â•â•â•â•â•â•â•â•â•â•â•â•â•â•â•â•â•â•â•â•â•â•â•â•â•â•â•â•â•â•â•â•â•â•â•â•â•â•â•â•â•â•â•â•â•â•â•â•â•â•â•â•â•â•â•£
2025-12-06 11:52:33.219 31466-1191  WorkPolicyManager       com.cdccreditsmart.app               I  â•‘  âš ï¸ AVISOS:
2025-12-06 11:52:33.219 31466-1191  WorkPolicyManager       com.cdccreditsmart.app               W  â•‘     âš ï¸ DesinstalaÃ§Ã£o: UsuÃ¡rio pode desinstalar (Device Admin nÃ£o bloqueia)
2025-12-06 11:52:33.219 31466-1191  WorkPolicyManager       com.cdccreditsmart.app               W  â•‘     âš ï¸ Factory Reset: NÃ£o bloqueÃ¡vel sem Device Owner
2025-12-06 11:52:33.219 31466-1191  WorkPolicyManager       com.cdccreditsmart.app               W  â•‘     âš ï¸ RecomendaÃ§Ã£o: Ativar Device Owner para proteÃ§Ã£o mÃ¡xima
2025-12-06 11:52:33.219 31466-1191  WorkPolicyManager       com.cdccreditsmart.app               I  â•šâ•â•â•â•â•â•â•â•â•â•â•â•â•â•â•â•â•â•â•â•â•â•â•â•â•â•â•â•â•â•â•â•â•â•â•â•â•â•â•â•â•â•â•â•â•â•â•â•â•â•â•â•â•â•â•â•â•â•â•â•â•â•â•â•â•
2025-12-06 11:52:33.219 31466-1191  WorkPolicyManager       com.cdccreditsmart.app               I  
2025-12-06 11:52:33.219 31466-1191  CdcForegroundService    com.cdccreditsmart.app               I  ðŸ¢ Resultado: DEVICE_ADMIN
2025-12-06 11:52:33.219 31466-1191  CdcForegroundService    com.cdccreditsmart.app               I  ðŸ¢ PolÃ­ticas aplicadas: 7/10
2025-12-06 11:52:33.219 31466-1191  CdcForegroundService    com.cdccreditsmart.app               W  ðŸ¢ âš ï¸ DesinstalaÃ§Ã£o: UsuÃ¡rio pode desinstalar (Device Admin nÃ£o bloqueia)
2025-12-06 11:52:33.220 31466-1191  CdcForegroundService    com.cdccreditsmart.app               W  ðŸ¢ âš ï¸ Factory Reset: NÃ£o bloqueÃ¡vel sem Device Owner
2025-12-06 11:52:33.220 31466-1191  CdcForegroundService    com.cdccreditsmart.app               W  ðŸ¢ âš ï¸ RecomendaÃ§Ã£o: Ativar Device Owner para proteÃ§Ã£o mÃ¡xima
2025-12-06 11:52:33.220 31466-1191  CdcForegroundService    com.cdccreditsmart.app               I  ðŸ¢ ========================================
2025-12-06 11:52:33.220 31466-1191  CdcForegroundService    com.cdccreditsmart.app               I  ðŸ›¡ï¸ ========================================
2025-12-06 11:52:33.220 31466-1191  CdcForegroundService    com.cdccreditsmart.app               I  ðŸ›¡ï¸ INICIANDO SETTINGS GUARD (PROTEÃ‡ÃƒO AGRESSIVA)
2025-12-06 11:52:33.220 31466-1191  CdcForegroundService    com.cdccreditsmart.app               I  ðŸ›¡ï¸ ========================================
2025-12-06 11:52:33.224 31466-31466 CdcForegroundService    com.cdccreditsmart.app               D  ðŸš€ ServiÃ§o onStartCommand() - Action: com.cdccreditsmart.app.START_SERVICE
2025-12-06 11:52:33.228 31466-1191  SettingsGuardService    com.cdccreditsmart.app               I  ðŸ›¡ï¸ SettingsGuard INICIADO
2025-12-06 11:52:33.228 31466-1191  SettingsGuardService    com.cdccreditsmart.app               I     Modo de proteÃ§Ã£o: DEVICE_ADMIN
2025-12-06 11:52:33.228 31466-1191  SettingsGuardService    com.cdccreditsmart.app               I     ðŸ” Device Admin: ProteÃ§Ã£o AGRESSIVA ativada
2025-12-06 11:52:33.228 31466-1191  SettingsGuardService    com.cdccreditsmart.app               I     ðŸ“¡ Monitorando Settings a cada 600ms
2025-12-06 11:52:33.228 31466-1191  SettingsGuardService    com.cdccreditsmart.app               I     ðŸ“¡ Quando Settings aberto: modo agressivo 400ms
2025-12-06 11:52:33.228 31466-1191  SettingsGuardService    com.cdccreditsmart.app               I  ðŸ” Iniciando monitoramento ativo de Settings...
2025-12-06 11:52:33.229 31466-31466 CdcForegroundService    com.cdccreditsmart.app               I  âœ… Foreground Service ativo (Android 12+)
2025-12-06 11:52:33.229 31466-31466 CdcForegroundService    com.cdccreditsmart.app               D  â³ ServiÃ§os jÃ¡ inicializados - ignorando chamada duplicada
2025-12-06 11:52:33.234 31466-1191  CdcForegroundService    com.cdccreditsmart.app               I  ðŸ›¡ï¸ Guard ativo: true
2025-12-06 11:52:33.234 31466-1191  CdcForegroundService    com.cdccreditsmart.app               I  ðŸ›¡ï¸ Modo proteÃ§Ã£o: DEVICE_ADMIN
2025-12-06 11:52:33.235 31466-1191  CdcForegroundService    com.cdccreditsmart.app               I  ðŸ›¡ï¸ Modo agressivo: false
2025-12-06 11:52:33.235 31466-31466 BootReceiver            com.cdccreditsmart.app               I  Dispositivo iniciado - starting CdcForegroundService
2025-12-06 11:52:33.235 31466-31466 FactoryResetRecovery    com.cdccreditsmart.app               I  Initializing Factory Reset Recovery system
2025-12-06 11:52:33.235 31466-1191  CdcForegroundService    com.cdccreditsmart.app               I  ðŸ›¡ï¸ UsageStats: âœ… ATIVO
2025-12-06 11:52:33.235 31466-1191  CdcForegroundService    com.cdccreditsmart.app               I  ðŸ›¡ï¸ Overlay: âœ… ATIVO
2025-12-06 11:52:33.235 31466-1191  CdcForegroundService    com.cdccreditsmart.app               I  ðŸ›¡ï¸ ========================================
2025-12-06 11:52:33.291 31466-31466 FactoryResetRecovery    com.cdccreditsmart.app               W  Cannot read device serial: getSerial: The uid 10301 does not meet the requirements to access device identifiers.
2025-12-06 11:52:33.293 31466-31466 ContractCodeStorage     com.cdccreditsmart.app               D  Retrieving contract code from storage
2025-12-06 11:52:33.587 31466-31466 ContractCodeStorage     com.cdccreditsmart.app               D  Storage verification: 7 valid, 0 tampered, 0 missing
2025-12-06 11:52:33.587 31466-31466 ContractCodeStorage     com.cdccreditsmart.app               D  Contract code retrieved successfully
2025-12-06 11:52:33.708 31466-31466 StubAppPreferences      com.cdccreditsmart.app               I  Enrollment data saved for factory reset recovery
2025-12-06 11:52:33.708 31466-31466 FactoryResetRecovery    com.cdccreditsmart.app               I  Enrollment data saved for recovery: serial=false, enrollment=true, contract=true
2025-12-06 11:52:33.710 31466-31466 FactoryResetRecovery    com.cdccreditsmart.app               I  Factory Reset Recovery initialized
2025-12-06 11:52:33.712 31466-31466 CdcForegroundService    com.cdccreditsmart.app               I  âœ… ServiÃ§o iniciado via startService()
2025-12-06 11:52:33.712 31466-31466 Choreographer           com.cdccreditsmart.app               I  Skipped 105 frames!  The application may be doing too much work on its main thread.
2025-12-06 11:52:33.719 31466-31466 PermissionGateScreen    com.cdccreditsmart.app               I  ðŸ” VERIFICAÃ‡ÃƒO INICIAL DE PERMISSÃ•ES:
2025-12-06 11:52:33.719 31466-31466 PermissionGateScreen    com.cdccreditsmart.app               I     NÃ­vel: DEVICE_ADMIN
2025-12-06 11:52:33.719 31466-31466 PermissionGateScreen    com.cdccreditsmart.app               I     Todas concedidas: true
2025-12-06 11:52:33.720 31466-31466 PermissionGateScreen    com.cdccreditsmart.app               I     Bateria isenta: true
2025-12-06 11:52:33.720 31466-31466 PermissionGateScreen    com.cdccreditsmart.app               I     âœ… OK: Administrador do Dispositivo
2025-12-06 11:52:33.720 31466-31466 PermissionGateScreen    com.cdccreditsmart.app               I     âœ… OK: PermissÃµes BÃ¡sicas
2025-12-06 11:52:33.720 31466-31466 PermissionGateScreen    com.cdccreditsmart.app               I     âœ… OK: Monitoramento de Apps
2025-12-06 11:52:33.720 31466-31466 PermissionGateScreen    com.cdccreditsmart.app               I     âœ… OK: Mostrar Alertas
2025-12-06 11:52:33.720 31466-31466 PermissionGateScreen    com.cdccreditsmart.app               I     âœ… OK: ExecuÃ§Ã£o em Segundo Plano
2025-12-06 11:52:33.721 31466-31466 PermissionGateScreen    com.cdccreditsmart.app               I  âœ… TODAS AS PERMISSÃ•ES JÃ CONCEDIDAS - navegando imediatamente
2025-12-06 11:52:33.721 31466-31466 SettingsGuardService    com.cdccreditsmart.app               I  â–¶ï¸ Guard RETOMADO apÃ³s fluxo de permissÃµes
2025-12-06 11:52:33.756 31466-1221  BLASTBufferQueue        com.cdccreditsmart.app               D  [VRI[MainActivity]#0](f:0,a:1) destructor()
2025-12-06 11:52:33.756 31466-1221  BufferQueueConsumer     com.cdccreditsmart.app               D  [VRI[MainActivity]#0(BLAST Consumer)0](id:7aea00000000,api:0,p:-1,c:31466) disconnect
2025-12-06 11:52:33.795 31466-31466 DeviceOwnerCheckVM      com.cdccreditsmart.app               I  ========================================
2025-12-06 11:52:33.795 31466-31466 DeviceOwnerCheckVM      com.cdccreditsmart.app               I  ðŸ” Verificando status de Device Owner...
2025-12-06 11:52:33.829 31466-31466 CdcForegroundService    com.cdccreditsmart.app               D  ðŸš€ ServiÃ§o onStartCommand() - Action: com.cdccreditsmart.app.START_SERVICE
2025-12-06 11:52:33.834 31466-31466 CdcForegroundService    com.cdccreditsmart.app               I  âœ… Foreground Service ativo (Android 12+)
2025-12-06 11:52:33.834 31466-31466 CdcForegroundService    com.cdccreditsmart.app               D  â³ ServiÃ§os jÃ¡ inicializados - ignorando chamada duplicada
2025-12-06 11:52:33.838 31466-31466 BootInterceptor         com.cdccreditsmart.app               I  ========================================
2025-12-06 11:52:33.838 31466-31466 BootInterceptor         com.cdccreditsmart.app               I  ðŸ”„ BOOT EVENT DETECTADO
2025-12-06 11:52:33.838 31466-31466 BootInterceptor         com.cdccreditsmart.app               I  ========================================
2025-12-06 11:52:33.838 31466-31466 BootInterceptor         com.cdccreditsmart.app               I  âœ… BOOT COMPLETO DETECTADO
2025-12-06 11:52:33.838 31466-31466 BootInterceptor         com.cdccreditsmart.app               I     Sistema Android iniciado com sucesso
2025-12-06 11:52:33.838 31466-31466 BootInterceptor         com.cdccreditsmart.app               I     Device Fingerprint: CDC_45331707****
2025-12-06 11:52:33.839 31466-31466 TamperDetection         com.cdccreditsmart.app               I  
2025-12-06 11:52:33.839 31466-31466 TamperDetection         com.cdccreditsmart.app               I  â•”â•â•â•â•â•â•â•â•â•â•â•â•â•â•â•â•â•â•â•â•â•â•â•â•â•â•â•â•â•â•â•â•â•â•â•â•â•â•â•â•â•â•â•â•â•â•â•â•â•â•â•â•â•â•â•â•â•—
2025-12-06 11:52:33.839 31466-31466 TamperDetection         com.cdccreditsmart.app               I  â•‘    ðŸ“¡ REPORTAR BOOT AO BACKEND                        â•‘
2025-12-06 11:52:33.840 31466-31466 TamperDetection         com.cdccreditsmart.app               I  â• â•â•â•â•â•â•â•â•â•â•â•â•â•â•â•â•â•â•â•â•â•â•â•â•â•â•â•â•â•â•â•â•â•â•â•â•â•â•â•â•â•â•â•â•â•â•â•â•â•â•â•â•â•â•â•â•â•£
2025-12-06 11:52:33.840 31466-31466 TamperDetection         com.cdccreditsmart.app               I  â•‘  Device Fingerprint: CDC_45331707****      â•‘
2025-12-06 11:52:33.840 31466-31466 TamperDetection         com.cdccreditsmart.app               I  â•‘  Boot Timestamp: 1765032753840          â•‘
2025-12-06 11:52:33.840 31466-31466 TamperDetection         com.cdccreditsmart.app               I  â•‘                                                        â•‘
2025-12-06 11:52:33.840 31466-31466 TamperDetection         com.cdccreditsmart.app               I  â•‘  Backend detectarÃ¡ factory reset comparando:          â•‘
2025-12-06 11:52:33.840 31466-31466 TamperDetection         com.cdccreditsmart.app               I  â•‘  â€¢ Fingerprint histÃ³rico vs atual                     â•‘
2025-12-06 11:52:33.840 31466-31466 TamperDetection         com.cdccreditsmart.app               I  â•‘  â€¢ Timestamp do Ãºltimo boot vs agora                  â•‘
2025-12-06 11:52:33.840 31466-31466 TamperDetection         com.cdccreditsmart.app               I  â•‘  â€¢ Token vÃ¡lido vs ausente                            â•‘
2025-12-06 11:52:33.840 31466-31466 TamperDetection         com.cdccreditsmart.app               I  â•šâ•â•â•â•â•â•â•â•â•â•â•â•â•â•â•â•â•â•â•â•â•â•â•â•â•â•â•â•â•â•â•â•â•â•â•â•â•â•â•â•â•â•â•â•â•â•â•â•â•â•â•â•â•â•â•â•â•
2025-12-06 11:52:33.840 31466-31466 TamperDetection         com.cdccreditsmart.app               I  
2025-12-06 11:52:33.840 31466-31466 TamperDetection         com.cdccreditsmart.app               I  âš ï¸ TODO: Implementar POST /api/security/device-boot
2025-12-06 11:52:33.840 31466-31466 BootInterceptor         com.cdccreditsmart.app               I  ========================================
2025-12-06 11:52:33.894 31466-1192  ContractCodeStorage     com.cdccreditsmart.app               D  Retrieving contract code from storage
2025-12-06 11:52:34.299 31466-31466 DeviceUtils             com.cdccreditsmart.app               D  Device Owner check: false
2025-12-06 11:52:34.299 31466-31466 DeviceUtils             com.cdccreditsmart.app               D  Samsung device: false (Manufacturer: INFINIX)
2025-12-06 11:52:34.299 31466-31466 DeviceOwnerCheckVM      com.cdccreditsmart.app               W  âš ï¸ MODO DEBUG: UsuÃ¡rio jÃ¡ pulou provisionamento anteriormente
2025-12-06 11:52:34.300 31466-31466 DeviceOwnerCheckVM      com.cdccreditsmart.app               W  âš ï¸ Permitindo acesso sem Device Owner (decisÃ£o memorizada)
2025-12-06 11:52:34.300 31466-31466 DeviceOwnerCheckVM      com.cdccreditsmart.app               I  ========================================
2025-12-06 11:52:35.047 31466-1192  ContractCodeStorage     com.cdccreditsmart.app               D  Storage verification: 7 valid, 0 tampered, 0 missing
2025-12-06 11:52:35.059 31466-1192  ContractCodeStorage     com.cdccreditsmart.app               D  Contract code retrieved successfully
2025-12-06 11:52:35.073 31466-1192  SecureTokenStorage      com.cdccreditsmart.app               D  âš ï¸ Usando Serial Number para MDM (IMEI indisponÃ­vel): VY9DB9...
2025-12-06 11:52:35.073 31466-1192  CdcForegroundService    com.cdccreditsmart.app               I  ðŸ” AuthToken presente: true
2025-12-06 11:52:35.073 31466-1192  CdcForegroundService    com.cdccreditsmart.app               I  ðŸ” AuthToken length: 260
2025-12-06 11:52:35.073 31466-1192  CdcForegroundService    com.cdccreditsmart.app               I  ðŸ” ContractCode presente: true
2025-12-06 11:52:35.073 31466-1192  CdcForegroundService    com.cdccreditsmart.app               I  ðŸ” ContractCode value: VY9D****
2025-12-06 11:52:35.073 31466-1192  CdcForegroundService    com.cdccreditsmart.app               I  ðŸ” MDM SerialNumber presente: true
2025-12-06 11:52:35.073 31466-1192  CdcForegroundService    com.cdccreditsmart.app               I  ðŸ” MDM SerialNumber value: VY9DB9EC...
2025-12-06 11:52:35.073 31466-1192  CdcForegroundService    com.cdccreditsmart.app               I  ðŸ”§ ========================================
2025-12-06 11:52:35.073 31466-1192  CdcForegroundService    com.cdccreditsmart.app               I  ðŸ”§ INICIALIZANDO MDM COM SERIAL NUMBER: VY9DB9EC...
2025-12-06 11:52:35.073 31466-1192  CdcForegroundService    com.cdccreditsmart.app               I  ðŸ”§ ========================================
2025-12-06 11:52:35.073 31466-1192  CdcForegroundService    com.cdccreditsmart.app               I  ðŸ” Tokens encontrados - inicializando serviÃ§os MDM
2025-12-06 11:52:35.073 31466-1192  CdcForegroundService    com.cdccreditsmart.app               D  ðŸ“¡ Criando MdmCommandReceiver (usando serialNumber do SecureTokenStorage)...
2025-12-06 11:52:35.075 31466-1178  FdLeakLice              com.cdccreditsmart.app               D  FdLeakCheck app is not systemapp!!!
2025-12-06 11:52:35.150 31466-31466 ActivityThread          com.cdccreditsmart.app               D  handleResumeActivity#3 r.window=com.android.internal.policy.PhoneWindow@3925552a.mFinished = falsewillBeVisible = true
2025-12-06 11:52:35.153 31466-31466 RouterViewModel         com.cdccreditsmart.app               D  ðŸš€ Iniciando verificaÃ§Ã£o de autenticaÃ§Ã£o...
2025-12-06 11:52:35.155 31466-1191  AuthOrchestrator        com.cdccreditsmart.app               D  ðŸ” Verificando autenticaÃ§Ã£o...
2025-12-06 11:52:35.159 31466-1191  AuthOrchestrator        com.cdccreditsmart.app               D  ðŸŒ Conectividade: ONLINE
2025-12-06 11:52:35.159 31466-1191  AuthOrchestrator        com.cdccreditsmart.app               D  ðŸ”„ ========== AUTO-DISCOVERY INICIADO ==========
2025-12-06 11:52:35.167 31466-1191  DeviceUtils             com.cdccreditsmart.app               E  SecurityException reading IMEI - permission denied (Ask Gemini)
                                                                                                    java.lang.SecurityException: getImeiForSlot: The uid 10301 does not meet the requirements to access device identifiers.
                                                                                                    	at android.os.Parcel.createExceptionOrNull(Parcel.java:3252)
                                                                                                    	at android.os.Parcel.createException(Parcel.java:3236)
                                                                                                    	at android.os.Parcel.readException(Parcel.java:3219)
                                                                                                    	at android.os.Parcel.readException(Parcel.java:3161)
                                                                                                    	at com.android.internal.telephony.ITelephony$Stub$Proxy.getImeiForSlot(ITelephony.java:12102)
                                                                                                    	at android.telephony.TelephonyManager.getImei(TelephonyManager.java:2356)
                                                                                                    	at android.telephony.TelephonyManager.getImei(TelephonyManager.java:2307)
                                                                                                    	at com.cdccreditsmart.app.utils.DeviceUtils.getDeviceImei(DeviceUtils.kt:106)
                                                                                                    	at com.cdccreditsmart.app.auth.AuthenticationOrchestrator.attemptAutoConnection(AuthenticationOrchestrator.kt:96)
                                                                                                    	at com.cdccreditsmart.app.auth.AuthenticationOrchestrator.access$attemptAutoConnection(AuthenticationOrchestrator.kt:28)
                                                                                                    	at com.cdccreditsmart.app.auth.AuthenticationOrchestrator$ensureAuthenticated$2.invokeSuspend(AuthenticationOrchestrator.kt:228)
                                                                                                    	at kotlin.coroutines.jvm.internal.BaseContinuationImpl.resumeWith(ContinuationImpl.kt:34)
                                                                                                    	at kotlinx.coroutines.DispatchedTask.run(DispatchedTask.kt:108)
                                                                                                    	at kotlinx.coroutines.internal.LimitedDispatcher$Worker.run(LimitedDispatcher.kt:115)
                                                                                                    	at kotlinx.coroutines.scheduling.TaskImpl.run(Tasks.kt:103)
                                                                                                    	at kotlinx.coroutines.scheduling.CoroutineScheduler.runSafely(CoroutineScheduler.kt:584)
                                                                                                    	at kotlinx.coroutines.scheduling.CoroutineScheduler$Worker.executeTask(CoroutineScheduler.kt:793)
                                                                                                    	at kotlinx.coroutines.scheduling.CoroutineScheduler$Worker.runWorker(CoroutineScheduler.kt:697)
                                                                                                    	at kotlinx.coroutines.scheduling.CoroutineScheduler$Worker.run(CoroutineScheduler.kt:684)
2025-12-06 11:52:35.168 31466-1191  AuthOrchestrator        com.cdccreditsmart.app               W  âš ï¸ IMEI nÃ£o disponÃ­vel (permissÃ£o negada ou emulador)
2025-12-06 11:52:35.168 31466-1191  AuthOrchestrator        com.cdccreditsmart.app               D     â†’ Fallback para pareamento manual
2025-12-06 11:52:35.168 31466-1191  ContractCodeStorage     com.cdccreditsmart.app               D  Retrieving contract code from storage
2025-12-06 11:52:35.198 31466-31466 BufferQueueConsumer     com.cdccreditsmart.app               D  [](id:7aea00000001,api:0,p:-1,c:31466) connect: controlledByApp=false
2025-12-06 11:52:35.199 31466-31466 BLASTBufferQueue        com.cdccreditsmart.app               D  [VRI[MainActivity]#1](f:0,a:0) constructor()
2025-12-06 11:52:35.199 31466-31466 BLASTBufferQueue        com.cdccreditsmart.app               D  [VRI[MainActivity]#1](f:0,a:0) update width=1080 height=2436 format=-3 mTransformHint=0
2025-12-06 11:52:35.224 31466-1221  BLASTBufferQueue        com.cdccreditsmart.app               D  [VRI[MainActivity]#1](f:0,a:1) acquireNextBufferLocked size=1080x2436 mFrameNumber=1 applyTransaction=true mTimestamp=108038273007131(auto) mPendingTransactions.size=0 graphicBufferId=135145440935942 transform=0
2025-12-06 11:52:35.285 31466-31466 InsetsController        com.cdccreditsmart.app               I  Insets animation onAnimationStart mShow:false, mDurationMs:340, types:statusBars
2025-12-06 11:52:35.426 31466-1192  MdmCommandReceiver      com.cdccreditsmart.app               D  âœ… Foreground service reference set for WakeLock management
2025-12-06 11:52:35.426 31466-1192  CdcForegroundService    com.cdccreditsmart.app               D  ðŸ”‹ Foreground service reference passada para MdmCommandReceiver
2025-12-06 11:52:35.426 31466-1192  CdcForegroundService    com.cdccreditsmart.app               I  ðŸ“¡ ========================================
2025-12-06 11:52:35.426 31466-1192  CdcForegroundService    com.cdccreditsmart.app               I  ðŸ“¡ CONECTANDO WebSocket MDM...
2025-12-06 11:52:35.426 31466-1192  CdcForegroundService    com.cdccreditsmart.app               I  ðŸ“¡ ========================================
2025-12-06 11:52:35.427 31466-1192  CdcForegroundService    com.cdccreditsmart.app               I  ðŸ“¡ AuthToken length: 260 caracteres
2025-12-06 11:52:35.427 31466-1192  CdcForegroundService    com.cdccreditsmart.app               I  ðŸ“¡ AuthToken preview: eyJhbGciOiJIUzI1NiIs...
2025-12-06 11:52:35.427 31466-1192  CdcForegroundService    com.cdccreditsmart.app               I  ðŸ“¡ Contract code: VY9DB9EC
2025-12-06 11:52:35.427 31466-1192  CdcForegroundService    com.cdccreditsmart.app               I  ðŸ“¡ Chamando mdmReceiver.connectMdmWebSocket()...
2025-12-06 11:52:35.437 31466-1192  SecureTokenStorage      com.cdccreditsmart.app               D  âš ï¸ Usando Serial Number para MDM (IMEI indisponÃ­vel): VY9DB9...
2025-12-06 11:52:35.437 31466-1192  MdmCommandReceiver      com.cdccreditsmart.app               I  ðŸ”— ========================================
2025-12-06 11:52:35.437 31466-1192  MdmCommandReceiver      com.cdccreditsmart.app               I  ðŸ”— INICIANDO CONEXÃƒO WEBSOCKET MDM
2025-12-06 11:52:35.437 31466-1192  MdmCommandReceiver      com.cdccreditsmart.app               I  ðŸ”— ========================================
2025-12-06 11:52:35.437 31466-1192  MdmCommandReceiver      com.cdccreditsmart.app               I  ðŸ”— URL base: wss://cdccreditsmart.com/ws
2025-12-06 11:52:35.437 31466-1192  MdmCommandReceiver      com.cdccreditsmart.app               I  ðŸ”— JWT Token presente: true
2025-12-06 11:52:35.438 31466-1192  MdmCommandReceiver      com.cdccreditsmart.app               I  ðŸ”— JWT Token length: 260
2025-12-06 11:52:35.439 31466-1192  MdmCommandReceiver      com.cdccreditsmart.app               I  ðŸ”— JWT Token preview: eyJhbGciOiJIUzI1NiIsInR5cCI6Ik...
2025-12-06 11:52:35.439 31466-1192  MdmCommandReceiver      com.cdccreditsmart.app               I  ðŸ”— Device identifier: VY9DB9EC
2025-12-06 11:52:35.451 31466-1192  MdmCommandReceiver      com.cdccreditsmart.app               D  ðŸ”— Criando WebSocket OkHttp...
2025-12-06 11:52:35.451 31466-1192  MdmCommandReceiver      com.cdccreditsmart.app               I  ðŸ”„ Iniciando polling IMEDIATAMENTE (nÃ£o esperar WebSocket)
2025-12-06 11:52:35.454 31466-1190  MdmCommandReceiver      com.cdccreditsmart.app               I  ðŸ”„ ========================================
2025-12-06 11:52:35.454 31466-1190  MdmCommandReceiver      com.cdccreditsmart.app               I  ðŸ”„ INICIANDO POLLING FALLBACK MDM
2025-12-06 11:52:35.455 31466-1190  MdmCommandReceiver      com.cdccreditsmart.app               I  ðŸ”„ ========================================
2025-12-06 11:52:35.455 31466-1190  MdmCommandReceiver      com.cdccreditsmart.app               I  ðŸ”„ Intervalo: 30 segundos
2025-12-06 11:52:35.455 31466-1190  MdmCommandReceiver      com.cdccreditsmart.app               I  ðŸ”„ Endpoint: GET /api/apk/device/{identifier}/commands
2025-12-06 11:52:35.455 31466-1190  MdmCommandReceiver      com.cdccreditsmart.app               I  ðŸ”„ Executando verificaÃ§Ã£o IMEDIATA de comandos...
2025-12-06 11:52:35.456 31466-1192  MdmCommandReceiver      com.cdccreditsmart.app               D  ðŸ”— WebSocket request enviado - aguardando resposta...
2025-12-06 11:52:35.456 31466-1192  CdcForegroundService    com.cdccreditsmart.app               I  ðŸ“¡ ========================================
2025-12-06 11:52:35.456 31466-1192  CdcForegroundService    com.cdccreditsmart.app               I  ðŸ“¡ connectMdmWebSocket() CHAMADO - Aguardando conexÃ£o...
2025-12-06 11:52:35.456 31466-1192  CdcForegroundService    com.cdccreditsmart.app               I  ðŸ“¡ PrÃ³ximo log esperado: 'âœ… WebSocket MDM CONECTADO'
2025-12-06 11:52:35.456 31466-1192  CdcForegroundService    com.cdccreditsmart.app               I  ðŸ“¡ ========================================
2025-12-06 11:52:35.456 31466-1192  CdcForegroundService    com.cdccreditsmart.app               D  ðŸ“¡ Criando WebSocketManager (flow-status)...
2025-12-06 11:52:35.457 31466-1192  WebSocketManager        com.cdccreditsmart.app               D  Connecting to WebSocket: wss://cdccreditsmart.com/ws/flow-status
2025-12-06 11:52:35.459 31466-1192  CdcForegroundService    com.cdccreditsmart.app               I  ðŸ“¡ WebSocketManager inicializado
2025-12-06 11:52:35.460 31466-1192  CdcForegroundService    com.cdccreditsmart.app               I  ðŸ’¡ Overlay automÃ¡tico: PeriodicOverlayWorker (a cada 10min)
2025-12-06 11:52:35.460 31466-1192  HeartbeatWorker         com.cdccreditsmart.app               I  âœ… Heartbeat OTIMIZADO agendado via WorkManager
2025-12-06 11:52:35.460 31466-1192  HeartbeatWorker         com.cdccreditsmart.app               I     ðŸ“Š Intervalo: 60min (reduÃ§Ã£o de 75% vs 15min)
2025-12-06 11:52:35.460 31466-1192  HeartbeatWorker         com.cdccreditsmart.app               I     ðŸŽ¯ Economia: ~72 requisiÃ§Ãµes/dia por dispositivo
2025-12-06 11:52:35.461 31466-1192  IconProtectionWorker    com.cdccreditsmart.app               I  ðŸ“Œ IconProtectionWorker agendado (15 min)
2025-12-06 11:52:35.461 31466-1192  IconProtectionWorker    com.cdccreditsmart.app               I  ðŸ“Œ IconProtectionWorker executando agora
2025-12-06 11:52:35.461 31466-1192  CdcForegroundService    com.cdccreditsmart.app               I  ðŸ“Œ Worker de proteÃ§Ã£o do Ã­cone agendado e executando
2025-12-06 11:52:35.461 31466-1192  BlockingNotifWorker     com.cdccreditsmart.app               I  ðŸ“… Agendando verificaÃ§Ã£o de notificaÃ§Ãµes de bloqueio...
2025-12-06 11:52:35.462 31466-1192  BlockingNotifWorker     com.cdccreditsmart.app               I  âœ… Worker agendado para executar a cada 6h
2025-12-06 11:52:35.462 31466-1192  CdcForegroundService    com.cdccreditsmart.app               I  ðŸ“± Worker de notificaÃ§Ãµes de bloqueio agendado
2025-12-06 11:52:35.463 31466-1190  SecureTokenStorage      com.cdccreditsmart.app               D  âš ï¸ Usando Serial Number para MDM (IMEI indisponÃ­vel): VY9DB9...
2025-12-06 11:52:35.463 31466-1190  MdmCommandReceiver      com.cdccreditsmart.app               I  ðŸ” ========================================
2025-12-06 11:52:35.463 31466-1190  MdmCommandReceiver      com.cdccreditsmart.app               I  ðŸ” BUSCANDO COMANDOS PENDENTES
2025-12-06 11:52:35.463 31466-1190  MdmCommandReceiver      com.cdccreditsmart.app               I  ðŸ” ========================================
2025-12-06 11:52:35.463 31466-1190  MdmCommandReceiver      com.cdccreditsmart.app               I  ðŸ” Identifier: VY9DB9EC
2025-12-06 11:52:35.463 31466-1190  MdmCommandReceiver      com.cdccreditsmart.app               I  ðŸ” Endpoint: GET /api/apk/device/VY9DB9EC/commands
2025-12-06 11:52:35.469 31466-1190  MdmCommandReceiver      com.cdccreditsmart.app               D  ðŸ” Executando requisiÃ§Ã£o HTTP (timeout: 15s)...
2025-12-06 11:52:35.475 31466-1192  CdcForegroundService    com.cdccreditsmart.app               I  ðŸ”’ ========================================
2025-12-06 11:52:35.476 31466-1192  CdcForegroundService    com.cdccreditsmart.app               I  ðŸ”’ VERIFICANDO STUB PARA PERSISTÃŠNCIA
2025-12-06 11:52:35.476 31466-1192  CdcForegroundService    com.cdccreditsmart.app               I  ðŸ”’ ========================================
2025-12-06 11:52:35.477 31466-1192  StubManager             com.cdccreditsmart.app               D  Stub is NOT installed
2025-12-06 11:52:35.696 31466-31466 InsetsController        com.cdccreditsmart.app               I  Insets animation onAnimationEnd
2025-12-06 11:52:35.698 31466-31466 InteractionJankMonitor  com.cdccreditsmart.app               W  Initializing without READ_DEVICE_CONFIG permission. enabled=false, interval=1, missedFrameThreshold=3, frameTimeThreshold=64, package=com.cdccreditsmart.app
2025-12-06 11:52:35.713 31466-1387  IconProtectionWorker    com.cdccreditsmart.app               D  ðŸ” Verificando proteÃ§Ã£o do Ã­cone...
2025-12-06 11:52:35.718 31466-1387  LauncherIconProtector   com.cdccreditsmart.app               D  âœ… Atalho jÃ¡ existe na home screen
2025-12-06 11:52:35.719 31466-1387  IconProtectionWorker    com.cdccreditsmart.app               I  ðŸ“Š EstatÃ­sticas: Ã­cone restaurado 2 vezes
2025-12-06 11:52:35.719 31466-1387  IconProtectionWorker    com.cdccreditsmart.app               D  âœ… VerificaÃ§Ã£o de Ã­cone concluÃ­da
2025-12-06 11:52:35.726 31466-1201  WM-WorkerWrapper        com.cdccreditsmart.app               I  Worker result SUCCESS for Work [ id=71a865ef-2ce9-4f2e-8ae0-ab67a4de170f, tags={ com.cdccreditsmart.app.workers.IconProtectionWorker } ]
2025-12-06 11:52:35.744 31466-1192  ContractCodeStorage     com.cdccreditsmart.app               D  Retrieving contract code from storage
2025-12-06 11:52:36.069 31466-31466 os.LiceInfo             com.cdccreditsmart.app               D  instance successfully. com.transsion.message.bank.v1.MessageBankLice@612e9ef from com.transsion.message.bank.IMessageBankLice
2025-12-06 11:52:36.069 31466-31466 TextSelection           com.cdccreditsmart.app               D  call hasMessage cause invalidateCache
2025-12-06 11:52:36.214 31466-1171  creditsmart.app         com.cdccreditsmart.app               I  Compiler allocated 6816KB to compile void android.view.ViewRootImpl.performTraversals()
2025-12-06 11:52:36.285 31466-1355  WebSocketManager        com.cdccreditsmart.app               D  WebSocket connection opened
2025-12-06 11:52:36.285 31466-1355  WebSocketManager        com.cdccreditsmart.app               D  WebSocket connected for contract: VY9DB9EC
2025-12-06 11:52:36.285 31466-1355  WebSocketManager        com.cdccreditsmart.app               D  Starting heartbeat
2025-12-06 11:52:36.521 31466-1352  MdmCommandReceiver      com.cdccreditsmart.app               I  âœ… WebSocket MDM CONECTADO COM SUCESSO!
2025-12-06 11:52:36.521 31466-1352  MdmCommandReceiver      com.cdccreditsmart.app               D  âœ… Response code: 101
2025-12-06 11:52:36.521 31466-1352  MdmCommandReceiver      com.cdccreditsmart.app               D  â³ Polling jÃ¡ estÃ¡ ativo - ignorando chamada duplicada
2025-12-06 11:52:36.521 31466-1345  MdmCommandReceiver      com.cdccreditsmart.app               D  â° Watchdog cancelado (conexÃ£o resolvida)
2025-12-06 11:52:36.522 31466-1352  MdmCommandReceiver      com.cdccreditsmart.app               D  ðŸ“¥ Mensagem MDM recebida: {"type":"welcome","message":"Connected to unified WebSocket server","connectionId":"c687a5d6-8f4a-4f43-a7dc-4713b9940b3e","path":"/ws","routerKey":"device-control","timestamp":"2025-12-06T14:52:36.781Z","serverTime":"2025-12-06T14:52:36.781Z"}
2025-12-06 11:52:36.528 31466-1348  MdmCommandReceiver      com.cdccreditsmart.app               D  ðŸ“¥ JSON recebido: {"type":"welcome","message":"Connected to unified WebSocket server","connectionId":"c687a5d6-8f4a-4f43-a7dc-4713b9940b3e","path":"/ws","routerKey":"device-control","timestamp":"2025-12-06T14:52:36.781Z","serverTime":"2025-12-06T14:52:36.781Z"}
2025-12-06 11:52:36.566 31466-1191  ContractCodeStorage     com.cdccreditsmart.app               D  Storage verification: 7 valid, 0 tampered, 0 missing
2025-12-06 11:52:36.567 31466-1191  ContractCodeStorage     com.cdccreditsmart.app               D  Contract code retrieved successfully
2025-12-06 11:52:36.568 31466-1191  AuthOrchestrator        com.cdccreditsmart.app               D  âœ… CÃ³digo de pareamento encontrado: VY9D****
2025-12-06 11:52:36.574 31466-1191  AuthOrchestrator        com.cdccreditsmart.app               D  ðŸ”‘ Token existente encontrado - validando no servidor...
2025-12-06 11:52:36.993 31466-1192  ContractCodeStorage     com.cdccreditsmart.app               D  Storage verification: 7 valid, 0 tampered, 0 missing
2025-12-06 11:52:36.995 31466-1192  ContractCodeStorage     com.cdccreditsmart.app               D  Contract code retrieved successfully
2025-12-06 11:52:36.995 31466-1192  StubManager             com.cdccreditsmart.app               D  Enrollment complete: true (deviceId=device_176..., contractCode=VY9DB9...)
2025-12-06 11:52:37.001 31466-1192  StubManager             com.cdccreditsmart.app               D  Stub APK not found in assets: cdc_stub.apk
2025-12-06 11:52:37.003 31466-1192  CdcForegroundService    com.cdccreditsmart.app               I  ðŸ”’ Stub instalado: false
2025-12-06 11:52:37.003 31466-1192  CdcForegroundService    com.cdccreditsmart.app               I  ðŸ”’ Enrollment completo: true
2025-12-06 11:52:37.003 31466-1192  CdcForegroundService    com.cdccreditsmart.app               I  ðŸ”’ APK em assets: false
2025-12-06 11:52:37.003 31466-1192  CdcForegroundService    com.cdccreditsmart.app               I  ðŸ”’ Device Owner: false
2025-12-06 11:52:37.003 31466-1192  CdcForegroundService    com.cdccreditsmart.app               I  ðŸ”’ Pode instalar: false
2025-12-06 11:52:37.007 31466-1192  ContractCodeStorage     com.cdccreditsmart.app               D  Retrieving contract code from storage
2025-12-06 11:52:37.841 31466-1192  ContractCodeStorage     com.cdccreditsmart.app               D  Storage verification: 7 valid, 0 tampered, 0 missing
2025-12-06 11:52:37.842 31466-1192  ContractCodeStorage     com.cdccreditsmart.app               D  Contract code retrieved successfully
2025-12-06 11:52:37.842 31466-1192  StubManager             com.cdccreditsmart.app               D  Enrollment complete: true (deviceId=device_176..., contractCode=VY9DB9...)
2025-12-06 11:52:37.844 31466-1192  StubManager             com.cdccreditsmart.app               D  Stub is NOT installed
2025-12-06 11:52:37.844 31466-1192  StubManager             com.cdccreditsmart.app               D  Stub APK not found in assets: cdc_stub.apk
2025-12-06 11:52:37.844 31466-1192  StubManager             com.cdccreditsmart.app               W  Stub APK not found in assets - skipping installation
2025-12-06 11:52:37.844 31466-1192  CdcForegroundService    com.cdccreditsmart.app               W  ðŸ”’ âš ï¸ Stub APK nÃ£o encontrado em assets/
2025-12-06 11:52:37.844 31466-1192  CdcForegroundService    com.cdccreditsmart.app               I  ðŸ”’ ========================================
2025-12-06 11:52:37.844 31466-1192  CdcForegroundService    com.cdccreditsmart.app               I  âœ… Todos os serviÃ§os inicializados com sucesso
2025-12-06 11:52:38.207 31466-1489  ProfileInstaller        com.cdccreditsmart.app               D  Installing profile for com.cdccreditsmart.app
2025-12-06 11:52:38.810 31466-1198  FA                      com.cdccreditsmart.app               I  Application backgrounded at: timestamp_millis: 1765032756807
2025-12-06 11:52:39.188 31466-1492  okhttp.OkHttpClient     com.cdccreditsmart.app               I  --> GET https://cdccreditsmart.com/api/apk/device/VY9DB9EC/commands
2025-12-06 11:52:39.188 31466-1492  okhttp.OkHttpClient     com.cdccreditsmart.app               I  --> END GET
2025-12-06 11:52:39.208 31466-1348  MdmCommandReceiver      com.cdccreditsmart.app               D  ðŸ“¨ Tipo de mensagem: welcome
2025-12-06 11:52:39.209 31466-1348  MdmCommandReceiver      com.cdccreditsmart.app               D  ðŸ‘‹ Mensagem de boas-vindas do servidor
2025-12-06 11:52:39.611 31466-1628  okhttp.OkHttpClient     com.cdccreditsmart.app               I  --> GET https://cdccreditsmart.com/api/apk/device/status
2025-12-06 11:52:39.611 31466-1628  okhttp.OkHttpClient     com.cdccreditsmart.app               I  Authorization: Bearer eyJhbGciOiJIUzI1NiIsInR5cCI6IkpXVCJ9.eyJkZXZpY2VJZCI6ImRldmljZV8xNzY0ODkzMTMwNTQ5XzZzZTlpaHFyaG9rIiwiYXBrVG9rZW4iOiJWWTlEQjlFQyIsInR5cGUiOiJhcGsiLCJleHBpcmVzSW4iOiIyNGgiLCJpYXQiOjE3NjUwMjgxMTUsImV4cCI6MTc2NTExNDUxNX0.Zs1ApE_ghWMSOnPsS-3zjgPVCpgd2_neKm4JY71uQb4
2025-12-06 11:52:39.611 31466-1628  okhttp.OkHttpClient     com.cdccreditsmart.app               I  --> END GET
2025-12-06 11:52:40.413 31466-1172  creditsmart.app         com.cdccreditsmart.app               I  Background concurrent mark compact GC freed 26MB AllocSpace bytes, 580(19MB) LOS objects, 51% free, 11MB/23MB, paused 436us,4.119ms total 162.943ms
2025-12-06 11:52:40.535 31466-1628  okhttp.OkHttpClient     com.cdccreditsmart.app               I  <-- 200 https://cdccreditsmart.com/api/apk/device/status (922ms)
2025-12-06 11:52:40.535 31466-1628  okhttp.OkHttpClient     com.cdccreditsmart.app               I  access-control-allow-credentials: true
2025-12-06 11:52:40.535 31466-1628  okhttp.OkHttpClient     com.cdccreditsmart.app               I  access-control-allow-headers: Origin, X-Requested-With, Content-Type, Accept, Authorization, x-client-key, x-client-token, x-client-secret, cache-control
