2025-12-08 09:06:41.513 14598-14598 ContractCodeStorage     com.cdccreditsmart.app               D  Storage verification: 7 valid, 0 tampered, 0 missing
2025-12-08 09:06:41.513 14598-14598 ContractCodeStorage     com.cdccreditsmart.app               D  Contract code retrieved successfully
2025-12-08 09:06:46.301 14598-14645 SettingsGuardService    com.cdccreditsmart.app               D  ğŸ“‹ Activity check - Full: com.google.android.apps.nexuslauncher.NexusLauncherActivity, Simple: NexusLauncherActivity
2025-12-08 09:06:46.916 14598-14645 SettingsGuardService    com.cdccreditsmart.app               D  ğŸ“‹ Activity check - Full: com.google.android.apps.nexuslauncher.NexusLauncherActivity, Simple: NexusLauncherActivity
2025-12-08 09:06:47.486 14598-14598 VRI[MainActivity]       com.cdccreditsmart.app               D  visibilityChanged oldVisibility=true newVisibility=false
2025-12-08 09:06:47.524 14598-14645 SettingsGuardService    com.cdccreditsmart.app               D  ğŸ“‹ Activity check - Full: com.google.android.apps.nexuslauncher.NexusLauncherActivity, Simple: NexusLauncherActivity
2025-12-08 09:06:48.127 14598-14645 SettingsGuardService    com.cdccreditsmart.app               D  ğŸ“‹ Activity check - Full: com.google.android.apps.nexuslauncher.NexusLauncherActivity, Simple: NexusLauncherActivity
2025-12-08 09:06:48.735 14598-14645 SettingsGuardService    com.cdccreditsmart.app               D  ğŸ“‹ Activity check - Full: com.android.settings.homepage.SettingsHomepageActivity, Simple: SettingsHomepageActivity
2025-12-08 09:06:48.750 14598-14645 SettingsGuardService    com.cdccreditsmart.app               W  âš ï¸ Activity em Settings passou por TODAS verificaÃ§Ãµes:
2025-12-08 09:06:48.750 14598-14645 SettingsGuardService    com.cdccreditsmart.app               W     Pacote: com.android.settings
2025-12-08 09:06:48.750 14598-14645 SettingsGuardService    com.cdccreditsmart.app               W     Activity completa: com.android.settings.homepage.SettingsHomepageActivity
2025-12-08 09:06:48.750 14598-14645 SettingsGuardService    com.cdccreditsmart.app               W     Activity simplificada: SettingsHomepageActivity
2025-12-08 09:06:49.355 14598-14645 SettingsGuardService    com.cdccreditsmart.app               D  ğŸ“‹ Activity check - Full: com.android.settings.homepage.SettingsHomepageActivity, Simple: SettingsHomepageActivity
2025-12-08 09:06:49.365 14598-14645 SettingsGuardService    com.cdccreditsmart.app               W  âš ï¸ Activity em Settings passou por TODAS verificaÃ§Ãµes:
2025-12-08 09:06:49.370 14598-14645 SettingsGuardService    com.cdccreditsmart.app               W     Pacote: com.android.settings
2025-12-08 09:06:49.370 14598-14645 SettingsGuardService    com.cdccreditsmart.app               W     Activity completa: com.android.settings.homepage.SettingsHomepageActivity
2025-12-08 09:06:49.370 14598-14645 SettingsGuardService    com.cdccreditsmart.app               W     Activity simplificada: SettingsHomepageActivity
2025-12-08 09:06:49.579 14598-14622 FA                      com.cdccreditsmart.app               I  Application backgrounded at: timestamp_millis: 1765195607562
2025-12-08 09:06:49.973 14598-14645 SettingsGuardService    com.cdccreditsmart.app               D  ğŸ“‹ Activity check - Full: com.android.settings.homepage.SettingsHomepageActivity, Simple: SettingsHomepageActivity
2025-12-08 09:06:49.980 14598-14645 SettingsGuardService    com.cdccreditsmart.app               W  âš ï¸ Activity em Settings passou por TODAS verificaÃ§Ãµes:
2025-12-08 09:06:49.980 14598-14645 SettingsGuardService    com.cdccreditsmart.app               W     Pacote: com.android.settings
2025-12-08 09:06:49.980 14598-14645 SettingsGuardService    com.cdccreditsmart.app               W     Activity completa: com.android.settings.homepage.SettingsHomepageActivity
2025-12-08 09:06:49.980 14598-14645 SettingsGuardService    com.cdccreditsmart.app               W     Activity simplificada: SettingsHomepageActivity
2025-12-08 09:06:54.842 14598-14645 SettingsGuardService    com.cdccreditsmart.app               D  ğŸ“‹ Activity check - Full: com.android.permissioncontroller.safetycenter.ui.SafetyCenterActivity, Simple: SafetyCenterActivity
2025-12-08 09:06:54.842 14598-14645 SettingsGuardService    com.cdccreditsmart.app               I  âœ… Tela de Senha/SeguranÃ§a PERMITIDA: SafetyCenterActivity
2025-12-08 09:06:54.842 14598-14645 SettingsGuardService    com.cdccreditsmart.app               D     Activity completa: com.android.permissioncontroller.safetycenter.ui.SafetyCenterActivity
2025-12-08 09:06:54.842 14598-14645 SettingsGuardService    com.cdccreditsmart.app               D     UsuÃ¡rio pode alterar senha/biometria do dispositivo
2025-12-08 09:06:55.444 14598-14645 SettingsGuardService    com.cdccreditsmart.app               D  ğŸ“‹ Activity check - Full: com.android.permissioncontroller.safetycenter.ui.SafetyCenterActivity, Simple: SafetyCenterActivity
2025-12-08 09:06:55.444 14598-14645 SettingsGuardService    com.cdccreditsmart.app               I  âœ… Tela de Senha/SeguranÃ§a PERMITIDA: SafetyCenterActivity
2025-12-08 09:06:55.444 14598-14645 SettingsGuardService    com.cdccreditsmart.app               D     Activity completa: com.android.permissioncontroller.safetycenter.ui.SafetyCenterActivity
2025-12-08 09:06:55.444 14598-14645 SettingsGuardService    com.cdccreditsmart.app               D     UsuÃ¡rio pode alterar senha/biometria do dispositivo
2025-12-08 09:06:56.046 14598-14645 SettingsGuardService    com.cdccreditsmart.app               D  ğŸ“‹ Activity check - Full: com.android.permissioncontroller.safetycenter.ui.SafetyCenterActivity, Simple: SafetyCenterActivity
2025-12-08 09:06:56.046 14598-14645 SettingsGuardService    com.cdccreditsmart.app               I  âœ… Tela de Senha/SeguranÃ§a PERMITIDA: SafetyCenterActivity
2025-12-08 09:06:56.046 14598-14645 SettingsGuardService    com.cdccreditsmart.app               D     Activity completa: com.android.permissioncontroller.safetycenter.ui.SafetyCenterActivity
2025-12-08 09:06:56.046 14598-14645 SettingsGuardService    com.cdccreditsmart.app               D     UsuÃ¡rio pode alterar senha/biometria do dispositivo
2025-12-08 09:06:59.081 14598-14645 SettingsGuardService    com.cdccreditsmart.app               D  ğŸ“‹ Activity check - Full: com.google.android.apps.nexuslauncher.NexusLauncherActivity, Simple: NexusLauncherActivity
2025-12-08 09:06:59.695 14598-14645 SettingsGuardService    com.cdccreditsmart.app               D  ğŸ“‹ Activity check - Full: com.google.android.apps.nexuslauncher.NexusLauncherActivity, Simple: NexusLauncherActivity
2025-12-08 09:07:00.306 14598-14645 SettingsGuardService    com.cdccreditsmart.app               D  ğŸ“‹ Activity check - Full: com.google.android.apps.nexuslauncher.NexusLauncherActivity, Simple: NexusLauncherActivity
2025-12-08 09:07:00.920 14598-14645 SettingsGuardService    com.cdccreditsmart.app               D  ğŸ“‹ Activity check - Full: com.google.android.apps.nexuslauncher.NexusLauncherActivity, Simple: NexusLauncherActivity
2025-12-08 09:07:02.554 14598-14645 MdmCommandReceiver      com.cdccreditsmart.app               D  ğŸ’“ Ping JSON enviado (timestamp: 1765195622553)
2025-12-08 09:07:02.758 14598-14648 MdmCommandReceiver      com.cdccreditsmart.app               D  ğŸ“¥ Mensagem MDM recebida: {"type":"pong","timestamp":"2025-12-08T12:07:03.055Z"}
2025-12-08 09:07:02.758 14598-14632 MdmCommandReceiver      com.cdccreditsmart.app               D  ğŸ“¥ JSON recebido: {"type":"pong","timestamp":"2025-12-08T12:07:03.055Z"}
2025-12-08 09:07:02.759 14598-14632 MdmCommandReceiver      com.cdccreditsmart.app               D  ğŸ“¨ Tipo de mensagem: pong
2025-12-08 09:07:02.759 14598-14632 MdmCommandReceiver      com.cdccreditsmart.app               D  ğŸ’“ Pong recebido (latency: N/A)
2025-12-08 09:07:03.352 14598-14632 SettingsGuardService    com.cdccreditsmart.app               D  ğŸ“‹ Activity check - Full: com.google.android.gms.advancedprotection.ui.AdvancedProtectionSettingsActivity, Simple: AdvancedProtectionSettingsActivity
2025-12-08 09:07:03.955 14598-14632 SettingsGuardService    com.cdccreditsmart.app               D  ğŸ“‹ Activity check - Full: com.google.android.gms.advancedprotection.ui.AdvancedProtectionSettingsActivity, Simple: AdvancedProtectionSettingsActivity
2025-12-08 09:07:04.558 14598-14632 SettingsGuardService    com.cdccreditsmart.app               D  ğŸ“‹ Activity check - Full: com.google.android.gms.advancedprotection.ui.AdvancedProtectionSettingsActivity, Simple: AdvancedProtectionSettingsActivity
2025-12-08 09:07:05.160 14598-14632 SettingsGuardService    com.cdccreditsmart.app               D  ğŸ“‹ Activity check - Full: com.android.permissioncontroller.safetycenter.ui.SafetyCenterActivity, Simple: SafetyCenterActivity
2025-12-08 09:07:05.160 14598-14632 SettingsGuardService    com.cdccreditsmart.app               I  âœ… Tela de Senha/SeguranÃ§a PERMITIDA: SafetyCenterActivity
2025-12-08 09:07:05.160 14598-14632 SettingsGuardService    com.cdccreditsmart.app               D     Activity completa: com.android.permissioncontroller.safetycenter.ui.SafetyCenterActivity
2025-12-08 09:07:05.160 14598-14632 SettingsGuardService    com.cdccreditsmart.app               D     UsuÃ¡rio pode alterar senha/biometria do dispositivo
2025-12-08 09:07:05.762 14598-14632 SettingsGuardService    com.cdccreditsmart.app               D  ğŸ“‹ Activity check - Full: com.android.permissioncontroller.safetycenter.ui.SafetyCenterActivity, Simple: SafetyCenterActivity
2025-12-08 09:07:05.762 14598-14632 SettingsGuardService    com.cdccreditsmart.app               I  âœ… Tela de Senha/SeguranÃ§a PERMITIDA: SafetyCenterActivity
2025-12-08 09:07:05.762 14598-14632 SettingsGuardService    com.cdccreditsmart.app               D     Activity completa: com.android.permissioncontroller.safetycenter.ui.SafetyCenterActivity
2025-12-08 09:07:05.762 14598-14632 SettingsGuardService    com.cdccreditsmart.app               D     UsuÃ¡rio pode alterar senha/biometria do dispositivo
2025-12-08 09:07:06.366 14598-14632 SettingsGuardService    com.cdccreditsmart.app               D  ğŸ“‹ Activity check - Full: com.android.permissioncontroller.safetycenter.ui.SafetyCenterActivity, Simple: SafetyCenterActivity
2025-12-08 09:07:06.366 14598-14632 SettingsGuardService    com.cdccreditsmart.app               I  âœ… Tela de Senha/SeguranÃ§a PERMITIDA: SafetyCenterActivity
2025-12-08 09:07:06.366 14598-14632 SettingsGuardService    com.cdccreditsmart.app               D     Activity completa: com.android.permissioncontroller.safetycenter.ui.SafetyCenterActivity
2025-12-08 09:07:06.366 14598-14632 SettingsGuardService    com.cdccreditsmart.app               D     UsuÃ¡rio pode alterar senha/biometria do dispositivo
2025-12-08 09:07:06.967 14598-14632 SettingsGuardService    com.cdccreditsmart.app               D  ğŸ“‹ Activity check - Full: com.android.permissioncontroller.safetycenter.ui.SafetyCenterActivity, Simple: SafetyCenterActivity
2025-12-08 09:07:06.967 14598-14632 SettingsGuardService    com.cdccreditsmart.app               I  âœ… Tela de Senha/SeguranÃ§a PERMITIDA: SafetyCenterActivity
2025-12-08 09:07:06.967 14598-14632 SettingsGuardService    com.cdccreditsmart.app               D     Activity completa: com.android.permissioncontroller.safetycenter.ui.SafetyCenterActivity
2025-12-08 09:07:06.967 14598-14632 SettingsGuardService    com.cdccreditsmart.app               D     UsuÃ¡rio pode alterar senha/biometria do dispositivo
2025-12-08 09:07:07.555 14598-14598 WebSocketManager        com.cdccreditsmart.app               D  Heartbeat ping sent
2025-12-08 09:07:07.594 14598-14632 SettingsGuardService    com.cdccreditsmart.app               D  ğŸ“‹ Activity check - Full: com.android.settings.homepage.SettingsHomepageActivity, Simple: SettingsHomepageActivity
2025-12-08 09:07:07.610 14598-14632 SettingsGuardService    com.cdccreditsmart.app               W  âš ï¸ Activity em Settings passou por TODAS verificaÃ§Ãµes:
2025-12-08 09:07:07.610 14598-14632 SettingsGuardService    com.cdccreditsmart.app               W     Pacote: com.android.settings
2025-12-08 09:07:07.610 14598-14632 SettingsGuardService    com.cdccreditsmart.app               W     Activity completa: com.android.settings.homepage.SettingsHomepageActivity
2025-12-08 09:07:07.610 14598-14632 SettingsGuardService    com.cdccreditsmart.app               W     Activity simplificada: SettingsHomepageActivity
2025-12-08 09:07:07.757 14598-14649 WebSocketManager        com.cdccreditsmart.app               D  Message received: {"type":"pong","timestamp":"2025-12-08T12:07:08.051Z"}...
2025-12-08 09:07:07.757 14598-14649 WebSocketManager        com.cdccreditsmart.app               D  Received message type: pong
2025-12-08 09:07:07.757 14598-14649 WebSocketManager        com.cdccreditsmart.app               D  Pong received
2025-12-08 09:07:07.970 14598-14632 MdmCommandReceiver      com.cdccreditsmart.app               I  ğŸ” [Polling #2] Verificando comandos pendentes...
2025-12-08 09:07:07.971 14598-14632 SecureTokenStorage      com.cdccreditsmart.app               D  âš ï¸ Usando Serial Number para MDM (IMEI indisponÃ­vel): XV8W57...
2025-12-08 09:07:07.971 14598-14632 MdmCommandReceiver      com.cdccreditsmart.app               I  ğŸ” ========================================
2025-12-08 09:07:07.971 14598-14632 MdmCommandReceiver      com.cdccreditsmart.app               I  ğŸ” BUSCANDO COMANDOS PENDENTES
2025-12-08 09:07:07.971 14598-14632 MdmCommandReceiver      com.cdccreditsmart.app               I  ğŸ” ========================================
2025-12-08 09:07:07.971 14598-14632 MdmCommandReceiver      com.cdccreditsmart.app               I  ğŸ” Identifier: XV8W5766
2025-12-08 09:07:07.971 14598-14632 MdmCommandReceiver      com.cdccreditsmart.app               I  ğŸ” Endpoint: GET /api/apk/device/XV8W5766/commands
2025-12-08 09:07:07.973 14598-14632 MdmCommandReceiver      com.cdccreditsmart.app               D  ğŸ” Executando requisiÃ§Ã£o HTTP (timeout: 15s)...
2025-12-08 09:07:07.976 14598-14657 okhttp.OkHttpClient     com.cdccreditsmart.app               I  --> GET https://cdccreditsmart.com/api/apk/device/XV8W5766/commands
2025-12-08 09:07:07.976 14598-14657 okhttp.OkHttpClient     com.cdccreditsmart.app               I  --> END GET
2025-12-08 09:07:08.026 14598-14657 SecureTokenStorage      com.cdccreditsmart.app               D  EncryptedSharedPreferences initialized successfully
2025-12-08 09:07:08.212 14598-14632 SettingsGuardService    com.cdccreditsmart.app               D  ğŸ“‹ Activity check - Full: com.android.settings.homepage.SettingsHomepageActivity, Simple: SettingsHomepageActivity
2025-12-08 09:07:08.218 14598-14632 SettingsGuardService    com.cdccreditsmart.app               W  âš ï¸ Activity em Settings passou por TODAS verificaÃ§Ãµes:
2025-12-08 09:07:08.218 14598-14632 SettingsGuardService    com.cdccreditsmart.app               W     Pacote: com.android.settings
2025-12-08 09:07:08.218 14598-14632 SettingsGuardService    com.cdccreditsmart.app               W     Activity completa: com.android.settings.homepage.SettingsHomepageActivity
2025-12-08 09:07:08.218 14598-14632 SettingsGuardService    com.cdccreditsmart.app               W     Activity simplificada: SettingsHomepageActivity
2025-12-08 09:07:08.494 14598-14657 okhttp.OkHttpClient     com.cdccreditsmart.app               I  <-- 200 https://cdccreditsmart.com/api/apk/device/XV8W5766/commands (518ms)
2025-12-08 09:07:08.495 14598-14657 okhttp.OkHttpClient     com.cdccreditsmart.app               I  access-control-allow-credentials: true
2025-12-08 09:07:08.495 14598-14657 okhttp.OkHttpClient     com.cdccreditsmart.app               I  access-control-allow-headers: Origin, X-Requested-With, Content-Type, Accept, Authorization, x-client-key, x-client-token, x-client-secret, cache-control
2025-12-08 09:07:08.495 14598-14657 okhttp.OkHttpClient     com.cdccreditsmart.app               I  access-control-allow-methods: GET, POST, PUT, PATCH, DELETE, OPTIONS
2025-12-08 09:07:08.495 14598-14657 okhttp.OkHttpClient     com.cdccreditsmart.app               I  access-control-allow-origin: *
2025-12-08 09:07:08.495 14598-14657 okhttp.OkHttpClient     com.cdccreditsmart.app               I  access-control-max-age: 86400
2025-12-08 09:07:08.495 14598-14657 okhttp.OkHttpClient     com.cdccreditsmart.app               I  content-length: 105
2025-12-08 09:07:08.495 14598-14657 okhttp.OkHttpClient     com.cdccreditsmart.app               I  content-security-policy: default-src 'self'; script-src 'self' 'unsafe-inline' 'unsafe-eval' https://replit.com; style-src 'self' 'unsafe-inline' https://replit.com; img-src 'self' data: https:; font-src 'self' data: https://replit.com; connect-src 'self';
2025-12-08 09:07:08.495 14598-14657 okhttp.OkHttpClient     com.cdccreditsmart.app               I  content-type: application/json; charset=utf-8
2025-12-08 09:07:08.497 14598-14657 okhttp.OkHttpClient     com.cdccreditsmart.app               I  date: Mon, 08 Dec 2025 12:07:08 GMT
2025-12-08 09:07:08.497 14598-14657 okhttp.OkHttpClient     com.cdccreditsmart.app               I  etag: W/"69-JnxUXIkeOJE9HbxGWOIXIkjIGm0"
2025-12-08 09:07:08.497 14598-14657 okhttp.OkHttpClient     com.cdccreditsmart.app               I  permissions-policy: geolocation=(), microphone=(), camera=()
2025-12-08 09:07:08.497 14598-14657 okhttp.OkHttpClient     com.cdccreditsmart.app               I  referrer-policy: strict-origin-when-cross-origin
2025-12-08 09:07:08.497 14598-14657 okhttp.OkHttpClient     com.cdccreditsmart.app               I  strict-transport-security: max-age=63072000; includeSubDomains
2025-12-08 09:07:08.497 14598-14657 okhttp.OkHttpClient     com.cdccreditsmart.app               I  strict-transport-security: max-age=31536000; includeSubDomains
2025-12-08 09:07:08.497 14598-14657 okhttp.OkHttpClient     com.cdccreditsmart.app               I  x-anti-fraud-protection: active
2025-12-08 09:07:08.497 14598-14657 okhttp.OkHttpClient     com.cdccreditsmart.app               I  x-certificate-pinning-enabled: false
2025-12-08 09:07:08.497 14598-14657 okhttp.OkHttpClient     com.cdccreditsmart.app               I  x-certificate-pinning-status: disabled-for-stability
2025-12-08 09:07:08.497 14598-14657 okhttp.OkHttpClient     com.cdccreditsmart.app               I  x-content-type-options: nosniff
2025-12-08 09:07:08.497 14598-14657 okhttp.OkHttpClient     com.cdccreditsmart.app               I  x-financial-data-protection: enabled
2025-12-08 09:07:08.497 14598-14657 okhttp.OkHttpClient     com.cdccreditsmart.app               I  x-frame-options: DENY
2025-12-08 09:07:08.497 14598-14657 okhttp.OkHttpClient     com.cdccreditsmart.app               I  x-transaction-security-level: maximum
2025-12-08 09:07:08.497 14598-14657 okhttp.OkHttpClient     com.cdccreditsmart.app               I  x-xss-protection: 1; mode=block
2025-12-08 09:07:08.497 14598-14657 okhttp.OkHttpClient     com.cdccreditsmart.app               I  via: 1.1 google
2025-12-08 09:07:08.497 14598-14657 okhttp.OkHttpClient     com.cdccreditsmart.app               I  alt-svc: h3=":443"; ma=2592000,h3-29=":443"; ma=2592000
2025-12-08 09:07:08.498 14598-14657 okhttp.OkHttpClient     com.cdccreditsmart.app               I  {"deviceId":"device_1765148771462_4teww42p114","serialNumber":"XV8W5766","commandsCount":0,"commands":[]}
2025-12-08 09:07:08.498 14598-14657 okhttp.OkHttpClient     com.cdccreditsmart.app               I  <-- END HTTP (105-byte body)
2025-12-08 09:07:08.501 14598-14632 MdmCommandReceiver      com.cdccreditsmart.app               I  ğŸ” HTTP Response code: 200
2025-12-08 09:07:08.501 14598-14632 MdmCommandReceiver      com.cdccreditsmart.app               I  ğŸ” HTTP isSuccessful: true
2025-12-08 09:07:08.501 14598-14632 MdmCommandReceiver      com.cdccreditsmart.app               I  ğŸ” Response body deviceId: device_1765148771462_4teww42p114
2025-12-08 09:07:08.501 14598-14632 MdmCommandReceiver      com.cdccreditsmart.app               I  ğŸ” Response body serialNumber: XV8W5766
2025-12-08 09:07:08.501 14598-14632 MdmCommandReceiver      com.cdccreditsmart.app               I  ğŸ” Total de comandos: 0
2025-12-08 09:07:08.501 14598-14632 MdmCommandReceiver      com.cdccreditsmart.app               D  âœ… Nenhum comando pendente no servidor
2025-12-08 09:07:08.501 14598-14632 MdmCommandReceiver      com.cdccreditsmart.app               D  ğŸ“Š Fetch duration: 530ms
2025-12-08 09:07:08.822 14598-14632 SettingsGuardService    com.cdccreditsmart.app               D  ğŸ“‹ Activity check - Full: com.android.settings.homepage.SettingsHomepageActivity, Simple: SettingsHomepageActivity
2025-12-08 09:07:08.830 14598-14632 SettingsGuardService    com.cdccreditsmart.app               W  âš ï¸ Activity em Settings passou por TODAS verificaÃ§Ãµes:
2025-12-08 09:07:08.830 14598-14632 SettingsGuardService    com.cdccreditsmart.app               W     Pacote: com.android.settings
2025-12-08 09:07:08.830 14598-14632 SettingsGuardService    com.cdccreditsmart.app               W     Activity completa: com.android.settings.homepage.SettingsHomepageActivity
2025-12-08 09:07:08.830 14598-14632 SettingsGuardService    com.cdccreditsmart.app               W     Activity simplificada: SettingsHomepageActivity
2025-12-08 09:07:14.258 14598-14632 SettingsGuardService    com.cdccreditsmart.app               D  ğŸ“‹ Activity check - Full: com.android.settings.SubSettings, Simple: SubSettings
2025-12-08 09:07:14.264 14598-14632 SettingsGuardService    com.cdccreditsmart.app               D  ğŸ“‹ SubSettings detectado (navegaÃ§Ã£o permitida)
2025-12-08 09:07:14.264 14598-14632 SettingsGuardService    com.cdccreditsmart.app               D     Pacote: com.android.settings
2025-12-08 09:07:14.264 14598-14632 SettingsGuardService    com.cdccreditsmart.app               D     NOTA: NÃ£o veio de caminho perigoso
2025-12-08 09:07:14.264 14598-14632 SettingsGuardService    com.cdccreditsmart.app               W  âš ï¸ Activity em Settings passou por TODAS verificaÃ§Ãµes:
2025-12-08 09:07:14.264 14598-14632 SettingsGuardService    com.cdccreditsmart.app               W     Pacote: com.android.settings
2025-12-08 09:07:14.264 14598-14632 SettingsGuardService    com.cdccreditsmart.app               W     Activity completa: com.android.settings.SubSettings
2025-12-08 09:07:14.265 14598-14632 SettingsGuardService    com.cdccreditsmart.app               W     Activity simplificada: SubSettings
2025-12-08 09:07:14.867 14598-14632 SettingsGuardService    com.cdccreditsmart.app               D  ğŸ“‹ Activity check - Full: com.android.settings.SubSettings, Simple: SubSettings
2025-12-08 09:07:14.871 14598-14632 SettingsGuardService    com.cdccreditsmart.app               D  ğŸ“‹ SubSettings detectado (navegaÃ§Ã£o permitida)
2025-12-08 09:07:14.871 14598-14632 SettingsGuardService    com.cdccreditsmart.app               D     Pacote: com.android.settings
2025-12-08 09:07:14.871 14598-14632 SettingsGuardService    com.cdccreditsmart.app               D     NOTA: NÃ£o veio de caminho perigoso
2025-12-08 09:07:14.871 14598-14632 SettingsGuardService    com.cdccreditsmart.app               W  âš ï¸ Activity em Settings passou por TODAS verificaÃ§Ãµes:
2025-12-08 09:07:14.871 14598-14632 SettingsGuardService    com.cdccreditsmart.app               W     Pacote: com.android.settings
2025-12-08 09:07:14.871 14598-14632 SettingsGuardService    com.cdccreditsmart.app               W     Activity completa: com.android.settings.SubSettings
2025-12-08 09:07:14.871 14598-14632 SettingsGuardService    com.cdccreditsmart.app               W     Activity simplificada: SubSettings
2025-12-08 09:07:15.490 14598-14632 SettingsGuardService    com.cdccreditsmart.app               D  ğŸ“‹ Activity check - Full: com.android.settings.SubSettings, Simple: SubSettings
2025-12-08 09:07:15.494 14598-14632 SettingsGuardService    com.cdccreditsmart.app               D  ğŸ“‹ SubSettings detectado (navegaÃ§Ã£o permitida)
2025-12-08 09:07:15.494 14598-14632 SettingsGuardService    com.cdccreditsmart.app               D     Pacote: com.android.settings
2025-12-08 09:07:15.494 14598-14632 SettingsGuardService    com.cdccreditsmart.app               D     NOTA: NÃ£o veio de caminho perigoso
2025-12-08 09:07:15.494 14598-14632 SettingsGuardService    com.cdccreditsmart.app               W  âš ï¸ Activity em Settings passou por TODAS verificaÃ§Ãµes:
2025-12-08 09:07:15.494 14598-14632 SettingsGuardService    com.cdccreditsmart.app               W     Pacote: com.android.settings
2025-12-08 09:07:15.494 14598-14632 SettingsGuardService    com.cdccreditsmart.app               W     Activity completa: com.android.settings.SubSettings
2025-12-08 09:07:15.494 14598-14632 SettingsGuardService    com.cdccreditsmart.app               W     Activity simplificada: SubSettings
2025-12-08 09:07:16.098 14598-14632 SettingsGuardService    com.cdccreditsmart.app               D  ğŸ“‹ Activity check - Full: com.android.settings.SubSettings, Simple: SubSettings
2025-12-08 09:07:16.102 14598-14632 SettingsGuardService    com.cdccreditsmart.app               D  ğŸ“‹ SubSettings detectado (navegaÃ§Ã£o permitida)
2025-12-08 09:07:16.102 14598-14632 SettingsGuardService    com.cdccreditsmart.app               D     Pacote: com.android.settings
2025-12-08 09:07:16.102 14598-14632 SettingsGuardService    com.cdccreditsmart.app               D     NOTA: NÃ£o veio de caminho perigoso
2025-12-08 09:07:16.102 14598-14632 SettingsGuardService    com.cdccreditsmart.app               W  âš ï¸ Activity em Settings passou por TODAS verificaÃ§Ãµes:
2025-12-08 09:07:16.102 14598-14632 SettingsGuardService    com.cdccreditsmart.app               W     Pacote: com.android.settings
2025-12-08 09:07:16.102 14598-14632 SettingsGuardService    com.cdccreditsmart.app               W     Activity completa: com.android.settings.SubSettings
2025-12-08 09:07:16.102 14598-14632 SettingsGuardService    com.cdccreditsmart.app               W     Activity simplificada: SubSettings
2025-12-08 09:07:16.706 14598-14632 SettingsGuardService    com.cdccreditsmart.app               D  ğŸ“‹ Activity check - Full: com.android.settings.homepage.SettingsHomepageActivity, Simple: SettingsHomepageActivity
2025-12-08 09:07:16.711 14598-14632 SettingsGuardService    com.cdccreditsmart.app               W  âš ï¸ Activity em Settings passou por TODAS verificaÃ§Ãµes:
2025-12-08 09:07:16.711 14598-14632 SettingsGuardService    com.cdccreditsmart.app               W     Pacote: com.android.settings
2025-12-08 09:07:16.711 14598-14632 SettingsGuardService    com.cdccreditsmart.app               W     Activity completa: com.android.settings.homepage.SettingsHomepageActivity
2025-12-08 09:07:16.711 14598-14632 SettingsGuardService    com.cdccreditsmart.app               W     Activity simplificada: SettingsHomepageActivity
2025-12-08 09:07:17.324 14598-14632 SettingsGuardService    com.cdccreditsmart.app               D  ğŸ“‹ Activity check - Full: com.android.settings.homepage.SettingsHomepageActivity, Simple: SettingsHomepageActivity
2025-12-08 09:07:17.331 14598-14632 SettingsGuardService    com.cdccreditsmart.app               W  âš ï¸ Activity em Settings passou por TODAS verificaÃ§Ãµes:
2025-12-08 09:07:17.331 14598-14632 SettingsGuardService    com.cdccreditsmart.app               W     Pacote: com.android.settings
2025-12-08 09:07:17.331 14598-14632 SettingsGuardService    com.cdccreditsmart.app               W     Activity completa: com.android.settings.homepage.SettingsHomepageActivity
2025-12-08 09:07:17.331 14598-14632 SettingsGuardService    com.cdccreditsmart.app               W     Activity simplificada: SettingsHomepageActivity
2025-12-08 09:07:17.989 14598-14632 SettingsGuardService    com.cdccreditsmart.app               D  ğŸ“‹ Activity check - Full: com.android.settings.homepage.SettingsHomepageActivity, Simple: SettingsHomepageActivity
2025-12-08 09:07:17.993 14598-14632 SettingsGuardService    com.cdccreditsmart.app               W  âš ï¸ Activity em Settings passou por TODAS verificaÃ§Ãµes:
2025-12-08 09:07:17.993 14598-14632 SettingsGuardService    com.cdccreditsmart.app               W     Pacote: com.android.settings
2025-12-08 09:07:17.993 14598-14632 SettingsGuardService    com.cdccreditsmart.app               W     Activity completa: com.android.settings.homepage.SettingsHomepageActivity
2025-12-08 09:07:17.993 14598-14632 SettingsGuardService    com.cdccreditsmart.app               W     Activity simplificada: SettingsHomepageActivity
2025-12-08 09:07:18.595 14598-14632 SettingsGuardService    com.cdccreditsmart.app               D  ğŸ“‹ Activity check - Full: com.android.settings.homepage.SettingsHomepageActivity, Simple: SettingsHomepageActivity
2025-12-08 09:07:18.600 14598-14632 SettingsGuardService    com.cdccreditsmart.app               W  âš ï¸ Activity em Settings passou por TODAS verificaÃ§Ãµes:
2025-12-08 09:07:18.600 14598-14632 SettingsGuardService    com.cdccreditsmart.app               W     Pacote: com.android.settings
2025-12-08 09:07:18.600 14598-14632 SettingsGuardService    com.cdccreditsmart.app               W     Activity completa: com.android.settings.homepage.SettingsHomepageActivity
2025-12-08 09:07:18.600 14598-14632 SettingsGuardService    com.cdccreditsmart.app               W     Activity simplificada: SettingsHomepageActivity
2025-12-08 09:07:21.619 14598-14632 SettingsGuardService    com.cdccreditsmart.app               D  ğŸ“‹ Activity check - Full: com.android.settings.SubSettings, Simple: SubSettings
2025-12-08 09:07:21.623 14598-14632 SettingsGuardService    com.cdccreditsmart.app               D  ğŸ“‹ SubSettings detectado (navegaÃ§Ã£o permitida)
2025-12-08 09:07:21.623 14598-14632 SettingsGuardService    com.cdccreditsmart.app               D     Pacote: com.android.settings
2025-12-08 09:07:21.623 14598-14632 SettingsGuardService    com.cdccreditsmart.app               D     NOTA: NÃ£o veio de caminho perigoso
2025-12-08 09:07:21.624 14598-14632 SettingsGuardService    com.cdccreditsmart.app               W  âš ï¸ Activity em Settings passou por TODAS verificaÃ§Ãµes:
2025-12-08 09:07:21.624 14598-14632 SettingsGuardService    com.cdccreditsmart.app               W     Pacote: com.android.settings
2025-12-08 09:07:21.624 14598-14632 SettingsGuardService    com.cdccreditsmart.app               W     Activity completa: com.android.settings.SubSettings
2025-12-08 09:07:21.624 14598-14632 SettingsGuardService    com.cdccreditsmart.app               W     Activity simplificada: SubSettings
2025-12-08 09:07:22.242 14598-14632 SettingsGuardService    com.cdccreditsmart.app               D  ğŸ“‹ Activity check - Full: com.android.settings.SubSettings, Simple: SubSettings
2025-12-08 09:07:22.272 14598-14632 SettingsGuardService    com.cdccreditsmart.app               D  ğŸ“‹ SubSettings detectado (navegaÃ§Ã£o permitida)
2025-12-08 09:07:22.273 14598-14632 SettingsGuardService    com.cdccreditsmart.app               D     Pacote: com.android.settings
2025-12-08 09:07:22.273 14598-14632 SettingsGuardService    com.cdccreditsmart.app               D     NOTA: NÃ£o veio de caminho perigoso
2025-12-08 09:07:22.273 14598-14632 SettingsGuardService    com.cdccreditsmart.app               W  âš ï¸ Activity em Settings passou por TODAS verificaÃ§Ãµes:
2025-12-08 09:07:22.273 14598-14632 SettingsGuardService    com.cdccreditsmart.app               W     Pacote: com.android.settings
2025-12-08 09:07:22.273 14598-14632 SettingsGuardService    com.cdccreditsmart.app               W     Activity completa: com.android.settings.SubSettings
2025-12-08 09:07:22.273 14598-14632 SettingsGuardService    com.cdccreditsmart.app               W     Activity simplificada: SubSettings
2025-12-08 09:07:22.918 14598-14632 SettingsGuardService    com.cdccreditsmart.app               D  ğŸ“‹ Activity check - Full: com.android.settings.SubSettings, Simple: SubSettings
2025-12-08 09:07:22.934 14598-14632 SettingsGuardService    com.cdccreditsmart.app               D  ğŸ“‹ SubSettings detectado (navegaÃ§Ã£o permitida)
2025-12-08 09:07:22.976 14598-14632 SettingsGuardService    com.cdccreditsmart.app               D     Pacote: com.android.settings
2025-12-08 09:07:22.976 14598-14632 SettingsGuardService    com.cdccreditsmart.app               D     NOTA: NÃ£o veio de caminho perigoso
2025-12-08 09:07:22.976 14598-14632 SettingsGuardService    com.cdccreditsmart.app               W  âš ï¸ Activity em Settings passou por TODAS verificaÃ§Ãµes:
2025-12-08 09:07:22.978 14598-14632 SettingsGuardService    com.cdccreditsmart.app               W     Pacote: com.android.settings
2025-12-08 09:07:22.980 14598-14632 SettingsGuardService    com.cdccreditsmart.app               W     Activity completa: com.android.settings.SubSettings
2025-12-08 09:07:22.980 14598-14632 SettingsGuardService    com.cdccreditsmart.app               W     Activity simplificada: SubSettings
2025-12-08 09:07:23.224 14598-14603 creditsmart.app         com.cdccreditsmart.app               I  Compiler allocated 10MB to compile com.cdccreditsmart.app.protection.SettingsGuardService$SettingsCheckResult com.cdccreditsmart.app.protection.SettingsGuardService.checkSettingsActivity(java.lang.String, java.lang.String)
2025-12-08 09:07:24.190 14598-14632 SettingsGuardService    com.cdccreditsmart.app               D  ğŸ“‹ Activity check - Full: com.android.settings.spa.SpaActivity, Simple: SpaActivity
2025-12-08 09:07:24.191 14598-14632 SettingsGuardService    com.cdccreditsmart.app               W  ğŸ¯ ATIVIDADE PERIGOSA DETECTADA!
2025-12-08 09:07:24.191 14598-14632 SettingsGuardService    com.cdccreditsmart.app               W     Pacote: com.android.settings
2025-12-08 09:07:24.191 14598-14632 SettingsGuardService    com.cdccreditsmart.app               W     Activity completa: com.android.settings.spa.SpaActivity
2025-12-08 09:07:24.191 14598-14632 SettingsGuardService    com.cdccreditsmart.app               W     Activity simplificada: SpaActivity
2025-12-08 09:07:24.191 14598-14632 SettingsGuardService    com.cdccreditsmart.app               W     Match: SpaActivity
2025-12-08 09:07:24.191 14598-14632 SettingsGuardService    com.cdccreditsmart.app               W  ğŸš¨ ÃREA PERIGOSA DETECTADA!
2025-12-08 09:07:24.191 14598-14632 SettingsGuardService    com.cdccreditsmart.app               W     Pacote: com.android.settings
2025-12-08 09:07:24.191 14598-14632 SettingsGuardService    com.cdccreditsmart.app               W     Atividade: com.android.settings.spa.SpaActivity
2025-12-08 09:07:24.191 14598-14632 SettingsGuardService    com.cdccreditsmart.app               W     Chamando app para foreground...
2025-12-08 09:07:24.192 14598-14598 SettingsGuardService    com.cdccreditsmart.app               D  ğŸ“± NÃ£o Ã© Device Owner - usando mÃ©todo alternativo
2025-12-08 09:07:24.192 14598-14598 SettingsGuardService    com.cdccreditsmart.app               W  âš ï¸ NÃ£o foi possÃ­vel matar processo Settings: Permission Denial: killBackgroundProcesses() from pid=14598, uid=10219 requires android.permission.KILL_BACKGROUND_PROCESSES
2025-12-08 09:07:24.323 14598-14598 SettingsGuardService    com.cdccreditsmart.app               D  ğŸ  Enviado para Home (fecha Settings)
2025-12-08 09:07:24.518 14598-14598 SettingsGuardService    com.cdccreditsmart.app               I  âœ… App trazido para foreground
2025-12-08 09:07:24.595 14598-14632 SettingsGuardService    com.cdccreditsmart.app               D  ğŸ“‹ Activity check - Full: com.google.android.apps.nexuslauncher.NexusLauncherActivity, Simple: NexusLauncherActivity
2025-12-08 09:07:24.656 14598-14598 MainActivity            com.cdccreditsmart.app               D  ğŸ“ BroadcastReceiver de localizaÃ§Ã£o desregistrado
2025-12-08 09:07:24.656 14598-14598 WindowOnBackDispatcher  com.cdccreditsmart.app               W  sendCancelIfRunning: isInProgress=false callback=android.app.Activity$$ExternalSyntheticLambda0@fcad856
2025-12-08 09:07:24.696 14598-14598 ViewRootImpl            com.cdccreditsmart.app               D  Skipping stats log for color mode
2025-12-08 09:07:24.822 14598-14598 MainActivity            com.cdccreditsmart.app               D  ğŸ“ BroadcastReceiver de localizaÃ§Ã£o registrado
2025-12-08 09:07:24.823 14598-14632 PersistentStateManager  com.cdccreditsmart.app               D  Nenhum estado local encontrado
2025-12-08 09:07:24.823 14598-14632 PersistentStateManager  com.cdccreditsmart.app               D  ğŸ†• Sem estado local - device novo ou pÃ³s factory reset
2025-12-08 09:07:24.823 14598-14632 MainActivity            com.cdccreditsmart.app               I  ğŸ†• Device nunca foi provisionado
2025-12-08 09:07:24.834 14598-14598 MainActivity            com.cdccreditsmart.app               I  ========================================
2025-12-08 09:07:24.834 14598-14598 MainActivity            com.cdccreditsmart.app               I  ğŸ“± SOLICITANDO PERMISSÃ•ES (NÃƒO DEVICE OWNER)
2025-12-08 09:07:24.834 14598-14598 MainActivity            com.cdccreditsmart.app               I  ========================================
2025-12-08 09:07:24.842 14598-14598 MainActivity            com.cdccreditsmart.app               I  âœ… Todas as runtime permissions jÃ¡ foram concedidas!
2025-12-08 09:07:24.842 14598-14598 SpecialPermissionReq    com.cdccreditsmart.app               I  ========================================
2025-12-08 09:07:24.842 14598-14598 SpecialPermissionReq    com.cdccreditsmart.app               I  ğŸ“Š STATUS DAS PERMISSÃ•ES ESPECIAIS
2025-12-08 09:07:24.842 14598-14598 SpecialPermissionReq    com.cdccreditsmart.app               I  ========================================
2025-12-08 09:07:24.842 14598-14598 SpecialPermissionReq    com.cdccreditsmart.app               I    USAGE_STATS: âœ… CONCEDIDA
2025-12-08 09:07:24.842 14598-14598 SpecialPermissionReq    com.cdccreditsmart.app               I    OVERLAY: âœ… CONCEDIDA
2025-12-08 09:07:24.842 14598-14598 SpecialPermissionReq    com.cdccreditsmart.app               I  
2025-12-08 09:07:24.842 14598-14598 SpecialPermissionReq    com.cdccreditsmart.app               I  âœ… Todas as permissÃµes especiais concedidas!
2025-12-08 09:07:24.842 14598-14598 SpecialPermissionReq    com.cdccreditsmart.app               I     ProteÃ§Ã£o anti-desinstalaÃ§Ã£o ativa.
2025-12-08 09:07:24.842 14598-14598 SpecialPermissionReq    com.cdccreditsmart.app               I  ========================================
2025-12-08 09:07:24.842 14598-14598 MainActivity            com.cdccreditsmart.app               I  âœ… Todas as permissÃµes especiais jÃ¡ foram concedidas!
2025-12-08 09:07:24.852 14598-14598 InsetsController        com.cdccreditsmart.app               D  Setting requestedVisibleTypes to -14 (was -9)
2025-12-08 09:07:25.211 14598-14632 SettingsGuardService    com.cdccreditsmart.app               D  ğŸ“‹ Activity check - Full: com.cdccreditsmart.app.presentation.MainActivity, Simple: MainActivity
2025-12-08 09:07:25.336 14598-14598 PermissionGateScreen    com.cdccreditsmart.app               I  ğŸ” VERIFICAÃ‡ÃƒO INICIAL DE PERMISSÃ•ES:
2025-12-08 09:07:25.336 14598-14598 PermissionGateScreen    com.cdccreditsmart.app               I     NÃ­vel: DEVICE_ADMIN
2025-12-08 09:07:25.336 14598-14598 PermissionGateScreen    com.cdccreditsmart.app               I     Todas concedidas: true
2025-12-08 09:07:25.336 14598-14598 PermissionGateScreen    com.cdccreditsmart.app               I     Bateria isenta: true
2025-12-08 09:07:25.336 14598-14598 PermissionGateScreen    com.cdccreditsmart.app               I     âœ… OK: Administrador do Dispositivo
2025-12-08 09:07:25.336 14598-14598 PermissionGateScreen    com.cdccreditsmart.app               I     âœ… OK: PermissÃµes BÃ¡sicas
2025-12-08 09:07:25.336 14598-14598 PermissionGateScreen    com.cdccreditsmart.app               I     âœ… OK: Monitoramento de Apps
2025-12-08 09:07:25.336 14598-14598 PermissionGateScreen    com.cdccreditsmart.app               I     âœ… OK: Mostrar Alertas
2025-12-08 09:07:25.336 14598-14598 PermissionGateScreen    com.cdccreditsmart.app               I     âœ… OK: ExecuÃ§Ã£o em Segundo Plano
2025-12-08 09:07:25.336 14598-14598 PermissionGateScreen    com.cdccreditsmart.app               I  âœ… TODAS AS PERMISSÃ•ES JÃ CONCEDIDAS - navegando imediatamente
2025-12-08 09:07:25.337 14598-14598 SettingsGuardService    com.cdccreditsmart.app               I  â–¶ï¸ Guard RETOMADO apÃ³s fluxo de permissÃµes
2025-12-08 09:07:25.364 14598-14598 DeviceOwnerCheckVM      com.cdccreditsmart.app               I  ========================================
2025-12-08 09:07:25.364 14598-14598 DeviceOwnerCheckVM      com.cdccreditsmart.app               I  ğŸ” Verificando status de Device Owner...
2025-12-08 09:07:25.629 14598-14598 InsetsController        com.cdccreditsmart.app               D  hide(ime(), fromIme=false)
2025-12-08 09:07:25.630 14598-14598 ImeTracker              com.cdccreditsmart.app               I  com.cdccreditsmart.app:6a95c938: onCancelled at PHASE_CLIENT_ALREADY_HIDDEN
2025-12-08 09:07:25.839 14598-14632 SettingsGuardService    com.cdccreditsmart.app               D  ğŸ“‹ Activity check - Full: com.cdccreditsmart.app.presentation.MainActivity, Simple: MainActivity
2025-12-08 09:07:26.037 14598-14598 DeviceUtils             com.cdccreditsmart.app               D  Device Owner check: false
2025-12-08 09:07:26.039 14598-14598 DeviceUtils             com.cdccreditsmart.app               D  Samsung device: false (Manufacturer: Google)
2025-12-08 09:07:26.039 14598-14598 DeviceOwnerCheckVM      com.cdccreditsmart.app               W  âš ï¸ MODO DEBUG: UsuÃ¡rio jÃ¡ pulou provisionamento anteriormente
2025-12-08 09:07:26.039 14598-14598 DeviceOwnerCheckVM      com.cdccreditsmart.app               W  âš ï¸ Permitindo acesso sem Device Owner (decisÃ£o memorizada)
2025-12-08 09:07:26.039 14598-14598 DeviceOwnerCheckVM      com.cdccreditsmart.app               I  ========================================
2025-12-08 09:07:26.110 14598-14598 RouterViewModel         com.cdccreditsmart.app               D  ğŸš€ Iniciando verificaÃ§Ã£o de autenticaÃ§Ã£o...
2025-12-08 09:07:26.111 14598-14632 AuthOrchestrator        com.cdccreditsmart.app               D  ğŸ” Verificando autenticaÃ§Ã£o...
2025-12-08 09:07:26.121 14598-14632 AuthOrchestrator        com.cdccreditsmart.app               D  ğŸŒ Conectividade: ONLINE
2025-12-08 09:07:26.121 14598-14632 AuthOrchestrator        com.cdccreditsmart.app               D  ğŸ”„ ========== AUTO-DISCOVERY INICIADO ==========
2025-12-08 09:07:26.195 14598-14632 DeviceUtils             com.cdccreditsmart.app               E  SecurityException reading IMEI - permission denied (Ask Gemini)
                                                                                                    java.lang.SecurityException: getImeiForSlot: The uid 10219 does not meet the requirements to access device identifiers.
                                                                                                    	at android.os.Parcel.createExceptionOrNull(Parcel.java:3340)
                                                                                                    	at android.os.Parcel.createException(Parcel.java:3324)
                                                                                                    	at android.os.Parcel.readException(Parcel.java:3307)
                                                                                                    	at android.os.Parcel.readException(Parcel.java:3249)
                                                                                                    	at com.android.internal.telephony.ITelephony$Stub$Proxy.getImeiForSlot(ITelephony.java:12518)
                                                                                                    	at android.telephony.TelephonyManager.getImei(TelephonyManager.java:2387)
                                                                                                    	at android.telephony.TelephonyManager.getImei(TelephonyManager.java:2342)
                                                                                                    	at com.cdccreditsmart.app.utils.DeviceUtils.getDeviceImei(DeviceUtils.kt:106)
                                                                                                    	at com.cdccreditsmart.app.auth.AuthenticationOrchestrator.attemptAutoConnection(AuthenticationOrchestrator.kt:117)
                                                                                                    	at com.cdccreditsmart.app.auth.AuthenticationOrchestrator.access$attemptAutoConnection(AuthenticationOrchestrator.kt:29)
                                                                                                    	at com.cdccreditsmart.app.auth.AuthenticationOrchestrator$ensureAuthenticated$2.invokeSuspend(AuthenticationOrchestrator.kt:249)
                                                                                                    	at kotlin.coroutines.jvm.internal.BaseContinuationImpl.resumeWith(ContinuationImpl.kt:34)
                                                                                                    	at kotlinx.coroutines.DispatchedTask.run(DispatchedTask.kt:108)
                                                                                                    	at kotlinx.coroutines.internal.LimitedDispatcher$Worker.run(LimitedDispatcher.kt:115)
                                                                                                    	at kotlinx.coroutines.scheduling.TaskImpl.run(Tasks.kt:103)
                                                                                                    	at kotlinx.coroutines.scheduling.CoroutineScheduler.runSafely(CoroutineScheduler.kt:584)
                                                                                                    	at kotlinx.coroutines.scheduling.CoroutineScheduler$Worker.executeTask(CoroutineScheduler.kt:793)
                                                                                                    	at kotlinx.coroutines.scheduling.CoroutineScheduler$Worker.runWorker(CoroutineScheduler.kt:697)
                                                                                                    	at kotlinx.coroutines.scheduling.CoroutineScheduler$Worker.run(CoroutineScheduler.kt:684)
2025-12-08 09:07:26.195 14598-14632 AuthOrchestrator        com.cdccreditsmart.app               W  âš ï¸ IMEI nÃ£o disponÃ­vel (permissÃ£o negada ou emulador)
2025-12-08 09:07:26.195 14598-14632 AuthOrchestrator        com.cdccreditsmart.app               D     â†’ Fallback para pareamento manual
2025-12-08 09:07:26.195 14598-14632 ContractCodeStorage     com.cdccreditsmart.app               D  Retrieving contract code from storage
2025-12-08 09:07:26.464 14598-14645 SettingsGuardService    com.cdccreditsmart.app               D  ğŸ“‹ Activity check - Full: com.cdccreditsmart.app.presentation.MainActivity, Simple: MainActivity
2025-12-08 09:07:26.615 14598-14632 ContractCodeStorage     com.cdccreditsmart.app               D  Storage verification: 7 valid, 0 tampered, 0 missing
2025-12-08 09:07:26.615 14598-14632 ContractCodeStorage     com.cdccreditsmart.app               D  Contract code retrieved successfully
2025-12-08 09:07:26.615 14598-14632 AuthOrchestrator        com.cdccreditsmart.app               D  âœ… CÃ³digo de pareamento encontrado: XV8W****
2025-12-08 09:07:26.689 14598-14632 SecureTokenStorage      com.cdccreditsmart.app               D  EncryptedSharedPreferences initialized successfully
2025-12-08 09:07:26.692 14598-14632 AuthOrchestrator        com.cdccreditsmart.app               D  ğŸ”‘ Token existente encontrado - validando no servidor...
2025-12-08 09:07:26.696 14598-14657 okhttp.OkHttpClient     com.cdccreditsmart.app               I  --> GET https://cdccreditsmart.com/api/apk/device/status
2025-12-08 09:07:26.696 14598-14657 okhttp.OkHttpClient     com.cdccreditsmart.app               I  Authorization: Bearer eyJhbGciOiJIUzI1NiIsInR5cCI6IkpXVCJ9.eyJkZXZpY2VJZCI6ImRldmljZV8xNzY1MTQ4NzcxNDYyXzR0ZXd3NDJwMTE0IiwiYXBrVG9rZW4iOiJYVjhXNTc2NiIsInR5cGUiOiJhcGsiLCJleHBpcmVzSW4iOiIyNGgiLCJpYXQiOjE3NjUxOTQwNzYsImV4cCI6MTc2NTI4MDQ3Nn0.ls9aMXKyIbifUwDJ2K3gFXFn750Dv9Swbrj1yl5ls5Y
2025-12-08 09:07:26.696 14598-14657 okhttp.OkHttpClient     com.cdccreditsmart.app               I  --> END GET
2025-12-08 09:07:27.099 14598-14632 SettingsGuardService    com.cdccreditsmart.app               D  ğŸ“‹ Activity check - Full: com.google.android.apps.nexuslauncher.NexusLauncherActivity, Simple: NexusLauncherActivity
2025-12-08 09:07:27.419 14598-14657 okhttp.OkHttpClient     com.cdccreditsmart.app               I  <-- 200 https://cdccreditsmart.com/api/apk/device/status (722ms)
2025-12-08 09:07:27.424 14598-14657 okhttp.OkHttpClient     com.cdccreditsmart.app               I  access-control-allow-credentials: true
2025-12-08 09:07:27.424 14598-14657 okhttp.OkHttpClient     com.cdccreditsmart.app               I  access-control-allow-headers: Origin, X-Requested-With, Content-Type, Accept, Authorization, x-client-key, x-client-token, x-client-secret, cache-control
2025-12-08 09:07:27.424 14598-14657 okhttp.OkHttpClient     com.cdccreditsmart.app               I  access-control-allow-methods: GET, POST, PUT, PATCH, DELETE, OPTIONS
2025-12-08 09:07:27.424 14598-14657 okhttp.OkHttpClient     com.cdccreditsmart.app               I  access-control-allow-origin: *
2025-12-08 09:07:27.424 14598-14657 okhttp.OkHttpClient     com.cdccreditsmart.app               I  access-control-max-age: 86400
2025-12-08 09:07:27.425 14598-14657 okhttp.OkHttpClient     com.cdccreditsmart.app               I  content-length: 624
