2026-02-06 14:00:58.667  1458-1893  AppProtectionManager    com.cdccreditsmart.app               W          âš ï¸ Algumas proteÃ§Ãµes nÃ£o puderam ser aplicadas
2026-02-06 14:00:58.667  1458-1893  AppProtectionManager    com.cdccreditsmart.app               W             â†’ ProteÃ§Ãµes aplicadas: 1/5
2026-02-06 14:00:58.690  1458-1893  AppProtectionManager    com.cdccreditsmart.app               I  âœ… [2/10] FORCE STOP BLOQUEADO (Android 13+)
2026-02-06 14:00:58.690  1458-1893  AppProtectionManager    com.cdccreditsmart.app               I          â†’ BotÃ£o Force Stop DESABILITADO para app CDC
2026-02-06 14:00:58.690  1458-1893  AppProtectionManager    com.cdccreditsmart.app               I          â†’ UsuÃ¡rio PODE acessar Settings normalmente
2026-02-06 14:00:58.694  1458-1892  ServiceWatchdogWorker   com.cdccreditsmart.app               I  ğŸ” ========================================
2026-02-06 14:00:58.694  1458-1892  ServiceWatchdogWorker   com.cdccreditsmart.app               I  ğŸ” WATCHDOG: Verificando CdcForegroundService
2026-02-06 14:00:58.694  1458-1892  ServiceWatchdogWorker   com.cdccreditsmart.app               I  ğŸ” ========================================
2026-02-06 14:00:58.695  1458-1893  AppProtectionManager    com.cdccreditsmart.app               I  âœ… [3/10] CLEAR DATA BLOQUEADO (Android 13+)
2026-02-06 14:00:58.695  1458-1893  AppProtectionManager    com.cdccreditsmart.app               I          â†’ BotÃ£o Clear Data DESABILITADO para app CDC
2026-02-06 14:00:58.702  1458-1892  KeepAliveManager        com.cdccreditsmart.app               W  âš ï¸ CdcForegroundService nÃ£o estÃ¡ ativo - tentando reiniciar...
2026-02-06 14:00:58.726  1458-1892  CdcForegroundService    com.cdccreditsmart.app               I  âœ… ServiÃ§o iniciado via startService()
2026-02-06 14:00:58.726  1458-1892  KeepAliveManager        com.cdccreditsmart.app               I  ğŸ“‹ CdcForegroundService.startService() retornou: true
2026-02-06 14:00:58.729  1458-1893  AppProtectionManager    com.cdccreditsmart.app               I  âœ… [4/10] DISALLOW_FACTORY_RESET aplicado
2026-02-06 14:00:58.729  1458-1893  AppProtectionManager    com.cdccreditsmart.app               D     FRP: Depende de Google Account ou Knox Mobile Enrollment
2026-02-06 14:00:58.730  1458-1458  CdcForegroundService    com.cdccreditsmart.app               D  ğŸ“± ServiÃ§o onCreate()
2026-02-06 14:00:58.732  1458-1458  CdcForegroundService    com.cdccreditsmart.app               D  âœ… Canal de notificaÃ§Ã£o criado
2026-02-06 14:00:58.737  1458-1893  AppProtectionManager    com.cdccreditsmart.app               I          â†’ Montagem de mÃ­dia externa bloqueada
2026-02-06 14:00:58.738  1458-1458  CdcForegroundService    com.cdccreditsmart.app               I  âœ… ScreenStateReceiver registrado (inclui ACTION_USER_PRESENT para detectar screen unlock)
2026-02-06 14:00:58.738  1458-1458  CdcForegroundService    com.cdccreditsmart.app               D  ğŸš€ ServiÃ§o onStartCommand() - Action: com.cdccreditsmart.app.START_SERVICE
2026-02-06 14:00:58.750  1458-1893  AppProtectionManager    com.cdccreditsmart.app               W          â†’ DISALLOW_MODIFY_ACCOUNTS adiado (pareamento pendente ou direct-boot)
2026-02-06 14:00:58.765  1458-1893  AppProtectionManager    com.cdccreditsmart.app               I          â†’ Network reset bloqueado (proteÃ§Ã£o extra)
2026-02-06 14:00:58.781  1458-1893  AppProtectionManager    com.cdccreditsmart.app               I          â†’ Outgoing beam bloqueado (proteÃ§Ã£o extra)
2026-02-06 14:00:58.781  1458-1893  AppProtectionManager    com.cdccreditsmart.app               D     OEM unlock: Bloqueado via Knox Enhanced Protections
2026-02-06 14:00:58.781  1458-1893  AppProtectionManager    com.cdccreditsmart.app               W  
2026-02-06 14:00:58.781  1458-1893  AppProtectionManager    com.cdccreditsmart.app               W  ğŸ“‹ IMPORTANTE - LIMITAÃ‡Ã•ES DO ANDROID:
2026-02-06 14:00:58.781  1458-1893  AppProtectionManager    com.cdccreditsmart.app               W     âœ… Factory reset VIA SETTINGS: BLOQUEADO
2026-02-06 14:00:58.781  1458-1893  AppProtectionManager    com.cdccreditsmart.app               W     âŒ Factory reset VIA RECOVERY MODE (Volume+Power): NÃƒO BLOQUEÃVEL
2026-02-06 14:00:58.781  1458-1893  AppProtectionManager    com.cdccreditsmart.app               W     âŒ Fastboot/Bootloader: Operam ABAIXO do Android - NÃƒO BLOQUEÃVEL
2026-02-06 14:00:58.781  1458-1893  AppProtectionManager    com.cdccreditsmart.app               W  
2026-02-06 14:00:58.781  1458-1893  AppProtectionManager    com.cdccreditsmart.app               W     Dispositivos Motorola podem ter Settings customizados.
2026-02-06 14:00:58.781  1458-1893  AppProtectionManager    com.cdccreditsmart.app               W     Apps Settings da Motorola foram bloqueados como proteÃ§Ã£o extra.
2026-02-06 14:00:58.792  1458-1458  AndroidRuntime          com.cdccreditsmart.app               D  Shutting down VM
2026-02-06 14:00:58.794  1458-1458  AndroidRuntime          com.cdccreditsmart.app               E  FATAL EXCEPTION: main (Ask Gemini)
                                                                                                    Process: com.cdccreditsmart.app, PID: 1458
                                                                                                    java.lang.RuntimeException: Unable to start service com.cdccreditsmart.app.service.CdcForegroundService@10260b with Intent { act=com.cdccreditsmart.app.START_SERVICE cmp=com.cdccreditsmart.app/.service.CdcForegroundService }: java.lang.SecurityException: Starting FGS with type location callerApp=ProcessRecord{f32dc64 1458:com.cdccreditsmart.app/u0a302} targetSDK=35 requires permissions: all of the permissions allOf=true [android.permission.FOREGROUND_SERVICE_LOCATION] any of the permissions allOf=false [android.permission.ACCESS_COARSE_LOCATION, android.permission.ACCESS_FINE_LOCATION]  and the app must be in the eligible state/exemptions to access the foreground only permission
                                                                                                    	at android.app.ActivityThread.handleServiceArgs(ActivityThread.java:5207)
                                                                                                    	at android.app.ActivityThread.-$$Nest$mhandleServiceArgs(Unknown Source:0)
                                                                                                    	at android.app.ActivityThread$H.handleMessage(ActivityThread.java:2511)
                                                                                                    	at android.os.Handler.dispatchMessage(Handler.java:107)
                                                                                                    	at android.os.Looper.loopOnce(Looper.java:234)
                                                                                                    	at android.os.Looper.loop(Looper.java:319)
                                                                                                    	at android.app.ActivityThread.main(ActivityThread.java:8754)
                                                                                                    	at java.lang.reflect.Method.invoke(Native Method)
                                                                                                    	at com.android.internal.os.RuntimeInit$MethodAndArgsCaller.run(RuntimeInit.java:602)
                                                                                                    	at com.android.internal.os.ZygoteInit.main(ZygoteInit.java:962)
                                                                                                    Caused by: java.lang.SecurityException: Starting FGS with type location callerApp=ProcessRecord{f32dc64 1458:com.cdccreditsmart.app/u0a302} targetSDK=35 requires permissions: all of the permissions allOf=true [android.permission.FOREGROUND_SERVICE_LOCATION] any of the permissions allOf=false [android.permission.ACCESS_COARSE_LOCATION, android.permission.ACCESS_FINE_LOCATION]  and the app must be in the eligible state/exemptions to access the foreground only permission
                                                                                                    	at android.os.Parcel.createExceptionOrNull(Parcel.java:3242)
                                                                                                    	at android.os.Parcel.createException(Parcel.java:3226)
                                                                                                    	at android.os.Parcel.readException(Parcel.java:3209)
                                                                                                    	at android.os.Parcel.readException(Parcel.java:3151)
                                                                                                    	at android.app.IActivityManager$Stub$Proxy.setServiceForeground(IActivityManager.java:7288)
                                                                                                    	at android.app.Service.startForeground(Service.java:863)
                                                                                                    	at com.cdccreditsmart.app.service.CdcForegroundService.onStartCommand(CdcForegroundService.kt:153)
                                                                                                    	at android.app.ActivityThread.handleServiceArgs(ActivityThread.java:5189)
                                                                                                    	at android.app.ActivityThread.-$$Nest$mhandleServiceArgs(Unknown Source:0)Â 
                                                                                                    	at android.app.ActivityThread$H.handleMessage(ActivityThread.java:2511)Â 
                                                                                                    	at android.os.Handler.dispatchMessage(Handler.java:107)Â 
                                                                                                    	at android.os.Looper.loopOnce(Looper.java:234)Â 
                                                                                                    	at android.os.Looper.loop(Looper.java:319)Â 
                                                                                                    	at android.app.ActivityThread.main(ActivityThread.java:8754)Â 
                                                                                                    	at java.lang.reflect.Method.invoke(Native Method)Â 
                                                                                                    	at com.android.internal.os.RuntimeInit$MethodAndArgsCaller.run(RuntimeInit.java:602)Â 
                                                                                                    	at com.android.internal.os.ZygoteInit.main(ZygoteInit.java:962)Â 
                                                                                                    Caused by: android.os.RemoteException: Remote stack trace:
                                                                                                    	at com.android.server.am.ActiveServices.validateForegroundServiceType(ActiveServices.java:2939)
                                                                                                    	at com.android.server.am.ActiveServices.setServiceForegroundInnerLocked(ActiveServices.java:2623)
                                                                                                    	at com.android.server.am.ActiveServices.setServiceForegroundLocked(ActiveServices.java:1877)
                                                                                                    	at com.android.server.am.ActivityManagerService.setServiceForeground(ActivityManagerService.java:14382)
                                                                                                    	at android.app.IActivityManager$Stub.onTransact(IActivityManager.java:3640)
2026-02-06 14:00:58.795  1458-1893  AppProtectionManager    com.cdccreditsmart.app               I  âœ… [5/10] HARD RESET BLOQUEADO (BotÃµes)
2026-02-06 14:00:58.795  1458-1893  AppProtectionManager    com.cdccreditsmart.app               I          â†’ Safe mode bloqueado
2026-02-06 14:00:58.795  1458-1458  CrashHandler            com.cdccreditsmart.app               E  
2026-02-06 14:00:58.795  1458-1458  CrashHandler            com.cdccreditsmart.app               E  ğŸ’¥ğŸ’¥ğŸ’¥ APP CRASH DETECTADO ğŸ’¥ğŸ’¥ğŸ’¥
2026-02-06 14:00:58.796  1458-1458  CrashHandler            com.cdccreditsmart.app               E  Thread: main
2026-02-06 14:00:58.798  1458-1458  CrashHandler            com.cdccreditsmart.app               E  Exception: RuntimeException
2026-02-06 14:00:58.798  1458-1458  CrashHandler            com.cdccreditsmart.app               E  Message: Unable to start service com.cdccreditsmart.app.service.CdcForegroundService@10260b with Intent { act=com.cdccreditsmart.app.START_SERVICE cmp=com.cdccreditsmart.app/.service.CdcForegroundService }: java.lang.SecurityException: Starting FGS with type location callerApp=ProcessRecord{f32dc64 1458:com.cdccreditsmart.app/u0a302} targetSDK=35 requires permissions: all of the permissions allOf=true [android.permission.FOREGROUND_SERVICE_LOCATION] any of the permissions allOf=false [android.permission.ACCESS_COARSE_LOCATION, android.permission.ACCESS_FINE_LOCATION]  and the app must be in the eligible state/exemptions to access the foreground only permission
2026-02-06 14:00:58.801  1458-1458  CrashHandler            com.cdccreditsmart.app               E  
2026-02-06 14:00:58.806  1458-1893  AppProtectionManager    com.cdccreditsmart.app               I          â†’ System updates adiados (proteÃ§Ã£o reset)
2026-02-06 14:00:58.807  1458-1458  CrashHandler            com.cdccreditsmart.app               E  Stack trace:
2026-02-06 14:00:58.808  1458-1458  CrashHandler            com.cdccreditsmart.app               E  java.lang.RuntimeException: Unable to start service com.cdccreditsmart.app.service.CdcForegroundService@10260b with Intent { act=com.cdccreditsmart.app.START_SERVICE cmp=com.cdccreditsmart.app/.service.CdcForegroundService }: java.lang.SecurityException: Starting FGS with type location callerApp=ProcessRecord{f32dc64 1458:com.cdccreditsmart.app/u0a302} targetSDK=35 requires permissions: all of the permissions allOf=true [android.permission.FOREGROUND_SERVICE_LOCATION] any of the permissions allOf=false [android.permission.ACCESS_COARSE_LOCATION, android.permission.ACCESS_FINE_LOCATION]  and the app must be in the eligible state/exemptions to access the foreground only permission (Ask Gemini)
                                                                                                    	at android.app.ActivityThread.handleServiceArgs(ActivityThread.java:5207)
                                                                                                    	at android.app.ActivityThread.-$$Nest$mhandleServiceArgs(Unknown Source:0)
                                                                                                    	at android.app.ActivityThread$H.handleMessage(ActivityThread.java:2511)
                                                                                                    	at android.os.Handler.dispatchMessage(Handler.java:107)
                                                                                                    	at android.os.Looper.loopOnce(Looper.java:234)
                                                                                                    	at android.os.Looper.loop(Looper.java:319)
                                                                                                    	at android.app.ActivityThread.main(ActivityThread.java:8754)
                                                                                                    	at java.lang.reflect.Method.invoke(Native Method)
                                                                                                    	at com.android.internal.os.RuntimeInit$MethodAndArgsCaller.run(RuntimeInit.java:602)
                                                                                                    	at com.android.internal.os.ZygoteInit.main(ZygoteInit.java:962)
                                                                                                    Caused by: java.lang.SecurityException: Starting FGS with type location callerApp=ProcessRecord{f32dc64 1458:com.cdccreditsmart.app/u0a302} targetSDK=35 requires permissions: all of the permissions allOf=true [android.permission.FOREGROUND_SERVICE_LOCATION] any of the permissions allOf=false [android.permission.ACCESS_COARSE_LOCATION, android.permission.ACCESS_FINE_LOCATION]  and the app must be in the eligible state/exemptions to access the foreground only permission
                                                                                                    	at android.os.Parcel.createExceptionOrNull(Parcel.java:3242)
                                                                                                    	at android.os.Parcel.createException(Parcel.java:3226)
                                                                                                    	at android.os.Parcel.readException(Parcel.java:3209)
                                                                                                    	at android.os.Parcel.readException(Parcel.java:3151)
                                                                                                    	at android.app.IActivityManager$Stub$Proxy.setServiceForeground(IActivityManager.java:7288)
                                                                                                    	at android.app.Service.startForeground(Service.java:863)
                                                                                                    	at com.cdccreditsmart.app.service.CdcForegroundService.onStartCommand(CdcForegroundService.kt:153)
                                                                                                    	at android.app.ActivityThread.handleServiceArgs(ActivityThread.java:5189)
                                                                                                    	at android.app.ActivityThread.-$$Nest$mhandleServiceArgs(Unknown Source:0)Â 
                                                                                                    	at android.app.ActivityThread$H.handleMessage(ActivityThread.java:2511)Â 
                                                                                                    	at android.os.Handler.dispatchMessage(Handler.java:107)Â 
                                                                                                    	at android.os.Looper.loopOnce(Looper.java:234)Â 
                                                                                                    	at android.os.Looper.loop(Looper.java:319)Â 
                                                                                                    	at android.app.ActivityThread.main(ActivityThread.java:8754)Â 
                                                                                                    	at java.lang.reflect.Method.invoke(Native Method)Â 
                                                                                                    	at com.android.internal.os.RuntimeInit$MethodAndArgsCaller.run(RuntimeInit.java:602)Â 
                                                                                                    	at com.android.internal.os.ZygoteInit.main(ZygoteInit.java:962)Â 
                                                                                                    Caused by: android.os.RemoteException: Remote stack trace:
                                                                                                    	at com.android.server.am.ActiveServices.validateForegroundServiceType(ActiveServices.java:2939)
                                                                                                    	at com.android.server.am.ActiveServices.setServiceForegroundInnerLocked(ActiveServices.java:2623)
                                                                                                    	at com.android.server.am.ActiveServices.setServiceForegroundLocked(ActiveServices.java:1877)
                                                                                                    	at com.android.server.am.ActivityManagerService.setServiceForeground(ActivityManagerService.java:14382)
                                                                                                    	at android.app.IActivityManager$Stub.onTransact(IActivityManager.java:3640)
2026-02-06 14:00:58.812  1458-1458  CrashHandler            com.cdccreditsmart.app               I  ğŸ¤– Sistema autÃ´nomo processando crash...
2026-02-06 14:00:58.813  1458-1893  AppProtectionManager    com.cdccreditsmart.app               I          â†’ VPN config bloqueado
2026-02-06 14:00:58.815  1458-1458  AppRestartManager       com.cdccreditsmart.app               D  ğŸ” Verificando limite de restarts: 4/5 na janela de 10min
2026-02-06 14:00:58.825  1458-1458  AppRestartManager       com.cdccreditsmart.app               I  âœ… Timestamp de restart persistido com sucesso
2026-02-06 14:00:58.825  1458-1458  AppRestartManager       com.cdccreditsmart.app               I  ğŸ“ Tentativa de restart registrada: 5/5
2026-02-06 14:00:58.829  1458-1458  AppRestartManager       com.cdccreditsmart.app               I  
2026-02-06 14:00:58.829  1458-1458  AppRestartManager       com.cdccreditsmart.app               I  ğŸ”„ AUTO-RESTART INTELIGENTE
2026-02-06 14:00:58.829  1458-1893  AppProtectionManager    com.cdccreditsmart.app               I          â†’ Data/hora config bloqueado
2026-02-06 14:00:58.829  1458-1893  AppProtectionManager    com.cdccreditsmart.app               W  
2026-02-06 14:00:58.829  1458-1893  AppProtectionManager    com.cdccreditsmart.app               W  âš ï¸ LIMITAÃ‡ÃƒO: Hard reset via recovery mode pode nÃ£o ser bloqueado
2026-02-06 14:00:58.829  1458-1893  AppProtectionManager    com.cdccreditsmart.app               W     Dispositivos Samsung com Knox tÃªm proteÃ§Ã£o adicional
2026-02-06 14:00:58.829  1458-1458  AppRestartManager       com.cdccreditsmart.app               I  Crash: RuntimeException: Unable to start service com.cdccreditsmart.app.service.CdcForegroundService@10260b with Intent { act=com.cdccreditsmart.app.START_SERVICE cmp=com.cdccreditsmart.app/.service.CdcForegroundService }: java.lang.SecurityException: Starting FGS with type location callerApp=ProcessRecord{f32dc64 1458:com.cdccreditsmart.app/u0a302} targetSDK=35 requires permissions: all of the permissions allOf=true [android.permission.FOREGROUND_SERVICE_LOCATION] any of the permissions allOf=false [android.permission.ACCESS_COARSE_LOCATION, android.permission.ACCESS_FINE_LOCATION]  and the app must be in the eligible state/exemptions to access the foreground only permission
2026-02-06 14:00:58.829  1458-1893  AppProtectionManager    com.cdccreditsmart.app               I  âœ… [6/10] RECOVERY MODE - Redes mÃ³veis LIBERADAS
2026-02-06 14:00:58.829  1458-1893  AppProtectionManager    com.cdccreditsmart.app               I          â†’ UsuÃ¡rio pode controlar dados mÃ³veis
2026-02-06 14:00:58.829  1458-1893  AppProtectionManager    com.cdccreditsmart.app               W          â†’ ADB/Debug mantido ativo (debugging Device Owner)
2026-02-06 14:00:58.829  1458-1893  AppProtectionManager    com.cdccreditsmart.app               W          â†’ USB transfer mantido ativo (debugging Device Owner)
2026-02-06 14:00:58.829  1458-1893  AppProtectionManager    com.cdccreditsmart.app               I  âœ… [7/10] SETTINGS TOTALMENTE ACESSÃVEL (Android 13+)
2026-02-06 14:00:58.829  1458-1893  AppProtectionManager    com.cdccreditsmart.app               I          â†’ UsuÃ¡rio PODE acessar Settings > Apps normalmente
2026-02-06 14:00:58.829  1458-1893  AppProtectionManager    com.cdccreditsmart.app               I          â†’ BotÃµes Desinstalar/Force Stop/Clear Data desabilitados para CDC
2026-02-06 14:00:58.829  1458-1458  AppRestartManager       com.cdccreditsmart.app               I  Tentativas: 5/5
2026-02-06 14:00:58.831  1458-1458  AppRestartManager       com.cdccreditsmart.app               I  ğŸ¤– Agendando restart em 5s...
2026-02-06 14:00:58.831  1458-1458  AppRestartManager       com.cdccreditsmart.app               I  
2026-02-06 14:00:58.835  1458-1893  AppProtectionManager    com.cdccreditsmart.app               I  âœ… [8/10] CONTROLE DE USUÃRIO BLOQUEADO
2026-02-06 14:00:58.835  1458-1893  AppProtectionManager    com.cdccreditsmart.app               I          â†’ CriaÃ§Ã£o de usuÃ¡rios bloqueada
2026-02-06 14:00:58.836  1458-1458  CrashHandler            com.cdccreditsmart.app               E  âŒ Erro ao processar crash handler (Ask Gemini)
                                                                                                    java.lang.SecurityException: Caller com.cdccreditsmart.app needs to hold android.permission.SCHEDULE_EXACT_ALARM or android.permission.USE_EXACT_ALARM to set exact alarms.
                                                                                                    	at android.os.Parcel.createExceptionOrNull(Parcel.java:3242)
                                                                                                    	at android.os.Parcel.createException(Parcel.java:3226)
                                                                                                    	at android.os.Parcel.readException(Parcel.java:3209)
                                                                                                    	at android.os.Parcel.readException(Parcel.java:3151)
                                                                                                    	at android.app.IAlarmManager$Stub$Proxy.set(IAlarmManager.java:336)
                                                                                                    	at android.app.AlarmManager.setImpl(AlarmManager.java:1095)
                                                                                                    	at android.app.AlarmManager.setImpl(AlarmManager.java:1055)
                                                                                                    	at android.app.AlarmManager.setExactAndAllowWhileIdle(AlarmManager.java:1323)
                                                                                                    	at com.cdccreditsmart.app.restart.AppRestartManager.scheduleRestart(AppRestartManager.kt:65)
                                                                                                    	at com.cdccreditsmart.app.CrashHandler.uncaughtException(CrashHandler.kt:56)
                                                                                                    	at java.lang.ThreadGroup.uncaughtException(ThreadGroup.java:1071)
                                                                                                    	at java.lang.ThreadGroup.uncaughtException(ThreadGroup.java:1066)
                                                                                                    	at java.lang.Thread.dispatchUncaughtException(Thread.java:2306)
2026-02-06 14:00:58.843  1458-1893  AppProtectionManager    com.cdccreditsmart.app               I          â†’ RemoÃ§Ã£o de usuÃ¡rios bloqueada
2026-02-06 14:00:58.849  1458-1893  AppProtectionManager    com.cdccreditsmart.app               I          â†’ Troca de usuÃ¡rios bloqueada
2026-02-06 14:00:58.861  1458-1893  AppProtectionManager    com.cdccreditsmart.app               I  âœ… [9/10] TASK KILLING PREVENIDO
2026-02-06 14:00:58.861  1458-1893  AppProtectionManager    com.cdccreditsmart.app               I          â†’ Lock Task Mode configurado
2026-02-06 14:00:58.875  1458-1893  AppProtectionManager    com.cdccreditsmart.app               I          â†’ Lock Task features configuradas
2026-02-06 14:00:58.893  1458-1893  AppProtectionManager    com.cdccreditsmart.app               I  âœ… [10/10] WIPE DO SISTEMA BLOQUEADO
2026-02-06 14:00:58.893  1458-1893  AppProtectionManager    com.cdccreditsmart.app               I          â†’ Profile removal bloqueado
2026-02-06 14:00:58.902  1458-1893  AppProtectionManager    com.cdccreditsmart.app               I          â†’ Config credentials bloqueado
2026-02-06 14:00:58.914  1458-1893  AppProtectionManager    com.cdccreditsmart.app               I          â†’ Keyguard protegido
2026-02-06 14:00:58.915  1458-1893  AppProtectionManager    com.cdccreditsmart.app               I  [11/10] RECOVERY BOOT - Dispositivo nÃ£o-Samsung
2026-02-06 14:00:58.915  1458-1893  AppProtectionManager    com.cdccreditsmart.app               W          âš ï¸ Recovery mode pode nÃ£o ser totalmente bloqueado
2026-02-06 14:00:58.915  1458-1893  AppProtectionManager    com.cdccreditsmart.app               W          â†’ ProteÃ§Ã£o limitada Ã s restriÃ§Ãµes padrÃ£o do Android
2026-02-06 14:00:58.915  1458-1893  AppProtectionManager    com.cdccreditsmart.app               I  ========================================
2026-02-06 14:00:58.915  1458-1893  AppProtectionManager    com.cdccreditsmart.app               I  ğŸ“± BLOQUEANDO APPS SETTINGS DA MOTOROLA
2026-02-06 14:00:58.915  1458-1893  AppProtectionManager    com.cdccreditsmart.app               I  ========================================
2026-02-06 14:00:58.916  1458-1893  AppProtectionManager    com.cdccreditsmart.app               W  âš ï¸ IMPORTANTE: NÃƒO bloqueamos com.android.settings (Settings padrÃ£o)
2026-02-06 14:00:58.916  1458-1893  AppProtectionManager    com.cdccreditsmart.app               W     Bloquear Settings padrÃ£o causa BOOTLOOP!
2026-02-06 14:00:58.916  1458-1893  AppProtectionManager    com.cdccreditsmart.app               W     Bloqueando APENAS apps Settings customizados da Motorola...
2026-02-06 14:00:58.935  1458-1893  AppProtectionManager    com.cdccreditsmart.app               I  âœ… SUSPENSO (API 24+): com.motorola.cn.settings
2026-02-06 14:00:58.951  1458-1893  AppProtectionManager    com.cdccreditsmart.app               D     App nÃ£o encontrado: com.motorola.motocare
2026-02-06 14:00:58.975  1458-1893  AppProtectionManager    com.cdccreditsmart.app               I  âœ… SUSPENSO (API 24+): com.motorola.launcher.settings
2026-02-06 14:00:58.975  1458-1893  AppProtectionManager    com.cdccreditsmart.app               I  ========================================
2026-02-06 14:00:58.975  1458-1893  AppProtectionManager    com.cdccreditsmart.app               I  âœ… [12/10] MOTOROLA SETTINGS BLOQUEADOS: 2/3 apps
2026-02-06 14:00:58.975  1458-1893  AppProtectionManager    com.cdccreditsmart.app               I     ProteÃ§Ã£o extra contra factory reset via Settings customizados da Motorola
2026-02-06 14:00:58.975  1458-1893  AppProtectionManager    com.cdccreditsmart.app               I     com.android.settings (padrÃ£o) NÃƒO foi bloqueado - sistema pode inicializar
2026-02-06 14:00:58.975  1458-1893  AppProtectionManager    com.cdccreditsmart.app               I  ========================================
2026-02-06 14:00:59.001  1458-1893  AppInstallPolicy        com.cdccreditsmart.app               I  âœ… InstalaÃ§Ã£o de fontes desconhecidas BLOQUEADA
2026-02-06 14:00:59.001  1458-1893  AppInstallPolicy        com.cdccreditsmart.app               I     â†’ Apps sÃ³ podem ser instalados via Play Store
2026-02-06 14:00:59.001  1458-1893  AppProtectionManager    com.cdccreditsmart.app               I  âœ… [13/10] InstalaÃ§Ã£o de fontes desconhecidas bloqueada
2026-02-06 14:00:59.074  1458-1893  AppProtectionManager    com.cdccreditsmart.app               I  âœ… [14/10] Scan de apps perigosos: Nenhum app perigoso detectado
2026-02-06 14:00:59.078  1458-1893  FRPHelper               com.cdccreditsmart.app               W  âš ï¸ Device NÃƒO tem conta Google - FRP nÃ£o estÃ¡ ativo
2026-02-06 14:00:59.078  1458-1893  AppProtectionManager    com.cdccreditsmart.app               W  âš ï¸ [EXTRA] Google FRP nÃ£o disponÃ­vel - device sem conta Google
2026-02-06 14:00:59.078  1458-1893  AppProtectionManager    com.cdccreditsmart.app               I          â†’ Cliente pode adicionar conta Google manualmente em Settings
2026-02-06 14:00:59.078  1458-1893  AppProtectionManager    com.cdccreditsmart.app               I  ========================================
2026-02-06 14:00:59.078  1458-1893  AppProtectionManager    com.cdccreditsmart.app               I  ğŸ“Š RESUMO DA PROTEÃ‡ÃƒO ANTI-REMOÃ‡ÃƒO:
2026-02-06 14:00:59.079  1458-1893  AppProtectionManager    com.cdccreditsmart.app               I    âœ… ProteÃ§Ãµes aplicadas: 24
2026-02-06 14:00:59.080  1458-1893  AppProtectionManager    com.cdccreditsmart.app               I  
2026-02-06 14:00:59.080  1458-1893  AppProtectionManager    com.cdccreditsmart.app               W  âš ï¸ Tamper Detection:
2026-02-06 14:00:59.080  1458-1893  AppProtectionManager    com.cdccreditsmart.app               W     â€¢ Device fingerprint SERÃ coletado e reportado ao backend em cada boot
2026-02-06 14:00:59.080  1458-1893  AppProtectionManager    com.cdccreditsmart.app               W     â€¢ Backend detection: Requer implementaÃ§Ã£o POST /api/security/device-boot (TODO)
2026-02-06 14:00:59.080  1458-1893  AppProtectionManager    com.cdccreditsmart.app               W     â€¢ Local detection: Limitada (ambos token e fingerprint apagados em factory reset)
2026-02-06 14:00:59.080  1458-1893  AppProtectionManager    com.cdccreditsmart.app               W     â€¢ BootInterceptor: Detecta BOOT_COMPLETED e SHUTDOWN apenas
2026-02-06 14:00:59.081  1458-1893  AppProtectionManager    com.cdccreditsmart.app               W     â€¢ ACTION_REBOOT NÃƒO funciona (broadcast protegido do sistema)
2026-02-06 14:00:59.081  1458-1893  AppProtectionManager    com.cdccreditsmart.app               I    âœ… Android 13+: UsuÃ¡rio PODE acessar Settings normalmente!
2026-02-06 14:00:59.081  1458-1893  AppProtectionManager    com.cdccreditsmart.app               I  ========================================
2026-02-06 14:00:59.081  1458-1893  AppProtectionManager    com.cdccreditsmart.app               I  
2026-02-06 14:00:59.081  1458-1893  AppProtectionManager    com.cdccreditsmart.app               I  
2026-02-06 14:00:59.081  1458-1893  AppProtectionManager    com.cdccreditsmart.app               I  â•”â•â•â•â•â•â•â•â•â•â•â•â•â•â•â•â•â•â•â•â•â•â•â•â•â•â•â•â•â•â•â•â•â•â•â•â•â•â•â•â•â•â•â•â•â•â•â•â•â•â•â•â•â•â•â•â•â•â•â•â•â•â•â•â•â•—
2026-02-06 14:00:59.081  1458-1893  AppProtectionManager    com.cdccreditsmart.app               I  â•‘                                                                â•‘
2026-02-06 14:00:59.081  1458-1893  AppProtectionManager    com.cdccreditsmart.app               I  â•‘        ğŸ“‹ AÃ‡Ã•ES BLOQUEADAS PELAS POLÃTICAS DE TRABALHO         â•‘
2026-02-06 14:00:59.081  1458-1893  AppProtectionManager    com.cdccreditsmart.app               I  â•‘                                                                â•‘
2026-02-06 14:00:59.081  1458-1893  AppProtectionManager    com.cdccreditsmart.app               I  â•šâ•â•â•â•â•â•â•â•â•â•â•â•â•â•â•â•â•â•â•â•â•â•â•â•â•â•â•â•â•â•â•â•â•â•â•â•â•â•â•â•â•â•â•â•â•â•â•â•â•â•â•â•â•â•â•â•â•â•â•â•â•â•â•â•â•
2026-02-06 14:00:59.081  1458-1893  AppProtectionManager    com.cdccreditsmart.app               I  
2026-02-06 14:00:59.083  1458-1893  AppProtectionManager    com.cdccreditsmart.app               I  ğŸš« RESTAURAÃ‡ÃƒO E RESET (GARANTIDAS)
2026-02-06 14:00:59.084  1458-1893  AppProtectionManager    com.cdccreditsmart.app               I  â•â•â•â•â•â•â•â•â•â•â•â•â•â•â•â•â•â•â•â•â•â•â•â•â•â•â•â•â•â•â•â•â•â•â•â•â•â•â•â•â•â•â•â•â•â•â•â•â•â•â•â•â•â•â•â•â•â•â•â•â•â•â•â•
2026-02-06 14:00:59.084  1458-1893  AppProtectionManager    com.cdccreditsmart.app               I    âœ… Factory Reset via Settings (DISALLOW_FACTORY_RESET - crÃ­tica)
2026-02-06 14:00:59.084  1458-1893  AppProtectionManager    com.cdccreditsmart.app               I    âŒ Factory Reset via Recovery Mode (botÃµes Volume+Power) - NÃƒO BLOQUEÃVEL
2026-02-06 14:00:59.084  1458-1893  AppProtectionManager    com.cdccreditsmart.app               I    âŒ Factory Reset via Fastboot/Bootloader - NÃƒO BLOQUEÃVEL
2026-02-06 14:00:59.084  1458-1893  AppProtectionManager    com.cdccreditsmart.app               I  
2026-02-06 14:00:59.084  1458-1893  AppProtectionManager    com.cdccreditsmart.app               I  ğŸ›¡ï¸ PROTEÃ‡ÃƒO DO APP (GARANTIDAS)
2026-02-06 14:00:59.084  1458-1893  AppProtectionManager    com.cdccreditsmart.app               I  â•â•â•â•â•â•â•â•â•â•â•â•â•â•â•â•â•â•â•â•â•â•â•â•â•â•â•â•â•â•â•â•â•â•â•â•â•â•â•â•â•â•â•â•â•â•â•â•â•â•â•â•â•â•â•â•â•â•â•â•â•â•â•â•
2026-02-06 14:00:59.084  1458-1893  AppProtectionManager    com.cdccreditsmart.app               I    âœ… DesinstalaÃ§Ã£o do app (setUninstallBlocked)
2026-02-06 14:00:59.084  1458-1893  AppProtectionManager    com.cdccreditsmart.app               I    âœ… Force Stop (setUserControlDisabledPackages ou DISALLOW_APPS_CONTROL)
2026-02-06 14:00:59.084  1458-1893  AppProtectionManager    com.cdccreditsmart.app               I    âœ… Clear Data (setUserControlDisabledPackages ou DISALLOW_APPS_CONTROL)
2026-02-06 14:00:59.084  1458-1893  AppProtectionManager    com.cdccreditsmart.app               I    âœ… RemoÃ§Ã£o do Device Admin (Device Owner nÃ£o pode ser removido via Settings)
2026-02-06 14:00:59.084  1458-1893  AppProtectionManager    com.cdccreditsmart.app               I  
2026-02-06 14:00:59.084  1458-1893  AppProtectionManager    com.cdccreditsmart.app               I  ğŸ” SEGURANÃ‡A E ACESSO (GARANTIDAS)
2026-02-06 14:00:59.084  1458-1893  AppProtectionManager    com.cdccreditsmart.app               I  â•â•â•â•â•â•â•â•â•â•â•â•â•â•â•â•â•â•â•â•â•â•â•â•â•â•â•â•â•â•â•â•â•â•â•â•â•â•â•â•â•â•â•â•â•â•â•â•â•â•â•â•â•â•â•â•â•â•â•â•â•â•â•â•
2026-02-06 14:00:59.084  1458-1893  AppProtectionManager    com.cdccreditsmart.app               I    âœ… ModificaÃ§Ã£o de contas (DISALLOW_MODIFY_ACCOUNTS)
2026-02-06 14:00:59.084  1458-1893  AppProtectionManager    com.cdccreditsmart.app               I    âœ… AdiÃ§Ã£o de usuÃ¡rios (DISALLOW_ADD_USER)
2026-02-06 14:00:59.084  1458-1893  AppProtectionManager    com.cdccreditsmart.app               I    âœ… RemoÃ§Ã£o de usuÃ¡rios (DISALLOW_REMOVE_USER)
2026-02-06 14:00:59.084  1458-1893  AppProtectionManager    com.cdccreditsmart.app               I    âœ… Debug Features e USB Debugging (DISALLOW_DEBUGGING_FEATURES)
2026-02-06 14:00:59.084  1458-1893  AppProtectionManager    com.cdccreditsmart.app               I    âœ… USB File Transfer MTP/PTP (DISALLOW_USB_FILE_TRANSFER)
2026-02-06 14:00:59.084  1458-1893  AppProtectionManager    com.cdccreditsmart.app               I    âœ… Safe Boot Mode (DISALLOW_SAFE_BOOT)
2026-02-06 14:00:59.084  1458-1893  AppProtectionManager    com.cdccreditsmart.app               I  
2026-02-06 14:00:59.084  1458-1893  AppProtectionManager    com.cdccreditsmart.app               I  ğŸŒ REDE E SISTEMA (TENTADAS - podem falhar)
2026-02-06 14:00:59.084  1458-1893  AppProtectionManager    com.cdccreditsmart.app               I  â•â•â•â•â•â•â•â•â•â•â•â•â•â•â•â•â•â•â•â•â•â•â•â•â•â•â•â•â•â•â•â•â•â•â•â•â•â•â•â•â•â•â•â•â•â•â•â•â•â•â•â•â•â•â•â•â•â•â•â•â•â•â•â•
2026-02-06 14:00:59.084  1458-1893  AppProtectionManager    com.cdccreditsmart.app               I    âš ï¸ ConfiguraÃ§Ã£o de VPN (DISALLOW_CONFIG_VPN - pode falhar)
2026-02-06 14:00:59.084  1458-1893  AppProtectionManager    com.cdccreditsmart.app               I    âš ï¸ ConfiguraÃ§Ã£o de redes mÃ³veis (DISALLOW_CONFIG_MOBILE_NETWORKS - pode falhar)
2026-02-06 14:00:59.084  1458-1893  AppProtectionManager    com.cdccreditsmart.app               I    âš ï¸ ConfiguraÃ§Ã£o de data/hora (DISALLOW_CONFIG_DATE_TIME - pode falhar)
2026-02-06 14:00:59.084  1458-1893  AppProtectionManager    com.cdccreditsmart.app               I    âš ï¸ Network Reset (DISALLOW_NETWORK_RESET - pode falhar)
2026-02-06 14:00:59.084  1458-1893  AppProtectionManager    com.cdccreditsmart.app               I    âš ï¸ Montagem de mÃ­dia externa (DISALLOW_MOUNT_PHYSICAL_MEDIA - pode falhar)
2026-02-06 14:00:59.084  1458-1893  AppProtectionManager    com.cdccreditsmart.app               I    âš ï¸ Outgoing Beam/NFC (DISALLOW_OUTGOING_BEAM - pode falhar)
2026-02-06 14:00:59.084  1458-1893  AppProtectionManager    com.cdccreditsmart.app               I  
2026-02-06 14:00:59.084  1458-1893  AppProtectionManager    com.cdccreditsmart.app               I  ğŸ“± INSTALAÃ‡ÃƒO E APPS (TENTADAS)
2026-02-06 14:00:59.084  1458-1893  AppProtectionManager    com.cdccreditsmart.app               I  â•â•â•â•â•â•â•â•â•â•â•â•â•â•â•â•â•â•â•â•â•â•â•â•â•â•â•â•â•â•â•â•â•â•â•â•â•â•â•â•â•â•â•â•â•â•â•â•â•â•â•â•â•â•â•â•â•â•â•â•â•â•â•â•
2026-02-06 14:00:59.085  1458-1893  AppProtectionManager    com.cdccreditsmart.app               I    âš ï¸ Fontes desconhecidas (AppInstallPolicy, falha em Android moderno)
2026-02-06 14:00:59.085  1458-1893  AppProtectionManager    com.cdccreditsmart.app               I    âš ï¸ Apps perigosos (escaneados, remoÃ§Ã£o requer confirmaÃ§Ã£o do usuÃ¡rio)
2026-02-06 14:00:59.085  1458-1893  AppProtectionManager    com.cdccreditsmart.app               I    âš ï¸ Apps Settings Motorola (disabled for Play Protect compliance)
2026-02-06 14:00:59.085  1458-1893  AppProtectionManager    com.cdccreditsmart.app               I  
2026-02-06 14:00:59.085  1458-1893  AppProtectionManager    com.cdccreditsmart.app               I  âš™ï¸ SAMSUNG KNOX (se disponÃ­vel)
2026-02-06 14:00:59.085  1458-1893  AppProtectionManager    com.cdccreditsmart.app               I  â•â•â•â•â•â•â•â•â•â•â•â•â•â•â•â•â•â•â•â•â•â•â•â•â•â•â•â•â•â•â•â•â•â•â•â•â•â•â•â•â•â•â•â•â•â•â•â•â•â•â•â•â•â•â•â•â•â•â•â•â•â•â•â•
2026-02-06 14:00:59.085  1458-1893  AppProtectionManager    com.cdccreditsmart.app               I    âš ï¸ Knox Factory Reset Protection (requer Knox SDK)
2026-02-06 14:00:59.085  1458-1893  AppProtectionManager    com.cdccreditsmart.app               I    âš ï¸ Knox OEM Unlock bloqueado (requer Knox SDK)
2026-02-06 14:00:59.085  1458-1893  AppProtectionManager    com.cdccreditsmart.app               I    âš ï¸ Knox Recovery Mode bloqueado (requer Knox SDK)
2026-02-06 14:00:59.085  1458-1893  AppProtectionManager    com.cdccreditsmart.app               I  
2026-02-06 14:00:59.085  1458-1893  AppProtectionManager    com.cdccreditsmart.app               I  â„¹ï¸ OBSERVAÃ‡Ã•ES IMPORTANTES
2026-02-06 14:00:59.085  1458-1893  AppProtectionManager    com.cdccreditsmart.app               I  â•â•â•â•â•â•â•â•â•â•â•â•â•â•â•â•â•â•â•â•â•â•â•â•â•â•â•â•â•â•â•â•â•â•â•â•â•â•â•â•â•â•â•â•â•â•â•â•â•â•â•â•â•â•â•â•â•â•â•â•â•â•â•â•
2026-02-06 14:00:59.085  1458-1893  AppProtectionManager    com.cdccreditsmart.app               I    â€¢ ProteÃ§Ãµes âœ… sÃ£o GARANTIDAS pelo Device Owner
2026-02-06 14:00:59.085  1458-1893  AppProtectionManager    com.cdccreditsmart.app               I    â€¢ ProteÃ§Ãµes âš ï¸ sÃ£o TENTADAS, mas podem falhar silenciosamente
2026-02-06 14:00:59.085  1458-1893  AppProtectionManager    com.cdccreditsmart.app               I    â€¢ ProteÃ§Ãµes âŒ sÃ£o impossÃ­veis de bloquear (limitaÃ§Ã£o do Android)
2026-02-06 14:00:59.085  1458-1893  AppProtectionManager    com.cdccreditsmart.app               I    â€¢ WiFi, Bluetooth, Tethering NÃƒO sÃ£o bloqueados (usuÃ¡rio precisa)
2026-02-06 14:00:59.085  1458-1893  AppProtectionManager    com.cdccreditsmart.app               I    â€¢ Recovery Mode e Fastboot operam ANTES do Android iniciar
2026-02-06 14:00:59.085  1458-1893  AppProtectionManager    com.cdccreditsmart.app               I  
2026-02-06 14:00:59.085  1458-1893  AppProtectionManager    com.cdccreditsmart.app               I  â•”â•â•â•â•â•â•â•â•â•â•â•â•â•â•â•â•â•â•â•â•â•â•â•â•â•â•â•â•â•â•â•â•â•â•â•â•â•â•â•â•â•â•â•â•â•â•â•â•â•â•â•â•â•â•â•â•â•â•â•â•â•â•â•â•â•—
2026-02-06 14:00:59.085  1458-1893  AppProtectionManager    com.cdccreditsmart.app               I  â•‘  ğŸ”’ PROTEÃ‡ÃƒO MÃXIMA APLICADA - CDC CREDIT SMART PROTEGIDO      â•‘
2026-02-06 14:00:59.085  1458-1893  AppProtectionManager    com.cdccreditsmart.app               I  â•šâ•â•â•â•â•â•â•â•â•â•â•â•â•â•â•â•â•â•â•â•â•â•â•â•â•â•â•â•â•â•â•â•â•â•â•â•â•â•â•â•â•â•â•â•â•â•â•â•â•â•â•â•â•â•â•â•â•â•â•â•â•â•â•â•â•
2026-02-06 14:00:59.085  1458-1893  AppProtectionManager    com.cdccreditsmart.app               I  
2026-02-06 14:00:59.086  1458-1893  CDCApplication          com.cdccreditsmart.app               I  
2026-02-06 14:00:59.086  1458-1893  CDCApplication          com.cdccreditsmart.app               I  â•”â•â•â•â•â•â•â•â•â•â•â•â•â•â•â•â•â•â•â•â•â•â•â•â•â•â•â•â•â•â•â•â•â•â•â•â•â•â•â•â•â•â•â•â•â•â•â•â•â•â•â•â•â•â•â•â•â•â•â•â•â•—
2026-02-06 14:00:59.086  1458-1893  CDCApplication          com.cdccreditsmart.app               I  â•‘     RESULTADO DA APLICAÃ‡ÃƒO DE PROTEÃ‡Ã•ES                    â•‘
2026-02-06 14:00:59.086  1458-1893  CDCApplication          com.cdccreditsmart.app               I  â•šâ•â•â•â•â•â•â•â•â•â•â•â•â•â•â•â•â•â•â•â•â•â•â•â•â•â•â•â•â•â•â•â•â•â•â•â•â•â•â•â•â•â•â•â•â•â•â•â•â•â•â•â•â•â•â•â•â•â•â•â•â•
2026-02-06 14:00:59.086  1458-1893  CDCApplication          com.cdccreditsmart.app               I     NÃ­vel: DEVICE_OWNER
2026-02-06 14:00:59.086  1458-1893  CDCApplication          com.cdccreditsmart.app               I     ProteÃ§Ãµes aplicadas: 15
2026-02-06 14:00:59.086  1458-1893  CDCApplication          com.cdccreditsmart.app               I     Status: PROTEÃ‡ÃƒO MÃXIMA ATIVA
2026-02-06 14:00:59.086  1458-1893  AppProtectionManager    com.cdccreditsmart.app               I  ========================================
2026-02-06 14:00:59.086  1458-1893  AppProtectionManager    com.cdccreditsmart.app               I  ğŸ”’ TORNANDO APP PERSISTENTE
2026-02-06 14:00:59.086  1458-1893  AppProtectionManager    com.cdccreditsmart.app               I  ========================================
2026-02-06 14:00:59.088  1458-1893  AppProtectionManager    com.cdccreditsmart.app               I  âš ï¸ Feature disabled: isApplicationHidden/setApplicationHidden - Play Protect compliance
2026-02-06 14:00:59.088  1458-1893  AppProtectionManager    com.cdccreditsmart.app               I  âœ… App persistence check skipped
2026-02-06 14:00:59.097  1458-1893  AppProtectionManager    com.cdccreditsmart.app               I  âœ… AtualizaÃ§Ãµes de sistema adiadas (proteÃ§Ã£o contra reset)
2026-02-06 14:00:59.099  1458-1893  AppProtectionManager    com.cdccreditsmart.app               I  âœ… Tela permanece ligada quando conectado
2026-02-06 14:00:59.099  1458-1893  AppProtectionManager    com.cdccreditsmart.app               I  ========================================
2026-02-06 14:00:59.100  1458-1893  AppProtectionManager    com.cdccreditsmart.app               I  ğŸ¯ PERSISTÃŠNCIA APLICADA (3/3)
2026-02-06 14:00:59.100  1458-1893  AppProtectionManager    com.cdccreditsmart.app               I  ========================================
2026-02-06 14:00:59.101  1458-1893  AppProtectionManager    com.cdccreditsmart.app               I  ğŸ”‡ Suprimindo notificaÃ§Ãµes de localizaÃ§Ã£o do sistema...
2026-02-06 14:00:59.103  1458-1893  PolicyHelper            com.cdccreditsmart.app               W  setSecureSetting failed: null
2026-02-06 14:00:59.103  1458-1893  AppProtectionManager    com.cdccreditsmart.app               I  âœ… Indicador de localizaÃ§Ã£o desabilitado
2026-02-06 14:00:59.104  1458-1893  PolicyHelper            com.cdccreditsmart.app               W  setSecureSetting failed: null
2026-02-06 14:00:59.104  1458-1893  AppProtectionManager    com.cdccreditsmart.app               I  âœ… VerificaÃ§Ã£o de acesso Ã  localizaÃ§Ã£o desabilitada
2026-02-06 14:00:59.105  1458-1893  PolicyHelper            com.cdccreditsmart.app               W  setGlobalSetting failed: null
2026-02-06 14:00:59.106  1458-1893  AppProtectionManager    com.cdccreditsmart.app               I  âœ… Throttle de localizaÃ§Ã£o em background desabilitado
2026-02-06 14:00:59.107  1458-1893  PolicyHelper            com.cdccreditsmart.app               W  setSecureSetting failed: null
2026-02-06 14:00:59.108  1458-1893  PolicyHelper            com.cdccreditsmart.app               W  setGlobalSetting failed: null
2026-02-06 14:00:59.108  1458-1893  AppProtectionManager    com.cdccreditsmart.app               I  âœ… ConfiguraÃ§Ãµes de localizaÃ§Ã£o simplificadas
2026-02-06 14:00:59.108  1458-1893  AppProtectionManager    com.cdccreditsmart.app               I  ğŸ”‡ NotificaÃ§Ãµes de localizaÃ§Ã£o suprimidas para Device Owner
2026-02-06 14:00:59.108  1458-1893  AppProtectionManager    com.cdccreditsmart.app               I  ========================================
2026-02-06 14:00:59.108  1458-1893  AppProtectionManager    com.cdccreditsmart.app               I  ğŸ” VERIFICANDO PROTEÃ‡Ã•ES APLICADAS
2026-02-06 14:00:59.108  1458-1893  AppProtectionManager    com.cdccreditsmart.app               I  ========================================
2026-02-06 14:00:59.110  1458-1893  AppProtectionManager    com.cdccreditsmart.app               I    âœ… DesinstalaÃ§Ã£o bloqueada: true
2026-02-06 14:00:59.112  1458-1893  AppProtectionManager    com.cdccreditsmart.app               I    âŒ Force Stop bloqueado: false
2026-02-06 14:00:59.112  1458-1893  AppProtectionManager    com.cdccreditsmart.app               I    âœ… Factory Reset bloqueado: true
2026-02-06 14:00:59.115  1458-1893  AppProtectionManager    com.cdccreditsmart.app               I    âœ… Device Owner: true
