2025-12-06 12:51:58.720  4021-10243 okhttp.OkHttpClient     com.cdccreditsmart.app               I  --> GET https://cdccreditsmart.com/api/apk/device/status
2025-12-06 12:51:58.720  4021-10243 okhttp.OkHttpClient     com.cdccreditsmart.app               I  Authorization: Bearer eyJhbGciOiJIUzI1NiIsInR5cCI6IkpXVCJ9.eyJkZXZpY2VJZCI6ImRldmljZV8xNzY0ODkzMTMwNTQ5XzZzZTlpaHFyaG9rIiwiYXBrVG9rZW4iOiJWWTlEQjlFQyIsInR5cGUiOiJhcGsiLCJleHBpcmVzSW4iOiIyNGgiLCJpYXQiOjE3NjUwMjgxMTUsImV4cCI6MTc2NTExNDUxNX0.Zs1ApE_ghWMSOnPsS-3zjgPVCpgd2_neKm4JY71uQb4
2025-12-06 12:51:58.720  4021-10243 okhttp.OkHttpClient     com.cdccreditsmart.app               I  --> END GET
2025-12-06 12:51:58.721  4021-10594 okhttp.OkHttpClient     com.cdccreditsmart.app               I  --> POST https://cdccreditsmart.com/api/apk/auth
2025-12-06 12:51:58.721  4021-10594 okhttp.OkHttpClient     com.cdccreditsmart.app               I  Content-Type: application/json; charset=UTF-8
2025-12-06 12:51:58.721  4021-10243 okhttp.OkHttpClient     com.cdccreditsmart.app               I  <-- HTTP FAILED: java.io.IOException: Canceled
2025-12-06 12:51:58.721  4021-10594 okhttp.OkHttpClient     com.cdccreditsmart.app               I  Content-Length: 19
2025-12-06 12:51:58.721  4021-9922  AuthOrchestrator        com.cdccreditsmart.app               E  ❌ Exceção durante autenticação silenciosa
                                                                                                    kotlinx.coroutines.JobCancellationException: Job was cancelled; job=SupervisorJobImpl{Cancelling}@3642e9c
2025-12-06 12:51:58.721  4021-10594 okhttp.OkHttpClient     com.cdccreditsmart.app               I  {"code":"VY9DB9EC"}
2025-12-06 12:51:58.722  4021-10594 okhttp.OkHttpClient     com.cdccreditsmart.app               I  --> END POST (19-byte body)
2025-12-06 12:51:58.722  4021-10594 okhttp.OkHttpClient     com.cdccreditsmart.app               I  <-- HTTP FAILED: java.io.IOException: Canceled
2025-12-06 12:51:58.722  4021-4021  RouterViewModel         com.cdccreditsmart.app               E  ❌ Erro inesperado ao verificar autenticação
                                                                                                    kotlinx.coroutines.JobCancellationException: Job was cancelled; job=SupervisorJobImpl{Cancelling}@3642e9c
2025-12-06 12:51:58.725  4021-4021  InsetsController        com.cdccreditsmart.app               I  Insets animation onAnimationEnd
2025-12-06 12:51:58.783  4021-4021  DeviceUtils             com.cdccreditsmart.app               D  Device Owner check: false
2025-12-06 12:51:58.783  4021-4021  DeviceUtils             com.cdccreditsmart.app               D  Samsung device: false (Manufacturer: INFINIX)
2025-12-06 12:51:58.783  4021-4021  DeviceOwnerCheckVM      com.cdccreditsmart.app               W  ⚠️ MODO DEBUG: Usuário já pulou provisionamento anteriormente
2025-12-06 12:51:58.783  4021-4021  DeviceOwnerCheckVM      com.cdccreditsmart.app               W  ⚠️ Permitindo acesso sem Device Owner (decisão memorizada)
2025-12-06 12:51:58.783  4021-4021  DeviceOwnerCheckVM      com.cdccreditsmart.app               I  ========================================
2025-12-06 12:51:58.930  4021-4021  RouterViewModel         com.cdccreditsmart.app               D  🚀 Iniciando verificação de autenticação...
2025-12-06 12:51:58.931  4021-9922  AuthOrchestrator        com.cdccreditsmart.app               D  🔐 Verificando autenticação...
2025-12-06 12:51:58.932  4021-9922  AuthOrchestrator        com.cdccreditsmart.app               D  🌐 Conectividade: ONLINE
2025-12-06 12:51:58.932  4021-9922  AuthOrchestrator        com.cdccreditsmart.app               D  🔄 ========== AUTO-DISCOVERY INICIADO ==========
2025-12-06 12:51:58.937  4021-9922  DeviceUtils             com.cdccreditsmart.app               E  SecurityException reading IMEI - permission denied (Ask Gemini)
                                                                                                    java.lang.SecurityException: getImeiForSlot: The uid 10301 does not meet the requirements to access device identifiers.
                                                                                                    	at android.os.Parcel.createExceptionOrNull(Parcel.java:3252)
                                                                                                    	at android.os.Parcel.createException(Parcel.java:3236)
                                                                                                    	at android.os.Parcel.readException(Parcel.java:3219)
                                                                                                    	at android.os.Parcel.readException(Parcel.java:3161)
                                                                                                    	at com.android.internal.telephony.ITelephony$Stub$Proxy.getImeiForSlot(ITelephony.java:12102)
                                                                                                    	at android.telephony.TelephonyManager.getImei(TelephonyManager.java:2356)
                                                                                                    	at android.telephony.TelephonyManager.getImei(TelephonyManager.java:2307)
                                                                                                    	at com.cdccreditsmart.app.utils.DeviceUtils.getDeviceImei(DeviceUtils.kt:106)
                                                                                                    	at com.cdccreditsmart.app.auth.AuthenticationOrchestrator.attemptAutoConnection(AuthenticationOrchestrator.kt:96)
                                                                                                    	at com.cdccreditsmart.app.auth.AuthenticationOrchestrator.access$attemptAutoConnection(AuthenticationOrchestrator.kt:28)
                                                                                                    	at com.cdccreditsmart.app.auth.AuthenticationOrchestrator$ensureAuthenticated$2.invokeSuspend(AuthenticationOrchestrator.kt:228)
                                                                                                    	at kotlin.coroutines.jvm.internal.BaseContinuationImpl.resumeWith(ContinuationImpl.kt:34)
                                                                                                    	at kotlinx.coroutines.DispatchedTask.run(DispatchedTask.kt:108)
                                                                                                    	at kotlinx.coroutines.internal.LimitedDispatcher$Worker.run(LimitedDispatcher.kt:115)
                                                                                                    	at kotlinx.coroutines.scheduling.TaskImpl.run(Tasks.kt:103)
                                                                                                    	at kotlinx.coroutines.scheduling.CoroutineScheduler.runSafely(CoroutineScheduler.kt:584)
                                                                                                    	at kotlinx.coroutines.scheduling.CoroutineScheduler$Worker.executeTask(CoroutineScheduler.kt:793)
                                                                                                    	at kotlinx.coroutines.scheduling.CoroutineScheduler$Worker.runWorker(CoroutineScheduler.kt:697)
                                                                                                    	at kotlinx.coroutines.scheduling.CoroutineScheduler$Worker.run(CoroutineScheduler.kt:684)
2025-12-06 12:51:58.937  4021-9922  AuthOrchestrator        com.cdccreditsmart.app               W  ⚠️ IMEI não disponível (permissão negada ou emulador)
2025-12-06 12:51:58.937  4021-9922  AuthOrchestrator        com.cdccreditsmart.app               D     → Fallback para pareamento manual
2025-12-06 12:51:58.937  4021-9922  ContractCodeStorage     com.cdccreditsmart.app               D  Retrieving contract code from storage
2025-12-06 12:51:59.182  4021-4021  CdcForegroundService    com.cdccreditsmart.app               D  🚀 Serviço onStartCommand() - Action: com.cdccreditsmart.app.START_SERVICE
2025-12-06 12:51:59.185  4021-4021  CdcForegroundService    com.cdccreditsmart.app               I  ✅ Foreground Service ativo (Android 12+)
2025-12-06 12:51:59.185  4021-4021  CdcForegroundService    com.cdccreditsmart.app               D  ⏳ Serviços já inicializados - ignorando chamada duplicada
2025-12-06 12:51:59.366  4021-9922  ContractCodeStorage     com.cdccreditsmart.app               D  Storage verification: 7 valid, 0 tampered, 0 missing
2025-12-06 12:51:59.367  4021-9922  ContractCodeStorage     com.cdccreditsmart.app               D  Contract code retrieved successfully
2025-12-06 12:51:59.367  4021-9922  AuthOrchestrator        com.cdccreditsmart.app               D  ✅ Código de pareamento encontrado: VY9D****
2025-12-06 12:51:59.368  4021-9922  AuthOrchestrator        com.cdccreditsmart.app               D  🔑 Token existente encontrado - validando no servidor...
2025-12-06 12:51:59.370  4021-10594 okhttp.OkHttpClient     com.cdccreditsmart.app               I  --> GET https://cdccreditsmart.com/api/apk/device/status
2025-12-06 12:51:59.371  4021-10594 okhttp.OkHttpClient     com.cdccreditsmart.app               I  Authorization: Bearer eyJhbGciOiJIUzI1NiIsInR5cCI6IkpXVCJ9.eyJkZXZpY2VJZCI6ImRldmljZV8xNzY0ODkzMTMwNTQ5XzZzZTlpaHFyaG9rIiwiYXBrVG9rZW4iOiJWWTlEQjlFQyIsInR5cGUiOiJhcGsiLCJleHBpcmVzSW4iOiIyNGgiLCJpYXQiOjE3NjUwMjgxMTUsImV4cCI6MTc2NTExNDUxNX0.Zs1ApE_ghWMSOnPsS-3zjgPVCpgd2_neKm4JY71uQb4
2025-12-06 12:51:59.371  4021-10594 okhttp.OkHttpClient     com.cdccreditsmart.app               I  --> END GET
2025-12-06 12:52:00.668  4021-10594 okhttp.OkHttpClient     com.cdccreditsmart.app               I  <-- 200 https://cdccreditsmart.com/api/apk/device/status (1296ms)
2025-12-06 12:52:00.669  4021-10594 okhttp.OkHttpClient     com.cdccreditsmart.app               I  access-control-allow-credentials: true
2025-12-06 12:52:00.669  4021-10594 okhttp.OkHttpClient     com.cdccreditsmart.app               I  access-control-allow-headers: Origin, X-Requested-With, Content-Type, Accept, Authorization, x-client-key, x-client-token, x-client-secret, cache-control
2025-12-06 12:52:00.671  4021-10594 okhttp.OkHttpClient     com.cdccreditsmart.app               I  access-control-allow-methods: GET, POST, PUT, PATCH, DELETE, OPTIONS
2025-12-06 12:52:00.671  4021-10594 okhttp.OkHttpClient     com.cdccreditsmart.app               I  access-control-allow-origin: *
2025-12-06 12:52:00.672  4021-10594 okhttp.OkHttpClient     com.cdccreditsmart.app               I  access-control-max-age: 86400
2025-12-06 12:52:00.672  4021-10594 okhttp.OkHttpClient     com.cdccreditsmart.app               I  content-length: 625
2025-12-06 12:52:00.672  4021-10594 okhttp.OkHttpClient     com.cdccreditsmart.app               I  content-security-policy: default-src 'self'; script-src 'self' 'unsafe-inline' 'unsafe-eval' https://replit.com; style-src 'self' 'unsafe-inline' https://replit.com; img-src 'self' data: https:; font-src 'self' data: https://replit.com; connect-src 'self';
2025-12-06 12:52:00.672  4021-10594 okhttp.OkHttpClient     com.cdccreditsmart.app               I  content-type: application/json; charset=utf-8
2025-12-06 12:52:00.672  4021-10594 okhttp.OkHttpClient     com.cdccreditsmart.app               I  date: Sat, 06 Dec 2025 15:52:00 GMT
2025-12-06 12:52:00.672  4021-10594 okhttp.OkHttpClient     com.cdccreditsmart.app               I  etag: W/"271-t7EgepjZy15D1ccOF9JLUcFmP4w"
2025-12-06 12:52:00.673  4021-10594 okhttp.OkHttpClient     com.cdccreditsmart.app               I  permissions-policy: geolocation=(), microphone=(), camera=()
2025-12-06 12:52:00.673  4021-10594 okhttp.OkHttpClient     com.cdccreditsmart.app               I  referrer-policy: strict-origin-when-cross-origin
2025-12-06 12:52:00.673  4021-10594 okhttp.OkHttpClient     com.cdccreditsmart.app               I  server: Google Frontend
2025-12-06 12:52:00.673  4021-10594 okhttp.OkHttpClient     com.cdccreditsmart.app               I  strict-transport-security: max-age=63072000; includeSubDomains
2025-12-06 12:52:00.673  4021-10594 okhttp.OkHttpClient     com.cdccreditsmart.app               I  strict-transport-security: max-age=31536000; includeSubDomains
2025-12-06 12:52:00.674  4021-10594 okhttp.OkHttpClient     com.cdccreditsmart.app               I  x-anti-fraud-protection: active
2025-12-06 12:52:00.674  4021-10594 okhttp.OkHttpClient     com.cdccreditsmart.app               I  x-certificate-pinning-enabled: false
2025-12-06 12:52:00.674  4021-10594 okhttp.OkHttpClient     com.cdccreditsmart.app               I  x-certificate-pinning-status: disabled-for-stability
2025-12-06 12:52:00.674  4021-10594 okhttp.OkHttpClient     com.cdccreditsmart.app               I  x-cloud-trace-context: 320104d4f609994b9036f3b19467ad6b
2025-12-06 12:52:00.674  4021-10594 okhttp.OkHttpClient     com.cdccreditsmart.app               I  x-content-type-options: nosniff
2025-12-06 12:52:00.674  4021-10594 okhttp.OkHttpClient     com.cdccreditsmart.app               I  x-financial-data-protection: enabled
2025-12-06 12:52:00.674  4021-10594 okhttp.OkHttpClient     com.cdccreditsmart.app               I  x-frame-options: DENY
2025-12-06 12:52:00.675  4021-10594 okhttp.OkHttpClient     com.cdccreditsmart.app               I  x-transaction-security-level: maximum
2025-12-06 12:52:00.675  4021-10594 okhttp.OkHttpClient     com.cdccreditsmart.app               I  x-xss-protection: 1; mode=block
2025-12-06 12:52:00.675  4021-10594 okhttp.OkHttpClient     com.cdccreditsmart.app               I  via: 1.1 google
2025-12-06 12:52:00.675  4021-10594 okhttp.OkHttpClient     com.cdccreditsmart.app               I  alt-svc: h3=":443"; ma=2592000,h3-29=":443"; ma=2592000
2025-12-06 12:52:00.676  4021-10594 okhttp.OkHttpClient     com.cdccreditsmart.app               I  {"device":{"id":"device_1764893130549_6se9ihqrhok","serialNumber":"VY9DB9EC","name":"Moto G15 Power","isBlocked":false,"blockReason":null,"status":"active"},"shouldBlock":false,"overdueCount":0,"daysSinceOverdue":0,"pdvSession":{"status":"completed","currentStage":"completed","isActive":false,"lastHeartbeat":"2025-12-05T00:05:44.194Z","heartbeatAge":143176.759,"sessionStarted":"2025-12-05T00:05:32.879Z","sessionCompleted":"2025-12-05T00:05:44.194Z","shouldWait":false},"paymentInfo":{"totalInstallments":24,"paidInstallments":1,"remainingInstallments":23,"overdueInstallments":0,"allPaid":false,"canSelfUninstall":false}}
2025-12-06 12:52:00.676  4021-10594 okhttp.OkHttpClient     com.cdccreditsmart.app               I  <-- END HTTP (625-byte body)
2025-12-06 12:52:00.679  4021-9922  ContractCodeStorage     com.cdccreditsmart.app               D  Retrieving contract code from storage
2025-12-06 12:52:01.265  4021-9922  ContractCodeStorage     com.cdccreditsmart.app               D  Storage verification: 7 valid, 0 tampered, 0 missing
2025-12-06 12:52:01.266  4021-9922  ContractCodeStorage     com.cdccreditsmart.app               D  Contract code retrieved successfully
2025-12-06 12:52:01.277  4021-9922  ContractCodeStorage     com.cdccreditsmart.app               D  Saving contract code to redundant storage
2025-12-06 12:52:01.443  4021-9853  creditsmart.app         com.cdccreditsmart.app               I  Background concurrent mark compact GC freed 7383KB AllocSpace bytes, 255(9324KB) LOS objects, 49% free, 15MB/31MB, paused 1.807ms,3.087ms total 105.608ms
2025-12-06 12:52:01.455  4021-9922  ContractCodeStorage     com.cdccreditsmart.app               D  Saved to EncryptedPrefs
2025-12-06 12:52:01.456  4021-9855  System                  com.cdccreditsmart.app               W  A resource failed to call release. 
2025-12-06 12:52:01.608  4021-9922  ContractCodeStorage     com.cdccreditsmart.app               D  Deleted existing file: .cdc_protected_code.enc
2025-12-06 12:52:01.696  4021-9922  ContractCodeStorage     com.cdccreditsmart.app               D  Successfully saved to file: .cdc_protected_code.enc
2025-12-06 12:52:01.697  4021-9922  ContractCodeStorage     com.cdccreditsmart.app               D  Saved to Protected Storage
2025-12-06 12:52:01.698  4021-9922  ContractCodeStorage     com.cdccreditsmart.app               D  Deleted existing file: .cdc_contract_b1.enc
2025-12-06 12:52:01.775  4021-9922  ContractCodeStorage     com.cdccreditsmart.app               D  Successfully saved to file: .cdc_contract_b1.enc
2025-12-06 12:52:01.776  4021-9922  ContractCodeStorage     com.cdccreditsmart.app               D  Deleted existing file: .sys_device_cfg.enc
2025-12-06 12:52:01.869  4021-9922  ContractCodeStorage     com.cdccreditsmart.app               D  Successfully saved to file: .sys_device_cfg.enc
2025-12-06 12:52:01.870  4021-9922  ContractCodeStorage     com.cdccreditsmart.app               D  Deleted existing file: .android_secure.enc
2025-12-06 12:52:01.963  4021-9922  ContractCodeStorage     com.cdccreditsmart.app               D  Successfully saved to file: .android_secure.enc
2025-12-06 12:52:02.033  4021-9922  ContractCodeStorage     com.cdccreditsmart.app               D  Contract code saved to ALL storage locations
2025-12-06 12:52:02.496  4021-9922  ContractCodeStorage     com.cdccreditsmart.app               D  Verification complete: 7/7 locations valid
2025-12-06 12:52:02.497  4021-9922  SecureTokenStorage      com.cdccreditsmart.app               D  Auth token saved successfully (contract code via ContractCodeStorage, deviceId: device_176...)
2025-12-06 12:52:02.497  4021-9922  AuthOrchestrator        com.cdccreditsmart.app               D  💾 DeviceId salvo: device_176...
2025-12-06 12:52:02.499  4021-9922  AuthOrchestrator        com.cdccreditsmart.app               D  Validação do token no servidor: SUCESSO
2025-12-06 12:52:02.499  4021-9922  AuthOrchestrator        com.cdccreditsmart.app               D  ✅ Token válido - autenticação OK!
2025-12-06 12:52:02.500  4021-9923  AuthOrchestrator        com.cdccreditsmart.app               D  🔔 Registrando FCM token após validação de authToken...
2025-12-06 12:52:02.501  4021-9923  FcmTokenManager         com.cdccreditsmart.app               D  ========== REGISTERING FCM TOKEN WITH BACKEND ==========
2025-12-06 12:52:02.503  4021-4021  RouterViewModel         com.cdccreditsmart.app               D  ✅ Autenticado com sucesso
2025-12-06 12:52:02.507  4021-9923  FcmTokenManager         com.cdccreditsmart.app               D  Current FCM token retrieved: dAvz1R25RMO8E_jGWWoG...
2025-12-06 12:52:02.516  4021-9923  FcmTokenManager         com.cdccreditsmart.app               D  Token already registered and cache is valid, skipping...
2025-12-06 12:52:02.516  4021-9923  AuthOrchestrator        com.cdccreditsmart.app               D  ✅ FCM token registrado após validação
2025-12-06 12:52:02.633  4021-4021  TermsAcceptanceStorage  com.cdccreditsmart.app               D  hasAcceptedTermsForContract(VY9DB9EC): true (saved: VY9DB9EC)
2025-12-06 12:52:02.633  4021-4021  RouterViewModel         com.cdccreditsmart.app               D  ✅ Termos já aceitos - Ir para HOME
2025-12-06 12:52:02.796  4021-4021  NetworkConnectivity     com.cdccreditsmart.app               D  ✅ Conectado via WiFi com internet
2025-12-06 12:52:02.796  4021-4021  SimpleHomeViewModel     com.cdccreditsmart.app               D  📡 Fetching device installments from /api/apk/device/installments...
2025-12-06 12:52:02.808  4021-10696 SimpleHomeViewModel     com.cdccreditsmart.app               D  ✅ Added Authorization header with token
2025-12-06 12:52:02.809  4021-10696 SimpleHomeViewModel     com.cdccreditsmart.app               D  📤 Request URL: https://cdccreditsmart.com/api/apk/device/installments
2025-12-06 12:52:03.424  4021-10696 SimpleHomeViewModel     com.cdccreditsmart.app               D  📥 Response Code: 200
2025-12-06 12:52:03.438  4021-4021  SimpleHomeViewModel     com.cdccreditsmart.app               D  ✅ Successfully fetched installments data
2025-12-06 12:52:03.438  4021-4021  SimpleHomeViewModel     com.cdccreditsmart.app               D  📊 Device: Moto G15 Power
2025-12-06 12:52:03.438  4021-4021  SimpleHomeViewModel     com.cdccreditsmart.app               D  📊 Total installments: 24
2025-12-06 12:52:03.438  4021-4021  SimpleHomeViewModel     com.cdccreditsmart.app               D  📊 Paid: 1
2025-12-06 12:52:03.438  4021-4021  SimpleHomeViewModel     com.cdccreditsmart.app               D  📊 Overdue: 0
2025-12-06 12:52:03.438  4021-4021  SimpleHomeViewModel     com.cdccreditsmart.app               D  📊 All installments count: 24
2025-12-06 12:52:03.438  4021-4021  SimpleHomeViewModel     com.cdccreditsmart.app               I  💾 Salvando dados do cliente no storage - CustomerName: 'null', DeviceModel: 'Moto G15 Power'
2025-12-06 12:52:03.438  4021-4021  SecureTokenStorage      com.cdccreditsmart.app               D  💾 Salvando customer info - Name: null, Device: Moto G15 Power
2025-12-06 12:52:03.438  4021-4021  SecureTokenStorage      com.cdccreditsmart.app               W  ⚠️ CustomerName vazio/null - não salvando
2025-12-06 12:52:03.440  4021-4021  SecureTokenStorage      com.cdccreditsmart.app               D  ✅ DeviceModel salvo: Moto G15 Power
2025-12-06 12:52:03.440  4021-4021  SecureTokenStorage      com.cdccreditsmart.app               I  ✅ Customer info saved successfully!
2025-12-06 12:52:03.441  4021-4021  ContractCodeStorage     com.cdccreditsmart.app               D  Retrieving contract code from storage
2025-12-06 12:52:03.995  4021-4021  ContractCodeStorage     com.cdccreditsmart.app               D  Storage verification: 7 valid, 0 tampered, 0 missing
2025-12-06 12:52:03.995  4021-4021  ContractCodeStorage     com.cdccreditsmart.app               D  Contract code retrieved successfully
2025-12-06 12:52:04.139  4021-4021  LocalInstallmentStorage com.cdccreditsmart.app               I  ✅ 24 parcelas salvas localmente (contrato: VY9DB9EC)
2025-12-06 12:52:04.140  4021-4021  SimpleHomeViewModel     com.cdccreditsmart.app               I  ✅ 24 parcelas salvas localmente
2025-12-06 12:52:04.140  4021-4021  SimpleHomeViewModel     com.cdccreditsmart.app               I     → 0 em atraso
2025-12-06 12:52:04.140  4021-4021  SimpleHomeViewModel     com.cdccreditsmart.app               I     → 1 pagas
2025-12-06 12:52:04.140  4021-4021  SimpleHomeViewModel     com.cdccreditsmart.app               I     → Dados disponíveis para overlay e offline blocking
2025-12-06 12:52:04.141  4021-4021  Choreographer           com.cdccreditsmart.app               I  Skipped 41 frames!  The application may be doing too much work on its main thread.
2025-12-06 12:52:04.275  4021-4021  SecureTokenStorage      com.cdccreditsmart.app               D  📖 Lendo customerName: Marcos Antunes
2025-12-06 12:52:04.277  4021-4021  SecureTokenStorage      com.cdccreditsmart.app               D  📖 Lendo deviceModel: Moto G15 Power
2025-12-06 12:52:04.277  4021-4021  ContractCodeStorage     com.cdccreditsmart.app               D  Retrieving contract code from storage
2025-12-06 12:52:04.874  4021-4021  ContractCodeStorage     com.cdccreditsmart.app               D  Storage verification: 7 valid, 0 tampered, 0 missing
2025-12-06 12:52:04.874  4021-4021  ContractCodeStorage     com.cdccreditsmart.app               D  Contract code retrieved successfully
2025-12-06 12:52:05.032  4021-4021  Choreographer           com.cdccreditsmart.app               I  Skipped 52 frames!  The application may be doing too much work on its main thread.
2025-12-06 12:52:05.040  4021-10078 HWUI                    com.cdccreditsmart.app               I  Davey! duration=1589ms; Flags=0, FrameTimelineVsyncId=14629404, IntendedVsync=111606499706569, Vsync=111607184577580, InputEventId=0, HandleInputStart=111607191159267, AnimationStart=111607191162113, PerformTraversalsStart=111607205795882, DrawStart=111607205868805, FrameDeadline=111606553322317, FrameInterval=111607190304882, FrameStartTime=16704171, SyncQueued=111608077697498, SyncStart=111608077756882, IssueDrawCommandsStart=111608077910344, SwapBuffers=111608081635652, FrameCompleted=111608088895344, DequeueBufferDuration=21000, QueueBufferDuration=325615, GpuCompleted=111608088895344, SwapBuffersCompleted=111608083206036, DisplayPresentTime=111604292390344, CommandSubmissionCompleted=111608081635652, 
