2025-12-04 21:30:08.506 18848-25267 WorkPolicyManager       com.cdccreditsmart.app               I     ✅ Foreground Service configurado via CdcForegroundService
2025-12-04 21:30:08.506 18848-25267 WorkPolicyManager       com.cdccreditsmart.app               I     ✅ WorkManager health check agendado
2025-12-04 21:30:08.506 18848-25267 WorkPolicyManager       com.cdccreditsmart.app               I  
2025-12-04 21:30:08.507 18848-25267 WorkPolicyManager       com.cdccreditsmart.app               I  🔔 [3/4] MONITORAMENTO
2025-12-04 21:30:08.507 18848-25267 WorkPolicyManager       com.cdccreditsmart.app               I  ───────────────────────────────────────────────────────────────
2025-12-04 21:30:08.507 18848-25267 WorkPolicyManager       com.cdccreditsmart.app               I     ✅ Monitor de desinstalação registrado via broadcast
2025-12-04 21:30:08.507 18848-25267 WorkPolicyManager       com.cdccreditsmart.app               I     ✅ Monitor de pacotes registrado
2025-12-04 21:30:08.507 18848-25267 WorkPolicyManager       com.cdccreditsmart.app               I  
2025-12-04 21:30:08.507 18848-25267 WorkPolicyManager       com.cdccreditsmart.app               I  ⚡ [4/4] PROTEÇÕES ALTERNATIVAS
2025-12-04 21:30:08.507 18848-25267 WorkPolicyManager       com.cdccreditsmart.app               I  ───────────────────────────────────────────────────────────────
2025-12-04 21:30:08.508 18848-25267 WorkPolicyManager       com.cdccreditsmart.app               I     ✅ Device Admin ativo e funcionando
2025-12-04 21:30:08.511 18848-25267 WorkPolicyManager       com.cdccreditsmart.app               I  
2025-12-04 21:30:08.511 18848-25267 WorkPolicyManager       com.cdccreditsmart.app               I  ╔════════════════════════════════════════════════════════════════╗
2025-12-04 21:30:08.511 18848-25267 WorkPolicyManager       com.cdccreditsmart.app               I  ║  📊 RESUMO DAS POLÍTICAS DE TRABALHO                           ║
2025-12-04 21:30:08.511 18848-25267 WorkPolicyManager       com.cdccreditsmart.app               I  ╠════════════════════════════════════════════════════════════════╣
2025-12-04 21:30:08.512 18848-18848 CdcForegroundService    com.cdccreditsmart.app               I  ✅ Foreground Service ativo (Android 12+)
2025-12-04 21:30:08.512 18848-18848 CdcForegroundService    com.cdccreditsmart.app               D  ⏳ Serviços já inicializados - ignorando chamada duplicada
2025-12-04 21:30:08.512 18848-25267 WorkPolicyManager       com.cdccreditsmart.app               I  ║  🔐 Nível de proteção: DEVICE ADMIN
2025-12-04 21:30:08.512 18848-25267 WorkPolicyManager       com.cdccreditsmart.app               I  ║  📋 Políticas aplicadas: 7
2025-12-04 21:30:08.512 18848-25267 WorkPolicyManager       com.cdccreditsmart.app               I  ╠════════════════════════════════════════════════════════════════╣
2025-12-04 21:30:08.512 18848-25267 WorkPolicyManager       com.cdccreditsmart.app               I  ║  ✅ PROTEÇÕES ATIVAS:
2025-12-04 21:30:08.512 18848-25267 WorkPolicyManager       com.cdccreditsmart.app               I  ║     ✅ Políticas de senha configuradas
2025-12-04 21:30:08.512 18848-25267 WorkPolicyManager       com.cdccreditsmart.app               I  ║     ✅ Isenção de otimização de bateria
2025-12-04 21:30:08.512 18848-25267 WorkPolicyManager       com.cdccreditsmart.app               I  ║     ✅ Foreground Service persistente ativado
2025-12-04 21:30:08.512 18848-25267 WorkPolicyManager       com.cdccreditsmart.app               I  ║     ✅ Verificação periódica de saúde agendada
2025-12-04 21:30:08.513 18848-25267 WorkPolicyManager       com.cdccreditsmart.app               I  ║     ✅ Monitor de desinstalação ativado
2025-12-04 21:30:08.513 18848-25267 WorkPolicyManager       com.cdccreditsmart.app               I  ║     ✅ Monitor de mudanças de pacotes ativado
2025-12-04 21:30:08.513 18848-25267 WorkPolicyManager       com.cdccreditsmart.app               I  ║     ✅ Políticas de Device Admin aplicadas
2025-12-04 21:30:08.513 18848-25267 WorkPolicyManager       com.cdccreditsmart.app               I  ╠════════════════════════════════════════════════════════════════╣
2025-12-04 21:30:08.513 18848-25267 WorkPolicyManager       com.cdccreditsmart.app               I  ║  ⚠️ AVISOS:
2025-12-04 21:30:08.513 18848-25267 WorkPolicyManager       com.cdccreditsmart.app               W  ║     ⚠️ Desinstalação: Usuário pode desinstalar (Device Admin não bloqueia)
2025-12-04 21:30:08.513 18848-25267 WorkPolicyManager       com.cdccreditsmart.app               W  ║     ⚠️ Factory Reset: Não bloqueável sem Device Owner
2025-12-04 21:30:08.513 18848-25267 WorkPolicyManager       com.cdccreditsmart.app               W  ║     ⚠️ Recomendação: Ativar Device Owner para proteção máxima
2025-12-04 21:30:08.513 18848-25267 WorkPolicyManager       com.cdccreditsmart.app               I  ╚════════════════════════════════════════════════════════════════╝
2025-12-04 21:30:08.513 18848-25267 WorkPolicyManager       com.cdccreditsmart.app               I  
2025-12-04 21:30:08.513 18848-25267 CdcForegroundService    com.cdccreditsmart.app               I  🏢 Resultado: DEVICE_ADMIN
2025-12-04 21:30:08.514 18848-25267 CdcForegroundService    com.cdccreditsmart.app               I  🏢 Políticas aplicadas: 7/10
2025-12-04 21:30:08.514 18848-25267 CdcForegroundService    com.cdccreditsmart.app               W  🏢 ⚠️ Desinstalação: Usuário pode desinstalar (Device Admin não bloqueia)
2025-12-04 21:30:08.514 18848-25267 CdcForegroundService    com.cdccreditsmart.app               W  🏢 ⚠️ Factory Reset: Não bloqueável sem Device Owner
2025-12-04 21:30:08.514 18848-25267 CdcForegroundService    com.cdccreditsmart.app               W  🏢 ⚠️ Recomendação: Ativar Device Owner para proteção máxima
2025-12-04 21:30:08.514 18848-25267 CdcForegroundService    com.cdccreditsmart.app               I  🏢 ========================================
2025-12-04 21:30:08.514 18848-25267 CdcForegroundService    com.cdccreditsmart.app               I  🛡️ ========================================
2025-12-04 21:30:08.514 18848-25267 CdcForegroundService    com.cdccreditsmart.app               I  🛡️ INICIANDO SETTINGS GUARD (PROTEÇÃO AGRESSIVA)
2025-12-04 21:30:08.514 18848-25267 CdcForegroundService    com.cdccreditsmart.app               I  🛡️ ========================================
2025-12-04 21:30:08.514 18848-18848 CdcForegroundService    com.cdccreditsmart.app               D  🚀 Serviço onStartCommand() - Action: com.cdccreditsmart.app.START_SERVICE
2025-12-04 21:30:08.519 18848-18848 CdcForegroundService    com.cdccreditsmart.app               I  ✅ Foreground Service ativo (Android 12+)
2025-12-04 21:30:08.519 18848-18848 CdcForegroundService    com.cdccreditsmart.app               D  ⏳ Serviços já inicializados - ignorando chamada duplicada
2025-12-04 21:30:08.523 18848-25267 SettingsGuardService    com.cdccreditsmart.app               I  🛡️ SettingsGuard INICIADO
2025-12-04 21:30:08.523 18848-25267 SettingsGuardService    com.cdccreditsmart.app               I     Modo de proteção: DEVICE_ADMIN
2025-12-04 21:30:08.523 18848-25267 SettingsGuardService    com.cdccreditsmart.app               I     🔐 Device Admin: Proteção AGRESSIVA ativada
2025-12-04 21:30:08.523 18848-25267 SettingsGuardService    com.cdccreditsmart.app               I     📡 Monitorando Settings a cada 600ms
2025-12-04 21:30:08.523 18848-25267 SettingsGuardService    com.cdccreditsmart.app               I     📡 Quando Settings aberto: modo agressivo 400ms
2025-12-04 21:30:08.526 18848-18848 BootReceiver            com.cdccreditsmart.app               I  🚀 Dispositivo iniciado - starting CdcForegroundService
2025-12-04 21:30:08.529 18848-18848 CdcForegroundService    com.cdccreditsmart.app               I  ✅ Serviço iniciado via startService()
2025-12-04 21:30:08.530 18848-18848 CdcForegroundService    com.cdccreditsmart.app               D  🚀 Serviço onStartCommand() - Action: com.cdccreditsmart.app.START_SERVICE
2025-12-04 21:30:08.535 18848-18848 CdcForegroundService    com.cdccreditsmart.app               I  ✅ Foreground Service ativo (Android 12+)
2025-12-04 21:30:08.535 18848-18848 CdcForegroundService    com.cdccreditsmart.app               D  ⏳ Serviços já inicializados - ignorando chamada duplicada
2025-12-04 21:30:08.536 18848-18848 BootInterceptor         com.cdccreditsmart.app               I  ========================================
2025-12-04 21:30:08.536 18848-18848 BootInterceptor         com.cdccreditsmart.app               I  🔄 BOOT EVENT DETECTADO
2025-12-04 21:30:08.536 18848-18848 BootInterceptor         com.cdccreditsmart.app               I  ========================================
2025-12-04 21:30:08.536 18848-18848 BootInterceptor         com.cdccreditsmart.app               I  ✅ BOOT COMPLETO DETECTADO
2025-12-04 21:30:08.536 18848-18848 BootInterceptor         com.cdccreditsmart.app               I     Sistema Android iniciado com sucesso
2025-12-04 21:30:08.537 18848-18848 BootInterceptor         com.cdccreditsmart.app               I     Device Fingerprint: CDC_45331707****
2025-12-04 21:30:08.537 18848-18848 TamperDetection         com.cdccreditsmart.app               I  
2025-12-04 21:30:08.537 18848-18848 TamperDetection         com.cdccreditsmart.app               I  ╔════════════════════════════════════════════════════════╗
2025-12-04 21:30:08.537 18848-18848 TamperDetection         com.cdccreditsmart.app               I  ║    📡 REPORTAR BOOT AO BACKEND                        ║
2025-12-04 21:30:08.537 18848-18848 TamperDetection         com.cdccreditsmart.app               I  ╠════════════════════════════════════════════════════════╣
2025-12-04 21:30:08.537 18848-18848 TamperDetection         com.cdccreditsmart.app               I  ║  Device Fingerprint: CDC_45331707****      ║
2025-12-04 21:30:08.537 18848-18848 TamperDetection         com.cdccreditsmart.app               I  ║  Boot Timestamp: 1764894608537          ║
2025-12-04 21:30:08.537 18848-18848 TamperDetection         com.cdccreditsmart.app               I  ║                                                        ║
2025-12-04 21:30:08.537 18848-18848 TamperDetection         com.cdccreditsmart.app               I  ║  Backend detectará factory reset comparando:          ║
2025-12-04 21:30:08.537 18848-18848 TamperDetection         com.cdccreditsmart.app               I  ║  • Fingerprint histórico vs atual                     ║
2025-12-04 21:30:08.537 18848-18848 TamperDetection         com.cdccreditsmart.app               I  ║  • Timestamp do último boot vs agora                  ║
2025-12-04 21:30:08.537 18848-18848 TamperDetection         com.cdccreditsmart.app               I  ║  • Token válido vs ausente                            ║
2025-12-04 21:30:08.537 18848-18848 TamperDetection         com.cdccreditsmart.app               I  ╚════════════════════════════════════════════════════════╝
2025-12-04 21:30:08.537 18848-18848 TamperDetection         com.cdccreditsmart.app               I  
2025-12-04 21:30:08.537 18848-18848 TamperDetection         com.cdccreditsmart.app               I  ⚠️ TODO: Implementar POST /api/security/device-boot
2025-12-04 21:30:08.537 18848-18848 BootInterceptor         com.cdccreditsmart.app               I  ========================================
2025-12-04 21:30:08.537 18848-25267 CdcForegroundService    com.cdccreditsmart.app               I  🛡️ Guard ativo: true
2025-12-04 21:30:08.537 18848-25267 CdcForegroundService    com.cdccreditsmart.app               I  🛡️ Modo proteção: DEVICE_ADMIN
2025-12-04 21:30:08.537 18848-25267 CdcForegroundService    com.cdccreditsmart.app               I  🛡️ Modo agressivo: false
2025-12-04 21:30:08.537 18848-25267 CdcForegroundService    com.cdccreditsmart.app               I  🛡️ UsageStats: ✅ ATIVO
2025-12-04 21:30:08.537 18848-25267 CdcForegroundService    com.cdccreditsmart.app               I  🛡️ Overlay: ✅ ATIVO
2025-12-04 21:30:08.537 18848-25267 CdcForegroundService    com.cdccreditsmart.app               I  🛡️ ========================================
2025-12-04 21:30:09.129 18848-25265 ContractCodeStorage     com.cdccreditsmart.app               D  Retrieving contract code from storage
2025-12-04 21:30:09.165 18848-25267 SettingsGuardService    com.cdccreditsmart.app               W  🚨 SETTINGS DETECTADO! (count: 2, dangerous: false)
2025-12-04 21:30:09.165 18848-25267 SettingsGuardService    com.cdccreditsmart.app               W     Pacote: com.android.settings
2025-12-04 21:30:09.165 18848-25267 SettingsGuardService    com.cdccreditsmart.app               W     Chamando app para foreground...
2025-12-04 21:30:09.199 18848-18848 SettingsGuardService    com.cdccreditsmart.app               I  ✅ App trazido para foreground
2025-12-04 21:30:09.224 18848-25287 libMEOW                 com.cdccreditsmart.app               D  meow new tls: 0xb400007672b630d0
2025-12-04 21:30:09.225 18848-25287 libMEOW                 com.cdccreditsmart.app               D  meow reload base cfg path: na
2025-12-04 21:30:09.225 18848-25287 libMEOW                 com.cdccreditsmart.app               D  meow reload overlay cfg path: na
2025-12-04 21:30:09.225 18848-25287 QT                      com.cdccreditsmart.app               W  qt_process_init() called
2025-12-04 21:30:09.225 18848-25287 QT                      com.cdccreditsmart.app               E  [QT]file does not exist
2025-12-04 21:30:09.225 18848-25287 QT                      com.cdccreditsmart.app               W  Support!!
2025-12-04 21:30:09.228 18848-25287 libMEOW_gift            com.cdccreditsmart.app               I  open /data/performance/gift/arc.ini
2025-12-04 21:30:09.228 18848-25287 QT                      com.cdccreditsmart.app               E  [QT]file does not exist
2025-12-04 21:30:09.228 18848-25287 libMEOW                 com.cdccreditsmart.app               D  applied 1 plugins for [com.cdccreditsmart.app]:
2025-12-04 21:30:09.228 18848-25287 libMEOW                 com.cdccreditsmart.app               D    plugin 1: [libMEOW_gift.so]: 0xb400007592aab840
2025-12-04 21:30:09.228 18848-25287 libMEOW                 com.cdccreditsmart.app               D  rebuild call chain: 0xb400007672b530c0
2025-12-04 21:30:09.229 18848-25287 libMEOW                 com.cdccreditsmart.app               D  meow delete tls: 0xb400007672b630d0
2025-12-04 21:30:09.277 18848-18848 ActivityThread          com.cdccreditsmart.app               D  ++ activityComponent:com.cdccreditsmart.app/com.cdccreditsmart.app.presentation.MainActivity counts:1 ALEAK_CLEAR_SUPPORT:true
2025-12-04 21:30:09.377 18848-18848 CompatChangeReporter    com.cdccreditsmart.app               D  Compat change id reported: 309578419; UID 10291; state: ENABLED
2025-12-04 21:30:09.378 18848-18848 TranClassInfo           com.cdccreditsmart.app               D  instance successfully. com.transsion.hubcore.internal.TranInternalViewImpl@9efdb08 from com.transsion.hubcore.internal.ITranInternalView
2025-12-04 21:30:09.378 18848-18848 os.SingleLice           com.cdccreditsmart.app               D  instance successfully. com.transsion.whitenavigation.v1.WhiteNavigationLice@ce2a1 from com.transsion.whitenavigation.WhiteNavigationLiceFactory
2025-12-04 21:30:09.378 18848-18848 os.SingleLiceFactory    com.cdccreditsmart.app               D  instance successfully. com.transsion.whitenavigation.v1.WhiteNavigationLice@ce2a1 from com.android.internal.IInternalViewLice
2025-12-04 21:30:09.379 18848-18848 os.SingleLice           com.cdccreditsmart.app               D  instance successfully. com.transsion.screenshothelper.v1.ScreenShotHelperImplLice@c0fbcc6 from com.transsion.screenshothelper.ScreenShotHelperImplLiceFactory
2025-12-04 21:30:09.379 18848-18848 os.SingleLiceFactory    com.cdccreditsmart.app               D  instance successfully. com.transsion.screenshothelper.v1.ScreenShotHelperImplLice@c0fbcc6 from com.android.internal.IInternalViewLice
2025-12-04 21:30:09.379 18848-18848 os.SingleLiceFactory    com.cdccreditsmart.app               D  using com.android.internal.IInternalViewLice$DefaultImpl@55be487 instead of com.transsion.flamboyant.FlamboyantLiceFactory  from com.android.internal.IInternalViewLice
2025-12-04 21:30:09.379 18848-18848 os.LiceInfo             com.cdccreditsmart.app               D  instance successfully. com.transsion.internal.InternalViewLice@f2b9fb4 from com.android.internal.IInternalViewLice
2025-12-04 21:30:09.394 18848-18848 MainActivity            com.cdccreditsmart.app               I  ========================================
2025-12-04 21:30:09.394 18848-18848 MainActivity            com.cdccreditsmart.app               I  📱 SOLICITANDO PERMISSÕES (NÃO DEVICE OWNER)
2025-12-04 21:30:09.394 18848-18848 MainActivity            com.cdccreditsmart.app               I  ========================================
2025-12-04 21:30:09.396 18848-25267 PersistentStateManager  com.cdccreditsmart.app               D  Nenhum estado local encontrado
2025-12-04 21:30:09.396 18848-25267 PersistentStateManager  com.cdccreditsmart.app               D  🆕 Sem estado local - device novo ou pós factory reset
2025-12-04 21:30:09.396 18848-25267 MainActivity            com.cdccreditsmart.app               I  🆕 Device nunca foi provisionado
2025-12-04 21:30:09.398 18848-18848 MainActivity            com.cdccreditsmart.app               I  ✅ Todas as runtime permissions já foram concedidas!
2025-12-04 21:30:09.398 18848-18848 SpecialPermissionReq    com.cdccreditsmart.app               I  ========================================
2025-12-04 21:30:09.398 18848-18848 SpecialPermissionReq    com.cdccreditsmart.app               I  📊 STATUS DAS PERMISSÕES ESPECIAIS
2025-12-04 21:30:09.398 18848-18848 SpecialPermissionReq    com.cdccreditsmart.app               I  ========================================
2025-12-04 21:30:09.399 18848-18848 SpecialPermissionReq    com.cdccreditsmart.app               I    USAGE_STATS: ✅ CONCEDIDA
2025-12-04 21:30:09.399 18848-18848 SpecialPermissionReq    com.cdccreditsmart.app               I    OVERLAY: ✅ CONCEDIDA
2025-12-04 21:30:09.400 18848-18848 SpecialPermissionReq    com.cdccreditsmart.app               I  
2025-12-04 21:30:09.400 18848-18848 SpecialPermissionReq    com.cdccreditsmart.app               I  ✅ Todas as permissões especiais concedidas!
2025-12-04 21:30:09.400 18848-18848 SpecialPermissionReq    com.cdccreditsmart.app               I     Proteção anti-desinstalação ativa.
2025-12-04 21:30:09.400 18848-18848 SpecialPermissionReq    com.cdccreditsmart.app               I  ========================================
2025-12-04 21:30:09.401 18848-18848 MainActivity            com.cdccreditsmart.app               I  ✅ Todas as permissões especiais já foram concedidas!
2025-12-04 21:30:09.414 18848-25240 ActivityThreadLice      com.cdccreditsmart.app               D  received OSMessage 110001
2025-12-04 21:30:09.416 18848-25240 ActivityThreadLice      com.cdccreditsmart.app               D  send OSMessage 110001 to [-1]
2025-12-04 21:30:09.422 18848-18848 MainActivity            com.cdccreditsmart.app               D  ========== NEW INTENT RECEIVED ==========
2025-12-04 21:30:09.425 18848-18848 TranClassInfo           com.cdccreditsmart.app               D  instance successfully. com.transsion.connectivity.linkbooming.TranMultilinkComponentImpl@db9fdf3 from com.transsion.hubcore.linkbooming.ITranMultilinkComponent
2025-12-04 21:30:09.427 18848-18848 ActivityThread          com.cdccreditsmart.app               D  handleResumeActivity#3 r.window=nulla.mFinished = falsewillBeVisible = true
2025-12-04 21:30:09.427 18848-18848 ActivityThread          com.cdccreditsmart.app               D  handleResumeActivity#4 addView a.mVisibleFromClient=truea.mWindowAdded=falsedecor=DecorView@1aa28ae[]
2025-12-04 21:30:09.427 18848-18848 ActivityThread          com.cdccreditsmart.app               D  handleResumeActivity#5 addView decor=DecorView@1aa28ae[]
2025-12-04 21:30:09.430 18848-18848 libc                    com.cdccreditsmart.app               W  Access denied finding property "ro.vendor.tgpa_resolution_tuner"
2025-12-04 21:30:09.433 18848-18848 libc                    com.cdccreditsmart.app               W  Access denied finding property "ro.vendor.scaler_version"
2025-12-04 21:30:09.434 18848-18848 libc                    com.cdccreditsmart.app               W  Access denied finding property "ro.vendor.scaler_version"
2025-12-04 21:30:09.434 18848-25270 PowerHalWrapper         com.cdccreditsmart.app               I  PowerHalWrapper.getInstance 
2025-12-04 21:30:09.443 18848-25240 OSServiceManager        com.cdccreditsmart.app               D  update local os service os.activity from null to android.os.BinderProxy@4f421ba
2025-12-04 21:30:09.443 18848-18848 VRI[MainActivity]       com.cdccreditsmart.app               D  hardware acceleration = true, forceHwAccelerated = false
2025-12-04 21:30:09.444 18848-18848 ViewRootImpl            com.cdccreditsmart.app               D  setView appearance:24 com.cdccreditsmart.app/com.cdccreditsmart.app.presentation.MainActivity
2025-12-04 21:30:09.449 18848-18848 os.SingleLiceFactory    com.cdccreditsmart.app               D  instance successfully. com.transsion.widget.v3.FloatingToolbarLice@af8a904 from com.android.internal.IInternalViewLice
2025-12-04 21:30:09.450 18848-18848 InputEventReceiver      com.cdccreditsmart.app               D  Input log is disabled in InputEventReceiver.
2025-12-04 21:30:09.457 18848-25256 FA                      com.cdccreditsmart.app               I  Tag Manager is not found and thus will not be used
2025-12-04 21:30:09.622 18848-25267 SettingsGuardService    com.cdccreditsmart.app               I  ✅ App CDC em foreground - resetando contador
2025-12-04 21:30:09.942 18848-25265 ContractCodeStorage     com.cdccreditsmart.app               D  Storage verification: 7 valid, 0 tampered, 0 missing
2025-12-04 21:30:09.942 18848-25265 ContractCodeStorage     com.cdccreditsmart.app               D  Contract code retrieved successfully
2025-12-04 21:30:09.946 18848-25265 SecureTokenStorage      com.cdccreditsmart.app               D  ⚠️ Usando Serial Number para MDM (IMEI indisponível): VY9DB9...
2025-12-04 21:30:09.946 18848-25265 CdcForegroundService    com.cdccreditsmart.app               I  🔐 AuthToken presente: true
2025-12-04 21:30:09.946 18848-25265 CdcForegroundService    com.cdccreditsmart.app               I  🔐 AuthToken length: 260
2025-12-04 21:30:09.946 18848-25265 CdcForegroundService    com.cdccreditsmart.app               I  🔐 ContractCode presente: true
2025-12-04 21:30:09.946 18848-25265 CdcForegroundService    com.cdccreditsmart.app               I  🔐 ContractCode value: VY9D****
2025-12-04 21:30:09.946 18848-25265 CdcForegroundService    com.cdccreditsmart.app               I  🔐 MDM SerialNumber presente: true
2025-12-04 21:30:09.947 18848-25265 CdcForegroundService    com.cdccreditsmart.app               I  🔐 MDM SerialNumber value: VY9DB9EC...
2025-12-04 21:30:09.947 18848-25265 CdcForegroundService    com.cdccreditsmart.app               I  🔧 ========================================
2025-12-04 21:30:09.947 18848-25265 CdcForegroundService    com.cdccreditsmart.app               I  🔧 INICIALIZANDO MDM COM SERIAL NUMBER: VY9DB9EC...
2025-12-04 21:30:09.947 18848-25265 CdcForegroundService    com.cdccreditsmart.app               I  🔧 ========================================
2025-12-04 21:30:09.947 18848-25265 CdcForegroundService    com.cdccreditsmart.app               I  🔐 Tokens encontrados - inicializando serviços MDM
2025-12-04 21:30:09.947 18848-25265 CdcForegroundService    com.cdccreditsmart.app               D  📡 Criando MdmCommandReceiver (usando serialNumber do SecureTokenStorage)...
2025-12-04 21:30:10.102 18848-25265 MdmCommandReceiver      com.cdccreditsmart.app               D  ✅ Foreground service reference set for WakeLock management
2025-12-04 21:30:10.102 18848-25265 CdcForegroundService    com.cdccreditsmart.app               D  🔋 Foreground service reference passada para MdmCommandReceiver
2025-12-04 21:30:10.102 18848-25265 CdcForegroundService    com.cdccreditsmart.app               I  📡 ========================================
2025-12-04 21:30:10.102 18848-25265 CdcForegroundService    com.cdccreditsmart.app               I  📡 CONECTANDO WebSocket MDM...
2025-12-04 21:30:10.102 18848-25265 CdcForegroundService    com.cdccreditsmart.app               I  📡 ========================================
2025-12-04 21:30:10.102 18848-25265 CdcForegroundService    com.cdccreditsmart.app               I  📡 AuthToken length: 260 caracteres
2025-12-04 21:30:10.102 18848-25265 CdcForegroundService    com.cdccreditsmart.app               I  📡 AuthToken preview: eyJhbGciOiJIUzI1NiIs...
2025-12-04 21:30:10.102 18848-25265 CdcForegroundService    com.cdccreditsmart.app               I  📡 Contract code: VY9DB9EC
2025-12-04 21:30:10.102 18848-25265 CdcForegroundService    com.cdccreditsmart.app               I  📡 Chamando mdmReceiver.connectMdmWebSocket()...
2025-12-04 21:30:10.103 18848-25265 SecureTokenStorage      com.cdccreditsmart.app               D  ⚠️ Usando Serial Number para MDM (IMEI indisponível): VY9DB9...
2025-12-04 21:30:10.103 18848-25265 MdmCommandReceiver      com.cdccreditsmart.app               I  🔗 Iniciando conexão WebSocket MDM...
2025-12-04 21:30:10.103 18848-25265 MdmCommandReceiver      com.cdccreditsmart.app               D  🔗 URL: wss://cdccreditsmart.com/ws
2025-12-04 21:30:10.103 18848-25265 MdmCommandReceiver      com.cdccreditsmart.app               D  🔗 JWT Token presente: true
2025-12-04 21:30:10.104 18848-25265 MdmCommandReceiver      com.cdccreditsmart.app               D  🔗 Using serialNumber: VY9DB9EC...
2025-12-04 21:30:10.108 18848-25265 MdmCommandReceiver      com.cdccreditsmart.app               D  🔗 Criando WebSocket OkHttp...
2025-12-04 21:30:10.113 18848-25265 MdmCommandReceiver      com.cdccreditsmart.app               D  🔗 WebSocket request enviado - aguardando resposta...
2025-12-04 21:30:10.114 18848-25265 CdcForegroundService    com.cdccreditsmart.app               I  📡 ========================================
2025-12-04 21:30:10.114 18848-25265 CdcForegroundService    com.cdccreditsmart.app               I  📡 connectMdmWebSocket() CHAMADO - Aguardando conexão...
2025-12-04 21:30:10.114 18848-25265 CdcForegroundService    com.cdccreditsmart.app               I  📡 Próximo log esperado: '✅ WebSocket MDM CONECTADO'
2025-12-04 21:30:10.114 18848-25265 CdcForegroundService    com.cdccreditsmart.app               I  📡 ========================================
2025-12-04 21:30:10.114 18848-25265 CdcForegroundService    com.cdccreditsmart.app               D  📡 Criando WebSocketManager (flow-status)...
2025-12-04 21:30:10.115 18848-25265 WebSocketManager        com.cdccreditsmart.app               D  Connecting to WebSocket: wss://cdccreditsmart.com/ws/flow-status
2025-12-04 21:30:10.117 18848-25265 CdcForegroundService    com.cdccreditsmart.app               I  📡 WebSocketManager inicializado
2025-12-04 21:30:10.117 18848-25265 CdcForegroundService    com.cdccreditsmart.app               I  💡 Overlay automático: PeriodicOverlayWorker (a cada 10min)
2025-12-04 21:30:10.118 18848-25265 HeartbeatWorker         com.cdccreditsmart.app               I  ✅ Heartbeat OTIMIZADO agendado via WorkManager
2025-12-04 21:30:10.118 18848-25265 HeartbeatWorker         com.cdccreditsmart.app               I     📊 Intervalo: 60min (redução de 75% vs 15min)
2025-12-04 21:30:10.118 18848-25265 HeartbeatWorker         com.cdccreditsmart.app               I     🎯 Economia: ~72 requisições/dia por dispositivo
2025-12-04 21:30:10.119 18848-25265 BlockingNotifWorker     com.cdccreditsmart.app               I  📅 Agendando verificação de notificações de bloqueio...
2025-12-04 21:30:10.119 18848-25265 BlockingNotifWorker     com.cdccreditsmart.app               I  ✅ Worker agendado para executar a cada 6h
2025-12-04 21:30:10.119 18848-25265 CdcForegroundService    com.cdccreditsmart.app               I  📱 Worker de notificações de bloqueio agendado
2025-12-04 21:30:10.119 18848-25265 CdcForegroundService    com.cdccreditsmart.app               I  ✅ Todos os serviços inicializados com sucesso
2025-12-04 21:30:10.238 18848-18848 os.FrameworkDoorMan     com.cdccreditsmart.app               D  add field mTypefaceNative to class android.graphics.Paint by source-modified.
2025-12-04 21:30:10.238 18848-18848 os.FrameworkDoorMan     com.cdccreditsmart.app               D  add field mOSTypefaceFlag to class android.graphics.Paint by source-modified.
2025-12-04 21:30:10.336 18848-18848 View                    com.cdccreditsmart.app               D  [ANR Warning]onMeasure time too long, this =androidx.compose.ui.platform.AndroidComposeView{17f484b VFED..... ......I. 0,0-0,0}time =525 ms
2025-12-04 21:30:10.336 18848-18848 View                    com.cdccreditsmart.app               D  [ANR Warning]onMeasure time too long, this =androidx.compose.ui.platform.ComposeView{9feb04d V.E...... ......I. 0,0-0,0}time =525 ms
2025-12-04 21:30:10.336 18848-18848 View                    com.cdccreditsmart.app               D  [ANR Warning]onMeasure time too long, this =android.widget.FrameLayout{7285a50 V.E...... ......I. 0,0-0,0 #1020002 android:id/content}time =525 ms
2025-12-04 21:30:10.337 18848-18848 View                    com.cdccreditsmart.app               D  [ANR Warning]onMeasure time too long, this =android.widget.LinearLayout{1930449 V.E...... ......I. 0,0-0,0}time =526 ms
2025-12-04 21:30:10.337 18848-18848 View                    com.cdccreditsmart.app               D  [ANR Warning]onMeasure time too long, this =DecorView@1aa28ae[MainActivity]time =526 ms
2025-12-04 21:30:10.346 18848-18848 BufferQueueConsumer     com.cdccreditsmart.app               D  [](id:49a000000000,api:0,p:-1,c:18848) connect: controlledByApp=false
2025-12-04 21:30:10.348 18848-18848 BLASTBufferQueue        com.cdccreditsmart.app               D  [VRI[MainActivity]#0](f:0,a:0) constructor()
2025-12-04 21:30:10.348 18848-18848 BLASTBufferQueue        com.cdccreditsmart.app               D  [VRI[MainActivity]#0](f:0,a:0) update width=1080 height=2436 format=-3 mTransformHint=0
2025-12-04 21:30:10.353 18848-25286 libMEOW                 com.cdccreditsmart.app               D  meow new tls: 0xb400007672b630d0
2025-12-04 21:30:10.353 18848-25286 libMEOW                 com.cdccreditsmart.app               D  applied 1 plugins for [com.cdccreditsmart.app]:
2025-12-04 21:30:10.353 18848-25286 libMEOW                 com.cdccreditsmart.app               D    plugin 1: [libMEOW_gift.so]: 0xb400007592aab840
2025-12-04 21:30:10.353 18848-25286 libMEOW                 com.cdccreditsmart.app               D  rebuild call chain: 0xb400007672b93100
2025-12-04 21:30:10.437 18848-25286 MAGT_SYNC_FRAME         com.cdccreditsmart.app               D  MAGT Sync: MAGT is not supported. Disabling Sync.
2025-12-04 21:30:10.438 18848-25286 libc                    com.cdccreditsmart.app               W  Access denied finding property "vendor.mbrain.enabled"
2025-12-04 21:30:10.438 18848-25286 creditsmart.app         com.cdccreditsmart.app               D  MBrain is disabled
2025-12-04 21:30:10.438 18848-25286 creditsmart.app         com.cdccreditsmart.app               D  initMbrain failed
2025-12-04 21:30:10.460 18848-25286 GrallocExtra            com.cdccreditsmart.app               I  gralloc_extra_query:is_SW3D 0
2025-12-04 21:30:10.460 18848-25286 BLASTBufferQueue        com.cdccreditsmart.app               D  [VRI[MainActivity]#0](f:0,a:1) acquireNextBufferLocked size=1080x2436 mFrameNumber=1 applyTransaction=true mTimestamp=63647676063178(auto) mPendingTransactions.size=0 graphicBufferId=80951543595013 transform=0
2025-12-04 21:30:10.460 18848-25286 BLASTBufferQueue        com.cdccreditsmart.app               D  MS: debug.sf.msleep=0, bufferCount=2, ratio=0.900000
2025-12-04 21:30:10.460 18848-25286 libc                    com.cdccreditsmart.app               W  Access denied finding property "vendor.mbrain.enabled"
2025-12-04 21:30:10.460 18848-25286 creditsmart.app         com.cdccreditsmart.app               D  MBrain is disabled
2025-12-04 21:30:10.460 18848-25286 creditsmart.app         com.cdccreditsmart.app               D  initMbrain failed
2025-12-04 21:30:10.462 18848-18848 DisplayEventDispatcher  com.cdccreditsmart.app               W  Vsync time out! vsyncScheduleDelay=970ms
2025-12-04 21:30:10.463 18848-18848 Choreographer           com.cdccreditsmart.app               W  Already have a pending vsync event.  There should only be one at a time.
2025-12-04 21:30:10.463 18848-18848 Choreographer           com.cdccreditsmart.app               W  Already have a pending vsync event.  There should only be one at a time.
2025-12-04 21:30:10.463 18848-18848 Choreographer           com.cdccreditsmart.app               I  Skipped 115 frames!  The application may be doing too much work on its main thread.
2025-12-04 21:30:10.473 18848-18848 PermissionGateScreen    com.cdccreditsmart.app               I  ========================================
2025-12-04 21:30:10.473 18848-18848 PermissionGateScreen    com.cdccreditsmart.app               I  🚪 PERMISSION GATE SCREEN INICIADO
2025-12-04 21:30:10.473 18848-18848 PermissionGateScreen    com.cdccreditsmart.app               I  ========================================
2025-12-04 21:30:10.473 18848-18848 PermissionGateScreen    com.cdccreditsmart.app               I  Nível de privilégio: DEVICE_ADMIN
2025-12-04 21:30:10.473 18848-18848 PermissionGateScreen    com.cdccreditsmart.app               I  Permissões concedidas: 4
2025-12-04 21:30:10.474 18848-18848 PermissionGateScreen    com.cdccreditsmart.app               I  Permissões faltando: 0
2025-12-04 21:30:10.474 18848-18848 PermissionGateScreen    com.cdccreditsmart.app               I    ✅ Administrador do Dispositivo
2025-12-04 21:30:10.474 18848-18848 PermissionGateScreen    com.cdccreditsmart.app               I    ✅ Permissões Básicas
2025-12-04 21:30:10.474 18848-18848 PermissionGateScreen    com.cdccreditsmart.app               I    ✅ Monitoramento de Apps
2025-12-04 21:30:10.474 18848-18848 PermissionGateScreen    com.cdccreditsmart.app               I    ✅ Mostrar Alertas
2025-12-04 21:30:10.474 18848-18848 PermissionGateScreen    com.cdccreditsmart.app               I  ========================================
2025-12-04 21:30:10.474 18848-18848 PermissionGateScreen    com.cdccreditsmart.app               D  ⏰ Iniciando verificação periódica de permissões...
2025-12-04 21:30:10.489 18848-25239 HWUI                    com.cdccreditsmart.app               I  Davey! duration=1009ms; Flags=1, FrameTimelineVsyncId=-1, IntendedVsync=63646667197101, Vsync=63646667202639, InputEventId=0, HandleInputStart=63646667421024, AnimationStart=63646667422254, PerformTraversalsStart=63646667422947, DrawStart=63647611414254, FrameDeadline=63646677198024, FrameInterval=63646667202639, FrameStartTime=16666667, SyncQueued=63647652977639, SyncStart=63647653074562, IssueDrawCommandsStart=63647653917408, SwapBuffers=63647674869101, FrameCompleted=63647677182331, DequeueBufferDuration=13307, QueueBufferDuration=521000, GpuCompleted=63647677182331, SwapBuffersCompleted=63647677128793, DisplayPresentTime=184889752158208, CommandSubmissionCompleted=63647674869101, 
2025-12-04 21:30:10.528 18848-18848 InsetsController        com.cdccreditsmart.app               I  Insets animation onAnimationStart mShow:false, mDurationMs:340, types:statusBars
2025-12-04 21:30:10.534 18848-25239 HWUI                    com.cdccreditsmart.app               I  Davey! duration=1022ms; Flags=0, FrameTimelineVsyncId=8099971, IntendedVsync=63646714141563, Vsync=63647674537038, InputEventId=0, HandleInputStart=63647680249947, AnimationStart=63647680251178, PerformTraversalsStart=63647707139485, DrawStart=63647707539254, FrameDeadline=63647703869326, FrameInterval=63647679949716, FrameStartTime=8351265, SyncQueued=63647732798947, SyncStart=63647732883870, IssueDrawCommandsStart=63647732973639, SwapBuffers=63647734057716, FrameCompleted=63647737191485, DequeueBufferDuration=11769, QueueBufferDuration=524000, GpuCompleted=63647737191485, SwapBuffersCompleted=63647736785716, DisplayPresentTime=72904454214516736, CommandSubmissionCompleted=63647734057716, 
2025-12-04 21:30:10.652 18848-25298 WebSocketManager        com.cdccreditsmart.app               D  WebSocket connection opened
2025-12-04 21:30:10.652 18848-25298 WebSocketManager        com.cdccreditsmart.app               D  WebSocket connected for contract: VY9DB9EC
2025-12-04 21:30:10.652 18848-25298 WebSocketManager        com.cdccreditsmart.app               D  Starting heartbeat
2025-12-04 21:30:10.654 18848-25297 MdmCommandReceiver      com.cdccreditsmart.app               I  ✅ WebSocket MDM CONECTADO COM SUCESSO!
2025-12-04 21:30:10.654 18848-25297 MdmCommandReceiver      com.cdccreditsmart.app               D  ✅ Response code: 101
2025-12-04 21:30:10.655 18848-25265 MdmCommandReceiver      com.cdccreditsmart.app               I  🔄 Iniciando polling fallback MDM (intervalo: 30s)
2025-12-04 21:30:10.655 18848-25265 MdmCommandReceiver      com.cdccreditsmart.app               D  🔍 [Polling #1] Verificando comandos pendentes...
2025-12-04 21:30:10.657 18848-25265 SecureTokenStorage      com.cdccreditsmart.app               D  ⚠️ Usando Serial Number para MDM (IMEI indisponível): VY9DB9...
2025-12-04 21:30:10.657 18848-25265 MdmCommandReceiver      com.cdccreditsmart.app               D  🔍 Buscando comandos pendentes com identifier: VY9DB9EC...
2025-12-04 21:30:10.659 18848-25297 MdmCommandReceiver      com.cdccreditsmart.app               D  📥 Mensagem MDM recebida: {"type":"welcome","message":"Connected to unified WebSocket server","connectionId":"b7dbfe62-27ac-4c08-8881-4ed708bc5fe8","path":"/ws","routerKey":"device-control","timestamp":"2025-12-05T00:30:11.026Z","serverTime":"2025-12-05T00:30:11.026Z"}
2025-12-04 21:30:10.663 18848-25267 MdmCommandReceiver      com.cdccreditsmart.app               D  📥 JSON recebido: {"type":"welcome","message":"Connected to unified WebSocket server","connectionId":"b7dbfe62-27ac-4c08-8881-4ed708bc5fe8","path":"/ws","routerKey":"device-control","timestamp":"2025-12-05T00:30:11.026Z","serverTime":"2025-12-05T00:30:11.026Z"}
2025-12-04 21:30:10.898 18848-18848 InsetsController        com.cdccreditsmart.app               I  Insets animation onAnimationEnd
2025-12-04 21:30:10.899 18848-18848 InteractionJankMonitor  com.cdccreditsmart.app               W  Initializing without READ_DEVICE_CONFIG permission. enabled=false, interval=1, missedFrameThreshold=3, frameTimeThreshold=64, package=com.cdccreditsmart.app
2025-12-04 21:30:11.039 18848-25233 creditsmart.app         com.cdccreditsmart.app               I  Compiler allocated 6816KB to compile void android.view.ViewRootImpl.performTraversals()
2025-12-04 21:30:11.478 18848-18848 PermissionGateScreen    com.cdccreditsmart.app               I  ✅ TODAS AS PERMISSÕES CONCEDIDAS! Prosseguindo para o app...
2025-12-04 21:30:11.478 18848-18848 SettingsGuardService    com.cdccreditsmart.app               I  ▶️ Guard RETOMADO após fluxo de permissões
2025-12-04 21:30:11.776 18848-25339 okhttp.OkHttpClient     com.cdccreditsmart.app               I  --> GET https://cdccreditsmart.com/api/apk/device/VY9DB9EC/commands
2025-12-04 21:30:11.777 18848-25339 okhttp.OkHttpClient     com.cdccreditsmart.app               I  --> END GET
2025-12-04 21:30:11.795 18848-25267 MdmCommandReceiver      com.cdccreditsmart.app               D  📨 Tipo de mensagem: welcome
2025-12-04 21:30:11.795 18848-25267 MdmCommandReceiver      com.cdccreditsmart.app               D  👋 Mensagem de boas-vindas do servidor
2025-12-04 21:30:11.840 18848-18848 os.LiceInfo             com.cdccreditsmart.app               D  instance successfully. com.transsion.message.bank.v1.MessageBankLice@d175f12 from com.transsion.message.bank.IMessageBankLice
2025-12-04 21:30:11.840 18848-18848 TextSelection           com.cdccreditsmart.app               D  call hasMessage cause invalidateCache
2025-12-04 21:30:11.980 18848-18848 DeviceOwnerCheckVM      com.cdccreditsmart.app               I  ========================================
2025-12-04 21:30:11.980 18848-18848 DeviceOwnerCheckVM      com.cdccreditsmart.app               I  🔐 Verificando status de Device Owner...
2025-12-04 21:30:11.988 18848-25240 FdLeakLice              com.cdccreditsmart.app               D  FdLeakCheck app is not systemapp!!!
2025-12-04 21:30:12.010 18848-18848 NavController           com.cdccreditsmart.app               I  Ignoring popBackStack to route permission_gate as it was not found on the current back stack
2025-12-04 21:30:12.066 18848-18848 DeviceOwnerCheckVM      com.cdccreditsmart.app               I  ========================================
2025-12-04 21:30:12.066 18848-18848 DeviceOwnerCheckVM      com.cdccreditsmart.app               I  🔐 Verificando status de Device Owner...
2025-12-04 21:30:12.491 18848-18848 DeviceUtils             com.cdccreditsmart.app               D  Device Owner check: false
2025-12-04 21:30:12.491 18848-18848 DeviceUtils             com.cdccreditsmart.app               D  Samsung device: false (Manufacturer: INFINIX)
2025-12-04 21:30:12.492 18848-18848 DeviceOwnerCheckVM      com.cdccreditsmart.app               W  ❌ Dispositivo NÃO é Device Owner
2025-12-04 21:30:12.492 18848-18848 DeviceOwnerCheckVM      com.cdccreditsmart.app               W  Dispositivo: INFINIX Infinix X6880 (Android 15)
2025-12-04 21:30:12.492 18848-18848 DeviceOwnerCheckVM      com.cdccreditsmart.app               W  Samsung: false
2025-12-04 21:30:12.492 18848-18848 DeviceOwnerCheckVM      com.cdccreditsmart.app               I  ========================================
2025-12-04 21:30:12.588 18848-18848 DeviceUtils             com.cdccreditsmart.app               D  Device Owner check: false
2025-12-04 21:30:12.588 18848-18848 DeviceUtils             com.cdccreditsmart.app               D  Samsung device: false (Manufacturer: INFINIX)
2025-12-04 21:30:12.588 18848-18848 DeviceOwnerCheckVM      com.cdccreditsmart.app               W  ❌ Dispositivo NÃO é Device Owner
2025-12-04 21:30:12.588 18848-18848 DeviceOwnerCheckVM      com.cdccreditsmart.app               W  Dispositivo: INFINIX Infinix X6880 (Android 15)
2025-12-04 21:30:12.588 18848-18848 DeviceOwnerCheckVM      com.cdccreditsmart.app               W  Samsung: false
2025-12-04 21:30:12.589 18848-18848 DeviceOwnerCheckVM      com.cdccreditsmart.app               I  ========================================
2025-12-04 21:30:13.430 18848-18848 SettingsGuardService    com.cdccreditsmart.app               I  ▶️ Guard RETOMADO após fluxo de permissões
2025-12-04 21:30:13.473 18848-18848 TextSelection           com.cdccreditsmart.app               D  onUseCache cache=false
2025-12-04 21:30:13.538 18848-18848 DeviceOwnerCheckVM      com.cdccreditsmart.app               W  ⚠️ MODO DEBUG: Pulando verificação de Device Owner
2025-12-04 21:30:13.538 18848-18848 DeviceOwnerCheckVM      com.cdccreditsmart.app               W  ⚠️ ATENÇÃO: App pode não funcionar corretamente sem Device Owner
2025-12-04 21:30:13.629 18848-25339 okhttp.OkHttpClient     com.cdccreditsmart.app               I  <-- 200 https://cdccreditsmart.com/api/apk/device/VY9DB9EC/commands (1851ms)
2025-12-04 21:30:13.629 18848-25339 okhttp.OkHttpClient     com.cdccreditsmart.app               I  access-control-allow-credentials: true
2025-12-04 21:30:13.630 18848-25339 okhttp.OkHttpClient     com.cdccreditsmart.app               I  access-control-allow-headers: Origin, X-Requested-With, Content-Type, Accept, Authorization, x-client-key, x-client-token, x-client-secret, cache-control
2025-12-04 21:30:13.630 18848-25339 okhttp.OkHttpClient     com.cdccreditsmart.app               I  access-control-allow-methods: GET, POST, PUT, PATCH, DELETE, OPTIONS
2025-12-04 21:30:13.630 18848-25339 okhttp.OkHttpClient     com.cdccreditsmart.app               I  access-control-allow-origin: *
2025-12-04 21:30:13.630 18848-25339 okhttp.OkHttpClient     com.cdccreditsmart.app               I  access-control-max-age: 86400
2025-12-04 21:30:13.631 18848-25339 okhttp.OkHttpClient     com.cdccreditsmart.app               I  content-length: 105
2025-12-04 21:30:13.631 18848-25339 okhttp.OkHttpClient     com.cdccreditsmart.app               I  content-security-policy: default-src 'self'; script-src 'self' 'unsafe-inline' 'unsafe-eval' https://replit.com; style-src 'self' 'unsafe-inline' https://replit.com; img-src 'self' data: https:; font-src 'self' data: https://replit.com; connect-src 'self';
2025-12-04 21:30:13.631 18848-25339 okhttp.OkHttpClient     com.cdccreditsmart.app               I  content-type: application/json; charset=utf-8
2025-12-04 21:30:13.631 18848-25339 okhttp.OkHttpClient     com.cdccreditsmart.app               I  date: Fri, 05 Dec 2025 00:30:13 GMT
2025-12-04 21:30:13.631 18848-25339 okhttp.OkHttpClient     com.cdccreditsmart.app               I  etag: W/"69-8PetbeOP93W4v5dDvyWeYZadaf8"
2025-12-04 21:30:13.632 18848-25339 okhttp.OkHttpClient     com.cdccreditsmart.app               I  permissions-policy: geolocation=(), microphone=(), camera=()
2025-12-04 21:30:13.632 18848-25339 okhttp.OkHttpClient     com.cdccreditsmart.app               I  referrer-policy: strict-origin-when-cross-origin
2025-12-04 21:30:13.632 18848-25339 okhttp.OkHttpClient     com.cdccreditsmart.app               I  server: Google Frontend
2025-12-04 21:30:13.632 18848-25339 okhttp.OkHttpClient     com.cdccreditsmart.app               I  strict-transport-security: max-age=63072000; includeSubDomains
2025-12-04 21:30:13.632 18848-25339 okhttp.OkHttpClient     com.cdccreditsmart.app               I  strict-transport-security: max-age=31536000; includeSubDomains
2025-12-04 21:30:13.632 18848-25339 okhttp.OkHttpClient     com.cdccreditsmart.app               I  x-anti-fraud-protection: active
2025-12-04 21:30:13.632 18848-25339 okhttp.OkHttpClient     com.cdccreditsmart.app               I  x-certificate-pinning-enabled: false
2025-12-04 21:30:13.632 18848-25339 okhttp.OkHttpClient     com.cdccreditsmart.app               I  x-certificate-pinning-status: disabled-for-stability
2025-12-04 21:30:13.632 18848-25339 okhttp.OkHttpClient     com.cdccreditsmart.app               I  x-cloud-trace-context: 65908da82eaf9333706ecc7e659a56e0
2025-12-04 21:30:13.632 18848-25339 okhttp.OkHttpClient     com.cdccreditsmart.app               I  x-content-type-options: nosniff
2025-12-04 21:30:13.632 18848-25339 okhttp.OkHttpClient     com.cdccreditsmart.app               I  x-financial-data-protection: enabled
2025-12-04 21:30:13.632 18848-25339 okhttp.OkHttpClient     com.cdccreditsmart.app               I  x-frame-options: DENY
2025-12-04 21:30:13.633 18848-25339 okhttp.OkHttpClient     com.cdccreditsmart.app               I  x-transaction-security-level: maximum
2025-12-04 21:30:13.633 18848-25339 okhttp.OkHttpClient     com.cdccreditsmart.app               I  x-xss-protection: 1; mode=block
2025-12-04 21:30:13.633 18848-25339 okhttp.OkHttpClient     com.cdccreditsmart.app               I  via: 1.1 google
2025-12-04 21:30:13.633 18848-25339 okhttp.OkHttpClient     com.cdccreditsmart.app               I  alt-svc: h3=":443"; ma=2592000,h3-29=":443"; ma=2592000
2025-12-04 21:30:13.635 18848-25339 okhttp.OkHttpClient     com.cdccreditsmart.app               I  {"deviceId":"device_1764893130549_6se9ihqrhok","serialNumber":"VY9DB9EC","commandsCount":0,"commands":[]}
2025-12-04 21:30:13.635 18848-25339 okhttp.OkHttpClient     com.cdccreditsmart.app               I  <-- END HTTP (105-byte body)
2025-12-04 21:30:13.639 18848-25267 MdmCommandReceiver      com.cdccreditsmart.app               D  ✅ Nenhum comando pendente
2025-12-04 21:30:13.639 18848-25267 MdmCommandReceiver      com.cdccreditsmart.app               D  📊 Fetch duration: 2982ms
2025-12-04 21:30:13.755 18848-18848 RouterViewModel         com.cdccreditsmart.app               D  🚀 Iniciando verificação de autenticação...
2025-12-04 21:30:13.756 18848-25267 AuthOrchestrator        com.cdccreditsmart.app               D  🔐 Verificando autenticação...
2025-12-04 21:30:13.756 18848-25267 AuthOrchestrator        com.cdccreditsmart.app               D  🔄 ========== AUTO-DISCOVERY INICIADO ==========
2025-12-04 21:30:13.762 18848-25267 DeviceUtils             com.cdccreditsmart.app               E  SecurityException reading IMEI - permission denied (Ask Gemini)
                                                                                                    java.lang.SecurityException: getImeiForSlot: The uid 10291 does not meet the requirements to access device identifiers.
                                                                                                    	at android.os.Parcel.createExceptionOrNull(Parcel.java:3252)
                                                                                                    	at android.os.Parcel.createException(Parcel.java:3236)
                                                                                                    	at android.os.Parcel.readException(Parcel.java:3219)
                                                                                                    	at android.os.Parcel.readException(Parcel.java:3161)
                                                                                                    	at com.android.internal.telephony.ITelephony$Stub$Proxy.getImeiForSlot(ITelephony.java:12102)
                                                                                                    	at android.telephony.TelephonyManager.getImei(TelephonyManager.java:2356)
                                                                                                    	at android.telephony.TelephonyManager.getImei(TelephonyManager.java:2307)
