2025-12-08 15:54:38.371  6807-6892  HeartbeatManager        com.cdccreditsmart.app               I  ðŸ’“ Endpoint: POST /api/apk/device/heartbeat
2025-12-08 15:54:38.371  6807-6892  CdcForegroundService    com.cdccreditsmart.app               I  ðŸ’“ HeartbeatManager iniciado ANTES do WebSocket
2025-12-08 15:54:38.371  6807-6892  CdcForegroundService    com.cdccreditsmart.app               I  ðŸ“¡ ========================================
2025-12-08 15:54:38.371  6807-6892  CdcForegroundService    com.cdccreditsmart.app               I  ðŸ“¡ CONECTANDO WebSocket MDM...
2025-12-08 15:54:38.371  6807-6892  CdcForegroundService    com.cdccreditsmart.app               I  ðŸ“¡ ========================================
2025-12-08 15:54:38.371  6807-6892  CdcForegroundService    com.cdccreditsmart.app               I  ðŸ“¡ AuthToken length: 260 caracteres
2025-12-08 15:54:38.371  6807-6892  CdcForegroundService    com.cdccreditsmart.app               I  ðŸ“¡ AuthToken preview: eyJhbGciOiJIUzI1NiIs...
2025-12-08 15:54:38.371  6807-6892  CdcForegroundService    com.cdccreditsmart.app               I  ðŸ“¡ Contract code: XV8W5766
2025-12-08 15:54:38.371  6807-6892  CdcForegroundService    com.cdccreditsmart.app               I  ðŸ“¡ Chamando mdmReceiver.connectMdmWebSocket()...
2025-12-08 15:54:38.371  6807-6891  HeartbeatManager        com.cdccreditsmart.app               I  ðŸ’“ Enviando heartbeat IMEDIATO...
2025-12-08 15:54:38.427  6807-6892  SecureTokenStorage      com.cdccreditsmart.app               D  EncryptedSharedPreferences initialized successfully
2025-12-08 15:54:38.427  6807-6892  SecureTokenStorage      com.cdccreditsmart.app               D  âœ… Usando IMEI para MDM: 8674***199
2025-12-08 15:54:38.427  6807-6892  MdmCommandReceiver      com.cdccreditsmart.app               I  ðŸ”— ========================================
2025-12-08 15:54:38.427  6807-6892  MdmCommandReceiver      com.cdccreditsmart.app               I  ðŸ”— INICIANDO CONEXÃƒO WEBSOCKET MDM
2025-12-08 15:54:38.427  6807-6892  MdmCommandReceiver      com.cdccreditsmart.app               I  ðŸ”— ========================================
2025-12-08 15:54:38.427  6807-6892  MdmCommandReceiver      com.cdccreditsmart.app               I  ðŸ”— URL base: wss://cdccreditsmart.com/ws/mdm-policies
2025-12-08 15:54:38.427  6807-6892  MdmCommandReceiver      com.cdccreditsmart.app               I  ðŸ”— JWT Token presente: true
2025-12-08 15:54:38.427  6807-6892  MdmCommandReceiver      com.cdccreditsmart.app               I  ðŸ”— JWT Token length: 260
2025-12-08 15:54:38.427  6807-6892  MdmCommandReceiver      com.cdccreditsmart.app               I  ðŸ”— JWT Token preview: eyJhbGciOiJIUzI1NiIsInR5cCI6Ik...
2025-12-08 15:54:38.427  6807-6892  MdmCommandReceiver      com.cdccreditsmart.app               I  ðŸ”— Device identifier: 867400022047199
2025-12-08 15:54:38.427  6807-6892  MdmCommandReceiver      com.cdccreditsmart.app               D  ðŸ”— Criando WebSocket OkHttp...
2025-12-08 15:54:38.427  6807-6892  MdmCommandReceiver      com.cdccreditsmart.app               I  ðŸ”„ Iniciando polling IMEDIATAMENTE (nÃ£o esperar WebSocket)
2025-12-08 15:54:38.428  6807-6893  MdmCommandReceiver      com.cdccreditsmart.app               I  ðŸ”„ ========================================
2025-12-08 15:54:38.428  6807-6893  MdmCommandReceiver      com.cdccreditsmart.app               I  ðŸ”„ INICIANDO POLLING FALLBACK MDM
2025-12-08 15:54:38.428  6807-6893  MdmCommandReceiver      com.cdccreditsmart.app               I  ðŸ”„ ========================================
2025-12-08 15:54:38.428  6807-6893  MdmCommandReceiver      com.cdccreditsmart.app               I  ðŸ”„ Intervalo: 30 segundos
2025-12-08 15:54:38.428  6807-6893  MdmCommandReceiver      com.cdccreditsmart.app               I  ðŸ”„ Endpoint: GET /api/apk/device/{identifier}/commands
2025-12-08 15:54:38.428  6807-6893  MdmCommandReceiver      com.cdccreditsmart.app               I  ðŸ”„ Executando verificaÃ§Ã£o IMEDIATA de comandos...
2025-12-08 15:54:38.428  6807-6893  SecureTokenStorage      com.cdccreditsmart.app               D  âœ… Usando IMEI para MDM: 8674***199
2025-12-08 15:54:38.428  6807-6893  MdmCommandReceiver      com.cdccreditsmart.app               I  ðŸ” ========================================
2025-12-08 15:54:38.428  6807-6893  MdmCommandReceiver      com.cdccreditsmart.app               I  ðŸ” BUSCANDO COMANDOS PENDENTES
2025-12-08 15:54:38.428  6807-6893  MdmCommandReceiver      com.cdccreditsmart.app               I  ðŸ” ========================================
2025-12-08 15:54:38.428  6807-6893  MdmCommandReceiver      com.cdccreditsmart.app               I  ðŸ” Identifier: 867400022047199
2025-12-08 15:54:38.428  6807-6893  MdmCommandReceiver      com.cdccreditsmart.app               I  ðŸ” Endpoint: GET /api/apk/device/867400022047199/commands
2025-12-08 15:54:38.428  6807-6893  MdmCommandReceiver      com.cdccreditsmart.app               D  ðŸ” Executando requisiÃ§Ã£o HTTP (timeout: 15s)...
2025-12-08 15:54:38.429  6807-6892  MdmCommandReceiver      com.cdccreditsmart.app               D  ðŸ”— WebSocket request enviado - aguardando resposta...
2025-12-08 15:54:38.429  6807-6892  CdcForegroundService    com.cdccreditsmart.app               I  ðŸ“¡ ========================================
2025-12-08 15:54:38.429  6807-6892  CdcForegroundService    com.cdccreditsmart.app               I  ðŸ“¡ connectMdmWebSocket() CHAMADO - Aguardando conexÃ£o...
2025-12-08 15:54:38.429  6807-6892  CdcForegroundService    com.cdccreditsmart.app               I  ðŸ“¡ PrÃ³ximo log esperado: 'âœ… WebSocket MDM CONECTADO'
2025-12-08 15:54:38.429  6807-6892  CdcForegroundService    com.cdccreditsmart.app               I  ðŸ“¡ ========================================
2025-12-08 15:54:38.429  6807-6892  CdcForegroundService    com.cdccreditsmart.app               D  ðŸ“¡ Criando WebSocketManager (flow-status)...
2025-12-08 15:54:38.431  6807-6892  WebSocketManager        com.cdccreditsmart.app               D  Connecting to WebSocket: wss://cdccreditsmart.com/ws/flow-status
2025-12-08 15:54:38.431  6807-6892  CdcForegroundService    com.cdccreditsmart.app               I  ðŸ“¡ WebSocketManager inicializado
2025-12-08 15:54:38.431  6807-6892  CdcForegroundService    com.cdccreditsmart.app               I  ðŸ’¡ Overlay automÃ¡tico: PeriodicOverlayWorker (a cada 10min)
2025-12-08 15:54:38.432  6807-6892  HeartbeatWorker         com.cdccreditsmart.app               I  âœ… Heartbeat OTIMIZADO agendado via WorkManager
2025-12-08 15:54:38.432  6807-6892  HeartbeatWorker         com.cdccreditsmart.app               I     ðŸ“Š Intervalo: 60min (reduÃ§Ã£o de 75% vs 15min)
2025-12-08 15:54:38.432  6807-6892  HeartbeatWorker         com.cdccreditsmart.app               I     ðŸŽ¯ Economia: ~72 requisiÃ§Ãµes/dia por dispositivo
2025-12-08 15:54:38.434  6807-6892  IconProtectionWorker    com.cdccreditsmart.app               I  ðŸ“Œ IconProtectionWorker agendado (15 min)
2025-12-08 15:54:38.435  6807-6892  IconProtectionWorker    com.cdccreditsmart.app               I  ðŸ“Œ IconProtectionWorker executando agora
2025-12-08 15:54:38.435  6807-6892  CdcForegroundService    com.cdccreditsmart.app               I  ðŸ“Œ Worker de proteÃ§Ã£o do Ã­cone agendado e executando
2025-12-08 15:54:38.435  6807-6892  BlockingNotifWorker     com.cdccreditsmart.app               I  ðŸ“… Agendando verificaÃ§Ã£o de notificaÃ§Ãµes de bloqueio...
2025-12-08 15:54:38.435  6807-6892  BlockingNotifWorker     com.cdccreditsmart.app               I  âœ… Worker agendado para executar a cada 6h
2025-12-08 15:54:38.435  6807-6892  CdcForegroundService    com.cdccreditsmart.app               I  ðŸ“± Worker de notificaÃ§Ãµes de bloqueio agendado
2025-12-08 15:54:38.435  6807-6892  CdcForegroundService    com.cdccreditsmart.app               I  ðŸ”’ ========================================
2025-12-08 15:54:38.435  6807-6892  CdcForegroundService    com.cdccreditsmart.app               I  ðŸ”’ VERIFICANDO STUB PARA PERSISTÃŠNCIA
2025-12-08 15:54:38.435  6807-6892  CdcForegroundService    com.cdccreditsmart.app               I  ðŸ”’ ========================================
2025-12-08 15:54:38.437  6807-6892  StubManager             com.cdccreditsmart.app               D  Stub is NOT installed
2025-12-08 15:54:38.460  6807-6910  TamperDetection         com.cdccreditsmart.app               I  âœ… Boot reportado ao backend com sucesso!
2025-12-08 15:54:38.461  6807-6910  TamperDetection         com.cdccreditsmart.app               I     Success: true
2025-12-08 15:54:38.461  6807-6910  TamperDetection         com.cdccreditsmart.app               I     Status: 
2025-12-08 15:54:38.461  6807-6910  TamperDetection         com.cdccreditsmart.app               I     Message: 
2025-12-08 15:54:38.461  6807-6910  TamperDetection         com.cdccreditsmart.app               I     Device ID: device_1765148771462_4teww42p114
2025-12-08 15:54:38.461  6807-6910  TamperDetection         com.cdccreditsmart.app               I     Serial Number: XV8W5766
2025-12-08 15:54:38.461  6807-6910  TamperDetection         com.cdccreditsmart.app               I     Pending Commands: 9
2025-12-08 15:54:38.461  6807-6910  TamperDetection         com.cdccreditsmart.app               I     Server Time: 2025-12-08T18:54:37.791Z
2025-12-08 15:54:38.461  6807-6910  TamperDetection         com.cdccreditsmart.app               I     Config - Heartbeat Interval: 60000ms
2025-12-08 15:54:38.461  6807-6910  TamperDetection         com.cdccreditsmart.app               I     Config - Debug Logs: false
2025-12-08 15:54:38.461  6807-6910  TamperDetection         com.cdccreditsmart.app               I     Config - Compliance Check: true
2025-12-08 15:54:38.461  6807-6910  TamperDetection         com.cdccreditsmart.app               I  ðŸ“‹ ========================================
2025-12-08 15:54:38.461  6807-6910  TamperDetection         com.cdccreditsmart.app               I  ðŸ“‹ 9 comandos pendentes detectados!
2025-12-08 15:54:38.461  6807-6910  TamperDetection         com.cdccreditsmart.app               I  ðŸ“‹ Disparando busca de comandos...
2025-12-08 15:54:38.461  6807-6910  TamperDetection         com.cdccreditsmart.app               I  ðŸ“‹ ========================================
2025-12-08 15:54:38.471  6807-7093  okhttp.OkHttpClient     com.cdccreditsmart.app               I  --> GET https://cdccreditsmart.com/api/apk/device/867400022047199/commands
2025-12-08 15:54:38.471  6807-7093  okhttp.OkHttpClient     com.cdccreditsmart.app               I  --> END GET
2025-12-08 15:54:38.539  6807-6910  TamperDetection         com.cdccreditsmart.app               D  ðŸ“‹ Broadcast enviado para buscar comandos pendentes
2025-12-08 15:54:38.574  6807-6891  SecureTokenStorage      com.cdccreditsmart.app               D  EncryptedSharedPreferences initialized successfully
2025-12-08 15:54:38.578  6807-6891  HeartbeatManager        com.cdccreditsmart.app               D  ðŸ’“ Usando authToken (fallback)
2025-12-08 15:54:38.591  6807-6892  SecureTokenStorage      com.cdccreditsmart.app               D  EncryptedSharedPreferences initialized successfully
2025-12-08 15:54:38.595  6807-6892  ContractCodeStorage     com.cdccreditsmart.app               D  Retrieving contract code from storage
2025-12-08 15:54:38.608  6807-6938  JobInfo                 com.cdccreditsmart.app               W  Requested important-while-foreground flag for job12 is ignored and takes no effect
2025-12-08 15:54:38.661  6807-6891  HeartbeatManager        com.cdccreditsmart.app               D  ðŸ’“ Payload do heartbeat:
2025-12-08 15:54:38.661  6807-6891  HeartbeatManager        com.cdccreditsmart.app               D     deviceToken: eyJhbGciOiJIUzI1NiIs...
2025-12-08 15:54:38.661  6807-6891  HeartbeatManager        com.cdccreditsmart.app               D     currentBlockLevel: 5
2025-12-08 15:54:38.661  6807-6891  HeartbeatManager        com.cdccreditsmart.app               D     batteryLevel: 100
2025-12-08 15:54:38.661  6807-6891  HeartbeatManager        com.cdccreditsmart.app               D     isCharging: false
2025-12-08 15:54:38.661  6807-6891  HeartbeatManager        com.cdccreditsmart.app               D     currentSimImei: 867400...
2025-12-08 15:54:38.674  6807-6891  creditsmart.app         com.cdccreditsmart.app               I  Waiting for a blocking GC ClassLinker
2025-12-08 15:54:38.708  6807-7093  SecureTokenStorage      com.cdccreditsmart.app               D  EncryptedSharedPreferences initialized successfully
2025-12-08 15:54:38.814  6807-7299  IconProtectionWorker    com.cdccreditsmart.app               D  ðŸ” Verificando proteÃ§Ã£o do Ã­cone...
2025-12-08 15:54:38.939  6807-7299  LauncherIconProtector   com.cdccreditsmart.app               I  ðŸ“Œ Atalho nÃ£o encontrado - criando novo...
2025-12-08 15:54:38.968  6807-7267  WebSocketManager        com.cdccreditsmart.app               D  WebSocket connection opened
2025-12-08 15:54:38.968  6807-7267  WebSocketManager        com.cdccreditsmart.app               D  WebSocket connected for contract: XV8W5766
2025-12-08 15:54:38.969  6807-7267  WebSocketManager        com.cdccreditsmart.app               D  Starting heartbeat
2025-12-08 15:54:38.979  6807-7266  MdmCommandReceiver      com.cdccreditsmart.app               I  âœ… WebSocket MDM CONECTADO COM SUCESSO!
2025-12-08 15:54:38.979  6807-7266  MdmCommandReceiver      com.cdccreditsmart.app               D  âœ… Response code: 101
2025-12-08 15:54:38.979  6807-7266  MdmCommandReceiver      com.cdccreditsmart.app               I  â³ Aguardando 'auth_required' do servidor...
2025-12-08 15:54:38.979  6807-7266  MdmCommandReceiver      com.cdccreditsmart.app               D  â³ Polling jÃ¡ estÃ¡ ativo - ignorando chamada duplicada
2025-12-08 15:54:38.979  6807-6910  MdmCommandReceiver      com.cdccreditsmart.app               D  â° Watchdog cancelado (conexÃ£o resolvida)
2025-12-08 15:54:38.980  6807-6908  MdmCommandReceiver      com.cdccreditsmart.app               I  ðŸ’“ Iniciando ping manual JSON (intervalo: 25s)
2025-12-08 15:54:38.980  6807-6891  creditsmart.app         com.cdccreditsmart.app               I  WaitForGcToComplete blocked ClassLinker on Background for 306.140ms
2025-12-08 15:54:38.987  6807-7266  MdmCommandReceiver      com.cdccreditsmart.app               D  ðŸ“¥ Mensagem MDM recebida: {"type":"welcome","message":"Connected to unified WebSocket server","connectionId":"0807efcb-ab7c-4802-b94b-ce24721e0de8","path":"/ws/mdm-policies","routerKey":"mdm-policies","timestamp":"2025-12-08T18:54:38.823Z","serverTime":"2025-12-08T18:54:38.823Z"}
2025-12-08 15:54:39.019  6807-7299  LauncherIconProtector   com.cdccreditsmart.app               I  âœ… SolicitaÃ§Ã£o de atalho enviada ao launcher
2025-12-08 15:54:39.019  6807-7299  LauncherIconProtector   com.cdccreditsmart.app               I  ðŸ“Š Ãcone restaurado 2 vezes
2025-12-08 15:54:39.020  6807-7299  IconProtectionWorker    com.cdccreditsmart.app               I  ðŸ“Š EstatÃ­sticas: Ã­cone restaurado 2 vezes
2025-12-08 15:54:39.020  6807-7299  IconProtectionWorker    com.cdccreditsmart.app               D  âœ… VerificaÃ§Ã£o de Ã­cone concluÃ­da
2025-12-08 15:54:39.021  6807-6862  WM-WorkerWrapper        com.cdccreditsmart.app               I  Worker result SUCCESS for Work [ id=02075bc1-a973-4b8c-94bd-f08517b308b1, tags={ com.cdccreditsmart.app.workers.IconProtectionWorker } ]
2025-12-08 15:54:39.033  6807-7266  MdmCommandReceiver      com.cdccreditsmart.app               D  ðŸ“¥ Mensagem MDM recebida: {"type":"auth_required","message":"Please authenticate via message with serialNumber, deviceFingerprint or androidId","timeout":60,"timestamp":"2025-12-08T18:54:38.824Z"}
2025-12-08 15:54:39.033  6807-6909  MdmCommandReceiver      com.cdccreditsmart.app               D  ðŸ“¥ JSON recebido: {"type":"welcome","message":"Connected to unified WebSocket server","connectionId":"0807efcb-ab7c-4802-b94b-ce24721e0de8","path":"/ws/mdm-policies","routerKey":"mdm-policies","timestamp":"2025-12-08T18:54:38.823Z","serverTime":"2025-12-08T18:54:38.823Z"}
2025-12-08 15:54:39.034  6807-6908  MdmCommandReceiver      com.cdccreditsmart.app               D  ðŸ“¥ JSON recebido: {"type":"auth_required","message":"Please authenticate via message with serialNumber, deviceFingerprint or androidId","timeout":60,"timestamp":"2025-12-08T18:54:38.824Z"}
2025-12-08 15:54:39.071  6807-7093  okhttp.OkHttpClient     com.cdccreditsmart.app               I  <-- 404 https://cdccreditsmart.com/api/apk/device/867400022047199/commands (599ms)
2025-12-08 15:54:39.071  6807-7093  okhttp.OkHttpClient     com.cdccreditsmart.app               I  access-control-allow-credentials: true
2025-12-08 15:54:39.071  6807-7093  okhttp.OkHttpClient     com.cdccreditsmart.app               I  access-control-allow-headers: Origin, X-Requested-With, Content-Type, Accept, Authorization, x-client-key, x-client-token, x-client-secret, cache-control
2025-12-08 15:54:39.071  6807-7093  okhttp.OkHttpClient     com.cdccreditsmart.app               I  access-control-allow-methods: GET, POST, PUT, PATCH, DELETE, OPTIONS
2025-12-08 15:54:39.071  6807-7093  okhttp.OkHttpClient     com.cdccreditsmart.app               I  access-control-allow-origin: *
2025-12-08 15:54:39.071  6807-7093  okhttp.OkHttpClient     com.cdccreditsmart.app               I  access-control-max-age: 86400
2025-12-08 15:54:39.071  6807-7093  okhttp.OkHttpClient     com.cdccreditsmart.app               I  content-length: 108
2025-12-08 15:54:39.072  6807-7093  okhttp.OkHttpClient     com.cdccreditsmart.app               I  content-security-policy: default-src 'self'; script-src 'self' 'unsafe-inline' 'unsafe-eval' https://replit.com; style-src 'self' 'unsafe-inline' https://replit.com; img-src 'self' data: https:; font-src 'self' data: https://replit.com; connect-src 'self';
2025-12-08 15:54:39.072  6807-7093  okhttp.OkHttpClient     com.cdccreditsmart.app               I  content-type: application/json; charset=utf-8
2025-12-08 15:54:39.072  6807-7093  okhttp.OkHttpClient     com.cdccreditsmart.app               I  date: Mon, 08 Dec 2025 18:54:38 GMT
2025-12-08 15:54:39.072  6807-7093  okhttp.OkHttpClient     com.cdccreditsmart.app               I  etag: W/"6c-vuuciI00e6Pw0rqSTJRUmUCYNYs"
2025-12-08 15:54:39.072  6807-7093  okhttp.OkHttpClient     com.cdccreditsmart.app               I  permissions-policy: geolocation=(), microphone=(), camera=()
2025-12-08 15:54:39.072  6807-7093  okhttp.OkHttpClient     com.cdccreditsmart.app               I  referrer-policy: strict-origin-when-cross-origin
2025-12-08 15:54:39.072  6807-7093  okhttp.OkHttpClient     com.cdccreditsmart.app               I  strict-transport-security: max-age=63072000; includeSubDomains
2025-12-08 15:54:39.072  6807-7093  okhttp.OkHttpClient     com.cdccreditsmart.app               I  strict-transport-security: max-age=31536000; includeSubDomains
2025-12-08 15:54:39.072  6807-7093  okhttp.OkHttpClient     com.cdccreditsmart.app               I  x-anti-fraud-protection: active
2025-12-08 15:54:39.072  6807-7093  okhttp.OkHttpClient     com.cdccreditsmart.app               I  x-certificate-pinning-enabled: false
2025-12-08 15:54:39.072  6807-7093  okhttp.OkHttpClient     com.cdccreditsmart.app               I  x-certificate-pinning-status: disabled-for-stability
2025-12-08 15:54:39.072  6807-7093  okhttp.OkHttpClient     com.cdccreditsmart.app               I  x-content-type-options: nosniff
2025-12-08 15:54:39.072  6807-7093  okhttp.OkHttpClient     com.cdccreditsmart.app               I  x-financial-data-protection: enabled
2025-12-08 15:54:39.072  6807-7093  okhttp.OkHttpClient     com.cdccreditsmart.app               I  x-frame-options: DENY
2025-12-08 15:54:39.072  6807-7093  okhttp.OkHttpClient     com.cdccreditsmart.app               I  x-transaction-security-level: maximum
2025-12-08 15:54:39.072  6807-7093  okhttp.OkHttpClient     com.cdccreditsmart.app               I  x-xss-protection: 1; mode=block
2025-12-08 15:54:39.072  6807-7093  okhttp.OkHttpClient     com.cdccreditsmart.app               I  via: 1.1 google
2025-12-08 15:54:39.072  6807-7093  okhttp.OkHttpClient     com.cdccreditsmart.app               I  alt-svc: h3=":443"; ma=2592000,h3-29=":443"; ma=2592000
2025-12-08 15:54:39.073  6807-7093  okhttp.OkHttpClient     com.cdccreditsmart.app               I  {"error":"Dispositivo nÃ£o encontrado","hint":"Use IMEI, Serial Number ou Device ID do aparelho cadastrado"}
2025-12-08 15:54:39.073  6807-7093  okhttp.OkHttpClient     com.cdccreditsmart.app               I  <-- END HTTP (108-byte body)
2025-12-08 15:54:39.082  6807-6910  MdmCommandReceiver      com.cdccreditsmart.app               I  ðŸ” HTTP Response code: 404
2025-12-08 15:54:39.104  6807-6910  MdmCommandReceiver      com.cdccreditsmart.app               I  ðŸ” HTTP isSuccessful: false
2025-12-08 15:54:39.104  6807-6910  MdmCommandReceiver      com.cdccreditsmart.app               E  âŒ ========================================
2025-12-08 15:54:39.104  6807-6910  MdmCommandReceiver      com.cdccreditsmart.app               E  âŒ ERRO AO BUSCAR COMANDOS PENDENTES
2025-12-08 15:54:39.104  6807-6910  MdmCommandReceiver      com.cdccreditsmart.app               E  âŒ ========================================
2025-12-08 15:54:39.104  6807-6910  MdmCommandReceiver      com.cdccreditsmart.app               E  âŒ HTTP Status: 404
2025-12-08 15:54:39.104  6807-6910  MdmCommandReceiver      com.cdccreditsmart.app               E  âŒ HTTP Message: 
2025-12-08 15:54:39.104  6807-6910  MdmCommandReceiver      com.cdccreditsmart.app               E  âŒ Error body: {"error":"Dispositivo nÃ£o encontrado","hint":"Use IMEI, Serial Number ou Device ID do aparelho cadastrado"}
2025-12-08 15:54:39.104  6807-6910  MdmCommandReceiver      com.cdccreditsmart.app               E  âŒ ========================================
2025-12-08 15:54:39.104  6807-6910  MdmCommandReceiver      com.cdccreditsmart.app               E  âŒ Device nÃ£o encontrado no backend!
2025-12-08 15:54:39.104  6807-6910  MdmCommandReceiver      com.cdccreditsmart.app               E  âŒ Identifier usado: 867400022047199
2025-12-08 15:54:39.108  6807-6910  MdmCommandReceiver      com.cdccreditsmart.app               I  ðŸ” [Polling #1] Verificando comandos pendentes...
2025-12-08 15:54:39.164  6807-6910  SecureTokenStorage      com.cdccreditsmart.app               D  âœ… Usando IMEI para MDM: 8674***199
2025-12-08 15:54:39.164  6807-6910  MdmCommandReceiver      com.cdccreditsmart.app               I  ðŸ” ========================================
2025-12-08 15:54:39.164  6807-6910  MdmCommandReceiver      com.cdccreditsmart.app               I  ðŸ” BUSCANDO COMANDOS PENDENTES
2025-12-08 15:54:39.164  6807-6910  MdmCommandReceiver      com.cdccreditsmart.app               I  ðŸ” ========================================
2025-12-08 15:54:39.164  6807-6910  MdmCommandReceiver      com.cdccreditsmart.app               I  ðŸ” Identifier: 867400022047199
2025-12-08 15:54:39.164  6807-6910  MdmCommandReceiver      com.cdccreditsmart.app               I  ðŸ” Endpoint: GET /api/apk/device/867400022047199/commands
2025-12-08 15:54:39.169  6807-6910  MdmCommandReceiver      com.cdccreditsmart.app               D  ðŸ” Executando requisiÃ§Ã£o HTTP (timeout: 15s)...
2025-12-08 15:54:39.199  6807-6908  MdmCommandReceiver      com.cdccreditsmart.app               D  ðŸ“¨ Tipo de mensagem: auth_required
2025-12-08 15:54:39.199  6807-6908  MdmCommandReceiver      com.cdccreditsmart.app               W  âš ï¸ ========================================
2025-12-08 15:54:39.199  6807-6908  MdmCommandReceiver      com.cdccreditsmart.app               W  âš ï¸ AUTENTICAÃ‡ÃƒO REQUERIDA PELO SERVIDOR
2025-12-08 15:54:39.199  6807-6908  MdmCommandReceiver      com.cdccreditsmart.app               W  âš ï¸ ========================================
2025-12-08 15:54:39.199  6807-6908  MdmCommandReceiver      com.cdccreditsmart.app               W  âš ï¸ Reenviando mensagem de autenticaÃ§Ã£o...
2025-12-08 15:54:39.200  6807-6908  SecureTokenStorage      com.cdccreditsmart.app               D  âœ… Usando IMEI para MDM: 8674***199
2025-12-08 15:54:39.202  6807-6908  MdmCommandReceiver      com.cdccreditsmart.app               I  ðŸ” ========================================
2025-12-08 15:54:39.202  6807-6908  MdmCommandReceiver      com.cdccreditsmart.app               I  ðŸ” ENVIANDO AUTENTICAÃ‡ÃƒO WEBSOCKET
2025-12-08 15:54:39.202  6807-6908  MdmCommandReceiver      com.cdccreditsmart.app               I  ðŸ” ========================================
2025-12-08 15:54:39.202  6807-6909  MdmCommandReceiver      com.cdccreditsmart.app               D  ðŸ“¨ Tipo de mensagem: welcome
2025-12-08 15:54:39.202  6807-6909  MdmCommandReceiver      com.cdccreditsmart.app               D  ðŸ‘‹ Mensagem de boas-vindas do servidor
2025-12-08 15:54:39.202  6807-6908  MdmCommandReceiver      com.cdccreditsmart.app               I  ðŸ” serialNumber: 86740002...
2025-12-08 15:54:39.202  6807-6908  MdmCommandReceiver      com.cdccreditsmart.app               I  ðŸ” deviceToken: eyJhbGciOiJIUzI1NiIs...
2025-12-08 15:54:39.202  6807-6908  MdmCommandReceiver      com.cdccreditsmart.app               I  ðŸ” deviceFingerprint: N/A...
2025-12-08 15:54:39.202  6807-6908  MdmCommandReceiver      com.cdccreditsmart.app               I  ðŸ” imei: 8674***
2025-12-08 15:54:39.202  6807-6908  MdmCommandReceiver      com.cdccreditsmart.app               I  ðŸ” androidId: f3834653...
2025-12-08 15:54:39.202  6807-6908  MdmCommandReceiver      com.cdccreditsmart.app               I  ðŸ” apkVersion: 1.0.0-debug
2025-12-08 15:54:39.202  6807-6908  MdmCommandReceiver      com.cdccreditsmart.app               I  âœ… Mensagem de autenticaÃ§Ã£o enviada com sucesso (7 campos)
2025-12-08 15:54:39.206  6807-7093  okhttp.OkHttpClient     com.cdccreditsmart.app               I  --> GET https://cdccreditsmart.com/api/apk/device/867400022047199/commands
2025-12-08 15:54:39.207  6807-7093  okhttp.OkHttpClient     com.cdccreditsmart.app               I  --> END GET
2025-12-08 15:54:39.559  6807-7093  SecureTokenStorage      com.cdccreditsmart.app               D  EncryptedSharedPreferences initialized successfully
2025-12-08 15:54:39.564  6807-7266  MdmCommandReceiver      com.cdccreditsmart.app               D  ðŸ“¥ Mensagem MDM recebida: {"type":"error","message":"MDM policy processing failed","timestamp":"2025-12-08T18:54:39.371Z"}
2025-12-08 15:54:39.565  6807-6908  MdmCommandReceiver      com.cdccreditsmart.app               D  ðŸ“¥ JSON recebido: {"type":"error","message":"MDM policy processing failed","timestamp":"2025-12-08T18:54:39.371Z"}
2025-12-08 15:54:39.565  6807-6908  MdmCommandReceiver      com.cdccreditsmart.app               D  ðŸ“¨ Tipo de mensagem: error
2025-12-08 15:54:39.565  6807-6908  MdmCommandReceiver      com.cdccreditsmart.app               D  ðŸ“¨ Mensagem tipo desconhecido: error
2025-12-08 15:54:39.617  6807-6892  ContractCodeStorage     com.cdccreditsmart.app               D  Storage verification: 7 valid, 0 tampered, 0 missing
2025-12-08 15:54:39.617  6807-6892  ContractCodeStorage     com.cdccreditsmart.app               D  Contract code retrieved successfully
2025-12-08 15:54:39.617  6807-6892  StubManager             com.cdccreditsmart.app               D  Enrollment complete: true (deviceId=device_176..., contractCode=XV8W57...)
2025-12-08 15:54:39.617  6807-6892  StubManager             com.cdccreditsmart.app               D  Stub APK not found in assets: cdc_stub.apk
2025-12-08 15:54:39.623  6807-6909  SettingsGuardService    com.cdccreditsmart.app               D  ðŸ“‹ Activity check - Full: com.android.launcher3.dragndrop.AddItemActivity, Simple: AddItemActivity
2025-12-08 15:54:39.627  6807-6892  CdcForegroundService    com.cdccreditsmart.app               I  ðŸ”’ Stub instalado: false
2025-12-08 15:54:39.627  6807-6892  CdcForegroundService    com.cdccreditsmart.app               I  ðŸ”’ Enrollment completo: true
2025-12-08 15:54:39.627  6807-6892  CdcForegroundService    com.cdccreditsmart.app               I  ðŸ”’ APK em assets: false
2025-12-08 15:54:39.627  6807-6892  CdcForegroundService    com.cdccreditsmart.app               I  ðŸ”’ Device Owner: true
2025-12-08 15:54:39.627  6807-6892  CdcForegroundService    com.cdccreditsmart.app               I  ðŸ”’ Pode instalar: false
2025-12-08 15:54:39.630  6807-6892  ContractCodeStorage     com.cdccreditsmart.app               D  Retrieving contract code from storage
2025-12-08 15:54:39.822  7106-7106  nativeloader            com.cdccreditsmart.app               D  Configuring clns-9 for other apk /data/app/~~HE8kGLhrno_vic_mC5SI6A==/com.cdccreditsmart.app-h44BymX6Uher-os7f-_Tiw==/base.apk. target_sdk_version=35, uses_libraries=, library_path=/data/app/~~HE8kGLhrno_vic_mC5SI6A==/com.cdccreditsmart.app-h44BymX6Uher-os7f-_Tiw==/lib/x86_64:/data/app/~~HE8kGLhrno_vic_mC5SI6A==/com.cdccreditsmart.app-h44BymX6Uher-os7f-_Tiw==/base.apk!/lib/x86_64, permitted_path=/data:/mnt/expand:/data/user/10/com.cdccreditsmart.app
2025-12-08 15:54:39.839  7106-7106  CompatChangeReporter    com.cdccreditsmart.app               D  Compat change id reported: 202956589; UID 1010217; state: ENABLED
2025-12-08 15:54:39.872  7106-7106  creditsmart.app         com.cdccreditsmart.app               I  AssetManager2(0x75fc727113d8) locale list changing from [] to [en-US]
2025-12-08 15:54:39.877  6807-7427  okhttp.OkHttpClient     com.cdccreditsmart.app               I  --> POST https://cdccreditsmart.com/api/apk/device/heartbeat
2025-12-08 15:54:39.878  6807-7427  okhttp.OkHttpClient     com.cdccreditsmart.app               I  Content-Type: application/json; charset=UTF-8
2025-12-08 15:54:39.878  6807-7427  okhttp.OkHttpClient     com.cdccreditsmart.app               I  Content-Length: 399
2025-12-08 15:54:39.878  6807-7427  okhttp.OkHttpClient     com.cdccreditsmart.app               I  Authorization: Bearer eyJhbGciOiJIUzI1NiIsInR5cCI6IkpXVCJ9.eyJkZXZpY2VJZCI6ImRldmljZV8xNzY1MTQ4NzcxNDYyXzR0ZXd3NDJwMTE0IiwiYXBrVG9rZW4iOiJYVjhXNTc2NiIsInR5cGUiOiJhcGsiLCJleHBpcmVzSW4iOiIyNGgiLCJpYXQiOjE3NjUyMjAwNDYsImV4cCI6MTc2NTMwNjQ0Nn0.JS4MbfDYP6s-XTfU6wYbAiLRwzVb9giWuE2FtgHlGzc
2025-12-08 15:54:39.880  6807-7427  okhttp.OkHttpClient     com.cdccreditsmart.app               I  {"deviceToken":"eyJhbGciOiJIUzI1NiIsInR5cCI6IkpXVCJ9.eyJkZXZpY2VJZCI6ImRldmljZV8xNzY1MTQ4NzcxNDYyXzR0ZXd3NDJwMTE0IiwiYXBrVG9rZW4iOiJYVjhXNTc2NiIsInR5cGUiOiJhcGsiLCJleHBpcmVzSW4iOiIyNGgiLCJpYXQiOjE3NjUyMjAwNDYsImV4cCI6MTc2NTMwNjQ0Nn0.JS4MbfDYP6s-XTfU6wYbAiLRwzVb9giWuE2FtgHlGzc","currentBlockLevel":5,"batteryLevel":100,"isCharging":false,"currentSimImei":"867400022047199","timestamp":1765220078661}
2025-12-08 15:54:39.881  6807-7427  okhttp.OkHttpClient     com.cdccreditsmart.app               I  --> END POST (399-byte body)
2025-12-08 15:54:39.978  6807-7427  SecureTokenStorage      com.cdccreditsmart.app               D  EncryptedSharedPreferences initialized successfully
2025-12-08 15:54:40.047  6807-7093  okhttp.OkHttpClient     com.cdccreditsmart.app               I  <-- 404 https://cdccreditsmart.com/api/apk/device/867400022047199/commands (816ms)
2025-12-08 15:54:40.047  6807-7093  okhttp.OkHttpClient     com.cdccreditsmart.app               I  access-control-allow-credentials: true
2025-12-08 15:54:40.047  6807-7093  okhttp.OkHttpClient     com.cdccreditsmart.app               I  access-control-allow-headers: Origin, X-Requested-With, Content-Type, Accept, Authorization, x-client-key, x-client-token, x-client-secret, cache-control
2025-12-08 15:54:40.076  6807-7093  okhttp.OkHttpClient     com.cdccreditsmart.app               I  access-control-allow-methods: GET, POST, PUT, PATCH, DELETE, OPTIONS
2025-12-08 15:54:40.077  6807-7093  okhttp.OkHttpClient     com.cdccreditsmart.app               I  access-control-allow-origin: *
2025-12-08 15:54:40.077  6807-7093  okhttp.OkHttpClient     com.cdccreditsmart.app               I  access-control-max-age: 86400
2025-12-08 15:54:40.077  6807-7093  okhttp.OkHttpClient     com.cdccreditsmart.app               I  content-length: 108
2025-12-08 15:54:40.077  6807-7093  okhttp.OkHttpClient     com.cdccreditsmart.app               I  content-security-policy: default-src 'self'; script-src 'self' 'unsafe-inline' 'unsafe-eval' https://replit.com; style-src 'self' 'unsafe-inline' https://replit.com; img-src 'self' data: https:; font-src 'self' data: https://replit.com; connect-src 'self';
2025-12-08 15:54:40.077  6807-7093  okhttp.OkHttpClient     com.cdccreditsmart.app               I  content-type: application/json; charset=utf-8
2025-12-08 15:54:40.077  6807-7093  okhttp.OkHttpClient     com.cdccreditsmart.app               I  date: Mon, 08 Dec 2025 18:54:39 GMT
2025-12-08 15:54:40.077  6807-7093  okhttp.OkHttpClient     com.cdccreditsmart.app               I  etag: W/"6c-vuuciI00e6Pw0rqSTJRUmUCYNYs"
2025-12-08 15:54:40.077  6807-7093  okhttp.OkHttpClient     com.cdccreditsmart.app               I  permissions-policy: geolocation=(), microphone=(), camera=()
2025-12-08 15:54:40.077  6807-7093  okhttp.OkHttpClient     com.cdccreditsmart.app               I  referrer-policy: strict-origin-when-cross-origin
2025-12-08 15:54:40.077  6807-7093  okhttp.OkHttpClient     com.cdccreditsmart.app               I  strict-transport-security: max-age=63072000; includeSubDomains
2025-12-08 15:54:40.077  6807-7093  okhttp.OkHttpClient     com.cdccreditsmart.app               I  strict-transport-security: max-age=31536000; includeSubDomains
2025-12-08 15:54:40.077  6807-7093  okhttp.OkHttpClient     com.cdccreditsmart.app               I  x-anti-fraud-protection: active
2025-12-08 15:54:40.077  6807-7093  okhttp.OkHttpClient     com.cdccreditsmart.app               I  x-certificate-pinning-enabled: false
2025-12-08 15:54:40.077  6807-7093  okhttp.OkHttpClient     com.cdccreditsmart.app               I  x-certificate-pinning-status: disabled-for-stability
2025-12-08 15:54:40.077  6807-7093  okhttp.OkHttpClient     com.cdccreditsmart.app               I  x-content-type-options: nosniff
2025-12-08 15:54:40.077  6807-7093  okhttp.OkHttpClient     com.cdccreditsmart.app               I  x-financial-data-protection: enabled
2025-12-08 15:54:40.077  6807-7093  okhttp.OkHttpClient     com.cdccreditsmart.app               I  x-frame-options: DENY
2025-12-08 15:54:40.077  6807-7093  okhttp.OkHttpClient     com.cdccreditsmart.app               I  x-transaction-security-level: maximum
2025-12-08 15:54:40.077  6807-7093  okhttp.OkHttpClient     com.cdccreditsmart.app               I  x-xss-protection: 1; mode=block
2025-12-08 15:54:40.077  6807-7093  okhttp.OkHttpClient     com.cdccreditsmart.app               I  via: 1.1 google
2025-12-08 15:54:40.077  6807-7093  okhttp.OkHttpClient     com.cdccreditsmart.app               I  alt-svc: h3=":443"; ma=2592000,h3-29=":443"; ma=2592000
2025-12-08 15:54:40.077  6807-7093  okhttp.OkHttpClient     com.cdccreditsmart.app               I  {"error":"Dispositivo nÃ£o encontrado","hint":"Use IMEI, Serial Number ou Device ID do aparelho cadastrado"}
2025-12-08 15:54:40.077  6807-7093  okhttp.OkHttpClient     com.cdccreditsmart.app               I  <-- END HTTP (108-byte body)
2025-12-08 15:54:40.078  6807-6891  MdmCommandReceiver      com.cdccreditsmart.app               I  ðŸ” HTTP Response code: 404
2025-12-08 15:54:40.078  6807-6891  MdmCommandReceiver      com.cdccreditsmart.app               I  ðŸ” HTTP isSuccessful: false
2025-12-08 15:54:40.078  6807-6891  MdmCommandReceiver      com.cdccreditsmart.app               E  âŒ ========================================
2025-12-08 15:54:40.078  6807-6891  MdmCommandReceiver      com.cdccreditsmart.app               E  âŒ ERRO AO BUSCAR COMANDOS PENDENTES
2025-12-08 15:54:40.078  6807-6891  MdmCommandReceiver      com.cdccreditsmart.app               E  âŒ ========================================
2025-12-08 15:54:40.078  6807-6891  MdmCommandReceiver      com.cdccreditsmart.app               E  âŒ HTTP Status: 404
2025-12-08 15:54:40.078  6807-6891  MdmCommandReceiver      com.cdccreditsmart.app               E  âŒ HTTP Message: 
2025-12-08 15:54:40.078  6807-6891  MdmCommandReceiver      com.cdccreditsmart.app               E  âŒ Error body: {"error":"Dispositivo nÃ£o encontrado","hint":"Use IMEI, Serial Number ou Device ID do aparelho cadastrado"}
2025-12-08 15:54:40.078  6807-6891  MdmCommandReceiver      com.cdccreditsmart.app               E  âŒ ========================================
2025-12-08 15:54:40.078  6807-6891  MdmCommandReceiver      com.cdccreditsmart.app               E  âŒ Device nÃ£o encontrado no backend!
2025-12-08 15:54:40.078  6807-6891  MdmCommandReceiver      com.cdccreditsmart.app               E  âŒ Identifier usado: 867400022047199
2025-12-08 15:54:40.094  7106-7106  GraphicsEnvironment     com.cdccreditsmart.app               V  Currently set values for:
2025-12-08 15:54:40.094  7106-7106  GraphicsEnvironment     com.cdccreditsmart.app               V    angle_gl_driver_selection_pkgs=[]
2025-12-08 15:54:40.094  7106-7106  GraphicsEnvironment     com.cdccreditsmart.app               V    angle_gl_driver_selection_values=[]
2025-12-08 15:54:40.094  7106-7106  GraphicsEnvironment     com.cdccreditsmart.app               V  com.cdccreditsmart.app is not listed in per-application setting
2025-12-08 15:54:40.094  7106-7106  GraphicsEnvironment     com.cdccreditsmart.app               V  ANGLE allowlist from config: com.dreamgames.royalmatch com.dts.freefiremax com.dxx.firenow com.gramgames.mergedragons com.ludo.king com.mojang.minecraftpe com.my.defense com.nintendo.zaka com.os.airforce com.playrix.fishdomdd.gplay io.teslatech.callbreak jp.konami.prospia net.peakgames.toonblast
2025-12-08 15:54:40.094  7106-7106  GraphicsEnvironment     com.cdccreditsmart.app               V  com.cdccreditsmart.app is not listed in ANGLE allowlist or settings, returning default
2025-12-08 15:54:40.129  7106-7106  GraphicsEnvironment     com.cdccreditsmart.app               V  Neither updatable production driver nor prerelease driver is supported.
2025-12-08 15:54:40.238  6807-6891  SettingsGuardService    com.cdccreditsmart.app               D  ðŸ“‹ Activity check - Full: com.android.launcher3.dragndrop.AddItemActivity, Simple: AddItemActivity
2025-12-08 15:54:40.412  7106-7106  creditsmart.app         com.cdccreditsmart.app               W  Verification of void com.cdccreditsmart.app.CDCApplication.<init>() took 106.983ms (243.03 bytecodes/s) (0B arena alloc)
2025-12-08 15:54:40.545  6807-7427  okhttp.OkHttpClient     com.cdccreditsmart.app               I  <-- 200 https://cdccreditsmart.com/api/apk/device/heartbeat (661ms)
2025-12-08 15:54:40.545  6807-7427  okhttp.OkHttpClient     com.cdccreditsmart.app               I  access-control-allow-credentials: true
2025-12-08 15:54:40.545  6807-7427  okhttp.OkHttpClient     com.cdccreditsmart.app               I  access-control-allow-headers: Origin, X-Requested-With, Content-Type, Accept, Authorization, x-client-key, x-client-token, x-client-secret, cache-control
2025-12-08 15:54:40.545  6807-7427  okhttp.OkHttpClient     com.cdccreditsmart.app               I  access-control-allow-methods: GET, POST, PUT, PATCH, DELETE, OPTIONS
2025-12-08 15:54:40.545  6807-7427  okhttp.OkHttpClient     com.cdccreditsmart.app               I  access-control-allow-origin: *
2025-12-08 15:54:40.545  6807-7427  okhttp.OkHttpClient     com.cdccreditsmart.app               I  access-control-max-age: 86400
2025-12-08 15:54:40.545  6807-7427  okhttp.OkHttpClient     com.cdccreditsmart.app               I  content-length: 350
2025-12-08 15:54:40.545  6807-7427  okhttp.OkHttpClient     com.cdccreditsmart.app               I  content-security-policy: default-src 'self'; script-src 'self' 'unsafe-inline' 'unsafe-eval' https://replit.com; style-src 'self' 'unsafe-inline' https://replit.com; img-src 'self' data: https:; font-src 'self' data: https://replit.com; connect-src 'self';
2025-12-08 15:54:40.545  6807-7427  okhttp.OkHttpClient     com.cdccreditsmart.app               I  content-type: application/json; charset=utf-8
2025-12-08 15:54:40.545  6807-7427  okhttp.OkHttpClient     com.cdccreditsmart.app               I  date: Mon, 08 Dec 2025 18:54:40 GMT
2025-12-08 15:54:40.545  6807-7427  okhttp.OkHttpClient     com.cdccreditsmart.app               I  etag: W/"15e-ouorwIF5kqABqjL5X7VRGrPWiHw"
2025-12-08 15:54:40.545  6807-7427  okhttp.OkHttpClient     com.cdccreditsmart.app               I  permissions-policy: geolocation=(), microphone=(), camera=()
2025-12-08 15:54:40.545  6807-7427  okhttp.OkHttpClient     com.cdccreditsmart.app               I  referrer-policy: strict-origin-when-cross-origin
2025-12-08 15:54:40.545  6807-7427  okhttp.OkHttpClient     com.cdccreditsmart.app               I  strict-transport-security: max-age=63072000; includeSubDomains
2025-12-08 15:54:40.545  6807-7427  okhttp.OkHttpClient     com.cdccreditsmart.app               I  strict-transport-security: max-age=31536000; includeSubDomains
2025-12-08 15:54:40.545  6807-7427  okhttp.OkHttpClient     com.cdccreditsmart.app               I  x-anti-fraud-protection: active
2025-12-08 15:54:40.545  6807-7427  okhttp.OkHttpClient     com.cdccreditsmart.app               I  x-certificate-pinning-enabled: false
2025-12-08 15:54:40.545  6807-7427  okhttp.OkHttpClient     com.cdccreditsmart.app               I  x-certificate-pinning-status: disabled-for-stability
2025-12-08 15:54:40.545  6807-7427  okhttp.OkHttpClient     com.cdccreditsmart.app               I  x-content-type-options: nosniff
2025-12-08 15:54:40.545  6807-7427  okhttp.OkHttpClient     com.cdccreditsmart.app               I  x-financial-data-protection: enabled
2025-12-08 15:54:40.545  6807-7427  okhttp.OkHttpClient     com.cdccreditsmart.app               I  x-frame-options: DENY
2025-12-08 15:54:40.545  6807-7427  okhttp.OkHttpClient     com.cdccreditsmart.app               I  x-transaction-security-level: maximum
2025-12-08 15:54:40.545  6807-7427  okhttp.OkHttpClient     com.cdccreditsmart.app               I  x-xss-protection: 1; mode=block
2025-12-08 15:54:40.545  6807-7427  okhttp.OkHttpClient     com.cdccreditsmart.app               I  via: 1.1 google
2025-12-08 15:54:40.545  6807-7427  okhttp.OkHttpClient     com.cdccreditsmart.app               I  alt-svc: h3=":443"; ma=2592000,h3-29=":443"; ma=2592000
2025-12-08 15:54:40.546  6807-7537  ProfileInstaller        com.cdccreditsmart.app               D  Installing profile for com.cdccreditsmart.app
2025-12-08 15:54:40.557  6807-7427  okhttp.OkHttpClient     com.cdccreditsmart.app               I  {"success":true,"requiresBackendRevalidation":true,"phoneNumbersProcessed":false,"complianceStatus":"NON_COMPLIANT","expectedBlockLevel":6,"message":"Expected level 6, reported 5","complianceConfig":{"maxComplianceCorrections":3,"correctionWindowMinutes":30,"autoBlockOnLimitReached":true,"enableDetailedTelemetry":true,"telemetryIntervalMinutes":5}}
2025-12-08 15:54:40.558  6807-7427  okhttp.OkHttpClient     com.cdccreditsmart.app               I  <-- END HTTP (350-byte body)
2025-12-08 15:54:40.588  6807-6891  HeartbeatManager        com.cdccreditsmart.app               I  âœ… Heartbeat aceito pelo backend (HTTP 200)
2025-12-08 15:54:40.588  6807-6891  HeartbeatManager        com.cdccreditsmart.app               D  ðŸ“Š Resposta do heartbeat:
2025-12-08 15:54:40.588  6807-6891  HeartbeatManager        com.cdccreditsmart.app               D     success: true
2025-12-08 15:54:40.588  6807-6891  HeartbeatManager        com.cdccreditsmart.app               D     complianceStatus: NON_COMPLIANT
2025-12-08 15:54:40.588  6807-6891  HeartbeatManager        com.cdccreditsmart.app               D     expectedBlockLevel: 6
2025-12-08 15:54:40.588  6807-6891  HeartbeatManager        com.cdccreditsmart.app               D     requiresBackendRevalidation: true
2025-12-08 15:54:40.588  6807-6891  HeartbeatManager        com.cdccreditsmart.app               W  âš ï¸ Backend exige revalidaÃ§Ã£o de IMEI!
2025-12-08 15:54:40.588  6807-6891  HeartbeatManager        com.cdccreditsmart.app               W  
2025-12-08 15:54:40.588  6807-6891  HeartbeatManager        com.cdccreditsmart.app               W  â•”â•â•â•â•â•â•â•â•â•â•â•â•â•â•â•â•â•â•â•â•â•â•â•â•â•â•â•â•â•â•â•â•â•â•â•â•â•â•â•â•â•â•â•â•â•â•â•â•â•â•â•â•â•—
2025-12-08 15:54:40.588  6807-6891  HeartbeatManager        com.cdccreditsmart.app               W  â•‘  âš ï¸ DISPOSITIVO NÃƒO-CONFORME DETECTADO!          â•‘
2025-12-08 15:54:40.588  6807-6891  HeartbeatManager        com.cdccreditsmart.app               W  â• â•â•â•â•â•â•â•â•â•â•â•â•â•â•â•â•â•â•â•â•â•â•â•â•â•â•â•â•â•â•â•â•â•â•â•â•â•â•â•â•â•â•â•â•â•â•â•â•â•â•â•â•â•£
2025-12-08 15:54:40.588  6807-6891  HeartbeatManager        com.cdccreditsmart.app               W  â•‘  NÃ­vel atual: 5                              â•‘
2025-12-08 15:54:40.588  6807-6891  HeartbeatManager        com.cdccreditsmart.app               W  â•‘  NÃ­vel esperado: 6                            â•‘
2025-12-08 15:54:40.588  6807-6891  HeartbeatManager        com.cdccreditsmart.app               W  â•‘  Tentativa: 1/3                         â•‘
2025-12-08 15:54:40.588  6807-6891  HeartbeatManager        com.cdccreditsmart.app               W  â•šâ•â•â•â•â•â•â•â•â•â•â•â•â•â•â•â•â•â•â•â•â•â•â•â•â•â•â•â•â•â•â•â•â•â•â•â•â•â•â•â•â•â•â•â•â•â•â•â•â•â•â•â•â•
2025-12-08 15:54:40.588  6807-6891  HeartbeatManager        com.cdccreditsmart.app               W  
2025-12-08 15:54:40.588  6807-6891  HeartbeatManager        com.cdccreditsmart.app               I  ðŸ”§ Chamando forceComplianceCorrection(6)...
2025-12-08 15:54:40.588  6807-6891  AppBlockingManager      com.cdccreditsmart.app               W  âš ï¸ NÃƒO-CONFORMIDADE DETECTADA pelo backend!
2025-12-08 15:54:40.588  6807-6891  AppBlockingManager      com.cdccreditsmart.app               W     NÃ­vel atual (SharedPrefs): 5
2025-12-08 15:54:40.588  6807-6891  AppBlockingManager      com.cdccreditsmart.app               W     NÃ­vel esperado: 6
2025-12-08 15:54:40.588  6807-6891  AppBlockingManager      com.cdccreditsmart.app               I  ðŸ”§ Iniciando correÃ§Ã£o para nÃ­vel 6...
2025-12-08 15:54:40.602  6807-6891  AppBlockingManager      com.cdccreditsmart.app               I  âœ… App Ã© Device Owner - prosseguindo com correÃ§Ã£o
2025-12-08 15:54:40.603  6807-6891  AppBlockingManager      com.cdccreditsmart.app               I     â†’ Categorias para nÃ­vel 6: [SOCIAL_MEDIA, GAMING, ENTERTAINMENT, SHOPPING, PRODUCTIVITY, BROWSERS, CAMERAS]
2025-12-08 15:54:40.606  6807-6891  AppBlockingManager      com.cdccreditsmart.app               I     â†’ Chamando applyProgressiveBlock()...
2025-12-08 15:54:40.606  6807-6891  AppBlockingManager      com.cdccreditsmart.app               I  ðŸ”’ Aplicando bloqueio progressivo - NÃ­vel 6
2025-12-08 15:54:40.606  6807-6891  AppBlockingManager      com.cdccreditsmart.app               D  Dias de atraso: 0
2025-12-08 15:54:40.606  6807-6891  AppBlockingManager      com.cdccreditsmart.app               D  RazÃ£o: CorreÃ§Ã£o automÃ¡tica de conformidade
2025-12-08 15:54:40.606  6807-6891  AppBlockingManager      com.cdccreditsmart.app               D  Categorias recebidas: [SOCIAL_MEDIA, GAMING, ENTERTAINMENT, SHOPPING, PRODUCTIVITY, BROWSERS, CAMERAS]
2025-12-08 15:54:40.609  6807-6891  AppBlockingManager      com.cdccreditsmart.app               D  Estado anterior - NÃ­vel: 5, Categorias: [SOCIAL_MEDIA, GAMING, ENTERTAINMENT, SHOPPING, PRODUCTIVITY, games, streaming, social, shopping, productivity]
2025-12-08 15:54:40.609  6807-6891  AppBlockingManager      com.cdccreditsmart.app               D  Novo comando - NÃ­vel: 6, Categorias: [SOCIAL_MEDIA, GAMING, ENTERTAINMENT, SHOPPING, PRODUCTIVITY, BROWSERS, CAMERAS]
2025-12-08 15:54:40.609  6807-6891  AppBlockingManager      com.cdccreditsmart.app               I  âœ… NÃ­vel aumentou (5 â†’ 6): ACUMULANDO categorias
2025-12-08 15:54:40.609  6807-6891  AppBlockingManager      com.cdccreditsmart.app               I     Categorias CUMULATIVAS: [SOCIAL_MEDIA, GAMING, ENTERTAINMENT, SHOPPING, PRODUCTIVITY, games, streaming, social, shopping, productivity, BROWSERS, CAMERAS]
2025-12-08 15:54:40.610  6807-6891  AppBlockingManager      com.cdccreditsmart.app               D  ðŸ’¾ Categorias bloqueadas salvas: [SOCIAL_MEDIA, GAMING, ENTERTAINMENT, SHOPPING, PRODUCTIVITY, games, streaming, social, shopping, productivity, BROWSERS, CAMERAS]
2025-12-08 15:54:40.642  6807-6892  ContractCodeStorage     com.cdccreditsmart.app               D  Storage verification: 7 valid, 0 tampered, 0 missing
2025-12-08 15:54:40.642  6807-6892  ContractCodeStorage     com.cdccreditsmart.app               D  Contract code retrieved successfully
2025-12-08 15:54:40.642  6807-6892  StubManager             com.cdccreditsmart.app               D  Enrollment complete: true (deviceId=device_176..., contractCode=XV8W57...)
2025-12-08 15:54:40.643  7106-7106  FirebaseApp             com.cdccreditsmart.app               I  Device unlocked: initializing all Firebase APIs for app [DEFAULT]
2025-12-08 15:54:40.653  6807-6892  StubManager             com.cdccreditsmart.app               D  Stub is NOT installed
2025-12-08 15:54:40.653  6807-6892  StubManager             com.cdccreditsmart.app               D  Stub APK not found in assets: cdc_stub.apk
2025-12-08 15:54:40.653  6807-6892  StubManager             com.cdccreditsmart.app               W  Stub APK not found in assets - skipping installation
2025-12-08 15:54:40.658  6807-6892  CdcForegroundService    com.cdccreditsmart.app               W  ðŸ”’ âš ï¸ Stub APK nÃ£o encontrado em assets/
2025-12-08 15:54:40.658  6807-6892  CdcForegroundService    com.cdccreditsmart.app               I  ðŸ”’ ========================================
