2025-12-09 15:24:42.909  3568-3670  TrQuickste...ionManager pid-3568                             I  cancelTaskLaunchAnimator: null
2025-12-09 15:24:42.909 26847-26944 DataServiceImplV2       pid-26847                            I  StandardDataService notifyDataChange  in 
2025-12-09 15:24:42.910 26847-27259 DataServiceImplV2       pid-26847                            I  StandardDataService notifyDataChange  curServiceName StandardDataService type:activity_event
2025-12-09 15:24:42.911 26847-27259 Kolun_AI                pid-26847                            I  SystemEventSubscribe: onPublishData {"type":"activity_event","time":1765304682888,"data":"{\"className\":\"com.android.launcher3.uioverrides.QuickstepLauncher\",\"isResumed\":true,\"packageName\":\"com.transsion.XOSLauncher\"}","provider":"dc","dc_version":2030380000,"data_version":1,"user_id":0}
2025-12-09 15:24:42.911 26847-27259 Kolun_AI                pid-26847                            I  SystemEventSubscribe: publisher.getMatcher() activity_event
2025-12-09 15:24:42.911 26847-27259 ApiInvoke1.7.1          pid-26847                            I  SubscribeManager: publishData success host DataCenter#StandardDataService matcher activity_event
2025-12-09 15:24:42.912 26847-27259 ApiInvoke1.7.1          pid-26847                            W  SubscribeBusServerImpl: onSafePublishData start ==>> publisher Publisher{channel='DataCenter', apiName='StandardDataService', label='activity_event'}
2025-12-09 15:24:42.915  1556-3436  SettingsProvider        pid-1556                             V  name : launcher_static_window_anim appId : 10168
2025-12-09 15:24:42.915  1556-3436  SettingsProvider        pid-1556                             V  Package name : com.transsion.XOSLauncher privateFlags : -1402990328
2025-12-09 15:24:42.917  3568-3670  TrRectFSpringAnim       pid-3568                             D  onUpdate: RectF(46.178467, 24.83571, 1073.906, 2342.9321) Radius 54.0 alpha 1.0
2025-12-09 15:24:42.917  3568-3670  AsyncThreadAnimImpl     pid-3568                             I  record com.android.launcher3.views.AsyncImageView, prop: 4, value: 0.20610732
2025-12-09 15:24:42.920 26847-27259 ApiInvoke1.7.1          pid-26847                            W  SubscribeBusServerImpl: onSafePublishData, post publish data form DataCenter to {"pid": "26847","process": "com.transsion.kolun.aiservice","packageName": "com.transsion.kolun.aiservice","channels": ["com.transsion.kolun.aiservice","APPService","AiEngine","GlobalGuideChannel","DataCenter"],"version": "1.7.1"} pid 26847 isPublishLocal true isInvalidPublisher false
2025-12-09 15:24:42.925  3568-3670  TrRectFSpringAnim       pid-3568                             D  onUpdate: RectF(70.89218, 48.141994, 1062.877, 2273.684) Radius 54.34038 alpha 1.0
2025-12-09 15:24:42.925  3568-3670  AsyncThreadAnimImpl     pid-3568                             I  record com.android.launcher3.views.AsyncImageView, prop: 4, value: 0.16012412
2025-12-09 15:24:42.927 26847-27259 ApiInvoke1.7.1          pid-26847                            W  ApiRequest: do publishData to remote activity_event
2025-12-09 15:24:42.927 26847-27259 DataServiceImplV2       pid-26847                            I  StandardDataService notifyDataChange  curServiceName StandardDataService type:app_foreground
2025-12-09 15:24:42.927 26847-27259 Kolun_AI                pid-26847                            I  SystemEventSubscribe: onPublishData {"type":"app_foreground","time":1765304682889,"data":"{\"isForeground\":false,\"packageName\":\"com.cdccreditsmart.app\"}","provider":"dc","dc_version":2030380000,"data_version":1,"user_id":0}
2025-12-09 15:24:42.927 26847-27259 Kolun_AI                pid-26847                            I  SystemEventSubscribe: publisher.getMatcher() app_foreground
2025-12-09 15:24:42.928 26847-27259 Kolun_AI                pid-26847                            I  SystemEventSubscribeheh:SimpleEventBus post event AppForegroundEvent{mPackageName='com.cdccreditsmart.app', mIsForeground=false} 1765304682889
2025-12-09 15:24:42.930  1556-1813  Griffin/CleanManager    pid-1556                             I  dispatch clean index=12
2025-12-09 15:24:42.930  1556-1813  aegean_Tra...TasksProxy pid-1556                             D  FW_getTasks=8
2025-12-09 15:24:42.931 26847-27259 ApiInvoke1.7.1          pid-26847                            I  SubscribeManager: publishData success host DataCenter#StandardDataService matcher app_foreground
2025-12-09 15:24:42.931 26847-27259 ApiInvoke1.7.1          pid-26847                            W  SubscribeBusServerImpl: onSafePublishData start ==>> publisher Publisher{channel='DataCenter', apiName='StandardDataService', label='app_foreground'}
2025-12-09 15:24:42.931 26847-27259 ApiInvoke1.7.1          pid-26847                            W  SubscribeBusServerImpl: onSafePublishData, post publish data form DataCenter to {"pid": "26847","process": "com.transsion.kolun.aiservice","packageName": "com.transsion.kolun.aiservice","channels": ["com.transsion.kolun.aiservice","APPService","AiEngine","GlobalGuideChannel","DataCenter"],"version": "1.7.1"} pid 26847 isPublishLocal true isInvalidPublisher false
2025-12-09 15:24:42.932 26847-27259 ApiInvoke1.7.1          pid-26847                            W  ApiRequest: do publishData to remote app_foreground
2025-12-09 15:24:42.932 26847-27259 DataServiceImplV2       pid-26847                            I  StandardDataService notifyDataChange  curServiceName StandardDataService type:app_foreground
2025-12-09 15:24:42.932 26847-27259 Kolun_AI                pid-26847                            I  SystemEventSubscribe: onPublishData {"type":"app_foreground","time":1765304682890,"data":"{\"isForeground\":true,\"packageName\":\"com.transsion.XOSLauncher\"}","provider":"dc","dc_version":2030380000,"data_version":1,"user_id":0}
2025-12-09 15:24:42.932 26847-27259 Kolun_AI                pid-26847                            I  SystemEventSubscribe: publisher.getMatcher() app_foreground
2025-12-09 15:24:42.932 26847-27259 Kolun_AI                pid-26847                            I  SystemEventSubscribeheh:SimpleEventBus post event AppForegroundEvent{mPackageName='com.transsion.XOSLauncher', mIsForeground=true} 1765304682890
2025-12-09 15:24:42.932 26847-27259 ApiInvoke1.7.1          pid-26847                            I  SubscribeManager: publishData success host DataCenter#StandardDataService matcher app_foreground
2025-12-09 15:24:42.932 26847-27259 ApiInvoke1.7.1          pid-26847                            W  SubscribeBusServerImpl: onSafePublishData start ==>> publisher Publisher{channel='DataCenter', apiName='StandardDataService', label='app_foreground'}
2025-12-09 15:24:42.933 26847-27259 ApiInvoke1.7.1          pid-26847                            W  SubscribeBusServerImpl: onSafePublishData, post publish data form DataCenter to {"pid": "26847","process": "com.transsion.kolun.aiservice","packageName": "com.transsion.kolun.aiservice","channels": ["com.transsion.kolun.aiservice","APPService","AiEngine","GlobalGuideChannel","DataCenter"],"version": "1.7.1"} pid 26847 isPublishLocal true isInvalidPublisher false
2025-12-09 15:24:42.933  3568-3670  TrRectFSpringAnim       pid-3568                             D  onUpdate: RectF(97.66684, 78.266495, 1045.4336, 2174.1658) Radius 55.23257 alpha 1.0
2025-12-09 15:24:42.933 26847-27259 ApiInvoke1.7.1          pid-26847                            W  ApiRequest: do publishData to remote app_foreground
2025-12-09 15:24:42.933  3568-3670  AsyncThreadAnimImpl     pid-3568                             I  record com.android.launcher3.views.AsyncImageView, prop: 4, value: 0.116645746
2025-12-09 15:24:42.933 26847-26874 Kolun_AI                pid-26847                            I  SceneIdentify:onBusEvent AppForegroundEvent   com.cdccreditsmart.app, false, SceneIdentify
2025-12-09 15:24:42.933 26847-26874 Kolun_AI                pid-26847                            I  PreventAccidentalTouchScene:mIsSceneIn: false
2025-12-09 15:24:42.933 26847-26874 Kolun_AI                pid-26847                            I  SceneIdentify:checkShortVideo com.cdccreditsmart.app false 
2025-12-09 15:24:42.933 26847-26874 Kolun_AI                pid-26847                            I  SceneIdentify:isShortVideoPkg false
2025-12-09 15:24:42.933 26847-26874 Kolun_AI                pid-26847                            I  SceneIdentify:checkGameOut  com.cdccreditsmart.app, 
2025-12-09 15:24:42.933 26847-26874 Kolun_AI                pid-26847                            I  SceneIdentify:checkSocialOut  com.cdccreditsmart.app, 
2025-12-09 15:24:42.933 26847-26874 Kolun_AI                pid-26847                            I  AppPredictManager:onBusEvent com.cdccreditsmart.app false
2025-12-09 15:24:42.934 26847-26874 Kolun_AI                pid-26847                            I  SceneIdentify:onBusEvent AppForegroundEvent   com.transsion.XOSLauncher, true, SceneIdentify
2025-12-09 15:24:42.934 10187-29861 ProximityAuth           pid-10187                            I  [RecentAppsMediator] Package added: (user=UserHandle{0}) com.transsion.childmode.resoverlay
2025-12-09 15:24:42.934 26847-26874 Kolun_AI                pid-26847                            I  PreventAccidentalTouchScene:sceneIn
2025-12-09 15:24:42.934 26847-26874 Kolun_AI                pid-26847                            I  PreventAccidentalTouchScene:screenTouchMode: 0
2025-12-09 15:24:42.934 26847-26874 Kolun_AI                pid-26847                            I  PreventAccidentalTouchScene:mIsSceneIn: false
2025-12-09 15:24:42.934 26847-26874 Kolun_AI                pid-26847                            I  SceneIdentify:checkShortVideo com.transsion.XOSLauncher true 
2025-12-09 15:24:42.934 26847-26874 Kolun_AI                pid-26847                            I  SceneIdentify:isShortVideoPkg false
2025-12-09 15:24:42.934 26847-26874 Kolun_AI                pid-26847                            I  SceneIdentify:checkGameIn  com.transsion.XOSLauncher, 
2025-12-09 15:24:42.934 26847-26874 Kolun_AI                pid-26847                            I  SceneIdentify:checkSocialIn  com.transsion.XOSLauncher, 
2025-12-09 15:24:42.934 26847-26874 Kolun_AI                pid-26847                            I  TipsSceneService:event com.transsion.XOSLauncher
2025-12-09 15:24:42.934 26847-26874 Kolun_AI                pid-26847                            I  AppPredictManager:onBusEvent com.transsion.XOSLauncher true
2025-12-09 15:24:42.936 10187-27748 GCM                     pid-10187                            W  Unexpected forwarded intent: Intent { act=android.intent.action.PACKAGE_ADDED dat=package: flg=0x4000010 pkg=com.google.android.gms cmp=com.google.android.gms/.chimera.PersistentIntentOperationService (has extras) }
2025-12-09 15:24:42.941  3568-3670  TrRectFSpringAnim       pid-3568                             D  onUpdate: RectF(125.49603, 112.96463, 1023.4853, 2056.591) Radius 56.511345 alpha 1.0
2025-12-09 15:24:42.941  3568-3670  AsyncThreadAnimImpl     pid-3568                             I  record com.android.launcher3.views.AsyncImageView, prop: 4, value: 0.081163466
2025-12-09 15:24:42.949 26847-26934 Kolun_AI                pid-26847                            I  AppPredictManager:broadcast curTime: 1765304682949 mLastBroadcastTime: 1765304566759 INTERVAL: 600000
2025-12-09 15:24:42.949 10187-31225 FontLog                 pid-10187                            I  (REDACTED) Package %s has no metadata
2025-12-09 15:24:42.949  3568-3670  TrRectFSpringAnim       pid-3568                             D  onUpdate: RectF(153.67535, 150.5593, 998.488, 1930.3314) Radius 58.04899 alpha 0.9814578
2025-12-09 15:24:42.950  3568-3670  AsyncThreadAnimImpl     pid-3568                             I  record com.android.launcher3.views.AsyncImageView, prop: 4, value: 0.054694727
2025-12-09 15:24:42.950 10187-31225 NetworkScheduler        pid-10187                            W  Unexpected forwarded intent: Intent { act=android.intent.action.PACKAGE_ADDED dat=package: flg=0x4000010 pkg=com.google.android.gms cmp=com.google.android.gms/.chimera.PersistentIntentOperationService (has extras) }
2025-12-09 15:24:42.954  3568-3670  TrRectFSpringAnim       pid-3568                             D   updateTargetCornerRadius  12.0
2025-12-09 15:24:42.956  1556-3246  os.permiss...issionInfo pid-1556                             D  checkPermission 10168:android.permission.MANAGE_ACTIVITY_TASKS:true
2025-12-09 15:24:42.956  1556-3246  os.permission           pid-1556                             I  Grant permission: android.permission.MANAGE_ACTIVITY_TASKS to uid: 10168
2025-12-09 15:24:42.958  3568-3670  TrRectFSpringAnim       pid-3568                             D  onUpdate: RectF(181.43793, 189.42076, 971.8057, 1803.4789) Radius 59.50441 alpha 0.9346067
2025-12-09 15:24:42.958  3568-3670  AsyncThreadAnimImpl     pid-3568                             I  record com.android.launcher3.views.AsyncImageView, prop: 4, value: 0.03621775
2025-12-09 15:24:42.966  3568-3670  TrRectFSpringAnim       pid-3568                             D  onUpdate: RectF(208.51556, 228.71039, 944.21844, 1680.4348) Radius 59.63463 alpha 0.86967635
2025-12-09 15:24:42.967  3568-3670  AsyncThreadAnimImpl     pid-3568                             I  record com.android.launcher3.views.AsyncImageView, prop: 4, value: 0.02373378
2025-12-09 15:24:42.967  3568-3669  RecentAnalytics#        pid-3568                             I  addTracker start...
2025-12-09 15:24:42.967  3568-3669  RecentAnalytics#        pid-3568                             I  addTracker start...
2025-12-09 15:24:42.968  3568-3776  RecentAnalytics#        pid-3568                             I  start track event...
2025-12-09 15:24:42.968  3568-3776  RecentAnalytics#        pid-3568                             I  start track event...
2025-12-09 15:24:42.970  3568-3568  not supportSmallWindow  pid-3568                             I  reason:   smallWindowBlackMap.get(packageName) != null 
2025-12-09 15:24:42.970  3568-3568  not supportSmallWindow  pid-3568                             I  reason:   smallWindowBlackMap.get(topPackageName) != null
2025-12-09 15:24:42.970  3568-3568  not supportSmallWindow  pid-3568                             I  reason:   smallWindowBlackMap.get(packageName) != null 
2025-12-09 15:24:42.970  3568-3568  not supportSmallWindow  pid-3568                             I  reason:   smallWindowBlackMap.get(topPackageName) != null
2025-12-09 15:24:42.970  3568-3568  TaskViewLoadPlanner#    pid-3568                             I   count = 6
2025-12-09 15:24:42.970  3568-3568  RecentAnalytics#        pid-3568                             I  addTracker start...
2025-12-09 15:24:42.970  3568-3568  RecentAnalytics#        pid-3568                             I  addTracker start...
2025-12-09 15:24:42.971  3568-3776  RecentAnalytics#        pid-3568                             I  start track event...
2025-12-09 15:24:42.972  3568-3776  RecentAnalytics#        pid-3568                             I  start track event...
2025-12-09 15:24:42.974  3456-3985  TLinkBrush_DATA         pid-3456                             D  [TranSST0] checkTopApp: [com.cdccreditsmart.app],[com.transsion.XOSLauncher],
2025-12-09 15:24:42.975  1556-3436  os.permiss...issionInfo pid-1556                             D  checkPermission 10168:android.permission.START_TASKS_FROM_RECENTS:true
2025-12-09 15:24:42.975  1556-3436  os.permission           pid-1556                             I  Grant permission: android.permission.START_TASKS_FROM_RECENTS to uid: 10168
2025-12-09 15:24:42.975 27009-27095 SettingsGuardService    pid-27009                            D  ðŸ“‹ Activity check - Full: com.android.launcher3.uioverrides.QuickstepLauncher, Simple: QuickstepLauncher
2025-12-09 15:24:42.975  3568-3670  TrRectFSpringAnim       pid-3568                             D  onUpdate: RectF(234.59167, 267.62234, 916.4392, 1564.6338) Radius 58.589703 alpha 0.7944144
2025-12-09 15:24:42.976  3568-3670  AsyncThreadAnimImpl     pid-3568                             I  record com.android.launcher3.views.AsyncImageView, prop: 4, value: 0.015505955
2025-12-09 15:24:42.979   904-904   zygote                  pid-904                              I  Delayed USAP Pool refill. New USAPs: 1
2025-12-09 15:24:42.981  4987-4987  SmartEventManager       pid-4987                             D  dispatchEvent event: SmartEvent(action=android.intent.action.CLOSE_SYSTEM_DIALOGS, extras=Bundle[{transsion_game_mode=false}])
2025-12-09 15:24:42.983  1556-2046  Handwritin...Controller pid-1556                             E  Cannot get requestId: Handwriting was not initialized.
2025-12-09 15:24:42.984  3568-3670  TrRectFSpringAnim       pid-3568                             D  onUpdate: RectF(259.42603, 305.52493, 889.03186, 1458.2341) Radius 56.697754 alpha 0.7146308
2025-12-09 15:24:42.984  3568-3670  AsyncThreadAnimImpl     pid-3568                             I  record com.android.launcher3.views.AsyncImageView, prop: 4, value: 0.010161638
2025-12-09 15:24:42.985  1556-1659  WindowManager           pid-1556                             D  updateSystemBarAttributes appearance:8, win appearance:24, opaqueAppearance:0, win:Window{933e188 u0 com.cdccreditsmart.app/com.cdccreditsmart.app.presentation.MainActivity}, appearanceRegions=[AppearanceRegion{ bounds=[0,0][1080,2436]}]
2025-12-09 15:24:42.987  4987-4987  AppBlackList            pid-4987                             D  checkInBlackList isGuidePage= falseï¼Œ isSmartPanelGesture= false
2025-12-09 15:24:42.987  4987-4987  AppBlackList            pid-4987                             D  checkInBlackList inBlackList= falseï¼Œ pkgAndCls= com.cdccreditsmart.app/com.cdccreditsmart.app.presentation.MainActivity
2025-12-09 15:24:42.987  4987-4987  onCloseSystemDialogs    pid-4987                             D  current:false
2025-12-09 15:24:42.992  3568-3670  TrRectFSpringAnim       pid-3568                             D  onUpdate: RectF(282.89688, 342.01562, 862.3751, 1362.1758) Radius 54.220364 alpha 0.634407
2025-12-09 15:24:42.993  3568-3670  AsyncThreadAnimImpl     pid-3568                             I  record com.android.launcher3.views.AsyncImageView, prop: 4, value: 0.0067065954
2025-12-09 15:24:42.995  4987-4987  SmartPanelRepository    pid-4987                             I  hasLoadData true  data size = 11
2025-12-09 15:24:42.997  1556-1887  mtkpower_client         pid-1556                             I  perf_lock_rel, hdl:2739, tid:1887
2025-12-09 15:24:42.998  1556-1887  mtkpower_client         pid-1556                             I  perf_lock_acq, hdl:2739, dur:5000, num:2, pid:1556, tid:1887
2025-12-09 15:24:42.999 10187-29861 ProximityAuth           pid-10187                            I  [RecentAppsMediator] Package added: (user=UserHandle{0}) com.google.android.overlay.modules.packageinstaller
2025-12-09 15:24:43.000  1556-1887  mtkpower_client         pid-1556                             I  ret_hdl:2754
2025-12-09 15:24:43.001  1556-1887  PowerHalMgrImpl         pid-1556                             I  hdl:2754, pid:1556 
2025-12-09 15:24:43.001  3568-3670  TrRectFSpringAnim       pid-3568                             D  onUpdate: RectF(304.87555, 376.72025, 836.81134, 1276.9122) Radius 51.372387 alpha 0.55679595
2025-12-09 15:24:43.001 10187-31229 GCM                     pid-10187                            W  Unexpected forwarded intent: Intent { act=android.intent.action.PACKAGE_ADDED dat=package: flg=0x4000010 pkg=com.google.android.gms cmp=com.google.android.gms/.chimera.PersistentIntentOperationService (has extras) }
2025-12-09 15:24:43.001  3568-3670  AsyncThreadAnimImpl     pid-3568                             I  record com.android.launcher3.views.AsyncImageView, prop: 4, value: 0.004475817
2025-12-09 15:24:43.003  4987-4987  SceneController         pid-4987                             D  checkCanShow canShow: true  changed false 
2025-12-09 15:24:43.004  4987-4987  ScenesManager           pid-4987                             I  MSG_ACTIVITY_CHECK
2025-12-09 15:24:43.006  1556-2009  BackupManagerService    pid-1556                             D  mUserServices size: 0
2025-12-09 15:24:43.008  4987-14063 ScenesManager           pid-4987                             I  put createTaskId 
2025-12-09 15:24:43.008  3568-3670  TrRectFSpringAnim       pid-3568                             D  onUpdate: RectF(325.32672, 409.4416, 812.5411, 1202.1655) Radius 48.319782 alpha 0.48371905
2025-12-09 15:24:43.008  3568-3670  AsyncThreadAnimImpl     pid-3568                             I  record com.android.launcher3.views.AsyncImageView, prop: 4, value: 0.0030274987
2025-12-09 15:24:43.016  3568-3670  AsyncThreadAnimImpl     pid-3568                             I  record com.transsion.launcher3.TrWorkSpace, prop: 2, value: 0.9
2025-12-09 15:24:43.016  3568-3670  AsyncThreadAnimImpl     pid-3568                             I  record com.transsion.launcher3.TrWorkSpace, prop: 3, value: 0.9
2025-12-09 15:24:43.016  3568-3670  AsyncThreadAnimImpl     pid-3568                             I  record com.transsion.launcher3.TrWorkSpace, prop: 2, value: 0.9
2025-12-09 15:24:43.016  3568-3670  AsyncThreadAnimImpl     pid-3568                             I  record com.transsion.launcher3.TrWorkSpace, prop: 3, value: 0.9
2025-12-09 15:24:43.016  3568-3670  AsyncThreadAnimImpl     pid-3568                             I  record com.transsion.launcher3.TrWorkSpace, prop: 4, value: 0.005
2025-12-09 15:24:43.016  3568-3670  AsyncThreadAnimImpl     pid-3568                             I  record com.transsion.launcher3.TrWorkSpace, prop: 4, value: 0.005
2025-12-09 15:24:43.016  3568-3670  AsyncThreadAnimImpl     pid-3568                             I  record com.android.launcher3.TrHotseat, prop: 2, value: 0.9
2025-12-09 15:24:43.016  3568-3670  AsyncThreadAnimImpl     pid-3568                             I  record com.android.launcher3.TrHotseat, prop: 3, value: 0.9
2025-12-09 15:24:43.016  3568-3670  AsyncThreadAnimImpl     pid-3568                             I  record com.android.launcher3.TrHotseat, prop: 2, value: 0.9
2025-12-09 15:24:43.016  3568-3670  AsyncThreadAnimImpl     pid-3568                             I  record com.android.launcher3.TrHotseat, prop: 3, value: 0.9
2025-12-09 15:24:43.016  3568-3670  AsyncThreadAnimImpl     pid-3568                             I  record com.android.launcher3.TrHotseat, prop: 4, value: 0.005
2025-12-09 15:24:43.016  3568-3670  AsyncThreadAnimImpl     pid-3568                             I  record com.android.launcher3.TrHotseat, prop: 4, value: 0.005
2025-12-09 15:24:43.016  3568-3670  AsyncThreadAnimImpl     pid-3568                             I  record com.transsion.launcher3.pageindicators.PageIndicatorWrapper, prop: 2, value: 0.9
2025-12-09 15:24:43.016  3568-3670  AsyncThreadAnimImpl     pid-3568                             I  record com.transsion.launcher3.pageindicators.PageIndicatorWrapper, prop: 3, value: 0.9
2025-12-09 15:24:43.016  3568-3670  AsyncThreadAnimImpl     pid-3568                             I  record com.transsion.launcher3.pageindicators.PageIndicatorWrapper, prop: 2, value: 0.9
2025-12-09 15:24:43.016  3568-3670  AsyncThreadAnimImpl     pid-3568                             I  record com.transsion.launcher3.pageindicators.PageIndicatorWrapper, prop: 3, value: 0.9
2025-12-09 15:24:43.016  3568-3670  AsyncThreadAnimImpl     pid-3568                             I  record com.transsion.launcher3.pageindicators.PageIndicatorWrapper, prop: 4, value: 0.005
2025-12-09 15:24:43.016  3568-3670  AsyncThreadAnimImpl     pid-3568                             I  record com.transsion.launcher3.pageindicators.PageIndicatorWrapper, prop: 4, value: 0.005
2025-12-09 15:24:43.016  3568-3670  AsyncThreadAnimImpl     pid-3568                             I  record com.transsion.launcher3.TrWorkSpace, prop: 2, value: 0.9
2025-12-09 15:24:43.016  3568-3670  AsyncThreadAnimImpl     pid-3568                             I  record com.transsion.launcher3.TrWorkSpace, prop: 3, value: 0.9
2025-12-09 15:24:43.016  3568-3670  AsyncThreadAnimImpl     pid-3568                             I  record com.transsion.launcher3.TrWorkSpace, prop: 4, value: 0.005
2025-12-09 15:24:43.016  3568-3670  AsyncThreadAnimImpl     pid-3568                             I  record com.android.launcher3.TrHotseat, prop: 2, value: 0.9
2025-12-09 15:24:43.016  3568-3670  AsyncThreadAnimImpl     pid-3568                             I  record com.android.launcher3.TrHotseat, prop: 3, value: 0.9
2025-12-09 15:24:43.016  3568-3670  AsyncThreadAnimImpl     pid-3568                             I  record com.android.launcher3.TrHotseat, prop: 4, value: 0.005
2025-12-09 15:24:43.016  3568-3670  AsyncThreadAnimImpl     pid-3568                             I  record com.transsion.launcher3.pageindicators.PageIndicatorWrapper, prop: 2, value: 0.9
2025-12-09 15:24:43.016  3568-3670  AsyncThreadAnimImpl     pid-3568                             I  record com.transsion.launcher3.pageindicators.PageIndicatorWrapper, prop: 3, value: 0.9
2025-12-09 15:24:43.016  3568-3670  AsyncThreadAnimImpl     pid-3568                             I  record com.transsion.launcher3.pageindicators.PageIndicatorWrapper, prop: 4, value: 0.005
2025-12-09 15:24:43.017  3568-3670  TrRectFSpringAnim       pid-3568                             D  onUpdate: RectF(344.29294, 440.13425, 789.6416, 1137.1771) Radius 45.1832 alpha 0.41619903
2025-12-09 15:24:43.017  3568-3670  AsyncThreadAnimImpl     pid-3568                             I  record com.android.launcher3.views.AsyncImageView, prop: 4, value: 0.002077043
2025-12-09 15:24:43.022 10187-29997 FontLog                 pid-10187                            I  (REDACTED) Package %s has no metadata
2025-12-09 15:24:43.023 10187-29997 NetworkScheduler        pid-10187                            W  Unexpected forwarded intent: Intent { act=android.intent.action.PACKAGE_ADDED dat=package: flg=0x4000010 pkg=com.google.android.gms cmp=com.google.android.gms/.chimera.PersistentIntentOperationService (has extras) }
2025-12-09 15:24:43.026  3568-3670  AsyncThreadAnimImpl     pid-3568                             I  record com.transsion.launcher3.TrWorkSpace, prop: 2, value: 0.9002137
2025-12-09 15:24:43.026  3568-3670  AsyncThreadAnimImpl     pid-3568                             I  record com.transsion.launcher3.TrWorkSpace, prop: 3, value: 0.9002137
2025-12-09 15:24:43.026  3568-3670  AsyncThreadAnimImpl     pid-3568                             I  record com.transsion.launcher3.TrWorkSpace, prop: 4, value: 0.007126648
2025-12-09 15:24:43.026  3568-3670  AsyncThreadAnimImpl     pid-3568                             I  record com.android.launcher3.TrHotseat, prop: 2, value: 0.9002137
2025-12-09 15:24:43.026  3568-3670  AsyncThreadAnimImpl     pid-3568                             I  record com.android.launcher3.TrHotseat, prop: 3, value: 0.9002137
2025-12-09 15:24:43.026  3568-3670  AsyncThreadAnimImpl     pid-3568                             I  record com.android.launcher3.TrHotseat, prop: 4, value: 0.007126648
2025-12-09 15:24:43.026  3568-3670  AsyncThreadAnimImpl     pid-3568                             I  record com.transsion.launcher3.pageindicators.PageIndicatorWrapper, prop: 2, value: 0.9002137
2025-12-09 15:24:43.026  3568-3670  AsyncThreadAnimImpl     pid-3568                             I  record com.transsion.launcher3.pageindicators.PageIndicatorWrapper, prop: 3, value: 0.9002137
2025-12-09 15:24:43.026  3568-3670  AsyncThreadAnimImpl     pid-3568                             I  record com.transsion.launcher3.pageindicators.PageIndicatorWrapper, prop: 4, value: 0.007126648
2025-12-09 15:24:43.026  3568-3670  TrRectFSpringAnim       pid-3568                             D  onUpdate: RectF(361.7804, 468.71664, 768.20886, 1081.2202) Radius 42.06172 alpha 0.3549298
2025-12-09 15:24:43.026  3568-3670  AsyncThreadAnimImpl     pid-3568                             I  record com.android.launcher3.views.AsyncImageView, prop: 4, value: 0.0014471561
2025-12-09 15:24:43.033  3568-3670  AsyncThreadAnimImpl     pid-3568                             I  record com.transsion.launcher3.TrWorkSpace, prop: 2, value: 0.9007372
2025-12-09 15:24:43.033  3568-3670  AsyncThreadAnimImpl     pid-3568                             I  record com.transsion.launcher3.TrWorkSpace, prop: 3, value: 0.9007372
2025-12-09 15:24:43.033  3568-3670  AsyncThreadAnimImpl     pid-3568                             I  record com.transsion.launcher3.TrWorkSpace, prop: 4, value: 0.012335721
2025-12-09 15:24:43.033  3568-3670  AsyncThreadAnimImpl     pid-3568                             I  record com.android.launcher3.TrHotseat, prop: 2, value: 0.9007372
2025-12-09 15:24:43.033  3568-3670  AsyncThreadAnimImpl     pid-3568                             I  record com.android.launcher3.TrHotseat, prop: 3, value: 0.9007372
2025-12-09 15:24:43.033  3568-3670  AsyncThreadAnimImpl     pid-3568                             I  record com.android.launcher3.TrHotseat, prop: 4, value: 0.012335721
2025-12-09 15:24:43.033  3568-3670  AsyncThreadAnimImpl     pid-3568                             I  record com.transsion.launcher3.pageindicators.PageIndicatorWrapper, prop: 2, value: 0.9007372
2025-12-09 15:24:43.033  3568-3670  AsyncThreadAnimImpl     pid-3568                             I  record com.transsion.launcher3.pageindicators.PageIndicatorWrapper, prop: 3, value: 0.9007372
2025-12-09 15:24:43.033  3568-3670  AsyncThreadAnimImpl     pid-3568                             I  record com.transsion.launcher3.pageindicators.PageIndicatorWrapper, prop: 4, value: 0.012335721
2025-12-09 15:24:43.033  3568-3670  TrRectFSpringAnim       pid-3568                             D  onUpdate: RectF(377.818, 495.16013, 748.29297, 1033.4418) Radius 39.029816 alpha 0.300185
2025-12-09 15:24:43.033  3568-3670  AsyncThreadAnimImpl     pid-3568                             I  record com.android.launcher3.views.AsyncImageView, prop: 4, value: 0.0010247976
2025-12-09 15:24:43.034 10187-29861 ProximityAuth           pid-10187                            I  [RecentAppsMediator] Package added: (user=UserHandle{0}) com.transsion.applock
2025-12-09 15:24:43.036   904-904   Zygote                  pid-904                              D  Forked child process 31305
2025-12-09 15:24:43.040 10187-31225 GCM                     pid-10187                            W  Unexpected forwarded intent: Intent { act=android.intent.action.PACKAGE_ADDED dat=package: flg=0x4000010 pkg=com.google.android.gms cmp=com.google.android.gms/.chimera.PersistentIntentOperationService (has extras) }
2025-12-09 15:24:43.041  3568-3670  AsyncThreadAnimImpl     pid-3568                             I  record com.transsion.launcher3.TrWorkSpace, prop: 2, value: 0.9018045
2025-12-09 15:24:43.041  3568-3670  AsyncThreadAnimImpl     pid-3568                             I  record com.transsion.launcher3.TrWorkSpace, prop: 3, value: 0.9018045
2025-12-09 15:24:43.041  3568-3670  AsyncThreadAnimImpl     pid-3568                             I  record com.transsion.launcher3.TrWorkSpace, prop: 4, value: 0.022954997
2025-12-09 15:24:43.042  3568-3670  AsyncThreadAnimImpl     pid-3568                             I  record com.android.launcher3.TrHotseat, prop: 2, value: 0.9018045
2025-12-09 15:24:43.042  3568-3670  AsyncThreadAnimImpl     pid-3568                             I  record com.android.launcher3.TrHotseat, prop: 3, value: 0.9018045
2025-12-09 15:24:43.042  3568-3670  AsyncThreadAnimImpl     pid-3568                             I  record com.android.launcher3.TrHotseat, prop: 4, value: 0.022954997
2025-12-09 15:24:43.042  3568-3670  AsyncThreadAnimImpl     pid-3568                             I  record com.transsion.launcher3.pageindicators.PageIndicatorWrapper, prop: 2, value: 0.9018045
2025-12-09 15:24:43.042  3568-3670  AsyncThreadAnimImpl     pid-3568                             I  record com.transsion.launcher3.pageindicators.PageIndicatorWrapper, prop: 3, value: 0.9018045
2025-12-09 15:24:43.042  3568-3670  AsyncThreadAnimImpl     pid-3568                             I  record com.transsion.launcher3.pageindicators.PageIndicatorWrapper, prop: 4, value: 0.022954997
2025-12-09 15:24:43.042  3568-3670  TrRectFSpringAnim       pid-3568                             D  onUpdate: RectF(392.49628, 519.5518, 729.8514, 992.82166) Radius 36.132572 alpha 0.25178617
2025-12-09 15:24:43.042  3568-3670  AsyncThreadAnimImpl     pid-3568                             I  record com.android.launcher3.views.AsyncImageView, prop: 4, value: 7.3716044E-4
2025-12-09 15:24:43.049  3568-3670  AsyncThreadAnimImpl     pid-3568                             I  record com.transsion.launcher3.TrWorkSpace, prop: 2, value: 0.90328306
2025-12-09 15:24:43.049  3568-3670  AsyncThreadAnimImpl     pid-3568                             I  record com.transsion.launcher3.TrWorkSpace, prop: 3, value: 0.90328306
2025-12-09 15:24:43.049  3568-3670  AsyncThreadAnimImpl     pid-3568                             I  record com.transsion.launcher3.TrWorkSpace, prop: 4, value: 0.03766671
2025-12-09 15:24:43.049  3568-3670  AsyncThreadAnimImpl     pid-3568                             I  record com.android.launcher3.TrHotseat, prop: 2, value: 0.90328306
2025-12-09 15:24:43.049  3568-3670  AsyncThreadAnimImpl     pid-3568                             I  record com.android.launcher3.TrHotseat, prop: 3, value: 0.90328306
2025-12-09 15:24:43.050  3568-3670  AsyncThreadAnimImpl     pid-3568                             I  record com.android.launcher3.TrHotseat, prop: 4, value: 0.03766671
2025-12-09 15:24:43.050  3568-3670  AsyncThreadAnimImpl     pid-3568                             I  record com.transsion.launcher3.pageindicators.PageIndicatorWrapper, prop: 2, value: 0.90328306
2025-12-09 15:24:43.050  3568-3670  AsyncThreadAnimImpl     pid-3568                             I  record com.transsion.launcher3.pageindicators.PageIndicatorWrapper, prop: 3, value: 0.90328306
2025-12-09 15:24:43.050  3568-3670  AsyncThreadAnimImpl     pid-3568                             I  record com.transsion.launcher3.pageindicators.PageIndicatorWrapper, prop: 4, value: 0.03766671
2025-12-09 15:24:43.050  3568-3670  TrRectFSpringAnim       pid-3568                             D  onUpdate: RectF(405.86664, 541.9262, 712.87714, 958.50757) Radius 33.407974 alpha 0.2095222
2025-12-09 15:24:43.050  3568-3670  AsyncThreadAnimImpl     pid-3568                             I  record com.android.launcher3.views.AsyncImageView, prop: 4, value: 5.386919E-4
2025-12-09 15:24:43.050  1556-1887  mtkpower_client         pid-1556                             I  perf_lock_rel, hdl:2754, tid:1887
2025-12-09 15:24:43.051   955-1039  libPowerHal             pid-955                              I  [PD] system_server update cmd:1408300 param:0
2025-12-09 15:24:43.051 10187-29997 NetworkScheduler        pid-10187                            W  Unexpected forwarded intent: Intent { act=android.intent.action.PACKAGE_ADDED dat=package: flg=0x4000010 pkg=com.google.android.gms cmp=com.google.android.gms/.chimera.PersistentIntentOperationService (has extras) }
2025-12-09 15:24:43.051  1556-3841  Hiber/fastState         pid-1556                             I  fastUnFreeze reason=appStart timeout size=15 uids=[10104, 10107, 10132, 10145, 10208, 10209, 10210, 10232, 10250, 10260, 10262, 10263, 10265, 10274, 10278] about costTime=58ms
2025-12-09 15:24:43.056  4987-14063 THubApi                 pid-4987                             D  getWindowingMode TaskInfo{userId=0 taskId=36 displayId=0 isRunning=true baseIntent=Intent { flg=0x34008000 cmp=com.cdccreditsmart.app/.presentation.MainActivity } baseActivity=ComponentInfo{com.cdccreditsmart.app/com.cdccreditsmart.app.presentation.MainActivity} topActivity=ComponentInfo{com.cdccreditsmart.app/com.cdccreditsmart.app.presentation.MainActivity} origActivity=null realActivity=ComponentInfo{com.cdccreditsmart.app/com.cdccreditsmart.app.presentation.MainActivity} numActivities=1 lastActiveTime=729556 supportsMultiWindow=true resizeMode=1 isResizeable=true minWidth=-1 minHeight=-1 defaultMinSize=110 token=WCT{android.window.IWindowContainerToken$Stub$Proxy@6e92fa1} topActivityType=1 pictureInPictureParams=null shouldDockBigOverlays=false launchIntoPipHostTaskId=-1 lastParentTaskIdBeforePip=-1 displayCutoutSafeInsets=null topActivityInfo=ActivityInfo{55285c6 com.cdccreditsmart.app.presentation.MainActivity} launchCookies=[] positionInParent=Point(0, 0) parentTaskId=-1 isFocused=true isVisible=true isVisibleRequested=true isSleeping=false locusId=null displayAreaFeatureId=1 isTopActivityTransparent=false appCompatTaskInfo=AppCompatTaskInfo { topActivityInSizeCompat=false topActivityEligibleForLetterboxEducation= falseisLetterboxEducationEnabled= false isLetterboxDoubleTapEnabled= false topActivityEligibleForUserAspectRatioButton= false topActivityBoundsLetterboxed= false isFromLetterboxDoubleTap= false topActivityLetterboxVerticalPosition= -1 topActivityLetterboxHorizontalPosition= -1 topActivityLetterboxWidth=1080 topActivityLetterboxHeight=2436 isUserFullscreenOverrideEnabled=false isSystemFullscreenOverrideEnabled=false cameraCompatTaskInfo=CameraCompatTaskInfo { cameraCompatControlState=hidden freeformCameraCompatMode=inactive}}}
2025-12-09 15:24:43.057 22568-22592 ShellRecents            pid-22568                            V  [87993415] RecentsController.setInputConsumerEnabled: set focus to recents
2025-12-09 15:24:43.057 22568-26129 ShellRecents            pid-22568                            V  [87993415] RecentsController.detachNavigationBarFromApp
2025-12-09 15:24:43.057 24066-24160 WeatherPro              pid-24066                            I  sendBroadcast isConnect = true
2025-12-09 15:24:43.057  1556-3436  os.fingerprint          pid-1556                             D  onUpdateFocusedApp oldPackageName:com.cdccreditsmart.app oldComponent:ComponentInfo{com.cdccreditsmart.app/com.cdccreditsmart.app.presentation.MainActivity} newPackageName:com.transsion.XOSLauncher newComponent:ComponentInfo{com.transsion.XOSLauncher/com.android.launcher3.uioverrides.QuickstepLauncher} mFm :android.hardware.fingerprint.FingerprintManager@27d5a21
2025-12-09 15:24:43.058  1556-3436  WindowManager           pid-1556                             D  currentFocusId 0 newFocusId: 0 currentFocusIsMultiWindow: false newFocusIsMultiWindow: false
2025-12-09 15:24:43.058 27009-27095 AuthOrchestrator        pid-27009                            W  âŒ Dispositivo nÃ£o cadastrado (404)
2025-12-09 15:24:43.058 27009-27095 AuthOrchestrator        pid-27009                            D     â†’ Backend nÃ£o encontrou este IMEI
2025-12-09 15:24:43.058 27009-27095 AuthOrchestrator        pid-27009                            D     â†’ SerÃ¡ necessÃ¡rio pareamento manual
2025-12-09 15:24:43.058 27009-27095 ContractCodeStorage     pid-27009                            D  Retrieving contract code from storage
2025-12-09 15:24:43.058  1556-4409  os.permiss...issionInfo pid-1556                             D  checkPermission 10168:android.permission.MANAGE_ACTIVITY_TASKS:true
2025-12-09 15:24:43.058  1556-4409  os.permission           pid-1556                             I  Grant permission: android.permission.MANAGE_ACTIVITY_TASKS to uid: 10168
2025-12-09 15:24:43.059  3568-3670  AsyncThreadAnimImpl     pid-3568                             I  record com.transsion.launcher3.TrWorkSpace, prop: 2, value: 0.9053682
2025-12-09 15:24:43.059  3568-3670  AsyncThreadAnimImpl     pid-3568                             I  record com.transsion.launcher3.TrWorkSpace, prop: 3, value: 0.9053682
2025-12-09 15:24:43.059  3568-3670  AsyncThreadAnimImpl     pid-3568                             I  record com.transsion.launcher3.TrWorkSpace, prop: 4, value: 0.05841404
2025-12-09 15:24:43.059  3568-3670  AsyncThreadAnimImpl     pid-3568                             I  record com.android.launcher3.TrHotseat, prop: 2, value: 0.9053682
2025-12-09 15:24:43.059  3568-3670  AsyncThreadAnimImpl     pid-3568                             I  record com.android.launcher3.TrHotseat, prop: 3, value: 0.9053682
2025-12-09 15:24:43.059  3568-3670  AsyncThreadAnimImpl     pid-3568                             I  record com.android.launcher3.TrHotseat, prop: 4, value: 0.05841404
2025-12-09 15:24:43.059  3568-3670  AsyncThreadAnimImpl     pid-3568                             I  record com.transsion.launcher3.pageindicators.PageIndicatorWrapper, prop: 2, value: 0.9053682
2025-12-09 15:24:43.059  3568-3670  AsyncThreadAnimImpl     pid-3568                             I  record com.transsion.launcher3.pageindicators.PageIndicatorWrapper, prop: 3, value: 0.9053682
2025-12-09 15:24:43.059  3568-3670  AsyncThreadAnimImpl     pid-3568                             I  record com.transsion.launcher3.pageindicators.PageIndicatorWrapper, prop: 4, value: 0.05841404
2025-12-09 15:24:43.059  3568-3670  TrRectFSpringAnim       pid-3568                             D  onUpdate: RectF(417.99744, 562.3549, 697.33154, 929.66223) Radius 30.879208 alpha 0.17301095
2025-12-09 15:24:43.059  3568-3670  AsyncThreadAnimImpl     pid-3568                             I  record com.android.launcher3.views.AsyncImageView, prop: 4, value: 3.9982796E-4
2025-12-09 15:24:43.059  1556-3436  WindowManager           pid-1556                             W  Changing focus from Window{933e188 u0 com.cdccreditsmart.app/com.cdccreditsmart.app.presentation.MainActivity} to Window{978a5ab u0 com.transsion.XOSLauncher/com.android.launcher3.uioverrides.QuickstepLauncher} displayId=0 Callers=com.android.server.wm.RootWindowContainer.updateFocusedWindowLocked:528 com.android.server.wm.WindowManagerService.updateFocusedWindowLocked:6847 com.android.server.wm.ActivityTaskManagerService.setLastResumedActivityUncheckLocked:5680 com.android.server.wm.ActivityTaskManagerService.setFocusedTask:2369 
2025-12-09 15:24:43.059  1556-3436  WindowManager           pid-1556                             D  notifyAppOnFocusChange focusedWindow = com.transsion.XOSLauncher/com.android.launcher3.uioverrides.QuickstepLauncher mFocusChangeCallback = android.window.IFocusChangeCallback$Stub$Proxy@145ef15
2025-12-09 15:24:43.060  1013-1080  BufferQueueDebug        pid-1013                             I  [Surface(name=689eff3 NavigationBar0)/@0xd4379b2 - animation-leash of insets_animation#2192](this:0xb400007184f0bf48,id:-1,api:0,p:-1,c:-1) BufferQueue core=(1013:/system/bin/surfaceflinger)
2025-12-09 15:24:43.064  1013-1080  BufferQueueDebug        pid-1013                             I  [Surface(name=c2730e8 StatusBar)/@0x213f8ac - animation-leash of insets_animation#2193](this:0xb400007184f420f8,id:-1,api:0,p:-1,c:-1) BufferQueue core=(1013:/system/bin/surfaceflinger)
2025-12-09 15:24:43.066  1556-3436  StatusBarManagerService pid-1556                             I  setWindowState window:1, state:0, callingPid:1556, callingUid:1000
2025-12-09 15:24:43.066  1556-3436  WindowManager           pid-1556                             D  updateSystemBarAttributes appearance:0, win appearance:0, opaqueAppearance:0, win:Window{978a5ab u0 com.transsion.XOSLauncher/com.android.launcher3.uioverrides.QuickstepLauncher}, appearanceRegions=[AppearanceRegion{ bounds=[0,0][1080,2436]}]
2025-12-09 15:24:43.066  1556-3436  TranDisplayJamMonitor   pid-1556                             D  Transparent window overlay on focus window. WindowInfo:Window{accd15b u0 ZeroScreen}
2025-12-09 15:24:43.066  1556-3436  TranDisplayJamMonitor   pid-1556                             D  checkExceptionWindowResult = 1041
2025-12-09 15:24:43.066  1556-3436  TranDisplayJamMonitor   pid-1556                             D  check display window jam detection:Window{978a5ab u0 com.transsion.XOSLauncher/com.android.launcher3.uioverrides.QuickstepLauncher}
2025-12-09 15:24:43.066  1556-3436  TranDisplayJamMonitor   pid-1556                             D  remove screen rotation animation detection
2025-12-09 15:24:43.067  1556-3436  TranSCSour...anagerImpl pid-1556                             I  hookDisplayResumedActivityChanged displayId: 0 packageName: com.transsion.XOSLauncher
2025-12-09 15:24:43.068  3568-3670  AsyncThreadAnimImpl     pid-3568                             I  record com.transsion.launcher3.TrWorkSpace, prop: 2, value: 0.9085679
2025-12-09 15:24:43.068  3568-3670  AsyncThreadAnimImpl     pid-3568                             I  record com.transsion.launcher3.TrWorkSpace, prop: 3, value: 0.9085679
2025-12-09 15:24:43.068  3568-3670  AsyncThreadAnimImpl     pid-3568                             I  record com.transsion.launcher3.TrWorkSpace, prop: 4, value: 0.09025108
2025-12-09 15:24:43.068  3568-3670  AsyncThreadAnimImpl     pid-3568                             I  record com.android.launcher3.TrHotseat, prop: 2, value: 0.9085679
2025-12-09 15:24:43.068  3568-3670  AsyncThreadAnimImpl     pid-3568                             I  record com.android.launcher3.TrHotseat, prop: 3, value: 0.9085679
2025-12-09 15:24:43.068  3568-3670  AsyncThreadAnimImpl     pid-3568                             I  record com.android.launcher3.TrHotseat, prop: 4, value: 0.09025108
2025-12-09 15:24:43.068  3568-3670  AsyncThreadAnimImpl     pid-3568                             I  record com.transsion.launcher3.pageindicators.PageIndicatorWrapper, prop: 2, value: 0.9085679
2025-12-09 15:24:43.068  3568-3670  AsyncThreadAnimImpl     pid-3568                             I  record com.transsion.launcher3.pageindicators.PageIndicatorWrapper, prop: 3, value: 0.9085679
2025-12-09 15:24:43.068  3568-3670  AsyncThreadAnimImpl     pid-3568                             I  record com.transsion.launcher3.pageindicators.PageIndicatorWrapper, prop: 4, value: 0.09025108
2025-12-09 15:24:43.068  3568-3670  TrRectFSpringAnim       pid-3568                             D  onUpdate: RectF(428.99097, 580.97516, 683.12305, 905.4509) Radius 28.552792 alpha 0.14170401
2025-12-09 15:24:43.068  3568-3670  AsyncThreadAnimImpl     pid-3568                             I  record com.android.launcher3.views.AsyncImageView, prop: 4, value: 3.0104816E-4
2025-12-09 15:24:43.070 22568-22592 PictureInPicture        pid-22568                            D  setLauncherKeepClearAreaHeight: visible=true, height=240
2025-12-09 15:24:43.071  1556-1659  SurfaceComposerClient   pid-1556                             D  Transaction::apply InputWindowCommands.focusRequests timestamp=729583595812, windowName=recents_animation_input_consumer
2025-12-09 15:24:43.072   660-678   keystore2               pid-660                              I  system/security/keystore2/src/security_level.rs:235 - create_operation start
2025-12-09 15:24:43.072   660-678   keystore2               pid-660                              I  system/security/keystore2/src/security_level.rs:237 - caller_pid=27009
2025-12-09 15:24:43.072   660-678   keystore2               pid-660                              I  system/security/keystore2/src/security_level.rs:238 - caller_uid=10287
2025-12-09 15:24:43.072   660-678   keystore2               pid-660                              I  system/security/keystore2/src/security_level.rs:239 - forced=false
2025-12-09 15:24:43.072   660-678   keystore2               pid-660                              I  system/security/keystore2/src/security_level.rs:240 - key.domain=r#KEY_ID
2025-12-09 15:24:43.072   660-678   keystore2               pid-660                              I  system/security/keystore2/src/security_level.rs:241 - key.alias=None
2025-12-09 15:24:43.072   660-678   keystore2               pid-660                              I  system/security/keystore2/src/security_level.rs:277 - with_try_import start
2025-12-09 15:24:43.073   660-678   keystore2               pid-660                              I  system/security/keystore2/src/security_level.rs:299 - with_try_import end
2025-12-09 15:24:43.074   660-678   keystore2               pid-660                              I  system/security/keystore2/src/security_level.rs:333 - authorize_create start
2025-12-09 15:24:43.074   660-678   keystore2               pid-660                              I  system/security/keystore2/src/security_level.rs:344 - authorize_create end
2025-12-09 15:24:43.074   660-678   keystore2               pid-660                              I  system/security/keystore2/src/security_level.rs:345 - unwrap_key_if_required start
2025-12-09 15:24:43.074   660-678   keystore2               pid-660                              I  system/security/keystore2/src/security_level.rs:353 - unwrap_key_if_required end
2025-12-09 15:24:43.074   660-678   keystore2               pid-660                              I  system/security/keystore2/src/security_level.rs:354 - upgrade_keyblob_if_required_with start
2025-12-09 15:24:43.074   662-662   TlcKM                   pid-662                              D  TEE_Begin 5.0
2025-12-09 15:24:43.074   662-662   TlcKM                   pid-662                              D  purpose = 0x00000000
2025-12-09 15:24:43.075  3568-3670  AsyncThreadAnimImpl     pid-3568                             I  record com.transsion.launcher3.TrWorkSpace, prop: 2, value: 0.91257787
2025-12-09 15:24:43.075  3568-3670  AsyncThreadAnimImpl     pid-3568                             I  record com.transsion.launcher3.TrWorkSpace, prop: 3, value: 0.91257787
2025-12-09 15:24:43.075  3568-3670  AsyncThreadAnimImpl     pid-3568                             I  record com.transsion.launcher3.TrWorkSpace, prop: 4, value: 0.13014981
2025-12-09 15:24:43.075  1013-1013  SurfaceFlinger          pid-1013                             D  Focus addInputWindowCommands timestamp=729583595812, windowName=recents_animation_input_consumer
