2025-12-08 15:54:34.884  6807-6891  WorkProfileManager      com.cdccreditsmart.app               I  âœ… Profile Owner: com.cdccreditsmart.app/com.cdccreditsmart.device.CDCDeviceAdminReceiver
2025-12-08 15:54:34.884  6807-6891  WorkProfileManager      com.cdccreditsmart.app               I  âœ… Affiliation ID: cdc-69849ff0-b6e3-4ec2-8fc2-03797839f925
2025-12-08 15:54:34.884  6807-6891  WorkProfileManager      com.cdccreditsmart.app               I  âœ… Tipo: UsuÃ¡rio secundÃ¡rio completo (nÃ£o work profile tradicional)
2025-12-08 15:54:34.884  6807-6891  WorkProfileManager      com.cdccreditsmart.app               I  â„¹ï¸ O usuÃ¡rio estÃ¡ rodando em background
2025-12-08 15:54:34.885  6807-6891  WorkProfileManager      com.cdccreditsmart.app               I  â„¹ï¸ Use o seletor de usuÃ¡rio do Android para alternar
2025-12-08 15:54:34.885  6807-6891  WorkProfileManager      com.cdccreditsmart.app               I  =======================================================================
2025-12-08 15:54:34.885  6807-6891  WorkProfileManager      com.cdccreditsmart.app               I  
2025-12-08 15:54:34.887  6807-6891  CDCApplication          com.cdccreditsmart.app               I  âœ… Managed Secondary User criado com sucesso!
2025-12-08 15:54:34.888  6807-6891  CDCApplication          com.cdccreditsmart.app               I     Tipo: UsuÃ¡rio secundÃ¡rio completo (nÃ£o work profile tradicional)
2025-12-08 15:54:34.888  6807-6891  CDCApplication          com.cdccreditsmart.app               I     Isolamento: Total (apps e dados separados)
2025-12-08 15:54:35.106  6807-6893  SimSwapManager          com.cdccreditsmart.app               D  ðŸ”’ SIM SWAP STATUS:
                                                                                                      Original SIM: nÃ£o definido...
                                                                                                      Ãšltimo SIM: nÃ£o definido...
                                                                                                      Operadora: desconhecida
                                                                                                      Ãšltima aÃ§Ã£o backend: nenhuma
                                                                                                      Primeira detecÃ§Ã£o: true
                                                                                                      Ãšltima verificaÃ§Ã£o: nunca
2025-12-08 15:54:35.106  6807-6893  SimSwapManager          com.cdccreditsmart.app               I  ðŸ”’ SIM SWAP: PRIMEIRA DETECÃ‡ÃƒO - Registrando SIM original
2025-12-08 15:54:35.110  6807-6893  LocalSimSwapStorage     com.cdccreditsmart.app               D  ðŸ”’ SIM SWAP: SIM original salvo: 8986031864...
2025-12-08 15:54:35.115  6807-6893  LocalSimSwapStorage     com.cdccreditsmart.app               D  ðŸ”’ SIM SWAP: Ãšltimo SIM salvo: 8986031864... (T-Mobile)
2025-12-08 15:54:35.120  6807-6893  SimSwapManager          com.cdccreditsmart.app               D  ðŸ”’ SIM SWAP: Enviando evento para backend...
2025-12-08 15:54:35.120  6807-6893  ContractCodeStorage     com.cdccreditsmart.app               D  Retrieving contract code from storage
2025-12-08 15:54:35.171  6807-6807  ContractCodeStorage     com.cdccreditsmart.app               D  Storage verification: 7 valid, 0 tampered, 0 missing
2025-12-08 15:54:35.172  6807-6807  ContractCodeStorage     com.cdccreditsmart.app               D  Contract code retrieved successfully
2025-12-08 15:54:35.172  6807-6807  CDCApplication          com.cdccreditsmart.app               I  âœ… Tokens encontrados - iniciando CdcForegroundService
2025-12-08 15:54:35.206  6807-6807  CdcForegroundService    com.cdccreditsmart.app               I  âœ… ServiÃ§o iniciado via startService()
2025-12-08 15:54:35.234  6807-6807  AutoBlockingWorker      com.cdccreditsmart.app               I  âœ… VerificaÃ§Ã£o automÃ¡tica de bloqueio agendada (diariamente Ã s 00:00)
2025-12-08 15:54:35.234  6807-6807  AutoBlockingWorker      com.cdccreditsmart.app               I     PrÃ³xima execuÃ§Ã£o em: 305 minutos
2025-12-08 15:54:35.234  6807-6807  CDCApplication          com.cdccreditsmart.app               I  ðŸ“… Agendando overlay automÃ¡tico com intervalo progressivo...
2025-12-08 15:54:35.240  6807-6807  PeriodicOverlayWorker   com.cdccreditsmart.app               I  ðŸ“… Agendando overlay automÃ¡tico com INTERVALO PROGRESSIVO
2025-12-08 15:54:35.242  6807-6807  PeriodicOverlayWorker   com.cdccreditsmart.app               I     1-4 dias de atraso: a cada 10 minutos
2025-12-08 15:54:35.242  6807-6807  PeriodicOverlayWorker   com.cdccreditsmart.app               I     5-14 dias de atraso: a cada 5 minutos
2025-12-08 15:54:35.242  6807-6807  PeriodicOverlayWorker   com.cdccreditsmart.app               I     15+ dias de atraso: a cada 3 minutos
2025-12-08 15:54:35.242  6807-6807  WM-WorkSpec             com.cdccreditsmart.app               W  Interval duration lesser than minimum allowed value; Changed to 900000
2025-12-08 15:54:35.246  6807-6807  WM-WorkSpec             com.cdccreditsmart.app               W  Flex duration lesser than minimum allowed value; Changed to 300000
2025-12-08 15:54:35.246  6807-6807  PeriodicOverlayWorker   com.cdccreditsmart.app               I  âœ… Overlay automÃ¡tico agendado com sucesso
2025-12-08 15:54:35.246  6807-6807  CDCApplication          com.cdccreditsmart.app               I  ðŸ”’ Iniciando sistema Keep Alive...
2025-12-08 15:54:35.268  6807-6807  KeepAliveManager        com.cdccreditsmart.app               I  ðŸ”’ ========================================
2025-12-08 15:54:35.268  6807-6807  KeepAliveManager        com.cdccreditsmart.app               I  ðŸ”’ INICIANDO SISTEMA KEEP ALIVE
2025-12-08 15:54:35.268  6807-6807  KeepAliveManager        com.cdccreditsmart.app               I  ðŸ”’ ========================================
2025-12-08 15:54:35.271  6807-6807  KeepAliveManager        com.cdccreditsmart.app               I  âœ… ServiceWatchdogWorker agendado (15min)
2025-12-08 15:54:35.272  6807-6807  KeepAliveManager        com.cdccreditsmart.app               I  âœ… AlarmManager wakeup agendado (10min)
2025-12-08 15:54:35.278  6807-6807  KeepAliveManager        com.cdccreditsmart.app               I  âœ… App isento de otimizaÃ§Ã£o de bateria
2025-12-08 15:54:35.278  6807-6807  KeepAliveManager        com.cdccreditsmart.app               I  ðŸ”’ Sistema Keep Alive ativo
2025-12-08 15:54:35.278  6807-6807  KeepAliveManager        com.cdccreditsmart.app               I  ðŸ”’ - WorkManager: verificaÃ§Ã£o a cada 15min
2025-12-08 15:54:35.278  6807-6807  KeepAliveManager        com.cdccreditsmart.app               I  ðŸ”’ - AlarmManager: wakeup a cada 10min
2025-12-08 15:54:35.278  6807-6807  KeepAliveManager        com.cdccreditsmart.app               I  ðŸ”’ ========================================
2025-12-08 15:54:35.282  6807-6807  CDCApplication          com.cdccreditsmart.app               I  ðŸ“Š Keep Alive Stats:
2025-12-08 15:54:35.282  6807-6807  CDCApplication          com.cdccreditsmart.app               I     - Restarts anteriores: 0
2025-12-08 15:54:35.282  6807-6807  CDCApplication          com.cdccreditsmart.app               I     - OtimizaÃ§Ã£o bateria: NÃƒO (bom)
2025-12-08 15:54:35.327  6807-6807  Choreographer           com.cdccreditsmart.app               I  Skipped 163 frames!  The application may be doing too much work on its main thread.
2025-12-08 15:54:35.334  6807-6857  CompatChangeReporter    com.cdccreditsmart.app               D  Compat change id reported: 311402873; UID 10217; state: ENABLED
2025-12-08 15:54:35.334  6807-6857  CompatChangeReporter    com.cdccreditsmart.app               D  Compat change id reported: 323349338; UID 10217; state: ENABLED
2025-12-08 15:54:35.335  6807-6807  CdcForegroundService    com.cdccreditsmart.app               D  ðŸ“± ServiÃ§o onCreate()
2025-12-08 15:54:35.345  6807-6807  CdcForegroundService    com.cdccreditsmart.app               D  âœ… Canal de notificaÃ§Ã£o criado
2025-12-08 15:54:35.356  6807-6807  CdcForegroundService    com.cdccreditsmart.app               I  âœ… ScreenStateReceiver registrado
2025-12-08 15:54:35.360  6807-6807  CdcForegroundService    com.cdccreditsmart.app               D  ðŸš€ ServiÃ§o onStartCommand() - Action: com.cdccreditsmart.app.START_SERVICE
2025-12-08 15:54:35.416  6807-6807  CdcForegroundService    com.cdccreditsmart.app               I  âœ… Foreground Service ativo (Android 12+)
2025-12-08 15:54:35.420  6807-6891  CdcForegroundService    com.cdccreditsmart.app               I  ðŸ”§ ========================================
2025-12-08 15:54:35.421  6807-6891  CdcForegroundService    com.cdccreditsmart.app               I  ðŸ”§ INICIANDO initializeServices()...
2025-12-08 15:54:35.421  6807-6891  CdcForegroundService    com.cdccreditsmart.app               I  ðŸ”§ ========================================
2025-12-08 15:54:35.421  6807-6891  CdcForegroundService    com.cdccreditsmart.app               I  ðŸ”§ Inicializando serviÃ§os base (SettingsGuard, WorkPolicies)...
2025-12-08 15:54:35.421  6807-6891  CdcForegroundService    com.cdccreditsmart.app               I  ðŸ¢ ========================================
2025-12-08 15:54:35.421  6807-6891  CdcForegroundService    com.cdccreditsmart.app               I  ðŸ¢ APLICANDO POLÃTICAS DE AMBIENTE DE TRABALHO
2025-12-08 15:54:35.421  6807-6891  CdcForegroundService    com.cdccreditsmart.app               I  ðŸ¢ ========================================
2025-12-08 15:54:35.422  6807-6891  WorkPolicyManager       com.cdccreditsmart.app               I  
2025-12-08 15:54:35.427  6807-6891  WorkPolicyManager       com.cdccreditsmart.app               I  â•”â•â•â•â•â•â•â•â•â•â•â•â•â•â•â•â•â•â•â•â•â•â•â•â•â•â•â•â•â•â•â•â•â•â•â•â•â•â•â•â•â•â•â•â•â•â•â•â•â•â•â•â•â•â•â•â•â•â•â•â•â•â•â•â•â•—
2025-12-08 15:54:35.428  6807-6891  WorkPolicyManager       com.cdccreditsmart.app               I  â•‘  ðŸ¢ APLICANDO POLÃTICAS DE AMBIENTE DE TRABALHO                â•‘
2025-12-08 15:54:35.428  6807-6891  WorkPolicyManager       com.cdccreditsmart.app               I  â•‘     CDC CREDIT SMART - PROTEÃ‡ÃƒO EMPRESARIAL                    â•‘
2025-12-08 15:54:35.428  6807-6891  WorkPolicyManager       com.cdccreditsmart.app               I  â•šâ•â•â•â•â•â•â•â•â•â•â•â•â•â•â•â•â•â•â•â•â•â•â•â•â•â•â•â•â•â•â•â•â•â•â•â•â•â•â•â•â•â•â•â•â•â•â•â•â•â•â•â•â•â•â•â•â•â•â•â•â•â•â•â•â•
2025-12-08 15:54:35.428  6807-6891  WorkPolicyManager       com.cdccreditsmart.app               I  
2025-12-08 15:54:35.434  6807-6807  CDCDeviceAdminService   com.cdccreditsmart.app               I  âœ… Device Admin Service created - System is communicating with CDC DPC
2025-12-08 15:54:35.443  6807-6891  WorkPolicyManager       com.cdccreditsmart.app               I  ðŸ“‹ STATUS DO DISPOSITIVO:
2025-12-08 15:54:35.443  6807-6891  WorkPolicyManager       com.cdccreditsmart.app               I     Device Owner: âœ… SIM
2025-12-08 15:54:35.443  6807-6891  WorkPolicyManager       com.cdccreditsmart.app               I     Device Admin: âœ… SIM
2025-12-08 15:54:35.443  6807-6891  WorkPolicyManager       com.cdccreditsmart.app               I  
2025-12-08 15:54:35.443  6807-6891  WorkPolicyManager       com.cdccreditsmart.app               I  â•â•â•â•â•â•â•â•â•â•â•â•â•â•â•â•â•â•â•â•â•â•â•â•â•â•â•â•â•â•â•â•â•â•â•â•â•â•â•â•â•â•â•â•â•â•â•â•â•â•â•â•â•â•â•â•â•â•â•â•â•â•â•
2025-12-08 15:54:35.443  6807-6891  WorkPolicyManager       com.cdccreditsmart.app               I  ðŸ‘‘ MODO DEVICE OWNER - PROTEÃ‡ÃƒO MÃXIMA
2025-12-08 15:54:35.443  6807-6891  WorkPolicyManager       com.cdccreditsmart.app               I  â•â•â•â•â•â•â•â•â•â•â•â•â•â•â•â•â•â•â•â•â•â•â•â•â•â•â•â•â•â•â•â•â•â•â•â•â•â•â•â•â•â•â•â•â•â•â•â•â•â•â•â•â•â•â•â•â•â•â•â•â•â•â•
2025-12-08 15:54:35.443  6807-6891  WorkPolicyManager       com.cdccreditsmart.app               I  
2025-12-08 15:54:35.443  6807-6891  WorkPolicyManager       com.cdccreditsmart.app               I  ðŸ›¡ï¸ [1/5] PROTEÃ‡ÃƒO DO APLICATIVO
2025-12-08 15:54:35.443  6807-6891  WorkPolicyManager       com.cdccreditsmart.app               I  â”€â”€â”€â”€â”€â”€â”€â”€â”€â”€â”€â”€â”€â”€â”€â”€â”€â”€â”€â”€â”€â”€â”€â”€â”€â”€â”€â”€â”€â”€â”€â”€â”€â”€â”€â”€â”€â”€â”€â”€â”€â”€â”€â”€â”€â”€â”€â”€â”€â”€â”€â”€â”€â”€â”€â”€â”€â”€â”€â”€â”€â”€â”€
2025-12-08 15:54:35.454  6807-6891  WorkPolicyManager       com.cdccreditsmart.app               I     âœ… setUninstallBlocked(true) para com.cdccreditsmart.app
2025-12-08 15:54:35.541  6807-6893  ContractCodeStorage     com.cdccreditsmart.app               D  Storage verification: 7 valid, 0 tampered, 0 missing
2025-12-08 15:54:35.541  6807-6893  ContractCodeStorage     com.cdccreditsmart.app               D  Contract code retrieved successfully
2025-12-08 15:54:35.543  6807-6893  DeviceInfoManager       com.cdccreditsmart.app               I  ========================================
2025-12-08 15:54:35.543  6807-6893  DeviceInfoManager       com.cdccreditsmart.app               I  ðŸ“± Coletando informaÃ§Ãµes de IMEI do dispositivo
2025-12-08 15:54:35.543  6807-6893  DeviceInfoManager       com.cdccreditsmart.app               I  ========================================
2025-12-08 15:54:35.552  6807-6893  DeviceInfoManager       com.cdccreditsmart.app               D  NÃºmero de SIMs detectados: 1
2025-12-08 15:54:35.591  6807-6893  DeviceInfoManager       com.cdccreditsmart.app               D  âœ… IMEI vÃ¡lido encontrado no slot 0
2025-12-08 15:54:35.591  6807-6893  DeviceInfoManager       com.cdccreditsmart.app               I  âœ… 1 IMEI(s) vÃ¡lido(s) coletado(s)
2025-12-08 15:54:35.592  6807-6893  DeviceInfoManager       com.cdccreditsmart.app               I  ========================================
2025-12-08 15:54:35.603  6807-6891  WorkPolicyManager       com.cdccreditsmart.app               I     âœ… setUninstallBlocked(true) para com.android.providers.downloads
2025-12-08 15:54:35.660  6807-6891  WorkPolicyManager       com.cdccreditsmart.app               I     âœ… setUninstallBlocked(true) para com.android.providers.telephony
2025-12-08 15:54:35.790  6807-6893  OkHttpClientFactory     com.cdccreditsmart.app               I  Creating secure HTTP client for: https://api.example.com (debug: false)
2025-12-08 15:54:35.790  6807-6893  OkHttpClientFactory     com.cdccreditsmart.app               D  Configured timeouts: connect=30000ms, read=60000ms, write=60000ms
2025-12-08 15:54:35.791  6807-6893  OkHttpClientFactory     com.cdccreditsmart.app               D  Configured connection pool: maxIdle=5, keepAlive=300000ms
2025-12-08 15:54:35.791  6807-6893  OkHttpClientFactory     com.cdccreditsmart.app               D  Configuring TLS security
2025-12-08 15:54:35.791  6807-6893  OkHttpClientFactory     com.cdccreditsmart.app               D  TLS versions: TLSv1.3, TLSv1.2
2025-12-08 15:54:35.791  6807-6893  OkHttpClientFactory     com.cdccreditsmart.app               D  Cipher suites: 9 configured
2025-12-08 15:54:35.791  6807-6893  OkHttpClientFactory     com.cdccreditsmart.app               D  Configuring SSL socket factory
2025-12-08 15:54:35.792  6807-6893  OkHttpClientFactory     com.cdccreditsmart.app               D  SSL socket factory configured successfully
2025-12-08 15:54:35.792  6807-6893  OkHttpClientFactory     com.cdccreditsmart.app               D  Configuring certificate pinning for: https://api.example.com
2025-12-08 15:54:35.792  6807-6893  Certificat...ingManager com.cdccreditsmart.app               D  Creating certificate pinner for: https://api.example.com (debug: false)
2025-12-08 15:54:35.804  6807-6893  Certificat...ingManager com.cdccreditsmart.app               D  Extracting hostname: api.example.com
2025-12-08 15:54:35.804  6807-6893  Certificat...ingManager com.cdccreditsmart.app               W  No certificate pins configured for hostname: api.example.com
2025-12-08 15:54:35.804  6807-6893  Certificat...ingManager com.cdccreditsmart.app               E  Production mode: no pins configured for api.example.com - this may cause connection failures
2025-12-08 15:54:35.804  6807-6893  Certificat...ingManager com.cdccreditsmart.app               I  Certificate pinner created with 0 total pins
2025-12-08 15:54:35.805  6807-6893  OkHttpClientFactory     com.cdccreditsmart.app               W  No certificate pins configured - connections will not be pinned
2025-12-08 15:54:35.805  6807-6893  OkHttpClientFactory     com.cdccreditsmart.app               E  SECURITY WARNING: No certificate pinning in production mode!
2025-12-08 15:54:35.805  6807-6893  OkHttpClientFactory     com.cdccreditsmart.app               I  Secure HTTP client created successfully
2025-12-08 15:54:35.825  6807-6891  WorkPolicyManager       com.cdccreditsmart.app               I     âœ… setUninstallBlocked(true) para com.android.phone
2025-12-08 15:54:35.888  6807-6891  WorkPolicyManager       com.cdccreditsmart.app               I     âœ… setUninstallBlocked(true) para com.google.android.gms
2025-12-08 15:54:35.888  6807-6891  WorkPolicyManager       com.cdccreditsmart.app               I     â„¹ï¸ 4/4 pacotes crÃ­ticos protegidos
2025-12-08 15:54:35.927  6807-6891  WorkPolicyManager       com.cdccreditsmart.app               I     âœ… setUserControlDisabledPackages (Android 13+)
2025-12-08 15:54:35.927  6807-6891  WorkPolicyManager       com.cdccreditsmart.app               I     âœ… Clear Data bloqueado via setUserControlDisabledPackages
2025-12-08 15:54:35.958  6807-6891  WorkPolicyManager       com.cdccreditsmart.app               I     âœ… Controle do usuÃ¡rio desabilitado para com.cdccreditsmart.app
2025-12-08 15:54:36.022  6807-6891  WorkPolicyManager       com.cdccreditsmart.app               I     âœ… setMaximumFailedPasswordsForWipe(100000) - Wipe desabilitado
2025-12-08 15:54:36.023  6807-6891  WorkPolicyManager       com.cdccreditsmart.app               I  
2025-12-08 15:54:36.026  6807-6891  WorkPolicyManager       com.cdccreditsmart.app               I  ðŸ”’ [2/5] SEGURANÃ‡A DO DISPOSITIVO
2025-12-08 15:54:36.026  6807-6891  WorkPolicyManager       com.cdccreditsmart.app               I  â”€â”€â”€â”€â”€â”€â”€â”€â”€â”€â”€â”€â”€â”€â”€â”€â”€â”€â”€â”€â”€â”€â”€â”€â”€â”€â”€â”€â”€â”€â”€â”€â”€â”€â”€â”€â”€â”€â”€â”€â”€â”€â”€â”€â”€â”€â”€â”€â”€â”€â”€â”€â”€â”€â”€â”€â”€â”€â”€â”€â”€â”€â”€
2025-12-08 15:54:36.026  6807-6891  WorkPolicyManager       com.cdccreditsmart.app               W     âš ï¸ Factory Reset permitido (debug build)
2025-12-08 15:54:36.044  6807-6891  WorkPolicyManager       com.cdccreditsmart.app               I     âœ… DISALLOW_SAFE_BOOT
2025-12-08 15:54:36.045  6807-6891  WorkPolicyManager       com.cdccreditsmart.app               W     âš ï¸ Debugging permitido (debug build)
2025-12-08 15:54:36.045  6807-6891  WorkPolicyManager       com.cdccreditsmart.app               W     âš ï¸ USB transfer permitido (debug build)
2025-12-08 15:54:36.045  6807-6891  WorkPolicyManager       com.cdccreditsmart.app               I  
2025-12-08 15:54:36.045  6807-6891  WorkPolicyManager       com.cdccreditsmart.app               I  ðŸ‘¥ [3/5] CONTROLE DE USUÃRIOS
2025-12-08 15:54:36.045  6807-6891  WorkPolicyManager       com.cdccreditsmart.app               I  â”€â”€â”€â”€â”€â”€â”€â”€â”€â”€â”€â”€â”€â”€â”€â”€â”€â”€â”€â”€â”€â”€â”€â”€â”€â”€â”€â”€â”€â”€â”€â”€â”€â”€â”€â”€â”€â”€â”€â”€â”€â”€â”€â”€â”€â”€â”€â”€â”€â”€â”€â”€â”€â”€â”€â”€â”€â”€â”€â”€â”€â”€â”€
2025-12-08 15:54:36.200  6807-6891  SecureTokenStorage      com.cdccreditsmart.app               D  EncryptedSharedPreferences initialized successfully
2025-12-08 15:54:36.205  6807-6891  ContractCodeStorage     com.cdccreditsmart.app               D  Retrieving contract code from storage
2025-12-08 15:54:36.473  6807-6891  ContractCodeStorage     com.cdccreditsmart.app               D  Storage verification: 7 valid, 0 tampered, 0 missing
2025-12-08 15:54:36.474  6807-6891  ContractCodeStorage     com.cdccreditsmart.app               D  Contract code retrieved successfully
2025-12-08 15:54:36.495  6807-6891  WorkPolicyManager       com.cdccreditsmart.app               I     âœ… DISALLOW_ADD_USER
2025-12-08 15:54:36.525  6807-6891  WorkPolicyManager       com.cdccreditsmart.app               I     âœ… DISALLOW_REMOVE_USER
2025-12-08 15:54:36.540  6807-6891  WorkPolicyManager       com.cdccreditsmart.app               I     âœ… DISALLOW_USER_SWITCH
2025-12-08 15:54:36.581  6807-6891  SecureTokenStorage      com.cdccreditsmart.app               D  EncryptedSharedPreferences initialized successfully
2025-12-08 15:54:36.582  6807-6891  ContractCodeStorage     com.cdccreditsmart.app               D  Retrieving contract code from storage
2025-12-08 15:54:36.915  6807-6891  ContractCodeStorage     com.cdccreditsmart.app               D  Storage verification: 7 valid, 0 tampered, 0 missing
2025-12-08 15:54:36.915  6807-6891  ContractCodeStorage     com.cdccreditsmart.app               D  Contract code retrieved successfully
2025-12-08 15:54:36.930  6807-7093  okhttp.OkHttpClient     com.cdccreditsmart.app               I  --> POST https://cdccreditsmart.com/api/security/device-boot
2025-12-08 15:54:36.930  6807-7093  okhttp.OkHttpClient     com.cdccreditsmart.app               I  Content-Type: application/json; charset=UTF-8
2025-12-08 15:54:36.930  6807-7093  okhttp.OkHttpClient     com.cdccreditsmart.app               I  Content-Length: 499
2025-12-08 15:54:36.931  6807-7093  okhttp.OkHttpClient     com.cdccreditsmart.app               I  {"deviceFingerprint":"CDC_-1398084820_bf99da8d","bootTimestamp":1765220073943,"bootReason":"power_on","isFirstBootAfterInstall":false,"wasFactoryReset":false,"androidVersion":"16","apkVersion":"1.0.0-debug","securityPatchLevel":"2025-07-05","encryptionStatus":"unknown","deviceOwnerActive":true,"imei":"867400022047199","androidId":"f38346536f8c36bd","buildFingerprint":"google/sdk_gphone64_x86_64/emu64xa:16/BE2A.250530.026.D1/13818094:user/release-keys","hasAuthToken":true,"hasDeviceToken":false}
2025-12-08 15:54:36.931  6807-7093  okhttp.OkHttpClient     com.cdccreditsmart.app               I  --> END POST (499-byte body)
2025-12-08 15:54:36.932  6807-6891  WorkPolicyManager       com.cdccreditsmart.app               I     âœ… DISALLOW_MODIFY_ACCOUNTS
2025-12-08 15:54:36.932  6807-6891  WorkPolicyManager       com.cdccreditsmart.app               I  
2025-12-08 15:54:36.932  6807-6891  WorkPolicyManager       com.cdccreditsmart.app               I  ðŸŒ [4/5] CONFIGURAÃ‡Ã•ES DE REDE
2025-12-08 15:54:36.932  6807-6891  WorkPolicyManager       com.cdccreditsmart.app               I  â”€â”€â”€â”€â”€â”€â”€â”€â”€â”€â”€â”€â”€â”€â”€â”€â”€â”€â”€â”€â”€â”€â”€â”€â”€â”€â”€â”€â”€â”€â”€â”€â”€â”€â”€â”€â”€â”€â”€â”€â”€â”€â”€â”€â”€â”€â”€â”€â”€â”€â”€â”€â”€â”€â”€â”€â”€â”€â”€â”€â”€â”€â”€
2025-12-08 15:54:36.938  6807-6891  WorkPolicyManager       com.cdccreditsmart.app               I     âœ… DISALLOW_NETWORK_RESET
2025-12-08 15:54:36.971  6807-6891  WorkPolicyManager       com.cdccreditsmart.app               I     âœ… DISALLOW_CONFIG_VPN
2025-12-08 15:54:36.995  6807-6891  WorkPolicyManager       com.cdccreditsmart.app               I     âœ… DISALLOW_CONFIG_MOBILE_NETWORKS
2025-12-08 15:54:36.995  6807-6891  WorkPolicyManager       com.cdccreditsmart.app               I  
2025-12-08 15:54:36.995  6807-6891  WorkPolicyManager       com.cdccreditsmart.app               I  âš™ï¸ [5/5] CONFIGURAÃ‡Ã•ES DO SISTEMA
2025-12-08 15:54:36.995  6807-6891  WorkPolicyManager       com.cdccreditsmart.app               I  â”€â”€â”€â”€â”€â”€â”€â”€â”€â”€â”€â”€â”€â”€â”€â”€â”€â”€â”€â”€â”€â”€â”€â”€â”€â”€â”€â”€â”€â”€â”€â”€â”€â”€â”€â”€â”€â”€â”€â”€â”€â”€â”€â”€â”€â”€â”€â”€â”€â”€â”€â”€â”€â”€â”€â”€â”€â”€â”€â”€â”€â”€â”€
2025-12-08 15:54:36.998  6807-7093  SecureTokenStorage      com.cdccreditsmart.app               D  EncryptedSharedPreferences initialized successfully
2025-12-08 15:54:37.015  6807-6891  WorkPolicyManager       com.cdccreditsmart.app               I     âœ… DISALLOW_CONFIG_DATE_TIME
2025-12-08 15:54:37.028  6807-6891  WorkPolicyManager       com.cdccreditsmart.app               I     âœ… DISALLOW_MOUNT_PHYSICAL_MEDIA
2025-12-08 15:54:37.049  6807-6891  WorkPolicyManager       com.cdccreditsmart.app               I     âœ… System Update Policy: Postpone
2025-12-08 15:54:37.051  6807-6891  EnhancedProtections     com.cdccreditsmart.app               I  
2025-12-08 15:54:37.053  6807-6891  EnhancedProtections     com.cdccreditsmart.app               I  â•”â•â•â•â•â•â•â•â•â•â•â•â•â•â•â•â•â•â•â•â•â•â•â•â•â•â•â•â•â•â•â•â•â•â•â•â•â•â•â•â•â•â•â•â•â•â•â•â•â•â•â•â•â•â•â•â•â•â•â•â•â•â•â•â•â•—
2025-12-08 15:54:37.053  6807-6891  EnhancedProtections     com.cdccreditsmart.app               I  â•‘  ðŸš€ APLICANDO PROTEÃ‡Ã•ES AVANÃ‡ADAS CREDIT SMART                 â•‘
2025-12-08 15:54:37.053  6807-6891  EnhancedProtections     com.cdccreditsmart.app               I  â•šâ•â•â•â•â•â•â•â•â•â•â•â•â•â•â•â•â•â•â•â•â•â•â•â•â•â•â•â•â•â•â•â•â•â•â•â•â•â•â•â•â•â•â•â•â•â•â•â•â•â•â•â•â•â•â•â•â•â•â•â•â•â•â•â•â•
2025-12-08 15:54:37.053  6807-6891  EnhancedProtections     com.cdccreditsmart.app               I  
2025-12-08 15:54:37.055  6807-6891  EnhancedProtections     com.cdccreditsmart.app               I  â•â•â• ENABLE: Aplicando proteÃ§Ãµes â•â•â•
2025-12-08 15:54:37.057  6807-6892  NetworkErrorMapper      com.cdccreditsmart.app               E  DNS Resolution Failed: DNS resolution failed for api.example.com. Check internet connection and domain configuration.
2025-12-08 15:54:37.058  6807-6892  SimSwapManager          com.cdccreditsmart.app               E  ðŸ”’ SIM SWAP: Erro ao reportar para backend: DNS resolution failed for api.example.com. Check internet connection and domain configuration.
2025-12-08 15:54:37.058  6807-6892  SimSwapManager          com.cdccreditsmart.app               I  ========================================
2025-12-08 15:54:37.058  6807-6893  CDCApplication          com.cdccreditsmart.app               I  âœ… VerificaÃ§Ã£o de SIM swap concluÃ­da com sucesso
2025-12-08 15:54:37.059  6807-6891  ParentalControlBlocker  com.cdccreditsmart.app               I  
2025-12-08 15:54:37.059  6807-6891  ParentalControlBlocker  com.cdccreditsmart.app               I  â•”â•â•â•â•â•â•â•â•â•â•â•â•â•â•â•â•â•â•â•â•â•â•â•â•â•â•â•â•â•â•â•â•â•â•â•â•â•â•â•â•â•â•â•â•â•â•â•â•â•â•â•â•â•â•â•â•â•â•â•â•â•â•â•â•â•—
2025-12-08 15:54:37.059  6807-6891  ParentalControlBlocker  com.cdccreditsmart.app               I  â•‘  ðŸ›¡ï¸ BLOQUEANDO APPS DE CONTROLE PARENTAL                       â•‘
2025-12-08 15:54:37.059  6807-6891  ParentalControlBlocker  com.cdccreditsmart.app               I  â•šâ•â•â•â•â•â•â•â•â•â•â•â•â•â•â•â•â•â•â•â•â•â•â•â•â•â•â•â•â•â•â•â•â•â•â•â•â•â•â•â•â•â•â•â•â•â•â•â•â•â•â•â•â•â•â•â•â•â•â•â•â•â•â•â•â•
2025-12-08 15:54:37.059  6807-6891  ParentalControlBlocker  com.cdccreditsmart.app               I  
2025-12-08 15:54:37.081  6807-6891  ParentalControlBlocker  com.cdccreditsmart.app               I  âœ… Nenhum app de controle parental detectado
2025-12-08 15:54:37.081  6807-6891  EnhancedProtections     com.cdccreditsmart.app               I  âœ… Parental control bloqueado: Nenhum app de controle parental detectado
2025-12-08 15:54:37.081  6807-6891  EnhancedProtections     com.cdccreditsmart.app               I  
2025-12-08 15:54:37.081  6807-6891  EnhancedProtections     com.cdccreditsmart.app               I  â•â•â• BLOQUEIO DE SYSTEM UPDATES â•â•â•
2025-12-08 15:54:37.088  6807-6891  EnhancedProtections     com.cdccreditsmart.app               I  System updates ADIADOS
2025-12-08 15:54:37.088  6807-6891  EnhancedProtections     com.cdccreditsmart.app               I  âœ… System updates bloqueado
2025-12-08 15:54:37.088  6807-6891  EnhancedProtections     com.cdccreditsmart.app               I  
2025-12-08 15:54:37.088  6807-6891  EnhancedProtections     com.cdccreditsmart.app               I  â•â•â• CONFIGURAÃ‡ÃƒO POWER SAVING MODE â•â•â•
2025-12-08 15:54:37.103  6807-6891  EnhancedProtections     com.cdccreditsmart.app               I  ConfiguraÃ§Ã£o de brilho bloqueada
2025-12-08 15:54:37.103  6807-6891  EnhancedProtections     com.cdccreditsmart.app               I  âœ… Power saving configurado
2025-12-08 15:54:37.103  6807-6891  EnhancedProtections     com.cdccreditsmart.app               I  
2025-12-08 15:54:37.104  6807-6891  EnhancedProtections     com.cdccreditsmart.app               I  â•â•â• BLOQUEIO DE MULTI-WINDOW â•â•â•
2025-12-08 15:54:37.122  6807-6891  EnhancedProtections     com.cdccreditsmart.app               I  Multi-window BLOQUEADO
2025-12-08 15:54:37.125  6807-6891  EnhancedProtections     com.cdccreditsmart.app               I  âœ… Multi-window bloqueado
---------------------------- PROCESS STARTED (7106) for package com.cdccreditsmart.app ----------------------------
2025-12-08 15:54:37.176  7106-7106  nativeloader            com.cdccreditsmart.app               D  Load libframework-connectivity-tiramisu-jni.so using APEX ns com_android_tethering for caller /apex/com.android.tethering/javalib/framework-connectivity-t.jar: ok
2025-12-08 15:54:37.199  6807-6891  EnhancedProtections     com.cdccreditsmart.app               I  
2025-12-08 15:54:37.199  6807-6891  EnhancedProtections     com.cdccreditsmart.app               I  â•”â•â•â•â•â•â•â•â•â•â•â•â•â•â•â•â•â•â•â•â•â•â•â•â•â•â•â•â•â•â•â•â•â•â•â•â•â•â•â•â•â•â•â•â•â•â•â•â•â•â•â•â•â•â•â•â•â•â•â•â•â•â•â•â•â•—
2025-12-08 15:54:37.199  6807-6891  EnhancedProtections     com.cdccreditsmart.app               I  â•‘  ðŸ“Š RESUMO DAS PROTEÃ‡Ã•ES AVANÃ‡ADAS                             â•‘
2025-12-08 15:54:37.199  6807-6891  EnhancedProtections     com.cdccreditsmart.app               I  â• â•â•â•â•â•â•â•â•â•â•â•â•â•â•â•â•â•â•â•â•â•â•â•â•â•â•â•â•â•â•â•â•â•â•â•â•â•â•â•â•â•â•â•â•â•â•â•â•â•â•â•â•â•â•â•â•â•â•â•â•â•â•â•â•â•£
2025-12-08 15:54:37.199  6807-6891  EnhancedProtections     com.cdccreditsmart.app               I  â•‘  OperaÃ§Ã£o: ATIVAR                                          â•‘
2025-12-08 15:54:37.199  6807-6891  EnhancedProtections     com.cdccreditsmart.app               I  â•‘  Success: true                                              â•‘
2025-12-08 15:54:37.199  6807-6891  EnhancedProtections     com.cdccreditsmart.app               I  â•‘  PolÃ­ticas aplicadas: 4                                     â•‘
2025-12-08 15:54:37.199  6807-6891  EnhancedProtections     com.cdccreditsmart.app               I  â•‘  Apps de controle parental detectados: 0                  â•‘
2025-12-08 15:54:37.199  6807-6891  EnhancedProtections     com.cdccreditsmart.app               I  â• â•â•â•â•â•â•â•â•â•â•â•â•â•â•â•â•â•â•â•â•â•â•â•â•â•â•â•â•â•â•â•â•â•â•â•â•â•â•â•â•â•â•â•â•â•â•â•â•â•â•â•â•â•â•â•â•â•â•â•â•â•â•â•â•â•£
2025-12-08 15:54:37.199  6807-6891  EnhancedProtections     com.cdccreditsmart.app               I  â•‘  â†’ Parental: Nenhum app de controle parental detectado
2025-12-08 15:54:37.199  6807-6891  EnhancedProtections     com.cdccreditsmart.app               I  â•‘  â†’ System updates: bloqueado
2025-12-08 15:54:37.199  6807-6891  EnhancedProtections     com.cdccreditsmart.app               I  â•‘  â†’ Power saving: configurado
2025-12-08 15:54:37.199  6807-6891  EnhancedProtections     com.cdccreditsmart.app               I  â•‘  â†’ Multi-window: bloqueado
2025-12-08 15:54:37.199  6807-6891  EnhancedProtections     com.cdccreditsmart.app               I  â•šâ•â•â•â•â•â•â•â•â•â•â•â•â•â•â•â•â•â•â•â•â•â•â•â•â•â•â•â•â•â•â•â•â•â•â•â•â•â•â•â•â•â•â•â•â•â•â•â•â•â•â•â•â•â•â•â•â•â•â•â•â•â•â•â•â•
2025-12-08 15:54:37.199  6807-6891  EnhancedProtections     com.cdccreditsmart.app               I  
2025-12-08 15:54:37.303  6807-6891  WorkPolicyManager       com.cdccreditsmart.app               I     âœ… setLockTaskPackages: 4 apps permitidos
2025-12-08 15:54:37.314  6807-6891  WorkPolicyManager       com.cdccreditsmart.app               I     âœ… setLockTaskFeatures configurado (Android 9+)
2025-12-08 15:54:37.335  6807-6891  WorkPolicyManager       com.cdccreditsmart.app               I  
2025-12-08 15:54:37.335  6807-6891  WorkPolicyManager       com.cdccreditsmart.app               I  â•”â•â•â•â•â•â•â•â•â•â•â•â•â•â•â•â•â•â•â•â•â•â•â•â•â•â•â•â•â•â•â•â•â•â•â•â•â•â•â•â•â•â•â•â•â•â•â•â•â•â•â•â•â•â•â•â•â•â•â•â•â•â•â•â•â•—
2025-12-08 15:54:37.347  6807-6891  WorkPolicyManager       com.cdccreditsmart.app               I  â•‘  ðŸ“Š RESUMO DAS POLÃTICAS DE TRABALHO                           â•‘
2025-12-08 15:54:37.348  6807-6891  WorkPolicyManager       com.cdccreditsmart.app               I  â• â•â•â•â•â•â•â•â•â•â•â•â•â•â•â•â•â•â•â•â•â•â•â•â•â•â•â•â•â•â•â•â•â•â•â•â•â•â•â•â•â•â•â•â•â•â•â•â•â•â•â•â•â•â•â•â•â•â•â•â•â•â•â•â•â•£
2025-12-08 15:54:37.348  6807-6891  WorkPolicyManager       com.cdccreditsmart.app               I  â•‘  ðŸ‘‘ NÃ­vel de proteÃ§Ã£o: DEVICE OWNER FULL
2025-12-08 15:54:37.348  6807-6891  WorkPolicyManager       com.cdccreditsmart.app               I  â•‘  ðŸ“‹ PolÃ­ticas aplicadas: 21
2025-12-08 15:54:37.348  6807-6891  WorkPolicyManager       com.cdccreditsmart.app               I  â• â•â•â•â•â•â•â•â•â•â•â•â•â•â•â•â•â•â•â•â•â•â•â•â•â•â•â•â•â•â•â•â•â•â•â•â•â•â•â•â•â•â•â•â•â•â•â•â•â•â•â•â•â•â•â•â•â•â•â•â•â•â•â•â•â•£
2025-12-08 15:54:37.348  6807-6891  WorkPolicyManager       com.cdccreditsmart.app               I  â•‘  âœ… PROTEÃ‡Ã•ES ATIVAS:
2025-12-08 15:54:37.348  6807-6891  WorkPolicyManager       com.cdccreditsmart.app               I  â•‘     âœ… DesinstalaÃ§Ã£o bloqueada
2025-12-08 15:54:37.348  6807-6891  WorkPolicyManager       com.cdccreditsmart.app               I  â•‘     âœ… Force Stop bloqueado
2025-12-08 15:54:37.348  6807-6891  WorkPolicyManager       com.cdccreditsmart.app               I  â•‘     âœ… Clear Data bloqueado
2025-12-08 15:54:37.348  6807-6891  WorkPolicyManager       com.cdccreditsmart.app               I  â•‘     âœ… Controle do usuÃ¡rio desabilitado
2025-12-08 15:54:37.348  6807-6891  WorkPolicyManager       com.cdccreditsmart.app               I  â•‘     âœ… Wipe por senha incorreta desabilitado
2025-12-08 15:54:37.348  6807-6891  WorkPolicyManager       com.cdccreditsmart.app               I  â•‘     âœ… Safe Mode bloqueado
2025-12-08 15:54:37.348  6807-6891  WorkPolicyManager       com.cdccreditsmart.app               I  â•‘     âœ… AdiÃ§Ã£o de usuÃ¡rios bloqueada
2025-12-08 15:54:37.348  6807-6891  WorkPolicyManager       com.cdccreditsmart.app               I  â•‘     âœ… RemoÃ§Ã£o de usuÃ¡rios bloqueada
2025-12-08 15:54:37.348  6807-6891  WorkPolicyManager       com.cdccreditsmart.app               I  â•‘     âœ… Troca de usuÃ¡rios bloqueada
2025-12-08 15:54:37.348  6807-6891  WorkPolicyManager       com.cdccreditsmart.app               I  â•‘     âœ… ModificaÃ§Ã£o de contas bloqueada
2025-12-08 15:54:37.348  6807-6891  WorkPolicyManager       com.cdccreditsmart.app               I  â•‘     âœ… Network Reset bloqueado
2025-12-08 15:54:37.348  6807-6891  WorkPolicyManager       com.cdccreditsmart.app               I  â•‘     âœ… ConfiguraÃ§Ã£o de VPN bloqueada
2025-12-08 15:54:37.348  6807-6891  WorkPolicyManager       com.cdccreditsmart.app               I  â•‘     âœ… ConfiguraÃ§Ã£o de rede mÃ³vel bloqueada
2025-12-08 15:54:37.348  6807-6891  WorkPolicyManager       com.cdccreditsmart.app               I  â•‘     âœ… ConfiguraÃ§Ã£o de data/hora bloqueada
2025-12-08 15:54:37.348  6807-6891  WorkPolicyManager       com.cdccreditsmart.app               I  â•‘     âœ… Montagem de mÃ­dia externa bloqueada
2025-12-08 15:54:37.348  6807-6891  WorkPolicyManager       com.cdccreditsmart.app               I  â•‘     âœ… PolÃ­tica de atualizaÃ§Ãµes configurada
2025-12-08 15:54:37.348  6807-6891  WorkPolicyManager       com.cdccreditsmart.app               I  â•‘     âœ… ProteÃ§Ãµes avanÃ§adas aplicadas
2025-12-08 15:54:37.348  6807-6891  WorkPolicyManager       com.cdccreditsmart.app               I  â•‘     âœ… Lock Task Mode configurado (kiosk)
2025-12-08 15:54:37.348  6807-6891  WorkPolicyManager       com.cdccreditsmart.app               I  â• â•â•â•â•â•â•â•â•â•â•â•â•â•â•â•â•â•â•â•â•â•â•â•â•â•â•â•â•â•â•â•â•â•â•â•â•â•â•â•â•â•â•â•â•â•â•â•â•â•â•â•â•â•â•â•â•â•â•â•â•â•â•â•â•â•£
2025-12-08 15:54:37.348  6807-6891  WorkPolicyManager       com.cdccreditsmart.app               I  â•‘  âš ï¸ AVISOS:
2025-12-08 15:54:37.348  6807-6891  WorkPolicyManager       com.cdccreditsmart.app               W  â•‘     âš ï¸ Factory Reset via Recovery Mode nÃ£o Ã© bloqueÃ¡vel
2025-12-08 15:54:37.348  6807-6891  WorkPolicyManager       com.cdccreditsmart.app               W  â•‘     âš ï¸ USB Debugging ativo (modo debug)
2025-12-08 15:54:37.348  6807-6891  WorkPolicyManager       com.cdccreditsmart.app               I  â•šâ•â•â•â•â•â•â•â•â•â•â•â•â•â•â•â•â•â•â•â•â•â•â•â•â•â•â•â•â•â•â•â•â•â•â•â•â•â•â•â•â•â•â•â•â•â•â•â•â•â•â•â•â•â•â•â•â•â•â•â•â•â•â•â•â•
2025-12-08 15:54:37.348  6807-6891  WorkPolicyManager       com.cdccreditsmart.app               I  
2025-12-08 15:54:37.348  6807-6891  CdcForegroundService    com.cdccreditsmart.app               I  ðŸ¢ Resultado: DEVICE_OWNER_FULL
2025-12-08 15:54:37.348  6807-6891  CdcForegroundService    com.cdccreditsmart.app               I  ðŸ¢ PolÃ­ticas aplicadas: 21/20
2025-12-08 15:54:37.349  6807-6891  CdcForegroundService    com.cdccreditsmart.app               W  ðŸ¢ âš ï¸ Factory Reset via Recovery Mode nÃ£o Ã© bloqueÃ¡vel
2025-12-08 15:54:37.349  6807-6891  CdcForegroundService    com.cdccreditsmart.app               W  ðŸ¢ âš ï¸ USB Debugging ativo (modo debug)
2025-12-08 15:54:37.349  6807-6891  CdcForegroundService    com.cdccreditsmart.app               I  ðŸ¢ ========================================
2025-12-08 15:54:37.349  6807-6891  CdcForegroundService    com.cdccreditsmart.app               I  ðŸ›¡ï¸ ========================================
2025-12-08 15:54:37.349  6807-6891  CdcForegroundService    com.cdccreditsmart.app               I  ðŸ›¡ï¸ INICIANDO SETTINGS GUARD (PROTEÃ‡ÃƒO AGRESSIVA)
2025-12-08 15:54:37.349  6807-6891  CdcForegroundService    com.cdccreditsmart.app               I  ðŸ›¡ï¸ ========================================
2025-12-08 15:54:37.360  6807-6891  AutoPermissionManager   com.cdccreditsmart.app               I  ðŸ” ForÃ§ando concessÃ£o de permissÃµes especiais...
2025-12-08 15:54:37.424  6807-6891  SettingsGuardService    com.cdccreditsmart.app               I  ðŸ›¡ï¸ SettingsGuard INICIADO
2025-12-08 15:54:37.424  6807-6891  SettingsGuardService    com.cdccreditsmart.app               I     Modo de proteÃ§Ã£o: DEVICE_OWNER
2025-12-08 15:54:37.424  6807-6891  SettingsGuardService    com.cdccreditsmart.app               I     âœ… Device Owner: ProteÃ§Ã£o mÃ¡xima ativa (setUninstallBlocked)
2025-12-08 15:54:37.424  6807-6891  SettingsGuardService    com.cdccreditsmart.app               I     ðŸ“¡ MONITORAMENTO ATIVO - protegendo telas de Settings/App Info
2025-12-08 15:54:37.424  6807-6891  SettingsGuardService    com.cdccreditsmart.app               I     ðŸ“¡ Mesmo com setUninstallBlocked, usuÃ¡rio nÃ£o pode ver telas de admin
2025-12-08 15:54:37.424  6807-6891  SettingsGuardService    com.cdccreditsmart.app               I  ðŸ” Iniciando monitoramento ativo de Settings...
2025-12-08 15:54:37.452  6807-6891  SettingsGuardService    com.cdccreditsmart.app               I  ðŸ“¢ NotificaÃ§Ã£o de permissÃ£o USAGE_STATS cancelada
2025-12-08 15:54:37.563  6807-6891  CdcForegroundService    com.cdccreditsmart.app               I  ðŸ›¡ï¸ Guard ativo: true
2025-12-08 15:54:37.563  6807-6891  CdcForegroundService    com.cdccreditsmart.app               I  ðŸ›¡ï¸ Modo proteÃ§Ã£o: DEVICE_OWNER
2025-12-08 15:54:37.563  6807-6891  CdcForegroundService    com.cdccreditsmart.app               I  ðŸ›¡ï¸ Modo agressivo: false
2025-12-08 15:54:37.563  6807-6891  CdcForegroundService    com.cdccreditsmart.app               I  ðŸ›¡ï¸ UsageStats: âœ… ATIVO
2025-12-08 15:54:37.563  6807-6891  CdcForegroundService    com.cdccreditsmart.app               I  ðŸ›¡ï¸ Overlay: âœ… ATIVO
2025-12-08 15:54:37.563  6807-6891  CdcForegroundService    com.cdccreditsmart.app               I  ðŸ›¡ï¸ ========================================
2025-12-08 15:54:37.593  6807-6807  CDCDeviceAdminReceiver  com.cdccreditsmart.app               I  User added: UserHandle{10}
2025-12-08 15:54:37.631  6807-6807  CDCDeviceAdminReceiver  com.cdccreditsmart.app               I  User started: UserHandle{10}
2025-12-08 15:54:37.700  6807-6861  CompatChangeReporter    com.cdccreditsmart.app               D  Compat change id reported: 312399441; UID 10217; state: ENABLED
2025-12-08 15:54:38.137  6807-6892  SecureTokenStorage      com.cdccreditsmart.app               D  EncryptedSharedPreferences initialized successfully
2025-12-08 15:54:38.143  6807-6892  ContractCodeStorage     com.cdccreditsmart.app               D  Retrieving contract code from storage
2025-12-08 15:54:38.219  6807-7093  okhttp.OkHttpClient     com.cdccreditsmart.app               I  <-- 200 https://cdccreditsmart.com/api/security/device-boot (1288ms)
2025-12-08 15:54:38.219  6807-7093  okhttp.OkHttpClient     com.cdccreditsmart.app               I  access-control-allow-credentials: true
2025-12-08 15:54:38.219  6807-7093  okhttp.OkHttpClient     com.cdccreditsmart.app               I  access-control-allow-headers: Origin, X-Requested-With, Content-Type, Accept, Authorization, x-client-key, x-client-token, x-client-secret, cache-control
2025-12-08 15:54:38.219  6807-7093  okhttp.OkHttpClient     com.cdccreditsmart.app               I  access-control-allow-methods: GET, POST, PUT, PATCH, DELETE, OPTIONS
2025-12-08 15:54:38.219  6807-7093  okhttp.OkHttpClient     com.cdccreditsmart.app               I  access-control-allow-origin: *
2025-12-08 15:54:38.219  6807-7093  okhttp.OkHttpClient     com.cdccreditsmart.app               I  access-control-max-age: 86400
2025-12-08 15:54:38.219  6807-7093  okhttp.OkHttpClient     com.cdccreditsmart.app               I  content-length: 49223
2025-12-08 15:54:38.219  6807-7093  okhttp.OkHttpClient     com.cdccreditsmart.app               I  content-security-policy: default-src 'self'; script-src 'self' 'unsafe-inline' 'unsafe-eval' https://replit.com; style-src 'self' 'unsafe-inline' https://replit.com; img-src 'self' data: https:; font-src 'self' data: https://replit.com; connect-src 'self';
2025-12-08 15:54:38.219  6807-7093  okhttp.OkHttpClient     com.cdccreditsmart.app               I  content-type: application/json; charset=utf-8
2025-12-08 15:54:38.219  6807-7093  okhttp.OkHttpClient     com.cdccreditsmart.app               I  date: Mon, 08 Dec 2025 18:54:37 GMT
2025-12-08 15:54:38.219  6807-7093  okhttp.OkHttpClient     com.cdccreditsmart.app               I  etag: W/"c047-6mcDYhFbm0cHhwrC6Xm02kZ8mLU"
2025-12-08 15:54:38.220  6807-7093  okhttp.OkHttpClient     com.cdccreditsmart.app               I  permissions-policy: geolocation=(), microphone=(), camera=()
2025-12-08 15:54:38.220  6807-7093  okhttp.OkHttpClient     com.cdccreditsmart.app               I  referrer-policy: strict-origin-when-cross-origin
2025-12-08 15:54:38.220  6807-7093  okhttp.OkHttpClient     com.cdccreditsmart.app               I  strict-transport-security: max-age=63072000; includeSubDomains
2025-12-08 15:54:38.220  6807-7093  okhttp.OkHttpClient     com.cdccreditsmart.app               I  strict-transport-security: max-age=31536000; includeSubDomains
2025-12-08 15:54:38.220  6807-7093  okhttp.OkHttpClient     com.cdccreditsmart.app               I  x-anti-fraud-protection: active
2025-12-08 15:54:38.220  6807-7093  okhttp.OkHttpClient     com.cdccreditsmart.app               I  x-certificate-pinning-enabled: false
2025-12-08 15:54:38.220  6807-7093  okhttp.OkHttpClient     com.cdccreditsmart.app               I  x-certificate-pinning-status: disabled-for-stability
2025-12-08 15:54:38.220  6807-7093  okhttp.OkHttpClient     com.cdccreditsmart.app               I  x-content-type-options: nosniff
2025-12-08 15:54:38.220  6807-7093  okhttp.OkHttpClient     com.cdccreditsmart.app               I  x-financial-data-protection: enabled
2025-12-08 15:54:38.220  6807-7093  okhttp.OkHttpClient     com.cdccreditsmart.app               I  x-frame-options: DENY
2025-12-08 15:54:38.220  6807-7093  okhttp.OkHttpClient     com.cdccreditsmart.app               I  x-transaction-security-level: maximum
2025-12-08 15:54:38.220  6807-7093  okhttp.OkHttpClient     com.cdccreditsmart.app               I  x-xss-protection: 1; mode=block
2025-12-08 15:54:38.220  6807-7093  okhttp.OkHttpClient     com.cdccreditsmart.app               I  via: 1.1 google
2025-12-08 15:54:38.220  6807-7093  okhttp.OkHttpClient     com.cdccreditsmart.app               I  alt-svc: h3=":443"; ma=2592000,h3-29=":443"; ma=2592000
2025-12-08 15:54:38.319  6807-7093  okhttp.OkHttpClient     com.cdccreditsmart.app               I  {"success":true,"deviceId":"device_1765148771462_4teww42p114","serialNumber":"XV8W5766","pendingCommands":[{"commandId":"ce8501aa-7d9f-49c4-8a50-07c794a3f293","commandType":"BLOCK_APPS_PROGRESSIVE","parameters":{"rules":[{"days":0,"level":0,"categories":[],"exceptions":[],"message_body":"Seu dispositivo estÃ¡ funcionando normalmente. Todas as parcelas estÃ£o em dia.","message_title":"RestriÃ§Ãµes Removidas"},{"days":3,"level":1,"categories":["photos","gallery","video_players","web_browsers"],"exceptions":["com.android.dialer","com.android.phone","com.android.contacts","com.android.messaging","com.google.android.apps.messaging","com.whatsapp","com.whatsapp.w4b","com.ubercab","com.ubercab.driver","br.com.uberetudo","com.tappsi","com.rappibr","br.com.loggi","br.com.ifood","br.com.zdasapp","br.gov.datasus.cnsdigital","br.gov.governoeletronico.meugovbr","br.gov.previc.meuinss","br.gov.economia.caixatrabalhador","br.gov.dpf.carteiradetrabalho","br.gov.fazenda.receita.cpf","br.gov.tse.eleitoral.e_titulo","br.com.poupatempo","br.gov.serpro.cnhe","br.gov.datasus.conectesus","br.gov.datasus.sisrede","com.itau","com.bradesco","com.santander.app","br.com.bb.android","com.caixa","com.nu.production","com.inter.app","com.c6bank.app","br.com.intermedium","com.pagseguro.app","br.com.original.bank","br.com.digio","br.com.neon","com.mercadopago.wallet","br.com.picpay","br.com.recargapay","com.paypal.android","br.com.xpi.maisrica","br.com.rico.maisrico","com.clear.corretora","br.com.modalmais","br.com.binance.app","com.coinbase.android","br.com.mercadobitcoin","com.google.android.gm","com.microsoft.office.outlook"],"message_body":"Seu aparelho estÃ¡ com atraso de 3 dias. Aplicativos de fotos, galeria, vÃ­deos e navegadores foram temporariamente restritos. Apps essenciais (trabalho, bancos, governo, documentos) permanecem acessÃ­veis.","message_title":"AtenÃ§Ã£o: limite de apps reduzido"},{"days":6,"level":2,"categories":["youtube","music_players","play_store","games"],"exceptions":["com.android.dialer","com.android.phone","com.android.contacts","com.android.messaging","com.google.android.apps.messaging","com.whatsapp","com.whatsapp.w4b","com.ubercab","com.ubercab.driver","br.com.uberetudo","com.tappsi","com.rappibr","br.com.loggi","br.com.ifood","br.com.zdasapp","br.gov.datasus.cnsdigital","br.gov.governoeletronico.meugovbr","br.gov.previc.meuinss","br.gov.economia.caixatrabalhador","br.gov.dpf.carteiradetrabalho","br.gov.fazenda.receita.cpf","br.gov.tse.eleitoral.e_titulo","br.com.poupatempo","br.gov.serpro.cnhe","br.gov.datasus.conectesus","br.gov.datasus.sisrede","com.itau","com.bradesco","com.santander.app","br.com.bb.android","com.caixa","com.nu.production","com.inter.app","com.c6bank.app","br.com.intermedium","com.pagseguro.app","br.com.original.bank","br.com.digio","br.com.neon","com.mercadopago.wallet","br.com.picpay","br.com.recargapay","com.paypal.android","br.com.xpi.maisrica","br.com.rico.maisrico","com.clear.corretora","br.com.modalmais","br.com.binance.app","com.coinbase.android","br.com.mercadobitcoin","com.google.android.gm","com.microsoft.office.outlook"],"message_body":"Atraso de 6 dias. YouTube, apps de mÃºsica, Play Store e jogos foram restritos. Apps essenciais (trabalho, bancos, governo, documentos) permanecem acessÃ­veis.","message_title":"AtenÃ§Ã£o: restriÃ§Ã£o ampliada"},{"days":9,"level":3,"categories":["social_media"],"exceptions":["com.android.dialer","com.android.phone","com.android.contacts","com.android.messaging","com.google.android.apps.messaging","com.whatsapp","com.whatsapp.w4b","com.ubercab","com.ubercab.driver","br.com.uberetudo","com.tappsi","com.rappibr","br.com.loggi","br.com.ifood","br.com.zdasapp","br.gov.datasus.cnsdigital","br.gov.governoeletronico.meugovbr","br.gov.previc.meuinss","br.gov.economia.caixatrabalhador","br.gov.dpf.carteiradetrabalho","br.gov.fazenda.receita.cpf","br.gov.tse.eleitoral.e_titulo","br.com.poupatempo","br.gov.serpro.cnhe","br.gov.datasus.conectesus","br.gov.datasus.sisrede","com.itau","com.br
