                                                                                                    	at com.android.server.devicepolicy.DevicePolicyManagerService.enforceCanQueryLockTaskLocked(DevicePolicyManagerService.java:11251)
                                                                                                    	at com.android.server.devicepolicy.DevicePolicyManagerService.getLockTaskPackages(DevicePolicyManagerService.java:15081)
                                                                                                    	at android.app.admin.IDevicePolicyManager$Stub.onTransact(IDevicePolicyManager.java:4457)
                                                                                                    	at android.os.Binder.execTransactInternal(Binder.java:1339)
                                                                                                    	at android.os.Binder.execTransact(Binder.java:1275)
2026-01-27 18:37:41.284 28707-28707 CDCDeviceAdminReceiver  com.cdccreditsmart.app               I  [2026-01-27 18:37:41.281] [PID:28707] [TID:2|main]    ğŸ’¾ Storage encryption status: false
2026-01-27 18:37:41.286 28707-28707 CDCDeviceAdminReceiver  com.cdccreditsmart.app               I  [2026-01-27 18:37:41.284] [PID:28707] [TID:2|main] âœ… Device capabilities analysis completed
2026-01-27 18:37:41.287 28707-28707 CDC_PROVISIONING_DEBUG  com.cdccreditsmart.app               I  [2026-01-27 18:37:41.286] [PID:28707] [TID:2|main] ğŸ“‹ CALLBACK SEQUENCE (1 callbacks):
2026-01-27 18:37:41.291 28707-28707 CDC_PROVISIONING_DEBUG  com.cdccreditsmart.app               I  [2026-01-27 18:37:41.288] [PID:28707] [TID:2|main]    1. 2026-01-27 18:37:40.862 - onEnabled
2026-01-27 18:37:41.294 28707-28707 CDC_PROVISIONING_DEBUG  com.cdccreditsmart.app               I  [2026-01-27 18:37:41.291] [PID:28707] [TID:2|main] ğŸ” HANG DETECTION CHECK:
2026-01-27 18:37:41.297 28707-28707 CDC_PROVISIONING_DEBUG  com.cdccreditsmart.app               I  [2026-01-27 18:37:41.294] [PID:28707] [TID:2|main]    â±ï¸ Time since provisioning start: 429ms
2026-01-27 18:37:41.300 28707-28707 CDC_PROVISIONING_DEBUG  com.cdccreditsmart.app               I  [2026-01-27 18:37:41.297] [PID:28707] [TID:2|main]    â±ï¸ Time since last callback: 429ms
2026-01-27 18:37:41.304 28707-28707 CDCDeviceAdminReceiver  com.cdccreditsmart.app               I  [2026-01-27 18:37:41.300] [PID:28707] [TID:2|main] âœ… Admin enablement verification completed successfully
2026-01-27 18:37:41.306 28707-28707 CDCDeviceAdminReceiver  com.cdccreditsmart.app               I  [2026-01-27 18:37:41.304] [PID:28707] [TID:2|main] ğŸ onEnabled callback completed - work profile preparation should continue
2026-01-27 18:37:41.309 28707-28707 CDCDeviceAdminReceiver  com.cdccreditsmart.app               I  [2026-01-27 18:37:41.306] [PID:28707] [TID:2|main] ğŸ”‘ =================================================================
2026-01-27 18:37:41.310 28707-28707 CheckTime               com.cdccreditsmart.app               W  App running slow: Executing com.cdccreditsmart.device.CDCDeviceAdminReceiver onReceive took 458ms
2026-01-27 18:37:41.311 28707-28707 CheckTime               com.cdccreditsmart.app               W  App running slow: Executing com.cdccreditsmart.device.CDCDeviceAdminReceiver scheduleReceive took 1142ms
2026-01-27 18:37:41.369 28707-28707 FactoryResetRecovery    com.cdccreditsmart.app               I  ========================================
2026-01-27 18:37:41.369 28707-28707 FactoryResetRecovery    com.cdccreditsmart.app               I  ğŸ”„ BOOT DETECTADO (android.intent.action.LOCKED_BOOT_COMPLETED) - Verificando recuperaÃ§Ã£o
2026-01-27 18:37:41.369 28707-28707 FactoryResetRecovery    com.cdccreditsmart.app               I  ========================================
2026-01-27 18:37:41.431 28707-28707 BootReceiver            com.cdccreditsmart.app               I  Boot completed - iniciando servicos...
2026-01-27 18:37:41.457 28707-29558 System                  com.cdccreditsmart.app               W  ClassLoader referenced unknown path: 
2026-01-27 18:37:41.458 28707-28707 PlayProtectManager      com.cdccreditsmart.app               D  App nao e Device Owner - pulando desabilitacao do Play Protect
2026-01-27 18:37:41.460 28707-29558 nativeloader            com.cdccreditsmart.app               D  Configuring clns-5 for other apk . target_sdk_version=36, uses_libraries=, library_path=/data/app/~~5mZ_FTk1A5jlnCNNCtab2w==/com.google.android.gms-lYxjf16gLKKEfmhcNEvaKw==/lib/arm64:/data/app/~~5mZ_FTk1A5jlnCNNCtab2w==/com.google.android.gms-lYxjf16gLKKEfmhcNEvaKw==/base.apk!/lib/arm64-v8a, permitted_path=/data:/mnt/expand:/data/user/15/com.google.android.gms
2026-01-27 18:37:41.468 28707-28707 CdcForegroundService    com.cdccreditsmart.app               I  âœ… ServiÃ§o iniciado via startService()
2026-01-27 18:37:41.523 28707-28707 OfflineEnf...mentWorker com.cdccreditsmart.app               I  âœ… OfflineEnforcementWorker agendado
2026-01-27 18:37:41.523 28707-28707 BootReceiver            com.cdccreditsmart.app               I  OfflineEnforcementWorker agendado apos boot
2026-01-27 18:37:41.568 26748-27009 ContractCodeStorage     com.cdccreditsmart.app               D  Verification complete: 7/7 locations valid
2026-01-27 18:37:41.613 28707-28707 PeriodicOverlayWorker   com.cdccreditsmart.app               I  ğŸ“… Agendando overlay automÃ¡tico
2026-01-27 18:37:41.615 28707-29558 creditsmart.app         com.cdccreditsmart.app               W  ClassLoaderContext classpath size mismatch. expected=14, found=34 (DLC[];PCL[base.apk*2362749783:base.apk!classes2.dex*2077728071:base.apk!classes3.dex*1470417517:base.apk!classes4.dex*921131364:base.apk!classes5.dex*533800944:base.apk!classes6.dex*2480635451:base.apk!classes7.dex*3035607751:base.apk!classes8.dex*1976413802:base.apk!classes9.dex*2452502054:base.apk!classes10.dex*4246123040:base.apk!classes11.dex*1195442794:base.apk!classes12.dex*3354210108:base.apk!classes13.dex*3966868064:base.apk!classes14.dex*3551114499]{PCL[/system/framework/org.apache.http.legacy.jar*3284119652]#PCL[/system/framework/com.android.media.remotedisplay.jar*2114713713]#PCL[/system/framework/com.android.location.provider.jar*3994156536]#PCL[/system/framework/org.apache.http.legacy.jar*3284119652]} | DLC[];PCL[/data/app/~~y5Ug8_1IZogkHjr2ihkBPw==/com.cdccreditsmart.app-YpXe1K_ojCjHAkbanIT2xg==/base.apk*1362708920:/data/app/~~y5Ug8_1IZogkHjr2ihkBPw==/com.cdccreditsmart.app-YpXe1K_ojCjHAkbanIT2xg==/base.apk!classes2.dex*3411762131:/data/app/~~y5Ug8_1IZogkHjr2ihkBPw==/com.cdccreditsmart.app-YpXe1K_ojCjHAkbanIT2xg==/base.apk!classes3.dex*4068461433:/data/app/~~y5Ug8_1IZogkHjr2ihkBPw==/com.cdccreditsmart.app-YpXe1K_ojCjHAkbanIT2xg==/base.apk!classes4.dex*3508681499:/data/app/~~y5Ug8_1IZogkHjr2ihkBPw==/com.cdccreditsmart.app-YpXe1K_ojCjHAkbanIT2xg==/base.apk!classes5.dex*1758015153:/data/app/~~y5Ug8_1IZogkHjr2ihkBPw==/com.cdccreditsmart.app-YpXe1K_ojCjHAkbanIT2xg==/base.apk!classes6.dex*3274477481:/data/app/~~y5Ug8_1IZogkHjr2ihkBPw==/com.cdccreditsmart.app-YpXe1K_ojCjHAkbanIT2xg==/base.apk!classes7.dex*1804973077:/data/app/~~y5Ug8_1IZogkHjr2ihkBPw==/com.cdccreditsmart.app-YpXe1K_ojCjHAkbanIT2xg==/base.apk!classes8.dex*2363983019:/data/app/~~y5Ug8_1IZogkHjr2ihkBPw==/com.cdccreditsmart.app-YpXe1K_ojCjHAkbanIT2xg==/base.apk!classes9.dex*3611709176:/data/app/~~y5Ug8_1IZogkHjr2ihkBPw==/com.cdccreditsmart.app-YpXe1K_ojCjHAkbanIT2xg==/base.apk!classes10.dex*2652566590:/data/app/~~y5Ug8_1IZogkHjr2ihkBPw==/com.cdccreditsmart.app-YpXe1K_ojCjHAkbanIT2xg==/base.apk!classes11.dex*2522320244:/data/app/~~y5Ug8_1IZogkHjr2ihkBPw==/com.cdccreditsmart.app-YpXe1K_ojCjHAkbanIT2xg==/base.apk!classes12.dex*2451601201:/data/app/~~y5Ug8_1IZogkHjr2ihkBPw==/com.cdccreditsmart.app-YpXe1K_ojCjHAkbanIT2xg==/base.apk!classes13.dex*2417834281:/data/app/~~y5Ug8_1IZogkHjr2ihkBPw==/com.cdccreditsmart.app-YpXe1K_ojCjHAkbanIT2xg==/base.apk!classes14.dex*3386100982:/data/app/~~y5Ug8_1IZogkHjr2ihkBPw==/com.cdccreditsmart.app-YpXe1K_ojCjHAkbanIT2xg==/base.apk!classes15.dex*2312121797:/data/app/~~y5Ug8_1IZogkHjr2ihkBPw==/com.cdccreditsmart.app-YpXe1K_ojCjHAkbanIT2xg==/base.apk!classes16.dex*1734452271:/data/app/~~y5Ug8_1IZogkHjr2ihkBPw==/com.cdccreditsmart.app-YpXe1K_ojCjHAkbanIT2xg==/base.apk!classes17.dex*2837152282:/data/app/~~y5Ug8_1IZogkHjr2ihkBPw==/com.cdccreditsmart.app-YpXe1K_ojCjHAkbanIT2xg==/base.apk!classes18.dex*273230066:/data/app/~~y5Ug8_1IZogkHjr2ihkBPw==/com.cdccreditsmart.app-YpXe1K_ojCjHAkbanIT2xg==/base.apk!classes19.dex*3325529635:/data/app/~~y5Ug8_1IZogkHjr2ihkBPw==/com.cdccreditsmart.app-YpXe1K_ojCjHAkbanIT2xg==/base.apk!classes20.dex*946853887:/data/app/~~y5Ug8_1IZogkHjr2ihkBPw==/com.cdccreditsmart.app-YpXe1K_ojCjHAkbanIT2xg==/base.apk!classes21.dex*3717833656:/data/app/~~y5Ug8_1IZogkHjr2ihkBPw==/com.cdccreditsmart.app-YpXe1K_ojCjHAkbanIT2xg==/base.apk!classes22.dex*537981868:/data/app/~~y5Ug8_1IZogkHjr2ihkBPw==/com.cdccreditsmart.app-YpXe1K_ojCjHAkbanIT2xg==/base.apk!classes23.dex*3775620521:/data/app/~~y5Ug8_1IZogkHjr2ihkBPw==/com.cdccreditsmart.app-YpXe1K_ojCjHAkbanIT2xg==/base.apk!classes24.dex*3138462036:/data/app/~~y5Ug8_1IZogkHjr2ihkBPw==/com.cdccreditsmart.app-YpXe1K_ojCjHAkbanIT2xg==/base.apk!classes25.dex*919391328:/data/app/~~y5Ug8_1IZogkHjr2ihkBPw==/com.cdccreditsmart.app-YpXe1K_ojCjHAkbanIT2xg==/base.apk!classes26.dex*1785080954:/data/app/~~y5Ug8_1IZogkHjr2ihkBPw==/com.cdccreditsmart.app-YpXe1K_ojCjHAkbanIT2xg==/base.apk!classes27.dex*3822722713:/data/app/~~y5Ug8_1IZogkHjr2ihkBPw==/com.cdccreditsmart.app-
2026-01-27 18:37:41.628 28707-28707 PeriodicOverlayWorker   com.cdccreditsmart.app               I     WorkManager interval: 15 minutos (mÃ­nimo obrigatÃ³rio)
2026-01-27 18:37:41.628 28707-28707 PeriodicOverlayWorker   com.cdccreditsmart.app               I     Cooldowns progressivos controlados internamente pelo worker
2026-01-27 18:37:41.634 28707-28707 PeriodicOverlayWorker   com.cdccreditsmart.app               I  âœ… Overlay automÃ¡tico agendado com sucesso
2026-01-27 18:37:41.634 28707-28707 BootReceiver            com.cdccreditsmart.app               I  PeriodicOverlayWorker agendado apos boot
2026-01-27 18:37:41.634 28707-28707 BootReceiver            com.cdccreditsmart.app               I  Servicos iniciados apos boot
2026-01-27 18:37:41.634 28707-28707 CheckTime               com.cdccreditsmart.app               W  App running slow: Executing com.cdccreditsmart.app.service.BootReceiver onReceive took 204ms
2026-01-27 18:37:41.635 28707-28707 CheckTime               com.cdccreditsmart.app               W  App running slow: Executing com.cdccreditsmart.app.service.BootReceiver scheduleReceive took 238ms
2026-01-27 18:37:41.635 28707-28707 CdcForegroundService    com.cdccreditsmart.app               D  ğŸš€ ServiÃ§o onStartCommand() - Action: com.cdccreditsmart.app.START_SERVICE
2026-01-27 18:37:41.636 26748-27009 ContractCodeStorage     com.cdccreditsmart.app               D  Saving contract code to redundant storage
2026-01-27 18:37:41.648 28707-29079 ContractCodeStorage     com.cdccreditsmart.app               D  Retrieving contract code from storage
2026-01-27 18:37:41.690 28707-28707 CdcForegroundService    com.cdccreditsmart.app               I  âœ… Foreground Service ativo (Android 12+)
2026-01-27 18:37:41.692 28707-29101 CdcForegroundService    com.cdccreditsmart.app               I  ğŸ”§ ========================================
2026-01-27 18:37:41.692 28707-29101 CdcForegroundService    com.cdccreditsmart.app               I  ğŸ”§ INICIANDO initializeServices()...
2026-01-27 18:37:41.692 28707-29101 CdcForegroundService    com.cdccreditsmart.app               I  ğŸ”§ ========================================
2026-01-27 18:37:41.692 28707-29101 CdcForegroundService    com.cdccreditsmart.app               I  ğŸ“± Rodando em usuÃ¡rio secundÃ¡rio gerenciado (User ID: 15)
2026-01-27 18:37:41.692 28707-29101 CdcForegroundService    com.cdccreditsmart.app               I  ğŸ“± Dados de enrollment existem apenas no usuÃ¡rio primÃ¡rio
2026-01-27 18:37:41.692 28707-29101 CdcForegroundService    com.cdccreditsmart.app               I  ğŸ“± ServiÃ§o MDM nÃ£o serÃ¡ inicializado neste usuÃ¡rio
2026-01-27 18:37:41.692 28707-29101 CdcForegroundService    com.cdccreditsmart.app               I  ğŸ”§ ========================================
2026-01-27 18:37:41.694 28707-28707 FactoryResetRecovery    com.cdccreditsmart.app               I  ========================================
2026-01-27 18:37:41.694 28707-28707 FactoryResetRecovery    com.cdccreditsmart.app               I  ğŸ”„ BOOT DETECTADO (android.intent.action.BOOT_COMPLETED) - Verificando recuperaÃ§Ã£o
2026-01-27 18:37:41.694 28707-28707 FactoryResetRecovery    com.cdccreditsmart.app               I  ========================================
2026-01-27 18:37:41.699 28707-29101 ContractCodeStorage     com.cdccreditsmart.app               D  Retrieving contract code from storage
2026-01-27 18:37:41.748 26748-27009 ContractCodeStorage     com.cdccreditsmart.app               D  Saved to EncryptedPrefs
2026-01-27 18:37:41.810 26748-27009 ContractCodeStorage     com.cdccreditsmart.app               D  Deleted existing file: .cdc_protected_code.enc
2026-01-27 18:37:41.851 28707-29081 OfflineEnf...mentWorker com.cdccreditsmart.app               I  ğŸ”„ ========================================
2026-01-27 18:37:41.851 28707-29081 OfflineEnf...mentWorker com.cdccreditsmart.app               I  ğŸ”„ OFFLINE ENFORCEMENT - EXECUTANDO
2026-01-27 18:37:41.851 28707-29081 OfflineEnf...mentWorker com.cdccreditsmart.app               I  ğŸ”„ ========================================
2026-01-27 18:37:42.148 28707-29584 TrafficStats            com.cdccreditsmart.app               D  tagSocket(119) with statsTag=0x8001, statsUid=-1
2026-01-27 18:37:42.253 26748-27009 ContractCodeStorage     com.cdccreditsmart.app               D  Successfully saved to file: .cdc_protected_code.enc
2026-01-27 18:37:42.253 26748-27009 ContractCodeStorage     com.cdccreditsmart.app               D  Saved to Protected Storage
2026-01-27 18:37:42.254 26748-27009 ContractCodeStorage     com.cdccreditsmart.app               D  Deleted existing file: .cdc_contract_b1.enc
2026-01-27 18:37:42.530 29165-29505 ModernMediaScanner      com.cdccreditsmart.app               D  Parsing date with millis failed for [2019]. We will retry without millis
2026-01-27 18:37:42.531 29165-29505 ModernMediaScanner      com.cdccreditsmart.app               D  Parsing date without millis failed for [2019]
2026-01-27 18:37:42.559 26748-27009 ContractCodeStorage     com.cdccreditsmart.app               D  Successfully saved to file: .cdc_contract_b1.enc
2026-01-27 18:37:42.560 26748-27009 ContractCodeStorage     com.cdccreditsmart.app               D  Deleted existing file: .sys_device_cfg.enc
2026-01-27 18:37:42.564 28707-29712 creditsmart.app         com.cdccreditsmart.app               W  Accessing hidden method Ldalvik/system/VMStack;->getStackClass2()Ljava/lang/Class; (unsupported, reflection, allowed)
2026-01-27 18:37:42.633 29165-29505 Compatibil...geReporter com.cdccreditsmart.app               D  Compat change id reported: 263076149; UID 1510212; state: ENABLED
2026-01-27 18:37:42.867 28707-29688 creditsmart.app         com.cdccreditsmart.app               E  No package ID 6a found for resource ID 0x6a0b0013.
2026-01-27 18:37:42.877 28707-29688 FA                      com.cdccreditsmart.app               I  App measurement initialized, version: 148008
2026-01-27 18:37:42.877 28707-29688 FA                      com.cdccreditsmart.app               I  To enable debug logging run: adb shell setprop log.tag.FA VERBOSE
2026-01-27 18:37:42.877 28707-29688 FA                      com.cdccreditsmart.app               I  To enable faster debug mode event logging run:
                                                                                                      adb shell setprop debug.firebase.analytics.app com.cdccreditsmart.app
2026-01-27 18:37:43.036 26748-27009 ContractCodeStorage     com.cdccreditsmart.app               D  Successfully saved to file: .sys_device_cfg.enc
2026-01-27 18:37:43.037 26748-27009 ContractCodeStorage     com.cdccreditsmart.app               D  Deleted existing file: .android_secure.enc
2026-01-27 18:37:43.313 26748-27009 ContractCodeStorage     com.cdccreditsmart.app               D  Successfully saved to file: .android_secure.enc
2026-01-27 18:37:43.490 28707-29081 OfflineEnf...mentWorker com.cdccreditsmart.app               I  â„¹ï¸ Sem dados offline - nada a fazer
2026-01-27 18:37:43.496 28707-29098 WM-WorkerWrapper        com.cdccreditsmart.app               I  Worker result SUCCESS for Work [ id=79592d21-5123-4095-99e8-0a4eac2818a0, tags={ com.cdccreditsmart.app.offline.OfflineEnforcementWorker } ]
2026-01-27 18:37:43.544 26748-27009 ContractCodeStorage     com.cdccreditsmart.app               D  Contract code saved to ALL storage locations
2026-01-27 18:37:43.704 29165-29505 ModernMediaScanner      com.cdccreditsmart.app               D  Parsing date with millis failed for [2019]. We will retry without millis
2026-01-27 18:37:43.723 29165-29505 ModernMediaScanner      com.cdccreditsmart.app               D  Parsing date without millis failed for [2019]
2026-01-27 18:37:43.996 28707-28707 CDCDeviceAdminService   com.cdccreditsmart.app               I  Device Admin Service destroyed
2026-01-27 18:37:44.075 28707-28707 CDCDeviceAdminService   com.cdccreditsmart.app               I  âœ… Device Admin Service created - System is communicating with CDC DPC
2026-01-27 18:37:44.162 28707-28707 CDCDeviceAdminService   com.cdccreditsmart.app               I  Device Admin Service destroyed
2026-01-27 18:37:44.194 28707-28707 CDCDeviceAdminService   com.cdccreditsmart.app               I  âœ… Device Admin Service created - System is communicating with CDC DPC
2026-01-27 18:37:44.405 28707-29079 ContractCodeStorage     com.cdccreditsmart.app               D  Storage verification: 0 valid, 0 tampered, 7 missing
2026-01-27 18:37:44.405 28707-29079 ContractCodeStorage     com.cdccreditsmart.app               W  No valid contract code found in any location
2026-01-27 18:37:44.498 28707-29101 ContractCodeStorage     com.cdccreditsmart.app               D  Storage verification: 0 valid, 0 tampered, 7 missing
2026-01-27 18:37:44.498 28707-29101 ContractCodeStorage     com.cdccreditsmart.app               W  No valid contract code found in any location
2026-01-27 18:37:45.043 29165-29505 ModernMediaScanner      com.cdccreditsmart.app               D  Parsing date with millis failed for [2018]. We will retry without millis
2026-01-27 18:37:45.043 29165-29505 ModernMediaScanner      com.cdccreditsmart.app               D  Parsing date without millis failed for [2018]
2026-01-27 18:37:45.234 28707-29079 SecureTokenStorage      com.cdccreditsmart.app               D  EncryptedSharedPreferences initialized successfully
2026-01-27 18:37:45.260 28707-29101 ApkPreloadManager       com.cdccreditsmart.app               I  ğŸ“± Fabricante detectado: realme
2026-01-27 18:37:45.300 28707-29079 ApkPreloadManager       com.cdccreditsmart.app               I  ğŸ“± Fabricante detectado: realme
2026-01-27 18:37:45.302 28707-29101 FactoryResetRecovery    com.cdccreditsmart.app               I  â„¹ï¸ Sem manifesto de enrollment - app iniciarÃ¡ normalmente
2026-01-27 18:37:45.315 28707-29079 FactoryResetRecovery    com.cdccreditsmart.app               I  â„¹ï¸ Sem manifesto de enrollment - app iniciarÃ¡ normalmente
2026-01-27 18:37:45.580 29165-29174 FuseDaemon              com.cdccreditsmart.app               I  Background concurrent mark compact GC freed 60671(22MB) AllocSpace objects, 12(364KB) LOS objects, 89% free, 2790KB/26MB, paused 512us,21.499ms total 351.666ms
2026-01-27 18:37:45.658 29165-29505 ModernMediaScanner      com.cdccreditsmart.app               D  Parsing date with millis failed for [2019]. We will retry without millis
2026-01-27 18:37:45.659 29165-29505 ModernMediaScanner      com.cdccreditsmart.app               D  Parsing date without millis failed for [2019]
2026-01-27 18:37:45.692 26748-27009 ContractCodeStorage     com.cdccreditsmart.app               D  Verification complete: 7/7 locations valid
2026-01-27 18:37:45.692 26748-27009 SecureTokenStorage      com.cdccreditsmart.app               D  Device info saved successfully from auto-discovery
2026-01-27 18:37:45.705 26748-27009 SecureTokenStorage      com.cdccreditsmart.app               D    - DeviceId: device_17691372...
2026-01-27 18:37:45.705 26748-27009 SecureTokenStorage      com.cdccreditsmart.app               D    - SerialNumber: QJ3H4MKG
2026-01-27 18:37:45.708 26748-27009 SecureTokenStorage      com.cdccreditsmart.app               D    - IMEI: 8608***
2026-01-27 18:37:45.708 26748-27009 SecureTokenStorage      com.cdccreditsmart.app               D    - ContractCode: QJ3H4MKG
2026-01-27 18:37:45.709 26748-27009 AuthOrchestrator        com.cdccreditsmart.app               D  ğŸ’¾ Dados salvos:
2026-01-27 18:37:45.733 26748-27009 AuthOrchestrator        com.cdccreditsmart.app               D     - ContractCode: QJ3H4MKG
2026-01-27 18:37:45.734 26748-27009 AuthOrchestrator        com.cdccreditsmart.app               D     - DeviceId: device_17691372...
2026-01-27 18:37:45.734 26748-27009 AuthOrchestrator        com.cdccreditsmart.app               D     - IMEI: 8608***718
2026-01-27 18:37:45.769 26748-27009 SecureTokenStorage      com.cdccreditsmart.app               D  Auth token saved successfully (contract code via ContractCodeStorage, deviceId: null...)
2026-01-27 18:37:45.769 26748-27009 AuthOrchestrator        com.cdccreditsmart.app               D  âœ… [6/7] Token JWT obtido do discovery e salvo!
2026-01-27 18:37:45.769 26748-27009 AuthOrchestrator        com.cdccreditsmart.app               D     - Token: eyJhbGciOiJIUzI1NiIs...
2026-01-27 18:37:45.781 26748-27009 AuthOrchestrator        com.cdccreditsmart.app               D  ğŸ‰ ========== AUTO-DISCOVERY CONCLUÃDO ==========
2026-01-27 18:37:45.782 26748-27009 AuthOrchestrator        com.cdccreditsmart.app               D  âœ… Auto-conexÃ£o bem-sucedida - autenticaÃ§Ã£o OK!
2026-01-27 18:37:45.782 26748-27009 AuthOrchestrator        com.cdccreditsmart.app               I  ğŸ”§ Garantindo que CdcForegroundService estÃ¡ rodando...
2026-01-27 18:37:45.783 26748-27013 AuthOrchestrator        com.cdccreditsmart.app               D  ğŸ”” Registrando FCM token apÃ³s auto-discovery...
2026-01-27 18:37:45.875 26748-27013 FcmTokenManager         com.cdccreditsmart.app               D  ========== REGISTERING FCM TOKEN WITH BACKEND ==========
2026-01-27 18:37:45.887 26748-27009 CdcForegroundService    com.cdccreditsmart.app               I  âœ… ServiÃ§o iniciado via startService()
2026-01-27 18:37:45.887 26748-27009 AuthOrchestrator        com.cdccreditsmart.app               I  âœ… CdcForegroundService iniciado apÃ³s autenticaÃ§Ã£o
2026-01-27 18:37:45.901 26748-26748 CdcForegroundService    com.cdccreditsmart.app               D  ğŸš€ ServiÃ§o onStartCommand() - Action: com.cdccreditsmart.app.START_SERVICE
2026-01-27 18:37:45.986 26748-27013 FcmTokenManager         com.cdccreditsmart.app               D  Current FCM token retrieved: eml1BB48R9GmkAD65lDB...
2026-01-27 18:37:46.066 26748-26748 CdcForegroundService    com.cdccreditsmart.app               I  âœ… Foreground Service ativo (Android 12+)
2026-01-27 18:37:46.070 26748-27009 CdcForegroundService    com.cdccreditsmart.app               I  ğŸ”§ ========================================
2026-01-27 18:37:46.070 26748-27009 CdcForegroundService    com.cdccreditsmart.app               I  ğŸ”§ INICIANDO initializeServices()...
2026-01-27 18:37:46.070 26748-27009 CdcForegroundService    com.cdccreditsmart.app               I  ğŸ”§ ========================================
2026-01-27 18:37:46.070 26748-27009 CdcForegroundService    com.cdccreditsmart.app               D  âœ… ServiÃ§os base jÃ¡ inicializados
2026-01-27 18:37:46.075 26748-26748 RouterViewModel         com.cdccreditsmart.app               D  âœ… Autenticado com sucesso
2026-01-27 18:37:46.688 26748-27009 SecureTokenStorage      com.cdccreditsmart.app               D  âœ… Usando IMEI para MDM: 8608***718
2026-01-27 18:37:46.688 26748-27009 CdcForegroundService    com.cdccreditsmart.app               I  ğŸ” AuthToken presente: true
2026-01-27 18:37:46.689 26748-27009 CdcForegroundService    com.cdccreditsmart.app               I  ğŸ” AuthToken length: 273
2026-01-27 18:37:46.689 26748-27009 CdcForegroundService    com.cdccreditsmart.app               I  ğŸ” ContractCode presente: true
2026-01-27 18:37:46.703 26748-27009 CdcForegroundService    com.cdccreditsmart.app               I  ğŸ” ContractCode value: QJ3H****
2026-01-27 18:37:46.703 26748-27009 CdcForegroundService    com.cdccreditsmart.app               I  ğŸ” MDM SerialNumber presente: true
2026-01-27 18:37:46.703 26748-27009 CdcForegroundService    com.cdccreditsmart.app               I  ğŸ” MDM SerialNumber value: 86087507...
2026-01-27 18:37:46.703 26748-27009 CdcForegroundService    com.cdccreditsmart.app               I  ğŸ”§ ========================================
2026-01-27 18:37:46.703 26748-27009 CdcForegroundService    com.cdccreditsmart.app               I  ğŸ”§ INICIALIZANDO MDM COM SERIAL NUMBER: 86087507...
2026-01-27 18:37:46.703 26748-27009 CdcForegroundService    com.cdccreditsmart.app               I  ğŸ”§ ========================================
2026-01-27 18:37:46.704 26748-27009 CdcForegroundService    com.cdccreditsmart.app               I  ğŸ” Tokens encontrados - inicializando serviÃ§os MDM
2026-01-27 18:37:46.704 26748-27009 CdcForegroundService    com.cdccreditsmart.app               D  ğŸ“¡ Criando MdmCommandReceiver (usando serialNumber do SecureTokenStorage)...
2026-01-27 18:37:46.714 28707-29584 creditsmart.app         com.cdccreditsmart.app               W  Verification of com.google.firebase.installations.remote.TokenResult$Builder com.google.firebase.installations.remote.TokenResult.builder() took 102.020ms (117.62 bytecodes/s) (1608B approximate peak alloc)
2026-01-27 18:37:47.037 26748-27009 creditsmart.app         com.cdccreditsmart.app               W  Verification of java.lang.Object com.cdccreditsmart.app.enterprise.MdmCommandReceiver.processMdmCommand(java.lang.String, java.lang.String, com.cdccreditsmart.network.dto.mdm.CommandParameters, kotlin.coroutines.Continuation) took 174.675ms (22579.07 bytecodes/s) (75160B approximate peak alloc)
2026-01-27 18:37:47.051 28707-29584 creditsmart.app         com.cdccreditsmart.app               W  Verification of int com.google.firebase.installations.remote.AutoValue_InstallationResponse.hashCode() took 105.292ms (712.30 bytecodes/s) (3256B approximate peak alloc)
2026-01-27 18:37:47.084 26748-26748 TermsAcceptanceStorage  com.cdccreditsmart.app               D  hasAcceptedTermsForContract(QJ3H4MKG): false (saved: null)
2026-01-27 18:37:47.084 26748-26748 RouterViewModel         com.cdccreditsmart.app               D  ğŸ“„ Termos NÃƒO aceitos - Ir para TERMS_ACCEPTANCE
2026-01-27 18:37:47.091 26748-26748 Choreographer           com.cdccreditsmart.app               I  Skipped 60 frames!  The application may be doing too much work on its main thread.
2026-01-27 18:37:47.128 26748-27009 MdmCommandReceiver      com.cdccreditsmart.app               D  âœ… Foreground service reference set for WakeLock management
2026-01-27 18:37:47.128 26748-27009 CdcForegroundService    com.cdccreditsmart.app               D  ğŸ”‹ Foreground service reference passada para MdmCommandReceiver
2026-01-27 18:37:47.128 26748-27009 CdcForegroundService    com.cdccreditsmart.app               I  ğŸ’“ ========================================
2026-01-27 18:37:47.128 26748-27009 CdcForegroundService    com.cdccreditsmart.app               I  ğŸ’“ INICIANDO HEARTBEAT MANAGER (60s)
2026-01-27 18:37:47.128 26748-27009 CdcForegroundService    com.cdccreditsmart.app               I  ğŸ’“ ========================================
2026-01-27 18:37:47.151 29165-29505 ModernMediaScanner      com.cdccreditsmart.app               D  Parsing date with millis failed for [2018]. We will retry without millis
2026-01-27 18:37:47.151 29165-29505 ModernMediaScanner      com.cdccreditsmart.app               D  Parsing date without millis failed for [2018]
2026-01-27 18:37:47.297 26748-29874 OpenGLRenderer          com.cdccreditsmart.app               I  Davey! duration=1190ms; Flags=0, FrameTimelineVsyncId=841412, IntendedVsync=4750054399066, Vsync=4751053673686, InputEventId=0, HandleInputStart=4751073820678, AnimationStart=4751073832101, PerformTraversalsStart=4751178334447, DrawStart=4751178598601, FrameDeadline=4750087698025, FrameInterval=4751069192255, FrameStartTime=16654577, SyncQueued=4751179586409, SyncStart=4751179711293, IssueDrawCommandsStart=4751179817678, SwapBuffers=4751213662639, FrameCompleted=4751245053178, DequeueBufferDuration=61461, QueueBufferDuration=6955846, GpuCompleted=4751220378063, SwapBuffersCompleted=4751245053178, DisplayPresentTime=4745989762143, CommandSubmissionCompleted=4751213662639, 
2026-01-27 18:37:47.576 26748-26748 creditsmart.app         com.cdccreditsmart.app               W  Verification of kotlin.Unit com.cdccreditsmart.app.presentation.screens.terms.TermsAcceptanceScreenKt.$r8$lambda$2oVuqgKSK16365_OeudJhNw3BM4(java.util.List, androidx.compose.foundation.lazy.LazyListScope) took 110.496ms (45.25 bytecodes/s) (1352B approximate peak alloc)
2026-01-27 18:37:47.578 26748-27009 creditsmart.app         com.cdccreditsmart.app               W  Verification of void com.cdccreditsmart.app.enterprise.HeartbeatManager.handleHeartbeatResponse(com.cdccreditsmart.network.dto.cdc.CdcHeartbeatResponse) took 448.319ms (1338.33 bytecodes/s) (9160B approximate peak alloc)
2026-01-27 18:37:47.646 26748-27009 HeartbeatManager        com.cdccreditsmart.app               I  ğŸ’“ ========================================
2026-01-27 18:37:47.646 26748-27009 HeartbeatManager        com.cdccreditsmart.app               I  ğŸ’“ INICIANDO HEARTBEAT MANAGER (60s)
2026-01-27 18:37:47.646 26748-27009 HeartbeatManager        com.cdccreditsmart.app               I  ğŸ’“ ========================================
2026-01-27 18:37:47.646 26748-27009 HeartbeatManager        com.cdccreditsmart.app               I  ğŸ’“ Intervalo: 60 segundos
2026-01-27 18:37:47.646 26748-27009 HeartbeatManager        com.cdccreditsmart.app               I  ğŸ’“ Endpoint: POST /api/apk/device/heartbeat
2026-01-27 18:37:47.648 26748-27009 CdcForegroundService    com.cdccreditsmart.app               I  ğŸ’“ HeartbeatManager iniciado ANTES do WebSocket
2026-01-27 18:37:47.648 26748-27009 CdcForegroundService    com.cdccreditsmart.app               I  ğŸ“¡ ========================================
2026-01-27 18:37:47.648 26748-27009 CdcForegroundService    com.cdccreditsmart.app               I  ğŸ“¡ CONECTANDO WebSocket MDM...
2026-01-27 18:37:47.648 26748-27009 CdcForegroundService    com.cdccreditsmart.app               I  ğŸ“¡ ========================================
2026-01-27 18:37:47.648 26748-27009 CdcForegroundService    com.cdccreditsmart.app               I  ğŸ“¡ AuthToken length: 273 caracteres
2026-01-27 18:37:47.648 26748-27009 CdcForegroundService    com.cdccreditsmart.app               I  ğŸ“¡ AuthToken preview: eyJhbGciOiJIUzI1NiIs...
2026-01-27 18:37:47.648 26748-27009 CdcForegroundService    com.cdccreditsmart.app               I  ğŸ“¡ Contract code: QJ3H4MKG
2026-01-27 18:37:47.656 26748-27009 CdcForegroundService    com.cdccreditsmart.app               I  ğŸ“¡ Chamando mdmReceiver.connectMdmWebSocket()...
2026-01-27 18:37:47.658 26748-27011 HeartbeatManager        com.cdccreditsmart.app               I  ğŸ’“ Enviando heartbeat IMEDIATO...
2026-01-27 18:37:47.729 26748-27009 SecureTokenStorage      com.cdccreditsmart.app               D  âœ… Usando IMEI para MDM: 8608***718
2026-01-27 18:37:47.729 26748-27009 MdmCommandReceiver      com.cdccreditsmart.app               I  ğŸ”— ========================================
2026-01-27 18:37:47.729 26748-27009 MdmCommandReceiver      com.cdccreditsmart.app               I  ğŸ”— INICIANDO CONEXÃƒO WEBSOCKET MDM
2026-01-27 18:37:47.729 26748-27009 MdmCommandReceiver      com.cdccreditsmart.app               I  ğŸ”— ========================================
2026-01-27 18:37:47.729 26748-27009 MdmCommandReceiver      com.cdccreditsmart.app               I  ğŸ”— URL base: wss://cdccreditsmart.com/ws/mdm-policies
2026-01-27 18:37:47.729 26748-27009 MdmCommandReceiver      com.cdccreditsmart.app               I  ğŸ”— JWT Token presente: true
2026-01-27 18:37:47.729 26748-27009 MdmCommandReceiver      com.cdccreditsmart.app               I  ğŸ”— JWT Token length: 273
2026-01-27 18:37:47.729 26748-27009 MdmCommandReceiver      com.cdccreditsmart.app               I  ğŸ”— JWT Token preview: eyJhbGciOiJIUzI1NiIsInR5cCI6Ik...
2026-01-27 18:37:47.729 26748-27009 MdmCommandReceiver      com.cdccreditsmart.app               I  ğŸ”— Device identifier: 860875074339718
2026-01-27 18:37:47.796 26748-27009 MdmCommandReceiver      com.cdccreditsmart.app               D  ğŸ”— Criando WebSocket OkHttp...
2026-01-27 18:37:47.797 26748-27009 MdmCommandReceiver      com.cdccreditsmart.app               I  ğŸ”„ Iniciando polling IMEDIATAMENTE (nÃ£o esperar WebSocket)
2026-01-27 18:37:47.799 26748-27011 HeartbeatManager        com.cdccreditsmart.app               D  ğŸ’“ Usando authToken (fallback)
2026-01-27 18:37:47.997 26748-30095 MdmCommandReceiver      com.cdccreditsmart.app               I  ğŸ”„ ========================================
2026-01-27 18:37:47.997 26748-30095 MdmCommandReceiver      com.cdccreditsmart.app               I  ğŸ”„ INICIANDO POLLING FALLBACK MDM
2026-01-27 18:37:47.997 26748-30095 MdmCommandReceiver      com.cdccreditsmart.app               I  ğŸ”„ ========================================
2026-01-27 18:37:47.997 26748-30095 MdmCommandReceiver      com.cdccreditsmart.app               I  ğŸ”„ Intervalo: 30 segundos
2026-01-27 18:37:47.997 26748-30095 MdmCommandReceiver      com.cdccreditsmart.app               I  ğŸ”„ Endpoint: GET /api/apk/device/{identifier}/commands
2026-01-27 18:37:47.997 26748-30095 MdmCommandReceiver      com.cdccreditsmart.app               I  ğŸ”„ Executando verificaÃ§Ã£o IMEDIATA de comandos...
2026-01-27 18:37:48.012 26748-27011 HeartbeatManager        com.cdccreditsmart.app               D  ğŸ’“ Payload do heartbeat:
2026-01-27 18:37:48.012 26748-27011 HeartbeatManager        com.cdccreditsmart.app               D     deviceToken: eyJhbGciOiJIUzI1NiIs...
2026-01-27 18:37:48.012 26748-27011 HeartbeatManager        com.cdccreditsmart.app               D     currentBlockLevel: 0
2026-01-27 18:37:48.012 26748-27011 HeartbeatManager        com.cdccreditsmart.app               D     batteryLevel: 86
2026-01-27 18:37:48.013 26748-27011 HeartbeatManager        com.cdccreditsmart.app               D     isCharging: true
2026-01-27 18:37:48.013 26748-27011 HeartbeatManager        com.cdccreditsmart.app               D     currentSimImei: 860875...
2026-01-27 18:37:48.034 26748-30095 SecureTokenStorage      com.cdccreditsmart.app               D  âœ… Usando IMEI para MDM: 8608***718
2026-01-27 18:37:48.034 26748-30095 MdmCommandReceiver      com.cdccreditsmart.app               I  ğŸ” ========================================
2026-01-27 18:37:48.034 26748-30095 MdmCommandReceiver      com.cdccreditsmart.app               I  ğŸ” BUSCANDO COMANDOS PENDENTES
2026-01-27 18:37:48.034 26748-30095 MdmCommandReceiver      com.cdccreditsmart.app               I  ğŸ” ========================================
2026-01-27 18:37:48.034 26748-30095 MdmCommandReceiver      com.cdccreditsmart.app               I  ğŸ” Identifier: 860875074339718
2026-01-27 18:37:48.034 26748-30095 MdmCommandReceiver      com.cdccreditsmart.app               I  ğŸ” Endpoint: GET /api/apk/device/860875074339718/commands
2026-01-27 18:37:48.085 26748-30095 MdmCommandReceiver      com.cdccreditsmart.app               D  ğŸ” Executando requisiÃ§Ã£o HTTP (timeout: 15s)...
2026-01-27 18:37:48.093 26748-27009 MdmCommandReceiver      com.cdccreditsmart.app               D  ğŸ”— WebSocket request enviado - aguardando resposta...
2026-01-27 18:37:48.093 26748-27009 CdcForegroundService    com.cdccreditsmart.app               I  ğŸ“¡ ========================================
2026-01-27 18:37:48.093 26748-27009 CdcForegroundService    com.cdccreditsmart.app               I  ğŸ“¡ connectMdmWebSocket() CHAMADO - Aguardando conexÃ£o...
2026-01-27 18:37:48.093 26748-27009 CdcForegroundService    com.cdccreditsmart.app               I  ğŸ“¡ PrÃ³ximo log esperado: 'âœ… WebSocket MDM CONECTADO'
2026-01-27 18:37:48.093 26748-27009 CdcForegroundService    com.cdccreditsmart.app               I  ğŸ“¡ ========================================
2026-01-27 18:37:48.093 26748-27009 CdcForegroundService    com.cdccreditsmart.app               D  ğŸ“¡ Criando WebSocketManager (flow-status)...
2026-01-27 18:37:48.198 26748-27013 FcmTokenManager         com.cdccreditsmart.app               D  Sending FCM token to backend (payload: {"fcmToken": "eml1BB48R9GmkAD65lDB..."})
2026-01-27 18:37:48.198 26748-27009 WebSocketManager        com.cdccreditsmart.app               D  Connecting to WebSocket: wss://cdccreditsmart.com/ws/flow-status
2026-01-27 18:37:48.204 26748-27009 CdcForegroundService    com.cdccreditsmart.app               I  ğŸ“¡ WebSocketManager inicializado
2026-01-27 18:37:48.204 26748-27009 CdcForegroundService    com.cdccreditsmart.app               I  ğŸ’¡ Overlay automÃ¡tico: PeriodicOverlayWorker (a cada 10min)
2026-01-27 18:37:48.228 26748-27013 FcmTokenManager         com.cdccreditsmart.app               D  Sending POST https://cdccreditsmart.com/api/apk/device/fcm-token...
2026-01-27 18:37:48.294 26748-27013 TrafficStats            com.cdccreditsmart.app               D  tagSocket(175) with statsTag=0xffffffff, statsUid=-1
2026-01-27 18:37:48.320 26748-30111 TrafficStats            com.cdccreditsmart.app               D  tagSocket(162) with statsTag=0xffffffff, statsUid=-1
2026-01-27 18:37:48.322 26748-30112 TrafficStats            com.cdccreditsmart.app               D  tagSocket(193) with statsTag=0xffffffff, statsUid=-1
2026-01-27 18:37:48.332 26748-27009 HeartbeatWorker         com.cdccreditsmart.app               I  âœ… Heartbeat OTIMIZADO agendado via WorkManager
2026-01-27 18:37:48.339 26748-27009 HeartbeatWorker         com.cdccreditsmart.app               I     ğŸ“Š Intervalo: 60min (reduÃ§Ã£o de 75% vs 15min)
2026-01-27 18:37:48.339 26748-27009 HeartbeatWorker         com.cdccreditsmart.app               I     ğŸ¯ Economia: ~72 requisiÃ§Ãµes/dia por dispositivo
2026-01-27 18:37:48.366 26748-27009 IconProtectionWorker    com.cdccreditsmart.app               I  ğŸ“Œ IconProtectionWorker agendado (15 min)
2026-01-27 18:37:48.437 29165-29505 ModernMediaScanner      com.cdccreditsmart.app               D  Parsing date with millis failed for [2018]. We will retry without millis
2026-01-27 18:37:48.438 29165-29505 ModernMediaScanner      com.cdccreditsmart.app               D  Parsing date without millis failed for [2018]
2026-01-27 18:37:48.492 26748-27009 IconProtectionWorker    com.cdccreditsmart.app               I  ğŸ“Œ IconProtectionWorker executando agora
2026-01-27 18:37:48.492 26748-27009 CdcForegroundService    com.cdccreditsmart.app               I  ğŸ“Œ Worker de proteÃ§Ã£o do Ã­cone agendado e executando
2026-01-27 18:37:48.506 26748-27009 BlockingNotifWorker     com.cdccreditsmart.app               I  ğŸ“… Agendando verificaÃ§Ã£o de notificaÃ§Ãµes de bloqueio...
2026-01-27 18:37:48.513 26748-27009 BlockingNotifWorker     com.cdccreditsmart.app               I  âœ… Worker agendado para executar a cada 6h
2026-01-27 18:37:48.513 26748-27009 CdcForegroundService    com.cdccreditsmart.app               I  ğŸ“± Worker de notificaÃ§Ãµes de bloqueio agendado
2026-01-27 18:37:48.513 26748-27009 CdcForegroundService    com.cdccreditsmart.app               I  ğŸ“¦ ========================================
2026-01-27 18:37:48.513 26748-27009 CdcForegroundService    com.cdccreditsmart.app               I  ğŸ“¦ APK PRELOAD PARA FACTORY RESET (Multi-Fabricante)
2026-01-27 18:37:48.513 26748-27009 CdcForegroundService    com.cdccreditsmart.app               I  ğŸ“¦ ========================================
2026-01-27 18:37:48.596 26748-29874 OpenGLRenderer          com.cdccreditsmart.app               I  Davey! duration=1276ms; Flags=0, FrameTimelineVsyncId=841464, IntendedVsync=4751253511330, Vsync=4751320128898, InputEventId=0, HandleInputStart=4751329218793, AnimationStart=4751329227139, PerformTraversalsStart=4752236224446, DrawStart=4752236499293, FrameDeadline=4751353449957, FrameInterval=4751329162370, FrameStartTime=16654392, SyncQueued=4752518411408, SyncStart=4752552052792, IssueDrawCommandsStart=4752556705869, SwapBuffers=4752559024062, FrameCompleted=4752563982562, DequeueBufferDuration=43000, QueueBufferDuration=1354424, GpuCompleted=4752563982562, SwapBuffersCompleted=4752563742600, DisplayPresentTime=4746156311874, CommandSubmissionCompleted=4752559024062, 
2026-01-27 18:37:48.602 26748-27009 ApkPreloadManager       com.cdccreditsmart.app               I  ğŸ“± Fabricante detectado: realme
2026-01-27 18:37:48.607 26748-26748 Choreographer           com.cdccreditsmart.app               I  Skipped 74 frames!  The application may be doing too much work on its main thread.
2026-01-27 18:37:48.612 26748-30103 NetworkConnectivity     com.cdccreditsmart.app               D  âœ… Conectado via WiFi com internet
2026-01-27 18:37:48.619 26748-30103 SupportRepository       com.cdccreditsmart.app               I  ğŸ“¡ Buscando termos do servidor (version=latest)...
2026-01-27 18:37:48.627 26748-27009 CdcForegroundService    com.cdccreditsmart.app               I  ğŸ“¦ APK em preload: false
2026-01-27 18:37:48.845 26748-27011 creditsmart.app         com.cdccreditsmart.app               W  Verification of kotlin.reflect.jvm.internal.impl.load.java.lazy.LazyJavaPackageFragmentProvider kotlin.reflect.jvm.internal.impl.load.kotlin.DeserializationComponentsForJavaKt.makeLazyJavaPackageFragmentProvider(kotlin.reflect.jvm.internal.impl.load.java.JavaClassFinder, kotlin.reflect.jvm.internal.impl.descriptors.ModuleDescriptor, kotlin.reflect.jvm.internal.impl.storage.StorageManager, kotlin.reflect.jvm.internal.impl.descriptors.NotFoundClasses, kotlin.reflect.jvm.internal.impl.load.kotlin.KotlinClassFinder, kotlin.reflect.jvm.internal.impl.load.kotlin.DeserializedDescriptorResolver, kotlin.reflect.jvm.internal.impl.serialization.deserialization.ErrorReporter, kotlin.reflect.jvm.internal.impl.load.java.sources.JavaSourceElementFactory, kotlin.reflect.jvm.internal.impl.load.java.lazy.ModuleClassResolver, kotlin.reflect.jvm.internal.impl.load.kotlin.PackagePartProvider) took 176.524ms (1240.62 bytecodes/s) (7544B approximate peak alloc)
2026-01-27 18:37:49.141 26748-27009 CdcForegroundService    com.cdccreditsmart.app               I  ğŸ“¦ Construindo manifesto:
2026-01-27 18:37:49.141 26748-27009 CdcForegroundService    com.cdccreditsmart.app               I     ContractCode: QJ3H4MKG...
2026-01-27 18:37:49.141 26748-27009 CdcForegroundService    com.cdccreditsmart.app               I     DeviceId: device_176...
2026-01-27 18:37:49.142 26748-27009 CdcForegroundService    com.cdccreditsmart.app               I     IMEI: 860875...
2026-01-27 18:37:49.142 26748-27009 CdcForegroundService    com.cdccreditsmart.app               I  ğŸ“¦ Salvando manifesto de enrollment para auto-reativaÃ§Ã£o
2026-01-27 18:37:49.142 26748-27009 ApkPreloadManager       com.cdccreditsmart.app               I  ========================================
2026-01-27 18:37:49.142 26748-27009 ApkPreloadManager       com.cdccreditsmart.app               I  ğŸ“¦ INSTALANDO APK NO PRELOAD (Multi-Fabricante)
2026-01-27 18:37:49.142 26748-27009 ApkPreloadManager       com.cdccreditsmart.app               I  ========================================
2026-01-27 18:37:49.191 26748-27009 ApkPreloadManager       com.cdccreditsmart.app               I  ğŸ“ APK fonte: /data/app/~~y5Ug8_1IZogkHjr2ihkBPw==/com.cdccreditsmart.app-YpXe1K_ojCjHAkbanIT2xg==/base.apk
2026-01-27 18:37:49.202 26748-27009 ApkPreloadManager       com.cdccreditsmart.app               I  ğŸ“± Android 34 (14)
2026-01-27 18:37:49.202 26748-27009 ApkPreloadManager       com.cdccreditsmart.app               I  ğŸ“± Fabricante: realme
2026-01-27 18:37:49.202 26748-27009 ApkPreloadManager       com.cdccreditsmart.app               I  ğŸ“± Marca: realme
2026-01-27 18:37:49.203 26748-27009 ApkPreloadManager       com.cdccreditsmart.app               I  ğŸ“± Produto: RMX3938
2026-01-27 18:37:49.203 26748-27009 ApkPreloadManager       com.cdccreditsmart.app               I  ğŸ“± Modelo: RMX3938
2026-01-27 18:37:49.203 26748-27009 ApkPreloadManager       com.cdccreditsmart.app               I  ğŸ“± Fabricante detectado: realme
2026-01-27 18:37:49.214 26748-27009 ApkPreloadManager       com.cdccreditsmart.app               I  ğŸ” Caminhos de preload a tentar: 6
2026-01-27 18:37:49.214 26748-27009 ApkPreloadManager       com.cdccreditsmart.app               D     1. /data/realme/preload/apps
2026-01-27 18:37:49.214 26748-27009 ApkPreloadManager       com.cdccreditsmart.app               D     2. /data/system/device_owner_data/preloads
2026-01-27 18:37:49.214 26748-27009 ApkPreloadManager       com.cdccreditsmart.app               D     3. /data/system/device_owner_data
2026-01-27 18:37:49.214 26748-27009 ApkPreloadManager       com.cdccreditsmart.app               D     4. /data/oppo_commonsys/preload
2026-01-27 18:37:49.214 26748-27009 ApkPreloadManager       com.cdccreditsmart.app               D     5. /data/preloads/apps
2026-01-27 18:37:49.214 26748-27009 ApkPreloadManager       com.cdccreditsmart.app               D     6. /data/preload/apps
2026-01-27 18:37:49.214 26748-27009 ApkPreloadManager       com.cdccreditsmart.app               I  
2026-01-27 18:37:49.214 26748-27009 ApkPreloadManager       com.cdccreditsmart.app               I  ğŸ“‚ Tentando: /data/realme/preload/apps
2026-01-27 18:37:49.215 26748-27009 ApkPreloadManager       com.cdccreditsmart.app               I     ğŸ“ DiretÃ³rio nÃ£o existe - tentando criar...
2026-01-27 18:37:49.234 26748-27009 ApkPreloadManager       com.cdccreditsmart.app               W     âš ï¸ NÃ£o foi possÃ­vel criar diretÃ³rio
2026-01-27 18:37:49.263 26748-27009 ApkPreloadManager       com.cdccreditsmart.app               I  
2026-01-27 18:37:49.263 26748-27009 ApkPreloadManager       com.cdccreditsmart.app               I  ğŸ“‚ Tentando: /data/system/device_owner_data/preloads
2026-01-27 18:37:49.263 26748-27009 ApkPreloadManager       com.cdccreditsmart.app               I     ğŸ“ DiretÃ³rio nÃ£o existe - tentando criar...
2026-01-27 18:37:49.264 26748-27009 ApkPreloadManager       com.cdccreditsmart.app               W     âš ï¸ NÃ£o foi possÃ­vel criar diretÃ³rio
2026-01-27 18:37:49.264 26748-27009 ApkPreloadManager       com.cdccreditsmart.app               I  
2026-01-27 18:37:49.264 26748-27009 ApkPreloadManager       com.cdccreditsmart.app               I  ğŸ“‚ Tentando: /data/system/device_owner_data
2026-01-27 18:37:49.264 26748-27009 ApkPreloadManager       com.cdccreditsmart.app               I     ğŸ“ DiretÃ³rio nÃ£o existe - tentando criar...
2026-01-27 18:37:49.265 26748-27009 ApkPreloadManager       com.cdccreditsmart.app               W     âš ï¸ NÃ£o foi possÃ­vel criar diretÃ³rio
2026-01-27 18:37:49.265 26748-27009 ApkPreloadManager       com.cdccreditsmart.app               I  
2026-01-27 18:37:49.265 26748-27009 ApkPreloadManager       com.cdccreditsmart.app               I  ğŸ“‚ Tentando: /data/oppo_commonsys/preload
2026-01-27 18:37:49.265 26748-27009 ApkPreloadManager       com.cdccreditsmart.app               I     ğŸ“ DiretÃ³rio nÃ£o existe - tentando criar...
2026-01-27 18:37:49.265 26748-27009 ApkPreloadManager       com.cdccreditsmart.app               W     âš ï¸ NÃ£o foi possÃ­vel criar diretÃ³rio
2026-01-27 18:37:49.265 26748-27009 ApkPreloadManager       com.cdccreditsmart.app               I  
2026-01-27 18:37:49.265 26748-27009 ApkPreloadManager       com.cdccreditsmart.app               I  ğŸ“‚ Tentando: /data/preloads/apps
2026-01-27 18:37:49.266 26748-27009 ApkPreloadManager       com.cdccreditsmart.app               I     ğŸ“ DiretÃ³rio nÃ£o existe - tentando criar...
2026-01-27 18:37:49.274 26748-27009 ApkPreloadManager       com.cdccreditsmart.app               W     âš ï¸ NÃ£o foi possÃ­vel criar diretÃ³rio
2026-01-27 18:37:49.275 26748-27009 ApkPreloadManager       com.cdccreditsmart.app               I  
2026-01-27 18:37:49.275 26748-27009 ApkPreloadManager       com.cdccreditsmart.app               I  ğŸ“‚ Tentando: /data/preload/apps
2026-01-27 18:37:49.275 26748-27009 ApkPreloadManager       com.cdccreditsmart.app               I     ğŸ“ DiretÃ³rio nÃ£o existe - tentando criar...
2026-01-27 18:37:49.275 26748-27009 ApkPreloadManager       com.cdccreditsmart.app               W     âš ï¸ NÃ£o foi possÃ­vel criar diretÃ³rio
2026-01-27 18:37:49.276 26748-27009 ApkPreloadManager       com.cdccreditsmart.app               E  
2026-01-27 18:37:49.276 26748-27009 ApkPreloadManager       com.cdccreditsmart.app               E  âŒ FALHA: Nenhum caminho de preload acessÃ­vel
2026-01-27 18:37:49.276 26748-27009 ApkPreloadManager       com.cdccreditsmart.app               E     Fabricante: realme
2026-01-27 18:37:49.276 26748-27009 ApkPreloadManager       com.cdccreditsmart.app               E     O sistema de recuperaÃ§Ã£o via stub ainda funcionarÃ¡
2026-01-27 18:37:49.276 26748-27009 ApkPreloadManager       com.cdccreditsmart.app               I  ========================================
