2025-12-08 05:39:50.232  5088-5088  PermissionGateScreen    com.cdccreditsmart.app               W     ❌ FALTA: Permissões Básicas
2025-12-08 05:39:50.232  5088-5088  PermissionGateScreen    com.cdccreditsmart.app               W     ❌ FALTA: Monitoramento de Apps
2025-12-08 05:39:50.232  5088-5088  PermissionGateScreen    com.cdccreditsmart.app               W     ❌ FALTA: Mostrar Alertas
2025-12-08 05:39:50.232  5088-5088  PermissionGateScreen    com.cdccreditsmart.app               W     ❌ FALTA: Execução em Segundo Plano
2025-12-08 05:39:50.232  5088-5088  PermissionGateScreen    com.cdccreditsmart.app               I  ========================================
2025-12-08 05:39:50.233  5088-5088  PermissionGateScreen    com.cdccreditsmart.app               I  🚪 PERMISSION GATE SCREEN INICIADO
2025-12-08 05:39:50.233  5088-5088  PermissionGateScreen    com.cdccreditsmart.app               I  ========================================
2025-12-08 05:39:50.233  5088-5088  PermissionGateScreen    com.cdccreditsmart.app               I  Nível de privilégio: BASIC
2025-12-08 05:39:50.233  5088-5088  PermissionGateScreen    com.cdccreditsmart.app               I  Permissões concedidas: 0
2025-12-08 05:39:50.233  5088-5088  PermissionGateScreen    com.cdccreditsmart.app               I  Permissões faltando: 5
2025-12-08 05:39:50.233  5088-5088  PermissionGateScreen    com.cdccreditsmart.app               W    ❌ Administrador do Dispositivo
2025-12-08 05:39:50.233  5088-5088  PermissionGateScreen    com.cdccreditsmart.app               W    ❌ Permissões Básicas
2025-12-08 05:39:50.233  5088-5088  PermissionGateScreen    com.cdccreditsmart.app               W    ❌ Monitoramento de Apps
2025-12-08 05:39:50.233  5088-5088  PermissionGateScreen    com.cdccreditsmart.app               W    ❌ Mostrar Alertas
2025-12-08 05:39:50.233  5088-5088  PermissionGateScreen    com.cdccreditsmart.app               W    ❌ Execução em Segundo Plano
2025-12-08 05:39:50.233  5088-5088  PermissionGateScreen    com.cdccreditsmart.app               I  ========================================
2025-12-08 05:39:50.233  5088-5088  PermissionGateScreen    com.cdccreditsmart.app               D  ⏰ Iniciando verificação periódica de permissões...
2025-12-08 05:39:50.237  5088-5088  Choreographer           com.cdccreditsmart.app               I  Skipped 135 frames!  The application may be doing too much work on its main thread.
2025-12-08 05:39:50.316  5088-5305  FA                      com.cdccreditsmart.app               I  Application backgrounded at: timestamp_millis: 1765183188005
2025-12-08 05:39:50.349  5088-5295  SettingsGuardService    com.cdccreditsmart.app               D  📋 Activity check - Full: null, Simple: null
2025-12-08 05:39:50.356  5088-5088  NotificationHelper      com.cdccreditsmart.app               D  Notification channel created: cdc_default
2025-12-08 05:39:50.358  5088-5088  NotificationHelper      com.cdccreditsmart.app               D  Notification channel created: cdc_info
2025-12-08 05:39:50.360  5088-5088  NotificationHelper      com.cdccreditsmart.app               D  Notification channel created: cdc_alerts
2025-12-08 05:39:50.361  5088-5088  NotificationHelper      com.cdccreditsmart.app               D  Notification channel created: cdc_payments
2025-12-08 05:39:50.363  5088-5088  NotificationHelper      com.cdccreditsmart.app               D  Notification channel created: cdc_contract
2025-12-08 05:39:50.533  5088-5088  CdcMessagingService     com.cdccreditsmart.app               D  CdcMessagingService created
2025-12-08 05:39:50.546  5088-5346  CdcMessagingService     com.cdccreditsmart.app               D  ========== NEW FCM TOKEN RECEIVED ==========
2025-12-08 05:39:50.546  5088-5346  CdcMessagingService     com.cdccreditsmart.app               D  Token: db1InWgKRSu_8u2T23A6...
2025-12-08 05:39:50.828  5088-5346  FcmTokenManager         com.cdccreditsmart.app               D  FCM token saved locally: db1InWgKRSu_8u2T23A6...
2025-12-08 05:39:50.837  5088-5295  FcmTokenManager         com.cdccreditsmart.app               D  ========== REGISTERING FCM TOKEN WITH BACKEND ==========
2025-12-08 05:39:50.839  5088-5295  FcmTokenManager         com.cdccreditsmart.app               D  Current FCM token retrieved: db1InWgKRSu_8u2T23A6...
2025-12-08 05:39:50.963  5088-5297  SettingsGuardService    com.cdccreditsmart.app               D  📋 Activity check - Full: null, Simple: null
2025-12-08 05:39:51.015  5088-5295  SecureTokenStorage      com.cdccreditsmart.app               D  EncryptedSharedPreferences initialized successfully
2025-12-08 05:39:51.022  5088-5295  FcmTokenManager         com.cdccreditsmart.app               E  Cannot register: Auth token not available
2025-12-08 05:39:51.022  5088-5295  CdcMessagingService     com.cdccreditsmart.app               E  ❌ Failed to register FCM token with backend: User not authenticated
2025-12-08 05:39:51.139  5088-5088  InteractionJankMonitor  com.cdccreditsmart.app               W  Initializing without READ_DEVICE_CONFIG permission. enabled=false, interval=1, missedFrameThreshold=3, frameTimeThreshold=64, package=com.cdccreditsmart.app
2025-12-08 05:39:51.582  5088-5295  SettingsGuardService    com.cdccreditsmart.app               D  📋 Activity check - Full: null, Simple: null
2025-12-08 05:39:52.190  5088-5295  SettingsGuardService    com.cdccreditsmart.app               D  📋 Activity check - Full: null, Simple: null
2025-12-08 05:39:52.795  5088-5295  SettingsGuardService    com.cdccreditsmart.app               D  📋 Activity check - Full: null, Simple: null
2025-12-08 05:39:53.206  5088-5432  ProfileInstaller        com.cdccreditsmart.app               D  Installing profile for com.cdccreditsmart.app
2025-12-08 05:39:53.369  5088-5101  creditsmart.app         com.cdccreditsmart.app               I  Compiler allocated 5042KB to compile void android.view.ViewRootImpl.performTraversals()
2025-12-08 05:39:53.410  5088-5295  SettingsGuardService    com.cdccreditsmart.app               D  📋 Activity check - Full: null, Simple: null
2025-12-08 05:39:54.016  5088-5295  SettingsGuardService    com.cdccreditsmart.app               D  📋 Activity check - Full: null, Simple: null
2025-12-08 05:39:54.621  5088-5295  SettingsGuardService    com.cdccreditsmart.app               D  📋 Activity check - Full: null, Simple: null
2025-12-08 05:39:55.230  5088-5295  SettingsGuardService    com.cdccreditsmart.app               D  📋 Activity check - Full: null, Simple: null
2025-12-08 05:39:55.833  5088-5295  SettingsGuardService    com.cdccreditsmart.app               D  📋 Activity check - Full: null, Simple: null
2025-12-08 05:39:56.440  5088-5295  SettingsGuardService    com.cdccreditsmart.app               D  📋 Activity check - Full: null, Simple: null
2025-12-08 05:39:57.046  5088-5295  SettingsGuardService    com.cdccreditsmart.app               D  📋 Activity check - Full: null, Simple: null
2025-12-08 05:39:57.653  5088-5295  SettingsGuardService    com.cdccreditsmart.app               D  📋 Activity check - Full: null, Simple: null
2025-12-08 05:39:58.261  5088-5295  SettingsGuardService    com.cdccreditsmart.app               D  📋 Activity check - Full: null, Simple: null
2025-12-08 05:39:58.868  5088-5295  SettingsGuardService    com.cdccreditsmart.app               D  📋 Activity check - Full: null, Simple: null
2025-12-08 05:39:59.475  5088-5295  SettingsGuardService    com.cdccreditsmart.app               D  📋 Activity check - Full: null, Simple: null
2025-12-08 05:40:00.081  5088-5295  SettingsGuardService    com.cdccreditsmart.app               D  📋 Activity check - Full: null, Simple: null
2025-12-08 05:40:00.684  5088-5295  SettingsGuardService    com.cdccreditsmart.app               D  📋 Activity check - Full: null, Simple: null
2025-12-08 05:40:01.288  5088-5295  SettingsGuardService    com.cdccreditsmart.app               D  📋 Activity check - Full: null, Simple: null
2025-12-08 05:40:01.891  5088-5295  SettingsGuardService    com.cdccreditsmart.app               D  📋 Activity check - Full: null, Simple: null
2025-12-08 05:40:02.495  5088-5295  SettingsGuardService    com.cdccreditsmart.app               D  📋 Activity check - Full: null, Simple: null
2025-12-08 05:40:03.117  5088-5295  SettingsGuardService    com.cdccreditsmart.app               D  📋 Activity check - Full: null, Simple: null
2025-12-08 05:40:03.722  5088-5295  SettingsGuardService    com.cdccreditsmart.app               D  📋 Activity check - Full: null, Simple: null
2025-12-08 05:40:04.327  5088-5295  SettingsGuardService    com.cdccreditsmart.app               D  📋 Activity check - Full: null, Simple: null
2025-12-08 05:40:04.929  5088-5295  SettingsGuardService    com.cdccreditsmart.app               D  📋 Activity check - Full: null, Simple: null
2025-12-08 05:40:05.596  5088-5295  SettingsGuardService    com.cdccreditsmart.app               D  📋 Activity check - Full: null, Simple: null
2025-12-08 05:40:06.210  5088-5295  SettingsGuardService    com.cdccreditsmart.app               D  📋 Activity check - Full: null, Simple: null
2025-12-08 05:40:06.851  5088-5295  SettingsGuardService    com.cdccreditsmart.app               D  📋 Activity check - Full: null, Simple: null
2025-12-08 05:40:07.572  5088-5295  SettingsGuardService    com.cdccreditsmart.app               D  📋 Activity check - Full: null, Simple: null
2025-12-08 05:40:08.317  5088-5295  SettingsGuardService    com.cdccreditsmart.app               D  📋 Activity check - Full: null, Simple: null
2025-12-08 05:40:08.921  5088-5295  SettingsGuardService    com.cdccreditsmart.app               D  📋 Activity check - Full: null, Simple: null
2025-12-08 05:40:09.537  5088-5295  SettingsGuardService    com.cdccreditsmart.app               D  📋 Activity check - Full: null, Simple: null
2025-12-08 05:40:09.843  5088-5088  SettingsGuardService    com.cdccreditsmart.app               I  ▶️ Guard RETOMADO após fluxo de permissões
2025-12-08 05:40:09.843  5088-5088  MainActivity            com.cdccreditsmart.app               I  ✅ TODAS as permissões foram concedidas pelo usuário!
2025-12-08 05:40:09.843  5088-5088  MainActivity            com.cdccreditsmart.app               D    ✅ android.permission.READ_PHONE_STATE
2025-12-08 05:40:09.843  5088-5088  MainActivity            com.cdccreditsmart.app               D    ✅ android.permission.READ_CALL_LOG
2025-12-08 05:40:09.843  5088-5088  MainActivity            com.cdccreditsmart.app               D    ✅ android.permission.CALL_PHONE
2025-12-08 05:40:09.843  5088-5088  MainActivity            com.cdccreditsmart.app               D    ✅ android.permission.READ_CONTACTS
2025-12-08 05:40:09.843  5088-5088  MainActivity            com.cdccreditsmart.app               D    ✅ android.permission.ACCESS_FINE_LOCATION
2025-12-08 05:40:09.843  5088-5088  MainActivity            com.cdccreditsmart.app               D    ✅ android.permission.ACCESS_COARSE_LOCATION
2025-12-08 05:40:09.843  5088-5088  MainActivity            com.cdccreditsmart.app               D    ✅ android.permission.ANSWER_PHONE_CALLS
2025-12-08 05:40:09.844  5088-5088  MainActivity            com.cdccreditsmart.app               D    ✅ android.permission.READ_PHONE_NUMBERS
2025-12-08 05:40:09.844  5088-5088  MainActivity            com.cdccreditsmart.app               D    ✅ android.permission.POST_NOTIFICATIONS
2025-12-08 05:40:09.875  5088-5088  InsetsController        com.cdccreditsmart.app               D  hide(ime(), fromIme=false)
2025-12-08 05:40:09.876  5088-5088  ImeTracker              com.cdccreditsmart.app               I  com.cdccreditsmart.app:60caa471: onCancelled at PHASE_CLIENT_ALREADY_HIDDEN
2025-12-08 05:40:10.147  5088-5295  SettingsGuardService    com.cdccreditsmart.app               D  📋 Activity check - Full: null, Simple: null
2025-12-08 05:40:10.751  5088-5295  SettingsGuardService    com.cdccreditsmart.app               D  📋 Activity check - Full: null, Simple: null
2025-12-08 05:40:11.360  5088-5295  SettingsGuardService    com.cdccreditsmart.app               D  📋 Activity check - Full: null, Simple: null
2025-12-08 05:40:12.042  5088-5295  SettingsGuardService    com.cdccreditsmart.app               D  📋 Activity check - Full: null, Simple: null
2025-12-08 05:40:12.218  5088-5088  VRI[MainActivity]       com.cdccreditsmart.app               D  visibilityChanged oldVisibility=true newVisibility=false
2025-12-08 05:40:13.504  5088-5305  FA                      com.cdccreditsmart.app               I  Application backgrounded at: timestamp_millis: 1765183211501
2025-12-08 05:40:13.661  5088-5088  CDC_PROVISIONING_DEBUG  com.cdccreditsmart.app               I  [2025-12-08 08:40:13.661] [PID:5088] [TID:2|main] 🏁 PROVISIONING STARTED: Timer started for hang detection
2025-12-08 05:40:13.662  5088-5088  CDC_PROVISIONING_DEBUG  com.cdccreditsmart.app               I  [2025-12-08 08:40:13.661] [PID:5088] [TID:2|main] 📈 CALLBACK PROGRESS: 1/3 completed
2025-12-08 05:40:13.662  5088-5088  CDC_PROVISIONING_DEBUG  com.cdccreditsmart.app               I  [2025-12-08 08:40:13.662] [PID:5088] [TID:2|main] 📈 Completed: onEnabled
2025-12-08 05:40:13.662  5088-5088  CDC_PROVISIONING_DEBUG  com.cdccreditsmart.app               I  [2025-12-08 08:40:13.662] [PID:5088] [TID:2|main] ⏳ Remaining: onProfileProvisioningComplete, onReadyForUserInitialization
2025-12-08 05:40:13.667  5088-5088  CDCDeviceAdminReceiver  com.cdccreditsmart.app               I  [2025-12-08 08:40:13.666] [PID:5088] [TID:2|main] 🔑 ==================== DEVICE ADMIN ENABLED ====================
2025-12-08 05:40:13.668  5088-5088  CDCDeviceAdminReceiver  com.cdccreditsmart.app               I  [2025-12-08 08:40:13.667] [PID:5088] [TID:2|main] ✅ Device Admin enabled successfully - CRITICAL CALLBACK FOR WORK PROFILE PREPARATION
2025-12-08 05:40:13.668  5088-5088  CDCDeviceAdminReceiver  com.cdccreditsmart.app               I  [2025-12-08 08:40:13.668] [PID:5088] [TID:2|main] ⏰ Raw timestamp: 1765183213668
2025-12-08 05:40:13.669  5088-5088  CDCDeviceAdminReceiver  com.cdccreditsmart.app               I  [2025-12-08 08:40:13.668] [PID:5088] [TID:2|main] 🔍 Starting comprehensive admin enablement verification...
2025-12-08 05:40:13.671  5088-5088  CDCDeviceAdminReceiver  com.cdccreditsmart.app               I  [2025-12-08 08:40:13.669] [PID:5088] [TID:2|main] 📋 Admin component: ComponentInfo{com.cdccreditsmart.app/com.cdccreditsmart.device.CDCDeviceAdminReceiver}
2025-12-08 05:40:13.671  5088-5088  CDCDeviceAdminReceiver  com.cdccreditsmart.app               I  [2025-12-08 08:40:13.671] [PID:5088] [TID:2|main] 📱 Package name: com.cdccreditsmart.app
2025-12-08 05:40:13.672  5088-5088  CDCDeviceAdminReceiver  com.cdccreditsmart.app               I  [2025-12-08 08:40:13.671] [PID:5088] [TID:2|main] 👤 Current user: UserHandle{0}
2025-12-08 05:40:13.674  5088-5088  CDCDeviceAdminReceiver  com.cdccreditsmart.app               I  [2025-12-08 08:40:13.672] [PID:5088] [TID:2|main] 🎯 Current user handle: UserHandle{0}
2025-12-08 05:40:13.676  5088-5088  CDCDeviceAdminReceiver  com.cdccreditsmart.app               I  [2025-12-08 08:40:13.675] [PID:5088] [TID:2|main] 🔒 Device administration status:
2025-12-08 05:40:13.677  5088-5088  CDCDeviceAdminReceiver  com.cdccreditsmart.app               I  [2025-12-08 08:40:13.676] [PID:5088] [TID:2|main]    🔑 Admin active: true
2025-12-08 05:40:13.677  5088-5088  CDCDeviceAdminReceiver  com.cdccreditsmart.app               I  [2025-12-08 08:40:13.677] [PID:5088] [TID:2|main]    🏭 Device owner: false
2025-12-08 05:40:13.678  5088-5088  CDCDeviceAdminReceiver  com.cdccreditsmart.app               I  [2025-12-08 08:40:13.677] [PID:5088] [TID:2|main]    📋 Profile owner: false
2025-12-08 05:40:13.683  5088-5088  CDCDeviceAdminReceiver  com.cdccreditsmart.app               I  [2025-12-08 08:40:13.680] [PID:5088] [TID:2|main] 🏢 Work Profile status (CRITICAL FOR PREPARATION):
2025-12-08 05:40:13.684  5088-5088  CDCDeviceAdminReceiver  com.cdccreditsmart.app               I  [2025-12-08 08:40:13.683] [PID:5088] [TID:2|main]    🏢 Is managed profile: false
2025-12-08 05:40:13.685  5088-5088  CDCDeviceAdminReceiver  com.cdccreditsmart.app               I  [2025-12-08 08:40:13.684] [PID:5088] [TID:2|main]    🔧 Is system user: true
2025-12-08 05:40:13.686  5088-5088  CDCDeviceAdminReceiver  com.cdccreditsmart.app               I  [2025-12-08 08:40:13.685] [PID:5088] [TID:2|main]    🔓 Is user unlocked: true
2025-12-08 05:40:13.689  5088-5088  CDCDeviceAdminReceiver  com.cdccreditsmart.app               I  [2025-12-08 08:40:13.689] [PID:5088] [TID:2|main]    📱 Device provisioned: true
2025-12-08 05:40:13.691  5088-5088  CDCDeviceAdminReceiver  com.cdccreditsmart.app               I  [2025-12-08 08:40:13.690] [PID:5088] [TID:2|main]    👤 User setup complete: true
2025-12-08 05:40:13.692  5088-5088  CDCDeviceAdminReceiver  com.cdccreditsmart.app               I  [2025-12-08 08:40:13.692] [PID:5088] [TID:2|main] 🔍 DEVICE CAPABILITIES ANALYSIS (Critical for work profile):
2025-12-08 05:40:13.706  5088-5088  CDCDeviceAdminReceiver  com.cdccreditsmart.app               W  [2025-12-08 08:40:13.705] [PID:5088] [TID:2|main]    📷 Could not check camera permission state
2025-12-08 05:40:13.708  5088-5088  CDCDeviceAdminReceiver  com.cdccreditsmart.app               W  Exception details: (Ask Gemini)
                                                                                                    java.lang.SecurityException: Calling identity is not authorized
                                                                                                    	at android.os.Parcel.createExceptionOrNull(Parcel.java:3340)
                                                                                                    	at android.os.Parcel.createException(Parcel.java:3324)
                                                                                                    	at android.os.Parcel.readException(Parcel.java:3307)
                                                                                                    	at android.os.Parcel.readException(Parcel.java:3249)
                                                                                                    	at android.app.admin.IDevicePolicyManager$Stub$Proxy.getPermissionGrantState(IDevicePolicyManager.java:11082)
                                                                                                    	at android.app.admin.DevicePolicyManager.getPermissionGrantState(DevicePolicyManager.java:14317)
                                                                                                    	at com.cdccreditsmart.device.CDCDeviceAdminReceiver.logDeviceCapabilities(CDCDeviceAdminReceiver.kt:821)
                                                                                                    	at com.cdccreditsmart.device.CDCDeviceAdminReceiver.onEnabled(CDCDeviceAdminReceiver.kt:383)
                                                                                                    	at android.app.admin.DeviceAdminReceiver.onReceive(DeviceAdminReceiver.java:1195)
                                                                                                    	at android.app.ActivityThread.handleReceiver(ActivityThread.java:5029)
                                                                                                    	at android.app.ActivityThread.-$$Nest$mhandleReceiver(Unknown Source:0)
                                                                                                    	at android.app.ActivityThread$H.handleMessage(ActivityThread.java:2577)
                                                                                                    	at android.os.Handler.dispatchMessage(Handler.java:110)
                                                                                                    	at android.os.Looper.loopOnce(Looper.java:248)
                                                                                                    	at android.os.Looper.loop(Looper.java:338)
                                                                                                    	at android.app.ActivityThread.main(ActivityThread.java:9067)
                                                                                                    	at java.lang.reflect.Method.invoke(Native Method)
                                                                                                    	at com.android.internal.os.RuntimeInit$MethodAndArgsCaller.run(RuntimeInit.java:593)
                                                                                                    	at com.android.internal.os.ZygoteInit.main(ZygoteInit.java:932)
                                                                                                    Caused by: android.os.RemoteException: Remote stack trace:
                                                                                                    	at com.android.internal.util.Preconditions.checkCallAuthorization(Preconditions.java:254)
                                                                                                    	at com.android.server.devicepolicy.DevicePolicyManagerService.getPermissionGrantState(DevicePolicyManagerService.java:17004)
                                                                                                    	at android.app.admin.IDevicePolicyManager$Stub.onTransact$getPermissionGrantState$(IDevicePolicyManager.java:15758)
                                                                                                    	at android.app.admin.IDevicePolicyManager$Stub.onTransact(IDevicePolicyManager.java:5121)
                                                                                                    	at android.os.Binder.execTransactInternal(Binder.java:1421)
                                                                                                    
2025-12-08 05:40:13.719  5088-5088  CDCDeviceAdminReceiver  com.cdccreditsmart.app               W  [2025-12-08 08:40:13.719] [PID:5088] [TID:2|main]    🔒 Could not check lock task packages
2025-12-08 05:40:13.720  5088-5088  CDCDeviceAdminReceiver  com.cdccreditsmart.app               W  Exception details: (Ask Gemini)
                                                                                                    java.lang.SecurityException: Caller does not have the required permissions for this user. Permission required: android.permission.MANAGE_DEVICE_POLICY_LOCK_TASK.
                                                                                                    	at android.os.Parcel.createExceptionOrNull(Parcel.java:3340)
                                                                                                    	at android.os.Parcel.createException(Parcel.java:3324)
                                                                                                    	at android.os.Parcel.readException(Parcel.java:3307)
                                                                                                    	at android.os.Parcel.readException(Parcel.java:3249)
                                                                                                    	at android.app.admin.IDevicePolicyManager$Stub$Proxy.getLockTaskPackages(IDevicePolicyManager.java:9915)
                                                                                                    	at android.app.admin.DevicePolicyManager.getLockTaskPackages(DevicePolicyManager.java:13097)
                                                                                                    	at com.cdccreditsmart.device.CDCDeviceAdminReceiver.logDeviceCapabilities(CDCDeviceAdminReceiver.kt:834)
                                                                                                    	at com.cdccreditsmart.device.CDCDeviceAdminReceiver.onEnabled(CDCDeviceAdminReceiver.kt:383)
                                                                                                    	at android.app.admin.DeviceAdminReceiver.onReceive(DeviceAdminReceiver.java:1195)
                                                                                                    	at android.app.ActivityThread.handleReceiver(ActivityThread.java:5029)
                                                                                                    	at android.app.ActivityThread.-$$Nest$mhandleReceiver(Unknown Source:0)
                                                                                                    	at android.app.ActivityThread$H.handleMessage(ActivityThread.java:2577)
                                                                                                    	at android.os.Handler.dispatchMessage(Handler.java:110)
                                                                                                    	at android.os.Looper.loopOnce(Looper.java:248)
                                                                                                    	at android.os.Looper.loop(Looper.java:338)
                                                                                                    	at android.app.ActivityThread.main(ActivityThread.java:9067)
                                                                                                    	at java.lang.reflect.Method.invoke(Native Method)
                                                                                                    	at com.android.internal.os.RuntimeInit$MethodAndArgsCaller.run(RuntimeInit.java:593)
                                                                                                    	at com.android.internal.os.ZygoteInit.main(ZygoteInit.java:932)
2025-12-08 05:40:13.721  5088-5088  CDCDeviceAdminReceiver  com.cdccreditsmart.app               I  [2025-12-08 08:40:13.721] [PID:5088] [TID:2|main]    💾 Storage encryption status: false
2025-12-08 05:40:13.722  5088-5088  CDCDeviceAdminReceiver  com.cdccreditsmart.app               I  [2025-12-08 08:40:13.721] [PID:5088] [TID:2|main] ✅ Device capabilities analysis completed
2025-12-08 05:40:13.722  5088-5088  CDC_PROVISIONING_DEBUG  com.cdccreditsmart.app               I  [2025-12-08 08:40:13.722] [PID:5088] [TID:2|main] 📋 CALLBACK SEQUENCE (1 callbacks):
2025-12-08 05:40:13.722  5088-5088  CDC_PROVISIONING_DEBUG  com.cdccreditsmart.app               I  [2025-12-08 08:40:13.722] [PID:5088] [TID:2|main]    1. 2025-12-08 08:40:13.643 - onEnabled
2025-12-08 05:40:13.722  5088-5088  CDC_PROVISIONING_DEBUG  com.cdccreditsmart.app               I  [2025-12-08 08:40:13.722] [PID:5088] [TID:2|main] 🔍 HANG DETECTION CHECK:
2025-12-08 05:40:13.723  5088-5088  CDC_PROVISIONING_DEBUG  com.cdccreditsmart.app               I  [2025-12-08 08:40:13.722] [PID:5088] [TID:2|main]    ⏱️ Time since provisioning start: 79ms
2025-12-08 05:40:13.723  5088-5088  CDC_PROVISIONING_DEBUG  com.cdccreditsmart.app               I  [2025-12-08 08:40:13.723] [PID:5088] [TID:2|main]    ⏱️ Time since last callback: 79ms
2025-12-08 05:40:13.723  5088-5088  CDCDeviceAdminReceiver  com.cdccreditsmart.app               I  [2025-12-08 08:40:13.723] [PID:5088] [TID:2|main] ✅ Admin enablement verification completed successfully
2025-12-08 05:40:13.723  5088-5088  CDCDeviceAdminReceiver  com.cdccreditsmart.app               I  [2025-12-08 08:40:13.723] [PID:5088] [TID:2|main] 🏁 onEnabled callback completed - work profile preparation should continue
2025-12-08 05:40:13.723  5088-5088  CDCDeviceAdminReceiver  com.cdccreditsmart.app               I  [2025-12-08 08:40:13.723] [PID:5088] [TID:2|main] 🔑 =================================================================
2025-12-08 05:40:13.726  5088-5088  ViewRootImpl            com.cdccreditsmart.app               D  Skipping stats log for color mode
2025-12-08 05:40:13.740  5088-5088  PermissionGateScreen    com.cdccreditsmart.app               I  ✅ Device Admin status atualizado
2025-12-08 05:40:13.946  5088-5295  SettingsGuardService    com.cdccreditsmart.app               D  📋 Activity check - Full: null, Simple: null
2025-12-08 05:40:14.045  5088-5088  InsetsController        com.cdccreditsmart.app               D  hide(ime(), fromIme=false)
2025-12-08 05:40:14.046  5088-5088  ImeTracker              com.cdccreditsmart.app               I  com.cdccreditsmart.app:e0de9203: onCancelled at PHASE_CLIENT_ALREADY_HIDDEN
2025-12-08 05:40:14.558  5088-5295  SettingsGuardService    com.cdccreditsmart.app               D  📋 Activity check - Full: null, Simple: null
2025-12-08 05:40:15.160  5088-5295  SettingsGuardService    com.cdccreditsmart.app               D  📋 Activity check - Full: null, Simple: null
2025-12-08 05:40:15.763  5088-5295  SettingsGuardService    com.cdccreditsmart.app               D  📋 Activity check - Full: null, Simple: null
2025-12-08 05:40:16.075  5088-5088  SettingsGuardService    com.cdccreditsmart.app               I  ⏸️ Guard PAUSADO para fluxo de permissões
2025-12-08 05:40:16.442  5088-5295  SettingsGuardService    com.cdccreditsmart.app               I  ▶️ App voltou ao foreground durante fluxo de permissão - retomando guard
2025-12-08 05:40:16.442  5088-5295  SettingsGuardService    com.cdccreditsmart.app               I  ▶️ Guard RETOMADO após fluxo de permissões
2025-12-08 05:40:16.886  5088-5088  VRI[MainActivity]       com.cdccreditsmart.app               D  visibilityChanged oldVisibility=true newVisibility=false
2025-12-08 05:40:16.917  5088-5315  HWUI                    com.cdccreditsmart.app               D  endAllActiveAnimators on 0x7d77b0f40200 (UnprojectedRipple) with handle 0x7d7660f5a760
2025-12-08 05:40:18.134  5088-5305  FA                      com.cdccreditsmart.app               I  Application backgrounded at: timestamp_millis: 1765183216132
2025-12-08 05:40:20.069  5088-5295  SettingsGuardService    com.cdccreditsmart.app               I  ✅ Permissão USAGE_STATS concedida - cancelando notificação
2025-12-08 05:40:20.071  5088-5295  SettingsGuardService    com.cdccreditsmart.app               I  📢 Notificação de permissão USAGE_STATS cancelada
2025-12-08 05:40:20.091  5088-5295  SettingsGuardService    com.cdccreditsmart.app               D  📋 Activity check - Full: com.android.settings.SubSettings, Simple: SubSettings
2025-12-08 05:40:20.120  5088-5295  SettingsGuardService    com.cdccreditsmart.app               D  📋 SubSettings detectado (navegação permitida)
2025-12-08 05:40:20.120  5088-5295  SettingsGuardService    com.cdccreditsmart.app               D     Pacote: com.android.settings
2025-12-08 05:40:20.120  5088-5295  SettingsGuardService    com.cdccreditsmart.app               D     NOTA: Não veio de caminho perigoso
2025-12-08 05:40:20.120  5088-5295  SettingsGuardService    com.cdccreditsmart.app               D  📋 Activity em Settings (permitida): com.android.settings.SubSettings
2025-12-08 05:40:20.120  5088-5295  SettingsGuardService    com.cdccreditsmart.app               D     Pacote: com.android.settings
2025-12-08 05:40:20.736  5088-5295  SettingsGuardService    com.cdccreditsmart.app               D  📋 Activity check - Full: com.android.settings.Settings$UsageAccessSettingsActivity, Simple: UsageAccessSettingsActivity
2025-12-08 05:40:20.743  5088-5295  SettingsGuardService    com.cdccreditsmart.app               W  🎯 ATIVIDADE PERIGOSA DETECTADA!
2025-12-08 05:40:20.743  5088-5295  SettingsGuardService    com.cdccreditsmart.app               W     Pacote: com.android.settings
2025-12-08 05:40:20.744  5088-5295  SettingsGuardService    com.cdccreditsmart.app               W     Activity completa: com.android.settings.Settings$UsageAccessSettingsActivity
2025-12-08 05:40:20.744  5088-5295  SettingsGuardService    com.cdccreditsmart.app               W     Activity simplificada: UsageAccessSettingsActivity
2025-12-08 05:40:20.744  5088-5295  SettingsGuardService    com.cdccreditsmart.app               W     Match: UsageAccessSettings
2025-12-08 05:40:20.744  5088-5295  SettingsGuardService    com.cdccreditsmart.app               W  🚨 ÁREA PERIGOSA DETECTADA!
2025-12-08 05:40:20.744  5088-5295  SettingsGuardService    com.cdccreditsmart.app               W     Pacote: com.android.settings
2025-12-08 05:40:20.744  5088-5295  SettingsGuardService    com.cdccreditsmart.app               W     Atividade: com.android.settings.Settings$UsageAccessSettingsActivity
2025-12-08 05:40:20.744  5088-5295  SettingsGuardService    com.cdccreditsmart.app               W     Chamando app para foreground...
2025-12-08 05:40:20.774  5088-5088  SettingsGuardService    com.cdccreditsmart.app               D  🏠 Enviado para Home primeiro (fecha Settings)
2025-12-08 05:40:21.035  5088-5088  SettingsGuardService    com.cdccreditsmart.app               I  ✅ App trazido para foreground
2025-12-08 05:40:21.134  5088-5088  SettingsGuardService    com.cdccreditsmart.app               I  ▶️ Guard RETOMADO após fluxo de permissões
2025-12-08 05:40:21.198  5088-5295  SettingsGuardService    com.cdccreditsmart.app               D  📋 Activity check - Full: com.cdccreditsmart.app.presentation.MainActivity, Simple: MainActivity
2025-12-08 05:40:21.199  5088-5295  SettingsGuardService    com.cdccreditsmart.app               I  ✅ App CDC em foreground - resetando contador
2025-12-08 05:40:21.214  5088-5088  MainActivity            com.cdccreditsmart.app               D  📍 BroadcastReceiver de localização desregistrado
2025-12-08 05:40:21.216  5088-5088  WindowOnBackDispatcher  com.cdccreditsmart.app               W  sendCancelIfRunning: isInProgress=false callback=android.app.Activity$$ExternalSyntheticLambda0@a2a8534
2025-12-08 05:40:21.232  5088-5088  ViewRootImpl            com.cdccreditsmart.app               D  Skipping stats log for color mode
2025-12-08 05:40:21.337  5088-5088  MainActivity            com.cdccreditsmart.app               D  📍 BroadcastReceiver de localização registrado
2025-12-08 05:40:21.338  5088-5295  PersistentStateManager  com.cdccreditsmart.app               D  Nenhum estado local encontrado
2025-12-08 05:40:21.338  5088-5295  PersistentStateManager  com.cdccreditsmart.app               D  🆕 Sem estado local - device novo ou pós factory reset
2025-12-08 05:40:21.338  5088-5295  MainActivity            com.cdccreditsmart.app               I  🆕 Device nunca foi provisionado
2025-12-08 05:40:21.338  5088-5088  MainActivity            com.cdccreditsmart.app               I  ========================================
2025-12-08 05:40:21.338  5088-5088  MainActivity            com.cdccreditsmart.app               I  📱 SOLICITANDO PERMISSÕES (NÃO DEVICE OWNER)
2025-12-08 05:40:21.338  5088-5088  MainActivity            com.cdccreditsmart.app               I  ========================================
2025-12-08 05:40:21.343  5088-5088  MainActivity            com.cdccreditsmart.app               I  ✅ Todas as runtime permissions já foram concedidas!
2025-12-08 05:40:21.343  5088-5088  SpecialPermissionReq    com.cdccreditsmart.app               I  ========================================
2025-12-08 05:40:21.343  5088-5088  SpecialPermissionReq    com.cdccreditsmart.app               I  📊 STATUS DAS PERMISSÕES ESPECIAIS
2025-12-08 05:40:21.343  5088-5088  SpecialPermissionReq    com.cdccreditsmart.app               I  ========================================
2025-12-08 05:40:21.343  5088-5088  SpecialPermissionReq    com.cdccreditsmart.app               I    USAGE_STATS: ✅ CONCEDIDA
2025-12-08 05:40:21.343  5088-5088  SpecialPermissionReq    com.cdccreditsmart.app               I    OVERLAY: ❌ NÃO CONCEDIDA
2025-12-08 05:40:21.343  5088-5088  SpecialPermissionReq    com.cdccreditsmart.app               W  
2025-12-08 05:40:21.343  5088-5088  SpecialPermissionReq    com.cdccreditsmart.app               W  ⚠️ PROTEÇÃO ANTI-DESINSTALAÇÃO COMPROMETIDA!
2025-12-08 05:40:21.343  5088-5088  SpecialPermissionReq    com.cdccreditsmart.app               W     Sem essas permissões, a proteção via overlay não funciona.
2025-12-08 05:40:21.343  5088-5088  SpecialPermissionReq    com.cdccreditsmart.app               W     O usuário conseguirá acessar App Info e desinstalar.
2025-12-08 05:40:21.343  5088-5088  SpecialPermissionReq    com.cdccreditsmart.app               I  ========================================
2025-12-08 05:40:21.343  5088-5088  MainActivity            com.cdccreditsmart.app               W  ========================================
2025-12-08 05:40:21.343  5088-5088  MainActivity            com.cdccreditsmart.app               W  ⚠️ PERMISSÕES ESPECIAIS NECESSÁRIAS
2025-12-08 05:40:21.343  5088-5088  MainActivity            com.cdccreditsmart.app               W  ========================================
2025-12-08 05:40:21.343  5088-5088  MainActivity            com.cdccreditsmart.app               W  Para proteção anti-desinstalação funcionar:
2025-12-08 05:40:21.343  5088-5088  MainActivity            com.cdccreditsmart.app               W    ❌ Exibir sobre outros apps
2025-12-08 05:40:21.343  5088-5088  MainActivity            com.cdccreditsmart.app               W       Permite mostrar avisos de proteção sobre outros aplicativos
2025-12-08 05:40:21.343  5088-5088  MainActivity            com.cdccreditsmart.app               W  ========================================
2025-12-08 05:40:21.343  5088-5088  MainActivity            com.cdccreditsmart.app               W  O app solicitará essas permissões na próxima interação
2025-12-08 05:40:21.343  5088-5088  MainActivity            com.cdccreditsmart.app               W  ========================================
2025-12-08 05:40:21.356  5088-5088  InsetsController        com.cdccreditsmart.app               D  Setting requestedVisibleTypes to -14 (was -9)
2025-12-08 05:40:21.784  5088-5088  PermissionGateScreen    com.cdccreditsmart.app               I  🔍 VERIFICAÇÃO INICIAL DE PERMISSÕES:
2025-12-08 05:40:21.786  5088-5088  PermissionGateScreen    com.cdccreditsmart.app               I     Nível: DEVICE_ADMIN
2025-12-08 05:40:21.786  5088-5088  PermissionGateScreen    com.cdccreditsmart.app               I     Todas concedidas: false
2025-12-08 05:40:21.788  5088-5088  PermissionGateScreen    com.cdccreditsmart.app               I     Bateria isenta: false
2025-12-08 05:40:21.788  5088-5088  PermissionGateScreen    com.cdccreditsmart.app               W     ❌ FALTA: Mostrar Alertas
2025-12-08 05:40:21.788  5088-5088  PermissionGateScreen    com.cdccreditsmart.app               W     ❌ FALTA: Execução em Segundo Plano
2025-12-08 05:40:21.788  5088-5088  PermissionGateScreen    com.cdccreditsmart.app               I     ✅ OK: Administrador do Dispositivo
2025-12-08 05:40:21.788  5088-5088  PermissionGateScreen    com.cdccreditsmart.app               I     ✅ OK: Permissões Básicas
2025-12-08 05:40:21.788  5088-5088  PermissionGateScreen    com.cdccreditsmart.app               I     ✅ OK: Monitoramento de Apps
2025-12-08 05:40:21.788  5088-5088  PermissionGateScreen    com.cdccreditsmart.app               I  ========================================
2025-12-08 05:40:21.788  5088-5088  PermissionGateScreen    com.cdccreditsmart.app               I  🚪 PERMISSION GATE SCREEN INICIADO
2025-12-08 05:40:21.788  5088-5088  PermissionGateScreen    com.cdccreditsmart.app               I  ========================================
2025-12-08 05:40:21.788  5088-5088  PermissionGateScreen    com.cdccreditsmart.app               I  Nível de privilégio: DEVICE_ADMIN
2025-12-08 05:40:21.788  5088-5088  PermissionGateScreen    com.cdccreditsmart.app               I  Permissões concedidas: 3
2025-12-08 05:40:21.788  5088-5088  PermissionGateScreen    com.cdccreditsmart.app               I  Permissões faltando: 2
2025-12-08 05:40:21.788  5088-5088  PermissionGateScreen    com.cdccreditsmart.app               W    ❌ Mostrar Alertas
2025-12-08 05:40:21.788  5088-5088  PermissionGateScreen    com.cdccreditsmart.app               W    ❌ Execução em Segundo Plano
2025-12-08 05:40:21.788  5088-5088  PermissionGateScreen    com.cdccreditsmart.app               I    ✅ Administrador do Dispositivo
2025-12-08 05:40:21.788  5088-5088  PermissionGateScreen    com.cdccreditsmart.app               I    ✅ Permissões Básicas
2025-12-08 05:40:21.788  5088-5088  PermissionGateScreen    com.cdccreditsmart.app               I    ✅ Monitoramento de Apps
2025-12-08 05:40:21.788  5088-5088  PermissionGateScreen    com.cdccreditsmart.app               I  ========================================
2025-12-08 05:40:21.788  5088-5088  PermissionGateScreen    com.cdccreditsmart.app               D  ⏰ Iniciando verificação periódica de permissões...
2025-12-08 05:40:21.806  5088-5295  SettingsGuardService    com.cdccreditsmart.app               D  📋 Activity check - Full: com.cdccreditsmart.app.presentation.MainActivity, Simple: MainActivity
2025-12-08 05:40:21.855  5088-5088  InsetsController        com.cdccreditsmart.app               D  hide(ime(), fromIme=false)
2025-12-08 05:40:21.855  5088-5088  ImeTracker              com.cdccreditsmart.app               I  com.cdccreditsmart.app:f9ae0350: onCancelled at PHASE_CLIENT_ALREADY_HIDDEN
2025-12-08 05:40:22.409  5088-5295  SettingsGuardService    com.cdccreditsmart.app               D  📋 Activity check - Full: com.cdccreditsmart.app.presentation.MainActivity, Simple: MainActivity
2025-12-08 05:40:23.012  5088-5295  SettingsGuardService    com.cdccreditsmart.app               D  📋 Activity check - Full: com.cdccreditsmart.app.presentation.MainActivity, Simple: MainActivity
2025-12-08 05:40:23.177  5088-5088  SettingsGuardService    com.cdccreditsmart.app               I  ⏸️ Guard PAUSADO para fluxo de permissões
2025-12-08 05:40:23.956  5088-5088  VRI[MainActivity]       com.cdccreditsmart.app               D  visibilityChanged oldVisibility=true newVisibility=false
2025-12-08 05:40:23.975  5088-5315  HWUI                    com.cdccreditsmart.app               D  endAllActiveAnimators on 0x7d77b0f53d70 (UnprojectedRipple) with handle 0x7d7660f45490
2025-12-08 05:40:24.036  5088-5102  creditsmart.app         com.cdccreditsmart.app               W  Cleared Reference was only reachable from finalizer (only reported once)
2025-12-08 05:40:25.265  5088-5305  FA                      com.cdccreditsmart.app               I  Application backgrounded at: timestamp_millis: 1765183223263
2025-12-08 05:40:31.532  5088-5088  ViewRootImpl            com.cdccreditsmart.app               D  Skipping stats log for color mode
2025-12-08 05:40:31.741  5088-5088  InsetsController        com.cdccreditsmart.app               D  hide(ime(), fromIme=false)
2025-12-08 05:40:31.741  5088-5088  ImeTracker              com.cdccreditsmart.app               I  com.cdccreditsmart.app:201430f6: onCancelled at PHASE_CLIENT_ALREADY_HIDDEN
2025-12-08 05:40:32.071  5088-5295  SettingsGuardService    com.cdccreditsmart.app               I  ▶️ App voltou ao foreground durante fluxo de permissão - retomando guard
2025-12-08 05:40:32.071  5088-5295  SettingsGuardService    com.cdccreditsmart.app               I  ▶️ Guard RETOMADO após fluxo de permissões
2025-12-08 05:40:32.674  5088-5295  SettingsGuardService    com.cdccreditsmart.app               D  📋 Activity check - Full: com.cdccreditsmart.app.presentation.MainActivity, Simple: MainActivity
2025-12-08 05:40:32.912  5088-5088  SettingsGuardService    com.cdccreditsmart.app               I  ⏸️ Guard PAUSADO para fluxo de permissões
2025-12-08 05:40:34.337  5088-5088  InsetsController        com.cdccreditsmart.app               D  hide(ime(), fromIme=false)
2025-12-08 05:40:34.337  5088-5088  ImeTracker              com.cdccreditsmart.app               I  com.cdccreditsmart.app:1a794ee8: onCancelled at PHASE_CLIENT_ALREADY_HIDDEN
2025-12-08 05:40:34.485  5088-5295  SettingsGuardService    com.cdccreditsmart.app               I  ▶️ App voltou ao foreground durante fluxo de permissão - retomando guard
2025-12-08 05:40:34.485  5088-5295  SettingsGuardService    com.cdccreditsmart.app               I  ▶️ Guard RETOMADO após fluxo de permissões
2025-12-08 05:40:34.850  5088-5088  PermissionGateScreen    com.cdccreditsmart.app               I  ✅ TODAS AS PERMISSÕES CONCEDIDAS! Prosseguindo para o app...
2025-12-08 05:40:34.850  5088-5088  SettingsGuardService    com.cdccreditsmart.app               I  ▶️ Guard RETOMADO após fluxo de permissões
2025-12-08 05:40:35.086  5088-5295  SettingsGuardService    com.cdccreditsmart.app               D  📋 Activity check - Full: com.cdccreditsmart.app.presentation.MainActivity, Simple: MainActivity
2025-12-08 05:40:35.382  5088-5088  DeviceOwnerCheckVM      com.cdccreditsmart.app               I  ========================================
2025-12-08 05:40:35.382  5088-5088  DeviceOwnerCheckVM      com.cdccreditsmart.app               I  🔐 Verificando status de Device Owner...
2025-12-08 05:40:35.688  5088-5295  SettingsGuardService    com.cdccreditsmart.app               D  📋 Activity check - Full: com.cdccreditsmart.app.presentation.MainActivity, Simple: MainActivity
2025-12-08 05:40:35.883  5088-5088  DeviceUtils             com.cdccreditsmart.app               D  Device Owner check: false
2025-12-08 05:40:35.883  5088-5088  DeviceUtils             com.cdccreditsmart.app               D  Samsung device: false (Manufacturer: Google)
2025-12-08 05:40:35.883  5088-5088  DeviceOwnerCheckVM      com.cdccreditsmart.app               W  ❌ Dispositivo NÃO é Device Owner
2025-12-08 05:40:35.883  5088-5088  DeviceOwnerCheckVM      com.cdccreditsmart.app               W  Dispositivo: Google sdk_gphone64_x86_64 (Android 16)
2025-12-08 05:40:35.883  5088-5088  DeviceOwnerCheckVM      com.cdccreditsmart.app               W  Samsung: false
2025-12-08 05:40:35.883  5088-5088  DeviceOwnerCheckVM      com.cdccreditsmart.app               I  ========================================
2025-12-08 05:40:36.109  5088-5088  SettingsGuardService    com.cdccreditsmart.app               I  ▶️ Guard RETOMADO após fluxo de permissões
2025-12-08 05:40:36.291  5088-5295  SettingsGuardService    com.cdccreditsmart.app               D  📋 Activity check - Full: com.cdccreditsmart.app.presentation.MainActivity, Simple: MainActivity
2025-12-08 05:40:37.162  5088-5088  DeviceOwnerCheckVM      com.cdccreditsmart.app               W  ⚠️ MODO DEBUG: Pulando verificação de Device Owner
2025-12-08 05:40:37.162  5088-5088  DeviceOwnerCheckVM      com.cdccreditsmart.app               W  ⚠️ ATENÇÃO: App pode não funcionar corretamente sem Device Owner
2025-12-08 05:40:37.162  5088-5088  DeviceOwnerCheckVM      com.cdccreditsmart.app               I  💾 Decisão de pular provisionamento SALVA
2025-12-08 05:40:37.190  5088-5088  RouterViewModel         com.cdccreditsmart.app               D  🚀 Iniciando verificação de autenticação...
2025-12-08 05:40:37.201  5088-5295  AuthOrchestrator        com.cdccreditsmart.app               D  🔐 Verificando autenticação...
2025-12-08 05:40:37.204  5088-5295  AuthOrchestrator        com.cdccreditsmart.app               D  🌐 Conectividade: ONLINE
2025-12-08 05:40:37.204  5088-5295  AuthOrchestrator        com.cdccreditsmart.app               D  🔄 ========== AUTO-DISCOVERY INICIADO ==========
2025-12-08 05:40:37.232  5088-5295  DeviceUtils             com.cdccreditsmart.app               E  SecurityException reading IMEI - permission denied (Ask Gemini)
                                                                                                    java.lang.SecurityException: getImeiForSlot: The uid 10217 does not meet the requirements to access device identifiers.
                                                                                                    	at android.os.Parcel.createExceptionOrNull(Parcel.java:3340)
                                                                                                    	at android.os.Parcel.createException(Parcel.java:3324)
                                                                                                    	at android.os.Parcel.readException(Parcel.java:3307)
                                                                                                    	at android.os.Parcel.readException(Parcel.java:3249)
                                                                                                    	at com.android.internal.telephony.ITelephony$Stub$Proxy.getImeiForSlot(ITelephony.java:12518)
                                                                                                    	at android.telephony.TelephonyManager.getImei(TelephonyManager.java:2387)
                                                                                                    	at android.telephony.TelephonyManager.getImei(TelephonyManager.java:2342)
                                                                                                    	at com.cdccreditsmart.app.utils.DeviceUtils.getDeviceImei(DeviceUtils.kt:106)
                                                                                                    	at com.cdccreditsmart.app.auth.AuthenticationOrchestrator.attemptAutoConnection(AuthenticationOrchestrator.kt:117)
                                                                                                    	at com.cdccreditsmart.app.auth.AuthenticationOrchestrator.access$attemptAutoConnection(AuthenticationOrchestrator.kt:29)
                                                                                                    	at com.cdccreditsmart.app.auth.AuthenticationOrchestrator$ensureAuthenticated$2.invokeSuspend(AuthenticationOrchestrator.kt:249)
                                                                                                    	at kotlin.coroutines.jvm.internal.BaseContinuationImpl.resumeWith(ContinuationImpl.kt:34)
