2025-12-09 16:00:16.332 26393-26497 ApkPreloadManager       pid-26393                            W     ⚠️ Não foi possível criar diretório
2025-12-09 16:00:16.332 26393-26497 ApkPreloadManager       pid-26393                            I  
2025-12-09 16:00:16.332 26393-26497 ApkPreloadManager       pid-26393                            I  📂 Tentando: /data/hios/preinstall
2025-12-09 16:00:16.332 26393-26497 ApkPreloadManager       pid-26393                            I     📁 Diretório não existe - tentando criar...
2025-12-09 16:00:16.332 26393-26497 ApkPreloadManager       pid-26393                            W     ⚠️ Não foi possível criar diretório
2025-12-09 16:00:16.332 26393-26497 ApkPreloadManager       pid-26393                            I  
2025-12-09 16:00:16.332 26393-26497 ApkPreloadManager       pid-26393                            I  📂 Tentando: /data/xos/preinstall
2025-12-09 16:00:16.332 26393-26497 ApkPreloadManager       pid-26393                            I     📁 Diretório não existe - tentando criar...
2025-12-09 16:00:16.333 26393-26497 ApkPreloadManager       pid-26393                            W     ⚠️ Não foi possível criar diretório
2025-12-09 16:00:16.333 26393-26497 ApkPreloadManager       pid-26393                            I  
2025-12-09 16:00:16.333 26393-26497 ApkPreloadManager       pid-26393                            I  📂 Tentando: /data/transsion/preload
2025-12-09 16:00:16.333 26393-26497 ApkPreloadManager       pid-26393                            I     📁 Diretório não existe - tentando criar...
2025-12-09 16:00:16.333 26393-26497 ApkPreloadManager       pid-26393                            W     ⚠️ Não foi possível criar diretório
2025-12-09 16:00:16.333 26393-26497 ApkPreloadManager       pid-26393                            I  
2025-12-09 16:00:16.333 26393-26497 ApkPreloadManager       pid-26393                            I  📂 Tentando: /data/preloads/apps
2025-12-09 16:00:16.333 26393-26497 ApkPreloadManager       pid-26393                            I     📁 Diretório não existe - tentando criar...
2025-12-09 16:00:16.334 26393-26497 ApkPreloadManager       pid-26393                            W     ⚠️ Não foi possível criar diretório
2025-12-09 16:00:16.334 26393-26497 ApkPreloadManager       pid-26393                            I  
2025-12-09 16:00:16.334 26393-26497 ApkPreloadManager       pid-26393                            I  📂 Tentando: /data/preload/apps
2025-12-09 16:00:16.334 26393-26497 ApkPreloadManager       pid-26393                            I     📁 Diretório não existe - tentando criar...
2025-12-09 16:00:16.335 26393-26497 ApkPreloadManager       pid-26393                            W     ⚠️ Não foi possível criar diretório
2025-12-09 16:00:16.335 26393-26497 ApkPreloadManager       pid-26393                            E  
2025-12-09 16:00:16.335 26393-26497 ApkPreloadManager       pid-26393                            E  ❌ FALHA: Nenhum caminho de preload acessível
2025-12-09 16:00:16.335 26393-26497 ApkPreloadManager       pid-26393                            E     Fabricante: infinix
2025-12-09 16:00:16.335 26393-26497 ApkPreloadManager       pid-26393                            E     O sistema de recuperação via stub ainda funcionará
2025-12-09 16:00:16.335 26393-26497 ApkPreloadManager       pid-26393                            I  ========================================
2025-12-09 16:00:16.335 26393-26497 CdcForegroundService    pid-26393                            W  📦 ⚠️ Nenhum caminho de preload acessível neste dispositivo
2025-12-09 16:00:16.335 26393-26497 CdcForegroundService    pid-26393                            W  📦    O sistema de recuperação via stub ainda funcionará
2025-12-09 16:00:16.335 26393-26497 CdcForegroundService    pid-26393                            I  📦 ========================================
2025-12-09 16:00:16.335 26393-26497 CdcForegroundService    pid-26393                            I  🔄 ========================================
2025-12-09 16:00:16.335 26393-26497 CdcForegroundService    pid-26393                            I  🔄 SINCRONIZAÇÃO IMEDIATA DE BLOQUEIO
2025-12-09 16:00:16.335 26393-26497 CdcForegroundService    pid-26393                            I  🔄 ========================================
2025-12-09 16:00:16.336 26393-26497 CdcForegroundService    pid-26393                            I  🔄 Nível de bloqueio LOCAL atual: 6
2025-12-09 16:00:16.382 26393-26497 CdcForegroundService    pid-26393                            I  🔄 Enviando heartbeat de sincronização...
2025-12-09 16:00:16.463   658-26567 keystore2               pid-658                              E  system/security/keystore2/src/database.rs:1447 -  in make_connection-start
2025-12-09 16:00:16.471   658-26567 keystore2               pid-658                              I  system/security/keystore2/src/security_level.rs:235 - create_operation start
2025-12-09 16:00:16.471   658-26567 keystore2               pid-658                              I  system/security/keystore2/src/security_level.rs:237 - caller_pid=26393
2025-12-09 16:00:16.471   658-26567 keystore2               pid-658                              I  system/security/keystore2/src/security_level.rs:238 - caller_uid=10287
2025-12-09 16:00:16.471   658-26567 keystore2               pid-658                              I  system/security/keystore2/src/security_level.rs:239 - forced=false
2025-12-09 16:00:16.471   658-26567 keystore2               pid-658                              I  system/security/keystore2/src/security_level.rs:240 - key.domain=r#KEY_ID
2025-12-09 16:00:16.471   658-26567 keystore2               pid-658                              I  system/security/keystore2/src/security_level.rs:241 - key.alias=None
2025-12-09 16:00:16.471   658-26567 keystore2               pid-658                              I  system/security/keystore2/src/security_level.rs:277 - with_try_import start
2025-12-09 16:00:16.472   658-26567 keystore2               pid-658                              I  system/security/keystore2/src/security_level.rs:299 - with_try_import end
2025-12-09 16:00:16.472   658-26567 keystore2               pid-658                              I  system/security/keystore2/src/security_level.rs:333 - authorize_create start
2025-12-09 16:00:16.472   658-26567 keystore2               pid-658                              I  system/security/keystore2/src/security_level.rs:344 - authorize_create end
2025-12-09 16:00:16.472   658-26567 keystore2               pid-658                              I  system/security/keystore2/src/security_level.rs:345 - unwrap_key_if_required start
2025-12-09 16:00:16.472   658-26567 keystore2               pid-658                              I  system/security/keystore2/src/security_level.rs:353 - unwrap_key_if_required end
2025-12-09 16:00:16.472   658-26567 keystore2               pid-658                              I  system/security/keystore2/src/security_level.rs:354 - upgrade_keyblob_if_required_with start
2025-12-09 16:00:16.472   660-660   TlcKM                   pid-660                              D  TEE_Begin 5.0
2025-12-09 16:00:16.472   660-660   TlcKM                   pid-660                              D  purpose = 0x00000000
2025-12-09 16:00:16.474 26393-26485 FdLeakLice              pid-26393                            D  FdLeakCheck app is not systemapp!!!
2025-12-09 16:00:16.474   660-660   TlcKM                   pid-660                              D  find_spare_operation_slot: allocate op 0x505dfd1bd5e68086 to slot #0 (1 ops live)
2025-12-09 16:00:16.475   660-660   TlcKM                   pid-660                              D  TEE_Begin exiting with 0
2025-12-09 16:00:16.475   658-26567 keystore2               pid-658                              I  system/security/keystore2/src/security_level.rs:395 - upgrade_keyblob_if_required_with end
2025-12-09 16:00:16.475   658-26567 keystore2               pid-658                              I  system/security/keystore2/src/enforcements.rs:249 - finalize_create_authorization self.state=NoAuthRequired
2025-12-09 16:00:16.475   658-26567 keystore2               pid-658                              I  system/security/keystore2/src/security_level.rs:401 - operation_db.create_operation start
2025-12-09 16:00:16.475   658-26567 keystore2               pid-658                              I  system/security/keystore2/src/security_level.rs:419 - operation_db.create_operation end
2025-12-09 16:00:16.476   660-660   TlcKM                   pid-660                              D  TEE_Update
2025-12-09 16:00:16.476   660-660   TlcKM                   pid-660                              D  split_update_chunks
2025-12-09 16:00:16.477   660-660   TlcKM                   pid-660                              D  TEE_Update exiting with 0
2025-12-09 16:00:16.478   660-660   TlcKM                   pid-660                              D  TEE_Finish
2025-12-09 16:00:16.478   660-660   TlcKM                   pid-660                              D  split_update_chunks
2025-12-09 16:00:16.479   660-660   TlcKM                   pid-660                              D  release_operation_slot: release op slot #0 (handle 0x505dfd1bd5e68086; 0 ops live)
2025-12-09 16:00:16.479   660-660   TlcKM                   pid-660                              D  TEE_Finish exiting with 0
2025-12-09 16:00:16.479   660-660   TlcKM                   pid-660                              D  TEE_Abort
2025-12-09 16:00:16.480   660-660   TlcKM                   pid-660                              E  lookup_operation: op 0x505dfd1bd5e68086 not found
2025-12-09 16:00:16.480   660-660   TlcKM                   pid-660                              E  lookup_operation(session, operation_handle, &op) == -28
2025-12-09 16:00:16.480   660-660   TlcKM                   pid-660                              D  TEE_Abort exiting with -28
2025-12-09 16:00:16.480   658-26567 keystore2               pid-658                              I  system/security/keystore2/src/security_level.rs:235 - create_operation start
2025-12-09 16:00:16.480   658-26567 keystore2               pid-658                              I  system/security/keystore2/src/security_level.rs:237 - caller_pid=26393
2025-12-09 16:00:16.480   658-26567 keystore2               pid-658                              I  system/security/keystore2/src/security_level.rs:238 - caller_uid=10287
2025-12-09 16:00:16.480   658-26567 keystore2               pid-658                              I  system/security/keystore2/src/security_level.rs:239 - forced=false
2025-12-09 16:00:16.480   658-26567 keystore2               pid-658                              I  system/security/keystore2/src/security_level.rs:240 - key.domain=r#KEY_ID
2025-12-09 16:00:16.480   658-26567 keystore2               pid-658                              I  system/security/keystore2/src/security_level.rs:241 - key.alias=None
2025-12-09 16:00:16.480   658-26567 keystore2               pid-658                              I  system/security/keystore2/src/security_level.rs:277 - with_try_import start
2025-12-09 16:00:16.481   658-26567 keystore2               pid-658                              I  system/security/keystore2/src/security_level.rs:299 - with_try_import end
2025-12-09 16:00:16.481   658-26567 keystore2               pid-658                              I  system/security/keystore2/src/security_level.rs:333 - authorize_create start
2025-12-09 16:00:16.481   658-26567 keystore2               pid-658                              I  system/security/keystore2/src/security_level.rs:344 - authorize_create end
2025-12-09 16:00:16.481   658-26567 keystore2               pid-658                              I  system/security/keystore2/src/security_level.rs:345 - unwrap_key_if_required start
2025-12-09 16:00:16.481   658-26567 keystore2               pid-658                              I  system/security/keystore2/src/security_level.rs:353 - unwrap_key_if_required end
2025-12-09 16:00:16.481   658-26567 keystore2               pid-658                              I  system/security/keystore2/src/security_level.rs:354 - upgrade_keyblob_if_required_with start
2025-12-09 16:00:16.481   660-660   TlcKM                   pid-660                              D  TEE_Begin 5.0
2025-12-09 16:00:16.481   660-660   TlcKM                   pid-660                              D  purpose = 0x00000001
2025-12-09 16:00:16.483   660-660   TlcKM                   pid-660                              D  find_spare_operation_slot: allocate op 0x8cc3ea15a948a5b1 to slot #0 (1 ops live)
2025-12-09 16:00:16.484   660-660   TlcKM                   pid-660                              D  TEE_Begin exiting with 0
2025-12-09 16:00:16.484   658-26567 keystore2               pid-658                              I  system/security/keystore2/src/security_level.rs:395 - upgrade_keyblob_if_required_with end
2025-12-09 16:00:16.484   658-26567 keystore2               pid-658                              I  system/security/keystore2/src/enforcements.rs:249 - finalize_create_authorization self.state=NoAuthRequired
2025-12-09 16:00:16.484   658-26567 keystore2               pid-658                              I  system/security/keystore2/src/security_level.rs:401 - operation_db.create_operation start
2025-12-09 16:00:16.484   658-26567 keystore2               pid-658                              I  system/security/keystore2/src/security_level.rs:419 - operation_db.create_operation end
2025-12-09 16:00:16.485   660-660   TlcKM                   pid-660                              D  TEE_Update
2025-12-09 16:00:16.485   660-660   TlcKM                   pid-660                              D  split_update_chunks
2025-12-09 16:00:16.487   660-660   TlcKM                   pid-660                              D  TEE_Update exiting with 0
2025-12-09 16:00:16.488   660-660   TlcKM                   pid-660                              D  TEE_Finish
2025-12-09 16:00:16.488   660-660   TlcKM                   pid-660                              D  split_update_chunks
2025-12-09 16:00:16.489   660-660   TlcKM                   pid-660                              D  release_operation_slot: release op slot #0 (handle 0x8cc3ea15a948a5b1; 0 ops live)
2025-12-09 16:00:16.489   660-660   TlcKM                   pid-660                              D  TEE_Finish exiting with 0
2025-12-09 16:00:16.489   660-660   TlcKM                   pid-660                              D  TEE_Abort
2025-12-09 16:00:16.489   660-660   TlcKM                   pid-660                              E  lookup_operation: op 0x8cc3ea15a948a5b1 not found
2025-12-09 16:00:16.489   660-660   TlcKM                   pid-660                              E  lookup_operation(session, operation_handle, &op) == -28
2025-12-09 16:00:16.489   660-660   TlcKM                   pid-660                              D  TEE_Abort exiting with -28
2025-12-09 16:00:16.490   658-26567 keystore2               pid-658                              I  system/security/keystore2/src/security_level.rs:235 - create_operation start
2025-12-09 16:00:16.490   658-26567 keystore2               pid-658                              I  system/security/keystore2/src/security_level.rs:237 - caller_pid=26393
2025-12-09 16:00:16.490   658-26567 keystore2               pid-658                              I  system/security/keystore2/src/security_level.rs:238 - caller_uid=10287
2025-12-09 16:00:16.490   658-26567 keystore2               pid-658                              I  system/security/keystore2/src/security_level.rs:239 - forced=false
2025-12-09 16:00:16.490   658-26567 keystore2               pid-658                              I  system/security/keystore2/src/security_level.rs:240 - key.domain=r#KEY_ID
2025-12-09 16:00:16.490   658-26567 keystore2               pid-658                              I  system/security/keystore2/src/security_level.rs:241 - key.alias=None
2025-12-09 16:00:16.490   658-26567 keystore2               pid-658                              I  system/security/keystore2/src/security_level.rs:277 - with_try_import start
2025-12-09 16:00:16.491   658-26567 keystore2               pid-658                              I  system/security/keystore2/src/security_level.rs:299 - with_try_import end
2025-12-09 16:00:16.491   658-26567 keystore2               pid-658                              I  system/security/keystore2/src/security_level.rs:333 - authorize_create start
2025-12-09 16:00:16.491   658-26567 keystore2               pid-658                              I  system/security/keystore2/src/security_level.rs:344 - authorize_create end
2025-12-09 16:00:16.491   658-26567 keystore2               pid-658                              I  system/security/keystore2/src/security_level.rs:345 - unwrap_key_if_required start
2025-12-09 16:00:16.491   658-26567 keystore2               pid-658                              I  system/security/keystore2/src/security_level.rs:353 - unwrap_key_if_required end
2025-12-09 16:00:16.491   658-26567 keystore2               pid-658                              I  system/security/keystore2/src/security_level.rs:354 - upgrade_keyblob_if_required_with start
2025-12-09 16:00:16.491   660-660   TlcKM                   pid-660                              D  TEE_Begin 5.0
2025-12-09 16:00:16.491   660-660   TlcKM                   pid-660                              D  purpose = 0x00000001
2025-12-09 16:00:16.493   660-660   TlcKM                   pid-660                              D  find_spare_operation_slot: allocate op 0x29c2ee5bf16656f5 to slot #0 (1 ops live)
2025-12-09 16:00:16.493   660-660   TlcKM                   pid-660                              D  TEE_Begin exiting with 0
2025-12-09 16:00:16.494   658-26567 keystore2               pid-658                              I  system/security/keystore2/src/security_level.rs:395 - upgrade_keyblob_if_required_with end
2025-12-09 16:00:16.494   658-26567 keystore2               pid-658                              I  system/security/keystore2/src/enforcements.rs:249 - finalize_create_authorization self.state=NoAuthRequired
2025-12-09 16:00:16.494   658-26567 keystore2               pid-658                              I  system/security/keystore2/src/security_level.rs:401 - operation_db.create_operation start
2025-12-09 16:00:16.494   658-26567 keystore2               pid-658                              I  system/security/keystore2/src/security_level.rs:419 - operation_db.create_operation end
2025-12-09 16:00:16.495   660-660   TlcKM                   pid-660                              D  TEE_Update
2025-12-09 16:00:16.495   660-660   TlcKM                   pid-660                              D  split_update_chunks
2025-12-09 16:00:16.496   660-660   TlcKM                   pid-660                              D  TEE_Update exiting with 0
2025-12-09 16:00:16.497   660-660   TlcKM                   pid-660                              D  TEE_Finish
2025-12-09 16:00:16.497   660-660   TlcKM                   pid-660                              D  split_update_chunks
2025-12-09 16:00:16.498   660-660   TlcKM                   pid-660                              D  release_operation_slot: release op slot #0 (handle 0x29c2ee5bf16656f5; 0 ops live)
2025-12-09 16:00:16.498   660-660   TlcKM                   pid-660                              D  TEE_Finish exiting with 0
2025-12-09 16:00:16.498   660-660   TlcKM                   pid-660                              D  TEE_Abort
2025-12-09 16:00:16.498   660-660   TlcKM                   pid-660                              E  lookup_operation: op 0x29c2ee5bf16656f5 not found
2025-12-09 16:00:16.498   660-660   TlcKM                   pid-660                              E  lookup_operation(session, operation_handle, &op) == -28
2025-12-09 16:00:16.498   660-660   TlcKM                   pid-660                              D  TEE_Abort exiting with -28
2025-12-09 16:00:16.501   658-26567 keystore2               pid-658                              I  system/security/keystore2/src/security_level.rs:235 - create_operation start
2025-12-09 16:00:16.501   658-26567 keystore2               pid-658                              I  system/security/keystore2/src/security_level.rs:237 - caller_pid=26393
2025-12-09 16:00:16.501   658-26567 keystore2               pid-658                              I  system/security/keystore2/src/security_level.rs:238 - caller_uid=10287
2025-12-09 16:00:16.501   658-26567 keystore2               pid-658                              I  system/security/keystore2/src/security_level.rs:239 - forced=false
2025-12-09 16:00:16.501   658-26567 keystore2               pid-658                              I  system/security/keystore2/src/security_level.rs:240 - key.domain=r#KEY_ID
2025-12-09 16:00:16.501   658-26567 keystore2               pid-658                              I  system/security/keystore2/src/security_level.rs:241 - key.alias=None
2025-12-09 16:00:16.501   658-26567 keystore2               pid-658                              I  system/security/keystore2/src/security_level.rs:277 - with_try_import start
2025-12-09 16:00:16.502   658-26567 keystore2               pid-658                              I  system/security/keystore2/src/security_level.rs:299 - with_try_import end
2025-12-09 16:00:16.502   658-26567 keystore2               pid-658                              I  system/security/keystore2/src/security_level.rs:333 - authorize_create start
2025-12-09 16:00:16.502   658-26567 keystore2               pid-658                              I  system/security/keystore2/src/security_level.rs:344 - authorize_create end
2025-12-09 16:00:16.502   658-26567 keystore2               pid-658                              I  system/security/keystore2/src/security_level.rs:345 - unwrap_key_if_required start
2025-12-09 16:00:16.502   658-26567 keystore2               pid-658                              I  system/security/keystore2/src/security_level.rs:353 - unwrap_key_if_required end
2025-12-09 16:00:16.502   658-26567 keystore2               pid-658                              I  system/security/keystore2/src/security_level.rs:354 - upgrade_keyblob_if_required_with start
2025-12-09 16:00:16.502   660-660   TlcKM                   pid-660                              D  TEE_Begin 5.0
2025-12-09 16:00:16.502   660-660   TlcKM                   pid-660                              D  purpose = 0x00000000
2025-12-09 16:00:16.504   660-660   TlcKM                   pid-660                              D  find_spare_operation_slot: allocate op 0x23aba9981a7591ca to slot #0 (1 ops live)
2025-12-09 16:00:16.504   660-660   TlcKM                   pid-660                              D  TEE_Begin exiting with 0
2025-12-09 16:00:16.505   658-26567 keystore2               pid-658                              I  system/security/keystore2/src/security_level.rs:395 - upgrade_keyblob_if_required_with end
2025-12-09 16:00:16.505   658-26567 keystore2               pid-658                              I  system/security/keystore2/src/enforcements.rs:249 - finalize_create_authorization self.state=NoAuthRequired
2025-12-09 16:00:16.505   658-26567 keystore2               pid-658                              I  system/security/keystore2/src/security_level.rs:401 - operation_db.create_operation start
2025-12-09 16:00:16.505   658-26567 keystore2               pid-658                              I  system/security/keystore2/src/security_level.rs:419 - operation_db.create_operation end
2025-12-09 16:00:16.505   660-660   TlcKM                   pid-660                              D  TEE_Update
2025-12-09 16:00:16.506   660-660   TlcKM                   pid-660                              D  split_update_chunks
2025-12-09 16:00:16.506 26393-26497 HeartbeatManager        pid-26393                            I  ✅ Heartbeat aceito pelo backend (HTTP 200)
2025-12-09 16:00:16.507 26393-26497 HeartbeatManager        pid-26393                            D  📊 Resposta do heartbeat:
2025-12-09 16:00:16.507 26393-26497 HeartbeatManager        pid-26393                            D     success: true
2025-12-09 16:00:16.507 26393-26497 HeartbeatManager        pid-26393                            D     complianceStatus: OK
2025-12-09 16:00:16.507 26393-26497 HeartbeatManager        pid-26393                            D     expectedBlockLevel: 6
2025-12-09 16:00:16.507 26393-26497 HeartbeatManager        pid-26393                            D     requiresBackendRevalidation: true
2025-12-09 16:00:16.507 26393-26497 HeartbeatManager        pid-26393                            W  ⚠️ Backend exige revalidação de IMEI!
2025-12-09 16:00:16.507 26393-26497 HeartbeatManager        pid-26393                            I  ✅ Dispositivo CONFORME - Nível 6
2025-12-09 16:00:16.507 26393-26498 MdmCommandReceiver      pid-26393                            I  🔍 HTTP Response code: 404
2025-12-09 16:00:16.507 26393-26498 MdmCommandReceiver      pid-26393                            I  🔍 HTTP isSuccessful: false
2025-12-09 16:00:16.508 26393-26498 MdmCommandReceiver      pid-26393                            E  ❌ ========================================
2025-12-09 16:00:16.508 26393-26498 MdmCommandReceiver      pid-26393                            E  ❌ ERRO AO BUSCAR COMANDOS PENDENTES
2025-12-09 16:00:16.508 26393-26498 MdmCommandReceiver      pid-26393                            E  ❌ ========================================
2025-12-09 16:00:16.508 26393-26498 MdmCommandReceiver      pid-26393                            E  ❌ HTTP Status: 404
2025-12-09 16:00:16.508 26393-26498 MdmCommandReceiver      pid-26393                            E  ❌ HTTP Message: 
2025-12-09 16:00:16.508 26393-26498 MdmCommandReceiver      pid-26393                            E  ❌ Error body: {"error":"Dispositivo não encontrado","hint":"Use IMEI, Serial Number ou Device ID do aparelho cadastrado"}
2025-12-09 16:00:16.508 26393-26498 MdmCommandReceiver      pid-26393                            E  ❌ ========================================
2025-12-09 16:00:16.508 26393-26498 MdmCommandReceiver      pid-26393                            E  ❌ Device não encontrado no backend!
2025-12-09 16:00:16.508 26393-26498 MdmCommandReceiver      pid-26393                            E  ❌ Identifier usado: 352096325698365
2025-12-09 16:00:16.508   660-660   TlcKM                   pid-660                              D  TEE_Update exiting with 0
2025-12-09 16:00:16.509   660-660   TlcKM                   pid-660                              D  TEE_Finish
2025-12-09 16:00:16.509   660-660   TlcKM                   pid-660                              D  split_update_chunks
2025-12-09 16:00:16.510   660-660   TlcKM                   pid-660                              D  release_operation_slot: release op slot #0 (handle 0x23aba9981a7591ca; 0 ops live)
2025-12-09 16:00:16.510   660-660   TlcKM                   pid-660                              D  TEE_Finish exiting with 0
2025-12-09 16:00:16.510   660-660   TlcKM                   pid-660                              D  TEE_Abort
2025-12-09 16:00:16.510   660-660   TlcKM                   pid-660                              E  lookup_operation: op 0x23aba9981a7591ca not found
2025-12-09 16:00:16.510   660-660   TlcKM                   pid-660                              E  lookup_operation(session, operation_handle, &op) == -28
2025-12-09 16:00:16.510   660-660   TlcKM                   pid-660                              D  TEE_Abort exiting with -28
2025-12-09 16:00:16.511   658-26567 keystore2               pid-658                              I  system/security/keystore2/src/security_level.rs:235 - create_operation start
2025-12-09 16:00:16.511   658-26567 keystore2               pid-658                              I  system/security/keystore2/src/security_level.rs:237 - caller_pid=26393
2025-12-09 16:00:16.511   658-26567 keystore2               pid-658                              I  system/security/keystore2/src/security_level.rs:238 - caller_uid=10287
2025-12-09 16:00:16.511   658-26567 keystore2               pid-658                              I  system/security/keystore2/src/security_level.rs:239 - forced=false
2025-12-09 16:00:16.511   658-26567 keystore2               pid-658                              I  system/security/keystore2/src/security_level.rs:240 - key.domain=r#KEY_ID
2025-12-09 16:00:16.511   658-26567 keystore2               pid-658                              I  system/security/keystore2/src/security_level.rs:241 - key.alias=None
2025-12-09 16:00:16.511   658-26567 keystore2               pid-658                              I  system/security/keystore2/src/security_level.rs:277 - with_try_import start
2025-12-09 16:00:16.512   658-26567 keystore2               pid-658                              I  system/security/keystore2/src/security_level.rs:299 - with_try_import end
2025-12-09 16:00:16.512   658-26567 keystore2               pid-658                              I  system/security/keystore2/src/security_level.rs:333 - authorize_create start
2025-12-09 16:00:16.512   658-26567 keystore2               pid-658                              I  system/security/keystore2/src/security_level.rs:344 - authorize_create end
2025-12-09 16:00:16.512   658-26567 keystore2               pid-658                              I  system/security/keystore2/src/security_level.rs:345 - unwrap_key_if_required start
2025-12-09 16:00:16.512   658-26567 keystore2               pid-658                              I  system/security/keystore2/src/security_level.rs:353 - unwrap_key_if_required end
2025-12-09 16:00:16.512   658-26567 keystore2               pid-658                              I  system/security/keystore2/src/security_level.rs:354 - upgrade_keyblob_if_required_with start
2025-12-09 16:00:16.512   660-660   TlcKM                   pid-660                              D  TEE_Begin 5.0
2025-12-09 16:00:16.512   660-660   TlcKM                   pid-660                              D  purpose = 0x00000001
2025-12-09 16:00:16.514   660-660   TlcKM                   pid-660                              D  find_spare_operation_slot: allocate op 0xf4b7324306a1f37e to slot #0 (1 ops live)
2025-12-09 16:00:16.515   660-660   TlcKM                   pid-660                              D  TEE_Begin exiting with 0
2025-12-09 16:00:16.515   658-26567 keystore2               pid-658                              I  system/security/keystore2/src/security_level.rs:395 - upgrade_keyblob_if_required_with end
2025-12-09 16:00:16.515   658-26567 keystore2               pid-658                              I  system/security/keystore2/src/enforcements.rs:249 - finalize_create_authorization self.state=NoAuthRequired
2025-12-09 16:00:16.515   658-26567 keystore2               pid-658                              I  system/security/keystore2/src/security_level.rs:401 - operation_db.create_operation start
2025-12-09 16:00:16.515   658-26567 keystore2               pid-658                              I  system/security/keystore2/src/security_level.rs:419 - operation_db.create_operation end
2025-12-09 16:00:16.516   660-660   TlcKM                   pid-660                              D  TEE_Update
2025-12-09 16:00:16.516   660-660   TlcKM                   pid-660                              D  split_update_chunks
2025-12-09 16:00:16.517   660-660   TlcKM                   pid-660                              D  TEE_Update exiting with 0
2025-12-09 16:00:16.518   660-660   TlcKM                   pid-660                              D  TEE_Finish
2025-12-09 16:00:16.518   660-660   TlcKM                   pid-660                              D  split_update_chunks
2025-12-09 16:00:16.519   660-660   TlcKM                   pid-660                              D  release_operation_slot: release op slot #0 (handle 0xf4b7324306a1f37e; 0 ops live)
2025-12-09 16:00:16.519   660-660   TlcKM                   pid-660                              D  TEE_Finish exiting with 0
2025-12-09 16:00:16.520   660-660   TlcKM                   pid-660                              D  TEE_Abort
2025-12-09 16:00:16.520   660-660   TlcKM                   pid-660                              E  lookup_operation: op 0xf4b7324306a1f37e not found
2025-12-09 16:00:16.520   660-660   TlcKM                   pid-660                              E  lookup_operation(session, operation_handle, &op) == -28
2025-12-09 16:00:16.520   660-660   TlcKM                   pid-660                              D  TEE_Abort exiting with -28
2025-12-09 16:00:16.521   658-26567 keystore2               pid-658                              I  system/security/keystore2/src/security_level.rs:235 - create_operation start
2025-12-09 16:00:16.521   658-26567 keystore2               pid-658                              I  system/security/keystore2/src/security_level.rs:237 - caller_pid=26393
2025-12-09 16:00:16.521   658-26567 keystore2               pid-658                              I  system/security/keystore2/src/security_level.rs:238 - caller_uid=10287
2025-12-09 16:00:16.521   658-26567 keystore2               pid-658                              I  system/security/keystore2/src/security_level.rs:239 - forced=false
2025-12-09 16:00:16.521   658-26567 keystore2               pid-658                              I  system/security/keystore2/src/security_level.rs:240 - key.domain=r#KEY_ID
2025-12-09 16:00:16.521   658-26567 keystore2               pid-658                              I  system/security/keystore2/src/security_level.rs:241 - key.alias=None
2025-12-09 16:00:16.521   658-26567 keystore2               pid-658                              I  system/security/keystore2/src/security_level.rs:277 - with_try_import start
2025-12-09 16:00:16.522   658-26567 keystore2               pid-658                              I  system/security/keystore2/src/security_level.rs:299 - with_try_import end
2025-12-09 16:00:16.522   658-26567 keystore2               pid-658                              I  system/security/keystore2/src/security_level.rs:333 - authorize_create start
2025-12-09 16:00:16.522   658-26567 keystore2               pid-658                              I  system/security/keystore2/src/security_level.rs:344 - authorize_create end
2025-12-09 16:00:16.522   658-26567 keystore2               pid-658                              I  system/security/keystore2/src/security_level.rs:345 - unwrap_key_if_required start
2025-12-09 16:00:16.522   658-26567 keystore2               pid-658                              I  system/security/keystore2/src/security_level.rs:353 - unwrap_key_if_required end
2025-12-09 16:00:16.522   658-26567 keystore2               pid-658                              I  system/security/keystore2/src/security_level.rs:354 - upgrade_keyblob_if_required_with start
2025-12-09 16:00:16.522   660-660   TlcKM                   pid-660                              D  TEE_Begin 5.0
2025-12-09 16:00:16.522   660-660   TlcKM                   pid-660                              D  purpose = 0x00000001
2025-12-09 16:00:16.523   660-660   TlcKM                   pid-660                              D  find_spare_operation_slot: allocate op 0x1946ab4ebb455ae3 to slot #0 (1 ops live)
2025-12-09 16:00:16.524   660-660   TlcKM                   pid-660                              D  TEE_Begin exiting with 0
2025-12-09 16:00:16.525   658-26567 keystore2               pid-658                              I  system/security/keystore2/src/security_level.rs:395 - upgrade_keyblob_if_required_with end
2025-12-09 16:00:16.525   658-26567 keystore2               pid-658                              I  system/security/keystore2/src/enforcements.rs:249 - finalize_create_authorization self.state=NoAuthRequired
2025-12-09 16:00:16.525   658-26567 keystore2               pid-658                              I  system/security/keystore2/src/security_level.rs:401 - operation_db.create_operation start
2025-12-09 16:00:16.525   658-26567 keystore2               pid-658                              I  system/security/keystore2/src/security_level.rs:419 - operation_db.create_operation end
2025-12-09 16:00:16.525   660-660   TlcKM                   pid-660                              D  TEE_Update
2025-12-09 16:00:16.525   660-660   TlcKM                   pid-660                              D  split_update_chunks
2025-12-09 16:00:16.527   660-660   TlcKM                   pid-660                              D  TEE_Update exiting with 0
2025-12-09 16:00:16.528   660-660   TlcKM                   pid-660                              D  TEE_Finish
2025-12-09 16:00:16.528   660-660   TlcKM                   pid-660                              D  split_update_chunks
2025-12-09 16:00:16.529   660-660   TlcKM                   pid-660                              D  release_operation_slot: release op slot #0 (handle 0x1946ab4ebb455ae3; 0 ops live)
2025-12-09 16:00:16.529   660-660   TlcKM                   pid-660                              D  TEE_Finish exiting with 0
2025-12-09 16:00:16.529   660-660   TlcKM                   pid-660                              D  TEE_Abort
2025-12-09 16:00:16.529   660-660   TlcKM                   pid-660                              E  lookup_operation: op 0x1946ab4ebb455ae3 not found
2025-12-09 16:00:16.529   660-660   TlcKM                   pid-660                              E  lookup_operation(session, operation_handle, &op) == -28
2025-12-09 16:00:16.529   660-660   TlcKM                   pid-660                              D  TEE_Abort exiting with -28
2025-12-09 16:00:16.531 26393-26552 SecureTokenStorage      pid-26393                            D  EncryptedSharedPreferences initialized successfully
2025-12-09 16:00:16.643  1565-6924  TaskPersister           pid-1565                             E  File error accessing recents directory (directory doesn't exist?).
2025-12-09 16:00:16.643  1565-6924  TaskPersister           pid-1565                             E  File error accessing recents directory (directory doesn't exist?).
2025-12-09 16:00:16.673 26393-26393 CrashHandler            pid-26393                            E  
2025-12-09 16:00:16.673 26393-26393 CrashHandler            pid-26393                            E  ☠️ Processo terminando agora...
2025-12-09 16:00:16.673 26393-26393 CrashHandler            pid-26393                            E  
2025-12-09 16:00:16.674  1565-4504  Usf/appStateManager     pid-1565                             I  updateAppCrash, uid=10287, pkg=com.cdccreditsmart.app, crash=true, reason=app-crash,crash
2025-12-09 16:00:16.675  1565-4504  TranSuccCrashMgr        pid-1565                             I  handleApplicationJavaCrash
2025-12-09 16:00:16.698  1565-4504  SuccSvc.Util            pid-1565                             D  hash is exist: ff67e083629724bbdae179f60946dd61
2025-12-09 16:00:16.698  1565-4504  TranSuccCrashMgr        pid-1565                             I  cacheCrashInfo [pkgName = com.cdccreditsmart.app, procName = com.cdccreditsmart.app, subject = null, hash = ff67e083629724bbdae179f60946dd61, type = application_crash, cache_enable = true, forceCache = false, stackTrace = java.time.format.DateTimeParseException: Text '2025-12-22T23:10:29.071Z' could not be parsed, unparsed text found at index 10 (Ask Gemini)
                                                                                                    	at java.time.format.DateTimeFormatter.parseResolved0(DateTimeFormatter.java:2053)
                                                                                                    	at java.time.format.DateTimeFormatter.parse(DateTimeFormatter.java:1952)
                                                                                                    	at java.time.LocalDate.parse(LocalDate.java:425)
                                                                                                    	at com.cdccreditsmart.app.storage.LocalInstallmentStorage.calculateOverdueStatus(LocalInstallmentStorage.kt:137)
                                                                                                    	at com.cdccreditsmart.app.blocking.BlockedAppExplanationActivityKt.ModernBlockedAppScreen(BlockedAppExplanationActivity.kt:76)
                                                                                                    	at com.cdccreditsmart.app.blocking.BlockedAppExplanationActivity.onCreate$lambda$0$0(BlockedAppExplanationActivity.kt:44)
                                                                                                    	at com.cdccreditsmart.app.blocking.BlockedAppExplanationActivity.$r8$lambda$Dsjhyb1Zm--lW0qJCP8wJzEnI2Q(Unknown Source:0)
                                                                                                    	at com.cdccreditsmart.app.blocking.BlockedAppExplanationActivity$$ExternalSyntheticLambda1.invoke(D8$$SyntheticClass:0)
                                                                                                    	at androidx.compose.runtime.internal.ComposableLambdaImpl.invoke(ComposableLambda.jvm.kt:109)
                                                                                                    	at androidx.compose.runtime.internal.ComposableLambdaImpl.invoke(ComposableLambda.jvm.kt:35)
                                                                                                    	at androidx.compose.runtime.CompositionLocalKt.CompositionLocalProvider(CompositionLocal.kt:401)
                                                                                                    	at androidx.compose.material3.TextKt.ProvideTextStyle(Text.kt:349)
                                                                                                    	at androidx.compose.material3.MaterialThemeKt$MaterialTheme$1.invoke(MaterialTheme.kt:69)
                                                                                                    	at androidx.compose.material3.MaterialThemeKt$MaterialTheme$1.invoke(MaterialTheme.kt:68)
                                                                                                    	at androidx.compose.runtime.internal.ComposableLambdaImpl.invoke(ComposableLambda.jvm.kt:109)
                                                                                                    	at androidx.compose.runtime.internal.ComposableLambdaImpl.invoke(ComposableLambda.jvm.kt:35)
                                                                                                    	at androidx.compose.runtime.CompositionLocalKt.CompositionLocalProvider(CompositionLocal.kt:380)
                                                                                                    	at androidx.compose.material3.MaterialThemeKt.MaterialTheme(MaterialTheme.kt:60)
                                                                                                    	at com.cdccreditsmart.app.ui.theme.ThemeKt.CDCCreditSmartTheme(Theme.kt:43)
                                                                                                    	at com.cdccreditsmart.app.blocking.BlockedAppExplanationActivity.onCreate$lambda$0(BlockedAppExplanationActivity.kt:43)
                                                                                                    	at com.cdccreditsmart.app.blocking.BlockedAppExplanationActivity.$r8$lambda$ZfN19wcSijUR9cA5es5Ar_a-28Y(Unknown Source:0)
                                                                                                    	at com.cdccreditsmart.app.blocking.BlockedAppExplanationActivity$$ExternalSyntheticLambda2.invoke(D8$$SyntheticClass:0)
                                                                                                    	at androidx.compose.runtime.internal.ComposableLambdaImpl.invoke(ComposableLambda.jvm.kt:109)
                                                                                                    	at androidx.compose.runtime.internal.ComposableLambdaImpl.invoke(ComposableLambda.jvm.kt:35)
                                                                                                    	at androidx.compose.ui.platform.ComposeView.Content(ComposeView.android.kt:441)
                                                                                                    	at androidx.compose.ui.platform.AbstractComposeView$ensureCompositionCreated$1.invoke(ComposeView.android.kt:259)
                                                                                                    	at androidx.compose.ui.platform.AbstractComposeView$ensureCompositionCreated$1.invoke(ComposeView.android.kt:258)
                                                                                                    	at androidx.compose.runtime.internal.ComposableLambdaImpl.invoke(ComposableLambda.jvm.kt:109)
                                                                                                    	at androidx.compose.runtime.internal.ComposableLambdaImpl.invoke(ComposableLambda.jvm.kt:35)
                                                                                                    	at androidx.compose.runtime.CompositionLocalKt.CompositionLocalProvider(CompositionLocal.kt:380)
                                                                                                    	at androidx.compose.ui.platform.CompositionLocalsKt.ProvideCommonCompositionLocals(CompositionLocals.kt:216)
                                                                                                    	at androidx.compose.ui.platform.AndroidCompositionLocals_androidKt$ProvideAndroidCompositionLocals$3.invoke(AndroidCompositionLocals.android.kt:132)
                                                                                                    	at androidx.compose.ui.platform.AndroidCompositionLocals_androidKt$ProvideAndroidCompositionLocals$3.invoke(AndroidCompositionLocals.android.kt:131)
                                                                                                    	at androidx.compose.runtime.internal.ComposableLambdaImpl.invoke(ComposableLambda.jvm.kt:109)
                                                                                                    	at androidx.compose.runtime.internal.ComposableLambdaImpl.invoke(ComposableLambda.jvm.kt:35)
                                                                                                    	at androidx.compose.runtime.CompositionLocalKt.CompositionLocalProvider(CompositionLocal.kt:380)
2025-12-09 16:00:16.698  1565-4504  TranSuccCrashMgr        pid-1565                             I  	at androidx.compose.ui.platform.AndroidCompositionLocals_androidKt.ProvideAndroidCompositionLocals(AndroidCompositionLocals.android.kt:121) (Ask Gemini)
                                                                                                    	at androidx.compose.ui.platform.WrappedComposition$setContent$1$1$3.invoke(Wrapper.android.kt:155)
                                                                                                    	at androidx.compose.ui.platform.WrappedComposition$setContent$1$1$3.invoke(Wrapper.android.kt:154)
                                                                                                    	at androidx.compose.runtime.internal.ComposableLambdaImpl.invoke(ComposableLambda.jvm.kt:109)
                                                                                                    	at androidx.compose.runtime.internal.ComposableLambdaImpl.invoke(ComposableLambda.jvm.kt:35)
                                                                                                    	at androidx.compose.runtime.CompositionLocalKt.CompositionLocalProvider(CompositionLocal.kt:401)
                                                                                                    	at androidx.compose.ui.platform.WrappedComposition$setContent$1$1.invoke(Wrapper.android.kt:154)
                                                                                                    	at androidx.compose.ui.platform.WrappedComposition$setContent$1$1.invoke(Wrapper.android.kt:133)
                                                                                                    	at androidx.compose.runtime.internal.ComposableLambdaImpl.invoke(ComposableLambda.jvm.kt:109)
                                                                                                    	at androidx.compose.runtime.internal.ComposableLambdaImpl.invoke(ComposableLambda.jvm.kt:35)
                                                                                                    	at androidx.compose.runtime.ActualJvm_jvmKt.invokeComposable(ActualJvm.jvm.kt:97)
                                                                                                    	at androidx.compose.runtime.ComposerImpl.doCompose(Composer.kt:3595)
                                                                                                    	at androidx.compose.runtime.ComposerImpl.composeContent$runtime_release(Composer.kt:3522)
                                                                                                    	at androidx.compose.runtime.CompositionImpl.composeContent(Composition.kt:743)
                                                                                                    	at androidx.compose.runtime.Recomposer.composeInitial$runtime_release(Recomposer.kt:1122)
                                                                                                    	at androidx.compose.runtime.CompositionImpl.composeInitial(Composition.kt:649)
