2026-01-29 16:44:02.331 18823-18862 AppProtectionManager    com.cdccreditsmart.app               W  âš ï¸ IMPORTANTE: NÃƒO bloqueamos com.android.settings (Settings padrÃ£o)
2026-01-29 16:44:02.331 18823-18862 AppProtectionManager    com.cdccreditsmart.app               W     Bloquear Settings padrÃ£o causa BOOTLOOP!
2026-01-29 16:44:02.332 18823-18862 AppProtectionManager    com.cdccreditsmart.app               W     Bloqueando APENAS apps Settings customizados da Motorola...
2026-01-29 16:44:02.337 18823-18863 WorkPolicyManager       com.cdccreditsmart.app               I     âœ… DISALLOW_NETWORK_RESET
2026-01-29 16:44:02.345 18823-18876 PolicyHelper            com.cdccreditsmart.app               W  setMaximumFailedPasswordsForWipe failed: null
2026-01-29 16:44:02.345 18823-18876 WorkPolicyManager       com.cdccreditsmart.app               I     âœ… setMaximumFailedPasswordsForWipe(100000) - Wipe desabilitado
2026-01-29 16:44:02.345 18823-18876 WorkPolicyManager       com.cdccreditsmart.app               I  
2026-01-29 16:44:02.345 18823-18876 WorkPolicyManager       com.cdccreditsmart.app               I  ðŸ”’ [2/5] SEGURANÃ‡A DO DISPOSITIVO
2026-01-29 16:44:02.345 18823-18876 WorkPolicyManager       com.cdccreditsmart.app               I  â”€â”€â”€â”€â”€â”€â”€â”€â”€â”€â”€â”€â”€â”€â”€â”€â”€â”€â”€â”€â”€â”€â”€â”€â”€â”€â”€â”€â”€â”€â”€â”€â”€â”€â”€â”€â”€â”€â”€â”€â”€â”€â”€â”€â”€â”€â”€â”€â”€â”€â”€â”€â”€â”€â”€â”€â”€â”€â”€â”€â”€â”€â”€
2026-01-29 16:44:02.348 18823-18874 WorkPolicyManager       com.cdccreditsmart.app               I     âœ… DISALLOW_FACTORY_RESET aplicado
2026-01-29 16:44:02.351 18823-18863 WorkPolicyManager       com.cdccreditsmart.app               I     âœ… DISALLOW_CONFIG_VPN
2026-01-29 16:44:02.352 18823-18863 WorkPolicyManager       com.cdccreditsmart.app               I     â„¹ï¸ ConfiguraÃ§Ã£o de redes mÃ³veis LIBERADA (usuÃ¡rio pode controlar)
2026-01-29 16:44:02.352 18823-18863 WorkPolicyManager       com.cdccreditsmart.app               I  
2026-01-29 16:44:02.352 18823-18863 WorkPolicyManager       com.cdccreditsmart.app               I  âš™ï¸ [5/5] CONFIGURAÃ‡Ã•ES DO SISTEMA
2026-01-29 16:44:02.352 18823-18863 WorkPolicyManager       com.cdccreditsmart.app               I  â”€â”€â”€â”€â”€â”€â”€â”€â”€â”€â”€â”€â”€â”€â”€â”€â”€â”€â”€â”€â”€â”€â”€â”€â”€â”€â”€â”€â”€â”€â”€â”€â”€â”€â”€â”€â”€â”€â”€â”€â”€â”€â”€â”€â”€â”€â”€â”€â”€â”€â”€â”€â”€â”€â”€â”€â”€â”€â”€â”€â”€â”€â”€
2026-01-29 16:44:02.357 18823-18874 WorkPolicyManager       com.cdccreditsmart.app               I     âœ… DISALLOW_SAFE_BOOT
2026-01-29 16:44:02.359 18823-18874 WorkPolicyManager       com.cdccreditsmart.app               W     âš ï¸ Debugging/ADB permitido (debugging Device Owner)
2026-01-29 16:44:02.360 18823-18874 WorkPolicyManager       com.cdccreditsmart.app               W     âš ï¸ USB transfer permitido (debugging Device Owner)
2026-01-29 16:44:02.360 18823-18874 WorkPolicyManager       com.cdccreditsmart.app               I  
2026-01-29 16:44:02.360 18823-18874 WorkPolicyManager       com.cdccreditsmart.app               I  ðŸ‘¥ [3/5] CONTROLE DE USUÃRIOS
2026-01-29 16:44:02.360 18823-18874 WorkPolicyManager       com.cdccreditsmart.app               I  â”€â”€â”€â”€â”€â”€â”€â”€â”€â”€â”€â”€â”€â”€â”€â”€â”€â”€â”€â”€â”€â”€â”€â”€â”€â”€â”€â”€â”€â”€â”€â”€â”€â”€â”€â”€â”€â”€â”€â”€â”€â”€â”€â”€â”€â”€â”€â”€â”€â”€â”€â”€â”€â”€â”€â”€â”€â”€â”€â”€â”€â”€â”€
2026-01-29 16:44:02.369 18823-18862 AppProtectionManager    com.cdccreditsmart.app               I  âœ… SUSPENSO (API 24+): com.motorola.cn.settings
2026-01-29 16:44:02.379 18823-18863 WorkPolicyManager       com.cdccreditsmart.app               I     âœ… DISALLOW_CONFIG_DATE_TIME
2026-01-29 16:44:02.384 18823-18876 WorkPolicyManager       com.cdccreditsmart.app               I     âœ… DISALLOW_FACTORY_RESET aplicado
2026-01-29 16:44:02.401 18823-18862 AppProtectionManager    com.cdccreditsmart.app               D     App nÃ£o encontrado: com.motorola.motocare
2026-01-29 16:44:02.405 18823-18863 WorkPolicyManager       com.cdccreditsmart.app               I     âœ… DISALLOW_MOUNT_PHYSICAL_MEDIA
2026-01-29 16:44:02.412 18823-18874 WorkPolicyManager       com.cdccreditsmart.app               I     âœ… DISALLOW_ADD_USER
2026-01-29 16:44:02.416 18823-18876 WorkPolicyManager       com.cdccreditsmart.app               I     âœ… DISALLOW_SAFE_BOOT
2026-01-29 16:44:02.416 18823-18876 WorkPolicyManager       com.cdccreditsmart.app               W     âš ï¸ Debugging/ADB permitido (debugging Device Owner)
2026-01-29 16:44:02.416 18823-18876 WorkPolicyManager       com.cdccreditsmart.app               W     âš ï¸ USB transfer permitido (debugging Device Owner)
2026-01-29 16:44:02.417 18823-18876 WorkPolicyManager       com.cdccreditsmart.app               I  
2026-01-29 16:44:02.417 18823-18876 WorkPolicyManager       com.cdccreditsmart.app               I  ðŸ‘¥ [3/5] CONTROLE DE USUÃRIOS
2026-01-29 16:44:02.417 18823-18876 WorkPolicyManager       com.cdccreditsmart.app               I  â”€â”€â”€â”€â”€â”€â”€â”€â”€â”€â”€â”€â”€â”€â”€â”€â”€â”€â”€â”€â”€â”€â”€â”€â”€â”€â”€â”€â”€â”€â”€â”€â”€â”€â”€â”€â”€â”€â”€â”€â”€â”€â”€â”€â”€â”€â”€â”€â”€â”€â”€â”€â”€â”€â”€â”€â”€â”€â”€â”€â”€â”€â”€
2026-01-29 16:44:02.424 18823-18874 WorkPolicyManager       com.cdccreditsmart.app               I     âœ… DISALLOW_REMOVE_USER
2026-01-29 16:44:02.437 18823-18863 WorkPolicyManager       com.cdccreditsmart.app               I     âœ… System Update Policy: Postpone
2026-01-29 16:44:02.441 18823-18863 EnhancedProtections     com.cdccreditsmart.app               I  
2026-01-29 16:44:02.441 18823-18863 EnhancedProtections     com.cdccreditsmart.app               I  â•”â•â•â•â•â•â•â•â•â•â•â•â•â•â•â•â•â•â•â•â•â•â•â•â•â•â•â•â•â•â•â•â•â•â•â•â•â•â•â•â•â•â•â•â•â•â•â•â•â•â•â•â•â•â•â•â•â•â•â•â•â•â•â•â•â•—
2026-01-29 16:44:02.441 18823-18863 EnhancedProtections     com.cdccreditsmart.app               I  â•‘  ðŸš€ APLICANDO PROTEÃ‡Ã•ES AVANÃ‡ADAS CREDIT SMART                 â•‘
2026-01-29 16:44:02.442 18823-18863 EnhancedProtections     com.cdccreditsmart.app               I  â•šâ•â•â•â•â•â•â•â•â•â•â•â•â•â•â•â•â•â•â•â•â•â•â•â•â•â•â•â•â•â•â•â•â•â•â•â•â•â•â•â•â•â•â•â•â•â•â•â•â•â•â•â•â•â•â•â•â•â•â•â•â•â•â•â•â•
2026-01-29 16:44:02.442 18823-18863 EnhancedProtections     com.cdccreditsmart.app               I  
2026-01-29 16:44:02.443 18823-18876 WorkPolicyManager       com.cdccreditsmart.app               I     âœ… DISALLOW_ADD_USER
2026-01-29 16:44:02.447 18823-18862 AppProtectionManager    com.cdccreditsmart.app               I  âœ… SUSPENSO (API 24+): com.motorola.launcher.settings
2026-01-29 16:44:02.448 18823-18862 AppProtectionManager    com.cdccreditsmart.app               I  ========================================
2026-01-29 16:44:02.448 18823-18862 AppProtectionManager    com.cdccreditsmart.app               I  âœ… [12/10] MOTOROLA SETTINGS BLOQUEADOS: 2/3 apps
2026-01-29 16:44:02.448 18823-18862 AppProtectionManager    com.cdccreditsmart.app               I     ProteÃ§Ã£o extra contra factory reset via Settings customizados da Motorola
2026-01-29 16:44:02.448 18823-18862 AppProtectionManager    com.cdccreditsmart.app               I     com.android.settings (padrÃ£o) NÃƒO foi bloqueado - sistema pode inicializar
2026-01-29 16:44:02.448 18823-18862 AppProtectionManager    com.cdccreditsmart.app               I  ========================================
2026-01-29 16:44:02.452 18823-18874 WorkPolicyManager       com.cdccreditsmart.app               I     âœ… DISALLOW_USER_SWITCH
2026-01-29 16:44:02.452 18823-18863 EnhancedProtections     com.cdccreditsmart.app               I  â•â•â• ENABLE: Aplicando proteÃ§Ãµes â•â•â•
2026-01-29 16:44:02.456 18823-18863 FamilySafetyManager     com.cdccreditsmart.app               I  
2026-01-29 16:44:02.456 18823-18863 FamilySafetyManager     com.cdccreditsmart.app               I  â•”â•â•â•â•â•â•â•â•â•â•â•â•â•â•â•â•â•â•â•â•â•â•â•â•â•â•â•â•â•â•â•â•â•â•â•â•â•â•â•â•â•â•â•â•â•â•â•â•â•â•â•â•â•â•â•â•â•â•â•â•â•â•â•â•â•—
2026-01-29 16:44:02.456 18823-18863 FamilySafetyManager     com.cdccreditsmart.app               I  â•‘  ðŸ›¡ï¸ BLOQUEANDO APPS DE CONTROLE PARENTAL                       â•‘
2026-01-29 16:44:02.456 18823-18863 FamilySafetyManager     com.cdccreditsmart.app               I  â•šâ•â•â•â•â•â•â•â•â•â•â•â•â•â•â•â•â•â•â•â•â•â•â•â•â•â•â•â•â•â•â•â•â•â•â•â•â•â•â•â•â•â•â•â•â•â•â•â•â•â•â•â•â•â•â•â•â•â•â•â•â•â•â•â•â•
2026-01-29 16:44:02.456 18823-18863 FamilySafetyManager     com.cdccreditsmart.app               I  
2026-01-29 16:44:02.459 18823-18876 WorkPolicyManager       com.cdccreditsmart.app               I     âœ… DISALLOW_REMOVE_USER
2026-01-29 16:44:02.472 18823-18874 WorkPolicyManager       com.cdccreditsmart.app               I     âœ… DISALLOW_MODIFY_ACCOUNTS
2026-01-29 16:44:02.472 18823-18874 WorkPolicyManager       com.cdccreditsmart.app               I  
2026-01-29 16:44:02.472 18823-18874 WorkPolicyManager       com.cdccreditsmart.app               I  ðŸŒ [4/5] CONFIGURAÃ‡Ã•ES DE REDE
2026-01-29 16:44:02.473 18823-18874 WorkPolicyManager       com.cdccreditsmart.app               I  â”€â”€â”€â”€â”€â”€â”€â”€â”€â”€â”€â”€â”€â”€â”€â”€â”€â”€â”€â”€â”€â”€â”€â”€â”€â”€â”€â”€â”€â”€â”€â”€â”€â”€â”€â”€â”€â”€â”€â”€â”€â”€â”€â”€â”€â”€â”€â”€â”€â”€â”€â”€â”€â”€â”€â”€â”€â”€â”€â”€â”€â”€â”€
2026-01-29 16:44:02.480 18823-18876 WorkPolicyManager       com.cdccreditsmart.app               I     âœ… DISALLOW_USER_SWITCH
2026-01-29 16:44:02.485 18823-18862 AppInstallPolicy        com.cdccreditsmart.app               I  âœ… InstalaÃ§Ã£o de fontes desconhecidas BLOQUEADA
2026-01-29 16:44:02.485 18823-18862 AppInstallPolicy        com.cdccreditsmart.app               I     â†’ Apps sÃ³ podem ser instalados via Play Store
2026-01-29 16:44:02.485 18823-18862 AppProtectionManager    com.cdccreditsmart.app               I  âœ… [13/10] InstalaÃ§Ã£o de fontes desconhecidas bloqueada
2026-01-29 16:44:02.494 18823-18874 WorkPolicyManager       com.cdccreditsmart.app               I     âœ… DISALLOW_NETWORK_RESET
2026-01-29 16:44:02.504 18823-18863 FamilySafetyManager     com.cdccreditsmart.app               I  âœ… Nenhum app de controle parental detectado
2026-01-29 16:44:02.505 18823-18874 WorkPolicyManager       com.cdccreditsmart.app               I     âœ… DISALLOW_CONFIG_VPN
2026-01-29 16:44:02.505 18823-18874 WorkPolicyManager       com.cdccreditsmart.app               I     â„¹ï¸ ConfiguraÃ§Ã£o de redes mÃ³veis LIBERADA (usuÃ¡rio pode controlar)
2026-01-29 16:44:02.505 18823-18874 WorkPolicyManager       com.cdccreditsmart.app               I  
2026-01-29 16:44:02.505 18823-18874 WorkPolicyManager       com.cdccreditsmart.app               I  âš™ï¸ [5/5] CONFIGURAÃ‡Ã•ES DO SISTEMA
2026-01-29 16:44:02.505 18823-18874 WorkPolicyManager       com.cdccreditsmart.app               I  â”€â”€â”€â”€â”€â”€â”€â”€â”€â”€â”€â”€â”€â”€â”€â”€â”€â”€â”€â”€â”€â”€â”€â”€â”€â”€â”€â”€â”€â”€â”€â”€â”€â”€â”€â”€â”€â”€â”€â”€â”€â”€â”€â”€â”€â”€â”€â”€â”€â”€â”€â”€â”€â”€â”€â”€â”€â”€â”€â”€â”€â”€â”€
2026-01-29 16:44:02.505 18823-18863 EnhancedProtections     com.cdccreditsmart.app               I  âœ… Parental control bloqueado: Nenhum app de controle parental detectado
2026-01-29 16:44:02.505 18823-18863 EnhancedProtections     com.cdccreditsmart.app               I  
2026-01-29 16:44:02.505 18823-18863 EnhancedProtections     com.cdccreditsmart.app               I  â•â•â• BLOQUEIO DE SYSTEM UPDATES â•â•â•
2026-01-29 16:44:02.508 18823-18876 WorkPolicyManager       com.cdccreditsmart.app               I     âœ… DISALLOW_MODIFY_ACCOUNTS
2026-01-29 16:44:02.509 18823-18876 WorkPolicyManager       com.cdccreditsmart.app               I  
2026-01-29 16:44:02.509 18823-18876 WorkPolicyManager       com.cdccreditsmart.app               I  ðŸŒ [4/5] CONFIGURAÃ‡Ã•ES DE REDE
2026-01-29 16:44:02.509 18823-18876 WorkPolicyManager       com.cdccreditsmart.app               I  â”€â”€â”€â”€â”€â”€â”€â”€â”€â”€â”€â”€â”€â”€â”€â”€â”€â”€â”€â”€â”€â”€â”€â”€â”€â”€â”€â”€â”€â”€â”€â”€â”€â”€â”€â”€â”€â”€â”€â”€â”€â”€â”€â”€â”€â”€â”€â”€â”€â”€â”€â”€â”€â”€â”€â”€â”€â”€â”€â”€â”€â”€â”€
2026-01-29 16:44:02.514 18823-18876 WorkPolicyManager       com.cdccreditsmart.app               I     âœ… DISALLOW_NETWORK_RESET
2026-01-29 16:44:02.518 18823-18874 WorkPolicyManager       com.cdccreditsmart.app               I     âœ… DISALLOW_CONFIG_DATE_TIME
2026-01-29 16:44:02.523 18823-18863 EnhancedProtections     com.cdccreditsmart.app               I  System updates ADIADOS
2026-01-29 16:44:02.524 18823-18863 EnhancedProtections     com.cdccreditsmart.app               I  âœ… System updates bloqueado
2026-01-29 16:44:02.524 18823-18863 EnhancedProtections     com.cdccreditsmart.app               I  
2026-01-29 16:44:02.524 18823-18863 EnhancedProtections     com.cdccreditsmart.app               I  â•â•â• CONFIGURAÃ‡ÃƒO POWER SAVING MODE â•â•â•
2026-01-29 16:44:02.527 18823-18876 WorkPolicyManager       com.cdccreditsmart.app               I     âœ… DISALLOW_CONFIG_VPN
2026-01-29 16:44:02.527 18823-18876 WorkPolicyManager       com.cdccreditsmart.app               I     â„¹ï¸ ConfiguraÃ§Ã£o de redes mÃ³veis LIBERADA (usuÃ¡rio pode controlar)
2026-01-29 16:44:02.527 18823-18876 WorkPolicyManager       com.cdccreditsmart.app               I  
2026-01-29 16:44:02.527 18823-18876 WorkPolicyManager       com.cdccreditsmart.app               I  âš™ï¸ [5/5] CONFIGURAÃ‡Ã•ES DO SISTEMA
2026-01-29 16:44:02.527 18823-18876 WorkPolicyManager       com.cdccreditsmart.app               I  â”€â”€â”€â”€â”€â”€â”€â”€â”€â”€â”€â”€â”€â”€â”€â”€â”€â”€â”€â”€â”€â”€â”€â”€â”€â”€â”€â”€â”€â”€â”€â”€â”€â”€â”€â”€â”€â”€â”€â”€â”€â”€â”€â”€â”€â”€â”€â”€â”€â”€â”€â”€â”€â”€â”€â”€â”€â”€â”€â”€â”€â”€â”€
2026-01-29 16:44:02.533 18823-18874 WorkPolicyManager       com.cdccreditsmart.app               I     âœ… DISALLOW_MOUNT_PHYSICAL_MEDIA
2026-01-29 16:44:02.534 18823-18863 EnhancedProtections     com.cdccreditsmart.app               I  âœ… ConfiguraÃ§Ã£o de brilho LIBERADA (usuÃ¡rio pode ajustar)
2026-01-29 16:44:02.535 18823-18863 EnhancedProtections     com.cdccreditsmart.app               I  âœ… Power saving configurado
2026-01-29 16:44:02.535 18823-18863 EnhancedProtections     com.cdccreditsmart.app               I  
2026-01-29 16:44:02.535 18823-18863 EnhancedProtections     com.cdccreditsmart.app               I  â•â•â• BLOQUEIO DE MULTI-WINDOW â•â•â•
2026-01-29 16:44:02.539 18823-18876 WorkPolicyManager       com.cdccreditsmart.app               I     âœ… DISALLOW_CONFIG_DATE_TIME
2026-01-29 16:44:02.544 18823-18874 WorkPolicyManager       com.cdccreditsmart.app               I     âœ… System Update Policy: Postpone
2026-01-29 16:44:02.544 18823-18874 EnhancedProtections     com.cdccreditsmart.app               I  
2026-01-29 16:44:02.544 18823-18874 EnhancedProtections     com.cdccreditsmart.app               I  â•”â•â•â•â•â•â•â•â•â•â•â•â•â•â•â•â•â•â•â•â•â•â•â•â•â•â•â•â•â•â•â•â•â•â•â•â•â•â•â•â•â•â•â•â•â•â•â•â•â•â•â•â•â•â•â•â•â•â•â•â•â•â•â•â•â•—
2026-01-29 16:44:02.544 18823-18874 EnhancedProtections     com.cdccreditsmart.app               I  â•‘  ðŸš€ APLICANDO PROTEÃ‡Ã•ES AVANÃ‡ADAS CREDIT SMART                 â•‘
2026-01-29 16:44:02.544 18823-18874 EnhancedProtections     com.cdccreditsmart.app               I  â•šâ•â•â•â•â•â•â•â•â•â•â•â•â•â•â•â•â•â•â•â•â•â•â•â•â•â•â•â•â•â•â•â•â•â•â•â•â•â•â•â•â•â•â•â•â•â•â•â•â•â•â•â•â•â•â•â•â•â•â•â•â•â•â•â•â•
2026-01-29 16:44:02.544 18823-18874 EnhancedProtections     com.cdccreditsmart.app               I  
2026-01-29 16:44:02.549 18823-18876 WorkPolicyManager       com.cdccreditsmart.app               I     âœ… DISALLOW_MOUNT_PHYSICAL_MEDIA
2026-01-29 16:44:02.550 18823-18874 EnhancedProtections     com.cdccreditsmart.app               I  â•â•â• ENABLE: Aplicando proteÃ§Ãµes â•â•â•
2026-01-29 16:44:02.550 18823-18874 FamilySafetyManager     com.cdccreditsmart.app               I  
2026-01-29 16:44:02.551 18823-18874 FamilySafetyManager     com.cdccreditsmart.app               I  â•”â•â•â•â•â•â•â•â•â•â•â•â•â•â•â•â•â•â•â•â•â•â•â•â•â•â•â•â•â•â•â•â•â•â•â•â•â•â•â•â•â•â•â•â•â•â•â•â•â•â•â•â•â•â•â•â•â•â•â•â•â•â•â•â•â•—
2026-01-29 16:44:02.551 18823-18874 FamilySafetyManager     com.cdccreditsmart.app               I  â•‘  ðŸ›¡ï¸ BLOQUEANDO APPS DE CONTROLE PARENTAL                       â•‘
2026-01-29 16:44:02.551 18823-18874 FamilySafetyManager     com.cdccreditsmart.app               I  â•šâ•â•â•â•â•â•â•â•â•â•â•â•â•â•â•â•â•â•â•â•â•â•â•â•â•â•â•â•â•â•â•â•â•â•â•â•â•â•â•â•â•â•â•â•â•â•â•â•â•â•â•â•â•â•â•â•â•â•â•â•â•â•â•â•â•
2026-01-29 16:44:02.551 18823-18874 FamilySafetyManager     com.cdccreditsmart.app               I  
2026-01-29 16:44:02.554 18823-18863 EnhancedProtections     com.cdccreditsmart.app               I  Multi-window BLOQUEADO
2026-01-29 16:44:02.554 18823-18863 EnhancedProtections     com.cdccreditsmart.app               I  âœ… Multi-window bloqueado
2026-01-29 16:44:02.558 18823-18876 WorkPolicyManager       com.cdccreditsmart.app               I     âœ… System Update Policy: Postpone
2026-01-29 16:44:02.559 18823-18876 EnhancedProtections     com.cdccreditsmart.app               I  
2026-01-29 16:44:02.560 18823-18876 EnhancedProtections     com.cdccreditsmart.app               I  â•”â•â•â•â•â•â•â•â•â•â•â•â•â•â•â•â•â•â•â•â•â•â•â•â•â•â•â•â•â•â•â•â•â•â•â•â•â•â•â•â•â•â•â•â•â•â•â•â•â•â•â•â•â•â•â•â•â•â•â•â•â•â•â•â•â•—
2026-01-29 16:44:02.560 18823-18876 EnhancedProtections     com.cdccreditsmart.app               I  â•‘  ðŸš€ APLICANDO PROTEÃ‡Ã•ES AVANÃ‡ADAS CREDIT SMART                 â•‘
2026-01-29 16:44:02.560 18823-18876 EnhancedProtections     com.cdccreditsmart.app               I  â•šâ•â•â•â•â•â•â•â•â•â•â•â•â•â•â•â•â•â•â•â•â•â•â•â•â•â•â•â•â•â•â•â•â•â•â•â•â•â•â•â•â•â•â•â•â•â•â•â•â•â•â•â•â•â•â•â•â•â•â•â•â•â•â•â•â•
2026-01-29 16:44:02.560 18823-18876 EnhancedProtections     com.cdccreditsmart.app               I  
2026-01-29 16:44:02.561 18823-18876 EnhancedProtections     com.cdccreditsmart.app               I  â•â•â• ENABLE: Aplicando proteÃ§Ãµes â•â•â•
2026-01-29 16:44:02.561 18823-18876 FamilySafetyManager     com.cdccreditsmart.app               I  
2026-01-29 16:44:02.561 18823-18876 FamilySafetyManager     com.cdccreditsmart.app               I  â•”â•â•â•â•â•â•â•â•â•â•â•â•â•â•â•â•â•â•â•â•â•â•â•â•â•â•â•â•â•â•â•â•â•â•â•â•â•â•â•â•â•â•â•â•â•â•â•â•â•â•â•â•â•â•â•â•â•â•â•â•â•â•â•â•â•—
2026-01-29 16:44:02.561 18823-18876 FamilySafetyManager     com.cdccreditsmart.app               I  â•‘  ðŸ›¡ï¸ BLOQUEANDO APPS DE CONTROLE PARENTAL                       â•‘
2026-01-29 16:44:02.561 18823-18876 FamilySafetyManager     com.cdccreditsmart.app               I  â•šâ•â•â•â•â•â•â•â•â•â•â•â•â•â•â•â•â•â•â•â•â•â•â•â•â•â•â•â•â•â•â•â•â•â•â•â•â•â•â•â•â•â•â•â•â•â•â•â•â•â•â•â•â•â•â•â•â•â•â•â•â•â•â•â•â•
2026-01-29 16:44:02.561 18823-18876 FamilySafetyManager     com.cdccreditsmart.app               I  
2026-01-29 16:44:02.563 18823-18863 EnhancedProtections     com.cdccreditsmart.app               I  
2026-01-29 16:44:02.564 18823-18863 EnhancedProtections     com.cdccreditsmart.app               I  â•”â•â•â•â•â•â•â•â•â•â•â•â•â•â•â•â•â•â•â•â•â•â•â•â•â•â•â•â•â•â•â•â•â•â•â•â•â•â•â•â•â•â•â•â•â•â•â•â•â•â•â•â•â•â•â•â•â•â•â•â•â•â•â•â•â•—
2026-01-29 16:44:02.564 18823-18863 EnhancedProtections     com.cdccreditsmart.app               I  â•‘  ðŸ“Š RESUMO DAS PROTEÃ‡Ã•ES AVANÃ‡ADAS                             â•‘
2026-01-29 16:44:02.564 18823-18863 EnhancedProtections     com.cdccreditsmart.app               I  â• â•â•â•â•â•â•â•â•â•â•â•â•â•â•â•â•â•â•â•â•â•â•â•â•â•â•â•â•â•â•â•â•â•â•â•â•â•â•â•â•â•â•â•â•â•â•â•â•â•â•â•â•â•â•â•â•â•â•â•â•â•â•â•â•â•£
2026-01-29 16:44:02.565 18823-18863 EnhancedProtections     com.cdccreditsmart.app               I  â•‘  OperaÃ§Ã£o: ATIVAR                                          â•‘
2026-01-29 16:44:02.565 18823-18863 EnhancedProtections     com.cdccreditsmart.app               I  â•‘  Success: true                                              â•‘
2026-01-29 16:44:02.565 18823-18863 EnhancedProtections     com.cdccreditsmart.app               I  â•‘  PolÃ­ticas aplicadas: 4                                     â•‘
2026-01-29 16:44:02.565 18823-18863 EnhancedProtections     com.cdccreditsmart.app               I  â•‘  Apps de controle parental detectados: 0                  â•‘
2026-01-29 16:44:02.565 18823-18863 EnhancedProtections     com.cdccreditsmart.app               I  â• â•â•â•â•â•â•â•â•â•â•â•â•â•â•â•â•â•â•â•â•â•â•â•â•â•â•â•â•â•â•â•â•â•â•â•â•â•â•â•â•â•â•â•â•â•â•â•â•â•â•â•â•â•â•â•â•â•â•â•â•â•â•â•â•â•£
2026-01-29 16:44:02.565 18823-18863 EnhancedProtections     com.cdccreditsmart.app               I  â•‘  â†’ Parental: Nenhum app de controle parental detectado
2026-01-29 16:44:02.566 18823-18863 EnhancedProtections     com.cdccreditsmart.app               I  â•‘  â†’ System updates: bloqueado
2026-01-29 16:44:02.566 18823-18863 EnhancedProtections     com.cdccreditsmart.app               I  â•‘  â†’ Power saving: configurado
2026-01-29 16:44:02.567 18823-18863 EnhancedProtections     com.cdccreditsmart.app               I  â•‘  â†’ Multi-window: bloqueado
2026-01-29 16:44:02.567 18823-18863 EnhancedProtections     com.cdccreditsmart.app               I  â•šâ•â•â•â•â•â•â•â•â•â•â•â•â•â•â•â•â•â•â•â•â•â•â•â•â•â•â•â•â•â•â•â•â•â•â•â•â•â•â•â•â•â•â•â•â•â•â•â•â•â•â•â•â•â•â•â•â•â•â•â•â•â•â•â•â•
2026-01-29 16:44:02.567 18823-18863 EnhancedProtections     com.cdccreditsmart.app               I  
2026-01-29 16:44:02.568 18823-18874 FamilySafetyManager     com.cdccreditsmart.app               I  âœ… Nenhum app de controle parental detectado
2026-01-29 16:44:02.568 18823-18874 EnhancedProtections     com.cdccreditsmart.app               I  âœ… Parental control bloqueado: Nenhum app de controle parental detectado
2026-01-29 16:44:02.568 18823-18874 EnhancedProtections     com.cdccreditsmart.app               I  
2026-01-29 16:44:02.568 18823-18874 EnhancedProtections     com.cdccreditsmart.app               I  â•â•â• BLOQUEIO DE SYSTEM UPDATES â•â•â•
2026-01-29 16:44:02.572 18823-18876 FamilySafetyManager     com.cdccreditsmart.app               I  âœ… Nenhum app de controle parental detectado
2026-01-29 16:44:02.572 18823-18876 EnhancedProtections     com.cdccreditsmart.app               I  âœ… Parental control bloqueado: Nenhum app de controle parental detectado
2026-01-29 16:44:02.572 18823-18876 EnhancedProtections     com.cdccreditsmart.app               I  
2026-01-29 16:44:02.572 18823-18876 EnhancedProtections     com.cdccreditsmart.app               I  â•â•â• BLOQUEIO DE SYSTEM UPDATES â•â•â•
2026-01-29 16:44:02.579 18823-18874 EnhancedProtections     com.cdccreditsmart.app               I  System updates ADIADOS
2026-01-29 16:44:02.579 18823-18874 EnhancedProtections     com.cdccreditsmart.app               I  âœ… System updates bloqueado
2026-01-29 16:44:02.579 18823-18874 EnhancedProtections     com.cdccreditsmart.app               I  
2026-01-29 16:44:02.579 18823-18874 EnhancedProtections     com.cdccreditsmart.app               I  â•â•â• CONFIGURAÃ‡ÃƒO POWER SAVING MODE â•â•â•
2026-01-29 16:44:02.581 18823-18876 EnhancedProtections     com.cdccreditsmart.app               I  System updates ADIADOS
2026-01-29 16:44:02.581 18823-18862 AppProtectionManager    com.cdccreditsmart.app               I  âœ… [14/10] Scan de apps perigosos: Nenhum app perigoso detectado
2026-01-29 16:44:02.581 18823-18876 EnhancedProtections     com.cdccreditsmart.app               I  âœ… System updates bloqueado
2026-01-29 16:44:02.581 18823-18876 EnhancedProtections     com.cdccreditsmart.app               I  
2026-01-29 16:44:02.581 18823-18876 EnhancedProtections     com.cdccreditsmart.app               I  â•â•â• CONFIGURAÃ‡ÃƒO POWER SAVING MODE â•â•â•
2026-01-29 16:44:02.585 18823-18862 FRPHelper               com.cdccreditsmart.app               W  âš ï¸ Device NÃƒO tem conta Google - FRP nÃ£o estÃ¡ ativo
2026-01-29 16:44:02.585 18823-18862 AppProtectionManager    com.cdccreditsmart.app               W  âš ï¸ [EXTRA] Google FRP nÃ£o disponÃ­vel - device sem conta Google
2026-01-29 16:44:02.585 18823-18862 AppProtectionManager    com.cdccreditsmart.app               I          â†’ Cliente pode adicionar conta Google manualmente em Settings
2026-01-29 16:44:02.585 18823-18862 AppProtectionManager    com.cdccreditsmart.app               I  ========================================
2026-01-29 16:44:02.585 18823-18862 AppProtectionManager    com.cdccreditsmart.app               I  ðŸ“Š RESUMO DA PROTEÃ‡ÃƒO ANTI-REMOÃ‡ÃƒO:
2026-01-29 16:44:02.585 18823-18862 AppProtectionManager    com.cdccreditsmart.app               I    âœ… ProteÃ§Ãµes aplicadas: 26
2026-01-29 16:44:02.586 18823-18862 AppProtectionManager    com.cdccreditsmart.app               I  
2026-01-29 16:44:02.586 18823-18862 AppProtectionManager    com.cdccreditsmart.app               W  âš ï¸ Tamper Detection:
2026-01-29 16:44:02.586 18823-18862 AppProtectionManager    com.cdccreditsmart.app               W     â€¢ Device fingerprint SERÃ coletado e reportado ao backend em cada boot
2026-01-29 16:44:02.586 18823-18862 AppProtectionManager    com.cdccreditsmart.app               W     â€¢ Backend detection: Requer implementaÃ§Ã£o POST /api/security/device-boot (TODO)
2026-01-29 16:44:02.586 18823-18862 AppProtectionManager    com.cdccreditsmart.app               W     â€¢ Local detection: Limitada (ambos token e fingerprint apagados em factory reset)
2026-01-29 16:44:02.586 18823-18862 AppProtectionManager    com.cdccreditsmart.app               W     â€¢ BootInterceptor: Detecta BOOT_COMPLETED e SHUTDOWN apenas
2026-01-29 16:44:02.586 18823-18862 AppProtectionManager    com.cdccreditsmart.app               W     â€¢ ACTION_REBOOT NÃƒO funciona (broadcast protegido do sistema)
2026-01-29 16:44:02.586 18823-18862 AppProtectionManager    com.cdccreditsmart.app               I    âœ… Android 13+: UsuÃ¡rio PODE acessar Settings normalmente!
2026-01-29 16:44:02.586 18823-18862 AppProtectionManager    com.cdccreditsmart.app               I  ========================================
2026-01-29 16:44:02.586 18823-18862 AppProtectionManager    com.cdccreditsmart.app               I  
2026-01-29 16:44:02.586 18823-18862 AppProtectionManager    com.cdccreditsmart.app               I  
2026-01-29 16:44:02.586 18823-18862 AppProtectionManager    com.cdccreditsmart.app               I  â•”â•â•â•â•â•â•â•â•â•â•â•â•â•â•â•â•â•â•â•â•â•â•â•â•â•â•â•â•â•â•â•â•â•â•â•â•â•â•â•â•â•â•â•â•â•â•â•â•â•â•â•â•â•â•â•â•â•â•â•â•â•â•â•â•â•—
2026-01-29 16:44:02.586 18823-18862 AppProtectionManager    com.cdccreditsmart.app               I  â•‘                                                                â•‘
2026-01-29 16:44:02.586 18823-18862 AppProtectionManager    com.cdccreditsmart.app               I  â•‘        ðŸ“‹ AÃ‡Ã•ES BLOQUEADAS PELAS POLÃTICAS DE TRABALHO         â•‘
2026-01-29 16:44:02.586 18823-18862 AppProtectionManager    com.cdccreditsmart.app               I  â•‘                                                                â•‘
2026-01-29 16:44:02.586 18823-18862 AppProtectionManager    com.cdccreditsmart.app               I  â•šâ•â•â•â•â•â•â•â•â•â•â•â•â•â•â•â•â•â•â•â•â•â•â•â•â•â•â•â•â•â•â•â•â•â•â•â•â•â•â•â•â•â•â•â•â•â•â•â•â•â•â•â•â•â•â•â•â•â•â•â•â•â•â•â•â•
2026-01-29 16:44:02.586 18823-18862 AppProtectionManager    com.cdccreditsmart.app               I  
2026-01-29 16:44:02.588 18823-18863 WorkPolicyManager       com.cdccreditsmart.app               I     âœ… setLockTaskPackages: 4 apps permitidos
2026-01-29 16:44:02.588 18823-18862 AppProtectionManager    com.cdccreditsmart.app               I  ðŸš« RESTAURAÃ‡ÃƒO E RESET (GARANTIDAS)
2026-01-29 16:44:02.588 18823-18862 AppProtectionManager    com.cdccreditsmart.app               I  â•â•â•â•â•â•â•â•â•â•â•â•â•â•â•â•â•â•â•â•â•â•â•â•â•â•â•â•â•â•â•â•â•â•â•â•â•â•â•â•â•â•â•â•â•â•â•â•â•â•â•â•â•â•â•â•â•â•â•â•â•â•â•â•
2026-01-29 16:44:02.588 18823-18862 AppProtectionManager    com.cdccreditsmart.app               I    âœ… Factory Reset via Settings (DISALLOW_FACTORY_RESET - crÃ­tica)
2026-01-29 16:44:02.588 18823-18862 AppProtectionManager    com.cdccreditsmart.app               I    âŒ Factory Reset via Recovery Mode (botÃµes Volume+Power) - NÃƒO BLOQUEÃVEL
2026-01-29 16:44:02.588 18823-18862 AppProtectionManager    com.cdccreditsmart.app               I    âŒ Factory Reset via Fastboot/Bootloader - NÃƒO BLOQUEÃVEL
2026-01-29 16:44:02.588 18823-18862 AppProtectionManager    com.cdccreditsmart.app               I  
2026-01-29 16:44:02.588 18823-18862 AppProtectionManager    com.cdccreditsmart.app               I  ðŸ›¡ï¸ PROTEÃ‡ÃƒO DO APP (GARANTIDAS)
2026-01-29 16:44:02.588 18823-18862 AppProtectionManager    com.cdccreditsmart.app               I  â•â•â•â•â•â•â•â•â•â•â•â•â•â•â•â•â•â•â•â•â•â•â•â•â•â•â•â•â•â•â•â•â•â•â•â•â•â•â•â•â•â•â•â•â•â•â•â•â•â•â•â•â•â•â•â•â•â•â•â•â•â•â•â•
2026-01-29 16:44:02.588 18823-18862 AppProtectionManager    com.cdccreditsmart.app               I    âœ… DesinstalaÃ§Ã£o do app (setUninstallBlocked)
2026-01-29 16:44:02.588 18823-18862 AppProtectionManager    com.cdccreditsmart.app               I    âœ… Force Stop (setUserControlDisabledPackages ou DISALLOW_APPS_CONTROL)
2026-01-29 16:44:02.588 18823-18862 AppProtectionManager    com.cdccreditsmart.app               I    âœ… Clear Data (setUserControlDisabledPackages ou DISALLOW_APPS_CONTROL)
2026-01-29 16:44:02.588 18823-18876 EnhancedProtections     com.cdccreditsmart.app               I  âœ… ConfiguraÃ§Ã£o de brilho LIBERADA (usuÃ¡rio pode ajustar)
2026-01-29 16:44:02.589 18823-18862 AppProtectionManager    com.cdccreditsmart.app               I    âœ… RemoÃ§Ã£o do Device Admin (Device Owner nÃ£o pode ser removido via Settings)
2026-01-29 16:44:02.589 18823-18876 EnhancedProtections     com.cdccreditsmart.app               I  âœ… Power saving configurado
2026-01-29 16:44:02.589 18823-18862 AppProtectionManager    com.cdccreditsmart.app               I  
2026-01-29 16:44:02.589 18823-18876 EnhancedProtections     com.cdccreditsmart.app               I  
2026-01-29 16:44:02.589 18823-18862 AppProtectionManager    com.cdccreditsmart.app               I  ðŸ” SEGURANÃ‡A E ACESSO (GARANTIDAS)
2026-01-29 16:44:02.589 18823-18876 EnhancedProtections     com.cdccreditsmart.app               I  â•â•â• BLOQUEIO DE MULTI-WINDOW â•â•â•
2026-01-29 16:44:02.589 18823-18862 AppProtectionManager    com.cdccreditsmart.app               I  â•â•â•â•â•â•â•â•â•â•â•â•â•â•â•â•â•â•â•â•â•â•â•â•â•â•â•â•â•â•â•â•â•â•â•â•â•â•â•â•â•â•â•â•â•â•â•â•â•â•â•â•â•â•â•â•â•â•â•â•â•â•â•â•
2026-01-29 16:44:02.589 18823-18862 AppProtectionManager    com.cdccreditsmart.app               I    âœ… ModificaÃ§Ã£o de contas (DISALLOW_MODIFY_ACCOUNTS)
2026-01-29 16:44:02.589 18823-18862 AppProtectionManager    com.cdccreditsmart.app               I    âœ… AdiÃ§Ã£o de usuÃ¡rios (DISALLOW_ADD_USER)
2026-01-29 16:44:02.589 18823-18862 AppProtectionManager    com.cdccreditsmart.app               I    âœ… RemoÃ§Ã£o de usuÃ¡rios (DISALLOW_REMOVE_USER)
2026-01-29 16:44:02.589 18823-18862 AppProtectionManager    com.cdccreditsmart.app               I    âœ… Debug Features e USB Debugging (DISALLOW_DEBUGGING_FEATURES)
2026-01-29 16:44:02.589 18823-18862 AppProtectionManager    com.cdccreditsmart.app               I    âœ… USB File Transfer MTP/PTP (DISALLOW_USB_FILE_TRANSFER)
2026-01-29 16:44:02.589 18823-18862 AppProtectionManager    com.cdccreditsmart.app               I    âœ… Safe Boot Mode (DISALLOW_SAFE_BOOT)
2026-01-29 16:44:02.589 18823-18862 AppProtectionManager    com.cdccreditsmart.app               I  
2026-01-29 16:44:02.589 18823-18862 AppProtectionManager    com.cdccreditsmart.app               I  ðŸŒ REDE E SISTEMA (TENTADAS - podem falhar)
2026-01-29 16:44:02.589 18823-18862 AppProtectionManager    com.cdccreditsmart.app               I  â•â•â•â•â•â•â•â•â•â•â•â•â•â•â•â•â•â•â•â•â•â•â•â•â•â•â•â•â•â•â•â•â•â•â•â•â•â•â•â•â•â•â•â•â•â•â•â•â•â•â•â•â•â•â•â•â•â•â•â•â•â•â•â•
2026-01-29 16:44:02.590 18823-18862 AppProtectionManager    com.cdccreditsmart.app               I    âš ï¸ ConfiguraÃ§Ã£o de VPN (DISALLOW_CONFIG_VPN - pode falhar)
2026-01-29 16:44:02.590 18823-18862 AppProtectionManager    com.cdccreditsmart.app               I    âš ï¸ ConfiguraÃ§Ã£o de redes mÃ³veis (DISALLOW_CONFIG_MOBILE_NETWORKS - pode falhar)
2026-01-29 16:44:02.590 18823-18862 AppProtectionManager    com.cdccreditsmart.app               I    âš ï¸ ConfiguraÃ§Ã£o de data/hora (DISALLOW_CONFIG_DATE_TIME - pode falhar)
2026-01-29 16:44:02.590 18823-18862 AppProtectionManager    com.cdccreditsmart.app               I    âš ï¸ Network Reset (DISALLOW_NETWORK_RESET - pode falhar)
2026-01-29 16:44:02.590 18823-18862 AppProtectionManager    com.cdccreditsmart.app               I    âš ï¸ Montagem de mÃ­dia externa (DISALLOW_MOUNT_PHYSICAL_MEDIA - pode falhar)
2026-01-29 16:44:02.590 18823-18862 AppProtectionManager    com.cdccreditsmart.app               I    âš ï¸ Outgoing Beam/NFC (DISALLOW_OUTGOING_BEAM - pode falhar)
2026-01-29 16:44:02.590 18823-18862 AppProtectionManager    com.cdccreditsmart.app               I  
2026-01-29 16:44:02.590 18823-18862 AppProtectionManager    com.cdccreditsmart.app               I  ðŸ“± INSTALAÃ‡ÃƒO E APPS (TENTADAS)
2026-01-29 16:44:02.590 18823-18862 AppProtectionManager    com.cdccreditsmart.app               I  â•â•â•â•â•â•â•â•â•â•â•â•â•â•â•â•â•â•â•â•â•â•â•â•â•â•â•â•â•â•â•â•â•â•â•â•â•â•â•â•â•â•â•â•â•â•â•â•â•â•â•â•â•â•â•â•â•â•â•â•â•â•â•â•
2026-01-29 16:44:02.590 18823-18862 AppProtectionManager    com.cdccreditsmart.app               I    âš ï¸ Fontes desconhecidas (AppInstallPolicy, falha em Android moderno)
2026-01-29 16:44:02.590 18823-18862 AppProtectionManager    com.cdccreditsmart.app               I    âš ï¸ Apps perigosos (escaneados, remoÃ§Ã£o requer confirmaÃ§Ã£o do usuÃ¡rio)
2026-01-29 16:44:02.590 18823-18862 AppProtectionManager    com.cdccreditsmart.app               I    âš ï¸ Apps Settings Motorola (disabled for Play Protect compliance)
2026-01-29 16:44:02.590 18823-18862 AppProtectionManager    com.cdccreditsmart.app               I  
2026-01-29 16:44:02.590 18823-18862 AppProtectionManager    com.cdccreditsmart.app               I  âš™ï¸ SAMSUNG KNOX (se disponÃ­vel)
2026-01-29 16:44:02.590 18823-18862 AppProtectionManager    com.cdccreditsmart.app               I  â•â•â•â•â•â•â•â•â•â•â•â•â•â•â•â•â•â•â•â•â•â•â•â•â•â•â•â•â•â•â•â•â•â•â•â•â•â•â•â•â•â•â•â•â•â•â•â•â•â•â•â•â•â•â•â•â•â•â•â•â•â•â•â•
2026-01-29 16:44:02.590 18823-18862 AppProtectionManager    com.cdccreditsmart.app               I    âš ï¸ Knox Factory Reset Protection (requer Knox SDK)
2026-01-29 16:44:02.590 18823-18862 AppProtectionManager    com.cdccreditsmart.app               I    âš ï¸ Knox OEM Unlock bloqueado (requer Knox SDK)
2026-01-29 16:44:02.591 18823-18862 AppProtectionManager    com.cdccreditsmart.app               I    âš ï¸ Knox Recovery Mode bloqueado (requer Knox SDK)
2026-01-29 16:44:02.591 18823-18862 AppProtectionManager    com.cdccreditsmart.app               I  
2026-01-29 16:44:02.591 18823-18862 AppProtectionManager    com.cdccreditsmart.app               I  â„¹ï¸ OBSERVAÃ‡Ã•ES IMPORTANTES
2026-01-29 16:44:02.591 18823-18862 AppProtectionManager    com.cdccreditsmart.app               I  â•â•â•â•â•â•â•â•â•â•â•â•â•â•â•â•â•â•â•â•â•â•â•â•â•â•â•â•â•â•â•â•â•â•â•â•â•â•â•â•â•â•â•â•â•â•â•â•â•â•â•â•â•â•â•â•â•â•â•â•â•â•â•â•
2026-01-29 16:44:02.591 18823-18862 AppProtectionManager    com.cdccreditsmart.app               I    â€¢ ProteÃ§Ãµes âœ… sÃ£o GARANTIDAS pelo Device Owner
2026-01-29 16:44:02.591 18823-18862 AppProtectionManager    com.cdccreditsmart.app               I    â€¢ ProteÃ§Ãµes âš ï¸ sÃ£o TENTADAS, mas podem falhar silenciosamente
2026-01-29 16:44:02.591 18823-18862 AppProtectionManager    com.cdccreditsmart.app               I    â€¢ ProteÃ§Ãµes âŒ sÃ£o impossÃ­veis de bloquear (limitaÃ§Ã£o do Android)
2026-01-29 16:44:02.591 18823-18862 AppProtectionManager    com.cdccreditsmart.app               I    â€¢ WiFi, Bluetooth, Tethering NÃƒO sÃ£o bloqueados (usuÃ¡rio precisa)
2026-01-29 16:44:02.591 18823-18862 AppProtectionManager    com.cdccreditsmart.app               I    â€¢ Recovery Mode e Fastboot operam ANTES do Android iniciar
2026-01-29 16:44:02.591 18823-18862 AppProtectionManager    com.cdccreditsmart.app               I  
2026-01-29 16:44:02.591 18823-18862 AppProtectionManager    com.cdccreditsmart.app               I  â•”â•â•â•â•â•â•â•â•â•â•â•â•â•â•â•â•â•â•â•â•â•â•â•â•â•â•â•â•â•â•â•â•â•â•â•â•â•â•â•â•â•â•â•â•â•â•â•â•â•â•â•â•â•â•â•â•â•â•â•â•â•â•â•â•â•—
2026-01-29 16:44:02.591 18823-18862 AppProtectionManager    com.cdccreditsmart.app               I  â•‘  ðŸ”’ PROTEÃ‡ÃƒO MÃXIMA APLICADA - CDC CREDIT SMART PROTEGIDO      â•‘
2026-01-29 16:44:02.591 18823-18862 AppProtectionManager    com.cdccreditsmart.app               I  â•šâ•â•â•â•â•â•â•â•â•â•â•â•â•â•â•â•â•â•â•â•â•â•â•â•â•â•â•â•â•â•â•â•â•â•â•â•â•â•â•â•â•â•â•â•â•â•â•â•â•â•â•â•â•â•â•â•â•â•â•â•â•â•â•â•â•
2026-01-29 16:44:02.591 18823-18862 AppProtectionManager    com.cdccreditsmart.app               I  
2026-01-29 16:44:02.592 18823-18862 CDCApplication          com.cdccreditsmart.app               I  
2026-01-29 16:44:02.592 18823-18862 CDCApplication          com.cdccreditsmart.app               I  â•”â•â•â•â•â•â•â•â•â•â•â•â•â•â•â•â•â•â•â•â•â•â•â•â•â•â•â•â•â•â•â•â•â•â•â•â•â•â•â•â•â•â•â•â•â•â•â•â•â•â•â•â•â•â•â•â•â•â•â•â•â•—
2026-01-29 16:44:02.592 18823-18862 CDCApplication          com.cdccreditsmart.app               I  â•‘     RESULTADO DA APLICAÃ‡ÃƒO DE PROTEÃ‡Ã•ES                    â•‘
2026-01-29 16:44:02.592 18823-18862 CDCApplication          com.cdccreditsmart.app               I  â•šâ•â•â•â•â•â•â•â•â•â•â•â•â•â•â•â•â•â•â•â•â•â•â•â•â•â•â•â•â•â•â•â•â•â•â•â•â•â•â•â•â•â•â•â•â•â•â•â•â•â•â•â•â•â•â•â•â•â•â•â•â•
2026-01-29 16:44:02.592 18823-18862 CDCApplication          com.cdccreditsmart.app               I     NÃ­vel: DEVICE_OWNER
2026-01-29 16:44:02.593 18823-18862 CDCApplication          com.cdccreditsmart.app               I     ProteÃ§Ãµes aplicadas: 15
2026-01-29 16:44:02.593 18823-18862 CDCApplication          com.cdccreditsmart.app               I     Status: PROTEÃ‡ÃƒO MÃXIMA ATIVA
2026-01-29 16:44:02.593 18823-18862 AppProtectionManager    com.cdccreditsmart.app               I  ========================================
2026-01-29 16:44:02.593 18823-18862 AppProtectionManager    com.cdccreditsmart.app               I  ðŸ”’ TORNANDO APP PERSISTENTE
2026-01-29 16:44:02.593 18823-18862 AppProtectionManager    com.cdccreditsmart.app               I  ========================================
2026-01-29 16:44:02.597 18823-18863 WorkPolicyManager       com.cdccreditsmart.app               I     âœ… setLockTaskFeatures configurado (Android 9+)
2026-01-29 16:44:02.599 18823-18874 EnhancedProtections     com.cdccreditsmart.app               I  âœ… ConfiguraÃ§Ã£o de brilho LIBERADA (usuÃ¡rio pode ajustar)
2026-01-29 16:44:02.599 18823-18874 EnhancedProtections     com.cdccreditsmart.app               I  âœ… Power saving configurado
2026-01-29 16:44:02.599 18823-18874 EnhancedProtections     com.cdccreditsmart.app               I  
2026-01-29 16:44:02.599 18823-18874 EnhancedProtections     com.cdccreditsmart.app               I  â•â•â• BLOQUEIO DE MULTI-WINDOW â•â•â•
2026-01-29 16:44:02.600 18823-18862 AppProtectionManager    com.cdccreditsmart.app               I  âš ï¸ Feature disabled: isApplicationHidden/setApplicationHidden - Play Protect compliance
2026-01-29 16:44:02.600 18823-18862 AppProtectionManager    com.cdccreditsmart.app               I  âœ… App persistence check skipped
2026-01-29 16:44:02.602 18823-18863 WorkPolicyManager       com.cdccreditsmart.app               I  
2026-01-29 16:44:02.602 18823-18863 WorkPolicyManager       com.cdccreditsmart.app               I  â•”â•â•â•â•â•â•â•â•â•â•â•â•â•â•â•â•â•â•â•â•â•â•â•â•â•â•â•â•â•â•â•â•â•â•â•â•â•â•â•â•â•â•â•â•â•â•â•â•â•â•â•â•â•â•â•â•â•â•â•â•â•â•â•â•â•—
2026-01-29 16:44:02.602 18823-18863 WorkPolicyManager       com.cdccreditsmart.app               I  â•‘  ðŸ“Š RESUMO DAS POLÃTICAS DE TRABALHO                           â•‘
2026-01-29 16:44:02.602 18823-18863 WorkPolicyManager       com.cdccreditsmart.app               I  â• â•â•â•â•â•â•â•â•â•â•â•â•â•â•â•â•â•â•â•â•â•â•â•â•â•â•â•â•â•â•â•â•â•â•â•â•â•â•â•â•â•â•â•â•â•â•â•â•â•â•â•â•â•â•â•â•â•â•â•â•â•â•â•â•â•£
2026-01-29 16:44:02.603 18823-18863 WorkPolicyManager       com.cdccreditsmart.app               I  â•‘  ðŸ‘‘ NÃ­vel de proteÃ§Ã£o: DEVICE OWNER FULL
2026-01-29 16:44:02.603 18823-18863 WorkPolicyManager       com.cdccreditsmart.app               I  â•‘  ðŸ“‹ PolÃ­ticas aplicadas: 22
2026-01-29 16:44:02.603 18823-18863 WorkPolicyManager       com.cdccreditsmart.app               I  â• â•â•â•â•â•â•â•â•â•â•â•â•â•â•â•â•â•â•â•â•â•â•â•â•â•â•â•â•â•â•â•â•â•â•â•â•â•â•â•â•â•â•â•â•â•â•â•â•â•â•â•â•â•â•â•â•â•â•â•â•â•â•â•â•â•£
2026-01-29 16:44:02.603 18823-18863 WorkPolicyManager       com.cdccreditsmart.app               I  â•‘  âœ… PROTEÃ‡Ã•ES ATIVAS:
2026-01-29 16:44:02.603 18823-18863 WorkPolicyManager       com.cdccreditsmart.app               I  â•‘     âœ… DesinstalaÃ§Ã£o bloqueada
2026-01-29 16:44:02.603 18823-18863 WorkPolicyManager       com.cdccreditsmart.app               I  â•‘     âœ… Force Stop bloqueado
2026-01-29 16:44:02.603 18823-18863 WorkPolicyManager       com.cdccreditsmart.app               I  â•‘     âœ… Clear Data bloqueado
2026-01-29 16:44:02.603 18823-18863 WorkPolicyManager       com.cdccreditsmart.app               I  â•‘     âœ… Controle do usuÃ¡rio desabilitado
2026-01-29 16:44:02.603 18823-18863 WorkPolicyManager       com.cdccreditsmart.app               I  â•‘     âœ… Wipe por senha incorreta desabilitado
2026-01-29 16:44:02.603 18823-18863 WorkPolicyManager       com.cdccreditsmart.app               I  â•‘     âœ… Factory Reset via Settings bloqueado
2026-01-29 16:44:02.603 18823-18863 WorkPolicyManager       com.cdccreditsmart.app               I  â•‘     âœ… Safe Mode bloqueado
2026-01-29 16:44:02.603 18823-18863 WorkPolicyManager       com.cdccreditsmart.app               I  â•‘     âœ… AdiÃ§Ã£o de usuÃ¡rios bloqueada
2026-01-29 16:44:02.604 18823-18863 WorkPolicyManager       com.cdccreditsmart.app               I  â•‘     âœ… RemoÃ§Ã£o de usuÃ¡rios bloqueada
2026-01-29 16:44:02.604 18823-18863 WorkPolicyManager       com.cdccreditsmart.app               I  â•‘     âœ… Troca de usuÃ¡rios bloqueada
2026-01-29 16:44:02.604 18823-18863 WorkPolicyManager       com.cdccreditsmart.app               I  â•‘     âœ… ModificaÃ§Ã£o de contas bloqueada
2026-01-29 16:44:02.604 18823-18863 WorkPolicyManager       com.cdccreditsmart.app               I  â•‘     âœ… Network Reset bloqueado
2026-01-29 16:44:02.604 18823-18863 WorkPolicyManager       com.cdccreditsmart.app               I  â•‘     âœ… ConfiguraÃ§Ã£o de VPN bloqueada
2026-01-29 16:44:02.604 18823-18863 WorkPolicyManager       com.cdccreditsmart.app               I  â•‘     âœ… ConfiguraÃ§Ã£o de rede mÃ³vel bloqueada
2026-01-29 16:44:02.604 18823-18863 WorkPolicyManager       com.cdccreditsmart.app               I  â•‘     âœ… ConfiguraÃ§Ã£o de data/hora bloqueada
2026-01-29 16:44:02.604 18823-18863 WorkPolicyManager       com.cdccreditsmart.app               I  â•‘     âœ… Montagem de mÃ­dia externa bloqueada
2026-01-29 16:44:02.604 18823-18863 WorkPolicyManager       com.cdccreditsmart.app               I  â•‘     âœ… PolÃ­tica de atualizaÃ§Ãµes configurada
2026-01-29 16:44:02.604 18823-18863 WorkPolicyManager       com.cdccreditsmart.app               I  â•‘     âœ… ProteÃ§Ãµes avanÃ§adas aplicadas
2026-01-29 16:44:02.604 18823-18863 WorkPolicyManager       com.cdccreditsmart.app               I  â•‘     âœ… Lock Task Mode configurado (kiosk)
2026-01-29 16:44:02.604 18823-18863 WorkPolicyManager       com.cdccreditsmart.app               I  â• â•â•â•â•â•â•â•â•â•â•â•â•â•â•â•â•â•â•â•â•â•â•â•â•â•â•â•â•â•â•â•â•â•â•â•â•â•â•â•â•â•â•â•â•â•â•â•â•â•â•â•â•â•â•â•â•â•â•â•â•â•â•â•â•â•£
2026-01-29 16:44:02.605 18823-18863 WorkPolicyManager       com.cdccreditsmart.app               I  â•‘  âš ï¸ AVISOS:
2026-01-29 16:44:02.605 18823-18863 WorkPolicyManager       com.cdccreditsmart.app               W  â•‘     âš ï¸ USB Debugging ativo (modo debug)
2026-01-29 16:44:02.605 18823-18863 WorkPolicyManager       com.cdccreditsmart.app               I  â•šâ•â•â•â•â•â•â•â•â•â•â•â•â•â•â•â•â•â•â•â•â•â•â•â•â•â•â•â•â•â•â•â•â•â•â•â•â•â•â•â•â•â•â•â•â•â•â•â•â•â•â•â•â•â•â•â•â•â•â•â•â•â•â•â•â•
2026-01-29 16:44:02.605 18823-18863 WorkPolicyManager       com.cdccreditsmart.app               I  
2026-01-29 16:44:02.606 18823-18863 CdcForegroundService    com.cdccreditsmart.app               I  ðŸ¢ Resultado: DEVICE_OWNER_FULL
2026-01-29 16:44:02.606 18823-18863 CdcForegroundService    com.cdccreditsmart.app               I  ðŸ¢ PolÃ­ticas aplicadas: 22/20
2026-01-29 16:44:02.606 18823-18863 CdcForegroundService    com.cdccreditsmart.app               W  ðŸ¢ âš ï¸ USB Debugging ativo (modo debug)
2026-01-29 16:44:02.606 18823-18863 CdcForegroundService    com.cdccreditsmart.app               I  ðŸ¢ ========================================
2026-01-29 16:44:02.606 18823-18863 CdcForegroundService    com.cdccreditsmart.app               I  ðŸ›¡ï¸ ========================================
2026-01-29 16:44:02.606 18823-18863 CdcForegroundService    com.cdccreditsmart.app               I  ðŸ›¡ï¸ INICIANDO SETTINGS GUARD (PROTEÃ‡ÃƒO AGRESSIVA)
2026-01-29 16:44:02.606 18823-18863 CdcForegroundService    com.cdccreditsmart.app               I  ðŸ›¡ï¸ ========================================
2026-01-29 16:44:02.607 18823-18876 EnhancedProtections     com.cdccreditsmart.app               I  Multi-window BLOQUEADO
2026-01-29 16:44:02.607 18823-18876 EnhancedProtections     com.cdccreditsmart.app               I  âœ… Multi-window bloqueado
2026-01-29 16:44:02.615 18823-18874 EnhancedProtections     com.cdccreditsmart.app               I  Multi-window BLOQUEADO
2026-01-29 16:44:02.615 18823-18874 EnhancedProtections     com.cdccreditsmart.app               I  âœ… Multi-window bloqueado
2026-01-29 16:44:02.615 18823-18863 AutoPermissionManager   com.cdccreditsmart.app               I  ðŸ” ForÃ§ando concessÃ£o de permissÃµes especiais...
2026-01-29 16:44:02.617 18823-18863 SettingsGuardService    com.cdccreditsmart.app               I  
2026-01-29 16:44:02.617 18823-18863 SettingsGuardService    com.cdccreditsmart.app               I  â•”â•â•â•â•â•â•â•â•â•â•â•â•â•â•â•â•â•â•â•â•â•â•â•â•â•â•â•â•â•â•â•â•â•â•â•â•â•â•â•â•â•â•â•â•â•â•â•â•â•â•â•â•â•â•â•â•â•—
2026-01-29 16:44:02.617 18823-18863 SettingsGuardService    com.cdccreditsmart.app               I  â•‘   ðŸ›¡ï¸ SETTINGSGUARD - INICIALIZAÃ‡ÃƒO                    â•‘
2026-01-29 16:44:02.617 18823-18863 SettingsGuardService    com.cdccreditsmart.app               I  â• â•â•â•â•â•â•â•â•â•â•â•â•â•â•â•â•â•â•â•â•â•â•â•â•â•â•â•â•â•â•â•â•â•â•â•â•â•â•â•â•â•â•â•â•â•â•â•â•â•â•â•â•â•â•â•â•â•£
2026-01-29 16:44:02.619 18823-18862 AppProtectionManager    com.cdccreditsmart.app               I  âœ… AtualizaÃ§Ãµes de sistema adiadas (proteÃ§Ã£o contra reset)
2026-01-29 16:44:02.622 18823-18863 SettingsGuardService    com.cdccreditsmart.app               I  â•‘   ðŸ“± Modo proteÃ§Ã£o: DEVICE_OWNER                    â•‘
2026-01-29 16:44:02.622 18823-18863 SettingsGuardService    com.cdccreditsmart.app               I  â•‘   ðŸ“Š UsageStats: âœ… CONCEDIDA              â•‘
2026-01-29 16:44:02.622 18823-18863 SettingsGuardService    com.cdccreditsmart.app               I  â•‘   ðŸªŸ Overlay: âœ… CONCEDIDA                 â•‘
2026-01-29 16:44:02.623 18823-18862 AppProtectionManager    com.cdccreditsmart.app               I  âœ… Tela permanece ligada quando conectado
2026-01-29 16:44:02.623 18823-18862 AppProtectionManager    com.cdccreditsmart.app               I  ========================================
2026-01-29 16:44:02.624 18823-18862 AppProtectionManager    com.cdccreditsmart.app               I  ðŸŽ¯ PERSISTÃŠNCIA APLICADA (3/3)
2026-01-29 16:44:02.624 18823-18862 AppProtectionManager    com.cdccreditsmart.app               I  ========================================
2026-01-29 16:44:02.624 18823-18862 AppProtectionManager    com.cdccreditsmart.app               I  ========================================
2026-01-29 16:44:02.624 18823-18862 AppProtectionManager    com.cdccreditsmart.app               I  ðŸ” VERIFICANDO PROTEÃ‡Ã•ES APLICADAS
2026-01-29 16:44:02.624 18823-18862 AppProtectionManager    com.cdccreditsmart.app               I  ========================================
2026-01-29 16:44:02.624 18823-18876 EnhancedProtections     com.cdccreditsmart.app               I  
2026-01-29 16:44:02.624 18823-18876 EnhancedProtections     com.cdccreditsmart.app               I  â•”â•â•â•â•â•â•â•â•â•â•â•â•â•â•â•â•â•â•â•â•â•â•â•â•â•â•â•â•â•â•â•â•â•â•â•â•â•â•â•â•â•â•â•â•â•â•â•â•â•â•â•â•â•â•â•â•â•â•â•â•â•â•â•â•â•—
2026-01-29 16:44:02.624 18823-18876 EnhancedProtections     com.cdccreditsmart.app               I  â•‘  ðŸ“Š RESUMO DAS PROTEÃ‡Ã•ES AVANÃ‡ADAS                             â•‘
2026-01-29 16:44:02.624 18823-18876 EnhancedProtections     com.cdccreditsmart.app               I  â• â•â•â•â•â•â•â•â•â•â•â•â•â•â•â•â•â•â•â•â•â•â•â•â•â•â•â•â•â•â•â•â•â•â•â•â•â•â•â•â•â•â•â•â•â•â•â•â•â•â•â•â•â•â•â•â•â•â•â•â•â•â•â•â•â•£
2026-01-29 16:44:02.624 18823-18876 EnhancedProtections     com.cdccreditsmart.app               I  â•‘  OperaÃ§Ã£o: ATIVAR                                          â•‘
2026-01-29 16:44:02.624 18823-18876 EnhancedProtections     com.cdccreditsmart.app               I  â•‘  Success: true                                              â•‘
2026-01-29 16:44:02.624 18823-18876 EnhancedProtections     com.cdccreditsmart.app               I  â•‘  PolÃ­ticas aplicadas: 4                                     â•‘
2026-01-29 16:44:02.624 18823-18876 EnhancedProtections     com.cdccreditsmart.app               I  â•‘  Apps de controle parental detectados: 0                  â•‘
