2026-01-27 18:37:49.276 26748-27009 CdcForegroundService    com.cdccreditsmart.app               W  ğŸ“¦ âš ï¸ Nenhum caminho de preload acessÃ­vel neste dispositivo
2026-01-27 18:37:49.276 26748-27009 CdcForegroundService    com.cdccreditsmart.app               W  ğŸ“¦    O sistema de recuperaÃ§Ã£o via stub ainda funcionarÃ¡
2026-01-27 18:37:49.276 26748-27009 CdcForegroundService    com.cdccreditsmart.app               I  ğŸ“¦ ========================================
2026-01-27 18:37:49.276 26748-27009 CdcForegroundService    com.cdccreditsmart.app               I  ğŸ”„ ========================================
2026-01-27 18:37:49.276 26748-27009 CdcForegroundService    com.cdccreditsmart.app               I  ğŸ”„ SINCRONIZAÃ‡ÃƒO IMEDIATA DE BLOQUEIO
2026-01-27 18:37:49.276 26748-27009 CdcForegroundService    com.cdccreditsmart.app               I  ğŸ”„ ========================================
2026-01-27 18:37:49.280 26748-27009 CdcForegroundService    com.cdccreditsmart.app               I  ğŸ”„ NÃ­vel de bloqueio LOCAL atual: 0
2026-01-27 18:37:49.259 26748-26748 DefaultDispatch         com.cdccreditsmart.app               W  type=1400 audit(0.0:1685): avc:  denied  { getattr } for  path="/data/preloads" dev="dm-48" ino=98 scontext=u:r:untrusted_app:s0:c11,c257,c512,c768 tcontext=u:object_r:preloads_data_file:s0 tclass=dir permissive=0 app=com.cdccreditsmart.app
2026-01-27 18:37:49.412 29165-29505 ModernMediaScanner      com.cdccreditsmart.app               D  Parsing date with millis failed for [2018]. We will retry without millis
2026-01-27 18:37:49.412 29165-29505 ModernMediaScanner      com.cdccreditsmart.app               D  Parsing date without millis failed for [2018]
2026-01-27 18:37:49.492 26748-30112 creditsmart.app         com.cdccreditsmart.app               W  Verification of void okhttp3.internal.http1.Http1ExchangeCodec.access$detachTimeout(okhttp3.internal.http1.Http1ExchangeCodec, okio.ForwardingTimeout) took 194.920ms (20.52 bytecodes/s) (1264B approximate peak alloc)
2026-01-27 18:37:49.707 29165-29505 ModernMediaScanner      com.cdccreditsmart.app               D  Parsing date with millis failed for [2019]. We will retry without millis
2026-01-27 18:37:49.707 29165-29505 ModernMediaScanner      com.cdccreditsmart.app               D  Parsing date without millis failed for [2019]
2026-01-27 18:37:49.890 26748-26758 creditsmart.app         com.cdccreditsmart.app               I  Background concurrent mark compact GC freed 253725(11MB) AllocSpace objects, 275(10MB) LOS objects, 72% free, 9459KB/33MB, paused 7.947ms,14.976ms total 696.451ms
2026-01-27 18:37:49.988 29165-29505 ModernMediaScanner      com.cdccreditsmart.app               D  Parsing date with millis failed for [2019]. We will retry without millis
2026-01-27 18:37:49.988 29165-29505 ModernMediaScanner      com.cdccreditsmart.app               D  Parsing date without millis failed for [2019]
2026-01-27 18:37:50.028 26748-26782 OpenGLRenderer          com.cdccreditsmart.app               I  Davey! duration=2653ms; Flags=0, FrameTimelineVsyncId=841472, IntendedVsync=4751336751628, Vsync=4752569153252, InputEventId=0, HandleInputStart=4752585160908, AnimationStart=4752585166946, PerformTraversalsStart=4752610550485, DrawStart=4752611019331, FrameDeadline=4752585874965, FrameInterval=4752584620715, FrameStartTime=16654076, SyncQueued=4752619218215, SyncStart=4752626421331, IssueDrawCommandsStart=4752626540023, SwapBuffers=4753981301907, FrameCompleted=4753997447599, DequeueBufferDuration=25885, QueueBufferDuration=1597230, GpuCompleted=4753997447599, SwapBuffersCompleted=4753996982022, DisplayPresentTime=4746172983181, CommandSubmissionCompleted=4753981301907, 
2026-01-27 18:37:50.067 26748-26748 Choreographer           com.cdccreditsmart.app               I  Skipped 83 frames!  The application may be doing too much work on its main thread.
2026-01-27 18:37:50.118 26748-30111 MdmCommandReceiver      com.cdccreditsmart.app               I  âœ… WebSocket MDM CONECTADO COM SUCESSO!
2026-01-27 18:37:50.118 26748-30111 MdmCommandReceiver      com.cdccreditsmart.app               D  âœ… Response code: 101
2026-01-27 18:37:50.118 26748-30111 MdmCommandReceiver      com.cdccreditsmart.app               I  ğŸ” Enviando autenticaÃ§Ã£o WebSocket imediatamente (v2.5)...
2026-01-27 18:37:50.119 26748-30109 MdmCommandReceiver      com.cdccreditsmart.app               D  â° Watchdog cancelado (conexÃ£o resolvida)
2026-01-27 18:37:50.125 26748-30112 WebSocketManager        com.cdccreditsmart.app               D  WebSocket connection opened
2026-01-27 18:37:50.127 26748-30112 WebSocketManager        com.cdccreditsmart.app               D  WebSocket connected for contract: QJ3H4MKG
2026-01-27 18:37:50.127 26748-30112 WebSocketManager        com.cdccreditsmart.app               D  Starting heartbeat
2026-01-27 18:37:50.148 26748-29874 OpenGLRenderer          com.cdccreditsmart.app               I  Davey! duration=1457ms; Flags=0, FrameTimelineVsyncId=841551, IntendedVsync=4752652431277, Vsync=4754034723984, InputEventId=0, HandleInputStart=4754046375714, AnimationStart=4754046388060, PerformTraversalsStart=4754072813599, DrawStart=4754073371830, FrameDeadline=4754034724584, FrameInterval=4754045193484, FrameStartTime=16654129, SyncQueued=4754079933714, SyncStart=4754084173714, IssueDrawCommandsStart=4754084352330, SwapBuffers=4754095832599, FrameCompleted=4754114391253, DequeueBufferDuration=39346, QueueBufferDuration=499692, GpuCompleted=4754102213560, SwapBuffersCompleted=4754114391253, DisplayPresentTime=4746222951912, CommandSubmissionCompleted=4754095832599, 
2026-01-27 18:37:50.277 26748-27013 FcmTokenManager         com.cdccreditsmart.app               D  Response code: 200
2026-01-27 18:37:50.287 26748-27013 FcmTokenManager         com.cdccreditsmart.app               D  âœ… FCM token registered successfully
2026-01-27 18:37:50.287 26748-27013 FcmTokenManager         com.cdccreditsmart.app               D  Response: {"success":true,"message":"FCM token registrado com sucesso"}
2026-01-27 18:37:50.306 26748-30111 SecureTokenStorage      com.cdccreditsmart.app               D  âœ… Usando IMEI para MDM: 8608***718
2026-01-27 18:37:50.462 26748-30111 MdmCommandReceiver      com.cdccreditsmart.app               I  ğŸ” ========================================
2026-01-27 18:37:50.462 26748-30111 MdmCommandReceiver      com.cdccreditsmart.app               I  ğŸ” ENVIANDO AUTENTICAÃ‡ÃƒO WEBSOCKET
2026-01-27 18:37:50.462 26748-30111 MdmCommandReceiver      com.cdccreditsmart.app               I  ğŸ” ========================================
2026-01-27 18:37:50.462 26748-30111 MdmCommandReceiver      com.cdccreditsmart.app               I  ğŸ” serialNumber: 86087507...
2026-01-27 18:37:50.463 26748-30111 MdmCommandReceiver      com.cdccreditsmart.app               I  ğŸ” deviceToken: eyJhbGciOiJIUzI1NiIs...
2026-01-27 18:37:50.463 26748-30111 MdmCommandReceiver      com.cdccreditsmart.app               I  ğŸ” deviceFingerprint: N/A...
2026-01-27 18:37:50.463 26748-30111 MdmCommandReceiver      com.cdccreditsmart.app               I  ğŸ” imei: 8608***
2026-01-27 18:37:50.463 26748-30111 MdmCommandReceiver      com.cdccreditsmart.app               I  ğŸ” androidId: 54194507...
2026-01-27 18:37:50.463 26748-30111 MdmCommandReceiver      com.cdccreditsmart.app               I  ğŸ” apkVersion: 1.0.0-debug
2026-01-27 18:37:50.463 26748-30111 MdmCommandReceiver      com.cdccreditsmart.app               I  âœ… Mensagem de autenticaÃ§Ã£o enviada com sucesso (7 campos)
2026-01-27 18:37:50.465 26748-30111 MdmCommandReceiver      com.cdccreditsmart.app               D  â³ Polling jÃ¡ estÃ¡ ativo - ignorando chamada duplicada
2026-01-27 18:37:50.467 26748-30111 MdmCommandReceiver      com.cdccreditsmart.app               D  ğŸ“¥ Mensagem MDM recebida: {"type":"welcome","message":"Connected to unified WebSocket server","connectionId":"e8b15690-c4df-4984-8040-12deff88d731","path":"/ws/mdm-policies","routerKey":"mdm-policies","timestamp":"2026-01-27T21:37:49.228Z","serverTime":"2026-01-27T21:37:49.228Z"}
2026-01-27 18:37:50.488 26748-30111 MdmCommandReceiver      com.cdccreditsmart.app               D  ğŸ“¥ Mensagem MDM recebida: {"type":"auth_required","message":"Please authenticate via message with serialNumber, deviceFingerprint or androidId","timeout":60,"timestamp":"2026-01-27T21:37:49.229Z"}
2026-01-27 18:37:50.555 26748-30102 MdmCommandReceiver      com.cdccreditsmart.app               I  ğŸ’“ Iniciando ping manual JSON (intervalo: 40s)
2026-01-27 18:37:50.561 26748-27010 MdmCommandReceiver      com.cdccreditsmart.app               D  ğŸ“¥ JSON recebido: {"type":"auth_required","message":"Please authenticate via message with serialNumber, deviceFingerprint or androidId","timeout":60,"timestamp":"2026-01-27T21:37:49.229Z"}
2026-01-27 18:37:50.581 26748-30102 MdmCommandReceiver      com.cdccreditsmart.app               D  ğŸ“¥ JSON recebido: {"type":"welcome","message":"Connected to unified WebSocket server","connectionId":"e8b15690-c4df-4984-8040-12deff88d731","path":"/ws/mdm-policies","routerKey":"mdm-policies","timestamp":"2026-01-27T21:37:49.228Z","serverTime":"2026-01-27T21:37:49.228Z"}
2026-01-27 18:37:50.682 26748-27013 AuthOrchestrator        com.cdccreditsmart.app               D  âœ… FCM token registrado
2026-01-27 18:37:50.775 26748-27009 CdcForegroundService    com.cdccreditsmart.app               I  ğŸ”„ Enviando heartbeat de sincronizaÃ§Ã£o...
2026-01-27 18:37:50.825 26748-30111 MdmCommandReceiver      com.cdccreditsmart.app               D  ğŸ“¥ Mensagem MDM recebida: {"type":"auth_error","message":"Device not found in system","timestamp":"2026-01-27T21:37:50.118Z"}
2026-01-27 18:37:50.828 26748-27013 MdmCommandReceiver      com.cdccreditsmart.app               D  ğŸ“¥ JSON recebido: {"type":"auth_error","message":"Device not found in system","timestamp":"2026-01-27T21:37:50.118Z"}
2026-01-27 18:37:51.017 29165-29505 ModernMediaScanner      com.cdccreditsmart.app               D  Parsing date with millis failed for [2018]. We will retry without millis
2026-01-27 18:37:51.017 29165-29505 ModernMediaScanner      com.cdccreditsmart.app               D  Parsing date without millis failed for [2018]
2026-01-27 18:37:51.638 28707-28707 BootReceiver            com.cdccreditsmart.app               I  Boot completed - iniciando servicos...
2026-01-27 18:37:51.660 28707-28707 PlayProtectManager      com.cdccreditsmart.app               D  App nao e Device Owner - pulando desabilitacao do Play Protect
2026-01-27 18:37:51.672 28707-28707 CdcForegroundService    com.cdccreditsmart.app               I  âœ… ServiÃ§o iniciado via startService()
2026-01-27 18:37:51.674 28707-28707 OfflineEnf...mentWorker com.cdccreditsmart.app               I  âœ… OfflineEnforcementWorker agendado
2026-01-27 18:37:51.674 28707-28707 BootReceiver            com.cdccreditsmart.app               I  OfflineEnforcementWorker agendado apos boot
2026-01-27 18:37:51.674 28707-28707 PeriodicOverlayWorker   com.cdccreditsmart.app               I  ğŸ“… Agendando overlay automÃ¡tico
2026-01-27 18:37:51.674 28707-28707 PeriodicOverlayWorker   com.cdccreditsmart.app               I     WorkManager interval: 15 minutos (mÃ­nimo obrigatÃ³rio)
2026-01-27 18:37:51.676 28707-28707 PeriodicOverlayWorker   com.cdccreditsmart.app               I     Cooldowns progressivos controlados internamente pelo worker
2026-01-27 18:37:51.684 28707-28707 PeriodicOverlayWorker   com.cdccreditsmart.app               I  âœ… Overlay automÃ¡tico agendado com sucesso
2026-01-27 18:37:51.684 28707-28707 BootReceiver            com.cdccreditsmart.app               I  PeriodicOverlayWorker agendado apos boot
2026-01-27 18:37:51.684 28707-28707 BootReceiver            com.cdccreditsmart.app               I  Servicos iniciados apos boot
2026-01-27 18:37:51.692 28707-28707 CdcForegroundService    com.cdccreditsmart.app               D  ğŸš€ ServiÃ§o onStartCommand() - Action: com.cdccreditsmart.app.START_SERVICE
2026-01-27 18:37:51.755 28707-28707 CdcForegroundService    com.cdccreditsmart.app               I  âœ… Foreground Service ativo (Android 12+)
2026-01-27 18:37:51.757 28707-29079 CdcForegroundService    com.cdccreditsmart.app               I  ğŸ”§ ========================================
2026-01-27 18:37:51.757 28707-29079 CdcForegroundService    com.cdccreditsmart.app               I  ğŸ”§ INICIANDO initializeServices()...
2026-01-27 18:37:51.757 28707-29079 CdcForegroundService    com.cdccreditsmart.app               I  ğŸ”§ ========================================
2026-01-27 18:37:51.757 28707-29079 CdcForegroundService    com.cdccreditsmart.app               I  ğŸ“± Rodando em usuÃ¡rio secundÃ¡rio gerenciado (User ID: 15)
2026-01-27 18:37:51.757 28707-29079 CdcForegroundService    com.cdccreditsmart.app               I  ğŸ“± Dados de enrollment existem apenas no usuÃ¡rio primÃ¡rio
2026-01-27 18:37:51.757 28707-29079 CdcForegroundService    com.cdccreditsmart.app               I  ğŸ“± ServiÃ§o MDM nÃ£o serÃ¡ inicializado neste usuÃ¡rio
2026-01-27 18:37:51.757 28707-29079 CdcForegroundService    com.cdccreditsmart.app               I  ğŸ”§ ========================================
2026-01-27 18:37:51.772 28707-28707 BootInterceptor         com.cdccreditsmart.app               I  ========================================
2026-01-27 18:37:51.774 28707-28707 BootInterceptor         com.cdccreditsmart.app               I  ğŸ”„ BOOT EVENT DETECTADO
2026-01-27 18:37:51.775 28707-28707 BootInterceptor         com.cdccreditsmart.app               I  ========================================
2026-01-27 18:37:51.776 28707-28707 BootInterceptor         com.cdccreditsmart.app               I  âœ… BOOT COMPLETO DETECTADO
2026-01-27 18:37:51.776 28707-28707 BootInterceptor         com.cdccreditsmart.app               I     Sistema Android iniciado com sucesso
2026-01-27 18:37:51.938 28707-28707 TamperDetection         com.cdccreditsmart.app               I  âœ… Device fingerprint criado: CDC_1335****
2026-01-27 18:37:51.938 28707-28707 BootInterceptor         com.cdccreditsmart.app               I     Device Fingerprint: CDC_13354133****
2026-01-27 18:37:51.962 29165-29505 ModernMediaScanner      com.cdccreditsmart.app               D  Parsing date with millis failed for [2018]. We will retry without millis
2026-01-27 18:37:51.962 29165-29505 ModernMediaScanner      com.cdccreditsmart.app               D  Parsing date without millis failed for [2018]
2026-01-27 18:37:52.027 29165-29363 MediaProvider           com.cdccreditsmart.app               W  isAppCloneUserPair for user 15: false
2026-01-27 18:37:52.031 28707-28707 TamperDetection         com.cdccreditsmart.app               I  
2026-01-27 18:37:52.031 28707-28707 TamperDetection         com.cdccreditsmart.app               I  â•”â•â•â•â•â•â•â•â•â•â•â•â•â•â•â•â•â•â•â•â•â•â•â•â•â•â•â•â•â•â•â•â•â•â•â•â•â•â•â•â•â•â•â•â•â•â•â•â•â•â•â•â•â•â•â•â•â•—
2026-01-27 18:37:52.031 28707-28707 TamperDetection         com.cdccreditsmart.app               I  â•‘    ğŸ“¡ BOOT REPORT ADIADO - AGUARDANDO PAREAMENTO      â•‘
2026-01-27 18:37:52.031 28707-28707 TamperDetection         com.cdccreditsmart.app               I  â• â•â•â•â•â•â•â•â•â•â•â•â•â•â•â•â•â•â•â•â•â•â•â•â•â•â•â•â•â•â•â•â•â•â•â•â•â•â•â•â•â•â•â•â•â•â•â•â•â•â•â•â•â•â•â•â•â•£
2026-01-27 18:37:52.031 28707-28707 TamperDetection         com.cdccreditsmart.app               I  â•‘  â³ Device ainda nÃ£o pareado com contrato              â•‘
2026-01-27 18:37:52.031 28707-28707 TamperDetection         com.cdccreditsmart.app               I  â•‘  â³ Boot serÃ¡ reportado apÃ³s autenticaÃ§Ã£o              â•‘
2026-01-27 18:37:52.032 28707-28707 TamperDetection         com.cdccreditsmart.app               I  â•‘  â„¹ï¸  Isso Ã© comportamento NORMAL antes do pareamento   â•‘
2026-01-27 18:37:52.032 28707-28707 TamperDetection         com.cdccreditsmart.app               I  â•šâ•â•â•â•â•â•â•â•â•â•â•â•â•â•â•â•â•â•â•â•â•â•â•â•â•â•â•â•â•â•â•â•â•â•â•â•â•â•â•â•â•â•â•â•â•â•â•â•â•â•â•â•â•â•â•â•â•
2026-01-27 18:37:52.032 28707-28707 TamperDetection         com.cdccreditsmart.app               I  
2026-01-27 18:37:52.032 28707-28707 BootInterceptor         com.cdccreditsmart.app               I  ========================================
2026-01-27 18:37:52.032 28707-28707 CheckTime               com.cdccreditsmart.app               W  App running slow: Executing com.cdccreditsmart.app.compliance.BootInterceptor onReceive took 260ms
2026-01-27 18:37:52.032 28707-28707 CheckTime               com.cdccreditsmart.app               W  App running slow: Executing com.cdccreditsmart.app.compliance.BootInterceptor scheduleReceive took 344ms
2026-01-27 18:37:52.036 29165-29363 MediaProvider           com.cdccreditsmart.app               W  isAppCloneUserPair for user 15: false
2026-01-27 18:37:52.275 26748-30306 IconProtectionWorker    com.cdccreditsmart.app               D  ğŸ” Verificando proteÃ§Ã£o do Ã­cone...
2026-01-27 18:37:52.349 26748-30306 LauncherIconProtector   com.cdccreditsmart.app               I  ğŸ“Œ Atalho nÃ£o encontrado - criando novo...
2026-01-27 18:37:52.886 26748-30306 LauncherIconProtector   com.cdccreditsmart.app               I  âœ… SolicitaÃ§Ã£o de atalho enviada ao launcher
2026-01-27 18:37:52.888 26748-30306 LauncherIconProtector   com.cdccreditsmart.app               I  ğŸ“Š Ãcone restaurado 1 vezes
2026-01-27 18:37:52.892 26748-30306 IconProtectionWorker    com.cdccreditsmart.app               I  ğŸ“Š EstatÃ­sticas: Ã­cone restaurado 1 vezes
2026-01-27 18:37:52.892 26748-30306 IconProtectionWorker    com.cdccreditsmart.app               D  âœ… VerificaÃ§Ã£o de Ã­cone concluÃ­da
2026-01-27 18:37:52.904 26748-27021 WM-WorkerWrapper        com.cdccreditsmart.app               I  Worker result SUCCESS for Work [ id=4faea89b-b5fa-444d-a5c2-152de2598fbe, tags={ com.cdccreditsmart.app.workers.IconProtectionWorker } ]
2026-01-27 18:37:52.967 29165-29505 ModernMediaScanner      com.cdccreditsmart.app               D  Parsing date with millis failed for [2018]. We will retry without millis
2026-01-27 18:37:52.973 29165-29505 ModernMediaScanner      com.cdccreditsmart.app               D  Parsing date without millis failed for [2018]
2026-01-27 18:37:53.447 28707-28707 NotificationHelper      com.cdccreditsmart.app               D  Notification channel created: cdc_default
2026-01-27 18:37:53.491 28707-28707 NotificationHelper      com.cdccreditsmart.app               D  Notification channel created: cdc_info
2026-01-27 18:37:53.494 28707-28707 NotificationHelper      com.cdccreditsmart.app               D  Notification channel created: cdc_alerts
2026-01-27 18:37:53.498 28707-28707 NotificationHelper      com.cdccreditsmart.app               D  Notification channel created: cdc_payments
2026-01-27 18:37:53.523 28707-28707 NotificationHelper      com.cdccreditsmart.app               D  Notification channel created: cdc_contract
2026-01-27 18:37:53.976 28707-28707 CdcMessagingService     com.cdccreditsmart.app               D  CdcMessagingService created
2026-01-27 18:37:54.028 28707-30493 CdcMessagingService     com.cdccreditsmart.app               D  ========== NEW FCM TOKEN RECEIVED ==========
2026-01-27 18:37:54.028 28707-30493 CdcMessagingService     com.cdccreditsmart.app               D  Token: dat0bBKoRjmhHLpuPQUX...
2026-01-27 18:37:55.395 28707-30493 FcmTokenManager         com.cdccreditsmart.app               D  FCM token saved locally: dat0bBKoRjmhHLpuPQUX...
2026-01-27 18:37:55.409 28707-29079 FcmTokenManager         com.cdccreditsmart.app               D  ========== REGISTERING FCM TOKEN WITH BACKEND ==========
2026-01-27 18:37:55.435 28707-29079 FcmTokenManager         com.cdccreditsmart.app               D  Current FCM token retrieved: dat0bBKoRjmhHLpuPQUX...
2026-01-27 18:37:55.548 28707-29079 FcmTokenManager         com.cdccreditsmart.app               E  Cannot register: Auth token not available
2026-01-27 18:37:55.548 28707-29079 CdcMessagingService     com.cdccreditsmart.app               E  âŒ Failed to register FCM token with backend: User not authenticated
2026-01-27 18:37:55.803 26748-26933 FA                      com.cdccreditsmart.app               I  Application backgrounded at: timestamp_millis: 1769549873753
2026-01-27 18:37:56.176 29165-29505 ModernMediaScanner      com.cdccreditsmart.app               D  Parsing date with millis failed for [2018]. We will retry without millis
2026-01-27 18:37:56.176 29165-29505 ModernMediaScanner      com.cdccreditsmart.app               D  Parsing date without millis failed for [2018]
2026-01-27 18:37:56.659 29165-29505 ModernMediaScanner      com.cdccreditsmart.app               D  Parsing date with millis failed for [2019]. We will retry without millis
2026-01-27 18:37:56.659 29165-29505 ModernMediaScanner      com.cdccreditsmart.app               D  Parsing date without millis failed for [2019]
2026-01-27 18:37:57.514 29165-29505 ModernMediaScanner      com.cdccreditsmart.app               D  Parsing date with millis failed for [2018]. We will retry without millis
2026-01-27 18:37:57.514 29165-29505 ModernMediaScanner      com.cdccreditsmart.app               D  Parsing date without millis failed for [2018]
2026-01-27 18:37:57.783 29165-29505 ModernMediaScanner      com.cdccreditsmart.app               D  Parsing date with millis failed for [2018]. We will retry without millis
2026-01-27 18:37:57.783 29165-29505 ModernMediaScanner      com.cdccreditsmart.app               D  Parsing date without millis failed for [2018]
2026-01-27 18:37:58.664 29165-29505 ModernMediaScanner      com.cdccreditsmart.app               D  Parsing date with millis failed for [2019]. We will retry without millis
2026-01-27 18:37:58.664 29165-29505 ModernMediaScanner      com.cdccreditsmart.app               D  Parsing date without millis failed for [2019]
2026-01-27 18:37:59.593 29165-29505 ModernMediaScanner      com.cdccreditsmart.app               D  Parsing date with millis failed for [2018]. We will retry without millis
2026-01-27 18:37:59.593 29165-29505 ModernMediaScanner      com.cdccreditsmart.app               D  Parsing date without millis failed for [2018]
2026-01-27 18:37:59.653 26748-30956 okhttp.OkHttpClient     com.cdccreditsmart.app               I  --> GET https://cdccreditsmart.com/v1/contract/terms?version=latest
2026-01-27 18:37:59.654 26748-30956 okhttp.OkHttpClient     com.cdccreditsmart.app               I  --> END GET
2026-01-27 18:37:59.659 26748-29326 okhttp.OkHttpClient     com.cdccreditsmart.app               I  --> GET https://cdccreditsmart.com/api/apk/device/860875074339718/commands
2026-01-27 18:37:59.659 26748-29326 okhttp.OkHttpClient     com.cdccreditsmart.app               I  --> END GET
2026-01-27 18:37:59.665 26748-27010 MdmCommandReceiver      com.cdccreditsmart.app               D  ğŸ“¨ Tipo de mensagem: auth_required
2026-01-27 18:37:59.665 26748-27010 MdmCommandReceiver      com.cdccreditsmart.app               W  âš ï¸ ========================================
2026-01-27 18:37:59.665 26748-27010 MdmCommandReceiver      com.cdccreditsmart.app               W  âš ï¸ AUTENTICAÃ‡ÃƒO REQUERIDA PELO SERVIDOR
2026-01-27 18:37:59.665 26748-27010 MdmCommandReceiver      com.cdccreditsmart.app               W  âš ï¸ ========================================
2026-01-27 18:37:59.665 26748-27010 MdmCommandReceiver      com.cdccreditsmart.app               W  âš ï¸ Reenviando mensagem de autenticaÃ§Ã£o...
2026-01-27 18:37:59.669 26748-30102 MdmCommandReceiver      com.cdccreditsmart.app               D  ğŸ“¨ Tipo de mensagem: welcome
2026-01-27 18:37:59.669 26748-30102 MdmCommandReceiver      com.cdccreditsmart.app               D  ğŸ‘‹ Mensagem de boas-vindas do servidor
2026-01-27 18:37:59.685 26748-27013 MdmCommandReceiver      com.cdccreditsmart.app               D  ğŸ“¨ Tipo de mensagem: auth_error
2026-01-27 18:37:59.686 26748-27013 MdmCommandReceiver      com.cdccreditsmart.app               E  âŒ ========================================
2026-01-27 18:37:59.690 26748-27013 MdmCommandReceiver      com.cdccreditsmart.app               E  âŒ ERRO DE AUTENTICAÃ‡ÃƒO WEBSOCKET!
2026-01-27 18:37:59.690 26748-27013 MdmCommandReceiver      com.cdccreditsmart.app               E  âŒ ========================================
2026-01-27 18:37:59.690 26748-27013 MdmCommandReceiver      com.cdccreditsmart.app               E  âŒ Erro: Device not found in system
2026-01-27 18:37:59.690 26748-27013 MdmCommandReceiver      com.cdccreditsmart.app               E  âŒ CÃ³digo: 
2026-01-27 18:37:59.691 26748-27013 MdmCommandReceiver      com.cdccreditsmart.app               W  âš ï¸ Dispositivo nÃ£o encontrado no backend - aguardando sincronizaÃ§Ã£o...
2026-01-27 18:37:59.691 26748-27013 MdmCommandReceiver      com.cdccreditsmart.app               W  âš ï¸ O heartbeat irÃ¡ registrar o dispositivo. Tentando reconexÃ£o em 30s...
2026-01-27 18:37:59.702 26748-27010 SecureTokenStorage      com.cdccreditsmart.app               D  âœ… Usando IMEI para MDM: 8608***718
2026-01-27 18:37:59.983 26748-27010 MdmCommandReceiver      com.cdccreditsmart.app               I  ğŸ” ========================================
2026-01-27 18:37:59.983 26748-27010 MdmCommandReceiver      com.cdccreditsmart.app               I  ğŸ” ENVIANDO AUTENTICAÃ‡ÃƒO WEBSOCKET
2026-01-27 18:37:59.983 26748-27010 MdmCommandReceiver      com.cdccreditsmart.app               I  ğŸ” ========================================
2026-01-27 18:37:59.983 26748-27010 MdmCommandReceiver      com.cdccreditsmart.app               I  ğŸ” serialNumber: 86087507...
2026-01-27 18:37:59.983 26748-27010 MdmCommandReceiver      com.cdccreditsmart.app               I  ğŸ” deviceToken: eyJhbGciOiJIUzI1NiIs...
2026-01-27 18:37:59.983 26748-27010 MdmCommandReceiver      com.cdccreditsmart.app               I  ğŸ” deviceFingerprint: N/A...
2026-01-27 18:37:59.983 26748-27010 MdmCommandReceiver      com.cdccreditsmart.app               I  ğŸ” imei: 8608***
2026-01-27 18:37:59.983 26748-27010 MdmCommandReceiver      com.cdccreditsmart.app               I  ğŸ” androidId: 54194507...
2026-01-27 18:37:59.983 26748-27010 MdmCommandReceiver      com.cdccreditsmart.app               I  ğŸ” apkVersion: 1.0.0-debug
2026-01-27 18:38:00.002 29165-29505 ModernMediaScanner      com.cdccreditsmart.app               D  Parsing date with millis failed for [2018]. We will retry without millis
2026-01-27 18:38:00.002 29165-29505 ModernMediaScanner      com.cdccreditsmart.app               D  Parsing date without millis failed for [2018]
2026-01-27 18:38:00.038 26748-27010 MdmCommandReceiver      com.cdccreditsmart.app               I  âœ… Mensagem de autenticaÃ§Ã£o enviada com sucesso (7 campos)
2026-01-27 18:38:00.911 26748-31024 okhttp.OkHttpClient     com.cdccreditsmart.app               I  --> POST https://cdccreditsmart.com/api/apk/device/heartbeat
2026-01-27 18:38:00.912 26748-31024 okhttp.OkHttpClient     com.cdccreditsmart.app               I  Content-Type: application/json; charset=UTF-8
2026-01-27 18:38:00.917 26748-31024 okhttp.OkHttpClient     com.cdccreditsmart.app               I  Content-Length: 159
2026-01-27 18:38:00.917 26748-31024 okhttp.OkHttpClient     com.cdccreditsmart.app               I  Authorization: Bearer eyJhbGciOiJIUzI1NiIsInR5cCI6IkpXVCJ9.eyJ0eXBlIjoiYXBrIiwiZGV2aWNlSWQiOiJkZXZpY2VfMTc2OTEzNzI4MDI4Ml9sN3NyamVzZzI1IiwiaW1laSI6Ijg2MDg3NTA3NDMzOTcxOCIsInNlcmlhbE51bWJlciI6IlFKM0g0TUtHIiwiaWF0IjoxNzY5NTQ5ODU4LCJleHAiOjE3NzczMjU4NTh9.FZtRcbzRiMV8EI6eXAImJRKkiwwFcja336tbZ8PJXMc
2026-01-27 18:38:00.918 26748-31024 okhttp.OkHttpClient     com.cdccreditsmart.app               I  {"timestamp":1769549870737,"status":"active","batteryLevel":86,"currentBlockLevel":0,"blockedAppsCount":0,"progressiveBlockActive":false,"isManualBlock":false}
2026-01-27 18:38:00.918 26748-31024 okhttp.OkHttpClient     com.cdccreditsmart.app               I  --> END POST (159-byte body)
2026-01-27 18:38:00.919 29165-29505 ModernMediaScanner      com.cdccreditsmart.app               D  Parsing date with millis failed for [2018]. We will retry without millis
2026-01-27 18:38:00.919 29165-29505 ModernMediaScanner      com.cdccreditsmart.app               D  Parsing date without millis failed for [2018]
2026-01-27 18:38:00.933 26748-31023 okhttp.OkHttpClient     com.cdccreditsmart.app               I  --> POST https://cdccreditsmart.com/api/apk/device/heartbeat
2026-01-27 18:38:00.934 26748-31023 okhttp.OkHttpClient     com.cdccreditsmart.app               I  Content-Type: application/json; charset=UTF-8
2026-01-27 18:38:00.934 26748-31023 okhttp.OkHttpClient     com.cdccreditsmart.app               I  Content-Length: 410
2026-01-27 18:38:00.934 26748-31023 okhttp.OkHttpClient     com.cdccreditsmart.app               I  Authorization: Bearer eyJhbGciOiJIUzI1NiIsInR5cCI6IkpXVCJ9.eyJ0eXBlIjoiYXBrIiwiZGV2aWNlSWQiOiJkZXZpY2VfMTc2OTEzNzI4MDI4Ml9sN3NyamVzZzI1IiwiaW1laSI6Ijg2MDg3NTA3NDMzOTcxOCIsInNlcmlhbE51bWJlciI6IlFKM0g0TUtHIiwiaWF0IjoxNzY5NTQ5ODU4LCJleHAiOjE3NzczMjU4NTh9.FZtRcbzRiMV8EI6eXAImJRKkiwwFcja336tbZ8PJXMc
2026-01-27 18:38:00.934 26748-31023 okhttp.OkHttpClient     com.cdccreditsmart.app               I  {"deviceToken":"eyJhbGciOiJIUzI1NiIsInR5cCI6IkpXVCJ9.eyJ0eXBlIjoiYXBrIiwiZGV2aWNlSWQiOiJkZXZpY2VfMTc2OTEzNzI4MDI4Ml9sN3NyamVzZzI1IiwiaW1laSI6Ijg2MDg3NTA3NDMzOTcxOCIsInNlcmlhbE51bWJlciI6IlFKM0g0TUtHIiwiaWF0IjoxNzY5NTQ5ODU4LCJleHAiOjE3NzczMjU4NTh9.FZtRcbzRiMV8EI6eXAImJRKkiwwFcja336tbZ8PJXMc","currentBlockLevel":0,"batteryLevel":86,"isCharging":true,"currentSimImei":"860875074339718","timestamp":1769549868012}
2026-01-27 18:38:00.934 26748-31023 okhttp.OkHttpClient     com.cdccreditsmart.app               I  --> END POST (410-byte body)
2026-01-27 18:38:01.666 29165-29505 ModernMediaScanner      com.cdccreditsmart.app               D  Parsing date with millis failed for [2019]. We will retry without millis
2026-01-27 18:38:01.667 29165-29505 ModernMediaScanner      com.cdccreditsmart.app               D  Parsing date without millis failed for [2019]
2026-01-27 18:38:01.678 26748-30111 MdmCommandReceiver      com.cdccreditsmart.app               D  ğŸ“¥ Mensagem MDM recebida: {"type":"auth_error","message":"Device not found in system","timestamp":"2026-01-27T21:37:59.846Z"}
2026-01-27 18:38:01.685 26748-29326 okhttp.OkHttpClient     com.cdccreditsmart.app               I  <-- 200 https://cdccreditsmart.com/api/apk/device/860875074339718/commands (2025ms)
2026-01-27 18:38:01.685 26748-27009 MdmCommandReceiver      com.cdccreditsmart.app               D  ğŸ“¥ JSON recebido: {"type":"auth_error","message":"Device not found in system","timestamp":"2026-01-27T21:37:59.846Z"}
2026-01-27 18:38:01.685 26748-29326 okhttp.OkHttpClient     com.cdccreditsmart.app               I  access-control-allow-credentials: true
2026-01-27 18:38:01.686 26748-29326 okhttp.OkHttpClient     com.cdccreditsmart.app               I  access-control-allow-headers: Origin, X-Requested-With, Content-Type, Accept, Authorization, x-client-key, x-client-token, x-client-secret, cache-control
2026-01-27 18:38:01.686 26748-29326 okhttp.OkHttpClient     com.cdccreditsmart.app               I  access-control-allow-methods: GET, POST, PUT, PATCH, DELETE, OPTIONS
2026-01-27 18:38:01.686 26748-29326 okhttp.OkHttpClient     com.cdccreditsmart.app               I  access-control-allow-origin: *
2026-01-27 18:38:01.686 26748-27009 MdmCommandReceiver      com.cdccreditsmart.app               D  ğŸ“¨ Tipo de mensagem: auth_error
2026-01-27 18:38:01.686 26748-27009 MdmCommandReceiver      com.cdccreditsmart.app               E  âŒ ========================================
2026-01-27 18:38:01.686 26748-27009 MdmCommandReceiver      com.cdccreditsmart.app               E  âŒ ERRO DE AUTENTICAÃ‡ÃƒO WEBSOCKET!
2026-01-27 18:38:01.686 26748-27009 MdmCommandReceiver      com.cdccreditsmart.app               E  âŒ ========================================
2026-01-27 18:38:01.686 26748-27009 MdmCommandReceiver      com.cdccreditsmart.app               E  âŒ Erro: Device not found in system
2026-01-27 18:38:01.686 26748-27009 MdmCommandReceiver      com.cdccreditsmart.app               E  âŒ CÃ³digo: 
2026-01-27 18:38:01.686 26748-27009 MdmCommandReceiver      com.cdccreditsmart.app               W  âš ï¸ Dispositivo nÃ£o encontrado no backend - aguardando sincronizaÃ§Ã£o...
2026-01-27 18:38:01.686 26748-27009 MdmCommandReceiver      com.cdccreditsmart.app               W  âš ï¸ O heartbeat irÃ¡ registrar o dispositivo. Tentando reconexÃ£o em 30s...
2026-01-27 18:38:01.687 26748-29326 okhttp.OkHttpClient     com.cdccreditsmart.app               I  access-control-max-age: 86400
2026-01-27 18:38:01.687 26748-29326 okhttp.OkHttpClient     com.cdccreditsmart.app               I  content-length: 104
2026-01-27 18:38:01.687 26748-29326 okhttp.OkHttpClient     com.cdccreditsmart.app               I  content-security-policy: default-src 'self'; script-src 'self' 'unsafe-inline' 'unsafe-eval' https://replit.com; style-src 'self' 'unsafe-inline' https://replit.com; img-src 'self' data: https:; font-src 'self' data: https://replit.com; connect-src 'self';
2026-01-27 18:38:01.687 26748-29326 okhttp.OkHttpClient     com.cdccreditsmart.app               I  content-type: application/json; charset=utf-8
2026-01-27 18:38:01.688 26748-29326 okhttp.OkHttpClient     com.cdccreditsmart.app               I  date: Tue, 27 Jan 2026 21:37:59 GMT
2026-01-27 18:38:01.688 26748-29326 okhttp.OkHttpClient     com.cdccreditsmart.app               I  etag: W/"68-1BzkVNqHEsu0XlMenwYbbDRd04w"
2026-01-27 18:38:01.689 26748-29326 okhttp.OkHttpClient     com.cdccreditsmart.app               I  permissions-policy: geolocation=(), microphone=(), camera=()
2026-01-27 18:38:01.689 26748-29326 okhttp.OkHttpClient     com.cdccreditsmart.app               I  referrer-policy: strict-origin-when-cross-origin
2026-01-27 18:38:01.689 26748-29326 okhttp.OkHttpClient     com.cdccreditsmart.app               I  strict-transport-security: max-age=63072000; includeSubDomains
2026-01-27 18:38:01.690 26748-29326 okhttp.OkHttpClient     com.cdccreditsmart.app               I  strict-transport-security: max-age=31536000; includeSubDomains
2026-01-27 18:38:01.690 26748-29326 okhttp.OkHttpClient     com.cdccreditsmart.app               I  x-anti-fraud-protection: active
2026-01-27 18:38:01.690 26748-29326 okhttp.OkHttpClient     com.cdccreditsmart.app               I  x-certificate-pinning-enabled: false
2026-01-27 18:38:01.690 26748-29326 okhttp.OkHttpClient     com.cdccreditsmart.app               I  x-certificate-pinning-status: disabled-for-stability
2026-01-27 18:38:01.691 26748-29326 okhttp.OkHttpClient     com.cdccreditsmart.app               I  x-content-type-options: nosniff
2026-01-27 18:38:01.691 26748-29326 okhttp.OkHttpClient     com.cdccreditsmart.app               I  x-financial-data-protection: enabled
2026-01-27 18:38:01.691 26748-29326 okhttp.OkHttpClient     com.cdccreditsmart.app               I  x-frame-options: DENY
2026-01-27 18:38:01.691 26748-29326 okhttp.OkHttpClient     com.cdccreditsmart.app               I  x-transaction-security-level: maximum
2026-01-27 18:38:01.691 26748-29326 okhttp.OkHttpClient     com.cdccreditsmart.app               I  x-xss-protection: 1; mode=block
2026-01-27 18:38:01.691 26748-29326 okhttp.OkHttpClient     com.cdccreditsmart.app               I  via: 1.1 google
2026-01-27 18:38:01.692 26748-29326 okhttp.OkHttpClient     com.cdccreditsmart.app               I  alt-svc: h3=":443"; ma=2592000,h3-29=":443"; ma=2592000
2026-01-27 18:38:01.694 26748-29326 okhttp.OkHttpClient     com.cdccreditsmart.app               I  {"deviceId":"device_1769137280282_l7srjesg25","serialNumber":"QJ3H4MKG","commandsCount":0,"commands":[]}
2026-01-27 18:38:01.694 26748-29326 okhttp.OkHttpClient     com.cdccreditsmart.app               I  <-- END HTTP (104-byte body)
2026-01-27 18:38:01.702 26748-27010 MdmCommandReceiver      com.cdccreditsmart.app               I  ğŸ” HTTP Response code: 200
2026-01-27 18:38:01.702 26748-27010 MdmCommandReceiver      com.cdccreditsmart.app               I  ğŸ” HTTP isSuccessful: true
2026-01-27 18:38:01.703 26748-27010 MdmCommandReceiver      com.cdccreditsmart.app               I  ğŸ” Response body deviceId: device_1769137280282_l7srjesg25
2026-01-27 18:38:01.703 26748-27010 MdmCommandReceiver      com.cdccreditsmart.app               I  ğŸ” Response body serialNumber: QJ3H4MKG
2026-01-27 18:38:01.703 26748-27010 MdmCommandReceiver      com.cdccreditsmart.app               I  ğŸ” Total de comandos: 0
2026-01-27 18:38:01.706 26748-27010 MdmCommandReceiver      com.cdccreditsmart.app               D  âœ… Nenhum comando pendente no servidor
2026-01-27 18:38:01.707 26748-27010 MdmCommandReceiver      com.cdccreditsmart.app               D  ğŸ“Š Fetch duration: 13672ms
2026-01-27 18:38:01.707 26748-27010 MdmCommandReceiver      com.cdccreditsmart.app               I  ğŸ” [Polling #1] Verificando comandos pendentes...
2026-01-27 18:38:01.717 26748-27010 SecureTokenStorage      com.cdccreditsmart.app               D  âœ… Usando IMEI para MDM: 8608***718
2026-01-27 18:38:01.717 26748-27010 MdmCommandReceiver      com.cdccreditsmart.app               I  ğŸ” ========================================
2026-01-27 18:38:01.717 26748-27010 MdmCommandReceiver      com.cdccreditsmart.app               I  ğŸ” BUSCANDO COMANDOS PENDENTES
2026-01-27 18:38:01.717 26748-27010 MdmCommandReceiver      com.cdccreditsmart.app               I  ğŸ” ========================================
2026-01-27 18:38:01.717 26748-27010 MdmCommandReceiver      com.cdccreditsmart.app               I  ğŸ” Identifier: 860875074339718
2026-01-27 18:38:01.717 26748-27010 MdmCommandReceiver      com.cdccreditsmart.app               I  ğŸ” Endpoint: GET /api/apk/device/860875074339718/commands
2026-01-27 18:38:01.720 26748-27010 MdmCommandReceiver      com.cdccreditsmart.app               D  ğŸ” Executando requisiÃ§Ã£o HTTP (timeout: 15s)...
2026-01-27 18:38:01.739 26748-29326 okhttp.OkHttpClient     com.cdccreditsmart.app               I  --> GET https://cdccreditsmart.com/api/apk/device/860875074339718/commands
2026-01-27 18:38:01.740 26748-29326 okhttp.OkHttpClient     com.cdccreditsmart.app               I  --> END GET
2026-01-27 18:38:03.091 29165-29505 ModernMediaScanner      com.cdccreditsmart.app               D  Parsing date with millis failed for [2018]. We will retry without millis
2026-01-27 18:38:03.091 29165-29505 ModernMediaScanner      com.cdccreditsmart.app               D  Parsing date without millis failed for [2018]
2026-01-27 18:38:03.346 29165-29505 ModernMediaScanner      com.cdccreditsmart.app               D  Parsing date with millis failed for [2018]. We will retry without millis
2026-01-27 18:38:03.346 29165-29505 ModernMediaScanner      com.cdccreditsmart.app               D  Parsing date without millis failed for [2018]
2026-01-27 18:38:04.011 29165-29505 ModernMediaScanner      com.cdccreditsmart.app               D  Parsing date with millis failed for [2018]. We will retry without millis
2026-01-27 18:38:04.013 29165-29505 ModernMediaScanner      com.cdccreditsmart.app               D  Parsing date without millis failed for [2018]
2026-01-27 18:38:04.079 26748-30956 okhttp.OkHttpClient     com.cdccreditsmart.app               I  <-- 200 https://cdccreditsmart.com/v1/contract/terms?version=latest (4425ms)
2026-01-27 18:38:04.079 26748-30956 okhttp.OkHttpClient     com.cdccreditsmart.app               I  access-control-allow-credentials: true
2026-01-27 18:38:04.079 26748-30956 okhttp.OkHttpClient     com.cdccreditsmart.app               I  access-control-allow-headers: Origin, X-Requested-With, Content-Type, Accept, Authorization, x-client-key, x-client-token, x-client-secret, cache-control
2026-01-27 18:38:04.079 26748-30956 okhttp.OkHttpClient     com.cdccreditsmart.app               I  access-control-allow-methods: GET, POST, PUT, PATCH, DELETE, OPTIONS
2026-01-27 18:38:04.079 26748-30956 okhttp.OkHttpClient     com.cdccreditsmart.app               I  access-control-allow-origin: *
2026-01-27 18:38:04.080 26748-30956 okhttp.OkHttpClient     com.cdccreditsmart.app               I  access-control-max-age: 86400
2026-01-27 18:38:04.080 26748-30956 okhttp.OkHttpClient     com.cdccreditsmart.app               I  content-length: 44554
2026-01-27 18:38:04.080 26748-30956 okhttp.OkHttpClient     com.cdccreditsmart.app               I  content-security-policy: default-src 'self'; script-src 'self' 'unsafe-inline' 'unsafe-eval' https://replit.com; style-src 'self' 'unsafe-inline' https://replit.com; img-src 'self' data: https:; font-src 'self' data: https://replit.com; connect-src 'self';
2026-01-27 18:38:04.080 26748-30956 okhttp.OkHttpClient     com.cdccreditsmart.app               I  content-type: application/json; charset=utf-8
2026-01-27 18:38:04.080 26748-30956 okhttp.OkHttpClient     com.cdccreditsmart.app               I  date: Tue, 27 Jan 2026 21:38:00 GMT
2026-01-27 18:38:04.080 26748-30956 okhttp.OkHttpClient     com.cdccreditsmart.app               I  etag: W/"ae0a-le6yW/ZqQJvxrk2ukKu8dB/cTTE"
2026-01-27 18:38:04.080 26748-30956 okhttp.OkHttpClient     com.cdccreditsmart.app               I  permissions-policy: geolocation=(), microphone=(), camera=()
2026-01-27 18:38:04.080 26748-30956 okhttp.OkHttpClient     com.cdccreditsmart.app               I  referrer-policy: strict-origin-when-cross-origin
2026-01-27 18:38:04.080 26748-30956 okhttp.OkHttpClient     com.cdccreditsmart.app               I  strict-transport-security: max-age=63072000; includeSubDomains
2026-01-27 18:38:04.080 26748-30956 okhttp.OkHttpClient     com.cdccreditsmart.app               I  strict-transport-security: max-age=31536000; includeSubDomains
2026-01-27 18:38:04.080 26748-30956 okhttp.OkHttpClient     com.cdccreditsmart.app               I  x-anti-fraud-protection: active
2026-01-27 18:38:04.081 26748-30956 okhttp.OkHttpClient     com.cdccreditsmart.app               I  x-certificate-pinning-enabled: false
2026-01-27 18:38:04.081 26748-30956 okhttp.OkHttpClient     com.cdccreditsmart.app               I  x-certificate-pinning-status: disabled-for-stability
2026-01-27 18:38:04.081 26748-30956 okhttp.OkHttpClient     com.cdccreditsmart.app               I  x-content-type-options: nosniff
2026-01-27 18:38:04.081 26748-30956 okhttp.OkHttpClient     com.cdccreditsmart.app               I  x-financial-data-protection: enabled
2026-01-27 18:38:04.081 26748-30956 okhttp.OkHttpClient     com.cdccreditsmart.app               I  x-frame-options: DENY
2026-01-27 18:38:04.081 26748-30956 okhttp.OkHttpClient     com.cdccreditsmart.app               I  x-transaction-security-level: maximum
2026-01-27 18:38:04.081 26748-30956 okhttp.OkHttpClient     com.cdccreditsmart.app               I  x-xss-protection: 1; mode=block
2026-01-27 18:38:04.081 26748-30956 okhttp.OkHttpClient     com.cdccreditsmart.app               I  via: 1.1 google
2026-01-27 18:38:04.081 26748-30956 okhttp.OkHttpClient     com.cdccreditsmart.app               I  alt-svc: h3=":443"; ma=2592000,h3-29=":443"; ma=2592000
2026-01-27 18:38:04.193 29165-29505 ModernMediaScanner      com.cdccreditsmart.app               D  Parsing date with millis failed for [2018]. We will retry without millis
2026-01-27 18:38:04.193 29165-29505 ModernMediaScanner      com.cdccreditsmart.app               D  Parsing date without millis failed for [2018]
2026-01-27 18:38:04.905 29165-29505 ModernMediaScanner      com.cdccreditsmart.app               D  Parsing date with millis failed for [2018]. We will retry without millis
2026-01-27 18:38:04.905 29165-29505 ModernMediaScanner      com.cdccreditsmart.app               D  Parsing date without millis failed for [2018]
2026-01-27 18:38:06.955 29165-29505 ModernMediaScanner      com.cdccreditsmart.app               D  Parsing date with millis failed for [2018]. We will retry without millis
2026-01-27 18:38:06.975 29165-29505 ModernMediaScanner      com.cdccreditsmart.app               D  Parsing date without millis failed for [2018]
2026-01-27 18:38:07.765 26748-31024 okhttp.OkHttpClient     com.cdccreditsmart.app               I  <-- 200 https://cdccreditsmart.com/api/apk/device/heartbeat (6847ms)
2026-01-27 18:38:07.766 26748-31024 okhttp.OkHttpClient     com.cdccreditsmart.app               I  access-control-allow-credentials: true
2026-01-27 18:38:07.766 26748-31024 okhttp.OkHttpClient     com.cdccreditsmart.app               I  access-control-allow-headers: Origin, X-Requested-With, Content-Type, Accept, Authorization, x-client-key, x-client-token, x-client-secret, cache-control
2026-01-27 18:38:07.766 26748-31024 okhttp.OkHttpClient     com.cdccreditsmart.app               I  access-control-allow-methods: GET, POST, PUT, PATCH, DELETE, OPTIONS
2026-01-27 18:38:07.767 26748-31024 okhttp.OkHttpClient     com.cdccreditsmart.app               I  access-control-allow-origin: *
2026-01-27 18:38:07.767 26748-31024 okhttp.OkHttpClient     com.cdccreditsmart.app               I  access-control-max-age: 86400
2026-01-27 18:38:07.767 26748-31024 okhttp.OkHttpClient     com.cdccreditsmart.app               I  content-length: 328
2026-01-27 18:38:07.767 26748-31024 okhttp.OkHttpClient     com.cdccreditsmart.app               I  content-security-policy: default-src 'self'; script-src 'self' 'unsafe-inline' 'unsafe-eval' https://replit.com; style-src 'self' 'unsafe-inline' https://replit.com; img-src 'self' data: https:; font-src 'self' data: https://replit.com; connect-src 'self';
2026-01-27 18:38:07.767 26748-31024 okhttp.OkHttpClient     com.cdccreditsmart.app               I  content-type: application/json; charset=utf-8
2026-01-27 18:38:07.767 26748-31024 okhttp.OkHttpClient     com.cdccreditsmart.app               I  date: Tue, 27 Jan 2026 21:38:01 GMT
2026-01-27 18:38:07.768 26748-31024 okhttp.OkHttpClient     com.cdccreditsmart.app               I  etag: W/"148-W5J1oUTiXm4EEqWTCSllQ09Pt1c"
2026-01-27 18:38:07.768 26748-31024 okhttp.OkHttpClient     com.cdccreditsmart.app               I  permissions-policy: geolocation=(), microphone=(), camera=()
2026-01-27 18:38:07.768 26748-31024 okhttp.OkHttpClient     com.cdccreditsmart.app               I  referrer-policy: strict-origin-when-cross-origin
2026-01-27 18:38:07.768 26748-31024 okhttp.OkHttpClient     com.cdccreditsmart.app               I  strict-transport-security: max-age=63072000; includeSubDomains
2026-01-27 18:38:07.768 26748-31024 okhttp.OkHttpClient     com.cdccreditsmart.app               I  strict-transport-security: max-age=31536000; includeSubDomains
2026-01-27 18:38:07.769 26748-31024 okhttp.OkHttpClient     com.cdccreditsmart.app               I  x-anti-fraud-protection: active
2026-01-27 18:38:07.769 26748-31024 okhttp.OkHttpClient     com.cdccreditsmart.app               I  x-certificate-pinning-enabled: false
2026-01-27 18:38:07.769 26748-31024 okhttp.OkHttpClient     com.cdccreditsmart.app               I  x-certificate-pinning-status: disabled-for-stability
2026-01-27 18:38:07.769 26748-31024 okhttp.OkHttpClient     com.cdccreditsmart.app               I  x-content-type-options: nosniff
2026-01-27 18:38:07.769 26748-31024 okhttp.OkHttpClient     com.cdccreditsmart.app               I  x-financial-data-protection: enabled
2026-01-27 18:38:07.769 26748-31024 okhttp.OkHttpClient     com.cdccreditsmart.app               I  x-frame-options: DENY
2026-01-27 18:38:07.770 26748-31024 okhttp.OkHttpClient     com.cdccreditsmart.app               I  x-transaction-security-level: maximum
2026-01-27 18:38:07.770 26748-31024 okhttp.OkHttpClient     com.cdccreditsmart.app               I  x-xss-protection: 1; mode=block
2026-01-27 18:38:07.770 26748-31024 okhttp.OkHttpClient     com.cdccreditsmart.app               I  via: 1.1 google
2026-01-27 18:38:07.770 26748-31024 okhttp.OkHttpClient     com.cdccreditsmart.app               I  alt-svc: h3=":443"; ma=2592000,h3-29=":443"; ma=2592000
2026-01-27 18:38:07.774 26748-31024 okhttp.OkHttpClient     com.cdccreditsmart.app               I  {"success":true,"requiresBackendRevalidation":false,"phoneNumbersProcessed":false,"complianceStatus":"OK","expectedBlockLevel":0,"message":"Device compliant","complianceConfig":{"maxComplianceCorrections":3,"correctionWindowMinutes":30,"autoBlockOnLimitReached":true,"enableDetailedTelemetry":true,"telemetryIntervalMinutes":5}}
2026-01-27 18:38:07.774 26748-31024 okhttp.OkHttpClient     com.cdccreditsmart.app               I  <-- END HTTP (328-byte body)
2026-01-27 18:38:07.786 26748-29326 okhttp.OkHttpClient     com.cdccreditsmart.app               I  <-- 200 https://cdccreditsmart.com/api/apk/device/860875074339718/commands (6046ms)
2026-01-27 18:38:07.786 26748-29326 okhttp.OkHttpClient     com.cdccreditsmart.app               I  access-control-allow-credentials: true
2026-01-27 18:38:07.786 26748-29326 okhttp.OkHttpClient     com.cdccreditsmart.app               I  access-control-allow-headers: Origin, X-Requested-With, Content-Type, Accept, Authorization, x-client-key, x-client-token, x-client-secret, cache-control
2026-01-27 18:38:07.787 26748-29326 okhttp.OkHttpClient     com.cdccreditsmart.app               I  access-control-allow-methods: GET, POST, PUT, PATCH, DELETE, OPTIONS
2026-01-27 18:38:07.787 26748-29326 okhttp.OkHttpClient     com.cdccreditsmart.app               I  access-control-allow-origin: *
2026-01-27 18:38:07.787 26748-29326 okhttp.OkHttpClient     com.cdccreditsmart.app               I  access-control-max-age: 86400
2026-01-27 18:38:07.787 26748-29326 okhttp.OkHttpClient     com.cdccreditsmart.app               I  content-length: 104
2026-01-27 18:38:07.799 26748-31023 okhttp.OkHttpClient     com.cdccreditsmart.app               I  <-- 200 https://cdccreditsmart.com/api/apk/device/heartbeat (6864ms)
2026-01-27 18:38:07.800 26748-31023 okhttp.OkHttpClient     com.cdccreditsmart.app               I  access-control-allow-credentials: true
