                                                                                                    	at flpg.q(PG:104)
                                                                                                    	at flpg.g(PG:111)
                                                                                                    	at floz.run(PG:214)
                                                                                                    	at fags.run(PG:24)
                                                                                                    	at floz.run(PG:162)
                                                                                                    	at fkdo.run(PG:3)
                                                                                                    	at fkdp.run(PG:76) 
                                                                                                    	at fkbn.execute(PG:1) 
                                                                                                    	at flpe.execute(PG:3) 
                                                                                                    	at fkdq.execute(PG:36) 
                                                                                                    	at flox.execute(PG:11) 
                                                                                                    	at fjzt.h(PG:1) 
                                                                                                    	at fjzt.l(PG:95) 
                                                                                                    	at fjzt.n(PG:15) 
                                                                                                    	at fkbk.c(PG:3) 
                                                                                                    	at fkbl.e(PG:6) 
                                                                                                    	at fkcz.run(PG:73) 
                                                                                                    	at fkbn.execute(PG:1) 
                                                                                                    	at fkbl.f(PG:3) 
                                                                                                    	at fkbm.h(PG:5) 
                                                                                                    	at fkab.g(PG:53) 
                                                                                                    	at fkaa.run(PG:5) 
                                                                                                    	at fkbn.execute(PG:1) 
                                                                                                    	at fjzt.h(PG:1) 
                                                                                                    	at fjzt.l(PG:95) 
                                                                                                    	at fjzt.n(PG:15) 
                                                                                                    	at fkbk.c(PG:3) 
                                                                                                    	at fkbl.e(PG:6) 
                                                                                                    	at fkcz.run(PG:73) 
                                                                                                    	at fkbn.execute(PG:1) 
                                                                                                    	at fkbl.f(PG:3) 
                                                                                                    	at fkbm.h(PG:5) 
                                                                                                    	at fkab.g(PG:53) 
                                                                                                    	at fkab.r(PG:18) 
                                                                                                    	at fjzz.run(PG:7) 
                                                                                                    	at fkbn.execute(PG:1) 
                                                                                                    	at fjzt.h(PG:1) 
                                                                                                    	at fjzt.l(PG:95) 
                                                                                                    	at fjzt.n(PG:15) 
                                                                                                    	at fkbk.c(PG:3) 
                                                                                                    	at fkbl.e(PG:6) 
                                                                                                    	at fkcz.run(PG:73) 
                                                                                                    	at fkbn.execute(PG:1) 
                                                                                                    	at fkbl.f(PG:3) 
                                                                                                    	at fkbm.h(PG:5) 
                                                                                                    	at fkab.g(PG:53) 
                                                                                                    	at fkab.r(PG:18) 
                                                                                                    	at fjzz.run(PG:7) 
                                                                                                    	at fkbn.execute(PG:1) 
                                                                                                    	at fjzt.h(PG:1) 
                                                                                                    	at fjzt.l(PG:95) 
                                                                                                    	at fjzt.n(PG:15) 
                                                                                                    	at fjzx.f(PG:1) 
                                                                                                    	at fjzy.run(PG:44) 
                                                                                                    	at fkbn.execute(PG:1) 
                                                                                                    	at fjzt.h(PG:1) 
                                                                                                    	at fjzt.l(PG:95) 
                                                                                                    	at fjzt.n(PG:15) 
                                                                                                    	at fjzx.f(PG:1) 
                                                                                                    	at fjzy.run(PG:44) 
                                                                                                    	at fkbn.execute(PG:1) 
                                                                                                    	at fjzt.h(PG:1) 
                                                                                                    	at fjzt.l(PG:95) 
                                                                                                    	at fjzt.n(PG:15) 
                                                                                                    	at fkdy.e(PG:3) 
                                                                                                    	at fkcz.run(PG:73) 
                                                                                                    	at fkdz.run(PG:5) 
                                                                                                    	at djth.run(PG:3) 
                                                                                                    	at java.util.concurrent.ThreadPoolExecutor.runWorker(ThreadPoolExecutor.java:1145) 
                                                                                                    	at java.util.concurrent.ThreadPoolExecutor$Worker.run(ThreadPoolExecutor.java:644) 
                                                                                                    	at djtc.run(PG:10) 
                                                                                                    	at java.lang.Thread.run(Thread.java:1012) 
                                                                                                    	at djum.run(PG:74) 
2026-01-23 00:09:37.225  5295-5295  Compatibil...geReporter pid-5295                             D  Compat change id reported: 183155436; UID 10159; state: ENABLED
2026-01-23 00:09:37.230  5062-5417  ProfileInstaller        pid-5062                             D  Installing profile for com.facebook.appmanager
2026-01-23 00:09:37.253  1239-2107  ConnectivityService     pid-1239                             D  NetReassign [no changes] [c 1] [a 0] [i 4]
2026-01-23 00:09:37.264  5295-5295  WM-PackageManagerHelper pid-5295                             D  Skipping component enablement for androidx.work.impl.background.systemjob.SystemJobService
2026-01-23 00:09:37.264  5295-5295  WM-Schedulers           pid-5295                             D  Created SystemJobScheduler and enabled SystemJobService
2026-01-23 00:09:37.265  5295-5323  WM-ForceStopRunnable    pid-5295                             D  Is default app process = true
2026-01-23 00:09:37.267  5295-5323  WM-ForceStopRunnable    pid-5295                             D  Performing cleanup operations.
2026-01-23 00:09:37.272  1239-1300  PackageManager          pid-1239                             D  Package verification : verificationId = 17, streaming is false
2026-01-23 00:09:37.296  5295-5323  WM-SystemJobScheduler   pid-5295                             D  Reconciling jobs
2026-01-23 00:09:37.309  5295-5323  Compatibil...geReporter pid-5295                             D  Compat change id reported: 160794467; UID 10159; state: ENABLED
2026-01-23 00:09:37.312  5295-5323  WM-ForceStopRunnable    pid-5295                             D  Found unfinished work, scheduling it.
2026-01-23 00:09:37.323   824-824   enhanceHAL              pid-824                              D  sunlightRead: current ambient = 18
2026-01-23 00:09:37.329  5295-5323  Compatibil...geReporter pid-5295                             D  Compat change id reported: 194532703; UID 10159; state: ENABLED
2026-01-23 00:09:37.330  5295-5323  Compatibil...geReporter pid-5295                             D  Compat change id reported: 253665015; UID 10159; state: ENABLED
2026-01-23 00:09:37.330  5295-5323  WM-SystemJobScheduler   pid-5295                             D  Scheduling work ID ef5e25b4-2fd1-44d2-90ed-80b0ab953d26Job ID 3
2026-01-23 00:09:37.331  1239-3742  Compatibil...geReporter pid-1239                             D  Compat change id reported: 253665015; UID 10159; state: ENABLED
2026-01-23 00:09:37.331  1239-3742  Compatibil...geReporter pid-1239                             D  Compat change id reported: 194532703; UID 10159; state: ENABLED
2026-01-23 00:09:37.335  5295-5328  elqm                    pid-5295                             W  Couldn't calculate ClientInstanceId, no account name
2026-01-23 00:09:37.337  5295-5323  WM-SystemJobScheduler   pid-5295                             D  Scheduling work ID 86ca5895-ed7f-4c6a-afee-6b971cf268baJob ID 9
2026-01-23 00:09:37.343  5295-5323  WM-SystemJobScheduler   pid-5295                             D  Scheduling work ID d6abf357-2f19-4429-ae08-fba1fd4c045dJob ID 16
2026-01-23 00:09:37.349  5295-5323  WM-SystemJobScheduler   pid-5295                             D  Scheduling work ID e47535b4-cf90-4869-bf35-95c9a9b9b40dJob ID 17
2026-01-23 00:09:37.350  1239-3742  Compatibil...geReporter pid-1239                             D  Compat change id reported: 271850009; UID 10159; state: ENABLED
2026-01-23 00:09:37.350  5295-5295  cicb                    pid-5295                             I  No savedInstanceState.
2026-01-23 00:09:37.350  5295-5295  cicb                    pid-5295                             I  makeRequest: subscribing to new source
2026-01-23 00:09:37.355  5295-5323  WM-SystemJobScheduler   pid-5295                             D  Scheduling work ID 5757e972-ac43-4524-87de-372ce7b4cd47Job ID 18
2026-01-23 00:09:37.360  5295-5295  ernb                    pid-5295                             I  OnCreate Was Called
2026-01-23 00:09:37.361  5295-5323  WM-SystemJobScheduler   pid-5295                             D  Scheduling work ID a3badf41-4860-4fdb-b246-b5398fd241daJob ID 21
2026-01-23 00:09:37.366  5295-5323  WM-SystemJobScheduler   pid-5295                             D  Scheduling work ID fd6b0cb7-1272-4352-b17c-2efd0dc59178Job ID 20
2026-01-23 00:09:37.367  5295-5295  PromoManagerDataService pid-5295                             I  PromoManagerDataServiceImpl.getMinusOnePromotion
2026-01-23 00:09:37.368  5295-5295  dtsk                    pid-5295                             I  (REDACTED) onViewAttachedToWindow self=%s, view=%s
2026-01-23 00:09:37.374  5295-5323  WM-SystemJobScheduler   pid-5295                             D  Scheduling work ID 40803e52-2a46-400c-aa76-c241bc9f11bfJob ID 23
2026-01-23 00:09:37.378  5295-5323  WM-SystemJobScheduler   pid-5295                             D  Scheduling work ID 162909ed-117b-4e6d-bb85-a6607250e0d0Job ID 4
2026-01-23 00:09:37.390  5295-5303  earchbox:search         pid-5295                             I  JIT allocated 52KB for compiled code of java.lang.Object rmp.e()
2026-01-23 00:09:37.390  5295-5323  WM-SystemJobScheduler   pid-5295                             D  Scheduling work ID e452e39f-f417-4de2-85c6-8d1652361c5dJob ID 25
2026-01-23 00:09:37.397  5295-5323  WM-SystemJobScheduler   pid-5295                             D  Scheduling work ID 080a5c06-b355-46d9-8f36-27bea5d06a1aJob ID 26
2026-01-23 00:09:37.403  5295-5323  WM-SystemJobScheduler   pid-5295                             D  Scheduling work ID 7e6bc7ed-35e4-4164-a10c-ea16e1f88224Job ID 30
2026-01-23 00:09:37.410  5295-5323  WM-SystemJobScheduler   pid-5295                             D  Scheduling work ID 5653e3fb-ae15-456a-8bbd-d85caf01e6d1Job ID 5
2026-01-23 00:09:37.416  5295-5323  WM-SystemJobScheduler   pid-5295                             D  Scheduling work ID f807ce89-6c7f-4106-8020-876465f23f56Job ID 7
2026-01-23 00:09:37.420  5295-5323  WM-SystemJobScheduler   pid-5295                             D  Scheduling work ID a3bd3404-883c-4028-b1ee-d2f980b4e26eJob ID 31
2026-01-23 00:09:37.426  5295-5323  WM-SystemJobScheduler   pid-5295                             D  Scheduling work ID 154be695-53d6-45f5-85df-1519bd44bff9Job ID 32
2026-01-23 00:09:37.427  1239-3742  AppStartupManager       pid-1239                             D  error happend in shouldPreventStartService:checkStartupLimit
2026-01-23 00:09:37.429  1239-2425  PowerController.RecogA  pid-1239                             D  packageName:com.google.android.gms mFgEvent:APP_COMPONENT_USED mLastTimeFgEventChanged:6497405 mLastLaunchTime:1132062 mProcState:PROCESS_STATE_CACHED_EMPTY mLastTimeProcStateChanged:0 mNotificationState:0 mLastTimeNotificationStateChanged:0 mAudioState:0 mLastTimeAudioStateChanged:0 mRequestGps:true mAvoidConstraintGps:false mBehaviorType:0 mScreenOn:true mLastTimeScreenStateChanged:6091770 mLastBgTime:1132736 mFgDuration:73537 mAudioDuration:0 mBgAudioDuration:0 mHasNoClearNotificationWhenNavi:false
2026-01-23 00:09:37.432  5295-5323  WM-GreedyScheduler      pid-5295                             D  Ignoring {WorkSpec: 40803e52-2a46-400c-aa76-c241bc9f11bf}. Requires device idle.
2026-01-23 00:09:37.433 30309-30309 BoundBrokerSvc          pid-30309                            D  onBind: Intent { act=com.google.android.gms.cobalt.api.CobaltLoggerApiService.START dat=chimera-action:/... cmp=com.google.android.gms/.chimera.GmsApiService }
2026-01-23 00:09:37.433 30309-30309 BoundBrokerSvc          pid-30309                            D  Loading bound service for intent: Intent { act=com.google.android.gms.cobalt.api.CobaltLoggerApiService.START dat=chimera-action:/... cmp=com.google.android.gms/.chimera.GmsApiService }
2026-01-23 00:09:37.440  5295-5323  WM-PackageManagerHelper pid-5295                             D  Skipping component enablement for androidx.work.impl.background.systemalarm.RescheduleReceiver
2026-01-23 00:09:37.457  1239-5479  AppStartupManager       pid-1239                             D  error happend in shouldPreventStartService:checkStartupLimit
2026-01-23 00:09:37.460 30309-30309 BoundBrokerSvc          pid-30309                            D  onBind: Intent { act=com.google.android.gms.credential.manager.service.firstparty.START dat=chimera-action:/... cmp=com.google.android.gms/.chimera.GmsApiService }
2026-01-23 00:09:37.460 30309-30309 BoundBrokerSvc          pid-30309                            D  Loading bound service for intent: Intent { act=com.google.android.gms.credential.manager.service.firstparty.START dat=chimera-action:/... cmp=com.google.android.gms/.chimera.GmsApiService }
2026-01-23 00:09:37.470  1239-5479  AppStartupManager       pid-1239                             D  error happend in shouldPreventStartService:checkStartupLimit
2026-01-23 00:09:37.470  5295-5295  absp                    pid-5295                             I  Getting accounts.
2026-01-23 00:09:37.473 30309-30309 BoundBrokerSvc          pid-30309                            D  onBind: Intent { act=com.google.android.gms.inappreach.service.START dat=chimera-action:/... cmp=com.google.android.gms/.chimera.GmsApiService }
2026-01-23 00:09:37.474 30309-30309 BoundBrokerSvc          pid-30309                            D  Loading bound service for intent: Intent { act=com.google.android.gms.inappreach.service.START dat=chimera-action:/... cmp=com.google.android.gms/.chimera.GmsApiService }
2026-01-23 00:09:37.484  5295-5295  cjqa                    pid-5295                             I  (REDACTED) shouldShowEomConsentUi: %b
2026-01-23 00:09:37.486  5295-5295  dtsk                    pid-5295                             I  (REDACTED) onViewAttachedToWindow self=%s, view=%s
2026-01-23 00:09:37.488  5295-5295  dtsk                    pid-5295                             I  (REDACTED) onViewAttachedToWindow self=%s, view=%s
2026-01-23 00:09:37.488  5295-5295  dtsk                    pid-5295                             I  (REDACTED) onViewAttachedToWindow self=%s, view=%s
2026-01-23 00:09:37.503  5295-5295  dtsk                    pid-5295                             I  (REDACTED) onViewAttachedToWindow self=%s, view=%s
2026-01-23 00:09:37.504  5295-5295  dtsk                    pid-5295                             I  (REDACTED) onViewAttachedToWindow self=%s, view=%s
2026-01-23 00:09:37.505  5295-5295  dtsk                    pid-5295                             I  (REDACTED) onViewAttachedToWindow self=%s, view=%s
2026-01-23 00:09:37.505  5295-5295  dtsk                    pid-5295                             I  (REDACTED) onViewAttachedToWindow self=%s, view=%s
2026-01-23 00:09:37.506  5295-5295  dtsk                    pid-5295                             I  (REDACTED) onViewAttachedToWindow self=%s, view=%s
2026-01-23 00:09:37.506  5295-5295  dtsk                    pid-5295                             I  (REDACTED) onViewAttachedToWindow self=%s, view=%s
2026-01-23 00:09:37.506  5295-5295  dtsk                    pid-5295                             I  (REDACTED) onViewAttachedToWindow self=%s, view=%s
2026-01-23 00:09:37.507  5295-5295  dtsk                    pid-5295                             I  (REDACTED) onViewAttachedToWindow self=%s, view=%s
2026-01-23 00:09:37.507  5295-5295  dtsk                    pid-5295                             I  (REDACTED) onViewAttachedToWindow self=%s, view=%s
2026-01-23 00:09:37.508  5295-5295  dtsk                    pid-5295                             I  (REDACTED) onViewAttachedToWindow self=%s, view=%s
2026-01-23 00:09:37.508  5295-5295  dtsk                    pid-5295                             I  (REDACTED) onViewAttachedToWindow self=%s, view=%s
2026-01-23 00:09:37.508  5295-5295  dtsk                    pid-5295                             I  (REDACTED) onViewAttachedToWindow self=%s, view=%s
2026-01-23 00:09:37.509  5295-5295  dtsk                    pid-5295                             I  (REDACTED) onViewAttachedToWindow self=%s, view=%s
2026-01-23 00:09:37.509  5295-5295  dtsk                    pid-5295                             I  (REDACTED) onViewAttachedToWindow self=%s, view=%s
2026-01-23 00:09:37.510  5295-5295  dtsk                    pid-5295                             I  (REDACTED) onViewAttachedToWindow self=%s, view=%s
2026-01-23 00:09:37.510  5295-5295  dtsk                    pid-5295                             I  (REDACTED) onViewAttachedToWindow self=%s, view=%s
2026-01-23 00:09:37.512  5295-5295  dtsk                    pid-5295                             I  (REDACTED) onViewAttachedToWindow self=%s, view=%s
2026-01-23 00:09:37.513  5295-5295  dtsk                    pid-5295                             I  (REDACTED) setIsolated %s
2026-01-23 00:09:37.514  5295-5295  dtsk                    pid-5295                             I  (REDACTED) onViewAttachedToWindow self=%s, view=%s
2026-01-23 00:09:37.515  5295-5295  dtsk                    pid-5295                             I  (REDACTED) onViewAttachedToWindow self=%s, view=%s
2026-01-23 00:09:37.522  5295-5295  cczz                    pid-5295                             I  Account disc initialised
2026-01-23 00:09:37.522  5295-5295  PromoManagerDataService pid-5295                             I  PromoManagerDataServiceImpl.getAccountMenuPromotion
2026-01-23 00:09:37.548  1239-5479  ActivityManager         pid-1239                             W  isBackupRestore ret = falseuid = 10073
2026-01-23 00:09:37.548  1239-5479  ActivityManager         pid-1239                             D  PROFILE_FROM_SHELL is disabled for ProcessRecord{ecf7456 0:android.process.media/u0a73}
2026-01-23 00:09:37.548  1239-5479  Compatibil...geReporter pid-1239                             D  Compat change id reported: 135634846; UID 10073; state: DISABLED
2026-01-23 00:09:37.549  1239-5479  Compatibil...geReporter pid-1239                             D  Compat change id reported: 177438394; UID 10073; state: DISABLED
2026-01-23 00:09:37.549  1239-5479  Compatibil...geReporter pid-1239                             D  Compat change id reported: 135772972; UID 10073; state: DISABLED
2026-01-23 00:09:37.549  1239-5479  Compatibil...geReporter pid-1239                             D  Compat change id reported: 135754954; UID 10073; state: ENABLED
2026-01-23 00:09:37.550  1239-1273  Compatibil...geReporter pid-1239                             D  Compat change id reported: 143937733; UID 10073; state: ENABLED
2026-01-23 00:09:37.559   803-803   Zygote                  pid-803                              D  Forked child process 5419
2026-01-23 00:09:37.560  1239-1273  ActivityManager         pid-1239                             I  Start proc 5419:android.process.media/u0a73 for content provider {com.android.providers.downloads/com.android.providers.downloads.DownloadProvider}
2026-01-23 00:09:37.569  5419-5419  d.process.media         pid-5419                             I  Using CollectorTypeCMC GC.
2026-01-23 00:09:37.574  5419-5419  d.process.media         pid-5419                             E  Not starting debugger since process cannot load the jdwp agent.
2026-01-23 00:09:37.585  1239-5479  Compatibil...geReporter pid-1239                             D  Compat change id reported: 168419799; UID 10073; state: DISABLED
2026-01-23 00:09:37.585  1239-5479  Compatibil...geReporter pid-1239                             D  Compat change id reported: 273564678; UID 10073; state: DISABLED
2026-01-23 00:09:37.590  5419-5419  Compatibil...geReporter pid-5419                             D  Compat change id reported: 171979766; UID 10073; state: ENABLED
2026-01-23 00:09:37.590  5419-5419  Compatibil...geReporter pid-5419                             D  Compat change id reported: 242716250; UID 10073; state: ENABLED
2026-01-23 00:09:37.594  1239-5479  Compatibil...geReporter pid-1239                             D  Compat change id reported: 170503758; UID 10073; state: ENABLED
2026-01-23 00:09:37.600  1239-5479  UnisocFwkB...ureService pid-1239                             D  isSupported:false
2026-01-23 00:09:37.604  5419-5419  nativeloader            pid-5419                             D  Configuring clns-shared-4 for other apk /system/priv-app/DownloadProvider/DownloadProvider.apk. target_sdk_version=34, uses_libraries=, library_path=/system/priv-app/DownloadProvider/lib/arm64:/system/lib64:/system_ext/lib64, permitted_path=/data:/mnt/expand:/data/user/0/com.android.providers.downloads:/system/priv-app/DownloadProvider:/system/lib64:/system_ext/lib64
2026-01-23 00:09:37.606  5295-5374  ciia                    pid-5295                             I  (REDACTED) #enqueuePeriodicJob: running = %b
2026-01-23 00:09:37.612  5295-5373  cihi                    pid-5295                             I  (REDACTED) #scheduledConfig, timestampCreated %s, scheduledOffset %s
2026-01-23 00:09:37.620  5419-5419  GraphicsEnvironment     pid-5419                             V  Currently set values for:
2026-01-23 00:09:37.620  5419-5419  GraphicsEnvironment     pid-5419                             V    angle_gl_driver_selection_pkgs=[]
2026-01-23 00:09:37.620  5419-5419  GraphicsEnvironment     pid-5419                             V    angle_gl_driver_selection_values=[]
2026-01-23 00:09:37.621  5419-5419  GraphicsEnvironment     pid-5419                             V  ANGLE GameManagerService for com.android.providers.downloads: false
2026-01-23 00:09:37.621  5419-5419  GraphicsEnvironment     pid-5419                             V  com.android.providers.downloads is not listed in per-application setting
2026-01-23 00:09:37.621  5419-5419  GraphicsEnvironment     pid-5419                             V  Neither updatable production driver nor prerelease driver is supported.
2026-01-23 00:09:37.624  5295-5373  chua                    pid-5295                             I  (REDACTED) loading data on surface %s.
2026-01-23 00:09:37.629  5295-5329  WM-GreedyScheduler      pid-5295                             D  Ignoring {WorkSpec: 40803e52-2a46-400c-aa76-c241bc9f11bf}. Requires device idle.
2026-01-23 00:09:37.634  5295-5295  Choreographer           pid-5295                             I  Skipped 92 frames!  The application may be doing too much work on its main thread.
2026-01-23 00:09:37.635  1239-3742  AppStartupManager       pid-1239                             D  error happend in shouldPreventStartService:checkStartupLimit
2026-01-23 00:09:37.636  5295-5295  cjha                    pid-5295                             I  (REDACTED) onApplyWindowInsets: systemWindowInsets=%s
2026-01-23 00:09:37.636  5295-5295  cjha                    pid-5295                             I  (REDACTED) onApplyWindowInsets: systemWindowInsets=%s
2026-01-23 00:09:37.637  1239-3742  ActivityManager         pid-1239                             I  Killing 4917:com.android.vending:background/u10a158 (adj 925): empty #4
2026-01-23 00:09:37.646  5419-5419  nativeloader            pid-5419                             D  Configuring clns-shared-5 for other apk /system_ext/framework/com.unisoc.sdk.common.jar. target_sdk_version=34, uses_libraries=ALL, library_path=/system/priv-app/MtpService/lib/arm64:/system/lib64:/system_ext/lib64, permitted_path=/data:/mnt/expand:/data/user/0/com.android.mtp:/system/priv-app/MtpService:/system/lib64:/system_ext/lib64
2026-01-23 00:09:37.646   824-824   enhanceHAL              pid-824                              D  sunlightRead: current ambient = 14
2026-01-23 00:09:37.647  1239-1274  libprocessgroup         pid-1239                             I  Successfully killed process cgroup uid 1010158 pid 4917 in 5ms
2026-01-23 00:09:37.653  5295-5373  StrictMode              pid-5295                             D  StrictMode policy violation:
2026-01-23 00:09:37.654  5295-5373  StrictMode              pid-5295                             D  StrictMode policy violation:
2026-01-23 00:09:37.654  5419-5419  nativeloader            pid-5419                             D  Configuring clns-shared-6 for other apk /system/priv-app/MtpService/MtpService.apk. target_sdk_version=34, uses_libraries=, library_path=/system/priv-app/MtpService/lib/arm64:/system/lib64:/system_ext/lib64, permitted_path=/data:/mnt/expand:/data/user/0/com.android.mtp:/system/priv-app/MtpService:/system/lib64:/system_ext/lib64
2026-01-23 00:09:37.655  1239-1387  InputReader             pid-1239                             I  processEventsLocked: type=1 Count=9 code=330 value=1 deviceId=4 when=6399142984000
2026-01-23 00:09:37.655  1239-1387  InputReader             pid-1239                             D  dispatchTouches action DOWN now(ns): 6399143153537
2026-01-23 00:09:37.655  1239-1387  InputReader             pid-1239                             D  notifyMotion call dispatcher
2026-01-23 00:09:37.658  5295-5295  cczz                    pid-5295                             W  WAA status for Mavatar is not loaded!
2026-01-23 00:09:37.659  2198-2198  KeyButtonView           pid-2198                             I  Back button event: ACTION_DOWN
2026-01-23 00:09:37.659   835-835   PowerHAL                pid-835                              D  Enter getSceneIdByName: sceneName:POWER_HINT_VENDOR_INTERACTION_TOUCH
2026-01-23 00:09:37.660   835-835   PowerHAL                pid-835                              D  ###Enter interaction_touch scene bgn###
2026-01-23 00:09:37.660   835-835   PowerHAL                pid-835                              D  Enter common_set: enable:1, duration: 0, /sys/devices/system/cpu/cpufreq/policy0/scaling_min_freq: 1820000
2026-01-23 00:09:37.660   835-835   PowerHAL                pid-835                              D  Enter set_cluster_freqs_max_min: 
2026-01-23 00:09:37.660   835-835   PowerHAL                pid-835                              D  Enter common_set: enable:1, duration: 0, /sys/devices/system/cpu/cpufreq/policy0/scaling_max_freq: 1820000
2026-01-23 00:09:37.660   835-835   PowerHAL                pid-835                              D  Enter set_cluster_freqs_max_min: 
2026-01-23 00:09:37.660   835-835   PowerHAL                pid-835                              D  Enter common_set: enable:1, duration: 0, /sys/devices/system/cpu/cpufreq/policy6/scaling_min_freq: 2028000
2026-01-23 00:09:37.660   835-835   PowerHAL                pid-835                              D  Enter set_cluster_freqs_max_min: 
2026-01-23 00:09:37.660   835-835   PowerHAL                pid-835                              D  Enter common_set: enable:1, duration: 0, /sys/devices/system/cpu/cpufreq/policy6/scaling_max_freq: 2028000
2026-01-23 00:09:37.660   835-835   PowerHAL                pid-835                              D  Enter set_cluster_freqs_max_min: 
2026-01-23 00:09:37.660   835-835   PowerHAL                pid-835                              D  Enter devfreq_ddr_set: enable:1, duration: 0, /sys/class/devfreq/scene-frequency/sprd-governor/scene_boost_dfs: max
2026-01-23 00:09:37.660   835-835   PowerHAL                pid-835                              D  ###Enter interaction_touch scene end###
2026-01-23 00:09:37.660  1239-1387  InputReader             pid-1239                             D  dispatchTouches action MOVE now(ns): 6399148720807
2026-01-23 00:09:37.660  1239-1387  InputReader             pid-1239                             D  notifyMotion call dispatcher
2026-01-23 00:09:37.662   845-910   mali_gralloc            pid-845                              D  register: id=33000000669, handle=0xb40000708eedc590, importpid=5295, gRegisteredHandles=22
2026-01-23 00:09:37.662  1239-6939  WindowManager           pid-1239                             D  The getTopActivityName is com.android.searchlauncher.SearchLauncher
2026-01-23 00:09:37.664   835-835   PowerHAL                pid-835                              D  ###Exit interaction_fling scene bgn###
2026-01-23 00:09:37.665   835-835   PowerHAL                pid-835                              D  Enter common_set: enable:0, duration: 0, /sys/devices/system/cpu/cpufreq/policy0/scaling_min_freq: 1820000
2026-01-23 00:09:37.665   835-835   PowerHAL                pid-835                              D  Enter set_cluster_freqs_max_min: 
2026-01-23 00:09:37.665   835-835   PowerHAL                pid-835                              D  Enter common_set: enable:0, duration: 0, /sys/devices/system/cpu/cpufreq/policy0/scaling_max_freq: 1820000
2026-01-23 00:09:37.665   835-835   PowerHAL                pid-835                              D  Enter set_cluster_freqs_max_min: 
2026-01-23 00:09:37.665   835-835   PowerHAL                pid-835                              D  Enter common_set: enable:0, duration: 0, /sys/devices/system/cpu/cpufreq/policy6/scaling_min_freq: 2028000
2026-01-23 00:09:37.665   835-835   PowerHAL                pid-835                              D  Enter set_cluster_freqs_max_min: 
2026-01-23 00:09:37.665   835-835   PowerHAL                pid-835                              D  Enter common_set: enable:0, duration: 0, /sys/devices/system/cpu/cpufreq/policy6/scaling_max_freq: 2028000
2026-01-23 00:09:37.665   835-835   PowerHAL                pid-835                              D  Enter set_cluster_freqs_max_min: 
2026-01-23 00:09:37.665   835-835   PowerHAL                pid-835                              D  Enter common_subsys_set: enable:0, duration: 0, subsys:uclamp: conf_4:5
2026-01-23 00:09:37.665   835-835   PowerHAL                pid-835                              D  ###Exit interaction_fling scene end###
2026-01-23 00:09:37.665   835-835   PowerHAL                pid-835                              D  Enter getSceneIdByName: sceneName:POWER_HINT_VENDOR_INTERACTION_FLING
2026-01-23 00:09:37.665   835-835   PowerHAL                pid-835                              D  ###Enter interaction_fling scene bgn###
2026-01-23 00:09:37.665   835-835   PowerHAL                pid-835                              D  Enter common_set: enable:1, duration: 0, /sys/devices/system/cpu/cpufreq/policy0/scaling_min_freq: 1820000
2026-01-23 00:09:37.665   835-835   PowerHAL                pid-835                              D  Enter set_cluster_freqs_max_min: 
2026-01-23 00:09:37.665   835-835   PowerHAL                pid-835                              D  Enter common_set: enable:1, duration: 0, /sys/devices/system/cpu/cpufreq/policy0/scaling_max_freq: 1820000
2026-01-23 00:09:37.665   835-835   PowerHAL                pid-835                              D  Enter set_cluster_freqs_max_min: 
2026-01-23 00:09:37.665   835-835   PowerHAL                pid-835                              D  Enter common_set: enable:1, duration: 0, /sys/devices/system/cpu/cpufreq/policy6/scaling_min_freq: 2028000
2026-01-23 00:09:37.665   835-835   PowerHAL                pid-835                              D  Enter set_cluster_freqs_max_min: 
2026-01-23 00:09:37.665   835-835   PowerHAL                pid-835                              D  Enter common_set: enable:1, duration: 0, /sys/devices/system/cpu/cpufreq/policy6/scaling_max_freq: 2028000
2026-01-23 00:09:37.665   835-835   PowerHAL                pid-835                              D  Enter set_cluster_freqs_max_min: 
2026-01-23 00:09:37.665   835-835   PowerHAL                pid-835                              D  Enter common_subsys_set: enable:1, duration: 0, subsys:uclamp: conf_4:5
2026-01-23 00:09:37.665   835-835   PowerHAL                pid-835                              D  ###Enter interaction_fling scene end###
2026-01-23 00:09:37.666  1239-1387  InputReader             pid-1239                             I  processEventsLocked: type=3 Count=4 code=48 value=1 deviceId=4 when=6399154052000
2026-01-23 00:09:37.666   841-841   vendor.spr...or-service pid-841                              D  Vibra::perform
2026-01-23 00:09:37.666   841-841   vendor.spr...or-service pid-841                              D  vibra_on 45
2026-01-23 00:09:37.667  1239-1387  InputReader             pid-1239                             D  dispatchTouches action MOVE now(ns): 6399154954422
2026-01-23 00:09:37.667  1239-1387  InputReader             pid-1239                             D  notifyMotion call dispatcher
2026-01-23 00:09:37.667  1239-1386  InputDispatcher         pid-1239                             D  delay time is 0
2026-01-23 00:09:37.667   801-807   statsd                  pid-801                              W  StateTracker not found for state atom 27
2026-01-23 00:09:37.667  1239-1386  InputDispatcher         pid-1239                             D  dispatchKeyLocked injectionResult is -1
2026-01-23 00:09:37.668 31903-31918 FontLog                 pid-31903                            I  (REDACTED) Received query %s, URI %s
2026-01-23 00:09:37.668 31903-31918 FontLog                 pid-31903                            I  (REDACTED) Query [%s] resolved to %s
2026-01-23 00:09:37.669 31903-31921 FontLog                 pid-31903                            I  (REDACTED) Received query %s, URI %s
2026-01-23 00:09:37.669 31903-31921 FontLog                 pid-31903                            I  (REDACTED) Query [%s] resolved to %s
2026-01-23 00:09:37.670  5295-5295  dtsk                    pid-5295                             I  (REDACTED) onViewDetachedToWindow self=%s, view=%s
2026-01-23 00:09:37.671  1239-1387  InputReader             pid-1239                             D  dispatchTouches action MOVE now(ns): 6399159837422
2026-01-23 00:09:37.671  1239-1387  InputReader             pid-1239                             D  notifyMotion call dispatcher
2026-01-23 00:09:37.672  5295-5295  dtsk                    pid-5295                             I  (REDACTED) onViewAttachedToWindow self=%s, view=%s
2026-01-23 00:09:37.674 31903-31918 FontLog                 pid-31903                            I  (REDACTED) Font PFD returned from cache for %s
2026-01-23 00:09:37.674 31903-31918 FontLog                 pid-31903                            I  (REDACTED) Fetch %s end status %s
2026-01-23 00:09:37.675 31903-31921 FontLog                 pid-31903                            I  (REDACTED) Font PFD returned from cache for %s
2026-01-23 00:09:37.675 31903-31921 FontLog                 pid-31903                            I  (REDACTED) Fetch %s end status %s
2026-01-23 00:09:37.677  1239-1387  InputReader             pid-1239                             D  dispatchTouches action MOVE now(ns): 6399165374037
2026-01-23 00:09:37.677  1239-1387  InputReader             pid-1239                             D  notifyMotion call dispatcher
2026-01-23 00:09:37.682  5295-5311  OpenGLRenderer          pid-5295                             I  Davey! duration=1060ms; Flags=0, FrameTimelineVsyncId=751515, IntendedVsync=6398090093725, Vsync=6399111948489, InputEventId=0, HandleInputStart=6399123221653, AnimationStart=6399123223422, PerformTraversalsStart=6399123231230, DrawStart=6399137891807, FrameDeadline=6398102204836, FrameInterval=6399122732230, FrameStartTime=11107117, SyncQueued=6399139650614, SyncStart=6399139853037, IssueDrawCommandsStart=6399140496460, SwapBuffers=6399142900768, FrameCompleted=6399150600845, DequeueBufferDuration=32885, QueueBufferDuration=514885, GpuCompleted=6399149303999, SwapBuffersCompleted=6399150600845, DisplayPresentTime=33214481050107950, CommandSubmissionCompleted=6399142900768, 
2026-01-23 00:09:37.683  1239-1387  InputReader             pid-1239                             D  dispatchTouches action MOVE now(ns): 6399170977730
2026-01-23 00:09:37.683  1239-1387  InputReader             pid-1239                             D  notifyMotion call dispatcher
2026-01-23 00:09:37.685  2198-28329 BLASTBufferQueue        pid-2198                             D  [VRI[NavigationBar0]#1](f:0,a:2) PendingRelease=1, PendingBuffersToHold=0, SyncedFrameNumbers=0, lacfnr:6384, lapfnr:6384
2026-01-23 00:09:37.687 31903-31918 FontLog                 pid-31903                            I  (REDACTED) Pulling font file for id = %d, cache size = %d
2026-01-23 00:09:37.687 31903-32064 FontLog                 pid-31903                            I  (REDACTED) Pulling font file for id = %d, cache size = %d
2026-01-23 00:09:37.688  1239-1387  InputReader             pid-1239                             D  dispatchTouches action MOVE now(ns): 6399176727422
2026-01-23 00:09:37.688  1239-1387  InputReader             pid-1239                             D  notifyMotion call dispatcher
2026-01-23 00:09:37.694  1239-1387  InputReader             pid-1239                             D  dispatchTouches action MOVE now(ns): 6399182138883
2026-01-23 00:09:37.694  1239-1387  InputReader             pid-1239                             D  notifyMotion call dispatcher
2026-01-23 00:09:37.696  2198-28329 BLASTBufferQueue        pid-2198                             D  [VRI[NavigationBar0]#1](f:0,a:2) PendingRelease=1, PendingBuffersToHold=0, SyncedFrameNumbers=0, lacfnr:6385, lapfnr:6385
2026-01-23 00:09:37.696  1239-3742  ConnectivityService     pid-1239                             D  requestNetwork for uid/pid:10159/5295 activeRequest: null callbackRequest: 1513 [NetworkRequest [ REQUEST id=1514, [ Capabilities: INTERNET&NOT_RESTRICTED&TRUSTED&NOT_VCN_MANAGED Uid: 10159 RequestorUid: 10159 RequestorPkg: com.google.android.googlequicksearchbox UnderlyingNetworks: Null] ]] callback flags: 0 order: 2147483647
2026-01-23 00:09:37.698  5419-5419  nativeloader            pid-5419                             D  Configuring clns-shared-7 for other apk /system/priv-app/MediaProviderLegacy/MediaProviderLegacy.apk. target_sdk_version=34, uses_libraries=, library_path=/system/priv-app/MediaProviderLegacy/lib/arm64:/system/lib64:/system_ext/lib64, permitted_path=/data:/mnt/expand:/data/user/0/com.android.providers.media:/system/priv-app/MediaProviderLegacy:/system/lib64:/system_ext/lib64
2026-01-23 00:09:37.699  1239-1387  InputReader             pid-1239                             D  dispatchTouches action MOVE now(ns): 6399187623845
2026-01-23 00:09:37.699  1239-1387  InputReader             pid-1239                             D  notifyMotion call dispatcher
2026-01-23 00:09:37.700 31903-31918 FontLog                 pid-31903                            I  (REDACTED) Received query %s, URI %s
2026-01-23 00:09:37.700 31903-31918 FontLog                 pid-31903                            I  (REDACTED) Query [%s] resolved to %s
2026-01-23 00:09:37.701  5295-5295  cday                    pid-5295                             I  #accountsLoaded
2026-01-23 00:09:37.702  1239-2107  ConnectivityService     pid-1239                             D  NetReassign [1514 : null → 102] [c 0] [a 1] [i 1]
2026-01-23 00:09:37.702  1239-2097  WifiNetworkFactory      pid-1239                             D  got request NetworkRequest [ REQUEST id=1514, [ Capabilities: INTERNET&NOT_RESTRICTED&TRUSTED&NOT_VCN_MANAGED Uid: 10159 RequestorUid: 10159 RequestorPkg: com.google.android.googlequicksearchbox UnderlyingNetworks: Null] ]
2026-01-23 00:09:37.702  1239-2097  UntrustedW...orkFactory pid-1239                             D  got request NetworkRequest [ REQUEST id=1514, [ Capabilities: INTERNET&NOT_RESTRICTED&TRUSTED&NOT_VCN_MANAGED Uid: 10159 RequestorUid: 10159 RequestorPkg: com.google.android.googlequicksearchbox UnderlyingNetworks: Null] ]
2026-01-23 00:09:37.702  1239-2097  OemPaidWif...orkFactory pid-1239                             D  got request NetworkRequest [ REQUEST id=1514, [ Capabilities: INTERNET&NOT_RESTRICTED&TRUSTED&NOT_VCN_MANAGED Uid: 10159 RequestorUid: 10159 RequestorPkg: com.google.android.googlequicksearchbox UnderlyingNetworks: Null] ]
2026-01-23 00:09:37.702  1239-2097  MultiInter...orkFactory pid-1239                             D  got request NetworkRequest [ REQUEST id=1514, [ Capabilities: INTERNET&NOT_RESTRICTED&TRUSTED&NOT_VCN_MANAGED Uid: 10159 RequestorUid: 10159 RequestorPkg: com.google.android.googlequicksearchbox UnderlyingNetworks: Null] ]
2026-01-23 00:09:37.704 31903-31918 FontLog                 pid-31903                            I  (REDACTED) Font PFD returned from cache for %s
2026-01-23 00:09:37.704  5295-5295  cjha                    pid-5295                             I  (REDACTED) onApplyWindowInsets: systemWindowInsets=%s
2026-01-23 00:09:37.704 31903-31918 FontLog                 pid-31903                            I  (REDACTED) Fetch %s end status %s
2026-01-23 00:09:37.704 31903-32064 FontLog                 pid-31903                            I  (REDACTED) Received query %s, URI %s
2026-01-23 00:09:37.704  5295-5295  cjha                    pid-5295                             I  (REDACTED) onApplyWindowInsets: systemWindowInsets=%s
2026-01-23 00:09:37.704 31903-32064 FontLog                 pid-31903                            I  (REDACTED) Query [%s] resolved to %s
2026-01-23 00:09:37.705  1239-1387  InputReader             pid-1239                             D  dispatchTouches action MOVE now(ns): 6399193459114
2026-01-23 00:09:37.705  1239-1387  InputReader             pid-1239                             D  notifyMotion call dispatcher
2026-01-23 00:09:37.707  2198-11355 BLASTBufferQueue        pid-2198                             D  [VRI[NavigationBar0]#1](f:0,a:2) PendingRelease=1, PendingBuffersToHold=0, SyncedFrameNumbers=0, lacfnr:6386, lapfnr:6386
2026-01-23 00:09:37.708  1239-6939  ActivityManager         pid-1239                             I  Flag disabled. Ignoring finishAttachApplication from uid: 10073. pid: 5419
2026-01-23 00:09:37.710 31903-31918 FontLog                 pid-31903                            I  (REDACTED) Pulling font file for id = %d, cache size = %d
2026-01-23 00:09:37.710  1239-1387  InputReader             pid-1239                             D  dispatchTouches action MOVE now(ns): 6399198666230
2026-01-23 00:09:37.710  1239-1387  InputReader             pid-1239                             D  notifyMotion call dispatcher
2026-01-23 00:09:37.711 31903-31921 FontLog                 pid-31903                            I  (REDACTED) Received query %s, URI %s
2026-01-23 00:09:37.711 31903-31918 FontLog                 pid-31903                            I  (REDACTED) Received query %s, URI %s
2026-01-23 00:09:37.711 31903-31921 FontLog                 pid-31903                            I  (REDACTED) Query [%s] resolved to %s
2026-01-23 00:09:37.712 31903-31918 FontLog                 pid-31903                            I  (REDACTED) Query [%s] resolved to %s
2026-01-23 00:09:37.713 31903-31918 FontLog                 pid-31903                            I  (REDACTED) Font PFD returned from cache for %s
2026-01-23 00:09:37.713   841-841   vendor.spr...or-service pid-841                              D  vibra_off
2026-01-23 00:09:37.713 31903-31918 FontLog                 pid-31903                            I  (REDACTED) Fetch %s end status %s
2026-01-23 00:09:37.715   845-1294  mali_gralloc            pid-845                              D  register: id=33000000668, handle=0xb40000708eee4390, importpid=5295, gRegisteredHandles=23
2026-01-23 00:09:37.716 31903-31918 FontLog                 pid-31903                            I  (REDACTED) Pulling font file for id = %d, cache size = %d
2026-01-23 00:09:37.718   801-807   statsd                  pid-801                              W  StateTracker not found for state atom 27
2026-01-23 00:09:37.718  2198-11355 BLASTBufferQueue        pid-2198                             D  [VRI[NavigationBar0]#1](f:0,a:2) PendingRelease=1, PendingBuffersToHold=0, SyncedFrameNumbers=0, lacfnr:6387, lapfnr:6387
2026-01-23 00:09:37.718  1239-1387  InputReader             pid-1239                             D  dispatchTouches action MOVE now(ns): 6399206605191
2026-01-23 00:09:37.718  1239-1387  InputReader             pid-1239                             D  notifyMotion call dispatcher
2026-01-23 00:09:37.720 31903-31921 FontLog                 pid-31903                            I  (REDACTED) Font PFD returned from cache for %s
2026-01-23 00:09:37.720 31903-31921 FontLog                 pid-31903                            I  (REDACTED) Fetch %s end status %s
2026-01-23 00:09:37.721 31903-31918 FontLog                 pid-31903                            I  (REDACTED) Received query %s, URI %s
2026-01-23 00:09:37.721 31903-31918 FontLog                 pid-31903                            I  (REDACTED) Query [%s] resolved to %s
2026-01-23 00:09:37.721 31903-32064 FontLog                 pid-31903                            I  (REDACTED) Font PFD returned from cache for %s
2026-01-23 00:09:37.721 31903-32064 FontLog                 pid-31903                            I  (REDACTED) Fetch %s end status %s
2026-01-23 00:09:37.721  1239-1387  InputReader             pid-1239                             D  dispatchTouches action MOVE now(ns): 6399209605922
2026-01-23 00:09:37.721  1239-1387  InputReader             pid-1239                             D  notifyMotion call dispatcher
