---------------------------- PROCESS STARTED (10491) for package com.cdccreditsmart.app ----------------------------
2025-12-04 05:56:12.120 10491-10491 nativeloader            com.cdccreditsmart.app               D  Load libframework-connectivity-tiramisu-jni.so using APEX ns com_android_tethering for caller /apex/com.android.tethering/javalib/framework-connectivity-t.jar: ok
2025-12-04 05:56:12.343 10491-10491 nativeloader            com.cdccreditsmart.app               D  Configuring clns-9 for other apk /data/app/~~kMTY-yEvwRLgPVibxCTUtg==/com.cdccreditsmart.app-mQoyv82lelP6xE37g3X3BA==/base.apk. target_sdk_version=35, uses_libraries=, library_path=/data/app/~~kMTY-yEvwRLgPVibxCTUtg==/com.cdccreditsmart.app-mQoyv82lelP6xE37g3X3BA==/lib/x86_64:/data/app/~~kMTY-yEvwRLgPVibxCTUtg==/com.cdccreditsmart.app-mQoyv82lelP6xE37g3X3BA==/base.apk!/lib/x86_64, permitted_path=/data:/mnt/expand:/data/user/0/com.cdccreditsmart.app
2025-12-04 05:56:12.348 10491-10491 CompatChangeReporter    com.cdccreditsmart.app               D  Compat change id reported: 202956589; UID 10222; state: ENABLED
2025-12-04 05:56:12.353 10491-10491 creditsmart.app         com.cdccreditsmart.app               I  AssetManager2(0x7978a5e97618) locale list changing from [] to [en-US]
2025-12-04 05:56:12.358 10491-10491 GraphicsEnvironment     com.cdccreditsmart.app               V  Currently set values for:
2025-12-04 05:56:12.358 10491-10491 GraphicsEnvironment     com.cdccreditsmart.app               V    angle_gl_driver_selection_pkgs=[]
2025-12-04 05:56:12.358 10491-10491 GraphicsEnvironment     com.cdccreditsmart.app               V    angle_gl_driver_selection_values=[]
2025-12-04 05:56:12.358 10491-10491 GraphicsEnvironment     com.cdccreditsmart.app               V  com.cdccreditsmart.app is not listed in per-application setting
2025-12-04 05:56:12.359 10491-10491 GraphicsEnvironment     com.cdccreditsmart.app               V  ANGLE allowlist from config: com.dreamgames.royalmatch com.dts.freefiremax com.dxx.firenow com.gramgames.mergedragons com.ludo.king com.mojang.minecraftpe com.my.defense com.nintendo.zaka com.os.airforce com.playrix.fishdomdd.gplay io.teslatech.callbreak jp.konami.prospia net.peakgames.toonblast
2025-12-04 05:56:12.359 10491-10491 GraphicsEnvironment     com.cdccreditsmart.app               V  com.cdccreditsmart.app is not listed in ANGLE allowlist or settings, returning default
2025-12-04 05:56:12.360 10491-10491 GraphicsEnvironment     com.cdccreditsmart.app               V  Neither updatable production driver nor prerelease driver is supported.
2025-12-04 05:56:12.396 10491-10491 FirebaseApp             com.cdccreditsmart.app               I  Device unlocked: initializing all Firebase APIs for app [DEFAULT]
2025-12-04 05:56:12.416 10491-10491 FirebaseInitProvider    com.cdccreditsmart.app               I  FirebaseApp initialization successful
2025-12-04 05:56:12.428 10491-10491 CompatChangeReporter    com.cdccreditsmart.app               D  Compat change id reported: 279646685; UID 10222; state: ENABLED
2025-12-04 05:56:12.432 10491-10491 WM-WrkMgrInitializer    com.cdccreditsmart.app               D  Initializing WorkManager with default configuration.
2025-12-04 05:56:12.438 10491-10511 creditsmart.app         com.cdccreditsmart.app               W  ClassLoaderContext classpath size mismatch. expected=1, found=0 (DLC[];PCL[base.apk*630649996]{PCL[/system/framework/org.apache.http.legacy.jar*4247870504]#PCL[/system/framework/com.android.media.remotedisplay.jar*487574312]#PCL[/system/framework/com.android.location.provider.jar*1570284764]#PCL[/system_ext/framework/androidx.window.extensions.jar*1030441313]#PCL[/system_ext/framework/androidx.window.sidecar.jar*3860983653]} | DLC[];PCL[])
2025-12-04 05:56:12.442 10491-10511 DynamiteModule          com.cdccreditsmart.app               I  Considering local module com.google.android.gms.measurement.dynamite:127 and remote module com.google.android.gms.measurement.dynamite:170
2025-12-04 05:56:12.442 10491-10511 DynamiteModule          com.cdccreditsmart.app               I  Selected remote version of com.google.android.gms.measurement.dynamite, version >= 170
2025-12-04 05:56:12.442 10491-10511 DynamiteModule          com.cdccreditsmart.app               V  Dynamite loader version >= 2, using loadModule2NoCrashUtils
2025-12-04 05:56:12.454 10491-10511 System                  com.cdccreditsmart.app               W  ClassLoader referenced unknown path: 
2025-12-04 05:56:12.456 10491-10511 nativeloader            com.cdccreditsmart.app               D  Configuring clns-10 for other apk . target_sdk_version=36, uses_libraries=, library_path=/data/app/~~OZFgWq-3ZTplMt5BWJR_Yg==/com.google.android.gms-ZLGr-dbkpzH3--pe6z9XBA==/lib/x86_64:/data/app/~~OZFgWq-3ZTplMt5BWJR_Yg==/com.google.android.gms-ZLGr-dbkpzH3--pe6z9XBA==/base.apk!/lib/x86_64, permitted_path=/data:/mnt/expand:/data/user/0/com.google.android.gms
2025-12-04 05:56:12.464 10491-10511 creditsmart.app         com.cdccreditsmart.app               I  AssetManager2(0x7978a5e97938) locale list changing from [] to [en-US]
2025-12-04 05:56:12.470 10491-10511 creditsmart.app         com.cdccreditsmart.app               W  ClassLoaderContext classpath element checksum mismatch. expected=630649996, found=1693090240 (DLC[];PCL[base.apk*630649996]{PCL[/system/framework/org.apache.http.legacy.jar*4247870504]#PCL[/system/framework/com.android.media.remotedisplay.jar*487574312]#PCL[/system/framework/com.android.location.provider.jar*1570284764]#PCL[/system_ext/framework/androidx.window.extensions.jar*1030441313]#PCL[/system_ext/framework/androidx.window.sidecar.jar*3860983653]} | DLC[];PCL[/data/app/~~kMTY-yEvwRLgPVibxCTUtg==/com.cdccreditsmart.app-mQoyv82lelP6xE37g3X3BA==/base.apk*1693090240])
2025-12-04 05:56:12.480 10491-10511 creditsmart.app         com.cdccreditsmart.app               I  AssetManager2(0x7978a5ea1258) locale list changing from [] to [en-US]
2025-12-04 05:56:12.482 10491-10511 creditsmart.app         com.cdccreditsmart.app               I  AssetManager2(0x7978a5ea4778) locale list changing from [] to [en-US]
2025-12-04 05:56:12.482 10491-10491 WM-PackageManagerHelper com.cdccreditsmart.app               D  androidx.work.impl.background.systemjob.SystemJobService enabled
2025-12-04 05:56:12.482 10491-10491 WM-Schedulers           com.cdccreditsmart.app               D  Created SystemJobScheduler and enabled SystemJobService
2025-12-04 05:56:12.489 10491-10491 CrashHandler            com.cdccreditsmart.app               I  âœ… Global crash handler instalado
2025-12-04 05:56:12.489 10491-10491 CDCApplication          com.cdccreditsmart.app               I  ğŸš€ CDC Credit Smart Application iniciando...
2025-12-04 05:56:12.489 10491-10491 CDCApplication          com.cdccreditsmart.app               I  ========================================
2025-12-04 05:56:12.489 10491-10491 CDCApplication          com.cdccreditsmart.app               I  ğŸ” Verificando status de Device Owner...
2025-12-04 05:56:12.490 10491-10491 CompatChangeReporter    com.cdccreditsmart.app               D  Compat change id reported: 307233716; UID 10222; state: ENABLED
2025-12-04 05:56:12.492 10491-10491 CDCApplication          com.cdccreditsmart.app               I  Device Owner Status: âŒ NÃƒO
2025-12-04 05:56:12.492 10491-10491 CDCApplication          com.cdccreditsmart.app               I  Package Name: com.cdccreditsmart.app
2025-12-04 05:56:12.492 10491-10491 CDCApplication          com.cdccreditsmart.app               E  
2025-12-04 05:56:12.492 10491-10491 CDCApplication          com.cdccreditsmart.app               E  â•”â•â•â•â•â•â•â•â•â•â•â•â•â•â•â•â•â•â•â•â•â•â•â•â•â•â•â•â•â•â•â•â•â•â•â•â•â•â•â•â•â•â•â•â•â•â•â•â•â•â•â•â•â•â•â•â•â•—
2025-12-04 05:56:12.492 10491-10491 CDCApplication          com.cdccreditsmart.app               E  â•‘  âš ï¸  APP NÃƒO ESTÃ PROVISIONADO COMO DEVICE OWNER  âš ï¸   â•‘
2025-12-04 05:56:12.492 10491-10491 CDCApplication          com.cdccreditsmart.app               E  â• â•â•â•â•â•â•â•â•â•â•â•â•â•â•â•â•â•â•â•â•â•â•â•â•â•â•â•â•â•â•â•â•â•â•â•â•â•â•â•â•â•â•â•â•â•â•â•â•â•â•â•â•â•â•â•â•â•£
2025-12-04 05:56:12.492 10491-10491 CDCApplication          com.cdccreditsmart.app               E  â•‘  O app precisa ser provisionado como Device Owner      â•‘
2025-12-04 05:56:12.492 10491-10491 CDCApplication          com.cdccreditsmart.app               E  â•‘  ANTES de poder conceder permissÃµes automaticamente.   â•‘
2025-12-04 05:56:12.492 10491-10491 CDCApplication          com.cdccreditsmart.app               E  â•‘                                                        â•‘
2025-12-04 05:56:12.492 10491-10491 CDCApplication          com.cdccreditsmart.app               E  â•‘  Provisione o dispositivo usando um dos mÃ©todos:       â•‘
2025-12-04 05:56:12.492 10491-10491 CDCApplication          com.cdccreditsmart.app               E  â•‘  1. ADB: adb shell dpm set-device-owner ...           â•‘
2025-12-04 05:56:12.492 10491-10491 CDCApplication          com.cdccreditsmart.app               E  â•‘  2. QR Code durante setup inicial                      â•‘
2025-12-04 05:56:12.492 10491-10491 CDCApplication          com.cdccreditsmart.app               E  â•‘  3. NFC durante setup inicial                          â•‘
2025-12-04 05:56:12.492 10491-10491 CDCApplication          com.cdccreditsmart.app               E  â•‘  4. Samsung Knox Mobile Enrollment                     â•‘
2025-12-04 05:56:12.492 10491-10491 CDCApplication          com.cdccreditsmart.app               E  â•šâ•â•â•â•â•â•â•â•â•â•â•â•â•â•â•â•â•â•â•â•â•â•â•â•â•â•â•â•â•â•â•â•â•â•â•â•â•â•â•â•â•â•â•â•â•â•â•â•â•â•â•â•â•â•â•â•â•
2025-12-04 05:56:12.492 10491-10491 CDCApplication          com.cdccreditsmart.app               E  
2025-12-04 05:56:12.492 10491-10491 CDCApplication          com.cdccreditsmart.app               I  ========================================
2025-12-04 05:56:12.496 10491-10491 AppProtectionManager    com.cdccreditsmart.app               I  
2025-12-04 05:56:12.496 10491-10491 AppProtectionManager    com.cdccreditsmart.app               I  â•”â•â•â•â•â•â•â•â•â•â•â•â•â•â•â•â•â•â•â•â•â•â•â•â•â•â•â•â•â•â•â•â•â•â•â•â•â•â•â•â•â•â•â•â•â•â•â•â•â•â•â•â•â•â•â•â•â•â•â•â•â•â•â•â•â•—
2025-12-04 05:56:12.497 10491-10491 AppProtectionManager    com.cdccreditsmart.app               I  â•‘     ğŸ›¡ï¸ APLICANDO MELHOR PROTEÃ‡ÃƒO DISPONÃVEL                    â•‘
2025-12-04 05:56:12.497 10491-10491 AppProtectionManager    com.cdccreditsmart.app               I  â•‘           CDC CREDIT SMART - PROTEÃ‡ÃƒO EM CAMADAS              â•‘
2025-12-04 05:56:12.497 10491-10491 AppProtectionManager    com.cdccreditsmart.app               I  â•šâ•â•â•â•â•â•â•â•â•â•â•â•â•â•â•â•â•â•â•â•â•â•â•â•â•â•â•â•â•â•â•â•â•â•â•â•â•â•â•â•â•â•â•â•â•â•â•â•â•â•â•â•â•â•â•â•â•â•â•â•â•â•â•â•â•
2025-12-04 05:56:12.497 10491-10491 AppProtectionManager    com.cdccreditsmart.app               I  
2025-12-04 05:56:12.498 10491-10491 AppProtectionManager    com.cdccreditsmart.app               I  ğŸ“‹ STATUS ATUAL:
2025-12-04 05:56:12.498 10491-10491 AppProtectionManager    com.cdccreditsmart.app               I     Device Owner: NÃƒO
2025-12-04 05:56:12.498 10491-10491 AppProtectionManager    com.cdccreditsmart.app               I     Device Admin: NÃƒO
2025-12-04 05:56:12.498 10491-10491 AppProtectionManager    com.cdccreditsmart.app               I  
2025-12-04 05:56:12.498 10491-10491 AppProtectionManager    com.cdccreditsmart.app               W  âš ï¸ NÃVEL: SEM PRIVILÃ‰GIOS
2025-12-04 05:56:12.498 10491-10491 AppProtectionManager    com.cdccreditsmart.app               W     App precisa ser ativado como Device Admin ou Device Owner
2025-12-04 05:56:12.498 10491-10491 AppProtectionManager    com.cdccreditsmart.app               W     para aplicar proteÃ§Ãµes contra desinstalaÃ§Ã£o.
2025-12-04 05:56:12.499 10491-10491 AppProtectionManager    com.cdccreditsmart.app               W  
2025-12-04 05:56:12.499 10491-10491 AppProtectionManager    com.cdccreditsmart.app               I     Iniciando serviÃ§os de persistÃªncia...
2025-12-04 05:56:12.499 10491-10522 CompatChangeReporter    com.cdccreditsmart.app               D  Compat change id reported: 312399441; UID 10222; state: ENABLED
2025-12-04 05:56:12.503 10491-10491 AppProtectionManager    com.cdccreditsmart.app               I     âœ… Foreground Service iniciado
2025-12-04 05:56:12.513 10491-10526 creditsmart.app         com.cdccreditsmart.app               I  hiddenapi: Accessing hidden method Ldalvik/system/VMStack;->getStackClass2()Ljava/lang/Class; (runtime_flags=0, domain=core-platform, api=unsupported) from Lm7/aox; (domain=app) using reflection: allowed
2025-12-04 05:56:12.517 10491-10522 ashmem                  com.cdccreditsmart.app               E  Pinning is deprecated since Android Q. Please use trim or other methods.
2025-12-04 05:56:12.519 10491-10491 AppProtectionManager    com.cdccreditsmart.app               I     âœ… ServiceWatchdog agendado (15 min)
2025-12-04 05:56:12.520 10491-10491 CDCApplication          com.cdccreditsmart.app               I  
2025-12-04 05:56:12.520 10491-10491 CDCApplication          com.cdccreditsmart.app               I  â•”â•â•â•â•â•â•â•â•â•â•â•â•â•â•â•â•â•â•â•â•â•â•â•â•â•â•â•â•â•â•â•â•â•â•â•â•â•â•â•â•â•â•â•â•â•â•â•â•â•â•â•â•â•â•â•â•â•â•â•â•â•—
2025-12-04 05:56:12.520 10491-10491 CDCApplication          com.cdccreditsmart.app               I  â•‘     RESULTADO DA APLICAÃ‡ÃƒO DE PROTEÃ‡Ã•ES                    â•‘
2025-12-04 05:56:12.520 10491-10491 CDCApplication          com.cdccreditsmart.app               I  â•šâ•â•â•â•â•â•â•â•â•â•â•â•â•â•â•â•â•â•â•â•â•â•â•â•â•â•â•â•â•â•â•â•â•â•â•â•â•â•â•â•â•â•â•â•â•â•â•â•â•â•â•â•â•â•â•â•â•â•â•â•â•
2025-12-04 05:56:12.520 10491-10491 CDCApplication          com.cdccreditsmart.app               I     NÃ­vel: NONE
2025-12-04 05:56:12.520 10491-10491 CDCApplication          com.cdccreditsmart.app               I     ProteÃ§Ãµes aplicadas: 0
2025-12-04 05:56:12.520 10491-10491 CDCApplication          com.cdccreditsmart.app               E     Status: SEM PROTEÃ‡ÃƒO
2025-12-04 05:56:12.520 10491-10491 CDCApplication          com.cdccreditsmart.app               E     App precisa ser provisionado como Device Owner
2025-12-04 05:56:12.520 10491-10491 CDCApplication          com.cdccreditsmart.app               E  
2025-12-04 05:56:12.520 10491-10491 CDCApplication          com.cdccreditsmart.app               E     Provisione o dispositivo usando:
2025-12-04 05:56:12.520 10491-10491 CDCApplication          com.cdccreditsmart.app               E     1. QR Code durante setup inicial
2025-12-04 05:56:12.520 10491-10491 CDCApplication          com.cdccreditsmart.app               E     2. ADB: adb shell dpm set-device-owner ...
2025-12-04 05:56:12.520 10491-10491 CDCApplication          com.cdccreditsmart.app               E     3. Samsung Knox Mobile Enrollment
2025-12-04 05:56:12.520 10491-10491 CDCApplication          com.cdccreditsmart.app               I  â•šâ•â•â•â•â•â•â•â•â•â•â•â•â•â•â•â•â•â•â•â•â•â•â•â•â•â•â•â•â•â•â•â•â•â•â•â•â•â•â•â•â•â•â•â•â•â•â•â•â•â•â•â•â•â•â•â•â•â•â•â•â•
2025-12-04 05:56:12.520 10491-10491 CDCApplication          com.cdccreditsmart.app               I  
2025-12-04 05:56:12.521 10491-10491 TamperDetection         com.cdccreditsmart.app               I  ========================================
2025-12-04 05:56:12.522 10491-10491 TamperDetection         com.cdccreditsmart.app               I  ğŸ” VERIFICANDO INTEGRIDADE DO DISPOSITIVO
2025-12-04 05:56:12.522 10491-10491 TamperDetection         com.cdccreditsmart.app               I  ========================================
2025-12-04 05:56:12.522 10491-10526 PhClient                com.cdccreditsmart.app               I  Unable to retrieve flag snapshot for com.google.android.gms.measurement#com.cdccreditsmart.app, using defaults.
2025-12-04 05:56:12.528 10491-10525 creditsmart.app         com.cdccreditsmart.app               E  No package ID 6a found for resource ID 0x6a0b0013.
2025-12-04 05:56:12.531 10491-10525 FA                      com.cdccreditsmart.app               I  App measurement initialized, version: 146007
2025-12-04 05:56:12.531 10491-10525 FA                      com.cdccreditsmart.app               I  To enable debug logging run: adb shell setprop log.tag.FA VERBOSE
2025-12-04 05:56:12.531 10491-10525 FA                      com.cdccreditsmart.app               I  To enable faster debug mode event logging run:
                                                                                                      adb shell setprop debug.firebase.analytics.app com.cdccreditsmart.app
2025-12-04 05:56:12.593 10491-10529 JobInfo                 com.cdccreditsmart.app               W  Requested important-while-foreground flag for job0 is ignored and takes no effect
2025-12-04 05:56:12.594 10491-10529 CompatChangeReporter    com.cdccreditsmart.app               D  Compat change id reported: 311402873; UID 10222; state: ENABLED
2025-12-04 05:56:12.594 10491-10529 CompatChangeReporter    com.cdccreditsmart.app               D  Compat change id reported: 323349338; UID 10222; state: ENABLED
2025-12-04 05:56:12.643 10491-10491 TamperDetection         com.cdccreditsmart.app               I  âœ… Primeira instalaÃ§Ã£o detectada
2025-12-04 05:56:12.643 10491-10491 TamperDetection         com.cdccreditsmart.app               I     Token e deviceId nÃ£o existem - app nunca foi pareado
2025-12-04 05:56:12.643 10491-10491 TamperDetection         com.cdccreditsmart.app               I  ========================================
2025-12-04 05:56:12.652 10491-10491 TamperDetection         com.cdccreditsmart.app               I  âœ… Device fingerprint criado: CDC_-124****
2025-12-04 05:56:12.652 10491-10491 TamperDetection         com.cdccreditsmart.app               I  
2025-12-04 05:56:12.652 10491-10491 TamperDetection         com.cdccreditsmart.app               I  â•”â•â•â•â•â•â•â•â•â•â•â•â•â•â•â•â•â•â•â•â•â•â•â•â•â•â•â•â•â•â•â•â•â•â•â•â•â•â•â•â•â•â•â•â•â•â•â•â•â•â•â•â•â•â•â•â•â•—
2025-12-04 05:56:12.652 10491-10491 TamperDetection         com.cdccreditsmart.app               I  â•‘    ğŸ“¡ REPORTAR BOOT AO BACKEND                        â•‘
2025-12-04 05:56:12.652 10491-10491 TamperDetection         com.cdccreditsmart.app               I  â• â•â•â•â•â•â•â•â•â•â•â•â•â•â•â•â•â•â•â•â•â•â•â•â•â•â•â•â•â•â•â•â•â•â•â•â•â•â•â•â•â•â•â•â•â•â•â•â•â•â•â•â•â•â•â•â•â•£
2025-12-04 05:56:12.652 10491-10491 TamperDetection         com.cdccreditsmart.app               I  â•‘  Device Fingerprint: CDC_-1244237****      â•‘
2025-12-04 05:56:12.652 10491-10491 TamperDetection         com.cdccreditsmart.app               I  â•‘  Boot Timestamp: 1764838572652          â•‘
2025-12-04 05:56:12.652 10491-10491 TamperDetection         com.cdccreditsmart.app               I  â•‘                                                        â•‘
2025-12-04 05:56:12.652 10491-10491 TamperDetection         com.cdccreditsmart.app               I  â•‘  Backend detectarÃ¡ factory reset comparando:          â•‘
2025-12-04 05:56:12.652 10491-10491 TamperDetection         com.cdccreditsmart.app               I  â•‘  â€¢ Fingerprint histÃ³rico vs atual                     â•‘
2025-12-04 05:56:12.652 10491-10491 TamperDetection         com.cdccreditsmart.app               I  â•‘  â€¢ Timestamp do Ãºltimo boot vs agora                  â•‘
2025-12-04 05:56:12.652 10491-10491 TamperDetection         com.cdccreditsmart.app               I  â•‘  â€¢ Token vÃ¡lido vs ausente                            â•‘
2025-12-04 05:56:12.652 10491-10491 TamperDetection         com.cdccreditsmart.app               I  â•šâ•â•â•â•â•â•â•â•â•â•â•â•â•â•â•â•â•â•â•â•â•â•â•â•â•â•â•â•â•â•â•â•â•â•â•â•â•â•â•â•â•â•â•â•â•â•â•â•â•â•â•â•â•â•â•â•â•
2025-12-04 05:56:12.652 10491-10491 TamperDetection         com.cdccreditsmart.app               I  
2025-12-04 05:56:12.652 10491-10491 TamperDetection         com.cdccreditsmart.app               I  âš ï¸ TODO: Implementar POST /api/security/device-boot
2025-12-04 05:56:12.655 10491-10531 CDCApplication          com.cdccreditsmart.app               I  ğŸ”’ Verificando status do SIM no boot da aplicaÃ§Ã£o...
2025-12-04 05:56:12.656 10491-10531 SimSwapManager          com.cdccreditsmart.app               I  ========================================
2025-12-04 05:56:12.656 10491-10531 SimSwapManager          com.cdccreditsmart.app               I  ğŸ”’ SIM SWAP: Iniciando verificaÃ§Ã£o de status do SIM
2025-12-04 05:56:12.656 10491-10531 SimSwapManager          com.cdccreditsmart.app               I  ========================================
2025-12-04 05:56:12.658 10491-10531 SimSwapDetector         com.cdccreditsmart.app               E  ğŸ”’ SIM SWAP: PermissÃ£o READ_PHONE_STATE NÃƒO CONCEDIDA!
2025-12-04 05:56:12.658 10491-10531 SimSwapManager          com.cdccreditsmart.app               E  ğŸ”’ SIM SWAP: Sem permissÃ£o READ_PHONE_STATE - verificaÃ§Ã£o cancelada
2025-12-04 05:56:12.658 10491-10531 SimSwapManager          com.cdccreditsmart.app               I  ========================================
2025-12-04 05:56:12.659 10491-10525 FA                      com.cdccreditsmart.app               I  Tag Manager is not found and thus will not be used
2025-12-04 05:56:12.659 10491-10531 CDCApplication          com.cdccreditsmart.app               W  âš ï¸ VerificaÃ§Ã£o de SIM swap falhou ou encontrou problemas
2025-12-04 05:56:12.674 10491-10491 ContractCodeStorage     com.cdccreditsmart.app               D  Retrieving contract code from storage
2025-12-04 05:56:12.746 10491-10491 ContractCodeStorage     com.cdccreditsmart.app               D  Storage verification: 0 valid, 0 tampered, 7 missing
2025-12-04 05:56:12.746 10491-10491 ContractCodeStorage     com.cdccreditsmart.app               W  No valid contract code found in any location
2025-12-04 05:56:12.747 10491-10491 CDCApplication          com.cdccreditsmart.app               I  â¸ï¸ Sem tokens - aguardando pairing para iniciar serviÃ§o MDM
2025-12-04 05:56:12.749 10491-10491 AutoBlockingWorker      com.cdccreditsmart.app               I  âœ… VerificaÃ§Ã£o automÃ¡tica de bloqueio agendada (diariamente Ã s 00:00)
2025-12-04 05:56:12.749 10491-10491 AutoBlockingWorker      com.cdccreditsmart.app               I     PrÃ³xima execuÃ§Ã£o em: 903 minutos
2025-12-04 05:56:12.749 10491-10491 CDCApplication          com.cdccreditsmart.app               I  ğŸ“… Agendando overlay automÃ¡tico com intervalo progressivo...
2025-12-04 05:56:12.752 10491-10491 PeriodicOverlayWorker   com.cdccreditsmart.app               I  ğŸ“… Agendando overlay automÃ¡tico com INTERVALO PROGRESSIVO
2025-12-04 05:56:12.752 10491-10491 PeriodicOverlayWorker   com.cdccreditsmart.app               I     1-4 dias de atraso: a cada 10 minutos
2025-12-04 05:56:12.752 10491-10491 PeriodicOverlayWorker   com.cdccreditsmart.app               I     5-14 dias de atraso: a cada 5 minutos
2025-12-04 05:56:12.752 10491-10491 PeriodicOverlayWorker   com.cdccreditsmart.app               I     15+ dias de atraso: a cada 3 minutos
2025-12-04 05:56:12.753 10491-10491 WM-WorkSpec             com.cdccreditsmart.app               W  Interval duration lesser than minimum allowed value; Changed to 900000
2025-12-04 05:56:12.753 10491-10491 WM-WorkSpec             com.cdccreditsmart.app               W  Flex duration lesser than minimum allowed value; Changed to 300000
2025-12-04 05:56:12.753 10491-10491 PeriodicOverlayWorker   com.cdccreditsmart.app               I  âœ… Overlay automÃ¡tico agendado com sucesso
2025-12-04 05:56:12.753 10491-10491 CDCApplication          com.cdccreditsmart.app               I  ğŸ”’ Iniciando sistema Keep Alive...
2025-12-04 05:56:12.753 10491-10491 KeepAliveManager        com.cdccreditsmart.app               I  ğŸ”’ ========================================
2025-12-04 05:56:12.754 10491-10491 KeepAliveManager        com.cdccreditsmart.app               I  ğŸ”’ INICIANDO SISTEMA KEEP ALIVE
2025-12-04 05:56:12.754 10491-10491 KeepAliveManager        com.cdccreditsmart.app               I  ğŸ”’ ========================================
2025-12-04 05:56:12.754 10491-10491 KeepAliveManager        com.cdccreditsmart.app               I  âœ… ServiceWatchdogWorker agendado (15min)
2025-12-04 05:56:12.756 10491-10491 KeepAliveManager        com.cdccreditsmart.app               I  âœ… AlarmManager wakeup agendado (10min)
2025-12-04 05:56:12.760 10491-10491 KeepAliveManager        com.cdccreditsmart.app               I  ğŸ”‹ Tentando desativar otimizaÃ§Ã£o de bateria automaticamente...
2025-12-04 05:56:12.760 10491-10491 KeepAliveManager        com.cdccreditsmart.app               I  ğŸ”‹ App NÃƒO Ã© Device Owner - abrindo configuraÃ§Ãµes do sistema
2025-12-04 05:56:12.764 10491-10491 KeepAliveManager        com.cdccreditsmart.app               I  âœ… Tela de isenÃ§Ã£o de bateria aberta para o usuÃ¡rio
2025-12-04 05:56:12.764 10491-10491 KeepAliveManager        com.cdccreditsmart.app               I  ğŸ”’ Sistema Keep Alive ativo
2025-12-04 05:56:12.764 10491-10491 KeepAliveManager        com.cdccreditsmart.app               I  ğŸ”’ - WorkManager: verificaÃ§Ã£o a cada 15min
2025-12-04 05:56:12.764 10491-10491 KeepAliveManager        com.cdccreditsmart.app               I  ğŸ”’ - AlarmManager: wakeup a cada 10min
2025-12-04 05:56:12.764 10491-10491 KeepAliveManager        com.cdccreditsmart.app               I  ğŸ”’ ========================================
2025-12-04 05:56:12.767 10491-10491 CDCApplication          com.cdccreditsmart.app               I  ğŸ“Š Keep Alive Stats:
2025-12-04 05:56:12.767 10491-10491 CDCApplication          com.cdccreditsmart.app               I     - Restarts anteriores: 0
2025-12-04 05:56:12.767 10491-10491 CDCApplication          com.cdccreditsmart.app               I     - OtimizaÃ§Ã£o bateria: SIM (ruim)
2025-12-04 05:56:12.779 10491-10536 DisplayManager          com.cdccreditsmart.app               I  Choreographer implicitly registered for the refresh rate.
2025-12-04 05:56:12.783 10491-10491 creditsmart.app         com.cdccreditsmart.app               I  AssetManager2(0x7978a5ea1ed8) locale list changing from [] to [en-US]
2025-12-04 05:56:12.815 10491-10491 CompatChangeReporter    com.cdccreditsmart.app               D  Compat change id reported: 309578419; UID 10222; state: ENABLED
2025-12-04 05:56:12.817 10491-10491 DesktopModeFlags        com.cdccreditsmart.app               D  Toggle override initialized to: OVERRIDE_UNSET
2025-12-04 05:56:12.827 10491-10491 MainActivity            com.cdccreditsmart.app               I  ========================================
2025-12-04 05:56:12.828 10491-10491 MainActivity            com.cdccreditsmart.app               I  ğŸ“± SOLICITANDO PERMISSÃ•ES (NÃƒO DEVICE OWNER)
2025-12-04 05:56:12.828 10491-10491 MainActivity            com.cdccreditsmart.app               I  ========================================
2025-12-04 05:56:12.828 10491-10533 PersistentStateManager  com.cdccreditsmart.app               D  Nenhum estado local encontrado
2025-12-04 05:56:12.828 10491-10533 PersistentStateManager  com.cdccreditsmart.app               D  ğŸ†• Sem estado local - device novo ou pÃ³s factory reset
2025-12-04 05:56:12.828 10491-10533 MainActivity            com.cdccreditsmart.app               I  ğŸ†• Device nunca foi provisionado
2025-12-04 05:56:12.828 10491-10536 EGL_emulation           com.cdccreditsmart.app               I  Opening libGLESv1_CM_emulation.so
2025-12-04 05:56:12.829 10491-10536 EGL_emulation           com.cdccreditsmart.app               I  Opening libGLESv2_emulation.so
2025-12-04 05:56:12.831 10491-10491 MainActivity            com.cdccreditsmart.app               I  ğŸ“‹ Runtime permissions a solicitar: 9
2025-12-04 05:56:12.831 10491-10491 MainActivity            com.cdccreditsmart.app               D    â€¢ android.permission.READ_PHONE_STATE
2025-12-04 05:56:12.831 10491-10491 MainActivity            com.cdccreditsmart.app               D    â€¢ android.permission.READ_CALL_LOG
2025-12-04 05:56:12.832 10491-10491 MainActivity            com.cdccreditsmart.app               D    â€¢ android.permission.CALL_PHONE
2025-12-04 05:56:12.832 10491-10491 MainActivity            com.cdccreditsmart.app               D    â€¢ android.permission.RECEIVE_SMS
2025-12-04 05:56:12.832 10491-10491 MainActivity            com.cdccreditsmart.app               D    â€¢ android.permission.READ_SMS
2025-12-04 05:56:12.832 10491-10491 MainActivity            com.cdccreditsmart.app               D    â€¢ android.permission.READ_CONTACTS
2025-12-04 05:56:12.832 10491-10491 MainActivity            com.cdccreditsmart.app               D    â€¢ android.permission.ANSWER_PHONE_CALLS
2025-12-04 05:56:12.832 10491-10491 MainActivity            com.cdccreditsmart.app               D    â€¢ android.permission.READ_PHONE_NUMBERS
2025-12-04 05:56:12.832 10491-10491 MainActivity            com.cdccreditsmart.app               D    â€¢ android.permission.POST_NOTIFICATIONS
2025-12-04 05:56:12.840 10491-10536 HWUI                    com.cdccreditsmart.app               W  Failed to choose config with EGL_SWAP_BEHAVIOR_PRESERVED, retrying without...
2025-12-04 05:56:12.841 10491-10536 HWUI                    com.cdccreditsmart.app               W  Failed to initialize 101010-2 format, error = EGL_SUCCESS
2025-12-04 05:56:12.842 10491-10491 SpecialPermissionReq    com.cdccreditsmart.app               I  ========================================
2025-12-04 05:56:12.842 10491-10491 SpecialPermissionReq    com.cdccreditsmart.app               I  ğŸ“Š STATUS DAS PERMISSÃ•ES ESPECIAIS
2025-12-04 05:56:12.842 10491-10491 SpecialPermissionReq    com.cdccreditsmart.app               I  ========================================
2025-12-04 05:56:12.844 10491-10491 SpecialPermissionReq    com.cdccreditsmart.app               I    USAGE_STATS: âŒ NÃƒO CONCEDIDA
2025-12-04 05:56:12.845 10491-10491 SpecialPermissionReq    com.cdccreditsmart.app               I    OVERLAY: âŒ NÃƒO CONCEDIDA
2025-12-04 05:56:12.845 10491-10491 SpecialPermissionReq    com.cdccreditsmart.app               W  
2025-12-04 05:56:12.845 10491-10491 SpecialPermissionReq    com.cdccreditsmart.app               W  âš ï¸ PROTEÃ‡ÃƒO ANTI-DESINSTALAÃ‡ÃƒO COMPROMETIDA!
2025-12-04 05:56:12.845 10491-10491 SpecialPermissionReq    com.cdccreditsmart.app               W     Sem essas permissÃµes, a proteÃ§Ã£o via overlay nÃ£o funciona.
2025-12-04 05:56:12.845 10491-10491 SpecialPermissionReq    com.cdccreditsmart.app               W     O usuÃ¡rio conseguirÃ¡ acessar App Info e desinstalar.
2025-12-04 05:56:12.845 10491-10491 SpecialPermissionReq    com.cdccreditsmart.app               I  ========================================
2025-12-04 05:56:12.846 10491-10491 MainActivity            com.cdccreditsmart.app               W  ========================================
2025-12-04 05:56:12.846 10491-10491 MainActivity            com.cdccreditsmart.app               W  âš ï¸ PERMISSÃ•ES ESPECIAIS NECESSÃRIAS
2025-12-04 05:56:12.846 10491-10491 MainActivity            com.cdccreditsmart.app               W  ========================================
2025-12-04 05:56:12.846 10491-10491 MainActivity            com.cdccreditsmart.app               W  Para proteÃ§Ã£o anti-desinstalaÃ§Ã£o funcionar:
2025-12-04 05:56:12.846 10491-10491 MainActivity            com.cdccreditsmart.app               W    âŒ Acesso ao Uso de Apps
2025-12-04 05:56:12.846 10491-10491 MainActivity            com.cdccreditsmart.app               W       Permite detectar quando vocÃª abre as ConfiguraÃ§Ãµes para aplicar proteÃ§Ã£o
2025-12-04 05:56:12.846 10491-10491 MainActivity            com.cdccreditsmart.app               W    âŒ Exibir sobre outros apps
2025-12-04 05:56:12.846 10491-10491 MainActivity            com.cdccreditsmart.app               W       Permite mostrar avisos de proteÃ§Ã£o sobre outros aplicativos
2025-12-04 05:56:12.846 10491-10491 MainActivity            com.cdccreditsmart.app               W  ========================================
2025-12-04 05:56:12.846 10491-10491 MainActivity            com.cdccreditsmart.app               W  O app solicitarÃ¡ essas permissÃµes na prÃ³xima interaÃ§Ã£o
2025-12-04 05:56:12.846 10491-10491 MainActivity            com.cdccreditsmart.app               W  ========================================
2025-12-04 05:56:12.917 10491-10491 CompatChangeReporter    com.cdccreditsmart.app               D  Compat change id reported: 352594277; UID 10222; state: ENABLED
2025-12-04 05:56:12.926 10491-10491 CompatChangeReporter    com.cdccreditsmart.app               D  Compat change id reported: 349153669; UID 10222; state: ENABLED
2025-12-04 05:56:12.930 10491-10491 HWUI                    com.cdccreditsmart.app               W  Unknown dataspace 0
2025-12-04 05:56:12.940 10491-10491 InsetsController        com.cdccreditsmart.app               D  Setting requestedVisibleTypes to -14 (was -9)
2025-12-04 05:56:12.946 10491-10491 CdcForegroundService    com.cdccreditsmart.app               D  ğŸ“± ServiÃ§o onCreate()
2025-12-04 05:56:12.948 10491-10491 CdcForegroundService    com.cdccreditsmart.app               D  âœ… Canal de notificaÃ§Ã£o criado
2025-12-04 05:56:12.949 10491-10491 CdcForegroundService    com.cdccreditsmart.app               I  âœ… ScreenStateReceiver registrado
2025-12-04 05:56:12.950 10491-10491 CdcForegroundService    com.cdccreditsmart.app               D  ğŸš€ ServiÃ§o onStartCommand() - Action: null
2025-12-04 05:56:12.960 10491-10491 CdcForegroundService    com.cdccreditsmart.app               I  âœ… Foreground Service ativo (Android 12+)
2025-12-04 05:56:12.963 10491-10533 CdcForegroundService    com.cdccreditsmart.app               I  ğŸ”§ ========================================
2025-12-04 05:56:12.964 10491-10533 CdcForegroundService    com.cdccreditsmart.app               I  ğŸ”§ INICIANDO initializeServices()...
2025-12-04 05:56:12.964 10491-10533 CdcForegroundService    com.cdccreditsmart.app               I  ğŸ”§ ========================================
2025-12-04 05:56:12.964 10491-10533 CdcForegroundService    com.cdccreditsmart.app               I  ğŸ¢ ========================================
2025-12-04 05:56:12.964 10491-10533 CdcForegroundService    com.cdccreditsmart.app               I  ğŸ¢ APLICANDO POLÃTICAS DE AMBIENTE DE TRABALHO
2025-12-04 05:56:12.964 10491-10533 CdcForegroundService    com.cdccreditsmart.app               I  ğŸ¢ ========================================
2025-12-04 05:56:12.965 10491-10533 WorkPolicyManager       com.cdccreditsmart.app               I  
2025-12-04 05:56:12.966 10491-10533 WorkPolicyManager       com.cdccreditsmart.app               I  â•”â•â•â•â•â•â•â•â•â•â•â•â•â•â•â•â•â•â•â•â•â•â•â•â•â•â•â•â•â•â•â•â•â•â•â•â•â•â•â•â•â•â•â•â•â•â•â•â•â•â•â•â•â•â•â•â•â•â•â•â•â•â•â•â•â•—
2025-12-04 05:56:12.966 10491-10533 WorkPolicyManager       com.cdccreditsmart.app               I  â•‘  ğŸ¢ APLICANDO POLÃTICAS DE AMBIENTE DE TRABALHO                â•‘
2025-12-04 05:56:12.966 10491-10533 WorkPolicyManager       com.cdccreditsmart.app               I  â•‘     CDC CREDIT SMART - PROTEÃ‡ÃƒO EMPRESARIAL                    â•‘
2025-12-04 05:56:12.966 10491-10533 WorkPolicyManager       com.cdccreditsmart.app               I  â•šâ•â•â•â•â•â•â•â•â•â•â•â•â•â•â•â•â•â•â•â•â•â•â•â•â•â•â•â•â•â•â•â•â•â•â•â•â•â•â•â•â•â•â•â•â•â•â•â•â•â•â•â•â•â•â•â•â•â•â•â•â•â•â•â•â•
2025-12-04 05:56:12.966 10491-10533 WorkPolicyManager       com.cdccreditsmart.app               I  
2025-12-04 05:56:12.968 10491-10533 WorkPolicyManager       com.cdccreditsmart.app               I  ğŸ“‹ STATUS DO DISPOSITIVO:
2025-12-04 05:56:12.968 10491-10533 WorkPolicyManager       com.cdccreditsmart.app               I     Device Owner: âŒ NÃƒO
2025-12-04 05:56:12.968 10491-10533 WorkPolicyManager       com.cdccreditsmart.app               I     Device Admin: âŒ NÃƒO
2025-12-04 05:56:12.968 10491-10533 WorkPolicyManager       com.cdccreditsmart.app               I  
2025-12-04 05:56:12.968 10491-10533 WorkPolicyManager       com.cdccreditsmart.app               I  â•â•â•â•â•â•â•â•â•â•â•â•â•â•â•â•â•â•â•â•â•â•â•â•â•â•â•â•â•â•â•â•â•â•â•â•â•â•â•â•â•â•â•â•â•â•â•â•â•â•â•â•â•â•â•â•â•â•â•â•â•â•â•
2025-12-04 05:56:12.968 10491-10533 WorkPolicyManager       com.cdccreditsmart.app               I  âš ï¸ MODO BÃSICO - PROTEÃ‡ÃƒO MÃNIMA
2025-12-04 05:56:12.968 10491-10533 WorkPolicyManager       com.cdccreditsmart.app               I  â•â•â•â•â•â•â•â•â•â•â•â•â•â•â•â•â•â•â•â•â•â•â•â•â•â•â•â•â•â•â•â•â•â•â•â•â•â•â•â•â•â•â•â•â•â•â•â•â•â•â•â•â•â•â•â•â•â•â•â•â•â•â•
2025-12-04 05:56:12.968 10491-10533 WorkPolicyManager       com.cdccreditsmart.app               I  
2025-12-04 05:56:12.968 10491-10533 WorkPolicyManager       com.cdccreditsmart.app               E  âŒ ATENÃ‡ÃƒO: App NÃƒO Ã© Device Owner nem Device Admin!
2025-12-04 05:56:12.968 10491-10533 WorkPolicyManager       com.cdccreditsmart.app               E     â€¢ ProteÃ§Ãµes MDM nÃ£o disponÃ­veis
2025-12-04 05:56:12.968 10491-10533 WorkPolicyManager       com.cdccreditsmart.app               E     â€¢ UsuÃ¡rio pode desinstalar o app livremente
2025-12-04 05:56:12.968 10491-10533 WorkPolicyManager       com.cdccreditsmart.app               E     â€¢ Factory Reset nÃ£o Ã© bloqueÃ¡vel
2025-12-04 05:56:12.968 10491-10533 WorkPolicyManager       com.cdccreditsmart.app               E     â€¢ Aplicando proteÃ§Ãµes alternativas mÃ­nimas...
2025-12-04 05:56:12.968 10491-10533 WorkPolicyManager       com.cdccreditsmart.app               I  
2025-12-04 05:56:12.968 10491-10533 WorkPolicyManager       com.cdccreditsmart.app               I  ğŸ”„ [1/3] PERSISTÃŠNCIA DO APP
2025-12-04 05:56:12.968 10491-10533 WorkPolicyManager       com.cdccreditsmart.app               I  â”€â”€â”€â”€â”€â”€â”€â”€â”€â”€â”€â”€â”€â”€â”€â”€â”€â”€â”€â”€â”€â”€â”€â”€â”€â”€â”€â”€â”€â”€â”€â”€â”€â”€â”€â”€â”€â”€â”€â”€â”€â”€â”€â”€â”€â”€â”€â”€â”€â”€â”€â”€â”€â”€â”€â”€â”€â”€â”€â”€â”€â”€â”€
2025-12-04 05:56:12.969 10491-10533 WorkPolicyManager       com.cdccreditsmart.app               I     â„¹ï¸ Solicitando isenÃ§Ã£o de otimizaÃ§Ã£o de bateria...
2025-12-04 05:56:12.969 10491-10533 WorkPolicyManager       com.cdccreditsmart.app               I     â„¹ï¸ UsuÃ¡rio precisa conceder manualmente em Settings
2025-12-04 05:56:12.969 10491-10533 WorkPolicyManager       com.cdccreditsmart.app               I     âœ… Foreground Service configurado via CdcForegroundService
2025-12-04 05:56:12.969 10491-10533 WorkPolicyManager       com.cdccreditsmart.app               I  
2025-12-04 05:56:12.969 10491-10533 WorkPolicyManager       com.cdccreditsmart.app               I  ğŸ“Š [2/3] MONITORAMENTO BÃSICO
2025-12-04 05:56:12.969 10491-10533 WorkPolicyManager       com.cdccreditsmart.app               I  â”€â”€â”€â”€â”€â”€â”€â”€â”€â”€â”€â”€â”€â”€â”€â”€â”€â”€â”€â”€â”€â”€â”€â”€â”€â”€â”€â”€â”€â”€â”€â”€â”€â”€â”€â”€â”€â”€â”€â”€â”€â”€â”€â”€â”€â”€â”€â”€â”€â”€â”€â”€â”€â”€â”€â”€â”€â”€â”€â”€â”€â”€â”€
2025-12-04 05:56:12.969 10491-10533 WorkPolicyManager       com.cdccreditsmart.app               I     âœ… WorkManager health check agendado
2025-12-04 05:56:12.969 10491-10533 WorkPolicyManager       com.cdccreditsmart.app               I  
2025-12-04 05:56:12.969 10491-10533 WorkPolicyManager       com.cdccreditsmart.app               I  ğŸ”” [3/3] NOTIFICAÃ‡Ã•ES
2025-12-04 05:56:12.969 10491-10533 WorkPolicyManager       com.cdccreditsmart.app               I  â”€â”€â”€â”€â”€â”€â”€â”€â”€â”€â”€â”€â”€â”€â”€â”€â”€â”€â”€â”€â”€â”€â”€â”€â”€â”€â”€â”€â”€â”€â”€â”€â”€â”€â”€â”€â”€â”€â”€â”€â”€â”€â”€â”€â”€â”€â”€â”€â”€â”€â”€â”€â”€â”€â”€â”€â”€â”€â”€â”€â”€â”€â”€
2025-12-04 05:56:12.969 10491-10533 WorkPolicyManager       com.cdccreditsmart.app               I     âœ… Canal de notificaÃ§Ã£o persistente criado
2025-12-04 05:56:12.982 10491-10532 ServiceWatchdogWorker   com.cdccreditsmart.app               I  ğŸ” ========================================
2025-12-04 05:56:12.982 10491-10532 ServiceWatchdogWorker   com.cdccreditsmart.app               I  ğŸ” WATCHDOG: Verificando CdcForegroundService
2025-12-04 05:56:12.982 10491-10532 ServiceWatchdogWorker   com.cdccreditsmart.app               I  ğŸ” ========================================
2025-12-04 05:56:12.982 10491-10533 WorkPolicyManager       com.cdccreditsmart.app               I  
2025-12-04 05:56:12.982 10491-10533 WorkPolicyManager       com.cdccreditsmart.app               I  â•”â•â•â•â•â•â•â•â•â•â•â•â•â•â•â•â•â•â•â•â•â•â•â•â•â•â•â•â•â•â•â•â•â•â•â•â•â•â•â•â•â•â•â•â•â•â•â•â•â•â•â•â•â•â•â•â•â•â•â•â•â•â•â•â•â•—
2025-12-04 05:56:12.982 10491-10533 WorkPolicyManager       com.cdccreditsmart.app               I  â•‘  ğŸ“Š RESUMO DAS POLÃTICAS DE TRABALHO                           â•‘
2025-12-04 05:56:12.982 10491-10533 WorkPolicyManager       com.cdccreditsmart.app               I  â• â•â•â•â•â•â•â•â•â•â•â•â•â•â•â•â•â•â•â•â•â•â•â•â•â•â•â•â•â•â•â•â•â•â•â•â•â•â•â•â•â•â•â•â•â•â•â•â•â•â•â•â•â•â•â•â•â•â•â•â•â•â•â•â•â•£
2025-12-04 05:56:12.982 10491-10533 WorkPolicyManager       com.cdccreditsmart.app               I  â•‘  âš ï¸ NÃ­vel de proteÃ§Ã£o: BASIC
2025-12-04 05:56:12.982 10491-10533 WorkPolicyManager       com.cdccreditsmart.app               I  â•‘  ğŸ“‹ PolÃ­ticas aplicadas: 4
2025-12-04 05:56:12.982 10491-10533 WorkPolicyManager       com.cdccreditsmart.app               I  â• â•â•â•â•â•â•â•â•â•â•â•â•â•â•â•â•â•â•â•â•â•â•â•â•â•â•â•â•â•â•â•â•â•â•â•â•â•â•â•â•â•â•â•â•â•â•â•â•â•â•â•â•â•â•â•â•â•â•â•â•â•â•â•â•â•£
2025-12-04 05:56:12.982 10491-10533 WorkPolicyManager       com.cdccreditsmart.app               I  â•‘  âœ… PROTEÃ‡Ã•ES ATIVAS:
2025-12-04 05:56:12.982 10491-10533 WorkPolicyManager       com.cdccreditsmart.app               I  â•‘     âœ… IsenÃ§Ã£o de otimizaÃ§Ã£o de bateria
2025-12-04 05:56:12.982 10491-10533 WorkPolicyManager       com.cdccreditsmart.app               I  â•‘     âœ… Foreground Service persistente
2025-12-04 05:56:12.982 10491-10533 WorkPolicyManager       com.cdccreditsmart.app               I  â•‘     âœ… Health check periÃ³dico agendado
2025-12-04 05:56:12.982 10491-10533 WorkPolicyManager       com.cdccreditsmart.app               I  â•‘     âœ… Canal de notificaÃ§Ã£o persistente criado
2025-12-04 05:56:12.982 10491-10533 WorkPolicyManager       com.cdccreditsmart.app               I  â• â•â•â•â•â•â•â•â•â•â•â•â•â•â•â•â•â•â•â•â•â•â•â•â•â•â•â•â•â•â•â•â•â•â•â•â•â•â•â•â•â•â•â•â•â•â•â•â•â•â•â•â•â•â•â•â•â•â•â•â•â•â•â•â•â•£
2025-12-04 05:56:12.982 10491-10533 WorkPolicyManager       com.cdccreditsmart.app               I  â•‘  âš ï¸ AVISOS:
2025-12-04 05:56:12.982 10491-10533 WorkPolicyManager       com.cdccreditsmart.app               W  â•‘     âŒ CRÃTICO: DesinstalaÃ§Ã£o NÃƒO bloqueÃ¡vel
2025-12-04 05:56:12.982 10491-10533 WorkPolicyManager       com.cdccreditsmart.app               W  â•‘     âŒ CRÃTICO: Factory Reset NÃƒO bloqueÃ¡vel
2025-12-04 05:56:12.982 10491-10533 WorkPolicyManager       com.cdccreditsmart.app               W  â•‘     âŒ CRÃTICO: Force Stop NÃƒO bloqueÃ¡vel
2025-12-04 05:56:12.982 10491-10533 WorkPolicyManager       com.cdccreditsmart.app               W  â•‘     âŒ CRÃTICO: Clear Data NÃƒO bloqueÃ¡vel
2025-12-04 05:56:12.982 10491-10533 WorkPolicyManager       com.cdccreditsmart.app               W  â•‘     âš ï¸ RecomendaÃ§Ã£o: Configurar como Device Owner via QR Code ou ADB
2025-12-04 05:56:12.982 10491-10533 WorkPolicyManager       com.cdccreditsmart.app               I  â•šâ•â•â•â•â•â•â•â•â•â•â•â•â•â•â•â•â•â•â•â•â•â•â•â•â•â•â•â•â•â•â•â•â•â•â•â•â•â•â•â•â•â•â•â•â•â•â•â•â•â•â•â•â•â•â•â•â•â•â•â•â•â•â•â•â•
2025-12-04 05:56:12.982 10491-10533 WorkPolicyManager       com.cdccreditsmart.app               I  
2025-12-04 05:56:12.982 10491-10533 CdcForegroundService    com.cdccreditsmart.app               I  ğŸ¢ Resultado: BASIC
2025-12-04 05:56:12.982 10491-10533 CdcForegroundService    com.cdccreditsmart.app               I  ğŸ¢ PolÃ­ticas aplicadas: 4/5
2025-12-04 05:56:12.982 10491-10533 CdcForegroundService    com.cdccreditsmart.app               W  ğŸ¢ âŒ CRÃTICO: DesinstalaÃ§Ã£o NÃƒO bloqueÃ¡vel
2025-12-04 05:56:12.982 10491-10533 CdcForegroundService    com.cdccreditsmart.app               W  ğŸ¢ âŒ CRÃTICO: Factory Reset NÃƒO bloqueÃ¡vel
2025-12-04 05:56:12.982 10491-10533 CdcForegroundService    com.cdccreditsmart.app               W  ğŸ¢ âŒ CRÃTICO: Force Stop NÃƒO bloqueÃ¡vel
2025-12-04 05:56:12.982 10491-10533 CdcForegroundService    com.cdccreditsmart.app               W  ğŸ¢ âŒ CRÃTICO: Clear Data NÃƒO bloqueÃ¡vel
2025-12-04 05:56:12.982 10491-10533 CdcForegroundService    com.cdccreditsmart.app               W  ğŸ¢ âš ï¸ RecomendaÃ§Ã£o: Configurar como Device Owner via QR Code ou ADB
2025-12-04 05:56:12.982 10491-10533 CdcForegroundService    com.cdccreditsmart.app               I  ğŸ¢ ========================================
2025-12-04 05:56:12.982 10491-10533 CdcForegroundService    com.cdccreditsmart.app               I  ğŸ›¡ï¸ ========================================
2025-12-04 05:56:12.982 10491-10533 CdcForegroundService    com.cdccreditsmart.app               I  ğŸ›¡ï¸ INICIANDO SETTINGS GUARD (PROTEÃ‡ÃƒO AGRESSIVA)
2025-12-04 05:56:12.982 10491-10533 CdcForegroundService    com.cdccreditsmart.app               I  ğŸ›¡ï¸ ========================================
2025-12-04 05:56:12.983 10491-10532 KeepAliveManager        com.cdccreditsmart.app               D  âœ… CdcForegroundService estÃ¡ ativo
2025-12-04 05:56:12.986 10491-10533 SettingsGuardService    com.cdccreditsmart.app               I  ğŸ›¡ï¸ SettingsGuard INICIADO
2025-12-04 05:56:12.986 10491-10533 SettingsGuardService    com.cdccreditsmart.app               I     Modo de proteÃ§Ã£o: BASIC
2025-12-04 05:56:12.986 10491-10533 SettingsGuardService    com.cdccreditsmart.app               I     âš ï¸ Sem privilÃ©gios: ProteÃ§Ã£o AGRESSIVA ativada
2025-12-04 05:56:12.986 10491-10533 SettingsGuardService    com.cdccreditsmart.app               I     ğŸ“¡ Monitorando Settings a cada 600ms
2025-12-04 05:56:12.986 10491-10533 SettingsGuardService    com.cdccreditsmart.app               W  âš ï¸ Sem permissÃ£o PACKAGE_USAGE_STATS
2025-12-04 05:56:12.986 10491-10533 SettingsGuardService    com.cdccreditsmart.app               W     Monitoramento via ActivityManager (menos preciso)
2025-12-04 05:56:12.986 10491-10533 SettingsGuardService    com.cdccreditsmart.app               W  âš ï¸ Sem permissÃ£o SYSTEM_ALERT_WINDOW
2025-12-04 05:56:12.986 10491-10533 SettingsGuardService    com.cdccreditsmart.app               W     Overlays de bloqueio nÃ£o funcionarÃ£o
2025-12-04 05:56:12.991 10491-10533 CdcForegroundService    com.cdccreditsmart.app               I  ğŸ›¡ï¸ Guard ativo: true
2025-12-04 05:56:12.991 10491-10533 CdcForegroundService    com.cdccreditsmart.app               I  ğŸ›¡ï¸ Modo proteÃ§Ã£o: BASIC
2025-12-04 05:56:12.991 10491-10533 CdcForegroundService    com.cdccreditsmart.app               I  ğŸ›¡ï¸ Modo agressivo: false
2025-12-04 05:56:12.991 10491-10533 CdcForegroundService    com.cdccreditsmart.app               I  ğŸ›¡ï¸ UsageStats: âŒ INATIVO
2025-12-04 05:56:12.991 10491-10533 CdcForegroundService    com.cdccreditsmart.app               I  ğŸ›¡ï¸ Overlay: âŒ INATIVO
2025-12-04 05:56:12.991 10491-10533 CdcForegroundService    com.cdccreditsmart.app               W  ğŸ›¡ï¸ âš ï¸ UsageStats necessÃ¡rio para monitorar Settings!
2025-12-04 05:56:12.991 10491-10533 CdcForegroundService    com.cdccreditsmart.app               W  ğŸ›¡ï¸ âš ï¸ Overlay necessÃ¡rio para bloquear acesso!
2025-12-04 05:56:12.991 10491-10533 CdcForegroundService    com.cdccreditsmart.app               I  ğŸ›¡ï¸ ========================================
2025-12-04 05:56:12.994 10491-10532 ServiceWatchdogWorker   com.cdccreditsmart.app               I  ğŸ“Š EstatÃ­sticas Keep Alive:
2025-12-04 05:56:12.994 10491-10532 ServiceWatchdogWorker   com.cdccreditsmart.app               I     - ServiÃ§o ativo: true
2025-12-04 05:56:12.994 10491-10532 ServiceWatchdogWorker   com.cdccreditsmart.app               I     - Restarts: 0
2025-12-04 05:56:12.994 10491-10532 ServiceWatchdogWorker   com.cdccreditsmart.app               I     - OtimizaÃ§Ã£o bateria: SIM (ruim)
2025-12-04 05:56:12.994 10491-10532 ServiceWatchdogWorker   com.cdccreditsmart.app               I  ğŸ” ========================================
2025-12-04 05:56:12.994 10491-10532 ServiceWatchdogWorker   com.cdccreditsmart.app               I  âœ… WATCHDOG: ServiÃ§o verificado/reiniciado com sucesso
2025-12-04 05:56:12.999 10491-10529 WM-WorkerWrapper        com.cdccreditsmart.app               I  Worker result SUCCESS for Work [ id=eb3fe71d-fb30-41c9-aecf-7a81a30a99e0, tags={ com.cdccreditsmart.app.keepalive.ServiceWatchdogWorker } ]
2025-12-04 05:56:13.208 10491-10491 DeviceOwnerCheckVM      com.cdccreditsmart.app               I  ========================================
2025-12-04 05:56:13.208 10491-10491 DeviceOwnerCheckVM      com.cdccreditsmart.app               I  ğŸ” Verificando status de Device Owner...
2025-12-04 05:56:13.836 10491-10541 ContractCodeStorage     com.cdccreditsmart.app               D  Retrieving contract code from storage
2025-12-04 05:56:13.865 10491-10491 DeviceUtils             com.cdccreditsmart.app               D  Device Owner check: false
2025-12-04 05:56:13.865 10491-10491 DeviceUtils             com.cdccreditsmart.app               D  Samsung device: false (Manufacturer: Google)
2025-12-04 05:56:13.865 10491-10491 DeviceOwnerCheckVM      com.cdccreditsmart.app               W  âŒ Dispositivo NÃƒO Ã© Device Owner
2025-12-04 05:56:13.865 10491-10491 DeviceOwnerCheckVM      com.cdccreditsmart.app               W  Dispositivo: Google sdk_gphone64_x86_64 (Android 16)
2025-12-04 05:56:13.866 10491-10491 DeviceOwnerCheckVM      com.cdccreditsmart.app               W  Samsung: false
2025-12-04 05:56:13.866 10491-10491 DeviceOwnerCheckVM      com.cdccreditsmart.app               I  ========================================
