2025-12-09 16:00:16.846  1565-1657  ApplicationHelper       pid-1565                             E  Fail to get PackageManager
2025-12-09 16:00:16.846  1565-1657  ApplicationHelper       pid-1565                             E  Fail to get PackageManager
2025-12-09 16:00:16.846  1565-1657  ApplicationHelper       pid-1565                             E  Fail to get PackageManager
2025-12-09 16:00:16.846  5656-15192 SceneController         pid-5656                             D  checkCanShow canShow: true  changed false 
2025-12-09 16:00:16.846  1565-1657  ApplicationHelper       pid-1565                             E  Fail to get PackageManager
2025-12-09 16:00:16.846  1565-1657  ApplicationHelper       pid-1565                             E  Fail to get PackageManager
2025-12-09 16:00:16.847  1565-1657  ApplicationHelper       pid-1565                             E  Fail to get PackageManager
2025-12-09 16:00:16.847  5656-5656  HandleModeManager       pid-5656                             D  onScenesChange : false
2025-12-09 16:00:16.848  4180-4180  Module                  pid-4180                             I  DeviceLockedStatusModuleProvider$Module.updateDeviceLockedStatus():100 repeatCheckTimes = 1, locked = false
2025-12-09 16:00:16.848  1565-1645  PackageConfigPersister  pid-1565                             W  App-specific configuration not found for packageName: com.transsion.XOSLauncher and userId: 0
2025-12-09 16:00:16.857  1022-1022  SurfaceFlinger          pid-1022                             E  Out of order buffers detected for RequestedLayerState{com.transsion.XOSLauncher/com.android.launcher3.uioverrides.QuickstepLauncher#1353 parentId=947} producedId=19 frameNumber=58 -> producedId=19 frameNumber=3
2025-12-09 16:00:16.857  1022-1022  SurfaceFlinger          pid-1022                             I  onHandleDestroyed: name=Splash Screen com.cdccreditsmart.app#1362, layerId=1362, parentId=0
2025-12-09 16:00:16.857  1022-1022  SurfaceFlinger          pid-1022                             I  onHandleDestroyed: name=com.android.settings/com.android.settings.applications.InstalledAppDetails#1344, layerId=1344, parentId=0
2025-12-09 16:00:16.858  1022-1088  surfaceflinger          pid-1022                             E  == MALI DEBUG ===eglp_winsys_populate_image_templates ==12288
2025-12-09 16:00:16.860   927-1018  hwcomposer              pid-927                              I  [HWCDisplay] [Display_0 (type:1)] fps:8.958249,dur:1004.66,max:867.92,min:14.05  
2025-12-09 16:00:16.873  1022-1022  SurfaceFlinger          pid-1022                             E  Out of order buffers detected for RequestedLayerState{com.transsion.XOSLauncher/com.android.launcher3.uioverrides.QuickstepLauncher#1353 parentId=947} producedId=19 frameNumber=58 -> producedId=19 frameNumber=4
2025-12-09 16:00:16.874  1022-1022  BufferQueueDebug        pid-1022                             I  [com.android.settings/com.android.settings.applications.InstalledAppDetails#1344](this:0xb400007b7ab23168,id:-1,api:0,p:-1,c:1022) onDestructor()
2025-12-09 16:00:16.874  1022-1022  BufferQueueDebug        pid-1022                             I  [Splash Screen com.cdccreditsmart.app#1362](this:0xb400007b7ab4af48,id:-1,api:0,p:-1,c:1022) onDestructor()
2025-12-09 16:00:16.877  1022-1088  surfaceflinger          pid-1022                             E  == MALI DEBUG ===eglp_winsys_populate_image_templates ==12288
2025-12-09 16:00:16.890  1022-1022  SurfaceFlinger          pid-1022                             E  Out of order buffers detected for RequestedLayerState{com.transsion.XOSLauncher/com.android.launcher3.uioverrides.QuickstepLauncher#1353 parentId=947} producedId=19 frameNumber=58 -> producedId=19 frameNumber=5
2025-12-09 16:00:16.891  1022-1088  surfaceflinger          pid-1022                             E  == MALI DEBUG ===eglp_winsys_populate_image_templates ==12288
2025-12-09 16:00:16.898  1565-1645  os.permiss...issionInfo pid-1565                             D  checkPermission 10169:android.permission.INTERACT_ACROSS_USERS:true
2025-12-09 16:00:16.898  1565-1645  os.permission           pid-1565                             I  Grant permission: android.permission.INTERACT_ACROSS_USERS to uid: 10169
2025-12-09 16:00:16.901  3459-5153  ApkController           pid-3459                             D  onTaskStackChanged 
2025-12-09 16:00:16.901  3459-10957 ApkController           pid-3459                             D  [handleMessage] --> start 1
2025-12-09 16:00:16.902  3576-3690  RecentAnalytics#        pid-3576                             I  addTracker start...
2025-12-09 16:00:16.902  3576-3801  RecentAnalytics#        pid-3576                             I  start track event...
2025-12-09 16:00:16.902  3576-3690  RecentAnalytics#        pid-3576                             I  addTracker start...
2025-12-09 16:00:16.902  3576-3801  RecentAnalytics#        pid-3576                             I  start track event...
2025-12-09 16:00:16.907  1022-1022  SurfaceFlinger          pid-1022                             E  Out of order buffers detected for RequestedLayerState{com.transsion.XOSLauncher/com.android.launcher3.uioverrides.QuickstepLauncher#1353 parentId=947} producedId=19 frameNumber=58 -> producedId=19 frameNumber=6
2025-12-09 16:00:16.913  1565-1887  mtkpower_client         pid-1565                             I  perf_lock_rel, hdl:2021, tid:1887
2025-12-09 16:00:16.913   956-1025  libPowerHal             pid-956                              I  [PD] system_server update cmd:1408300 param:0
2025-12-09 16:00:16.917  5656-5656  SmartPanelService       pid-5656                             I  MSG_TASK_FOCUS
2025-12-09 16:00:16.918  5656-5656  ScenesManager           pid-5656                             I  handlerTaskChange new TaskId  old TaskId 
2025-12-09 16:00:16.923  1022-1022  SurfaceFlinger          pid-1022                             E  Out of order buffers detected for RequestedLayerState{com.transsion.XOSLauncher/com.android.launcher3.uioverrides.QuickstepLauncher#1353 parentId=947} producedId=19 frameNumber=58 -> producedId=19 frameNumber=7
2025-12-09 16:00:16.940  1022-1022  SurfaceFlinger          pid-1022                             E  Out of order buffers detected for RequestedLayerState{com.transsion.XOSLauncher/com.android.launcher3.uioverrides.QuickstepLauncher#1353 parentId=947} producedId=19 frameNumber=58 -> producedId=19 frameNumber=8
2025-12-09 16:00:16.957  1022-1022  SurfaceFlinger          pid-1022                             E  Out of order buffers detected for RequestedLayerState{com.transsion.XOSLauncher/com.android.launcher3.uioverrides.QuickstepLauncher#1353 parentId=947} producedId=19 frameNumber=58 -> producedId=19 frameNumber=9
2025-12-09 16:00:16.968  5656-5656  ScenesManager           pid-5656                             I  MSG_ACTIVITY_CHECK
2025-12-09 16:00:16.973  1022-1022  SurfaceFlinger          pid-1022                             E  Out of order buffers detected for RequestedLayerState{com.transsion.XOSLauncher/com.android.launcher3.uioverrides.QuickstepLauncher#1353 parentId=947} producedId=19 frameNumber=58 -> producedId=19 frameNumber=10
2025-12-09 16:00:16.974  1022-1022  BufferQueueProducer     pid-1022                             I  [NavigationBar0#976](this:0xb400007b7aab9b98,id:-1,api:0,p:-1,c:1022) queueBuffer: fps=10.73 dur=2422.02 max=2054.69 min=7.70
2025-12-09 16:00:16.978  1565-3064  TranAppBri...Controller pid-1565                             D  [handleMessage] msg type: 1001 isCloudEnabled: true
2025-12-09 16:00:16.978  4704-4704  TPMS                    pid-4704                             I  onKeepAliveTrigger type = 1, interval = 0
2025-12-09 16:00:16.979  1565-3064  WindowManager           pid-1565                             D  getTopPackages# topPackages = []
2025-12-09 16:00:16.979  1565-3064  TranAppBri...Controller pid-1565                             D  [onForegroundAppchange] ForegroundPackage: com.transsion.XOSLauncher splitScreen: false multiWindow: false mIsPinned:false
2025-12-09 16:00:16.990  1022-1022  SurfaceFlinger          pid-1022                             E  Out of order buffers detected for RequestedLayerState{com.transsion.XOSLauncher/com.android.launcher3.uioverrides.QuickstepLauncher#1353 parentId=947} producedId=19 frameNumber=58 -> producedId=19 frameNumber=11
2025-12-09 16:00:17.007  1022-1022  SurfaceFlinger          pid-1022                             E  Out of order buffers detected for RequestedLayerState{com.transsion.XOSLauncher/com.android.launcher3.uioverrides.QuickstepLauncher#1353 parentId=947} producedId=19 frameNumber=58 -> producedId=19 frameNumber=12
2025-12-09 16:00:17.024  1022-1022  SurfaceFlinger          pid-1022                             E  Out of order buffers detected for RequestedLayerState{com.transsion.XOSLauncher/com.android.launcher3.uioverrides.QuickstepLauncher#1353 parentId=947} producedId=19 frameNumber=58 -> producedId=19 frameNumber=13
2025-12-09 16:00:17.040  1022-1022  SurfaceFlinger          pid-1022                             E  Out of order buffers detected for RequestedLayerState{com.transsion.XOSLauncher/com.android.launcher3.uioverrides.QuickstepLauncher#1353 parentId=947} producedId=19 frameNumber=58 -> producedId=19 frameNumber=14
2025-12-09 16:00:17.057  1022-1022  SurfaceFlinger          pid-1022                             E  Out of order buffers detected for RequestedLayerState{com.transsion.XOSLauncher/com.android.launcher3.uioverrides.QuickstepLauncher#1353 parentId=947} producedId=19 frameNumber=58 -> producedId=19 frameNumber=15
2025-12-09 16:00:17.074  1022-1022  SurfaceFlinger          pid-1022                             E  Out of order buffers detected for RequestedLayerState{com.transsion.XOSLauncher/com.android.launcher3.uioverrides.QuickstepLauncher#1353 parentId=947} producedId=19 frameNumber=58 -> producedId=19 frameNumber=16
2025-12-09 16:00:17.075   956-997   libPerfCtl              pid-956                              I  xgfGetFPS pid:3576 fps:47
2025-12-09 16:00:17.075   956-997   AppThermalMode          pid-956                              I  [perfNotifyThermalState] hdl:0
2025-12-09 16:00:17.075   956-997   AppThermalMode          pid-956                              I  [findAppThermalIdx] Fail: appThermalModeEnable: 0,currentFPS: -1,fg->pid:26393
2025-12-09 16:00:17.075   956-997   AppThermalMode          pid-956                              I  [perfNotifyThermalState] appThermalIdx -1:
2025-12-09 16:00:17.075   956-997   libPerfCtl              pid-956                              I  xgfGetFPS pid:20060 fps:-1
2025-12-09 16:00:17.075   956-997   AppThermalMode          pid-956                              I  [perfNotifyThermalState] hdl:0
2025-12-09 16:00:17.075   956-997   AppThermalMode          pid-956                              I  [findAppThermalIdx] Fail: appThermalModeEnable: 0,currentFPS: -1,fg->pid:26393
2025-12-09 16:00:17.075   956-997   AppThermalMode          pid-956                              I  [perfNotifyThermalState] appThermalIdx -1:
2025-12-09 16:00:17.075   956-997   libPerfCtl              pid-956                              I  xgfGetFPS pid:22223 fps:60
2025-12-09 16:00:17.075   956-997   AppThermalMode          pid-956                              I  [perfNotifyThermalState] hdl:0
2025-12-09 16:00:17.075   956-997   AppThermalMode          pid-956                              I  [findAppThermalIdx] Fail: appThermalModeEnable: 0,currentFPS: -1,fg->pid:26393
2025-12-09 16:00:17.075   956-997   AppThermalMode          pid-956                              I  [perfNotifyThermalState] appThermalIdx -1:
2025-12-09 16:00:17.075   956-997   libPerfCtl              pid-956                              I  xgfGetFPS pid:25141 fps:-1
2025-12-09 16:00:17.075   956-997   AppThermalMode          pid-956                              I  [perfNotifyThermalState] hdl:0
2025-12-09 16:00:17.075   956-997   AppThermalMode          pid-956                              I  [findAppThermalIdx] Fail: appThermalModeEnable: 0,currentFPS: -1,fg->pid:26393
2025-12-09 16:00:17.075   956-997   AppThermalMode          pid-956                              I  [perfNotifyThermalState] appThermalIdx -1:
2025-12-09 16:00:17.090  1022-1022  SurfaceFlinger          pid-1022                             E  Out of order buffers detected for RequestedLayerState{com.transsion.XOSLauncher/com.android.launcher3.uioverrides.QuickstepLauncher#1353 parentId=947} producedId=19 frameNumber=58 -> producedId=19 frameNumber=17
2025-12-09 16:00:17.107  1022-1022  SurfaceFlinger          pid-1022                             E  Out of order buffers detected for RequestedLayerState{com.transsion.XOSLauncher/com.android.launcher3.uioverrides.QuickstepLauncher#1353 parentId=947} producedId=19 frameNumber=58 -> producedId=19 frameNumber=18
2025-12-09 16:00:17.119  5656-15720 ScenesManager           pid-5656                             I  put createTaskId 
2025-12-09 16:00:17.122  5656-15720 THubApi                 pid-5656                             D  getWindowingMode TaskInfo{userId=0 taskId=7 displayId=0 isRunning=true baseIntent=Intent { act=android.intent.action.MAIN cat=[android.intent.category.HOME] flg=0x10208000 cmp=com.transsion.XOSLauncher/com.android.launcher3.uioverrides.QuickstepLauncher } baseActivity=ComponentInfo{com.transsion.XOSLauncher/com.android.launcher3.uioverrides.QuickstepLauncher} topActivity=ComponentInfo{com.transsion.XOSLauncher/com.android.launcher3.uioverrides.QuickstepLauncher} origActivity=null realActivity=ComponentInfo{com.transsion.XOSLauncher/com.android.launcher3.uioverrides.QuickstepLauncher} numActivities=1 lastActiveTime=1295661 supportsMultiWindow=false resizeMode=2 isResizeable=true minWidth=-1 minHeight=-1 defaultMinSize=110 token=WCT{android.window.IWindowContainerToken$Stub$Proxy@22304d4} topActivityType=2 pictureInPictureParams=null shouldDockBigOverlays=false launchIntoPipHostTaskId=-1 lastParentTaskIdBeforePip=-1 displayCutoutSafeInsets=null topActivityInfo=ActivityInfo{459d67d com.android.launcher3.uioverrides.QuickstepLauncher} launchCookies=[] positionInParent=Point(0, 0) parentTaskId=-1 isFocused=true isVisible=true isVisibleRequested=true isSleeping=false locusId=LocusId[17_chars] displayAreaFeatureId=1 isTopActivityTransparent=false appCompatTaskInfo=AppCompatTaskInfo { topActivityInSizeCompat=false topActivityEligibleForLetterboxEducation= falseisLetterboxEducationEnabled= false isLetterboxDoubleTapEnabled= false topActivityEligibleForUserAspectRatioButton= false topActivityBoundsLetterboxed= false isFromLetterboxDoubleTap= false topActivityLetterboxVerticalPosition= -1 topActivityLetterboxHorizontalPosition= -1 topActivityLetterboxWidth=1080 topActivityLetterboxHeight=2436 isUserFullscreenOverrideEnabled=false isSystemFullscreenOverrideEnabled=false cameraCompatTaskInfo=CameraCompatTaskInfo { cameraCompatControlState=hidden freeformCameraCompatMode=inactive}}}
2025-12-09 16:00:17.123  5656-15720 THubApi                 pid-5656                             I  isTheMainScreen classname: com.android.launcher3.uioverrides.QuickstepLauncher  pkg:com.transsion.XOSLauncher
2025-12-09 16:00:17.124  1022-1022  SurfaceFlinger          pid-1022                             E  Out of order buffers detected for RequestedLayerState{com.transsion.XOSLauncher/com.android.launcher3.uioverrides.QuickstepLauncher#1353 parentId=947} producedId=19 frameNumber=58 -> producedId=19 frameNumber=19
2025-12-09 16:00:17.125  1565-1645  TranActivi...gerService pid-1565                             D  isTheMainScreen, displayId = 0, classname = com.android.launcher3.uioverrides.QuickstepLauncher
2025-12-09 16:00:17.126  5656-15720 THubApi                 pid-5656                             D  getUserId TaskInfo{userId=0 taskId=7 displayId=0 isRunning=true baseIntent=Intent { act=android.intent.action.MAIN cat=[android.intent.category.HOME] flg=0x10208000 cmp=com.transsion.XOSLauncher/com.android.launcher3.uioverrides.QuickstepLauncher } baseActivity=ComponentInfo{com.transsion.XOSLauncher/com.android.launcher3.uioverrides.QuickstepLauncher} topActivity=ComponentInfo{com.transsion.XOSLauncher/com.android.launcher3.uioverrides.QuickstepLauncher} origActivity=null realActivity=ComponentInfo{com.transsion.XOSLauncher/com.android.launcher3.uioverrides.QuickstepLauncher} numActivities=1 lastActiveTime=1295661 supportsMultiWindow=false resizeMode=2 isResizeable=true minWidth=-1 minHeight=-1 defaultMinSize=110 token=WCT{android.window.IWindowContainerToken$Stub$Proxy@22304d4} topActivityType=2 pictureInPictureParams=null shouldDockBigOverlays=false launchIntoPipHostTaskId=-1 lastParentTaskIdBeforePip=-1 displayCutoutSafeInsets=null topActivityInfo=ActivityInfo{459d67d com.android.launcher3.uioverrides.QuickstepLauncher} launchCookies=[] positionInParent=Point(0, 0) parentTaskId=-1 isFocused=true isVisible=true isVisibleRequested=true isSleeping=false locusId=LocusId[17_chars] displayAreaFeatureId=1 isTopActivityTransparent=false appCompatTaskInfo=AppCompatTaskInfo { topActivityInSizeCompat=false topActivityEligibleForLetterboxEducation= falseisLetterboxEducationEnabled= false isLetterboxDoubleTapEnabled= false topActivityEligibleForUserAspectRatioButton= false topActivityBoundsLetterboxed= false isFromLetterboxDoubleTap= false topActivityLetterboxVerticalPosition= -1 topActivityLetterboxHorizontalPosition= -1 topActivityLetterboxWidth=1080 topActivityLetterboxHeight=2436 isUserFullscreenOverrideEnabled=false isSystemFullscreenOverrideEnabled=false cameraCompatTaskInfo=CameraCompatTaskInfo { cameraCompatControlState=hidden freeformCameraCompatMode=inactive}}}
2025-12-09 16:00:17.140  1022-1022  SurfaceFlinger          pid-1022                             E  Out of order buffers detected for RequestedLayerState{com.transsion.XOSLauncher/com.android.launcher3.uioverrides.QuickstepLauncher#1353 parentId=947} producedId=19 frameNumber=58 -> producedId=19 frameNumber=20
2025-12-09 16:00:17.155 22223-22263 ShellTrans..._interrupt pid-22223                            D  finish handler: com.android.wm.shell.transition.DefaultTransitionHandler@fbeb90f
2025-12-09 16:00:17.155 22223-22263 ShellTrans..._interrupt pid-22223                            D  onFinish: isLauncherReUseLeash = false
2025-12-09 16:00:17.155 22223-22263 WindowManagerShell      pid-22223                            V  Transition animation finished (aborted=false), notifying core (#110) android.os.BinderProxy@22b0c12@0
2025-12-09 16:00:17.156 22223-22263 ShellTransitions        pid-22223                            D  Applied finish transaction
2025-12-09 16:00:17.156 22223-22263 ShellTrans..._interrupt pid-22223                            D  onFinish finish apply
2025-12-09 16:00:17.157  1565-3363  WindowOrga...Controller pid-1565                             D  WCT isInterrupt: false
2025-12-09 16:00:17.157  1022-1022  SurfaceFlinger          pid-1022                             E  Out of order buffers detected for RequestedLayerState{com.transsion.XOSLauncher/com.android.launcher3.uioverrides.QuickstepLauncher#1353 parentId=947} producedId=19 frameNumber=58 -> producedId=19 frameNumber=21
2025-12-09 16:00:17.158  1022-4839  SurfaceFlinger          pid-1022                             D  [SF client] REMOVE (0xb400007aaa942a00) for (1565:system_server)
2025-12-09 16:00:17.158  1022-4133  SurfaceFlinger          pid-1022                             I  onHandleDestroyed: name=61f9079 com.cdccreditsmart.app/com.cdccreditsmart.app.blocking.BlockedAppExplanationActivity#1366, layerId=1366, parentId=0
2025-12-09 16:00:17.159  1565-1708  mtkpower_client         pid-1565                             I  perf_lock_rel, hdl:2022, tid:1708
2025-12-09 16:00:17.159   956-975   mtkpower@impl           pid-956                              I  [setMode] type:6, enabled:0
2025-12-09 16:00:17.159   956-975   mtkpower@impl           pid-956                              E  [setMode] unknown type
2025-12-09 16:00:17.159  1022-1083  SurfaceFlinger          pid-1022                             I  onHandleDestroyed: name=272573a ActivityRecordInputSink com.cdccreditsmart.app/.blocking.BlockedAppExplanationActivity#1367, layerId=1367, parentId=0
2025-12-09 16:00:17.160  1565-3363  WindowManager           pid-1565                             D  setParent old=Task{3eec148 #34 type=standard A=10287:com.cdccreditsmart.app},new=null,this window=ActivityRecord{e904e65 u0 com.cdccreditsmart.app/.blocking.BlockedAppExplanationActivity t34 f}},callers=com.android.server.wm.WindowContainer.removeChild:862 com.android.server.wm.TaskFragment.removeChild:3257 com.android.server.wm.Task.removeChild:1590 com.android.server.wm.Task.removeChild:1573 com.android.server.wm.WindowContainer.removeImmediately:932 com.android.server.wm.WindowToken.removeImmediately:359 
2025-12-09 16:00:17.160   956-1025  libPowerHal             pid-956                              I  [unsetGPUFreq] current min:0, max:0; scn_gpu_min:0, scn_gpu_max:-1; scn_gpu_min(HL):-1, scn_gpu_max(HL):-1
2025-12-09 16:00:17.160   956-1025  libPowerHal             pid-956                              I  MTKPOWER_HINT_LAUNCHER_ANIMA: set gpu opp level: 44
2025-12-09 16:00:17.160   956-1025  libPowerHal             pid-956                              I  MTKPOWER_HINT_LAUNCHER_ANIMA: set gpu opp level max: 0
2025-12-09 16:00:17.160   956-1025  libPowerHal             pid-956                              I  [setGPUFreq] Soft min/max = (44, 0); Hard min/max = (44, 0)
2025-12-09 16:00:17.160   956-1025  libPowerHal             pid-956                              I  [setGPUFreq] final min/max = (44, 0)
2025-12-09 16:00:17.160   956-1025  libPowerHal             pid-956                              I  MTKPOWER_HINT_LAUNCHER_ANIMA: set gpu opp level: 44
2025-12-09 16:00:17.160   956-1025  libPowerHal             pid-956                              I  MTKPOWER_HINT_LAUNCHER_ANIMA: set gpu opp level max: 0
2025-12-09 16:00:17.161  1203-1203  uas-service             pid-1203                             D  set scene=0x80000004 success
2025-12-09 16:00:17.161  1022-1083  BufferQueueDebug        pid-1022                             I  [Task=34#1372](this:0xb400007b7ab4af48,id:-1,api:0,p:-1,c:-1) BufferQueue core=(1022:/system/bin/surfaceflinger)
2025-12-09 16:00:17.162  1565-1656  WindowManager           pid-1565                             V  Finish Transition (#110): created at 12-09 16:00:16.701 collect-started=0.07ms request-sent=0.423ms started=8.01ms ready=70.515ms sent=78.274ms finished=456.257ms
2025-12-09 16:00:17.162  1565-3363  WindowManager           pid-1565                             D  setParent old=DefaultTaskDisplayArea@232118585,new=null,this window=Task{3eec148 #34 type=standard A=10287:com.cdccreditsmart.app},callers=com.android.server.wm.WindowContainer.removeChild:862 com.android.server.wm.TaskDisplayArea.removeChildTask:418 com.android.server.wm.TaskDisplayArea.removeChild:409 com.android.server.wm.WindowContainer.removeImmediately:932 com.android.server.wm.TaskFragment.removeImmediately:3337 com.android.server.wm.Task.removeImmediately:2790 
2025-12-09 16:00:17.163  1565-3363  MagellanHandle          pid-1565                             D  updateRefreshRateForSceneVsyncs what = 21
2025-12-09 16:00:17.164 22223-22263 ShellEventHandler       pid-22223                            D  onTransitionFinished CLOSE token=android.os.BinderProxy@22b0c12
2025-12-09 16:00:17.164 22223-22263 WindowManagerShell      pid-22223                            V  Track 0 became idle
2025-12-09 16:00:17.164 22223-22263 WindowManagerShell      pid-22223                            V  All active transition animations finished
2025-12-09 16:00:17.164  1565-1859  Process                 pid-1565                             I  String at 0: 0x7baa296601 = SFMainPolicy
2025-12-09 16:00:17.164  1565-1859  Process                 pid-1565                             I  String at 0: 0x7baa296601 = SFRenderEnginePolicy
2025-12-09 16:00:17.164  1565-1859  TranCPUBooster          pid-1565                             D  [setAffinity] Pid:5656 mask:0-7
2025-12-09 16:00:17.166  1565-3792  Hiber/fastState         pid-1565                             I  fastUnFreeze reason=appStart timeout size=10 uids=[10066, 10131, 10165, 10208, 10209, 10210, 10215, 10231, 10242, 10265] about costTime=12ms
2025-12-09 16:00:17.166  3576-3576  TopTaskTracker          pid-3576                             I  onTaskRemoved: taskId=34
2025-12-09 16:00:17.166  1565-3363  UserManagerService      pid-1565                             W  Requested status bar icon for non-badged user 0
2025-12-09 16:00:17.166  1565-1859  Hiber/fastState         pid-1565                             I  do fastUnfreeze reason=cpuboost delay=0
2025-12-09 16:00:17.166  3576-3576  TopTaskTracker          pid-3576                             I  onTaskRemoved: taskId=34
2025-12-09 16:00:17.167  1565-3363  UserManagerService      pid-1565                             W  Requested status bar icon for non-badged user 0
2025-12-09 16:00:17.167  4794-4919  KunPengSdk              pid-4794                             W  [handleRequestAllAppIds], network is not available or sdk disable or gslb not init, return
2025-12-09 16:00:17.168  1565-3021  system_server           pid-1565                             E  == MALI DEBUG ===eglp_winsys_populate_image_templates ==12288
2025-12-09 16:00:17.174  1022-1022  SurfaceFlinger          pid-1022                             E  Out of order buffers detected for RequestedLayerState{com.transsion.XOSLauncher/com.android.launcher3.uioverrides.QuickstepLauncher#1353 parentId=947} producedId=19 frameNumber=58 -> producedId=19 frameNumber=22
2025-12-09 16:00:17.176  1022-1022  BufferQueueDebug        pid-1022                             I  [61f9079 com.cdccreditsmart.app/com.cdccreditsmart.app.blocking.BlockedAppExplanationActivity#1366](this:0xb400007b7ab37058,id:-1,api:0,p:-1,c:1022) onDestructor()
2025-12-09 16:00:17.176  1022-1022  SurfaceFlinger          pid-1022                             I  onHandleDestroyed: name=Transition Root: Task=1#1370, layerId=1370, parentId=0
2025-12-09 16:00:17.176  1022-1022  SurfaceFlinger          pid-1022                             I  onHandleDestroyed: name=a78b41c Splash Screen com.cdccreditsmart.app#1361, layerId=1361, parentId=0
2025-12-09 16:00:17.177  1022-1022  DisplayModeController   pid-1022                             D  setDesiredMode 0 {mode={fps=120.00 Hz, modePtr={id=0, vsyncRate=120.00 Hz, peakRefreshRate=120.00 Hz}}, emitEvent=true, force=false}
2025-12-09 16:00:17.177  1022-1022  Scheduler               pid-1022                             D  MtkOverrideDuration: update vsync 120
2025-12-09 16:00:17.177  1022-1022  SurfaceFlinger          pid-1022                             E  MtkDuration override mode is disabled
2025-12-09 16:00:17.177  1022-1022  Scheduler               pid-1022                             D  MtkOverrideDuration: reset override duration
2025-12-09 16:00:17.177  1022-1022  PowerHalWrapper         pid-1022                             I  updateFps(): 120
2025-12-09 16:00:17.177   927-1018  hwcomposer              pid-927                              I  [HWC] (0) displaySetActiveConfig config:0  
2025-12-09 16:00:17.178  1565-1659  DisplayDeviceRepository pid-1565                             I  Display device changed: DisplayDeviceInfo{"Built-in Screen": uniqueId="local:0", 1080 x 2436, modeId 2, renderFrameRate 60.000004, defaultModeId 1, userPreferredModeId -1, supportedModes [{id=1, width=1080, height=2436, fps=120.00001, vsync=120.00001, synthetic=false, alternativeRefreshRates=[60.0], supportedHdrTypes=[]}, {id=2, width=1080, height=2436, fps=60.0, vsync=60.0, synthetic=false, alternativeRefreshRates=[120.00001], supportedHdrTypes=[]}], colorMode 0, supportedColorModes [0, 7, 9], hdrCapabilities HdrCapabilities{mSupportedHdrTypes=[], mMaxLuminance=500.0, mMaxAverageLuminance=500.0, mMinLuminance=0.0}, allmSupported false, gameContentTypeSupported false, density 440, 392.783 x 392.828 dpi, appVsyncOff 2400001, presDeadline 28600000, cutout DisplayCutout{insets=Rect(0, 99 - 0, 0) waterfall=Insets{left=0, top=0, right=0, bottom=0} boundingRect={Bounds=[Rect(0, 0 - 0, 0), Rect(474, 0 - 606, 99), Rect(0, 0 - 0, 0), Rect(0, 0 - 0, 0)]} cutoutPathParserInfo={CutoutPathParserInfo{displayWidth=1080 displayHeight=2436 physicalDisplayWidth=1080 physicalDisplayHeight=2436 density={2.75} cutoutSpec={M -24,0 L -24,36 L 24,36 L 24,0 Z @dp} rotation={0} scale={1.0} physicalPixelDisplaySizeRatio={1.0}}} sideOverrides={}}, touch INTERNAL, rotation 0, type INTERNAL, address {port=0}, deviceProductInfo null, state ON, committedState ON, frameRateOverride {uid=1000 frameRateHz=60.000004} {uid=10168 frameRateHz=120.00001} {uid=10169 frameRateHz=120.00001} , brightnessMinimum 0.0, brightnessMaximum 1.0, brightnessDefault 0.2, hdrSdrRatio NaN, FLAG_ALLOWED_TO_BE_DEFAULT_DISPLAY, FLAG_ROTATES_WITH_CONTENT, FLAG_SECURE, FLAG_SUPPORTS_PROTECTED_BUFFERS, FLAG_TRUSTED, installOrientation 0, displayShape DisplayShape{ spec=596679847 displayWidth=1080 displayHeight=2436 physicalPixelDisplaySizeRatio=1.0 rotation=0 offsetX=0 offsetY=0 scale=1.0}}
2025-12-09 16:00:17.180  1565-1659  Griffin/DeviceState     pid-1565                             I  virtualDisplayPackageName :{}
2025-12-09 16:00:17.189  3459-6622  PhoneInterfaceManager   pid-3459                             D  [checkCallMethod] slotIndex: 0, count: 3, simMode: 2
2025-12-09 16:00:17.190  1022-1022  PowerHalWrapper         pid-1022                             I  updateFps(): 120
2025-12-09 16:00:17.191  1022-1022  SurfaceFlinger          pid-1022                             E  Out of order buffers detected for RequestedLayerState{com.transsion.XOSLauncher/com.android.launcher3.uioverrides.QuickstepLauncher#1353 parentId=947} producedId=19 frameNumber=58 -> producedId=19 frameNumber=23
2025-12-09 16:00:17.192  1565-1659  DisplayDeviceRepository pid-1565                             I  Display device changed render timings: "Built-in Screen", renderFrameRate=120.00001, presentationDeadlineNanos=11933334, appVsyncOffsetNanos=2399998
2025-12-09 16:00:17.192  1022-1022  BufferQueueDebug        pid-1022                             I  [a78b41c Splash Screen com.cdccreditsmart.app#1361](this:0xb400007b7aa89508,id:-1,api:0,p:-1,c:1022) onDestructor()
2025-12-09 16:00:17.192  1022-1022  BufferQueueDebug        pid-1022                             I  [Transition Root: Task=1#1370](this:0xb400007b7ab0c4e8,id:-1,api:0,p:-1,c:1022) onDestructor()
2025-12-09 16:00:17.193  1022-1022  SurfaceFlinger          pid-1022                             I  onHandleDestroyed: name=Task=34#1372, layerId=1372, parentId=0
2025-12-09 16:00:17.193  1022-1022  SurfaceFlinger          pid-1022                             I  onHandleDestroyed: name=ActivityRecord{e904e65 u0 com.cdccreditsmart.app/.blocking.BlockedAppExplanationActivity t34}#1360, layerId=1360, parentId=0
2025-12-09 16:00:17.193  1022-1022  DisplayModeController   pid-1022                             D  setDesiredMode 0 {mode={fps=60.00 Hz, modePtr={id=1, vsyncRate=60.00 Hz, peakRefreshRate=60.00 Hz}}, emitEvent=true, force=false}
2025-12-09 16:00:17.194   927-1018  hwcomposer              pid-927                              I  [HWC] (0) displaySetActiveConfig config:1  
2025-12-09 16:00:17.194  3459-6622  PhoneInterfaceManager   pid-3459                             D  [checkCallMethod] slotIndex: 0, count: 3, simMode: 2
2025-12-09 16:00:17.194  1565-1659  Griffin/DeviceState     pid-1565                             I  virtualDisplayPackageName :{}
2025-12-09 16:00:17.195  1565-1659  DisplayManagerService   pid-1565                             D  Ignore redundant display event 0/2 to 10157/3182
2025-12-09 16:00:17.195  1565-2973  AudioSystem             pid-1565                             D  +setParameters(): screen_state=on 
2025-12-09 16:00:17.195  1004-2974  AudioFlinger            pid-1004                             I  setParameters: filtered keyvalue screen_state=on
2025-12-09 16:00:17.196  1004-2974  AudioFlinger            pid-1004                             I  +mAudioHwDevs(primary)->setParameters(): screen_state=on
2025-12-09 16:00:17.196  1565-1659  DisplayManagerService   pid-1565                             D  Ignore redundant display event 0/2 to 10066/4752
2025-12-09 16:00:17.196  1565-1659  DisplayManagerService   pid-1565                             D  Ignore redundant display event 0/2 to 10190/4841
2025-12-09 16:00:17.196  1565-1659  DisplayManagerService   pid-1565                             D  Ignore redundant display event 0/2 to 10159/7109
2025-12-09 16:00:17.196  1565-1659  DisplayManagerService   pid-1565                             D  Ignore redundant display event 0/2 to 10164/7739
2025-12-09 16:00:17.196  1565-1659  DisplayManagerService   pid-1565                             D  Ignore redundant display event 0/2 to 10197/9166
2025-12-09 16:00:17.197  1565-1659  DisplayManagerService   pid-1565                             D  Ignore redundant display event 0/2 to 10286/12604
2025-12-09 16:00:17.197  1565-1659  DisplayManagerService   pid-1565                             D  Ignore redundant display event 0/2 to 10154/15146
2025-12-09 16:00:17.197  3459-6622  PhoneInterfaceManager   pid-3459                             D  [checkCallMethod] slotIndex: 0, count: 3, simMode: 2
2025-12-09 16:00:17.197  1565-1659  DisplayManagerService   pid-1565                             D  Ignore redundant display event 0/2 to 1010159/16930
2025-12-09 16:00:17.198  1565-1659  DisplayManagerService   pid-1565                             D  Ignore redundant display event 0/2 to 10142/17256
2025-12-09 16:00:17.198  5656-5656  SmartPanelService       pid-5656                             I  mDisplayListener onDisplayChanged
2025-12-09 16:00:17.198  1565-1659  DisplayManagerService   pid-1565                             D  Ignore redundant display event 0/2 to 1010118/17539
2025-12-09 16:00:17.198  1565-1659  DisplayManagerService   pid-1565                             D  Ignore redundant display event 0/2 to 1010097/17751
2025-12-09 16:00:17.198  1565-1659  DisplayManagerService   pid-1565                             D  Ignore redundant display event 0/2 to 1010217/18098
2025-12-09 16:00:17.198  1565-1659  DisplayManagerService   pid-1565                             D  Ignore redundant display event 0/2 to 1010108/18149
2025-12-09 16:00:17.198  1565-1659  DisplayManagerService   pid-1565                             D  Ignore redundant display event 0/2 to 1010223/18215
2025-12-09 16:00:17.198  1565-1659  DisplayManagerService   pid-1565                             D  Ignore redundant display event 0/2 to 1010169/18409
2025-12-09 16:00:17.198  1565-1659  DisplayManagerService   pid-1565                             D  Ignore redundant display event 0/2 to 1010197/19091
2025-12-09 16:00:17.198  1565-1659  DisplayManagerService   pid-1565                             D  Ignore redundant display event 0/2 to 1010177/19168
2025-12-09 16:00:17.198  1565-1659  DisplayManagerService   pid-1565                             D  Ignore redundant display event 0/2 to 10215/20060
2025-12-09 16:00:17.198  1565-1659  DisplayManagerService   pid-1565                             D  Ignore redundant display event 0/2 to 1010168/20209
2025-12-09 16:00:17.198  1565-1659  DisplayManagerService   pid-1565                             D  Ignore redundant display event 0/2 to 10209/20994
2025-12-09 16:00:17.199  1565-1659  DisplayManagerService   pid-1565                             D  Ignore redundant display event 0/2 to 10263/23027
2025-12-09 16:00:17.199  1565-1659  DisplayManagerService   pid-1565                             D  Ignore redundant display event 0/2 to 10276/23314
2025-12-09 16:00:17.199  1565-1659  DisplayManagerService   pid-1565                             D  Ignore redundant display event 0/2 to 10277/23315
2025-12-09 16:00:17.199  1565-1659  DisplayManagerService   pid-1565                             D  Ignore redundant display event 0/2 to 10155/24879
2025-12-09 16:00:17.199  1565-1659  DisplayManagerService   pid-1565                             D  Ignore redundant display event 0/2 to 1010209/24933
2025-12-09 16:00:17.199  1565-1659  DisplayManagerService   pid-1565                             D  Ignore redundant display event 0/2 to 10265/26356
2025-12-09 16:00:17.201   914-959   AudioALSAHardware       pid-914                              D  +setParameters(): screen_state=on
2025-12-09 16:00:17.202   914-959   AudioALSAStreamOut      pid-914                              D  +setScreenState(), flag 2, mode 1
2025-12-09 16:00:17.202   914-959   AudioALSAStreamOut      pid-914                              D  +setScreenState(), flag 8, mode 1
2025-12-09 16:00:17.202   914-959   AudioALSAStreamOut      pid-914                              D  +setScreenState(), flag 4, mode 1
2025-12-09 16:00:17.202   914-959   AudioALSAStreamOut      pid-914                              D  +setScreenState(), flag 32768, mode 1
2025-12-09 16:00:17.202   914-959   AudioALSAStreamOut      pid-914                              D  +setScreenState(), flag 65536, mode 1
2025-12-09 16:00:17.202   914-959   AudioALSAHardware       pid-914                              D  -setParameters(): screen_state=on
2025-12-09 16:00:17.203  1565-1659  DisplayDeviceRepository pid-1565                             I  Display device changed: DisplayDeviceInfo{"Built-in Screen": uniqueId="local:0", 1080 x 2436, modeId 1, renderFrameRate 120.00001, defaultModeId 1, userPreferredModeId -1, supportedModes [{id=1, width=1080, height=2436, fps=120.00001, vsync=120.00001, synthetic=false, alternativeRefreshRates=[60.0], supportedHdrTypes=[]}, {id=2, width=1080, height=2436, fps=60.0, vsync=60.0, synthetic=false, alternativeRefreshRates=[120.00001], supportedHdrTypes=[]}], colorMode 0, supportedColorModes [0, 7, 9], hdrCapabilities HdrCapabilities{mSupportedHdrTypes=[], mMaxLuminance=500.0, mMaxAverageLuminance=500.0, mMinLuminance=0.0}, allmSupported false, gameContentTypeSupported false, density 440, 392.783 x 392.828 dpi, appVsyncOff 2399998, presDeadline 11933334, cutout DisplayCutout{insets=Rect(0, 99 - 0, 0) waterfall=Insets{left=0, top=0, right=0, bottom=0} boundingRect={Bounds=[Rect(0, 0 - 0, 0), Rect(474, 0 - 606, 99), Rect(0, 0 - 0, 0), Rect(0, 0 - 0, 0)]} cutoutPathParserInfo={CutoutPathParserInfo{displayWidth=1080 displayHeight=2436 physicalDisplayWidth=1080 physicalDisplayHeight=2436 density={2.75} cutoutSpec={M -24,0 L -24,36 L 24,36 L 24,0 Z @dp} rotation={0} scale={1.0} physicalPixelDisplaySizeRatio={1.0}}} sideOverrides={}}, touch INTERNAL, rotation 0, type INTERNAL, address {port=0}, deviceProductInfo null, state ON, committedState ON, frameRateOverride {uid=1000 frameRateHz=60.000004} {uid=10168 frameRateHz=60.000004} {uid=10169 frameRateHz=60.000004} , brightnessMinimum 0.0, brightnessMaximum 1.0, brightnessDefault 0.2, hdrSdrRatio NaN, FLAG_ALLOWED_TO_BE_DEFAULT_DISPLAY, FLAG_ROTATES_WITH_CONTENT, FLAG_SECURE, FLAG_SUPPORTS_PROTECTED_BUFFERS, FLAG_TRUSTED, installOrientation 0, displayShape DisplayShape{ spec=596679847 displayWidth=1080 displayHeight=2436 physicalPixelDisplaySizeRatio=1.0 rotation=0 offsetX=0 offsetY=0 scale=1.0}}
2025-12-09 16:00:17.204  1004-2974  AudioFlinger            pid-1004                             I  -mAudioHwDevs(primary)->setParameters(): screen_state=on
2025-12-09 16:00:17.204  1004-2974  AudioFlinger            pid-1004                             I  +mAudioHwDevs(bluetooth)->setParameters(): screen_state=on
2025-12-09 16:00:17.204  1004-2974  AudioFlinger            pid-1004                             I  -mAudioHwDevs(bluetooth)->setParameters(): screen_state=on
2025-12-09 16:00:17.204  1004-2974  AudioFlinger            pid-1004                             I  +mAudioHwDevs(usb)->setParameters(): screen_state=on
2025-12-09 16:00:17.205  1565-1659  Griffin/DeviceState     pid-1565                             I  virtualDisplayPackageName :{}
2025-12-09 16:00:17.205  1004-2974  AudioFlinger            pid-1004                             I  -mAudioHwDevs(usb)->setParameters(): screen_state=on
2025-12-09 16:00:17.205  1004-2974  AudioFlinger            pid-1004                             I  +mAudioHwDevs(r_submix)->setParameters(): screen_state=on
2025-12-09 16:00:17.207  1022-1022  Scheduler               pid-1022                             D  MtkOverrideDuration: update vsync 60
2025-12-09 16:00:17.207  1022-1022  SurfaceFlinger          pid-1022                             E  MtkDuration override mode is disabled
2025-12-09 16:00:17.207  1022-1022  Scheduler               pid-1022                             D  MtkOverrideDuration: reset override duration
2025-12-09 16:00:17.207  1022-1022  PowerHalWrapper         pid-1022                             I  updateFps(): 60
2025-12-09 16:00:17.207  1004-2974  AudioFlinger            pid-1004                             I  -mAudioHwDevs(r_submix)->setParameters(): screen_state=on
2025-12-09 16:00:17.208  1022-1022  SurfaceFlinger          pid-1022                             E  Out of order buffers detected for RequestedLayerState{com.transsion.XOSLauncher/com.android.launcher3.uioverrides.QuickstepLauncher#1353 parentId=947} producedId=19 frameNumber=58 -> producedId=19 frameNumber=24
2025-12-09 16:00:17.208  1004-2974  TranFlinger             pid-1004                             E  setPareters is is 0
2025-12-09 16:00:17.208  1565-1705  Magellan                pid-1565                             D  fallbackReportThrottlingIfNeeded return. 
2025-12-09 16:00:17.209  1022-1022  BufferQueueDebug        pid-1022                             I  [272573a ActivityRecordInputSink com.cdccreditsmart.app/.blocking.BlockedAppExplanationActivity#1367](this:0xb400007b7ab676e8,id:-1,api:0,p:-1,c:1022) onDestructor()
2025-12-09 16:00:17.209  1022-1022  BufferQueueDebug        pid-1022                             I  [ActivityRecord{e904e65 u0 com.cdccreditsmart.app/.blocking.BlockedAppExplanationActivity t34}#1360](this:0xb400007b7ab203d8,id:-1,api:0,p:-1,c:1022) onDestructor()
2025-12-09 16:00:17.209  1022-1022  BufferQueueDebug        pid-1022                             I  [Task=34#1372](this:0xb400007b7ab4af48,id:-1,api:0,p:-1,c:1022) onDestructor()
2025-12-09 16:00:17.210  1022-1022  PowerHalWrapper         pid-1022                             I  updateFps(): 60
2025-12-09 16:00:17.211 22223-22488 VersionsUtils           pid-22223                            W   getVersion island  e android.content.pm.PackageManager$NameNotFoundException: com.transsion.dynamicbar
2025-12-09 16:00:17.211  1565-1659  ActivityTaskManager     pid-1565                             W  Activity top resumed state loss timeout for ActivityRecord{e904e65 u0 com.cdccreditsmart.app/.blocking.BlockedAppExplanationActivity t-1 f}}
2025-12-09 16:00:17.212  1565-1659  PowerHalWrapper         pid-1565                             I  amsBoostNotify pid:3576,activity:com.android.launcher3.uioverrides.QuickstepLauncher, package:com.transsion.XOSLauncher, mProcessCreatePackcom.cdccreditsmart.app 
2025-12-09 16:00:17.212  1565-1659  PowerHalWrapper         pid-1565                             I  state: 1 
2025-12-09 16:00:17.213  1565-1659  mtkpower_client         pid-1565                             I  [PowerHal_Wrap_notifyAppState] com.transsion.XOSLauncher/com.android.launcher3.uioverrides.QuickstepLauncher pid=3576 activityId:247173895 state:1
2025-12-09 16:00:17.213  1565-1659  mtkpower_client         pid-1565                             I  [Legacy][PowerHal_Wrap_notifyAppState] com.transsion.XOSLauncher/com.android.launcher3.uioverrides.QuickstepLauncher pid=3576 state:247173895
2025-12-09 16:00:17.213   956-1025  libPowerHal             pid-956                              I  [perfNotifyAppState] pack:com.transsion.XOSLauncher, act:com.android.launcher3.uioverrides.QuickstepLauncher, state:1, pid:3576, uid:10169, fps:-1
2025-12-09 16:00:17.213   956-1025  libPowerHal             pid-956                              I  [perfNotifyAppState] foreground:com.transsion.XOSLauncher, pid:3576, uid:10169
2025-12-09 16:00:17.214   956-1025  UxUtility               pid-956                              I  notifyForegroundApp pack:com.transsion.XOSLauncher, uid:10169
2025-12-09 16:00:17.214   956-1025  TouchUtility            pid-956                              I  notifyAppState error = NULL
2025-12-09 16:00:17.214  1565-1659  PowerHalWrapper         pid-1565                             I  amsBoostNotify AMS_BOOST_PROCESS_CREATE_BOOST:false 
2025-12-09 16:00:17.214   956-974   mtkpower@impl           pid-956                              I  [notifyAppState] pc:0, com.cdccreditsmart.app => com.transsion.XOSLauncher
2025-12-09 16:00:17.214  1565-1565  MBrainLocalService      pid-1565                             D  isVendorFreezeConditionPass is false
2025-12-09 16:00:17.214  1565-1565  MBrainLocalService      pid-1565                             E  notifyAppSwitch failed
2025-12-09 16:00:17.215  1565-1659  DisplayDeviceRepository pid-1565                             I  Display device changed render timings: "Built-in Screen", renderFrameRate=60.000004, presentationDeadlineNanos=28600000, appVsyncOffsetNanos=2400001
2025-12-09 16:00:17.216  1565-1659  Griffin/DeviceState     pid-1565                             I  virtualDisplayPackageName :{}
2025-12-09 16:00:17.218  1565-1659  DisplayManagerService   pid-1565                             D  Ignore redundant display event 0/2 to 10157/3182
2025-12-09 16:00:17.218  1565-1659  DisplayManagerService   pid-1565                             D  Ignore redundant display event 0/2 to 10066/4752
2025-12-09 16:00:17.218  1565-1659  DisplayManagerService   pid-1565                             D  Ignore redundant display event 0/2 to 10190/4841
2025-12-09 16:00:17.218  1565-1659  DisplayManagerService   pid-1565                             D  Ignore redundant display event 0/2 to 10217/5746
2025-12-09 16:00:17.218  1565-1659  DisplayManagerService   pid-1565                             D  Ignore redundant display event 0/2 to 10159/7109
2025-12-09 16:00:17.219  1565-1659  DisplayManagerService   pid-1565                             D  Ignore redundant display event 0/2 to 10164/7739
2025-12-09 16:00:17.219  1565-1659  DisplayManagerService   pid-1565                             D  Ignore redundant display event 0/2 to 10197/9166
2025-12-09 16:00:17.219  1565-1659  DisplayManagerService   pid-1565                             D  Ignore redundant display event 0/2 to 10286/12604
2025-12-09 16:00:17.219  1565-1659  DisplayManagerService   pid-1565                             D  Ignore redundant display event 0/2 to 10154/15146
2025-12-09 16:00:17.220  1565-1659  DisplayManagerService   pid-1565                             D  Ignore redundant display event 0/2 to 1010159/16930
2025-12-09 16:00:17.221  1565-2973  AudioSystem             pid-1565                             D  +setParameters(): screen_state=on 
2025-12-09 16:00:17.222  1565-1705  Magellan                pid-1565                             D  fallbackReportThrottlingIfNeeded return. 
2025-12-09 16:00:17.223  1565-1659  DisplayManagerService   pid-1565                             D  Ignore redundant display event 0/2 to 10142/17256
2025-12-09 16:00:17.223  1565-1659  DisplayManagerService   pid-1565                             D  Ignore redundant display event 0/2 to 1010118/17539
2025-12-09 16:00:17.223  1565-1659  DisplayManagerService   pid-1565                             D  Ignore redundant display event 0/2 to 1010097/17751
2025-12-09 16:00:17.223  1565-1659  DisplayManagerService   pid-1565                             D  Ignore redundant display event 0/2 to 1010217/18098
2025-12-09 16:00:17.223  1565-1659  DisplayManagerService   pid-1565                             D  Ignore redundant display event 0/2 to 1010108/18149
2025-12-09 16:00:17.223  1565-1659  DisplayManagerService   pid-1565                             D  Ignore redundant display event 0/2 to 1010223/18215
2025-12-09 16:00:17.223  1565-1659  DisplayManagerService   pid-1565                             D  Ignore redundant display event 0/2 to 1010169/18409
2025-12-09 16:00:17.223  1004-2974  AudioFlinger            pid-1004                             I  setParameters: filtered keyvalue screen_state=on
2025-12-09 16:00:17.223  1004-2974  AudioFlinger            pid-1004                             I  +mAudioHwDevs(primary)->setParameters(): screen_state=on
2025-12-09 16:00:17.223   914-959   AudioALSAHardware       pid-914                              D  +setParameters(): screen_state=on
2025-12-09 16:00:17.224  1022-1022  SurfaceFlinger          pid-1022                             E  Out of order buffers detected for RequestedLayerState{com.transsion.XOSLauncher/com.android.launcher3.uioverrides.QuickstepLauncher#1353 parentId=947} producedId=19 frameNumber=58 -> producedId=19 frameNumber=25
2025-12-09 16:00:17.224   914-959   AudioALSAStreamOut      pid-914                              D  +setScreenState(), flag 2, mode 1
2025-12-09 16:00:17.225   914-959   AudioALSAStreamOut      pid-914                              D  +setScreenState(), flag 8, mode 1
2025-12-09 16:00:17.225  5656-5656  SmartPanelService       pid-5656                             I  mDisplayListener onDisplayChanged
2025-12-09 16:00:17.225   914-959   AudioALSAStreamOut      pid-914                              D  +setScreenState(), flag 4, mode 1
2025-12-09 16:00:17.225   914-959   AudioALSAStreamOut      pid-914                              D  +setScreenState(), flag 32768, mode 1
