2025-12-09 12:18:24.872 20270-20270 TetheringManager        pid-20270                            I  registerTetheringEventCallback caller:com.google.android.gms
2025-12-09 12:18:24.872  1561-4406  ActivityTaskManager     pid-1561                             D  ActivityTaskManagerService setFromDynamicIslandToWindow packageName: com.google.android.gms
2025-12-09 12:18:24.872  1561-4406  TranDynami...rollerImpl pid-1561                             E  TranDynamicBarAnimControllerImpl setFromDynamicIslandToWindow pkgName:com.google.android.gms
2025-12-09 12:18:24.872  1561-4406  TranDynami...rollerImpl pid-1561                             E  end setFromDynamicIslandToWindow mDynamicIslandPkgName:com.google.android.gms mStartFromDynamicIsland:false
2025-12-09 12:18:24.873   957-1017  mtkpower@impl           pid-957                              I  [powerd_req] TIMER_MSG_PERF_LOCK_TIMEOUT hdl:961
2025-12-09 12:18:24.873   957-1017  libPowerHal             pid-957                              I  [unsetGPUFreq] current min:15, max:0; scn_gpu_min:15, scn_gpu_max:-1; scn_gpu_min(HL):-1, scn_gpu_max(HL):-1
2025-12-09 12:18:24.873   957-1017  libPowerHal             pid-957                              I  [setGPUFreq] Soft min/max = (15, 0); Hard min/max = (44, 0)
2025-12-09 12:18:24.873   957-1017  libPowerHal             pid-957                              I  [setGPUFreq] final min/max = (15, 0)
2025-12-09 12:18:24.873   957-1017  libPowerHal             pid-957                              I  INTERACTION: set gpu opp level: 15
2025-12-09 12:18:24.873   957-1017  libPowerHal             pid-957                              I  INTERACTION: set gpu opp level max: 0
2025-12-09 12:18:24.873  1561-2970  ConnectivityService     pid-1561                             D  NetReassign [no changes] [c 0] [a 1] [i 1]
2025-12-09 12:18:24.875  1561-4406  ActivityTaskManager     pid-1561                             D  ActivityTaskManagerService setFromDynamicIslandToWindow packageName: com.google.android.gms
2025-12-09 12:18:24.875  1561-4406  TranDynami...rollerImpl pid-1561                             E  TranDynamicBarAnimControllerImpl setFromDynamicIslandToWindow pkgName:com.google.android.gms
2025-12-09 12:18:24.875  1561-4406  TranDynami...rollerImpl pid-1561                             E  end setFromDynamicIslandToWindow mDynamicIslandPkgName:com.google.android.gms mStartFromDynamicIsland:false
2025-12-09 12:18:24.876  1561-4891  ConnectivityService     pid-1561                             D  requestNetwork for uid/pid:1010113/20270 activeRequest: null callbackRequest: 500 [NetworkRequest [ REQUEST id=501, [ Capabilities: INTERNET&NOT_RESTRICTED&TRUSTED&NOT_VCN_MANAGED&NOT_BANDWIDTH_CONSTRAINED Uid: 1010113 RequestorUid: 1010113 RequestorPkg: com.google.android.gms UnderlyingNetworks: Null] ]] callback flags: 0 order: 2147483647 isUidTracked: false declaredMethods: ALL
2025-12-09 12:18:24.879  1561-2958  WifiNetworkFactory      pid-1561                             D  got request NetworkRequest [ REQUEST id=501, [ Capabilities: INTERNET&NOT_RESTRICTED&TRUSTED&NOT_VCN_MANAGED&NOT_BANDWIDTH_CONSTRAINED Uid: 1010113 RequestorUid: 1010113 RequestorPkg: com.google.android.gms UnderlyingNetworks: Null] ]
2025-12-09 12:18:24.880  1561-2958  UntrustedW...orkFactory pid-1561                             D  got request NetworkRequest [ REQUEST id=501, [ Capabilities: INTERNET&NOT_RESTRICTED&TRUSTED&NOT_VCN_MANAGED&NOT_BANDWIDTH_CONSTRAINED Uid: 1010113 RequestorUid: 1010113 RequestorPkg: com.google.android.gms UnderlyingNetworks: Null] ]
2025-12-09 12:18:24.880  1561-2958  OemPaidWif...orkFactory pid-1561                             D  got request NetworkRequest [ REQUEST id=501, [ Capabilities: INTERNET&NOT_RESTRICTED&TRUSTED&NOT_VCN_MANAGED&NOT_BANDWIDTH_CONSTRAINED Uid: 1010113 RequestorUid: 1010113 RequestorPkg: com.google.android.gms UnderlyingNetworks: Null] ]
2025-12-09 12:18:24.881  1561-2970  ConnectivityService     pid-1561                             D  NetReassign [501 : null  100] [c 0] [a 1] [i 2]
2025-12-09 12:18:24.881  1561-2958  MultiInter...orkFactory pid-1561                             D  got request NetworkRequest [ REQUEST id=501, [ Capabilities: INTERNET&NOT_RESTRICTED&TRUSTED&NOT_VCN_MANAGED&NOT_BANDWIDTH_CONSTRAINED Uid: 1010113 RequestorUid: 1010113 RequestorPkg: com.google.android.gms UnderlyingNetworks: Null] ]
2025-12-09 12:18:24.883  1561-4406  ActivityTaskManager     pid-1561                             D  ActivityTaskManagerService setFromDynamicIslandToWindow packageName: com.google.android.gms
2025-12-09 12:18:24.883  1561-4406  TranDynami...rollerImpl pid-1561                             E  TranDynamicBarAnimControllerImpl setFromDynamicIslandToWindow pkgName:com.google.android.gms
2025-12-09 12:18:24.883  1561-4406  TranDynami...rollerImpl pid-1561                             E  end setFromDynamicIslandToWindow mDynamicIslandPkgName:com.google.android.gms mStartFromDynamicIsland:false
2025-12-09 12:18:24.886  1561-4406  ActivityTaskManager     pid-1561                             D  ActivityTaskManagerService setFromDynamicIslandToWindow packageName: com.google.android.gms
2025-12-09 12:18:24.886  1561-4406  TranDynami...rollerImpl pid-1561                             E  TranDynamicBarAnimControllerImpl setFromDynamicIslandToWindow pkgName:com.google.android.gms
2025-12-09 12:18:24.886  1561-4406  TranDynami...rollerImpl pid-1561                             E  end setFromDynamicIslandToWindow mDynamicIslandPkgName:com.google.android.gms mStartFromDynamicIsland:false
2025-12-09 12:18:24.888  1561-4406  ActivityTaskManager     pid-1561                             D  ActivityTaskManagerService setFromDynamicIslandToWindow packageName: com.google.android.gms
2025-12-09 12:18:24.888  1561-4406  TranDynami...rollerImpl pid-1561                             E  TranDynamicBarAnimControllerImpl setFromDynamicIslandToWindow pkgName:com.google.android.gms
2025-12-09 12:18:24.888  1561-4406  TranDynami...rollerImpl pid-1561                             E  end setFromDynamicIslandToWindow mDynamicIslandPkgName:com.google.android.gms mStartFromDynamicIsland:false
2025-12-09 12:18:24.888 20270-20330 NearbyMediums           pid-20270                            I  WifiNetwork defaultNetworkCallback onAvailable netId:100
2025-12-09 12:18:24.891 20270-20344 NearbyMediums           pid-20270                            I  [WifiNetworkV2] networkCallback doAvailable netId:100 wifiStatusChangedCallbacks.size:0
2025-12-09 12:18:24.891 20270-20270 GmsCoreLogger           pid-20270                            E  Missing account for FACET_USAGE_GAIA_UNSAMPLED [CONTEXT service_id=299 ]
2025-12-09 12:18:24.893  1561-3415  ActivityTaskManager     pid-1561                             D  ActivityTaskManagerService setFromDynamicIslandToWindow packageName: com.google.android.gms
2025-12-09 12:18:24.893  1561-3415  TranDynami...rollerImpl pid-1561                             E  TranDynamicBarAnimControllerImpl setFromDynamicIslandToWindow pkgName:com.google.android.gms
2025-12-09 12:18:24.893  1561-3415  TranDynami...rollerImpl pid-1561                             E  end setFromDynamicIslandToWindow mDynamicIslandPkgName:com.google.android.gms mStartFromDynamicIsland:false
2025-12-09 12:18:24.897  1561-3415  ActivityTaskManager     pid-1561                             D  ActivityTaskManagerService setFromDynamicIslandToWindow packageName: com.google.android.gms
2025-12-09 12:18:24.897  1561-3415  TranDynami...rollerImpl pid-1561                             E  TranDynamicBarAnimControllerImpl setFromDynamicIslandToWindow pkgName:com.google.android.gms
2025-12-09 12:18:24.897  1561-3415  TranDynami...rollerImpl pid-1561                             E  end setFromDynamicIslandToWindow mDynamicIslandPkgName:com.google.android.gms mStartFromDynamicIsland:false
2025-12-09 12:18:24.899  1561-3415  ActivityTaskManager     pid-1561                             D  ActivityTaskManagerService setFromDynamicIslandToWindow packageName: com.google.android.gms
2025-12-09 12:18:24.899  1561-3415  TranDynami...rollerImpl pid-1561                             E  TranDynamicBarAnimControllerImpl setFromDynamicIslandToWindow pkgName:com.google.android.gms
2025-12-09 12:18:24.899  1561-3415  TranDynami...rollerImpl pid-1561                             E  end setFromDynamicIslandToWindow mDynamicIslandPkgName:com.google.android.gms mStartFromDynamicIsland:false
2025-12-09 12:18:24.917 20270-20292 NearbyConnections       pid-20270                            I  Client 105132752 requested setting downloads directory to null.
2025-12-09 12:18:24.918 20270-20292 NearbyConnections       pid-20270                            I  Client 105132752 with package name 0p:com.google.android.gms.nearby.presence and sdk version 251036000 has connected, downloads dir is set to null.
2025-12-09 12:18:24.921 20270-20292 NearbyConnections       pid-20270                            I  Add DeviceProvider of type 2.
2025-12-09 12:18:24.921 20270-20292 NearbyConnections       pid-20270                            I  Successfully register device provider for endpointType 2 by client 105132752
2025-12-09 12:18:25.016  1561-1662  ApplicationHelper       pid-1561                             E  Fail to get PackageManager
2025-12-09 12:18:25.016  1561-1662  ApplicationHelper       pid-1561                             E  Fail to get PackageManager
2025-12-09 12:18:25.022 20270-20270 BoundBrokerSvc          pid-20270                            D  onBind: Intent { act=com.google.android.gms.common.telemetry.service.START dat=chimera-action:/... cmp=com.google.android.gms/.chimera.PersistentApiService }
2025-12-09 12:18:25.022 20270-20270 BoundBrokerSvc          pid-20270                            D  Loading bound service for intent: Intent { act=com.google.android.gms.common.telemetry.service.START dat=chimera-action:/... cmp=com.google.android.gms/.chimera.PersistentApiService }
2025-12-09 12:18:25.063 12833-13894 GmsDebugLogger          pid-12833                            I  [56] VisionOcr.optional_251036100000_2.apk
2025-12-09 12:18:25.069  1561-1662  ApplicationHelper       pid-1561                             E  Fail to get PackageManager
2025-12-09 12:18:25.069  1561-1662  ApplicationHelper       pid-1561                             E  Fail to get PackageManager
2025-12-09 12:18:25.072  1561-1662  ApplicationHelper       pid-1561                             E  Fail to get PackageManager
2025-12-09 12:18:25.072  1561-1662  ApplicationHelper       pid-1561                             E  Fail to get PackageManager
2025-12-09 12:18:25.118 18196-18196 SensorManager           pid-18196                            D  unregisterListenerImpl pid=18196 uid=1010113 sensor=NULL pkgName=com.google.android.gms listener=com.google.ccc.abuse.droidguard.events.b@c34c8ba
2025-12-09 12:18:25.131 18196-18196 SensorManager           pid-18196                            D  unregisterListenerImpl pid=18196 uid=1010113 sensor=NULL pkgName=com.google.android.gms listener=com.google.ccc.abuse.droidguard.events.b@17e536b
2025-12-09 12:18:25.156  1561-1662  ApplicationHelper       pid-1561                             E  Fail to get PackageManager
2025-12-09 12:18:25.157  1561-1662  ApplicationHelper       pid-1561                             E  Fail to get PackageManager
2025-12-09 12:18:25.162  1561-1662  ApplicationHelper       pid-1561                             E  Fail to get PackageManager
2025-12-09 12:18:25.162  1561-1662  ApplicationHelper       pid-1561                             E  Fail to get PackageManager
2025-12-09 12:18:25.163   929-1013  hwcomposer              pid-929                              I  [HWCDisplay] [Display_0 (type:1)] fps:59.864925,dur:1002.26,max:17.68,min:15.98  
2025-12-09 12:18:25.212  1021-1021  BufferQueueProducer     pid-1021                             I  [com.cdccreditsmart.app/com.cdccreditsmart.app.presentation.MainActivity#742](this:0xb4000073434600c8,id:-1,api:0,p:-1,c:1021) queueBuffer: fps=59.86 dur=1002.26 max=17.29 min=16.17
2025-12-09 12:18:25.218  8105-8105  PermissionGateManager   pid-8105                             I   Device Owner detectado - verificando permisses especiais REAIS
2025-12-09 12:18:25.218  8105-12376 MdmCommandReceiver      pid-8105                             I   HTTP Response code: 404
2025-12-09 12:18:25.218  8105-12376 MdmCommandReceiver      pid-8105                             I   HTTP isSuccessful: false
2025-12-09 12:18:25.218  8105-12376 MdmCommandReceiver      pid-8105                             E   ========================================
2025-12-09 12:18:25.218  8105-12376 MdmCommandReceiver      pid-8105                             E   ERRO AO BUSCAR COMANDOS PENDENTES
2025-12-09 12:18:25.218  8105-12376 MdmCommandReceiver      pid-8105                             E   ========================================
2025-12-09 12:18:25.218  8105-12376 MdmCommandReceiver      pid-8105                             E   HTTP Status: 404
2025-12-09 12:18:25.218  8105-12376 MdmCommandReceiver      pid-8105                             E   HTTP Message: 
2025-12-09 12:18:25.218  8105-8105  PermissionGateManager   pid-8105                             I      USAGE_STATS: 
2025-12-09 12:18:25.218  8105-8105  PermissionGateManager   pid-8105                             I      OVERLAY: 
2025-12-09 12:18:25.218  8105-8105  PermissionGateManager   pid-8105                             I      BATTERY: 
2025-12-09 12:18:25.218  8105-12376 MdmCommandReceiver      pid-8105                             E   Error body: {"error":"Dispositivo no encontrado","hint":"Use IMEI, Serial Number ou Device ID do aparelho cadastrado"}
2025-12-09 12:18:25.218  8105-12376 MdmCommandReceiver      pid-8105                             E   ========================================
2025-12-09 12:18:25.218  8105-12376 MdmCommandReceiver      pid-8105                             E   Device no encontrado no backend!
2025-12-09 12:18:25.218  8105-12376 MdmCommandReceiver      pid-8105                             E   Identifier usado: 352096325698365
2025-12-09 12:18:25.218  8105-8105  PermissionGateManager   pid-8105                             W      3 permisso(es) pendente(s)
2025-12-09 12:18:25.233  1561-1561  AlarmManager            pid-1561                             I  going to release wakelock now
2025-12-09 12:18:25.241 12583-13241 Kolun_AI                pid-12583                            I  PreventAccidentalTouchScene:orientationRunnable: 0
2025-12-09 12:18:25.241  4948-5916  Kolun_AI                pid-4948                             I  PreventAccidentalTouchScene:orientationRunnable: 0
2025-12-09 12:18:25.243 20331-20351 dex2oat32               pid-20331                            W  Verification of void m.aso.<clinit>() took 130.309ms (129622.67 bytecodes/s) (159816B approximate peak alloc)
2025-12-09 12:18:25.247  8105-8105  DeviceUtils             pid-8105                             D  Device Owner check: true
2025-12-09 12:18:25.247  8105-8105  DeviceUtils             pid-8105                             D  Samsung device: false (Manufacturer: INFINIX)
2025-12-09 12:18:25.247  8105-8105  DeviceOwnerCheckVM      pid-8105                             I   Dispositivo  Device Owner - permitindo acesso ao app
2025-12-09 12:18:25.247  8105-8105  DeviceOwnerCheckVM      pid-8105                             I  ========================================
2025-12-09 12:18:25.259  1561-1662  ApplicationHelper       pid-1561                             E  Fail to get PackageManager
2025-12-09 12:18:25.259  1561-1662  ApplicationHelper       pid-1561                             E  Fail to get PackageManager
2025-12-09 12:18:25.259  1561-1662  ApplicationHelper       pid-1561                             E  Fail to get PackageManager
2025-12-09 12:18:25.260  1561-1662  ApplicationHelper       pid-1561                             E  Fail to get PackageManager
2025-12-09 12:18:25.266  8105-8105  RouterViewModel         pid-8105                             D   Iniciando verificao de autenticao...
2025-12-09 12:18:25.269  8105-12376 AuthOrchestrator        pid-8105                             D   Verificando autenticao...
2025-12-09 12:18:25.271  1561-1662  ApplicationHelper       pid-1561                             E  Fail to get PackageManager
2025-12-09 12:18:25.271  1561-1662  ApplicationHelper       pid-1561                             E  Fail to get PackageManager
2025-12-09 12:18:25.272  1561-1662  ApplicationHelper       pid-1561                             E  Fail to get PackageManager
2025-12-09 12:18:25.272  8105-12376 AuthOrchestrator        pid-8105                             D   Conectividade: ONLINE
2025-12-09 12:18:25.273  8105-12376 AuthOrchestrator        pid-8105                             D   ========== AUTO-DISCOVERY INICIADO ==========
2025-12-09 12:18:25.282  3475-4345  PhoneInterfaceManager   pid-3475                             D  [checkCallMethod] slotIndex: 0, count: 3, simMode: 2
2025-12-09 12:18:25.282  8105-12376 DeviceUtils             pid-8105                             D  IMEI retrieved successfully: 3520***
2025-12-09 12:18:25.282  8105-12376 AuthOrchestrator        pid-8105                             D   IMEI obtido: 3520***365
2025-12-09 12:18:25.282  8105-12376 AuthOrchestrator        pid-8105                             D   Tentando auto-discovery...
2025-12-09 12:18:25.282  8105-12376 AuthOrchestrator        pid-8105                             D     Endpoint: GET /api/apk/discover/352096325698365
2025-12-09 12:18:25.297  1561-1662  ApplicationHelper       pid-1561                             E  Fail to get PackageManager
2025-12-09 12:18:25.297  1561-1662  ApplicationHelper       pid-1561                             E  Fail to get PackageManager
2025-12-09 12:18:25.297  1561-1662  ApplicationHelper       pid-1561                             E  Fail to get PackageManager
2025-12-09 12:18:25.298  1561-1662  ApplicationHelper       pid-1561                             E  Fail to get PackageManager
2025-12-09 12:18:25.301  1561-1662  ApplicationHelper       pid-1561                             E  Fail to get PackageManager
2025-12-09 12:18:25.301  1561-1662  ApplicationHelper       pid-1561                             E  Fail to get PackageManager
2025-12-09 12:18:25.301  1561-1662  ApplicationHelper       pid-1561                             E  Fail to get PackageManager
2025-12-09 12:18:25.302  1561-1662  ApplicationHelper       pid-1561                             E  Fail to get PackageManager
2025-12-09 12:18:25.305 20331-20349 dex2oat32               pid-20331                            W  Verification of boolean m.bbr.a(m.gor, java.lang.String) took 133.407ms (141071.65 bytecodes/s) (518280B approximate peak alloc)
2025-12-09 12:18:25.307 12833-13894 ProviderHelper          pid-12833                            W  Unknown dynamite feature providerinstaller.dynamite
2025-12-09 12:18:25.307 12833-13894 DynamiteModule          pid-12833                            I  Considering local module com.google.android.gms.providerinstaller.dynamite:1 and remote module com.google.android.gms.providerinstaller.dynamite:0
2025-12-09 12:18:25.307 12833-13894 DynamiteModule          pid-12833                            I  Selected local version of com.google.android.gms.providerinstaller.dynamite
2025-12-09 12:18:25.316 12833-13894 ProviderHelper          pid-12833                            W  Unknown dynamite feature providerinstaller.dynamite
2025-12-09 12:18:25.316 12833-13894 DynamiteModule          pid-12833                            I  Considering local module com.google.android.gms.providerinstaller.dynamite:1 and remote module com.google.android.gms.providerinstaller.dynamite:0
2025-12-09 12:18:25.316 12833-13894 DynamiteModule          pid-12833                            I  Selected local version of com.google.android.gms.providerinstaller.dynamite
2025-12-09 12:18:25.321 12833-13894 ProviderHelper          pid-12833                            W  Unknown dynamite feature providerinstaller.dynamite
2025-12-09 12:18:25.323  1561-2970  InetDiagMessage         pid-1561                             D  Destroyed 0 sockets, proto=IPPROTO_TCP, family=AF_INET, states=14
2025-12-09 12:18:25.324  1561-2970  InetDiagMessage         pid-1561                             D  Destroyed 0 sockets, proto=IPPROTO_TCP, family=AF_INET6, states=14
2025-12-09 12:18:25.324  1561-2970  InetDiagMessage         pid-1561                             D  Destroyed live tcp sockets for uids={1010127} in 3ms
2025-12-09 12:18:25.325  1561-2970  InetDiagMessage         pid-1561                             D  Destroyed 0 sockets, proto=IPPROTO_TCP, family=AF_INET, states=14
2025-12-09 12:18:25.329  1561-2970  InetDiagMessage         pid-1561                             D  Destroyed 0 sockets, proto=IPPROTO_TCP, family=AF_INET6, states=14
2025-12-09 12:18:25.329  1561-2970  InetDiagMessage         pid-1561                             D  Destroyed live tcp sockets for uids={1020127} in 4ms
2025-12-09 12:18:25.332 12833-13894 DynamiteModule          pid-12833                            I  Considering local module com.google.android.gms.providerinstaller.dynamite:1 and remote module com.google.android.gms.providerinstaller.dynamite:0
2025-12-09 12:18:25.332 12833-13894 DynamiteModule          pid-12833                            I  Selected local version of com.google.android.gms.providerinstaller.dynamite
2025-12-09 12:18:25.335  1561-1837  tranpm/BehaviorManager  pid-1561                             D  onMemPressureChange : level 0
2025-12-09 12:18:25.352 12833-13894 ProviderHelper          pid-12833                            W  Unknown dynamite feature providerinstaller.dynamite
2025-12-09 12:18:25.352 12833-13894 DynamiteModule          pid-12833                            I  Considering local module com.google.android.gms.providerinstaller.dynamite:1 and remote module com.google.android.gms.providerinstaller.dynamite:0
2025-12-09 12:18:25.352 12833-13894 DynamiteModule          pid-12833                            I  Selected local version of com.google.android.gms.providerinstaller.dynamite
2025-12-09 12:18:25.357 20331-20352 dex2oat32               pid-20331                            W  Verification of void m.bbs.<clinit>() took 185.405ms (145901.73 bytecodes/s) (302712B approximate peak alloc)
2025-12-09 12:18:25.360  1561-1662  ApplicationHelper       pid-1561                             E  Fail to get PackageManager
2025-12-09 12:18:25.360  1561-1662  ApplicationHelper       pid-1561                             E  Fail to get PackageManager
2025-12-09 12:18:25.368 12833-20204 ModuleInitIntentOp      pid-12833                            W  Dropping unexpected action com.google.android.gms.phenotype.COMMITTED
2025-12-09 12:18:25.368 12833-20204 ModuleInitIntentOp      pid-12833                            W  Dropping unexpected action com.google.android.gms.phenotype.COMMITTED
2025-12-09 12:18:25.369 12833-20206 ModuleInitIntentOp      pid-12833                            W  Dropping unexpected action com.google.android.gms.phenotype.COMMITTED
2025-12-09 12:18:25.371  1561-1662  ApplicationHelper       pid-1561                             E  Fail to get PackageManager
2025-12-09 12:18:25.371  1561-1662  ApplicationHelper       pid-1561                             E  Fail to get PackageManager
2025-12-09 12:18:25.383 12833-19680 SyncIntentOperation     pid-12833                            I  (REDACTED) Handling the intent: %s.
2025-12-09 12:18:25.385 12833-13894 ProviderHelper          pid-12833                            W  Unknown dynamite feature providerinstaller.dynamite
2025-12-09 12:18:25.389 12833-13894 DynamiteModule          pid-12833                            I  Considering local module com.google.android.gms.providerinstaller.dynamite:1 and remote module com.google.android.gms.providerinstaller.dynamite:0
2025-12-09 12:18:25.389 12833-13894 DynamiteModule          pid-12833                            I  Selected local version of com.google.android.gms.providerinstaller.dynamite
2025-12-09 12:18:25.393 12833-20203 MdiSyncModule           pid-12833                            I  flag handling is skipping irrelevant intent.
2025-12-09 12:18:25.393 12833-20121 MlBenchmarkInstaller    pid-12833                            I  (REDACTED) Intent: %s
2025-12-09 12:18:25.393 12833-20121 MlBenchmarkInstaller    pid-12833                            I  (REDACTED) COMMITTED Extra package name: %s
2025-12-09 12:18:25.396 12833-20121 ModuleInitIntentOp      pid-12833                            W  Dropping unexpected action com.google.android.gms.phenotype.COMMITTED
2025-12-09 12:18:25.400 12833-20203 ModuleInitIntentOp      pid-12833                            W  Dropping unexpected action com.google.android.gms.phenotype.COMMITTED
2025-12-09 12:18:25.402 12833-19680 LocationHistory         pid-12833                            I  (REDACTED) [IntentOperation] Handling action %s
2025-12-09 12:18:25.404  1561-1862  TranCPUBooster          pid-1561                             E  not support msg=3
2025-12-09 12:18:25.405  3605-14046 ScrollPolicy            pid-3605                             I  BOOST_KSWAPD; duration: 0
2025-12-09 12:18:25.405  1561-3415  mtkpower_client         pid-1561                             I  perf_lock_acq, hdl:964, dur:3000, num:4, pid:1561, tid:3415
2025-12-09 12:18:25.406 12833-20203 GmsSyncPolicyEngine     pid-12833                            I  (REDACTED) Periodic sync %d disabled by policy, cancelled.
2025-12-09 12:18:25.407   957-1017  libPowerHal             pid-957                              I  [fpsgo_noctrl_render_thread] 3854, 0xb400006ffa43be50
2025-12-09 12:18:25.407 12833-13894 ProviderHelper          pid-12833                            W  Unknown dynamite feature providerinstaller.dynamite
2025-12-09 12:18:25.407 12833-13894 DynamiteModule          pid-12833                            I  Considering local module com.google.android.gms.providerinstaller.dynamite:1 and remote module com.google.android.gms.providerinstaller.dynamite:0
2025-12-09 12:18:25.407 12833-13894 DynamiteModule          pid-12833                            I  Selected local version of com.google.android.gms.providerinstaller.dynamite
2025-12-09 12:18:25.407  1561-3415  mtkpower_client         pid-1561                             I  ret_hdl:981
2025-12-09 12:18:25.407   957-1017  libPowerHal             pid-957                              E  Could not open '/sys/kernel/fpsgo/fstb/set_render_no_ctrl'
2025-12-09 12:18:25.408   957-1017  libPowerHal             pid-957                              E  error : 2, No such file or directory
2025-12-09 12:18:25.408   957-1017  libPowerHal             pid-957                              I  [fpsgo_ctrl_render_thread] -3854, 0xb400006ffa43be50
2025-12-09 12:18:25.408   957-1017  mtkpower@impl           pid-957                              I  [powerd_req] TIMER_MSG_PERF_LOCK_TIMEOUT hdl:965
2025-12-09 12:18:25.408 12833-19680 SystemUpdate            pid-12833                            I  [Installation,ReceiverIntentOperation] System update management not enabled in this context. Ignoring intent: Intent { act=com.google.android.gms.phenotype.COMMITTED pkg=com.google.android.gms cmp=com.google.android.gms/.chimera.GmsIntentOperationService (has extras) }
2025-12-09 12:18:25.409   957-1017  libPowerHal             pid-957                              I  [setClusterFreq] MTKPOWER_HINT_UX_SCROLLING: sysfs_freq set cpu freq: -1 1300000 -1 1300000 
2025-12-09 12:18:25.409   957-1017  libPowerHal             pid-957                              I  [setClusterHardFreq] MTKPOWER_HINT_UX_SCROLLING: hard userlimit set cpu freq: -1 1300000 -1 1300000
2025-12-09 12:18:25.409   957-1017  libPowerHal             pid-957                              I  [setClusterFreq] MTKPOWER_HINT_UX_SCROLLING: sysfs_freq set cpu freq: -1 1300000 -1 1300000 
2025-12-09 12:18:25.409   957-1017  libPowerHal             pid-957                              I  [unsetGPUFreq] current min:15, max:0; scn_gpu_min:15, scn_gpu_max:-1; scn_gpu_min(HL):-1, scn_gpu_max(HL):-1
2025-12-09 12:18:25.409   957-1017  libPowerHal             pid-957                              I  MTKPOWER_HINT_UX_SCROLLING: set gpu opp level: 44
2025-12-09 12:18:25.409   957-1017  libPowerHal             pid-957                              I  MTKPOWER_HINT_UX_SCROLLING: set gpu opp level max: 0
2025-12-09 12:18:25.410   957-1017  libPowerHal             pid-957                              I  [setGPUFreq] Soft min/max = (44, 0); Hard min/max = (44, 0)
2025-12-09 12:18:25.410   957-1017  libPowerHal             pid-957                              I  [setGPUFreq] final min/max = (44, 0)
2025-12-09 12:18:25.410   957-1017  libPowerHal             pid-957                              I  MTKPOWER_HINT_UX_SCROLLING: set gpu opp level: 44
2025-12-09 12:18:25.410   957-1017  libPowerHal             pid-957                              I  MTKPOWER_HINT_UX_SCROLLING: set gpu opp level max: 0
2025-12-09 12:18:25.410   957-1017  libPowerHal             pid-957                              I  [PD] MTKPOWER_HINT_UX_SCROLLING update cmd:1408100 param:0
2025-12-09 12:18:25.411 12833-20203 GmsSyncPolicyEngine     pid-12833                            I  (REDACTED) Periodic sync %d disabled by policy, cancelled.
2025-12-09 12:18:25.412  3605-14046 PowerHalMgrImpl         pid-3605                             I  hdl:981, pid:3605 
2025-12-09 12:18:25.413 12833-20203 GmsSyncPolicyEngine     pid-12833                            I  (REDACTED) Periodic sync %d disabled by policy, cancelled.
2025-12-09 12:18:25.414  1561-4891  mtkpower_client         pid-1561                             I  perf_lock_rel, hdl:981, tid:4891
2025-12-09 12:18:25.415   957-1017  libPowerHal             pid-957                              I  [PD] MTKPOWER_HINT_UX_SCROLLING update cmd:1408300 param:0
2025-12-09 12:18:25.415   957-1017  libPowerHal             pid-957                              I  [PD] MTKPOWER_HINT_UX_SCROLLING update cmd:300c000 param:0
2025-12-09 12:18:25.416   957-1017  libPowerHal             pid-957                              I  [PD] MTKPOWER_HINT_UX_SCROLLING update cmd:2050000 param:1
2025-12-09 12:18:25.419   957-1017  libPowerHal             pid-957                              I  [fpsgo_noctrl_render_thread] 3854, 0xb400006ffa43be50
2025-12-09 12:18:25.419   957-1017  libPowerHal             pid-957                              E  Could not open '/sys/kernel/fpsgo/fstb/set_render_no_ctrl'
2025-12-09 12:18:25.419   957-1017  libPowerHal             pid-957                              E  error : 2, No such file or directory
2025-12-09 12:18:25.419   957-1017  libPowerHal             pid-957                              I  [PD] system_server update ONESHOT cmd:2000400 param:3854
2025-12-09 12:18:25.419   957-1017  libPowerHal             pid-957                              I  [fpsgo_ctrl_render_thread] -3854, 0xb400006ffa43be50
2025-12-09 12:18:25.419   957-1017  libPowerHal             pid-957                              I  [PD] system_server update ONESHOT cmd:2000300 param:-3854
2025-12-09 12:18:25.420 12833-13894 ProviderHelper          pid-12833                            W  Unknown dynamite feature providerinstaller.dynamite
2025-12-09 12:18:25.421 12833-13894 DynamiteModule          pid-12833                            I  Considering local module com.google.android.gms.providerinstaller.dynamite:1 and remote module com.google.android.gms.providerinstaller.dynamite:0
2025-12-09 12:18:25.421 12833-13894 DynamiteModule          pid-12833                            I  Selected local version of com.google.android.gms.providerinstaller.dynamite
2025-12-09 12:18:25.426 20270-20362 PTCommittedOperation    pid-20270                            I  Receive new configuration for com.google.android.gms.credential_manager
2025-12-09 12:18:25.431 12833-13894 ProviderHelper          pid-12833                            W  Unknown dynamite feature providerinstaller.dynamite
2025-12-09 12:18:25.431 12833-13894 DynamiteModule          pid-12833                            I  Considering local module com.google.android.gms.providerinstaller.dynamite:1 and remote module com.google.android.gms.providerinstaller.dynamite:0
2025-12-09 12:18:25.431 12833-13894 DynamiteModule          pid-12833                            I  Selected local version of com.google.android.gms.providerinstaller.dynamite
2025-12-09 12:18:25.434  8105-12376 SettingsGuardService    pid-8105                             D   Activity check - Full: null, Simple: null
2025-12-09 12:18:25.459  1561-1831  OomAdjuster             pid-1561                             D  Not killing cached processes
2025-12-09 12:18:25.459  1561-1662  ApplicationHelper       pid-1561                             E  Fail to get PackageManager
2025-12-09 12:18:25.464  8105-8105  SettingsGuardService    pid-8105                             I   Guard RETOMADO aps fluxo de permisses
2025-12-09 12:18:25.484 12833-13894 ProviderHelper          pid-12833                            W  Unknown dynamite feature providerinstaller.dynamite
2025-12-09 12:18:25.485 12833-13894 DynamiteModule          pid-12833                            I  Considering local module com.google.android.gms.providerinstaller.dynamite:1 and remote module com.google.android.gms.providerinstaller.dynamite:0
2025-12-09 12:18:25.485 12833-13894 DynamiteModule          pid-12833                            I  Selected local version of com.google.android.gms.providerinstaller.dynamite
2025-12-09 12:18:25.509  1561-1662  ApplicationHelper       pid-1561                             E  Fail to get PackageManager
2025-12-09 12:18:25.543 12833-15231 GmsDebugLogger          pid-12833                            I  [56] MlkitOcrCommon.optional_251036100400_2.apk
2025-12-09 12:18:25.552  1561-1662  ApplicationHelper       pid-1561                             E  Fail to get PackageManager
2025-12-09 12:18:25.552  1561-1662  ApplicationHelper       pid-1561                             E  Fail to get PackageManager
2025-12-09 12:18:25.559  1561-1662  ApplicationHelper       pid-1561                             E  Fail to get PackageManager
2025-12-09 12:18:25.559  1561-1662  ApplicationHelper       pid-1561                             E  Fail to get PackageManager
2025-12-09 12:18:25.569 12833-13894 FileUtils               pid-12833                            W  Failed to set unwritable: /data/user_de/10/com.google.android.gms/app_chimera/m/00000008/AndroidPlatformServices.apk
2025-12-09 12:18:25.569 12833-13894 ProviderHelper          pid-12833                            W  Unknown dynamite feature providerinstaller.dynamite
2025-12-09 12:18:25.569 12833-13894 DynamiteModule          pid-12833                            I  Considering local module com.google.android.gms.providerinstaller.dynamite:1 and remote module com.google.android.gms.providerinstaller.dynamite:0
2025-12-09 12:18:25.569 12833-13894 DynamiteModule          pid-12833                            I  Selected local version of com.google.android.gms.providerinstaller.dynamite
2025-12-09 12:18:25.627  1561-1662  ApplicationHelper       pid-1561                             E  Fail to get PackageManager
2025-12-09 12:18:25.627  1561-1662  ApplicationHelper       pid-1561                             E  Fail to get PackageManager
2025-12-09 12:18:25.633 12833-19680 ModuleInitIntentOp      pid-12833                            W  Dropping unexpected action com.google.android.gms.phenotype.COMMITTED
2025-12-09 12:18:25.634 12833-19680 ModuleInitIntentOp      pid-12833                            W  Dropping unexpected action com.google.android.gms.phenotype.COMMITTED
2025-12-09 12:18:25.638 12833-13894 ProviderHelper          pid-12833                            W  Unknown dynamite feature providerinstaller.dynamite
2025-12-09 12:18:25.639 12833-20202 ModuleInitIntentOp      pid-12833                            W  Dropping unexpected action com.google.android.gms.phenotype.COMMITTED
2025-12-09 12:18:25.640 12833-20121 SyncIntentOperation     pid-12833                            I  (REDACTED) Handling the intent: %s.
2025-12-09 12:18:25.640 12833-13894 DynamiteModule          pid-12833                            I  Considering local module com.google.android.gms.providerinstaller.dynamite:1 and remote module com.google.android.gms.providerinstaller.dynamite:0
2025-12-09 12:18:25.640 12833-13894 DynamiteModule          pid-12833                            I  Selected local version of com.google.android.gms.providerinstaller.dynamite
2025-12-09 12:18:25.644  1561-1662  ApplicationHelper       pid-1561                             E  Fail to get PackageManager
2025-12-09 12:18:25.644  1561-1662  ApplicationHelper       pid-1561                             E  Fail to get PackageManager
2025-12-09 12:18:25.649 12833-19680 MdiSyncModule           pid-12833                            I  flag handling is skipping irrelevant intent.
2025-12-09 12:18:25.651 20270-20367 PTCommittedOperation    pid-20270                            I  Receive new configuration for com.google.android.gms.cast
2025-12-09 12:18:25.652 12833-20204 ModuleInitIntentOp      pid-12833                            W  Dropping unexpected action com.google.android.gms.phenotype.COMMITTED
2025-12-09 12:18:25.652 12833-19680 MlBenchmarkInstaller    pid-12833                            I  (REDACTED) Intent: %s
2025-12-09 12:18:25.652 12833-19680 MlBenchmarkInstaller    pid-12833                            I  (REDACTED) COMMITTED Extra package name: %s
2025-12-09 12:18:25.653 12833-19680 ModuleInitIntentOp      pid-12833                            W  Dropping unexpected action com.google.android.gms.phenotype.COMMITTED
2025-12-09 12:18:25.654 12833-20202 LocationHistory         pid-12833                            I  (REDACTED) [IntentOperation] Handling action %s
2025-12-09 12:18:25.656 12833-19680 GmsSyncPolicyEngine     pid-12833                            I  (REDACTED) Periodic sync %d disabled by policy, cancelled.
2025-12-09 12:18:25.657 12833-19680 GmsSyncPolicyEngine     pid-12833                            I  (REDACTED) Periodic sync %d disabled by policy, cancelled.
2025-12-09 12:18:25.657 12833-20204 SystemUpdate            pid-12833                            I  [Installation,ReceiverIntentOperation] System update management not enabled in this context. Ignoring intent: Intent { act=com.google.android.gms.phenotype.COMMITTED pkg=com.google.android.gms cmp=com.google.android.gms/.chimera.GmsIntentOperationService (has extras) }
2025-12-09 12:18:25.658  1561-1910  libtrancpufreqtime      pid-1561                             D  [doPollPsi:227] cpu psi is high, 500ms at 1s window
2025-12-09 12:18:25.659 12833-19680 GmsSyncPolicyEngine     pid-12833                            I  (REDACTED) Periodic sync %d disabled by policy, cancelled.
2025-12-09 12:18:25.672 12833-13894 ProviderHelper          pid-12833                            W  Unknown dynamite feature providerinstaller.dynamite
2025-12-09 12:18:25.672 12833-13894 DynamiteModule          pid-12833                            I  Considering local module com.google.android.gms.providerinstaller.dynamite:1 and remote module com.google.android.gms.providerinstaller.dynamite:0
2025-12-09 12:18:25.672 12833-13894 DynamiteModule          pid-12833                            I  Selected local version of com.google.android.gms.providerinstaller.dynamite
2025-12-09 12:18:25.679  1561-1662  ApplicationHelper       pid-1561                             E  Fail to get PackageManager
2025-12-09 12:18:25.698  1561-1662  ApplicationHelper       pid-1561                             E  Fail to get PackageManager
2025-12-09 12:18:25.708 12833-13894 ProviderHelper          pid-12833                            W  Unknown dynamite feature providerinstaller.dynamite
2025-12-09 12:18:25.709 12833-13894 DynamiteModule          pid-12833                            I  Considering local module com.google.android.gms.providerinstaller.dynamite:1 and remote module com.google.android.gms.providerinstaller.dynamite:0
2025-12-09 12:18:25.709 12833-13894 DynamiteModule          pid-12833                            I  Selected local version of com.google.android.gms.providerinstaller.dynamite
2025-12-09 12:18:25.723  1561-1662  ApplicationHelper       pid-1561                             E  Fail to get PackageManager
2025-12-09 12:18:25.727  1561-1662  ApplicationHelper       pid-1561                             E  Fail to get PackageManager
2025-12-09 12:18:25.744   957-992   libPerfCtl              pid-957                              I  xgfGetFPS pid:3207 fps:-1
2025-12-09 12:18:25.744   957-992   AppThermalMode          pid-957                              I  [perfNotifyThermalState] hdl:0
2025-12-09 12:18:25.744   957-992   AppThermalMode          pid-957                              I  [findAppThermalIdx] Fail: appThermalModeEnable: 0,currentFPS: 60,fg->pid:8105
2025-12-09 12:18:25.744   957-992   AppThermalMode          pid-957                              I  [perfNotifyThermalState] appThermalIdx -1:
2025-12-09 12:18:25.744   957-992   libPerfCtl              pid-957                              I  xgfGetFPS pid:3605 fps:-1
2025-12-09 12:18:25.744   957-992   AppThermalMode          pid-957                              I  [perfNotifyThermalState] hdl:0
2025-12-09 12:18:25.744   957-992   AppThermalMode          pid-957                              I  [findAppThermalIdx] Fail: appThermalModeEnable: 0,currentFPS: 60,fg->pid:8105
2025-12-09 12:18:25.744   957-992   AppThermalMode          pid-957                              I  [perfNotifyThermalState] appThermalIdx -1:
2025-12-09 12:18:25.744   957-992   libPerfCtl              pid-957                              I  xgfGetFPS pid:8105 fps:60
2025-12-09 12:18:25.744   957-992   AppThermalMode          pid-957                              I  [perfNotifyThermalState] hdl:0
2025-12-09 12:18:25.744   957-992   AppThermalMode          pid-957                              I  [findAppThermalIdx] Fail: appThermalModeEnable: 0,currentFPS: 60,fg->pid:8105
2025-12-09 12:18:25.744   957-992   AppThermalMode          pid-957                              I  [perfNotifyThermalState] appThermalIdx -1:
2025-12-09 12:18:25.744   957-992   libPerfCtl              pid-957                              I  xgfGetFPS pid:14217 fps:-1
2025-12-09 12:18:25.744   957-992   AppThermalMode          pid-957                              I  [perfNotifyThermalState] hdl:0
2025-12-09 12:18:25.744   957-992   AppThermalMode          pid-957                              I  [findAppThermalIdx] Fail: appThermalModeEnable: 0,currentFPS: 60,fg->pid:8105
2025-12-09 12:18:25.744   957-992   AppThermalMode          pid-957                              I  [perfNotifyThermalState] appThermalIdx -1:
2025-12-09 12:18:25.752 12833-13894 ProviderHelper          pid-12833                            W  Unknown dynamite feature providerinstaller.dynamite
2025-12-09 12:18:25.752 12833-13894 DynamiteModule          pid-12833                            I  Considering local module com.google.android.gms.providerinstaller.dynamite:1 and remote module com.google.android.gms.providerinstaller.dynamite:0
2025-12-09 12:18:25.753 12833-13894 DynamiteModule          pid-12833                            I  Selected local version of com.google.android.gms.providerinstaller.dynamite
2025-12-09 12:18:25.766 12833-13894 FileUtils               pid-12833                            W  Failed to set world readable: /data/user_de/10/com.google.android.gms/app_chimera/m/0000000d/oat/arm64/dl-Appsearch.optional_251036100400.odex.swap.hJkxHZ.tmp
2025-12-09 12:18:25.766 12833-13894 FileUtils               pid-12833                            W  Failed to set unwritable: /data/user_de/10/com.google.android.gms/app_chimera/m/0000000d/oat/arm64/dl-Appsearch.optional_251036100400.odex.swap.hJkxHZ.tmp
2025-12-09 12:18:25.766 12833-12833 Google Maps Android API pid-12833                            I  maps_core feature downloading. [CONTEXT service_id=71 ]
2025-12-09 12:18:25.767 12833-13894 ProviderHelper          pid-12833                            W  Unknown dynamite feature providerinstaller.dynamite
2025-12-09 12:18:25.767 12833-13894 DynamiteModule          pid-12833                            I  Considering local module com.google.android.gms.providerinstaller.dynamite:1 and remote module com.google.android.gms.providerinstaller.dynamite:0
2025-12-09 12:18:25.767 12833-13894 DynamiteModule          pid-12833                            I  Selected local version of com.google.android.gms.providerinstaller.dynamite
2025-12-09 12:18:25.768 12833-12833 Google Maps Android API pid-12833                            I  maps_core feature installing. [CONTEXT service_id=71 ]
2025-12-09 12:18:25.768 12833-20064 GmsDebugLogger          pid-12833                            I  [56] MapsCoreDynamite.integ_250625400100400_2.apk
2025-12-09 12:18:25.771 12833-12833 BoundBrokerSvc          pid-12833                            D  onBind: Intent { act=com.google.android.gms.auth.cryptauth.cryptauthservice.START dat=chimera-action:/... cmp=com.google.android.gms/.chimera.GmsBoundBrokerService }
2025-12-09 12:18:25.771 12833-12833 BoundBrokerSvc          pid-12833                            D  Loading bound service for intent: Intent { act=com.google.android.gms.auth.cryptauth.cryptauthservice.START dat=chimera-action:/... cmp=com.google.android.gms/.chimera.GmsBoundBrokerService }
2025-12-09 12:18:25.773  1561-1662  ApplicationHelper       pid-1561                             E  Fail to get PackageManager
2025-12-09 12:18:25.773  1561-1662  ApplicationHelper       pid-1561                             E  Fail to get PackageManager
2025-12-09 12:18:25.779   940-982   android.ha...ervice.mtk pid-940                              W  parseMsg: Get from client TYPE=thermal_hal_notify NAME=SKIN
2025-12-09 12:18:25.779   940-982   android.ha...ervice.mtk pid-940                              W  parseMsg:name.c_str():SKIN
2025-12-09 12:18:25.779   940-982   android.ha...ervice.mtk pid-940                              W  parseMsg:tz notify:SKIN
2025-12-09 12:18:25.780   940-982   android.ha...ervice.mtk pid-940                              I  Wait to accept a connection
2025-12-09 12:18:25.781   940-982   android.ha...l@2.0-impl pid-940                              I  Sending notification:  Type: SKIN Name: SKIN CurrentValue: 49.928 ThrottlingStatus: SEVERE
2025-12-09 12:18:25.782   940-982   android.ha...l@2.0-impl pid-940                              I  sendThermalChangedCallback
2025-12-09 12:18:25.785  1561-1662  ApplicationHelper       pid-1561                             E  Fail to get PackageManager
2025-12-09 12:18:25.785  1561-1662  ApplicationHelper       pid-1561                             E  Fail to get PackageManager
2025-12-09 12:18:25.787   940-940   android.ha...ervice.mtk pid-940                              I  fill_temperatures filterType1 name: SKIN type: SKIN throttlingStatus: SEVERE value: 49.928 ret_temps size 0
2025-12-09 12:18:25.792  1561-3415  BiometricService        pid-1561                             D  canAuthenticate: User=10, Caller=10, Authenticators=255
2025-12-09 12:18:25.792  1561-3415  BiometricS...reAuthInfo pid-1561                             D  Package: com.google.android.gms Sensor ID: 1 Modality: 8 Status: 4
2025-12-09 12:18:25.793  1561-3415  BiometricS...reAuthInfo pid-1561                             D  Package: com.google.android.gms Sensor ID: 0 Modality: 2 Status: 7
2025-12-09 12:18:25.793  1561-3415  BiometricS...reAuthInfo pid-1561                             D  getCanAuthenticateInternal Modality: 2 AuthenticatorStatus: 7
2025-12-09 12:18:25.793  1561-3415  AuthService             pid-1561                             D  canAuthenticate, userId: 10, callingUserId: 10, authenticators: 255, result: 11
2025-12-09 12:18:25.797  1561-4891  FingerprintService      pid-1561                             W  Rejecting com.google.android.gms; not a current user or profile
2025-12-09 12:18:25.798  1561-4891  BiometricService        pid-1561                             D  canAuthenticate: User=10, Caller=10, Authenticators=32768
2025-12-09 12:18:25.798  1561-4891  BiometricS...reAuthInfo pid-1561                             D  getCanAuthenticateInternal Modality: 1 AuthenticatorStatus: 9
2025-12-09 12:18:25.798  1561-4891  AuthService             pid-1561                             D  canAuthenticate, userId: 10, callingUserId: 10, authenticators: 32768, result: 11
2025-12-09 12:18:25.799 20270-20361 Fido                    pid-20270                            I  [FidoV2EnrollmentController] Attempting to enroll Autofill Keystore keys
2025-12-09 12:18:25.801 20270-20361 Fido                    pid-20270                            I  [FidoV2EnrollmentController] No screen lock set.
2025-12-09 12:18:25.829 12833-13894 ProviderHelper          pid-12833                            W  Unknown dynamite feature providerinstaller.dynamite
2025-12-09 12:18:25.830 12833-13894 DynamiteModule          pid-12833                            I  Considering local module com.google.android.gms.providerinstaller.dynamite:1 and remote module com.google.android.gms.providerinstaller.dynamite:0
2025-12-09 12:18:25.830 12833-13894 DynamiteModule          pid-12833                            I  Selected local version of com.google.android.gms.providerinstaller.dynamite
2025-12-09 12:18:25.842  4948-5916  Kolun_AI                pid-4948                             I  PreventAccidentalTouchScene:orientationRunnable: 0
2025-12-09 12:18:25.842 12583-13241 Kolun_AI                pid-12583                            I  PreventAccidentalTouchScene:orientationRunnable: 0
