---------------------------- PROCESS STARTED (9182) for package com.cdccreditsmart.app ----------------------------
2026-02-06 14:33:27.475  9182-9182  ziparchive              com.cdccreditsmart.app               W  Unable to open '/data/app/~~Ax61yVd_3xHbBMeWuvX9tQ==/com.cdccreditsmart.app-wmBgVs6z_pDFjjiymoj3eQ==/base.dm': No such file or directory
2026-02-06 14:33:27.475  9182-9182  ziparchive              com.cdccreditsmart.app               W  Unable to open '/data/app/~~Ax61yVd_3xHbBMeWuvX9tQ==/com.cdccreditsmart.app-wmBgVs6z_pDFjjiymoj3eQ==/base.dm': No such file or directory
2026-02-06 14:33:28.506  9182-9182  nativeloader            com.cdccreditsmart.app               D  Configuring clns-7 for other apk /data/app/~~Ax61yVd_3xHbBMeWuvX9tQ==/com.cdccreditsmart.app-wmBgVs6z_pDFjjiymoj3eQ==/base.apk. target_sdk_version=35, uses_libraries=, library_path=/data/app/~~Ax61yVd_3xHbBMeWuvX9tQ==/com.cdccreditsmart.app-wmBgVs6z_pDFjjiymoj3eQ==/lib/arm64:/data/app/~~Ax61yVd_3xHbBMeWuvX9tQ==/com.cdccreditsmart.app-wmBgVs6z_pDFjjiymoj3eQ==/base.apk!/lib/arm64-v8a, permitted_path=/data:/mnt/expand:/data/user/0/com.cdccreditsmart.app
2026-02-06 14:33:28.516  9182-9182  CompatChangeReporter    com.cdccreditsmart.app               D  Compat change id reported: 202956589; UID 10304; state: ENABLED
2026-02-06 14:33:28.541  9182-9182  GraphicsEnvironment     com.cdccreditsmart.app               V  Currently set values for:
2026-02-06 14:33:28.541  9182-9182  GraphicsEnvironment     com.cdccreditsmart.app               V    angle_gl_driver_selection_pkgs=[]
2026-02-06 14:33:28.541  9182-9182  GraphicsEnvironment     com.cdccreditsmart.app               V    angle_gl_driver_selection_values=[]
2026-02-06 14:33:28.541  9182-9182  GraphicsEnvironment     com.cdccreditsmart.app               V  Global.Settings values are invalid: number of packages: 0, number of values: 0
2026-02-06 14:33:28.542  9182-9182  GraphicsEnvironment     com.cdccreditsmart.app               V  Neither updatable production driver nor prerelease driver is supported.
2026-02-06 14:33:28.739  9182-9182  FirebaseApp             com.cdccreditsmart.app               I  Device unlocked: initializing all Firebase APIs for app [DEFAULT]
2026-02-06 14:33:28.827  9182-9182  FirebaseInitProvider    com.cdccreditsmart.app               I  FirebaseApp initialization successful
2026-02-06 14:33:28.870  9182-9182  WM-WrkMgrInitializer    com.cdccreditsmart.app               D  Initializing WorkManager with default configuration.
2026-02-06 14:33:28.905  9182-9309  creditsmart.app         com.cdccreditsmart.app               W  ClassLoaderContext classpath size mismatch. expected=1, found=0 (DLC[];PCL[base.apk*3045686230]{PCL[/system/framework/org.apache.http.legacy.jar*437079508]#PCL[/system/framework/com.android.location.provider.jar*3414091812]#PCL[/system/framework/com.android.media.remotedisplay.jar*2042759013]#PCL[/system_ext/framework/androidx.window.extensions.jar*83288132]#PCL[/system_ext/framework/androidx.window.sidecar.jar*3142613169]} | DLC[];PCL[])
2026-02-06 14:33:28.921  9182-9309  DynamiteModule          com.cdccreditsmart.app               I  Considering local module com.google.android.gms.measurement.dynamite:127 and remote module com.google.android.gms.measurement.dynamite:175
2026-02-06 14:33:28.921  9182-9309  DynamiteModule          com.cdccreditsmart.app               I  Selected remote version of com.google.android.gms.measurement.dynamite, version >= 175
2026-02-06 14:33:28.921  9182-9309  DynamiteModule          com.cdccreditsmart.app               V  Dynamite loader version >= 2, using loadModule2NoCrashUtils
2026-02-06 14:33:28.981  9182-9309  System                  com.cdccreditsmart.app               W  ClassLoader referenced unknown path: 
2026-02-06 14:33:28.983  9182-9309  nativeloader            com.cdccreditsmart.app               D  Configuring clns-8 for other apk . target_sdk_version=36, uses_libraries=, library_path=/data/app/~~UYL2LxTOvUtKpfDE1wjgsw==/com.google.android.gms--_bQxPHbyTVgqifXCVQtOQ==/lib/arm64:/data/app/~~UYL2LxTOvUtKpfDE1wjgsw==/com.google.android.gms--_bQxPHbyTVgqifXCVQtOQ==/base.apk!/lib/arm64-v8a, permitted_path=/data:/mnt/expand:/data/user/0/com.google.android.gms
2026-02-06 14:33:29.018  9182-9309  creditsmart.app         com.cdccreditsmart.app               W  ClassLoaderContext classpath element checksum mismatch. expected=3045686230, found=3470891605 (DLC[];PCL[base.apk*3045686230]{PCL[/system/framework/org.apache.http.legacy.jar*437079508]#PCL[/system/framework/com.android.location.provider.jar*3414091812]#PCL[/system/framework/com.android.media.remotedisplay.jar*2042759013]#PCL[/system_ext/framework/androidx.window.extensions.jar*83288132]#PCL[/system_ext/framework/androidx.window.sidecar.jar*3142613169]} | DLC[];PCL[/data/app/~~Ax61yVd_3xHbBMeWuvX9tQ==/com.cdccreditsmart.app-wmBgVs6z_pDFjjiymoj3eQ==/base.apk*3470891605])
2026-02-06 14:33:29.102  9182-9182  WM-PackageManagerHelper com.cdccreditsmart.app               D  androidx.work.impl.background.systemjob.SystemJobService enabled
2026-02-06 14:33:29.102  9182-9182  WM-Schedulers           com.cdccreditsmart.app               D  Created SystemJobScheduler and enabled SystemJobService
2026-02-06 14:33:29.118  9182-9182  CompatChangeReporter    com.cdccreditsmart.app               D  Compat change id reported: 279646685; UID 10304; state: ENABLED
2026-02-06 14:33:29.129  9182-9182  MbrainDebugManagerImpl  com.cdccreditsmart.app               D  getService failed
2026-02-06 14:33:29.150  9182-9182  CrashHandler            com.cdccreditsmart.app               I  âœ… Global crash handler instalado
2026-02-06 14:33:29.150  9182-9182  CDCApplication          com.cdccreditsmart.app               I  CDC Application iniciando...
2026-02-06 14:33:29.151  9182-9335  CompatChangeReporter    com.cdccreditsmart.app               D  Compat change id reported: 312399441; UID 10304; state: ENABLED
2026-02-06 14:33:29.155  9182-9182  CDCApplication          com.cdccreditsmart.app               I  Executando inicializacao completa...
2026-02-06 14:33:29.205  9182-9340  creditsmart.app         com.cdccreditsmart.app               W  Accessing hidden method Ldalvik/system/VMStack;->getStackClass2()Ljava/lang/Class; (unsupported, reflection, allowed)
2026-02-06 14:33:29.226  9182-9333  creditsmart.app         com.cdccreditsmart.app               E  No package ID 6a found for resource ID 0x6a0b0013.
2026-02-06 14:33:29.229  9182-9333  FA                      com.cdccreditsmart.app               I  App measurement initialized, version: 151001
2026-02-06 14:33:29.229  9182-9333  FA                      com.cdccreditsmart.app               I  To enable debug logging run: adb shell setprop log.tag.FA VERBOSE
2026-02-06 14:33:29.229  9182-9333  FA                      com.cdccreditsmart.app               I  To enable faster debug mode event logging run:
                                                                                                      adb shell setprop debug.firebase.analytics.app com.cdccreditsmart.app
2026-02-06 14:33:29.246  9182-9182  CDCApplication          com.cdccreditsmart.app               I  ========================================
2026-02-06 14:33:29.246  9182-9182  CDCApplication          com.cdccreditsmart.app               I  ğŸ” Verificando status de Device Owner...
2026-02-06 14:33:29.252  9182-9182  CompatChangeReporter    com.cdccreditsmart.app               D  Compat change id reported: 307233716; UID 10304; state: ENABLED
2026-02-06 14:33:29.255  9182-9182  CDCApplication          com.cdccreditsmart.app               I  Device Owner Status: âŒ NÃƒO
2026-02-06 14:33:29.255  9182-9182  CDCApplication          com.cdccreditsmart.app               I  Package Name: com.cdccreditsmart.app
2026-02-06 14:33:29.255  9182-9182  CDCApplication          com.cdccreditsmart.app               E  
2026-02-06 14:33:29.255  9182-9182  CDCApplication          com.cdccreditsmart.app               E  â•”â•â•â•â•â•â•â•â•â•â•â•â•â•â•â•â•â•â•â•â•â•â•â•â•â•â•â•â•â•â•â•â•â•â•â•â•â•â•â•â•â•â•â•â•â•â•â•â•â•â•â•â•â•â•â•â•â•—
2026-02-06 14:33:29.255  9182-9182  CDCApplication          com.cdccreditsmart.app               E  â•‘  âš ï¸  APP NÃƒO ESTÃ PROVISIONADO COMO DEVICE OWNER  âš ï¸   â•‘
2026-02-06 14:33:29.255  9182-9182  CDCApplication          com.cdccreditsmart.app               E  â• â•â•â•â•â•â•â•â•â•â•â•â•â•â•â•â•â•â•â•â•â•â•â•â•â•â•â•â•â•â•â•â•â•â•â•â•â•â•â•â•â•â•â•â•â•â•â•â•â•â•â•â•â•â•â•â•â•£
2026-02-06 14:33:29.255  9182-9182  CDCApplication          com.cdccreditsmart.app               E  â•‘  O app precisa ser provisionado como Device Owner      â•‘
2026-02-06 14:33:29.255  9182-9182  CDCApplication          com.cdccreditsmart.app               E  â•‘  ANTES de poder conceder permissÃµes automaticamente.   â•‘
2026-02-06 14:33:29.255  9182-9182  CDCApplication          com.cdccreditsmart.app               E  â•‘                                                        â•‘
2026-02-06 14:33:29.256  9182-9182  CDCApplication          com.cdccreditsmart.app               E  â•‘  Provisione o dispositivo usando um dos mÃ©todos:       â•‘
2026-02-06 14:33:29.256  9182-9182  CDCApplication          com.cdccreditsmart.app               E  â•‘  1. ADB: adb shell dpm set-device-owner ...           â•‘
2026-02-06 14:33:29.256  9182-9182  CDCApplication          com.cdccreditsmart.app               E  â•‘  2. QR Code durante setup inicial                      â•‘
2026-02-06 14:33:29.256  9182-9182  CDCApplication          com.cdccreditsmart.app               E  â•‘  3. NFC durante setup inicial                          â•‘
2026-02-06 14:33:29.257  9182-9182  CDCApplication          com.cdccreditsmart.app               E  â•‘  4. Samsung Knox Mobile Enrollment                     â•‘
2026-02-06 14:33:29.257  9182-9182  CDCApplication          com.cdccreditsmart.app               E  â•šâ•â•â•â•â•â•â•â•â•â•â•â•â•â•â•â•â•â•â•â•â•â•â•â•â•â•â•â•â•â•â•â•â•â•â•â•â•â•â•â•â•â•â•â•â•â•â•â•â•â•â•â•â•â•â•â•â•
2026-02-06 14:33:29.257  9182-9182  CDCApplication          com.cdccreditsmart.app               E  
2026-02-06 14:33:29.257  9182-9182  CDCApplication          com.cdccreditsmart.app               I  ========================================
2026-02-06 14:33:29.258  9182-9182  CDCApplication          com.cdccreditsmart.app               D  â¸ï¸ App nÃ£o Ã© Device Owner - SettingsGuard serÃ¡ iniciado normalmente
2026-02-06 14:33:29.258  9182-9182  CDCApplication          com.cdccreditsmart.app               I  ğŸ”’ Iniciando sistema Keep Alive...
2026-02-06 14:33:29.261  9182-9182  KeepAliveManager        com.cdccreditsmart.app               I  ğŸ”’ ========================================
2026-02-06 14:33:29.261  9182-9182  KeepAliveManager        com.cdccreditsmart.app               I  ğŸ”’ INICIANDO SISTEMA KEEP ALIVE
2026-02-06 14:33:29.261  9182-9182  KeepAliveManager        com.cdccreditsmart.app               I  ğŸ”’ ========================================
2026-02-06 14:33:29.287  9182-9182  KeepAliveManager        com.cdccreditsmart.app               I  âœ… ServiceWatchdogWorker agendado (15min)
2026-02-06 14:33:29.292  9182-9182  KeepAliveManager        com.cdccreditsmart.app               W  âš ï¸ Exact alarm nÃ£o disponÃ­vel - usando alarm inexato
2026-02-06 14:33:29.292  9182-9182  KeepAliveManager        com.cdccreditsmart.app               I  âœ… AlarmManager wakeup agendado (10min)
2026-02-06 14:33:29.296  9182-9182  KeepAliveManager        com.cdccreditsmart.app               I  ğŸ”‹ App NÃƒO Ã© Device Owner - permissÃ£o serÃ¡ solicitada na tela de permissÃµes
2026-02-06 14:33:29.296  9182-9182  KeepAliveManager        com.cdccreditsmart.app               I  ğŸ”’ Sistema Keep Alive ativo
2026-02-06 14:33:29.296  9182-9182  KeepAliveManager        com.cdccreditsmart.app               I  ğŸ”’ - WorkManager: verificaÃ§Ã£o a cada 15min
2026-02-06 14:33:29.296  9182-9182  KeepAliveManager        com.cdccreditsmart.app               I  ğŸ”’ - AlarmManager: wakeup a cada 10min
2026-02-06 14:33:29.296  9182-9182  KeepAliveManager        com.cdccreditsmart.app               I  ğŸ”’ ========================================
2026-02-06 14:33:29.298  9182-9182  CDCApplication          com.cdccreditsmart.app               I  ğŸ“Š Keep Alive Stats:
2026-02-06 14:33:29.298  9182-9182  CDCApplication          com.cdccreditsmart.app               I     - Restarts anteriores: 0
2026-02-06 14:33:29.298  9182-9182  CDCApplication          com.cdccreditsmart.app               I     - OtimizaÃ§Ã£o bateria: SIM (ruim)
2026-02-06 14:33:29.490  9182-9355  CompatChangeReporter    com.cdccreditsmart.app               D  Compat change id reported: 311402873; UID 10304; state: ENABLED
2026-02-06 14:33:29.490  9182-9355  CompatChangeReporter    com.cdccreditsmart.app               D  Compat change id reported: 323349338; UID 10304; state: ENABLED
2026-02-06 14:33:29.637  9182-9333  FA                      com.cdccreditsmart.app               I  Tag Manager is not found and thus will not be used
2026-02-06 14:33:29.831  9182-9182  SecureTokenStorage      com.cdccreditsmart.app               D  EncryptedSharedPreferences initialized successfully
2026-02-06 14:33:29.839  9182-9182  ContractCodeStorage     com.cdccreditsmart.app               D  Retrieving contract code from storage
2026-02-06 14:33:30.183  9182-9182  ContractCodeStorage     com.cdccreditsmart.app               D  Storage verification: 0 valid, 0 tampered, 7 missing
2026-02-06 14:33:30.183  9182-9182  ContractCodeStorage     com.cdccreditsmart.app               W  No valid contract code found in any location
2026-02-06 14:33:30.210  9182-9399  CDCApplication          com.cdccreditsmart.app               I  ğŸ§¹ ========================================
2026-02-06 14:33:30.211  9182-9399  CDCApplication          com.cdccreditsmart.app               I  ğŸ§¹ LIMPANDO ESTADO DE BLOQUEIO OBSOLETO
2026-02-06 14:33:30.211  9182-9399  CDCApplication          com.cdccreditsmart.app               I  ğŸ§¹ ========================================
2026-02-06 14:33:30.211  9182-9399  CDCApplication          com.cdccreditsmart.app               I  ğŸ§¹ Dispositivo nÃ£o estÃ¡ pareado - bloqueio anterior serÃ¡ removido
2026-02-06 14:33:30.213  9182-9399  CDCApplication          com.cdccreditsmart.app               I  ğŸ§¹ Estado anterior encontrado:
2026-02-06 14:33:30.213  9182-9399  CDCApplication          com.cdccreditsmart.app               I     NÃ­vel: 0
2026-02-06 14:33:30.213  9182-9399  CDCApplication          com.cdccreditsmart.app               I     Bloqueio manual: false
2026-02-06 14:33:30.213  9182-9399  CDCApplication          com.cdccreditsmart.app               I  ğŸ§¹ Nenhum bloqueio ativo - nada a limpar
2026-02-06 14:33:30.213  9182-9399  CDCApplication          com.cdccreditsmart.app               I  ğŸ§¹ ========================================
2026-02-06 14:33:30.216  9182-9182  CDCApplication          com.cdccreditsmart.app               I  Inicializacao completa finalizada
2026-02-06 14:33:30.216  9182-9182  Typeface                com.cdccreditsmart.app               I  initOverlayFonts====family: RookeryNew-Regular
2026-02-06 14:33:30.227  9182-9398  AppProtectionManager    com.cdccreditsmart.app               I  
2026-02-06 14:33:30.227  9182-9398  AppProtectionManager    com.cdccreditsmart.app               I  â•”â•â•â•â•â•â•â•â•â•â•â•â•â•â•â•â•â•â•â•â•â•â•â•â•â•â•â•â•â•â•â•â•â•â•â•â•â•â•â•â•â•â•â•â•â•â•â•â•â•â•â•â•â•â•â•â•â•â•â•â•â•â•â•â•â•—
2026-02-06 14:33:30.229  9182-9398  AppProtectionManager    com.cdccreditsmart.app               I  â•‘     ğŸ›¡ï¸ APLICANDO MELHOR PROTEÃ‡ÃƒO DISPONÃVEL                    â•‘
2026-02-06 14:33:30.229  9182-9398  AppProtectionManager    com.cdccreditsmart.app               I  â•‘           CDC CREDIT SMART - PROTEÃ‡ÃƒO EM CAMADAS              â•‘
2026-02-06 14:33:30.229  9182-9398  AppProtectionManager    com.cdccreditsmart.app               I  â•šâ•â•â•â•â•â•â•â•â•â•â•â•â•â•â•â•â•â•â•â•â•â•â•â•â•â•â•â•â•â•â•â•â•â•â•â•â•â•â•â•â•â•â•â•â•â•â•â•â•â•â•â•â•â•â•â•â•â•â•â•â•â•â•â•â•
2026-02-06 14:33:30.229  9182-9398  AppProtectionManager    com.cdccreditsmart.app               I  
2026-02-06 14:33:30.231  9182-9398  AppProtectionManager    com.cdccreditsmart.app               I  ğŸ“‹ STATUS ATUAL:
2026-02-06 14:33:30.231  9182-9398  AppProtectionManager    com.cdccreditsmart.app               I     Device Owner: NÃƒO
2026-02-06 14:33:30.231  9182-9398  AppProtectionManager    com.cdccreditsmart.app               I     Device Admin: NÃƒO
2026-02-06 14:33:30.231  9182-9398  AppProtectionManager    com.cdccreditsmart.app               I  
2026-02-06 14:33:30.231  9182-9398  AppProtectionManager    com.cdccreditsmart.app               W  âš ï¸ NÃVEL: SEM PRIVILÃ‰GIOS
2026-02-06 14:33:30.231  9182-9398  AppProtectionManager    com.cdccreditsmart.app               W     App precisa ser ativado como Device Admin ou Device Owner
2026-02-06 14:33:30.231  9182-9398  AppProtectionManager    com.cdccreditsmart.app               W     para aplicar proteÃ§Ãµes contra desinstalaÃ§Ã£o.
2026-02-06 14:33:30.231  9182-9398  AppProtectionManager    com.cdccreditsmart.app               W  
2026-02-06 14:33:30.231  9182-9398  AppProtectionManager    com.cdccreditsmart.app               I     Iniciando serviÃ§os de persistÃªncia...
2026-02-06 14:33:30.239  9182-9398  AppProtectionManager    com.cdccreditsmart.app               I     âœ… Foreground Service iniciado
2026-02-06 14:33:30.242  9182-9398  AppProtectionManager    com.cdccreditsmart.app               I     âœ… ServiceWatchdog agendado (15 min)
2026-02-06 14:33:30.243  9182-9398  CDCApplication          com.cdccreditsmart.app               I  
2026-02-06 14:33:30.243  9182-9398  CDCApplication          com.cdccreditsmart.app               I  â•”â•â•â•â•â•â•â•â•â•â•â•â•â•â•â•â•â•â•â•â•â•â•â•â•â•â•â•â•â•â•â•â•â•â•â•â•â•â•â•â•â•â•â•â•â•â•â•â•â•â•â•â•â•â•â•â•â•â•â•â•â•—
2026-02-06 14:33:30.243  9182-9398  CDCApplication          com.cdccreditsmart.app               I  â•‘     RESULTADO DA APLICAÃ‡ÃƒO DE PROTEÃ‡Ã•ES                    â•‘
2026-02-06 14:33:30.243  9182-9398  CDCApplication          com.cdccreditsmart.app               I  â•šâ•â•â•â•â•â•â•â•â•â•â•â•â•â•â•â•â•â•â•â•â•â•â•â•â•â•â•â•â•â•â•â•â•â•â•â•â•â•â•â•â•â•â•â•â•â•â•â•â•â•â•â•â•â•â•â•â•â•â•â•â•
2026-02-06 14:33:30.243  9182-9398  CDCApplication          com.cdccreditsmart.app               I     NÃ­vel: NONE
2026-02-06 14:33:30.243  9182-9398  CDCApplication          com.cdccreditsmart.app               I     ProteÃ§Ãµes aplicadas: 0
2026-02-06 14:33:30.244  9182-9398  CDCApplication          com.cdccreditsmart.app               E     Status: SEM PROTEÃ‡ÃƒO
2026-02-06 14:33:30.244  9182-9398  CDCApplication          com.cdccreditsmart.app               E     App precisa ser provisionado como Device Owner
2026-02-06 14:33:30.244  9182-9398  CDCApplication          com.cdccreditsmart.app               E  
2026-02-06 14:33:30.244  9182-9398  CDCApplication          com.cdccreditsmart.app               E     Provisione o dispositivo usando:
2026-02-06 14:33:30.244  9182-9398  CDCApplication          com.cdccreditsmart.app               E     1. QR Code durante setup inicial
2026-02-06 14:33:30.244  9182-9398  CDCApplication          com.cdccreditsmart.app               E     2. ADB: adb shell dpm set-device-owner ...
2026-02-06 14:33:30.244  9182-9398  CDCApplication          com.cdccreditsmart.app               E     3. Samsung Knox Mobile Enrollment
2026-02-06 14:33:30.244  9182-9398  CDCApplication          com.cdccreditsmart.app               I  â•šâ•â•â•â•â•â•â•â•â•â•â•â•â•â•â•â•â•â•â•â•â•â•â•â•â•â•â•â•â•â•â•â•â•â•â•â•â•â•â•â•â•â•â•â•â•â•â•â•â•â•â•â•â•â•â•â•â•â•â•â•â•
2026-02-06 14:33:30.244  9182-9398  CDCApplication          com.cdccreditsmart.app               I  
2026-02-06 14:33:30.250  9182-9182  nativeloader            com.cdccreditsmart.app               D  Load libpowerhalwrap_jni.so using system ns (caller=/system_ext/framework/mediatek-framework.jar): ok
2026-02-06 14:33:30.251  9182-9182  PowerHalWrapper         com.cdccreditsmart.app               I  PowerHalWrapper.getInstance 
2026-02-06 14:33:30.251  9182-9400  CDCApplication          com.cdccreditsmart.app               D  ğŸ‘¤ App nÃ£o Ã© Device Owner - pulando criaÃ§Ã£o de usuÃ¡rio secundÃ¡rio
2026-02-06 14:33:30.252  9182-9182  M-ProMotion             com.cdccreditsmart.app               I  M-ProMotion is disabled
2026-02-06 14:33:30.255  9182-9398  TamperDetection         com.cdccreditsmart.app               I  ========================================
2026-02-06 14:33:30.255  9182-9398  TamperDetection         com.cdccreditsmart.app               I  ğŸ” VERIFICANDO INTEGRIDADE DO DISPOSITIVO
2026-02-06 14:33:30.255  9182-9398  TamperDetection         com.cdccreditsmart.app               I  ========================================
2026-02-06 14:33:30.260  9182-9398  TamperDetection         com.cdccreditsmart.app               I  âœ… Primeira instalaÃ§Ã£o detectada
2026-02-06 14:33:30.260  9182-9398  TamperDetection         com.cdccreditsmart.app               I     Token e deviceId nÃ£o existem - app nunca foi pareado
2026-02-06 14:33:30.260  9182-9398  TamperDetection         com.cdccreditsmart.app               I  ========================================
2026-02-06 14:33:30.278  9182-9405  vulkan                  com.cdccreditsmart.app               D  searching for layers in '/data/app/~~Ax61yVd_3xHbBMeWuvX9tQ==/com.cdccreditsmart.app-wmBgVs6z_pDFjjiymoj3eQ==/lib/arm64'
2026-02-06 14:33:30.278  9182-9405  vulkan                  com.cdccreditsmart.app               D  searching for layers in '/data/app/~~Ax61yVd_3xHbBMeWuvX9tQ==/com.cdccreditsmart.app-wmBgVs6z_pDFjjiymoj3eQ==/base.apk!/lib/arm64-v8a'
2026-02-06 14:33:30.279  9182-9405  vulkan                  com.cdccreditsmart.app               D  searching for layers in '/data/app/~~Ax61yVd_3xHbBMeWuvX9tQ==/com.cdccreditsmart.app-wmBgVs6z_pDFjjiymoj3eQ==/lib/arm64'
2026-02-06 14:33:30.279  9182-9405  vulkan                  com.cdccreditsmart.app               D  searching for layers in '/data/app/~~Ax61yVd_3xHbBMeWuvX9tQ==/com.cdccreditsmart.app-wmBgVs6z_pDFjjiymoj3eQ==/base.apk!/lib/arm64-v8a'
2026-02-06 14:33:30.295  9182-9398  TamperDetection         com.cdccreditsmart.app               I  âœ… Device fingerprint criado: CDC_-152****
2026-02-06 14:33:30.299  9182-9405  MMUD                    com.cdccreditsmart.app               D  mtk_memory_debug_init com.cdccreditsmart.app 0xb4000074ef18d5d0
2026-02-06 14:33:30.300  9182-9398  TamperDetection         com.cdccreditsmart.app               I  
2026-02-06 14:33:30.300  9182-9398  TamperDetection         com.cdccreditsmart.app               I  â•”â•â•â•â•â•â•â•â•â•â•â•â•â•â•â•â•â•â•â•â•â•â•â•â•â•â•â•â•â•â•â•â•â•â•â•â•â•â•â•â•â•â•â•â•â•â•â•â•â•â•â•â•â•â•â•â•â•—
2026-02-06 14:33:30.300  9182-9398  TamperDetection         com.cdccreditsmart.app               I  â•‘    ğŸ“¡ BOOT REPORT ADIADO - AGUARDANDO PAREAMENTO      â•‘
2026-02-06 14:33:30.300  9182-9398  TamperDetection         com.cdccreditsmart.app               I  â• â•â•â•â•â•â•â•â•â•â•â•â•â•â•â•â•â•â•â•â•â•â•â•â•â•â•â•â•â•â•â•â•â•â•â•â•â•â•â•â•â•â•â•â•â•â•â•â•â•â•â•â•â•â•â•â•â•£
2026-02-06 14:33:30.300  9182-9398  TamperDetection         com.cdccreditsmart.app               I  â•‘  â³ Device ainda nÃ£o pareado com contrato              â•‘
2026-02-06 14:33:30.300  9182-9398  TamperDetection         com.cdccreditsmart.app               I  â•‘  â³ Boot serÃ¡ reportado apÃ³s autenticaÃ§Ã£o              â•‘
2026-02-06 14:33:30.300  9182-9398  TamperDetection         com.cdccreditsmart.app               I  â•‘  â„¹ï¸  Isso Ã© comportamento NORMAL antes do pareamento   â•‘
2026-02-06 14:33:30.300  9182-9398  TamperDetection         com.cdccreditsmart.app               I  â•šâ•â•â•â•â•â•â•â•â•â•â•â•â•â•â•â•â•â•â•â•â•â•â•â•â•â•â•â•â•â•â•â•â•â•â•â•â•â•â•â•â•â•â•â•â•â•â•â•â•â•â•â•â•â•â•â•â•
2026-02-06 14:33:30.300  9182-9398  TamperDetection         com.cdccreditsmart.app               I  
2026-02-06 14:33:30.301  9182-9398  CDCApplication          com.cdccreditsmart.app               I  ğŸ”’ Verificando status do SIM no boot da aplicaÃ§Ã£o...
2026-02-06 14:33:30.306  9182-9398  SimSwapManager          com.cdccreditsmart.app               I  ========================================
2026-02-06 14:33:30.306  9182-9398  SimSwapManager          com.cdccreditsmart.app               I  ğŸ”’ SIM SWAP: Iniciando verificaÃ§Ã£o de status do SIM
2026-02-06 14:33:30.306  9182-9398  SimSwapManager          com.cdccreditsmart.app               I  ========================================
2026-02-06 14:33:30.307  9182-9428  creditsmart.app         com.cdccreditsmart.app               E  setpriority success to 100 : mali-cmar-backend
2026-02-06 14:33:30.325  9182-9400  SimSwapDetector         com.cdccreditsmart.app               E  ğŸ”’ SIM SWAP: PermissÃ£o READ_PHONE_STATE NÃƒO CONCEDIDA!
2026-02-06 14:33:30.325  9182-9400  SimSwapManager          com.cdccreditsmart.app               E  ğŸ”’ SIM SWAP: Sem permissÃ£o READ_PHONE_STATE - verificaÃ§Ã£o cancelada
2026-02-06 14:33:30.325  9182-9400  SimSwapManager          com.cdccreditsmart.app               I  ========================================
2026-02-06 14:33:30.325  9182-9400  CDCApplication          com.cdccreditsmart.app               W  âš ï¸ VerificaÃ§Ã£o de SIM swap falhou ou encontrou problemas
2026-02-06 14:33:30.403  9182-9419  MMUD                    com.cdccreditsmart.app               D  get_leak_baseline 3246391296
2026-02-06 14:33:30.434  9182-9182  CompatChangeReporter    com.cdccreditsmart.app               D  Compat change id reported: 309578419; UID 10304; state: ENABLED
2026-02-06 14:33:30.485  9182-9182  MainActivity            com.cdccreditsmart.app               I  âœ… Brilho da tela definido para MÃXIMO
2026-02-06 14:33:30.486  9182-9182  MainActivity            com.cdccreditsmart.app               D  ğŸ“ BroadcastReceiver de localizaÃ§Ã£o registrado
2026-02-06 14:33:30.500  9182-9182  MainActivity            com.cdccreditsmart.app               I  ========================================
2026-02-06 14:33:30.500  9182-9182  MainActivity            com.cdccreditsmart.app               I  ğŸ“± SOLICITANDO PERMISSÃ•ES (NÃƒO DEVICE OWNER)
2026-02-06 14:33:30.500  9182-9182  MainActivity            com.cdccreditsmart.app               I  ========================================
2026-02-06 14:33:30.502  9182-9398  PersistentStateManager  com.cdccreditsmart.app               D  Nenhum estado local encontrado
2026-02-06 14:33:30.502  9182-9398  PersistentStateManager  com.cdccreditsmart.app               D  ğŸ†• Sem estado local - device novo ou pÃ³s factory reset
2026-02-06 14:33:30.502  9182-9398  MainActivity            com.cdccreditsmart.app               I  ğŸ†• Device nunca foi provisionado
2026-02-06 14:33:30.510  9182-9182  MainActivity            com.cdccreditsmart.app               I  ğŸ“‹ Runtime permissions a solicitar: 9
2026-02-06 14:33:30.510  9182-9182  MainActivity            com.cdccreditsmart.app               D    â€¢ android.permission.READ_PHONE_STATE
2026-02-06 14:33:30.510  9182-9182  MainActivity            com.cdccreditsmart.app               D    â€¢ android.permission.READ_CALL_LOG
2026-02-06 14:33:30.510  9182-9182  MainActivity            com.cdccreditsmart.app               D    â€¢ android.permission.CALL_PHONE
2026-02-06 14:33:30.510  9182-9182  MainActivity            com.cdccreditsmart.app               D    â€¢ android.permission.READ_CONTACTS
2026-02-06 14:33:30.510  9182-9182  MainActivity            com.cdccreditsmart.app               D    â€¢ android.permission.ACCESS_FINE_LOCATION
2026-02-06 14:33:30.510  9182-9182  MainActivity            com.cdccreditsmart.app               D    â€¢ android.permission.ACCESS_COARSE_LOCATION
2026-02-06 14:33:30.510  9182-9182  MainActivity            com.cdccreditsmart.app               D    â€¢ android.permission.ANSWER_PHONE_CALLS
2026-02-06 14:33:30.510  9182-9182  MainActivity            com.cdccreditsmart.app               D    â€¢ android.permission.READ_PHONE_NUMBERS
2026-02-06 14:33:30.510  9182-9182  MainActivity            com.cdccreditsmart.app               D    â€¢ android.permission.POST_NOTIFICATIONS
2026-02-06 14:33:30.510  9182-9182  SettingsGuardService    com.cdccreditsmart.app               I  â¸ï¸ Guard PAUSADO para fluxo de permissÃµes (timeout: 30s)
2026-02-06 14:33:30.559  9182-9182  SpecialPermissionReq    com.cdccreditsmart.app               I  ========================================
2026-02-06 14:33:30.559  9182-9182  SpecialPermissionReq    com.cdccreditsmart.app               I  ğŸ“Š STATUS DAS PERMISSÃ•ES ESPECIAIS
2026-02-06 14:33:30.559  9182-9182  SpecialPermissionReq    com.cdccreditsmart.app               I  ========================================
2026-02-06 14:33:30.560  9182-9182  SpecialPermissionReq    com.cdccreditsmart.app               I    USAGE_STATS: âŒ NÃƒO CONCEDIDA
2026-02-06 14:33:30.562  9182-9182  SpecialPermissionReq    com.cdccreditsmart.app               I    OVERLAY: âŒ NÃƒO CONCEDIDA
2026-02-06 14:33:30.564  9182-9182  SpecialPermissionReq    com.cdccreditsmart.app               I    BATTERY_OPT: âŒ NÃƒO ISENTO
2026-02-06 14:33:30.564  9182-9182  SpecialPermissionReq    com.cdccreditsmart.app               W  
2026-02-06 14:33:30.565  9182-9182  SpecialPermissionReq    com.cdccreditsmart.app               W  âš ï¸ PROTEÃ‡ÃƒO ANTI-DESINSTALAÃ‡ÃƒO COMPROMETIDA!
2026-02-06 14:33:30.565  9182-9182  SpecialPermissionReq    com.cdccreditsmart.app               W     Sem essas permissÃµes, a proteÃ§Ã£o via overlay nÃ£o funciona.
2026-02-06 14:33:30.565  9182-9182  SpecialPermissionReq    com.cdccreditsmart.app               W     O usuÃ¡rio conseguirÃ¡ acessar App Info e desinstalar.
2026-02-06 14:33:30.565  9182-9182  SpecialPermissionReq    com.cdccreditsmart.app               I  ========================================
2026-02-06 14:33:30.569  9182-9182  MainActivity            com.cdccreditsmart.app               W  ========================================
2026-02-06 14:33:30.569  9182-9182  MainActivity            com.cdccreditsmart.app               W  âš ï¸ PERMISSÃ•ES ESPECIAIS NECESSÃRIAS
2026-02-06 14:33:30.569  9182-9182  MainActivity            com.cdccreditsmart.app               W  ========================================
2026-02-06 14:33:30.569  9182-9182  MainActivity            com.cdccreditsmart.app               W  Para proteÃ§Ã£o anti-desinstalaÃ§Ã£o funcionar:
2026-02-06 14:33:30.569  9182-9182  MainActivity            com.cdccreditsmart.app               W    âŒ Acesso ao Uso de Apps
2026-02-06 14:33:30.570  9182-9182  MainActivity            com.cdccreditsmart.app               W       Permite detectar quando vocÃª abre as ConfiguraÃ§Ãµes para aplicar proteÃ§Ã£o
2026-02-06 14:33:30.570  9182-9182  MainActivity            com.cdccreditsmart.app               W    âŒ Exibir sobre outros apps
2026-02-06 14:33:30.570  9182-9182  MainActivity            com.cdccreditsmart.app               W       Permite mostrar avisos de proteÃ§Ã£o sobre outros aplicativos
2026-02-06 14:33:30.570  9182-9182  MainActivity            com.cdccreditsmart.app               W    âŒ ExecuÃ§Ã£o em Segundo Plano
2026-02-06 14:33:30.570  9182-9182  MainActivity            com.cdccreditsmart.app               W       Permite que o app funcione continuamente para manter a proteÃ§Ã£o ativa. Esta Ã© a Ãºnica permissÃ£o que o Android nÃ£o permite conceder automaticamente.
2026-02-06 14:33:30.570  9182-9182  MainActivity            com.cdccreditsmart.app               W  ========================================
2026-02-06 14:33:30.570  9182-9182  MainActivity            com.cdccreditsmart.app               W  O app solicitarÃ¡ essas permissÃµes na prÃ³xima interaÃ§Ã£o
2026-02-06 14:33:30.570  9182-9182  MainActivity            com.cdccreditsmart.app               W  ========================================
2026-02-06 14:33:30.633  9182-9182  Activity                com.cdccreditsmart.app               D  onResume setDolbyGameProfilePackage lastPkg =  currentPkg = com.cdccreditsmart.app
2026-02-06 14:33:30.645  9182-9401  PowerHalWrapper         com.cdccreditsmart.app               I  PowerHalWrapper.getInstance 
2026-02-06 14:33:30.669  9182-9182  SurfaceFactory          com.cdccreditsmart.app               I  [static] sSurfaceFactory = com.mediatek.view.impl.SurfaceFactoryImpl@4daba95
2026-02-06 14:33:30.700  9182-9182  HWUI                    com.cdccreditsmart.app               W  Unknown dataspace 0
2026-02-06 14:33:30.705  9182-9182  VRI[MainActivity]       com.cdccreditsmart.app               D  hardware acceleration = true, forceHwAccelerated = false
2026-02-06 14:33:30.718  9182-9182  InputEventReceiver      com.cdccreditsmart.app               D  Input log is disabled in InputEventReceiver.
2026-02-06 14:33:30.729  9182-9182  Choreographer           com.cdccreditsmart.app               I  Skipped 95 frames!  The application may be doing too much work on its main thread.
2026-02-06 14:33:32.769  9182-9182  View                    com.cdccreditsmart.app               D  [ANR Warning]onMeasure time too long, this =androidx.compose.ui.platform.AndroidComposeView{c634114 VFED..... ......I. 0,0-0,0}time =1166 ms
2026-02-06 14:33:32.769  9182-9182  View                    com.cdccreditsmart.app               D  [ANR Warning]onMeasure time too long, this =androidx.compose.ui.platform.ComposeView{b38d90a V.E...... ......I. 0,0-0,0}time =1167 ms
2026-02-06 14:33:32.772  9182-9182  View                    com.cdccreditsmart.app               D  [ANR Warning]onMeasure time too long, this =android.widget.FrameLayout{111a57b V.E...... ......I. 0,0-0,0 #1020002 android:id/content}time =1168 ms
2026-02-06 14:33:32.772  9182-9182  View                    com.cdccreditsmart.app               D  [ANR Warning]onMeasure time too long, this =android.widget.LinearLayout{d111f98 V.E...... ......I. 0,0-0,0}time =1171 ms
2026-02-06 14:33:32.774  9182-9182  View                    com.cdccreditsmart.app               D  [ANR Warning]onMeasure time too long, this =DecorView@f7af3f1[MainActivity]time =1173 ms
2026-02-06 14:33:32.788  9182-9182  BufferQueueConsumer     com.cdccreditsmart.app               D  [](id:23de00000000,api:0,p:-1,c:9182) connect: controlledByApp=false
2026-02-06 14:33:32.789  9182-9182  BLASTBufferQueue        com.cdccreditsmart.app               D  [VRI[MainActivity]#0](f:0,a:0) constructor()
2026-02-06 14:33:32.790  9182-9182  BLASTBufferQueue        com.cdccreditsmart.app               D  [VRI[MainActivity]#0](f:0,a:0) update width=1080 height=2400 format=-3 mTransformHint=0
2026-02-06 14:33:32.792  9182-9182  FBI                     com.cdccreditsmart.app               E  Can't load library: dlopen failed: library "libmagtsync.so" not found
2026-02-06 14:33:32.973  9182-9405  GrallocExtra            com.cdccreditsmart.app               I  gralloc_extra_query:is_SW3D 0
2026-02-06 14:33:33.167  9182-9405  GrallocExtra            com.cdccreditsmart.app               I  gralloc_extra_query:is_SW3D 0
2026-02-06 14:33:33.168  9182-9405  BLASTBufferQueue        com.cdccreditsmart.app               D  [VRI[MainActivity]#0](f:0,a:1) acquireNextBufferLocked size=1080x2400 mFrameNumber=1 applyTransaction=true mTimestamp=5737082910033(auto) mPendingTransactions.size=0 graphicBufferId=39436389711875 transform=0
2026-02-06 14:33:33.202  9182-9182  CdcForegroundService    com.cdccreditsmart.app               D  ğŸ“± ServiÃ§o onCreate()
2026-02-06 14:33:33.204  9182-9199  HWUI                    com.cdccreditsmart.app               I  Davey! duration=4022ms; Flags=1, FrameTimelineVsyncId=360694, IntendedVsync=5733063177049, Vsync=5734642915044, InputEventId=0, HandleInputStart=5734647554726, AnimationStart=5734647615880, PerformTraversalsStart=5734648252264, DrawStart=5736806478957, FrameDeadline=5733083177049, FrameInterval=5734645772572, FrameStartTime=16628821, SyncQueued=5736879518957, SyncStart=5736879601495, IssueDrawCommandsStart=5736884665187, SwapBuffers=5737081836264, FrameCompleted=5737086220803, DequeueBufferDuration=20923, QueueBufferDuration=1842461, GpuCompleted=5737083970649, SwapBuffersCompleted=5737086220803, DisplayPresentTime=72904454231359566, CommandSubmissionCompleted=5737081836264, 
2026-02-06 14:33:33.207  9182-9182  CdcForegroundService    com.cdccreditsmart.app               D  âœ… Canal de notificaÃ§Ã£o criado
2026-02-06 14:33:33.210  9182-9182  CdcForegroundService    com.cdccreditsmart.app               I  âœ… ScreenStateReceiver registrado (inclui ACTION_USER_PRESENT para detectar screen unlock)
2026-02-06 14:33:33.211  9182-9182  CdcForegroundService    com.cdccreditsmart.app               D  ğŸš€ ServiÃ§o onStartCommand() - Action: null
2026-02-06 14:33:33.230  9182-9182  CdcForegroundService    com.cdccreditsmart.app               W  âš ï¸ PermissÃ£o de localizaÃ§Ã£o nÃ£o concedida - iniciando sem tipo location
2026-02-06 14:33:33.238  9182-9182  CdcForegroundService    com.cdccreditsmart.app               I  âœ… Foreground Service ativo (Android 12+)
2026-02-06 14:33:33.243  9182-9398  CdcForegroundService    com.cdccreditsmart.app               I  ğŸ”§ ========================================
2026-02-06 14:33:33.243  9182-9398  CdcForegroundService    com.cdccreditsmart.app               I  ğŸ”§ INICIANDO initializeServices()...
2026-02-06 14:33:33.244  9182-9398  CdcForegroundService    com.cdccreditsmart.app               I  ğŸ”§ ========================================
2026-02-06 14:33:33.244  9182-9398  CdcForegroundService    com.cdccreditsmart.app               I  ğŸ”§ Inicializando serviÃ§os base (SettingsGuard, WorkPolicies)...
2026-02-06 14:33:33.244  9182-9398  CdcForegroundService    com.cdccreditsmart.app               I  ğŸ¢ ========================================
2026-02-06 14:33:33.244  9182-9398  CdcForegroundService    com.cdccreditsmart.app               I  ğŸ¢ APLICANDO POLÃTICAS DE AMBIENTE DE TRABALHO
2026-02-06 14:33:33.244  9182-9398  CdcForegroundService    com.cdccreditsmart.app               I  ğŸ¢ ========================================
2026-02-06 14:33:33.246  9182-9398  WorkPolicyManager       com.cdccreditsmart.app               I  
2026-02-06 14:33:33.247  9182-9398  WorkPolicyManager       com.cdccreditsmart.app               I  â•”â•â•â•â•â•â•â•â•â•â•â•â•â•â•â•â•â•â•â•â•â•â•â•â•â•â•â•â•â•â•â•â•â•â•â•â•â•â•â•â•â•â•â•â•â•â•â•â•â•â•â•â•â•â•â•â•â•â•â•â•â•â•â•â•â•—
2026-02-06 14:33:33.247  9182-9398  WorkPolicyManager       com.cdccreditsmart.app               I  â•‘  ğŸ¢ APLICANDO POLÃTICAS DE AMBIENTE DE TRABALHO                â•‘
2026-02-06 14:33:33.247  9182-9398  WorkPolicyManager       com.cdccreditsmart.app               I  â•‘     CDC CREDIT SMART - PROTEÃ‡ÃƒO EMPRESARIAL                    â•‘
2026-02-06 14:33:33.247  9182-9398  WorkPolicyManager       com.cdccreditsmart.app               I  â•šâ•â•â•â•â•â•â•â•â•â•â•â•â•â•â•â•â•â•â•â•â•â•â•â•â•â•â•â•â•â•â•â•â•â•â•â•â•â•â•â•â•â•â•â•â•â•â•â•â•â•â•â•â•â•â•â•â•â•â•â•â•â•â•â•â•
2026-02-06 14:33:33.247  9182-9398  WorkPolicyManager       com.cdccreditsmart.app               I  
2026-02-06 14:33:33.248  9182-9398  WorkPolicyManager       com.cdccreditsmart.app               I  ğŸ“‹ STATUS DO DISPOSITIVO:
2026-02-06 14:33:33.248  9182-9398  WorkPolicyManager       com.cdccreditsmart.app               I     Device Owner: âŒ NÃƒO
2026-02-06 14:33:33.248  9182-9398  WorkPolicyManager       com.cdccreditsmart.app               I     Device Admin: âŒ NÃƒO
2026-02-06 14:33:33.248  9182-9398  WorkPolicyManager       com.cdccreditsmart.app               I  
2026-02-06 14:33:33.248  9182-9398  WorkPolicyManager       com.cdccreditsmart.app               I  â•â•â•â•â•â•â•â•â•â•â•â•â•â•â•â•â•â•â•â•â•â•â•â•â•â•â•â•â•â•â•â•â•â•â•â•â•â•â•â•â•â•â•â•â•â•â•â•â•â•â•â•â•â•â•â•â•â•â•â•â•â•â•
2026-02-06 14:33:33.248  9182-9398  WorkPolicyManager       com.cdccreditsmart.app               I  âš ï¸ MODO BÃSICO - PROTEÃ‡ÃƒO MÃNIMA
2026-02-06 14:33:33.248  9182-9398  WorkPolicyManager       com.cdccreditsmart.app               I  â•â•â•â•â•â•â•â•â•â•â•â•â•â•â•â•â•â•â•â•â•â•â•â•â•â•â•â•â•â•â•â•â•â•â•â•â•â•â•â•â•â•â•â•â•â•â•â•â•â•â•â•â•â•â•â•â•â•â•â•â•â•â•
2026-02-06 14:33:33.248  9182-9398  WorkPolicyManager       com.cdccreditsmart.app               I  
2026-02-06 14:33:33.248  9182-9398  WorkPolicyManager       com.cdccreditsmart.app               E  âŒ ATENÃ‡ÃƒO: App NÃƒO Ã© Device Owner nem Device Admin!
2026-02-06 14:33:33.248  9182-9398  WorkPolicyManager       com.cdccreditsmart.app               E     â€¢ ProteÃ§Ãµes MDM nÃ£o disponÃ­veis
2026-02-06 14:33:33.248  9182-9398  WorkPolicyManager       com.cdccreditsmart.app               E     â€¢ UsuÃ¡rio pode desinstalar o app livremente
2026-02-06 14:33:33.248  9182-9398  WorkPolicyManager       com.cdccreditsmart.app               E     â€¢ Factory Reset nÃ£o Ã© bloqueÃ¡vel
2026-02-06 14:33:33.248  9182-9398  WorkPolicyManager       com.cdccreditsmart.app               E     â€¢ Aplicando proteÃ§Ãµes alternativas mÃ­nimas...
2026-02-06 14:33:33.248  9182-9398  WorkPolicyManager       com.cdccreditsmart.app               I  
2026-02-06 14:33:33.248  9182-9398  WorkPolicyManager       com.cdccreditsmart.app               I  ğŸ”„ [1/3] PERSISTÃŠNCIA DO APP
2026-02-06 14:33:33.248  9182-9398  WorkPolicyManager       com.cdccreditsmart.app               I  â”€â”€â”€â”€â”€â”€â”€â”€â”€â”€â”€â”€â”€â”€â”€â”€â”€â”€â”€â”€â”€â”€â”€â”€â”€â”€â”€â”€â”€â”€â”€â”€â”€â”€â”€â”€â”€â”€â”€â”€â”€â”€â”€â”€â”€â”€â”€â”€â”€â”€â”€â”€â”€â”€â”€â”€â”€â”€â”€â”€â”€â”€â”€
2026-02-06 14:33:33.249  9182-9398  WorkPolicyManager       com.cdccreditsmart.app               I     â„¹ï¸ Solicitando isenÃ§Ã£o de otimizaÃ§Ã£o de bateria...
2026-02-06 14:33:33.249  9182-9398  WorkPolicyManager       com.cdccreditsmart.app               I     â„¹ï¸ UsuÃ¡rio precisa conceder manualmente em Settings
2026-02-06 14:33:33.249  9182-9398  WorkPolicyManager       com.cdccreditsmart.app               I     âœ… Foreground Service configurado via CdcForegroundService
2026-02-06 14:33:33.249  9182-9398  WorkPolicyManager       com.cdccreditsmart.app               I  
2026-02-06 14:33:33.249  9182-9398  WorkPolicyManager       com.cdccreditsmart.app               I  ğŸ“Š [2/3] MONITORAMENTO BÃSICO
2026-02-06 14:33:33.249  9182-9398  WorkPolicyManager       com.cdccreditsmart.app               I  â”€â”€â”€â”€â”€â”€â”€â”€â”€â”€â”€â”€â”€â”€â”€â”€â”€â”€â”€â”€â”€â”€â”€â”€â”€â”€â”€â”€â”€â”€â”€â”€â”€â”€â”€â”€â”€â”€â”€â”€â”€â”€â”€â”€â”€â”€â”€â”€â”€â”€â”€â”€â”€â”€â”€â”€â”€â”€â”€â”€â”€â”€â”€
2026-02-06 14:33:33.249  9182-9398  WorkPolicyManager       com.cdccreditsmart.app               I     âœ… WorkManager health check agendado
2026-02-06 14:33:33.249  9182-9398  WorkPolicyManager       com.cdccreditsmart.app               I  
2026-02-06 14:33:33.249  9182-9398  WorkPolicyManager       com.cdccreditsmart.app               I  ğŸ”” [3/3] NOTIFICAÃ‡Ã•ES
2026-02-06 14:33:33.249  9182-9398  WorkPolicyManager       com.cdccreditsmart.app               I  â”€â”€â”€â”€â”€â”€â”€â”€â”€â”€â”€â”€â”€â”€â”€â”€â”€â”€â”€â”€â”€â”€â”€â”€â”€â”€â”€â”€â”€â”€â”€â”€â”€â”€â”€â”€â”€â”€â”€â”€â”€â”€â”€â”€â”€â”€â”€â”€â”€â”€â”€â”€â”€â”€â”€â”€â”€â”€â”€â”€â”€â”€â”€
2026-02-06 14:33:33.249  9182-9398  WorkPolicyManager       com.cdccreditsmart.app               I     âœ… Canal de notificaÃ§Ã£o persistente criado
2026-02-06 14:33:33.253  9182-9398  WorkPolicyManager       com.cdccreditsmart.app               I  
2026-02-06 14:33:33.253  9182-9398  WorkPolicyManager       com.cdccreditsmart.app               I  â•”â•â•â•â•â•â•â•â•â•â•â•â•â•â•â•â•â•â•â•â•â•â•â•â•â•â•â•â•â•â•â•â•â•â•â•â•â•â•â•â•â•â•â•â•â•â•â•â•â•â•â•â•â•â•â•â•â•â•â•â•â•â•â•â•â•—
2026-02-06 14:33:33.253  9182-9398  WorkPolicyManager       com.cdccreditsmart.app               I  â•‘  ğŸ“Š RESUMO DAS POLÃTICAS DE TRABALHO                           â•‘
2026-02-06 14:33:33.253  9182-9398  WorkPolicyManager       com.cdccreditsmart.app               I  â• â•â•â•â•â•â•â•â•â•â•â•â•â•â•â•â•â•â•â•â•â•â•â•â•â•â•â•â•â•â•â•â•â•â•â•â•â•â•â•â•â•â•â•â•â•â•â•â•â•â•â•â•â•â•â•â•â•â•â•â•â•â•â•â•â•£
2026-02-06 14:33:33.254  9182-9398  WorkPolicyManager       com.cdccreditsmart.app               I  â•‘  âš ï¸ NÃ­vel de proteÃ§Ã£o: BASIC
2026-02-06 14:33:33.254  9182-9398  WorkPolicyManager       com.cdccreditsmart.app               I  â•‘  ğŸ“‹ PolÃ­ticas aplicadas: 4
2026-02-06 14:33:33.254  9182-9398  WorkPolicyManager       com.cdccreditsmart.app               I  â• â•â•â•â•â•â•â•â•â•â•â•â•â•â•â•â•â•â•â•â•â•â•â•â•â•â•â•â•â•â•â•â•â•â•â•â•â•â•â•â•â•â•â•â•â•â•â•â•â•â•â•â•â•â•â•â•â•â•â•â•â•â•â•â•â•£
2026-02-06 14:33:33.254  9182-9398  WorkPolicyManager       com.cdccreditsmart.app               I  â•‘  âœ… PROTEÃ‡Ã•ES ATIVAS:
2026-02-06 14:33:33.254  9182-9398  WorkPolicyManager       com.cdccreditsmart.app               I  â•‘     âœ… IsenÃ§Ã£o de otimizaÃ§Ã£o de bateria
2026-02-06 14:33:33.254  9182-9398  WorkPolicyManager       com.cdccreditsmart.app               I  â•‘     âœ… Foreground Service persistente
2026-02-06 14:33:33.254  9182-9398  WorkPolicyManager       com.cdccreditsmart.app               I  â•‘     âœ… Health check periÃ³dico agendado
2026-02-06 14:33:33.254  9182-9398  WorkPolicyManager       com.cdccreditsmart.app               I  â•‘     âœ… Canal de notificaÃ§Ã£o persistente criado
2026-02-06 14:33:33.254  9182-9398  WorkPolicyManager       com.cdccreditsmart.app               I  â• â•â•â•â•â•â•â•â•â•â•â•â•â•â•â•â•â•â•â•â•â•â•â•â•â•â•â•â•â•â•â•â•â•â•â•â•â•â•â•â•â•â•â•â•â•â•â•â•â•â•â•â•â•â•â•â•â•â•â•â•â•â•â•â•â•£
2026-02-06 14:33:33.254  9182-9398  WorkPolicyManager       com.cdccreditsmart.app               I  â•‘  âš ï¸ AVISOS:
2026-02-06 14:33:33.254  9182-9398  WorkPolicyManager       com.cdccreditsmart.app               W  â•‘     âŒ CRÃTICO: DesinstalaÃ§Ã£o NÃƒO bloqueÃ¡vel
2026-02-06 14:33:33.254  9182-9398  WorkPolicyManager       com.cdccreditsmart.app               W  â•‘     âŒ CRÃTICO: Factory Reset NÃƒO bloqueÃ¡vel
2026-02-06 14:33:33.255  9182-9398  WorkPolicyManager       com.cdccreditsmart.app               W  â•‘     âŒ CRÃTICO: Force Stop NÃƒO bloqueÃ¡vel
2026-02-06 14:33:33.255  9182-9398  WorkPolicyManager       com.cdccreditsmart.app               W  â•‘     âŒ CRÃTICO: Clear Data NÃƒO bloqueÃ¡vel
2026-02-06 14:33:33.255  9182-9398  WorkPolicyManager       com.cdccreditsmart.app               W  â•‘     âš ï¸ RecomendaÃ§Ã£o: Configurar como Device Owner via QR Code ou ADB
2026-02-06 14:33:33.255  9182-9398  WorkPolicyManager       com.cdccreditsmart.app               I  â•šâ•â•â•â•â•â•â•â•â•â•â•â•â•â•â•â•â•â•â•â•â•â•â•â•â•â•â•â•â•â•â•â•â•â•â•â•â•â•â•â•â•â•â•â•â•â•â•â•â•â•â•â•â•â•â•â•â•â•â•â•â•â•â•â•â•
2026-02-06 14:33:33.255  9182-9398  WorkPolicyManager       com.cdccreditsmart.app               I  
2026-02-06 14:33:33.255  9182-9398  CdcForegroundService    com.cdccreditsmart.app               I  ğŸ¢ Resultado: BASIC
2026-02-06 14:33:33.256  9182-9398  CdcForegroundService    com.cdccreditsmart.app               I  ğŸ¢ PolÃ­ticas aplicadas: 4/5
2026-02-06 14:33:33.256  9182-9398  CdcForegroundService    com.cdccreditsmart.app               W  ğŸ¢ âŒ CRÃTICO: DesinstalaÃ§Ã£o NÃƒO bloqueÃ¡vel
2026-02-06 14:33:33.256  9182-9398  CdcForegroundService    com.cdccreditsmart.app               W  ğŸ¢ âŒ CRÃTICO: Factory Reset NÃƒO bloqueÃ¡vel
2026-02-06 14:33:33.256  9182-9398  CdcForegroundService    com.cdccreditsmart.app               W  ğŸ¢ âŒ CRÃTICO: Force Stop NÃƒO bloqueÃ¡vel
2026-02-06 14:33:33.256  9182-9398  CdcForegroundService    com.cdccreditsmart.app               W  ğŸ¢ âŒ CRÃTICO: Clear Data NÃƒO bloqueÃ¡vel
2026-02-06 14:33:33.256  9182-9398  CdcForegroundService    com.cdccreditsmart.app               W  ğŸ¢ âš ï¸ RecomendaÃ§Ã£o: Configurar como Device Owner via QR Code ou ADB
2026-02-06 14:33:33.256  9182-9398  CdcForegroundService    com.cdccreditsmart.app               I  ğŸ¢ ========================================
2026-02-06 14:33:33.256  9182-9398  CdcForegroundService    com.cdccreditsmart.app               I  ğŸ›¡ï¸ ========================================
2026-02-06 14:33:33.256  9182-9398  CdcForegroundService    com.cdccreditsmart.app               I  ğŸ›¡ï¸ INICIANDO SETTINGS GUARD (PROTEÃ‡ÃƒO AGRESSIVA)
2026-02-06 14:33:33.256  9182-9398  CdcForegroundService    com.cdccreditsmart.app               I  ğŸ›¡ï¸ ========================================
2026-02-06 14:33:33.258  9182-9398  AutoPermissionManager   com.cdccreditsmart.app               W  âš ï¸ NÃ£o Ã© Device Owner - nÃ£o pode conceder permissÃµes especiais
2026-02-06 14:33:33.260  9182-9398  SettingsGuardService    com.cdccreditsmart.app               I  
2026-02-06 14:33:33.260  9182-9398  SettingsGuardService    com.cdccreditsmart.app               I  â•”â•â•â•â•â•â•â•â•â•â•â•â•â•â•â•â•â•â•â•â•â•â•â•â•â•â•â•â•â•â•â•â•â•â•â•â•â•â•â•â•â•â•â•â•â•â•â•â•â•â•â•â•â•â•â•â•â•—
2026-02-06 14:33:33.260  9182-9398  SettingsGuardService    com.cdccreditsmart.app               I  â•‘   ğŸ›¡ï¸ SETTINGSGUARD - INICIALIZAÃ‡ÃƒO                    â•‘
2026-02-06 14:33:33.260  9182-9398  SettingsGuardService    com.cdccreditsmart.app               I  â• â•â•â•â•â•â•â•â•â•â•â•â•â•â•â•â•â•â•â•â•â•â•â•â•â•â•â•â•â•â•â•â•â•â•â•â•â•â•â•â•â•â•â•â•â•â•â•â•â•â•â•â•â•â•â•â•â•£
2026-02-06 14:33:33.265  9182-9398  SettingsGuardService    com.cdccreditsmart.app               I  â•‘   ğŸ“± Modo proteÃ§Ã£o: BASIC                           â•‘
2026-02-06 14:33:33.265  9182-9398  SettingsGuardService    com.cdccreditsmart.app               I  â•‘   ğŸ“Š UsageStats: âŒ NEGADA                 â•‘
2026-02-06 14:33:33.265  9182-9398  SettingsGuardService    com.cdccreditsmart.app               I  â•‘   ğŸªŸ Overlay: âŒ NEGADA                    â•‘
