2025-12-08 15:54:40.658  6807-6892  CdcForegroundService    com.cdccreditsmart.app               I  ðŸ“¦ ========================================
2025-12-08 15:54:40.658  6807-6892  CdcForegroundService    com.cdccreditsmart.app               I  ðŸ“¦ APK PRELOAD PARA FACTORY RESET (Multi-Fabricante)
2025-12-08 15:54:40.658  6807-6892  CdcForegroundService    com.cdccreditsmart.app               I  ðŸ“¦ ========================================
2025-12-08 15:54:40.666  6807-6892  ApkPreloadManager       com.cdccreditsmart.app               I  ðŸ“± Fabricante genÃ©rico - usando caminhos AOSP
2025-12-08 15:54:40.666  6807-6892  CdcForegroundService    com.cdccreditsmart.app               I  ðŸ“¦ APK em preload: false
2025-12-08 15:54:40.692  6807-6892  ContractCodeStorage     com.cdccreditsmart.app               D  Retrieving contract code from storage
2025-12-08 15:54:40.855  6807-6909  SettingsGuardService    com.cdccreditsmart.app               D  ðŸ“‹ Activity check - Full: com.android.launcher3.dragndrop.AddItemActivity, Simple: AddItemActivity
2025-12-08 15:54:40.883  6807-6891  CategoryMapper          com.cdccreditsmart.app               I  ðŸ” Processando 12 categorias para bloqueio
2025-12-08 15:54:40.883  6807-6891  CategoryMapper          com.cdccreditsmart.app               D  Categorias: [SOCIAL_MEDIA, GAMING, ENTERTAINMENT, SHOPPING, PRODUCTIVITY, games, streaming, social, shopping, productivity, BROWSERS, CAMERAS]
2025-12-08 15:54:40.883  6807-6891  CategoryMapper          com.cdccreditsmart.app               D  ExceÃ§Ãµes: []
2025-12-08 15:54:40.982  7106-7106  creditsmart.app         com.cdccreditsmart.app               W  Verification of void com.google.firebase.installations.local.PersistedInstallation.<init>(com.google.firebase.FirebaseApp) took 136.707ms (43.89 bytecodes/s) (0B arena alloc)
2025-12-08 15:54:40.986  6807-6891  CategoryMapper          com.cdccreditsmart.app               D  âœ… App bloqueÃ¡vel detectado: com.google.android.networkstack.tethering
2025-12-08 15:54:41.003  7106-7571  creditsmart.app         com.cdccreditsmart.app               W  Verification of boolean com.google.android.gms.common.util.DeviceProperties.isFoldable(android.content.Context) took 149.858ms (300.28 bytecodes/s) (0B arena alloc)
2025-12-08 15:54:41.011  6807-6891  CategoryMapper          com.cdccreditsmart.app               D  âœ… App bloqueÃ¡vel detectado: com.android.cts.priv.ctsshim
2025-12-08 15:54:41.046  7106-7106  FirebaseInitProvider    com.cdccreditsmart.app               I  FirebaseApp initialization successful
2025-12-08 15:54:41.064  6807-6891  CategoryMapper          com.cdccreditsmart.app               D  âœ… App bloqueÃ¡vel detectado: com.google.android.youtube
2025-12-08 15:54:41.078  6807-6891  LegalWhitelist          com.cdccreditsmart.app               D  âš–ï¸ App financeiro protegido: com.android.internal.display.cutout.emulation.corner
2025-12-08 15:54:41.079  6807-6891  CategoryMapper          com.cdccreditsmart.app               D  âš–ï¸ App protegido por lei (TJMG): com.android.internal.display.cutout.emulation.corner - InstituiÃ§Ã£o financeira (TJMG)
2025-12-08 15:54:41.079  6807-6891  CategoryMapper          com.cdccreditsmart.app               D  ðŸ›¡ï¸ App protegido (nÃ£o bloqueia): com.android.internal.display.cutout.emulation.corner
2025-12-08 15:54:41.080  6807-6891  CategoryMapper          com.cdccreditsmart.app               D  ðŸ›¡ï¸ App protegido (nÃ£o bloqueia): com.google.android.ext.services
2025-12-08 15:54:41.180  7106-7106  WM-WrkMgrInitializer    com.cdccreditsmart.app               D  Initializing WorkManager with default configuration.
2025-12-08 15:54:41.321  7106-7106  WM-PackageManagerHelper com.cdccreditsmart.app               D  androidx.work.impl.background.systemjob.SystemJobService enabled
2025-12-08 15:54:41.321  7106-7106  WM-Schedulers           com.cdccreditsmart.app               D  Created SystemJobScheduler and enabled SystemJobService
2025-12-08 15:54:41.323  7106-7106  CompatChangeReporter    com.cdccreditsmart.app               D  Compat change id reported: 279646685; UID 1010217; state: ENABLED
2025-12-08 15:54:41.330  7106-7571  creditsmart.app         com.cdccreditsmart.app               W  ClassLoaderContext classpath size mismatch. expected=1, found=0 (DLC[];PCL[base.apk*630649996]{PCL[/system/framework/org.apache.http.legacy.jar*4247870504]#PCL[/system/framework/com.android.media.remotedisplay.jar*487574312]#PCL[/system/framework/com.android.location.provider.jar*1570284764]#PCL[/system_ext/framework/androidx.window.extensions.jar*1030441313]#PCL[/system_ext/framework/androidx.window.sidecar.jar*3860983653]} | DLC[];PCL[])
2025-12-08 15:54:41.334  7106-7571  DynamiteModule          com.cdccreditsmart.app               I  Considering local module com.google.android.gms.measurement.dynamite:127 and remote module com.google.android.gms.measurement.dynamite:170
2025-12-08 15:54:41.334  7106-7571  DynamiteModule          com.cdccreditsmart.app               I  Selected remote version of com.google.android.gms.measurement.dynamite, version >= 170
2025-12-08 15:54:41.334  7106-7571  DynamiteModule          com.cdccreditsmart.app               V  Dynamite loader version >= 2, using loadModule2NoCrashUtils
2025-12-08 15:54:41.346  7106-7106  CrashHandler            com.cdccreditsmart.app               I  âœ… Global crash handler instalado
2025-12-08 15:54:41.346  7106-7106  CDCApplication          com.cdccreditsmart.app               I  ðŸš€ CDC Credit Smart Application iniciando...
2025-12-08 15:54:41.367  7106-7106  CDCApplication          com.cdccreditsmart.app               I  ========================================
2025-12-08 15:54:41.367  7106-7106  CDCApplication          com.cdccreditsmart.app               I  ðŸ” Verificando status de Device Owner...
2025-12-08 15:54:41.370  7106-7106  CompatChangeReporter    com.cdccreditsmart.app               D  Compat change id reported: 307233716; UID 1010217; state: ENABLED
2025-12-08 15:54:41.371  7106-7106  CDCApplication          com.cdccreditsmart.app               I  Device Owner Status: âŒ NÃƒO
2025-12-08 15:54:41.371  7106-7106  CDCApplication          com.cdccreditsmart.app               I  Package Name: com.cdccreditsmart.app
2025-12-08 15:54:41.371  7106-7106  CDCApplication          com.cdccreditsmart.app               E  
2025-12-08 15:54:41.371  7106-7106  CDCApplication          com.cdccreditsmart.app               E  â•”â•â•â•â•â•â•â•â•â•â•â•â•â•â•â•â•â•â•â•â•â•â•â•â•â•â•â•â•â•â•â•â•â•â•â•â•â•â•â•â•â•â•â•â•â•â•â•â•â•â•â•â•â•â•â•â•â•—
2025-12-08 15:54:41.371  7106-7106  CDCApplication          com.cdccreditsmart.app               E  â•‘  âš ï¸  APP NÃƒO ESTÃ PROVISIONADO COMO DEVICE OWNER  âš ï¸   â•‘
2025-12-08 15:54:41.371  7106-7106  CDCApplication          com.cdccreditsmart.app               E  â• â•â•â•â•â•â•â•â•â•â•â•â•â•â•â•â•â•â•â•â•â•â•â•â•â•â•â•â•â•â•â•â•â•â•â•â•â•â•â•â•â•â•â•â•â•â•â•â•â•â•â•â•â•â•â•â•â•£
2025-12-08 15:54:41.371  7106-7106  CDCApplication          com.cdccreditsmart.app               E  â•‘  O app precisa ser provisionado como Device Owner      â•‘
2025-12-08 15:54:41.371  7106-7106  CDCApplication          com.cdccreditsmart.app               E  â•‘  ANTES de poder conceder permissÃµes automaticamente.   â•‘
2025-12-08 15:54:41.371  7106-7106  CDCApplication          com.cdccreditsmart.app               E  â•‘                                                        â•‘
2025-12-08 15:54:41.371  7106-7106  CDCApplication          com.cdccreditsmart.app               E  â•‘  Provisione o dispositivo usando um dos mÃ©todos:       â•‘
2025-12-08 15:54:41.371  7106-7106  CDCApplication          com.cdccreditsmart.app               E  â•‘  1. ADB: adb shell dpm set-device-owner ...           â•‘
2025-12-08 15:54:41.371  7106-7106  CDCApplication          com.cdccreditsmart.app               E  â•‘  2. QR Code durante setup inicial                      â•‘
2025-12-08 15:54:41.371  7106-7106  CDCApplication          com.cdccreditsmart.app               E  â•‘  3. NFC durante setup inicial                          â•‘
2025-12-08 15:54:41.371  7106-7106  CDCApplication          com.cdccreditsmart.app               E  â•‘  4. Samsung Knox Mobile Enrollment                     â•‘
2025-12-08 15:54:41.371  7106-7106  CDCApplication          com.cdccreditsmart.app               E  â•šâ•â•â•â•â•â•â•â•â•â•â•â•â•â•â•â•â•â•â•â•â•â•â•â•â•â•â•â•â•â•â•â•â•â•â•â•â•â•â•â•â•â•â•â•â•â•â•â•â•â•â•â•â•â•â•â•â•
2025-12-08 15:54:41.371  7106-7106  CDCApplication          com.cdccreditsmart.app               E  
2025-12-08 15:54:41.371  7106-7106  CDCApplication          com.cdccreditsmart.app               I  ========================================
2025-12-08 15:54:41.372  7106-7106  AppProtectionManager    com.cdccreditsmart.app               I  
2025-12-08 15:54:41.372  7106-7106  AppProtectionManager    com.cdccreditsmart.app               I  â•”â•â•â•â•â•â•â•â•â•â•â•â•â•â•â•â•â•â•â•â•â•â•â•â•â•â•â•â•â•â•â•â•â•â•â•â•â•â•â•â•â•â•â•â•â•â•â•â•â•â•â•â•â•â•â•â•â•â•â•â•â•â•â•â•â•—
2025-12-08 15:54:41.372  7106-7106  AppProtectionManager    com.cdccreditsmart.app               I  â•‘     ðŸ›¡ï¸ APLICANDO MELHOR PROTEÃ‡ÃƒO DISPONÃVEL                    â•‘
2025-12-08 15:54:41.372  7106-7106  AppProtectionManager    com.cdccreditsmart.app               I  â•‘           CDC CREDIT SMART - PROTEÃ‡ÃƒO EM CAMADAS              â•‘
2025-12-08 15:54:41.372  7106-7106  AppProtectionManager    com.cdccreditsmart.app               I  â•šâ•â•â•â•â•â•â•â•â•â•â•â•â•â•â•â•â•â•â•â•â•â•â•â•â•â•â•â•â•â•â•â•â•â•â•â•â•â•â•â•â•â•â•â•â•â•â•â•â•â•â•â•â•â•â•â•â•â•â•â•â•â•â•â•â•
2025-12-08 15:54:41.372  7106-7106  AppProtectionManager    com.cdccreditsmart.app               I  
2025-12-08 15:54:41.375  7106-7106  AppProtectionManager    com.cdccreditsmart.app               I  ðŸ“‹ STATUS ATUAL:
2025-12-08 15:54:41.375  7106-7106  AppProtectionManager    com.cdccreditsmart.app               I     Device Owner: NÃƒO
2025-12-08 15:54:41.375  7106-7106  AppProtectionManager    com.cdccreditsmart.app               I     Device Admin: SIM
2025-12-08 15:54:41.375  7106-7106  AppProtectionManager    com.cdccreditsmart.app               I  
2025-12-08 15:54:41.375  7106-7106  AppProtectionManager    com.cdccreditsmart.app               I  ðŸ” NÃVEL: DEVICE ADMIN (ProteÃ§Ã£o Parcial)
2025-12-08 15:54:41.375  7106-7106  AppProtectionManager    com.cdccreditsmart.app               I  ========================================
2025-12-08 15:54:41.375  7106-7106  AppProtectionManager    com.cdccreditsmart.app               I  ðŸ” APLICANDO PROTEÃ‡Ã•ES DE DEVICE ADMIN
2025-12-08 15:54:41.375  7106-7106  AppProtectionManager    com.cdccreditsmart.app               I  ========================================
2025-12-08 15:54:41.375  7106-7106  AppProtectionManager    com.cdccreditsmart.app               I  [1/3] Device Admin ativo - desinstalaÃ§Ã£o requer desativar admin primeiro
2025-12-08 15:54:41.375  7106-7106  AppProtectionManager    com.cdccreditsmart.app               I        â†’ UsuÃ¡rio precisa ir em Settings > Security > Device Admins
2025-12-08 15:54:41.375  7106-7106  AppProtectionManager    com.cdccreditsmart.app               I        â†’ Desativar 'CDC Credit Smart' antes de desinstalar
2025-12-08 15:54:41.375  7106-7106  AppProtectionManager    com.cdccreditsmart.app               I  
2025-12-08 15:54:41.375  7106-7106  AppProtectionManager    com.cdccreditsmart.app               I  [2/3] Aplicando persistÃªncia bÃ¡sica...
2025-12-08 15:54:41.375  7106-7106  AppProtectionManager    com.cdccreditsmart.app               I     Iniciando serviÃ§os de persistÃªncia...
2025-12-08 15:54:41.461  7106-7106  AppProtectionManager    com.cdccreditsmart.app               I     âœ… Foreground Service iniciado
2025-12-08 15:54:41.595  7106-7106  AppProtectionManager    com.cdccreditsmart.app               I     âœ… ServiceWatchdog agendado (15 min)
2025-12-08 15:54:41.595  7106-7106  AppProtectionManager    com.cdccreditsmart.app               I  
2025-12-08 15:54:41.595  7106-7106  AppProtectionManager    com.cdccreditsmart.app               I  [3/3] ProteÃ§Ãµes de Device Admin limitadas:
2025-12-08 15:54:41.595  7106-7106  AppProtectionManager    com.cdccreditsmart.app               I        âŒ setUninstallBlocked: Requer Device Owner
2025-12-08 15:54:41.595  7106-7106  AppProtectionManager    com.cdccreditsmart.app               I        âŒ setUserControlDisabledPackages: Requer Device Owner
2025-12-08 15:54:41.595  7106-7106  AppProtectionManager    com.cdccreditsmart.app               I        âŒ addUserRestriction: Requer Device Owner
2025-12-08 15:54:41.595  7106-7106  AppProtectionManager    com.cdccreditsmart.app               I        âœ… DesinstalaÃ§Ã£o requer desativar admin primeiro
2025-12-08 15:54:41.595  7106-7106  AppProtectionManager    com.cdccreditsmart.app               I        âœ… Foreground Service mantÃ©m app ativo
2025-12-08 15:54:41.595  7106-7106  AppProtectionManager    com.cdccreditsmart.app               I        âœ… WorkManager mantÃ©m tarefas executando
2025-12-08 15:54:41.595  7106-7106  AppProtectionManager    com.cdccreditsmart.app               I  ========================================
2025-12-08 15:54:41.595  7106-7106  AppProtectionManager    com.cdccreditsmart.app               I  ðŸ“Š RESUMO: Device Admin ativo com proteÃ§Ãµes parciais
2025-12-08 15:54:41.595  7106-7106  AppProtectionManager    com.cdccreditsmart.app               I  ========================================
2025-12-08 15:54:41.595  7106-7106  AppProtectionManager    com.cdccreditsmart.app               I  
2025-12-08 15:54:41.595  7106-7106  CDCApplication          com.cdccreditsmart.app               I  
2025-12-08 15:54:41.595  7106-7106  CDCApplication          com.cdccreditsmart.app               I  â•”â•â•â•â•â•â•â•â•â•â•â•â•â•â•â•â•â•â•â•â•â•â•â•â•â•â•â•â•â•â•â•â•â•â•â•â•â•â•â•â•â•â•â•â•â•â•â•â•â•â•â•â•â•â•â•â•â•â•â•â•â•—
2025-12-08 15:54:41.595  7106-7106  CDCApplication          com.cdccreditsmart.app               I  â•‘     RESULTADO DA APLICAÃ‡ÃƒO DE PROTEÃ‡Ã•ES                    â•‘
2025-12-08 15:54:41.595  7106-7106  CDCApplication          com.cdccreditsmart.app               I  â•šâ•â•â•â•â•â•â•â•â•â•â•â•â•â•â•â•â•â•â•â•â•â•â•â•â•â•â•â•â•â•â•â•â•â•â•â•â•â•â•â•â•â•â•â•â•â•â•â•â•â•â•â•â•â•â•â•â•â•â•â•â•
2025-12-08 15:54:41.595  7106-7106  CDCApplication          com.cdccreditsmart.app               I     NÃ­vel: DEVICE_ADMIN
2025-12-08 15:54:41.595  7106-7106  CDCApplication          com.cdccreditsmart.app               I     ProteÃ§Ãµes aplicadas: 2
2025-12-08 15:54:41.595  7106-7106  CDCApplication          com.cdccreditsmart.app               I     Status: PROTEÃ‡ÃƒO PARCIAL (Device Admin)
2025-12-08 15:54:41.595  7106-7106  CDCApplication          com.cdccreditsmart.app               I     DesinstalaÃ§Ã£o requer desativar admin primeiro
2025-12-08 15:54:41.595  7106-7106  CDCApplication          com.cdccreditsmart.app               I  â•šâ•â•â•â•â•â•â•â•â•â•â•â•â•â•â•â•â•â•â•â•â•â•â•â•â•â•â•â•â•â•â•â•â•â•â•â•â•â•â•â•â•â•â•â•â•â•â•â•â•â•â•â•â•â•â•â•â•â•â•â•â•
2025-12-08 15:54:41.595  7106-7106  CDCApplication          com.cdccreditsmart.app               I  
2025-12-08 15:54:41.598  6807-6820  creditsmart.app         com.cdccreditsmart.app               W  Suspending all threads took: 177.460ms
2025-12-08 15:54:41.601  7106-7614  creditsmart.app         com.cdccreditsmart.app               W  Verification of void com.google.android.gms.cloudmessaging.zzp.zzb(int, java.lang.String, java.lang.Throwable) took 258.959ms (586.96 bytecodes/s) (0B arena alloc)
2025-12-08 15:54:41.602  6807-6891  LegalWhitelist          com.cdccreditsmart.app               D  âš–ï¸ App financeiro protegido: com.android.internal.display.cutout.emulation.double
2025-12-08 15:54:41.602  6807-6891  CategoryMapper          com.cdccreditsmart.app               D  âš–ï¸ App protegido por lei (TJMG): com.android.internal.display.cutout.emulation.double - InstituiÃ§Ã£o financeira (TJMG)
2025-12-08 15:54:41.602  6807-6891  CategoryMapper          com.cdccreditsmart.app               D  ðŸ›¡ï¸ App protegido (nÃ£o bloqueia): com.android.internal.display.cutout.emulation.double
2025-12-08 15:54:41.617  6807-6891  CategoryMapper          com.cdccreditsmart.app               D  ðŸ›¡ï¸ App protegido (nÃ£o bloqueia): com.android.providers.telephony
2025-12-08 15:54:41.626  6807-6891  CategoryMapper          com.cdccreditsmart.app               D  âœ… App bloqueÃ¡vel detectado: com.android.dynsystem
2025-12-08 15:54:41.634  6807-6891  CategoryMapper          com.cdccreditsmart.app               D  âœ… App bloqueÃ¡vel detectado: com.google.android.googlequicksearchbox
2025-12-08 15:54:41.644  7106-7106  TamperDetection         com.cdccreditsmart.app               I  ========================================
2025-12-08 15:54:41.644  7106-7106  TamperDetection         com.cdccreditsmart.app               I  ðŸ” VERIFICANDO INTEGRIDADE DO DISPOSITIVO
2025-12-08 15:54:41.644  7106-7106  TamperDetection         com.cdccreditsmart.app               I  ========================================
2025-12-08 15:54:41.647  6807-6892  creditsmart.app         com.cdccreditsmart.app               W  Weak pointer dereference blocked for 35 milliseconds.
2025-12-08 15:54:41.689  6807-6891  LegalWhitelist          com.cdccreditsmart.app               D  âš–ï¸ App governamental protegido: com.google.android.cellbroadcastservice
2025-12-08 15:54:41.690  6807-6891  CategoryMapper          com.cdccreditsmart.app               D  âš–ï¸ App protegido por lei (TJMG): com.google.android.cellbroadcastservice - App governamental (TJMG)
2025-12-08 15:54:41.690  6807-6891  CategoryMapper          com.cdccreditsmart.app               D  ðŸ›¡ï¸ App protegido (nÃ£o bloqueia): com.google.android.cellbroadcastservice
2025-12-08 15:54:41.690  6807-6891  CategoryMapper          com.cdccreditsmart.app               D  ðŸ›¡ï¸ App protegido (nÃ£o bloqueia): com.android.providers.calendar
2025-12-08 15:54:41.690  6807-6891  CategoryMapper          com.cdccreditsmart.app               D  ðŸ›¡ï¸ App protegido (nÃ£o bloqueia): com.android.providers.media
2025-12-08 15:54:41.743  7106-7646  CDCApplication          com.cdccreditsmart.app               D  ðŸ‘¤ App nÃ£o Ã© Device Owner - pulando criaÃ§Ã£o de usuÃ¡rio secundÃ¡rio
2025-12-08 15:54:41.924  6807-6891  CategoryMapper          com.cdccreditsmart.app               D  âœ… App bloqueÃ¡vel detectado: com.google.android.onetimeinitializer
2025-12-08 15:54:41.925  6807-6891  CategoryMapper          com.cdccreditsmart.app               D  ðŸ›¡ï¸ App protegido (nÃ£o bloqueia): com.google.android.ext.shared
2025-12-08 15:54:41.956  7106-7571  System                  com.cdccreditsmart.app               W  ClassLoader referenced unknown path: 
2025-12-08 15:54:41.967  7106-7571  nativeloader            com.cdccreditsmart.app               D  Configuring clns-10 for other apk . target_sdk_version=36, uses_libraries=, library_path=/data/app/~~WEQJMP108oP4ALh8BEPNLw==/com.google.android.gms-FoFJaCgnY04TC9PwlEbe0w==/lib/x86_64:/data/app/~~WEQJMP108oP4ALh8BEPNLw==/com.google.android.gms-FoFJaCgnY04TC9PwlEbe0w==/base.apk!/lib/x86_64, permitted_path=/data:/mnt/expand:/data/user/10/com.google.android.gms
2025-12-08 15:54:41.997  7106-7633  CompatChangeReporter    com.cdccreditsmart.app               D  Compat change id reported: 312399441; UID 1010217; state: ENABLED
2025-12-08 15:54:42.003  6807-6891  CategoryMapper          com.cdccreditsmart.app               D  âœ… App bloqueÃ¡vel detectado: com.android.virtualmachine.res
2025-12-08 15:54:42.029  6807-6891  CategoryMapper          com.cdccreditsmart.app               D  âœ… App bloqueÃ¡vel detectado: com.android.wallpapercropper
2025-12-08 15:54:42.084  7106-7633  ashmem                  com.cdccreditsmart.app               E  Pinning is deprecated since Android Q. Please use trim or other methods.
2025-12-08 15:54:42.088  6807-6891  CategoryMapper          com.cdccreditsmart.app               D  âœ… App bloqueÃ¡vel detectado: com.google.android.federatedcompute
2025-12-08 15:54:42.116  7106-7571  creditsmart.app         com.cdccreditsmart.app               I  AssetManager2(0x75fc7270fdf8) locale list changing from [] to [en-US]
2025-12-08 15:54:42.149  6807-6891  CategoryMapper          com.cdccreditsmart.app               D  âœ… App bloqueÃ¡vel detectado: com.android.managedprovisioning.auto_generated_rro_product__
2025-12-08 15:54:42.165  7106-7571  creditsmart.app         com.cdccreditsmart.app               W  ClassLoaderContext classpath element checksum mismatch. expected=630649996, found=2199794420 (DLC[];PCL[base.apk*630649996]{PCL[/system/framework/org.apache.http.legacy.jar*4247870504]#PCL[/system/framework/com.android.media.remotedisplay.jar*487574312]#PCL[/system/framework/com.android.location.provider.jar*1570284764]#PCL[/system_ext/framework/androidx.window.extensions.jar*1030441313]#PCL[/system_ext/framework/androidx.window.sidecar.jar*3860983653]} | DLC[];PCL[/data/app/~~HE8kGLhrno_vic_mC5SI6A==/com.cdccreditsmart.app-h44BymX6Uher-os7f-_Tiw==/base.apk*2199794420])
2025-12-08 15:54:42.172  6807-6891  CategoryMapper          com.cdccreditsmart.app               D  âœ… App bloqueÃ¡vel detectado: com.android.carrierconfig.auto_generated_rro_vendor__
2025-12-08 15:54:42.183  6807-6891  CategoryMapper          com.cdccreditsmart.app               D  âœ… App bloqueÃ¡vel detectado: com.google.android.server.deviceconfig.resources
2025-12-08 15:54:42.184  6807-6891  LegalWhitelist          com.cdccreditsmart.app               D  âš–ï¸ App financeiro protegido: com.android.systemui.emulation.pixel_3_xl
2025-12-08 15:54:42.188  6807-6891  CategoryMapper          com.cdccreditsmart.app               D  âš–ï¸ App protegido por lei (TJMG): com.android.systemui.emulation.pixel_3_xl - InstituiÃ§Ã£o financeira (TJMG)
2025-12-08 15:54:42.188  6807-6891  CategoryMapper          com.cdccreditsmart.app               D  ðŸ›¡ï¸ App protegido (nÃ£o bloqueia): com.android.systemui.emulation.pixel_3_xl
2025-12-08 15:54:42.192  6807-6891  LegalWhitelist          com.cdccreditsmart.app               D  âš–ï¸ App financeiro protegido: com.android.systemui.emulation.pixel_4_xl
2025-12-08 15:54:42.198  6807-6891  CategoryMapper          com.cdccreditsmart.app               D  âš–ï¸ App protegido por lei (TJMG): com.android.systemui.emulation.pixel_4_xl - InstituiÃ§Ã£o financeira (TJMG)
2025-12-08 15:54:42.200  6807-6891  CategoryMapper          com.cdccreditsmart.app               D  ðŸ›¡ï¸ App protegido (nÃ£o bloqueia): com.android.systemui.emulation.pixel_4_xl
2025-12-08 15:54:42.203  6807-6891  LegalWhitelist          com.cdccreditsmart.app               D  âš–ï¸ App financeiro protegido: com.android.systemui.emulation.pixel_fold
2025-12-08 15:54:42.204  6807-6891  CategoryMapper          com.cdccreditsmart.app               D  âš–ï¸ App protegido por lei (TJMG): com.android.systemui.emulation.pixel_fold - InstituiÃ§Ã£o financeira (TJMG)
2025-12-08 15:54:42.204  6807-6891  CategoryMapper          com.cdccreditsmart.app               D  ðŸ›¡ï¸ App protegido (nÃ£o bloqueia): com.android.systemui.emulation.pixel_fold
2025-12-08 15:54:42.214  6807-6891  CategoryMapper          com.cdccreditsmart.app               D  ðŸ›¡ï¸ App crÃ­tico do sistema detectado: com.android.providers.telephony.auto_generated_characteristics_rro
2025-12-08 15:54:42.214  6807-6891  CategoryMapper          com.cdccreditsmart.app               D  ðŸ›¡ï¸ App protegido (nÃ£o bloqueia): com.android.providers.telephony.auto_generated_characteristics_rro
2025-12-08 15:54:42.220  6807-6891  CategoryMapper          com.cdccreditsmart.app               D  âœ… App bloqueÃ¡vel detectado: com.android.simappdialog.auto_generated_rro_product__
2025-12-08 15:54:42.222  6807-6891  CategoryMapper          com.cdccreditsmart.app               D  ðŸ›¡ï¸ App protegido (nÃ£o bloqueia): com.android.externalstorage
2025-12-08 15:54:42.235  7106-7571  creditsmart.app         com.cdccreditsmart.app               I  AssetManager2(0x75fc727129b8) locale list changing from [] to [en-US]
2025-12-08 15:54:42.236  7106-7571  creditsmart.app         com.cdccreditsmart.app               I  AssetManager2(0x75fc72717e18) locale list changing from [] to [en-US]
2025-12-08 15:54:42.245  6807-6891  CategoryMapper          com.cdccreditsmart.app               D  âœ… App bloqueÃ¡vel detectado: com.android.htmlviewer
2025-12-08 15:54:42.249  6807-6891  LegalWhitelist          com.cdccreditsmart.app               D  âš–ï¸ App financeiro protegido: com.android.companiondevicemanager
2025-12-08 15:54:42.252  6807-6892  ContractCodeStorage     com.cdccreditsmart.app               D  Storage verification: 7 valid, 0 tampered, 0 missing
2025-12-08 15:54:42.253  6807-6892  ContractCodeStorage     com.cdccreditsmart.app               D  Contract code retrieved successfully
2025-12-08 15:54:42.257  6807-6909  SettingsGuardService    com.cdccreditsmart.app               D  ðŸ“‹ Activity check - Full: com.google.android.apps.nexuslauncher.NexusLauncherActivity, Simple: NexusLauncherActivity
2025-12-08 15:54:42.258  6807-6891  CategoryMapper          com.cdccreditsmart.app               D  âš–ï¸ App protegido por lei (TJMG): com.android.companiondevicemanager - InstituiÃ§Ã£o financeira (TJMG)
2025-12-08 15:54:42.258  6807-6891  CategoryMapper          com.cdccreditsmart.app               D  ðŸ›¡ï¸ App protegido (nÃ£o bloqueia): com.android.companiondevicemanager
2025-12-08 15:54:42.266  6807-6892  SecureTokenStorage      com.cdccreditsmart.app               D  EncryptedSharedPreferences initialized successfully
2025-12-08 15:54:42.290  6807-6891  CategoryMapper          com.cdccreditsmart.app               D  âœ… App bloqueÃ¡vel detectado: com.android.mms.service
2025-12-08 15:54:42.293  6807-6891  CategoryMapper          com.cdccreditsmart.app               D  ðŸ›¡ï¸ App protegido (nÃ£o bloqueia): com.android.providers.downloads
2025-12-08 15:54:42.296  6807-6891  CategoryMapper          com.cdccreditsmart.app               D  âœ… App bloqueÃ¡vel detectado: com.google.android.overlay.largescreenconfig
2025-12-08 15:54:42.298  6807-6891  CategoryMapper          com.cdccreditsmart.app               D  âœ… App bloqueÃ¡vel detectado: com.google.android.health.connect.backuprestore
2025-12-08 15:54:42.324  6807-6891  CategoryMapper          com.cdccreditsmart.app               D  ðŸ›¡ï¸ App crÃ­tico do sistema detectado: com.android.systemui.auto_generated_rro_product__
2025-12-08 15:54:42.324  6807-6891  CategoryMapper          com.cdccreditsmart.app               D  ðŸ›¡ï¸ App protegido (nÃ£o bloqueia): com.android.systemui.auto_generated_rro_product__
2025-12-08 15:54:42.324  6807-6891  CategoryMapper          com.cdccreditsmart.app               D  âš–ï¸ App protegido por lei (TJMG): com.google.android.apps.messaging - Mensagens SMS (TJMG)
2025-12-08 15:54:42.324  6807-6891  CategoryMapper          com.cdccreditsmart.app               D  ðŸ›¡ï¸ App protegido (nÃ£o bloqueia): com.google.android.apps.messaging
2025-12-08 15:54:42.327  6807-6891  CategoryMapper          com.cdccreditsmart.app               D  âœ… App bloqueÃ¡vel detectado: com.google.android.soundpicker
2025-12-08 15:54:42.328  6807-6891  CategoryMapper          com.cdccreditsmart.app               D  âš–ï¸ App protegido por lei (TJMG): com.cdccreditsmart.app - App CDC Credit Smart
2025-12-08 15:54:42.328  6807-6891  CategoryMapper          com.cdccreditsmart.app               D  ðŸ›¡ï¸ App protegido (nÃ£o bloqueia): com.cdccreditsmart.app
2025-12-08 15:54:42.348  6807-6891  CategoryMapper          com.cdccreditsmart.app               D  âœ… App bloqueÃ¡vel detectado: com.android.networkstack.tethering.emulator
2025-12-08 15:54:42.348  6807-6891  CategoryMapper          com.cdccreditsmart.app               D  âœ… App bloqueÃ¡vel detectado: com.google.android.marvin.talkbackoverlay
2025-12-08 15:54:42.350  6807-6892  CdcForegroundService    com.cdccreditsmart.app               I  ðŸ“¦ Construindo manifesto:
2025-12-08 15:54:42.351  6807-6891  CategoryMapper          com.cdccreditsmart.app               D  âœ… App bloqueÃ¡vel detectado: com.google.android.configupdater
2025-12-08 15:54:42.352  6807-6892  CdcForegroundService    com.cdccreditsmart.app               I     ContractCode: XV8W5766...
2025-12-08 15:54:42.352  6807-6892  CdcForegroundService    com.cdccreditsmart.app               I     DeviceId: device_176...
2025-12-08 15:54:42.352  6807-6892  CdcForegroundService    com.cdccreditsmart.app               I     IMEI: 867400...
2025-12-08 15:54:42.352  6807-6892  CdcForegroundService    com.cdccreditsmart.app               I  ðŸ“¦ Salvando manifesto de enrollment para auto-reativaÃ§Ã£o
2025-12-08 15:54:42.352  6807-6892  ApkPreloadManager       com.cdccreditsmart.app               I  ========================================
2025-12-08 15:54:42.352  6807-6892  ApkPreloadManager       com.cdccreditsmart.app               I  ðŸ“¦ INSTALANDO APK NO PRELOAD (Multi-Fabricante)
2025-12-08 15:54:42.352  6807-6892  ApkPreloadManager       com.cdccreditsmart.app               I  ========================================
2025-12-08 15:54:42.352  6807-6891  LegalWhitelist          com.cdccreditsmart.app               D  âš–ï¸ App financeiro protegido: com.android.internal.emulation.pixel_3a_xl
2025-12-08 15:54:42.353  6807-6891  CategoryMapper          com.cdccreditsmart.app               D  âš–ï¸ App protegido por lei (TJMG): com.android.internal.emulation.pixel_3a_xl - InstituiÃ§Ã£o financeira (TJMG)
2025-12-08 15:54:42.353  6807-6891  CategoryMapper          com.cdccreditsmart.app               D  ðŸ›¡ï¸ App protegido (nÃ£o bloqueia): com.android.internal.emulation.pixel_3a_xl
2025-12-08 15:54:42.354  6807-6892  ApkPreloadManager       com.cdccreditsmart.app               I  ðŸ“ APK fonte: /data/app/~~HE8kGLhrno_vic_mC5SI6A==/com.cdccreditsmart.app-h44BymX6Uher-os7f-_Tiw==/base.apk
2025-12-08 15:54:42.354  6807-6892  ApkPreloadManager       com.cdccreditsmart.app               I  ðŸ“± Android 36 (16)
2025-12-08 15:54:42.354  6807-6892  ApkPreloadManager       com.cdccreditsmart.app               I  ðŸ“± Fabricante: Google
2025-12-08 15:54:42.354  6807-6892  ApkPreloadManager       com.cdccreditsmart.app               I  ðŸ“± Marca: google
2025-12-08 15:54:42.354  6807-6892  ApkPreloadManager       com.cdccreditsmart.app               I  ðŸ“± Produto: sdk_gphone64_x86_64
2025-12-08 15:54:42.354  6807-6892  ApkPreloadManager       com.cdccreditsmart.app               I  ðŸ“± Modelo: sdk_gphone64_x86_64
2025-12-08 15:54:42.354  6807-6892  ApkPreloadManager       com.cdccreditsmart.app               I  ðŸ“± Fabricante genÃ©rico - usando caminhos AOSP
2025-12-08 15:54:42.354  6807-6892  ApkPreloadManager       com.cdccreditsmart.app               I  ðŸ” Caminhos de preload a tentar: 4
2025-12-08 15:54:42.354  6807-6892  ApkPreloadManager       com.cdccreditsmart.app               D     1. /data/system/device_owner_data/preloads
2025-12-08 15:54:42.354  6807-6892  ApkPreloadManager       com.cdccreditsmart.app               D     2. /data/system/device_owner_data
2025-12-08 15:54:42.354  6807-6892  ApkPreloadManager       com.cdccreditsmart.app               D     3. /data/preloads/apps
2025-12-08 15:54:42.354  6807-6892  ApkPreloadManager       com.cdccreditsmart.app               D     4. /data/preload/apps
2025-12-08 15:54:42.354  6807-6892  ApkPreloadManager       com.cdccreditsmart.app               I  
2025-12-08 15:54:42.354  6807-6892  ApkPreloadManager       com.cdccreditsmart.app               I  ðŸ“‚ Tentando: /data/system/device_owner_data/preloads
2025-12-08 15:54:42.354  6807-6892  ApkPreloadManager       com.cdccreditsmart.app               I     ðŸ“ DiretÃ³rio nÃ£o existe - tentando criar...
2025-12-08 15:54:42.355  6807-6891  LegalWhitelist          com.cdccreditsmart.app               D  âš–ï¸ App financeiro protegido: com.android.internal.emulation.pixel_6_pro
2025-12-08 15:54:42.356  6807-6891  CategoryMapper          com.cdccreditsmart.app               D  âš–ï¸ App protegido por lei (TJMG): com.android.internal.emulation.pixel_6_pro - InstituiÃ§Ã£o financeira (TJMG)
2025-12-08 15:54:42.356  6807-6891  CategoryMapper          com.cdccreditsmart.app               D  ðŸ›¡ï¸ App protegido (nÃ£o bloqueia): com.android.internal.emulation.pixel_6_pro
2025-12-08 15:54:42.357  6807-6891  LegalWhitelist          com.cdccreditsmart.app               D  âš–ï¸ App financeiro protegido: com.android.internal.emulation.pixel_7_pro
2025-12-08 15:54:42.358  6807-6891  CategoryMapper          com.cdccreditsmart.app               D  âš–ï¸ App protegido por lei (TJMG): com.android.internal.emulation.pixel_7_pro - InstituiÃ§Ã£o financeira (TJMG)
2025-12-08 15:54:42.358  6807-6891  CategoryMapper          com.cdccreditsmart.app               D  ðŸ›¡ï¸ App protegido (nÃ£o bloqueia): com.android.internal.emulation.pixel_7_pro
2025-12-08 15:54:42.358  6807-6891  LegalWhitelist          com.cdccreditsmart.app               D  âš–ï¸ App financeiro protegido: com.android.internal.emulation.pixel_8_pro
2025-12-08 15:54:42.358  6807-6891  CategoryMapper          com.cdccreditsmart.app               D  âš–ï¸ App protegido por lei (TJMG): com.android.internal.emulation.pixel_8_pro - InstituiÃ§Ã£o financeira (TJMG)
2025-12-08 15:54:42.358  6807-6891  CategoryMapper          com.cdccreditsmart.app               D  ðŸ›¡ï¸ App protegido (nÃ£o bloqueia): com.android.internal.emulation.pixel_8_pro
2025-12-08 15:54:42.358  6807-6891  LegalWhitelist          com.cdccreditsmart.app               D  âš–ï¸ App financeiro protegido: com.android.internal.emulation.pixel_9_pro
2025-12-08 15:54:42.358  6807-6891  CategoryMapper          com.cdccreditsmart.app               D  âš–ï¸ App protegido por lei (TJMG): com.android.internal.emulation.pixel_9_pro - InstituiÃ§Ã£o financeira (TJMG)
2025-12-08 15:54:42.358  6807-6891  CategoryMapper          com.cdccreditsmart.app               D  ðŸ›¡ï¸ App protegido (nÃ£o bloqueia): com.android.internal.emulation.pixel_9_pro
2025-12-08 15:54:42.360  6807-6891  CategoryMapper          com.cdccreditsmart.app               D  ðŸ›¡ï¸ App crÃ­tico do sistema detectado: com.google.android.providers.media.module
2025-12-08 15:54:42.360  6807-6891  CategoryMapper          com.cdccreditsmart.app               D  ðŸ›¡ï¸ App protegido (nÃ£o bloqueia): com.google.android.providers.media.module
2025-12-08 15:54:42.360  6807-6891  LegalWhitelist          com.cdccreditsmart.app               D  âš–ï¸ App financeiro protegido: com.android.internal.emulation.pixel_3a
2025-12-08 15:54:42.361  6807-6891  CategoryMapper          com.cdccreditsmart.app               D  âš–ï¸ App protegido por lei (TJMG): com.android.internal.emulation.pixel_3a - InstituiÃ§Ã£o financeira (TJMG)
2025-12-08 15:54:42.361  6807-6891  CategoryMapper          com.cdccreditsmart.app               D  ðŸ›¡ï¸ App protegido (nÃ£o bloqueia): com.android.internal.emulation.pixel_3a
2025-12-08 15:54:42.361  6807-6891  LegalWhitelist          com.cdccreditsmart.app               D  âš–ï¸ App financeiro protegido: com.android.internal.emulation.pixel_4a
2025-12-08 15:54:42.361  6807-6891  CategoryMapper          com.cdccreditsmart.app               D  âš–ï¸ App protegido por lei (TJMG): com.android.internal.emulation.pixel_4a - InstituiÃ§Ã£o financeira (TJMG)
2025-12-08 15:54:42.361  6807-6891  CategoryMapper          com.cdccreditsmart.app               D  ðŸ›¡ï¸ App protegido (nÃ£o bloqueia): com.android.internal.emulation.pixel_4a
2025-12-08 15:54:42.361  6807-6891  LegalWhitelist          com.cdccreditsmart.app               D  âš–ï¸ App financeiro protegido: com.android.internal.emulation.pixel_6a
2025-12-08 15:54:42.361  6807-6891  CategoryMapper          com.cdccreditsmart.app               D  âš–ï¸ App protegido por lei (TJMG): com.android.internal.emulation.pixel_6a - InstituiÃ§Ã£o financeira (TJMG)
2025-12-08 15:54:42.362  6807-6891  CategoryMapper          com.cdccreditsmart.app               D  ðŸ›¡ï¸ App protegido (nÃ£o bloqueia): com.android.internal.emulation.pixel_6a
2025-12-08 15:54:42.362  6807-6891  LegalWhitelist          com.cdccreditsmart.app               D  âš–ï¸ App financeiro protegido: com.android.internal.emulation.pixel_7a
2025-12-08 15:54:42.362  6807-6891  CategoryMapper          com.cdccreditsmart.app               D  âš–ï¸ App protegido por lei (TJMG): com.android.internal.emulation.pixel_7a - InstituiÃ§Ã£o financeira (TJMG)
2025-12-08 15:54:42.362  6807-6891  CategoryMapper          com.cdccreditsmart.app               D  ðŸ›¡ï¸ App protegido (nÃ£o bloqueia): com.android.internal.emulation.pixel_7a
2025-12-08 15:54:42.362  6807-6891  LegalWhitelist          com.cdccreditsmart.app               D  âš–ï¸ App financeiro protegido: com.android.internal.emulation.pixel_8a
2025-12-08 15:54:42.362  6807-6891  CategoryMapper          com.cdccreditsmart.app               D  âš–ï¸ App protegido por lei (TJMG): com.android.internal.emulation.pixel_8a - InstituiÃ§Ã£o financeira (TJMG)
2025-12-08 15:54:42.362  6807-6891  CategoryMapper          com.cdccreditsmart.app               D  ðŸ›¡ï¸ App protegido (nÃ£o bloqueia): com.android.internal.emulation.pixel_8a
2025-12-08 15:54:42.363  6807-6891  LegalWhitelist          com.cdccreditsmart.app               D  âš–ï¸ App financeiro protegido: com.android.internal.emulation.pixel_9a
2025-12-08 15:54:42.363  6807-6891  CategoryMapper          com.cdccreditsmart.app               D  âš–ï¸ App protegido por lei (TJMG): com.android.internal.emulation.pixel_9a - InstituiÃ§Ã£o financeira (TJMG)
2025-12-08 15:54:42.363  6807-6891  CategoryMapper          com.cdccreditsmart.app               D  ðŸ›¡ï¸ App protegido (nÃ£o bloqueia): com.android.internal.emulation.pixel_9a
2025-12-08 15:54:42.370  6807-6891  CategoryMapper          com.cdccreditsmart.app               D  âœ… App bloqueÃ¡vel detectado: com.google.android.overlay.googlewebview
2025-12-08 15:54:42.441  6807-6892  ApkPreloadManager       com.cdccreditsmart.app               W     âš ï¸ NÃ£o foi possÃ­vel criar diretÃ³rio
2025-12-08 15:54:42.441  6807-6892  ApkPreloadManager       com.cdccreditsmart.app               I  
2025-12-08 15:54:42.442  6807-6891  CategoryMapper          com.cdccreditsmart.app               D  âœ… App bloqueÃ¡vel detectado: com.google.android.apps.safetyhub
2025-12-08 15:54:42.445  6807-6892  ApkPreloadManager       com.cdccreditsmart.app               I  ðŸ“‚ Tentando: /data/system/device_owner_data
2025-12-08 15:54:42.454  6807-6892  ApkPreloadManager       com.cdccreditsmart.app               I     ðŸ“ DiretÃ³rio nÃ£o existe - tentando criar...
2025-12-08 15:54:42.462  6807-6891  LegalWhitelist          com.cdccreditsmart.app               D  âš–ï¸ App financeiro protegido: com.android.systemui.plugin.globalactions.wallet
2025-12-08 15:54:42.483  6807-6891  CategoryMapper          com.cdccreditsmart.app               D  âš–ï¸ App protegido por lei (TJMG): com.android.systemui.plugin.globalactions.wallet - InstituiÃ§Ã£o financeira (TJMG)
2025-12-08 15:54:42.483  6807-6891  CategoryMapper          com.cdccreditsmart.app               D  ðŸ›¡ï¸ App protegido (nÃ£o bloqueia): com.android.systemui.plugin.globalactions.wallet
2025-12-08 15:54:42.489  6807-6892  ApkPreloadManager       com.cdccreditsmart.app               W     âš ï¸ NÃ£o foi possÃ­vel criar diretÃ³rio
2025-12-08 15:54:42.490  6807-6892  ApkPreloadManager       com.cdccreditsmart.app               I  
2025-12-08 15:54:42.490  6807-6892  ApkPreloadManager       com.cdccreditsmart.app               I  ðŸ“‚ Tentando: /data/preloads/apps
2025-12-08 15:54:42.490  6807-6892  ApkPreloadManager       com.cdccreditsmart.app               I     ðŸ“ DiretÃ³rio nÃ£o existe - tentando criar...
2025-12-08 15:54:42.489  6807-6807  DefaultDispatch         com.cdccreditsmart.app               W  type=1400 audit(0.0:160): avc:  denied  { getattr } for  path="/data/preloads" dev="dm-55" ino=360449 scontext=u:r:untrusted_app:s0:c217,c256,c512,c768 tcontext=u:object_r:preloads_data_file:s0 tclass=dir permissive=0 app=com.cdccreditsmart.app
2025-12-08 15:54:42.503  6807-6892  ApkPreloadManager       com.cdccreditsmart.app               W     âš ï¸ NÃ£o foi possÃ­vel criar diretÃ³rio
2025-12-08 15:54:42.503  6807-6892  ApkPreloadManager       com.cdccreditsmart.app               I  
2025-12-08 15:54:42.503  6807-6892  ApkPreloadManager       com.cdccreditsmart.app               I  ðŸ“‚ Tentando: /data/preload/apps
2025-12-08 15:54:42.503  6807-6892  ApkPreloadManager       com.cdccreditsmart.app               I     ðŸ“ DiretÃ³rio nÃ£o existe - tentando criar...
2025-12-08 15:54:42.503  6807-6892  ApkPreloadManager       com.cdccreditsmart.app               W     âš ï¸ NÃ£o foi possÃ­vel criar diretÃ³rio
2025-12-08 15:54:42.503  6807-6892  ApkPreloadManager       com.cdccreditsmart.app               E  
2025-12-08 15:54:42.503  6807-6892  ApkPreloadManager       com.cdccreditsmart.app               E  âŒ FALHA: Nenhum caminho de preload acessÃ­vel
2025-12-08 15:54:42.503  6807-6892  ApkPreloadManager       com.cdccreditsmart.app               E     Fabricante: google
2025-12-08 15:54:42.503  6807-6892  ApkPreloadManager       com.cdccreditsmart.app               E     O sistema de recuperaÃ§Ã£o via stub ainda funcionarÃ¡
2025-12-08 15:54:42.503  6807-6892  ApkPreloadManager       com.cdccreditsmart.app               I  ========================================
2025-12-08 15:54:42.503  6807-6892  CdcForegroundService    com.cdccreditsmart.app               W  ðŸ“¦ âš ï¸ Nenhum caminho de preload acessÃ­vel neste dispositivo
2025-12-08 15:54:42.503  6807-6892  CdcForegroundService    com.cdccreditsmart.app               W  ðŸ“¦    O sistema de recuperaÃ§Ã£o via stub ainda funcionarÃ¡
2025-12-08 15:54:42.503  6807-6892  CdcForegroundService    com.cdccreditsmart.app               I  ðŸ“¦ ========================================
2025-12-08 15:54:42.503  6807-6892  CdcForegroundService    com.cdccreditsmart.app               I  ðŸ”„ ========================================
2025-12-08 15:54:42.503  6807-6892  CdcForegroundService    com.cdccreditsmart.app               I  ðŸ”„ SINCRONIZAÃ‡ÃƒO IMEDIATA DE BLOQUEIO
2025-12-08 15:54:42.503  6807-6892  CdcForegroundService    com.cdccreditsmart.app               I  ðŸ”„ ========================================
2025-12-08 15:54:42.504  6807-6891  CategoryMapper          com.cdccreditsmart.app               D  ðŸ›¡ï¸ App crÃ­tico do sistema detectado: com.android.providers.downloads.ui
2025-12-08 15:54:42.504  6807-6891  CategoryMapper          com.cdccreditsmart.app               D  ðŸ›¡ï¸ App protegido (nÃ£o bloqueia): com.android.providers.downloads.ui
2025-12-08 15:54:42.512  6807-6891  CategoryMapper          com.cdccreditsmart.app               D  âœ… App bloqueÃ¡vel detectado: com.google.android.hotspot2.osulogin
2025-12-08 15:54:42.530  6807-6891  CategoryMapper          com.cdccreditsmart.app               D  âœ… App bloqueÃ¡vel detectado: com.android.vending
2025-12-08 15:54:42.543  6807-6891  CategoryMapper          com.cdccreditsmart.app               D  âœ… App bloqueÃ¡vel detectado: com.android.pacprocessor
2025-12-08 15:54:42.568  7106-7690  JobInfo                 com.cdccreditsmart.app               W  Requested important-while-foreground flag for job0 is ignored and takes no effect
2025-12-08 15:54:42.568  7106-7690  CompatChangeReporter    com.cdccreditsmart.app               D  Compat change id reported: 311402873; UID 1010217; state: ENABLED
2025-12-08 15:54:42.568  7106-7690  CompatChangeReporter    com.cdccreditsmart.app               D  Compat change id reported: 323349338; UID 1010217; state: ENABLED
2025-12-08 15:54:42.601  6807-6891  CategoryMapper          com.cdccreditsmart.app               D  âœ… App bloqueÃ¡vel detectado: com.android.simappdialog
2025-12-08 15:54:42.606  6807-6891  CategoryMapper          com.cdccreditsmart.app               D  âœ… App bloqueÃ¡vel detectado: com.google.android.adservices.api
2025-12-08 15:54:42.607  6807-6891  LegalWhitelist          com.cdccreditsmart.app               D  âš–ï¸ App financeiro protegido: com.android.internal.display.cutout.emulation.hole
2025-12-08 15:54:42.607  6807-6891  CategoryMapper          com.cdccreditsmart.app               D  âš–ï¸ App protegido por lei (TJMG): com.android.internal.display.cutout.emulation.hole - InstituiÃ§Ã£o financeira (TJMG)
2025-12-08 15:54:42.607  6807-6891  CategoryMapper          com.cdccreditsmart.app               D  ðŸ›¡ï¸ App protegido (nÃ£o bloqueia): com.android.internal.display.cutout.emulation.hole
2025-12-08 15:54:42.607  6807-6891  LegalWhitelist          com.cdccreditsmart.app               D  âš–ï¸ App financeiro protegido: com.android.internal.display.cutout.emulation.tall
2025-12-08 15:54:42.607  6807-6891  CategoryMapper          com.cdccreditsmart.app               D  âš–ï¸ App protegido por lei (TJMG): com.android.internal.display.cutout.emulation.tall - InstituiÃ§Ã£o financeira (TJMG)
2025-12-08 15:54:42.607  6807-6891  CategoryMapper          com.cdccreditsmart.app               D  ðŸ›¡ï¸ App protegido (nÃ£o bloqueia): com.android.internal.display.cutout.emulation.tall
2025-12-08 15:54:42.690  6807-6891  CategoryMapper          com.cdccreditsmart.app               D  âœ… App bloqueÃ¡vel detectado: com.android.certinstaller
2025-12-08 15:54:42.692  6807-6891  CategoryMapper          com.cdccreditsmart.app               D  âœ… App bloqueÃ¡vel detectado: com.android.carrierconfig
2025-12-08 15:54:42.694  6807-6891  CategoryMapper          com.cdccreditsmart.app               D  âœ… App bloqueÃ¡vel detectado: com.google.android.marvin.talkback
2025-12-08 15:54:42.695  6807-6891  CategoryMapper          com.cdccreditsmart.app               D  âœ… App bloqueÃ¡vel detectado: com.google.android.apps.accessibility.voiceaccess
2025-12-08 15:54:42.696  6807-6891  LegalWhitelist          com.cdccreditsmart.app               D  âš–ï¸ App financeiro protegido: com.android.internal.systemui.navbar.threebutton
2025-12-08 15:54:42.696  6807-6891  CategoryMapper          com.cdccreditsmart.app               D  âš–ï¸ App protegido por lei (TJMG): com.android.internal.systemui.navbar.threebutton - InstituiÃ§Ã£o financeira (TJMG)
2025-12-08 15:54:42.696  6807-6891  CategoryMapper          com.cdccreditsmart.app               D  ðŸ›¡ï¸ App protegido (nÃ£o bloqueia): com.android.internal.systemui.navbar.threebutton
2025-12-08 15:54:42.699  6807-6891  CategoryMapper          com.cdccreditsmart.app               D  ðŸ›¡ï¸ App protegido (nÃ£o bloqueia): android
2025-12-08 15:54:42.699  6807-6891  LegalWhitelist          com.cdccreditsmart.app               D  âš–ï¸ App financeiro protegido: com.android.camera2
2025-12-08 15:54:42.702  6807-6891  CategoryMapper          com.cdccreditsmart.app               D  âš–ï¸ App protegido por lei (TJMG): com.android.camera2 - InstituiÃ§Ã£o financeira (TJMG)
2025-12-08 15:54:42.702  6807-6891  CategoryMapper          com.cdccreditsmart.app               D  ðŸ›¡ï¸ App protegido (nÃ£o bloqueia): com.android.camera2
2025-12-08 15:54:42.708  6807-6891  LegalWhitelist          com.cdccreditsmart.app               D  âš–ï¸ App financeiro protegido: com.android.internal.ranchu.commonoverlay
2025-12-08 15:54:42.711  6807-6891  CategoryMapper          com.cdccreditsmart.app               D  âš–ï¸ App protegido por lei (TJMG): com.android.internal.ranchu.commonoverlay - InstituiÃ§Ã£o financeira (TJMG)
2025-12-08 15:54:42.711  6807-6891  CategoryMapper          com.cdccreditsmart.app               D  ðŸ›¡ï¸ App protegido (nÃ£o bloqueia): com.android.internal.ranchu.commonoverlay
2025-12-08 15:54:42.728  6807-6891  CategoryMapper          com.cdccreditsmart.app               D  âœ… App bloqueÃ¡vel detectado: com.google.android.sdksandbox
2025-12-08 15:54:42.734  6807-6891  CategoryMapper          com.cdccreditsmart.app               D  âœ… App bloqueÃ¡vel detectado: com.android.egg
2025-12-08 15:54:42.736  6807-6891  CategoryMapper          com.cdccreditsmart.app               D  âœ… App bloqueÃ¡vel detectado: com.android.mtp
2025-12-08 15:54:42.742  6807-6891  CategoryMapper          com.cdccreditsmart.app               D  ðŸ›¡ï¸ App protegido (nÃ£o bloqueia): com.android.nfc
2025-12-08 15:54:42.743  6807-6891  CategoryMapper          com.cdccreditsmart.app               D  âœ… App bloqueÃ¡vel detectado: com.android.ons
2025-12-08 15:54:42.743  6807-6891  CategoryMapper          com.cdccreditsmart.app               D  âœ… App bloqueÃ¡vel detectado: com.android.stk
2025-12-08 15:54:42.750  6807-6891  CategoryMapper          com.cdccreditsmart.app               D  âœ… App bloqueÃ¡vel detectado: com.android.backupconfirm
2025-12-08 15:54:42.759  6807-6891  CategoryMapper          com.cdccreditsmart.app               D  ðŸ›¡ï¸ App crÃ­tico do sistema detectado: com.android.systemui.auto_generated_rro_vendor__
2025-12-08 15:54:42.759  6807-6891  CategoryMapper          com.cdccreditsmart.app               D  ðŸ›¡ï¸ App protegido (nÃ£o bloqueia): com.android.systemui.auto_generated_rro_vendor__
2025-12-08 15:54:42.761  6807-6891  CategoryMapper          com.cdccreditsmart.app               D  âœ… App bloqueÃ¡vel detectado: com.google.android.deskclock
2025-12-08 15:54:42.765  6807-6891  LegalWhitelist          com.cdccreditsmart.app               D  âš–ï¸ App financeiro protegido: com.android.internal.systemui.navbar.twobutton
2025-12-08 15:54:42.765  6807-6891  CategoryMapper          com.cdccreditsmart.app               D  âš–ï¸ App protegido por lei (TJMG): com.android.internal.systemui.navbar.twobutton - InstituiÃ§Ã£o financeira (TJMG)
2025-12-08 15:54:42.765  6807-6891  CategoryMapper          com.cdccreditsmart.app               D  ðŸ›¡ï¸ App protegido (nÃ£o bloqueia): com.android.internal.systemui.navbar.twobutton
