2026-01-27 17:29:35.902 23255-23255 CDCDeviceAdminReceiver  com.cdccreditsmart.app               I  User started: UserHandle{11}
2026-01-27 17:29:36.372 23255-23255 PermissionGateManager   com.cdccreditsmart.app               I  ğŸš€ Device Owner detectado - verificando permissÃµes especiais REAIS
2026-01-27 17:29:36.376 23255-23255 PermissionGateManager   com.cdccreditsmart.app               I     â†’ USAGE_STATS: âœ…
2026-01-27 17:29:36.377 23255-23255 PermissionGateManager   com.cdccreditsmart.app               I     â†’ OVERLAY: âœ…
2026-01-27 17:29:36.377 23255-23255 PermissionGateManager   com.cdccreditsmart.app               I     â†’ BATTERY: âŒ
2026-01-27 17:29:36.377 23255-23255 PermissionGateManager   com.cdccreditsmart.app               W     â†’ 1 permissÃ£o(Ãµes) pendente(s)
2026-01-27 17:29:37.383 23255-23255 PermissionGateManager   com.cdccreditsmart.app               I  ğŸš€ Device Owner detectado - verificando permissÃµes especiais REAIS
2026-01-27 17:29:37.389 23255-23255 PermissionGateManager   com.cdccreditsmart.app               I     â†’ USAGE_STATS: âœ…
2026-01-27 17:29:37.389 23255-23255 PermissionGateManager   com.cdccreditsmart.app               I     â†’ OVERLAY: âœ…
2026-01-27 17:29:37.391 23255-23255 PermissionGateManager   com.cdccreditsmart.app               I     â†’ BATTERY: âŒ
2026-01-27 17:29:37.392 23255-23255 PermissionGateManager   com.cdccreditsmart.app               W     â†’ 1 permissÃ£o(Ãµes) pendente(s)
2026-01-27 17:29:38.401 23255-23255 PermissionGateManager   com.cdccreditsmart.app               I  ğŸš€ Device Owner detectado - verificando permissÃµes especiais REAIS
2026-01-27 17:29:38.407 23255-23255 PermissionGateManager   com.cdccreditsmart.app               I     â†’ USAGE_STATS: âœ…
2026-01-27 17:29:38.407 23255-23255 PermissionGateManager   com.cdccreditsmart.app               I     â†’ OVERLAY: âœ…
2026-01-27 17:29:38.407 23255-23255 PermissionGateManager   com.cdccreditsmart.app               I     â†’ BATTERY: âŒ
2026-01-27 17:29:38.408 23255-23255 PermissionGateManager   com.cdccreditsmart.app               W     â†’ 1 permissÃ£o(Ãµes) pendente(s)
2026-01-27 17:29:39.423 23255-23255 PermissionGateManager   com.cdccreditsmart.app               I  ğŸš€ Device Owner detectado - verificando permissÃµes especiais REAIS
2026-01-27 17:29:39.443 23255-23255 PermissionGateManager   com.cdccreditsmart.app               I     â†’ USAGE_STATS: âœ…
2026-01-27 17:29:39.443 23255-23255 PermissionGateManager   com.cdccreditsmart.app               I     â†’ OVERLAY: âœ…
2026-01-27 17:29:39.443 23255-23255 PermissionGateManager   com.cdccreditsmart.app               I     â†’ BATTERY: âŒ
2026-01-27 17:29:39.443 23255-23255 PermissionGateManager   com.cdccreditsmart.app               W     â†’ 1 permissÃ£o(Ãµes) pendente(s)
2026-01-27 17:29:39.471 25624-25624 nativeloader            com.cdccreditsmart.app               D  Configuring clns-4 for other apk /data/app/~~VNFdq-2uv0TbToB33hMAww==/com.cdccreditsmart.app-0aM78mMkVvXTuSvjuezPqg==/base.apk. target_sdk_version=35, uses_libraries=, library_path=/data/app/~~VNFdq-2uv0TbToB33hMAww==/com.cdccreditsmart.app-0aM78mMkVvXTuSvjuezPqg==/lib/arm64:/data/app/~~VNFdq-2uv0TbToB33hMAww==/com.cdccreditsmart.app-0aM78mMkVvXTuSvjuezPqg==/base.apk!/lib/arm64-v8a, permitted_path=/data:/mnt/expand:/data/user/11/com.cdccreditsmart.app
2026-01-27 17:29:39.475 25624-25624 CheckTime               com.cdccreditsmart.app               W  App running slow: Executing application classloader create took 4381ms
2026-01-27 17:29:39.577 25624-25624 GraphicsEnvironment     com.cdccreditsmart.app               V  Currently set values for:
2026-01-27 17:29:39.577 25624-25624 GraphicsEnvironment     com.cdccreditsmart.app               V    angle_gl_driver_selection_pkgs=[]
2026-01-27 17:29:39.577 25624-25624 GraphicsEnvironment     com.cdccreditsmart.app               V    angle_gl_driver_selection_values=[]
2026-01-27 17:29:39.578 25624-25624 GraphicsEnvironment     com.cdccreditsmart.app               V  ANGLE GameManagerService for com.cdccreditsmart.app: false
2026-01-27 17:29:39.578 25624-25624 GraphicsEnvironment     com.cdccreditsmart.app               V  com.cdccreditsmart.app is not listed in per-application setting
2026-01-27 17:29:39.578 25624-25624 GraphicsEnvironment     com.cdccreditsmart.app               V  Neither updatable production driver nor prerelease driver is supported.
2026-01-27 17:29:39.828 23527-23527 NotificationHelper      com.cdccreditsmart.app               D  Notification channel created: cdc_default
2026-01-27 17:29:39.830 23527-23527 NotificationHelper      com.cdccreditsmart.app               D  Notification channel created: cdc_info
2026-01-27 17:29:39.837 23527-23527 NotificationHelper      com.cdccreditsmart.app               D  Notification channel created: cdc_alerts
2026-01-27 17:29:39.840 23527-23527 NotificationHelper      com.cdccreditsmart.app               D  Notification channel created: cdc_payments
2026-01-27 17:29:39.855 23527-23527 NotificationHelper      com.cdccreditsmart.app               D  Notification channel created: cdc_contract
2026-01-27 17:29:40.003 25624-25624 CheckTime               com.cdccreditsmart.app               W  App running slow: Executing handleBindApplication : makeApplication took 410ms
2026-01-27 17:29:40.126 23527-23527 CdcMessagingService     com.cdccreditsmart.app               D  CdcMessagingService created
2026-01-27 17:29:40.167 23527-26068 CdcMessagingService     com.cdccreditsmart.app               D  ========== NEW FCM TOKEN RECEIVED ==========
2026-01-27 17:29:40.199 23527-26068 CdcMessagingService     com.cdccreditsmart.app               D  Token: eZVi4WOkSV6ftMTG-04S...
2026-01-27 17:29:40.199 25624-25624 Compatibil...geReporter com.cdccreditsmart.app               D  Compat change id reported: 183155436; UID 1110253; state: ENABLED
2026-01-27 17:29:40.450 23255-23255 PermissionGateManager   com.cdccreditsmart.app               I  ğŸš€ Device Owner detectado - verificando permissÃµes especiais REAIS
2026-01-27 17:29:40.472 23255-23255 PermissionGateManager   com.cdccreditsmart.app               I     â†’ USAGE_STATS: âœ…
2026-01-27 17:29:40.472 23255-23255 PermissionGateManager   com.cdccreditsmart.app               I     â†’ OVERLAY: âœ…
2026-01-27 17:29:40.472 23255-23255 PermissionGateManager   com.cdccreditsmart.app               I     â†’ BATTERY: âŒ
2026-01-27 17:29:40.472 23255-23255 PermissionGateManager   com.cdccreditsmart.app               W     â†’ 1 permissÃ£o(Ãµes) pendente(s)
2026-01-27 17:29:40.503 25624-25624 FirebaseApp             com.cdccreditsmart.app               I  Device unlocked: initializing all Firebase APIs for app [DEFAULT]
2026-01-27 17:29:40.974 25624-25624 creditsmart.app         com.cdccreditsmart.app               W  Verification of com.google.android.gms.tasks.Task com.google.android.gms.tasks.Tasks.call(java.util.concurrent.Executor, java.util.concurrent.Callable) took 141.600ms (176.55 bytecodes/s) (1968B approximate peak alloc)
2026-01-27 17:29:41.004 23527-26068 FcmTokenManager         com.cdccreditsmart.app               D  FCM token saved locally: eZVi4WOkSV6ftMTG-04S...
2026-01-27 17:29:41.009 23527-23773 FcmTokenManager         com.cdccreditsmart.app               D  ========== REGISTERING FCM TOKEN WITH BACKEND ==========
2026-01-27 17:29:41.018 23527-23773 FcmTokenManager         com.cdccreditsmart.app               D  Current FCM token retrieved: eZVi4WOkSV6ftMTG-04S...
2026-01-27 17:29:41.026 25624-25624 FirebaseInitProvider    com.cdccreditsmart.app               I  FirebaseApp initialization successful
2026-01-27 17:29:41.027 25624-25624 CheckTime               com.cdccreditsmart.app               W  App running slow: Executing ContentProviderInfo{name=com.cdccreditsmart.app.firebaseinitprovider className=com.google.firebase.provider.FirebaseInitProvider} onCreate took 1012ms
2026-01-27 17:29:41.084 23527-23773 FcmTokenManager         com.cdccreditsmart.app               E  Cannot register: Auth token not available
2026-01-27 17:29:41.084 23527-23773 CdcMessagingService     com.cdccreditsmart.app               E  âŒ Failed to register FCM token with backend: User not authenticated
2026-01-27 17:29:41.183 25624-25624 WM-WrkMgrInitializer    com.cdccreditsmart.app               D  Initializing WorkManager with default configuration.
2026-01-27 17:29:41.185 25624-26187 creditsmart.app         com.cdccreditsmart.app               W  Verification of void com.google.firebase.heartbeatinfo.HeartBeatInfoStorage.storeHeartBeat(long, java.lang.String) took 114.256ms (1129.04 bytecodes/s) (4272B approximate peak alloc)
2026-01-27 17:29:41.476 23255-23255 PermissionGateManager   com.cdccreditsmart.app               I  ğŸš€ Device Owner detectado - verificando permissÃµes especiais REAIS
2026-01-27 17:29:41.505 23255-23255 PermissionGateManager   com.cdccreditsmart.app               I     â†’ USAGE_STATS: âœ…
2026-01-27 17:29:41.505 23255-23255 PermissionGateManager   com.cdccreditsmart.app               I     â†’ OVERLAY: âœ…
2026-01-27 17:29:41.505 23255-23255 PermissionGateManager   com.cdccreditsmart.app               I     â†’ BATTERY: âŒ
2026-01-27 17:29:41.505 23255-23255 PermissionGateManager   com.cdccreditsmart.app               W     â†’ 1 permissÃ£o(Ãµes) pendente(s)
2026-01-27 17:29:41.796 25624-25624 WM-PackageManagerHelper com.cdccreditsmart.app               D  androidx.work.impl.background.systemjob.SystemJobService enabled
2026-01-27 17:29:41.796 25624-25624 WM-Schedulers           com.cdccreditsmart.app               D  Created SystemJobScheduler and enabled SystemJobService
2026-01-27 17:29:41.834 25624-25624 CheckTime               com.cdccreditsmart.app               W  App running slow: Executing ContentProviderInfo{name=com.cdccreditsmart.app.androidx-startup className=androidx.startup.InitializationProvider} onCreate took 773ms
2026-01-27 17:29:41.846 25624-25624 CheckTime               com.cdccreditsmart.app               W  App running slow: Executing handleBindApplication : installContentProviders took 1842ms
2026-01-27 17:29:41.848 25624-25624 CrashHandler            com.cdccreditsmart.app               I  âœ… Global crash handler instalado
2026-01-27 17:29:41.848 25624-25624 CDCApplication          com.cdccreditsmart.app               I  ğŸš€ CDC Credit Smart Application iniciando...
2026-01-27 17:29:42.091 25624-25624 CDCApplication          com.cdccreditsmart.app               I  ğŸ” PRIORIDADE 0: Concedendo permissÃµes IMEDIATAMENTE...
2026-01-27 17:29:42.091 25624-25624 CDCApplication          com.cdccreditsmart.app               I  ========================================
2026-01-27 17:29:42.091 25624-25624 CDCApplication          com.cdccreditsmart.app               I  ğŸ” Verificando status de Device Owner...
2026-01-27 17:29:42.121 25624-25624 CDCApplication          com.cdccreditsmart.app               I  Device Owner Status: âŒ NÃƒO
2026-01-27 17:29:42.121 25624-25624 CDCApplication          com.cdccreditsmart.app               I  Package Name: com.cdccreditsmart.app
2026-01-27 17:29:42.121 25624-25624 CDCApplication          com.cdccreditsmart.app               E  
2026-01-27 17:29:42.121 25624-25624 CDCApplication          com.cdccreditsmart.app               E  â•”â•â•â•â•â•â•â•â•â•â•â•â•â•â•â•â•â•â•â•â•â•â•â•â•â•â•â•â•â•â•â•â•â•â•â•â•â•â•â•â•â•â•â•â•â•â•â•â•â•â•â•â•â•â•â•â•â•—
2026-01-27 17:29:42.122 25624-25624 CDCApplication          com.cdccreditsmart.app               E  â•‘  âš ï¸  APP NÃƒO ESTÃ PROVISIONADO COMO DEVICE OWNER  âš ï¸   â•‘
2026-01-27 17:29:42.122 25624-25624 CDCApplication          com.cdccreditsmart.app               E  â• â•â•â•â•â•â•â•â•â•â•â•â•â•â•â•â•â•â•â•â•â•â•â•â•â•â•â•â•â•â•â•â•â•â•â•â•â•â•â•â•â•â•â•â•â•â•â•â•â•â•â•â•â•â•â•â•â•£
2026-01-27 17:29:42.122 25624-25624 CDCApplication          com.cdccreditsmart.app               E  â•‘  O app precisa ser provisionado como Device Owner      â•‘
2026-01-27 17:29:42.122 25624-25624 CDCApplication          com.cdccreditsmart.app               E  â•‘  ANTES de poder conceder permissÃµes automaticamente.   â•‘
2026-01-27 17:29:42.122 25624-25624 CDCApplication          com.cdccreditsmart.app               E  â•‘                                                        â•‘
2026-01-27 17:29:42.122 25624-25624 CDCApplication          com.cdccreditsmart.app               E  â•‘  Provisione o dispositivo usando um dos mÃ©todos:       â•‘
2026-01-27 17:29:42.122 25624-25624 CDCApplication          com.cdccreditsmart.app               E  â•‘  1. ADB: adb shell dpm set-device-owner ...           â•‘
2026-01-27 17:29:42.122 25624-25624 CDCApplication          com.cdccreditsmart.app               E  â•‘  2. QR Code durante setup inicial                      â•‘
2026-01-27 17:29:42.122 25624-25624 CDCApplication          com.cdccreditsmart.app               E  â•‘  3. NFC durante setup inicial                          â•‘
2026-01-27 17:29:42.126 25624-25624 CDCApplication          com.cdccreditsmart.app               E  â•‘  4. Samsung Knox Mobile Enrollment                     â•‘
2026-01-27 17:29:42.126 25624-25624 CDCApplication          com.cdccreditsmart.app               E  â•šâ•â•â•â•â•â•â•â•â•â•â•â•â•â•â•â•â•â•â•â•â•â•â•â•â•â•â•â•â•â•â•â•â•â•â•â•â•â•â•â•â•â•â•â•â•â•â•â•â•â•â•â•â•â•â•â•â•
2026-01-27 17:29:42.126 25624-25624 CDCApplication          com.cdccreditsmart.app               E  
2026-01-27 17:29:42.126 25624-25624 CDCApplication          com.cdccreditsmart.app               I  ========================================
2026-01-27 17:29:42.126 25624-25624 CDCApplication          com.cdccreditsmart.app               I  ğŸ›¡ï¸ PRIORIDADE 0: Desabilitando Play Protect...
2026-01-27 17:29:42.140 25624-25624 CDCApplication          com.cdccreditsmart.app               D  App nao e Device Owner - Play Protect nao sera desabilitado
2026-01-27 17:29:42.141 25624-25624 CDCApplication          com.cdccreditsmart.app               I  ğŸš€ PRIORIDADE 1: Iniciando serviÃ§os crÃ­ticos IMEDIATAMENTE...
2026-01-27 17:29:42.147 25624-25624 CDCApplication          com.cdccreditsmart.app               D  â¸ï¸ App nÃ£o Ã© Device Owner - SettingsGuard serÃ¡ iniciado normalmente
2026-01-27 17:29:42.147 25624-25624 CDCApplication          com.cdccreditsmart.app               I  ğŸ”’ Iniciando sistema Keep Alive...
2026-01-27 17:29:42.152 25624-25624 KeepAliveManager        com.cdccreditsmart.app               I  ğŸ”’ ========================================
2026-01-27 17:29:42.152 25624-25624 KeepAliveManager        com.cdccreditsmart.app               I  ğŸ”’ INICIANDO SISTEMA KEEP ALIVE
2026-01-27 17:29:42.152 25624-25624 KeepAliveManager        com.cdccreditsmart.app               I  ğŸ”’ ========================================
2026-01-27 17:29:42.300 25624-25624 KeepAliveManager        com.cdccreditsmart.app               I  âœ… ServiceWatchdogWorker agendado (15min)
2026-01-27 17:29:42.305 25624-25624 Compatibil...geReporter com.cdccreditsmart.app               D  Compat change id reported: 160794467; UID 1110253; state: ENABLED
2026-01-27 17:29:42.322 25624-25624 KeepAliveManager        com.cdccreditsmart.app               I  âœ… AlarmManager wakeup agendado (10min)
2026-01-27 17:29:42.338 25624-25624 KeepAliveManager        com.cdccreditsmart.app               I  ğŸ”‹ App NÃƒO Ã© Device Owner - permissÃ£o serÃ¡ solicitada na tela de permissÃµes
2026-01-27 17:29:42.338 25624-25624 KeepAliveManager        com.cdccreditsmart.app               I  ğŸ”’ Sistema Keep Alive ativo
2026-01-27 17:29:42.338 25624-25624 KeepAliveManager        com.cdccreditsmart.app               I  ğŸ”’ - WorkManager: verificaÃ§Ã£o a cada 15min
2026-01-27 17:29:42.338 25624-25624 KeepAliveManager        com.cdccreditsmart.app               I  ğŸ”’ - AlarmManager: wakeup a cada 10min
2026-01-27 17:29:42.338 25624-25624 KeepAliveManager        com.cdccreditsmart.app               I  ğŸ”’ ========================================
2026-01-27 17:29:42.362 25624-25624 CDCApplication          com.cdccreditsmart.app               I  ğŸ“Š Keep Alive Stats:
2026-01-27 17:29:42.363 25624-25624 CDCApplication          com.cdccreditsmart.app               I     - Restarts anteriores: 0
2026-01-27 17:29:42.363 25624-25624 CDCApplication          com.cdccreditsmart.app               I     - OtimizaÃ§Ã£o bateria: SIM (ruim)
2026-01-27 17:29:42.424 23255-23361 OpenGLRenderer          com.cdccreditsmart.app               E  Unable to match the desired swap behavior.
2026-01-27 17:29:42.542 23255-26252 mali_gralloc            com.cdccreditsmart.app               D  register: id=335000001f6, handle=0xb4000078dc5cb370, importpid=-1, gRegisteredHandles=0
2026-01-27 17:29:42.555 23255-26252 mali_gralloc            com.cdccreditsmart.app               D  register: id=335000001f7, handle=0xb4000078dc5cdf50, importpid=-1, gRegisteredHandles=1
2026-01-27 17:29:42.569 23255-26252 mali_gralloc            com.cdccreditsmart.app               D  register: id=335000001f8, handle=0xb4000078dc5cd650, importpid=-1, gRegisteredHandles=2
2026-01-27 17:29:42.578 23255-26252 mali_gralloc            com.cdccreditsmart.app               D  register: id=335000001f9, handle=0xb4000078dc5cc690, importpid=-1, gRegisteredHandles=3
2026-01-27 17:29:42.588 25624-26253 Compatibil...geReporter com.cdccreditsmart.app               D  Compat change id reported: 194532703; UID 1110253; state: ENABLED
2026-01-27 17:29:42.588 25624-26253 Compatibil...geReporter com.cdccreditsmart.app               D  Compat change id reported: 253665015; UID 1110253; state: ENABLED
2026-01-27 17:29:43.258 23255-23255 Choreographer           com.cdccreditsmart.app               I  Skipped 88 frames!  The application may be doing too much work on its main thread.
2026-01-27 17:29:43.259 23255-23276 OpenGLRenderer          com.cdccreditsmart.app               I  Davey! duration=1120ms; Flags=1, FrameTimelineVsyncId=230133, IntendedVsync=666109827198, Vsync=666132041060, InputEventId=0, HandleInputStart=666132722100, AnimationStart=666132730869, PerformTraversalsStart=666132738369, DrawStart=666417383753, FrameDeadline=666121938309, FrameInterval=666132672254, FrameStartTime=11106931, SyncQueued=667192672099, SyncStart=667192968291, IssueDrawCommandsStart=667194865637, SwapBuffers=667224449176, FrameCompleted=667230466522, DequeueBufferDuration=26577, QueueBufferDuration=1013731, GpuCompleted=667230466522, SwapBuffersCompleted=667228567099, DisplayPresentTime=35192962078842, CommandSubmissionCompleted=667224449176, 
2026-01-27 17:29:43.271 23255-23255 PermissionGateManager   com.cdccreditsmart.app               I  ğŸš€ Device Owner detectado - verificando permissÃµes especiais REAIS
2026-01-27 17:29:43.298 23255-23255 PermissionGateManager   com.cdccreditsmart.app               I     â†’ USAGE_STATS: âœ…
2026-01-27 17:29:43.299 23255-23255 PermissionGateManager   com.cdccreditsmart.app               I     â†’ OVERLAY: âœ…
2026-01-27 17:29:43.299 23255-23255 PermissionGateManager   com.cdccreditsmart.app               I     â†’ BATTERY: âŒ
2026-01-27 17:29:43.299 23255-23255 PermissionGateManager   com.cdccreditsmart.app               W     â†’ 1 permissÃ£o(Ãµes) pendente(s)
2026-01-27 17:29:43.397 25624-25624 SecureTokenStorage      com.cdccreditsmart.app               D  EncryptedSharedPreferences initialized successfully
2026-01-27 17:29:43.480 25624-25624 ContractCodeStorage     com.cdccreditsmart.app               D  Retrieving contract code from storage
2026-01-27 17:29:43.514 23255-23276 OpenGLRenderer          com.cdccreditsmart.app               I  Davey! duration=1158ms; Flags=0, FrameTimelineVsyncId=230213, IntendedVsync=666254218736, Vsync=667231618984, InputEventId=0, HandleInputStart=667236898599, AnimationStart=667236915445, PerformTraversalsStart=667380709099, DrawStart=667381225560, FrameDeadline=667243738340, FrameInterval=667234827253, FrameStartTime=11106821, SyncQueued=667401481945, SyncStart=667401664253, IssueDrawCommandsStart=667401796983, SwapBuffers=667404064176, FrameCompleted=667412471099, DequeueBufferDuration=21654, QueueBufferDuration=981615, GpuCompleted=667412471099, SwapBuffersCompleted=667410505599, DisplayPresentTime=35192962078865, CommandSubmissionCompleted=667404064176, 
2026-01-27 17:29:43.801 25624-26192 FirebaseMessaging       com.cdccreditsmart.app               E  Failed to get FIS auth token (Ask Gemini)
                                                                                                    java.util.concurrent.ExecutionException: com.google.firebase.installations.FirebaseInstallationsException: Firebase Installations Service is unavailable. Please try again later.
                                                                                                    	at com.google.android.gms.tasks.Tasks.zza(com.google.android.gms:play-services-tasks@@18.1.0:5)
                                                                                                    	at com.google.android.gms.tasks.Tasks.await(com.google.android.gms:play-services-tasks@@18.1.0:9)
                                                                                                    	at com.google.firebase.messaging.GmsRpc.setDefaultAttributesToBundle(GmsRpc.java:283)
                                                                                                    	at com.google.firebase.messaging.GmsRpc.startRpc(GmsRpc.java:245)
                                                                                                    	at com.google.firebase.messaging.GmsRpc.getToken(GmsRpc.java:195)
                                                                                                    	at com.google.firebase.messaging.FirebaseMessaging.lambda$blockingGetToken$14$com-google-firebase-messaging-FirebaseMessaging(FirebaseMessaging.java:650)
                                                                                                    	at com.google.firebase.messaging.FirebaseMessaging$$ExternalSyntheticLambda14.start(D8$$SyntheticClass:0)
                                                                                                    	at com.google.firebase.messaging.RequestDeduplicator.getOrStartGetTokenRequest(RequestDeduplicator.java:67)
                                                                                                    	at com.google.firebase.messaging.FirebaseMessaging.blockingGetToken(FirebaseMessaging.java:646)
                                                                                                    	at com.google.firebase.messaging.SyncTask.maybeRefreshToken(SyncTask.java:123)
                                                                                                    	at com.google.firebase.messaging.SyncTask.run(SyncTask.java:93)
                                                                                                    	at java.util.concurrent.Executors$RunnableAdapter.call(Executors.java:487)
                                                                                                    	at java.util.concurrent.FutureTask.run(FutureTask.java:264)
                                                                                                    	at java.util.concurrent.ScheduledThreadPoolExecutor$ScheduledFutureTask.run(ScheduledThreadPoolExecutor.java:307)
                                                                                                    	at java.util.concurrent.ThreadPoolExecutor.runWorker(ThreadPoolExecutor.java:1145)
                                                                                                    	at java.util.concurrent.ThreadPoolExecutor$Worker.run(ThreadPoolExecutor.java:644)
                                                                                                    	at com.google.android.gms.common.util.concurrent.zza.run(com.google.android.gms:play-services-basement@@18.3.0:2)
                                                                                                    	at java.lang.Thread.run(Thread.java:1012)
                                                                                                    Caused by: com.google.firebase.installations.FirebaseInstallationsException: Firebase Installations Service is unavailable. Please try again later.
                                                                                                    	at com.google.firebase.installations.remote.FirebaseInstallationServiceClient.createFirebaseInstallation(FirebaseInstallationServiceClient.java:209)
                                                                                                    	at com.google.firebase.installations.FirebaseInstallations.registerFidWithServer(FirebaseInstallations.java:533)
                                                                                                    	at com.google.firebase.installations.FirebaseInstallations.doNetworkCallIfNecessary(FirebaseInstallations.java:387)
                                                                                                    	at com.google.firebase.installations.FirebaseInstallations.lambda$doRegistrationOrRefresh$3$com-google-firebase-installations-FirebaseInstallations(FirebaseInstallations.java:372)
                                                                                                    	at com.google.firebase.installations.FirebaseInstallations$$ExternalSyntheticLambda1.run(D8$$SyntheticClass:0)
                                                                                                    	at com.google.firebase.concurrent.SequentialExecutor$1.run(SequentialExecutor.java:117)
                                                                                                    	at com.google.firebase.concurrent.SequentialExecutor$QueueWorker.workOnQueue(SequentialExecutor.java:229)
                                                                                                    	at com.google.firebase.concurrent.SequentialExecutor$QueueWorker.run(SequentialExecutor.java:174)
                                                                                                    	at java.util.concurrent.ThreadPoolExecutor.runWorker(ThreadPoolExecutor.java:1145)
                                                                                                    	at java.util.concurrent.ThreadPoolExecutor$Worker.run(ThreadPoolExecutor.java:644)
                                                                                                    	at com.google.firebase.concurrent.CustomThreadFactory.lambda$newThread$0$com-google-firebase-concurrent-CustomThreadFactory(CustomThreadFactory.java:47)
                                                                                                    	at com.google.firebase.concurrent.CustomThreadFactory$$ExternalSyntheticLambda0.run(D8$$SyntheticClass:0)
                                                                                                    	at java.lang.Thread.run(Thread.java:1012)Â 
2026-01-27 17:29:44.301 23255-23255 PermissionGateManager   com.cdccreditsmart.app               I  ğŸš€ Device Owner detectado - verificando permissÃµes especiais REAIS
2026-01-27 17:29:44.320 23255-23255 PermissionGateManager   com.cdccreditsmart.app               I     â†’ USAGE_STATS: âœ…
2026-01-27 17:29:44.320 23255-23255 PermissionGateManager   com.cdccreditsmart.app               I     â†’ OVERLAY: âœ…
2026-01-27 17:29:44.320 23255-23255 PermissionGateManager   com.cdccreditsmart.app               I     â†’ BATTERY: âŒ
2026-01-27 17:29:44.320 23255-23255 PermissionGateManager   com.cdccreditsmart.app               W     â†’ 1 permissÃ£o(Ãµes) pendente(s)
2026-01-27 17:29:44.884 25624-25624 ContractCodeStorage     com.cdccreditsmart.app               D  Storage verification: 0 valid, 0 tampered, 7 missing
2026-01-27 17:29:44.884 25624-25624 ContractCodeStorage     com.cdccreditsmart.app               W  No valid contract code found in any location
2026-01-27 17:29:44.941 25624-25624 CDCApplication          com.cdccreditsmart.app               I  â¸ï¸ Sem tokens - aguardando pairing para iniciar serviÃ§o MDM
2026-01-27 17:29:44.962 25624-25624 CDCApplication          com.cdccreditsmart.app               I  âœ… ServiÃ§os crÃ­ticos iniciados em menos de 1 segundo!
2026-01-27 17:29:44.989 25624-25655 creditsmart.app         com.cdccreditsmart.app               W  Suspending all threads took: 22.029ms
2026-01-27 17:29:44.996 25624-25624 CheckTime               com.cdccreditsmart.app               W  App running slow: Executing handleBindApplication : callApplicationOnCreate took 3151ms
2026-01-27 17:29:45.007 25624-26343 CDCApplication          com.cdccreditsmart.app               I  ğŸ”„ PRIORIDADE 2: Iniciando operaÃ§Ãµes pesadas em BACKGROUND...
2026-01-27 17:29:45.026 25624-26348 CDCApplication          com.cdccreditsmart.app               I  ğŸ§¹ ========================================
2026-01-27 17:29:45.027 25624-26348 CDCApplication          com.cdccreditsmart.app               I  ğŸ§¹ LIMPANDO ESTADO DE BLOQUEIO OBSOLETO
2026-01-27 17:29:45.027 25624-26348 CDCApplication          com.cdccreditsmart.app               I  ğŸ§¹ ========================================
2026-01-27 17:29:45.027 25624-26348 CDCApplication          com.cdccreditsmart.app               I  ğŸ§¹ Dispositivo nÃ£o estÃ¡ pareado - bloqueio anterior serÃ¡ removido
2026-01-27 17:29:45.086 25624-26343 AppProtectionManager    com.cdccreditsmart.app               I  
2026-01-27 17:29:45.090 25624-26343 AppProtectionManager    com.cdccreditsmart.app               I  â•”â•â•â•â•â•â•â•â•â•â•â•â•â•â•â•â•â•â•â•â•â•â•â•â•â•â•â•â•â•â•â•â•â•â•â•â•â•â•â•â•â•â•â•â•â•â•â•â•â•â•â•â•â•â•â•â•â•â•â•â•â•â•â•â•â•—
2026-01-27 17:29:45.090 25624-26343 AppProtectionManager    com.cdccreditsmart.app               I  â•‘     ğŸ›¡ï¸ APLICANDO MELHOR PROTEÃ‡ÃƒO DISPONÃVEL                    â•‘
2026-01-27 17:29:45.092 25624-26343 AppProtectionManager    com.cdccreditsmart.app               I  â•‘           CDC CREDIT SMART - PROTEÃ‡ÃƒO EM CAMADAS              â•‘
2026-01-27 17:29:45.092 25624-26343 AppProtectionManager    com.cdccreditsmart.app               I  â•šâ•â•â•â•â•â•â•â•â•â•â•â•â•â•â•â•â•â•â•â•â•â•â•â•â•â•â•â•â•â•â•â•â•â•â•â•â•â•â•â•â•â•â•â•â•â•â•â•â•â•â•â•â•â•â•â•â•â•â•â•â•â•â•â•â•
2026-01-27 17:29:45.092 25624-26343 AppProtectionManager    com.cdccreditsmart.app               I  
2026-01-27 17:29:45.101 25624-26343 AppProtectionManager    com.cdccreditsmart.app               I  ğŸ“‹ STATUS ATUAL:
2026-01-27 17:29:45.104 25624-26343 AppProtectionManager    com.cdccreditsmart.app               I     Device Owner: NÃƒO
2026-01-27 17:29:45.104 25624-26343 AppProtectionManager    com.cdccreditsmart.app               I     Device Admin: SIM
2026-01-27 17:29:45.105 25624-26343 AppProtectionManager    com.cdccreditsmart.app               I  
2026-01-27 17:29:45.105 25624-26343 AppProtectionManager    com.cdccreditsmart.app               I  ğŸ” NÃVEL: DEVICE ADMIN (ProteÃ§Ã£o Parcial)
2026-01-27 17:29:45.105 25624-26343 AppProtectionManager    com.cdccreditsmart.app               I  ========================================
2026-01-27 17:29:45.105 25624-26343 AppProtectionManager    com.cdccreditsmart.app               I  ğŸ” APLICANDO PROTEÃ‡Ã•ES DE DEVICE ADMIN
2026-01-27 17:29:45.105 25624-26343 AppProtectionManager    com.cdccreditsmart.app               I  ========================================
2026-01-27 17:29:45.105 25624-26343 AppProtectionManager    com.cdccreditsmart.app               I  [1/3] Device Admin ativo - desinstalaÃ§Ã£o requer desativar admin primeiro
2026-01-27 17:29:45.105 25624-26343 AppProtectionManager    com.cdccreditsmart.app               I        â†’ UsuÃ¡rio precisa ir em Settings > Security > Device Admins
2026-01-27 17:29:45.105 25624-26343 AppProtectionManager    com.cdccreditsmart.app               I        â†’ Desativar 'CDC Credit Smart' antes de desinstalar
2026-01-27 17:29:45.105 25624-26343 AppProtectionManager    com.cdccreditsmart.app               I  
2026-01-27 17:29:45.105 25624-26343 AppProtectionManager    com.cdccreditsmart.app               I  [2/3] Aplicando persistÃªncia bÃ¡sica...
2026-01-27 17:29:45.106 25624-26343 AppProtectionManager    com.cdccreditsmart.app               I     Iniciando serviÃ§os de persistÃªncia...
2026-01-27 17:29:45.116 25624-25624 CDCDeviceAdminService   com.cdccreditsmart.app               I  âœ… Device Admin Service created - System is communicating with CDC DPC
2026-01-27 17:29:45.121 25624-25655 creditsmart.app         com.cdccreditsmart.app               I  Background concurrent mark compact GC freed 55691(7642KB) AllocSpace objects, 76(3036KB) LOS objects, 88% free, 3298KB/27MB, paused 22.777ms,1.936ms total 413.265ms
2026-01-27 17:29:45.131 25624-26348 CDCApplication          com.cdccreditsmart.app               I  ğŸ§¹ Estado anterior encontrado:
2026-01-27 17:29:45.131 25624-26348 CDCApplication          com.cdccreditsmart.app               I     NÃ­vel: 0
2026-01-27 17:29:45.131 25624-26348 CDCApplication          com.cdccreditsmart.app               I     Bloqueio manual: false
2026-01-27 17:29:45.131 25624-26348 CDCApplication          com.cdccreditsmart.app               I  ğŸ§¹ Nenhum bloqueio ativo - nada a limpar
2026-01-27 17:29:45.131 25624-26348 CDCApplication          com.cdccreditsmart.app               I  ğŸ§¹ ========================================
2026-01-27 17:29:45.216 25624-26343 AppProtectionManager    com.cdccreditsmart.app               I     âœ… Foreground Service iniciado
2026-01-27 17:29:45.219 25624-26343 AppProtectionManager    com.cdccreditsmart.app               I     âœ… ServiceWatchdog agendado (15 min)
2026-01-27 17:29:45.219 25624-26343 AppProtectionManager    com.cdccreditsmart.app               I  
2026-01-27 17:29:45.219 25624-26343 AppProtectionManager    com.cdccreditsmart.app               I  [3/3] ProteÃ§Ãµes de Device Admin limitadas:
2026-01-27 17:29:45.219 25624-26343 AppProtectionManager    com.cdccreditsmart.app               I        âŒ setUninstallBlocked: Requer Device Owner
2026-01-27 17:29:45.219 25624-26343 AppProtectionManager    com.cdccreditsmart.app               I        âŒ setUserControlDisabledPackages: Requer Device Owner
2026-01-27 17:29:45.219 25624-26343 AppProtectionManager    com.cdccreditsmart.app               I        âŒ addUserRestriction: Requer Device Owner
2026-01-27 17:29:45.219 25624-26343 AppProtectionManager    com.cdccreditsmart.app               I        âœ… DesinstalaÃ§Ã£o requer desativar admin primeiro
2026-01-27 17:29:45.219 25624-26343 AppProtectionManager    com.cdccreditsmart.app               I        âœ… Foreground Service mantÃ©m app ativo
2026-01-27 17:29:45.219 25624-26343 AppProtectionManager    com.cdccreditsmart.app               I        âœ… WorkManager mantÃ©m tarefas executando
2026-01-27 17:29:45.219 25624-26343 AppProtectionManager    com.cdccreditsmart.app               I  ========================================
2026-01-27 17:29:45.219 25624-26343 AppProtectionManager    com.cdccreditsmart.app               I  ğŸ“Š RESUMO: Device Admin ativo com proteÃ§Ãµes parciais
2026-01-27 17:29:45.219 25624-26343 AppProtectionManager    com.cdccreditsmart.app               I  ========================================
2026-01-27 17:29:45.219 25624-26343 AppProtectionManager    com.cdccreditsmart.app               I  
2026-01-27 17:29:45.220 25624-26343 CDCApplication          com.cdccreditsmart.app               I  
2026-01-27 17:29:45.220 25624-26343 CDCApplication          com.cdccreditsmart.app               I  â•”â•â•â•â•â•â•â•â•â•â•â•â•â•â•â•â•â•â•â•â•â•â•â•â•â•â•â•â•â•â•â•â•â•â•â•â•â•â•â•â•â•â•â•â•â•â•â•â•â•â•â•â•â•â•â•â•â•â•â•â•â•—
2026-01-27 17:29:45.220 25624-26343 CDCApplication          com.cdccreditsmart.app               I  â•‘     RESULTADO DA APLICAÃ‡ÃƒO DE PROTEÃ‡Ã•ES                    â•‘
2026-01-27 17:29:45.220 25624-26343 CDCApplication          com.cdccreditsmart.app               I  â•šâ•â•â•â•â•â•â•â•â•â•â•â•â•â•â•â•â•â•â•â•â•â•â•â•â•â•â•â•â•â•â•â•â•â•â•â•â•â•â•â•â•â•â•â•â•â•â•â•â•â•â•â•â•â•â•â•â•â•â•â•â•
2026-01-27 17:29:45.220 25624-26343 CDCApplication          com.cdccreditsmart.app               I     NÃ­vel: DEVICE_ADMIN
2026-01-27 17:29:45.220 25624-26343 CDCApplication          com.cdccreditsmart.app               I     ProteÃ§Ãµes aplicadas: 2
2026-01-27 17:29:45.220 25624-26343 CDCApplication          com.cdccreditsmart.app               I     Status: PROTEÃ‡ÃƒO PARCIAL (Device Admin)
2026-01-27 17:29:45.220 25624-26343 CDCApplication          com.cdccreditsmart.app               I     DesinstalaÃ§Ã£o requer desativar admin primeiro
2026-01-27 17:29:45.220 25624-26343 CDCApplication          com.cdccreditsmart.app               I  â•šâ•â•â•â•â•â•â•â•â•â•â•â•â•â•â•â•â•â•â•â•â•â•â•â•â•â•â•â•â•â•â•â•â•â•â•â•â•â•â•â•â•â•â•â•â•â•â•â•â•â•â•â•â•â•â•â•â•â•â•â•â•
2026-01-27 17:29:45.220 25624-26343 CDCApplication          com.cdccreditsmart.app               I  
2026-01-27 17:29:45.225 25624-26348 CDCApplication          com.cdccreditsmart.app               D  ğŸ‘¤ App nÃ£o Ã© Device Owner - pulando criaÃ§Ã£o de usuÃ¡rio secundÃ¡rio
2026-01-27 17:29:45.242 25624-26343 TamperDetection         com.cdccreditsmart.app               I  ========================================
2026-01-27 17:29:45.242 25624-26343 TamperDetection         com.cdccreditsmart.app               I  ğŸ” VERIFICANDO INTEGRIDADE DO DISPOSITIVO
2026-01-27 17:29:45.243 25624-26343 TamperDetection         com.cdccreditsmart.app               I  ========================================
2026-01-27 17:29:45.277 25624-26343 TamperDetection         com.cdccreditsmart.app               I  âœ… Primeira instalaÃ§Ã£o detectada
2026-01-27 17:29:45.277 25624-26343 TamperDetection         com.cdccreditsmart.app               I     Token e deviceId nÃ£o existem - app nunca foi pareado
2026-01-27 17:29:45.277 25624-26343 TamperDetection         com.cdccreditsmart.app               I  ========================================
2026-01-27 17:29:45.327 23255-23255 PermissionGateManager   com.cdccreditsmart.app               I  ğŸš€ Device Owner detectado - verificando permissÃµes especiais REAIS
2026-01-27 17:29:45.360 23255-23255 PermissionGateManager   com.cdccreditsmart.app               I     â†’ USAGE_STATS: âœ…
2026-01-27 17:29:45.360 23255-23255 PermissionGateManager   com.cdccreditsmart.app               I     â†’ OVERLAY: âœ…
2026-01-27 17:29:45.360 23255-23255 PermissionGateManager   com.cdccreditsmart.app               I     â†’ BATTERY: âœ…
2026-01-27 17:29:45.360 23255-23255 PermissionGateManager   com.cdccreditsmart.app               I     â†’ Todas as permissÃµes especiais estÃ£o concedidas!
2026-01-27 17:29:45.363 23255-23255 PermissionGateScreen    com.cdccreditsmart.app               I  âœ… TODAS AS PERMISSÃ•ES CONCEDIDAS! Prosseguindo para o app...
2026-01-27 17:29:45.363 23255-23255 SettingsGuardService    com.cdccreditsmart.app               I  â–¶ï¸ Guard RETOMADO apÃ³s fluxo de permissÃµes
2026-01-27 17:29:45.386 25624-26343 TamperDetection         com.cdccreditsmart.app               I  âœ… Device fingerprint criado: CDC_-319****
2026-01-27 17:29:45.456 25624-26343 TamperDetection         com.cdccreditsmart.app               I  
2026-01-27 17:29:45.456 25624-26343 TamperDetection         com.cdccreditsmart.app               I  â•”â•â•â•â•â•â•â•â•â•â•â•â•â•â•â•â•â•â•â•â•â•â•â•â•â•â•â•â•â•â•â•â•â•â•â•â•â•â•â•â•â•â•â•â•â•â•â•â•â•â•â•â•â•â•â•â•â•—
2026-01-27 17:29:45.456 25624-26343 TamperDetection         com.cdccreditsmart.app               I  â•‘    ğŸ“¡ BOOT REPORT ADIADO - AGUARDANDO PAREAMENTO      â•‘
2026-01-27 17:29:45.458 25624-26343 TamperDetection         com.cdccreditsmart.app               I  â• â•â•â•â•â•â•â•â•â•â•â•â•â•â•â•â•â•â•â•â•â•â•â•â•â•â•â•â•â•â•â•â•â•â•â•â•â•â•â•â•â•â•â•â•â•â•â•â•â•â•â•â•â•â•â•â•â•£
2026-01-27 17:29:45.482 25624-26343 TamperDetection         com.cdccreditsmart.app               I  â•‘  â³ Device ainda nÃ£o pareado com contrato              â•‘
2026-01-27 17:29:45.482 25624-26343 TamperDetection         com.cdccreditsmart.app               I  â•‘  â³ Boot serÃ¡ reportado apÃ³s autenticaÃ§Ã£o              â•‘
2026-01-27 17:29:45.482 25624-26343 TamperDetection         com.cdccreditsmart.app               I  â•‘  â„¹ï¸  Isso Ã© comportamento NORMAL antes do pareamento   â•‘
2026-01-27 17:29:45.483 25624-25624 CheckTime               com.cdccreditsmart.app               W  App running slow: Executing instantiate receiver took 265ms
2026-01-27 17:29:45.483 25624-26343 TamperDetection         com.cdccreditsmart.app               I  â•šâ•â•â•â•â•â•â•â•â•â•â•â•â•â•â•â•â•â•â•â•â•â•â•â•â•â•â•â•â•â•â•â•â•â•â•â•â•â•â•â•â•â•â•â•â•â•â•â•â•â•â•â•â•â•â•â•â•
2026-01-27 17:29:45.483 25624-26343 TamperDetection         com.cdccreditsmart.app               I  
2026-01-27 17:29:45.484 25624-26239 Compatibil...geReporter com.cdccreditsmart.app               D  Compat change id reported: 263076149; UID 1110253; state: ENABLED
2026-01-27 17:29:45.515 25624-26343 CDCApplication          com.cdccreditsmart.app               I  âœ… OperaÃ§Ãµes pesadas concluÃ­das em background!
2026-01-27 17:29:45.516 25624-26343 CDCApplication          com.cdccreditsmart.app               I  ğŸ”’ Verificando status do SIM no boot da aplicaÃ§Ã£o...
2026-01-27 17:29:45.584 25624-25624 CDC_PROVISIONING_DEBUG  com.cdccreditsmart.app               I  [2026-01-27 17:29:45.581] [PID:25624] [TID:2|main] ğŸ PROVISIONING STARTED: Timer started for hang detection
2026-01-27 17:29:45.631 25624-25624 CDC_PROVISIONING_DEBUG  com.cdccreditsmart.app               I  [2026-01-27 17:29:45.584] [PID:25624] [TID:2|main] ğŸ“ˆ CALLBACK PROGRESS: 1/3 completed
2026-01-27 17:29:45.634 25624-25624 CDC_PROVISIONING_DEBUG  com.cdccreditsmart.app               I  [2026-01-27 17:29:45.632] [PID:25624] [TID:2|main] ğŸ“ˆ Completed: onEnabled
2026-01-27 17:29:45.635 25624-25624 CDC_PROVISIONING_DEBUG  com.cdccreditsmart.app               I  [2026-01-27 17:29:45.634] [PID:25624] [TID:2|main] â³ Remaining: onProfileProvisioningComplete, onReadyForUserInitialization
2026-01-27 17:29:45.637 25624-25624 CDCDeviceAdminReceiver  com.cdccreditsmart.app               I  [2026-01-27 17:29:45.636] [PID:25624] [TID:2|main] ğŸ”‘ ==================== DEVICE ADMIN ENABLED ====================
2026-01-27 17:29:45.644 25624-26343 SimSwapManager          com.cdccreditsmart.app               I  ========================================
2026-01-27 17:29:45.644 25624-26343 SimSwapManager          com.cdccreditsmart.app               I  ğŸ”’ SIM SWAP: Iniciando verificaÃ§Ã£o de status do SIM
2026-01-27 17:29:45.644 25624-26343 SimSwapManager          com.cdccreditsmart.app               I  ========================================
2026-01-27 17:29:45.644 25624-25624 CDCDeviceAdminReceiver  com.cdccreditsmart.app               I  [2026-01-27 17:29:45.637] [PID:25624] [TID:2|main] âœ… Device Admin enabled successfully - CRITICAL CALLBACK FOR WORK PROFILE PREPARATION
2026-01-27 17:29:45.646 25624-25624 CDCDeviceAdminReceiver  com.cdccreditsmart.app               I  [2026-01-27 17:29:45.644] [PID:25624] [TID:2|main] â° Raw timestamp: 1769545785644
2026-01-27 17:29:45.648 25624-25624 CDCDeviceAdminReceiver  com.cdccreditsmart.app               I  [2026-01-27 17:29:45.646] [PID:25624] [TID:2|main] ğŸ” Starting comprehensive admin enablement verification...
2026-01-27 17:29:45.650 25624-25624 CDCDeviceAdminReceiver  com.cdccreditsmart.app               I  [2026-01-27 17:29:45.648] [PID:25624] [TID:2|main] ğŸ“‹ Admin component: ComponentInfo{com.cdccreditsmart.app/com.cdccreditsmart.device.CDCDeviceAdminReceiver}
2026-01-27 17:29:45.652 25624-25624 CDCDeviceAdminReceiver  com.cdccreditsmart.app               I  [2026-01-27 17:29:45.650] [PID:25624] [TID:2|main] ğŸ“± Package name: com.cdccreditsmart.app
2026-01-27 17:29:45.654 25624-25624 CDCDeviceAdminReceiver  com.cdccreditsmart.app               I  [2026-01-27 17:29:45.652] [PID:25624] [TID:2|main] ğŸ‘¤ Current user: UserHandle{11}
2026-01-27 17:29:45.655 25624-25624 CDCDeviceAdminReceiver  com.cdccreditsmart.app               I  [2026-01-27 17:29:45.654] [PID:25624] [TID:2|main] ğŸ¯ Current user handle: UserHandle{11}
2026-01-27 17:29:45.665 25624-25624 CDCDeviceAdminReceiver  com.cdccreditsmart.app               I  [2026-01-27 17:29:45.661] [PID:25624] [TID:2|main] ğŸ”’ Device administration status:
2026-01-27 17:29:45.669 25624-25624 CDCDeviceAdminReceiver  com.cdccreditsmart.app               I  [2026-01-27 17:29:45.665] [PID:25624] [TID:2|main]    ğŸ”‘ Admin active: true
2026-01-27 17:29:45.672 25624-25624 CDCDeviceAdminReceiver  com.cdccreditsmart.app               I  [2026-01-27 17:29:45.669] [PID:25624] [TID:2|main]    ğŸ­ Device owner: false
2026-01-27 17:29:45.675 25624-25624 CDCDeviceAdminReceiver  com.cdccreditsmart.app               I  [2026-01-27 17:29:45.672] [PID:25624] [TID:2|main]    ğŸ“‹ Profile owner: true
2026-01-27 17:29:45.678 25624-25624 CDCDeviceAdminReceiver  com.cdccreditsmart.app               I  [2026-01-27 17:29:45.677] [PID:25624] [TID:2|main] ğŸ¢ Work Profile status (CRITICAL FOR PREPARATION):
2026-01-27 17:29:45.680 25624-25624 CDCDeviceAdminReceiver  com.cdccreditsmart.app               I  [2026-01-27 17:29:45.678] [PID:25624] [TID:2|main]    ğŸ¢ Is managed profile: false
2026-01-27 17:29:45.682 25624-25624 CDCDeviceAdminReceiver  com.cdccreditsmart.app               I  [2026-01-27 17:29:45.680] [PID:25624] [TID:2|main]    ğŸ”§ Is system user: false
2026-01-27 17:29:45.684 25624-25624 CDCDeviceAdminReceiver  com.cdccreditsmart.app               I  [2026-01-27 17:29:45.682] [PID:25624] [TID:2|main]    ğŸ”“ Is user unlocked: true
2026-01-27 17:29:45.706 25624-25624 CDCDeviceAdminReceiver  com.cdccreditsmart.app               I  [2026-01-27 17:29:45.697] [PID:25624] [TID:2|main]    ğŸ“± Device provisioned: true
2026-01-27 17:29:45.710 25624-25624 CDCDeviceAdminReceiver  com.cdccreditsmart.app               I  [2026-01-27 17:29:45.708] [PID:25624] [TID:2|main]    ğŸ‘¤ User setup complete: true
2026-01-27 17:29:45.712 25624-25624 CDCDeviceAdminReceiver  com.cdccreditsmart.app               I  [2026-01-27 17:29:45.710] [PID:25624] [TID:2|main] ğŸ” DEVICE CAPABILITIES ANALYSIS (Critical for work profile):
2026-01-27 17:29:45.948 25624-26343 SimSwapDetector         com.cdccreditsmart.app               E  ğŸ”’ SIM SWAP: PermissÃ£o READ_PHONE_STATE NÃƒO CONCEDIDA!
2026-01-27 17:29:45.948 25624-26343 SimSwapManager          com.cdccreditsmart.app               E  ğŸ”’ SIM SWAP: Sem permissÃ£o READ_PHONE_STATE - verificaÃ§Ã£o cancelada
2026-01-27 17:29:45.949 25624-26343 SimSwapManager          com.cdccreditsmart.app               I  ========================================
2026-01-27 17:29:45.973 25624-25624 CDCDeviceAdminReceiver  com.cdccreditsmart.app               I  [2026-01-27 17:29:45.970] [PID:25624] [TID:2|main]    ğŸ“· Camera permission grant state: 0
2026-01-27 17:29:45.986 25624-26349 CDCApplication          com.cdccreditsmart.app               W  âš ï¸ VerificaÃ§Ã£o de SIM swap falhou ou encontrou problemas
2026-01-27 17:29:46.023 25624-25624 CDCDeviceAdminReceiver  com.cdccreditsmart.app               W  [2026-01-27 17:29:45.996] [PID:25624] [TID:2|main]    ğŸ”’ Could not check lock task packages
2026-01-27 17:29:46.059 25624-25624 CDCDeviceAdminReceiver  com.cdccreditsmart.app               W  Exception details: (Ask Gemini)
                                                                                                    java.lang.SecurityException: User 11 is not allowed to use lock task
                                                                                                    	at android.os.Parcel.createExceptionOrNull(Parcel.java:3079)
                                                                                                    	at android.os.Parcel.createException(Parcel.java:3063)
                                                                                                    	at android.os.Parcel.readException(Parcel.java:3046)
                                                                                                    	at android.os.Parcel.readException(Parcel.java:2988)
                                                                                                    	at android.app.admin.IDevicePolicyManager$Stub$Proxy.getLockTaskPackages(IDevicePolicyManager.java:9557)
                                                                                                    	at android.app.admin.DevicePolicyManager.getLockTaskPackages(DevicePolicyManager.java:12229)
                                                                                                    	at com.cdccreditsmart.device.CDCDeviceAdminReceiver.logDeviceCapabilities(CDCDeviceAdminReceiver.kt:927)
                                                                                                    	at com.cdccreditsmart.device.CDCDeviceAdminReceiver.onEnabled(CDCDeviceAdminReceiver.kt:395)
                                                                                                    	at android.app.admin.DeviceAdminReceiver.onReceive(DeviceAdminReceiver.java:1188)
                                                                                                    	at android.app.ActivityThread.handleReceiver(ActivityThread.java:4558)
                                                                                                    	at android.app.ActivityThread.-$$Nest$mhandleReceiver(Unknown Source:0)
                                                                                                    	at android.app.ActivityThread$H.handleMessage(ActivityThread.java:2348)
