2025-11-18 00:33:28.299   753-2445  RegistrationProxy       system_server                        I  getKeyAsync operation started with callback 209624170
2025-11-18 00:33:28.299  3461-3509  RkpdRegistrationBinder  com.google.android.rkpdapp           I  Key requested for : android.hardware.security.keymint.IRemotelyProvisionedComponent/default, clientUid: 1017, keyId: 10147, callback: 125136517
2025-11-18 00:33:28.301  3461-3509  RkpdRegistrationBinder  com.google.android.rkpdapp           I  Key successfully assigned to client
2025-11-18 00:33:28.301   753-753   RemoteProvisionSysSvc   system_server                        I  Successfully fetched key for client 144353877
2025-11-18 00:33:28.301  6304-6401  DynamiteModule          com.google.android.gms               W  Local module descriptor class for com.google.android.gms.vision.ocr not found.
2025-11-18 00:33:28.302  6304-6401  DynamiteModule          com.google.android.gms               I  Considering local module com.google.android.gms.vision.ocr:0 and remote module com.google.android.gms.vision.ocr:0
2025-11-18 00:33:28.302  6304-6401  Vision                  com.google.android.gms               W  Error loading optional module com.google.android.gms.vision.ocr: blod: No acceptable module com.google.android.gms.vision.ocr found. Local version is 0 and remote version is 0.
2025-11-18 00:33:28.302  6304-6822  GmsDebugLogger          com.google.android.gms               I  [89] vision.ocr
2025-11-18 00:33:28.305  6304-6401  TextNativeHandle        com.google.android.gms               W  Native handle not yet available. Reverting to no-op handle.
2025-11-18 00:33:28.306   267-267   SoftKeymaster           and...ware.security.keymint-service  D  system/keymaster/km_openssl/certificate_utils.cpp, Line 148: Using TAG_CERTIFICATE_NOT_BEFORE: 0
2025-11-18 00:33:28.306   267-267   SoftKeymaster           and...ware.security.keymint-service  D  system/keymaster/km_openssl/certificate_utils.cpp, Line 154: Using TAG_CERTIFICATE_NOT_AFTER: 2461449600000
2025-11-18 00:33:28.306   267-267   SoftKeymaster           and...ware.security.keymint-service  D  system/keymaster/km_openssl/certificate_utils.cpp, Line 159: Got certificate date params:  NotBefore = 0, NotAfter = 2461449600000
2025-11-18 00:33:28.306   267-267   SoftKeymaster           and...ware.security.keymint-service  D  system/keymaster/km_openssl/certificate_utils.cpp, Line 273: Setting notBefore to 0
2025-11-18 00:33:28.306   267-267   SoftKeymaster           and...ware.security.keymint-service  D  system/keymaster/km_openssl/certificate_utils.cpp, Line 282: Setting notAfter to 2461449600
2025-11-18 00:33:28.306  6304-6401  DynamiteModule          com.google.android.gms               W  Local module descriptor class for com.google.android.gms.vision.dynamite.ocr not found.
2025-11-18 00:33:28.306  6304-6401  ProviderHelper          com.google.android.gms               W  Unknown dynamite feature vision.dynamite.ocr
2025-11-18 00:33:28.306  6304-6822  GmsDebugLogger          com.google.android.gms               I  [89] vision.dynamite.ocr
2025-11-18 00:33:28.307  6304-6401  DynamiteModule          com.google.android.gms               I  Considering local module com.google.android.gms.vision.dynamite.ocr:0 and remote module com.google.android.gms.vision.dynamite.ocr:0
2025-11-18 00:33:28.312  6304-6401  ProviderHelper          com.google.android.gms               W  Ignoring optional dynamite feature vision.ocr
2025-11-18 00:33:28.317  6304-6401  DynamiteModule          com.google.android.gms               W  Local module descriptor class for com.google.android.gms.vision.ocr not found.
2025-11-18 00:33:28.317  6304-6401  DynamiteModule          com.google.android.gms               I  Considering local module com.google.android.gms.vision.ocr:0 and remote module com.google.android.gms.vision.ocr:0
2025-11-18 00:33:28.317  6304-6401  Vision                  com.google.android.gms               W  Error loading optional module com.google.android.gms.vision.ocr: blod: No acceptable module com.google.android.gms.vision.ocr found. Local version is 0 and remote version is 0.
2025-11-18 00:33:28.318  6304-6822  GmsDebugLogger          com.google.android.gms               I  [89] vision.ocr
2025-11-18 00:33:28.320  6304-6401  OcrModelUpStIntentOp    com.google.android.gms               I  Downloading text recognizer
2025-11-18 00:33:28.330  6304-6354  GmsDebugLogger          com.google.android.gms               I  [20] [MlkitBarcodeUi.optional:254435100800]
2025-11-18 00:33:28.350  6292-6444  PersonalSafety          com.google.android.gms.persistent    I  InfL empty for accounts on device [CONTEXT service_id=310 ]
2025-11-18 00:33:28.354  6304-6354  ChimeraConfigurator     com.google.android.gms               I  Update complete: success
2025-11-18 00:33:28.368  6304-6354  GmsModuleFndr           com.google.android.gms               I  Beginning GMS chimera module scan
2025-11-18 00:33:28.370  6304-6396  GmsSyncPolicyEngine     com.google.android.gms               I  (REDACTED) Periodic sync %d disabled by policy, cancelled.
2025-11-18 00:33:28.370  6304-6396  GmsSyncPolicyEngine     com.google.android.gms               I  (REDACTED) Periodic sync %d disabled by policy, cancelled.
2025-11-18 00:33:28.370  6304-6396  GmsSyncPolicyEngine     com.google.android.gms               I  (REDACTED) Periodic sync %d disabled by policy, cancelled.
2025-11-18 00:33:28.374   753-926   ActivityManager         system_server                        W  Unable to start service Intent { act=com.google.android.gms.lockbox.service.START xflg=0x4 pkg=com.google.android.gms } U=0: not found
2025-11-18 00:33:28.379   753-926   ActivityManager         system_server                        W  Unbind failed: could not find connection for android.os.BinderProxy@2aef41a
2025-11-18 00:33:28.383  6304-6331  GmsClient               com.google.android.gms               W  unable to connect to service: com.google.android.gms.lockbox.service.START on com.google.android.gms
2025-11-18 00:33:28.389  6304-6406  Pay                     com.google.android.gms               I  A Phenotype flag has been updated. [CONTEXT service_id=198 ]
2025-11-18 00:33:28.389  6304-6406  Pay                     com.google.android.gms               I  Requested check of feature migrations. [CONTEXT service_id=198 ]
2025-11-18 00:33:28.391  6304-6354  ModuleSetResolution     com.google.android.gms               I  Computing pending module set with APKs: [[Appsearch.optional:250834100800], [MapsCoreDynamite.integ:245125201100800], [MlkitBarcodeUi.optional:250834100800], [MlkitBarcodeUi.optional:254435100800], [PlayCloudSearch.optional:250834100000], [TfliteDynamiteDynamite.integ:243930801100800], [TfliteDynamiteDynamite.integ:243930802100800], [VisionBarcode.optional:250834100800], [Wasmlibs.optional:250834100800], [AdsFdrDynamite.integ:253405700100000], [Cronetdynamite:254435260800], [Dynamiteloader:254435260000], [Dynamitemodulesa:254435260000], [Dynamitemodulesc:254435260000], [Googlecertificates:254435260000], [Mapsdynamite:254435260000], [Measurementdynamite:254435260000]]
2025-11-18 00:33:28.392  6304-6354  ModuleSetResolution     com.google.android.gms               I  Pending container module APKs: [[TfliteDynamiteDynamite.integ:243930802100800]]
2025-11-18 00:33:28.392  6304-6354  ModuleSetResolution     com.google.android.gms               I  Pending non-container module APKs: []
2025-11-18 00:33:28.396  6292-6329  PhenotypeResourceReader com.google.android.gms.persistent    I  unable to find any Phenotype resource metadata for com.google.android.apps.nexuslauncher
2025-11-18 00:33:28.397  6304-6410  AlarmManager            com.google.android.gms               I  setExactAndAllowWhileIdle [name: RemindersNSREFRESH_TIME_REMINDERS_ALARM type: 0 triggerAtMillis: 1763510400000]
2025-11-18 00:33:28.397  6304-6406  Pay                     com.google.android.gms               I  Scheduling sync auth setting task. [CONTEXT service_id=198 ]
2025-11-18 00:33:28.402  6304-6354  Configuration           com.google.android.gms               V  Updating configuration, locales updated from [] to [en_US]
2025-11-18 00:33:28.402  6304-6354  gle.android.gms         com.google.android.gms               I  AssetManager2(0x75403d5895b8) locale list changing from [] to [en-US]
2025-11-18 00:33:28.402  6304-6396  SemanticLocation        com.google.android.gms               I  (REDACTED) [Scheduler] Housekeeping Task %s.%s is scheduled to run at cadence %s
2025-11-18 00:33:28.403  6304-6396  SemanticLocation        com.google.android.gms               I  (REDACTED) [Scheduler] Housekeeping Task %s.%s is scheduled to run at cadence %s
2025-11-18 00:33:28.404  6292-6390  PTCommittedOperation    com.google.android.gms.persistent    I  Receive new configuration for com.google.android.gms.ulr
2025-11-18 00:33:28.407  6292-6431  NetworkScheduler.Stats  com.google.android.gms.persistent    I  (REDACTED) Task %s/%s started execution. cause:%s exec_start_elapsed_seconds: %s
2025-11-18 00:33:28.407  6292-6431  NetworkScheduler.Stats  com.google.android.gms.persistent    I  (REDACTED) Task %s/%s finished executing. cause:%s result: %s elapsed_millis: %s uptime_millis: %s exec_start_elapsed_seconds: %s
2025-11-18 00:33:28.408  6304-6354  ChimeraCfgMgr           com.google.android.gms               I  Features changed, regenerating config
2025-11-18 00:33:28.414  6304-6407  ModuleInitIntentOp      com.google.android.gms               W  Dropping unexpected action com.google.android.gms.phenotype.COMMITTED
2025-11-18 00:33:28.415  6304-6402  ModuleInitIntentOp      com.google.android.gms               W  Dropping unexpected action com.google.android.gms.phenotype.COMMITTED
2025-11-18 00:33:28.415  6304-6726  AutofillFlagChangeInten com.google.android.gms               I  onHandleIntent() [CONTEXT service_id=177 ]
2025-11-18 00:33:28.416  6304-6726  SyncIntentOperation     com.google.android.gms               I  (REDACTED) Handling the intent: %s.
2025-11-18 00:33:28.416  6304-6402  GestureExchange         com.google.android.gms               I  Gesture Exchange module is disabled. [CONTEXT service_id=451 ]
2025-11-18 00:33:28.418  6304-6402  MdiSyncModule           com.google.android.gms               I  flag handling is skipping irrelevant intent.
2025-11-18 00:33:28.418  6304-6402  MlBenchmarkInstaller    com.google.android.gms               I  (REDACTED) Intent: %s
2025-11-18 00:33:28.418  6304-6402  MlBenchmarkInstaller    com.google.android.gms               I  (REDACTED) COMMITTED Extra package name: %s
2025-11-18 00:33:28.425  6304-6407  ModuleInitIntentOp      com.google.android.gms               W  Dropping unexpected action com.google.android.gms.phenotype.COMMITTED
2025-11-18 00:33:28.433  6304-6398  GmsSyncPolicyEngine     com.google.android.gms               I  (REDACTED) Periodic sync %d disabled by policy, cancelled.
2025-11-18 00:33:28.434  6304-6398  GmsSyncPolicyEngine     com.google.android.gms               I  (REDACTED) Periodic sync %d disabled by policy, cancelled.
2025-11-18 00:33:28.434  6304-6398  GmsSyncPolicyEngine     com.google.android.gms               I  (REDACTED) Periodic sync %d disabled by policy, cancelled.
2025-11-18 00:33:28.434  6304-6398  LocationHistory         com.google.android.gms               I  (REDACTED) [IntentOperation] Handling action %s
2025-11-18 00:33:28.434  6304-6403  ModuleInitIntentOp      com.google.android.gms               W  Dropping unexpected action com.google.android.gms.phenotype.COMMITTED
2025-11-18 00:33:28.438  1955-1955  MediaProvider           com...ndroid.providers.media.module  I  Invalidating LocalCallingIdentity cache for package com.google.android.gms. Reason: package android.intent.action.PACKAGE_CHANGED
2025-11-18 00:33:28.439  6292-6784  BluetoothAdapter        com.google.android.gms.persistent    D  isLeEnabled(): ON
2025-11-18 00:33:28.439  6292-6784  Settings                com.google.android.gms.persistent    W  Setting airplane_mode_on has moved from android.provider.Settings.System to android.provider.Settings.Global, returning read-only value.
2025-11-18 00:33:28.439  6292-6784  PersonalSafety          com.google.android.gms.persistent    I  start auto-detection [CONTEXT service_id=310 ]
2025-11-18 00:33:28.439  6292-6784  PersonalSafety          com.google.android.gms.persistent    I  (REDACTED) AutoD Start settings: %b %b %b %b
2025-11-18 00:33:28.439  6292-6784  PersonalSafety          com.google.android.gms.persistent    I  inferredL registered to listen to locs [CONTEXT service_id=310 ]
2025-11-18 00:33:28.448  6292-6784  PersonalSafety          com.google.android.gms.persistent    I  AlertH registered to listen to inferredL [CONTEXT service_id=310 ]
2025-11-18 00:33:28.450  6304-6314  PeopleGalProvider       com.google.android.gms               I  Gal directories started.
2025-11-18 00:33:28.453  6304-6402  ModuleInitIntentOp      com.google.android.gms               W  Dropping unexpected action com.google.android.gms.phenotype.COMMITTED
2025-11-18 00:33:28.453  6304-6403  ModuleInitIntentOp      com.google.android.gms               W  Dropping unexpected action com.google.android.gms.phenotype.COMMITTED
2025-11-18 00:33:28.453  6304-6406  AutofillFlagChangeInten com.google.android.gms               I  onHandleIntent() [CONTEXT service_id=177 ]
2025-11-18 00:33:28.453  6304-6403  ModuleInitIntentOp      com.google.android.gms               W  Dropping unexpected action com.google.android.gms.phenotype.COMMITTED
2025-11-18 00:33:28.454  6304-6403  SyncIntentOperation     com.google.android.gms               I  (REDACTED) Handling the intent: %s.
2025-11-18 00:33:28.455  6304-6406  GestureExchange         com.google.android.gms               I  Gesture Exchange module is disabled. [CONTEXT service_id=451 ]
2025-11-18 00:33:28.455  6304-6407  MdiSyncModule           com.google.android.gms               I  flag handling is skipping irrelevant intent.
2025-11-18 00:33:28.455  6304-6407  MlBenchmarkInstaller    com.google.android.gms               I  (REDACTED) Intent: %s
2025-11-18 00:33:28.455  6304-6407  MlBenchmarkInstaller    com.google.android.gms               I  (REDACTED) COMMITTED Extra package name: %s
2025-11-18 00:33:28.456  6304-6396  SemanticLocation        com.google.android.gms               I  (REDACTED) [Scheduler] Housekeeping Task %s.%s is scheduled to run at cadence %s
2025-11-18 00:33:28.456  6304-6396  SemanticLocation        com.google.android.gms               I  (REDACTED) [Scheduler] Housekeeping Task %s.%s is scheduled to run at cadence %s
2025-11-18 00:33:28.456  6304-6396  SemanticLocation        com.google.android.gms               I  (REDACTED) [Scheduler] Housekeeping Task %s.%s is scheduled to run at cadence %s
2025-11-18 00:33:28.456  6304-6396  SemanticLocation        com.google.android.gms               I  (REDACTED) [Scheduler] Housekeeping Task %s.%s is scheduled to run at cadence %s
2025-11-18 00:33:28.456  6304-6396  SemanticLocation        com.google.android.gms               I  (REDACTED) [Scheduler] Housekeeping Task %s.%s is scheduled to run at cadence %s
2025-11-18 00:33:28.456  6304-6396  SemanticLocation        com.google.android.gms               I  (REDACTED) [Scheduler] Periodic Task %s.%s is scheduled to run %s
2025-11-18 00:33:28.456  6304-6396  SemanticLocation        com.google.android.gms               I  (REDACTED) [Scheduler] Housekeeping Task %s.%s is scheduled to run at cadence %s
2025-11-18 00:33:28.456  6304-6396  SemanticLocation        com.google.android.gms               I  (REDACTED) [Scheduler] Housekeeping Task %s.%s is scheduled to run at cadence %s
2025-11-18 00:33:28.456  6304-6396  SemanticLocation        com.google.android.gms               I  (REDACTED) [Scheduler] Periodic Task %s.%s is scheduled to run %s
2025-11-18 00:33:28.456  6304-6396  SemanticLocation        com.google.android.gms               I  (REDACTED) [Scheduler] Housekeeping Task %s.%s is scheduled to run at cadence %s
2025-11-18 00:33:28.456  6304-6396  SemanticLocation        com.google.android.gms               I  (REDACTED) [Scheduler] Periodic Task %s.%s is scheduled to run %s
2025-11-18 00:33:28.456  6304-6396  SemanticLocation        com.google.android.gms               I  (REDACTED) [Scheduler] Housekeeping Task %s.%s is scheduled to run at cadence %s
2025-11-18 00:33:28.457  6304-6396  SemanticLocation        com.google.android.gms               I  (REDACTED) [Scheduler] Periodic Task %s.%s is scheduled to run %s
2025-11-18 00:33:28.457  6304-6396  SemanticLocation        com.google.android.gms               I  (REDACTED) [Scheduler] Housekeeping Task %s.%s is scheduled to run at cadence %s
2025-11-18 00:33:28.457  6304-6396  SemanticLocation        com.google.android.gms               I  (REDACTED) [Scheduler] Housekeeping Task %s.%s is scheduled to run at cadence %s
2025-11-18 00:33:28.457  6304-6396  SemanticLocation        com.google.android.gms               I  (REDACTED) [Scheduler] Periodic Task %s.%s is scheduled to run %s
2025-11-18 00:33:28.457  6304-6396  SemanticLocation        com.google.android.gms               I  (REDACTED) [Scheduler] Periodic Task %s.%s is scheduled to run %s
2025-11-18 00:33:28.457  6304-6396  SemanticLocation        com.google.android.gms               I  (REDACTED) [Scheduler] Housekeeping Task %s.%s is scheduled to run at cadence %s
2025-11-18 00:33:28.457  6304-6396  SemanticLocation        com.google.android.gms               I  (REDACTED) [Scheduler] Housekeeping Task %s.%s is scheduled to run at cadence %s
2025-11-18 00:33:28.457  6304-6396  SemanticLocation        com.google.android.gms               I  (REDACTED) [Scheduler] Housekeeping Task %s.%s is scheduled to run at cadence %s
2025-11-18 00:33:28.457  6304-6396  SemanticLocation        com.google.android.gms               I  (REDACTED) [Scheduler] Periodic Task %s.%s is scheduled to run %s
2025-11-18 00:33:28.457  6304-6396  SemanticLocation        com.google.android.gms               I  (REDACTED) [Scheduler] Housekeeping Task %s.%s is scheduled to run at cadence %s
2025-11-18 00:33:28.457  6304-6396  SemanticLocation        com.google.android.gms               I  (REDACTED) [Scheduler] Housekeeping Task %s.%s is scheduled to run at cadence %s
2025-11-18 00:33:28.457  6304-6396  SemanticLocation        com.google.android.gms               I  (REDACTED) [Scheduler] Housekeeping Task %s.%s is scheduled to run at cadence %s
2025-11-18 00:33:28.457  6304-6396  SemanticLocation        com.google.android.gms               I  (REDACTED) [Scheduler] Housekeeping Task %s.%s is scheduled to run at cadence %s
2025-11-18 00:33:28.457  6304-6396  SemanticLocation        com.google.android.gms               I  (REDACTED) [Scheduler] Housekeeping Task %s.%s is scheduled to run at cadence %s
2025-11-18 00:33:28.457  6304-6396  SemanticLocation        com.google.android.gms               I  (REDACTED) [Scheduler] Housekeeping Task %s.%s is scheduled to run at cadence %s
2025-11-18 00:33:28.457  6304-6396  SemanticLocation        com.google.android.gms               I  (REDACTED) [Scheduler] Periodic Task %s.%s is scheduled to run %s
2025-11-18 00:33:28.457  6304-6396  SemanticLocation        com.google.android.gms               I  (REDACTED) [Scheduler] Housekeeping Task %s.%s is scheduled to run at cadence %s
2025-11-18 00:33:28.457  6304-6396  SemanticLocation        com.google.android.gms               I  (REDACTED) [Scheduler] Housekeeping Task %s.%s is scheduled to run at cadence %s
2025-11-18 00:33:28.457  6304-6396  SemanticLocation        com.google.android.gms               I  (REDACTED) [Scheduler] Housekeeping Task %s.%s is scheduled to run at cadence %s
2025-11-18 00:33:28.457  6304-6396  SemanticLocation        com.google.android.gms               I  (REDACTED) [Scheduler] Housekeeping Task %s.%s is scheduled to run at cadence %s
2025-11-18 00:33:28.457  6304-6396  SemanticLocation        com.google.android.gms               I  (REDACTED) [Scheduler] Housekeeping Task %s.%s is scheduled to run at cadence %s
2025-11-18 00:33:28.462  6304-6406  ModuleInitIntentOp      com.google.android.gms               W  Dropping unexpected action com.google.android.gms.phenotype.COMMITTED
2025-11-18 00:33:28.462  6304-6406  GmsSyncPolicyEngine     com.google.android.gms               I  (REDACTED) Periodic sync %d disabled by policy, cancelled.
2025-11-18 00:33:28.462  6304-6406  GmsSyncPolicyEngine     com.google.android.gms               I  (REDACTED) Periodic sync %d disabled by policy, cancelled.
2025-11-18 00:33:28.462  6304-6406  GmsSyncPolicyEngine     com.google.android.gms               I  (REDACTED) Periodic sync %d disabled by policy, cancelled.
2025-11-18 00:33:28.462  6304-6406  LocationHistory         com.google.android.gms               I  (REDACTED) [IntentOperation] Handling action %s
2025-11-18 00:33:28.465  6304-6314  PeopleGalProvider       com.google.android.gms               I  Method 1 completed.
2025-11-18 00:33:28.465  6304-6314  PeopleGalProvider       com.google.android.gms               I  Method 1 finished successfully.
2025-11-18 00:33:28.479  6304-6396  LocationHistory         com.google.android.gms               I  [ModuleInit] Triggering settings sync one off task [CONTEXT service_id=314 ]
2025-11-18 00:33:28.487  6292-6431  NetworkScheduler.Stats  com.google.android.gms.persistent    I  (REDACTED) Task %s/%s started execution. cause:%s exec_start_elapsed_seconds: %s
2025-11-18 00:33:28.488  6292-6811  .gms.persistent         com.google.android.gms.persistent    E  hiddenapi: Accessing hidden method Landroid/net/ConnectivityManager;->isNetworkSupported(I)Z (runtime_flags=0, domain=platform, api=max-target-p) from Lbdrq; (domain=app) using reflection: denied
2025-11-18 00:33:28.489  6292-6391  PTCommittedOperation    com.google.android.gms.persistent    I  Receive new configuration for com.google.android.gms.appinvite
2025-11-18 00:33:28.490  6292-6330  GoogleSignatureVerifier com.google.android.gms.persistent    I  package info is not set correctly
2025-11-18 00:33:28.492  6292-6434  NetworkScheduler        com.google.android.gms.persistent    I  ignoring stale queue check message
2025-11-18 00:33:28.492  6304-6396  ChimeraUtils            com.google.android.gms               W  Module com.google.android.gms.smartdevice missing resource null(0)
2025-11-18 00:33:28.494  6304-6396  SmartDevice             com.google.android.gms               I  [CleanBufferedLogsService] Periodic task upload_buffered_logs_periodic scheduled!
2025-11-18 00:33:28.496  6304-6401  AppLinksModuleInit      com.google.android.gms               I  onInitRuntimeState [CONTEXT service_id=244 ]
2025-11-18 00:33:28.501  6304-6401  AppLinksModuleInit      com.google.android.gms               I  verifying requested domain links post-boot [CONTEXT service_id=244 ]
2025-11-18 00:33:28.501  6292-6380  ActivityScheduler       com.google.android.gms.persistent    I  nextTriggerTime: 510061, in 235300ms, detectorType: 39, FULL_TYPE alarmWindowMillis: 30000
2025-11-18 00:33:28.501  6725-6800  DynamiteModule          com.google.android.apps.wellbeing    W  Local module descriptor class for com.google.android.gms.googlecertificates not found.
2025-11-18 00:33:28.513  6292-6812  NetworkScheduler.Stats  com.google.android.gms.persistent    I  (REDACTED) Task %s/%s finished executing. cause:%s result: %s elapsed_millis: %s uptime_millis: %s exec_start_elapsed_seconds: %s
2025-11-18 00:33:28.515  6725-6800  .apps.wellbeing         com.google.android.apps.wellbeing    W  ClassLoaderContext classpath size mismatch. expected=1, found=0 (DLC[];PCL[base.apk*1593685324]{PCL[/system/framework/org.apache.http.legacy.jar*4247870504]#PCL[/system/framework/com.android.media.remotedisplay.jar*487574312]#PCL[/system/framework/com.android.location.provider.jar*1570284764]#PCL[/system_ext/framework/androidx.window.extensions.jar*1030441313]#PCL[/system_ext/framework/androidx.window.sidecar.jar*3860983653]} | DLC[];PCL[])
2025-11-18 00:33:28.525  6725-6800  DynamiteModule          com.google.android.apps.wellbeing    I  Considering local module com.google.android.gms.googlecertificates:0 and remote module com.google.android.gms.googlecertificates:7
2025-11-18 00:33:28.525  6725-6800  DynamiteModule          com.google.android.apps.wellbeing    I  Selected remote version of com.google.android.gms.googlecertificates, version >= 7
2025-11-18 00:33:28.531  6304-6401  AppLinksRequestHandler  com.google.android.gms               I  (REDACTED) Processing %d input requests
2025-11-18 00:33:28.535  6304-6354  ChimeraCfgMgr           com.google.android.gms               I  Updating module config: container:2544359260800+tflite_dynamite -> container:2544359260800+tflite_dynamite
2025-11-18 00:33:28.535  6304-6354  DowngradeHelper         com.google.android.gms               E  isModuleDowngradeRequired false
2025-11-18 00:33:28.535  6725-6800  System                  com.google.android.apps.wellbeing    W  ClassLoader referenced unknown path: 
2025-11-18 00:33:28.536  6725-6800  nativeloader            com.google.android.apps.wellbeing    D  Configuring clns-10 for other apk . target_sdk_version=36, uses_libraries=, library_path=/data/app/~~8ZF3T17UAAp-xzFyzK73Ug==/com.google.android.gms-DFcPQupW00MZav0JLQiWeg==/lib/x86_64:/data/app/~~8ZF3T17UAAp-xzFyzK73Ug==/com.google.android.gms-DFcPQupW00MZav0JLQiWeg==/base.apk!/lib/x86_64, permitted_path=/data:/mnt/expand:/data/user/0/com.google.android.gms
2025-11-18 00:33:28.543  6725-6800  .apps.wellbeing         com.google.android.apps.wellbeing    I  AssetManager2(0x75403d578c18) locale list changing from [] to [en-US]
2025-11-18 00:33:28.547  6725-6800  .apps.wellbeing         com.google.android.apps.wellbeing    W  ClassLoaderContext classpath element mismatch. expected=base.apk, found=/product/priv-app/WellbeingPrebuilt/WellbeingPrebuilt.apk (DLC[];PCL[base.apk*1593685324]{PCL[/system/framework/org.apache.http.legacy.jar*4247870504]#PCL[/system/framework/com.android.media.remotedisplay.jar*487574312]#PCL[/system/framework/com.android.location.provider.jar*1570284764]#PCL[/system_ext/framework/androidx.window.extensions.jar*1030441313]#PCL[/system_ext/framework/androidx.window.sidecar.jar*3860983653]} | DLC[];PCL[/product/priv-app/WellbeingPrebuilt/WellbeingPrebuilt.apk*3359902388]{PCL[/system/framework/org.apache.http.legacy.jar*4247870504]#PCL[/system_ext/framework/androidx.window.extensions.jar*1030441313]#PCL[/system_ext/framework/androidx.window.sidecar.jar*3860983653]})
2025-11-18 00:33:28.561  6725-6800  .apps.wellbeing         com.google.android.apps.wellbeing    I  AssetManager2(0x75403d57c138) locale list changing from [] to [en-US]
2025-11-18 00:33:28.561  6725-6800  .apps.wellbeing         com.google.android.apps.wellbeing    I  AssetManager2(0x75403d5708d8) locale list changing from [] to [en-US]
2025-11-18 00:33:28.563   753-1572  FileUtils               system_server                        D  Rounded bytes from 3121078272 to 4000000000
2025-11-18 00:33:28.569  6544-6555  EGL_emulation           com.google.android.gms.unstable      I  Opening libGLESv1_CM_emulation.so
2025-11-18 00:33:28.570  6544-6555  EGL_emulation           com.google.android.gms.unstable      I  Opening libGLESv2_emulation.so
2025-11-18 00:33:28.591  6292-6329  PhenotypeResourceReader com.google.android.gms.persistent    I  unable to find any Phenotype resource metadata for com.google.android.feedback
2025-11-18 00:33:28.594  6292-6329  .gms.persistent         com.google.android.gms.persistent    I  AssetManager2(0x75403d57baf8) locale list changing from [] to [en-US]
2025-11-18 00:33:28.601  6725-6749  CompatChangeReporter    com.google.android.apps.wellbeing    D  Compat change id reported: 312399441; UID 10148; state: ENABLED
2025-11-18 00:33:28.603  6304-6401  AppLinksUtilsV1         com.google.android.gms               I  Legacy cross-profile verification enabled [CONTEXT service_id=244 ]
2025-11-18 00:33:28.605  6292-6415  GCoreUlr                com.google.android.gms.persistent    I  Unbound from all signal providers.
2025-11-18 00:33:28.612  6292-6415  GCoreUlr                com.google.android.gms.persistent    I  DispatchingService ignoring Intent { act=android.net.wifi.WIFI_STATE_CHANGED flg=0x4000010 xflg=0x4 (has extras) } because ULR inactive
2025-11-18 00:33:28.613  6292-6329  .gms.persistent         com.google.android.gms.persistent    I  AssetManager2(0x75403d58ab98) locale list changing from [] to [en-US]
2025-11-18 00:33:28.637  6292-6329  .gms.persistent         com.google.android.gms.persistent    I  AssetManager2(0x75403d58bb38) locale list changing from [] to [en-US]
2025-11-18 00:33:28.636  6304-6354  NewModuleHelper         com.google.android.gms               I  Sending com.google.android.chimera.IntentOperation.NEW_MODULE Container service: com.google.android.gms.chimera.GmsIntentOperationService Intents: 2,false,true
2025-11-18 00:33:28.639  6304-6354  NewModuleHelper         com.google.android.gms               I  Sending com.google.android.chimera.IntentOperation.NEW_MODULE Container service: com.google.android.gms.chimera.PersistentIntentOperationService Intents: 1,false,true
2025-11-18 00:33:28.641  6304-6354  GmsDebugLogger          com.google.android.gms               I  [46] container:2544359260800+tflite_dynamite
2025-11-18 00:33:28.643  6304-6354  ChimeraConfigurator     com.google.android.gms               I  Checking 1 listeners. All downloaded: false
2025-11-18 00:33:28.645  6304-6348  DynamicModuleDownloader com.google.android.gms               I  Using base module file stored externally.
2025-11-18 00:33:28.652  6292-6364  SemanticLocation        com.google.android.gms.persistent    I  (REDACTED) [MDD] ModelBundleMetadata: File not found: %s
2025-11-18 00:33:28.665  6292-6292  BoundBrokerSvc          com.google.android.gms.persistent    D  onUnbind: Intent { act=com.google.android.gms.nearby.presence.service.START xflg=0x4 pkg=com.google.android.gms }
2025-11-18 00:33:28.669  6292-6833  NearbyMediums           com.google.android.gms.persistent    I  ModuleInitializer handles incoming intent com.google.android.chimera.IntentOperation.NEW_MODULE
2025-11-18 00:33:28.670  6292-6832  NearbyConnections       com.google.android.gms.persistent    I  Runtime state initialization complete. Nearby connections setting is disabled
2025-11-18 00:33:28.673  6292-6355  Nearby                  com.google.android.gms.persistent    I  (REDACTED) Beginning attempt #%d out of %d for %s...
2025-11-18 00:33:28.675  6292-6292  GCoreUlr                com.google.android.gms.persistent    I  Unbound from all signal providers.
2025-11-18 00:33:28.675  6292-6292  GCoreUlr                com.google.android.gms.persistent    I  Stopping handler for UlrDispSvcFast
2025-11-18 00:33:28.676   753-776   FileUtils               system_server                        D  Rounded bytes from 3121078272 to 4000000000
2025-11-18 00:33:28.679  6292-6431  NetworkScheduler.Stats  com.google.android.gms.persistent    I  (REDACTED) Task %s/%s started execution. cause:%s exec_start_elapsed_seconds: %s
2025-11-18 00:33:28.681  6292-6355  NearbyMediums           com.google.android.gms.persistent    I  BluetoothAdapter's name was not set by Nearby Connections, ignoring call to restore default scan mode.
2025-11-18 00:33:28.685  6292-6355  NearbyMediums           com.google.android.gms.persistent    I  BluetoothAdapter's name was not set by Nearby Connections, ignoring call to restore device name
2025-11-18 00:33:28.688  6292-6833  NewModuleComplete       com.google.android.gms.persistent    I  Received com.google.android.chimera.IntentOperation.NEW_MODULE(com.google.android.gms.chimera.PersistentIntentOperationService,1,false)
2025-11-18 00:33:28.689  6304-6404  ActiveUnlock_FeatureEna com.google.android.gms               I  (REDACTED) enableSetupEnhancements: %b isAllowlisted: %b hash: %s
2025-11-18 00:33:28.690  6304-6373  Conscrypt               com.google.android.gms               W  Could not set socket write timeout: java.net.SocketException: Socket closed
2025-11-18 00:33:28.690  6304-6373  Conscrypt               com.google.android.gms               W  	at com.google.android.gms.org.conscrypt.Platform.setSocketWriteTimeout(:com.google.android.gms@254435038@25.44.35 (260800-831510661):204)
2025-11-18 00:33:28.690  6304-6373  Conscrypt               com.google.android.gms               W  	at com.google.android.gms.org.conscrypt.ConscryptFileDescriptorSocket.setSoWriteTimeout(:com.google.android.gms@254435038@25.44.35 (260800-831510661):4)
2025-11-18 00:33:28.690  6304-6404  ChimeraUtils            com.google.android.gms               W  Module com.google.android.gms.activeunlock_primary missing resource null(0)
2025-11-18 00:33:28.691  6304-6404  ActiveUnlock_FeatureEna com.google.android.gms               I  (REDACTED) enableSetupEnhancements: %b isAllowlisted: %b hash: %s
2025-11-18 00:33:28.693  6304-6396  NewModuleHelper         com.google.android.gms               I  Received com.google.android.chimera.container.NEW_MODULE_FINALIZE(1/0): com.google.android.gms.chimera.PersistentIntentOperationService,1,false
2025-11-18 00:33:28.703  6292-6415  TapAndPay               com.google.android.gms.persistent    I  Sending QUICK_ACCESS_WALLET_STATE_CHANGED broadcast to wallet app. [CONTEXT service_id=79 ]
2025-11-18 00:33:28.706  6292-6364  nativeloader            com.google.android.gms.persistent    D  Load /data/app/~~8ZF3T17UAAp-xzFyzK73Ug==/com.google.android.gms-DFcPQupW00MZav0JLQiWeg==/base.apk!/lib/x86_64/libgeller_jni_lite_lib.so using class loader ns clns-9 (caller=/data/app/~~8ZF3T17UAAp-xzFyzK73Ug==/com.google.android.gms-DFcPQupW00MZav0JLQiWeg==/base.apk!classes2.dex): ok
2025-11-18 00:33:28.710  6292-6355  .gms.persistent         com.google.android.gms.persistent    I  AssetManager2(0x75403d579578) locale list changing from [] to [en-US]
2025-11-18 00:33:28.715  6292-6415  NetworkScheduler.Stats  com.google.android.gms.persistent    I  (REDACTED) Task %s/%s finished executing. cause:%s result: %s elapsed_millis: %s uptime_millis: %s exec_start_elapsed_seconds: %s
2025-11-18 00:33:28.735  6292-6812  ChimeraUtils            com.google.android.gms.persistent    W  Module com.google.android.gms.tapandpay missing resource null(0)
2025-11-18 00:33:28.735  6292-6812  ChimeraUtils            com.google.android.gms.persistent    W  Module com.google.android.gms.tapandpay missing resource null(0)
2025-11-18 00:33:28.736  6292-6431  NetworkScheduler.Stats  com.google.android.gms.persistent    I  (REDACTED) Task %s/%s started execution. cause:%s exec_start_elapsed_seconds: %s
2025-11-18 00:33:28.747  6292-6415  NetworkScheduler.Stats  com.google.android.gms.persistent    I  (REDACTED) Task %s/%s finished executing. cause:%s result: %s elapsed_millis: %s uptime_millis: %s exec_start_elapsed_seconds: %s
2025-11-18 00:33:28.748  6292-6329  PhenotypeResourceReader com.google.android.gms.persistent    I  unable to find any Phenotype resource metadata for com.google.android.gms.supervision
2025-11-18 00:33:28.768  6292-6329  PhenotypeResourceReader com.google.android.gms.persistent    I  unable to find any Phenotype resource metadata for com.android.settings
2025-11-18 00:33:28.773  6304-6373  Conscrypt               com.google.android.gms               W  Could not set socket write timeout: java.net.SocketException: Socket closed
2025-11-18 00:33:28.774  6304-6373  Conscrypt               com.google.android.gms               W  	at com.google.android.gms.org.conscrypt.Platform.setSocketWriteTimeout(:com.google.android.gms@254435038@25.44.35 (260800-831510661):204)
2025-11-18 00:33:28.774  6304-6373  Conscrypt               com.google.android.gms               W  	at com.google.android.gms.org.conscrypt.ConscryptFileDescriptorSocket.setSoWriteTimeout(:com.google.android.gms@254435038@25.44.35 (260800-831510661):4)
2025-11-18 00:33:28.789  6304-6308  gle.android.gms         com.google.android.gms               W  Suspending all threads took: 9.052ms
2025-11-18 00:33:28.789  6292-6812  NetworkScheduler.Stats  com.google.android.gms.persistent    I  (REDACTED) Task %s/%s started execution. cause:%s exec_start_elapsed_seconds: %s
2025-11-18 00:33:28.792  6544-6555  SystemServiceRegistry   com.google.android.gms.unstable      W  No service published for: persistent_data_block
2025-11-18 00:33:28.791  6544-6544  binder:6544_1           com.google.android.gms.unstable      W  type=1400 audit(0.0:150): avc:  denied  { read } for  name="u:object_r:system_adbd_prop:s0" dev="tmpfs" ino=334 scontext=u:r:gmscore_app:s0:c512,c768 tcontext=u:object_r:system_adbd_prop:s0 tclass=file permissive=0 app=com.google.android.gms
2025-11-18 00:33:28.798  6544-6555  libc                    com.google.android.gms.unstable      W  Access denied finding property "persist.adb.tls_server.enable"
2025-11-18 00:33:28.798  6292-6329  .gms.persistent         com.google.android.gms.persistent    I  AssetManager2(0x75403d579898) locale list changing from [] to [en-US]
2025-11-18 00:33:28.801  6292-6431  TapAndPay               com.google.android.gms.persistent    I  Wallet proto service is not available [CONTEXT service_id=79 ]
2025-11-18 00:33:28.802  1944-3325  AiAiEcho                com.google.android.as                I  Settings changed for uri: content://settings/secure/com.google.android.gms.tapandpay.tokenization.CACHED_BACKUP_STATUS
2025-11-18 00:33:28.803  1944-2161  AiAiEcho                com.google.android.as                I  Predicting[0]:  [CONTEXT sampling_count=5 ]
2025-11-18 00:33:28.803  1944-2161  AiAiEcho                com.google.android.as                I  EchoTargets: 
                                                                                                    Filtered by AiAi flag check: 
                                                                                                    [CONTEXT ratelimit_period="10 SECONDS" ]
2025-11-18 00:33:28.803  1944-2161  AiAiEcho                com.google.android.as                I  #remoteViewsTwiddler: feature disabled.
2025-11-18 00:33:28.804  6292-6431  NetworkScheduler.Stats  com.google.android.gms.persistent    I  (REDACTED) Task %s/%s finished executing. cause:%s result: %s elapsed_millis: %s uptime_millis: %s exec_start_elapsed_seconds: %s
2025-11-18 00:33:28.804  1944-2161  AiAiEcho                com.google.android.as                I  Predicting[0]:  [CONTEXT sampling_count=5 ]
2025-11-18 00:33:28.804  1944-2161  AiAiEcho                com.google.android.as                I  EchoTargets: 
                                                                                                    Filtered by AiAi flag check: 
                                                                                                    [CONTEXT ratelimit_period="10 SECONDS" ]
2025-11-18 00:33:28.804  1944-2161  AiAiEcho                com.google.android.as                I  #remoteViewsTwiddler: feature disabled.
2025-11-18 00:33:28.804  1944-2161  AiAiEcho                com.google.android.as                I  #postPredictionTargets: Sending updates to UISurface lockscreen with targets# 0 (types=[])
2025-11-18 00:33:28.804  1944-2161  AiAiEcho                com.google.android.as                I  #postPredictionTargets: Sending updates to UISurface home with targets# 0 (types=[])
2025-11-18 00:33:28.805  1607-1607  SsBaseTemplateCard      com...le.android.apps.nexuslauncher  D  No text view can be set up
2025-11-18 00:33:28.805  1607-1607  SsBaseTemplateCard      com...le.android.apps.nexuslauncher  D  Passed-in item info is null
2025-11-18 00:33:28.805  1607-1607  SsBaseTemplateCard      com...le.android.apps.nexuslauncher  D  Passed-in item info is null
2025-11-18 00:33:28.805  1607-1607  SsBaseTemplateCard      com...le.android.apps.nexuslauncher  D  Passed-in item info is null
2025-11-18 00:33:28.805  1607-1607  SsBaseTemplateCard      com...le.android.apps.nexuslauncher  I  Secondary card pane is null
2025-11-18 00:33:28.805  1277-1277  PageIndicator           com.android.systemui                 W  Total number of pages invalid: 0. Assuming 1 page.
2025-11-18 00:33:28.815  6292-6329  .gms.persistent         com.google.android.gms.persistent    I  AssetManager2(0x75403d57ae78) locale list changing from [] to [en-US]
2025-11-18 00:33:28.821  6292-6364  nativeloader            com.google.android.gms.persistent    D  Load /data/app/~~8ZF3T17UAAp-xzFyzK73Ug==/com.google.android.gms-DFcPQupW00MZav0JLQiWeg==/base.apk!/lib/x86_64/libsemanticlocation_inference_jni.so using class loader ns clns-9 (caller=/data/app/~~8ZF3T17UAAp-xzFyzK73Ug==/com.google.android.gms-DFcPQupW00MZav0JLQiWeg==/base.apk): ok
2025-11-18 00:33:28.822  6292-6415  NetworkScheduler.Stats  com.google.android.gms.persistent    I  (REDACTED) Task %s/%s started execution. cause:%s exec_start_elapsed_seconds: %s
2025-11-18 00:33:28.823  6292-6415  DynamiteModule          com.google.android.gms.persistent    W  Local module descriptor class for com.google.android.gms.tflite_dynamite not found.
2025-11-18 00:33:28.823  6292-6415  DynamiteModule          com.google.android.gms.persistent    I  Considering local module com.google.android.gms.tflite_dynamite:0 and remote module com.google.android.gms.tflite_dynamite:243930802
2025-11-18 00:33:28.823  6292-6415  DynamiteModule          com.google.android.gms.persistent    I  Selected remote version of com.google.android.gms.tflite_dynamite, version >= 243930802
2025-11-18 00:33:28.823  6292-6364  SemanticLocation        com.google.android.gms.persistent    I  [MDD] Loading embedded CSL model. [CONTEXT service_id=173 ]
2025-11-18 00:33:28.829  6292-6812  TapAndPay               com.google.android.gms.persistent    I  Device ineligible for SE registration [CONTEXT service_id=79 ]
2025-11-18 00:33:28.835  6292-6364  SemanticLocation        com.google.android.gms.persistent    I  (REDACTED) [MDD] ModelBundleMetadata: File not found: %s
2025-11-18 00:33:28.836  6292-6812  NetworkScheduler.Stats  com.google.android.gms.persistent    I  (REDACTED) Task %s/%s finished executing. cause:%s result: %s elapsed_millis: %s uptime_millis: %s exec_start_elapsed_seconds: %s
2025-11-18 00:33:28.836  6292-6329  PhenotypeResourceReader com.google.android.gms.persistent    I  unable to find any Phenotype resource metadata for com.google.android.apps.wallpaper
2025-11-18 00:33:28.838  6292-6415  .gms.persistent         com.google.android.gms.persistent    I  AssetManager2(0x75403d587998) locale list changing from [] to [en-US]
2025-11-18 00:33:28.838  6292-6415  .gms.persistent         com.google.android.gms.persistent    I  AssetManager2(0x75403d58bb38) locale list changing from [] to [en-US]
2025-11-18 00:33:28.854  6292-6415  DynamiteModule          com.google.android.gms.persistent    I  Considering local module com.google.android.gms.googlecertificates:7 and remote module com.google.android.gms.googlecertificates:7
2025-11-18 00:33:28.854  6292-6415  DynamiteModule          com.google.android.gms.persistent    I  Selected local version of com.google.android.gms.googlecertificates
2025-11-18 00:33:28.860  6304-6403  ModuleInitIntentOp      com.google.android.gms               W  Dropping unexpected action com.google.android.gms.phenotype.COMMITTED
2025-11-18 00:33:28.861  6304-6398  ModuleInitIntentOp      com.google.android.gms               W  Dropping unexpected action com.google.android.gms.phenotype.COMMITTED
2025-11-18 00:33:28.862  6304-6404  AutofillFlagChangeInten com.google.android.gms               I  onHandleIntent() [CONTEXT service_id=177 ]
2025-11-18 00:33:28.862  6304-6398  ModuleInitIntentOp      com.google.android.gms               W  Dropping unexpected action com.google.android.gms.phenotype.COMMITTED
2025-11-18 00:33:28.862  6304-6407  SyncIntentOperation     com.google.android.gms               I  (REDACTED) Handling the intent: %s.
2025-11-18 00:33:28.862  6304-6400  GestureExchange         com.google.android.gms               I  Gesture Exchange module is disabled. [CONTEXT service_id=451 ]
2025-11-18 00:33:28.864  6292-6832  PTCommittedOperation    com.google.android.gms.persistent    I  Receive new configuration for com.google.android.gms.feedback
2025-11-18 00:33:28.865  6292-6384  NearbyMediums           com.google.android.gms.persistent    I  ModuleInitializer handles incoming intent com.google.android.gms.phenotype.COMMITTED
2025-11-18 00:33:28.867  6304-6409  MdiSyncModule           com.google.android.gms               I  flag handling is skipping irrelevant intent.
2025-11-18 00:33:28.868  6304-6403  ModuleInitIntentOp      com.google.android.gms               W  Dropping unexpected action com.google.android.gms.phenotype.COMMITTED
2025-11-18 00:33:28.868  6304-6407  MlBenchmarkInstaller    com.google.android.gms               I  (REDACTED) Intent: %s
2025-11-18 00:33:28.869  6304-6407  MlBenchmarkInstaller    com.google.android.gms               I  (REDACTED) COMMITTED Extra package name: %s
2025-11-18 00:33:28.869  6304-6403  GmsSyncPolicyEngine     com.google.android.gms               I  (REDACTED) Periodic sync %d disabled by policy, cancelled.
2025-11-18 00:33:28.869  6304-6407  LocationHistory         com.google.android.gms               I  (REDACTED) [IntentOperation] Handling action %s
2025-11-18 00:33:28.869  6304-6403  GmsSyncPolicyEngine     com.google.android.gms               I  (REDACTED) Periodic sync %d disabled by policy, cancelled.
2025-11-18 00:33:28.869  6304-6403  GmsSyncPolicyEngine     com.google.android.gms               I  (REDACTED) Periodic sync %d disabled by policy, cancelled.
2025-11-18 00:33:28.873  6292-6431  NetworkScheduler.Stats  com.google.android.gms.persistent    I  (REDACTED) Task %s/%s started execution. cause:%s exec_start_elapsed_seconds: %s
2025-11-18 00:33:28.882  6292-6415  nativeloader            com.google.android.gms.persistent    D  Configuring clns-12 for other apk . target_sdk_version=36, uses_libraries=ALL, library_path=/data/user_de/0/com.google.android.gms/app_chimera/m/0000000f/dl-TfliteDynamiteDynamite.integ_243930802100800.apk!/lib/x86_64:/data/user_de/0/com.google.android.gms/app_chimera/m/0000000f/dl-TfliteDynamiteDynamite.integ_243930802100800.apk!/lib/arm64-v8a, permitted_path=/data:/mnt/expand
2025-11-18 00:33:28.883  6292-6415  nativeloader            com.google.android.gms.persistent    D  Load /data/user_de/0/com.google.android.gms/app_chimera/m/0000000f/dl-TfliteDynamiteDynamite.integ_243930802100800.apk!/lib/x86_64/libtflite_gmscore_jni.so using isolated ns clns-12 (caller=/data/user_de/0/com.google.android.gms/app_chimera/m/0000000f/dl-TfliteDynamiteDynamite.integ_243930802100800.apk): ok
2025-11-18 00:33:28.883  6292-6329  PhenotypeResourceReader com.google.android.gms.persistent    I  unable to find any Phenotype resource metadata for com.android.systemui
2025-11-18 00:33:28.885  6292-6415  TFLite-in-PlayServices  com.google.android.gms.persistent    I  Initialized module.
2025-11-18 00:33:28.888  6292-6415  SemanticLocation        com.google.android.gms.persistent    I  (REDACTED) [MDD] ModelBundleMetadata: File not found: %s
2025-11-18 00:33:28.888  6292-6415  SemanticLocation        com.google.android.gms.persistent    I  (REDACTED) [MDD] ModelBundleMetadata: File not found: %s
2025-11-18 00:33:28.890  6304-6373  Pay                     com.google.android.gms               W  Version upgrade, old: 118, new: 127 [CONTEXT service_id=198 ]
2025-11-18 00:33:28.896  6292-6292  TfLite                  com.google.android.gms.persistent    I  Usage reporting not opted in -- dropping log event 1 status code 1
2025-11-18 00:33:28.896  6292-6292  TfLite                  com.google.android.gms.persistent    I  Usage reporting not opted in -- dropping log event 2 status code 1
2025-11-18 00:33:28.896  6292-6329  .gms.persistent         com.google.android.gms.persistent    I  AssetManager2(0x75403d58b818) locale list changing from [] to [en-US]
2025-11-18 00:33:28.906  6304-6403  AdservicesStatusTask    com.google.android.gms               I  scheduling task by handle intent
2025-11-18 00:33:28.935   753-951   RoleService             system_server                        I  Granting default roles...
2025-11-18 00:33:28.937   753-1391  SignedPackage           system_server                        W  Package doesn't have required signing certificate: com.google.android.retaildemo
2025-11-18 00:33:28.937   753-1391  RoleContro...erviceImpl system_server                        E  Default/fallback role holder package doesn't qualify for the role, package: com.google.android.gms.supervision, role: android.app.role.SYSTEM_SUPERVISION
2025-11-18 00:33:28.939   753-1391  SignedPackage           system_server                        W  Package doesn't have required signing certificate: com.google.android.apps.work.clouddpc
2025-11-18 00:33:28.943  6292-6329  .gms.persistent         com.google.android.gms.persistent    I  AssetManager2(0x75403d57c458) locale list changing from [] to [en-US]
2025-11-18 00:33:28.949  6292-6387  WestworldConfigOp       com.google.android.gms.persistent    I  Received westworld committed action [CONTEXT service_id=251 ]
2025-11-18 00:33:28.956   753-1391  Role                    system_server                        I  com.google.android.gms not qualified for android.app.role.SYSTEM_DEPENDENCY_INSTALLER due to missing RequiredComponent{mIntentFilterData=IntentFilterData{mAction='android.content.pm.action.INSTALL_DEPENDENCY', mCategories='[]', mDataScheme='null', mDataType='null'}, mMinTargetSdkVersion=1, mFlags='0', mPermission='android.permission.BIND_DEPENDENCY_INSTALLER', mQueryFlags=0, mMetaData=[]}
